Quarkus IT (ubuntu-latest, smoke, false)	UNKNOWN STEP	ï»¿2025-09-22T09:39:43.8187452Z Current runner version: '2.328.0'
Quarkus IT (ubuntu-latest, smoke, false)	UNKNOWN STEP	2025-09-22T09:39:43.8210244Z ##[group]Runner Image Provisioner
Quarkus IT (ubuntu-latest, smoke, false)	UNKNOWN STEP	2025-09-22T09:39:43.8211158Z Hosted Compute Agent
Quarkus IT (ubuntu-latest, smoke, false)	UNKNOWN STEP	2025-09-22T09:39:43.8211957Z Version: 20250829.383
Quarkus IT (ubuntu-latest, smoke, false)	UNKNOWN STEP	2025-09-22T09:39:43.8212540Z Commit: 27cb235aab5b0e52e153a26cd86b4742e89dac5d
Quarkus IT (ubuntu-latest, smoke, false)	UNKNOWN STEP	2025-09-22T09:39:43.8213298Z Build Date: 2025-08-29T13:48:48Z
Quarkus IT (ubuntu-latest, smoke, false)	UNKNOWN STEP	2025-09-22T09:39:43.8213897Z ##[endgroup]
Quarkus IT (ubuntu-latest, smoke, false)	UNKNOWN STEP	2025-09-22T09:39:43.8214409Z ##[group]Operating System
Quarkus IT (ubuntu-latest, smoke, false)	UNKNOWN STEP	2025-09-22T09:39:43.8215010Z Ubuntu
Quarkus IT (ubuntu-latest, smoke, false)	UNKNOWN STEP	2025-09-22T09:39:43.8215453Z 24.04.3
Quarkus IT (ubuntu-latest, smoke, false)	UNKNOWN STEP	2025-09-22T09:39:43.8215910Z LTS
Quarkus IT (ubuntu-latest, smoke, false)	UNKNOWN STEP	2025-09-22T09:39:43.8216365Z ##[endgroup]
Quarkus IT (ubuntu-latest, smoke, false)	UNKNOWN STEP	2025-09-22T09:39:43.8216868Z ##[group]Runner Image
Quarkus IT (ubuntu-latest, smoke, false)	UNKNOWN STEP	2025-09-22T09:39:43.8217440Z Image: ubuntu-24.04
Quarkus IT (ubuntu-latest, smoke, false)	UNKNOWN STEP	2025-09-22T09:39:43.8217937Z Version: 20250907.24.1
Quarkus IT (ubuntu-latest, smoke, false)	UNKNOWN STEP	2025-09-22T09:39:43.8218955Z Included Software: https://github.com/actions/runner-images/blob/ubuntu24/20250907.24/images/ubuntu/Ubuntu2404-Readme.md
Quarkus IT (ubuntu-latest, smoke, false)	UNKNOWN STEP	2025-09-22T09:39:43.8220440Z Image Release: https://github.com/actions/runner-images/releases/tag/ubuntu24%2F20250907.24
Quarkus IT (ubuntu-latest, smoke, false)	UNKNOWN STEP	2025-09-22T09:39:43.8221613Z ##[endgroup]
Quarkus IT (ubuntu-latest, smoke, false)	UNKNOWN STEP	2025-09-22T09:39:43.8222625Z ##[group]GITHUB_TOKEN Permissions
Quarkus IT (ubuntu-latest, smoke, false)	UNKNOWN STEP	2025-09-22T09:39:43.8224445Z Contents: read
Quarkus IT (ubuntu-latest, smoke, false)	UNKNOWN STEP	2025-09-22T09:39:43.8224979Z Metadata: read
Quarkus IT (ubuntu-latest, smoke, false)	UNKNOWN STEP	2025-09-22T09:39:43.8225425Z ##[endgroup]
Quarkus IT (ubuntu-latest, smoke, false)	UNKNOWN STEP	2025-09-22T09:39:43.8227452Z Secret source: None
Quarkus IT (ubuntu-latest, smoke, false)	UNKNOWN STEP	2025-09-22T09:39:43.8228351Z Prepare workflow directory
Quarkus IT (ubuntu-latest, smoke, false)	UNKNOWN STEP	2025-09-22T09:39:43.8652941Z Prepare all required actions
Quarkus IT (ubuntu-latest, smoke, false)	UNKNOWN STEP	2025-09-22T09:39:43.8709078Z Getting action download info
Quarkus IT (ubuntu-latest, smoke, false)	UNKNOWN STEP	2025-09-22T09:39:44.3021958Z Download action repository 'actions/checkout@08c6903cd8c0fde910a37f88322edcfb5dd907a8' (SHA:08c6903cd8c0fde910a37f88322edcfb5dd907a8)
Quarkus IT (ubuntu-latest, smoke, false)	UNKNOWN STEP	2025-09-22T09:39:44.5647625Z Complete job name: Quarkus IT (ubuntu-latest, smoke, false)
Quarkus IT (ubuntu-latest, smoke, false)	UNKNOWN STEP	2025-09-22T09:39:44.6298611Z ##[group]Run actions/checkout@08c6903cd8c0fde910a37f88322edcfb5dd907a8
Quarkus IT (ubuntu-latest, smoke, false)	UNKNOWN STEP	2025-09-22T09:39:44.6299583Z with:
Quarkus IT (ubuntu-latest, smoke, false)	UNKNOWN STEP	2025-09-22T09:39:44.6299965Z   repository: keycloak/keycloak
Quarkus IT (ubuntu-latest, smoke, false)	UNKNOWN STEP	2025-09-22T09:39:44.6300597Z   token: ***
Quarkus IT (ubuntu-latest, smoke, false)	UNKNOWN STEP	2025-09-22T09:39:44.6300964Z   ssh-strict: true
Quarkus IT (ubuntu-latest, smoke, false)	UNKNOWN STEP	2025-09-22T09:39:44.6301527Z   ssh-user: git
Quarkus IT (ubuntu-latest, smoke, false)	UNKNOWN STEP	2025-09-22T09:39:44.6301939Z   persist-credentials: true
Quarkus IT (ubuntu-latest, smoke, false)	UNKNOWN STEP	2025-09-22T09:39:44.6302382Z   clean: true
Quarkus IT (ubuntu-latest, smoke, false)	UNKNOWN STEP	2025-09-22T09:39:44.6302766Z   sparse-checkout-cone-mode: true
Quarkus IT (ubuntu-latest, smoke, false)	UNKNOWN STEP	2025-09-22T09:39:44.6303232Z   fetch-depth: 1
Quarkus IT (ubuntu-latest, smoke, false)	UNKNOWN STEP	2025-09-22T09:39:44.6303606Z   fetch-tags: false
Quarkus IT (ubuntu-latest, smoke, false)	UNKNOWN STEP	2025-09-22T09:39:44.6303996Z   show-progress: true
Quarkus IT (ubuntu-latest, smoke, false)	UNKNOWN STEP	2025-09-22T09:39:44.6304386Z   lfs: false
Quarkus IT (ubuntu-latest, smoke, false)	UNKNOWN STEP	2025-09-22T09:39:44.6304738Z   submodules: false
Quarkus IT (ubuntu-latest, smoke, false)	UNKNOWN STEP	2025-09-22T09:39:44.6305128Z   set-safe-directory: true
Quarkus IT (ubuntu-latest, smoke, false)	UNKNOWN STEP	2025-09-22T09:39:44.6305792Z env:
Quarkus IT (ubuntu-latest, smoke, false)	UNKNOWN STEP	2025-09-22T09:39:44.6306332Z   MAVEN_ARGS: -B -nsu -Daether.connector.http.connectionMaxTtl=25
Quarkus IT (ubuntu-latest, smoke, false)	UNKNOWN STEP	2025-09-22T09:39:44.6306970Z   SUREFIRE_RERUN_FAILING_COUNT: 2
Quarkus IT (ubuntu-latest, smoke, false)	UNKNOWN STEP	2025-09-22T09:39:44.6307556Z   SUREFIRE_RETRY: -Dsurefire.rerunFailingTestsCount=2
Quarkus IT (ubuntu-latest, smoke, false)	UNKNOWN STEP	2025-09-22T09:39:44.6308122Z   MAVEN_OPTS: -Xmx1536m
Quarkus IT (ubuntu-latest, smoke, false)	UNKNOWN STEP	2025-09-22T09:39:44.6308520Z ##[endgroup]
Quarkus IT (ubuntu-latest, smoke, false)	UNKNOWN STEP	2025-09-22T09:39:44.7199807Z Syncing repository: keycloak/keycloak
Quarkus IT (ubuntu-latest, smoke, false)	UNKNOWN STEP	2025-09-22T09:39:44.7201676Z ##[group]Getting Git version info
Quarkus IT (ubuntu-latest, smoke, false)	UNKNOWN STEP	2025-09-22T09:39:44.7202390Z Working directory is '/home/runner/work/keycloak/keycloak'
Quarkus IT (ubuntu-latest, smoke, false)	UNKNOWN STEP	2025-09-22T09:39:44.7203319Z [command]/usr/bin/git version
Quarkus IT (ubuntu-latest, smoke, false)	UNKNOWN STEP	2025-09-22T09:39:44.7300047Z git version 2.51.0
Quarkus IT (ubuntu-latest, smoke, false)	UNKNOWN STEP	2025-09-22T09:39:44.7319726Z ##[endgroup]
Quarkus IT (ubuntu-latest, smoke, false)	UNKNOWN STEP	2025-09-22T09:39:44.7333804Z Temporarily overriding HOME='/home/runner/work/_temp/38dc98f7-a629-43dd-9c9d-e31bdde6d719' before making global git config changes
Quarkus IT (ubuntu-latest, smoke, false)	UNKNOWN STEP	2025-09-22T09:39:44.7335957Z Adding repository directory to the temporary git global config as a safe directory
Quarkus IT (ubuntu-latest, smoke, false)	UNKNOWN STEP	2025-09-22T09:39:44.7338420Z [command]/usr/bin/git config --global --add safe.directory /home/runner/work/keycloak/keycloak
Quarkus IT (ubuntu-latest, smoke, false)	UNKNOWN STEP	2025-09-22T09:39:44.7376878Z Deleting the contents of '/home/runner/work/keycloak/keycloak'
Quarkus IT (ubuntu-latest, smoke, false)	UNKNOWN STEP	2025-09-22T09:39:44.7380243Z ##[group]Initializing the repository
Quarkus IT (ubuntu-latest, smoke, false)	UNKNOWN STEP	2025-09-22T09:39:44.7384656Z [command]/usr/bin/git init /home/runner/work/keycloak/keycloak
Quarkus IT (ubuntu-latest, smoke, false)	UNKNOWN STEP	2025-09-22T09:39:44.7570430Z hint: Using 'master' as the name for the initial branch. This default branch name
Quarkus IT (ubuntu-latest, smoke, false)	UNKNOWN STEP	2025-09-22T09:39:44.7572103Z hint: is subject to change. To configure the initial branch name to use in all
Quarkus IT (ubuntu-latest, smoke, false)	UNKNOWN STEP	2025-09-22T09:39:44.7573671Z hint: of your new repositories, which will suppress this warning, call:
Quarkus IT (ubuntu-latest, smoke, false)	UNKNOWN STEP	2025-09-22T09:39:44.7574336Z hint:
Quarkus IT (ubuntu-latest, smoke, false)	UNKNOWN STEP	2025-09-22T09:39:44.7574791Z hint: 	git config --global init.defaultBranch <name>
Quarkus IT (ubuntu-latest, smoke, false)	UNKNOWN STEP	2025-09-22T09:39:44.7575466Z hint:
Quarkus IT (ubuntu-latest, smoke, false)	UNKNOWN STEP	2025-09-22T09:39:44.7576337Z hint: Names commonly chosen instead of 'master' are 'main', 'trunk' and
Quarkus IT (ubuntu-latest, smoke, false)	UNKNOWN STEP	2025-09-22T09:39:44.7577768Z hint: 'development'. The just-created branch can be renamed via this command:
Quarkus IT (ubuntu-latest, smoke, false)	UNKNOWN STEP	2025-09-22T09:39:44.7578881Z hint:
Quarkus IT (ubuntu-latest, smoke, false)	UNKNOWN STEP	2025-09-22T09:39:44.7579289Z hint: 	git branch -m <name>
Quarkus IT (ubuntu-latest, smoke, false)	UNKNOWN STEP	2025-09-22T09:39:44.7580029Z hint:
Quarkus IT (ubuntu-latest, smoke, false)	UNKNOWN STEP	2025-09-22T09:39:44.7581057Z hint: Disable this message with "git config set advice.defaultBranchName false"
Quarkus IT (ubuntu-latest, smoke, false)	UNKNOWN STEP	2025-09-22T09:39:44.7582631Z Initialized empty Git repository in /home/runner/work/keycloak/keycloak/.git/
Quarkus IT (ubuntu-latest, smoke, false)	UNKNOWN STEP	2025-09-22T09:39:44.7586665Z [command]/usr/bin/git remote add origin https://github.com/keycloak/keycloak
Quarkus IT (ubuntu-latest, smoke, false)	UNKNOWN STEP	2025-09-22T09:39:44.7623114Z ##[endgroup]
Quarkus IT (ubuntu-latest, smoke, false)	UNKNOWN STEP	2025-09-22T09:39:44.7623810Z ##[group]Disabling automatic garbage collection
Quarkus IT (ubuntu-latest, smoke, false)	UNKNOWN STEP	2025-09-22T09:39:44.7626476Z [command]/usr/bin/git config --local gc.auto 0
Quarkus IT (ubuntu-latest, smoke, false)	UNKNOWN STEP	2025-09-22T09:39:44.7653025Z ##[endgroup]
Quarkus IT (ubuntu-latest, smoke, false)	UNKNOWN STEP	2025-09-22T09:39:44.7653682Z ##[group]Setting up auth
Quarkus IT (ubuntu-latest, smoke, false)	UNKNOWN STEP	2025-09-22T09:39:44.7658895Z [command]/usr/bin/git config --local --name-only --get-regexp core\.sshCommand
Quarkus IT (ubuntu-latest, smoke, false)	UNKNOWN STEP	2025-09-22T09:39:44.7688481Z [command]/usr/bin/git submodule foreach --recursive sh -c "git config --local --name-only --get-regexp 'core\.sshCommand' && git config --local --unset-all 'core.sshCommand' || :"
Quarkus IT (ubuntu-latest, smoke, false)	UNKNOWN STEP	2025-09-22T09:39:44.8040642Z [command]/usr/bin/git config --local --name-only --get-regexp http\.https\:\/\/github\.com\/\.extraheader
Quarkus IT (ubuntu-latest, smoke, false)	UNKNOWN STEP	2025-09-22T09:39:44.8070441Z [command]/usr/bin/git submodule foreach --recursive sh -c "git config --local --name-only --get-regexp 'http\.https\:\/\/github\.com\/\.extraheader' && git config --local --unset-all 'http.https://github.com/.extraheader' || :"
Quarkus IT (ubuntu-latest, smoke, false)	UNKNOWN STEP	2025-09-22T09:39:44.8287298Z [command]/usr/bin/git config --local http.https://github.com/.extraheader AUTHORIZATION: basic ***
Quarkus IT (ubuntu-latest, smoke, false)	UNKNOWN STEP	2025-09-22T09:39:44.8320559Z ##[endgroup]
Quarkus IT (ubuntu-latest, smoke, false)	UNKNOWN STEP	2025-09-22T09:39:44.8321238Z ##[group]Fetching the repository
Quarkus IT (ubuntu-latest, smoke, false)	UNKNOWN STEP	2025-09-22T09:39:44.8329644Z [command]/usr/bin/git -c protocol.version=2 fetch --no-tags --prune --no-recurse-submodules --depth=1 origin +0540d4368152fe307189a730eec779bb82d850f8:refs/remotes/pull/42819/merge
Quarkus IT (ubuntu-latest, smoke, false)	UNKNOWN STEP	2025-09-22T09:39:46.5052391Z From https://github.com/keycloak/keycloak
Quarkus IT (ubuntu-latest, smoke, false)	UNKNOWN STEP	2025-09-22T09:39:46.5054254Z  * [new ref]         0540d4368152fe307189a730eec779bb82d850f8 -> pull/42819/merge
Quarkus IT (ubuntu-latest, smoke, false)	UNKNOWN STEP	2025-09-22T09:39:46.5088152Z ##[endgroup]
Quarkus IT (ubuntu-latest, smoke, false)	UNKNOWN STEP	2025-09-22T09:39:46.5091485Z ##[group]Determining the checkout info
Quarkus IT (ubuntu-latest, smoke, false)	UNKNOWN STEP	2025-09-22T09:39:46.5093000Z ##[endgroup]
Quarkus IT (ubuntu-latest, smoke, false)	UNKNOWN STEP	2025-09-22T09:39:46.5096597Z [command]/usr/bin/git sparse-checkout disable
Quarkus IT (ubuntu-latest, smoke, false)	UNKNOWN STEP	2025-09-22T09:39:46.5141309Z [command]/usr/bin/git config --local --unset-all extensions.worktreeConfig
Quarkus IT (ubuntu-latest, smoke, false)	UNKNOWN STEP	2025-09-22T09:39:46.5168514Z ##[group]Checking out the ref
Quarkus IT (ubuntu-latest, smoke, false)	UNKNOWN STEP	2025-09-22T09:39:46.5175968Z [command]/usr/bin/git checkout --progress --force refs/remotes/pull/42819/merge
Quarkus IT (ubuntu-latest, smoke, false)	UNKNOWN STEP	2025-09-22T09:39:47.3279000Z Note: switching to 'refs/remotes/pull/42819/merge'.
Quarkus IT (ubuntu-latest, smoke, false)	UNKNOWN STEP	2025-09-22T09:39:47.3279982Z 
Quarkus IT (ubuntu-latest, smoke, false)	UNKNOWN STEP	2025-09-22T09:39:47.3280595Z You are in 'detached HEAD' state. You can look around, make experimental
Quarkus IT (ubuntu-latest, smoke, false)	UNKNOWN STEP	2025-09-22T09:39:47.3281972Z changes and commit them, and you can discard any commits you make in this
Quarkus IT (ubuntu-latest, smoke, false)	UNKNOWN STEP	2025-09-22T09:39:47.3283117Z state without impacting any branches by switching back to a branch.
Quarkus IT (ubuntu-latest, smoke, false)	UNKNOWN STEP	2025-09-22T09:39:47.3283819Z 
Quarkus IT (ubuntu-latest, smoke, false)	UNKNOWN STEP	2025-09-22T09:39:47.3284256Z If you want to create a new branch to retain commits you create, you may
Quarkus IT (ubuntu-latest, smoke, false)	UNKNOWN STEP	2025-09-22T09:39:47.3285294Z do so (now or later) by using -c with the switch command. Example:
Quarkus IT (ubuntu-latest, smoke, false)	UNKNOWN STEP	2025-09-22T09:39:47.3285927Z 
Quarkus IT (ubuntu-latest, smoke, false)	UNKNOWN STEP	2025-09-22T09:39:47.3286215Z   git switch -c <new-branch-name>
Quarkus IT (ubuntu-latest, smoke, false)	UNKNOWN STEP	2025-09-22T09:39:47.3286654Z 
Quarkus IT (ubuntu-latest, smoke, false)	UNKNOWN STEP	2025-09-22T09:39:47.3286903Z Or undo this operation with:
Quarkus IT (ubuntu-latest, smoke, false)	UNKNOWN STEP	2025-09-22T09:39:47.3287277Z 
Quarkus IT (ubuntu-latest, smoke, false)	UNKNOWN STEP	2025-09-22T09:39:47.3287486Z   git switch -
Quarkus IT (ubuntu-latest, smoke, false)	UNKNOWN STEP	2025-09-22T09:39:47.3287808Z 
Quarkus IT (ubuntu-latest, smoke, false)	UNKNOWN STEP	2025-09-22T09:39:47.3288308Z Turn off this advice by setting config variable advice.detachedHead to false
Quarkus IT (ubuntu-latest, smoke, false)	UNKNOWN STEP	2025-09-22T09:39:47.3290814Z 
Quarkus IT (ubuntu-latest, smoke, false)	UNKNOWN STEP	2025-09-22T09:39:47.3291779Z HEAD is now at 0540d43 Merge 6975992377528409e94071bdc6b97e20e1422a79 into 8ad6427123d9919c1fadcbcf6f0090cdf26d3cb8
Quarkus IT (ubuntu-latest, smoke, false)	UNKNOWN STEP	2025-09-22T09:39:47.3314626Z ##[endgroup]
Quarkus IT (ubuntu-latest, smoke, false)	UNKNOWN STEP	2025-09-22T09:39:47.3359358Z [command]/usr/bin/git log -1 --format=%H
Quarkus IT (ubuntu-latest, smoke, false)	UNKNOWN STEP	2025-09-22T09:39:47.3384492Z 0540d4368152fe307189a730eec779bb82d850f8
Quarkus IT (ubuntu-latest, smoke, false)	UNKNOWN STEP	2025-09-22T09:39:47.3633100Z Prepare all required actions
Quarkus IT (ubuntu-latest, smoke, false)	UNKNOWN STEP	2025-09-22T09:39:47.3633632Z Getting action download info
Quarkus IT (ubuntu-latest, smoke, false)	UNKNOWN STEP	2025-09-22T09:39:47.5706474Z Download action repository 'actions/download-artifact@d3f86a106a0bac45b974a628896c90dbdf5c8093' (SHA:d3f86a106a0bac45b974a628896c90dbdf5c8093)
Quarkus IT (ubuntu-latest, smoke, false)	UNKNOWN STEP	2025-09-22T09:39:48.2329773Z ##[group]Run ./.github/actions/integration-test-setup
Quarkus IT (ubuntu-latest, smoke, false)	UNKNOWN STEP	2025-09-22T09:39:48.2330089Z with:
Quarkus IT (ubuntu-latest, smoke, false)	UNKNOWN STEP	2025-09-22T09:39:48.2330266Z   jdk-dist: temurin
Quarkus IT (ubuntu-latest, smoke, false)	UNKNOWN STEP	2025-09-22T09:39:48.2330444Z   jdk-version: 21
Quarkus IT (ubuntu-latest, smoke, false)	UNKNOWN STEP	2025-09-22T09:39:48.2330636Z env:
Quarkus IT (ubuntu-latest, smoke, false)	UNKNOWN STEP	2025-09-22T09:39:48.2330893Z   MAVEN_ARGS: -B -nsu -Daether.connector.http.connectionMaxTtl=25
Quarkus IT (ubuntu-latest, smoke, false)	UNKNOWN STEP	2025-09-22T09:39:48.2331232Z   SUREFIRE_RERUN_FAILING_COUNT: 2
Quarkus IT (ubuntu-latest, smoke, false)	UNKNOWN STEP	2025-09-22T09:39:48.2331758Z   SUREFIRE_RETRY: -Dsurefire.rerunFailingTestsCount=2
Quarkus IT (ubuntu-latest, smoke, false)	UNKNOWN STEP	2025-09-22T09:39:48.2332046Z   MAVEN_OPTS: -Xmx1536m
Quarkus IT (ubuntu-latest, smoke, false)	UNKNOWN STEP	2025-09-22T09:39:48.2332228Z ##[endgroup]
Quarkus IT (ubuntu-latest, smoke, false)	UNKNOWN STEP	2025-09-22T09:39:48.2418556Z Prepare all required actions
Quarkus IT (ubuntu-latest, smoke, false)	UNKNOWN STEP	2025-09-22T09:39:48.2454246Z ##[group]Run ./.github/actions/update-hosts
Quarkus IT (ubuntu-latest, smoke, false)	UNKNOWN STEP	2025-09-22T09:39:48.2454551Z env:
Quarkus IT (ubuntu-latest, smoke, false)	UNKNOWN STEP	2025-09-22T09:39:48.2454827Z   MAVEN_ARGS: -B -nsu -Daether.connector.http.connectionMaxTtl=25
Quarkus IT (ubuntu-latest, smoke, false)	UNKNOWN STEP	2025-09-22T09:39:48.2455182Z   SUREFIRE_RERUN_FAILING_COUNT: 2
Quarkus IT (ubuntu-latest, smoke, false)	UNKNOWN STEP	2025-09-22T09:39:48.2455461Z   SUREFIRE_RETRY: -Dsurefire.rerunFailingTestsCount=2
Quarkus IT (ubuntu-latest, smoke, false)	UNKNOWN STEP	2025-09-22T09:39:48.2455769Z   MAVEN_OPTS: -Xmx1536m
Quarkus IT (ubuntu-latest, smoke, false)	UNKNOWN STEP	2025-09-22T09:39:48.2455964Z ##[endgroup]
Quarkus IT (ubuntu-latest, smoke, false)	UNKNOWN STEP	2025-09-22T09:39:48.2503119Z ##[group]Run printf "\n\n$(cat .github/actions/update-hosts/hosts)" | sudo tee -a /etc/hosts
Quarkus IT (ubuntu-latest, smoke, false)	UNKNOWN STEP	2025-09-22T09:39:48.2503766Z [36;1mprintf "\n\n$(cat .github/actions/update-hosts/hosts)" | sudo tee -a /etc/hosts[0m
Quarkus IT (ubuntu-latest, smoke, false)	UNKNOWN STEP	2025-09-22T09:39:48.2564001Z shell: /usr/bin/bash --noprofile --norc -e -o pipefail {0}
Quarkus IT (ubuntu-latest, smoke, false)	UNKNOWN STEP	2025-09-22T09:39:48.2564352Z env:
Quarkus IT (ubuntu-latest, smoke, false)	UNKNOWN STEP	2025-09-22T09:39:48.2564624Z   MAVEN_ARGS: -B -nsu -Daether.connector.http.connectionMaxTtl=25
Quarkus IT (ubuntu-latest, smoke, false)	UNKNOWN STEP	2025-09-22T09:39:48.2564954Z   SUREFIRE_RERUN_FAILING_COUNT: 2
Quarkus IT (ubuntu-latest, smoke, false)	UNKNOWN STEP	2025-09-22T09:39:48.2565235Z   SUREFIRE_RETRY: -Dsurefire.rerunFailingTestsCount=2
Quarkus IT (ubuntu-latest, smoke, false)	UNKNOWN STEP	2025-09-22T09:39:48.2565528Z   MAVEN_OPTS: -Xmx1536m
Quarkus IT (ubuntu-latest, smoke, false)	UNKNOWN STEP	2025-09-22T09:39:48.2565727Z ##[endgroup]
Quarkus IT (ubuntu-latest, smoke, false)	UNKNOWN STEP	2025-09-22T09:39:48.2714677Z 
Quarkus IT (ubuntu-latest, smoke, false)	UNKNOWN STEP	2025-09-22T09:39:48.2715510Z 
Quarkus IT (ubuntu-latest, smoke, false)	UNKNOWN STEP	2025-09-22T09:39:48.2716750Z 127.0.0.1 localtest.me admin.localtest.me localhost-myapp.localtest.me localhost-sso.localtest.me realmFrontend.localtest.me proxy.kc.localtest.me
Quarkus IT (ubuntu-latest, smoke, false)	UNKNOWN STEP	2025-09-22T09:39:48.2735200Z ::1 localtest.me admin.localtest.me localhost-myapp.localtest.me localhost-sso.localtest.me realmFrontend.localtest.me proxy.kc.localtest.me
Quarkus IT (ubuntu-latest, smoke, false)	UNKNOWN STEP	2025-09-22T09:39:48.2784333Z Prepare all required actions
Quarkus IT (ubuntu-latest, smoke, false)	UNKNOWN STEP	2025-09-22T09:39:48.2784639Z Getting action download info
Quarkus IT (ubuntu-latest, smoke, false)	UNKNOWN STEP	2025-09-22T09:39:48.4649121Z Download action repository 'actions/setup-java@c5195efecf7bdfc987ee8bae7a71cb8b11521c00' (SHA:c5195efecf7bdfc987ee8bae7a71cb8b11521c00)
Quarkus IT (ubuntu-latest, smoke, false)	UNKNOWN STEP	2025-09-22T09:39:49.1604122Z ##[group]Run ./.github/actions/java-setup
Quarkus IT (ubuntu-latest, smoke, false)	UNKNOWN STEP	2025-09-22T09:39:49.1604396Z with:
Quarkus IT (ubuntu-latest, smoke, false)	UNKNOWN STEP	2025-09-22T09:39:49.1604571Z   distribution: temurin
Quarkus IT (ubuntu-latest, smoke, false)	UNKNOWN STEP	2025-09-22T09:39:49.1604788Z   java-version: 21
Quarkus IT (ubuntu-latest, smoke, false)	UNKNOWN STEP	2025-09-22T09:39:49.1604962Z env:
Quarkus IT (ubuntu-latest, smoke, false)	UNKNOWN STEP	2025-09-22T09:39:49.1605239Z   MAVEN_ARGS: -B -nsu -Daether.connector.http.connectionMaxTtl=25
Quarkus IT (ubuntu-latest, smoke, false)	UNKNOWN STEP	2025-09-22T09:39:49.1605584Z   SUREFIRE_RERUN_FAILING_COUNT: 2
Quarkus IT (ubuntu-latest, smoke, false)	UNKNOWN STEP	2025-09-22T09:39:49.1605875Z   SUREFIRE_RETRY: -Dsurefire.rerunFailingTestsCount=2
Quarkus IT (ubuntu-latest, smoke, false)	UNKNOWN STEP	2025-09-22T09:39:49.1606170Z   MAVEN_OPTS: -Xmx1536m
Quarkus IT (ubuntu-latest, smoke, false)	UNKNOWN STEP	2025-09-22T09:39:49.1606367Z ##[endgroup]
Quarkus IT (ubuntu-latest, smoke, false)	UNKNOWN STEP	2025-09-22T09:39:49.1694468Z ##[group]Run actions/setup-java@c5195efecf7bdfc987ee8bae7a71cb8b11521c00
Quarkus IT (ubuntu-latest, smoke, false)	UNKNOWN STEP	2025-09-22T09:39:49.1694851Z with:
Quarkus IT (ubuntu-latest, smoke, false)	UNKNOWN STEP	2025-09-22T09:39:49.1695026Z   distribution: temurin
Quarkus IT (ubuntu-latest, smoke, false)	UNKNOWN STEP	2025-09-22T09:39:49.1695226Z   java-version: 21
Quarkus IT (ubuntu-latest, smoke, false)	UNKNOWN STEP	2025-09-22T09:39:49.1695404Z   java-package: jdk
Quarkus IT (ubuntu-latest, smoke, false)	UNKNOWN STEP	2025-09-22T09:39:49.1695593Z   check-latest: false
Quarkus IT (ubuntu-latest, smoke, false)	UNKNOWN STEP	2025-09-22T09:39:49.1695790Z   server-id: github
Quarkus IT (ubuntu-latest, smoke, false)	UNKNOWN STEP	2025-09-22T09:39:49.1695970Z   server-username: GITHUB_ACTOR
Quarkus IT (ubuntu-latest, smoke, false)	UNKNOWN STEP	2025-09-22T09:39:49.1696408Z   server-password: GITHUB_TOKEN
Quarkus IT (ubuntu-latest, smoke, false)	UNKNOWN STEP	2025-09-22T09:39:49.1696620Z   overwrite-settings: true
Quarkus IT (ubuntu-latest, smoke, false)	UNKNOWN STEP	2025-09-22T09:39:49.1696826Z   job-status: success
Quarkus IT (ubuntu-latest, smoke, false)	UNKNOWN STEP	2025-09-22T09:39:49.1697132Z   token: ***
Quarkus IT (ubuntu-latest, smoke, false)	UNKNOWN STEP	2025-09-22T09:39:49.1697302Z env:
Quarkus IT (ubuntu-latest, smoke, false)	UNKNOWN STEP	2025-09-22T09:39:49.1697755Z   MAVEN_ARGS: -B -nsu -Daether.connector.http.connectionMaxTtl=25
Quarkus IT (ubuntu-latest, smoke, false)	UNKNOWN STEP	2025-09-22T09:39:49.1698101Z   SUREFIRE_RERUN_FAILING_COUNT: 2
Quarkus IT (ubuntu-latest, smoke, false)	UNKNOWN STEP	2025-09-22T09:39:49.1698377Z   SUREFIRE_RETRY: -Dsurefire.rerunFailingTestsCount=2
Quarkus IT (ubuntu-latest, smoke, false)	UNKNOWN STEP	2025-09-22T09:39:49.1698657Z   MAVEN_OPTS: -Xmx1536m
Quarkus IT (ubuntu-latest, smoke, false)	UNKNOWN STEP	2025-09-22T09:39:49.1698845Z ##[endgroup]
Quarkus IT (ubuntu-latest, smoke, false)	UNKNOWN STEP	2025-09-22T09:39:49.3605449Z ##[group]Installed distributions
Quarkus IT (ubuntu-latest, smoke, false)	UNKNOWN STEP	2025-09-22T09:39:49.4010731Z Resolved Java 21.0.8+9 from tool-cache
Quarkus IT (ubuntu-latest, smoke, false)	UNKNOWN STEP	2025-09-22T09:39:49.4011636Z Setting Java 21.0.8+9 as the default
Quarkus IT (ubuntu-latest, smoke, false)	UNKNOWN STEP	2025-09-22T09:39:49.4024839Z Creating toolchains.xml for JDK version 21 from temurin
Quarkus IT (ubuntu-latest, smoke, false)	UNKNOWN STEP	2025-09-22T09:39:49.4102875Z Writing to /home/runner/.m2/toolchains.xml
Quarkus IT (ubuntu-latest, smoke, false)	UNKNOWN STEP	2025-09-22T09:39:49.4107883Z 
Quarkus IT (ubuntu-latest, smoke, false)	UNKNOWN STEP	2025-09-22T09:39:49.4108239Z Java configuration:
Quarkus IT (ubuntu-latest, smoke, false)	UNKNOWN STEP	2025-09-22T09:39:49.4108669Z   Distribution: temurin
Quarkus IT (ubuntu-latest, smoke, false)	UNKNOWN STEP	2025-09-22T09:39:49.4109037Z   Version: 21.0.8+9
Quarkus IT (ubuntu-latest, smoke, false)	UNKNOWN STEP	2025-09-22T09:39:49.4109775Z   Path: /opt/hostedtoolcache/Java_Temurin-Hotspot_jdk/21.0.8-9/x64
Quarkus IT (ubuntu-latest, smoke, false)	UNKNOWN STEP	2025-09-22T09:39:49.4110400Z 
Quarkus IT (ubuntu-latest, smoke, false)	UNKNOWN STEP	2025-09-22T09:39:49.4111759Z ##[endgroup]
Quarkus IT (ubuntu-latest, smoke, false)	UNKNOWN STEP	2025-09-22T09:39:49.4124043Z Creating settings.xml with server-id: github
Quarkus IT (ubuntu-latest, smoke, false)	UNKNOWN STEP	2025-09-22T09:39:49.4135312Z Writing to /home/runner/.m2/settings.xml
Quarkus IT (ubuntu-latest, smoke, false)	UNKNOWN STEP	2025-09-22T09:39:49.4266803Z Prepare all required actions
Quarkus IT (ubuntu-latest, smoke, false)	UNKNOWN STEP	2025-09-22T09:39:49.4267132Z Getting action download info
Quarkus IT (ubuntu-latest, smoke, false)	UNKNOWN STEP	2025-09-22T09:39:49.6249092Z Download action repository 'actions/cache@5a3ec84eff668545956fd18022155c47e93e2684' (SHA:5a3ec84eff668545956fd18022155c47e93e2684)
Quarkus IT (ubuntu-latest, smoke, false)	UNKNOWN STEP	2025-09-22T09:39:49.7916843Z ##[group]Run ./.github/actions/maven-cache
Quarkus IT (ubuntu-latest, smoke, false)	UNKNOWN STEP	2025-09-22T09:39:49.7917100Z with:
Quarkus IT (ubuntu-latest, smoke, false)	UNKNOWN STEP	2025-09-22T09:39:49.7917286Z   create-cache-if-it-doesnt-exist: false
Quarkus IT (ubuntu-latest, smoke, false)	UNKNOWN STEP	2025-09-22T09:39:49.7917531Z env:
Quarkus IT (ubuntu-latest, smoke, false)	UNKNOWN STEP	2025-09-22T09:39:49.7917781Z   MAVEN_ARGS: -B -nsu -Daether.connector.http.connectionMaxTtl=25
Quarkus IT (ubuntu-latest, smoke, false)	UNKNOWN STEP	2025-09-22T09:39:49.7918120Z   SUREFIRE_RERUN_FAILING_COUNT: 2
Quarkus IT (ubuntu-latest, smoke, false)	UNKNOWN STEP	2025-09-22T09:39:49.7918392Z   SUREFIRE_RETRY: -Dsurefire.rerunFailingTestsCount=2
Quarkus IT (ubuntu-latest, smoke, false)	UNKNOWN STEP	2025-09-22T09:39:49.7918668Z   MAVEN_OPTS: -Xmx1536m
Quarkus IT (ubuntu-latest, smoke, false)	UNKNOWN STEP	2025-09-22T09:39:49.7918965Z   JAVA_HOME: /opt/hostedtoolcache/Java_Temurin-Hotspot_jdk/21.0.8-9/x64
Quarkus IT (ubuntu-latest, smoke, false)	UNKNOWN STEP	2025-09-22T09:39:49.7919405Z   JAVA_HOME_21_X64: /opt/hostedtoolcache/Java_Temurin-Hotspot_jdk/21.0.8-9/x64
Quarkus IT (ubuntu-latest, smoke, false)	UNKNOWN STEP	2025-09-22T09:39:49.7919732Z ##[endgroup]
Quarkus IT (ubuntu-latest, smoke, false)	UNKNOWN STEP	2025-09-22T09:39:49.7947907Z ##[group]Run echo "key=mvn-`date -u "+%Y-%U"`" >> $GITHUB_OUTPUT
Quarkus IT (ubuntu-latest, smoke, false)	UNKNOWN STEP	2025-09-22T09:39:49.7948290Z [36;1mecho "key=mvn-`date -u "+%Y-%U"`" >> $GITHUB_OUTPUT[0m
Quarkus IT (ubuntu-latest, smoke, false)	UNKNOWN STEP	2025-09-22T09:39:49.7981845Z shell: /usr/bin/bash --noprofile --norc -e -o pipefail {0}
Quarkus IT (ubuntu-latest, smoke, false)	UNKNOWN STEP	2025-09-22T09:39:49.7982156Z env:
Quarkus IT (ubuntu-latest, smoke, false)	UNKNOWN STEP	2025-09-22T09:39:49.7982420Z   MAVEN_ARGS: -B -nsu -Daether.connector.http.connectionMaxTtl=25
Quarkus IT (ubuntu-latest, smoke, false)	UNKNOWN STEP	2025-09-22T09:39:49.7982757Z   SUREFIRE_RERUN_FAILING_COUNT: 2
Quarkus IT (ubuntu-latest, smoke, false)	UNKNOWN STEP	2025-09-22T09:39:49.7983039Z   SUREFIRE_RETRY: -Dsurefire.rerunFailingTestsCount=2
Quarkus IT (ubuntu-latest, smoke, false)	UNKNOWN STEP	2025-09-22T09:39:49.7983326Z   MAVEN_OPTS: -Xmx1536m
Quarkus IT (ubuntu-latest, smoke, false)	UNKNOWN STEP	2025-09-22T09:39:49.7983641Z   JAVA_HOME: /opt/hostedtoolcache/Java_Temurin-Hotspot_jdk/21.0.8-9/x64
Quarkus IT (ubuntu-latest, smoke, false)	UNKNOWN STEP	2025-09-22T09:39:49.7984068Z   JAVA_HOME_21_X64: /opt/hostedtoolcache/Java_Temurin-Hotspot_jdk/21.0.8-9/x64
Quarkus IT (ubuntu-latest, smoke, false)	UNKNOWN STEP	2025-09-22T09:39:49.7984388Z ##[endgroup]
Quarkus IT (ubuntu-latest, smoke, false)	UNKNOWN STEP	2025-09-22T09:39:49.8120914Z ##[group]Run actions/cache/restore@5a3ec84eff668545956fd18022155c47e93e2684
Quarkus IT (ubuntu-latest, smoke, false)	UNKNOWN STEP	2025-09-22T09:39:49.8121247Z with:
Quarkus IT (ubuntu-latest, smoke, false)	UNKNOWN STEP	2025-09-22T09:39:49.8121691Z   path: ~/.m2/repository/*/*
Quarkus IT (ubuntu-latest, smoke, false)	UNKNOWN STEP	!~/.m2/repository/org/keycloak
Quarkus IT (ubuntu-latest, smoke, false)	UNKNOWN STEP	
Quarkus IT (ubuntu-latest, smoke, false)	UNKNOWN STEP	2025-09-22T09:39:49.8121986Z   key: mvn-Linux-mvn-2025-38
Quarkus IT (ubuntu-latest, smoke, false)	UNKNOWN STEP	2025-09-22T09:39:49.8122219Z   restore-keys: mvn--mvn-2025-38
Quarkus IT (ubuntu-latest, smoke, false)	UNKNOWN STEP	
Quarkus IT (ubuntu-latest, smoke, false)	UNKNOWN STEP	2025-09-22T09:39:49.8122451Z   enableCrossOsArchive: true
Quarkus IT (ubuntu-latest, smoke, false)	UNKNOWN STEP	2025-09-22T09:39:49.8122667Z   fail-on-cache-miss: false
Quarkus IT (ubuntu-latest, smoke, false)	UNKNOWN STEP	2025-09-22T09:39:49.8122873Z   lookup-only: false
Quarkus IT (ubuntu-latest, smoke, false)	UNKNOWN STEP	2025-09-22T09:39:49.8123068Z env:
Quarkus IT (ubuntu-latest, smoke, false)	UNKNOWN STEP	2025-09-22T09:39:49.8123330Z   MAVEN_ARGS: -B -nsu -Daether.connector.http.connectionMaxTtl=25
Quarkus IT (ubuntu-latest, smoke, false)	UNKNOWN STEP	2025-09-22T09:39:49.8123662Z   SUREFIRE_RERUN_FAILING_COUNT: 2
Quarkus IT (ubuntu-latest, smoke, false)	UNKNOWN STEP	2025-09-22T09:39:49.8123943Z   SUREFIRE_RETRY: -Dsurefire.rerunFailingTestsCount=2
Quarkus IT (ubuntu-latest, smoke, false)	UNKNOWN STEP	2025-09-22T09:39:49.8124394Z   MAVEN_OPTS: -Xmx1536m
Quarkus IT (ubuntu-latest, smoke, false)	UNKNOWN STEP	2025-09-22T09:39:49.8124692Z   JAVA_HOME: /opt/hostedtoolcache/Java_Temurin-Hotspot_jdk/21.0.8-9/x64
Quarkus IT (ubuntu-latest, smoke, false)	UNKNOWN STEP	2025-09-22T09:39:49.8125124Z   JAVA_HOME_21_X64: /opt/hostedtoolcache/Java_Temurin-Hotspot_jdk/21.0.8-9/x64
Quarkus IT (ubuntu-latest, smoke, false)	UNKNOWN STEP	2025-09-22T09:39:49.8125456Z ##[endgroup]
Quarkus IT (ubuntu-latest, smoke, false)	UNKNOWN STEP	2025-09-22T09:39:50.2359351Z Cache hit for: mvn-Linux-mvn-2025-38
Quarkus IT (ubuntu-latest, smoke, false)	UNKNOWN STEP	2025-09-22T09:39:51.5917261Z Received 0 of 589078472 (0.0%), 0.0 MBs/sec
Quarkus IT (ubuntu-latest, smoke, false)	UNKNOWN STEP	2025-09-22T09:39:52.5924828Z Received 100663296 of 589078472 (17.1%), 48.0 MBs/sec
Quarkus IT (ubuntu-latest, smoke, false)	UNKNOWN STEP	2025-09-22T09:39:53.5928877Z Received 213909504 of 589078472 (36.3%), 68.0 MBs/sec
Quarkus IT (ubuntu-latest, smoke, false)	UNKNOWN STEP	2025-09-22T09:39:54.6039864Z Received 322961408 of 589078472 (54.8%), 76.8 MBs/sec
Quarkus IT (ubuntu-latest, smoke, false)	UNKNOWN STEP	2025-09-22T09:39:55.6044549Z Received 427819008 of 589078472 (72.6%), 81.4 MBs/sec
Quarkus IT (ubuntu-latest, smoke, false)	UNKNOWN STEP	2025-09-22T09:39:56.6054448Z Received 536870912 of 589078472 (91.1%), 85.1 MBs/sec
Quarkus IT (ubuntu-latest, smoke, false)	UNKNOWN STEP	2025-09-22T09:39:57.0324241Z Received 589078472 of 589078472 (100.0%), 87.2 MBs/sec
Quarkus IT (ubuntu-latest, smoke, false)	UNKNOWN STEP	2025-09-22T09:39:57.0327064Z Cache Size: ~562 MB (589078472 B)
Quarkus IT (ubuntu-latest, smoke, false)	UNKNOWN STEP	2025-09-22T09:39:57.0430373Z [command]/usr/bin/tar -xf /home/runner/work/_temp/85d1ac4e-511f-419d-aebc-ea0f88e7d962/cache.tzst -P -C /home/runner/work/keycloak/keycloak --use-compress-program unzstd
Quarkus IT (ubuntu-latest, smoke, false)	UNKNOWN STEP	2025-09-22T09:39:58.5974451Z Cache restored successfully
Quarkus IT (ubuntu-latest, smoke, false)	UNKNOWN STEP	2025-09-22T09:39:58.7165476Z Cache restored from key: mvn-Linux-mvn-2025-38
Quarkus IT (ubuntu-latest, smoke, false)	UNKNOWN STEP	2025-09-22T09:39:58.7316966Z Prepare all required actions
Quarkus IT (ubuntu-latest, smoke, false)	UNKNOWN STEP	2025-09-22T09:39:58.7317276Z Getting action download info
Quarkus IT (ubuntu-latest, smoke, false)	UNKNOWN STEP	2025-09-22T09:39:58.9215780Z ##[group]Run ./.github/actions/node-cache
Quarkus IT (ubuntu-latest, smoke, false)	UNKNOWN STEP	2025-09-22T09:39:58.9216038Z env:
Quarkus IT (ubuntu-latest, smoke, false)	UNKNOWN STEP	2025-09-22T09:39:58.9216303Z   MAVEN_ARGS: -B -nsu -Daether.connector.http.connectionMaxTtl=25
Quarkus IT (ubuntu-latest, smoke, false)	UNKNOWN STEP	2025-09-22T09:39:58.9216631Z   SUREFIRE_RERUN_FAILING_COUNT: 2
Quarkus IT (ubuntu-latest, smoke, false)	UNKNOWN STEP	2025-09-22T09:39:58.9216914Z   SUREFIRE_RETRY: -Dsurefire.rerunFailingTestsCount=2
Quarkus IT (ubuntu-latest, smoke, false)	UNKNOWN STEP	2025-09-22T09:39:58.9217201Z   MAVEN_OPTS: -Xmx1536m
Quarkus IT (ubuntu-latest, smoke, false)	UNKNOWN STEP	2025-09-22T09:39:58.9217498Z   JAVA_HOME: /opt/hostedtoolcache/Java_Temurin-Hotspot_jdk/21.0.8-9/x64
Quarkus IT (ubuntu-latest, smoke, false)	UNKNOWN STEP	2025-09-22T09:39:58.9217938Z   JAVA_HOME_21_X64: /opt/hostedtoolcache/Java_Temurin-Hotspot_jdk/21.0.8-9/x64
Quarkus IT (ubuntu-latest, smoke, false)	UNKNOWN STEP	2025-09-22T09:39:58.9218282Z ##[endgroup]
Quarkus IT (ubuntu-latest, smoke, false)	UNKNOWN STEP	2025-09-22T09:39:58.9233687Z ##[group]Run echo "node=$(cat js/pom.xml | grep '<node.version>' | cut -d '>' -f 2 | cut -d '<' -f 1 | cut -c 2-)" >> $GITHUB_OUTPUT
Quarkus IT (ubuntu-latest, smoke, false)	UNKNOWN STEP	2025-09-22T09:39:58.9234345Z [36;1mecho "node=$(cat js/pom.xml | grep '<node.version>' | cut -d '>' -f 2 | cut -d '<' -f 1 | cut -c 2-)" >> $GITHUB_OUTPUT[0m
Quarkus IT (ubuntu-latest, smoke, false)	UNKNOWN STEP	2025-09-22T09:39:58.9234926Z [36;1mecho "pnpm=$(cat js/pom.xml | grep '<pnpm.version>' | cut -d '>' -f 2 | cut -d '<' -f 1 | cut -c 1-)" >> $GITHUB_OUTPUT[0m
Quarkus IT (ubuntu-latest, smoke, false)	UNKNOWN STEP	2025-09-22T09:39:58.9264698Z shell: /usr/bin/bash --noprofile --norc -e -o pipefail {0}
Quarkus IT (ubuntu-latest, smoke, false)	UNKNOWN STEP	2025-09-22T09:39:58.9265003Z env:
Quarkus IT (ubuntu-latest, smoke, false)	UNKNOWN STEP	2025-09-22T09:39:58.9265262Z   MAVEN_ARGS: -B -nsu -Daether.connector.http.connectionMaxTtl=25
Quarkus IT (ubuntu-latest, smoke, false)	UNKNOWN STEP	2025-09-22T09:39:58.9265604Z   SUREFIRE_RERUN_FAILING_COUNT: 2
Quarkus IT (ubuntu-latest, smoke, false)	UNKNOWN STEP	2025-09-22T09:39:58.9265885Z   SUREFIRE_RETRY: -Dsurefire.rerunFailingTestsCount=2
Quarkus IT (ubuntu-latest, smoke, false)	UNKNOWN STEP	2025-09-22T09:39:58.9266174Z   MAVEN_OPTS: -Xmx1536m
Quarkus IT (ubuntu-latest, smoke, false)	UNKNOWN STEP	2025-09-22T09:39:58.9266472Z   JAVA_HOME: /opt/hostedtoolcache/Java_Temurin-Hotspot_jdk/21.0.8-9/x64
Quarkus IT (ubuntu-latest, smoke, false)	UNKNOWN STEP	2025-09-22T09:39:58.9266916Z   JAVA_HOME_21_X64: /opt/hostedtoolcache/Java_Temurin-Hotspot_jdk/21.0.8-9/x64
Quarkus IT (ubuntu-latest, smoke, false)	UNKNOWN STEP	2025-09-22T09:39:58.9267246Z ##[endgroup]
Quarkus IT (ubuntu-latest, smoke, false)	UNKNOWN STEP	2025-09-22T09:39:58.9405801Z ##[group]Run actions/cache@5a3ec84eff668545956fd18022155c47e93e2684
Quarkus IT (ubuntu-latest, smoke, false)	UNKNOWN STEP	2025-09-22T09:39:58.9406122Z with:
Quarkus IT (ubuntu-latest, smoke, false)	UNKNOWN STEP	2025-09-22T09:39:58.9406480Z   path: ~/.m2/repository/com/github/eirslett/node
Quarkus IT (ubuntu-latest, smoke, false)	UNKNOWN STEP	~/.m2/repository/com/github/eirslett/pnpm
Quarkus IT (ubuntu-latest, smoke, false)	UNKNOWN STEP	
Quarkus IT (ubuntu-latest, smoke, false)	UNKNOWN STEP	2025-09-22T09:39:58.9406981Z   key: Linux-frontend-plugin-artifacts-22.18.0-10.14.0
Quarkus IT (ubuntu-latest, smoke, false)	UNKNOWN STEP	2025-09-22T09:39:58.9407301Z   enableCrossOsArchive: false
Quarkus IT (ubuntu-latest, smoke, false)	UNKNOWN STEP	2025-09-22T09:39:58.9407534Z   fail-on-cache-miss: false
Quarkus IT (ubuntu-latest, smoke, false)	UNKNOWN STEP	2025-09-22T09:39:58.9407749Z   lookup-only: false
Quarkus IT (ubuntu-latest, smoke, false)	UNKNOWN STEP	2025-09-22T09:39:58.9407943Z   save-always: false
Quarkus IT (ubuntu-latest, smoke, false)	UNKNOWN STEP	2025-09-22T09:39:58.9408113Z env:
Quarkus IT (ubuntu-latest, smoke, false)	UNKNOWN STEP	2025-09-22T09:39:58.9408374Z   MAVEN_ARGS: -B -nsu -Daether.connector.http.connectionMaxTtl=25
Quarkus IT (ubuntu-latest, smoke, false)	UNKNOWN STEP	2025-09-22T09:39:58.9408709Z   SUREFIRE_RERUN_FAILING_COUNT: 2
Quarkus IT (ubuntu-latest, smoke, false)	UNKNOWN STEP	2025-09-22T09:39:58.9408984Z   SUREFIRE_RETRY: -Dsurefire.rerunFailingTestsCount=2
Quarkus IT (ubuntu-latest, smoke, false)	UNKNOWN STEP	2025-09-22T09:39:58.9409451Z   MAVEN_OPTS: -Xmx1536m
Quarkus IT (ubuntu-latest, smoke, false)	UNKNOWN STEP	2025-09-22T09:39:58.9409754Z   JAVA_HOME: /opt/hostedtoolcache/Java_Temurin-Hotspot_jdk/21.0.8-9/x64
Quarkus IT (ubuntu-latest, smoke, false)	UNKNOWN STEP	2025-09-22T09:39:58.9410194Z   JAVA_HOME_21_X64: /opt/hostedtoolcache/Java_Temurin-Hotspot_jdk/21.0.8-9/x64
Quarkus IT (ubuntu-latest, smoke, false)	UNKNOWN STEP	2025-09-22T09:39:58.9410534Z ##[endgroup]
Quarkus IT (ubuntu-latest, smoke, false)	UNKNOWN STEP	2025-09-22T09:39:59.3478857Z Cache hit for: Linux-frontend-plugin-artifacts-22.18.0-10.14.0
Quarkus IT (ubuntu-latest, smoke, false)	UNKNOWN STEP	2025-09-22T09:40:00.6537101Z Received 0 of 89550697 (0.0%), 0.0 MBs/sec
Quarkus IT (ubuntu-latest, smoke, false)	UNKNOWN STEP	2025-09-22T09:40:01.6530796Z Received 89550697 of 89550697 (100.0%), 42.7 MBs/sec
Quarkus IT (ubuntu-latest, smoke, false)	UNKNOWN STEP	2025-09-22T09:40:01.6532898Z Cache Size: ~85 MB (89550697 B)
Quarkus IT (ubuntu-latest, smoke, false)	UNKNOWN STEP	2025-09-22T09:40:01.6634061Z [command]/usr/bin/tar -xf /home/runner/work/_temp/6cf6f061-776f-4dff-b4ac-dfb271ce9b80/cache.tzst -P -C /home/runner/work/keycloak/keycloak --use-compress-program unzstd
Quarkus IT (ubuntu-latest, smoke, false)	UNKNOWN STEP	2025-09-22T09:40:01.9047391Z Cache restored successfully
Quarkus IT (ubuntu-latest, smoke, false)	UNKNOWN STEP	2025-09-22T09:40:01.9307323Z Cache restored from key: Linux-frontend-plugin-artifacts-22.18.0-10.14.0
Quarkus IT (ubuntu-latest, smoke, false)	UNKNOWN STEP	2025-09-22T09:40:01.9430293Z Prepare all required actions
Quarkus IT (ubuntu-latest, smoke, false)	UNKNOWN STEP	2025-09-22T09:40:01.9430622Z Getting action download info
Quarkus IT (ubuntu-latest, smoke, false)	UNKNOWN STEP	2025-09-22T09:40:02.1528678Z ##[group]Run ./.github/actions/pnpm-store-cache
Quarkus IT (ubuntu-latest, smoke, false)	UNKNOWN STEP	2025-09-22T09:40:02.1528958Z env:
Quarkus IT (ubuntu-latest, smoke, false)	UNKNOWN STEP	2025-09-22T09:40:02.1529230Z   MAVEN_ARGS: -B -nsu -Daether.connector.http.connectionMaxTtl=25
Quarkus IT (ubuntu-latest, smoke, false)	UNKNOWN STEP	2025-09-22T09:40:02.1529591Z   SUREFIRE_RERUN_FAILING_COUNT: 2
Quarkus IT (ubuntu-latest, smoke, false)	UNKNOWN STEP	2025-09-22T09:40:02.1529877Z   SUREFIRE_RETRY: -Dsurefire.rerunFailingTestsCount=2
Quarkus IT (ubuntu-latest, smoke, false)	UNKNOWN STEP	2025-09-22T09:40:02.1530167Z   MAVEN_OPTS: -Xmx1536m
Quarkus IT (ubuntu-latest, smoke, false)	UNKNOWN STEP	2025-09-22T09:40:02.1530473Z   JAVA_HOME: /opt/hostedtoolcache/Java_Temurin-Hotspot_jdk/21.0.8-9/x64
Quarkus IT (ubuntu-latest, smoke, false)	UNKNOWN STEP	2025-09-22T09:40:02.1530906Z   JAVA_HOME_21_X64: /opt/hostedtoolcache/Java_Temurin-Hotspot_jdk/21.0.8-9/x64
Quarkus IT (ubuntu-latest, smoke, false)	UNKNOWN STEP	2025-09-22T09:40:02.1531238Z ##[endgroup]
Quarkus IT (ubuntu-latest, smoke, false)	UNKNOWN STEP	2025-09-22T09:40:02.1546663Z ##[group]Run echo "key=pnpm-store-`date -u "+%Y-%U"`" >> $GITHUB_OUTPUT
Quarkus IT (ubuntu-latest, smoke, false)	UNKNOWN STEP	2025-09-22T09:40:02.1547097Z [36;1mecho "key=pnpm-store-`date -u "+%Y-%U"`" >> $GITHUB_OUTPUT[0m
Quarkus IT (ubuntu-latest, smoke, false)	UNKNOWN STEP	2025-09-22T09:40:02.1576618Z shell: /usr/bin/bash --noprofile --norc -e -o pipefail {0}
Quarkus IT (ubuntu-latest, smoke, false)	UNKNOWN STEP	2025-09-22T09:40:02.1576941Z env:
Quarkus IT (ubuntu-latest, smoke, false)	UNKNOWN STEP	2025-09-22T09:40:02.1577207Z   MAVEN_ARGS: -B -nsu -Daether.connector.http.connectionMaxTtl=25
Quarkus IT (ubuntu-latest, smoke, false)	UNKNOWN STEP	2025-09-22T09:40:02.1577540Z   SUREFIRE_RERUN_FAILING_COUNT: 2
Quarkus IT (ubuntu-latest, smoke, false)	UNKNOWN STEP	2025-09-22T09:40:02.1577824Z   SUREFIRE_RETRY: -Dsurefire.rerunFailingTestsCount=2
Quarkus IT (ubuntu-latest, smoke, false)	UNKNOWN STEP	2025-09-22T09:40:02.1578120Z   MAVEN_OPTS: -Xmx1536m
Quarkus IT (ubuntu-latest, smoke, false)	UNKNOWN STEP	2025-09-22T09:40:02.1578437Z   JAVA_HOME: /opt/hostedtoolcache/Java_Temurin-Hotspot_jdk/21.0.8-9/x64
Quarkus IT (ubuntu-latest, smoke, false)	UNKNOWN STEP	2025-09-22T09:40:02.1578894Z   JAVA_HOME_21_X64: /opt/hostedtoolcache/Java_Temurin-Hotspot_jdk/21.0.8-9/x64
Quarkus IT (ubuntu-latest, smoke, false)	UNKNOWN STEP	2025-09-22T09:40:02.1579236Z ##[endgroup]
Quarkus IT (ubuntu-latest, smoke, false)	UNKNOWN STEP	2025-09-22T09:40:02.1678734Z ##[group]Run actions/cache@5a3ec84eff668545956fd18022155c47e93e2684
Quarkus IT (ubuntu-latest, smoke, false)	UNKNOWN STEP	2025-09-22T09:40:02.1679062Z with:
Quarkus IT (ubuntu-latest, smoke, false)	UNKNOWN STEP	2025-09-22T09:40:02.1679376Z   path: ~/.local/share/pnpm/store
Quarkus IT (ubuntu-latest, smoke, false)	UNKNOWN STEP	~/AppData/Local/pnpm/store
Quarkus IT (ubuntu-latest, smoke, false)	UNKNOWN STEP	~/Library/pnpm/store
Quarkus IT (ubuntu-latest, smoke, false)	UNKNOWN STEP	
Quarkus IT (ubuntu-latest, smoke, false)	UNKNOWN STEP	2025-09-22T09:40:02.1679758Z   key: Linux-pnpm-store-2025-38
Quarkus IT (ubuntu-latest, smoke, false)	UNKNOWN STEP	2025-09-22T09:40:02.1680012Z   enableCrossOsArchive: false
Quarkus IT (ubuntu-latest, smoke, false)	UNKNOWN STEP	2025-09-22T09:40:02.1680244Z   fail-on-cache-miss: false
Quarkus IT (ubuntu-latest, smoke, false)	UNKNOWN STEP	2025-09-22T09:40:02.1680457Z   lookup-only: false
Quarkus IT (ubuntu-latest, smoke, false)	UNKNOWN STEP	2025-09-22T09:40:02.1680663Z   save-always: false
Quarkus IT (ubuntu-latest, smoke, false)	UNKNOWN STEP	2025-09-22T09:40:02.1680838Z env:
Quarkus IT (ubuntu-latest, smoke, false)	UNKNOWN STEP	2025-09-22T09:40:02.1681092Z   MAVEN_ARGS: -B -nsu -Daether.connector.http.connectionMaxTtl=25
Quarkus IT (ubuntu-latest, smoke, false)	UNKNOWN STEP	2025-09-22T09:40:02.1681723Z   SUREFIRE_RERUN_FAILING_COUNT: 2
Quarkus IT (ubuntu-latest, smoke, false)	UNKNOWN STEP	2025-09-22T09:40:02.1682024Z   SUREFIRE_RETRY: -Dsurefire.rerunFailingTestsCount=2
Quarkus IT (ubuntu-latest, smoke, false)	UNKNOWN STEP	2025-09-22T09:40:02.1682322Z   MAVEN_OPTS: -Xmx1536m
Quarkus IT (ubuntu-latest, smoke, false)	UNKNOWN STEP	2025-09-22T09:40:02.1682630Z   JAVA_HOME: /opt/hostedtoolcache/Java_Temurin-Hotspot_jdk/21.0.8-9/x64
Quarkus IT (ubuntu-latest, smoke, false)	UNKNOWN STEP	2025-09-22T09:40:02.1683067Z   JAVA_HOME_21_X64: /opt/hostedtoolcache/Java_Temurin-Hotspot_jdk/21.0.8-9/x64
Quarkus IT (ubuntu-latest, smoke, false)	UNKNOWN STEP	2025-09-22T09:40:02.1683399Z ##[endgroup]
Quarkus IT (ubuntu-latest, smoke, false)	UNKNOWN STEP	2025-09-22T09:40:02.5740161Z Cache hit for: Linux-pnpm-store-2025-38
Quarkus IT (ubuntu-latest, smoke, false)	UNKNOWN STEP	2025-09-22T09:40:03.8892623Z Received 0 of 137814996 (0.0%), 0.0 MBs/sec
Quarkus IT (ubuntu-latest, smoke, false)	UNKNOWN STEP	2025-09-22T09:40:04.8906809Z Received 104857600 of 137814996 (76.1%), 50.0 MBs/sec
Quarkus IT (ubuntu-latest, smoke, false)	UNKNOWN STEP	2025-09-22T09:40:05.4960923Z Received 137814996 of 137814996 (100.0%), 50.4 MBs/sec
Quarkus IT (ubuntu-latest, smoke, false)	UNKNOWN STEP	2025-09-22T09:40:05.4963630Z Cache Size: ~131 MB (137814996 B)
Quarkus IT (ubuntu-latest, smoke, false)	UNKNOWN STEP	2025-09-22T09:40:05.5061414Z [command]/usr/bin/tar -xf /home/runner/work/_temp/98771def-e9ad-41ee-8ebf-aa34184b71e1/cache.tzst -P -C /home/runner/work/keycloak/keycloak --use-compress-program unzstd
Quarkus IT (ubuntu-latest, smoke, false)	UNKNOWN STEP	2025-09-22T09:40:08.2520011Z Cache restored successfully
Quarkus IT (ubuntu-latest, smoke, false)	UNKNOWN STEP	2025-09-22T09:40:08.2863874Z Cache restored from key: Linux-pnpm-store-2025-38
Quarkus IT (ubuntu-latest, smoke, false)	UNKNOWN STEP	2025-09-22T09:40:08.3004234Z ##[group]Run actions/download-artifact@d3f86a106a0bac45b974a628896c90dbdf5c8093
Quarkus IT (ubuntu-latest, smoke, false)	UNKNOWN STEP	2025-09-22T09:40:08.3004619Z with:
Quarkus IT (ubuntu-latest, smoke, false)	UNKNOWN STEP	2025-09-22T09:40:08.3004803Z   name: m2-keycloak.tzts
Quarkus IT (ubuntu-latest, smoke, false)	UNKNOWN STEP	2025-09-22T09:40:08.3005022Z   merge-multiple: false
Quarkus IT (ubuntu-latest, smoke, false)	UNKNOWN STEP	2025-09-22T09:40:08.3005240Z   repository: keycloak/keycloak
Quarkus IT (ubuntu-latest, smoke, false)	UNKNOWN STEP	2025-09-22T09:40:08.3005460Z   run-id: 17911063806
Quarkus IT (ubuntu-latest, smoke, false)	UNKNOWN STEP	2025-09-22T09:40:08.3005641Z env:
Quarkus IT (ubuntu-latest, smoke, false)	UNKNOWN STEP	2025-09-22T09:40:08.3005906Z   MAVEN_ARGS: -B -nsu -Daether.connector.http.connectionMaxTtl=25
Quarkus IT (ubuntu-latest, smoke, false)	UNKNOWN STEP	2025-09-22T09:40:08.3006256Z   SUREFIRE_RERUN_FAILING_COUNT: 2
Quarkus IT (ubuntu-latest, smoke, false)	UNKNOWN STEP	2025-09-22T09:40:08.3006546Z   SUREFIRE_RETRY: -Dsurefire.rerunFailingTestsCount=2
Quarkus IT (ubuntu-latest, smoke, false)	UNKNOWN STEP	2025-09-22T09:40:08.3006840Z   MAVEN_OPTS: -Xmx1536m
Quarkus IT (ubuntu-latest, smoke, false)	UNKNOWN STEP	2025-09-22T09:40:08.3007166Z   JAVA_HOME: /opt/hostedtoolcache/Java_Temurin-Hotspot_jdk/21.0.8-9/x64
Quarkus IT (ubuntu-latest, smoke, false)	UNKNOWN STEP	2025-09-22T09:40:08.3007609Z   JAVA_HOME_21_X64: /opt/hostedtoolcache/Java_Temurin-Hotspot_jdk/21.0.8-9/x64
Quarkus IT (ubuntu-latest, smoke, false)	UNKNOWN STEP	2025-09-22T09:40:08.3007964Z ##[endgroup]
Quarkus IT (ubuntu-latest, smoke, false)	UNKNOWN STEP	2025-09-22T09:40:08.5006507Z Downloading single artifact
Quarkus IT (ubuntu-latest, smoke, false)	UNKNOWN STEP	2025-09-22T09:40:08.7819118Z Preparing to download the following artifacts:
Quarkus IT (ubuntu-latest, smoke, false)	UNKNOWN STEP	2025-09-22T09:40:08.7820228Z - m2-keycloak.tzts (ID: 4070425401, Size: 400124014, Expected Digest: sha256:89fc4d182a08dc47b5bebfe83be7ff8a6206eae6c07c383b6281d10f74367dcc)
Quarkus IT (ubuntu-latest, smoke, false)	UNKNOWN STEP	2025-09-22T09:40:08.9589096Z Redirecting to blob download url: https://productionresultssa13.blob.core.windows.net/actions-results/f8e67d2e-6fef-481a-80dd-477a2a25ff74/workflow-job-run-11b9afd0-1422-56af-a2cc-50893a9f0a52/artifacts/edc4cfb0355d37e325eaae6eb235756b36f79720f66ece617babf28220e9d051.zip
Quarkus IT (ubuntu-latest, smoke, false)	UNKNOWN STEP	2025-09-22T09:40:08.9591862Z Starting download of artifact to: /home/runner/work/keycloak/keycloak
Quarkus IT (ubuntu-latest, smoke, false)	UNKNOWN STEP	2025-09-22T09:40:09.3139537Z (node:2204) [DEP0005] DeprecationWarning: Buffer() is deprecated due to security and usability issues. Please use the Buffer.alloc(), Buffer.allocUnsafe(), or Buffer.from() methods instead.
Quarkus IT (ubuntu-latest, smoke, false)	UNKNOWN STEP	2025-09-22T09:40:09.3141677Z (Use `node --trace-deprecation ...` to show where the warning was created)
Quarkus IT (ubuntu-latest, smoke, false)	UNKNOWN STEP	2025-09-22T09:40:24.6101944Z SHA256 digest of downloaded artifact is 89fc4d182a08dc47b5bebfe83be7ff8a6206eae6c07c383b6281d10f74367dcc
Quarkus IT (ubuntu-latest, smoke, false)	UNKNOWN STEP	2025-09-22T09:40:24.6102958Z Artifact download completed successfully.
Quarkus IT (ubuntu-latest, smoke, false)	UNKNOWN STEP	2025-09-22T09:40:24.6103513Z Total of 1 artifact(s) downloaded
Quarkus IT (ubuntu-latest, smoke, false)	UNKNOWN STEP	2025-09-22T09:40:24.6110985Z Download artifact has finished successfully
Quarkus IT (ubuntu-latest, smoke, false)	UNKNOWN STEP	2025-09-22T09:40:24.6229154Z ##[group]Run if [ "$RUNNER_OS" == "Windows" ]; then
Quarkus IT (ubuntu-latest, smoke, false)	UNKNOWN STEP	2025-09-22T09:40:24.6229744Z [36;1mif [ "$RUNNER_OS" == "Windows" ]; then[0m
Quarkus IT (ubuntu-latest, smoke, false)	UNKNOWN STEP	2025-09-22T09:40:24.6230453Z [36;1m  # zstd binary might be missing in older versions, install only when necessary[0m
Quarkus IT (ubuntu-latest, smoke, false)	UNKNOWN STEP	2025-09-22T09:40:24.6231278Z [36;1m  which zstd > /dev/null || choco install zstandard[0m
Quarkus IT (ubuntu-latest, smoke, false)	UNKNOWN STEP	2025-09-22T09:40:24.6232047Z [36;1mfi[0m
Quarkus IT (ubuntu-latest, smoke, false)	UNKNOWN STEP	2025-09-22T09:40:24.6232580Z [36;1mtar -C ~/ --use-compress-program="zstd -d" -xf m2-keycloak.tzts[0m
Quarkus IT (ubuntu-latest, smoke, false)	UNKNOWN STEP	2025-09-22T09:40:24.6276406Z shell: /usr/bin/bash --noprofile --norc -e -o pipefail {0}
Quarkus IT (ubuntu-latest, smoke, false)	UNKNOWN STEP	2025-09-22T09:40:24.6276963Z env:
Quarkus IT (ubuntu-latest, smoke, false)	UNKNOWN STEP	2025-09-22T09:40:24.6277435Z   MAVEN_ARGS: -B -nsu -Daether.connector.http.connectionMaxTtl=25
Quarkus IT (ubuntu-latest, smoke, false)	UNKNOWN STEP	2025-09-22T09:40:24.6278072Z   SUREFIRE_RERUN_FAILING_COUNT: 2
Quarkus IT (ubuntu-latest, smoke, false)	UNKNOWN STEP	2025-09-22T09:40:24.6278596Z   SUREFIRE_RETRY: -Dsurefire.rerunFailingTestsCount=2
Quarkus IT (ubuntu-latest, smoke, false)	UNKNOWN STEP	2025-09-22T09:40:24.6279139Z   MAVEN_OPTS: -Xmx1536m
Quarkus IT (ubuntu-latest, smoke, false)	UNKNOWN STEP	2025-09-22T09:40:24.6279705Z   JAVA_HOME: /opt/hostedtoolcache/Java_Temurin-Hotspot_jdk/21.0.8-9/x64
Quarkus IT (ubuntu-latest, smoke, false)	UNKNOWN STEP	2025-09-22T09:40:24.6280540Z   JAVA_HOME_21_X64: /opt/hostedtoolcache/Java_Temurin-Hotspot_jdk/21.0.8-9/x64
Quarkus IT (ubuntu-latest, smoke, false)	UNKNOWN STEP	2025-09-22T09:40:24.6281172Z ##[endgroup]
Quarkus IT (ubuntu-latest, smoke, false)	UNKNOWN STEP	2025-09-22T09:40:25.1888249Z ##[group]Run declare -A PARAMS
Quarkus IT (ubuntu-latest, smoke, false)	UNKNOWN STEP	2025-09-22T09:40:25.1888570Z [36;1mdeclare -A PARAMS[0m
Quarkus IT (ubuntu-latest, smoke, false)	UNKNOWN STEP	2025-09-22T09:40:25.1888861Z [36;1mPARAMS["win"]="-Dkc.quarkus.tests.groups=win"[0m
Quarkus IT (ubuntu-latest, smoke, false)	UNKNOWN STEP	2025-09-22T09:40:25.1889230Z [36;1mPARAMS["zip-slow"]="-Dkc.quarkus.tests.groups=slow"[0m
Quarkus IT (ubuntu-latest, smoke, false)	UNKNOWN STEP	2025-09-22T09:40:25.1889812Z [36;1mPARAMS["zip-fast"]='-Dkc.quarkus.tests.groups=!slow'[0m
Quarkus IT (ubuntu-latest, smoke, false)	UNKNOWN STEP	2025-09-22T09:40:25.1890256Z [36;1mPARAMS["container"]="-Dkc.quarkus.tests.dist=docker"[0m
Quarkus IT (ubuntu-latest, smoke, false)	UNKNOWN STEP	2025-09-22T09:40:25.1890616Z [36;1mPARAMS["storage"]="-Ptest-database"[0m
Quarkus IT (ubuntu-latest, smoke, false)	UNKNOWN STEP	2025-09-22T09:40:25.1890951Z [36;1mPARAMS["smoke"]="-Dkc.quarkus.tests.groups=smoke"[0m
Quarkus IT (ubuntu-latest, smoke, false)	UNKNOWN STEP	2025-09-22T09:40:25.1891251Z [36;1m[0m
Quarkus IT (ubuntu-latest, smoke, false)	UNKNOWN STEP	2025-09-22T09:40:25.1891773Z [36;1mif [ "smoke" == "container" ]; then[0m
Quarkus IT (ubuntu-latest, smoke, false)	UNKNOWN STEP	2025-09-22T09:40:25.1892147Z [36;1m  ./mvnw install -pl quarkus/tests/integration -am -DskipTests[0m
Quarkus IT (ubuntu-latest, smoke, false)	UNKNOWN STEP	2025-09-22T09:40:25.1892477Z [36;1mfi[0m
Quarkus IT (ubuntu-latest, smoke, false)	UNKNOWN STEP	2025-09-22T09:40:25.1892874Z [36;1m./mvnw test -pl quarkus/tests/integration ${PARAMS["smoke"]} 2>&1 | misc/log/trimmer.sh[0m
Quarkus IT (ubuntu-latest, smoke, false)	UNKNOWN STEP	2025-09-22T09:40:25.1922807Z shell: /usr/bin/bash --noprofile --norc -e -o pipefail {0}
Quarkus IT (ubuntu-latest, smoke, false)	UNKNOWN STEP	2025-09-22T09:40:25.1923128Z env:
Quarkus IT (ubuntu-latest, smoke, false)	UNKNOWN STEP	2025-09-22T09:40:25.1923415Z   MAVEN_ARGS: -B -nsu -Daether.connector.http.connectionMaxTtl=25
Quarkus IT (ubuntu-latest, smoke, false)	UNKNOWN STEP	2025-09-22T09:40:25.1923765Z   SUREFIRE_RERUN_FAILING_COUNT: 2
Quarkus IT (ubuntu-latest, smoke, false)	UNKNOWN STEP	2025-09-22T09:40:25.1924077Z   SUREFIRE_RETRY: -Dsurefire.rerunFailingTestsCount=2
Quarkus IT (ubuntu-latest, smoke, false)	UNKNOWN STEP	2025-09-22T09:40:25.1924379Z   MAVEN_OPTS: -Xmx1536m
Quarkus IT (ubuntu-latest, smoke, false)	UNKNOWN STEP	2025-09-22T09:40:25.1924704Z   JAVA_HOME: /opt/hostedtoolcache/Java_Temurin-Hotspot_jdk/21.0.8-9/x64
Quarkus IT (ubuntu-latest, smoke, false)	UNKNOWN STEP	2025-09-22T09:40:25.1925155Z   JAVA_HOME_21_X64: /opt/hostedtoolcache/Java_Temurin-Hotspot_jdk/21.0.8-9/x64
Quarkus IT (ubuntu-latest, smoke, false)	UNKNOWN STEP	2025-09-22T09:40:25.1925503Z ##[endgroup]
Quarkus IT (ubuntu-latest, smoke, false)	UNKNOWN STEP	2025-09-22T09:40:28.1837757Z -- wget: Failed to fetch https://repo.maven.apache.org/maven2/org/apache/maven/apache-maven/3.9.8/apache-maven-3.9.8-bin.zip
Quarkus IT (ubuntu-latest, smoke, false)	UNKNOWN STEP	2025-09-22T09:40:28.1896667Z ##[error]Process completed with exit code 1.
Quarkus IT (ubuntu-latest, smoke, false)	UNKNOWN STEP	2025-09-22T09:40:28.1962295Z Post job cleanup.
Quarkus IT (ubuntu-latest, smoke, false)	UNKNOWN STEP	2025-09-22T09:40:28.2006038Z Post job cleanup.
Quarkus IT (ubuntu-latest, smoke, false)	UNKNOWN STEP	2025-09-22T09:40:28.3725110Z Post job cleanup.
Quarkus IT (ubuntu-latest, smoke, false)	UNKNOWN STEP	2025-09-22T09:40:28.4490726Z [command]/usr/bin/git version
Quarkus IT (ubuntu-latest, smoke, false)	UNKNOWN STEP	2025-09-22T09:40:28.4526317Z git version 2.51.0
Quarkus IT (ubuntu-latest, smoke, false)	UNKNOWN STEP	2025-09-22T09:40:28.4563265Z Temporarily overriding HOME='/home/runner/work/_temp/de83d55d-2a2d-4d9c-927c-d077b97786fe' before making global git config changes
Quarkus IT (ubuntu-latest, smoke, false)	UNKNOWN STEP	2025-09-22T09:40:28.4564543Z Adding repository directory to the temporary git global config as a safe directory
Quarkus IT (ubuntu-latest, smoke, false)	UNKNOWN STEP	2025-09-22T09:40:28.4568565Z [command]/usr/bin/git config --global --add safe.directory /home/runner/work/keycloak/keycloak
Quarkus IT (ubuntu-latest, smoke, false)	UNKNOWN STEP	2025-09-22T09:40:28.4603749Z [command]/usr/bin/git config --local --name-only --get-regexp core\.sshCommand
Quarkus IT (ubuntu-latest, smoke, false)	UNKNOWN STEP	2025-09-22T09:40:28.4636214Z [command]/usr/bin/git submodule foreach --recursive sh -c "git config --local --name-only --get-regexp 'core\.sshCommand' && git config --local --unset-all 'core.sshCommand' || :"
Quarkus IT (ubuntu-latest, smoke, false)	UNKNOWN STEP	2025-09-22T09:40:28.4886131Z [command]/usr/bin/git config --local --name-only --get-regexp http\.https\:\/\/github\.com\/\.extraheader
Quarkus IT (ubuntu-latest, smoke, false)	UNKNOWN STEP	2025-09-22T09:40:28.4909169Z http.https://github.com/.extraheader
Quarkus IT (ubuntu-latest, smoke, false)	UNKNOWN STEP	2025-09-22T09:40:28.4919486Z [command]/usr/bin/git config --local --unset-all http.https://github.com/.extraheader
Quarkus IT (ubuntu-latest, smoke, false)	UNKNOWN STEP	2025-09-22T09:40:28.4951485Z [command]/usr/bin/git submodule foreach --recursive sh -c "git config --local --name-only --get-regexp 'http\.https\:\/\/github\.com\/\.extraheader' && git config --local --unset-all 'http.https://github.com/.extraheader' || :"
Quarkus IT (ubuntu-latest, smoke, false)	UNKNOWN STEP	2025-09-22T09:40:28.5330660Z Cleaning up orphan processes
Store IT (mssql)	UNKNOWN STEP	ï»¿2025-09-22T09:39:41.8242721Z Current runner version: '2.328.0'
Store IT (mssql)	UNKNOWN STEP	2025-09-22T09:39:41.8264532Z ##[group]Runner Image Provisioner
Store IT (mssql)	UNKNOWN STEP	2025-09-22T09:39:41.8265494Z Hosted Compute Agent
Store IT (mssql)	UNKNOWN STEP	2025-09-22T09:39:41.8266070Z Version: 20250829.383
Store IT (mssql)	UNKNOWN STEP	2025-09-22T09:39:41.8266686Z Commit: 27cb235aab5b0e52e153a26cd86b4742e89dac5d
Store IT (mssql)	UNKNOWN STEP	2025-09-22T09:39:41.8267513Z Build Date: 2025-08-29T13:48:48Z
Store IT (mssql)	UNKNOWN STEP	2025-09-22T09:39:41.8268100Z ##[endgroup]
Store IT (mssql)	UNKNOWN STEP	2025-09-22T09:39:41.8268920Z ##[group]Operating System
Store IT (mssql)	UNKNOWN STEP	2025-09-22T09:39:41.8269683Z Ubuntu
Store IT (mssql)	UNKNOWN STEP	2025-09-22T09:39:41.8270209Z 24.04.3
Store IT (mssql)	UNKNOWN STEP	2025-09-22T09:39:41.8270664Z LTS
Store IT (mssql)	UNKNOWN STEP	2025-09-22T09:39:41.8271238Z ##[endgroup]
Store IT (mssql)	UNKNOWN STEP	2025-09-22T09:39:41.8271725Z ##[group]Runner Image
Store IT (mssql)	UNKNOWN STEP	2025-09-22T09:39:41.8272289Z Image: ubuntu-24.04
Store IT (mssql)	UNKNOWN STEP	2025-09-22T09:39:41.8272886Z Version: 20250907.24.1
Store IT (mssql)	UNKNOWN STEP	2025-09-22T09:39:41.8273883Z Included Software: https://github.com/actions/runner-images/blob/ubuntu24/20250907.24/images/ubuntu/Ubuntu2404-Readme.md
Store IT (mssql)	UNKNOWN STEP	2025-09-22T09:39:41.8275509Z Image Release: https://github.com/actions/runner-images/releases/tag/ubuntu24%2F20250907.24
Store IT (mssql)	UNKNOWN STEP	2025-09-22T09:39:41.8276472Z ##[endgroup]
Store IT (mssql)	UNKNOWN STEP	2025-09-22T09:39:41.8277555Z ##[group]GITHUB_TOKEN Permissions
Store IT (mssql)	UNKNOWN STEP	2025-09-22T09:39:41.8280039Z Contents: read
Store IT (mssql)	UNKNOWN STEP	2025-09-22T09:39:41.8280607Z Metadata: read
Store IT (mssql)	UNKNOWN STEP	2025-09-22T09:39:41.8281220Z ##[endgroup]
Store IT (mssql)	UNKNOWN STEP	2025-09-22T09:39:41.8283220Z Secret source: None
Store IT (mssql)	UNKNOWN STEP	2025-09-22T09:39:41.8284280Z Prepare workflow directory
Store IT (mssql)	UNKNOWN STEP	2025-09-22T09:39:41.8683994Z Prepare all required actions
Store IT (mssql)	UNKNOWN STEP	2025-09-22T09:39:41.8721663Z Getting action download info
Store IT (mssql)	UNKNOWN STEP	2025-09-22T09:39:42.1823893Z Download action repository 'actions/checkout@08c6903cd8c0fde910a37f88322edcfb5dd907a8' (SHA:08c6903cd8c0fde910a37f88322edcfb5dd907a8)
Store IT (mssql)	UNKNOWN STEP	2025-09-22T09:39:42.4259542Z Complete job name: Store IT (mssql)
Store IT (mssql)	UNKNOWN STEP	2025-09-22T09:39:42.4958927Z ##[group]Run actions/checkout@08c6903cd8c0fde910a37f88322edcfb5dd907a8
Store IT (mssql)	UNKNOWN STEP	2025-09-22T09:39:42.4960051Z with:
Store IT (mssql)	UNKNOWN STEP	2025-09-22T09:39:42.4960602Z   repository: keycloak/keycloak
Store IT (mssql)	UNKNOWN STEP	2025-09-22T09:39:42.4961503Z   token: ***
Store IT (mssql)	UNKNOWN STEP	2025-09-22T09:39:42.4962082Z   ssh-strict: true
Store IT (mssql)	UNKNOWN STEP	2025-09-22T09:39:42.4962658Z   ssh-user: git
Store IT (mssql)	UNKNOWN STEP	2025-09-22T09:39:42.4963121Z   persist-credentials: true
Store IT (mssql)	UNKNOWN STEP	2025-09-22T09:39:42.4963601Z   clean: true
Store IT (mssql)	UNKNOWN STEP	2025-09-22T09:39:42.4964053Z   sparse-checkout-cone-mode: true
Store IT (mssql)	UNKNOWN STEP	2025-09-22T09:39:42.4964588Z   fetch-depth: 1
Store IT (mssql)	UNKNOWN STEP	2025-09-22T09:39:42.4965026Z   fetch-tags: false
Store IT (mssql)	UNKNOWN STEP	2025-09-22T09:39:42.4965465Z   show-progress: true
Store IT (mssql)	UNKNOWN STEP	2025-09-22T09:39:42.4965911Z   lfs: false
Store IT (mssql)	UNKNOWN STEP	2025-09-22T09:39:42.4966316Z   submodules: false
Store IT (mssql)	UNKNOWN STEP	2025-09-22T09:39:42.4966762Z   set-safe-directory: true
Store IT (mssql)	UNKNOWN STEP	2025-09-22T09:39:42.4967496Z env:
Store IT (mssql)	UNKNOWN STEP	2025-09-22T09:39:42.4968085Z   MAVEN_ARGS: -B -nsu -Daether.connector.http.connectionMaxTtl=25
Store IT (mssql)	UNKNOWN STEP	2025-09-22T09:39:42.4969030Z   SUREFIRE_RERUN_FAILING_COUNT: 2
Store IT (mssql)	UNKNOWN STEP	2025-09-22T09:39:42.4969689Z   SUREFIRE_RETRY: -Dsurefire.rerunFailingTestsCount=2
Store IT (mssql)	UNKNOWN STEP	2025-09-22T09:39:42.4970320Z ##[endgroup]
Store IT (mssql)	UNKNOWN STEP	2025-09-22T09:39:42.5897648Z Syncing repository: keycloak/keycloak
Store IT (mssql)	UNKNOWN STEP	2025-09-22T09:39:42.5900030Z ##[group]Getting Git version info
Store IT (mssql)	UNKNOWN STEP	2025-09-22T09:39:42.5900809Z Working directory is '/home/runner/work/keycloak/keycloak'
Store IT (mssql)	UNKNOWN STEP	2025-09-22T09:39:42.5901824Z [command]/usr/bin/git version
Store IT (mssql)	UNKNOWN STEP	2025-09-22T09:39:42.5965882Z git version 2.51.0
Store IT (mssql)	UNKNOWN STEP	2025-09-22T09:39:42.5993690Z ##[endgroup]
Store IT (mssql)	UNKNOWN STEP	2025-09-22T09:39:42.6000667Z Temporarily overriding HOME='/home/runner/work/_temp/eb99d0f5-4c16-4d8d-a0a9-a9d1857fd252' before making global git config changes
Store IT (mssql)	UNKNOWN STEP	2025-09-22T09:39:42.6002215Z Adding repository directory to the temporary git global config as a safe directory
Store IT (mssql)	UNKNOWN STEP	2025-09-22T09:39:42.6005366Z [command]/usr/bin/git config --global --add safe.directory /home/runner/work/keycloak/keycloak
Store IT (mssql)	UNKNOWN STEP	2025-09-22T09:39:42.6042582Z Deleting the contents of '/home/runner/work/keycloak/keycloak'
Store IT (mssql)	UNKNOWN STEP	2025-09-22T09:39:42.6046452Z ##[group]Initializing the repository
Store IT (mssql)	UNKNOWN STEP	2025-09-22T09:39:42.6051638Z [command]/usr/bin/git init /home/runner/work/keycloak/keycloak
Store IT (mssql)	UNKNOWN STEP	2025-09-22T09:39:42.6151571Z hint: Using 'master' as the name for the initial branch. This default branch name
Store IT (mssql)	UNKNOWN STEP	2025-09-22T09:39:42.6153513Z hint: is subject to change. To configure the initial branch name to use in all
Store IT (mssql)	UNKNOWN STEP	2025-09-22T09:39:42.6155323Z hint: of your new repositories, which will suppress this warning, call:
Store IT (mssql)	UNKNOWN STEP	2025-09-22T09:39:42.6156986Z hint:
Store IT (mssql)	UNKNOWN STEP	2025-09-22T09:39:42.6157825Z hint: 	git config --global init.defaultBranch <name>
Store IT (mssql)	UNKNOWN STEP	2025-09-22T09:39:42.6158474Z hint:
Store IT (mssql)	UNKNOWN STEP	2025-09-22T09:39:42.6159317Z hint: Names commonly chosen instead of 'master' are 'main', 'trunk' and
Store IT (mssql)	UNKNOWN STEP	2025-09-22T09:39:42.6160306Z hint: 'development'. The just-created branch can be renamed via this command:
Store IT (mssql)	UNKNOWN STEP	2025-09-22T09:39:42.6161060Z hint:
Store IT (mssql)	UNKNOWN STEP	2025-09-22T09:39:42.6161481Z hint: 	git branch -m <name>
Store IT (mssql)	UNKNOWN STEP	2025-09-22T09:39:42.6161958Z hint:
Store IT (mssql)	UNKNOWN STEP	2025-09-22T09:39:42.6162805Z hint: Disable this message with "git config set advice.defaultBranchName false"
Store IT (mssql)	UNKNOWN STEP	2025-09-22T09:39:42.6164254Z Initialized empty Git repository in /home/runner/work/keycloak/keycloak/.git/
Store IT (mssql)	UNKNOWN STEP	2025-09-22T09:39:42.6167817Z [command]/usr/bin/git remote add origin https://github.com/keycloak/keycloak
Store IT (mssql)	UNKNOWN STEP	2025-09-22T09:39:42.6206578Z ##[endgroup]
Store IT (mssql)	UNKNOWN STEP	2025-09-22T09:39:42.6207380Z ##[group]Disabling automatic garbage collection
Store IT (mssql)	UNKNOWN STEP	2025-09-22T09:39:42.6211742Z [command]/usr/bin/git config --local gc.auto 0
Store IT (mssql)	UNKNOWN STEP	2025-09-22T09:39:42.6246129Z ##[endgroup]
Store IT (mssql)	UNKNOWN STEP	2025-09-22T09:39:42.6247059Z ##[group]Setting up auth
Store IT (mssql)	UNKNOWN STEP	2025-09-22T09:39:42.6247817Z [command]/usr/bin/git config --local --name-only --get-regexp core\.sshCommand
Store IT (mssql)	UNKNOWN STEP	2025-09-22T09:39:42.6274972Z [command]/usr/bin/git submodule foreach --recursive sh -c "git config --local --name-only --get-regexp 'core\.sshCommand' && git config --local --unset-all 'core.sshCommand' || :"
Store IT (mssql)	UNKNOWN STEP	2025-09-22T09:39:42.6584336Z [command]/usr/bin/git config --local --name-only --get-regexp http\.https\:\/\/github\.com\/\.extraheader
Store IT (mssql)	UNKNOWN STEP	2025-09-22T09:39:42.6613615Z [command]/usr/bin/git submodule foreach --recursive sh -c "git config --local --name-only --get-regexp 'http\.https\:\/\/github\.com\/\.extraheader' && git config --local --unset-all 'http.https://github.com/.extraheader' || :"
Store IT (mssql)	UNKNOWN STEP	2025-09-22T09:39:42.6828103Z [command]/usr/bin/git config --local http.https://github.com/.extraheader AUTHORIZATION: basic ***
Store IT (mssql)	UNKNOWN STEP	2025-09-22T09:39:42.6862092Z ##[endgroup]
Store IT (mssql)	UNKNOWN STEP	2025-09-22T09:39:42.6863609Z ##[group]Fetching the repository
Store IT (mssql)	UNKNOWN STEP	2025-09-22T09:39:42.6871956Z [command]/usr/bin/git -c protocol.version=2 fetch --no-tags --prune --no-recurse-submodules --depth=1 origin +0540d4368152fe307189a730eec779bb82d850f8:refs/remotes/pull/42819/merge
Store IT (mssql)	UNKNOWN STEP	2025-09-22T09:39:44.1910101Z From https://github.com/keycloak/keycloak
Store IT (mssql)	UNKNOWN STEP	2025-09-22T09:39:44.1912691Z  * [new ref]         0540d4368152fe307189a730eec779bb82d850f8 -> pull/42819/merge
Store IT (mssql)	UNKNOWN STEP	2025-09-22T09:39:44.1943219Z ##[endgroup]
Store IT (mssql)	UNKNOWN STEP	2025-09-22T09:39:44.1944499Z ##[group]Determining the checkout info
Store IT (mssql)	UNKNOWN STEP	2025-09-22T09:39:44.1945796Z ##[endgroup]
Store IT (mssql)	UNKNOWN STEP	2025-09-22T09:39:44.1950071Z [command]/usr/bin/git sparse-checkout disable
Store IT (mssql)	UNKNOWN STEP	2025-09-22T09:39:44.1990810Z [command]/usr/bin/git config --local --unset-all extensions.worktreeConfig
Store IT (mssql)	UNKNOWN STEP	2025-09-22T09:39:44.2017757Z ##[group]Checking out the ref
Store IT (mssql)	UNKNOWN STEP	2025-09-22T09:39:44.2022094Z [command]/usr/bin/git checkout --progress --force refs/remotes/pull/42819/merge
Store IT (mssql)	UNKNOWN STEP	2025-09-22T09:39:45.0133187Z Note: switching to 'refs/remotes/pull/42819/merge'.
Store IT (mssql)	UNKNOWN STEP	2025-09-22T09:39:45.0134017Z 
Store IT (mssql)	UNKNOWN STEP	2025-09-22T09:39:45.0134458Z You are in 'detached HEAD' state. You can look around, make experimental
Store IT (mssql)	UNKNOWN STEP	2025-09-22T09:39:45.0135500Z changes and commit them, and you can discard any commits you make in this
Store IT (mssql)	UNKNOWN STEP	2025-09-22T09:39:45.0136557Z state without impacting any branches by switching back to a branch.
Store IT (mssql)	UNKNOWN STEP	2025-09-22T09:39:45.0137144Z 
Store IT (mssql)	UNKNOWN STEP	2025-09-22T09:39:45.0137467Z If you want to create a new branch to retain commits you create, you may
Store IT (mssql)	UNKNOWN STEP	2025-09-22T09:39:45.0138199Z do so (now or later) by using -c with the switch command. Example:
Store IT (mssql)	UNKNOWN STEP	2025-09-22T09:39:45.0138889Z 
Store IT (mssql)	UNKNOWN STEP	2025-09-22T09:39:45.0139091Z   git switch -c <new-branch-name>
Store IT (mssql)	UNKNOWN STEP	2025-09-22T09:39:45.0139436Z 
Store IT (mssql)	UNKNOWN STEP	2025-09-22T09:39:45.0139694Z Or undo this operation with:
Store IT (mssql)	UNKNOWN STEP	2025-09-22T09:39:45.0139982Z 
Store IT (mssql)	UNKNOWN STEP	2025-09-22T09:39:45.0140138Z   git switch -
Store IT (mssql)	UNKNOWN STEP	2025-09-22T09:39:45.0140378Z 
Store IT (mssql)	UNKNOWN STEP	2025-09-22T09:39:45.0142234Z Turn off this advice by setting config variable advice.detachedHead to false
Store IT (mssql)	UNKNOWN STEP	2025-09-22T09:39:45.0142854Z 
Store IT (mssql)	UNKNOWN STEP	2025-09-22T09:39:45.0143487Z HEAD is now at 0540d43 Merge 6975992377528409e94071bdc6b97e20e1422a79 into 8ad6427123d9919c1fadcbcf6f0090cdf26d3cb8
Store IT (mssql)	UNKNOWN STEP	2025-09-22T09:39:45.0169555Z ##[endgroup]
Store IT (mssql)	UNKNOWN STEP	2025-09-22T09:39:45.0209273Z [command]/usr/bin/git log -1 --format=%H
Store IT (mssql)	UNKNOWN STEP	2025-09-22T09:39:45.0232932Z 0540d4368152fe307189a730eec779bb82d850f8
Store IT (mssql)	UNKNOWN STEP	2025-09-22T09:39:45.0493629Z Prepare all required actions
Store IT (mssql)	UNKNOWN STEP	2025-09-22T09:39:45.0494087Z Getting action download info
Store IT (mssql)	UNKNOWN STEP	2025-09-22T09:39:45.1834144Z Download action repository 'actions/download-artifact@d3f86a106a0bac45b974a628896c90dbdf5c8093' (SHA:d3f86a106a0bac45b974a628896c90dbdf5c8093)
Store IT (mssql)	UNKNOWN STEP	2025-09-22T09:39:45.5932137Z ##[group]Run ./.github/actions/integration-test-setup
Store IT (mssql)	UNKNOWN STEP	2025-09-22T09:39:45.5932457Z with:
Store IT (mssql)	UNKNOWN STEP	2025-09-22T09:39:45.5932636Z   jdk-dist: temurin
Store IT (mssql)	UNKNOWN STEP	2025-09-22T09:39:45.5932817Z   jdk-version: 21
Store IT (mssql)	UNKNOWN STEP	2025-09-22T09:39:45.5933016Z env:
Store IT (mssql)	UNKNOWN STEP	2025-09-22T09:39:45.5933271Z   MAVEN_ARGS: -B -nsu -Daether.connector.http.connectionMaxTtl=25
Store IT (mssql)	UNKNOWN STEP	2025-09-22T09:39:45.5933609Z   SUREFIRE_RERUN_FAILING_COUNT: 2
Store IT (mssql)	UNKNOWN STEP	2025-09-22T09:39:45.5933878Z   SUREFIRE_RETRY: -Dsurefire.rerunFailingTestsCount=2
Store IT (mssql)	UNKNOWN STEP	2025-09-22T09:39:45.5934179Z ##[endgroup]
Store IT (mssql)	UNKNOWN STEP	2025-09-22T09:39:45.6023092Z Prepare all required actions
Store IT (mssql)	UNKNOWN STEP	2025-09-22T09:39:45.6062460Z ##[group]Run ./.github/actions/update-hosts
Store IT (mssql)	UNKNOWN STEP	2025-09-22T09:39:45.6062722Z env:
Store IT (mssql)	UNKNOWN STEP	2025-09-22T09:39:45.6063022Z   MAVEN_ARGS: -B -nsu -Daether.connector.http.connectionMaxTtl=25
Store IT (mssql)	UNKNOWN STEP	2025-09-22T09:39:45.6063371Z   SUREFIRE_RERUN_FAILING_COUNT: 2
Store IT (mssql)	UNKNOWN STEP	2025-09-22T09:39:45.6063652Z   SUREFIRE_RETRY: -Dsurefire.rerunFailingTestsCount=2
Store IT (mssql)	UNKNOWN STEP	2025-09-22T09:39:45.6063928Z ##[endgroup]
Store IT (mssql)	UNKNOWN STEP	2025-09-22T09:39:45.6186198Z ##[group]Run printf "\n\n$(cat .github/actions/update-hosts/hosts)" | sudo tee -a /etc/hosts
Store IT (mssql)	UNKNOWN STEP	2025-09-22T09:39:45.6186835Z [36;1mprintf "\n\n$(cat .github/actions/update-hosts/hosts)" | sudo tee -a /etc/hosts[0m
Store IT (mssql)	UNKNOWN STEP	2025-09-22T09:39:45.6245785Z shell: /usr/bin/bash --noprofile --norc -e -o pipefail {0}
Store IT (mssql)	UNKNOWN STEP	2025-09-22T09:39:45.6246128Z env:
Store IT (mssql)	UNKNOWN STEP	2025-09-22T09:39:45.6246395Z   MAVEN_ARGS: -B -nsu -Daether.connector.http.connectionMaxTtl=25
Store IT (mssql)	UNKNOWN STEP	2025-09-22T09:39:45.6246753Z   SUREFIRE_RERUN_FAILING_COUNT: 2
Store IT (mssql)	UNKNOWN STEP	2025-09-22T09:39:45.6247054Z   SUREFIRE_RETRY: -Dsurefire.rerunFailingTestsCount=2
Store IT (mssql)	UNKNOWN STEP	2025-09-22T09:39:45.6247330Z ##[endgroup]
Store IT (mssql)	UNKNOWN STEP	2025-09-22T09:39:45.6386695Z 
Store IT (mssql)	UNKNOWN STEP	2025-09-22T09:39:45.6386712Z 
Store IT (mssql)	UNKNOWN STEP	2025-09-22T09:39:45.6387579Z 127.0.0.1 localtest.me admin.localtest.me localhost-myapp.localtest.me localhost-sso.localtest.me realmFrontend.localtest.me proxy.kc.localtest.me
Store IT (mssql)	UNKNOWN STEP	2025-09-22T09:39:45.6402862Z ::1 localtest.me admin.localtest.me localhost-myapp.localtest.me localhost-sso.localtest.me realmFrontend.localtest.me proxy.kc.localtest.me
Store IT (mssql)	UNKNOWN STEP	2025-09-22T09:39:45.6450923Z Prepare all required actions
Store IT (mssql)	UNKNOWN STEP	2025-09-22T09:39:45.6451217Z Getting action download info
Store IT (mssql)	UNKNOWN STEP	2025-09-22T09:39:45.7842493Z Download action repository 'actions/setup-java@c5195efecf7bdfc987ee8bae7a71cb8b11521c00' (SHA:c5195efecf7bdfc987ee8bae7a71cb8b11521c00)
Store IT (mssql)	UNKNOWN STEP	2025-09-22T09:39:46.3312440Z ##[group]Run ./.github/actions/java-setup
Store IT (mssql)	UNKNOWN STEP	2025-09-22T09:39:46.3312687Z with:
Store IT (mssql)	UNKNOWN STEP	2025-09-22T09:39:46.3312857Z   distribution: temurin
Store IT (mssql)	UNKNOWN STEP	2025-09-22T09:39:46.3313043Z   java-version: 21
Store IT (mssql)	UNKNOWN STEP	2025-09-22T09:39:46.3313228Z env:
Store IT (mssql)	UNKNOWN STEP	2025-09-22T09:39:46.3313476Z   MAVEN_ARGS: -B -nsu -Daether.connector.http.connectionMaxTtl=25
Store IT (mssql)	UNKNOWN STEP	2025-09-22T09:39:46.3313795Z   SUREFIRE_RERUN_FAILING_COUNT: 2
Store IT (mssql)	UNKNOWN STEP	2025-09-22T09:39:46.3314087Z   SUREFIRE_RETRY: -Dsurefire.rerunFailingTestsCount=2
Store IT (mssql)	UNKNOWN STEP	2025-09-22T09:39:46.3314362Z ##[endgroup]
Store IT (mssql)	UNKNOWN STEP	2025-09-22T09:39:46.3393701Z ##[group]Run actions/setup-java@c5195efecf7bdfc987ee8bae7a71cb8b11521c00
Store IT (mssql)	UNKNOWN STEP	2025-09-22T09:39:46.3394066Z with:
Store IT (mssql)	UNKNOWN STEP	2025-09-22T09:39:46.3394234Z   distribution: temurin
Store IT (mssql)	UNKNOWN STEP	2025-09-22T09:39:46.3394429Z   java-version: 21
Store IT (mssql)	UNKNOWN STEP	2025-09-22T09:39:46.3394603Z   java-package: jdk
Store IT (mssql)	UNKNOWN STEP	2025-09-22T09:39:46.3394789Z   check-latest: false
Store IT (mssql)	UNKNOWN STEP	2025-09-22T09:39:46.3394966Z   server-id: github
Store IT (mssql)	UNKNOWN STEP	2025-09-22T09:39:46.3395146Z   server-username: GITHUB_ACTOR
Store IT (mssql)	UNKNOWN STEP	2025-09-22T09:39:46.3395374Z   server-password: GITHUB_TOKEN
Store IT (mssql)	UNKNOWN STEP	2025-09-22T09:39:46.3395583Z   overwrite-settings: true
Store IT (mssql)	UNKNOWN STEP	2025-09-22T09:39:46.3395781Z   job-status: success
Store IT (mssql)	UNKNOWN STEP	2025-09-22T09:39:46.3396079Z   token: ***
Store IT (mssql)	UNKNOWN STEP	2025-09-22T09:39:46.3396243Z env:
Store IT (mssql)	UNKNOWN STEP	2025-09-22T09:39:46.3396678Z   MAVEN_ARGS: -B -nsu -Daether.connector.http.connectionMaxTtl=25
Store IT (mssql)	UNKNOWN STEP	2025-09-22T09:39:46.3397007Z   SUREFIRE_RERUN_FAILING_COUNT: 2
Store IT (mssql)	UNKNOWN STEP	2025-09-22T09:39:46.3397281Z   SUREFIRE_RETRY: -Dsurefire.rerunFailingTestsCount=2
Store IT (mssql)	UNKNOWN STEP	2025-09-22T09:39:46.3397705Z ##[endgroup]
Store IT (mssql)	UNKNOWN STEP	2025-09-22T09:39:46.5294441Z ##[group]Installed distributions
Store IT (mssql)	UNKNOWN STEP	2025-09-22T09:39:46.5618020Z Resolved Java 21.0.8+9 from tool-cache
Store IT (mssql)	UNKNOWN STEP	2025-09-22T09:39:46.5618515Z Setting Java 21.0.8+9 as the default
Store IT (mssql)	UNKNOWN STEP	2025-09-22T09:39:46.5633255Z Creating toolchains.xml for JDK version 21 from temurin
Store IT (mssql)	UNKNOWN STEP	2025-09-22T09:39:46.5711973Z Writing to /home/runner/.m2/toolchains.xml
Store IT (mssql)	UNKNOWN STEP	2025-09-22T09:39:46.5712958Z 
Store IT (mssql)	UNKNOWN STEP	2025-09-22T09:39:46.5713104Z Java configuration:
Store IT (mssql)	UNKNOWN STEP	2025-09-22T09:39:46.5713429Z   Distribution: temurin
Store IT (mssql)	UNKNOWN STEP	2025-09-22T09:39:46.5713761Z   Version: 21.0.8+9
Store IT (mssql)	UNKNOWN STEP	2025-09-22T09:39:46.5715468Z   Path: /opt/hostedtoolcache/Java_Temurin-Hotspot_jdk/21.0.8-9/x64
Store IT (mssql)	UNKNOWN STEP	2025-09-22T09:39:46.5716023Z 
Store IT (mssql)	UNKNOWN STEP	2025-09-22T09:39:46.5716828Z ##[endgroup]
Store IT (mssql)	UNKNOWN STEP	2025-09-22T09:39:46.5729347Z Creating settings.xml with server-id: github
Store IT (mssql)	UNKNOWN STEP	2025-09-22T09:39:46.5735956Z Writing to /home/runner/.m2/settings.xml
Store IT (mssql)	UNKNOWN STEP	2025-09-22T09:39:46.5867059Z Prepare all required actions
Store IT (mssql)	UNKNOWN STEP	2025-09-22T09:39:46.5867371Z Getting action download info
Store IT (mssql)	UNKNOWN STEP	2025-09-22T09:39:46.7370114Z Download action repository 'actions/cache@5a3ec84eff668545956fd18022155c47e93e2684' (SHA:5a3ec84eff668545956fd18022155c47e93e2684)
Store IT (mssql)	UNKNOWN STEP	2025-09-22T09:39:46.9115388Z ##[group]Run ./.github/actions/maven-cache
Store IT (mssql)	UNKNOWN STEP	2025-09-22T09:39:46.9115639Z with:
Store IT (mssql)	UNKNOWN STEP	2025-09-22T09:39:46.9115821Z   create-cache-if-it-doesnt-exist: false
Store IT (mssql)	UNKNOWN STEP	2025-09-22T09:39:46.9116054Z env:
Store IT (mssql)	UNKNOWN STEP	2025-09-22T09:39:46.9116301Z   MAVEN_ARGS: -B -nsu -Daether.connector.http.connectionMaxTtl=25
Store IT (mssql)	UNKNOWN STEP	2025-09-22T09:39:46.9116636Z   SUREFIRE_RERUN_FAILING_COUNT: 2
Store IT (mssql)	UNKNOWN STEP	2025-09-22T09:39:46.9116904Z   SUREFIRE_RETRY: -Dsurefire.rerunFailingTestsCount=2
Store IT (mssql)	UNKNOWN STEP	2025-09-22T09:39:46.9117283Z   JAVA_HOME: /opt/hostedtoolcache/Java_Temurin-Hotspot_jdk/21.0.8-9/x64
Store IT (mssql)	UNKNOWN STEP	2025-09-22T09:39:46.9117713Z   JAVA_HOME_21_X64: /opt/hostedtoolcache/Java_Temurin-Hotspot_jdk/21.0.8-9/x64
Store IT (mssql)	UNKNOWN STEP	2025-09-22T09:39:46.9118052Z ##[endgroup]
Store IT (mssql)	UNKNOWN STEP	2025-09-22T09:39:46.9139380Z ##[group]Run echo "key=mvn-`date -u "+%Y-%U"`" >> $GITHUB_OUTPUT
Store IT (mssql)	UNKNOWN STEP	2025-09-22T09:39:46.9139753Z [36;1mecho "key=mvn-`date -u "+%Y-%U"`" >> $GITHUB_OUTPUT[0m
Store IT (mssql)	UNKNOWN STEP	2025-09-22T09:39:46.9172448Z shell: /usr/bin/bash --noprofile --norc -e -o pipefail {0}
Store IT (mssql)	UNKNOWN STEP	2025-09-22T09:39:46.9172758Z env:
Store IT (mssql)	UNKNOWN STEP	2025-09-22T09:39:46.9173018Z   MAVEN_ARGS: -B -nsu -Daether.connector.http.connectionMaxTtl=25
Store IT (mssql)	UNKNOWN STEP	2025-09-22T09:39:46.9173337Z   SUREFIRE_RERUN_FAILING_COUNT: 2
Store IT (mssql)	UNKNOWN STEP	2025-09-22T09:39:46.9173604Z   SUREFIRE_RETRY: -Dsurefire.rerunFailingTestsCount=2
Store IT (mssql)	UNKNOWN STEP	2025-09-22T09:39:46.9173984Z   JAVA_HOME: /opt/hostedtoolcache/Java_Temurin-Hotspot_jdk/21.0.8-9/x64
Store IT (mssql)	UNKNOWN STEP	2025-09-22T09:39:46.9174413Z   JAVA_HOME_21_X64: /opt/hostedtoolcache/Java_Temurin-Hotspot_jdk/21.0.8-9/x64
Store IT (mssql)	UNKNOWN STEP	2025-09-22T09:39:46.9174747Z ##[endgroup]
Store IT (mssql)	UNKNOWN STEP	2025-09-22T09:39:46.9328908Z ##[group]Run actions/cache/restore@5a3ec84eff668545956fd18022155c47e93e2684
Store IT (mssql)	UNKNOWN STEP	2025-09-22T09:39:46.9329273Z with:
Store IT (mssql)	UNKNOWN STEP	2025-09-22T09:39:46.9329514Z   path: ~/.m2/repository/*/*
Store IT (mssql)	UNKNOWN STEP	!~/.m2/repository/org/keycloak
Store IT (mssql)	UNKNOWN STEP	
Store IT (mssql)	UNKNOWN STEP	2025-09-22T09:39:46.9329840Z   key: mvn-Linux-mvn-2025-38
Store IT (mssql)	UNKNOWN STEP	2025-09-22T09:39:46.9330069Z   restore-keys: mvn--mvn-2025-38
Store IT (mssql)	UNKNOWN STEP	
Store IT (mssql)	UNKNOWN STEP	2025-09-22T09:39:46.9330316Z   enableCrossOsArchive: true
Store IT (mssql)	UNKNOWN STEP	2025-09-22T09:39:46.9330545Z   fail-on-cache-miss: false
Store IT (mssql)	UNKNOWN STEP	2025-09-22T09:39:46.9330758Z   lookup-only: false
Store IT (mssql)	UNKNOWN STEP	2025-09-22T09:39:46.9330946Z env:
Store IT (mssql)	UNKNOWN STEP	2025-09-22T09:39:46.9331194Z   MAVEN_ARGS: -B -nsu -Daether.connector.http.connectionMaxTtl=25
Store IT (mssql)	UNKNOWN STEP	2025-09-22T09:39:46.9331528Z   SUREFIRE_RERUN_FAILING_COUNT: 2
Store IT (mssql)	UNKNOWN STEP	2025-09-22T09:39:46.9331799Z   SUREFIRE_RETRY: -Dsurefire.rerunFailingTestsCount=2
Store IT (mssql)	UNKNOWN STEP	2025-09-22T09:39:46.9332191Z   JAVA_HOME: /opt/hostedtoolcache/Java_Temurin-Hotspot_jdk/21.0.8-9/x64
Store IT (mssql)	UNKNOWN STEP	2025-09-22T09:39:46.9332619Z   JAVA_HOME_21_X64: /opt/hostedtoolcache/Java_Temurin-Hotspot_jdk/21.0.8-9/x64
Store IT (mssql)	UNKNOWN STEP	2025-09-22T09:39:46.9332970Z ##[endgroup]
Store IT (mssql)	UNKNOWN STEP	2025-09-22T09:39:47.1708771Z Cache hit for: mvn-Linux-mvn-2025-38
Store IT (mssql)	UNKNOWN STEP	2025-09-22T09:39:48.2830418Z Received 130023424 of 589078472 (22.1%), 124.0 MBs/sec
Store IT (mssql)	UNKNOWN STEP	2025-09-22T09:39:49.2844854Z Received 318767104 of 589078472 (54.1%), 151.8 MBs/sec
Store IT (mssql)	UNKNOWN STEP	2025-09-22T09:39:50.3497201Z Received 402653184 of 589078472 (68.4%), 125.2 MBs/sec
Store IT (mssql)	UNKNOWN STEP	2025-09-22T09:39:51.3489436Z Received 557842432 of 589078472 (94.7%), 130.8 MBs/sec
Store IT (mssql)	UNKNOWN STEP	2025-09-22T09:39:51.5541198Z Received 589078472 of 589078472 (100.0%), 131.5 MBs/sec
Store IT (mssql)	UNKNOWN STEP	2025-09-22T09:39:51.5543436Z Cache Size: ~562 MB (589078472 B)
Store IT (mssql)	UNKNOWN STEP	2025-09-22T09:39:51.5584904Z [command]/usr/bin/tar -xf /home/runner/work/_temp/c1d0a3fe-7162-4bbb-b034-b23a3f3a0c50/cache.tzst -P -C /home/runner/work/keycloak/keycloak --use-compress-program unzstd
Store IT (mssql)	UNKNOWN STEP	2025-09-22T09:39:53.1829104Z Cache restored successfully
Store IT (mssql)	UNKNOWN STEP	2025-09-22T09:39:53.3332588Z Cache restored from key: mvn-Linux-mvn-2025-38
Store IT (mssql)	UNKNOWN STEP	2025-09-22T09:39:53.3480537Z Prepare all required actions
Store IT (mssql)	UNKNOWN STEP	2025-09-22T09:39:53.3481004Z Getting action download info
Store IT (mssql)	UNKNOWN STEP	2025-09-22T09:39:53.5053690Z ##[group]Run ./.github/actions/node-cache
Store IT (mssql)	UNKNOWN STEP	2025-09-22T09:39:53.5053942Z env:
Store IT (mssql)	UNKNOWN STEP	2025-09-22T09:39:53.5054200Z   MAVEN_ARGS: -B -nsu -Daether.connector.http.connectionMaxTtl=25
Store IT (mssql)	UNKNOWN STEP	2025-09-22T09:39:53.5054543Z   SUREFIRE_RERUN_FAILING_COUNT: 2
Store IT (mssql)	UNKNOWN STEP	2025-09-22T09:39:53.5054828Z   SUREFIRE_RETRY: -Dsurefire.rerunFailingTestsCount=2
Store IT (mssql)	UNKNOWN STEP	2025-09-22T09:39:53.5055244Z   JAVA_HOME: /opt/hostedtoolcache/Java_Temurin-Hotspot_jdk/21.0.8-9/x64
Store IT (mssql)	UNKNOWN STEP	2025-09-22T09:39:53.5055704Z   JAVA_HOME_21_X64: /opt/hostedtoolcache/Java_Temurin-Hotspot_jdk/21.0.8-9/x64
Store IT (mssql)	UNKNOWN STEP	2025-09-22T09:39:53.5056038Z ##[endgroup]
Store IT (mssql)	UNKNOWN STEP	2025-09-22T09:39:53.5072858Z ##[group]Run echo "node=$(cat js/pom.xml | grep '<node.version>' | cut -d '>' -f 2 | cut -d '<' -f 1 | cut -c 2-)" >> $GITHUB_OUTPUT
Store IT (mssql)	UNKNOWN STEP	2025-09-22T09:39:53.5073536Z [36;1mecho "node=$(cat js/pom.xml | grep '<node.version>' | cut -d '>' -f 2 | cut -d '<' -f 1 | cut -c 2-)" >> $GITHUB_OUTPUT[0m
Store IT (mssql)	UNKNOWN STEP	2025-09-22T09:39:53.5074139Z [36;1mecho "pnpm=$(cat js/pom.xml | grep '<pnpm.version>' | cut -d '>' -f 2 | cut -d '<' -f 1 | cut -c 1-)" >> $GITHUB_OUTPUT[0m
Store IT (mssql)	UNKNOWN STEP	2025-09-22T09:39:53.5103674Z shell: /usr/bin/bash --noprofile --norc -e -o pipefail {0}
Store IT (mssql)	UNKNOWN STEP	2025-09-22T09:39:53.5103984Z env:
Store IT (mssql)	UNKNOWN STEP	2025-09-22T09:39:53.5104253Z   MAVEN_ARGS: -B -nsu -Daether.connector.http.connectionMaxTtl=25
Store IT (mssql)	UNKNOWN STEP	2025-09-22T09:39:53.5104594Z   SUREFIRE_RERUN_FAILING_COUNT: 2
Store IT (mssql)	UNKNOWN STEP	2025-09-22T09:39:53.5104872Z   SUREFIRE_RETRY: -Dsurefire.rerunFailingTestsCount=2
Store IT (mssql)	UNKNOWN STEP	2025-09-22T09:39:53.5105270Z   JAVA_HOME: /opt/hostedtoolcache/Java_Temurin-Hotspot_jdk/21.0.8-9/x64
Store IT (mssql)	UNKNOWN STEP	2025-09-22T09:39:53.5105698Z   JAVA_HOME_21_X64: /opt/hostedtoolcache/Java_Temurin-Hotspot_jdk/21.0.8-9/x64
Store IT (mssql)	UNKNOWN STEP	2025-09-22T09:39:53.5106037Z ##[endgroup]
Store IT (mssql)	UNKNOWN STEP	2025-09-22T09:39:53.5243483Z ##[group]Run actions/cache@5a3ec84eff668545956fd18022155c47e93e2684
Store IT (mssql)	UNKNOWN STEP	2025-09-22T09:39:53.5243791Z with:
Store IT (mssql)	UNKNOWN STEP	2025-09-22T09:39:53.5244143Z   path: ~/.m2/repository/com/github/eirslett/node
Store IT (mssql)	UNKNOWN STEP	~/.m2/repository/com/github/eirslett/pnpm
Store IT (mssql)	UNKNOWN STEP	
Store IT (mssql)	UNKNOWN STEP	2025-09-22T09:39:53.5244611Z   key: Linux-frontend-plugin-artifacts-22.18.0-10.14.0
Store IT (mssql)	UNKNOWN STEP	2025-09-22T09:39:53.5244915Z   enableCrossOsArchive: false
Store IT (mssql)	UNKNOWN STEP	2025-09-22T09:39:53.5245139Z   fail-on-cache-miss: false
Store IT (mssql)	UNKNOWN STEP	2025-09-22T09:39:53.5245355Z   lookup-only: false
Store IT (mssql)	UNKNOWN STEP	2025-09-22T09:39:53.5245545Z   save-always: false
Store IT (mssql)	UNKNOWN STEP	2025-09-22T09:39:53.5245728Z env:
Store IT (mssql)	UNKNOWN STEP	2025-09-22T09:39:53.5245985Z   MAVEN_ARGS: -B -nsu -Daether.connector.http.connectionMaxTtl=25
Store IT (mssql)	UNKNOWN STEP	2025-09-22T09:39:53.5246320Z   SUREFIRE_RERUN_FAILING_COUNT: 2
Store IT (mssql)	UNKNOWN STEP	2025-09-22T09:39:53.5246600Z   SUREFIRE_RETRY: -Dsurefire.rerunFailingTestsCount=2
Store IT (mssql)	UNKNOWN STEP	2025-09-22T09:39:53.5246987Z   JAVA_HOME: /opt/hostedtoolcache/Java_Temurin-Hotspot_jdk/21.0.8-9/x64
Store IT (mssql)	UNKNOWN STEP	2025-09-22T09:39:53.5247428Z   JAVA_HOME_21_X64: /opt/hostedtoolcache/Java_Temurin-Hotspot_jdk/21.0.8-9/x64
Store IT (mssql)	UNKNOWN STEP	2025-09-22T09:39:53.5247761Z ##[endgroup]
Store IT (mssql)	UNKNOWN STEP	2025-09-22T09:39:53.7789130Z Cache hit for: Linux-frontend-plugin-artifacts-22.18.0-10.14.0
Store IT (mssql)	UNKNOWN STEP	2025-09-22T09:39:54.7497662Z Received 89550697 of 89550697 (100.0%), 101.9 MBs/sec
Store IT (mssql)	UNKNOWN STEP	2025-09-22T09:39:54.7499023Z Cache Size: ~85 MB (89550697 B)
Store IT (mssql)	UNKNOWN STEP	2025-09-22T09:39:54.7528930Z [command]/usr/bin/tar -xf /home/runner/work/_temp/a39730f0-9ac0-4d9c-840a-3ce0aa8278a8/cache.tzst -P -C /home/runner/work/keycloak/keycloak --use-compress-program unzstd
Store IT (mssql)	UNKNOWN STEP	2025-09-22T09:39:55.0036305Z Cache restored successfully
Store IT (mssql)	UNKNOWN STEP	2025-09-22T09:39:55.0284485Z Cache restored from key: Linux-frontend-plugin-artifacts-22.18.0-10.14.0
Store IT (mssql)	UNKNOWN STEP	2025-09-22T09:39:55.0399747Z Prepare all required actions
Store IT (mssql)	UNKNOWN STEP	2025-09-22T09:39:55.0400161Z Getting action download info
Store IT (mssql)	UNKNOWN STEP	2025-09-22T09:39:55.2349186Z ##[group]Run ./.github/actions/pnpm-store-cache
Store IT (mssql)	UNKNOWN STEP	2025-09-22T09:39:55.2349480Z env:
Store IT (mssql)	UNKNOWN STEP	2025-09-22T09:39:55.2349751Z   MAVEN_ARGS: -B -nsu -Daether.connector.http.connectionMaxTtl=25
Store IT (mssql)	UNKNOWN STEP	2025-09-22T09:39:55.2350103Z   SUREFIRE_RERUN_FAILING_COUNT: 2
Store IT (mssql)	UNKNOWN STEP	2025-09-22T09:39:55.2350381Z   SUREFIRE_RETRY: -Dsurefire.rerunFailingTestsCount=2
Store IT (mssql)	UNKNOWN STEP	2025-09-22T09:39:55.2350782Z   JAVA_HOME: /opt/hostedtoolcache/Java_Temurin-Hotspot_jdk/21.0.8-9/x64
Store IT (mssql)	UNKNOWN STEP	2025-09-22T09:39:55.2351227Z   JAVA_HOME_21_X64: /opt/hostedtoolcache/Java_Temurin-Hotspot_jdk/21.0.8-9/x64
Store IT (mssql)	UNKNOWN STEP	2025-09-22T09:39:55.2351567Z ##[endgroup]
Store IT (mssql)	UNKNOWN STEP	2025-09-22T09:39:55.2365942Z ##[group]Run echo "key=pnpm-store-`date -u "+%Y-%U"`" >> $GITHUB_OUTPUT
Store IT (mssql)	UNKNOWN STEP	2025-09-22T09:39:55.2366410Z [36;1mecho "key=pnpm-store-`date -u "+%Y-%U"`" >> $GITHUB_OUTPUT[0m
Store IT (mssql)	UNKNOWN STEP	2025-09-22T09:39:55.2396436Z shell: /usr/bin/bash --noprofile --norc -e -o pipefail {0}
Store IT (mssql)	UNKNOWN STEP	2025-09-22T09:39:55.2396749Z env:
Store IT (mssql)	UNKNOWN STEP	2025-09-22T09:39:55.2397022Z   MAVEN_ARGS: -B -nsu -Daether.connector.http.connectionMaxTtl=25
Store IT (mssql)	UNKNOWN STEP	2025-09-22T09:39:55.2397374Z   SUREFIRE_RERUN_FAILING_COUNT: 2
Store IT (mssql)	UNKNOWN STEP	2025-09-22T09:39:55.2397663Z   SUREFIRE_RETRY: -Dsurefire.rerunFailingTestsCount=2
Store IT (mssql)	UNKNOWN STEP	2025-09-22T09:39:55.2398063Z   JAVA_HOME: /opt/hostedtoolcache/Java_Temurin-Hotspot_jdk/21.0.8-9/x64
Store IT (mssql)	UNKNOWN STEP	2025-09-22T09:39:55.2398493Z   JAVA_HOME_21_X64: /opt/hostedtoolcache/Java_Temurin-Hotspot_jdk/21.0.8-9/x64
Store IT (mssql)	UNKNOWN STEP	2025-09-22T09:39:55.2398962Z ##[endgroup]
Store IT (mssql)	UNKNOWN STEP	2025-09-22T09:39:55.2494017Z ##[group]Run actions/cache@5a3ec84eff668545956fd18022155c47e93e2684
Store IT (mssql)	UNKNOWN STEP	2025-09-22T09:39:55.2494334Z with:
Store IT (mssql)	UNKNOWN STEP	2025-09-22T09:39:55.2494653Z   path: ~/.local/share/pnpm/store
Store IT (mssql)	UNKNOWN STEP	~/AppData/Local/pnpm/store
Store IT (mssql)	UNKNOWN STEP	~/Library/pnpm/store
Store IT (mssql)	UNKNOWN STEP	
Store IT (mssql)	UNKNOWN STEP	2025-09-22T09:39:55.2495046Z   key: Linux-pnpm-store-2025-38
Store IT (mssql)	UNKNOWN STEP	2025-09-22T09:39:55.2495301Z   enableCrossOsArchive: false
Store IT (mssql)	UNKNOWN STEP	2025-09-22T09:39:55.2495538Z   fail-on-cache-miss: false
Store IT (mssql)	UNKNOWN STEP	2025-09-22T09:39:55.2495767Z   lookup-only: false
Store IT (mssql)	UNKNOWN STEP	2025-09-22T09:39:55.2495960Z   save-always: false
Store IT (mssql)	UNKNOWN STEP	2025-09-22T09:39:55.2496141Z env:
Store IT (mssql)	UNKNOWN STEP	2025-09-22T09:39:55.2496397Z   MAVEN_ARGS: -B -nsu -Daether.connector.http.connectionMaxTtl=25
Store IT (mssql)	UNKNOWN STEP	2025-09-22T09:39:55.2496738Z   SUREFIRE_RERUN_FAILING_COUNT: 2
Store IT (mssql)	UNKNOWN STEP	2025-09-22T09:39:55.2497026Z   SUREFIRE_RETRY: -Dsurefire.rerunFailingTestsCount=2
Store IT (mssql)	UNKNOWN STEP	2025-09-22T09:39:55.2497418Z   JAVA_HOME: /opt/hostedtoolcache/Java_Temurin-Hotspot_jdk/21.0.8-9/x64
Store IT (mssql)	UNKNOWN STEP	2025-09-22T09:39:55.2497861Z   JAVA_HOME_21_X64: /opt/hostedtoolcache/Java_Temurin-Hotspot_jdk/21.0.8-9/x64
Store IT (mssql)	UNKNOWN STEP	2025-09-22T09:39:55.2498200Z ##[endgroup]
Store IT (mssql)	UNKNOWN STEP	2025-09-22T09:39:55.4876161Z Cache hit for: Linux-pnpm-store-2025-38
Store IT (mssql)	UNKNOWN STEP	2025-09-22T09:39:56.6151856Z Received 130023424 of 137814996 (94.3%), 123.9 MBs/sec
Store IT (mssql)	UNKNOWN STEP	2025-09-22T09:39:56.8689845Z Received 137814996 of 137814996 (100.0%), 104.8 MBs/sec
Store IT (mssql)	UNKNOWN STEP	2025-09-22T09:39:56.8691398Z Cache Size: ~131 MB (137814996 B)
Store IT (mssql)	UNKNOWN STEP	2025-09-22T09:39:56.8722080Z [command]/usr/bin/tar -xf /home/runner/work/_temp/f0a6bf92-a170-401f-bf85-c2225375c329/cache.tzst -P -C /home/runner/work/keycloak/keycloak --use-compress-program unzstd
Store IT (mssql)	UNKNOWN STEP	2025-09-22T09:39:59.5556253Z Cache restored successfully
Store IT (mssql)	UNKNOWN STEP	2025-09-22T09:39:59.5893756Z Cache restored from key: Linux-pnpm-store-2025-38
Store IT (mssql)	UNKNOWN STEP	2025-09-22T09:39:59.6039070Z ##[group]Run actions/download-artifact@d3f86a106a0bac45b974a628896c90dbdf5c8093
Store IT (mssql)	UNKNOWN STEP	2025-09-22T09:39:59.6039764Z with:
Store IT (mssql)	UNKNOWN STEP	2025-09-22T09:39:59.6040092Z   name: m2-keycloak.tzts
Store IT (mssql)	UNKNOWN STEP	2025-09-22T09:39:59.6040476Z   merge-multiple: false
Store IT (mssql)	UNKNOWN STEP	2025-09-22T09:39:59.6040849Z   repository: keycloak/keycloak
Store IT (mssql)	UNKNOWN STEP	2025-09-22T09:39:59.6041256Z   run-id: 17911063806
Store IT (mssql)	UNKNOWN STEP	2025-09-22T09:39:59.6041596Z env:
Store IT (mssql)	UNKNOWN STEP	2025-09-22T09:39:59.6042071Z   MAVEN_ARGS: -B -nsu -Daether.connector.http.connectionMaxTtl=25
Store IT (mssql)	UNKNOWN STEP	2025-09-22T09:39:59.6042686Z   SUREFIRE_RERUN_FAILING_COUNT: 2
Store IT (mssql)	UNKNOWN STEP	2025-09-22T09:39:59.6043209Z   SUREFIRE_RETRY: -Dsurefire.rerunFailingTestsCount=2
Store IT (mssql)	UNKNOWN STEP	2025-09-22T09:39:59.6043956Z   JAVA_HOME: /opt/hostedtoolcache/Java_Temurin-Hotspot_jdk/21.0.8-9/x64
Store IT (mssql)	UNKNOWN STEP	2025-09-22T09:39:59.6044770Z   JAVA_HOME_21_X64: /opt/hostedtoolcache/Java_Temurin-Hotspot_jdk/21.0.8-9/x64
Store IT (mssql)	UNKNOWN STEP	2025-09-22T09:39:59.6045687Z ##[endgroup]
Store IT (mssql)	UNKNOWN STEP	2025-09-22T09:39:59.7961764Z Downloading single artifact
Store IT (mssql)	UNKNOWN STEP	2025-09-22T09:39:59.9312267Z Preparing to download the following artifacts:
Store IT (mssql)	UNKNOWN STEP	2025-09-22T09:39:59.9313818Z - m2-keycloak.tzts (ID: 4070425401, Size: 400124014, Expected Digest: sha256:89fc4d182a08dc47b5bebfe83be7ff8a6206eae6c07c383b6281d10f74367dcc)
Store IT (mssql)	UNKNOWN STEP	2025-09-22T09:40:00.0186513Z Redirecting to blob download url: https://productionresultssa13.blob.core.windows.net/actions-results/f8e67d2e-6fef-481a-80dd-477a2a25ff74/workflow-job-run-11b9afd0-1422-56af-a2cc-50893a9f0a52/artifacts/edc4cfb0355d37e325eaae6eb235756b36f79720f66ece617babf28220e9d051.zip
Store IT (mssql)	UNKNOWN STEP	2025-09-22T09:40:00.0189330Z Starting download of artifact to: /home/runner/work/keycloak/keycloak
Store IT (mssql)	UNKNOWN STEP	2025-09-22T09:40:00.2976922Z (node:2137) [DEP0005] DeprecationWarning: Buffer() is deprecated due to security and usability issues. Please use the Buffer.alloc(), Buffer.allocUnsafe(), or Buffer.from() methods instead.
Store IT (mssql)	UNKNOWN STEP	2025-09-22T09:40:00.2978416Z (Use `node --trace-deprecation ...` to show where the warning was created)
Store IT (mssql)	UNKNOWN STEP	2025-09-22T09:40:10.8073027Z SHA256 digest of downloaded artifact is 89fc4d182a08dc47b5bebfe83be7ff8a6206eae6c07c383b6281d10f74367dcc
Store IT (mssql)	UNKNOWN STEP	2025-09-22T09:40:10.8075732Z Artifact download completed successfully.
Store IT (mssql)	UNKNOWN STEP	2025-09-22T09:40:10.8076470Z Total of 1 artifact(s) downloaded
Store IT (mssql)	UNKNOWN STEP	2025-09-22T09:40:10.8083135Z Download artifact has finished successfully
Store IT (mssql)	UNKNOWN STEP	2025-09-22T09:40:10.8201458Z ##[group]Run if [ "$RUNNER_OS" == "Windows" ]; then
Store IT (mssql)	UNKNOWN STEP	2025-09-22T09:40:10.8201814Z [36;1mif [ "$RUNNER_OS" == "Windows" ]; then[0m
Store IT (mssql)	UNKNOWN STEP	2025-09-22T09:40:10.8202214Z [36;1m  # zstd binary might be missing in older versions, install only when necessary[0m
Store IT (mssql)	UNKNOWN STEP	2025-09-22T09:40:10.8202654Z [36;1m  which zstd > /dev/null || choco install zstandard[0m
Store IT (mssql)	UNKNOWN STEP	2025-09-22T09:40:10.8202942Z [36;1mfi[0m
Store IT (mssql)	UNKNOWN STEP	2025-09-22T09:40:10.8203238Z [36;1mtar -C ~/ --use-compress-program="zstd -d" -xf m2-keycloak.tzts[0m
Store IT (mssql)	UNKNOWN STEP	2025-09-22T09:40:10.8236535Z shell: /usr/bin/bash --noprofile --norc -e -o pipefail {0}
Store IT (mssql)	UNKNOWN STEP	2025-09-22T09:40:10.8236882Z env:
Store IT (mssql)	UNKNOWN STEP	2025-09-22T09:40:10.8237166Z   MAVEN_ARGS: -B -nsu -Daether.connector.http.connectionMaxTtl=25
Store IT (mssql)	UNKNOWN STEP	2025-09-22T09:40:10.8237524Z   SUREFIRE_RERUN_FAILING_COUNT: 2
Store IT (mssql)	UNKNOWN STEP	2025-09-22T09:40:10.8237836Z   SUREFIRE_RETRY: -Dsurefire.rerunFailingTestsCount=2
Store IT (mssql)	UNKNOWN STEP	2025-09-22T09:40:10.8238261Z   JAVA_HOME: /opt/hostedtoolcache/Java_Temurin-Hotspot_jdk/21.0.8-9/x64
Store IT (mssql)	UNKNOWN STEP	2025-09-22T09:40:10.8239044Z   JAVA_HOME_21_X64: /opt/hostedtoolcache/Java_Temurin-Hotspot_jdk/21.0.8-9/x64
Store IT (mssql)	UNKNOWN STEP	2025-09-22T09:40:10.8239428Z ##[endgroup]
Store IT (mssql)	UNKNOWN STEP	2025-09-22T09:40:11.4080105Z ##[group]Run KC_TEST_DATABASE=mssql KC_TEST_DATABASE_REUSE=true TESTCONTAINERS_REUSE_ENABLE=true ./mvnw package -f tests/pom.xml -Dtest=DatabaseTestSuite -Dkeycloak.distribution.start.timeout=360
Store IT (mssql)	UNKNOWN STEP	2025-09-22T09:40:11.4081417Z [36;1mKC_TEST_DATABASE=mssql KC_TEST_DATABASE_REUSE=true TESTCONTAINERS_REUSE_ENABLE=true ./mvnw package -f tests/pom.xml -Dtest=DatabaseTestSuite -Dkeycloak.distribution.start.timeout=360[0m
Store IT (mssql)	UNKNOWN STEP	2025-09-22T09:40:11.4111552Z shell: /usr/bin/bash --noprofile --norc -e -o pipefail {0}
Store IT (mssql)	UNKNOWN STEP	2025-09-22T09:40:11.4111882Z env:
Store IT (mssql)	UNKNOWN STEP	2025-09-22T09:40:11.4112159Z   MAVEN_ARGS: -B -nsu -Daether.connector.http.connectionMaxTtl=25
Store IT (mssql)	UNKNOWN STEP	2025-09-22T09:40:11.4112507Z   SUREFIRE_RERUN_FAILING_COUNT: 2
Store IT (mssql)	UNKNOWN STEP	2025-09-22T09:40:11.4112803Z   SUREFIRE_RETRY: -Dsurefire.rerunFailingTestsCount=2
Store IT (mssql)	UNKNOWN STEP	2025-09-22T09:40:11.4113221Z   JAVA_HOME: /opt/hostedtoolcache/Java_Temurin-Hotspot_jdk/21.0.8-9/x64
Store IT (mssql)	UNKNOWN STEP	2025-09-22T09:40:11.4113698Z   JAVA_HOME_21_X64: /opt/hostedtoolcache/Java_Temurin-Hotspot_jdk/21.0.8-9/x64
Store IT (mssql)	UNKNOWN STEP	2025-09-22T09:40:11.4114082Z ##[endgroup]
Store IT (mssql)	UNKNOWN STEP	2025-09-22T09:40:11.4954921Z wget: Failed to fetch https://repo.maven.apache.org/maven2/org/apache/maven/apache-maven/3.9.8/apache-maven-3.9.8-bin.zip
Store IT (mssql)	UNKNOWN STEP	2025-09-22T09:40:11.4977601Z ##[error]Process completed with exit code 1.
Store IT (mssql)	UNKNOWN STEP	2025-09-22T09:40:11.5056171Z Post job cleanup.
Store IT (mssql)	UNKNOWN STEP	2025-09-22T09:40:11.5100079Z Post job cleanup.
Store IT (mssql)	UNKNOWN STEP	2025-09-22T09:40:11.6780967Z Post job cleanup.
Store IT (mssql)	UNKNOWN STEP	2025-09-22T09:40:11.7601088Z [command]/usr/bin/git version
Store IT (mssql)	UNKNOWN STEP	2025-09-22T09:40:11.7641529Z git version 2.51.0
Store IT (mssql)	UNKNOWN STEP	2025-09-22T09:40:11.7683071Z Temporarily overriding HOME='/home/runner/work/_temp/655cf2f6-b5e3-41ac-a15b-8b079d85a0cc' before making global git config changes
Store IT (mssql)	UNKNOWN STEP	2025-09-22T09:40:11.7684364Z Adding repository directory to the temporary git global config as a safe directory
Store IT (mssql)	UNKNOWN STEP	2025-09-22T09:40:11.7689674Z [command]/usr/bin/git config --global --add safe.directory /home/runner/work/keycloak/keycloak
Store IT (mssql)	UNKNOWN STEP	2025-09-22T09:40:11.7731432Z [command]/usr/bin/git config --local --name-only --get-regexp core\.sshCommand
Store IT (mssql)	UNKNOWN STEP	2025-09-22T09:40:11.7764477Z [command]/usr/bin/git submodule foreach --recursive sh -c "git config --local --name-only --get-regexp 'core\.sshCommand' && git config --local --unset-all 'core.sshCommand' || :"
Store IT (mssql)	UNKNOWN STEP	2025-09-22T09:40:11.8022203Z [command]/usr/bin/git config --local --name-only --get-regexp http\.https\:\/\/github\.com\/\.extraheader
Store IT (mssql)	UNKNOWN STEP	2025-09-22T09:40:11.8043954Z http.https://github.com/.extraheader
Store IT (mssql)	UNKNOWN STEP	2025-09-22T09:40:11.8053616Z [command]/usr/bin/git config --local --unset-all http.https://github.com/.extraheader
Store IT (mssql)	UNKNOWN STEP	2025-09-22T09:40:11.8083672Z [command]/usr/bin/git submodule foreach --recursive sh -c "git config --local --name-only --get-regexp 'http\.https\:\/\/github\.com\/\.extraheader' && git config --local --unset-all 'http.https://github.com/.extraheader' || :"
Store IT (mssql)	UNKNOWN STEP	2025-09-22T09:40:11.8421388Z Cleaning up orphan processes
Status Check - Keycloak CI	UNKNOWN STEP	ï»¿2025-09-22T10:47:49.7092535Z Current runner version: '2.328.0'
Status Check - Keycloak CI	UNKNOWN STEP	2025-09-22T10:47:49.7115682Z ##[group]Runner Image Provisioner
Status Check - Keycloak CI	UNKNOWN STEP	2025-09-22T10:47:49.7116499Z Hosted Compute Agent
Status Check - Keycloak CI	UNKNOWN STEP	2025-09-22T10:47:49.7117017Z Version: 20250829.383
Status Check - Keycloak CI	UNKNOWN STEP	2025-09-22T10:47:49.7117718Z Commit: 27cb235aab5b0e52e153a26cd86b4742e89dac5d
Status Check - Keycloak CI	UNKNOWN STEP	2025-09-22T10:47:49.7118384Z Build Date: 2025-08-29T13:48:48Z
Status Check - Keycloak CI	UNKNOWN STEP	2025-09-22T10:47:49.7118984Z ##[endgroup]
Status Check - Keycloak CI	UNKNOWN STEP	2025-09-22T10:47:49.7119604Z ##[group]Operating System
Status Check - Keycloak CI	UNKNOWN STEP	2025-09-22T10:47:49.7120230Z Ubuntu
Status Check - Keycloak CI	UNKNOWN STEP	2025-09-22T10:47:49.7120681Z 24.04.3
Status Check - Keycloak CI	UNKNOWN STEP	2025-09-22T10:47:49.7121196Z LTS
Status Check - Keycloak CI	UNKNOWN STEP	2025-09-22T10:47:49.7121651Z ##[endgroup]
Status Check - Keycloak CI	UNKNOWN STEP	2025-09-22T10:47:49.7122218Z ##[group]Runner Image
Status Check - Keycloak CI	UNKNOWN STEP	2025-09-22T10:47:49.7122834Z Image: ubuntu-24.04
Status Check - Keycloak CI	UNKNOWN STEP	2025-09-22T10:47:49.7123516Z Version: 20250907.24.1
Status Check - Keycloak CI	UNKNOWN STEP	2025-09-22T10:47:49.7124540Z Included Software: https://github.com/actions/runner-images/blob/ubuntu24/20250907.24/images/ubuntu/Ubuntu2404-Readme.md
Status Check - Keycloak CI	UNKNOWN STEP	2025-09-22T10:47:49.7126112Z Image Release: https://github.com/actions/runner-images/releases/tag/ubuntu24%2F20250907.24
Status Check - Keycloak CI	UNKNOWN STEP	2025-09-22T10:47:49.7127075Z ##[endgroup]
Status Check - Keycloak CI	UNKNOWN STEP	2025-09-22T10:47:49.7128148Z ##[group]GITHUB_TOKEN Permissions
Status Check - Keycloak CI	UNKNOWN STEP	2025-09-22T10:47:49.7129913Z Contents: read
Status Check - Keycloak CI	UNKNOWN STEP	2025-09-22T10:47:49.7130460Z Metadata: read
Status Check - Keycloak CI	UNKNOWN STEP	2025-09-22T10:47:49.7131034Z ##[endgroup]
Status Check - Keycloak CI	UNKNOWN STEP	2025-09-22T10:47:49.7132999Z Secret source: None
Status Check - Keycloak CI	UNKNOWN STEP	2025-09-22T10:47:49.7133849Z Prepare workflow directory
Status Check - Keycloak CI	UNKNOWN STEP	2025-09-22T10:47:49.7545615Z Prepare all required actions
Status Check - Keycloak CI	UNKNOWN STEP	2025-09-22T10:47:49.7601552Z Getting action download info
Status Check - Keycloak CI	UNKNOWN STEP	2025-09-22T10:47:50.1839329Z Download action repository 'actions/checkout@08c6903cd8c0fde910a37f88322edcfb5dd907a8' (SHA:08c6903cd8c0fde910a37f88322edcfb5dd907a8)
Status Check - Keycloak CI	UNKNOWN STEP	2025-09-22T10:47:50.4127666Z Complete job name: Status Check - Keycloak CI
Status Check - Keycloak CI	UNKNOWN STEP	2025-09-22T10:47:50.4774023Z ##[group]Run actions/checkout@08c6903cd8c0fde910a37f88322edcfb5dd907a8
Status Check - Keycloak CI	UNKNOWN STEP	2025-09-22T10:47:50.4775108Z with:
Status Check - Keycloak CI	UNKNOWN STEP	2025-09-22T10:47:50.4775503Z   repository: keycloak/keycloak
Status Check - Keycloak CI	UNKNOWN STEP	2025-09-22T10:47:50.4776117Z   token: ***
Status Check - Keycloak CI	UNKNOWN STEP	2025-09-22T10:47:50.4776503Z   ssh-strict: true
Status Check - Keycloak CI	UNKNOWN STEP	2025-09-22T10:47:50.4776882Z   ssh-user: git
Status Check - Keycloak CI	UNKNOWN STEP	2025-09-22T10:47:50.4777299Z   persist-credentials: true
Status Check - Keycloak CI	UNKNOWN STEP	2025-09-22T10:47:50.4777747Z   clean: true
Status Check - Keycloak CI	UNKNOWN STEP	2025-09-22T10:47:50.4778152Z   sparse-checkout-cone-mode: true
Status Check - Keycloak CI	UNKNOWN STEP	2025-09-22T10:47:50.4778633Z   fetch-depth: 1
Status Check - Keycloak CI	UNKNOWN STEP	2025-09-22T10:47:50.4779009Z   fetch-tags: false
Status Check - Keycloak CI	UNKNOWN STEP	2025-09-22T10:47:50.4779406Z   show-progress: true
Status Check - Keycloak CI	UNKNOWN STEP	2025-09-22T10:47:50.4779801Z   lfs: false
Status Check - Keycloak CI	UNKNOWN STEP	2025-09-22T10:47:50.4780166Z   submodules: false
Status Check - Keycloak CI	UNKNOWN STEP	2025-09-22T10:47:50.4780561Z   set-safe-directory: true
Status Check - Keycloak CI	UNKNOWN STEP	2025-09-22T10:47:50.4781199Z env:
Status Check - Keycloak CI	UNKNOWN STEP	2025-09-22T10:47:50.4781728Z   MAVEN_ARGS: -B -nsu -Daether.connector.http.connectionMaxTtl=25
Status Check - Keycloak CI	UNKNOWN STEP	2025-09-22T10:47:50.4782380Z   SUREFIRE_RERUN_FAILING_COUNT: 2
Status Check - Keycloak CI	UNKNOWN STEP	2025-09-22T10:47:50.4782967Z   SUREFIRE_RETRY: -Dsurefire.rerunFailingTestsCount=2
Status Check - Keycloak CI	UNKNOWN STEP	2025-09-22T10:47:50.4783683Z ##[endgroup]
Status Check - Keycloak CI	UNKNOWN STEP	2025-09-22T10:47:50.5706333Z Syncing repository: keycloak/keycloak
Status Check - Keycloak CI	UNKNOWN STEP	2025-09-22T10:47:50.5707978Z ##[group]Getting Git version info
Status Check - Keycloak CI	UNKNOWN STEP	2025-09-22T10:47:50.5708668Z Working directory is '/home/runner/work/keycloak/keycloak'
Status Check - Keycloak CI	UNKNOWN STEP	2025-09-22T10:47:50.5709613Z [command]/usr/bin/git version
Status Check - Keycloak CI	UNKNOWN STEP	2025-09-22T10:47:50.5773616Z git version 2.51.0
Status Check - Keycloak CI	UNKNOWN STEP	2025-09-22T10:47:50.5793723Z ##[endgroup]
Status Check - Keycloak CI	UNKNOWN STEP	2025-09-22T10:47:50.5808864Z Temporarily overriding HOME='/home/runner/work/_temp/116d2ac0-a007-48ac-b1d8-07572b24e796' before making global git config changes
Status Check - Keycloak CI	UNKNOWN STEP	2025-09-22T10:47:50.5810640Z Adding repository directory to the temporary git global config as a safe directory
Status Check - Keycloak CI	UNKNOWN STEP	2025-09-22T10:47:50.5813018Z [command]/usr/bin/git config --global --add safe.directory /home/runner/work/keycloak/keycloak
Status Check - Keycloak CI	UNKNOWN STEP	2025-09-22T10:47:50.5850174Z Deleting the contents of '/home/runner/work/keycloak/keycloak'
Status Check - Keycloak CI	UNKNOWN STEP	2025-09-22T10:47:50.5853893Z ##[group]Initializing the repository
Status Check - Keycloak CI	UNKNOWN STEP	2025-09-22T10:47:50.5858361Z [command]/usr/bin/git init /home/runner/work/keycloak/keycloak
Status Check - Keycloak CI	UNKNOWN STEP	2025-09-22T10:47:50.5974633Z hint: Using 'master' as the name for the initial branch. This default branch name
Status Check - Keycloak CI	UNKNOWN STEP	2025-09-22T10:47:50.5976088Z hint: is subject to change. To configure the initial branch name to use in all
Status Check - Keycloak CI	UNKNOWN STEP	2025-09-22T10:47:50.5977084Z hint: of your new repositories, which will suppress this warning, call:
Status Check - Keycloak CI	UNKNOWN STEP	2025-09-22T10:47:50.5978339Z hint:
Status Check - Keycloak CI	UNKNOWN STEP	2025-09-22T10:47:50.5979113Z hint: 	git config --global init.defaultBranch <name>
Status Check - Keycloak CI	UNKNOWN STEP	2025-09-22T10:47:50.5979767Z hint:
Status Check - Keycloak CI	UNKNOWN STEP	2025-09-22T10:47:50.5980368Z hint: Names commonly chosen instead of 'master' are 'main', 'trunk' and
Status Check - Keycloak CI	UNKNOWN STEP	2025-09-22T10:47:50.5981361Z hint: 'development'. The just-created branch can be renamed via this command:
Status Check - Keycloak CI	UNKNOWN STEP	2025-09-22T10:47:50.5982149Z hint:
Status Check - Keycloak CI	UNKNOWN STEP	2025-09-22T10:47:50.5982557Z hint: 	git branch -m <name>
Status Check - Keycloak CI	UNKNOWN STEP	2025-09-22T10:47:50.5983039Z hint:
Status Check - Keycloak CI	UNKNOWN STEP	2025-09-22T10:47:50.5984011Z hint: Disable this message with "git config set advice.defaultBranchName false"
Status Check - Keycloak CI	UNKNOWN STEP	2025-09-22T10:47:50.5985139Z Initialized empty Git repository in /home/runner/work/keycloak/keycloak/.git/
Status Check - Keycloak CI	UNKNOWN STEP	2025-09-22T10:47:50.5989791Z [command]/usr/bin/git remote add origin https://github.com/keycloak/keycloak
Status Check - Keycloak CI	UNKNOWN STEP	2025-09-22T10:47:50.6028211Z ##[endgroup]
Status Check - Keycloak CI	UNKNOWN STEP	2025-09-22T10:47:50.6029382Z ##[group]Disabling automatic garbage collection
Status Check - Keycloak CI	UNKNOWN STEP	2025-09-22T10:47:50.6032490Z [command]/usr/bin/git config --local gc.auto 0
Status Check - Keycloak CI	UNKNOWN STEP	2025-09-22T10:47:50.6060015Z ##[endgroup]
Status Check - Keycloak CI	UNKNOWN STEP	2025-09-22T10:47:50.6061206Z ##[group]Setting up auth
Status Check - Keycloak CI	UNKNOWN STEP	2025-09-22T10:47:50.6067036Z [command]/usr/bin/git config --local --name-only --get-regexp core\.sshCommand
Status Check - Keycloak CI	UNKNOWN STEP	2025-09-22T10:47:50.6097502Z [command]/usr/bin/git submodule foreach --recursive sh -c "git config --local --name-only --get-regexp 'core\.sshCommand' && git config --local --unset-all 'core.sshCommand' || :"
Status Check - Keycloak CI	UNKNOWN STEP	2025-09-22T10:47:50.6408623Z [command]/usr/bin/git config --local --name-only --get-regexp http\.https\:\/\/github\.com\/\.extraheader
Status Check - Keycloak CI	UNKNOWN STEP	2025-09-22T10:47:50.6437356Z [command]/usr/bin/git submodule foreach --recursive sh -c "git config --local --name-only --get-regexp 'http\.https\:\/\/github\.com\/\.extraheader' && git config --local --unset-all 'http.https://github.com/.extraheader' || :"
Status Check - Keycloak CI	UNKNOWN STEP	2025-09-22T10:47:50.6651027Z [command]/usr/bin/git config --local http.https://github.com/.extraheader AUTHORIZATION: basic ***
Status Check - Keycloak CI	UNKNOWN STEP	2025-09-22T10:47:50.6683105Z ##[endgroup]
Status Check - Keycloak CI	UNKNOWN STEP	2025-09-22T10:47:50.6684056Z ##[group]Fetching the repository
Status Check - Keycloak CI	UNKNOWN STEP	2025-09-22T10:47:50.6691923Z [command]/usr/bin/git -c protocol.version=2 fetch --no-tags --prune --no-recurse-submodules --depth=1 origin +0540d4368152fe307189a730eec779bb82d850f8:refs/remotes/pull/42819/merge
Status Check - Keycloak CI	UNKNOWN STEP	2025-09-22T10:47:54.3027386Z From https://github.com/keycloak/keycloak
Status Check - Keycloak CI	UNKNOWN STEP	2025-09-22T10:47:54.3029098Z  * [new ref]         0540d4368152fe307189a730eec779bb82d850f8 -> pull/42819/merge
Status Check - Keycloak CI	UNKNOWN STEP	2025-09-22T10:47:54.3061110Z ##[endgroup]
Status Check - Keycloak CI	UNKNOWN STEP	2025-09-22T10:47:54.3064254Z ##[group]Determining the checkout info
Status Check - Keycloak CI	UNKNOWN STEP	2025-09-22T10:47:54.3065691Z ##[endgroup]
Status Check - Keycloak CI	UNKNOWN STEP	2025-09-22T10:47:54.3070491Z [command]/usr/bin/git sparse-checkout disable
Status Check - Keycloak CI	UNKNOWN STEP	2025-09-22T10:47:54.3114742Z [command]/usr/bin/git config --local --unset-all extensions.worktreeConfig
Status Check - Keycloak CI	UNKNOWN STEP	2025-09-22T10:47:54.3141128Z ##[group]Checking out the ref
Status Check - Keycloak CI	UNKNOWN STEP	2025-09-22T10:47:54.3145849Z [command]/usr/bin/git checkout --progress --force refs/remotes/pull/42819/merge
Status Check - Keycloak CI	UNKNOWN STEP	2025-09-22T10:47:55.1260761Z Note: switching to 'refs/remotes/pull/42819/merge'.
Status Check - Keycloak CI	UNKNOWN STEP	2025-09-22T10:47:55.1261625Z 
Status Check - Keycloak CI	UNKNOWN STEP	2025-09-22T10:47:55.1262185Z You are in 'detached HEAD' state. You can look around, make experimental
Status Check - Keycloak CI	UNKNOWN STEP	2025-09-22T10:47:55.1263744Z changes and commit them, and you can discard any commits you make in this
Status Check - Keycloak CI	UNKNOWN STEP	2025-09-22T10:47:55.1264988Z state without impacting any branches by switching back to a branch.
Status Check - Keycloak CI	UNKNOWN STEP	2025-09-22T10:47:55.1265654Z 
Status Check - Keycloak CI	UNKNOWN STEP	2025-09-22T10:47:55.1265981Z If you want to create a new branch to retain commits you create, you may
Status Check - Keycloak CI	UNKNOWN STEP	2025-09-22T10:47:55.1266653Z do so (now or later) by using -c with the switch command. Example:
Status Check - Keycloak CI	UNKNOWN STEP	2025-09-22T10:47:55.1267007Z 
Status Check - Keycloak CI	UNKNOWN STEP	2025-09-22T10:47:55.1267185Z   git switch -c <new-branch-name>
Status Check - Keycloak CI	UNKNOWN STEP	2025-09-22T10:47:55.1267472Z 
Status Check - Keycloak CI	UNKNOWN STEP	2025-09-22T10:47:55.1267678Z Or undo this operation with:
Status Check - Keycloak CI	UNKNOWN STEP	2025-09-22T10:47:55.1267926Z 
Status Check - Keycloak CI	UNKNOWN STEP	2025-09-22T10:47:55.1268087Z   git switch -
Status Check - Keycloak CI	UNKNOWN STEP	2025-09-22T10:47:55.1268317Z 
Status Check - Keycloak CI	UNKNOWN STEP	2025-09-22T10:47:55.1268638Z Turn off this advice by setting config variable advice.detachedHead to false
Status Check - Keycloak CI	UNKNOWN STEP	2025-09-22T10:47:55.1268997Z 
Status Check - Keycloak CI	UNKNOWN STEP	2025-09-22T10:47:55.1269390Z HEAD is now at 0540d43 Merge 6975992377528409e94071bdc6b97e20e1422a79 into 8ad6427123d9919c1fadcbcf6f0090cdf26d3cb8
Status Check - Keycloak CI	UNKNOWN STEP	2025-09-22T10:47:55.1293505Z ##[endgroup]
Status Check - Keycloak CI	UNKNOWN STEP	2025-09-22T10:47:55.1331781Z [command]/usr/bin/git log -1 --format=%H
Status Check - Keycloak CI	UNKNOWN STEP	2025-09-22T10:47:55.1354476Z 0540d4368152fe307189a730eec779bb82d850f8
Status Check - Keycloak CI	UNKNOWN STEP	2025-09-22T10:47:55.1585014Z Prepare all required actions
Status Check - Keycloak CI	UNKNOWN STEP	2025-09-22T10:47:55.1658982Z ##[group]Run ./.github/actions/status-check
Status Check - Keycloak CI	UNKNOWN STEP	2025-09-22T10:47:55.1659418Z with:
Status Check - Keycloak CI	UNKNOWN STEP	2025-09-22T10:47:55.1664564Z   jobs: {
Status Check - Keycloak CI	UNKNOWN STEP	  "conditional": {
Status Check - Keycloak CI	UNKNOWN STEP	    "result": "success",
Status Check - Keycloak CI	UNKNOWN STEP	    "outputs": {
Status Check - Keycloak CI	UNKNOWN STEP	      "ci-webauthn": "true",
Status Check - Keycloak CI	UNKNOWN STEP	      "ci-aurora": "false",
Status Check - Keycloak CI	UNKNOWN STEP	      "ci": "true",
Status Check - Keycloak CI	UNKNOWN STEP	      "ci-quarkus": "false",
Status Check - Keycloak CI	UNKNOWN STEP	      "ci-store": "false",
Status Check - Keycloak CI	UNKNOWN STEP	      "ci-sssd": "false"
Status Check - Keycloak CI	UNKNOWN STEP	    }
Status Check - Keycloak CI	UNKNOWN STEP	  },
Status Check - Keycloak CI	UNKNOWN STEP	  "build": {
Status Check - Keycloak CI	UNKNOWN STEP	    "result": "success",
Status Check - Keycloak CI	UNKNOWN STEP	    "outputs": {}
Status Check - Keycloak CI	UNKNOWN STEP	  },
Status Check - Keycloak CI	UNKNOWN STEP	  "unit-tests": {
Status Check - Keycloak CI	UNKNOWN STEP	    "result": "success",
Status Check - Keycloak CI	UNKNOWN STEP	    "outputs": {}
Status Check - Keycloak CI	UNKNOWN STEP	  },
Status Check - Keycloak CI	UNKNOWN STEP	  "base-integration-tests": {
Status Check - Keycloak CI	UNKNOWN STEP	    "result": "success",
Status Check - Keycloak CI	UNKNOWN STEP	    "outputs": {}
Status Check - Keycloak CI	UNKNOWN STEP	  },
Status Check - Keycloak CI	UNKNOWN STEP	  "adapter-integration-tests": {
Status Check - Keycloak CI	UNKNOWN STEP	    "result": "success",
Status Check - Keycloak CI	UNKNOWN STEP	    "outputs": {}
Status Check - Keycloak CI	UNKNOWN STEP	  },
Status Check - Keycloak CI	UNKNOWN STEP	  "adapter-integration-tests-strict-cookies": {
Status Check - Keycloak CI	UNKNOWN STEP	    "result": "success",
Status Check - Keycloak CI	UNKNOWN STEP	    "outputs": {}
Status Check - Keycloak CI	UNKNOWN STEP	  },
Status Check - Keycloak CI	UNKNOWN STEP	  "quarkus-unit-tests": {
Status Check - Keycloak CI	UNKNOWN STEP	    "result": "skipped",
Status Check - Keycloak CI	UNKNOWN STEP	    "outputs": {}
Status Check - Keycloak CI	UNKNOWN STEP	  },
Status Check - Keycloak CI	UNKNOWN STEP	  "quarkus-integration-tests": {
Status Check - Keycloak CI	UNKNOWN STEP	    "result": "failure",
Status Check - Keycloak CI	UNKNOWN STEP	    "outputs": {}
Status Check - Keycloak CI	UNKNOWN STEP	  },
Status Check - Keycloak CI	UNKNOWN STEP	  "jdk-integration-tests": {
Status Check - Keycloak CI	UNKNOWN STEP	    "result": "success",
Status Check - Keycloak CI	UNKNOWN STEP	    "outputs": {}
Status Check - Keycloak CI	UNKNOWN STEP	  },
Status Check - Keycloak CI	UNKNOWN STEP	  "store-integration-tests": {
Status Check - Keycloak CI	UNKNOWN STEP	    "result": "failure",
Status Check - Keycloak CI	UNKNOWN STEP	    "outputs": {}
Status Check - Keycloak CI	UNKNOWN STEP	  },
Status Check - Keycloak CI	UNKNOWN STEP	  "volatile-sessions-tests": {
Status Check - Keycloak CI	UNKNOWN STEP	    "result": "skipped",
Status Check - Keycloak CI	UNKNOWN STEP	    "outputs": {}
Status Check - Keycloak CI	UNKNOWN STEP	  },
Status Check - Keycloak CI	UNKNOWN STEP	  "store-model-tests": {
Status Check - Keycloak CI	UNKNOWN STEP	    "result": "skipped",
Status Check - Keycloak CI	UNKNOWN STEP	    "outputs": {}
Status Check - Keycloak CI	UNKNOWN STEP	  },
Status Check - Keycloak CI	UNKNOWN STEP	  "clustering-integration-tests": {
Status Check - Keycloak CI	UNKNOWN STEP	    "result": "success",
Status Check - Keycloak CI	UNKNOWN STEP	    "outputs": {}
Status Check - Keycloak CI	UNKNOWN STEP	  },
Status Check - Keycloak CI	UNKNOWN STEP	  "fips-unit-tests": {
Status Check - Keycloak CI	UNKNOWN STEP	    "result": "success",
Status Check - Keycloak CI	UNKNOWN STEP	    "outputs": {}
Status Check - Keycloak CI	UNKNOWN STEP	  },
Status Check - Keycloak CI	UNKNOWN STEP	  "fips-integration-tests": {
Status Check - Keycloak CI	UNKNOWN STEP	    "result": "success",
Status Check - Keycloak CI	UNKNOWN STEP	    "outputs": {}
Status Check - Keycloak CI	UNKNOWN STEP	  },
Status Check - Keycloak CI	UNKNOWN STEP	  "forms-integration-tests": {
Status Check - Keycloak CI	UNKNOWN STEP	    "result": "success",
Status Check - Keycloak CI	UNKNOWN STEP	    "outputs": {}
Status Check - Keycloak CI	UNKNOWN STEP	  },
Status Check - Keycloak CI	UNKNOWN STEP	  "webauthn-integration-tests": {
Status Check - Keycloak CI	UNKNOWN STEP	    "result": "success",
Status Check - Keycloak CI	UNKNOWN STEP	    "outputs": {}
Status Check - Keycloak CI	UNKNOWN STEP	  },
Status Check - Keycloak CI	UNKNOWN STEP	  "sssd-unit-tests": {
Status Check - Keycloak CI	UNKNOWN STEP	    "result": "skipped",
Status Check - Keycloak CI	UNKNOWN STEP	    "outputs": {}
Status Check - Keycloak CI	UNKNOWN STEP	  },
Status Check - Keycloak CI	UNKNOWN STEP	  "migration-tests": {
Status Check - Keycloak CI	UNKNOWN STEP	    "result": "success",
Status Check - Keycloak CI	UNKNOWN STEP	    "outputs": {}
Status Check - Keycloak CI	UNKNOWN STEP	  },
Status Check - Keycloak CI	UNKNOWN STEP	  "external-infinispan-tests": {
Status Check - Keycloak CI	UNKNOWN STEP	    "result": "skipped",
Status Check - Keycloak CI	UNKNOWN STEP	    "outputs": {}
Status Check - Keycloak CI	UNKNOWN STEP	  },
Status Check - Keycloak CI	UNKNOWN STEP	  "test-framework": {
Status Check - Keycloak CI	UNKNOWN STEP	    "result": "success",
Status Check - Keycloak CI	UNKNOWN STEP	    "outputs": {}
Status Check - Keycloak CI	UNKNOWN STEP	  },
Status Check - Keycloak CI	UNKNOWN STEP	  "base-new-integration-tests": {
Status Check - Keycloak CI	UNKNOWN STEP	    "result": "success",
Status Check - Keycloak CI	UNKNOWN STEP	    "outputs": {}
Status Check - Keycloak CI	UNKNOWN STEP	  },
Status Check - Keycloak CI	UNKNOWN STEP	  "mixed-cluster-compatibility-tests": {
Status Check - Keycloak CI	UNKNOWN STEP	    "result": "skipped",
Status Check - Keycloak CI	UNKNOWN STEP	    "outputs": {}
Status Check - Keycloak CI	UNKNOWN STEP	  }
Status Check - Keycloak CI	UNKNOWN STEP	}
Status Check - Keycloak CI	UNKNOWN STEP	2025-09-22T10:47:55.1669630Z env:
Status Check - Keycloak CI	UNKNOWN STEP	2025-09-22T10:47:55.1669992Z   MAVEN_ARGS: -B -nsu -Daether.connector.http.connectionMaxTtl=25
Status Check - Keycloak CI	UNKNOWN STEP	2025-09-22T10:47:55.1670428Z   SUREFIRE_RERUN_FAILING_COUNT: 2
Status Check - Keycloak CI	UNKNOWN STEP	2025-09-22T10:47:55.1670836Z   SUREFIRE_RETRY: -Dsurefire.rerunFailingTestsCount=2
Status Check - Keycloak CI	UNKNOWN STEP	2025-09-22T10:47:55.1671204Z ##[endgroup]
Status Check - Keycloak CI	UNKNOWN STEP	2025-09-22T10:47:55.1771818Z ##[group]Run JOBS='{
Status Check - Keycloak CI	UNKNOWN STEP	2025-09-22T10:47:55.1772213Z [36;1mJOBS='{[0m
Status Check - Keycloak CI	UNKNOWN STEP	2025-09-22T10:47:55.1772496Z [36;1m  "conditional": {[0m
Status Check - Keycloak CI	UNKNOWN STEP	2025-09-22T10:47:55.1772802Z [36;1m    "result": "success",[0m
Status Check - Keycloak CI	UNKNOWN STEP	2025-09-22T10:47:55.1773125Z [36;1m    "outputs": {[0m
Status Check - Keycloak CI	UNKNOWN STEP	2025-09-22T10:47:55.1773572Z [36;1m      "ci-webauthn": "true",[0m
Status Check - Keycloak CI	UNKNOWN STEP	2025-09-22T10:47:55.1773933Z [36;1m      "ci-aurora": "false",[0m
Status Check - Keycloak CI	UNKNOWN STEP	2025-09-22T10:47:55.1774245Z [36;1m      "ci": "true",[0m
Status Check - Keycloak CI	UNKNOWN STEP	2025-09-22T10:47:55.1774536Z [36;1m      "ci-quarkus": "false",[0m
Status Check - Keycloak CI	UNKNOWN STEP	2025-09-22T10:47:55.1774864Z [36;1m      "ci-store": "false",[0m
Status Check - Keycloak CI	UNKNOWN STEP	2025-09-22T10:47:55.1775180Z [36;1m      "ci-sssd": "false"[0m
Status Check - Keycloak CI	UNKNOWN STEP	2025-09-22T10:47:55.1775471Z [36;1m    }[0m
Status Check - Keycloak CI	UNKNOWN STEP	2025-09-22T10:47:55.1775707Z [36;1m  },[0m
Status Check - Keycloak CI	UNKNOWN STEP	2025-09-22T10:47:55.1775950Z [36;1m  "build": {[0m
Status Check - Keycloak CI	UNKNOWN STEP	2025-09-22T10:47:55.1776217Z [36;1m    "result": "success",[0m
Status Check - Keycloak CI	UNKNOWN STEP	2025-09-22T10:47:55.1776537Z [36;1m    "outputs": {}[0m
Status Check - Keycloak CI	UNKNOWN STEP	2025-09-22T10:47:55.1776807Z [36;1m  },[0m
Status Check - Keycloak CI	UNKNOWN STEP	2025-09-22T10:47:55.1777060Z [36;1m  "unit-tests": {[0m
Status Check - Keycloak CI	UNKNOWN STEP	2025-09-22T10:47:55.1777352Z [36;1m    "result": "success",[0m
Status Check - Keycloak CI	UNKNOWN STEP	2025-09-22T10:47:55.1777645Z [36;1m    "outputs": {}[0m
Status Check - Keycloak CI	UNKNOWN STEP	2025-09-22T10:47:55.1777917Z [36;1m  },[0m
Status Check - Keycloak CI	UNKNOWN STEP	2025-09-22T10:47:55.1778181Z [36;1m  "base-integration-tests": {[0m
Status Check - Keycloak CI	UNKNOWN STEP	2025-09-22T10:47:55.1778549Z [36;1m    "result": "success",[0m
Status Check - Keycloak CI	UNKNOWN STEP	2025-09-22T10:47:55.1779042Z [36;1m    "outputs": {}[0m
Status Check - Keycloak CI	UNKNOWN STEP	2025-09-22T10:47:55.1779317Z [36;1m  },[0m
Status Check - Keycloak CI	UNKNOWN STEP	2025-09-22T10:47:55.1779591Z [36;1m  "adapter-integration-tests": {[0m
Status Check - Keycloak CI	UNKNOWN STEP	2025-09-22T10:47:55.1779941Z [36;1m    "result": "success",[0m
Status Check - Keycloak CI	UNKNOWN STEP	2025-09-22T10:47:55.1780394Z [36;1m    "outputs": {}[0m
Status Check - Keycloak CI	UNKNOWN STEP	2025-09-22T10:47:55.1780682Z [36;1m  },[0m
Status Check - Keycloak CI	UNKNOWN STEP	2025-09-22T10:47:55.1781037Z [36;1m  "adapter-integration-tests-strict-cookies": {[0m
Status Check - Keycloak CI	UNKNOWN STEP	2025-09-22T10:47:55.1781424Z [36;1m    "result": "success",[0m
Status Check - Keycloak CI	UNKNOWN STEP	2025-09-22T10:47:55.1781724Z [36;1m    "outputs": {}[0m
Status Check - Keycloak CI	UNKNOWN STEP	2025-09-22T10:47:55.1781988Z [36;1m  },[0m
Status Check - Keycloak CI	UNKNOWN STEP	2025-09-22T10:47:55.1782246Z [36;1m  "quarkus-unit-tests": {[0m
Status Check - Keycloak CI	UNKNOWN STEP	2025-09-22T10:47:55.1782556Z [36;1m    "result": "skipped",[0m
Status Check - Keycloak CI	UNKNOWN STEP	2025-09-22T10:47:55.1782854Z [36;1m    "outputs": {}[0m
Status Check - Keycloak CI	UNKNOWN STEP	2025-09-22T10:47:55.1783114Z [36;1m  },[0m
Status Check - Keycloak CI	UNKNOWN STEP	2025-09-22T10:47:55.1783503Z [36;1m  "quarkus-integration-tests": {[0m
Status Check - Keycloak CI	UNKNOWN STEP	2025-09-22T10:47:55.1783831Z [36;1m    "result": "failure",[0m
Status Check - Keycloak CI	UNKNOWN STEP	2025-09-22T10:47:55.1784121Z [36;1m    "outputs": {}[0m
Status Check - Keycloak CI	UNKNOWN STEP	2025-09-22T10:47:55.1784395Z [36;1m  },[0m
Status Check - Keycloak CI	UNKNOWN STEP	2025-09-22T10:47:55.1784642Z [36;1m  "jdk-integration-tests": {[0m
Status Check - Keycloak CI	UNKNOWN STEP	2025-09-22T10:47:55.1784979Z [36;1m    "result": "success",[0m
Status Check - Keycloak CI	UNKNOWN STEP	2025-09-22T10:47:55.1785279Z [36;1m    "outputs": {}[0m
Status Check - Keycloak CI	UNKNOWN STEP	2025-09-22T10:47:55.1785538Z [36;1m  },[0m
Status Check - Keycloak CI	UNKNOWN STEP	2025-09-22T10:47:55.1785808Z [36;1m  "store-integration-tests": {[0m
Status Check - Keycloak CI	UNKNOWN STEP	2025-09-22T10:47:55.1786131Z [36;1m    "result": "failure",[0m
Status Check - Keycloak CI	UNKNOWN STEP	2025-09-22T10:47:55.1786423Z [36;1m    "outputs": {}[0m
Status Check - Keycloak CI	UNKNOWN STEP	2025-09-22T10:47:55.1786683Z [36;1m  },[0m
Status Check - Keycloak CI	UNKNOWN STEP	2025-09-22T10:47:55.1786945Z [36;1m  "volatile-sessions-tests": {[0m
Status Check - Keycloak CI	UNKNOWN STEP	2025-09-22T10:47:55.1787275Z [36;1m    "result": "skipped",[0m
Status Check - Keycloak CI	UNKNOWN STEP	2025-09-22T10:47:55.1787583Z [36;1m    "outputs": {}[0m
Status Check - Keycloak CI	UNKNOWN STEP	2025-09-22T10:47:55.1787851Z [36;1m  },[0m
Status Check - Keycloak CI	UNKNOWN STEP	2025-09-22T10:47:55.1788100Z [36;1m  "store-model-tests": {[0m
Status Check - Keycloak CI	UNKNOWN STEP	2025-09-22T10:47:55.1788411Z [36;1m    "result": "skipped",[0m
Status Check - Keycloak CI	UNKNOWN STEP	2025-09-22T10:47:55.1788702Z [36;1m    "outputs": {}[0m
Status Check - Keycloak CI	UNKNOWN STEP	2025-09-22T10:47:55.1788968Z [36;1m  },[0m
Status Check - Keycloak CI	UNKNOWN STEP	2025-09-22T10:47:55.1789251Z [36;1m  "clustering-integration-tests": {[0m
Status Check - Keycloak CI	UNKNOWN STEP	2025-09-22T10:47:55.1789604Z [36;1m    "result": "success",[0m
Status Check - Keycloak CI	UNKNOWN STEP	2025-09-22T10:47:55.1789894Z [36;1m    "outputs": {}[0m
Status Check - Keycloak CI	UNKNOWN STEP	2025-09-22T10:47:55.1790160Z [36;1m  },[0m
Status Check - Keycloak CI	UNKNOWN STEP	2025-09-22T10:47:55.1790414Z [36;1m  "fips-unit-tests": {[0m
Status Check - Keycloak CI	UNKNOWN STEP	2025-09-22T10:47:55.1790715Z [36;1m    "result": "success",[0m
Status Check - Keycloak CI	UNKNOWN STEP	2025-09-22T10:47:55.1791009Z [36;1m    "outputs": {}[0m
Status Check - Keycloak CI	UNKNOWN STEP	2025-09-22T10:47:55.1791268Z [36;1m  },[0m
Status Check - Keycloak CI	UNKNOWN STEP	2025-09-22T10:47:55.1791533Z [36;1m  "fips-integration-tests": {[0m
Status Check - Keycloak CI	UNKNOWN STEP	2025-09-22T10:47:55.1791849Z [36;1m    "result": "success",[0m
Status Check - Keycloak CI	UNKNOWN STEP	2025-09-22T10:47:55.1792147Z [36;1m    "outputs": {}[0m
Status Check - Keycloak CI	UNKNOWN STEP	2025-09-22T10:47:55.1792407Z [36;1m  },[0m
Status Check - Keycloak CI	UNKNOWN STEP	2025-09-22T10:47:55.1792670Z [36;1m  "forms-integration-tests": {[0m
Status Check - Keycloak CI	UNKNOWN STEP	2025-09-22T10:47:55.1792988Z [36;1m    "result": "success",[0m
Status Check - Keycloak CI	UNKNOWN STEP	2025-09-22T10:47:55.1793583Z [36;1m    "outputs": {}[0m
Status Check - Keycloak CI	UNKNOWN STEP	2025-09-22T10:47:55.1793867Z [36;1m  },[0m
Status Check - Keycloak CI	UNKNOWN STEP	2025-09-22T10:47:55.1794136Z [36;1m  "webauthn-integration-tests": {[0m
Status Check - Keycloak CI	UNKNOWN STEP	2025-09-22T10:47:55.1794476Z [36;1m    "result": "success",[0m
Status Check - Keycloak CI	UNKNOWN STEP	2025-09-22T10:47:55.1794771Z [36;1m    "outputs": {}[0m
Status Check - Keycloak CI	UNKNOWN STEP	2025-09-22T10:47:55.1795036Z [36;1m  },[0m
Status Check - Keycloak CI	UNKNOWN STEP	2025-09-22T10:47:55.1795278Z [36;1m  "sssd-unit-tests": {[0m
Status Check - Keycloak CI	UNKNOWN STEP	2025-09-22T10:47:55.1795579Z [36;1m    "result": "skipped",[0m
Status Check - Keycloak CI	UNKNOWN STEP	2025-09-22T10:47:55.1795875Z [36;1m    "outputs": {}[0m
Status Check - Keycloak CI	UNKNOWN STEP	2025-09-22T10:47:55.1796143Z [36;1m  },[0m
Status Check - Keycloak CI	UNKNOWN STEP	2025-09-22T10:47:55.1796402Z [36;1m  "migration-tests": {[0m
Status Check - Keycloak CI	UNKNOWN STEP	2025-09-22T10:47:55.1796701Z [36;1m    "result": "success",[0m
Status Check - Keycloak CI	UNKNOWN STEP	2025-09-22T10:47:55.1796994Z [36;1m    "outputs": {}[0m
Status Check - Keycloak CI	UNKNOWN STEP	2025-09-22T10:47:55.1797255Z [36;1m  },[0m
Status Check - Keycloak CI	UNKNOWN STEP	2025-09-22T10:47:55.1797522Z [36;1m  "external-infinispan-tests": {[0m
Status Check - Keycloak CI	UNKNOWN STEP	2025-09-22T10:47:55.1797850Z [36;1m    "result": "skipped",[0m
Status Check - Keycloak CI	UNKNOWN STEP	2025-09-22T10:47:55.1798142Z [36;1m    "outputs": {}[0m
Status Check - Keycloak CI	UNKNOWN STEP	2025-09-22T10:47:55.1798395Z [36;1m  },[0m
Status Check - Keycloak CI	UNKNOWN STEP	2025-09-22T10:47:55.1798643Z [36;1m  "test-framework": {[0m
Status Check - Keycloak CI	UNKNOWN STEP	2025-09-22T10:47:55.1798930Z [36;1m    "result": "success",[0m
Status Check - Keycloak CI	UNKNOWN STEP	2025-09-22T10:47:55.1799230Z [36;1m    "outputs": {}[0m
Status Check - Keycloak CI	UNKNOWN STEP	2025-09-22T10:47:55.1799647Z [36;1m  },[0m
Status Check - Keycloak CI	UNKNOWN STEP	2025-09-22T10:47:55.1799912Z [36;1m  "base-new-integration-tests": {[0m
Status Check - Keycloak CI	UNKNOWN STEP	2025-09-22T10:47:55.1800246Z [36;1m    "result": "success",[0m
Status Check - Keycloak CI	UNKNOWN STEP	2025-09-22T10:47:55.1800532Z [36;1m    "outputs": {}[0m
Status Check - Keycloak CI	UNKNOWN STEP	2025-09-22T10:47:55.1800916Z [36;1m  },[0m
Status Check - Keycloak CI	UNKNOWN STEP	2025-09-22T10:47:55.1801205Z [36;1m  "mixed-cluster-compatibility-tests": {[0m
Status Check - Keycloak CI	UNKNOWN STEP	2025-09-22T10:47:55.1801561Z [36;1m    "result": "skipped",[0m
Status Check - Keycloak CI	UNKNOWN STEP	2025-09-22T10:47:55.1801850Z [36;1m    "outputs": {}[0m
Status Check - Keycloak CI	UNKNOWN STEP	2025-09-22T10:47:55.1802115Z [36;1m  }[0m
Status Check - Keycloak CI	UNKNOWN STEP	2025-09-22T10:47:55.1802343Z [36;1m}'[0m
Status Check - Keycloak CI	UNKNOWN STEP	2025-09-22T10:47:55.1802576Z [36;1m[0m
Status Check - Keycloak CI	UNKNOWN STEP	2025-09-22T10:47:55.1802822Z [36;1mecho "Job status:"[0m
Status Check - Keycloak CI	UNKNOWN STEP	2025-09-22T10:47:55.1803366Z [36;1mecho $JOBS | jq -r 'to_entries[] | " - \(.key): \(.value.result)"'[0m
Status Check - Keycloak CI	UNKNOWN STEP	2025-09-22T10:47:55.1803780Z [36;1m[0m
Status Check - Keycloak CI	UNKNOWN STEP	2025-09-22T10:47:55.1804102Z [36;1mfor i in $(echo $JOBS | jq -r 'to_entries[] | .value.result'); do[0m
Status Check - Keycloak CI	UNKNOWN STEP	2025-09-22T10:47:55.1804560Z [36;1m  if [ "$i" != "success" ] && [ "$i" != "skipped" ]; then[0m
Status Check - Keycloak CI	UNKNOWN STEP	2025-09-22T10:47:55.1804913Z [36;1m    echo ""[0m
Status Check - Keycloak CI	UNKNOWN STEP	2025-09-22T10:47:55.1805197Z [36;1m    echo "Status check not okay!"[0m
Status Check - Keycloak CI	UNKNOWN STEP	2025-09-22T10:47:55.1805508Z [36;1m    exit 1[0m
Status Check - Keycloak CI	UNKNOWN STEP	2025-09-22T10:47:55.1805747Z [36;1m  fi[0m
Status Check - Keycloak CI	UNKNOWN STEP	2025-09-22T10:47:55.1805980Z [36;1mdone[0m
Status Check - Keycloak CI	UNKNOWN STEP	2025-09-22T10:47:55.1860327Z shell: /usr/bin/bash --noprofile --norc -e -o pipefail {0}
Status Check - Keycloak CI	UNKNOWN STEP	2025-09-22T10:47:55.1860764Z env:
Status Check - Keycloak CI	UNKNOWN STEP	2025-09-22T10:47:55.1861131Z   MAVEN_ARGS: -B -nsu -Daether.connector.http.connectionMaxTtl=25
Status Check - Keycloak CI	UNKNOWN STEP	2025-09-22T10:47:55.1861565Z   SUREFIRE_RERUN_FAILING_COUNT: 2
Status Check - Keycloak CI	UNKNOWN STEP	2025-09-22T10:47:55.1861947Z   SUREFIRE_RETRY: -Dsurefire.rerunFailingTestsCount=2
Status Check - Keycloak CI	UNKNOWN STEP	2025-09-22T10:47:55.1862314Z ##[endgroup]
Status Check - Keycloak CI	UNKNOWN STEP	2025-09-22T10:47:55.1931351Z Job status:
Status Check - Keycloak CI	UNKNOWN STEP	2025-09-22T10:47:55.1975158Z  - conditional: success
Status Check - Keycloak CI	UNKNOWN STEP	2025-09-22T10:47:55.1975672Z  - build: success
Status Check - Keycloak CI	UNKNOWN STEP	2025-09-22T10:47:55.1976018Z  - unit-tests: success
Status Check - Keycloak CI	UNKNOWN STEP	2025-09-22T10:47:55.1976391Z  - base-integration-tests: success
Status Check - Keycloak CI	UNKNOWN STEP	2025-09-22T10:47:55.1976782Z  - adapter-integration-tests: success
Status Check - Keycloak CI	UNKNOWN STEP	2025-09-22T10:47:55.1977229Z  - adapter-integration-tests-strict-cookies: success
Status Check - Keycloak CI	UNKNOWN STEP	2025-09-22T10:47:55.1977684Z  - quarkus-unit-tests: skipped
Status Check - Keycloak CI	UNKNOWN STEP	2025-09-22T10:47:55.1978046Z  - quarkus-integration-tests: failure
Status Check - Keycloak CI	UNKNOWN STEP	2025-09-22T10:47:55.1978431Z  - jdk-integration-tests: success
Status Check - Keycloak CI	UNKNOWN STEP	2025-09-22T10:47:55.1978801Z  - store-integration-tests: failure
Status Check - Keycloak CI	UNKNOWN STEP	2025-09-22T10:47:55.1979184Z  - volatile-sessions-tests: skipped
Status Check - Keycloak CI	UNKNOWN STEP	2025-09-22T10:47:55.1979549Z  - store-model-tests: skipped
Status Check - Keycloak CI	UNKNOWN STEP	2025-09-22T10:47:55.1979916Z  - clustering-integration-tests: success
Status Check - Keycloak CI	UNKNOWN STEP	2025-09-22T10:47:55.1980298Z  - fips-unit-tests: success
Status Check - Keycloak CI	UNKNOWN STEP	2025-09-22T10:47:55.1980645Z  - fips-integration-tests: success
Status Check - Keycloak CI	UNKNOWN STEP	2025-09-22T10:47:55.1981017Z  - forms-integration-tests: success
Status Check - Keycloak CI	UNKNOWN STEP	2025-09-22T10:47:55.1981405Z  - webauthn-integration-tests: success
Status Check - Keycloak CI	UNKNOWN STEP	2025-09-22T10:47:55.1982038Z  - sssd-unit-tests: skipped
Status Check - Keycloak CI	UNKNOWN STEP	2025-09-22T10:47:55.1982652Z  - migration-tests: success
Status Check - Keycloak CI	UNKNOWN STEP	2025-09-22T10:47:55.1983490Z  - external-infinispan-tests: skipped
Status Check - Keycloak CI	UNKNOWN STEP	2025-09-22T10:47:55.1984135Z  - test-framework: success
Status Check - Keycloak CI	UNKNOWN STEP	2025-09-22T10:47:55.1984737Z  - base-new-integration-tests: success
Status Check - Keycloak CI	UNKNOWN STEP	2025-09-22T10:47:55.1985429Z  - mixed-cluster-compatibility-tests: skipped
Status Check - Keycloak CI	UNKNOWN STEP	2025-09-22T10:47:55.2010991Z 
Status Check - Keycloak CI	UNKNOWN STEP	2025-09-22T10:47:55.2011282Z Status check not okay!
Status Check - Keycloak CI	UNKNOWN STEP	2025-09-22T10:47:55.2024446Z ##[error]Process completed with exit code 1.
Status Check - Keycloak CI	UNKNOWN STEP	2025-09-22T10:47:55.2216924Z Post job cleanup.
Status Check - Keycloak CI	UNKNOWN STEP	2025-09-22T10:47:55.2984047Z [command]/usr/bin/git version
Status Check - Keycloak CI	UNKNOWN STEP	2025-09-22T10:47:55.3018947Z git version 2.51.0
Status Check - Keycloak CI	UNKNOWN STEP	2025-09-22T10:47:55.3088399Z Temporarily overriding HOME='/home/runner/work/_temp/8276caa2-6e81-4f3a-9094-e56d38d8f0fe' before making global git config changes
Status Check - Keycloak CI	UNKNOWN STEP	2025-09-22T10:47:55.3089960Z Adding repository directory to the temporary git global config as a safe directory
Status Check - Keycloak CI	UNKNOWN STEP	2025-09-22T10:47:55.3093659Z [command]/usr/bin/git config --global --add safe.directory /home/runner/work/keycloak/keycloak
Status Check - Keycloak CI	UNKNOWN STEP	2025-09-22T10:47:55.3132173Z [command]/usr/bin/git config --local --name-only --get-regexp core\.sshCommand
Status Check - Keycloak CI	UNKNOWN STEP	2025-09-22T10:47:55.3164549Z [command]/usr/bin/git submodule foreach --recursive sh -c "git config --local --name-only --get-regexp 'core\.sshCommand' && git config --local --unset-all 'core.sshCommand' || :"
Status Check - Keycloak CI	UNKNOWN STEP	2025-09-22T10:47:55.3410687Z [command]/usr/bin/git config --local --name-only --get-regexp http\.https\:\/\/github\.com\/\.extraheader
Status Check - Keycloak CI	UNKNOWN STEP	2025-09-22T10:47:55.3431715Z http.https://github.com/.extraheader
Status Check - Keycloak CI	UNKNOWN STEP	2025-09-22T10:47:55.3441622Z [command]/usr/bin/git config --local --unset-all http.https://github.com/.extraheader
Status Check - Keycloak CI	UNKNOWN STEP	2025-09-22T10:47:55.3471208Z [command]/usr/bin/git submodule foreach --recursive sh -c "git config --local --name-only --get-regexp 'http\.https\:\/\/github\.com\/\.extraheader' && git config --local --unset-all 'http.https://github.com/.extraheader' || :"
Status Check - Keycloak CI	UNKNOWN STEP	2025-09-22T10:47:55.3816000Z Cleaning up orphan processes
