Check conditional workflows and jobs	Run actions/checkout@v4	2025-01-14T00:17:31.4404388Z ##[group]Run actions/checkout@v4
Check conditional workflows and jobs	Run actions/checkout@v4	2025-01-14T00:17:31.4405305Z with:
Check conditional workflows and jobs	Run actions/checkout@v4	2025-01-14T00:17:31.4405731Z   repository: keycloak/keycloak
Check conditional workflows and jobs	Run actions/checkout@v4	2025-01-14T00:17:31.4406398Z   token: ***
Check conditional workflows and jobs	Run actions/checkout@v4	2025-01-14T00:17:31.4406801Z   ssh-strict: true
Check conditional workflows and jobs	Run actions/checkout@v4	2025-01-14T00:17:31.4407224Z   ssh-user: git
Check conditional workflows and jobs	Run actions/checkout@v4	2025-01-14T00:17:31.4407653Z   persist-credentials: true
Check conditional workflows and jobs	Run actions/checkout@v4	2025-01-14T00:17:31.4408127Z   clean: true
Check conditional workflows and jobs	Run actions/checkout@v4	2025-01-14T00:17:31.4408549Z   sparse-checkout-cone-mode: true
Check conditional workflows and jobs	Run actions/checkout@v4	2025-01-14T00:17:31.4409046Z   fetch-depth: 1
Check conditional workflows and jobs	Run actions/checkout@v4	2025-01-14T00:17:31.4409456Z   fetch-tags: false
Check conditional workflows and jobs	Run actions/checkout@v4	2025-01-14T00:17:31.4409910Z   show-progress: true
Check conditional workflows and jobs	Run actions/checkout@v4	2025-01-14T00:17:31.4410330Z   lfs: false
Check conditional workflows and jobs	Run actions/checkout@v4	2025-01-14T00:17:31.4410728Z   submodules: false
Check conditional workflows and jobs	Run actions/checkout@v4	2025-01-14T00:17:31.4411158Z   set-safe-directory: true
Check conditional workflows and jobs	Run actions/checkout@v4	2025-01-14T00:17:31.4411804Z env:
Check conditional workflows and jobs	Run actions/checkout@v4	2025-01-14T00:17:31.4412372Z   MAVEN_ARGS: -B -nsu -Daether.connector.http.connectionMaxTtl=25
Check conditional workflows and jobs	Run actions/checkout@v4	2025-01-14T00:17:31.4413696Z   MINIKUBE_VERSION: v1.32.0
Check conditional workflows and jobs	Run actions/checkout@v4	2025-01-14T00:17:31.4414403Z   KUBERNETES_VERSION: v1.27.10
Check conditional workflows and jobs	Run actions/checkout@v4	2025-01-14T00:17:31.4415105Z   MINIKUBE_MEMORY: 4096
Check conditional workflows and jobs	Run actions/checkout@v4	2025-01-14T00:17:31.4415857Z ##[endgroup]
Check conditional workflows and jobs	Run actions/checkout@v4	2025-01-14T00:17:31.6418579Z Syncing repository: keycloak/keycloak
Check conditional workflows and jobs	Run actions/checkout@v4	2025-01-14T00:17:31.6420331Z ##[group]Getting Git version info
Check conditional workflows and jobs	Run actions/checkout@v4	2025-01-14T00:17:31.6421042Z Working directory is '/home/runner/work/keycloak/keycloak'
Check conditional workflows and jobs	Run actions/checkout@v4	2025-01-14T00:17:31.6421996Z [command]/usr/bin/git version
Check conditional workflows and jobs	Run actions/checkout@v4	2025-01-14T00:17:31.6493050Z git version 2.47.1
Check conditional workflows and jobs	Run actions/checkout@v4	2025-01-14T00:17:31.6520298Z ##[endgroup]
Check conditional workflows and jobs	Run actions/checkout@v4	2025-01-14T00:17:31.6534622Z Temporarily overriding HOME='/home/runner/work/_temp/289b8130-c6b9-41fe-a241-e5e82abff010' before making global git config changes
Check conditional workflows and jobs	Run actions/checkout@v4	2025-01-14T00:17:31.6537059Z Adding repository directory to the temporary git global config as a safe directory
Check conditional workflows and jobs	Run actions/checkout@v4	2025-01-14T00:17:31.6549907Z [command]/usr/bin/git config --global --add safe.directory /home/runner/work/keycloak/keycloak
Check conditional workflows and jobs	Run actions/checkout@v4	2025-01-14T00:17:31.6585348Z Deleting the contents of '/home/runner/work/keycloak/keycloak'
Check conditional workflows and jobs	Run actions/checkout@v4	2025-01-14T00:17:31.6589022Z ##[group]Initializing the repository
Check conditional workflows and jobs	Run actions/checkout@v4	2025-01-14T00:17:31.6592871Z [command]/usr/bin/git init /home/runner/work/keycloak/keycloak
Check conditional workflows and jobs	Run actions/checkout@v4	2025-01-14T00:17:31.6683176Z hint: Using 'master' as the name for the initial branch. This default branch name
Check conditional workflows and jobs	Run actions/checkout@v4	2025-01-14T00:17:31.6684754Z hint: is subject to change. To configure the initial branch name to use in all
Check conditional workflows and jobs	Run actions/checkout@v4	2025-01-14T00:17:31.6685771Z hint: of your new repositories, which will suppress this warning, call:
Check conditional workflows and jobs	Run actions/checkout@v4	2025-01-14T00:17:31.6686460Z hint:
Check conditional workflows and jobs	Run actions/checkout@v4	2025-01-14T00:17:31.6686942Z hint: 	git config --global init.defaultBranch <name>
Check conditional workflows and jobs	Run actions/checkout@v4	2025-01-14T00:17:31.6687540Z hint:
Check conditional workflows and jobs	Run actions/checkout@v4	2025-01-14T00:17:31.6688109Z hint: Names commonly chosen instead of 'master' are 'main', 'trunk' and
Check conditional workflows and jobs	Run actions/checkout@v4	2025-01-14T00:17:31.6689570Z hint: 'development'. The just-created branch can be renamed via this command:
Check conditional workflows and jobs	Run actions/checkout@v4	2025-01-14T00:17:31.6690326Z hint:
Check conditional workflows and jobs	Run actions/checkout@v4	2025-01-14T00:17:31.6690753Z hint: 	git branch -m <name>
Check conditional workflows and jobs	Run actions/checkout@v4	2025-01-14T00:17:31.6691481Z Initialized empty Git repository in /home/runner/work/keycloak/keycloak/.git/
Check conditional workflows and jobs	Run actions/checkout@v4	2025-01-14T00:17:31.6699808Z [command]/usr/bin/git remote add origin https://github.com/keycloak/keycloak
Check conditional workflows and jobs	Run actions/checkout@v4	2025-01-14T00:17:31.6735734Z ##[endgroup]
Check conditional workflows and jobs	Run actions/checkout@v4	2025-01-14T00:17:31.6736981Z ##[group]Disabling automatic garbage collection
Check conditional workflows and jobs	Run actions/checkout@v4	2025-01-14T00:17:31.6740588Z [command]/usr/bin/git config --local gc.auto 0
Check conditional workflows and jobs	Run actions/checkout@v4	2025-01-14T00:17:31.6770422Z ##[endgroup]
Check conditional workflows and jobs	Run actions/checkout@v4	2025-01-14T00:17:31.6771641Z ##[group]Setting up auth
Check conditional workflows and jobs	Run actions/checkout@v4	2025-01-14T00:17:31.6777931Z [command]/usr/bin/git config --local --name-only --get-regexp core\.sshCommand
Check conditional workflows and jobs	Run actions/checkout@v4	2025-01-14T00:17:31.6809557Z [command]/usr/bin/git submodule foreach --recursive sh -c "git config --local --name-only --get-regexp 'core\.sshCommand' && git config --local --unset-all 'core.sshCommand' || :"
Check conditional workflows and jobs	Run actions/checkout@v4	2025-01-14T00:17:31.7129976Z [command]/usr/bin/git config --local --name-only --get-regexp http\.https\:\/\/github\.com\/\.extraheader
Check conditional workflows and jobs	Run actions/checkout@v4	2025-01-14T00:17:31.7161791Z [command]/usr/bin/git submodule foreach --recursive sh -c "git config --local --name-only --get-regexp 'http\.https\:\/\/github\.com\/\.extraheader' && git config --local --unset-all 'http.https://github.com/.extraheader' || :"
Check conditional workflows and jobs	Run actions/checkout@v4	2025-01-14T00:17:31.7418459Z [command]/usr/bin/git config --local http.https://github.com/.extraheader AUTHORIZATION: basic ***
Check conditional workflows and jobs	Run actions/checkout@v4	2025-01-14T00:17:31.7460221Z ##[endgroup]
Check conditional workflows and jobs	Run actions/checkout@v4	2025-01-14T00:17:31.7461444Z ##[group]Fetching the repository
Check conditional workflows and jobs	Run actions/checkout@v4	2025-01-14T00:17:31.7471029Z [command]/usr/bin/git -c protocol.version=2 fetch --no-tags --prune --no-recurse-submodules --depth=1 origin +2c3b4ff92940db9b9349b6edd6c6b52bbc8ec53b:refs/remotes/origin/main
Check conditional workflows and jobs	Run actions/checkout@v4	2025-01-14T00:18:53.3659524Z remote: Internal Server Error
Check conditional workflows and jobs	Run actions/checkout@v4	2025-01-14T00:18:53.3685832Z ##[error]fatal: unable to access 'https://github.com/keycloak/keycloak/': The requested URL returned error: 500
Check conditional workflows and jobs	Run actions/checkout@v4	2025-01-14T00:18:53.3693104Z The process '/usr/bin/git' failed with exit code 128
Check conditional workflows and jobs	Run actions/checkout@v4	2025-01-14T00:18:53.3693815Z Waiting 19 seconds before trying again
Check conditional workflows and jobs	Run actions/checkout@v4	2025-01-14T00:19:12.3790206Z [command]/usr/bin/git -c protocol.version=2 fetch --no-tags --prune --no-recurse-submodules --depth=1 origin +2c3b4ff92940db9b9349b6edd6c6b52bbc8ec53b:refs/remotes/origin/main
Check conditional workflows and jobs	Run actions/checkout@v4	2025-01-14T00:19:35.5810011Z ##[error]fatal: unable to access 'https://github.com/keycloak/keycloak/': The requested URL returned error: 503
Check conditional workflows and jobs	Run actions/checkout@v4	2025-01-14T00:19:35.5831011Z The process '/usr/bin/git' failed with exit code 128
Check conditional workflows and jobs	Run actions/checkout@v4	2025-01-14T00:19:35.5831493Z Waiting 19 seconds before trying again
Check conditional workflows and jobs	Run actions/checkout@v4	2025-01-14T00:19:54.5931274Z [command]/usr/bin/git -c protocol.version=2 fetch --no-tags --prune --no-recurse-submodules --depth=1 origin +2c3b4ff92940db9b9349b6edd6c6b52bbc8ec53b:refs/remotes/origin/main
Check conditional workflows and jobs	Run actions/checkout@v4	2025-01-14T00:21:49.9021308Z remote: Internal Server Error
Check conditional workflows and jobs	Run actions/checkout@v4	2025-01-14T00:21:49.9022598Z ##[error]fatal: unable to access 'https://github.com/keycloak/keycloak/': The requested URL returned error: 500
Check conditional workflows and jobs	Run actions/checkout@v4	2025-01-14T00:21:49.9068167Z ##[error]The process '/usr/bin/git' failed with exit code 128
Status Check - Keycloak Operator CI	Run /./.github/actions/status-check	2025-01-14T00:22:23.8583603Z Prepare all required actions
Status Check - Keycloak Operator CI	Run /./.github/actions/status-check	2025-01-14T00:22:23.8646650Z ##[group]Run ./.github/actions/status-check
Status Check - Keycloak Operator CI	Run /./.github/actions/status-check	2025-01-14T00:22:23.8646980Z with:
Status Check - Keycloak Operator CI	Run /./.github/actions/status-check	2025-01-14T00:22:23.8647727Z   jobs: {
Status Check - Keycloak Operator CI	Run /./.github/actions/status-check	  "conditional": {
Status Check - Keycloak Operator CI	Run /./.github/actions/status-check	    "result": "failure",
Status Check - Keycloak Operator CI	Run /./.github/actions/status-check	    "outputs": {}
Status Check - Keycloak Operator CI	Run /./.github/actions/status-check	  },
Status Check - Keycloak Operator CI	Run /./.github/actions/status-check	  "build": {
Status Check - Keycloak Operator CI	Run /./.github/actions/status-check	    "result": "skipped",
Status Check - Keycloak Operator CI	Run /./.github/actions/status-check	    "outputs": {}
Status Check - Keycloak Operator CI	Run /./.github/actions/status-check	  },
Status Check - Keycloak Operator CI	Run /./.github/actions/status-check	  "test-local": {
Status Check - Keycloak Operator CI	Run /./.github/actions/status-check	    "result": "skipped",
Status Check - Keycloak Operator CI	Run /./.github/actions/status-check	    "outputs": {}
Status Check - Keycloak Operator CI	Run /./.github/actions/status-check	  },
Status Check - Keycloak Operator CI	Run /./.github/actions/status-check	  "test-remote": {
Status Check - Keycloak Operator CI	Run /./.github/actions/status-check	    "result": "skipped",
Status Check - Keycloak Operator CI	Run /./.github/actions/status-check	    "outputs": {}
Status Check - Keycloak Operator CI	Run /./.github/actions/status-check	  },
Status Check - Keycloak Operator CI	Run /./.github/actions/status-check	  "test-olm": {
Status Check - Keycloak Operator CI	Run /./.github/actions/status-check	    "result": "skipped",
Status Check - Keycloak Operator CI	Run /./.github/actions/status-check	    "outputs": {}
Status Check - Keycloak Operator CI	Run /./.github/actions/status-check	  }
Status Check - Keycloak Operator CI	Run /./.github/actions/status-check	}
Status Check - Keycloak Operator CI	Run /./.github/actions/status-check	2025-01-14T00:22:23.8648581Z env:
Status Check - Keycloak Operator CI	Run /./.github/actions/status-check	2025-01-14T00:22:23.8648881Z   MAVEN_ARGS: -B -nsu -Daether.connector.http.connectionMaxTtl=25
Status Check - Keycloak Operator CI	Run /./.github/actions/status-check	2025-01-14T00:22:23.8649524Z   MINIKUBE_VERSION: v1.32.0
Status Check - Keycloak Operator CI	Run /./.github/actions/status-check	2025-01-14T00:22:23.8649805Z   KUBERNETES_VERSION: v1.27.10
Status Check - Keycloak Operator CI	Run /./.github/actions/status-check	2025-01-14T00:22:23.8650069Z   MINIKUBE_MEMORY: 4096
Status Check - Keycloak Operator CI	Run /./.github/actions/status-check	2025-01-14T00:22:23.8650297Z ##[endgroup]
Status Check - Keycloak Operator CI	Run /./.github/actions/status-check	2025-01-14T00:22:23.8743400Z ##[group]Run JOBS='{
Status Check - Keycloak Operator CI	Run /./.github/actions/status-check	2025-01-14T00:22:23.8743762Z [36;1mJOBS='{[0m
Status Check - Keycloak Operator CI	Run /./.github/actions/status-check	2025-01-14T00:22:23.8743999Z [36;1m  "conditional": {[0m
Status Check - Keycloak Operator CI	Run /./.github/actions/status-check	2025-01-14T00:22:23.8744319Z [36;1m    "result": "failure",[0m
Status Check - Keycloak Operator CI	Run /./.github/actions/status-check	2025-01-14T00:22:23.8744600Z [36;1m    "outputs": {}[0m
Status Check - Keycloak Operator CI	Run /./.github/actions/status-check	2025-01-14T00:22:23.8744868Z [36;1m  },[0m
Status Check - Keycloak Operator CI	Run /./.github/actions/status-check	2025-01-14T00:22:23.8745100Z [36;1m  "build": {[0m
Status Check - Keycloak Operator CI	Run /./.github/actions/status-check	2025-01-14T00:22:23.8745348Z [36;1m    "result": "skipped",[0m
Status Check - Keycloak Operator CI	Run /./.github/actions/status-check	2025-01-14T00:22:23.8745623Z [36;1m    "outputs": {}[0m
Status Check - Keycloak Operator CI	Run /./.github/actions/status-check	2025-01-14T00:22:23.8745865Z [36;1m  },[0m
Status Check - Keycloak Operator CI	Run /./.github/actions/status-check	2025-01-14T00:22:23.8746085Z [36;1m  "test-local": {[0m
Status Check - Keycloak Operator CI	Run /./.github/actions/status-check	2025-01-14T00:22:23.8746339Z [36;1m    "result": "skipped",[0m
Status Check - Keycloak Operator CI	Run /./.github/actions/status-check	2025-01-14T00:22:23.8746601Z [36;1m    "outputs": {}[0m
Status Check - Keycloak Operator CI	Run /./.github/actions/status-check	2025-01-14T00:22:23.8746843Z [36;1m  },[0m
Status Check - Keycloak Operator CI	Run /./.github/actions/status-check	2025-01-14T00:22:23.8747073Z [36;1m  "test-remote": {[0m
Status Check - Keycloak Operator CI	Run /./.github/actions/status-check	2025-01-14T00:22:23.8747323Z [36;1m    "result": "skipped",[0m
Status Check - Keycloak Operator CI	Run /./.github/actions/status-check	2025-01-14T00:22:23.8747587Z [36;1m    "outputs": {}[0m
Status Check - Keycloak Operator CI	Run /./.github/actions/status-check	2025-01-14T00:22:23.8747824Z [36;1m  },[0m
Status Check - Keycloak Operator CI	Run /./.github/actions/status-check	2025-01-14T00:22:23.8748028Z [36;1m  "test-olm": {[0m
Status Check - Keycloak Operator CI	Run /./.github/actions/status-check	2025-01-14T00:22:23.8748272Z [36;1m    "result": "skipped",[0m
Status Check - Keycloak Operator CI	Run /./.github/actions/status-check	2025-01-14T00:22:23.8748538Z [36;1m    "outputs": {}[0m
Status Check - Keycloak Operator CI	Run /./.github/actions/status-check	2025-01-14T00:22:23.8748773Z [36;1m  }[0m
Status Check - Keycloak Operator CI	Run /./.github/actions/status-check	2025-01-14T00:22:23.8748972Z [36;1m}'[0m
Status Check - Keycloak Operator CI	Run /./.github/actions/status-check	2025-01-14T00:22:23.8749183Z [36;1m[0m
Status Check - Keycloak Operator CI	Run /./.github/actions/status-check	2025-01-14T00:22:23.8749387Z [36;1mecho "Job status:"[0m
Status Check - Keycloak Operator CI	Run /./.github/actions/status-check	2025-01-14T00:22:23.8749814Z [36;1mecho $JOBS | jq -r 'to_entries[] | " - \(.key): \(.value.result)"'[0m
Status Check - Keycloak Operator CI	Run /./.github/actions/status-check	2025-01-14T00:22:23.8750168Z [36;1m[0m
Status Check - Keycloak Operator CI	Run /./.github/actions/status-check	2025-01-14T00:22:23.8750445Z [36;1mfor i in $(echo $JOBS | jq -r 'to_entries[] | .value.result'); do[0m
Status Check - Keycloak Operator CI	Run /./.github/actions/status-check	2025-01-14T00:22:23.8750840Z [36;1m  if [ "$i" != "success" ] && [ "$i" != "skipped" ]; then[0m
Status Check - Keycloak Operator CI	Run /./.github/actions/status-check	2025-01-14T00:22:23.8751150Z [36;1m    echo ""[0m
Status Check - Keycloak Operator CI	Run /./.github/actions/status-check	2025-01-14T00:22:23.8751387Z [36;1m    echo "Status check not okay!"[0m
Status Check - Keycloak Operator CI	Run /./.github/actions/status-check	2025-01-14T00:22:23.8751673Z [36;1m    exit 1[0m
Status Check - Keycloak Operator CI	Run /./.github/actions/status-check	2025-01-14T00:22:23.8752180Z [36;1m  fi[0m
Status Check - Keycloak Operator CI	Run /./.github/actions/status-check	2025-01-14T00:22:23.8752395Z [36;1mdone[0m
Status Check - Keycloak Operator CI	Run /./.github/actions/status-check	2025-01-14T00:22:23.8783666Z shell: /usr/bin/bash --noprofile --norc -e -o pipefail {0}
Status Check - Keycloak Operator CI	Run /./.github/actions/status-check	2025-01-14T00:22:23.8784055Z env:
Status Check - Keycloak Operator CI	Run /./.github/actions/status-check	2025-01-14T00:22:23.8784358Z   MAVEN_ARGS: -B -nsu -Daether.connector.http.connectionMaxTtl=25
Status Check - Keycloak Operator CI	Run /./.github/actions/status-check	2025-01-14T00:22:23.8784745Z   MINIKUBE_VERSION: v1.32.0
Status Check - Keycloak Operator CI	Run /./.github/actions/status-check	2025-01-14T00:22:23.8785012Z   KUBERNETES_VERSION: v1.27.10
Status Check - Keycloak Operator CI	Run /./.github/actions/status-check	2025-01-14T00:22:23.8785280Z   MINIKUBE_MEMORY: 4096
Status Check - Keycloak Operator CI	Run /./.github/actions/status-check	2025-01-14T00:22:23.8785506Z ##[endgroup]
Status Check - Keycloak Operator CI	Run /./.github/actions/status-check	2025-01-14T00:22:23.8852424Z Job status:
Status Check - Keycloak Operator CI	Run /./.github/actions/status-check	2025-01-14T00:22:23.8913787Z  - conditional: failure
Status Check - Keycloak Operator CI	Run /./.github/actions/status-check	2025-01-14T00:22:23.8914132Z  - build: skipped
Status Check - Keycloak Operator CI	Run /./.github/actions/status-check	2025-01-14T00:22:23.8914385Z  - test-local: skipped
Status Check - Keycloak Operator CI	Run /./.github/actions/status-check	2025-01-14T00:22:23.8914639Z  - test-remote: skipped
Status Check - Keycloak Operator CI	Run /./.github/actions/status-check	2025-01-14T00:22:23.8914888Z  - test-olm: skipped
Status Check - Keycloak Operator CI	Run /./.github/actions/status-check	2025-01-14T00:22:23.8947649Z 
Status Check - Keycloak Operator CI	Run /./.github/actions/status-check	2025-01-14T00:22:23.8947914Z Status check not okay!
Status Check - Keycloak Operator CI	Run /./.github/actions/status-check	2025-01-14T00:22:23.8960158Z ##[error]Process completed with exit code 1.
