Quarkus IT (windows-latest, win)	UNKNOWN STEP	ï»¿2025-06-16T00:26:46.5404821Z Current runner version: '2.325.0'
Quarkus IT (windows-latest, win)	UNKNOWN STEP	2025-06-16T00:26:46.5426640Z ##[group]Operating System
Quarkus IT (windows-latest, win)	UNKNOWN STEP	2025-06-16T00:26:46.5427393Z Microsoft Windows Server 2022
Quarkus IT (windows-latest, win)	UNKNOWN STEP	2025-06-16T00:26:46.5427895Z 10.0.20348
Quarkus IT (windows-latest, win)	UNKNOWN STEP	2025-06-16T00:26:46.5428351Z Datacenter
Quarkus IT (windows-latest, win)	UNKNOWN STEP	2025-06-16T00:26:46.5428745Z ##[endgroup]
Quarkus IT (windows-latest, win)	UNKNOWN STEP	2025-06-16T00:26:46.5429182Z ##[group]Runner Image
Quarkus IT (windows-latest, win)	UNKNOWN STEP	2025-06-16T00:26:46.5429642Z Image: windows-2022
Quarkus IT (windows-latest, win)	UNKNOWN STEP	2025-06-16T00:26:46.5430125Z Version: 20250609.2.0
Quarkus IT (windows-latest, win)	UNKNOWN STEP	2025-06-16T00:26:46.5431141Z Included Software: https://github.com/actions/runner-images/blob/win22/20250609.2/images/windows/Windows2022-Readme.md
Quarkus IT (windows-latest, win)	UNKNOWN STEP	2025-06-16T00:26:46.5432429Z Image Release: https://github.com/actions/runner-images/releases/tag/win22%2F20250609.2
Quarkus IT (windows-latest, win)	UNKNOWN STEP	2025-06-16T00:26:46.5433297Z ##[endgroup]
Quarkus IT (windows-latest, win)	UNKNOWN STEP	2025-06-16T00:26:46.5433742Z ##[group]Runner Image Provisioner
Quarkus IT (windows-latest, win)	UNKNOWN STEP	2025-06-16T00:26:46.5434245Z 2.0.437.1
Quarkus IT (windows-latest, win)	UNKNOWN STEP	2025-06-16T00:26:46.5434606Z ##[endgroup]
Quarkus IT (windows-latest, win)	UNKNOWN STEP	2025-06-16T00:26:46.5435504Z ##[group]GITHUB_TOKEN Permissions
Quarkus IT (windows-latest, win)	UNKNOWN STEP	2025-06-16T00:26:46.5437523Z Contents: read
Quarkus IT (windows-latest, win)	UNKNOWN STEP	2025-06-16T00:26:46.5438080Z Metadata: read
Quarkus IT (windows-latest, win)	UNKNOWN STEP	2025-06-16T00:26:46.5438564Z ##[endgroup]
Quarkus IT (windows-latest, win)	UNKNOWN STEP	2025-06-16T00:26:46.5440412Z Secret source: Actions
Quarkus IT (windows-latest, win)	UNKNOWN STEP	2025-06-16T00:26:46.5441046Z Prepare workflow directory
Quarkus IT (windows-latest, win)	UNKNOWN STEP	2025-06-16T00:26:46.5802551Z Prepare all required actions
Quarkus IT (windows-latest, win)	UNKNOWN STEP	2025-06-16T00:26:46.5842475Z Getting action download info
Quarkus IT (windows-latest, win)	UNKNOWN STEP	2025-06-16T00:26:46.9990307Z Download action repository 'actions/checkout@11bd71901bbe5b1630ceea73d27597364c9af683' (SHA:11bd71901bbe5b1630ceea73d27597364c9af683)
Quarkus IT (windows-latest, win)	UNKNOWN STEP	2025-06-16T00:26:47.3029225Z Complete job name: Quarkus IT (windows-latest, win)
Quarkus IT (windows-latest, win)	UNKNOWN STEP	2025-06-16T00:26:47.4028261Z ##[group]Run actions/checkout@11bd71901bbe5b1630ceea73d27597364c9af683
Quarkus IT (windows-latest, win)	UNKNOWN STEP	2025-06-16T00:26:47.4029398Z with:
Quarkus IT (windows-latest, win)	UNKNOWN STEP	2025-06-16T00:26:47.4029763Z   repository: keycloak/keycloak
Quarkus IT (windows-latest, win)	UNKNOWN STEP	2025-06-16T00:26:47.4030443Z   token: ***
Quarkus IT (windows-latest, win)	UNKNOWN STEP	2025-06-16T00:26:47.4030785Z   ssh-strict: true
Quarkus IT (windows-latest, win)	UNKNOWN STEP	2025-06-16T00:26:47.4031138Z   ssh-user: git
Quarkus IT (windows-latest, win)	UNKNOWN STEP	2025-06-16T00:26:47.4031494Z   persist-credentials: true
Quarkus IT (windows-latest, win)	UNKNOWN STEP	2025-06-16T00:26:47.4031895Z   clean: true
Quarkus IT (windows-latest, win)	UNKNOWN STEP	2025-06-16T00:26:47.4032250Z   sparse-checkout-cone-mode: true
Quarkus IT (windows-latest, win)	UNKNOWN STEP	2025-06-16T00:26:47.4032706Z   fetch-depth: 1
Quarkus IT (windows-latest, win)	UNKNOWN STEP	2025-06-16T00:26:47.4033044Z   fetch-tags: false
Quarkus IT (windows-latest, win)	UNKNOWN STEP	2025-06-16T00:26:47.4033386Z   show-progress: true
Quarkus IT (windows-latest, win)	UNKNOWN STEP	2025-06-16T00:26:47.4033753Z   lfs: false
Quarkus IT (windows-latest, win)	UNKNOWN STEP	2025-06-16T00:26:47.4034076Z   submodules: false
Quarkus IT (windows-latest, win)	UNKNOWN STEP	2025-06-16T00:26:47.4034441Z   set-safe-directory: true
Quarkus IT (windows-latest, win)	UNKNOWN STEP	2025-06-16T00:26:47.4035020Z env:
Quarkus IT (windows-latest, win)	UNKNOWN STEP	2025-06-16T00:26:47.4035511Z   MAVEN_ARGS: -B -nsu -Daether.connector.http.connectionMaxTtl=25
Quarkus IT (windows-latest, win)	UNKNOWN STEP	2025-06-16T00:26:47.4036138Z   SUREFIRE_RERUN_FAILING_COUNT: 2
Quarkus IT (windows-latest, win)	UNKNOWN STEP	2025-06-16T00:26:47.4036699Z   SUREFIRE_RETRY: -Dsurefire.rerunFailingTestsCount=2
Quarkus IT (windows-latest, win)	UNKNOWN STEP	2025-06-16T00:26:47.4037250Z   MAVEN_OPTS: -Xmx1536m
Quarkus IT (windows-latest, win)	UNKNOWN STEP	2025-06-16T00:26:47.4037622Z ##[endgroup]
Quarkus IT (windows-latest, win)	UNKNOWN STEP	2025-06-16T00:26:47.9140754Z Syncing repository: keycloak/keycloak
Quarkus IT (windows-latest, win)	UNKNOWN STEP	2025-06-16T00:26:47.9176542Z ##[group]Getting Git version info
Quarkus IT (windows-latest, win)	UNKNOWN STEP	2025-06-16T00:26:47.9177843Z Working directory is 'D:\a\keycloak\keycloak'
Quarkus IT (windows-latest, win)	UNKNOWN STEP	2025-06-16T00:26:48.1774037Z [command]"C:\Program Files\Git\bin\git.exe" version
Quarkus IT (windows-latest, win)	UNKNOWN STEP	2025-06-16T00:26:48.2075764Z git version 2.49.0.windows.1
Quarkus IT (windows-latest, win)	UNKNOWN STEP	2025-06-16T00:26:48.2219238Z ##[endgroup]
Quarkus IT (windows-latest, win)	UNKNOWN STEP	2025-06-16T00:26:48.2238363Z Temporarily overriding HOME='D:\a\_temp\5bdfeab0-c493-4711-861c-994c21ad2060' before making global git config changes
Quarkus IT (windows-latest, win)	UNKNOWN STEP	2025-06-16T00:26:48.2239952Z Adding repository directory to the temporary git global config as a safe directory
Quarkus IT (windows-latest, win)	UNKNOWN STEP	2025-06-16T00:26:48.2250108Z [command]"C:\Program Files\Git\bin\git.exe" config --global --add safe.directory D:\a\keycloak\keycloak
Quarkus IT (windows-latest, win)	UNKNOWN STEP	2025-06-16T00:26:48.2896308Z Deleting the contents of 'D:\a\keycloak\keycloak'
Quarkus IT (windows-latest, win)	UNKNOWN STEP	2025-06-16T00:26:48.2901858Z ##[group]Initializing the repository
Quarkus IT (windows-latest, win)	UNKNOWN STEP	2025-06-16T00:26:48.2912108Z [command]"C:\Program Files\Git\bin\git.exe" init D:\a\keycloak\keycloak
Quarkus IT (windows-latest, win)	UNKNOWN STEP	2025-06-16T00:26:48.4114911Z Initialized empty Git repository in D:/a/keycloak/keycloak/.git/
Quarkus IT (windows-latest, win)	UNKNOWN STEP	2025-06-16T00:26:48.4152581Z [command]"C:\Program Files\Git\bin\git.exe" remote add origin https://github.com/keycloak/keycloak
Quarkus IT (windows-latest, win)	UNKNOWN STEP	2025-06-16T00:26:48.4732752Z ##[endgroup]
Quarkus IT (windows-latest, win)	UNKNOWN STEP	2025-06-16T00:26:48.4733529Z ##[group]Disabling automatic garbage collection
Quarkus IT (windows-latest, win)	UNKNOWN STEP	2025-06-16T00:26:48.4747340Z [command]"C:\Program Files\Git\bin\git.exe" config --local gc.auto 0
Quarkus IT (windows-latest, win)	UNKNOWN STEP	2025-06-16T00:26:48.4995198Z ##[endgroup]
Quarkus IT (windows-latest, win)	UNKNOWN STEP	2025-06-16T00:26:48.4996134Z ##[group]Setting up auth
Quarkus IT (windows-latest, win)	UNKNOWN STEP	2025-06-16T00:26:48.5007069Z [command]"C:\Program Files\Git\bin\git.exe" config --local --name-only --get-regexp core\.sshCommand
Quarkus IT (windows-latest, win)	UNKNOWN STEP	2025-06-16T00:26:48.5236956Z [command]"C:\Program Files\Git\bin\git.exe" submodule foreach --recursive "sh -c \"git config --local --name-only --get-regexp 'core\.sshCommand' && git config --local --unset-all 'core.sshCommand' || :\""
Quarkus IT (windows-latest, win)	UNKNOWN STEP	2025-06-16T00:26:49.8056014Z [command]"C:\Program Files\Git\bin\git.exe" config --local --name-only --get-regexp http\.https\:\/\/github\.com\/\.extraheader
Quarkus IT (windows-latest, win)	UNKNOWN STEP	2025-06-16T00:26:49.8276783Z [command]"C:\Program Files\Git\bin\git.exe" submodule foreach --recursive "sh -c \"git config --local --name-only --get-regexp 'http\.https\:\/\/github\.com\/\.extraheader' && git config --local --unset-all 'http.https://github.com/.extraheader' || :\""
Quarkus IT (windows-latest, win)	UNKNOWN STEP	2025-06-16T00:26:50.2374937Z [command]"C:\Program Files\Git\bin\git.exe" config --local http.https://github.com/.extraheader "AUTHORIZATION: basic ***"
Quarkus IT (windows-latest, win)	UNKNOWN STEP	2025-06-16T00:26:50.2592419Z ##[endgroup]
Quarkus IT (windows-latest, win)	UNKNOWN STEP	2025-06-16T00:26:50.2592974Z ##[group]Fetching the repository
Quarkus IT (windows-latest, win)	UNKNOWN STEP	2025-06-16T00:26:50.2606333Z [command]"C:\Program Files\Git\bin\git.exe" -c protocol.version=2 fetch --no-tags --prune --no-recurse-submodules --depth=1 origin +00099b1afc21e12c3c17271096c42b7d2b0c487b:refs/remotes/origin/main
Quarkus IT (windows-latest, win)	UNKNOWN STEP	2025-06-16T00:26:52.8211050Z From https://github.com/keycloak/keycloak
Quarkus IT (windows-latest, win)	UNKNOWN STEP	2025-06-16T00:26:52.8211816Z  * [new ref]         00099b1afc21e12c3c17271096c42b7d2b0c487b -> origin/main
Quarkus IT (windows-latest, win)	UNKNOWN STEP	2025-06-16T00:26:52.8405007Z ##[endgroup]
Quarkus IT (windows-latest, win)	UNKNOWN STEP	2025-06-16T00:26:52.8405753Z ##[group]Determining the checkout info
Quarkus IT (windows-latest, win)	UNKNOWN STEP	2025-06-16T00:26:52.8406734Z ##[endgroup]
Quarkus IT (windows-latest, win)	UNKNOWN STEP	2025-06-16T00:26:52.8418226Z [command]"C:\Program Files\Git\bin\git.exe" sparse-checkout disable
Quarkus IT (windows-latest, win)	UNKNOWN STEP	2025-06-16T00:26:52.8952770Z [command]"C:\Program Files\Git\bin\git.exe" config --local --unset-all extensions.worktreeConfig
Quarkus IT (windows-latest, win)	UNKNOWN STEP	2025-06-16T00:26:52.9173004Z ##[group]Checking out the ref
Quarkus IT (windows-latest, win)	UNKNOWN STEP	2025-06-16T00:26:52.9181190Z [command]"C:\Program Files\Git\bin\git.exe" checkout --progress --force -B main refs/remotes/origin/main
Quarkus IT (windows-latest, win)	UNKNOWN STEP	2025-06-16T00:26:53.9603571Z Updating files:  41% (4340/10503)
Quarkus IT (windows-latest, win)	UNKNOWN STEP	2025-06-16T00:26:53.9812636Z Updating files:  42% (4412/10503)
Quarkus IT (windows-latest, win)	UNKNOWN STEP	2025-06-16T00:26:54.0016190Z Updating files:  43% (4517/10503)
Quarkus IT (windows-latest, win)	UNKNOWN STEP	2025-06-16T00:26:54.0223706Z Updating files:  44% (4622/10503)
Quarkus IT (windows-latest, win)	UNKNOWN STEP	2025-06-16T00:26:54.0431022Z Updating files:  45% (4727/10503)
Quarkus IT (windows-latest, win)	UNKNOWN STEP	2025-06-16T00:26:54.0669272Z Updating files:  46% (4832/10503)
Quarkus IT (windows-latest, win)	UNKNOWN STEP	2025-06-16T00:26:54.0875417Z Updating files:  47% (4937/10503)
Quarkus IT (windows-latest, win)	UNKNOWN STEP	2025-06-16T00:26:54.1071118Z Updating files:  48% (5042/10503)
Quarkus IT (windows-latest, win)	UNKNOWN STEP	2025-06-16T00:26:54.1240011Z Updating files:  49% (5147/10503)
Quarkus IT (windows-latest, win)	UNKNOWN STEP	2025-06-16T00:26:54.1454911Z Updating files:  50% (5252/10503)
Quarkus IT (windows-latest, win)	UNKNOWN STEP	2025-06-16T00:26:54.1651996Z Updating files:  51% (5357/10503)
Quarkus IT (windows-latest, win)	UNKNOWN STEP	2025-06-16T00:26:54.2645700Z Updating files:  52% (5462/10503)
Quarkus IT (windows-latest, win)	UNKNOWN STEP	2025-06-16T00:26:54.2844114Z Updating files:  53% (5567/10503)
Quarkus IT (windows-latest, win)	UNKNOWN STEP	2025-06-16T00:26:54.3032786Z Updating files:  54% (5672/10503)
Quarkus IT (windows-latest, win)	UNKNOWN STEP	2025-06-16T00:26:54.3201780Z Updating files:  55% (5777/10503)
Quarkus IT (windows-latest, win)	UNKNOWN STEP	2025-06-16T00:26:54.3408646Z Updating files:  56% (5882/10503)
Quarkus IT (windows-latest, win)	UNKNOWN STEP	2025-06-16T00:26:54.3587551Z Updating files:  57% (5987/10503)
Quarkus IT (windows-latest, win)	UNKNOWN STEP	2025-06-16T00:26:54.3801821Z Updating files:  58% (6092/10503)
Quarkus IT (windows-latest, win)	UNKNOWN STEP	2025-06-16T00:26:54.3977768Z Updating files:  59% (6197/10503)
Quarkus IT (windows-latest, win)	UNKNOWN STEP	2025-06-16T00:26:54.4183179Z Updating files:  60% (6302/10503)
Quarkus IT (windows-latest, win)	UNKNOWN STEP	2025-06-16T00:26:54.4375588Z Updating files:  61% (6407/10503)
Quarkus IT (windows-latest, win)	UNKNOWN STEP	2025-06-16T00:26:54.4627679Z Updating files:  62% (6512/10503)
Quarkus IT (windows-latest, win)	UNKNOWN STEP	2025-06-16T00:26:54.4803734Z Updating files:  63% (6617/10503)
Quarkus IT (windows-latest, win)	UNKNOWN STEP	2025-06-16T00:26:54.4990689Z Updating files:  64% (6722/10503)
Quarkus IT (windows-latest, win)	UNKNOWN STEP	2025-06-16T00:26:54.5190444Z Updating files:  65% (6827/10503)
Quarkus IT (windows-latest, win)	UNKNOWN STEP	2025-06-16T00:26:54.5380110Z Updating files:  66% (6932/10503)
Quarkus IT (windows-latest, win)	UNKNOWN STEP	2025-06-16T00:26:54.5580023Z Updating files:  67% (7038/10503)
Quarkus IT (windows-latest, win)	UNKNOWN STEP	2025-06-16T00:26:54.5772618Z Updating files:  68% (7143/10503)
Quarkus IT (windows-latest, win)	UNKNOWN STEP	2025-06-16T00:26:54.5936604Z Updating files:  69% (7248/10503)
Quarkus IT (windows-latest, win)	UNKNOWN STEP	2025-06-16T00:26:54.6128981Z Updating files:  70% (7353/10503)
Quarkus IT (windows-latest, win)	UNKNOWN STEP	2025-06-16T00:26:54.6312408Z Updating files:  71% (7458/10503)
Quarkus IT (windows-latest, win)	UNKNOWN STEP	2025-06-16T00:26:54.6499264Z Updating files:  72% (7563/10503)
Quarkus IT (windows-latest, win)	UNKNOWN STEP	2025-06-16T00:26:54.6658664Z Updating files:  73% (7668/10503)
Quarkus IT (windows-latest, win)	UNKNOWN STEP	2025-06-16T00:26:54.6879567Z Updating files:  74% (7773/10503)
Quarkus IT (windows-latest, win)	UNKNOWN STEP	2025-06-16T00:26:54.7053980Z Updating files:  75% (7878/10503)
Quarkus IT (windows-latest, win)	UNKNOWN STEP	2025-06-16T00:26:54.7264061Z Updating files:  76% (7983/10503)
Quarkus IT (windows-latest, win)	UNKNOWN STEP	2025-06-16T00:26:54.7478158Z Updating files:  77% (8088/10503)
Quarkus IT (windows-latest, win)	UNKNOWN STEP	2025-06-16T00:26:54.7692019Z Updating files:  78% (8193/10503)
Quarkus IT (windows-latest, win)	UNKNOWN STEP	2025-06-16T00:26:54.7900936Z Updating files:  79% (8298/10503)
Quarkus IT (windows-latest, win)	UNKNOWN STEP	2025-06-16T00:26:54.8100670Z Updating files:  80% (8403/10503)
Quarkus IT (windows-latest, win)	UNKNOWN STEP	2025-06-16T00:26:54.8281034Z Updating files:  81% (8508/10503)
Quarkus IT (windows-latest, win)	UNKNOWN STEP	2025-06-16T00:26:54.8760137Z Updating files:  82% (8613/10503)
Quarkus IT (windows-latest, win)	UNKNOWN STEP	2025-06-16T00:26:54.8955838Z Updating files:  83% (8718/10503)
Quarkus IT (windows-latest, win)	UNKNOWN STEP	2025-06-16T00:26:54.9139886Z Updating files:  84% (8823/10503)
Quarkus IT (windows-latest, win)	UNKNOWN STEP	2025-06-16T00:26:54.9334759Z Updating files:  85% (8928/10503)
Quarkus IT (windows-latest, win)	UNKNOWN STEP	2025-06-16T00:26:54.9461961Z Updating files:  86% (9033/10503)
Quarkus IT (windows-latest, win)	UNKNOWN STEP	2025-06-16T00:26:54.9548004Z Updating files:  86% (9100/10503)
Quarkus IT (windows-latest, win)	UNKNOWN STEP	2025-06-16T00:26:54.9769540Z Updating files:  87% (9138/10503)
Quarkus IT (windows-latest, win)	UNKNOWN STEP	2025-06-16T00:26:54.9967788Z Updating files:  88% (9243/10503)
Quarkus IT (windows-latest, win)	UNKNOWN STEP	2025-06-16T00:26:55.0190274Z Updating files:  89% (9348/10503)
Quarkus IT (windows-latest, win)	UNKNOWN STEP	2025-06-16T00:26:55.0414517Z Updating files:  90% (9453/10503)
Quarkus IT (windows-latest, win)	UNKNOWN STEP	2025-06-16T00:26:55.0656348Z Updating files:  91% (9558/10503)
Quarkus IT (windows-latest, win)	UNKNOWN STEP	2025-06-16T00:26:55.0895870Z Updating files:  92% (9663/10503)
Quarkus IT (windows-latest, win)	UNKNOWN STEP	2025-06-16T00:26:55.1093959Z Updating files:  93% (9768/10503)
Quarkus IT (windows-latest, win)	UNKNOWN STEP	2025-06-16T00:26:55.1306100Z Updating files:  94% (9873/10503)
Quarkus IT (windows-latest, win)	UNKNOWN STEP	2025-06-16T00:26:55.1572516Z Updating files:  95% (9978/10503)
Quarkus IT (windows-latest, win)	UNKNOWN STEP	2025-06-16T00:26:55.1805820Z Updating files:  96% (10083/10503)
Quarkus IT (windows-latest, win)	UNKNOWN STEP	2025-06-16T00:26:55.2009684Z Updating files:  97% (10188/10503)
Quarkus IT (windows-latest, win)	UNKNOWN STEP	2025-06-16T00:26:55.2190232Z Updating files:  98% (10293/10503)
Quarkus IT (windows-latest, win)	UNKNOWN STEP	2025-06-16T00:26:55.2387224Z Updating files:  99% (10398/10503)
Quarkus IT (windows-latest, win)	UNKNOWN STEP	2025-06-16T00:26:55.2390234Z Updating files: 100% (10503/10503)
Quarkus IT (windows-latest, win)	UNKNOWN STEP	2025-06-16T00:26:55.2391050Z Updating files: 100% (10503/10503), done.
Quarkus IT (windows-latest, win)	UNKNOWN STEP	2025-06-16T00:26:55.2669116Z branch 'main' set up to track 'origin/main'.
Quarkus IT (windows-latest, win)	UNKNOWN STEP	2025-06-16T00:26:55.2674344Z Switched to a new branch 'main'
Quarkus IT (windows-latest, win)	UNKNOWN STEP	2025-06-16T00:26:55.2762719Z ##[endgroup]
Quarkus IT (windows-latest, win)	UNKNOWN STEP	2025-06-16T00:26:55.3078403Z [command]"C:\Program Files\Git\bin\git.exe" log -1 --format=%H
Quarkus IT (windows-latest, win)	UNKNOWN STEP	2025-06-16T00:26:55.3272492Z 00099b1afc21e12c3c17271096c42b7d2b0c487b
Quarkus IT (windows-latest, win)	UNKNOWN STEP	2025-06-16T00:26:55.3697205Z Prepare all required actions
Quarkus IT (windows-latest, win)	UNKNOWN STEP	2025-06-16T00:26:55.3697699Z Getting action download info
Quarkus IT (windows-latest, win)	UNKNOWN STEP	2025-06-16T00:26:55.5102049Z Download action repository 'actions/download-artifact@d3f86a106a0bac45b974a628896c90dbdf5c8093' (SHA:d3f86a106a0bac45b974a628896c90dbdf5c8093)
Quarkus IT (windows-latest, win)	UNKNOWN STEP	2025-06-16T00:26:56.1454159Z ##[group]Run ./.github/actions/integration-test-setup
Quarkus IT (windows-latest, win)	UNKNOWN STEP	2025-06-16T00:26:56.1454430Z with:
Quarkus IT (windows-latest, win)	UNKNOWN STEP	2025-06-16T00:26:56.1454576Z   jdk-dist: temurin
Quarkus IT (windows-latest, win)	UNKNOWN STEP	2025-06-16T00:26:56.1454736Z   jdk-version: 21
Quarkus IT (windows-latest, win)	UNKNOWN STEP	2025-06-16T00:26:56.1454884Z env:
Quarkus IT (windows-latest, win)	UNKNOWN STEP	2025-06-16T00:26:56.1455111Z   MAVEN_ARGS: -B -nsu -Daether.connector.http.connectionMaxTtl=25
Quarkus IT (windows-latest, win)	UNKNOWN STEP	2025-06-16T00:26:56.1455446Z   SUREFIRE_RERUN_FAILING_COUNT: 2
Quarkus IT (windows-latest, win)	UNKNOWN STEP	2025-06-16T00:26:56.1455696Z   SUREFIRE_RETRY: -Dsurefire.rerunFailingTestsCount=2
Quarkus IT (windows-latest, win)	UNKNOWN STEP	2025-06-16T00:26:56.1455962Z   MAVEN_OPTS: -Xmx1536m
Quarkus IT (windows-latest, win)	UNKNOWN STEP	2025-06-16T00:26:56.1456126Z ##[endgroup]
Quarkus IT (windows-latest, win)	UNKNOWN STEP	2025-06-16T00:26:56.1619769Z Prepare all required actions
Quarkus IT (windows-latest, win)	UNKNOWN STEP	2025-06-16T00:26:56.1646616Z ##[group]Run ./.github/actions/update-hosts
Quarkus IT (windows-latest, win)	UNKNOWN STEP	2025-06-16T00:26:56.1647284Z env:
Quarkus IT (windows-latest, win)	UNKNOWN STEP	2025-06-16T00:26:56.1647566Z   MAVEN_ARGS: -B -nsu -Daether.connector.http.connectionMaxTtl=25
Quarkus IT (windows-latest, win)	UNKNOWN STEP	2025-06-16T00:26:56.1647904Z   SUREFIRE_RERUN_FAILING_COUNT: 2
Quarkus IT (windows-latest, win)	UNKNOWN STEP	2025-06-16T00:26:56.1648188Z   SUREFIRE_RETRY: -Dsurefire.rerunFailingTestsCount=2
Quarkus IT (windows-latest, win)	UNKNOWN STEP	2025-06-16T00:26:56.1648473Z   MAVEN_OPTS: -Xmx1536m
Quarkus IT (windows-latest, win)	UNKNOWN STEP	2025-06-16T00:26:56.1648664Z ##[endgroup]
Quarkus IT (windows-latest, win)	UNKNOWN STEP	2025-06-16T00:26:56.1764400Z ##[group]Run "`n`n" | Add-Content C:\Windows\System32\drivers\etc\hosts
Quarkus IT (windows-latest, win)	UNKNOWN STEP	2025-06-16T00:26:56.1764844Z [36;1m"`n`n" | Add-Content C:\Windows\System32\drivers\etc\hosts[0m
Quarkus IT (windows-latest, win)	UNKNOWN STEP	2025-06-16T00:26:56.1765595Z [36;1mGet-Content .github/actions/update-hosts/nipio-hosts | Add-Content C:\Windows\System32\drivers\etc\hosts[0m
Quarkus IT (windows-latest, win)	UNKNOWN STEP	2025-06-16T00:26:56.1800976Z shell: C:\Windows\System32\WindowsPowerShell\v1.0\powershell.EXE -command ". '{0}'"
Quarkus IT (windows-latest, win)	UNKNOWN STEP	2025-06-16T00:26:56.1801354Z env:
Quarkus IT (windows-latest, win)	UNKNOWN STEP	2025-06-16T00:26:56.1801593Z   MAVEN_ARGS: -B -nsu -Daether.connector.http.connectionMaxTtl=25
Quarkus IT (windows-latest, win)	UNKNOWN STEP	2025-06-16T00:26:56.1801925Z   SUREFIRE_RERUN_FAILING_COUNT: 2
Quarkus IT (windows-latest, win)	UNKNOWN STEP	2025-06-16T00:26:56.1802172Z   SUREFIRE_RETRY: -Dsurefire.rerunFailingTestsCount=2
Quarkus IT (windows-latest, win)	UNKNOWN STEP	2025-06-16T00:26:56.1802437Z   MAVEN_OPTS: -Xmx1536m
Quarkus IT (windows-latest, win)	UNKNOWN STEP	2025-06-16T00:26:56.1802608Z ##[endgroup]
Quarkus IT (windows-latest, win)	UNKNOWN STEP	2025-06-16T00:26:56.4249359Z Prepare all required actions
Quarkus IT (windows-latest, win)	UNKNOWN STEP	2025-06-16T00:26:56.4249629Z Getting action download info
Quarkus IT (windows-latest, win)	UNKNOWN STEP	2025-06-16T00:26:56.5646464Z Download action repository 'actions/setup-java@c5195efecf7bdfc987ee8bae7a71cb8b11521c00' (SHA:c5195efecf7bdfc987ee8bae7a71cb8b11521c00)
Quarkus IT (windows-latest, win)	UNKNOWN STEP	2025-06-16T00:26:57.5634866Z ##[group]Run ./.github/actions/java-setup
Quarkus IT (windows-latest, win)	UNKNOWN STEP	2025-06-16T00:26:57.5635135Z with:
Quarkus IT (windows-latest, win)	UNKNOWN STEP	2025-06-16T00:26:57.5635322Z   distribution: temurin
Quarkus IT (windows-latest, win)	UNKNOWN STEP	2025-06-16T00:26:57.5635528Z   java-version: 21
Quarkus IT (windows-latest, win)	UNKNOWN STEP	2025-06-16T00:26:57.5635702Z env:
Quarkus IT (windows-latest, win)	UNKNOWN STEP	2025-06-16T00:26:57.5635975Z   MAVEN_ARGS: -B -nsu -Daether.connector.http.connectionMaxTtl=25
Quarkus IT (windows-latest, win)	UNKNOWN STEP	2025-06-16T00:26:57.5636345Z   SUREFIRE_RERUN_FAILING_COUNT: 2
Quarkus IT (windows-latest, win)	UNKNOWN STEP	2025-06-16T00:26:57.5636648Z   SUREFIRE_RETRY: -Dsurefire.rerunFailingTestsCount=2
Quarkus IT (windows-latest, win)	UNKNOWN STEP	2025-06-16T00:26:57.5636960Z   MAVEN_OPTS: -Xmx1536m
Quarkus IT (windows-latest, win)	UNKNOWN STEP	2025-06-16T00:26:57.5637170Z ##[endgroup]
Quarkus IT (windows-latest, win)	UNKNOWN STEP	2025-06-16T00:26:57.5784255Z ##[group]Run actions/setup-java@c5195efecf7bdfc987ee8bae7a71cb8b11521c00
Quarkus IT (windows-latest, win)	UNKNOWN STEP	2025-06-16T00:26:57.5784565Z with:
Quarkus IT (windows-latest, win)	UNKNOWN STEP	2025-06-16T00:26:57.5784711Z   distribution: temurin
Quarkus IT (windows-latest, win)	UNKNOWN STEP	2025-06-16T00:26:57.5784873Z   java-version: 21
Quarkus IT (windows-latest, win)	UNKNOWN STEP	2025-06-16T00:26:57.5785029Z   java-package: jdk
Quarkus IT (windows-latest, win)	UNKNOWN STEP	2025-06-16T00:26:57.5785193Z   check-latest: false
Quarkus IT (windows-latest, win)	UNKNOWN STEP	2025-06-16T00:26:57.5785353Z   server-id: github
Quarkus IT (windows-latest, win)	UNKNOWN STEP	2025-06-16T00:26:57.5785516Z   server-username: GITHUB_ACTOR
Quarkus IT (windows-latest, win)	UNKNOWN STEP	2025-06-16T00:26:57.5785710Z   server-password: GITHUB_TOKEN
Quarkus IT (windows-latest, win)	UNKNOWN STEP	2025-06-16T00:26:57.5785915Z   overwrite-settings: true
Quarkus IT (windows-latest, win)	UNKNOWN STEP	2025-06-16T00:26:57.5786092Z   job-status: success
Quarkus IT (windows-latest, win)	UNKNOWN STEP	2025-06-16T00:26:57.5786344Z   token: ***
Quarkus IT (windows-latest, win)	UNKNOWN STEP	2025-06-16T00:26:57.5786476Z env:
Quarkus IT (windows-latest, win)	UNKNOWN STEP	2025-06-16T00:26:57.5786701Z   MAVEN_ARGS: -B -nsu -Daether.connector.http.connectionMaxTtl=25
Quarkus IT (windows-latest, win)	UNKNOWN STEP	2025-06-16T00:26:57.5787001Z   SUREFIRE_RERUN_FAILING_COUNT: 2
Quarkus IT (windows-latest, win)	UNKNOWN STEP	2025-06-16T00:26:57.5787243Z   SUREFIRE_RETRY: -Dsurefire.rerunFailingTestsCount=2
Quarkus IT (windows-latest, win)	UNKNOWN STEP	2025-06-16T00:26:57.5789279Z   MAVEN_OPTS: -Xmx1536m
Quarkus IT (windows-latest, win)	UNKNOWN STEP	2025-06-16T00:26:57.5789502Z ##[endgroup]
Quarkus IT (windows-latest, win)	UNKNOWN STEP	2025-06-16T00:26:57.8630802Z ##[group]Installed distributions
Quarkus IT (windows-latest, win)	UNKNOWN STEP	2025-06-16T00:26:57.8923304Z Resolved Java 21.0.7+6.0 from tool-cache
Quarkus IT (windows-latest, win)	UNKNOWN STEP	2025-06-16T00:26:57.8923936Z Setting Java 21.0.7+6.0 as the default
Quarkus IT (windows-latest, win)	UNKNOWN STEP	2025-06-16T00:26:57.8958619Z Creating toolchains.xml for JDK version 21 from temurin
Quarkus IT (windows-latest, win)	UNKNOWN STEP	2025-06-16T00:26:57.9063477Z Writing to C:\Users\runneradmin\.m2\toolchains.xml
Quarkus IT (windows-latest, win)	UNKNOWN STEP	2025-06-16T00:26:57.9067975Z 
Quarkus IT (windows-latest, win)	UNKNOWN STEP	2025-06-16T00:26:57.9068583Z Java configuration:
Quarkus IT (windows-latest, win)	UNKNOWN STEP	2025-06-16T00:26:57.9069311Z   Distribution: temurin
Quarkus IT (windows-latest, win)	UNKNOWN STEP	2025-06-16T00:26:57.9069537Z   Version: 21.0.7+6.0
Quarkus IT (windows-latest, win)	UNKNOWN STEP	2025-06-16T00:26:57.9070785Z   Path: C:\hostedtoolcache\windows\Java_Temurin-Hotspot_jdk\21.0.7-6.0\x64
Quarkus IT (windows-latest, win)	UNKNOWN STEP	2025-06-16T00:26:57.9071617Z 
Quarkus IT (windows-latest, win)	UNKNOWN STEP	2025-06-16T00:26:57.9072649Z ##[endgroup]
Quarkus IT (windows-latest, win)	UNKNOWN STEP	2025-06-16T00:26:57.9088415Z Creating settings.xml with server-id: github
Quarkus IT (windows-latest, win)	UNKNOWN STEP	2025-06-16T00:26:57.9099686Z Writing to C:\Users\runneradmin\.m2\settings.xml
Quarkus IT (windows-latest, win)	UNKNOWN STEP	2025-06-16T00:26:57.9329219Z Prepare all required actions
Quarkus IT (windows-latest, win)	UNKNOWN STEP	2025-06-16T00:26:57.9329548Z Getting action download info
Quarkus IT (windows-latest, win)	UNKNOWN STEP	2025-06-16T00:26:58.0705450Z Download action repository 'actions/cache@5a3ec84eff668545956fd18022155c47e93e2684' (SHA:5a3ec84eff668545956fd18022155c47e93e2684)
Quarkus IT (windows-latest, win)	UNKNOWN STEP	2025-06-16T00:26:58.3279795Z ##[group]Run ./.github/actions/maven-cache
Quarkus IT (windows-latest, win)	UNKNOWN STEP	2025-06-16T00:26:58.3280023Z with:
Quarkus IT (windows-latest, win)	UNKNOWN STEP	2025-06-16T00:26:58.3280189Z   create-cache-if-it-doesnt-exist: false
Quarkus IT (windows-latest, win)	UNKNOWN STEP	2025-06-16T00:26:58.3280411Z env:
Quarkus IT (windows-latest, win)	UNKNOWN STEP	2025-06-16T00:26:58.3280633Z   MAVEN_ARGS: -B -nsu -Daether.connector.http.connectionMaxTtl=25
Quarkus IT (windows-latest, win)	UNKNOWN STEP	2025-06-16T00:26:58.3280951Z   SUREFIRE_RERUN_FAILING_COUNT: 2
Quarkus IT (windows-latest, win)	UNKNOWN STEP	2025-06-16T00:26:58.3281458Z   SUREFIRE_RETRY: -Dsurefire.rerunFailingTestsCount=2
Quarkus IT (windows-latest, win)	UNKNOWN STEP	2025-06-16T00:26:58.3281709Z   MAVEN_OPTS: -Xmx1536m
Quarkus IT (windows-latest, win)	UNKNOWN STEP	2025-06-16T00:26:58.3281997Z   JAVA_HOME: C:\hostedtoolcache\windows\Java_Temurin-Hotspot_jdk\21.0.7-6.0\x64
Quarkus IT (windows-latest, win)	UNKNOWN STEP	2025-06-16T00:26:58.3282442Z   JAVA_HOME_21_X64: C:\hostedtoolcache\windows\Java_Temurin-Hotspot_jdk\21.0.7-6.0\x64
Quarkus IT (windows-latest, win)	UNKNOWN STEP	2025-06-16T00:26:58.3282766Z ##[endgroup]
Quarkus IT (windows-latest, win)	UNKNOWN STEP	2025-06-16T00:26:58.3373096Z ##[group]Run echo "key=mvn-`date -u "+%Y-%U"`" >> $GITHUB_OUTPUT
Quarkus IT (windows-latest, win)	UNKNOWN STEP	2025-06-16T00:26:58.3373451Z [36;1mecho "key=mvn-`date -u "+%Y-%U"`" >> $GITHUB_OUTPUT[0m
Quarkus IT (windows-latest, win)	UNKNOWN STEP	2025-06-16T00:26:58.4005104Z shell: C:\Program Files\Git\bin\bash.EXE --noprofile --norc -e -o pipefail {0}
Quarkus IT (windows-latest, win)	UNKNOWN STEP	2025-06-16T00:26:58.4005551Z env:
Quarkus IT (windows-latest, win)	UNKNOWN STEP	2025-06-16T00:26:58.4005857Z   MAVEN_ARGS: -B -nsu -Daether.connector.http.connectionMaxTtl=25
Quarkus IT (windows-latest, win)	UNKNOWN STEP	2025-06-16T00:26:58.4006268Z   SUREFIRE_RERUN_FAILING_COUNT: 2
Quarkus IT (windows-latest, win)	UNKNOWN STEP	2025-06-16T00:26:58.4006605Z   SUREFIRE_RETRY: -Dsurefire.rerunFailingTestsCount=2
Quarkus IT (windows-latest, win)	UNKNOWN STEP	2025-06-16T00:26:58.4006949Z   MAVEN_OPTS: -Xmx1536m
Quarkus IT (windows-latest, win)	UNKNOWN STEP	2025-06-16T00:26:58.4007350Z   JAVA_HOME: C:\hostedtoolcache\windows\Java_Temurin-Hotspot_jdk\21.0.7-6.0\x64
Quarkus IT (windows-latest, win)	UNKNOWN STEP	2025-06-16T00:26:58.4007940Z   JAVA_HOME_21_X64: C:\hostedtoolcache\windows\Java_Temurin-Hotspot_jdk\21.0.7-6.0\x64
Quarkus IT (windows-latest, win)	UNKNOWN STEP	2025-06-16T00:26:58.4008380Z ##[endgroup]
Quarkus IT (windows-latest, win)	UNKNOWN STEP	2025-06-16T00:26:58.6271373Z ##[group]Run mkdir -p ..\..\..\.m2
Quarkus IT (windows-latest, win)	UNKNOWN STEP	2025-06-16T00:26:58.6271633Z [36;1mmkdir -p ..\..\..\.m2[0m
Quarkus IT (windows-latest, win)	UNKNOWN STEP	2025-06-16T00:26:58.6271867Z [36;1mmkdir -p D:\.m2\repository[0m
Quarkus IT (windows-latest, win)	UNKNOWN STEP	2025-06-16T00:26:58.6272160Z [36;1mcmd /c mklink /d $HOME\.m2\repository D:\.m2\repository[0m
Quarkus IT (windows-latest, win)	UNKNOWN STEP	2025-06-16T00:26:58.6272515Z [36;1mcmd /c mklink /d $PWD\..\..\..\.m2\repository D:\.m2\repository[0m
Quarkus IT (windows-latest, win)	UNKNOWN STEP	2025-06-16T00:26:58.6302002Z shell: C:\Windows\System32\WindowsPowerShell\v1.0\powershell.EXE -command ". '{0}'"
Quarkus IT (windows-latest, win)	UNKNOWN STEP	2025-06-16T00:26:58.6302358Z env:
Quarkus IT (windows-latest, win)	UNKNOWN STEP	2025-06-16T00:26:58.6302600Z   MAVEN_ARGS: -B -nsu -Daether.connector.http.connectionMaxTtl=25
Quarkus IT (windows-latest, win)	UNKNOWN STEP	2025-06-16T00:26:58.6302910Z   SUREFIRE_RERUN_FAILING_COUNT: 2
Quarkus IT (windows-latest, win)	UNKNOWN STEP	2025-06-16T00:26:58.6303177Z   SUREFIRE_RETRY: -Dsurefire.rerunFailingTestsCount=2
Quarkus IT (windows-latest, win)	UNKNOWN STEP	2025-06-16T00:26:58.6303461Z   MAVEN_OPTS: -Xmx1536m
Quarkus IT (windows-latest, win)	UNKNOWN STEP	2025-06-16T00:26:58.6303765Z   JAVA_HOME: C:\hostedtoolcache\windows\Java_Temurin-Hotspot_jdk\21.0.7-6.0\x64
Quarkus IT (windows-latest, win)	UNKNOWN STEP	2025-06-16T00:26:58.6304220Z   JAVA_HOME_21_X64: C:\hostedtoolcache\windows\Java_Temurin-Hotspot_jdk\21.0.7-6.0\x64
Quarkus IT (windows-latest, win)	UNKNOWN STEP	2025-06-16T00:26:58.6304550Z ##[endgroup]
Quarkus IT (windows-latest, win)	UNKNOWN STEP	2025-06-16T00:26:58.9311559Z 
Quarkus IT (windows-latest, win)	UNKNOWN STEP	2025-06-16T00:26:58.9312753Z 
Quarkus IT (windows-latest, win)	UNKNOWN STEP	2025-06-16T00:26:58.9317399Z     Directory: D:\
Quarkus IT (windows-latest, win)	UNKNOWN STEP	2025-06-16T00:26:58.9317731Z 
Quarkus IT (windows-latest, win)	UNKNOWN STEP	2025-06-16T00:26:58.9317740Z 
Quarkus IT (windows-latest, win)	UNKNOWN STEP	2025-06-16T00:26:58.9325757Z Mode                 LastWriteTime         Length Name                                                                 
Quarkus IT (windows-latest, win)	UNKNOWN STEP	2025-06-16T00:26:58.9331549Z ----                 -------------         ------ ----                                                                 
Quarkus IT (windows-latest, win)	UNKNOWN STEP	2025-06-16T00:26:58.9336375Z d-----         6/16/2025  12:26 AM                .m2                                                                  
Quarkus IT (windows-latest, win)	UNKNOWN STEP	2025-06-16T00:26:58.9376118Z 
Quarkus IT (windows-latest, win)	UNKNOWN STEP	2025-06-16T00:26:58.9377619Z 
Quarkus IT (windows-latest, win)	UNKNOWN STEP	2025-06-16T00:26:58.9379059Z     Directory: D:\.m2
Quarkus IT (windows-latest, win)	UNKNOWN STEP	2025-06-16T00:26:58.9379342Z 
Quarkus IT (windows-latest, win)	UNKNOWN STEP	2025-06-16T00:26:58.9379362Z 
Quarkus IT (windows-latest, win)	UNKNOWN STEP	2025-06-16T00:26:58.9390984Z Mode                 LastWriteTime         Length Name                                                                 
Quarkus IT (windows-latest, win)	UNKNOWN STEP	2025-06-16T00:26:58.9396286Z ----                 -------------         ------ ----                                                                 
Quarkus IT (windows-latest, win)	UNKNOWN STEP	2025-06-16T00:26:58.9407810Z d-----         6/16/2025  12:26 AM                repository                                                           
Quarkus IT (windows-latest, win)	UNKNOWN STEP	2025-06-16T00:26:58.9508285Z symbolic link created for C:\Users\runneradmin\.m2\repository <<===>> D:\.m2\repository
Quarkus IT (windows-latest, win)	UNKNOWN STEP	2025-06-16T00:26:58.9609824Z Cannot create a file when that file already exists.
Quarkus IT (windows-latest, win)	UNKNOWN STEP	2025-06-16T00:26:58.9649904Z 
Quarkus IT (windows-latest, win)	UNKNOWN STEP	2025-06-16T00:26:58.9650830Z 
Quarkus IT (windows-latest, win)	UNKNOWN STEP	2025-06-16T00:26:58.9778718Z ##[error]Process completed with exit code 1.
Quarkus IT (windows-latest, win)	UNKNOWN STEP	2025-06-16T00:26:58.9914023Z Prepare all required actions
Quarkus IT (windows-latest, win)	UNKNOWN STEP	2025-06-16T00:26:58.9914395Z Getting action download info
Quarkus IT (windows-latest, win)	UNKNOWN STEP	2025-06-16T00:26:59.1402738Z Download action repository 'actions/upload-artifact@ea165f8d65b6e75b540449e92b4886f43607fa02' (SHA:ea165f8d65b6e75b540449e92b4886f43607fa02)
Quarkus IT (windows-latest, win)	UNKNOWN STEP	2025-06-16T00:26:59.3391537Z ##[group]Run ./.github/actions/upload-heapdumps
Quarkus IT (windows-latest, win)	UNKNOWN STEP	2025-06-16T00:26:59.3391792Z env:
Quarkus IT (windows-latest, win)	UNKNOWN STEP	2025-06-16T00:26:59.3392025Z   MAVEN_ARGS: -B -nsu -Daether.connector.http.connectionMaxTtl=25
Quarkus IT (windows-latest, win)	UNKNOWN STEP	2025-06-16T00:26:59.3392333Z   SUREFIRE_RERUN_FAILING_COUNT: 2
Quarkus IT (windows-latest, win)	UNKNOWN STEP	2025-06-16T00:26:59.3392586Z   SUREFIRE_RETRY: -Dsurefire.rerunFailingTestsCount=2
Quarkus IT (windows-latest, win)	UNKNOWN STEP	2025-06-16T00:26:59.3392847Z   MAVEN_OPTS: -Xmx1536m
Quarkus IT (windows-latest, win)	UNKNOWN STEP	2025-06-16T00:26:59.3393145Z   JAVA_HOME: C:\hostedtoolcache\windows\Java_Temurin-Hotspot_jdk\21.0.7-6.0\x64
Quarkus IT (windows-latest, win)	UNKNOWN STEP	2025-06-16T00:26:59.3393591Z   JAVA_HOME_21_X64: C:\hostedtoolcache\windows\Java_Temurin-Hotspot_jdk\21.0.7-6.0\x64
Quarkus IT (windows-latest, win)	UNKNOWN STEP	2025-06-16T00:26:59.3393916Z ##[endgroup]
Quarkus IT (windows-latest, win)	UNKNOWN STEP	2025-06-16T00:26:59.3516131Z Prepare all required actions
Quarkus IT (windows-latest, win)	UNKNOWN STEP	2025-06-16T00:26:59.3516497Z Getting action download info
Quarkus IT (windows-latest, win)	UNKNOWN STEP	2025-06-16T00:26:59.5198676Z ##[group]Run ./.github/actions/archive-surefire-reports
Quarkus IT (windows-latest, win)	UNKNOWN STEP	2025-06-16T00:26:59.5198943Z with:
Quarkus IT (windows-latest, win)	UNKNOWN STEP	2025-06-16T00:26:59.5199145Z   job-id: quarkus-integration-tests-windows-latest-win
Quarkus IT (windows-latest, win)	UNKNOWN STEP	2025-06-16T00:26:59.5199580Z   release-branches: ["refs/heads/release/22.0","refs/heads/release/24.0","refs/heads/release/26.0"]
Quarkus IT (windows-latest, win)	UNKNOWN STEP	2025-06-16T00:26:59.5199955Z   keep-days: 1
Quarkus IT (windows-latest, win)	UNKNOWN STEP	2025-06-16T00:26:59.5200095Z env:
Quarkus IT (windows-latest, win)	UNKNOWN STEP	2025-06-16T00:26:59.5200323Z   MAVEN_ARGS: -B -nsu -Daether.connector.http.connectionMaxTtl=25
Quarkus IT (windows-latest, win)	UNKNOWN STEP	2025-06-16T00:26:59.5200625Z   SUREFIRE_RERUN_FAILING_COUNT: 2
Quarkus IT (windows-latest, win)	UNKNOWN STEP	2025-06-16T00:26:59.5200882Z   SUREFIRE_RETRY: -Dsurefire.rerunFailingTestsCount=2
Quarkus IT (windows-latest, win)	UNKNOWN STEP	2025-06-16T00:26:59.5201142Z   MAVEN_OPTS: -Xmx1536m
Quarkus IT (windows-latest, win)	UNKNOWN STEP	2025-06-16T00:26:59.5201431Z   JAVA_HOME: C:\hostedtoolcache\windows\Java_Temurin-Hotspot_jdk\21.0.7-6.0\x64
Quarkus IT (windows-latest, win)	UNKNOWN STEP	2025-06-16T00:26:59.5201909Z   JAVA_HOME_21_X64: C:\hostedtoolcache\windows\Java_Temurin-Hotspot_jdk\21.0.7-6.0\x64
Quarkus IT (windows-latest, win)	UNKNOWN STEP	2025-06-16T00:26:59.5202231Z ##[endgroup]
Quarkus IT (windows-latest, win)	UNKNOWN STEP	2025-06-16T00:26:59.5299120Z ##[group]Run echo "dirs<<EOF" >> $GITHUB_OUTPUT
Quarkus IT (windows-latest, win)	UNKNOWN STEP	2025-06-16T00:26:59.5299487Z [36;1mecho "dirs<<EOF" >> $GITHUB_OUTPUT[0m
Quarkus IT (windows-latest, win)	UNKNOWN STEP	2025-06-16T00:26:59.5299996Z [36;1mecho "$(find ~+ -type d -not -empty -name surefire-reports* | sed 's@/d@D:@')" >> $GITHUB_OUTPUT[0m
Quarkus IT (windows-latest, win)	UNKNOWN STEP	2025-06-16T00:26:59.5300507Z [36;1mecho "EOF" >> $GITHUB_OUTPUT[0m
Quarkus IT (windows-latest, win)	UNKNOWN STEP	2025-06-16T00:26:59.5311596Z shell: C:\Program Files\Git\bin\bash.EXE --noprofile --norc -e -o pipefail {0}
Quarkus IT (windows-latest, win)	UNKNOWN STEP	2025-06-16T00:26:59.5311929Z env:
Quarkus IT (windows-latest, win)	UNKNOWN STEP	2025-06-16T00:26:59.5312165Z   MAVEN_ARGS: -B -nsu -Daether.connector.http.connectionMaxTtl=25
Quarkus IT (windows-latest, win)	UNKNOWN STEP	2025-06-16T00:26:59.5312472Z   SUREFIRE_RERUN_FAILING_COUNT: 2
Quarkus IT (windows-latest, win)	UNKNOWN STEP	2025-06-16T00:26:59.5312729Z   SUREFIRE_RETRY: -Dsurefire.rerunFailingTestsCount=2
Quarkus IT (windows-latest, win)	UNKNOWN STEP	2025-06-16T00:26:59.5312985Z   MAVEN_OPTS: -Xmx1536m
Quarkus IT (windows-latest, win)	UNKNOWN STEP	2025-06-16T00:26:59.5313275Z   JAVA_HOME: C:\hostedtoolcache\windows\Java_Temurin-Hotspot_jdk\21.0.7-6.0\x64
Quarkus IT (windows-latest, win)	UNKNOWN STEP	2025-06-16T00:26:59.5313730Z   JAVA_HOME_21_X64: C:\hostedtoolcache\windows\Java_Temurin-Hotspot_jdk\21.0.7-6.0\x64
Quarkus IT (windows-latest, win)	UNKNOWN STEP	2025-06-16T00:26:59.5314055Z ##[endgroup]
Quarkus IT (windows-latest, win)	UNKNOWN STEP	2025-06-16T00:26:59.9926322Z Post job cleanup.
Quarkus IT (windows-latest, win)	UNKNOWN STEP	2025-06-16T00:27:00.0031356Z Post job cleanup.
Quarkus IT (windows-latest, win)	UNKNOWN STEP	2025-06-16T00:27:00.2319074Z Post job cleanup.
Quarkus IT (windows-latest, win)	UNKNOWN STEP	2025-06-16T00:27:00.5153659Z [command]"C:\Program Files\Git\bin\git.exe" version
Quarkus IT (windows-latest, win)	UNKNOWN STEP	2025-06-16T00:27:00.5361117Z git version 2.49.0.windows.1
Quarkus IT (windows-latest, win)	UNKNOWN STEP	2025-06-16T00:27:00.5424258Z Temporarily overriding HOME='D:\a\_temp\be83712e-fdb4-4347-b153-2ad74c697895' before making global git config changes
Quarkus IT (windows-latest, win)	UNKNOWN STEP	2025-06-16T00:27:00.5424966Z Adding repository directory to the temporary git global config as a safe directory
Quarkus IT (windows-latest, win)	UNKNOWN STEP	2025-06-16T00:27:00.5435728Z [command]"C:\Program Files\Git\bin\git.exe" config --global --add safe.directory D:\a\keycloak\keycloak
Quarkus IT (windows-latest, win)	UNKNOWN STEP	2025-06-16T00:27:00.5662893Z [command]"C:\Program Files\Git\bin\git.exe" config --local --name-only --get-regexp core\.sshCommand
Quarkus IT (windows-latest, win)	UNKNOWN STEP	2025-06-16T00:27:00.5883619Z [command]"C:\Program Files\Git\bin\git.exe" submodule foreach --recursive "sh -c \"git config --local --name-only --get-regexp 'core\.sshCommand' && git config --local --unset-all 'core.sshCommand' || :\""
Quarkus IT (windows-latest, win)	UNKNOWN STEP	2025-06-16T00:27:01.0248602Z [command]"C:\Program Files\Git\bin\git.exe" config --local --name-only --get-regexp http\.https\:\/\/github\.com\/\.extraheader
Quarkus IT (windows-latest, win)	UNKNOWN STEP	2025-06-16T00:27:01.0448433Z http.https://github.com/.extraheader
Quarkus IT (windows-latest, win)	UNKNOWN STEP	2025-06-16T00:27:01.0483920Z [command]"C:\Program Files\Git\bin\git.exe" config --local --unset-all http.https://github.com/.extraheader
Quarkus IT (windows-latest, win)	UNKNOWN STEP	2025-06-16T00:27:01.0705825Z [command]"C:\Program Files\Git\bin\git.exe" submodule foreach --recursive "sh -c \"git config --local --name-only --get-regexp 'http\.https\:\/\/github\.com\/\.extraheader' && git config --local --unset-all 'http.https://github.com/.extraheader' || :\""
Quarkus IT (windows-latest, win)	UNKNOWN STEP	2025-06-16T00:27:01.4756763Z Cleaning up orphan processes
Status Check - Keycloak CI	UNKNOWN STEP	ï»¿2025-06-16T01:10:46.8870269Z Current runner version: '2.325.0'
Status Check - Keycloak CI	UNKNOWN STEP	2025-06-16T01:10:46.8894570Z ##[group]Runner Image Provisioner
Status Check - Keycloak CI	UNKNOWN STEP	2025-06-16T01:10:46.8895494Z Hosted Compute Agent
Status Check - Keycloak CI	UNKNOWN STEP	2025-06-16T01:10:46.8896072Z Version: 20250529.345
Status Check - Keycloak CI	UNKNOWN STEP	2025-06-16T01:10:46.8896638Z Commit: 22237e57af968c281070ffa8ed912c1b754f9a23
Status Check - Keycloak CI	UNKNOWN STEP	2025-06-16T01:10:46.8897357Z Build Date: 2025-05-29T20:18:30Z
Status Check - Keycloak CI	UNKNOWN STEP	2025-06-16T01:10:46.8897963Z ##[endgroup]
Status Check - Keycloak CI	UNKNOWN STEP	2025-06-16T01:10:46.8898557Z ##[group]Operating System
Status Check - Keycloak CI	UNKNOWN STEP	2025-06-16T01:10:46.8899195Z Ubuntu
Status Check - Keycloak CI	UNKNOWN STEP	2025-06-16T01:10:46.8899703Z 24.04.2
Status Check - Keycloak CI	UNKNOWN STEP	2025-06-16T01:10:46.8900214Z LTS
Status Check - Keycloak CI	UNKNOWN STEP	2025-06-16T01:10:46.8900611Z ##[endgroup]
Status Check - Keycloak CI	UNKNOWN STEP	2025-06-16T01:10:46.8901154Z ##[group]Runner Image
Status Check - Keycloak CI	UNKNOWN STEP	2025-06-16T01:10:46.8901677Z Image: ubuntu-24.04
Status Check - Keycloak CI	UNKNOWN STEP	2025-06-16T01:10:46.8902161Z Version: 20250602.3.0
Status Check - Keycloak CI	UNKNOWN STEP	2025-06-16T01:10:46.8903440Z Included Software: https://github.com/actions/runner-images/blob/ubuntu24/20250602.3/images/ubuntu/Ubuntu2404-Readme.md
Status Check - Keycloak CI	UNKNOWN STEP	2025-06-16T01:10:46.8905032Z Image Release: https://github.com/actions/runner-images/releases/tag/ubuntu24%2F20250602.3
Status Check - Keycloak CI	UNKNOWN STEP	2025-06-16T01:10:46.8906045Z ##[endgroup]
Status Check - Keycloak CI	UNKNOWN STEP	2025-06-16T01:10:46.8907081Z ##[group]GITHUB_TOKEN Permissions
Status Check - Keycloak CI	UNKNOWN STEP	2025-06-16T01:10:46.8908948Z Contents: read
Status Check - Keycloak CI	UNKNOWN STEP	2025-06-16T01:10:46.8909463Z Metadata: read
Status Check - Keycloak CI	UNKNOWN STEP	2025-06-16T01:10:46.8909951Z ##[endgroup]
Status Check - Keycloak CI	UNKNOWN STEP	2025-06-16T01:10:46.8912247Z Secret source: Actions
Status Check - Keycloak CI	UNKNOWN STEP	2025-06-16T01:10:46.8912951Z Prepare workflow directory
Status Check - Keycloak CI	UNKNOWN STEP	2025-06-16T01:10:46.9500008Z Prepare all required actions
Status Check - Keycloak CI	UNKNOWN STEP	2025-06-16T01:10:46.9557864Z Getting action download info
Status Check - Keycloak CI	UNKNOWN STEP	2025-06-16T01:10:47.2325339Z Download action repository 'actions/checkout@11bd71901bbe5b1630ceea73d27597364c9af683' (SHA:11bd71901bbe5b1630ceea73d27597364c9af683)
Status Check - Keycloak CI	UNKNOWN STEP	2025-06-16T01:10:47.3828714Z Complete job name: Status Check - Keycloak CI
Status Check - Keycloak CI	UNKNOWN STEP	2025-06-16T01:10:47.4608676Z ##[group]Run actions/checkout@11bd71901bbe5b1630ceea73d27597364c9af683
Status Check - Keycloak CI	UNKNOWN STEP	2025-06-16T01:10:47.4609820Z with:
Status Check - Keycloak CI	UNKNOWN STEP	2025-06-16T01:10:47.4610214Z   repository: keycloak/keycloak
Status Check - Keycloak CI	UNKNOWN STEP	2025-06-16T01:10:47.4610822Z   token: ***
Status Check - Keycloak CI	UNKNOWN STEP	2025-06-16T01:10:47.4611193Z   ssh-strict: true
Status Check - Keycloak CI	UNKNOWN STEP	2025-06-16T01:10:47.4611568Z   ssh-user: git
Status Check - Keycloak CI	UNKNOWN STEP	2025-06-16T01:10:47.4611980Z   persist-credentials: true
Status Check - Keycloak CI	UNKNOWN STEP	2025-06-16T01:10:47.4612413Z   clean: true
Status Check - Keycloak CI	UNKNOWN STEP	2025-06-16T01:10:47.4612799Z   sparse-checkout-cone-mode: true
Status Check - Keycloak CI	UNKNOWN STEP	2025-06-16T01:10:47.4613501Z   fetch-depth: 1
Status Check - Keycloak CI	UNKNOWN STEP	2025-06-16T01:10:47.4613883Z   fetch-tags: false
Status Check - Keycloak CI	UNKNOWN STEP	2025-06-16T01:10:47.4614276Z   show-progress: true
Status Check - Keycloak CI	UNKNOWN STEP	2025-06-16T01:10:47.4614658Z   lfs: false
Status Check - Keycloak CI	UNKNOWN STEP	2025-06-16T01:10:47.4615037Z   submodules: false
Status Check - Keycloak CI	UNKNOWN STEP	2025-06-16T01:10:47.4615421Z   set-safe-directory: true
Status Check - Keycloak CI	UNKNOWN STEP	2025-06-16T01:10:47.4616123Z env:
Status Check - Keycloak CI	UNKNOWN STEP	2025-06-16T01:10:47.4616643Z   MAVEN_ARGS: -B -nsu -Daether.connector.http.connectionMaxTtl=25
Status Check - Keycloak CI	UNKNOWN STEP	2025-06-16T01:10:47.4617310Z   SUREFIRE_RERUN_FAILING_COUNT: 2
Status Check - Keycloak CI	UNKNOWN STEP	2025-06-16T01:10:47.4617895Z   SUREFIRE_RETRY: -Dsurefire.rerunFailingTestsCount=2
Status Check - Keycloak CI	UNKNOWN STEP	2025-06-16T01:10:47.4618444Z ##[endgroup]
Status Check - Keycloak CI	UNKNOWN STEP	2025-06-16T01:10:47.5688692Z Syncing repository: keycloak/keycloak
Status Check - Keycloak CI	UNKNOWN STEP	2025-06-16T01:10:47.5690377Z ##[group]Getting Git version info
Status Check - Keycloak CI	UNKNOWN STEP	2025-06-16T01:10:47.5691053Z Working directory is '/home/runner/work/keycloak/keycloak'
Status Check - Keycloak CI	UNKNOWN STEP	2025-06-16T01:10:47.5691957Z [command]/usr/bin/git version
Status Check - Keycloak CI	UNKNOWN STEP	2025-06-16T01:10:47.5729817Z git version 2.49.0
Status Check - Keycloak CI	UNKNOWN STEP	2025-06-16T01:10:47.5757044Z ##[endgroup]
Status Check - Keycloak CI	UNKNOWN STEP	2025-06-16T01:10:47.5773886Z Temporarily overriding HOME='/home/runner/work/_temp/7a4d919f-d8fa-421f-931f-198d2163bff1' before making global git config changes
Status Check - Keycloak CI	UNKNOWN STEP	2025-06-16T01:10:47.5776250Z Adding repository directory to the temporary git global config as a safe directory
Status Check - Keycloak CI	UNKNOWN STEP	2025-06-16T01:10:47.5787797Z [command]/usr/bin/git config --global --add safe.directory /home/runner/work/keycloak/keycloak
Status Check - Keycloak CI	UNKNOWN STEP	2025-06-16T01:10:47.5825432Z Deleting the contents of '/home/runner/work/keycloak/keycloak'
Status Check - Keycloak CI	UNKNOWN STEP	2025-06-16T01:10:47.5829269Z ##[group]Initializing the repository
Status Check - Keycloak CI	UNKNOWN STEP	2025-06-16T01:10:47.5834221Z [command]/usr/bin/git init /home/runner/work/keycloak/keycloak
Status Check - Keycloak CI	UNKNOWN STEP	2025-06-16T01:10:47.5904494Z hint: Using 'master' as the name for the initial branch. This default branch name
Status Check - Keycloak CI	UNKNOWN STEP	2025-06-16T01:10:47.5906133Z hint: is subject to change. To configure the initial branch name to use in all
Status Check - Keycloak CI	UNKNOWN STEP	2025-06-16T01:10:47.5907654Z hint: of your new repositories, which will suppress this warning, call:
Status Check - Keycloak CI	UNKNOWN STEP	2025-06-16T01:10:47.5909028Z hint:
Status Check - Keycloak CI	UNKNOWN STEP	2025-06-16T01:10:47.5909784Z hint: 	git config --global init.defaultBranch <name>
Status Check - Keycloak CI	UNKNOWN STEP	2025-06-16T01:10:47.5910680Z hint:
Status Check - Keycloak CI	UNKNOWN STEP	2025-06-16T01:10:47.5911309Z hint: Names commonly chosen instead of 'master' are 'main', 'trunk' and
Status Check - Keycloak CI	UNKNOWN STEP	2025-06-16T01:10:47.5912168Z hint: 'development'. The just-created branch can be renamed via this command:
Status Check - Keycloak CI	UNKNOWN STEP	2025-06-16T01:10:47.5912832Z hint:
Status Check - Keycloak CI	UNKNOWN STEP	2025-06-16T01:10:47.5913449Z hint: 	git branch -m <name>
Status Check - Keycloak CI	UNKNOWN STEP	2025-06-16T01:10:47.5914382Z Initialized empty Git repository in /home/runner/work/keycloak/keycloak/.git/
Status Check - Keycloak CI	UNKNOWN STEP	2025-06-16T01:10:47.5919973Z [command]/usr/bin/git remote add origin https://github.com/keycloak/keycloak
Status Check - Keycloak CI	UNKNOWN STEP	2025-06-16T01:10:47.5959092Z ##[endgroup]
Status Check - Keycloak CI	UNKNOWN STEP	2025-06-16T01:10:47.5960276Z ##[group]Disabling automatic garbage collection
Status Check - Keycloak CI	UNKNOWN STEP	2025-06-16T01:10:47.5964198Z [command]/usr/bin/git config --local gc.auto 0
Status Check - Keycloak CI	UNKNOWN STEP	2025-06-16T01:10:47.5993486Z ##[endgroup]
Status Check - Keycloak CI	UNKNOWN STEP	2025-06-16T01:10:47.5994283Z ##[group]Setting up auth
Status Check - Keycloak CI	UNKNOWN STEP	2025-06-16T01:10:47.5999816Z [command]/usr/bin/git config --local --name-only --get-regexp core\.sshCommand
Status Check - Keycloak CI	UNKNOWN STEP	2025-06-16T01:10:47.6031032Z [command]/usr/bin/git submodule foreach --recursive sh -c "git config --local --name-only --get-regexp 'core\.sshCommand' && git config --local --unset-all 'core.sshCommand' || :"
Status Check - Keycloak CI	UNKNOWN STEP	2025-06-16T01:10:47.6319273Z [command]/usr/bin/git config --local --name-only --get-regexp http\.https\:\/\/github\.com\/\.extraheader
Status Check - Keycloak CI	UNKNOWN STEP	2025-06-16T01:10:47.6348812Z [command]/usr/bin/git submodule foreach --recursive sh -c "git config --local --name-only --get-regexp 'http\.https\:\/\/github\.com\/\.extraheader' && git config --local --unset-all 'http.https://github.com/.extraheader' || :"
Status Check - Keycloak CI	UNKNOWN STEP	2025-06-16T01:10:47.6574136Z [command]/usr/bin/git config --local http.https://github.com/.extraheader AUTHORIZATION: basic ***
Status Check - Keycloak CI	UNKNOWN STEP	2025-06-16T01:10:47.6610844Z ##[endgroup]
Status Check - Keycloak CI	UNKNOWN STEP	2025-06-16T01:10:47.6611995Z ##[group]Fetching the repository
Status Check - Keycloak CI	UNKNOWN STEP	2025-06-16T01:10:47.6631475Z [command]/usr/bin/git -c protocol.version=2 fetch --no-tags --prune --no-recurse-submodules --depth=1 origin +00099b1afc21e12c3c17271096c42b7d2b0c487b:refs/remotes/origin/main
Status Check - Keycloak CI	UNKNOWN STEP	2025-06-16T01:10:50.7371147Z From https://github.com/keycloak/keycloak
Status Check - Keycloak CI	UNKNOWN STEP	2025-06-16T01:10:50.7372049Z  * [new ref]         00099b1afc21e12c3c17271096c42b7d2b0c487b -> origin/main
Status Check - Keycloak CI	UNKNOWN STEP	2025-06-16T01:10:50.7431970Z ##[endgroup]
Status Check - Keycloak CI	UNKNOWN STEP	2025-06-16T01:10:50.7432756Z ##[group]Determining the checkout info
Status Check - Keycloak CI	UNKNOWN STEP	2025-06-16T01:10:50.7434392Z ##[endgroup]
Status Check - Keycloak CI	UNKNOWN STEP	2025-06-16T01:10:50.7439701Z [command]/usr/bin/git sparse-checkout disable
Status Check - Keycloak CI	UNKNOWN STEP	2025-06-16T01:10:50.7481213Z [command]/usr/bin/git config --local --unset-all extensions.worktreeConfig
Status Check - Keycloak CI	UNKNOWN STEP	2025-06-16T01:10:50.7508306Z ##[group]Checking out the ref
Status Check - Keycloak CI	UNKNOWN STEP	2025-06-16T01:10:50.7512612Z [command]/usr/bin/git checkout --progress --force -B main refs/remotes/origin/main
Status Check - Keycloak CI	UNKNOWN STEP	2025-06-16T01:10:51.5604429Z Switched to a new branch 'main'
Status Check - Keycloak CI	UNKNOWN STEP	2025-06-16T01:10:51.5605528Z branch 'main' set up to track 'origin/main'.
Status Check - Keycloak CI	UNKNOWN STEP	2025-06-16T01:10:51.5636916Z ##[endgroup]
Status Check - Keycloak CI	UNKNOWN STEP	2025-06-16T01:10:51.5676120Z [command]/usr/bin/git log -1 --format=%H
Status Check - Keycloak CI	UNKNOWN STEP	2025-06-16T01:10:51.5698150Z 00099b1afc21e12c3c17271096c42b7d2b0c487b
Status Check - Keycloak CI	UNKNOWN STEP	2025-06-16T01:10:51.5939388Z Prepare all required actions
Status Check - Keycloak CI	UNKNOWN STEP	2025-06-16T01:10:51.6006228Z ##[group]Run ./.github/actions/status-check
Status Check - Keycloak CI	UNKNOWN STEP	2025-06-16T01:10:51.6006557Z with:
Status Check - Keycloak CI	UNKNOWN STEP	2025-06-16T01:10:51.6010615Z   jobs: {
Status Check - Keycloak CI	UNKNOWN STEP	  "conditional": {
Status Check - Keycloak CI	UNKNOWN STEP	    "result": "success",
Status Check - Keycloak CI	UNKNOWN STEP	    "outputs": {
Status Check - Keycloak CI	UNKNOWN STEP	      "ci-store": "true",
Status Check - Keycloak CI	UNKNOWN STEP	      "ci-sssd": "true",
Status Check - Keycloak CI	UNKNOWN STEP	      "ci-webauthn": "true",
Status Check - Keycloak CI	UNKNOWN STEP	      "ci-aurora": "true",
Status Check - Keycloak CI	UNKNOWN STEP	      "ci": "true",
Status Check - Keycloak CI	UNKNOWN STEP	      "ci-quarkus": "true"
Status Check - Keycloak CI	UNKNOWN STEP	    }
Status Check - Keycloak CI	UNKNOWN STEP	  },
Status Check - Keycloak CI	UNKNOWN STEP	  "build": {
Status Check - Keycloak CI	UNKNOWN STEP	    "result": "success",
Status Check - Keycloak CI	UNKNOWN STEP	    "outputs": {}
Status Check - Keycloak CI	UNKNOWN STEP	  },
Status Check - Keycloak CI	UNKNOWN STEP	  "unit-tests": {
Status Check - Keycloak CI	UNKNOWN STEP	    "result": "success",
Status Check - Keycloak CI	UNKNOWN STEP	    "outputs": {}
Status Check - Keycloak CI	UNKNOWN STEP	  },
Status Check - Keycloak CI	UNKNOWN STEP	  "base-integration-tests": {
Status Check - Keycloak CI	UNKNOWN STEP	    "result": "success",
Status Check - Keycloak CI	UNKNOWN STEP	    "outputs": {}
Status Check - Keycloak CI	UNKNOWN STEP	  },
Status Check - Keycloak CI	UNKNOWN STEP	  "adapter-integration-tests": {
Status Check - Keycloak CI	UNKNOWN STEP	    "result": "success",
Status Check - Keycloak CI	UNKNOWN STEP	    "outputs": {}
Status Check - Keycloak CI	UNKNOWN STEP	  },
Status Check - Keycloak CI	UNKNOWN STEP	  "adapter-integration-tests-strict-cookies": {
Status Check - Keycloak CI	UNKNOWN STEP	    "result": "success",
Status Check - Keycloak CI	UNKNOWN STEP	    "outputs": {}
Status Check - Keycloak CI	UNKNOWN STEP	  },
Status Check - Keycloak CI	UNKNOWN STEP	  "quarkus-unit-tests": {
Status Check - Keycloak CI	UNKNOWN STEP	    "result": "success",
Status Check - Keycloak CI	UNKNOWN STEP	    "outputs": {}
Status Check - Keycloak CI	UNKNOWN STEP	  },
Status Check - Keycloak CI	UNKNOWN STEP	  "quarkus-integration-tests": {
Status Check - Keycloak CI	UNKNOWN STEP	    "result": "failure",
Status Check - Keycloak CI	UNKNOWN STEP	    "outputs": {}
Status Check - Keycloak CI	UNKNOWN STEP	  },
Status Check - Keycloak CI	UNKNOWN STEP	  "jdk-integration-tests": {
Status Check - Keycloak CI	UNKNOWN STEP	    "result": "success",
Status Check - Keycloak CI	UNKNOWN STEP	    "outputs": {}
Status Check - Keycloak CI	UNKNOWN STEP	  },
Status Check - Keycloak CI	UNKNOWN STEP	  "store-integration-tests": {
Status Check - Keycloak CI	UNKNOWN STEP	    "result": "success",
Status Check - Keycloak CI	UNKNOWN STEP	    "outputs": {}
Status Check - Keycloak CI	UNKNOWN STEP	  },
Status Check - Keycloak CI	UNKNOWN STEP	  "volatile-sessions-tests": {
Status Check - Keycloak CI	UNKNOWN STEP	    "result": "success",
Status Check - Keycloak CI	UNKNOWN STEP	    "outputs": {}
Status Check - Keycloak CI	UNKNOWN STEP	  },
Status Check - Keycloak CI	UNKNOWN STEP	  "store-model-tests": {
Status Check - Keycloak CI	UNKNOWN STEP	    "result": "success",
Status Check - Keycloak CI	UNKNOWN STEP	    "outputs": {}
Status Check - Keycloak CI	UNKNOWN STEP	  },
Status Check - Keycloak CI	UNKNOWN STEP	  "clustering-integration-tests": {
Status Check - Keycloak CI	UNKNOWN STEP	    "result": "success",
Status Check - Keycloak CI	UNKNOWN STEP	    "outputs": {}
Status Check - Keycloak CI	UNKNOWN STEP	  },
Status Check - Keycloak CI	UNKNOWN STEP	  "fips-unit-tests": {
Status Check - Keycloak CI	UNKNOWN STEP	    "result": "success",
Status Check - Keycloak CI	UNKNOWN STEP	    "outputs": {}
Status Check - Keycloak CI	UNKNOWN STEP	  },
Status Check - Keycloak CI	UNKNOWN STEP	  "fips-integration-tests": {
Status Check - Keycloak CI	UNKNOWN STEP	    "result": "success",
Status Check - Keycloak CI	UNKNOWN STEP	    "outputs": {}
Status Check - Keycloak CI	UNKNOWN STEP	  },
Status Check - Keycloak CI	UNKNOWN STEP	  "forms-integration-tests": {
Status Check - Keycloak CI	UNKNOWN STEP	    "result": "success",
Status Check - Keycloak CI	UNKNOWN STEP	    "outputs": {}
Status Check - Keycloak CI	UNKNOWN STEP	  },
Status Check - Keycloak CI	UNKNOWN STEP	  "webauthn-integration-tests": {
Status Check - Keycloak CI	UNKNOWN STEP	    "result": "success",
Status Check - Keycloak CI	UNKNOWN STEP	    "outputs": {}
Status Check - Keycloak CI	UNKNOWN STEP	  },
Status Check - Keycloak CI	UNKNOWN STEP	  "sssd-unit-tests": {
Status Check - Keycloak CI	UNKNOWN STEP	    "result": "success",
Status Check - Keycloak CI	UNKNOWN STEP	    "outputs": {}
Status Check - Keycloak CI	UNKNOWN STEP	  },
Status Check - Keycloak CI	UNKNOWN STEP	  "migration-tests": {
Status Check - Keycloak CI	UNKNOWN STEP	    "result": "success",
Status Check - Keycloak CI	UNKNOWN STEP	    "outputs": {}
Status Check - Keycloak CI	UNKNOWN STEP	  },
Status Check - Keycloak CI	UNKNOWN STEP	  "external-infinispan-tests": {
Status Check - Keycloak CI	UNKNOWN STEP	    "result": "success",
Status Check - Keycloak CI	UNKNOWN STEP	    "outputs": {}
Status Check - Keycloak CI	UNKNOWN STEP	  },
Status Check - Keycloak CI	UNKNOWN STEP	  "test-framework": {
Status Check - Keycloak CI	UNKNOWN STEP	    "result": "success",
Status Check - Keycloak CI	UNKNOWN STEP	    "outputs": {}
Status Check - Keycloak CI	UNKNOWN STEP	  },
Status Check - Keycloak CI	UNKNOWN STEP	  "base-new-integration-tests": {
Status Check - Keycloak CI	UNKNOWN STEP	    "result": "success",
Status Check - Keycloak CI	UNKNOWN STEP	    "outputs": {}
Status Check - Keycloak CI	UNKNOWN STEP	  }
Status Check - Keycloak CI	UNKNOWN STEP	}
Status Check - Keycloak CI	UNKNOWN STEP	2025-06-16T01:10:51.6015235Z env:
Status Check - Keycloak CI	UNKNOWN STEP	2025-06-16T01:10:51.6015536Z   MAVEN_ARGS: -B -nsu -Daether.connector.http.connectionMaxTtl=25
Status Check - Keycloak CI	UNKNOWN STEP	2025-06-16T01:10:51.6015909Z   SUREFIRE_RERUN_FAILING_COUNT: 2
Status Check - Keycloak CI	UNKNOWN STEP	2025-06-16T01:10:51.6016233Z   SUREFIRE_RETRY: -Dsurefire.rerunFailingTestsCount=2
Status Check - Keycloak CI	UNKNOWN STEP	2025-06-16T01:10:51.6016556Z ##[endgroup]
Status Check - Keycloak CI	UNKNOWN STEP	2025-06-16T01:10:51.6113589Z ##[group]Run JOBS='{
Status Check - Keycloak CI	UNKNOWN STEP	2025-06-16T01:10:51.6113981Z [36;1mJOBS='{[0m
Status Check - Keycloak CI	UNKNOWN STEP	2025-06-16T01:10:51.6114222Z [36;1m  "conditional": {[0m
Status Check - Keycloak CI	UNKNOWN STEP	2025-06-16T01:10:51.6114492Z [36;1m    "result": "success",[0m
Status Check - Keycloak CI	UNKNOWN STEP	2025-06-16T01:10:51.6114762Z [36;1m    "outputs": {[0m
Status Check - Keycloak CI	UNKNOWN STEP	2025-06-16T01:10:51.6115028Z [36;1m      "ci-store": "true",[0m
Status Check - Keycloak CI	UNKNOWN STEP	2025-06-16T01:10:51.6115320Z [36;1m      "ci-sssd": "true",[0m
Status Check - Keycloak CI	UNKNOWN STEP	2025-06-16T01:10:51.6115602Z [36;1m      "ci-webauthn": "true",[0m
Status Check - Keycloak CI	UNKNOWN STEP	2025-06-16T01:10:51.6115877Z [36;1m      "ci-aurora": "true",[0m
Status Check - Keycloak CI	UNKNOWN STEP	2025-06-16T01:10:51.6116132Z [36;1m      "ci": "true",[0m
Status Check - Keycloak CI	UNKNOWN STEP	2025-06-16T01:10:51.6116378Z [36;1m      "ci-quarkus": "true"[0m
Status Check - Keycloak CI	UNKNOWN STEP	2025-06-16T01:10:51.6116660Z [36;1m    }[0m
Status Check - Keycloak CI	UNKNOWN STEP	2025-06-16T01:10:51.6116903Z [36;1m  },[0m
Status Check - Keycloak CI	UNKNOWN STEP	2025-06-16T01:10:51.6117101Z [36;1m  "build": {[0m
Status Check - Keycloak CI	UNKNOWN STEP	2025-06-16T01:10:51.6117332Z [36;1m    "result": "success",[0m
Status Check - Keycloak CI	UNKNOWN STEP	2025-06-16T01:10:51.6117590Z [36;1m    "outputs": {}[0m
Status Check - Keycloak CI	UNKNOWN STEP	2025-06-16T01:10:51.6117814Z [36;1m  },[0m
Status Check - Keycloak CI	UNKNOWN STEP	2025-06-16T01:10:51.6118025Z [36;1m  "unit-tests": {[0m
Status Check - Keycloak CI	UNKNOWN STEP	2025-06-16T01:10:51.6118267Z [36;1m    "result": "success",[0m
Status Check - Keycloak CI	UNKNOWN STEP	2025-06-16T01:10:51.6118521Z [36;1m    "outputs": {}[0m
Status Check - Keycloak CI	UNKNOWN STEP	2025-06-16T01:10:51.6118741Z [36;1m  },[0m
Status Check - Keycloak CI	UNKNOWN STEP	2025-06-16T01:10:51.6118966Z [36;1m  "base-integration-tests": {[0m
Status Check - Keycloak CI	UNKNOWN STEP	2025-06-16T01:10:51.6119238Z [36;1m    "result": "success",[0m
Status Check - Keycloak CI	UNKNOWN STEP	2025-06-16T01:10:51.6119487Z [36;1m    "outputs": {}[0m
Status Check - Keycloak CI	UNKNOWN STEP	2025-06-16T01:10:51.6119710Z [36;1m  },[0m
Status Check - Keycloak CI	UNKNOWN STEP	2025-06-16T01:10:51.6119933Z [36;1m  "adapter-integration-tests": {[0m
Status Check - Keycloak CI	UNKNOWN STEP	2025-06-16T01:10:51.6120232Z [36;1m    "result": "success",[0m
Status Check - Keycloak CI	UNKNOWN STEP	2025-06-16T01:10:51.6120477Z [36;1m    "outputs": {}[0m
Status Check - Keycloak CI	UNKNOWN STEP	2025-06-16T01:10:51.6120728Z [36;1m  },[0m
Status Check - Keycloak CI	UNKNOWN STEP	2025-06-16T01:10:51.6121236Z [36;1m  "adapter-integration-tests-strict-cookies": {[0m
Status Check - Keycloak CI	UNKNOWN STEP	2025-06-16T01:10:51.6121594Z [36;1m    "result": "success",[0m
Status Check - Keycloak CI	UNKNOWN STEP	2025-06-16T01:10:51.6121839Z [36;1m    "outputs": {}[0m
Status Check - Keycloak CI	UNKNOWN STEP	2025-06-16T01:10:51.6122063Z [36;1m  },[0m
Status Check - Keycloak CI	UNKNOWN STEP	2025-06-16T01:10:51.6122272Z [36;1m  "quarkus-unit-tests": {[0m
Status Check - Keycloak CI	UNKNOWN STEP	2025-06-16T01:10:51.6122538Z [36;1m    "result": "success",[0m
Status Check - Keycloak CI	UNKNOWN STEP	2025-06-16T01:10:51.6122787Z [36;1m    "outputs": {}[0m
Status Check - Keycloak CI	UNKNOWN STEP	2025-06-16T01:10:51.6123003Z [36;1m  },[0m
Status Check - Keycloak CI	UNKNOWN STEP	2025-06-16T01:10:51.6123411Z [36;1m  "quarkus-integration-tests": {[0m
Status Check - Keycloak CI	UNKNOWN STEP	2025-06-16T01:10:51.6123692Z [36;1m    "result": "failure",[0m
Status Check - Keycloak CI	UNKNOWN STEP	2025-06-16T01:10:51.6123940Z [36;1m    "outputs": {}[0m
Status Check - Keycloak CI	UNKNOWN STEP	2025-06-16T01:10:51.6124159Z [36;1m  },[0m
Status Check - Keycloak CI	UNKNOWN STEP	2025-06-16T01:10:51.6124375Z [36;1m  "jdk-integration-tests": {[0m
Status Check - Keycloak CI	UNKNOWN STEP	2025-06-16T01:10:51.6124642Z [36;1m    "result": "success",[0m
Status Check - Keycloak CI	UNKNOWN STEP	2025-06-16T01:10:51.6124885Z [36;1m    "outputs": {}[0m
Status Check - Keycloak CI	UNKNOWN STEP	2025-06-16T01:10:51.6125105Z [36;1m  },[0m
Status Check - Keycloak CI	UNKNOWN STEP	2025-06-16T01:10:51.6125319Z [36;1m  "store-integration-tests": {[0m
Status Check - Keycloak CI	UNKNOWN STEP	2025-06-16T01:10:51.6125768Z [36;1m    "result": "success",[0m
Status Check - Keycloak CI	UNKNOWN STEP	2025-06-16T01:10:51.6126011Z [36;1m    "outputs": {}[0m
Status Check - Keycloak CI	UNKNOWN STEP	2025-06-16T01:10:51.6126244Z [36;1m  },[0m
Status Check - Keycloak CI	UNKNOWN STEP	2025-06-16T01:10:51.6126462Z [36;1m  "volatile-sessions-tests": {[0m
Status Check - Keycloak CI	UNKNOWN STEP	2025-06-16T01:10:51.6126743Z [36;1m    "result": "success",[0m
Status Check - Keycloak CI	UNKNOWN STEP	2025-06-16T01:10:51.6127059Z [36;1m    "outputs": {}[0m
Status Check - Keycloak CI	UNKNOWN STEP	2025-06-16T01:10:51.6127283Z [36;1m  },[0m
Status Check - Keycloak CI	UNKNOWN STEP	2025-06-16T01:10:51.6127497Z [36;1m  "store-model-tests": {[0m
Status Check - Keycloak CI	UNKNOWN STEP	2025-06-16T01:10:51.6127746Z [36;1m    "result": "success",[0m
Status Check - Keycloak CI	UNKNOWN STEP	2025-06-16T01:10:51.6127997Z [36;1m    "outputs": {}[0m
Status Check - Keycloak CI	UNKNOWN STEP	2025-06-16T01:10:51.6128217Z [36;1m  },[0m
Status Check - Keycloak CI	UNKNOWN STEP	2025-06-16T01:10:51.6128451Z [36;1m  "clustering-integration-tests": {[0m
Status Check - Keycloak CI	UNKNOWN STEP	2025-06-16T01:10:51.6128746Z [36;1m    "result": "success",[0m
Status Check - Keycloak CI	UNKNOWN STEP	2025-06-16T01:10:51.6128989Z [36;1m    "outputs": {}[0m
Status Check - Keycloak CI	UNKNOWN STEP	2025-06-16T01:10:51.6129215Z [36;1m  },[0m
Status Check - Keycloak CI	UNKNOWN STEP	2025-06-16T01:10:51.6129423Z [36;1m  "fips-unit-tests": {[0m
Status Check - Keycloak CI	UNKNOWN STEP	2025-06-16T01:10:51.6129675Z [36;1m    "result": "success",[0m
Status Check - Keycloak CI	UNKNOWN STEP	2025-06-16T01:10:51.6129934Z [36;1m    "outputs": {}[0m
Status Check - Keycloak CI	UNKNOWN STEP	2025-06-16T01:10:51.6130158Z [36;1m  },[0m
Status Check - Keycloak CI	UNKNOWN STEP	2025-06-16T01:10:51.6130369Z [36;1m  "fips-integration-tests": {[0m
Status Check - Keycloak CI	UNKNOWN STEP	2025-06-16T01:10:51.6130641Z [36;1m    "result": "success",[0m
Status Check - Keycloak CI	UNKNOWN STEP	2025-06-16T01:10:51.6130883Z [36;1m    "outputs": {}[0m
Status Check - Keycloak CI	UNKNOWN STEP	2025-06-16T01:10:51.6131100Z [36;1m  },[0m
Status Check - Keycloak CI	UNKNOWN STEP	2025-06-16T01:10:51.6131322Z [36;1m  "forms-integration-tests": {[0m
Status Check - Keycloak CI	UNKNOWN STEP	2025-06-16T01:10:51.6131647Z [36;1m    "result": "success",[0m
Status Check - Keycloak CI	UNKNOWN STEP	2025-06-16T01:10:51.6131900Z [36;1m    "outputs": {}[0m
Status Check - Keycloak CI	UNKNOWN STEP	2025-06-16T01:10:51.6132116Z [36;1m  },[0m
Status Check - Keycloak CI	UNKNOWN STEP	2025-06-16T01:10:51.6132347Z [36;1m  "webauthn-integration-tests": {[0m
Status Check - Keycloak CI	UNKNOWN STEP	2025-06-16T01:10:51.6132633Z [36;1m    "result": "success",[0m
Status Check - Keycloak CI	UNKNOWN STEP	2025-06-16T01:10:51.6132890Z [36;1m    "outputs": {}[0m
Status Check - Keycloak CI	UNKNOWN STEP	2025-06-16T01:10:51.6133111Z [36;1m  },[0m
Status Check - Keycloak CI	UNKNOWN STEP	2025-06-16T01:10:51.6133438Z [36;1m  "sssd-unit-tests": {[0m
Status Check - Keycloak CI	UNKNOWN STEP	2025-06-16T01:10:51.6133692Z [36;1m    "result": "success",[0m
Status Check - Keycloak CI	UNKNOWN STEP	2025-06-16T01:10:51.6133936Z [36;1m    "outputs": {}[0m
Status Check - Keycloak CI	UNKNOWN STEP	2025-06-16T01:10:51.6134168Z [36;1m  },[0m
Status Check - Keycloak CI	UNKNOWN STEP	2025-06-16T01:10:51.6134377Z [36;1m  "migration-tests": {[0m
Status Check - Keycloak CI	UNKNOWN STEP	2025-06-16T01:10:51.6134630Z [36;1m    "result": "success",[0m
Status Check - Keycloak CI	UNKNOWN STEP	2025-06-16T01:10:51.6134877Z [36;1m    "outputs": {}[0m
Status Check - Keycloak CI	UNKNOWN STEP	2025-06-16T01:10:51.6135101Z [36;1m  },[0m
Status Check - Keycloak CI	UNKNOWN STEP	2025-06-16T01:10:51.6135320Z [36;1m  "external-infinispan-tests": {[0m
Status Check - Keycloak CI	UNKNOWN STEP	2025-06-16T01:10:51.6135599Z [36;1m    "result": "success",[0m
Status Check - Keycloak CI	UNKNOWN STEP	2025-06-16T01:10:51.6135850Z [36;1m    "outputs": {}[0m
Status Check - Keycloak CI	UNKNOWN STEP	2025-06-16T01:10:51.6136067Z [36;1m  },[0m
Status Check - Keycloak CI	UNKNOWN STEP	2025-06-16T01:10:51.6136272Z [36;1m  "test-framework": {[0m
Status Check - Keycloak CI	UNKNOWN STEP	2025-06-16T01:10:51.6136512Z [36;1m    "result": "success",[0m
Status Check - Keycloak CI	UNKNOWN STEP	2025-06-16T01:10:51.6136760Z [36;1m    "outputs": {}[0m
Status Check - Keycloak CI	UNKNOWN STEP	2025-06-16T01:10:51.6136978Z [36;1m  },[0m
Status Check - Keycloak CI	UNKNOWN STEP	2025-06-16T01:10:51.6137204Z [36;1m  "base-new-integration-tests": {[0m
Status Check - Keycloak CI	UNKNOWN STEP	2025-06-16T01:10:51.6137479Z [36;1m    "result": "success",[0m
Status Check - Keycloak CI	UNKNOWN STEP	2025-06-16T01:10:51.6137727Z [36;1m    "outputs": {}[0m
Status Check - Keycloak CI	UNKNOWN STEP	2025-06-16T01:10:51.6137946Z [36;1m  }[0m
Status Check - Keycloak CI	UNKNOWN STEP	2025-06-16T01:10:51.6138147Z [36;1m}'[0m
Status Check - Keycloak CI	UNKNOWN STEP	2025-06-16T01:10:51.6138359Z [36;1m[0m
Status Check - Keycloak CI	UNKNOWN STEP	2025-06-16T01:10:51.6138789Z [36;1mecho "Job status:"[0m
Status Check - Keycloak CI	UNKNOWN STEP	2025-06-16T01:10:51.6139157Z [36;1mecho $JOBS | jq -r 'to_entries[] | " - \(.key): \(.value.result)"'[0m
Status Check - Keycloak CI	UNKNOWN STEP	2025-06-16T01:10:51.6139503Z [36;1m[0m
Status Check - Keycloak CI	UNKNOWN STEP	2025-06-16T01:10:51.6139785Z [36;1mfor i in $(echo $JOBS | jq -r 'to_entries[] | .value.result'); do[0m
Status Check - Keycloak CI	UNKNOWN STEP	2025-06-16T01:10:51.6140186Z [36;1m  if [ "$i" != "success" ] && [ "$i" != "skipped" ]; then[0m
Status Check - Keycloak CI	UNKNOWN STEP	2025-06-16T01:10:51.6140497Z [36;1m    echo ""[0m
Status Check - Keycloak CI	UNKNOWN STEP	2025-06-16T01:10:51.6140737Z [36;1m    echo "Status check not okay!"[0m
Status Check - Keycloak CI	UNKNOWN STEP	2025-06-16T01:10:51.6140999Z [36;1m    exit 1[0m
Status Check - Keycloak CI	UNKNOWN STEP	2025-06-16T01:10:51.6141208Z [36;1m  fi[0m
Status Check - Keycloak CI	UNKNOWN STEP	2025-06-16T01:10:51.6141399Z [36;1mdone[0m
Status Check - Keycloak CI	UNKNOWN STEP	2025-06-16T01:10:51.6211796Z shell: /usr/bin/bash --noprofile --norc -e -o pipefail {0}
Status Check - Keycloak CI	UNKNOWN STEP	2025-06-16T01:10:51.6212175Z env:
Status Check - Keycloak CI	UNKNOWN STEP	2025-06-16T01:10:51.6212480Z   MAVEN_ARGS: -B -nsu -Daether.connector.http.connectionMaxTtl=25
Status Check - Keycloak CI	UNKNOWN STEP	2025-06-16T01:10:51.6212860Z   SUREFIRE_RERUN_FAILING_COUNT: 2
Status Check - Keycloak CI	UNKNOWN STEP	2025-06-16T01:10:51.6213627Z   SUREFIRE_RETRY: -Dsurefire.rerunFailingTestsCount=2
Status Check - Keycloak CI	UNKNOWN STEP	2025-06-16T01:10:51.6213956Z ##[endgroup]
Status Check - Keycloak CI	UNKNOWN STEP	2025-06-16T01:10:51.6304864Z Job status:
Status Check - Keycloak CI	UNKNOWN STEP	2025-06-16T01:10:51.6463764Z  - conditional: success
Status Check - Keycloak CI	UNKNOWN STEP	2025-06-16T01:10:51.6464073Z  - build: success
Status Check - Keycloak CI	UNKNOWN STEP	2025-06-16T01:10:51.6464319Z  - unit-tests: success
Status Check - Keycloak CI	UNKNOWN STEP	2025-06-16T01:10:51.6464574Z  - base-integration-tests: success
Status Check - Keycloak CI	UNKNOWN STEP	2025-06-16T01:10:51.6464873Z  - adapter-integration-tests: success
Status Check - Keycloak CI	UNKNOWN STEP	2025-06-16T01:10:51.6465212Z  - adapter-integration-tests-strict-cookies: success
Status Check - Keycloak CI	UNKNOWN STEP	2025-06-16T01:10:51.6465625Z  - quarkus-unit-tests: success
Status Check - Keycloak CI	UNKNOWN STEP	2025-06-16T01:10:51.6465960Z  - quarkus-integration-tests: failure
Status Check - Keycloak CI	UNKNOWN STEP	2025-06-16T01:10:51.6466320Z  - jdk-integration-tests: success
Status Check - Keycloak CI	UNKNOWN STEP	2025-06-16T01:10:51.6466662Z  - store-integration-tests: success
Status Check - Keycloak CI	UNKNOWN STEP	2025-06-16T01:10:51.6467003Z  - volatile-sessions-tests: success
Status Check - Keycloak CI	UNKNOWN STEP	2025-06-16T01:10:51.6467343Z  - store-model-tests: success
Status Check - Keycloak CI	UNKNOWN STEP	2025-06-16T01:10:51.6467678Z  - clustering-integration-tests: success
Status Check - Keycloak CI	UNKNOWN STEP	2025-06-16T01:10:51.6468046Z  - fips-unit-tests: success
Status Check - Keycloak CI	UNKNOWN STEP	2025-06-16T01:10:51.6468404Z  - fips-integration-tests: success
Status Check - Keycloak CI	UNKNOWN STEP	2025-06-16T01:10:51.6468927Z  - forms-integration-tests: success
Status Check - Keycloak CI	UNKNOWN STEP	2025-06-16T01:10:51.6469471Z  - webauthn-integration-tests: success
Status Check - Keycloak CI	UNKNOWN STEP	2025-06-16T01:10:51.6470041Z  - sssd-unit-tests: success
Status Check - Keycloak CI	UNKNOWN STEP	2025-06-16T01:10:51.6470672Z  - migration-tests: success
Status Check - Keycloak CI	UNKNOWN STEP	2025-06-16T01:10:51.6471266Z  - external-infinispan-tests: success
Status Check - Keycloak CI	UNKNOWN STEP	2025-06-16T01:10:51.6471876Z  - test-framework: success
Status Check - Keycloak CI	UNKNOWN STEP	2025-06-16T01:10:51.6472446Z  - base-new-integration-tests: success
Status Check - Keycloak CI	UNKNOWN STEP	2025-06-16T01:10:51.6499926Z 
Status Check - Keycloak CI	UNKNOWN STEP	2025-06-16T01:10:51.6500158Z Status check not okay!
Status Check - Keycloak CI	UNKNOWN STEP	2025-06-16T01:10:51.6512527Z ##[error]Process completed with exit code 1.
Status Check - Keycloak CI	UNKNOWN STEP	2025-06-16T01:10:51.6625957Z Post job cleanup.
Status Check - Keycloak CI	UNKNOWN STEP	2025-06-16T01:10:51.7550100Z [command]/usr/bin/git version
Status Check - Keycloak CI	UNKNOWN STEP	2025-06-16T01:10:51.7586491Z git version 2.49.0
Status Check - Keycloak CI	UNKNOWN STEP	2025-06-16T01:10:51.7630631Z Temporarily overriding HOME='/home/runner/work/_temp/34f5cde1-649a-4a88-ab93-691abfdc187f' before making global git config changes
Status Check - Keycloak CI	UNKNOWN STEP	2025-06-16T01:10:51.7632076Z Adding repository directory to the temporary git global config as a safe directory
Status Check - Keycloak CI	UNKNOWN STEP	2025-06-16T01:10:51.7637390Z [command]/usr/bin/git config --global --add safe.directory /home/runner/work/keycloak/keycloak
Status Check - Keycloak CI	UNKNOWN STEP	2025-06-16T01:10:51.7672597Z [command]/usr/bin/git config --local --name-only --get-regexp core\.sshCommand
Status Check - Keycloak CI	UNKNOWN STEP	2025-06-16T01:10:51.7712386Z [command]/usr/bin/git submodule foreach --recursive sh -c "git config --local --name-only --get-regexp 'core\.sshCommand' && git config --local --unset-all 'core.sshCommand' || :"
Status Check - Keycloak CI	UNKNOWN STEP	2025-06-16T01:10:51.7955926Z [command]/usr/bin/git config --local --name-only --get-regexp http\.https\:\/\/github\.com\/\.extraheader
Status Check - Keycloak CI	UNKNOWN STEP	2025-06-16T01:10:51.7976978Z http.https://github.com/.extraheader
Status Check - Keycloak CI	UNKNOWN STEP	2025-06-16T01:10:51.7989423Z [command]/usr/bin/git config --local --unset-all http.https://github.com/.extraheader
Status Check - Keycloak CI	UNKNOWN STEP	2025-06-16T01:10:51.8019634Z [command]/usr/bin/git submodule foreach --recursive sh -c "git config --local --name-only --get-regexp 'http\.https\:\/\/github\.com\/\.extraheader' && git config --local --unset-all 'http.https://github.com/.extraheader' || :"
Status Check - Keycloak CI	UNKNOWN STEP	2025-06-16T01:10:51.8359778Z Cleaning up orphan processes
