Store IT (aurora-postgres)	Run Aurora tests on EC2	2024-06-06T00:33:37.1280895Z ##[group]Run PROPS="-Dauth.server.db.host=gh-action-2576429.cluster-ctdxeb4izrnc.us-east-1.rds.amazonaws.com"
Store IT (aurora-postgres)	Run Aurora tests on EC2	2024-06-06T00:33:37.1282164Z [36;1mPROPS="-Dauth.server.db.host=gh-action-2576429.cluster-ctdxeb4izrnc.us-east-1.rds.amazonaws.com"[0m
Store IT (aurora-postgres)	Run Aurora tests on EC2	2024-06-06T00:33:37.1283221Z [36;1mPROPS+=" -Dkeycloak.connectionsJpa.***"[0m
Store IT (aurora-postgres)	Run Aurora tests on EC2	2024-06-06T00:33:37.1283860Z [36;1m[0m
Store IT (aurora-postgres)	Run Aurora tests on EC2	2024-06-06T00:33:37.1284194Z [36;1mREGION=us-east-1[0m
Store IT (aurora-postgres)	Run Aurora tests on EC2	2024-06-06T00:33:37.1284629Z [36;1m[0m
Store IT (aurora-postgres)	Run Aurora tests on EC2	2024-06-06T00:33:37.1285271Z [36;1mcurl --fail-with-body https://truststore.pki.rds.amazonaws.com/${REGION}/${REGION}-bundle.pem -o aws.pem[0m
Store IT (aurora-postgres)	Run Aurora tests on EC2	2024-06-06T00:33:37.1286411Z [36;1mPROPS+=" -Dkeycloak.connectionsJpa.jdbcParameters=\"?ssl=true&sslmode=verify-ca&sslrootcert=/opt/keycloak/aws.pem\""[0m
Store IT (aurora-postgres)	Run Aurora tests on EC2	2024-06-06T00:33:37.1287247Z [36;1m[0m
Store IT (aurora-postgres)	Run Aurora tests on EC2	2024-06-06T00:33:37.1287815Z [36;1mTESTS=`testsuite/integration-arquillian/tests/base/testsuites/suite.sh database`[0m
Store IT (aurora-postgres)	Run Aurora tests on EC2	2024-06-06T00:33:37.1288465Z [36;1mecho "Tests: $TESTS"[0m
Store IT (aurora-postgres)	Run Aurora tests on EC2	2024-06-06T00:33:37.1288933Z [36;1m[0m
Store IT (aurora-postgres)	Run Aurora tests on EC2	2024-06-06T00:33:37.1289487Z [36;1mgit archive --format=zip --output /tmp/keycloak.zip $GITHUB_REF[0m
Store IT (aurora-postgres)	Run Aurora tests on EC2	2024-06-06T00:33:37.1290125Z [36;1mzip -u /tmp/keycloak.zip aws.pem[0m
Store IT (aurora-postgres)	Run Aurora tests on EC2	2024-06-06T00:33:37.1290557Z [36;1m[0m
Store IT (aurora-postgres)	Run Aurora tests on EC2	2024-06-06T00:33:37.1290893Z [36;1mcd .github/scripts/ansible[0m
Store IT (aurora-postgres)	Run Aurora tests on EC2	2024-06-06T00:33:37.1291515Z [36;1mexport CLUSTER_NAME=keycloak_$(git rev-parse --short HEAD)[0m
Store IT (aurora-postgres)	Run Aurora tests on EC2	2024-06-06T00:33:37.1292198Z [36;1mecho "ec2_cluster=${CLUSTER_NAME}" >> $GITHUB_OUTPUT[0m
Store IT (aurora-postgres)	Run Aurora tests on EC2	2024-06-06T00:33:37.1292736Z [36;1m./aws_ec2.sh requirements[0m
Store IT (aurora-postgres)	Run Aurora tests on EC2	2024-06-06T00:33:37.1293240Z [36;1m./aws_ec2.sh create ${REGION}[0m
Store IT (aurora-postgres)	Run Aurora tests on EC2	2024-06-06T00:33:37.1293784Z [36;1m./keycloak_ec2_installer.sh ${REGION} /tmp/keycloak.zip[0m
Store IT (aurora-postgres)	Run Aurora tests on EC2	2024-06-06T00:33:37.1294466Z [36;1m./mvn_ec2_runner.sh ${REGION} "clean install -B -DskipTests -Pdistribution"[0m
Store IT (aurora-postgres)	Run Aurora tests on EC2	2024-06-06T00:33:37.1295861Z [36;1m./mvn_ec2_runner.sh ${REGION} "clean install -B -DskipTests -pl testsuite/integration-arquillian/servers/auth-server/quarkus -Pauth-server-quarkus -Pdb-aurora-postgres -Dmaven.build.cache.enabled=true"[0m
Store IT (aurora-postgres)	Run Aurora tests on EC2	2024-06-06T00:33:37.1297751Z [36;1m./mvn_ec2_runner.sh ${REGION} "test -B -Dsurefire.rerunFailingTestsCount=2 -Pauth-server-quarkus -Pdb-aurora-postgres $PROPS -Dtest=$TESTS -pl testsuite/integration-arquillian/tests/base 2>&1 | misc/log/trimmer.sh"[0m
Store IT (aurora-postgres)	Run Aurora tests on EC2	2024-06-06T00:33:37.1298988Z [36;1m[0m
Store IT (aurora-postgres)	Run Aurora tests on EC2	2024-06-06T00:33:37.1299570Z [36;1m# Copy returned surefire-report directories to workspace root to ensure they're discovered[0m
Store IT (aurora-postgres)	Run Aurora tests on EC2	2024-06-06T00:33:37.1300290Z [36;1mresults=(files/keycloak/results/*)[0m
Store IT (aurora-postgres)	Run Aurora tests on EC2	2024-06-06T00:33:37.1300816Z [36;1mrsync -a $results/* ../../../[0m
Store IT (aurora-postgres)	Run Aurora tests on EC2	2024-06-06T00:33:37.1301246Z [36;1mrm -rf $results[0m
Store IT (aurora-postgres)	Run Aurora tests on EC2	2024-06-06T00:33:37.1360628Z shell: /usr/bin/bash --noprofile --norc -e -o pipefail {0}
Store IT (aurora-postgres)	Run Aurora tests on EC2	2024-06-06T00:33:37.1361266Z env:
Store IT (aurora-postgres)	Run Aurora tests on EC2	2024-06-06T00:33:37.1361864Z   MAVEN_ARGS: -B -nsu -Daether.connector.http.connectionMaxTtl=25
Store IT (aurora-postgres)	Run Aurora tests on EC2	2024-06-06T00:33:37.1362449Z   SUREFIRE_RERUN_FAILING_COUNT: 2
Store IT (aurora-postgres)	Run Aurora tests on EC2	2024-06-06T00:33:37.1362960Z   SUREFIRE_RETRY: -Dsurefire.rerunFailingTestsCount=2
Store IT (aurora-postgres)	Run Aurora tests on EC2	2024-06-06T00:33:37.1363544Z ##[endgroup]
Store IT (aurora-postgres)	Run Aurora tests on EC2	2024-06-06T00:33:37.1954110Z   % Total    % Received % Xferd  Average Speed   Time    Time     Time  Current
Store IT (aurora-postgres)	Run Aurora tests on EC2	2024-06-06T00:33:37.1955875Z                                  Dload  Upload   Total   Spent    Left  Speed
Store IT (aurora-postgres)	Run Aurora tests on EC2	2024-06-06T00:33:37.1956485Z 
Store IT (aurora-postgres)	Run Aurora tests on EC2	2024-06-06T00:33:37.2908465Z   0     0    0     0    0     0      0      0 --:--:-- --:--:-- --:--:--     0
Store IT (aurora-postgres)	Run Aurora tests on EC2	2024-06-06T00:33:37.2909909Z 100  7488  100  7488    0     0  78193      0 --:--:-- --:--:-- --:--:-- 78821
Store IT (aurora-postgres)	Run Aurora tests on EC2	2024-06-06T00:33:37.3642913Z Tests: AccountRestServiceTest,AuthorizationCodeTest,AuthorizationTest,ClientRegistrationTest,EventStoreProviderTest,ExportImportTest,GeneratedRsaKeyProviderTest,KcOidcBrokerTest,LDAPUserLoginTest,LoginTest,PasswordPolicyTest,RefreshTokenTest,RequiredActionUpdateProfileTest,SSOTest,SamlClientTest,TransactionsTest,UserProfileTest,org.keycloak.testsuite.admin.**,org.keycloak.testsuite.authz.**ManagementTest,org.keycloak.testsuite.organization.admin.**
Store IT (aurora-postgres)	Run Aurora tests on EC2	2024-06-06T00:33:40.1491474Z   adding: aws.pem (deflated 40%)
Store IT (aurora-postgres)	Run Aurora tests on EC2	2024-06-06T00:33:48.0430218Z Starting galaxy collection install process
Store IT (aurora-postgres)	Run Aurora tests on EC2	2024-06-06T00:33:48.0431192Z Process install dependency map
Store IT (aurora-postgres)	Run Aurora tests on EC2	2024-06-06T00:33:48.0431732Z Starting collection install process
Store IT (aurora-postgres)	Run Aurora tests on EC2	2024-06-06T00:33:48.0433713Z Downloading https://galaxy.ansible.com/api/v3/plugin/ansible/content/published/collections/artifacts/amazon-aws-6.0.0.tar.gz to /home/runner/.ansible/tmp/ansible-local-230689twnqi7/tmpzkizu193/amazon-aws-6.0.0-_oixgfgn
Store IT (aurora-postgres)	Run Aurora tests on EC2	2024-06-06T00:33:48.0435603Z Installing 'amazon.aws:6.0.0' to '/home/runner/.ansible/collections/ansible_collections/amazon/aws'
Store IT (aurora-postgres)	Run Aurora tests on EC2	2024-06-06T00:33:48.0436370Z amazon.aws:6.0.0 was installed successfully
Store IT (aurora-postgres)	Run Aurora tests on EC2	2024-06-06T00:33:50.8212068Z Collecting ansible
Store IT (aurora-postgres)	Run Aurora tests on EC2	2024-06-06T00:33:50.8912098Z   Downloading ansible-10.0.0-py3-none-any.whl (53.8 MB)
Store IT (aurora-postgres)	Run Aurora tests on EC2	2024-06-06T00:33:51.4814848Z      ━━━━━━━━━━━━━━━━━━━━━━━━━━━━━━━━━━━━━━━━ 53.8/53.8 MB 41.8 MB/s eta 0:00:00
Store IT (aurora-postgres)	Run Aurora tests on EC2	2024-06-06T00:33:52.2257806Z Collecting boto3
Store IT (aurora-postgres)	Run Aurora tests on EC2	2024-06-06T00:33:52.2405011Z   Downloading boto3-1.34.120-py3-none-any.whl (139 kB)
Store IT (aurora-postgres)	Run Aurora tests on EC2	2024-06-06T00:33:52.2457792Z      ━━━━━━━━━━━━━━━━━━━━━━━━━━━━━━━━━━━━━━ 139.3/139.3 KB 45.8 MB/s eta 0:00:00
Store IT (aurora-postgres)	Run Aurora tests on EC2	2024-06-06T00:33:52.9218486Z Collecting botocore
Store IT (aurora-postgres)	Run Aurora tests on EC2	2024-06-06T00:33:52.9369103Z   Downloading botocore-1.34.120-py3-none-any.whl (12.3 MB)
Store IT (aurora-postgres)	Run Aurora tests on EC2	2024-06-06T00:33:53.0614172Z      ━━━━━━━━━━━━━━━━━━━━━━━━━━━━━━━━━━━━━━━━ 12.3/12.3 MB 94.8 MB/s eta 0:00:00
Store IT (aurora-postgres)	Run Aurora tests on EC2	2024-06-06T00:33:53.1470220Z Collecting ansible-core~=2.17.0
Store IT (aurora-postgres)	Run Aurora tests on EC2	2024-06-06T00:33:53.1617070Z   Downloading ansible_core-2.17.0-py3-none-any.whl (2.2 MB)
Store IT (aurora-postgres)	Run Aurora tests on EC2	2024-06-06T00:33:53.1843333Z      ━━━━━━━━━━━━━━━━━━━━━━━━━━━━━━━━━━━━━━━━ 2.2/2.2 MB 107.4 MB/s eta 0:00:00
Store IT (aurora-postgres)	Run Aurora tests on EC2	2024-06-06T00:33:53.3522915Z Collecting s3transfer<0.11.0,>=0.10.0
Store IT (aurora-postgres)	Run Aurora tests on EC2	2024-06-06T00:33:53.3663715Z   Downloading s3transfer-0.10.1-py3-none-any.whl (82 kB)
Store IT (aurora-postgres)	Run Aurora tests on EC2	2024-06-06T00:33:53.3704261Z      ━━━━━━━━━━━━━━━━━━━━━━━━━━━━━━━━━━━━━━━━ 82.2/82.2 KB 34.5 MB/s eta 0:00:00
Store IT (aurora-postgres)	Run Aurora tests on EC2	2024-06-06T00:33:53.3883098Z Collecting jmespath<2.0.0,>=0.7.1
Store IT (aurora-postgres)	Run Aurora tests on EC2	2024-06-06T00:33:53.4023533Z   Downloading jmespath-1.0.1-py3-none-any.whl (20 kB)
Store IT (aurora-postgres)	Run Aurora tests on EC2	2024-06-06T00:33:53.4110100Z Requirement already satisfied: urllib3!=2.2.0,<3,>=1.25.4 in /usr/lib/python3/dist-packages (from botocore) (1.26.5)
Store IT (aurora-postgres)	Run Aurora tests on EC2	2024-06-06T00:33:53.4368700Z Collecting python-dateutil<3.0.0,>=2.1
Store IT (aurora-postgres)	Run Aurora tests on EC2	2024-06-06T00:33:53.4526803Z   Downloading python_dateutil-2.9.0.post0-py2.py3-none-any.whl (229 kB)
Store IT (aurora-postgres)	Run Aurora tests on EC2	2024-06-06T00:33:53.4599451Z      ━━━━━━━━━━━━━━━━━━━━━━━━━━━━━━━━━━━━━━ 229.9/229.9 KB 44.6 MB/s eta 0:00:00
Store IT (aurora-postgres)	Run Aurora tests on EC2	2024-06-06T00:33:53.4651618Z Requirement already satisfied: cryptography in /usr/lib/python3/dist-packages (from ansible-core~=2.17.0->ansible) (3.4.8)
Store IT (aurora-postgres)	Run Aurora tests on EC2	2024-06-06T00:33:53.4657106Z Requirement already satisfied: jinja2>=3.0.0 in /usr/lib/python3/dist-packages (from ansible-core~=2.17.0->ansible) (3.0.3)
Store IT (aurora-postgres)	Run Aurora tests on EC2	2024-06-06T00:33:53.4660542Z Requirement already satisfied: packaging in /usr/local/lib/python3.10/dist-packages (from ansible-core~=2.17.0->ansible) (24.0)
Store IT (aurora-postgres)	Run Aurora tests on EC2	2024-06-06T00:33:53.4827224Z Collecting resolvelib<1.1.0,>=0.5.3
Store IT (aurora-postgres)	Run Aurora tests on EC2	2024-06-06T00:33:53.4967949Z   Downloading resolvelib-1.0.1-py2.py3-none-any.whl (17 kB)
Store IT (aurora-postgres)	Run Aurora tests on EC2	2024-06-06T00:33:53.5002218Z Requirement already satisfied: PyYAML>=5.1 in /usr/lib/python3/dist-packages (from ansible-core~=2.17.0->ansible) (5.4.1)
Store IT (aurora-postgres)	Run Aurora tests on EC2	2024-06-06T00:33:53.5037094Z Requirement already satisfied: six>=1.5 in /usr/lib/python3/dist-packages (from python-dateutil<3.0.0,>=2.1->botocore) (1.16.0)
Store IT (aurora-postgres)	Run Aurora tests on EC2	2024-06-06T00:33:54.0274097Z Installing collected packages: resolvelib, python-dateutil, jmespath, ansible-core, botocore, ansible, s3transfer, boto3
Store IT (aurora-postgres)	Run Aurora tests on EC2	2024-06-06T00:34:12.4813684Z Successfully installed ansible-10.0.0 ansible-core-2.17.0 boto3-1.34.120 botocore-1.34.120 jmespath-1.0.1 python-dateutil-2.9.0.post0 resolvelib-1.0.1 s3transfer-0.10.1
Store IT (aurora-postgres)	Run Aurora tests on EC2	2024-06-06T00:34:13.4342504Z [WARNING]: No inventory was parsed, only implicit localhost is available
Store IT (aurora-postgres)	Run Aurora tests on EC2	2024-06-06T00:34:13.4370023Z [WARNING]: provided hosts list is empty, only localhost is available. Note that
Store IT (aurora-postgres)	Run Aurora tests on EC2	2024-06-06T00:34:13.4371361Z the implicit localhost does not match 'all'
Store IT (aurora-postgres)	Run Aurora tests on EC2	2024-06-06T00:34:13.5132309Z Using /home/runner/work/keycloak/keycloak/.github/scripts/ansible/ansible.cfg as config file
Store IT (aurora-postgres)	Run Aurora tests on EC2	2024-06-06T00:34:13.5133324Z 
Store IT (aurora-postgres)	Run Aurora tests on EC2	2024-06-06T00:34:13.5133757Z PLAY [localhost] ***************************************************************
Store IT (aurora-postgres)	Run Aurora tests on EC2	2024-06-06T00:34:13.5134564Z 
Store IT (aurora-postgres)	Run Aurora tests on EC2	2024-06-06T00:34:13.5135085Z TASK [Gathering Facts] *********************************************************
Store IT (aurora-postgres)	Run Aurora tests on EC2	2024-06-06T00:34:15.0131888Z ok: [localhost]
Store IT (aurora-postgres)	Run Aurora tests on EC2	2024-06-06T00:34:15.0132355Z 
Store IT (aurora-postgres)	Run Aurora tests on EC2	2024-06-06T00:34:15.0132834Z TASK [aws_ec2 : debug] *********************************************************
Store IT (aurora-postgres)	Run Aurora tests on EC2	2024-06-06T00:34:15.0334478Z ok: [localhost] => {
Store IT (aurora-postgres)	Run Aurora tests on EC2	2024-06-06T00:34:15.0335144Z     "cluster_identifier": "runner"
Store IT (aurora-postgres)	Run Aurora tests on EC2	2024-06-06T00:34:15.0336317Z }
Store IT (aurora-postgres)	Run Aurora tests on EC2	2024-06-06T00:34:15.0336663Z 
Store IT (aurora-postgres)	Run Aurora tests on EC2	2024-06-06T00:34:15.0337267Z TASK [aws_ec2 : debug] *********************************************************
Store IT (aurora-postgres)	Run Aurora tests on EC2	2024-06-06T00:34:15.0506655Z ok: [localhost] => {
Store IT (aurora-postgres)	Run Aurora tests on EC2	2024-06-06T00:34:15.0507840Z     "region": "us-east-1"
Store IT (aurora-postgres)	Run Aurora tests on EC2	2024-06-06T00:34:15.0508440Z }
Store IT (aurora-postgres)	Run Aurora tests on EC2	2024-06-06T00:34:15.0508666Z 
Store IT (aurora-postgres)	Run Aurora tests on EC2	2024-06-06T00:34:15.0509139Z TASK [aws_ec2 : debug] *********************************************************
Store IT (aurora-postgres)	Run Aurora tests on EC2	2024-06-06T00:34:15.0683523Z ok: [localhost] => {
Store IT (aurora-postgres)	Run Aurora tests on EC2	2024-06-06T00:34:15.0684311Z     "cluster_name": "keycloak_2576429"
Store IT (aurora-postgres)	Run Aurora tests on EC2	2024-06-06T00:34:15.0684950Z }
Store IT (aurora-postgres)	Run Aurora tests on EC2	2024-06-06T00:34:15.0685285Z 
Store IT (aurora-postgres)	Run Aurora tests on EC2	2024-06-06T00:34:15.0685730Z TASK [aws_ec2 : include_tasks] *************************************************
Store IT (aurora-postgres)	Run Aurora tests on EC2	2024-06-06T00:34:15.0945362Z included: /home/runner/work/keycloak/keycloak/.github/scripts/ansible/roles/aws_ec2/tasks/create-resources.yml for localhost
Store IT (aurora-postgres)	Run Aurora tests on EC2	2024-06-06T00:34:15.0946623Z 
Store IT (aurora-postgres)	Run Aurora tests on EC2	2024-06-06T00:34:15.0947212Z TASK [aws_ec2 : Get Ansible Control Host's public IP] **************************
Store IT (aurora-postgres)	Run Aurora tests on EC2	2024-06-06T00:34:15.3917273Z changed: [localhost] => {"censored": "the output has been hidden due to the fact that 'no_log: true' was specified for this result", "changed": true}
Store IT (aurora-postgres)	Run Aurora tests on EC2	2024-06-06T00:34:15.3918888Z 
Store IT (aurora-postgres)	Run Aurora tests on EC2	2024-06-06T00:34:15.3919364Z TASK [aws_ec2 : debug] *********************************************************
Store IT (aurora-postgres)	Run Aurora tests on EC2	2024-06-06T00:34:15.4102341Z ok: [localhost] => {
Store IT (aurora-postgres)	Run Aurora tests on EC2	2024-06-06T00:34:15.4103128Z     "cidr_ip": "172.183.107.23/32"
Store IT (aurora-postgres)	Run Aurora tests on EC2	2024-06-06T00:34:15.4103739Z }
Store IT (aurora-postgres)	Run Aurora tests on EC2	2024-06-06T00:34:15.4103967Z 
Store IT (aurora-postgres)	Run Aurora tests on EC2	2024-06-06T00:34:15.4104607Z TASK [aws_ec2 : Create Security Group] *****************************************
Store IT (aurora-postgres)	Run Aurora tests on EC2	2024-06-06T00:34:20.8469325Z changed: [localhost] => {"censored": "the output has been hidden due to the fact that 'no_log: true' was specified for this result", "changed": true}
Store IT (aurora-postgres)	Run Aurora tests on EC2	2024-06-06T00:34:20.8470137Z 
Store IT (aurora-postgres)	Run Aurora tests on EC2	2024-06-06T00:34:20.8470620Z TASK [aws_ec2 : Create Key] ****************************************************
Store IT (aurora-postgres)	Run Aurora tests on EC2	2024-06-06T00:34:21.8418358Z changed: [localhost] => {"censored": "the output has been hidden due to the fact that 'no_log: true' was specified for this result", "changed": true}
Store IT (aurora-postgres)	Run Aurora tests on EC2	2024-06-06T00:34:21.8419902Z 
Store IT (aurora-postgres)	Run Aurora tests on EC2	2024-06-06T00:34:21.8420507Z TASK [aws_ec2 : Save Private Key on Ansible Control Machine] *******************
Store IT (aurora-postgres)	Run Aurora tests on EC2	2024-06-06T00:34:22.2843801Z changed: [localhost] => {"censored": "the output has been hidden due to the fact that 'no_log: true' was specified for this result", "changed": true}
Store IT (aurora-postgres)	Run Aurora tests on EC2	2024-06-06T00:34:22.2845184Z 
Store IT (aurora-postgres)	Run Aurora tests on EC2	2024-06-06T00:34:22.2845739Z TASK [aws_ec2 : Look up AMI 'RHEL-8.8.0_HVM-20230503-x86_64-54-Hourly2-GP2'] ***
Store IT (aurora-postgres)	Run Aurora tests on EC2	2024-06-06T00:34:23.4492785Z ok: [localhost] => {"changed": false, "images": [{"architecture": "x86_64", "block_device_mappings": [{"device_name": "/dev/sda1", "ebs": {"delete_on_termination": true, "encrypted": false, "snapshot_id": "snap-04d2aa5ae502e418f", "volume_size": 10, "volume_type": "gp2"}}], "creation_date": "2023-05-10T11:04:33.000Z", "deprecation_time": "2025-05-10T11:04:33.000Z", "description": "Provided by Red Hat, Inc.", "ena_support": true, "hypervisor": "xen", "image_id": "ami-030f1f74b3569f163", "image_location": "amazon/RHEL-8.8.0_HVM-20230503-x86_64-54-Hourly2-GP2", "image_owner_alias": "amazon", "image_type": "machine", "name": "RHEL-8.8.0_HVM-20230503-x86_64-54-Hourly2-GP2", "owner_id": "309956199498", "platform_details": "Red Hat Enterprise Linux", "public": true, "root_device_name": "/dev/sda1", "root_device_type": "ebs", "sriov_net_support": "simple", "state": "available", "tags": {}, "usage_operation": "RunInstances:0010", "virtualization_type": "hvm"}]}
Store IT (aurora-postgres)	Run Aurora tests on EC2	2024-06-06T00:34:23.4498399Z 
Store IT (aurora-postgres)	Run Aurora tests on EC2	2024-06-06T00:34:23.4498840Z TASK [aws_ec2 : Create 1 EC2 Instances] ****************************************
Store IT (aurora-postgres)	Run Aurora tests on EC2	2024-06-06T00:37:59.8846928Z changed: [localhost] => {"censored": "the output has been hidden due to the fact that 'no_log: true' was specified for this result", "changed": true}
Store IT (aurora-postgres)	Run Aurora tests on EC2	2024-06-06T00:37:59.8848956Z 
Store IT (aurora-postgres)	Run Aurora tests on EC2	2024-06-06T00:37:59.8849789Z TASK [aws_ec2 : Create Inventory File] *****************************************
Store IT (aurora-postgres)	Run Aurora tests on EC2	2024-06-06T00:38:00.1601753Z changed: [localhost] => {"changed": true, "checksum": "01ceb5c7cc5b52b77b4919b78aadaf1a38f94ef0", "dest": "./keycloak_2576429_us-east-1_inventory.yml", "gid": 127, "group": "docker", "md5sum": "282edd3f8f71165aa9f83090431cb522", "mode": "0644", "owner": "runner", "size": 229, "src": "/home/runner/.ansible/tmp/ansible-tmp-1717634279.8971152-2627-30087271229245/.source.yml", "state": "file", "uid": 1001}
Store IT (aurora-postgres)	Run Aurora tests on EC2	2024-06-06T00:38:00.1604264Z 
Store IT (aurora-postgres)	Run Aurora tests on EC2	2024-06-06T00:38:00.1604613Z TASK [aws_ec2 : include_tasks] *************************************************
Store IT (aurora-postgres)	Run Aurora tests on EC2	2024-06-06T00:38:00.1723214Z skipping: [localhost] => {"changed": false, "false_condition": "operation == \"start\" or operation == \"stop\"", "skip_reason": "Conditional result was False"}
Store IT (aurora-postgres)	Run Aurora tests on EC2	2024-06-06T00:38:00.1724572Z 
Store IT (aurora-postgres)	Run Aurora tests on EC2	2024-06-06T00:38:00.1725026Z TASK [aws_ec2 : include_tasks] *************************************************
Store IT (aurora-postgres)	Run Aurora tests on EC2	2024-06-06T00:38:00.1961178Z skipping: [localhost] => {"changed": false, "false_condition": "operation == \"delete\"", "skip_reason": "Conditional result was False"}
Store IT (aurora-postgres)	Run Aurora tests on EC2	2024-06-06T00:38:00.1962380Z 
Store IT (aurora-postgres)	Run Aurora tests on EC2	2024-06-06T00:38:00.1962766Z PLAY RECAP *********************************************************************
Store IT (aurora-postgres)	Run Aurora tests on EC2	2024-06-06T00:38:00.1964089Z localhost                  : ok=13   changed=6    unreachable=0    failed=0    skipped=2    rescued=0    ignored=0   
Store IT (aurora-postgres)	Run Aurora tests on EC2	2024-06-06T00:38:00.1965152Z 
Store IT (aurora-postgres)	Run Aurora tests on EC2	2024-06-06T00:38:00.6103498Z 
Store IT (aurora-postgres)	Run Aurora tests on EC2	2024-06-06T00:38:00.6104426Z PLAY [keycloak] ****************************************************************
Store IT (aurora-postgres)	Run Aurora tests on EC2	2024-06-06T00:38:00.6105088Z 
Store IT (aurora-postgres)	Run Aurora tests on EC2	2024-06-06T00:38:00.6105564Z TASK [Gathering Facts] *********************************************************
Store IT (aurora-postgres)	Run Aurora tests on EC2	2024-06-06T00:38:03.2065794Z fatal: [3.90.144.164]: FAILED! => {"ansible_facts": {}, "changed": false, "failed_modules": {"ansible.legacy.setup": {"ansible_facts": {"discovered_interpreter_python": "/usr/bin/python3"}, "failed": true, "module_stderr": "Shared connection to 3.90.144.164 closed.\r\n", "module_stdout": "/bin/sh: /usr/bin/python3: No such file or directory\r\n", "msg": "The module failed to execute correctly, you probably need to set the interpreter.\nSee stdout/stderr for the exact error", "rc": 127, "warnings": ["No python interpreters found for host 3.90.144.164 (tried ['python3.12', 'python3.11', 'python3.10', 'python3.9', 'python3.8', 'python3.7', '/usr/bin/python3', 'python3'])"]}}, "msg": "The following modules failed to execute: ansible.legacy.setup\n"}
Store IT (aurora-postgres)	Run Aurora tests on EC2	2024-06-06T00:38:03.2069479Z 
Store IT (aurora-postgres)	Run Aurora tests on EC2	2024-06-06T00:38:03.2069730Z PLAY RECAP *********************************************************************
Store IT (aurora-postgres)	Run Aurora tests on EC2	2024-06-06T00:38:03.2070567Z 3.90.144.164               : ok=0    changed=0    unreachable=0    failed=1    skipped=0    rescued=0    ignored=0   
Store IT (aurora-postgres)	Run Aurora tests on EC2	2024-06-06T00:38:03.2071092Z 
Store IT (aurora-postgres)	Run Aurora tests on EC2	2024-06-06T00:38:03.2494965Z ##[error]Process completed with exit code 2.
Status Check - Keycloak CI	Run /./.github/actions/status-check	2024-06-06T01:20:51.8027196Z Prepare all required actions
Status Check - Keycloak CI	Run /./.github/actions/status-check	2024-06-06T01:20:51.8118555Z ##[group]Run ./.github/actions/status-check
Status Check - Keycloak CI	Run /./.github/actions/status-check	2024-06-06T01:20:51.8119017Z with:
Status Check - Keycloak CI	Run /./.github/actions/status-check	2024-06-06T01:20:51.8123831Z   jobs: {
Status Check - Keycloak CI	Run /./.github/actions/status-check	  "conditional": {
Status Check - Keycloak CI	Run /./.github/actions/status-check	    "result": "success",
Status Check - Keycloak CI	Run /./.github/actions/status-check	    "outputs": {
Status Check - Keycloak CI	Run /./.github/actions/status-check	      "ci": "true",
Status Check - Keycloak CI	Run /./.github/actions/status-check	      "ci-quarkus": "true",
Status Check - Keycloak CI	Run /./.github/actions/status-check	      "ci-sssd": "true",
Status Check - Keycloak CI	Run /./.github/actions/status-check	      "ci-store": "true",
Status Check - Keycloak CI	Run /./.github/actions/status-check	      "ci-store-matrix": "[\"postgres\",\"mysql\",\"oracle\",\"mssql\",\"mariadb\",\"aurora-postgres\"]",
Status Check - Keycloak CI	Run /./.github/actions/status-check	      "ci-webauthn": "true"
Status Check - Keycloak CI	Run /./.github/actions/status-check	    }
Status Check - Keycloak CI	Run /./.github/actions/status-check	  },
Status Check - Keycloak CI	Run /./.github/actions/status-check	  "build": {
Status Check - Keycloak CI	Run /./.github/actions/status-check	    "result": "success",
Status Check - Keycloak CI	Run /./.github/actions/status-check	    "outputs": {}
Status Check - Keycloak CI	Run /./.github/actions/status-check	  },
Status Check - Keycloak CI	Run /./.github/actions/status-check	  "unit-tests": {
Status Check - Keycloak CI	Run /./.github/actions/status-check	    "result": "success",
Status Check - Keycloak CI	Run /./.github/actions/status-check	    "outputs": {}
Status Check - Keycloak CI	Run /./.github/actions/status-check	  },
Status Check - Keycloak CI	Run /./.github/actions/status-check	  "base-integration-tests": {
Status Check - Keycloak CI	Run /./.github/actions/status-check	    "result": "success",
Status Check - Keycloak CI	Run /./.github/actions/status-check	    "outputs": {}
Status Check - Keycloak CI	Run /./.github/actions/status-check	  },
Status Check - Keycloak CI	Run /./.github/actions/status-check	  "adapter-integration-tests": {
Status Check - Keycloak CI	Run /./.github/actions/status-check	    "result": "success",
Status Check - Keycloak CI	Run /./.github/actions/status-check	    "outputs": {}
Status Check - Keycloak CI	Run /./.github/actions/status-check	  },
Status Check - Keycloak CI	Run /./.github/actions/status-check	  "quarkus-unit-tests": {
Status Check - Keycloak CI	Run /./.github/actions/status-check	    "result": "success",
Status Check - Keycloak CI	Run /./.github/actions/status-check	    "outputs": {}
Status Check - Keycloak CI	Run /./.github/actions/status-check	  },
Status Check - Keycloak CI	Run /./.github/actions/status-check	  "quarkus-integration-tests": {
Status Check - Keycloak CI	Run /./.github/actions/status-check	    "result": "success",
Status Check - Keycloak CI	Run /./.github/actions/status-check	    "outputs": {}
Status Check - Keycloak CI	Run /./.github/actions/status-check	  },
Status Check - Keycloak CI	Run /./.github/actions/status-check	  "jdk-integration-tests": {
Status Check - Keycloak CI	Run /./.github/actions/status-check	    "result": "success",
Status Check - Keycloak CI	Run /./.github/actions/status-check	    "outputs": {}
Status Check - Keycloak CI	Run /./.github/actions/status-check	  },
Status Check - Keycloak CI	Run /./.github/actions/status-check	  "store-integration-tests": {
Status Check - Keycloak CI	Run /./.github/actions/status-check	    "result": "failure",
Status Check - Keycloak CI	Run /./.github/actions/status-check	    "outputs": {}
Status Check - Keycloak CI	Run /./.github/actions/status-check	  },
Status Check - Keycloak CI	Run /./.github/actions/status-check	  "persistent-sessions-tests": {
Status Check - Keycloak CI	Run /./.github/actions/status-check	    "result": "success",
Status Check - Keycloak CI	Run /./.github/actions/status-check	    "outputs": {}
Status Check - Keycloak CI	Run /./.github/actions/status-check	  },
Status Check - Keycloak CI	Run /./.github/actions/status-check	  "store-model-tests": {
Status Check - Keycloak CI	Run /./.github/actions/status-check	    "result": "success",
Status Check - Keycloak CI	Run /./.github/actions/status-check	    "outputs": {}
Status Check - Keycloak CI	Run /./.github/actions/status-check	  },
Status Check - Keycloak CI	Run /./.github/actions/status-check	  "clustering-integration-tests": {
Status Check - Keycloak CI	Run /./.github/actions/status-check	    "result": "success",
Status Check - Keycloak CI	Run /./.github/actions/status-check	    "outputs": {}
Status Check - Keycloak CI	Run /./.github/actions/status-check	  },
Status Check - Keycloak CI	Run /./.github/actions/status-check	  "fips-unit-tests": {
Status Check - Keycloak CI	Run /./.github/actions/status-check	    "result": "success",
Status Check - Keycloak CI	Run /./.github/actions/status-check	    "outputs": {}
Status Check - Keycloak CI	Run /./.github/actions/status-check	  },
Status Check - Keycloak CI	Run /./.github/actions/status-check	  "fips-integration-tests": {
Status Check - Keycloak CI	Run /./.github/actions/status-check	    "result": "success",
Status Check - Keycloak CI	Run /./.github/actions/status-check	    "outputs": {}
Status Check - Keycloak CI	Run /./.github/actions/status-check	  },
Status Check - Keycloak CI	Run /./.github/actions/status-check	  "forms-integration-tests": {
Status Check - Keycloak CI	Run /./.github/actions/status-check	    "result": "success",
Status Check - Keycloak CI	Run /./.github/actions/status-check	    "outputs": {}
Status Check - Keycloak CI	Run /./.github/actions/status-check	  },
Status Check - Keycloak CI	Run /./.github/actions/status-check	  "webauthn-integration-tests": {
Status Check - Keycloak CI	Run /./.github/actions/status-check	    "result": "success",
Status Check - Keycloak CI	Run /./.github/actions/status-check	    "outputs": {}
Status Check - Keycloak CI	Run /./.github/actions/status-check	  },
Status Check - Keycloak CI	Run /./.github/actions/status-check	  "sssd-unit-tests": {
Status Check - Keycloak CI	Run /./.github/actions/status-check	    "result": "success",
Status Check - Keycloak CI	Run /./.github/actions/status-check	    "outputs": {}
Status Check - Keycloak CI	Run /./.github/actions/status-check	  },
Status Check - Keycloak CI	Run /./.github/actions/status-check	  "migration-tests": {
Status Check - Keycloak CI	Run /./.github/actions/status-check	    "result": "success",
Status Check - Keycloak CI	Run /./.github/actions/status-check	    "outputs": {}
Status Check - Keycloak CI	Run /./.github/actions/status-check	  }
Status Check - Keycloak CI	Run /./.github/actions/status-check	}
Status Check - Keycloak CI	Run /./.github/actions/status-check	2024-06-06T01:20:51.8129238Z env:
Status Check - Keycloak CI	Run /./.github/actions/status-check	2024-06-06T01:20:51.8129756Z   MAVEN_ARGS: -B -nsu -Daether.connector.http.connectionMaxTtl=25
Status Check - Keycloak CI	Run /./.github/actions/status-check	2024-06-06T01:20:51.8130274Z   SUREFIRE_RERUN_FAILING_COUNT: 2
Status Check - Keycloak CI	Run /./.github/actions/status-check	2024-06-06T01:20:51.8130826Z   SUREFIRE_RETRY: -Dsurefire.rerunFailingTestsCount=2
Status Check - Keycloak CI	Run /./.github/actions/status-check	2024-06-06T01:20:51.8131381Z ##[endgroup]
Status Check - Keycloak CI	Run /./.github/actions/status-check	2024-06-06T01:20:51.8381427Z ##[group]Run JOBS='{
Status Check - Keycloak CI	Run /./.github/actions/status-check	2024-06-06T01:20:51.8381967Z [36;1mJOBS='{[0m
Status Check - Keycloak CI	Run /./.github/actions/status-check	2024-06-06T01:20:51.8382416Z [36;1m  "conditional": {[0m
Status Check - Keycloak CI	Run /./.github/actions/status-check	2024-06-06T01:20:51.8382809Z [36;1m    "result": "success",[0m
Status Check - Keycloak CI	Run /./.github/actions/status-check	2024-06-06T01:20:51.8383232Z [36;1m    "outputs": {[0m
Status Check - Keycloak CI	Run /./.github/actions/status-check	2024-06-06T01:20:51.8383636Z [36;1m      "ci": "true",[0m
Status Check - Keycloak CI	Run /./.github/actions/status-check	2024-06-06T01:20:51.8384036Z [36;1m      "ci-quarkus": "true",[0m
Status Check - Keycloak CI	Run /./.github/actions/status-check	2024-06-06T01:20:51.8384436Z [36;1m      "ci-sssd": "true",[0m
Status Check - Keycloak CI	Run /./.github/actions/status-check	2024-06-06T01:20:51.8384860Z [36;1m      "ci-store": "true",[0m
Status Check - Keycloak CI	Run /./.github/actions/status-check	2024-06-06T01:20:51.8385640Z [36;1m      "ci-store-matrix": "[\"postgres\",\"mysql\",\"oracle\",\"mssql\",\"mariadb\",\"aurora-postgres\"]",[0m
Status Check - Keycloak CI	Run /./.github/actions/status-check	2024-06-06T01:20:51.8386343Z [36;1m      "ci-webauthn": "true"[0m
Status Check - Keycloak CI	Run /./.github/actions/status-check	2024-06-06T01:20:51.8386762Z [36;1m    }[0m
Status Check - Keycloak CI	Run /./.github/actions/status-check	2024-06-06T01:20:51.8387092Z [36;1m  },[0m
Status Check - Keycloak CI	Run /./.github/actions/status-check	2024-06-06T01:20:51.8387399Z [36;1m  "build": {[0m
Status Check - Keycloak CI	Run /./.github/actions/status-check	2024-06-06T01:20:51.8387775Z [36;1m    "result": "success",[0m
Status Check - Keycloak CI	Run /./.github/actions/status-check	2024-06-06T01:20:51.8388193Z [36;1m    "outputs": {}[0m
Status Check - Keycloak CI	Run /./.github/actions/status-check	2024-06-06T01:20:51.8388543Z [36;1m  },[0m
Status Check - Keycloak CI	Run /./.github/actions/status-check	2024-06-06T01:20:51.8388888Z [36;1m  "unit-tests": {[0m
Status Check - Keycloak CI	Run /./.github/actions/status-check	2024-06-06T01:20:51.8389264Z [36;1m    "result": "success",[0m
Status Check - Keycloak CI	Run /./.github/actions/status-check	2024-06-06T01:20:51.8389648Z [36;1m    "outputs": {}[0m
Status Check - Keycloak CI	Run /./.github/actions/status-check	2024-06-06T01:20:51.8390027Z [36;1m  },[0m
Status Check - Keycloak CI	Run /./.github/actions/status-check	2024-06-06T01:20:51.8390445Z [36;1m  "base-integration-tests": {[0m
Status Check - Keycloak CI	Run /./.github/actions/status-check	2024-06-06T01:20:51.8390857Z [36;1m    "result": "success",[0m
Status Check - Keycloak CI	Run /./.github/actions/status-check	2024-06-06T01:20:51.8391278Z [36;1m    "outputs": {}[0m
Status Check - Keycloak CI	Run /./.github/actions/status-check	2024-06-06T01:20:51.8391624Z [36;1m  },[0m
Status Check - Keycloak CI	Run /./.github/actions/status-check	2024-06-06T01:20:51.8391967Z [36;1m  "adapter-integration-tests": {[0m
Status Check - Keycloak CI	Run /./.github/actions/status-check	2024-06-06T01:20:51.8392474Z [36;1m    "result": "success",[0m
Status Check - Keycloak CI	Run /./.github/actions/status-check	2024-06-06T01:20:51.8392821Z [36;1m    "outputs": {}[0m
Status Check - Keycloak CI	Run /./.github/actions/status-check	2024-06-06T01:20:51.8393163Z [36;1m  },[0m
Status Check - Keycloak CI	Run /./.github/actions/status-check	2024-06-06T01:20:51.8393559Z [36;1m  "quarkus-unit-tests": {[0m
Status Check - Keycloak CI	Run /./.github/actions/status-check	2024-06-06T01:20:51.8393924Z [36;1m    "result": "success",[0m
Status Check - Keycloak CI	Run /./.github/actions/status-check	2024-06-06T01:20:51.8394309Z [36;1m    "outputs": {}[0m
Status Check - Keycloak CI	Run /./.github/actions/status-check	2024-06-06T01:20:51.8394729Z [36;1m  },[0m
Status Check - Keycloak CI	Run /./.github/actions/status-check	2024-06-06T01:20:51.8395362Z [36;1m  "quarkus-integration-tests": {[0m
Status Check - Keycloak CI	Run /./.github/actions/status-check	2024-06-06T01:20:51.8395805Z [36;1m    "result": "success",[0m
Status Check - Keycloak CI	Run /./.github/actions/status-check	2024-06-06T01:20:51.8396270Z [36;1m    "outputs": {}[0m
Status Check - Keycloak CI	Run /./.github/actions/status-check	2024-06-06T01:20:51.8396576Z [36;1m  },[0m
Status Check - Keycloak CI	Run /./.github/actions/status-check	2024-06-06T01:20:51.8396919Z [36;1m  "jdk-integration-tests": {[0m
Status Check - Keycloak CI	Run /./.github/actions/status-check	2024-06-06T01:20:51.8397386Z [36;1m    "result": "success",[0m
Status Check - Keycloak CI	Run /./.github/actions/status-check	2024-06-06T01:20:51.8397732Z [36;1m    "outputs": {}[0m
Status Check - Keycloak CI	Run /./.github/actions/status-check	2024-06-06T01:20:51.8398092Z [36;1m  },[0m
Status Check - Keycloak CI	Run /./.github/actions/status-check	2024-06-06T01:20:51.8398484Z [36;1m  "store-integration-tests": {[0m
Status Check - Keycloak CI	Run /./.github/actions/status-check	2024-06-06T01:20:51.8398871Z [36;1m    "result": "failure",[0m
Status Check - Keycloak CI	Run /./.github/actions/status-check	2024-06-06T01:20:51.8399262Z [36;1m    "outputs": {}[0m
Status Check - Keycloak CI	Run /./.github/actions/status-check	2024-06-06T01:20:51.8399919Z [36;1m  },[0m
Status Check - Keycloak CI	Run /./.github/actions/status-check	2024-06-06T01:20:51.8400430Z [36;1m  "persistent-sessions-tests": {[0m
Status Check - Keycloak CI	Run /./.github/actions/status-check	2024-06-06T01:20:51.8400861Z [36;1m    "result": "success",[0m
Status Check - Keycloak CI	Run /./.github/actions/status-check	2024-06-06T01:20:51.8401315Z [36;1m    "outputs": {}[0m
Status Check - Keycloak CI	Run /./.github/actions/status-check	2024-06-06T01:20:51.8401638Z [36;1m  },[0m
Status Check - Keycloak CI	Run /./.github/actions/status-check	2024-06-06T01:20:51.8401954Z [36;1m  "store-model-tests": {[0m
Status Check - Keycloak CI	Run /./.github/actions/status-check	2024-06-06T01:20:51.8402429Z [36;1m    "result": "success",[0m
Status Check - Keycloak CI	Run /./.github/actions/status-check	2024-06-06T01:20:51.8402827Z [36;1m    "outputs": {}[0m
Status Check - Keycloak CI	Run /./.github/actions/status-check	2024-06-06T01:20:51.8403132Z [36;1m  },[0m
Status Check - Keycloak CI	Run /./.github/actions/status-check	2024-06-06T01:20:51.8403575Z [36;1m  "clustering-integration-tests": {[0m
Status Check - Keycloak CI	Run /./.github/actions/status-check	2024-06-06T01:20:51.8404014Z [36;1m    "result": "success",[0m
Status Check - Keycloak CI	Run /./.github/actions/status-check	2024-06-06T01:20:51.8404460Z [36;1m    "outputs": {}[0m
Status Check - Keycloak CI	Run /./.github/actions/status-check	2024-06-06T01:20:51.8404950Z [36;1m  },[0m
Status Check - Keycloak CI	Run /./.github/actions/status-check	2024-06-06T01:20:51.8405272Z [36;1m  "fips-unit-tests": {[0m
Status Check - Keycloak CI	Run /./.github/actions/status-check	2024-06-06T01:20:51.8405622Z [36;1m    "result": "success",[0m
Status Check - Keycloak CI	Run /./.github/actions/status-check	2024-06-06T01:20:51.8406083Z [36;1m    "outputs": {}[0m
Status Check - Keycloak CI	Run /./.github/actions/status-check	2024-06-06T01:20:51.8406428Z [36;1m  },[0m
Status Check - Keycloak CI	Run /./.github/actions/status-check	2024-06-06T01:20:51.8406739Z [36;1m  "fips-integration-tests": {[0m
Status Check - Keycloak CI	Run /./.github/actions/status-check	2024-06-06T01:20:51.8407247Z [36;1m    "result": "success",[0m
Status Check - Keycloak CI	Run /./.github/actions/status-check	2024-06-06T01:20:51.8407631Z [36;1m    "outputs": {}[0m
Status Check - Keycloak CI	Run /./.github/actions/status-check	2024-06-06T01:20:51.8407957Z [36;1m  },[0m
Status Check - Keycloak CI	Run /./.github/actions/status-check	2024-06-06T01:20:51.8408356Z [36;1m  "forms-integration-tests": {[0m
Status Check - Keycloak CI	Run /./.github/actions/status-check	2024-06-06T01:20:51.8408777Z [36;1m    "result": "success",[0m
Status Check - Keycloak CI	Run /./.github/actions/status-check	2024-06-06T01:20:51.8409168Z [36;1m    "outputs": {}[0m
Status Check - Keycloak CI	Run /./.github/actions/status-check	2024-06-06T01:20:51.8409577Z [36;1m  },[0m
Status Check - Keycloak CI	Run /./.github/actions/status-check	2024-06-06T01:20:51.8409928Z [36;1m  "webauthn-integration-tests": {[0m
Status Check - Keycloak CI	Run /./.github/actions/status-check	2024-06-06T01:20:51.8410345Z [36;1m    "result": "success",[0m
Status Check - Keycloak CI	Run /./.github/actions/status-check	2024-06-06T01:20:51.8410786Z [36;1m    "outputs": {}[0m
Status Check - Keycloak CI	Run /./.github/actions/status-check	2024-06-06T01:20:51.8411127Z [36;1m  },[0m
Status Check - Keycloak CI	Run /./.github/actions/status-check	2024-06-06T01:20:51.8411423Z [36;1m  "sssd-unit-tests": {[0m
Status Check - Keycloak CI	Run /./.github/actions/status-check	2024-06-06T01:20:51.8411863Z [36;1m    "result": "success",[0m
Status Check - Keycloak CI	Run /./.github/actions/status-check	2024-06-06T01:20:51.8412258Z [36;1m    "outputs": {}[0m
Status Check - Keycloak CI	Run /./.github/actions/status-check	2024-06-06T01:20:51.8412558Z [36;1m  },[0m
Status Check - Keycloak CI	Run /./.github/actions/status-check	2024-06-06T01:20:51.8412933Z [36;1m  "migration-tests": {[0m
Status Check - Keycloak CI	Run /./.github/actions/status-check	2024-06-06T01:20:51.8413340Z [36;1m    "result": "success",[0m
Status Check - Keycloak CI	Run /./.github/actions/status-check	2024-06-06T01:20:51.8413703Z [36;1m    "outputs": {}[0m
Status Check - Keycloak CI	Run /./.github/actions/status-check	2024-06-06T01:20:51.8414109Z [36;1m  }[0m
Status Check - Keycloak CI	Run /./.github/actions/status-check	2024-06-06T01:20:51.8414423Z [36;1m}'[0m
Status Check - Keycloak CI	Run /./.github/actions/status-check	2024-06-06T01:20:51.8414685Z [36;1m[0m
Status Check - Keycloak CI	Run /./.github/actions/status-check	2024-06-06T01:20:51.8415057Z [36;1mecho "Job status:"[0m
Status Check - Keycloak CI	Run /./.github/actions/status-check	2024-06-06T01:20:51.8415579Z [36;1mecho $JOBS | jq -r 'to_entries[] | " - \(.key): \(.value.result)"'[0m
Status Check - Keycloak CI	Run /./.github/actions/status-check	2024-06-06T01:20:51.8416086Z [36;1m[0m
Status Check - Keycloak CI	Run /./.github/actions/status-check	2024-06-06T01:20:51.8416588Z [36;1mfor i in $(echo $JOBS | jq -r 'to_entries[] | .value.result'); do[0m
Status Check - Keycloak CI	Run /./.github/actions/status-check	2024-06-06T01:20:51.8417238Z [36;1m  if [ "$i" != "success" ] && [ "$i" != "skipped" ]; then[0m
Status Check - Keycloak CI	Run /./.github/actions/status-check	2024-06-06T01:20:51.8417684Z [36;1m    echo ""[0m
Status Check - Keycloak CI	Run /./.github/actions/status-check	2024-06-06T01:20:51.8418118Z [36;1m    echo "Status check not okay!"[0m
Status Check - Keycloak CI	Run /./.github/actions/status-check	2024-06-06T01:20:51.8418547Z [36;1m    exit 1[0m
Status Check - Keycloak CI	Run /./.github/actions/status-check	2024-06-06T01:20:51.8418855Z [36;1m  fi[0m
Status Check - Keycloak CI	Run /./.github/actions/status-check	2024-06-06T01:20:51.8419234Z [36;1mdone[0m
Status Check - Keycloak CI	Run /./.github/actions/status-check	2024-06-06T01:20:51.8496407Z shell: /usr/bin/bash --noprofile --norc -e -o pipefail {0}
Status Check - Keycloak CI	Run /./.github/actions/status-check	2024-06-06T01:20:51.8496964Z env:
Status Check - Keycloak CI	Run /./.github/actions/status-check	2024-06-06T01:20:51.8497440Z   MAVEN_ARGS: -B -nsu -Daether.connector.http.connectionMaxTtl=25
Status Check - Keycloak CI	Run /./.github/actions/status-check	2024-06-06T01:20:51.8498030Z   SUREFIRE_RERUN_FAILING_COUNT: 2
Status Check - Keycloak CI	Run /./.github/actions/status-check	2024-06-06T01:20:51.8498504Z   SUREFIRE_RETRY: -Dsurefire.rerunFailingTestsCount=2
Status Check - Keycloak CI	Run /./.github/actions/status-check	2024-06-06T01:20:51.8498993Z ##[endgroup]
Status Check - Keycloak CI	Run /./.github/actions/status-check	2024-06-06T01:20:51.8645705Z Job status:
Status Check - Keycloak CI	Run /./.github/actions/status-check	2024-06-06T01:20:51.8865403Z  - conditional: success
Status Check - Keycloak CI	Run /./.github/actions/status-check	2024-06-06T01:20:51.8866269Z  - build: success
Status Check - Keycloak CI	Run /./.github/actions/status-check	2024-06-06T01:20:51.8866682Z  - unit-tests: success
Status Check - Keycloak CI	Run /./.github/actions/status-check	2024-06-06T01:20:51.8867340Z  - base-integration-tests: success
Status Check - Keycloak CI	Run /./.github/actions/status-check	2024-06-06T01:20:51.8867922Z  - adapter-integration-tests: success
Status Check - Keycloak CI	Run /./.github/actions/status-check	2024-06-06T01:20:51.8868437Z  - quarkus-unit-tests: success
Status Check - Keycloak CI	Run /./.github/actions/status-check	2024-06-06T01:20:51.8869077Z  - quarkus-integration-tests: success
Status Check - Keycloak CI	Run /./.github/actions/status-check	2024-06-06T01:20:51.8869633Z  - jdk-integration-tests: success
Status Check - Keycloak CI	Run /./.github/actions/status-check	2024-06-06T01:20:51.8870130Z  - store-integration-tests: failure
Status Check - Keycloak CI	Run /./.github/actions/status-check	2024-06-06T01:20:51.8870841Z  - persistent-sessions-tests: success
Status Check - Keycloak CI	Run /./.github/actions/status-check	2024-06-06T01:20:51.8871398Z  - store-model-tests: success
Status Check - Keycloak CI	Run /./.github/actions/status-check	2024-06-06T01:20:51.8872148Z  - clustering-integration-tests: success
Status Check - Keycloak CI	Run /./.github/actions/status-check	2024-06-06T01:20:51.8873239Z  - fips-unit-tests: success
Status Check - Keycloak CI	Run /./.github/actions/status-check	2024-06-06T01:20:51.8874110Z  - fips-integration-tests: success
Status Check - Keycloak CI	Run /./.github/actions/status-check	2024-06-06T01:20:51.8875061Z  - forms-integration-tests: success
Status Check - Keycloak CI	Run /./.github/actions/status-check	2024-06-06T01:20:51.8875985Z  - webauthn-integration-tests: success
Status Check - Keycloak CI	Run /./.github/actions/status-check	2024-06-06T01:20:51.8876624Z  - sssd-unit-tests: success
Status Check - Keycloak CI	Run /./.github/actions/status-check	2024-06-06T01:20:51.8877060Z  - migration-tests: success
Status Check - Keycloak CI	Run /./.github/actions/status-check	2024-06-06T01:20:51.9077441Z 
Status Check - Keycloak CI	Run /./.github/actions/status-check	2024-06-06T01:20:51.9077778Z Status check not okay!
Status Check - Keycloak CI	Run /./.github/actions/status-check	2024-06-06T01:20:51.9092216Z ##[error]Process completed with exit code 1.
