Quarkus UT (windows-latest)	UNKNOWN STEP	ï»¿2025-10-02T00:23:55.6213172Z Current runner version: '2.328.0'
Quarkus UT (windows-latest)	UNKNOWN STEP	2025-10-02T00:23:55.6251878Z ##[group]Runner Image Provisioner
Quarkus UT (windows-latest)	UNKNOWN STEP	2025-10-02T00:23:55.6253080Z Hosted Compute Agent
Quarkus UT (windows-latest)	UNKNOWN STEP	2025-10-02T00:23:55.6253972Z Version: 20250912.392
Quarkus UT (windows-latest)	UNKNOWN STEP	2025-10-02T00:23:55.6255282Z Commit: d921fda672a98b64f4f82364647e2f10b2267d0b
Quarkus UT (windows-latest)	UNKNOWN STEP	2025-10-02T00:23:55.6256369Z Build Date: 2025-09-12T15:23:14Z
Quarkus UT (windows-latest)	UNKNOWN STEP	2025-10-02T00:23:55.6256940Z ##[endgroup]
Quarkus UT (windows-latest)	UNKNOWN STEP	2025-10-02T00:23:55.6257419Z ##[group]Operating System
Quarkus UT (windows-latest)	UNKNOWN STEP	2025-10-02T00:23:55.6257955Z Microsoft Windows Server 2025
Quarkus UT (windows-latest)	UNKNOWN STEP	2025-10-02T00:23:55.6258509Z 10.0.26100
Quarkus UT (windows-latest)	UNKNOWN STEP	2025-10-02T00:23:55.6258941Z Datacenter
Quarkus UT (windows-latest)	UNKNOWN STEP	2025-10-02T00:23:55.6259309Z ##[endgroup]
Quarkus UT (windows-latest)	UNKNOWN STEP	2025-10-02T00:23:55.6259759Z ##[group]Runner Image
Quarkus UT (windows-latest)	UNKNOWN STEP	2025-10-02T00:23:55.6260194Z Image: windows-2025
Quarkus UT (windows-latest)	UNKNOWN STEP	2025-10-02T00:23:55.6260644Z Version: 20250921.36.1
Quarkus UT (windows-latest)	UNKNOWN STEP	2025-10-02T00:23:55.6261600Z Included Software: https://github.com/actions/runner-images/blob/win25/20250921.36/images/windows/Windows2025-Readme.md
Quarkus UT (windows-latest)	UNKNOWN STEP	2025-10-02T00:23:55.6263245Z Image Release: https://github.com/actions/runner-images/releases/tag/win25%2F20250921.36
Quarkus UT (windows-latest)	UNKNOWN STEP	2025-10-02T00:23:55.6264112Z ##[endgroup]
Quarkus UT (windows-latest)	UNKNOWN STEP	2025-10-02T00:23:55.6265040Z ##[group]GITHUB_TOKEN Permissions
Quarkus UT (windows-latest)	UNKNOWN STEP	2025-10-02T00:23:55.6267069Z Contents: read
Quarkus UT (windows-latest)	UNKNOWN STEP	2025-10-02T00:23:55.6267571Z Metadata: read
Quarkus UT (windows-latest)	UNKNOWN STEP	2025-10-02T00:23:55.6268013Z ##[endgroup]
Quarkus UT (windows-latest)	UNKNOWN STEP	2025-10-02T00:23:55.6270113Z Secret source: Actions
Quarkus UT (windows-latest)	UNKNOWN STEP	2025-10-02T00:23:55.6270875Z Prepare workflow directory
Quarkus UT (windows-latest)	UNKNOWN STEP	2025-10-02T00:23:55.6675025Z Prepare all required actions
Quarkus UT (windows-latest)	UNKNOWN STEP	2025-10-02T00:23:55.6714041Z Getting action download info
Quarkus UT (windows-latest)	UNKNOWN STEP	2025-10-02T00:23:55.8573686Z Download action repository 'actions/checkout@08c6903cd8c0fde910a37f88322edcfb5dd907a8' (SHA:08c6903cd8c0fde910a37f88322edcfb5dd907a8)
Quarkus UT (windows-latest)	UNKNOWN STEP	2025-10-02T00:23:56.1337934Z Complete job name: Quarkus UT (windows-latest)
Quarkus UT (windows-latest)	UNKNOWN STEP	2025-10-02T00:23:56.3811196Z ##[group]Run actions/checkout@08c6903cd8c0fde910a37f88322edcfb5dd907a8
Quarkus UT (windows-latest)	UNKNOWN STEP	2025-10-02T00:23:56.3813634Z with:
Quarkus UT (windows-latest)	UNKNOWN STEP	2025-10-02T00:23:56.3814083Z   repository: keycloak/keycloak
Quarkus UT (windows-latest)	UNKNOWN STEP	2025-10-02T00:23:56.3814966Z   token: ***
Quarkus UT (windows-latest)	UNKNOWN STEP	2025-10-02T00:23:56.3815326Z   ssh-strict: true
Quarkus UT (windows-latest)	UNKNOWN STEP	2025-10-02T00:23:56.3815750Z   ssh-user: git
Quarkus UT (windows-latest)	UNKNOWN STEP	2025-10-02T00:23:56.3816131Z   persist-credentials: true
Quarkus UT (windows-latest)	UNKNOWN STEP	2025-10-02T00:23:56.3816554Z   clean: true
Quarkus UT (windows-latest)	UNKNOWN STEP	2025-10-02T00:23:56.3816937Z   sparse-checkout-cone-mode: true
Quarkus UT (windows-latest)	UNKNOWN STEP	2025-10-02T00:23:56.3817393Z   fetch-depth: 1
Quarkus UT (windows-latest)	UNKNOWN STEP	2025-10-02T00:23:56.3817754Z   fetch-tags: false
Quarkus UT (windows-latest)	UNKNOWN STEP	2025-10-02T00:23:56.3818127Z   show-progress: true
Quarkus UT (windows-latest)	UNKNOWN STEP	2025-10-02T00:23:56.3818508Z   lfs: false
Quarkus UT (windows-latest)	UNKNOWN STEP	2025-10-02T00:23:56.3818847Z   submodules: false
Quarkus UT (windows-latest)	UNKNOWN STEP	2025-10-02T00:23:56.3819230Z   set-safe-directory: true
Quarkus UT (windows-latest)	UNKNOWN STEP	2025-10-02T00:23:56.3819937Z env:
Quarkus UT (windows-latest)	UNKNOWN STEP	2025-10-02T00:23:56.3820458Z   MAVEN_ARGS: -B -nsu -Daether.connector.http.connectionMaxTtl=25
Quarkus UT (windows-latest)	UNKNOWN STEP	2025-10-02T00:23:56.3821129Z   SUREFIRE_RERUN_FAILING_COUNT: 2
Quarkus UT (windows-latest)	UNKNOWN STEP	2025-10-02T00:23:56.3822148Z   SUREFIRE_RETRY: -Dsurefire.rerunFailingTestsCount=2
Quarkus UT (windows-latest)	UNKNOWN STEP	2025-10-02T00:23:56.3822728Z ##[endgroup]
Quarkus UT (windows-latest)	UNKNOWN STEP	2025-10-02T00:23:56.5473525Z Syncing repository: keycloak/keycloak
Quarkus UT (windows-latest)	UNKNOWN STEP	2025-10-02T00:23:56.5475859Z ##[group]Getting Git version info
Quarkus UT (windows-latest)	UNKNOWN STEP	2025-10-02T00:23:56.5476737Z Working directory is 'D:\a\keycloak\keycloak'
Quarkus UT (windows-latest)	UNKNOWN STEP	2025-10-02T00:23:56.7067841Z [command]"C:\Program Files\Git\bin\git.exe" version
Quarkus UT (windows-latest)	UNKNOWN STEP	2025-10-02T00:23:57.6034060Z git version 2.51.0.windows.1
Quarkus UT (windows-latest)	UNKNOWN STEP	2025-10-02T00:23:57.6087813Z ##[endgroup]
Quarkus UT (windows-latest)	UNKNOWN STEP	2025-10-02T00:23:57.6114311Z Temporarily overriding HOME='D:\a\_temp\f2ee6f09-b902-41ee-a98e-f52860bd8f1f' before making global git config changes
Quarkus UT (windows-latest)	UNKNOWN STEP	2025-10-02T00:23:57.6115740Z Adding repository directory to the temporary git global config as a safe directory
Quarkus UT (windows-latest)	UNKNOWN STEP	2025-10-02T00:23:57.6128616Z [command]"C:\Program Files\Git\bin\git.exe" config --global --add safe.directory D:\a\keycloak\keycloak
Quarkus UT (windows-latest)	UNKNOWN STEP	2025-10-02T00:23:57.7398268Z Deleting the contents of 'D:\a\keycloak\keycloak'
Quarkus UT (windows-latest)	UNKNOWN STEP	2025-10-02T00:23:57.7405842Z ##[group]Initializing the repository
Quarkus UT (windows-latest)	UNKNOWN STEP	2025-10-02T00:23:57.7414722Z [command]"C:\Program Files\Git\bin\git.exe" init D:\a\keycloak\keycloak
Quarkus UT (windows-latest)	UNKNOWN STEP	2025-10-02T00:23:57.9380324Z Initialized empty Git repository in D:/a/keycloak/keycloak/.git/
Quarkus UT (windows-latest)	UNKNOWN STEP	2025-10-02T00:23:57.9431153Z [command]"C:\Program Files\Git\bin\git.exe" remote add origin https://github.com/keycloak/keycloak
Quarkus UT (windows-latest)	UNKNOWN STEP	2025-10-02T00:23:58.0789699Z ##[endgroup]
Quarkus UT (windows-latest)	UNKNOWN STEP	2025-10-02T00:23:58.0791118Z ##[group]Disabling automatic garbage collection
Quarkus UT (windows-latest)	UNKNOWN STEP	2025-10-02T00:23:58.0792173Z [command]"C:\Program Files\Git\bin\git.exe" config --local gc.auto 0
Quarkus UT (windows-latest)	UNKNOWN STEP	2025-10-02T00:23:58.1096281Z ##[endgroup]
Quarkus UT (windows-latest)	UNKNOWN STEP	2025-10-02T00:23:58.1097380Z ##[group]Setting up auth
Quarkus UT (windows-latest)	UNKNOWN STEP	2025-10-02T00:23:58.1108087Z [command]"C:\Program Files\Git\bin\git.exe" config --local --name-only --get-regexp core\.sshCommand
Quarkus UT (windows-latest)	UNKNOWN STEP	2025-10-02T00:23:58.1429124Z [command]"C:\Program Files\Git\bin\git.exe" submodule foreach --recursive "sh -c \"git config --local --name-only --get-regexp 'core\.sshCommand' && git config --local --unset-all 'core.sshCommand' || :\""
Quarkus UT (windows-latest)	UNKNOWN STEP	2025-10-02T00:24:01.1756450Z [command]"C:\Program Files\Git\bin\git.exe" config --local --name-only --get-regexp http\.https\:\/\/github\.com\/\.extraheader
Quarkus UT (windows-latest)	UNKNOWN STEP	2025-10-02T00:24:01.2115888Z [command]"C:\Program Files\Git\bin\git.exe" submodule foreach --recursive "sh -c \"git config --local --name-only --get-regexp 'http\.https\:\/\/github\.com\/\.extraheader' && git config --local --unset-all 'http.https://github.com/.extraheader' || :\""
Quarkus UT (windows-latest)	UNKNOWN STEP	2025-10-02T00:24:01.7689498Z [command]"C:\Program Files\Git\bin\git.exe" config --local http.https://github.com/.extraheader "AUTHORIZATION: basic ***"
Quarkus UT (windows-latest)	UNKNOWN STEP	2025-10-02T00:24:01.8030845Z ##[endgroup]
Quarkus UT (windows-latest)	UNKNOWN STEP	2025-10-02T00:24:01.8031935Z ##[group]Fetching the repository
Quarkus UT (windows-latest)	UNKNOWN STEP	2025-10-02T00:24:01.8044791Z [command]"C:\Program Files\Git\bin\git.exe" -c protocol.version=2 fetch --no-tags --prune --no-recurse-submodules --depth=1 origin +45ffef5c960b8f6ba36e589f7fd77691d1d4a7e0:refs/remotes/origin/main
Quarkus UT (windows-latest)	UNKNOWN STEP	2025-10-02T00:24:05.8865082Z From https://github.com/keycloak/keycloak
Quarkus UT (windows-latest)	UNKNOWN STEP	2025-10-02T00:24:05.8868492Z  * [new ref]         45ffef5c960b8f6ba36e589f7fd77691d1d4a7e0 -> origin/main
Quarkus UT (windows-latest)	UNKNOWN STEP	2025-10-02T00:24:05.9434604Z ##[endgroup]
Quarkus UT (windows-latest)	UNKNOWN STEP	2025-10-02T00:24:05.9435347Z ##[group]Determining the checkout info
Quarkus UT (windows-latest)	UNKNOWN STEP	2025-10-02T00:24:05.9436170Z ##[endgroup]
Quarkus UT (windows-latest)	UNKNOWN STEP	2025-10-02T00:24:05.9447867Z [command]"C:\Program Files\Git\bin\git.exe" sparse-checkout disable
Quarkus UT (windows-latest)	UNKNOWN STEP	2025-10-02T00:24:06.0101417Z [command]"C:\Program Files\Git\bin\git.exe" config --local --unset-all extensions.worktreeConfig
Quarkus UT (windows-latest)	UNKNOWN STEP	2025-10-02T00:24:06.0425766Z ##[group]Checking out the ref
Quarkus UT (windows-latest)	UNKNOWN STEP	2025-10-02T00:24:06.0435271Z [command]"C:\Program Files\Git\bin\git.exe" checkout --progress --force -B main refs/remotes/origin/main
Quarkus UT (windows-latest)	UNKNOWN STEP	2025-10-02T00:24:07.1631127Z Updating files:  25% (2752/10989)
Quarkus UT (windows-latest)	UNKNOWN STEP	2025-10-02T00:24:07.1890004Z Updating files:  26% (2858/10989)
Quarkus UT (windows-latest)	UNKNOWN STEP	2025-10-02T00:24:07.2166540Z Updating files:  27% (2968/10989)
Quarkus UT (windows-latest)	UNKNOWN STEP	2025-10-02T00:24:07.2440718Z Updating files:  28% (3077/10989)
Quarkus UT (windows-latest)	UNKNOWN STEP	2025-10-02T00:24:07.2716317Z Updating files:  29% (3187/10989)
Quarkus UT (windows-latest)	UNKNOWN STEP	2025-10-02T00:24:07.2959287Z Updating files:  30% (3297/10989)
Quarkus UT (windows-latest)	UNKNOWN STEP	2025-10-02T00:24:07.3201723Z Updating files:  31% (3407/10989)
Quarkus UT (windows-latest)	UNKNOWN STEP	2025-10-02T00:24:07.3438870Z Updating files:  32% (3517/10989)
Quarkus UT (windows-latest)	UNKNOWN STEP	2025-10-02T00:24:07.3717684Z Updating files:  33% (3627/10989)
Quarkus UT (windows-latest)	UNKNOWN STEP	2025-10-02T00:24:07.4022467Z Updating files:  34% (3737/10989)
Quarkus UT (windows-latest)	UNKNOWN STEP	2025-10-02T00:24:07.4305425Z Updating files:  35% (3847/10989)
Quarkus UT (windows-latest)	UNKNOWN STEP	2025-10-02T00:24:07.4591126Z Updating files:  36% (3957/10989)
Quarkus UT (windows-latest)	UNKNOWN STEP	2025-10-02T00:24:07.4907248Z Updating files:  37% (4066/10989)
Quarkus UT (windows-latest)	UNKNOWN STEP	2025-10-02T00:24:07.5178200Z Updating files:  38% (4176/10989)
Quarkus UT (windows-latest)	UNKNOWN STEP	2025-10-02T00:24:07.5445938Z Updating files:  39% (4286/10989)
Quarkus UT (windows-latest)	UNKNOWN STEP	2025-10-02T00:24:07.5732474Z Updating files:  40% (4396/10989)
Quarkus UT (windows-latest)	UNKNOWN STEP	2025-10-02T00:24:07.6050405Z Updating files:  41% (4506/10989)
Quarkus UT (windows-latest)	UNKNOWN STEP	2025-10-02T00:24:07.6339821Z Updating files:  42% (4616/10989)
Quarkus UT (windows-latest)	UNKNOWN STEP	2025-10-02T00:24:07.6647667Z Updating files:  43% (4726/10989)
Quarkus UT (windows-latest)	UNKNOWN STEP	2025-10-02T00:24:07.6947749Z Updating files:  44% (4836/10989)
Quarkus UT (windows-latest)	UNKNOWN STEP	2025-10-02T00:24:07.7271661Z Updating files:  45% (4946/10989)
Quarkus UT (windows-latest)	UNKNOWN STEP	2025-10-02T00:24:07.7585532Z Updating files:  46% (5055/10989)
Quarkus UT (windows-latest)	UNKNOWN STEP	2025-10-02T00:24:07.7870057Z Updating files:  47% (5165/10989)
Quarkus UT (windows-latest)	UNKNOWN STEP	2025-10-02T00:24:07.8126770Z Updating files:  48% (5275/10989)
Quarkus UT (windows-latest)	UNKNOWN STEP	2025-10-02T00:24:07.8399215Z Updating files:  49% (5385/10989)
Quarkus UT (windows-latest)	UNKNOWN STEP	2025-10-02T00:24:07.9217026Z Updating files:  50% (5495/10989)
Quarkus UT (windows-latest)	UNKNOWN STEP	2025-10-02T00:24:07.9517415Z Updating files:  51% (5605/10989)
Quarkus UT (windows-latest)	UNKNOWN STEP	2025-10-02T00:24:07.9783388Z Updating files:  52% (5715/10989)
Quarkus UT (windows-latest)	UNKNOWN STEP	2025-10-02T00:24:08.0053217Z Updating files:  53% (5825/10989)
Quarkus UT (windows-latest)	UNKNOWN STEP	2025-10-02T00:24:08.0311684Z Updating files:  54% (5935/10989)
Quarkus UT (windows-latest)	UNKNOWN STEP	2025-10-02T00:24:08.0573659Z Updating files:  55% (6044/10989)
Quarkus UT (windows-latest)	UNKNOWN STEP	2025-10-02T00:24:08.0841171Z Updating files:  56% (6154/10989)
Quarkus UT (windows-latest)	UNKNOWN STEP	2025-10-02T00:24:08.1126746Z Updating files:  57% (6264/10989)
Quarkus UT (windows-latest)	UNKNOWN STEP	2025-10-02T00:24:08.1374020Z Updating files:  58% (6374/10989)
Quarkus UT (windows-latest)	UNKNOWN STEP	2025-10-02T00:24:08.1389700Z Updating files:  58% (6476/10989)
Quarkus UT (windows-latest)	UNKNOWN STEP	2025-10-02T00:24:08.1659130Z Updating files:  59% (6484/10989)
Quarkus UT (windows-latest)	UNKNOWN STEP	2025-10-02T00:24:08.1945208Z Updating files:  60% (6594/10989)
Quarkus UT (windows-latest)	UNKNOWN STEP	2025-10-02T00:24:08.2232460Z Updating files:  61% (6704/10989)
Quarkus UT (windows-latest)	UNKNOWN STEP	2025-10-02T00:24:08.2506482Z Updating files:  62% (6814/10989)
Quarkus UT (windows-latest)	UNKNOWN STEP	2025-10-02T00:24:08.2768657Z Updating files:  63% (6924/10989)
Quarkus UT (windows-latest)	UNKNOWN STEP	2025-10-02T00:24:08.3048184Z Updating files:  64% (7033/10989)
Quarkus UT (windows-latest)	UNKNOWN STEP	2025-10-02T00:24:08.5398816Z Updating files:  65% (7143/10989)
Quarkus UT (windows-latest)	UNKNOWN STEP	2025-10-02T00:24:08.5687709Z Updating files:  66% (7253/10989)
Quarkus UT (windows-latest)	UNKNOWN STEP	2025-10-02T00:24:08.5953733Z Updating files:  67% (7363/10989)
Quarkus UT (windows-latest)	UNKNOWN STEP	2025-10-02T00:24:08.6207064Z Updating files:  68% (7473/10989)
Quarkus UT (windows-latest)	UNKNOWN STEP	2025-10-02T00:24:08.6457649Z Updating files:  69% (7583/10989)
Quarkus UT (windows-latest)	UNKNOWN STEP	2025-10-02T00:24:08.6736846Z Updating files:  70% (7693/10989)
Quarkus UT (windows-latest)	UNKNOWN STEP	2025-10-02T00:24:08.7000086Z Updating files:  71% (7803/10989)
Quarkus UT (windows-latest)	UNKNOWN STEP	2025-10-02T00:24:08.7264735Z Updating files:  72% (7913/10989)
Quarkus UT (windows-latest)	UNKNOWN STEP	2025-10-02T00:24:08.7543888Z Updating files:  73% (8022/10989)
Quarkus UT (windows-latest)	UNKNOWN STEP	2025-10-02T00:24:08.7850307Z Updating files:  74% (8132/10989)
Quarkus UT (windows-latest)	UNKNOWN STEP	2025-10-02T00:24:08.8094935Z Updating files:  75% (8242/10989)
Quarkus UT (windows-latest)	UNKNOWN STEP	2025-10-02T00:24:08.8455819Z Updating files:  76% (8352/10989)
Quarkus UT (windows-latest)	UNKNOWN STEP	2025-10-02T00:24:08.8779582Z Updating files:  77% (8462/10989)
Quarkus UT (windows-latest)	UNKNOWN STEP	2025-10-02T00:24:08.9071255Z Updating files:  78% (8572/10989)
Quarkus UT (windows-latest)	UNKNOWN STEP	2025-10-02T00:24:08.9369284Z Updating files:  79% (8682/10989)
Quarkus UT (windows-latest)	UNKNOWN STEP	2025-10-02T00:24:08.9729504Z Updating files:  80% (8792/10989)
Quarkus UT (windows-latest)	UNKNOWN STEP	2025-10-02T00:24:08.9983904Z Updating files:  81% (8902/10989)
Quarkus UT (windows-latest)	UNKNOWN STEP	2025-10-02T00:24:09.0269375Z Updating files:  82% (9011/10989)
Quarkus UT (windows-latest)	UNKNOWN STEP	2025-10-02T00:24:09.0576604Z Updating files:  83% (9121/10989)
Quarkus UT (windows-latest)	UNKNOWN STEP	2025-10-02T00:24:09.0835495Z Updating files:  84% (9231/10989)
Quarkus UT (windows-latest)	UNKNOWN STEP	2025-10-02T00:24:09.1087797Z Updating files:  85% (9341/10989)
Quarkus UT (windows-latest)	UNKNOWN STEP	2025-10-02T00:24:09.1342329Z Updating files:  86% (9451/10989)
Quarkus UT (windows-latest)	UNKNOWN STEP	2025-10-02T00:24:09.1384719Z Updating files:  87% (9561/10989)
Quarkus UT (windows-latest)	UNKNOWN STEP	2025-10-02T00:24:09.1651274Z Updating files:  87% (9574/10989)
Quarkus UT (windows-latest)	UNKNOWN STEP	2025-10-02T00:24:09.1922729Z Updating files:  88% (9671/10989)
Quarkus UT (windows-latest)	UNKNOWN STEP	2025-10-02T00:24:09.2240388Z Updating files:  89% (9781/10989)
Quarkus UT (windows-latest)	UNKNOWN STEP	2025-10-02T00:24:09.2542109Z Updating files:  90% (9891/10989)
Quarkus UT (windows-latest)	UNKNOWN STEP	2025-10-02T00:24:09.2861634Z Updating files:  91% (10000/10989)
Quarkus UT (windows-latest)	UNKNOWN STEP	2025-10-02T00:24:09.3195230Z Updating files:  92% (10110/10989)
Quarkus UT (windows-latest)	UNKNOWN STEP	2025-10-02T00:24:09.3488906Z Updating files:  93% (10220/10989)
Quarkus UT (windows-latest)	UNKNOWN STEP	2025-10-02T00:24:09.3820026Z Updating files:  94% (10330/10989)
Quarkus UT (windows-latest)	UNKNOWN STEP	2025-10-02T00:24:09.4149294Z Updating files:  95% (10440/10989)
Quarkus UT (windows-latest)	UNKNOWN STEP	2025-10-02T00:24:09.4496718Z Updating files:  96% (10550/10989)
Quarkus UT (windows-latest)	UNKNOWN STEP	2025-10-02T00:24:09.4789517Z Updating files:  97% (10660/10989)
Quarkus UT (windows-latest)	UNKNOWN STEP	2025-10-02T00:24:09.5064530Z Updating files:  98% (10770/10989)
Quarkus UT (windows-latest)	UNKNOWN STEP	2025-10-02T00:24:09.5358609Z Updating files:  99% (10880/10989)
Quarkus UT (windows-latest)	UNKNOWN STEP	2025-10-02T00:24:09.5359080Z Updating files: 100% (10989/10989)
Quarkus UT (windows-latest)	UNKNOWN STEP	2025-10-02T00:24:09.5359323Z Updating files: 100% (10989/10989), done.
Quarkus UT (windows-latest)	UNKNOWN STEP	2025-10-02T00:24:09.5851180Z branch 'main' set up to track 'origin/main'.
Quarkus UT (windows-latest)	UNKNOWN STEP	2025-10-02T00:24:09.5861124Z Switched to a new branch 'main'
Quarkus UT (windows-latest)	UNKNOWN STEP	2025-10-02T00:24:09.5968867Z ##[endgroup]
Quarkus UT (windows-latest)	UNKNOWN STEP	2025-10-02T00:24:09.6599943Z [command]"C:\Program Files\Git\bin\git.exe" log -1 --format=%H
Quarkus UT (windows-latest)	UNKNOWN STEP	2025-10-02T00:24:09.7133012Z 45ffef5c960b8f6ba36e589f7fd77691d1d4a7e0
Quarkus UT (windows-latest)	UNKNOWN STEP	2025-10-02T00:24:09.7803231Z Prepare all required actions
Quarkus UT (windows-latest)	UNKNOWN STEP	2025-10-02T00:24:09.7803780Z Getting action download info
Quarkus UT (windows-latest)	UNKNOWN STEP	2025-10-02T00:24:09.9210152Z Download action repository 'actions/download-artifact@d3f86a106a0bac45b974a628896c90dbdf5c8093' (SHA:d3f86a106a0bac45b974a628896c90dbdf5c8093)
Quarkus UT (windows-latest)	UNKNOWN STEP	2025-10-02T00:24:10.2902535Z ##[group]Run ./.github/actions/integration-test-setup
Quarkus UT (windows-latest)	UNKNOWN STEP	2025-10-02T00:24:10.2903022Z with:
Quarkus UT (windows-latest)	UNKNOWN STEP	2025-10-02T00:24:10.2903172Z   jdk-dist: temurin
Quarkus UT (windows-latest)	UNKNOWN STEP	2025-10-02T00:24:10.2903328Z   jdk-version: 21
Quarkus UT (windows-latest)	UNKNOWN STEP	2025-10-02T00:24:10.2903477Z env:
Quarkus UT (windows-latest)	UNKNOWN STEP	2025-10-02T00:24:10.2903708Z   MAVEN_ARGS: -B -nsu -Daether.connector.http.connectionMaxTtl=25
Quarkus UT (windows-latest)	UNKNOWN STEP	2025-10-02T00:24:10.2904018Z   SUREFIRE_RERUN_FAILING_COUNT: 2
Quarkus UT (windows-latest)	UNKNOWN STEP	2025-10-02T00:24:10.2904265Z   SUREFIRE_RETRY: -Dsurefire.rerunFailingTestsCount=2
Quarkus UT (windows-latest)	UNKNOWN STEP	2025-10-02T00:24:10.2904522Z ##[endgroup]
Quarkus UT (windows-latest)	UNKNOWN STEP	2025-10-02T00:24:10.3123070Z Prepare all required actions
Quarkus UT (windows-latest)	UNKNOWN STEP	2025-10-02T00:24:10.3160329Z ##[group]Run ./.github/actions/update-hosts
Quarkus UT (windows-latest)	UNKNOWN STEP	2025-10-02T00:24:10.3160577Z env:
Quarkus UT (windows-latest)	UNKNOWN STEP	2025-10-02T00:24:10.3160887Z   MAVEN_ARGS: -B -nsu -Daether.connector.http.connectionMaxTtl=25
Quarkus UT (windows-latest)	UNKNOWN STEP	2025-10-02T00:24:10.3161196Z   SUREFIRE_RERUN_FAILING_COUNT: 2
Quarkus UT (windows-latest)	UNKNOWN STEP	2025-10-02T00:24:10.3161452Z   SUREFIRE_RETRY: -Dsurefire.rerunFailingTestsCount=2
Quarkus UT (windows-latest)	UNKNOWN STEP	2025-10-02T00:24:10.3161699Z ##[endgroup]
Quarkus UT (windows-latest)	UNKNOWN STEP	2025-10-02T00:24:10.3334749Z ##[group]Run "`n`n" | Add-Content C:\Windows\System32\drivers\etc\hosts
Quarkus UT (windows-latest)	UNKNOWN STEP	2025-10-02T00:24:10.3335290Z [36;1m"`n`n" | Add-Content C:\Windows\System32\drivers\etc\hosts[0m
Quarkus UT (windows-latest)	UNKNOWN STEP	2025-10-02T00:24:10.3335815Z [36;1mGet-Content .github/actions/update-hosts/hosts | Add-Content C:\Windows\System32\drivers\etc\hosts[0m
Quarkus UT (windows-latest)	UNKNOWN STEP	2025-10-02T00:24:10.6068886Z shell: C:\Windows\System32\WindowsPowerShell\v1.0\powershell.EXE -command ". '{0}'"
Quarkus UT (windows-latest)	UNKNOWN STEP	2025-10-02T00:24:10.6069406Z env:
Quarkus UT (windows-latest)	UNKNOWN STEP	2025-10-02T00:24:10.6069726Z   MAVEN_ARGS: -B -nsu -Daether.connector.http.connectionMaxTtl=25
Quarkus UT (windows-latest)	UNKNOWN STEP	2025-10-02T00:24:10.6070155Z   SUREFIRE_RERUN_FAILING_COUNT: 2
Quarkus UT (windows-latest)	UNKNOWN STEP	2025-10-02T00:24:10.6070489Z   SUREFIRE_RETRY: -Dsurefire.rerunFailingTestsCount=2
Quarkus UT (windows-latest)	UNKNOWN STEP	2025-10-02T00:24:10.6070840Z ##[endgroup]
Quarkus UT (windows-latest)	UNKNOWN STEP	2025-10-02T00:24:10.9588697Z Prepare all required actions
Quarkus UT (windows-latest)	UNKNOWN STEP	2025-10-02T00:24:10.9588977Z Getting action download info
Quarkus UT (windows-latest)	UNKNOWN STEP	2025-10-02T00:24:11.0784259Z Download action repository 'actions/setup-java@c5195efecf7bdfc987ee8bae7a71cb8b11521c00' (SHA:c5195efecf7bdfc987ee8bae7a71cb8b11521c00)
Quarkus UT (windows-latest)	UNKNOWN STEP	2025-10-02T00:24:11.4089674Z ##[group]Run ./.github/actions/java-setup
Quarkus UT (windows-latest)	UNKNOWN STEP	2025-10-02T00:24:11.4089910Z with:
Quarkus UT (windows-latest)	UNKNOWN STEP	2025-10-02T00:24:11.4090061Z   distribution: temurin
Quarkus UT (windows-latest)	UNKNOWN STEP	2025-10-02T00:24:11.4090230Z   java-version: 21
Quarkus UT (windows-latest)	UNKNOWN STEP	2025-10-02T00:24:11.4090374Z env:
Quarkus UT (windows-latest)	UNKNOWN STEP	2025-10-02T00:24:11.4090609Z   MAVEN_ARGS: -B -nsu -Daether.connector.http.connectionMaxTtl=25
Quarkus UT (windows-latest)	UNKNOWN STEP	2025-10-02T00:24:11.4090924Z   SUREFIRE_RERUN_FAILING_COUNT: 2
Quarkus UT (windows-latest)	UNKNOWN STEP	2025-10-02T00:24:11.4091194Z   SUREFIRE_RETRY: -Dsurefire.rerunFailingTestsCount=2
Quarkus UT (windows-latest)	UNKNOWN STEP	2025-10-02T00:24:11.4091449Z ##[endgroup]
Quarkus UT (windows-latest)	UNKNOWN STEP	2025-10-02T00:24:11.4292374Z ##[group]Run actions/setup-java@c5195efecf7bdfc987ee8bae7a71cb8b11521c00
Quarkus UT (windows-latest)	UNKNOWN STEP	2025-10-02T00:24:11.4293060Z with:
Quarkus UT (windows-latest)	UNKNOWN STEP	2025-10-02T00:24:11.4293241Z   distribution: temurin
Quarkus UT (windows-latest)	UNKNOWN STEP	2025-10-02T00:24:11.4293424Z   java-version: 21
Quarkus UT (windows-latest)	UNKNOWN STEP	2025-10-02T00:24:11.4293595Z   java-package: jdk
Quarkus UT (windows-latest)	UNKNOWN STEP	2025-10-02T00:24:11.4293768Z   check-latest: false
Quarkus UT (windows-latest)	UNKNOWN STEP	2025-10-02T00:24:11.4293936Z   server-id: github
Quarkus UT (windows-latest)	UNKNOWN STEP	2025-10-02T00:24:11.4294096Z   server-username: GITHUB_ACTOR
Quarkus UT (windows-latest)	UNKNOWN STEP	2025-10-02T00:24:11.4294311Z   server-password: GITHUB_TOKEN
Quarkus UT (windows-latest)	UNKNOWN STEP	2025-10-02T00:24:11.4294504Z   overwrite-settings: true
Quarkus UT (windows-latest)	UNKNOWN STEP	2025-10-02T00:24:11.4294705Z   job-status: success
Quarkus UT (windows-latest)	UNKNOWN STEP	2025-10-02T00:24:11.4295066Z   token: ***
Quarkus UT (windows-latest)	UNKNOWN STEP	2025-10-02T00:24:11.4295220Z env:
Quarkus UT (windows-latest)	UNKNOWN STEP	2025-10-02T00:24:11.4295461Z   MAVEN_ARGS: -B -nsu -Daether.connector.http.connectionMaxTtl=25
Quarkus UT (windows-latest)	UNKNOWN STEP	2025-10-02T00:24:11.4295764Z   SUREFIRE_RERUN_FAILING_COUNT: 2
Quarkus UT (windows-latest)	UNKNOWN STEP	2025-10-02T00:24:11.4296019Z   SUREFIRE_RETRY: -Dsurefire.rerunFailingTestsCount=2
Quarkus UT (windows-latest)	UNKNOWN STEP	2025-10-02T00:24:11.4296271Z ##[endgroup]
Quarkus UT (windows-latest)	UNKNOWN STEP	2025-10-02T00:24:11.7190353Z ##[group]Installed distributions
Quarkus UT (windows-latest)	UNKNOWN STEP	2025-10-02T00:24:11.7693971Z Resolved Java 21.0.8+9.0 from tool-cache
Quarkus UT (windows-latest)	UNKNOWN STEP	2025-10-02T00:24:11.7694989Z Setting Java 21.0.8+9.0 as the default
Quarkus UT (windows-latest)	UNKNOWN STEP	2025-10-02T00:24:11.7729976Z Creating toolchains.xml for JDK version 21 from temurin
Quarkus UT (windows-latest)	UNKNOWN STEP	2025-10-02T00:24:11.7852579Z Writing to C:\Users\runneradmin\.m2\toolchains.xml
Quarkus UT (windows-latest)	UNKNOWN STEP	2025-10-02T00:24:11.7856991Z 
Quarkus UT (windows-latest)	UNKNOWN STEP	2025-10-02T00:24:11.7857419Z Java configuration:
Quarkus UT (windows-latest)	UNKNOWN STEP	2025-10-02T00:24:11.7857962Z   Distribution: temurin
Quarkus UT (windows-latest)	UNKNOWN STEP	2025-10-02T00:24:11.7858461Z   Version: 21.0.8+9.0
Quarkus UT (windows-latest)	UNKNOWN STEP	2025-10-02T00:24:11.7859589Z   Path: C:\hostedtoolcache\windows\Java_Temurin-Hotspot_jdk\21.0.8-9.0\x64
Quarkus UT (windows-latest)	UNKNOWN STEP	2025-10-02T00:24:11.7860084Z 
Quarkus UT (windows-latest)	UNKNOWN STEP	2025-10-02T00:24:11.7860945Z ##[endgroup]
Quarkus UT (windows-latest)	UNKNOWN STEP	2025-10-02T00:24:11.7879434Z Creating settings.xml with server-id: github
Quarkus UT (windows-latest)	UNKNOWN STEP	2025-10-02T00:24:11.7891108Z Writing to C:\Users\runneradmin\.m2\settings.xml
Quarkus UT (windows-latest)	UNKNOWN STEP	2025-10-02T00:24:11.8183965Z Prepare all required actions
Quarkus UT (windows-latest)	UNKNOWN STEP	2025-10-02T00:24:11.8184254Z Getting action download info
Quarkus UT (windows-latest)	UNKNOWN STEP	2025-10-02T00:24:11.9485492Z Download action repository 'actions/cache@5a3ec84eff668545956fd18022155c47e93e2684' (SHA:5a3ec84eff668545956fd18022155c47e93e2684)
Quarkus UT (windows-latest)	UNKNOWN STEP	2025-10-02T00:24:12.1353882Z ##[group]Run ./.github/actions/maven-cache
Quarkus UT (windows-latest)	UNKNOWN STEP	2025-10-02T00:24:12.1354135Z with:
Quarkus UT (windows-latest)	UNKNOWN STEP	2025-10-02T00:24:12.1354305Z   create-cache-if-it-doesnt-exist: false
Quarkus UT (windows-latest)	UNKNOWN STEP	2025-10-02T00:24:12.1354523Z env:
Quarkus UT (windows-latest)	UNKNOWN STEP	2025-10-02T00:24:12.1354744Z   MAVEN_ARGS: -B -nsu -Daether.connector.http.connectionMaxTtl=25
Quarkus UT (windows-latest)	UNKNOWN STEP	2025-10-02T00:24:12.1355047Z   SUREFIRE_RERUN_FAILING_COUNT: 2
Quarkus UT (windows-latest)	UNKNOWN STEP	2025-10-02T00:24:12.1355299Z   SUREFIRE_RETRY: -Dsurefire.rerunFailingTestsCount=2
Quarkus UT (windows-latest)	UNKNOWN STEP	2025-10-02T00:24:12.1355678Z   JAVA_HOME: C:\hostedtoolcache\windows\Java_Temurin-Hotspot_jdk\21.0.8-9.0\x64
Quarkus UT (windows-latest)	UNKNOWN STEP	2025-10-02T00:24:12.1356121Z   JAVA_HOME_21_X64: C:\hostedtoolcache\windows\Java_Temurin-Hotspot_jdk\21.0.8-9.0\x64
Quarkus UT (windows-latest)	UNKNOWN STEP	2025-10-02T00:24:12.1356535Z ##[endgroup]
Quarkus UT (windows-latest)	UNKNOWN STEP	2025-10-02T00:24:12.1493664Z ##[group]Run echo "key=mvn-`date -u "+%Y-%U"`" >> $GITHUB_OUTPUT
Quarkus UT (windows-latest)	UNKNOWN STEP	2025-10-02T00:24:12.1494047Z [36;1mecho "key=mvn-`date -u "+%Y-%U"`" >> $GITHUB_OUTPUT[0m
Quarkus UT (windows-latest)	UNKNOWN STEP	2025-10-02T00:24:12.2378813Z shell: C:\Program Files\Git\bin\bash.EXE --noprofile --norc -e -o pipefail {0}
Quarkus UT (windows-latest)	UNKNOWN STEP	2025-10-02T00:24:12.2379200Z env:
Quarkus UT (windows-latest)	UNKNOWN STEP	2025-10-02T00:24:12.2379483Z   MAVEN_ARGS: -B -nsu -Daether.connector.http.connectionMaxTtl=25
Quarkus UT (windows-latest)	UNKNOWN STEP	2025-10-02T00:24:12.2379832Z   SUREFIRE_RERUN_FAILING_COUNT: 2
Quarkus UT (windows-latest)	UNKNOWN STEP	2025-10-02T00:24:12.2380112Z   SUREFIRE_RETRY: -Dsurefire.rerunFailingTestsCount=2
Quarkus UT (windows-latest)	UNKNOWN STEP	2025-10-02T00:24:12.2380535Z   JAVA_HOME: C:\hostedtoolcache\windows\Java_Temurin-Hotspot_jdk\21.0.8-9.0\x64
Quarkus UT (windows-latest)	UNKNOWN STEP	2025-10-02T00:24:12.2381040Z   JAVA_HOME_21_X64: C:\hostedtoolcache\windows\Java_Temurin-Hotspot_jdk\21.0.8-9.0\x64
Quarkus UT (windows-latest)	UNKNOWN STEP	2025-10-02T00:24:12.2381437Z ##[endgroup]
Quarkus UT (windows-latest)	UNKNOWN STEP	2025-10-02T00:24:12.6594856Z ##[group]Run actions/cache/restore@5a3ec84eff668545956fd18022155c47e93e2684
Quarkus UT (windows-latest)	UNKNOWN STEP	2025-10-02T00:24:12.6595175Z with:
Quarkus UT (windows-latest)	UNKNOWN STEP	2025-10-02T00:24:12.6595399Z   path: ~/.m2/repository/*/*
Quarkus UT (windows-latest)	UNKNOWN STEP	!~/.m2/repository/org/keycloak
Quarkus UT (windows-latest)	UNKNOWN STEP	
Quarkus UT (windows-latest)	UNKNOWN STEP	2025-10-02T00:24:12.6595687Z   key: mvn-Windows-mvn-2025-39
Quarkus UT (windows-latest)	UNKNOWN STEP	2025-10-02T00:24:12.6595889Z   restore-keys: mvn--mvn-2025-39
Quarkus UT (windows-latest)	UNKNOWN STEP	
Quarkus UT (windows-latest)	UNKNOWN STEP	2025-10-02T00:24:12.6596531Z   enableCrossOsArchive: true
Quarkus UT (windows-latest)	UNKNOWN STEP	2025-10-02T00:24:12.6596736Z   fail-on-cache-miss: false
Quarkus UT (windows-latest)	UNKNOWN STEP	2025-10-02T00:24:12.6615201Z   lookup-only: false
Quarkus UT (windows-latest)	UNKNOWN STEP	2025-10-02T00:24:12.6615412Z env:
Quarkus UT (windows-latest)	UNKNOWN STEP	2025-10-02T00:24:12.6615731Z   MAVEN_ARGS: -B -nsu -Daether.connector.http.connectionMaxTtl=25
Quarkus UT (windows-latest)	UNKNOWN STEP	2025-10-02T00:24:12.6616242Z   SUREFIRE_RERUN_FAILING_COUNT: 2
Quarkus UT (windows-latest)	UNKNOWN STEP	2025-10-02T00:24:12.6616664Z   SUREFIRE_RETRY: -Dsurefire.rerunFailingTestsCount=2
Quarkus UT (windows-latest)	UNKNOWN STEP	2025-10-02T00:24:12.6617278Z   JAVA_HOME: C:\hostedtoolcache\windows\Java_Temurin-Hotspot_jdk\21.0.8-9.0\x64
Quarkus UT (windows-latest)	UNKNOWN STEP	2025-10-02T00:24:12.6618068Z   JAVA_HOME_21_X64: C:\hostedtoolcache\windows\Java_Temurin-Hotspot_jdk\21.0.8-9.0\x64
Quarkus UT (windows-latest)	UNKNOWN STEP	2025-10-02T00:24:12.6618619Z ##[endgroup]
Quarkus UT (windows-latest)	UNKNOWN STEP	2025-10-02T00:24:13.1854970Z Cache not found for input keys: mvn-Windows-mvn-2025-39, mvn--mvn-2025-39
Quarkus UT (windows-latest)	UNKNOWN STEP	2025-10-02T00:24:13.2102100Z Prepare all required actions
Quarkus UT (windows-latest)	UNKNOWN STEP	2025-10-02T00:24:13.2102378Z Getting action download info
Quarkus UT (windows-latest)	UNKNOWN STEP	2025-10-02T00:24:13.3338715Z ##[group]Run ./.github/actions/node-cache
Quarkus UT (windows-latest)	UNKNOWN STEP	2025-10-02T00:24:13.3338944Z env:
Quarkus UT (windows-latest)	UNKNOWN STEP	2025-10-02T00:24:13.3339171Z   MAVEN_ARGS: -B -nsu -Daether.connector.http.connectionMaxTtl=25
Quarkus UT (windows-latest)	UNKNOWN STEP	2025-10-02T00:24:13.3339486Z   SUREFIRE_RERUN_FAILING_COUNT: 2
Quarkus UT (windows-latest)	UNKNOWN STEP	2025-10-02T00:24:13.3340455Z   SUREFIRE_RETRY: -Dsurefire.rerunFailingTestsCount=2
Quarkus UT (windows-latest)	UNKNOWN STEP	2025-10-02T00:24:13.3340871Z   JAVA_HOME: C:\hostedtoolcache\windows\Java_Temurin-Hotspot_jdk\21.0.8-9.0\x64
Quarkus UT (windows-latest)	UNKNOWN STEP	2025-10-02T00:24:13.3341313Z   JAVA_HOME_21_X64: C:\hostedtoolcache\windows\Java_Temurin-Hotspot_jdk\21.0.8-9.0\x64
Quarkus UT (windows-latest)	UNKNOWN STEP	2025-10-02T00:24:13.3341631Z ##[endgroup]
Quarkus UT (windows-latest)	UNKNOWN STEP	2025-10-02T00:24:13.3473925Z ##[group]Run echo "node=$(cat js/pom.xml | grep '<node.version>' | cut -d '>' -f 2 | cut -d '<' -f 1 | cut -c 2-)" >> $GITHUB_OUTPUT
Quarkus UT (windows-latest)	UNKNOWN STEP	2025-10-02T00:24:13.3474746Z [36;1mecho "node=$(cat js/pom.xml | grep '<node.version>' | cut -d '>' -f 2 | cut -d '<' -f 1 | cut -c 2-)" >> $GITHUB_OUTPUT[0m
Quarkus UT (windows-latest)	UNKNOWN STEP	2025-10-02T00:24:13.3475411Z [36;1mecho "pnpm=$(cat js/pom.xml | grep '<pnpm.version>' | cut -d '>' -f 2 | cut -d '<' -f 1 | cut -c 1-)" >> $GITHUB_OUTPUT[0m
Quarkus UT (windows-latest)	UNKNOWN STEP	2025-10-02T00:24:13.3489550Z shell: C:\Program Files\Git\bin\bash.EXE --noprofile --norc -e -o pipefail {0}
Quarkus UT (windows-latest)	UNKNOWN STEP	2025-10-02T00:24:13.3489882Z env:
Quarkus UT (windows-latest)	UNKNOWN STEP	2025-10-02T00:24:13.3490140Z   MAVEN_ARGS: -B -nsu -Daether.connector.http.connectionMaxTtl=25
Quarkus UT (windows-latest)	UNKNOWN STEP	2025-10-02T00:24:13.3490455Z   SUREFIRE_RERUN_FAILING_COUNT: 2
Quarkus UT (windows-latest)	UNKNOWN STEP	2025-10-02T00:24:13.3490715Z   SUREFIRE_RETRY: -Dsurefire.rerunFailingTestsCount=2
Quarkus UT (windows-latest)	UNKNOWN STEP	2025-10-02T00:24:13.3491092Z   JAVA_HOME: C:\hostedtoolcache\windows\Java_Temurin-Hotspot_jdk\21.0.8-9.0\x64
Quarkus UT (windows-latest)	UNKNOWN STEP	2025-10-02T00:24:13.3491544Z   JAVA_HOME_21_X64: C:\hostedtoolcache\windows\Java_Temurin-Hotspot_jdk\21.0.8-9.0\x64
Quarkus UT (windows-latest)	UNKNOWN STEP	2025-10-02T00:24:13.3491880Z ##[endgroup]
Quarkus UT (windows-latest)	UNKNOWN STEP	2025-10-02T00:24:13.7411616Z ##[group]Run actions/cache@5a3ec84eff668545956fd18022155c47e93e2684
Quarkus UT (windows-latest)	UNKNOWN STEP	2025-10-02T00:24:13.7411913Z with:
Quarkus UT (windows-latest)	UNKNOWN STEP	2025-10-02T00:24:13.7412238Z   path: ~/.m2/repository/com/github/eirslett/node
Quarkus UT (windows-latest)	UNKNOWN STEP	~/.m2/repository/com/github/eirslett/pnpm
Quarkus UT (windows-latest)	UNKNOWN STEP	
Quarkus UT (windows-latest)	UNKNOWN STEP	2025-10-02T00:24:13.7412700Z   key: Windows-frontend-plugin-artifacts-22.18.0-10.14.0
Quarkus UT (windows-latest)	UNKNOWN STEP	2025-10-02T00:24:13.7412984Z   enableCrossOsArchive: false
Quarkus UT (windows-latest)	UNKNOWN STEP	2025-10-02T00:24:13.7413182Z   fail-on-cache-miss: false
Quarkus UT (windows-latest)	UNKNOWN STEP	2025-10-02T00:24:13.7413361Z   lookup-only: false
Quarkus UT (windows-latest)	UNKNOWN STEP	2025-10-02T00:24:13.7413528Z   save-always: false
Quarkus UT (windows-latest)	UNKNOWN STEP	2025-10-02T00:24:13.7413675Z env:
Quarkus UT (windows-latest)	UNKNOWN STEP	2025-10-02T00:24:13.7413897Z   MAVEN_ARGS: -B -nsu -Daether.connector.http.connectionMaxTtl=25
Quarkus UT (windows-latest)	UNKNOWN STEP	2025-10-02T00:24:13.7414221Z   SUREFIRE_RERUN_FAILING_COUNT: 2
Quarkus UT (windows-latest)	UNKNOWN STEP	2025-10-02T00:24:13.7414465Z   SUREFIRE_RETRY: -Dsurefire.rerunFailingTestsCount=2
Quarkus UT (windows-latest)	UNKNOWN STEP	2025-10-02T00:24:13.7414840Z   JAVA_HOME: C:\hostedtoolcache\windows\Java_Temurin-Hotspot_jdk\21.0.8-9.0\x64
Quarkus UT (windows-latest)	UNKNOWN STEP	2025-10-02T00:24:13.7415291Z   JAVA_HOME_21_X64: C:\hostedtoolcache\windows\Java_Temurin-Hotspot_jdk\21.0.8-9.0\x64
Quarkus UT (windows-latest)	UNKNOWN STEP	2025-10-02T00:24:13.7415611Z ##[endgroup]
Quarkus UT (windows-latest)	UNKNOWN STEP	2025-10-02T00:24:14.1096906Z Cache hit for: Windows-frontend-plugin-artifacts-22.18.0-10.14.0
Quarkus UT (windows-latest)	UNKNOWN STEP	2025-10-02T00:24:14.7226901Z Received 89550662 of 89550662 (100.0%), 148.0 MBs/sec
Quarkus UT (windows-latest)	UNKNOWN STEP	2025-10-02T00:24:14.7230311Z Cache Size: ~85 MB (89550662 B)
Quarkus UT (windows-latest)	UNKNOWN STEP	2025-10-02T00:24:14.7394487Z [command]"C:\Program Files\Git\usr\bin\tar.exe" -xf D:/a/_temp/9f25359e-1805-4c58-a2d3-364c1b601355/cache.tzst -P -C D:/a/keycloak/keycloak --force-local --use-compress-program "zstd -d"
Quarkus UT (windows-latest)	UNKNOWN STEP	2025-10-02T00:24:15.5720476Z Cache restored successfully
Quarkus UT (windows-latest)	UNKNOWN STEP	2025-10-02T00:24:15.5907796Z Cache restored from key: Windows-frontend-plugin-artifacts-22.18.0-10.14.0
Quarkus UT (windows-latest)	UNKNOWN STEP	2025-10-02T00:24:15.6195731Z Prepare all required actions
Quarkus UT (windows-latest)	UNKNOWN STEP	2025-10-02T00:24:15.6196022Z Getting action download info
Quarkus UT (windows-latest)	UNKNOWN STEP	2025-10-02T00:24:15.7436059Z ##[group]Run ./.github/actions/pnpm-store-cache
Quarkus UT (windows-latest)	UNKNOWN STEP	2025-10-02T00:24:15.7436318Z env:
Quarkus UT (windows-latest)	UNKNOWN STEP	2025-10-02T00:24:15.7436554Z   MAVEN_ARGS: -B -nsu -Daether.connector.http.connectionMaxTtl=25
Quarkus UT (windows-latest)	UNKNOWN STEP	2025-10-02T00:24:15.7436862Z   SUREFIRE_RERUN_FAILING_COUNT: 2
Quarkus UT (windows-latest)	UNKNOWN STEP	2025-10-02T00:24:15.7437124Z   SUREFIRE_RETRY: -Dsurefire.rerunFailingTestsCount=2
Quarkus UT (windows-latest)	UNKNOWN STEP	2025-10-02T00:24:15.7437515Z   JAVA_HOME: C:\hostedtoolcache\windows\Java_Temurin-Hotspot_jdk\21.0.8-9.0\x64
Quarkus UT (windows-latest)	UNKNOWN STEP	2025-10-02T00:24:15.7437962Z   JAVA_HOME_21_X64: C:\hostedtoolcache\windows\Java_Temurin-Hotspot_jdk\21.0.8-9.0\x64
Quarkus UT (windows-latest)	UNKNOWN STEP	2025-10-02T00:24:15.7438296Z ##[endgroup]
Quarkus UT (windows-latest)	UNKNOWN STEP	2025-10-02T00:24:15.7561968Z ##[group]Run echo "key=pnpm-store-`date -u "+%Y-%U"`" >> $GITHUB_OUTPUT
Quarkus UT (windows-latest)	UNKNOWN STEP	2025-10-02T00:24:15.7562610Z [36;1mecho "key=pnpm-store-`date -u "+%Y-%U"`" >> $GITHUB_OUTPUT[0m
Quarkus UT (windows-latest)	UNKNOWN STEP	2025-10-02T00:24:15.7576366Z shell: C:\Program Files\Git\bin\bash.EXE --noprofile --norc -e -o pipefail {0}
Quarkus UT (windows-latest)	UNKNOWN STEP	2025-10-02T00:24:15.7576709Z env:
Quarkus UT (windows-latest)	UNKNOWN STEP	2025-10-02T00:24:15.7576958Z   MAVEN_ARGS: -B -nsu -Daether.connector.http.connectionMaxTtl=25
Quarkus UT (windows-latest)	UNKNOWN STEP	2025-10-02T00:24:15.7577266Z   SUREFIRE_RERUN_FAILING_COUNT: 2
Quarkus UT (windows-latest)	UNKNOWN STEP	2025-10-02T00:24:15.7577698Z   SUREFIRE_RETRY: -Dsurefire.rerunFailingTestsCount=2
Quarkus UT (windows-latest)	UNKNOWN STEP	2025-10-02T00:24:15.7578106Z   JAVA_HOME: C:\hostedtoolcache\windows\Java_Temurin-Hotspot_jdk\21.0.8-9.0\x64
Quarkus UT (windows-latest)	UNKNOWN STEP	2025-10-02T00:24:15.7578579Z   JAVA_HOME_21_X64: C:\hostedtoolcache\windows\Java_Temurin-Hotspot_jdk\21.0.8-9.0\x64
Quarkus UT (windows-latest)	UNKNOWN STEP	2025-10-02T00:24:15.7579228Z ##[endgroup]
Quarkus UT (windows-latest)	UNKNOWN STEP	2025-10-02T00:24:15.8394247Z ##[group]Run actions/cache@5a3ec84eff668545956fd18022155c47e93e2684
Quarkus UT (windows-latest)	UNKNOWN STEP	2025-10-02T00:24:15.8394548Z with:
Quarkus UT (windows-latest)	UNKNOWN STEP	2025-10-02T00:24:15.8394838Z   path: ~/.local/share/pnpm/store
Quarkus UT (windows-latest)	UNKNOWN STEP	~/AppData/Local/pnpm/store
Quarkus UT (windows-latest)	UNKNOWN STEP	~/Library/pnpm/store
Quarkus UT (windows-latest)	UNKNOWN STEP	
Quarkus UT (windows-latest)	UNKNOWN STEP	2025-10-02T00:24:15.8395640Z   key: Windows-pnpm-store-2025-39
Quarkus UT (windows-latest)	UNKNOWN STEP	2025-10-02T00:24:15.8395875Z   enableCrossOsArchive: false
Quarkus UT (windows-latest)	UNKNOWN STEP	2025-10-02T00:24:15.8396084Z   fail-on-cache-miss: false
Quarkus UT (windows-latest)	UNKNOWN STEP	2025-10-02T00:24:15.8396262Z   lookup-only: false
Quarkus UT (windows-latest)	UNKNOWN STEP	2025-10-02T00:24:15.8396426Z   save-always: false
Quarkus UT (windows-latest)	UNKNOWN STEP	2025-10-02T00:24:15.8396579Z env:
Quarkus UT (windows-latest)	UNKNOWN STEP	2025-10-02T00:24:15.8396809Z   MAVEN_ARGS: -B -nsu -Daether.connector.http.connectionMaxTtl=25
Quarkus UT (windows-latest)	UNKNOWN STEP	2025-10-02T00:24:15.8397175Z   SUREFIRE_RERUN_FAILING_COUNT: 2
Quarkus UT (windows-latest)	UNKNOWN STEP	2025-10-02T00:24:15.8397453Z   SUREFIRE_RETRY: -Dsurefire.rerunFailingTestsCount=2
Quarkus UT (windows-latest)	UNKNOWN STEP	2025-10-02T00:24:15.8397834Z   JAVA_HOME: C:\hostedtoolcache\windows\Java_Temurin-Hotspot_jdk\21.0.8-9.0\x64
Quarkus UT (windows-latest)	UNKNOWN STEP	2025-10-02T00:24:15.8398272Z   JAVA_HOME_21_X64: C:\hostedtoolcache\windows\Java_Temurin-Hotspot_jdk\21.0.8-9.0\x64
Quarkus UT (windows-latest)	UNKNOWN STEP	2025-10-02T00:24:15.8398597Z ##[endgroup]
Quarkus UT (windows-latest)	UNKNOWN STEP	2025-10-02T00:24:16.2072027Z Cache not found for input keys: Windows-pnpm-store-2025-39
Quarkus UT (windows-latest)	UNKNOWN STEP	2025-10-02T00:24:16.2358247Z ##[group]Run actions/download-artifact@d3f86a106a0bac45b974a628896c90dbdf5c8093
Quarkus UT (windows-latest)	UNKNOWN STEP	2025-10-02T00:24:16.2358835Z with:
Quarkus UT (windows-latest)	UNKNOWN STEP	2025-10-02T00:24:16.2359117Z   name: m2-keycloak.tzts
Quarkus UT (windows-latest)	UNKNOWN STEP	2025-10-02T00:24:16.2359447Z   merge-multiple: false
Quarkus UT (windows-latest)	UNKNOWN STEP	2025-10-02T00:24:16.2359758Z   repository: keycloak/keycloak
Quarkus UT (windows-latest)	UNKNOWN STEP	2025-10-02T00:24:16.2360099Z   run-id: 18179400296
Quarkus UT (windows-latest)	UNKNOWN STEP	2025-10-02T00:24:16.2360356Z env:
Quarkus UT (windows-latest)	UNKNOWN STEP	2025-10-02T00:24:16.2360716Z   MAVEN_ARGS: -B -nsu -Daether.connector.http.connectionMaxTtl=25
Quarkus UT (windows-latest)	UNKNOWN STEP	2025-10-02T00:24:16.2361280Z   SUREFIRE_RERUN_FAILING_COUNT: 2
Quarkus UT (windows-latest)	UNKNOWN STEP	2025-10-02T00:24:16.2362137Z   SUREFIRE_RETRY: -Dsurefire.rerunFailingTestsCount=2
Quarkus UT (windows-latest)	UNKNOWN STEP	2025-10-02T00:24:16.2363197Z   JAVA_HOME: C:\hostedtoolcache\windows\Java_Temurin-Hotspot_jdk\21.0.8-9.0\x64
Quarkus UT (windows-latest)	UNKNOWN STEP	2025-10-02T00:24:16.2363998Z   JAVA_HOME_21_X64: C:\hostedtoolcache\windows\Java_Temurin-Hotspot_jdk\21.0.8-9.0\x64
Quarkus UT (windows-latest)	UNKNOWN STEP	2025-10-02T00:24:16.2364585Z ##[endgroup]
Quarkus UT (windows-latest)	UNKNOWN STEP	2025-10-02T00:24:16.5089564Z Downloading single artifact
Quarkus UT (windows-latest)	UNKNOWN STEP	2025-10-02T00:24:16.6480834Z Preparing to download the following artifacts:
Quarkus UT (windows-latest)	UNKNOWN STEP	2025-10-02T00:24:16.6481972Z - m2-keycloak.tzts (ID: 4160424752, Size: 400436232, Expected Digest: sha256:100521203063399c8f4957d3980e70efd25dfb255cc1544246b3e43dc611b282)
Quarkus UT (windows-latest)	UNKNOWN STEP	2025-10-02T00:24:16.6988072Z Redirecting to blob download url: https://productionresultssa1.blob.core.windows.net/actions-results/3fe489aa-cd9b-4fad-a709-adfbcd99d057/workflow-job-run-eb5cdec0-f380-5b1b-812f-11ecc6693189/artifacts/edc4cfb0355d37e325eaae6eb235756b36f79720f66ece617babf28220e9d051.zip
Quarkus UT (windows-latest)	UNKNOWN STEP	2025-10-02T00:24:16.6990294Z Starting download of artifact to: D:\a\keycloak\keycloak
Quarkus UT (windows-latest)	UNKNOWN STEP	2025-10-02T00:24:16.7509173Z (node:10108) [DEP0005] DeprecationWarning: Buffer() is deprecated due to security and usability issues. Please use the Buffer.alloc(), Buffer.allocUnsafe(), or Buffer.from() methods instead.
Quarkus UT (windows-latest)	UNKNOWN STEP	2025-10-02T00:24:16.7510702Z (Use `node --trace-deprecation ...` to show where the warning was created)
Quarkus UT (windows-latest)	UNKNOWN STEP	2025-10-02T00:24:22.7207036Z SHA256 digest of downloaded artifact is 100521203063399c8f4957d3980e70efd25dfb255cc1544246b3e43dc611b282
Quarkus UT (windows-latest)	UNKNOWN STEP	2025-10-02T00:24:22.7207881Z Artifact download completed successfully.
Quarkus UT (windows-latest)	UNKNOWN STEP	2025-10-02T00:24:22.7208584Z Total of 1 artifact(s) downloaded
Quarkus UT (windows-latest)	UNKNOWN STEP	2025-10-02T00:24:22.7219489Z Download artifact has finished successfully
Quarkus UT (windows-latest)	UNKNOWN STEP	2025-10-02T00:24:22.7584367Z ##[group]Run if [ "$RUNNER_OS" == "Windows" ]; then
Quarkus UT (windows-latest)	UNKNOWN STEP	2025-10-02T00:24:22.7584867Z [36;1mif [ "$RUNNER_OS" == "Windows" ]; then[0m
Quarkus UT (windows-latest)	UNKNOWN STEP	2025-10-02T00:24:22.7585482Z [36;1m  # zstd binary might be missing in older versions, install only when necessary[0m
Quarkus UT (windows-latest)	UNKNOWN STEP	2025-10-02T00:24:22.7586364Z [36;1m  which zstd > /dev/null || choco install zstandard[0m
Quarkus UT (windows-latest)	UNKNOWN STEP	2025-10-02T00:24:22.7586798Z [36;1mfi[0m
Quarkus UT (windows-latest)	UNKNOWN STEP	2025-10-02T00:24:22.7587206Z [36;1mtar -C ~/ --use-compress-program="zstd -d" -xf m2-keycloak.tzts[0m
Quarkus UT (windows-latest)	UNKNOWN STEP	2025-10-02T00:24:22.7606565Z shell: C:\Program Files\Git\bin\bash.EXE --noprofile --norc -e -o pipefail {0}
Quarkus UT (windows-latest)	UNKNOWN STEP	2025-10-02T00:24:22.7606917Z env:
Quarkus UT (windows-latest)	UNKNOWN STEP	2025-10-02T00:24:22.7607179Z   MAVEN_ARGS: -B -nsu -Daether.connector.http.connectionMaxTtl=25
Quarkus UT (windows-latest)	UNKNOWN STEP	2025-10-02T00:24:22.7607500Z   SUREFIRE_RERUN_FAILING_COUNT: 2
Quarkus UT (windows-latest)	UNKNOWN STEP	2025-10-02T00:24:22.7607766Z   SUREFIRE_RETRY: -Dsurefire.rerunFailingTestsCount=2
Quarkus UT (windows-latest)	UNKNOWN STEP	2025-10-02T00:24:22.7608161Z   JAVA_HOME: C:\hostedtoolcache\windows\Java_Temurin-Hotspot_jdk\21.0.8-9.0\x64
Quarkus UT (windows-latest)	UNKNOWN STEP	2025-10-02T00:24:22.7608628Z   JAVA_HOME_21_X64: C:\hostedtoolcache\windows\Java_Temurin-Hotspot_jdk\21.0.8-9.0\x64
Quarkus UT (windows-latest)	UNKNOWN STEP	2025-10-02T00:24:22.7608977Z ##[endgroup]
Quarkus UT (windows-latest)	UNKNOWN STEP	2025-10-02T00:24:32.6064660Z ##[group]Run ./mvnw test -f quarkus/pom.xml -pl '!tests,!tests/junit5,!tests/integration,!dist'
Quarkus UT (windows-latest)	UNKNOWN STEP	2025-10-02T00:24:32.6065319Z [36;1m./mvnw test -f quarkus/pom.xml -pl '!tests,!tests/junit5,!tests/integration,!dist'[0m
Quarkus UT (windows-latest)	UNKNOWN STEP	2025-10-02T00:24:32.6080428Z shell: C:\Program Files\Git\bin\bash.EXE --noprofile --norc -e -o pipefail {0}
Quarkus UT (windows-latest)	UNKNOWN STEP	2025-10-02T00:24:32.6080777Z env:
Quarkus UT (windows-latest)	UNKNOWN STEP	2025-10-02T00:24:32.6081031Z   MAVEN_ARGS: -B -nsu -Daether.connector.http.connectionMaxTtl=25
Quarkus UT (windows-latest)	UNKNOWN STEP	2025-10-02T00:24:32.6081362Z   SUREFIRE_RERUN_FAILING_COUNT: 2
Quarkus UT (windows-latest)	UNKNOWN STEP	2025-10-02T00:24:32.6081636Z   SUREFIRE_RETRY: -Dsurefire.rerunFailingTestsCount=2
Quarkus UT (windows-latest)	UNKNOWN STEP	2025-10-02T00:24:32.6082028Z   JAVA_HOME: C:\hostedtoolcache\windows\Java_Temurin-Hotspot_jdk\21.0.8-9.0\x64
Quarkus UT (windows-latest)	UNKNOWN STEP	2025-10-02T00:24:32.6082483Z   JAVA_HOME_21_X64: C:\hostedtoolcache\windows\Java_Temurin-Hotspot_jdk\21.0.8-9.0\x64
Quarkus UT (windows-latest)	UNKNOWN STEP	2025-10-02T00:24:32.6082820Z ##[endgroup]
Quarkus UT (windows-latest)	UNKNOWN STEP	2025-10-02T00:24:59.5992569Z curl: Failed to fetch https://repo.maven.apache.org/maven2/org/apache/maven/apache-maven/3.9.8/apache-maven-3.9.8-bin.zip
Quarkus UT (windows-latest)	UNKNOWN STEP	2025-10-02T00:25:01.5005219Z ##[error]Process completed with exit code 1.
Quarkus UT (windows-latest)	UNKNOWN STEP	2025-10-02T00:25:01.5944057Z Post job cleanup.
Quarkus UT (windows-latest)	UNKNOWN STEP	2025-10-02T00:25:01.6127708Z Post job cleanup.
Quarkus UT (windows-latest)	UNKNOWN STEP	2025-10-02T00:25:01.8891983Z Post job cleanup.
Quarkus UT (windows-latest)	UNKNOWN STEP	2025-10-02T00:25:02.0904157Z [command]"C:\Program Files\Git\bin\git.exe" version
Quarkus UT (windows-latest)	UNKNOWN STEP	2025-10-02T00:25:02.1199148Z git version 2.51.0.windows.1
Quarkus UT (windows-latest)	UNKNOWN STEP	2025-10-02T00:25:02.1289556Z Temporarily overriding HOME='D:\a\_temp\7fb5f077-847d-4bb9-adbe-a22a25ba873b' before making global git config changes
Quarkus UT (windows-latest)	UNKNOWN STEP	2025-10-02T00:25:02.1291192Z Adding repository directory to the temporary git global config as a safe directory
Quarkus UT (windows-latest)	UNKNOWN STEP	2025-10-02T00:25:02.1309315Z [command]"C:\Program Files\Git\bin\git.exe" config --global --add safe.directory D:\a\keycloak\keycloak
Quarkus UT (windows-latest)	UNKNOWN STEP	2025-10-02T00:25:02.1665478Z [command]"C:\Program Files\Git\bin\git.exe" config --local --name-only --get-regexp core\.sshCommand
Quarkus UT (windows-latest)	UNKNOWN STEP	2025-10-02T00:25:02.2000907Z [command]"C:\Program Files\Git\bin\git.exe" submodule foreach --recursive "sh -c \"git config --local --name-only --get-regexp 'core\.sshCommand' && git config --local --unset-all 'core.sshCommand' || :\""
Quarkus UT (windows-latest)	UNKNOWN STEP	2025-10-02T00:25:03.6211632Z [command]"C:\Program Files\Git\bin\git.exe" config --local --name-only --get-regexp http\.https\:\/\/github\.com\/\.extraheader
Quarkus UT (windows-latest)	UNKNOWN STEP	2025-10-02T00:25:03.6494561Z http.https://github.com/.extraheader
Quarkus UT (windows-latest)	UNKNOWN STEP	2025-10-02T00:25:03.6544192Z [command]"C:\Program Files\Git\bin\git.exe" config --local --unset-all http.https://github.com/.extraheader
Quarkus UT (windows-latest)	UNKNOWN STEP	2025-10-02T00:25:03.6881359Z [command]"C:\Program Files\Git\bin\git.exe" submodule foreach --recursive "sh -c \"git config --local --name-only --get-regexp 'http\.https\:\/\/github\.com\/\.extraheader' && git config --local --unset-all 'http.https://github.com/.extraheader' || :\""
Quarkus UT (windows-latest)	UNKNOWN STEP	2025-10-02T00:25:04.7362670Z Cleaning up orphan processes
Status Check - Keycloak CI	UNKNOWN STEP	ï»¿2025-10-02T01:31:59.2688639Z Current runner version: '2.328.0'
Status Check - Keycloak CI	UNKNOWN STEP	2025-10-02T01:31:59.2711061Z ##[group]Runner Image Provisioner
Status Check - Keycloak CI	UNKNOWN STEP	2025-10-02T01:31:59.2711829Z Hosted Compute Agent
Status Check - Keycloak CI	UNKNOWN STEP	2025-10-02T01:31:59.2712465Z Version: 20250912.392
Status Check - Keycloak CI	UNKNOWN STEP	2025-10-02T01:31:59.2713015Z Commit: d921fda672a98b64f4f82364647e2f10b2267d0b
Status Check - Keycloak CI	UNKNOWN STEP	2025-10-02T01:31:59.2713741Z Build Date: 2025-09-12T15:23:14Z
Status Check - Keycloak CI	UNKNOWN STEP	2025-10-02T01:31:59.2714385Z ##[endgroup]
Status Check - Keycloak CI	UNKNOWN STEP	2025-10-02T01:31:59.2714874Z ##[group]Operating System
Status Check - Keycloak CI	UNKNOWN STEP	2025-10-02T01:31:59.2715434Z Ubuntu
Status Check - Keycloak CI	UNKNOWN STEP	2025-10-02T01:31:59.2716092Z 24.04.3
Status Check - Keycloak CI	UNKNOWN STEP	2025-10-02T01:31:59.2716572Z LTS
Status Check - Keycloak CI	UNKNOWN STEP	2025-10-02T01:31:59.2717017Z ##[endgroup]
Status Check - Keycloak CI	UNKNOWN STEP	2025-10-02T01:31:59.2717550Z ##[group]Runner Image
Status Check - Keycloak CI	UNKNOWN STEP	2025-10-02T01:31:59.2718062Z Image: ubuntu-24.04
Status Check - Keycloak CI	UNKNOWN STEP	2025-10-02T01:31:59.2718560Z Version: 20250922.53.1
Status Check - Keycloak CI	UNKNOWN STEP	2025-10-02T01:31:59.2719592Z Included Software: https://github.com/actions/runner-images/blob/ubuntu24/20250922.53/images/ubuntu/Ubuntu2404-Readme.md
Status Check - Keycloak CI	UNKNOWN STEP	2025-10-02T01:31:59.2721107Z Image Release: https://github.com/actions/runner-images/releases/tag/ubuntu24%2F20250922.53
Status Check - Keycloak CI	UNKNOWN STEP	2025-10-02T01:31:59.2722078Z ##[endgroup]
Status Check - Keycloak CI	UNKNOWN STEP	2025-10-02T01:31:59.2723036Z ##[group]GITHUB_TOKEN Permissions
Status Check - Keycloak CI	UNKNOWN STEP	2025-10-02T01:31:59.2724735Z Contents: read
Status Check - Keycloak CI	UNKNOWN STEP	2025-10-02T01:31:59.2725383Z Metadata: read
Status Check - Keycloak CI	UNKNOWN STEP	2025-10-02T01:31:59.2726231Z ##[endgroup]
Status Check - Keycloak CI	UNKNOWN STEP	2025-10-02T01:31:59.2728220Z Secret source: Actions
Status Check - Keycloak CI	UNKNOWN STEP	2025-10-02T01:31:59.2728982Z Prepare workflow directory
Status Check - Keycloak CI	UNKNOWN STEP	2025-10-02T01:31:59.3141288Z Prepare all required actions
Status Check - Keycloak CI	UNKNOWN STEP	2025-10-02T01:31:59.3177784Z Getting action download info
Status Check - Keycloak CI	UNKNOWN STEP	2025-10-02T01:31:59.6723472Z Download action repository 'actions/checkout@08c6903cd8c0fde910a37f88322edcfb5dd907a8' (SHA:08c6903cd8c0fde910a37f88322edcfb5dd907a8)
Status Check - Keycloak CI	UNKNOWN STEP	2025-10-02T01:31:59.8915539Z Complete job name: Status Check - Keycloak CI
Status Check - Keycloak CI	UNKNOWN STEP	2025-10-02T01:31:59.9680012Z ##[group]Run actions/checkout@08c6903cd8c0fde910a37f88322edcfb5dd907a8
Status Check - Keycloak CI	UNKNOWN STEP	2025-10-02T01:31:59.9681026Z with:
Status Check - Keycloak CI	UNKNOWN STEP	2025-10-02T01:31:59.9681409Z   repository: keycloak/keycloak
Status Check - Keycloak CI	UNKNOWN STEP	2025-10-02T01:31:59.9682020Z   token: ***
Status Check - Keycloak CI	UNKNOWN STEP	2025-10-02T01:31:59.9682390Z   ssh-strict: true
Status Check - Keycloak CI	UNKNOWN STEP	2025-10-02T01:31:59.9682764Z   ssh-user: git
Status Check - Keycloak CI	UNKNOWN STEP	2025-10-02T01:31:59.9683178Z   persist-credentials: true
Status Check - Keycloak CI	UNKNOWN STEP	2025-10-02T01:31:59.9683610Z   clean: true
Status Check - Keycloak CI	UNKNOWN STEP	2025-10-02T01:31:59.9684005Z   sparse-checkout-cone-mode: true
Status Check - Keycloak CI	UNKNOWN STEP	2025-10-02T01:31:59.9684471Z   fetch-depth: 1
Status Check - Keycloak CI	UNKNOWN STEP	2025-10-02T01:31:59.9684846Z   fetch-tags: false
Status Check - Keycloak CI	UNKNOWN STEP	2025-10-02T01:31:59.9685236Z   show-progress: true
Status Check - Keycloak CI	UNKNOWN STEP	2025-10-02T01:31:59.9685783Z   lfs: false
Status Check - Keycloak CI	UNKNOWN STEP	2025-10-02T01:31:59.9686148Z   submodules: false
Status Check - Keycloak CI	UNKNOWN STEP	2025-10-02T01:31:59.9686532Z   set-safe-directory: true
Status Check - Keycloak CI	UNKNOWN STEP	2025-10-02T01:31:59.9687169Z env:
Status Check - Keycloak CI	UNKNOWN STEP	2025-10-02T01:31:59.9687691Z   MAVEN_ARGS: -B -nsu -Daether.connector.http.connectionMaxTtl=25
Status Check - Keycloak CI	UNKNOWN STEP	2025-10-02T01:31:59.9688331Z   SUREFIRE_RERUN_FAILING_COUNT: 2
Status Check - Keycloak CI	UNKNOWN STEP	2025-10-02T01:31:59.9688906Z   SUREFIRE_RETRY: -Dsurefire.rerunFailingTestsCount=2
Status Check - Keycloak CI	UNKNOWN STEP	2025-10-02T01:31:59.9689491Z ##[endgroup]
Status Check - Keycloak CI	UNKNOWN STEP	2025-10-02T01:32:00.0597411Z Syncing repository: keycloak/keycloak
Status Check - Keycloak CI	UNKNOWN STEP	2025-10-02T01:32:00.0599231Z ##[group]Getting Git version info
Status Check - Keycloak CI	UNKNOWN STEP	2025-10-02T01:32:00.0599892Z Working directory is '/home/runner/work/keycloak/keycloak'
Status Check - Keycloak CI	UNKNOWN STEP	2025-10-02T01:32:00.0600835Z [command]/usr/bin/git version
Status Check - Keycloak CI	UNKNOWN STEP	2025-10-02T01:32:00.0653988Z git version 2.51.0
Status Check - Keycloak CI	UNKNOWN STEP	2025-10-02T01:32:00.0675434Z ##[endgroup]
Status Check - Keycloak CI	UNKNOWN STEP	2025-10-02T01:32:00.0688910Z Temporarily overriding HOME='/home/runner/work/_temp/fb0bf949-52a0-4bba-be78-a2df4991bb5b' before making global git config changes
Status Check - Keycloak CI	UNKNOWN STEP	2025-10-02T01:32:00.0693251Z Adding repository directory to the temporary git global config as a safe directory
Status Check - Keycloak CI	UNKNOWN STEP	2025-10-02T01:32:00.0694308Z [command]/usr/bin/git config --global --add safe.directory /home/runner/work/keycloak/keycloak
Status Check - Keycloak CI	UNKNOWN STEP	2025-10-02T01:32:00.0731448Z Deleting the contents of '/home/runner/work/keycloak/keycloak'
Status Check - Keycloak CI	UNKNOWN STEP	2025-10-02T01:32:00.0734705Z ##[group]Initializing the repository
Status Check - Keycloak CI	UNKNOWN STEP	2025-10-02T01:32:00.0739280Z [command]/usr/bin/git init /home/runner/work/keycloak/keycloak
Status Check - Keycloak CI	UNKNOWN STEP	2025-10-02T01:32:00.0860120Z hint: Using 'master' as the name for the initial branch. This default branch name
Status Check - Keycloak CI	UNKNOWN STEP	2025-10-02T01:32:00.0861358Z hint: is subject to change. To configure the initial branch name to use in all
Status Check - Keycloak CI	UNKNOWN STEP	2025-10-02T01:32:00.0862332Z hint: of your new repositories, which will suppress this warning, call:
Status Check - Keycloak CI	UNKNOWN STEP	2025-10-02T01:32:00.0863228Z hint:
Status Check - Keycloak CI	UNKNOWN STEP	2025-10-02T01:32:00.0863773Z hint: 	git config --global init.defaultBranch <name>
Status Check - Keycloak CI	UNKNOWN STEP	2025-10-02T01:32:00.0864783Z hint:
Status Check - Keycloak CI	UNKNOWN STEP	2025-10-02T01:32:00.0865462Z hint: Names commonly chosen instead of 'master' are 'main', 'trunk' and
Status Check - Keycloak CI	UNKNOWN STEP	2025-10-02T01:32:00.0866914Z hint: 'development'. The just-created branch can be renamed via this command:
Status Check - Keycloak CI	UNKNOWN STEP	2025-10-02T01:32:00.0868198Z hint:
Status Check - Keycloak CI	UNKNOWN STEP	2025-10-02T01:32:00.0868894Z hint: 	git branch -m <name>
Status Check - Keycloak CI	UNKNOWN STEP	2025-10-02T01:32:00.0869734Z hint:
Status Check - Keycloak CI	UNKNOWN STEP	2025-10-02T01:32:00.0870791Z hint: Disable this message with "git config set advice.defaultBranchName false"
Status Check - Keycloak CI	UNKNOWN STEP	2025-10-02T01:32:00.0872543Z Initialized empty Git repository in /home/runner/work/keycloak/keycloak/.git/
Status Check - Keycloak CI	UNKNOWN STEP	2025-10-02T01:32:00.0877434Z [command]/usr/bin/git remote add origin https://github.com/keycloak/keycloak
Status Check - Keycloak CI	UNKNOWN STEP	2025-10-02T01:32:00.0916579Z ##[endgroup]
Status Check - Keycloak CI	UNKNOWN STEP	2025-10-02T01:32:00.0917768Z ##[group]Disabling automatic garbage collection
Status Check - Keycloak CI	UNKNOWN STEP	2025-10-02T01:32:00.0920593Z [command]/usr/bin/git config --local gc.auto 0
Status Check - Keycloak CI	UNKNOWN STEP	2025-10-02T01:32:00.0948366Z ##[endgroup]
Status Check - Keycloak CI	UNKNOWN STEP	2025-10-02T01:32:00.0949564Z ##[group]Setting up auth
Status Check - Keycloak CI	UNKNOWN STEP	2025-10-02T01:32:00.0955077Z [command]/usr/bin/git config --local --name-only --get-regexp core\.sshCommand
Status Check - Keycloak CI	UNKNOWN STEP	2025-10-02T01:32:00.0985947Z [command]/usr/bin/git submodule foreach --recursive sh -c "git config --local --name-only --get-regexp 'core\.sshCommand' && git config --local --unset-all 'core.sshCommand' || :"
Status Check - Keycloak CI	UNKNOWN STEP	2025-10-02T01:32:00.1335326Z [command]/usr/bin/git config --local --name-only --get-regexp http\.https\:\/\/github\.com\/\.extraheader
Status Check - Keycloak CI	UNKNOWN STEP	2025-10-02T01:32:00.1366293Z [command]/usr/bin/git submodule foreach --recursive sh -c "git config --local --name-only --get-regexp 'http\.https\:\/\/github\.com\/\.extraheader' && git config --local --unset-all 'http.https://github.com/.extraheader' || :"
Status Check - Keycloak CI	UNKNOWN STEP	2025-10-02T01:32:00.1582940Z [command]/usr/bin/git config --local http.https://github.com/.extraheader AUTHORIZATION: basic ***
Status Check - Keycloak CI	UNKNOWN STEP	2025-10-02T01:32:00.1617175Z ##[endgroup]
Status Check - Keycloak CI	UNKNOWN STEP	2025-10-02T01:32:00.1617905Z ##[group]Fetching the repository
Status Check - Keycloak CI	UNKNOWN STEP	2025-10-02T01:32:00.1627799Z [command]/usr/bin/git -c protocol.version=2 fetch --no-tags --prune --no-recurse-submodules --depth=1 origin +45ffef5c960b8f6ba36e589f7fd77691d1d4a7e0:refs/remotes/origin/main
Status Check - Keycloak CI	UNKNOWN STEP	2025-10-02T01:32:03.5085043Z From https://github.com/keycloak/keycloak
Status Check - Keycloak CI	UNKNOWN STEP	2025-10-02T01:32:03.5086356Z  * [new ref]         45ffef5c960b8f6ba36e589f7fd77691d1d4a7e0 -> origin/main
Status Check - Keycloak CI	UNKNOWN STEP	2025-10-02T01:32:03.5116528Z ##[endgroup]
Status Check - Keycloak CI	UNKNOWN STEP	2025-10-02T01:32:03.5117095Z ##[group]Determining the checkout info
Status Check - Keycloak CI	UNKNOWN STEP	2025-10-02T01:32:03.5118963Z ##[endgroup]
Status Check - Keycloak CI	UNKNOWN STEP	2025-10-02T01:32:03.5123561Z [command]/usr/bin/git sparse-checkout disable
Status Check - Keycloak CI	UNKNOWN STEP	2025-10-02T01:32:03.5163098Z [command]/usr/bin/git config --local --unset-all extensions.worktreeConfig
Status Check - Keycloak CI	UNKNOWN STEP	2025-10-02T01:32:03.5190014Z ##[group]Checking out the ref
Status Check - Keycloak CI	UNKNOWN STEP	2025-10-02T01:32:03.5194487Z [command]/usr/bin/git checkout --progress --force -B main refs/remotes/origin/main
Status Check - Keycloak CI	UNKNOWN STEP	2025-10-02T01:32:04.3284320Z Switched to a new branch 'main'
Status Check - Keycloak CI	UNKNOWN STEP	2025-10-02T01:32:04.3286123Z branch 'main' set up to track 'origin/main'.
Status Check - Keycloak CI	UNKNOWN STEP	2025-10-02T01:32:04.3319954Z ##[endgroup]
Status Check - Keycloak CI	UNKNOWN STEP	2025-10-02T01:32:04.3359331Z [command]/usr/bin/git log -1 --format=%H
Status Check - Keycloak CI	UNKNOWN STEP	2025-10-02T01:32:04.3382576Z 45ffef5c960b8f6ba36e589f7fd77691d1d4a7e0
Status Check - Keycloak CI	UNKNOWN STEP	2025-10-02T01:32:04.3614804Z Prepare all required actions
Status Check - Keycloak CI	UNKNOWN STEP	2025-10-02T01:32:04.3679961Z ##[group]Run ./.github/actions/status-check
Status Check - Keycloak CI	UNKNOWN STEP	2025-10-02T01:32:04.3680289Z with:
Status Check - Keycloak CI	UNKNOWN STEP	2025-10-02T01:32:04.3684606Z   jobs: {
Status Check - Keycloak CI	UNKNOWN STEP	  "conditional": {
Status Check - Keycloak CI	UNKNOWN STEP	    "result": "success",
Status Check - Keycloak CI	UNKNOWN STEP	    "outputs": {
Status Check - Keycloak CI	UNKNOWN STEP	      "ci-store": "true",
Status Check - Keycloak CI	UNKNOWN STEP	      "ci-sssd": "true",
Status Check - Keycloak CI	UNKNOWN STEP	      "ci-webauthn": "true",
Status Check - Keycloak CI	UNKNOWN STEP	      "ci-aurora": "true",
Status Check - Keycloak CI	UNKNOWN STEP	      "ci-additional-dbs": "true",
Status Check - Keycloak CI	UNKNOWN STEP	      "ci": "true",
Status Check - Keycloak CI	UNKNOWN STEP	      "ci-quarkus": "true"
Status Check - Keycloak CI	UNKNOWN STEP	    }
Status Check - Keycloak CI	UNKNOWN STEP	  },
Status Check - Keycloak CI	UNKNOWN STEP	  "build": {
Status Check - Keycloak CI	UNKNOWN STEP	    "result": "success",
Status Check - Keycloak CI	UNKNOWN STEP	    "outputs": {}
Status Check - Keycloak CI	UNKNOWN STEP	  },
Status Check - Keycloak CI	UNKNOWN STEP	  "unit-tests": {
Status Check - Keycloak CI	UNKNOWN STEP	    "result": "success",
Status Check - Keycloak CI	UNKNOWN STEP	    "outputs": {}
Status Check - Keycloak CI	UNKNOWN STEP	  },
Status Check - Keycloak CI	UNKNOWN STEP	  "base-integration-tests": {
Status Check - Keycloak CI	UNKNOWN STEP	    "result": "success",
Status Check - Keycloak CI	UNKNOWN STEP	    "outputs": {}
Status Check - Keycloak CI	UNKNOWN STEP	  },
Status Check - Keycloak CI	UNKNOWN STEP	  "adapter-integration-tests": {
Status Check - Keycloak CI	UNKNOWN STEP	    "result": "success",
Status Check - Keycloak CI	UNKNOWN STEP	    "outputs": {}
Status Check - Keycloak CI	UNKNOWN STEP	  },
Status Check - Keycloak CI	UNKNOWN STEP	  "adapter-integration-tests-strict-cookies": {
Status Check - Keycloak CI	UNKNOWN STEP	    "result": "success",
Status Check - Keycloak CI	UNKNOWN STEP	    "outputs": {}
Status Check - Keycloak CI	UNKNOWN STEP	  },
Status Check - Keycloak CI	UNKNOWN STEP	  "quarkus-unit-tests": {
Status Check - Keycloak CI	UNKNOWN STEP	    "result": "failure",
Status Check - Keycloak CI	UNKNOWN STEP	    "outputs": {}
Status Check - Keycloak CI	UNKNOWN STEP	  },
Status Check - Keycloak CI	UNKNOWN STEP	  "quarkus-integration-tests": {
Status Check - Keycloak CI	UNKNOWN STEP	    "result": "success",
Status Check - Keycloak CI	UNKNOWN STEP	    "outputs": {}
Status Check - Keycloak CI	UNKNOWN STEP	  },
Status Check - Keycloak CI	UNKNOWN STEP	  "jdk-integration-tests": {
Status Check - Keycloak CI	UNKNOWN STEP	    "result": "success",
Status Check - Keycloak CI	UNKNOWN STEP	    "outputs": {}
Status Check - Keycloak CI	UNKNOWN STEP	  },
Status Check - Keycloak CI	UNKNOWN STEP	  "store-integration-tests": {
Status Check - Keycloak CI	UNKNOWN STEP	    "result": "success",
Status Check - Keycloak CI	UNKNOWN STEP	    "outputs": {}
Status Check - Keycloak CI	UNKNOWN STEP	  },
Status Check - Keycloak CI	UNKNOWN STEP	  "volatile-sessions-tests": {
Status Check - Keycloak CI	UNKNOWN STEP	    "result": "success",
Status Check - Keycloak CI	UNKNOWN STEP	    "outputs": {}
Status Check - Keycloak CI	UNKNOWN STEP	  },
Status Check - Keycloak CI	UNKNOWN STEP	  "store-model-tests": {
Status Check - Keycloak CI	UNKNOWN STEP	    "result": "success",
Status Check - Keycloak CI	UNKNOWN STEP	    "outputs": {}
Status Check - Keycloak CI	UNKNOWN STEP	  },
Status Check - Keycloak CI	UNKNOWN STEP	  "clustering-integration-tests": {
Status Check - Keycloak CI	UNKNOWN STEP	    "result": "success",
Status Check - Keycloak CI	UNKNOWN STEP	    "outputs": {}
Status Check - Keycloak CI	UNKNOWN STEP	  },
Status Check - Keycloak CI	UNKNOWN STEP	  "fips-unit-tests": {
Status Check - Keycloak CI	UNKNOWN STEP	    "result": "success",
Status Check - Keycloak CI	UNKNOWN STEP	    "outputs": {}
Status Check - Keycloak CI	UNKNOWN STEP	  },
Status Check - Keycloak CI	UNKNOWN STEP	  "fips-integration-tests": {
Status Check - Keycloak CI	UNKNOWN STEP	    "result": "success",
Status Check - Keycloak CI	UNKNOWN STEP	    "outputs": {}
Status Check - Keycloak CI	UNKNOWN STEP	  },
Status Check - Keycloak CI	UNKNOWN STEP	  "forms-integration-tests": {
Status Check - Keycloak CI	UNKNOWN STEP	    "result": "success",
Status Check - Keycloak CI	UNKNOWN STEP	    "outputs": {}
Status Check - Keycloak CI	UNKNOWN STEP	  },
Status Check - Keycloak CI	UNKNOWN STEP	  "webauthn-integration-tests": {
Status Check - Keycloak CI	UNKNOWN STEP	    "result": "success",
Status Check - Keycloak CI	UNKNOWN STEP	    "outputs": {}
Status Check - Keycloak CI	UNKNOWN STEP	  },
Status Check - Keycloak CI	UNKNOWN STEP	  "sssd-unit-tests": {
Status Check - Keycloak CI	UNKNOWN STEP	    "result": "success",
Status Check - Keycloak CI	UNKNOWN STEP	    "outputs": {}
Status Check - Keycloak CI	UNKNOWN STEP	  },
Status Check - Keycloak CI	UNKNOWN STEP	  "migration-tests": {
Status Check - Keycloak CI	UNKNOWN STEP	    "result": "success",
Status Check - Keycloak CI	UNKNOWN STEP	    "outputs": {}
Status Check - Keycloak CI	UNKNOWN STEP	  },
Status Check - Keycloak CI	UNKNOWN STEP	  "external-infinispan-tests": {
Status Check - Keycloak CI	UNKNOWN STEP	    "result": "success",
Status Check - Keycloak CI	UNKNOWN STEP	    "outputs": {}
Status Check - Keycloak CI	UNKNOWN STEP	  },
Status Check - Keycloak CI	UNKNOWN STEP	  "test-framework": {
Status Check - Keycloak CI	UNKNOWN STEP	    "result": "success",
Status Check - Keycloak CI	UNKNOWN STEP	    "outputs": {}
Status Check - Keycloak CI	UNKNOWN STEP	  },
Status Check - Keycloak CI	UNKNOWN STEP	  "base-new-integration-tests": {
Status Check - Keycloak CI	UNKNOWN STEP	    "result": "success",
Status Check - Keycloak CI	UNKNOWN STEP	    "outputs": {}
Status Check - Keycloak CI	UNKNOWN STEP	  },
Status Check - Keycloak CI	UNKNOWN STEP	  "mixed-cluster-compatibility-tests": {
Status Check - Keycloak CI	UNKNOWN STEP	    "result": "skipped",
Status Check - Keycloak CI	UNKNOWN STEP	    "outputs": {}
Status Check - Keycloak CI	UNKNOWN STEP	  }
Status Check - Keycloak CI	UNKNOWN STEP	}
Status Check - Keycloak CI	UNKNOWN STEP	2025-10-02T01:32:04.3689509Z env:
Status Check - Keycloak CI	UNKNOWN STEP	2025-10-02T01:32:04.3689824Z   MAVEN_ARGS: -B -nsu -Daether.connector.http.connectionMaxTtl=25
Status Check - Keycloak CI	UNKNOWN STEP	2025-10-02T01:32:04.3690192Z   SUREFIRE_RERUN_FAILING_COUNT: 2
Status Check - Keycloak CI	UNKNOWN STEP	2025-10-02T01:32:04.3690518Z   SUREFIRE_RETRY: -Dsurefire.rerunFailingTestsCount=2
Status Check - Keycloak CI	UNKNOWN STEP	2025-10-02T01:32:04.3690838Z ##[endgroup]
Status Check - Keycloak CI	UNKNOWN STEP	2025-10-02T01:32:04.3784533Z ##[group]Run JOBS='{
Status Check - Keycloak CI	UNKNOWN STEP	2025-10-02T01:32:04.3784894Z [36;1mJOBS='{[0m
Status Check - Keycloak CI	UNKNOWN STEP	2025-10-02T01:32:04.3785138Z [36;1m  "conditional": {[0m
Status Check - Keycloak CI	UNKNOWN STEP	2025-10-02T01:32:04.3785411Z [36;1m    "result": "success",[0m
Status Check - Keycloak CI	UNKNOWN STEP	2025-10-02T01:32:04.3785837Z [36;1m    "outputs": {[0m
Status Check - Keycloak CI	UNKNOWN STEP	2025-10-02T01:32:04.3786099Z [36;1m      "ci-store": "true",[0m
Status Check - Keycloak CI	UNKNOWN STEP	2025-10-02T01:32:04.3786392Z [36;1m      "ci-sssd": "true",[0m
Status Check - Keycloak CI	UNKNOWN STEP	2025-10-02T01:32:04.3786696Z [36;1m      "ci-webauthn": "true",[0m
Status Check - Keycloak CI	UNKNOWN STEP	2025-10-02T01:32:04.3786967Z [36;1m      "ci-aurora": "true",[0m
Status Check - Keycloak CI	UNKNOWN STEP	2025-10-02T01:32:04.3787258Z [36;1m      "ci-additional-dbs": "true",[0m
Status Check - Keycloak CI	UNKNOWN STEP	2025-10-02T01:32:04.3787548Z [36;1m      "ci": "true",[0m
Status Check - Keycloak CI	UNKNOWN STEP	2025-10-02T01:32:04.3787796Z [36;1m      "ci-quarkus": "true"[0m
Status Check - Keycloak CI	UNKNOWN STEP	2025-10-02T01:32:04.3788049Z [36;1m    }[0m
Status Check - Keycloak CI	UNKNOWN STEP	2025-10-02T01:32:04.3788245Z [36;1m  },[0m
Status Check - Keycloak CI	UNKNOWN STEP	2025-10-02T01:32:04.3788454Z [36;1m  "build": {[0m
Status Check - Keycloak CI	UNKNOWN STEP	2025-10-02T01:32:04.3788679Z [36;1m    "result": "success",[0m
Status Check - Keycloak CI	UNKNOWN STEP	2025-10-02T01:32:04.3788939Z [36;1m    "outputs": {}[0m
Status Check - Keycloak CI	UNKNOWN STEP	2025-10-02T01:32:04.3789161Z [36;1m  },[0m
Status Check - Keycloak CI	UNKNOWN STEP	2025-10-02T01:32:04.3789369Z [36;1m  "unit-tests": {[0m
Status Check - Keycloak CI	UNKNOWN STEP	2025-10-02T01:32:04.3789609Z [36;1m    "result": "success",[0m
Status Check - Keycloak CI	UNKNOWN STEP	2025-10-02T01:32:04.3789867Z [36;1m    "outputs": {}[0m
Status Check - Keycloak CI	UNKNOWN STEP	2025-10-02T01:32:04.3790092Z [36;1m  },[0m
Status Check - Keycloak CI	UNKNOWN STEP	2025-10-02T01:32:04.3790315Z [36;1m  "base-integration-tests": {[0m
Status Check - Keycloak CI	UNKNOWN STEP	2025-10-02T01:32:04.3790598Z [36;1m    "result": "success",[0m
Status Check - Keycloak CI	UNKNOWN STEP	2025-10-02T01:32:04.3790853Z [36;1m    "outputs": {}[0m
Status Check - Keycloak CI	UNKNOWN STEP	2025-10-02T01:32:04.3791077Z [36;1m  },[0m
Status Check - Keycloak CI	UNKNOWN STEP	2025-10-02T01:32:04.3791300Z [36;1m  "adapter-integration-tests": {[0m
Status Check - Keycloak CI	UNKNOWN STEP	2025-10-02T01:32:04.3791800Z [36;1m    "result": "success",[0m
Status Check - Keycloak CI	UNKNOWN STEP	2025-10-02T01:32:04.3792063Z [36;1m    "outputs": {}[0m
Status Check - Keycloak CI	UNKNOWN STEP	2025-10-02T01:32:04.3792292Z [36;1m  },[0m
Status Check - Keycloak CI	UNKNOWN STEP	2025-10-02T01:32:04.3792594Z [36;1m  "adapter-integration-tests-strict-cookies": {[0m
Status Check - Keycloak CI	UNKNOWN STEP	2025-10-02T01:32:04.3792923Z [36;1m    "result": "success",[0m
Status Check - Keycloak CI	UNKNOWN STEP	2025-10-02T01:32:04.3793179Z [36;1m    "outputs": {}[0m
Status Check - Keycloak CI	UNKNOWN STEP	2025-10-02T01:32:04.3793399Z [36;1m  },[0m
Status Check - Keycloak CI	UNKNOWN STEP	2025-10-02T01:32:04.3793615Z [36;1m  "quarkus-unit-tests": {[0m
Status Check - Keycloak CI	UNKNOWN STEP	2025-10-02T01:32:04.3793878Z [36;1m    "result": "failure",[0m
Status Check - Keycloak CI	UNKNOWN STEP	2025-10-02T01:32:04.3794128Z [36;1m    "outputs": {}[0m
Status Check - Keycloak CI	UNKNOWN STEP	2025-10-02T01:32:04.3794344Z [36;1m  },[0m
Status Check - Keycloak CI	UNKNOWN STEP	2025-10-02T01:32:04.3794572Z [36;1m  "quarkus-integration-tests": {[0m
Status Check - Keycloak CI	UNKNOWN STEP	2025-10-02T01:32:04.3794887Z [36;1m    "result": "success",[0m
Status Check - Keycloak CI	UNKNOWN STEP	2025-10-02T01:32:04.3795265Z [36;1m    "outputs": {}[0m
Status Check - Keycloak CI	UNKNOWN STEP	2025-10-02T01:32:04.3795491Z [36;1m  },[0m
Status Check - Keycloak CI	UNKNOWN STEP	2025-10-02T01:32:04.3795820Z [36;1m  "jdk-integration-tests": {[0m
Status Check - Keycloak CI	UNKNOWN STEP	2025-10-02T01:32:04.3796095Z [36;1m    "result": "success",[0m
Status Check - Keycloak CI	UNKNOWN STEP	2025-10-02T01:32:04.3796347Z [36;1m    "outputs": {}[0m
Status Check - Keycloak CI	UNKNOWN STEP	2025-10-02T01:32:04.3796569Z [36;1m  },[0m
Status Check - Keycloak CI	UNKNOWN STEP	2025-10-02T01:32:04.3796785Z [36;1m  "store-integration-tests": {[0m
Status Check - Keycloak CI	UNKNOWN STEP	2025-10-02T01:32:04.3797064Z [36;1m    "result": "success",[0m
Status Check - Keycloak CI	UNKNOWN STEP	2025-10-02T01:32:04.3797307Z [36;1m    "outputs": {}[0m
Status Check - Keycloak CI	UNKNOWN STEP	2025-10-02T01:32:04.3797528Z [36;1m  },[0m
Status Check - Keycloak CI	UNKNOWN STEP	2025-10-02T01:32:04.3797750Z [36;1m  "volatile-sessions-tests": {[0m
Status Check - Keycloak CI	UNKNOWN STEP	2025-10-02T01:32:04.3798082Z [36;1m    "result": "success",[0m
Status Check - Keycloak CI	UNKNOWN STEP	2025-10-02T01:32:04.3798330Z [36;1m    "outputs": {}[0m
Status Check - Keycloak CI	UNKNOWN STEP	2025-10-02T01:32:04.3798547Z [36;1m  },[0m
Status Check - Keycloak CI	UNKNOWN STEP	2025-10-02T01:32:04.3798757Z [36;1m  "store-model-tests": {[0m
Status Check - Keycloak CI	UNKNOWN STEP	2025-10-02T01:32:04.3799009Z [36;1m    "result": "success",[0m
Status Check - Keycloak CI	UNKNOWN STEP	2025-10-02T01:32:04.3799248Z [36;1m    "outputs": {}[0m
Status Check - Keycloak CI	UNKNOWN STEP	2025-10-02T01:32:04.3799474Z [36;1m  },[0m
Status Check - Keycloak CI	UNKNOWN STEP	2025-10-02T01:32:04.3799785Z [36;1m  "clustering-integration-tests": {[0m
Status Check - Keycloak CI	UNKNOWN STEP	2025-10-02T01:32:04.3800075Z [36;1m    "result": "success",[0m
Status Check - Keycloak CI	UNKNOWN STEP	2025-10-02T01:32:04.3800321Z [36;1m    "outputs": {}[0m
Status Check - Keycloak CI	UNKNOWN STEP	2025-10-02T01:32:04.3800553Z [36;1m  },[0m
Status Check - Keycloak CI	UNKNOWN STEP	2025-10-02T01:32:04.3800763Z [36;1m  "fips-unit-tests": {[0m
Status Check - Keycloak CI	UNKNOWN STEP	2025-10-02T01:32:04.3801020Z [36;1m    "result": "success",[0m
Status Check - Keycloak CI	UNKNOWN STEP	2025-10-02T01:32:04.3801270Z [36;1m    "outputs": {}[0m
Status Check - Keycloak CI	UNKNOWN STEP	2025-10-02T01:32:04.3801488Z [36;1m  },[0m
Status Check - Keycloak CI	UNKNOWN STEP	2025-10-02T01:32:04.3801708Z [36;1m  "fips-integration-tests": {[0m
Status Check - Keycloak CI	UNKNOWN STEP	2025-10-02T01:32:04.3801975Z [36;1m    "result": "success",[0m
Status Check - Keycloak CI	UNKNOWN STEP	2025-10-02T01:32:04.3802219Z [36;1m    "outputs": {}[0m
Status Check - Keycloak CI	UNKNOWN STEP	2025-10-02T01:32:04.3802436Z [36;1m  },[0m
Status Check - Keycloak CI	UNKNOWN STEP	2025-10-02T01:32:04.3802655Z [36;1m  "forms-integration-tests": {[0m
Status Check - Keycloak CI	UNKNOWN STEP	2025-10-02T01:32:04.3802923Z [36;1m    "result": "success",[0m
Status Check - Keycloak CI	UNKNOWN STEP	2025-10-02T01:32:04.3803169Z [36;1m    "outputs": {}[0m
Status Check - Keycloak CI	UNKNOWN STEP	2025-10-02T01:32:04.3803392Z [36;1m  },[0m
Status Check - Keycloak CI	UNKNOWN STEP	2025-10-02T01:32:04.3803616Z [36;1m  "webauthn-integration-tests": {[0m
Status Check - Keycloak CI	UNKNOWN STEP	2025-10-02T01:32:04.3803907Z [36;1m    "result": "success",[0m
Status Check - Keycloak CI	UNKNOWN STEP	2025-10-02T01:32:04.3804147Z [36;1m    "outputs": {}[0m
Status Check - Keycloak CI	UNKNOWN STEP	2025-10-02T01:32:04.3804371Z [36;1m  },[0m
Status Check - Keycloak CI	UNKNOWN STEP	2025-10-02T01:32:04.3804581Z [36;1m  "sssd-unit-tests": {[0m
Status Check - Keycloak CI	UNKNOWN STEP	2025-10-02T01:32:04.3804835Z [36;1m    "result": "success",[0m
Status Check - Keycloak CI	UNKNOWN STEP	2025-10-02T01:32:04.3805076Z [36;1m    "outputs": {}[0m
Status Check - Keycloak CI	UNKNOWN STEP	2025-10-02T01:32:04.3805296Z [36;1m  },[0m
Status Check - Keycloak CI	UNKNOWN STEP	2025-10-02T01:32:04.3805498Z [36;1m  "migration-tests": {[0m
Status Check - Keycloak CI	UNKNOWN STEP	2025-10-02T01:32:04.3805928Z [36;1m    "result": "success",[0m
Status Check - Keycloak CI	UNKNOWN STEP	2025-10-02T01:32:04.3806180Z [36;1m    "outputs": {}[0m
Status Check - Keycloak CI	UNKNOWN STEP	2025-10-02T01:32:04.3806398Z [36;1m  },[0m
Status Check - Keycloak CI	UNKNOWN STEP	2025-10-02T01:32:04.3806627Z [36;1m  "external-infinispan-tests": {[0m
Status Check - Keycloak CI	UNKNOWN STEP	2025-10-02T01:32:04.3806902Z [36;1m    "result": "success",[0m
Status Check - Keycloak CI	UNKNOWN STEP	2025-10-02T01:32:04.3807148Z [36;1m    "outputs": {}[0m
Status Check - Keycloak CI	UNKNOWN STEP	2025-10-02T01:32:04.3807365Z [36;1m  },[0m
Status Check - Keycloak CI	UNKNOWN STEP	2025-10-02T01:32:04.3807576Z [36;1m  "test-framework": {[0m
Status Check - Keycloak CI	UNKNOWN STEP	2025-10-02T01:32:04.3807822Z [36;1m    "result": "success",[0m
Status Check - Keycloak CI	UNKNOWN STEP	2025-10-02T01:32:04.3808081Z [36;1m    "outputs": {}[0m
Status Check - Keycloak CI	UNKNOWN STEP	2025-10-02T01:32:04.3808305Z [36;1m  },[0m
Status Check - Keycloak CI	UNKNOWN STEP	2025-10-02T01:32:04.3808529Z [36;1m  "base-new-integration-tests": {[0m
Status Check - Keycloak CI	UNKNOWN STEP	2025-10-02T01:32:04.3808956Z [36;1m    "result": "success",[0m
Status Check - Keycloak CI	UNKNOWN STEP	2025-10-02T01:32:04.3809222Z [36;1m    "outputs": {}[0m
Status Check - Keycloak CI	UNKNOWN STEP	2025-10-02T01:32:04.3809450Z [36;1m  },[0m
Status Check - Keycloak CI	UNKNOWN STEP	2025-10-02T01:32:04.3809690Z [36;1m  "mixed-cluster-compatibility-tests": {[0m
Status Check - Keycloak CI	UNKNOWN STEP	2025-10-02T01:32:04.3810002Z [36;1m    "result": "skipped",[0m
Status Check - Keycloak CI	UNKNOWN STEP	2025-10-02T01:32:04.3810244Z [36;1m    "outputs": {}[0m
Status Check - Keycloak CI	UNKNOWN STEP	2025-10-02T01:32:04.3810471Z [36;1m  }[0m
Status Check - Keycloak CI	UNKNOWN STEP	2025-10-02T01:32:04.3810661Z [36;1m}'[0m
Status Check - Keycloak CI	UNKNOWN STEP	2025-10-02T01:32:04.3810867Z [36;1m[0m
Status Check - Keycloak CI	UNKNOWN STEP	2025-10-02T01:32:04.3811076Z [36;1mecho "Job status:"[0m
Status Check - Keycloak CI	UNKNOWN STEP	2025-10-02T01:32:04.3811409Z [36;1mecho $JOBS | jq -r 'to_entries[] | " - \(.key): \(.value.result)"'[0m
Status Check - Keycloak CI	UNKNOWN STEP	2025-10-02T01:32:04.3811756Z [36;1m[0m
Status Check - Keycloak CI	UNKNOWN STEP	2025-10-02T01:32:04.3812027Z [36;1mfor i in $(echo $JOBS | jq -r 'to_entries[] | .value.result'); do[0m
Status Check - Keycloak CI	UNKNOWN STEP	2025-10-02T01:32:04.3812423Z [36;1m  if [ "$i" != "success" ] && [ "$i" != "skipped" ]; then[0m
Status Check - Keycloak CI	UNKNOWN STEP	2025-10-02T01:32:04.3812841Z [36;1m    echo ""[0m
Status Check - Keycloak CI	UNKNOWN STEP	2025-10-02T01:32:04.3813084Z [36;1m    echo "Status check not okay!"[0m
Status Check - Keycloak CI	UNKNOWN STEP	2025-10-02T01:32:04.3813358Z [36;1m    exit 1[0m
Status Check - Keycloak CI	UNKNOWN STEP	2025-10-02T01:32:04.3813563Z [36;1m  fi[0m
Status Check - Keycloak CI	UNKNOWN STEP	2025-10-02T01:32:04.3813767Z [36;1mdone[0m
Status Check - Keycloak CI	UNKNOWN STEP	2025-10-02T01:32:04.3850658Z shell: /usr/bin/bash --noprofile --norc -e -o pipefail {0}
Status Check - Keycloak CI	UNKNOWN STEP	2025-10-02T01:32:04.3851035Z env:
Status Check - Keycloak CI	UNKNOWN STEP	2025-10-02T01:32:04.3851337Z   MAVEN_ARGS: -B -nsu -Daether.connector.http.connectionMaxTtl=25
Status Check - Keycloak CI	UNKNOWN STEP	2025-10-02T01:32:04.3851703Z   SUREFIRE_RERUN_FAILING_COUNT: 2
Status Check - Keycloak CI	UNKNOWN STEP	2025-10-02T01:32:04.3852026Z   SUREFIRE_RETRY: -Dsurefire.rerunFailingTestsCount=2
Status Check - Keycloak CI	UNKNOWN STEP	2025-10-02T01:32:04.3852343Z ##[endgroup]
Status Check - Keycloak CI	UNKNOWN STEP	2025-10-02T01:32:04.3924382Z Job status:
Status Check - Keycloak CI	UNKNOWN STEP	2025-10-02T01:32:04.3968029Z  - conditional: success
Status Check - Keycloak CI	UNKNOWN STEP	2025-10-02T01:32:04.3968344Z  - build: success
Status Check - Keycloak CI	UNKNOWN STEP	2025-10-02T01:32:04.3968581Z  - unit-tests: success
Status Check - Keycloak CI	UNKNOWN STEP	2025-10-02T01:32:04.3968845Z  - base-integration-tests: success
Status Check - Keycloak CI	UNKNOWN STEP	2025-10-02T01:32:04.3969149Z  - adapter-integration-tests: success
Status Check - Keycloak CI	UNKNOWN STEP	2025-10-02T01:32:04.3969530Z  - adapter-integration-tests-strict-cookies: success
Status Check - Keycloak CI	UNKNOWN STEP	2025-10-02T01:32:04.3969885Z  - quarkus-unit-tests: failure
Status Check - Keycloak CI	UNKNOWN STEP	2025-10-02T01:32:04.3970187Z  - quarkus-integration-tests: success
Status Check - Keycloak CI	UNKNOWN STEP	2025-10-02T01:32:04.3970486Z  - jdk-integration-tests: success
Status Check - Keycloak CI	UNKNOWN STEP	2025-10-02T01:32:04.3970777Z  - store-integration-tests: success
Status Check - Keycloak CI	UNKNOWN STEP	2025-10-02T01:32:04.3971075Z  - volatile-sessions-tests: success
Status Check - Keycloak CI	UNKNOWN STEP	2025-10-02T01:32:04.3971355Z  - store-model-tests: success
Status Check - Keycloak CI	UNKNOWN STEP	2025-10-02T01:32:04.3971799Z  - clustering-integration-tests: success
Status Check - Keycloak CI	UNKNOWN STEP	2025-10-02T01:32:04.3972253Z  - fips-unit-tests: success
Status Check - Keycloak CI	UNKNOWN STEP	2025-10-02T01:32:04.3972601Z  - fips-integration-tests: success
Status Check - Keycloak CI	UNKNOWN STEP	2025-10-02T01:32:04.3973025Z  - forms-integration-tests: success
Status Check - Keycloak CI	UNKNOWN STEP	2025-10-02T01:32:04.3973360Z  - webauthn-integration-tests: success
Status Check - Keycloak CI	UNKNOWN STEP	2025-10-02T01:32:04.3973648Z  - sssd-unit-tests: success
Status Check - Keycloak CI	UNKNOWN STEP	2025-10-02T01:32:04.3973902Z  - migration-tests: success
Status Check - Keycloak CI	UNKNOWN STEP	2025-10-02T01:32:04.3974177Z  - external-infinispan-tests: success
Status Check - Keycloak CI	UNKNOWN STEP	2025-10-02T01:32:04.3974522Z  - test-framework: success
Status Check - Keycloak CI	UNKNOWN STEP	2025-10-02T01:32:04.3975010Z  - base-new-integration-tests: success
Status Check - Keycloak CI	UNKNOWN STEP	2025-10-02T01:32:04.3975791Z  - mixed-cluster-compatibility-tests: skipped
Status Check - Keycloak CI	UNKNOWN STEP	2025-10-02T01:32:04.4003074Z 
Status Check - Keycloak CI	UNKNOWN STEP	2025-10-02T01:32:04.4003341Z Status check not okay!
Status Check - Keycloak CI	UNKNOWN STEP	2025-10-02T01:32:04.4015378Z ##[error]Process completed with exit code 1.
Status Check - Keycloak CI	UNKNOWN STEP	2025-10-02T01:32:04.4125433Z Post job cleanup.
Status Check - Keycloak CI	UNKNOWN STEP	2025-10-02T01:32:04.4876837Z [command]/usr/bin/git version
Status Check - Keycloak CI	UNKNOWN STEP	2025-10-02T01:32:04.4911166Z git version 2.51.0
Status Check - Keycloak CI	UNKNOWN STEP	2025-10-02T01:32:04.4948310Z Temporarily overriding HOME='/home/runner/work/_temp/5b45f284-e710-4f15-b1ac-5eeda6dc0a66' before making global git config changes
Status Check - Keycloak CI	UNKNOWN STEP	2025-10-02T01:32:04.4949691Z Adding repository directory to the temporary git global config as a safe directory
Status Check - Keycloak CI	UNKNOWN STEP	2025-10-02T01:32:04.4953282Z [command]/usr/bin/git config --global --add safe.directory /home/runner/work/keycloak/keycloak
Status Check - Keycloak CI	UNKNOWN STEP	2025-10-02T01:32:04.4987683Z [command]/usr/bin/git config --local --name-only --get-regexp core\.sshCommand
Status Check - Keycloak CI	UNKNOWN STEP	2025-10-02T01:32:04.5019433Z [command]/usr/bin/git submodule foreach --recursive sh -c "git config --local --name-only --get-regexp 'core\.sshCommand' && git config --local --unset-all 'core.sshCommand' || :"
Status Check - Keycloak CI	UNKNOWN STEP	2025-10-02T01:32:04.5263226Z [command]/usr/bin/git config --local --name-only --get-regexp http\.https\:\/\/github\.com\/\.extraheader
Status Check - Keycloak CI	UNKNOWN STEP	2025-10-02T01:32:04.5284949Z http.https://github.com/.extraheader
Status Check - Keycloak CI	UNKNOWN STEP	2025-10-02T01:32:04.5295334Z [command]/usr/bin/git config --local --unset-all http.https://github.com/.extraheader
Status Check - Keycloak CI	UNKNOWN STEP	2025-10-02T01:32:04.5326490Z [command]/usr/bin/git submodule foreach --recursive sh -c "git config --local --name-only --get-regexp 'http\.https\:\/\/github\.com\/\.extraheader' && git config --local --unset-all 'http.https://github.com/.extraheader' || :"
Status Check - Keycloak CI	UNKNOWN STEP	2025-10-02T01:32:04.5667984Z Cleaning up orphan processes
