SSSD	Run tests	2023-10-06T00:27:23.5927618Z ##[group]Run .github/scripts/run-ipa.sh "/home/runner/work/keycloak/keycloak"
SSSD	Run tests	2023-10-06T00:27:23.5928181Z [36;1m.github/scripts/run-ipa.sh "/home/runner/work/keycloak/keycloak"[0m
SSSD	Run tests	2023-10-06T00:27:23.6020219Z shell: /usr/bin/bash --noprofile --norc -e -o pipefail {0}
SSSD	Run tests	2023-10-06T00:27:23.6020592Z env:
SSSD	Run tests	2023-10-06T00:27:23.6020955Z   MAVEN_ARGS: -B -nsu -Daether.connector.http.connectionMaxTtl=25
SSSD	Run tests	2023-10-06T00:27:23.6021393Z   SUREFIRE_RERUN_FAILING_COUNT: 2
SSSD	Run tests	2023-10-06T00:27:23.6021770Z   SUREFIRE_RETRY: -Dsurefire.rerunFailingTestsCount=2
SSSD	Run tests	2023-10-06T00:27:23.6022204Z   JAVA_HOME: /opt/hostedtoolcache/Java_Temurin-Hotspot_jdk/17.0.8-1/x64
SSSD	Run tests	2023-10-06T00:27:23.6022641Z   JAVA_HOME_17_X64: /opt/hostedtoolcache/Java_Temurin-Hotspot_jdk/17.0.8-1/x64
SSSD	Run tests	2023-10-06T00:27:23.6022994Z ##[endgroup]
SSSD	Run tests	2023-10-06T00:27:23.7998010Z Using data from previous execution
SSSD	Run tests	2023-10-06T00:27:26.2200220Z Starting ipa-server container
SSSD	Run tests	2023-10-06T00:27:27.0986361Z Resolving "freeipa/freeipa-server" using unqualified-search registries (/etc/containers/registries.conf)
SSSD	Run tests	2023-10-06T00:27:27.0987684Z Trying to pull docker.io/freeipa/freeipa-server:rocky-9...
SSSD	Run tests	2023-10-06T00:27:27.6874652Z Getting image source signatures
SSSD	Run tests	2023-10-06T00:27:27.6891676Z Copying blob sha256:4fc0771affeb7b18d69728037e1b7b57fb00969eb66b07aace3192e90aed7254
SSSD	Run tests	2023-10-06T00:27:27.6892338Z Copying blob sha256:086cca6df09247752ebf0376f512722680e7f104412f26d8a1ac69c74e17ff9d
SSSD	Run tests	2023-10-06T00:27:27.6892922Z Copying blob sha256:cf3b40c4cbe3ccf12ff85bf09eb5c608768a27c81956dd4e2a79e73d68400060
SSSD	Run tests	2023-10-06T00:27:27.6893547Z Copying blob sha256:de68a03bd6156db4a3e6c2b59e4485d39faa3c57d7edd5bcf93f23a2e180a9dc
SSSD	Run tests	2023-10-06T00:27:27.6894137Z Copying blob sha256:092d2ab87ab403726de54e55dd886c9aca6b432991ed89e7793a05cdf10c18dc
SSSD	Run tests	2023-10-06T00:27:27.6894669Z Copying blob sha256:9c20851303a8301728356e8246ae0966a882e41ae28859bd88af53f822a5d644
SSSD	Run tests	2023-10-06T00:27:28.0484311Z Copying blob sha256:de68a03bd6156db4a3e6c2b59e4485d39faa3c57d7edd5bcf93f23a2e180a9dc
SSSD	Run tests	2023-10-06T00:27:28.0530276Z Copying blob sha256:cf3b40c4cbe3ccf12ff85bf09eb5c608768a27c81956dd4e2a79e73d68400060
SSSD	Run tests	2023-10-06T00:27:28.0559006Z Copying blob sha256:4fc0771affeb7b18d69728037e1b7b57fb00969eb66b07aace3192e90aed7254
SSSD	Run tests	2023-10-06T00:27:28.0668698Z Copying blob sha256:9c20851303a8301728356e8246ae0966a882e41ae28859bd88af53f822a5d644
SSSD	Run tests	2023-10-06T00:27:28.0686406Z Copying blob sha256:086cca6df09247752ebf0376f512722680e7f104412f26d8a1ac69c74e17ff9d
SSSD	Run tests	2023-10-06T00:27:28.0743580Z Copying blob sha256:092d2ab87ab403726de54e55dd886c9aca6b432991ed89e7793a05cdf10c18dc
SSSD	Run tests	2023-10-06T00:27:28.0886912Z Copying blob sha256:60609af5d46c304b032a67d338f0c86a607c35cee8718f7c3ff6320668f4887d
SSSD	Run tests	2023-10-06T00:27:28.0898458Z Copying blob sha256:6766b100d75070866b5e57885ffa86d98c716e3f4cbc5ed5d304aa1af1f0e1cb
SSSD	Run tests	2023-10-06T00:27:28.0918992Z Copying blob sha256:b45aab87caf0b523afce67c344eb38ccb424adc5ce64c2053c4a0db9e3a514f9
SSSD	Run tests	2023-10-06T00:27:28.0921334Z Copying blob sha256:491924aec28861aff92cfe61c60e8d3bcb66deac36486c7f9f4856996bfa7c99
SSSD	Run tests	2023-10-06T00:27:28.2821528Z Copying blob sha256:b45aab87caf0b523afce67c344eb38ccb424adc5ce64c2053c4a0db9e3a514f9
SSSD	Run tests	2023-10-06T00:27:28.2869958Z Copying blob sha256:491924aec28861aff92cfe61c60e8d3bcb66deac36486c7f9f4856996bfa7c99
SSSD	Run tests	2023-10-06T00:27:28.3152028Z Copying blob sha256:60609af5d46c304b032a67d338f0c86a607c35cee8718f7c3ff6320668f4887d
SSSD	Run tests	2023-10-06T00:27:28.3166784Z Copying blob sha256:8d0d71b98bed2f38e48e751c7734f7c9b800e28e4cec5bd950e1286a1e7f099c
SSSD	Run tests	2023-10-06T00:27:28.3193430Z Copying blob sha256:6766b100d75070866b5e57885ffa86d98c716e3f4cbc5ed5d304aa1af1f0e1cb
SSSD	Run tests	2023-10-06T00:27:28.3240294Z Copying blob sha256:09c54675614cec045a30af798c180edc17bf9cef1b6d99363de6bab94475aa1f
SSSD	Run tests	2023-10-06T00:27:28.3577748Z Copying blob sha256:eb76cc6e39c14d3e1c515869868302018ed141a928600d2dc13b802184970708
SSSD	Run tests	2023-10-06T00:27:28.3874921Z Copying blob sha256:998ff02e16117ca0902ec0c1b3b29370329d201550440bbc577729268952390c
SSSD	Run tests	2023-10-06T00:27:28.9118202Z Copying blob sha256:998ff02e16117ca0902ec0c1b3b29370329d201550440bbc577729268952390c
SSSD	Run tests	2023-10-06T00:27:28.9129190Z Copying blob sha256:8d0d71b98bed2f38e48e751c7734f7c9b800e28e4cec5bd950e1286a1e7f099c
SSSD	Run tests	2023-10-06T00:27:28.9139884Z Copying blob sha256:eb76cc6e39c14d3e1c515869868302018ed141a928600d2dc13b802184970708
SSSD	Run tests	2023-10-06T00:27:28.9450510Z Copying blob sha256:293dd0af26304460d226b30d2540688b198bac0c6a024a1d3cb4959c93f1cd39
SSSD	Run tests	2023-10-06T00:27:28.9451961Z Copying blob sha256:2a1e4af9c6f633d6b540adbcb81f4474c3036b56758ec963ea99032e45dcba3a
SSSD	Run tests	2023-10-06T00:27:28.9452497Z Copying blob sha256:b668d4efd4503ac7dd6f7fe86c3eab18437488ad1f7f213e9e3d3c3a158f0856
SSSD	Run tests	2023-10-06T00:27:28.9453012Z Copying blob sha256:09c54675614cec045a30af798c180edc17bf9cef1b6d99363de6bab94475aa1f
SSSD	Run tests	2023-10-06T00:27:28.9813838Z Copying blob sha256:d7546539246a62a271581f811eff3a792685517b083099ccf4b6a02760cb8370
SSSD	Run tests	2023-10-06T00:27:29.2372785Z Copying blob sha256:293dd0af26304460d226b30d2540688b198bac0c6a024a1d3cb4959c93f1cd39
SSSD	Run tests	2023-10-06T00:27:29.2376389Z Copying blob sha256:b668d4efd4503ac7dd6f7fe86c3eab18437488ad1f7f213e9e3d3c3a158f0856
SSSD	Run tests	2023-10-06T00:27:29.3100759Z Copying blob sha256:60f9014bf86d01649bf68677414a22209bd1ea827804fcd3b98c2add3d6c8040
SSSD	Run tests	2023-10-06T00:27:29.3121364Z Copying blob sha256:bc1edd5bc6e45a37943f0b606a2d57137aff916bed611fc45f9e51e304b3b0cd
SSSD	Run tests	2023-10-06T00:27:29.3143977Z Copying blob sha256:2a1e4af9c6f633d6b540adbcb81f4474c3036b56758ec963ea99032e45dcba3a
SSSD	Run tests	2023-10-06T00:27:29.3144797Z Copying blob sha256:d7546539246a62a271581f811eff3a792685517b083099ccf4b6a02760cb8370
SSSD	Run tests	2023-10-06T00:27:29.3732653Z Copying blob sha256:6f5cc0c5201c03b3d919e41103af71fd638d3eba50b53d53c6ef76f0ef6adecd
SSSD	Run tests	2023-10-06T00:27:29.4422876Z Copying blob sha256:bef6ae97102d52ce170225575332ea35794f7220457e892b3289a55a696efacc
SSSD	Run tests	2023-10-06T00:27:29.5641320Z Copying blob sha256:bc1edd5bc6e45a37943f0b606a2d57137aff916bed611fc45f9e51e304b3b0cd
SSSD	Run tests	2023-10-06T00:27:29.5748369Z Copying blob sha256:60f9014bf86d01649bf68677414a22209bd1ea827804fcd3b98c2add3d6c8040
SSSD	Run tests	2023-10-06T00:27:29.6652422Z Copying blob sha256:cc9e7abdd84fdfb28382ebcafdfdd7be8a67022682b7598cb6f56bfc5ff10c5f
SSSD	Run tests	2023-10-06T00:27:29.6653585Z Copying blob sha256:8d4517e602d3393bc2bd53fce575484e15c2d8054aa0a60496b7d6c45c451933
SSSD	Run tests	2023-10-06T00:27:29.7690008Z Copying blob sha256:bef6ae97102d52ce170225575332ea35794f7220457e892b3289a55a696efacc
SSSD	Run tests	2023-10-06T00:27:29.8022481Z Copying blob sha256:6f5cc0c5201c03b3d919e41103af71fd638d3eba50b53d53c6ef76f0ef6adecd
SSSD	Run tests	2023-10-06T00:27:29.9103931Z Copying blob sha256:055c14627f4432442c98f3832550ea9f4ea2bdfc4b908b258cfbddafbe5ca31f
SSSD	Run tests	2023-10-06T00:27:29.9104978Z Copying blob sha256:ba4667fb5a54dcf6fb0e1363a37653abcfb1c15c553b3003d775eb6fbe6dc633
SSSD	Run tests	2023-10-06T00:27:29.9671297Z Copying blob sha256:cc9e7abdd84fdfb28382ebcafdfdd7be8a67022682b7598cb6f56bfc5ff10c5f
SSSD	Run tests	2023-10-06T00:27:30.0813425Z Copying blob sha256:15d38b2bd5e99b9f75347b516277194378e7304b64ca52474e0fc52cfcd6a1cb
SSSD	Run tests	2023-10-06T00:27:30.0814568Z Copying blob sha256:8d4517e602d3393bc2bd53fce575484e15c2d8054aa0a60496b7d6c45c451933
SSSD	Run tests	2023-10-06T00:27:30.1523930Z Copying blob sha256:1c8b146b9474251a2f286561fdb92622a5993c95a020ad0533d39e9389ec7c0e
SSSD	Run tests	2023-10-06T00:27:30.1963262Z Copying blob sha256:ba4667fb5a54dcf6fb0e1363a37653abcfb1c15c553b3003d775eb6fbe6dc633
SSSD	Run tests	2023-10-06T00:27:30.2356800Z Copying blob sha256:df1c22fc84a7fc850a993229b0f25b61678becec2775de91113d784253ab795f
SSSD	Run tests	2023-10-06T00:27:30.2744541Z Copying blob sha256:055c14627f4432442c98f3832550ea9f4ea2bdfc4b908b258cfbddafbe5ca31f
SSSD	Run tests	2023-10-06T00:27:30.3403636Z Copying blob sha256:b62a1a753a1aa24533684e9b9eda0348c16cdddad4b92806f8e01349fd26f4ce
SSSD	Run tests	2023-10-06T00:27:30.4014428Z Copying blob sha256:15d38b2bd5e99b9f75347b516277194378e7304b64ca52474e0fc52cfcd6a1cb
SSSD	Run tests	2023-10-06T00:27:30.4601343Z Copying blob sha256:ed6e461d2b61673d37c9425e862b09a8794bd7fe24ee3b0218c42f21099bb2e5
SSSD	Run tests	2023-10-06T00:27:30.4984499Z Copying blob sha256:1c8b146b9474251a2f286561fdb92622a5993c95a020ad0533d39e9389ec7c0e
SSSD	Run tests	2023-10-06T00:27:30.5268213Z Copying blob sha256:0d91c39acb078f27f5a8676ac7e5a84d1bdcba7ee64014f081b3d20442144f86
SSSD	Run tests	2023-10-06T00:27:30.5896881Z Copying blob sha256:b62a1a753a1aa24533684e9b9eda0348c16cdddad4b92806f8e01349fd26f4ce
SSSD	Run tests	2023-10-06T00:27:30.6124075Z Copying blob sha256:93cb7cf9ddbb438a69dab649cfec13493b3d23ff76107cd6877aac5961b9ed45
SSSD	Run tests	2023-10-06T00:27:30.7896823Z Copying blob sha256:ed6e461d2b61673d37c9425e862b09a8794bd7fe24ee3b0218c42f21099bb2e5
SSSD	Run tests	2023-10-06T00:27:31.0391781Z Copying blob sha256:df1c22fc84a7fc850a993229b0f25b61678becec2775de91113d784253ab795f
SSSD	Run tests	2023-10-06T00:27:31.0551191Z Copying blob sha256:d80af71bc871240de1c9e298230b712497226c726c0381be6011a6d0958821fe
SSSD	Run tests	2023-10-06T00:27:31.1387736Z Copying blob sha256:c56b817b9406e43c17b123ffbbea340957e4048b76eb8eca951d2bcf5c997858
SSSD	Run tests	2023-10-06T00:27:31.1720016Z Copying blob sha256:0d91c39acb078f27f5a8676ac7e5a84d1bdcba7ee64014f081b3d20442144f86
SSSD	Run tests	2023-10-06T00:27:31.2325884Z Copying blob sha256:93cb7cf9ddbb438a69dab649cfec13493b3d23ff76107cd6877aac5961b9ed45
SSSD	Run tests	2023-10-06T00:27:31.2580317Z Copying blob sha256:d80af71bc871240de1c9e298230b712497226c726c0381be6011a6d0958821fe
SSSD	Run tests	2023-10-06T00:27:31.3602656Z Copying blob sha256:c56b817b9406e43c17b123ffbbea340957e4048b76eb8eca951d2bcf5c997858
SSSD	Run tests	2023-10-06T00:27:35.4783029Z Copying blob sha256:8b089a454b585e858378885ba5feaeaf96f76222d58f5016cc5225e49291a08a
SSSD	Run tests	2023-10-06T00:27:35.4813110Z Copying blob sha256:6e34cf6cec30e7fe0bd99271530746e23e32fbd3570134e9e0c683589bde8aa2
SSSD	Run tests	2023-10-06T00:27:35.4845367Z Copying blob sha256:9e58b434eb407c45be453c0aa6860f9e9b0aa31a13735dcc521c898965d8e77b
SSSD	Run tests	2023-10-06T00:27:35.5015325Z Copying blob sha256:6c9039c05337c0626b69874f25b24b50bff8ef12ba50b2dc26ff27b3195cf8dc
SSSD	Run tests	2023-10-06T00:27:35.6313084Z Copying blob sha256:8b089a454b585e858378885ba5feaeaf96f76222d58f5016cc5225e49291a08a
SSSD	Run tests	2023-10-06T00:27:35.6468671Z Copying blob sha256:6c9039c05337c0626b69874f25b24b50bff8ef12ba50b2dc26ff27b3195cf8dc
SSSD	Run tests	2023-10-06T00:27:35.6536527Z Copying blob sha256:6e34cf6cec30e7fe0bd99271530746e23e32fbd3570134e9e0c683589bde8aa2
SSSD	Run tests	2023-10-06T00:27:35.6829160Z Copying blob sha256:9e58b434eb407c45be453c0aa6860f9e9b0aa31a13735dcc521c898965d8e77b
SSSD	Run tests	2023-10-06T00:27:35.7028541Z Copying blob sha256:f9d1ed7a4dd1dbef1e7816f68b7d79121575df561ac7a4a4f92e2d4bccaf3985
SSSD	Run tests	2023-10-06T00:27:35.7038139Z Copying blob sha256:b6e85119f350dd65e088f55e9978e113458d0c87996b13d9ed8bede0db2cac1b
SSSD	Run tests	2023-10-06T00:27:35.7099474Z Copying blob sha256:6188470aa796a97ada6b3fcd15b82f514a741ea595e6f152f9be4a7c9d37588e
SSSD	Run tests	2023-10-06T00:27:35.7431972Z Copying blob sha256:eacc284f6274cfc4ac8c06109a0234b42d99edd616c2ef950ae67a9dced0471f
SSSD	Run tests	2023-10-06T00:27:35.7441866Z Copying blob sha256:f29184c84e14d314b81e0601a24a50727cbbef128fc5e7b2107d5948e49e1a9c
SSSD	Run tests	2023-10-06T00:27:35.8384499Z Copying blob sha256:f29184c84e14d314b81e0601a24a50727cbbef128fc5e7b2107d5948e49e1a9c
SSSD	Run tests	2023-10-06T00:27:36.0031398Z Copying blob sha256:f9d1ed7a4dd1dbef1e7816f68b7d79121575df561ac7a4a4f92e2d4bccaf3985
SSSD	Run tests	2023-10-06T00:27:36.0104673Z Copying blob sha256:b6e85119f350dd65e088f55e9978e113458d0c87996b13d9ed8bede0db2cac1b
SSSD	Run tests	2023-10-06T00:27:36.2961643Z Copying blob sha256:6188470aa796a97ada6b3fcd15b82f514a741ea595e6f152f9be4a7c9d37588e
SSSD	Run tests	2023-10-06T00:27:36.3106810Z Copying blob sha256:eacc284f6274cfc4ac8c06109a0234b42d99edd616c2ef950ae67a9dced0471f
SSSD	Run tests	2023-10-06T00:27:36.3525374Z Copying blob sha256:fb1fd895370552e0debe1eec5af1f580b1371ec2a6f4c4f8c1713e375a3e1722
SSSD	Run tests	2023-10-06T00:27:36.4722589Z Copying blob sha256:fb1fd895370552e0debe1eec5af1f580b1371ec2a6f4c4f8c1713e375a3e1722
SSSD	Run tests	2023-10-06T00:27:49.1986544Z Copying config sha256:13ecb2cbc88ea937e5ecf170917bd4895c7fb88ea3fdbe42b62d4b26255028b7
SSSD	Run tests	2023-10-06T00:27:49.2009463Z Writing manifest to image destination
SSSD	Run tests	2023-10-06T00:27:49.2012691Z Storing signatures
SSSD	Run tests	2023-10-06T00:27:49.5316023Z Container b8dc69a16cc6ed896269423179a7aec43bec7b82f48f2e60ae160f2c5ff106f1 started, waiting ipa-server configuration
SSSD	Run tests	2023-10-06T00:28:19.8416298Z The server is ready, performing tests
SSSD	Run tests	2023-10-06T00:28:19.9675414Z Executing federation-sssd-setup.sh to prepare SSSD and PAM
SSSD	Run tests	2023-10-06T00:28:20.1750754Z /etc/pam.d/keycloak already exists. Skipping it...
SSSD	Run tests	2023-10-06T00:28:20.1755390Z Installing jdk-17 in the container
SSSD	Run tests	2023-10-06T00:29:15.1707767Z Rocky Linux 9 - BaseOS                           35 kB/s | 1.9 MB     00:54    
SSSD	Run tests	2023-10-06T00:29:19.3087655Z Rocky Linux 9 - AppStream                       1.9 MB/s | 7.1 MB     00:03    
SSSD	Run tests	2023-10-06T00:29:37.0349614Z Rocky Linux 9 - Extras                          0.0  B/s |   0  B     00:16    
SSSD	Run tests	2023-10-06T00:29:37.0479778Z Error: Failed to download metadata for repo 'extras': repomd.xml parser error: Parse error at line: 1 (Extra content at the end of the document
SSSD	Run tests	2023-10-06T00:29:37.0480329Z )
SSSD	Run tests	2023-10-06T00:29:37.0790515Z Building quarkus keyclok server with SSSD integration
SSSD	Run tests	2023-10-06T00:29:37.5715244Z The JAVA_HOME environment variable is not defined correctly,
SSSD	Run tests	2023-10-06T00:29:37.5716653Z this environment variable is needed to run this program.
SSSD	Run tests	2023-10-06T00:29:37.5720170Z Executing SSSD tests
SSSD	Run tests	2023-10-06T00:29:37.6336873Z The JAVA_HOME environment variable is not defined correctly,
SSSD	Run tests	2023-10-06T00:29:37.6337850Z this environment variable is needed to run this program.
SSSD	Run tests	2023-10-06T00:29:40.3114137Z b8dc69a16cc6ed896269423179a7aec43bec7b82f48f2e60ae160f2c5ff106f1
SSSD	Run tests	2023-10-06T00:29:40.3485512Z Tests executed with result: 1
SSSD	Run tests	2023-10-06T00:29:40.3510546Z ##[error]Process completed with exit code 1.
Status Check - Keycloak CI	Run /./.github/actions/status-check	2023-10-06T02:01:37.7441468Z Prepare all required actions
Status Check - Keycloak CI	Run /./.github/actions/status-check	2023-10-06T02:01:37.7536205Z ##[group]Run ./.github/actions/status-check
Status Check - Keycloak CI	Run /./.github/actions/status-check	2023-10-06T02:01:37.7536510Z with:
Status Check - Keycloak CI	Run /./.github/actions/status-check	2023-10-06T02:01:37.7537996Z   jobs: {
Status Check - Keycloak CI	Run /./.github/actions/status-check	  "conditional": {
Status Check - Keycloak CI	Run /./.github/actions/status-check	    "result": "success",
Status Check - Keycloak CI	Run /./.github/actions/status-check	    "outputs": {
Status Check - Keycloak CI	Run /./.github/actions/status-check	      "ci": "true",
Status Check - Keycloak CI	Run /./.github/actions/status-check	      "ci-sssd": "true",
Status Check - Keycloak CI	Run /./.github/actions/status-check	      "ci-store": "true"
Status Check - Keycloak CI	Run /./.github/actions/status-check	    }
Status Check - Keycloak CI	Run /./.github/actions/status-check	  },
Status Check - Keycloak CI	Run /./.github/actions/status-check	  "unit-tests": {
Status Check - Keycloak CI	Run /./.github/actions/status-check	    "result": "success",
Status Check - Keycloak CI	Run /./.github/actions/status-check	    "outputs": {}
Status Check - Keycloak CI	Run /./.github/actions/status-check	  },
Status Check - Keycloak CI	Run /./.github/actions/status-check	  "base-integration-tests": {
Status Check - Keycloak CI	Run /./.github/actions/status-check	    "result": "success",
Status Check - Keycloak CI	Run /./.github/actions/status-check	    "outputs": {}
Status Check - Keycloak CI	Run /./.github/actions/status-check	  },
Status Check - Keycloak CI	Run /./.github/actions/status-check	  "quarkus-unit-tests": {
Status Check - Keycloak CI	Run /./.github/actions/status-check	    "result": "success",
Status Check - Keycloak CI	Run /./.github/actions/status-check	    "outputs": {}
Status Check - Keycloak CI	Run /./.github/actions/status-check	  },
Status Check - Keycloak CI	Run /./.github/actions/status-check	  "quarkus-integration-tests": {
Status Check - Keycloak CI	Run /./.github/actions/status-check	    "result": "success",
Status Check - Keycloak CI	Run /./.github/actions/status-check	    "outputs": {}
Status Check - Keycloak CI	Run /./.github/actions/status-check	  },
Status Check - Keycloak CI	Run /./.github/actions/status-check	  "jdk-integration-tests": {
Status Check - Keycloak CI	Run /./.github/actions/status-check	    "result": "success",
Status Check - Keycloak CI	Run /./.github/actions/status-check	    "outputs": {}
Status Check - Keycloak CI	Run /./.github/actions/status-check	  },
Status Check - Keycloak CI	Run /./.github/actions/status-check	  "new-store-integration-tests": {
Status Check - Keycloak CI	Run /./.github/actions/status-check	    "result": "success",
Status Check - Keycloak CI	Run /./.github/actions/status-check	    "outputs": {}
Status Check - Keycloak CI	Run /./.github/actions/status-check	  },
Status Check - Keycloak CI	Run /./.github/actions/status-check	  "legacy-store-integration-tests": {
Status Check - Keycloak CI	Run /./.github/actions/status-check	    "result": "success",
Status Check - Keycloak CI	Run /./.github/actions/status-check	    "outputs": {}
Status Check - Keycloak CI	Run /./.github/actions/status-check	  },
Status Check - Keycloak CI	Run /./.github/actions/status-check	  "store-model-tests": {
Status Check - Keycloak CI	Run /./.github/actions/status-check	    "result": "success",
Status Check - Keycloak CI	Run /./.github/actions/status-check	    "outputs": {}
Status Check - Keycloak CI	Run /./.github/actions/status-check	  },
Status Check - Keycloak CI	Run /./.github/actions/status-check	  "clustering-integration-tests": {
Status Check - Keycloak CI	Run /./.github/actions/status-check	    "result": "success",
Status Check - Keycloak CI	Run /./.github/actions/status-check	    "outputs": {}
Status Check - Keycloak CI	Run /./.github/actions/status-check	  },
Status Check - Keycloak CI	Run /./.github/actions/status-check	  "fips-unit-tests": {
Status Check - Keycloak CI	Run /./.github/actions/status-check	    "result": "success",
Status Check - Keycloak CI	Run /./.github/actions/status-check	    "outputs": {}
Status Check - Keycloak CI	Run /./.github/actions/status-check	  },
Status Check - Keycloak CI	Run /./.github/actions/status-check	  "fips-integration-tests": {
Status Check - Keycloak CI	Run /./.github/actions/status-check	    "result": "success",
Status Check - Keycloak CI	Run /./.github/actions/status-check	    "outputs": {}
Status Check - Keycloak CI	Run /./.github/actions/status-check	  },
Status Check - Keycloak CI	Run /./.github/actions/status-check	  "account-console-integration-tests": {
Status Check - Keycloak CI	Run /./.github/actions/status-check	    "result": "success",
Status Check - Keycloak CI	Run /./.github/actions/status-check	    "outputs": {}
Status Check - Keycloak CI	Run /./.github/actions/status-check	  },
Status Check - Keycloak CI	Run /./.github/actions/status-check	  "forms-integration-tests": {
Status Check - Keycloak CI	Run /./.github/actions/status-check	    "result": "success",
Status Check - Keycloak CI	Run /./.github/actions/status-check	    "outputs": {}
Status Check - Keycloak CI	Run /./.github/actions/status-check	  },
Status Check - Keycloak CI	Run /./.github/actions/status-check	  "webauthn-integration-tests": {
Status Check - Keycloak CI	Run /./.github/actions/status-check	    "result": "success",
Status Check - Keycloak CI	Run /./.github/actions/status-check	    "outputs": {}
Status Check - Keycloak CI	Run /./.github/actions/status-check	  },
Status Check - Keycloak CI	Run /./.github/actions/status-check	  "sssd-unit-tests": {
Status Check - Keycloak CI	Run /./.github/actions/status-check	    "result": "failure",
Status Check - Keycloak CI	Run /./.github/actions/status-check	    "outputs": {}
Status Check - Keycloak CI	Run /./.github/actions/status-check	  },
Status Check - Keycloak CI	Run /./.github/actions/status-check	  "migration-tests": {
Status Check - Keycloak CI	Run /./.github/actions/status-check	    "result": "success",
Status Check - Keycloak CI	Run /./.github/actions/status-check	    "outputs": {}
Status Check - Keycloak CI	Run /./.github/actions/status-check	  }
Status Check - Keycloak CI	Run /./.github/actions/status-check	}
Status Check - Keycloak CI	Run /./.github/actions/status-check	2023-10-06T02:01:37.7539897Z env:
Status Check - Keycloak CI	Run /./.github/actions/status-check	2023-10-06T02:01:37.7540195Z   MAVEN_ARGS: -B -nsu -Daether.connector.http.connectionMaxTtl=25
Status Check - Keycloak CI	Run /./.github/actions/status-check	2023-10-06T02:01:37.7540518Z   SUREFIRE_RERUN_FAILING_COUNT: 2
Status Check - Keycloak CI	Run /./.github/actions/status-check	2023-10-06T02:01:37.7540809Z   SUREFIRE_RETRY: -Dsurefire.rerunFailingTestsCount=2
Status Check - Keycloak CI	Run /./.github/actions/status-check	2023-10-06T02:01:37.7541083Z ##[endgroup]
Status Check - Keycloak CI	Run /./.github/actions/status-check	2023-10-06T02:01:37.7855430Z ##[group]Run JOBS='{
Status Check - Keycloak CI	Run /./.github/actions/status-check	2023-10-06T02:01:37.7855906Z [36;1mJOBS='{[0m
Status Check - Keycloak CI	Run /./.github/actions/status-check	2023-10-06T02:01:37.7856129Z [36;1m  "conditional": {[0m
Status Check - Keycloak CI	Run /./.github/actions/status-check	2023-10-06T02:01:37.7856389Z [36;1m    "result": "success",[0m
Status Check - Keycloak CI	Run /./.github/actions/status-check	2023-10-06T02:01:37.7856636Z [36;1m    "outputs": {[0m
Status Check - Keycloak CI	Run /./.github/actions/status-check	2023-10-06T02:01:37.7856853Z [36;1m      "ci": "true",[0m
Status Check - Keycloak CI	Run /./.github/actions/status-check	2023-10-06T02:01:37.7857076Z [36;1m      "ci-sssd": "true",[0m
Status Check - Keycloak CI	Run /./.github/actions/status-check	2023-10-06T02:01:37.7857304Z [36;1m      "ci-store": "true"[0m
Status Check - Keycloak CI	Run /./.github/actions/status-check	2023-10-06T02:01:37.7857537Z [36;1m    }[0m
Status Check - Keycloak CI	Run /./.github/actions/status-check	2023-10-06T02:01:37.7857818Z [36;1m  },[0m
Status Check - Keycloak CI	Run /./.github/actions/status-check	2023-10-06T02:01:37.7858028Z [36;1m  "unit-tests": {[0m
Status Check - Keycloak CI	Run /./.github/actions/status-check	2023-10-06T02:01:37.7858261Z [36;1m    "result": "success",[0m
Status Check - Keycloak CI	Run /./.github/actions/status-check	2023-10-06T02:01:37.7858471Z [36;1m    "outputs": {}[0m
Status Check - Keycloak CI	Run /./.github/actions/status-check	2023-10-06T02:01:37.7858680Z [36;1m  },[0m
Status Check - Keycloak CI	Run /./.github/actions/status-check	2023-10-06T02:01:37.7858915Z [36;1m  "base-integration-tests": {[0m
Status Check - Keycloak CI	Run /./.github/actions/status-check	2023-10-06T02:01:37.7859159Z [36;1m    "result": "success",[0m
Status Check - Keycloak CI	Run /./.github/actions/status-check	2023-10-06T02:01:37.7859384Z [36;1m    "outputs": {}[0m
Status Check - Keycloak CI	Run /./.github/actions/status-check	2023-10-06T02:01:37.7859590Z [36;1m  },[0m
Status Check - Keycloak CI	Run /./.github/actions/status-check	2023-10-06T02:01:37.7859798Z [36;1m  "quarkus-unit-tests": {[0m
Status Check - Keycloak CI	Run /./.github/actions/status-check	2023-10-06T02:01:37.7860044Z [36;1m    "result": "success",[0m
Status Check - Keycloak CI	Run /./.github/actions/status-check	2023-10-06T02:01:37.7860268Z [36;1m    "outputs": {}[0m
Status Check - Keycloak CI	Run /./.github/actions/status-check	2023-10-06T02:01:37.7860472Z [36;1m  },[0m
Status Check - Keycloak CI	Run /./.github/actions/status-check	2023-10-06T02:01:37.7860710Z [36;1m  "quarkus-integration-tests": {[0m
Status Check - Keycloak CI	Run /./.github/actions/status-check	2023-10-06T02:01:37.7860966Z [36;1m    "result": "success",[0m
Status Check - Keycloak CI	Run /./.github/actions/status-check	2023-10-06T02:01:37.7861174Z [36;1m    "outputs": {}[0m
Status Check - Keycloak CI	Run /./.github/actions/status-check	2023-10-06T02:01:37.7861378Z [36;1m  },[0m
Status Check - Keycloak CI	Run /./.github/actions/status-check	2023-10-06T02:01:37.7861596Z [36;1m  "jdk-integration-tests": {[0m
Status Check - Keycloak CI	Run /./.github/actions/status-check	2023-10-06T02:01:37.7861828Z [36;1m    "result": "success",[0m
Status Check - Keycloak CI	Run /./.github/actions/status-check	2023-10-06T02:01:37.7862050Z [36;1m    "outputs": {}[0m
Status Check - Keycloak CI	Run /./.github/actions/status-check	2023-10-06T02:01:37.7862255Z [36;1m  },[0m
Status Check - Keycloak CI	Run /./.github/actions/status-check	2023-10-06T02:01:37.7862489Z [36;1m  "new-store-integration-tests": {[0m
Status Check - Keycloak CI	Run /./.github/actions/status-check	2023-10-06T02:01:37.7862741Z [36;1m    "result": "success",[0m
Status Check - Keycloak CI	Run /./.github/actions/status-check	2023-10-06T02:01:37.7862960Z [36;1m    "outputs": {}[0m
Status Check - Keycloak CI	Run /./.github/actions/status-check	2023-10-06T02:01:37.7863157Z [36;1m  },[0m
Status Check - Keycloak CI	Run /./.github/actions/status-check	2023-10-06T02:01:37.7863388Z [36;1m  "legacy-store-integration-tests": {[0m
Status Check - Keycloak CI	Run /./.github/actions/status-check	2023-10-06T02:01:37.7863654Z [36;1m    "result": "success",[0m
Status Check - Keycloak CI	Run /./.github/actions/status-check	2023-10-06T02:01:37.7863878Z [36;1m    "outputs": {}[0m
Status Check - Keycloak CI	Run /./.github/actions/status-check	2023-10-06T02:01:37.7864068Z [36;1m  },[0m
Status Check - Keycloak CI	Run /./.github/actions/status-check	2023-10-06T02:01:37.7864669Z [36;1m  "store-model-tests": {[0m
Status Check - Keycloak CI	Run /./.github/actions/status-check	2023-10-06T02:01:37.7864900Z [36;1m    "result": "success",[0m
Status Check - Keycloak CI	Run /./.github/actions/status-check	2023-10-06T02:01:37.7865118Z [36;1m    "outputs": {}[0m
Status Check - Keycloak CI	Run /./.github/actions/status-check	2023-10-06T02:01:37.7865318Z [36;1m  },[0m
Status Check - Keycloak CI	Run /./.github/actions/status-check	2023-10-06T02:01:37.7865562Z [36;1m  "clustering-integration-tests": {[0m
Status Check - Keycloak CI	Run /./.github/actions/status-check	2023-10-06T02:01:37.7865812Z [36;1m    "result": "success",[0m
Status Check - Keycloak CI	Run /./.github/actions/status-check	2023-10-06T02:01:37.7866032Z [36;1m    "outputs": {}[0m
Status Check - Keycloak CI	Run /./.github/actions/status-check	2023-10-06T02:01:37.7866234Z [36;1m  },[0m
Status Check - Keycloak CI	Run /./.github/actions/status-check	2023-10-06T02:01:37.7866432Z [36;1m  "fips-unit-tests": {[0m
Status Check - Keycloak CI	Run /./.github/actions/status-check	2023-10-06T02:01:37.7866668Z [36;1m    "result": "success",[0m
Status Check - Keycloak CI	Run /./.github/actions/status-check	2023-10-06T02:01:37.7866882Z [36;1m    "outputs": {}[0m
Status Check - Keycloak CI	Run /./.github/actions/status-check	2023-10-06T02:01:37.7867087Z [36;1m  },[0m
Status Check - Keycloak CI	Run /./.github/actions/status-check	2023-10-06T02:01:37.7867300Z [36;1m  "fips-integration-tests": {[0m
Status Check - Keycloak CI	Run /./.github/actions/status-check	2023-10-06T02:01:37.7867662Z [36;1m    "result": "success",[0m
Status Check - Keycloak CI	Run /./.github/actions/status-check	2023-10-06T02:01:37.7867886Z [36;1m    "outputs": {}[0m
Status Check - Keycloak CI	Run /./.github/actions/status-check	2023-10-06T02:01:37.7868225Z [36;1m  },[0m
Status Check - Keycloak CI	Run /./.github/actions/status-check	2023-10-06T02:01:37.7868466Z [36;1m  "account-console-integration-tests": {[0m
Status Check - Keycloak CI	Run /./.github/actions/status-check	2023-10-06T02:01:37.7868747Z [36;1m    "result": "success",[0m
Status Check - Keycloak CI	Run /./.github/actions/status-check	2023-10-06T02:01:37.7868977Z [36;1m    "outputs": {}[0m
Status Check - Keycloak CI	Run /./.github/actions/status-check	2023-10-06T02:01:37.7869169Z [36;1m  },[0m
Status Check - Keycloak CI	Run /./.github/actions/status-check	2023-10-06T02:01:37.7869392Z [36;1m  "forms-integration-tests": {[0m
Status Check - Keycloak CI	Run /./.github/actions/status-check	2023-10-06T02:01:37.7869639Z [36;1m    "result": "success",[0m
Status Check - Keycloak CI	Run /./.github/actions/status-check	2023-10-06T02:01:37.7869843Z [36;1m    "outputs": {}[0m
Status Check - Keycloak CI	Run /./.github/actions/status-check	2023-10-06T02:01:37.7870040Z [36;1m  },[0m
Status Check - Keycloak CI	Run /./.github/actions/status-check	2023-10-06T02:01:37.7870279Z [36;1m  "webauthn-integration-tests": {[0m
Status Check - Keycloak CI	Run /./.github/actions/status-check	2023-10-06T02:01:37.7870532Z [36;1m    "result": "success",[0m
Status Check - Keycloak CI	Run /./.github/actions/status-check	2023-10-06T02:01:37.7870752Z [36;1m    "outputs": {}[0m
Status Check - Keycloak CI	Run /./.github/actions/status-check	2023-10-06T02:01:37.7870954Z [36;1m  },[0m
Status Check - Keycloak CI	Run /./.github/actions/status-check	2023-10-06T02:01:37.7871153Z [36;1m  "sssd-unit-tests": {[0m
Status Check - Keycloak CI	Run /./.github/actions/status-check	2023-10-06T02:01:37.7871385Z [36;1m    "result": "failure",[0m
Status Check - Keycloak CI	Run /./.github/actions/status-check	2023-10-06T02:01:37.7871603Z [36;1m    "outputs": {}[0m
Status Check - Keycloak CI	Run /./.github/actions/status-check	2023-10-06T02:01:37.7871804Z [36;1m  },[0m
Status Check - Keycloak CI	Run /./.github/actions/status-check	2023-10-06T02:01:37.7872002Z [36;1m  "migration-tests": {[0m
Status Check - Keycloak CI	Run /./.github/actions/status-check	2023-10-06T02:01:37.7872227Z [36;1m    "result": "success",[0m
Status Check - Keycloak CI	Run /./.github/actions/status-check	2023-10-06T02:01:37.7872444Z [36;1m    "outputs": {}[0m
Status Check - Keycloak CI	Run /./.github/actions/status-check	2023-10-06T02:01:37.7872636Z [36;1m  }[0m
Status Check - Keycloak CI	Run /./.github/actions/status-check	2023-10-06T02:01:37.7872819Z [36;1m}'[0m
Status Check - Keycloak CI	Run /./.github/actions/status-check	2023-10-06T02:01:37.7873003Z [36;1m[0m
Status Check - Keycloak CI	Run /./.github/actions/status-check	2023-10-06T02:01:37.7873193Z [36;1mecho "Job status:"[0m
Status Check - Keycloak CI	Run /./.github/actions/status-check	2023-10-06T02:01:37.7873492Z [36;1mecho $JOBS | jq -r 'to_entries[] | " - \(.key): \(.value.result)"'[0m
Status Check - Keycloak CI	Run /./.github/actions/status-check	2023-10-06T02:01:37.7873765Z [36;1m[0m
Status Check - Keycloak CI	Run /./.github/actions/status-check	2023-10-06T02:01:37.7874020Z [36;1mfor i in $(echo $JOBS | jq -r 'to_entries[] | .value.result'); do[0m
Status Check - Keycloak CI	Run /./.github/actions/status-check	2023-10-06T02:01:37.7874358Z [36;1m  if [ "$i" != "success" ] && [ "$i" != "skipped" ]; then[0m
Status Check - Keycloak CI	Run /./.github/actions/status-check	2023-10-06T02:01:37.7874618Z [36;1m    echo ""[0m
Status Check - Keycloak CI	Run /./.github/actions/status-check	2023-10-06T02:01:37.7874853Z [36;1m    echo "Status check not okay!"[0m
Status Check - Keycloak CI	Run /./.github/actions/status-check	2023-10-06T02:01:37.7875089Z [36;1m    exit 1[0m
Status Check - Keycloak CI	Run /./.github/actions/status-check	2023-10-06T02:01:37.7875286Z [36;1m  fi[0m
Status Check - Keycloak CI	Run /./.github/actions/status-check	2023-10-06T02:01:37.7875459Z [36;1mdone[0m
Status Check - Keycloak CI	Run /./.github/actions/status-check	2023-10-06T02:01:37.7937621Z shell: /usr/bin/bash --noprofile --norc -e -o pipefail {0}
Status Check - Keycloak CI	Run /./.github/actions/status-check	2023-10-06T02:01:37.7937966Z env:
Status Check - Keycloak CI	Run /./.github/actions/status-check	2023-10-06T02:01:37.7938284Z   MAVEN_ARGS: -B -nsu -Daether.connector.http.connectionMaxTtl=25
Status Check - Keycloak CI	Run /./.github/actions/status-check	2023-10-06T02:01:37.7938642Z   SUREFIRE_RERUN_FAILING_COUNT: 2
Status Check - Keycloak CI	Run /./.github/actions/status-check	2023-10-06T02:01:37.7938951Z   SUREFIRE_RETRY: -Dsurefire.rerunFailingTestsCount=2
Status Check - Keycloak CI	Run /./.github/actions/status-check	2023-10-06T02:01:37.7939221Z ##[endgroup]
Status Check - Keycloak CI	Run /./.github/actions/status-check	2023-10-06T02:01:37.8119335Z Job status:
Status Check - Keycloak CI	Run /./.github/actions/status-check	2023-10-06T02:01:37.8385748Z  - conditional: success
Status Check - Keycloak CI	Run /./.github/actions/status-check	2023-10-06T02:01:37.8386478Z  - unit-tests: success
Status Check - Keycloak CI	Run /./.github/actions/status-check	2023-10-06T02:01:37.8387438Z  - base-integration-tests: success
Status Check - Keycloak CI	Run /./.github/actions/status-check	2023-10-06T02:01:37.8387911Z  - quarkus-unit-tests: success
Status Check - Keycloak CI	Run /./.github/actions/status-check	2023-10-06T02:01:37.8388229Z  - quarkus-integration-tests: success
Status Check - Keycloak CI	Run /./.github/actions/status-check	2023-10-06T02:01:37.8388530Z  - jdk-integration-tests: success
Status Check - Keycloak CI	Run /./.github/actions/status-check	2023-10-06T02:01:37.8388854Z  - new-store-integration-tests: success
Status Check - Keycloak CI	Run /./.github/actions/status-check	2023-10-06T02:01:37.8389214Z  - legacy-store-integration-tests: success
Status Check - Keycloak CI	Run /./.github/actions/status-check	2023-10-06T02:01:37.8389514Z  - store-model-tests: success
Status Check - Keycloak CI	Run /./.github/actions/status-check	2023-10-06T02:01:37.8389826Z  - clustering-integration-tests: success
Status Check - Keycloak CI	Run /./.github/actions/status-check	2023-10-06T02:01:37.8390183Z  - fips-unit-tests: success
Status Check - Keycloak CI	Run /./.github/actions/status-check	2023-10-06T02:01:37.8390469Z  - fips-integration-tests: success
Status Check - Keycloak CI	Run /./.github/actions/status-check	2023-10-06T02:01:37.8391194Z  - account-console-integration-tests: success
Status Check - Keycloak CI	Run /./.github/actions/status-check	2023-10-06T02:01:37.8391530Z  - forms-integration-tests: success
Status Check - Keycloak CI	Run /./.github/actions/status-check	2023-10-06T02:01:37.8391844Z  - webauthn-integration-tests: success
Status Check - Keycloak CI	Run /./.github/actions/status-check	2023-10-06T02:01:37.8392125Z  - sssd-unit-tests: failure
Status Check - Keycloak CI	Run /./.github/actions/status-check	2023-10-06T02:01:37.8392393Z  - migration-tests: success
Status Check - Keycloak CI	Run /./.github/actions/status-check	2023-10-06T02:01:37.8645219Z 
Status Check - Keycloak CI	Run /./.github/actions/status-check	2023-10-06T02:01:37.8645581Z Status check not okay!
Status Check - Keycloak CI	Run /./.github/actions/status-check	2023-10-06T02:01:37.8664441Z ##[error]Process completed with exit code 1.
