Base IT (5)	Run base tests	2024-08-02T00:21:34.3480264Z ##[group]Run TESTS=`testsuite/integration-arquillian/tests/base/testsuites/base-suite.sh 5`
Base IT (5)	Run base tests	2024-08-02T00:21:34.3481513Z [36;1mTESTS=`testsuite/integration-arquillian/tests/base/testsuites/base-suite.sh 5`[0m
Base IT (5)	Run base tests	2024-08-02T00:21:34.3482210Z [36;1mecho "Tests: $TESTS"[0m
Base IT (5)	Run base tests	2024-08-02T00:21:34.3483196Z [36;1m./mvnw test -Dsurefire.rerunFailingTestsCount=2 -Pauth-server-quarkus -Dtest=$TESTS -pl testsuite/integration-arquillian/tests/base 2>&1 | misc/log/trimmer.sh[0m
Base IT (5)	Run base tests	2024-08-02T00:21:34.3537333Z shell: /usr/bin/bash --noprofile --norc -e -o pipefail {0}
Base IT (5)	Run base tests	2024-08-02T00:21:34.3537949Z env:
Base IT (5)	Run base tests	2024-08-02T00:21:34.3538411Z   MAVEN_ARGS: -B -nsu -Daether.connector.http.connectionMaxTtl=25
Base IT (5)	Run base tests	2024-08-02T00:21:34.3538993Z   SUREFIRE_RERUN_FAILING_COUNT: 2
Base IT (5)	Run base tests	2024-08-02T00:21:34.3539552Z   SUREFIRE_RETRY: -Dsurefire.rerunFailingTestsCount=2
Base IT (5)	Run base tests	2024-08-02T00:21:34.3540196Z   JAVA_HOME: /opt/hostedtoolcache/Java_Temurin-Hotspot_jdk/21.0.3-9/x64
Base IT (5)	Run base tests	2024-08-02T00:21:34.3540993Z   JAVA_HOME_21_X64: /opt/hostedtoolcache/Java_Temurin-Hotspot_jdk/21.0.3-9/x64
Base IT (5)	Run base tests	2024-08-02T00:21:34.3541929Z ##[endgroup]
Base IT (5)	Run base tests	2024-08-02T00:21:34.6460000Z Tests: org.keycloak.testsuite.federation.**,org.keycloak.testsuite.forms.**,org.keycloak.testsuite.i18n.**,org.keycloak.testsuite.javascript.**
Base IT (5)	Run base tests	2024-08-02T00:21:36.9295862Z -- [INFO] Loading cache configuration from /home/runner/work/keycloak/keycloak/.mvn/maven-build-cache-config.xml
Base IT (5)	Run base tests	2024-08-02T00:21:36.9430049Z -- [INFO] Scanning for projects...
Base IT (5)	Run base tests	2024-08-02T00:21:37.6906401Z -- [INFO] 
Base IT (5)	Run base tests	2024-08-02T00:21:37.6908190Z -- [INFO] ------< org.keycloak.testsuite:integration-arquillian-tests-base >------
Base IT (5)	Run base tests	2024-08-02T00:21:37.6909814Z -- [INFO] Building Base TestSuite 999.0.0-SNAPSHOT
Base IT (5)	Run base tests	2024-08-02T00:21:37.6984805Z -- [INFO]   from pom.xml
Base IT (5)	Run base tests	2024-08-02T00:21:37.6985685Z -- [INFO] --------------------------------[ jar ]---------------------------------
Base IT (5)	Run base tests	2024-08-02T00:21:37.7585805Z -- [WARNING] Parameter 'overWriteIfNewer' is unknown for plugin 'maven-resources-plugin:3.0.1:copy-resources (example-realms)'
Base IT (5)	Run base tests	2024-08-02T00:21:39.0330067Z -- [INFO] Downloading from central: https://repo.maven.apache.org/maven2/org/infinispan/infinispan-api/15.0.5.Final/infinispan-api-15.0.5.Final.pom
Base IT (5)	Run base tests	2024-08-02T00:21:39.6842270Z -- [INFO] Downloaded from central: https://repo.maven.apache.org/maven2/org/infinispan/infinispan-api/15.0.5.Final/infinispan-api-15.0.5.Final.pom (1.7 kB at 2.7 kB/s)
Base IT (5)	Run base tests	2024-08-02T00:21:39.8555415Z -- [INFO] Artifact org.jboss:jboss-parent:pom:36 is present in the local repository, but cached from a remote repository ID that is unavailable in current build context, verifying that is downloadable from [central (https://repo.maven.apache.org/maven2, default, releases)]
Base IT (5)	Run base tests	2024-08-02T00:21:39.8560719Z -- [INFO] Artifact org.jboss:jboss-parent:pom:36 is present in the local repository, but cached from a remote repository ID that is unavailable in current build context, verifying that is downloadable from [central (https://repo.maven.apache.org/maven2, default, releases)]
Base IT (5)	Run base tests	2024-08-02T00:21:39.8564565Z -- [INFO] Downloading from central: https://repo.maven.apache.org/maven2/org/jboss/jboss-parent/36/jboss-parent-36.pom
Base IT (5)	Run base tests	2024-08-02T00:21:39.8599818Z -- [INFO] Downloaded from central: https://repo.maven.apache.org/maven2/org/jboss/jboss-parent/36/jboss-parent-36.pom (0 B at 0 B/s)
Base IT (5)	Run base tests	2024-08-02T00:21:39.8652797Z -- [INFO] Artifact org.jboss:jboss-parent:pom:34 is present in the local repository, but cached from a remote repository ID that is unavailable in current build context, verifying that is downloadable from [central (https://repo.maven.apache.org/maven2, default, releases)]
Base IT (5)	Run base tests	2024-08-02T00:21:39.8657640Z -- [INFO] Artifact org.jboss:jboss-parent:pom:34 is present in the local repository, but cached from a remote repository ID that is unavailable in current build context, verifying that is downloadable from [central (https://repo.maven.apache.org/maven2, default, releases)]
Base IT (5)	Run base tests	2024-08-02T00:21:39.8666074Z -- [INFO] Downloading from central: https://repo.maven.apache.org/maven2/org/jboss/jboss-parent/34/jboss-parent-34.pom
Base IT (5)	Run base tests	2024-08-02T00:21:39.8688813Z -- [INFO] Downloaded from central: https://repo.maven.apache.org/maven2/org/jboss/jboss-parent/34/jboss-parent-34.pom (0 B at 0 B/s)
Base IT (5)	Run base tests	2024-08-02T00:21:39.9850519Z -- [INFO] Downloading from central: https://repo.maven.apache.org/maven2/org/infinispan/infinispan-remote-query-client/15.0.5.Final/infinispan-remote-query-client-15.0.5.Final.pom
Base IT (5)	Run base tests	2024-08-02T00:21:39.9988919Z -- [INFO] Downloaded from central: https://repo.maven.apache.org/maven2/org/infinispan/infinispan-remote-query-client/15.0.5.Final/infinispan-remote-query-client-15.0.5.Final.pom (3.2 kB at 359 kB/s)
Base IT (5)	Run base tests	2024-08-02T00:21:39.9998456Z -- [INFO] Downloading from central: https://repo.maven.apache.org/maven2/org/infinispan/infinispan-query-dsl/15.0.5.Final/infinispan-query-dsl-15.0.5.Final.pom
Base IT (5)	Run base tests	2024-08-02T00:21:40.0093681Z -- [INFO] Downloaded from central: https://repo.maven.apache.org/maven2/org/infinispan/infinispan-query-dsl/15.0.5.Final/infinispan-query-dsl-15.0.5.Final.pom (3.0 kB at 335 kB/s)
Base IT (5)	Run base tests	2024-08-02T00:21:40.5168443Z -- [INFO] Artifact org.jboss:jboss-parent:pom:44 is present in the local repository, but cached from a remote repository ID that is unavailable in current build context, verifying that is downloadable from [central (https://repo.maven.apache.org/maven2, default, releases)]
Base IT (5)	Run base tests	2024-08-02T00:21:40.5185858Z -- [INFO] Artifact org.jboss:jboss-parent:pom:44 is present in the local repository, but cached from a remote repository ID that is unavailable in current build context, verifying that is downloadable from [central (https://repo.maven.apache.org/maven2, default, releases)]
Base IT (5)	Run base tests	2024-08-02T00:21:40.5203552Z -- [INFO] Downloading from central: https://repo.maven.apache.org/maven2/org/jboss/jboss-parent/44/jboss-parent-44.pom
Base IT (5)	Run base tests	2024-08-02T00:21:40.5268190Z -- [INFO] Downloaded from central: https://repo.maven.apache.org/maven2/org/jboss/jboss-parent/44/jboss-parent-44.pom (0 B at 0 B/s)
Base IT (5)	Run base tests	2024-08-02T00:21:41.0118812Z -- [INFO] Downloading from central: https://repo.maven.apache.org/maven2/org/infinispan/infinispan-api/15.0.5.Final/infinispan-api-15.0.5.Final.jar
Base IT (5)	Run base tests	2024-08-02T00:21:41.1013824Z -- [INFO] Downloaded from central: https://repo.maven.apache.org/maven2/org/infinispan/infinispan-api/15.0.5.Final/infinispan-api-15.0.5.Final.jar (121 kB at 1.4 MB/s)
Base IT (5)	Run base tests	2024-08-02T00:21:41.1026238Z -- [INFO] Downloading from central: https://repo.maven.apache.org/maven2/org/infinispan/infinispan-remote-query-client/15.0.5.Final/infinispan-remote-query-client-15.0.5.Final.jar
Base IT (5)	Run base tests	2024-08-02T00:21:41.1051240Z -- [INFO] Downloading from central: https://repo.maven.apache.org/maven2/org/infinispan/infinispan-query-dsl/15.0.5.Final/infinispan-query-dsl-15.0.5.Final.jar
Base IT (5)	Run base tests	2024-08-02T00:21:41.1204991Z -- [INFO] Downloaded from central: https://repo.maven.apache.org/maven2/org/infinispan/infinispan-remote-query-client/15.0.5.Final/infinispan-remote-query-client-15.0.5.Final.jar (43 kB at 2.2 MB/s)
Base IT (5)	Run base tests	2024-08-02T00:21:41.1428752Z -- [INFO] Downloaded from central: https://repo.maven.apache.org/maven2/org/infinispan/infinispan-query-dsl/15.0.5.Final/infinispan-query-dsl-15.0.5.Final.jar (64 kB at 1.6 MB/s)
Base IT (5)	Run base tests	2024-08-02T00:21:41.1556033Z -- [INFO] 
Base IT (5)	Run base tests	2024-08-02T00:21:41.1557474Z -- [INFO] --- enforcer:3.0.0-M3:enforce (enforce-java-version) @ integration-arquillian-tests-base ---
Base IT (5)	Run base tests	2024-08-02T00:21:41.3265133Z -- [INFO] 
Base IT (5)	Run base tests	2024-08-02T00:21:41.3268923Z -- [INFO] --- enforcer:3.0.0-M3:enforce (enforce-maven-version) @ integration-arquillian-tests-base ---
Base IT (5)	Run base tests	2024-08-02T00:21:41.3289710Z -- [INFO] 
Base IT (5)	Run base tests	2024-08-02T00:21:41.3294005Z -- [INFO] --- enforcer:3.0.0-M3:enforce (enforce-maven) @ integration-arquillian-tests-base ---
Base IT (5)	Run base tests	2024-08-02T00:21:41.3310902Z -- [INFO] 
Base IT (5)	Run base tests	2024-08-02T00:21:41.3317645Z -- [INFO] --- buildnumber:1.4:create (get-scm-revision) @ integration-arquillian-tests-base ---
Base IT (5)	Run base tests	2024-08-02T00:21:41.5136907Z -- [INFO] Executing: /bin/sh -c cd '/home/runner/work/keycloak/keycloak/testsuite/integration-arquillian/tests/base' && 'git' 'rev-parse' '--verify' 'HEAD'
Base IT (5)	Run base tests	2024-08-02T00:21:41.5141884Z -- [INFO] Working directory: /home/runner/work/keycloak/keycloak/testsuite/integration-arquillian/tests/base
Base IT (5)	Run base tests	2024-08-02T00:21:41.5580775Z -- [INFO] Storing buildNumber: 942d5d0aa309839bf8b6da28367bd8e6adbec856 at timestamp: 1722558101495
Base IT (5)	Run base tests	2024-08-02T00:21:41.5657073Z -- [INFO] Storing buildScmBranch: main
Base IT (5)	Run base tests	2024-08-02T00:21:41.5658026Z -- [INFO] 
Base IT (5)	Run base tests	2024-08-02T00:21:41.5659322Z -- [INFO] --- resources:3.0.1:copy-resources (copy-truststore) @ integration-arquillian-tests-base ---
Base IT (5)	Run base tests	2024-08-02T00:21:41.6299258Z -- [INFO] Using 'UTF-8' encoding to copy filtered resources.
Base IT (5)	Run base tests	2024-08-02T00:21:41.6405944Z -- [INFO] Copying 3 resources
Base IT (5)	Run base tests	2024-08-02T00:21:41.6466341Z -- [INFO] 
Base IT (5)	Run base tests	2024-08-02T00:21:41.6467782Z -- [INFO] --- resources:3.0.1:copy-resources (copy-common-dependencies) @ integration-arquillian-tests-base ---
Base IT (5)	Run base tests	2024-08-02T00:21:41.6488514Z -- [INFO] Using 'UTF-8' encoding to copy filtered resources.
Base IT (5)	Run base tests	2024-08-02T00:21:41.6559775Z -- [INFO] Copying 13 resources
Base IT (5)	Run base tests	2024-08-02T00:21:41.6595783Z -- [INFO] 
Base IT (5)	Run base tests	2024-08-02T00:21:41.6597116Z -- [INFO] --- resources:3.0.1:resources (default-resources) @ integration-arquillian-tests-base ---
Base IT (5)	Run base tests	2024-08-02T00:21:41.6618948Z -- [INFO] Using 'UTF-8' encoding to copy filtered resources.
Base IT (5)	Run base tests	2024-08-02T00:21:41.6626465Z -- [INFO] Copying 2 resources
Base IT (5)	Run base tests	2024-08-02T00:21:41.6632810Z -- [INFO] 
Base IT (5)	Run base tests	2024-08-02T00:21:41.6634175Z -- [INFO] --- resources:3.0.1:copy-resources (copy-admin-user-json-file) @ integration-arquillian-tests-base ---
Base IT (5)	Run base tests	2024-08-02T00:21:41.6649118Z -- [INFO] Using 'UTF-8' encoding to copy filtered resources.
Base IT (5)	Run base tests	2024-08-02T00:21:41.6717271Z -- [INFO] Copying 1 resource
Base IT (5)	Run base tests	2024-08-02T00:21:41.6780847Z -- [INFO] 
Base IT (5)	Run base tests	2024-08-02T00:21:41.6782543Z -- [INFO] --- xml:1.0.1:transform (arquillian-default-protocol) @ integration-arquillian-tests-base ---
Base IT (5)	Run base tests	2024-08-02T00:21:43.4473222Z -- [INFO] Transforming file: /home/runner/work/keycloak/keycloak/testsuite/integration-arquillian/tests/base/src/test/resources/arquillian.xml
Base IT (5)	Run base tests	2024-08-02T00:21:43.6629557Z -- [INFO] Transformed 1 file(s).
Base IT (5)	Run base tests	2024-08-02T00:21:43.6630808Z -- [INFO] 
Base IT (5)	Run base tests	2024-08-02T00:21:43.6631790Z -- [INFO] --- compiler:3.8.1:compile (default-compile) @ integration-arquillian-tests-base ---
Base IT (5)	Run base tests	2024-08-02T00:21:43.7775877Z -- [INFO] Changes detected - recompiling the module!
Base IT (5)	Run base tests	2024-08-02T00:21:43.7799198Z -- [INFO] Compiling 369 source files to /home/runner/work/keycloak/keycloak/testsuite/integration-arquillian/tests/base/target/classes
Base IT (5)	Run base tests	2024-08-02T00:21:49.7721403Z -- [INFO] Annotation processing is enabled because one or more processors were found
Base IT (5)	Run base tests	2024-08-02T00:21:49.7722977Z --   on the class path. A future release of javac may disable annotation processing
Base IT (5)	Run base tests	2024-08-02T00:21:49.7724390Z --   unless at least one processor is specified by name (-processor), or a search
Base IT (5)	Run base tests	2024-08-02T00:21:49.7725756Z --   path is specified (--processor-path, --processor-module-path), or annotation
Base IT (5)	Run base tests	2024-08-02T00:21:49.7726951Z --   processing is enabled explicitly (-proc:only, -proc:full).
Base IT (5)	Run base tests	2024-08-02T00:21:49.7727926Z --   Use -Xlint:-options to suppress this message.
Base IT (5)	Run base tests	2024-08-02T00:21:49.7728835Z --   Use -proc:none to disable annotation processing.
Base IT (5)	Run base tests	2024-08-02T00:21:49.7731307Z -- [WARNING] /home/runner/work/keycloak/keycloak/testsuite/integration-arquillian/tests/base/src/main/java/org/keycloak/testsuite/updaters/ServerResourceUpdater.java:[89,20] unchecked cast
Base IT (5)	Run base tests	2024-08-02T00:21:49.7733532Z --   required: T
Base IT (5)	Run base tests	2024-08-02T00:21:49.7734480Z --   found:    org.keycloak.testsuite.updaters.ServerResourceUpdater<T,Res,Rep>
Base IT (5)	Run base tests	2024-08-02T00:21:49.7737223Z -- [WARNING] /home/runner/work/keycloak/keycloak/testsuite/integration-arquillian/tests/base/src/main/java/org/keycloak/testsuite/updaters/ServerResourceUpdater.java:[103,20] unchecked cast
Base IT (5)	Run base tests	2024-08-02T00:21:49.7739393Z --   required: T
Base IT (5)	Run base tests	2024-08-02T00:21:49.7740279Z --   found:    org.keycloak.testsuite.updaters.ServerResourceUpdater<T,Res,Rep>
Base IT (5)	Run base tests	2024-08-02T00:21:49.7743277Z -- [WARNING] /home/runner/work/keycloak/keycloak/testsuite/integration-arquillian/tests/base/src/main/java/org/keycloak/testsuite/updaters/ServerResourceUpdater.java:[140,52] unchecked conversion
Base IT (5)	Run base tests	2024-08-02T00:21:49.7745589Z --   required: java.util.Set<V>
Base IT (5)	Run base tests	2024-08-02T00:21:49.7746214Z --   found:    java.util.Set
Base IT (5)	Run base tests	2024-08-02T00:21:49.7748937Z -- [WARNING] /home/runner/work/keycloak/keycloak/testsuite/integration-arquillian/tests/base/src/main/java/org/keycloak/testsuite/updaters/ServerResourceUpdater.java:[141,51] unchecked conversion
Base IT (5)	Run base tests	2024-08-02T00:21:49.7751516Z --   required: java.util.Set<V>
Base IT (5)	Run base tests	2024-08-02T00:21:49.7752228Z --   found:    java.util.Set
Base IT (5)	Run base tests	2024-08-02T00:21:49.7755519Z -- [WARNING] /home/runner/work/keycloak/keycloak/testsuite/integration-arquillian/tests/base/src/main/java/org/keycloak/testsuite/page/AbstractPatternFlyAlert.java:[71,96] unchecked method invocation: method until in class org.openqa.selenium.support.ui.FluentWait is applied to given types
Base IT (5)	Run base tests	2024-08-02T00:21:49.7761903Z --   required: java.util.function.Function<? super T,V>
Base IT (5)	Run base tests	2024-08-02T00:21:49.7763345Z --   found:    org.openqa.selenium.support.ui.ExpectedCondition
Base IT (5)	Run base tests	2024-08-02T00:21:49.7765973Z -- [WARNING] /home/runner/work/keycloak/keycloak/testsuite/integration-arquillian/tests/base/src/main/java/org/keycloak/testsuite/page/AbstractPatternFlyAlert.java:[71,97] unchecked conversion
Base IT (5)	Run base tests	2024-08-02T00:21:49.7768399Z --   required: java.util.function.Function<? super T,V>
Base IT (5)	Run base tests	2024-08-02T00:21:49.7769400Z --   found:    org.openqa.selenium.support.ui.ExpectedCondition
Base IT (5)	Run base tests	2024-08-02T00:21:49.7772528Z -- [WARNING] /home/runner/work/keycloak/keycloak/testsuite/integration-arquillian/tests/base/src/main/java/org/keycloak/testsuite/arquillian/ModelTestExecutor.java:[51,33] TestResult() in org.jboss.arquillian.test.spi.TestResult has been deprecated
Base IT (5)	Run base tests	2024-08-02T00:21:49.7778057Z -- [WARNING] /home/runner/work/keycloak/keycloak/testsuite/integration-arquillian/tests/base/src/main/java/org/keycloak/testsuite/arquillian/ModelTestExecutor.java:[59,23] setStatus(org.jboss.arquillian.test.spi.TestResult.Status) in org.jboss.arquillian.test.spi.TestResult has been deprecated
Base IT (5)	Run base tests	2024-08-02T00:21:49.7784214Z -- [WARNING] /home/runner/work/keycloak/keycloak/testsuite/integration-arquillian/tests/base/src/main/java/org/keycloak/testsuite/arquillian/ModelTestExecutor.java:[61,23] setStatus(org.jboss.arquillian.test.spi.TestResult.Status) in org.jboss.arquillian.test.spi.TestResult has been deprecated
Base IT (5)	Run base tests	2024-08-02T00:21:49.7789203Z -- [WARNING] /home/runner/work/keycloak/keycloak/testsuite/integration-arquillian/tests/base/src/main/java/org/keycloak/testsuite/arquillian/ModelTestExecutor.java:[70,109] unchecked cast
Base IT (5)	Run base tests	2024-08-02T00:21:49.7792182Z --   required: org.jboss.arquillian.core.api.InstanceProducer<org.jboss.arquillian.test.spi.TestResult>
Base IT (5)	Run base tests	2024-08-02T00:21:49.7793491Z --   found:    java.lang.Object
Base IT (5)	Run base tests	2024-08-02T00:21:49.7795826Z -- [WARNING] /home/runner/work/keycloak/keycloak/testsuite/integration-arquillian/tests/base/src/main/java/org/keycloak/testsuite/util/javascript/XMLHttpRequest.java:[75,67] unchecked cast
Base IT (5)	Run base tests	2024-08-02T00:21:49.7798270Z --   required: java.util.Map<java.lang.String,java.lang.Object>
Base IT (5)	Run base tests	2024-08-02T00:21:49.7799121Z --   found:    java.lang.Object
Base IT (5)	Run base tests	2024-08-02T00:21:49.7802501Z -- [WARNING] /home/runner/work/keycloak/keycloak/testsuite/integration-arquillian/tests/base/src/main/java/org/keycloak/testsuite/util/javascript/JavascriptTestExecutor.java:[40,35] setScriptTimeout(long,java.util.concurrent.TimeUnit) in org.openqa.selenium.WebDriver.Timeouts has been deprecated
Base IT (5)	Run base tests	2024-08-02T00:21:49.7808442Z -- [WARNING] /home/runner/work/keycloak/keycloak/testsuite/integration-arquillian/tests/base/src/main/java/org/keycloak/testsuite/updaters/Creator.java:[63,16] unchecked call to Creator(java.lang.String,T,java.lang.Runnable) as a member of the raw type org.keycloak.testsuite.updaters.Creator
Base IT (5)	Run base tests	2024-08-02T00:21:49.7813043Z -- [WARNING] /home/runner/work/keycloak/keycloak/testsuite/integration-arquillian/tests/base/src/main/java/org/keycloak/testsuite/updaters/Creator.java:[63,16] unchecked conversion
Base IT (5)	Run base tests	2024-08-02T00:21:49.7815869Z --   required: org.keycloak.testsuite.updaters.Creator<org.keycloak.admin.client.resource.RealmResource>
Base IT (5)	Run base tests	2024-08-02T00:21:49.7817310Z --   found:    org.keycloak.testsuite.updaters.Creator
Base IT (5)	Run base tests	2024-08-02T00:21:49.7820778Z -- [WARNING] /home/runner/work/keycloak/keycloak/testsuite/integration-arquillian/tests/base/src/main/java/org/keycloak/testsuite/updaters/Creator.java:[72,20] unchecked call to Creator(java.lang.String,T,java.lang.Runnable) as a member of the raw type org.keycloak.testsuite.updaters.Creator
Base IT (5)	Run base tests	2024-08-02T00:21:49.7826212Z -- [WARNING] /home/runner/work/keycloak/keycloak/testsuite/integration-arquillian/tests/base/src/main/java/org/keycloak/testsuite/updaters/Creator.java:[72,20] unchecked conversion
Base IT (5)	Run base tests	2024-08-02T00:21:49.7828975Z --   required: org.keycloak.testsuite.updaters.Creator<org.keycloak.admin.client.resource.GroupResource>
Base IT (5)	Run base tests	2024-08-02T00:21:49.7830343Z --   found:    org.keycloak.testsuite.updaters.Creator
Base IT (5)	Run base tests	2024-08-02T00:21:49.7833752Z -- [WARNING] /home/runner/work/keycloak/keycloak/testsuite/integration-arquillian/tests/base/src/main/java/org/keycloak/testsuite/updaters/Creator.java:[82,20] unchecked call to Creator(java.lang.String,T,java.lang.Runnable) as a member of the raw type org.keycloak.testsuite.updaters.Creator
Base IT (5)	Run base tests	2024-08-02T00:21:49.7838328Z -- [WARNING] /home/runner/work/keycloak/keycloak/testsuite/integration-arquillian/tests/base/src/main/java/org/keycloak/testsuite/updaters/Creator.java:[82,20] unchecked conversion
Base IT (5)	Run base tests	2024-08-02T00:21:49.7841027Z --   required: org.keycloak.testsuite.updaters.Creator<org.keycloak.admin.client.resource.ClientResource>
Base IT (5)	Run base tests	2024-08-02T00:21:49.7842396Z --   found:    org.keycloak.testsuite.updaters.Creator
Base IT (5)	Run base tests	2024-08-02T00:21:49.7845772Z -- [WARNING] /home/runner/work/keycloak/keycloak/testsuite/integration-arquillian/tests/base/src/main/java/org/keycloak/testsuite/updaters/Creator.java:[92,20] unchecked call to Creator(java.lang.String,T,java.lang.Runnable) as a member of the raw type org.keycloak.testsuite.updaters.Creator
Base IT (5)	Run base tests	2024-08-02T00:21:49.7862572Z -- [WARNING] /home/runner/work/keycloak/keycloak/testsuite/integration-arquillian/tests/base/src/main/java/org/keycloak/testsuite/updaters/Creator.java:[92,20] unchecked conversion
Base IT (5)	Run base tests	2024-08-02T00:21:49.7865422Z --   required: org.keycloak.testsuite.updaters.Creator<org.keycloak.admin.client.resource.UserResource>
Base IT (5)	Run base tests	2024-08-02T00:21:49.7866944Z --   found:    org.keycloak.testsuite.updaters.Creator
Base IT (5)	Run base tests	2024-08-02T00:21:49.7870494Z -- [WARNING] /home/runner/work/keycloak/keycloak/testsuite/integration-arquillian/tests/base/src/main/java/org/keycloak/testsuite/updaters/Creator.java:[102,20] unchecked call to Creator(java.lang.String,T,java.lang.Runnable) as a member of the raw type org.keycloak.testsuite.updaters.Creator
Base IT (5)	Run base tests	2024-08-02T00:21:49.7875189Z -- [WARNING] /home/runner/work/keycloak/keycloak/testsuite/integration-arquillian/tests/base/src/main/java/org/keycloak/testsuite/updaters/Creator.java:[102,20] unchecked conversion
Base IT (5)	Run base tests	2024-08-02T00:21:49.7877984Z --   required: org.keycloak.testsuite.updaters.Creator<org.keycloak.admin.client.resource.ComponentResource>
Base IT (5)	Run base tests	2024-08-02T00:21:49.7879431Z --   found:    org.keycloak.testsuite.updaters.Creator
Base IT (5)	Run base tests	2024-08-02T00:21:49.7882865Z -- [WARNING] /home/runner/work/keycloak/keycloak/testsuite/integration-arquillian/tests/base/src/main/java/org/keycloak/testsuite/updaters/Creator.java:[122,20] unchecked call to Creator(java.lang.String,T,java.lang.Runnable) as a member of the raw type org.keycloak.testsuite.updaters.Creator
Base IT (5)	Run base tests	2024-08-02T00:21:49.7887520Z -- [WARNING] /home/runner/work/keycloak/keycloak/testsuite/integration-arquillian/tests/base/src/main/java/org/keycloak/testsuite/updaters/Creator.java:[122,20] unchecked conversion
Base IT (5)	Run base tests	2024-08-02T00:21:49.7890353Z --   required: org.keycloak.testsuite.updaters.Creator<org.keycloak.admin.client.resource.IdentityProviderResource>
Base IT (5)	Run base tests	2024-08-02T00:21:49.7891860Z --   found:    org.keycloak.testsuite.updaters.Creator
Base IT (5)	Run base tests	2024-08-02T00:21:49.7895293Z -- [WARNING] /home/runner/work/keycloak/keycloak/testsuite/integration-arquillian/tests/base/src/main/java/org/keycloak/testsuite/updaters/Creator.java:[134,20] unchecked call to Creator(java.lang.String,T,java.lang.Runnable) as a member of the raw type org.keycloak.testsuite.updaters.Creator
Base IT (5)	Run base tests	2024-08-02T00:21:49.7899901Z -- [WARNING] /home/runner/work/keycloak/keycloak/testsuite/integration-arquillian/tests/base/src/main/java/org/keycloak/testsuite/updaters/Creator.java:[134,20] unchecked conversion
Base IT (5)	Run base tests	2024-08-02T00:21:49.7903504Z --   required: org.keycloak.testsuite.updaters.Creator<org.keycloak.admin.client.resource.IdentityProviderResource>
Base IT (5)	Run base tests	2024-08-02T00:21:49.7905015Z --   found:    org.keycloak.testsuite.updaters.Creator
Base IT (5)	Run base tests	2024-08-02T00:21:49.7908308Z -- [WARNING] /home/runner/work/keycloak/keycloak/testsuite/integration-arquillian/tests/base/src/main/java/org/keycloak/testsuite/arquillian/containers/SecurityActions.java:[54,16] java.security.AccessController in java.security has been deprecated and marked for removal
Base IT (5)	Run base tests	2024-08-02T00:21:49.7913767Z -- [WARNING] /home/runner/work/keycloak/keycloak/testsuite/integration-arquillian/tests/base/src/main/java/org/keycloak/testsuite/arquillian/containers/SecurityActions.java:[148,20] java.security.AccessController in java.security has been deprecated and marked for removal
Base IT (5)	Run base tests	2024-08-02T00:21:49.7919334Z -- [WARNING] /home/runner/work/keycloak/keycloak/testsuite/integration-arquillian/tests/base/src/main/java/org/keycloak/testsuite/arquillian/containers/SecurityActions.java:[182,13] java.security.AccessController in java.security has been deprecated and marked for removal
Base IT (5)	Run base tests	2024-08-02T00:21:49.7924648Z -- [WARNING] /home/runner/work/keycloak/keycloak/testsuite/integration-arquillian/tests/base/src/main/java/org/keycloak/testsuite/arquillian/containers/SecurityActions.java:[221,39] isAccessible() in java.lang.reflect.AccessibleObject has been deprecated
Base IT (5)	Run base tests	2024-08-02T00:21:49.7929956Z -- [WARNING] /home/runner/work/keycloak/keycloak/testsuite/integration-arquillian/tests/base/src/main/java/org/keycloak/testsuite/arquillian/containers/SecurityActions.java:[213,48] java.security.AccessController in java.security has been deprecated and marked for removal
Base IT (5)	Run base tests	2024-08-02T00:21:49.7935205Z -- [WARNING] /home/runner/work/keycloak/keycloak/testsuite/integration-arquillian/tests/base/src/main/java/org/keycloak/testsuite/arquillian/containers/SecurityActions.java:[245,40] isAccessible() in java.lang.reflect.AccessibleObject has been deprecated
Base IT (5)	Run base tests	2024-08-02T00:21:49.7940517Z -- [WARNING] /home/runner/work/keycloak/keycloak/testsuite/integration-arquillian/tests/base/src/main/java/org/keycloak/testsuite/arquillian/containers/SecurityActions.java:[237,50] java.security.AccessController in java.security has been deprecated and marked for removal
Base IT (5)	Run base tests	2024-08-02T00:21:49.7984470Z -- [WARNING] /home/runner/work/keycloak/keycloak/testsuite/integration-arquillian/tests/base/src/main/java/org/keycloak/testsuite/arquillian/containers/SecurityActions.java:[261,28] java.security.AccessController in java.security has been deprecated and marked for removal
Base IT (5)	Run base tests	2024-08-02T00:21:49.7990181Z -- [WARNING] /home/runner/work/keycloak/keycloak/testsuite/integration-arquillian/tests/base/src/main/java/org/keycloak/testsuite/drone/KeycloakDronePostSetup.java:[89,35] implicitlyWait(long,java.util.concurrent.TimeUnit) in org.openqa.selenium.WebDriver.Timeouts has been deprecated
Base IT (5)	Run base tests	2024-08-02T00:21:49.7996022Z -- [WARNING] /home/runner/work/keycloak/keycloak/testsuite/integration-arquillian/tests/base/src/main/java/org/keycloak/testsuite/drone/KeycloakDronePostSetup.java:[90,35] pageLoadTimeout(long,java.util.concurrent.TimeUnit) in org.openqa.selenium.WebDriver.Timeouts has been deprecated
Base IT (5)	Run base tests	2024-08-02T00:21:49.8001982Z -- [WARNING] /home/runner/work/keycloak/keycloak/testsuite/integration-arquillian/tests/base/src/main/java/org/keycloak/testsuite/drone/KeycloakWebDriverConfigurator.java:[56,89] getBrowser() in org.jboss.arquillian.drone.webdriver.configuration.WebDriverConfiguration has been deprecated
Base IT (5)	Run base tests	2024-08-02T00:21:49.8007903Z -- [WARNING] /home/runner/work/keycloak/keycloak/testsuite/integration-arquillian/tests/base/src/main/java/org/keycloak/testsuite/drone/KeycloakWebDriverConfigurator.java:[67,26] getBrowser() in org.jboss.arquillian.drone.webdriver.configuration.WebDriverConfiguration has been deprecated
Base IT (5)	Run base tests	2024-08-02T00:21:49.8013696Z -- [WARNING] /home/runner/work/keycloak/keycloak/testsuite/integration-arquillian/tests/base/src/main/java/org/keycloak/testsuite/arquillian/CrossDCTestEnricher.java:[430,46] unchecked method invocation: method isAnnotationPresent in class java.lang.Class is applied to given types
Base IT (5)	Run base tests	2024-08-02T00:21:49.8017698Z --   required: java.lang.Class<? extends java.lang.annotation.Annotation>
Base IT (5)	Run base tests	2024-08-02T00:21:49.8018725Z --   found:    java.lang.Class
Base IT (5)	Run base tests	2024-08-02T00:21:49.8021131Z -- [WARNING] /home/runner/work/keycloak/keycloak/testsuite/integration-arquillian/tests/base/src/main/java/org/keycloak/testsuite/arquillian/CrossDCTestEnricher.java:[430,47] unchecked conversion
Base IT (5)	Run base tests	2024-08-02T00:21:49.8024100Z --   required: java.lang.Class<? extends java.lang.annotation.Annotation>
Base IT (5)	Run base tests	2024-08-02T00:21:49.8025064Z --   found:    java.lang.Class
Base IT (5)	Run base tests	2024-08-02T00:21:49.8028455Z -- [WARNING] /home/runner/work/keycloak/keycloak/testsuite/integration-arquillian/tests/base/src/main/java/org/keycloak/testsuite/arquillian/AuthServerTestEnricher.java:[320,33] WildcardFileFilter(java.lang.String) in org.apache.commons.io.filefilter.WildcardFileFilter has been deprecated
Base IT (5)	Run base tests	2024-08-02T00:21:49.8033424Z -- [WARNING] /home/runner/work/keycloak/keycloak/testsuite/integration-arquillian/tests/base/src/main/java/org/keycloak/testsuite/util/matchers/SamlStatusResponseTypeMatcher.java:[26,31] unchecked conversion
Base IT (5)	Run base tests	2024-08-02T00:21:49.8036281Z --   required: java.util.List<org.hamcrest.Matcher<java.net.URI>>
Base IT (5)	Run base tests	2024-08-02T00:21:49.8037184Z --   found:    java.util.ArrayList
Base IT (5)	Run base tests	2024-08-02T00:21:49.8040742Z -- [WARNING] /home/runner/work/keycloak/keycloak/testsuite/integration-arquillian/tests/base/src/main/java/org/keycloak/testsuite/arquillian/KeycloakArquillianExtension.java:[63,61] org.keycloak.testsuite.arquillian.DeploymentArchiveProcessor in org.keycloak.testsuite.arquillian has been deprecated
Base IT (5)	Run base tests	2024-08-02T00:21:49.8043968Z -- [INFO] 
Base IT (5)	Run base tests	2024-08-02T00:21:49.8044987Z -- [INFO] --- resources:3.0.1:copy-resources (example-realms) @ integration-arquillian-tests-base ---
Base IT (5)	Run base tests	2024-08-02T00:21:49.8046131Z -- [INFO] Skipping the execution.
Base IT (5)	Run base tests	2024-08-02T00:21:49.8046709Z -- [INFO] 
Base IT (5)	Run base tests	2024-08-02T00:21:49.8047728Z -- [INFO] --- dependency:3.1.2:unpack (unpack-undertow-server) @ integration-arquillian-tests-base ---
Base IT (5)	Run base tests	2024-08-02T00:21:50.2172467Z -- [INFO] Skipping plugin execution
Base IT (5)	Run base tests	2024-08-02T00:21:50.2173267Z -- [INFO] 
Base IT (5)	Run base tests	2024-08-02T00:21:50.2179052Z -- [INFO] --- dependency:3.1.2:unpack (unpack-quarkus-server) @ integration-arquillian-tests-base ---
Base IT (5)	Run base tests	2024-08-02T00:21:50.2181076Z -- [INFO] Configured Artifact: org.keycloak.testsuite:integration-arquillian-servers-auth-server-quarkus:999.0.0-SNAPSHOT:zip
Base IT (5)	Run base tests	2024-08-02T00:21:50.2365913Z -- [INFO] Unpacking /home/runner/.m2/repository/org/keycloak/testsuite/integration-arquillian-servers-auth-server-quarkus/999.0.0-SNAPSHOT/integration-arquillian-servers-auth-server-quarkus-999.0.0-SNAPSHOT.zip to /home/runner/work/keycloak/keycloak/testsuite/integration-arquillian/tests/base/target/containers with includes "" and excludes ""
Base IT (5)	Run base tests	2024-08-02T00:21:51.9479161Z -- [INFO] 
Base IT (5)	Run base tests	2024-08-02T00:21:51.9480833Z -- [INFO] --- dependency:3.1.2:unpack (unpack-app-server) @ integration-arquillian-tests-base ---
Base IT (5)	Run base tests	2024-08-02T00:21:51.9494170Z -- [INFO] Skipping plugin execution
Base IT (5)	Run base tests	2024-08-02T00:21:51.9495114Z -- [INFO] 
Base IT (5)	Run base tests	2024-08-02T00:21:51.9496562Z -- [INFO] --- dependency:3.1.2:unpack (unpack-client-cli-dist) @ integration-arquillian-tests-base ---
Base IT (5)	Run base tests	2024-08-02T00:21:51.9503838Z -- [INFO] Configured Artifact: org.keycloak:keycloak-client-cli-dist:999.0.0-SNAPSHOT:zip
Base IT (5)	Run base tests	2024-08-02T00:21:51.9558523Z -- [INFO] Unpacking /home/runner/.m2/repository/org/keycloak/keycloak-client-cli-dist/999.0.0-SNAPSHOT/keycloak-client-cli-dist-999.0.0-SNAPSHOT.zip to /home/runner/work/keycloak/keycloak/testsuite/integration-arquillian/tests/base/target/containers with includes "" and excludes ""
Base IT (5)	Run base tests	2024-08-02T00:21:52.1185222Z -- [INFO] 
Base IT (5)	Run base tests	2024-08-02T00:21:52.1187300Z -- [INFO] --- dependency:3.1.2:copy-dependencies (copy-testsuite-providers-to-base-testsuite) @ integration-arquillian-tests-base ---
Base IT (5)	Run base tests	2024-08-02T00:21:52.1283398Z -- [INFO] Copying integration-arquillian-testsuite-providers-999.0.0-SNAPSHOT.jar to /home/runner/work/keycloak/keycloak/testsuite/integration-arquillian/tests/base/target/lib/integration-arquillian-testsuite-providers-999.0.0-SNAPSHOT.jar
Base IT (5)	Run base tests	2024-08-02T00:21:52.1311552Z -- [INFO] 
Base IT (5)	Run base tests	2024-08-02T00:21:52.1313143Z -- [INFO] --- resources:3.0.1:testResources (default-testResources) @ integration-arquillian-tests-base ---
Base IT (5)	Run base tests	2024-08-02T00:21:52.1341378Z -- [INFO] Using 'UTF-8' encoding to copy filtered resources.
Base IT (5)	Run base tests	2024-08-02T00:21:52.1394339Z -- [INFO] Copying 42 resources
Base IT (5)	Run base tests	2024-08-02T00:21:52.4143083Z -- [INFO] Copying 240 resources
Base IT (5)	Run base tests	2024-08-02T00:21:52.4663013Z -- [INFO] 
Base IT (5)	Run base tests	2024-08-02T00:21:52.4665064Z -- [INFO] --- antrun:1.8:run (clean-second-cache-server-arquillian-bug-workaround) @ integration-arquillian-tests-base ---
Base IT (5)	Run base tests	2024-08-02T00:21:52.4896736Z -- [INFO] Skipping Antrun execution
Base IT (5)	Run base tests	2024-08-02T00:21:52.4897851Z -- [INFO] 
Base IT (5)	Run base tests	2024-08-02T00:21:52.4899460Z -- [INFO] --- compiler:3.8.1:testCompile (default-testCompile) @ integration-arquillian-tests-base ---
Base IT (5)	Run base tests	2024-08-02T00:21:52.5379944Z -- [INFO] Changes detected - recompiling the module!
Base IT (5)	Run base tests	2024-08-02T00:21:52.5435422Z -- [INFO] Compiling 790 source files to /home/runner/work/keycloak/keycloak/testsuite/integration-arquillian/tests/base/target/test-classes
Base IT (5)	Run base tests	2024-08-02T00:22:05.2559429Z -- An exception has occurred in the compiler (21.0.3). Please file a bug against the Java compiler via the Java bug reporting page (https://bugreport.java.com) after checking the Bug Database (https://bugs.java.com) for duplicates. Include your program, the following diagnostic, and the parameters passed to the Java compiler in your report. Thank you.
Base IT (5)	Run base tests	2024-08-02T00:22:05.2607719Z -- java.lang.AssertionError: Incorrect number of arguments; expected 1, found 0
Base IT (5)	Run base tests	2024-08-02T00:22:05.2609449Z -- 	at jdk.compiler/com.sun.tools.javac.util.Assert.error(Assert.java:162)
Base IT (5)	Run base tests	2024-08-02T00:22:05.2611340Z -- 	at jdk.compiler/com.sun.tools.javac.comp.TransTypes.visitApply(TransTypes.java:679)
Base IT (5)	Run base tests	2024-08-02T00:22:05.2613172Z -- 	at jdk.compiler/com.sun.tools.javac.tree.JCTree$JCMethodInvocation.accept(JCTree.java:1816)
Base IT (5)	Run base tests	2024-08-02T00:22:05.2615076Z -- 	at jdk.compiler/com.sun.tools.javac.tree.TreeTranslator.translate(TreeTranslator.java:58)
Base IT (5)	Run base tests	2024-08-02T00:22:05.2616843Z -- 	at jdk.compiler/com.sun.tools.javac.comp.TransTypes.translate(TransTypes.java:443)
Base IT (5)	Run base tests	2024-08-02T00:22:05.2618735Z -- 	at jdk.compiler/com.sun.tools.javac.comp.TransTypes.visitExec(TransTypes.java:630)
Base IT (5)	Run base tests	2024-08-02T00:22:05.2620776Z -- 	at jdk.compiler/com.sun.tools.javac.tree.JCTree$JCExpressionStatement.accept(JCTree.java:1603)
Base IT (5)	Run base tests	2024-08-02T00:22:05.2622838Z -- 	at jdk.compiler/com.sun.tools.javac.tree.TreeTranslator.translate(TreeTranslator.java:58)
Base IT (5)	Run base tests	2024-08-02T00:22:05.2624790Z -- 	at jdk.compiler/com.sun.tools.javac.tree.TreeTranslator.translate(TreeTranslator.java:70)
Base IT (5)	Run base tests	2024-08-02T00:22:05.2627341Z -- 	at jdk.compiler/com.sun.tools.javac.tree.TreeTranslator.visitBlock(TreeTranslator.java:167)
Base IT (5)	Run base tests	2024-08-02T00:22:05.2629067Z -- 	at jdk.compiler/com.sun.tools.javac.tree.JCTree$JCBlock.accept(JCTree.java:1092)
Base IT (5)	Run base tests	2024-08-02T00:22:05.2630754Z -- 	at jdk.compiler/com.sun.tools.javac.tree.TreeTranslator.translate(TreeTranslator.java:58)
Base IT (5)	Run base tests	2024-08-02T00:22:05.2632416Z -- 	at jdk.compiler/com.sun.tools.javac.comp.TransTypes.visitIf(TransTypes.java:625)
Base IT (5)	Run base tests	2024-08-02T00:22:05.2634150Z -- 	at jdk.compiler/com.sun.tools.javac.tree.JCTree$JCIf.accept(JCTree.java:1572)
Base IT (5)	Run base tests	2024-08-02T00:22:05.2635932Z -- 	at jdk.compiler/com.sun.tools.javac.tree.TreeTranslator.translate(TreeTranslator.java:58)
Base IT (5)	Run base tests	2024-08-02T00:22:05.2637746Z -- 	at jdk.compiler/com.sun.tools.javac.tree.TreeTranslator.translate(TreeTranslator.java:70)
Base IT (5)	Run base tests	2024-08-02T00:22:05.2639676Z -- 	at jdk.compiler/com.sun.tools.javac.tree.TreeTranslator.visitBlock(TreeTranslator.java:167)
Base IT (5)	Run base tests	2024-08-02T00:22:05.2643000Z -- 	at jdk.compiler/com.sun.tools.javac.tree.JCTree$JCBlock.accept(JCTree.java:1092)
Base IT (5)	Run base tests	2024-08-02T00:22:05.2644702Z -- 	at jdk.compiler/com.sun.tools.javac.tree.TreeTranslator.translate(TreeTranslator.java:58)
Base IT (5)	Run base tests	2024-08-02T00:22:05.2646375Z -- 	at jdk.compiler/com.sun.tools.javac.comp.TransTypes.translate(TransTypes.java:443)
Base IT (5)	Run base tests	2024-08-02T00:22:05.2705729Z -- 	at jdk.compiler/com.sun.tools.javac.comp.TransTypes.visitMethodDef(TransTypes.java:478)
Base IT (5)	Run base tests	2024-08-02T00:22:05.2707597Z -- 	at jdk.compiler/com.sun.tools.javac.tree.JCTree$JCMethodDecl.accept(JCTree.java:916)
Base IT (5)	Run base tests	2024-08-02T00:22:05.2709401Z -- 	at jdk.compiler/com.sun.tools.javac.tree.TreeTranslator.translate(TreeTranslator.java:58)
Base IT (5)	Run base tests	2024-08-02T00:22:05.2711437Z -- 	at jdk.compiler/com.sun.tools.javac.tree.TreeTranslator.translate(TreeTranslator.java:70)
Base IT (5)	Run base tests	2024-08-02T00:22:05.2716803Z -- 	at jdk.compiler/com.sun.tools.javac.tree.TreeTranslator.visitClassDef(TreeTranslator.java:139)
Base IT (5)	Run base tests	2024-08-02T00:22:05.2718896Z -- 	at jdk.compiler/com.sun.tools.javac.comp.TransTypes.translateClass(TransTypes.java:969)
Base IT (5)	Run base tests	2024-08-02T00:22:05.2723908Z -- 	at jdk.compiler/com.sun.tools.javac.comp.TransTypes.visitClassDef(TransTypes.java:464)
Base IT (5)	Run base tests	2024-08-02T00:22:05.2725786Z -- 	at jdk.compiler/com.sun.tools.javac.tree.JCTree$JCClassDecl.accept(JCTree.java:814)
Base IT (5)	Run base tests	2024-08-02T00:22:05.2731197Z -- 	at jdk.compiler/com.sun.tools.javac.tree.TreeTranslator.translate(TreeTranslator.java:58)
Base IT (5)	Run base tests	2024-08-02T00:22:05.2733090Z -- 	at jdk.compiler/com.sun.tools.javac.comp.TransTypes.translate(TransTypes.java:443)
Base IT (5)	Run base tests	2024-08-02T00:22:05.2739480Z -- 	at jdk.compiler/com.sun.tools.javac.comp.TransTypes.translateTopLevelClass(TransTypes.java:991)
Base IT (5)	Run base tests	2024-08-02T00:22:05.2741656Z -- 	at jdk.compiler/com.sun.tools.javac.main.JavaCompiler.desugar(JavaCompiler.java:1613)
Base IT (5)	Run base tests	2024-08-02T00:22:05.2748379Z -- 	at jdk.compiler/com.sun.tools.javac.main.JavaCompiler.desugar(JavaCompiler.java:1468)
Base IT (5)	Run base tests	2024-08-02T00:22:05.2750271Z -- 	at jdk.compiler/com.sun.tools.javac.main.JavaCompiler.compile(JavaCompiler.java:976)
Base IT (5)	Run base tests	2024-08-02T00:22:05.2752435Z -- 	at jdk.compiler/com.sun.tools.javac.api.JavacTaskImpl.lambda$doCall$0(JavacTaskImpl.java:104)
Base IT (5)	Run base tests	2024-08-02T00:22:05.2754526Z -- 	at jdk.compiler/com.sun.tools.javac.api.JavacTaskImpl.invocationHelper(JavacTaskImpl.java:152)
Base IT (5)	Run base tests	2024-08-02T00:22:05.2756425Z -- 	at jdk.compiler/com.sun.tools.javac.api.JavacTaskImpl.doCall(JavacTaskImpl.java:100)
Base IT (5)	Run base tests	2024-08-02T00:22:05.2758187Z -- 	at jdk.compiler/com.sun.tools.javac.api.JavacTaskImpl.call(JavacTaskImpl.java:94)
Base IT (5)	Run base tests	2024-08-02T00:22:05.2760254Z -- 	at org.codehaus.plexus.compiler.javac.JavaxToolsCompiler.compileInProcess(JavaxToolsCompiler.java:126)
Base IT (5)	Run base tests	2024-08-02T00:22:05.2762298Z -- 	at org.codehaus.plexus.compiler.javac.JavacCompiler.performCompile(JavacCompiler.java:174)
Base IT (5)	Run base tests	2024-08-02T00:22:05.2764275Z -- 	at org.apache.maven.plugin.compiler.AbstractCompilerMojo.execute(AbstractCompilerMojo.java:1134)
Base IT (5)	Run base tests	2024-08-02T00:22:05.2766222Z -- 	at org.apache.maven.plugin.compiler.TestCompilerMojo.execute(TestCompilerMojo.java:180)
Base IT (5)	Run base tests	2024-08-02T00:22:05.2768051Z -- 	at org.apache.maven.plugin.DefaultBuildPluginManager.executeMojo(DefaultBuildPluginManager.java:126)
Base IT (5)	Run base tests	2024-08-02T00:22:05.2769786Z -- 	at org.apache.maven.lifecycle.internal.MojoExecutor.doExecute2(MojoExecutor.java:328)
Base IT (5)	Run base tests	2024-08-02T00:22:05.2771357Z -- 	at org.apache.maven.lifecycle.internal.MojoExecutor.doExecute(MojoExecutor.java:316)
Base IT (5)	Run base tests	2024-08-02T00:22:05.2772911Z -- 	at org.apache.maven.lifecycle.internal.MojoExecutor.execute(MojoExecutor.java:212)
Base IT (5)	Run base tests	2024-08-02T00:22:05.2774428Z -- 	at org.apache.maven.lifecycle.internal.MojoExecutor.execute(MojoExecutor.java:174)
Base IT (5)	Run base tests	2024-08-02T00:22:05.2776045Z -- 	at org.apache.maven.lifecycle.internal.MojoExecutor.access$000(MojoExecutor.java:75)
Base IT (5)	Run base tests	2024-08-02T00:22:05.2777707Z -- 	at org.apache.maven.lifecycle.internal.MojoExecutor$1.run(MojoExecutor.java:162)
Base IT (5)	Run base tests	2024-08-02T00:22:05.2779662Z -- 	at org.apache.maven.buildcache.BuildCacheMojosExecutionStrategy.execute(BuildCacheMojosExecutionStrategy.java:145)
Base IT (5)	Run base tests	2024-08-02T00:22:05.2781882Z -- 	at org.apache.maven.lifecycle.internal.MojoExecutor.execute(MojoExecutor.java:159)
Base IT (5)	Run base tests	2024-08-02T00:22:05.2783868Z -- 	at org.apache.maven.lifecycle.internal.LifecycleModuleBuilder.buildProject(LifecycleModuleBuilder.java:105)
Base IT (5)	Run base tests	2024-08-02T00:22:05.2786018Z -- 	at org.apache.maven.lifecycle.internal.LifecycleModuleBuilder.buildProject(LifecycleModuleBuilder.java:73)
Base IT (5)	Run base tests	2024-08-02T00:22:05.2789009Z -- 	at org.apache.maven.lifecycle.internal.builder.singlethreaded.SingleThreadedBuilder.build(SingleThreadedBuilder.java:53)
Base IT (5)	Run base tests	2024-08-02T00:22:05.2791180Z -- 	at org.apache.maven.lifecycle.internal.LifecycleStarter.execute(LifecycleStarter.java:118)
Base IT (5)	Run base tests	2024-08-02T00:22:05.2792652Z -- 	at org.apache.maven.DefaultMaven.doExecute(DefaultMaven.java:261)
Base IT (5)	Run base tests	2024-08-02T00:22:05.2793919Z -- 	at org.apache.maven.DefaultMaven.doExecute(DefaultMaven.java:173)
Base IT (5)	Run base tests	2024-08-02T00:22:05.2795137Z -- 	at org.apache.maven.DefaultMaven.execute(DefaultMaven.java:101)
Base IT (5)	Run base tests	2024-08-02T00:22:05.2796290Z -- 	at org.apache.maven.cli.MavenCli.execute(MavenCli.java:903)
Base IT (5)	Run base tests	2024-08-02T00:22:05.2797362Z -- 	at org.apache.maven.cli.MavenCli.doMain(MavenCli.java:280)
Base IT (5)	Run base tests	2024-08-02T00:22:05.2798420Z -- 	at org.apache.maven.cli.MavenCli.main(MavenCli.java:203)
Base IT (5)	Run base tests	2024-08-02T00:22:05.2799960Z -- 	at java.base/jdk.internal.reflect.DirectMethodHandleAccessor.invoke(DirectMethodHandleAccessor.java:103)
Base IT (5)	Run base tests	2024-08-02T00:22:05.2801501Z -- 	at java.base/java.lang.reflect.Method.invoke(Method.java:580)
Base IT (5)	Run base tests	2024-08-02T00:22:05.2802898Z -- 	at org.codehaus.plexus.classworlds.launcher.Launcher.launchEnhanced(Launcher.java:255)
Base IT (5)	Run base tests	2024-08-02T00:22:05.2804492Z -- 	at org.codehaus.plexus.classworlds.launcher.Launcher.launch(Launcher.java:201)
Base IT (5)	Run base tests	2024-08-02T00:22:05.2806162Z -- 	at org.codehaus.plexus.classworlds.launcher.Launcher.mainWithExitCode(Launcher.java:361)
Base IT (5)	Run base tests	2024-08-02T00:22:05.2807768Z -- 	at org.codehaus.plexus.classworlds.launcher.Launcher.main(Launcher.java:314)
Base IT (5)	Run base tests	2024-08-02T00:22:05.2971486Z -- [INFO] Annotation processing is enabled because one or more processors were found
Base IT (5)	Run base tests	2024-08-02T00:22:05.2972902Z --   on the class path. A future release of javac may disable annotation processing
Base IT (5)	Run base tests	2024-08-02T00:22:05.3024429Z --   unless at least one processor is specified by name (-processor), or a search
Base IT (5)	Run base tests	2024-08-02T00:22:05.3026207Z --   path is specified (--processor-path, --processor-module-path), or annotation
Base IT (5)	Run base tests	2024-08-02T00:22:05.3027873Z --   processing is enabled explicitly (-proc:only, -proc:full).
Base IT (5)	Run base tests	2024-08-02T00:22:05.3029207Z --   Use -Xlint:-options to suppress this message.
Base IT (5)	Run base tests	2024-08-02T00:22:05.3030255Z --   Use -proc:none to disable annotation processing.
Base IT (5)	Run base tests	2024-08-02T00:22:05.3033518Z -- [INFO] /home/runner/work/keycloak/keycloak/testsuite/integration-arquillian/tests/base/src/test/java/org/keycloak/testsuite/organization/broker/OrganizationIdentityProviderTest.java: Some input files additionally use or override a deprecated API.
Base IT (5)	Run base tests	2024-08-02T00:22:05.3038649Z -- [INFO] /home/runner/work/keycloak/keycloak/testsuite/integration-arquillian/tests/base/src/test/java/org/keycloak/testsuite/admin/event/EventConfigTest.java: Some input files additionally use unchecked or unsafe operations.
Base IT (5)	Run base tests	2024-08-02T00:22:05.3041438Z -- [INFO] -------------------------------------------------------------
Base IT (5)	Run base tests	2024-08-02T00:22:05.3042266Z -- [WARNING] COMPILATION WARNING : 
Base IT (5)	Run base tests	2024-08-02T00:22:05.3043067Z -- [INFO] -------------------------------------------------------------
Base IT (5)	Run base tests	2024-08-02T00:22:05.3046357Z -- [WARNING] /home/runner/work/keycloak/keycloak/testsuite/integration-arquillian/tests/base/src/test/java/org/keycloak/testsuite/oid4vc/issuance/signing/JWTVCIssuerWellKnownProviderTest.java:[39,30] junit.framework.Assert in junit.framework has been deprecated
Base IT (5)	Run base tests	2024-08-02T00:22:05.3051848Z -- [WARNING] /home/runner/work/keycloak/keycloak/testsuite/integration-arquillian/tests/base/src/test/java/org/keycloak/testsuite/oid4vc/issuance/signing/JWTVCIssuerWellKnownProviderTest.java:[39,30] junit.framework.Assert in junit.framework has been deprecated
Base IT (5)	Run base tests	2024-08-02T00:22:05.3057392Z -- [WARNING] /home/runner/work/keycloak/keycloak/testsuite/integration-arquillian/tests/base/src/test/java/org/keycloak/testsuite/oid4vc/issuance/signing/JWTVCIssuerWellKnownProviderTest.java:[39,30] junit.framework.Assert in junit.framework has been deprecated
Base IT (5)	Run base tests	2024-08-02T00:22:05.3062187Z -- [WARNING] /home/runner/work/keycloak/keycloak/testsuite/integration-arquillian/tests/base/src/test/java/org/keycloak/testsuite/util/AssertAdminEvents.java:[221,97] unchecked cast
Base IT (5)	Run base tests	2024-08-02T00:22:05.3065218Z --   required: java.util.List<org.keycloak.representations.idm.RoleRepresentation>
Base IT (5)	Run base tests	2024-08-02T00:22:05.3066293Z --   found:    java.lang.Object
Base IT (5)	Run base tests	2024-08-02T00:22:05.3069408Z -- [WARNING] /home/runner/work/keycloak/keycloak/testsuite/integration-arquillian/tests/base/src/test/java/org/keycloak/testsuite/broker/BrokerRunOnServerUtil.java:[63,46] getIdentityProviderByAlias(java.lang.String) in org.keycloak.models.RealmModel has been deprecated
Base IT (5)	Run base tests	2024-08-02T00:22:05.3075027Z -- [WARNING] /home/runner/work/keycloak/keycloak/testsuite/integration-arquillian/tests/base/src/test/java/org/keycloak/testsuite/broker/BrokerRunOnServerUtil.java:[65,18] updateIdentityProvider(org.keycloak.models.IdentityProviderModel) in org.keycloak.models.RealmModel has been deprecated
Base IT (5)	Run base tests	2024-08-02T00:22:05.3080597Z -- [WARNING] /home/runner/work/keycloak/keycloak/testsuite/integration-arquillian/tests/base/src/test/java/org/keycloak/testsuite/broker/BrokerRunOnServerUtil.java:[73,46] getIdentityProviderByAlias(java.lang.String) in org.keycloak.models.RealmModel has been deprecated
Base IT (5)	Run base tests	2024-08-02T00:22:05.3086394Z -- [WARNING] /home/runner/work/keycloak/keycloak/testsuite/integration-arquillian/tests/base/src/test/java/org/keycloak/testsuite/broker/BrokerRunOnServerUtil.java:[75,18] updateIdentityProvider(org.keycloak.models.IdentityProviderModel) in org.keycloak.models.RealmModel has been deprecated
Base IT (5)	Run base tests	2024-08-02T00:22:05.3092183Z -- [WARNING] /home/runner/work/keycloak/keycloak/testsuite/integration-arquillian/tests/base/src/test/java/org/keycloak/testsuite/broker/BrokerRunOnServerUtil.java:[126,49] getIdentityProviderByAlias(java.lang.String) in org.keycloak.models.RealmModel has been deprecated
Base IT (5)	Run base tests	2024-08-02T00:22:05.3097987Z -- [WARNING] /home/runner/work/keycloak/keycloak/testsuite/integration-arquillian/tests/base/src/test/java/org/keycloak/testsuite/broker/BrokerRunOnServerUtil.java:[128,21] updateIdentityProvider(org.keycloak.models.IdentityProviderModel) in org.keycloak.models.RealmModel has been deprecated
Base IT (5)	Run base tests	2024-08-02T00:22:05.3104608Z -- [WARNING] /home/runner/work/keycloak/keycloak/testsuite/integration-arquillian/tests/base/src/test/java/org/keycloak/testsuite/broker/BrokerRunOnServerUtil.java:[168,49] getIdentityProviderByAlias(java.lang.String) in org.keycloak.models.RealmModel has been deprecated
Base IT (5)	Run base tests	2024-08-02T00:22:05.3112299Z -- [WARNING] /home/runner/work/keycloak/keycloak/testsuite/integration-arquillian/tests/base/src/test/java/org/keycloak/testsuite/broker/BrokerRunOnServerUtil.java:[170,21] updateIdentityProvider(org.keycloak.models.IdentityProviderModel) in org.keycloak.models.RealmModel has been deprecated
Base IT (5)	Run base tests	2024-08-02T00:22:05.3119038Z -- [WARNING] /home/runner/work/keycloak/keycloak/testsuite/integration-arquillian/tests/base/src/test/java/org/keycloak/testsuite/broker/BrokerRunOnServerUtil.java:[187,45] removeExpired(org.keycloak.models.RealmModel) in org.keycloak.sessions.AuthenticationSessionProvider has been deprecated
Base IT (5)	Run base tests	2024-08-02T00:22:05.3126981Z -- [WARNING] /home/runner/work/keycloak/keycloak/testsuite/integration-arquillian/tests/base/src/test/java/org/keycloak/testsuite/broker/AbstractAdvancedBrokerTest.java:[302,35] pageLoadTimeout(long,java.util.concurrent.TimeUnit) in org.openqa.selenium.WebDriver.Timeouts has been deprecated
Base IT (5)	Run base tests	2024-08-02T00:22:05.3133069Z -- [WARNING] /home/runner/work/keycloak/keycloak/testsuite/integration-arquillian/tests/base/src/test/java/org/keycloak/testsuite/client/ClientSecretRotationTest.java:[760,59] unchecked conversion
Base IT (5)	Run base tests	2024-08-02T00:22:05.3135601Z --   required: java.util.Map<java.lang.String,java.lang.String>
Base IT (5)	Run base tests	2024-08-02T00:22:05.3136457Z --   found:    java.util.Map
Base IT (5)	Run base tests	2024-08-02T00:22:05.3140504Z -- [WARNING] /home/runner/work/keycloak/keycloak/testsuite/integration-arquillian/tests/base/src/test/java/org/keycloak/testsuite/oidc/flows/AbstractOIDCResponseTypeTest.java:[92,73] getSessionState() in org.keycloak.representations.IDToken has been deprecated
Base IT (5)	Run base tests	2024-08-02T00:22:05.3146920Z -- [WARNING] /home/runner/work/keycloak/keycloak/testsuite/integration-arquillian/tests/base/src/test/java/org/keycloak/testsuite/oidc/flows/AbstractOIDCResponseTypeTest.java:[107,73] getSessionState() in org.keycloak.representations.IDToken has been deprecated
Base IT (5)	Run base tests	2024-08-02T00:22:05.3153977Z -- [WARNING] /home/runner/work/keycloak/keycloak/testsuite/integration-arquillian/tests/base/src/test/java/org/keycloak/testsuite/oidc/flows/AbstractOIDCResponseTypeTest.java:[251,69] getSessionState() in org.keycloak.representations.IDToken has been deprecated
Base IT (5)	Run base tests	2024-08-02T00:22:05.3161739Z -- [WARNING] /home/runner/work/keycloak/keycloak/testsuite/integration-arquillian/tests/base/src/test/java/org/keycloak/testsuite/client/policies/AbstractClientPoliciesTest.java:[573,42] org.apache.http.impl.client.DefaultHttpClient in org.apache.http.impl.client has been deprecated
Base IT (5)	Run base tests	2024-08-02T00:22:05.3167725Z -- [WARNING] /home/runner/work/keycloak/keycloak/testsuite/integration-arquillian/tests/base/src/test/java/org/keycloak/testsuite/client/policies/AbstractClientPoliciesTest.java:[695,59] unchecked conversion
Base IT (5)	Run base tests	2024-08-02T00:22:05.3171363Z --   required: java.util.Map<java.lang.String,java.lang.String>
Base IT (5)	Run base tests	2024-08-02T00:22:05.3172214Z --   found:    java.util.Map
Base IT (5)	Run base tests	2024-08-02T00:22:05.3175627Z -- [WARNING] /home/runner/work/keycloak/keycloak/testsuite/integration-arquillian/tests/base/src/test/java/org/keycloak/testsuite/client/policies/AbstractClientPoliciesTest.java:[753,55] unchecked conversion
Base IT (5)	Run base tests	2024-08-02T00:22:05.3178265Z --   required: java.util.Map<java.lang.String,java.lang.String>
Base IT (5)	Run base tests	2024-08-02T00:22:05.3180134Z --   found:    java.util.Map
Base IT (5)	Run base tests	2024-08-02T00:22:05.3182777Z -- [WARNING] /home/runner/work/keycloak/keycloak/testsuite/integration-arquillian/tests/base/src/test/java/org/keycloak/testsuite/client/policies/AbstractClientPoliciesTest.java:[1088,104] unchecked cast
Base IT (5)	Run base tests	2024-08-02T00:22:05.3186391Z --   required: java.util.Collection<java.lang.String>
Base IT (5)	Run base tests	2024-08-02T00:22:05.3187156Z --   found:    java.util.List
Base IT (5)	Run base tests	2024-08-02T00:22:05.3190232Z -- [WARNING] /home/runner/work/keycloak/keycloak/testsuite/integration-arquillian/tests/base/src/test/java/org/keycloak/testsuite/client/policies/AbstractClientPoliciesTest.java:[1514,38] getSessionState() in org.keycloak.representations.IDToken has been deprecated
Base IT (5)	Run base tests	2024-08-02T00:22:05.3195658Z -- [WARNING] /home/runner/work/keycloak/keycloak/testsuite/integration-arquillian/tests/base/src/test/java/org/keycloak/testsuite/client/policies/AbstractClientPoliciesTest.java:[1519,45] getSessionState() in org.keycloak.representations.IDToken has been deprecated
Base IT (5)	Run base tests	2024-08-02T00:22:05.3200971Z -- [WARNING] /home/runner/work/keycloak/keycloak/testsuite/integration-arquillian/tests/base/src/test/java/org/keycloak/testsuite/client/policies/AbstractClientPoliciesTest.java:[1528,47] getSessionState() in org.keycloak.representations.IDToken has been deprecated
Base IT (5)	Run base tests	2024-08-02T00:22:05.3206446Z -- [WARNING] /home/runner/work/keycloak/keycloak/testsuite/integration-arquillian/tests/base/src/test/java/org/keycloak/testsuite/client/policies/AbstractClientPoliciesTest.java:[1529,54] getSessionState() in org.keycloak.representations.IDToken has been deprecated
Base IT (5)	Run base tests	2024-08-02T00:22:05.3212684Z -- [WARNING] /home/runner/work/keycloak/keycloak/testsuite/integration-arquillian/tests/base/src/test/java/org/keycloak/testsuite/broker/SocialLoginTest.java:[243,14] getIdentityProvidersStream() in org.keycloak.models.RealmModel has been deprecated
Base IT (5)	Run base tests	2024-08-02T00:22:05.3216993Z -- [WARNING] /home/runner/work/keycloak/keycloak/testsuite/integration-arquillian/tests/base/src/test/java/org/keycloak/testsuite/saml/BrokerTest.java:[340,63] unchecked conversion
Base IT (5)	Run base tests	2024-08-02T00:22:05.3219627Z --   required: org.keycloak.saml.BaseSAML2BindingBuilder<org.keycloak.saml.BaseSAML2BindingBuilder>
Base IT (5)	Run base tests	2024-08-02T00:22:05.3221073Z --   found:    org.keycloak.saml.BaseSAML2BindingBuilder
Base IT (5)	Run base tests	2024-08-02T00:22:05.3224406Z -- [WARNING] /home/runner/work/keycloak/keycloak/testsuite/integration-arquillian/tests/base/src/test/java/org/keycloak/testsuite/oauth/OfflineTokenTest.java:[273,67] getSessionState() in org.keycloak.representations.IDToken has been deprecated
Base IT (5)	Run base tests	2024-08-02T00:22:05.3229804Z -- [WARNING] /home/runner/work/keycloak/keycloak/testsuite/integration-arquillian/tests/base/src/test/java/org/keycloak/testsuite/oauth/OfflineTokenTest.java:[347,31] getSessionState() in org.keycloak.representations.IDToken has been deprecated
Base IT (5)	Run base tests	2024-08-02T00:22:05.3234582Z -- [WARNING] /home/runner/work/keycloak/keycloak/testsuite/integration-arquillian/tests/base/src/test/java/org/keycloak/testsuite/oauth/OfflineTokenTest.java:[361,83] getSessionState() in org.keycloak.representations.IDToken has been deprecated
Base IT (5)	Run base tests	2024-08-02T00:22:05.3239318Z -- [WARNING] /home/runner/work/keycloak/keycloak/testsuite/integration-arquillian/tests/base/src/test/java/org/keycloak/testsuite/oauth/OfflineTokenTest.java:[364,83] getSessionState() in org.keycloak.representations.IDToken has been deprecated
Base IT (5)	Run base tests	2024-08-02T00:22:05.3244034Z -- [WARNING] /home/runner/work/keycloak/keycloak/testsuite/integration-arquillian/tests/base/src/test/java/org/keycloak/testsuite/oauth/OfflineTokenTest.java:[382,31] getSessionState() in org.keycloak.representations.IDToken has been deprecated
Base IT (5)	Run base tests	2024-08-02T00:22:05.3248783Z -- [WARNING] /home/runner/work/keycloak/keycloak/testsuite/integration-arquillian/tests/base/src/test/java/org/keycloak/testsuite/oauth/OfflineTokenTest.java:[396,112] getSessionState() in org.keycloak.representations.IDToken has been deprecated
Base IT (5)	Run base tests	2024-08-02T00:22:05.3253513Z -- [WARNING] /home/runner/work/keycloak/keycloak/testsuite/integration-arquillian/tests/base/src/test/java/org/keycloak/testsuite/oauth/OfflineTokenTest.java:[402,57] getSessionState() in org.keycloak.representations.IDToken has been deprecated
Base IT (5)	Run base tests	2024-08-02T00:22:05.3258213Z -- [WARNING] /home/runner/work/keycloak/keycloak/testsuite/integration-arquillian/tests/base/src/test/java/org/keycloak/testsuite/oauth/OfflineTokenTest.java:[412,66] getSessionState() in org.keycloak.representations.IDToken has been deprecated
Base IT (5)	Run base tests	2024-08-02T00:22:05.3263098Z -- [WARNING] /home/runner/work/keycloak/keycloak/testsuite/integration-arquillian/tests/base/src/test/java/org/keycloak/testsuite/oauth/OfflineTokenTest.java:[435,31] getSessionState() in org.keycloak.representations.IDToken has been deprecated
Base IT (5)	Run base tests	2024-08-02T00:22:05.3267827Z -- [WARNING] /home/runner/work/keycloak/keycloak/testsuite/integration-arquillian/tests/base/src/test/java/org/keycloak/testsuite/oauth/OfflineTokenTest.java:[445,83] getSessionState() in org.keycloak.representations.IDToken has been deprecated
Base IT (5)	Run base tests	2024-08-02T00:22:05.3272520Z -- [WARNING] /home/runner/work/keycloak/keycloak/testsuite/integration-arquillian/tests/base/src/test/java/org/keycloak/testsuite/oauth/OfflineTokenTest.java:[457,32] getSessionState() in org.keycloak.representations.IDToken has been deprecated
Base IT (5)	Run base tests	2024-08-02T00:22:05.3277203Z -- [WARNING] /home/runner/work/keycloak/keycloak/testsuite/integration-arquillian/tests/base/src/test/java/org/keycloak/testsuite/oauth/OfflineTokenTest.java:[465,83] getSessionState() in org.keycloak.representations.IDToken has been deprecated
Base IT (5)	Run base tests	2024-08-02T00:22:05.3281982Z -- [WARNING] /home/runner/work/keycloak/keycloak/testsuite/integration-arquillian/tests/base/src/test/java/org/keycloak/testsuite/oauth/OfflineTokenTest.java:[466,87] getSessionState() in org.keycloak.representations.IDToken has been deprecated
Base IT (5)	Run base tests	2024-08-02T00:22:05.3286736Z -- [WARNING] /home/runner/work/keycloak/keycloak/testsuite/integration-arquillian/tests/base/src/test/java/org/keycloak/testsuite/oauth/OfflineTokenTest.java:[561,31] getSessionState() in org.keycloak.representations.IDToken has been deprecated
Base IT (5)	Run base tests	2024-08-02T00:22:05.3291445Z -- [WARNING] /home/runner/work/keycloak/keycloak/testsuite/integration-arquillian/tests/base/src/test/java/org/keycloak/testsuite/oauth/OfflineTokenTest.java:[683,111] getSessionState() in org.keycloak.representations.IDToken has been deprecated
Base IT (5)	Run base tests	2024-08-02T00:22:05.3296160Z -- [WARNING] /home/runner/work/keycloak/keycloak/testsuite/integration-arquillian/tests/base/src/test/java/org/keycloak/testsuite/oauth/OfflineTokenTest.java:[711,55] getSessionState() in org.keycloak.representations.IDToken has been deprecated
Base IT (5)	Run base tests	2024-08-02T00:22:05.3326322Z -- [WARNING] /home/runner/work/keycloak/keycloak/testsuite/integration-arquillian/tests/base/src/test/java/org/keycloak/testsuite/oauth/OfflineTokenTest.java:[720,37] getSessionState() in org.keycloak.representations.IDToken has been deprecated
Base IT (5)	Run base tests	2024-08-02T00:22:05.3334432Z -- [WARNING] /home/runner/work/keycloak/keycloak/testsuite/integration-arquillian/tests/base/src/test/java/org/keycloak/testsuite/oauth/OfflineTokenTest.java:[720,70] getSessionState() in org.keycloak.representations.IDToken has been deprecated
Base IT (5)	Run base tests	2024-08-02T00:22:05.3339264Z -- [WARNING] /home/runner/work/keycloak/keycloak/testsuite/integration-arquillian/tests/base/src/test/java/org/keycloak/testsuite/oauth/OfflineTokenTest.java:[972,31] getSessionState() in org.keycloak.representations.IDToken has been deprecated
Base IT (5)	Run base tests	2024-08-02T00:22:05.3359396Z -- [WARNING] /home/runner/work/keycloak/keycloak/testsuite/integration-arquillian/tests/base/src/test/java/org/keycloak/testsuite/oauth/OfflineTokenTest.java:[982,83] getSessionState() in org.keycloak.representations.IDToken has been deprecated
Base IT (5)	Run base tests	2024-08-02T00:22:05.3364211Z -- [WARNING] /home/runner/work/keycloak/keycloak/testsuite/integration-arquillian/tests/base/src/test/java/org/keycloak/testsuite/oauth/OfflineTokenTest.java:[994,32] getSessionState() in org.keycloak.representations.IDToken has been deprecated
Base IT (5)	Run base tests	2024-08-02T00:22:05.3372433Z -- [WARNING] /home/runner/work/keycloak/keycloak/testsuite/integration-arquillian/tests/base/src/test/java/org/keycloak/testsuite/oauth/OfflineTokenTest.java:[1002,83] getSessionState() in org.keycloak.representations.IDToken has been deprecated
Base IT (5)	Run base tests	2024-08-02T00:22:05.3378790Z -- [WARNING] /home/runner/work/keycloak/keycloak/testsuite/integration-arquillian/tests/base/src/test/java/org/keycloak/testsuite/oauth/OfflineTokenTest.java:[1003,87] getSessionState() in org.keycloak.representations.IDToken has been deprecated
Base IT (5)	Run base tests	2024-08-02T00:22:05.3383699Z -- [WARNING] /home/runner/work/keycloak/keycloak/testsuite/integration-arquillian/tests/base/src/test/java/org/keycloak/testsuite/oauth/OfflineTokenTest.java:[1044,31] getSessionState() in org.keycloak.representations.IDToken has been deprecated
Base IT (5)	Run base tests	2024-08-02T00:22:05.3390577Z -- [WARNING] /home/runner/work/keycloak/keycloak/testsuite/integration-arquillian/tests/base/src/test/java/org/keycloak/testsuite/authz/admin/AbstractAuthorizationTest.java:[134,25] defaultRoles(java.lang.String...) in org.keycloak.testsuite.util.ClientBuilder has been deprecated
Base IT (5)	Run base tests	2024-08-02T00:22:05.3396332Z -- [WARNING] /home/runner/work/keycloak/keycloak/testsuite/integration-arquillian/tests/base/src/test/java/org/keycloak/testsuite/util/UserBuilder.java:[159,12] setTotp(java.lang.Boolean) in org.keycloak.representations.idm.UserRepresentation has been deprecated
Base IT (5)	Run base tests	2024-08-02T00:22:05.3401394Z -- [WARNING] /home/runner/work/keycloak/keycloak/testsuite/integration-arquillian/tests/base/src/test/java/org/keycloak/testsuite/util/UserBuilder.java:[176,12] setTotp(java.lang.Boolean) in org.keycloak.representations.idm.UserRepresentation has been deprecated
Base IT (5)	Run base tests	2024-08-02T00:22:05.3406781Z -- [WARNING] /home/runner/work/keycloak/keycloak/testsuite/integration-arquillian/tests/base/src/test/java/org/keycloak/testsuite/cluster/AbstractInvalidationClusterTest.java:[179,41] unchecked method invocation: method sort in class java.util.Collections is applied to given types
Base IT (5)	Run base tests	2024-08-02T00:22:05.3425202Z --   required: java.util.List<T>
Base IT (5)	Run base tests	2024-08-02T00:22:05.3425888Z --   found:    java.util.List
Base IT (5)	Run base tests	2024-08-02T00:22:05.3428755Z -- [WARNING] /home/runner/work/keycloak/keycloak/testsuite/integration-arquillian/tests/base/src/test/java/org/keycloak/testsuite/cluster/AbstractInvalidationClusterTest.java:[179,42] unchecked conversion
Base IT (5)	Run base tests	2024-08-02T00:22:05.3431220Z --   required: java.util.List<T>
Base IT (5)	Run base tests	2024-08-02T00:22:05.3431847Z --   found:    java.util.List
Base IT (5)	Run base tests	2024-08-02T00:22:05.3439719Z -- [WARNING] /home/runner/work/keycloak/keycloak/testsuite/integration-arquillian/tests/base/src/test/java/org/keycloak/testsuite/adapter/servlet/SAMLServletAdapterTest.java:[1822,69] getSameSiteLegacyName() in org.keycloak.cookie.CookieType has been deprecated
Base IT (5)	Run base tests	2024-08-02T00:22:05.3478905Z -- [WARNING] /home/runner/work/keycloak/keycloak/testsuite/integration-arquillian/tests/base/src/test/java/org/keycloak/testsuite/adapter/servlet/SAMLServletAdapterTest.java:[1824,72] getSameSiteLegacyName() in org.keycloak.cookie.CookieType has been deprecated
Base IT (5)	Run base tests	2024-08-02T00:22:05.3484153Z -- [WARNING] /home/runner/work/keycloak/keycloak/testsuite/integration-arquillian/tests/base/src/test/java/org/keycloak/testsuite/oidc/OIDCAdvancedRequestParamsTest.java:[406,39] getSessionState() in org.keycloak.representations.IDToken has been deprecated
Base IT (5)	Run base tests	2024-08-02T00:22:05.3489987Z -- [WARNING] /home/runner/work/keycloak/keycloak/testsuite/integration-arquillian/tests/base/src/test/java/org/keycloak/testsuite/oidc/OIDCAdvancedRequestParamsTest.java:[406,69] getSessionState() in org.keycloak.representations.IDToken has been deprecated
Base IT (5)	Run base tests	2024-08-02T00:22:05.3495849Z -- [WARNING] /home/runner/work/keycloak/keycloak/testsuite/integration-arquillian/tests/base/src/test/java/org/keycloak/testsuite/oidc/OIDCAdvancedRequestParamsTest.java:[1445,58] getKeysForUse(org.keycloak.jose.jwk.JSONWebKeySet,org.keycloak.jose.jwk.JWK.Use) in org.keycloak.util.JWKSUtils has been deprecated
Base IT (5)	Run base tests	2024-08-02T00:22:05.3513808Z -- [WARNING] /home/runner/work/keycloak/keycloak/testsuite/integration-arquillian/tests/base/src/test/java/org/keycloak/testsuite/oidc/OIDCAdvancedRequestParamsTest.java:[1532,58] getKeysForUse(org.keycloak.jose.jwk.JSONWebKeySet,org.keycloak.jose.jwk.JWK.Use) in org.keycloak.util.JWKSUtils has been deprecated
Base IT (5)	Run base tests	2024-08-02T00:22:05.3519539Z -- [WARNING] /home/runner/work/keycloak/keycloak/testsuite/integration-arquillian/tests/base/src/test/java/org/keycloak/testsuite/util/FlowUtil.java:[206,42] getIdentityProviderByAlias(java.lang.String) in org.keycloak.models.RealmModel has been deprecated
Base IT (5)	Run base tests	2024-08-02T00:22:05.3524843Z -- [WARNING] /home/runner/work/keycloak/keycloak/testsuite/integration-arquillian/tests/base/src/test/java/org/keycloak/testsuite/util/FlowUtil.java:[208,14] updateIdentityProvider(org.keycloak.models.IdentityProviderModel) in org.keycloak.models.RealmModel has been deprecated
Base IT (5)	Run base tests	2024-08-02T00:22:05.3530210Z -- [WARNING] /home/runner/work/keycloak/keycloak/testsuite/integration-arquillian/tests/base/src/test/java/org/keycloak/testsuite/authz/admin/GenericPolicyManagementTest.java:[147,25] unchecked call to ArrayList(java.util.Collection<? extends E>) as a member of the raw type java.util.ArrayList
Base IT (5)	Run base tests	2024-08-02T00:22:05.3536697Z -- [WARNING] /home/runner/work/keycloak/keycloak/testsuite/integration-arquillian/tests/base/src/test/java/org/keycloak/testsuite/adapter/AbstractAdapterClusteredTest.java:[102,23] ProxyHandler(io.undertow.server.handlers.proxy.ProxyClient,int,io.undertow.server.HttpHandler) in io.undertow.server.handlers.proxy.ProxyHandler has been deprecated
Base IT (5)	Run base tests	2024-08-02T00:22:05.3542949Z -- [WARNING] /home/runner/work/keycloak/keycloak/testsuite/integration-arquillian/tests/base/src/test/java/org/keycloak/testsuite/federation/storage/ClientStorageTest.java:[469,31] getSessionState() in org.keycloak.representations.IDToken has been deprecated
Base IT (5)	Run base tests	2024-08-02T00:22:05.3548126Z -- [WARNING] /home/runner/work/keycloak/keycloak/testsuite/integration-arquillian/tests/base/src/test/java/org/keycloak/testsuite/federation/storage/ClientStorageTest.java:[483,83] getSessionState() in org.keycloak.representations.IDToken has been deprecated
Base IT (5)	Run base tests	2024-08-02T00:22:05.3553213Z -- [WARNING] /home/runner/work/keycloak/keycloak/testsuite/integration-arquillian/tests/base/src/test/java/org/keycloak/testsuite/federation/storage/ClientStorageTest.java:[486,83] getSessionState() in org.keycloak.representations.IDToken has been deprecated
Base IT (5)	Run base tests	2024-08-02T00:22:05.3558365Z -- [WARNING] /home/runner/work/keycloak/keycloak/testsuite/integration-arquillian/tests/base/src/test/java/org/keycloak/testsuite/federation/storage/ClientStorageTest.java:[516,111] getSessionState() in org.keycloak.representations.IDToken has been deprecated
Base IT (5)	Run base tests	2024-08-02T00:22:05.3563867Z -- [WARNING] /home/runner/work/keycloak/keycloak/testsuite/integration-arquillian/tests/base/src/test/java/org/keycloak/testsuite/federation/storage/ClientStorageTest.java:[519,65] getSessionState() in org.keycloak.representations.IDToken has been deprecated
Base IT (5)	Run base tests	2024-08-02T00:22:05.3569050Z -- [WARNING] /home/runner/work/keycloak/keycloak/testsuite/integration-arquillian/tests/base/src/test/java/org/keycloak/testsuite/composites/CompositeRoleTest.java:[119,17] defaultRoles(java.lang.String...) in org.keycloak.testsuite.util.ClientBuilder has been deprecated
Base IT (5)	Run base tests	2024-08-02T00:22:05.3574372Z -- [WARNING] /home/runner/work/keycloak/keycloak/testsuite/integration-arquillian/tests/base/src/test/java/org/keycloak/testsuite/composites/CompositeRoleTest.java:[139,17] defaultRoles(java.lang.String...) in org.keycloak.testsuite.util.ClientBuilder has been deprecated
Base IT (5)	Run base tests	2024-08-02T00:22:05.3580121Z -- [WARNING] /home/runner/work/keycloak/keycloak/testsuite/integration-arquillian/tests/base/src/test/java/org/keycloak/testsuite/forms/LevelOfAssuranceFlowTest.java:[666,91] STORE_IN_USER_SESSION in org.keycloak.authentication.authenticators.conditional.ConditionalLoaAuthenticator has been deprecated
Base IT (5)	Run base tests	2024-08-02T00:22:05.3586448Z -- [WARNING] /home/runner/work/keycloak/keycloak/testsuite/integration-arquillian/tests/base/src/test/java/org/keycloak/testsuite/forms/LevelOfAssuranceFlowTest.java:[678,91] STORE_IN_USER_SESSION in org.keycloak.authentication.authenticators.conditional.ConditionalLoaAuthenticator has been deprecated
Base IT (5)	Run base tests	2024-08-02T00:22:05.3596420Z -- [WARNING] /home/runner/work/keycloak/keycloak/testsuite/integration-arquillian/tests/base/src/test/java/org/keycloak/testsuite/forms/LevelOfAssuranceFlowTest.java:[690,91] STORE_IN_USER_SESSION in org.keycloak.authentication.authenticators.conditional.ConditionalLoaAuthenticator has been deprecated
Base IT (5)	Run base tests	2024-08-02T00:22:05.3602382Z -- [WARNING] /home/runner/work/keycloak/keycloak/testsuite/integration-arquillian/tests/base/src/test/java/org/keycloak/testsuite/cluster/AuthenticationSessionFailoverClusterTest.java:[117,90] getSameSiteLegacyName() in org.keycloak.cookie.CookieType has been deprecated
Base IT (5)	Run base tests	2024-08-02T00:22:05.3607868Z -- [WARNING] /home/runner/work/keycloak/keycloak/testsuite/integration-arquillian/tests/base/src/test/java/org/keycloak/testsuite/federation/kerberos/AbstractKerberosTest.java:[224,16] unchecked call to put(K,V) as a member of the raw type java.util.Hashtable
Base IT (5)	Run base tests	2024-08-02T00:22:05.3613148Z -- [WARNING] /home/runner/work/keycloak/keycloak/testsuite/integration-arquillian/tests/base/src/test/java/org/keycloak/testsuite/federation/kerberos/AbstractKerberosTest.java:[225,16] unchecked call to put(K,V) as a member of the raw type java.util.Hashtable
Base IT (5)	Run base tests	2024-08-02T00:22:05.3618399Z -- [WARNING] /home/runner/work/keycloak/keycloak/testsuite/integration-arquillian/tests/base/src/test/java/org/keycloak/testsuite/federation/kerberos/AbstractKerberosTest.java:[228,20] unchecked call to put(K,V) as a member of the raw type java.util.Hashtable
Base IT (5)	Run base tests	2024-08-02T00:22:05.3623865Z -- [WARNING] /home/runner/work/keycloak/keycloak/testsuite/integration-arquillian/tests/base/src/test/java/org/keycloak/testsuite/federation/kerberos/AbstractKerberosTest.java:[229,20] unchecked call to put(K,V) as a member of the raw type java.util.Hashtable
Base IT (5)	Run base tests	2024-08-02T00:22:05.3629175Z -- [WARNING] /home/runner/work/keycloak/keycloak/testsuite/integration-arquillian/tests/base/src/test/java/org/keycloak/testsuite/broker/KcOidcBrokerTransientSessionsTest.java:[632,71] getSessionState() in org.keycloak.representations.IDToken has been deprecated
Base IT (5)	Run base tests	2024-08-02T00:22:05.3634416Z -- [WARNING] /home/runner/work/keycloak/keycloak/testsuite/integration-arquillian/tests/base/src/test/java/org/keycloak/testsuite/oauth/AbstractClientAuthSignedJWTTest.java:[348,41] getSessionState() in org.keycloak.representations.IDToken has been deprecated
Base IT (5)	Run base tests	2024-08-02T00:22:05.3639599Z -- [WARNING] /home/runner/work/keycloak/keycloak/testsuite/integration-arquillian/tests/base/src/test/java/org/keycloak/testsuite/oauth/AbstractClientAuthSignedJWTTest.java:[416,37] getSessionState() in org.keycloak.representations.IDToken has been deprecated
Base IT (5)	Run base tests	2024-08-02T00:22:05.3645296Z -- [WARNING] /home/runner/work/keycloak/keycloak/testsuite/integration-arquillian/tests/base/src/test/java/org/keycloak/testsuite/oauth/AbstractClientAuthSignedJWTTest.java:[576,37] getSessionState() in org.keycloak.representations.IDToken has been deprecated
Base IT (5)	Run base tests	2024-08-02T00:22:05.3650789Z -- [WARNING] /home/runner/work/keycloak/keycloak/testsuite/integration-arquillian/tests/base/src/test/java/org/keycloak/testsuite/oauth/AbstractClientAuthSignedJWTTest.java:[713,42] org.apache.http.impl.client.DefaultHttpClient in org.apache.http.impl.client has been deprecated
Base IT (5)	Run base tests	2024-08-02T00:22:05.3654429Z -- [WARNING] /home/runner/work/keycloak/keycloak/testsuite/integration-arquillian/tests/base/src/test/java/org/keycloak/testsuite/admin/PermissionsTest.java:[381,35] testLDAPConnection(java.lang.String,java.lang.String,java.lang.String,java.lang.String,java.lang.String,java.lang.String) in org.keycloak.admin.client.resource.RealmResource has been deprecated
Base IT (5)	Run base tests	2024-08-02T00:22:05.3658038Z -- [WARNING] /home/runner/work/keycloak/keycloak/testsuite/integration-arquillian/tests/base/src/test/java/org/keycloak/testsuite/admin/PermissionsTest.java:[668,83] unchecked method invocation: method createMapper in interface org.keycloak.admin.client.resource.ProtocolMappersResource is applied to given types
Base IT (5)	Run base tests	2024-08-02T00:22:05.3660094Z --   required: java.util.List<org.keycloak.representations.idm.ProtocolMapperRepresentation>
Base IT (5)	Run base tests	2024-08-02T00:22:05.3660735Z --   found:    java.util.List
Base IT (5)	Run base tests	2024-08-02T00:22:05.3663061Z -- [WARNING] /home/runner/work/keycloak/keycloak/testsuite/integration-arquillian/tests/base/src/test/java/org/keycloak/testsuite/admin/PermissionsTest.java:[668,95] unchecked conversion
Base IT (5)	Run base tests	2024-08-02T00:22:05.3665263Z --   required: java.util.List<org.keycloak.representations.idm.ProtocolMapperRepresentation>
Base IT (5)	Run base tests	2024-08-02T00:22:05.3665912Z --   found:    java.util.List
Base IT (5)	Run base tests	2024-08-02T00:22:05.3667824Z -- [WARNING] /home/runner/work/keycloak/keycloak/testsuite/integration-arquillian/tests/base/src/test/java/org/keycloak/testsuite/admin/PermissionsTest.java:[1814,64] getRealmLocalizationTexts(java.lang.String,java.lang.Boolean) in org.keycloak.admin.client.resource.RealmLocalizationResource has been deprecated
Base IT (5)	Run base tests	2024-08-02T00:22:05.3670907Z -- [WARNING] /home/runner/work/keycloak/keycloak/testsuite/integration-arquillian/tests/base/src/test/java/org/keycloak/testsuite/oidc/AuthenticationMethodReferenceTest.java:[481,43] getSessionState() in org.keycloak.representations.IDToken has been deprecated
Base IT (5)	Run base tests	2024-08-02T00:22:05.3673416Z -- [WARNING] /home/runner/work/keycloak/keycloak/testsuite/integration-arquillian/tests/base/src/test/java/org/keycloak/testsuite/oidc/AuthenticationMethodReferenceTest.java:[528,69] unchecked cast
Base IT (5)	Run base tests	2024-08-02T00:22:05.3674722Z --   required: java.util.List<java.lang.String>
Base IT (5)	Run base tests	2024-08-02T00:22:05.3675124Z --   found:    java.lang.Object
Base IT (5)	Run base tests	2024-08-02T00:22:05.3676745Z -- [WARNING] /home/runner/work/keycloak/keycloak/testsuite/integration-arquillian/tests/base/src/test/java/org/keycloak/testsuite/admin/concurrency/ConcurrentLoginTest.java:[443,40] getSessionState() in org.keycloak.representations.IDToken has been deprecated
Base IT (5)	Run base tests	2024-08-02T00:22:05.3679333Z -- [WARNING] /home/runner/work/keycloak/keycloak/testsuite/integration-arquillian/tests/base/src/test/java/org/keycloak/testsuite/crossdc/AbstractAdminCrossDCTest.java:[97,50] unchecked cast
Base IT (5)	Run base tests	2024-08-02T00:22:05.3681666Z --   required: T
Base IT (5)	Run base tests	2024-08-02T00:22:05.3682156Z --   found:    java.lang.Comparable
Base IT (5)	Run base tests	2024-08-02T00:22:05.3684456Z -- [WARNING] /home/runner/work/keycloak/keycloak/testsuite/integration-arquillian/tests/base/src/test/java/org/keycloak/testsuite/crossdc/AbstractAdminCrossDCTest.java:[101,54] unchecked cast
Base IT (5)	Run base tests	2024-08-02T00:22:05.3686648Z --   required: T
Base IT (5)	Run base tests	2024-08-02T00:22:05.3687122Z --   found:    java.lang.Comparable
Base IT (5)	Run base tests	2024-08-02T00:22:05.3690319Z -- [WARNING] /home/runner/work/keycloak/keycloak/testsuite/integration-arquillian/tests/base/src/test/java/org/keycloak/testsuite/authz/admin/AbstractPolicyManagementTest.java:[74,25] defaultRoles(java.lang.String...) in org.keycloak.testsuite.util.ClientBuilder has been deprecated
Base IT (5)	Run base tests	2024-08-02T00:22:05.3696138Z -- [WARNING] /home/runner/work/keycloak/keycloak/testsuite/integration-arquillian/tests/base/src/test/java/org/keycloak/testsuite/crossdc/SessionExpirationCrossDCTest.java:[577,80] getSessionState() in org.keycloak.representations.IDToken has been deprecated
Base IT (5)	Run base tests	2024-08-02T00:22:05.3700036Z -- [WARNING] /home/runner/work/keycloak/keycloak/testsuite/integration-arquillian/tests/base/src/test/java/org/keycloak/testsuite/crossdc/SessionExpirationCrossDCTest.java:[607,80] getSessionState() in org.keycloak.representations.IDToken has been deprecated
Base IT (5)	Run base tests	2024-08-02T00:22:05.3704420Z -- [WARNING] /home/runner/work/keycloak/keycloak/testsuite/integration-arquillian/tests/base/src/test/java/org/keycloak/testsuite/organization/admin/OrganizationInvitationLinkTest.java:[220,35] pageLoadTimeout(long,java.util.concurrent.TimeUnit) in org.openqa.selenium.WebDriver.Timeouts has been deprecated
Base IT (5)	Run base tests	2024-08-02T00:22:05.3706939Z -- [INFO] 100 warnings 
Base IT (5)	Run base tests	2024-08-02T00:22:05.3707646Z -- [INFO] -------------------------------------------------------------
Base IT (5)	Run base tests	2024-08-02T00:22:05.3708523Z -- [INFO] ------------------------------------------------------------------------
Base IT (5)	Run base tests	2024-08-02T00:22:05.3709182Z -- [INFO] BUILD FAILURE
Base IT (5)	Run base tests	2024-08-02T00:22:05.3709604Z -- [INFO] ------------------------------------------------------------------------
Base IT (5)	Run base tests	2024-08-02T00:22:05.3710074Z -- [INFO] Total time:  28.390 s
Base IT (5)	Run base tests	2024-08-02T00:22:05.3710446Z -- [INFO] Finished at: 2024-08-02T00:22:05Z
Base IT (5)	Run base tests	2024-08-02T00:22:05.3710941Z -- [INFO] ------------------------------------------------------------------------
Base IT (5)	Run base tests	2024-08-02T00:22:05.3712249Z -- [ERROR] Failed to execute goal org.apache.maven.plugins:maven-compiler-plugin:3.8.1:testCompile (default-testCompile) on project integration-arquillian-tests-base: Compilation failure: Compilation failure: 
Base IT (5)	Run base tests	2024-08-02T00:22:05.3714693Z -- [ERROR] /home/runner/work/keycloak/keycloak/testsuite/integration-arquillian/tests/base/src/test/java/org/keycloak/testsuite/oid4vc/issuance/signing/JWTVCIssuerWellKnownProviderTest.java:[39,30] junit.framework.Assert in junit.framework has been deprecated
Base IT (5)	Run base tests	2024-08-02T00:22:05.3717580Z -- [ERROR] /home/runner/work/keycloak/keycloak/testsuite/integration-arquillian/tests/base/src/test/java/org/keycloak/testsuite/oid4vc/issuance/signing/JWTVCIssuerWellKnownProviderTest.java:[39,30] junit.framework.Assert in junit.framework has been deprecated
Base IT (5)	Run base tests	2024-08-02T00:22:05.3720454Z -- [ERROR] /home/runner/work/keycloak/keycloak/testsuite/integration-arquillian/tests/base/src/test/java/org/keycloak/testsuite/oid4vc/issuance/signing/JWTVCIssuerWellKnownProviderTest.java:[39,30] junit.framework.Assert in junit.framework has been deprecated
Base IT (5)	Run base tests	2024-08-02T00:22:05.3722870Z -- [ERROR] /home/runner/work/keycloak/keycloak/testsuite/integration-arquillian/tests/base/src/test/java/org/keycloak/testsuite/util/AssertAdminEvents.java:[221,97] unchecked cast
Base IT (5)	Run base tests	2024-08-02T00:22:05.3724269Z -- [ERROR]   required: java.util.List<org.keycloak.representations.idm.RoleRepresentation>
Base IT (5)	Run base tests	2024-08-02T00:22:05.3724891Z -- [ERROR]   found:    java.lang.Object
Base IT (5)	Run base tests	2024-08-02T00:22:05.3726642Z -- [ERROR] /home/runner/work/keycloak/keycloak/testsuite/integration-arquillian/tests/base/src/test/java/org/keycloak/testsuite/broker/BrokerRunOnServerUtil.java:[63,46] getIdentityProviderByAlias(java.lang.String) in org.keycloak.models.RealmModel has been deprecated
Base IT (5)	Run base tests	2024-08-02T00:22:05.3730371Z -- [ERROR] /home/runner/work/keycloak/keycloak/testsuite/integration-arquillian/tests/base/src/test/java/org/keycloak/testsuite/broker/BrokerRunOnServerUtil.java:[65,18] updateIdentityProvider(org.keycloak.models.IdentityProviderModel) in org.keycloak.models.RealmModel has been deprecated
Base IT (5)	Run base tests	2024-08-02T00:22:05.3733497Z -- [ERROR] /home/runner/work/keycloak/keycloak/testsuite/integration-arquillian/tests/base/src/test/java/org/keycloak/testsuite/broker/BrokerRunOnServerUtil.java:[73,46] getIdentityProviderByAlias(java.lang.String) in org.keycloak.models.RealmModel has been deprecated
Base IT (5)	Run base tests	2024-08-02T00:22:05.3736822Z -- [ERROR] /home/runner/work/keycloak/keycloak/testsuite/integration-arquillian/tests/base/src/test/java/org/keycloak/testsuite/broker/BrokerRunOnServerUtil.java:[75,18] updateIdentityProvider(org.keycloak.models.IdentityProviderModel) in org.keycloak.models.RealmModel has been deprecated
Base IT (5)	Run base tests	2024-08-02T00:22:05.3740158Z -- [ERROR] /home/runner/work/keycloak/keycloak/testsuite/integration-arquillian/tests/base/src/test/java/org/keycloak/testsuite/broker/BrokerRunOnServerUtil.java:[126,49] getIdentityProviderByAlias(java.lang.String) in org.keycloak.models.RealmModel has been deprecated
Base IT (5)	Run base tests	2024-08-02T00:22:05.3744521Z -- [ERROR] /home/runner/work/keycloak/keycloak/testsuite/integration-arquillian/tests/base/src/test/java/org/keycloak/testsuite/broker/BrokerRunOnServerUtil.java:[128,21] updateIdentityProvider(org.keycloak.models.IdentityProviderModel) in org.keycloak.models.RealmModel has been deprecated
Base IT (5)	Run base tests	2024-08-02T00:22:05.3747504Z -- [ERROR] /home/runner/work/keycloak/keycloak/testsuite/integration-arquillian/tests/base/src/test/java/org/keycloak/testsuite/broker/BrokerRunOnServerUtil.java:[168,49] getIdentityProviderByAlias(java.lang.String) in org.keycloak.models.RealmModel has been deprecated
Base IT (5)	Run base tests	2024-08-02T00:22:05.3750458Z -- [ERROR] /home/runner/work/keycloak/keycloak/testsuite/integration-arquillian/tests/base/src/test/java/org/keycloak/testsuite/broker/BrokerRunOnServerUtil.java:[170,21] updateIdentityProvider(org.keycloak.models.IdentityProviderModel) in org.keycloak.models.RealmModel has been deprecated
Base IT (5)	Run base tests	2024-08-02T00:22:05.3755592Z -- [ERROR] /home/runner/work/keycloak/keycloak/testsuite/integration-arquillian/tests/base/src/test/java/org/keycloak/testsuite/broker/BrokerRunOnServerUtil.java:[187,45] removeExpired(org.keycloak.models.RealmModel) in org.keycloak.sessions.AuthenticationSessionProvider has been deprecated
Base IT (5)	Run base tests	2024-08-02T00:22:05.3758738Z -- [ERROR] /home/runner/work/keycloak/keycloak/testsuite/integration-arquillian/tests/base/src/test/java/org/keycloak/testsuite/broker/AbstractAdvancedBrokerTest.java:[302,35] pageLoadTimeout(long,java.util.concurrent.TimeUnit) in org.openqa.selenium.WebDriver.Timeouts has been deprecated
Base IT (5)	Run base tests	2024-08-02T00:22:05.3761362Z -- [ERROR] /home/runner/work/keycloak/keycloak/testsuite/integration-arquillian/tests/base/src/test/java/org/keycloak/testsuite/client/ClientSecretRotationTest.java:[760,59] unchecked conversion
Base IT (5)	Run base tests	2024-08-02T00:22:05.3762742Z -- [ERROR]   required: java.util.Map<java.lang.String,java.lang.String>
Base IT (5)	Run base tests	2024-08-02T00:22:05.3763254Z -- [ERROR]   found:    java.util.Map
Base IT (5)	Run base tests	2024-08-02T00:22:05.3764894Z -- [ERROR] /home/runner/work/keycloak/keycloak/testsuite/integration-arquillian/tests/base/src/test/java/org/keycloak/testsuite/oidc/flows/AbstractOIDCResponseTypeTest.java:[92,73] getSessionState() in org.keycloak.representations.IDToken has been deprecated
Base IT (5)	Run base tests	2024-08-02T00:22:05.3769587Z -- [ERROR] /home/runner/work/keycloak/keycloak/testsuite/integration-arquillian/tests/base/src/test/java/org/keycloak/testsuite/oidc/flows/AbstractOIDCResponseTypeTest.java:[107,73] getSessionState() in org.keycloak.representations.IDToken has been deprecated
Base IT (5)	Run base tests	2024-08-02T00:22:05.3772483Z -- [ERROR] /home/runner/work/keycloak/keycloak/testsuite/integration-arquillian/tests/base/src/test/java/org/keycloak/testsuite/oidc/flows/AbstractOIDCResponseTypeTest.java:[251,69] getSessionState() in org.keycloak.representations.IDToken has been deprecated
Base IT (5)	Run base tests	2024-08-02T00:22:05.3775425Z -- [ERROR] /home/runner/work/keycloak/keycloak/testsuite/integration-arquillian/tests/base/src/test/java/org/keycloak/testsuite/client/policies/AbstractClientPoliciesTest.java:[573,42] org.apache.http.impl.client.DefaultHttpClient in org.apache.http.impl.client has been deprecated
Base IT (5)	Run base tests	2024-08-02T00:22:05.3778073Z -- [ERROR] /home/runner/work/keycloak/keycloak/testsuite/integration-arquillian/tests/base/src/test/java/org/keycloak/testsuite/client/policies/AbstractClientPoliciesTest.java:[695,59] unchecked conversion
Base IT (5)	Run base tests	2024-08-02T00:22:05.3779840Z -- [ERROR]   required: java.util.Map<java.lang.String,java.lang.String>
Base IT (5)	Run base tests	2024-08-02T00:22:05.3780355Z -- [ERROR]   found:    java.util.Map
Base IT (5)	Run base tests	2024-08-02T00:22:05.3782012Z -- [ERROR] /home/runner/work/keycloak/keycloak/testsuite/integration-arquillian/tests/base/src/test/java/org/keycloak/testsuite/client/policies/AbstractClientPoliciesTest.java:[753,55] unchecked conversion
Base IT (5)	Run base tests	2024-08-02T00:22:05.3783463Z -- [ERROR]   required: java.util.Map<java.lang.String,java.lang.String>
Base IT (5)	Run base tests	2024-08-02T00:22:05.3783967Z -- [ERROR]   found:    java.util.Map
Base IT (5)	Run base tests	2024-08-02T00:22:05.3785310Z -- [ERROR] /home/runner/work/keycloak/keycloak/testsuite/integration-arquillian/tests/base/src/test/java/org/keycloak/testsuite/client/policies/AbstractClientPoliciesTest.java:[1088,104] unchecked cast
Base IT (5)	Run base tests	2024-08-02T00:22:05.3786698Z -- [ERROR]   required: java.util.Collection<java.lang.String>
Base IT (5)	Run base tests	2024-08-02T00:22:05.3787162Z -- [ERROR]   found:    java.util.List
Base IT (5)	Run base tests	2024-08-02T00:22:05.3788832Z -- [ERROR] /home/runner/work/keycloak/keycloak/testsuite/integration-arquillian/tests/base/src/test/java/org/keycloak/testsuite/client/policies/AbstractClientPoliciesTest.java:[1514,38] getSessionState() in org.keycloak.representations.IDToken has been deprecated
Base IT (5)	Run base tests	2024-08-02T00:22:05.3792545Z -- [ERROR] /home/runner/work/keycloak/keycloak/testsuite/integration-arquillian/tests/base/src/test/java/org/keycloak/testsuite/client/policies/AbstractClientPoliciesTest.java:[1519,45] getSessionState() in org.keycloak.representations.IDToken has been deprecated
Base IT (5)	Run base tests	2024-08-02T00:22:05.3795435Z -- [ERROR] /home/runner/work/keycloak/keycloak/testsuite/integration-arquillian/tests/base/src/test/java/org/keycloak/testsuite/client/policies/AbstractClientPoliciesTest.java:[1528,47] getSessionState() in org.keycloak.representations.IDToken has been deprecated
Base IT (5)	Run base tests	2024-08-02T00:22:05.3798265Z -- [ERROR] /home/runner/work/keycloak/keycloak/testsuite/integration-arquillian/tests/base/src/test/java/org/keycloak/testsuite/client/policies/AbstractClientPoliciesTest.java:[1529,54] getSessionState() in org.keycloak.representations.IDToken has been deprecated
Base IT (5)	Run base tests	2024-08-02T00:22:05.3801166Z -- [ERROR] /home/runner/work/keycloak/keycloak/testsuite/integration-arquillian/tests/base/src/test/java/org/keycloak/testsuite/broker/SocialLoginTest.java:[243,14] getIdentityProvidersStream() in org.keycloak.models.RealmModel has been deprecated
Base IT (5)	Run base tests	2024-08-02T00:22:05.3803502Z -- [ERROR] /home/runner/work/keycloak/keycloak/testsuite/integration-arquillian/tests/base/src/test/java/org/keycloak/testsuite/saml/BrokerTest.java:[340,63] unchecked conversion
Base IT (5)	Run base tests	2024-08-02T00:22:05.3804960Z -- [ERROR]   required: org.keycloak.saml.BaseSAML2BindingBuilder<org.keycloak.saml.BaseSAML2BindingBuilder>
Base IT (5)	Run base tests	2024-08-02T00:22:05.3805819Z -- [ERROR]   found:    org.keycloak.saml.BaseSAML2BindingBuilder
Base IT (5)	Run base tests	2024-08-02T00:22:05.3807845Z -- [ERROR] /home/runner/work/keycloak/keycloak/testsuite/integration-arquillian/tests/base/src/test/java/org/keycloak/testsuite/oauth/OfflineTokenTest.java:[273,67] getSessionState() in org.keycloak.representations.IDToken has been deprecated
Base IT (5)	Run base tests	2024-08-02T00:22:05.3811373Z -- [ERROR] /home/runner/work/keycloak/keycloak/testsuite/integration-arquillian/tests/base/src/test/java/org/keycloak/testsuite/oauth/OfflineTokenTest.java:[347,31] getSessionState() in org.keycloak.representations.IDToken has been deprecated
Base IT (5)	Run base tests	2024-08-02T00:22:05.3816252Z -- [ERROR] /home/runner/work/keycloak/keycloak/testsuite/integration-arquillian/tests/base/src/test/java/org/keycloak/testsuite/oauth/OfflineTokenTest.java:[361,83] getSessionState() in org.keycloak.representations.IDToken has been deprecated
Base IT (5)	Run base tests	2024-08-02T00:22:05.3821063Z -- [ERROR] /home/runner/work/keycloak/keycloak/testsuite/integration-arquillian/tests/base/src/test/java/org/keycloak/testsuite/oauth/OfflineTokenTest.java:[364,83] getSessionState() in org.keycloak.representations.IDToken has been deprecated
Base IT (5)	Run base tests	2024-08-02T00:22:05.3825857Z -- [ERROR] /home/runner/work/keycloak/keycloak/testsuite/integration-arquillian/tests/base/src/test/java/org/keycloak/testsuite/oauth/OfflineTokenTest.java:[382,31] getSessionState() in org.keycloak.representations.IDToken has been deprecated
Base IT (5)	Run base tests	2024-08-02T00:22:05.3831041Z -- [ERROR] /home/runner/work/keycloak/keycloak/testsuite/integration-arquillian/tests/base/src/test/java/org/keycloak/testsuite/oauth/OfflineTokenTest.java:[396,112] getSessionState() in org.keycloak.representations.IDToken has been deprecated
Base IT (5)	Run base tests	2024-08-02T00:22:05.3835837Z -- [ERROR] /home/runner/work/keycloak/keycloak/testsuite/integration-arquillian/tests/base/src/test/java/org/keycloak/testsuite/oauth/OfflineTokenTest.java:[402,57] getSessionState() in org.keycloak.representations.IDToken has been deprecated
Base IT (5)	Run base tests	2024-08-02T00:22:05.3840396Z -- [ERROR] /home/runner/work/keycloak/keycloak/testsuite/integration-arquillian/tests/base/src/test/java/org/keycloak/testsuite/oauth/OfflineTokenTest.java:[412,66] getSessionState() in org.keycloak.representations.IDToken has been deprecated
Base IT (5)	Run base tests	2024-08-02T00:22:05.3843024Z -- [ERROR] /home/runner/work/keycloak/keycloak/testsuite/integration-arquillian/tests/base/src/test/java/org/keycloak/testsuite/oauth/OfflineTokenTest.java:[435,31] getSessionState() in org.keycloak.representations.IDToken has been deprecated
Base IT (5)	Run base tests	2024-08-02T00:22:05.3845885Z -- [ERROR] /home/runner/work/keycloak/keycloak/testsuite/integration-arquillian/tests/base/src/test/java/org/keycloak/testsuite/oauth/OfflineTokenTest.java:[445,83] getSessionState() in org.keycloak.representations.IDToken has been deprecated
Base IT (5)	Run base tests	2024-08-02T00:22:05.3848461Z -- [ERROR] /home/runner/work/keycloak/keycloak/testsuite/integration-arquillian/tests/base/src/test/java/org/keycloak/testsuite/oauth/OfflineTokenTest.java:[457,32] getSessionState() in org.keycloak.representations.IDToken has been deprecated
Base IT (5)	Run base tests	2024-08-02T00:22:05.3851021Z -- [ERROR] /home/runner/work/keycloak/keycloak/testsuite/integration-arquillian/tests/base/src/test/java/org/keycloak/testsuite/oauth/OfflineTokenTest.java:[465,83] getSessionState() in org.keycloak.representations.IDToken has been deprecated
Base IT (5)	Run base tests	2024-08-02T00:22:05.3853573Z -- [ERROR] /home/runner/work/keycloak/keycloak/testsuite/integration-arquillian/tests/base/src/test/java/org/keycloak/testsuite/oauth/OfflineTokenTest.java:[466,87] getSessionState() in org.keycloak.representations.IDToken has been deprecated
Base IT (5)	Run base tests	2024-08-02T00:22:05.3856128Z -- [ERROR] /home/runner/work/keycloak/keycloak/testsuite/integration-arquillian/tests/base/src/test/java/org/keycloak/testsuite/oauth/OfflineTokenTest.java:[561,31] getSessionState() in org.keycloak.representations.IDToken has been deprecated
Base IT (5)	Run base tests	2024-08-02T00:22:05.3858689Z -- [ERROR] /home/runner/work/keycloak/keycloak/testsuite/integration-arquillian/tests/base/src/test/java/org/keycloak/testsuite/oauth/OfflineTokenTest.java:[683,111] getSessionState() in org.keycloak.representations.IDToken has been deprecated
Base IT (5)	Run base tests	2024-08-02T00:22:05.3861256Z -- [ERROR] /home/runner/work/keycloak/keycloak/testsuite/integration-arquillian/tests/base/src/test/java/org/keycloak/testsuite/oauth/OfflineTokenTest.java:[711,55] getSessionState() in org.keycloak.representations.IDToken has been deprecated
Base IT (5)	Run base tests	2024-08-02T00:22:05.3864008Z -- [ERROR] /home/runner/work/keycloak/keycloak/testsuite/integration-arquillian/tests/base/src/test/java/org/keycloak/testsuite/oauth/OfflineTokenTest.java:[720,37] getSessionState() in org.keycloak.representations.IDToken has been deprecated
Base IT (5)	Run base tests	2024-08-02T00:22:05.3866559Z -- [ERROR] /home/runner/work/keycloak/keycloak/testsuite/integration-arquillian/tests/base/src/test/java/org/keycloak/testsuite/oauth/OfflineTokenTest.java:[720,70] getSessionState() in org.keycloak.representations.IDToken has been deprecated
Base IT (5)	Run base tests	2024-08-02T00:22:05.3869100Z -- [ERROR] /home/runner/work/keycloak/keycloak/testsuite/integration-arquillian/tests/base/src/test/java/org/keycloak/testsuite/oauth/OfflineTokenTest.java:[972,31] getSessionState() in org.keycloak.representations.IDToken has been deprecated
Base IT (5)	Run base tests	2024-08-02T00:22:05.3871720Z -- [ERROR] /home/runner/work/keycloak/keycloak/testsuite/integration-arquillian/tests/base/src/test/java/org/keycloak/testsuite/oauth/OfflineTokenTest.java:[982,83] getSessionState() in org.keycloak.representations.IDToken has been deprecated
Base IT (5)	Run base tests	2024-08-02T00:22:05.3874597Z -- [ERROR] /home/runner/work/keycloak/keycloak/testsuite/integration-arquillian/tests/base/src/test/java/org/keycloak/testsuite/oauth/OfflineTokenTest.java:[994,32] getSessionState() in org.keycloak.representations.IDToken has been deprecated
Base IT (5)	Run base tests	2024-08-02T00:22:05.3877164Z -- [ERROR] /home/runner/work/keycloak/keycloak/testsuite/integration-arquillian/tests/base/src/test/java/org/keycloak/testsuite/oauth/OfflineTokenTest.java:[1002,83] getSessionState() in org.keycloak.representations.IDToken has been deprecated
Base IT (5)	Run base tests	2024-08-02T00:22:05.3879723Z -- [ERROR] /home/runner/work/keycloak/keycloak/testsuite/integration-arquillian/tests/base/src/test/java/org/keycloak/testsuite/oauth/OfflineTokenTest.java:[1003,87] getSessionState() in org.keycloak.representations.IDToken has been deprecated
Base IT (5)	Run base tests	2024-08-02T00:22:05.3882282Z -- [ERROR] /home/runner/work/keycloak/keycloak/testsuite/integration-arquillian/tests/base/src/test/java/org/keycloak/testsuite/oauth/OfflineTokenTest.java:[1044,31] getSessionState() in org.keycloak.representations.IDToken has been deprecated
Base IT (5)	Run base tests	2024-08-02T00:22:05.3885083Z -- [ERROR] /home/runner/work/keycloak/keycloak/testsuite/integration-arquillian/tests/base/src/test/java/org/keycloak/testsuite/authz/admin/AbstractAuthorizationTest.java:[134,25] defaultRoles(java.lang.String...) in org.keycloak.testsuite.util.ClientBuilder has been deprecated
Base IT (5)	Run base tests	2024-08-02T00:22:05.3888101Z -- [ERROR] /home/runner/work/keycloak/keycloak/testsuite/integration-arquillian/tests/base/src/test/java/org/keycloak/testsuite/util/UserBuilder.java:[159,12] setTotp(java.lang.Boolean) in org.keycloak.representations.idm.UserRepresentation has been deprecated
Base IT (5)	Run base tests	2024-08-02T00:22:05.3890857Z -- [ERROR] /home/runner/work/keycloak/keycloak/testsuite/integration-arquillian/tests/base/src/test/java/org/keycloak/testsuite/util/UserBuilder.java:[176,12] setTotp(java.lang.Boolean) in org.keycloak.representations.idm.UserRepresentation has been deprecated
Base IT (5)	Run base tests	2024-08-02T00:22:05.3893729Z -- [ERROR] /home/runner/work/keycloak/keycloak/testsuite/integration-arquillian/tests/base/src/test/java/org/keycloak/testsuite/cluster/AbstractInvalidationClusterTest.java:[179,41] unchecked method invocation: method sort in class java.util.Collections is applied to given types
Base IT (5)	Run base tests	2024-08-02T00:22:05.3895352Z -- [ERROR]   required: java.util.List<T>
Base IT (5)	Run base tests	2024-08-02T00:22:05.3895739Z -- [ERROR]   found:    java.util.List
Base IT (5)	Run base tests	2024-08-02T00:22:05.3897098Z -- [ERROR] /home/runner/work/keycloak/keycloak/testsuite/integration-arquillian/tests/base/src/test/java/org/keycloak/testsuite/cluster/AbstractInvalidationClusterTest.java:[179,42] unchecked conversion
Base IT (5)	Run base tests	2024-08-02T00:22:05.3898390Z -- [ERROR]   required: java.util.List<T>
Base IT (5)	Run base tests	2024-08-02T00:22:05.3898769Z -- [ERROR]   found:    java.util.List
Base IT (5)	Run base tests	2024-08-02T00:22:05.3900406Z -- [ERROR] /home/runner/work/keycloak/keycloak/testsuite/integration-arquillian/tests/base/src/test/java/org/keycloak/testsuite/adapter/servlet/SAMLServletAdapterTest.java:[1822,69] getSameSiteLegacyName() in org.keycloak.cookie.CookieType has been deprecated
Base IT (5)	Run base tests	2024-08-02T00:22:05.3903550Z -- [ERROR] /home/runner/work/keycloak/keycloak/testsuite/integration-arquillian/tests/base/src/test/java/org/keycloak/testsuite/adapter/servlet/SAMLServletAdapterTest.java:[1824,72] getSameSiteLegacyName() in org.keycloak.cookie.CookieType has been deprecated
Base IT (5)	Run base tests	2024-08-02T00:22:05.3906430Z -- [ERROR] /home/runner/work/keycloak/keycloak/testsuite/integration-arquillian/tests/base/src/test/java/org/keycloak/testsuite/oidc/OIDCAdvancedRequestParamsTest.java:[406,39] getSessionState() in org.keycloak.representations.IDToken has been deprecated
Base IT (5)	Run base tests	2024-08-02T00:22:05.3909266Z -- [ERROR] /home/runner/work/keycloak/keycloak/testsuite/integration-arquillian/tests/base/src/test/java/org/keycloak/testsuite/oidc/OIDCAdvancedRequestParamsTest.java:[406,69] getSessionState() in org.keycloak.representations.IDToken has been deprecated
Base IT (5)	Run base tests	2024-08-02T00:22:05.3912751Z -- [ERROR] /home/runner/work/keycloak/keycloak/testsuite/integration-arquillian/tests/base/src/test/java/org/keycloak/testsuite/oidc/OIDCAdvancedRequestParamsTest.java:[1445,58] getKeysForUse(org.keycloak.jose.jwk.JSONWebKeySet,org.keycloak.jose.jwk.JWK.Use) in org.keycloak.util.JWKSUtils has been deprecated
Base IT (5)	Run base tests	2024-08-02T00:22:05.3916373Z -- [ERROR] /home/runner/work/keycloak/keycloak/testsuite/integration-arquillian/tests/base/src/test/java/org/keycloak/testsuite/oidc/OIDCAdvancedRequestParamsTest.java:[1532,58] getKeysForUse(org.keycloak.jose.jwk.JSONWebKeySet,org.keycloak.jose.jwk.JWK.Use) in org.keycloak.util.JWKSUtils has been deprecated
Base IT (5)	Run base tests	2024-08-02T00:22:05.3919387Z -- [ERROR] /home/runner/work/keycloak/keycloak/testsuite/integration-arquillian/tests/base/src/test/java/org/keycloak/testsuite/util/FlowUtil.java:[206,42] getIdentityProviderByAlias(java.lang.String) in org.keycloak.models.RealmModel has been deprecated
Base IT (5)	Run base tests	2024-08-02T00:22:05.3922165Z -- [ERROR] /home/runner/work/keycloak/keycloak/testsuite/integration-arquillian/tests/base/src/test/java/org/keycloak/testsuite/util/FlowUtil.java:[208,14] updateIdentityProvider(org.keycloak.models.IdentityProviderModel) in org.keycloak.models.RealmModel has been deprecated
Base IT (5)	Run base tests	2024-08-02T00:22:05.3925156Z -- [ERROR] /home/runner/work/keycloak/keycloak/testsuite/integration-arquillian/tests/base/src/test/java/org/keycloak/testsuite/authz/admin/GenericPolicyManagementTest.java:[147,25] unchecked call to ArrayList(java.util.Collection<? extends E>) as a member of the raw type java.util.ArrayList
Base IT (5)	Run base tests	2024-08-02T00:22:05.3928583Z -- [ERROR] /home/runner/work/keycloak/keycloak/testsuite/integration-arquillian/tests/base/src/test/java/org/keycloak/testsuite/adapter/AbstractAdapterClusteredTest.java:[102,23] ProxyHandler(io.undertow.server.handlers.proxy.ProxyClient,int,io.undertow.server.HttpHandler) in io.undertow.server.handlers.proxy.ProxyHandler has been deprecated
Base IT (5)	Run base tests	2024-08-02T00:22:05.3931808Z -- [ERROR] /home/runner/work/keycloak/keycloak/testsuite/integration-arquillian/tests/base/src/test/java/org/keycloak/testsuite/federation/storage/ClientStorageTest.java:[469,31] getSessionState() in org.keycloak.representations.IDToken has been deprecated
Base IT (5)	Run base tests	2024-08-02T00:22:05.3934555Z -- [ERROR] /home/runner/work/keycloak/keycloak/testsuite/integration-arquillian/tests/base/src/test/java/org/keycloak/testsuite/federation/storage/ClientStorageTest.java:[483,83] getSessionState() in org.keycloak.representations.IDToken has been deprecated
Base IT (5)	Run base tests	2024-08-02T00:22:05.3937392Z -- [ERROR] /home/runner/work/keycloak/keycloak/testsuite/integration-arquillian/tests/base/src/test/java/org/keycloak/testsuite/federation/storage/ClientStorageTest.java:[486,83] getSessionState() in org.keycloak.representations.IDToken has been deprecated
Base IT (5)	Run base tests	2024-08-02T00:22:05.3940140Z -- [ERROR] /home/runner/work/keycloak/keycloak/testsuite/integration-arquillian/tests/base/src/test/java/org/keycloak/testsuite/federation/storage/ClientStorageTest.java:[516,111] getSessionState() in org.keycloak.representations.IDToken has been deprecated
Base IT (5)	Run base tests	2024-08-02T00:22:05.3943446Z -- [ERROR] /home/runner/work/keycloak/keycloak/testsuite/integration-arquillian/tests/base/src/test/java/org/keycloak/testsuite/federation/storage/ClientStorageTest.java:[519,65] getSessionState() in org.keycloak.representations.IDToken has been deprecated
Base IT (5)	Run base tests	2024-08-02T00:22:05.3946309Z -- [ERROR] /home/runner/work/keycloak/keycloak/testsuite/integration-arquillian/tests/base/src/test/java/org/keycloak/testsuite/composites/CompositeRoleTest.java:[119,17] defaultRoles(java.lang.String...) in org.keycloak.testsuite.util.ClientBuilder has been deprecated
Base IT (5)	Run base tests	2024-08-02T00:22:05.3949152Z -- [ERROR] /home/runner/work/keycloak/keycloak/testsuite/integration-arquillian/tests/base/src/test/java/org/keycloak/testsuite/composites/CompositeRoleTest.java:[139,17] defaultRoles(java.lang.String...) in org.keycloak.testsuite.util.ClientBuilder has been deprecated
Base IT (5)	Run base tests	2024-08-02T00:22:05.3952226Z -- [ERROR] /home/runner/work/keycloak/keycloak/testsuite/integration-arquillian/tests/base/src/test/java/org/keycloak/testsuite/forms/LevelOfAssuranceFlowTest.java:[666,91] STORE_IN_USER_SESSION in org.keycloak.authentication.authenticators.conditional.ConditionalLoaAuthenticator has been deprecated
Base IT (5)	Run base tests	2024-08-02T00:22:05.3955937Z -- [ERROR] /home/runner/work/keycloak/keycloak/testsuite/integration-arquillian/tests/base/src/test/java/org/keycloak/testsuite/forms/LevelOfAssuranceFlowTest.java:[678,91] STORE_IN_USER_SESSION in org.keycloak.authentication.authenticators.conditional.ConditionalLoaAuthenticator has been deprecated
Base IT (5)	Run base tests	2024-08-02T00:22:05.3959225Z -- [ERROR] /home/runner/work/keycloak/keycloak/testsuite/integration-arquillian/tests/base/src/test/java/org/keycloak/testsuite/forms/LevelOfAssuranceFlowTest.java:[690,91] STORE_IN_USER_SESSION in org.keycloak.authentication.authenticators.conditional.ConditionalLoaAuthenticator has been deprecated
Base IT (5)	Run base tests	2024-08-02T00:22:05.3962342Z -- [ERROR] /home/runner/work/keycloak/keycloak/testsuite/integration-arquillian/tests/base/src/test/java/org/keycloak/testsuite/cluster/AuthenticationSessionFailoverClusterTest.java:[117,90] getSameSiteLegacyName() in org.keycloak.cookie.CookieType has been deprecated
Base IT (5)	Run base tests	2024-08-02T00:22:05.3965187Z -- [ERROR] /home/runner/work/keycloak/keycloak/testsuite/integration-arquillian/tests/base/src/test/java/org/keycloak/testsuite/federation/kerberos/AbstractKerberosTest.java:[224,16] unchecked call to put(K,V) as a member of the raw type java.util.Hashtable
Base IT (5)	Run base tests	2024-08-02T00:22:05.3967931Z -- [ERROR] /home/runner/work/keycloak/keycloak/testsuite/integration-arquillian/tests/base/src/test/java/org/keycloak/testsuite/federation/kerberos/AbstractKerberosTest.java:[225,16] unchecked call to put(K,V) as a member of the raw type java.util.Hashtable
Base IT (5)	Run base tests	2024-08-02T00:22:05.3970713Z -- [ERROR] /home/runner/work/keycloak/keycloak/testsuite/integration-arquillian/tests/base/src/test/java/org/keycloak/testsuite/federation/kerberos/AbstractKerberosTest.java:[228,20] unchecked call to put(K,V) as a member of the raw type java.util.Hashtable
Base IT (5)	Run base tests	2024-08-02T00:22:05.3973427Z -- [ERROR] /home/runner/work/keycloak/keycloak/testsuite/integration-arquillian/tests/base/src/test/java/org/keycloak/testsuite/federation/kerberos/AbstractKerberosTest.java:[229,20] unchecked call to put(K,V) as a member of the raw type java.util.Hashtable
Base IT (5)	Run base tests	2024-08-02T00:22:05.3976196Z -- [ERROR] /home/runner/work/keycloak/keycloak/testsuite/integration-arquillian/tests/base/src/test/java/org/keycloak/testsuite/broker/KcOidcBrokerTransientSessionsTest.java:[632,71] getSessionState() in org.keycloak.representations.IDToken has been deprecated
Base IT (5)	Run base tests	2024-08-02T00:22:05.3979068Z -- [ERROR] /home/runner/work/keycloak/keycloak/testsuite/integration-arquillian/tests/base/src/test/java/org/keycloak/testsuite/oauth/AbstractClientAuthSignedJWTTest.java:[348,41] getSessionState() in org.keycloak.representations.IDToken has been deprecated
Base IT (5)	Run base tests	2024-08-02T00:22:05.3982312Z -- [ERROR] /home/runner/work/keycloak/keycloak/testsuite/integration-arquillian/tests/base/src/test/java/org/keycloak/testsuite/oauth/AbstractClientAuthSignedJWTTest.java:[416,37] getSessionState() in org.keycloak.representations.IDToken has been deprecated
Base IT (5)	Run base tests	2024-08-02T00:22:05.3985234Z -- [ERROR] /home/runner/work/keycloak/keycloak/testsuite/integration-arquillian/tests/base/src/test/java/org/keycloak/testsuite/oauth/AbstractClientAuthSignedJWTTest.java:[576,37] getSessionState() in org.keycloak.representations.IDToken has been deprecated
Base IT (5)	Run base tests	2024-08-02T00:22:05.3988337Z -- [ERROR] /home/runner/work/keycloak/keycloak/testsuite/integration-arquillian/tests/base/src/test/java/org/keycloak/testsuite/oauth/AbstractClientAuthSignedJWTTest.java:[713,42] org.apache.http.impl.client.DefaultHttpClient in org.apache.http.impl.client has been deprecated
Base IT (5)	Run base tests	2024-08-02T00:22:05.3991808Z -- [ERROR] /home/runner/work/keycloak/keycloak/testsuite/integration-arquillian/tests/base/src/test/java/org/keycloak/testsuite/admin/PermissionsTest.java:[381,35] testLDAPConnection(java.lang.String,java.lang.String,java.lang.String,java.lang.String,java.lang.String,java.lang.String) in org.keycloak.admin.client.resource.RealmResource has been deprecated
Base IT (5)	Run base tests	2024-08-02T00:22:05.3995680Z -- [ERROR] /home/runner/work/keycloak/keycloak/testsuite/integration-arquillian/tests/base/src/test/java/org/keycloak/testsuite/admin/PermissionsTest.java:[668,83] unchecked method invocation: method createMapper in interface org.keycloak.admin.client.resource.ProtocolMappersResource is applied to given types
Base IT (5)	Run base tests	2024-08-02T00:22:05.3997862Z -- [ERROR]   required: java.util.List<org.keycloak.representations.idm.ProtocolMapperRepresentation>
Base IT (5)	Run base tests	2024-08-02T00:22:05.3998544Z -- [ERROR]   found:    java.util.List
Base IT (5)	Run base tests	2024-08-02T00:22:05.3999770Z -- [ERROR] /home/runner/work/keycloak/keycloak/testsuite/integration-arquillian/tests/base/src/test/java/org/keycloak/testsuite/admin/PermissionsTest.java:[668,95] unchecked conversion
Base IT (5)	Run base tests	2024-08-02T00:22:05.4001241Z -- [ERROR]   required: java.util.List<org.keycloak.representations.idm.ProtocolMapperRepresentation>
Base IT (5)	Run base tests	2024-08-02T00:22:05.4001904Z -- [ERROR]   found:    java.util.List
Base IT (5)	Run base tests	2024-08-02T00:22:05.4003799Z -- [ERROR] /home/runner/work/keycloak/keycloak/testsuite/integration-arquillian/tests/base/src/test/java/org/keycloak/testsuite/admin/PermissionsTest.java:[1814,64] getRealmLocalizationTexts(java.lang.String,java.lang.Boolean) in org.keycloak.admin.client.resource.RealmLocalizationResource has been deprecated
Base IT (5)	Run base tests	2024-08-02T00:22:05.4006843Z -- [ERROR] /home/runner/work/keycloak/keycloak/testsuite/integration-arquillian/tests/base/src/test/java/org/keycloak/testsuite/oidc/AuthenticationMethodReferenceTest.java:[481,43] getSessionState() in org.keycloak.representations.IDToken has been deprecated
Base IT (5)	Run base tests	2024-08-02T00:22:05.4009409Z -- [ERROR] /home/runner/work/keycloak/keycloak/testsuite/integration-arquillian/tests/base/src/test/java/org/keycloak/testsuite/oidc/AuthenticationMethodReferenceTest.java:[528,69] unchecked cast
Base IT (5)	Run base tests	2024-08-02T00:22:05.4010759Z -- [ERROR]   required: java.util.List<java.lang.String>
Base IT (5)	Run base tests	2024-08-02T00:22:05.4011203Z -- [ERROR]   found:    java.lang.Object
Base IT (5)	Run base tests	2024-08-02T00:22:05.4012843Z -- [ERROR] /home/runner/work/keycloak/keycloak/testsuite/integration-arquillian/tests/base/src/test/java/org/keycloak/testsuite/admin/concurrency/ConcurrentLoginTest.java:[443,40] getSessionState() in org.keycloak.representations.IDToken has been deprecated
Base IT (5)	Run base tests	2024-08-02T00:22:05.4015269Z -- [ERROR] /home/runner/work/keycloak/keycloak/testsuite/integration-arquillian/tests/base/src/test/java/org/keycloak/testsuite/crossdc/AbstractAdminCrossDCTest.java:[97,50] unchecked cast
Base IT (5)	Run base tests	2024-08-02T00:22:05.4016459Z -- [ERROR]   required: T
Base IT (5)	Run base tests	2024-08-02T00:22:05.4016805Z -- [ERROR]   found:    java.lang.Comparable
Base IT (5)	Run base tests	2024-08-02T00:22:05.4018100Z -- [ERROR] /home/runner/work/keycloak/keycloak/testsuite/integration-arquillian/tests/base/src/test/java/org/keycloak/testsuite/crossdc/AbstractAdminCrossDCTest.java:[101,54] unchecked cast
Base IT (5)	Run base tests	2024-08-02T00:22:05.4019286Z -- [ERROR]   required: T
Base IT (5)	Run base tests	2024-08-02T00:22:05.4019621Z -- [ERROR]   found:    java.lang.Comparable
Base IT (5)	Run base tests	2024-08-02T00:22:05.4021400Z -- [ERROR] /home/runner/work/keycloak/keycloak/testsuite/integration-arquillian/tests/base/src/test/java/org/keycloak/testsuite/authz/admin/AbstractPolicyManagementTest.java:[74,25] defaultRoles(java.lang.String...) in org.keycloak.testsuite.util.ClientBuilder has been deprecated
Base IT (5)	Run base tests	2024-08-02T00:22:05.4024498Z -- [ERROR] /home/runner/work/keycloak/keycloak/testsuite/integration-arquillian/tests/base/src/test/java/org/keycloak/testsuite/crossdc/SessionExpirationCrossDCTest.java:[577,80] getSessionState() in org.keycloak.representations.IDToken has been deprecated
Base IT (5)	Run base tests	2024-08-02T00:22:05.4027341Z -- [ERROR] /home/runner/work/keycloak/keycloak/testsuite/integration-arquillian/tests/base/src/test/java/org/keycloak/testsuite/crossdc/SessionExpirationCrossDCTest.java:[607,80] getSessionState() in org.keycloak.representations.IDToken has been deprecated
Base IT (5)	Run base tests	2024-08-02T00:22:05.4030479Z -- [ERROR] /home/runner/work/keycloak/keycloak/testsuite/integration-arquillian/tests/base/src/test/java/org/keycloak/testsuite/organization/admin/OrganizationInvitationLinkTest.java:[220,35] pageLoadTimeout(long,java.util.concurrent.TimeUnit) in org.openqa.selenium.WebDriver.Timeouts has been deprecated
Base IT (5)	Run base tests	2024-08-02T00:22:05.4032559Z -- [ERROR] -> [Help 1]
Base IT (5)	Run base tests	2024-08-02T00:22:05.4032837Z -- [ERROR] 
Base IT (5)	Run base tests	2024-08-02T00:22:05.4033441Z -- [ERROR] To see the full stack trace of the errors, re-run Maven with the -e switch.
Base IT (5)	Run base tests	2024-08-02T00:22:05.4034172Z -- [ERROR] Re-run Maven using the -X switch to enable full debug logging.
Base IT (5)	Run base tests	2024-08-02T00:22:05.4034699Z -- [ERROR] 
Base IT (5)	Run base tests	2024-08-02T00:22:05.4035297Z -- [ERROR] For more information about the errors and possible solutions, please read the following articles:
Base IT (5)	Run base tests	2024-08-02T00:22:05.4036202Z -- [ERROR] [Help 1] http://cwiki.apache.org/confluence/display/MAVEN/MojoFailureException
Base IT (5)	Run base tests	2024-08-02T00:22:05.4048622Z ##[error]Process completed with exit code 1.
Status Check - Keycloak CI	Run /./.github/actions/status-check	2024-08-02T01:22:36.1001746Z Prepare all required actions
Status Check - Keycloak CI	Run /./.github/actions/status-check	2024-08-02T01:22:36.1088478Z ##[group]Run ./.github/actions/status-check
Status Check - Keycloak CI	Run /./.github/actions/status-check	2024-08-02T01:22:36.1089020Z with:
Status Check - Keycloak CI	Run /./.github/actions/status-check	2024-08-02T01:22:36.1093746Z   jobs: {
Status Check - Keycloak CI	Run /./.github/actions/status-check	  "conditional": {
Status Check - Keycloak CI	Run /./.github/actions/status-check	    "result": "success",
Status Check - Keycloak CI	Run /./.github/actions/status-check	    "outputs": {
Status Check - Keycloak CI	Run /./.github/actions/status-check	      "ci": "true",
Status Check - Keycloak CI	Run /./.github/actions/status-check	      "ci-aurora": "true",
Status Check - Keycloak CI	Run /./.github/actions/status-check	      "ci-quarkus": "true",
Status Check - Keycloak CI	Run /./.github/actions/status-check	      "ci-sssd": "true",
Status Check - Keycloak CI	Run /./.github/actions/status-check	      "ci-store": "true",
Status Check - Keycloak CI	Run /./.github/actions/status-check	      "ci-test-poc": "true",
Status Check - Keycloak CI	Run /./.github/actions/status-check	      "ci-webauthn": "true"
Status Check - Keycloak CI	Run /./.github/actions/status-check	    }
Status Check - Keycloak CI	Run /./.github/actions/status-check	  },
Status Check - Keycloak CI	Run /./.github/actions/status-check	  "build": {
Status Check - Keycloak CI	Run /./.github/actions/status-check	    "result": "success",
Status Check - Keycloak CI	Run /./.github/actions/status-check	    "outputs": {}
Status Check - Keycloak CI	Run /./.github/actions/status-check	  },
Status Check - Keycloak CI	Run /./.github/actions/status-check	  "unit-tests": {
Status Check - Keycloak CI	Run /./.github/actions/status-check	    "result": "success",
Status Check - Keycloak CI	Run /./.github/actions/status-check	    "outputs": {}
Status Check - Keycloak CI	Run /./.github/actions/status-check	  },
Status Check - Keycloak CI	Run /./.github/actions/status-check	  "base-integration-tests": {
Status Check - Keycloak CI	Run /./.github/actions/status-check	    "result": "failure",
Status Check - Keycloak CI	Run /./.github/actions/status-check	    "outputs": {}
Status Check - Keycloak CI	Run /./.github/actions/status-check	  },
Status Check - Keycloak CI	Run /./.github/actions/status-check	  "adapter-integration-tests": {
Status Check - Keycloak CI	Run /./.github/actions/status-check	    "result": "success",
Status Check - Keycloak CI	Run /./.github/actions/status-check	    "outputs": {}
Status Check - Keycloak CI	Run /./.github/actions/status-check	  },
Status Check - Keycloak CI	Run /./.github/actions/status-check	  "quarkus-unit-tests": {
Status Check - Keycloak CI	Run /./.github/actions/status-check	    "result": "success",
Status Check - Keycloak CI	Run /./.github/actions/status-check	    "outputs": {}
Status Check - Keycloak CI	Run /./.github/actions/status-check	  },
Status Check - Keycloak CI	Run /./.github/actions/status-check	  "quarkus-integration-tests": {
Status Check - Keycloak CI	Run /./.github/actions/status-check	    "result": "success",
Status Check - Keycloak CI	Run /./.github/actions/status-check	    "outputs": {}
Status Check - Keycloak CI	Run /./.github/actions/status-check	  },
Status Check - Keycloak CI	Run /./.github/actions/status-check	  "jdk-integration-tests": {
Status Check - Keycloak CI	Run /./.github/actions/status-check	    "result": "success",
Status Check - Keycloak CI	Run /./.github/actions/status-check	    "outputs": {}
Status Check - Keycloak CI	Run /./.github/actions/status-check	  },
Status Check - Keycloak CI	Run /./.github/actions/status-check	  "store-integration-tests": {
Status Check - Keycloak CI	Run /./.github/actions/status-check	    "result": "success",
Status Check - Keycloak CI	Run /./.github/actions/status-check	    "outputs": {}
Status Check - Keycloak CI	Run /./.github/actions/status-check	  },
Status Check - Keycloak CI	Run /./.github/actions/status-check	  "persistent-sessions-tests": {
Status Check - Keycloak CI	Run /./.github/actions/status-check	    "result": "success",
Status Check - Keycloak CI	Run /./.github/actions/status-check	    "outputs": {}
Status Check - Keycloak CI	Run /./.github/actions/status-check	  },
Status Check - Keycloak CI	Run /./.github/actions/status-check	  "store-model-tests": {
Status Check - Keycloak CI	Run /./.github/actions/status-check	    "result": "success",
Status Check - Keycloak CI	Run /./.github/actions/status-check	    "outputs": {}
Status Check - Keycloak CI	Run /./.github/actions/status-check	  },
Status Check - Keycloak CI	Run /./.github/actions/status-check	  "clustering-integration-tests": {
Status Check - Keycloak CI	Run /./.github/actions/status-check	    "result": "success",
Status Check - Keycloak CI	Run /./.github/actions/status-check	    "outputs": {}
Status Check - Keycloak CI	Run /./.github/actions/status-check	  },
Status Check - Keycloak CI	Run /./.github/actions/status-check	  "fips-unit-tests": {
Status Check - Keycloak CI	Run /./.github/actions/status-check	    "result": "success",
Status Check - Keycloak CI	Run /./.github/actions/status-check	    "outputs": {}
Status Check - Keycloak CI	Run /./.github/actions/status-check	  },
Status Check - Keycloak CI	Run /./.github/actions/status-check	  "fips-integration-tests": {
Status Check - Keycloak CI	Run /./.github/actions/status-check	    "result": "success",
Status Check - Keycloak CI	Run /./.github/actions/status-check	    "outputs": {}
Status Check - Keycloak CI	Run /./.github/actions/status-check	  },
Status Check - Keycloak CI	Run /./.github/actions/status-check	  "forms-integration-tests": {
Status Check - Keycloak CI	Run /./.github/actions/status-check	    "result": "success",
Status Check - Keycloak CI	Run /./.github/actions/status-check	    "outputs": {}
Status Check - Keycloak CI	Run /./.github/actions/status-check	  },
Status Check - Keycloak CI	Run /./.github/actions/status-check	  "webauthn-integration-tests": {
Status Check - Keycloak CI	Run /./.github/actions/status-check	    "result": "success",
Status Check - Keycloak CI	Run /./.github/actions/status-check	    "outputs": {}
Status Check - Keycloak CI	Run /./.github/actions/status-check	  },
Status Check - Keycloak CI	Run /./.github/actions/status-check	  "sssd-unit-tests": {
Status Check - Keycloak CI	Run /./.github/actions/status-check	    "result": "success",
Status Check - Keycloak CI	Run /./.github/actions/status-check	    "outputs": {}
Status Check - Keycloak CI	Run /./.github/actions/status-check	  },
Status Check - Keycloak CI	Run /./.github/actions/status-check	  "migration-tests": {
Status Check - Keycloak CI	Run /./.github/actions/status-check	    "result": "success",
Status Check - Keycloak CI	Run /./.github/actions/status-check	    "outputs": {}
Status Check - Keycloak CI	Run /./.github/actions/status-check	  },
Status Check - Keycloak CI	Run /./.github/actions/status-check	  "external-infinispan-tests": {
Status Check - Keycloak CI	Run /./.github/actions/status-check	    "result": "success",
Status Check - Keycloak CI	Run /./.github/actions/status-check	    "outputs": {}
Status Check - Keycloak CI	Run /./.github/actions/status-check	  },
Status Check - Keycloak CI	Run /./.github/actions/status-check	  "test-poc": {
Status Check - Keycloak CI	Run /./.github/actions/status-check	    "result": "success",
Status Check - Keycloak CI	Run /./.github/actions/status-check	    "outputs": {}
Status Check - Keycloak CI	Run /./.github/actions/status-check	  }
Status Check - Keycloak CI	Run /./.github/actions/status-check	}
Status Check - Keycloak CI	Run /./.github/actions/status-check	2024-08-02T01:22:36.1099736Z env:
Status Check - Keycloak CI	Run /./.github/actions/status-check	2024-08-02T01:22:36.1100153Z   MAVEN_ARGS: -B -nsu -Daether.connector.http.connectionMaxTtl=25
Status Check - Keycloak CI	Run /./.github/actions/status-check	2024-08-02T01:22:36.1100809Z   SUREFIRE_RERUN_FAILING_COUNT: 2
Status Check - Keycloak CI	Run /./.github/actions/status-check	2024-08-02T01:22:36.1101303Z   SUREFIRE_RETRY: -Dsurefire.rerunFailingTestsCount=2
Status Check - Keycloak CI	Run /./.github/actions/status-check	2024-08-02T01:22:36.1101741Z ##[endgroup]
Status Check - Keycloak CI	Run /./.github/actions/status-check	2024-08-02T01:22:36.1353042Z ##[group]Run JOBS='{
Status Check - Keycloak CI	Run /./.github/actions/status-check	2024-08-02T01:22:36.1353581Z [36;1mJOBS='{[0m
Status Check - Keycloak CI	Run /./.github/actions/status-check	2024-08-02T01:22:36.1354097Z [36;1m  "conditional": {[0m
Status Check - Keycloak CI	Run /./.github/actions/status-check	2024-08-02T01:22:36.1354584Z [36;1m    "result": "success",[0m
Status Check - Keycloak CI	Run /./.github/actions/status-check	2024-08-02T01:22:36.1354965Z [36;1m    "outputs": {[0m
Status Check - Keycloak CI	Run /./.github/actions/status-check	2024-08-02T01:22:36.1355882Z [36;1m      "ci": "true",[0m
Status Check - Keycloak CI	Run /./.github/actions/status-check	2024-08-02T01:22:36.1356317Z [36;1m      "ci-aurora": "true",[0m
Status Check - Keycloak CI	Run /./.github/actions/status-check	2024-08-02T01:22:36.1356734Z [36;1m      "ci-quarkus": "true",[0m
Status Check - Keycloak CI	Run /./.github/actions/status-check	2024-08-02T01:22:36.1357232Z [36;1m      "ci-sssd": "true",[0m
Status Check - Keycloak CI	Run /./.github/actions/status-check	2024-08-02T01:22:36.1357668Z [36;1m      "ci-store": "true",[0m
Status Check - Keycloak CI	Run /./.github/actions/status-check	2024-08-02T01:22:36.1358048Z [36;1m      "ci-test-poc": "true",[0m
Status Check - Keycloak CI	Run /./.github/actions/status-check	2024-08-02T01:22:36.1358552Z [36;1m      "ci-webauthn": "true"[0m
Status Check - Keycloak CI	Run /./.github/actions/status-check	2024-08-02T01:22:36.1358943Z [36;1m    }[0m
Status Check - Keycloak CI	Run /./.github/actions/status-check	2024-08-02T01:22:36.1359218Z [36;1m  },[0m
Status Check - Keycloak CI	Run /./.github/actions/status-check	2024-08-02T01:22:36.1359611Z [36;1m  "build": {[0m
Status Check - Keycloak CI	Run /./.github/actions/status-check	2024-08-02T01:22:36.1360041Z [36;1m    "result": "success",[0m
Status Check - Keycloak CI	Run /./.github/actions/status-check	2024-08-02T01:22:36.1360397Z [36;1m    "outputs": {}[0m
Status Check - Keycloak CI	Run /./.github/actions/status-check	2024-08-02T01:22:36.1360831Z [36;1m  },[0m
Status Check - Keycloak CI	Run /./.github/actions/status-check	2024-08-02T01:22:36.1361151Z [36;1m  "unit-tests": {[0m
Status Check - Keycloak CI	Run /./.github/actions/status-check	2024-08-02T01:22:36.1361503Z [36;1m    "result": "success",[0m
Status Check - Keycloak CI	Run /./.github/actions/status-check	2024-08-02T01:22:36.1361952Z [36;1m    "outputs": {}[0m
Status Check - Keycloak CI	Run /./.github/actions/status-check	2024-08-02T01:22:36.1362303Z [36;1m  },[0m
Status Check - Keycloak CI	Run /./.github/actions/status-check	2024-08-02T01:22:36.1362630Z [36;1m  "base-integration-tests": {[0m
Status Check - Keycloak CI	Run /./.github/actions/status-check	2024-08-02T01:22:36.1363130Z [36;1m    "result": "failure",[0m
Status Check - Keycloak CI	Run /./.github/actions/status-check	2024-08-02T01:22:36.1363528Z [36;1m    "outputs": {}[0m
Status Check - Keycloak CI	Run /./.github/actions/status-check	2024-08-02T01:22:36.1363861Z [36;1m  },[0m
Status Check - Keycloak CI	Run /./.github/actions/status-check	2024-08-02T01:22:36.1364279Z [36;1m  "adapter-integration-tests": {[0m
Status Check - Keycloak CI	Run /./.github/actions/status-check	2024-08-02T01:22:36.1364783Z [36;1m    "result": "success",[0m
Status Check - Keycloak CI	Run /./.github/actions/status-check	2024-08-02T01:22:36.1365154Z [36;1m    "outputs": {}[0m
Status Check - Keycloak CI	Run /./.github/actions/status-check	2024-08-02T01:22:36.1365564Z [36;1m  },[0m
Status Check - Keycloak CI	Run /./.github/actions/status-check	2024-08-02T01:22:36.1365914Z [36;1m  "quarkus-unit-tests": {[0m
Status Check - Keycloak CI	Run /./.github/actions/status-check	2024-08-02T01:22:36.1366331Z [36;1m    "result": "success",[0m
Status Check - Keycloak CI	Run /./.github/actions/status-check	2024-08-02T01:22:36.1367064Z [36;1m    "outputs": {}[0m
Status Check - Keycloak CI	Run /./.github/actions/status-check	2024-08-02T01:22:36.1367441Z [36;1m  },[0m
Status Check - Keycloak CI	Run /./.github/actions/status-check	2024-08-02T01:22:36.1367756Z [36;1m  "quarkus-integration-tests": {[0m
Status Check - Keycloak CI	Run /./.github/actions/status-check	2024-08-02T01:22:36.1368253Z [36;1m    "result": "success",[0m
Status Check - Keycloak CI	Run /./.github/actions/status-check	2024-08-02T01:22:36.1368662Z [36;1m    "outputs": {}[0m
Status Check - Keycloak CI	Run /./.github/actions/status-check	2024-08-02T01:22:36.1368978Z [36;1m  },[0m
Status Check - Keycloak CI	Run /./.github/actions/status-check	2024-08-02T01:22:36.1369443Z [36;1m  "jdk-integration-tests": {[0m
Status Check - Keycloak CI	Run /./.github/actions/status-check	2024-08-02T01:22:36.1369880Z [36;1m    "result": "success",[0m
Status Check - Keycloak CI	Run /./.github/actions/status-check	2024-08-02T01:22:36.1370236Z [36;1m    "outputs": {}[0m
Status Check - Keycloak CI	Run /./.github/actions/status-check	2024-08-02T01:22:36.1370665Z [36;1m  },[0m
Status Check - Keycloak CI	Run /./.github/actions/status-check	2024-08-02T01:22:36.1371014Z [36;1m  "store-integration-tests": {[0m
Status Check - Keycloak CI	Run /./.github/actions/status-check	2024-08-02T01:22:36.1371584Z [36;1m    "result": "success",[0m
Status Check - Keycloak CI	Run /./.github/actions/status-check	2024-08-02T01:22:36.1372069Z [36;1m    "outputs": {}[0m
Status Check - Keycloak CI	Run /./.github/actions/status-check	2024-08-02T01:22:36.1372424Z [36;1m  },[0m
Status Check - Keycloak CI	Run /./.github/actions/status-check	2024-08-02T01:22:36.1372743Z [36;1m  "persistent-sessions-tests": {[0m
Status Check - Keycloak CI	Run /./.github/actions/status-check	2024-08-02T01:22:36.1373252Z [36;1m    "result": "success",[0m
Status Check - Keycloak CI	Run /./.github/actions/status-check	2024-08-02T01:22:36.1373641Z [36;1m    "outputs": {}[0m
Status Check - Keycloak CI	Run /./.github/actions/status-check	2024-08-02T01:22:36.1373955Z [36;1m  },[0m
Status Check - Keycloak CI	Run /./.github/actions/status-check	2024-08-02T01:22:36.1374426Z [36;1m  "store-model-tests": {[0m
Status Check - Keycloak CI	Run /./.github/actions/status-check	2024-08-02T01:22:36.1374821Z [36;1m    "result": "success",[0m
Status Check - Keycloak CI	Run /./.github/actions/status-check	2024-08-02T01:22:36.1375221Z [36;1m    "outputs": {}[0m
Status Check - Keycloak CI	Run /./.github/actions/status-check	2024-08-02T01:22:36.1375593Z [36;1m  },[0m
Status Check - Keycloak CI	Run /./.github/actions/status-check	2024-08-02T01:22:36.1375958Z [36;1m  "clustering-integration-tests": {[0m
Status Check - Keycloak CI	Run /./.github/actions/status-check	2024-08-02T01:22:36.1376421Z [36;1m    "result": "success",[0m
Status Check - Keycloak CI	Run /./.github/actions/status-check	2024-08-02T01:22:36.1376843Z [36;1m    "outputs": {}[0m
Status Check - Keycloak CI	Run /./.github/actions/status-check	2024-08-02T01:22:36.1377272Z [36;1m  },[0m
Status Check - Keycloak CI	Run /./.github/actions/status-check	2024-08-02T01:22:36.1377619Z [36;1m  "fips-unit-tests": {[0m
Status Check - Keycloak CI	Run /./.github/actions/status-check	2024-08-02T01:22:36.1378044Z [36;1m    "result": "success",[0m
Status Check - Keycloak CI	Run /./.github/actions/status-check	2024-08-02T01:22:36.1378440Z [36;1m    "outputs": {}[0m
Status Check - Keycloak CI	Run /./.github/actions/status-check	2024-08-02T01:22:36.1378865Z [36;1m  },[0m
Status Check - Keycloak CI	Run /./.github/actions/status-check	2024-08-02T01:22:36.1379356Z [36;1m  "fips-integration-tests": {[0m
Status Check - Keycloak CI	Run /./.github/actions/status-check	2024-08-02T01:22:36.1379801Z [36;1m    "result": "success",[0m
Status Check - Keycloak CI	Run /./.github/actions/status-check	2024-08-02T01:22:36.1380183Z [36;1m    "outputs": {}[0m
Status Check - Keycloak CI	Run /./.github/actions/status-check	2024-08-02T01:22:36.1380589Z [36;1m  },[0m
Status Check - Keycloak CI	Run /./.github/actions/status-check	2024-08-02T01:22:36.1380914Z [36;1m  "forms-integration-tests": {[0m
Status Check - Keycloak CI	Run /./.github/actions/status-check	2024-08-02T01:22:36.1381340Z [36;1m    "result": "success",[0m
Status Check - Keycloak CI	Run /./.github/actions/status-check	2024-08-02T01:22:36.1381802Z [36;1m    "outputs": {}[0m
Status Check - Keycloak CI	Run /./.github/actions/status-check	2024-08-02T01:22:36.1382134Z [36;1m  },[0m
Status Check - Keycloak CI	Run /./.github/actions/status-check	2024-08-02T01:22:36.1382487Z [36;1m  "webauthn-integration-tests": {[0m
Status Check - Keycloak CI	Run /./.github/actions/status-check	2024-08-02T01:22:36.1382993Z [36;1m    "result": "success",[0m
Status Check - Keycloak CI	Run /./.github/actions/status-check	2024-08-02T01:22:36.1383341Z [36;1m    "outputs": {}[0m
Status Check - Keycloak CI	Run /./.github/actions/status-check	2024-08-02T01:22:36.1383733Z [36;1m  },[0m
Status Check - Keycloak CI	Run /./.github/actions/status-check	2024-08-02T01:22:36.1384127Z [36;1m  "sssd-unit-tests": {[0m
Status Check - Keycloak CI	Run /./.github/actions/status-check	2024-08-02T01:22:36.1384479Z [36;1m    "result": "success",[0m
Status Check - Keycloak CI	Run /./.github/actions/status-check	2024-08-02T01:22:36.1384856Z [36;1m    "outputs": {}[0m
Status Check - Keycloak CI	Run /./.github/actions/status-check	2024-08-02T01:22:36.1385272Z [36;1m  },[0m
Status Check - Keycloak CI	Run /./.github/actions/status-check	2024-08-02T01:22:36.1385563Z [36;1m  "migration-tests": {[0m
Status Check - Keycloak CI	Run /./.github/actions/status-check	2024-08-02T01:22:36.1385943Z [36;1m    "result": "success",[0m
Status Check - Keycloak CI	Run /./.github/actions/status-check	2024-08-02T01:22:36.1386399Z [36;1m    "outputs": {}[0m
Status Check - Keycloak CI	Run /./.github/actions/status-check	2024-08-02T01:22:36.1386709Z [36;1m  },[0m
Status Check - Keycloak CI	Run /./.github/actions/status-check	2024-08-02T01:22:36.1387054Z [36;1m  "external-infinispan-tests": {[0m
Status Check - Keycloak CI	Run /./.github/actions/status-check	2024-08-02T01:22:36.1387559Z [36;1m    "result": "success",[0m
Status Check - Keycloak CI	Run /./.github/actions/status-check	2024-08-02T01:22:36.1387908Z [36;1m    "outputs": {}[0m
Status Check - Keycloak CI	Run /./.github/actions/status-check	2024-08-02T01:22:36.1388305Z [36;1m  },[0m
Status Check - Keycloak CI	Run /./.github/actions/status-check	2024-08-02T01:22:36.1388697Z [36;1m  "test-poc": {[0m
Status Check - Keycloak CI	Run /./.github/actions/status-check	2024-08-02T01:22:36.1389024Z [36;1m    "result": "success",[0m
Status Check - Keycloak CI	Run /./.github/actions/status-check	2024-08-02T01:22:36.1389417Z [36;1m    "outputs": {}[0m
Status Check - Keycloak CI	Run /./.github/actions/status-check	2024-08-02T01:22:36.1389824Z [36;1m  }[0m
Status Check - Keycloak CI	Run /./.github/actions/status-check	2024-08-02T01:22:36.1390092Z [36;1m}'[0m
Status Check - Keycloak CI	Run /./.github/actions/status-check	2024-08-02T01:22:36.1390409Z [36;1m[0m
Status Check - Keycloak CI	Run /./.github/actions/status-check	2024-08-02T01:22:36.1390777Z [36;1mecho "Job status:"[0m
Status Check - Keycloak CI	Run /./.github/actions/status-check	2024-08-02T01:22:36.1391283Z [36;1mecho $JOBS | jq -r 'to_entries[] | " - \(.key): \(.value.result)"'[0m
Status Check - Keycloak CI	Run /./.github/actions/status-check	2024-08-02T01:22:36.1391839Z [36;1m[0m
Status Check - Keycloak CI	Run /./.github/actions/status-check	2024-08-02T01:22:36.1392339Z [36;1mfor i in $(echo $JOBS | jq -r 'to_entries[] | .value.result'); do[0m
Status Check - Keycloak CI	Run /./.github/actions/status-check	2024-08-02T01:22:36.1392954Z [36;1m  if [ "$i" != "success" ] && [ "$i" != "skipped" ]; then[0m
Status Check - Keycloak CI	Run /./.github/actions/status-check	2024-08-02T01:22:36.1393521Z [36;1m    echo ""[0m
Status Check - Keycloak CI	Run /./.github/actions/status-check	2024-08-02T01:22:36.1393962Z [36;1m    echo "Status check not okay!"[0m
Status Check - Keycloak CI	Run /./.github/actions/status-check	2024-08-02T01:22:36.1394350Z [36;1m    exit 1[0m
Status Check - Keycloak CI	Run /./.github/actions/status-check	2024-08-02T01:22:36.1394692Z [36;1m  fi[0m
Status Check - Keycloak CI	Run /./.github/actions/status-check	2024-08-02T01:22:36.1395387Z [36;1mdone[0m
Status Check - Keycloak CI	Run /./.github/actions/status-check	2024-08-02T01:22:36.1452983Z shell: /usr/bin/bash --noprofile --norc -e -o pipefail {0}
Status Check - Keycloak CI	Run /./.github/actions/status-check	2024-08-02T01:22:36.1453622Z env:
Status Check - Keycloak CI	Run /./.github/actions/status-check	2024-08-02T01:22:36.1454044Z   MAVEN_ARGS: -B -nsu -Daether.connector.http.connectionMaxTtl=25
Status Check - Keycloak CI	Run /./.github/actions/status-check	2024-08-02T01:22:36.1454657Z   SUREFIRE_RERUN_FAILING_COUNT: 2
Status Check - Keycloak CI	Run /./.github/actions/status-check	2024-08-02T01:22:36.1455212Z   SUREFIRE_RETRY: -Dsurefire.rerunFailingTestsCount=2
Status Check - Keycloak CI	Run /./.github/actions/status-check	2024-08-02T01:22:36.1455659Z ##[endgroup]
Status Check - Keycloak CI	Run /./.github/actions/status-check	2024-08-02T01:22:36.1596642Z Job status:
Status Check - Keycloak CI	Run /./.github/actions/status-check	2024-08-02T01:22:36.2299701Z  - conditional: success
Status Check - Keycloak CI	Run /./.github/actions/status-check	2024-08-02T01:22:36.2300366Z  - build: success
Status Check - Keycloak CI	Run /./.github/actions/status-check	2024-08-02T01:22:36.2300986Z  - unit-tests: success
Status Check - Keycloak CI	Run /./.github/actions/status-check	2024-08-02T01:22:36.2301839Z  - base-integration-tests: failure
Status Check - Keycloak CI	Run /./.github/actions/status-check	2024-08-02T01:22:36.2302314Z  - adapter-integration-tests: success
Status Check - Keycloak CI	Run /./.github/actions/status-check	2024-08-02T01:22:36.2302805Z  - quarkus-unit-tests: success
Status Check - Keycloak CI	Run /./.github/actions/status-check	2024-08-02T01:22:36.2303329Z  - quarkus-integration-tests: success
Status Check - Keycloak CI	Run /./.github/actions/status-check	2024-08-02T01:22:36.2303764Z  - jdk-integration-tests: success
Status Check - Keycloak CI	Run /./.github/actions/status-check	2024-08-02T01:22:36.2304224Z  - store-integration-tests: success
Status Check - Keycloak CI	Run /./.github/actions/status-check	2024-08-02T01:22:36.2304778Z  - persistent-sessions-tests: success
Status Check - Keycloak CI	Run /./.github/actions/status-check	2024-08-02T01:22:36.2305251Z  - store-model-tests: success
Status Check - Keycloak CI	Run /./.github/actions/status-check	2024-08-02T01:22:36.2305715Z  - clustering-integration-tests: success
Status Check - Keycloak CI	Run /./.github/actions/status-check	2024-08-02T01:22:36.2306242Z  - fips-unit-tests: success
Status Check - Keycloak CI	Run /./.github/actions/status-check	2024-08-02T01:22:36.2306631Z  - fips-integration-tests: success
Status Check - Keycloak CI	Run /./.github/actions/status-check	2024-08-02T01:22:36.2307100Z  - forms-integration-tests: success
Status Check - Keycloak CI	Run /./.github/actions/status-check	2024-08-02T01:22:36.2307823Z  - webauthn-integration-tests: success
Status Check - Keycloak CI	Run /./.github/actions/status-check	2024-08-02T01:22:36.2308552Z  - sssd-unit-tests: success
Status Check - Keycloak CI	Run /./.github/actions/status-check	2024-08-02T01:22:36.2309245Z  - migration-tests: success
Status Check - Keycloak CI	Run /./.github/actions/status-check	2024-08-02T01:22:36.2310055Z  - external-infinispan-tests: success
Status Check - Keycloak CI	Run /./.github/actions/status-check	2024-08-02T01:22:36.2310749Z  - test-poc: success
Status Check - Keycloak CI	Run /./.github/actions/status-check	2024-08-02T01:22:36.2509583Z 
Status Check - Keycloak CI	Run /./.github/actions/status-check	2024-08-02T01:22:36.2510084Z Status check not okay!
Status Check - Keycloak CI	Run /./.github/actions/status-check	2024-08-02T01:22:36.2525167Z ##[error]Process completed with exit code 1.
