Admin UI E2E (4, firefox)	Run Cypress	2025-02-18T00:23:48.0471459Z ##[group]Run cypress-io/github-action@v6
Admin UI E2E (4, firefox)	Run Cypress	2025-02-18T00:23:48.0471948Z with:
Admin UI E2E (4, firefox)	Run Cypress	2025-02-18T00:23:48.0472216Z   install: false
Admin UI E2E (4, firefox)	Run Cypress	2025-02-18T00:23:48.0472501Z   browser: firefox
Admin UI E2E (4, firefox)	Run Cypress	2025-02-18T00:23:48.0472883Z   wait-on: http://localhost:8080
Admin UI E2E (4, firefox)	Run Cypress	2025-02-18T00:23:48.0473339Z   working-directory: js/apps/admin-ui
Admin UI E2E (4, firefox)	Run Cypress	2025-02-18T00:23:48.0473803Z   record: false
Admin UI E2E (4, firefox)	Run Cypress	2025-02-18T00:23:48.0474152Z   publish-summary: true
Admin UI E2E (4, firefox)	Run Cypress	2025-02-18T00:23:48.0474535Z   component: false
Admin UI E2E (4, firefox)	Run Cypress	2025-02-18T00:23:48.0474876Z env:
Admin UI E2E (4, firefox)	Run Cypress	2025-02-18T00:23:48.0475354Z   MAVEN_ARGS: -B -nsu -Daether.connector.http.connectionMaxTtl=25
Admin UI E2E (4, firefox)	Run Cypress	2025-02-18T00:23:48.0475924Z   RETRY_COUNT: 3
Admin UI E2E (4, firefox)	Run Cypress	2025-02-18T00:23:48.0476228Z   WORKSPACE: keycloak-admin-ui
Admin UI E2E (4, firefox)	Run Cypress	2025-02-18T00:23:48.0476779Z   JAVA_HOME: /opt/hostedtoolcache/Java_Temurin-Hotspot_jdk/21.0.6-7/x64
Admin UI E2E (4, firefox)	Run Cypress	2025-02-18T00:23:48.0477540Z   JAVA_HOME_21_X64: /opt/hostedtoolcache/Java_Temurin-Hotspot_jdk/21.0.6-7/x64
Admin UI E2E (4, firefox)	Run Cypress	2025-02-18T00:23:48.0478082Z   SPLIT: 10
Admin UI E2E (4, firefox)	Run Cypress	2025-02-18T00:23:48.0478343Z   SPLIT_INDEX: 7
Admin UI E2E (4, firefox)	Run Cypress	2025-02-18T00:23:48.0478672Z   SPLIT_RANDOM_SEED: 60
Admin UI E2E (4, firefox)	Run Cypress	2025-02-18T00:23:48.0479046Z ##[endgroup]
Admin UI E2E (4, firefox)	Run Cypress	2025-02-18T00:23:48.3285317Z Skipping install because install parameter is false
Admin UI E2E (4, firefox)	Run Cypress	2025-02-18T00:23:48.3298373Z waiting on "http://localhost:8080" with timeout of 60 seconds
Admin UI E2E (4, firefox)	Run Cypress	2025-02-18T00:24:05.5636203Z It looks like this is your first time using Cypress: 14.0.3
Admin UI E2E (4, firefox)	Run Cypress	2025-02-18T00:24:05.5636894Z 
Admin UI E2E (4, firefox)	Run Cypress	2025-02-18T00:24:05.5659262Z [STARTED] Task without title.
Admin UI E2E (4, firefox)	Run Cypress	2025-02-18T00:24:07.0699971Z [SUCCESS] Task without title.
Admin UI E2E (4, firefox)	Run Cypress	2025-02-18T00:24:07.0705078Z 
Admin UI E2E (4, firefox)	Run Cypress	2025-02-18T00:24:07.0705428Z Opening Cypress...
Admin UI E2E (4, firefox)	Run Cypress	2025-02-18T00:24:07.6633861Z 
Admin UI E2E (4, firefox)	Run Cypress	2025-02-18T00:24:07.6635243Z DevTools listening on ws://127.0.0.1:37907/devtools/browser/e070ae70-ebc0-410f-947a-d5eaca35edac
Admin UI E2E (4, firefox)	Run Cypress	2025-02-18T00:24:08.2704025Z (node:2760) ExperimentalWarning: `--experimental-loader` may be removed in the future; instead use `register()`:
Admin UI E2E (4, firefox)	Run Cypress	2025-02-18T00:24:08.2705754Z --import 'data:text/javascript,import { register } from "node:module"; import { pathToFileURL } from "node:url"; register("file%3A///home/runner/.cache/Cypress/14.0.3/Cypress/resources/app/node_modules/ts-node/esm/transpile-only.mjs", pathToFileURL("./"));'
Admin UI E2E (4, firefox)	Run Cypress	2025-02-18T00:24:08.2707616Z (Use `node --trace-warnings ...` to show where the warning was created)
Admin UI E2E (4, firefox)	Run Cypress	2025-02-18T00:24:08.9861253Z cypress-split: there are 41 found specs
Admin UI E2E (4, firefox)	Run Cypress	2025-02-18T00:24:08.9863447Z the first 5 specs
Admin UI E2E (4, firefox)	Run Cypress	2025-02-18T00:24:08.9864348Z - 1: /home/runner/work/keycloak/keycloak/js/apps/admin-ui/cypress/e2e/user_fed_ldap_test.spec.ts
Admin UI E2E (4, firefox)	Run Cypress	2025-02-18T00:24:08.9872344Z - 2: /home/runner/work/keycloak/keycloak/js/apps/admin-ui/cypress/e2e/users_enable_disable.spec.ts
Admin UI E2E (4, firefox)	Run Cypress	2025-02-18T00:24:08.9873799Z - 3: /home/runner/work/keycloak/keycloak/js/apps/admin-ui/cypress/e2e/clients_saml_test.spec.ts
Admin UI E2E (4, firefox)	Run Cypress	2025-02-18T00:24:08.9875387Z - 4: /home/runner/work/keycloak/keycloak/js/apps/admin-ui/cypress/e2e/realm_settings_client_profiles_test.spec.ts
Admin UI E2E (4, firefox)	Run Cypress	2025-02-18T00:24:08.9877016Z - 5: /home/runner/work/keycloak/keycloak/js/apps/admin-ui/cypress/e2e/client_registration_policies.spec.ts
Admin UI E2E (4, firefox)	Run Cypress	2025-02-18T00:24:08.9878017Z cypress-split: chunk 8 of 10
Admin UI E2E (4, firefox)	Run Cypress	2025-02-18T00:24:08.9882127Z k  spec                                                   
Admin UI E2E (4, firefox)	Run Cypress	2025-02-18T00:24:08.9882848Z -  -------------------------------------------------------
Admin UI E2E (4, firefox)	Run Cypress	2025-02-18T00:24:08.9883494Z 1  cypress/e2e/masthead_test.spec.ts                      
Admin UI E2E (4, firefox)	Run Cypress	2025-02-18T00:24:08.9884222Z 2  cypress/e2e/realm_settings_client_policies_test.spec.ts
Admin UI E2E (4, firefox)	Run Cypress	2025-02-18T00:24:08.9884972Z 3  cypress/e2e/realm_roles_test.spec.ts                   
Admin UI E2E (4, firefox)	Run Cypress	2025-02-18T00:24:08.9885686Z 4  cypress/e2e/client_authorization_test.spec.ts          
Admin UI E2E (4, firefox)	Run Cypress	2025-02-18T00:24:08.9886066Z 
Admin UI E2E (4, firefox)	Run Cypress	2025-02-18T00:24:09.6973057Z 
Admin UI E2E (4, firefox)	Run Cypress	2025-02-18T00:24:09.7203724Z [90m====================================================================================================[39m
Admin UI E2E (4, firefox)	Run Cypress	2025-02-18T00:24:09.7204219Z 
Admin UI E2E (4, firefox)	Run Cypress	2025-02-18T00:24:09.7205389Z [0m  ([4m[1mRun Starting[22m[24m)[0m
Admin UI E2E (4, firefox)	Run Cypress	2025-02-18T00:24:09.7205765Z 
Admin UI E2E (4, firefox)	Run Cypress	2025-02-18T00:24:09.7275953Z [90m  ┌[39m[90m─[39m[90m─[39m[90m─[39m[90m─[39m[90m─[39m[90m─[39m[90m─[39m[90m─[39m[90m─[39m[90m─[39m[90m─[39m[90m─[39m[90m─[39m[90m─[39m[90m─[39m[90m─[39m[90m─[39m[90m─[39m[90m─[39m[90m─[39m[90m─[39m[90m─[39m[90m─[39m[90m─[39m[90m─[39m[90m─[39m[90m─[39m[90m─[39m[90m─[39m[90m─[39m[90m─[39m[90m─[39m[90m─[39m[90m─[39m[90m─[39m[90m─[39m[90m─[39m[90m─[39m[90m─[39m[90m─[39m[90m─[39m[90m─[39m[90m─[39m[90m─[39m[90m─[39m[90m─[39m[90m─[39m[90m─[39m[90m─[39m[90m─[39m[90m─[39m[90m─[39m[90m─[39m[90m─[39m[90m─[39m[90m─[39m[90m─[39m[90m─[39m[90m─[39m[90m─[39m[90m─[39m[90m─[39m[90m─[39m[90m─[39m[90m─[39m[90m─[39m[90m─[39m[90m─[39m[90m─[39m[90m─[39m[90m─[39m[90m─[39m[90m─[39m[90m─[39m[90m─[39m[90m─[39m[90m─[39m[90m─[39m[90m─[39m[90m─[39m[90m─[39m[90m─[39m[90m─[39m[90m─[39m[90m─[39m[90m─[39m[90m─[39m[90m─[39m[90m─[39m[90m─[39m[90m─[39m[90m─[39m[90m─[39m[90m─[39m[90m─[39m[90m─[39m[90m┐[39m
Admin UI E2E (4, firefox)	Run Cypress	2025-02-18T00:24:09.7279702Z [90m  │[39m [90mCypress:[39m        14.0.3                                                                         [90m│[39m
Admin UI E2E (4, firefox)	Run Cypress	2025-02-18T00:24:09.7280555Z [90m  │[39m [90mBrowser:[39m        Firefox 135 [90m(headless)[39m                                                         [90m│[39m
Admin UI E2E (4, firefox)	Run Cypress	2025-02-18T00:24:09.7281862Z [90m  │[39m [90mNode Version:[39m   [0mv20.18.0 [90m(/home/runner/runners/2.322.0/externals/node20/bin/node)[39m[0m              [90m│[39m
Admin UI E2E (4, firefox)	Run Cypress	2025-02-18T00:24:09.7284081Z [90m  │[39m [90mSpecs:[39m          [0m4 found (masthead_test.spec.ts, realm_settings_client_policies_test.spec.ts, r[0m [90m│[39m
Admin UI E2E (4, firefox)	Run Cypress	2025-02-18T00:24:09.7285383Z [90m  │[39m                 [0mealm_roles_test.spec.ts, client_authorization_test.spec.ts)[0m                    [90m│[39m
Admin UI E2E (4, firefox)	Run Cypress	2025-02-18T00:24:09.7286552Z [90m  │[39m [90mSearched:[39m       [0mcypress/e2e/masthead_test.spec.ts, cypress/e2e/realm_settings_client_policies_[0m [90m│[39m
Admin UI E2E (4, firefox)	Run Cypress	2025-02-18T00:24:09.7287459Z [90m  │[39m                 [0mtest.spec.ts, cypress/e2e/realm_roles_test.spec.ts, cypress/e2e/client_authori[0m [90m│[39m
Admin UI E2E (4, firefox)	Run Cypress	2025-02-18T00:24:09.7288217Z [90m  │[39m                 [0mzation_test.spec.ts[0m                                                            [90m│[39m
Admin UI E2E (4, firefox)	Run Cypress	2025-02-18T00:24:09.7289015Z [90m  │[39m [90mExperiments:[39m    experimentalMemoryManagement=true                                              [90m│[39m
Admin UI E2E (4, firefox)	Run Cypress	2025-02-18T00:24:09.7293867Z [90m  └[39m[90m─[39m[90m─[39m[90m─[39m[90m─[39m[90m─[39m[90m─[39m[90m─[39m[90m─[39m[90m─[39m[90m─[39m[90m─[39m[90m─[39m[90m─[39m[90m─[39m[90m─[39m[90m─[39m[90m─[39m[90m─[39m[90m─[39m[90m─[39m[90m─[39m[90m─[39m[90m─[39m[90m─[39m[90m─[39m[90m─[39m[90m─[39m[90m─[39m[90m─[39m[90m─[39m[90m─[39m[90m─[39m[90m─[39m[90m─[39m[90m─[39m[90m─[39m[90m─[39m[90m─[39m[90m─[39m[90m─[39m[90m─[39m[90m─[39m[90m─[39m[90m─[39m[90m─[39m[90m─[39m[90m─[39m[90m─[39m[90m─[39m[90m─[39m[90m─[39m[90m─[39m[90m─[39m[90m─[39m[90m─[39m[90m─[39m[90m─[39m[90m─[39m[90m─[39m[90m─[39m[90m─[39m[90m─[39m[90m─[39m[90m─[39m[90m─[39m[90m─[39m[90m─[39m[90m─[39m[90m─[39m[90m─[39m[90m─[39m[90m─[39m[90m─[39m[90m─[39m[90m─[39m[90m─[39m[90m─[39m[90m─[39m[90m─[39m[90m─[39m[90m─[39m[90m─[39m[90m─[39m[90m─[39m[90m─[39m[90m─[39m[90m─[39m[90m─[39m[90m─[39m[90m─[39m[90m─[39m[90m─[39m[90m─[39m[90m─[39m[90m─[39m[90m─[39m[90m┘[39m
Admin UI E2E (4, firefox)	Run Cypress	2025-02-18T00:24:09.7295943Z 
Admin UI E2E (4, firefox)	Run Cypress	2025-02-18T00:24:09.7295954Z 
Admin UI E2E (4, firefox)	Run Cypress	2025-02-18T00:24:09.7299418Z [90m─[39m[90m─[39m[90m─[39m[90m─[39m[90m─[39m[90m─[39m[90m─[39m[90m─[39m[90m─[39m[90m─[39m[90m─[39m[90m─[39m[90m─[39m[90m─[39m[90m─[39m[90m─[39m[90m─[39m[90m─[39m[90m─[39m[90m─[39m[90m─[39m[90m─[39m[90m─[39m[90m─[39m[90m─[39m[90m─[39m[90m─[39m[90m─[39m[90m─[39m[90m─[39m[90m─[39m[90m─[39m[90m─[39m[90m─[39m[90m─[39m[90m─[39m[90m─[39m[90m─[39m[90m─[39m[90m─[39m[90m─[39m[90m─[39m[90m─[39m[90m─[39m[90m─[39m[90m─[39m[90m─[39m[90m─[39m[90m─[39m[90m─[39m[90m─[39m[90m─[39m[90m─[39m[90m─[39m[90m─[39m[90m─[39m[90m─[39m[90m─[39m[90m─[39m[90m─[39m[90m─[39m[90m─[39m[90m─[39m[90m─[39m[90m─[39m[90m─[39m[90m─[39m[90m─[39m[90m─[39m[90m─[39m[90m─[39m[90m─[39m[90m─[39m[90m─[39m[90m─[39m[90m─[39m[90m─[39m[90m─[39m[90m─[39m[90m─[39m[90m─[39m[90m─[39m[90m─[39m[90m─[39m[90m─[39m[90m─[39m[90m─[39m[90m─[39m[90m─[39m[90m─[39m[90m─[39m[90m─[39m[90m─[39m[90m─[39m[90m─[39m[90m─[39m[90m─[39m[90m─[39m[90m─[39m[90m─[39m
Admin UI E2E (4, firefox)	Run Cypress	2025-02-18T00:24:09.7301944Z                                                                                                     
Admin UI E2E (4, firefox)	Run Cypress	2025-02-18T00:24:09.7302530Z   Running:  [90mmasthead_test.spec.ts[39m                                                           [90m(1 of 4)[39m
Admin UI E2E (4, firefox)	Run Cypress	2025-02-18T00:24:09.7302847Z 
Admin UI E2E (4, firefox)	Run Cypress	2025-02-18T00:24:09.7303234Z [35mYour project has set the configuration option: `chromeWebSecurity` to `false`.[39m
Admin UI E2E (4, firefox)	Run Cypress	2025-02-18T00:24:09.7303660Z [35m[39m
Admin UI E2E (4, firefox)	Run Cypress	2025-02-18T00:24:09.7304305Z [35mThis option will not have an effect in Firefox. Tests that rely on web security being disabled will not run as expected.[39m
Admin UI E2E (4, firefox)	Run Cypress	2025-02-18T00:24:17.1678534Z 
Admin UI E2E (4, firefox)	Run Cypress	2025-02-18T00:24:17.1756841Z [0m[0m
Admin UI E2E (4, firefox)	Run Cypress	2025-02-18T00:24:17.1821509Z [0m  Masthead tests[0m
Admin UI E2E (4, firefox)	Run Cypress	2025-02-18T00:24:17.1822353Z [0m    Desktop view[0m
Admin UI E2E (4, firefox)	Run Cypress	2025-02-18T00:24:23.2846148Z     [32m  ✓[0m[90m Go to account console and back to admin console[0m[90m (6095ms)[0m
Admin UI E2E (4, firefox)	Run Cypress	2025-02-18T00:24:25.8794246Z     [32m  ✓[0m[90m Sign out reachs to log in screen[0m[90m (2548ms)[0m
Admin UI E2E (4, firefox)	Run Cypress	2025-02-18T00:24:29.9307606Z     [32m  ✓[0m[90m Go to realm info[0m[90m (4015ms)[0m
Admin UI E2E (4, firefox)	Run Cypress	2025-02-18T00:24:31.5477953Z     [32m  ✓[0m[90m Should go to documentation page[0m[90m (1584ms)[0m
Admin UI E2E (4, firefox)	Run Cypress	2025-02-18T00:24:33.4852688Z     [32m  ✓[0m[90m Enable/disable help mode in desktop mode[0m[90m (1905ms)[0m
Admin UI E2E (4, firefox)	Run Cypress	2025-02-18T00:24:33.4990532Z [0m    Login works for unprivileged users[0m
Admin UI E2E (4, firefox)	Run Cypress	2025-02-18T00:24:41.6332099Z     [32m  ✓[0m[90m Login without privileges to see admin console[0m[90m (7192ms)[0m
Admin UI E2E (4, firefox)	Run Cypress	2025-02-18T00:24:41.6533427Z [0m    Mobile view[0m
Admin UI E2E (4, firefox)	Run Cypress	2025-02-18T00:24:45.5604065Z     [32m  ✓[0m[90m Mobile menu is shown when in mobile view[0m[90m (3887ms)[0m
Admin UI E2E (4, firefox)	Run Cypress	2025-02-18T00:24:47.4720265Z     [32m  ✓[0m[90m Enable/disable help mode in mobile view[0m[90m (1878ms)[0m
Admin UI E2E (4, firefox)	Run Cypress	2025-02-18T00:24:47.4845990Z [0m    Accessibility tests for masthead[0m
Admin UI E2E (4, firefox)	Run Cypress	2025-02-18T00:24:50.8013570Z     [32m  ✓[0m[90m Check a11y violations on load/ masthead[0m[90m (3283ms)[0m
Admin UI E2E (4, firefox)	Run Cypress	2025-02-18T00:24:50.8068900Z 
Admin UI E2E (4, firefox)	Run Cypress	2025-02-18T00:24:50.8246230Z 
Admin UI E2E (4, firefox)	Run Cypress	2025-02-18T00:24:50.8248379Z [92m [0m[32m 9 passing[0m[90m (34s)[0m
Admin UI E2E (4, firefox)	Run Cypress	2025-02-18T00:24:50.8248805Z 
Admin UI E2E (4, firefox)	Run Cypress	2025-02-18T00:24:54.8298877Z [35mWarning: We failed capturing this video.[39m
Admin UI E2E (4, firefox)	Run Cypress	2025-02-18T00:24:54.8299305Z [35m[39m
Admin UI E2E (4, firefox)	Run Cypress	2025-02-18T00:24:54.8299935Z [35mThis error will not affect or change the exit code.[39m
Admin UI E2E (4, firefox)	Run Cypress	2025-02-18T00:24:54.8300434Z [35m[39m
Admin UI E2E (4, firefox)	Run Cypress	2025-02-18T00:24:54.8301080Z [35mError: Insufficient frames captured to create video.[39m
Admin UI E2E (4, firefox)	Run Cypress	2025-02-18T00:24:54.8301725Z [35m    at ChildProcess.<anonymous> (<embedded>:805:16306)[39m
Admin UI E2E (4, firefox)	Run Cypress	2025-02-18T00:24:54.8302457Z [35m    at ChildProcess.emit (node:events:518:28)[39m
Admin UI E2E (4, firefox)	Run Cypress	2025-02-18T00:24:54.8303310Z [35m    at ChildProcess._handle.onexit (node:internal/child_process:293:12)[39m
Admin UI E2E (4, firefox)	Run Cypress	2025-02-18T00:24:54.8324480Z 
Admin UI E2E (4, firefox)	Run Cypress	2025-02-18T00:24:54.8325256Z [32m  ([4m[1mResults[22m[24m)[39m
Admin UI E2E (4, firefox)	Run Cypress	2025-02-18T00:24:54.8343717Z 
Admin UI E2E (4, firefox)	Run Cypress	2025-02-18T00:24:54.8360054Z [90m  ┌[39m[90m─[39m[90m─[39m[90m─[39m[90m─[39m[90m─[39m[90m─[39m[90m─[39m[90m─[39m[90m─[39m[90m─[39m[90m─[39m[90m─[39m[90m─[39m[90m─[39m[90m─[39m[90m─[39m[90m─[39m[90m─[39m[90m─[39m[90m─[39m[90m─[39m[90m─[39m[90m─[39m[90m─[39m[90m─[39m[90m─[39m[90m─[39m[90m─[39m[90m─[39m[90m─[39m[90m─[39m[90m─[39m[90m─[39m[90m─[39m[90m─[39m[90m─[39m[90m─[39m[90m─[39m[90m─[39m[90m─[39m[90m─[39m[90m─[39m[90m─[39m[90m─[39m[90m─[39m[90m─[39m[90m─[39m[90m─[39m[90m─[39m[90m─[39m[90m─[39m[90m─[39m[90m─[39m[90m─[39m[90m─[39m[90m─[39m[90m─[39m[90m─[39m[90m─[39m[90m─[39m[90m─[39m[90m─[39m[90m─[39m[90m─[39m[90m─[39m[90m─[39m[90m─[39m[90m─[39m[90m─[39m[90m─[39m[90m─[39m[90m─[39m[90m─[39m[90m─[39m[90m─[39m[90m─[39m[90m─[39m[90m─[39m[90m─[39m[90m─[39m[90m─[39m[90m─[39m[90m─[39m[90m─[39m[90m─[39m[90m─[39m[90m─[39m[90m─[39m[90m─[39m[90m─[39m[90m─[39m[90m─[39m[90m─[39m[90m─[39m[90m─[39m[90m─[39m[90m┐[39m
Admin UI E2E (4, firefox)	Run Cypress	2025-02-18T00:24:54.8364878Z [90m  │[39m [90mTests:[39m        [32m9[39m                                                                                [90m│[39m
Admin UI E2E (4, firefox)	Run Cypress	2025-02-18T00:24:54.8366081Z [90m  │[39m [90mPassing:[39m      [32m9[39m                                                                                [90m│[39m
Admin UI E2E (4, firefox)	Run Cypress	2025-02-18T00:24:54.8367346Z [90m  │[39m [90mFailing:[39m      [32m0[39m                                                                                [90m│[39m
Admin UI E2E (4, firefox)	Run Cypress	2025-02-18T00:24:54.8368655Z [90m  │[39m [90mPending:[39m      [32m0[39m                                                                                [90m│[39m
Admin UI E2E (4, firefox)	Run Cypress	2025-02-18T00:24:54.8369970Z [90m  │[39m [90mSkipped:[39m      [32m0[39m                                                                                [90m│[39m
Admin UI E2E (4, firefox)	Run Cypress	2025-02-18T00:24:54.8371871Z [90m  │[39m [90mScreenshots:[39m  [32m0[39m                                                                                [90m│[39m
Admin UI E2E (4, firefox)	Run Cypress	2025-02-18T00:24:54.8373248Z [90m  │[39m [90mVideo:[39m        [32mfalse[39m                                                                            [90m│[39m
Admin UI E2E (4, firefox)	Run Cypress	2025-02-18T00:24:54.8374646Z [90m  │[39m [90mDuration:[39m     [32m33 seconds[39m                                                                       [90m│[39m
Admin UI E2E (4, firefox)	Run Cypress	2025-02-18T00:24:54.8376238Z [90m  │[39m [90mSpec Ran:[39m     [32m[32mmasthead_test.spec.ts[32m[39m                                                            [90m│[39m
Admin UI E2E (4, firefox)	Run Cypress	2025-02-18T00:24:54.8383852Z [90m  └[39m[90m─[39m[90m─[39m[90m─[39m[90m─[39m[90m─[39m[90m─[39m[90m─[39m[90m─[39m[90m─[39m[90m─[39m[90m─[39m[90m─[39m[90m─[39m[90m─[39m[90m─[39m[90m─[39m[90m─[39m[90m─[39m[90m─[39m[90m─[39m[90m─[39m[90m─[39m[90m─[39m[90m─[39m[90m─[39m[90m─[39m[90m─[39m[90m─[39m[90m─[39m[90m─[39m[90m─[39m[90m─[39m[90m─[39m[90m─[39m[90m─[39m[90m─[39m[90m─[39m[90m─[39m[90m─[39m[90m─[39m[90m─[39m[90m─[39m[90m─[39m[90m─[39m[90m─[39m[90m─[39m[90m─[39m[90m─[39m[90m─[39m[90m─[39m[90m─[39m[90m─[39m[90m─[39m[90m─[39m[90m─[39m[90m─[39m[90m─[39m[90m─[39m[90m─[39m[90m─[39m[90m─[39m[90m─[39m[90m─[39m[90m─[39m[90m─[39m[90m─[39m[90m─[39m[90m─[39m[90m─[39m[90m─[39m[90m─[39m[90m─[39m[90m─[39m[90m─[39m[90m─[39m[90m─[39m[90m─[39m[90m─[39m[90m─[39m[90m─[39m[90m─[39m[90m─[39m[90m─[39m[90m─[39m[90m─[39m[90m─[39m[90m─[39m[90m─[39m[90m─[39m[90m─[39m[90m─[39m[90m─[39m[90m─[39m[90m─[39m[90m─[39m[90m─[39m[90m┘[39m
Admin UI E2E (4, firefox)	Run Cypress	2025-02-18T00:24:54.8387912Z 
Admin UI E2E (4, firefox)	Run Cypress	2025-02-18T00:24:54.8859854Z 
Admin UI E2E (4, firefox)	Run Cypress	2025-02-18T00:24:54.8885105Z [90m─[39m[90m─[39m[90m─[39m[90m─[39m[90m─[39m[90m─[39m[90m─[39m[90m─[39m[90m─[39m[90m─[39m[90m─[39m[90m─[39m[90m─[39m[90m─[39m[90m─[39m[90m─[39m[90m─[39m[90m─[39m[90m─[39m[90m─[39m[90m─[39m[90m─[39m[90m─[39m[90m─[39m[90m─[39m[90m─[39m[90m─[39m[90m─[39m[90m─[39m[90m─[39m[90m─[39m[90m─[39m[90m─[39m[90m─[39m[90m─[39m[90m─[39m[90m─[39m[90m─[39m[90m─[39m[90m─[39m[90m─[39m[90m─[39m[90m─[39m[90m─[39m[90m─[39m[90m─[39m[90m─[39m[90m─[39m[90m─[39m[90m─[39m[90m─[39m[90m─[39m[90m─[39m[90m─[39m[90m─[39m[90m─[39m[90m─[39m[90m─[39m[90m─[39m[90m─[39m[90m─[39m[90m─[39m[90m─[39m[90m─[39m[90m─[39m[90m─[39m[90m─[39m[90m─[39m[90m─[39m[90m─[39m[90m─[39m[90m─[39m[90m─[39m[90m─[39m[90m─[39m[90m─[39m[90m─[39m[90m─[39m[90m─[39m[90m─[39m[90m─[39m[90m─[39m[90m─[39m[90m─[39m[90m─[39m[90m─[39m[90m─[39m[90m─[39m[90m─[39m[90m─[39m[90m─[39m[90m─[39m[90m─[39m[90m─[39m[90m─[39m[90m─[39m[90m─[39m[90m─[39m[90m─[39m[90m─[39m
Admin UI E2E (4, firefox)	Run Cypress	2025-02-18T00:24:54.8890435Z                                                                                                     
Admin UI E2E (4, firefox)	Run Cypress	2025-02-18T00:24:54.8891753Z   Running:  [90mrealm_settings_client_policies_test.spec.ts[39m                                     [90m(2 of 4)[39m
Admin UI E2E (4, firefox)	Run Cypress	2025-02-18T00:24:54.8892434Z 
Admin UI E2E (4, firefox)	Run Cypress	2025-02-18T00:24:54.8893183Z [35mYour project has set the configuration option: `chromeWebSecurity` to `false`.[39m
Admin UI E2E (4, firefox)	Run Cypress	2025-02-18T00:24:54.8893905Z [35m[39m
Admin UI E2E (4, firefox)	Run Cypress	2025-02-18T00:24:54.8895067Z [35mThis option will not have an effect in Firefox. Tests that rely on web security being disabled will not run as expected.[39m
Admin UI E2E (4, firefox)	Run Cypress	2025-02-18T00:24:58.4992936Z 
Admin UI E2E (4, firefox)	Run Cypress	2025-02-18T00:24:58.5071123Z [0m[0m
Admin UI E2E (4, firefox)	Run Cypress	2025-02-18T00:24:58.5125238Z [0m  Realm settings client policies tab tests[0m
Admin UI E2E (4, firefox)	Run Cypress	2025-02-18T00:25:04.5974355Z   [32m  ✓[0m[90m Complete new client form and cancel[0m[90m (6072ms)[0m
Admin UI E2E (4, firefox)	Run Cypress	2025-02-18T00:25:07.3920145Z   [32m  ✓[0m[90m Complete new client form and submit[0m[90m (2763ms)[0m
Admin UI E2E (4, firefox)	Run Cypress	2025-02-18T00:25:09.7052815Z   [32m  ✓[0m[90m Should perform client profile search by profile name[0m[90m (2290ms)[0m
Admin UI E2E (4, firefox)	Run Cypress	2025-02-18T00:25:12.3152416Z   [32m  ✓[0m[90m Should not have conditions configured by default[0m[90m (2579ms)[0m
Admin UI E2E (4, firefox)	Run Cypress	2025-02-18T00:25:14.9837875Z   [32m  ✓[0m[90m Should cancel adding a new condition to a client profile[0m[90m (2609ms)[0m
Admin UI E2E (4, firefox)	Run Cypress	2025-02-18T00:25:17.8646769Z   [32m  ✓[0m[90m Should add a new client-roles condition to a client profile[0m[90m (2857ms)[0m
Admin UI E2E (4, firefox)	Run Cypress	2025-02-18T00:25:21.5578048Z   [32m  ✓[0m[90m Should add a new client-scopes condition to a client profile[0m[90m (3653ms)[0m
Admin UI E2E (4, firefox)	Run Cypress	2025-02-18T00:25:24.2446951Z   [32m  ✓[0m[90m Should edit the client-roles condition of a client profile[0m[90m (2647ms)[0m
Admin UI E2E (4, firefox)	Run Cypress	2025-02-18T00:25:26.9117262Z   [32m  ✓[0m[90m Should edit the client-scopes condition of a client profile[0m[90m (2606ms)[0m
Admin UI E2E (4, firefox)	Run Cypress	2025-02-18T00:25:29.1984596Z   [32m  ✓[0m[90m Should cancel deleting condition from a client profile[0m[90m (2263ms)[0m
Admin UI E2E (4, firefox)	Run Cypress	2025-02-18T00:25:31.3599395Z   [32m  ✓[0m[90m Should delete client-roles condition from a client profile[0m[90m (2139ms)[0m
Admin UI E2E (4, firefox)	Run Cypress	2025-02-18T00:25:33.6359775Z   [32m  ✓[0m[90m Should delete client-scopes condition from a client profile[0m[90m (2253ms)[0m
Admin UI E2E (4, firefox)	Run Cypress	2025-02-18T00:25:36.1120449Z   [32m  ✓[0m[90m Check cancelling the client policy deletion[0m[90m (2455ms)[0m
Admin UI E2E (4, firefox)	Run Cypress	2025-02-18T00:25:38.8554313Z   [32m  ✓[0m[90m Check deleting the client policy[0m[90m (2721ms)[0m
Admin UI E2E (4, firefox)	Run Cypress	2025-02-18T00:25:40.9465039Z   [32m  ✓[0m[90m Check navigating between Form View and JSON editor[0m[90m (2072ms)[0m
Admin UI E2E (4, firefox)	Run Cypress	2025-02-18T00:25:45.5130556Z   [32m  ✓[0m[90m Should not create duplicate client profile[0m[90m (4544ms)[0m
Admin UI E2E (4, firefox)	Run Cypress	2025-02-18T00:25:48.6359802Z   [32m  ✓[0m[90m Check deleting newly created client policy from create view via dropdown[0m[90m (3102ms)[0m
Admin UI E2E (4, firefox)	Run Cypress	2025-02-18T00:25:50.8761438Z   [32m  ✓[0m[90m Check reloading JSON policies[0m[90m (2201ms)[0m
Admin UI E2E (4, firefox)	Run Cypress	2025-02-18T00:25:50.8762895Z 
Admin UI E2E (4, firefox)	Run Cypress	2025-02-18T00:25:50.8983271Z 
Admin UI E2E (4, firefox)	Run Cypress	2025-02-18T00:25:50.8984506Z [92m [0m[32m 18 passing[0m[90m (52s)[0m
Admin UI E2E (4, firefox)	Run Cypress	2025-02-18T00:25:50.8985038Z 
Admin UI E2E (4, firefox)	Run Cypress	2025-02-18T00:25:50.9011727Z 
Admin UI E2E (4, firefox)	Run Cypress	2025-02-18T00:25:50.9013798Z [32m  ([4m[1mResults[22m[24m)[39m
Admin UI E2E (4, firefox)	Run Cypress	2025-02-18T00:25:50.9035201Z 
Admin UI E2E (4, firefox)	Run Cypress	2025-02-18T00:25:50.9054396Z [90m  ┌[39m[90m─[39m[90m─[39m[90m─[39m[90m─[39m[90m─[39m[90m─[39m[90m─[39m[90m─[39m[90m─[39m[90m─[39m[90m─[39m[90m─[39m[90m─[39m[90m─[39m[90m─[39m[90m─[39m[90m─[39m[90m─[39m[90m─[39m[90m─[39m[90m─[39m[90m─[39m[90m─[39m[90m─[39m[90m─[39m[90m─[39m[90m─[39m[90m─[39m[90m─[39m[90m─[39m[90m─[39m[90m─[39m[90m─[39m[90m─[39m[90m─[39m[90m─[39m[90m─[39m[90m─[39m[90m─[39m[90m─[39m[90m─[39m[90m─[39m[90m─[39m[90m─[39m[90m─[39m[90m─[39m[90m─[39m[90m─[39m[90m─[39m[90m─[39m[90m─[39m[90m─[39m[90m─[39m[90m─[39m[90m─[39m[90m─[39m[90m─[39m[90m─[39m[90m─[39m[90m─[39m[90m─[39m[90m─[39m[90m─[39m[90m─[39m[90m─[39m[90m─[39m[90m─[39m[90m─[39m[90m─[39m[90m─[39m[90m─[39m[90m─[39m[90m─[39m[90m─[39m[90m─[39m[90m─[39m[90m─[39m[90m─[39m[90m─[39m[90m─[39m[90m─[39m[90m─[39m[90m─[39m[90m─[39m[90m─[39m[90m─[39m[90m─[39m[90m─[39m[90m─[39m[90m─[39m[90m─[39m[90m─[39m[90m─[39m[90m─[39m[90m─[39m[90m─[39m[90m┐[39m
Admin UI E2E (4, firefox)	Run Cypress	2025-02-18T00:25:50.9065011Z [90m  │[39m [90mTests:[39m        [32m18[39m                                                                               [90m│[39m
Admin UI E2E (4, firefox)	Run Cypress	2025-02-18T00:25:50.9066249Z [90m  │[39m [90mPassing:[39m      [32m18[39m                                                                               [90m│[39m
Admin UI E2E (4, firefox)	Run Cypress	2025-02-18T00:25:50.9075541Z [90m  │[39m [90mFailing:[39m      [32m0[39m                                                                                [90m│[39m
Admin UI E2E (4, firefox)	Run Cypress	2025-02-18T00:25:50.9076900Z [90m  │[39m [90mPending:[39m      [32m0[39m                                                                                [90m│[39m
Admin UI E2E (4, firefox)	Run Cypress	2025-02-18T00:25:50.9078128Z [90m  │[39m [90mSkipped:[39m      [32m0[39m                                                                                [90m│[39m
Admin UI E2E (4, firefox)	Run Cypress	2025-02-18T00:25:50.9079403Z [90m  │[39m [90mScreenshots:[39m  [32m0[39m                                                                                [90m│[39m
Admin UI E2E (4, firefox)	Run Cypress	2025-02-18T00:25:50.9081333Z [90m  │[39m [90mVideo:[39m        [32mfalse[39m                                                                            [90m│[39m
Admin UI E2E (4, firefox)	Run Cypress	2025-02-18T00:25:50.9082651Z [90m  │[39m [90mDuration:[39m     [32m52 seconds[39m                                                                       [90m│[39m
Admin UI E2E (4, firefox)	Run Cypress	2025-02-18T00:25:50.9084178Z [90m  │[39m [90mSpec Ran:[39m     [32m[32mrealm_settings_client_policies_test.spec.ts[32m[39m                                      [90m│[39m
Admin UI E2E (4, firefox)	Run Cypress	2025-02-18T00:25:50.9091323Z [90m  └[39m[90m─[39m[90m─[39m[90m─[39m[90m─[39m[90m─[39m[90m─[39m[90m─[39m[90m─[39m[90m─[39m[90m─[39m[90m─[39m[90m─[39m[90m─[39m[90m─[39m[90m─[39m[90m─[39m[90m─[39m[90m─[39m[90m─[39m[90m─[39m[90m─[39m[90m─[39m[90m─[39m[90m─[39m[90m─[39m[90m─[39m[90m─[39m[90m─[39m[90m─[39m[90m─[39m[90m─[39m[90m─[39m[90m─[39m[90m─[39m[90m─[39m[90m─[39m[90m─[39m[90m─[39m[90m─[39m[90m─[39m[90m─[39m[90m─[39m[90m─[39m[90m─[39m[90m─[39m[90m─[39m[90m─[39m[90m─[39m[90m─[39m[90m─[39m[90m─[39m[90m─[39m[90m─[39m[90m─[39m[90m─[39m[90m─[39m[90m─[39m[90m─[39m[90m─[39m[90m─[39m[90m─[39m[90m─[39m[90m─[39m[90m─[39m[90m─[39m[90m─[39m[90m─[39m[90m─[39m[90m─[39m[90m─[39m[90m─[39m[90m─[39m[90m─[39m[90m─[39m[90m─[39m[90m─[39m[90m─[39m[90m─[39m[90m─[39m[90m─[39m[90m─[39m[90m─[39m[90m─[39m[90m─[39m[90m─[39m[90m─[39m[90m─[39m[90m─[39m[90m─[39m[90m─[39m[90m─[39m[90m─[39m[90m─[39m[90m─[39m[90m─[39m[90m─[39m[90m┘[39m
Admin UI E2E (4, firefox)	Run Cypress	2025-02-18T00:25:50.9095318Z 
Admin UI E2E (4, firefox)	Run Cypress	2025-02-18T00:25:50.9585602Z 
Admin UI E2E (4, firefox)	Run Cypress	2025-02-18T00:25:50.9597313Z [90m─[39m[90m─[39m[90m─[39m[90m─[39m[90m─[39m[90m─[39m[90m─[39m[90m─[39m[90m─[39m[90m─[39m[90m─[39m[90m─[39m[90m─[39m[90m─[39m[90m─[39m[90m─[39m[90m─[39m[90m─[39m[90m─[39m[90m─[39m[90m─[39m[90m─[39m[90m─[39m[90m─[39m[90m─[39m[90m─[39m[90m─[39m[90m─[39m[90m─[39m[90m─[39m[90m─[39m[90m─[39m[90m─[39m[90m─[39m[90m─[39m[90m─[39m[90m─[39m[90m─[39m[90m─[39m[90m─[39m[90m─[39m[90m─[39m[90m─[39m[90m─[39m[90m─[39m[90m─[39m[90m─[39m[90m─[39m[90m─[39m[90m─[39m[90m─[39m[90m─[39m[90m─[39m[90m─[39m[90m─[39m[90m─[39m[90m─[39m[90m─[39m[90m─[39m[90m─[39m[90m─[39m[90m─[39m[90m─[39m[90m─[39m[90m─[39m[90m─[39m[90m─[39m[90m─[39m[90m─[39m[90m─[39m[90m─[39m[90m─[39m[90m─[39m[90m─[39m[90m─[39m[90m─[39m[90m─[39m[90m─[39m[90m─[39m[90m─[39m[90m─[39m[90m─[39m[90m─[39m[90m─[39m[90m─[39m[90m─[39m[90m─[39m[90m─[39m[90m─[39m[90m─[39m[90m─[39m[90m─[39m[90m─[39m[90m─[39m[90m─[39m[90m─[39m[90m─[39m[90m─[39m[90m─[39m[90m─[39m
Admin UI E2E (4, firefox)	Run Cypress	2025-02-18T00:25:50.9602873Z                                                                                                     
Admin UI E2E (4, firefox)	Run Cypress	2025-02-18T00:25:50.9603967Z   Running:  [90mrealm_roles_test.spec.ts[39m                                                        [90m(3 of 4)[39m
Admin UI E2E (4, firefox)	Run Cypress	2025-02-18T00:25:50.9604539Z 
Admin UI E2E (4, firefox)	Run Cypress	2025-02-18T00:25:50.9605236Z [35mYour project has set the configuration option: `chromeWebSecurity` to `false`.[39m
Admin UI E2E (4, firefox)	Run Cypress	2025-02-18T00:25:50.9605958Z [35m[39m
Admin UI E2E (4, firefox)	Run Cypress	2025-02-18T00:25:50.9607109Z [35mThis option will not have an effect in Firefox. Tests that rely on web security being disabled will not run as expected.[39m
Admin UI E2E (4, firefox)	Run Cypress	2025-02-18T00:25:54.4000433Z 
Admin UI E2E (4, firefox)	Run Cypress	2025-02-18T00:25:54.4110020Z [0m[0m
Admin UI E2E (4, firefox)	Run Cypress	2025-02-18T00:25:54.4168367Z [0m  Realm roles test[0m
Admin UI E2E (4, firefox)	Run Cypress	2025-02-18T00:25:58.5339042Z   [32m  ✓[0m[90m should fail creating realm role[0m[90m (4112ms)[0m
Admin UI E2E (4, firefox)	Run Cypress	2025-02-18T00:26:00.4038180Z   [32m  ✓[0m[90m shouldn't create a realm role based with only whitespace name[0m[90m (1834ms)[0m
Admin UI E2E (4, firefox)	Run Cypress	2025-02-18T00:26:03.4289488Z   [32m  ✓[0m[90m Realm role CRUD test[0m[90m (3003ms)[0m
Admin UI E2E (4, firefox)	Run Cypress	2025-02-18T00:26:06.7612304Z   [32m  ✓[0m[90m should delete role from details action[0m[90m (3288ms)[0m
Admin UI E2E (4, firefox)	Run Cypress	2025-02-18T00:26:08.5841717Z   [32m  ✓[0m[90m should not be able to delete default role[0m[90m (1793ms)[0m
Admin UI E2E (4, firefox)	Run Cypress	2025-02-18T00:26:42.8947286Z     [33m(Attempt 1 of 4)[0m Add associated roles test
Admin UI E2E (4, firefox)	Run Cypress	2025-02-18T00:27:18.2374196Z     [33m(Attempt 2 of 4)[0m Add associated roles test
Admin UI E2E (4, firefox)	Run Cypress	2025-02-18T00:27:54.5999485Z     [33m(Attempt 3 of 4)[0m Add associated roles test
Admin UI E2E (4, firefox)	Run Cypress	2025-02-18T00:28:31.9853305Z   [31m  1) Add associated roles test[0m
Admin UI E2E (4, firefox)	Run Cypress	2025-02-18T00:28:34.7622529Z   [32m  ✓[0m[90m should search existing associated role by name and go to it[0m[90m (2661ms)[0m
Admin UI E2E (4, firefox)	Run Cypress	2025-02-18T00:28:36.6838250Z   [32m  ✓[0m[90m should go to default-roles-master link role name and check assign roles table is not empty[0m[90m (1891ms)[0m
Admin UI E2E (4, firefox)	Run Cypress	2025-02-18T00:28:38.9581288Z   [32m  ✓[0m[90m Should search non-existent associated role by name[0m[90m (2245ms)[0m
Admin UI E2E (4, firefox)	Run Cypress	2025-02-18T00:28:43.2165437Z   [32m  ✓[0m[90m Should hide inherited roles test[0m[90m (4216ms)[0m
Admin UI E2E (4, firefox)	Run Cypress	2025-02-18T00:28:47.3512964Z   [32m  ✓[0m[90m Should fail to remove role when all unchecked from search bar[0m[90m (4061ms)[0m
Admin UI E2E (4, firefox)	Run Cypress	2025-02-18T00:28:51.8437932Z   [32m  ✓[0m[90m Should delete single non-inherited role item[0m[90m (4423ms)[0m
Admin UI E2E (4, firefox)	Run Cypress	2025-02-18T00:28:56.3204620Z   [32m  ✓[0m[90m Should delete all roles from search bar[0m[90m (4431ms)[0m
Admin UI E2E (4, firefox)	Run Cypress	2025-02-18T00:29:00.9896699Z   [32m  ✓[0m[90m Should delete associated roles from list test[0m[90m (4643ms)[0m
Admin UI E2E (4, firefox)	Run Cypress	2025-02-18T00:29:01.0174578Z [0m    edit role details[0m
Admin UI E2E (4, firefox)	Run Cypress	2025-02-18T00:29:03.4891763Z     [32m  ✓[0m[90m should edit realm role details[0m[90m (2457ms)[0m
Admin UI E2E (4, firefox)	Run Cypress	2025-02-18T00:29:06.1354245Z     [32m  ✓[0m[90m should add attribute[0m[90m (2615ms)[0m
Admin UI E2E (4, firefox)	Run Cypress	2025-02-18T00:29:08.7715885Z     [32m  ✓[0m[90m should add attribute multiple[0m[90m (2585ms)[0m
Admin UI E2E (4, firefox)	Run Cypress	2025-02-18T00:29:10.8967611Z     [32m  ✓[0m[90m should delete attribute[0m[90m (1975ms)[0m
Admin UI E2E (4, firefox)	Run Cypress	2025-02-18T00:29:10.9286100Z [0m    Accessibility tests for realm roles[0m
Admin UI E2E (4, firefox)	Run Cypress	2025-02-18T00:29:14.7462018Z     [32m  ✓[0m[90m Check a11y violations on load/ realm roles[0m[90m (3796ms)[0m
Admin UI E2E (4, firefox)	Run Cypress	2025-02-18T00:29:18.7424361Z     [32m  ✓[0m[90m Check a11y violations on default-roles-master default tab and default roles tabs[0m[90m (3956ms)[0m
Admin UI E2E (4, firefox)	Run Cypress	2025-02-18T00:29:23.4447851Z     [32m  ✓[0m[90m Check a11y violations on empty create role form[0m[90m (4658ms)[0m
Admin UI E2E (4, firefox)	Run Cypress	2025-02-18T00:29:29.5948654Z     [32m  ✓[0m[90m Check a11y violations on role details[0m[90m (6090ms)[0m
Admin UI E2E (4, firefox)	Run Cypress	2025-02-18T00:29:29.6157312Z 
Admin UI E2E (4, firefox)	Run Cypress	2025-02-18T00:29:29.6461196Z 
Admin UI E2E (4, firefox)	Run Cypress	2025-02-18T00:29:29.6462476Z [92m [0m[32m 21 passing[0m[90m (4m)[0m
Admin UI E2E (4, firefox)	Run Cypress	2025-02-18T00:29:29.6463676Z [31m  1 failing[0m
Admin UI E2E (4, firefox)	Run Cypress	2025-02-18T00:29:29.6464088Z 
Admin UI E2E (4, firefox)	Run Cypress	2025-02-18T00:29:29.6464500Z [0m  1) Realm roles test
Admin UI E2E (4, firefox)	Run Cypress	2025-02-18T00:29:29.6465129Z        Add associated roles test:
Admin UI E2E (4, firefox)	Run Cypress	2025-02-18T00:29:29.6466994Z [0m[31m     AssertionError: Timed out retrying after 30000ms: Expected to find content: 'manage-account' within the element: <td.pf-v5-c-table__td> but never did.[0m[90m
Admin UI E2E (4, firefox)	Run Cypress	2025-02-18T00:29:29.6469674Z       at addAssociatedRoleFromSearchBar (webpack://@keycloak/keycloak-admin-ui/./cypress/support/pages/admin-ui/manage/realm_roles/AssociatedRolesPage.ts:44:0)
Admin UI E2E (4, firefox)	Run Cypress	2025-02-18T00:29:29.6475293Z       at  (webpack://@keycloak/keycloak-admin-ui/./cypress/e2e/realm_roles_test.spec.ts:84:0)
Admin UI E2E (4, firefox)	Run Cypress	2025-02-18T00:29:29.6476128Z [0m
Admin UI E2E (4, firefox)	Run Cypress	2025-02-18T00:29:29.6476306Z 
Admin UI E2E (4, firefox)	Run Cypress	2025-02-18T00:29:29.6476319Z 
Admin UI E2E (4, firefox)	Run Cypress	2025-02-18T00:29:29.6495744Z 
Admin UI E2E (4, firefox)	Run Cypress	2025-02-18T00:29:29.6501193Z [31m  ([4m[1mResults[22m[24m)[39m
Admin UI E2E (4, firefox)	Run Cypress	2025-02-18T00:29:29.6531865Z 
Admin UI E2E (4, firefox)	Run Cypress	2025-02-18T00:29:29.6557253Z [90m  ┌[39m[90m─[39m[90m─[39m[90m─[39m[90m─[39m[90m─[39m[90m─[39m[90m─[39m[90m─[39m[90m─[39m[90m─[39m[90m─[39m[90m─[39m[90m─[39m[90m─[39m[90m─[39m[90m─[39m[90m─[39m[90m─[39m[90m─[39m[90m─[39m[90m─[39m[90m─[39m[90m─[39m[90m─[39m[90m─[39m[90m─[39m[90m─[39m[90m─[39m[90m─[39m[90m─[39m[90m─[39m[90m─[39m[90m─[39m[90m─[39m[90m─[39m[90m─[39m[90m─[39m[90m─[39m[90m─[39m[90m─[39m[90m─[39m[90m─[39m[90m─[39m[90m─[39m[90m─[39m[90m─[39m[90m─[39m[90m─[39m[90m─[39m[90m─[39m[90m─[39m[90m─[39m[90m─[39m[90m─[39m[90m─[39m[90m─[39m[90m─[39m[90m─[39m[90m─[39m[90m─[39m[90m─[39m[90m─[39m[90m─[39m[90m─[39m[90m─[39m[90m─[39m[90m─[39m[90m─[39m[90m─[39m[90m─[39m[90m─[39m[90m─[39m[90m─[39m[90m─[39m[90m─[39m[90m─[39m[90m─[39m[90m─[39m[90m─[39m[90m─[39m[90m─[39m[90m─[39m[90m─[39m[90m─[39m[90m─[39m[90m─[39m[90m─[39m[90m─[39m[90m─[39m[90m─[39m[90m─[39m[90m─[39m[90m─[39m[90m─[39m[90m─[39m[90m─[39m[90m┐[39m
Admin UI E2E (4, firefox)	Run Cypress	2025-02-18T00:29:29.6563987Z [90m  │[39m [90mTests:[39m        [31m22[39m                                                                               [90m│[39m
Admin UI E2E (4, firefox)	Run Cypress	2025-02-18T00:29:29.6568333Z [90m  │[39m [90mPassing:[39m      [31m21[39m                                                                               [90m│[39m
Admin UI E2E (4, firefox)	Run Cypress	2025-02-18T00:29:29.6570165Z [90m  │[39m [90mFailing:[39m      [31m1[39m                                                                                [90m│[39m
Admin UI E2E (4, firefox)	Run Cypress	2025-02-18T00:29:29.6587018Z [90m  │[39m [90mPending:[39m      [31m0[39m                                                                                [90m│[39m
Admin UI E2E (4, firefox)	Run Cypress	2025-02-18T00:29:29.6588408Z [90m  │[39m [90mSkipped:[39m      [31m0[39m                                                                                [90m│[39m
Admin UI E2E (4, firefox)	Run Cypress	2025-02-18T00:29:29.6589735Z [90m  │[39m [90mScreenshots:[39m  [31m4[39m                                                                                [90m│[39m
Admin UI E2E (4, firefox)	Run Cypress	2025-02-18T00:29:29.6596376Z [90m  │[39m [90mVideo:[39m        [31mfalse[39m                                                                            [90m│[39m
Admin UI E2E (4, firefox)	Run Cypress	2025-02-18T00:29:29.6597798Z [90m  │[39m [90mDuration:[39m     [31m3 minutes, 35 seconds[39m                                                            [90m│[39m
Admin UI E2E (4, firefox)	Run Cypress	2025-02-18T00:29:29.6599712Z [90m  │[39m [90mSpec Ran:[39m     [31m[31mrealm_roles_test.spec.ts[31m[39m                                                         [90m│[39m
Admin UI E2E (4, firefox)	Run Cypress	2025-02-18T00:29:29.6607325Z [90m  └[39m[90m─[39m[90m─[39m[90m─[39m[90m─[39m[90m─[39m[90m─[39m[90m─[39m[90m─[39m[90m─[39m[90m─[39m[90m─[39m[90m─[39m[90m─[39m[90m─[39m[90m─[39m[90m─[39m[90m─[39m[90m─[39m[90m─[39m[90m─[39m[90m─[39m[90m─[39m[90m─[39m[90m─[39m[90m─[39m[90m─[39m[90m─[39m[90m─[39m[90m─[39m[90m─[39m[90m─[39m[90m─[39m[90m─[39m[90m─[39m[90m─[39m[90m─[39m[90m─[39m[90m─[39m[90m─[39m[90m─[39m[90m─[39m[90m─[39m[90m─[39m[90m─[39m[90m─[39m[90m─[39m[90m─[39m[90m─[39m[90m─[39m[90m─[39m[90m─[39m[90m─[39m[90m─[39m[90m─[39m[90m─[39m[90m─[39m[90m─[39m[90m─[39m[90m─[39m[90m─[39m[90m─[39m[90m─[39m[90m─[39m[90m─[39m[90m─[39m[90m─[39m[90m─[39m[90m─[39m[90m─[39m[90m─[39m[90m─[39m[90m─[39m[90m─[39m[90m─[39m[90m─[39m[90m─[39m[90m─[39m[90m─[39m[90m─[39m[90m─[39m[90m─[39m[90m─[39m[90m─[39m[90m─[39m[90m─[39m[90m─[39m[90m─[39m[90m─[39m[90m─[39m[90m─[39m[90m─[39m[90m─[39m[90m─[39m[90m─[39m[90m─[39m[90m─[39m[90m┘[39m
Admin UI E2E (4, firefox)	Run Cypress	2025-02-18T00:29:29.6611485Z 
Admin UI E2E (4, firefox)	Run Cypress	2025-02-18T00:29:29.6611509Z 
Admin UI E2E (4, firefox)	Run Cypress	2025-02-18T00:29:29.6611929Z [33m  ([4m[1mScreenshots[22m[24m)[39m
Admin UI E2E (4, firefox)	Run Cypress	2025-02-18T00:29:29.6612280Z 
Admin UI E2E (4, firefox)	Run Cypress	2025-02-18T00:29:29.6613482Z [90m [39m -  [0m/home/runner/work/keycloak/keycloak/js/apps/admin-ui/cypress/screenshots/realm_r[0m     [90m[90m(1280x720)[90m[39m
Admin UI E2E (4, firefox)	Run Cypress	2025-02-18T00:29:29.6615278Z [90m [39m    [0moles_test.spec.ts/Realm roles test -- Add associated roles test (failed).png[0m                   
Admin UI E2E (4, firefox)	Run Cypress	2025-02-18T00:29:29.6617161Z [90m [39m -  [0m/home/runner/work/keycloak/keycloak/js/apps/admin-ui/cypress/screenshots/realm_r[0m     [90m[90m(1280x720)[90m[39m
Admin UI E2E (4, firefox)	Run Cypress	2025-02-18T00:29:29.6618889Z [90m [39m    [0moles_test.spec.ts/Realm roles test -- Add associated roles test (failed) (attemp[0m               
Admin UI E2E (4, firefox)	Run Cypress	2025-02-18T00:29:29.6620195Z [90m [39m    [0mt 2).png[0m                                                                                       
Admin UI E2E (4, firefox)	Run Cypress	2025-02-18T00:29:29.6621980Z [90m [39m -  [0m/home/runner/work/keycloak/keycloak/js/apps/admin-ui/cypress/screenshots/realm_r[0m     [90m[90m(1280x720)[90m[39m
Admin UI E2E (4, firefox)	Run Cypress	2025-02-18T00:29:29.6623757Z [90m [39m    [0moles_test.spec.ts/Realm roles test -- Add associated roles test (failed) (attemp[0m               
Admin UI E2E (4, firefox)	Run Cypress	2025-02-18T00:29:29.6625039Z [90m [39m    [0mt 3).png[0m                                                                                       
Admin UI E2E (4, firefox)	Run Cypress	2025-02-18T00:29:29.6626977Z [90m [39m -  [0m/home/runner/work/keycloak/keycloak/js/apps/admin-ui/cypress/screenshots/realm_r[0m     [90m[90m(1280x720)[90m[39m
Admin UI E2E (4, firefox)	Run Cypress	2025-02-18T00:29:29.6628720Z [90m [39m    [0moles_test.spec.ts/Realm roles test -- Add associated roles test (failed) (attemp[0m               
Admin UI E2E (4, firefox)	Run Cypress	2025-02-18T00:29:29.6630029Z [90m [39m    [0mt 4).png[0m                                                                                       
Admin UI E2E (4, firefox)	Run Cypress	2025-02-18T00:29:29.6630456Z 
Admin UI E2E (4, firefox)	Run Cypress	2025-02-18T00:29:29.7490096Z 
Admin UI E2E (4, firefox)	Run Cypress	2025-02-18T00:29:29.7504692Z [90m─[39m[90m─[39m[90m─[39m[90m─[39m[90m─[39m[90m─[39m[90m─[39m[90m─[39m[90m─[39m[90m─[39m[90m─[39m[90m─[39m[90m─[39m[90m─[39m[90m─[39m[90m─[39m[90m─[39m[90m─[39m[90m─[39m[90m─[39m[90m─[39m[90m─[39m[90m─[39m[90m─[39m[90m─[39m[90m─[39m[90m─[39m[90m─[39m[90m─[39m[90m─[39m[90m─[39m[90m─[39m[90m─[39m[90m─[39m[90m─[39m[90m─[39m[90m─[39m[90m─[39m[90m─[39m[90m─[39m[90m─[39m[90m─[39m[90m─[39m[90m─[39m[90m─[39m[90m─[39m[90m─[39m[90m─[39m[90m─[39m[90m─[39m[90m─[39m[90m─[39m[90m─[39m[90m─[39m[90m─[39m[90m─[39m[90m─[39m[90m─[39m[90m─[39m[90m─[39m[90m─[39m[90m─[39m[90m─[39m[90m─[39m[90m─[39m[90m─[39m[90m─[39m[90m─[39m[90m─[39m[90m─[39m[90m─[39m[90m─[39m[90m─[39m[90m─[39m[90m─[39m[90m─[39m[90m─[39m[90m─[39m[90m─[39m[90m─[39m[90m─[39m[90m─[39m[90m─[39m[90m─[39m[90m─[39m[90m─[39m[90m─[39m[90m─[39m[90m─[39m[90m─[39m[90m─[39m[90m─[39m[90m─[39m[90m─[39m[90m─[39m[90m─[39m[90m─[39m[90m─[39m[90m─[39m[90m─[39m
Admin UI E2E (4, firefox)	Run Cypress	2025-02-18T00:29:29.7509707Z                                                                                                     
Admin UI E2E (4, firefox)	Run Cypress	2025-02-18T00:29:29.7511236Z   Running:  [90mclient_authorization_test.spec.ts[39m                                               [90m(4 of 4)[39m
Admin UI E2E (4, firefox)	Run Cypress	2025-02-18T00:29:29.7512170Z 
Admin UI E2E (4, firefox)	Run Cypress	2025-02-18T00:29:29.7516127Z [35mYour project has set the configuration option: `chromeWebSecurity` to `false`.[39m
Admin UI E2E (4, firefox)	Run Cypress	2025-02-18T00:29:29.7518017Z [35m[39m
Admin UI E2E (4, firefox)	Run Cypress	2025-02-18T00:29:29.7519223Z [35mThis option will not have an effect in Firefox. Tests that rely on web security being disabled will not run as expected.[39m
Admin UI E2E (4, firefox)	Run Cypress	2025-02-18T00:29:33.3479491Z 
Admin UI E2E (4, firefox)	Run Cypress	2025-02-18T00:29:33.3525223Z [0m[0m
Admin UI E2E (4, firefox)	Run Cypress	2025-02-18T00:29:33.3623779Z [0m  Client authentication subtab[0m
Admin UI E2E (4, firefox)	Run Cypress	2025-02-18T00:29:38.9099297Z   [32m  ✓[0m[90m Should update the resource server settings[0m[90m (5548ms)[0m
Admin UI E2E (4, firefox)	Run Cypress	2025-02-18T00:29:43.5902000Z   [32m  ✓[0m[90m Should create a resource[0m[90m (4646ms)[0m
Admin UI E2E (4, firefox)	Run Cypress	2025-02-18T00:29:47.2691421Z   [32m  ✓[0m[90m Edit a resource[0m[90m (3654ms)[0m
Admin UI E2E (4, firefox)	Run Cypress	2025-02-18T00:29:51.7257427Z   [32m  ✓[0m[90m Should create a scope[0m[90m (4427ms)[0m
Admin UI E2E (4, firefox)	Run Cypress	2025-02-18T00:29:56.2171665Z   [32m  ✓[0m[90m Should create a policy[0m[90m (4464ms)[0m
Admin UI E2E (4, firefox)	Run Cypress	2025-02-18T00:29:59.5738559Z   [32m  ✓[0m[90m Should delete a policy[0m[90m (3319ms)[0m
Admin UI E2E (4, firefox)	Run Cypress	2025-02-18T00:30:03.9017849Z   [32m  ✓[0m[90m Should create a client policy[0m[90m (4289ms)[0m
Admin UI E2E (4, firefox)	Run Cypress	2025-02-18T00:30:08.4572376Z   [32m  ✓[0m[90m Should create a permission[0m[90m (4485ms)[0m
Admin UI E2E (4, firefox)	Run Cypress	2025-02-18T00:30:08.5008089Z   [36m  - Should copy auth details[0m
Admin UI E2E (4, firefox)	Run Cypress	2025-02-18T00:30:11.8899236Z   [32m  ✓[0m[90m Should export auth details[0m[90m (3380ms)[0m
Admin UI E2E (4, firefox)	Run Cypress	2025-02-18T00:30:11.9082639Z [0m    Client authorization tab access for view-realm-authorization[0m
Admin UI E2E (4, firefox)	Run Cypress	2025-02-18T00:30:25.6747801Z     [32m  ✓[0m[90m Should view autorization tab[0m[90m (12975ms)[0m
Admin UI E2E (4, firefox)	Run Cypress	2025-02-18T00:30:25.7069428Z [0m    Accessibility tests for client authorization[0m
Admin UI E2E (4, firefox)	Run Cypress	2025-02-18T00:30:34.0791775Z     [32m  ✓[0m[90m Check a11y violations on load/ client authorization[0m[90m (8292ms)[0m
Admin UI E2E (4, firefox)	Run Cypress	2025-02-18T00:30:34.0792360Z 
Admin UI E2E (4, firefox)	Run Cypress	2025-02-18T00:30:34.1071854Z 
Admin UI E2E (4, firefox)	Run Cypress	2025-02-18T00:30:34.1072881Z [92m [0m[32m 11 passing[0m[90m (1m)[0m
Admin UI E2E (4, firefox)	Run Cypress	2025-02-18T00:30:34.1073687Z [36m [0m[36m 1 pending[0m
Admin UI E2E (4, firefox)	Run Cypress	2025-02-18T00:30:34.1073971Z 
Admin UI E2E (4, firefox)	Run Cypress	2025-02-18T00:30:34.1105300Z 
Admin UI E2E (4, firefox)	Run Cypress	2025-02-18T00:30:34.1106905Z [32m  ([4m[1mResults[22m[24m)[39m
Admin UI E2E (4, firefox)	Run Cypress	2025-02-18T00:30:34.1131154Z 
Admin UI E2E (4, firefox)	Run Cypress	2025-02-18T00:30:34.1149575Z [90m  ┌[39m[90m─[39m[90m─[39m[90m─[39m[90m─[39m[90m─[39m[90m─[39m[90m─[39m[90m─[39m[90m─[39m[90m─[39m[90m─[39m[90m─[39m[90m─[39m[90m─[39m[90m─[39m[90m─[39m[90m─[39m[90m─[39m[90m─[39m[90m─[39m[90m─[39m[90m─[39m[90m─[39m[90m─[39m[90m─[39m[90m─[39m[90m─[39m[90m─[39m[90m─[39m[90m─[39m[90m─[39m[90m─[39m[90m─[39m[90m─[39m[90m─[39m[90m─[39m[90m─[39m[90m─[39m[90m─[39m[90m─[39m[90m─[39m[90m─[39m[90m─[39m[90m─[39m[90m─[39m[90m─[39m[90m─[39m[90m─[39m[90m─[39m[90m─[39m[90m─[39m[90m─[39m[90m─[39m[90m─[39m[90m─[39m[90m─[39m[90m─[39m[90m─[39m[90m─[39m[90m─[39m[90m─[39m[90m─[39m[90m─[39m[90m─[39m[90m─[39m[90m─[39m[90m─[39m[90m─[39m[90m─[39m[90m─[39m[90m─[39m[90m─[39m[90m─[39m[90m─[39m[90m─[39m[90m─[39m[90m─[39m[90m─[39m[90m─[39m[90m─[39m[90m─[39m[90m─[39m[90m─[39m[90m─[39m[90m─[39m[90m─[39m[90m─[39m[90m─[39m[90m─[39m[90m─[39m[90m─[39m[90m─[39m[90m─[39m[90m─[39m[90m─[39m[90m─[39m[90m┐[39m
Admin UI E2E (4, firefox)	Run Cypress	2025-02-18T00:30:34.1154303Z [90m  │[39m [90mTests:[39m        [32m12[39m                                                                               [90m│[39m
Admin UI E2E (4, firefox)	Run Cypress	2025-02-18T00:30:34.1158906Z [90m  │[39m [90mPassing:[39m      [32m11[39m                                                                               [90m│[39m
Admin UI E2E (4, firefox)	Run Cypress	2025-02-18T00:30:34.1162692Z [90m  │[39m [90mFailing:[39m      [32m0[39m                                                                                [90m│[39m
Admin UI E2E (4, firefox)	Run Cypress	2025-02-18T00:30:34.1163968Z [90m  │[39m [90mPending:[39m      [32m1[39m                                                                                [90m│[39m
Admin UI E2E (4, firefox)	Run Cypress	2025-02-18T00:30:34.1174190Z [90m  │[39m [90mSkipped:[39m      [32m0[39m                                                                                [90m│[39m
Admin UI E2E (4, firefox)	Run Cypress	2025-02-18T00:30:34.1175409Z [90m  │[39m [90mScreenshots:[39m  [32m0[39m                                                                                [90m│[39m
Admin UI E2E (4, firefox)	Run Cypress	2025-02-18T00:30:34.1176624Z [90m  │[39m [90mVideo:[39m        [32mfalse[39m                                                                            [90m│[39m
Admin UI E2E (4, firefox)	Run Cypress	2025-02-18T00:30:34.1177856Z [90m  │[39m [90mDuration:[39m     [32m1 minute, 0 seconds[39m                                                              [90m│[39m
Admin UI E2E (4, firefox)	Run Cypress	2025-02-18T00:30:34.1179322Z [90m  │[39m [90mSpec Ran:[39m     [32m[32mclient_authorization_test.spec.ts[32m[39m                                                [90m│[39m
Admin UI E2E (4, firefox)	Run Cypress	2025-02-18T00:30:34.1186079Z [90m  └[39m[90m─[39m[90m─[39m[90m─[39m[90m─[39m[90m─[39m[90m─[39m[90m─[39m[90m─[39m[90m─[39m[90m─[39m[90m─[39m[90m─[39m[90m─[39m[90m─[39m[90m─[39m[90m─[39m[90m─[39m[90m─[39m[90m─[39m[90m─[39m[90m─[39m[90m─[39m[90m─[39m[90m─[39m[90m─[39m[90m─[39m[90m─[39m[90m─[39m[90m─[39m[90m─[39m[90m─[39m[90m─[39m[90m─[39m[90m─[39m[90m─[39m[90m─[39m[90m─[39m[90m─[39m[90m─[39m[90m─[39m[90m─[39m[90m─[39m[90m─[39m[90m─[39m[90m─[39m[90m─[39m[90m─[39m[90m─[39m[90m─[39m[90m─[39m[90m─[39m[90m─[39m[90m─[39m[90m─[39m[90m─[39m[90m─[39m[90m─[39m[90m─[39m[90m─[39m[90m─[39m[90m─[39m[90m─[39m[90m─[39m[90m─[39m[90m─[39m[90m─[39m[90m─[39m[90m─[39m[90m─[39m[90m─[39m[90m─[39m[90m─[39m[90m─[39m[90m─[39m[90m─[39m[90m─[39m[90m─[39m[90m─[39m[90m─[39m[90m─[39m[90m─[39m[90m─[39m[90m─[39m[90m─[39m[90m─[39m[90m─[39m[90m─[39m[90m─[39m[90m─[39m[90m─[39m[90m─[39m[90m─[39m[90m─[39m[90m─[39m[90m─[39m[90m─[39m[90m┘[39m
Admin UI E2E (4, firefox)	Run Cypress	2025-02-18T00:30:34.1189507Z 
Admin UI E2E (4, firefox)	Run Cypress	2025-02-18T00:30:34.1667364Z 
Admin UI E2E (4, firefox)	Run Cypress	2025-02-18T00:30:34.2146736Z [90m====================================================================================================[39m
Admin UI E2E (4, firefox)	Run Cypress	2025-02-18T00:30:34.2147173Z 
Admin UI E2E (4, firefox)	Run Cypress	2025-02-18T00:30:34.2147503Z [0m  ([4m[1mRun Finished[22m[24m)[0m
Admin UI E2E (4, firefox)	Run Cypress	2025-02-18T00:30:34.2160232Z 
Admin UI E2E (4, firefox)	Run Cypress	2025-02-18T00:30:34.2160510Z 
Admin UI E2E (4, firefox)	Run Cypress	2025-02-18T00:30:34.2180268Z [90m   [39m    [90mSpec[39m                                              [90mTests[39m  [90mPassing[39m  [90mFailing[39m  [90mPending[39m  [90mSkipped[39m [90m [39m
Admin UI E2E (4, firefox)	Run Cypress	2025-02-18T00:30:34.2187529Z [90m  ┌[39m[90m─[39m[90m─[39m[90m─[39m[90m─[39m[90m─[39m[90m─[39m[90m─[39m[90m─[39m[90m─[39m[90m─[39m[90m─[39m[90m─[39m[90m─[39m[90m─[39m[90m─[39m[90m─[39m[90m─[39m[90m─[39m[90m─[39m[90m─[39m[90m─[39m[90m─[39m[90m─[39m[90m─[39m[90m─[39m[90m─[39m[90m─[39m[90m─[39m[90m─[39m[90m─[39m[90m─[39m[90m─[39m[90m─[39m[90m─[39m[90m─[39m[90m─[39m[90m─[39m[90m─[39m[90m─[39m[90m─[39m[90m─[39m[90m─[39m[90m─[39m[90m─[39m[90m─[39m[90m─[39m[90m─[39m[90m─[39m[90m─[39m[90m─[39m[90m─[39m[90m─[39m[90m─[39m[90m─[39m[90m─[39m[90m─[39m[90m─[39m[90m─[39m[90m─[39m[90m─[39m[90m─[39m[90m─[39m[90m─[39m[90m─[39m[90m─[39m[90m─[39m[90m─[39m[90m─[39m[90m─[39m[90m─[39m[90m─[39m[90m─[39m[90m─[39m[90m─[39m[90m─[39m[90m─[39m[90m─[39m[90m─[39m[90m─[39m[90m─[39m[90m─[39m[90m─[39m[90m─[39m[90m─[39m[90m─[39m[90m─[39m[90m─[39m[90m─[39m[90m─[39m[90m─[39m[90m─[39m[90m─[39m[90m─[39m[90m─[39m[90m─[39m[90m─[39m[90m┐[39m
Admin UI E2E (4, firefox)	Run Cypress	2025-02-18T00:30:34.2193117Z [90m  │[39m [32m✔[39m  [0mmasthead_test.spec.ts[0m                    [90m00:33[39m        [0m9[0m        [32m9[39m        [90m-[39m        [90m-[39m        [90m-[39m [90m│[39m
Admin UI E2E (4, firefox)	Run Cypress	2025-02-18T00:30:34.2199837Z [90m  ├[39m[90m─[39m[90m─[39m[90m─[39m[90m─[39m[90m─[39m[90m─[39m[90m─[39m[90m─[39m[90m─[39m[90m─[39m[90m─[39m[90m─[39m[90m─[39m[90m─[39m[90m─[39m[90m─[39m[90m─[39m[90m─[39m[90m─[39m[90m─[39m[90m─[39m[90m─[39m[90m─[39m[90m─[39m[90m─[39m[90m─[39m[90m─[39m[90m─[39m[90m─[39m[90m─[39m[90m─[39m[90m─[39m[90m─[39m[90m─[39m[90m─[39m[90m─[39m[90m─[39m[90m─[39m[90m─[39m[90m─[39m[90m─[39m[90m─[39m[90m─[39m[90m─[39m[90m─[39m[90m─[39m[90m─[39m[90m─[39m[90m─[39m[90m─[39m[90m─[39m[90m─[39m[90m─[39m[90m─[39m[90m─[39m[90m─[39m[90m─[39m[90m─[39m[90m─[39m[90m─[39m[90m─[39m[90m─[39m[90m─[39m[90m─[39m[90m─[39m[90m─[39m[90m─[39m[90m─[39m[90m─[39m[90m─[39m[90m─[39m[90m─[39m[90m─[39m[90m─[39m[90m─[39m[90m─[39m[90m─[39m[90m─[39m[90m─[39m[90m─[39m[90m─[39m[90m─[39m[90m─[39m[90m─[39m[90m─[39m[90m─[39m[90m─[39m[90m─[39m[90m─[39m[90m─[39m[90m─[39m[90m─[39m[90m─[39m[90m─[39m[90m─[39m[90m─[39m[90m┤[39m
Admin UI E2E (4, firefox)	Run Cypress	2025-02-18T00:30:34.2209207Z [90m  │[39m [32m✔[39m  [0mrealm_settings_client_policies_test[0m      [90m00:52[39m       [0m18[0m       [32m18[39m        [90m-[39m        [90m-[39m        [90m-[39m [90m│[39m
Admin UI E2E (4, firefox)	Run Cypress	2025-02-18T00:30:34.2210651Z [90m  │[39m    [0m.spec.ts[0m                                                                                    [90m│[39m
Admin UI E2E (4, firefox)	Run Cypress	2025-02-18T00:30:34.2217879Z [90m  ├[39m[90m─[39m[90m─[39m[90m─[39m[90m─[39m[90m─[39m[90m─[39m[90m─[39m[90m─[39m[90m─[39m[90m─[39m[90m─[39m[90m─[39m[90m─[39m[90m─[39m[90m─[39m[90m─[39m[90m─[39m[90m─[39m[90m─[39m[90m─[39m[90m─[39m[90m─[39m[90m─[39m[90m─[39m[90m─[39m[90m─[39m[90m─[39m[90m─[39m[90m─[39m[90m─[39m[90m─[39m[90m─[39m[90m─[39m[90m─[39m[90m─[39m[90m─[39m[90m─[39m[90m─[39m[90m─[39m[90m─[39m[90m─[39m[90m─[39m[90m─[39m[90m─[39m[90m─[39m[90m─[39m[90m─[39m[90m─[39m[90m─[39m[90m─[39m[90m─[39m[90m─[39m[90m─[39m[90m─[39m[90m─[39m[90m─[39m[90m─[39m[90m─[39m[90m─[39m[90m─[39m[90m─[39m[90m─[39m[90m─[39m[90m─[39m[90m─[39m[90m─[39m[90m─[39m[90m─[39m[90m─[39m[90m─[39m[90m─[39m[90m─[39m[90m─[39m[90m─[39m[90m─[39m[90m─[39m[90m─[39m[90m─[39m[90m─[39m[90m─[39m[90m─[39m[90m─[39m[90m─[39m[90m─[39m[90m─[39m[90m─[39m[90m─[39m[90m─[39m[90m─[39m[90m─[39m[90m─[39m[90m─[39m[90m─[39m[90m─[39m[90m─[39m[90m─[39m[90m┤[39m
Admin UI E2E (4, firefox)	Run Cypress	2025-02-18T00:30:34.2222580Z [90m  │[39m [31m✖[39m  [0mrealm_roles_test.spec.ts[0m                 [90m03:35[39m       [0m22[0m       [32m21[39m        [31m1[39m        [90m-[39m        [90m-[39m [90m│[39m
Admin UI E2E (4, firefox)	Run Cypress	2025-02-18T00:30:34.2229696Z [90m  ├[39m[90m─[39m[90m─[39m[90m─[39m[90m─[39m[90m─[39m[90m─[39m[90m─[39m[90m─[39m[90m─[39m[90m─[39m[90m─[39m[90m─[39m[90m─[39m[90m─[39m[90m─[39m[90m─[39m[90m─[39m[90m─[39m[90m─[39m[90m─[39m[90m─[39m[90m─[39m[90m─[39m[90m─[39m[90m─[39m[90m─[39m[90m─[39m[90m─[39m[90m─[39m[90m─[39m[90m─[39m[90m─[39m[90m─[39m[90m─[39m[90m─[39m[90m─[39m[90m─[39m[90m─[39m[90m─[39m[90m─[39m[90m─[39m[90m─[39m[90m─[39m[90m─[39m[90m─[39m[90m─[39m[90m─[39m[90m─[39m[90m─[39m[90m─[39m[90m─[39m[90m─[39m[90m─[39m[90m─[39m[90m─[39m[90m─[39m[90m─[39m[90m─[39m[90m─[39m[90m─[39m[90m─[39m[90m─[39m[90m─[39m[90m─[39m[90m─[39m[90m─[39m[90m─[39m[90m─[39m[90m─[39m[90m─[39m[90m─[39m[90m─[39m[90m─[39m[90m─[39m[90m─[39m[90m─[39m[90m─[39m[90m─[39m[90m─[39m[90m─[39m[90m─[39m[90m─[39m[90m─[39m[90m─[39m[90m─[39m[90m─[39m[90m─[39m[90m─[39m[90m─[39m[90m─[39m[90m─[39m[90m─[39m[90m─[39m[90m─[39m[90m─[39m[90m─[39m[90m┤[39m
Admin UI E2E (4, firefox)	Run Cypress	2025-02-18T00:30:34.2234882Z [90m  │[39m [32m✔[39m  [0mclient_authorization_test.spec.ts[0m        [90m01:00[39m       [0m12[0m       [32m11[39m        [90m-[39m        [36m1[39m        [90m-[39m [90m│[39m
Admin UI E2E (4, firefox)	Run Cypress	2025-02-18T00:30:34.2242090Z [90m  └[39m[90m─[39m[90m─[39m[90m─[39m[90m─[39m[90m─[39m[90m─[39m[90m─[39m[90m─[39m[90m─[39m[90m─[39m[90m─[39m[90m─[39m[90m─[39m[90m─[39m[90m─[39m[90m─[39m[90m─[39m[90m─[39m[90m─[39m[90m─[39m[90m─[39m[90m─[39m[90m─[39m[90m─[39m[90m─[39m[90m─[39m[90m─[39m[90m─[39m[90m─[39m[90m─[39m[90m─[39m[90m─[39m[90m─[39m[90m─[39m[90m─[39m[90m─[39m[90m─[39m[90m─[39m[90m─[39m[90m─[39m[90m─[39m[90m─[39m[90m─[39m[90m─[39m[90m─[39m[90m─[39m[90m─[39m[90m─[39m[90m─[39m[90m─[39m[90m─[39m[90m─[39m[90m─[39m[90m─[39m[90m─[39m[90m─[39m[90m─[39m[90m─[39m[90m─[39m[90m─[39m[90m─[39m[90m─[39m[90m─[39m[90m─[39m[90m─[39m[90m─[39m[90m─[39m[90m─[39m[90m─[39m[90m─[39m[90m─[39m[90m─[39m[90m─[39m[90m─[39m[90m─[39m[90m─[39m[90m─[39m[90m─[39m[90m─[39m[90m─[39m[90m─[39m[90m─[39m[90m─[39m[90m─[39m[90m─[39m[90m─[39m[90m─[39m[90m─[39m[90m─[39m[90m─[39m[90m─[39m[90m─[39m[90m─[39m[90m─[39m[90m─[39m[90m─[39m[90m┘[39m
Admin UI E2E (4, firefox)	Run Cypress	2025-02-18T00:30:34.2246812Z [90m   [39m [31m✖[39m  [31m1 of 4 failed (25%)[39m                      [90m06:02[39m       [0m61[0m       [32m59[39m        [31m1[39m        [36m1[39m        [90m-[39m [90m [39m
Admin UI E2E (4, firefox)	Run Cypress	2025-02-18T00:30:34.2247456Z 
Admin UI E2E (4, firefox)	Run Cypress	2025-02-18T00:30:34.3619074Z ##[error]Cypress tests: 1 failed
Status Check - Keycloak JavaScript CI	Run /./.github/actions/status-check	2025-02-18T00:30:48.8488770Z Prepare all required actions
Status Check - Keycloak JavaScript CI	Run /./.github/actions/status-check	2025-02-18T00:30:48.8554865Z ##[group]Run ./.github/actions/status-check
Status Check - Keycloak JavaScript CI	Run /./.github/actions/status-check	2025-02-18T00:30:48.8555247Z with:
Status Check - Keycloak JavaScript CI	Run /./.github/actions/status-check	2025-02-18T00:30:48.8556428Z   jobs: {
Status Check - Keycloak JavaScript CI	Run /./.github/actions/status-check	  "conditional": {
Status Check - Keycloak JavaScript CI	Run /./.github/actions/status-check	    "result": "success",
Status Check - Keycloak JavaScript CI	Run /./.github/actions/status-check	    "outputs": {
Status Check - Keycloak JavaScript CI	Run /./.github/actions/status-check	      "js-ci": "true"
Status Check - Keycloak JavaScript CI	Run /./.github/actions/status-check	    }
Status Check - Keycloak JavaScript CI	Run /./.github/actions/status-check	  },
Status Check - Keycloak JavaScript CI	Run /./.github/actions/status-check	  "build-keycloak": {
Status Check - Keycloak JavaScript CI	Run /./.github/actions/status-check	    "result": "success",
Status Check - Keycloak JavaScript CI	Run /./.github/actions/status-check	    "outputs": {}
Status Check - Keycloak JavaScript CI	Run /./.github/actions/status-check	  },
Status Check - Keycloak JavaScript CI	Run /./.github/actions/status-check	  "admin-client": {
Status Check - Keycloak JavaScript CI	Run /./.github/actions/status-check	    "result": "success",
Status Check - Keycloak JavaScript CI	Run /./.github/actions/status-check	    "outputs": {}
Status Check - Keycloak JavaScript CI	Run /./.github/actions/status-check	  },
Status Check - Keycloak JavaScript CI	Run /./.github/actions/status-check	  "ui-shared": {
Status Check - Keycloak JavaScript CI	Run /./.github/actions/status-check	    "result": "success",
Status Check - Keycloak JavaScript CI	Run /./.github/actions/status-check	    "outputs": {}
Status Check - Keycloak JavaScript CI	Run /./.github/actions/status-check	  },
Status Check - Keycloak JavaScript CI	Run /./.github/actions/status-check	  "account-ui": {
Status Check - Keycloak JavaScript CI	Run /./.github/actions/status-check	    "result": "success",
Status Check - Keycloak JavaScript CI	Run /./.github/actions/status-check	    "outputs": {}
Status Check - Keycloak JavaScript CI	Run /./.github/actions/status-check	  },
Status Check - Keycloak JavaScript CI	Run /./.github/actions/status-check	  "account-ui-e2e": {
Status Check - Keycloak JavaScript CI	Run /./.github/actions/status-check	    "result": "success",
Status Check - Keycloak JavaScript CI	Run /./.github/actions/status-check	    "outputs": {}
Status Check - Keycloak JavaScript CI	Run /./.github/actions/status-check	  },
Status Check - Keycloak JavaScript CI	Run /./.github/actions/status-check	  "admin-ui": {
Status Check - Keycloak JavaScript CI	Run /./.github/actions/status-check	    "result": "success",
Status Check - Keycloak JavaScript CI	Run /./.github/actions/status-check	    "outputs": {}
Status Check - Keycloak JavaScript CI	Run /./.github/actions/status-check	  },
Status Check - Keycloak JavaScript CI	Run /./.github/actions/status-check	  "admin-ui-e2e": {
Status Check - Keycloak JavaScript CI	Run /./.github/actions/status-check	    "result": "failure",
Status Check - Keycloak JavaScript CI	Run /./.github/actions/status-check	    "outputs": {}
Status Check - Keycloak JavaScript CI	Run /./.github/actions/status-check	  }
Status Check - Keycloak JavaScript CI	Run /./.github/actions/status-check	}
Status Check - Keycloak JavaScript CI	Run /./.github/actions/status-check	2025-02-18T00:30:48.8557919Z env:
Status Check - Keycloak JavaScript CI	Run /./.github/actions/status-check	2025-02-18T00:30:48.8558258Z   MAVEN_ARGS: -B -nsu -Daether.connector.http.connectionMaxTtl=25
Status Check - Keycloak JavaScript CI	Run /./.github/actions/status-check	2025-02-18T00:30:48.8558652Z   RETRY_COUNT: 3
Status Check - Keycloak JavaScript CI	Run /./.github/actions/status-check	2025-02-18T00:30:48.8558895Z ##[endgroup]
Status Check - Keycloak JavaScript CI	Run /./.github/actions/status-check	2025-02-18T00:30:48.8656539Z ##[group]Run JOBS='{
Status Check - Keycloak JavaScript CI	Run /./.github/actions/status-check	2025-02-18T00:30:48.8657011Z [36;1mJOBS='{[0m
Status Check - Keycloak JavaScript CI	Run /./.github/actions/status-check	2025-02-18T00:30:48.8657281Z [36;1m  "conditional": {[0m
Status Check - Keycloak JavaScript CI	Run /./.github/actions/status-check	2025-02-18T00:30:48.8657576Z [36;1m    "result": "success",[0m
Status Check - Keycloak JavaScript CI	Run /./.github/actions/status-check	2025-02-18T00:30:48.8657866Z [36;1m    "outputs": {[0m
Status Check - Keycloak JavaScript CI	Run /./.github/actions/status-check	2025-02-18T00:30:48.8658135Z [36;1m      "js-ci": "true"[0m
Status Check - Keycloak JavaScript CI	Run /./.github/actions/status-check	2025-02-18T00:30:48.8658403Z [36;1m    }[0m
Status Check - Keycloak JavaScript CI	Run /./.github/actions/status-check	2025-02-18T00:30:48.8658656Z [36;1m  },[0m
Status Check - Keycloak JavaScript CI	Run /./.github/actions/status-check	2025-02-18T00:30:48.8658921Z [36;1m  "build-keycloak": {[0m
Status Check - Keycloak JavaScript CI	Run /./.github/actions/status-check	2025-02-18T00:30:48.8659197Z [36;1m    "result": "success",[0m
Status Check - Keycloak JavaScript CI	Run /./.github/actions/status-check	2025-02-18T00:30:48.8659485Z [36;1m    "outputs": {}[0m
Status Check - Keycloak JavaScript CI	Run /./.github/actions/status-check	2025-02-18T00:30:48.8659741Z [36;1m  },[0m
Status Check - Keycloak JavaScript CI	Run /./.github/actions/status-check	2025-02-18T00:30:48.8659980Z [36;1m  "admin-client": {[0m
Status Check - Keycloak JavaScript CI	Run /./.github/actions/status-check	2025-02-18T00:30:48.8660251Z [36;1m    "result": "success",[0m
Status Check - Keycloak JavaScript CI	Run /./.github/actions/status-check	2025-02-18T00:30:48.8660547Z [36;1m    "outputs": {}[0m
Status Check - Keycloak JavaScript CI	Run /./.github/actions/status-check	2025-02-18T00:30:48.8660800Z [36;1m  },[0m
Status Check - Keycloak JavaScript CI	Run /./.github/actions/status-check	2025-02-18T00:30:48.8661034Z [36;1m  "ui-shared": {[0m
Status Check - Keycloak JavaScript CI	Run /./.github/actions/status-check	2025-02-18T00:30:48.8661310Z [36;1m    "result": "success",[0m
Status Check - Keycloak JavaScript CI	Run /./.github/actions/status-check	2025-02-18T00:30:48.8661592Z [36;1m    "outputs": {}[0m
Status Check - Keycloak JavaScript CI	Run /./.github/actions/status-check	2025-02-18T00:30:48.8661847Z [36;1m  },[0m
Status Check - Keycloak JavaScript CI	Run /./.github/actions/status-check	2025-02-18T00:30:48.8662305Z [36;1m  "account-ui": {[0m
Status Check - Keycloak JavaScript CI	Run /./.github/actions/status-check	2025-02-18T00:30:48.8662578Z [36;1m    "result": "success",[0m
Status Check - Keycloak JavaScript CI	Run /./.github/actions/status-check	2025-02-18T00:30:48.8662857Z [36;1m    "outputs": {}[0m
Status Check - Keycloak JavaScript CI	Run /./.github/actions/status-check	2025-02-18T00:30:48.8663109Z [36;1m  },[0m
Status Check - Keycloak JavaScript CI	Run /./.github/actions/status-check	2025-02-18T00:30:48.8663343Z [36;1m  "account-ui-e2e": {[0m
Status Check - Keycloak JavaScript CI	Run /./.github/actions/status-check	2025-02-18T00:30:48.8663623Z [36;1m    "result": "success",[0m
Status Check - Keycloak JavaScript CI	Run /./.github/actions/status-check	2025-02-18T00:30:48.8663899Z [36;1m    "outputs": {}[0m
Status Check - Keycloak JavaScript CI	Run /./.github/actions/status-check	2025-02-18T00:30:48.8664151Z [36;1m  },[0m
Status Check - Keycloak JavaScript CI	Run /./.github/actions/status-check	2025-02-18T00:30:48.8664380Z [36;1m  "admin-ui": {[0m
Status Check - Keycloak JavaScript CI	Run /./.github/actions/status-check	2025-02-18T00:30:48.8664648Z [36;1m    "result": "success",[0m
Status Check - Keycloak JavaScript CI	Run /./.github/actions/status-check	2025-02-18T00:30:48.8664936Z [36;1m    "outputs": {}[0m
Status Check - Keycloak JavaScript CI	Run /./.github/actions/status-check	2025-02-18T00:30:48.8665208Z [36;1m  },[0m
Status Check - Keycloak JavaScript CI	Run /./.github/actions/status-check	2025-02-18T00:30:48.8665461Z [36;1m  "admin-ui-e2e": {[0m
Status Check - Keycloak JavaScript CI	Run /./.github/actions/status-check	2025-02-18T00:30:48.8665738Z [36;1m    "result": "failure",[0m
Status Check - Keycloak JavaScript CI	Run /./.github/actions/status-check	2025-02-18T00:30:48.8666020Z [36;1m    "outputs": {}[0m
Status Check - Keycloak JavaScript CI	Run /./.github/actions/status-check	2025-02-18T00:30:48.8666278Z [36;1m  }[0m
Status Check - Keycloak JavaScript CI	Run /./.github/actions/status-check	2025-02-18T00:30:48.8666503Z [36;1m}'[0m
Status Check - Keycloak JavaScript CI	Run /./.github/actions/status-check	2025-02-18T00:30:48.8666744Z [36;1m[0m
Status Check - Keycloak JavaScript CI	Run /./.github/actions/status-check	2025-02-18T00:30:48.8666988Z [36;1mecho "Job status:"[0m
Status Check - Keycloak JavaScript CI	Run /./.github/actions/status-check	2025-02-18T00:30:48.8667377Z [36;1mecho $JOBS | jq -r 'to_entries[] | " - \(.key): \(.value.result)"'[0m
Status Check - Keycloak JavaScript CI	Run /./.github/actions/status-check	2025-02-18T00:30:48.8667755Z [36;1m[0m
Status Check - Keycloak JavaScript CI	Run /./.github/actions/status-check	2025-02-18T00:30:48.8668142Z [36;1mfor i in $(echo $JOBS | jq -r 'to_entries[] | .value.result'); do[0m
Status Check - Keycloak JavaScript CI	Run /./.github/actions/status-check	2025-02-18T00:30:48.8668577Z [36;1m  if [ "$i" != "success" ] && [ "$i" != "skipped" ]; then[0m
Status Check - Keycloak JavaScript CI	Run /./.github/actions/status-check	2025-02-18T00:30:48.8668908Z [36;1m    echo ""[0m
Status Check - Keycloak JavaScript CI	Run /./.github/actions/status-check	2025-02-18T00:30:48.8669178Z [36;1m    echo "Status check not okay!"[0m
Status Check - Keycloak JavaScript CI	Run /./.github/actions/status-check	2025-02-18T00:30:48.8669476Z [36;1m    exit 1[0m
Status Check - Keycloak JavaScript CI	Run /./.github/actions/status-check	2025-02-18T00:30:48.8669716Z [36;1m  fi[0m
Status Check - Keycloak JavaScript CI	Run /./.github/actions/status-check	2025-02-18T00:30:48.8669943Z [36;1mdone[0m
Status Check - Keycloak JavaScript CI	Run /./.github/actions/status-check	2025-02-18T00:30:48.8822520Z shell: /usr/bin/bash --noprofile --norc -e -o pipefail {0}
Status Check - Keycloak JavaScript CI	Run /./.github/actions/status-check	2025-02-18T00:30:48.8822996Z env:
Status Check - Keycloak JavaScript CI	Run /./.github/actions/status-check	2025-02-18T00:30:48.8823335Z   MAVEN_ARGS: -B -nsu -Daether.connector.http.connectionMaxTtl=25
Status Check - Keycloak JavaScript CI	Run /./.github/actions/status-check	2025-02-18T00:30:48.8823738Z   RETRY_COUNT: 3
Status Check - Keycloak JavaScript CI	Run /./.github/actions/status-check	2025-02-18T00:30:48.8823982Z ##[endgroup]
Status Check - Keycloak JavaScript CI	Run /./.github/actions/status-check	2025-02-18T00:30:48.8924444Z Job status:
Status Check - Keycloak JavaScript CI	Run /./.github/actions/status-check	2025-02-18T00:30:48.8966308Z  - conditional: success
Status Check - Keycloak JavaScript CI	Run /./.github/actions/status-check	2025-02-18T00:30:48.8966770Z  - build-keycloak: success
Status Check - Keycloak JavaScript CI	Run /./.github/actions/status-check	2025-02-18T00:30:48.8967072Z  - admin-client: success
Status Check - Keycloak JavaScript CI	Run /./.github/actions/status-check	2025-02-18T00:30:48.8967357Z  - ui-shared: success
Status Check - Keycloak JavaScript CI	Run /./.github/actions/status-check	2025-02-18T00:30:48.8967629Z  - account-ui: success
Status Check - Keycloak JavaScript CI	Run /./.github/actions/status-check	2025-02-18T00:30:48.8967916Z  - account-ui-e2e: success
Status Check - Keycloak JavaScript CI	Run /./.github/actions/status-check	2025-02-18T00:30:48.8968198Z  - admin-ui: success
Status Check - Keycloak JavaScript CI	Run /./.github/actions/status-check	2025-02-18T00:30:48.9002609Z  - admin-ui-e2e: failure
Status Check - Keycloak JavaScript CI	Run /./.github/actions/status-check	2025-02-18T00:30:48.9002878Z 
Status Check - Keycloak JavaScript CI	Run /./.github/actions/status-check	2025-02-18T00:30:48.9002999Z Status check not okay!
Status Check - Keycloak JavaScript CI	Run /./.github/actions/status-check	2025-02-18T00:30:48.9016275Z ##[error]Process completed with exit code 1.
