Admin UI E2E (3, chrome)	Run Cypress	2025-01-04T00:23:28.4358188Z ##[group]Run cypress-io/github-action@v6
Admin UI E2E (3, chrome)	Run Cypress	2025-01-04T00:23:28.4358698Z with:
Admin UI E2E (3, chrome)	Run Cypress	2025-01-04T00:23:28.4359003Z   install: false
Admin UI E2E (3, chrome)	Run Cypress	2025-01-04T00:23:28.4359343Z   browser: chrome
Admin UI E2E (3, chrome)	Run Cypress	2025-01-04T00:23:28.4359728Z   wait-on: http://localhost:8080
Admin UI E2E (3, chrome)	Run Cypress	2025-01-04T00:23:28.4360172Z   working-directory: js/apps/admin-ui
Admin UI E2E (3, chrome)	Run Cypress	2025-01-04T00:23:28.4360603Z   record: false
Admin UI E2E (3, chrome)	Run Cypress	2025-01-04T00:23:28.4360944Z   publish-summary: true
Admin UI E2E (3, chrome)	Run Cypress	2025-01-04T00:23:28.4361300Z   component: false
Admin UI E2E (3, chrome)	Run Cypress	2025-01-04T00:23:28.4361617Z env:
Admin UI E2E (3, chrome)	Run Cypress	2025-01-04T00:23:28.4362069Z   MAVEN_ARGS: -B -nsu -Daether.connector.http.connectionMaxTtl=25
Admin UI E2E (3, chrome)	Run Cypress	2025-01-04T00:23:28.4362648Z   RETRY_COUNT: 3
Admin UI E2E (3, chrome)	Run Cypress	2025-01-04T00:23:28.4363346Z   WORKSPACE: keycloak-admin-ui
Admin UI E2E (3, chrome)	Run Cypress	2025-01-04T00:23:28.4363952Z   JAVA_HOME: /opt/hostedtoolcache/Java_Temurin-Hotspot_jdk/21.0.5-11/x64
Admin UI E2E (3, chrome)	Run Cypress	2025-01-04T00:23:28.4364779Z   JAVA_HOME_21_X64: /opt/hostedtoolcache/Java_Temurin-Hotspot_jdk/21.0.5-11/x64
Admin UI E2E (3, chrome)	Run Cypress	2025-01-04T00:23:28.4365738Z   SPLIT: 10
Admin UI E2E (3, chrome)	Run Cypress	2025-01-04T00:23:28.4366054Z   SPLIT_INDEX: 4
Admin UI E2E (3, chrome)	Run Cypress	2025-01-04T00:23:28.4366395Z   SPLIT_RANDOM_SEED: 38
Admin UI E2E (3, chrome)	Run Cypress	2025-01-04T00:23:28.4366805Z ##[endgroup]
Admin UI E2E (3, chrome)	Run Cypress	2025-01-04T00:23:28.7088272Z Skipping install because install parameter is false
Admin UI E2E (3, chrome)	Run Cypress	2025-01-04T00:23:28.7114181Z waiting on "http://localhost:8080" with timeout of 60 seconds
Admin UI E2E (3, chrome)	Run Cypress	2025-01-04T00:23:45.6836588Z It looks like this is your first time using Cypress: 13.17.0
Admin UI E2E (3, chrome)	Run Cypress	2025-01-04T00:23:45.6837137Z 
Admin UI E2E (3, chrome)	Run Cypress	2025-01-04T00:23:45.6859634Z [STARTED] Task without title.
Admin UI E2E (3, chrome)	Run Cypress	2025-01-04T00:23:47.1906125Z [SUCCESS] Task without title.
Admin UI E2E (3, chrome)	Run Cypress	2025-01-04T00:23:47.1910346Z 
Admin UI E2E (3, chrome)	Run Cypress	2025-01-04T00:23:47.1910742Z Opening Cypress...
Admin UI E2E (3, chrome)	Run Cypress	2025-01-04T00:23:47.7705834Z MESA: error: ZINK: vkCreateInstance failed (VK_ERROR_INCOMPATIBLE_DRIVER)
Admin UI E2E (3, chrome)	Run Cypress	2025-01-04T00:23:47.7709495Z glx: failed to create drisw screen
Admin UI E2E (3, chrome)	Run Cypress	2025-01-04T00:23:47.8308488Z 
Admin UI E2E (3, chrome)	Run Cypress	2025-01-04T00:23:47.8310095Z DevTools listening on ws://127.0.0.1:32867/devtools/browser/b2fa5cc8-58bc-4bd3-98e8-c2bc8ec082a9
Admin UI E2E (3, chrome)	Run Cypress	2025-01-04T00:23:48.4499670Z (node:2742) ExperimentalWarning: `--experimental-loader` may be removed in the future; instead use `register()`:
Admin UI E2E (3, chrome)	Run Cypress	2025-01-04T00:23:48.4502143Z --import 'data:text/javascript,import { register } from "node:module"; import { pathToFileURL } from "node:url"; register("file%3A///home/runner/.cache/Cypress/13.17.0/Cypress/resources/app/node_modules/ts-node/esm/transpile-only.mjs", pathToFileURL("./"));'
Admin UI E2E (3, chrome)	Run Cypress	2025-01-04T00:23:48.4521323Z (Use `node --trace-warnings ...` to show where the warning was created)
Admin UI E2E (3, chrome)	Run Cypress	2025-01-04T00:23:49.1637899Z cypress-split: there are 41 found specs
Admin UI E2E (3, chrome)	Run Cypress	2025-01-04T00:23:49.1638806Z the first 5 specs
Admin UI E2E (3, chrome)	Run Cypress	2025-01-04T00:23:49.1639944Z - 1: /home/runner/work/keycloak/keycloak/js/apps/admin-ui/cypress/e2e/user_fed_kerberos_test.spec.ts
Admin UI E2E (3, chrome)	Run Cypress	2025-01-04T00:23:49.1641546Z - 2: /home/runner/work/keycloak/keycloak/js/apps/admin-ui/cypress/e2e/clients_role.spec.ts
Admin UI E2E (3, chrome)	Run Cypress	2025-01-04T00:23:49.1643419Z - 3: /home/runner/work/keycloak/keycloak/js/apps/admin-ui/cypress/e2e/client_initial_access.spec.ts
Admin UI E2E (3, chrome)	Run Cypress	2025-01-04T00:23:49.1645134Z - 4: /home/runner/work/keycloak/keycloak/js/apps/admin-ui/cypress/e2e/client_authorization_test.spec.ts
Admin UI E2E (3, chrome)	Run Cypress	2025-01-04T00:23:49.1646682Z - 5: /home/runner/work/keycloak/keycloak/js/apps/admin-ui/cypress/e2e/realm_test.spec.ts
Admin UI E2E (3, chrome)	Run Cypress	2025-01-04T00:23:49.1647626Z cypress-split: chunk 5 of 10
Admin UI E2E (3, chrome)	Run Cypress	2025-01-04T00:23:49.1655562Z k  spec                                         
Admin UI E2E (3, chrome)	Run Cypress	2025-01-04T00:23:49.1656159Z -  ---------------------------------------------
Admin UI E2E (3, chrome)	Run Cypress	2025-01-04T00:23:49.1656745Z 1  cypress/e2e/group_test.spec.ts               
Admin UI E2E (3, chrome)	Run Cypress	2025-01-04T00:23:49.1657348Z 2  cypress/e2e/sessions_test.spec.ts            
Admin UI E2E (3, chrome)	Run Cypress	2025-01-04T00:23:49.1657938Z 3  cypress/e2e/clients_test.spec.ts             
Admin UI E2E (3, chrome)	Run Cypress	2025-01-04T00:23:49.1658542Z 4  cypress/e2e/user_fed_ldap_mapper_test.spec.ts
Admin UI E2E (3, chrome)	Run Cypress	2025-01-04T00:23:49.1658880Z 
Admin UI E2E (3, chrome)	Run Cypress	2025-01-04T00:23:49.7874743Z 
Admin UI E2E (3, chrome)	Run Cypress	2025-01-04T00:23:49.8168785Z [90m====================================================================================================[39m
Admin UI E2E (3, chrome)	Run Cypress	2025-01-04T00:23:49.8169163Z 
Admin UI E2E (3, chrome)	Run Cypress	2025-01-04T00:23:49.8171837Z [0m  ([4m[1mRun Starting[22m[24m)[0m
Admin UI E2E (3, chrome)	Run Cypress	2025-01-04T00:23:49.8172226Z 
Admin UI E2E (3, chrome)	Run Cypress	2025-01-04T00:23:49.8285128Z [90m  ┌[39m[90m─[39m[90m─[39m[90m─[39m[90m─[39m[90m─[39m[90m─[39m[90m─[39m[90m─[39m[90m─[39m[90m─[39m[90m─[39m[90m─[39m[90m─[39m[90m─[39m[90m─[39m[90m─[39m[90m─[39m[90m─[39m[90m─[39m[90m─[39m[90m─[39m[90m─[39m[90m─[39m[90m─[39m[90m─[39m[90m─[39m[90m─[39m[90m─[39m[90m─[39m[90m─[39m[90m─[39m[90m─[39m[90m─[39m[90m─[39m[90m─[39m[90m─[39m[90m─[39m[90m─[39m[90m─[39m[90m─[39m[90m─[39m[90m─[39m[90m─[39m[90m─[39m[90m─[39m[90m─[39m[90m─[39m[90m─[39m[90m─[39m[90m─[39m[90m─[39m[90m─[39m[90m─[39m[90m─[39m[90m─[39m[90m─[39m[90m─[39m[90m─[39m[90m─[39m[90m─[39m[90m─[39m[90m─[39m[90m─[39m[90m─[39m[90m─[39m[90m─[39m[90m─[39m[90m─[39m[90m─[39m[90m─[39m[90m─[39m[90m─[39m[90m─[39m[90m─[39m[90m─[39m[90m─[39m[90m─[39m[90m─[39m[90m─[39m[90m─[39m[90m─[39m[90m─[39m[90m─[39m[90m─[39m[90m─[39m[90m─[39m[90m─[39m[90m─[39m[90m─[39m[90m─[39m[90m─[39m[90m─[39m[90m─[39m[90m─[39m[90m─[39m[90m─[39m[90m┐[39m
Admin UI E2E (3, chrome)	Run Cypress	2025-01-04T00:23:49.8291888Z [90m  │[39m [90mCypress:[39m        13.17.0                                                                        [90m│[39m
Admin UI E2E (3, chrome)	Run Cypress	2025-01-04T00:23:49.8293542Z [90m  │[39m [90mBrowser:[39m        Chrome 131 [90m(headless)[39m                                                          [90m│[39m
Admin UI E2E (3, chrome)	Run Cypress	2025-01-04T00:23:49.8295312Z [90m  │[39m [90mNode Version:[39m   [0mv20.18.0 [90m(/home/runner/runners/2.321.0/externals/node20/bin/node)[39m[0m              [90m│[39m
Admin UI E2E (3, chrome)	Run Cypress	2025-01-04T00:23:49.8297218Z [90m  │[39m [90mSpecs:[39m          [0m4 found (group_test.spec.ts, sessions_test.spec.ts, clients_test.spec.ts, user[0m [90m│[39m
Admin UI E2E (3, chrome)	Run Cypress	2025-01-04T00:23:49.8298759Z [90m  │[39m                 [0m_fed_ldap_mapper_test.spec.ts)[0m                                                 [90m│[39m
Admin UI E2E (3, chrome)	Run Cypress	2025-01-04T00:23:49.8300436Z [90m  │[39m [90mSearched:[39m       [0mcypress/e2e/group_test.spec.ts, cypress/e2e/sessions_test.spec.ts, cypress/e2e[0m [90m│[39m
Admin UI E2E (3, chrome)	Run Cypress	2025-01-04T00:23:49.8302183Z [90m  │[39m                 [0m/clients_test.spec.ts, cypress/e2e/user_fed_ldap_mapper_test.spec.ts[0m           [90m│[39m
Admin UI E2E (3, chrome)	Run Cypress	2025-01-04T00:23:49.8304133Z [90m  │[39m [90mExperiments:[39m    experimentalMemoryManagement=true                                              [90m│[39m
Admin UI E2E (3, chrome)	Run Cypress	2025-01-04T00:23:49.8311682Z [90m  └[39m[90m─[39m[90m─[39m[90m─[39m[90m─[39m[90m─[39m[90m─[39m[90m─[39m[90m─[39m[90m─[39m[90m─[39m[90m─[39m[90m─[39m[90m─[39m[90m─[39m[90m─[39m[90m─[39m[90m─[39m[90m─[39m[90m─[39m[90m─[39m[90m─[39m[90m─[39m[90m─[39m[90m─[39m[90m─[39m[90m─[39m[90m─[39m[90m─[39m[90m─[39m[90m─[39m[90m─[39m[90m─[39m[90m─[39m[90m─[39m[90m─[39m[90m─[39m[90m─[39m[90m─[39m[90m─[39m[90m─[39m[90m─[39m[90m─[39m[90m─[39m[90m─[39m[90m─[39m[90m─[39m[90m─[39m[90m─[39m[90m─[39m[90m─[39m[90m─[39m[90m─[39m[90m─[39m[90m─[39m[90m─[39m[90m─[39m[90m─[39m[90m─[39m[90m─[39m[90m─[39m[90m─[39m[90m─[39m[90m─[39m[90m─[39m[90m─[39m[90m─[39m[90m─[39m[90m─[39m[90m─[39m[90m─[39m[90m─[39m[90m─[39m[90m─[39m[90m─[39m[90m─[39m[90m─[39m[90m─[39m[90m─[39m[90m─[39m[90m─[39m[90m─[39m[90m─[39m[90m─[39m[90m─[39m[90m─[39m[90m─[39m[90m─[39m[90m─[39m[90m─[39m[90m─[39m[90m─[39m[90m─[39m[90m─[39m[90m─[39m[90m─[39m[90m─[39m[90m┘[39m
Admin UI E2E (3, chrome)	Run Cypress	2025-01-04T00:23:49.8315902Z 
Admin UI E2E (3, chrome)	Run Cypress	2025-01-04T00:23:49.8315924Z 
Admin UI E2E (3, chrome)	Run Cypress	2025-01-04T00:23:49.8323166Z [90m─[39m[90m─[39m[90m─[39m[90m─[39m[90m─[39m[90m─[39m[90m─[39m[90m─[39m[90m─[39m[90m─[39m[90m─[39m[90m─[39m[90m─[39m[90m─[39m[90m─[39m[90m─[39m[90m─[39m[90m─[39m[90m─[39m[90m─[39m[90m─[39m[90m─[39m[90m─[39m[90m─[39m[90m─[39m[90m─[39m[90m─[39m[90m─[39m[90m─[39m[90m─[39m[90m─[39m[90m─[39m[90m─[39m[90m─[39m[90m─[39m[90m─[39m[90m─[39m[90m─[39m[90m─[39m[90m─[39m[90m─[39m[90m─[39m[90m─[39m[90m─[39m[90m─[39m[90m─[39m[90m─[39m[90m─[39m[90m─[39m[90m─[39m[90m─[39m[90m─[39m[90m─[39m[90m─[39m[90m─[39m[90m─[39m[90m─[39m[90m─[39m[90m─[39m[90m─[39m[90m─[39m[90m─[39m[90m─[39m[90m─[39m[90m─[39m[90m─[39m[90m─[39m[90m─[39m[90m─[39m[90m─[39m[90m─[39m[90m─[39m[90m─[39m[90m─[39m[90m─[39m[90m─[39m[90m─[39m[90m─[39m[90m─[39m[90m─[39m[90m─[39m[90m─[39m[90m─[39m[90m─[39m[90m─[39m[90m─[39m[90m─[39m[90m─[39m[90m─[39m[90m─[39m[90m─[39m[90m─[39m[90m─[39m[90m─[39m[90m─[39m[90m─[39m[90m─[39m[90m─[39m[90m─[39m[90m─[39m
Admin UI E2E (3, chrome)	Run Cypress	2025-01-04T00:23:49.8327889Z                                                                                                     
Admin UI E2E (3, chrome)	Run Cypress	2025-01-04T00:23:49.8329145Z   Running:  [90mgroup_test.spec.ts[39m                                                              [90m(1 of 4)[39m
Admin UI E2E (3, chrome)	Run Cypress	2025-01-04T00:23:58.0958998Z 
Admin UI E2E (3, chrome)	Run Cypress	2025-01-04T00:23:58.0968968Z [0m[0m
Admin UI E2E (3, chrome)	Run Cypress	2025-01-04T00:23:58.1067429Z [0m  Group test[0m
Admin UI E2E (3, chrome)	Run Cypress	2025-01-04T00:23:59.2875119Z [0m    List[0m
Admin UI E2E (3, chrome)	Run Cypress	2025-01-04T00:24:09.9273917Z     [32m  ✓[0m[90m Create group from empty option[0m[90m (11759ms)[0m
Admin UI E2E (3, chrome)	Run Cypress	2025-01-04T00:24:15.0027774Z     [32m  ✓[0m[90m Create group from search bar[0m[90m (4992ms)[0m
Admin UI E2E (3, chrome)	Run Cypress	2025-01-04T00:24:17.8205976Z     [32m  ✓[0m[90m Fail to create group with empty name[0m[90m (2784ms)[0m
Admin UI E2E (3, chrome)	Run Cypress	2025-01-04T00:24:24.2201931Z     [32m  ✓[0m[90m Fail to create group with duplicated name[0m[90m (6274ms)[0m
Admin UI E2E (3, chrome)	Run Cypress	2025-01-04T00:24:27.4820848Z     [32m  ✓[0m[90m Empty search[0m[90m (3160ms)[0m
Admin UI E2E (3, chrome)	Run Cypress	2025-01-04T00:24:30.6745299Z     [32m  ✓[0m[90m Search group that exists[0m[90m (3095ms)[0m
Admin UI E2E (3, chrome)	Run Cypress	2025-01-04T00:24:33.5362020Z     [32m  ✓[0m[90m Search group that does not exists[0m[90m (2770ms)[0m
Admin UI E2E (3, chrome)	Run Cypress	2025-01-04T00:24:36.9066774Z     [32m  ✓[0m[90m Duplicate group from item bar[0m[90m (3295ms)[0m
Admin UI E2E (3, chrome)	Run Cypress	2025-01-04T00:24:42.1663516Z     [32m  ✓[0m[90m Delete group from item bar[0m[90m (5156ms)[0m
Admin UI E2E (3, chrome)	Run Cypress	2025-01-04T00:24:46.0823406Z     [32m  ✓[0m[90m Delete group from search bar[0m[90m (3846ms)[0m
Admin UI E2E (3, chrome)	Run Cypress	2025-01-04T00:24:50.6606477Z     [32m  ✓[0m[90m Delete groups from search bar[0m[90m (4473ms)[0m
Admin UI E2E (3, chrome)	Run Cypress	2025-01-04T00:24:50.6795263Z [0m    Search group under current group[0m
Admin UI E2E (3, chrome)	Run Cypress	2025-01-04T00:24:54.0304506Z     [32m  ✓[0m[90m Search child group in group[0m[90m (3276ms)[0m
Admin UI E2E (3, chrome)	Run Cypress	2025-01-04T00:24:57.3420579Z     [32m  ✓[0m[90m Search non existing child group in group[0m[90m (3224ms)[0m
Admin UI E2E (3, chrome)	Run Cypress	2025-01-04T00:25:00.0361339Z     [32m  ✓[0m[90m Empty search in group[0m[90m (2614ms)[0m
Admin UI E2E (3, chrome)	Run Cypress	2025-01-04T00:25:00.0538101Z [0m    Group Actions[0m
Admin UI E2E (3, chrome)	Run Cypress	2025-01-04T00:25:04.4092279Z     [32m  ✓[0m[90m Rename group[0m[90m (4235ms)[0m
Admin UI E2E (3, chrome)	Run Cypress	2025-01-04T00:25:07.5304812Z     [32m  ✓[0m[90m Delete group from group details[0m[90m (3002ms)[0m
Admin UI E2E (3, chrome)	Run Cypress	2025-01-04T00:25:07.5496395Z [0m      Search globally[0m
Admin UI E2E (3, chrome)	Run Cypress	2025-01-04T00:25:10.1647643Z       [32m  ✓[0m[90m Navigate to parent group details[0m[90m (2341ms)[0m
Admin UI E2E (3, chrome)	Run Cypress	2025-01-04T00:25:10.1788978Z [0m    Child Groups[0m
Admin UI E2E (3, chrome)	Run Cypress	2025-01-04T00:25:12.4609877Z     [32m  ✓[0m[90m Check empty state[0m[90m (2213ms)[0m
Admin UI E2E (3, chrome)	Run Cypress	2025-01-04T00:25:15.4738456Z     [32m  ✓[0m[90m Create group from empty state[0m[90m (2894ms)[0m
Admin UI E2E (3, chrome)	Run Cypress	2025-01-04T00:25:18.4653861Z     [32m  ✓[0m[90m Create group from search bar[0m[90m (2893ms)[0m
Admin UI E2E (3, chrome)	Run Cypress	2025-01-04T00:25:21.3145082Z     [32m  ✓[0m[90m Fail to create group with empty name[0m[90m (2814ms)[0m
Admin UI E2E (3, chrome)	Run Cypress	2025-01-04T00:25:24.2621779Z     [32m  ✓[0m[90m Fail to create group with duplicated name[0m[90m (2885ms)[0m
Admin UI E2E (3, chrome)	Run Cypress	2025-01-04T00:25:28.1782694Z     [32m  ✓[0m[90m Move group from item bar[0m[90m (3759ms)[0m
Admin UI E2E (3, chrome)	Run Cypress	2025-01-04T00:25:30.8617471Z     [32m  ✓[0m[90m Search group[0m[90m (2581ms)[0m
Admin UI E2E (3, chrome)	Run Cypress	2025-01-04T00:25:33.4831611Z     [32m  ✓[0m[90m Show child group in groups[0m[90m (2553ms)[0m
Admin UI E2E (3, chrome)	Run Cypress	2025-01-04T00:25:36.7272516Z     [32m  ✓[0m[90m Delete group from search bar[0m[90m (3176ms)[0m
Admin UI E2E (3, chrome)	Run Cypress	2025-01-04T00:25:39.6331949Z     [32m  ✓[0m[90m Delete group from item bar[0m[90m (2672ms)[0m
Admin UI E2E (3, chrome)	Run Cypress	2025-01-04T00:25:39.6458416Z [0m    Members[0m
Admin UI E2E (3, chrome)	Run Cypress	2025-01-04T00:25:43.1453488Z     [32m  ✓[0m[90m Add member from search bar[0m[90m (3434ms)[0m
Admin UI E2E (3, chrome)	Run Cypress	2025-01-04T00:25:48.1326445Z     [32m  ✓[0m[90m Show members with sub-group users[0m[90m (4895ms)[0m
Admin UI E2E (3, chrome)	Run Cypress	2025-01-04T00:25:52.0406615Z     [32m  ✓[0m[90m Add member from empty state[0m[90m (3830ms)[0m
Admin UI E2E (3, chrome)	Run Cypress	2025-01-04T00:25:55.9356059Z     [32m  ✓[0m[90m Leave group from search bar[0m[90m (3797ms)[0m
Admin UI E2E (3, chrome)	Run Cypress	2025-01-04T00:25:59.3613341Z     [32m  ✓[0m[90m Leave group from item bar[0m[90m (3373ms)[0m
Admin UI E2E (3, chrome)	Run Cypress	2025-01-04T00:26:03.4125857Z     [32m  ✓[0m[90m Show memberships from item bar[0m[90m (3649ms)[0m
Admin UI E2E (3, chrome)	Run Cypress	2025-01-04T00:26:03.4349618Z [0m    Breadcrumbs[0m
Admin UI E2E (3, chrome)	Run Cypress	2025-01-04T00:26:09.1023072Z     [32m  ✓[0m[90m Navigate to parent group[0m[90m (5550ms)[0m
Admin UI E2E (3, chrome)	Run Cypress	2025-01-04T00:26:09.1193479Z [0m    Attributes[0m
Admin UI E2E (3, chrome)	Run Cypress	2025-01-04T00:26:12.9663298Z     [32m  ✓[0m[90m Add attribute[0m[90m (3827ms)[0m
Admin UI E2E (3, chrome)	Run Cypress	2025-01-04T00:26:15.7800000Z     [32m  ✓[0m[90m Remove attribute[0m[90m (2726ms)[0m
Admin UI E2E (3, chrome)	Run Cypress	2025-01-04T00:26:20.7125113Z     [32m  ✓[0m[90m Revert changes[0m[90m (4849ms)[0m
Admin UI E2E (3, chrome)	Run Cypress	2025-01-04T00:26:20.7280299Z [0m    'Move to' function[0m
Admin UI E2E (3, chrome)	Run Cypress	2025-01-04T00:26:22.8491142Z     [32m  ✓[0m[90m Move group to other group[0m[90m (2111ms)[0m
Admin UI E2E (3, chrome)	Run Cypress	2025-01-04T00:26:25.9342627Z     [32m  ✓[0m[90m Move group to root[0m[90m (2972ms)[0m
Admin UI E2E (3, chrome)	Run Cypress	2025-01-04T00:26:25.9396888Z [0m    Role mappings[0m
Admin UI E2E (3, chrome)	Run Cypress	2025-01-04T00:26:28.1385674Z     [32m  ✓[0m[90m Check empty state[0m[90m (2141ms)[0m
Admin UI E2E (3, chrome)	Run Cypress	2025-01-04T00:26:31.0674418Z     [32m  ✓[0m[90m Assign roles from empty state[0m[90m (2822ms)[0m
Admin UI E2E (3, chrome)	Run Cypress	2025-01-04T00:26:33.3152799Z     [32m  ✓[0m[90m Show and search roles[0m[90m (2125ms)[0m
Admin UI E2E (3, chrome)	Run Cypress	2025-01-04T00:26:35.6754934Z     [32m  ✓[0m[90m Check hide inherited roles option[0m[90m (2304ms)[0m
Admin UI E2E (3, chrome)	Run Cypress	2025-01-04T00:26:38.2027281Z     [32m  ✓[0m[90m Remove roles[0m[90m (2445ms)[0m
Admin UI E2E (3, chrome)	Run Cypress	2025-01-04T00:26:38.2183269Z [0m    Permissions[0m
Admin UI E2E (3, chrome)	Run Cypress	2025-01-04T00:26:41.0294580Z     [32m  ✓[0m[90m enable/disable permissions[0m[90m (2767ms)[0m
Admin UI E2E (3, chrome)	Run Cypress	2025-01-04T00:26:41.0435565Z [0m    Accessibility tests for groups[0m
Admin UI E2E (3, chrome)	Run Cypress	2025-01-04T00:26:46.0676615Z     [32m  ✓[0m[90m Check a11y violations on load/ groups[0m[90m (4559ms)[0m
Admin UI E2E (3, chrome)	Run Cypress	2025-01-04T00:26:46.0680759Z 
Admin UI E2E (3, chrome)	Run Cypress	2025-01-04T00:26:46.1061318Z 
Admin UI E2E (3, chrome)	Run Cypress	2025-01-04T00:26:46.1063961Z [92m [0m[32m 46 passing[0m[90m (3m)[0m
Admin UI E2E (3, chrome)	Run Cypress	2025-01-04T00:26:46.1065658Z 
Admin UI E2E (3, chrome)	Run Cypress	2025-01-04T00:26:47.1593176Z 
Admin UI E2E (3, chrome)	Run Cypress	2025-01-04T00:26:47.1595282Z [32m  ([4m[1mResults[22m[24m)[39m
Admin UI E2E (3, chrome)	Run Cypress	2025-01-04T00:26:47.1614064Z 
Admin UI E2E (3, chrome)	Run Cypress	2025-01-04T00:26:47.1631018Z [90m  ┌[39m[90m─[39m[90m─[39m[90m─[39m[90m─[39m[90m─[39m[90m─[39m[90m─[39m[90m─[39m[90m─[39m[90m─[39m[90m─[39m[90m─[39m[90m─[39m[90m─[39m[90m─[39m[90m─[39m[90m─[39m[90m─[39m[90m─[39m[90m─[39m[90m─[39m[90m─[39m[90m─[39m[90m─[39m[90m─[39m[90m─[39m[90m─[39m[90m─[39m[90m─[39m[90m─[39m[90m─[39m[90m─[39m[90m─[39m[90m─[39m[90m─[39m[90m─[39m[90m─[39m[90m─[39m[90m─[39m[90m─[39m[90m─[39m[90m─[39m[90m─[39m[90m─[39m[90m─[39m[90m─[39m[90m─[39m[90m─[39m[90m─[39m[90m─[39m[90m─[39m[90m─[39m[90m─[39m[90m─[39m[90m─[39m[90m─[39m[90m─[39m[90m─[39m[90m─[39m[90m─[39m[90m─[39m[90m─[39m[90m─[39m[90m─[39m[90m─[39m[90m─[39m[90m─[39m[90m─[39m[90m─[39m[90m─[39m[90m─[39m[90m─[39m[90m─[39m[90m─[39m[90m─[39m[90m─[39m[90m─[39m[90m─[39m[90m─[39m[90m─[39m[90m─[39m[90m─[39m[90m─[39m[90m─[39m[90m─[39m[90m─[39m[90m─[39m[90m─[39m[90m─[39m[90m─[39m[90m─[39m[90m─[39m[90m─[39m[90m─[39m[90m─[39m[90m─[39m[90m┐[39m
Admin UI E2E (3, chrome)	Run Cypress	2025-01-04T00:26:47.1636222Z [90m  │[39m [90mTests:[39m        [32m46[39m                                                                               [90m│[39m
Admin UI E2E (3, chrome)	Run Cypress	2025-01-04T00:26:47.1637547Z [90m  │[39m [90mPassing:[39m      [32m46[39m                                                                               [90m│[39m
Admin UI E2E (3, chrome)	Run Cypress	2025-01-04T00:26:47.1638830Z [90m  │[39m [90mFailing:[39m      [32m0[39m                                                                                [90m│[39m
Admin UI E2E (3, chrome)	Run Cypress	2025-01-04T00:26:47.1640103Z [90m  │[39m [90mPending:[39m      [32m0[39m                                                                                [90m│[39m
Admin UI E2E (3, chrome)	Run Cypress	2025-01-04T00:26:47.1641736Z [90m  │[39m [90mSkipped:[39m      [32m0[39m                                                                                [90m│[39m
Admin UI E2E (3, chrome)	Run Cypress	2025-01-04T00:26:47.1643074Z [90m  │[39m [90mScreenshots:[39m  [32m0[39m                                                                                [90m│[39m
Admin UI E2E (3, chrome)	Run Cypress	2025-01-04T00:26:47.1644163Z [90m  │[39m [90mVideo:[39m        [32mfalse[39m                                                                            [90m│[39m
Admin UI E2E (3, chrome)	Run Cypress	2025-01-04T00:26:47.1645402Z [90m  │[39m [90mDuration:[39m     [32m2 minutes, 48 seconds[39m                                                            [90m│[39m
Admin UI E2E (3, chrome)	Run Cypress	2025-01-04T00:26:47.1646929Z [90m  │[39m [90mSpec Ran:[39m     [32m[32mgroup_test.spec.ts[32m[39m                                                               [90m│[39m
Admin UI E2E (3, chrome)	Run Cypress	2025-01-04T00:26:47.1651881Z [90m  └[39m[90m─[39m[90m─[39m[90m─[39m[90m─[39m[90m─[39m[90m─[39m[90m─[39m[90m─[39m[90m─[39m[90m─[39m[90m─[39m[90m─[39m[90m─[39m[90m─[39m[90m─[39m[90m─[39m[90m─[39m[90m─[39m[90m─[39m[90m─[39m[90m─[39m[90m─[39m[90m─[39m[90m─[39m[90m─[39m[90m─[39m[90m─[39m[90m─[39m[90m─[39m[90m─[39m[90m─[39m[90m─[39m[90m─[39m[90m─[39m[90m─[39m[90m─[39m[90m─[39m[90m─[39m[90m─[39m[90m─[39m[90m─[39m[90m─[39m[90m─[39m[90m─[39m[90m─[39m[90m─[39m[90m─[39m[90m─[39m[90m─[39m[90m─[39m[90m─[39m[90m─[39m[90m─[39m[90m─[39m[90m─[39m[90m─[39m[90m─[39m[90m─[39m[90m─[39m[90m─[39m[90m─[39m[90m─[39m[90m─[39m[90m─[39m[90m─[39m[90m─[39m[90m─[39m[90m─[39m[90m─[39m[90m─[39m[90m─[39m[90m─[39m[90m─[39m[90m─[39m[90m─[39m[90m─[39m[90m─[39m[90m─[39m[90m─[39m[90m─[39m[90m─[39m[90m─[39m[90m─[39m[90m─[39m[90m─[39m[90m─[39m[90m─[39m[90m─[39m[90m─[39m[90m─[39m[90m─[39m[90m─[39m[90m─[39m[90m─[39m[90m─[39m[90m─[39m[90m┘[39m
Admin UI E2E (3, chrome)	Run Cypress	2025-01-04T00:26:47.1655285Z 
Admin UI E2E (3, chrome)	Run Cypress	2025-01-04T00:26:47.2106410Z 
Admin UI E2E (3, chrome)	Run Cypress	2025-01-04T00:26:47.2122791Z [90m─[39m[90m─[39m[90m─[39m[90m─[39m[90m─[39m[90m─[39m[90m─[39m[90m─[39m[90m─[39m[90m─[39m[90m─[39m[90m─[39m[90m─[39m[90m─[39m[90m─[39m[90m─[39m[90m─[39m[90m─[39m[90m─[39m[90m─[39m[90m─[39m[90m─[39m[90m─[39m[90m─[39m[90m─[39m[90m─[39m[90m─[39m[90m─[39m[90m─[39m[90m─[39m[90m─[39m[90m─[39m[90m─[39m[90m─[39m[90m─[39m[90m─[39m[90m─[39m[90m─[39m[90m─[39m[90m─[39m[90m─[39m[90m─[39m[90m─[39m[90m─[39m[90m─[39m[90m─[39m[90m─[39m[90m─[39m[90m─[39m[90m─[39m[90m─[39m[90m─[39m[90m─[39m[90m─[39m[90m─[39m[90m─[39m[90m─[39m[90m─[39m[90m─[39m[90m─[39m[90m─[39m[90m─[39m[90m─[39m[90m─[39m[90m─[39m[90m─[39m[90m─[39m[90m─[39m[90m─[39m[90m─[39m[90m─[39m[90m─[39m[90m─[39m[90m─[39m[90m─[39m[90m─[39m[90m─[39m[90m─[39m[90m─[39m[90m─[39m[90m─[39m[90m─[39m[90m─[39m[90m─[39m[90m─[39m[90m─[39m[90m─[39m[90m─[39m[90m─[39m[90m─[39m[90m─[39m[90m─[39m[90m─[39m[90m─[39m[90m─[39m[90m─[39m[90m─[39m[90m─[39m[90m─[39m[90m─[39m
Admin UI E2E (3, chrome)	Run Cypress	2025-01-04T00:26:47.2127177Z                                                                                                     
Admin UI E2E (3, chrome)	Run Cypress	2025-01-04T00:26:47.2128429Z   Running:  [90msessions_test.spec.ts[39m                                                           [90m(2 of 4)[39m
Admin UI E2E (3, chrome)	Run Cypress	2025-01-04T00:26:51.3443629Z 
Admin UI E2E (3, chrome)	Run Cypress	2025-01-04T00:26:51.3444922Z [0m[0m
Admin UI E2E (3, chrome)	Run Cypress	2025-01-04T00:26:51.3473810Z [0m  Sessions test[0m
Admin UI E2E (3, chrome)	Run Cypress	2025-01-04T00:26:51.3483591Z [0m    Sessions list view[0m
Admin UI E2E (3, chrome)	Run Cypress	2025-01-04T00:26:56.3718488Z     [32m  ✓[0m[90m check item values[0m[90m (4987ms)[0m
Admin UI E2E (3, chrome)	Run Cypress	2025-01-04T00:26:58.8068312Z     [32m  ✓[0m[90m go to item accessed clients link[0m[90m (2376ms)[0m
Admin UI E2E (3, chrome)	Run Cypress	2025-01-04T00:26:58.8313883Z [0m    Offline sessions[0m
Admin UI E2E (3, chrome)	Run Cypress	2025-01-04T00:27:02.6590274Z     [32m  ✓[0m[90m check offline token[0m[90m (3610ms)[0m
Admin UI E2E (3, chrome)	Run Cypress	2025-01-04T00:27:02.6746420Z [0m    Search[0m
Admin UI E2E (3, chrome)	Run Cypress	2025-01-04T00:27:04.9352034Z     [32m  ✓[0m[90m search existing session[0m[90m (2221ms)[0m
Admin UI E2E (3, chrome)	Run Cypress	2025-01-04T00:27:07.1957112Z     [32m  ✓[0m[90m search non-existant session[0m[90m (2205ms)[0m
Admin UI E2E (3, chrome)	Run Cypress	2025-01-04T00:27:07.2093381Z [0m    revocation[0m
Admin UI E2E (3, chrome)	Run Cypress	2025-01-04T00:27:07.2264823Z     [36m  - Clear revocation notBefore[0m
Admin UI E2E (3, chrome)	Run Cypress	2025-01-04T00:27:07.2266446Z     [36m  - Check if notBefore cleared[0m
Admin UI E2E (3, chrome)	Run Cypress	2025-01-04T00:27:07.2270064Z     [36m  - Set revocation notBefore[0m
Admin UI E2E (3, chrome)	Run Cypress	2025-01-04T00:27:07.2276671Z     [36m  - Check if notBefore saved[0m
Admin UI E2E (3, chrome)	Run Cypress	2025-01-04T00:27:07.2277739Z     [36m  - Push when URI not configured[0m
Admin UI E2E (3, chrome)	Run Cypress	2025-01-04T00:27:07.2393067Z [0m    Accessibility tests for sessions[0m
Admin UI E2E (3, chrome)	Run Cypress	2025-01-04T00:27:11.1455270Z     [32m  ✓[0m[90m Check a11y violations on load/ sessions[0m[90m (3883ms)[0m
Admin UI E2E (3, chrome)	Run Cypress	2025-01-04T00:27:15.8783341Z     [32m  ✓[0m[90m Check a11y violations on revocation dialog[0m[90m (4706ms)[0m
Admin UI E2E (3, chrome)	Run Cypress	2025-01-04T00:27:20.1333503Z     [32m  ✓[0m[90m Check a11y violations on sign out all active sessions dialog[0m[90m (4215ms)[0m
Admin UI E2E (3, chrome)	Run Cypress	2025-01-04T00:27:20.1334219Z 
Admin UI E2E (3, chrome)	Run Cypress	2025-01-04T00:27:20.1684027Z 
Admin UI E2E (3, chrome)	Run Cypress	2025-01-04T00:27:20.1686114Z [92m [0m[32m 8 passing[0m[90m (29s)[0m
Admin UI E2E (3, chrome)	Run Cypress	2025-01-04T00:27:20.1686748Z [36m [0m[36m 5 pending[0m
Admin UI E2E (3, chrome)	Run Cypress	2025-01-04T00:27:20.1686988Z 
Admin UI E2E (3, chrome)	Run Cypress	2025-01-04T00:27:21.1972353Z 
Admin UI E2E (3, chrome)	Run Cypress	2025-01-04T00:27:21.1974056Z [32m  ([4m[1mResults[22m[24m)[39m
Admin UI E2E (3, chrome)	Run Cypress	2025-01-04T00:27:21.1992016Z 
Admin UI E2E (3, chrome)	Run Cypress	2025-01-04T00:27:21.2005183Z [90m  ┌[39m[90m─[39m[90m─[39m[90m─[39m[90m─[39m[90m─[39m[90m─[39m[90m─[39m[90m─[39m[90m─[39m[90m─[39m[90m─[39m[90m─[39m[90m─[39m[90m─[39m[90m─[39m[90m─[39m[90m─[39m[90m─[39m[90m─[39m[90m─[39m[90m─[39m[90m─[39m[90m─[39m[90m─[39m[90m─[39m[90m─[39m[90m─[39m[90m─[39m[90m─[39m[90m─[39m[90m─[39m[90m─[39m[90m─[39m[90m─[39m[90m─[39m[90m─[39m[90m─[39m[90m─[39m[90m─[39m[90m─[39m[90m─[39m[90m─[39m[90m─[39m[90m─[39m[90m─[39m[90m─[39m[90m─[39m[90m─[39m[90m─[39m[90m─[39m[90m─[39m[90m─[39m[90m─[39m[90m─[39m[90m─[39m[90m─[39m[90m─[39m[90m─[39m[90m─[39m[90m─[39m[90m─[39m[90m─[39m[90m─[39m[90m─[39m[90m─[39m[90m─[39m[90m─[39m[90m─[39m[90m─[39m[90m─[39m[90m─[39m[90m─[39m[90m─[39m[90m─[39m[90m─[39m[90m─[39m[90m─[39m[90m─[39m[90m─[39m[90m─[39m[90m─[39m[90m─[39m[90m─[39m[90m─[39m[90m─[39m[90m─[39m[90m─[39m[90m─[39m[90m─[39m[90m─[39m[90m─[39m[90m─[39m[90m─[39m[90m─[39m[90m─[39m[90m─[39m[90m┐[39m
Admin UI E2E (3, chrome)	Run Cypress	2025-01-04T00:27:21.2007918Z [90m  │[39m [90mTests:[39m        [32m13[39m                                                                               [90m│[39m
Admin UI E2E (3, chrome)	Run Cypress	2025-01-04T00:27:21.2008660Z [90m  │[39m [90mPassing:[39m      [32m8[39m                                                                                [90m│[39m
Admin UI E2E (3, chrome)	Run Cypress	2025-01-04T00:27:21.2009381Z [90m  │[39m [90mFailing:[39m      [32m0[39m                                                                                [90m│[39m
Admin UI E2E (3, chrome)	Run Cypress	2025-01-04T00:27:21.2010362Z [90m  │[39m [90mPending:[39m      [32m5[39m                                                                                [90m│[39m
Admin UI E2E (3, chrome)	Run Cypress	2025-01-04T00:27:21.2011249Z [90m  │[39m [90mSkipped:[39m      [32m0[39m                                                                                [90m│[39m
Admin UI E2E (3, chrome)	Run Cypress	2025-01-04T00:27:21.2012125Z [90m  │[39m [90mScreenshots:[39m  [32m0[39m                                                                                [90m│[39m
Admin UI E2E (3, chrome)	Run Cypress	2025-01-04T00:27:21.2012999Z [90m  │[39m [90mVideo:[39m        [32mfalse[39m                                                                            [90m│[39m
Admin UI E2E (3, chrome)	Run Cypress	2025-01-04T00:27:21.2013752Z [90m  │[39m [90mDuration:[39m     [32m28 seconds[39m                                                                       [90m│[39m
Admin UI E2E (3, chrome)	Run Cypress	2025-01-04T00:27:21.2014738Z [90m  │[39m [90mSpec Ran:[39m     [32m[32msessions_test.spec.ts[32m[39m                                                            [90m│[39m
Admin UI E2E (3, chrome)	Run Cypress	2025-01-04T00:27:21.2021309Z [90m  └[39m[90m─[39m[90m─[39m[90m─[39m[90m─[39m[90m─[39m[90m─[39m[90m─[39m[90m─[39m[90m─[39m[90m─[39m[90m─[39m[90m─[39m[90m─[39m[90m─[39m[90m─[39m[90m─[39m[90m─[39m[90m─[39m[90m─[39m[90m─[39m[90m─[39m[90m─[39m[90m─[39m[90m─[39m[90m─[39m[90m─[39m[90m─[39m[90m─[39m[90m─[39m[90m─[39m[90m─[39m[90m─[39m[90m─[39m[90m─[39m[90m─[39m[90m─[39m[90m─[39m[90m─[39m[90m─[39m[90m─[39m[90m─[39m[90m─[39m[90m─[39m[90m─[39m[90m─[39m[90m─[39m[90m─[39m[90m─[39m[90m─[39m[90m─[39m[90m─[39m[90m─[39m[90m─[39m[90m─[39m[90m─[39m[90m─[39m[90m─[39m[90m─[39m[90m─[39m[90m─[39m[90m─[39m[90m─[39m[90m─[39m[90m─[39m[90m─[39m[90m─[39m[90m─[39m[90m─[39m[90m─[39m[90m─[39m[90m─[39m[90m─[39m[90m─[39m[90m─[39m[90m─[39m[90m─[39m[90m─[39m[90m─[39m[90m─[39m[90m─[39m[90m─[39m[90m─[39m[90m─[39m[90m─[39m[90m─[39m[90m─[39m[90m─[39m[90m─[39m[90m─[39m[90m─[39m[90m─[39m[90m─[39m[90m─[39m[90m─[39m[90m─[39m[90m─[39m[90m┘[39m
Admin UI E2E (3, chrome)	Run Cypress	2025-01-04T00:27:21.2025159Z 
Admin UI E2E (3, chrome)	Run Cypress	2025-01-04T00:27:21.2317450Z 
Admin UI E2E (3, chrome)	Run Cypress	2025-01-04T00:27:21.2331699Z [90m─[39m[90m─[39m[90m─[39m[90m─[39m[90m─[39m[90m─[39m[90m─[39m[90m─[39m[90m─[39m[90m─[39m[90m─[39m[90m─[39m[90m─[39m[90m─[39m[90m─[39m[90m─[39m[90m─[39m[90m─[39m[90m─[39m[90m─[39m[90m─[39m[90m─[39m[90m─[39m[90m─[39m[90m─[39m[90m─[39m[90m─[39m[90m─[39m[90m─[39m[90m─[39m[90m─[39m[90m─[39m[90m─[39m[90m─[39m[90m─[39m[90m─[39m[90m─[39m[90m─[39m[90m─[39m[90m─[39m[90m─[39m[90m─[39m[90m─[39m[90m─[39m[90m─[39m[90m─[39m[90m─[39m[90m─[39m[90m─[39m[90m─[39m[90m─[39m[90m─[39m[90m─[39m[90m─[39m[90m─[39m[90m─[39m[90m─[39m[90m─[39m[90m─[39m[90m─[39m[90m─[39m[90m─[39m[90m─[39m[90m─[39m[90m─[39m[90m─[39m[90m─[39m[90m─[39m[90m─[39m[90m─[39m[90m─[39m[90m─[39m[90m─[39m[90m─[39m[90m─[39m[90m─[39m[90m─[39m[90m─[39m[90m─[39m[90m─[39m[90m─[39m[90m─[39m[90m─[39m[90m─[39m[90m─[39m[90m─[39m[90m─[39m[90m─[39m[90m─[39m[90m─[39m[90m─[39m[90m─[39m[90m─[39m[90m─[39m[90m─[39m[90m─[39m[90m─[39m[90m─[39m[90m─[39m[90m─[39m
Admin UI E2E (3, chrome)	Run Cypress	2025-01-04T00:27:21.2336403Z                                                                                                     
Admin UI E2E (3, chrome)	Run Cypress	2025-01-04T00:27:21.2337451Z   Running:  [90mclients_test.spec.ts[39m                                                            [90m(3 of 4)[39m
Admin UI E2E (3, chrome)	Run Cypress	2025-01-04T00:27:25.5535976Z 
Admin UI E2E (3, chrome)	Run Cypress	2025-01-04T00:27:25.5537366Z [0m[0m
Admin UI E2E (3, chrome)	Run Cypress	2025-01-04T00:27:25.5558805Z [0m  Clients test[0m
Admin UI E2E (3, chrome)	Run Cypress	2025-01-04T00:27:26.5915194Z [0m    Client creation[0m
Admin UI E2E (3, chrome)	Run Cypress	2025-01-04T00:27:31.9336879Z     [32m  ✓[0m[90m Should cancel creating client[0m[90m (6333ms)[0m
Admin UI E2E (3, chrome)	Run Cypress	2025-01-04T00:27:41.3543391Z     [32m  ✓[0m[90m Should check settings elements[0m[90m (9248ms)[0m
Admin UI E2E (3, chrome)	Run Cypress	2025-01-04T00:27:44.5518131Z     [32m  ✓[0m[90m Should navigate to previous using 'back' button[0m[90m (3113ms)[0m
Admin UI E2E (3, chrome)	Run Cypress	2025-01-04T00:27:48.3509859Z     [32m  ✓[0m[90m Should fail creating client[0m[90m (3749ms)[0m
Admin UI E2E (3, chrome)	Run Cypress	2025-01-04T00:27:57.5799580Z     [32m  ✓[0m[90m Client CRUD test[0m[90m (9124ms)[0m
Admin UI E2E (3, chrome)	Run Cypress	2025-01-04T00:28:00.2607427Z     [32m  ✓[0m[90m Should fail to create imported client with empty ID[0m[90m (2625ms)[0m
Admin UI E2E (3, chrome)	Run Cypress	2025-01-04T00:28:05.5119924Z     [32m  ✓[0m[90m Should fail to create client with same ID[0m[90m (5213ms)[0m
Admin UI E2E (3, chrome)	Run Cypress	2025-01-04T00:28:07.7844894Z     [32m  ✓[0m[90m should delete 'identical' client id[0m[90m (2217ms)[0m
Admin UI E2E (3, chrome)	Run Cypress	2025-01-04T00:28:07.8201295Z [0m    Service account tab test[0m
Admin UI E2E (3, chrome)	Run Cypress	2025-01-04T00:28:14.2578395Z     [32m  ✓[0m[90m List[0m[90m (6337ms)[0m
Admin UI E2E (3, chrome)	Run Cypress	2025-01-04T00:28:52.8663344Z       [33m(Attempt 1 of 4)[0m Assign
Admin UI E2E (3, chrome)	Run Cypress	2025-01-04T00:29:36.1858288Z       [33m(Attempt 2 of 4)[0m Assign
Admin UI E2E (3, chrome)	Run Cypress	2025-01-04T00:30:25.1449586Z       [33m(Attempt 3 of 4)[0m Assign
Admin UI E2E (3, chrome)	Run Cypress	2025-01-04T00:31:18.5734518Z     [31m  1) Assign[0m
Admin UI E2E (3, chrome)	Run Cypress	2025-01-04T00:31:19.4892620Z [0m    Mapping tab[0m
Admin UI E2E (3, chrome)	Run Cypress	2025-01-04T00:31:26.2015473Z     [32m  ✓[0m[90m Add mapping to openid client[0m[90m (6460ms)[0m
Admin UI E2E (3, chrome)	Run Cypress	2025-01-04T00:31:26.2136089Z [0m    Keys tab test[0m
Admin UI E2E (3, chrome)	Run Cypress	2025-01-04T00:31:33.3209433Z     [32m  ✓[0m[90m Generate new keys[0m[90m (6825ms)[0m
Admin UI E2E (3, chrome)	Run Cypress	2025-01-04T00:31:33.3359334Z [0m    Realm client[0m
Admin UI E2E (3, chrome)	Run Cypress	2025-01-04T00:31:38.4292181Z     [32m  ✓[0m[90m Displays the correct tabs[0m[90m (4887ms)[0m
Admin UI E2E (3, chrome)	Run Cypress	2025-01-04T00:31:42.6501674Z     [32m  ✓[0m[90m Hides the delete action[0m[90m (4077ms)[0m
Admin UI E2E (3, chrome)	Run Cypress	2025-01-04T00:31:42.6624504Z [0m    ***
Admin UI E2E (3, chrome)	Run Cypress	2025-01-04T00:31:45.2894040Z     [32m  ✓[0m[90m Shows an explainer text for bearer only clients[0m[90m (2590ms)[0m
Admin UI E2E (3, chrome)	Run Cypress	2025-01-04T00:31:49.4033798Z     [32m  ✓[0m[90m Hides the capability config section[0m[90m (3712ms)[0m
Admin UI E2E (3, chrome)	Run Cypress	2025-01-04T00:31:49.4138319Z [0m    Generated home URLs for built-in clients[0m
Admin UI E2E (3, chrome)	Run Cypress	2025-01-04T00:31:52.3537647Z     [32m  ✓[0m[90m Check account-console Home URL[0m[90m (2804ms)[0m
Admin UI E2E (3, chrome)	Run Cypress	2025-01-04T00:31:54.9213978Z     [32m  ✓[0m[90m Check security-admin-console Home URL[0m[90m (2398ms)[0m
Admin UI E2E (3, chrome)	Run Cypress	2025-01-04T00:31:54.9358027Z [0m    Accessibility tests for clients[0m
Admin UI E2E (3, chrome)	Run Cypress	2025-01-04T00:31:57.8614835Z     [32m  ✓[0m[90m Check a11y violations on load/ clients list tab[0m[90m (2866ms)[0m
Admin UI E2E (3, chrome)	Run Cypress	2025-01-04T00:32:02.6645657Z     [32m  ✓[0m[90m Check a11y violations on create client page[0m[90m (4726ms)[0m
Admin UI E2E (3, chrome)	Run Cypress	2025-01-04T00:32:13.9788224Z     [32m  ✓[0m[90m Check a11y violations on client details page[0m[90m (11178ms)[0m
Admin UI E2E (3, chrome)	Run Cypress	2025-01-04T00:32:18.4972466Z     [32m  ✓[0m[90m Check a11y violations in delete dialog[0m[90m (4426ms)[0m
Admin UI E2E (3, chrome)	Run Cypress	2025-01-04T00:32:21.8927062Z     [32m  ✓[0m[90m Check a11y violations on client registration/ anonymous access policies tab[0m[90m (3254ms)[0m
Admin UI E2E (3, chrome)	Run Cypress	2025-01-04T00:32:25.0175878Z     [32m  ✓[0m[90m Check a11y violations on client registration/ authenticated access policies tab[0m[90m (2244ms)[0m
Admin UI E2E (3, chrome)	Run Cypress	2025-01-04T00:32:25.0186232Z 
Admin UI E2E (3, chrome)	Run Cypress	2025-01-04T00:32:25.0460203Z 
Admin UI E2E (3, chrome)	Run Cypress	2025-01-04T00:32:25.0461231Z [92m [0m[32m 23 passing[0m[90m (5m)[0m
Admin UI E2E (3, chrome)	Run Cypress	2025-01-04T00:32:25.0461958Z [31m  1 failing[0m
Admin UI E2E (3, chrome)	Run Cypress	2025-01-04T00:32:25.0493761Z 
Admin UI E2E (3, chrome)	Run Cypress	2025-01-04T00:32:25.0494655Z [0m  1) Clients test
Admin UI E2E (3, chrome)	Run Cypress	2025-01-04T00:32:25.0495484Z        Service account tab test
Admin UI E2E (3, chrome)	Run Cypress	2025-01-04T00:32:25.0496148Z          Assign:
Admin UI E2E (3, chrome)	Run Cypress	2025-01-04T00:32:25.0498239Z [0m[31m     AssertionError: Timed out retrying after 30000ms: expected '[ <td.pf-v5-c-table__td.pf-v5-c-table__check>, 39 more... ]' not to contain 'create-realm-95bbcefe-d9ef-4896-a866-4434136f8880'[0m[90m
Admin UI E2E (3, chrome)	Run Cypress	2025-01-04T00:32:25.0500401Z       at Context.eval (webpack://@keycloak/keycloak-admin-ui/./cypress/support/pages/admin-ui/manage/RoleMappingTab.ts:91:0)
Admin UI E2E (3, chrome)	Run Cypress	2025-01-04T00:32:25.0501647Z [0m
Admin UI E2E (3, chrome)	Run Cypress	2025-01-04T00:32:25.0502034Z 
Admin UI E2E (3, chrome)	Run Cypress	2025-01-04T00:32:25.0510273Z 
Admin UI E2E (3, chrome)	Run Cypress	2025-01-04T00:32:26.0689807Z 
Admin UI E2E (3, chrome)	Run Cypress	2025-01-04T00:32:26.0691137Z [31m  ([4m[1mResults[22m[24m)[39m
Admin UI E2E (3, chrome)	Run Cypress	2025-01-04T00:32:26.0711814Z 
Admin UI E2E (3, chrome)	Run Cypress	2025-01-04T00:32:26.0727819Z [90m  ┌[39m[90m─[39m[90m─[39m[90m─[39m[90m─[39m[90m─[39m[90m─[39m[90m─[39m[90m─[39m[90m─[39m[90m─[39m[90m─[39m[90m─[39m[90m─[39m[90m─[39m[90m─[39m[90m─[39m[90m─[39m[90m─[39m[90m─[39m[90m─[39m[90m─[39m[90m─[39m[90m─[39m[90m─[39m[90m─[39m[90m─[39m[90m─[39m[90m─[39m[90m─[39m[90m─[39m[90m─[39m[90m─[39m[90m─[39m[90m─[39m[90m─[39m[90m─[39m[90m─[39m[90m─[39m[90m─[39m[90m─[39m[90m─[39m[90m─[39m[90m─[39m[90m─[39m[90m─[39m[90m─[39m[90m─[39m[90m─[39m[90m─[39m[90m─[39m[90m─[39m[90m─[39m[90m─[39m[90m─[39m[90m─[39m[90m─[39m[90m─[39m[90m─[39m[90m─[39m[90m─[39m[90m─[39m[90m─[39m[90m─[39m[90m─[39m[90m─[39m[90m─[39m[90m─[39m[90m─[39m[90m─[39m[90m─[39m[90m─[39m[90m─[39m[90m─[39m[90m─[39m[90m─[39m[90m─[39m[90m─[39m[90m─[39m[90m─[39m[90m─[39m[90m─[39m[90m─[39m[90m─[39m[90m─[39m[90m─[39m[90m─[39m[90m─[39m[90m─[39m[90m─[39m[90m─[39m[90m─[39m[90m─[39m[90m─[39m[90m─[39m[90m─[39m[90m─[39m[90m┐[39m
Admin UI E2E (3, chrome)	Run Cypress	2025-01-04T00:32:26.0733570Z [90m  │[39m [90mTests:[39m        [31m24[39m                                                                               [90m│[39m
Admin UI E2E (3, chrome)	Run Cypress	2025-01-04T00:32:26.0734982Z [90m  │[39m [90mPassing:[39m      [31m23[39m                                                                               [90m│[39m
Admin UI E2E (3, chrome)	Run Cypress	2025-01-04T00:32:26.0736511Z [90m  │[39m [90mFailing:[39m      [31m1[39m                                                                                [90m│[39m
Admin UI E2E (3, chrome)	Run Cypress	2025-01-04T00:32:26.0737881Z [90m  │[39m [90mPending:[39m      [31m0[39m                                                                                [90m│[39m
Admin UI E2E (3, chrome)	Run Cypress	2025-01-04T00:32:26.0739167Z [90m  │[39m [90mSkipped:[39m      [31m0[39m                                                                                [90m│[39m
Admin UI E2E (3, chrome)	Run Cypress	2025-01-04T00:32:26.0740467Z [90m  │[39m [90mScreenshots:[39m  [31m4[39m                                                                                [90m│[39m
Admin UI E2E (3, chrome)	Run Cypress	2025-01-04T00:32:26.0741457Z [90m  │[39m [90mVideo:[39m        [31mtrue[39m                                                                             [90m│[39m
Admin UI E2E (3, chrome)	Run Cypress	2025-01-04T00:32:26.0742372Z [90m  │[39m [90mDuration:[39m     [31m4 minutes, 59 seconds[39m                                                            [90m│[39m
Admin UI E2E (3, chrome)	Run Cypress	2025-01-04T00:32:26.0743736Z [90m  │[39m [90mSpec Ran:[39m     [31m[31mclients_test.spec.ts[31m[39m                                                             [90m│[39m
Admin UI E2E (3, chrome)	Run Cypress	2025-01-04T00:32:26.0747843Z [90m  └[39m[90m─[39m[90m─[39m[90m─[39m[90m─[39m[90m─[39m[90m─[39m[90m─[39m[90m─[39m[90m─[39m[90m─[39m[90m─[39m[90m─[39m[90m─[39m[90m─[39m[90m─[39m[90m─[39m[90m─[39m[90m─[39m[90m─[39m[90m─[39m[90m─[39m[90m─[39m[90m─[39m[90m─[39m[90m─[39m[90m─[39m[90m─[39m[90m─[39m[90m─[39m[90m─[39m[90m─[39m[90m─[39m[90m─[39m[90m─[39m[90m─[39m[90m─[39m[90m─[39m[90m─[39m[90m─[39m[90m─[39m[90m─[39m[90m─[39m[90m─[39m[90m─[39m[90m─[39m[90m─[39m[90m─[39m[90m─[39m[90m─[39m[90m─[39m[90m─[39m[90m─[39m[90m─[39m[90m─[39m[90m─[39m[90m─[39m[90m─[39m[90m─[39m[90m─[39m[90m─[39m[90m─[39m[90m─[39m[90m─[39m[90m─[39m[90m─[39m[90m─[39m[90m─[39m[90m─[39m[90m─[39m[90m─[39m[90m─[39m[90m─[39m[90m─[39m[90m─[39m[90m─[39m[90m─[39m[90m─[39m[90m─[39m[90m─[39m[90m─[39m[90m─[39m[90m─[39m[90m─[39m[90m─[39m[90m─[39m[90m─[39m[90m─[39m[90m─[39m[90m─[39m[90m─[39m[90m─[39m[90m─[39m[90m─[39m[90m─[39m[90m─[39m[90m─[39m[90m┘[39m
Admin UI E2E (3, chrome)	Run Cypress	2025-01-04T00:32:26.0750679Z 
Admin UI E2E (3, chrome)	Run Cypress	2025-01-04T00:32:26.0750697Z 
Admin UI E2E (3, chrome)	Run Cypress	2025-01-04T00:32:26.0750976Z [33m  ([4m[1mScreenshots[22m[24m)[39m
Admin UI E2E (3, chrome)	Run Cypress	2025-01-04T00:32:26.0751167Z 
Admin UI E2E (3, chrome)	Run Cypress	2025-01-04T00:32:26.0751845Z [90m [39m -  [0m/home/runner/work/keycloak/keycloak/js/apps/admin-ui/cypress/screenshots/clients[0m     [90m[90m(1280x633)[90m[39m
Admin UI E2E (3, chrome)	Run Cypress	2025-01-04T00:32:26.0753238Z [90m [39m    [0m_test.spec.ts/Clients test -- Service account tab test -- Assign (failed).png[0m                  
Admin UI E2E (3, chrome)	Run Cypress	2025-01-04T00:32:26.0754293Z [90m [39m -  [0m/home/runner/work/keycloak/keycloak/js/apps/admin-ui/cypress/screenshots/clients[0m     [90m[90m(1280x633)[90m[39m
Admin UI E2E (3, chrome)	Run Cypress	2025-01-04T00:32:26.0755846Z [90m [39m    [0m_test.spec.ts/Clients test -- Service account tab test -- Assign (failed) (attem[0m               
Admin UI E2E (3, chrome)	Run Cypress	2025-01-04T00:32:26.0757070Z [90m [39m    [0mpt 2).png[0m                                                                                      
Admin UI E2E (3, chrome)	Run Cypress	2025-01-04T00:32:26.0758626Z [90m [39m -  [0m/home/runner/work/keycloak/keycloak/js/apps/admin-ui/cypress/screenshots/clients[0m     [90m[90m(1280x633)[90m[39m
Admin UI E2E (3, chrome)	Run Cypress	2025-01-04T00:32:26.0760354Z [90m [39m    [0m_test.spec.ts/Clients test -- Service account tab test -- Assign (failed) (attem[0m               
Admin UI E2E (3, chrome)	Run Cypress	2025-01-04T00:32:26.0761369Z [90m [39m    [0mpt 3).png[0m                                                                                      
Admin UI E2E (3, chrome)	Run Cypress	2025-01-04T00:32:26.0762264Z [90m [39m -  [0m/home/runner/work/keycloak/keycloak/js/apps/admin-ui/cypress/screenshots/clients[0m     [90m[90m(1280x633)[90m[39m
Admin UI E2E (3, chrome)	Run Cypress	2025-01-04T00:32:26.0763683Z [90m [39m    [0m_test.spec.ts/Clients test -- Service account tab test -- Assign (failed) (attem[0m               
Admin UI E2E (3, chrome)	Run Cypress	2025-01-04T00:32:26.0764899Z [90m [39m    [0mpt 4).png[0m                                                                                      
Admin UI E2E (3, chrome)	Run Cypress	2025-01-04T00:32:26.0765356Z 
Admin UI E2E (3, chrome)	Run Cypress	2025-01-04T00:32:26.1096138Z 
Admin UI E2E (3, chrome)	Run Cypress	2025-01-04T00:32:26.1097478Z [36m  ([4m[1mVideo[22m[24m)[39m
Admin UI E2E (3, chrome)	Run Cypress	2025-01-04T00:32:26.1098091Z 
Admin UI E2E (3, chrome)	Run Cypress	2025-01-04T00:32:26.1099193Z   -  Video output: [36m/home/runner/work/keycloak/keycloak/js/apps/admin-ui/cypress/videos/clients_test.spec.ts.mp4[39m
Admin UI E2E (3, chrome)	Run Cypress	2025-01-04T00:32:26.1100456Z 
Admin UI E2E (3, chrome)	Run Cypress	2025-01-04T00:32:26.1107274Z 
Admin UI E2E (3, chrome)	Run Cypress	2025-01-04T00:32:26.1127049Z [90m─[39m[90m─[39m[90m─[39m[90m─[39m[90m─[39m[90m─[39m[90m─[39m[90m─[39m[90m─[39m[90m─[39m[90m─[39m[90m─[39m[90m─[39m[90m─[39m[90m─[39m[90m─[39m[90m─[39m[90m─[39m[90m─[39m[90m─[39m[90m─[39m[90m─[39m[90m─[39m[90m─[39m[90m─[39m[90m─[39m[90m─[39m[90m─[39m[90m─[39m[90m─[39m[90m─[39m[90m─[39m[90m─[39m[90m─[39m[90m─[39m[90m─[39m[90m─[39m[90m─[39m[90m─[39m[90m─[39m[90m─[39m[90m─[39m[90m─[39m[90m─[39m[90m─[39m[90m─[39m[90m─[39m[90m─[39m[90m─[39m[90m─[39m[90m─[39m[90m─[39m[90m─[39m[90m─[39m[90m─[39m[90m─[39m[90m─[39m[90m─[39m[90m─[39m[90m─[39m[90m─[39m[90m─[39m[90m─[39m[90m─[39m[90m─[39m[90m─[39m[90m─[39m[90m─[39m[90m─[39m[90m─[39m[90m─[39m[90m─[39m[90m─[39m[90m─[39m[90m─[39m[90m─[39m[90m─[39m[90m─[39m[90m─[39m[90m─[39m[90m─[39m[90m─[39m[90m─[39m[90m─[39m[90m─[39m[90m─[39m[90m─[39m[90m─[39m[90m─[39m[90m─[39m[90m─[39m[90m─[39m[90m─[39m[90m─[39m[90m─[39m[90m─[39m[90m─[39m[90m─[39m[90m─[39m[90m─[39m
Admin UI E2E (3, chrome)	Run Cypress	2025-01-04T00:32:26.1151833Z                                                                                                     
Admin UI E2E (3, chrome)	Run Cypress	2025-01-04T00:32:26.1153049Z   Running:  [90muser_fed_ldap_mapper_test.spec.ts[39m                                               [90m(4 of 4)[39m
Admin UI E2E (3, chrome)	Run Cypress	2025-01-04T00:32:29.2695565Z 
Admin UI E2E (3, chrome)	Run Cypress	2025-01-04T00:32:29.2697916Z [0m[0m
Admin UI E2E (3, chrome)	Run Cypress	2025-01-04T00:32:29.2725997Z [0m  User Fed LDAP mapper tests[0m
Admin UI E2E (3, chrome)	Run Cypress	2025-01-04T00:32:39.9530144Z   [32m  ✓[0m[90m Create LDAP provider from empty state[0m[90m (10673ms)[0m
Admin UI E2E (3, chrome)	Run Cypress	2025-01-04T00:32:48.7171743Z   [32m  ✓[0m[90m Delete default mappers[0m[90m (8696ms)[0m
Admin UI E2E (3, chrome)	Run Cypress	2025-01-04T00:32:54.5832223Z   [32m  ✓[0m[90m Create certificate ldap mapper[0m[90m (5793ms)[0m
Admin UI E2E (3, chrome)	Run Cypress	2025-01-04T00:32:58.2461169Z   [32m  ✓[0m[90m Update certificate ldap mapper[0m[90m (3623ms)[0m
Admin UI E2E (3, chrome)	Run Cypress	2025-01-04T00:33:01.5413441Z   [32m  ✓[0m[90m Delete certificate ldap mapper[0m[90m (3226ms)[0m
Admin UI E2E (3, chrome)	Run Cypress	2025-01-04T00:33:06.5834474Z   [32m  ✓[0m[90m Create user account control mapper[0m[90m (4985ms)[0m
Admin UI E2E (3, chrome)	Run Cypress	2025-01-04T00:33:11.7897800Z   [32m  ✓[0m[90m Create msad lds user account control mapper[0m[90m (5143ms)[0m
Admin UI E2E (3, chrome)	Run Cypress	2025-01-04T00:33:17.5561722Z   [32m  ✓[0m[90m Create user attribute ldap mapper[0m[90m (5671ms)[0m
Admin UI E2E (3, chrome)	Run Cypress	2025-01-04T00:33:23.0070445Z   [32m  ✓[0m[90m Create full name ldap mapper[0m[90m (5363ms)[0m
Admin UI E2E (3, chrome)	Run Cypress	2025-01-04T00:33:28.5000349Z   [32m  ✓[0m[90m Create group ldap mapper[0m[90m (5415ms)[0m
Admin UI E2E (3, chrome)	Run Cypress	2025-01-04T00:33:31.7391129Z   [32m  ✓[0m[90m Should return one search result for mapper with unique string[0m[90m (3183ms)[0m
Admin UI E2E (3, chrome)	Run Cypress	2025-01-04T00:33:35.1315045Z   [32m  ✓[0m[90m Should return multiple search results for mappers that share common string[0m[90m (3338ms)[0m
Admin UI E2E (3, chrome)	Run Cypress	2025-01-04T00:33:38.3316549Z   [32m  ✓[0m[90m Should return all mappers in search results when no string is specified[0m[90m (3124ms)[0m
Admin UI E2E (3, chrome)	Run Cypress	2025-01-04T00:33:41.5344722Z   [32m  ✓[0m[90m Should return no search results for string that does not exist in any mappers[0m[90m (3161ms)[0m
Admin UI E2E (3, chrome)	Run Cypress	2025-01-04T00:33:44.8534341Z   [32m  ✓[0m[90m Cleanup - delete LDAP provider[0m[90m (3261ms)[0m
Admin UI E2E (3, chrome)	Run Cypress	2025-01-04T00:33:44.8537032Z 
Admin UI E2E (3, chrome)	Run Cypress	2025-01-04T00:33:44.8732219Z 
Admin UI E2E (3, chrome)	Run Cypress	2025-01-04T00:33:44.8734071Z [92m [0m[32m 15 passing[0m[90m (1m)[0m
Admin UI E2E (3, chrome)	Run Cypress	2025-01-04T00:33:44.8735340Z 
Admin UI E2E (3, chrome)	Run Cypress	2025-01-04T00:33:45.9058479Z 
Admin UI E2E (3, chrome)	Run Cypress	2025-01-04T00:33:45.9060206Z [32m  ([4m[1mResults[22m[24m)[39m
Admin UI E2E (3, chrome)	Run Cypress	2025-01-04T00:33:45.9079011Z 
Admin UI E2E (3, chrome)	Run Cypress	2025-01-04T00:33:45.9092571Z [90m  ┌[39m[90m─[39m[90m─[39m[90m─[39m[90m─[39m[90m─[39m[90m─[39m[90m─[39m[90m─[39m[90m─[39m[90m─[39m[90m─[39m[90m─[39m[90m─[39m[90m─[39m[90m─[39m[90m─[39m[90m─[39m[90m─[39m[90m─[39m[90m─[39m[90m─[39m[90m─[39m[90m─[39m[90m─[39m[90m─[39m[90m─[39m[90m─[39m[90m─[39m[90m─[39m[90m─[39m[90m─[39m[90m─[39m[90m─[39m[90m─[39m[90m─[39m[90m─[39m[90m─[39m[90m─[39m[90m─[39m[90m─[39m[90m─[39m[90m─[39m[90m─[39m[90m─[39m[90m─[39m[90m─[39m[90m─[39m[90m─[39m[90m─[39m[90m─[39m[90m─[39m[90m─[39m[90m─[39m[90m─[39m[90m─[39m[90m─[39m[90m─[39m[90m─[39m[90m─[39m[90m─[39m[90m─[39m[90m─[39m[90m─[39m[90m─[39m[90m─[39m[90m─[39m[90m─[39m[90m─[39m[90m─[39m[90m─[39m[90m─[39m[90m─[39m[90m─[39m[90m─[39m[90m─[39m[90m─[39m[90m─[39m[90m─[39m[90m─[39m[90m─[39m[90m─[39m[90m─[39m[90m─[39m[90m─[39m[90m─[39m[90m─[39m[90m─[39m[90m─[39m[90m─[39m[90m─[39m[90m─[39m[90m─[39m[90m─[39m[90m─[39m[90m─[39m[90m─[39m[90m┐[39m
Admin UI E2E (3, chrome)	Run Cypress	2025-01-04T00:33:45.9096826Z [90m  │[39m [90mTests:[39m        [32m15[39m                                                                               [90m│[39m
Admin UI E2E (3, chrome)	Run Cypress	2025-01-04T00:33:45.9098170Z [90m  │[39m [90mPassing:[39m      [32m15[39m                                                                               [90m│[39m
Admin UI E2E (3, chrome)	Run Cypress	2025-01-04T00:33:45.9099353Z [90m  │[39m [90mFailing:[39m      [32m0[39m                                                                                [90m│[39m
Admin UI E2E (3, chrome)	Run Cypress	2025-01-04T00:33:45.9100655Z [90m  │[39m [90mPending:[39m      [32m0[39m                                                                                [90m│[39m
Admin UI E2E (3, chrome)	Run Cypress	2025-01-04T00:33:45.9101996Z [90m  │[39m [90mSkipped:[39m      [32m0[39m                                                                                [90m│[39m
Admin UI E2E (3, chrome)	Run Cypress	2025-01-04T00:33:45.9103970Z [90m  │[39m [90mScreenshots:[39m  [32m0[39m                                                                                [90m│[39m
Admin UI E2E (3, chrome)	Run Cypress	2025-01-04T00:33:45.9105228Z [90m  │[39m [90mVideo:[39m        [32mfalse[39m                                                                            [90m│[39m
Admin UI E2E (3, chrome)	Run Cypress	2025-01-04T00:33:45.9106526Z [90m  │[39m [90mDuration:[39m     [32m1 minute, 15 seconds[39m                                                             [90m│[39m
Admin UI E2E (3, chrome)	Run Cypress	2025-01-04T00:33:45.9108068Z [90m  │[39m [90mSpec Ran:[39m     [32m[32muser_fed_ldap_mapper_test.spec.ts[32m[39m                                                [90m│[39m
Admin UI E2E (3, chrome)	Run Cypress	2025-01-04T00:33:45.9115825Z [90m  └[39m[90m─[39m[90m─[39m[90m─[39m[90m─[39m[90m─[39m[90m─[39m[90m─[39m[90m─[39m[90m─[39m[90m─[39m[90m─[39m[90m─[39m[90m─[39m[90m─[39m[90m─[39m[90m─[39m[90m─[39m[90m─[39m[90m─[39m[90m─[39m[90m─[39m[90m─[39m[90m─[39m[90m─[39m[90m─[39m[90m─[39m[90m─[39m[90m─[39m[90m─[39m[90m─[39m[90m─[39m[90m─[39m[90m─[39m[90m─[39m[90m─[39m[90m─[39m[90m─[39m[90m─[39m[90m─[39m[90m─[39m[90m─[39m[90m─[39m[90m─[39m[90m─[39m[90m─[39m[90m─[39m[90m─[39m[90m─[39m[90m─[39m[90m─[39m[90m─[39m[90m─[39m[90m─[39m[90m─[39m[90m─[39m[90m─[39m[90m─[39m[90m─[39m[90m─[39m[90m─[39m[90m─[39m[90m─[39m[90m─[39m[90m─[39m[90m─[39m[90m─[39m[90m─[39m[90m─[39m[90m─[39m[90m─[39m[90m─[39m[90m─[39m[90m─[39m[90m─[39m[90m─[39m[90m─[39m[90m─[39m[90m─[39m[90m─[39m[90m─[39m[90m─[39m[90m─[39m[90m─[39m[90m─[39m[90m─[39m[90m─[39m[90m─[39m[90m─[39m[90m─[39m[90m─[39m[90m─[39m[90m─[39m[90m─[39m[90m─[39m[90m─[39m[90m─[39m[90m┘[39m
Admin UI E2E (3, chrome)	Run Cypress	2025-01-04T00:33:45.9119910Z 
Admin UI E2E (3, chrome)	Run Cypress	2025-01-04T00:33:45.9179439Z 
Admin UI E2E (3, chrome)	Run Cypress	2025-01-04T00:33:45.9671576Z [90m====================================================================================================[39m
Admin UI E2E (3, chrome)	Run Cypress	2025-01-04T00:33:45.9672167Z 
Admin UI E2E (3, chrome)	Run Cypress	2025-01-04T00:33:45.9672584Z [0m  ([4m[1mRun Finished[22m[24m)[0m
Admin UI E2E (3, chrome)	Run Cypress	2025-01-04T00:33:45.9689519Z 
Admin UI E2E (3, chrome)	Run Cypress	2025-01-04T00:33:45.9689694Z 
Admin UI E2E (3, chrome)	Run Cypress	2025-01-04T00:33:45.9708492Z [90m   [39m    [90mSpec[39m                                              [90mTests[39m  [90mPassing[39m  [90mFailing[39m  [90mPending[39m  [90mSkipped[39m [90m [39m
Admin UI E2E (3, chrome)	Run Cypress	2025-01-04T00:33:45.9715889Z [90m  ┌[39m[90m─[39m[90m─[39m[90m─[39m[90m─[39m[90m─[39m[90m─[39m[90m─[39m[90m─[39m[90m─[39m[90m─[39m[90m─[39m[90m─[39m[90m─[39m[90m─[39m[90m─[39m[90m─[39m[90m─[39m[90m─[39m[90m─[39m[90m─[39m[90m─[39m[90m─[39m[90m─[39m[90m─[39m[90m─[39m[90m─[39m[90m─[39m[90m─[39m[90m─[39m[90m─[39m[90m─[39m[90m─[39m[90m─[39m[90m─[39m[90m─[39m[90m─[39m[90m─[39m[90m─[39m[90m─[39m[90m─[39m[90m─[39m[90m─[39m[90m─[39m[90m─[39m[90m─[39m[90m─[39m[90m─[39m[90m─[39m[90m─[39m[90m─[39m[90m─[39m[90m─[39m[90m─[39m[90m─[39m[90m─[39m[90m─[39m[90m─[39m[90m─[39m[90m─[39m[90m─[39m[90m─[39m[90m─[39m[90m─[39m[90m─[39m[90m─[39m[90m─[39m[90m─[39m[90m─[39m[90m─[39m[90m─[39m[90m─[39m[90m─[39m[90m─[39m[90m─[39m[90m─[39m[90m─[39m[90m─[39m[90m─[39m[90m─[39m[90m─[39m[90m─[39m[90m─[39m[90m─[39m[90m─[39m[90m─[39m[90m─[39m[90m─[39m[90m─[39m[90m─[39m[90m─[39m[90m─[39m[90m─[39m[90m─[39m[90m─[39m[90m─[39m[90m─[39m[90m┐[39m
Admin UI E2E (3, chrome)	Run Cypress	2025-01-04T00:33:45.9721378Z [90m  │[39m [32m✔[39m  [0mgroup_test.spec.ts[0m                       [90m02:48[39m       [0m46[0m       [32m46[39m        [90m-[39m        [90m-[39m        [90m-[39m [90m│[39m
Admin UI E2E (3, chrome)	Run Cypress	2025-01-04T00:33:45.9728868Z [90m  ├[39m[90m─[39m[90m─[39m[90m─[39m[90m─[39m[90m─[39m[90m─[39m[90m─[39m[90m─[39m[90m─[39m[90m─[39m[90m─[39m[90m─[39m[90m─[39m[90m─[39m[90m─[39m[90m─[39m[90m─[39m[90m─[39m[90m─[39m[90m─[39m[90m─[39m[90m─[39m[90m─[39m[90m─[39m[90m─[39m[90m─[39m[90m─[39m[90m─[39m[90m─[39m[90m─[39m[90m─[39m[90m─[39m[90m─[39m[90m─[39m[90m─[39m[90m─[39m[90m─[39m[90m─[39m[90m─[39m[90m─[39m[90m─[39m[90m─[39m[90m─[39m[90m─[39m[90m─[39m[90m─[39m[90m─[39m[90m─[39m[90m─[39m[90m─[39m[90m─[39m[90m─[39m[90m─[39m[90m─[39m[90m─[39m[90m─[39m[90m─[39m[90m─[39m[90m─[39m[90m─[39m[90m─[39m[90m─[39m[90m─[39m[90m─[39m[90m─[39m[90m─[39m[90m─[39m[90m─[39m[90m─[39m[90m─[39m[90m─[39m[90m─[39m[90m─[39m[90m─[39m[90m─[39m[90m─[39m[90m─[39m[90m─[39m[90m─[39m[90m─[39m[90m─[39m[90m─[39m[90m─[39m[90m─[39m[90m─[39m[90m─[39m[90m─[39m[90m─[39m[90m─[39m[90m─[39m[90m─[39m[90m─[39m[90m─[39m[90m─[39m[90m─[39m[90m─[39m[90m┤[39m
Admin UI E2E (3, chrome)	Run Cypress	2025-01-04T00:33:45.9752638Z [90m  │[39m [32m✔[39m  [0msessions_test.spec.ts[0m                    [90m00:28[39m       [0m13[0m        [32m8[39m        [90m-[39m        [36m5[39m        [90m-[39m [90m│[39m
Admin UI E2E (3, chrome)	Run Cypress	2025-01-04T00:33:45.9759950Z [90m  ├[39m[90m─[39m[90m─[39m[90m─[39m[90m─[39m[90m─[39m[90m─[39m[90m─[39m[90m─[39m[90m─[39m[90m─[39m[90m─[39m[90m─[39m[90m─[39m[90m─[39m[90m─[39m[90m─[39m[90m─[39m[90m─[39m[90m─[39m[90m─[39m[90m─[39m[90m─[39m[90m─[39m[90m─[39m[90m─[39m[90m─[39m[90m─[39m[90m─[39m[90m─[39m[90m─[39m[90m─[39m[90m─[39m[90m─[39m[90m─[39m[90m─[39m[90m─[39m[90m─[39m[90m─[39m[90m─[39m[90m─[39m[90m─[39m[90m─[39m[90m─[39m[90m─[39m[90m─[39m[90m─[39m[90m─[39m[90m─[39m[90m─[39m[90m─[39m[90m─[39m[90m─[39m[90m─[39m[90m─[39m[90m─[39m[90m─[39m[90m─[39m[90m─[39m[90m─[39m[90m─[39m[90m─[39m[90m─[39m[90m─[39m[90m─[39m[90m─[39m[90m─[39m[90m─[39m[90m─[39m[90m─[39m[90m─[39m[90m─[39m[90m─[39m[90m─[39m[90m─[39m[90m─[39m[90m─[39m[90m─[39m[90m─[39m[90m─[39m[90m─[39m[90m─[39m[90m─[39m[90m─[39m[90m─[39m[90m─[39m[90m─[39m[90m─[39m[90m─[39m[90m─[39m[90m─[39m[90m─[39m[90m─[39m[90m─[39m[90m─[39m[90m─[39m[90m─[39m[90m┤[39m
Admin UI E2E (3, chrome)	Run Cypress	2025-01-04T00:33:45.9765022Z [90m  │[39m [31m✖[39m  [0mclients_test.spec.ts[0m                     [90m04:59[39m       [0m24[0m       [32m23[39m        [31m1[39m        [90m-[39m        [90m-[39m [90m│[39m
Admin UI E2E (3, chrome)	Run Cypress	2025-01-04T00:33:45.9771636Z [90m  ├[39m[90m─[39m[90m─[39m[90m─[39m[90m─[39m[90m─[39m[90m─[39m[90m─[39m[90m─[39m[90m─[39m[90m─[39m[90m─[39m[90m─[39m[90m─[39m[90m─[39m[90m─[39m[90m─[39m[90m─[39m[90m─[39m[90m─[39m[90m─[39m[90m─[39m[90m─[39m[90m─[39m[90m─[39m[90m─[39m[90m─[39m[90m─[39m[90m─[39m[90m─[39m[90m─[39m[90m─[39m[90m─[39m[90m─[39m[90m─[39m[90m─[39m[90m─[39m[90m─[39m[90m─[39m[90m─[39m[90m─[39m[90m─[39m[90m─[39m[90m─[39m[90m─[39m[90m─[39m[90m─[39m[90m─[39m[90m─[39m[90m─[39m[90m─[39m[90m─[39m[90m─[39m[90m─[39m[90m─[39m[90m─[39m[90m─[39m[90m─[39m[90m─[39m[90m─[39m[90m─[39m[90m─[39m[90m─[39m[90m─[39m[90m─[39m[90m─[39m[90m─[39m[90m─[39m[90m─[39m[90m─[39m[90m─[39m[90m─[39m[90m─[39m[90m─[39m[90m─[39m[90m─[39m[90m─[39m[90m─[39m[90m─[39m[90m─[39m[90m─[39m[90m─[39m[90m─[39m[90m─[39m[90m─[39m[90m─[39m[90m─[39m[90m─[39m[90m─[39m[90m─[39m[90m─[39m[90m─[39m[90m─[39m[90m─[39m[90m─[39m[90m─[39m[90m─[39m[90m┤[39m
Admin UI E2E (3, chrome)	Run Cypress	2025-01-04T00:33:45.9777296Z [90m  │[39m [32m✔[39m  [0muser_fed_ldap_mapper_test.spec.ts[0m        [90m01:15[39m       [0m15[0m       [32m15[39m        [90m-[39m        [90m-[39m        [90m-[39m [90m│[39m
Admin UI E2E (3, chrome)	Run Cypress	2025-01-04T00:33:45.9784752Z [90m  └[39m[90m─[39m[90m─[39m[90m─[39m[90m─[39m[90m─[39m[90m─[39m[90m─[39m[90m─[39m[90m─[39m[90m─[39m[90m─[39m[90m─[39m[90m─[39m[90m─[39m[90m─[39m[90m─[39m[90m─[39m[90m─[39m[90m─[39m[90m─[39m[90m─[39m[90m─[39m[90m─[39m[90m─[39m[90m─[39m[90m─[39m[90m─[39m[90m─[39m[90m─[39m[90m─[39m[90m─[39m[90m─[39m[90m─[39m[90m─[39m[90m─[39m[90m─[39m[90m─[39m[90m─[39m[90m─[39m[90m─[39m[90m─[39m[90m─[39m[90m─[39m[90m─[39m[90m─[39m[90m─[39m[90m─[39m[90m─[39m[90m─[39m[90m─[39m[90m─[39m[90m─[39m[90m─[39m[90m─[39m[90m─[39m[90m─[39m[90m─[39m[90m─[39m[90m─[39m[90m─[39m[90m─[39m[90m─[39m[90m─[39m[90m─[39m[90m─[39m[90m─[39m[90m─[39m[90m─[39m[90m─[39m[90m─[39m[90m─[39m[90m─[39m[90m─[39m[90m─[39m[90m─[39m[90m─[39m[90m─[39m[90m─[39m[90m─[39m[90m─[39m[90m─[39m[90m─[39m[90m─[39m[90m─[39m[90m─[39m[90m─[39m[90m─[39m[90m─[39m[90m─[39m[90m─[39m[90m─[39m[90m─[39m[90m─[39m[90m─[39m[90m─[39m[90m─[39m[90m┘[39m
Admin UI E2E (3, chrome)	Run Cypress	2025-01-04T00:33:45.9790251Z [90m   [39m [31m✖[39m  [31m1 of 4 failed (25%)[39m                      [90m09:31[39m       [0m98[0m       [32m92[39m        [31m1[39m        [36m5[39m        [90m-[39m [90m [39m
Admin UI E2E (3, chrome)	Run Cypress	2025-01-04T00:33:45.9791016Z 
Admin UI E2E (3, chrome)	Run Cypress	2025-01-04T00:33:46.0937294Z ##[error]Cypress tests: 1 failed
Status Check - Keycloak JavaScript CI	Run /./.github/actions/status-check	2025-01-04T00:34:05.4312956Z Prepare all required actions
Status Check - Keycloak JavaScript CI	Run /./.github/actions/status-check	2025-01-04T00:34:05.4375458Z ##[group]Run ./.github/actions/status-check
Status Check - Keycloak JavaScript CI	Run /./.github/actions/status-check	2025-01-04T00:34:05.4375819Z with:
Status Check - Keycloak JavaScript CI	Run /./.github/actions/status-check	2025-01-04T00:34:05.4377003Z   jobs: {
Status Check - Keycloak JavaScript CI	Run /./.github/actions/status-check	  "conditional": {
Status Check - Keycloak JavaScript CI	Run /./.github/actions/status-check	    "result": "success",
Status Check - Keycloak JavaScript CI	Run /./.github/actions/status-check	    "outputs": {
Status Check - Keycloak JavaScript CI	Run /./.github/actions/status-check	      "js-ci": "true"
Status Check - Keycloak JavaScript CI	Run /./.github/actions/status-check	    }
Status Check - Keycloak JavaScript CI	Run /./.github/actions/status-check	  },
Status Check - Keycloak JavaScript CI	Run /./.github/actions/status-check	  "build-keycloak": {
Status Check - Keycloak JavaScript CI	Run /./.github/actions/status-check	    "result": "success",
Status Check - Keycloak JavaScript CI	Run /./.github/actions/status-check	    "outputs": {}
Status Check - Keycloak JavaScript CI	Run /./.github/actions/status-check	  },
Status Check - Keycloak JavaScript CI	Run /./.github/actions/status-check	  "admin-client": {
Status Check - Keycloak JavaScript CI	Run /./.github/actions/status-check	    "result": "success",
Status Check - Keycloak JavaScript CI	Run /./.github/actions/status-check	    "outputs": {}
Status Check - Keycloak JavaScript CI	Run /./.github/actions/status-check	  },
Status Check - Keycloak JavaScript CI	Run /./.github/actions/status-check	  "ui-shared": {
Status Check - Keycloak JavaScript CI	Run /./.github/actions/status-check	    "result": "success",
Status Check - Keycloak JavaScript CI	Run /./.github/actions/status-check	    "outputs": {}
Status Check - Keycloak JavaScript CI	Run /./.github/actions/status-check	  },
Status Check - Keycloak JavaScript CI	Run /./.github/actions/status-check	  "account-ui": {
Status Check - Keycloak JavaScript CI	Run /./.github/actions/status-check	    "result": "success",
Status Check - Keycloak JavaScript CI	Run /./.github/actions/status-check	    "outputs": {}
Status Check - Keycloak JavaScript CI	Run /./.github/actions/status-check	  },
Status Check - Keycloak JavaScript CI	Run /./.github/actions/status-check	  "account-ui-e2e": {
Status Check - Keycloak JavaScript CI	Run /./.github/actions/status-check	    "result": "success",
Status Check - Keycloak JavaScript CI	Run /./.github/actions/status-check	    "outputs": {}
Status Check - Keycloak JavaScript CI	Run /./.github/actions/status-check	  },
Status Check - Keycloak JavaScript CI	Run /./.github/actions/status-check	  "admin-ui": {
Status Check - Keycloak JavaScript CI	Run /./.github/actions/status-check	    "result": "success",
Status Check - Keycloak JavaScript CI	Run /./.github/actions/status-check	    "outputs": {}
Status Check - Keycloak JavaScript CI	Run /./.github/actions/status-check	  },
Status Check - Keycloak JavaScript CI	Run /./.github/actions/status-check	  "admin-ui-e2e": {
Status Check - Keycloak JavaScript CI	Run /./.github/actions/status-check	    "result": "failure",
Status Check - Keycloak JavaScript CI	Run /./.github/actions/status-check	    "outputs": {}
Status Check - Keycloak JavaScript CI	Run /./.github/actions/status-check	  }
Status Check - Keycloak JavaScript CI	Run /./.github/actions/status-check	}
Status Check - Keycloak JavaScript CI	Run /./.github/actions/status-check	2025-01-04T00:34:05.4378484Z env:
Status Check - Keycloak JavaScript CI	Run /./.github/actions/status-check	2025-01-04T00:34:05.4378954Z   MAVEN_ARGS: -B -nsu -Daether.connector.http.connectionMaxTtl=25
Status Check - Keycloak JavaScript CI	Run /./.github/actions/status-check	2025-01-04T00:34:05.4379331Z   RETRY_COUNT: 3
Status Check - Keycloak JavaScript CI	Run /./.github/actions/status-check	2025-01-04T00:34:05.4379549Z ##[endgroup]
Status Check - Keycloak JavaScript CI	Run /./.github/actions/status-check	2025-01-04T00:34:05.4472730Z ##[group]Run JOBS='{
Status Check - Keycloak JavaScript CI	Run /./.github/actions/status-check	2025-01-04T00:34:05.4473140Z [36;1mJOBS='{[0m
Status Check - Keycloak JavaScript CI	Run /./.github/actions/status-check	2025-01-04T00:34:05.4473376Z [36;1m  "conditional": {[0m
Status Check - Keycloak JavaScript CI	Run /./.github/actions/status-check	2025-01-04T00:34:05.4473640Z [36;1m    "result": "success",[0m
Status Check - Keycloak JavaScript CI	Run /./.github/actions/status-check	2025-01-04T00:34:05.4473922Z [36;1m    "outputs": {[0m
Status Check - Keycloak JavaScript CI	Run /./.github/actions/status-check	2025-01-04T00:34:05.4474175Z [36;1m      "js-ci": "true"[0m
Status Check - Keycloak JavaScript CI	Run /./.github/actions/status-check	2025-01-04T00:34:05.4474417Z [36;1m    }[0m
Status Check - Keycloak JavaScript CI	Run /./.github/actions/status-check	2025-01-04T00:34:05.4474749Z [36;1m  },[0m
Status Check - Keycloak JavaScript CI	Run /./.github/actions/status-check	2025-01-04T00:34:05.4474993Z [36;1m  "build-keycloak": {[0m
Status Check - Keycloak JavaScript CI	Run /./.github/actions/status-check	2025-01-04T00:34:05.4475252Z [36;1m    "result": "success",[0m
Status Check - Keycloak JavaScript CI	Run /./.github/actions/status-check	2025-01-04T00:34:05.4475520Z [36;1m    "outputs": {}[0m
Status Check - Keycloak JavaScript CI	Run /./.github/actions/status-check	2025-01-04T00:34:05.4475764Z [36;1m  },[0m
Status Check - Keycloak JavaScript CI	Run /./.github/actions/status-check	2025-01-04T00:34:05.4475977Z [36;1m  "admin-client": {[0m
Status Check - Keycloak JavaScript CI	Run /./.github/actions/status-check	2025-01-04T00:34:05.4476235Z [36;1m    "result": "success",[0m
Status Check - Keycloak JavaScript CI	Run /./.github/actions/status-check	2025-01-04T00:34:05.4476505Z [36;1m    "outputs": {}[0m
Status Check - Keycloak JavaScript CI	Run /./.github/actions/status-check	2025-01-04T00:34:05.4476738Z [36;1m  },[0m
Status Check - Keycloak JavaScript CI	Run /./.github/actions/status-check	2025-01-04T00:34:05.4476946Z [36;1m  "ui-shared": {[0m
Status Check - Keycloak JavaScript CI	Run /./.github/actions/status-check	2025-01-04T00:34:05.4477186Z [36;1m    "result": "success",[0m
Status Check - Keycloak JavaScript CI	Run /./.github/actions/status-check	2025-01-04T00:34:05.4477444Z [36;1m    "outputs": {}[0m
Status Check - Keycloak JavaScript CI	Run /./.github/actions/status-check	2025-01-04T00:34:05.4477681Z [36;1m  },[0m
Status Check - Keycloak JavaScript CI	Run /./.github/actions/status-check	2025-01-04T00:34:05.4477886Z [36;1m  "account-ui": {[0m
Status Check - Keycloak JavaScript CI	Run /./.github/actions/status-check	2025-01-04T00:34:05.4478134Z [36;1m    "result": "success",[0m
Status Check - Keycloak JavaScript CI	Run /./.github/actions/status-check	2025-01-04T00:34:05.4478396Z [36;1m    "outputs": {}[0m
Status Check - Keycloak JavaScript CI	Run /./.github/actions/status-check	2025-01-04T00:34:05.4478622Z [36;1m  },[0m
Status Check - Keycloak JavaScript CI	Run /./.github/actions/status-check	2025-01-04T00:34:05.4479039Z [36;1m  "account-ui-e2e": {[0m
Status Check - Keycloak JavaScript CI	Run /./.github/actions/status-check	2025-01-04T00:34:05.4479302Z [36;1m    "result": "success",[0m
Status Check - Keycloak JavaScript CI	Run /./.github/actions/status-check	2025-01-04T00:34:05.4479553Z [36;1m    "outputs": {}[0m
Status Check - Keycloak JavaScript CI	Run /./.github/actions/status-check	2025-01-04T00:34:05.4479785Z [36;1m  },[0m
Status Check - Keycloak JavaScript CI	Run /./.github/actions/status-check	2025-01-04T00:34:05.4479995Z [36;1m  "admin-ui": {[0m
Status Check - Keycloak JavaScript CI	Run /./.github/actions/status-check	2025-01-04T00:34:05.4480229Z [36;1m    "result": "success",[0m
Status Check - Keycloak JavaScript CI	Run /./.github/actions/status-check	2025-01-04T00:34:05.4480485Z [36;1m    "outputs": {}[0m
Status Check - Keycloak JavaScript CI	Run /./.github/actions/status-check	2025-01-04T00:34:05.4480719Z [36;1m  },[0m
Status Check - Keycloak JavaScript CI	Run /./.github/actions/status-check	2025-01-04T00:34:05.4480930Z [36;1m  "admin-ui-e2e": {[0m
Status Check - Keycloak JavaScript CI	Run /./.github/actions/status-check	2025-01-04T00:34:05.4481179Z [36;1m    "result": "failure",[0m
Status Check - Keycloak JavaScript CI	Run /./.github/actions/status-check	2025-01-04T00:34:05.4481430Z [36;1m    "outputs": {}[0m
Status Check - Keycloak JavaScript CI	Run /./.github/actions/status-check	2025-01-04T00:34:05.4481654Z [36;1m  }[0m
Status Check - Keycloak JavaScript CI	Run /./.github/actions/status-check	2025-01-04T00:34:05.4481855Z [36;1m}'[0m
Status Check - Keycloak JavaScript CI	Run /./.github/actions/status-check	2025-01-04T00:34:05.4482058Z [36;1m[0m
Status Check - Keycloak JavaScript CI	Run /./.github/actions/status-check	2025-01-04T00:34:05.4482273Z [36;1mecho "Job status:"[0m
Status Check - Keycloak JavaScript CI	Run /./.github/actions/status-check	2025-01-04T00:34:05.4482636Z [36;1mecho $JOBS | jq -r 'to_entries[] | " - \(.key): \(.value.result)"'[0m
Status Check - Keycloak JavaScript CI	Run /./.github/actions/status-check	2025-01-04T00:34:05.4482989Z [36;1m[0m
Status Check - Keycloak JavaScript CI	Run /./.github/actions/status-check	2025-01-04T00:34:05.4483268Z [36;1mfor i in $(echo $JOBS | jq -r 'to_entries[] | .value.result'); do[0m
Status Check - Keycloak JavaScript CI	Run /./.github/actions/status-check	2025-01-04T00:34:05.4483672Z [36;1m  if [ "$i" != "success" ] && [ "$i" != "skipped" ]; then[0m
Status Check - Keycloak JavaScript CI	Run /./.github/actions/status-check	2025-01-04T00:34:05.4483980Z [36;1m    echo ""[0m
Status Check - Keycloak JavaScript CI	Run /./.github/actions/status-check	2025-01-04T00:34:05.4484216Z [36;1m    echo "Status check not okay!"[0m
Status Check - Keycloak JavaScript CI	Run /./.github/actions/status-check	2025-01-04T00:34:05.4484494Z [36;1m    exit 1[0m
Status Check - Keycloak JavaScript CI	Run /./.github/actions/status-check	2025-01-04T00:34:05.4484708Z [36;1m  fi[0m
Status Check - Keycloak JavaScript CI	Run /./.github/actions/status-check	2025-01-04T00:34:05.4484902Z [36;1mdone[0m
Status Check - Keycloak JavaScript CI	Run /./.github/actions/status-check	2025-01-04T00:34:05.4515726Z shell: /usr/bin/bash --noprofile --norc -e -o pipefail {0}
Status Check - Keycloak JavaScript CI	Run /./.github/actions/status-check	2025-01-04T00:34:05.4516130Z env:
Status Check - Keycloak JavaScript CI	Run /./.github/actions/status-check	2025-01-04T00:34:05.4516439Z   MAVEN_ARGS: -B -nsu -Daether.connector.http.connectionMaxTtl=25
Status Check - Keycloak JavaScript CI	Run /./.github/actions/status-check	2025-01-04T00:34:05.4516812Z   RETRY_COUNT: 3
Status Check - Keycloak JavaScript CI	Run /./.github/actions/status-check	2025-01-04T00:34:05.4517086Z ##[endgroup]
Status Check - Keycloak JavaScript CI	Run /./.github/actions/status-check	2025-01-04T00:34:05.4582518Z Job status:
Status Check - Keycloak JavaScript CI	Run /./.github/actions/status-check	2025-01-04T00:34:05.4616407Z  - conditional: success
Status Check - Keycloak JavaScript CI	Run /./.github/actions/status-check	2025-01-04T00:34:05.4616935Z  - build-keycloak: success
Status Check - Keycloak JavaScript CI	Run /./.github/actions/status-check	2025-01-04T00:34:05.4617413Z  - admin-client: success
Status Check - Keycloak JavaScript CI	Run /./.github/actions/status-check	2025-01-04T00:34:05.4617854Z  - ui-shared: success
Status Check - Keycloak JavaScript CI	Run /./.github/actions/status-check	2025-01-04T00:34:05.4618325Z  - account-ui: success
Status Check - Keycloak JavaScript CI	Run /./.github/actions/status-check	2025-01-04T00:34:05.4618897Z  - account-ui-e2e: success
Status Check - Keycloak JavaScript CI	Run /./.github/actions/status-check	2025-01-04T00:34:05.4619296Z  - admin-ui: success
Status Check - Keycloak JavaScript CI	Run /./.github/actions/status-check	2025-01-04T00:34:05.4619546Z  - admin-ui-e2e: failure
Status Check - Keycloak JavaScript CI	Run /./.github/actions/status-check	2025-01-04T00:34:05.4651880Z 
Status Check - Keycloak JavaScript CI	Run /./.github/actions/status-check	2025-01-04T00:34:05.4652173Z Status check not okay!
Status Check - Keycloak JavaScript CI	Run /./.github/actions/status-check	2025-01-04T00:34:05.4664255Z ##[error]Process completed with exit code 1.
