WebAuthn IT (chrome)	Upload flaky tests	2023-11-27T00:51:14.0070234Z Prepare all required actions
WebAuthn IT (chrome)	Upload flaky tests	2023-11-27T00:51:14.0070789Z Getting action download info
WebAuthn IT (chrome)	Upload flaky tests	2023-11-27T00:51:14.1019372Z ##[group]Run ./.github/actions/upload-flaky-tests
WebAuthn IT (chrome)	Upload flaky tests	2023-11-27T00:51:14.1019779Z with:
WebAuthn IT (chrome)	Upload flaky tests	2023-11-27T00:51:14.1020053Z   job-name: WebAuthn IT
WebAuthn IT (chrome)	Upload flaky tests	2023-11-27T00:51:14.1020351Z env:
WebAuthn IT (chrome)	Upload flaky tests	2023-11-27T00:51:14.1020733Z   MAVEN_ARGS: -B -nsu -Daether.connector.http.connectionMaxTtl=25
WebAuthn IT (chrome)	Upload flaky tests	2023-11-27T00:51:14.1021240Z   SUREFIRE_RERUN_FAILING_COUNT: 2
WebAuthn IT (chrome)	Upload flaky tests	2023-11-27T00:51:14.1021665Z   SUREFIRE_RETRY: -Dsurefire.rerunFailingTestsCount=2
WebAuthn IT (chrome)	Upload flaky tests	2023-11-27T00:51:14.1022243Z   JAVA_HOME: /opt/hostedtoolcache/Java_Temurin-Hotspot_jdk/17.0.9-9/x64
WebAuthn IT (chrome)	Upload flaky tests	2023-11-27T00:51:14.1022909Z   JAVA_HOME_17_X64: /opt/hostedtoolcache/Java_Temurin-Hotspot_jdk/17.0.9-9/x64
WebAuthn IT (chrome)	Upload flaky tests	2023-11-27T00:51:14.1023944Z   GH_TOKEN: ***
WebAuthn IT (chrome)	Upload flaky tests	2023-11-27T00:51:14.1024232Z ##[endgroup]
WebAuthn IT (chrome)	Upload flaky tests	2023-11-27T00:51:14.1069129Z ##[group]Run FLAKES=""
WebAuthn IT (chrome)	Upload flaky tests	2023-11-27T00:51:14.1069462Z [36;1mFLAKES=""[0m
WebAuthn IT (chrome)	Upload flaky tests	2023-11-27T00:51:14.1069744Z [36;1mSEP=""[0m
WebAuthn IT (chrome)	Upload flaky tests	2023-11-27T00:51:14.1070137Z [36;1mfor dir in $(find -type d -name 'surefire-reports*'); do[0m
WebAuthn IT (chrome)	Upload flaky tests	2023-11-27T00:51:14.1070809Z [36;1m  for i in $(grep -l -E '<flakyFailure|<flakyError' $dir/TEST-*.xml); do[0m
WebAuthn IT (chrome)	Upload flaky tests	2023-11-27T00:51:14.1071350Z [36;1m    FLAKES="$FLAKES$SEP$i"[0m
WebAuthn IT (chrome)	Upload flaky tests	2023-11-27T00:51:14.1071896Z [36;1m    SEP=$'\n'[0m
WebAuthn IT (chrome)	Upload flaky tests	2023-11-27T00:51:14.1072176Z [36;1m  done[0m
WebAuthn IT (chrome)	Upload flaky tests	2023-11-27T00:51:14.1072430Z [36;1mdone[0m
WebAuthn IT (chrome)	Upload flaky tests	2023-11-27T00:51:14.1072670Z [36;1m[0m
WebAuthn IT (chrome)	Upload flaky tests	2023-11-27T00:51:14.1072921Z [36;1mif [ "$FLAKES" != "" ]; then[0m
WebAuthn IT (chrome)	Upload flaky tests	2023-11-27T00:51:14.1073264Z [36;1m  PR=""[0m
WebAuthn IT (chrome)	Upload flaky tests	2023-11-27T00:51:14.1073540Z [36;1m  JOB_NAME="WebAuthn IT"[0m
WebAuthn IT (chrome)	Upload flaky tests	2023-11-27T00:51:14.1073868Z [36;1m[0m
WebAuthn IT (chrome)	Upload flaky tests	2023-11-27T00:51:14.1074116Z [36;1m  MATRIX="chrome"[0m
WebAuthn IT (chrome)	Upload flaky tests	2023-11-27T00:51:14.1074440Z [36;1m  if [ "$MATRIX" != "" ]; then[0m
WebAuthn IT (chrome)	Upload flaky tests	2023-11-27T00:51:14.1074829Z [36;1m    JOB_NAME="$JOB_NAME ($MATRIX)"[0m
WebAuthn IT (chrome)	Upload flaky tests	2023-11-27T00:51:14.1075188Z [36;1m  fi[0m
WebAuthn IT (chrome)	Upload flaky tests	2023-11-27T00:51:14.1075434Z [36;1m[0m
WebAuthn IT (chrome)	Upload flaky tests	2023-11-27T00:51:14.1076179Z [36;1m  JOB_URL=$(gh api repos/keycloak/keycloak/actions/runs/6998917074/jobs --jq ".jobs | map(select(.name == \"$JOB_NAME\")) | .[].html_url")[0m
WebAuthn IT (chrome)	Upload flaky tests	2023-11-27T00:51:14.1076982Z [36;1m[0m
WebAuthn IT (chrome)	Upload flaky tests	2023-11-27T00:51:14.1077326Z [36;1m  echo "job_name=$JOB_NAME" >> job-summary.properties[0m
WebAuthn IT (chrome)	Upload flaky tests	2023-11-27T00:51:14.1077874Z [36;1m  echo "job_url=$JOB_URL" >> job-summary.properties[0m
WebAuthn IT (chrome)	Upload flaky tests	2023-11-27T00:51:14.1078320Z [36;1m  if [ "$PR" != "" ]; then[0m
WebAuthn IT (chrome)	Upload flaky tests	2023-11-27T00:51:14.1078726Z [36;1m    echo "pr=$PR" >> job-summary.properties[0m
WebAuthn IT (chrome)	Upload flaky tests	2023-11-27T00:51:14.1079389Z [36;1m    echo "pr_url=https://github.com/keycloak/keycloak/pull/$PR" >> job-summary.properties[0m
WebAuthn IT (chrome)	Upload flaky tests	2023-11-27T00:51:14.1079976Z [36;1m  fi[0m
WebAuthn IT (chrome)	Upload flaky tests	2023-11-27T00:51:14.1080225Z [36;1m[0m
WebAuthn IT (chrome)	Upload flaky tests	2023-11-27T00:51:14.1080512Z [36;1m  echo "flakes<<EOF" >> $GITHUB_OUTPUT[0m
WebAuthn IT (chrome)	Upload flaky tests	2023-11-27T00:51:14.1080989Z [36;1m  echo "job-summary.properties" >> $GITHUB_OUTPUT[0m
WebAuthn IT (chrome)	Upload flaky tests	2023-11-27T00:51:14.1081450Z [36;1m  echo "$FLAKES" >> $GITHUB_OUTPUT[0m
WebAuthn IT (chrome)	Upload flaky tests	2023-11-27T00:51:14.1081830Z [36;1m  echo "EOF" >> $GITHUB_OUTPUT[0m
WebAuthn IT (chrome)	Upload flaky tests	2023-11-27T00:51:14.1082164Z [36;1mfi[0m
WebAuthn IT (chrome)	Upload flaky tests	2023-11-27T00:51:14.1143033Z shell: /usr/bin/bash --noprofile --norc -e -o pipefail {0}
WebAuthn IT (chrome)	Upload flaky tests	2023-11-27T00:51:14.1143474Z env:
WebAuthn IT (chrome)	Upload flaky tests	2023-11-27T00:51:14.1143848Z   MAVEN_ARGS: -B -nsu -Daether.connector.http.connectionMaxTtl=25
WebAuthn IT (chrome)	Upload flaky tests	2023-11-27T00:51:14.1144357Z   SUREFIRE_RERUN_FAILING_COUNT: 2
WebAuthn IT (chrome)	Upload flaky tests	2023-11-27T00:51:14.1144779Z   SUREFIRE_RETRY: -Dsurefire.rerunFailingTestsCount=2
WebAuthn IT (chrome)	Upload flaky tests	2023-11-27T00:51:14.1145353Z   JAVA_HOME: /opt/hostedtoolcache/Java_Temurin-Hotspot_jdk/17.0.9-9/x64
WebAuthn IT (chrome)	Upload flaky tests	2023-11-27T00:51:14.1146233Z   JAVA_HOME_17_X64: /opt/hostedtoolcache/Java_Temurin-Hotspot_jdk/17.0.9-9/x64
WebAuthn IT (chrome)	Upload flaky tests	2023-11-27T00:51:14.1147053Z   GH_TOKEN: ***
WebAuthn IT (chrome)	Upload flaky tests	2023-11-27T00:51:14.1147322Z ##[endgroup]
WebAuthn IT (chrome)	Upload flaky tests	2023-11-27T00:51:44.3458352Z Get "https://api.github.com/repos/keycloak/keycloak/actions/runs/6998917074/jobs": dial tcp 140.82.113.6:443: i/o timeout
WebAuthn IT (chrome)	Upload flaky tests	2023-11-27T00:51:44.3486781Z ##[error]Process completed with exit code 1.
Status Check - Keycloak CI	Run /./.github/actions/status-check	2023-11-27T01:20:05.0784804Z Prepare all required actions
Status Check - Keycloak CI	Run /./.github/actions/status-check	2023-11-27T01:20:05.0873424Z ##[group]Run ./.github/actions/status-check
Status Check - Keycloak CI	Run /./.github/actions/status-check	2023-11-27T01:20:05.0873883Z with:
Status Check - Keycloak CI	Run /./.github/actions/status-check	2023-11-27T01:20:05.0877738Z   jobs: {
Status Check - Keycloak CI	Run /./.github/actions/status-check	  "conditional": {
Status Check - Keycloak CI	Run /./.github/actions/status-check	    "result": "success",
Status Check - Keycloak CI	Run /./.github/actions/status-check	    "outputs": {
Status Check - Keycloak CI	Run /./.github/actions/status-check	      "ci": "true",
Status Check - Keycloak CI	Run /./.github/actions/status-check	      "ci-sssd": "true",
Status Check - Keycloak CI	Run /./.github/actions/status-check	      "ci-store": "true"
Status Check - Keycloak CI	Run /./.github/actions/status-check	    }
Status Check - Keycloak CI	Run /./.github/actions/status-check	  },
Status Check - Keycloak CI	Run /./.github/actions/status-check	  "unit-tests": {
Status Check - Keycloak CI	Run /./.github/actions/status-check	    "result": "success",
Status Check - Keycloak CI	Run /./.github/actions/status-check	    "outputs": {}
Status Check - Keycloak CI	Run /./.github/actions/status-check	  },
Status Check - Keycloak CI	Run /./.github/actions/status-check	  "base-integration-tests": {
Status Check - Keycloak CI	Run /./.github/actions/status-check	    "result": "success",
Status Check - Keycloak CI	Run /./.github/actions/status-check	    "outputs": {}
Status Check - Keycloak CI	Run /./.github/actions/status-check	  },
Status Check - Keycloak CI	Run /./.github/actions/status-check	  "quarkus-unit-tests": {
Status Check - Keycloak CI	Run /./.github/actions/status-check	    "result": "success",
Status Check - Keycloak CI	Run /./.github/actions/status-check	    "outputs": {}
Status Check - Keycloak CI	Run /./.github/actions/status-check	  },
Status Check - Keycloak CI	Run /./.github/actions/status-check	  "quarkus-integration-tests": {
Status Check - Keycloak CI	Run /./.github/actions/status-check	    "result": "success",
Status Check - Keycloak CI	Run /./.github/actions/status-check	    "outputs": {}
Status Check - Keycloak CI	Run /./.github/actions/status-check	  },
Status Check - Keycloak CI	Run /./.github/actions/status-check	  "jdk-integration-tests": {
Status Check - Keycloak CI	Run /./.github/actions/status-check	    "result": "success",
Status Check - Keycloak CI	Run /./.github/actions/status-check	    "outputs": {}
Status Check - Keycloak CI	Run /./.github/actions/status-check	  },
Status Check - Keycloak CI	Run /./.github/actions/status-check	  "legacy-store-integration-tests": {
Status Check - Keycloak CI	Run /./.github/actions/status-check	    "result": "success",
Status Check - Keycloak CI	Run /./.github/actions/status-check	    "outputs": {}
Status Check - Keycloak CI	Run /./.github/actions/status-check	  },
Status Check - Keycloak CI	Run /./.github/actions/status-check	  "store-model-tests": {
Status Check - Keycloak CI	Run /./.github/actions/status-check	    "result": "success",
Status Check - Keycloak CI	Run /./.github/actions/status-check	    "outputs": {}
Status Check - Keycloak CI	Run /./.github/actions/status-check	  },
Status Check - Keycloak CI	Run /./.github/actions/status-check	  "clustering-integration-tests": {
Status Check - Keycloak CI	Run /./.github/actions/status-check	    "result": "success",
Status Check - Keycloak CI	Run /./.github/actions/status-check	    "outputs": {}
Status Check - Keycloak CI	Run /./.github/actions/status-check	  },
Status Check - Keycloak CI	Run /./.github/actions/status-check	  "fips-unit-tests": {
Status Check - Keycloak CI	Run /./.github/actions/status-check	    "result": "success",
Status Check - Keycloak CI	Run /./.github/actions/status-check	    "outputs": {}
Status Check - Keycloak CI	Run /./.github/actions/status-check	  },
Status Check - Keycloak CI	Run /./.github/actions/status-check	  "fips-integration-tests": {
Status Check - Keycloak CI	Run /./.github/actions/status-check	    "result": "success",
Status Check - Keycloak CI	Run /./.github/actions/status-check	    "outputs": {}
Status Check - Keycloak CI	Run /./.github/actions/status-check	  },
Status Check - Keycloak CI	Run /./.github/actions/status-check	  "account-console-integration-tests": {
Status Check - Keycloak CI	Run /./.github/actions/status-check	    "result": "success",
Status Check - Keycloak CI	Run /./.github/actions/status-check	    "outputs": {}
Status Check - Keycloak CI	Run /./.github/actions/status-check	  },
Status Check - Keycloak CI	Run /./.github/actions/status-check	  "forms-integration-tests": {
Status Check - Keycloak CI	Run /./.github/actions/status-check	    "result": "success",
Status Check - Keycloak CI	Run /./.github/actions/status-check	    "outputs": {}
Status Check - Keycloak CI	Run /./.github/actions/status-check	  },
Status Check - Keycloak CI	Run /./.github/actions/status-check	  "webauthn-integration-tests": {
Status Check - Keycloak CI	Run /./.github/actions/status-check	    "result": "failure",
Status Check - Keycloak CI	Run /./.github/actions/status-check	    "outputs": {}
Status Check - Keycloak CI	Run /./.github/actions/status-check	  },
Status Check - Keycloak CI	Run /./.github/actions/status-check	  "sssd-unit-tests": {
Status Check - Keycloak CI	Run /./.github/actions/status-check	    "result": "success",
Status Check - Keycloak CI	Run /./.github/actions/status-check	    "outputs": {}
Status Check - Keycloak CI	Run /./.github/actions/status-check	  },
Status Check - Keycloak CI	Run /./.github/actions/status-check	  "migration-tests": {
Status Check - Keycloak CI	Run /./.github/actions/status-check	    "result": "success",
Status Check - Keycloak CI	Run /./.github/actions/status-check	    "outputs": {}
Status Check - Keycloak CI	Run /./.github/actions/status-check	  }
Status Check - Keycloak CI	Run /./.github/actions/status-check	}
Status Check - Keycloak CI	Run /./.github/actions/status-check	2023-11-27T01:20:05.0882441Z env:
Status Check - Keycloak CI	Run /./.github/actions/status-check	2023-11-27T01:20:05.0882933Z   MAVEN_ARGS: -B -nsu -Daether.connector.http.connectionMaxTtl=25
Status Check - Keycloak CI	Run /./.github/actions/status-check	2023-11-27T01:20:05.0883574Z   SUREFIRE_RERUN_FAILING_COUNT: 2
Status Check - Keycloak CI	Run /./.github/actions/status-check	2023-11-27T01:20:05.0884055Z   SUREFIRE_RETRY: -Dsurefire.rerunFailingTestsCount=2
Status Check - Keycloak CI	Run /./.github/actions/status-check	2023-11-27T01:20:05.0884575Z ##[endgroup]
Status Check - Keycloak CI	Run /./.github/actions/status-check	2023-11-27T01:20:05.1136523Z ##[group]Run JOBS='{
Status Check - Keycloak CI	Run /./.github/actions/status-check	2023-11-27T01:20:05.1137066Z [36;1mJOBS='{[0m
Status Check - Keycloak CI	Run /./.github/actions/status-check	2023-11-27T01:20:05.1137567Z [36;1m  "conditional": {[0m
Status Check - Keycloak CI	Run /./.github/actions/status-check	2023-11-27T01:20:05.1137976Z [36;1m    "result": "success",[0m
Status Check - Keycloak CI	Run /./.github/actions/status-check	2023-11-27T01:20:05.1138401Z [36;1m    "outputs": {[0m
Status Check - Keycloak CI	Run /./.github/actions/status-check	2023-11-27T01:20:05.1138856Z [36;1m      "ci": "true",[0m
Status Check - Keycloak CI	Run /./.github/actions/status-check	2023-11-27T01:20:05.1139219Z [36;1m      "ci-sssd": "true",[0m
Status Check - Keycloak CI	Run /./.github/actions/status-check	2023-11-27T01:20:05.1139616Z [36;1m      "ci-store": "true"[0m
Status Check - Keycloak CI	Run /./.github/actions/status-check	2023-11-27T01:20:05.1140073Z [36;1m    }[0m
Status Check - Keycloak CI	Run /./.github/actions/status-check	2023-11-27T01:20:05.1140394Z [36;1m  },[0m
Status Check - Keycloak CI	Run /./.github/actions/status-check	2023-11-27T01:20:05.1140720Z [36;1m  "unit-tests": {[0m
Status Check - Keycloak CI	Run /./.github/actions/status-check	2023-11-27T01:20:05.1141153Z [36;1m    "result": "success",[0m
Status Check - Keycloak CI	Run /./.github/actions/status-check	2023-11-27T01:20:05.1141527Z [36;1m    "outputs": {}[0m
Status Check - Keycloak CI	Run /./.github/actions/status-check	2023-11-27T01:20:05.1141882Z [36;1m  },[0m
Status Check - Keycloak CI	Run /./.github/actions/status-check	2023-11-27T01:20:05.1142301Z [36;1m  "base-integration-tests": {[0m
Status Check - Keycloak CI	Run /./.github/actions/status-check	2023-11-27T01:20:05.1142693Z [36;1m    "result": "success",[0m
Status Check - Keycloak CI	Run /./.github/actions/status-check	2023-11-27T01:20:05.1143084Z [36;1m    "outputs": {}[0m
Status Check - Keycloak CI	Run /./.github/actions/status-check	2023-11-27T01:20:05.1143507Z [36;1m  },[0m
Status Check - Keycloak CI	Run /./.github/actions/status-check	2023-11-27T01:20:05.1143805Z [36;1m  "quarkus-unit-tests": {[0m
Status Check - Keycloak CI	Run /./.github/actions/status-check	2023-11-27T01:20:05.1144214Z [36;1m    "result": "success",[0m
Status Check - Keycloak CI	Run /./.github/actions/status-check	2023-11-27T01:20:05.1144682Z [36;1m    "outputs": {}[0m
Status Check - Keycloak CI	Run /./.github/actions/status-check	2023-11-27T01:20:05.1144996Z [36;1m  },[0m
Status Check - Keycloak CI	Run /./.github/actions/status-check	2023-11-27T01:20:05.1145355Z [36;1m  "quarkus-integration-tests": {[0m
Status Check - Keycloak CI	Run /./.github/actions/status-check	2023-11-27T01:20:05.1145878Z [36;1m    "result": "success",[0m
Status Check - Keycloak CI	Run /./.github/actions/status-check	2023-11-27T01:20:05.1146233Z [36;1m    "outputs": {}[0m
Status Check - Keycloak CI	Run /./.github/actions/status-check	2023-11-27T01:20:05.1146584Z [36;1m  },[0m
Status Check - Keycloak CI	Run /./.github/actions/status-check	2023-11-27T01:20:05.1147004Z [36;1m  "jdk-integration-tests": {[0m
Status Check - Keycloak CI	Run /./.github/actions/status-check	2023-11-27T01:20:05.1147403Z [36;1m    "result": "success",[0m
Status Check - Keycloak CI	Run /./.github/actions/status-check	2023-11-27T01:20:05.1148082Z [36;1m    "outputs": {}[0m
Status Check - Keycloak CI	Run /./.github/actions/status-check	2023-11-27T01:20:05.1148567Z [36;1m  },[0m
Status Check - Keycloak CI	Run /./.github/actions/status-check	2023-11-27T01:20:05.1148912Z [36;1m  "legacy-store-integration-tests": {[0m
Status Check - Keycloak CI	Run /./.github/actions/status-check	2023-11-27T01:20:05.1149392Z [36;1m    "result": "success",[0m
Status Check - Keycloak CI	Run /./.github/actions/status-check	2023-11-27T01:20:05.1149846Z [36;1m    "outputs": {}[0m
Status Check - Keycloak CI	Run /./.github/actions/status-check	2023-11-27T01:20:05.1150168Z [36;1m  },[0m
Status Check - Keycloak CI	Run /./.github/actions/status-check	2023-11-27T01:20:05.1150515Z [36;1m  "store-model-tests": {[0m
Status Check - Keycloak CI	Run /./.github/actions/status-check	2023-11-27T01:20:05.1150971Z [36;1m    "result": "success",[0m
Status Check - Keycloak CI	Run /./.github/actions/status-check	2023-11-27T01:20:05.1151327Z [36;1m    "outputs": {}[0m
Status Check - Keycloak CI	Run /./.github/actions/status-check	2023-11-27T01:20:05.1151704Z [36;1m  },[0m
Status Check - Keycloak CI	Run /./.github/actions/status-check	2023-11-27T01:20:05.1152130Z [36;1m  "clustering-integration-tests": {[0m
Status Check - Keycloak CI	Run /./.github/actions/status-check	2023-11-27T01:20:05.1152816Z [36;1m    "result": "success",[0m
Status Check - Keycloak CI	Run /./.github/actions/status-check	2023-11-27T01:20:05.1153219Z [36;1m    "outputs": {}[0m
Status Check - Keycloak CI	Run /./.github/actions/status-check	2023-11-27T01:20:05.1153639Z [36;1m  },[0m
Status Check - Keycloak CI	Run /./.github/actions/status-check	2023-11-27T01:20:05.1153950Z [36;1m  "fips-unit-tests": {[0m
Status Check - Keycloak CI	Run /./.github/actions/status-check	2023-11-27T01:20:05.1154342Z [36;1m    "result": "success",[0m
Status Check - Keycloak CI	Run /./.github/actions/status-check	2023-11-27T01:20:05.1154790Z [36;1m    "outputs": {}[0m
Status Check - Keycloak CI	Run /./.github/actions/status-check	2023-11-27T01:20:05.1155122Z [36;1m  },[0m
Status Check - Keycloak CI	Run /./.github/actions/status-check	2023-11-27T01:20:05.1155467Z [36;1m  "fips-integration-tests": {[0m
Status Check - Keycloak CI	Run /./.github/actions/status-check	2023-11-27T01:20:05.1155955Z [36;1m    "result": "success",[0m
Status Check - Keycloak CI	Run /./.github/actions/status-check	2023-11-27T01:20:05.1156320Z [36;1m    "outputs": {}[0m
Status Check - Keycloak CI	Run /./.github/actions/status-check	2023-11-27T01:20:05.1156667Z [36;1m  },[0m
Status Check - Keycloak CI	Run /./.github/actions/status-check	2023-11-27T01:20:05.1157102Z [36;1m  "account-console-integration-tests": {[0m
Status Check - Keycloak CI	Run /./.github/actions/status-check	2023-11-27T01:20:05.1157671Z [36;1m    "result": "success",[0m
Status Check - Keycloak CI	Run /./.github/actions/status-check	2023-11-27T01:20:05.1158030Z [36;1m    "outputs": {}[0m
Status Check - Keycloak CI	Run /./.github/actions/status-check	2023-11-27T01:20:05.1158459Z [36;1m  },[0m
Status Check - Keycloak CI	Run /./.github/actions/status-check	2023-11-27T01:20:05.1158803Z [36;1m  "forms-integration-tests": {[0m
Status Check - Keycloak CI	Run /./.github/actions/status-check	2023-11-27T01:20:05.1159366Z [36;1m    "result": "success",[0m
Status Check - Keycloak CI	Run /./.github/actions/status-check	2023-11-27T01:20:05.1159847Z [36;1m    "outputs": {}[0m
Status Check - Keycloak CI	Run /./.github/actions/status-check	2023-11-27T01:20:05.1160197Z [36;1m  },[0m
Status Check - Keycloak CI	Run /./.github/actions/status-check	2023-11-27T01:20:05.1160515Z [36;1m  "webauthn-integration-tests": {[0m
Status Check - Keycloak CI	Run /./.github/actions/status-check	2023-11-27T01:20:05.1161036Z [36;1m    "result": "failure",[0m
Status Check - Keycloak CI	Run /./.github/actions/status-check	2023-11-27T01:20:05.1161426Z [36;1m    "outputs": {}[0m
Status Check - Keycloak CI	Run /./.github/actions/status-check	2023-11-27T01:20:05.1161740Z [36;1m  },[0m
Status Check - Keycloak CI	Run /./.github/actions/status-check	2023-11-27T01:20:05.1162143Z [36;1m  "sssd-unit-tests": {[0m
Status Check - Keycloak CI	Run /./.github/actions/status-check	2023-11-27T01:20:05.1162534Z [36;1m    "result": "success",[0m
Status Check - Keycloak CI	Run /./.github/actions/status-check	2023-11-27T01:20:05.1162902Z [36;1m    "outputs": {}[0m
Status Check - Keycloak CI	Run /./.github/actions/status-check	2023-11-27T01:20:05.1163316Z [36;1m  },[0m
Status Check - Keycloak CI	Run /./.github/actions/status-check	2023-11-27T01:20:05.1163641Z [36;1m  "migration-tests": {[0m
Status Check - Keycloak CI	Run /./.github/actions/status-check	2023-11-27T01:20:05.1164013Z [36;1m    "result": "success",[0m
Status Check - Keycloak CI	Run /./.github/actions/status-check	2023-11-27T01:20:05.1164459Z [36;1m    "outputs": {}[0m
Status Check - Keycloak CI	Run /./.github/actions/status-check	2023-11-27T01:20:05.1164804Z [36;1m  }[0m
Status Check - Keycloak CI	Run /./.github/actions/status-check	2023-11-27T01:20:05.1165086Z [36;1m}'[0m
Status Check - Keycloak CI	Run /./.github/actions/status-check	2023-11-27T01:20:05.1165450Z [36;1m[0m
Status Check - Keycloak CI	Run /./.github/actions/status-check	2023-11-27T01:20:05.1165756Z [36;1mecho "Job status:"[0m
Status Check - Keycloak CI	Run /./.github/actions/status-check	2023-11-27T01:20:05.1166268Z [36;1mecho $JOBS | jq -r 'to_entries[] | " - \(.key): \(.value.result)"'[0m
Status Check - Keycloak CI	Run /./.github/actions/status-check	2023-11-27T01:20:05.1166878Z [36;1m[0m
Status Check - Keycloak CI	Run /./.github/actions/status-check	2023-11-27T01:20:05.1167344Z [36;1mfor i in $(echo $JOBS | jq -r 'to_entries[] | .value.result'); do[0m
Status Check - Keycloak CI	Run /./.github/actions/status-check	2023-11-27T01:20:05.1168050Z [36;1m  if [ "$i" != "success" ] && [ "$i" != "skipped" ]; then[0m
Status Check - Keycloak CI	Run /./.github/actions/status-check	2023-11-27T01:20:05.1168506Z [36;1m    echo ""[0m
Status Check - Keycloak CI	Run /./.github/actions/status-check	2023-11-27T01:20:05.1168901Z [36;1m    echo "Status check not okay!"[0m
Status Check - Keycloak CI	Run /./.github/actions/status-check	2023-11-27T01:20:05.1169395Z [36;1m    exit 1[0m
Status Check - Keycloak CI	Run /./.github/actions/status-check	2023-11-27T01:20:05.1169693Z [36;1m  fi[0m
Status Check - Keycloak CI	Run /./.github/actions/status-check	2023-11-27T01:20:05.1170015Z [36;1mdone[0m
Status Check - Keycloak CI	Run /./.github/actions/status-check	2023-11-27T01:20:05.1247207Z shell: /usr/bin/bash --noprofile --norc -e -o pipefail {0}
Status Check - Keycloak CI	Run /./.github/actions/status-check	2023-11-27T01:20:05.1247753Z env:
Status Check - Keycloak CI	Run /./.github/actions/status-check	2023-11-27T01:20:05.1248316Z   MAVEN_ARGS: -B -nsu -Daether.connector.http.connectionMaxTtl=25
Status Check - Keycloak CI	Run /./.github/actions/status-check	2023-11-27T01:20:05.1248929Z   SUREFIRE_RERUN_FAILING_COUNT: 2
Status Check - Keycloak CI	Run /./.github/actions/status-check	2023-11-27T01:20:05.1249399Z   SUREFIRE_RETRY: -Dsurefire.rerunFailingTestsCount=2
Status Check - Keycloak CI	Run /./.github/actions/status-check	2023-11-27T01:20:05.1249974Z ##[endgroup]
Status Check - Keycloak CI	Run /./.github/actions/status-check	2023-11-27T01:20:05.1401531Z Job status:
Status Check - Keycloak CI	Run /./.github/actions/status-check	2023-11-27T01:20:05.1618858Z  - conditional: success
Status Check - Keycloak CI	Run /./.github/actions/status-check	2023-11-27T01:20:05.1619682Z  - unit-tests: success
Status Check - Keycloak CI	Run /./.github/actions/status-check	2023-11-27T01:20:05.1620893Z  - base-integration-tests: success
Status Check - Keycloak CI	Run /./.github/actions/status-check	2023-11-27T01:20:05.1621483Z  - quarkus-unit-tests: success
Status Check - Keycloak CI	Run /./.github/actions/status-check	2023-11-27T01:20:05.1622214Z  - quarkus-integration-tests: success
Status Check - Keycloak CI	Run /./.github/actions/status-check	2023-11-27T01:20:05.1623097Z  - jdk-integration-tests: success
Status Check - Keycloak CI	Run /./.github/actions/status-check	2023-11-27T01:20:05.1623840Z  - legacy-store-integration-tests: success
Status Check - Keycloak CI	Run /./.github/actions/status-check	2023-11-27T01:20:05.1624626Z  - store-model-tests: success
Status Check - Keycloak CI	Run /./.github/actions/status-check	2023-11-27T01:20:05.1626083Z  - clustering-integration-tests: success
Status Check - Keycloak CI	Run /./.github/actions/status-check	2023-11-27T01:20:05.1626880Z  - fips-unit-tests: success
Status Check - Keycloak CI	Run /./.github/actions/status-check	2023-11-27T01:20:05.1627594Z  - fips-integration-tests: success
Status Check - Keycloak CI	Run /./.github/actions/status-check	2023-11-27T01:20:05.1634596Z  - account-console-integration-tests: success
Status Check - Keycloak CI	Run /./.github/actions/status-check	2023-11-27T01:20:05.1635552Z  - forms-integration-tests: success
Status Check - Keycloak CI	Run /./.github/actions/status-check	2023-11-27T01:20:05.1640952Z  - webauthn-integration-tests: failure
Status Check - Keycloak CI	Run /./.github/actions/status-check	2023-11-27T01:20:05.1641878Z  - sssd-unit-tests: success
Status Check - Keycloak CI	Run /./.github/actions/status-check	2023-11-27T01:20:05.1642533Z  - migration-tests: success
Status Check - Keycloak CI	Run /./.github/actions/status-check	2023-11-27T01:20:05.1833382Z 
Status Check - Keycloak CI	Run /./.github/actions/status-check	2023-11-27T01:20:05.1834578Z Status check not okay!
Status Check - Keycloak CI	Run /./.github/actions/status-check	2023-11-27T01:20:05.1847986Z ##[error]Process completed with exit code 1.
