Build	Run actions/checkout@v3	2023-06-06T02:30:19.7083267Z ##[group]Run actions/checkout@v3
Build	Run actions/checkout@v3	2023-06-06T02:30:19.7083662Z with:
Build	Run actions/checkout@v3	2023-06-06T02:30:19.7083974Z   repository: keycloak/keycloak
Build	Run actions/checkout@v3	2023-06-06T02:30:19.7084512Z   token: ***
Build	Run actions/checkout@v3	2023-06-06T02:30:19.7084782Z   ssh-strict: true
Build	Run actions/checkout@v3	2023-06-06T02:30:19.7085089Z   persist-credentials: true
Build	Run actions/checkout@v3	2023-06-06T02:30:19.7085368Z   clean: true
Build	Run actions/checkout@v3	2023-06-06T02:30:19.7085629Z   fetch-depth: 1
Build	Run actions/checkout@v3	2023-06-06T02:30:19.7085879Z   lfs: false
Build	Run actions/checkout@v3	2023-06-06T02:30:19.7086120Z   submodules: false
Build	Run actions/checkout@v3	2023-06-06T02:30:19.7086416Z   set-safe-directory: true
Build	Run actions/checkout@v3	2023-06-06T02:30:19.7086691Z env:
Build	Run actions/checkout@v3	2023-06-06T02:30:19.7086949Z   DEFAULT_JDK_VERSION: 17
Build	Run actions/checkout@v3	2023-06-06T02:30:19.7087237Z   DEFAULT_JDK_DIST: temurin
Build	Run actions/checkout@v3	2023-06-06T02:30:19.7087552Z   SUREFIRE_RERUN_FAILING_COUNT: 2
Build	Run actions/checkout@v3	2023-06-06T02:30:19.7087840Z ##[endgroup]
Build	Run actions/checkout@v3	2023-06-06T02:30:20.0392013Z Syncing repository: keycloak/keycloak
Build	Run actions/checkout@v3	2023-06-06T02:30:20.0399722Z ##[group]Getting Git version info
Build	Run actions/checkout@v3	2023-06-06T02:30:20.0400427Z Working directory is '/home/runner/work/keycloak/keycloak'
Build	Run actions/checkout@v3	2023-06-06T02:30:20.0401267Z [command]/usr/bin/git version
Build	Run actions/checkout@v3	2023-06-06T02:30:20.0526725Z git version 2.40.1
Build	Run actions/checkout@v3	2023-06-06T02:30:20.0558439Z ##[endgroup]
Build	Run actions/checkout@v3	2023-06-06T02:30:20.0579694Z Temporarily overriding HOME='/home/runner/work/_temp/95d14338-2408-45e6-a637-8bf717a3fdfd' before making global git config changes
Build	Run actions/checkout@v3	2023-06-06T02:30:20.0580386Z Adding repository directory to the temporary git global config as a safe directory
Build	Run actions/checkout@v3	2023-06-06T02:30:20.0587115Z [command]/usr/bin/git config --global --add safe.directory /home/runner/work/keycloak/keycloak
Build	Run actions/checkout@v3	2023-06-06T02:30:20.0636333Z Deleting the contents of '/home/runner/work/keycloak/keycloak'
Build	Run actions/checkout@v3	2023-06-06T02:30:20.0643470Z ##[group]Initializing the repository
Build	Run actions/checkout@v3	2023-06-06T02:30:20.0648409Z [command]/usr/bin/git init /home/runner/work/keycloak/keycloak
Build	Run actions/checkout@v3	2023-06-06T02:30:20.0731849Z hint: Using 'master' as the name for the initial branch. This default branch name
Build	Run actions/checkout@v3	2023-06-06T02:30:20.0732602Z hint: is subject to change. To configure the initial branch name to use in all
Build	Run actions/checkout@v3	2023-06-06T02:30:20.0733206Z hint: of your new repositories, which will suppress this warning, call:
Build	Run actions/checkout@v3	2023-06-06T02:30:20.0734363Z hint: 
Build	Run actions/checkout@v3	2023-06-06T02:30:20.0735204Z hint: 	git config --global init.defaultBranch <name>
Build	Run actions/checkout@v3	2023-06-06T02:30:20.0735537Z hint: 
Build	Run actions/checkout@v3	2023-06-06T02:30:20.0735966Z hint: Names commonly chosen instead of 'master' are 'main', 'trunk' and
Build	Run actions/checkout@v3	2023-06-06T02:30:20.0736501Z hint: 'development'. The just-created branch can be renamed via this command:
Build	Run actions/checkout@v3	2023-06-06T02:30:20.0736845Z hint: 
Build	Run actions/checkout@v3	2023-06-06T02:30:20.0737141Z hint: 	git branch -m <name>
Build	Run actions/checkout@v3	2023-06-06T02:30:20.0747304Z Initialized empty Git repository in /home/runner/work/keycloak/keycloak/.git/
Build	Run actions/checkout@v3	2023-06-06T02:30:20.0758980Z [command]/usr/bin/git remote add origin https://github.com/keycloak/keycloak
Build	Run actions/checkout@v3	2023-06-06T02:30:20.0809157Z ##[endgroup]
Build	Run actions/checkout@v3	2023-06-06T02:30:20.0810326Z ##[group]Disabling automatic garbage collection
Build	Run actions/checkout@v3	2023-06-06T02:30:20.0815934Z [command]/usr/bin/git config --local gc.auto 0
Build	Run actions/checkout@v3	2023-06-06T02:30:20.0852417Z ##[endgroup]
Build	Run actions/checkout@v3	2023-06-06T02:30:20.0853136Z ##[group]Setting up auth
Build	Run actions/checkout@v3	2023-06-06T02:30:20.0860844Z [command]/usr/bin/git config --local --name-only --get-regexp core\.sshCommand
Build	Run actions/checkout@v3	2023-06-06T02:30:20.0897365Z [command]/usr/bin/git submodule foreach --recursive sh -c "git config --local --name-only --get-regexp 'core\.sshCommand' && git config --local --unset-all 'core.sshCommand' || :"
Build	Run actions/checkout@v3	2023-06-06T02:30:20.1324019Z [command]/usr/bin/git config --local --name-only --get-regexp http\.https\:\/\/github\.com\/\.extraheader
Build	Run actions/checkout@v3	2023-06-06T02:30:20.1361247Z [command]/usr/bin/git submodule foreach --recursive sh -c "git config --local --name-only --get-regexp 'http\.https\:\/\/github\.com\/\.extraheader' && git config --local --unset-all 'http.https://github.com/.extraheader' || :"
Build	Run actions/checkout@v3	2023-06-06T02:30:20.1610513Z [command]/usr/bin/git config --local http.https://github.com/.extraheader AUTHORIZATION: basic ***
Build	Run actions/checkout@v3	2023-06-06T02:30:20.1655966Z ##[endgroup]
Build	Run actions/checkout@v3	2023-06-06T02:30:20.1656892Z ##[group]Fetching the repository
Build	Run actions/checkout@v3	2023-06-06T02:30:20.1666999Z [command]/usr/bin/git -c protocol.version=2 fetch --no-tags --prune --progress --no-recurse-submodules --depth=1 origin +d045156ba49b069759c1ba07505bab72ab885906:refs/remotes/origin/main
Build	Run actions/checkout@v3	2023-06-06T02:30:20.3016438Z ##[error]fatal: unable to access 'https://github.com/keycloak/keycloak/': The requested URL returned error: 429
Build	Run actions/checkout@v3	2023-06-06T02:30:20.3026206Z The process '/usr/bin/git' failed with exit code 128
Build	Run actions/checkout@v3	2023-06-06T02:30:20.3026673Z Waiting 13 seconds before trying again
Build	Run actions/checkout@v3	2023-06-06T02:30:33.3063357Z [command]/usr/bin/git -c protocol.version=2 fetch --no-tags --prune --progress --no-recurse-submodules --depth=1 origin +d045156ba49b069759c1ba07505bab72ab885906:refs/remotes/origin/main
Build	Run actions/checkout@v3	2023-06-06T02:30:33.4166061Z ##[error]fatal: unable to access 'https://github.com/keycloak/keycloak/': The requested URL returned error: 429
Build	Run actions/checkout@v3	2023-06-06T02:30:33.4181873Z The process '/usr/bin/git' failed with exit code 128
Build	Run actions/checkout@v3	2023-06-06T02:30:33.4182987Z Waiting 13 seconds before trying again
Build	Run actions/checkout@v3	2023-06-06T02:30:46.4228121Z [command]/usr/bin/git -c protocol.version=2 fetch --no-tags --prune --progress --no-recurse-submodules --depth=1 origin +d045156ba49b069759c1ba07505bab72ab885906:refs/remotes/origin/main
Build	Run actions/checkout@v3	2023-06-06T02:30:46.5336244Z ##[error]fatal: unable to access 'https://github.com/keycloak/keycloak/': The requested URL returned error: 429
Build	Run actions/checkout@v3	2023-06-06T02:30:46.5447183Z ##[error]The process '/usr/bin/git' failed with exit code 128
Status Check - Keycloak CI	Check status	2023-06-06T02:31:01.8773421Z Prepare all required actions
Status Check - Keycloak CI	Check status	2023-06-06T02:31:01.8823892Z ##[group]Run ./.github/actions/checks-job-pass
Status Check - Keycloak CI	Check status	2023-06-06T02:31:01.8824181Z with:
Status Check - Keycloak CI	Check status	2023-06-06T02:31:01.8824379Z   required: true
Status Check - Keycloak CI	Check status	2023-06-06T02:31:01.8824586Z env:
Status Check - Keycloak CI	Check status	2023-06-06T02:31:01.8824805Z   DEFAULT_JDK_VERSION: 17
Status Check - Keycloak CI	Check status	2023-06-06T02:31:01.8825039Z   DEFAULT_JDK_DIST: temurin
Status Check - Keycloak CI	Check status	2023-06-06T02:31:01.8825316Z   SUREFIRE_RERUN_FAILING_COUNT: 2
Status Check - Keycloak CI	Check status	2023-06-06T02:31:01.8825555Z ##[endgroup]
Status Check - Keycloak CI	Check status	2023-06-06T02:31:01.9206234Z ##[group]Run if [ "true" == "false" ]; then
Status Check - Keycloak CI	Check status	2023-06-06T02:31:01.9206667Z [36;1mif [ "true" == "false" ]; then[0m
Status Check - Keycloak CI	Check status	2023-06-06T02:31:01.9206960Z [36;1m  echo "Not required to run, skipping"[0m
Status Check - Keycloak CI	Check status	2023-06-06T02:31:01.9207390Z [36;1melse[0m
Status Check - Keycloak CI	Check status	2023-06-06T02:31:01.9207629Z [36;1m  if [ "" == "success" ]; then[0m
Status Check - Keycloak CI	Check status	2023-06-06T02:31:01.9207881Z [36;1m    echo "Success"[0m
Status Check - Keycloak CI	Check status	2023-06-06T02:31:01.9208128Z [36;1m  else[0m
Status Check - Keycloak CI	Check status	2023-06-06T02:31:01.9208398Z [36;1m    echo "Required to run, but didn't succeed"[0m
Status Check - Keycloak CI	Check status	2023-06-06T02:31:01.9208674Z [36;1m    exit 1[0m
Status Check - Keycloak CI	Check status	2023-06-06T02:31:01.9208972Z [36;1m  fi        [0m
Status Check - Keycloak CI	Check status	2023-06-06T02:31:01.9209188Z [36;1mfi[0m
Status Check - Keycloak CI	Check status	2023-06-06T02:31:01.9286182Z shell: /usr/bin/bash --noprofile --norc -e -o pipefail {0}
Status Check - Keycloak CI	Check status	2023-06-06T02:31:01.9286685Z env:
Status Check - Keycloak CI	Check status	2023-06-06T02:31:01.9286911Z   DEFAULT_JDK_VERSION: 17
Status Check - Keycloak CI	Check status	2023-06-06T02:31:01.9287148Z   DEFAULT_JDK_DIST: temurin
Status Check - Keycloak CI	Check status	2023-06-06T02:31:01.9287792Z   SUREFIRE_RERUN_FAILING_COUNT: 2
Status Check - Keycloak CI	Check status	2023-06-06T02:31:01.9288044Z ##[endgroup]
Status Check - Keycloak CI	Check status	2023-06-06T02:31:01.9492437Z Required to run, but didn't succeed
Status Check - Keycloak CI	Check status	2023-06-06T02:31:01.9518085Z ##[error]Process completed with exit code 1.
