SSSD	UNKNOWN STEP	ï»¿2025-09-12T00:24:13.1739474Z Current runner version: '2.328.0'
SSSD	UNKNOWN STEP	2025-09-12T00:24:13.1760504Z ##[group]Runner Image Provisioner
SSSD	UNKNOWN STEP	2025-09-12T00:24:13.1761285Z Hosted Compute Agent
SSSD	UNKNOWN STEP	2025-09-12T00:24:13.1761860Z Version: 20250829.383
SSSD	UNKNOWN STEP	2025-09-12T00:24:13.1762467Z Commit: 27cb235aab5b0e52e153a26cd86b4742e89dac5d
SSSD	UNKNOWN STEP	2025-09-12T00:24:13.1763458Z Build Date: 2025-08-29T13:48:48Z
SSSD	UNKNOWN STEP	2025-09-12T00:24:13.1764101Z ##[endgroup]
SSSD	UNKNOWN STEP	2025-09-12T00:24:13.1764599Z ##[group]Operating System
SSSD	UNKNOWN STEP	2025-09-12T00:24:13.1765157Z Ubuntu
SSSD	UNKNOWN STEP	2025-09-12T00:24:13.1765585Z 24.04.3
SSSD	UNKNOWN STEP	2025-09-12T00:24:13.1766118Z LTS
SSSD	UNKNOWN STEP	2025-09-12T00:24:13.1766594Z ##[endgroup]
SSSD	UNKNOWN STEP	2025-09-12T00:24:13.1767025Z ##[group]Runner Image
SSSD	UNKNOWN STEP	2025-09-12T00:24:13.1767614Z Image: ubuntu-24.04
SSSD	UNKNOWN STEP	2025-09-12T00:24:13.1768077Z Version: 20250907.24.1
SSSD	UNKNOWN STEP	2025-09-12T00:24:13.1769037Z Included Software: https://github.com/actions/runner-images/blob/ubuntu24/20250907.24/images/ubuntu/Ubuntu2404-Readme.md
SSSD	UNKNOWN STEP	2025-09-12T00:24:13.1770559Z Image Release: https://github.com/actions/runner-images/releases/tag/ubuntu24%2F20250907.24
SSSD	UNKNOWN STEP	2025-09-12T00:24:13.1771580Z ##[endgroup]
SSSD	UNKNOWN STEP	2025-09-12T00:24:13.1772499Z ##[group]GITHUB_TOKEN Permissions
SSSD	UNKNOWN STEP	2025-09-12T00:24:13.1774340Z Contents: read
SSSD	UNKNOWN STEP	2025-09-12T00:24:13.1774969Z Metadata: read
SSSD	UNKNOWN STEP	2025-09-12T00:24:13.1775453Z ##[endgroup]
SSSD	UNKNOWN STEP	2025-09-12T00:24:13.1777343Z Secret source: Actions
SSSD	UNKNOWN STEP	2025-09-12T00:24:13.1778049Z Prepare workflow directory
SSSD	UNKNOWN STEP	2025-09-12T00:24:13.2168741Z Prepare all required actions
SSSD	UNKNOWN STEP	2025-09-12T00:24:13.2206530Z Getting action download info
SSSD	UNKNOWN STEP	2025-09-12T00:24:13.6623848Z Download action repository 'actions/checkout@08c6903cd8c0fde910a37f88322edcfb5dd907a8' (SHA:08c6903cd8c0fde910a37f88322edcfb5dd907a8)
SSSD	UNKNOWN STEP	2025-09-12T00:24:14.0662982Z Download action repository 'actions/cache@0400d5f644dc74513175e3cd8d07132dd4860809' (SHA:0400d5f644dc74513175e3cd8d07132dd4860809)
SSSD	UNKNOWN STEP	2025-09-12T00:24:14.2345565Z Complete job name: SSSD
SSSD	UNKNOWN STEP	2025-09-12T00:24:14.2996250Z ##[group]Run actions/checkout@08c6903cd8c0fde910a37f88322edcfb5dd907a8
SSSD	UNKNOWN STEP	2025-09-12T00:24:14.2997204Z with:
SSSD	UNKNOWN STEP	2025-09-12T00:24:14.2997585Z   repository: keycloak/keycloak
SSSD	UNKNOWN STEP	2025-09-12T00:24:14.2998202Z   token: ***
SSSD	UNKNOWN STEP	2025-09-12T00:24:14.2998570Z   ssh-strict: true
SSSD	UNKNOWN STEP	2025-09-12T00:24:14.2998950Z   ssh-user: git
SSSD	UNKNOWN STEP	2025-09-12T00:24:14.2999335Z   persist-credentials: true
SSSD	UNKNOWN STEP	2025-09-12T00:24:14.2999764Z   clean: true
SSSD	UNKNOWN STEP	2025-09-12T00:24:14.3000143Z   sparse-checkout-cone-mode: true
SSSD	UNKNOWN STEP	2025-09-12T00:24:14.3000605Z   fetch-depth: 1
SSSD	UNKNOWN STEP	2025-09-12T00:24:14.3000973Z   fetch-tags: false
SSSD	UNKNOWN STEP	2025-09-12T00:24:14.3001353Z   show-progress: true
SSSD	UNKNOWN STEP	2025-09-12T00:24:14.3001743Z   lfs: false
SSSD	UNKNOWN STEP	2025-09-12T00:24:14.3002097Z   submodules: false
SSSD	UNKNOWN STEP	2025-09-12T00:24:14.3002483Z   set-safe-directory: true
SSSD	UNKNOWN STEP	2025-09-12T00:24:14.3003286Z env:
SSSD	UNKNOWN STEP	2025-09-12T00:24:14.3003801Z   MAVEN_ARGS: -B -nsu -Daether.connector.http.connectionMaxTtl=25
SSSD	UNKNOWN STEP	2025-09-12T00:24:14.3004447Z   SUREFIRE_RERUN_FAILING_COUNT: 2
SSSD	UNKNOWN STEP	2025-09-12T00:24:14.3005022Z   SUREFIRE_RETRY: -Dsurefire.rerunFailingTestsCount=2
SSSD	UNKNOWN STEP	2025-09-12T00:24:14.3005575Z ##[endgroup]
SSSD	UNKNOWN STEP	2025-09-12T00:24:14.3901408Z Syncing repository: keycloak/keycloak
SSSD	UNKNOWN STEP	2025-09-12T00:24:14.3903265Z ##[group]Getting Git version info
SSSD	UNKNOWN STEP	2025-09-12T00:24:14.3903995Z Working directory is '/home/runner/work/keycloak/keycloak'
SSSD	UNKNOWN STEP	2025-09-12T00:24:14.3904944Z [command]/usr/bin/git version
SSSD	UNKNOWN STEP	2025-09-12T00:24:14.3975151Z git version 2.51.0
SSSD	UNKNOWN STEP	2025-09-12T00:24:14.3996197Z ##[endgroup]
SSSD	UNKNOWN STEP	2025-09-12T00:24:14.4009454Z Temporarily overriding HOME='/home/runner/work/_temp/b1f4153e-86a2-4ba8-adb7-2b3a7b16fb13' before making global git config changes
SSSD	UNKNOWN STEP	2025-09-12T00:24:14.4014442Z Adding repository directory to the temporary git global config as a safe directory
SSSD	UNKNOWN STEP	2025-09-12T00:24:14.4015542Z [command]/usr/bin/git config --global --add safe.directory /home/runner/work/keycloak/keycloak
SSSD	UNKNOWN STEP	2025-09-12T00:24:14.4051093Z Deleting the contents of '/home/runner/work/keycloak/keycloak'
SSSD	UNKNOWN STEP	2025-09-12T00:24:14.4054547Z ##[group]Initializing the repository
SSSD	UNKNOWN STEP	2025-09-12T00:24:14.4059205Z [command]/usr/bin/git init /home/runner/work/keycloak/keycloak
SSSD	UNKNOWN STEP	2025-09-12T00:24:14.4171729Z hint: Using 'master' as the name for the initial branch. This default branch name
SSSD	UNKNOWN STEP	2025-09-12T00:24:14.4173378Z hint: is subject to change. To configure the initial branch name to use in all
SSSD	UNKNOWN STEP	2025-09-12T00:24:14.4174287Z hint: of your new repositories, which will suppress this warning, call:
SSSD	UNKNOWN STEP	2025-09-12T00:24:14.4174959Z hint:
SSSD	UNKNOWN STEP	2025-09-12T00:24:14.4175444Z hint: 	git config --global init.defaultBranch <name>
SSSD	UNKNOWN STEP	2025-09-12T00:24:14.4176365Z hint:
SSSD	UNKNOWN STEP	2025-09-12T00:24:14.4177148Z hint: Names commonly chosen instead of 'master' are 'main', 'trunk' and
SSSD	UNKNOWN STEP	2025-09-12T00:24:14.4178031Z hint: 'development'. The just-created branch can be renamed via this command:
SSSD	UNKNOWN STEP	2025-09-12T00:24:14.4178741Z hint:
SSSD	UNKNOWN STEP	2025-09-12T00:24:14.4179129Z hint: 	git branch -m <name>
SSSD	UNKNOWN STEP	2025-09-12T00:24:14.4179585Z hint:
SSSD	UNKNOWN STEP	2025-09-12T00:24:14.4180164Z hint: Disable this message with "git config set advice.defaultBranchName false"
SSSD	UNKNOWN STEP	2025-09-12T00:24:14.4181515Z Initialized empty Git repository in /home/runner/work/keycloak/keycloak/.git/
SSSD	UNKNOWN STEP	2025-09-12T00:24:14.4187056Z [command]/usr/bin/git remote add origin https://github.com/keycloak/keycloak
SSSD	UNKNOWN STEP	2025-09-12T00:24:14.4223499Z ##[endgroup]
SSSD	UNKNOWN STEP	2025-09-12T00:24:14.4224320Z ##[group]Disabling automatic garbage collection
SSSD	UNKNOWN STEP	2025-09-12T00:24:14.4226643Z [command]/usr/bin/git config --local gc.auto 0
SSSD	UNKNOWN STEP	2025-09-12T00:24:14.4253638Z ##[endgroup]
SSSD	UNKNOWN STEP	2025-09-12T00:24:14.4254399Z ##[group]Setting up auth
SSSD	UNKNOWN STEP	2025-09-12T00:24:14.4259983Z [command]/usr/bin/git config --local --name-only --get-regexp core\.sshCommand
SSSD	UNKNOWN STEP	2025-09-12T00:24:14.4288838Z [command]/usr/bin/git submodule foreach --recursive sh -c "git config --local --name-only --get-regexp 'core\.sshCommand' && git config --local --unset-all 'core.sshCommand' || :"
SSSD	UNKNOWN STEP	2025-09-12T00:24:14.4622416Z [command]/usr/bin/git config --local --name-only --get-regexp http\.https\:\/\/github\.com\/\.extraheader
SSSD	UNKNOWN STEP	2025-09-12T00:24:14.4650929Z [command]/usr/bin/git submodule foreach --recursive sh -c "git config --local --name-only --get-regexp 'http\.https\:\/\/github\.com\/\.extraheader' && git config --local --unset-all 'http.https://github.com/.extraheader' || :"
SSSD	UNKNOWN STEP	2025-09-12T00:24:14.4869817Z [command]/usr/bin/git config --local http.https://github.com/.extraheader AUTHORIZATION: basic ***
SSSD	UNKNOWN STEP	2025-09-12T00:24:14.4901611Z ##[endgroup]
SSSD	UNKNOWN STEP	2025-09-12T00:24:14.4902332Z ##[group]Fetching the repository
SSSD	UNKNOWN STEP	2025-09-12T00:24:14.4910708Z [command]/usr/bin/git -c protocol.version=2 fetch --no-tags --prune --no-recurse-submodules --depth=1 origin +73a4020baad67f6d0c676548cce47216dc0270a6:refs/remotes/origin/main
SSSD	UNKNOWN STEP	2025-09-12T00:24:15.9996176Z From https://github.com/keycloak/keycloak
SSSD	UNKNOWN STEP	2025-09-12T00:24:15.9997897Z  * [new ref]         73a4020baad67f6d0c676548cce47216dc0270a6 -> origin/main
SSSD	UNKNOWN STEP	2025-09-12T00:24:16.0028201Z ##[endgroup]
SSSD	UNKNOWN STEP	2025-09-12T00:24:16.0029400Z ##[group]Determining the checkout info
SSSD	UNKNOWN STEP	2025-09-12T00:24:16.0031050Z ##[endgroup]
SSSD	UNKNOWN STEP	2025-09-12T00:24:16.0035466Z [command]/usr/bin/git sparse-checkout disable
SSSD	UNKNOWN STEP	2025-09-12T00:24:16.0076827Z [command]/usr/bin/git config --local --unset-all extensions.worktreeConfig
SSSD	UNKNOWN STEP	2025-09-12T00:24:16.0103076Z ##[group]Checking out the ref
SSSD	UNKNOWN STEP	2025-09-12T00:24:16.0106057Z [command]/usr/bin/git checkout --progress --force -B main refs/remotes/origin/main
SSSD	UNKNOWN STEP	2025-09-12T00:24:16.8150273Z Switched to a new branch 'main'
SSSD	UNKNOWN STEP	2025-09-12T00:24:16.8151798Z branch 'main' set up to track 'origin/main'.
SSSD	UNKNOWN STEP	2025-09-12T00:24:16.8186056Z ##[endgroup]
SSSD	UNKNOWN STEP	2025-09-12T00:24:16.8226840Z [command]/usr/bin/git log -1 --format=%H
SSSD	UNKNOWN STEP	2025-09-12T00:24:16.8250106Z 73a4020baad67f6d0c676548cce47216dc0270a6
SSSD	UNKNOWN STEP	2025-09-12T00:24:16.8497537Z Prepare all required actions
SSSD	UNKNOWN STEP	2025-09-12T00:24:16.8498084Z Getting action download info
SSSD	UNKNOWN STEP	2025-09-12T00:24:17.0199142Z Download action repository 'actions/download-artifact@d3f86a106a0bac45b974a628896c90dbdf5c8093' (SHA:d3f86a106a0bac45b974a628896c90dbdf5c8093)
SSSD	UNKNOWN STEP	2025-09-12T00:24:17.6509193Z ##[group]Run ./.github/actions/integration-test-setup
SSSD	UNKNOWN STEP	2025-09-12T00:24:17.6509513Z with:
SSSD	UNKNOWN STEP	2025-09-12T00:24:17.6509683Z   jdk-dist: temurin
SSSD	UNKNOWN STEP	2025-09-12T00:24:17.6509864Z   jdk-version: 21
SSSD	UNKNOWN STEP	2025-09-12T00:24:17.6510040Z env:
SSSD	UNKNOWN STEP	2025-09-12T00:24:17.6510297Z   MAVEN_ARGS: -B -nsu -Daether.connector.http.connectionMaxTtl=25
SSSD	UNKNOWN STEP	2025-09-12T00:24:17.6510637Z   SUREFIRE_RERUN_FAILING_COUNT: 2
SSSD	UNKNOWN STEP	2025-09-12T00:24:17.6511113Z   SUREFIRE_RETRY: -Dsurefire.rerunFailingTestsCount=2
SSSD	UNKNOWN STEP	2025-09-12T00:24:17.6511397Z ##[endgroup]
SSSD	UNKNOWN STEP	2025-09-12T00:24:17.6596935Z Prepare all required actions
SSSD	UNKNOWN STEP	2025-09-12T00:24:17.6625595Z ##[group]Run ./.github/actions/update-hosts
SSSD	UNKNOWN STEP	2025-09-12T00:24:17.6625874Z env:
SSSD	UNKNOWN STEP	2025-09-12T00:24:17.6626184Z   MAVEN_ARGS: -B -nsu -Daether.connector.http.connectionMaxTtl=25
SSSD	UNKNOWN STEP	2025-09-12T00:24:17.6626542Z   SUREFIRE_RERUN_FAILING_COUNT: 2
SSSD	UNKNOWN STEP	2025-09-12T00:24:17.6626824Z   SUREFIRE_RETRY: -Dsurefire.rerunFailingTestsCount=2
SSSD	UNKNOWN STEP	2025-09-12T00:24:17.6627106Z ##[endgroup]
SSSD	UNKNOWN STEP	2025-09-12T00:24:17.6666068Z ##[group]Run printf "\n\n$(cat .github/actions/update-hosts/hosts)" | sudo tee -a /etc/hosts
SSSD	UNKNOWN STEP	2025-09-12T00:24:17.6666726Z [36;1mprintf "\n\n$(cat .github/actions/update-hosts/hosts)" | sudo tee -a /etc/hosts[0m
SSSD	UNKNOWN STEP	2025-09-12T00:24:17.6723624Z shell: /usr/bin/bash --noprofile --norc -e -o pipefail {0}
SSSD	UNKNOWN STEP	2025-09-12T00:24:17.6723954Z env:
SSSD	UNKNOWN STEP	2025-09-12T00:24:17.6724222Z   MAVEN_ARGS: -B -nsu -Daether.connector.http.connectionMaxTtl=25
SSSD	UNKNOWN STEP	2025-09-12T00:24:17.6724568Z   SUREFIRE_RERUN_FAILING_COUNT: 2
SSSD	UNKNOWN STEP	2025-09-12T00:24:17.6724849Z   SUREFIRE_RETRY: -Dsurefire.rerunFailingTestsCount=2
SSSD	UNKNOWN STEP	2025-09-12T00:24:17.6725142Z ##[endgroup]
SSSD	UNKNOWN STEP	2025-09-12T00:24:17.6858843Z 
SSSD	UNKNOWN STEP	2025-09-12T00:24:17.6858885Z 
SSSD	UNKNOWN STEP	2025-09-12T00:24:17.6859495Z 127.0.0.1 localtest.me admin.localtest.me localhost-myapp.localtest.me localhost-sso.localtest.me realmFrontend.localtest.me proxy.kc.localtest.me
SSSD	UNKNOWN STEP	2025-09-12T00:24:17.6875247Z ::1 localtest.me admin.localtest.me localhost-myapp.localtest.me localhost-sso.localtest.me realmFrontend.localtest.me proxy.kc.localtest.me
SSSD	UNKNOWN STEP	2025-09-12T00:24:17.6920347Z Prepare all required actions
SSSD	UNKNOWN STEP	2025-09-12T00:24:17.6920630Z Getting action download info
SSSD	UNKNOWN STEP	2025-09-12T00:24:17.8783553Z Download action repository 'actions/setup-java@c5195efecf7bdfc987ee8bae7a71cb8b11521c00' (SHA:c5195efecf7bdfc987ee8bae7a71cb8b11521c00)
SSSD	UNKNOWN STEP	2025-09-12T00:24:18.7697479Z ##[group]Run ./.github/actions/java-setup
SSSD	UNKNOWN STEP	2025-09-12T00:24:18.7697747Z with:
SSSD	UNKNOWN STEP	2025-09-12T00:24:18.7697930Z   distribution: temurin
SSSD	UNKNOWN STEP	2025-09-12T00:24:18.7698125Z   java-version: 21
SSSD	UNKNOWN STEP	2025-09-12T00:24:18.7698291Z env:
SSSD	UNKNOWN STEP	2025-09-12T00:24:18.7698551Z   MAVEN_ARGS: -B -nsu -Daether.connector.http.connectionMaxTtl=25
SSSD	UNKNOWN STEP	2025-09-12T00:24:18.7698879Z   SUREFIRE_RERUN_FAILING_COUNT: 2
SSSD	UNKNOWN STEP	2025-09-12T00:24:18.7699170Z   SUREFIRE_RETRY: -Dsurefire.rerunFailingTestsCount=2
SSSD	UNKNOWN STEP	2025-09-12T00:24:18.7699449Z ##[endgroup]
SSSD	UNKNOWN STEP	2025-09-12T00:24:18.7780194Z ##[group]Run actions/setup-java@c5195efecf7bdfc987ee8bae7a71cb8b11521c00
SSSD	UNKNOWN STEP	2025-09-12T00:24:18.7780571Z with:
SSSD	UNKNOWN STEP	2025-09-12T00:24:18.7780744Z   distribution: temurin
SSSD	UNKNOWN STEP	2025-09-12T00:24:18.7780941Z   java-version: 21
SSSD	UNKNOWN STEP	2025-09-12T00:24:18.7781120Z   java-package: jdk
SSSD	UNKNOWN STEP	2025-09-12T00:24:18.7781321Z   check-latest: false
SSSD	UNKNOWN STEP	2025-09-12T00:24:18.7781513Z   server-id: github
SSSD	UNKNOWN STEP	2025-09-12T00:24:18.7781698Z   server-username: GITHUB_ACTOR
SSSD	UNKNOWN STEP	2025-09-12T00:24:18.7781923Z   server-password: GITHUB_TOKEN
SSSD	UNKNOWN STEP	2025-09-12T00:24:18.7782136Z   overwrite-settings: true
SSSD	UNKNOWN STEP	2025-09-12T00:24:18.7782338Z   job-status: success
SSSD	UNKNOWN STEP	2025-09-12T00:24:18.7782875Z   token: ***
SSSD	UNKNOWN STEP	2025-09-12T00:24:18.7783055Z env:
SSSD	UNKNOWN STEP	2025-09-12T00:24:18.7783305Z   MAVEN_ARGS: -B -nsu -Daether.connector.http.connectionMaxTtl=25
SSSD	UNKNOWN STEP	2025-09-12T00:24:18.7783651Z   SUREFIRE_RERUN_FAILING_COUNT: 2
SSSD	UNKNOWN STEP	2025-09-12T00:24:18.7783938Z   SUREFIRE_RETRY: -Dsurefire.rerunFailingTestsCount=2
SSSD	UNKNOWN STEP	2025-09-12T00:24:18.7784445Z ##[endgroup]
SSSD	UNKNOWN STEP	2025-09-12T00:24:18.9735212Z ##[group]Installed distributions
SSSD	UNKNOWN STEP	2025-09-12T00:24:18.9799872Z Resolved Java 21.0.8+9 from tool-cache
SSSD	UNKNOWN STEP	2025-09-12T00:24:18.9800412Z Setting Java 21.0.8+9 as the default
SSSD	UNKNOWN STEP	2025-09-12T00:24:18.9813737Z Creating toolchains.xml for JDK version 21 from temurin
SSSD	UNKNOWN STEP	2025-09-12T00:24:18.9889112Z Writing to /home/runner/.m2/toolchains.xml
SSSD	UNKNOWN STEP	2025-09-12T00:24:18.9889516Z 
SSSD	UNKNOWN STEP	2025-09-12T00:24:18.9889664Z Java configuration:
SSSD	UNKNOWN STEP	2025-09-12T00:24:18.9890023Z   Distribution: temurin
SSSD	UNKNOWN STEP	2025-09-12T00:24:18.9890384Z   Version: 21.0.8+9
SSSD	UNKNOWN STEP	2025-09-12T00:24:18.9891104Z   Path: /opt/hostedtoolcache/Java_Temurin-Hotspot_jdk/21.0.8-9/x64
SSSD	UNKNOWN STEP	2025-09-12T00:24:18.9891598Z 
SSSD	UNKNOWN STEP	2025-09-12T00:24:18.9893493Z ##[endgroup]
SSSD	UNKNOWN STEP	2025-09-12T00:24:18.9906253Z Creating settings.xml with server-id: github
SSSD	UNKNOWN STEP	2025-09-12T00:24:18.9915555Z Writing to /home/runner/.m2/settings.xml
SSSD	UNKNOWN STEP	2025-09-12T00:24:19.0056433Z Prepare all required actions
SSSD	UNKNOWN STEP	2025-09-12T00:24:19.0056758Z Getting action download info
SSSD	UNKNOWN STEP	2025-09-12T00:24:19.1785015Z Download action repository 'actions/cache@5a3ec84eff668545956fd18022155c47e93e2684' (SHA:5a3ec84eff668545956fd18022155c47e93e2684)
SSSD	UNKNOWN STEP	2025-09-12T00:24:19.3394609Z ##[group]Run ./.github/actions/maven-cache
SSSD	UNKNOWN STEP	2025-09-12T00:24:19.3394871Z with:
SSSD	UNKNOWN STEP	2025-09-12T00:24:19.3395065Z   create-cache-if-it-doesnt-exist: false
SSSD	UNKNOWN STEP	2025-09-12T00:24:19.3395306Z env:
SSSD	UNKNOWN STEP	2025-09-12T00:24:19.3395580Z   MAVEN_ARGS: -B -nsu -Daether.connector.http.connectionMaxTtl=25
SSSD	UNKNOWN STEP	2025-09-12T00:24:19.3395921Z   SUREFIRE_RERUN_FAILING_COUNT: 2
SSSD	UNKNOWN STEP	2025-09-12T00:24:19.3396198Z   SUREFIRE_RETRY: -Dsurefire.rerunFailingTestsCount=2
SSSD	UNKNOWN STEP	2025-09-12T00:24:19.3396602Z   JAVA_HOME: /opt/hostedtoolcache/Java_Temurin-Hotspot_jdk/21.0.8-9/x64
SSSD	UNKNOWN STEP	2025-09-12T00:24:19.3397065Z   JAVA_HOME_21_X64: /opt/hostedtoolcache/Java_Temurin-Hotspot_jdk/21.0.8-9/x64
SSSD	UNKNOWN STEP	2025-09-12T00:24:19.3397401Z ##[endgroup]
SSSD	UNKNOWN STEP	2025-09-12T00:24:19.3414887Z ##[group]Run echo "key=mvn-`date -u "+%Y-%U"`" >> $GITHUB_OUTPUT
SSSD	UNKNOWN STEP	2025-09-12T00:24:19.3415284Z [36;1mecho "key=mvn-`date -u "+%Y-%U"`" >> $GITHUB_OUTPUT[0m
SSSD	UNKNOWN STEP	2025-09-12T00:24:19.3446658Z shell: /usr/bin/bash --noprofile --norc -e -o pipefail {0}
SSSD	UNKNOWN STEP	2025-09-12T00:24:19.3446973Z env:
SSSD	UNKNOWN STEP	2025-09-12T00:24:19.3447243Z   MAVEN_ARGS: -B -nsu -Daether.connector.http.connectionMaxTtl=25
SSSD	UNKNOWN STEP	2025-09-12T00:24:19.3447579Z   SUREFIRE_RERUN_FAILING_COUNT: 2
SSSD	UNKNOWN STEP	2025-09-12T00:24:19.3447858Z   SUREFIRE_RETRY: -Dsurefire.rerunFailingTestsCount=2
SSSD	UNKNOWN STEP	2025-09-12T00:24:19.3448247Z   JAVA_HOME: /opt/hostedtoolcache/Java_Temurin-Hotspot_jdk/21.0.8-9/x64
SSSD	UNKNOWN STEP	2025-09-12T00:24:19.3448684Z   JAVA_HOME_21_X64: /opt/hostedtoolcache/Java_Temurin-Hotspot_jdk/21.0.8-9/x64
SSSD	UNKNOWN STEP	2025-09-12T00:24:19.3449017Z ##[endgroup]
SSSD	UNKNOWN STEP	2025-09-12T00:24:19.3564252Z ##[group]Run actions/cache/restore@5a3ec84eff668545956fd18022155c47e93e2684
SSSD	UNKNOWN STEP	2025-09-12T00:24:19.3564643Z with:
SSSD	UNKNOWN STEP	2025-09-12T00:24:19.3564894Z   path: ~/.m2/repository/*/*
SSSD	UNKNOWN STEP	!~/.m2/repository/org/keycloak
SSSD	UNKNOWN STEP	
SSSD	UNKNOWN STEP	2025-09-12T00:24:19.3565218Z   key: mvn-Linux-mvn-2025-36
SSSD	UNKNOWN STEP	2025-09-12T00:24:19.3565449Z   restore-keys: mvn--mvn-2025-36
SSSD	UNKNOWN STEP	
SSSD	UNKNOWN STEP	2025-09-12T00:24:19.3565695Z   enableCrossOsArchive: true
SSSD	UNKNOWN STEP	2025-09-12T00:24:19.3565922Z   fail-on-cache-miss: false
SSSD	UNKNOWN STEP	2025-09-12T00:24:19.3566136Z   lookup-only: false
SSSD	UNKNOWN STEP	2025-09-12T00:24:19.3566315Z env:
SSSD	UNKNOWN STEP	2025-09-12T00:24:19.3566572Z   MAVEN_ARGS: -B -nsu -Daether.connector.http.connectionMaxTtl=25
SSSD	UNKNOWN STEP	2025-09-12T00:24:19.3566900Z   SUREFIRE_RERUN_FAILING_COUNT: 2
SSSD	UNKNOWN STEP	2025-09-12T00:24:19.3567178Z   SUREFIRE_RETRY: -Dsurefire.rerunFailingTestsCount=2
SSSD	UNKNOWN STEP	2025-09-12T00:24:19.3567568Z   JAVA_HOME: /opt/hostedtoolcache/Java_Temurin-Hotspot_jdk/21.0.8-9/x64
SSSD	UNKNOWN STEP	2025-09-12T00:24:19.3567998Z   JAVA_HOME_21_X64: /opt/hostedtoolcache/Java_Temurin-Hotspot_jdk/21.0.8-9/x64
SSSD	UNKNOWN STEP	2025-09-12T00:24:19.3568335Z ##[endgroup]
SSSD	UNKNOWN STEP	2025-09-12T00:24:19.7652843Z Cache hit for: mvn-Linux-mvn-2025-36
SSSD	UNKNOWN STEP	2025-09-12T00:24:21.0601887Z Received 4194304 of 589018418 (0.7%), 4.0 MBs/sec
SSSD	UNKNOWN STEP	2025-09-12T00:24:22.0602122Z Received 109051904 of 589018418 (18.5%), 52.0 MBs/sec
SSSD	UNKNOWN STEP	2025-09-12T00:24:23.0603979Z Received 239075328 of 589018418 (40.6%), 76.0 MBs/sec
SSSD	UNKNOWN STEP	2025-09-12T00:24:24.0609140Z Received 343932928 of 589018418 (58.4%), 82.0 MBs/sec
SSSD	UNKNOWN STEP	2025-09-12T00:24:25.0616187Z Received 465567744 of 589018418 (79.0%), 88.8 MBs/sec
SSSD	UNKNOWN STEP	2025-09-12T00:24:26.0622886Z Received 584824114 of 589018418 (99.3%), 92.9 MBs/sec
SSSD	UNKNOWN STEP	2025-09-12T00:24:26.2292266Z Received 589018418 of 589018418 (100.0%), 91.1 MBs/sec
SSSD	UNKNOWN STEP	2025-09-12T00:24:26.2295443Z Cache Size: ~562 MB (589018418 B)
SSSD	UNKNOWN STEP	2025-09-12T00:24:26.2402511Z [command]/usr/bin/tar -xf /home/runner/work/_temp/11535cb1-a0f8-497d-82cf-f9fd6ed68633/cache.tzst -P -C /home/runner/work/keycloak/keycloak --use-compress-program unzstd
SSSD	UNKNOWN STEP	2025-09-12T00:24:27.7667199Z Cache restored successfully
SSSD	UNKNOWN STEP	2025-09-12T00:24:27.8829043Z Cache restored from key: mvn-Linux-mvn-2025-36
SSSD	UNKNOWN STEP	2025-09-12T00:24:27.8964640Z Prepare all required actions
SSSD	UNKNOWN STEP	2025-09-12T00:24:27.8965113Z Getting action download info
SSSD	UNKNOWN STEP	2025-09-12T00:24:28.0875440Z ##[group]Run ./.github/actions/node-cache
SSSD	UNKNOWN STEP	2025-09-12T00:24:28.0875691Z env:
SSSD	UNKNOWN STEP	2025-09-12T00:24:28.0875956Z   MAVEN_ARGS: -B -nsu -Daether.connector.http.connectionMaxTtl=25
SSSD	UNKNOWN STEP	2025-09-12T00:24:28.0876292Z   SUREFIRE_RERUN_FAILING_COUNT: 2
SSSD	UNKNOWN STEP	2025-09-12T00:24:28.0876582Z   SUREFIRE_RETRY: -Dsurefire.rerunFailingTestsCount=2
SSSD	UNKNOWN STEP	2025-09-12T00:24:28.0876972Z   JAVA_HOME: /opt/hostedtoolcache/Java_Temurin-Hotspot_jdk/21.0.8-9/x64
SSSD	UNKNOWN STEP	2025-09-12T00:24:28.0877410Z   JAVA_HOME_21_X64: /opt/hostedtoolcache/Java_Temurin-Hotspot_jdk/21.0.8-9/x64
SSSD	UNKNOWN STEP	2025-09-12T00:24:28.0877741Z ##[endgroup]
SSSD	UNKNOWN STEP	2025-09-12T00:24:28.0891117Z ##[group]Run echo "node=$(cat js/pom.xml | grep '<node.version>' | cut -d '>' -f 2 | cut -d '<' -f 1 | cut -c 2-)" >> $GITHUB_OUTPUT
SSSD	UNKNOWN STEP	2025-09-12T00:24:28.0891777Z [36;1mecho "node=$(cat js/pom.xml | grep '<node.version>' | cut -d '>' -f 2 | cut -d '<' -f 1 | cut -c 2-)" >> $GITHUB_OUTPUT[0m
SSSD	UNKNOWN STEP	2025-09-12T00:24:28.0892370Z [36;1mecho "pnpm=$(cat js/pom.xml | grep '<pnpm.version>' | cut -d '>' -f 2 | cut -d '<' -f 1 | cut -c 1-)" >> $GITHUB_OUTPUT[0m
SSSD	UNKNOWN STEP	2025-09-12T00:24:28.0921981Z shell: /usr/bin/bash --noprofile --norc -e -o pipefail {0}
SSSD	UNKNOWN STEP	2025-09-12T00:24:28.0922285Z env:
SSSD	UNKNOWN STEP	2025-09-12T00:24:28.0922543Z   MAVEN_ARGS: -B -nsu -Daether.connector.http.connectionMaxTtl=25
SSSD	UNKNOWN STEP	2025-09-12T00:24:28.0923000Z   SUREFIRE_RERUN_FAILING_COUNT: 2
SSSD	UNKNOWN STEP	2025-09-12T00:24:28.0923304Z   SUREFIRE_RETRY: -Dsurefire.rerunFailingTestsCount=2
SSSD	UNKNOWN STEP	2025-09-12T00:24:28.0923699Z   JAVA_HOME: /opt/hostedtoolcache/Java_Temurin-Hotspot_jdk/21.0.8-9/x64
SSSD	UNKNOWN STEP	2025-09-12T00:24:28.0924132Z   JAVA_HOME_21_X64: /opt/hostedtoolcache/Java_Temurin-Hotspot_jdk/21.0.8-9/x64
SSSD	UNKNOWN STEP	2025-09-12T00:24:28.0924468Z ##[endgroup]
SSSD	UNKNOWN STEP	2025-09-12T00:24:28.1059749Z ##[group]Run actions/cache@5a3ec84eff668545956fd18022155c47e93e2684
SSSD	UNKNOWN STEP	2025-09-12T00:24:28.1060060Z with:
SSSD	UNKNOWN STEP	2025-09-12T00:24:28.1060401Z   path: ~/.m2/repository/com/github/eirslett/node
SSSD	UNKNOWN STEP	~/.m2/repository/com/github/eirslett/pnpm
SSSD	UNKNOWN STEP	
SSSD	UNKNOWN STEP	2025-09-12T00:24:28.1060872Z   key: Linux-frontend-plugin-artifacts-22.18.0-10.14.0
SSSD	UNKNOWN STEP	2025-09-12T00:24:28.1061190Z   enableCrossOsArchive: false
SSSD	UNKNOWN STEP	2025-09-12T00:24:28.1061423Z   fail-on-cache-miss: false
SSSD	UNKNOWN STEP	2025-09-12T00:24:28.1061643Z   lookup-only: false
SSSD	UNKNOWN STEP	2025-09-12T00:24:28.1061833Z   save-always: false
SSSD	UNKNOWN STEP	2025-09-12T00:24:28.1062003Z env:
SSSD	UNKNOWN STEP	2025-09-12T00:24:28.1062264Z   MAVEN_ARGS: -B -nsu -Daether.connector.http.connectionMaxTtl=25
SSSD	UNKNOWN STEP	2025-09-12T00:24:28.1062956Z   SUREFIRE_RERUN_FAILING_COUNT: 2
SSSD	UNKNOWN STEP	2025-09-12T00:24:28.1063400Z   SUREFIRE_RETRY: -Dsurefire.rerunFailingTestsCount=2
SSSD	UNKNOWN STEP	2025-09-12T00:24:28.1063804Z   JAVA_HOME: /opt/hostedtoolcache/Java_Temurin-Hotspot_jdk/21.0.8-9/x64
SSSD	UNKNOWN STEP	2025-09-12T00:24:28.1064245Z   JAVA_HOME_21_X64: /opt/hostedtoolcache/Java_Temurin-Hotspot_jdk/21.0.8-9/x64
SSSD	UNKNOWN STEP	2025-09-12T00:24:28.1064581Z ##[endgroup]
SSSD	UNKNOWN STEP	2025-09-12T00:24:28.4887888Z Cache hit for: Linux-frontend-plugin-artifacts-22.18.0-10.14.0
SSSD	UNKNOWN STEP	2025-09-12T00:24:29.7950041Z Received 4194304 of 89550697 (4.7%), 4.0 MBs/sec
SSSD	UNKNOWN STEP	2025-09-12T00:24:30.5869139Z Received 89550697 of 89550697 (100.0%), 47.7 MBs/sec
SSSD	UNKNOWN STEP	2025-09-12T00:24:30.5871495Z Cache Size: ~85 MB (89550697 B)
SSSD	UNKNOWN STEP	2025-09-12T00:24:30.5968985Z [command]/usr/bin/tar -xf /home/runner/work/_temp/97c44a33-18e9-458a-8903-0c312aeaef1c/cache.tzst -P -C /home/runner/work/keycloak/keycloak --use-compress-program unzstd
SSSD	UNKNOWN STEP	2025-09-12T00:24:30.8401570Z Cache restored successfully
SSSD	UNKNOWN STEP	2025-09-12T00:24:30.8654028Z Cache restored from key: Linux-frontend-plugin-artifacts-22.18.0-10.14.0
SSSD	UNKNOWN STEP	2025-09-12T00:24:30.8767311Z Prepare all required actions
SSSD	UNKNOWN STEP	2025-09-12T00:24:30.8767613Z Getting action download info
SSSD	UNKNOWN STEP	2025-09-12T00:24:31.0588038Z ##[group]Run ./.github/actions/pnpm-store-cache
SSSD	UNKNOWN STEP	2025-09-12T00:24:31.0588320Z env:
SSSD	UNKNOWN STEP	2025-09-12T00:24:31.0588609Z   MAVEN_ARGS: -B -nsu -Daether.connector.http.connectionMaxTtl=25
SSSD	UNKNOWN STEP	2025-09-12T00:24:31.0588971Z   SUREFIRE_RERUN_FAILING_COUNT: 2
SSSD	UNKNOWN STEP	2025-09-12T00:24:31.0589259Z   SUREFIRE_RETRY: -Dsurefire.rerunFailingTestsCount=2
SSSD	UNKNOWN STEP	2025-09-12T00:24:31.0589667Z   JAVA_HOME: /opt/hostedtoolcache/Java_Temurin-Hotspot_jdk/21.0.8-9/x64
SSSD	UNKNOWN STEP	2025-09-12T00:24:31.0590298Z   JAVA_HOME_21_X64: /opt/hostedtoolcache/Java_Temurin-Hotspot_jdk/21.0.8-9/x64
SSSD	UNKNOWN STEP	2025-09-12T00:24:31.0590644Z ##[endgroup]
SSSD	UNKNOWN STEP	2025-09-12T00:24:31.0603707Z ##[group]Run echo "key=pnpm-store-`date -u "+%Y-%U"`" >> $GITHUB_OUTPUT
SSSD	UNKNOWN STEP	2025-09-12T00:24:31.0604146Z [36;1mecho "key=pnpm-store-`date -u "+%Y-%U"`" >> $GITHUB_OUTPUT[0m
SSSD	UNKNOWN STEP	2025-09-12T00:24:31.0634049Z shell: /usr/bin/bash --noprofile --norc -e -o pipefail {0}
SSSD	UNKNOWN STEP	2025-09-12T00:24:31.0634370Z env:
SSSD	UNKNOWN STEP	2025-09-12T00:24:31.0634643Z   MAVEN_ARGS: -B -nsu -Daether.connector.http.connectionMaxTtl=25
SSSD	UNKNOWN STEP	2025-09-12T00:24:31.0634990Z   SUREFIRE_RERUN_FAILING_COUNT: 2
SSSD	UNKNOWN STEP	2025-09-12T00:24:31.0635285Z   SUREFIRE_RETRY: -Dsurefire.rerunFailingTestsCount=2
SSSD	UNKNOWN STEP	2025-09-12T00:24:31.0635681Z   JAVA_HOME: /opt/hostedtoolcache/Java_Temurin-Hotspot_jdk/21.0.8-9/x64
SSSD	UNKNOWN STEP	2025-09-12T00:24:31.0636126Z   JAVA_HOME_21_X64: /opt/hostedtoolcache/Java_Temurin-Hotspot_jdk/21.0.8-9/x64
SSSD	UNKNOWN STEP	2025-09-12T00:24:31.0636470Z ##[endgroup]
SSSD	UNKNOWN STEP	2025-09-12T00:24:31.0733001Z ##[group]Run actions/cache@5a3ec84eff668545956fd18022155c47e93e2684
SSSD	UNKNOWN STEP	2025-09-12T00:24:31.0733344Z with:
SSSD	UNKNOWN STEP	2025-09-12T00:24:31.0733667Z   path: ~/.local/share/pnpm/store
SSSD	UNKNOWN STEP	~/AppData/Local/pnpm/store
SSSD	UNKNOWN STEP	~/Library/pnpm/store
SSSD	UNKNOWN STEP	
SSSD	UNKNOWN STEP	2025-09-12T00:24:31.0734060Z   key: Linux-pnpm-store-2025-36
SSSD	UNKNOWN STEP	2025-09-12T00:24:31.0734312Z   enableCrossOsArchive: false
SSSD	UNKNOWN STEP	2025-09-12T00:24:31.0734548Z   fail-on-cache-miss: false
SSSD	UNKNOWN STEP	2025-09-12T00:24:31.0734777Z   lookup-only: false
SSSD	UNKNOWN STEP	2025-09-12T00:24:31.0734970Z   save-always: false
SSSD	UNKNOWN STEP	2025-09-12T00:24:31.0735152Z env:
SSSD	UNKNOWN STEP	2025-09-12T00:24:31.0735409Z   MAVEN_ARGS: -B -nsu -Daether.connector.http.connectionMaxTtl=25
SSSD	UNKNOWN STEP	2025-09-12T00:24:31.0735746Z   SUREFIRE_RERUN_FAILING_COUNT: 2
SSSD	UNKNOWN STEP	2025-09-12T00:24:31.0736037Z   SUREFIRE_RETRY: -Dsurefire.rerunFailingTestsCount=2
SSSD	UNKNOWN STEP	2025-09-12T00:24:31.0736442Z   JAVA_HOME: /opt/hostedtoolcache/Java_Temurin-Hotspot_jdk/21.0.8-9/x64
SSSD	UNKNOWN STEP	2025-09-12T00:24:31.0737044Z   JAVA_HOME_21_X64: /opt/hostedtoolcache/Java_Temurin-Hotspot_jdk/21.0.8-9/x64
SSSD	UNKNOWN STEP	2025-09-12T00:24:31.0737389Z ##[endgroup]
SSSD	UNKNOWN STEP	2025-09-12T00:24:31.4597446Z Cache hit for: Linux-pnpm-store-2025-36
SSSD	UNKNOWN STEP	2025-09-12T00:24:32.7719272Z Received 0 of 134018918 (0.0%), 0.0 MBs/sec
SSSD	UNKNOWN STEP	2025-09-12T00:24:33.7744078Z Received 130023424 of 134018918 (97.0%), 62.0 MBs/sec
SSSD	UNKNOWN STEP	2025-09-12T00:24:33.8638063Z Received 134018918 of 134018918 (100.0%), 61.1 MBs/sec
SSSD	UNKNOWN STEP	2025-09-12T00:24:33.8641445Z Cache Size: ~128 MB (134018918 B)
SSSD	UNKNOWN STEP	2025-09-12T00:24:33.8708520Z [command]/usr/bin/tar -xf /home/runner/work/_temp/ea9a0435-5e32-46c3-b6b8-29209366f9b7/cache.tzst -P -C /home/runner/work/keycloak/keycloak --use-compress-program unzstd
SSSD	UNKNOWN STEP	2025-09-12T00:24:36.3884786Z Cache restored successfully
SSSD	UNKNOWN STEP	2025-09-12T00:24:36.4221405Z Cache restored from key: Linux-pnpm-store-2025-36
SSSD	UNKNOWN STEP	2025-09-12T00:24:36.4343241Z ##[group]Run actions/download-artifact@d3f86a106a0bac45b974a628896c90dbdf5c8093
SSSD	UNKNOWN STEP	2025-09-12T00:24:36.4343637Z with:
SSSD	UNKNOWN STEP	2025-09-12T00:24:36.4343826Z   name: m2-keycloak.tzts
SSSD	UNKNOWN STEP	2025-09-12T00:24:36.4344049Z   merge-multiple: false
SSSD	UNKNOWN STEP	2025-09-12T00:24:36.4344268Z   repository: keycloak/keycloak
SSSD	UNKNOWN STEP	2025-09-12T00:24:36.4344500Z   run-id: 17660696024
SSSD	UNKNOWN STEP	2025-09-12T00:24:36.4344704Z env:
SSSD	UNKNOWN STEP	2025-09-12T00:24:36.4344976Z   MAVEN_ARGS: -B -nsu -Daether.connector.http.connectionMaxTtl=25
SSSD	UNKNOWN STEP	2025-09-12T00:24:36.4345328Z   SUREFIRE_RERUN_FAILING_COUNT: 2
SSSD	UNKNOWN STEP	2025-09-12T00:24:36.4345615Z   SUREFIRE_RETRY: -Dsurefire.rerunFailingTestsCount=2
SSSD	UNKNOWN STEP	2025-09-12T00:24:36.4346218Z   JAVA_HOME: /opt/hostedtoolcache/Java_Temurin-Hotspot_jdk/21.0.8-9/x64
SSSD	UNKNOWN STEP	2025-09-12T00:24:36.4346692Z   JAVA_HOME_21_X64: /opt/hostedtoolcache/Java_Temurin-Hotspot_jdk/21.0.8-9/x64
SSSD	UNKNOWN STEP	2025-09-12T00:24:36.4347034Z ##[endgroup]
SSSD	UNKNOWN STEP	2025-09-12T00:24:36.6256102Z Downloading single artifact
SSSD	UNKNOWN STEP	2025-09-12T00:24:36.9310020Z Preparing to download the following artifacts:
SSSD	UNKNOWN STEP	2025-09-12T00:24:36.9311151Z - m2-keycloak.tzts (ID: 3991713065, Size: 397933584, Expected Digest: sha256:48b543bb2671784718ac40d4ee23fc42883f828bbae8016486a61135a5a3f69d)
SSSD	UNKNOWN STEP	2025-09-12T00:24:37.1352540Z Redirecting to blob download url: https://productionresultssa4.blob.core.windows.net/actions-results/1a5eb3d4-0d74-411b-a1f6-bfc9d87cc710/workflow-job-run-aa3d654d-1e23-5449-87e9-f1a2aa0ef724/artifacts/edc4cfb0355d37e325eaae6eb235756b36f79720f66ece617babf28220e9d051.zip
SSSD	UNKNOWN STEP	2025-09-12T00:24:37.1356431Z Starting download of artifact to: /home/runner/work/keycloak/keycloak
SSSD	UNKNOWN STEP	2025-09-12T00:24:37.5050452Z (node:2140) [DEP0005] DeprecationWarning: Buffer() is deprecated due to security and usability issues. Please use the Buffer.alloc(), Buffer.allocUnsafe(), or Buffer.from() methods instead.
SSSD	UNKNOWN STEP	2025-09-12T00:24:37.5051491Z (Use `node --trace-deprecation ...` to show where the warning was created)
SSSD	UNKNOWN STEP	2025-09-12T00:24:53.4878058Z SHA256 digest of downloaded artifact is 48b543bb2671784718ac40d4ee23fc42883f828bbae8016486a61135a5a3f69d
SSSD	UNKNOWN STEP	2025-09-12T00:24:53.4878777Z Artifact download completed successfully.
SSSD	UNKNOWN STEP	2025-09-12T00:24:53.4879138Z Total of 1 artifact(s) downloaded
SSSD	UNKNOWN STEP	2025-09-12T00:24:53.4887528Z Download artifact has finished successfully
SSSD	UNKNOWN STEP	2025-09-12T00:24:53.5006860Z ##[group]Run if [ "$RUNNER_OS" == "Windows" ]; then
SSSD	UNKNOWN STEP	2025-09-12T00:24:53.5007218Z [36;1mif [ "$RUNNER_OS" == "Windows" ]; then[0m
SSSD	UNKNOWN STEP	2025-09-12T00:24:53.5007641Z [36;1m  # zstd binary might be missing in older versions, install only when necessary[0m
SSSD	UNKNOWN STEP	2025-09-12T00:24:53.5008083Z [36;1m  which zstd > /dev/null || choco install zstandard[0m
SSSD	UNKNOWN STEP	2025-09-12T00:24:53.5008390Z [36;1mfi[0m
SSSD	UNKNOWN STEP	2025-09-12T00:24:53.5008691Z [36;1mtar -C ~/ --use-compress-program="zstd -d" -xf m2-keycloak.tzts[0m
SSSD	UNKNOWN STEP	2025-09-12T00:24:53.5038804Z shell: /usr/bin/bash --noprofile --norc -e -o pipefail {0}
SSSD	UNKNOWN STEP	2025-09-12T00:24:53.5039141Z env:
SSSD	UNKNOWN STEP	2025-09-12T00:24:53.5039431Z   MAVEN_ARGS: -B -nsu -Daether.connector.http.connectionMaxTtl=25
SSSD	UNKNOWN STEP	2025-09-12T00:24:53.5039804Z   SUREFIRE_RERUN_FAILING_COUNT: 2
SSSD	UNKNOWN STEP	2025-09-12T00:24:53.5040118Z   SUREFIRE_RETRY: -Dsurefire.rerunFailingTestsCount=2
SSSD	UNKNOWN STEP	2025-09-12T00:24:53.5040547Z   JAVA_HOME: /opt/hostedtoolcache/Java_Temurin-Hotspot_jdk/21.0.8-9/x64
SSSD	UNKNOWN STEP	2025-09-12T00:24:53.5041020Z   JAVA_HOME_21_X64: /opt/hostedtoolcache/Java_Temurin-Hotspot_jdk/21.0.8-9/x64
SSSD	UNKNOWN STEP	2025-09-12T00:24:53.5041387Z ##[endgroup]
SSSD	UNKNOWN STEP	2025-09-12T00:24:54.1098577Z ##[group]Run echo "key=ipa-data-`date -u "+%Y-%U"`" >> $GITHUB_OUTPUT
SSSD	UNKNOWN STEP	2025-09-12T00:24:54.1099082Z [36;1mecho "key=ipa-data-`date -u "+%Y-%U"`" >> $GITHUB_OUTPUT[0m
SSSD	UNKNOWN STEP	2025-09-12T00:24:54.1129129Z shell: /usr/bin/bash --noprofile --norc -e -o pipefail {0}
SSSD	UNKNOWN STEP	2025-09-12T00:24:54.1129471Z env:
SSSD	UNKNOWN STEP	2025-09-12T00:24:54.1129773Z   MAVEN_ARGS: -B -nsu -Daether.connector.http.connectionMaxTtl=25
SSSD	UNKNOWN STEP	2025-09-12T00:24:54.1130150Z   SUREFIRE_RERUN_FAILING_COUNT: 2
SSSD	UNKNOWN STEP	2025-09-12T00:24:54.1130475Z   SUREFIRE_RETRY: -Dsurefire.rerunFailingTestsCount=2
SSSD	UNKNOWN STEP	2025-09-12T00:24:54.1130922Z   JAVA_HOME: /opt/hostedtoolcache/Java_Temurin-Hotspot_jdk/21.0.8-9/x64
SSSD	UNKNOWN STEP	2025-09-12T00:24:54.1131400Z   JAVA_HOME_21_X64: /opt/hostedtoolcache/Java_Temurin-Hotspot_jdk/21.0.8-9/x64
SSSD	UNKNOWN STEP	2025-09-12T00:24:54.1131767Z ##[endgroup]
SSSD	UNKNOWN STEP	2025-09-12T00:24:54.1232027Z ##[group]Run actions/cache@0400d5f644dc74513175e3cd8d07132dd4860809
SSSD	UNKNOWN STEP	2025-09-12T00:24:54.1232548Z with:
SSSD	UNKNOWN STEP	2025-09-12T00:24:54.1232988Z   path: ~/ipa-data.tar
SSSD	UNKNOWN STEP	2025-09-12T00:24:54.1233212Z   key: ipa-data-2025-36
SSSD	UNKNOWN STEP	2025-09-12T00:24:54.1233438Z   enableCrossOsArchive: false
SSSD	UNKNOWN STEP	2025-09-12T00:24:54.1233696Z   fail-on-cache-miss: false
SSSD	UNKNOWN STEP	2025-09-12T00:24:54.1233922Z   lookup-only: false
SSSD	UNKNOWN STEP	2025-09-12T00:24:54.1234128Z   save-always: false
SSSD	UNKNOWN STEP	2025-09-12T00:24:54.1234327Z env:
SSSD	UNKNOWN STEP	2025-09-12T00:24:54.1234609Z   MAVEN_ARGS: -B -nsu -Daether.connector.http.connectionMaxTtl=25
SSSD	UNKNOWN STEP	2025-09-12T00:24:54.1234971Z   SUREFIRE_RERUN_FAILING_COUNT: 2
SSSD	UNKNOWN STEP	2025-09-12T00:24:54.1235276Z   SUREFIRE_RETRY: -Dsurefire.rerunFailingTestsCount=2
SSSD	UNKNOWN STEP	2025-09-12T00:24:54.1235694Z   JAVA_HOME: /opt/hostedtoolcache/Java_Temurin-Hotspot_jdk/21.0.8-9/x64
SSSD	UNKNOWN STEP	2025-09-12T00:24:54.1236152Z   JAVA_HOME_21_X64: /opt/hostedtoolcache/Java_Temurin-Hotspot_jdk/21.0.8-9/x64
SSSD	UNKNOWN STEP	2025-09-12T00:24:54.1236505Z ##[endgroup]
SSSD	UNKNOWN STEP	2025-09-12T00:24:54.5560022Z Cache hit for: ipa-data-2025-36
SSSD	UNKNOWN STEP	2025-09-12T00:24:55.9064793Z Received 0 of 5957319 (0.0%), 0.0 MBs/sec
SSSD	UNKNOWN STEP	2025-09-12T00:24:55.9964781Z Received 5957319 of 5957319 (100.0%), 5.2 MBs/sec
SSSD	UNKNOWN STEP	2025-09-12T00:24:55.9965597Z Cache Size: ~6 MB (5957319 B)
SSSD	UNKNOWN STEP	2025-09-12T00:24:55.9994230Z [command]/usr/bin/tar -xf /home/runner/work/_temp/e34a67f8-b87d-4b84-90c8-6b548b8258ed/cache.tzst -P -C /home/runner/work/keycloak/keycloak --use-compress-program unzstd
SSSD	UNKNOWN STEP	2025-09-12T00:24:57.5697078Z Cache restored successfully
SSSD	UNKNOWN STEP	2025-09-12T00:24:57.5788622Z Cache restored from key: ipa-data-2025-36
SSSD	UNKNOWN STEP	2025-09-12T00:24:57.5872898Z ##[group]Run .github/scripts/run-ipa.sh "/home/runner/work/keycloak/keycloak"
SSSD	UNKNOWN STEP	2025-09-12T00:24:57.5873555Z [36;1m.github/scripts/run-ipa.sh "/home/runner/work/keycloak/keycloak"[0m
SSSD	UNKNOWN STEP	2025-09-12T00:24:57.5903166Z shell: /usr/bin/bash --noprofile --norc -e -o pipefail {0}
SSSD	UNKNOWN STEP	2025-09-12T00:24:57.5903505Z env:
SSSD	UNKNOWN STEP	2025-09-12T00:24:57.5903801Z   MAVEN_ARGS: -B -nsu -Daether.connector.http.connectionMaxTtl=25
SSSD	UNKNOWN STEP	2025-09-12T00:24:57.5904178Z   SUREFIRE_RERUN_FAILING_COUNT: 2
SSSD	UNKNOWN STEP	2025-09-12T00:24:57.5904487Z   SUREFIRE_RETRY: -Dsurefire.rerunFailingTestsCount=2
SSSD	UNKNOWN STEP	2025-09-12T00:24:57.5904912Z   JAVA_HOME: /opt/hostedtoolcache/Java_Temurin-Hotspot_jdk/21.0.8-9/x64
SSSD	UNKNOWN STEP	2025-09-12T00:24:57.5905383Z   JAVA_HOME_21_X64: /opt/hostedtoolcache/Java_Temurin-Hotspot_jdk/21.0.8-9/x64
SSSD	UNKNOWN STEP	2025-09-12T00:24:57.5905763Z ##[endgroup]
SSSD	UNKNOWN STEP	2025-09-12T00:24:57.6746895Z Using data from previous execution
SSSD	UNKNOWN STEP	2025-09-12T00:24:58.9954568Z Starting ipa-server container
SSSD	UNKNOWN STEP	2025-09-12T00:25:04.6039678Z Resolving "freeipa/freeipa-server" using unqualified-search registries (/etc/containers/registries.conf)
SSSD	UNKNOWN STEP	2025-09-12T00:25:04.6040715Z Trying to pull docker.io/freeipa/freeipa-server:rocky-9...
SSSD	UNKNOWN STEP	2025-09-12T00:25:05.7655526Z Getting image source signatures
SSSD	UNKNOWN STEP	2025-09-12T00:25:05.7659705Z Copying blob sha256:aad57845c96ab0924c1e8839a43428ef971c7f73ea5a1dd021a756d88f70763b
SSSD	UNKNOWN STEP	2025-09-12T00:25:05.7660665Z Copying blob sha256:cd3a1030dfc2cafd7e31ab9368392754e400507902a9078c664b7bfc006b4962
SSSD	UNKNOWN STEP	2025-09-12T00:25:05.7661538Z Copying blob sha256:81f00a078474b390e3546c604377fc6d47f10ae4ecdc3ef002cdbc3dff858430
SSSD	UNKNOWN STEP	2025-09-12T00:25:05.7662367Z Copying blob sha256:863888a7792f234139566178cef52cb599f429b77686ec90f3ebf101a15ae430
SSSD	UNKNOWN STEP	2025-09-12T00:25:05.7663464Z Copying blob sha256:1b10a8fb3a3f3e4e3ec06c4d68854ecf050f99a68cdeeeecf516268bc36591d6
SSSD	UNKNOWN STEP	2025-09-12T00:25:05.7664452Z Copying blob sha256:399ebf5d195c8e2865701cbce406904e41d9d847978c99cba713a7e758caa09a
SSSD	UNKNOWN STEP	2025-09-12T00:25:05.9285580Z Copying blob sha256:cbd4bb8a6260da701e1ed386e51cd8f0cfd44fee736b8404352d5b3870ff970b
SSSD	UNKNOWN STEP	2025-09-12T00:25:06.0038116Z Copying blob sha256:3aca7358555698e69ac86c5d6d7d8d08883277b4a8058c5fd398cd35077aed9a
SSSD	UNKNOWN STEP	2025-09-12T00:25:06.0531175Z Copying blob sha256:41d3ba7b8d48892bc7db0cb7c260c034a4940204f4ef59f19a553f5de76075c0
SSSD	UNKNOWN STEP	2025-09-12T00:25:06.0751325Z Copying blob sha256:72558b63b25482168c917464780db0640beb1bb93ecd20391ada114b1e95ca90
SSSD	UNKNOWN STEP	2025-09-12T00:25:06.0793842Z Copying blob sha256:befe321aa4e4800f7eaa8ee52174f19fb8706cc8c2c4d8f1174ae6a00f8a7cd4
SSSD	UNKNOWN STEP	2025-09-12T00:25:06.1400756Z Copying blob sha256:16eefdc9bf7e623001698abf1963faa798fbeb6290b2a2908a10e6dfd08b1a91
SSSD	UNKNOWN STEP	2025-09-12T00:25:06.1693958Z Copying blob sha256:f557a989af8d6a631d6b0952f1ab07e7cf5a9eb777ee9abb02bbc0046577d545
SSSD	UNKNOWN STEP	2025-09-12T00:25:06.1777050Z Copying blob sha256:edf321c71b24d59f3f4f03f57238444f20b347bcabcbf383ff6a7c770eaeb1f9
SSSD	UNKNOWN STEP	2025-09-12T00:25:06.2135967Z Copying blob sha256:0abf258d671bdb75c24572ce9b7de046a9824ce243a083711046c7ba22dcd41a
SSSD	UNKNOWN STEP	2025-09-12T00:25:06.2686830Z Copying blob sha256:87abfa918bb324ce4f922501e0e8bc0ff299e9e3923f43cccbc7e3d64def78ac
SSSD	UNKNOWN STEP	2025-09-12T00:25:06.2825870Z Copying blob sha256:053a0e62ded2845ee7f36cdfff20ed17be34702f9d1318a1e8c9fef6454c88a7
SSSD	UNKNOWN STEP	2025-09-12T00:25:06.3284714Z Copying blob sha256:9ed7e40bb70f5b4189d01cf77db577331ae9b93a93233b8d5ca8382b829cd835
SSSD	UNKNOWN STEP	2025-09-12T00:25:06.3365164Z Copying blob sha256:36b67719fe88b50b6bb2c2a7143431e67757e21a363a40a6ebfbad3dfecc4d33
SSSD	UNKNOWN STEP	2025-09-12T00:25:06.4133377Z Copying blob sha256:2eec4ee9626aa19810998d06f41578f5681c6f4bbf8f36a1e6b40a05f352d9b7
SSSD	UNKNOWN STEP	2025-09-12T00:25:06.4408621Z Copying blob sha256:467e8a5af5d736c434a8cbce497410ae8dc9e8fb96307e6360461c5cdd4de4b1
SSSD	UNKNOWN STEP	2025-09-12T00:25:06.4489894Z Copying blob sha256:17b1df798df9ee168f6029d23d5409cb050c28293ca75724a6f8482ac6a81de7
SSSD	UNKNOWN STEP	2025-09-12T00:25:06.4915807Z Copying blob sha256:c1b1f74194d8089661cebee56e7a8562cb2eed2d0c4e96f2c6a8a2426f743d69
SSSD	UNKNOWN STEP	2025-09-12T00:25:06.5385786Z Copying blob sha256:c2a5ca2ca6e7278c9a2994c427ee611ef6b3fd36184c4bdb0f890854546b0f7f
SSSD	UNKNOWN STEP	2025-09-12T00:25:06.5711098Z Copying blob sha256:de7fa125ed11247c8ed280cd3f401ddc04bf487209f6f21316b1eb5d64bab90f
SSSD	UNKNOWN STEP	2025-09-12T00:25:06.5777997Z Copying blob sha256:7ecb2513e750dfb8b624ca71aebc08204f35178c0a73ba353f84c2308f747aa4
SSSD	UNKNOWN STEP	2025-09-12T00:25:06.6091330Z Copying blob sha256:8bc0fc8a6c6487785104475595238c7b4e096b4fc7d887bb037516ffcf3a6990
SSSD	UNKNOWN STEP	2025-09-12T00:25:06.7343712Z Copying blob sha256:8fe0dbeea2bf244ac9de4415e148cb8f9f3dd7ccf2d002afb0668b0217f0fd6e
SSSD	UNKNOWN STEP	2025-09-12T00:25:06.7755283Z Copying blob sha256:eb18e90efae457c2e801b685b0e812de1a7b9427c1633e083de7dc3dc6ef5c09
SSSD	UNKNOWN STEP	2025-09-12T00:25:06.8604658Z Copying blob sha256:ded9b154b2f8f82bae5208fe5ae936fcf65d14314d47fc34a55655b1ba79e49b
SSSD	UNKNOWN STEP	2025-09-12T00:25:06.9176337Z Copying blob sha256:b3284323082aac2e12a11cdc3c80d292e4bfffc6c7d849fc1d1d34232f9cd53a
SSSD	UNKNOWN STEP	2025-09-12T00:25:06.9867692Z Copying blob sha256:5d97735ea50d0456f5cf52763b4158fb63dc3b4a9fcedf3d5440414c213694a8
SSSD	UNKNOWN STEP	2025-09-12T00:25:06.9917851Z Copying blob sha256:6e313b52542a2305e2b811cea955874b8e2bdcc74e3fb9a0365fc6d628c982a6
SSSD	UNKNOWN STEP	2025-09-12T00:25:07.0169453Z Copying blob sha256:b299c04f294455fa9c3e70f3ce90095c0a23c2cd7ca98b74583082c856979149
SSSD	UNKNOWN STEP	2025-09-12T00:25:07.0461820Z Copying blob sha256:c2c0e7fe5ca8e9464215d65f9b8a83db966c3b4913ce49b628c5a13cdc7da06a
SSSD	UNKNOWN STEP	2025-09-12T00:25:07.1081455Z Copying blob sha256:27913083d3971213070a411103b030850555d546a74aaf646447fe4bbec6e37a
SSSD	UNKNOWN STEP	2025-09-12T00:25:07.1240397Z Copying blob sha256:e4e19896ca07453a6e03d17d5f820db13e7e956fd7bfd3a2c34902e6052485bd
SSSD	UNKNOWN STEP	2025-09-12T00:25:07.1484165Z Copying blob sha256:1ec9b91b47554a334b22b84f33951f415c70c965ac414d323f493c42cbc65ae0
SSSD	UNKNOWN STEP	2025-09-12T00:25:07.2022389Z Copying blob sha256:3b0a2b2c8d6c19ecd008f515972fed85960da42a5490f2c2f26a3a7e8a445593
SSSD	UNKNOWN STEP	2025-09-12T00:25:07.2373614Z Copying blob sha256:37996c31357720f289f75d5fb6c9dcc3c80a035186af979cf2d31d5634ca311d
SSSD	UNKNOWN STEP	2025-09-12T00:25:07.2555150Z Copying blob sha256:9230b457b1f7ed4084b89355741de0ab512a6800c2bbb12e7930331461b998dc
SSSD	UNKNOWN STEP	2025-09-12T00:25:07.3313717Z Copying blob sha256:1df6dca60aad4ce532283e7767eba354290ed236f7a2d15246428f63c24ca5b6
SSSD	UNKNOWN STEP	2025-09-12T00:25:07.3353204Z Copying blob sha256:3f9d1a24e7d080cb14bc13175a89c73a713e704793888b519e823ff3a48fc477
SSSD	UNKNOWN STEP	2025-09-12T00:25:07.3866345Z Copying blob sha256:c3a79ecd3a9cd2b5defece30a2ee80d6da6eaea9d099b9190ad00c46a621ac7d
SSSD	UNKNOWN STEP	2025-09-12T00:25:07.4588518Z Copying blob sha256:0aa7a8fbed7549e82a583a4d584005f97bbeb48624e9fefa4369299b5603f48e
SSSD	UNKNOWN STEP	2025-09-12T00:25:07.4627848Z Copying blob sha256:1b4bb24cd754dea3287018e294f720c12ef5c963d1f63b72b30327cfaae51155
SSSD	UNKNOWN STEP	2025-09-12T00:25:07.5164848Z Copying blob sha256:f36eefd0691114aff1574fe6997972f21515c4a25e66fff0fcb8134750eb75ed
SSSD	UNKNOWN STEP	2025-09-12T00:25:07.5725606Z Copying blob sha256:e939b83eda6466ee9d2ed88e3fc517f301c0b8c0e845727cb62f68eefc620b98
SSSD	UNKNOWN STEP	2025-09-12T00:25:07.5818008Z Copying blob sha256:ada5ee4e9551027b549507ad10d46581c7b8835a9841ba7d12aa4541474eb5c3
SSSD	UNKNOWN STEP	2025-09-12T00:25:16.7739615Z Copying config sha256:4a0baec55327575424954d7281fc2eb64f77c049321c2cbf1555d08c98aa94ef
SSSD	UNKNOWN STEP	2025-09-12T00:25:16.7760044Z Writing manifest to image destination
SSSD	UNKNOWN STEP	2025-09-12T00:25:17.0596549Z Container d850f93e6c1a49a0ece6aa5de2f311ee111c208f9a51fc372c13cb928e704d1f started, waiting ipa-server configuration
SSSD	UNKNOWN STEP	2025-09-12T00:25:47.0994667Z Error: no container with name or ID "d850f93e6c1a49a0ece6aa5de2f311ee111c208f9a51fc372c13cb928e704d1f" found: no such container
SSSD	UNKNOWN STEP	2025-09-12T00:26:17.1444422Z Error: no container with name or ID "d850f93e6c1a49a0ece6aa5de2f311ee111c208f9a51fc372c13cb928e704d1f" found: no such container
SSSD	UNKNOWN STEP	2025-09-12T00:26:17.1490275Z ##[error]Process completed with exit code 1.
SSSD	UNKNOWN STEP	2025-09-12T00:26:17.1545999Z Prepare all required actions
SSSD	UNKNOWN STEP	2025-09-12T00:26:17.1546390Z Getting action download info
SSSD	UNKNOWN STEP	2025-09-12T00:26:17.4894189Z Download action repository 'actions/upload-artifact@ea165f8d65b6e75b540449e92b4886f43607fa02' (SHA:ea165f8d65b6e75b540449e92b4886f43607fa02)
SSSD	UNKNOWN STEP	2025-09-12T00:26:17.6176645Z ##[group]Run ./.github/actions/archive-surefire-reports
SSSD	UNKNOWN STEP	2025-09-12T00:26:17.6177118Z with:
SSSD	UNKNOWN STEP	2025-09-12T00:26:17.6177312Z   job-id: sssd-unit-tests
SSSD	UNKNOWN STEP	2025-09-12T00:26:17.6177732Z   release-branches: ["refs/heads/release/22.0","refs/heads/release/24.0","refs/heads/release/26.0"]
SSSD	UNKNOWN STEP	2025-09-12T00:26:17.6178167Z   keep-days: 1
SSSD	UNKNOWN STEP	2025-09-12T00:26:17.6178355Z env:
SSSD	UNKNOWN STEP	2025-09-12T00:26:17.6178638Z   MAVEN_ARGS: -B -nsu -Daether.connector.http.connectionMaxTtl=25
SSSD	UNKNOWN STEP	2025-09-12T00:26:17.6179000Z   SUREFIRE_RERUN_FAILING_COUNT: 2
SSSD	UNKNOWN STEP	2025-09-12T00:26:17.6179309Z   SUREFIRE_RETRY: -Dsurefire.rerunFailingTestsCount=2
SSSD	UNKNOWN STEP	2025-09-12T00:26:17.6179729Z   JAVA_HOME: /opt/hostedtoolcache/Java_Temurin-Hotspot_jdk/21.0.8-9/x64
SSSD	UNKNOWN STEP	2025-09-12T00:26:17.6180225Z   JAVA_HOME_21_X64: /opt/hostedtoolcache/Java_Temurin-Hotspot_jdk/21.0.8-9/x64
SSSD	UNKNOWN STEP	2025-09-12T00:26:17.6180589Z ##[endgroup]
SSSD	UNKNOWN STEP	2025-09-12T00:26:17.6196290Z ##[group]Run echo "dirs<<EOF" >> $GITHUB_OUTPUT
SSSD	UNKNOWN STEP	2025-09-12T00:26:17.6196632Z [36;1mecho "dirs<<EOF" >> $GITHUB_OUTPUT[0m
SSSD	UNKNOWN STEP	2025-09-12T00:26:17.6197055Z [36;1mecho "$(find ~+ -type d -not -empty -name surefire-reports*)" >> $GITHUB_OUTPUT [0m
SSSD	UNKNOWN STEP	2025-09-12T00:26:17.6197470Z [36;1mecho "EOF" >> $GITHUB_OUTPUT[0m
SSSD	UNKNOWN STEP	2025-09-12T00:26:17.6226790Z shell: /usr/bin/bash --noprofile --norc -e -o pipefail {0}
SSSD	UNKNOWN STEP	2025-09-12T00:26:17.6227125Z env:
SSSD	UNKNOWN STEP	2025-09-12T00:26:17.6227412Z   MAVEN_ARGS: -B -nsu -Daether.connector.http.connectionMaxTtl=25
SSSD	UNKNOWN STEP	2025-09-12T00:26:17.6227775Z   SUREFIRE_RERUN_FAILING_COUNT: 2
SSSD	UNKNOWN STEP	2025-09-12T00:26:17.6228093Z   SUREFIRE_RETRY: -Dsurefire.rerunFailingTestsCount=2
SSSD	UNKNOWN STEP	2025-09-12T00:26:17.6228520Z   JAVA_HOME: /opt/hostedtoolcache/Java_Temurin-Hotspot_jdk/21.0.8-9/x64
SSSD	UNKNOWN STEP	2025-09-12T00:26:17.6228989Z   JAVA_HOME_21_X64: /opt/hostedtoolcache/Java_Temurin-Hotspot_jdk/21.0.8-9/x64
SSSD	UNKNOWN STEP	2025-09-12T00:26:17.6229347Z ##[endgroup]
SSSD	UNKNOWN STEP	2025-09-12T00:26:17.6926012Z Post job cleanup.
SSSD	UNKNOWN STEP	2025-09-12T00:26:17.6968974Z Post job cleanup.
SSSD	UNKNOWN STEP	2025-09-12T00:26:17.8685891Z Post job cleanup.
SSSD	UNKNOWN STEP	2025-09-12T00:26:17.9455604Z [command]/usr/bin/git version
SSSD	UNKNOWN STEP	2025-09-12T00:26:17.9494498Z git version 2.51.0
SSSD	UNKNOWN STEP	2025-09-12T00:26:17.9564102Z Temporarily overriding HOME='/home/runner/work/_temp/ee14e847-7d20-4f36-9dee-6d1894854f19' before making global git config changes
SSSD	UNKNOWN STEP	2025-09-12T00:26:17.9565521Z Adding repository directory to the temporary git global config as a safe directory
SSSD	UNKNOWN STEP	2025-09-12T00:26:17.9569587Z [command]/usr/bin/git config --global --add safe.directory /home/runner/work/keycloak/keycloak
SSSD	UNKNOWN STEP	2025-09-12T00:26:17.9605435Z [command]/usr/bin/git config --local --name-only --get-regexp core\.sshCommand
SSSD	UNKNOWN STEP	2025-09-12T00:26:17.9638077Z [command]/usr/bin/git submodule foreach --recursive sh -c "git config --local --name-only --get-regexp 'core\.sshCommand' && git config --local --unset-all 'core.sshCommand' || :"
SSSD	UNKNOWN STEP	2025-09-12T00:26:17.9900467Z [command]/usr/bin/git config --local --name-only --get-regexp http\.https\:\/\/github\.com\/\.extraheader
SSSD	UNKNOWN STEP	2025-09-12T00:26:17.9923288Z http.https://github.com/.extraheader
SSSD	UNKNOWN STEP	2025-09-12T00:26:17.9933573Z [command]/usr/bin/git config --local --unset-all http.https://github.com/.extraheader
SSSD	UNKNOWN STEP	2025-09-12T00:26:17.9966987Z [command]/usr/bin/git submodule foreach --recursive sh -c "git config --local --name-only --get-regexp 'http\.https\:\/\/github\.com\/\.extraheader' && git config --local --unset-all 'http.https://github.com/.extraheader' || :"
SSSD	UNKNOWN STEP	2025-09-12T00:26:18.0333753Z Cleaning up orphan processes
SSSD	UNKNOWN STEP	2025-09-12T00:26:18.0621717Z Terminate orphan process: pid (2196) (catatonit)
Status Check - Keycloak CI	UNKNOWN STEP	ï»¿2025-09-12T01:31:37.8273652Z Current runner version: '2.328.0'
Status Check - Keycloak CI	UNKNOWN STEP	2025-09-12T01:31:37.8305746Z ##[group]Runner Image Provisioner
Status Check - Keycloak CI	UNKNOWN STEP	2025-09-12T01:31:37.8307226Z Hosted Compute Agent
Status Check - Keycloak CI	UNKNOWN STEP	2025-09-12T01:31:37.8308172Z Version: 20250829.383
Status Check - Keycloak CI	UNKNOWN STEP	2025-09-12T01:31:37.8309153Z Commit: 27cb235aab5b0e52e153a26cd86b4742e89dac5d
Status Check - Keycloak CI	UNKNOWN STEP	2025-09-12T01:31:37.8310190Z Build Date: 2025-08-29T13:48:48Z
Status Check - Keycloak CI	UNKNOWN STEP	2025-09-12T01:31:37.8311254Z ##[endgroup]
Status Check - Keycloak CI	UNKNOWN STEP	2025-09-12T01:31:37.8312049Z ##[group]Operating System
Status Check - Keycloak CI	UNKNOWN STEP	2025-09-12T01:31:37.8312918Z Ubuntu
Status Check - Keycloak CI	UNKNOWN STEP	2025-09-12T01:31:37.8313698Z 24.04.3
Status Check - Keycloak CI	UNKNOWN STEP	2025-09-12T01:31:37.8314394Z LTS
Status Check - Keycloak CI	UNKNOWN STEP	2025-09-12T01:31:37.8315168Z ##[endgroup]
Status Check - Keycloak CI	UNKNOWN STEP	2025-09-12T01:31:37.8315943Z ##[group]Runner Image
Status Check - Keycloak CI	UNKNOWN STEP	2025-09-12T01:31:37.8317040Z Image: ubuntu-24.04
Status Check - Keycloak CI	UNKNOWN STEP	2025-09-12T01:31:37.8317844Z Version: 20250907.24.1
Status Check - Keycloak CI	UNKNOWN STEP	2025-09-12T01:31:37.8319637Z Included Software: https://github.com/actions/runner-images/blob/ubuntu24/20250907.24/images/ubuntu/Ubuntu2404-Readme.md
Status Check - Keycloak CI	UNKNOWN STEP	2025-09-12T01:31:37.8322171Z Image Release: https://github.com/actions/runner-images/releases/tag/ubuntu24%2F20250907.24
Status Check - Keycloak CI	UNKNOWN STEP	2025-09-12T01:31:37.8323966Z ##[endgroup]
Status Check - Keycloak CI	UNKNOWN STEP	2025-09-12T01:31:37.8325460Z ##[group]GITHUB_TOKEN Permissions
Status Check - Keycloak CI	UNKNOWN STEP	2025-09-12T01:31:37.8328095Z Contents: read
Status Check - Keycloak CI	UNKNOWN STEP	2025-09-12T01:31:37.8328918Z Metadata: read
Status Check - Keycloak CI	UNKNOWN STEP	2025-09-12T01:31:37.8329616Z ##[endgroup]
Status Check - Keycloak CI	UNKNOWN STEP	2025-09-12T01:31:37.8332769Z Secret source: Actions
Status Check - Keycloak CI	UNKNOWN STEP	2025-09-12T01:31:37.8334269Z Prepare workflow directory
Status Check - Keycloak CI	UNKNOWN STEP	2025-09-12T01:31:37.8892531Z Prepare all required actions
Status Check - Keycloak CI	UNKNOWN STEP	2025-09-12T01:31:37.8947551Z Getting action download info
Status Check - Keycloak CI	UNKNOWN STEP	2025-09-12T01:31:38.1670431Z Download action repository 'actions/checkout@08c6903cd8c0fde910a37f88322edcfb5dd907a8' (SHA:08c6903cd8c0fde910a37f88322edcfb5dd907a8)
Status Check - Keycloak CI	UNKNOWN STEP	2025-09-12T01:31:38.2909522Z Complete job name: Status Check - Keycloak CI
Status Check - Keycloak CI	UNKNOWN STEP	2025-09-12T01:31:38.3665778Z ##[group]Run actions/checkout@08c6903cd8c0fde910a37f88322edcfb5dd907a8
Status Check - Keycloak CI	UNKNOWN STEP	2025-09-12T01:31:38.3666958Z with:
Status Check - Keycloak CI	UNKNOWN STEP	2025-09-12T01:31:38.3667358Z   repository: keycloak/keycloak
Status Check - Keycloak CI	UNKNOWN STEP	2025-09-12T01:31:38.3667977Z   token: ***
Status Check - Keycloak CI	UNKNOWN STEP	2025-09-12T01:31:38.3668346Z   ssh-strict: true
Status Check - Keycloak CI	UNKNOWN STEP	2025-09-12T01:31:38.3668725Z   ssh-user: git
Status Check - Keycloak CI	UNKNOWN STEP	2025-09-12T01:31:38.3669135Z   persist-credentials: true
Status Check - Keycloak CI	UNKNOWN STEP	2025-09-12T01:31:38.3669565Z   clean: true
Status Check - Keycloak CI	UNKNOWN STEP	2025-09-12T01:31:38.3669955Z   sparse-checkout-cone-mode: true
Status Check - Keycloak CI	UNKNOWN STEP	2025-09-12T01:31:38.3670430Z   fetch-depth: 1
Status Check - Keycloak CI	UNKNOWN STEP	2025-09-12T01:31:38.3670806Z   fetch-tags: false
Status Check - Keycloak CI	UNKNOWN STEP	2025-09-12T01:31:38.3671210Z   show-progress: true
Status Check - Keycloak CI	UNKNOWN STEP	2025-09-12T01:31:38.3671601Z   lfs: false
Status Check - Keycloak CI	UNKNOWN STEP	2025-09-12T01:31:38.3671970Z   submodules: false
Status Check - Keycloak CI	UNKNOWN STEP	2025-09-12T01:31:38.3672368Z   set-safe-directory: true
Status Check - Keycloak CI	UNKNOWN STEP	2025-09-12T01:31:38.3672983Z env:
Status Check - Keycloak CI	UNKNOWN STEP	2025-09-12T01:31:38.3673506Z   MAVEN_ARGS: -B -nsu -Daether.connector.http.connectionMaxTtl=25
Status Check - Keycloak CI	UNKNOWN STEP	2025-09-12T01:31:38.3674145Z   SUREFIRE_RERUN_FAILING_COUNT: 2
Status Check - Keycloak CI	UNKNOWN STEP	2025-09-12T01:31:38.3674712Z   SUREFIRE_RETRY: -Dsurefire.rerunFailingTestsCount=2
Status Check - Keycloak CI	UNKNOWN STEP	2025-09-12T01:31:38.3675266Z ##[endgroup]
Status Check - Keycloak CI	UNKNOWN STEP	2025-09-12T01:31:38.4569870Z Syncing repository: keycloak/keycloak
Status Check - Keycloak CI	UNKNOWN STEP	2025-09-12T01:31:38.4571519Z ##[group]Getting Git version info
Status Check - Keycloak CI	UNKNOWN STEP	2025-09-12T01:31:38.4572198Z Working directory is '/home/runner/work/keycloak/keycloak'
Status Check - Keycloak CI	UNKNOWN STEP	2025-09-12T01:31:38.4573145Z [command]/usr/bin/git version
Status Check - Keycloak CI	UNKNOWN STEP	2025-09-12T01:31:38.4589306Z git version 2.51.0
Status Check - Keycloak CI	UNKNOWN STEP	2025-09-12T01:31:38.4609153Z ##[endgroup]
Status Check - Keycloak CI	UNKNOWN STEP	2025-09-12T01:31:38.4622595Z Temporarily overriding HOME='/home/runner/work/_temp/dd93b590-b967-4878-8640-f79b09f5a876' before making global git config changes
Status Check - Keycloak CI	UNKNOWN STEP	2025-09-12T01:31:38.4624314Z Adding repository directory to the temporary git global config as a safe directory
Status Check - Keycloak CI	UNKNOWN STEP	2025-09-12T01:31:38.4626995Z [command]/usr/bin/git config --global --add safe.directory /home/runner/work/keycloak/keycloak
Status Check - Keycloak CI	UNKNOWN STEP	2025-09-12T01:31:38.4661779Z Deleting the contents of '/home/runner/work/keycloak/keycloak'
Status Check - Keycloak CI	UNKNOWN STEP	2025-09-12T01:31:38.4665445Z ##[group]Initializing the repository
Status Check - Keycloak CI	UNKNOWN STEP	2025-09-12T01:31:38.4670474Z [command]/usr/bin/git init /home/runner/work/keycloak/keycloak
Status Check - Keycloak CI	UNKNOWN STEP	2025-09-12T01:31:38.4736493Z hint: Using 'master' as the name for the initial branch. This default branch name
Status Check - Keycloak CI	UNKNOWN STEP	2025-09-12T01:31:38.4738083Z hint: is subject to change. To configure the initial branch name to use in all
Status Check - Keycloak CI	UNKNOWN STEP	2025-09-12T01:31:38.4739556Z hint: of your new repositories, which will suppress this warning, call:
Status Check - Keycloak CI	UNKNOWN STEP	2025-09-12T01:31:38.4740652Z hint:
Status Check - Keycloak CI	UNKNOWN STEP	2025-09-12T01:31:38.4741484Z hint: 	git config --global init.defaultBranch <name>
Status Check - Keycloak CI	UNKNOWN STEP	2025-09-12T01:31:38.4742507Z hint:
Status Check - Keycloak CI	UNKNOWN STEP	2025-09-12T01:31:38.4743503Z hint: Names commonly chosen instead of 'master' are 'main', 'trunk' and
Status Check - Keycloak CI	UNKNOWN STEP	2025-09-12T01:31:38.4745105Z hint: 'development'. The just-created branch can be renamed via this command:
Status Check - Keycloak CI	UNKNOWN STEP	2025-09-12T01:31:38.4746669Z hint:
Status Check - Keycloak CI	UNKNOWN STEP	2025-09-12T01:31:38.4747298Z hint: 	git branch -m <name>
Status Check - Keycloak CI	UNKNOWN STEP	2025-09-12T01:31:38.4748035Z hint:
Status Check - Keycloak CI	UNKNOWN STEP	2025-09-12T01:31:38.4749020Z hint: Disable this message with "git config set advice.defaultBranchName false"
Status Check - Keycloak CI	UNKNOWN STEP	2025-09-12T01:31:38.4750767Z Initialized empty Git repository in /home/runner/work/keycloak/keycloak/.git/
Status Check - Keycloak CI	UNKNOWN STEP	2025-09-12T01:31:38.4753418Z [command]/usr/bin/git remote add origin https://github.com/keycloak/keycloak
Status Check - Keycloak CI	UNKNOWN STEP	2025-09-12T01:31:38.4786353Z ##[endgroup]
Status Check - Keycloak CI	UNKNOWN STEP	2025-09-12T01:31:38.4787542Z ##[group]Disabling automatic garbage collection
Status Check - Keycloak CI	UNKNOWN STEP	2025-09-12T01:31:38.4790753Z [command]/usr/bin/git config --local gc.auto 0
Status Check - Keycloak CI	UNKNOWN STEP	2025-09-12T01:31:38.4817664Z ##[endgroup]
Status Check - Keycloak CI	UNKNOWN STEP	2025-09-12T01:31:38.4818824Z ##[group]Setting up auth
Status Check - Keycloak CI	UNKNOWN STEP	2025-09-12T01:31:38.4824517Z [command]/usr/bin/git config --local --name-only --get-regexp core\.sshCommand
Status Check - Keycloak CI	UNKNOWN STEP	2025-09-12T01:31:38.4855244Z [command]/usr/bin/git submodule foreach --recursive sh -c "git config --local --name-only --get-regexp 'core\.sshCommand' && git config --local --unset-all 'core.sshCommand' || :"
Status Check - Keycloak CI	UNKNOWN STEP	2025-09-12T01:31:38.5110853Z [command]/usr/bin/git config --local --name-only --get-regexp http\.https\:\/\/github\.com\/\.extraheader
Status Check - Keycloak CI	UNKNOWN STEP	2025-09-12T01:31:38.5139550Z [command]/usr/bin/git submodule foreach --recursive sh -c "git config --local --name-only --get-regexp 'http\.https\:\/\/github\.com\/\.extraheader' && git config --local --unset-all 'http.https://github.com/.extraheader' || :"
Status Check - Keycloak CI	UNKNOWN STEP	2025-09-12T01:31:38.5356844Z [command]/usr/bin/git config --local http.https://github.com/.extraheader AUTHORIZATION: basic ***
Status Check - Keycloak CI	UNKNOWN STEP	2025-09-12T01:31:38.5390459Z ##[endgroup]
Status Check - Keycloak CI	UNKNOWN STEP	2025-09-12T01:31:38.5391547Z ##[group]Fetching the repository
Status Check - Keycloak CI	UNKNOWN STEP	2025-09-12T01:31:38.5399078Z [command]/usr/bin/git -c protocol.version=2 fetch --no-tags --prune --no-recurse-submodules --depth=1 origin +73a4020baad67f6d0c676548cce47216dc0270a6:refs/remotes/origin/main
Status Check - Keycloak CI	UNKNOWN STEP	2025-09-12T01:31:41.7212263Z From https://github.com/keycloak/keycloak
Status Check - Keycloak CI	UNKNOWN STEP	2025-09-12T01:31:41.7214561Z  * [new ref]         73a4020baad67f6d0c676548cce47216dc0270a6 -> origin/main
Status Check - Keycloak CI	UNKNOWN STEP	2025-09-12T01:31:41.7244096Z ##[endgroup]
Status Check - Keycloak CI	UNKNOWN STEP	2025-09-12T01:31:41.7245990Z ##[group]Determining the checkout info
Status Check - Keycloak CI	UNKNOWN STEP	2025-09-12T01:31:41.7248540Z ##[endgroup]
Status Check - Keycloak CI	UNKNOWN STEP	2025-09-12T01:31:41.7251416Z [command]/usr/bin/git sparse-checkout disable
Status Check - Keycloak CI	UNKNOWN STEP	2025-09-12T01:31:41.7292512Z [command]/usr/bin/git config --local --unset-all extensions.worktreeConfig
Status Check - Keycloak CI	UNKNOWN STEP	2025-09-12T01:31:41.7321505Z ##[group]Checking out the ref
Status Check - Keycloak CI	UNKNOWN STEP	2025-09-12T01:31:41.7325012Z [command]/usr/bin/git checkout --progress --force -B main refs/remotes/origin/main
Status Check - Keycloak CI	UNKNOWN STEP	2025-09-12T01:31:42.5372713Z Switched to a new branch 'main'
Status Check - Keycloak CI	UNKNOWN STEP	2025-09-12T01:31:42.5374053Z branch 'main' set up to track 'origin/main'.
Status Check - Keycloak CI	UNKNOWN STEP	2025-09-12T01:31:42.5407186Z ##[endgroup]
Status Check - Keycloak CI	UNKNOWN STEP	2025-09-12T01:31:42.5445482Z [command]/usr/bin/git log -1 --format=%H
Status Check - Keycloak CI	UNKNOWN STEP	2025-09-12T01:31:42.5468440Z 73a4020baad67f6d0c676548cce47216dc0270a6
Status Check - Keycloak CI	UNKNOWN STEP	2025-09-12T01:31:42.5704601Z Prepare all required actions
Status Check - Keycloak CI	UNKNOWN STEP	2025-09-12T01:31:42.5770680Z ##[group]Run ./.github/actions/status-check
Status Check - Keycloak CI	UNKNOWN STEP	2025-09-12T01:31:42.5771025Z with:
Status Check - Keycloak CI	UNKNOWN STEP	2025-09-12T01:31:42.5775310Z   jobs: {
Status Check - Keycloak CI	UNKNOWN STEP	  "conditional": {
Status Check - Keycloak CI	UNKNOWN STEP	    "result": "success",
Status Check - Keycloak CI	UNKNOWN STEP	    "outputs": {
Status Check - Keycloak CI	UNKNOWN STEP	      "ci-store": "true",
Status Check - Keycloak CI	UNKNOWN STEP	      "ci-sssd": "true",
Status Check - Keycloak CI	UNKNOWN STEP	      "ci-webauthn": "true",
Status Check - Keycloak CI	UNKNOWN STEP	      "ci-aurora": "true",
Status Check - Keycloak CI	UNKNOWN STEP	      "ci": "true",
Status Check - Keycloak CI	UNKNOWN STEP	      "ci-quarkus": "true"
Status Check - Keycloak CI	UNKNOWN STEP	    }
Status Check - Keycloak CI	UNKNOWN STEP	  },
Status Check - Keycloak CI	UNKNOWN STEP	  "build": {
Status Check - Keycloak CI	UNKNOWN STEP	    "result": "success",
Status Check - Keycloak CI	UNKNOWN STEP	    "outputs": {}
Status Check - Keycloak CI	UNKNOWN STEP	  },
Status Check - Keycloak CI	UNKNOWN STEP	  "unit-tests": {
Status Check - Keycloak CI	UNKNOWN STEP	    "result": "success",
Status Check - Keycloak CI	UNKNOWN STEP	    "outputs": {}
Status Check - Keycloak CI	UNKNOWN STEP	  },
Status Check - Keycloak CI	UNKNOWN STEP	  "base-integration-tests": {
Status Check - Keycloak CI	UNKNOWN STEP	    "result": "success",
Status Check - Keycloak CI	UNKNOWN STEP	    "outputs": {}
Status Check - Keycloak CI	UNKNOWN STEP	  },
Status Check - Keycloak CI	UNKNOWN STEP	  "adapter-integration-tests": {
Status Check - Keycloak CI	UNKNOWN STEP	    "result": "success",
Status Check - Keycloak CI	UNKNOWN STEP	    "outputs": {}
Status Check - Keycloak CI	UNKNOWN STEP	  },
Status Check - Keycloak CI	UNKNOWN STEP	  "adapter-integration-tests-strict-cookies": {
Status Check - Keycloak CI	UNKNOWN STEP	    "result": "success",
Status Check - Keycloak CI	UNKNOWN STEP	    "outputs": {}
Status Check - Keycloak CI	UNKNOWN STEP	  },
Status Check - Keycloak CI	UNKNOWN STEP	  "quarkus-unit-tests": {
Status Check - Keycloak CI	UNKNOWN STEP	    "result": "success",
Status Check - Keycloak CI	UNKNOWN STEP	    "outputs": {}
Status Check - Keycloak CI	UNKNOWN STEP	  },
Status Check - Keycloak CI	UNKNOWN STEP	  "quarkus-integration-tests": {
Status Check - Keycloak CI	UNKNOWN STEP	    "result": "success",
Status Check - Keycloak CI	UNKNOWN STEP	    "outputs": {}
Status Check - Keycloak CI	UNKNOWN STEP	  },
Status Check - Keycloak CI	UNKNOWN STEP	  "jdk-integration-tests": {
Status Check - Keycloak CI	UNKNOWN STEP	    "result": "success",
Status Check - Keycloak CI	UNKNOWN STEP	    "outputs": {}
Status Check - Keycloak CI	UNKNOWN STEP	  },
Status Check - Keycloak CI	UNKNOWN STEP	  "store-integration-tests": {
Status Check - Keycloak CI	UNKNOWN STEP	    "result": "success",
Status Check - Keycloak CI	UNKNOWN STEP	    "outputs": {}
Status Check - Keycloak CI	UNKNOWN STEP	  },
Status Check - Keycloak CI	UNKNOWN STEP	  "volatile-sessions-tests": {
Status Check - Keycloak CI	UNKNOWN STEP	    "result": "success",
Status Check - Keycloak CI	UNKNOWN STEP	    "outputs": {}
Status Check - Keycloak CI	UNKNOWN STEP	  },
Status Check - Keycloak CI	UNKNOWN STEP	  "store-model-tests": {
Status Check - Keycloak CI	UNKNOWN STEP	    "result": "success",
Status Check - Keycloak CI	UNKNOWN STEP	    "outputs": {}
Status Check - Keycloak CI	UNKNOWN STEP	  },
Status Check - Keycloak CI	UNKNOWN STEP	  "clustering-integration-tests": {
Status Check - Keycloak CI	UNKNOWN STEP	    "result": "success",
Status Check - Keycloak CI	UNKNOWN STEP	    "outputs": {}
Status Check - Keycloak CI	UNKNOWN STEP	  },
Status Check - Keycloak CI	UNKNOWN STEP	  "fips-unit-tests": {
Status Check - Keycloak CI	UNKNOWN STEP	    "result": "success",
Status Check - Keycloak CI	UNKNOWN STEP	    "outputs": {}
Status Check - Keycloak CI	UNKNOWN STEP	  },
Status Check - Keycloak CI	UNKNOWN STEP	  "fips-integration-tests": {
Status Check - Keycloak CI	UNKNOWN STEP	    "result": "success",
Status Check - Keycloak CI	UNKNOWN STEP	    "outputs": {}
Status Check - Keycloak CI	UNKNOWN STEP	  },
Status Check - Keycloak CI	UNKNOWN STEP	  "forms-integration-tests": {
Status Check - Keycloak CI	UNKNOWN STEP	    "result": "success",
Status Check - Keycloak CI	UNKNOWN STEP	    "outputs": {}
Status Check - Keycloak CI	UNKNOWN STEP	  },
Status Check - Keycloak CI	UNKNOWN STEP	  "webauthn-integration-tests": {
Status Check - Keycloak CI	UNKNOWN STEP	    "result": "success",
Status Check - Keycloak CI	UNKNOWN STEP	    "outputs": {}
Status Check - Keycloak CI	UNKNOWN STEP	  },
Status Check - Keycloak CI	UNKNOWN STEP	  "sssd-unit-tests": {
Status Check - Keycloak CI	UNKNOWN STEP	    "result": "failure",
Status Check - Keycloak CI	UNKNOWN STEP	    "outputs": {}
Status Check - Keycloak CI	UNKNOWN STEP	  },
Status Check - Keycloak CI	UNKNOWN STEP	  "migration-tests": {
Status Check - Keycloak CI	UNKNOWN STEP	    "result": "success",
Status Check - Keycloak CI	UNKNOWN STEP	    "outputs": {}
Status Check - Keycloak CI	UNKNOWN STEP	  },
Status Check - Keycloak CI	UNKNOWN STEP	  "external-infinispan-tests": {
Status Check - Keycloak CI	UNKNOWN STEP	    "result": "success",
Status Check - Keycloak CI	UNKNOWN STEP	    "outputs": {}
Status Check - Keycloak CI	UNKNOWN STEP	  },
Status Check - Keycloak CI	UNKNOWN STEP	  "test-framework": {
Status Check - Keycloak CI	UNKNOWN STEP	    "result": "success",
Status Check - Keycloak CI	UNKNOWN STEP	    "outputs": {}
Status Check - Keycloak CI	UNKNOWN STEP	  },
Status Check - Keycloak CI	UNKNOWN STEP	  "base-new-integration-tests": {
Status Check - Keycloak CI	UNKNOWN STEP	    "result": "success",
Status Check - Keycloak CI	UNKNOWN STEP	    "outputs": {}
Status Check - Keycloak CI	UNKNOWN STEP	  },
Status Check - Keycloak CI	UNKNOWN STEP	  "mixed-cluster-compatibility-tests": {
Status Check - Keycloak CI	UNKNOWN STEP	    "result": "skipped",
Status Check - Keycloak CI	UNKNOWN STEP	    "outputs": {}
Status Check - Keycloak CI	UNKNOWN STEP	  }
Status Check - Keycloak CI	UNKNOWN STEP	}
Status Check - Keycloak CI	UNKNOWN STEP	2025-09-12T01:31:42.5780093Z env:
Status Check - Keycloak CI	UNKNOWN STEP	2025-09-12T01:31:42.5780410Z   MAVEN_ARGS: -B -nsu -Daether.connector.http.connectionMaxTtl=25
Status Check - Keycloak CI	UNKNOWN STEP	2025-09-12T01:31:42.5780798Z   SUREFIRE_RERUN_FAILING_COUNT: 2
Status Check - Keycloak CI	UNKNOWN STEP	2025-09-12T01:31:42.5781128Z   SUREFIRE_RETRY: -Dsurefire.rerunFailingTestsCount=2
Status Check - Keycloak CI	UNKNOWN STEP	2025-09-12T01:31:42.5781468Z ##[endgroup]
Status Check - Keycloak CI	UNKNOWN STEP	2025-09-12T01:31:42.5875621Z ##[group]Run JOBS='{
Status Check - Keycloak CI	UNKNOWN STEP	2025-09-12T01:31:42.5875980Z [36;1mJOBS='{[0m
Status Check - Keycloak CI	UNKNOWN STEP	2025-09-12T01:31:42.5876393Z [36;1m  "conditional": {[0m
Status Check - Keycloak CI	UNKNOWN STEP	2025-09-12T01:31:42.5876671Z [36;1m    "result": "success",[0m
Status Check - Keycloak CI	UNKNOWN STEP	2025-09-12T01:31:42.5876953Z [36;1m    "outputs": {[0m
Status Check - Keycloak CI	UNKNOWN STEP	2025-09-12T01:31:42.5877199Z [36;1m      "ci-store": "true",[0m
Status Check - Keycloak CI	UNKNOWN STEP	2025-09-12T01:31:42.5877489Z [36;1m      "ci-sssd": "true",[0m
Status Check - Keycloak CI	UNKNOWN STEP	2025-09-12T01:31:42.5877888Z [36;1m      "ci-webauthn": "true",[0m
Status Check - Keycloak CI	UNKNOWN STEP	2025-09-12T01:31:42.5878177Z [36;1m      "ci-aurora": "true",[0m
Status Check - Keycloak CI	UNKNOWN STEP	2025-09-12T01:31:42.5878440Z [36;1m      "ci": "true",[0m
Status Check - Keycloak CI	UNKNOWN STEP	2025-09-12T01:31:42.5878700Z [36;1m      "ci-quarkus": "true"[0m
Status Check - Keycloak CI	UNKNOWN STEP	2025-09-12T01:31:42.5878949Z [36;1m    }[0m
Status Check - Keycloak CI	UNKNOWN STEP	2025-09-12T01:31:42.5879154Z [36;1m  },[0m
Status Check - Keycloak CI	UNKNOWN STEP	2025-09-12T01:31:42.5879361Z [36;1m  "build": {[0m
Status Check - Keycloak CI	UNKNOWN STEP	2025-09-12T01:31:42.5879590Z [36;1m    "result": "success",[0m
Status Check - Keycloak CI	UNKNOWN STEP	2025-09-12T01:31:42.5879850Z [36;1m    "outputs": {}[0m
Status Check - Keycloak CI	UNKNOWN STEP	2025-09-12T01:31:42.5880078Z [36;1m  },[0m
Status Check - Keycloak CI	UNKNOWN STEP	2025-09-12T01:31:42.5880292Z [36;1m  "unit-tests": {[0m
Status Check - Keycloak CI	UNKNOWN STEP	2025-09-12T01:31:42.5880534Z [36;1m    "result": "success",[0m
Status Check - Keycloak CI	UNKNOWN STEP	2025-09-12T01:31:42.5880798Z [36;1m    "outputs": {}[0m
Status Check - Keycloak CI	UNKNOWN STEP	2025-09-12T01:31:42.5881021Z [36;1m  },[0m
Status Check - Keycloak CI	UNKNOWN STEP	2025-09-12T01:31:42.5881243Z [36;1m  "base-integration-tests": {[0m
Status Check - Keycloak CI	UNKNOWN STEP	2025-09-12T01:31:42.5881527Z [36;1m    "result": "success",[0m
Status Check - Keycloak CI	UNKNOWN STEP	2025-09-12T01:31:42.5881774Z [36;1m    "outputs": {}[0m
Status Check - Keycloak CI	UNKNOWN STEP	2025-09-12T01:31:42.5882008Z [36;1m  },[0m
Status Check - Keycloak CI	UNKNOWN STEP	2025-09-12T01:31:42.5882234Z [36;1m  "adapter-integration-tests": {[0m
Status Check - Keycloak CI	UNKNOWN STEP	2025-09-12T01:31:42.5882521Z [36;1m    "result": "success",[0m
Status Check - Keycloak CI	UNKNOWN STEP	2025-09-12T01:31:42.5882978Z [36;1m    "outputs": {}[0m
Status Check - Keycloak CI	UNKNOWN STEP	2025-09-12T01:31:42.5883230Z [36;1m  },[0m
Status Check - Keycloak CI	UNKNOWN STEP	2025-09-12T01:31:42.5883515Z [36;1m  "adapter-integration-tests-strict-cookies": {[0m
Status Check - Keycloak CI	UNKNOWN STEP	2025-09-12T01:31:42.5883851Z [36;1m    "result": "success",[0m
Status Check - Keycloak CI	UNKNOWN STEP	2025-09-12T01:31:42.5884098Z [36;1m    "outputs": {}[0m
Status Check - Keycloak CI	UNKNOWN STEP	2025-09-12T01:31:42.5884328Z [36;1m  },[0m
Status Check - Keycloak CI	UNKNOWN STEP	2025-09-12T01:31:42.5884536Z [36;1m  "quarkus-unit-tests": {[0m
Status Check - Keycloak CI	UNKNOWN STEP	2025-09-12T01:31:42.5884796Z [36;1m    "result": "success",[0m
Status Check - Keycloak CI	UNKNOWN STEP	2025-09-12T01:31:42.5885052Z [36;1m    "outputs": {}[0m
Status Check - Keycloak CI	UNKNOWN STEP	2025-09-12T01:31:42.5885273Z [36;1m  },[0m
Status Check - Keycloak CI	UNKNOWN STEP	2025-09-12T01:31:42.5885503Z [36;1m  "quarkus-integration-tests": {[0m
Status Check - Keycloak CI	UNKNOWN STEP	2025-09-12T01:31:42.5885790Z [36;1m    "result": "success",[0m
Status Check - Keycloak CI	UNKNOWN STEP	2025-09-12T01:31:42.5886165Z [36;1m    "outputs": {}[0m
Status Check - Keycloak CI	UNKNOWN STEP	2025-09-12T01:31:42.5886394Z [36;1m  },[0m
Status Check - Keycloak CI	UNKNOWN STEP	2025-09-12T01:31:42.5886610Z [36;1m  "jdk-integration-tests": {[0m
Status Check - Keycloak CI	UNKNOWN STEP	2025-09-12T01:31:42.5887016Z [36;1m    "result": "success",[0m
Status Check - Keycloak CI	UNKNOWN STEP	2025-09-12T01:31:42.5887265Z [36;1m    "outputs": {}[0m
Status Check - Keycloak CI	UNKNOWN STEP	2025-09-12T01:31:42.5887489Z [36;1m  },[0m
Status Check - Keycloak CI	UNKNOWN STEP	2025-09-12T01:31:42.5887710Z [36;1m  "store-integration-tests": {[0m
Status Check - Keycloak CI	UNKNOWN STEP	2025-09-12T01:31:42.5887989Z [36;1m    "result": "success",[0m
Status Check - Keycloak CI	UNKNOWN STEP	2025-09-12T01:31:42.5888237Z [36;1m    "outputs": {}[0m
Status Check - Keycloak CI	UNKNOWN STEP	2025-09-12T01:31:42.5888464Z [36;1m  },[0m
Status Check - Keycloak CI	UNKNOWN STEP	2025-09-12T01:31:42.5888681Z [36;1m  "volatile-sessions-tests": {[0m
Status Check - Keycloak CI	UNKNOWN STEP	2025-09-12T01:31:42.5888958Z [36;1m    "result": "success",[0m
Status Check - Keycloak CI	UNKNOWN STEP	2025-09-12T01:31:42.5889205Z [36;1m    "outputs": {}[0m
Status Check - Keycloak CI	UNKNOWN STEP	2025-09-12T01:31:42.5889425Z [36;1m  },[0m
Status Check - Keycloak CI	UNKNOWN STEP	2025-09-12T01:31:42.5889631Z [36;1m  "store-model-tests": {[0m
Status Check - Keycloak CI	UNKNOWN STEP	2025-09-12T01:31:42.5889880Z [36;1m    "result": "success",[0m
Status Check - Keycloak CI	UNKNOWN STEP	2025-09-12T01:31:42.5890129Z [36;1m    "outputs": {}[0m
Status Check - Keycloak CI	UNKNOWN STEP	2025-09-12T01:31:42.5890408Z [36;1m  },[0m
Status Check - Keycloak CI	UNKNOWN STEP	2025-09-12T01:31:42.5890638Z [36;1m  "clustering-integration-tests": {[0m
Status Check - Keycloak CI	UNKNOWN STEP	2025-09-12T01:31:42.5890934Z [36;1m    "result": "success",[0m
Status Check - Keycloak CI	UNKNOWN STEP	2025-09-12T01:31:42.5891186Z [36;1m    "outputs": {}[0m
Status Check - Keycloak CI	UNKNOWN STEP	2025-09-12T01:31:42.5891416Z [36;1m  },[0m
Status Check - Keycloak CI	UNKNOWN STEP	2025-09-12T01:31:42.5891620Z [36;1m  "fips-unit-tests": {[0m
Status Check - Keycloak CI	UNKNOWN STEP	2025-09-12T01:31:42.5891883Z [36;1m    "result": "success",[0m
Status Check - Keycloak CI	UNKNOWN STEP	2025-09-12T01:31:42.5892125Z [36;1m    "outputs": {}[0m
Status Check - Keycloak CI	UNKNOWN STEP	2025-09-12T01:31:42.5892348Z [36;1m  },[0m
Status Check - Keycloak CI	UNKNOWN STEP	2025-09-12T01:31:42.5892564Z [36;1m  "fips-integration-tests": {[0m
Status Check - Keycloak CI	UNKNOWN STEP	2025-09-12T01:31:42.5892835Z [36;1m    "result": "success",[0m
Status Check - Keycloak CI	UNKNOWN STEP	2025-09-12T01:31:42.5893083Z [36;1m    "outputs": {}[0m
Status Check - Keycloak CI	UNKNOWN STEP	2025-09-12T01:31:42.5893302Z [36;1m  },[0m
Status Check - Keycloak CI	UNKNOWN STEP	2025-09-12T01:31:42.5893519Z [36;1m  "forms-integration-tests": {[0m
Status Check - Keycloak CI	UNKNOWN STEP	2025-09-12T01:31:42.5893786Z [36;1m    "result": "success",[0m
Status Check - Keycloak CI	UNKNOWN STEP	2025-09-12T01:31:42.5894028Z [36;1m    "outputs": {}[0m
Status Check - Keycloak CI	UNKNOWN STEP	2025-09-12T01:31:42.5894247Z [36;1m  },[0m
Status Check - Keycloak CI	UNKNOWN STEP	2025-09-12T01:31:42.5894473Z [36;1m  "webauthn-integration-tests": {[0m
Status Check - Keycloak CI	UNKNOWN STEP	2025-09-12T01:31:42.5894751Z [36;1m    "result": "success",[0m
Status Check - Keycloak CI	UNKNOWN STEP	2025-09-12T01:31:42.5894997Z [36;1m    "outputs": {}[0m
Status Check - Keycloak CI	UNKNOWN STEP	2025-09-12T01:31:42.5895226Z [36;1m  },[0m
Status Check - Keycloak CI	UNKNOWN STEP	2025-09-12T01:31:42.5895464Z [36;1m  "sssd-unit-tests": {[0m
Status Check - Keycloak CI	UNKNOWN STEP	2025-09-12T01:31:42.5895716Z [36;1m    "result": "failure",[0m
Status Check - Keycloak CI	UNKNOWN STEP	2025-09-12T01:31:42.5895961Z [36;1m    "outputs": {}[0m
Status Check - Keycloak CI	UNKNOWN STEP	2025-09-12T01:31:42.5896300Z [36;1m  },[0m
Status Check - Keycloak CI	UNKNOWN STEP	2025-09-12T01:31:42.5896500Z [36;1m  "migration-tests": {[0m
Status Check - Keycloak CI	UNKNOWN STEP	2025-09-12T01:31:42.5896753Z [36;1m    "result": "success",[0m
Status Check - Keycloak CI	UNKNOWN STEP	2025-09-12T01:31:42.5896995Z [36;1m    "outputs": {}[0m
Status Check - Keycloak CI	UNKNOWN STEP	2025-09-12T01:31:42.5897219Z [36;1m  },[0m
Status Check - Keycloak CI	UNKNOWN STEP	2025-09-12T01:31:42.5897445Z [36;1m  "external-infinispan-tests": {[0m
Status Check - Keycloak CI	UNKNOWN STEP	2025-09-12T01:31:42.5897726Z [36;1m    "result": "success",[0m
Status Check - Keycloak CI	UNKNOWN STEP	2025-09-12T01:31:42.5897975Z [36;1m    "outputs": {}[0m
Status Check - Keycloak CI	UNKNOWN STEP	2025-09-12T01:31:42.5898191Z [36;1m  },[0m
Status Check - Keycloak CI	UNKNOWN STEP	2025-09-12T01:31:42.5898396Z [36;1m  "test-framework": {[0m
Status Check - Keycloak CI	UNKNOWN STEP	2025-09-12T01:31:42.5898640Z [36;1m    "result": "success",[0m
Status Check - Keycloak CI	UNKNOWN STEP	2025-09-12T01:31:42.5898885Z [36;1m    "outputs": {}[0m
Status Check - Keycloak CI	UNKNOWN STEP	2025-09-12T01:31:42.5899104Z [36;1m  },[0m
Status Check - Keycloak CI	UNKNOWN STEP	2025-09-12T01:31:42.5899330Z [36;1m  "base-new-integration-tests": {[0m
Status Check - Keycloak CI	UNKNOWN STEP	2025-09-12T01:31:42.5899612Z [36;1m    "result": "success",[0m
Status Check - Keycloak CI	UNKNOWN STEP	2025-09-12T01:31:42.5899864Z [36;1m    "outputs": {}[0m
Status Check - Keycloak CI	UNKNOWN STEP	2025-09-12T01:31:42.5900086Z [36;1m  },[0m
Status Check - Keycloak CI	UNKNOWN STEP	2025-09-12T01:31:42.5900452Z [36;1m  "mixed-cluster-compatibility-tests": {[0m
Status Check - Keycloak CI	UNKNOWN STEP	2025-09-12T01:31:42.5900760Z [36;1m    "result": "skipped",[0m
Status Check - Keycloak CI	UNKNOWN STEP	2025-09-12T01:31:42.5901004Z [36;1m    "outputs": {}[0m
Status Check - Keycloak CI	UNKNOWN STEP	2025-09-12T01:31:42.5901235Z [36;1m  }[0m
Status Check - Keycloak CI	UNKNOWN STEP	2025-09-12T01:31:42.5901422Z [36;1m}'[0m
Status Check - Keycloak CI	UNKNOWN STEP	2025-09-12T01:31:42.5901627Z [36;1m[0m
Status Check - Keycloak CI	UNKNOWN STEP	2025-09-12T01:31:42.5901838Z [36;1mecho "Job status:"[0m
Status Check - Keycloak CI	UNKNOWN STEP	2025-09-12T01:31:42.5902172Z [36;1mecho $JOBS | jq -r 'to_entries[] | " - \(.key): \(.value.result)"'[0m
Status Check - Keycloak CI	UNKNOWN STEP	2025-09-12T01:31:42.5902527Z [36;1m[0m
Status Check - Keycloak CI	UNKNOWN STEP	2025-09-12T01:31:42.5902793Z [36;1mfor i in $(echo $JOBS | jq -r 'to_entries[] | .value.result'); do[0m
Status Check - Keycloak CI	UNKNOWN STEP	2025-09-12T01:31:42.5903181Z [36;1m  if [ "$i" != "success" ] && [ "$i" != "skipped" ]; then[0m
Status Check - Keycloak CI	UNKNOWN STEP	2025-09-12T01:31:42.5903477Z [36;1m    echo ""[0m
Status Check - Keycloak CI	UNKNOWN STEP	2025-09-12T01:31:42.5903832Z [36;1m    echo "Status check not okay!"[0m
Status Check - Keycloak CI	UNKNOWN STEP	2025-09-12T01:31:42.5904094Z [36;1m    exit 1[0m
Status Check - Keycloak CI	UNKNOWN STEP	2025-09-12T01:31:42.5904308Z [36;1m  fi[0m
Status Check - Keycloak CI	UNKNOWN STEP	2025-09-12T01:31:42.5904499Z [36;1mdone[0m
Status Check - Keycloak CI	UNKNOWN STEP	2025-09-12T01:31:42.5954218Z shell: /usr/bin/bash --noprofile --norc -e -o pipefail {0}
Status Check - Keycloak CI	UNKNOWN STEP	2025-09-12T01:31:42.5954624Z env:
Status Check - Keycloak CI	UNKNOWN STEP	2025-09-12T01:31:42.5954931Z   MAVEN_ARGS: -B -nsu -Daether.connector.http.connectionMaxTtl=25
Status Check - Keycloak CI	UNKNOWN STEP	2025-09-12T01:31:42.5955305Z   SUREFIRE_RERUN_FAILING_COUNT: 2
Status Check - Keycloak CI	UNKNOWN STEP	2025-09-12T01:31:42.5955623Z   SUREFIRE_RETRY: -Dsurefire.rerunFailingTestsCount=2
Status Check - Keycloak CI	UNKNOWN STEP	2025-09-12T01:31:42.5955943Z ##[endgroup]
Status Check - Keycloak CI	UNKNOWN STEP	2025-09-12T01:31:42.6024563Z Job status:
Status Check - Keycloak CI	UNKNOWN STEP	2025-09-12T01:31:42.6057360Z  - conditional: success
Status Check - Keycloak CI	UNKNOWN STEP	2025-09-12T01:31:42.6057806Z  - build: success
Status Check - Keycloak CI	UNKNOWN STEP	2025-09-12T01:31:42.6058179Z  - unit-tests: success
Status Check - Keycloak CI	UNKNOWN STEP	2025-09-12T01:31:42.6058512Z  - base-integration-tests: success
Status Check - Keycloak CI	UNKNOWN STEP	2025-09-12T01:31:42.6058833Z  - adapter-integration-tests: success
Status Check - Keycloak CI	UNKNOWN STEP	2025-09-12T01:31:42.6059208Z  - adapter-integration-tests-strict-cookies: success
Status Check - Keycloak CI	UNKNOWN STEP	2025-09-12T01:31:42.6059575Z  - quarkus-unit-tests: success
Status Check - Keycloak CI	UNKNOWN STEP	2025-09-12T01:31:42.6059855Z  - quarkus-integration-tests: success
Status Check - Keycloak CI	UNKNOWN STEP	2025-09-12T01:31:42.6060141Z  - jdk-integration-tests: success
Status Check - Keycloak CI	UNKNOWN STEP	2025-09-12T01:31:42.6060429Z  - store-integration-tests: success
Status Check - Keycloak CI	UNKNOWN STEP	2025-09-12T01:31:42.6060707Z  - volatile-sessions-tests: success
Status Check - Keycloak CI	UNKNOWN STEP	2025-09-12T01:31:42.6060982Z  - store-model-tests: success
Status Check - Keycloak CI	UNKNOWN STEP	2025-09-12T01:31:42.6061252Z  - clustering-integration-tests: success
Status Check - Keycloak CI	UNKNOWN STEP	2025-09-12T01:31:42.6061557Z  - fips-unit-tests: success
Status Check - Keycloak CI	UNKNOWN STEP	2025-09-12T01:31:42.6061855Z  - fips-integration-tests: success
Status Check - Keycloak CI	UNKNOWN STEP	2025-09-12T01:31:42.6062319Z  - forms-integration-tests: success
Status Check - Keycloak CI	UNKNOWN STEP	2025-09-12T01:31:42.6062783Z  - webauthn-integration-tests: success
Status Check - Keycloak CI	UNKNOWN STEP	2025-09-12T01:31:42.6063202Z  - sssd-unit-tests: failure
Status Check - Keycloak CI	UNKNOWN STEP	2025-09-12T01:31:42.6063460Z  - migration-tests: success
Status Check - Keycloak CI	UNKNOWN STEP	2025-09-12T01:31:42.6063729Z  - external-infinispan-tests: success
Status Check - Keycloak CI	UNKNOWN STEP	2025-09-12T01:31:42.6064178Z  - test-framework: success
Status Check - Keycloak CI	UNKNOWN STEP	2025-09-12T01:31:42.6064622Z  - base-new-integration-tests: success
Status Check - Keycloak CI	UNKNOWN STEP	2025-09-12T01:31:42.6065174Z  - mixed-cluster-compatibility-tests: skipped
Status Check - Keycloak CI	UNKNOWN STEP	2025-09-12T01:31:42.6092330Z 
Status Check - Keycloak CI	UNKNOWN STEP	2025-09-12T01:31:42.6092565Z Status check not okay!
Status Check - Keycloak CI	UNKNOWN STEP	2025-09-12T01:31:42.6105123Z ##[error]Process completed with exit code 1.
Status Check - Keycloak CI	UNKNOWN STEP	2025-09-12T01:31:42.6214001Z Post job cleanup.
Status Check - Keycloak CI	UNKNOWN STEP	2025-09-12T01:31:42.6957296Z [command]/usr/bin/git version
Status Check - Keycloak CI	UNKNOWN STEP	2025-09-12T01:31:42.6991256Z git version 2.51.0
Status Check - Keycloak CI	UNKNOWN STEP	2025-09-12T01:31:42.7027045Z Temporarily overriding HOME='/home/runner/work/_temp/915b964d-0366-4e31-b01d-0644a85d935b' before making global git config changes
Status Check - Keycloak CI	UNKNOWN STEP	2025-09-12T01:31:42.7028362Z Adding repository directory to the temporary git global config as a safe directory
Status Check - Keycloak CI	UNKNOWN STEP	2025-09-12T01:31:42.7032095Z [command]/usr/bin/git config --global --add safe.directory /home/runner/work/keycloak/keycloak
Status Check - Keycloak CI	UNKNOWN STEP	2025-09-12T01:31:42.7066881Z [command]/usr/bin/git config --local --name-only --get-regexp core\.sshCommand
Status Check - Keycloak CI	UNKNOWN STEP	2025-09-12T01:31:42.7098966Z [command]/usr/bin/git submodule foreach --recursive sh -c "git config --local --name-only --get-regexp 'core\.sshCommand' && git config --local --unset-all 'core.sshCommand' || :"
Status Check - Keycloak CI	UNKNOWN STEP	2025-09-12T01:31:42.7338821Z [command]/usr/bin/git config --local --name-only --get-regexp http\.https\:\/\/github\.com\/\.extraheader
Status Check - Keycloak CI	UNKNOWN STEP	2025-09-12T01:31:42.7360568Z http.https://github.com/.extraheader
Status Check - Keycloak CI	UNKNOWN STEP	2025-09-12T01:31:42.7370367Z [command]/usr/bin/git config --local --unset-all http.https://github.com/.extraheader
Status Check - Keycloak CI	UNKNOWN STEP	2025-09-12T01:31:42.7401427Z [command]/usr/bin/git submodule foreach --recursive sh -c "git config --local --name-only --get-regexp 'http\.https\:\/\/github\.com\/\.extraheader' && git config --local --unset-all 'http.https://github.com/.extraheader' || :"
Status Check - Keycloak CI	UNKNOWN STEP	2025-09-12T01:31:42.7743504Z Cleaning up orphan processes
