Quarkus IT (ubuntu-latest, container, true)	UNKNOWN STEP	ï»¿2025-09-22T13:26:00.2674529Z Current runner version: '2.328.0'
Quarkus IT (ubuntu-latest, container, true)	UNKNOWN STEP	2025-09-22T13:26:00.2698380Z ##[group]Runner Image Provisioner
Quarkus IT (ubuntu-latest, container, true)	UNKNOWN STEP	2025-09-22T13:26:00.2699210Z Hosted Compute Agent
Quarkus IT (ubuntu-latest, container, true)	UNKNOWN STEP	2025-09-22T13:26:00.2699719Z Version: 20250829.383
Quarkus IT (ubuntu-latest, container, true)	UNKNOWN STEP	2025-09-22T13:26:00.2700303Z Commit: 27cb235aab5b0e52e153a26cd86b4742e89dac5d
Quarkus IT (ubuntu-latest, container, true)	UNKNOWN STEP	2025-09-22T13:26:00.2700922Z Build Date: 2025-08-29T13:48:48Z
Quarkus IT (ubuntu-latest, container, true)	UNKNOWN STEP	2025-09-22T13:26:00.2701590Z ##[endgroup]
Quarkus IT (ubuntu-latest, container, true)	UNKNOWN STEP	2025-09-22T13:26:00.2702143Z ##[group]Operating System
Quarkus IT (ubuntu-latest, container, true)	UNKNOWN STEP	2025-09-22T13:26:00.2702639Z Ubuntu
Quarkus IT (ubuntu-latest, container, true)	UNKNOWN STEP	2025-09-22T13:26:00.2703203Z 24.04.3
Quarkus IT (ubuntu-latest, container, true)	UNKNOWN STEP	2025-09-22T13:26:00.2703621Z LTS
Quarkus IT (ubuntu-latest, container, true)	UNKNOWN STEP	2025-09-22T13:26:00.2704063Z ##[endgroup]
Quarkus IT (ubuntu-latest, container, true)	UNKNOWN STEP	2025-09-22T13:26:00.2704575Z ##[group]Runner Image
Quarkus IT (ubuntu-latest, container, true)	UNKNOWN STEP	2025-09-22T13:26:00.2705124Z Image: ubuntu-24.04
Quarkus IT (ubuntu-latest, container, true)	UNKNOWN STEP	2025-09-22T13:26:00.2705587Z Version: 20250907.24.1
Quarkus IT (ubuntu-latest, container, true)	UNKNOWN STEP	2025-09-22T13:26:00.2706797Z Included Software: https://github.com/actions/runner-images/blob/ubuntu24/20250907.24/images/ubuntu/Ubuntu2404-Readme.md
Quarkus IT (ubuntu-latest, container, true)	UNKNOWN STEP	2025-09-22T13:26:00.2708295Z Image Release: https://github.com/actions/runner-images/releases/tag/ubuntu24%2F20250907.24
Quarkus IT (ubuntu-latest, container, true)	UNKNOWN STEP	2025-09-22T13:26:00.2709316Z ##[endgroup]
Quarkus IT (ubuntu-latest, container, true)	UNKNOWN STEP	2025-09-22T13:26:00.2710296Z ##[group]GITHUB_TOKEN Permissions
Quarkus IT (ubuntu-latest, container, true)	UNKNOWN STEP	2025-09-22T13:26:00.2712354Z Contents: read
Quarkus IT (ubuntu-latest, container, true)	UNKNOWN STEP	2025-09-22T13:26:00.2712914Z Metadata: read
Quarkus IT (ubuntu-latest, container, true)	UNKNOWN STEP	2025-09-22T13:26:00.2713400Z ##[endgroup]
Quarkus IT (ubuntu-latest, container, true)	UNKNOWN STEP	2025-09-22T13:26:00.2715636Z Secret source: Actions
Quarkus IT (ubuntu-latest, container, true)	UNKNOWN STEP	2025-09-22T13:26:00.2716964Z Prepare workflow directory
Quarkus IT (ubuntu-latest, container, true)	UNKNOWN STEP	2025-09-22T13:26:00.3119441Z Prepare all required actions
Quarkus IT (ubuntu-latest, container, true)	UNKNOWN STEP	2025-09-22T13:26:00.3156850Z Getting action download info
Quarkus IT (ubuntu-latest, container, true)	UNKNOWN STEP	2025-09-22T13:26:00.6676993Z Download action repository 'actions/checkout@08c6903cd8c0fde910a37f88322edcfb5dd907a8' (SHA:08c6903cd8c0fde910a37f88322edcfb5dd907a8)
Quarkus IT (ubuntu-latest, container, true)	UNKNOWN STEP	2025-09-22T13:26:00.8988288Z Complete job name: Quarkus IT (ubuntu-latest, container, true)
Quarkus IT (ubuntu-latest, container, true)	UNKNOWN STEP	2025-09-22T13:26:00.9840768Z ##[group]Run actions/checkout@08c6903cd8c0fde910a37f88322edcfb5dd907a8
Quarkus IT (ubuntu-latest, container, true)	UNKNOWN STEP	2025-09-22T13:26:00.9842316Z with:
Quarkus IT (ubuntu-latest, container, true)	UNKNOWN STEP	2025-09-22T13:26:00.9842931Z   repository: keycloak/keycloak
Quarkus IT (ubuntu-latest, container, true)	UNKNOWN STEP	2025-09-22T13:26:00.9843921Z   token: ***
Quarkus IT (ubuntu-latest, container, true)	UNKNOWN STEP	2025-09-22T13:26:00.9844502Z   ssh-strict: true
Quarkus IT (ubuntu-latest, container, true)	UNKNOWN STEP	2025-09-22T13:26:00.9845121Z   ssh-user: git
Quarkus IT (ubuntu-latest, container, true)	UNKNOWN STEP	2025-09-22T13:26:00.9845790Z   persist-credentials: true
Quarkus IT (ubuntu-latest, container, true)	UNKNOWN STEP	2025-09-22T13:26:00.9846671Z   clean: true
Quarkus IT (ubuntu-latest, container, true)	UNKNOWN STEP	2025-09-22T13:26:00.9847318Z   sparse-checkout-cone-mode: true
Quarkus IT (ubuntu-latest, container, true)	UNKNOWN STEP	2025-09-22T13:26:00.9848091Z   fetch-depth: 1
Quarkus IT (ubuntu-latest, container, true)	UNKNOWN STEP	2025-09-22T13:26:00.9848717Z   fetch-tags: false
Quarkus IT (ubuntu-latest, container, true)	UNKNOWN STEP	2025-09-22T13:26:00.9849350Z   show-progress: true
Quarkus IT (ubuntu-latest, container, true)	UNKNOWN STEP	2025-09-22T13:26:00.9849983Z   lfs: false
Quarkus IT (ubuntu-latest, container, true)	UNKNOWN STEP	2025-09-22T13:26:00.9850565Z   submodules: false
Quarkus IT (ubuntu-latest, container, true)	UNKNOWN STEP	2025-09-22T13:26:00.9851203Z   set-safe-directory: true
Quarkus IT (ubuntu-latest, container, true)	UNKNOWN STEP	2025-09-22T13:26:00.9852248Z env:
Quarkus IT (ubuntu-latest, container, true)	UNKNOWN STEP	2025-09-22T13:26:00.9853081Z   MAVEN_ARGS: -B -nsu -Daether.connector.http.connectionMaxTtl=25
Quarkus IT (ubuntu-latest, container, true)	UNKNOWN STEP	2025-09-22T13:26:00.9854124Z   SUREFIRE_RERUN_FAILING_COUNT: 2
Quarkus IT (ubuntu-latest, container, true)	UNKNOWN STEP	2025-09-22T13:26:00.9855070Z   SUREFIRE_RETRY: -Dsurefire.rerunFailingTestsCount=2
Quarkus IT (ubuntu-latest, container, true)	UNKNOWN STEP	2025-09-22T13:26:00.9856008Z   MAVEN_OPTS: -Xmx1536m
Quarkus IT (ubuntu-latest, container, true)	UNKNOWN STEP	2025-09-22T13:26:00.9856815Z ##[endgroup]
Quarkus IT (ubuntu-latest, container, true)	UNKNOWN STEP	2025-09-22T13:26:01.0871914Z Syncing repository: keycloak/keycloak
Quarkus IT (ubuntu-latest, container, true)	UNKNOWN STEP	2025-09-22T13:26:01.0873541Z ##[group]Getting Git version info
Quarkus IT (ubuntu-latest, container, true)	UNKNOWN STEP	2025-09-22T13:26:01.0874208Z Working directory is '/home/runner/work/keycloak/keycloak'
Quarkus IT (ubuntu-latest, container, true)	UNKNOWN STEP	2025-09-22T13:26:01.0875177Z [command]/usr/bin/git version
Quarkus IT (ubuntu-latest, container, true)	UNKNOWN STEP	2025-09-22T13:26:01.2967268Z git version 2.51.0
Quarkus IT (ubuntu-latest, container, true)	UNKNOWN STEP	2025-09-22T13:26:01.2988413Z ##[endgroup]
Quarkus IT (ubuntu-latest, container, true)	UNKNOWN STEP	2025-09-22T13:26:01.3005951Z Temporarily overriding HOME='/home/runner/work/_temp/7233a411-a382-4ba5-86ad-a97ecc535cfa' before making global git config changes
Quarkus IT (ubuntu-latest, container, true)	UNKNOWN STEP	2025-09-22T13:26:01.3008419Z Adding repository directory to the temporary git global config as a safe directory
Quarkus IT (ubuntu-latest, container, true)	UNKNOWN STEP	2025-09-22T13:26:01.3012369Z [command]/usr/bin/git config --global --add safe.directory /home/runner/work/keycloak/keycloak
Quarkus IT (ubuntu-latest, container, true)	UNKNOWN STEP	2025-09-22T13:26:01.3051796Z Deleting the contents of '/home/runner/work/keycloak/keycloak'
Quarkus IT (ubuntu-latest, container, true)	UNKNOWN STEP	2025-09-22T13:26:01.3054737Z ##[group]Initializing the repository
Quarkus IT (ubuntu-latest, container, true)	UNKNOWN STEP	2025-09-22T13:26:01.3059960Z [command]/usr/bin/git init /home/runner/work/keycloak/keycloak
Quarkus IT (ubuntu-latest, container, true)	UNKNOWN STEP	2025-09-22T13:26:01.3162500Z hint: Using 'master' as the name for the initial branch. This default branch name
Quarkus IT (ubuntu-latest, container, true)	UNKNOWN STEP	2025-09-22T13:26:01.3164658Z hint: is subject to change. To configure the initial branch name to use in all
Quarkus IT (ubuntu-latest, container, true)	UNKNOWN STEP	2025-09-22T13:26:01.3167613Z hint: of your new repositories, which will suppress this warning, call:
Quarkus IT (ubuntu-latest, container, true)	UNKNOWN STEP	2025-09-22T13:26:01.3168958Z hint:
Quarkus IT (ubuntu-latest, container, true)	UNKNOWN STEP	2025-09-22T13:26:01.3169754Z hint: 	git config --global init.defaultBranch <name>
Quarkus IT (ubuntu-latest, container, true)	UNKNOWN STEP	2025-09-22T13:26:01.3170735Z hint:
Quarkus IT (ubuntu-latest, container, true)	UNKNOWN STEP	2025-09-22T13:26:01.3171720Z hint: Names commonly chosen instead of 'master' are 'main', 'trunk' and
Quarkus IT (ubuntu-latest, container, true)	UNKNOWN STEP	2025-09-22T13:26:01.3173293Z hint: 'development'. The just-created branch can be renamed via this command:
Quarkus IT (ubuntu-latest, container, true)	UNKNOWN STEP	2025-09-22T13:26:01.3174616Z hint:
Quarkus IT (ubuntu-latest, container, true)	UNKNOWN STEP	2025-09-22T13:26:01.3175381Z hint: 	git branch -m <name>
Quarkus IT (ubuntu-latest, container, true)	UNKNOWN STEP	2025-09-22T13:26:01.3176172Z hint:
Quarkus IT (ubuntu-latest, container, true)	UNKNOWN STEP	2025-09-22T13:26:01.3177494Z hint: Disable this message with "git config set advice.defaultBranchName false"
Quarkus IT (ubuntu-latest, container, true)	UNKNOWN STEP	2025-09-22T13:26:01.3179198Z Initialized empty Git repository in /home/runner/work/keycloak/keycloak/.git/
Quarkus IT (ubuntu-latest, container, true)	UNKNOWN STEP	2025-09-22T13:26:01.3182046Z [command]/usr/bin/git remote add origin https://github.com/keycloak/keycloak
Quarkus IT (ubuntu-latest, container, true)	UNKNOWN STEP	2025-09-22T13:26:01.3220997Z ##[endgroup]
Quarkus IT (ubuntu-latest, container, true)	UNKNOWN STEP	2025-09-22T13:26:01.3222192Z ##[group]Disabling automatic garbage collection
Quarkus IT (ubuntu-latest, container, true)	UNKNOWN STEP	2025-09-22T13:26:01.3224142Z [command]/usr/bin/git config --local gc.auto 0
Quarkus IT (ubuntu-latest, container, true)	UNKNOWN STEP	2025-09-22T13:26:01.3251842Z ##[endgroup]
Quarkus IT (ubuntu-latest, container, true)	UNKNOWN STEP	2025-09-22T13:26:01.3252485Z ##[group]Setting up auth
Quarkus IT (ubuntu-latest, container, true)	UNKNOWN STEP	2025-09-22T13:26:01.3258835Z [command]/usr/bin/git config --local --name-only --get-regexp core\.sshCommand
Quarkus IT (ubuntu-latest, container, true)	UNKNOWN STEP	2025-09-22T13:26:01.3289595Z [command]/usr/bin/git submodule foreach --recursive sh -c "git config --local --name-only --get-regexp 'core\.sshCommand' && git config --local --unset-all 'core.sshCommand' || :"
Quarkus IT (ubuntu-latest, container, true)	UNKNOWN STEP	2025-09-22T13:26:01.3613841Z [command]/usr/bin/git config --local --name-only --get-regexp http\.https\:\/\/github\.com\/\.extraheader
Quarkus IT (ubuntu-latest, container, true)	UNKNOWN STEP	2025-09-22T13:26:01.3643774Z [command]/usr/bin/git submodule foreach --recursive sh -c "git config --local --name-only --get-regexp 'http\.https\:\/\/github\.com\/\.extraheader' && git config --local --unset-all 'http.https://github.com/.extraheader' || :"
Quarkus IT (ubuntu-latest, container, true)	UNKNOWN STEP	2025-09-22T13:26:01.3867518Z [command]/usr/bin/git config --local http.https://github.com/.extraheader AUTHORIZATION: basic ***
Quarkus IT (ubuntu-latest, container, true)	UNKNOWN STEP	2025-09-22T13:26:01.3901167Z ##[endgroup]
Quarkus IT (ubuntu-latest, container, true)	UNKNOWN STEP	2025-09-22T13:26:01.3902568Z ##[group]Fetching the repository
Quarkus IT (ubuntu-latest, container, true)	UNKNOWN STEP	2025-09-22T13:26:01.3911312Z [command]/usr/bin/git -c protocol.version=2 fetch --no-tags --prune --no-recurse-submodules --depth=1 origin +f560ea8f290e6babf04a17b315a515d1e95e56ef:refs/remotes/origin/main
Quarkus IT (ubuntu-latest, container, true)	UNKNOWN STEP	2025-09-22T13:26:03.6518057Z From https://github.com/keycloak/keycloak
Quarkus IT (ubuntu-latest, container, true)	UNKNOWN STEP	2025-09-22T13:26:03.6519710Z  * [new ref]         f560ea8f290e6babf04a17b315a515d1e95e56ef -> origin/main
Quarkus IT (ubuntu-latest, container, true)	UNKNOWN STEP	2025-09-22T13:26:03.6551266Z ##[endgroup]
Quarkus IT (ubuntu-latest, container, true)	UNKNOWN STEP	2025-09-22T13:26:03.6552830Z ##[group]Determining the checkout info
Quarkus IT (ubuntu-latest, container, true)	UNKNOWN STEP	2025-09-22T13:26:03.6554572Z ##[endgroup]
Quarkus IT (ubuntu-latest, container, true)	UNKNOWN STEP	2025-09-22T13:26:03.6558476Z [command]/usr/bin/git sparse-checkout disable
Quarkus IT (ubuntu-latest, container, true)	UNKNOWN STEP	2025-09-22T13:26:03.6600304Z [command]/usr/bin/git config --local --unset-all extensions.worktreeConfig
Quarkus IT (ubuntu-latest, container, true)	UNKNOWN STEP	2025-09-22T13:26:03.6627554Z ##[group]Checking out the ref
Quarkus IT (ubuntu-latest, container, true)	UNKNOWN STEP	2025-09-22T13:26:03.6631660Z [command]/usr/bin/git checkout --progress --force -B main refs/remotes/origin/main
Quarkus IT (ubuntu-latest, container, true)	UNKNOWN STEP	2025-09-22T13:26:04.4754315Z Switched to a new branch 'main'
Quarkus IT (ubuntu-latest, container, true)	UNKNOWN STEP	2025-09-22T13:26:04.4755435Z branch 'main' set up to track 'origin/main'.
Quarkus IT (ubuntu-latest, container, true)	UNKNOWN STEP	2025-09-22T13:26:04.4789386Z ##[endgroup]
Quarkus IT (ubuntu-latest, container, true)	UNKNOWN STEP	2025-09-22T13:26:04.4830691Z [command]/usr/bin/git log -1 --format=%H
Quarkus IT (ubuntu-latest, container, true)	UNKNOWN STEP	2025-09-22T13:26:04.4852958Z f560ea8f290e6babf04a17b315a515d1e95e56ef
Quarkus IT (ubuntu-latest, container, true)	UNKNOWN STEP	2025-09-22T13:26:04.5098046Z Prepare all required actions
Quarkus IT (ubuntu-latest, container, true)	UNKNOWN STEP	2025-09-22T13:26:04.5098557Z Getting action download info
Quarkus IT (ubuntu-latest, container, true)	UNKNOWN STEP	2025-09-22T13:26:04.6757319Z Download action repository 'actions/download-artifact@d3f86a106a0bac45b974a628896c90dbdf5c8093' (SHA:d3f86a106a0bac45b974a628896c90dbdf5c8093)
Quarkus IT (ubuntu-latest, container, true)	UNKNOWN STEP	2025-09-22T13:26:05.1196743Z ##[group]Run ./.github/actions/integration-test-setup
Quarkus IT (ubuntu-latest, container, true)	UNKNOWN STEP	2025-09-22T13:26:05.1197110Z with:
Quarkus IT (ubuntu-latest, container, true)	UNKNOWN STEP	2025-09-22T13:26:05.1197414Z   jdk-dist: temurin
Quarkus IT (ubuntu-latest, container, true)	UNKNOWN STEP	2025-09-22T13:26:05.1197637Z   jdk-version: 21
Quarkus IT (ubuntu-latest, container, true)	UNKNOWN STEP	2025-09-22T13:26:05.1197850Z env:
Quarkus IT (ubuntu-latest, container, true)	UNKNOWN STEP	2025-09-22T13:26:05.1198150Z   MAVEN_ARGS: -B -nsu -Daether.connector.http.connectionMaxTtl=25
Quarkus IT (ubuntu-latest, container, true)	UNKNOWN STEP	2025-09-22T13:26:05.1198523Z   SUREFIRE_RERUN_FAILING_COUNT: 2
Quarkus IT (ubuntu-latest, container, true)	UNKNOWN STEP	2025-09-22T13:26:05.1198852Z   SUREFIRE_RETRY: -Dsurefire.rerunFailingTestsCount=2
Quarkus IT (ubuntu-latest, container, true)	UNKNOWN STEP	2025-09-22T13:26:05.1199418Z   MAVEN_OPTS: -Xmx1536m
Quarkus IT (ubuntu-latest, container, true)	UNKNOWN STEP	2025-09-22T13:26:05.1199645Z ##[endgroup]
Quarkus IT (ubuntu-latest, container, true)	UNKNOWN STEP	2025-09-22T13:26:05.1287683Z Prepare all required actions
Quarkus IT (ubuntu-latest, container, true)	UNKNOWN STEP	2025-09-22T13:26:05.1316702Z ##[group]Run ./.github/actions/update-hosts
Quarkus IT (ubuntu-latest, container, true)	UNKNOWN STEP	2025-09-22T13:26:05.1317060Z env:
Quarkus IT (ubuntu-latest, container, true)	UNKNOWN STEP	2025-09-22T13:26:05.1317655Z   MAVEN_ARGS: -B -nsu -Daether.connector.http.connectionMaxTtl=25
Quarkus IT (ubuntu-latest, container, true)	UNKNOWN STEP	2025-09-22T13:26:05.1318246Z   SUREFIRE_RERUN_FAILING_COUNT: 2
Quarkus IT (ubuntu-latest, container, true)	UNKNOWN STEP	2025-09-22T13:26:05.1318600Z   SUREFIRE_RETRY: -Dsurefire.rerunFailingTestsCount=2
Quarkus IT (ubuntu-latest, container, true)	UNKNOWN STEP	2025-09-22T13:26:05.1318926Z   MAVEN_OPTS: -Xmx1536m
Quarkus IT (ubuntu-latest, container, true)	UNKNOWN STEP	2025-09-22T13:26:05.1319154Z ##[endgroup]
Quarkus IT (ubuntu-latest, container, true)	UNKNOWN STEP	2025-09-22T13:26:05.1361626Z ##[group]Run printf "\n\n$(cat .github/actions/update-hosts/hosts)" | sudo tee -a /etc/hosts
Quarkus IT (ubuntu-latest, container, true)	UNKNOWN STEP	2025-09-22T13:26:05.1362296Z [36;1mprintf "\n\n$(cat .github/actions/update-hosts/hosts)" | sudo tee -a /etc/hosts[0m
Quarkus IT (ubuntu-latest, container, true)	UNKNOWN STEP	2025-09-22T13:26:05.1418573Z shell: /usr/bin/bash --noprofile --norc -e -o pipefail {0}
Quarkus IT (ubuntu-latest, container, true)	UNKNOWN STEP	2025-09-22T13:26:05.1418950Z env:
Quarkus IT (ubuntu-latest, container, true)	UNKNOWN STEP	2025-09-22T13:26:05.1419283Z   MAVEN_ARGS: -B -nsu -Daether.connector.http.connectionMaxTtl=25
Quarkus IT (ubuntu-latest, container, true)	UNKNOWN STEP	2025-09-22T13:26:05.1419653Z   SUREFIRE_RERUN_FAILING_COUNT: 2
Quarkus IT (ubuntu-latest, container, true)	UNKNOWN STEP	2025-09-22T13:26:05.1419975Z   SUREFIRE_RETRY: -Dsurefire.rerunFailingTestsCount=2
Quarkus IT (ubuntu-latest, container, true)	UNKNOWN STEP	2025-09-22T13:26:05.1420309Z   MAVEN_OPTS: -Xmx1536m
Quarkus IT (ubuntu-latest, container, true)	UNKNOWN STEP	2025-09-22T13:26:05.1420548Z ##[endgroup]
Quarkus IT (ubuntu-latest, container, true)	UNKNOWN STEP	2025-09-22T13:26:05.1554538Z 
Quarkus IT (ubuntu-latest, container, true)	UNKNOWN STEP	2025-09-22T13:26:05.1554580Z 
Quarkus IT (ubuntu-latest, container, true)	UNKNOWN STEP	2025-09-22T13:26:05.1555491Z 127.0.0.1 localtest.me admin.localtest.me localhost-myapp.localtest.me localhost-sso.localtest.me realmFrontend.localtest.me proxy.kc.localtest.me
Quarkus IT (ubuntu-latest, container, true)	UNKNOWN STEP	2025-09-22T13:26:05.1570835Z ::1 localtest.me admin.localtest.me localhost-myapp.localtest.me localhost-sso.localtest.me realmFrontend.localtest.me proxy.kc.localtest.me
Quarkus IT (ubuntu-latest, container, true)	UNKNOWN STEP	2025-09-22T13:26:05.1618276Z Prepare all required actions
Quarkus IT (ubuntu-latest, container, true)	UNKNOWN STEP	2025-09-22T13:26:05.1618598Z Getting action download info
Quarkus IT (ubuntu-latest, container, true)	UNKNOWN STEP	2025-09-22T13:26:05.3151180Z Download action repository 'actions/setup-java@c5195efecf7bdfc987ee8bae7a71cb8b11521c00' (SHA:c5195efecf7bdfc987ee8bae7a71cb8b11521c00)
Quarkus IT (ubuntu-latest, container, true)	UNKNOWN STEP	2025-09-22T13:26:05.7831723Z ##[group]Run ./.github/actions/java-setup
Quarkus IT (ubuntu-latest, container, true)	UNKNOWN STEP	2025-09-22T13:26:05.7831998Z with:
Quarkus IT (ubuntu-latest, container, true)	UNKNOWN STEP	2025-09-22T13:26:05.7832173Z   distribution: temurin
Quarkus IT (ubuntu-latest, container, true)	UNKNOWN STEP	2025-09-22T13:26:05.7832381Z   java-version: 21
Quarkus IT (ubuntu-latest, container, true)	UNKNOWN STEP	2025-09-22T13:26:05.7832550Z env:
Quarkus IT (ubuntu-latest, container, true)	UNKNOWN STEP	2025-09-22T13:26:05.7832818Z   MAVEN_ARGS: -B -nsu -Daether.connector.http.connectionMaxTtl=25
Quarkus IT (ubuntu-latest, container, true)	UNKNOWN STEP	2025-09-22T13:26:05.7833151Z   SUREFIRE_RERUN_FAILING_COUNT: 2
Quarkus IT (ubuntu-latest, container, true)	UNKNOWN STEP	2025-09-22T13:26:05.7833440Z   SUREFIRE_RETRY: -Dsurefire.rerunFailingTestsCount=2
Quarkus IT (ubuntu-latest, container, true)	UNKNOWN STEP	2025-09-22T13:26:05.7833732Z   MAVEN_OPTS: -Xmx1536m
Quarkus IT (ubuntu-latest, container, true)	UNKNOWN STEP	2025-09-22T13:26:05.7833928Z ##[endgroup]
Quarkus IT (ubuntu-latest, container, true)	UNKNOWN STEP	2025-09-22T13:26:05.7918355Z ##[group]Run actions/setup-java@c5195efecf7bdfc987ee8bae7a71cb8b11521c00
Quarkus IT (ubuntu-latest, container, true)	UNKNOWN STEP	2025-09-22T13:26:05.7918742Z with:
Quarkus IT (ubuntu-latest, container, true)	UNKNOWN STEP	2025-09-22T13:26:05.7918925Z   distribution: temurin
Quarkus IT (ubuntu-latest, container, true)	UNKNOWN STEP	2025-09-22T13:26:05.7919133Z   java-version: 21
Quarkus IT (ubuntu-latest, container, true)	UNKNOWN STEP	2025-09-22T13:26:05.7919348Z   java-package: jdk
Quarkus IT (ubuntu-latest, container, true)	UNKNOWN STEP	2025-09-22T13:26:05.7919569Z   check-latest: false
Quarkus IT (ubuntu-latest, container, true)	UNKNOWN STEP	2025-09-22T13:26:05.7919768Z   server-id: github
Quarkus IT (ubuntu-latest, container, true)	UNKNOWN STEP	2025-09-22T13:26:05.7919964Z   server-username: GITHUB_ACTOR
Quarkus IT (ubuntu-latest, container, true)	UNKNOWN STEP	2025-09-22T13:26:05.7920217Z   server-password: GITHUB_TOKEN
Quarkus IT (ubuntu-latest, container, true)	UNKNOWN STEP	2025-09-22T13:26:05.7920437Z   overwrite-settings: true
Quarkus IT (ubuntu-latest, container, true)	UNKNOWN STEP	2025-09-22T13:26:05.7920649Z   job-status: success
Quarkus IT (ubuntu-latest, container, true)	UNKNOWN STEP	2025-09-22T13:26:05.7920960Z   token: ***
Quarkus IT (ubuntu-latest, container, true)	UNKNOWN STEP	2025-09-22T13:26:05.7921134Z env:
Quarkus IT (ubuntu-latest, container, true)	UNKNOWN STEP	2025-09-22T13:26:05.7921614Z   MAVEN_ARGS: -B -nsu -Daether.connector.http.connectionMaxTtl=25
Quarkus IT (ubuntu-latest, container, true)	UNKNOWN STEP	2025-09-22T13:26:05.7921970Z   SUREFIRE_RERUN_FAILING_COUNT: 2
Quarkus IT (ubuntu-latest, container, true)	UNKNOWN STEP	2025-09-22T13:26:05.7922254Z   SUREFIRE_RETRY: -Dsurefire.rerunFailingTestsCount=2
Quarkus IT (ubuntu-latest, container, true)	UNKNOWN STEP	2025-09-22T13:26:05.7922541Z   MAVEN_OPTS: -Xmx1536m
Quarkus IT (ubuntu-latest, container, true)	UNKNOWN STEP	2025-09-22T13:26:05.7922738Z ##[endgroup]
Quarkus IT (ubuntu-latest, container, true)	UNKNOWN STEP	2025-09-22T13:26:05.9858682Z ##[group]Installed distributions
Quarkus IT (ubuntu-latest, container, true)	UNKNOWN STEP	2025-09-22T13:26:06.0235407Z Resolved Java 21.0.8+9 from tool-cache
Quarkus IT (ubuntu-latest, container, true)	UNKNOWN STEP	2025-09-22T13:26:06.0236982Z Setting Java 21.0.8+9 as the default
Quarkus IT (ubuntu-latest, container, true)	UNKNOWN STEP	2025-09-22T13:26:06.0250361Z Creating toolchains.xml for JDK version 21 from temurin
Quarkus IT (ubuntu-latest, container, true)	UNKNOWN STEP	2025-09-22T13:26:06.0327756Z Writing to /home/runner/.m2/toolchains.xml
Quarkus IT (ubuntu-latest, container, true)	UNKNOWN STEP	2025-09-22T13:26:06.0328863Z 
Quarkus IT (ubuntu-latest, container, true)	UNKNOWN STEP	2025-09-22T13:26:06.0329033Z Java configuration:
Quarkus IT (ubuntu-latest, container, true)	UNKNOWN STEP	2025-09-22T13:26:06.0329424Z   Distribution: temurin
Quarkus IT (ubuntu-latest, container, true)	UNKNOWN STEP	2025-09-22T13:26:06.0330153Z   Version: 21.0.8+9
Quarkus IT (ubuntu-latest, container, true)	UNKNOWN STEP	2025-09-22T13:26:06.0330724Z   Path: /opt/hostedtoolcache/Java_Temurin-Hotspot_jdk/21.0.8-9/x64
Quarkus IT (ubuntu-latest, container, true)	UNKNOWN STEP	2025-09-22T13:26:06.0331219Z 
Quarkus IT (ubuntu-latest, container, true)	UNKNOWN STEP	2025-09-22T13:26:06.0332546Z ##[endgroup]
Quarkus IT (ubuntu-latest, container, true)	UNKNOWN STEP	2025-09-22T13:26:06.0345474Z Creating settings.xml with server-id: github
Quarkus IT (ubuntu-latest, container, true)	UNKNOWN STEP	2025-09-22T13:26:06.0353569Z Writing to /home/runner/.m2/settings.xml
Quarkus IT (ubuntu-latest, container, true)	UNKNOWN STEP	2025-09-22T13:26:06.0495015Z Prepare all required actions
Quarkus IT (ubuntu-latest, container, true)	UNKNOWN STEP	2025-09-22T13:26:06.0495323Z Getting action download info
Quarkus IT (ubuntu-latest, container, true)	UNKNOWN STEP	2025-09-22T13:26:06.1889307Z Download action repository 'actions/cache@5a3ec84eff668545956fd18022155c47e93e2684' (SHA:5a3ec84eff668545956fd18022155c47e93e2684)
Quarkus IT (ubuntu-latest, container, true)	UNKNOWN STEP	2025-09-22T13:26:06.6600918Z ##[group]Run ./.github/actions/maven-cache
Quarkus IT (ubuntu-latest, container, true)	UNKNOWN STEP	2025-09-22T13:26:06.6601206Z with:
Quarkus IT (ubuntu-latest, container, true)	UNKNOWN STEP	2025-09-22T13:26:06.6601407Z   create-cache-if-it-doesnt-exist: false
Quarkus IT (ubuntu-latest, container, true)	UNKNOWN STEP	2025-09-22T13:26:06.6601647Z env:
Quarkus IT (ubuntu-latest, container, true)	UNKNOWN STEP	2025-09-22T13:26:06.6601909Z   MAVEN_ARGS: -B -nsu -Daether.connector.http.connectionMaxTtl=25
Quarkus IT (ubuntu-latest, container, true)	UNKNOWN STEP	2025-09-22T13:26:06.6602250Z   SUREFIRE_RERUN_FAILING_COUNT: 2
Quarkus IT (ubuntu-latest, container, true)	UNKNOWN STEP	2025-09-22T13:26:06.6602547Z   SUREFIRE_RETRY: -Dsurefire.rerunFailingTestsCount=2
Quarkus IT (ubuntu-latest, container, true)	UNKNOWN STEP	2025-09-22T13:26:06.6602841Z   MAVEN_OPTS: -Xmx1536m
Quarkus IT (ubuntu-latest, container, true)	UNKNOWN STEP	2025-09-22T13:26:06.6603141Z   JAVA_HOME: /opt/hostedtoolcache/Java_Temurin-Hotspot_jdk/21.0.8-9/x64
Quarkus IT (ubuntu-latest, container, true)	UNKNOWN STEP	2025-09-22T13:26:06.6603590Z   JAVA_HOME_21_X64: /opt/hostedtoolcache/Java_Temurin-Hotspot_jdk/21.0.8-9/x64
Quarkus IT (ubuntu-latest, container, true)	UNKNOWN STEP	2025-09-22T13:26:06.6603925Z ##[endgroup]
Quarkus IT (ubuntu-latest, container, true)	UNKNOWN STEP	2025-09-22T13:26:06.6624094Z ##[group]Run echo "key=mvn-`date -u "+%Y-%U"`" >> $GITHUB_OUTPUT
Quarkus IT (ubuntu-latest, container, true)	UNKNOWN STEP	2025-09-22T13:26:06.6625090Z [36;1mecho "key=mvn-`date -u "+%Y-%U"`" >> $GITHUB_OUTPUT[0m
Quarkus IT (ubuntu-latest, container, true)	UNKNOWN STEP	2025-09-22T13:26:06.6666547Z shell: /usr/bin/bash --noprofile --norc -e -o pipefail {0}
Quarkus IT (ubuntu-latest, container, true)	UNKNOWN STEP	2025-09-22T13:26:06.6666865Z env:
Quarkus IT (ubuntu-latest, container, true)	UNKNOWN STEP	2025-09-22T13:26:06.6667137Z   MAVEN_ARGS: -B -nsu -Daether.connector.http.connectionMaxTtl=25
Quarkus IT (ubuntu-latest, container, true)	UNKNOWN STEP	2025-09-22T13:26:06.6667474Z   SUREFIRE_RERUN_FAILING_COUNT: 2
Quarkus IT (ubuntu-latest, container, true)	UNKNOWN STEP	2025-09-22T13:26:06.6667758Z   SUREFIRE_RETRY: -Dsurefire.rerunFailingTestsCount=2
Quarkus IT (ubuntu-latest, container, true)	UNKNOWN STEP	2025-09-22T13:26:06.6668046Z   MAVEN_OPTS: -Xmx1536m
Quarkus IT (ubuntu-latest, container, true)	UNKNOWN STEP	2025-09-22T13:26:06.6668354Z   JAVA_HOME: /opt/hostedtoolcache/Java_Temurin-Hotspot_jdk/21.0.8-9/x64
Quarkus IT (ubuntu-latest, container, true)	UNKNOWN STEP	2025-09-22T13:26:06.6668802Z   JAVA_HOME_21_X64: /opt/hostedtoolcache/Java_Temurin-Hotspot_jdk/21.0.8-9/x64
Quarkus IT (ubuntu-latest, container, true)	UNKNOWN STEP	2025-09-22T13:26:06.6669132Z ##[endgroup]
Quarkus IT (ubuntu-latest, container, true)	UNKNOWN STEP	2025-09-22T13:26:06.6799100Z ##[group]Run actions/cache/restore@5a3ec84eff668545956fd18022155c47e93e2684
Quarkus IT (ubuntu-latest, container, true)	UNKNOWN STEP	2025-09-22T13:26:06.6799444Z with:
Quarkus IT (ubuntu-latest, container, true)	UNKNOWN STEP	2025-09-22T13:26:06.6799695Z   path: ~/.m2/repository/*/*
Quarkus IT (ubuntu-latest, container, true)	UNKNOWN STEP	!~/.m2/repository/org/keycloak
Quarkus IT (ubuntu-latest, container, true)	UNKNOWN STEP	
Quarkus IT (ubuntu-latest, container, true)	UNKNOWN STEP	2025-09-22T13:26:06.6800004Z   key: mvn-Linux-mvn-2025-38
Quarkus IT (ubuntu-latest, container, true)	UNKNOWN STEP	2025-09-22T13:26:06.6800236Z   restore-keys: mvn--mvn-2025-38
Quarkus IT (ubuntu-latest, container, true)	UNKNOWN STEP	
Quarkus IT (ubuntu-latest, container, true)	UNKNOWN STEP	2025-09-22T13:26:06.6800478Z   enableCrossOsArchive: true
Quarkus IT (ubuntu-latest, container, true)	UNKNOWN STEP	2025-09-22T13:26:06.6800694Z   fail-on-cache-miss: false
Quarkus IT (ubuntu-latest, container, true)	UNKNOWN STEP	2025-09-22T13:26:06.6800935Z   lookup-only: false
Quarkus IT (ubuntu-latest, container, true)	UNKNOWN STEP	2025-09-22T13:26:06.6801156Z env:
Quarkus IT (ubuntu-latest, container, true)	UNKNOWN STEP	2025-09-22T13:26:06.6801420Z   MAVEN_ARGS: -B -nsu -Daether.connector.http.connectionMaxTtl=25
Quarkus IT (ubuntu-latest, container, true)	UNKNOWN STEP	2025-09-22T13:26:06.6801748Z   SUREFIRE_RERUN_FAILING_COUNT: 2
Quarkus IT (ubuntu-latest, container, true)	UNKNOWN STEP	2025-09-22T13:26:06.6802031Z   SUREFIRE_RETRY: -Dsurefire.rerunFailingTestsCount=2
Quarkus IT (ubuntu-latest, container, true)	UNKNOWN STEP	2025-09-22T13:26:06.6802329Z   MAVEN_OPTS: -Xmx1536m
Quarkus IT (ubuntu-latest, container, true)	UNKNOWN STEP	2025-09-22T13:26:06.6802623Z   JAVA_HOME: /opt/hostedtoolcache/Java_Temurin-Hotspot_jdk/21.0.8-9/x64
Quarkus IT (ubuntu-latest, container, true)	UNKNOWN STEP	2025-09-22T13:26:06.6803063Z   JAVA_HOME_21_X64: /opt/hostedtoolcache/Java_Temurin-Hotspot_jdk/21.0.8-9/x64
Quarkus IT (ubuntu-latest, container, true)	UNKNOWN STEP	2025-09-22T13:26:06.6803392Z ##[endgroup]
Quarkus IT (ubuntu-latest, container, true)	UNKNOWN STEP	2025-09-22T13:26:06.9279868Z Cache hit for: mvn-Linux-mvn-2025-38
Quarkus IT (ubuntu-latest, container, true)	UNKNOWN STEP	2025-09-22T13:26:08.1712010Z Received 134217728 of 589078472 (22.8%), 120.1 MBs/sec
Quarkus IT (ubuntu-latest, container, true)	UNKNOWN STEP	2025-09-22T13:26:09.1720079Z Received 322961408 of 589078472 (54.8%), 149.0 MBs/sec
Quarkus IT (ubuntu-latest, container, true)	UNKNOWN STEP	2025-09-22T13:26:10.1715322Z Received 486539264 of 589078472 (82.6%), 151.3 MBs/sec
Quarkus IT (ubuntu-latest, container, true)	UNKNOWN STEP	2025-09-22T13:26:11.1083938Z Received 589078472 of 589078472 (100.0%), 140.3 MBs/sec
Quarkus IT (ubuntu-latest, container, true)	UNKNOWN STEP	2025-09-22T13:26:11.1086079Z Cache Size: ~562 MB (589078472 B)
Quarkus IT (ubuntu-latest, container, true)	UNKNOWN STEP	2025-09-22T13:26:11.1147862Z [command]/usr/bin/tar -xf /home/runner/work/_temp/2025e643-0d82-4606-a4f1-0f78d23db410/cache.tzst -P -C /home/runner/work/keycloak/keycloak --use-compress-program unzstd
Quarkus IT (ubuntu-latest, container, true)	UNKNOWN STEP	2025-09-22T13:26:12.6939130Z Cache restored successfully
Quarkus IT (ubuntu-latest, container, true)	UNKNOWN STEP	2025-09-22T13:26:12.8139460Z Cache restored from key: mvn-Linux-mvn-2025-38
Quarkus IT (ubuntu-latest, container, true)	UNKNOWN STEP	2025-09-22T13:26:12.8279302Z Prepare all required actions
Quarkus IT (ubuntu-latest, container, true)	UNKNOWN STEP	2025-09-22T13:26:12.8279598Z Getting action download info
Quarkus IT (ubuntu-latest, container, true)	UNKNOWN STEP	2025-09-22T13:26:12.9587142Z ##[group]Run ./.github/actions/node-cache
Quarkus IT (ubuntu-latest, container, true)	UNKNOWN STEP	2025-09-22T13:26:12.9587398Z env:
Quarkus IT (ubuntu-latest, container, true)	UNKNOWN STEP	2025-09-22T13:26:12.9587677Z   MAVEN_ARGS: -B -nsu -Daether.connector.http.connectionMaxTtl=25
Quarkus IT (ubuntu-latest, container, true)	UNKNOWN STEP	2025-09-22T13:26:12.9588030Z   SUREFIRE_RERUN_FAILING_COUNT: 2
Quarkus IT (ubuntu-latest, container, true)	UNKNOWN STEP	2025-09-22T13:26:12.9588320Z   SUREFIRE_RETRY: -Dsurefire.rerunFailingTestsCount=2
Quarkus IT (ubuntu-latest, container, true)	UNKNOWN STEP	2025-09-22T13:26:12.9588616Z   MAVEN_OPTS: -Xmx1536m
Quarkus IT (ubuntu-latest, container, true)	UNKNOWN STEP	2025-09-22T13:26:12.9588920Z   JAVA_HOME: /opt/hostedtoolcache/Java_Temurin-Hotspot_jdk/21.0.8-9/x64
Quarkus IT (ubuntu-latest, container, true)	UNKNOWN STEP	2025-09-22T13:26:12.9589365Z   JAVA_HOME_21_X64: /opt/hostedtoolcache/Java_Temurin-Hotspot_jdk/21.0.8-9/x64
Quarkus IT (ubuntu-latest, container, true)	UNKNOWN STEP	2025-09-22T13:26:12.9589703Z ##[endgroup]
Quarkus IT (ubuntu-latest, container, true)	UNKNOWN STEP	2025-09-22T13:26:12.9625262Z ##[group]Run echo "node=$(cat js/pom.xml | grep '<node.version>' | cut -d '>' -f 2 | cut -d '<' -f 1 | cut -c 2-)" >> $GITHUB_OUTPUT
Quarkus IT (ubuntu-latest, container, true)	UNKNOWN STEP	2025-09-22T13:26:12.9625934Z [36;1mecho "node=$(cat js/pom.xml | grep '<node.version>' | cut -d '>' -f 2 | cut -d '<' -f 1 | cut -c 2-)" >> $GITHUB_OUTPUT[0m
Quarkus IT (ubuntu-latest, container, true)	UNKNOWN STEP	2025-09-22T13:26:12.9626778Z [36;1mecho "pnpm=$(cat js/pom.xml | grep '<pnpm.version>' | cut -d '>' -f 2 | cut -d '<' -f 1 | cut -c 1-)" >> $GITHUB_OUTPUT[0m
Quarkus IT (ubuntu-latest, container, true)	UNKNOWN STEP	2025-09-22T13:26:12.9655774Z shell: /usr/bin/bash --noprofile --norc -e -o pipefail {0}
Quarkus IT (ubuntu-latest, container, true)	UNKNOWN STEP	2025-09-22T13:26:12.9656076Z env:
Quarkus IT (ubuntu-latest, container, true)	UNKNOWN STEP	2025-09-22T13:26:12.9656451Z   MAVEN_ARGS: -B -nsu -Daether.connector.http.connectionMaxTtl=25
Quarkus IT (ubuntu-latest, container, true)	UNKNOWN STEP	2025-09-22T13:26:12.9656806Z   SUREFIRE_RERUN_FAILING_COUNT: 2
Quarkus IT (ubuntu-latest, container, true)	UNKNOWN STEP	2025-09-22T13:26:12.9657105Z   SUREFIRE_RETRY: -Dsurefire.rerunFailingTestsCount=2
Quarkus IT (ubuntu-latest, container, true)	UNKNOWN STEP	2025-09-22T13:26:12.9657403Z   MAVEN_OPTS: -Xmx1536m
Quarkus IT (ubuntu-latest, container, true)	UNKNOWN STEP	2025-09-22T13:26:12.9657724Z   JAVA_HOME: /opt/hostedtoolcache/Java_Temurin-Hotspot_jdk/21.0.8-9/x64
Quarkus IT (ubuntu-latest, container, true)	UNKNOWN STEP	2025-09-22T13:26:12.9658161Z   JAVA_HOME_21_X64: /opt/hostedtoolcache/Java_Temurin-Hotspot_jdk/21.0.8-9/x64
Quarkus IT (ubuntu-latest, container, true)	UNKNOWN STEP	2025-09-22T13:26:12.9658516Z ##[endgroup]
Quarkus IT (ubuntu-latest, container, true)	UNKNOWN STEP	2025-09-22T13:26:12.9795138Z ##[group]Run actions/cache@5a3ec84eff668545956fd18022155c47e93e2684
Quarkus IT (ubuntu-latest, container, true)	UNKNOWN STEP	2025-09-22T13:26:12.9795455Z with:
Quarkus IT (ubuntu-latest, container, true)	UNKNOWN STEP	2025-09-22T13:26:12.9795806Z   path: ~/.m2/repository/com/github/eirslett/node
Quarkus IT (ubuntu-latest, container, true)	UNKNOWN STEP	~/.m2/repository/com/github/eirslett/pnpm
Quarkus IT (ubuntu-latest, container, true)	UNKNOWN STEP	
Quarkus IT (ubuntu-latest, container, true)	UNKNOWN STEP	2025-09-22T13:26:12.9796285Z   key: Linux-frontend-plugin-artifacts-22.18.0-10.14.0
Quarkus IT (ubuntu-latest, container, true)	UNKNOWN STEP	2025-09-22T13:26:12.9796862Z   enableCrossOsArchive: false
Quarkus IT (ubuntu-latest, container, true)	UNKNOWN STEP	2025-09-22T13:26:12.9797099Z   fail-on-cache-miss: false
Quarkus IT (ubuntu-latest, container, true)	UNKNOWN STEP	2025-09-22T13:26:12.9797313Z   lookup-only: false
Quarkus IT (ubuntu-latest, container, true)	UNKNOWN STEP	2025-09-22T13:26:12.9797500Z   save-always: false
Quarkus IT (ubuntu-latest, container, true)	UNKNOWN STEP	2025-09-22T13:26:12.9797670Z env:
Quarkus IT (ubuntu-latest, container, true)	UNKNOWN STEP	2025-09-22T13:26:12.9797934Z   MAVEN_ARGS: -B -nsu -Daether.connector.http.connectionMaxTtl=25
Quarkus IT (ubuntu-latest, container, true)	UNKNOWN STEP	2025-09-22T13:26:12.9798265Z   SUREFIRE_RERUN_FAILING_COUNT: 2
Quarkus IT (ubuntu-latest, container, true)	UNKNOWN STEP	2025-09-22T13:26:12.9798541Z   SUREFIRE_RETRY: -Dsurefire.rerunFailingTestsCount=2
Quarkus IT (ubuntu-latest, container, true)	UNKNOWN STEP	2025-09-22T13:26:12.9798837Z   MAVEN_OPTS: -Xmx1536m
Quarkus IT (ubuntu-latest, container, true)	UNKNOWN STEP	2025-09-22T13:26:12.9799142Z   JAVA_HOME: /opt/hostedtoolcache/Java_Temurin-Hotspot_jdk/21.0.8-9/x64
Quarkus IT (ubuntu-latest, container, true)	UNKNOWN STEP	2025-09-22T13:26:12.9799590Z   JAVA_HOME_21_X64: /opt/hostedtoolcache/Java_Temurin-Hotspot_jdk/21.0.8-9/x64
Quarkus IT (ubuntu-latest, container, true)	UNKNOWN STEP	2025-09-22T13:26:12.9799936Z ##[endgroup]
Quarkus IT (ubuntu-latest, container, true)	UNKNOWN STEP	2025-09-22T13:26:13.2163388Z Cache hit for: Linux-frontend-plugin-artifacts-22.18.0-10.14.0
Quarkus IT (ubuntu-latest, container, true)	UNKNOWN STEP	2025-09-22T13:26:14.0995126Z Received 89550697 of 89550697 (100.0%), 112.2 MBs/sec
Quarkus IT (ubuntu-latest, container, true)	UNKNOWN STEP	2025-09-22T13:26:14.0996033Z Cache Size: ~85 MB (89550697 B)
Quarkus IT (ubuntu-latest, container, true)	UNKNOWN STEP	2025-09-22T13:26:14.1024095Z [command]/usr/bin/tar -xf /home/runner/work/_temp/125f971a-8d29-41fb-9813-4154e92af9c0/cache.tzst -P -C /home/runner/work/keycloak/keycloak --use-compress-program unzstd
Quarkus IT (ubuntu-latest, container, true)	UNKNOWN STEP	2025-09-22T13:26:14.3456206Z Cache restored successfully
Quarkus IT (ubuntu-latest, container, true)	UNKNOWN STEP	2025-09-22T13:26:14.3705675Z Cache restored from key: Linux-frontend-plugin-artifacts-22.18.0-10.14.0
Quarkus IT (ubuntu-latest, container, true)	UNKNOWN STEP	2025-09-22T13:26:14.3829051Z Prepare all required actions
Quarkus IT (ubuntu-latest, container, true)	UNKNOWN STEP	2025-09-22T13:26:14.3829361Z Getting action download info
Quarkus IT (ubuntu-latest, container, true)	UNKNOWN STEP	2025-09-22T13:26:14.5434125Z ##[group]Run ./.github/actions/pnpm-store-cache
Quarkus IT (ubuntu-latest, container, true)	UNKNOWN STEP	2025-09-22T13:26:14.5434406Z env:
Quarkus IT (ubuntu-latest, container, true)	UNKNOWN STEP	2025-09-22T13:26:14.5434687Z   MAVEN_ARGS: -B -nsu -Daether.connector.http.connectionMaxTtl=25
Quarkus IT (ubuntu-latest, container, true)	UNKNOWN STEP	2025-09-22T13:26:14.5435039Z   SUREFIRE_RERUN_FAILING_COUNT: 2
Quarkus IT (ubuntu-latest, container, true)	UNKNOWN STEP	2025-09-22T13:26:14.5435516Z   SUREFIRE_RETRY: -Dsurefire.rerunFailingTestsCount=2
Quarkus IT (ubuntu-latest, container, true)	UNKNOWN STEP	2025-09-22T13:26:14.5435814Z   MAVEN_OPTS: -Xmx1536m
Quarkus IT (ubuntu-latest, container, true)	UNKNOWN STEP	2025-09-22T13:26:14.5436130Z   JAVA_HOME: /opt/hostedtoolcache/Java_Temurin-Hotspot_jdk/21.0.8-9/x64
Quarkus IT (ubuntu-latest, container, true)	UNKNOWN STEP	2025-09-22T13:26:14.5436763Z   JAVA_HOME_21_X64: /opt/hostedtoolcache/Java_Temurin-Hotspot_jdk/21.0.8-9/x64
Quarkus IT (ubuntu-latest, container, true)	UNKNOWN STEP	2025-09-22T13:26:14.5437114Z ##[endgroup]
Quarkus IT (ubuntu-latest, container, true)	UNKNOWN STEP	2025-09-22T13:26:14.5450927Z ##[group]Run echo "key=pnpm-store-`date -u "+%Y-%U"`" >> $GITHUB_OUTPUT
Quarkus IT (ubuntu-latest, container, true)	UNKNOWN STEP	2025-09-22T13:26:14.5451375Z [36;1mecho "key=pnpm-store-`date -u "+%Y-%U"`" >> $GITHUB_OUTPUT[0m
Quarkus IT (ubuntu-latest, container, true)	UNKNOWN STEP	2025-09-22T13:26:14.5480719Z shell: /usr/bin/bash --noprofile --norc -e -o pipefail {0}
Quarkus IT (ubuntu-latest, container, true)	UNKNOWN STEP	2025-09-22T13:26:14.5481025Z env:
Quarkus IT (ubuntu-latest, container, true)	UNKNOWN STEP	2025-09-22T13:26:14.5481298Z   MAVEN_ARGS: -B -nsu -Daether.connector.http.connectionMaxTtl=25
Quarkus IT (ubuntu-latest, container, true)	UNKNOWN STEP	2025-09-22T13:26:14.5481638Z   SUREFIRE_RERUN_FAILING_COUNT: 2
Quarkus IT (ubuntu-latest, container, true)	UNKNOWN STEP	2025-09-22T13:26:14.5481928Z   SUREFIRE_RETRY: -Dsurefire.rerunFailingTestsCount=2
Quarkus IT (ubuntu-latest, container, true)	UNKNOWN STEP	2025-09-22T13:26:14.5482222Z   MAVEN_OPTS: -Xmx1536m
Quarkus IT (ubuntu-latest, container, true)	UNKNOWN STEP	2025-09-22T13:26:14.5482525Z   JAVA_HOME: /opt/hostedtoolcache/Java_Temurin-Hotspot_jdk/21.0.8-9/x64
Quarkus IT (ubuntu-latest, container, true)	UNKNOWN STEP	2025-09-22T13:26:14.5482992Z   JAVA_HOME_21_X64: /opt/hostedtoolcache/Java_Temurin-Hotspot_jdk/21.0.8-9/x64
Quarkus IT (ubuntu-latest, container, true)	UNKNOWN STEP	2025-09-22T13:26:14.5483345Z ##[endgroup]
Quarkus IT (ubuntu-latest, container, true)	UNKNOWN STEP	2025-09-22T13:26:14.5578308Z ##[group]Run actions/cache@5a3ec84eff668545956fd18022155c47e93e2684
Quarkus IT (ubuntu-latest, container, true)	UNKNOWN STEP	2025-09-22T13:26:14.5578628Z with:
Quarkus IT (ubuntu-latest, container, true)	UNKNOWN STEP	2025-09-22T13:26:14.5578951Z   path: ~/.local/share/pnpm/store
Quarkus IT (ubuntu-latest, container, true)	UNKNOWN STEP	~/AppData/Local/pnpm/store
Quarkus IT (ubuntu-latest, container, true)	UNKNOWN STEP	~/Library/pnpm/store
Quarkus IT (ubuntu-latest, container, true)	UNKNOWN STEP	
Quarkus IT (ubuntu-latest, container, true)	UNKNOWN STEP	2025-09-22T13:26:14.5579335Z   key: Linux-pnpm-store-2025-38
Quarkus IT (ubuntu-latest, container, true)	UNKNOWN STEP	2025-09-22T13:26:14.5579589Z   enableCrossOsArchive: false
Quarkus IT (ubuntu-latest, container, true)	UNKNOWN STEP	2025-09-22T13:26:14.5579825Z   fail-on-cache-miss: false
Quarkus IT (ubuntu-latest, container, true)	UNKNOWN STEP	2025-09-22T13:26:14.5580043Z   lookup-only: false
Quarkus IT (ubuntu-latest, container, true)	UNKNOWN STEP	2025-09-22T13:26:14.5580237Z   save-always: false
Quarkus IT (ubuntu-latest, container, true)	UNKNOWN STEP	2025-09-22T13:26:14.5580421Z env:
Quarkus IT (ubuntu-latest, container, true)	UNKNOWN STEP	2025-09-22T13:26:14.5580683Z   MAVEN_ARGS: -B -nsu -Daether.connector.http.connectionMaxTtl=25
Quarkus IT (ubuntu-latest, container, true)	UNKNOWN STEP	2025-09-22T13:26:14.5581022Z   SUREFIRE_RERUN_FAILING_COUNT: 2
Quarkus IT (ubuntu-latest, container, true)	UNKNOWN STEP	2025-09-22T13:26:14.5581317Z   SUREFIRE_RETRY: -Dsurefire.rerunFailingTestsCount=2
Quarkus IT (ubuntu-latest, container, true)	UNKNOWN STEP	2025-09-22T13:26:14.5581621Z   MAVEN_OPTS: -Xmx1536m
Quarkus IT (ubuntu-latest, container, true)	UNKNOWN STEP	2025-09-22T13:26:14.5581929Z   JAVA_HOME: /opt/hostedtoolcache/Java_Temurin-Hotspot_jdk/21.0.8-9/x64
Quarkus IT (ubuntu-latest, container, true)	UNKNOWN STEP	2025-09-22T13:26:14.5582371Z   JAVA_HOME_21_X64: /opt/hostedtoolcache/Java_Temurin-Hotspot_jdk/21.0.8-9/x64
Quarkus IT (ubuntu-latest, container, true)	UNKNOWN STEP	2025-09-22T13:26:14.5582722Z ##[endgroup]
Quarkus IT (ubuntu-latest, container, true)	UNKNOWN STEP	2025-09-22T13:26:14.8031561Z Cache hit for: Linux-pnpm-store-2025-38
Quarkus IT (ubuntu-latest, container, true)	UNKNOWN STEP	2025-09-22T13:26:15.9129786Z Received 134217728 of 137814996 (97.4%), 128.0 MBs/sec
Quarkus IT (ubuntu-latest, container, true)	UNKNOWN STEP	2025-09-22T13:26:15.9531049Z Received 137814996 of 137814996 (100.0%), 126.4 MBs/sec
Quarkus IT (ubuntu-latest, container, true)	UNKNOWN STEP	2025-09-22T13:26:15.9532054Z Cache Size: ~131 MB (137814996 B)
Quarkus IT (ubuntu-latest, container, true)	UNKNOWN STEP	2025-09-22T13:26:15.9563603Z [command]/usr/bin/tar -xf /home/runner/work/_temp/f5d9cbe9-231e-4783-9717-fe5b91a6c2bc/cache.tzst -P -C /home/runner/work/keycloak/keycloak --use-compress-program unzstd
Quarkus IT (ubuntu-latest, container, true)	UNKNOWN STEP	2025-09-22T13:26:18.8125844Z Cache restored successfully
Quarkus IT (ubuntu-latest, container, true)	UNKNOWN STEP	2025-09-22T13:26:18.8463470Z Cache restored from key: Linux-pnpm-store-2025-38
Quarkus IT (ubuntu-latest, container, true)	UNKNOWN STEP	2025-09-22T13:26:18.8586229Z ##[group]Run actions/download-artifact@d3f86a106a0bac45b974a628896c90dbdf5c8093
Quarkus IT (ubuntu-latest, container, true)	UNKNOWN STEP	2025-09-22T13:26:18.8586879Z with:
Quarkus IT (ubuntu-latest, container, true)	UNKNOWN STEP	2025-09-22T13:26:18.8587067Z   name: m2-keycloak.tzts
Quarkus IT (ubuntu-latest, container, true)	UNKNOWN STEP	2025-09-22T13:26:18.8587298Z   merge-multiple: false
Quarkus IT (ubuntu-latest, container, true)	UNKNOWN STEP	2025-09-22T13:26:18.8587527Z   repository: keycloak/keycloak
Quarkus IT (ubuntu-latest, container, true)	UNKNOWN STEP	2025-09-22T13:26:18.8587757Z   run-id: 17916654906
Quarkus IT (ubuntu-latest, container, true)	UNKNOWN STEP	2025-09-22T13:26:18.8588147Z env:
Quarkus IT (ubuntu-latest, container, true)	UNKNOWN STEP	2025-09-22T13:26:18.8588428Z   MAVEN_ARGS: -B -nsu -Daether.connector.http.connectionMaxTtl=25
Quarkus IT (ubuntu-latest, container, true)	UNKNOWN STEP	2025-09-22T13:26:18.8588791Z   SUREFIRE_RERUN_FAILING_COUNT: 2
Quarkus IT (ubuntu-latest, container, true)	UNKNOWN STEP	2025-09-22T13:26:18.8589080Z   SUREFIRE_RETRY: -Dsurefire.rerunFailingTestsCount=2
Quarkus IT (ubuntu-latest, container, true)	UNKNOWN STEP	2025-09-22T13:26:18.8589387Z   MAVEN_OPTS: -Xmx1536m
Quarkus IT (ubuntu-latest, container, true)	UNKNOWN STEP	2025-09-22T13:26:18.8589733Z   JAVA_HOME: /opt/hostedtoolcache/Java_Temurin-Hotspot_jdk/21.0.8-9/x64
Quarkus IT (ubuntu-latest, container, true)	UNKNOWN STEP	2025-09-22T13:26:18.8590191Z   JAVA_HOME_21_X64: /opt/hostedtoolcache/Java_Temurin-Hotspot_jdk/21.0.8-9/x64
Quarkus IT (ubuntu-latest, container, true)	UNKNOWN STEP	2025-09-22T13:26:18.8590538Z ##[endgroup]
Quarkus IT (ubuntu-latest, container, true)	UNKNOWN STEP	2025-09-22T13:26:19.0519554Z Downloading single artifact
Quarkus IT (ubuntu-latest, container, true)	UNKNOWN STEP	2025-09-22T13:26:19.2011063Z Preparing to download the following artifacts:
Quarkus IT (ubuntu-latest, container, true)	UNKNOWN STEP	2025-09-22T13:26:19.2012242Z - m2-keycloak.tzts (ID: 4072297315, Size: 400612660, Expected Digest: sha256:8b499f59a210131ff54c20619ac89b473cdd217704d61e9722bb0606793a9e98)
Quarkus IT (ubuntu-latest, container, true)	UNKNOWN STEP	2025-09-22T13:26:19.3082495Z Redirecting to blob download url: https://productionresultssa0.blob.core.windows.net/actions-results/31a4323d-6aa1-4b4b-a52a-490a4e6010fd/workflow-job-run-5f9caed1-ea7e-5cc3-a42d-a1bde2fb5c63/artifacts/edc4cfb0355d37e325eaae6eb235756b36f79720f66ece617babf28220e9d051.zip
Quarkus IT (ubuntu-latest, container, true)	UNKNOWN STEP	2025-09-22T13:26:19.3085487Z Starting download of artifact to: /home/runner/work/keycloak/keycloak
Quarkus IT (ubuntu-latest, container, true)	UNKNOWN STEP	2025-09-22T13:26:19.5166865Z (node:2144) [DEP0005] DeprecationWarning: Buffer() is deprecated due to security and usability issues. Please use the Buffer.alloc(), Buffer.allocUnsafe(), or Buffer.from() methods instead.
Quarkus IT (ubuntu-latest, container, true)	UNKNOWN STEP	2025-09-22T13:26:19.5168427Z (Use `node --trace-deprecation ...` to show where the warning was created)
Quarkus IT (ubuntu-latest, container, true)	UNKNOWN STEP	2025-09-22T13:26:27.2667528Z SHA256 digest of downloaded artifact is 8b499f59a210131ff54c20619ac89b473cdd217704d61e9722bb0606793a9e98
Quarkus IT (ubuntu-latest, container, true)	UNKNOWN STEP	2025-09-22T13:26:27.2668444Z Artifact download completed successfully.
Quarkus IT (ubuntu-latest, container, true)	UNKNOWN STEP	2025-09-22T13:26:27.2668971Z Total of 1 artifact(s) downloaded
Quarkus IT (ubuntu-latest, container, true)	UNKNOWN STEP	2025-09-22T13:26:27.2675990Z Download artifact has finished successfully
Quarkus IT (ubuntu-latest, container, true)	UNKNOWN STEP	2025-09-22T13:26:27.2805753Z ##[group]Run if [ "$RUNNER_OS" == "Windows" ]; then
Quarkus IT (ubuntu-latest, container, true)	UNKNOWN STEP	2025-09-22T13:26:27.2806602Z [36;1mif [ "$RUNNER_OS" == "Windows" ]; then[0m
Quarkus IT (ubuntu-latest, container, true)	UNKNOWN STEP	2025-09-22T13:26:27.2807327Z [36;1m  # zstd binary might be missing in older versions, install only when necessary[0m
Quarkus IT (ubuntu-latest, container, true)	UNKNOWN STEP	2025-09-22T13:26:27.2808108Z [36;1m  which zstd > /dev/null || choco install zstandard[0m
Quarkus IT (ubuntu-latest, container, true)	UNKNOWN STEP	2025-09-22T13:26:27.2808637Z [36;1mfi[0m
Quarkus IT (ubuntu-latest, container, true)	UNKNOWN STEP	2025-09-22T13:26:27.2809164Z [36;1mtar -C ~/ --use-compress-program="zstd -d" -xf m2-keycloak.tzts[0m
Quarkus IT (ubuntu-latest, container, true)	UNKNOWN STEP	2025-09-22T13:26:27.2853869Z shell: /usr/bin/bash --noprofile --norc -e -o pipefail {0}
Quarkus IT (ubuntu-latest, container, true)	UNKNOWN STEP	2025-09-22T13:26:27.2854435Z env:
Quarkus IT (ubuntu-latest, container, true)	UNKNOWN STEP	2025-09-22T13:26:27.2854952Z   MAVEN_ARGS: -B -nsu -Daether.connector.http.connectionMaxTtl=25
Quarkus IT (ubuntu-latest, container, true)	UNKNOWN STEP	2025-09-22T13:26:27.2855605Z   SUREFIRE_RERUN_FAILING_COUNT: 2
Quarkus IT (ubuntu-latest, container, true)	UNKNOWN STEP	2025-09-22T13:26:27.2856156Z   SUREFIRE_RETRY: -Dsurefire.rerunFailingTestsCount=2
Quarkus IT (ubuntu-latest, container, true)	UNKNOWN STEP	2025-09-22T13:26:27.2856911Z   MAVEN_OPTS: -Xmx1536m
Quarkus IT (ubuntu-latest, container, true)	UNKNOWN STEP	2025-09-22T13:26:27.2857477Z   JAVA_HOME: /opt/hostedtoolcache/Java_Temurin-Hotspot_jdk/21.0.8-9/x64
Quarkus IT (ubuntu-latest, container, true)	UNKNOWN STEP	2025-09-22T13:26:27.2858315Z   JAVA_HOME_21_X64: /opt/hostedtoolcache/Java_Temurin-Hotspot_jdk/21.0.8-9/x64
Quarkus IT (ubuntu-latest, container, true)	UNKNOWN STEP	2025-09-22T13:26:27.2858950Z ##[endgroup]
Quarkus IT (ubuntu-latest, container, true)	UNKNOWN STEP	2025-09-22T13:26:27.8880249Z ##[group]Run declare -A PARAMS
Quarkus IT (ubuntu-latest, container, true)	UNKNOWN STEP	2025-09-22T13:26:27.8880574Z [36;1mdeclare -A PARAMS[0m
Quarkus IT (ubuntu-latest, container, true)	UNKNOWN STEP	2025-09-22T13:26:27.8880902Z [36;1mPARAMS["win"]="-Dkc.quarkus.tests.groups=win"[0m
Quarkus IT (ubuntu-latest, container, true)	UNKNOWN STEP	2025-09-22T13:26:27.8881275Z [36;1mPARAMS["zip-slow"]="-Dkc.quarkus.tests.groups=slow"[0m
Quarkus IT (ubuntu-latest, container, true)	UNKNOWN STEP	2025-09-22T13:26:27.8881659Z [36;1mPARAMS["zip-fast"]='-Dkc.quarkus.tests.groups=!slow'[0m
Quarkus IT (ubuntu-latest, container, true)	UNKNOWN STEP	2025-09-22T13:26:27.8882055Z [36;1mPARAMS["container"]="-Dkc.quarkus.tests.dist=docker"[0m
Quarkus IT (ubuntu-latest, container, true)	UNKNOWN STEP	2025-09-22T13:26:27.8882401Z [36;1mPARAMS["storage"]="-Ptest-database"[0m
Quarkus IT (ubuntu-latest, container, true)	UNKNOWN STEP	2025-09-22T13:26:27.8882735Z [36;1mPARAMS["smoke"]="-Dkc.quarkus.tests.groups=smoke"[0m
Quarkus IT (ubuntu-latest, container, true)	UNKNOWN STEP	2025-09-22T13:26:27.8883037Z [36;1m[0m
Quarkus IT (ubuntu-latest, container, true)	UNKNOWN STEP	2025-09-22T13:26:27.8883272Z [36;1mif [ "container" == "container" ]; then[0m
Quarkus IT (ubuntu-latest, container, true)	UNKNOWN STEP	2025-09-22T13:26:27.8883725Z [36;1m  ./mvnw install -pl quarkus/tests/integration -am -DskipTests[0m
Quarkus IT (ubuntu-latest, container, true)	UNKNOWN STEP	2025-09-22T13:26:27.8884153Z [36;1mfi[0m
Quarkus IT (ubuntu-latest, container, true)	UNKNOWN STEP	2025-09-22T13:26:27.8884830Z [36;1m./mvnw test -pl quarkus/tests/integration ${PARAMS["container"]} 2>&1 | misc/log/trimmer.sh[0m
Quarkus IT (ubuntu-latest, container, true)	UNKNOWN STEP	2025-09-22T13:26:27.8915538Z shell: /usr/bin/bash --noprofile --norc -e -o pipefail {0}
Quarkus IT (ubuntu-latest, container, true)	UNKNOWN STEP	2025-09-22T13:26:27.8915971Z env:
Quarkus IT (ubuntu-latest, container, true)	UNKNOWN STEP	2025-09-22T13:26:27.8916695Z   MAVEN_ARGS: -B -nsu -Daether.connector.http.connectionMaxTtl=25
Quarkus IT (ubuntu-latest, container, true)	UNKNOWN STEP	2025-09-22T13:26:27.8933546Z   SUREFIRE_RERUN_FAILING_COUNT: 2
Quarkus IT (ubuntu-latest, container, true)	UNKNOWN STEP	2025-09-22T13:26:27.8934099Z   SUREFIRE_RETRY: -Dsurefire.rerunFailingTestsCount=2
Quarkus IT (ubuntu-latest, container, true)	UNKNOWN STEP	2025-09-22T13:26:27.8934735Z   MAVEN_OPTS: -Xmx1536m
Quarkus IT (ubuntu-latest, container, true)	UNKNOWN STEP	2025-09-22T13:26:27.8935503Z   JAVA_HOME: /opt/hostedtoolcache/Java_Temurin-Hotspot_jdk/21.0.8-9/x64
Quarkus IT (ubuntu-latest, container, true)	UNKNOWN STEP	2025-09-22T13:26:27.8936279Z   JAVA_HOME_21_X64: /opt/hostedtoolcache/Java_Temurin-Hotspot_jdk/21.0.8-9/x64
Quarkus IT (ubuntu-latest, container, true)	UNKNOWN STEP	2025-09-22T13:26:27.8937017Z ##[endgroup]
Quarkus IT (ubuntu-latest, container, true)	UNKNOWN STEP	2025-09-22T13:26:28.0299280Z wget: Failed to fetch https://repo.maven.apache.org/maven2/org/apache/maven/apache-maven/3.9.8/apache-maven-3.9.8-bin.zip
Quarkus IT (ubuntu-latest, container, true)	UNKNOWN STEP	2025-09-22T13:26:28.0323245Z ##[error]Process completed with exit code 1.
Quarkus IT (ubuntu-latest, container, true)	UNKNOWN STEP	2025-09-22T13:26:28.0403316Z Post job cleanup.
Quarkus IT (ubuntu-latest, container, true)	UNKNOWN STEP	2025-09-22T13:26:28.0453908Z Post job cleanup.
Quarkus IT (ubuntu-latest, container, true)	UNKNOWN STEP	2025-09-22T13:26:28.2499743Z Post job cleanup.
Quarkus IT (ubuntu-latest, container, true)	UNKNOWN STEP	2025-09-22T13:26:28.3329789Z [command]/usr/bin/git version
Quarkus IT (ubuntu-latest, container, true)	UNKNOWN STEP	2025-09-22T13:26:28.3365298Z git version 2.51.0
Quarkus IT (ubuntu-latest, container, true)	UNKNOWN STEP	2025-09-22T13:26:28.3414070Z Temporarily overriding HOME='/home/runner/work/_temp/0c26e08e-4972-40d0-8232-efe65fd5b534' before making global git config changes
Quarkus IT (ubuntu-latest, container, true)	UNKNOWN STEP	2025-09-22T13:26:28.3421428Z Adding repository directory to the temporary git global config as a safe directory
Quarkus IT (ubuntu-latest, container, true)	UNKNOWN STEP	2025-09-22T13:26:28.3422587Z [command]/usr/bin/git config --global --add safe.directory /home/runner/work/keycloak/keycloak
Quarkus IT (ubuntu-latest, container, true)	UNKNOWN STEP	2025-09-22T13:26:28.3451472Z [command]/usr/bin/git config --local --name-only --get-regexp core\.sshCommand
Quarkus IT (ubuntu-latest, container, true)	UNKNOWN STEP	2025-09-22T13:26:28.3487626Z [command]/usr/bin/git submodule foreach --recursive sh -c "git config --local --name-only --get-regexp 'core\.sshCommand' && git config --local --unset-all 'core.sshCommand' || :"
Quarkus IT (ubuntu-latest, container, true)	UNKNOWN STEP	2025-09-22T13:26:28.3921060Z [command]/usr/bin/git config --local --name-only --get-regexp http\.https\:\/\/github\.com\/\.extraheader
Quarkus IT (ubuntu-latest, container, true)	UNKNOWN STEP	2025-09-22T13:26:28.3948860Z http.https://github.com/.extraheader
Quarkus IT (ubuntu-latest, container, true)	UNKNOWN STEP	2025-09-22T13:26:28.3961492Z [command]/usr/bin/git config --local --unset-all http.https://github.com/.extraheader
Quarkus IT (ubuntu-latest, container, true)	UNKNOWN STEP	2025-09-22T13:26:28.3998539Z [command]/usr/bin/git submodule foreach --recursive sh -c "git config --local --name-only --get-regexp 'http\.https\:\/\/github\.com\/\.extraheader' && git config --local --unset-all 'http.https://github.com/.extraheader' || :"
Quarkus IT (ubuntu-latest, container, true)	UNKNOWN STEP	2025-09-22T13:26:28.4365359Z Cleaning up orphan processes
Status Check - Keycloak CI	UNKNOWN STEP	ï»¿2025-09-22T14:37:30.1642070Z Current runner version: '2.328.0'
Status Check - Keycloak CI	UNKNOWN STEP	2025-09-22T14:37:30.1665041Z ##[group]Runner Image Provisioner
Status Check - Keycloak CI	UNKNOWN STEP	2025-09-22T14:37:30.1665915Z Hosted Compute Agent
Status Check - Keycloak CI	UNKNOWN STEP	2025-09-22T14:37:30.1666465Z Version: 20250829.383
Status Check - Keycloak CI	UNKNOWN STEP	2025-09-22T14:37:30.1667093Z Commit: 27cb235aab5b0e52e153a26cd86b4742e89dac5d
Status Check - Keycloak CI	UNKNOWN STEP	2025-09-22T14:37:30.1668522Z Build Date: 2025-08-29T13:48:48Z
Status Check - Keycloak CI	UNKNOWN STEP	2025-09-22T14:37:30.1669585Z ##[endgroup]
Status Check - Keycloak CI	UNKNOWN STEP	2025-09-22T14:37:30.1670442Z ##[group]Operating System
Status Check - Keycloak CI	UNKNOWN STEP	2025-09-22T14:37:30.1671544Z Ubuntu
Status Check - Keycloak CI	UNKNOWN STEP	2025-09-22T14:37:30.1672317Z 24.04.3
Status Check - Keycloak CI	UNKNOWN STEP	2025-09-22T14:37:30.1673173Z LTS
Status Check - Keycloak CI	UNKNOWN STEP	2025-09-22T14:37:30.1674096Z ##[endgroup]
Status Check - Keycloak CI	UNKNOWN STEP	2025-09-22T14:37:30.1675238Z ##[group]Runner Image
Status Check - Keycloak CI	UNKNOWN STEP	2025-09-22T14:37:30.1676194Z Image: ubuntu-24.04
Status Check - Keycloak CI	UNKNOWN STEP	2025-09-22T14:37:30.1677201Z Version: 20250907.24.1
Status Check - Keycloak CI	UNKNOWN STEP	2025-09-22T14:37:30.1679050Z Included Software: https://github.com/actions/runner-images/blob/ubuntu24/20250907.24/images/ubuntu/Ubuntu2404-Readme.md
Status Check - Keycloak CI	UNKNOWN STEP	2025-09-22T14:37:30.1681553Z Image Release: https://github.com/actions/runner-images/releases/tag/ubuntu24%2F20250907.24
Status Check - Keycloak CI	UNKNOWN STEP	2025-09-22T14:37:30.1683559Z ##[endgroup]
Status Check - Keycloak CI	UNKNOWN STEP	2025-09-22T14:37:30.1685209Z ##[group]GITHUB_TOKEN Permissions
Status Check - Keycloak CI	UNKNOWN STEP	2025-09-22T14:37:30.1687248Z Contents: read
Status Check - Keycloak CI	UNKNOWN STEP	2025-09-22T14:37:30.1687794Z Metadata: read
Status Check - Keycloak CI	UNKNOWN STEP	2025-09-22T14:37:30.1688261Z ##[endgroup]
Status Check - Keycloak CI	UNKNOWN STEP	2025-09-22T14:37:30.1690573Z Secret source: Actions
Status Check - Keycloak CI	UNKNOWN STEP	2025-09-22T14:37:30.1691256Z Prepare workflow directory
Status Check - Keycloak CI	UNKNOWN STEP	2025-09-22T14:37:30.2261398Z Prepare all required actions
Status Check - Keycloak CI	UNKNOWN STEP	2025-09-22T14:37:30.2317374Z Getting action download info
Status Check - Keycloak CI	UNKNOWN STEP	2025-09-22T14:37:30.5456642Z Download action repository 'actions/checkout@08c6903cd8c0fde910a37f88322edcfb5dd907a8' (SHA:08c6903cd8c0fde910a37f88322edcfb5dd907a8)
Status Check - Keycloak CI	UNKNOWN STEP	2025-09-22T14:37:30.7681766Z Complete job name: Status Check - Keycloak CI
Status Check - Keycloak CI	UNKNOWN STEP	2025-09-22T14:37:30.8433708Z ##[group]Run actions/checkout@08c6903cd8c0fde910a37f88322edcfb5dd907a8
Status Check - Keycloak CI	UNKNOWN STEP	2025-09-22T14:37:30.8435093Z with:
Status Check - Keycloak CI	UNKNOWN STEP	2025-09-22T14:37:30.8435504Z   repository: keycloak/keycloak
Status Check - Keycloak CI	UNKNOWN STEP	2025-09-22T14:37:30.8436124Z   token: ***
Status Check - Keycloak CI	UNKNOWN STEP	2025-09-22T14:37:30.8436492Z   ssh-strict: true
Status Check - Keycloak CI	UNKNOWN STEP	2025-09-22T14:37:30.8436867Z   ssh-user: git
Status Check - Keycloak CI	UNKNOWN STEP	2025-09-22T14:37:30.8437283Z   persist-credentials: true
Status Check - Keycloak CI	UNKNOWN STEP	2025-09-22T14:37:30.8437712Z   clean: true
Status Check - Keycloak CI	UNKNOWN STEP	2025-09-22T14:37:30.8438103Z   sparse-checkout-cone-mode: true
Status Check - Keycloak CI	UNKNOWN STEP	2025-09-22T14:37:30.8438559Z   fetch-depth: 1
Status Check - Keycloak CI	UNKNOWN STEP	2025-09-22T14:37:30.8438944Z   fetch-tags: false
Status Check - Keycloak CI	UNKNOWN STEP	2025-09-22T14:37:30.8439339Z   show-progress: true
Status Check - Keycloak CI	UNKNOWN STEP	2025-09-22T14:37:30.8439724Z   lfs: false
Status Check - Keycloak CI	UNKNOWN STEP	2025-09-22T14:37:30.8440089Z   submodules: false
Status Check - Keycloak CI	UNKNOWN STEP	2025-09-22T14:37:30.8440486Z   set-safe-directory: true
Status Check - Keycloak CI	UNKNOWN STEP	2025-09-22T14:37:30.8441126Z env:
Status Check - Keycloak CI	UNKNOWN STEP	2025-09-22T14:37:30.8441648Z   MAVEN_ARGS: -B -nsu -Daether.connector.http.connectionMaxTtl=25
Status Check - Keycloak CI	UNKNOWN STEP	2025-09-22T14:37:30.8442293Z   SUREFIRE_RERUN_FAILING_COUNT: 2
Status Check - Keycloak CI	UNKNOWN STEP	2025-09-22T14:37:30.8442874Z   SUREFIRE_RETRY: -Dsurefire.rerunFailingTestsCount=2
Status Check - Keycloak CI	UNKNOWN STEP	2025-09-22T14:37:30.8443431Z ##[endgroup]
Status Check - Keycloak CI	UNKNOWN STEP	2025-09-22T14:37:30.9368074Z Syncing repository: keycloak/keycloak
Status Check - Keycloak CI	UNKNOWN STEP	2025-09-22T14:37:30.9369862Z ##[group]Getting Git version info
Status Check - Keycloak CI	UNKNOWN STEP	2025-09-22T14:37:30.9370666Z Working directory is '/home/runner/work/keycloak/keycloak'
Status Check - Keycloak CI	UNKNOWN STEP	2025-09-22T14:37:30.9371648Z [command]/usr/bin/git version
Status Check - Keycloak CI	UNKNOWN STEP	2025-09-22T14:37:30.9454052Z git version 2.51.0
Status Check - Keycloak CI	UNKNOWN STEP	2025-09-22T14:37:30.9474641Z ##[endgroup]
Status Check - Keycloak CI	UNKNOWN STEP	2025-09-22T14:37:30.9488462Z Temporarily overriding HOME='/home/runner/work/_temp/117fbe24-b188-470d-b874-d5f91e19233b' before making global git config changes
Status Check - Keycloak CI	UNKNOWN STEP	2025-09-22T14:37:30.9490354Z Adding repository directory to the temporary git global config as a safe directory
Status Check - Keycloak CI	UNKNOWN STEP	2025-09-22T14:37:30.9492930Z [command]/usr/bin/git config --global --add safe.directory /home/runner/work/keycloak/keycloak
Status Check - Keycloak CI	UNKNOWN STEP	2025-09-22T14:37:30.9532163Z Deleting the contents of '/home/runner/work/keycloak/keycloak'
Status Check - Keycloak CI	UNKNOWN STEP	2025-09-22T14:37:30.9536195Z ##[group]Initializing the repository
Status Check - Keycloak CI	UNKNOWN STEP	2025-09-22T14:37:30.9540895Z [command]/usr/bin/git init /home/runner/work/keycloak/keycloak
Status Check - Keycloak CI	UNKNOWN STEP	2025-09-22T14:37:30.9657611Z hint: Using 'master' as the name for the initial branch. This default branch name
Status Check - Keycloak CI	UNKNOWN STEP	2025-09-22T14:37:30.9659140Z hint: is subject to change. To configure the initial branch name to use in all
Status Check - Keycloak CI	UNKNOWN STEP	2025-09-22T14:37:30.9660099Z hint: of your new repositories, which will suppress this warning, call:
Status Check - Keycloak CI	UNKNOWN STEP	2025-09-22T14:37:30.9661582Z hint:
Status Check - Keycloak CI	UNKNOWN STEP	2025-09-22T14:37:30.9662356Z hint: 	git config --global init.defaultBranch <name>
Status Check - Keycloak CI	UNKNOWN STEP	2025-09-22T14:37:30.9663317Z hint:
Status Check - Keycloak CI	UNKNOWN STEP	2025-09-22T14:37:30.9664175Z hint: Names commonly chosen instead of 'master' are 'main', 'trunk' and
Status Check - Keycloak CI	UNKNOWN STEP	2025-09-22T14:37:30.9665758Z hint: 'development'. The just-created branch can be renamed via this command:
Status Check - Keycloak CI	UNKNOWN STEP	2025-09-22T14:37:30.9666465Z hint:
Status Check - Keycloak CI	UNKNOWN STEP	2025-09-22T14:37:30.9666839Z hint: 	git branch -m <name>
Status Check - Keycloak CI	UNKNOWN STEP	2025-09-22T14:37:30.9667279Z hint:
Status Check - Keycloak CI	UNKNOWN STEP	2025-09-22T14:37:30.9667953Z hint: Disable this message with "git config set advice.defaultBranchName false"
Status Check - Keycloak CI	UNKNOWN STEP	2025-09-22T14:37:30.9669683Z Initialized empty Git repository in /home/runner/work/keycloak/keycloak/.git/
Status Check - Keycloak CI	UNKNOWN STEP	2025-09-22T14:37:30.9674765Z [command]/usr/bin/git remote add origin https://github.com/keycloak/keycloak
Status Check - Keycloak CI	UNKNOWN STEP	2025-09-22T14:37:30.9713629Z ##[endgroup]
Status Check - Keycloak CI	UNKNOWN STEP	2025-09-22T14:37:30.9714568Z ##[group]Disabling automatic garbage collection
Status Check - Keycloak CI	UNKNOWN STEP	2025-09-22T14:37:30.9717275Z [command]/usr/bin/git config --local gc.auto 0
Status Check - Keycloak CI	UNKNOWN STEP	2025-09-22T14:37:30.9744910Z ##[endgroup]
Status Check - Keycloak CI	UNKNOWN STEP	2025-09-22T14:37:30.9745565Z ##[group]Setting up auth
Status Check - Keycloak CI	UNKNOWN STEP	2025-09-22T14:37:30.9750927Z [command]/usr/bin/git config --local --name-only --get-regexp core\.sshCommand
Status Check - Keycloak CI	UNKNOWN STEP	2025-09-22T14:37:30.9780757Z [command]/usr/bin/git submodule foreach --recursive sh -c "git config --local --name-only --get-regexp 'core\.sshCommand' && git config --local --unset-all 'core.sshCommand' || :"
Status Check - Keycloak CI	UNKNOWN STEP	2025-09-22T14:37:31.0144940Z [command]/usr/bin/git config --local --name-only --get-regexp http\.https\:\/\/github\.com\/\.extraheader
Status Check - Keycloak CI	UNKNOWN STEP	2025-09-22T14:37:31.0173911Z [command]/usr/bin/git submodule foreach --recursive sh -c "git config --local --name-only --get-regexp 'http\.https\:\/\/github\.com\/\.extraheader' && git config --local --unset-all 'http.https://github.com/.extraheader' || :"
Status Check - Keycloak CI	UNKNOWN STEP	2025-09-22T14:37:31.0389016Z [command]/usr/bin/git config --local http.https://github.com/.extraheader AUTHORIZATION: basic ***
Status Check - Keycloak CI	UNKNOWN STEP	2025-09-22T14:37:31.0423265Z ##[endgroup]
Status Check - Keycloak CI	UNKNOWN STEP	2025-09-22T14:37:31.0424356Z ##[group]Fetching the repository
Status Check - Keycloak CI	UNKNOWN STEP	2025-09-22T14:37:31.0432355Z [command]/usr/bin/git -c protocol.version=2 fetch --no-tags --prune --no-recurse-submodules --depth=1 origin +f560ea8f290e6babf04a17b315a515d1e95e56ef:refs/remotes/origin/main
Status Check - Keycloak CI	UNKNOWN STEP	2025-09-22T14:37:34.6198937Z From https://github.com/keycloak/keycloak
Status Check - Keycloak CI	UNKNOWN STEP	2025-09-22T14:37:34.6200594Z  * [new ref]         f560ea8f290e6babf04a17b315a515d1e95e56ef -> origin/main
Status Check - Keycloak CI	UNKNOWN STEP	2025-09-22T14:37:34.6238004Z ##[endgroup]
Status Check - Keycloak CI	UNKNOWN STEP	2025-09-22T14:37:34.6239296Z ##[group]Determining the checkout info
Status Check - Keycloak CI	UNKNOWN STEP	2025-09-22T14:37:34.6240806Z ##[endgroup]
Status Check - Keycloak CI	UNKNOWN STEP	2025-09-22T14:37:34.6242045Z [command]/usr/bin/git sparse-checkout disable
Status Check - Keycloak CI	UNKNOWN STEP	2025-09-22T14:37:34.6287634Z [command]/usr/bin/git config --local --unset-all extensions.worktreeConfig
Status Check - Keycloak CI	UNKNOWN STEP	2025-09-22T14:37:34.6316725Z ##[group]Checking out the ref
Status Check - Keycloak CI	UNKNOWN STEP	2025-09-22T14:37:34.6321104Z [command]/usr/bin/git checkout --progress --force -B main refs/remotes/origin/main
Status Check - Keycloak CI	UNKNOWN STEP	2025-09-22T14:37:35.4524948Z Switched to a new branch 'main'
Status Check - Keycloak CI	UNKNOWN STEP	2025-09-22T14:37:35.4526244Z branch 'main' set up to track 'origin/main'.
Status Check - Keycloak CI	UNKNOWN STEP	2025-09-22T14:37:35.4559399Z ##[endgroup]
Status Check - Keycloak CI	UNKNOWN STEP	2025-09-22T14:37:35.4598789Z [command]/usr/bin/git log -1 --format=%H
Status Check - Keycloak CI	UNKNOWN STEP	2025-09-22T14:37:35.4621706Z f560ea8f290e6babf04a17b315a515d1e95e56ef
Status Check - Keycloak CI	UNKNOWN STEP	2025-09-22T14:37:35.4903710Z Prepare all required actions
Status Check - Keycloak CI	UNKNOWN STEP	2025-09-22T14:37:35.5013467Z ##[group]Run ./.github/actions/status-check
Status Check - Keycloak CI	UNKNOWN STEP	2025-09-22T14:37:35.5014907Z with:
Status Check - Keycloak CI	UNKNOWN STEP	2025-09-22T14:37:35.5034588Z   jobs: {
Status Check - Keycloak CI	UNKNOWN STEP	  "conditional": {
Status Check - Keycloak CI	UNKNOWN STEP	    "result": "success",
Status Check - Keycloak CI	UNKNOWN STEP	    "outputs": {
Status Check - Keycloak CI	UNKNOWN STEP	      "ci-sssd": "true",
Status Check - Keycloak CI	UNKNOWN STEP	      "ci-webauthn": "true",
Status Check - Keycloak CI	UNKNOWN STEP	      "ci-aurora": "true",
Status Check - Keycloak CI	UNKNOWN STEP	      "ci": "true",
Status Check - Keycloak CI	UNKNOWN STEP	      "ci-quarkus": "true",
Status Check - Keycloak CI	UNKNOWN STEP	      "ci-store": "true"
Status Check - Keycloak CI	UNKNOWN STEP	    }
Status Check - Keycloak CI	UNKNOWN STEP	  },
Status Check - Keycloak CI	UNKNOWN STEP	  "build": {
Status Check - Keycloak CI	UNKNOWN STEP	    "result": "success",
Status Check - Keycloak CI	UNKNOWN STEP	    "outputs": {}
Status Check - Keycloak CI	UNKNOWN STEP	  },
Status Check - Keycloak CI	UNKNOWN STEP	  "unit-tests": {
Status Check - Keycloak CI	UNKNOWN STEP	    "result": "success",
Status Check - Keycloak CI	UNKNOWN STEP	    "outputs": {}
Status Check - Keycloak CI	UNKNOWN STEP	  },
Status Check - Keycloak CI	UNKNOWN STEP	  "base-integration-tests": {
Status Check - Keycloak CI	UNKNOWN STEP	    "result": "success",
Status Check - Keycloak CI	UNKNOWN STEP	    "outputs": {}
Status Check - Keycloak CI	UNKNOWN STEP	  },
Status Check - Keycloak CI	UNKNOWN STEP	  "adapter-integration-tests": {
Status Check - Keycloak CI	UNKNOWN STEP	    "result": "success",
Status Check - Keycloak CI	UNKNOWN STEP	    "outputs": {}
Status Check - Keycloak CI	UNKNOWN STEP	  },
Status Check - Keycloak CI	UNKNOWN STEP	  "adapter-integration-tests-strict-cookies": {
Status Check - Keycloak CI	UNKNOWN STEP	    "result": "success",
Status Check - Keycloak CI	UNKNOWN STEP	    "outputs": {}
Status Check - Keycloak CI	UNKNOWN STEP	  },
Status Check - Keycloak CI	UNKNOWN STEP	  "quarkus-unit-tests": {
Status Check - Keycloak CI	UNKNOWN STEP	    "result": "success",
Status Check - Keycloak CI	UNKNOWN STEP	    "outputs": {}
Status Check - Keycloak CI	UNKNOWN STEP	  },
Status Check - Keycloak CI	UNKNOWN STEP	  "quarkus-integration-tests": {
Status Check - Keycloak CI	UNKNOWN STEP	    "result": "failure",
Status Check - Keycloak CI	UNKNOWN STEP	    "outputs": {}
Status Check - Keycloak CI	UNKNOWN STEP	  },
Status Check - Keycloak CI	UNKNOWN STEP	  "jdk-integration-tests": {
Status Check - Keycloak CI	UNKNOWN STEP	    "result": "success",
Status Check - Keycloak CI	UNKNOWN STEP	    "outputs": {}
Status Check - Keycloak CI	UNKNOWN STEP	  },
Status Check - Keycloak CI	UNKNOWN STEP	  "store-integration-tests": {
Status Check - Keycloak CI	UNKNOWN STEP	    "result": "success",
Status Check - Keycloak CI	UNKNOWN STEP	    "outputs": {}
Status Check - Keycloak CI	UNKNOWN STEP	  },
Status Check - Keycloak CI	UNKNOWN STEP	  "volatile-sessions-tests": {
Status Check - Keycloak CI	UNKNOWN STEP	    "result": "success",
Status Check - Keycloak CI	UNKNOWN STEP	    "outputs": {}
Status Check - Keycloak CI	UNKNOWN STEP	  },
Status Check - Keycloak CI	UNKNOWN STEP	  "store-model-tests": {
Status Check - Keycloak CI	UNKNOWN STEP	    "result": "success",
Status Check - Keycloak CI	UNKNOWN STEP	    "outputs": {}
Status Check - Keycloak CI	UNKNOWN STEP	  },
Status Check - Keycloak CI	UNKNOWN STEP	  "clustering-integration-tests": {
Status Check - Keycloak CI	UNKNOWN STEP	    "result": "success",
Status Check - Keycloak CI	UNKNOWN STEP	    "outputs": {}
Status Check - Keycloak CI	UNKNOWN STEP	  },
Status Check - Keycloak CI	UNKNOWN STEP	  "fips-unit-tests": {
Status Check - Keycloak CI	UNKNOWN STEP	    "result": "success",
Status Check - Keycloak CI	UNKNOWN STEP	    "outputs": {}
Status Check - Keycloak CI	UNKNOWN STEP	  },
Status Check - Keycloak CI	UNKNOWN STEP	  "fips-integration-tests": {
Status Check - Keycloak CI	UNKNOWN STEP	    "result": "success",
Status Check - Keycloak CI	UNKNOWN STEP	    "outputs": {}
Status Check - Keycloak CI	UNKNOWN STEP	  },
Status Check - Keycloak CI	UNKNOWN STEP	  "forms-integration-tests": {
Status Check - Keycloak CI	UNKNOWN STEP	    "result": "success",
Status Check - Keycloak CI	UNKNOWN STEP	    "outputs": {}
Status Check - Keycloak CI	UNKNOWN STEP	  },
Status Check - Keycloak CI	UNKNOWN STEP	  "webauthn-integration-tests": {
Status Check - Keycloak CI	UNKNOWN STEP	    "result": "success",
Status Check - Keycloak CI	UNKNOWN STEP	    "outputs": {}
Status Check - Keycloak CI	UNKNOWN STEP	  },
Status Check - Keycloak CI	UNKNOWN STEP	  "sssd-unit-tests": {
Status Check - Keycloak CI	UNKNOWN STEP	    "result": "success",
Status Check - Keycloak CI	UNKNOWN STEP	    "outputs": {}
Status Check - Keycloak CI	UNKNOWN STEP	  },
Status Check - Keycloak CI	UNKNOWN STEP	  "migration-tests": {
Status Check - Keycloak CI	UNKNOWN STEP	    "result": "success",
Status Check - Keycloak CI	UNKNOWN STEP	    "outputs": {}
Status Check - Keycloak CI	UNKNOWN STEP	  },
Status Check - Keycloak CI	UNKNOWN STEP	  "external-infinispan-tests": {
Status Check - Keycloak CI	UNKNOWN STEP	    "result": "success",
Status Check - Keycloak CI	UNKNOWN STEP	    "outputs": {}
Status Check - Keycloak CI	UNKNOWN STEP	  },
Status Check - Keycloak CI	UNKNOWN STEP	  "test-framework": {
Status Check - Keycloak CI	UNKNOWN STEP	    "result": "success",
Status Check - Keycloak CI	UNKNOWN STEP	    "outputs": {}
Status Check - Keycloak CI	UNKNOWN STEP	  },
Status Check - Keycloak CI	UNKNOWN STEP	  "base-new-integration-tests": {
Status Check - Keycloak CI	UNKNOWN STEP	    "result": "success",
Status Check - Keycloak CI	UNKNOWN STEP	    "outputs": {}
Status Check - Keycloak CI	UNKNOWN STEP	  },
Status Check - Keycloak CI	UNKNOWN STEP	  "mixed-cluster-compatibility-tests": {
Status Check - Keycloak CI	UNKNOWN STEP	    "result": "skipped",
Status Check - Keycloak CI	UNKNOWN STEP	    "outputs": {}
Status Check - Keycloak CI	UNKNOWN STEP	  }
Status Check - Keycloak CI	UNKNOWN STEP	}
Status Check - Keycloak CI	UNKNOWN STEP	2025-09-22T14:37:35.5054066Z env:
Status Check - Keycloak CI	UNKNOWN STEP	2025-09-22T14:37:35.5055290Z   MAVEN_ARGS: -B -nsu -Daether.connector.http.connectionMaxTtl=25
Status Check - Keycloak CI	UNKNOWN STEP	2025-09-22T14:37:35.5056786Z   SUREFIRE_RERUN_FAILING_COUNT: 2
Status Check - Keycloak CI	UNKNOWN STEP	2025-09-22T14:37:35.5058053Z   SUREFIRE_RETRY: -Dsurefire.rerunFailingTestsCount=2
Status Check - Keycloak CI	UNKNOWN STEP	2025-09-22T14:37:35.5059376Z ##[endgroup]
Status Check - Keycloak CI	UNKNOWN STEP	2025-09-22T14:37:35.5177542Z ##[group]Run JOBS='{
Status Check - Keycloak CI	UNKNOWN STEP	2025-09-22T14:37:35.5178615Z [36;1mJOBS='{[0m
Status Check - Keycloak CI	UNKNOWN STEP	2025-09-22T14:37:35.5179527Z [36;1m  "conditional": {[0m
Status Check - Keycloak CI	UNKNOWN STEP	2025-09-22T14:37:35.5180589Z [36;1m    "result": "success",[0m
Status Check - Keycloak CI	UNKNOWN STEP	2025-09-22T14:37:35.5181689Z [36;1m    "outputs": {[0m
Status Check - Keycloak CI	UNKNOWN STEP	2025-09-22T14:37:35.5182696Z [36;1m      "ci-sssd": "true",[0m
Status Check - Keycloak CI	UNKNOWN STEP	2025-09-22T14:37:35.5183805Z [36;1m      "ci-webauthn": "true",[0m
Status Check - Keycloak CI	UNKNOWN STEP	2025-09-22T14:37:35.5185220Z [36;1m      "ci-aurora": "true",[0m
Status Check - Keycloak CI	UNKNOWN STEP	2025-09-22T14:37:35.5186303Z [36;1m      "ci": "true",[0m
Status Check - Keycloak CI	UNKNOWN STEP	2025-09-22T14:37:35.5187337Z [36;1m      "ci-quarkus": "true",[0m
Status Check - Keycloak CI	UNKNOWN STEP	2025-09-22T14:37:35.5188457Z [36;1m      "ci-store": "true"[0m
Status Check - Keycloak CI	UNKNOWN STEP	2025-09-22T14:37:35.5189495Z [36;1m    }[0m
Status Check - Keycloak CI	UNKNOWN STEP	2025-09-22T14:37:35.5190327Z [36;1m  },[0m
Status Check - Keycloak CI	UNKNOWN STEP	2025-09-22T14:37:35.5191167Z [36;1m  "build": {[0m
Status Check - Keycloak CI	UNKNOWN STEP	2025-09-22T14:37:35.5192095Z [36;1m    "result": "success",[0m
Status Check - Keycloak CI	UNKNOWN STEP	2025-09-22T14:37:35.5193181Z [36;1m    "outputs": {}[0m
Status Check - Keycloak CI	UNKNOWN STEP	2025-09-22T14:37:35.5194146Z [36;1m  },[0m
Status Check - Keycloak CI	UNKNOWN STEP	2025-09-22T14:37:35.5195107Z [36;1m  "unit-tests": {[0m
Status Check - Keycloak CI	UNKNOWN STEP	2025-09-22T14:37:35.5196135Z [36;1m    "result": "success",[0m
Status Check - Keycloak CI	UNKNOWN STEP	2025-09-22T14:37:35.5197190Z [36;1m    "outputs": {}[0m
Status Check - Keycloak CI	UNKNOWN STEP	2025-09-22T14:37:35.5198124Z [36;1m  },[0m
Status Check - Keycloak CI	UNKNOWN STEP	2025-09-22T14:37:35.5199009Z [36;1m  "base-integration-tests": {[0m
Status Check - Keycloak CI	UNKNOWN STEP	2025-09-22T14:37:35.5200128Z [36;1m    "result": "success",[0m
Status Check - Keycloak CI	UNKNOWN STEP	2025-09-22T14:37:35.5201144Z [36;1m    "outputs": {}[0m
Status Check - Keycloak CI	UNKNOWN STEP	2025-09-22T14:37:35.5202058Z [36;1m  },[0m
Status Check - Keycloak CI	UNKNOWN STEP	2025-09-22T14:37:35.5202941Z [36;1m  "adapter-integration-tests": {[0m
Status Check - Keycloak CI	UNKNOWN STEP	2025-09-22T14:37:35.5204074Z [36;1m    "result": "success",[0m
Status Check - Keycloak CI	UNKNOWN STEP	2025-09-22T14:37:35.5205556Z [36;1m    "outputs": {}[0m
Status Check - Keycloak CI	UNKNOWN STEP	2025-09-22T14:37:35.5206484Z [36;1m  },[0m
Status Check - Keycloak CI	UNKNOWN STEP	2025-09-22T14:37:35.5207551Z [36;1m  "adapter-integration-tests-strict-cookies": {[0m
Status Check - Keycloak CI	UNKNOWN STEP	2025-09-22T14:37:35.5208876Z [36;1m    "result": "success",[0m
Status Check - Keycloak CI	UNKNOWN STEP	2025-09-22T14:37:35.5209880Z [36;1m    "outputs": {}[0m
Status Check - Keycloak CI	UNKNOWN STEP	2025-09-22T14:37:35.5210768Z [36;1m  },[0m
Status Check - Keycloak CI	UNKNOWN STEP	2025-09-22T14:37:35.5211606Z [36;1m  "quarkus-unit-tests": {[0m
Status Check - Keycloak CI	UNKNOWN STEP	2025-09-22T14:37:35.5212651Z [36;1m    "result": "success",[0m
Status Check - Keycloak CI	UNKNOWN STEP	2025-09-22T14:37:35.5213654Z [36;1m    "outputs": {}[0m
Status Check - Keycloak CI	UNKNOWN STEP	2025-09-22T14:37:35.5214666Z [36;1m  },[0m
Status Check - Keycloak CI	UNKNOWN STEP	2025-09-22T14:37:35.5215531Z [36;1m  "quarkus-integration-tests": {[0m
Status Check - Keycloak CI	UNKNOWN STEP	2025-09-22T14:37:35.5216694Z [36;1m    "result": "failure",[0m
Status Check - Keycloak CI	UNKNOWN STEP	2025-09-22T14:37:35.5217693Z [36;1m    "outputs": {}[0m
Status Check - Keycloak CI	UNKNOWN STEP	2025-09-22T14:37:35.5218588Z [36;1m  },[0m
Status Check - Keycloak CI	UNKNOWN STEP	2025-09-22T14:37:35.5219411Z [36;1m  "jdk-integration-tests": {[0m
Status Check - Keycloak CI	UNKNOWN STEP	2025-09-22T14:37:35.5220662Z [36;1m    "result": "success",[0m
Status Check - Keycloak CI	UNKNOWN STEP	2025-09-22T14:37:35.5221654Z [36;1m    "outputs": {}[0m
Status Check - Keycloak CI	UNKNOWN STEP	2025-09-22T14:37:35.5222543Z [36;1m  },[0m
Status Check - Keycloak CI	UNKNOWN STEP	2025-09-22T14:37:35.5223391Z [36;1m  "store-integration-tests": {[0m
Status Check - Keycloak CI	UNKNOWN STEP	2025-09-22T14:37:35.5224636Z [36;1m    "result": "success",[0m
Status Check - Keycloak CI	UNKNOWN STEP	2025-09-22T14:37:35.5225653Z [36;1m    "outputs": {}[0m
Status Check - Keycloak CI	UNKNOWN STEP	2025-09-22T14:37:35.5226532Z [36;1m  },[0m
Status Check - Keycloak CI	UNKNOWN STEP	2025-09-22T14:37:35.5227373Z [36;1m  "volatile-sessions-tests": {[0m
Status Check - Keycloak CI	UNKNOWN STEP	2025-09-22T14:37:35.5228475Z [36;1m    "result": "success",[0m
Status Check - Keycloak CI	UNKNOWN STEP	2025-09-22T14:37:35.5229546Z [36;1m    "outputs": {}[0m
Status Check - Keycloak CI	UNKNOWN STEP	2025-09-22T14:37:35.5230452Z [36;1m  },[0m
Status Check - Keycloak CI	UNKNOWN STEP	2025-09-22T14:37:35.5231251Z [36;1m  "store-model-tests": {[0m
Status Check - Keycloak CI	UNKNOWN STEP	2025-09-22T14:37:35.5232279Z [36;1m    "result": "success",[0m
Status Check - Keycloak CI	UNKNOWN STEP	2025-09-22T14:37:35.5233284Z [36;1m    "outputs": {}[0m
Status Check - Keycloak CI	UNKNOWN STEP	2025-09-22T14:37:35.5234180Z [36;1m  },[0m
Status Check - Keycloak CI	UNKNOWN STEP	2025-09-22T14:37:35.5235224Z [36;1m  "clustering-integration-tests": {[0m
Status Check - Keycloak CI	UNKNOWN STEP	2025-09-22T14:37:35.5236392Z [36;1m    "result": "success",[0m
Status Check - Keycloak CI	UNKNOWN STEP	2025-09-22T14:37:35.5237411Z [36;1m    "outputs": {}[0m
Status Check - Keycloak CI	UNKNOWN STEP	2025-09-22T14:37:35.5238290Z [36;1m  },[0m
Status Check - Keycloak CI	UNKNOWN STEP	2025-09-22T14:37:35.5239095Z [36;1m  "fips-unit-tests": {[0m
Status Check - Keycloak CI	UNKNOWN STEP	2025-09-22T14:37:35.5240111Z [36;1m    "result": "success",[0m
Status Check - Keycloak CI	UNKNOWN STEP	2025-09-22T14:37:35.5241111Z [36;1m    "outputs": {}[0m
Status Check - Keycloak CI	UNKNOWN STEP	2025-09-22T14:37:35.5242002Z [36;1m  },[0m
Status Check - Keycloak CI	UNKNOWN STEP	2025-09-22T14:37:35.5242842Z [36;1m  "fips-integration-tests": {[0m
Status Check - Keycloak CI	UNKNOWN STEP	2025-09-22T14:37:35.5243928Z [36;1m    "result": "success",[0m
Status Check - Keycloak CI	UNKNOWN STEP	2025-09-22T14:37:35.5245042Z [36;1m    "outputs": {}[0m
Status Check - Keycloak CI	UNKNOWN STEP	2025-09-22T14:37:35.5245932Z [36;1m  },[0m
Status Check - Keycloak CI	UNKNOWN STEP	2025-09-22T14:37:35.5246784Z [36;1m  "forms-integration-tests": {[0m
Status Check - Keycloak CI	UNKNOWN STEP	2025-09-22T14:37:35.5247888Z [36;1m    "result": "success",[0m
Status Check - Keycloak CI	UNKNOWN STEP	2025-09-22T14:37:35.5248882Z [36;1m    "outputs": {}[0m
Status Check - Keycloak CI	UNKNOWN STEP	2025-09-22T14:37:35.5249821Z [36;1m  },[0m
Status Check - Keycloak CI	UNKNOWN STEP	2025-09-22T14:37:35.5250689Z [36;1m  "webauthn-integration-tests": {[0m
Status Check - Keycloak CI	UNKNOWN STEP	2025-09-22T14:37:35.5251821Z [36;1m    "result": "success",[0m
Status Check - Keycloak CI	UNKNOWN STEP	2025-09-22T14:37:35.5252805Z [36;1m    "outputs": {}[0m
Status Check - Keycloak CI	UNKNOWN STEP	2025-09-22T14:37:35.5253705Z [36;1m  },[0m
Status Check - Keycloak CI	UNKNOWN STEP	2025-09-22T14:37:35.5254594Z [36;1m  "sssd-unit-tests": {[0m
Status Check - Keycloak CI	UNKNOWN STEP	2025-09-22T14:37:35.5255614Z [36;1m    "result": "success",[0m
Status Check - Keycloak CI	UNKNOWN STEP	2025-09-22T14:37:35.5256616Z [36;1m    "outputs": {}[0m
Status Check - Keycloak CI	UNKNOWN STEP	2025-09-22T14:37:35.5257507Z [36;1m  },[0m
Status Check - Keycloak CI	UNKNOWN STEP	2025-09-22T14:37:35.5258306Z [36;1m  "migration-tests": {[0m
Status Check - Keycloak CI	UNKNOWN STEP	2025-09-22T14:37:35.5259301Z [36;1m    "result": "success",[0m
Status Check - Keycloak CI	UNKNOWN STEP	2025-09-22T14:37:35.5260295Z [36;1m    "outputs": {}[0m
Status Check - Keycloak CI	UNKNOWN STEP	2025-09-22T14:37:35.5261179Z [36;1m  },[0m
Status Check - Keycloak CI	UNKNOWN STEP	2025-09-22T14:37:35.5262037Z [36;1m  "external-infinispan-tests": {[0m
Status Check - Keycloak CI	UNKNOWN STEP	2025-09-22T14:37:35.5263146Z [36;1m    "result": "success",[0m
Status Check - Keycloak CI	UNKNOWN STEP	2025-09-22T14:37:35.5264144Z [36;1m    "outputs": {}[0m
Status Check - Keycloak CI	UNKNOWN STEP	2025-09-22T14:37:35.5265184Z [36;1m  },[0m
Status Check - Keycloak CI	UNKNOWN STEP	2025-09-22T14:37:35.5265984Z [36;1m  "test-framework": {[0m
Status Check - Keycloak CI	UNKNOWN STEP	2025-09-22T14:37:35.5266973Z [36;1m    "result": "success",[0m
Status Check - Keycloak CI	UNKNOWN STEP	2025-09-22T14:37:35.5267960Z [36;1m    "outputs": {}[0m
Status Check - Keycloak CI	UNKNOWN STEP	2025-09-22T14:37:35.5268847Z [36;1m  },[0m
Status Check - Keycloak CI	UNKNOWN STEP	2025-09-22T14:37:35.5269702Z [36;1m  "base-new-integration-tests": {[0m
Status Check - Keycloak CI	UNKNOWN STEP	2025-09-22T14:37:35.5270847Z [36;1m    "result": "success",[0m
Status Check - Keycloak CI	UNKNOWN STEP	2025-09-22T14:37:35.5271844Z [36;1m    "outputs": {}[0m
Status Check - Keycloak CI	UNKNOWN STEP	2025-09-22T14:37:35.5272736Z [36;1m  },[0m
Status Check - Keycloak CI	UNKNOWN STEP	2025-09-22T14:37:35.5273821Z [36;1m  "mixed-cluster-compatibility-tests": {[0m
Status Check - Keycloak CI	UNKNOWN STEP	2025-09-22T14:37:35.5275151Z [36;1m    "result": "skipped",[0m
Status Check - Keycloak CI	UNKNOWN STEP	2025-09-22T14:37:35.5276153Z [36;1m    "outputs": {}[0m
Status Check - Keycloak CI	UNKNOWN STEP	2025-09-22T14:37:35.5277032Z [36;1m  }[0m
Status Check - Keycloak CI	UNKNOWN STEP	2025-09-22T14:37:35.5277756Z [36;1m}'[0m
Status Check - Keycloak CI	UNKNOWN STEP	2025-09-22T14:37:35.5278480Z [36;1m[0m
Status Check - Keycloak CI	UNKNOWN STEP	2025-09-22T14:37:35.5279221Z [36;1mecho "Job status:"[0m
Status Check - Keycloak CI	UNKNOWN STEP	2025-09-22T14:37:35.5280488Z [36;1mecho $JOBS | jq -r 'to_entries[] | " - \(.key): \(.value.result)"'[0m
Status Check - Keycloak CI	UNKNOWN STEP	2025-09-22T14:37:35.5281847Z [36;1m[0m
Status Check - Keycloak CI	UNKNOWN STEP	2025-09-22T14:37:35.5282898Z [36;1mfor i in $(echo $JOBS | jq -r 'to_entries[] | .value.result'); do[0m
Status Check - Keycloak CI	UNKNOWN STEP	2025-09-22T14:37:35.5284548Z [36;1m  if [ "$i" != "success" ] && [ "$i" != "skipped" ]; then[0m
Status Check - Keycloak CI	UNKNOWN STEP	2025-09-22T14:37:35.5285757Z [36;1m    echo ""[0m
Status Check - Keycloak CI	UNKNOWN STEP	2025-09-22T14:37:35.5286804Z [36;1m    echo "Status check not okay!"[0m
Status Check - Keycloak CI	UNKNOWN STEP	2025-09-22T14:37:35.5287878Z [36;1m    exit 1[0m
Status Check - Keycloak CI	UNKNOWN STEP	2025-09-22T14:37:35.5288666Z [36;1m  fi[0m
Status Check - Keycloak CI	UNKNOWN STEP	2025-09-22T14:37:35.5289408Z [36;1mdone[0m
Status Check - Keycloak CI	UNKNOWN STEP	2025-09-22T14:37:35.5349133Z shell: /usr/bin/bash --noprofile --norc -e -o pipefail {0}
Status Check - Keycloak CI	UNKNOWN STEP	2025-09-22T14:37:35.5350455Z env:
Status Check - Keycloak CI	UNKNOWN STEP	2025-09-22T14:37:35.5351534Z   MAVEN_ARGS: -B -nsu -Daether.connector.http.connectionMaxTtl=25
Status Check - Keycloak CI	UNKNOWN STEP	2025-09-22T14:37:35.5352963Z   SUREFIRE_RERUN_FAILING_COUNT: 2
Status Check - Keycloak CI	UNKNOWN STEP	2025-09-22T14:37:35.5354172Z   SUREFIRE_RETRY: -Dsurefire.rerunFailingTestsCount=2
Status Check - Keycloak CI	UNKNOWN STEP	2025-09-22T14:37:35.5355648Z ##[endgroup]
Status Check - Keycloak CI	UNKNOWN STEP	2025-09-22T14:37:35.5435813Z Job status:
Status Check - Keycloak CI	UNKNOWN STEP	2025-09-22T14:37:35.5489305Z  - conditional: success
Status Check - Keycloak CI	UNKNOWN STEP	2025-09-22T14:37:35.5490324Z  - build: success
Status Check - Keycloak CI	UNKNOWN STEP	2025-09-22T14:37:35.5491127Z  - unit-tests: success
Status Check - Keycloak CI	UNKNOWN STEP	2025-09-22T14:37:35.5492036Z  - base-integration-tests: success
Status Check - Keycloak CI	UNKNOWN STEP	2025-09-22T14:37:35.5493120Z  - adapter-integration-tests: success
Status Check - Keycloak CI	UNKNOWN STEP	2025-09-22T14:37:35.5494633Z  - adapter-integration-tests-strict-cookies: success
Status Check - Keycloak CI	UNKNOWN STEP	2025-09-22T14:37:35.5496227Z  - quarkus-unit-tests: success
Status Check - Keycloak CI	UNKNOWN STEP	2025-09-22T14:37:35.5497896Z  - quarkus-integration-tests: failure
Status Check - Keycloak CI	UNKNOWN STEP	2025-09-22T14:37:35.5499126Z  - jdk-integration-tests: success
Status Check - Keycloak CI	UNKNOWN STEP	2025-09-22T14:37:35.5500176Z  - store-integration-tests: success
Status Check - Keycloak CI	UNKNOWN STEP	2025-09-22T14:37:35.5501236Z  - volatile-sessions-tests: success
Status Check - Keycloak CI	UNKNOWN STEP	2025-09-22T14:37:35.5502259Z  - store-model-tests: success
Status Check - Keycloak CI	UNKNOWN STEP	2025-09-22T14:37:35.5503281Z  - clustering-integration-tests: success
Status Check - Keycloak CI	UNKNOWN STEP	2025-09-22T14:37:35.5504642Z  - fips-unit-tests: success
Status Check - Keycloak CI	UNKNOWN STEP	2025-09-22T14:37:35.5505663Z  - fips-integration-tests: success
Status Check - Keycloak CI	UNKNOWN STEP	2025-09-22T14:37:35.5506736Z  - forms-integration-tests: success
Status Check - Keycloak CI	UNKNOWN STEP	2025-09-22T14:37:35.5507963Z  - webauthn-integration-tests: success
Status Check - Keycloak CI	UNKNOWN STEP	2025-09-22T14:37:35.5509163Z  - sssd-unit-tests: success
Status Check - Keycloak CI	UNKNOWN STEP	2025-09-22T14:37:35.5510146Z  - migration-tests: success
Status Check - Keycloak CI	UNKNOWN STEP	2025-09-22T14:37:35.5511161Z  - external-infinispan-tests: success
Status Check - Keycloak CI	UNKNOWN STEP	2025-09-22T14:37:35.5512242Z  - test-framework: success
Status Check - Keycloak CI	UNKNOWN STEP	2025-09-22T14:37:35.5513246Z  - base-new-integration-tests: success
Status Check - Keycloak CI	UNKNOWN STEP	2025-09-22T14:37:35.5514564Z  - mixed-cluster-compatibility-tests: skipped
Status Check - Keycloak CI	UNKNOWN STEP	2025-09-22T14:37:35.5523443Z 
Status Check - Keycloak CI	UNKNOWN STEP	2025-09-22T14:37:35.5524011Z Status check not okay!
Status Check - Keycloak CI	UNKNOWN STEP	2025-09-22T14:37:35.5538924Z ##[error]Process completed with exit code 1.
Status Check - Keycloak CI	UNKNOWN STEP	2025-09-22T14:37:35.5730438Z Post job cleanup.
Status Check - Keycloak CI	UNKNOWN STEP	2025-09-22T14:37:35.6535865Z [command]/usr/bin/git version
Status Check - Keycloak CI	UNKNOWN STEP	2025-09-22T14:37:35.6571943Z git version 2.51.0
Status Check - Keycloak CI	UNKNOWN STEP	2025-09-22T14:37:35.6608928Z Temporarily overriding HOME='/home/runner/work/_temp/b7676897-699e-48f9-b43d-f55495c7bb25' before making global git config changes
Status Check - Keycloak CI	UNKNOWN STEP	2025-09-22T14:37:35.6611874Z Adding repository directory to the temporary git global config as a safe directory
Status Check - Keycloak CI	UNKNOWN STEP	2025-09-22T14:37:35.6614946Z [command]/usr/bin/git config --global --add safe.directory /home/runner/work/keycloak/keycloak
Status Check - Keycloak CI	UNKNOWN STEP	2025-09-22T14:37:35.6648361Z [command]/usr/bin/git config --local --name-only --get-regexp core\.sshCommand
Status Check - Keycloak CI	UNKNOWN STEP	2025-09-22T14:37:35.6679861Z [command]/usr/bin/git submodule foreach --recursive sh -c "git config --local --name-only --get-regexp 'core\.sshCommand' && git config --local --unset-all 'core.sshCommand' || :"
Status Check - Keycloak CI	UNKNOWN STEP	2025-09-22T14:37:35.6927026Z [command]/usr/bin/git config --local --name-only --get-regexp http\.https\:\/\/github\.com\/\.extraheader
Status Check - Keycloak CI	UNKNOWN STEP	2025-09-22T14:37:35.6947995Z http.https://github.com/.extraheader
Status Check - Keycloak CI	UNKNOWN STEP	2025-09-22T14:37:35.6957921Z [command]/usr/bin/git config --local --unset-all http.https://github.com/.extraheader
Status Check - Keycloak CI	UNKNOWN STEP	2025-09-22T14:37:35.6991017Z [command]/usr/bin/git submodule foreach --recursive sh -c "git config --local --name-only --get-regexp 'http\.https\:\/\/github\.com\/\.extraheader' && git config --local --unset-all 'http.https://github.com/.extraheader' || :"
Status Check - Keycloak CI	UNKNOWN STEP	2025-09-22T14:37:35.7363050Z Cleaning up orphan processes
