Build	Build Keycloak	2023-03-06T02:30:10.3800584Z Prepare all required actions
Build	Build Keycloak	2023-03-06T02:30:10.3801282Z Getting action download info
Build	Build Keycloak	2023-03-06T02:30:10.6088072Z Download action repository 'actions/setup-java@v3' (SHA:3f07048e3d294f56e9b90ac5ea2c6f74e9ad0f98)
Build	Build Keycloak	2023-03-06T02:30:11.2409728Z Download action repository 'actions/upload-artifact@v3' (SHA:0b7f8abb1508181956e8e162db84b466c27e18ce)
Build	Build Keycloak	2023-03-06T02:30:11.7455705Z ##[group]Run ./.github/actions/build-keycloak
Build	Build Keycloak	2023-03-06T02:30:11.7455969Z with:
Build	Build Keycloak	2023-03-06T02:30:11.7456431Z   upload-m2-repo: true
Build	Build Keycloak	2023-03-06T02:30:11.7456699Z   upload-dist: false
Build	Build Keycloak	2023-03-06T02:30:11.7456921Z   jdk-dist: temurin
Build	Build Keycloak	2023-03-06T02:30:11.7457118Z   jdk-version: 17
Build	Build Keycloak	2023-03-06T02:30:11.7457320Z env:
Build	Build Keycloak	2023-03-06T02:30:11.7457520Z   DEFAULT_JDK_VERSION: 17
Build	Build Keycloak	2023-03-06T02:30:11.7457738Z   DEFAULT_JDK_DIST: temurin
Build	Build Keycloak	2023-03-06T02:30:11.7457983Z   SUREFIRE_RERUN_FAILING_COUNT: 2
Build	Build Keycloak	2023-03-06T02:30:11.7458214Z ##[endgroup]
Build	Build Keycloak	2023-03-06T02:30:11.7798022Z ##[group]Run actions/setup-java@v3
Build	Build Keycloak	2023-03-06T02:30:11.7798261Z with:
Build	Build Keycloak	2023-03-06T02:30:11.7798516Z   distribution: temurin
Build	Build Keycloak	2023-03-06T02:30:11.7799451Z   java-version: 17
Build	Build Keycloak	2023-03-06T02:30:11.7799692Z   java-package: jdk
Build	Build Keycloak	2023-03-06T02:30:11.7799918Z   check-latest: false
Build	Build Keycloak	2023-03-06T02:30:11.7800125Z   server-id: github
Build	Build Keycloak	2023-03-06T02:30:11.7800477Z   server-username: GITHUB_ACTOR
Build	Build Keycloak	2023-03-06T02:30:11.7800882Z   server-password: GITHUB_TOKEN
Build	Build Keycloak	2023-03-06T02:30:11.7801139Z   overwrite-settings: true
Build	Build Keycloak	2023-03-06T02:30:11.7801397Z   job-status: success
Build	Build Keycloak	2023-03-06T02:30:11.7801818Z   token: ***
Build	Build Keycloak	2023-03-06T02:30:11.7802020Z env:
Build	Build Keycloak	2023-03-06T02:30:11.7802233Z   DEFAULT_JDK_VERSION: 17
Build	Build Keycloak	2023-03-06T02:30:11.7802476Z   DEFAULT_JDK_DIST: temurin
Build	Build Keycloak	2023-03-06T02:30:11.7802717Z   SUREFIRE_RERUN_FAILING_COUNT: 2
Build	Build Keycloak	2023-03-06T02:30:11.7802965Z ##[endgroup]
Build	Build Keycloak	2023-03-06T02:30:12.0529404Z ##[group]Installed distributions
Build	Build Keycloak	2023-03-06T02:30:12.0615189Z Resolved Java 17.0.6+10 from tool-cache
Build	Build Keycloak	2023-03-06T02:30:12.0615846Z Setting Java 17.0.6+10 as the default
Build	Build Keycloak	2023-03-06T02:30:12.0644685Z Creating toolchains.xml for JDK version 17 from temurin
Build	Build Keycloak	2023-03-06T02:30:12.0795474Z Writing to /home/runner/.m2/toolchains.xml
Build	Build Keycloak	2023-03-06T02:30:12.0796277Z 
Build	Build Keycloak	2023-03-06T02:30:12.0796803Z Java configuration:
Build	Build Keycloak	2023-03-06T02:30:12.0797160Z   Distribution: temurin
Build	Build Keycloak	2023-03-06T02:30:12.0798423Z   Version: 17.0.6+10
Build	Build Keycloak	2023-03-06T02:30:12.0799150Z   Path: /opt/hostedtoolcache/Java_Temurin-Hotspot_jdk/17.0.6-10/x64
Build	Build Keycloak	2023-03-06T02:30:12.0799548Z 
Build	Build Keycloak	2023-03-06T02:30:12.0801007Z ##[endgroup]
Build	Build Keycloak	2023-03-06T02:30:12.0827468Z Creating settings.xml with server-id: github
Build	Build Keycloak	2023-03-06T02:30:12.0884476Z Writing to /home/runner/.m2/settings.xml
Build	Build Keycloak	2023-03-06T02:30:12.1051091Z Prepare all required actions
Build	Build Keycloak	2023-03-06T02:30:12.1051444Z Getting action download info
Build	Build Keycloak	2023-03-06T02:30:12.3103824Z Download action repository 'actions/cache@v3' (SHA:69d9d449aced6a2ede0bc19182fadc3a0a42d2b0)
Build	Build Keycloak	2023-03-06T02:30:12.9330006Z ##[group]Run ./.github/actions/maven-cache
Build	Build Keycloak	2023-03-06T02:30:12.9330284Z env:
Build	Build Keycloak	2023-03-06T02:30:12.9330910Z   DEFAULT_JDK_VERSION: 17
Build	Build Keycloak	2023-03-06T02:30:12.9331162Z   DEFAULT_JDK_DIST: temurin
Build	Build Keycloak	2023-03-06T02:30:12.9331437Z   SUREFIRE_RERUN_FAILING_COUNT: 2
Build	Build Keycloak	2023-03-06T02:30:12.9332114Z   JAVA_HOME: /opt/hostedtoolcache/Java_Temurin-Hotspot_jdk/17.0.6-10/x64
Build	Build Keycloak	2023-03-06T02:30:12.9332526Z   JAVA_HOME_17_X64: /opt/hostedtoolcache/Java_Temurin-Hotspot_jdk/17.0.6-10/x64
Build	Build Keycloak	2023-03-06T02:30:12.9332850Z ##[endgroup]
Build	Build Keycloak	2023-03-06T02:30:12.9397896Z ##[group]Run echo "key=mvn-`date -u "+%Y-%U"`" >> $GITHUB_OUTPUT
Build	Build Keycloak	2023-03-06T02:30:12.9398322Z [36;1mecho "key=mvn-`date -u "+%Y-%U"`" >> $GITHUB_OUTPUT[0m
Build	Build Keycloak	2023-03-06T02:30:12.9464187Z shell: /usr/bin/bash --noprofile --norc -e -o pipefail {0}
Build	Build Keycloak	2023-03-06T02:30:12.9464507Z env:
Build	Build Keycloak	2023-03-06T02:30:12.9464734Z   DEFAULT_JDK_VERSION: 17
Build	Build Keycloak	2023-03-06T02:30:12.9464972Z   DEFAULT_JDK_DIST: temurin
Build	Build Keycloak	2023-03-06T02:30:12.9465234Z   SUREFIRE_RERUN_FAILING_COUNT: 2
Build	Build Keycloak	2023-03-06T02:30:12.9465576Z   JAVA_HOME: /opt/hostedtoolcache/Java_Temurin-Hotspot_jdk/17.0.6-10/x64
Build	Build Keycloak	2023-03-06T02:30:12.9465982Z   JAVA_HOME_17_X64: /opt/hostedtoolcache/Java_Temurin-Hotspot_jdk/17.0.6-10/x64
Build	Build Keycloak	2023-03-06T02:30:12.9466538Z ##[endgroup]
Build	Build Keycloak	2023-03-06T02:30:12.9718541Z ##[group]Run actions/cache@v3
Build	Build Keycloak	2023-03-06T02:30:12.9718785Z with:
Build	Build Keycloak	2023-03-06T02:30:12.9718996Z   path: ~/.m2/repository
Build	Build Keycloak	2023-03-06T02:30:12.9719209Z   key: mvn-2023-10
Build	Build Keycloak	2023-03-06T02:30:12.9719451Z   enableCrossOsArchive: false
Build	Build Keycloak	2023-03-06T02:30:12.9719712Z   fail-on-cache-miss: false
Build	Build Keycloak	2023-03-06T02:30:12.9719918Z env:
Build	Build Keycloak	2023-03-06T02:30:12.9720124Z   DEFAULT_JDK_VERSION: 17
Build	Build Keycloak	2023-03-06T02:30:12.9720356Z   DEFAULT_JDK_DIST: temurin
Build	Build Keycloak	2023-03-06T02:30:12.9720613Z   SUREFIRE_RERUN_FAILING_COUNT: 2
Build	Build Keycloak	2023-03-06T02:30:12.9720929Z   JAVA_HOME: /opt/hostedtoolcache/Java_Temurin-Hotspot_jdk/17.0.6-10/x64
Build	Build Keycloak	2023-03-06T02:30:12.9721320Z   JAVA_HOME_17_X64: /opt/hostedtoolcache/Java_Temurin-Hotspot_jdk/17.0.6-10/x64
Build	Build Keycloak	2023-03-06T02:30:12.9721622Z ##[endgroup]
Build	Build Keycloak	2023-03-06T02:30:14.6816163Z Received 0 of 584690421 (0.0%), 0.0 MBs/sec
Build	Build Keycloak	2023-03-06T02:30:15.6814429Z Received 88080384 of 584690421 (15.1%), 41.9 MBs/sec
Build	Build Keycloak	2023-03-06T02:30:16.6905730Z Received 218103808 of 584690421 (37.3%), 69.1 MBs/sec
Build	Build Keycloak	2023-03-06T02:30:17.6924696Z Received 322961408 of 584690421 (55.2%), 76.7 MBs/sec
Build	Build Keycloak	2023-03-06T02:30:18.6926232Z Received 432013312 of 584690421 (73.9%), 82.2 MBs/sec
Build	Build Keycloak	2023-03-06T02:30:19.6928908Z Received 524288000 of 584690421 (89.7%), 83.1 MBs/sec
Build	Build Keycloak	2023-03-06T02:30:20.9407899Z Received 584690421 of 584690421 (100.0%), 76.8 MBs/sec
Build	Build Keycloak	2023-03-06T02:30:20.9421979Z Cache Size: ~558 MB (584690421 B)
Build	Build Keycloak	2023-03-06T02:30:20.9543711Z [command]/usr/bin/tar -xf /home/runner/work/_temp/32501ee8-7437-4694-ab68-17360c405fae/cache.tzst -P -C /home/runner/work/keycloak/keycloak --use-compress-program unzstd
Build	Build Keycloak	2023-03-06T02:30:23.7694695Z Cache restored successfully
Build	Build Keycloak	2023-03-06T02:30:23.9942409Z Cache restored from key: mvn-2023-10
Build	Build Keycloak	2023-03-06T02:30:24.0134135Z ##[group]Run if ( stat ~/.m2/repository/org/keycloak &>/dev/null ); then
Build	Build Keycloak	2023-03-06T02:30:24.0134629Z [36;1mif ( stat ~/.m2/repository/org/keycloak &>/dev/null ); then[0m
Build	Build Keycloak	2023-03-06T02:30:24.0136288Z [36;1m  echo "Found org/keycloak artifacts in Maven repository cache"[0m
Build	Build Keycloak	2023-03-06T02:30:24.0136791Z [36;1m  ls ~/.m2/repository/org/keycloak[0m
Build	Build Keycloak	2023-03-06T02:30:24.0137130Z [36;1m  exit 1[0m
Build	Build Keycloak	2023-03-06T02:30:24.0137378Z [36;1mfi[0m
Build	Build Keycloak	2023-03-06T02:30:24.0237591Z shell: /usr/bin/bash --noprofile --norc -e -o pipefail {0}
Build	Build Keycloak	2023-03-06T02:30:24.0237855Z env:
Build	Build Keycloak	2023-03-06T02:30:24.0238056Z   DEFAULT_JDK_VERSION: 17
Build	Build Keycloak	2023-03-06T02:30:24.0238282Z   DEFAULT_JDK_DIST: temurin
Build	Build Keycloak	2023-03-06T02:30:24.0238506Z   SUREFIRE_RERUN_FAILING_COUNT: 2
Build	Build Keycloak	2023-03-06T02:30:24.0238960Z   JAVA_HOME: /opt/hostedtoolcache/Java_Temurin-Hotspot_jdk/17.0.6-10/x64
Build	Build Keycloak	2023-03-06T02:30:24.0239325Z   JAVA_HOME_17_X64: /opt/hostedtoolcache/Java_Temurin-Hotspot_jdk/17.0.6-10/x64
Build	Build Keycloak	2023-03-06T02:30:24.0239602Z ##[endgroup]
Build	Build Keycloak	2023-03-06T02:30:24.0353115Z Found org/keycloak artifacts in Maven repository cache
Build	Build Keycloak	2023-03-06T02:30:24.0368539Z keycloak-common
Build	Build Keycloak	2023-03-06T02:30:24.0369351Z keycloak-operator
Build	Build Keycloak	2023-03-06T02:30:24.0369706Z keycloak-parent
Build	Build Keycloak	2023-03-06T02:30:24.0390670Z ##[error]Process completed with exit code 1.
Status Check - Keycloak CI	Check status	2023-03-06T02:30:47.2469077Z Prepare all required actions
Status Check - Keycloak CI	Check status	2023-03-06T02:30:47.2508091Z ##[group]Run ./.github/actions/checks-job-pass
Status Check - Keycloak CI	Check status	2023-03-06T02:30:47.2508351Z with:
Status Check - Keycloak CI	Check status	2023-03-06T02:30:47.2508533Z   required: true
Status Check - Keycloak CI	Check status	2023-03-06T02:30:47.2508724Z env:
Status Check - Keycloak CI	Check status	2023-03-06T02:30:47.2508920Z   DEFAULT_JDK_VERSION: 17
Status Check - Keycloak CI	Check status	2023-03-06T02:30:47.2509130Z   DEFAULT_JDK_DIST: temurin
Status Check - Keycloak CI	Check status	2023-03-06T02:30:47.2509372Z   SUREFIRE_RERUN_FAILING_COUNT: 2
Status Check - Keycloak CI	Check status	2023-03-06T02:30:47.2509592Z ##[endgroup]
Status Check - Keycloak CI	Check status	2023-03-06T02:30:47.2796631Z ##[group]Run if [ "true" == "false" ]; then
Status Check - Keycloak CI	Check status	2023-03-06T02:30:47.2796974Z [36;1mif [ "true" == "false" ]; then[0m
Status Check - Keycloak CI	Check status	2023-03-06T02:30:47.2797247Z [36;1m  echo "Not required to run, skipping"[0m
Status Check - Keycloak CI	Check status	2023-03-06T02:30:47.2797486Z [36;1melse[0m
Status Check - Keycloak CI	Check status	2023-03-06T02:30:47.2797686Z [36;1m  if [ "" == "success" ]; then[0m
Status Check - Keycloak CI	Check status	2023-03-06T02:30:47.2797918Z [36;1m    echo "Success"[0m
Status Check - Keycloak CI	Check status	2023-03-06T02:30:47.2798126Z [36;1m  else[0m
Status Check - Keycloak CI	Check status	2023-03-06T02:30:47.2798354Z [36;1m    echo "Required to run, but didn't succeed"[0m
Status Check - Keycloak CI	Check status	2023-03-06T02:30:47.2798599Z [36;1m    exit 1[0m
Status Check - Keycloak CI	Check status	2023-03-06T02:30:47.2798871Z [36;1m  fi        [0m
Status Check - Keycloak CI	Check status	2023-03-06T02:30:47.2799059Z [36;1mfi[0m
Status Check - Keycloak CI	Check status	2023-03-06T02:30:47.2857390Z shell: /usr/bin/bash --noprofile --norc -e -o pipefail {0}
Status Check - Keycloak CI	Check status	2023-03-06T02:30:47.2857681Z env:
Status Check - Keycloak CI	Check status	2023-03-06T02:30:47.2857889Z   DEFAULT_JDK_VERSION: 17
Status Check - Keycloak CI	Check status	2023-03-06T02:30:47.2858106Z   DEFAULT_JDK_DIST: temurin
Status Check - Keycloak CI	Check status	2023-03-06T02:30:47.2858340Z   SUREFIRE_RERUN_FAILING_COUNT: 2
Status Check - Keycloak CI	Check status	2023-03-06T02:30:47.2858562Z ##[endgroup]
Status Check - Keycloak CI	Check status	2023-03-06T02:30:47.3016962Z Required to run, but didn't succeed
Status Check - Keycloak CI	Check status	2023-03-06T02:30:47.3037980Z ##[error]Process completed with exit code 1.
