Build	Build Keycloak	2023-03-05T02:32:57.7946163Z Prepare all required actions
Build	Build Keycloak	2023-03-05T02:32:57.7946684Z Getting action download info
Build	Build Keycloak	2023-03-05T02:32:57.9389783Z Download action repository 'actions/setup-java@v3' (SHA:3f07048e3d294f56e9b90ac5ea2c6f74e9ad0f98)
Build	Build Keycloak	2023-03-05T02:32:58.5477544Z Download action repository 'actions/upload-artifact@v3' (SHA:0b7f8abb1508181956e8e162db84b466c27e18ce)
Build	Build Keycloak	2023-03-05T02:32:59.2943019Z ##[group]Run ./.github/actions/build-keycloak
Build	Build Keycloak	2023-03-05T02:32:59.2943269Z with:
Build	Build Keycloak	2023-03-05T02:32:59.2943440Z   upload-m2-repo: true
Build	Build Keycloak	2023-03-05T02:32:59.2943641Z   upload-dist: false
Build	Build Keycloak	2023-03-05T02:32:59.2943833Z   jdk-dist: temurin
Build	Build Keycloak	2023-03-05T02:32:59.2944006Z   jdk-version: 17
Build	Build Keycloak	2023-03-05T02:32:59.2944337Z env:
Build	Build Keycloak	2023-03-05T02:32:59.2944514Z   DEFAULT_JDK_VERSION: 17
Build	Build Keycloak	2023-03-05T02:32:59.2944699Z   DEFAULT_JDK_DIST: temurin
Build	Build Keycloak	2023-03-05T02:32:59.2944909Z   SUREFIRE_RERUN_FAILING_COUNT: 2
Build	Build Keycloak	2023-03-05T02:32:59.2945105Z ##[endgroup]
Build	Build Keycloak	2023-03-05T02:32:59.3292338Z ##[group]Run actions/setup-java@v3
Build	Build Keycloak	2023-03-05T02:32:59.3292541Z with:
Build	Build Keycloak	2023-03-05T02:32:59.3292762Z   distribution: temurin
Build	Build Keycloak	2023-03-05T02:32:59.3292958Z   java-version: 17
Build	Build Keycloak	2023-03-05T02:32:59.3293158Z   java-package: jdk
Build	Build Keycloak	2023-03-05T02:32:59.3293336Z   check-latest: false
Build	Build Keycloak	2023-03-05T02:32:59.3293525Z   server-id: github
Build	Build Keycloak	2023-03-05T02:32:59.3293729Z   server-username: GITHUB_ACTOR
Build	Build Keycloak	2023-03-05T02:32:59.3293947Z   server-password: GITHUB_TOKEN
Build	Build Keycloak	2023-03-05T02:32:59.3294162Z   overwrite-settings: true
Build	Build Keycloak	2023-03-05T02:32:59.3294363Z   job-status: success
Build	Build Keycloak	2023-03-05T02:32:59.3294676Z   token: ***
Build	Build Keycloak	2023-03-05T02:32:59.3294848Z env:
Build	Build Keycloak	2023-03-05T02:32:59.3295022Z   DEFAULT_JDK_VERSION: 17
Build	Build Keycloak	2023-03-05T02:32:59.3295203Z   DEFAULT_JDK_DIST: temurin
Build	Build Keycloak	2023-03-05T02:32:59.3295416Z   SUREFIRE_RERUN_FAILING_COUNT: 2
Build	Build Keycloak	2023-03-05T02:32:59.3295612Z ##[endgroup]
Build	Build Keycloak	2023-03-05T02:32:59.5707435Z ##[group]Installed distributions
Build	Build Keycloak	2023-03-05T02:32:59.5789026Z Resolved Java 17.0.6+10 from tool-cache
Build	Build Keycloak	2023-03-05T02:32:59.5789644Z Setting Java 17.0.6+10 as the default
Build	Build Keycloak	2023-03-05T02:32:59.5818233Z Creating toolchains.xml for JDK version 17 from temurin
Build	Build Keycloak	2023-03-05T02:32:59.5951499Z Writing to /home/runner/.m2/toolchains.xml
Build	Build Keycloak	2023-03-05T02:32:59.5954316Z 
Build	Build Keycloak	2023-03-05T02:32:59.5956621Z Java configuration:
Build	Build Keycloak	2023-03-05T02:32:59.5958116Z   Distribution: temurin
Build	Build Keycloak	2023-03-05T02:32:59.5960651Z   Version: 17.0.6+10
Build	Build Keycloak	2023-03-05T02:32:59.5962318Z   Path: /opt/hostedtoolcache/Java_Temurin-Hotspot_jdk/17.0.6-10/x64
Build	Build Keycloak	2023-03-05T02:32:59.5963906Z 
Build	Build Keycloak	2023-03-05T02:32:59.5965913Z ##[endgroup]
Build	Build Keycloak	2023-03-05T02:32:59.5996043Z Creating settings.xml with server-id: github
Build	Build Keycloak	2023-03-05T02:32:59.6058011Z Writing to /home/runner/.m2/settings.xml
Build	Build Keycloak	2023-03-05T02:32:59.6196745Z Prepare all required actions
Build	Build Keycloak	2023-03-05T02:32:59.6197331Z Getting action download info
Build	Build Keycloak	2023-03-05T02:32:59.7793116Z Download action repository 'actions/cache@v3' (SHA:69d9d449aced6a2ede0bc19182fadc3a0a42d2b0)
Build	Build Keycloak	2023-03-05T02:33:00.4424986Z ##[group]Run ./.github/actions/maven-cache
Build	Build Keycloak	2023-03-05T02:33:00.4425265Z env:
Build	Build Keycloak	2023-03-05T02:33:00.4425463Z   DEFAULT_JDK_VERSION: 17
Build	Build Keycloak	2023-03-05T02:33:00.4425704Z   DEFAULT_JDK_DIST: temurin
Build	Build Keycloak	2023-03-05T02:33:00.4425970Z   SUREFIRE_RERUN_FAILING_COUNT: 2
Build	Build Keycloak	2023-03-05T02:33:00.4426437Z   JAVA_HOME: /opt/hostedtoolcache/Java_Temurin-Hotspot_jdk/17.0.6-10/x64
Build	Build Keycloak	2023-03-05T02:33:00.4426830Z   JAVA_HOME_17_X64: /opt/hostedtoolcache/Java_Temurin-Hotspot_jdk/17.0.6-10/x64
Build	Build Keycloak	2023-03-05T02:33:00.4427127Z ##[endgroup]
Build	Build Keycloak	2023-03-05T02:33:00.4485821Z ##[group]Run echo "key=mvn-`date -u "+%Y-%U"`" >> $GITHUB_OUTPUT
Build	Build Keycloak	2023-03-05T02:33:00.4486232Z [36;1mecho "key=mvn-`date -u "+%Y-%U"`" >> $GITHUB_OUTPUT[0m
Build	Build Keycloak	2023-03-05T02:33:00.4553919Z shell: /usr/bin/bash --noprofile --norc -e -o pipefail {0}
Build	Build Keycloak	2023-03-05T02:33:00.4554563Z env:
Build	Build Keycloak	2023-03-05T02:33:00.4554758Z   DEFAULT_JDK_VERSION: 17
Build	Build Keycloak	2023-03-05T02:33:00.4554982Z   DEFAULT_JDK_DIST: temurin
Build	Build Keycloak	2023-03-05T02:33:00.4555215Z   SUREFIRE_RERUN_FAILING_COUNT: 2
Build	Build Keycloak	2023-03-05T02:33:00.4555506Z   JAVA_HOME: /opt/hostedtoolcache/Java_Temurin-Hotspot_jdk/17.0.6-10/x64
Build	Build Keycloak	2023-03-05T02:33:00.4555867Z   JAVA_HOME_17_X64: /opt/hostedtoolcache/Java_Temurin-Hotspot_jdk/17.0.6-10/x64
Build	Build Keycloak	2023-03-05T02:33:00.4556562Z ##[endgroup]
Build	Build Keycloak	2023-03-05T02:33:00.4799249Z ##[group]Run actions/cache@v3
Build	Build Keycloak	2023-03-05T02:33:00.4799455Z with:
Build	Build Keycloak	2023-03-05T02:33:00.4799627Z   path: ~/.m2/repository
Build	Build Keycloak	2023-03-05T02:33:00.4799798Z   key: mvn-2023-10
Build	Build Keycloak	2023-03-05T02:33:00.4799997Z   enableCrossOsArchive: false
Build	Build Keycloak	2023-03-05T02:33:00.4800212Z   fail-on-cache-miss: false
Build	Build Keycloak	2023-03-05T02:33:00.4800381Z env:
Build	Build Keycloak	2023-03-05T02:33:00.4800550Z   DEFAULT_JDK_VERSION: 17
Build	Build Keycloak	2023-03-05T02:33:00.4800742Z   DEFAULT_JDK_DIST: temurin
Build	Build Keycloak	2023-03-05T02:33:00.4800944Z   SUREFIRE_RERUN_FAILING_COUNT: 2
Build	Build Keycloak	2023-03-05T02:33:00.4801199Z   JAVA_HOME: /opt/hostedtoolcache/Java_Temurin-Hotspot_jdk/17.0.6-10/x64
Build	Build Keycloak	2023-03-05T02:33:00.4801517Z   JAVA_HOME_17_X64: /opt/hostedtoolcache/Java_Temurin-Hotspot_jdk/17.0.6-10/x64
Build	Build Keycloak	2023-03-05T02:33:00.4801760Z ##[endgroup]
Build	Build Keycloak	2023-03-05T02:33:02.0118876Z Received 16777216 of 584690421 (2.9%), 16.0 MBs/sec
Build	Build Keycloak	2023-03-05T02:33:03.0128041Z Received 54525952 of 584690421 (9.3%), 26.0 MBs/sec
Build	Build Keycloak	2023-03-05T02:33:04.0125543Z Received 96468992 of 584690421 (16.5%), 30.6 MBs/sec
Build	Build Keycloak	2023-03-05T02:33:05.0128033Z Received 138412032 of 584690421 (23.7%), 33.0 MBs/sec
Build	Build Keycloak	2023-03-05T02:33:06.0132689Z Received 176160768 of 584690421 (30.1%), 33.6 MBs/sec
Build	Build Keycloak	2023-03-05T02:33:07.0136888Z Received 247463936 of 584690421 (42.3%), 39.3 MBs/sec
Build	Build Keycloak	2023-03-05T02:33:08.0154658Z Received 411041792 of 584690421 (70.3%), 56.0 MBs/sec
Build	Build Keycloak	2023-03-05T02:33:09.0159700Z Received 580496117 of 584690421 (99.3%), 69.2 MBs/sec
Build	Build Keycloak	2023-03-05T02:33:09.5642598Z Received 584690421 of 584690421 (100.0%), 65.2 MBs/sec
Build	Build Keycloak	2023-03-05T02:33:09.5659339Z Cache Size: ~558 MB (584690421 B)
Build	Build Keycloak	2023-03-05T02:33:09.5888197Z [command]/usr/bin/tar -xf /home/runner/work/_temp/881263a6-2154-46ed-8a20-151fa724c083/cache.tzst -P -C /home/runner/work/keycloak/keycloak --use-compress-program unzstd
Build	Build Keycloak	2023-03-05T02:33:12.8565533Z Cache restored successfully
Build	Build Keycloak	2023-03-05T02:33:13.5502480Z Cache restored from key: mvn-2023-10
Build	Build Keycloak	2023-03-05T02:33:13.5647617Z ##[group]Run if ( stat ~/.m2/repository/org/keycloak &>/dev/null ); then
Build	Build Keycloak	2023-03-05T02:33:13.5648155Z [36;1mif ( stat ~/.m2/repository/org/keycloak &>/dev/null ); then[0m
Build	Build Keycloak	2023-03-05T02:33:13.5648491Z [36;1m  echo "Found org/keycloak artifacts in Maven repository cache"[0m
Build	Build Keycloak	2023-03-05T02:33:13.5648789Z [36;1m  ls ~/.m2/repository/org/keycloak[0m
Build	Build Keycloak	2023-03-05T02:33:13.5649001Z [36;1m  exit 1[0m
Build	Build Keycloak	2023-03-05T02:33:13.5649187Z [36;1mfi[0m
Build	Build Keycloak	2023-03-05T02:33:13.5730699Z shell: /usr/bin/bash --noprofile --norc -e -o pipefail {0}
Build	Build Keycloak	2023-03-05T02:33:13.5730968Z env:
Build	Build Keycloak	2023-03-05T02:33:13.5731326Z   DEFAULT_JDK_VERSION: 17
Build	Build Keycloak	2023-03-05T02:33:13.5731925Z   DEFAULT_JDK_DIST: temurin
Build	Build Keycloak	2023-03-05T02:33:13.5732328Z   SUREFIRE_RERUN_FAILING_COUNT: 2
Build	Build Keycloak	2023-03-05T02:33:13.5732627Z   JAVA_HOME: /opt/hostedtoolcache/Java_Temurin-Hotspot_jdk/17.0.6-10/x64
Build	Build Keycloak	2023-03-05T02:33:13.5732982Z   JAVA_HOME_17_X64: /opt/hostedtoolcache/Java_Temurin-Hotspot_jdk/17.0.6-10/x64
Build	Build Keycloak	2023-03-05T02:33:13.5733238Z ##[endgroup]
Build	Build Keycloak	2023-03-05T02:33:13.5857815Z Found org/keycloak artifacts in Maven repository cache
Build	Build Keycloak	2023-03-05T02:33:13.5868936Z keycloak-common
Build	Build Keycloak	2023-03-05T02:33:13.5869366Z keycloak-operator
Build	Build Keycloak	2023-03-05T02:33:13.5870148Z keycloak-parent
Build	Build Keycloak	2023-03-05T02:33:13.5889266Z ##[error]Process completed with exit code 1.
Status Check - Keycloak CI	Check status	2023-03-05T02:33:29.8118449Z Prepare all required actions
Status Check - Keycloak CI	Check status	2023-03-05T02:33:29.8156123Z ##[group]Run ./.github/actions/checks-job-pass
Status Check - Keycloak CI	Check status	2023-03-05T02:33:29.8156363Z with:
Status Check - Keycloak CI	Check status	2023-03-05T02:33:29.8156533Z   required: true
Status Check - Keycloak CI	Check status	2023-03-05T02:33:29.8156707Z env:
Status Check - Keycloak CI	Check status	2023-03-05T02:33:29.8156889Z   DEFAULT_JDK_VERSION: 17
Status Check - Keycloak CI	Check status	2023-03-05T02:33:29.8157091Z   DEFAULT_JDK_DIST: temurin
Status Check - Keycloak CI	Check status	2023-03-05T02:33:29.8157311Z   SUREFIRE_RERUN_FAILING_COUNT: 2
Status Check - Keycloak CI	Check status	2023-03-05T02:33:29.8157515Z ##[endgroup]
Status Check - Keycloak CI	Check status	2023-03-05T02:33:29.8453639Z ##[group]Run if [ "true" == "false" ]; then
Status Check - Keycloak CI	Check status	2023-03-05T02:33:29.8453967Z [36;1mif [ "true" == "false" ]; then[0m
Status Check - Keycloak CI	Check status	2023-03-05T02:33:29.8454228Z [36;1m  echo "Not required to run, skipping"[0m
Status Check - Keycloak CI	Check status	2023-03-05T02:33:29.8454447Z [36;1melse[0m
Status Check - Keycloak CI	Check status	2023-03-05T02:33:29.8454649Z [36;1m  if [ "" == "success" ]; then[0m
Status Check - Keycloak CI	Check status	2023-03-05T02:33:29.8454868Z [36;1m    echo "Success"[0m
Status Check - Keycloak CI	Check status	2023-03-05T02:33:29.8455069Z [36;1m  else[0m
Status Check - Keycloak CI	Check status	2023-03-05T02:33:29.8455296Z [36;1m    echo "Required to run, but didn't succeed"[0m
Status Check - Keycloak CI	Check status	2023-03-05T02:33:29.8455526Z [36;1m    exit 1[0m
Status Check - Keycloak CI	Check status	2023-03-05T02:33:29.8455752Z [36;1m  fi        [0m
Status Check - Keycloak CI	Check status	2023-03-05T02:33:29.8455937Z [36;1mfi[0m
Status Check - Keycloak CI	Check status	2023-03-05T02:33:29.8513566Z shell: /usr/bin/bash --noprofile --norc -e -o pipefail {0}
Status Check - Keycloak CI	Check status	2023-03-05T02:33:29.8513841Z env:
Status Check - Keycloak CI	Check status	2023-03-05T02:33:29.8514041Z   DEFAULT_JDK_VERSION: 17
Status Check - Keycloak CI	Check status	2023-03-05T02:33:29.8514248Z   DEFAULT_JDK_DIST: temurin
Status Check - Keycloak CI	Check status	2023-03-05T02:33:29.8514476Z   SUREFIRE_RERUN_FAILING_COUNT: 2
Status Check - Keycloak CI	Check status	2023-03-05T02:33:29.8514690Z ##[endgroup]
Status Check - Keycloak CI	Check status	2023-03-05T02:33:29.8676326Z Required to run, but didn't succeed
Status Check - Keycloak CI	Check status	2023-03-05T02:33:29.8693964Z ##[error]Process completed with exit code 1.
