Build	Build Keycloak	2023-02-13T02:28:04.0371594Z Prepare all required actions
Build	Build Keycloak	2023-02-13T02:28:04.0371960Z Getting action download info
Build	Build Keycloak	2023-02-13T02:28:04.3554688Z Download action repository 'actions/setup-java@v3' (SHA:3f07048e3d294f56e9b90ac5ea2c6f74e9ad0f98)
Build	Build Keycloak	2023-02-13T02:28:04.8698436Z Download action repository 'actions/upload-artifact@v3' (SHA:0b7f8abb1508181956e8e162db84b466c27e18ce)
Build	Build Keycloak	2023-02-13T02:28:05.0481875Z ##[group]Run ./.github/actions/build-keycloak
Build	Build Keycloak	2023-02-13T02:28:05.0482108Z with:
Build	Build Keycloak	2023-02-13T02:28:05.0482300Z   upload-m2-repo: true
Build	Build Keycloak	2023-02-13T02:28:05.0482513Z   upload-dist: false
Build	Build Keycloak	2023-02-13T02:28:05.0482696Z   jdk-dist: temurin
Build	Build Keycloak	2023-02-13T02:28:05.0482881Z   jdk-version: 11
Build	Build Keycloak	2023-02-13T02:28:05.0483060Z env:
Build	Build Keycloak	2023-02-13T02:28:05.0483232Z   DEFAULT_JDK_VERSION: 11
Build	Build Keycloak	2023-02-13T02:28:05.0483444Z   DEFAULT_JDK_DIST: temurin
Build	Build Keycloak	2023-02-13T02:28:05.0483669Z   SUREFIRE_RERUN_FAILING_COUNT: 2
Build	Build Keycloak	2023-02-13T02:28:05.0483864Z ##[endgroup]
Build	Build Keycloak	2023-02-13T02:28:05.0753231Z ##[group]Run actions/setup-java@v3
Build	Build Keycloak	2023-02-13T02:28:05.0753465Z with:
Build	Build Keycloak	2023-02-13T02:28:05.0753680Z   distribution: temurin
Build	Build Keycloak	2023-02-13T02:28:05.0753891Z   java-version: 11
Build	Build Keycloak	2023-02-13T02:28:05.0754087Z   java-package: jdk
Build	Build Keycloak	2023-02-13T02:28:05.0754274Z   check-latest: false
Build	Build Keycloak	2023-02-13T02:28:05.0754472Z   server-id: github
Build	Build Keycloak	2023-02-13T02:28:05.0754684Z   server-username: GITHUB_ACTOR
Build	Build Keycloak	2023-02-13T02:28:05.0754925Z   server-password: GITHUB_TOKEN
Build	Build Keycloak	2023-02-13T02:28:05.0755146Z   overwrite-settings: true
Build	Build Keycloak	2023-02-13T02:28:05.0755359Z   job-status: success
Build	Build Keycloak	2023-02-13T02:28:05.0755705Z   token: ***
Build	Build Keycloak	2023-02-13T02:28:05.0755870Z env:
Build	Build Keycloak	2023-02-13T02:28:05.0756053Z   DEFAULT_JDK_VERSION: 11
Build	Build Keycloak	2023-02-13T02:28:05.0756265Z   DEFAULT_JDK_DIST: temurin
Build	Build Keycloak	2023-02-13T02:28:05.0756482Z   SUREFIRE_RERUN_FAILING_COUNT: 2
Build	Build Keycloak	2023-02-13T02:28:05.0756689Z ##[endgroup]
Build	Build Keycloak	2023-02-13T02:28:05.2921859Z ##[group]Installed distributions
Build	Build Keycloak	2023-02-13T02:28:05.2980379Z Resolved Java 11.0.18+10 from tool-cache
Build	Build Keycloak	2023-02-13T02:28:05.2980817Z Setting Java 11.0.18+10 as the default
Build	Build Keycloak	2023-02-13T02:28:05.3002138Z Creating toolchains.xml for JDK version 11 from temurin
Build	Build Keycloak	2023-02-13T02:28:05.3103273Z Writing to /home/runner/.m2/toolchains.xml
Build	Build Keycloak	2023-02-13T02:28:05.3104014Z 
Build	Build Keycloak	2023-02-13T02:28:05.3104289Z Java configuration:
Build	Build Keycloak	2023-02-13T02:28:05.3104680Z   Distribution: temurin
Build	Build Keycloak	2023-02-13T02:28:05.3105456Z   Version: 11.0.18+10
Build	Build Keycloak	2023-02-13T02:28:05.3106157Z   Path: /opt/hostedtoolcache/Java_Temurin-Hotspot_jdk/11.0.18-10/x64
Build	Build Keycloak	2023-02-13T02:28:05.3106596Z 
Build	Build Keycloak	2023-02-13T02:28:05.3107090Z ##[endgroup]
Build	Build Keycloak	2023-02-13T02:28:05.3131299Z Creating settings.xml with server-id: github
Build	Build Keycloak	2023-02-13T02:28:05.3149069Z Writing to /home/runner/.m2/settings.xml
Build	Build Keycloak	2023-02-13T02:28:05.3261538Z Prepare all required actions
Build	Build Keycloak	2023-02-13T02:28:05.3261823Z Getting action download info
Build	Build Keycloak	2023-02-13T02:28:05.5046879Z Download action repository 'actions/cache@v3' (SHA:6998d139ddd3e68c71e9e398d8e40b71a2f39812)
Build	Build Keycloak	2023-02-13T02:28:05.8461468Z ##[group]Run ./.github/actions/maven-cache
Build	Build Keycloak	2023-02-13T02:28:05.8461705Z env:
Build	Build Keycloak	2023-02-13T02:28:05.8461882Z   DEFAULT_JDK_VERSION: 11
Build	Build Keycloak	2023-02-13T02:28:05.8462090Z   DEFAULT_JDK_DIST: temurin
Build	Build Keycloak	2023-02-13T02:28:05.8462411Z   SUREFIRE_RERUN_FAILING_COUNT: 2
Build	Build Keycloak	2023-02-13T02:28:05.8462698Z   JAVA_HOME: /opt/hostedtoolcache/Java_Temurin-Hotspot_jdk/11.0.18-10/x64
Build	Build Keycloak	2023-02-13T02:28:05.8463048Z   JAVA_HOME_11_X64: /opt/hostedtoolcache/Java_Temurin-Hotspot_jdk/11.0.18-10/x64
Build	Build Keycloak	2023-02-13T02:28:05.8463306Z ##[endgroup]
Build	Build Keycloak	2023-02-13T02:28:05.8515209Z ##[group]Run echo "key=mvn-`date -u "+%Y-%U"`" >> $GITHUB_OUTPUT
Build	Build Keycloak	2023-02-13T02:28:05.8515590Z [36;1mecho "key=mvn-`date -u "+%Y-%U"`" >> $GITHUB_OUTPUT[0m
Build	Build Keycloak	2023-02-13T02:28:05.8575221Z shell: /usr/bin/bash --noprofile --norc -e -o pipefail {0}
Build	Build Keycloak	2023-02-13T02:28:05.8575506Z env:
Build	Build Keycloak	2023-02-13T02:28:05.8575693Z   DEFAULT_JDK_VERSION: 11
Build	Build Keycloak	2023-02-13T02:28:05.8575914Z   DEFAULT_JDK_DIST: temurin
Build	Build Keycloak	2023-02-13T02:28:05.8576138Z   SUREFIRE_RERUN_FAILING_COUNT: 2
Build	Build Keycloak	2023-02-13T02:28:05.8576433Z   JAVA_HOME: /opt/hostedtoolcache/Java_Temurin-Hotspot_jdk/11.0.18-10/x64
Build	Build Keycloak	2023-02-13T02:28:05.8576788Z   JAVA_HOME_11_X64: /opt/hostedtoolcache/Java_Temurin-Hotspot_jdk/11.0.18-10/x64
Build	Build Keycloak	2023-02-13T02:28:05.8577266Z ##[endgroup]
Build	Build Keycloak	2023-02-13T02:28:05.8785162Z ##[group]Run actions/cache@v3
Build	Build Keycloak	2023-02-13T02:28:05.8785383Z with:
Build	Build Keycloak	2023-02-13T02:28:05.8785564Z   path: ~/.m2/repository
Build	Build Keycloak	2023-02-13T02:28:05.8785754Z   key: mvn-2023-07
Build	Build Keycloak	2023-02-13T02:28:05.8785960Z   enableCrossOsArchive: false
Build	Build Keycloak	2023-02-13T02:28:05.8786426Z   fail-on-cache-miss: false
Build	Build Keycloak	2023-02-13T02:28:05.8786618Z env:
Build	Build Keycloak	2023-02-13T02:28:05.8786800Z   DEFAULT_JDK_VERSION: 11
Build	Build Keycloak	2023-02-13T02:28:05.8787008Z   DEFAULT_JDK_DIST: temurin
Build	Build Keycloak	2023-02-13T02:28:05.8787224Z   SUREFIRE_RERUN_FAILING_COUNT: 2
Build	Build Keycloak	2023-02-13T02:28:05.8787508Z   JAVA_HOME: /opt/hostedtoolcache/Java_Temurin-Hotspot_jdk/11.0.18-10/x64
Build	Build Keycloak	2023-02-13T02:28:05.8787855Z   JAVA_HOME_11_X64: /opt/hostedtoolcache/Java_Temurin-Hotspot_jdk/11.0.18-10/x64
Build	Build Keycloak	2023-02-13T02:28:05.8788117Z ##[endgroup]
Build	Build Keycloak	2023-02-13T02:28:07.2250620Z Received 268435456 of 576606413 (46.6%), 255.7 MBs/sec
Build	Build Keycloak	2023-02-13T02:28:08.2262804Z Received 562036736 of 576606413 (97.5%), 267.6 MBs/sec
Build	Build Keycloak	2023-02-13T02:28:08.6767386Z Received 576606413 of 576606413 (100.0%), 224.2 MBs/sec
Build	Build Keycloak	2023-02-13T02:28:08.6768698Z Cache Size: ~550 MB (576606413 B)
Build	Build Keycloak	2023-02-13T02:28:08.6809787Z [command]/usr/bin/tar -xf /home/runner/work/_temp/a2b2b269-f415-4cab-b2c3-577381db35aa/cache.tzst -P -C /home/runner/work/keycloak/keycloak --use-compress-program unzstd
Build	Build Keycloak	2023-02-13T02:28:11.2292987Z Cache restored successfully
Build	Build Keycloak	2023-02-13T02:28:11.5356360Z Cache restored from key: mvn-2023-07
Build	Build Keycloak	2023-02-13T02:28:11.5491596Z ##[group]Run if ( stat ~/.m2/repository/org/keycloak &>/dev/null ); then
Build	Build Keycloak	2023-02-13T02:28:11.5492044Z [36;1mif ( stat ~/.m2/repository/org/keycloak &>/dev/null ); then[0m
Build	Build Keycloak	2023-02-13T02:28:11.5492465Z [36;1m  echo "Found org/keycloak artifacts in Maven repository cache"[0m
Build	Build Keycloak	2023-02-13T02:28:11.5492841Z [36;1m  ls ~/.m2/repository/org/keycloak[0m
Build	Build Keycloak	2023-02-13T02:28:11.5493157Z [36;1m  exit 1[0m
Build	Build Keycloak	2023-02-13T02:28:11.5493368Z [36;1mfi[0m
Build	Build Keycloak	2023-02-13T02:28:11.5546311Z shell: /usr/bin/bash --noprofile --norc -e -o pipefail {0}
Build	Build Keycloak	2023-02-13T02:28:11.5546734Z env:
Build	Build Keycloak	2023-02-13T02:28:11.5547016Z   DEFAULT_JDK_VERSION: 11
Build	Build Keycloak	2023-02-13T02:28:11.5547288Z   DEFAULT_JDK_DIST: temurin
Build	Build Keycloak	2023-02-13T02:28:11.5547588Z   SUREFIRE_RERUN_FAILING_COUNT: 2
Build	Build Keycloak	2023-02-13T02:28:11.5547969Z   JAVA_HOME: /opt/hostedtoolcache/Java_Temurin-Hotspot_jdk/11.0.18-10/x64
Build	Build Keycloak	2023-02-13T02:28:11.5548434Z   JAVA_HOME_11_X64: /opt/hostedtoolcache/Java_Temurin-Hotspot_jdk/11.0.18-10/x64
Build	Build Keycloak	2023-02-13T02:28:11.5548791Z ##[endgroup]
Build	Build Keycloak	2023-02-13T02:28:11.5646945Z Found org/keycloak artifacts in Maven repository cache
Build	Build Keycloak	2023-02-13T02:28:11.5657115Z keycloak-common
Build	Build Keycloak	2023-02-13T02:28:11.5657602Z keycloak-operator
Build	Build Keycloak	2023-02-13T02:28:11.5658190Z keycloak-parent
Build	Build Keycloak	2023-02-13T02:28:11.5673457Z ##[error]Process completed with exit code 1.
Status Check - Keycloak CI	Check status	2023-02-13T02:28:27.9614376Z Prepare all required actions
Status Check - Keycloak CI	Check status	2023-02-13T02:28:27.9657662Z ##[group]Run ./.github/actions/checks-job-pass
Status Check - Keycloak CI	Check status	2023-02-13T02:28:27.9657920Z with:
Status Check - Keycloak CI	Check status	2023-02-13T02:28:27.9658095Z   required: true
Status Check - Keycloak CI	Check status	2023-02-13T02:28:27.9658285Z env:
Status Check - Keycloak CI	Check status	2023-02-13T02:28:27.9658465Z   DEFAULT_JDK_VERSION: 11
Status Check - Keycloak CI	Check status	2023-02-13T02:28:27.9658682Z   DEFAULT_JDK_DIST: temurin
Status Check - Keycloak CI	Check status	2023-02-13T02:28:27.9658909Z   SUREFIRE_RERUN_FAILING_COUNT: 2
Status Check - Keycloak CI	Check status	2023-02-13T02:28:27.9659304Z ##[endgroup]
Status Check - Keycloak CI	Check status	2023-02-13T02:28:27.9959955Z ##[group]Run if [ "true" == "false" ]; then
Status Check - Keycloak CI	Check status	2023-02-13T02:28:27.9960361Z [36;1mif [ "true" == "false" ]; then[0m
Status Check - Keycloak CI	Check status	2023-02-13T02:28:27.9960681Z [36;1m  echo "Not required to run, skipping"[0m
Status Check - Keycloak CI	Check status	2023-02-13T02:28:27.9960966Z [36;1melse[0m
Status Check - Keycloak CI	Check status	2023-02-13T02:28:27.9961206Z [36;1m  if [ "" == "success" ]; then[0m
Status Check - Keycloak CI	Check status	2023-02-13T02:28:27.9961477Z [36;1m    echo "Success"[0m
Status Check - Keycloak CI	Check status	2023-02-13T02:28:27.9961721Z [36;1m  else[0m
Status Check - Keycloak CI	Check status	2023-02-13T02:28:27.9962000Z [36;1m    echo "Required to run, but didn't succeed"[0m
Status Check - Keycloak CI	Check status	2023-02-13T02:28:27.9962301Z [36;1m    exit 1[0m
Status Check - Keycloak CI	Check status	2023-02-13T02:28:27.9962569Z [36;1m  fi        [0m
Status Check - Keycloak CI	Check status	2023-02-13T02:28:27.9962796Z [36;1mfi[0m
Status Check - Keycloak CI	Check status	2023-02-13T02:28:28.0025250Z shell: /usr/bin/bash --noprofile --norc -e -o pipefail {0}
Status Check - Keycloak CI	Check status	2023-02-13T02:28:28.0025573Z env:
Status Check - Keycloak CI	Check status	2023-02-13T02:28:28.0025797Z   DEFAULT_JDK_VERSION: 11
Status Check - Keycloak CI	Check status	2023-02-13T02:28:28.0026032Z   DEFAULT_JDK_DIST: temurin
Status Check - Keycloak CI	Check status	2023-02-13T02:28:28.0026294Z   SUREFIRE_RERUN_FAILING_COUNT: 2
Status Check - Keycloak CI	Check status	2023-02-13T02:28:28.0026541Z ##[endgroup]
Status Check - Keycloak CI	Check status	2023-02-13T02:28:28.0191272Z Required to run, but didn't succeed
Status Check - Keycloak CI	Check status	2023-02-13T02:28:28.0208927Z ##[error]Process completed with exit code 1.
