Build	Build Keycloak	2023-02-12T23:03:31.3089817Z Prepare all required actions
Build	Build Keycloak	2023-02-12T23:03:31.3090146Z Getting action download info
Build	Build Keycloak	2023-02-12T23:03:31.5232290Z Download action repository 'actions/setup-java@v3' (SHA:3f07048e3d294f56e9b90ac5ea2c6f74e9ad0f98)
Build	Build Keycloak	2023-02-12T23:03:31.8262525Z Download action repository 'actions/upload-artifact@v3' (SHA:0b7f8abb1508181956e8e162db84b466c27e18ce)
Build	Build Keycloak	2023-02-12T23:03:31.9692381Z ##[group]Run ./.github/actions/build-keycloak
Build	Build Keycloak	2023-02-12T23:03:31.9692771Z with:
Build	Build Keycloak	2023-02-12T23:03:31.9693006Z   upload-m2-repo: true
Build	Build Keycloak	2023-02-12T23:03:31.9693317Z   upload-dist: false
Build	Build Keycloak	2023-02-12T23:03:31.9693601Z   jdk-dist: temurin
Build	Build Keycloak	2023-02-12T23:03:31.9693831Z   jdk-version: 11
Build	Build Keycloak	2023-02-12T23:03:31.9694119Z env:
Build	Build Keycloak	2023-02-12T23:03:31.9694391Z   DEFAULT_JDK_VERSION: 11
Build	Build Keycloak	2023-02-12T23:03:31.9694653Z   DEFAULT_JDK_DIST: temurin
Build	Build Keycloak	2023-02-12T23:03:31.9694961Z   SUREFIRE_RERUN_FAILING_COUNT: 2
Build	Build Keycloak	2023-02-12T23:03:31.9695254Z ##[endgroup]
Build	Build Keycloak	2023-02-12T23:03:32.0086295Z ##[group]Run actions/setup-java@v3
Build	Build Keycloak	2023-02-12T23:03:32.0086522Z with:
Build	Build Keycloak	2023-02-12T23:03:32.0086791Z   distribution: temurin
Build	Build Keycloak	2023-02-12T23:03:32.0086990Z   java-version: 11
Build	Build Keycloak	2023-02-12T23:03:32.0087205Z   java-package: jdk
Build	Build Keycloak	2023-02-12T23:03:32.0087422Z   check-latest: false
Build	Build Keycloak	2023-02-12T23:03:32.0087622Z   server-id: github
Build	Build Keycloak	2023-02-12T23:03:32.0087842Z   server-username: GITHUB_ACTOR
Build	Build Keycloak	2023-02-12T23:03:32.0088110Z   server-password: GITHUB_TOKEN
Build	Build Keycloak	2023-02-12T23:03:32.0088338Z   overwrite-settings: true
Build	Build Keycloak	2023-02-12T23:03:32.0088560Z   job-status: success
Build	Build Keycloak	2023-02-12T23:03:32.0088942Z   token: ***
Build	Build Keycloak	2023-02-12T23:03:32.0089112Z env:
Build	Build Keycloak	2023-02-12T23:03:32.0089305Z   DEFAULT_JDK_VERSION: 11
Build	Build Keycloak	2023-02-12T23:03:32.0089529Z   DEFAULT_JDK_DIST: temurin
Build	Build Keycloak	2023-02-12T23:03:32.0089751Z   SUREFIRE_RERUN_FAILING_COUNT: 2
Build	Build Keycloak	2023-02-12T23:03:32.0089972Z ##[endgroup]
Build	Build Keycloak	2023-02-12T23:03:32.2204404Z ##[group]Installed distributions
Build	Build Keycloak	2023-02-12T23:03:32.2278528Z Resolved Java 11.0.18+10 from tool-cache
Build	Build Keycloak	2023-02-12T23:03:32.2280529Z Setting Java 11.0.18+10 as the default
Build	Build Keycloak	2023-02-12T23:03:32.2304743Z Creating toolchains.xml for JDK version 11 from temurin
Build	Build Keycloak	2023-02-12T23:03:32.2411705Z Writing to /home/runner/.m2/toolchains.xml
Build	Build Keycloak	2023-02-12T23:03:32.2414987Z 
Build	Build Keycloak	2023-02-12T23:03:32.2416577Z Java configuration:
Build	Build Keycloak	2023-02-12T23:03:32.2418183Z   Distribution: temurin
Build	Build Keycloak	2023-02-12T23:03:32.2420908Z   Version: 11.0.18+10
Build	Build Keycloak	2023-02-12T23:03:32.2422812Z   Path: /opt/hostedtoolcache/Java_Temurin-Hotspot_jdk/11.0.18-10/x64
Build	Build Keycloak	2023-02-12T23:03:32.2424415Z 
Build	Build Keycloak	2023-02-12T23:03:32.2426728Z ##[endgroup]
Build	Build Keycloak	2023-02-12T23:03:32.2453602Z Creating settings.xml with server-id: github
Build	Build Keycloak	2023-02-12T23:03:32.2473316Z Writing to /home/runner/.m2/settings.xml
Build	Build Keycloak	2023-02-12T23:03:32.2595626Z Prepare all required actions
Build	Build Keycloak	2023-02-12T23:03:32.2595928Z Getting action download info
Build	Build Keycloak	2023-02-12T23:03:32.4294921Z Download action repository 'actions/cache@v3' (SHA:6998d139ddd3e68c71e9e398d8e40b71a2f39812)
Build	Build Keycloak	2023-02-12T23:03:32.7081723Z ##[group]Run ./.github/actions/maven-cache
Build	Build Keycloak	2023-02-12T23:03:32.7081970Z env:
Build	Build Keycloak	2023-02-12T23:03:32.7082176Z   DEFAULT_JDK_VERSION: 11
Build	Build Keycloak	2023-02-12T23:03:32.7082391Z   DEFAULT_JDK_DIST: temurin
Build	Build Keycloak	2023-02-12T23:03:32.7082743Z   SUREFIRE_RERUN_FAILING_COUNT: 2
Build	Build Keycloak	2023-02-12T23:03:32.7083055Z   JAVA_HOME: /opt/hostedtoolcache/Java_Temurin-Hotspot_jdk/11.0.18-10/x64
Build	Build Keycloak	2023-02-12T23:03:32.7083414Z   JAVA_HOME_11_X64: /opt/hostedtoolcache/Java_Temurin-Hotspot_jdk/11.0.18-10/x64
Build	Build Keycloak	2023-02-12T23:03:32.7083698Z ##[endgroup]
Build	Build Keycloak	2023-02-12T23:03:32.7137664Z ##[group]Run echo "key=mvn-`date -u "+%Y-%U"`" >> $GITHUB_OUTPUT
Build	Build Keycloak	2023-02-12T23:03:32.7138054Z [36;1mecho "key=mvn-`date -u "+%Y-%U"`" >> $GITHUB_OUTPUT[0m
Build	Build Keycloak	2023-02-12T23:03:32.7196416Z shell: /usr/bin/bash --noprofile --norc -e -o pipefail {0}
Build	Build Keycloak	2023-02-12T23:03:32.7196706Z env:
Build	Build Keycloak	2023-02-12T23:03:32.7196916Z   DEFAULT_JDK_VERSION: 11
Build	Build Keycloak	2023-02-12T23:03:32.7197131Z   DEFAULT_JDK_DIST: temurin
Build	Build Keycloak	2023-02-12T23:03:32.7197373Z   SUREFIRE_RERUN_FAILING_COUNT: 2
Build	Build Keycloak	2023-02-12T23:03:32.7197688Z   JAVA_HOME: /opt/hostedtoolcache/Java_Temurin-Hotspot_jdk/11.0.18-10/x64
Build	Build Keycloak	2023-02-12T23:03:32.7198051Z   JAVA_HOME_11_X64: /opt/hostedtoolcache/Java_Temurin-Hotspot_jdk/11.0.18-10/x64
Build	Build Keycloak	2023-02-12T23:03:32.7198541Z ##[endgroup]
Build	Build Keycloak	2023-02-12T23:03:32.7405157Z ##[group]Run actions/cache@v3
Build	Build Keycloak	2023-02-12T23:03:32.7405380Z with:
Build	Build Keycloak	2023-02-12T23:03:32.7405575Z   path: ~/.m2/repository
Build	Build Keycloak	2023-02-12T23:03:32.7405774Z   key: mvn-2023-07
Build	Build Keycloak	2023-02-12T23:03:32.7406001Z   enableCrossOsArchive: false
Build	Build Keycloak	2023-02-12T23:03:32.7406247Z   fail-on-cache-miss: false
Build	Build Keycloak	2023-02-12T23:03:32.7406440Z env:
Build	Build Keycloak	2023-02-12T23:03:32.7406631Z   DEFAULT_JDK_VERSION: 11
Build	Build Keycloak	2023-02-12T23:03:32.7406849Z   DEFAULT_JDK_DIST: temurin
Build	Build Keycloak	2023-02-12T23:03:32.7407078Z   SUREFIRE_RERUN_FAILING_COUNT: 2
Build	Build Keycloak	2023-02-12T23:03:32.7407371Z   JAVA_HOME: /opt/hostedtoolcache/Java_Temurin-Hotspot_jdk/11.0.18-10/x64
Build	Build Keycloak	2023-02-12T23:03:32.7407736Z   JAVA_HOME_11_X64: /opt/hostedtoolcache/Java_Temurin-Hotspot_jdk/11.0.18-10/x64
Build	Build Keycloak	2023-02-12T23:03:32.7408047Z ##[endgroup]
Build	Build Keycloak	2023-02-12T23:03:34.0686618Z Received 247463936 of 576606413 (42.9%), 236.0 MBs/sec
Build	Build Keycloak	2023-02-12T23:03:35.0773737Z Received 541065216 of 576606413 (93.8%), 257.0 MBs/sec
Build	Build Keycloak	2023-02-12T23:03:35.5640631Z Received 576606413 of 576606413 (100.0%), 220.4 MBs/sec
Build	Build Keycloak	2023-02-12T23:03:35.5641905Z Cache Size: ~550 MB (576606413 B)
Build	Build Keycloak	2023-02-12T23:03:35.5682413Z [command]/usr/bin/tar -xf /home/runner/work/_temp/474bb5a1-2916-454d-b10a-50528e8a606c/cache.tzst -P -C /home/runner/work/keycloak/keycloak --use-compress-program unzstd
Build	Build Keycloak	2023-02-12T23:03:38.1764088Z Cache restored successfully
Build	Build Keycloak	2023-02-12T23:03:38.9578987Z Cache restored from key: mvn-2023-07
Build	Build Keycloak	2023-02-12T23:03:39.0181303Z ##[group]Run if ( stat ~/.m2/repository/org/keycloak &>/dev/null ); then
Build	Build Keycloak	2023-02-12T23:03:39.0181779Z [36;1mif ( stat ~/.m2/repository/org/keycloak &>/dev/null ); then[0m
Build	Build Keycloak	2023-02-12T23:03:39.0182176Z [36;1m  echo "Found org/keycloak artifacts in Maven repository cache"[0m
Build	Build Keycloak	2023-02-12T23:03:39.0182540Z [36;1m  ls ~/.m2/repository/org/keycloak[0m
Build	Build Keycloak	2023-02-12T23:03:39.0182799Z [36;1m  exit 1[0m
Build	Build Keycloak	2023-02-12T23:03:39.0183029Z [36;1mfi[0m
Build	Build Keycloak	2023-02-12T23:03:39.0237565Z shell: /usr/bin/bash --noprofile --norc -e -o pipefail {0}
Build	Build Keycloak	2023-02-12T23:03:39.0237870Z env:
Build	Build Keycloak	2023-02-12T23:03:39.0238070Z   DEFAULT_JDK_VERSION: 11
Build	Build Keycloak	2023-02-12T23:03:39.0238305Z   DEFAULT_JDK_DIST: temurin
Build	Build Keycloak	2023-02-12T23:03:39.0238548Z   SUREFIRE_RERUN_FAILING_COUNT: 2
Build	Build Keycloak	2023-02-12T23:03:39.0238866Z   JAVA_HOME: /opt/hostedtoolcache/Java_Temurin-Hotspot_jdk/11.0.18-10/x64
Build	Build Keycloak	2023-02-12T23:03:39.0239244Z   JAVA_HOME_11_X64: /opt/hostedtoolcache/Java_Temurin-Hotspot_jdk/11.0.18-10/x64
Build	Build Keycloak	2023-02-12T23:03:39.0239526Z ##[endgroup]
Build	Build Keycloak	2023-02-12T23:03:39.1638209Z Found org/keycloak artifacts in Maven repository cache
Build	Build Keycloak	2023-02-12T23:03:39.1639086Z keycloak-common
Build	Build Keycloak	2023-02-12T23:03:39.1639786Z keycloak-operator
Build	Build Keycloak	2023-02-12T23:03:39.1640284Z keycloak-parent
Build	Build Keycloak	2023-02-12T23:03:39.1652504Z ##[error]Process completed with exit code 1.
Status Check - Keycloak CI	Check status	2023-02-12T23:03:54.1580826Z Prepare all required actions
Status Check - Keycloak CI	Check status	2023-02-12T23:03:54.1619695Z ##[group]Run ./.github/actions/checks-job-pass
Status Check - Keycloak CI	Check status	2023-02-12T23:03:54.1619945Z with:
Status Check - Keycloak CI	Check status	2023-02-12T23:03:54.1620135Z   required: true
Status Check - Keycloak CI	Check status	2023-02-12T23:03:54.1620310Z env:
Status Check - Keycloak CI	Check status	2023-02-12T23:03:54.1620495Z   DEFAULT_JDK_VERSION: 11
Status Check - Keycloak CI	Check status	2023-02-12T23:03:54.1620715Z   DEFAULT_JDK_DIST: temurin
Status Check - Keycloak CI	Check status	2023-02-12T23:03:54.1620933Z   SUREFIRE_RERUN_FAILING_COUNT: 2
Status Check - Keycloak CI	Check status	2023-02-12T23:03:54.1621144Z ##[endgroup]
Status Check - Keycloak CI	Check status	2023-02-12T23:03:54.1917468Z ##[group]Run if [ "true" == "false" ]; then
Status Check - Keycloak CI	Check status	2023-02-12T23:03:54.1917803Z [36;1mif [ "true" == "false" ]; then[0m
Status Check - Keycloak CI	Check status	2023-02-12T23:03:54.1918062Z [36;1m  echo "Not required to run, skipping"[0m
Status Check - Keycloak CI	Check status	2023-02-12T23:03:54.1918281Z [36;1melse[0m
Status Check - Keycloak CI	Check status	2023-02-12T23:03:54.1918487Z [36;1m  if [ "" == "success" ]; then[0m
Status Check - Keycloak CI	Check status	2023-02-12T23:03:54.1918702Z [36;1m    echo "Success"[0m
Status Check - Keycloak CI	Check status	2023-02-12T23:03:54.1918889Z [36;1m  else[0m
Status Check - Keycloak CI	Check status	2023-02-12T23:03:54.1919123Z [36;1m    echo "Required to run, but didn't succeed"[0m
Status Check - Keycloak CI	Check status	2023-02-12T23:03:54.1919362Z [36;1m    exit 1[0m
Status Check - Keycloak CI	Check status	2023-02-12T23:03:54.1919587Z [36;1m  fi        [0m
Status Check - Keycloak CI	Check status	2023-02-12T23:03:54.1919767Z [36;1mfi[0m
Status Check - Keycloak CI	Check status	2023-02-12T23:03:54.1977630Z shell: /usr/bin/bash --noprofile --norc -e -o pipefail {0}
Status Check - Keycloak CI	Check status	2023-02-12T23:03:54.1977904Z env:
Status Check - Keycloak CI	Check status	2023-02-12T23:03:54.1978094Z   DEFAULT_JDK_VERSION: 11
Status Check - Keycloak CI	Check status	2023-02-12T23:03:54.1978311Z   DEFAULT_JDK_DIST: temurin
Status Check - Keycloak CI	Check status	2023-02-12T23:03:54.1978535Z   SUREFIRE_RERUN_FAILING_COUNT: 2
Status Check - Keycloak CI	Check status	2023-02-12T23:03:54.1978748Z ##[endgroup]
Status Check - Keycloak CI	Check status	2023-02-12T23:03:54.2135287Z Required to run, but didn't succeed
Status Check - Keycloak CI	Check status	2023-02-12T23:03:54.2149566Z ##[error]Process completed with exit code 1.
