Build	Build Keycloak	2023-02-06T02:22:51.5184265Z Prepare all required actions
Build	Build Keycloak	2023-02-06T02:22:51.5184578Z Getting action download info
Build	Build Keycloak	2023-02-06T02:22:51.6741116Z Download action repository 'actions/setup-java@v3' (SHA:1df8dbefe2a8cbc99770194893dd902763bee34b)
Build	Build Keycloak	2023-02-06T02:22:51.9879044Z Download action repository 'actions/upload-artifact@v3' (SHA:0b7f8abb1508181956e8e162db84b466c27e18ce)
Build	Build Keycloak	2023-02-06T02:22:52.1788463Z ##[group]Run ./.github/actions/build-keycloak
Build	Build Keycloak	2023-02-06T02:22:52.1788706Z with:
Build	Build Keycloak	2023-02-06T02:22:52.1788892Z   upload-m2-repo: true
Build	Build Keycloak	2023-02-06T02:22:52.1789103Z   upload-dist: false
Build	Build Keycloak	2023-02-06T02:22:52.1789297Z   jdk-dist: temurin
Build	Build Keycloak	2023-02-06T02:22:52.1789475Z   jdk-version: 11
Build	Build Keycloak	2023-02-06T02:22:52.1789652Z env:
Build	Build Keycloak	2023-02-06T02:22:52.1789826Z   DEFAULT_JDK_VERSION: 11
Build	Build Keycloak	2023-02-06T02:22:52.1790029Z   DEFAULT_JDK_DIST: temurin
Build	Build Keycloak	2023-02-06T02:22:52.1790249Z   SUREFIRE_RERUN_FAILING_COUNT: 2
Build	Build Keycloak	2023-02-06T02:22:52.1790465Z ##[endgroup]
Build	Build Keycloak	2023-02-06T02:22:52.2064193Z ##[group]Run actions/setup-java@v3
Build	Build Keycloak	2023-02-06T02:22:52.2064421Z with:
Build	Build Keycloak	2023-02-06T02:22:52.2064637Z   distribution: temurin
Build	Build Keycloak	2023-02-06T02:22:52.2064837Z   java-version: 11
Build	Build Keycloak	2023-02-06T02:22:52.2065030Z   java-package: jdk
Build	Build Keycloak	2023-02-06T02:22:52.2065391Z   check-latest: false
Build	Build Keycloak	2023-02-06T02:22:52.2065593Z   server-id: github
Build	Build Keycloak	2023-02-06T02:22:52.2065803Z   server-username: GITHUB_ACTOR
Build	Build Keycloak	2023-02-06T02:22:52.2066045Z   server-password: GITHUB_TOKEN
Build	Build Keycloak	2023-02-06T02:22:52.2066269Z   overwrite-settings: true
Build	Build Keycloak	2023-02-06T02:22:52.2066480Z   job-status: success
Build	Build Keycloak	2023-02-06T02:22:52.2066823Z   token: ***
Build	Build Keycloak	2023-02-06T02:22:52.2066994Z env:
Build	Build Keycloak	2023-02-06T02:22:52.2067173Z   DEFAULT_JDK_VERSION: 11
Build	Build Keycloak	2023-02-06T02:22:52.2067373Z   DEFAULT_JDK_DIST: temurin
Build	Build Keycloak	2023-02-06T02:22:52.2067590Z   SUREFIRE_RERUN_FAILING_COUNT: 2
Build	Build Keycloak	2023-02-06T02:22:52.2067793Z ##[endgroup]
Build	Build Keycloak	2023-02-06T02:22:52.4217397Z ##[group]Installed distributions
Build	Build Keycloak	2023-02-06T02:22:52.4291295Z Resolved Java 11.0.18+10 from tool-cache
Build	Build Keycloak	2023-02-06T02:22:52.4293387Z Setting Java 11.0.18+10 as the default
Build	Build Keycloak	2023-02-06T02:22:52.4316930Z Creating toolchains.xml for JDK version 11 from temurin
Build	Build Keycloak	2023-02-06T02:22:52.4421488Z Writing to /home/runner/.m2/toolchains.xml
Build	Build Keycloak	2023-02-06T02:22:52.4424646Z 
Build	Build Keycloak	2023-02-06T02:22:52.4426601Z Java configuration:
Build	Build Keycloak	2023-02-06T02:22:52.4428372Z   Distribution: temurin
Build	Build Keycloak	2023-02-06T02:22:52.4430904Z   Version: 11.0.18+10
Build	Build Keycloak	2023-02-06T02:22:52.4432842Z   Path: /opt/hostedtoolcache/Java_Temurin-Hotspot_jdk/11.0.18-10/x64
Build	Build Keycloak	2023-02-06T02:22:52.4434559Z 
Build	Build Keycloak	2023-02-06T02:22:52.4436967Z ##[endgroup]
Build	Build Keycloak	2023-02-06T02:22:52.4468283Z Creating settings.xml with server-id: github
Build	Build Keycloak	2023-02-06T02:22:52.4490000Z Writing to /home/runner/.m2/settings.xml
Build	Build Keycloak	2023-02-06T02:22:52.4641655Z Prepare all required actions
Build	Build Keycloak	2023-02-06T02:22:52.4641925Z Getting action download info
Build	Build Keycloak	2023-02-06T02:22:52.6030062Z Download action repository 'actions/cache@v3' (SHA:627f0f41f6904a5b1efbaed9f96d9eb58e92e920)
Build	Build Keycloak	2023-02-06T02:22:52.9445433Z ##[group]Run ./.github/actions/maven-cache
Build	Build Keycloak	2023-02-06T02:22:52.9445675Z env:
Build	Build Keycloak	2023-02-06T02:22:52.9445847Z   DEFAULT_JDK_VERSION: 11
Build	Build Keycloak	2023-02-06T02:22:52.9446057Z   DEFAULT_JDK_DIST: temurin
Build	Build Keycloak	2023-02-06T02:22:52.9446286Z   SUREFIRE_RERUN_FAILING_COUNT: 2
Build	Build Keycloak	2023-02-06T02:22:52.9446568Z   JAVA_HOME: /opt/hostedtoolcache/Java_Temurin-Hotspot_jdk/11.0.18-10/x64
Build	Build Keycloak	2023-02-06T02:22:52.9446919Z   JAVA_HOME_11_X64: /opt/hostedtoolcache/Java_Temurin-Hotspot_jdk/11.0.18-10/x64
Build	Build Keycloak	2023-02-06T02:22:52.9447181Z ##[endgroup]
Build	Build Keycloak	2023-02-06T02:22:52.9500474Z ##[group]Run echo "key=mvn-`date -u "+%Y-%U"`" >> $GITHUB_OUTPUT
Build	Build Keycloak	2023-02-06T02:22:52.9500835Z [36;1mecho "key=mvn-`date -u "+%Y-%U"`" >> $GITHUB_OUTPUT[0m
Build	Build Keycloak	2023-02-06T02:22:52.9561261Z shell: /usr/bin/bash --noprofile --norc -e -o pipefail {0}
Build	Build Keycloak	2023-02-06T02:22:52.9561527Z env:
Build	Build Keycloak	2023-02-06T02:22:52.9561708Z   DEFAULT_JDK_VERSION: 11
Build	Build Keycloak	2023-02-06T02:22:52.9561920Z   DEFAULT_JDK_DIST: temurin
Build	Build Keycloak	2023-02-06T02:22:52.9562138Z   SUREFIRE_RERUN_FAILING_COUNT: 2
Build	Build Keycloak	2023-02-06T02:22:52.9562433Z   JAVA_HOME: /opt/hostedtoolcache/Java_Temurin-Hotspot_jdk/11.0.18-10/x64
Build	Build Keycloak	2023-02-06T02:22:52.9562784Z   JAVA_HOME_11_X64: /opt/hostedtoolcache/Java_Temurin-Hotspot_jdk/11.0.18-10/x64
Build	Build Keycloak	2023-02-06T02:22:52.9563229Z ##[endgroup]
Build	Build Keycloak	2023-02-06T02:22:52.9766125Z ##[group]Run actions/cache@v3
Build	Build Keycloak	2023-02-06T02:22:52.9766333Z with:
Build	Build Keycloak	2023-02-06T02:22:52.9766508Z   path: ~/.m2/repository
Build	Build Keycloak	2023-02-06T02:22:52.9766697Z   key: mvn-2023-06
Build	Build Keycloak	2023-02-06T02:22:52.9766900Z   enableCrossOsArchive: false
Build	Build Keycloak	2023-02-06T02:22:52.9767123Z   fail-on-cache-miss: false
Build	Build Keycloak	2023-02-06T02:22:52.9767304Z env:
Build	Build Keycloak	2023-02-06T02:22:52.9767476Z   DEFAULT_JDK_VERSION: 11
Build	Build Keycloak	2023-02-06T02:22:52.9767682Z   DEFAULT_JDK_DIST: temurin
Build	Build Keycloak	2023-02-06T02:22:52.9767892Z   SUREFIRE_RERUN_FAILING_COUNT: 2
Build	Build Keycloak	2023-02-06T02:22:52.9768175Z   JAVA_HOME: /opt/hostedtoolcache/Java_Temurin-Hotspot_jdk/11.0.18-10/x64
Build	Build Keycloak	2023-02-06T02:22:52.9768524Z   JAVA_HOME_11_X64: /opt/hostedtoolcache/Java_Temurin-Hotspot_jdk/11.0.18-10/x64
Build	Build Keycloak	2023-02-06T02:22:52.9768785Z ##[endgroup]
Build	Build Keycloak	2023-02-06T02:22:54.3521111Z Received 260046848 of 576874281 (45.1%), 246.5 MBs/sec
Build	Build Keycloak	2023-02-06T02:22:55.5237869Z Received 576874281 of 576874281 (100.0%), 252.6 MBs/sec
Build	Build Keycloak	2023-02-06T02:22:55.5245654Z Cache Size: ~550 MB (576874281 B)
Build	Build Keycloak	2023-02-06T02:22:55.5285186Z [command]/usr/bin/tar -xf /home/runner/work/_temp/352fb49a-f1d8-47da-ad99-0749350ea917/cache.tzst -P -C /home/runner/work/keycloak/keycloak --use-compress-program unzstd
Build	Build Keycloak	2023-02-06T02:22:58.0425886Z Cache restored successfully
Build	Build Keycloak	2023-02-06T02:22:58.4611278Z Cache restored from key: mvn-2023-06
Build	Build Keycloak	2023-02-06T02:22:58.4946605Z ##[group]Run if ( stat ~/.m2/repository/org/keycloak &>/dev/null ); then
Build	Build Keycloak	2023-02-06T02:22:58.4947063Z [36;1mif ( stat ~/.m2/repository/org/keycloak &>/dev/null ); then[0m
Build	Build Keycloak	2023-02-06T02:22:58.4947522Z [36;1m  echo "Found org/keycloak artifacts in Maven repository cache"[0m
Build	Build Keycloak	2023-02-06T02:22:58.4947854Z [36;1m  ls ~/.m2/repository/org/keycloak[0m
Build	Build Keycloak	2023-02-06T02:22:58.4948141Z [36;1m  exit 1[0m
Build	Build Keycloak	2023-02-06T02:22:58.4948391Z [36;1mfi[0m
Build	Build Keycloak	2023-02-06T02:22:58.5003369Z shell: /usr/bin/bash --noprofile --norc -e -o pipefail {0}
Build	Build Keycloak	2023-02-06T02:22:58.5003698Z env:
Build	Build Keycloak	2023-02-06T02:22:58.5003964Z   DEFAULT_JDK_VERSION: 11
Build	Build Keycloak	2023-02-06T02:22:58.5004270Z   DEFAULT_JDK_DIST: temurin
Build	Build Keycloak	2023-02-06T02:22:58.5004657Z   SUREFIRE_RERUN_FAILING_COUNT: 2
Build	Build Keycloak	2023-02-06T02:22:58.5005031Z   JAVA_HOME: /opt/hostedtoolcache/Java_Temurin-Hotspot_jdk/11.0.18-10/x64
Build	Build Keycloak	2023-02-06T02:22:58.5005421Z   JAVA_HOME_11_X64: /opt/hostedtoolcache/Java_Temurin-Hotspot_jdk/11.0.18-10/x64
Build	Build Keycloak	2023-02-06T02:22:58.5005787Z   MSYS: winsymlinks:nativestrict
Build	Build Keycloak	2023-02-06T02:22:58.5006117Z ##[endgroup]
Build	Build Keycloak	2023-02-06T02:22:58.5609799Z Found org/keycloak artifacts in Maven repository cache
Build	Build Keycloak	2023-02-06T02:22:58.5625413Z keycloak-common
Build	Build Keycloak	2023-02-06T02:22:58.5626681Z keycloak-operator
Build	Build Keycloak	2023-02-06T02:22:58.5627017Z keycloak-parent
Build	Build Keycloak	2023-02-06T02:22:58.5638356Z ##[error]Process completed with exit code 1.
Status Check - Keycloak CI	Check status	2023-02-06T02:23:14.6456723Z Prepare all required actions
Status Check - Keycloak CI	Check status	2023-02-06T02:23:14.6505801Z ##[group]Run ./.github/actions/checks-job-pass
Status Check - Keycloak CI	Check status	2023-02-06T02:23:14.6506057Z with:
Status Check - Keycloak CI	Check status	2023-02-06T02:23:14.6506506Z   required: true
Status Check - Keycloak CI	Check status	2023-02-06T02:23:14.6506700Z env:
Status Check - Keycloak CI	Check status	2023-02-06T02:23:14.6506918Z   DEFAULT_JDK_VERSION: 11
Status Check - Keycloak CI	Check status	2023-02-06T02:23:14.6507161Z   DEFAULT_JDK_DIST: temurin
Status Check - Keycloak CI	Check status	2023-02-06T02:23:14.6507399Z   SUREFIRE_RERUN_FAILING_COUNT: 2
Status Check - Keycloak CI	Check status	2023-02-06T02:23:14.6507645Z ##[endgroup]
Status Check - Keycloak CI	Check status	2023-02-06T02:23:14.6845004Z ##[group]Run if [ "true" == "false" ]; then
Status Check - Keycloak CI	Check status	2023-02-06T02:23:14.6845323Z [36;1mif [ "true" == "false" ]; then[0m
Status Check - Keycloak CI	Check status	2023-02-06T02:23:14.6845580Z [36;1m  echo "Not required to run, skipping"[0m
Status Check - Keycloak CI	Check status	2023-02-06T02:23:14.6845807Z [36;1melse[0m
Status Check - Keycloak CI	Check status	2023-02-06T02:23:14.6845998Z [36;1m  if [ "" == "success" ]; then[0m
Status Check - Keycloak CI	Check status	2023-02-06T02:23:14.6846382Z [36;1m    echo "Success"[0m
Status Check - Keycloak CI	Check status	2023-02-06T02:23:14.6846611Z [36;1m  else[0m
Status Check - Keycloak CI	Check status	2023-02-06T02:23:14.6846865Z [36;1m    echo "Required to run, but didn't succeed"[0m
Status Check - Keycloak CI	Check status	2023-02-06T02:23:14.6847137Z [36;1m    exit 1[0m
Status Check - Keycloak CI	Check status	2023-02-06T02:23:14.6847391Z [36;1m  fi        [0m
Status Check - Keycloak CI	Check status	2023-02-06T02:23:14.6847602Z [36;1mfi[0m
Status Check - Keycloak CI	Check status	2023-02-06T02:23:14.6907963Z shell: /usr/bin/bash --noprofile --norc -e -o pipefail {0}
Status Check - Keycloak CI	Check status	2023-02-06T02:23:14.6908286Z env:
Status Check - Keycloak CI	Check status	2023-02-06T02:23:14.6908513Z   DEFAULT_JDK_VERSION: 11
Status Check - Keycloak CI	Check status	2023-02-06T02:23:14.6908755Z   DEFAULT_JDK_DIST: temurin
Status Check - Keycloak CI	Check status	2023-02-06T02:23:14.6909018Z   SUREFIRE_RERUN_FAILING_COUNT: 2
Status Check - Keycloak CI	Check status	2023-02-06T02:23:14.6909280Z ##[endgroup]
Status Check - Keycloak CI	Check status	2023-02-06T02:23:14.7078979Z Required to run, but didn't succeed
Status Check - Keycloak CI	Check status	2023-02-06T02:23:14.7096835Z ##[error]Process completed with exit code 1.
