Java Distribution IT (windows-latest, temurin, 17)	UNKNOWN STEP	ï»¿2025-06-14T00:25:08.1815390Z Current runner version: '2.325.0'
Java Distribution IT (windows-latest, temurin, 17)	UNKNOWN STEP	2025-06-14T00:25:08.1837297Z ##[group]Operating System
Java Distribution IT (windows-latest, temurin, 17)	UNKNOWN STEP	2025-06-14T00:25:08.1838042Z Microsoft Windows Server 2022
Java Distribution IT (windows-latest, temurin, 17)	UNKNOWN STEP	2025-06-14T00:25:08.1838564Z 10.0.20348
Java Distribution IT (windows-latest, temurin, 17)	UNKNOWN STEP	2025-06-14T00:25:08.1839110Z Datacenter
Java Distribution IT (windows-latest, temurin, 17)	UNKNOWN STEP	2025-06-14T00:25:08.1839594Z ##[endgroup]
Java Distribution IT (windows-latest, temurin, 17)	UNKNOWN STEP	2025-06-14T00:25:08.1840130Z ##[group]Runner Image
Java Distribution IT (windows-latest, temurin, 17)	UNKNOWN STEP	2025-06-14T00:25:08.1840668Z Image: windows-2022
Java Distribution IT (windows-latest, temurin, 17)	UNKNOWN STEP	2025-06-14T00:25:08.1841251Z Version: 20250609.2.0
Java Distribution IT (windows-latest, temurin, 17)	UNKNOWN STEP	2025-06-14T00:25:08.1842265Z Included Software: https://github.com/actions/runner-images/blob/win22/20250609.2/images/windows/Windows2022-Readme.md
Java Distribution IT (windows-latest, temurin, 17)	UNKNOWN STEP	2025-06-14T00:25:08.1843609Z Image Release: https://github.com/actions/runner-images/releases/tag/win22%2F20250609.2
Java Distribution IT (windows-latest, temurin, 17)	UNKNOWN STEP	2025-06-14T00:25:08.1844457Z ##[endgroup]
Java Distribution IT (windows-latest, temurin, 17)	UNKNOWN STEP	2025-06-14T00:25:08.1844905Z ##[group]Runner Image Provisioner
Java Distribution IT (windows-latest, temurin, 17)	UNKNOWN STEP	2025-06-14T00:25:08.1845483Z 2.0.437.1
Java Distribution IT (windows-latest, temurin, 17)	UNKNOWN STEP	2025-06-14T00:25:08.1845893Z ##[endgroup]
Java Distribution IT (windows-latest, temurin, 17)	UNKNOWN STEP	2025-06-14T00:25:08.1846799Z ##[group]GITHUB_TOKEN Permissions
Java Distribution IT (windows-latest, temurin, 17)	UNKNOWN STEP	2025-06-14T00:25:08.1848765Z Contents: read
Java Distribution IT (windows-latest, temurin, 17)	UNKNOWN STEP	2025-06-14T00:25:08.1849310Z Metadata: read
Java Distribution IT (windows-latest, temurin, 17)	UNKNOWN STEP	2025-06-14T00:25:08.1849756Z ##[endgroup]
Java Distribution IT (windows-latest, temurin, 17)	UNKNOWN STEP	2025-06-14T00:25:08.1851613Z Secret source: Actions
Java Distribution IT (windows-latest, temurin, 17)	UNKNOWN STEP	2025-06-14T00:25:08.1852231Z Prepare workflow directory
Java Distribution IT (windows-latest, temurin, 17)	UNKNOWN STEP	2025-06-14T00:25:08.2211633Z Prepare all required actions
Java Distribution IT (windows-latest, temurin, 17)	UNKNOWN STEP	2025-06-14T00:25:08.2260741Z Getting action download info
Java Distribution IT (windows-latest, temurin, 17)	UNKNOWN STEP	2025-06-14T00:25:08.6384391Z Download action repository 'actions/checkout@11bd71901bbe5b1630ceea73d27597364c9af683' (SHA:11bd71901bbe5b1630ceea73d27597364c9af683)
Java Distribution IT (windows-latest, temurin, 17)	UNKNOWN STEP	2025-06-14T00:25:08.8611947Z Complete job name: Java Distribution IT (windows-latest, temurin, 17)
Java Distribution IT (windows-latest, temurin, 17)	UNKNOWN STEP	2025-06-14T00:25:08.9585285Z ##[group]Run actions/checkout@11bd71901bbe5b1630ceea73d27597364c9af683
Java Distribution IT (windows-latest, temurin, 17)	UNKNOWN STEP	2025-06-14T00:25:08.9586380Z with:
Java Distribution IT (windows-latest, temurin, 17)	UNKNOWN STEP	2025-06-14T00:25:08.9586740Z   repository: keycloak/keycloak
Java Distribution IT (windows-latest, temurin, 17)	UNKNOWN STEP	2025-06-14T00:25:08.9587320Z   token: ***
Java Distribution IT (windows-latest, temurin, 17)	UNKNOWN STEP	2025-06-14T00:25:08.9587666Z   ssh-strict: true
Java Distribution IT (windows-latest, temurin, 17)	UNKNOWN STEP	2025-06-14T00:25:08.9588016Z   ssh-user: git
Java Distribution IT (windows-latest, temurin, 17)	UNKNOWN STEP	2025-06-14T00:25:08.9588377Z   persist-credentials: true
Java Distribution IT (windows-latest, temurin, 17)	UNKNOWN STEP	2025-06-14T00:25:08.9588784Z   clean: true
Java Distribution IT (windows-latest, temurin, 17)	UNKNOWN STEP	2025-06-14T00:25:08.9589147Z   sparse-checkout-cone-mode: true
Java Distribution IT (windows-latest, temurin, 17)	UNKNOWN STEP	2025-06-14T00:25:08.9589602Z   fetch-depth: 1
Java Distribution IT (windows-latest, temurin, 17)	UNKNOWN STEP	2025-06-14T00:25:08.9589950Z   fetch-tags: false
Java Distribution IT (windows-latest, temurin, 17)	UNKNOWN STEP	2025-06-14T00:25:08.9590312Z   show-progress: true
Java Distribution IT (windows-latest, temurin, 17)	UNKNOWN STEP	2025-06-14T00:25:08.9590671Z   lfs: false
Java Distribution IT (windows-latest, temurin, 17)	UNKNOWN STEP	2025-06-14T00:25:08.9590996Z   submodules: false
Java Distribution IT (windows-latest, temurin, 17)	UNKNOWN STEP	2025-06-14T00:25:08.9591361Z   set-safe-directory: true
Java Distribution IT (windows-latest, temurin, 17)	UNKNOWN STEP	2025-06-14T00:25:08.9591938Z env:
Java Distribution IT (windows-latest, temurin, 17)	UNKNOWN STEP	2025-06-14T00:25:08.9592429Z   MAVEN_ARGS: -B -nsu -Daether.connector.http.connectionMaxTtl=25
Java Distribution IT (windows-latest, temurin, 17)	UNKNOWN STEP	2025-06-14T00:25:08.9593041Z   SUREFIRE_RERUN_FAILING_COUNT: 2
Java Distribution IT (windows-latest, temurin, 17)	UNKNOWN STEP	2025-06-14T00:25:08.9593586Z   SUREFIRE_RETRY: -Dsurefire.rerunFailingTestsCount=2
Java Distribution IT (windows-latest, temurin, 17)	UNKNOWN STEP	2025-06-14T00:25:08.9594130Z ##[endgroup]
Java Distribution IT (windows-latest, temurin, 17)	UNKNOWN STEP	2025-06-14T00:25:09.3650797Z Syncing repository: keycloak/keycloak
Java Distribution IT (windows-latest, temurin, 17)	UNKNOWN STEP	2025-06-14T00:25:09.3652601Z ##[group]Getting Git version info
Java Distribution IT (windows-latest, temurin, 17)	UNKNOWN STEP	2025-06-14T00:25:09.3653215Z Working directory is 'D:\a\keycloak\keycloak'
Java Distribution IT (windows-latest, temurin, 17)	UNKNOWN STEP	2025-06-14T00:25:09.5916280Z [command]"C:\Program Files\Git\bin\git.exe" version
Java Distribution IT (windows-latest, temurin, 17)	UNKNOWN STEP	2025-06-14T00:25:09.6211501Z git version 2.49.0.windows.1
Java Distribution IT (windows-latest, temurin, 17)	UNKNOWN STEP	2025-06-14T00:25:09.6336891Z ##[endgroup]
Java Distribution IT (windows-latest, temurin, 17)	UNKNOWN STEP	2025-06-14T00:25:09.6396087Z Temporarily overriding HOME='D:\a\_temp\c4974228-993a-45de-a203-8701210631b5' before making global git config changes
Java Distribution IT (windows-latest, temurin, 17)	UNKNOWN STEP	2025-06-14T00:25:09.6397728Z Adding repository directory to the temporary git global config as a safe directory
Java Distribution IT (windows-latest, temurin, 17)	UNKNOWN STEP	2025-06-14T00:25:09.6408167Z [command]"C:\Program Files\Git\bin\git.exe" config --global --add safe.directory D:\a\keycloak\keycloak
Java Distribution IT (windows-latest, temurin, 17)	UNKNOWN STEP	2025-06-14T00:25:09.6864222Z Deleting the contents of 'D:\a\keycloak\keycloak'
Java Distribution IT (windows-latest, temurin, 17)	UNKNOWN STEP	2025-06-14T00:25:09.6869854Z ##[group]Initializing the repository
Java Distribution IT (windows-latest, temurin, 17)	UNKNOWN STEP	2025-06-14T00:25:09.6879896Z [command]"C:\Program Files\Git\bin\git.exe" init D:\a\keycloak\keycloak
Java Distribution IT (windows-latest, temurin, 17)	UNKNOWN STEP	2025-06-14T00:25:09.7418825Z Initialized empty Git repository in D:/a/keycloak/keycloak/.git/
Java Distribution IT (windows-latest, temurin, 17)	UNKNOWN STEP	2025-06-14T00:25:09.7457451Z [command]"C:\Program Files\Git\bin\git.exe" remote add origin https://github.com/keycloak/keycloak
Java Distribution IT (windows-latest, temurin, 17)	UNKNOWN STEP	2025-06-14T00:25:09.7926739Z ##[endgroup]
Java Distribution IT (windows-latest, temurin, 17)	UNKNOWN STEP	2025-06-14T00:25:09.7927640Z ##[group]Disabling automatic garbage collection
Java Distribution IT (windows-latest, temurin, 17)	UNKNOWN STEP	2025-06-14T00:25:09.7936367Z [command]"C:\Program Files\Git\bin\git.exe" config --local gc.auto 0
Java Distribution IT (windows-latest, temurin, 17)	UNKNOWN STEP	2025-06-14T00:25:09.8177295Z ##[endgroup]
Java Distribution IT (windows-latest, temurin, 17)	UNKNOWN STEP	2025-06-14T00:25:09.8178486Z ##[group]Setting up auth
Java Distribution IT (windows-latest, temurin, 17)	UNKNOWN STEP	2025-06-14T00:25:09.8193747Z [command]"C:\Program Files\Git\bin\git.exe" config --local --name-only --get-regexp core\.sshCommand
Java Distribution IT (windows-latest, temurin, 17)	UNKNOWN STEP	2025-06-14T00:25:09.8446764Z [command]"C:\Program Files\Git\bin\git.exe" submodule foreach --recursive "sh -c \"git config --local --name-only --get-regexp 'core\.sshCommand' && git config --local --unset-all 'core.sshCommand' || :\""
Java Distribution IT (windows-latest, temurin, 17)	UNKNOWN STEP	2025-06-14T00:25:10.9218658Z [command]"C:\Program Files\Git\bin\git.exe" config --local --name-only --get-regexp http\.https\:\/\/github\.com\/\.extraheader
Java Distribution IT (windows-latest, temurin, 17)	UNKNOWN STEP	2025-06-14T00:25:10.9498037Z [command]"C:\Program Files\Git\bin\git.exe" submodule foreach --recursive "sh -c \"git config --local --name-only --get-regexp 'http\.https\:\/\/github\.com\/\.extraheader' && git config --local --unset-all 'http.https://github.com/.extraheader' || :\""
Java Distribution IT (windows-latest, temurin, 17)	UNKNOWN STEP	2025-06-14T00:25:11.3837718Z [command]"C:\Program Files\Git\bin\git.exe" config --local http.https://github.com/.extraheader "AUTHORIZATION: basic ***"
Java Distribution IT (windows-latest, temurin, 17)	UNKNOWN STEP	2025-06-14T00:25:11.4073794Z ##[endgroup]
Java Distribution IT (windows-latest, temurin, 17)	UNKNOWN STEP	2025-06-14T00:25:11.4074589Z ##[group]Fetching the repository
Java Distribution IT (windows-latest, temurin, 17)	UNKNOWN STEP	2025-06-14T00:25:11.4088626Z [command]"C:\Program Files\Git\bin\git.exe" -c protocol.version=2 fetch --no-tags --prune --no-recurse-submodules --depth=1 origin +00099b1afc21e12c3c17271096c42b7d2b0c487b:refs/remotes/origin/main
Java Distribution IT (windows-latest, temurin, 17)	UNKNOWN STEP	2025-06-14T00:25:14.9381835Z From https://github.com/keycloak/keycloak
Java Distribution IT (windows-latest, temurin, 17)	UNKNOWN STEP	2025-06-14T00:25:14.9384994Z  * [new ref]         00099b1afc21e12c3c17271096c42b7d2b0c487b -> origin/main
Java Distribution IT (windows-latest, temurin, 17)	UNKNOWN STEP	2025-06-14T00:25:14.9522898Z ##[endgroup]
Java Distribution IT (windows-latest, temurin, 17)	UNKNOWN STEP	2025-06-14T00:25:14.9523399Z ##[group]Determining the checkout info
Java Distribution IT (windows-latest, temurin, 17)	UNKNOWN STEP	2025-06-14T00:25:14.9525863Z ##[endgroup]
Java Distribution IT (windows-latest, temurin, 17)	UNKNOWN STEP	2025-06-14T00:25:14.9536928Z [command]"C:\Program Files\Git\bin\git.exe" sparse-checkout disable
Java Distribution IT (windows-latest, temurin, 17)	UNKNOWN STEP	2025-06-14T00:25:14.9946969Z [command]"C:\Program Files\Git\bin\git.exe" config --local --unset-all extensions.worktreeConfig
Java Distribution IT (windows-latest, temurin, 17)	UNKNOWN STEP	2025-06-14T00:25:15.0161438Z ##[group]Checking out the ref
Java Distribution IT (windows-latest, temurin, 17)	UNKNOWN STEP	2025-06-14T00:25:15.0170390Z [command]"C:\Program Files\Git\bin\git.exe" checkout --progress --force -B main refs/remotes/origin/main
Java Distribution IT (windows-latest, temurin, 17)	UNKNOWN STEP	2025-06-14T00:25:16.0787934Z Updating files:  44% (4631/10503)
Java Distribution IT (windows-latest, temurin, 17)	UNKNOWN STEP	2025-06-14T00:25:16.0985739Z Updating files:  45% (4727/10503)
Java Distribution IT (windows-latest, temurin, 17)	UNKNOWN STEP	2025-06-14T00:25:16.1220729Z Updating files:  46% (4832/10503)
Java Distribution IT (windows-latest, temurin, 17)	UNKNOWN STEP	2025-06-14T00:25:16.1424367Z Updating files:  47% (4937/10503)
Java Distribution IT (windows-latest, temurin, 17)	UNKNOWN STEP	2025-06-14T00:25:16.1619894Z Updating files:  48% (5042/10503)
Java Distribution IT (windows-latest, temurin, 17)	UNKNOWN STEP	2025-06-14T00:25:16.1787918Z Updating files:  49% (5147/10503)
Java Distribution IT (windows-latest, temurin, 17)	UNKNOWN STEP	2025-06-14T00:25:16.2009323Z Updating files:  50% (5252/10503)
Java Distribution IT (windows-latest, temurin, 17)	UNKNOWN STEP	2025-06-14T00:25:16.2202108Z Updating files:  51% (5357/10503)
Java Distribution IT (windows-latest, temurin, 17)	UNKNOWN STEP	2025-06-14T00:25:16.3381901Z Updating files:  52% (5462/10503)
Java Distribution IT (windows-latest, temurin, 17)	UNKNOWN STEP	2025-06-14T00:25:16.3576698Z Updating files:  53% (5567/10503)
Java Distribution IT (windows-latest, temurin, 17)	UNKNOWN STEP	2025-06-14T00:25:16.3776858Z Updating files:  54% (5672/10503)
Java Distribution IT (windows-latest, temurin, 17)	UNKNOWN STEP	2025-06-14T00:25:16.3948493Z Updating files:  55% (5777/10503)
Java Distribution IT (windows-latest, temurin, 17)	UNKNOWN STEP	2025-06-14T00:25:16.4136889Z Updating files:  56% (5882/10503)
Java Distribution IT (windows-latest, temurin, 17)	UNKNOWN STEP	2025-06-14T00:25:16.4327223Z Updating files:  57% (5987/10503)
Java Distribution IT (windows-latest, temurin, 17)	UNKNOWN STEP	2025-06-14T00:25:16.4548802Z Updating files:  58% (6092/10503)
Java Distribution IT (windows-latest, temurin, 17)	UNKNOWN STEP	2025-06-14T00:25:16.4722332Z Updating files:  59% (6197/10503)
Java Distribution IT (windows-latest, temurin, 17)	UNKNOWN STEP	2025-06-14T00:25:16.4925744Z Updating files:  60% (6302/10503)
Java Distribution IT (windows-latest, temurin, 17)	UNKNOWN STEP	2025-06-14T00:25:16.5149388Z Updating files:  61% (6407/10503)
Java Distribution IT (windows-latest, temurin, 17)	UNKNOWN STEP	2025-06-14T00:25:16.5361968Z Updating files:  62% (6512/10503)
Java Distribution IT (windows-latest, temurin, 17)	UNKNOWN STEP	2025-06-14T00:25:16.5540310Z Updating files:  63% (6617/10503)
Java Distribution IT (windows-latest, temurin, 17)	UNKNOWN STEP	2025-06-14T00:25:16.5725094Z Updating files:  64% (6722/10503)
Java Distribution IT (windows-latest, temurin, 17)	UNKNOWN STEP	2025-06-14T00:25:16.5924843Z Updating files:  65% (6827/10503)
Java Distribution IT (windows-latest, temurin, 17)	UNKNOWN STEP	2025-06-14T00:25:16.6118674Z Updating files:  66% (6932/10503)
Java Distribution IT (windows-latest, temurin, 17)	UNKNOWN STEP	2025-06-14T00:25:16.6316261Z Updating files:  67% (7038/10503)
Java Distribution IT (windows-latest, temurin, 17)	UNKNOWN STEP	2025-06-14T00:25:16.6505556Z Updating files:  68% (7143/10503)
Java Distribution IT (windows-latest, temurin, 17)	UNKNOWN STEP	2025-06-14T00:25:16.6669180Z Updating files:  69% (7248/10503)
Java Distribution IT (windows-latest, temurin, 17)	UNKNOWN STEP	2025-06-14T00:25:16.6864724Z Updating files:  70% (7353/10503)
Java Distribution IT (windows-latest, temurin, 17)	UNKNOWN STEP	2025-06-14T00:25:16.7051995Z Updating files:  71% (7458/10503)
Java Distribution IT (windows-latest, temurin, 17)	UNKNOWN STEP	2025-06-14T00:25:16.7240125Z Updating files:  72% (7563/10503)
Java Distribution IT (windows-latest, temurin, 17)	UNKNOWN STEP	2025-06-14T00:25:16.7405879Z Updating files:  73% (7668/10503)
Java Distribution IT (windows-latest, temurin, 17)	UNKNOWN STEP	2025-06-14T00:25:16.7617781Z Updating files:  74% (7773/10503)
Java Distribution IT (windows-latest, temurin, 17)	UNKNOWN STEP	2025-06-14T00:25:16.7796872Z Updating files:  75% (7878/10503)
Java Distribution IT (windows-latest, temurin, 17)	UNKNOWN STEP	2025-06-14T00:25:16.8015602Z Updating files:  76% (7983/10503)
Java Distribution IT (windows-latest, temurin, 17)	UNKNOWN STEP	2025-06-14T00:25:16.8290057Z Updating files:  77% (8088/10503)
Java Distribution IT (windows-latest, temurin, 17)	UNKNOWN STEP	2025-06-14T00:25:16.8503793Z Updating files:  78% (8193/10503)
Java Distribution IT (windows-latest, temurin, 17)	UNKNOWN STEP	2025-06-14T00:25:16.8712556Z Updating files:  79% (8298/10503)
Java Distribution IT (windows-latest, temurin, 17)	UNKNOWN STEP	2025-06-14T00:25:16.8907419Z Updating files:  80% (8403/10503)
Java Distribution IT (windows-latest, temurin, 17)	UNKNOWN STEP	2025-06-14T00:25:16.9080712Z Updating files:  81% (8508/10503)
Java Distribution IT (windows-latest, temurin, 17)	UNKNOWN STEP	2025-06-14T00:25:16.9274145Z Updating files:  82% (8613/10503)
Java Distribution IT (windows-latest, temurin, 17)	UNKNOWN STEP	2025-06-14T00:25:16.9470069Z Updating files:  83% (8718/10503)
Java Distribution IT (windows-latest, temurin, 17)	UNKNOWN STEP	2025-06-14T00:25:16.9657310Z Updating files:  84% (8823/10503)
Java Distribution IT (windows-latest, temurin, 17)	UNKNOWN STEP	2025-06-14T00:25:16.9825109Z Updating files:  85% (8928/10503)
Java Distribution IT (windows-latest, temurin, 17)	UNKNOWN STEP	2025-06-14T00:25:17.0034237Z Updating files:  86% (9033/10503)
Java Distribution IT (windows-latest, temurin, 17)	UNKNOWN STEP	2025-06-14T00:25:17.0261630Z Updating files:  87% (9138/10503)
Java Distribution IT (windows-latest, temurin, 17)	UNKNOWN STEP	2025-06-14T00:25:17.0465437Z Updating files:  88% (9243/10503)
Java Distribution IT (windows-latest, temurin, 17)	UNKNOWN STEP	2025-06-14T00:25:17.0647291Z Updating files:  89% (9348/10503)
Java Distribution IT (windows-latest, temurin, 17)	UNKNOWN STEP	2025-06-14T00:25:17.0693474Z Updating files:  89% (9430/10503)
Java Distribution IT (windows-latest, temurin, 17)	UNKNOWN STEP	2025-06-14T00:25:17.0917294Z Updating files:  90% (9453/10503)
Java Distribution IT (windows-latest, temurin, 17)	UNKNOWN STEP	2025-06-14T00:25:17.1156554Z Updating files:  91% (9558/10503)
Java Distribution IT (windows-latest, temurin, 17)	UNKNOWN STEP	2025-06-14T00:25:17.1391309Z Updating files:  92% (9663/10503)
Java Distribution IT (windows-latest, temurin, 17)	UNKNOWN STEP	2025-06-14T00:25:17.1611015Z Updating files:  93% (9768/10503)
Java Distribution IT (windows-latest, temurin, 17)	UNKNOWN STEP	2025-06-14T00:25:17.1815465Z Updating files:  94% (9873/10503)
Java Distribution IT (windows-latest, temurin, 17)	UNKNOWN STEP	2025-06-14T00:25:17.2051090Z Updating files:  95% (9978/10503)
Java Distribution IT (windows-latest, temurin, 17)	UNKNOWN STEP	2025-06-14T00:25:17.2280429Z Updating files:  96% (10083/10503)
Java Distribution IT (windows-latest, temurin, 17)	UNKNOWN STEP	2025-06-14T00:25:17.2478496Z Updating files:  97% (10188/10503)
Java Distribution IT (windows-latest, temurin, 17)	UNKNOWN STEP	2025-06-14T00:25:17.2653310Z Updating files:  98% (10293/10503)
Java Distribution IT (windows-latest, temurin, 17)	UNKNOWN STEP	2025-06-14T00:25:17.2852361Z Updating files:  99% (10398/10503)
Java Distribution IT (windows-latest, temurin, 17)	UNKNOWN STEP	2025-06-14T00:25:17.2852750Z Updating files: 100% (10503/10503)
Java Distribution IT (windows-latest, temurin, 17)	UNKNOWN STEP	2025-06-14T00:25:17.2853110Z Updating files: 100% (10503/10503), done.
Java Distribution IT (windows-latest, temurin, 17)	UNKNOWN STEP	2025-06-14T00:25:17.3135652Z branch 'main' set up to track 'origin/main'.
Java Distribution IT (windows-latest, temurin, 17)	UNKNOWN STEP	2025-06-14T00:25:17.3140895Z Switched to a new branch 'main'
Java Distribution IT (windows-latest, temurin, 17)	UNKNOWN STEP	2025-06-14T00:25:17.3229161Z ##[endgroup]
Java Distribution IT (windows-latest, temurin, 17)	UNKNOWN STEP	2025-06-14T00:25:17.3518665Z [command]"C:\Program Files\Git\bin\git.exe" log -1 --format=%H
Java Distribution IT (windows-latest, temurin, 17)	UNKNOWN STEP	2025-06-14T00:25:17.3714297Z 00099b1afc21e12c3c17271096c42b7d2b0c487b
Java Distribution IT (windows-latest, temurin, 17)	UNKNOWN STEP	2025-06-14T00:25:17.4091643Z Prepare all required actions
Java Distribution IT (windows-latest, temurin, 17)	UNKNOWN STEP	2025-06-14T00:25:17.4092117Z Getting action download info
Java Distribution IT (windows-latest, temurin, 17)	UNKNOWN STEP	2025-06-14T00:25:17.5572237Z Download action repository 'actions/download-artifact@d3f86a106a0bac45b974a628896c90dbdf5c8093' (SHA:d3f86a106a0bac45b974a628896c90dbdf5c8093)
Java Distribution IT (windows-latest, temurin, 17)	UNKNOWN STEP	2025-06-14T00:25:18.1617458Z ##[group]Run ./.github/actions/integration-test-setup
Java Distribution IT (windows-latest, temurin, 17)	UNKNOWN STEP	2025-06-14T00:25:18.1617723Z with:
Java Distribution IT (windows-latest, temurin, 17)	UNKNOWN STEP	2025-06-14T00:25:18.1617864Z   jdk-dist: temurin
Java Distribution IT (windows-latest, temurin, 17)	UNKNOWN STEP	2025-06-14T00:25:18.1618018Z   jdk-version: 17
Java Distribution IT (windows-latest, temurin, 17)	UNKNOWN STEP	2025-06-14T00:25:18.1618156Z env:
Java Distribution IT (windows-latest, temurin, 17)	UNKNOWN STEP	2025-06-14T00:25:18.1618385Z   MAVEN_ARGS: -B -nsu -Daether.connector.http.connectionMaxTtl=25
Java Distribution IT (windows-latest, temurin, 17)	UNKNOWN STEP	2025-06-14T00:25:18.1618682Z   SUREFIRE_RERUN_FAILING_COUNT: 2
Java Distribution IT (windows-latest, temurin, 17)	UNKNOWN STEP	2025-06-14T00:25:18.1618929Z   SUREFIRE_RETRY: -Dsurefire.rerunFailingTestsCount=2
Java Distribution IT (windows-latest, temurin, 17)	UNKNOWN STEP	2025-06-14T00:25:18.1619195Z ##[endgroup]
Java Distribution IT (windows-latest, temurin, 17)	UNKNOWN STEP	2025-06-14T00:25:18.1780751Z Prepare all required actions
Java Distribution IT (windows-latest, temurin, 17)	UNKNOWN STEP	2025-06-14T00:25:18.1808242Z ##[group]Run ./.github/actions/update-hosts
Java Distribution IT (windows-latest, temurin, 17)	UNKNOWN STEP	2025-06-14T00:25:18.1808470Z env:
Java Distribution IT (windows-latest, temurin, 17)	UNKNOWN STEP	2025-06-14T00:25:18.1808756Z   MAVEN_ARGS: -B -nsu -Daether.connector.http.connectionMaxTtl=25
Java Distribution IT (windows-latest, temurin, 17)	UNKNOWN STEP	2025-06-14T00:25:18.1809063Z   SUREFIRE_RERUN_FAILING_COUNT: 2
Java Distribution IT (windows-latest, temurin, 17)	UNKNOWN STEP	2025-06-14T00:25:18.1809325Z   SUREFIRE_RETRY: -Dsurefire.rerunFailingTestsCount=2
Java Distribution IT (windows-latest, temurin, 17)	UNKNOWN STEP	2025-06-14T00:25:18.1809575Z ##[endgroup]
Java Distribution IT (windows-latest, temurin, 17)	UNKNOWN STEP	2025-06-14T00:25:18.1926071Z ##[group]Run "`n`n" | Add-Content C:\Windows\System32\drivers\etc\hosts
Java Distribution IT (windows-latest, temurin, 17)	UNKNOWN STEP	2025-06-14T00:25:18.1926566Z [36;1m"`n`n" | Add-Content C:\Windows\System32\drivers\etc\hosts[0m
Java Distribution IT (windows-latest, temurin, 17)	UNKNOWN STEP	2025-06-14T00:25:18.1927088Z [36;1mGet-Content .github/actions/update-hosts/nipio-hosts | Add-Content C:\Windows\System32\drivers\etc\hosts[0m
Java Distribution IT (windows-latest, temurin, 17)	UNKNOWN STEP	2025-06-14T00:25:18.1960386Z shell: C:\Windows\System32\WindowsPowerShell\v1.0\powershell.EXE -command ". '{0}'"
Java Distribution IT (windows-latest, temurin, 17)	UNKNOWN STEP	2025-06-14T00:25:18.1960747Z env:
Java Distribution IT (windows-latest, temurin, 17)	UNKNOWN STEP	2025-06-14T00:25:18.1960995Z   MAVEN_ARGS: -B -nsu -Daether.connector.http.connectionMaxTtl=25
Java Distribution IT (windows-latest, temurin, 17)	UNKNOWN STEP	2025-06-14T00:25:18.1961497Z   SUREFIRE_RERUN_FAILING_COUNT: 2
Java Distribution IT (windows-latest, temurin, 17)	UNKNOWN STEP	2025-06-14T00:25:18.1961750Z   SUREFIRE_RETRY: -Dsurefire.rerunFailingTestsCount=2
Java Distribution IT (windows-latest, temurin, 17)	UNKNOWN STEP	2025-06-14T00:25:18.1962027Z ##[endgroup]
Java Distribution IT (windows-latest, temurin, 17)	UNKNOWN STEP	2025-06-14T00:25:18.4627174Z Prepare all required actions
Java Distribution IT (windows-latest, temurin, 17)	UNKNOWN STEP	2025-06-14T00:25:18.4627457Z Getting action download info
Java Distribution IT (windows-latest, temurin, 17)	UNKNOWN STEP	2025-06-14T00:25:18.6120279Z Download action repository 'actions/setup-java@c5195efecf7bdfc987ee8bae7a71cb8b11521c00' (SHA:c5195efecf7bdfc987ee8bae7a71cb8b11521c00)
Java Distribution IT (windows-latest, temurin, 17)	UNKNOWN STEP	2025-06-14T00:25:19.2427618Z ##[group]Run ./.github/actions/java-setup
Java Distribution IT (windows-latest, temurin, 17)	UNKNOWN STEP	2025-06-14T00:25:19.2427841Z with:
Java Distribution IT (windows-latest, temurin, 17)	UNKNOWN STEP	2025-06-14T00:25:19.2427992Z   distribution: temurin
Java Distribution IT (windows-latest, temurin, 17)	UNKNOWN STEP	2025-06-14T00:25:19.2428167Z   java-version: 17
Java Distribution IT (windows-latest, temurin, 17)	UNKNOWN STEP	2025-06-14T00:25:19.2428310Z env:
Java Distribution IT (windows-latest, temurin, 17)	UNKNOWN STEP	2025-06-14T00:25:19.2428542Z   MAVEN_ARGS: -B -nsu -Daether.connector.http.connectionMaxTtl=25
Java Distribution IT (windows-latest, temurin, 17)	UNKNOWN STEP	2025-06-14T00:25:19.2428873Z   SUREFIRE_RERUN_FAILING_COUNT: 2
Java Distribution IT (windows-latest, temurin, 17)	UNKNOWN STEP	2025-06-14T00:25:19.2429130Z   SUREFIRE_RETRY: -Dsurefire.rerunFailingTestsCount=2
Java Distribution IT (windows-latest, temurin, 17)	UNKNOWN STEP	2025-06-14T00:25:19.2429393Z ##[endgroup]
Java Distribution IT (windows-latest, temurin, 17)	UNKNOWN STEP	2025-06-14T00:25:19.2574267Z ##[group]Run actions/setup-java@c5195efecf7bdfc987ee8bae7a71cb8b11521c00
Java Distribution IT (windows-latest, temurin, 17)	UNKNOWN STEP	2025-06-14T00:25:19.2574590Z with:
Java Distribution IT (windows-latest, temurin, 17)	UNKNOWN STEP	2025-06-14T00:25:19.2574747Z   distribution: temurin
Java Distribution IT (windows-latest, temurin, 17)	UNKNOWN STEP	2025-06-14T00:25:19.2574912Z   java-version: 17
Java Distribution IT (windows-latest, temurin, 17)	UNKNOWN STEP	2025-06-14T00:25:19.2575071Z   java-package: jdk
Java Distribution IT (windows-latest, temurin, 17)	UNKNOWN STEP	2025-06-14T00:25:19.2575221Z   check-latest: false
Java Distribution IT (windows-latest, temurin, 17)	UNKNOWN STEP	2025-06-14T00:25:19.2575386Z   server-id: github
Java Distribution IT (windows-latest, temurin, 17)	UNKNOWN STEP	2025-06-14T00:25:19.2575547Z   server-username: GITHUB_ACTOR
Java Distribution IT (windows-latest, temurin, 17)	UNKNOWN STEP	2025-06-14T00:25:19.2575754Z   server-password: GITHUB_TOKEN
Java Distribution IT (windows-latest, temurin, 17)	UNKNOWN STEP	2025-06-14T00:25:19.2575947Z   overwrite-settings: true
Java Distribution IT (windows-latest, temurin, 17)	UNKNOWN STEP	2025-06-14T00:25:19.2576121Z   job-status: success
Java Distribution IT (windows-latest, temurin, 17)	UNKNOWN STEP	2025-06-14T00:25:19.2576385Z   token: ***
Java Distribution IT (windows-latest, temurin, 17)	UNKNOWN STEP	2025-06-14T00:25:19.2576525Z env:
Java Distribution IT (windows-latest, temurin, 17)	UNKNOWN STEP	2025-06-14T00:25:19.2576757Z   MAVEN_ARGS: -B -nsu -Daether.connector.http.connectionMaxTtl=25
Java Distribution IT (windows-latest, temurin, 17)	UNKNOWN STEP	2025-06-14T00:25:19.2577064Z   SUREFIRE_RERUN_FAILING_COUNT: 2
Java Distribution IT (windows-latest, temurin, 17)	UNKNOWN STEP	2025-06-14T00:25:19.2577320Z   SUREFIRE_RETRY: -Dsurefire.rerunFailingTestsCount=2
Java Distribution IT (windows-latest, temurin, 17)	UNKNOWN STEP	2025-06-14T00:25:19.2577577Z ##[endgroup]
Java Distribution IT (windows-latest, temurin, 17)	UNKNOWN STEP	2025-06-14T00:25:19.5160086Z ##[group]Installed distributions
Java Distribution IT (windows-latest, temurin, 17)	UNKNOWN STEP	2025-06-14T00:25:19.5396048Z Resolved Java 17.0.15+6 from tool-cache
Java Distribution IT (windows-latest, temurin, 17)	UNKNOWN STEP	2025-06-14T00:25:19.5396714Z Setting Java 17.0.15+6 as the default
Java Distribution IT (windows-latest, temurin, 17)	UNKNOWN STEP	2025-06-14T00:25:19.5434284Z Creating toolchains.xml for JDK version 17 from temurin
Java Distribution IT (windows-latest, temurin, 17)	UNKNOWN STEP	2025-06-14T00:25:19.5586472Z Writing to C:\Users\runneradmin\.m2\toolchains.xml
Java Distribution IT (windows-latest, temurin, 17)	UNKNOWN STEP	2025-06-14T00:25:19.5591548Z 
Java Distribution IT (windows-latest, temurin, 17)	UNKNOWN STEP	2025-06-14T00:25:19.5591789Z Java configuration:
Java Distribution IT (windows-latest, temurin, 17)	UNKNOWN STEP	2025-06-14T00:25:19.5592097Z   Distribution: temurin
Java Distribution IT (windows-latest, temurin, 17)	UNKNOWN STEP	2025-06-14T00:25:19.5592363Z   Version: 17.0.15+6
Java Distribution IT (windows-latest, temurin, 17)	UNKNOWN STEP	2025-06-14T00:25:19.5594321Z   Path: C:\hostedtoolcache\windows\Java_Temurin-Hotspot_jdk\17.0.15-6\x64
Java Distribution IT (windows-latest, temurin, 17)	UNKNOWN STEP	2025-06-14T00:25:19.5594769Z 
Java Distribution IT (windows-latest, temurin, 17)	UNKNOWN STEP	2025-06-14T00:25:19.5596145Z ##[endgroup]
Java Distribution IT (windows-latest, temurin, 17)	UNKNOWN STEP	2025-06-14T00:25:19.5611111Z Creating settings.xml with server-id: github
Java Distribution IT (windows-latest, temurin, 17)	UNKNOWN STEP	2025-06-14T00:25:19.5624506Z Writing to C:\Users\runneradmin\.m2\settings.xml
Java Distribution IT (windows-latest, temurin, 17)	UNKNOWN STEP	2025-06-14T00:25:19.5847252Z Prepare all required actions
Java Distribution IT (windows-latest, temurin, 17)	UNKNOWN STEP	2025-06-14T00:25:19.5847540Z Getting action download info
Java Distribution IT (windows-latest, temurin, 17)	UNKNOWN STEP	2025-06-14T00:25:19.7656102Z Download action repository 'actions/cache@5a3ec84eff668545956fd18022155c47e93e2684' (SHA:5a3ec84eff668545956fd18022155c47e93e2684)
Java Distribution IT (windows-latest, temurin, 17)	UNKNOWN STEP	2025-06-14T00:25:19.9610084Z ##[group]Run ./.github/actions/maven-cache
Java Distribution IT (windows-latest, temurin, 17)	UNKNOWN STEP	2025-06-14T00:25:19.9610330Z with:
Java Distribution IT (windows-latest, temurin, 17)	UNKNOWN STEP	2025-06-14T00:25:19.9610494Z   create-cache-if-it-doesnt-exist: false
Java Distribution IT (windows-latest, temurin, 17)	UNKNOWN STEP	2025-06-14T00:25:19.9610710Z env:
Java Distribution IT (windows-latest, temurin, 17)	UNKNOWN STEP	2025-06-14T00:25:19.9610937Z   MAVEN_ARGS: -B -nsu -Daether.connector.http.connectionMaxTtl=25
Java Distribution IT (windows-latest, temurin, 17)	UNKNOWN STEP	2025-06-14T00:25:19.9611252Z   SUREFIRE_RERUN_FAILING_COUNT: 2
Java Distribution IT (windows-latest, temurin, 17)	UNKNOWN STEP	2025-06-14T00:25:19.9611514Z   SUREFIRE_RETRY: -Dsurefire.rerunFailingTestsCount=2
Java Distribution IT (windows-latest, temurin, 17)	UNKNOWN STEP	2025-06-14T00:25:19.9611882Z   JAVA_HOME: C:\hostedtoolcache\windows\Java_Temurin-Hotspot_jdk\17.0.15-6\x64
Java Distribution IT (windows-latest, temurin, 17)	UNKNOWN STEP	2025-06-14T00:25:19.9612320Z   JAVA_HOME_17_X64: C:\hostedtoolcache\windows\Java_Temurin-Hotspot_jdk\17.0.15-6\x64
Java Distribution IT (windows-latest, temurin, 17)	UNKNOWN STEP	2025-06-14T00:25:19.9612637Z ##[endgroup]
Java Distribution IT (windows-latest, temurin, 17)	UNKNOWN STEP	2025-06-14T00:25:19.9704943Z ##[group]Run echo "key=mvn-`date -u "+%Y-%U"`" >> $GITHUB_OUTPUT
Java Distribution IT (windows-latest, temurin, 17)	UNKNOWN STEP	2025-06-14T00:25:19.9705311Z [36;1mecho "key=mvn-`date -u "+%Y-%U"`" >> $GITHUB_OUTPUT[0m
Java Distribution IT (windows-latest, temurin, 17)	UNKNOWN STEP	2025-06-14T00:25:20.0164295Z shell: C:\Program Files\Git\bin\bash.EXE --noprofile --norc -e -o pipefail {0}
Java Distribution IT (windows-latest, temurin, 17)	UNKNOWN STEP	2025-06-14T00:25:20.0164716Z env:
Java Distribution IT (windows-latest, temurin, 17)	UNKNOWN STEP	2025-06-14T00:25:20.0165011Z   MAVEN_ARGS: -B -nsu -Daether.connector.http.connectionMaxTtl=25
Java Distribution IT (windows-latest, temurin, 17)	UNKNOWN STEP	2025-06-14T00:25:20.0165400Z   SUREFIRE_RERUN_FAILING_COUNT: 2
Java Distribution IT (windows-latest, temurin, 17)	UNKNOWN STEP	2025-06-14T00:25:20.0165710Z   SUREFIRE_RETRY: -Dsurefire.rerunFailingTestsCount=2
Java Distribution IT (windows-latest, temurin, 17)	UNKNOWN STEP	2025-06-14T00:25:20.0166168Z   JAVA_HOME: C:\hostedtoolcache\windows\Java_Temurin-Hotspot_jdk\17.0.15-6\x64
Java Distribution IT (windows-latest, temurin, 17)	UNKNOWN STEP	2025-06-14T00:25:20.0166714Z   JAVA_HOME_17_X64: C:\hostedtoolcache\windows\Java_Temurin-Hotspot_jdk\17.0.15-6\x64
Java Distribution IT (windows-latest, temurin, 17)	UNKNOWN STEP	2025-06-14T00:25:20.0167113Z ##[endgroup]
Java Distribution IT (windows-latest, temurin, 17)	UNKNOWN STEP	2025-06-14T00:25:20.2334850Z ##[group]Run mkdir -p ..\..\..\.m2
Java Distribution IT (windows-latest, temurin, 17)	UNKNOWN STEP	2025-06-14T00:25:20.2335097Z [36;1mmkdir -p ..\..\..\.m2[0m
Java Distribution IT (windows-latest, temurin, 17)	UNKNOWN STEP	2025-06-14T00:25:20.2335299Z [36;1mmkdir -p D:\.m2\repository[0m
Java Distribution IT (windows-latest, temurin, 17)	UNKNOWN STEP	2025-06-14T00:25:20.2335578Z [36;1mcmd /c mklink /d $HOME\.m2\repository D:\.m2\repository[0m
Java Distribution IT (windows-latest, temurin, 17)	UNKNOWN STEP	2025-06-14T00:25:20.2335941Z [36;1mcmd /c mklink /d $PWD\..\..\..\.m2\repository D:\.m2\repository[0m
Java Distribution IT (windows-latest, temurin, 17)	UNKNOWN STEP	2025-06-14T00:25:20.2370693Z shell: C:\Windows\System32\WindowsPowerShell\v1.0\powershell.EXE -command ". '{0}'"
Java Distribution IT (windows-latest, temurin, 17)	UNKNOWN STEP	2025-06-14T00:25:20.2371053Z env:
Java Distribution IT (windows-latest, temurin, 17)	UNKNOWN STEP	2025-06-14T00:25:20.2371302Z   MAVEN_ARGS: -B -nsu -Daether.connector.http.connectionMaxTtl=25
Java Distribution IT (windows-latest, temurin, 17)	UNKNOWN STEP	2025-06-14T00:25:20.2371604Z   SUREFIRE_RERUN_FAILING_COUNT: 2
Java Distribution IT (windows-latest, temurin, 17)	UNKNOWN STEP	2025-06-14T00:25:20.2371861Z   SUREFIRE_RETRY: -Dsurefire.rerunFailingTestsCount=2
Java Distribution IT (windows-latest, temurin, 17)	UNKNOWN STEP	2025-06-14T00:25:20.2372235Z   JAVA_HOME: C:\hostedtoolcache\windows\Java_Temurin-Hotspot_jdk\17.0.15-6\x64
Java Distribution IT (windows-latest, temurin, 17)	UNKNOWN STEP	2025-06-14T00:25:20.2372670Z   JAVA_HOME_17_X64: C:\hostedtoolcache\windows\Java_Temurin-Hotspot_jdk\17.0.15-6\x64
Java Distribution IT (windows-latest, temurin, 17)	UNKNOWN STEP	2025-06-14T00:25:20.2373001Z ##[endgroup]
Java Distribution IT (windows-latest, temurin, 17)	UNKNOWN STEP	2025-06-14T00:25:20.5163857Z 
Java Distribution IT (windows-latest, temurin, 17)	UNKNOWN STEP	2025-06-14T00:25:20.5165638Z 
Java Distribution IT (windows-latest, temurin, 17)	UNKNOWN STEP	2025-06-14T00:25:20.5169545Z     Directory: D:\
Java Distribution IT (windows-latest, temurin, 17)	UNKNOWN STEP	2025-06-14T00:25:20.5170794Z 
Java Distribution IT (windows-latest, temurin, 17)	UNKNOWN STEP	2025-06-14T00:25:20.5171090Z 
Java Distribution IT (windows-latest, temurin, 17)	UNKNOWN STEP	2025-06-14T00:25:20.5189666Z Mode                 LastWriteTime         Length Name                                                                 
Java Distribution IT (windows-latest, temurin, 17)	UNKNOWN STEP	2025-06-14T00:25:20.5196077Z ----                 -------------         ------ ----                                                                 
Java Distribution IT (windows-latest, temurin, 17)	UNKNOWN STEP	2025-06-14T00:25:20.5212348Z d-----         6/14/2025  12:25 AM                .m2                                                                  
Java Distribution IT (windows-latest, temurin, 17)	UNKNOWN STEP	2025-06-14T00:25:20.5266477Z 
Java Distribution IT (windows-latest, temurin, 17)	UNKNOWN STEP	2025-06-14T00:25:20.5268616Z 
Java Distribution IT (windows-latest, temurin, 17)	UNKNOWN STEP	2025-06-14T00:25:20.5271033Z     Directory: D:\.m2
Java Distribution IT (windows-latest, temurin, 17)	UNKNOWN STEP	2025-06-14T00:25:20.5272009Z 
Java Distribution IT (windows-latest, temurin, 17)	UNKNOWN STEP	2025-06-14T00:25:20.5273722Z 
Java Distribution IT (windows-latest, temurin, 17)	UNKNOWN STEP	2025-06-14T00:25:20.5301549Z Mode                 LastWriteTime         Length Name                                                                 
Java Distribution IT (windows-latest, temurin, 17)	UNKNOWN STEP	2025-06-14T00:25:20.5306984Z ----                 -------------         ------ ----                                                                 
Java Distribution IT (windows-latest, temurin, 17)	UNKNOWN STEP	2025-06-14T00:25:20.5323084Z d-----         6/14/2025  12:25 AM                repository                                                           
Java Distribution IT (windows-latest, temurin, 17)	UNKNOWN STEP	2025-06-14T00:25:20.5457978Z symbolic link created for C:\Users\runneradmin\.m2\repository <<===>> D:\.m2\repository
Java Distribution IT (windows-latest, temurin, 17)	UNKNOWN STEP	2025-06-14T00:25:20.5633746Z Cannot create a file when that file already exists.
Java Distribution IT (windows-latest, temurin, 17)	UNKNOWN STEP	2025-06-14T00:25:20.5673170Z 
Java Distribution IT (windows-latest, temurin, 17)	UNKNOWN STEP	2025-06-14T00:25:20.5673320Z 
Java Distribution IT (windows-latest, temurin, 17)	UNKNOWN STEP	2025-06-14T00:25:20.5804341Z ##[error]Process completed with exit code 1.
Java Distribution IT (windows-latest, temurin, 17)	UNKNOWN STEP	2025-06-14T00:25:20.5952883Z Prepare all required actions
Java Distribution IT (windows-latest, temurin, 17)	UNKNOWN STEP	2025-06-14T00:25:20.5953252Z Getting action download info
Java Distribution IT (windows-latest, temurin, 17)	UNKNOWN STEP	2025-06-14T00:25:20.7639927Z Download action repository 'actions/upload-artifact@ea165f8d65b6e75b540449e92b4886f43607fa02' (SHA:ea165f8d65b6e75b540449e92b4886f43607fa02)
Java Distribution IT (windows-latest, temurin, 17)	UNKNOWN STEP	2025-06-14T00:25:20.9435901Z ##[group]Run ./.github/actions/upload-heapdumps
Java Distribution IT (windows-latest, temurin, 17)	UNKNOWN STEP	2025-06-14T00:25:20.9436154Z env:
Java Distribution IT (windows-latest, temurin, 17)	UNKNOWN STEP	2025-06-14T00:25:20.9436390Z   MAVEN_ARGS: -B -nsu -Daether.connector.http.connectionMaxTtl=25
Java Distribution IT (windows-latest, temurin, 17)	UNKNOWN STEP	2025-06-14T00:25:20.9436710Z   SUREFIRE_RERUN_FAILING_COUNT: 2
Java Distribution IT (windows-latest, temurin, 17)	UNKNOWN STEP	2025-06-14T00:25:20.9436963Z   SUREFIRE_RETRY: -Dsurefire.rerunFailingTestsCount=2
Java Distribution IT (windows-latest, temurin, 17)	UNKNOWN STEP	2025-06-14T00:25:20.9437341Z   JAVA_HOME: C:\hostedtoolcache\windows\Java_Temurin-Hotspot_jdk\17.0.15-6\x64
Java Distribution IT (windows-latest, temurin, 17)	UNKNOWN STEP	2025-06-14T00:25:20.9438479Z   JAVA_HOME_17_X64: C:\hostedtoolcache\windows\Java_Temurin-Hotspot_jdk\17.0.15-6\x64
Java Distribution IT (windows-latest, temurin, 17)	UNKNOWN STEP	2025-06-14T00:25:20.9438807Z ##[endgroup]
Java Distribution IT (windows-latest, temurin, 17)	UNKNOWN STEP	2025-06-14T00:25:20.9565521Z Prepare all required actions
Java Distribution IT (windows-latest, temurin, 17)	UNKNOWN STEP	2025-06-14T00:25:20.9565892Z Getting action download info
Java Distribution IT (windows-latest, temurin, 17)	UNKNOWN STEP	2025-06-14T00:25:21.1265032Z ##[group]Run ./.github/actions/archive-surefire-reports
Java Distribution IT (windows-latest, temurin, 17)	UNKNOWN STEP	2025-06-14T00:25:21.1265291Z with:
Java Distribution IT (windows-latest, temurin, 17)	UNKNOWN STEP	2025-06-14T00:25:21.1265510Z   job-id: jdk-integration-tests-windows-latest-temurin-17
Java Distribution IT (windows-latest, temurin, 17)	UNKNOWN STEP	2025-06-14T00:25:21.1265961Z   release-branches: ["refs/heads/release/22.0","refs/heads/release/24.0","refs/heads/release/26.0"]
Java Distribution IT (windows-latest, temurin, 17)	UNKNOWN STEP	2025-06-14T00:25:21.1266340Z   keep-days: 1
Java Distribution IT (windows-latest, temurin, 17)	UNKNOWN STEP	2025-06-14T00:25:21.1266485Z env:
Java Distribution IT (windows-latest, temurin, 17)	UNKNOWN STEP	2025-06-14T00:25:21.1266711Z   MAVEN_ARGS: -B -nsu -Daether.connector.http.connectionMaxTtl=25
Java Distribution IT (windows-latest, temurin, 17)	UNKNOWN STEP	2025-06-14T00:25:21.1267020Z   SUREFIRE_RERUN_FAILING_COUNT: 2
Java Distribution IT (windows-latest, temurin, 17)	UNKNOWN STEP	2025-06-14T00:25:21.1267268Z   SUREFIRE_RETRY: -Dsurefire.rerunFailingTestsCount=2
Java Distribution IT (windows-latest, temurin, 17)	UNKNOWN STEP	2025-06-14T00:25:21.1267642Z   JAVA_HOME: C:\hostedtoolcache\windows\Java_Temurin-Hotspot_jdk\17.0.15-6\x64
Java Distribution IT (windows-latest, temurin, 17)	UNKNOWN STEP	2025-06-14T00:25:21.1268080Z   JAVA_HOME_17_X64: C:\hostedtoolcache\windows\Java_Temurin-Hotspot_jdk\17.0.15-6\x64
Java Distribution IT (windows-latest, temurin, 17)	UNKNOWN STEP	2025-06-14T00:25:21.1268436Z ##[endgroup]
Java Distribution IT (windows-latest, temurin, 17)	UNKNOWN STEP	2025-06-14T00:25:21.1363103Z ##[group]Run echo "dirs<<EOF" >> $GITHUB_OUTPUT
Java Distribution IT (windows-latest, temurin, 17)	UNKNOWN STEP	2025-06-14T00:25:21.1363388Z [36;1mecho "dirs<<EOF" >> $GITHUB_OUTPUT[0m
Java Distribution IT (windows-latest, temurin, 17)	UNKNOWN STEP	2025-06-14T00:25:21.1363787Z [36;1mecho "$(find ~+ -type d -not -empty -name surefire-reports* | sed 's@/d@D:@')" >> $GITHUB_OUTPUT[0m
Java Distribution IT (windows-latest, temurin, 17)	UNKNOWN STEP	2025-06-14T00:25:21.1364173Z [36;1mecho "EOF" >> $GITHUB_OUTPUT[0m
Java Distribution IT (windows-latest, temurin, 17)	UNKNOWN STEP	2025-06-14T00:25:21.1375224Z shell: C:\Program Files\Git\bin\bash.EXE --noprofile --norc -e -o pipefail {0}
Java Distribution IT (windows-latest, temurin, 17)	UNKNOWN STEP	2025-06-14T00:25:21.1375555Z env:
Java Distribution IT (windows-latest, temurin, 17)	UNKNOWN STEP	2025-06-14T00:25:21.1375796Z   MAVEN_ARGS: -B -nsu -Daether.connector.http.connectionMaxTtl=25
Java Distribution IT (windows-latest, temurin, 17)	UNKNOWN STEP	2025-06-14T00:25:21.1376100Z   SUREFIRE_RERUN_FAILING_COUNT: 2
Java Distribution IT (windows-latest, temurin, 17)	UNKNOWN STEP	2025-06-14T00:25:21.1376356Z   SUREFIRE_RETRY: -Dsurefire.rerunFailingTestsCount=2
Java Distribution IT (windows-latest, temurin, 17)	UNKNOWN STEP	2025-06-14T00:25:21.1376718Z   JAVA_HOME: C:\hostedtoolcache\windows\Java_Temurin-Hotspot_jdk\17.0.15-6\x64
Java Distribution IT (windows-latest, temurin, 17)	UNKNOWN STEP	2025-06-14T00:25:21.1377159Z   JAVA_HOME_17_X64: C:\hostedtoolcache\windows\Java_Temurin-Hotspot_jdk\17.0.15-6\x64
Java Distribution IT (windows-latest, temurin, 17)	UNKNOWN STEP	2025-06-14T00:25:21.1377487Z ##[endgroup]
Java Distribution IT (windows-latest, temurin, 17)	UNKNOWN STEP	2025-06-14T00:25:21.5885457Z Post job cleanup.
Java Distribution IT (windows-latest, temurin, 17)	UNKNOWN STEP	2025-06-14T00:25:21.6017181Z Post job cleanup.
Java Distribution IT (windows-latest, temurin, 17)	UNKNOWN STEP	2025-06-14T00:25:21.8344341Z Post job cleanup.
Java Distribution IT (windows-latest, temurin, 17)	UNKNOWN STEP	2025-06-14T00:25:22.1352113Z [command]"C:\Program Files\Git\bin\git.exe" version
Java Distribution IT (windows-latest, temurin, 17)	UNKNOWN STEP	2025-06-14T00:25:22.1618432Z git version 2.49.0.windows.1
Java Distribution IT (windows-latest, temurin, 17)	UNKNOWN STEP	2025-06-14T00:25:22.1716256Z Temporarily overriding HOME='D:\a\_temp\ee9635bf-b8cf-4dea-ba26-d86bc8281974' before making global git config changes
Java Distribution IT (windows-latest, temurin, 17)	UNKNOWN STEP	2025-06-14T00:25:22.1717443Z Adding repository directory to the temporary git global config as a safe directory
Java Distribution IT (windows-latest, temurin, 17)	UNKNOWN STEP	2025-06-14T00:25:22.1728199Z [command]"C:\Program Files\Git\bin\git.exe" config --global --add safe.directory D:\a\keycloak\keycloak
Java Distribution IT (windows-latest, temurin, 17)	UNKNOWN STEP	2025-06-14T00:25:22.1981597Z [command]"C:\Program Files\Git\bin\git.exe" config --local --name-only --get-regexp core\.sshCommand
Java Distribution IT (windows-latest, temurin, 17)	UNKNOWN STEP	2025-06-14T00:25:22.2281710Z [command]"C:\Program Files\Git\bin\git.exe" submodule foreach --recursive "sh -c \"git config --local --name-only --get-regexp 'core\.sshCommand' && git config --local --unset-all 'core.sshCommand' || :\""
Java Distribution IT (windows-latest, temurin, 17)	UNKNOWN STEP	2025-06-14T00:25:22.6744850Z [command]"C:\Program Files\Git\bin\git.exe" config --local --name-only --get-regexp http\.https\:\/\/github\.com\/\.extraheader
Java Distribution IT (windows-latest, temurin, 17)	UNKNOWN STEP	2025-06-14T00:25:22.6935503Z http.https://github.com/.extraheader
Java Distribution IT (windows-latest, temurin, 17)	UNKNOWN STEP	2025-06-14T00:25:22.6971064Z [command]"C:\Program Files\Git\bin\git.exe" config --local --unset-all http.https://github.com/.extraheader
Java Distribution IT (windows-latest, temurin, 17)	UNKNOWN STEP	2025-06-14T00:25:22.7217840Z [command]"C:\Program Files\Git\bin\git.exe" submodule foreach --recursive "sh -c \"git config --local --name-only --get-regexp 'http\.https\:\/\/github\.com\/\.extraheader' && git config --local --unset-all 'http.https://github.com/.extraheader' || :\""
Java Distribution IT (windows-latest, temurin, 17)	UNKNOWN STEP	2025-06-14T00:25:23.1880207Z Cleaning up orphan processes
Java Distribution IT (windows-latest, temurin, 24)	UNKNOWN STEP	ï»¿2025-06-14T00:31:00.3369120Z Current runner version: '2.325.0'
Java Distribution IT (windows-latest, temurin, 24)	UNKNOWN STEP	2025-06-14T00:31:00.3390250Z ##[group]Operating System
Java Distribution IT (windows-latest, temurin, 24)	UNKNOWN STEP	2025-06-14T00:31:00.3390942Z Microsoft Windows Server 2022
Java Distribution IT (windows-latest, temurin, 24)	UNKNOWN STEP	2025-06-14T00:31:00.3391409Z 10.0.20348
Java Distribution IT (windows-latest, temurin, 24)	UNKNOWN STEP	2025-06-14T00:31:00.3391855Z Datacenter
Java Distribution IT (windows-latest, temurin, 24)	UNKNOWN STEP	2025-06-14T00:31:00.3392247Z ##[endgroup]
Java Distribution IT (windows-latest, temurin, 24)	UNKNOWN STEP	2025-06-14T00:31:00.3392675Z ##[group]Runner Image
Java Distribution IT (windows-latest, temurin, 24)	UNKNOWN STEP	2025-06-14T00:31:00.3393146Z Image: windows-2022
Java Distribution IT (windows-latest, temurin, 24)	UNKNOWN STEP	2025-06-14T00:31:00.3393591Z Version: 20250609.2.0
Java Distribution IT (windows-latest, temurin, 24)	UNKNOWN STEP	2025-06-14T00:31:00.3394522Z Included Software: https://github.com/actions/runner-images/blob/win22/20250609.2/images/windows/Windows2022-Readme.md
Java Distribution IT (windows-latest, temurin, 24)	UNKNOWN STEP	2025-06-14T00:31:00.3395786Z Image Release: https://github.com/actions/runner-images/releases/tag/win22%2F20250609.2
Java Distribution IT (windows-latest, temurin, 24)	UNKNOWN STEP	2025-06-14T00:31:00.3396571Z ##[endgroup]
Java Distribution IT (windows-latest, temurin, 24)	UNKNOWN STEP	2025-06-14T00:31:00.3396983Z ##[group]Runner Image Provisioner
Java Distribution IT (windows-latest, temurin, 24)	UNKNOWN STEP	2025-06-14T00:31:00.3397489Z 2.0.437.1
Java Distribution IT (windows-latest, temurin, 24)	UNKNOWN STEP	2025-06-14T00:31:00.3397852Z ##[endgroup]
Java Distribution IT (windows-latest, temurin, 24)	UNKNOWN STEP	2025-06-14T00:31:00.3398696Z ##[group]GITHUB_TOKEN Permissions
Java Distribution IT (windows-latest, temurin, 24)	UNKNOWN STEP	2025-06-14T00:31:00.3400579Z Contents: read
Java Distribution IT (windows-latest, temurin, 24)	UNKNOWN STEP	2025-06-14T00:31:00.3401100Z Metadata: read
Java Distribution IT (windows-latest, temurin, 24)	UNKNOWN STEP	2025-06-14T00:31:00.3401531Z ##[endgroup]
Java Distribution IT (windows-latest, temurin, 24)	UNKNOWN STEP	2025-06-14T00:31:00.3403319Z Secret source: Actions
Java Distribution IT (windows-latest, temurin, 24)	UNKNOWN STEP	2025-06-14T00:31:00.3403925Z Prepare workflow directory
Java Distribution IT (windows-latest, temurin, 24)	UNKNOWN STEP	2025-06-14T00:31:00.3757324Z Prepare all required actions
Java Distribution IT (windows-latest, temurin, 24)	UNKNOWN STEP	2025-06-14T00:31:00.3809081Z Getting action download info
Java Distribution IT (windows-latest, temurin, 24)	UNKNOWN STEP	2025-06-14T00:31:00.7803391Z Download action repository 'actions/checkout@11bd71901bbe5b1630ceea73d27597364c9af683' (SHA:11bd71901bbe5b1630ceea73d27597364c9af683)
Java Distribution IT (windows-latest, temurin, 24)	UNKNOWN STEP	2025-06-14T00:31:01.0463216Z Complete job name: Java Distribution IT (windows-latest, temurin, 24)
Java Distribution IT (windows-latest, temurin, 24)	UNKNOWN STEP	2025-06-14T00:31:01.1419359Z ##[group]Run actions/checkout@11bd71901bbe5b1630ceea73d27597364c9af683
Java Distribution IT (windows-latest, temurin, 24)	UNKNOWN STEP	2025-06-14T00:31:01.1421025Z with:
Java Distribution IT (windows-latest, temurin, 24)	UNKNOWN STEP	2025-06-14T00:31:01.1421396Z   repository: keycloak/keycloak
Java Distribution IT (windows-latest, temurin, 24)	UNKNOWN STEP	2025-06-14T00:31:01.1421967Z   token: ***
Java Distribution IT (windows-latest, temurin, 24)	UNKNOWN STEP	2025-06-14T00:31:01.1422304Z   ssh-strict: true
Java Distribution IT (windows-latest, temurin, 24)	UNKNOWN STEP	2025-06-14T00:31:01.1422640Z   ssh-user: git
Java Distribution IT (windows-latest, temurin, 24)	UNKNOWN STEP	2025-06-14T00:31:01.1422988Z   persist-credentials: true
Java Distribution IT (windows-latest, temurin, 24)	UNKNOWN STEP	2025-06-14T00:31:01.1423379Z   clean: true
Java Distribution IT (windows-latest, temurin, 24)	UNKNOWN STEP	2025-06-14T00:31:01.1423723Z   sparse-checkout-cone-mode: true
Java Distribution IT (windows-latest, temurin, 24)	UNKNOWN STEP	2025-06-14T00:31:01.1424156Z   fetch-depth: 1
Java Distribution IT (windows-latest, temurin, 24)	UNKNOWN STEP	2025-06-14T00:31:01.1424483Z   fetch-tags: false
Java Distribution IT (windows-latest, temurin, 24)	UNKNOWN STEP	2025-06-14T00:31:01.1424827Z   show-progress: true
Java Distribution IT (windows-latest, temurin, 24)	UNKNOWN STEP	2025-06-14T00:31:01.1425177Z   lfs: false
Java Distribution IT (windows-latest, temurin, 24)	UNKNOWN STEP	2025-06-14T00:31:01.1425488Z   submodules: false
Java Distribution IT (windows-latest, temurin, 24)	UNKNOWN STEP	2025-06-14T00:31:01.1425838Z   set-safe-directory: true
Java Distribution IT (windows-latest, temurin, 24)	UNKNOWN STEP	2025-06-14T00:31:01.1426423Z env:
Java Distribution IT (windows-latest, temurin, 24)	UNKNOWN STEP	2025-06-14T00:31:01.1426898Z   MAVEN_ARGS: -B -nsu -Daether.connector.http.connectionMaxTtl=25
Java Distribution IT (windows-latest, temurin, 24)	UNKNOWN STEP	2025-06-14T00:31:01.1427486Z   SUREFIRE_RERUN_FAILING_COUNT: 2
Java Distribution IT (windows-latest, temurin, 24)	UNKNOWN STEP	2025-06-14T00:31:01.1428015Z   SUREFIRE_RETRY: -Dsurefire.rerunFailingTestsCount=2
Java Distribution IT (windows-latest, temurin, 24)	UNKNOWN STEP	2025-06-14T00:31:01.1428524Z ##[endgroup]
Java Distribution IT (windows-latest, temurin, 24)	UNKNOWN STEP	2025-06-14T00:31:01.5808280Z Syncing repository: keycloak/keycloak
Java Distribution IT (windows-latest, temurin, 24)	UNKNOWN STEP	2025-06-14T00:31:01.5833583Z ##[group]Getting Git version info
Java Distribution IT (windows-latest, temurin, 24)	UNKNOWN STEP	2025-06-14T00:31:01.5834215Z Working directory is 'D:\a\keycloak\keycloak'
Java Distribution IT (windows-latest, temurin, 24)	UNKNOWN STEP	2025-06-14T00:31:01.8137479Z [command]"C:\Program Files\Git\bin\git.exe" version
Java Distribution IT (windows-latest, temurin, 24)	UNKNOWN STEP	2025-06-14T00:31:01.8354024Z git version 2.49.0.windows.1
Java Distribution IT (windows-latest, temurin, 24)	UNKNOWN STEP	2025-06-14T00:31:01.8488420Z ##[endgroup]
Java Distribution IT (windows-latest, temurin, 24)	UNKNOWN STEP	2025-06-14T00:31:01.8555477Z Temporarily overriding HOME='D:\a\_temp\c067bd94-64b0-48f9-aff8-b4821b27f962' before making global git config changes
Java Distribution IT (windows-latest, temurin, 24)	UNKNOWN STEP	2025-06-14T00:31:01.8556801Z Adding repository directory to the temporary git global config as a safe directory
Java Distribution IT (windows-latest, temurin, 24)	UNKNOWN STEP	2025-06-14T00:31:01.8566638Z [command]"C:\Program Files\Git\bin\git.exe" config --global --add safe.directory D:\a\keycloak\keycloak
Java Distribution IT (windows-latest, temurin, 24)	UNKNOWN STEP	2025-06-14T00:31:01.9103885Z Deleting the contents of 'D:\a\keycloak\keycloak'
Java Distribution IT (windows-latest, temurin, 24)	UNKNOWN STEP	2025-06-14T00:31:01.9108998Z ##[group]Initializing the repository
Java Distribution IT (windows-latest, temurin, 24)	UNKNOWN STEP	2025-06-14T00:31:01.9117953Z [command]"C:\Program Files\Git\bin\git.exe" init D:\a\keycloak\keycloak
Java Distribution IT (windows-latest, temurin, 24)	UNKNOWN STEP	2025-06-14T00:31:01.9634946Z Initialized empty Git repository in D:/a/keycloak/keycloak/.git/
Java Distribution IT (windows-latest, temurin, 24)	UNKNOWN STEP	2025-06-14T00:31:01.9668123Z [command]"C:\Program Files\Git\bin\git.exe" remote add origin https://github.com/keycloak/keycloak
Java Distribution IT (windows-latest, temurin, 24)	UNKNOWN STEP	2025-06-14T00:31:02.0135098Z ##[endgroup]
Java Distribution IT (windows-latest, temurin, 24)	UNKNOWN STEP	2025-06-14T00:31:02.0135763Z ##[group]Disabling automatic garbage collection
Java Distribution IT (windows-latest, temurin, 24)	UNKNOWN STEP	2025-06-14T00:31:02.0143990Z [command]"C:\Program Files\Git\bin\git.exe" config --local gc.auto 0
Java Distribution IT (windows-latest, temurin, 24)	UNKNOWN STEP	2025-06-14T00:31:02.0356271Z ##[endgroup]
Java Distribution IT (windows-latest, temurin, 24)	UNKNOWN STEP	2025-06-14T00:31:02.0356947Z ##[group]Setting up auth
Java Distribution IT (windows-latest, temurin, 24)	UNKNOWN STEP	2025-06-14T00:31:02.0375073Z [command]"C:\Program Files\Git\bin\git.exe" config --local --name-only --get-regexp core\.sshCommand
Java Distribution IT (windows-latest, temurin, 24)	UNKNOWN STEP	2025-06-14T00:31:02.0611081Z [command]"C:\Program Files\Git\bin\git.exe" submodule foreach --recursive "sh -c \"git config --local --name-only --get-regexp 'core\.sshCommand' && git config --local --unset-all 'core.sshCommand' || :\""
Java Distribution IT (windows-latest, temurin, 24)	UNKNOWN STEP	2025-06-14T00:31:03.2267545Z [command]"C:\Program Files\Git\bin\git.exe" config --local --name-only --get-regexp http\.https\:\/\/github\.com\/\.extraheader
Java Distribution IT (windows-latest, temurin, 24)	UNKNOWN STEP	2025-06-14T00:31:03.2489110Z [command]"C:\Program Files\Git\bin\git.exe" submodule foreach --recursive "sh -c \"git config --local --name-only --get-regexp 'http\.https\:\/\/github\.com\/\.extraheader' && git config --local --unset-all 'http.https://github.com/.extraheader' || :\""
Java Distribution IT (windows-latest, temurin, 24)	UNKNOWN STEP	2025-06-14T00:31:03.6389842Z [command]"C:\Program Files\Git\bin\git.exe" config --local http.https://github.com/.extraheader "AUTHORIZATION: basic ***"
Java Distribution IT (windows-latest, temurin, 24)	UNKNOWN STEP	2025-06-14T00:31:03.6622270Z ##[endgroup]
Java Distribution IT (windows-latest, temurin, 24)	UNKNOWN STEP	2025-06-14T00:31:03.6622924Z ##[group]Fetching the repository
Java Distribution IT (windows-latest, temurin, 24)	UNKNOWN STEP	2025-06-14T00:31:03.6635618Z [command]"C:\Program Files\Git\bin\git.exe" -c protocol.version=2 fetch --no-tags --prune --no-recurse-submodules --depth=1 origin +00099b1afc21e12c3c17271096c42b7d2b0c487b:refs/remotes/origin/main
Java Distribution IT (windows-latest, temurin, 24)	UNKNOWN STEP	2025-06-14T00:31:06.2492674Z From https://github.com/keycloak/keycloak
Java Distribution IT (windows-latest, temurin, 24)	UNKNOWN STEP	2025-06-14T00:31:06.2495851Z  * [new ref]         00099b1afc21e12c3c17271096c42b7d2b0c487b -> origin/main
Java Distribution IT (windows-latest, temurin, 24)	UNKNOWN STEP	2025-06-14T00:31:06.2788733Z ##[endgroup]
Java Distribution IT (windows-latest, temurin, 24)	UNKNOWN STEP	2025-06-14T00:31:06.2789476Z ##[group]Determining the checkout info
Java Distribution IT (windows-latest, temurin, 24)	UNKNOWN STEP	2025-06-14T00:31:06.2791758Z ##[endgroup]
Java Distribution IT (windows-latest, temurin, 24)	UNKNOWN STEP	2025-06-14T00:31:06.2802800Z [command]"C:\Program Files\Git\bin\git.exe" sparse-checkout disable
Java Distribution IT (windows-latest, temurin, 24)	UNKNOWN STEP	2025-06-14T00:31:06.3338744Z [command]"C:\Program Files\Git\bin\git.exe" config --local --unset-all extensions.worktreeConfig
Java Distribution IT (windows-latest, temurin, 24)	UNKNOWN STEP	2025-06-14T00:31:06.3575393Z ##[group]Checking out the ref
Java Distribution IT (windows-latest, temurin, 24)	UNKNOWN STEP	2025-06-14T00:31:06.3588652Z [command]"C:\Program Files\Git\bin\git.exe" checkout --progress --force -B main refs/remotes/origin/main
Java Distribution IT (windows-latest, temurin, 24)	UNKNOWN STEP	2025-06-14T00:31:07.4279044Z Updating files:  43% (4545/10503)
Java Distribution IT (windows-latest, temurin, 24)	UNKNOWN STEP	2025-06-14T00:31:07.4475292Z Updating files:  44% (4622/10503)
Java Distribution IT (windows-latest, temurin, 24)	UNKNOWN STEP	2025-06-14T00:31:07.4665977Z Updating files:  45% (4727/10503)
Java Distribution IT (windows-latest, temurin, 24)	UNKNOWN STEP	2025-06-14T00:31:07.4891315Z Updating files:  46% (4832/10503)
Java Distribution IT (windows-latest, temurin, 24)	UNKNOWN STEP	2025-06-14T00:31:07.5086753Z Updating files:  47% (4937/10503)
Java Distribution IT (windows-latest, temurin, 24)	UNKNOWN STEP	2025-06-14T00:31:07.5255142Z Updating files:  48% (5042/10503)
Java Distribution IT (windows-latest, temurin, 24)	UNKNOWN STEP	2025-06-14T00:31:07.5416814Z Updating files:  49% (5147/10503)
Java Distribution IT (windows-latest, temurin, 24)	UNKNOWN STEP	2025-06-14T00:31:07.5622339Z Updating files:  50% (5252/10503)
Java Distribution IT (windows-latest, temurin, 24)	UNKNOWN STEP	2025-06-14T00:31:07.5810045Z Updating files:  51% (5357/10503)
Java Distribution IT (windows-latest, temurin, 24)	UNKNOWN STEP	2025-06-14T00:31:07.6570657Z Updating files:  52% (5462/10503)
Java Distribution IT (windows-latest, temurin, 24)	UNKNOWN STEP	2025-06-14T00:31:07.6757470Z Updating files:  53% (5567/10503)
Java Distribution IT (windows-latest, temurin, 24)	UNKNOWN STEP	2025-06-14T00:31:07.6944707Z Updating files:  54% (5672/10503)
Java Distribution IT (windows-latest, temurin, 24)	UNKNOWN STEP	2025-06-14T00:31:07.7106295Z Updating files:  55% (5777/10503)
Java Distribution IT (windows-latest, temurin, 24)	UNKNOWN STEP	2025-06-14T00:31:07.7289312Z Updating files:  56% (5882/10503)
Java Distribution IT (windows-latest, temurin, 24)	UNKNOWN STEP	2025-06-14T00:31:07.7465087Z Updating files:  57% (5987/10503)
Java Distribution IT (windows-latest, temurin, 24)	UNKNOWN STEP	2025-06-14T00:31:07.7658891Z Updating files:  58% (6092/10503)
Java Distribution IT (windows-latest, temurin, 24)	UNKNOWN STEP	2025-06-14T00:31:07.7823656Z Updating files:  59% (6197/10503)
Java Distribution IT (windows-latest, temurin, 24)	UNKNOWN STEP	2025-06-14T00:31:07.8016009Z Updating files:  60% (6302/10503)
Java Distribution IT (windows-latest, temurin, 24)	UNKNOWN STEP	2025-06-14T00:31:07.8200493Z Updating files:  61% (6407/10503)
Java Distribution IT (windows-latest, temurin, 24)	UNKNOWN STEP	2025-06-14T00:31:07.8406722Z Updating files:  62% (6512/10503)
Java Distribution IT (windows-latest, temurin, 24)	UNKNOWN STEP	2025-06-14T00:31:07.8567253Z Updating files:  63% (6617/10503)
Java Distribution IT (windows-latest, temurin, 24)	UNKNOWN STEP	2025-06-14T00:31:07.8752911Z Updating files:  64% (6722/10503)
Java Distribution IT (windows-latest, temurin, 24)	UNKNOWN STEP	2025-06-14T00:31:07.8942151Z Updating files:  65% (6827/10503)
Java Distribution IT (windows-latest, temurin, 24)	UNKNOWN STEP	2025-06-14T00:31:07.9130059Z Updating files:  66% (6932/10503)
Java Distribution IT (windows-latest, temurin, 24)	UNKNOWN STEP	2025-06-14T00:31:07.9320140Z Updating files:  67% (7038/10503)
Java Distribution IT (windows-latest, temurin, 24)	UNKNOWN STEP	2025-06-14T00:31:07.9506003Z Updating files:  68% (7143/10503)
Java Distribution IT (windows-latest, temurin, 24)	UNKNOWN STEP	2025-06-14T00:31:07.9681049Z Updating files:  69% (7248/10503)
Java Distribution IT (windows-latest, temurin, 24)	UNKNOWN STEP	2025-06-14T00:31:07.9869249Z Updating files:  70% (7353/10503)
Java Distribution IT (windows-latest, temurin, 24)	UNKNOWN STEP	2025-06-14T00:31:08.0049707Z Updating files:  71% (7458/10503)
Java Distribution IT (windows-latest, temurin, 24)	UNKNOWN STEP	2025-06-14T00:31:08.0293833Z Updating files:  72% (7563/10503)
Java Distribution IT (windows-latest, temurin, 24)	UNKNOWN STEP	2025-06-14T00:31:08.0487099Z Updating files:  73% (7668/10503)
Java Distribution IT (windows-latest, temurin, 24)	UNKNOWN STEP	2025-06-14T00:31:08.0710083Z Updating files:  74% (7773/10503)
Java Distribution IT (windows-latest, temurin, 24)	UNKNOWN STEP	2025-06-14T00:31:08.0889508Z Updating files:  75% (7878/10503)
Java Distribution IT (windows-latest, temurin, 24)	UNKNOWN STEP	2025-06-14T00:31:08.1104986Z Updating files:  76% (7983/10503)
Java Distribution IT (windows-latest, temurin, 24)	UNKNOWN STEP	2025-06-14T00:31:08.1329921Z Updating files:  77% (8088/10503)
Java Distribution IT (windows-latest, temurin, 24)	UNKNOWN STEP	2025-06-14T00:31:08.1543096Z Updating files:  78% (8193/10503)
Java Distribution IT (windows-latest, temurin, 24)	UNKNOWN STEP	2025-06-14T00:31:08.1751837Z Updating files:  79% (8298/10503)
Java Distribution IT (windows-latest, temurin, 24)	UNKNOWN STEP	2025-06-14T00:31:08.2239761Z Updating files:  80% (8403/10503)
Java Distribution IT (windows-latest, temurin, 24)	UNKNOWN STEP	2025-06-14T00:31:08.2413914Z Updating files:  81% (8508/10503)
Java Distribution IT (windows-latest, temurin, 24)	UNKNOWN STEP	2025-06-14T00:31:08.2611390Z Updating files:  82% (8613/10503)
Java Distribution IT (windows-latest, temurin, 24)	UNKNOWN STEP	2025-06-14T00:31:08.2801381Z Updating files:  83% (8718/10503)
Java Distribution IT (windows-latest, temurin, 24)	UNKNOWN STEP	2025-06-14T00:31:08.2983901Z Updating files:  84% (8823/10503)
Java Distribution IT (windows-latest, temurin, 24)	UNKNOWN STEP	2025-06-14T00:31:08.3151170Z Updating files:  85% (8928/10503)
Java Distribution IT (windows-latest, temurin, 24)	UNKNOWN STEP	2025-06-14T00:31:08.3348291Z Updating files:  86% (9033/10503)
Java Distribution IT (windows-latest, temurin, 24)	UNKNOWN STEP	2025-06-14T00:31:08.3565679Z Updating files:  87% (9138/10503)
Java Distribution IT (windows-latest, temurin, 24)	UNKNOWN STEP	2025-06-14T00:31:08.3752387Z Updating files:  88% (9243/10503)
Java Distribution IT (windows-latest, temurin, 24)	UNKNOWN STEP	2025-06-14T00:31:08.3967573Z Updating files:  89% (9348/10503)
Java Distribution IT (windows-latest, temurin, 24)	UNKNOWN STEP	2025-06-14T00:31:08.4135395Z Updating files:  90% (9453/10503)
Java Distribution IT (windows-latest, temurin, 24)	UNKNOWN STEP	2025-06-14T00:31:08.4191786Z Updating files:  90% (9532/10503)
Java Distribution IT (windows-latest, temurin, 24)	UNKNOWN STEP	2025-06-14T00:31:08.4456283Z Updating files:  91% (9558/10503)
Java Distribution IT (windows-latest, temurin, 24)	UNKNOWN STEP	2025-06-14T00:31:08.4682723Z Updating files:  92% (9663/10503)
Java Distribution IT (windows-latest, temurin, 24)	UNKNOWN STEP	2025-06-14T00:31:08.4886394Z Updating files:  93% (9768/10503)
Java Distribution IT (windows-latest, temurin, 24)	UNKNOWN STEP	2025-06-14T00:31:08.5091615Z Updating files:  94% (9873/10503)
Java Distribution IT (windows-latest, temurin, 24)	UNKNOWN STEP	2025-06-14T00:31:08.5323057Z Updating files:  95% (9978/10503)
Java Distribution IT (windows-latest, temurin, 24)	UNKNOWN STEP	2025-06-14T00:31:08.5549754Z Updating files:  96% (10083/10503)
Java Distribution IT (windows-latest, temurin, 24)	UNKNOWN STEP	2025-06-14T00:31:08.5748511Z Updating files:  97% (10188/10503)
Java Distribution IT (windows-latest, temurin, 24)	UNKNOWN STEP	2025-06-14T00:31:08.5923803Z Updating files:  98% (10293/10503)
Java Distribution IT (windows-latest, temurin, 24)	UNKNOWN STEP	2025-06-14T00:31:08.6115626Z Updating files:  99% (10398/10503)
Java Distribution IT (windows-latest, temurin, 24)	UNKNOWN STEP	2025-06-14T00:31:08.6116971Z Updating files: 100% (10503/10503)
Java Distribution IT (windows-latest, temurin, 24)	UNKNOWN STEP	2025-06-14T00:31:08.6117452Z Updating files: 100% (10503/10503), done.
Java Distribution IT (windows-latest, temurin, 24)	UNKNOWN STEP	2025-06-14T00:31:08.6400336Z branch 'main' set up to track 'origin/main'.
Java Distribution IT (windows-latest, temurin, 24)	UNKNOWN STEP	2025-06-14T00:31:08.6405556Z Switched to a new branch 'main'
Java Distribution IT (windows-latest, temurin, 24)	UNKNOWN STEP	2025-06-14T00:31:08.6492771Z ##[endgroup]
Java Distribution IT (windows-latest, temurin, 24)	UNKNOWN STEP	2025-06-14T00:31:08.6785120Z [command]"C:\Program Files\Git\bin\git.exe" log -1 --format=%H
Java Distribution IT (windows-latest, temurin, 24)	UNKNOWN STEP	2025-06-14T00:31:08.6977454Z 00099b1afc21e12c3c17271096c42b7d2b0c487b
Java Distribution IT (windows-latest, temurin, 24)	UNKNOWN STEP	2025-06-14T00:31:08.7481332Z Prepare all required actions
Java Distribution IT (windows-latest, temurin, 24)	UNKNOWN STEP	2025-06-14T00:31:08.7481800Z Getting action download info
Java Distribution IT (windows-latest, temurin, 24)	UNKNOWN STEP	2025-06-14T00:31:08.8935355Z Download action repository 'actions/download-artifact@d3f86a106a0bac45b974a628896c90dbdf5c8093' (SHA:d3f86a106a0bac45b974a628896c90dbdf5c8093)
Java Distribution IT (windows-latest, temurin, 24)	UNKNOWN STEP	2025-06-14T00:31:09.5306559Z ##[group]Run ./.github/actions/integration-test-setup
Java Distribution IT (windows-latest, temurin, 24)	UNKNOWN STEP	2025-06-14T00:31:09.5306848Z with:
Java Distribution IT (windows-latest, temurin, 24)	UNKNOWN STEP	2025-06-14T00:31:09.5306994Z   jdk-dist: temurin
Java Distribution IT (windows-latest, temurin, 24)	UNKNOWN STEP	2025-06-14T00:31:09.5307153Z   jdk-version: 24
Java Distribution IT (windows-latest, temurin, 24)	UNKNOWN STEP	2025-06-14T00:31:09.5307295Z env:
Java Distribution IT (windows-latest, temurin, 24)	UNKNOWN STEP	2025-06-14T00:31:09.5307530Z   MAVEN_ARGS: -B -nsu -Daether.connector.http.connectionMaxTtl=25
Java Distribution IT (windows-latest, temurin, 24)	UNKNOWN STEP	2025-06-14T00:31:09.5307827Z   SUREFIRE_RERUN_FAILING_COUNT: 2
Java Distribution IT (windows-latest, temurin, 24)	UNKNOWN STEP	2025-06-14T00:31:09.5308081Z   SUREFIRE_RETRY: -Dsurefire.rerunFailingTestsCount=2
Java Distribution IT (windows-latest, temurin, 24)	UNKNOWN STEP	2025-06-14T00:31:09.5308350Z ##[endgroup]
Java Distribution IT (windows-latest, temurin, 24)	UNKNOWN STEP	2025-06-14T00:31:09.5486084Z Prepare all required actions
Java Distribution IT (windows-latest, temurin, 24)	UNKNOWN STEP	2025-06-14T00:31:09.5514717Z ##[group]Run ./.github/actions/update-hosts
Java Distribution IT (windows-latest, temurin, 24)	UNKNOWN STEP	2025-06-14T00:31:09.5514950Z env:
Java Distribution IT (windows-latest, temurin, 24)	UNKNOWN STEP	2025-06-14T00:31:09.5515220Z   MAVEN_ARGS: -B -nsu -Daether.connector.http.connectionMaxTtl=25
Java Distribution IT (windows-latest, temurin, 24)	UNKNOWN STEP	2025-06-14T00:31:09.5515519Z   SUREFIRE_RERUN_FAILING_COUNT: 2
Java Distribution IT (windows-latest, temurin, 24)	UNKNOWN STEP	2025-06-14T00:31:09.5515772Z   SUREFIRE_RETRY: -Dsurefire.rerunFailingTestsCount=2
Java Distribution IT (windows-latest, temurin, 24)	UNKNOWN STEP	2025-06-14T00:31:09.5516023Z ##[endgroup]
Java Distribution IT (windows-latest, temurin, 24)	UNKNOWN STEP	2025-06-14T00:31:09.5642271Z ##[group]Run "`n`n" | Add-Content C:\Windows\System32\drivers\etc\hosts
Java Distribution IT (windows-latest, temurin, 24)	UNKNOWN STEP	2025-06-14T00:31:09.5642749Z [36;1m"`n`n" | Add-Content C:\Windows\System32\drivers\etc\hosts[0m
Java Distribution IT (windows-latest, temurin, 24)	UNKNOWN STEP	2025-06-14T00:31:09.5643278Z [36;1mGet-Content .github/actions/update-hosts/nipio-hosts | Add-Content C:\Windows\System32\drivers\etc\hosts[0m
Java Distribution IT (windows-latest, temurin, 24)	UNKNOWN STEP	2025-06-14T00:31:09.5680183Z shell: C:\Windows\System32\WindowsPowerShell\v1.0\powershell.EXE -command ". '{0}'"
Java Distribution IT (windows-latest, temurin, 24)	UNKNOWN STEP	2025-06-14T00:31:09.5680743Z env:
Java Distribution IT (windows-latest, temurin, 24)	UNKNOWN STEP	2025-06-14T00:31:09.5680984Z   MAVEN_ARGS: -B -nsu -Daether.connector.http.connectionMaxTtl=25
Java Distribution IT (windows-latest, temurin, 24)	UNKNOWN STEP	2025-06-14T00:31:09.5681295Z   SUREFIRE_RERUN_FAILING_COUNT: 2
Java Distribution IT (windows-latest, temurin, 24)	UNKNOWN STEP	2025-06-14T00:31:09.5681550Z   SUREFIRE_RETRY: -Dsurefire.rerunFailingTestsCount=2
Java Distribution IT (windows-latest, temurin, 24)	UNKNOWN STEP	2025-06-14T00:31:09.5681835Z ##[endgroup]
Java Distribution IT (windows-latest, temurin, 24)	UNKNOWN STEP	2025-06-14T00:31:09.8237048Z Prepare all required actions
Java Distribution IT (windows-latest, temurin, 24)	UNKNOWN STEP	2025-06-14T00:31:09.8237312Z Getting action download info
Java Distribution IT (windows-latest, temurin, 24)	UNKNOWN STEP	2025-06-14T00:31:09.9760541Z Download action repository 'actions/setup-java@c5195efecf7bdfc987ee8bae7a71cb8b11521c00' (SHA:c5195efecf7bdfc987ee8bae7a71cb8b11521c00)
Java Distribution IT (windows-latest, temurin, 24)	UNKNOWN STEP	2025-06-14T00:31:10.6090918Z ##[group]Run ./.github/actions/java-setup
Java Distribution IT (windows-latest, temurin, 24)	UNKNOWN STEP	2025-06-14T00:31:10.6091150Z with:
Java Distribution IT (windows-latest, temurin, 24)	UNKNOWN STEP	2025-06-14T00:31:10.6091310Z   distribution: temurin
Java Distribution IT (windows-latest, temurin, 24)	UNKNOWN STEP	2025-06-14T00:31:10.6091490Z   java-version: 24
Java Distribution IT (windows-latest, temurin, 24)	UNKNOWN STEP	2025-06-14T00:31:10.6091641Z env:
Java Distribution IT (windows-latest, temurin, 24)	UNKNOWN STEP	2025-06-14T00:31:10.6091891Z   MAVEN_ARGS: -B -nsu -Daether.connector.http.connectionMaxTtl=25
Java Distribution IT (windows-latest, temurin, 24)	UNKNOWN STEP	2025-06-14T00:31:10.6092214Z   SUREFIRE_RERUN_FAILING_COUNT: 2
Java Distribution IT (windows-latest, temurin, 24)	UNKNOWN STEP	2025-06-14T00:31:10.6092494Z   SUREFIRE_RETRY: -Dsurefire.rerunFailingTestsCount=2
Java Distribution IT (windows-latest, temurin, 24)	UNKNOWN STEP	2025-06-14T00:31:10.6092756Z ##[endgroup]
Java Distribution IT (windows-latest, temurin, 24)	UNKNOWN STEP	2025-06-14T00:31:10.6240371Z ##[group]Run actions/setup-java@c5195efecf7bdfc987ee8bae7a71cb8b11521c00
Java Distribution IT (windows-latest, temurin, 24)	UNKNOWN STEP	2025-06-14T00:31:10.6240683Z with:
Java Distribution IT (windows-latest, temurin, 24)	UNKNOWN STEP	2025-06-14T00:31:10.6240846Z   distribution: temurin
Java Distribution IT (windows-latest, temurin, 24)	UNKNOWN STEP	2025-06-14T00:31:10.6241012Z   java-version: 24
Java Distribution IT (windows-latest, temurin, 24)	UNKNOWN STEP	2025-06-14T00:31:10.6241178Z   java-package: jdk
Java Distribution IT (windows-latest, temurin, 24)	UNKNOWN STEP	2025-06-14T00:31:10.6241341Z   check-latest: false
Java Distribution IT (windows-latest, temurin, 24)	UNKNOWN STEP	2025-06-14T00:31:10.6241497Z   server-id: github
Java Distribution IT (windows-latest, temurin, 24)	UNKNOWN STEP	2025-06-14T00:31:10.6241661Z   server-username: GITHUB_ACTOR
Java Distribution IT (windows-latest, temurin, 24)	UNKNOWN STEP	2025-06-14T00:31:10.6241862Z   server-password: GITHUB_TOKEN
Java Distribution IT (windows-latest, temurin, 24)	UNKNOWN STEP	2025-06-14T00:31:10.6242059Z   overwrite-settings: true
Java Distribution IT (windows-latest, temurin, 24)	UNKNOWN STEP	2025-06-14T00:31:10.6242233Z   job-status: success
Java Distribution IT (windows-latest, temurin, 24)	UNKNOWN STEP	2025-06-14T00:31:10.6242502Z   token: ***
Java Distribution IT (windows-latest, temurin, 24)	UNKNOWN STEP	2025-06-14T00:31:10.6242640Z env:
Java Distribution IT (windows-latest, temurin, 24)	UNKNOWN STEP	2025-06-14T00:31:10.6242869Z   MAVEN_ARGS: -B -nsu -Daether.connector.http.connectionMaxTtl=25
Java Distribution IT (windows-latest, temurin, 24)	UNKNOWN STEP	2025-06-14T00:31:10.6243176Z   SUREFIRE_RERUN_FAILING_COUNT: 2
Java Distribution IT (windows-latest, temurin, 24)	UNKNOWN STEP	2025-06-14T00:31:10.6243423Z   SUREFIRE_RETRY: -Dsurefire.rerunFailingTestsCount=2
Java Distribution IT (windows-latest, temurin, 24)	UNKNOWN STEP	2025-06-14T00:31:10.6243693Z ##[endgroup]
Java Distribution IT (windows-latest, temurin, 24)	UNKNOWN STEP	2025-06-14T00:31:10.8900949Z ##[group]Installed distributions
Java Distribution IT (windows-latest, temurin, 24)	UNKNOWN STEP	2025-06-14T00:31:10.9278242Z Trying to resolve the latest version from remote
Java Distribution IT (windows-latest, temurin, 24)	UNKNOWN STEP	2025-06-14T00:31:11.3826992Z Resolved latest version as 24.0.1+9
Java Distribution IT (windows-latest, temurin, 24)	UNKNOWN STEP	2025-06-14T00:31:11.3834395Z Trying to download...
Java Distribution IT (windows-latest, temurin, 24)	UNKNOWN STEP	2025-06-14T00:31:11.3835664Z Downloading Java 24.0.1+9 (Temurin-Hotspot) from https://github.com/adoptium/temurin24-binaries/releases/download/jdk-24.0.1%2B9/OpenJDK24U-jdk_x64_windows_hotspot_24.0.1_9.zip ...
Java Distribution IT (windows-latest, temurin, 24)	UNKNOWN STEP	2025-06-14T00:31:13.2080974Z Extracting Java archive...
Java Distribution IT (windows-latest, temurin, 24)	UNKNOWN STEP	2025-06-14T00:31:13.2885991Z [command]"C:\Program Files\PowerShell\7\pwsh.exe" -NoLogo -NoProfile -NonInteractive -ExecutionPolicy Unrestricted -Command "$ErrorActionPreference = 'Stop' ; try { Add-Type -AssemblyName System.IO.Compression.ZipFile } catch { } ; try { [System.IO.Compression.ZipFile]::ExtractToDirectory('D:\a\_temp\f1167f0c-0a99-4c5e-a7dc-e664f9b6484c.zip', 'D:\a\_temp\9333ecd7-31b4-4035-86f6-0fa642cb54fa', $true) } catch { if (($_.Exception.GetType().FullName -eq 'System.Management.Automation.MethodException') -or ($_.Exception.GetType().FullName -eq 'System.Management.Automation.RuntimeException') ){ Expand-Archive -LiteralPath 'D:\a\_temp\f1167f0c-0a99-4c5e-a7dc-e664f9b6484c.zip' -DestinationPath 'D:\a\_temp\9333ecd7-31b4-4035-86f6-0fa642cb54fa' -Force } else { throw $_ } } ;"
Java Distribution IT (windows-latest, temurin, 24)	UNKNOWN STEP	2025-06-14T00:31:16.2965477Z Java 24.0.1+9 was downloaded
Java Distribution IT (windows-latest, temurin, 24)	UNKNOWN STEP	2025-06-14T00:31:16.2965888Z Setting Java 24.0.1+9 as the default
Java Distribution IT (windows-latest, temurin, 24)	UNKNOWN STEP	2025-06-14T00:31:16.2986977Z Creating toolchains.xml for JDK version 24 from temurin
Java Distribution IT (windows-latest, temurin, 24)	UNKNOWN STEP	2025-06-14T00:31:16.3115013Z Writing to C:\Users\runneradmin\.m2\toolchains.xml
Java Distribution IT (windows-latest, temurin, 24)	UNKNOWN STEP	2025-06-14T00:31:16.3163868Z 
Java Distribution IT (windows-latest, temurin, 24)	UNKNOWN STEP	2025-06-14T00:31:16.3164244Z Java configuration:
Java Distribution IT (windows-latest, temurin, 24)	UNKNOWN STEP	2025-06-14T00:31:16.3164641Z   Distribution: temurin
Java Distribution IT (windows-latest, temurin, 24)	UNKNOWN STEP	2025-06-14T00:31:16.3165017Z   Version: 24.0.1+9
Java Distribution IT (windows-latest, temurin, 24)	UNKNOWN STEP	2025-06-14T00:31:16.3165601Z   Path: C:\hostedtoolcache\windows\Java_Temurin-Hotspot_jdk\24.0.1-9\x64
Java Distribution IT (windows-latest, temurin, 24)	UNKNOWN STEP	2025-06-14T00:31:16.3166175Z 
Java Distribution IT (windows-latest, temurin, 24)	UNKNOWN STEP	2025-06-14T00:31:16.3166982Z ##[endgroup]
Java Distribution IT (windows-latest, temurin, 24)	UNKNOWN STEP	2025-06-14T00:31:16.3181959Z Creating settings.xml with server-id: github
Java Distribution IT (windows-latest, temurin, 24)	UNKNOWN STEP	2025-06-14T00:31:16.3190997Z Writing to C:\Users\runneradmin\.m2\settings.xml
Java Distribution IT (windows-latest, temurin, 24)	UNKNOWN STEP	2025-06-14T00:31:16.3477121Z Prepare all required actions
Java Distribution IT (windows-latest, temurin, 24)	UNKNOWN STEP	2025-06-14T00:31:16.3477558Z Getting action download info
Java Distribution IT (windows-latest, temurin, 24)	UNKNOWN STEP	2025-06-14T00:31:16.6099443Z Download action repository 'actions/cache@5a3ec84eff668545956fd18022155c47e93e2684' (SHA:5a3ec84eff668545956fd18022155c47e93e2684)
Java Distribution IT (windows-latest, temurin, 24)	UNKNOWN STEP	2025-06-14T00:31:16.7599096Z ##[group]Run ./.github/actions/maven-cache
Java Distribution IT (windows-latest, temurin, 24)	UNKNOWN STEP	2025-06-14T00:31:16.7599329Z with:
Java Distribution IT (windows-latest, temurin, 24)	UNKNOWN STEP	2025-06-14T00:31:16.7599495Z   create-cache-if-it-doesnt-exist: false
Java Distribution IT (windows-latest, temurin, 24)	UNKNOWN STEP	2025-06-14T00:31:16.7599714Z env:
Java Distribution IT (windows-latest, temurin, 24)	UNKNOWN STEP	2025-06-14T00:31:16.7599937Z   MAVEN_ARGS: -B -nsu -Daether.connector.http.connectionMaxTtl=25
Java Distribution IT (windows-latest, temurin, 24)	UNKNOWN STEP	2025-06-14T00:31:16.7600307Z   SUREFIRE_RERUN_FAILING_COUNT: 2
Java Distribution IT (windows-latest, temurin, 24)	UNKNOWN STEP	2025-06-14T00:31:16.7600564Z   SUREFIRE_RETRY: -Dsurefire.rerunFailingTestsCount=2
Java Distribution IT (windows-latest, temurin, 24)	UNKNOWN STEP	2025-06-14T00:31:16.7600926Z   JAVA_HOME: C:\hostedtoolcache\windows\Java_Temurin-Hotspot_jdk\24.0.1-9\x64
Java Distribution IT (windows-latest, temurin, 24)	UNKNOWN STEP	2025-06-14T00:31:16.7601372Z   JAVA_HOME_24_X64: C:\hostedtoolcache\windows\Java_Temurin-Hotspot_jdk\24.0.1-9\x64
Java Distribution IT (windows-latest, temurin, 24)	UNKNOWN STEP	2025-06-14T00:31:16.7601684Z ##[endgroup]
Java Distribution IT (windows-latest, temurin, 24)	UNKNOWN STEP	2025-06-14T00:31:16.7689346Z ##[group]Run echo "key=mvn-`date -u "+%Y-%U"`" >> $GITHUB_OUTPUT
Java Distribution IT (windows-latest, temurin, 24)	UNKNOWN STEP	2025-06-14T00:31:16.7689719Z [36;1mecho "key=mvn-`date -u "+%Y-%U"`" >> $GITHUB_OUTPUT[0m
Java Distribution IT (windows-latest, temurin, 24)	UNKNOWN STEP	2025-06-14T00:31:16.7702930Z shell: C:\Program Files\Git\bin\bash.EXE --noprofile --norc -e -o pipefail {0}
Java Distribution IT (windows-latest, temurin, 24)	UNKNOWN STEP	2025-06-14T00:31:16.7703262Z env:
Java Distribution IT (windows-latest, temurin, 24)	UNKNOWN STEP	2025-06-14T00:31:16.7703492Z   MAVEN_ARGS: -B -nsu -Daether.connector.http.connectionMaxTtl=25
Java Distribution IT (windows-latest, temurin, 24)	UNKNOWN STEP	2025-06-14T00:31:16.7703800Z   SUREFIRE_RERUN_FAILING_COUNT: 2
Java Distribution IT (windows-latest, temurin, 24)	UNKNOWN STEP	2025-06-14T00:31:16.7704052Z   SUREFIRE_RETRY: -Dsurefire.rerunFailingTestsCount=2
Java Distribution IT (windows-latest, temurin, 24)	UNKNOWN STEP	2025-06-14T00:31:16.7704410Z   JAVA_HOME: C:\hostedtoolcache\windows\Java_Temurin-Hotspot_jdk\24.0.1-9\x64
Java Distribution IT (windows-latest, temurin, 24)	UNKNOWN STEP	2025-06-14T00:31:16.7704840Z   JAVA_HOME_24_X64: C:\hostedtoolcache\windows\Java_Temurin-Hotspot_jdk\24.0.1-9\x64
Java Distribution IT (windows-latest, temurin, 24)	UNKNOWN STEP	2025-06-14T00:31:16.7705152Z ##[endgroup]
Java Distribution IT (windows-latest, temurin, 24)	UNKNOWN STEP	2025-06-14T00:31:16.9550155Z ##[group]Run mkdir -p ..\..\..\.m2
Java Distribution IT (windows-latest, temurin, 24)	UNKNOWN STEP	2025-06-14T00:31:16.9550419Z [36;1mmkdir -p ..\..\..\.m2[0m
Java Distribution IT (windows-latest, temurin, 24)	UNKNOWN STEP	2025-06-14T00:31:16.9550621Z [36;1mmkdir -p D:\.m2\repository[0m
Java Distribution IT (windows-latest, temurin, 24)	UNKNOWN STEP	2025-06-14T00:31:16.9550892Z [36;1mcmd /c mklink /d $HOME\.m2\repository D:\.m2\repository[0m
Java Distribution IT (windows-latest, temurin, 24)	UNKNOWN STEP	2025-06-14T00:31:16.9551910Z [36;1mcmd /c mklink /d $PWD\..\..\..\.m2\repository D:\.m2\repository[0m
Java Distribution IT (windows-latest, temurin, 24)	UNKNOWN STEP	2025-06-14T00:31:16.9582064Z shell: C:\Windows\System32\WindowsPowerShell\v1.0\powershell.EXE -command ". '{0}'"
Java Distribution IT (windows-latest, temurin, 24)	UNKNOWN STEP	2025-06-14T00:31:16.9582427Z env:
Java Distribution IT (windows-latest, temurin, 24)	UNKNOWN STEP	2025-06-14T00:31:16.9582671Z   MAVEN_ARGS: -B -nsu -Daether.connector.http.connectionMaxTtl=25
Java Distribution IT (windows-latest, temurin, 24)	UNKNOWN STEP	2025-06-14T00:31:16.9582984Z   SUREFIRE_RERUN_FAILING_COUNT: 2
Java Distribution IT (windows-latest, temurin, 24)	UNKNOWN STEP	2025-06-14T00:31:16.9583238Z   SUREFIRE_RETRY: -Dsurefire.rerunFailingTestsCount=2
Java Distribution IT (windows-latest, temurin, 24)	UNKNOWN STEP	2025-06-14T00:31:16.9600671Z   JAVA_HOME: C:\hostedtoolcache\windows\Java_Temurin-Hotspot_jdk\24.0.1-9\x64
Java Distribution IT (windows-latest, temurin, 24)	UNKNOWN STEP	2025-06-14T00:31:16.9601506Z   JAVA_HOME_24_X64: C:\hostedtoolcache\windows\Java_Temurin-Hotspot_jdk\24.0.1-9\x64
Java Distribution IT (windows-latest, temurin, 24)	UNKNOWN STEP	2025-06-14T00:31:16.9602106Z ##[endgroup]
Java Distribution IT (windows-latest, temurin, 24)	UNKNOWN STEP	2025-06-14T00:31:17.2147920Z 
Java Distribution IT (windows-latest, temurin, 24)	UNKNOWN STEP	2025-06-14T00:31:17.2148928Z 
Java Distribution IT (windows-latest, temurin, 24)	UNKNOWN STEP	2025-06-14T00:31:17.2151772Z     Directory: D:\
Java Distribution IT (windows-latest, temurin, 24)	UNKNOWN STEP	2025-06-14T00:31:17.2152058Z 
Java Distribution IT (windows-latest, temurin, 24)	UNKNOWN STEP	2025-06-14T00:31:17.2154639Z 
Java Distribution IT (windows-latest, temurin, 24)	UNKNOWN STEP	2025-06-14T00:31:17.2165302Z Mode                 LastWriteTime         Length Name                                                                 
Java Distribution IT (windows-latest, temurin, 24)	UNKNOWN STEP	2025-06-14T00:31:17.2170180Z ----                 -------------         ------ ----                                                                 
Java Distribution IT (windows-latest, temurin, 24)	UNKNOWN STEP	2025-06-14T00:31:17.2181671Z d-----         6/14/2025  12:31 AM                .m2                                                                  
Java Distribution IT (windows-latest, temurin, 24)	UNKNOWN STEP	2025-06-14T00:31:17.2207210Z 
Java Distribution IT (windows-latest, temurin, 24)	UNKNOWN STEP	2025-06-14T00:31:17.2208872Z 
Java Distribution IT (windows-latest, temurin, 24)	UNKNOWN STEP	2025-06-14T00:31:17.2210875Z     Directory: D:\.m2
Java Distribution IT (windows-latest, temurin, 24)	UNKNOWN STEP	2025-06-14T00:31:17.2211143Z 
Java Distribution IT (windows-latest, temurin, 24)	UNKNOWN STEP	2025-06-14T00:31:17.2212084Z 
Java Distribution IT (windows-latest, temurin, 24)	UNKNOWN STEP	2025-06-14T00:31:17.2225897Z Mode                 LastWriteTime         Length Name                                                                 
Java Distribution IT (windows-latest, temurin, 24)	UNKNOWN STEP	2025-06-14T00:31:17.2231596Z ----                 -------------         ------ ----                                                                 
Java Distribution IT (windows-latest, temurin, 24)	UNKNOWN STEP	2025-06-14T00:31:17.2243364Z d-----         6/14/2025  12:31 AM                repository                                                           
Java Distribution IT (windows-latest, temurin, 24)	UNKNOWN STEP	2025-06-14T00:31:17.2333796Z symbolic link created for C:\Users\runneradmin\.m2\repository <<===>> D:\.m2\repository
Java Distribution IT (windows-latest, temurin, 24)	UNKNOWN STEP	2025-06-14T00:31:17.2416863Z Cannot create a file when that file already exists.
Java Distribution IT (windows-latest, temurin, 24)	UNKNOWN STEP	2025-06-14T00:31:17.2449520Z 
Java Distribution IT (windows-latest, temurin, 24)	UNKNOWN STEP	2025-06-14T00:31:17.2450669Z 
Java Distribution IT (windows-latest, temurin, 24)	UNKNOWN STEP	2025-06-14T00:31:17.2577708Z ##[error]Process completed with exit code 1.
Java Distribution IT (windows-latest, temurin, 24)	UNKNOWN STEP	2025-06-14T00:31:17.2756864Z Prepare all required actions
Java Distribution IT (windows-latest, temurin, 24)	UNKNOWN STEP	2025-06-14T00:31:17.2757308Z Getting action download info
Java Distribution IT (windows-latest, temurin, 24)	UNKNOWN STEP	2025-06-14T00:31:17.4288523Z Download action repository 'actions/upload-artifact@ea165f8d65b6e75b540449e92b4886f43607fa02' (SHA:ea165f8d65b6e75b540449e92b4886f43607fa02)
Java Distribution IT (windows-latest, temurin, 24)	UNKNOWN STEP	2025-06-14T00:31:17.6058363Z ##[group]Run ./.github/actions/upload-heapdumps
Java Distribution IT (windows-latest, temurin, 24)	UNKNOWN STEP	2025-06-14T00:31:17.6058612Z env:
Java Distribution IT (windows-latest, temurin, 24)	UNKNOWN STEP	2025-06-14T00:31:17.6058847Z   MAVEN_ARGS: -B -nsu -Daether.connector.http.connectionMaxTtl=25
Java Distribution IT (windows-latest, temurin, 24)	UNKNOWN STEP	2025-06-14T00:31:17.6059182Z   SUREFIRE_RERUN_FAILING_COUNT: 2
Java Distribution IT (windows-latest, temurin, 24)	UNKNOWN STEP	2025-06-14T00:31:17.6059433Z   SUREFIRE_RETRY: -Dsurefire.rerunFailingTestsCount=2
Java Distribution IT (windows-latest, temurin, 24)	UNKNOWN STEP	2025-06-14T00:31:17.6059801Z   JAVA_HOME: C:\hostedtoolcache\windows\Java_Temurin-Hotspot_jdk\24.0.1-9\x64
Java Distribution IT (windows-latest, temurin, 24)	UNKNOWN STEP	2025-06-14T00:31:17.6060229Z   JAVA_HOME_24_X64: C:\hostedtoolcache\windows\Java_Temurin-Hotspot_jdk\24.0.1-9\x64
Java Distribution IT (windows-latest, temurin, 24)	UNKNOWN STEP	2025-06-14T00:31:17.6060540Z ##[endgroup]
Java Distribution IT (windows-latest, temurin, 24)	UNKNOWN STEP	2025-06-14T00:31:17.6186167Z Prepare all required actions
Java Distribution IT (windows-latest, temurin, 24)	UNKNOWN STEP	2025-06-14T00:31:17.6186605Z Getting action download info
Java Distribution IT (windows-latest, temurin, 24)	UNKNOWN STEP	2025-06-14T00:31:17.8338401Z ##[group]Run ./.github/actions/archive-surefire-reports
Java Distribution IT (windows-latest, temurin, 24)	UNKNOWN STEP	2025-06-14T00:31:17.8338655Z with:
Java Distribution IT (windows-latest, temurin, 24)	UNKNOWN STEP	2025-06-14T00:31:17.8338872Z   job-id: jdk-integration-tests-windows-latest-temurin-24
Java Distribution IT (windows-latest, temurin, 24)	UNKNOWN STEP	2025-06-14T00:31:17.8339313Z   release-branches: ["refs/heads/release/22.0","refs/heads/release/24.0","refs/heads/release/26.0"]
Java Distribution IT (windows-latest, temurin, 24)	UNKNOWN STEP	2025-06-14T00:31:17.8339686Z   keep-days: 1
Java Distribution IT (windows-latest, temurin, 24)	UNKNOWN STEP	2025-06-14T00:31:17.8339830Z env:
Java Distribution IT (windows-latest, temurin, 24)	UNKNOWN STEP	2025-06-14T00:31:17.8340053Z   MAVEN_ARGS: -B -nsu -Daether.connector.http.connectionMaxTtl=25
Java Distribution IT (windows-latest, temurin, 24)	UNKNOWN STEP	2025-06-14T00:31:17.8340370Z   SUREFIRE_RERUN_FAILING_COUNT: 2
Java Distribution IT (windows-latest, temurin, 24)	UNKNOWN STEP	2025-06-14T00:31:17.8340610Z   SUREFIRE_RETRY: -Dsurefire.rerunFailingTestsCount=2
Java Distribution IT (windows-latest, temurin, 24)	UNKNOWN STEP	2025-06-14T00:31:17.8340970Z   JAVA_HOME: C:\hostedtoolcache\windows\Java_Temurin-Hotspot_jdk\24.0.1-9\x64
Java Distribution IT (windows-latest, temurin, 24)	UNKNOWN STEP	2025-06-14T00:31:17.8341385Z   JAVA_HOME_24_X64: C:\hostedtoolcache\windows\Java_Temurin-Hotspot_jdk\24.0.1-9\x64
Java Distribution IT (windows-latest, temurin, 24)	UNKNOWN STEP	2025-06-14T00:31:17.8341741Z ##[endgroup]
Java Distribution IT (windows-latest, temurin, 24)	UNKNOWN STEP	2025-06-14T00:31:17.8431790Z ##[group]Run echo "dirs<<EOF" >> $GITHUB_OUTPUT
Java Distribution IT (windows-latest, temurin, 24)	UNKNOWN STEP	2025-06-14T00:31:17.8432069Z [36;1mecho "dirs<<EOF" >> $GITHUB_OUTPUT[0m
Java Distribution IT (windows-latest, temurin, 24)	UNKNOWN STEP	2025-06-14T00:31:17.8432462Z [36;1mecho "$(find ~+ -type d -not -empty -name surefire-reports* | sed 's@/d@D:@')" >> $GITHUB_OUTPUT[0m
Java Distribution IT (windows-latest, temurin, 24)	UNKNOWN STEP	2025-06-14T00:31:17.8432852Z [36;1mecho "EOF" >> $GITHUB_OUTPUT[0m
Java Distribution IT (windows-latest, temurin, 24)	UNKNOWN STEP	2025-06-14T00:31:17.8443595Z shell: C:\Program Files\Git\bin\bash.EXE --noprofile --norc -e -o pipefail {0}
Java Distribution IT (windows-latest, temurin, 24)	UNKNOWN STEP	2025-06-14T00:31:17.8443923Z env:
Java Distribution IT (windows-latest, temurin, 24)	UNKNOWN STEP	2025-06-14T00:31:17.8444156Z   MAVEN_ARGS: -B -nsu -Daether.connector.http.connectionMaxTtl=25
Java Distribution IT (windows-latest, temurin, 24)	UNKNOWN STEP	2025-06-14T00:31:17.8444468Z   SUREFIRE_RERUN_FAILING_COUNT: 2
Java Distribution IT (windows-latest, temurin, 24)	UNKNOWN STEP	2025-06-14T00:31:17.8444720Z   SUREFIRE_RETRY: -Dsurefire.rerunFailingTestsCount=2
Java Distribution IT (windows-latest, temurin, 24)	UNKNOWN STEP	2025-06-14T00:31:17.8445079Z   JAVA_HOME: C:\hostedtoolcache\windows\Java_Temurin-Hotspot_jdk\24.0.1-9\x64
Java Distribution IT (windows-latest, temurin, 24)	UNKNOWN STEP	2025-06-14T00:31:17.8445503Z   JAVA_HOME_24_X64: C:\hostedtoolcache\windows\Java_Temurin-Hotspot_jdk\24.0.1-9\x64
Java Distribution IT (windows-latest, temurin, 24)	UNKNOWN STEP	2025-06-14T00:31:17.8445828Z ##[endgroup]
Java Distribution IT (windows-latest, temurin, 24)	UNKNOWN STEP	2025-06-14T00:31:18.3046115Z Post job cleanup.
Java Distribution IT (windows-latest, temurin, 24)	UNKNOWN STEP	2025-06-14T00:31:18.3175297Z Post job cleanup.
Java Distribution IT (windows-latest, temurin, 24)	UNKNOWN STEP	2025-06-14T00:31:18.5435331Z Post job cleanup.
Java Distribution IT (windows-latest, temurin, 24)	UNKNOWN STEP	2025-06-14T00:31:18.7683591Z [command]"C:\Program Files\Git\bin\git.exe" version
Java Distribution IT (windows-latest, temurin, 24)	UNKNOWN STEP	2025-06-14T00:31:18.7949741Z git version 2.49.0.windows.1
Java Distribution IT (windows-latest, temurin, 24)	UNKNOWN STEP	2025-06-14T00:31:18.8021845Z Temporarily overriding HOME='D:\a\_temp\9cec082b-30f2-40f2-ad22-d4c0c7869795' before making global git config changes
Java Distribution IT (windows-latest, temurin, 24)	UNKNOWN STEP	2025-06-14T00:31:18.8022959Z Adding repository directory to the temporary git global config as a safe directory
Java Distribution IT (windows-latest, temurin, 24)	UNKNOWN STEP	2025-06-14T00:31:18.8033798Z [command]"C:\Program Files\Git\bin\git.exe" config --global --add safe.directory D:\a\keycloak\keycloak
Java Distribution IT (windows-latest, temurin, 24)	UNKNOWN STEP	2025-06-14T00:31:18.8290896Z [command]"C:\Program Files\Git\bin\git.exe" config --local --name-only --get-regexp core\.sshCommand
Java Distribution IT (windows-latest, temurin, 24)	UNKNOWN STEP	2025-06-14T00:31:18.8536914Z [command]"C:\Program Files\Git\bin\git.exe" submodule foreach --recursive "sh -c \"git config --local --name-only --get-regexp 'core\.sshCommand' && git config --local --unset-all 'core.sshCommand' || :\""
Java Distribution IT (windows-latest, temurin, 24)	UNKNOWN STEP	2025-06-14T00:31:19.2501770Z [command]"C:\Program Files\Git\bin\git.exe" config --local --name-only --get-regexp http\.https\:\/\/github\.com\/\.extraheader
Java Distribution IT (windows-latest, temurin, 24)	UNKNOWN STEP	2025-06-14T00:31:19.2702257Z http.https://github.com/.extraheader
Java Distribution IT (windows-latest, temurin, 24)	UNKNOWN STEP	2025-06-14T00:31:19.2737316Z [command]"C:\Program Files\Git\bin\git.exe" config --local --unset-all http.https://github.com/.extraheader
Java Distribution IT (windows-latest, temurin, 24)	UNKNOWN STEP	2025-06-14T00:31:19.2954201Z [command]"C:\Program Files\Git\bin\git.exe" submodule foreach --recursive "sh -c \"git config --local --name-only --get-regexp 'http\.https\:\/\/github\.com\/\.extraheader' && git config --local --unset-all 'http.https://github.com/.extraheader' || :\""
Java Distribution IT (windows-latest, temurin, 24)	UNKNOWN STEP	2025-06-14T00:31:19.7014493Z Cleaning up orphan processes
Status Check - Keycloak CI	UNKNOWN STEP	ï»¿2025-06-14T01:09:14.6642953Z Current runner version: '2.325.0'
Status Check - Keycloak CI	UNKNOWN STEP	2025-06-14T01:09:14.6677303Z ##[group]Runner Image Provisioner
Status Check - Keycloak CI	UNKNOWN STEP	2025-06-14T01:09:14.6678900Z Hosted Compute Agent
Status Check - Keycloak CI	UNKNOWN STEP	2025-06-14T01:09:14.6679855Z Version: 20250529.345
Status Check - Keycloak CI	UNKNOWN STEP	2025-06-14T01:09:14.6680920Z Commit: 22237e57af968c281070ffa8ed912c1b754f9a23
Status Check - Keycloak CI	UNKNOWN STEP	2025-06-14T01:09:14.6682032Z Build Date: 2025-05-29T20:18:30Z
Status Check - Keycloak CI	UNKNOWN STEP	2025-06-14T01:09:14.6683277Z ##[endgroup]
Status Check - Keycloak CI	UNKNOWN STEP	2025-06-14T01:09:14.6684233Z ##[group]Operating System
Status Check - Keycloak CI	UNKNOWN STEP	2025-06-14T01:09:14.6685120Z Ubuntu
Status Check - Keycloak CI	UNKNOWN STEP	2025-06-14T01:09:14.6686045Z 24.04.2
Status Check - Keycloak CI	UNKNOWN STEP	2025-06-14T01:09:14.6686856Z LTS
Status Check - Keycloak CI	UNKNOWN STEP	2025-06-14T01:09:14.6687641Z ##[endgroup]
Status Check - Keycloak CI	UNKNOWN STEP	2025-06-14T01:09:14.6688413Z ##[group]Runner Image
Status Check - Keycloak CI	UNKNOWN STEP	2025-06-14T01:09:14.6689310Z Image: ubuntu-24.04
Status Check - Keycloak CI	UNKNOWN STEP	2025-06-14T01:09:14.6690070Z Version: 20250602.3.0
Status Check - Keycloak CI	UNKNOWN STEP	2025-06-14T01:09:14.6691872Z Included Software: https://github.com/actions/runner-images/blob/ubuntu24/20250602.3/images/ubuntu/Ubuntu2404-Readme.md
Status Check - Keycloak CI	UNKNOWN STEP	2025-06-14T01:09:14.6694853Z Image Release: https://github.com/actions/runner-images/releases/tag/ubuntu24%2F20250602.3
Status Check - Keycloak CI	UNKNOWN STEP	2025-06-14T01:09:14.6696707Z ##[endgroup]
Status Check - Keycloak CI	UNKNOWN STEP	2025-06-14T01:09:14.6698578Z ##[group]GITHUB_TOKEN Permissions
Status Check - Keycloak CI	UNKNOWN STEP	2025-06-14T01:09:14.6701442Z Contents: read
Status Check - Keycloak CI	UNKNOWN STEP	2025-06-14T01:09:14.6702302Z Metadata: read
Status Check - Keycloak CI	UNKNOWN STEP	2025-06-14T01:09:14.6703208Z ##[endgroup]
Status Check - Keycloak CI	UNKNOWN STEP	2025-06-14T01:09:14.6706102Z Secret source: Actions
Status Check - Keycloak CI	UNKNOWN STEP	2025-06-14T01:09:14.6707118Z Prepare workflow directory
Status Check - Keycloak CI	UNKNOWN STEP	2025-06-14T01:09:14.7281368Z Prepare all required actions
Status Check - Keycloak CI	UNKNOWN STEP	2025-06-14T01:09:14.7336916Z Getting action download info
Status Check - Keycloak CI	UNKNOWN STEP	2025-06-14T01:09:14.9772004Z Download action repository 'actions/checkout@11bd71901bbe5b1630ceea73d27597364c9af683' (SHA:11bd71901bbe5b1630ceea73d27597364c9af683)
Status Check - Keycloak CI	UNKNOWN STEP	2025-06-14T01:09:15.1352576Z Complete job name: Status Check - Keycloak CI
Status Check - Keycloak CI	UNKNOWN STEP	2025-06-14T01:09:15.2148142Z ##[group]Run actions/checkout@11bd71901bbe5b1630ceea73d27597364c9af683
Status Check - Keycloak CI	UNKNOWN STEP	2025-06-14T01:09:15.2149120Z with:
Status Check - Keycloak CI	UNKNOWN STEP	2025-06-14T01:09:15.2149514Z   repository: keycloak/keycloak
Status Check - Keycloak CI	UNKNOWN STEP	2025-06-14T01:09:15.2150122Z   token: ***
Status Check - Keycloak CI	UNKNOWN STEP	2025-06-14T01:09:15.2150521Z   ssh-strict: true
Status Check - Keycloak CI	UNKNOWN STEP	2025-06-14T01:09:15.2150956Z   ssh-user: git
Status Check - Keycloak CI	UNKNOWN STEP	2025-06-14T01:09:15.2151354Z   persist-credentials: true
Status Check - Keycloak CI	UNKNOWN STEP	2025-06-14T01:09:15.2151827Z   clean: true
Status Check - Keycloak CI	UNKNOWN STEP	2025-06-14T01:09:15.2152246Z   sparse-checkout-cone-mode: true
Status Check - Keycloak CI	UNKNOWN STEP	2025-06-14T01:09:15.2152702Z   fetch-depth: 1
Status Check - Keycloak CI	UNKNOWN STEP	2025-06-14T01:09:15.2153339Z   fetch-tags: false
Status Check - Keycloak CI	UNKNOWN STEP	2025-06-14T01:09:15.2153873Z   show-progress: true
Status Check - Keycloak CI	UNKNOWN STEP	2025-06-14T01:09:15.2154318Z   lfs: false
Status Check - Keycloak CI	UNKNOWN STEP	2025-06-14T01:09:15.2154730Z   submodules: false
Status Check - Keycloak CI	UNKNOWN STEP	2025-06-14T01:09:15.2155124Z   set-safe-directory: true
Status Check - Keycloak CI	UNKNOWN STEP	2025-06-14T01:09:15.2155844Z env:
Status Check - Keycloak CI	UNKNOWN STEP	2025-06-14T01:09:15.2156401Z   MAVEN_ARGS: -B -nsu -Daether.connector.http.connectionMaxTtl=25
Status Check - Keycloak CI	UNKNOWN STEP	2025-06-14T01:09:15.2157041Z   SUREFIRE_RERUN_FAILING_COUNT: 2
Status Check - Keycloak CI	UNKNOWN STEP	2025-06-14T01:09:15.2157623Z   SUREFIRE_RETRY: -Dsurefire.rerunFailingTestsCount=2
Status Check - Keycloak CI	UNKNOWN STEP	2025-06-14T01:09:15.2158166Z ##[endgroup]
Status Check - Keycloak CI	UNKNOWN STEP	2025-06-14T01:09:15.3222280Z Syncing repository: keycloak/keycloak
Status Check - Keycloak CI	UNKNOWN STEP	2025-06-14T01:09:15.3224534Z ##[group]Getting Git version info
Status Check - Keycloak CI	UNKNOWN STEP	2025-06-14T01:09:15.3225474Z Working directory is '/home/runner/work/keycloak/keycloak'
Status Check - Keycloak CI	UNKNOWN STEP	2025-06-14T01:09:15.3227085Z [command]/usr/bin/git version
Status Check - Keycloak CI	UNKNOWN STEP	2025-06-14T01:09:15.3287120Z git version 2.49.0
Status Check - Keycloak CI	UNKNOWN STEP	2025-06-14T01:09:15.3313738Z ##[endgroup]
Status Check - Keycloak CI	UNKNOWN STEP	2025-06-14T01:09:15.3329182Z Temporarily overriding HOME='/home/runner/work/_temp/69449ebf-a43c-4fc4-8459-8417515a494c' before making global git config changes
Status Check - Keycloak CI	UNKNOWN STEP	2025-06-14T01:09:15.3331549Z Adding repository directory to the temporary git global config as a safe directory
Status Check - Keycloak CI	UNKNOWN STEP	2025-06-14T01:09:15.3335964Z [command]/usr/bin/git config --global --add safe.directory /home/runner/work/keycloak/keycloak
Status Check - Keycloak CI	UNKNOWN STEP	2025-06-14T01:09:15.3373925Z Deleting the contents of '/home/runner/work/keycloak/keycloak'
Status Check - Keycloak CI	UNKNOWN STEP	2025-06-14T01:09:15.3377856Z ##[group]Initializing the repository
Status Check - Keycloak CI	UNKNOWN STEP	2025-06-14T01:09:15.3382368Z [command]/usr/bin/git init /home/runner/work/keycloak/keycloak
Status Check - Keycloak CI	UNKNOWN STEP	2025-06-14T01:09:15.3462873Z hint: Using 'master' as the name for the initial branch. This default branch name
Status Check - Keycloak CI	UNKNOWN STEP	2025-06-14T01:09:15.3464489Z hint: is subject to change. To configure the initial branch name to use in all
Status Check - Keycloak CI	UNKNOWN STEP	2025-06-14T01:09:15.3465351Z hint: of your new repositories, which will suppress this warning, call:
Status Check - Keycloak CI	UNKNOWN STEP	2025-06-14T01:09:15.3466546Z hint:
Status Check - Keycloak CI	UNKNOWN STEP	2025-06-14T01:09:15.3467337Z hint: 	git config --global init.defaultBranch <name>
Status Check - Keycloak CI	UNKNOWN STEP	2025-06-14T01:09:15.3468297Z hint:
Status Check - Keycloak CI	UNKNOWN STEP	2025-06-14T01:09:15.3469189Z hint: Names commonly chosen instead of 'master' are 'main', 'trunk' and
Status Check - Keycloak CI	UNKNOWN STEP	2025-06-14T01:09:15.3470622Z hint: 'development'. The just-created branch can be renamed via this command:
Status Check - Keycloak CI	UNKNOWN STEP	2025-06-14T01:09:15.3471538Z hint:
Status Check - Keycloak CI	UNKNOWN STEP	2025-06-14T01:09:15.3471904Z hint: 	git branch -m <name>
Status Check - Keycloak CI	UNKNOWN STEP	2025-06-14T01:09:15.3472585Z Initialized empty Git repository in /home/runner/work/keycloak/keycloak/.git/
Status Check - Keycloak CI	UNKNOWN STEP	2025-06-14T01:09:15.3481155Z [command]/usr/bin/git remote add origin https://github.com/keycloak/keycloak
Status Check - Keycloak CI	UNKNOWN STEP	2025-06-14T01:09:15.3519132Z ##[endgroup]
Status Check - Keycloak CI	UNKNOWN STEP	2025-06-14T01:09:15.3519860Z ##[group]Disabling automatic garbage collection
Status Check - Keycloak CI	UNKNOWN STEP	2025-06-14T01:09:15.3522908Z [command]/usr/bin/git config --local gc.auto 0
Status Check - Keycloak CI	UNKNOWN STEP	2025-06-14T01:09:15.3550532Z ##[endgroup]
Status Check - Keycloak CI	UNKNOWN STEP	2025-06-14T01:09:15.3551280Z ##[group]Setting up auth
Status Check - Keycloak CI	UNKNOWN STEP	2025-06-14T01:09:15.3557435Z [command]/usr/bin/git config --local --name-only --get-regexp core\.sshCommand
Status Check - Keycloak CI	UNKNOWN STEP	2025-06-14T01:09:15.3587320Z [command]/usr/bin/git submodule foreach --recursive sh -c "git config --local --name-only --get-regexp 'core\.sshCommand' && git config --local --unset-all 'core.sshCommand' || :"
Status Check - Keycloak CI	UNKNOWN STEP	2025-06-14T01:09:15.3908364Z [command]/usr/bin/git config --local --name-only --get-regexp http\.https\:\/\/github\.com\/\.extraheader
Status Check - Keycloak CI	UNKNOWN STEP	2025-06-14T01:09:15.3937738Z [command]/usr/bin/git submodule foreach --recursive sh -c "git config --local --name-only --get-regexp 'http\.https\:\/\/github\.com\/\.extraheader' && git config --local --unset-all 'http.https://github.com/.extraheader' || :"
Status Check - Keycloak CI	UNKNOWN STEP	2025-06-14T01:09:15.4152148Z [command]/usr/bin/git config --local http.https://github.com/.extraheader AUTHORIZATION: basic ***
Status Check - Keycloak CI	UNKNOWN STEP	2025-06-14T01:09:15.4197074Z ##[endgroup]
Status Check - Keycloak CI	UNKNOWN STEP	2025-06-14T01:09:15.4197873Z ##[group]Fetching the repository
Status Check - Keycloak CI	UNKNOWN STEP	2025-06-14T01:09:15.4205658Z [command]/usr/bin/git -c protocol.version=2 fetch --no-tags --prune --no-recurse-submodules --depth=1 origin +00099b1afc21e12c3c17271096c42b7d2b0c487b:refs/remotes/origin/main
Status Check - Keycloak CI	UNKNOWN STEP	2025-06-14T01:09:18.2883636Z From https://github.com/keycloak/keycloak
Status Check - Keycloak CI	UNKNOWN STEP	2025-06-14T01:09:18.2940511Z  * [new ref]         00099b1afc21e12c3c17271096c42b7d2b0c487b -> origin/main
Status Check - Keycloak CI	UNKNOWN STEP	2025-06-14T01:09:18.2944945Z ##[endgroup]
Status Check - Keycloak CI	UNKNOWN STEP	2025-06-14T01:09:18.2946219Z ##[group]Determining the checkout info
Status Check - Keycloak CI	UNKNOWN STEP	2025-06-14T01:09:18.2947380Z ##[endgroup]
Status Check - Keycloak CI	UNKNOWN STEP	2025-06-14T01:09:18.2948555Z [command]/usr/bin/git sparse-checkout disable
Status Check - Keycloak CI	UNKNOWN STEP	2025-06-14T01:09:18.2989210Z [command]/usr/bin/git config --local --unset-all extensions.worktreeConfig
Status Check - Keycloak CI	UNKNOWN STEP	2025-06-14T01:09:18.3018787Z ##[group]Checking out the ref
Status Check - Keycloak CI	UNKNOWN STEP	2025-06-14T01:09:18.3022798Z [command]/usr/bin/git checkout --progress --force -B main refs/remotes/origin/main
Status Check - Keycloak CI	UNKNOWN STEP	2025-06-14T01:09:19.0907663Z Switched to a new branch 'main'
Status Check - Keycloak CI	UNKNOWN STEP	2025-06-14T01:09:19.0908895Z branch 'main' set up to track 'origin/main'.
Status Check - Keycloak CI	UNKNOWN STEP	2025-06-14T01:09:19.0940260Z ##[endgroup]
Status Check - Keycloak CI	UNKNOWN STEP	2025-06-14T01:09:19.0978920Z [command]/usr/bin/git log -1 --format=%H
Status Check - Keycloak CI	UNKNOWN STEP	2025-06-14T01:09:19.1001651Z 00099b1afc21e12c3c17271096c42b7d2b0c487b
Status Check - Keycloak CI	UNKNOWN STEP	2025-06-14T01:09:19.1236267Z Prepare all required actions
Status Check - Keycloak CI	UNKNOWN STEP	2025-06-14T01:09:19.1302847Z ##[group]Run ./.github/actions/status-check
Status Check - Keycloak CI	UNKNOWN STEP	2025-06-14T01:09:19.1303353Z with:
Status Check - Keycloak CI	UNKNOWN STEP	2025-06-14T01:09:19.1307377Z   jobs: {
Status Check - Keycloak CI	UNKNOWN STEP	  "conditional": {
Status Check - Keycloak CI	UNKNOWN STEP	    "result": "success",
Status Check - Keycloak CI	UNKNOWN STEP	    "outputs": {
Status Check - Keycloak CI	UNKNOWN STEP	      "ci": "true",
Status Check - Keycloak CI	UNKNOWN STEP	      "ci-quarkus": "true",
Status Check - Keycloak CI	UNKNOWN STEP	      "ci-store": "true",
Status Check - Keycloak CI	UNKNOWN STEP	      "ci-sssd": "true",
Status Check - Keycloak CI	UNKNOWN STEP	      "ci-webauthn": "true",
Status Check - Keycloak CI	UNKNOWN STEP	      "ci-aurora": "true"
Status Check - Keycloak CI	UNKNOWN STEP	    }
Status Check - Keycloak CI	UNKNOWN STEP	  },
Status Check - Keycloak CI	UNKNOWN STEP	  "build": {
Status Check - Keycloak CI	UNKNOWN STEP	    "result": "success",
Status Check - Keycloak CI	UNKNOWN STEP	    "outputs": {}
Status Check - Keycloak CI	UNKNOWN STEP	  },
Status Check - Keycloak CI	UNKNOWN STEP	  "unit-tests": {
Status Check - Keycloak CI	UNKNOWN STEP	    "result": "success",
Status Check - Keycloak CI	UNKNOWN STEP	    "outputs": {}
Status Check - Keycloak CI	UNKNOWN STEP	  },
Status Check - Keycloak CI	UNKNOWN STEP	  "base-integration-tests": {
Status Check - Keycloak CI	UNKNOWN STEP	    "result": "success",
Status Check - Keycloak CI	UNKNOWN STEP	    "outputs": {}
Status Check - Keycloak CI	UNKNOWN STEP	  },
Status Check - Keycloak CI	UNKNOWN STEP	  "adapter-integration-tests": {
Status Check - Keycloak CI	UNKNOWN STEP	    "result": "success",
Status Check - Keycloak CI	UNKNOWN STEP	    "outputs": {}
Status Check - Keycloak CI	UNKNOWN STEP	  },
Status Check - Keycloak CI	UNKNOWN STEP	  "adapter-integration-tests-strict-cookies": {
Status Check - Keycloak CI	UNKNOWN STEP	    "result": "success",
Status Check - Keycloak CI	UNKNOWN STEP	    "outputs": {}
Status Check - Keycloak CI	UNKNOWN STEP	  },
Status Check - Keycloak CI	UNKNOWN STEP	  "quarkus-unit-tests": {
Status Check - Keycloak CI	UNKNOWN STEP	    "result": "success",
Status Check - Keycloak CI	UNKNOWN STEP	    "outputs": {}
Status Check - Keycloak CI	UNKNOWN STEP	  },
Status Check - Keycloak CI	UNKNOWN STEP	  "quarkus-integration-tests": {
Status Check - Keycloak CI	UNKNOWN STEP	    "result": "success",
Status Check - Keycloak CI	UNKNOWN STEP	    "outputs": {}
Status Check - Keycloak CI	UNKNOWN STEP	  },
Status Check - Keycloak CI	UNKNOWN STEP	  "jdk-integration-tests": {
Status Check - Keycloak CI	UNKNOWN STEP	    "result": "failure",
Status Check - Keycloak CI	UNKNOWN STEP	    "outputs": {}
Status Check - Keycloak CI	UNKNOWN STEP	  },
Status Check - Keycloak CI	UNKNOWN STEP	  "store-integration-tests": {
Status Check - Keycloak CI	UNKNOWN STEP	    "result": "success",
Status Check - Keycloak CI	UNKNOWN STEP	    "outputs": {}
Status Check - Keycloak CI	UNKNOWN STEP	  },
Status Check - Keycloak CI	UNKNOWN STEP	  "volatile-sessions-tests": {
Status Check - Keycloak CI	UNKNOWN STEP	    "result": "success",
Status Check - Keycloak CI	UNKNOWN STEP	    "outputs": {}
Status Check - Keycloak CI	UNKNOWN STEP	  },
Status Check - Keycloak CI	UNKNOWN STEP	  "store-model-tests": {
Status Check - Keycloak CI	UNKNOWN STEP	    "result": "success",
Status Check - Keycloak CI	UNKNOWN STEP	    "outputs": {}
Status Check - Keycloak CI	UNKNOWN STEP	  },
Status Check - Keycloak CI	UNKNOWN STEP	  "clustering-integration-tests": {
Status Check - Keycloak CI	UNKNOWN STEP	    "result": "success",
Status Check - Keycloak CI	UNKNOWN STEP	    "outputs": {}
Status Check - Keycloak CI	UNKNOWN STEP	  },
Status Check - Keycloak CI	UNKNOWN STEP	  "fips-unit-tests": {
Status Check - Keycloak CI	UNKNOWN STEP	    "result": "success",
Status Check - Keycloak CI	UNKNOWN STEP	    "outputs": {}
Status Check - Keycloak CI	UNKNOWN STEP	  },
Status Check - Keycloak CI	UNKNOWN STEP	  "fips-integration-tests": {
Status Check - Keycloak CI	UNKNOWN STEP	    "result": "success",
Status Check - Keycloak CI	UNKNOWN STEP	    "outputs": {}
Status Check - Keycloak CI	UNKNOWN STEP	  },
Status Check - Keycloak CI	UNKNOWN STEP	  "forms-integration-tests": {
Status Check - Keycloak CI	UNKNOWN STEP	    "result": "success",
Status Check - Keycloak CI	UNKNOWN STEP	    "outputs": {}
Status Check - Keycloak CI	UNKNOWN STEP	  },
Status Check - Keycloak CI	UNKNOWN STEP	  "webauthn-integration-tests": {
Status Check - Keycloak CI	UNKNOWN STEP	    "result": "success",
Status Check - Keycloak CI	UNKNOWN STEP	    "outputs": {}
Status Check - Keycloak CI	UNKNOWN STEP	  },
Status Check - Keycloak CI	UNKNOWN STEP	  "sssd-unit-tests": {
Status Check - Keycloak CI	UNKNOWN STEP	    "result": "success",
Status Check - Keycloak CI	UNKNOWN STEP	    "outputs": {}
Status Check - Keycloak CI	UNKNOWN STEP	  },
Status Check - Keycloak CI	UNKNOWN STEP	  "migration-tests": {
Status Check - Keycloak CI	UNKNOWN STEP	    "result": "success",
Status Check - Keycloak CI	UNKNOWN STEP	    "outputs": {}
Status Check - Keycloak CI	UNKNOWN STEP	  },
Status Check - Keycloak CI	UNKNOWN STEP	  "external-infinispan-tests": {
Status Check - Keycloak CI	UNKNOWN STEP	    "result": "success",
Status Check - Keycloak CI	UNKNOWN STEP	    "outputs": {}
Status Check - Keycloak CI	UNKNOWN STEP	  },
Status Check - Keycloak CI	UNKNOWN STEP	  "test-framework": {
Status Check - Keycloak CI	UNKNOWN STEP	    "result": "success",
Status Check - Keycloak CI	UNKNOWN STEP	    "outputs": {}
Status Check - Keycloak CI	UNKNOWN STEP	  },
Status Check - Keycloak CI	UNKNOWN STEP	  "base-new-integration-tests": {
Status Check - Keycloak CI	UNKNOWN STEP	    "result": "success",
Status Check - Keycloak CI	UNKNOWN STEP	    "outputs": {}
Status Check - Keycloak CI	UNKNOWN STEP	  }
Status Check - Keycloak CI	UNKNOWN STEP	}
Status Check - Keycloak CI	UNKNOWN STEP	2025-06-14T01:09:19.1311754Z env:
Status Check - Keycloak CI	UNKNOWN STEP	2025-06-14T01:09:19.1312047Z   MAVEN_ARGS: -B -nsu -Daether.connector.http.connectionMaxTtl=25
Status Check - Keycloak CI	UNKNOWN STEP	2025-06-14T01:09:19.1312414Z   SUREFIRE_RERUN_FAILING_COUNT: 2
Status Check - Keycloak CI	UNKNOWN STEP	2025-06-14T01:09:19.1312728Z   SUREFIRE_RETRY: -Dsurefire.rerunFailingTestsCount=2
Status Check - Keycloak CI	UNKNOWN STEP	2025-06-14T01:09:19.1313254Z ##[endgroup]
Status Check - Keycloak CI	UNKNOWN STEP	2025-06-14T01:09:19.1410210Z ##[group]Run JOBS='{
Status Check - Keycloak CI	UNKNOWN STEP	2025-06-14T01:09:19.1410602Z [36;1mJOBS='{[0m
Status Check - Keycloak CI	UNKNOWN STEP	2025-06-14T01:09:19.1410853Z [36;1m  "conditional": {[0m
Status Check - Keycloak CI	UNKNOWN STEP	2025-06-14T01:09:19.1411118Z [36;1m    "result": "success",[0m
Status Check - Keycloak CI	UNKNOWN STEP	2025-06-14T01:09:19.1411390Z [36;1m    "outputs": {[0m
Status Check - Keycloak CI	UNKNOWN STEP	2025-06-14T01:09:19.1411629Z [36;1m      "ci": "true",[0m
Status Check - Keycloak CI	UNKNOWN STEP	2025-06-14T01:09:19.1411899Z [36;1m      "ci-quarkus": "true",[0m
Status Check - Keycloak CI	UNKNOWN STEP	2025-06-14T01:09:19.1412194Z [36;1m      "ci-store": "true",[0m
Status Check - Keycloak CI	UNKNOWN STEP	2025-06-14T01:09:19.1412455Z [36;1m      "ci-sssd": "true",[0m
Status Check - Keycloak CI	UNKNOWN STEP	2025-06-14T01:09:19.1412720Z [36;1m      "ci-webauthn": "true",[0m
Status Check - Keycloak CI	UNKNOWN STEP	2025-06-14T01:09:19.1412988Z [36;1m      "ci-aurora": "true"[0m
Status Check - Keycloak CI	UNKNOWN STEP	2025-06-14T01:09:19.1413547Z [36;1m    }[0m
Status Check - Keycloak CI	UNKNOWN STEP	2025-06-14T01:09:19.1413745Z [36;1m  },[0m
Status Check - Keycloak CI	UNKNOWN STEP	2025-06-14T01:09:19.1413949Z [36;1m  "build": {[0m
Status Check - Keycloak CI	UNKNOWN STEP	2025-06-14T01:09:19.1414173Z [36;1m    "result": "success",[0m
Status Check - Keycloak CI	UNKNOWN STEP	2025-06-14T01:09:19.1414439Z [36;1m    "outputs": {}[0m
Status Check - Keycloak CI	UNKNOWN STEP	2025-06-14T01:09:19.1414668Z [36;1m  },[0m
Status Check - Keycloak CI	UNKNOWN STEP	2025-06-14T01:09:19.1414877Z [36;1m  "unit-tests": {[0m
Status Check - Keycloak CI	UNKNOWN STEP	2025-06-14T01:09:19.1415123Z [36;1m    "result": "success",[0m
Status Check - Keycloak CI	UNKNOWN STEP	2025-06-14T01:09:19.1415375Z [36;1m    "outputs": {}[0m
Status Check - Keycloak CI	UNKNOWN STEP	2025-06-14T01:09:19.1415603Z [36;1m  },[0m
Status Check - Keycloak CI	UNKNOWN STEP	2025-06-14T01:09:19.1415820Z [36;1m  "base-integration-tests": {[0m
Status Check - Keycloak CI	UNKNOWN STEP	2025-06-14T01:09:19.1416098Z [36;1m    "result": "success",[0m
Status Check - Keycloak CI	UNKNOWN STEP	2025-06-14T01:09:19.1416345Z [36;1m    "outputs": {}[0m
Status Check - Keycloak CI	UNKNOWN STEP	2025-06-14T01:09:19.1416568Z [36;1m  },[0m
Status Check - Keycloak CI	UNKNOWN STEP	2025-06-14T01:09:19.1416788Z [36;1m  "adapter-integration-tests": {[0m
Status Check - Keycloak CI	UNKNOWN STEP	2025-06-14T01:09:19.1417074Z [36;1m    "result": "success",[0m
Status Check - Keycloak CI	UNKNOWN STEP	2025-06-14T01:09:19.1417316Z [36;1m    "outputs": {}[0m
Status Check - Keycloak CI	UNKNOWN STEP	2025-06-14T01:09:19.1417550Z [36;1m  },[0m
Status Check - Keycloak CI	UNKNOWN STEP	2025-06-14T01:09:19.1418064Z [36;1m  "adapter-integration-tests-strict-cookies": {[0m
Status Check - Keycloak CI	UNKNOWN STEP	2025-06-14T01:09:19.1418405Z [36;1m    "result": "success",[0m
Status Check - Keycloak CI	UNKNOWN STEP	2025-06-14T01:09:19.1418660Z [36;1m    "outputs": {}[0m
Status Check - Keycloak CI	UNKNOWN STEP	2025-06-14T01:09:19.1418877Z [36;1m  },[0m
Status Check - Keycloak CI	UNKNOWN STEP	2025-06-14T01:09:19.1419090Z [36;1m  "quarkus-unit-tests": {[0m
Status Check - Keycloak CI	UNKNOWN STEP	2025-06-14T01:09:19.1419346Z [36;1m    "result": "success",[0m
Status Check - Keycloak CI	UNKNOWN STEP	2025-06-14T01:09:19.1419600Z [36;1m    "outputs": {}[0m
Status Check - Keycloak CI	UNKNOWN STEP	2025-06-14T01:09:19.1419823Z [36;1m  },[0m
Status Check - Keycloak CI	UNKNOWN STEP	2025-06-14T01:09:19.1420050Z [36;1m  "quarkus-integration-tests": {[0m
Status Check - Keycloak CI	UNKNOWN STEP	2025-06-14T01:09:19.1420334Z [36;1m    "result": "success",[0m
Status Check - Keycloak CI	UNKNOWN STEP	2025-06-14T01:09:19.1420582Z [36;1m    "outputs": {}[0m
Status Check - Keycloak CI	UNKNOWN STEP	2025-06-14T01:09:19.1420812Z [36;1m  },[0m
Status Check - Keycloak CI	UNKNOWN STEP	2025-06-14T01:09:19.1421022Z [36;1m  "jdk-integration-tests": {[0m
Status Check - Keycloak CI	UNKNOWN STEP	2025-06-14T01:09:19.1421291Z [36;1m    "result": "failure",[0m
Status Check - Keycloak CI	UNKNOWN STEP	2025-06-14T01:09:19.1421534Z [36;1m    "outputs": {}[0m
Status Check - Keycloak CI	UNKNOWN STEP	2025-06-14T01:09:19.1421761Z [36;1m  },[0m
Status Check - Keycloak CI	UNKNOWN STEP	2025-06-14T01:09:19.1421975Z [36;1m  "store-integration-tests": {[0m
Status Check - Keycloak CI	UNKNOWN STEP	2025-06-14T01:09:19.1422400Z [36;1m    "result": "success",[0m
Status Check - Keycloak CI	UNKNOWN STEP	2025-06-14T01:09:19.1422650Z [36;1m    "outputs": {}[0m
Status Check - Keycloak CI	UNKNOWN STEP	2025-06-14T01:09:19.1422869Z [36;1m  },[0m
Status Check - Keycloak CI	UNKNOWN STEP	2025-06-14T01:09:19.1423211Z [36;1m  "volatile-sessions-tests": {[0m
Status Check - Keycloak CI	UNKNOWN STEP	2025-06-14T01:09:19.1423487Z [36;1m    "result": "success",[0m
Status Check - Keycloak CI	UNKNOWN STEP	2025-06-14T01:09:19.1423738Z [36;1m    "outputs": {}[0m
Status Check - Keycloak CI	UNKNOWN STEP	2025-06-14T01:09:19.1423968Z [36;1m  },[0m
Status Check - Keycloak CI	UNKNOWN STEP	2025-06-14T01:09:19.1424182Z [36;1m  "store-model-tests": {[0m
Status Check - Keycloak CI	UNKNOWN STEP	2025-06-14T01:09:19.1424432Z [36;1m    "result": "success",[0m
Status Check - Keycloak CI	UNKNOWN STEP	2025-06-14T01:09:19.1424683Z [36;1m    "outputs": {}[0m
Status Check - Keycloak CI	UNKNOWN STEP	2025-06-14T01:09:19.1424903Z [36;1m  },[0m
Status Check - Keycloak CI	UNKNOWN STEP	2025-06-14T01:09:19.1425136Z [36;1m  "clustering-integration-tests": {[0m
Status Check - Keycloak CI	UNKNOWN STEP	2025-06-14T01:09:19.1425425Z [36;1m    "result": "success",[0m
Status Check - Keycloak CI	UNKNOWN STEP	2025-06-14T01:09:19.1425665Z [36;1m    "outputs": {}[0m
Status Check - Keycloak CI	UNKNOWN STEP	2025-06-14T01:09:19.1425889Z [36;1m  },[0m
Status Check - Keycloak CI	UNKNOWN STEP	2025-06-14T01:09:19.1426093Z [36;1m  "fips-unit-tests": {[0m
Status Check - Keycloak CI	UNKNOWN STEP	2025-06-14T01:09:19.1426347Z [36;1m    "result": "success",[0m
Status Check - Keycloak CI	UNKNOWN STEP	2025-06-14T01:09:19.1426605Z [36;1m    "outputs": {}[0m
Status Check - Keycloak CI	UNKNOWN STEP	2025-06-14T01:09:19.1426829Z [36;1m  },[0m
Status Check - Keycloak CI	UNKNOWN STEP	2025-06-14T01:09:19.1427119Z [36;1m  "fips-integration-tests": {[0m
Status Check - Keycloak CI	UNKNOWN STEP	2025-06-14T01:09:19.1427392Z [36;1m    "result": "success",[0m
Status Check - Keycloak CI	UNKNOWN STEP	2025-06-14T01:09:19.1427638Z [36;1m    "outputs": {}[0m
Status Check - Keycloak CI	UNKNOWN STEP	2025-06-14T01:09:19.1427855Z [36;1m  },[0m
Status Check - Keycloak CI	UNKNOWN STEP	2025-06-14T01:09:19.1428073Z [36;1m  "forms-integration-tests": {[0m
Status Check - Keycloak CI	UNKNOWN STEP	2025-06-14T01:09:19.1428344Z [36;1m    "result": "success",[0m
Status Check - Keycloak CI	UNKNOWN STEP	2025-06-14T01:09:19.1428583Z [36;1m    "outputs": {}[0m
Status Check - Keycloak CI	UNKNOWN STEP	2025-06-14T01:09:19.1428799Z [36;1m  },[0m
Status Check - Keycloak CI	UNKNOWN STEP	2025-06-14T01:09:19.1429015Z [36;1m  "webauthn-integration-tests": {[0m
Status Check - Keycloak CI	UNKNOWN STEP	2025-06-14T01:09:19.1429295Z [36;1m    "result": "success",[0m
Status Check - Keycloak CI	UNKNOWN STEP	2025-06-14T01:09:19.1429531Z [36;1m    "outputs": {}[0m
Status Check - Keycloak CI	UNKNOWN STEP	2025-06-14T01:09:19.1429754Z [36;1m  },[0m
Status Check - Keycloak CI	UNKNOWN STEP	2025-06-14T01:09:19.1429956Z [36;1m  "sssd-unit-tests": {[0m
Status Check - Keycloak CI	UNKNOWN STEP	2025-06-14T01:09:19.1430248Z [36;1m    "result": "success",[0m
Status Check - Keycloak CI	UNKNOWN STEP	2025-06-14T01:09:19.1430487Z [36;1m    "outputs": {}[0m
Status Check - Keycloak CI	UNKNOWN STEP	2025-06-14T01:09:19.1430714Z [36;1m  },[0m
Status Check - Keycloak CI	UNKNOWN STEP	2025-06-14T01:09:19.1430923Z [36;1m  "migration-tests": {[0m
Status Check - Keycloak CI	UNKNOWN STEP	2025-06-14T01:09:19.1431172Z [36;1m    "result": "success",[0m
Status Check - Keycloak CI	UNKNOWN STEP	2025-06-14T01:09:19.1431415Z [36;1m    "outputs": {}[0m
Status Check - Keycloak CI	UNKNOWN STEP	2025-06-14T01:09:19.1431632Z [36;1m  },[0m
Status Check - Keycloak CI	UNKNOWN STEP	2025-06-14T01:09:19.1431853Z [36;1m  "external-infinispan-tests": {[0m
Status Check - Keycloak CI	UNKNOWN STEP	2025-06-14T01:09:19.1432125Z [36;1m    "result": "success",[0m
Status Check - Keycloak CI	UNKNOWN STEP	2025-06-14T01:09:19.1432369Z [36;1m    "outputs": {}[0m
Status Check - Keycloak CI	UNKNOWN STEP	2025-06-14T01:09:19.1432582Z [36;1m  },[0m
Status Check - Keycloak CI	UNKNOWN STEP	2025-06-14T01:09:19.1432788Z [36;1m  "test-framework": {[0m
Status Check - Keycloak CI	UNKNOWN STEP	2025-06-14T01:09:19.1433220Z [36;1m    "result": "success",[0m
Status Check - Keycloak CI	UNKNOWN STEP	2025-06-14T01:09:19.1433565Z [36;1m    "outputs": {}[0m
Status Check - Keycloak CI	UNKNOWN STEP	2025-06-14T01:09:19.1433793Z [36;1m  },[0m
Status Check - Keycloak CI	UNKNOWN STEP	2025-06-14T01:09:19.1434010Z [36;1m  "base-new-integration-tests": {[0m
Status Check - Keycloak CI	UNKNOWN STEP	2025-06-14T01:09:19.1434292Z [36;1m    "result": "success",[0m
Status Check - Keycloak CI	UNKNOWN STEP	2025-06-14T01:09:19.1434531Z [36;1m    "outputs": {}[0m
Status Check - Keycloak CI	UNKNOWN STEP	2025-06-14T01:09:19.1434760Z [36;1m  }[0m
Status Check - Keycloak CI	UNKNOWN STEP	2025-06-14T01:09:19.1434960Z [36;1m}'[0m
Status Check - Keycloak CI	UNKNOWN STEP	2025-06-14T01:09:19.1435169Z [36;1m[0m
Status Check - Keycloak CI	UNKNOWN STEP	2025-06-14T01:09:19.1435512Z [36;1mecho "Job status:"[0m
Status Check - Keycloak CI	UNKNOWN STEP	2025-06-14T01:09:19.1435854Z [36;1mecho $JOBS | jq -r 'to_entries[] | " - \(.key): \(.value.result)"'[0m
Status Check - Keycloak CI	UNKNOWN STEP	2025-06-14T01:09:19.1436218Z [36;1m[0m
Status Check - Keycloak CI	UNKNOWN STEP	2025-06-14T01:09:19.1436497Z [36;1mfor i in $(echo $JOBS | jq -r 'to_entries[] | .value.result'); do[0m
Status Check - Keycloak CI	UNKNOWN STEP	2025-06-14T01:09:19.1436896Z [36;1m  if [ "$i" != "success" ] && [ "$i" != "skipped" ]; then[0m
Status Check - Keycloak CI	UNKNOWN STEP	2025-06-14T01:09:19.1437198Z [36;1m    echo ""[0m
Status Check - Keycloak CI	UNKNOWN STEP	2025-06-14T01:09:19.1437437Z [36;1m    echo "Status check not okay!"[0m
Status Check - Keycloak CI	UNKNOWN STEP	2025-06-14T01:09:19.1437704Z [36;1m    exit 1[0m
Status Check - Keycloak CI	UNKNOWN STEP	2025-06-14T01:09:19.1437912Z [36;1m  fi[0m
Status Check - Keycloak CI	UNKNOWN STEP	2025-06-14T01:09:19.1438104Z [36;1mdone[0m
Status Check - Keycloak CI	UNKNOWN STEP	2025-06-14T01:09:19.1507972Z shell: /usr/bin/bash --noprofile --norc -e -o pipefail {0}
Status Check - Keycloak CI	UNKNOWN STEP	2025-06-14T01:09:19.1508346Z env:
Status Check - Keycloak CI	UNKNOWN STEP	2025-06-14T01:09:19.1508641Z   MAVEN_ARGS: -B -nsu -Daether.connector.http.connectionMaxTtl=25
Status Check - Keycloak CI	UNKNOWN STEP	2025-06-14T01:09:19.1509020Z   SUREFIRE_RERUN_FAILING_COUNT: 2
Status Check - Keycloak CI	UNKNOWN STEP	2025-06-14T01:09:19.1509549Z   SUREFIRE_RETRY: -Dsurefire.rerunFailingTestsCount=2
Status Check - Keycloak CI	UNKNOWN STEP	2025-06-14T01:09:19.1509865Z ##[endgroup]
Status Check - Keycloak CI	UNKNOWN STEP	2025-06-14T01:09:19.1602446Z Job status:
Status Check - Keycloak CI	UNKNOWN STEP	2025-06-14T01:09:19.1650471Z  - conditional: success
Status Check - Keycloak CI	UNKNOWN STEP	2025-06-14T01:09:19.1650966Z  - build: success
Status Check - Keycloak CI	UNKNOWN STEP	2025-06-14T01:09:19.1651341Z  - unit-tests: success
Status Check - Keycloak CI	UNKNOWN STEP	2025-06-14T01:09:19.1651636Z  - base-integration-tests: success
Status Check - Keycloak CI	UNKNOWN STEP	2025-06-14T01:09:19.1651960Z  - adapter-integration-tests: success
Status Check - Keycloak CI	UNKNOWN STEP	2025-06-14T01:09:19.1652322Z  - adapter-integration-tests-strict-cookies: success
Status Check - Keycloak CI	UNKNOWN STEP	2025-06-14T01:09:19.1652681Z  - quarkus-unit-tests: success
Status Check - Keycloak CI	UNKNOWN STEP	2025-06-14T01:09:19.1652972Z  - quarkus-integration-tests: success
Status Check - Keycloak CI	UNKNOWN STEP	2025-06-14T01:09:19.1653586Z  - jdk-integration-tests: failure
Status Check - Keycloak CI	UNKNOWN STEP	2025-06-14T01:09:19.1653890Z  - store-integration-tests: success
Status Check - Keycloak CI	UNKNOWN STEP	2025-06-14T01:09:19.1654174Z  - volatile-sessions-tests: success
Status Check - Keycloak CI	UNKNOWN STEP	2025-06-14T01:09:19.1654464Z  - store-model-tests: success
Status Check - Keycloak CI	UNKNOWN STEP	2025-06-14T01:09:19.1654758Z  - clustering-integration-tests: success
Status Check - Keycloak CI	UNKNOWN STEP	2025-06-14T01:09:19.1655061Z  - fips-unit-tests: success
Status Check - Keycloak CI	UNKNOWN STEP	2025-06-14T01:09:19.1655369Z  - fips-integration-tests: success
Status Check - Keycloak CI	UNKNOWN STEP	2025-06-14T01:09:19.1655663Z  - forms-integration-tests: success
Status Check - Keycloak CI	UNKNOWN STEP	2025-06-14T01:09:19.1655959Z  - webauthn-integration-tests: success
Status Check - Keycloak CI	UNKNOWN STEP	2025-06-14T01:09:19.1656244Z  - sssd-unit-tests: success
Status Check - Keycloak CI	UNKNOWN STEP	2025-06-14T01:09:19.1656512Z  - migration-tests: success
Status Check - Keycloak CI	UNKNOWN STEP	2025-06-14T01:09:19.1656782Z  - external-infinispan-tests: success
Status Check - Keycloak CI	UNKNOWN STEP	2025-06-14T01:09:19.1657147Z  - test-framework: success
Status Check - Keycloak CI	UNKNOWN STEP	2025-06-14T01:09:19.1657612Z  - base-new-integration-tests: success
Status Check - Keycloak CI	UNKNOWN STEP	2025-06-14T01:09:19.1686648Z 
Status Check - Keycloak CI	UNKNOWN STEP	2025-06-14T01:09:19.1687079Z Status check not okay!
Status Check - Keycloak CI	UNKNOWN STEP	2025-06-14T01:09:19.1699976Z ##[error]Process completed with exit code 1.
Status Check - Keycloak CI	UNKNOWN STEP	2025-06-14T01:09:19.1810878Z Post job cleanup.
Status Check - Keycloak CI	UNKNOWN STEP	2025-06-14T01:09:19.2760125Z [command]/usr/bin/git version
Status Check - Keycloak CI	UNKNOWN STEP	2025-06-14T01:09:19.2797544Z git version 2.49.0
Status Check - Keycloak CI	UNKNOWN STEP	2025-06-14T01:09:19.2840607Z Temporarily overriding HOME='/home/runner/work/_temp/d2838a33-ff44-454f-9d21-f832430b3b29' before making global git config changes
Status Check - Keycloak CI	UNKNOWN STEP	2025-06-14T01:09:19.2841579Z Adding repository directory to the temporary git global config as a safe directory
Status Check - Keycloak CI	UNKNOWN STEP	2025-06-14T01:09:19.2846075Z [command]/usr/bin/git config --global --add safe.directory /home/runner/work/keycloak/keycloak
Status Check - Keycloak CI	UNKNOWN STEP	2025-06-14T01:09:19.2880924Z [command]/usr/bin/git config --local --name-only --get-regexp core\.sshCommand
Status Check - Keycloak CI	UNKNOWN STEP	2025-06-14T01:09:19.2912804Z [command]/usr/bin/git submodule foreach --recursive sh -c "git config --local --name-only --get-regexp 'core\.sshCommand' && git config --local --unset-all 'core.sshCommand' || :"
Status Check - Keycloak CI	UNKNOWN STEP	2025-06-14T01:09:19.3157239Z [command]/usr/bin/git config --local --name-only --get-regexp http\.https\:\/\/github\.com\/\.extraheader
Status Check - Keycloak CI	UNKNOWN STEP	2025-06-14T01:09:19.3180741Z http.https://github.com/.extraheader
Status Check - Keycloak CI	UNKNOWN STEP	2025-06-14T01:09:19.3194626Z [command]/usr/bin/git config --local --unset-all http.https://github.com/.extraheader
Status Check - Keycloak CI	UNKNOWN STEP	2025-06-14T01:09:19.3226404Z [command]/usr/bin/git submodule foreach --recursive sh -c "git config --local --name-only --get-regexp 'http\.https\:\/\/github\.com\/\.extraheader' && git config --local --unset-all 'http.https://github.com/.extraheader' || :"
Status Check - Keycloak CI	UNKNOWN STEP	2025-06-14T01:09:19.3579461Z Cleaning up orphan processes
