Build	Build Keycloak	2023-02-20T05:03:36.1864607Z Prepare all required actions
Build	Build Keycloak	2023-02-20T05:03:36.1864942Z Getting action download info
Build	Build Keycloak	2023-02-20T05:03:36.3884887Z Download action repository 'actions/setup-java@v3' (SHA:3f07048e3d294f56e9b90ac5ea2c6f74e9ad0f98)
Build	Build Keycloak	2023-02-20T05:03:37.0924438Z Download action repository 'actions/upload-artifact@v3' (SHA:0b7f8abb1508181956e8e162db84b466c27e18ce)
Build	Build Keycloak	2023-02-20T05:03:37.6463593Z ##[group]Run ./.github/actions/build-keycloak
Build	Build Keycloak	2023-02-20T05:03:37.6463925Z with:
Build	Build Keycloak	2023-02-20T05:03:37.6464151Z   upload-m2-repo: true
Build	Build Keycloak	2023-02-20T05:03:37.6464442Z   upload-dist: false
Build	Build Keycloak	2023-02-20T05:03:37.6464737Z   jdk-dist: temurin
Build	Build Keycloak	2023-02-20T05:03:37.6464992Z   jdk-version: 11
Build	Build Keycloak	2023-02-20T05:03:37.6465256Z env:
Build	Build Keycloak	2023-02-20T05:03:37.6465518Z   DEFAULT_JDK_VERSION: 11
Build	Build Keycloak	2023-02-20T05:03:37.6465778Z   DEFAULT_JDK_DIST: temurin
Build	Build Keycloak	2023-02-20T05:03:37.6466079Z   SUREFIRE_RERUN_FAILING_COUNT: 2
Build	Build Keycloak	2023-02-20T05:03:37.6466421Z ##[endgroup]
Build	Build Keycloak	2023-02-20T05:03:37.6847134Z ##[group]Run actions/setup-java@v3
Build	Build Keycloak	2023-02-20T05:03:37.6847355Z with:
Build	Build Keycloak	2023-02-20T05:03:37.6847604Z   distribution: temurin
Build	Build Keycloak	2023-02-20T05:03:37.6847801Z   java-version: 11
Build	Build Keycloak	2023-02-20T05:03:37.6848011Z   java-package: jdk
Build	Build Keycloak	2023-02-20T05:03:37.6848226Z   check-latest: false
Build	Build Keycloak	2023-02-20T05:03:37.6848418Z   server-id: github
Build	Build Keycloak	2023-02-20T05:03:37.6848636Z   server-username: GITHUB_ACTOR
Build	Build Keycloak	2023-02-20T05:03:37.6848898Z   server-password: GITHUB_TOKEN
Build	Build Keycloak	2023-02-20T05:03:37.6849121Z   overwrite-settings: true
Build	Build Keycloak	2023-02-20T05:03:37.6849339Z   job-status: success
Build	Build Keycloak	2023-02-20T05:03:37.6849700Z   token: ***
Build	Build Keycloak	2023-02-20T05:03:37.6849868Z env:
Build	Build Keycloak	2023-02-20T05:03:37.6850055Z   DEFAULT_JDK_VERSION: 11
Build	Build Keycloak	2023-02-20T05:03:37.6850276Z   DEFAULT_JDK_DIST: temurin
Build	Build Keycloak	2023-02-20T05:03:37.6850491Z   SUREFIRE_RERUN_FAILING_COUNT: 2
Build	Build Keycloak	2023-02-20T05:03:37.6850708Z ##[endgroup]
Build	Build Keycloak	2023-02-20T05:03:37.8936019Z ##[group]Installed distributions
Build	Build Keycloak	2023-02-20T05:03:37.9007632Z Resolved Java 11.0.18+10 from tool-cache
Build	Build Keycloak	2023-02-20T05:03:37.9009425Z Setting Java 11.0.18+10 as the default
Build	Build Keycloak	2023-02-20T05:03:37.9033200Z Creating toolchains.xml for JDK version 11 from temurin
Build	Build Keycloak	2023-02-20T05:03:37.9138903Z Writing to /home/runner/.m2/toolchains.xml
Build	Build Keycloak	2023-02-20T05:03:37.9141896Z 
Build	Build Keycloak	2023-02-20T05:03:37.9143301Z Java configuration:
Build	Build Keycloak	2023-02-20T05:03:37.9144699Z   Distribution: temurin
Build	Build Keycloak	2023-02-20T05:03:37.9146913Z   Version: 11.0.18+10
Build	Build Keycloak	2023-02-20T05:03:37.9148526Z   Path: /opt/hostedtoolcache/Java_Temurin-Hotspot_jdk/11.0.18-10/x64
Build	Build Keycloak	2023-02-20T05:03:37.9149963Z 
Build	Build Keycloak	2023-02-20T05:03:37.9152018Z ##[endgroup]
Build	Build Keycloak	2023-02-20T05:03:37.9177815Z Creating settings.xml with server-id: github
Build	Build Keycloak	2023-02-20T05:03:37.9195460Z Writing to /home/runner/.m2/settings.xml
Build	Build Keycloak	2023-02-20T05:03:37.9315892Z Prepare all required actions
Build	Build Keycloak	2023-02-20T05:03:37.9316302Z Getting action download info
Build	Build Keycloak	2023-02-20T05:03:38.0947074Z Download action repository 'actions/cache@v3' (SHA:6998d139ddd3e68c71e9e398d8e40b71a2f39812)
Build	Build Keycloak	2023-02-20T05:03:38.7134029Z ##[group]Run ./.github/actions/maven-cache
Build	Build Keycloak	2023-02-20T05:03:38.7134292Z env:
Build	Build Keycloak	2023-02-20T05:03:38.7134494Z   DEFAULT_JDK_VERSION: 11
Build	Build Keycloak	2023-02-20T05:03:38.7134707Z   DEFAULT_JDK_DIST: temurin
Build	Build Keycloak	2023-02-20T05:03:38.7135057Z   SUREFIRE_RERUN_FAILING_COUNT: 2
Build	Build Keycloak	2023-02-20T05:03:38.7135374Z   JAVA_HOME: /opt/hostedtoolcache/Java_Temurin-Hotspot_jdk/11.0.18-10/x64
Build	Build Keycloak	2023-02-20T05:03:38.7135731Z   JAVA_HOME_11_X64: /opt/hostedtoolcache/Java_Temurin-Hotspot_jdk/11.0.18-10/x64
Build	Build Keycloak	2023-02-20T05:03:38.7136013Z ##[endgroup]
Build	Build Keycloak	2023-02-20T05:03:38.7218408Z ##[group]Run echo "key=mvn-`date -u "+%Y-%U"`" >> $GITHUB_OUTPUT
Build	Build Keycloak	2023-02-20T05:03:38.7218812Z [36;1mecho "key=mvn-`date -u "+%Y-%U"`" >> $GITHUB_OUTPUT[0m
Build	Build Keycloak	2023-02-20T05:03:38.7279297Z shell: /usr/bin/bash --noprofile --norc -e -o pipefail {0}
Build	Build Keycloak	2023-02-20T05:03:38.7279583Z env:
Build	Build Keycloak	2023-02-20T05:03:38.7279786Z   DEFAULT_JDK_VERSION: 11
Build	Build Keycloak	2023-02-20T05:03:38.7279998Z   DEFAULT_JDK_DIST: temurin
Build	Build Keycloak	2023-02-20T05:03:38.7280229Z   SUREFIRE_RERUN_FAILING_COUNT: 2
Build	Build Keycloak	2023-02-20T05:03:38.7280538Z   JAVA_HOME: /opt/hostedtoolcache/Java_Temurin-Hotspot_jdk/11.0.18-10/x64
Build	Build Keycloak	2023-02-20T05:03:38.7280890Z   JAVA_HOME_11_X64: /opt/hostedtoolcache/Java_Temurin-Hotspot_jdk/11.0.18-10/x64
Build	Build Keycloak	2023-02-20T05:03:38.7281397Z ##[endgroup]
Build	Build Keycloak	2023-02-20T05:03:38.7485401Z ##[group]Run actions/cache@v3
Build	Build Keycloak	2023-02-20T05:03:38.7485618Z with:
Build	Build Keycloak	2023-02-20T05:03:38.7485808Z   path: ~/.m2/repository
Build	Build Keycloak	2023-02-20T05:03:38.7486006Z   key: mvn-2023-08
Build	Build Keycloak	2023-02-20T05:03:38.7486233Z   enableCrossOsArchive: false
Build	Build Keycloak	2023-02-20T05:03:38.7486481Z   fail-on-cache-miss: false
Build	Build Keycloak	2023-02-20T05:03:38.7486681Z env:
Build	Build Keycloak	2023-02-20T05:03:38.7486869Z   DEFAULT_JDK_VERSION: 11
Build	Build Keycloak	2023-02-20T05:03:38.7487087Z   DEFAULT_JDK_DIST: temurin
Build	Build Keycloak	2023-02-20T05:03:38.7487314Z   SUREFIRE_RERUN_FAILING_COUNT: 2
Build	Build Keycloak	2023-02-20T05:03:38.7487603Z   JAVA_HOME: /opt/hostedtoolcache/Java_Temurin-Hotspot_jdk/11.0.18-10/x64
Build	Build Keycloak	2023-02-20T05:03:38.7487964Z   JAVA_HOME_11_X64: /opt/hostedtoolcache/Java_Temurin-Hotspot_jdk/11.0.18-10/x64
Build	Build Keycloak	2023-02-20T05:03:38.7488241Z ##[endgroup]
Build	Build Keycloak	2023-02-20T05:03:40.2230694Z Received 67108864 of 612480979 (11.0%), 64.0 MBs/sec
Build	Build Keycloak	2023-02-20T05:03:41.2236892Z Received 285212672 of 612480979 (46.6%), 135.9 MBs/sec
Build	Build Keycloak	2023-02-20T05:03:42.2242867Z Received 507510784 of 612480979 (82.9%), 161.3 MBs/sec
Build	Build Keycloak	2023-02-20T05:03:43.1442999Z Received 612480979 of 612480979 (100.0%), 148.9 MBs/sec
Build	Build Keycloak	2023-02-20T05:03:43.1451694Z Cache Size: ~584 MB (612480979 B)
Build	Build Keycloak	2023-02-20T05:03:43.1715389Z [command]/usr/bin/tar -xf /home/runner/work/_temp/7634e418-cb34-4f64-8e13-a43af9939272/cache.tgz -P -C /home/runner/work/keycloak/keycloak -z
Build	Build Keycloak	2023-02-20T05:03:48.8043561Z Cache restored successfully
Build	Build Keycloak	2023-02-20T05:03:49.3837434Z Cache restored from key: mvn-2023-08
Build	Build Keycloak	2023-02-20T05:03:49.3992476Z ##[group]Run if ( stat ~/.m2/repository/org/keycloak &>/dev/null ); then
Build	Build Keycloak	2023-02-20T05:03:49.3992903Z [36;1mif ( stat ~/.m2/repository/org/keycloak &>/dev/null ); then[0m
Build	Build Keycloak	2023-02-20T05:03:49.3993296Z [36;1m  echo "Found org/keycloak artifacts in Maven repository cache"[0m
Build	Build Keycloak	2023-02-20T05:03:49.3993656Z [36;1m  ls ~/.m2/repository/org/keycloak[0m
Build	Build Keycloak	2023-02-20T05:03:49.3993911Z [36;1m  exit 1[0m
Build	Build Keycloak	2023-02-20T05:03:49.3994131Z [36;1mfi[0m
Build	Build Keycloak	2023-02-20T05:03:49.4048294Z shell: /usr/bin/bash --noprofile --norc -e -o pipefail {0}
Build	Build Keycloak	2023-02-20T05:03:49.4048587Z env:
Build	Build Keycloak	2023-02-20T05:03:49.4048779Z   DEFAULT_JDK_VERSION: 11
Build	Build Keycloak	2023-02-20T05:03:49.4049009Z   DEFAULT_JDK_DIST: temurin
Build	Build Keycloak	2023-02-20T05:03:49.4049251Z   SUREFIRE_RERUN_FAILING_COUNT: 2
Build	Build Keycloak	2023-02-20T05:03:49.4049566Z   JAVA_HOME: /opt/hostedtoolcache/Java_Temurin-Hotspot_jdk/11.0.18-10/x64
Build	Build Keycloak	2023-02-20T05:03:49.4049940Z   JAVA_HOME_11_X64: /opt/hostedtoolcache/Java_Temurin-Hotspot_jdk/11.0.18-10/x64
Build	Build Keycloak	2023-02-20T05:03:49.4050214Z ##[endgroup]
Build	Build Keycloak	2023-02-20T05:03:49.4411162Z Found org/keycloak artifacts in Maven repository cache
Build	Build Keycloak	2023-02-20T05:03:49.4425210Z keycloak-common
Build	Build Keycloak	2023-02-20T05:03:49.4426061Z keycloak-operator
Build	Build Keycloak	2023-02-20T05:03:49.4426428Z keycloak-parent
Build	Build Keycloak	2023-02-20T05:03:49.4444435Z ##[error]Process completed with exit code 1.
Status Check - Keycloak CI	Check status	2023-02-20T05:04:03.4208032Z Prepare all required actions
Status Check - Keycloak CI	Check status	2023-02-20T05:04:03.4248308Z ##[group]Run ./.github/actions/checks-job-pass
Status Check - Keycloak CI	Check status	2023-02-20T05:04:03.4248576Z with:
Status Check - Keycloak CI	Check status	2023-02-20T05:04:03.4248758Z   required: true
Status Check - Keycloak CI	Check status	2023-02-20T05:04:03.4248948Z env:
Status Check - Keycloak CI	Check status	2023-02-20T05:04:03.4249130Z   DEFAULT_JDK_VERSION: 11
Status Check - Keycloak CI	Check status	2023-02-20T05:04:03.4249355Z   DEFAULT_JDK_DIST: temurin
Status Check - Keycloak CI	Check status	2023-02-20T05:04:03.4249591Z   SUREFIRE_RERUN_FAILING_COUNT: 2
Status Check - Keycloak CI	Check status	2023-02-20T05:04:03.4249813Z ##[endgroup]
Status Check - Keycloak CI	Check status	2023-02-20T05:04:03.4540536Z ##[group]Run if [ "true" == "false" ]; then
Status Check - Keycloak CI	Check status	2023-02-20T05:04:03.4540895Z [36;1mif [ "true" == "false" ]; then[0m
Status Check - Keycloak CI	Check status	2023-02-20T05:04:03.4541166Z [36;1m  echo "Not required to run, skipping"[0m
Status Check - Keycloak CI	Check status	2023-02-20T05:04:03.4541409Z [36;1melse[0m
Status Check - Keycloak CI	Check status	2023-02-20T05:04:03.4541613Z [36;1m  if [ "" == "success" ]; then[0m
Status Check - Keycloak CI	Check status	2023-02-20T05:04:03.4541841Z [36;1m    echo "Success"[0m
Status Check - Keycloak CI	Check status	2023-02-20T05:04:03.4542050Z [36;1m  else[0m
Status Check - Keycloak CI	Check status	2023-02-20T05:04:03.4542281Z [36;1m    echo "Required to run, but didn't succeed"[0m
Status Check - Keycloak CI	Check status	2023-02-20T05:04:03.4542524Z [36;1m    exit 1[0m
Status Check - Keycloak CI	Check status	2023-02-20T05:04:03.4542776Z [36;1m  fi        [0m
Status Check - Keycloak CI	Check status	2023-02-20T05:04:03.4542971Z [36;1mfi[0m
Status Check - Keycloak CI	Check status	2023-02-20T05:04:03.4600702Z shell: /usr/bin/bash --noprofile --norc -e -o pipefail {0}
Status Check - Keycloak CI	Check status	2023-02-20T05:04:03.4600997Z env:
Status Check - Keycloak CI	Check status	2023-02-20T05:04:03.4601209Z   DEFAULT_JDK_VERSION: 11
Status Check - Keycloak CI	Check status	2023-02-20T05:04:03.4601426Z   DEFAULT_JDK_DIST: temurin
Status Check - Keycloak CI	Check status	2023-02-20T05:04:03.4601667Z   SUREFIRE_RERUN_FAILING_COUNT: 2
Status Check - Keycloak CI	Check status	2023-02-20T05:04:03.4601898Z ##[endgroup]
Status Check - Keycloak CI	Check status	2023-02-20T05:04:03.4761106Z Required to run, but didn't succeed
Status Check - Keycloak CI	Check status	2023-02-20T05:04:03.4775075Z ##[error]Process completed with exit code 1.
