Java Distribution IT (ubuntu-latest, temurin, 17)	Integration test setup	2024-10-11T00:22:56.5084672Z Prepare all required actions
Java Distribution IT (ubuntu-latest, temurin, 17)	Integration test setup	2024-10-11T00:22:56.5085168Z Getting action download info
Java Distribution IT (ubuntu-latest, temurin, 17)	Integration test setup	2024-10-11T00:22:56.6067298Z Download action repository 'actions/download-artifact@v4' (SHA:fa0a91b85d4f404e444e00e005971372dc801d16)
Java Distribution IT (ubuntu-latest, temurin, 17)	Integration test setup	2024-10-11T00:22:56.8704549Z ##[group]Run ./.github/actions/integration-test-setup
Java Distribution IT (ubuntu-latest, temurin, 17)	Integration test setup	2024-10-11T00:22:56.8705161Z with:
Java Distribution IT (ubuntu-latest, temurin, 17)	Integration test setup	2024-10-11T00:22:56.8705485Z   jdk-dist: temurin
Java Distribution IT (ubuntu-latest, temurin, 17)	Integration test setup	2024-10-11T00:22:56.8705791Z   jdk-version: 17
Java Distribution IT (ubuntu-latest, temurin, 17)	Integration test setup	2024-10-11T00:22:56.8706177Z env:
Java Distribution IT (ubuntu-latest, temurin, 17)	Integration test setup	2024-10-11T00:22:56.8707453Z   MAVEN_ARGS: -B -nsu -Daether.connector.http.connectionMaxTtl=25
Java Distribution IT (ubuntu-latest, temurin, 17)	Integration test setup	2024-10-11T00:22:56.8708269Z   SUREFIRE_RERUN_FAILING_COUNT: 2
Java Distribution IT (ubuntu-latest, temurin, 17)	Integration test setup	2024-10-11T00:22:56.8709525Z   SUREFIRE_RETRY: -Dsurefire.rerunFailingTestsCount=2
Java Distribution IT (ubuntu-latest, temurin, 17)	Integration test setup	2024-10-11T00:22:56.8710347Z ##[endgroup]
Java Distribution IT (ubuntu-latest, temurin, 17)	Integration test setup	2024-10-11T00:22:56.8907927Z Prepare all required actions
Java Distribution IT (ubuntu-latest, temurin, 17)	Integration test setup	2024-10-11T00:22:56.8908365Z Getting action download info
Java Distribution IT (ubuntu-latest, temurin, 17)	Integration test setup	2024-10-11T00:22:56.9760957Z Download action repository 'actions/setup-java@v4' (SHA:b36c23c0d998641eff861008f374ee103c25ac73)
Java Distribution IT (ubuntu-latest, temurin, 17)	Integration test setup	2024-10-11T00:22:57.2713631Z ##[group]Run ./.github/actions/java-setup
Java Distribution IT (ubuntu-latest, temurin, 17)	Integration test setup	2024-10-11T00:22:57.2714142Z with:
Java Distribution IT (ubuntu-latest, temurin, 17)	Integration test setup	2024-10-11T00:22:57.2714545Z   distribution: temurin
Java Distribution IT (ubuntu-latest, temurin, 17)	Integration test setup	2024-10-11T00:22:57.2714899Z   java-version: 17
Java Distribution IT (ubuntu-latest, temurin, 17)	Integration test setup	2024-10-11T00:22:57.2715179Z env:
Java Distribution IT (ubuntu-latest, temurin, 17)	Integration test setup	2024-10-11T00:22:57.2715704Z   MAVEN_ARGS: -B -nsu -Daether.connector.http.connectionMaxTtl=25
Java Distribution IT (ubuntu-latest, temurin, 17)	Integration test setup	2024-10-11T00:22:57.2716248Z   SUREFIRE_RERUN_FAILING_COUNT: 2
Java Distribution IT (ubuntu-latest, temurin, 17)	Integration test setup	2024-10-11T00:22:57.2716694Z   SUREFIRE_RETRY: -Dsurefire.rerunFailingTestsCount=2
Java Distribution IT (ubuntu-latest, temurin, 17)	Integration test setup	2024-10-11T00:22:57.2717222Z ##[endgroup]
Java Distribution IT (ubuntu-latest, temurin, 17)	Integration test setup	2024-10-11T00:22:57.2801301Z ##[group]Run actions/setup-java@v4
Java Distribution IT (ubuntu-latest, temurin, 17)	Integration test setup	2024-10-11T00:22:57.2801794Z with:
Java Distribution IT (ubuntu-latest, temurin, 17)	Integration test setup	2024-10-11T00:22:57.2802096Z   distribution: temurin
Java Distribution IT (ubuntu-latest, temurin, 17)	Integration test setup	2024-10-11T00:22:57.2802448Z   java-version: 17
Java Distribution IT (ubuntu-latest, temurin, 17)	Integration test setup	2024-10-11T00:22:57.2802842Z   java-package: jdk
Java Distribution IT (ubuntu-latest, temurin, 17)	Integration test setup	2024-10-11T00:22:57.2803155Z   check-latest: false
Java Distribution IT (ubuntu-latest, temurin, 17)	Integration test setup	2024-10-11T00:22:57.2803548Z   server-id: github
Java Distribution IT (ubuntu-latest, temurin, 17)	Integration test setup	2024-10-11T00:22:57.2803953Z   server-username: GITHUB_ACTOR
Java Distribution IT (ubuntu-latest, temurin, 17)	Integration test setup	2024-10-11T00:22:57.2804334Z   server-password: GITHUB_TOKEN
Java Distribution IT (ubuntu-latest, temurin, 17)	Integration test setup	2024-10-11T00:22:57.2804736Z   overwrite-settings: true
Java Distribution IT (ubuntu-latest, temurin, 17)	Integration test setup	2024-10-11T00:22:57.2805199Z   job-status: success
Java Distribution IT (ubuntu-latest, temurin, 17)	Integration test setup	2024-10-11T00:22:57.2805651Z   token: ***
Java Distribution IT (ubuntu-latest, temurin, 17)	Integration test setup	2024-10-11T00:22:57.2805952Z env:
Java Distribution IT (ubuntu-latest, temurin, 17)	Integration test setup	2024-10-11T00:22:57.2806465Z   MAVEN_ARGS: -B -nsu -Daether.connector.http.connectionMaxTtl=25
Java Distribution IT (ubuntu-latest, temurin, 17)	Integration test setup	2024-10-11T00:22:57.2806972Z   SUREFIRE_RERUN_FAILING_COUNT: 2
Java Distribution IT (ubuntu-latest, temurin, 17)	Integration test setup	2024-10-11T00:22:57.2807437Z   SUREFIRE_RETRY: -Dsurefire.rerunFailingTestsCount=2
Java Distribution IT (ubuntu-latest, temurin, 17)	Integration test setup	2024-10-11T00:22:57.2807981Z ##[endgroup]
Java Distribution IT (ubuntu-latest, temurin, 17)	Integration test setup	2024-10-11T00:22:57.4622228Z ##[group]Installed distributions
Java Distribution IT (ubuntu-latest, temurin, 17)	Integration test setup	2024-10-11T00:22:57.4665427Z Resolved Java 17.0.12+7 from tool-cache
Java Distribution IT (ubuntu-latest, temurin, 17)	Integration test setup	2024-10-11T00:22:57.4666296Z Setting Java 17.0.12+7 as the default
Java Distribution IT (ubuntu-latest, temurin, 17)	Integration test setup	2024-10-11T00:22:57.4680694Z Creating toolchains.xml for JDK version 17 from temurin
Java Distribution IT (ubuntu-latest, temurin, 17)	Integration test setup	2024-10-11T00:22:57.4759395Z Writing to /home/runner/.m2/toolchains.xml
Java Distribution IT (ubuntu-latest, temurin, 17)	Integration test setup	2024-10-11T00:22:57.4760029Z 
Java Distribution IT (ubuntu-latest, temurin, 17)	Integration test setup	2024-10-11T00:22:57.4760404Z Java configuration:
Java Distribution IT (ubuntu-latest, temurin, 17)	Integration test setup	2024-10-11T00:22:57.4761030Z   Distribution: temurin
Java Distribution IT (ubuntu-latest, temurin, 17)	Integration test setup	2024-10-11T00:22:57.4761610Z   Version: 17.0.12+7
Java Distribution IT (ubuntu-latest, temurin, 17)	Integration test setup	2024-10-11T00:22:57.4762848Z   Path: /opt/hostedtoolcache/Java_Temurin-Hotspot_jdk/17.0.12-7/x64
Java Distribution IT (ubuntu-latest, temurin, 17)	Integration test setup	2024-10-11T00:22:57.4763645Z 
Java Distribution IT (ubuntu-latest, temurin, 17)	Integration test setup	2024-10-11T00:22:57.4764286Z ##[endgroup]
Java Distribution IT (ubuntu-latest, temurin, 17)	Integration test setup	2024-10-11T00:22:57.4790395Z Creating settings.xml with server-id: github
Java Distribution IT (ubuntu-latest, temurin, 17)	Integration test setup	2024-10-11T00:22:57.4791593Z Writing to /home/runner/.m2/settings.xml
Java Distribution IT (ubuntu-latest, temurin, 17)	Integration test setup	2024-10-11T00:22:57.4962968Z Prepare all required actions
Java Distribution IT (ubuntu-latest, temurin, 17)	Integration test setup	2024-10-11T00:22:57.4963538Z Getting action download info
Java Distribution IT (ubuntu-latest, temurin, 17)	Integration test setup	2024-10-11T00:22:57.5898493Z Download action repository 'actions/cache@v4' (SHA:3624ceb22c1c5a301c8db4169662070a689d9ea8)
Java Distribution IT (ubuntu-latest, temurin, 17)	Integration test setup	2024-10-11T00:22:57.8501596Z ##[group]Run ./.github/actions/maven-cache
Java Distribution IT (ubuntu-latest, temurin, 17)	Integration test setup	2024-10-11T00:22:57.8501950Z with:
Java Distribution IT (ubuntu-latest, temurin, 17)	Integration test setup	2024-10-11T00:22:57.8502193Z   create-cache-if-it-doesnt-exist: false
Java Distribution IT (ubuntu-latest, temurin, 17)	Integration test setup	2024-10-11T00:22:57.8502527Z env:
Java Distribution IT (ubuntu-latest, temurin, 17)	Integration test setup	2024-10-11T00:22:57.8502862Z   MAVEN_ARGS: -B -nsu -Daether.connector.http.connectionMaxTtl=25
Java Distribution IT (ubuntu-latest, temurin, 17)	Integration test setup	2024-10-11T00:22:57.8503307Z   SUREFIRE_RERUN_FAILING_COUNT: 2
Java Distribution IT (ubuntu-latest, temurin, 17)	Integration test setup	2024-10-11T00:22:57.8503692Z   SUREFIRE_RETRY: -Dsurefire.rerunFailingTestsCount=2
Java Distribution IT (ubuntu-latest, temurin, 17)	Integration test setup	2024-10-11T00:22:57.8504218Z   JAVA_HOME: /opt/hostedtoolcache/Java_Temurin-Hotspot_jdk/17.0.12-7/x64
Java Distribution IT (ubuntu-latest, temurin, 17)	Integration test setup	2024-10-11T00:22:57.8505043Z   JAVA_HOME_17_X64: /opt/hostedtoolcache/Java_Temurin-Hotspot_jdk/17.0.12-7/x64
Java Distribution IT (ubuntu-latest, temurin, 17)	Integration test setup	2024-10-11T00:22:57.8505506Z ##[endgroup]
Java Distribution IT (ubuntu-latest, temurin, 17)	Integration test setup	2024-10-11T00:22:57.8559688Z ##[group]Run echo "key=mvn-`date -u "+%Y-%U"`" >> $GITHUB_OUTPUT
Java Distribution IT (ubuntu-latest, temurin, 17)	Integration test setup	2024-10-11T00:22:57.8560322Z [36;1mecho "key=mvn-`date -u "+%Y-%U"`" >> $GITHUB_OUTPUT[0m
Java Distribution IT (ubuntu-latest, temurin, 17)	Integration test setup	2024-10-11T00:22:57.8687026Z shell: /usr/bin/bash --noprofile --norc -e -o pipefail {0}
Java Distribution IT (ubuntu-latest, temurin, 17)	Integration test setup	2024-10-11T00:22:57.8687486Z env:
Java Distribution IT (ubuntu-latest, temurin, 17)	Integration test setup	2024-10-11T00:22:57.8687864Z   MAVEN_ARGS: -B -nsu -Daether.connector.http.connectionMaxTtl=25
Java Distribution IT (ubuntu-latest, temurin, 17)	Integration test setup	2024-10-11T00:22:57.8688358Z   SUREFIRE_RERUN_FAILING_COUNT: 2
Java Distribution IT (ubuntu-latest, temurin, 17)	Integration test setup	2024-10-11T00:22:57.8689009Z   SUREFIRE_RETRY: -Dsurefire.rerunFailingTestsCount=2
Java Distribution IT (ubuntu-latest, temurin, 17)	Integration test setup	2024-10-11T00:22:57.8689580Z   JAVA_HOME: /opt/hostedtoolcache/Java_Temurin-Hotspot_jdk/17.0.12-7/x64
Java Distribution IT (ubuntu-latest, temurin, 17)	Integration test setup	2024-10-11T00:22:57.8690302Z   JAVA_HOME_17_X64: /opt/hostedtoolcache/Java_Temurin-Hotspot_jdk/17.0.12-7/x64
Java Distribution IT (ubuntu-latest, temurin, 17)	Integration test setup	2024-10-11T00:22:57.8690809Z ##[endgroup]
Java Distribution IT (ubuntu-latest, temurin, 17)	Integration test setup	2024-10-11T00:22:57.8915643Z ##[group]Run actions/cache/restore@v4
Java Distribution IT (ubuntu-latest, temurin, 17)	Integration test setup	2024-10-11T00:22:57.8916035Z with:
Java Distribution IT (ubuntu-latest, temurin, 17)	Integration test setup	2024-10-11T00:22:57.8916359Z   path: ~/.m2/repository/*/*
Java Distribution IT (ubuntu-latest, temurin, 17)	Integration test setup	!~/.m2/repository/org/keycloak
Java Distribution IT (ubuntu-latest, temurin, 17)	Integration test setup	
Java Distribution IT (ubuntu-latest, temurin, 17)	Integration test setup	2024-10-11T00:22:57.8916776Z   key: mvn-2024-40
Java Distribution IT (ubuntu-latest, temurin, 17)	Integration test setup	2024-10-11T00:22:57.8917079Z   enableCrossOsArchive: true
Java Distribution IT (ubuntu-latest, temurin, 17)	Integration test setup	2024-10-11T00:22:57.8917394Z   fail-on-cache-miss: false
Java Distribution IT (ubuntu-latest, temurin, 17)	Integration test setup	2024-10-11T00:22:57.8917701Z   lookup-only: false
Java Distribution IT (ubuntu-latest, temurin, 17)	Integration test setup	2024-10-11T00:22:57.8917964Z env:
Java Distribution IT (ubuntu-latest, temurin, 17)	Integration test setup	2024-10-11T00:22:57.8918316Z   MAVEN_ARGS: -B -nsu -Daether.connector.http.connectionMaxTtl=25
Java Distribution IT (ubuntu-latest, temurin, 17)	Integration test setup	2024-10-11T00:22:57.8918767Z   SUREFIRE_RERUN_FAILING_COUNT: 2
Java Distribution IT (ubuntu-latest, temurin, 17)	Integration test setup	2024-10-11T00:22:57.8919168Z   SUREFIRE_RETRY: -Dsurefire.rerunFailingTestsCount=2
Java Distribution IT (ubuntu-latest, temurin, 17)	Integration test setup	2024-10-11T00:22:57.8919774Z   JAVA_HOME: /opt/hostedtoolcache/Java_Temurin-Hotspot_jdk/17.0.12-7/x64
Java Distribution IT (ubuntu-latest, temurin, 17)	Integration test setup	2024-10-11T00:22:57.8920411Z   JAVA_HOME_17_X64: /opt/hostedtoolcache/Java_Temurin-Hotspot_jdk/17.0.12-7/x64
Java Distribution IT (ubuntu-latest, temurin, 17)	Integration test setup	2024-10-11T00:22:57.8920909Z ##[endgroup]
Java Distribution IT (ubuntu-latest, temurin, 17)	Integration test setup	2024-10-11T00:22:59.1388604Z Received 343932928 of 585096962 (58.8%), 327.3 MBs/sec
Java Distribution IT (ubuntu-latest, temurin, 17)	Integration test setup	2024-10-11T00:22:59.7512669Z Cache Size: ~558 MB (585096962 B)
Java Distribution IT (ubuntu-latest, temurin, 17)	Integration test setup	2024-10-11T00:22:59.7608616Z [command]/usr/bin/tar -xf /home/runner/work/_temp/d7f746b7-e0dc-4786-8498-f6e480420f57/cache.tzst -P -C /home/runner/work/keycloak/keycloak --use-compress-program unzstd
Java Distribution IT (ubuntu-latest, temurin, 17)	Integration test setup	2024-10-11T00:23:00.1406445Z Received 585096962 of 585096962 (100.0%), 278.4 MBs/sec
Java Distribution IT (ubuntu-latest, temurin, 17)	Integration test setup	2024-10-11T00:23:01.8135525Z Cache restored successfully
Java Distribution IT (ubuntu-latest, temurin, 17)	Integration test setup	2024-10-11T00:23:01.9743979Z Cache restored from key: mvn-2024-40
Java Distribution IT (ubuntu-latest, temurin, 17)	Integration test setup	2024-10-11T00:23:01.9970916Z Prepare all required actions
Java Distribution IT (ubuntu-latest, temurin, 17)	Integration test setup	2024-10-11T00:23:01.9971282Z Getting action download info
Java Distribution IT (ubuntu-latest, temurin, 17)	Integration test setup	2024-10-11T00:23:02.0865381Z ##[group]Run ./.github/actions/frontend-plugin-cache
Java Distribution IT (ubuntu-latest, temurin, 17)	Integration test setup	2024-10-11T00:23:02.0865780Z env:
Java Distribution IT (ubuntu-latest, temurin, 17)	Integration test setup	2024-10-11T00:23:02.0866130Z   MAVEN_ARGS: -B -nsu -Daether.connector.http.connectionMaxTtl=25
Java Distribution IT (ubuntu-latest, temurin, 17)	Integration test setup	2024-10-11T00:23:02.0866867Z   SUREFIRE_RERUN_FAILING_COUNT: 2
Java Distribution IT (ubuntu-latest, temurin, 17)	Integration test setup	2024-10-11T00:23:02.0867275Z   SUREFIRE_RETRY: -Dsurefire.rerunFailingTestsCount=2
Java Distribution IT (ubuntu-latest, temurin, 17)	Integration test setup	2024-10-11T00:23:02.0867832Z   JAVA_HOME: /opt/hostedtoolcache/Java_Temurin-Hotspot_jdk/17.0.12-7/x64
Java Distribution IT (ubuntu-latest, temurin, 17)	Integration test setup	2024-10-11T00:23:02.0868469Z   JAVA_HOME_17_X64: /opt/hostedtoolcache/Java_Temurin-Hotspot_jdk/17.0.12-7/x64
Java Distribution IT (ubuntu-latest, temurin, 17)	Integration test setup	2024-10-11T00:23:02.0868988Z ##[endgroup]
Java Distribution IT (ubuntu-latest, temurin, 17)	Integration test setup	2024-10-11T00:23:02.0885639Z ##[group]Run echo "version=$(mvn help:evaluate -Dexpression=pnpm.version -q -DforceStdout)" >> $GITHUB_OUTPUT
Java Distribution IT (ubuntu-latest, temurin, 17)	Integration test setup	2024-10-11T00:23:02.0886552Z [36;1mecho "version=$(mvn help:evaluate -Dexpression=pnpm.version -q -DforceStdout)" >> $GITHUB_OUTPUT[0m
Java Distribution IT (ubuntu-latest, temurin, 17)	Integration test setup	2024-10-11T00:23:02.0943832Z shell: /usr/bin/bash --noprofile --norc -e -o pipefail {0}
Java Distribution IT (ubuntu-latest, temurin, 17)	Integration test setup	2024-10-11T00:23:02.0944300Z env:
Java Distribution IT (ubuntu-latest, temurin, 17)	Integration test setup	2024-10-11T00:23:02.0944657Z   MAVEN_ARGS: -B -nsu -Daether.connector.http.connectionMaxTtl=25
Java Distribution IT (ubuntu-latest, temurin, 17)	Integration test setup	2024-10-11T00:23:02.0945191Z   SUREFIRE_RERUN_FAILING_COUNT: 2
Java Distribution IT (ubuntu-latest, temurin, 17)	Integration test setup	2024-10-11T00:23:02.0945616Z   SUREFIRE_RETRY: -Dsurefire.rerunFailingTestsCount=2
Java Distribution IT (ubuntu-latest, temurin, 17)	Integration test setup	2024-10-11T00:23:02.0946225Z   JAVA_HOME: /opt/hostedtoolcache/Java_Temurin-Hotspot_jdk/17.0.12-7/x64
Java Distribution IT (ubuntu-latest, temurin, 17)	Integration test setup	2024-10-11T00:23:02.0947133Z   JAVA_HOME_17_X64: /opt/hostedtoolcache/Java_Temurin-Hotspot_jdk/17.0.12-7/x64
Java Distribution IT (ubuntu-latest, temurin, 17)	Integration test setup	2024-10-11T00:23:02.0947617Z ##[endgroup]
Java Distribution IT (ubuntu-latest, temurin, 17)	Integration test setup	2024-10-11T00:32:07.1338775Z ##[error]Unable to process file command 'output' successfully.
Java Distribution IT (ubuntu-latest, temurin, 17)	Integration test setup	2024-10-11T00:32:07.1343074Z ##[error]Invalid format '[ERROR] Non-resolvable import POM: Could not transfer artifact org.infinispan:infinispan-bom:pom:15.0.10.Final from/to central (https://repo.maven.apache.org/maven2): transfer failed for https://repo.maven.apache.org/maven2/org/infinispan/infinispan-bom/15.0.10.Final/infinispan-bom-15.0.10.Final.pom @ line 314, column 25'
Status Check - Keycloak CI	Run /./.github/actions/status-check	2024-10-11T01:23:32.6927915Z Prepare all required actions
Status Check - Keycloak CI	Run /./.github/actions/status-check	2024-10-11T01:23:32.7018583Z ##[group]Run ./.github/actions/status-check
Status Check - Keycloak CI	Run /./.github/actions/status-check	2024-10-11T01:23:32.7019084Z with:
Status Check - Keycloak CI	Run /./.github/actions/status-check	2024-10-11T01:23:32.7023791Z   jobs: {
Status Check - Keycloak CI	Run /./.github/actions/status-check	  "conditional": {
Status Check - Keycloak CI	Run /./.github/actions/status-check	    "result": "success",
Status Check - Keycloak CI	Run /./.github/actions/status-check	    "outputs": {
Status Check - Keycloak CI	Run /./.github/actions/status-check	      "ci": "true",
Status Check - Keycloak CI	Run /./.github/actions/status-check	      "ci-aurora": "true",
Status Check - Keycloak CI	Run /./.github/actions/status-check	      "ci-quarkus": "true",
Status Check - Keycloak CI	Run /./.github/actions/status-check	      "ci-sssd": "true",
Status Check - Keycloak CI	Run /./.github/actions/status-check	      "ci-store": "true",
Status Check - Keycloak CI	Run /./.github/actions/status-check	      "ci-test-poc": "true",
Status Check - Keycloak CI	Run /./.github/actions/status-check	      "ci-webauthn": "true"
Status Check - Keycloak CI	Run /./.github/actions/status-check	    }
Status Check - Keycloak CI	Run /./.github/actions/status-check	  },
Status Check - Keycloak CI	Run /./.github/actions/status-check	  "build": {
Status Check - Keycloak CI	Run /./.github/actions/status-check	    "result": "success",
Status Check - Keycloak CI	Run /./.github/actions/status-check	    "outputs": {}
Status Check - Keycloak CI	Run /./.github/actions/status-check	  },
Status Check - Keycloak CI	Run /./.github/actions/status-check	  "unit-tests": {
Status Check - Keycloak CI	Run /./.github/actions/status-check	    "result": "success",
Status Check - Keycloak CI	Run /./.github/actions/status-check	    "outputs": {}
Status Check - Keycloak CI	Run /./.github/actions/status-check	  },
Status Check - Keycloak CI	Run /./.github/actions/status-check	  "base-integration-tests": {
Status Check - Keycloak CI	Run /./.github/actions/status-check	    "result": "success",
Status Check - Keycloak CI	Run /./.github/actions/status-check	    "outputs": {}
Status Check - Keycloak CI	Run /./.github/actions/status-check	  },
Status Check - Keycloak CI	Run /./.github/actions/status-check	  "adapter-integration-tests": {
Status Check - Keycloak CI	Run /./.github/actions/status-check	    "result": "success",
Status Check - Keycloak CI	Run /./.github/actions/status-check	    "outputs": {}
Status Check - Keycloak CI	Run /./.github/actions/status-check	  },
Status Check - Keycloak CI	Run /./.github/actions/status-check	  "quarkus-unit-tests": {
Status Check - Keycloak CI	Run /./.github/actions/status-check	    "result": "success",
Status Check - Keycloak CI	Run /./.github/actions/status-check	    "outputs": {}
Status Check - Keycloak CI	Run /./.github/actions/status-check	  },
Status Check - Keycloak CI	Run /./.github/actions/status-check	  "quarkus-integration-tests": {
Status Check - Keycloak CI	Run /./.github/actions/status-check	    "result": "success",
Status Check - Keycloak CI	Run /./.github/actions/status-check	    "outputs": {}
Status Check - Keycloak CI	Run /./.github/actions/status-check	  },
Status Check - Keycloak CI	Run /./.github/actions/status-check	  "jdk-integration-tests": {
Status Check - Keycloak CI	Run /./.github/actions/status-check	    "result": "failure",
Status Check - Keycloak CI	Run /./.github/actions/status-check	    "outputs": {}
Status Check - Keycloak CI	Run /./.github/actions/status-check	  },
Status Check - Keycloak CI	Run /./.github/actions/status-check	  "store-integration-tests": {
Status Check - Keycloak CI	Run /./.github/actions/status-check	    "result": "success",
Status Check - Keycloak CI	Run /./.github/actions/status-check	    "outputs": {}
Status Check - Keycloak CI	Run /./.github/actions/status-check	  },
Status Check - Keycloak CI	Run /./.github/actions/status-check	  "volatile-sessions-tests": {
Status Check - Keycloak CI	Run /./.github/actions/status-check	    "result": "success",
Status Check - Keycloak CI	Run /./.github/actions/status-check	    "outputs": {}
Status Check - Keycloak CI	Run /./.github/actions/status-check	  },
Status Check - Keycloak CI	Run /./.github/actions/status-check	  "store-model-tests": {
Status Check - Keycloak CI	Run /./.github/actions/status-check	    "result": "success",
Status Check - Keycloak CI	Run /./.github/actions/status-check	    "outputs": {}
Status Check - Keycloak CI	Run /./.github/actions/status-check	  },
Status Check - Keycloak CI	Run /./.github/actions/status-check	  "clustering-integration-tests": {
Status Check - Keycloak CI	Run /./.github/actions/status-check	    "result": "success",
Status Check - Keycloak CI	Run /./.github/actions/status-check	    "outputs": {}
Status Check - Keycloak CI	Run /./.github/actions/status-check	  },
Status Check - Keycloak CI	Run /./.github/actions/status-check	  "fips-unit-tests": {
Status Check - Keycloak CI	Run /./.github/actions/status-check	    "result": "success",
Status Check - Keycloak CI	Run /./.github/actions/status-check	    "outputs": {}
Status Check - Keycloak CI	Run /./.github/actions/status-check	  },
Status Check - Keycloak CI	Run /./.github/actions/status-check	  "fips-integration-tests": {
Status Check - Keycloak CI	Run /./.github/actions/status-check	    "result": "success",
Status Check - Keycloak CI	Run /./.github/actions/status-check	    "outputs": {}
Status Check - Keycloak CI	Run /./.github/actions/status-check	  },
Status Check - Keycloak CI	Run /./.github/actions/status-check	  "forms-integration-tests": {
Status Check - Keycloak CI	Run /./.github/actions/status-check	    "result": "success",
Status Check - Keycloak CI	Run /./.github/actions/status-check	    "outputs": {}
Status Check - Keycloak CI	Run /./.github/actions/status-check	  },
Status Check - Keycloak CI	Run /./.github/actions/status-check	  "webauthn-integration-tests": {
Status Check - Keycloak CI	Run /./.github/actions/status-check	    "result": "success",
Status Check - Keycloak CI	Run /./.github/actions/status-check	    "outputs": {}
Status Check - Keycloak CI	Run /./.github/actions/status-check	  },
Status Check - Keycloak CI	Run /./.github/actions/status-check	  "sssd-unit-tests": {
Status Check - Keycloak CI	Run /./.github/actions/status-check	    "result": "success",
Status Check - Keycloak CI	Run /./.github/actions/status-check	    "outputs": {}
Status Check - Keycloak CI	Run /./.github/actions/status-check	  },
Status Check - Keycloak CI	Run /./.github/actions/status-check	  "migration-tests": {
Status Check - Keycloak CI	Run /./.github/actions/status-check	    "result": "success",
Status Check - Keycloak CI	Run /./.github/actions/status-check	    "outputs": {}
Status Check - Keycloak CI	Run /./.github/actions/status-check	  },
Status Check - Keycloak CI	Run /./.github/actions/status-check	  "external-infinispan-tests": {
Status Check - Keycloak CI	Run /./.github/actions/status-check	    "result": "success",
Status Check - Keycloak CI	Run /./.github/actions/status-check	    "outputs": {}
Status Check - Keycloak CI	Run /./.github/actions/status-check	  },
Status Check - Keycloak CI	Run /./.github/actions/status-check	  "test-poc": {
Status Check - Keycloak CI	Run /./.github/actions/status-check	    "result": "success",
Status Check - Keycloak CI	Run /./.github/actions/status-check	    "outputs": {}
Status Check - Keycloak CI	Run /./.github/actions/status-check	  }
Status Check - Keycloak CI	Run /./.github/actions/status-check	}
Status Check - Keycloak CI	Run /./.github/actions/status-check	2024-10-11T01:23:32.7029382Z env:
Status Check - Keycloak CI	Run /./.github/actions/status-check	2024-10-11T01:23:32.7029923Z   MAVEN_ARGS: -B -nsu -Daether.connector.http.connectionMaxTtl=25
Status Check - Keycloak CI	Run /./.github/actions/status-check	2024-10-11T01:23:32.7030463Z   SUREFIRE_RERUN_FAILING_COUNT: 2
Status Check - Keycloak CI	Run /./.github/actions/status-check	2024-10-11T01:23:32.7030975Z   SUREFIRE_RETRY: -Dsurefire.rerunFailingTestsCount=2
Status Check - Keycloak CI	Run /./.github/actions/status-check	2024-10-11T01:23:32.7031527Z ##[endgroup]
Status Check - Keycloak CI	Run /./.github/actions/status-check	2024-10-11T01:23:32.7288138Z ##[group]Run JOBS='{
Status Check - Keycloak CI	Run /./.github/actions/status-check	2024-10-11T01:23:32.7288874Z [36;1mJOBS='{[0m
Status Check - Keycloak CI	Run /./.github/actions/status-check	2024-10-11T01:23:32.7289255Z [36;1m  "conditional": {[0m
Status Check - Keycloak CI	Run /./.github/actions/status-check	2024-10-11T01:23:32.7289653Z [36;1m    "result": "success",[0m
Status Check - Keycloak CI	Run /./.github/actions/status-check	2024-10-11T01:23:32.7290162Z [36;1m    "outputs": {[0m
Status Check - Keycloak CI	Run /./.github/actions/status-check	2024-10-11T01:23:32.7290542Z [36;1m      "ci": "true",[0m
Status Check - Keycloak CI	Run /./.github/actions/status-check	2024-10-11T01:23:32.7290928Z [36;1m      "ci-aurora": "true",[0m
Status Check - Keycloak CI	Run /./.github/actions/status-check	2024-10-11T01:23:32.7291443Z [36;1m      "ci-quarkus": "true",[0m
Status Check - Keycloak CI	Run /./.github/actions/status-check	2024-10-11T01:23:32.7291879Z [36;1m      "ci-sssd": "true",[0m
Status Check - Keycloak CI	Run /./.github/actions/status-check	2024-10-11T01:23:32.7292269Z [36;1m      "ci-store": "true",[0m
Status Check - Keycloak CI	Run /./.github/actions/status-check	2024-10-11T01:23:32.7292750Z [36;1m      "ci-test-poc": "true",[0m
Status Check - Keycloak CI	Run /./.github/actions/status-check	2024-10-11T01:23:32.7293194Z [36;1m      "ci-webauthn": "true"[0m
Status Check - Keycloak CI	Run /./.github/actions/status-check	2024-10-11T01:23:32.7293624Z [36;1m    }[0m
Status Check - Keycloak CI	Run /./.github/actions/status-check	2024-10-11T01:23:32.7294008Z [36;1m  },[0m
Status Check - Keycloak CI	Run /./.github/actions/status-check	2024-10-11T01:23:32.7294344Z [36;1m  "build": {[0m
Status Check - Keycloak CI	Run /./.github/actions/status-check	2024-10-11T01:23:32.7294675Z [36;1m    "result": "success",[0m
Status Check - Keycloak CI	Run /./.github/actions/status-check	2024-10-11T01:23:32.7295196Z [36;1m    "outputs": {}[0m
Status Check - Keycloak CI	Run /./.github/actions/status-check	2024-10-11T01:23:32.7295577Z [36;1m  },[0m
Status Check - Keycloak CI	Run /./.github/actions/status-check	2024-10-11T01:23:32.7295862Z [36;1m  "unit-tests": {[0m
Status Check - Keycloak CI	Run /./.github/actions/status-check	2024-10-11T01:23:32.7296307Z [36;1m    "result": "success",[0m
Status Check - Keycloak CI	Run /./.github/actions/status-check	2024-10-11T01:23:32.7296719Z [36;1m    "outputs": {}[0m
Status Check - Keycloak CI	Run /./.github/actions/status-check	2024-10-11T01:23:32.7297028Z [36;1m  },[0m
Status Check - Keycloak CI	Run /./.github/actions/status-check	2024-10-11T01:23:32.7297436Z [36;1m  "base-integration-tests": {[0m
Status Check - Keycloak CI	Run /./.github/actions/status-check	2024-10-11T01:23:32.7297883Z [36;1m    "result": "success",[0m
Status Check - Keycloak CI	Run /./.github/actions/status-check	2024-10-11T01:23:32.7298312Z [36;1m    "outputs": {}[0m
Status Check - Keycloak CI	Run /./.github/actions/status-check	2024-10-11T01:23:32.7298751Z [36;1m  },[0m
Status Check - Keycloak CI	Run /./.github/actions/status-check	2024-10-11T01:23:32.7299124Z [36;1m  "adapter-integration-tests": {[0m
Status Check - Keycloak CI	Run /./.github/actions/status-check	2024-10-11T01:23:32.7299537Z [36;1m    "result": "success",[0m
Status Check - Keycloak CI	Run /./.github/actions/status-check	2024-10-11T01:23:32.7300020Z [36;1m    "outputs": {}[0m
Status Check - Keycloak CI	Run /./.github/actions/status-check	2024-10-11T01:23:32.7300381Z [36;1m  },[0m
Status Check - Keycloak CI	Run /./.github/actions/status-check	2024-10-11T01:23:32.7300678Z [36;1m  "quarkus-unit-tests": {[0m
Status Check - Keycloak CI	Run /./.github/actions/status-check	2024-10-11T01:23:32.7301182Z [36;1m    "result": "success",[0m
Status Check - Keycloak CI	Run /./.github/actions/status-check	2024-10-11T01:23:32.7301877Z [36;1m    "outputs": {}[0m
Status Check - Keycloak CI	Run /./.github/actions/status-check	2024-10-11T01:23:32.7302196Z [36;1m  },[0m
Status Check - Keycloak CI	Run /./.github/actions/status-check	2024-10-11T01:23:32.7302644Z [36;1m  "quarkus-integration-tests": {[0m
Status Check - Keycloak CI	Run /./.github/actions/status-check	2024-10-11T01:23:32.7303153Z [36;1m    "result": "success",[0m
Status Check - Keycloak CI	Run /./.github/actions/status-check	2024-10-11T01:23:32.7303524Z [36;1m    "outputs": {}[0m
Status Check - Keycloak CI	Run /./.github/actions/status-check	2024-10-11T01:23:32.7303940Z [36;1m  },[0m
Status Check - Keycloak CI	Run /./.github/actions/status-check	2024-10-11T01:23:32.7304283Z [36;1m  "jdk-integration-tests": {[0m
Status Check - Keycloak CI	Run /./.github/actions/status-check	2024-10-11T01:23:32.7304684Z [36;1m    "result": "failure",[0m
Status Check - Keycloak CI	Run /./.github/actions/status-check	2024-10-11T01:23:32.7305141Z [36;1m    "outputs": {}[0m
Status Check - Keycloak CI	Run /./.github/actions/status-check	2024-10-11T01:23:32.7305496Z [36;1m  },[0m
Status Check - Keycloak CI	Run /./.github/actions/status-check	2024-10-11T01:23:32.7305822Z [36;1m  "store-integration-tests": {[0m
Status Check - Keycloak CI	Run /./.github/actions/status-check	2024-10-11T01:23:32.7306523Z [36;1m    "result": "success",[0m
Status Check - Keycloak CI	Run /./.github/actions/status-check	2024-10-11T01:23:32.7306941Z [36;1m    "outputs": {}[0m
Status Check - Keycloak CI	Run /./.github/actions/status-check	2024-10-11T01:23:32.7307259Z [36;1m  },[0m
Status Check - Keycloak CI	Run /./.github/actions/status-check	2024-10-11T01:23:32.7307670Z [36;1m  "volatile-sessions-tests": {[0m
Status Check - Keycloak CI	Run /./.github/actions/status-check	2024-10-11T01:23:32.7308186Z [36;1m    "result": "success",[0m
Status Check - Keycloak CI	Run /./.github/actions/status-check	2024-10-11T01:23:32.7308541Z [36;1m    "outputs": {}[0m
Status Check - Keycloak CI	Run /./.github/actions/status-check	2024-10-11T01:23:32.7309085Z [36;1m  },[0m
Status Check - Keycloak CI	Run /./.github/actions/status-check	2024-10-11T01:23:32.7309447Z [36;1m  "store-model-tests": {[0m
Status Check - Keycloak CI	Run /./.github/actions/status-check	2024-10-11T01:23:32.7309934Z [36;1m    "result": "success",[0m
Status Check - Keycloak CI	Run /./.github/actions/status-check	2024-10-11T01:23:32.7310357Z [36;1m    "outputs": {}[0m
Status Check - Keycloak CI	Run /./.github/actions/status-check	2024-10-11T01:23:32.7310738Z [36;1m  },[0m
Status Check - Keycloak CI	Run /./.github/actions/status-check	2024-10-11T01:23:32.7311107Z [36;1m  "clustering-integration-tests": {[0m
Status Check - Keycloak CI	Run /./.github/actions/status-check	2024-10-11T01:23:32.7311629Z [36;1m    "result": "success",[0m
Status Check - Keycloak CI	Run /./.github/actions/status-check	2024-10-11T01:23:32.7312036Z [36;1m    "outputs": {}[0m
Status Check - Keycloak CI	Run /./.github/actions/status-check	2024-10-11T01:23:32.7312391Z [36;1m  },[0m
Status Check - Keycloak CI	Run /./.github/actions/status-check	2024-10-11T01:23:32.7312973Z [36;1m  "fips-unit-tests": {[0m
Status Check - Keycloak CI	Run /./.github/actions/status-check	2024-10-11T01:23:32.7313402Z [36;1m    "result": "success",[0m
Status Check - Keycloak CI	Run /./.github/actions/status-check	2024-10-11T01:23:32.7313790Z [36;1m    "outputs": {}[0m
Status Check - Keycloak CI	Run /./.github/actions/status-check	2024-10-11T01:23:32.7314207Z [36;1m  },[0m
Status Check - Keycloak CI	Run /./.github/actions/status-check	2024-10-11T01:23:32.7314557Z [36;1m  "fips-integration-tests": {[0m
Status Check - Keycloak CI	Run /./.github/actions/status-check	2024-10-11T01:23:32.7314981Z [36;1m    "result": "success",[0m
Status Check - Keycloak CI	Run /./.github/actions/status-check	2024-10-11T01:23:32.7315413Z [36;1m    "outputs": {}[0m
Status Check - Keycloak CI	Run /./.github/actions/status-check	2024-10-11T01:23:32.7315767Z [36;1m  },[0m
Status Check - Keycloak CI	Run /./.github/actions/status-check	2024-10-11T01:23:32.7316127Z [36;1m  "forms-integration-tests": {[0m
Status Check - Keycloak CI	Run /./.github/actions/status-check	2024-10-11T01:23:32.7316600Z [36;1m    "result": "success",[0m
Status Check - Keycloak CI	Run /./.github/actions/status-check	2024-10-11T01:23:32.7316998Z [36;1m    "outputs": {}[0m
Status Check - Keycloak CI	Run /./.github/actions/status-check	2024-10-11T01:23:32.7317365Z [36;1m  },[0m
Status Check - Keycloak CI	Run /./.github/actions/status-check	2024-10-11T01:23:32.7317832Z [36;1m  "webauthn-integration-tests": {[0m
Status Check - Keycloak CI	Run /./.github/actions/status-check	2024-10-11T01:23:32.7318294Z [36;1m    "result": "success",[0m
Status Check - Keycloak CI	Run /./.github/actions/status-check	2024-10-11T01:23:32.7318705Z [36;1m    "outputs": {}[0m
Status Check - Keycloak CI	Run /./.github/actions/status-check	2024-10-11T01:23:32.7319136Z [36;1m  },[0m
Status Check - Keycloak CI	Run /./.github/actions/status-check	2024-10-11T01:23:32.7319429Z [36;1m  "sssd-unit-tests": {[0m
Status Check - Keycloak CI	Run /./.github/actions/status-check	2024-10-11T01:23:32.7319839Z [36;1m    "result": "success",[0m
Status Check - Keycloak CI	Run /./.github/actions/status-check	2024-10-11T01:23:32.7320290Z [36;1m    "outputs": {}[0m
Status Check - Keycloak CI	Run /./.github/actions/status-check	2024-10-11T01:23:32.7320602Z [36;1m  },[0m
Status Check - Keycloak CI	Run /./.github/actions/status-check	2024-10-11T01:23:32.7320945Z [36;1m  "migration-tests": {[0m
Status Check - Keycloak CI	Run /./.github/actions/status-check	2024-10-11T01:23:32.7321402Z [36;1m    "result": "success",[0m
Status Check - Keycloak CI	Run /./.github/actions/status-check	2024-10-11T01:23:32.7321752Z [36;1m    "outputs": {}[0m
Status Check - Keycloak CI	Run /./.github/actions/status-check	2024-10-11T01:23:32.7322119Z [36;1m  },[0m
Status Check - Keycloak CI	Run /./.github/actions/status-check	2024-10-11T01:23:32.7322612Z [36;1m  "external-infinispan-tests": {[0m
Status Check - Keycloak CI	Run /./.github/actions/status-check	2024-10-11T01:23:32.7323031Z [36;1m    "result": "success",[0m
Status Check - Keycloak CI	Run /./.github/actions/status-check	2024-10-11T01:23:32.7323418Z [36;1m    "outputs": {}[0m
Status Check - Keycloak CI	Run /./.github/actions/status-check	2024-10-11T01:23:32.7323828Z [36;1m  },[0m
Status Check - Keycloak CI	Run /./.github/actions/status-check	2024-10-11T01:23:32.7324131Z [36;1m  "test-poc": {[0m
Status Check - Keycloak CI	Run /./.github/actions/status-check	2024-10-11T01:23:32.7324499Z [36;1m    "result": "success",[0m
Status Check - Keycloak CI	Run /./.github/actions/status-check	2024-10-11T01:23:32.7324946Z [36;1m    "outputs": {}[0m
Status Check - Keycloak CI	Run /./.github/actions/status-check	2024-10-11T01:23:32.7325280Z [36;1m  }[0m
Status Check - Keycloak CI	Run /./.github/actions/status-check	2024-10-11T01:23:32.7325581Z [36;1m}'[0m
Status Check - Keycloak CI	Run /./.github/actions/status-check	2024-10-11T01:23:32.7325950Z [36;1m[0m
Status Check - Keycloak CI	Run /./.github/actions/status-check	2024-10-11T01:23:32.7326248Z [36;1mecho "Job status:"[0m
Status Check - Keycloak CI	Run /./.github/actions/status-check	2024-10-11T01:23:32.7326843Z [36;1mecho $JOBS | jq -r 'to_entries[] | " - \(.key): \(.value.result)"'[0m
Status Check - Keycloak CI	Run /./.github/actions/status-check	2024-10-11T01:23:32.7327467Z [36;1m[0m
Status Check - Keycloak CI	Run /./.github/actions/status-check	2024-10-11T01:23:32.7327878Z [36;1mfor i in $(echo $JOBS | jq -r 'to_entries[] | .value.result'); do[0m
Status Check - Keycloak CI	Run /./.github/actions/status-check	2024-10-11T01:23:32.7328525Z [36;1m  if [ "$i" != "success" ] && [ "$i" != "skipped" ]; then[0m
Status Check - Keycloak CI	Run /./.github/actions/status-check	2024-10-11T01:23:32.7329096Z [36;1m    echo ""[0m
Status Check - Keycloak CI	Run /./.github/actions/status-check	2024-10-11T01:23:32.7329442Z [36;1m    echo "Status check not okay!"[0m
Status Check - Keycloak CI	Run /./.github/actions/status-check	2024-10-11T01:23:32.7329867Z [36;1m    exit 1[0m
Status Check - Keycloak CI	Run /./.github/actions/status-check	2024-10-11T01:23:32.7330271Z [36;1m  fi[0m
Status Check - Keycloak CI	Run /./.github/actions/status-check	2024-10-11T01:23:32.7330762Z [36;1mdone[0m
Status Check - Keycloak CI	Run /./.github/actions/status-check	2024-10-11T01:23:32.7427681Z shell: /usr/bin/bash --noprofile --norc -e -o pipefail {0}
Status Check - Keycloak CI	Run /./.github/actions/status-check	2024-10-11T01:23:32.7428213Z env:
Status Check - Keycloak CI	Run /./.github/actions/status-check	2024-10-11T01:23:32.7428693Z   MAVEN_ARGS: -B -nsu -Daether.connector.http.connectionMaxTtl=25
Status Check - Keycloak CI	Run /./.github/actions/status-check	2024-10-11T01:23:32.7429376Z   SUREFIRE_RERUN_FAILING_COUNT: 2
Status Check - Keycloak CI	Run /./.github/actions/status-check	2024-10-11T01:23:32.7429827Z   SUREFIRE_RETRY: -Dsurefire.rerunFailingTestsCount=2
Status Check - Keycloak CI	Run /./.github/actions/status-check	2024-10-11T01:23:32.7430331Z ##[endgroup]
Status Check - Keycloak CI	Run /./.github/actions/status-check	2024-10-11T01:23:32.7581263Z Job status:
Status Check - Keycloak CI	Run /./.github/actions/status-check	2024-10-11T01:23:32.7802445Z  - conditional: success
Status Check - Keycloak CI	Run /./.github/actions/status-check	2024-10-11T01:23:32.7803158Z  - build: success
Status Check - Keycloak CI	Run /./.github/actions/status-check	2024-10-11T01:23:32.7805496Z  - unit-tests: success
Status Check - Keycloak CI	Run /./.github/actions/status-check	2024-10-11T01:23:32.7806570Z  - base-integration-tests: success
Status Check - Keycloak CI	Run /./.github/actions/status-check	2024-10-11T01:23:32.7807569Z  - adapter-integration-tests: success
Status Check - Keycloak CI	Run /./.github/actions/status-check	2024-10-11T01:23:32.7808541Z  - quarkus-unit-tests: success
Status Check - Keycloak CI	Run /./.github/actions/status-check	2024-10-11T01:23:32.7809295Z  - quarkus-integration-tests: success
Status Check - Keycloak CI	Run /./.github/actions/status-check	2024-10-11T01:23:32.7810084Z  - jdk-integration-tests: failure
Status Check - Keycloak CI	Run /./.github/actions/status-check	2024-10-11T01:23:32.7810968Z  - store-integration-tests: success
Status Check - Keycloak CI	Run /./.github/actions/status-check	2024-10-11T01:23:32.7811639Z  - volatile-sessions-tests: success
Status Check - Keycloak CI	Run /./.github/actions/status-check	2024-10-11T01:23:32.7812085Z  - store-model-tests: success
Status Check - Keycloak CI	Run /./.github/actions/status-check	2024-10-11T01:23:32.7812637Z  - clustering-integration-tests: success
Status Check - Keycloak CI	Run /./.github/actions/status-check	2024-10-11T01:23:32.7813260Z  - fips-unit-tests: success
Status Check - Keycloak CI	Run /./.github/actions/status-check	2024-10-11T01:23:32.7813799Z  - fips-integration-tests: success
Status Check - Keycloak CI	Run /./.github/actions/status-check	2024-10-11T01:23:32.7814228Z  - forms-integration-tests: success
Status Check - Keycloak CI	Run /./.github/actions/status-check	2024-10-11T01:23:32.7814709Z  - webauthn-integration-tests: success
Status Check - Keycloak CI	Run /./.github/actions/status-check	2024-10-11T01:23:32.7815224Z  - sssd-unit-tests: success
Status Check - Keycloak CI	Run /./.github/actions/status-check	2024-10-11T01:23:32.7815600Z  - migration-tests: success
Status Check - Keycloak CI	Run /./.github/actions/status-check	2024-10-11T01:23:32.7816036Z  - external-infinispan-tests: success
Status Check - Keycloak CI	Run /./.github/actions/status-check	2024-10-11T01:23:32.7816552Z  - test-poc: success
Status Check - Keycloak CI	Run /./.github/actions/status-check	2024-10-11T01:23:32.8014921Z 
Status Check - Keycloak CI	Run /./.github/actions/status-check	2024-10-11T01:23:32.8015206Z Status check not okay!
Status Check - Keycloak CI	Run /./.github/actions/status-check	2024-10-11T01:23:32.8030447Z ##[error]Process completed with exit code 1.
