Build	Build Keycloak	2023-02-05T05:03:31.3586006Z Prepare all required actions
Build	Build Keycloak	2023-02-05T05:03:31.3586442Z Getting action download info
Build	Build Keycloak	2023-02-05T05:03:31.6084913Z Download action repository 'actions/setup-java@v3' (SHA:1df8dbefe2a8cbc99770194893dd902763bee34b)
Build	Build Keycloak	2023-02-05T05:03:32.2082065Z Download action repository 'actions/upload-artifact@v3' (SHA:0b7f8abb1508181956e8e162db84b466c27e18ce)
Build	Build Keycloak	2023-02-05T05:03:32.6846713Z ##[group]Run ./.github/actions/build-keycloak
Build	Build Keycloak	2023-02-05T05:03:32.6847171Z with:
Build	Build Keycloak	2023-02-05T05:03:32.6847496Z   upload-m2-repo: true
Build	Build Keycloak	2023-02-05T05:03:32.6847785Z   upload-dist: false
Build	Build Keycloak	2023-02-05T05:03:32.6848134Z   jdk-dist: temurin
Build	Build Keycloak	2023-02-05T05:03:32.6848494Z   jdk-version: 11
Build	Build Keycloak	2023-02-05T05:03:32.6848833Z env:
Build	Build Keycloak	2023-02-05T05:03:32.6849145Z   DEFAULT_JDK_VERSION: 11
Build	Build Keycloak	2023-02-05T05:03:32.6849506Z   DEFAULT_JDK_DIST: temurin
Build	Build Keycloak	2023-02-05T05:03:32.6849811Z   SUREFIRE_RERUN_FAILING_COUNT: 2
Build	Build Keycloak	2023-02-05T05:03:32.6850186Z ##[endgroup]
Build	Build Keycloak	2023-02-05T05:03:32.7288966Z ##[group]Run actions/setup-java@v3
Build	Build Keycloak	2023-02-05T05:03:32.7289212Z with:
Build	Build Keycloak	2023-02-05T05:03:32.7289479Z   distribution: temurin
Build	Build Keycloak	2023-02-05T05:03:32.7289875Z   java-version: 11
Build	Build Keycloak	2023-02-05T05:03:32.7290193Z   java-package: jdk
Build	Build Keycloak	2023-02-05T05:03:32.7290443Z   check-latest: false
Build	Build Keycloak	2023-02-05T05:03:32.7290681Z   server-id: github
Build	Build Keycloak	2023-02-05T05:03:32.7291057Z   server-username: GITHUB_ACTOR
Build	Build Keycloak	2023-02-05T05:03:32.7291347Z   server-password: GITHUB_TOKEN
Build	Build Keycloak	2023-02-05T05:03:32.7291604Z   overwrite-settings: true
Build	Build Keycloak	2023-02-05T05:03:32.7291849Z   job-status: success
Build	Build Keycloak	2023-02-05T05:03:32.7292249Z   token: ***
Build	Build Keycloak	2023-02-05T05:03:32.7292435Z env:
Build	Build Keycloak	2023-02-05T05:03:32.7292646Z   DEFAULT_JDK_VERSION: 11
Build	Build Keycloak	2023-02-05T05:03:32.7292890Z   DEFAULT_JDK_DIST: temurin
Build	Build Keycloak	2023-02-05T05:03:32.7293129Z   SUREFIRE_RERUN_FAILING_COUNT: 2
Build	Build Keycloak	2023-02-05T05:03:32.7293372Z ##[endgroup]
Build	Build Keycloak	2023-02-05T05:03:32.9749786Z ##[group]Installed distributions
Build	Build Keycloak	2023-02-05T05:03:32.9830499Z Resolved Java 11.0.18+10 from tool-cache
Build	Build Keycloak	2023-02-05T05:03:32.9832301Z Setting Java 11.0.18+10 as the default
Build	Build Keycloak	2023-02-05T05:03:32.9859158Z Creating toolchains.xml for JDK version 11 from temurin
Build	Build Keycloak	2023-02-05T05:03:32.9982263Z Writing to /home/runner/.m2/toolchains.xml
Build	Build Keycloak	2023-02-05T05:03:32.9986489Z 
Build	Build Keycloak	2023-02-05T05:03:32.9986635Z Java configuration:
Build	Build Keycloak	2023-02-05T05:03:32.9989890Z   Distribution: temurin
Build	Build Keycloak	2023-02-05T05:03:32.9990947Z   Version: 11.0.18+10
Build	Build Keycloak	2023-02-05T05:03:32.9991816Z   Path: /opt/hostedtoolcache/Java_Temurin-Hotspot_jdk/11.0.18-10/x64
Build	Build Keycloak	2023-02-05T05:03:32.9992103Z 
Build	Build Keycloak	2023-02-05T05:03:32.9994219Z ##[endgroup]
Build	Build Keycloak	2023-02-05T05:03:33.0024512Z Creating settings.xml with server-id: github
Build	Build Keycloak	2023-02-05T05:03:33.0049353Z Writing to /home/runner/.m2/settings.xml
Build	Build Keycloak	2023-02-05T05:03:33.0219856Z Prepare all required actions
Build	Build Keycloak	2023-02-05T05:03:33.0220218Z Getting action download info
Build	Build Keycloak	2023-02-05T05:03:33.2105423Z Download action repository 'actions/cache@v3' (SHA:627f0f41f6904a5b1efbaed9f96d9eb58e92e920)
Build	Build Keycloak	2023-02-05T05:03:33.8018974Z ##[group]Run ./.github/actions/maven-cache
Build	Build Keycloak	2023-02-05T05:03:33.8019264Z env:
Build	Build Keycloak	2023-02-05T05:03:33.8019489Z   DEFAULT_JDK_VERSION: 11
Build	Build Keycloak	2023-02-05T05:03:33.8019723Z   DEFAULT_JDK_DIST: temurin
Build	Build Keycloak	2023-02-05T05:03:33.8020002Z   SUREFIRE_RERUN_FAILING_COUNT: 2
Build	Build Keycloak	2023-02-05T05:03:33.8020349Z   JAVA_HOME: /opt/hostedtoolcache/Java_Temurin-Hotspot_jdk/11.0.18-10/x64
Build	Build Keycloak	2023-02-05T05:03:33.8020751Z   JAVA_HOME_11_X64: /opt/hostedtoolcache/Java_Temurin-Hotspot_jdk/11.0.18-10/x64
Build	Build Keycloak	2023-02-05T05:03:33.8021071Z ##[endgroup]
Build	Build Keycloak	2023-02-05T05:03:33.8079063Z ##[group]Run echo "key=mvn-`date -u "+%Y-%U"`" >> $GITHUB_OUTPUT
Build	Build Keycloak	2023-02-05T05:03:33.8079444Z [36;1mecho "key=mvn-`date -u "+%Y-%U"`" >> $GITHUB_OUTPUT[0m
Build	Build Keycloak	2023-02-05T05:03:33.8138369Z shell: /usr/bin/bash --noprofile --norc -e -o pipefail {0}
Build	Build Keycloak	2023-02-05T05:03:33.8138663Z env:
Build	Build Keycloak	2023-02-05T05:03:33.8138888Z   DEFAULT_JDK_VERSION: 11
Build	Build Keycloak	2023-02-05T05:03:33.8139140Z   DEFAULT_JDK_DIST: temurin
Build	Build Keycloak	2023-02-05T05:03:33.8139388Z   SUREFIRE_RERUN_FAILING_COUNT: 2
Build	Build Keycloak	2023-02-05T05:03:33.8139734Z   JAVA_HOME: /opt/hostedtoolcache/Java_Temurin-Hotspot_jdk/11.0.18-10/x64
Build	Build Keycloak	2023-02-05T05:03:33.8140144Z   JAVA_HOME_11_X64: /opt/hostedtoolcache/Java_Temurin-Hotspot_jdk/11.0.18-10/x64
Build	Build Keycloak	2023-02-05T05:03:33.8140667Z ##[endgroup]
Build	Build Keycloak	2023-02-05T05:03:33.8370609Z ##[group]Run actions/cache@v3
Build	Build Keycloak	2023-02-05T05:03:33.8370856Z with:
Build	Build Keycloak	2023-02-05T05:03:33.8371074Z   path: ~/.m2/repository
Build	Build Keycloak	2023-02-05T05:03:33.8371295Z   key: mvn-2023-06
Build	Build Keycloak	2023-02-05T05:03:33.8371554Z   enableCrossOsArchive: false
Build	Build Keycloak	2023-02-05T05:03:33.8371934Z   fail-on-cache-miss: false
Build	Build Keycloak	2023-02-05T05:03:33.8372129Z env:
Build	Build Keycloak	2023-02-05T05:03:33.8372603Z   DEFAULT_JDK_VERSION: 11
Build	Build Keycloak	2023-02-05T05:03:33.8372817Z   DEFAULT_JDK_DIST: temurin
Build	Build Keycloak	2023-02-05T05:03:33.8373044Z   SUREFIRE_RERUN_FAILING_COUNT: 2
Build	Build Keycloak	2023-02-05T05:03:33.8373333Z   JAVA_HOME: /opt/hostedtoolcache/Java_Temurin-Hotspot_jdk/11.0.18-10/x64
Build	Build Keycloak	2023-02-05T05:03:33.8373689Z   JAVA_HOME_11_X64: /opt/hostedtoolcache/Java_Temurin-Hotspot_jdk/11.0.18-10/x64
Build	Build Keycloak	2023-02-05T05:03:33.8373962Z ##[endgroup]
Build	Build Keycloak	2023-02-05T05:03:40.4617526Z Received 0 of 576874281 (0.0%), 0.0 MBs/sec
Build	Build Keycloak	2023-02-05T05:03:41.4646498Z Received 125829120 of 576874281 (21.8%), 59.9 MBs/sec
Build	Build Keycloak	2023-02-05T05:03:42.4676435Z Received 264241152 of 576874281 (45.8%), 83.8 MBs/sec
Build	Build Keycloak	2023-02-05T05:03:43.4687594Z Received 377487360 of 576874281 (65.4%), 89.8 MBs/sec
Build	Build Keycloak	2023-02-05T05:03:44.4702238Z Received 486539264 of 576874281 (84.3%), 92.6 MBs/sec
Build	Build Keycloak	2023-02-05T05:03:45.5168946Z Received 576874281 of 576874281 (100.0%), 90.8 MBs/sec
Build	Build Keycloak	2023-02-05T05:03:45.5178299Z Cache Size: ~550 MB (576874281 B)
Build	Build Keycloak	2023-02-05T05:03:45.5431604Z [command]/usr/bin/tar -xf /home/runner/work/_temp/9fd29051-3804-49e5-b298-94d0d070a75f/cache.tzst -P -C /home/runner/work/keycloak/keycloak --use-compress-program unzstd
Build	Build Keycloak	2023-02-05T05:03:47.6972738Z Cache restored successfully
Build	Build Keycloak	2023-02-05T05:03:48.3758064Z Cache restored from key: mvn-2023-06
Build	Build Keycloak	2023-02-05T05:03:48.3994802Z ##[group]Run if ( stat ~/.m2/repository/org/keycloak &>/dev/null ); then
Build	Build Keycloak	2023-02-05T05:03:48.3995179Z [36;1mif ( stat ~/.m2/repository/org/keycloak &>/dev/null ); then[0m
Build	Build Keycloak	2023-02-05T05:03:48.3995515Z [36;1m  echo "Found org/keycloak artifacts in Maven repository cache"[0m
Build	Build Keycloak	2023-02-05T05:03:48.3995822Z [36;1m  ls ~/.m2/repository/org/keycloak[0m
Build	Build Keycloak	2023-02-05T05:03:48.3996060Z [36;1m  exit 1[0m
Build	Build Keycloak	2023-02-05T05:03:48.3996240Z [36;1mfi[0m
Build	Build Keycloak	2023-02-05T05:03:48.4052722Z shell: /usr/bin/bash --noprofile --norc -e -o pipefail {0}
Build	Build Keycloak	2023-02-05T05:03:48.4052959Z env:
Build	Build Keycloak	2023-02-05T05:03:48.4053231Z   DEFAULT_JDK_VERSION: 11
Build	Build Keycloak	2023-02-05T05:03:48.4053433Z   DEFAULT_JDK_DIST: temurin
Build	Build Keycloak	2023-02-05T05:03:48.4053644Z   SUREFIRE_RERUN_FAILING_COUNT: 2
Build	Build Keycloak	2023-02-05T05:03:48.4053915Z   JAVA_HOME: /opt/hostedtoolcache/Java_Temurin-Hotspot_jdk/11.0.18-10/x64
Build	Build Keycloak	2023-02-05T05:03:48.4054235Z   JAVA_HOME_11_X64: /opt/hostedtoolcache/Java_Temurin-Hotspot_jdk/11.0.18-10/x64
Build	Build Keycloak	2023-02-05T05:03:48.4054507Z   MSYS: winsymlinks:nativestrict
Build	Build Keycloak	2023-02-05T05:03:48.4054692Z ##[endgroup]
Build	Build Keycloak	2023-02-05T05:03:48.4801938Z Found org/keycloak artifacts in Maven repository cache
Build	Build Keycloak	2023-02-05T05:03:48.4813334Z keycloak-common
Build	Build Keycloak	2023-02-05T05:03:48.4813671Z keycloak-operator
Build	Build Keycloak	2023-02-05T05:03:48.4813962Z keycloak-parent
Build	Build Keycloak	2023-02-05T05:03:48.4832352Z ##[error]Process completed with exit code 1.
Status Check - Keycloak CI	Check status	2023-02-05T05:04:11.5016090Z Prepare all required actions
Status Check - Keycloak CI	Check status	2023-02-05T05:04:11.5055594Z ##[group]Run ./.github/actions/checks-job-pass
Status Check - Keycloak CI	Check status	2023-02-05T05:04:11.5055857Z with:
Status Check - Keycloak CI	Check status	2023-02-05T05:04:11.5056041Z   required: true
Status Check - Keycloak CI	Check status	2023-02-05T05:04:11.5056213Z env:
Status Check - Keycloak CI	Check status	2023-02-05T05:04:11.5056403Z   DEFAULT_JDK_VERSION: 11
Status Check - Keycloak CI	Check status	2023-02-05T05:04:11.5056619Z   DEFAULT_JDK_DIST: temurin
Status Check - Keycloak CI	Check status	2023-02-05T05:04:11.5056840Z   SUREFIRE_RERUN_FAILING_COUNT: 2
Status Check - Keycloak CI	Check status	2023-02-05T05:04:11.5057053Z ##[endgroup]
Status Check - Keycloak CI	Check status	2023-02-05T05:04:11.5357868Z ##[group]Run if [ "true" == "false" ]; then
Status Check - Keycloak CI	Check status	2023-02-05T05:04:11.5358208Z [36;1mif [ "true" == "false" ]; then[0m
Status Check - Keycloak CI	Check status	2023-02-05T05:04:11.5358467Z [36;1m  echo "Not required to run, skipping"[0m
Status Check - Keycloak CI	Check status	2023-02-05T05:04:11.5358687Z [36;1melse[0m
Status Check - Keycloak CI	Check status	2023-02-05T05:04:11.5358892Z [36;1m  if [ "" == "success" ]; then[0m
Status Check - Keycloak CI	Check status	2023-02-05T05:04:11.5359109Z [36;1m    echo "Success"[0m
Status Check - Keycloak CI	Check status	2023-02-05T05:04:11.5359296Z [36;1m  else[0m
Status Check - Keycloak CI	Check status	2023-02-05T05:04:11.5359539Z [36;1m    echo "Required to run, but didn't succeed"[0m
Status Check - Keycloak CI	Check status	2023-02-05T05:04:11.5359775Z [36;1m    exit 1[0m
Status Check - Keycloak CI	Check status	2023-02-05T05:04:11.5359997Z [36;1m  fi        [0m
Status Check - Keycloak CI	Check status	2023-02-05T05:04:11.5360183Z [36;1mfi[0m
Status Check - Keycloak CI	Check status	2023-02-05T05:04:11.5417674Z shell: /usr/bin/bash --noprofile --norc -e -o pipefail {0}
Status Check - Keycloak CI	Check status	2023-02-05T05:04:11.5417953Z env:
Status Check - Keycloak CI	Check status	2023-02-05T05:04:11.5418147Z   DEFAULT_JDK_VERSION: 11
Status Check - Keycloak CI	Check status	2023-02-05T05:04:11.5418358Z   DEFAULT_JDK_DIST: temurin
Status Check - Keycloak CI	Check status	2023-02-05T05:04:11.5418588Z   SUREFIRE_RERUN_FAILING_COUNT: 2
Status Check - Keycloak CI	Check status	2023-02-05T05:04:11.5418806Z ##[endgroup]
Status Check - Keycloak CI	Check status	2023-02-05T05:04:11.5576024Z Required to run, but didn't succeed
Status Check - Keycloak CI	Check status	2023-02-05T05:04:11.5593164Z ##[error]Process completed with exit code 1.
