Admin UI E2E (2, chrome)	Run Cypress	2024-12-03T00:26:19.9887752Z ##[group]Run cypress-io/github-action@v6
Admin UI E2E (2, chrome)	Run Cypress	2024-12-03T00:26:19.9888230Z with:
Admin UI E2E (2, chrome)	Run Cypress	2024-12-03T00:26:19.9888480Z   install: false
Admin UI E2E (2, chrome)	Run Cypress	2024-12-03T00:26:19.9888748Z   browser: chrome
Admin UI E2E (2, chrome)	Run Cypress	2024-12-03T00:26:19.9889059Z   wait-on: http://localhost:8080
Admin UI E2E (2, chrome)	Run Cypress	2024-12-03T00:26:19.9889443Z   working-directory: js/apps/admin-ui
Admin UI E2E (2, chrome)	Run Cypress	2024-12-03T00:26:19.9889832Z   record: false
Admin UI E2E (2, chrome)	Run Cypress	2024-12-03T00:26:19.9890158Z   publish-summary: true
Admin UI E2E (2, chrome)	Run Cypress	2024-12-03T00:26:19.9890723Z   component: false
Admin UI E2E (2, chrome)	Run Cypress	2024-12-03T00:26:19.9891052Z env:
Admin UI E2E (2, chrome)	Run Cypress	2024-12-03T00:26:19.9891498Z   MAVEN_ARGS: -B -nsu -Daether.connector.http.connectionMaxTtl=25
Admin UI E2E (2, chrome)	Run Cypress	2024-12-03T00:26:19.9892091Z   WORKSPACE: keycloak-admin-ui
Admin UI E2E (2, chrome)	Run Cypress	2024-12-03T00:26:19.9892658Z   JAVA_HOME: /opt/hostedtoolcache/Java_Temurin-Hotspot_jdk/21.0.5-11/x64
Admin UI E2E (2, chrome)	Run Cypress	2024-12-03T00:26:19.9893454Z   JAVA_HOME_21_X64: /opt/hostedtoolcache/Java_Temurin-Hotspot_jdk/21.0.5-11/x64
Admin UI E2E (2, chrome)	Run Cypress	2024-12-03T00:26:19.9894079Z   SPLIT: 10
Admin UI E2E (2, chrome)	Run Cypress	2024-12-03T00:26:19.9894363Z   SPLIT_INDEX: 2
Admin UI E2E (2, chrome)	Run Cypress	2024-12-03T00:26:19.9894678Z   SPLIT_RANDOM_SEED: 61
Admin UI E2E (2, chrome)	Run Cypress	2024-12-03T00:26:19.9895010Z ##[endgroup]
Admin UI E2E (2, chrome)	Run Cypress	2024-12-03T00:26:20.3283274Z Skipping install because install parameter is false
Admin UI E2E (2, chrome)	Run Cypress	2024-12-03T00:26:20.3308711Z waiting on "http://localhost:8080" with timeout of 60 seconds
Admin UI E2E (2, chrome)	Run Cypress	2024-12-03T00:26:36.2469412Z It looks like this is your first time using Cypress: 13.16.0
Admin UI E2E (2, chrome)	Run Cypress	2024-12-03T00:26:36.2469963Z 
Admin UI E2E (2, chrome)	Run Cypress	2024-12-03T00:26:36.2491930Z [STARTED] Task without title.
Admin UI E2E (2, chrome)	Run Cypress	2024-12-03T00:26:37.7538161Z [SUCCESS] Task without title.
Admin UI E2E (2, chrome)	Run Cypress	2024-12-03T00:26:37.7542186Z 
Admin UI E2E (2, chrome)	Run Cypress	2024-12-03T00:26:37.7542515Z Opening Cypress...
Admin UI E2E (2, chrome)	Run Cypress	2024-12-03T00:26:38.3726712Z 
Admin UI E2E (2, chrome)	Run Cypress	2024-12-03T00:26:38.3728068Z DevTools listening on ws://127.0.0.1:35935/devtools/browser/bd97f6f6-d662-4b13-b46a-4366fd38d0ed
Admin UI E2E (2, chrome)	Run Cypress	2024-12-03T00:26:38.9833358Z (node:2591) ExperimentalWarning: `--experimental-loader` may be removed in the future; instead use `register()`:
Admin UI E2E (2, chrome)	Run Cypress	2024-12-03T00:26:38.9836953Z --import 'data:text/javascript,import { register } from "node:module"; import { pathToFileURL } from "node:url"; register("file%3A///home/runner/.cache/Cypress/13.16.0/Cypress/resources/app/node_modules/ts-node/esm/transpile-only.mjs", pathToFileURL("./"));'
Admin UI E2E (2, chrome)	Run Cypress	2024-12-03T00:26:38.9839419Z (Use `node --trace-warnings ...` to show where the warning was created)
Admin UI E2E (2, chrome)	Run Cypress	2024-12-03T00:26:39.6899860Z cypress-split: there are 37 found specs
Admin UI E2E (2, chrome)	Run Cypress	2024-12-03T00:26:39.6900528Z the first 5 specs
Admin UI E2E (2, chrome)	Run Cypress	2024-12-03T00:26:39.6901407Z - 1: /home/runner/work/keycloak/keycloak/js/apps/admin-ui/cypress/e2e/organization.spec.ts
Admin UI E2E (2, chrome)	Run Cypress	2024-12-03T00:26:39.6902849Z - 2: /home/runner/work/keycloak/keycloak/js/apps/admin-ui/cypress/e2e/realm_user_registration.spec.ts
Admin UI E2E (2, chrome)	Run Cypress	2024-12-03T00:26:39.6904239Z - 3: /home/runner/work/keycloak/keycloak/js/apps/admin-ui/cypress/e2e/sessions_test.spec.ts
Admin UI E2E (2, chrome)	Run Cypress	2024-12-03T00:26:39.6905778Z - 4: /home/runner/work/keycloak/keycloak/js/apps/admin-ui/cypress/e2e/realm_settings_client_policies_test.spec.ts
Admin UI E2E (2, chrome)	Run Cypress	2024-12-03T00:26:39.6907379Z - 5: /home/runner/work/keycloak/keycloak/js/apps/admin-ui/cypress/e2e/clients_saml_test.spec.ts
Admin UI E2E (2, chrome)	Run Cypress	2024-12-03T00:26:39.6908309Z cypress-split: chunk 3 of 10
Admin UI E2E (2, chrome)	Run Cypress	2024-12-03T00:26:39.6916668Z k  spec                                         
Admin UI E2E (2, chrome)	Run Cypress	2024-12-03T00:26:39.6917360Z -  ---------------------------------------------
Admin UI E2E (2, chrome)	Run Cypress	2024-12-03T00:26:39.6918033Z 1  cypress/e2e/client_authorization_test.spec.ts
Admin UI E2E (2, chrome)	Run Cypress	2024-12-03T00:26:39.6918727Z 2  cypress/e2e/user_fed_test.spec.ts            
Admin UI E2E (2, chrome)	Run Cypress	2024-12-03T00:26:39.6919401Z 3  cypress/e2e/users_test.spec.ts               
Admin UI E2E (2, chrome)	Run Cypress	2024-12-03T00:26:39.6920050Z 4  cypress/e2e/clients_test.spec.ts             
Admin UI E2E (2, chrome)	Run Cypress	2024-12-03T00:26:39.6920426Z 
Admin UI E2E (2, chrome)	Run Cypress	2024-12-03T00:26:40.3745147Z 
Admin UI E2E (2, chrome)	Run Cypress	2024-12-03T00:26:40.4065623Z [90m====================================================================================================[39m
Admin UI E2E (2, chrome)	Run Cypress	2024-12-03T00:26:40.4066067Z 
Admin UI E2E (2, chrome)	Run Cypress	2024-12-03T00:26:40.4066926Z [0m  ([4m[1mRun Starting[22m[24m)[0m
Admin UI E2E (2, chrome)	Run Cypress	2024-12-03T00:26:40.4067250Z 
Admin UI E2E (2, chrome)	Run Cypress	2024-12-03T00:26:40.4139120Z [90m  ┌[39m[90m─[39m[90m─[39m[90m─[39m[90m─[39m[90m─[39m[90m─[39m[90m─[39m[90m─[39m[90m─[39m[90m─[39m[90m─[39m[90m─[39m[90m─[39m[90m─[39m[90m─[39m[90m─[39m[90m─[39m[90m─[39m[90m─[39m[90m─[39m[90m─[39m[90m─[39m[90m─[39m[90m─[39m[90m─[39m[90m─[39m[90m─[39m[90m─[39m[90m─[39m[90m─[39m[90m─[39m[90m─[39m[90m─[39m[90m─[39m[90m─[39m[90m─[39m[90m─[39m[90m─[39m[90m─[39m[90m─[39m[90m─[39m[90m─[39m[90m─[39m[90m─[39m[90m─[39m[90m─[39m[90m─[39m[90m─[39m[90m─[39m[90m─[39m[90m─[39m[90m─[39m[90m─[39m[90m─[39m[90m─[39m[90m─[39m[90m─[39m[90m─[39m[90m─[39m[90m─[39m[90m─[39m[90m─[39m[90m─[39m[90m─[39m[90m─[39m[90m─[39m[90m─[39m[90m─[39m[90m─[39m[90m─[39m[90m─[39m[90m─[39m[90m─[39m[90m─[39m[90m─[39m[90m─[39m[90m─[39m[90m─[39m[90m─[39m[90m─[39m[90m─[39m[90m─[39m[90m─[39m[90m─[39m[90m─[39m[90m─[39m[90m─[39m[90m─[39m[90m─[39m[90m─[39m[90m─[39m[90m─[39m[90m─[39m[90m─[39m[90m─[39m[90m─[39m[90m┐[39m
Admin UI E2E (2, chrome)	Run Cypress	2024-12-03T00:26:40.4142443Z [90m  │[39m [90mCypress:[39m        13.16.0                                                                        [90m│[39m
Admin UI E2E (2, chrome)	Run Cypress	2024-12-03T00:26:40.4143242Z [90m  │[39m [90mBrowser:[39m        Chrome 131 [90m(headless)[39m                                                          [90m│[39m
Admin UI E2E (2, chrome)	Run Cypress	2024-12-03T00:26:40.4144229Z [90m  │[39m [90mNode Version:[39m   [0mv20.18.0 [90m(/home/runner/runners/2.321.0/externals/node20/bin/node)[39m[0m              [90m│[39m
Admin UI E2E (2, chrome)	Run Cypress	2024-12-03T00:26:40.4145222Z [90m  │[39m [90mSpecs:[39m          [0m4 found (client_authorization_test.spec.ts, user_fed_test.spec.ts, users_test.[0m [90m│[39m
Admin UI E2E (2, chrome)	Run Cypress	2024-12-03T00:26:40.4146416Z [90m  │[39m                 [0mspec.ts, clients_test.spec.ts)[0m                                                 [90m│[39m
Admin UI E2E (2, chrome)	Run Cypress	2024-12-03T00:26:40.4147801Z [90m  │[39m [90mSearched:[39m       [0mcypress/e2e/client_authorization_test.spec.ts, cypress/e2e/user_fed_test.spec.[0m [90m│[39m
Admin UI E2E (2, chrome)	Run Cypress	2024-12-03T00:26:40.4148998Z [90m  │[39m                 [0mts, cypress/e2e/users_test.spec.ts, cypress/e2e/clients_test.spec.ts[0m           [90m│[39m
Admin UI E2E (2, chrome)	Run Cypress	2024-12-03T00:26:40.4149871Z [90m  │[39m [90mExperiments:[39m    experimentalMemoryManagement=true                                              [90m│[39m
Admin UI E2E (2, chrome)	Run Cypress	2024-12-03T00:26:40.4154964Z [90m  └[39m[90m─[39m[90m─[39m[90m─[39m[90m─[39m[90m─[39m[90m─[39m[90m─[39m[90m─[39m[90m─[39m[90m─[39m[90m─[39m[90m─[39m[90m─[39m[90m─[39m[90m─[39m[90m─[39m[90m─[39m[90m─[39m[90m─[39m[90m─[39m[90m─[39m[90m─[39m[90m─[39m[90m─[39m[90m─[39m[90m─[39m[90m─[39m[90m─[39m[90m─[39m[90m─[39m[90m─[39m[90m─[39m[90m─[39m[90m─[39m[90m─[39m[90m─[39m[90m─[39m[90m─[39m[90m─[39m[90m─[39m[90m─[39m[90m─[39m[90m─[39m[90m─[39m[90m─[39m[90m─[39m[90m─[39m[90m─[39m[90m─[39m[90m─[39m[90m─[39m[90m─[39m[90m─[39m[90m─[39m[90m─[39m[90m─[39m[90m─[39m[90m─[39m[90m─[39m[90m─[39m[90m─[39m[90m─[39m[90m─[39m[90m─[39m[90m─[39m[90m─[39m[90m─[39m[90m─[39m[90m─[39m[90m─[39m[90m─[39m[90m─[39m[90m─[39m[90m─[39m[90m─[39m[90m─[39m[90m─[39m[90m─[39m[90m─[39m[90m─[39m[90m─[39m[90m─[39m[90m─[39m[90m─[39m[90m─[39m[90m─[39m[90m─[39m[90m─[39m[90m─[39m[90m─[39m[90m─[39m[90m─[39m[90m─[39m[90m─[39m[90m─[39m[90m─[39m[90m┘[39m
Admin UI E2E (2, chrome)	Run Cypress	2024-12-03T00:26:40.4157079Z 
Admin UI E2E (2, chrome)	Run Cypress	2024-12-03T00:26:40.4157089Z 
Admin UI E2E (2, chrome)	Run Cypress	2024-12-03T00:26:40.4160655Z [90m─[39m[90m─[39m[90m─[39m[90m─[39m[90m─[39m[90m─[39m[90m─[39m[90m─[39m[90m─[39m[90m─[39m[90m─[39m[90m─[39m[90m─[39m[90m─[39m[90m─[39m[90m─[39m[90m─[39m[90m─[39m[90m─[39m[90m─[39m[90m─[39m[90m─[39m[90m─[39m[90m─[39m[90m─[39m[90m─[39m[90m─[39m[90m─[39m[90m─[39m[90m─[39m[90m─[39m[90m─[39m[90m─[39m[90m─[39m[90m─[39m[90m─[39m[90m─[39m[90m─[39m[90m─[39m[90m─[39m[90m─[39m[90m─[39m[90m─[39m[90m─[39m[90m─[39m[90m─[39m[90m─[39m[90m─[39m[90m─[39m[90m─[39m[90m─[39m[90m─[39m[90m─[39m[90m─[39m[90m─[39m[90m─[39m[90m─[39m[90m─[39m[90m─[39m[90m─[39m[90m─[39m[90m─[39m[90m─[39m[90m─[39m[90m─[39m[90m─[39m[90m─[39m[90m─[39m[90m─[39m[90m─[39m[90m─[39m[90m─[39m[90m─[39m[90m─[39m[90m─[39m[90m─[39m[90m─[39m[90m─[39m[90m─[39m[90m─[39m[90m─[39m[90m─[39m[90m─[39m[90m─[39m[90m─[39m[90m─[39m[90m─[39m[90m─[39m[90m─[39m[90m─[39m[90m─[39m[90m─[39m[90m─[39m[90m─[39m[90m─[39m[90m─[39m[90m─[39m[90m─[39m[90m─[39m[90m─[39m
Admin UI E2E (2, chrome)	Run Cypress	2024-12-03T00:26:40.4163118Z                                                                                                     
Admin UI E2E (2, chrome)	Run Cypress	2024-12-03T00:26:40.4163729Z   Running:  [90mclient_authorization_test.spec.ts[39m                                               [90m(1 of 4)[39m
Admin UI E2E (2, chrome)	Run Cypress	2024-12-03T00:26:49.4041799Z 
Admin UI E2E (2, chrome)	Run Cypress	2024-12-03T00:26:49.4044665Z [0m[0m
Admin UI E2E (2, chrome)	Run Cypress	2024-12-03T00:26:49.4051985Z [0m  Client authentication subtab[0m
Admin UI E2E (2, chrome)	Run Cypress	2024-12-03T00:26:58.8790740Z   [32m  ✓[0m[90m Should update the resource server settings[0m[90m (9466ms)[0m
Admin UI E2E (2, chrome)	Run Cypress	2024-12-03T00:27:03.5100517Z   [32m  ✓[0m[90m Should create a resource[0m[90m (4590ms)[0m
Admin UI E2E (2, chrome)	Run Cypress	2024-12-03T00:27:06.9274944Z   [32m  ✓[0m[90m Edit a resource[0m[90m (3392ms)[0m
Admin UI E2E (2, chrome)	Run Cypress	2024-12-03T00:27:10.7970237Z   [32m  ✓[0m[90m Should create a scope[0m[90m (3844ms)[0m
Admin UI E2E (2, chrome)	Run Cypress	2024-12-03T00:27:15.1478673Z   [32m  ✓[0m[90m Should create a policy[0m[90m (4324ms)[0m
Admin UI E2E (2, chrome)	Run Cypress	2024-12-03T00:27:18.0618859Z   [32m  ✓[0m[90m Should delete a policy[0m[90m (2857ms)[0m
Admin UI E2E (2, chrome)	Run Cypress	2024-12-03T00:27:22.4885526Z   [32m  ✓[0m[90m Should create a client policy[0m[90m (4385ms)[0m
Admin UI E2E (2, chrome)	Run Cypress	2024-12-03T00:27:27.0119470Z   [32m  ✓[0m[90m Should create a permission[0m[90m (4493ms)[0m
Admin UI E2E (2, chrome)	Run Cypress	2024-12-03T00:27:27.0376116Z   [36m  - Should copy auth details[0m
Admin UI E2E (2, chrome)	Run Cypress	2024-12-03T00:27:30.0020692Z   [32m  ✓[0m[90m Should export auth details[0m[90m (2947ms)[0m
Admin UI E2E (2, chrome)	Run Cypress	2024-12-03T00:27:30.0151226Z [0m    Client authorization tab access for view-realm-authorization[0m
Admin UI E2E (2, chrome)	Run Cypress	2024-12-03T00:27:45.9815277Z     [32m  ✓[0m[90m Should view autorization tab[0m[90m (14740ms)[0m
Admin UI E2E (2, chrome)	Run Cypress	2024-12-03T00:27:46.0109003Z [0m    Accessibility tests for client authorization[0m
Admin UI E2E (2, chrome)	Run Cypress	2024-12-03T00:27:54.3304774Z     [32m  ✓[0m[90m Check a11y violations on load/ client authorization[0m[90m (8246ms)[0m
Admin UI E2E (2, chrome)	Run Cypress	2024-12-03T00:27:54.3310160Z 
Admin UI E2E (2, chrome)	Run Cypress	2024-12-03T00:27:54.3643012Z 
Admin UI E2E (2, chrome)	Run Cypress	2024-12-03T00:27:54.3645213Z [92m [0m[32m 11 passing[0m[90m (1m)[0m
Admin UI E2E (2, chrome)	Run Cypress	2024-12-03T00:27:54.3646276Z [36m [0m[36m 1 pending[0m
Admin UI E2E (2, chrome)	Run Cypress	2024-12-03T00:27:54.3646750Z 
Admin UI E2E (2, chrome)	Run Cypress	2024-12-03T00:27:55.3922909Z 
Admin UI E2E (2, chrome)	Run Cypress	2024-12-03T00:27:55.3924340Z [32m  ([4m[1mResults[22m[24m)[39m
Admin UI E2E (2, chrome)	Run Cypress	2024-12-03T00:27:55.3943195Z 
Admin UI E2E (2, chrome)	Run Cypress	2024-12-03T00:27:55.3963829Z [90m  ┌[39m[90m─[39m[90m─[39m[90m─[39m[90m─[39m[90m─[39m[90m─[39m[90m─[39m[90m─[39m[90m─[39m[90m─[39m[90m─[39m[90m─[39m[90m─[39m[90m─[39m[90m─[39m[90m─[39m[90m─[39m[90m─[39m[90m─[39m[90m─[39m[90m─[39m[90m─[39m[90m─[39m[90m─[39m[90m─[39m[90m─[39m[90m─[39m[90m─[39m[90m─[39m[90m─[39m[90m─[39m[90m─[39m[90m─[39m[90m─[39m[90m─[39m[90m─[39m[90m─[39m[90m─[39m[90m─[39m[90m─[39m[90m─[39m[90m─[39m[90m─[39m[90m─[39m[90m─[39m[90m─[39m[90m─[39m[90m─[39m[90m─[39m[90m─[39m[90m─[39m[90m─[39m[90m─[39m[90m─[39m[90m─[39m[90m─[39m[90m─[39m[90m─[39m[90m─[39m[90m─[39m[90m─[39m[90m─[39m[90m─[39m[90m─[39m[90m─[39m[90m─[39m[90m─[39m[90m─[39m[90m─[39m[90m─[39m[90m─[39m[90m─[39m[90m─[39m[90m─[39m[90m─[39m[90m─[39m[90m─[39m[90m─[39m[90m─[39m[90m─[39m[90m─[39m[90m─[39m[90m─[39m[90m─[39m[90m─[39m[90m─[39m[90m─[39m[90m─[39m[90m─[39m[90m─[39m[90m─[39m[90m─[39m[90m─[39m[90m─[39m[90m─[39m[90m─[39m[90m┐[39m
Admin UI E2E (2, chrome)	Run Cypress	2024-12-03T00:27:55.3968651Z [90m  │[39m [90mTests:[39m        [32m12[39m                                                                               [90m│[39m
Admin UI E2E (2, chrome)	Run Cypress	2024-12-03T00:27:55.3969905Z [90m  │[39m [90mPassing:[39m      [32m11[39m                                                                               [90m│[39m
Admin UI E2E (2, chrome)	Run Cypress	2024-12-03T00:27:55.3972232Z [90m  │[39m [90mFailing:[39m      [32m0[39m                                                                                [90m│[39m
Admin UI E2E (2, chrome)	Run Cypress	2024-12-03T00:27:55.3973839Z [90m  │[39m [90mPending:[39m      [32m1[39m                                                                                [90m│[39m
Admin UI E2E (2, chrome)	Run Cypress	2024-12-03T00:27:55.3975045Z [90m  │[39m [90mSkipped:[39m      [32m0[39m                                                                                [90m│[39m
Admin UI E2E (2, chrome)	Run Cypress	2024-12-03T00:27:55.3976410Z [90m  │[39m [90mScreenshots:[39m  [32m0[39m                                                                                [90m│[39m
Admin UI E2E (2, chrome)	Run Cypress	2024-12-03T00:27:55.3977727Z [90m  │[39m [90mVideo:[39m        [32mfalse[39m                                                                            [90m│[39m
Admin UI E2E (2, chrome)	Run Cypress	2024-12-03T00:27:55.3979087Z [90m  │[39m [90mDuration:[39m     [32m1 minute, 4 seconds[39m                                                              [90m│[39m
Admin UI E2E (2, chrome)	Run Cypress	2024-12-03T00:27:55.3980616Z [90m  │[39m [90mSpec Ran:[39m     [32m[32mclient_authorization_test.spec.ts[32m[39m                                                [90m│[39m
Admin UI E2E (2, chrome)	Run Cypress	2024-12-03T00:27:55.3987681Z [90m  └[39m[90m─[39m[90m─[39m[90m─[39m[90m─[39m[90m─[39m[90m─[39m[90m─[39m[90m─[39m[90m─[39m[90m─[39m[90m─[39m[90m─[39m[90m─[39m[90m─[39m[90m─[39m[90m─[39m[90m─[39m[90m─[39m[90m─[39m[90m─[39m[90m─[39m[90m─[39m[90m─[39m[90m─[39m[90m─[39m[90m─[39m[90m─[39m[90m─[39m[90m─[39m[90m─[39m[90m─[39m[90m─[39m[90m─[39m[90m─[39m[90m─[39m[90m─[39m[90m─[39m[90m─[39m[90m─[39m[90m─[39m[90m─[39m[90m─[39m[90m─[39m[90m─[39m[90m─[39m[90m─[39m[90m─[39m[90m─[39m[90m─[39m[90m─[39m[90m─[39m[90m─[39m[90m─[39m[90m─[39m[90m─[39m[90m─[39m[90m─[39m[90m─[39m[90m─[39m[90m─[39m[90m─[39m[90m─[39m[90m─[39m[90m─[39m[90m─[39m[90m─[39m[90m─[39m[90m─[39m[90m─[39m[90m─[39m[90m─[39m[90m─[39m[90m─[39m[90m─[39m[90m─[39m[90m─[39m[90m─[39m[90m─[39m[90m─[39m[90m─[39m[90m─[39m[90m─[39m[90m─[39m[90m─[39m[90m─[39m[90m─[39m[90m─[39m[90m─[39m[90m─[39m[90m─[39m[90m─[39m[90m─[39m[90m─[39m[90m─[39m[90m─[39m[90m─[39m[90m┘[39m
Admin UI E2E (2, chrome)	Run Cypress	2024-12-03T00:27:55.3991734Z 
Admin UI E2E (2, chrome)	Run Cypress	2024-12-03T00:27:55.4753061Z 
Admin UI E2E (2, chrome)	Run Cypress	2024-12-03T00:27:55.4771948Z [90m─[39m[90m─[39m[90m─[39m[90m─[39m[90m─[39m[90m─[39m[90m─[39m[90m─[39m[90m─[39m[90m─[39m[90m─[39m[90m─[39m[90m─[39m[90m─[39m[90m─[39m[90m─[39m[90m─[39m[90m─[39m[90m─[39m[90m─[39m[90m─[39m[90m─[39m[90m─[39m[90m─[39m[90m─[39m[90m─[39m[90m─[39m[90m─[39m[90m─[39m[90m─[39m[90m─[39m[90m─[39m[90m─[39m[90m─[39m[90m─[39m[90m─[39m[90m─[39m[90m─[39m[90m─[39m[90m─[39m[90m─[39m[90m─[39m[90m─[39m[90m─[39m[90m─[39m[90m─[39m[90m─[39m[90m─[39m[90m─[39m[90m─[39m[90m─[39m[90m─[39m[90m─[39m[90m─[39m[90m─[39m[90m─[39m[90m─[39m[90m─[39m[90m─[39m[90m─[39m[90m─[39m[90m─[39m[90m─[39m[90m─[39m[90m─[39m[90m─[39m[90m─[39m[90m─[39m[90m─[39m[90m─[39m[90m─[39m[90m─[39m[90m─[39m[90m─[39m[90m─[39m[90m─[39m[90m─[39m[90m─[39m[90m─[39m[90m─[39m[90m─[39m[90m─[39m[90m─[39m[90m─[39m[90m─[39m[90m─[39m[90m─[39m[90m─[39m[90m─[39m[90m─[39m[90m─[39m[90m─[39m[90m─[39m[90m─[39m[90m─[39m[90m─[39m[90m─[39m[90m─[39m[90m─[39m[90m─[39m
Admin UI E2E (2, chrome)	Run Cypress	2024-12-03T00:27:55.4777194Z                                                                                                     
Admin UI E2E (2, chrome)	Run Cypress	2024-12-03T00:27:55.4779033Z   Running:  [90muser_fed_test.spec.ts[39m                                                           [90m(2 of 4)[39m
Admin UI E2E (2, chrome)	Run Cypress	2024-12-03T00:27:58.0676477Z 
Admin UI E2E (2, chrome)	Run Cypress	2024-12-03T00:27:58.0677340Z [0m[0m
Admin UI E2E (2, chrome)	Run Cypress	2024-12-03T00:27:58.0815487Z [0m  Accessibility tests for user federation[0m
Admin UI E2E (2, chrome)	Run Cypress	2024-12-03T00:28:01.3038341Z   [32m  ✓[0m[90m Check a11y violations on load/ user federation[0m[90m (3219ms)[0m
Admin UI E2E (2, chrome)	Run Cypress	2024-12-03T00:28:01.3038821Z 
Admin UI E2E (2, chrome)	Run Cypress	2024-12-03T00:28:01.3155912Z 
Admin UI E2E (2, chrome)	Run Cypress	2024-12-03T00:28:01.3156972Z [92m [0m[32m 1 passing[0m[90m (3s)[0m
Admin UI E2E (2, chrome)	Run Cypress	2024-12-03T00:28:01.3157454Z 
Admin UI E2E (2, chrome)	Run Cypress	2024-12-03T00:28:02.5424166Z 
Admin UI E2E (2, chrome)	Run Cypress	2024-12-03T00:28:02.5425576Z [32m  ([4m[1mResults[22m[24m)[39m
Admin UI E2E (2, chrome)	Run Cypress	2024-12-03T00:28:02.5445591Z 
Admin UI E2E (2, chrome)	Run Cypress	2024-12-03T00:28:02.5458059Z [90m  ┌[39m[90m─[39m[90m─[39m[90m─[39m[90m─[39m[90m─[39m[90m─[39m[90m─[39m[90m─[39m[90m─[39m[90m─[39m[90m─[39m[90m─[39m[90m─[39m[90m─[39m[90m─[39m[90m─[39m[90m─[39m[90m─[39m[90m─[39m[90m─[39m[90m─[39m[90m─[39m[90m─[39m[90m─[39m[90m─[39m[90m─[39m[90m─[39m[90m─[39m[90m─[39m[90m─[39m[90m─[39m[90m─[39m[90m─[39m[90m─[39m[90m─[39m[90m─[39m[90m─[39m[90m─[39m[90m─[39m[90m─[39m[90m─[39m[90m─[39m[90m─[39m[90m─[39m[90m─[39m[90m─[39m[90m─[39m[90m─[39m[90m─[39m[90m─[39m[90m─[39m[90m─[39m[90m─[39m[90m─[39m[90m─[39m[90m─[39m[90m─[39m[90m─[39m[90m─[39m[90m─[39m[90m─[39m[90m─[39m[90m─[39m[90m─[39m[90m─[39m[90m─[39m[90m─[39m[90m─[39m[90m─[39m[90m─[39m[90m─[39m[90m─[39m[90m─[39m[90m─[39m[90m─[39m[90m─[39m[90m─[39m[90m─[39m[90m─[39m[90m─[39m[90m─[39m[90m─[39m[90m─[39m[90m─[39m[90m─[39m[90m─[39m[90m─[39m[90m─[39m[90m─[39m[90m─[39m[90m─[39m[90m─[39m[90m─[39m[90m─[39m[90m─[39m[90m─[39m[90m┐[39m
Admin UI E2E (2, chrome)	Run Cypress	2024-12-03T00:28:02.5463122Z [90m  │[39m [90mTests:[39m        [32m1[39m                                                                                [90m│[39m
Admin UI E2E (2, chrome)	Run Cypress	2024-12-03T00:28:02.5464385Z [90m  │[39m [90mPassing:[39m      [32m1[39m                                                                                [90m│[39m
Admin UI E2E (2, chrome)	Run Cypress	2024-12-03T00:28:02.5465659Z [90m  │[39m [90mFailing:[39m      [32m0[39m                                                                                [90m│[39m
Admin UI E2E (2, chrome)	Run Cypress	2024-12-03T00:28:02.5466923Z [90m  │[39m [90mPending:[39m      [32m0[39m                                                                                [90m│[39m
Admin UI E2E (2, chrome)	Run Cypress	2024-12-03T00:28:02.5468229Z [90m  │[39m [90mSkipped:[39m      [32m0[39m                                                                                [90m│[39m
Admin UI E2E (2, chrome)	Run Cypress	2024-12-03T00:28:02.5469590Z [90m  │[39m [90mScreenshots:[39m  [32m0[39m                                                                                [90m│[39m
Admin UI E2E (2, chrome)	Run Cypress	2024-12-03T00:28:02.5471016Z [90m  │[39m [90mVideo:[39m        [32mfalse[39m                                                                            [90m│[39m
Admin UI E2E (2, chrome)	Run Cypress	2024-12-03T00:28:02.5472354Z [90m  │[39m [90mDuration:[39m     [32m3 seconds[39m                                                                        [90m│[39m
Admin UI E2E (2, chrome)	Run Cypress	2024-12-03T00:28:02.5473876Z [90m  │[39m [90mSpec Ran:[39m     [32m[32muser_fed_test.spec.ts[32m[39m                                                            [90m│[39m
Admin UI E2E (2, chrome)	Run Cypress	2024-12-03T00:28:02.5480629Z [90m  └[39m[90m─[39m[90m─[39m[90m─[39m[90m─[39m[90m─[39m[90m─[39m[90m─[39m[90m─[39m[90m─[39m[90m─[39m[90m─[39m[90m─[39m[90m─[39m[90m─[39m[90m─[39m[90m─[39m[90m─[39m[90m─[39m[90m─[39m[90m─[39m[90m─[39m[90m─[39m[90m─[39m[90m─[39m[90m─[39m[90m─[39m[90m─[39m[90m─[39m[90m─[39m[90m─[39m[90m─[39m[90m─[39m[90m─[39m[90m─[39m[90m─[39m[90m─[39m[90m─[39m[90m─[39m[90m─[39m[90m─[39m[90m─[39m[90m─[39m[90m─[39m[90m─[39m[90m─[39m[90m─[39m[90m─[39m[90m─[39m[90m─[39m[90m─[39m[90m─[39m[90m─[39m[90m─[39m[90m─[39m[90m─[39m[90m─[39m[90m─[39m[90m─[39m[90m─[39m[90m─[39m[90m─[39m[90m─[39m[90m─[39m[90m─[39m[90m─[39m[90m─[39m[90m─[39m[90m─[39m[90m─[39m[90m─[39m[90m─[39m[90m─[39m[90m─[39m[90m─[39m[90m─[39m[90m─[39m[90m─[39m[90m─[39m[90m─[39m[90m─[39m[90m─[39m[90m─[39m[90m─[39m[90m─[39m[90m─[39m[90m─[39m[90m─[39m[90m─[39m[90m─[39m[90m─[39m[90m─[39m[90m─[39m[90m─[39m[90m─[39m[90m─[39m[90m─[39m[90m┘[39m
Admin UI E2E (2, chrome)	Run Cypress	2024-12-03T00:28:02.5484761Z 
Admin UI E2E (2, chrome)	Run Cypress	2024-12-03T00:28:02.5827155Z 
Admin UI E2E (2, chrome)	Run Cypress	2024-12-03T00:28:02.5842165Z [90m─[39m[90m─[39m[90m─[39m[90m─[39m[90m─[39m[90m─[39m[90m─[39m[90m─[39m[90m─[39m[90m─[39m[90m─[39m[90m─[39m[90m─[39m[90m─[39m[90m─[39m[90m─[39m[90m─[39m[90m─[39m[90m─[39m[90m─[39m[90m─[39m[90m─[39m[90m─[39m[90m─[39m[90m─[39m[90m─[39m[90m─[39m[90m─[39m[90m─[39m[90m─[39m[90m─[39m[90m─[39m[90m─[39m[90m─[39m[90m─[39m[90m─[39m[90m─[39m[90m─[39m[90m─[39m[90m─[39m[90m─[39m[90m─[39m[90m─[39m[90m─[39m[90m─[39m[90m─[39m[90m─[39m[90m─[39m[90m─[39m[90m─[39m[90m─[39m[90m─[39m[90m─[39m[90m─[39m[90m─[39m[90m─[39m[90m─[39m[90m─[39m[90m─[39m[90m─[39m[90m─[39m[90m─[39m[90m─[39m[90m─[39m[90m─[39m[90m─[39m[90m─[39m[90m─[39m[90m─[39m[90m─[39m[90m─[39m[90m─[39m[90m─[39m[90m─[39m[90m─[39m[90m─[39m[90m─[39m[90m─[39m[90m─[39m[90m─[39m[90m─[39m[90m─[39m[90m─[39m[90m─[39m[90m─[39m[90m─[39m[90m─[39m[90m─[39m[90m─[39m[90m─[39m[90m─[39m[90m─[39m[90m─[39m[90m─[39m[90m─[39m[90m─[39m[90m─[39m[90m─[39m[90m─[39m[90m─[39m
Admin UI E2E (2, chrome)	Run Cypress	2024-12-03T00:28:02.5847766Z                                                                                                     
Admin UI E2E (2, chrome)	Run Cypress	2024-12-03T00:28:02.5848457Z   Running:  [90musers_test.spec.ts[39m                                                              [90m(3 of 4)[39m
Admin UI E2E (2, chrome)	Run Cypress	2024-12-03T00:28:06.7608804Z 
Admin UI E2E (2, chrome)	Run Cypress	2024-12-03T00:28:06.7610328Z [0m[0m
Admin UI E2E (2, chrome)	Run Cypress	2024-12-03T00:28:06.7641617Z [0m  User creation[0m
Admin UI E2E (2, chrome)	Run Cypress	2024-12-03T00:28:10.8536005Z   [32m  ✓[0m[90m Go to create User page[0m[90m (4039ms)[0m
Admin UI E2E (2, chrome)	Run Cypress	2024-12-03T00:28:13.2924259Z   [32m  ✓[0m[90m Create user test[0m[90m (2398ms)[0m
Admin UI E2E (2, chrome)	Run Cypress	2024-12-03T00:28:14.9322917Z   [32m  ✓[0m[90m Should check temporary admin user existence[0m[90m (1598ms)[0m
Admin UI E2E (2, chrome)	Run Cypress	2024-12-03T00:28:17.7163733Z   [32m  ✓[0m[90m Create user with groups test[0m[90m (2730ms)[0m
Admin UI E2E (2, chrome)	Run Cypress	2024-12-03T00:28:22.4328572Z   [32m  ✓[0m[90m Create user with credentials test[0m[90m (4684ms)[0m
Admin UI E2E (2, chrome)	Run Cypress	2024-12-03T00:28:24.5469023Z   [32m  ✓[0m[90m Search existing user test[0m[90m (2078ms)[0m
Admin UI E2E (2, chrome)	Run Cypress	2024-12-03T00:28:26.0902232Z   [32m  ✓[0m[90m Search non-existing user test[0m[90m (1508ms)[0m
Admin UI E2E (2, chrome)	Run Cypress	2024-12-03T00:28:31.5350692Z   [32m  ✓[0m[90m User details test[0m[90m (5381ms)[0m
Admin UI E2E (2, chrome)	Run Cypress	2024-12-03T00:28:33.3155884Z   [32m  ✓[0m[90m Select Unmanaged attributes[0m[90m (1724ms)[0m
Admin UI E2E (2, chrome)	Run Cypress	2024-12-03T00:28:44.2777311Z   [32m  ✓[0m[90m User attributes test[0m[90m (10911ms)[0m
Admin UI E2E (2, chrome)	Run Cypress	2024-12-03T00:28:48.4985302Z   [32m  ✓[0m[90m User attributes with multiple values test[0m[90m (4123ms)[0m
Admin UI E2E (2, chrome)	Run Cypress	2024-12-03T00:28:51.1353026Z   [32m  ✓[0m[90m Add user to groups test[0m[90m (2603ms)[0m
Admin UI E2E (2, chrome)	Run Cypress	2024-12-03T00:28:53.6004939Z   [32m  ✓[0m[90m Leave group test[0m[90m (2431ms)[0m
Admin UI E2E (2, chrome)	Run Cypress	2024-12-03T00:28:56.4252353Z   [32m  ✓[0m[90m search and leave group[0m[90m (2793ms)[0m
Admin UI E2E (2, chrome)	Run Cypress	2024-12-03T00:28:58.7817780Z   [32m  ✓[0m[90m Go to user consents test[0m[90m (2327ms)[0m
Admin UI E2E (2, chrome)	Run Cypress	2024-12-03T00:29:00.9090880Z   [32m  ✓[0m[90m Reset credential of User with empty state[0m[90m (2102ms)[0m
Admin UI E2E (2, chrome)	Run Cypress	2024-12-03T00:29:03.0483492Z   [32m  ✓[0m[90m Reset credential of User with existing credentials[0m[90m (2115ms)[0m
Admin UI E2E (2, chrome)	Run Cypress	2024-12-03T00:29:05.1291362Z   [32m  ✓[0m[90m Edit credential label[0m[90m (2050ms)[0m
Admin UI E2E (2, chrome)	Run Cypress	2024-12-03T00:29:06.8807357Z   [32m  ✓[0m[90m Show credential data dialog[0m[90m (1723ms)[0m
Admin UI E2E (2, chrome)	Run Cypress	2024-12-03T00:29:11.0869414Z   [32m  ✓[0m[90m Delete credential[0m[90m (4154ms)[0m
Admin UI E2E (2, chrome)	Run Cypress	2024-12-03T00:29:13.3652710Z   [32m  ✓[0m[90m Delete user from search bar test[0m[90m (2248ms)[0m
Admin UI E2E (2, chrome)	Run Cypress	2024-12-03T00:29:14.7072847Z   [32m  ✓[0m[90m Delete user with groups test[0m[90m (1314ms)[0m
Admin UI E2E (2, chrome)	Run Cypress	2024-12-03T00:29:16.0762471Z   [32m  ✓[0m[90m Delete user with credential test[0m[90m (1342ms)[0m
Admin UI E2E (2, chrome)	Run Cypress	2024-12-03T00:29:16.0872796Z [0m    Identity provider links[0m
Admin UI E2E (2, chrome)	Run Cypress	2024-12-03T00:29:19.0904253Z     [32m  ✓[0m[90m Link account to IdP:  Bitbucket[0m[90m (2984ms)[0m
Admin UI E2E (2, chrome)	Run Cypress	2024-12-03T00:29:21.7561888Z     [32m  ✓[0m[90m Link account to IdP:  Facebook[0m[90m (2634ms)[0m
Admin UI E2E (2, chrome)	Run Cypress	2024-12-03T00:29:24.5574037Z     [32m  ✓[0m[90m Link account to IdP:  Keycloak-oidc[0m[90m (2769ms)[0m
Admin UI E2E (2, chrome)	Run Cypress	2024-12-03T00:29:28.6228100Z     [32m  ✓[0m[90m Link account to already added IdP fail[0m[90m (4032ms)[0m
Admin UI E2E (2, chrome)	Run Cypress	2024-12-03T00:29:30.9870278Z     [32m  ✓[0m[90m Unlink account from IdP:  Bitbucket[0m[90m (2329ms)[0m
Admin UI E2E (2, chrome)	Run Cypress	2024-12-03T00:29:33.3711747Z     [32m  ✓[0m[90m Unlink account from IdP:  Facebook[0m[90m (2350ms)[0m
Admin UI E2E (2, chrome)	Run Cypress	2024-12-03T00:29:35.9698620Z     [32m  ✓[0m[90m Unlink account from IdP:  Keycloak-oidc[0m[90m (2246ms)[0m
Admin UI E2E (2, chrome)	Run Cypress	2024-12-03T00:29:35.9760181Z [0m    Accessibility tests for users[0m
Admin UI E2E (2, chrome)	Run Cypress	2024-12-03T00:29:38.7240763Z     [32m  ✓[0m[90m Check a11y violations on load/ users list[0m[90m (2736ms)[0m
Admin UI E2E (2, chrome)	Run Cypress	2024-12-03T00:29:41.3167588Z     [32m  ✓[0m[90m Check a11y violations on empty create user form[0m[90m (2556ms)[0m
Admin UI E2E (2, chrome)	Run Cypress	2024-12-03T00:29:45.6605090Z     [32m  ✓[0m[90m Check a11y violations on user details tab[0m[90m (4302ms)[0m
Admin UI E2E (2, chrome)	Run Cypress	2024-12-03T00:29:49.6919855Z     [32m  ✓[0m[90m Check a11y violations on user credentials tab setting a password[0m[90m (3996ms)[0m
Admin UI E2E (2, chrome)	Run Cypress	2024-12-03T00:29:53.3222074Z     [32m  ✓[0m[90m Check a11y violations on user credentials tab resetting a password[0m[90m (3609ms)[0m
Admin UI E2E (2, chrome)	Run Cypress	2024-12-03T00:29:56.5899782Z     [32m  ✓[0m[90m Check a11y violations on user role mapping tab[0m[90m (3247ms)[0m
Admin UI E2E (2, chrome)	Run Cypress	2024-12-03T00:30:00.3538947Z     [32m  ✓[0m[90m Check a11y violations on user role mapping tab assigning a role dialog[0m[90m (3724ms)[0m
Admin UI E2E (2, chrome)	Run Cypress	2024-12-03T00:30:03.5708102Z     [32m  ✓[0m[90m Check a11y violations on user groups tab[0m[90m (3193ms)[0m
Admin UI E2E (2, chrome)	Run Cypress	2024-12-03T00:30:06.8498487Z     [32m  ✓[0m[90m Check a11y violations on user groups tab joining group dialog[0m[90m (3257ms)[0m
Admin UI E2E (2, chrome)	Run Cypress	2024-12-03T00:30:10.2199065Z     [32m  ✓[0m[90m Check a11y violations on user groups tab joining group[0m[90m (3347ms)[0m
Admin UI E2E (2, chrome)	Run Cypress	2024-12-03T00:30:13.4525192Z     [32m  ✓[0m[90m Check a11y violations on user consents tab[0m[90m (3211ms)[0m
Admin UI E2E (2, chrome)	Run Cypress	2024-12-03T00:30:16.8453959Z     [32m  ✓[0m[90m Check a11y violations on user identity provider links tab[0m[90m (3362ms)[0m
Admin UI E2E (2, chrome)	Run Cypress	2024-12-03T00:30:19.9686889Z     [32m  ✓[0m[90m Check a11y violations on user sessions tab[0m[90m (3103ms)[0m
Admin UI E2E (2, chrome)	Run Cypress	2024-12-03T00:30:23.5676217Z     [32m  ✓[0m[90m Check a11y violations on user deleting dialog[0m[90m (3368ms)[0m
Admin UI E2E (2, chrome)	Run Cypress	2024-12-03T00:30:23.5690970Z 
Admin UI E2E (2, chrome)	Run Cypress	2024-12-03T00:30:23.5918147Z 
Admin UI E2E (2, chrome)	Run Cypress	2024-12-03T00:30:23.5919269Z [92m [0m[32m 44 passing[0m[90m (2m)[0m
Admin UI E2E (2, chrome)	Run Cypress	2024-12-03T00:30:23.5919731Z 
Admin UI E2E (2, chrome)	Run Cypress	2024-12-03T00:30:24.6083992Z 
Admin UI E2E (2, chrome)	Run Cypress	2024-12-03T00:30:24.6085797Z [32m  ([4m[1mResults[22m[24m)[39m
Admin UI E2E (2, chrome)	Run Cypress	2024-12-03T00:30:24.6104227Z 
Admin UI E2E (2, chrome)	Run Cypress	2024-12-03T00:30:24.6116467Z [90m  ┌[39m[90m─[39m[90m─[39m[90m─[39m[90m─[39m[90m─[39m[90m─[39m[90m─[39m[90m─[39m[90m─[39m[90m─[39m[90m─[39m[90m─[39m[90m─[39m[90m─[39m[90m─[39m[90m─[39m[90m─[39m[90m─[39m[90m─[39m[90m─[39m[90m─[39m[90m─[39m[90m─[39m[90m─[39m[90m─[39m[90m─[39m[90m─[39m[90m─[39m[90m─[39m[90m─[39m[90m─[39m[90m─[39m[90m─[39m[90m─[39m[90m─[39m[90m─[39m[90m─[39m[90m─[39m[90m─[39m[90m─[39m[90m─[39m[90m─[39m[90m─[39m[90m─[39m[90m─[39m[90m─[39m[90m─[39m[90m─[39m[90m─[39m[90m─[39m[90m─[39m[90m─[39m[90m─[39m[90m─[39m[90m─[39m[90m─[39m[90m─[39m[90m─[39m[90m─[39m[90m─[39m[90m─[39m[90m─[39m[90m─[39m[90m─[39m[90m─[39m[90m─[39m[90m─[39m[90m─[39m[90m─[39m[90m─[39m[90m─[39m[90m─[39m[90m─[39m[90m─[39m[90m─[39m[90m─[39m[90m─[39m[90m─[39m[90m─[39m[90m─[39m[90m─[39m[90m─[39m[90m─[39m[90m─[39m[90m─[39m[90m─[39m[90m─[39m[90m─[39m[90m─[39m[90m─[39m[90m─[39m[90m─[39m[90m─[39m[90m─[39m[90m─[39m[90m─[39m[90m┐[39m
Admin UI E2E (2, chrome)	Run Cypress	2024-12-03T00:30:24.6119581Z [90m  │[39m [90mTests:[39m        [32m44[39m                                                                               [90m│[39m
Admin UI E2E (2, chrome)	Run Cypress	2024-12-03T00:30:24.6120393Z [90m  │[39m [90mPassing:[39m      [32m44[39m                                                                               [90m│[39m
Admin UI E2E (2, chrome)	Run Cypress	2024-12-03T00:30:24.6121677Z [90m  │[39m [90mFailing:[39m      [32m0[39m                                                                                [90m│[39m
Admin UI E2E (2, chrome)	Run Cypress	2024-12-03T00:30:24.6122876Z [90m  │[39m [90mPending:[39m      [32m0[39m                                                                                [90m│[39m
Admin UI E2E (2, chrome)	Run Cypress	2024-12-03T00:30:24.6123840Z [90m  │[39m [90mSkipped:[39m      [32m0[39m                                                                                [90m│[39m
Admin UI E2E (2, chrome)	Run Cypress	2024-12-03T00:30:24.6124797Z [90m  │[39m [90mScreenshots:[39m  [32m0[39m                                                                                [90m│[39m
Admin UI E2E (2, chrome)	Run Cypress	2024-12-03T00:30:24.6125771Z [90m  │[39m [90mVideo:[39m        [32mfalse[39m                                                                            [90m│[39m
Admin UI E2E (2, chrome)	Run Cypress	2024-12-03T00:30:24.6127073Z [90m  │[39m [90mDuration:[39m     [32m2 minutes, 16 seconds[39m                                                            [90m│[39m
Admin UI E2E (2, chrome)	Run Cypress	2024-12-03T00:30:24.6128597Z [90m  │[39m [90mSpec Ran:[39m     [32m[32musers_test.spec.ts[32m[39m                                                               [90m│[39m
Admin UI E2E (2, chrome)	Run Cypress	2024-12-03T00:30:24.6133793Z [90m  └[39m[90m─[39m[90m─[39m[90m─[39m[90m─[39m[90m─[39m[90m─[39m[90m─[39m[90m─[39m[90m─[39m[90m─[39m[90m─[39m[90m─[39m[90m─[39m[90m─[39m[90m─[39m[90m─[39m[90m─[39m[90m─[39m[90m─[39m[90m─[39m[90m─[39m[90m─[39m[90m─[39m[90m─[39m[90m─[39m[90m─[39m[90m─[39m[90m─[39m[90m─[39m[90m─[39m[90m─[39m[90m─[39m[90m─[39m[90m─[39m[90m─[39m[90m─[39m[90m─[39m[90m─[39m[90m─[39m[90m─[39m[90m─[39m[90m─[39m[90m─[39m[90m─[39m[90m─[39m[90m─[39m[90m─[39m[90m─[39m[90m─[39m[90m─[39m[90m─[39m[90m─[39m[90m─[39m[90m─[39m[90m─[39m[90m─[39m[90m─[39m[90m─[39m[90m─[39m[90m─[39m[90m─[39m[90m─[39m[90m─[39m[90m─[39m[90m─[39m[90m─[39m[90m─[39m[90m─[39m[90m─[39m[90m─[39m[90m─[39m[90m─[39m[90m─[39m[90m─[39m[90m─[39m[90m─[39m[90m─[39m[90m─[39m[90m─[39m[90m─[39m[90m─[39m[90m─[39m[90m─[39m[90m─[39m[90m─[39m[90m─[39m[90m─[39m[90m─[39m[90m─[39m[90m─[39m[90m─[39m[90m─[39m[90m─[39m[90m─[39m[90m─[39m[90m─[39m[90m┘[39m
Admin UI E2E (2, chrome)	Run Cypress	2024-12-03T00:30:24.6137270Z 
Admin UI E2E (2, chrome)	Run Cypress	2024-12-03T00:30:24.6456485Z 
Admin UI E2E (2, chrome)	Run Cypress	2024-12-03T00:30:24.6467789Z [90m─[39m[90m─[39m[90m─[39m[90m─[39m[90m─[39m[90m─[39m[90m─[39m[90m─[39m[90m─[39m[90m─[39m[90m─[39m[90m─[39m[90m─[39m[90m─[39m[90m─[39m[90m─[39m[90m─[39m[90m─[39m[90m─[39m[90m─[39m[90m─[39m[90m─[39m[90m─[39m[90m─[39m[90m─[39m[90m─[39m[90m─[39m[90m─[39m[90m─[39m[90m─[39m[90m─[39m[90m─[39m[90m─[39m[90m─[39m[90m─[39m[90m─[39m[90m─[39m[90m─[39m[90m─[39m[90m─[39m[90m─[39m[90m─[39m[90m─[39m[90m─[39m[90m─[39m[90m─[39m[90m─[39m[90m─[39m[90m─[39m[90m─[39m[90m─[39m[90m─[39m[90m─[39m[90m─[39m[90m─[39m[90m─[39m[90m─[39m[90m─[39m[90m─[39m[90m─[39m[90m─[39m[90m─[39m[90m─[39m[90m─[39m[90m─[39m[90m─[39m[90m─[39m[90m─[39m[90m─[39m[90m─[39m[90m─[39m[90m─[39m[90m─[39m[90m─[39m[90m─[39m[90m─[39m[90m─[39m[90m─[39m[90m─[39m[90m─[39m[90m─[39m[90m─[39m[90m─[39m[90m─[39m[90m─[39m[90m─[39m[90m─[39m[90m─[39m[90m─[39m[90m─[39m[90m─[39m[90m─[39m[90m─[39m[90m─[39m[90m─[39m[90m─[39m[90m─[39m[90m─[39m[90m─[39m[90m─[39m
Admin UI E2E (2, chrome)	Run Cypress	2024-12-03T00:30:24.6472186Z                                                                                                     
Admin UI E2E (2, chrome)	Run Cypress	2024-12-03T00:30:24.6473134Z   Running:  [90mclients_test.spec.ts[39m                                                            [90m(4 of 4)[39m
Admin UI E2E (2, chrome)	Run Cypress	2024-12-03T00:30:29.1999999Z 
Admin UI E2E (2, chrome)	Run Cypress	2024-12-03T00:30:29.2001185Z [0m[0m
Admin UI E2E (2, chrome)	Run Cypress	2024-12-03T00:30:29.2128803Z [0m  Clients test[0m
Admin UI E2E (2, chrome)	Run Cypress	2024-12-03T00:30:30.2554371Z [0m    Client details - Client scopes subtab[0m
Admin UI E2E (2, chrome)	Run Cypress	2024-12-03T00:30:37.8611130Z     [32m  ✓[0m[90m Should list client scopes[0m[90m (8536ms)[0m
Admin UI E2E (2, chrome)	Run Cypress	2024-12-03T00:30:40.9150753Z     [32m  ✓[0m[90m Should search existing client scope by name[0m[90m (3006ms)[0m
Admin UI E2E (2, chrome)	Run Cypress	2024-12-03T00:30:43.8249631Z     [32m  ✓[0m[90m Should search non-existent client scope by name[0m[90m (2875ms)[0m
Admin UI E2E (2, chrome)	Run Cypress	2024-12-03T00:30:47.0098093Z     [32m  ✓[0m[90m Should search existing client scope by assigned type[0m[90m (3153ms)[0m
Admin UI E2E (2, chrome)	Run Cypress	2024-12-03T00:30:50.6686475Z     [32m  ✓[0m[90m Should add client scope client-scope-test-optional-type with Optional assigned type[0m[90m (3628ms)[0m
Admin UI E2E (2, chrome)	Run Cypress	2024-12-03T00:30:54.2424639Z     [32m  ✓[0m[90m Should add client scope client-scope-test-default-type with Default assigned type[0m[90m (3541ms)[0m
Admin UI E2E (2, chrome)	Run Cypress	2024-12-03T00:30:58.0632658Z     [32m  ✓[0m[90m Should change item client-scope-test0 AssignedType to Optional from search bar[0m[90m (3786ms)[0m
Admin UI E2E (2, chrome)	Run Cypress	2024-12-03T00:31:01.8750388Z     [32m  ✓[0m[90m Should change item client-scope-test0 AssignedType to Default from search bar[0m[90m (3775ms)[0m
Admin UI E2E (2, chrome)	Run Cypress	2024-12-03T00:31:04.4580274Z     [32m  ✓[0m[90m Should show items on next page are more than 11[0m[90m (2550ms)[0m
Admin UI E2E (2, chrome)	Run Cypress	2024-12-03T00:31:08.2612371Z     [32m  ✓[0m[90m Should remove client scope from item bar[0m[90m (3769ms)[0m
Admin UI E2E (2, chrome)	Run Cypress	2024-12-03T00:31:16.1794852Z     [32m  ✓[0m[90m Should remove multiple client scopes from search bar[0m[90m (7882ms)[0m
Admin UI E2E (2, chrome)	Run Cypress	2024-12-03T00:31:20.0268519Z     [32m  ✓[0m[90m Should show initial items after filtering[0m[90m (2820ms)[0m
Admin UI E2E (2, chrome)	Run Cypress	2024-12-03T00:31:20.0397691Z [0m    Client scopes evaluate subtab[0m
Admin UI E2E (2, chrome)	Run Cypress	2024-12-03T00:31:22.7000029Z     [32m  ✓[0m[90m check effective protocol mappers list is not empty and find effective protocol mapper locale[0m[90m (2626ms)[0m
Admin UI E2E (2, chrome)	Run Cypress	2024-12-03T00:31:25.1312033Z     [32m  ✓[0m[90m check role scope mappings list list is not empty and find role scope mapping admin[0m[90m (2390ms)[0m
Admin UI E2E (2, chrome)	Run Cypress	2024-12-03T00:31:28.2647355Z     [32m  ✓[0m[90m check generated id token and user info[0m[90m (2968ms)[0m
Admin UI E2E (2, chrome)	Run Cypress	2024-12-03T00:31:28.2723927Z [0m    Client creation[0m
Admin UI E2E (2, chrome)	Run Cypress	2024-12-03T00:31:30.1205143Z     [32m  ✓[0m[90m Should cancel creating client[0m[90m (1823ms)[0m
Admin UI E2E (2, chrome)	Run Cypress	2024-12-03T00:31:34.0654212Z     [32m  ✓[0m[90m Should check settings elements[0m[90m (3912ms)[0m
Admin UI E2E (2, chrome)	Run Cypress	2024-12-03T00:31:36.1463343Z     [32m  ✓[0m[90m Should navigate to previous using 'back' button[0m[90m (2046ms)[0m
Admin UI E2E (2, chrome)	Run Cypress	2024-12-03T00:31:38.5894041Z     [32m  ✓[0m[90m Should fail creating client[0m[90m (2407ms)[0m
Admin UI E2E (2, chrome)	Run Cypress	2024-12-03T00:31:44.0951125Z     [32m  ✓[0m[90m Client CRUD test[0m[90m (5475ms)[0m
Admin UI E2E (2, chrome)	Run Cypress	2024-12-03T00:31:45.8934274Z     [32m  ✓[0m[90m Initial access token can't be created with 0 days and count[0m[90m (1761ms)[0m
Admin UI E2E (2, chrome)	Run Cypress	2024-12-03T00:31:50.2528941Z     [32m  ✓[0m[90m Initial access token[0m[90m (4316ms)[0m
Admin UI E2E (2, chrome)	Run Cypress	2024-12-03T00:31:51.8678360Z     [32m  ✓[0m[90m Should fail to create imported client with empty ID[0m[90m (1585ms)[0m
Admin UI E2E (2, chrome)	Run Cypress	2024-12-03T00:31:55.5969835Z     [32m  ✓[0m[90m Should fail to create client with same ID[0m[90m (3680ms)[0m
Admin UI E2E (2, chrome)	Run Cypress	2024-12-03T00:31:57.1022612Z     [32m  ✓[0m[90m should delete 'identical' client id[0m[90m (1474ms)[0m
Admin UI E2E (2, chrome)	Run Cypress	2024-12-03T00:31:57.1134905Z [0m    Roles tab test[0m
Admin UI E2E (2, chrome)	Run Cypress	2024-12-03T00:32:00.1831820Z     [32m  ✓[0m[90m Should fail to create client role with empty name[0m[90m (3044ms)[0m
Admin UI E2E (2, chrome)	Run Cypress	2024-12-03T00:32:03.7020380Z     [32m  ✓[0m[90m Should create client role[0m[90m (3487ms)[0m
Admin UI E2E (2, chrome)	Run Cypress	2024-12-03T00:32:07.6856889Z     [32m  ✓[0m[90m Should update client role description[0m[90m (3953ms)[0m
Admin UI E2E (2, chrome)	Run Cypress	2024-12-03T00:32:12.6943240Z     [32m  ✓[0m[90m Should add attribute to client role[0m[90m (4979ms)[0m
Admin UI E2E (2, chrome)	Run Cypress	2024-12-03T00:32:15.5791821Z     [32m  ✓[0m[90m Should delete attribute from client role[0m[90m (2844ms)[0m
Admin UI E2E (2, chrome)	Run Cypress	2024-12-03T00:32:18.7658304Z     [32m  ✓[0m[90m Should create client role to be deleted[0m[90m (3152ms)[0m
Admin UI E2E (2, chrome)	Run Cypress	2024-12-03T00:32:22.1606110Z     [32m  ✓[0m[90m Should fail to create duplicate client role[0m[90m (3364ms)[0m
Admin UI E2E (2, chrome)	Run Cypress	2024-12-03T00:32:25.4792169Z     [32m  ✓[0m[90m Should search existing client role[0m[90m (3283ms)[0m
Admin UI E2E (2, chrome)	Run Cypress	2024-12-03T00:32:28.5431281Z     [32m  ✓[0m[90m Should search non-existing role test[0m[90m (3025ms)[0m
Admin UI E2E (2, chrome)	Run Cypress	2024-12-03T00:32:31.3185511Z     [32m  ✓[0m[90m roles empty search test[0m[90m (2742ms)[0m
Admin UI E2E (2, chrome)	Run Cypress	2024-12-03T00:32:36.1391540Z     [32m  ✓[0m[90m Add associated roles test[0m[90m (4787ms)[0m
Admin UI E2E (2, chrome)	Run Cypress	2024-12-03T00:32:39.5907714Z     [32m  ✓[0m[90m Should hide inherited roles test[0m[90m (3418ms)[0m
Admin UI E2E (2, chrome)	Run Cypress	2024-12-03T00:32:43.7450098Z     [32m  ✓[0m[90m Should delete associated roles test[0m[90m (4125ms)[0m
Admin UI E2E (2, chrome)	Run Cypress	2024-12-03T00:32:47.4791680Z     [32m  ✓[0m[90m Should delete associated role from search bar test[0m[90m (3697ms)[0m
Admin UI E2E (2, chrome)	Run Cypress	2024-12-03T00:32:50.1403596Z     [32m  ✓[0m[90m Should delete client role test[0m[90m (2621ms)[0m
Admin UI E2E (2, chrome)	Run Cypress	2024-12-03T00:32:53.8104493Z     [32m  ✓[0m[90m Should delete client role from role details test[0m[90m (3385ms)[0m
Admin UI E2E (2, chrome)	Run Cypress	2024-12-03T00:32:53.8176890Z [0m    Advanced tab test[0m
Admin UI E2E (2, chrome)	Run Cypress	2024-12-03T00:32:57.6060181Z     [32m  ✓[0m[90m Clustering[0m[90m (3654ms)[0m
Admin UI E2E (2, chrome)	Run Cypress	2024-12-03T00:33:01.4187959Z     [32m  ✓[0m[90m Fine grain OpenID connect configuration[0m[90m (3514ms)[0m
Admin UI E2E (2, chrome)	Run Cypress	2024-12-03T00:33:05.3615752Z     [32m  ✓[0m[90m OIDC Compatibility Modes configuration[0m[90m (3648ms)[0m
Admin UI E2E (2, chrome)	Run Cypress	2024-12-03T00:33:11.3882661Z     [32m  ✓[0m[90m Client Offline Session Max[0m[90m (5866ms)[0m
Admin UI E2E (2, chrome)	Run Cypress	2024-12-03T00:33:15.6829134Z     [32m  ✓[0m[90m Advanced settings[0m[90m (4140ms)[0m
Admin UI E2E (2, chrome)	Run Cypress	2024-12-03T00:33:20.0163127Z     [32m  ✓[0m[90m Authentication flow override[0m[90m (4194ms)[0m
Admin UI E2E (2, chrome)	Run Cypress	2024-12-03T00:33:20.0295187Z [0m    Service account tab test[0m
Admin UI E2E (2, chrome)	Run Cypress	2024-12-03T00:33:23.3305394Z     [32m  ✓[0m[90m List[0m[90m (3272ms)[0m
Admin UI E2E (2, chrome)	Run Cypress	2024-12-03T00:33:27.4571210Z     [32m  ✓[0m[90m Assign[0m[90m (3847ms)[0m
Admin UI E2E (2, chrome)	Run Cypress	2024-12-03T00:33:27.4640683Z [0m    Mapping tab[0m
Admin UI E2E (2, chrome)	Run Cypress	2024-12-03T00:33:30.4522027Z     [32m  ✓[0m[90m Add mapping to openid client[0m[90m (2745ms)[0m
Admin UI E2E (2, chrome)	Run Cypress	2024-12-03T00:33:30.4604654Z [0m    Keys tab test[0m
Admin UI E2E (2, chrome)	Run Cypress	2024-12-03T00:33:33.8813018Z     [32m  ✓[0m[90m Generate new keys[0m[90m (3271ms)[0m
Admin UI E2E (2, chrome)	Run Cypress	2024-12-03T00:33:33.8905528Z [0m    Realm client[0m
Admin UI E2E (2, chrome)	Run Cypress	2024-12-03T00:33:36.3694745Z     [32m  ✓[0m[90m Displays the correct tabs[0m[90m (2451ms)[0m
Admin UI E2E (2, chrome)	Run Cypress	2024-12-03T00:33:38.7422400Z     [32m  ✓[0m[90m Hides the delete action[0m[90m (2337ms)[0m
Admin UI E2E (2, chrome)	Run Cypress	2024-12-03T00:33:38.7559405Z [0m    ***
Admin UI E2E (2, chrome)	Run Cypress	2024-12-03T00:33:40.9529840Z     [32m  ✓[0m[90m Shows an explainer text for bearer only clients[0m[90m (2172ms)[0m
Admin UI E2E (2, chrome)	Run Cypress	2024-12-03T00:33:43.0986093Z     [32m  ✓[0m[90m Hides the capability config section[0m[90m (1927ms)[0m
Admin UI E2E (2, chrome)	Run Cypress	2024-12-03T00:33:43.1066573Z [0m    Generated home URLs for built-in clients[0m
Admin UI E2E (2, chrome)	Run Cypress	2024-12-03T00:33:44.3273993Z     [32m  ✓[0m[90m Check account-console Home URL[0m[90m (1192ms)[0m
Admin UI E2E (2, chrome)	Run Cypress	2024-12-03T00:33:45.6020755Z     [32m  ✓[0m[90m Check security-admin-console Home URL[0m[90m (1234ms)[0m
Admin UI E2E (2, chrome)	Run Cypress	2024-12-03T00:33:45.6114342Z [0m    Accessibility tests for clients[0m
Admin UI E2E (2, chrome)	Run Cypress	2024-12-03T00:33:47.4582009Z     [32m  ✓[0m[90m Check a11y violations on load/ clients list tab[0m[90m (1837ms)[0m
Admin UI E2E (2, chrome)	Run Cypress	2024-12-03T00:33:50.3245977Z     [32m  ✓[0m[90m Check a11y violations on create client page[0m[90m (2838ms)[0m
Admin UI E2E (2, chrome)	Run Cypress	2024-12-03T00:33:56.4960773Z     [32m  ✓[0m[90m Check a11y violations on client details page[0m[90m (6135ms)[0m
Admin UI E2E (2, chrome)	Run Cypress	2024-12-03T00:33:58.7920580Z     [32m  ✓[0m[90m Check a11y violations in delete dialog[0m[90m (2259ms)[0m
Admin UI E2E (2, chrome)	Run Cypress	2024-12-03T00:34:00.8908643Z       [33m(Attempt 1 of 4)[0m Check a11y violations on import client
Admin UI E2E (2, chrome)	Run Cypress	2024-12-03T00:34:03.6608956Z       [33m(Attempt 2 of 4)[0m Check a11y violations on import client
Admin UI E2E (2, chrome)	Run Cypress	2024-12-03T00:34:06.9973772Z       [33m(Attempt 3 of 4)[0m Check a11y violations on import client
Admin UI E2E (2, chrome)	Run Cypress	2024-12-03T00:34:10.5513816Z     [31m  1) Check a11y violations on import client[0m
Admin UI E2E (2, chrome)	Run Cypress	2024-12-03T00:34:12.4034547Z     [32m  ✓[0m[90m Check a11y violations on initial access token[0m[90m (1744ms)[0m
Admin UI E2E (2, chrome)	Run Cypress	2024-12-03T00:34:14.1786954Z     [32m  ✓[0m[90m Check a11y violations on client registration/ anonymous access policies tab[0m[90m (1744ms)[0m
Admin UI E2E (2, chrome)	Run Cypress	2024-12-03T00:34:16.4275698Z     [32m  ✓[0m[90m Check a11y violations on client registration/ authenticated access policies tab[0m[90m (1744ms)[0m
Admin UI E2E (2, chrome)	Run Cypress	2024-12-03T00:34:16.4276703Z 
Admin UI E2E (2, chrome)	Run Cypress	2024-12-03T00:34:16.4476667Z 
Admin UI E2E (2, chrome)	Run Cypress	2024-12-03T00:34:16.4477919Z [92m [0m[32m 64 passing[0m[90m (4m)[0m
Admin UI E2E (2, chrome)	Run Cypress	2024-12-03T00:34:16.4479009Z [31m  1 failing[0m
Admin UI E2E (2, chrome)	Run Cypress	2024-12-03T00:34:16.4480376Z 
Admin UI E2E (2, chrome)	Run Cypress	2024-12-03T00:34:16.4481878Z [0m  1) Clients test
Admin UI E2E (2, chrome)	Run Cypress	2024-12-03T00:34:16.4482418Z        Accessibility tests for clients
Admin UI E2E (2, chrome)	Run Cypress	2024-12-03T00:34:16.4483034Z          Check a11y violations on import client:
Admin UI E2E (2, chrome)	Run Cypress	2024-12-03T00:34:16.4484217Z [0m[31m     AssertionError: 1 accessibility violation was detected: expected 1 to equal 0[0m[90m
Admin UI E2E (2, chrome)	Run Cypress	2024-12-03T00:34:16.4485885Z       at Context.eval (webpack://@keycloak/keycloak-admin-ui/../../node_modules/.pnpm/cypress-axe@1.5.0_axe-core@4.10.2_cypress@13.16.0/node_modules/cypress-axe/dist/index.js:100:0)
Admin UI E2E (2, chrome)	Run Cypress	2024-12-03T00:34:16.4487233Z [0m
Admin UI E2E (2, chrome)	Run Cypress	2024-12-03T00:34:16.4487531Z 
Admin UI E2E (2, chrome)	Run Cypress	2024-12-03T00:34:16.4487632Z 
Admin UI E2E (2, chrome)	Run Cypress	2024-12-03T00:34:17.4641342Z 
Admin UI E2E (2, chrome)	Run Cypress	2024-12-03T00:34:17.4642735Z [31m  ([4m[1mResults[22m[24m)[39m
Admin UI E2E (2, chrome)	Run Cypress	2024-12-03T00:34:17.4659387Z 
Admin UI E2E (2, chrome)	Run Cypress	2024-12-03T00:34:17.4673349Z [90m  ┌[39m[90m─[39m[90m─[39m[90m─[39m[90m─[39m[90m─[39m[90m─[39m[90m─[39m[90m─[39m[90m─[39m[90m─[39m[90m─[39m[90m─[39m[90m─[39m[90m─[39m[90m─[39m[90m─[39m[90m─[39m[90m─[39m[90m─[39m[90m─[39m[90m─[39m[90m─[39m[90m─[39m[90m─[39m[90m─[39m[90m─[39m[90m─[39m[90m─[39m[90m─[39m[90m─[39m[90m─[39m[90m─[39m[90m─[39m[90m─[39m[90m─[39m[90m─[39m[90m─[39m[90m─[39m[90m─[39m[90m─[39m[90m─[39m[90m─[39m[90m─[39m[90m─[39m[90m─[39m[90m─[39m[90m─[39m[90m─[39m[90m─[39m[90m─[39m[90m─[39m[90m─[39m[90m─[39m[90m─[39m[90m─[39m[90m─[39m[90m─[39m[90m─[39m[90m─[39m[90m─[39m[90m─[39m[90m─[39m[90m─[39m[90m─[39m[90m─[39m[90m─[39m[90m─[39m[90m─[39m[90m─[39m[90m─[39m[90m─[39m[90m─[39m[90m─[39m[90m─[39m[90m─[39m[90m─[39m[90m─[39m[90m─[39m[90m─[39m[90m─[39m[90m─[39m[90m─[39m[90m─[39m[90m─[39m[90m─[39m[90m─[39m[90m─[39m[90m─[39m[90m─[39m[90m─[39m[90m─[39m[90m─[39m[90m─[39m[90m─[39m[90m─[39m[90m─[39m[90m┐[39m
Admin UI E2E (2, chrome)	Run Cypress	2024-12-03T00:34:17.4675961Z [90m  │[39m [90mTests:[39m        [31m65[39m                                                                               [90m│[39m
Admin UI E2E (2, chrome)	Run Cypress	2024-12-03T00:34:17.4677530Z [90m  │[39m [90mPassing:[39m      [31m64[39m                                                                               [90m│[39m
Admin UI E2E (2, chrome)	Run Cypress	2024-12-03T00:34:17.4678832Z [90m  │[39m [90mFailing:[39m      [31m1[39m                                                                                [90m│[39m
Admin UI E2E (2, chrome)	Run Cypress	2024-12-03T00:34:17.4680153Z [90m  │[39m [90mPending:[39m      [31m0[39m                                                                                [90m│[39m
Admin UI E2E (2, chrome)	Run Cypress	2024-12-03T00:34:17.4681440Z [90m  │[39m [90mSkipped:[39m      [31m0[39m                                                                                [90m│[39m
Admin UI E2E (2, chrome)	Run Cypress	2024-12-03T00:34:17.4682748Z [90m  │[39m [90mScreenshots:[39m  [31m4[39m                                                                                [90m│[39m
Admin UI E2E (2, chrome)	Run Cypress	2024-12-03T00:34:17.4684083Z [90m  │[39m [90mVideo:[39m        [31mtrue[39m                                                                             [90m│[39m
Admin UI E2E (2, chrome)	Run Cypress	2024-12-03T00:34:17.4685463Z [90m  │[39m [90mDuration:[39m     [31m3 minutes, 47 seconds[39m                                                            [90m│[39m
Admin UI E2E (2, chrome)	Run Cypress	2024-12-03T00:34:17.4686995Z [90m  │[39m [90mSpec Ran:[39m     [31m[31mclients_test.spec.ts[31m[39m                                                             [90m│[39m
Admin UI E2E (2, chrome)	Run Cypress	2024-12-03T00:34:17.4694603Z [90m  └[39m[90m─[39m[90m─[39m[90m─[39m[90m─[39m[90m─[39m[90m─[39m[90m─[39m[90m─[39m[90m─[39m[90m─[39m[90m─[39m[90m─[39m[90m─[39m[90m─[39m[90m─[39m[90m─[39m[90m─[39m[90m─[39m[90m─[39m[90m─[39m[90m─[39m[90m─[39m[90m─[39m[90m─[39m[90m─[39m[90m─[39m[90m─[39m[90m─[39m[90m─[39m[90m─[39m[90m─[39m[90m─[39m[90m─[39m[90m─[39m[90m─[39m[90m─[39m[90m─[39m[90m─[39m[90m─[39m[90m─[39m[90m─[39m[90m─[39m[90m─[39m[90m─[39m[90m─[39m[90m─[39m[90m─[39m[90m─[39m[90m─[39m[90m─[39m[90m─[39m[90m─[39m[90m─[39m[90m─[39m[90m─[39m[90m─[39m[90m─[39m[90m─[39m[90m─[39m[90m─[39m[90m─[39m[90m─[39m[90m─[39m[90m─[39m[90m─[39m[90m─[39m[90m─[39m[90m─[39m[90m─[39m[90m─[39m[90m─[39m[90m─[39m[90m─[39m[90m─[39m[90m─[39m[90m─[39m[90m─[39m[90m─[39m[90m─[39m[90m─[39m[90m─[39m[90m─[39m[90m─[39m[90m─[39m[90m─[39m[90m─[39m[90m─[39m[90m─[39m[90m─[39m[90m─[39m[90m─[39m[90m─[39m[90m─[39m[90m─[39m[90m─[39m[90m─[39m[90m┘[39m
Admin UI E2E (2, chrome)	Run Cypress	2024-12-03T00:34:17.4698731Z 
Admin UI E2E (2, chrome)	Run Cypress	2024-12-03T00:34:17.4698748Z 
Admin UI E2E (2, chrome)	Run Cypress	2024-12-03T00:34:17.4699140Z [33m  ([4m[1mScreenshots[22m[24m)[39m
Admin UI E2E (2, chrome)	Run Cypress	2024-12-03T00:34:17.4699463Z 
Admin UI E2E (2, chrome)	Run Cypress	2024-12-03T00:34:17.4700608Z [90m [39m -  [0m/home/runner/work/keycloak/keycloak/js/apps/admin-ui/cypress/screenshots/clients[0m     [90m[90m(1280x581)[90m[39m
Admin UI E2E (2, chrome)	Run Cypress	2024-12-03T00:34:17.4702309Z [90m [39m    [0m_test.spec.ts/Clients test -- Accessibility tests for clients -- Check a11y viol[0m               
Admin UI E2E (2, chrome)	Run Cypress	2024-12-03T00:34:17.4703978Z [90m [39m    [0mations on import client (failed).png[0m                                                           
Admin UI E2E (2, chrome)	Run Cypress	2024-12-03T00:34:17.4705697Z [90m [39m -  [0m/home/runner/work/keycloak/keycloak/js/apps/admin-ui/cypress/screenshots/clients[0m     [90m[90m(1280x581)[90m[39m
Admin UI E2E (2, chrome)	Run Cypress	2024-12-03T00:34:17.4707404Z [90m [39m    [0m_test.spec.ts/Clients test -- Accessibility tests for clients -- Check a11y viol[0m               
Admin UI E2E (2, chrome)	Run Cypress	2024-12-03T00:34:17.4708883Z [90m [39m    [0mations on import client (failed) (attempt 2).png[0m                                               
Admin UI E2E (2, chrome)	Run Cypress	2024-12-03T00:34:17.4710584Z [90m [39m -  [0m/home/runner/work/keycloak/keycloak/js/apps/admin-ui/cypress/screenshots/clients[0m     [90m[90m(1280x581)[90m[39m
Admin UI E2E (2, chrome)	Run Cypress	2024-12-03T00:34:17.4712241Z [90m [39m    [0m_test.spec.ts/Clients test -- Accessibility tests for clients -- Check a11y viol[0m               
Admin UI E2E (2, chrome)	Run Cypress	2024-12-03T00:34:17.4713641Z [90m [39m    [0mations on import client (failed) (attempt 3).png[0m                                               
Admin UI E2E (2, chrome)	Run Cypress	2024-12-03T00:34:17.4715109Z [90m [39m -  [0m/home/runner/work/keycloak/keycloak/js/apps/admin-ui/cypress/screenshots/clients[0m     [90m[90m(1280x581)[90m[39m
Admin UI E2E (2, chrome)	Run Cypress	2024-12-03T00:34:17.4716565Z [90m [39m    [0m_test.spec.ts/Clients test -- Accessibility tests for clients -- Check a11y viol[0m               
Admin UI E2E (2, chrome)	Run Cypress	2024-12-03T00:34:17.4717874Z [90m [39m    [0mations on import client (failed) (attempt 4).png[0m                                               
Admin UI E2E (2, chrome)	Run Cypress	2024-12-03T00:34:17.4718382Z 
Admin UI E2E (2, chrome)	Run Cypress	2024-12-03T00:34:17.4718402Z 
Admin UI E2E (2, chrome)	Run Cypress	2024-12-03T00:34:17.4721972Z [36m  ([4m[1mVideo[22m[24m)[39m
Admin UI E2E (2, chrome)	Run Cypress	2024-12-03T00:34:17.4727767Z 
Admin UI E2E (2, chrome)	Run Cypress	2024-12-03T00:34:17.4728849Z   -  Video output: [36m/home/runner/work/keycloak/keycloak/js/apps/admin-ui/cypress/videos/clients_test.spec.ts.mp4[39m
Admin UI E2E (2, chrome)	Run Cypress	2024-12-03T00:34:17.4730255Z 
Admin UI E2E (2, chrome)	Run Cypress	2024-12-03T00:34:17.4846163Z 
Admin UI E2E (2, chrome)	Run Cypress	2024-12-03T00:34:17.5363174Z [90m====================================================================================================[39m
Admin UI E2E (2, chrome)	Run Cypress	2024-12-03T00:34:17.5363590Z 
Admin UI E2E (2, chrome)	Run Cypress	2024-12-03T00:34:17.5363827Z [0m  ([4m[1mRun Finished[22m[24m)[0m
Admin UI E2E (2, chrome)	Run Cypress	2024-12-03T00:34:17.5378832Z 
Admin UI E2E (2, chrome)	Run Cypress	2024-12-03T00:34:17.5378896Z 
Admin UI E2E (2, chrome)	Run Cypress	2024-12-03T00:34:17.5399151Z [90m   [39m    [90mSpec[39m                                              [90mTests[39m  [90mPassing[39m  [90mFailing[39m  [90mPending[39m  [90mSkipped[39m [90m [39m
Admin UI E2E (2, chrome)	Run Cypress	2024-12-03T00:34:17.5406616Z [90m  ┌[39m[90m─[39m[90m─[39m[90m─[39m[90m─[39m[90m─[39m[90m─[39m[90m─[39m[90m─[39m[90m─[39m[90m─[39m[90m─[39m[90m─[39m[90m─[39m[90m─[39m[90m─[39m[90m─[39m[90m─[39m[90m─[39m[90m─[39m[90m─[39m[90m─[39m[90m─[39m[90m─[39m[90m─[39m[90m─[39m[90m─[39m[90m─[39m[90m─[39m[90m─[39m[90m─[39m[90m─[39m[90m─[39m[90m─[39m[90m─[39m[90m─[39m[90m─[39m[90m─[39m[90m─[39m[90m─[39m[90m─[39m[90m─[39m[90m─[39m[90m─[39m[90m─[39m[90m─[39m[90m─[39m[90m─[39m[90m─[39m[90m─[39m[90m─[39m[90m─[39m[90m─[39m[90m─[39m[90m─[39m[90m─[39m[90m─[39m[90m─[39m[90m─[39m[90m─[39m[90m─[39m[90m─[39m[90m─[39m[90m─[39m[90m─[39m[90m─[39m[90m─[39m[90m─[39m[90m─[39m[90m─[39m[90m─[39m[90m─[39m[90m─[39m[90m─[39m[90m─[39m[90m─[39m[90m─[39m[90m─[39m[90m─[39m[90m─[39m[90m─[39m[90m─[39m[90m─[39m[90m─[39m[90m─[39m[90m─[39m[90m─[39m[90m─[39m[90m─[39m[90m─[39m[90m─[39m[90m─[39m[90m─[39m[90m─[39m[90m─[39m[90m─[39m[90m─[39m[90m┐[39m
Admin UI E2E (2, chrome)	Run Cypress	2024-12-03T00:34:17.5411592Z [90m  │[39m [32m✔[39m  [0mclient_authorization_test.spec.ts[0m        [90m01:04[39m       [0m12[0m       [32m11[39m        [90m-[39m        [36m1[39m        [90m-[39m [90m│[39m
Admin UI E2E (2, chrome)	Run Cypress	2024-12-03T00:34:17.5418994Z [90m  ├[39m[90m─[39m[90m─[39m[90m─[39m[90m─[39m[90m─[39m[90m─[39m[90m─[39m[90m─[39m[90m─[39m[90m─[39m[90m─[39m[90m─[39m[90m─[39m[90m─[39m[90m─[39m[90m─[39m[90m─[39m[90m─[39m[90m─[39m[90m─[39m[90m─[39m[90m─[39m[90m─[39m[90m─[39m[90m─[39m[90m─[39m[90m─[39m[90m─[39m[90m─[39m[90m─[39m[90m─[39m[90m─[39m[90m─[39m[90m─[39m[90m─[39m[90m─[39m[90m─[39m[90m─[39m[90m─[39m[90m─[39m[90m─[39m[90m─[39m[90m─[39m[90m─[39m[90m─[39m[90m─[39m[90m─[39m[90m─[39m[90m─[39m[90m─[39m[90m─[39m[90m─[39m[90m─[39m[90m─[39m[90m─[39m[90m─[39m[90m─[39m[90m─[39m[90m─[39m[90m─[39m[90m─[39m[90m─[39m[90m─[39m[90m─[39m[90m─[39m[90m─[39m[90m─[39m[90m─[39m[90m─[39m[90m─[39m[90m─[39m[90m─[39m[90m─[39m[90m─[39m[90m─[39m[90m─[39m[90m─[39m[90m─[39m[90m─[39m[90m─[39m[90m─[39m[90m─[39m[90m─[39m[90m─[39m[90m─[39m[90m─[39m[90m─[39m[90m─[39m[90m─[39m[90m─[39m[90m─[39m[90m─[39m[90m─[39m[90m─[39m[90m─[39m[90m─[39m[90m┤[39m
Admin UI E2E (2, chrome)	Run Cypress	2024-12-03T00:34:17.5424576Z [90m  │[39m [32m✔[39m  [0muser_fed_test.spec.ts[0m                    [90m00:03[39m        [0m1[0m        [32m1[39m        [90m-[39m        [90m-[39m        [90m-[39m [90m│[39m
Admin UI E2E (2, chrome)	Run Cypress	2024-12-03T00:34:17.5432440Z [90m  ├[39m[90m─[39m[90m─[39m[90m─[39m[90m─[39m[90m─[39m[90m─[39m[90m─[39m[90m─[39m[90m─[39m[90m─[39m[90m─[39m[90m─[39m[90m─[39m[90m─[39m[90m─[39m[90m─[39m[90m─[39m[90m─[39m[90m─[39m[90m─[39m[90m─[39m[90m─[39m[90m─[39m[90m─[39m[90m─[39m[90m─[39m[90m─[39m[90m─[39m[90m─[39m[90m─[39m[90m─[39m[90m─[39m[90m─[39m[90m─[39m[90m─[39m[90m─[39m[90m─[39m[90m─[39m[90m─[39m[90m─[39m[90m─[39m[90m─[39m[90m─[39m[90m─[39m[90m─[39m[90m─[39m[90m─[39m[90m─[39m[90m─[39m[90m─[39m[90m─[39m[90m─[39m[90m─[39m[90m─[39m[90m─[39m[90m─[39m[90m─[39m[90m─[39m[90m─[39m[90m─[39m[90m─[39m[90m─[39m[90m─[39m[90m─[39m[90m─[39m[90m─[39m[90m─[39m[90m─[39m[90m─[39m[90m─[39m[90m─[39m[90m─[39m[90m─[39m[90m─[39m[90m─[39m[90m─[39m[90m─[39m[90m─[39m[90m─[39m[90m─[39m[90m─[39m[90m─[39m[90m─[39m[90m─[39m[90m─[39m[90m─[39m[90m─[39m[90m─[39m[90m─[39m[90m─[39m[90m─[39m[90m─[39m[90m─[39m[90m─[39m[90m─[39m[90m─[39m[90m┤[39m
Admin UI E2E (2, chrome)	Run Cypress	2024-12-03T00:34:17.5438174Z [90m  │[39m [32m✔[39m  [0musers_test.spec.ts[0m                       [90m02:16[39m       [0m44[0m       [32m44[39m        [90m-[39m        [90m-[39m        [90m-[39m [90m│[39m
Admin UI E2E (2, chrome)	Run Cypress	2024-12-03T00:34:17.5445510Z [90m  ├[39m[90m─[39m[90m─[39m[90m─[39m[90m─[39m[90m─[39m[90m─[39m[90m─[39m[90m─[39m[90m─[39m[90m─[39m[90m─[39m[90m─[39m[90m─[39m[90m─[39m[90m─[39m[90m─[39m[90m─[39m[90m─[39m[90m─[39m[90m─[39m[90m─[39m[90m─[39m[90m─[39m[90m─[39m[90m─[39m[90m─[39m[90m─[39m[90m─[39m[90m─[39m[90m─[39m[90m─[39m[90m─[39m[90m─[39m[90m─[39m[90m─[39m[90m─[39m[90m─[39m[90m─[39m[90m─[39m[90m─[39m[90m─[39m[90m─[39m[90m─[39m[90m─[39m[90m─[39m[90m─[39m[90m─[39m[90m─[39m[90m─[39m[90m─[39m[90m─[39m[90m─[39m[90m─[39m[90m─[39m[90m─[39m[90m─[39m[90m─[39m[90m─[39m[90m─[39m[90m─[39m[90m─[39m[90m─[39m[90m─[39m[90m─[39m[90m─[39m[90m─[39m[90m─[39m[90m─[39m[90m─[39m[90m─[39m[90m─[39m[90m─[39m[90m─[39m[90m─[39m[90m─[39m[90m─[39m[90m─[39m[90m─[39m[90m─[39m[90m─[39m[90m─[39m[90m─[39m[90m─[39m[90m─[39m[90m─[39m[90m─[39m[90m─[39m[90m─[39m[90m─[39m[90m─[39m[90m─[39m[90m─[39m[90m─[39m[90m─[39m[90m─[39m[90m─[39m[90m┤[39m
Admin UI E2E (2, chrome)	Run Cypress	2024-12-03T00:34:17.5450469Z [90m  │[39m [31m✖[39m  [0mclients_test.spec.ts[0m                     [90m03:47[39m       [0m65[0m       [32m64[39m        [31m1[39m        [90m-[39m        [90m-[39m [90m│[39m
Admin UI E2E (2, chrome)	Run Cypress	2024-12-03T00:34:17.5458066Z [90m  └[39m[90m─[39m[90m─[39m[90m─[39m[90m─[39m[90m─[39m[90m─[39m[90m─[39m[90m─[39m[90m─[39m[90m─[39m[90m─[39m[90m─[39m[90m─[39m[90m─[39m[90m─[39m[90m─[39m[90m─[39m[90m─[39m[90m─[39m[90m─[39m[90m─[39m[90m─[39m[90m─[39m[90m─[39m[90m─[39m[90m─[39m[90m─[39m[90m─[39m[90m─[39m[90m─[39m[90m─[39m[90m─[39m[90m─[39m[90m─[39m[90m─[39m[90m─[39m[90m─[39m[90m─[39m[90m─[39m[90m─[39m[90m─[39m[90m─[39m[90m─[39m[90m─[39m[90m─[39m[90m─[39m[90m─[39m[90m─[39m[90m─[39m[90m─[39m[90m─[39m[90m─[39m[90m─[39m[90m─[39m[90m─[39m[90m─[39m[90m─[39m[90m─[39m[90m─[39m[90m─[39m[90m─[39m[90m─[39m[90m─[39m[90m─[39m[90m─[39m[90m─[39m[90m─[39m[90m─[39m[90m─[39m[90m─[39m[90m─[39m[90m─[39m[90m─[39m[90m─[39m[90m─[39m[90m─[39m[90m─[39m[90m─[39m[90m─[39m[90m─[39m[90m─[39m[90m─[39m[90m─[39m[90m─[39m[90m─[39m[90m─[39m[90m─[39m[90m─[39m[90m─[39m[90m─[39m[90m─[39m[90m─[39m[90m─[39m[90m─[39m[90m─[39m[90m─[39m[90m┘[39m
Admin UI E2E (2, chrome)	Run Cypress	2024-12-03T00:34:17.5507423Z [90m   [39m [31m✖[39m  [31m1 of 4 failed (25%)[39m                      [90m07:12[39m      [0m122[0m      [32m120[39m        [31m1[39m        [36m1[39m        [90m-[39m [90m [39m
Admin UI E2E (2, chrome)	Run Cypress	2024-12-03T00:34:17.5510774Z 
Admin UI E2E (2, chrome)	Run Cypress	2024-12-03T00:34:17.6348966Z ##[error]Cypress tests: 1 failed
Status Check - Keycloak JavaScript CI	Run /./.github/actions/status-check	2024-12-03T00:39:56.5453200Z Prepare all required actions
Status Check - Keycloak JavaScript CI	Run /./.github/actions/status-check	2024-12-03T00:39:56.5528863Z ##[group]Run ./.github/actions/status-check
Status Check - Keycloak JavaScript CI	Run /./.github/actions/status-check	2024-12-03T00:39:56.5529300Z with:
Status Check - Keycloak JavaScript CI	Run /./.github/actions/status-check	2024-12-03T00:39:56.5530642Z   jobs: {
Status Check - Keycloak JavaScript CI	Run /./.github/actions/status-check	  "conditional": {
Status Check - Keycloak JavaScript CI	Run /./.github/actions/status-check	    "result": "success",
Status Check - Keycloak JavaScript CI	Run /./.github/actions/status-check	    "outputs": {
Status Check - Keycloak JavaScript CI	Run /./.github/actions/status-check	      "js-ci": "true"
Status Check - Keycloak JavaScript CI	Run /./.github/actions/status-check	    }
Status Check - Keycloak JavaScript CI	Run /./.github/actions/status-check	  },
Status Check - Keycloak JavaScript CI	Run /./.github/actions/status-check	  "build-keycloak": {
Status Check - Keycloak JavaScript CI	Run /./.github/actions/status-check	    "result": "success",
Status Check - Keycloak JavaScript CI	Run /./.github/actions/status-check	    "outputs": {}
Status Check - Keycloak JavaScript CI	Run /./.github/actions/status-check	  },
Status Check - Keycloak JavaScript CI	Run /./.github/actions/status-check	  "admin-client": {
Status Check - Keycloak JavaScript CI	Run /./.github/actions/status-check	    "result": "success",
Status Check - Keycloak JavaScript CI	Run /./.github/actions/status-check	    "outputs": {}
Status Check - Keycloak JavaScript CI	Run /./.github/actions/status-check	  },
Status Check - Keycloak JavaScript CI	Run /./.github/actions/status-check	  "ui-shared": {
Status Check - Keycloak JavaScript CI	Run /./.github/actions/status-check	    "result": "success",
Status Check - Keycloak JavaScript CI	Run /./.github/actions/status-check	    "outputs": {}
Status Check - Keycloak JavaScript CI	Run /./.github/actions/status-check	  },
Status Check - Keycloak JavaScript CI	Run /./.github/actions/status-check	  "account-ui": {
Status Check - Keycloak JavaScript CI	Run /./.github/actions/status-check	    "result": "success",
Status Check - Keycloak JavaScript CI	Run /./.github/actions/status-check	    "outputs": {}
Status Check - Keycloak JavaScript CI	Run /./.github/actions/status-check	  },
Status Check - Keycloak JavaScript CI	Run /./.github/actions/status-check	  "account-ui-e2e": {
Status Check - Keycloak JavaScript CI	Run /./.github/actions/status-check	    "result": "success",
Status Check - Keycloak JavaScript CI	Run /./.github/actions/status-check	    "outputs": {}
Status Check - Keycloak JavaScript CI	Run /./.github/actions/status-check	  },
Status Check - Keycloak JavaScript CI	Run /./.github/actions/status-check	  "admin-ui": {
Status Check - Keycloak JavaScript CI	Run /./.github/actions/status-check	    "result": "success",
Status Check - Keycloak JavaScript CI	Run /./.github/actions/status-check	    "outputs": {}
Status Check - Keycloak JavaScript CI	Run /./.github/actions/status-check	  },
Status Check - Keycloak JavaScript CI	Run /./.github/actions/status-check	  "admin-ui-e2e": {
Status Check - Keycloak JavaScript CI	Run /./.github/actions/status-check	    "result": "failure",
Status Check - Keycloak JavaScript CI	Run /./.github/actions/status-check	    "outputs": {}
Status Check - Keycloak JavaScript CI	Run /./.github/actions/status-check	  }
Status Check - Keycloak JavaScript CI	Run /./.github/actions/status-check	}
Status Check - Keycloak JavaScript CI	Run /./.github/actions/status-check	2024-12-03T00:39:56.5533453Z env:
Status Check - Keycloak JavaScript CI	Run /./.github/actions/status-check	2024-12-03T00:39:56.5534137Z   MAVEN_ARGS: -B -nsu -Daether.connector.http.connectionMaxTtl=25
Status Check - Keycloak JavaScript CI	Run /./.github/actions/status-check	2024-12-03T00:39:56.5534745Z ##[endgroup]
Status Check - Keycloak JavaScript CI	Run /./.github/actions/status-check	2024-12-03T00:39:56.5644397Z ##[group]Run JOBS='{
Status Check - Keycloak JavaScript CI	Run /./.github/actions/status-check	2024-12-03T00:39:56.5645051Z [36;1mJOBS='{[0m
Status Check - Keycloak JavaScript CI	Run /./.github/actions/status-check	2024-12-03T00:39:56.5645496Z [36;1m  "conditional": {[0m
Status Check - Keycloak JavaScript CI	Run /./.github/actions/status-check	2024-12-03T00:39:56.5645973Z [36;1m    "result": "success",[0m
Status Check - Keycloak JavaScript CI	Run /./.github/actions/status-check	2024-12-03T00:39:56.5646355Z [36;1m    "outputs": {[0m
Status Check - Keycloak JavaScript CI	Run /./.github/actions/status-check	2024-12-03T00:39:56.5646694Z [36;1m      "js-ci": "true"[0m
Status Check - Keycloak JavaScript CI	Run /./.github/actions/status-check	2024-12-03T00:39:56.5647070Z [36;1m    }[0m
Status Check - Keycloak JavaScript CI	Run /./.github/actions/status-check	2024-12-03T00:39:56.5647386Z [36;1m  },[0m
Status Check - Keycloak JavaScript CI	Run /./.github/actions/status-check	2024-12-03T00:39:56.5647693Z [36;1m  "build-keycloak": {[0m
Status Check - Keycloak JavaScript CI	Run /./.github/actions/status-check	2024-12-03T00:39:56.5648156Z [36;1m    "result": "success",[0m
Status Check - Keycloak JavaScript CI	Run /./.github/actions/status-check	2024-12-03T00:39:56.5648532Z [36;1m    "outputs": {}[0m
Status Check - Keycloak JavaScript CI	Run /./.github/actions/status-check	2024-12-03T00:39:56.5648846Z [36;1m  },[0m
Status Check - Keycloak JavaScript CI	Run /./.github/actions/status-check	2024-12-03T00:39:56.5649200Z [36;1m  "admin-client": {[0m
Status Check - Keycloak JavaScript CI	Run /./.github/actions/status-check	2024-12-03T00:39:56.5649572Z [36;1m    "result": "success",[0m
Status Check - Keycloak JavaScript CI	Run /./.github/actions/status-check	2024-12-03T00:39:56.5649918Z [36;1m    "outputs": {}[0m
Status Check - Keycloak JavaScript CI	Run /./.github/actions/status-check	2024-12-03T00:39:56.5650349Z [36;1m  },[0m
Status Check - Keycloak JavaScript CI	Run /./.github/actions/status-check	2024-12-03T00:39:56.5650684Z [36;1m  "ui-shared": {[0m
Status Check - Keycloak JavaScript CI	Run /./.github/actions/status-check	2024-12-03T00:39:56.5650999Z [36;1m    "result": "success",[0m
Status Check - Keycloak JavaScript CI	Run /./.github/actions/status-check	2024-12-03T00:39:56.5651384Z [36;1m    "outputs": {}[0m
Status Check - Keycloak JavaScript CI	Run /./.github/actions/status-check	2024-12-03T00:39:56.5651722Z [36;1m  },[0m
Status Check - Keycloak JavaScript CI	Run /./.github/actions/status-check	2024-12-03T00:39:56.5652011Z [36;1m  "account-ui": {[0m
Status Check - Keycloak JavaScript CI	Run /./.github/actions/status-check	2024-12-03T00:39:56.5652379Z [36;1m    "result": "success",[0m
Status Check - Keycloak JavaScript CI	Run /./.github/actions/status-check	2024-12-03T00:39:56.5652744Z [36;1m    "outputs": {}[0m
Status Check - Keycloak JavaScript CI	Run /./.github/actions/status-check	2024-12-03T00:39:56.5653053Z [36;1m  },[0m
Status Check - Keycloak JavaScript CI	Run /./.github/actions/status-check	2024-12-03T00:39:56.5653407Z [36;1m  "account-ui-e2e": {[0m
Status Check - Keycloak JavaScript CI	Run /./.github/actions/status-check	2024-12-03T00:39:56.5653748Z [36;1m    "result": "success",[0m
Status Check - Keycloak JavaScript CI	Run /./.github/actions/status-check	2024-12-03T00:39:56.5654070Z [36;1m    "outputs": {}[0m
Status Check - Keycloak JavaScript CI	Run /./.github/actions/status-check	2024-12-03T00:39:56.5654506Z [36;1m  },[0m
Status Check - Keycloak JavaScript CI	Run /./.github/actions/status-check	2024-12-03T00:39:56.5654808Z [36;1m  "admin-ui": {[0m
Status Check - Keycloak JavaScript CI	Run /./.github/actions/status-check	2024-12-03T00:39:56.5655125Z [36;1m    "result": "success",[0m
Status Check - Keycloak JavaScript CI	Run /./.github/actions/status-check	2024-12-03T00:39:56.5655521Z [36;1m    "outputs": {}[0m
Status Check - Keycloak JavaScript CI	Run /./.github/actions/status-check	2024-12-03T00:39:56.5655837Z [36;1m  },[0m
Status Check - Keycloak JavaScript CI	Run /./.github/actions/status-check	2024-12-03T00:39:56.5656117Z [36;1m  "admin-ui-e2e": {[0m
Status Check - Keycloak JavaScript CI	Run /./.github/actions/status-check	2024-12-03T00:39:56.5656512Z [36;1m    "result": "failure",[0m
Status Check - Keycloak JavaScript CI	Run /./.github/actions/status-check	2024-12-03T00:39:56.5657288Z [36;1m    "outputs": {}[0m
Status Check - Keycloak JavaScript CI	Run /./.github/actions/status-check	2024-12-03T00:39:56.5657716Z [36;1m  }[0m
Status Check - Keycloak JavaScript CI	Run /./.github/actions/status-check	2024-12-03T00:39:56.5658119Z [36;1m}'[0m
Status Check - Keycloak JavaScript CI	Run /./.github/actions/status-check	2024-12-03T00:39:56.5658436Z [36;1m[0m
Status Check - Keycloak JavaScript CI	Run /./.github/actions/status-check	2024-12-03T00:39:56.5658742Z [36;1mecho "Job status:"[0m
Status Check - Keycloak JavaScript CI	Run /./.github/actions/status-check	2024-12-03T00:39:56.5659360Z [36;1mecho $JOBS | jq -r 'to_entries[] | " - \(.key): \(.value.result)"'[0m
Status Check - Keycloak JavaScript CI	Run /./.github/actions/status-check	2024-12-03T00:39:56.5659821Z [36;1m[0m
Status Check - Keycloak JavaScript CI	Run /./.github/actions/status-check	2024-12-03T00:39:56.5660202Z [36;1mfor i in $(echo $JOBS | jq -r 'to_entries[] | .value.result'); do[0m
Status Check - Keycloak JavaScript CI	Run /./.github/actions/status-check	2024-12-03T00:39:56.5660792Z [36;1m  if [ "$i" != "success" ] && [ "$i" != "skipped" ]; then[0m
Status Check - Keycloak JavaScript CI	Run /./.github/actions/status-check	2024-12-03T00:39:56.5661163Z [36;1m    echo ""[0m
Status Check - Keycloak JavaScript CI	Run /./.github/actions/status-check	2024-12-03T00:39:56.5661504Z [36;1m    echo "Status check not okay!"[0m
Status Check - Keycloak JavaScript CI	Run /./.github/actions/status-check	2024-12-03T00:39:56.5662210Z [36;1m    exit 1[0m
Status Check - Keycloak JavaScript CI	Run /./.github/actions/status-check	2024-12-03T00:39:56.5662513Z [36;1m  fi[0m
Status Check - Keycloak JavaScript CI	Run /./.github/actions/status-check	2024-12-03T00:39:56.5662818Z [36;1mdone[0m
Status Check - Keycloak JavaScript CI	Run /./.github/actions/status-check	2024-12-03T00:39:56.5793433Z shell: /usr/bin/bash --noprofile --norc -e -o pipefail {0}
Status Check - Keycloak JavaScript CI	Run /./.github/actions/status-check	2024-12-03T00:39:56.5794016Z env:
Status Check - Keycloak JavaScript CI	Run /./.github/actions/status-check	2024-12-03T00:39:56.5794405Z   MAVEN_ARGS: -B -nsu -Daether.connector.http.connectionMaxTtl=25
Status Check - Keycloak JavaScript CI	Run /./.github/actions/status-check	2024-12-03T00:39:56.5794906Z ##[endgroup]
Status Check - Keycloak JavaScript CI	Run /./.github/actions/status-check	2024-12-03T00:39:56.5904457Z Job status:
Status Check - Keycloak JavaScript CI	Run /./.github/actions/status-check	2024-12-03T00:39:56.6171279Z  - conditional: success
Status Check - Keycloak JavaScript CI	Run /./.github/actions/status-check	2024-12-03T00:39:56.6172323Z  - build-keycloak: success
Status Check - Keycloak JavaScript CI	Run /./.github/actions/status-check	2024-12-03T00:39:56.6173625Z  - admin-client: success
Status Check - Keycloak JavaScript CI	Run /./.github/actions/status-check	2024-12-03T00:39:56.6174289Z  - ui-shared: success
Status Check - Keycloak JavaScript CI	Run /./.github/actions/status-check	2024-12-03T00:39:56.6174822Z  - account-ui: success
Status Check - Keycloak JavaScript CI	Run /./.github/actions/status-check	2024-12-03T00:39:56.6175308Z  - account-ui-e2e: success
Status Check - Keycloak JavaScript CI	Run /./.github/actions/status-check	2024-12-03T00:39:56.6175631Z  - admin-ui: success
Status Check - Keycloak JavaScript CI	Run /./.github/actions/status-check	2024-12-03T00:39:56.6176088Z  - admin-ui-e2e: failure
Status Check - Keycloak JavaScript CI	Run /./.github/actions/status-check	2024-12-03T00:39:56.6387290Z 
Status Check - Keycloak JavaScript CI	Run /./.github/actions/status-check	2024-12-03T00:39:56.6390925Z Status check not okay!
Status Check - Keycloak JavaScript CI	Run /./.github/actions/status-check	2024-12-03T00:39:56.6402860Z ##[error]Process completed with exit code 1.
