Store IT (oracle)	Run new base tests	2024-12-14T00:24:07.7415627Z ##[group]Run KC_TEST_DATABASE=oracle KC_TEST_DATABASE_REUSE=true TESTCONTAINERS_REUSE_ENABLE=true ./mvnw test -f tests/pom.xml -Dtest=DatabaseTestSuite
Store IT (oracle)	Run new base tests	2024-12-14T00:24:07.7416657Z [36;1mKC_TEST_DATABASE=oracle KC_TEST_DATABASE_REUSE=true TESTCONTAINERS_REUSE_ENABLE=true ./mvnw test -f tests/pom.xml -Dtest=DatabaseTestSuite[0m
Store IT (oracle)	Run new base tests	2024-12-14T00:24:07.7447162Z shell: /usr/bin/bash --noprofile --norc -e -o pipefail {0}
Store IT (oracle)	Run new base tests	2024-12-14T00:24:07.7447704Z env:
Store IT (oracle)	Run new base tests	2024-12-14T00:24:07.7448156Z   MAVEN_ARGS: -B -nsu -Daether.connector.http.connectionMaxTtl=25
Store IT (oracle)	Run new base tests	2024-12-14T00:24:07.7448751Z   SUREFIRE_RERUN_FAILING_COUNT: 2
Store IT (oracle)	Run new base tests	2024-12-14T00:24:07.7449244Z   SUREFIRE_RETRY: -Dsurefire.rerunFailingTestsCount=2
Store IT (oracle)	Run new base tests	2024-12-14T00:24:07.7449932Z   JAVA_HOME: /opt/hostedtoolcache/Java_Temurin-Hotspot_jdk/21.0.5-11/x64
Store IT (oracle)	Run new base tests	2024-12-14T00:24:07.7450710Z   JAVA_HOME_21_X64: /opt/hostedtoolcache/Java_Temurin-Hotspot_jdk/21.0.5-11/x64
Store IT (oracle)	Run new base tests	2024-12-14T00:24:07.7451685Z ##[endgroup]
Store IT (oracle)	Run new base tests	2024-12-14T00:24:11.0404358Z [INFO] Loading cache configuration from /home/runner/work/keycloak/keycloak/.mvn/maven-build-cache-config.xml
Store IT (oracle)	Run new base tests	2024-12-14T00:24:11.0622771Z [INFO] Scanning for projects...
Store IT (oracle)	Run new base tests	2024-12-14T00:24:11.2161481Z [INFO] ------------------------------------------------------------------------
Store IT (oracle)	Run new base tests	2024-12-14T00:24:11.2162856Z [INFO] Reactor Build Order:
Store IT (oracle)	Run new base tests	2024-12-14T00:24:11.2163626Z [INFO] 
Store IT (oracle)	Run new base tests	2024-12-14T00:24:11.2164401Z [INFO] Keycloak Tests Parent                                              [pom]
Store IT (oracle)	Run new base tests	2024-12-14T00:24:11.2165385Z [INFO] Keycloak Testsuite Utilities                                       [jar]
Store IT (oracle)	Run new base tests	2024-12-14T00:24:11.2166495Z [INFO] New Keycloak Base Testsuite                                        [jar]
Store IT (oracle)	Run new base tests	2024-12-14T00:24:11.2269876Z [INFO] 
Store IT (oracle)	Run new base tests	2024-12-14T00:24:11.2271614Z [INFO] --------------< org.keycloak.tests:keycloak-tests-parent >--------------
Store IT (oracle)	Run new base tests	2024-12-14T00:24:11.2273322Z [INFO] Building Keycloak Tests Parent 999.0.0-SNAPSHOT                    [1/3]
Store IT (oracle)	Run new base tests	2024-12-14T00:24:11.2274352Z [INFO]   from pom.xml
Store IT (oracle)	Run new base tests	2024-12-14T00:24:11.2275142Z [INFO] --------------------------------[ pom ]---------------------------------
Store IT (oracle)	Run new base tests	2024-12-14T00:24:11.2978267Z [INFO] 
Store IT (oracle)	Run new base tests	2024-12-14T00:24:11.2983123Z [INFO] --- enforcer:3.0.0-M3:enforce (enforce-java-version) @ keycloak-tests-parent ---
Store IT (oracle)	Run new base tests	2024-12-14T00:24:11.5501595Z [INFO] 
Store IT (oracle)	Run new base tests	2024-12-14T00:24:11.5505534Z [INFO] --- enforcer:3.0.0-M3:enforce (enforce-maven-version) @ keycloak-tests-parent ---
Store IT (oracle)	Run new base tests	2024-12-14T00:24:11.5519431Z [INFO] 
Store IT (oracle)	Run new base tests	2024-12-14T00:24:11.5520357Z [INFO] --- buildnumber:1.4:create (get-scm-revision) @ keycloak-tests-parent ---
Store IT (oracle)	Run new base tests	2024-12-14T00:24:11.8374783Z [INFO] Executing: /bin/sh -c cd '/home/runner/work/keycloak/keycloak/tests' && 'git' 'rev-parse' '--verify' 'HEAD'
Store IT (oracle)	Run new base tests	2024-12-14T00:24:11.8379867Z [INFO] Working directory: /home/runner/work/keycloak/keycloak/tests
Store IT (oracle)	Run new base tests	2024-12-14T00:24:11.9130881Z [INFO] Storing buildNumber: 26a9516126c0dded4953681918f8b7b447e5b523 at timestamp: 1734135851821
Store IT (oracle)	Run new base tests	2024-12-14T00:24:11.9205443Z [INFO] Storing buildScmBranch: main
Store IT (oracle)	Run new base tests	2024-12-14T00:24:11.9221266Z [INFO] 
Store IT (oracle)	Run new base tests	2024-12-14T00:24:11.9225357Z [INFO] --------------< org.keycloak.tests:keycloak-tests-utils >---------------
Store IT (oracle)	Run new base tests	2024-12-14T00:24:11.9229925Z [INFO] Building Keycloak Testsuite Utilities 999.0.0-SNAPSHOT             [2/3]
Store IT (oracle)	Run new base tests	2024-12-14T00:24:11.9231006Z [INFO]   from utils/pom.xml
Store IT (oracle)	Run new base tests	2024-12-14T00:24:11.9232306Z [INFO] --------------------------------[ jar ]---------------------------------
Store IT (oracle)	Run new base tests	2024-12-14T00:24:13.8718730Z [INFO] 
Store IT (oracle)	Run new base tests	2024-12-14T00:24:13.8730183Z [INFO] --- enforcer:3.0.0-M3:enforce (enforce-java-version) @ keycloak-tests-utils ---
Store IT (oracle)	Run new base tests	2024-12-14T00:24:13.8749761Z [INFO] 
Store IT (oracle)	Run new base tests	2024-12-14T00:24:13.8762452Z [INFO] --- enforcer:3.0.0-M3:enforce (enforce-maven-version) @ keycloak-tests-utils ---
Store IT (oracle)	Run new base tests	2024-12-14T00:24:13.8763164Z [INFO] 
Store IT (oracle)	Run new base tests	2024-12-14T00:24:13.8765504Z [INFO] --- buildnumber:1.4:create (get-scm-revision) @ keycloak-tests-utils ---
Store IT (oracle)	Run new base tests	2024-12-14T00:24:13.8782420Z [INFO] 
Store IT (oracle)	Run new base tests	2024-12-14T00:24:13.8784390Z [INFO] --- resources:3.2.0:resources (default-resources) @ keycloak-tests-utils ---
Store IT (oracle)	Run new base tests	2024-12-14T00:24:14.0166586Z [INFO] Using 'UTF-8' encoding to copy filtered resources.
Store IT (oracle)	Run new base tests	2024-12-14T00:24:14.0183575Z [INFO] Using 'UTF-8' encoding to copy filtered properties files.
Store IT (oracle)	Run new base tests	2024-12-14T00:24:14.0184648Z [INFO] skip non existing resourceDirectory /home/runner/work/keycloak/keycloak/tests/utils/src/main/resources
Store IT (oracle)	Run new base tests	2024-12-14T00:24:14.0185484Z [INFO] 
Store IT (oracle)	Run new base tests	2024-12-14T00:24:14.0185976Z [INFO] --- compiler:3.8.1:compile (default-compile) @ keycloak-tests-utils ---
Store IT (oracle)	Run new base tests	2024-12-14T00:24:14.1485648Z [INFO] Changes detected - recompiling the module!
Store IT (oracle)	Run new base tests	2024-12-14T00:24:14.1519830Z [INFO] Compiling 3 source files to /home/runner/work/keycloak/keycloak/tests/utils/target/classes
Store IT (oracle)	Run new base tests	2024-12-14T00:24:16.9083867Z [INFO] Annotation processing is enabled because one or more processors were found
Store IT (oracle)	Run new base tests	2024-12-14T00:24:16.9090123Z   on the class path. A future release of javac may disable annotation processing
Store IT (oracle)	Run new base tests	2024-12-14T00:24:16.9094560Z   unless at least one processor is specified by name (-processor), or a search
Store IT (oracle)	Run new base tests	2024-12-14T00:24:16.9095806Z   path is specified (--processor-path, --processor-module-path), or annotation
Store IT (oracle)	Run new base tests	2024-12-14T00:24:16.9096595Z   processing is enabled explicitly (-proc:only, -proc:full).
Store IT (oracle)	Run new base tests	2024-12-14T00:24:16.9097195Z   Use -Xlint:-options to suppress this message.
Store IT (oracle)	Run new base tests	2024-12-14T00:24:16.9097717Z   Use -proc:none to disable annotation processing.
Store IT (oracle)	Run new base tests	2024-12-14T00:24:16.9098176Z [INFO] 
Store IT (oracle)	Run new base tests	2024-12-14T00:24:16.9098777Z [INFO] --- resources:3.2.0:testResources (default-testResources) @ keycloak-tests-utils ---
Store IT (oracle)	Run new base tests	2024-12-14T00:24:16.9143305Z [INFO] Using 'UTF-8' encoding to copy filtered resources.
Store IT (oracle)	Run new base tests	2024-12-14T00:24:16.9154510Z [INFO] Using 'UTF-8' encoding to copy filtered properties files.
Store IT (oracle)	Run new base tests	2024-12-14T00:24:16.9155560Z [INFO] skip non existing resourceDirectory /home/runner/work/keycloak/keycloak/tests/utils/src/test/resources
Store IT (oracle)	Run new base tests	2024-12-14T00:24:16.9156406Z [INFO] 
Store IT (oracle)	Run new base tests	2024-12-14T00:24:16.9156977Z [INFO] --- compiler:3.8.1:testCompile (default-testCompile) @ keycloak-tests-utils ---
Store IT (oracle)	Run new base tests	2024-12-14T00:24:16.9213636Z [INFO] No sources to compile
Store IT (oracle)	Run new base tests	2024-12-14T00:24:16.9215560Z [INFO] 
Store IT (oracle)	Run new base tests	2024-12-14T00:24:16.9216116Z [INFO] --- surefire:3.0.0-M7:test (default-test) @ keycloak-tests-utils ---
Store IT (oracle)	Run new base tests	2024-12-14T00:24:17.0636971Z [INFO] No tests to run.
Store IT (oracle)	Run new base tests	2024-12-14T00:24:17.0729806Z [INFO] 
Store IT (oracle)	Run new base tests	2024-12-14T00:24:17.0735789Z [INFO] ---------------< org.keycloak.tests:keycloak-tests-base >---------------
Store IT (oracle)	Run new base tests	2024-12-14T00:24:17.0741596Z [INFO] Building New Keycloak Base Testsuite 999.0.0-SNAPSHOT              [3/3]
Store IT (oracle)	Run new base tests	2024-12-14T00:24:17.0747194Z [INFO]   from base/pom.xml
Store IT (oracle)	Run new base tests	2024-12-14T00:24:17.0752286Z [INFO] --------------------------------[ jar ]---------------------------------
Store IT (oracle)	Run new base tests	2024-12-14T00:24:17.4522349Z [INFO] 
Store IT (oracle)	Run new base tests	2024-12-14T00:24:17.4523230Z [INFO] --- enforcer:3.0.0-M3:enforce (enforce-java-version) @ keycloak-tests-base ---
Store IT (oracle)	Run new base tests	2024-12-14T00:24:17.4538240Z [INFO] 
Store IT (oracle)	Run new base tests	2024-12-14T00:24:17.4538903Z [INFO] --- enforcer:3.0.0-M3:enforce (enforce-maven-version) @ keycloak-tests-base ---
Store IT (oracle)	Run new base tests	2024-12-14T00:24:17.4546574Z [INFO] 
Store IT (oracle)	Run new base tests	2024-12-14T00:24:17.4547185Z [INFO] --- buildnumber:1.4:create (get-scm-revision) @ keycloak-tests-base ---
Store IT (oracle)	Run new base tests	2024-12-14T00:24:17.4559491Z [INFO] 
Store IT (oracle)	Run new base tests	2024-12-14T00:24:17.4560429Z [INFO] --- resources:3.2.0:resources (default-resources) @ keycloak-tests-base ---
Store IT (oracle)	Run new base tests	2024-12-14T00:24:17.4580408Z [INFO] Using 'UTF-8' encoding to copy filtered resources.
Store IT (oracle)	Run new base tests	2024-12-14T00:24:17.4585239Z [INFO] Using 'UTF-8' encoding to copy filtered properties files.
Store IT (oracle)	Run new base tests	2024-12-14T00:24:17.4589799Z [INFO] skip non existing resourceDirectory /home/runner/work/keycloak/keycloak/tests/base/src/main/resources
Store IT (oracle)	Run new base tests	2024-12-14T00:24:17.4590914Z [INFO] 
Store IT (oracle)	Run new base tests	2024-12-14T00:24:17.4592921Z [INFO] --- compiler:3.8.1:compile (default-compile) @ keycloak-tests-base ---
Store IT (oracle)	Run new base tests	2024-12-14T00:24:17.4600530Z [INFO] No sources to compile
Store IT (oracle)	Run new base tests	2024-12-14T00:24:17.4602051Z [INFO] 
Store IT (oracle)	Run new base tests	2024-12-14T00:24:17.4602896Z [INFO] --- resources:3.2.0:testResources (default-testResources) @ keycloak-tests-base ---
Store IT (oracle)	Run new base tests	2024-12-14T00:24:17.4622057Z [INFO] Using 'UTF-8' encoding to copy filtered resources.
Store IT (oracle)	Run new base tests	2024-12-14T00:24:17.4623357Z [INFO] Using 'UTF-8' encoding to copy filtered properties files.
Store IT (oracle)	Run new base tests	2024-12-14T00:24:17.4649200Z [INFO] Copying 3 resources
Store IT (oracle)	Run new base tests	2024-12-14T00:24:17.4717259Z [INFO] 
Store IT (oracle)	Run new base tests	2024-12-14T00:24:17.4727559Z [INFO] --- compiler:3.8.1:testCompile (default-testCompile) @ keycloak-tests-base ---
Store IT (oracle)	Run new base tests	2024-12-14T00:24:17.4808592Z [INFO] Changes detected - recompiling the module!
Store IT (oracle)	Run new base tests	2024-12-14T00:24:17.4816383Z [INFO] Compiling 13 source files to /home/runner/work/keycloak/keycloak/tests/base/target/test-classes
Store IT (oracle)	Run new base tests	2024-12-14T00:24:18.4617473Z [INFO] Annotation processing is enabled because one or more processors were found
Store IT (oracle)	Run new base tests	2024-12-14T00:24:18.4632353Z   on the class path. A future release of javac may disable annotation processing
Store IT (oracle)	Run new base tests	2024-12-14T00:24:18.4633678Z   unless at least one processor is specified by name (-processor), or a search
Store IT (oracle)	Run new base tests	2024-12-14T00:24:18.4635080Z   path is specified (--processor-path, --processor-module-path), or annotation
Store IT (oracle)	Run new base tests	2024-12-14T00:24:18.4635880Z   processing is enabled explicitly (-proc:only, -proc:full).
Store IT (oracle)	Run new base tests	2024-12-14T00:24:18.4636898Z   Use -Xlint:-options to suppress this message.
Store IT (oracle)	Run new base tests	2024-12-14T00:24:18.4668082Z   Use -proc:none to disable annotation processing.
Store IT (oracle)	Run new base tests	2024-12-14T00:24:18.4670483Z [WARNING] /home/runner/work/keycloak/keycloak/tests/base/src/test/java/org/keycloak/test/admin/RealmLocalizationResourceTest.java:[77,73] getRealmLocalizationTexts(java.lang.String,java.lang.Boolean) in org.keycloak.admin.client.resource.RealmLocalizationResource has been deprecated
Store IT (oracle)	Run new base tests	2024-12-14T00:24:18.4672931Z [INFO] 
Store IT (oracle)	Run new base tests	2024-12-14T00:24:18.4673422Z [INFO] --- surefire:3.0.0-M7:test (default-test) @ keycloak-tests-base ---
Store IT (oracle)	Run new base tests	2024-12-14T00:24:18.4786213Z [INFO] Using auto detected provider org.apache.maven.surefire.junitplatform.JUnitPlatformProvider
Store IT (oracle)	Run new base tests	2024-12-14T00:24:19.1194710Z [INFO] Downloading from jboss-public-repository: https://repository.jboss.org/nexus/content/groups/public/org/apache/maven/surefire/surefire-junit-platform/3.0.0-M7/surefire-junit-platform-3.0.0-M7.jar
Store IT (oracle)	Run new base tests	2024-12-14T00:24:19.8951376Z [INFO] Downloading from central: https://repo.maven.apache.org/maven2/org/apache/maven/surefire/surefire-junit-platform/3.0.0-M7/surefire-junit-platform-3.0.0-M7.jar
Store IT (oracle)	Run new base tests	2024-12-14T00:24:19.9676575Z [INFO] Downloaded from central: https://repo.maven.apache.org/maven2/org/apache/maven/surefire/surefire-junit-platform/3.0.0-M7/surefire-junit-platform-3.0.0-M7.jar (26 kB at 360 kB/s)
Store IT (oracle)	Run new base tests	2024-12-14T00:24:19.9715055Z [INFO] Downloading from jboss-public-repository: https://repository.jboss.org/nexus/content/groups/public/org/apache/maven/surefire/surefire-junit-platform/3.0.0-M7/surefire-junit-platform-3.0.0-M7.pom
Store IT (oracle)	Run new base tests	2024-12-14T00:24:20.0096203Z [INFO] Downloading from central: https://repo.maven.apache.org/maven2/org/apache/maven/surefire/surefire-junit-platform/3.0.0-M7/surefire-junit-platform-3.0.0-M7.pom
Store IT (oracle)	Run new base tests	2024-12-14T00:24:20.0387336Z [INFO] Downloaded from central: https://repo.maven.apache.org/maven2/org/apache/maven/surefire/surefire-junit-platform/3.0.0-M7/surefire-junit-platform-3.0.0-M7.pom (5.3 kB at 182 kB/s)
Store IT (oracle)	Run new base tests	2024-12-14T00:24:20.0418946Z [INFO] Downloading from jboss-public-repository: https://repository.jboss.org/nexus/content/groups/public/org/apache/maven/surefire/surefire-providers/3.0.0-M7/surefire-providers-3.0.0-M7.pom
Store IT (oracle)	Run new base tests	2024-12-14T00:24:20.1108515Z [INFO] Downloading from central: https://repo.maven.apache.org/maven2/org/apache/maven/surefire/surefire-providers/3.0.0-M7/surefire-providers-3.0.0-M7.pom
Store IT (oracle)	Run new base tests	2024-12-14T00:24:20.1249706Z [INFO] Downloaded from central: https://repo.maven.apache.org/maven2/org/apache/maven/surefire/surefire-providers/3.0.0-M7/surefire-providers-3.0.0-M7.pom (2.5 kB at 181 kB/s)
Store IT (oracle)	Run new base tests	2024-12-14T00:24:20.1402008Z [INFO] Downloading from jboss-public-repository: https://repository.jboss.org/nexus/content/groups/public/org/apache/maven/surefire/common-java5/3.0.0-M7/common-java5-3.0.0-M7.pom
Store IT (oracle)	Run new base tests	2024-12-14T00:24:20.1815401Z [INFO] Downloading from central: https://repo.maven.apache.org/maven2/org/apache/maven/surefire/common-java5/3.0.0-M7/common-java5-3.0.0-M7.pom
Store IT (oracle)	Run new base tests	2024-12-14T00:24:20.1906160Z [INFO] Downloaded from central: https://repo.maven.apache.org/maven2/org/apache/maven/surefire/common-java5/3.0.0-M7/common-java5-3.0.0-M7.pom (2.7 kB at 299 kB/s)
Store IT (oracle)	Run new base tests	2024-12-14T00:24:20.2002253Z [INFO] Downloading from jboss-public-repository: https://repository.jboss.org/nexus/content/groups/public/org/junit/platform/junit-platform-launcher/1.3.2/junit-platform-launcher-1.3.2.pom
Store IT (oracle)	Run new base tests	2024-12-14T00:24:20.2350575Z [INFO] Downloading from central: https://repo.maven.apache.org/maven2/org/junit/platform/junit-platform-launcher/1.3.2/junit-platform-launcher-1.3.2.pom
Store IT (oracle)	Run new base tests	2024-12-14T00:24:20.2433291Z [INFO] Downloaded from central: https://repo.maven.apache.org/maven2/org/junit/platform/junit-platform-launcher/1.3.2/junit-platform-launcher-1.3.2.pom (2.2 kB at 277 kB/s)
Store IT (oracle)	Run new base tests	2024-12-14T00:24:20.2465391Z [INFO] Downloading from jboss-public-repository: https://repository.jboss.org/nexus/content/groups/public/org/apiguardian/apiguardian-api/1.0.0/apiguardian-api-1.0.0.pom
Store IT (oracle)	Run new base tests	2024-12-14T00:24:20.2810779Z [INFO] Downloading from central: https://repo.maven.apache.org/maven2/org/apiguardian/apiguardian-api/1.0.0/apiguardian-api-1.0.0.pom
Store IT (oracle)	Run new base tests	2024-12-14T00:24:20.2890099Z [INFO] Downloaded from central: https://repo.maven.apache.org/maven2/org/apiguardian/apiguardian-api/1.0.0/apiguardian-api-1.0.0.pom (1.2 kB at 146 kB/s)
Store IT (oracle)	Run new base tests	2024-12-14T00:24:20.2916864Z [INFO] Downloading from jboss-public-repository: https://repository.jboss.org/nexus/content/groups/public/org/junit/platform/junit-platform-engine/1.3.2/junit-platform-engine-1.3.2.pom
Store IT (oracle)	Run new base tests	2024-12-14T00:24:20.3375912Z [INFO] Downloading from central: https://repo.maven.apache.org/maven2/org/junit/platform/junit-platform-engine/1.3.2/junit-platform-engine-1.3.2.pom
Store IT (oracle)	Run new base tests	2024-12-14T00:24:20.3500416Z [INFO] Downloaded from central: https://repo.maven.apache.org/maven2/org/junit/platform/junit-platform-engine/1.3.2/junit-platform-engine-1.3.2.pom (2.4 kB at 199 kB/s)
Store IT (oracle)	Run new base tests	2024-12-14T00:24:20.3532687Z [INFO] Downloading from jboss-public-repository: https://repository.jboss.org/nexus/content/groups/public/org/junit/platform/junit-platform-commons/1.3.2/junit-platform-commons-1.3.2.pom
Store IT (oracle)	Run new base tests	2024-12-14T00:24:20.3885222Z [INFO] Downloading from central: https://repo.maven.apache.org/maven2/org/junit/platform/junit-platform-commons/1.3.2/junit-platform-commons-1.3.2.pom
Store IT (oracle)	Run new base tests	2024-12-14T00:24:20.4005319Z [INFO] Downloaded from central: https://repo.maven.apache.org/maven2/org/junit/platform/junit-platform-commons/1.3.2/junit-platform-commons-1.3.2.pom (2.0 kB at 168 kB/s)
Store IT (oracle)	Run new base tests	2024-12-14T00:24:20.4038742Z [INFO] Downloading from jboss-public-repository: https://repository.jboss.org/nexus/content/groups/public/org/opentest4j/opentest4j/1.1.1/opentest4j-1.1.1.pom
Store IT (oracle)	Run new base tests	2024-12-14T00:24:20.4403485Z [INFO] Downloading from central: https://repo.maven.apache.org/maven2/org/opentest4j/opentest4j/1.1.1/opentest4j-1.1.1.pom
Store IT (oracle)	Run new base tests	2024-12-14T00:24:20.4476338Z [INFO] Downloaded from central: https://repo.maven.apache.org/maven2/org/opentest4j/opentest4j/1.1.1/opentest4j-1.1.1.pom (1.7 kB at 210 kB/s)
Store IT (oracle)	Run new base tests	2024-12-14T00:24:20.4504457Z [INFO] Downloading from jboss-public-repository: https://repository.jboss.org/nexus/content/groups/public/org/junit/jupiter/junit-jupiter-engine/5.3.2/junit-jupiter-engine-5.3.2.pom
Store IT (oracle)	Run new base tests	2024-12-14T00:24:20.5001601Z [INFO] Downloading from central: https://repo.maven.apache.org/maven2/org/junit/jupiter/junit-jupiter-engine/5.3.2/junit-jupiter-engine-5.3.2.pom
Store IT (oracle)	Run new base tests	2024-12-14T00:24:20.5112281Z [INFO] Downloaded from central: https://repo.maven.apache.org/maven2/org/junit/jupiter/junit-jupiter-engine/5.3.2/junit-jupiter-engine-5.3.2.pom (2.4 kB at 218 kB/s)
Store IT (oracle)	Run new base tests	2024-12-14T00:24:20.5154845Z [INFO] Downloading from jboss-public-repository: https://repository.jboss.org/nexus/content/groups/public/org/junit/jupiter/junit-jupiter-api/5.3.2/junit-jupiter-api-5.3.2.pom
Store IT (oracle)	Run new base tests	2024-12-14T00:24:20.5497430Z [INFO] Downloading from central: https://repo.maven.apache.org/maven2/org/junit/jupiter/junit-jupiter-api/5.3.2/junit-jupiter-api-5.3.2.pom
Store IT (oracle)	Run new base tests	2024-12-14T00:24:20.5613250Z [INFO] Downloaded from central: https://repo.maven.apache.org/maven2/org/junit/jupiter/junit-jupiter-api/5.3.2/junit-jupiter-api-5.3.2.pom (2.4 kB at 198 kB/s)
Store IT (oracle)	Run new base tests	2024-12-14T00:24:20.5662563Z [INFO] Downloading from jboss-public-repository: https://repository.jboss.org/nexus/content/groups/public/org/junit/jupiter/junit-jupiter-params/5.3.2/junit-jupiter-params-5.3.2.pom
Store IT (oracle)	Run new base tests	2024-12-14T00:24:20.6260452Z [INFO] Downloading from central: https://repo.maven.apache.org/maven2/org/junit/jupiter/junit-jupiter-params/5.3.2/junit-jupiter-params-5.3.2.pom
Store IT (oracle)	Run new base tests	2024-12-14T00:24:20.6476642Z [INFO] Downloaded from central: https://repo.maven.apache.org/maven2/org/junit/jupiter/junit-jupiter-params/5.3.2/junit-jupiter-params-5.3.2.pom (2.2 kB at 100 kB/s)
Store IT (oracle)	Run new base tests	2024-12-14T00:24:20.6511905Z [INFO] Downloading from jboss-public-repository: https://repository.jboss.org/nexus/content/groups/public/org/mockito/mockito-core/2.28.2/mockito-core-2.28.2.pom
Store IT (oracle)	Run new base tests	2024-12-14T00:24:20.6983479Z [INFO] Downloading from central: https://repo.maven.apache.org/maven2/org/mockito/mockito-core/2.28.2/mockito-core-2.28.2.pom
Store IT (oracle)	Run new base tests	2024-12-14T00:24:20.7114098Z [INFO] Downloaded from central: https://repo.maven.apache.org/maven2/org/mockito/mockito-core/2.28.2/mockito-core-2.28.2.pom (20 kB at 1.4 MB/s)
Store IT (oracle)	Run new base tests	2024-12-14T00:24:20.7175419Z [INFO] Downloading from jboss-public-repository: https://repository.jboss.org/nexus/content/groups/public/net/bytebuddy/byte-buddy/1.9.10/byte-buddy-1.9.10.pom
Store IT (oracle)	Run new base tests	2024-12-14T00:24:20.7592118Z [INFO] Downloading from central: https://repo.maven.apache.org/maven2/net/bytebuddy/byte-buddy/1.9.10/byte-buddy-1.9.10.pom
Store IT (oracle)	Run new base tests	2024-12-14T00:24:20.7751999Z [INFO] Downloaded from central: https://repo.maven.apache.org/maven2/net/bytebuddy/byte-buddy/1.9.10/byte-buddy-1.9.10.pom (10 kB at 645 kB/s)
Store IT (oracle)	Run new base tests	2024-12-14T00:24:20.7781451Z [INFO] Downloading from jboss-public-repository: https://repository.jboss.org/nexus/content/groups/public/net/bytebuddy/byte-buddy-parent/1.9.10/byte-buddy-parent-1.9.10.pom
Store IT (oracle)	Run new base tests	2024-12-14T00:24:20.8197634Z [INFO] Downloading from central: https://repo.maven.apache.org/maven2/net/bytebuddy/byte-buddy-parent/1.9.10/byte-buddy-parent-1.9.10.pom
Store IT (oracle)	Run new base tests	2024-12-14T00:24:20.8313442Z [INFO] Downloaded from central: https://repo.maven.apache.org/maven2/net/bytebuddy/byte-buddy-parent/1.9.10/byte-buddy-parent-1.9.10.pom (36 kB at 3.3 MB/s)
Store IT (oracle)	Run new base tests	2024-12-14T00:24:20.8390607Z [INFO] Downloading from jboss-public-repository: https://repository.jboss.org/nexus/content/groups/public/net/bytebuddy/byte-buddy-agent/1.9.10/byte-buddy-agent-1.9.10.pom
Store IT (oracle)	Run new base tests	2024-12-14T00:24:20.8736345Z [INFO] Downloading from central: https://repo.maven.apache.org/maven2/net/bytebuddy/byte-buddy-agent/1.9.10/byte-buddy-agent-1.9.10.pom
Store IT (oracle)	Run new base tests	2024-12-14T00:24:20.8841305Z [INFO] Downloaded from central: https://repo.maven.apache.org/maven2/net/bytebuddy/byte-buddy-agent/1.9.10/byte-buddy-agent-1.9.10.pom (6.0 kB at 603 kB/s)
Store IT (oracle)	Run new base tests	2024-12-14T00:24:20.8947534Z [INFO] Downloading from jboss-public-repository: https://repository.jboss.org/nexus/content/groups/public/org/powermock/powermock-reflect/2.0.9/powermock-reflect-2.0.9.pom
Store IT (oracle)	Run new base tests	2024-12-14T00:24:20.9306467Z [INFO] Downloading from central: https://repo.maven.apache.org/maven2/org/powermock/powermock-reflect/2.0.9/powermock-reflect-2.0.9.pom
Store IT (oracle)	Run new base tests	2024-12-14T00:24:20.9407967Z [INFO] Downloaded from central: https://repo.maven.apache.org/maven2/org/powermock/powermock-reflect/2.0.9/powermock-reflect-2.0.9.pom (7.9 kB at 875 kB/s)
Store IT (oracle)	Run new base tests	2024-12-14T00:24:20.9444924Z [INFO] Downloading from jboss-public-repository: https://repository.jboss.org/nexus/content/groups/public/net/bytebuddy/byte-buddy/1.10.14/byte-buddy-1.10.14.pom
Store IT (oracle)	Run new base tests	2024-12-14T00:24:20.9826401Z [INFO] Downloading from central: https://repo.maven.apache.org/maven2/net/bytebuddy/byte-buddy/1.10.14/byte-buddy-1.10.14.pom
Store IT (oracle)	Run new base tests	2024-12-14T00:24:20.9930917Z [INFO] Downloaded from central: https://repo.maven.apache.org/maven2/net/bytebuddy/byte-buddy/1.10.14/byte-buddy-1.10.14.pom (11 kB at 1.1 MB/s)
Store IT (oracle)	Run new base tests	2024-12-14T00:24:20.9957657Z [INFO] Downloading from jboss-public-repository: https://repository.jboss.org/nexus/content/groups/public/net/bytebuddy/byte-buddy-parent/1.10.14/byte-buddy-parent-1.10.14.pom
Store IT (oracle)	Run new base tests	2024-12-14T00:24:21.0353065Z [INFO] Downloading from central: https://repo.maven.apache.org/maven2/net/bytebuddy/byte-buddy-parent/1.10.14/byte-buddy-parent-1.10.14.pom
Store IT (oracle)	Run new base tests	2024-12-14T00:24:21.0442224Z [INFO] Downloaded from central: https://repo.maven.apache.org/maven2/net/bytebuddy/byte-buddy-parent/1.10.14/byte-buddy-parent-1.10.14.pom (41 kB at 4.5 MB/s)
Store IT (oracle)	Run new base tests	2024-12-14T00:24:21.0505491Z [INFO] Downloading from jboss-public-repository: https://repository.jboss.org/nexus/content/groups/public/net/bytebuddy/byte-buddy-agent/1.10.14/byte-buddy-agent-1.10.14.pom
Store IT (oracle)	Run new base tests	2024-12-14T00:24:21.0911913Z [INFO] Downloading from central: https://repo.maven.apache.org/maven2/net/bytebuddy/byte-buddy-agent/1.10.14/byte-buddy-agent-1.10.14.pom
Store IT (oracle)	Run new base tests	2024-12-14T00:24:21.0973765Z [INFO] Downloaded from central: https://repo.maven.apache.org/maven2/net/bytebuddy/byte-buddy-agent/1.10.14/byte-buddy-agent-1.10.14.pom (9.6 kB at 1.6 MB/s)
Store IT (oracle)	Run new base tests	2024-12-14T00:24:21.1056606Z [INFO] Downloading from jboss-public-repository: https://repository.jboss.org/nexus/content/groups/public/org/hamcrest/hamcrest-library/1.3/hamcrest-library-1.3.pom
Store IT (oracle)	Run new base tests	2024-12-14T00:24:21.1408066Z [INFO] Downloading from central: https://repo.maven.apache.org/maven2/org/hamcrest/hamcrest-library/1.3/hamcrest-library-1.3.pom
Store IT (oracle)	Run new base tests	2024-12-14T00:24:21.1500024Z [INFO] Downloaded from central: https://repo.maven.apache.org/maven2/org/hamcrest/hamcrest-library/1.3/hamcrest-library-1.3.pom (820 B at 117 kB/s)
Store IT (oracle)	Run new base tests	2024-12-14T00:24:21.1548771Z [INFO] Downloading from jboss-public-repository: https://repository.jboss.org/nexus/content/groups/public/org/assertj/assertj-core/3.22.0/assertj-core-3.22.0.pom
Store IT (oracle)	Run new base tests	2024-12-14T00:24:21.2066447Z [INFO] Downloading from central: https://repo.maven.apache.org/maven2/org/assertj/assertj-core/3.22.0/assertj-core-3.22.0.pom
Store IT (oracle)	Run new base tests	2024-12-14T00:24:21.2213461Z [INFO] Downloaded from central: https://repo.maven.apache.org/maven2/org/assertj/assertj-core/3.22.0/assertj-core-3.22.0.pom (31 kB at 2.2 MB/s)
Store IT (oracle)	Run new base tests	2024-12-14T00:24:21.2245848Z [INFO] Downloading from jboss-public-repository: https://repository.jboss.org/nexus/content/groups/public/org/assertj/assertj-parent-pom/2.2.14/assertj-parent-pom-2.2.14.pom
Store IT (oracle)	Run new base tests	2024-12-14T00:24:21.2603185Z [INFO] Downloading from central: https://repo.maven.apache.org/maven2/org/assertj/assertj-parent-pom/2.2.14/assertj-parent-pom-2.2.14.pom
Store IT (oracle)	Run new base tests	2024-12-14T00:24:21.2679488Z [INFO] Downloaded from central: https://repo.maven.apache.org/maven2/org/assertj/assertj-parent-pom/2.2.14/assertj-parent-pom-2.2.14.pom (25 kB at 3.5 MB/s)
Store IT (oracle)	Run new base tests	2024-12-14T00:24:21.2696074Z [INFO] Downloading from jboss-public-repository: https://repository.jboss.org/nexus/content/groups/public/org/junit/junit-bom/5.8.2/junit-bom-5.8.2.pom
Store IT (oracle)	Run new base tests	2024-12-14T00:24:21.3044464Z [INFO] Downloading from central: https://repo.maven.apache.org/maven2/org/junit/junit-bom/5.8.2/junit-bom-5.8.2.pom
Store IT (oracle)	Run new base tests	2024-12-14T00:24:21.3102072Z [INFO] Downloaded from central: https://repo.maven.apache.org/maven2/org/junit/junit-bom/5.8.2/junit-bom-5.8.2.pom (5.6 kB at 1.1 MB/s)
Store IT (oracle)	Run new base tests	2024-12-14T00:24:21.3137479Z [INFO] Downloading from jboss-public-repository: https://repository.jboss.org/nexus/content/groups/public/org/junit/junit-bom/5.8.0/junit-bom-5.8.0.pom
Store IT (oracle)	Run new base tests	2024-12-14T00:24:21.3552872Z [INFO] Downloading from central: https://repo.maven.apache.org/maven2/org/junit/junit-bom/5.8.0/junit-bom-5.8.0.pom
Store IT (oracle)	Run new base tests	2024-12-14T00:24:21.3627324Z [INFO] Downloaded from central: https://repo.maven.apache.org/maven2/org/junit/junit-bom/5.8.0/junit-bom-5.8.0.pom (5.6 kB at 704 kB/s)
Store IT (oracle)	Run new base tests	2024-12-14T00:24:21.3673272Z [INFO] Downloading from jboss-public-repository: https://repository.jboss.org/nexus/content/groups/public/org/junit/platform/junit-platform-launcher/1.3.2/junit-platform-launcher-1.3.2.jar
Store IT (oracle)	Run new base tests	2024-12-14T00:24:21.3680193Z [INFO] Downloading from jboss-public-repository: https://repository.jboss.org/nexus/content/groups/public/org/apiguardian/apiguardian-api/1.0.0/apiguardian-api-1.0.0.jar
Store IT (oracle)	Run new base tests	2024-12-14T00:24:21.3682666Z [INFO] Downloading from jboss-public-repository: https://repository.jboss.org/nexus/content/groups/public/org/apache/maven/surefire/common-java5/3.0.0-M7/common-java5-3.0.0-M7.jar
Store IT (oracle)	Run new base tests	2024-12-14T00:24:21.3685060Z [INFO] Downloading from jboss-public-repository: https://repository.jboss.org/nexus/content/groups/public/org/junit/platform/junit-platform-engine/1.3.2/junit-platform-engine-1.3.2.jar
Store IT (oracle)	Run new base tests	2024-12-14T00:24:21.3687769Z [INFO] Downloading from jboss-public-repository: https://repository.jboss.org/nexus/content/groups/public/org/junit/platform/junit-platform-commons/1.3.2/junit-platform-commons-1.3.2.jar
Store IT (oracle)	Run new base tests	2024-12-14T00:24:21.3989717Z [INFO] Downloading from central: https://repo.maven.apache.org/maven2/org/apache/maven/surefire/common-java5/3.0.0-M7/common-java5-3.0.0-M7.jar
Store IT (oracle)	Run new base tests	2024-12-14T00:24:21.4013139Z [INFO] Downloading from central: https://repo.maven.apache.org/maven2/org/junit/platform/junit-platform-engine/1.3.2/junit-platform-engine-1.3.2.jar
Store IT (oracle)	Run new base tests	2024-12-14T00:24:21.4076719Z [INFO] Downloading from central: https://repo.maven.apache.org/maven2/org/junit/platform/junit-platform-commons/1.3.2/junit-platform-commons-1.3.2.jar
Store IT (oracle)	Run new base tests	2024-12-14T00:24:21.4143071Z [INFO] Downloaded from central: https://repo.maven.apache.org/maven2/org/apache/maven/surefire/common-java5/3.0.0-M7/common-java5-3.0.0-M7.jar (17 kB at 1.3 MB/s)
Store IT (oracle)	Run new base tests	2024-12-14T00:24:21.4146058Z [INFO] Downloading from jboss-public-repository: https://repository.jboss.org/nexus/content/groups/public/org/opentest4j/opentest4j/1.1.1/opentest4j-1.1.1.jar
Store IT (oracle)	Run new base tests	2024-12-14T00:24:21.4259235Z [INFO] Downloaded from central: https://repo.maven.apache.org/maven2/org/junit/platform/junit-platform-engine/1.3.2/junit-platform-engine-1.3.2.jar (138 kB at 5.8 MB/s)
Store IT (oracle)	Run new base tests	2024-12-14T00:24:21.4285622Z [INFO] Downloaded from central: https://repo.maven.apache.org/maven2/org/junit/platform/junit-platform-commons/1.3.2/junit-platform-commons-1.3.2.jar (78 kB at 3.4 MB/s)
Store IT (oracle)	Run new base tests	2024-12-14T00:24:21.4306077Z [INFO] Downloading from central: https://repo.maven.apache.org/maven2/org/junit/platform/junit-platform-launcher/1.3.2/junit-platform-launcher-1.3.2.jar
Store IT (oracle)	Run new base tests	2024-12-14T00:24:21.4353711Z [INFO] Downloading from central: https://repo.maven.apache.org/maven2/org/opentest4j/opentest4j/1.1.1/opentest4j-1.1.1.jar
Store IT (oracle)	Run new base tests	2024-12-14T00:24:21.4402839Z [INFO] Downloaded from central: https://repo.maven.apache.org/maven2/org/junit/platform/junit-platform-launcher/1.3.2/junit-platform-launcher-1.3.2.jar (95 kB at 11 MB/s)
Store IT (oracle)	Run new base tests	2024-12-14T00:24:21.4479675Z [INFO] Downloaded from central: https://repo.maven.apache.org/maven2/org/opentest4j/opentest4j/1.1.1/opentest4j-1.1.1.jar (7.1 kB at 593 kB/s)
Store IT (oracle)	Run new base tests	2024-12-14T00:24:21.5063440Z [INFO] Downloading from central: https://repo.maven.apache.org/maven2/org/apiguardian/apiguardian-api/1.0.0/apiguardian-api-1.0.0.jar
Store IT (oracle)	Run new base tests	2024-12-14T00:24:21.5240598Z [INFO] Downloaded from central: https://repo.maven.apache.org/maven2/org/apiguardian/apiguardian-api/1.0.0/apiguardian-api-1.0.0.jar (2.2 kB at 127 kB/s)
Store IT (oracle)	Run new base tests	2024-12-14T00:24:21.5578295Z [INFO] 
Store IT (oracle)	Run new base tests	2024-12-14T00:24:21.5580451Z [INFO] -------------------------------------------------------
Store IT (oracle)	Run new base tests	2024-12-14T00:24:21.5582653Z [INFO]  T E S T S
Store IT (oracle)	Run new base tests	2024-12-14T00:24:21.5583397Z [INFO] -------------------------------------------------------
Store IT (oracle)	Run new base tests	2024-12-14T00:24:22.8475202Z [INFO] Running org.keycloak.test.suites.DatabaseTestSuite
Store IT (oracle)	Run new base tests	2024-12-14T00:24:22.8887019Z [INFO] Running org.keycloak.test.admin.AdminConsoleLandingPageTest
Store IT (oracle)	Run new base tests	2024-12-14T00:24:22.9422356Z 2024-12-14 00:24:22,900 INFO  [testinfo] (main) ----------------------------------------------------------------
Store IT (oracle)	Run new base tests	2024-12-14T00:24:22.9454433Z 2024-12-14 00:24:22,910 INFO  [testinfo] (main)    RUNNING - org.keycloak.test.admin.AdminConsoleLandingPageTest
Store IT (oracle)	Run new base tests	2024-12-14T00:25:17.3672173Z 2024-12-14 00:25:17,309 INFO  [org.keycloak.test.framework.server.DistributionKeycloakServerSupplier] (main) Starting Keycloak test server
Store IT (oracle)	Run new base tests	2024-12-14T00:25:28.9094093Z 2024-12-14 00:25:28,830 WARN  [managed.keycloak] (pool-2-thread-1) [io.qua.config] (build-35) Unrecognized configuration key "quarkus.smallrye-health.extensions.enabled" was provided; it will be ignored; verify that the dependency extension for this configuration is set or that you did not make a typo
Store IT (oracle)	Run new base tests	2024-12-14T00:25:31.8243678Z 2024-12-14 00:25:31,814 WARN  [managed.keycloak] (pool-2-thread-1) [io.qua.dep.ste.ClassTransformingBuildStep] (build-42) Could not remove configured resources from the following artifacts as they were not found in the model: {com.oracle.database.jdbc:ojdbc11::jar=[oracle/nativeimage/CharacterSetFeature.class]}
Store IT (oracle)	Run new base tests	2024-12-14T00:25:42.3850904Z 2024-12-14 00:25:42,359 WARN  [managed.keycloak] (pool-2-thread-1) [io.quarkus.config] (main) Unrecognized configuration key "quarkus.smallrye-health.extensions.enabled" was provided; it will be ignored; verify that the dependency extension for this configuration is set or that you did not make a typo
Store IT (oracle)	Run new base tests	2024-12-14T00:26:37.2738623Z 2024-12-14 00:26:37,231 WARN  [managed.keycloak] (pool-2-thread-1) [liquibase.snapshot.JdbcDatabaseSnapshot$CachingDatabaseMetaData] (main) Liquibase needs to access the DBA_RECYCLEBIN table so we can automatically handle the case where constraints are deleted and restored. Since Oracle doesn't properly restore the original table names referenced in the constraint, we use the information from the DBA_RECYCLEBIN to automatically correct this issue.
Store IT (oracle)	Run new base tests	2024-12-14T00:26:38.5753238Z 2024-12-14 00:26:38,491 WARN  [managed.keycloak] (pool-2-thread-1) [liquibase.snapshot.JdbcDatabaseSnapshot$CachingDatabaseMetaData] (main) Liquibase needs to access the DBA_RECYCLEBIN table so we can automatically handle the case where constraints are deleted and restored. Since Oracle doesn't properly restore the original table names referenced in the constraint, we use the information from the DBA_RECYCLEBIN to automatically correct this issue.
Store IT (oracle)	Run new base tests	2024-12-14T00:26:45.7831833Z 2024-12-14 00:26:45,749 WARN  [managed.keycloak] (pool-2-thread-1) [liquibase.snapshot.JdbcDatabaseSnapshot$CachingDatabaseMetaData] (main) Liquibase needs to access the DBA_RECYCLEBIN table so we can automatically handle the case where constraints are deleted and restored. Since Oracle doesn't properly restore the original table names referenced in the constraint, we use the information from the DBA_RECYCLEBIN to automatically correct this issue.
Store IT (oracle)	Run new base tests	2024-12-14T00:26:46.5844403Z 2024-12-14 00:26:46,538 WARN  [managed.keycloak] (pool-2-thread-1) [liquibase.snapshot.JdbcDatabaseSnapshot$CachingDatabaseMetaData] (main) Liquibase needs to access the DBA_RECYCLEBIN table so we can automatically handle the case where constraints are deleted and restored. Since Oracle doesn't properly restore the original table names referenced in the constraint, we use the information from the DBA_RECYCLEBIN to automatically correct this issue.
Store IT (oracle)	Run new base tests	2024-12-14T00:26:52.3910113Z 2024-12-14 00:26:52,297 WARN  [managed.keycloak] (pool-2-thread-1) [liquibase.snapshot.JdbcDatabaseSnapshot$CachingDatabaseMetaData] (main) Liquibase needs to access the DBA_RECYCLEBIN table so we can automatically handle the case where constraints are deleted and restored. Since Oracle doesn't properly restore the original table names referenced in the constraint, we use the information from the DBA_RECYCLEBIN to automatically correct this issue.
Store IT (oracle)	Run new base tests	2024-12-14T00:26:53.0911382Z 2024-12-14 00:26:53,030 WARN  [managed.keycloak] (pool-2-thread-1) [liquibase.snapshot.JdbcDatabaseSnapshot$CachingDatabaseMetaData] (main) Liquibase needs to access the DBA_RECYCLEBIN table so we can automatically handle the case where constraints are deleted and restored. Since Oracle doesn't properly restore the original table names referenced in the constraint, we use the information from the DBA_RECYCLEBIN to automatically correct this issue.
Store IT (oracle)	Run new base tests	2024-12-14T00:26:57.4957711Z 2024-12-14 00:26:57,411 WARN  [managed.keycloak] (pool-2-thread-1) [liquibase.snapshot.JdbcDatabaseSnapshot$CachingDatabaseMetaData] (main) Liquibase needs to access the DBA_RECYCLEBIN table so we can automatically handle the case where constraints are deleted and restored. Since Oracle doesn't properly restore the original table names referenced in the constraint, we use the information from the DBA_RECYCLEBIN to automatically correct this issue.
Store IT (oracle)	Run new base tests	2024-12-14T00:26:57.7961382Z 2024-12-14 00:26:57,765 WARN  [managed.keycloak] (pool-2-thread-1) [liquibase.snapshot.JdbcDatabaseSnapshot$CachingDatabaseMetaData] (main) Liquibase needs to access the DBA_RECYCLEBIN table so we can automatically handle the case where constraints are deleted and restored. Since Oracle doesn't properly restore the original table names referenced in the constraint, we use the information from the DBA_RECYCLEBIN to automatically correct this issue.
Store IT (oracle)	Run new base tests	2024-12-14T00:27:01.7013062Z 2024-12-14 00:27:01,611 WARN  [managed.keycloak] (pool-2-thread-1) [liquibase.snapshot.JdbcDatabaseSnapshot$CachingDatabaseMetaData] (main) Liquibase needs to access the DBA_RECYCLEBIN table so we can automatically handle the case where constraints are deleted and restored. Since Oracle doesn't properly restore the original table names referenced in the constraint, we use the information from the DBA_RECYCLEBIN to automatically correct this issue.
Store IT (oracle)	Run new base tests	2024-12-14T00:27:06.7064326Z 2024-12-14 00:27:06,679 WARN  [managed.keycloak] (pool-2-thread-1) [liquibase.snapshot.JdbcDatabaseSnapshot$CachingDatabaseMetaData] (main) Liquibase needs to access the DBA_RECYCLEBIN table so we can automatically handle the case where constraints are deleted and restored. Since Oracle doesn't properly restore the original table names referenced in the constraint, we use the information from the DBA_RECYCLEBIN to automatically correct this issue.
Store IT (oracle)	Run new base tests	2024-12-14T00:27:11.2108252Z 2024-12-14 00:27:11,149 WARN  [managed.keycloak] (pool-2-thread-1) [liquibase.snapshot.JdbcDatabaseSnapshot$CachingDatabaseMetaData] (main) Liquibase needs to access the DBA_RECYCLEBIN table so we can automatically handle the case where constraints are deleted and restored. Since Oracle doesn't properly restore the original table names referenced in the constraint, we use the information from the DBA_RECYCLEBIN to automatically correct this issue.
Store IT (oracle)	Run new base tests	2024-12-14T00:27:15.7149625Z 2024-12-14 00:27:15,638 WARN  [managed.keycloak] (pool-2-thread-1) [liquibase.snapshot.JdbcDatabaseSnapshot$CachingDatabaseMetaData] (main) Liquibase needs to access the DBA_RECYCLEBIN table so we can automatically handle the case where constraints are deleted and restored. Since Oracle doesn't properly restore the original table names referenced in the constraint, we use the information from the DBA_RECYCLEBIN to automatically correct this issue.
Store IT (oracle)	Run new base tests	2024-12-14T00:27:18.7179605Z 2024-12-14 00:27:18,679 WARN  [managed.keycloak] (pool-2-thread-1) [liquibase.snapshot.JdbcDatabaseSnapshot$CachingDatabaseMetaData] (main) Liquibase needs to access the DBA_RECYCLEBIN table so we can automatically handle the case where constraints are deleted and restored. Since Oracle doesn't properly restore the original table names referenced in the constraint, we use the information from the DBA_RECYCLEBIN to automatically correct this issue.
Store IT (oracle)	Run new base tests	2024-12-14T00:27:19.6186960Z 2024-12-14 00:27:19,593 WARN  [managed.keycloak] (pool-2-thread-1) [io.agroal.pool] (main) Datasource '<default>': JDBC resources leaked: 1 ResultSet(s) and 0 Statement(s)
Store IT (oracle)	Run new base tests	2024-12-14T00:27:23.2225702Z 2024-12-14 00:27:23,181 WARN  [managed.keycloak] (pool-2-thread-1) [io.agroal.pool] (main) Datasource '<default>': JDBC resources leaked: 1 ResultSet(s) and 0 Statement(s)
Store IT (oracle)	Run new base tests	2024-12-14T00:28:19.5921621Z 2024-12-14 00:28:19,587 ERROR [testinfo] (main)     FAILED - org.keycloak.test.admin.AdminConsoleLandingPageTest / landingPage
Store IT (oracle)	Run new base tests	2024-12-14T00:28:19.7157827Z [ERROR] Tests run: 1, Failures: 0, Errors: 1, Skipped: 0, Time elapsed: 236.711 s <<< FAILURE! - in org.keycloak.test.admin.AdminConsoleLandingPageTest
Store IT (oracle)	Run new base tests	2024-12-14T00:28:19.7192513Z [ERROR] org.keycloak.test.admin.AdminConsoleLandingPageTest.landingPage  Time elapsed: 236.665 s  <<< ERROR!
Store IT (oracle)	Run new base tests	2024-12-14T00:28:19.7194485Z java.lang.RuntimeException: Failed to start the server
Store IT (oracle)	Run new base tests	2024-12-14T00:28:19.7195637Z 	at org.keycloak.it.utils.RawKeycloakDistribution.run(RawKeycloakDistribution.java:184)
Store IT (oracle)	Run new base tests	2024-12-14T00:28:19.7197179Z 	at org.keycloak.test.framework.server.DistributionKeycloakServer.start(DistributionKeycloakServer.java:32)
Store IT (oracle)	Run new base tests	2024-12-14T00:28:19.7199007Z 	at org.keycloak.test.framework.server.AbstractKeycloakServerSupplier.getValue(AbstractKeycloakServerSupplier.java:58)
Store IT (oracle)	Run new base tests	2024-12-14T00:28:19.7201313Z 	at org.keycloak.test.framework.server.AbstractKeycloakServerSupplier.getValue(AbstractKeycloakServerSupplier.java:16)
Store IT (oracle)	Run new base tests	2024-12-14T00:28:19.7203644Z 	at org.keycloak.test.framework.injection.Registry.deployRequestedInstances(Registry.java:173)
Store IT (oracle)	Run new base tests	2024-12-14T00:28:19.7205001Z 	at org.keycloak.test.framework.injection.Registry.beforeEach(Registry.java:119)
Store IT (oracle)	Run new base tests	2024-12-14T00:28:19.7206537Z 	at org.keycloak.test.framework.KeycloakIntegrationTestExtension.beforeEach(KeycloakIntegrationTestExtension.java:29)
Store IT (oracle)	Run new base tests	2024-12-14T00:28:19.7207932Z 	at java.base/java.util.ArrayList.forEach(ArrayList.java:1596)
Store IT (oracle)	Run new base tests	2024-12-14T00:28:19.7208765Z 	at java.base/java.util.ArrayList.forEach(ArrayList.java:1596)
Store IT (oracle)	Run new base tests	2024-12-14T00:28:19.7210939Z Caused by: org.awaitility.core.ConditionTimeoutException: Condition with Lambda expression in org.keycloak.it.utils.RawKeycloakDistribution was not fulfilled within 1 minutes.
Store IT (oracle)	Run new base tests	2024-12-14T00:28:19.7212717Z 	at org.awaitility.core.ConditionAwaiter.await(ConditionAwaiter.java:167)
Store IT (oracle)	Run new base tests	2024-12-14T00:28:19.7213973Z 	at org.awaitility.core.CallableCondition.await(CallableCondition.java:78)
Store IT (oracle)	Run new base tests	2024-12-14T00:28:19.7214828Z 	at org.awaitility.core.CallableCondition.await(CallableCondition.java:26)
Store IT (oracle)	Run new base tests	2024-12-14T00:28:19.7215742Z 	at org.awaitility.core.ConditionFactory.until(ConditionFactory.java:1006)
Store IT (oracle)	Run new base tests	2024-12-14T00:28:19.7216633Z 	at org.awaitility.core.ConditionFactory.until(ConditionFactory.java:975)
Store IT (oracle)	Run new base tests	2024-12-14T00:28:19.7217660Z 	at org.keycloak.it.utils.RawKeycloakDistribution.threadDump(RawKeycloakDistribution.java:389)
Store IT (oracle)	Run new base tests	2024-12-14T00:28:19.7218903Z 	at org.keycloak.it.utils.RawKeycloakDistribution.waitForReadiness(RawKeycloakDistribution.java:336)
Store IT (oracle)	Run new base tests	2024-12-14T00:28:19.7236603Z 	at org.keycloak.it.utils.RawKeycloakDistribution.waitForReadiness(RawKeycloakDistribution.java:321)
Store IT (oracle)	Run new base tests	2024-12-14T00:28:19.7237876Z 	at org.keycloak.it.utils.RawKeycloakDistribution.run(RawKeycloakDistribution.java:174)
Store IT (oracle)	Run new base tests	2024-12-14T00:28:19.7238643Z 	... 8 more
Store IT (oracle)	Run new base tests	2024-12-14T00:28:19.7238813Z 
Store IT (oracle)	Run new base tests	2024-12-14T00:28:19.7239108Z [INFO] Running org.keycloak.test.admin.AdminHeadersTest
Store IT (oracle)	Run new base tests	2024-12-14T00:28:19.7239934Z 2024-12-14 00:28:19,618 INFO  [testinfo] (main) ----------------------------------------------------------------
Store IT (oracle)	Run new base tests	2024-12-14T00:28:19.7240888Z 2024-12-14 00:28:19,618 INFO  [testinfo] (main)    RUNNING - org.keycloak.test.admin.AdminHeadersTest
Store IT (oracle)	Run new base tests	2024-12-14T00:28:19.7767683Z 2024-12-14 00:28:19,620 INFO  [org.keycloak.test.framework.server.DistributionKeycloakServerSupplier] (main) Starting Keycloak test server
Store IT (oracle)	Run new base tests	2024-12-14T00:28:26.7942607Z 2024-12-14 00:28:26,776 WARN  [managed.keycloak] (pool-3-thread-1) [io.qua.config] (build-33) Unrecognized configuration key "quarkus.smallrye-health.extensions.enabled" was provided; it will be ignored; verify that the dependency extension for this configuration is set or that you did not make a typo
Store IT (oracle)	Run new base tests	2024-12-14T00:28:28.5004242Z 2024-12-14 00:28:28,456 WARN  [managed.keycloak] (pool-3-thread-1) [io.qua.dep.ste.ClassTransformingBuildStep] (build-59) Could not remove configured resources from the following artifacts as they were not found in the model: {com.oracle.database.jdbc:ojdbc11::jar=[oracle/nativeimage/CharacterSetFeature.class]}
Store IT (oracle)	Run new base tests	2024-12-14T00:28:35.7249249Z 2024-12-14 00:28:35,704 WARN  [managed.keycloak] (pool-3-thread-1) [io.quarkus.config] (main) Unrecognized configuration key "quarkus.smallrye-health.extensions.enabled" was provided; it will be ignored; verify that the dependency extension for this configuration is set or that you did not make a typo
Store IT (oracle)	Run new base tests	2024-12-14T00:28:38.9330994Z 2024-12-14 00:28:38,909 WARN  [managed.keycloak] (pool-3-thread-1) [io.agroal.pool] (main) Datasource '<default>': JDBC resources leaked: 1 ResultSet(s) and 0 Statement(s)
Store IT (oracle)	Run new base tests	2024-12-14T00:28:41.2355339Z 2024-12-14 00:28:41,154 INFO  [org.keycloak.test.framework.server.DistributionKeycloakServerSupplier] (main) Keycloak test server started in 21,534 ms
Store IT (oracle)	Run new base tests	2024-12-14T00:28:46.8579768Z [INFO] Tests run: 1, Failures: 0, Errors: 0, Skipped: 0, Time elapsed: 27.212 s - in org.keycloak.test.admin.AdminHeadersTest
Store IT (oracle)	Run new base tests	2024-12-14T00:28:46.8580903Z [INFO] Running org.keycloak.test.admin.AdminPreflightTest
Store IT (oracle)	Run new base tests	2024-12-14T00:28:46.8581963Z 2024-12-14 00:28:46,834 INFO  [testinfo] (main) ----------------------------------------------------------------
Store IT (oracle)	Run new base tests	2024-12-14T00:28:46.8583332Z 2024-12-14 00:28:46,834 INFO  [testinfo] (main)    RUNNING - org.keycloak.test.admin.AdminPreflightTest
Store IT (oracle)	Run new base tests	2024-12-14T00:28:46.8880745Z [INFO] Tests run: 1, Failures: 0, Errors: 0, Skipped: 0, Time elapsed: 0.031 s - in org.keycloak.test.admin.AdminPreflightTest
Store IT (oracle)	Run new base tests	2024-12-14T00:28:46.8882763Z [INFO] Running org.keycloak.test.admin.AdminSignatureAlgorithmTest
Store IT (oracle)	Run new base tests	2024-12-14T00:28:46.8884087Z 2024-12-14 00:28:46,868 INFO  [testinfo] (main) ----------------------------------------------------------------
Store IT (oracle)	Run new base tests	2024-12-14T00:28:46.8893652Z 2024-12-14 00:28:46,868 INFO  [testinfo] (main)    RUNNING - org.keycloak.test.admin.AdminSignatureAlgorithmTest
Store IT (oracle)	Run new base tests	2024-12-14T00:28:47.4813476Z [INFO] Tests run: 1, Failures: 0, Errors: 0, Skipped: 0, Time elapsed: 0.589 s - in org.keycloak.test.admin.AdminSignatureAlgorithmTest
Store IT (oracle)	Run new base tests	2024-12-14T00:28:47.4815372Z [INFO] Running org.keycloak.test.admin.ImpersonationDisabledTest
Store IT (oracle)	Run new base tests	2024-12-14T00:28:47.4816487Z 2024-12-14 00:28:47,460 INFO  [testinfo] (main) ----------------------------------------------------------------
Store IT (oracle)	Run new base tests	2024-12-14T00:28:47.4817675Z 2024-12-14 00:28:47,461 INFO  [testinfo] (main)    RUNNING - org.keycloak.test.admin.ImpersonationDisabledTest
Store IT (oracle)	Run new base tests	2024-12-14T00:28:47.6496601Z 2024-12-14 00:28:47,589 INFO  [org.keycloak.test.framework.server.DistributionKeycloakServerSupplier] (main) Starting Keycloak test server
Store IT (oracle)	Run new base tests	2024-12-14T00:28:54.4751548Z 2024-12-14 00:28:54,382 WARN  [managed.keycloak] (pool-4-thread-1) [io.qua.config] (build-31) Unrecognized configuration key "quarkus.smallrye-health.extensions.enabled" was provided; it will be ignored; verify that the dependency extension for this configuration is set or that you did not make a typo
Store IT (oracle)	Run new base tests	2024-12-14T00:28:56.1789281Z 2024-12-14 00:28:56,080 WARN  [managed.keycloak] (pool-4-thread-1) [io.qua.dep.ste.ClassTransformingBuildStep] (build-42) Could not remove configured resources from the following artifacts as they were not found in the model: {com.oracle.database.jdbc:ojdbc11::jar=[oracle/nativeimage/CharacterSetFeature.class]}
Store IT (oracle)	Run new base tests	2024-12-14T00:29:03.3119551Z 2024-12-14 00:29:03,252 WARN  [managed.keycloak] (pool-4-thread-1) [io.quarkus.config] (main) Unrecognized configuration key "quarkus.smallrye-health.extensions.enabled" was provided; it will be ignored; verify that the dependency extension for this configuration is set or that you did not make a typo
Store IT (oracle)	Run new base tests	2024-12-14T00:29:06.2222369Z 2024-12-14 00:29:06,151 WARN  [managed.keycloak] (pool-4-thread-1) [io.agroal.pool] (main) Datasource '<default>': JDBC resources leaked: 1 ResultSet(s) and 0 Statement(s)
Store IT (oracle)	Run new base tests	2024-12-14T00:29:07.8239991Z 2024-12-14 00:29:07,774 INFO  [org.keycloak.test.framework.server.DistributionKeycloakServerSupplier] (main) Keycloak test server started in 20,184 ms
Store IT (oracle)	Run new base tests	2024-12-14T00:29:12.1012977Z [INFO] Tests run: 1, Failures: 0, Errors: 0, Skipped: 0, Time elapsed: 24.63 s - in org.keycloak.test.admin.ImpersonationDisabledTest
Store IT (oracle)	Run new base tests	2024-12-14T00:29:12.1014874Z [INFO] Running org.keycloak.test.admin.ManagementPermissionsTest
Store IT (oracle)	Run new base tests	2024-12-14T00:29:12.1015817Z 2024-12-14 00:29:12,090 INFO  [testinfo] (main) ----------------------------------------------------------------
Store IT (oracle)	Run new base tests	2024-12-14T00:29:12.1016875Z 2024-12-14 00:29:12,091 INFO  [testinfo] (main)    RUNNING - org.keycloak.test.admin.ManagementPermissionsTest
Store IT (oracle)	Run new base tests	2024-12-14T00:29:12.2321897Z 2024-12-14 00:29:12,171 INFO  [org.keycloak.test.framework.server.DistributionKeycloakServerSupplier] (main) Starting Keycloak test server
Store IT (oracle)	Run new base tests	2024-12-14T00:29:19.3508726Z 2024-12-14 00:29:19,301 WARN  [managed.keycloak] (pool-5-thread-1) [io.qua.config] (build-46) Unrecognized configuration key "quarkus.smallrye-health.extensions.enabled" was provided; it will be ignored; verify that the dependency extension for this configuration is set or that you did not make a typo
Store IT (oracle)	Run new base tests	2024-12-14T00:29:21.0596896Z 2024-12-14 00:29:21,028 WARN  [managed.keycloak] (pool-5-thread-1) [io.qua.dep.ste.ClassTransformingBuildStep] (build-62) Could not remove configured resources from the following artifacts as they were not found in the model: {com.oracle.database.jdbc:ojdbc11::jar=[oracle/nativeimage/CharacterSetFeature.class]}
Store IT (oracle)	Run new base tests	2024-12-14T00:29:28.1983720Z 2024-12-14 00:29:28,176 WARN  [managed.keycloak] (pool-5-thread-1) [io.quarkus.config] (main) Unrecognized configuration key "quarkus.smallrye-health.extensions.enabled" was provided; it will be ignored; verify that the dependency extension for this configuration is set or that you did not make a typo
Store IT (oracle)	Run new base tests	2024-12-14T00:29:31.2095659Z 2024-12-14 00:29:31,136 WARN  [managed.keycloak] (pool-5-thread-1) [io.agroal.pool] (main) Datasource '<default>': JDBC resources leaked: 1 ResultSet(s) and 0 Statement(s)
Store IT (oracle)	Run new base tests	2024-12-14T00:29:33.3124030Z 2024-12-14 00:29:33,304 INFO  [org.keycloak.test.framework.server.DistributionKeycloakServerSupplier] (main) Keycloak test server started in 21,133 ms
Store IT (oracle)	Run new base tests	2024-12-14T00:29:40.0369604Z [INFO] Tests run: 4, Failures: 0, Errors: 0, Skipped: 0, Time elapsed: 27.933 s - in org.keycloak.test.admin.ManagementPermissionsTest
Store IT (oracle)	Run new base tests	2024-12-14T00:29:40.0394465Z [INFO] Running org.keycloak.test.admin.RealmLocalizationResourceTest
Store IT (oracle)	Run new base tests	2024-12-14T00:29:40.0395474Z 2024-12-14 00:29:40,026 INFO  [testinfo] (main) ----------------------------------------------------------------
Store IT (oracle)	Run new base tests	2024-12-14T00:29:40.0396437Z 2024-12-14 00:29:40,027 INFO  [testinfo] (main)    RUNNING - org.keycloak.test.admin.RealmLocalizationResourceTest
Store IT (oracle)	Run new base tests	2024-12-14T00:29:40.2242964Z 2024-12-14 00:29:40,106 INFO  [org.keycloak.test.framework.server.DistributionKeycloakServerSupplier] (main) Starting Keycloak test server
Store IT (oracle)	Run new base tests	2024-12-14T00:29:47.3473427Z 2024-12-14 00:29:47,278 WARN  [managed.keycloak] (pool-6-thread-1) [io.qua.config] (build-35) Unrecognized configuration key "quarkus.smallrye-health.extensions.enabled" was provided; it will be ignored; verify that the dependency extension for this configuration is set or that you did not make a typo
Store IT (oracle)	Run new base tests	2024-12-14T00:29:49.0578253Z 2024-12-14 00:29:49,010 WARN  [managed.keycloak] (pool-6-thread-1) [io.qua.dep.ste.ClassTransformingBuildStep] (build-19) Could not remove configured resources from the following artifacts as they were not found in the model: {com.oracle.database.jdbc:ojdbc11::jar=[oracle/nativeimage/CharacterSetFeature.class]}
Store IT (oracle)	Run new base tests	2024-12-14T00:29:56.1751922Z 2024-12-14 00:29:56,152 WARN  [managed.keycloak] (pool-6-thread-1) [io.quarkus.config] (main) Unrecognized configuration key "quarkus.smallrye-health.extensions.enabled" was provided; it will be ignored; verify that the dependency extension for this configuration is set or that you did not make a typo
Store IT (oracle)	Run new base tests	2024-12-14T00:29:59.2861647Z 2024-12-14 00:29:59,230 WARN  [managed.keycloak] (pool-6-thread-1) [io.agroal.pool] (main) Datasource '<default>': JDBC resources leaked: 1 ResultSet(s) and 0 Statement(s)
Store IT (oracle)	Run new base tests	2024-12-14T00:30:01.1903917Z 2024-12-14 00:30:01,173 INFO  [org.keycloak.test.framework.server.DistributionKeycloakServerSupplier] (main) Keycloak test server started in 21,067 ms
Store IT (oracle)	Run new base tests	2024-12-14T00:30:06.3820459Z [INFO] Tests run: 13, Failures: 0, Errors: 0, Skipped: 0, Time elapsed: 26.338 s - in org.keycloak.test.admin.RealmLocalizationResourceTest
Store IT (oracle)	Run new base tests	2024-12-14T00:30:06.3823541Z [INFO] Running org.keycloak.test.admin.client.ClientDescriptionConverterTest
Store IT (oracle)	Run new base tests	2024-12-14T00:30:06.3824648Z 2024-12-14 00:30:06,366 INFO  [testinfo] (main) ----------------------------------------------------------------
Store IT (oracle)	Run new base tests	2024-12-14T00:30:06.3825690Z 2024-12-14 00:30:06,366 INFO  [testinfo] (main)    RUNNING - org.keycloak.test.admin.client.ClientDescriptionConverterTest
Store IT (oracle)	Run new base tests	2024-12-14T00:30:08.2172312Z [INFO] Tests run: 1, Failures: 0, Errors: 0, Skipped: 0, Time elapsed: 1.835 s - in org.keycloak.test.admin.client.ClientDescriptionConverterTest
Store IT (oracle)	Run new base tests	2024-12-14T00:30:08.2174936Z [INFO] Running org.keycloak.test.admin.event.EmailEventListenerTest
Store IT (oracle)	Run new base tests	2024-12-14T00:30:08.2175990Z 2024-12-14 00:30:08,208 INFO  [testinfo] (main) ----------------------------------------------------------------
Store IT (oracle)	Run new base tests	2024-12-14T00:30:08.2178341Z 2024-12-14 00:30:08,208 INFO  [testinfo] (main)    RUNNING - org.keycloak.test.admin.event.EmailEventListenerTest
Store IT (oracle)	Run new base tests	2024-12-14T00:30:12.1962581Z [INFO] Tests run: 1, Failures: 0, Errors: 0, Skipped: 0, Time elapsed: 3.977 s - in org.keycloak.test.admin.event.EmailEventListenerTest
Store IT (oracle)	Run new base tests	2024-12-14T00:30:12.1964773Z [INFO] Running org.keycloak.test.admin.partialexport.PartialExportTest
Store IT (oracle)	Run new base tests	2024-12-14T00:30:12.1966020Z 2024-12-14 00:30:12,183 INFO  [testinfo] (main) ----------------------------------------------------------------
Store IT (oracle)	Run new base tests	2024-12-14T00:30:12.1967312Z 2024-12-14 00:30:12,184 INFO  [testinfo] (main)    RUNNING - org.keycloak.test.admin.partialexport.PartialExportTest
Store IT (oracle)	Run new base tests	2024-12-14T00:30:15.8277399Z [INFO] Tests run: 1, Failures: 0, Errors: 0, Skipped: 0, Time elapsed: 3.598 s - in org.keycloak.test.admin.partialexport.PartialExportTest
Store IT (oracle)	Run new base tests	2024-12-14T00:30:15.8283962Z [INFO] Running org.keycloak.test.admin.userprofile.UserProfileAdminTest
Store IT (oracle)	Run new base tests	2024-12-14T00:30:15.8290131Z 2024-12-14 00:30:15,785 INFO  [testinfo] (main) ----------------------------------------------------------------
Store IT (oracle)	Run new base tests	2024-12-14T00:30:15.8295544Z 2024-12-14 00:30:15,786 INFO  [testinfo] (main)    RUNNING - org.keycloak.test.admin.userprofile.UserProfileAdminTest
Store IT (oracle)	Run new base tests	2024-12-14T00:30:18.0882872Z [INFO] Tests run: 8, Failures: 0, Errors: 0, Skipped: 0, Time elapsed: 2.29 s - in org.keycloak.test.admin.userprofile.UserProfileAdminTest
Store IT (oracle)	Run new base tests	2024-12-14T00:30:18.1720248Z [INFO] Tests run: 0, Failures: 0, Errors: 0, Skipped: 0, Time elapsed: 355.324 s - in org.keycloak.test.suites.DatabaseTestSuite
Store IT (oracle)	Run new base tests	2024-12-14T00:30:18.5074386Z [INFO] 
Store IT (oracle)	Run new base tests	2024-12-14T00:30:18.5074814Z [INFO] Results:
Store IT (oracle)	Run new base tests	2024-12-14T00:30:18.5075149Z [INFO] 
Store IT (oracle)	Run new base tests	2024-12-14T00:30:18.5075446Z [ERROR] Errors: 
Store IT (oracle)	Run new base tests	2024-12-14T00:30:18.5076522Z [ERROR]   AdminConsoleLandingPageTest.landingPage » Runtime Failed to start the server
Store IT (oracle)	Run new base tests	2024-12-14T00:30:18.5078605Z [INFO] 
Store IT (oracle)	Run new base tests	2024-12-14T00:30:18.5079053Z [ERROR] Tests run: 33, Failures: 0, Errors: 1, Skipped: 0
Store IT (oracle)	Run new base tests	2024-12-14T00:30:18.5079562Z [INFO] 
Store IT (oracle)	Run new base tests	2024-12-14T00:30:18.5119622Z [INFO] ------------------------------------------------------------------------
Store IT (oracle)	Run new base tests	2024-12-14T00:30:18.5120396Z [INFO] Reactor Summary for Keycloak Tests Parent 999.0.0-SNAPSHOT:
Store IT (oracle)	Run new base tests	2024-12-14T00:30:18.5120761Z [INFO] 
Store IT (oracle)	Run new base tests	2024-12-14T00:30:18.5121692Z [INFO] Keycloak Tests Parent .............................. SUCCESS [  0.694 s]
Store IT (oracle)	Run new base tests	2024-12-14T00:30:18.5122800Z [INFO] Keycloak Testsuite Utilities ....................... SUCCESS [  5.151 s]
Store IT (oracle)	Run new base tests	2024-12-14T00:30:18.5123588Z [INFO] New Keycloak Base Testsuite ........................ FAILURE [06:01 min]
Store IT (oracle)	Run new base tests	2024-12-14T00:30:18.5124286Z [INFO] ------------------------------------------------------------------------
Store IT (oracle)	Run new base tests	2024-12-14T00:30:18.5124803Z [INFO] BUILD FAILURE
Store IT (oracle)	Run new base tests	2024-12-14T00:30:18.5125245Z [INFO] ------------------------------------------------------------------------
Store IT (oracle)	Run new base tests	2024-12-14T00:30:18.5125711Z [INFO] Total time:  06:07 min
Store IT (oracle)	Run new base tests	2024-12-14T00:30:18.5126615Z [INFO] Finished at: 2024-12-14T00:30:18Z
Store IT (oracle)	Run new base tests	2024-12-14T00:30:18.5127141Z [INFO] ------------------------------------------------------------------------
Store IT (oracle)	Run new base tests	2024-12-14T00:30:18.5135010Z [ERROR] Failed to execute goal org.apache.maven.plugins:maven-surefire-plugin:3.0.0-M7:test (default-test) on project keycloak-tests-base: 
Store IT (oracle)	Run new base tests	2024-12-14T00:30:18.5135991Z [ERROR] 
Store IT (oracle)	Run new base tests	2024-12-14T00:30:18.5136817Z [ERROR] Please refer to /home/runner/work/keycloak/keycloak/tests/base/target/surefire-reports for the individual test results.
Store IT (oracle)	Run new base tests	2024-12-14T00:30:18.5138010Z [ERROR] Please refer to dump files (if any exist) [date].dump, [date]-jvmRun[N].dump and [date].dumpstream.
Store IT (oracle)	Run new base tests	2024-12-14T00:30:18.5138447Z [ERROR] -> [Help 1]
Store IT (oracle)	Run new base tests	2024-12-14T00:30:18.5138641Z [ERROR] 
Store IT (oracle)	Run new base tests	2024-12-14T00:30:18.5138932Z [ERROR] To see the full stack trace of the errors, re-run Maven with the -e switch.
Store IT (oracle)	Run new base tests	2024-12-14T00:30:18.5139391Z [ERROR] Re-run Maven using the -X switch to enable full debug logging.
Store IT (oracle)	Run new base tests	2024-12-14T00:30:18.5139713Z [ERROR] 
Store IT (oracle)	Run new base tests	2024-12-14T00:30:18.5140084Z [ERROR] For more information about the errors and possible solutions, please read the following articles:
Store IT (oracle)	Run new base tests	2024-12-14T00:30:18.5140689Z [ERROR] [Help 1] http://cwiki.apache.org/confluence/display/MAVEN/MojoFailureException
Store IT (oracle)	Run new base tests	2024-12-14T00:30:18.5141368Z [ERROR] 
Store IT (oracle)	Run new base tests	2024-12-14T00:30:18.5141675Z [ERROR] After correcting the problems, you can resume the build with the command
Store IT (oracle)	Run new base tests	2024-12-14T00:30:18.5142816Z [ERROR]   mvn <args> -rf :keycloak-tests-base
Store IT (oracle)	Run new base tests	2024-12-14T00:30:18.5509806Z ##[error]Process completed with exit code 1.
Status Check - Keycloak CI	Run /./.github/actions/status-check	2024-12-14T01:01:08.8042873Z Prepare all required actions
Status Check - Keycloak CI	Run /./.github/actions/status-check	2024-12-14T01:01:08.8107639Z ##[group]Run ./.github/actions/status-check
Status Check - Keycloak CI	Run /./.github/actions/status-check	2024-12-14T01:01:08.8107997Z with:
Status Check - Keycloak CI	Run /./.github/actions/status-check	2024-12-14T01:01:08.8111833Z   jobs: {
Status Check - Keycloak CI	Run /./.github/actions/status-check	  "conditional": {
Status Check - Keycloak CI	Run /./.github/actions/status-check	    "result": "success",
Status Check - Keycloak CI	Run /./.github/actions/status-check	    "outputs": {
Status Check - Keycloak CI	Run /./.github/actions/status-check	      "ci": "true",
Status Check - Keycloak CI	Run /./.github/actions/status-check	      "ci-aurora": "true",
Status Check - Keycloak CI	Run /./.github/actions/status-check	      "ci-quarkus": "true",
Status Check - Keycloak CI	Run /./.github/actions/status-check	      "ci-sssd": "true",
Status Check - Keycloak CI	Run /./.github/actions/status-check	      "ci-store": "true",
Status Check - Keycloak CI	Run /./.github/actions/status-check	      "ci-webauthn": "true"
Status Check - Keycloak CI	Run /./.github/actions/status-check	    }
Status Check - Keycloak CI	Run /./.github/actions/status-check	  },
Status Check - Keycloak CI	Run /./.github/actions/status-check	  "build": {
Status Check - Keycloak CI	Run /./.github/actions/status-check	    "result": "success",
Status Check - Keycloak CI	Run /./.github/actions/status-check	    "outputs": {}
Status Check - Keycloak CI	Run /./.github/actions/status-check	  },
Status Check - Keycloak CI	Run /./.github/actions/status-check	  "unit-tests": {
Status Check - Keycloak CI	Run /./.github/actions/status-check	    "result": "success",
Status Check - Keycloak CI	Run /./.github/actions/status-check	    "outputs": {}
Status Check - Keycloak CI	Run /./.github/actions/status-check	  },
Status Check - Keycloak CI	Run /./.github/actions/status-check	  "base-integration-tests": {
Status Check - Keycloak CI	Run /./.github/actions/status-check	    "result": "success",
Status Check - Keycloak CI	Run /./.github/actions/status-check	    "outputs": {}
Status Check - Keycloak CI	Run /./.github/actions/status-check	  },
Status Check - Keycloak CI	Run /./.github/actions/status-check	  "adapter-integration-tests": {
Status Check - Keycloak CI	Run /./.github/actions/status-check	    "result": "success",
Status Check - Keycloak CI	Run /./.github/actions/status-check	    "outputs": {}
Status Check - Keycloak CI	Run /./.github/actions/status-check	  },
Status Check - Keycloak CI	Run /./.github/actions/status-check	  "adapter-integration-tests-strict-cookies": {
Status Check - Keycloak CI	Run /./.github/actions/status-check	    "result": "success",
Status Check - Keycloak CI	Run /./.github/actions/status-check	    "outputs": {}
Status Check - Keycloak CI	Run /./.github/actions/status-check	  },
Status Check - Keycloak CI	Run /./.github/actions/status-check	  "quarkus-unit-tests": {
Status Check - Keycloak CI	Run /./.github/actions/status-check	    "result": "success",
Status Check - Keycloak CI	Run /./.github/actions/status-check	    "outputs": {}
Status Check - Keycloak CI	Run /./.github/actions/status-check	  },
Status Check - Keycloak CI	Run /./.github/actions/status-check	  "quarkus-integration-tests": {
Status Check - Keycloak CI	Run /./.github/actions/status-check	    "result": "success",
Status Check - Keycloak CI	Run /./.github/actions/status-check	    "outputs": {}
Status Check - Keycloak CI	Run /./.github/actions/status-check	  },
Status Check - Keycloak CI	Run /./.github/actions/status-check	  "jdk-integration-tests": {
Status Check - Keycloak CI	Run /./.github/actions/status-check	    "result": "success",
Status Check - Keycloak CI	Run /./.github/actions/status-check	    "outputs": {}
Status Check - Keycloak CI	Run /./.github/actions/status-check	  },
Status Check - Keycloak CI	Run /./.github/actions/status-check	  "store-integration-tests": {
Status Check - Keycloak CI	Run /./.github/actions/status-check	    "result": "failure",
Status Check - Keycloak CI	Run /./.github/actions/status-check	    "outputs": {}
Status Check - Keycloak CI	Run /./.github/actions/status-check	  },
Status Check - Keycloak CI	Run /./.github/actions/status-check	  "volatile-sessions-tests": {
Status Check - Keycloak CI	Run /./.github/actions/status-check	    "result": "success",
Status Check - Keycloak CI	Run /./.github/actions/status-check	    "outputs": {}
Status Check - Keycloak CI	Run /./.github/actions/status-check	  },
Status Check - Keycloak CI	Run /./.github/actions/status-check	  "store-model-tests": {
Status Check - Keycloak CI	Run /./.github/actions/status-check	    "result": "success",
Status Check - Keycloak CI	Run /./.github/actions/status-check	    "outputs": {}
Status Check - Keycloak CI	Run /./.github/actions/status-check	  },
Status Check - Keycloak CI	Run /./.github/actions/status-check	  "clustering-integration-tests": {
Status Check - Keycloak CI	Run /./.github/actions/status-check	    "result": "success",
Status Check - Keycloak CI	Run /./.github/actions/status-check	    "outputs": {}
Status Check - Keycloak CI	Run /./.github/actions/status-check	  },
Status Check - Keycloak CI	Run /./.github/actions/status-check	  "fips-unit-tests": {
Status Check - Keycloak CI	Run /./.github/actions/status-check	    "result": "success",
Status Check - Keycloak CI	Run /./.github/actions/status-check	    "outputs": {}
Status Check - Keycloak CI	Run /./.github/actions/status-check	  },
Status Check - Keycloak CI	Run /./.github/actions/status-check	  "fips-integration-tests": {
Status Check - Keycloak CI	Run /./.github/actions/status-check	    "result": "success",
Status Check - Keycloak CI	Run /./.github/actions/status-check	    "outputs": {}
Status Check - Keycloak CI	Run /./.github/actions/status-check	  },
Status Check - Keycloak CI	Run /./.github/actions/status-check	  "forms-integration-tests": {
Status Check - Keycloak CI	Run /./.github/actions/status-check	    "result": "success",
Status Check - Keycloak CI	Run /./.github/actions/status-check	    "outputs": {}
Status Check - Keycloak CI	Run /./.github/actions/status-check	  },
Status Check - Keycloak CI	Run /./.github/actions/status-check	  "webauthn-integration-tests": {
Status Check - Keycloak CI	Run /./.github/actions/status-check	    "result": "success",
Status Check - Keycloak CI	Run /./.github/actions/status-check	    "outputs": {}
Status Check - Keycloak CI	Run /./.github/actions/status-check	  },
Status Check - Keycloak CI	Run /./.github/actions/status-check	  "sssd-unit-tests": {
Status Check - Keycloak CI	Run /./.github/actions/status-check	    "result": "success",
Status Check - Keycloak CI	Run /./.github/actions/status-check	    "outputs": {}
Status Check - Keycloak CI	Run /./.github/actions/status-check	  },
Status Check - Keycloak CI	Run /./.github/actions/status-check	  "migration-tests": {
Status Check - Keycloak CI	Run /./.github/actions/status-check	    "result": "success",
Status Check - Keycloak CI	Run /./.github/actions/status-check	    "outputs": {}
Status Check - Keycloak CI	Run /./.github/actions/status-check	  },
Status Check - Keycloak CI	Run /./.github/actions/status-check	  "external-infinispan-tests": {
Status Check - Keycloak CI	Run /./.github/actions/status-check	    "result": "success",
Status Check - Keycloak CI	Run /./.github/actions/status-check	    "outputs": {}
Status Check - Keycloak CI	Run /./.github/actions/status-check	  },
Status Check - Keycloak CI	Run /./.github/actions/status-check	  "test-framework": {
Status Check - Keycloak CI	Run /./.github/actions/status-check	    "result": "success",
Status Check - Keycloak CI	Run /./.github/actions/status-check	    "outputs": {}
Status Check - Keycloak CI	Run /./.github/actions/status-check	  },
Status Check - Keycloak CI	Run /./.github/actions/status-check	  "base-new-integration-tests": {
Status Check - Keycloak CI	Run /./.github/actions/status-check	    "result": "success",
Status Check - Keycloak CI	Run /./.github/actions/status-check	    "outputs": {}
Status Check - Keycloak CI	Run /./.github/actions/status-check	  }
Status Check - Keycloak CI	Run /./.github/actions/status-check	}
Status Check - Keycloak CI	Run /./.github/actions/status-check	2024-12-14T01:01:08.8116483Z env:
Status Check - Keycloak CI	Run /./.github/actions/status-check	2024-12-14T01:01:08.8116794Z   MAVEN_ARGS: -B -nsu -Daether.connector.http.connectionMaxTtl=25
Status Check - Keycloak CI	Run /./.github/actions/status-check	2024-12-14T01:01:08.8117161Z   SUREFIRE_RERUN_FAILING_COUNT: 2
Status Check - Keycloak CI	Run /./.github/actions/status-check	2024-12-14T01:01:08.8117481Z   SUREFIRE_RETRY: -Dsurefire.rerunFailingTestsCount=2
Status Check - Keycloak CI	Run /./.github/actions/status-check	2024-12-14T01:01:08.8117814Z ##[endgroup]
Status Check - Keycloak CI	Run /./.github/actions/status-check	2024-12-14T01:01:08.8210409Z ##[group]Run JOBS='{
Status Check - Keycloak CI	Run /./.github/actions/status-check	2024-12-14T01:01:08.8210787Z [36;1mJOBS='{[0m
Status Check - Keycloak CI	Run /./.github/actions/status-check	2024-12-14T01:01:08.8211029Z [36;1m  "conditional": {[0m
Status Check - Keycloak CI	Run /./.github/actions/status-check	2024-12-14T01:01:08.8211307Z [36;1m    "result": "success",[0m
Status Check - Keycloak CI	Run /./.github/actions/status-check	2024-12-14T01:01:08.8211573Z [36;1m    "outputs": {[0m
Status Check - Keycloak CI	Run /./.github/actions/status-check	2024-12-14T01:01:08.8211829Z [36;1m      "ci": "true",[0m
Status Check - Keycloak CI	Run /./.github/actions/status-check	2024-12-14T01:01:08.8212120Z [36;1m      "ci-aurora": "true",[0m
Status Check - Keycloak CI	Run /./.github/actions/status-check	2024-12-14T01:01:08.8212411Z [36;1m      "ci-quarkus": "true",[0m
Status Check - Keycloak CI	Run /./.github/actions/status-check	2024-12-14T01:01:08.8212960Z [36;1m      "ci-sssd": "true",[0m
Status Check - Keycloak CI	Run /./.github/actions/status-check	2024-12-14T01:01:08.8213268Z [36;1m      "ci-store": "true",[0m
Status Check - Keycloak CI	Run /./.github/actions/status-check	2024-12-14T01:01:08.8213531Z [36;1m      "ci-webauthn": "true"[0m
Status Check - Keycloak CI	Run /./.github/actions/status-check	2024-12-14T01:01:08.8213784Z [36;1m    }[0m
Status Check - Keycloak CI	Run /./.github/actions/status-check	2024-12-14T01:01:08.8214001Z [36;1m  },[0m
Status Check - Keycloak CI	Run /./.github/actions/status-check	2024-12-14T01:01:08.8214201Z [36;1m  "build": {[0m
Status Check - Keycloak CI	Run /./.github/actions/status-check	2024-12-14T01:01:08.8214436Z [36;1m    "result": "success",[0m
Status Check - Keycloak CI	Run /./.github/actions/status-check	2024-12-14T01:01:08.8214694Z [36;1m    "outputs": {}[0m
Status Check - Keycloak CI	Run /./.github/actions/status-check	2024-12-14T01:01:08.8214924Z [36;1m  },[0m
Status Check - Keycloak CI	Run /./.github/actions/status-check	2024-12-14T01:01:08.8215134Z [36;1m  "unit-tests": {[0m
Status Check - Keycloak CI	Run /./.github/actions/status-check	2024-12-14T01:01:08.8215378Z [36;1m    "result": "success",[0m
Status Check - Keycloak CI	Run /./.github/actions/status-check	2024-12-14T01:01:08.8215626Z [36;1m    "outputs": {}[0m
Status Check - Keycloak CI	Run /./.github/actions/status-check	2024-12-14T01:01:08.8215857Z [36;1m  },[0m
Status Check - Keycloak CI	Run /./.github/actions/status-check	2024-12-14T01:01:08.8216085Z [36;1m  "base-integration-tests": {[0m
Status Check - Keycloak CI	Run /./.github/actions/status-check	2024-12-14T01:01:08.8216357Z [36;1m    "result": "success",[0m
Status Check - Keycloak CI	Run /./.github/actions/status-check	2024-12-14T01:01:08.8216622Z [36;1m    "outputs": {}[0m
Status Check - Keycloak CI	Run /./.github/actions/status-check	2024-12-14T01:01:08.8216869Z [36;1m  },[0m
Status Check - Keycloak CI	Run /./.github/actions/status-check	2024-12-14T01:01:08.8217097Z [36;1m  "adapter-integration-tests": {[0m
Status Check - Keycloak CI	Run /./.github/actions/status-check	2024-12-14T01:01:08.8217388Z [36;1m    "result": "success",[0m
Status Check - Keycloak CI	Run /./.github/actions/status-check	2024-12-14T01:01:08.8217650Z [36;1m    "outputs": {}[0m
Status Check - Keycloak CI	Run /./.github/actions/status-check	2024-12-14T01:01:08.8217878Z [36;1m  },[0m
Status Check - Keycloak CI	Run /./.github/actions/status-check	2024-12-14T01:01:08.8218175Z [36;1m  "adapter-integration-tests-strict-cookies": {[0m
Status Check - Keycloak CI	Run /./.github/actions/status-check	2024-12-14T01:01:08.8218734Z [36;1m    "result": "success",[0m
Status Check - Keycloak CI	Run /./.github/actions/status-check	2024-12-14T01:01:08.8218988Z [36;1m    "outputs": {}[0m
Status Check - Keycloak CI	Run /./.github/actions/status-check	2024-12-14T01:01:08.8219223Z [36;1m  },[0m
Status Check - Keycloak CI	Run /./.github/actions/status-check	2024-12-14T01:01:08.8219445Z [36;1m  "quarkus-unit-tests": {[0m
Status Check - Keycloak CI	Run /./.github/actions/status-check	2024-12-14T01:01:08.8219704Z [36;1m    "result": "success",[0m
Status Check - Keycloak CI	Run /./.github/actions/status-check	2024-12-14T01:01:08.8219956Z [36;1m    "outputs": {}[0m
Status Check - Keycloak CI	Run /./.github/actions/status-check	2024-12-14T01:01:08.8220187Z [36;1m  },[0m
Status Check - Keycloak CI	Run /./.github/actions/status-check	2024-12-14T01:01:08.8220414Z [36;1m  "quarkus-integration-tests": {[0m
Status Check - Keycloak CI	Run /./.github/actions/status-check	2024-12-14T01:01:08.8220698Z [36;1m    "result": "success",[0m
Status Check - Keycloak CI	Run /./.github/actions/status-check	2024-12-14T01:01:08.8220950Z [36;1m    "outputs": {}[0m
Status Check - Keycloak CI	Run /./.github/actions/status-check	2024-12-14T01:01:08.8221177Z [36;1m  },[0m
Status Check - Keycloak CI	Run /./.github/actions/status-check	2024-12-14T01:01:08.8221527Z [36;1m  "jdk-integration-tests": {[0m
Status Check - Keycloak CI	Run /./.github/actions/status-check	2024-12-14T01:01:08.8221808Z [36;1m    "result": "success",[0m
Status Check - Keycloak CI	Run /./.github/actions/status-check	2024-12-14T01:01:08.8222056Z [36;1m    "outputs": {}[0m
Status Check - Keycloak CI	Run /./.github/actions/status-check	2024-12-14T01:01:08.8222291Z [36;1m  },[0m
Status Check - Keycloak CI	Run /./.github/actions/status-check	2024-12-14T01:01:08.8222517Z [36;1m  "store-integration-tests": {[0m
Status Check - Keycloak CI	Run /./.github/actions/status-check	2024-12-14T01:01:08.8222925Z [36;1m    "result": "failure",[0m
Status Check - Keycloak CI	Run /./.github/actions/status-check	2024-12-14T01:01:08.8223194Z [36;1m    "outputs": {}[0m
Status Check - Keycloak CI	Run /./.github/actions/status-check	2024-12-14T01:01:08.8223427Z [36;1m  },[0m
Status Check - Keycloak CI	Run /./.github/actions/status-check	2024-12-14T01:01:08.8223657Z [36;1m  "volatile-sessions-tests": {[0m
Status Check - Keycloak CI	Run /./.github/actions/status-check	2024-12-14T01:01:08.8223949Z [36;1m    "result": "success",[0m
Status Check - Keycloak CI	Run /./.github/actions/status-check	2024-12-14T01:01:08.8224268Z [36;1m    "outputs": {}[0m
Status Check - Keycloak CI	Run /./.github/actions/status-check	2024-12-14T01:01:08.8224501Z [36;1m  },[0m
Status Check - Keycloak CI	Run /./.github/actions/status-check	2024-12-14T01:01:08.8224718Z [36;1m  "store-model-tests": {[0m
Status Check - Keycloak CI	Run /./.github/actions/status-check	2024-12-14T01:01:08.8224981Z [36;1m    "result": "success",[0m
Status Check - Keycloak CI	Run /./.github/actions/status-check	2024-12-14T01:01:08.8225275Z [36;1m    "outputs": {}[0m
Status Check - Keycloak CI	Run /./.github/actions/status-check	2024-12-14T01:01:08.8225508Z [36;1m  },[0m
Status Check - Keycloak CI	Run /./.github/actions/status-check	2024-12-14T01:01:08.8225745Z [36;1m  "clustering-integration-tests": {[0m
Status Check - Keycloak CI	Run /./.github/actions/status-check	2024-12-14T01:01:08.8226049Z [36;1m    "result": "success",[0m
Status Check - Keycloak CI	Run /./.github/actions/status-check	2024-12-14T01:01:08.8226302Z [36;1m    "outputs": {}[0m
Status Check - Keycloak CI	Run /./.github/actions/status-check	2024-12-14T01:01:08.8226530Z [36;1m  },[0m
Status Check - Keycloak CI	Run /./.github/actions/status-check	2024-12-14T01:01:08.8226736Z [36;1m  "fips-unit-tests": {[0m
Status Check - Keycloak CI	Run /./.github/actions/status-check	2024-12-14T01:01:08.8226997Z [36;1m    "result": "success",[0m
Status Check - Keycloak CI	Run /./.github/actions/status-check	2024-12-14T01:01:08.8227252Z [36;1m    "outputs": {}[0m
Status Check - Keycloak CI	Run /./.github/actions/status-check	2024-12-14T01:01:08.8227484Z [36;1m  },[0m
Status Check - Keycloak CI	Run /./.github/actions/status-check	2024-12-14T01:01:08.8227708Z [36;1m  "fips-integration-tests": {[0m
Status Check - Keycloak CI	Run /./.github/actions/status-check	2024-12-14T01:01:08.8227987Z [36;1m    "result": "success",[0m
Status Check - Keycloak CI	Run /./.github/actions/status-check	2024-12-14T01:01:08.8228238Z [36;1m    "outputs": {}[0m
Status Check - Keycloak CI	Run /./.github/actions/status-check	2024-12-14T01:01:08.8228473Z [36;1m  },[0m
Status Check - Keycloak CI	Run /./.github/actions/status-check	2024-12-14T01:01:08.8228699Z [36;1m  "forms-integration-tests": {[0m
Status Check - Keycloak CI	Run /./.github/actions/status-check	2024-12-14T01:01:08.8228977Z [36;1m    "result": "success",[0m
Status Check - Keycloak CI	Run /./.github/actions/status-check	2024-12-14T01:01:08.8229234Z [36;1m    "outputs": {}[0m
Status Check - Keycloak CI	Run /./.github/actions/status-check	2024-12-14T01:01:08.8229468Z [36;1m  },[0m
Status Check - Keycloak CI	Run /./.github/actions/status-check	2024-12-14T01:01:08.8229698Z [36;1m  "webauthn-integration-tests": {[0m
Status Check - Keycloak CI	Run /./.github/actions/status-check	2024-12-14T01:01:08.8229989Z [36;1m    "result": "success",[0m
Status Check - Keycloak CI	Run /./.github/actions/status-check	2024-12-14T01:01:08.8230253Z [36;1m    "outputs": {}[0m
Status Check - Keycloak CI	Run /./.github/actions/status-check	2024-12-14T01:01:08.8230480Z [36;1m  },[0m
Status Check - Keycloak CI	Run /./.github/actions/status-check	2024-12-14T01:01:08.8230693Z [36;1m  "sssd-unit-tests": {[0m
Status Check - Keycloak CI	Run /./.github/actions/status-check	2024-12-14T01:01:08.8230955Z [36;1m    "result": "success",[0m
Status Check - Keycloak CI	Run /./.github/actions/status-check	2024-12-14T01:01:08.8231204Z [36;1m    "outputs": {}[0m
Status Check - Keycloak CI	Run /./.github/actions/status-check	2024-12-14T01:01:08.8231437Z [36;1m  },[0m
Status Check - Keycloak CI	Run /./.github/actions/status-check	2024-12-14T01:01:08.8231649Z [36;1m  "migration-tests": {[0m
Status Check - Keycloak CI	Run /./.github/actions/status-check	2024-12-14T01:01:08.8231905Z [36;1m    "result": "success",[0m
Status Check - Keycloak CI	Run /./.github/actions/status-check	2024-12-14T01:01:08.8232159Z [36;1m    "outputs": {}[0m
Status Check - Keycloak CI	Run /./.github/actions/status-check	2024-12-14T01:01:08.8232389Z [36;1m  },[0m
Status Check - Keycloak CI	Run /./.github/actions/status-check	2024-12-14T01:01:08.8232718Z [36;1m  "external-infinispan-tests": {[0m
Status Check - Keycloak CI	Run /./.github/actions/status-check	2024-12-14T01:01:08.8233008Z [36;1m    "result": "success",[0m
Status Check - Keycloak CI	Run /./.github/actions/status-check	2024-12-14T01:01:08.8233261Z [36;1m    "outputs": {}[0m
Status Check - Keycloak CI	Run /./.github/actions/status-check	2024-12-14T01:01:08.8233485Z [36;1m  },[0m
Status Check - Keycloak CI	Run /./.github/actions/status-check	2024-12-14T01:01:08.8233737Z [36;1m  "test-framework": {[0m
Status Check - Keycloak CI	Run /./.github/actions/status-check	2024-12-14T01:01:08.8233992Z [36;1m    "result": "success",[0m
Status Check - Keycloak CI	Run /./.github/actions/status-check	2024-12-14T01:01:08.8234237Z [36;1m    "outputs": {}[0m
Status Check - Keycloak CI	Run /./.github/actions/status-check	2024-12-14T01:01:08.8234473Z [36;1m  },[0m
Status Check - Keycloak CI	Run /./.github/actions/status-check	2024-12-14T01:01:08.8234739Z [36;1m  "base-new-integration-tests": {[0m
Status Check - Keycloak CI	Run /./.github/actions/status-check	2024-12-14T01:01:08.8235024Z [36;1m    "result": "success",[0m
Status Check - Keycloak CI	Run /./.github/actions/status-check	2024-12-14T01:01:08.8235275Z [36;1m    "outputs": {}[0m
Status Check - Keycloak CI	Run /./.github/actions/status-check	2024-12-14T01:01:08.8235506Z [36;1m  }[0m
Status Check - Keycloak CI	Run /./.github/actions/status-check	2024-12-14T01:01:08.8235699Z [36;1m}'[0m
Status Check - Keycloak CI	Run /./.github/actions/status-check	2024-12-14T01:01:08.8235910Z [36;1m[0m
Status Check - Keycloak CI	Run /./.github/actions/status-check	2024-12-14T01:01:08.8236109Z [36;1mecho "Job status:"[0m
Status Check - Keycloak CI	Run /./.github/actions/status-check	2024-12-14T01:01:08.8236595Z [36;1mecho $JOBS | jq -r 'to_entries[] | " - \(.key): \(.value.result)"'[0m
Status Check - Keycloak CI	Run /./.github/actions/status-check	2024-12-14T01:01:08.8236960Z [36;1m[0m
Status Check - Keycloak CI	Run /./.github/actions/status-check	2024-12-14T01:01:08.8237235Z [36;1mfor i in $(echo $JOBS | jq -r 'to_entries[] | .value.result'); do[0m
Status Check - Keycloak CI	Run /./.github/actions/status-check	2024-12-14T01:01:08.8237627Z [36;1m  if [ "$i" != "success" ] && [ "$i" != "skipped" ]; then[0m
Status Check - Keycloak CI	Run /./.github/actions/status-check	2024-12-14T01:01:08.8237931Z [36;1m    echo ""[0m
Status Check - Keycloak CI	Run /./.github/actions/status-check	2024-12-14T01:01:08.8238174Z [36;1m    echo "Status check not okay!"[0m
Status Check - Keycloak CI	Run /./.github/actions/status-check	2024-12-14T01:01:08.8238441Z [36;1m    exit 1[0m
Status Check - Keycloak CI	Run /./.github/actions/status-check	2024-12-14T01:01:08.8238655Z [36;1m  fi[0m
Status Check - Keycloak CI	Run /./.github/actions/status-check	2024-12-14T01:01:08.8238856Z [36;1mdone[0m
Status Check - Keycloak CI	Run /./.github/actions/status-check	2024-12-14T01:01:08.8269462Z shell: /usr/bin/bash --noprofile --norc -e -o pipefail {0}
Status Check - Keycloak CI	Run /./.github/actions/status-check	2024-12-14T01:01:08.8269854Z env:
Status Check - Keycloak CI	Run /./.github/actions/status-check	2024-12-14T01:01:08.8270157Z   MAVEN_ARGS: -B -nsu -Daether.connector.http.connectionMaxTtl=25
Status Check - Keycloak CI	Run /./.github/actions/status-check	2024-12-14T01:01:08.8270540Z   SUREFIRE_RERUN_FAILING_COUNT: 2
Status Check - Keycloak CI	Run /./.github/actions/status-check	2024-12-14T01:01:08.8270859Z   SUREFIRE_RETRY: -Dsurefire.rerunFailingTestsCount=2
Status Check - Keycloak CI	Run /./.github/actions/status-check	2024-12-14T01:01:08.8271205Z ##[endgroup]
Status Check - Keycloak CI	Run /./.github/actions/status-check	2024-12-14T01:01:08.8421394Z Job status:
Status Check - Keycloak CI	Run /./.github/actions/status-check	2024-12-14T01:01:08.8471379Z  - conditional: success
Status Check - Keycloak CI	Run /./.github/actions/status-check	2024-12-14T01:01:08.8471865Z  - build: success
Status Check - Keycloak CI	Run /./.github/actions/status-check	2024-12-14T01:01:08.8472246Z  - unit-tests: success
Status Check - Keycloak CI	Run /./.github/actions/status-check	2024-12-14T01:01:08.8472536Z  - base-integration-tests: success
Status Check - Keycloak CI	Run /./.github/actions/status-check	2024-12-14T01:01:08.8473641Z  - adapter-integration-tests: success
Status Check - Keycloak CI	Run /./.github/actions/status-check	2024-12-14T01:01:08.8474257Z  - adapter-integration-tests-strict-cookies: success
Status Check - Keycloak CI	Run /./.github/actions/status-check	2024-12-14T01:01:08.8474857Z  - quarkus-unit-tests: success
Status Check - Keycloak CI	Run /./.github/actions/status-check	2024-12-14T01:01:08.8475396Z  - quarkus-integration-tests: success
Status Check - Keycloak CI	Run /./.github/actions/status-check	2024-12-14T01:01:08.8475784Z  - jdk-integration-tests: success
Status Check - Keycloak CI	Run /./.github/actions/status-check	2024-12-14T01:01:08.8476108Z  - store-integration-tests: failure
Status Check - Keycloak CI	Run /./.github/actions/status-check	2024-12-14T01:01:08.8476397Z  - volatile-sessions-tests: success
Status Check - Keycloak CI	Run /./.github/actions/status-check	2024-12-14T01:01:08.8476680Z  - store-model-tests: success
Status Check - Keycloak CI	Run /./.github/actions/status-check	2024-12-14T01:01:08.8476964Z  - clustering-integration-tests: success
Status Check - Keycloak CI	Run /./.github/actions/status-check	2024-12-14T01:01:08.8477256Z  - fips-unit-tests: success
Status Check - Keycloak CI	Run /./.github/actions/status-check	2024-12-14T01:01:08.8477526Z  - fips-integration-tests: success
Status Check - Keycloak CI	Run /./.github/actions/status-check	2024-12-14T01:01:08.8477822Z  - forms-integration-tests: success
Status Check - Keycloak CI	Run /./.github/actions/status-check	2024-12-14T01:01:08.8478111Z  - webauthn-integration-tests: success
Status Check - Keycloak CI	Run /./.github/actions/status-check	2024-12-14T01:01:08.8478403Z  - sssd-unit-tests: success
Status Check - Keycloak CI	Run /./.github/actions/status-check	2024-12-14T01:01:08.8478822Z  - migration-tests: success
Status Check - Keycloak CI	Run /./.github/actions/status-check	2024-12-14T01:01:08.8479302Z  - external-infinispan-tests: success
Status Check - Keycloak CI	Run /./.github/actions/status-check	2024-12-14T01:01:08.8479809Z  - test-framework: success
Status Check - Keycloak CI	Run /./.github/actions/status-check	2024-12-14T01:01:08.8480277Z  - base-new-integration-tests: success
Status Check - Keycloak CI	Run /./.github/actions/status-check	2024-12-14T01:01:08.8507134Z 
Status Check - Keycloak CI	Run /./.github/actions/status-check	2024-12-14T01:01:08.8507394Z Status check not okay!
Status Check - Keycloak CI	Run /./.github/actions/status-check	2024-12-14T01:01:08.8519961Z ##[error]Process completed with exit code 1.
