Admin UI E2E (1, chrome)	Run Cypress	2025-02-09T00:27:08.6276547Z ##[group]Run cypress-io/github-action@v6
Admin UI E2E (1, chrome)	Run Cypress	2025-02-09T00:27:08.6277050Z with:
Admin UI E2E (1, chrome)	Run Cypress	2025-02-09T00:27:08.6277362Z   install: false
Admin UI E2E (1, chrome)	Run Cypress	2025-02-09T00:27:08.6277700Z   browser: chrome
Admin UI E2E (1, chrome)	Run Cypress	2025-02-09T00:27:08.6278083Z   wait-on: http://localhost:8080
Admin UI E2E (1, chrome)	Run Cypress	2025-02-09T00:27:08.6278546Z   working-directory: js/apps/admin-ui
Admin UI E2E (1, chrome)	Run Cypress	2025-02-09T00:27:08.6278988Z   record: false
Admin UI E2E (1, chrome)	Run Cypress	2025-02-09T00:27:08.6279340Z   publish-summary: true
Admin UI E2E (1, chrome)	Run Cypress	2025-02-09T00:27:08.6279726Z   component: false
Admin UI E2E (1, chrome)	Run Cypress	2025-02-09T00:27:08.6280058Z env:
Admin UI E2E (1, chrome)	Run Cypress	2025-02-09T00:27:08.6280796Z   MAVEN_ARGS: -B -nsu -Daether.connector.http.connectionMaxTtl=25
Admin UI E2E (1, chrome)	Run Cypress	2025-02-09T00:27:08.6281376Z   RETRY_COUNT: 3
Admin UI E2E (1, chrome)	Run Cypress	2025-02-09T00:27:08.6281720Z   COREPACK_INTEGRITY_KEYS: 0
Admin UI E2E (1, chrome)	Run Cypress	2025-02-09T00:27:08.6282141Z   WORKSPACE: keycloak-admin-ui
Admin UI E2E (1, chrome)	Run Cypress	2025-02-09T00:27:08.6282945Z   JAVA_HOME: /opt/hostedtoolcache/Java_Temurin-Hotspot_jdk/21.0.6-7/x64
Admin UI E2E (1, chrome)	Run Cypress	2025-02-09T00:27:08.6283751Z   JAVA_HOME_21_X64: /opt/hostedtoolcache/Java_Temurin-Hotspot_jdk/21.0.6-7/x64
Admin UI E2E (1, chrome)	Run Cypress	2025-02-09T00:27:08.6284376Z   SPLIT: 10
Admin UI E2E (1, chrome)	Run Cypress	2025-02-09T00:27:08.6284683Z   SPLIT_INDEX: 0
Admin UI E2E (1, chrome)	Run Cypress	2025-02-09T00:27:08.6285069Z   SPLIT_RANDOM_SEED: 26
Admin UI E2E (1, chrome)	Run Cypress	2025-02-09T00:27:08.6285426Z ##[endgroup]
Admin UI E2E (1, chrome)	Run Cypress	2025-02-09T00:27:08.9036577Z Skipping install because install parameter is false
Admin UI E2E (1, chrome)	Run Cypress	2025-02-09T00:27:08.9056779Z waiting on "http://localhost:8080" with timeout of 60 seconds
Admin UI E2E (1, chrome)	Run Cypress	2025-02-09T00:27:24.9150498Z It looks like this is your first time using Cypress: 14.0.2
Admin UI E2E (1, chrome)	Run Cypress	2025-02-09T00:27:24.9151012Z 
Admin UI E2E (1, chrome)	Run Cypress	2025-02-09T00:27:24.9173962Z [STARTED] Task without title.
Admin UI E2E (1, chrome)	Run Cypress	2025-02-09T00:27:26.4215186Z [SUCCESS] Task without title.
Admin UI E2E (1, chrome)	Run Cypress	2025-02-09T00:27:26.4218974Z 
Admin UI E2E (1, chrome)	Run Cypress	2025-02-09T00:27:26.4219375Z Opening Cypress...
Admin UI E2E (1, chrome)	Run Cypress	2025-02-09T00:27:26.9949521Z 
Admin UI E2E (1, chrome)	Run Cypress	2025-02-09T00:27:26.9951497Z DevTools listening on ws://127.0.0.1:37267/devtools/browser/d9968b71-dd74-4363-a6cc-df5ce4645105
Admin UI E2E (1, chrome)	Run Cypress	2025-02-09T00:27:27.6158046Z (node:2765) ExperimentalWarning: `--experimental-loader` may be removed in the future; instead use `register()`:
Admin UI E2E (1, chrome)	Run Cypress	2025-02-09T00:27:27.6160267Z --import 'data:text/javascript,import { register } from "node:module"; import { pathToFileURL } from "node:url"; register("file%3A///home/runner/.cache/Cypress/14.0.2/Cypress/resources/app/node_modules/ts-node/esm/transpile-only.mjs", pathToFileURL("./"));'
Admin UI E2E (1, chrome)	Run Cypress	2025-02-09T00:27:27.6161927Z (Use `node --trace-warnings ...` to show where the warning was created)
Admin UI E2E (1, chrome)	Run Cypress	2025-02-09T00:27:28.3274052Z cypress-split: there are 41 found specs
Admin UI E2E (1, chrome)	Run Cypress	2025-02-09T00:27:28.3277290Z the first 5 specs
Admin UI E2E (1, chrome)	Run Cypress	2025-02-09T00:27:28.3278391Z - 1: /home/runner/work/keycloak/keycloak/js/apps/admin-ui/cypress/e2e/group_test.spec.ts
Admin UI E2E (1, chrome)	Run Cypress	2025-02-09T00:27:28.3280331Z - 2: /home/runner/work/keycloak/keycloak/js/apps/admin-ui/cypress/e2e/realm_settings_client_profiles_test.spec.ts
Admin UI E2E (1, chrome)	Run Cypress	2025-02-09T00:27:28.3282049Z - 3: /home/runner/work/keycloak/keycloak/js/apps/admin-ui/cypress/e2e/clients_test.spec.ts
Admin UI E2E (1, chrome)	Run Cypress	2025-02-09T00:27:28.3283779Z - 4: /home/runner/work/keycloak/keycloak/js/apps/admin-ui/cypress/e2e/authentication_policies_ciba.spec.ts
Admin UI E2E (1, chrome)	Run Cypress	2025-02-09T00:27:28.3285388Z - 5: /home/runner/work/keycloak/keycloak/js/apps/admin-ui/cypress/e2e/user_fed_ldap_mapper_test.spec.ts
Admin UI E2E (1, chrome)	Run Cypress	2025-02-09T00:27:28.3286406Z cypress-split: chunk 1 of 10
Admin UI E2E (1, chrome)	Run Cypress	2025-02-09T00:27:28.3293320Z k  spec                                                   
Admin UI E2E (1, chrome)	Run Cypress	2025-02-09T00:27:28.3294171Z -  -------------------------------------------------------
Admin UI E2E (1, chrome)	Run Cypress	2025-02-09T00:27:28.3294896Z 1  cypress/e2e/group_test.spec.ts                         
Admin UI E2E (1, chrome)	Run Cypress	2025-02-09T00:27:28.3295646Z 2  cypress/e2e/realm_settings_client_profiles_test.spec.ts
Admin UI E2E (1, chrome)	Run Cypress	2025-02-09T00:27:28.3296403Z 3  cypress/e2e/clients_test.spec.ts                       
Admin UI E2E (1, chrome)	Run Cypress	2025-02-09T00:27:28.3297145Z 4  cypress/e2e/authentication_policies_ciba.spec.ts       
Admin UI E2E (1, chrome)	Run Cypress	2025-02-09T00:27:28.3297886Z 5  cypress/e2e/user_fed_ldap_mapper_test.spec.ts          
Admin UI E2E (1, chrome)	Run Cypress	2025-02-09T00:27:28.3298149Z 
Admin UI E2E (1, chrome)	Run Cypress	2025-02-09T00:27:29.0178491Z 
Admin UI E2E (1, chrome)	Run Cypress	2025-02-09T00:27:29.0409219Z [90m====================================================================================================[39m
Admin UI E2E (1, chrome)	Run Cypress	2025-02-09T00:27:29.0409733Z 
Admin UI E2E (1, chrome)	Run Cypress	2025-02-09T00:27:29.0410726Z [0m  ([4m[1mRun Starting[22m[24m)[0m
Admin UI E2E (1, chrome)	Run Cypress	2025-02-09T00:27:29.0411264Z 
Admin UI E2E (1, chrome)	Run Cypress	2025-02-09T00:27:29.0479306Z [90m  ┌[39m[90m─[39m[90m─[39m[90m─[39m[90m─[39m[90m─[39m[90m─[39m[90m─[39m[90m─[39m[90m─[39m[90m─[39m[90m─[39m[90m─[39m[90m─[39m[90m─[39m[90m─[39m[90m─[39m[90m─[39m[90m─[39m[90m─[39m[90m─[39m[90m─[39m[90m─[39m[90m─[39m[90m─[39m[90m─[39m[90m─[39m[90m─[39m[90m─[39m[90m─[39m[90m─[39m[90m─[39m[90m─[39m[90m─[39m[90m─[39m[90m─[39m[90m─[39m[90m─[39m[90m─[39m[90m─[39m[90m─[39m[90m─[39m[90m─[39m[90m─[39m[90m─[39m[90m─[39m[90m─[39m[90m─[39m[90m─[39m[90m─[39m[90m─[39m[90m─[39m[90m─[39m[90m─[39m[90m─[39m[90m─[39m[90m─[39m[90m─[39m[90m─[39m[90m─[39m[90m─[39m[90m─[39m[90m─[39m[90m─[39m[90m─[39m[90m─[39m[90m─[39m[90m─[39m[90m─[39m[90m─[39m[90m─[39m[90m─[39m[90m─[39m[90m─[39m[90m─[39m[90m─[39m[90m─[39m[90m─[39m[90m─[39m[90m─[39m[90m─[39m[90m─[39m[90m─[39m[90m─[39m[90m─[39m[90m─[39m[90m─[39m[90m─[39m[90m─[39m[90m─[39m[90m─[39m[90m─[39m[90m─[39m[90m─[39m[90m─[39m[90m─[39m[90m─[39m[90m┐[39m
Admin UI E2E (1, chrome)	Run Cypress	2025-02-09T00:27:29.0484905Z [90m  │[39m [90mCypress:[39m        14.0.2                                                                         [90m│[39m
Admin UI E2E (1, chrome)	Run Cypress	2025-02-09T00:27:29.0486425Z [90m  │[39m [90mBrowser:[39m        Chrome 133 [90m(headless)[39m                                                          [90m│[39m
Admin UI E2E (1, chrome)	Run Cypress	2025-02-09T00:27:29.0488252Z [90m  │[39m [90mNode Version:[39m   [0mv20.18.0 [90m(/home/runner/runners/2.322.0/externals/node20/bin/node)[39m[0m              [90m│[39m
Admin UI E2E (1, chrome)	Run Cypress	2025-02-09T00:27:29.0490400Z [90m  │[39m [90mSpecs:[39m          [0m5 found (group_test.spec.ts, realm_settings_client_profiles_test.spec.ts, clie[0m [90m│[39m
Admin UI E2E (1, chrome)	Run Cypress	2025-02-09T00:27:29.0492237Z [90m  │[39m                 [0mnts_test.spec.ts, authentication_policies_ciba.spec.ts, user_fed_ldap_mapper_t[0m [90m│[39m
Admin UI E2E (1, chrome)	Run Cypress	2025-02-09T00:27:29.0493716Z [90m  │[39m                 [0mest.spec.ts)[0m                                                                   [90m│[39m
Admin UI E2E (1, chrome)	Run Cypress	2025-02-09T00:27:29.0495365Z [90m  │[39m [90mSearched:[39m       [0mcypress/e2e/group_test.spec.ts, cypress/e2e/realm_settings_client_profiles_tes[0m [90m│[39m
Admin UI E2E (1, chrome)	Run Cypress	2025-02-09T00:27:29.0497102Z [90m  │[39m                 [0mt.spec.ts, cypress/e2e/clients_test.spec.ts, cypress/e2e/authentication_polici[0m [90m│[39m
Admin UI E2E (1, chrome)	Run Cypress	2025-02-09T00:27:29.0498730Z [90m  │[39m                 [0mes_ciba.spec.ts, cypress/e2e/user_fed_ldap_mapper_test.spec.ts[0m                 [90m│[39m
Admin UI E2E (1, chrome)	Run Cypress	2025-02-09T00:27:29.0500638Z [90m  │[39m [90mExperiments:[39m    experimentalMemoryManagement=true                                              [90m│[39m
Admin UI E2E (1, chrome)	Run Cypress	2025-02-09T00:27:29.0508140Z [90m  └[39m[90m─[39m[90m─[39m[90m─[39m[90m─[39m[90m─[39m[90m─[39m[90m─[39m[90m─[39m[90m─[39m[90m─[39m[90m─[39m[90m─[39m[90m─[39m[90m─[39m[90m─[39m[90m─[39m[90m─[39m[90m─[39m[90m─[39m[90m─[39m[90m─[39m[90m─[39m[90m─[39m[90m─[39m[90m─[39m[90m─[39m[90m─[39m[90m─[39m[90m─[39m[90m─[39m[90m─[39m[90m─[39m[90m─[39m[90m─[39m[90m─[39m[90m─[39m[90m─[39m[90m─[39m[90m─[39m[90m─[39m[90m─[39m[90m─[39m[90m─[39m[90m─[39m[90m─[39m[90m─[39m[90m─[39m[90m─[39m[90m─[39m[90m─[39m[90m─[39m[90m─[39m[90m─[39m[90m─[39m[90m─[39m[90m─[39m[90m─[39m[90m─[39m[90m─[39m[90m─[39m[90m─[39m[90m─[39m[90m─[39m[90m─[39m[90m─[39m[90m─[39m[90m─[39m[90m─[39m[90m─[39m[90m─[39m[90m─[39m[90m─[39m[90m─[39m[90m─[39m[90m─[39m[90m─[39m[90m─[39m[90m─[39m[90m─[39m[90m─[39m[90m─[39m[90m─[39m[90m─[39m[90m─[39m[90m─[39m[90m─[39m[90m─[39m[90m─[39m[90m─[39m[90m─[39m[90m─[39m[90m─[39m[90m─[39m[90m─[39m[90m─[39m[90m─[39m[90m┘[39m
Admin UI E2E (1, chrome)	Run Cypress	2025-02-09T00:27:29.0512322Z 
Admin UI E2E (1, chrome)	Run Cypress	2025-02-09T00:27:29.0512345Z 
Admin UI E2E (1, chrome)	Run Cypress	2025-02-09T00:27:29.0519290Z [90m─[39m[90m─[39m[90m─[39m[90m─[39m[90m─[39m[90m─[39m[90m─[39m[90m─[39m[90m─[39m[90m─[39m[90m─[39m[90m─[39m[90m─[39m[90m─[39m[90m─[39m[90m─[39m[90m─[39m[90m─[39m[90m─[39m[90m─[39m[90m─[39m[90m─[39m[90m─[39m[90m─[39m[90m─[39m[90m─[39m[90m─[39m[90m─[39m[90m─[39m[90m─[39m[90m─[39m[90m─[39m[90m─[39m[90m─[39m[90m─[39m[90m─[39m[90m─[39m[90m─[39m[90m─[39m[90m─[39m[90m─[39m[90m─[39m[90m─[39m[90m─[39m[90m─[39m[90m─[39m[90m─[39m[90m─[39m[90m─[39m[90m─[39m[90m─[39m[90m─[39m[90m─[39m[90m─[39m[90m─[39m[90m─[39m[90m─[39m[90m─[39m[90m─[39m[90m─[39m[90m─[39m[90m─[39m[90m─[39m[90m─[39m[90m─[39m[90m─[39m[90m─[39m[90m─[39m[90m─[39m[90m─[39m[90m─[39m[90m─[39m[90m─[39m[90m─[39m[90m─[39m[90m─[39m[90m─[39m[90m─[39m[90m─[39m[90m─[39m[90m─[39m[90m─[39m[90m─[39m[90m─[39m[90m─[39m[90m─[39m[90m─[39m[90m─[39m[90m─[39m[90m─[39m[90m─[39m[90m─[39m[90m─[39m[90m─[39m[90m─[39m[90m─[39m[90m─[39m[90m─[39m[90m─[39m[90m─[39m
Admin UI E2E (1, chrome)	Run Cypress	2025-02-09T00:27:29.0524326Z                                                                                                     
Admin UI E2E (1, chrome)	Run Cypress	2025-02-09T00:27:29.0525482Z   Running:  [90mgroup_test.spec.ts[39m                                                              [90m(1 of 5)[39m
Admin UI E2E (1, chrome)	Run Cypress	2025-02-09T00:27:36.0723726Z 
Admin UI E2E (1, chrome)	Run Cypress	2025-02-09T00:27:36.0734738Z [0m[0m
Admin UI E2E (1, chrome)	Run Cypress	2025-02-09T00:27:36.0765952Z [0m  Group test[0m
Admin UI E2E (1, chrome)	Run Cypress	2025-02-09T00:27:37.3555483Z [0m    List[0m
Admin UI E2E (1, chrome)	Run Cypress	2025-02-09T00:27:47.7569340Z     [32m  ✓[0m[90m Create group from empty option[0m[90m (11621ms)[0m
Admin UI E2E (1, chrome)	Run Cypress	2025-02-09T00:27:52.8026531Z     [32m  ✓[0m[90m Create group from search bar[0m[90m (4941ms)[0m
Admin UI E2E (1, chrome)	Run Cypress	2025-02-09T00:27:56.1225692Z     [32m  ✓[0m[90m Fail to create group with empty name[0m[90m (3266ms)[0m
Admin UI E2E (1, chrome)	Run Cypress	2025-02-09T00:28:02.3931002Z     [32m  ✓[0m[90m Fail to create group with duplicated name[0m[90m (6180ms)[0m
Admin UI E2E (1, chrome)	Run Cypress	2025-02-09T00:28:04.9439240Z     [32m  ✓[0m[90m Empty search[0m[90m (2463ms)[0m
Admin UI E2E (1, chrome)	Run Cypress	2025-02-09T00:28:07.7714422Z     [32m  ✓[0m[90m Search group that exists[0m[90m (2781ms)[0m
Admin UI E2E (1, chrome)	Run Cypress	2025-02-09T00:28:10.4910964Z     [32m  ✓[0m[90m Search group that does not exists[0m[90m (2652ms)[0m
Admin UI E2E (1, chrome)	Run Cypress	2025-02-09T00:28:12.9385160Z     [32m  ✓[0m[90m Duplicate group from item bar[0m[90m (2361ms)[0m
Admin UI E2E (1, chrome)	Run Cypress	2025-02-09T00:28:17.6661505Z     [32m  ✓[0m[90m Delete group from item bar[0m[90m (4634ms)[0m
Admin UI E2E (1, chrome)	Run Cypress	2025-02-09T00:28:21.3477455Z     [32m  ✓[0m[90m Delete group from search bar[0m[90m (3572ms)[0m
Admin UI E2E (1, chrome)	Run Cypress	2025-02-09T00:28:26.1974136Z     [32m  ✓[0m[90m Delete groups from search bar[0m[90m (4756ms)[0m
Admin UI E2E (1, chrome)	Run Cypress	2025-02-09T00:28:26.2202840Z [0m    Search group under current group[0m
Admin UI E2E (1, chrome)	Run Cypress	2025-02-09T00:28:28.9843041Z     [32m  ✓[0m[90m Search child group in group[0m[90m (2740ms)[0m
Admin UI E2E (1, chrome)	Run Cypress	2025-02-09T00:28:32.1065615Z     [32m  ✓[0m[90m Search non existing child group in group[0m[90m (3055ms)[0m
Admin UI E2E (1, chrome)	Run Cypress	2025-02-09T00:28:34.3936634Z     [32m  ✓[0m[90m Empty search in group[0m[90m (2240ms)[0m
Admin UI E2E (1, chrome)	Run Cypress	2025-02-09T00:28:34.4054318Z [0m    Group Actions[0m
Admin UI E2E (1, chrome)	Run Cypress	2025-02-09T00:28:37.5356611Z     [32m  ✓[0m[90m Rename group[0m[90m (3107ms)[0m
Admin UI E2E (1, chrome)	Run Cypress	2025-02-09T00:28:40.2463615Z     [32m  ✓[0m[90m Delete group from group details[0m[90m (2644ms)[0m
Admin UI E2E (1, chrome)	Run Cypress	2025-02-09T00:28:40.2626443Z [0m      Search globally[0m
Admin UI E2E (1, chrome)	Run Cypress	2025-02-09T00:28:43.0025952Z       [32m  ✓[0m[90m Navigate to parent group details[0m[90m (2515ms)[0m
Admin UI E2E (1, chrome)	Run Cypress	2025-02-09T00:28:43.0142294Z [0m    Child Groups[0m
Admin UI E2E (1, chrome)	Run Cypress	2025-02-09T00:28:45.0520570Z     [32m  ✓[0m[90m Check empty state[0m[90m (2010ms)[0m
Admin UI E2E (1, chrome)	Run Cypress	2025-02-09T00:28:47.7466030Z     [32m  ✓[0m[90m Create group from empty state[0m[90m (2592ms)[0m
Admin UI E2E (1, chrome)	Run Cypress	2025-02-09T00:28:49.9481950Z     [32m  ✓[0m[90m Create group from search bar[0m[90m (2174ms)[0m
Admin UI E2E (1, chrome)	Run Cypress	2025-02-09T00:28:52.2112296Z     [32m  ✓[0m[90m Fail to create group with empty name[0m[90m (2243ms)[0m
Admin UI E2E (1, chrome)	Run Cypress	2025-02-09T00:28:54.4880983Z     [32m  ✓[0m[90m Fail to create group with duplicated name[0m[90m (2262ms)[0m
Admin UI E2E (1, chrome)	Run Cypress	2025-02-09T00:28:56.8666408Z     [32m  ✓[0m[90m Move group from item bar[0m[90m (2361ms)[0m
Admin UI E2E (1, chrome)	Run Cypress	2025-02-09T00:28:59.1209369Z     [32m  ✓[0m[90m Search group[0m[90m (2224ms)[0m
Admin UI E2E (1, chrome)	Run Cypress	2025-02-09T00:29:01.6186112Z     [32m  ✓[0m[90m Show child group in groups[0m[90m (2426ms)[0m
Admin UI E2E (1, chrome)	Run Cypress	2025-02-09T00:29:03.9521896Z     [32m  ✓[0m[90m Delete group from search bar[0m[90m (2272ms)[0m
Admin UI E2E (1, chrome)	Run Cypress	2025-02-09T00:29:06.7221162Z     [32m  ✓[0m[90m Delete group from item bar[0m[90m (2540ms)[0m
Admin UI E2E (1, chrome)	Run Cypress	2025-02-09T00:29:06.7357292Z [0m    Members[0m
Admin UI E2E (1, chrome)	Run Cypress	2025-02-09T00:29:10.5365752Z     [32m  ✓[0m[90m Add member from search bar[0m[90m (3724ms)[0m
Admin UI E2E (1, chrome)	Run Cypress	2025-02-09T00:29:14.8002958Z     [32m  ✓[0m[90m Show members with sub-group users[0m[90m (4159ms)[0m
Admin UI E2E (1, chrome)	Run Cypress	2025-02-09T00:29:17.4420606Z     [32m  ✓[0m[90m Add member from empty state[0m[90m (2594ms)[0m
Admin UI E2E (1, chrome)	Run Cypress	2025-02-09T00:29:19.9826115Z     [32m  ✓[0m[90m Leave group from search bar[0m[90m (2504ms)[0m
Admin UI E2E (1, chrome)	Run Cypress	2025-02-09T00:29:23.2315727Z     [32m  ✓[0m[90m Leave group from item bar[0m[90m (3179ms)[0m
Admin UI E2E (1, chrome)	Run Cypress	2025-02-09T00:29:25.7892721Z     [32m  ✓[0m[90m Show memberships from item bar[0m[90m (2336ms)[0m
Admin UI E2E (1, chrome)	Run Cypress	2025-02-09T00:29:25.7960726Z [0m    Breadcrumbs[0m
Admin UI E2E (1, chrome)	Run Cypress	2025-02-09T00:29:31.3182843Z     [32m  ✓[0m[90m Navigate to parent group[0m[90m (5451ms)[0m
Admin UI E2E (1, chrome)	Run Cypress	2025-02-09T00:29:31.3357551Z [0m    Attributes[0m
Admin UI E2E (1, chrome)	Run Cypress	2025-02-09T00:29:35.0163753Z     [32m  ✓[0m[90m Add attribute[0m[90m (3642ms)[0m
Admin UI E2E (1, chrome)	Run Cypress	2025-02-09T00:29:37.4322452Z     [32m  ✓[0m[90m Remove attribute[0m[90m (2373ms)[0m
Admin UI E2E (1, chrome)	Run Cypress	2025-02-09T00:29:42.0350986Z     [32m  ✓[0m[90m Revert changes[0m[90m (4543ms)[0m
Admin UI E2E (1, chrome)	Run Cypress	2025-02-09T00:29:42.0482583Z [0m    'Move to' function[0m
Admin UI E2E (1, chrome)	Run Cypress	2025-02-09T00:29:44.9304118Z     [32m  ✓[0m[90m Move group to other group[0m[90m (2821ms)[0m
Admin UI E2E (1, chrome)	Run Cypress	2025-02-09T00:29:47.2516469Z     [32m  ✓[0m[90m Move group to root[0m[90m (2276ms)[0m
Admin UI E2E (1, chrome)	Run Cypress	2025-02-09T00:29:47.2631036Z [0m    Role mappings[0m
Admin UI E2E (1, chrome)	Run Cypress	2025-02-09T00:29:49.2820287Z     [32m  ✓[0m[90m Check empty state[0m[90m (2003ms)[0m
Admin UI E2E (1, chrome)	Run Cypress	2025-02-09T00:29:51.6995290Z     [32m  ✓[0m[90m Assign roles from empty state[0m[90m (2388ms)[0m
Admin UI E2E (1, chrome)	Run Cypress	2025-02-09T00:29:53.5342461Z     [32m  ✓[0m[90m Show and search roles[0m[90m (1809ms)[0m
Admin UI E2E (1, chrome)	Run Cypress	2025-02-09T00:29:55.5925584Z     [32m  ✓[0m[90m Check hide inherited roles option[0m[90m (2027ms)[0m
Admin UI E2E (1, chrome)	Run Cypress	2025-02-09T00:29:57.6878523Z     [32m  ✓[0m[90m Remove roles[0m[90m (2055ms)[0m
Admin UI E2E (1, chrome)	Run Cypress	2025-02-09T00:29:57.7416357Z [0m    Permissions[0m
Admin UI E2E (1, chrome)	Run Cypress	2025-02-09T00:30:00.0746703Z     [32m  ✓[0m[90m enable/disable permissions[0m[90m (2329ms)[0m
Admin UI E2E (1, chrome)	Run Cypress	2025-02-09T00:30:00.0849900Z [0m    Accessibility tests for groups[0m
Admin UI E2E (1, chrome)	Run Cypress	2025-02-09T00:30:04.4996587Z     [32m  ✓[0m[90m Check a11y violations on load/ groups[0m[90m (3843ms)[0m
Admin UI E2E (1, chrome)	Run Cypress	2025-02-09T00:30:04.5010026Z 
Admin UI E2E (1, chrome)	Run Cypress	2025-02-09T00:30:04.5219313Z 
Admin UI E2E (1, chrome)	Run Cypress	2025-02-09T00:30:04.5222526Z [92m [0m[32m 46 passing[0m[90m (2m)[0m
Admin UI E2E (1, chrome)	Run Cypress	2025-02-09T00:30:04.5224421Z 
Admin UI E2E (1, chrome)	Run Cypress	2025-02-09T00:30:05.5443437Z 
Admin UI E2E (1, chrome)	Run Cypress	2025-02-09T00:30:05.5444746Z [32m  ([4m[1mResults[22m[24m)[39m
Admin UI E2E (1, chrome)	Run Cypress	2025-02-09T00:30:05.5462543Z 
Admin UI E2E (1, chrome)	Run Cypress	2025-02-09T00:30:05.5479289Z [90m  ┌[39m[90m─[39m[90m─[39m[90m─[39m[90m─[39m[90m─[39m[90m─[39m[90m─[39m[90m─[39m[90m─[39m[90m─[39m[90m─[39m[90m─[39m[90m─[39m[90m─[39m[90m─[39m[90m─[39m[90m─[39m[90m─[39m[90m─[39m[90m─[39m[90m─[39m[90m─[39m[90m─[39m[90m─[39m[90m─[39m[90m─[39m[90m─[39m[90m─[39m[90m─[39m[90m─[39m[90m─[39m[90m─[39m[90m─[39m[90m─[39m[90m─[39m[90m─[39m[90m─[39m[90m─[39m[90m─[39m[90m─[39m[90m─[39m[90m─[39m[90m─[39m[90m─[39m[90m─[39m[90m─[39m[90m─[39m[90m─[39m[90m─[39m[90m─[39m[90m─[39m[90m─[39m[90m─[39m[90m─[39m[90m─[39m[90m─[39m[90m─[39m[90m─[39m[90m─[39m[90m─[39m[90m─[39m[90m─[39m[90m─[39m[90m─[39m[90m─[39m[90m─[39m[90m─[39m[90m─[39m[90m─[39m[90m─[39m[90m─[39m[90m─[39m[90m─[39m[90m─[39m[90m─[39m[90m─[39m[90m─[39m[90m─[39m[90m─[39m[90m─[39m[90m─[39m[90m─[39m[90m─[39m[90m─[39m[90m─[39m[90m─[39m[90m─[39m[90m─[39m[90m─[39m[90m─[39m[90m─[39m[90m─[39m[90m─[39m[90m─[39m[90m─[39m[90m─[39m[90m┐[39m
Admin UI E2E (1, chrome)	Run Cypress	2025-02-09T00:30:05.5483896Z [90m  │[39m [90mTests:[39m        [32m46[39m                                                                               [90m│[39m
Admin UI E2E (1, chrome)	Run Cypress	2025-02-09T00:30:05.5485393Z [90m  │[39m [90mPassing:[39m      [32m46[39m                                                                               [90m│[39m
Admin UI E2E (1, chrome)	Run Cypress	2025-02-09T00:30:05.5486572Z [90m  │[39m [90mFailing:[39m      [32m0[39m                                                                                [90m│[39m
Admin UI E2E (1, chrome)	Run Cypress	2025-02-09T00:30:05.5487745Z [90m  │[39m [90mPending:[39m      [32m0[39m                                                                                [90m│[39m
Admin UI E2E (1, chrome)	Run Cypress	2025-02-09T00:30:05.5488926Z [90m  │[39m [90mSkipped:[39m      [32m0[39m                                                                                [90m│[39m
Admin UI E2E (1, chrome)	Run Cypress	2025-02-09T00:30:05.5490338Z [90m  │[39m [90mScreenshots:[39m  [32m0[39m                                                                                [90m│[39m
Admin UI E2E (1, chrome)	Run Cypress	2025-02-09T00:30:05.5492400Z [90m  │[39m [90mVideo:[39m        [32mfalse[39m                                                                            [90m│[39m
Admin UI E2E (1, chrome)	Run Cypress	2025-02-09T00:30:05.5493766Z [90m  │[39m [90mDuration:[39m     [32m2 minutes, 28 seconds[39m                                                            [90m│[39m
Admin UI E2E (1, chrome)	Run Cypress	2025-02-09T00:30:05.5495161Z [90m  │[39m [90mSpec Ran:[39m     [32m[32mgroup_test.spec.ts[32m[39m                                                               [90m│[39m
Admin UI E2E (1, chrome)	Run Cypress	2025-02-09T00:30:05.5502229Z [90m  └[39m[90m─[39m[90m─[39m[90m─[39m[90m─[39m[90m─[39m[90m─[39m[90m─[39m[90m─[39m[90m─[39m[90m─[39m[90m─[39m[90m─[39m[90m─[39m[90m─[39m[90m─[39m[90m─[39m[90m─[39m[90m─[39m[90m─[39m[90m─[39m[90m─[39m[90m─[39m[90m─[39m[90m─[39m[90m─[39m[90m─[39m[90m─[39m[90m─[39m[90m─[39m[90m─[39m[90m─[39m[90m─[39m[90m─[39m[90m─[39m[90m─[39m[90m─[39m[90m─[39m[90m─[39m[90m─[39m[90m─[39m[90m─[39m[90m─[39m[90m─[39m[90m─[39m[90m─[39m[90m─[39m[90m─[39m[90m─[39m[90m─[39m[90m─[39m[90m─[39m[90m─[39m[90m─[39m[90m─[39m[90m─[39m[90m─[39m[90m─[39m[90m─[39m[90m─[39m[90m─[39m[90m─[39m[90m─[39m[90m─[39m[90m─[39m[90m─[39m[90m─[39m[90m─[39m[90m─[39m[90m─[39m[90m─[39m[90m─[39m[90m─[39m[90m─[39m[90m─[39m[90m─[39m[90m─[39m[90m─[39m[90m─[39m[90m─[39m[90m─[39m[90m─[39m[90m─[39m[90m─[39m[90m─[39m[90m─[39m[90m─[39m[90m─[39m[90m─[39m[90m─[39m[90m─[39m[90m─[39m[90m─[39m[90m─[39m[90m─[39m[90m─[39m[90m─[39m[90m┘[39m
Admin UI E2E (1, chrome)	Run Cypress	2025-02-09T00:30:05.5505985Z 
Admin UI E2E (1, chrome)	Run Cypress	2025-02-09T00:30:05.5818064Z 
Admin UI E2E (1, chrome)	Run Cypress	2025-02-09T00:30:05.5831041Z [90m─[39m[90m─[39m[90m─[39m[90m─[39m[90m─[39m[90m─[39m[90m─[39m[90m─[39m[90m─[39m[90m─[39m[90m─[39m[90m─[39m[90m─[39m[90m─[39m[90m─[39m[90m─[39m[90m─[39m[90m─[39m[90m─[39m[90m─[39m[90m─[39m[90m─[39m[90m─[39m[90m─[39m[90m─[39m[90m─[39m[90m─[39m[90m─[39m[90m─[39m[90m─[39m[90m─[39m[90m─[39m[90m─[39m[90m─[39m[90m─[39m[90m─[39m[90m─[39m[90m─[39m[90m─[39m[90m─[39m[90m─[39m[90m─[39m[90m─[39m[90m─[39m[90m─[39m[90m─[39m[90m─[39m[90m─[39m[90m─[39m[90m─[39m[90m─[39m[90m─[39m[90m─[39m[90m─[39m[90m─[39m[90m─[39m[90m─[39m[90m─[39m[90m─[39m[90m─[39m[90m─[39m[90m─[39m[90m─[39m[90m─[39m[90m─[39m[90m─[39m[90m─[39m[90m─[39m[90m─[39m[90m─[39m[90m─[39m[90m─[39m[90m─[39m[90m─[39m[90m─[39m[90m─[39m[90m─[39m[90m─[39m[90m─[39m[90m─[39m[90m─[39m[90m─[39m[90m─[39m[90m─[39m[90m─[39m[90m─[39m[90m─[39m[90m─[39m[90m─[39m[90m─[39m[90m─[39m[90m─[39m[90m─[39m[90m─[39m[90m─[39m[90m─[39m[90m─[39m[90m─[39m[90m─[39m[90m─[39m
Admin UI E2E (1, chrome)	Run Cypress	2025-02-09T00:30:05.5835413Z                                                                                                     
Admin UI E2E (1, chrome)	Run Cypress	2025-02-09T00:30:05.5836762Z   Running:  [90mrealm_settings_client_profiles_test.spec.ts[39m                                     [90m(2 of 5)[39m
Admin UI E2E (1, chrome)	Run Cypress	2025-02-09T00:30:09.5457011Z 
Admin UI E2E (1, chrome)	Run Cypress	2025-02-09T00:30:09.5460398Z [0m[0m
Admin UI E2E (1, chrome)	Run Cypress	2025-02-09T00:30:09.5487193Z [0m  Realm settings client profiles tab tests[0m
Admin UI E2E (1, chrome)	Run Cypress	2025-02-09T00:30:15.7177869Z   [32m  ✓[0m[90m Go to client policies profiles tab[0m[90m (6091ms)[0m
Admin UI E2E (1, chrome)	Run Cypress	2025-02-09T00:30:18.6989647Z   [32m  ✓[0m[90m Check new client form is displaying[0m[90m (2919ms)[0m
Admin UI E2E (1, chrome)	Run Cypress	2025-02-09T00:30:21.5556790Z   [32m  ✓[0m[90m Complete new client form and cancel[0m[90m (2795ms)[0m
Admin UI E2E (1, chrome)	Run Cypress	2025-02-09T00:30:24.9077453Z   [32m  ✓[0m[90m Complete new client form and submit[0m[90m (3323ms)[0m
Admin UI E2E (1, chrome)	Run Cypress	2025-02-09T00:30:27.8262794Z   [32m  ✓[0m[90m Should perform client profile search by profile name[0m[90m (2831ms)[0m
Admin UI E2E (1, chrome)	Run Cypress	2025-02-09T00:30:30.4621150Z   [32m  ✓[0m[90m Should search non-existent client profile[0m[90m (2599ms)[0m
Admin UI E2E (1, chrome)	Run Cypress	2025-02-09T00:30:33.3727784Z   [32m  ✓[0m[90m Should navigate to client profile[0m[90m (2856ms)[0m
Admin UI E2E (1, chrome)	Run Cypress	2025-02-09T00:30:35.7644721Z   [32m  ✓[0m[90m Check navigating between Form View and JSON editor[0m[90m (2358ms)[0m
Admin UI E2E (1, chrome)	Run Cypress	2025-02-09T00:30:47.7795390Z   [32m  ✓[0m[90m Check saving changed JSON profiles[0m[90m (11970ms)[0m
Admin UI E2E (1, chrome)	Run Cypress	2025-02-09T00:30:51.5116098Z   [32m  ✓[0m[90m Should not create duplicate client profile[0m[90m (3689ms)[0m
Admin UI E2E (1, chrome)	Run Cypress	2025-02-09T00:30:54.8942553Z   [32m  ✓[0m[90m Should edit client profile[0m[90m (3311ms)[0m
Admin UI E2E (1, chrome)	Run Cypress	2025-02-09T00:30:57.3237043Z   [32m  ✓[0m[90m Should check that edited client profile is now listed[0m[90m (2377ms)[0m
Admin UI E2E (1, chrome)	Run Cypress	2025-02-09T00:30:59.9613532Z   [32m  ✓[0m[90m Should show error when client profile left blank[0m[90m (2608ms)[0m
Admin UI E2E (1, chrome)	Run Cypress	2025-02-09T00:31:02.5534083Z   [32m  ✓[0m[90m Should revert back to the previous profile name[0m[90m (2551ms)[0m
Admin UI E2E (1, chrome)	Run Cypress	2025-02-09T00:31:04.7080438Z   [32m  ✓[0m[90m Should not have executors configured by default[0m[90m (2131ms)[0m
Admin UI E2E (1, chrome)	Run Cypress	2025-02-09T00:31:07.3617574Z   [32m  ✓[0m[90m Should cancel adding a new executor to a client profile[0m[90m (2629ms)[0m
Admin UI E2E (1, chrome)	Run Cypress	2025-02-09T00:31:10.5703148Z   [32m  ✓[0m[90m Should add a new executor to a client profile[0m[90m (3166ms)[0m
Admin UI E2E (1, chrome)	Run Cypress	2025-02-09T00:31:13.0203954Z   [32m  ✓[0m[90m Should cancel deleting executor from a client profile[0m[90m (2416ms)[0m
Admin UI E2E (1, chrome)	Run Cypress	2025-02-09T00:31:15.8848637Z   [32m  ✓[0m[90m Should cancel editing executor[0m[90m (2842ms)[0m
Admin UI E2E (1, chrome)	Run Cypress	2025-02-09T00:31:19.2471356Z   [32m  ✓[0m[90m Should edit executor[0m[90m (3338ms)[0m
Admin UI E2E (1, chrome)	Run Cypress	2025-02-09T00:31:21.7549409Z   [32m  ✓[0m[90m Should delete executor from a client profile[0m[90m (2467ms)[0m
Admin UI E2E (1, chrome)	Run Cypress	2025-02-09T00:31:24.3660355Z   [32m  ✓[0m[90m Check cancelling the client profile deletion[0m[90m (2586ms)[0m
Admin UI E2E (1, chrome)	Run Cypress	2025-02-09T00:31:28.0029833Z   [32m  ✓[0m[90m Check deleting the client profile[0m[90m (2741ms)[0m
Admin UI E2E (1, chrome)	Run Cypress	2025-02-09T00:31:28.0030924Z 
Admin UI E2E (1, chrome)	Run Cypress	2025-02-09T00:31:28.0436175Z 
Admin UI E2E (1, chrome)	Run Cypress	2025-02-09T00:31:28.0445246Z [92m [0m[32m 23 passing[0m[90m (1m)[0m
Admin UI E2E (1, chrome)	Run Cypress	2025-02-09T00:31:28.0446018Z 
Admin UI E2E (1, chrome)	Run Cypress	2025-02-09T00:31:29.0639097Z 
Admin UI E2E (1, chrome)	Run Cypress	2025-02-09T00:31:29.0640810Z [32m  ([4m[1mResults[22m[24m)[39m
Admin UI E2E (1, chrome)	Run Cypress	2025-02-09T00:31:29.0658774Z 
Admin UI E2E (1, chrome)	Run Cypress	2025-02-09T00:31:29.0672270Z [90m  ┌[39m[90m─[39m[90m─[39m[90m─[39m[90m─[39m[90m─[39m[90m─[39m[90m─[39m[90m─[39m[90m─[39m[90m─[39m[90m─[39m[90m─[39m[90m─[39m[90m─[39m[90m─[39m[90m─[39m[90m─[39m[90m─[39m[90m─[39m[90m─[39m[90m─[39m[90m─[39m[90m─[39m[90m─[39m[90m─[39m[90m─[39m[90m─[39m[90m─[39m[90m─[39m[90m─[39m[90m─[39m[90m─[39m[90m─[39m[90m─[39m[90m─[39m[90m─[39m[90m─[39m[90m─[39m[90m─[39m[90m─[39m[90m─[39m[90m─[39m[90m─[39m[90m─[39m[90m─[39m[90m─[39m[90m─[39m[90m─[39m[90m─[39m[90m─[39m[90m─[39m[90m─[39m[90m─[39m[90m─[39m[90m─[39m[90m─[39m[90m─[39m[90m─[39m[90m─[39m[90m─[39m[90m─[39m[90m─[39m[90m─[39m[90m─[39m[90m─[39m[90m─[39m[90m─[39m[90m─[39m[90m─[39m[90m─[39m[90m─[39m[90m─[39m[90m─[39m[90m─[39m[90m─[39m[90m─[39m[90m─[39m[90m─[39m[90m─[39m[90m─[39m[90m─[39m[90m─[39m[90m─[39m[90m─[39m[90m─[39m[90m─[39m[90m─[39m[90m─[39m[90m─[39m[90m─[39m[90m─[39m[90m─[39m[90m─[39m[90m─[39m[90m─[39m[90m─[39m[90m┐[39m
Admin UI E2E (1, chrome)	Run Cypress	2025-02-09T00:31:29.0677033Z [90m  │[39m [90mTests:[39m        [32m23[39m                                                                               [90m│[39m
Admin UI E2E (1, chrome)	Run Cypress	2025-02-09T00:31:29.0678254Z [90m  │[39m [90mPassing:[39m      [32m23[39m                                                                               [90m│[39m
Admin UI E2E (1, chrome)	Run Cypress	2025-02-09T00:31:29.0679414Z [90m  │[39m [90mFailing:[39m      [32m0[39m                                                                                [90m│[39m
Admin UI E2E (1, chrome)	Run Cypress	2025-02-09T00:31:29.0680777Z [90m  │[39m [90mPending:[39m      [32m0[39m                                                                                [90m│[39m
Admin UI E2E (1, chrome)	Run Cypress	2025-02-09T00:31:29.0681964Z [90m  │[39m [90mSkipped:[39m      [32m0[39m                                                                                [90m│[39m
Admin UI E2E (1, chrome)	Run Cypress	2025-02-09T00:31:29.0683229Z [90m  │[39m [90mScreenshots:[39m  [32m0[39m                                                                                [90m│[39m
Admin UI E2E (1, chrome)	Run Cypress	2025-02-09T00:31:29.0684601Z [90m  │[39m [90mVideo:[39m        [32mfalse[39m                                                                            [90m│[39m
Admin UI E2E (1, chrome)	Run Cypress	2025-02-09T00:31:29.0685943Z [90m  │[39m [90mDuration:[39m     [32m1 minute, 18 seconds[39m                                                             [90m│[39m
Admin UI E2E (1, chrome)	Run Cypress	2025-02-09T00:31:29.0687532Z [90m  │[39m [90mSpec Ran:[39m     [32m[32mrealm_settings_client_profiles_test.spec.ts[32m[39m                                      [90m│[39m
Admin UI E2E (1, chrome)	Run Cypress	2025-02-09T00:31:29.0694715Z [90m  └[39m[90m─[39m[90m─[39m[90m─[39m[90m─[39m[90m─[39m[90m─[39m[90m─[39m[90m─[39m[90m─[39m[90m─[39m[90m─[39m[90m─[39m[90m─[39m[90m─[39m[90m─[39m[90m─[39m[90m─[39m[90m─[39m[90m─[39m[90m─[39m[90m─[39m[90m─[39m[90m─[39m[90m─[39m[90m─[39m[90m─[39m[90m─[39m[90m─[39m[90m─[39m[90m─[39m[90m─[39m[90m─[39m[90m─[39m[90m─[39m[90m─[39m[90m─[39m[90m─[39m[90m─[39m[90m─[39m[90m─[39m[90m─[39m[90m─[39m[90m─[39m[90m─[39m[90m─[39m[90m─[39m[90m─[39m[90m─[39m[90m─[39m[90m─[39m[90m─[39m[90m─[39m[90m─[39m[90m─[39m[90m─[39m[90m─[39m[90m─[39m[90m─[39m[90m─[39m[90m─[39m[90m─[39m[90m─[39m[90m─[39m[90m─[39m[90m─[39m[90m─[39m[90m─[39m[90m─[39m[90m─[39m[90m─[39m[90m─[39m[90m─[39m[90m─[39m[90m─[39m[90m─[39m[90m─[39m[90m─[39m[90m─[39m[90m─[39m[90m─[39m[90m─[39m[90m─[39m[90m─[39m[90m─[39m[90m─[39m[90m─[39m[90m─[39m[90m─[39m[90m─[39m[90m─[39m[90m─[39m[90m─[39m[90m─[39m[90m─[39m[90m─[39m[90m─[39m[90m┘[39m
Admin UI E2E (1, chrome)	Run Cypress	2025-02-09T00:31:29.0698612Z 
Admin UI E2E (1, chrome)	Run Cypress	2025-02-09T00:31:29.1011004Z 
Admin UI E2E (1, chrome)	Run Cypress	2025-02-09T00:31:29.1015286Z [90m─[39m[90m─[39m[90m─[39m[90m─[39m[90m─[39m[90m─[39m[90m─[39m[90m─[39m[90m─[39m[90m─[39m[90m─[39m[90m─[39m[90m─[39m[90m─[39m[90m─[39m[90m─[39m[90m─[39m[90m─[39m[90m─[39m[90m─[39m[90m─[39m[90m─[39m[90m─[39m[90m─[39m[90m─[39m[90m─[39m[90m─[39m[90m─[39m[90m─[39m[90m─[39m[90m─[39m[90m─[39m[90m─[39m[90m─[39m[90m─[39m[90m─[39m[90m─[39m[90m─[39m[90m─[39m[90m─[39m[90m─[39m[90m─[39m[90m─[39m[90m─[39m[90m─[39m[90m─[39m[90m─[39m[90m─[39m[90m─[39m[90m─[39m[90m─[39m[90m─[39m[90m─[39m[90m─[39m[90m─[39m[90m─[39m[90m─[39m[90m─[39m[90m─[39m[90m─[39m[90m─[39m[90m─[39m[90m─[39m[90m─[39m[90m─[39m[90m─[39m[90m─[39m[90m─[39m[90m─[39m[90m─[39m[90m─[39m[90m─[39m[90m─[39m[90m─[39m[90m─[39m[90m─[39m[90m─[39m[90m─[39m[90m─[39m[90m─[39m[90m─[39m[90m─[39m[90m─[39m[90m─[39m[90m─[39m[90m─[39m[90m─[39m[90m─[39m[90m─[39m[90m─[39m[90m─[39m[90m─[39m[90m─[39m[90m─[39m[90m─[39m[90m─[39m[90m─[39m[90m─[39m[90m─[39m[90m─[39m
Admin UI E2E (1, chrome)	Run Cypress	2025-02-09T00:31:29.1017912Z                                                                                                     
Admin UI E2E (1, chrome)	Run Cypress	2025-02-09T00:31:29.1019101Z   Running:  [90mclients_test.spec.ts[39m                                                            [90m(3 of 5)[39m
Admin UI E2E (1, chrome)	Run Cypress	2025-02-09T00:31:33.2523196Z 
Admin UI E2E (1, chrome)	Run Cypress	2025-02-09T00:31:33.2524711Z [0m[0m
Admin UI E2E (1, chrome)	Run Cypress	2025-02-09T00:31:33.2545949Z [0m  Clients test[0m
Admin UI E2E (1, chrome)	Run Cypress	2025-02-09T00:31:34.1410409Z [0m    Client creation[0m
Admin UI E2E (1, chrome)	Run Cypress	2025-02-09T00:31:39.6866697Z     [32m  ✓[0m[90m Should cancel creating client[0m[90m (6347ms)[0m
Admin UI E2E (1, chrome)	Run Cypress	2025-02-09T00:31:46.5425263Z     [32m  ✓[0m[90m Should check settings elements[0m[90m (6731ms)[0m
Admin UI E2E (1, chrome)	Run Cypress	2025-02-09T00:31:49.1792291Z     [32m  ✓[0m[90m Should navigate to previous using 'back' button[0m[90m (2565ms)[0m
Admin UI E2E (1, chrome)	Run Cypress	2025-02-09T00:31:52.1868080Z     [32m  ✓[0m[90m Should fail creating client[0m[90m (2980ms)[0m
Admin UI E2E (1, chrome)	Run Cypress	2025-02-09T00:32:00.2249217Z     [32m  ✓[0m[90m Client CRUD test[0m[90m (7948ms)[0m
Admin UI E2E (1, chrome)	Run Cypress	2025-02-09T00:32:02.7046654Z     [32m  ✓[0m[90m Should fail to create imported client with empty ID[0m[90m (2412ms)[0m
Admin UI E2E (1, chrome)	Run Cypress	2025-02-09T00:32:06.9603387Z     [32m  ✓[0m[90m Should fail to create client with same ID[0m[90m (4216ms)[0m
Admin UI E2E (1, chrome)	Run Cypress	2025-02-09T00:32:08.9532261Z     [32m  ✓[0m[90m should delete 'identical' client id[0m[90m (1946ms)[0m
Admin UI E2E (1, chrome)	Run Cypress	2025-02-09T00:32:08.9714613Z [0m    Service account tab test[0m
Admin UI E2E (1, chrome)	Run Cypress	2025-02-09T00:32:13.3966657Z     [32m  ✓[0m[90m List[0m[90m (4405ms)[0m
Admin UI E2E (1, chrome)	Run Cypress	2025-02-09T00:32:50.3762187Z       [33m(Attempt 1 of 4)[0m Assign
Admin UI E2E (1, chrome)	Run Cypress	2025-02-09T00:33:31.0389392Z       [33m(Attempt 2 of 4)[0m Assign
Admin UI E2E (1, chrome)	Run Cypress	2025-02-09T00:34:14.9701482Z       [33m(Attempt 3 of 4)[0m Assign
Admin UI E2E (1, chrome)	Run Cypress	2025-02-09T00:35:01.6405864Z     [31m  1) Assign[0m
Admin UI E2E (1, chrome)	Run Cypress	2025-02-09T00:35:02.2784828Z [0m    Mapping tab[0m
Admin UI E2E (1, chrome)	Run Cypress	2025-02-09T00:35:09.3291809Z     [32m  ✓[0m[90m Add mapping to openid client[0m[90m (6467ms)[0m
Admin UI E2E (1, chrome)	Run Cypress	2025-02-09T00:35:09.3483409Z [0m    Keys tab test[0m
Admin UI E2E (1, chrome)	Run Cypress	2025-02-09T00:35:16.0425509Z     [32m  ✓[0m[90m Generate new keys[0m[90m (6375ms)[0m
Admin UI E2E (1, chrome)	Run Cypress	2025-02-09T00:35:16.0546665Z [0m    Realm client[0m
Admin UI E2E (1, chrome)	Run Cypress	2025-02-09T00:35:20.1637177Z     [32m  ✓[0m[90m Displays the correct tabs[0m[90m (3892ms)[0m
Admin UI E2E (1, chrome)	Run Cypress	2025-02-09T00:35:23.4003846Z     [32m  ✓[0m[90m Hides the delete action[0m[90m (3174ms)[0m
Admin UI E2E (1, chrome)	Run Cypress	2025-02-09T00:35:23.4154535Z [0m    ***
Admin UI E2E (1, chrome)	Run Cypress	2025-02-09T00:35:26.0901754Z     [32m  ✓[0m[90m Shows an explainer text for bearer only clients[0m[90m (2659ms)[0m
Admin UI E2E (1, chrome)	Run Cypress	2025-02-09T00:35:30.2408095Z     [32m  ✓[0m[90m Hides the capability config section[0m[90m (3743ms)[0m
Admin UI E2E (1, chrome)	Run Cypress	2025-02-09T00:35:30.2532690Z [0m    Generated home URLs for built-in clients[0m
Admin UI E2E (1, chrome)	Run Cypress	2025-02-09T00:35:32.1999667Z     [32m  ✓[0m[90m Check account-console Home URL[0m[90m (1894ms)[0m
Admin UI E2E (1, chrome)	Run Cypress	2025-02-09T00:35:34.0233363Z     [32m  ✓[0m[90m Check security-admin-console Home URL[0m[90m (1790ms)[0m
Admin UI E2E (1, chrome)	Run Cypress	2025-02-09T00:35:34.0338625Z [0m    Accessibility tests for clients[0m
Admin UI E2E (1, chrome)	Run Cypress	2025-02-09T00:35:36.4124428Z     [32m  ✓[0m[90m Check a11y violations on load/ clients list tab[0m[90m (2372ms)[0m
Admin UI E2E (1, chrome)	Run Cypress	2025-02-09T00:35:39.6585116Z     [32m  ✓[0m[90m Check a11y violations on create client page[0m[90m (3218ms)[0m
Admin UI E2E (1, chrome)	Run Cypress	2025-02-09T00:35:46.8899288Z     [32m  ✓[0m[90m Check a11y violations on client details page[0m[90m (7172ms)[0m
Admin UI E2E (1, chrome)	Run Cypress	2025-02-09T00:35:49.7148827Z     [32m  ✓[0m[90m Check a11y violations in delete dialog[0m[90m (2779ms)[0m
Admin UI E2E (1, chrome)	Run Cypress	2025-02-09T00:35:52.0038864Z     [32m  ✓[0m[90m Check a11y violations on client registration/ anonymous access policies tab[0m[90m (2248ms)[0m
Admin UI E2E (1, chrome)	Run Cypress	2025-02-09T00:35:54.9472941Z     [32m  ✓[0m[90m Check a11y violations on client registration/ authenticated access policies tab[0m[90m (2394ms)[0m
Admin UI E2E (1, chrome)	Run Cypress	2025-02-09T00:35:54.9473729Z 
Admin UI E2E (1, chrome)	Run Cypress	2025-02-09T00:35:54.9720318Z 
Admin UI E2E (1, chrome)	Run Cypress	2025-02-09T00:35:54.9722845Z [92m [0m[32m 23 passing[0m[90m (4m)[0m
Admin UI E2E (1, chrome)	Run Cypress	2025-02-09T00:35:54.9725170Z [31m  1 failing[0m
Admin UI E2E (1, chrome)	Run Cypress	2025-02-09T00:35:54.9727032Z 
Admin UI E2E (1, chrome)	Run Cypress	2025-02-09T00:35:54.9728919Z [0m  1) Clients test
Admin UI E2E (1, chrome)	Run Cypress	2025-02-09T00:35:54.9730349Z        Service account tab test
Admin UI E2E (1, chrome)	Run Cypress	2025-02-09T00:35:54.9731176Z          Assign:
Admin UI E2E (1, chrome)	Run Cypress	2025-02-09T00:35:54.9736211Z [0m[31m     AssertionError: Timed out retrying after 30000ms: expected '[ <td.pf-v5-c-table__td.pf-v5-c-table__check>, 39 more... ]' not to contain 'create-realm-17fa969f-6164-496b-8009-2825d2a142ed'[0m[90m
Admin UI E2E (1, chrome)	Run Cypress	2025-02-09T00:35:54.9743459Z       at Context.eval (webpack://@keycloak/keycloak-admin-ui/./cypress/support/pages/admin-ui/manage/RoleMappingTab.ts:91:0)
Admin UI E2E (1, chrome)	Run Cypress	2025-02-09T00:35:54.9744842Z       at <unknown> (http://localhost:8080/__cypress/runner/cypress_runner.js:117702:17)
Admin UI E2E (1, chrome)	Run Cypress	2025-02-09T00:35:54.9745910Z       at tryCatcher (http://localhost:8080/__cypress/runner/cypress_runner.js:1777:23)
Admin UI E2E (1, chrome)	Run Cypress	2025-02-09T00:35:54.9747183Z       at Promise.attempt.Promise.try (http://localhost:8080/__cypress/runner/cypress_runner.js:4285:29)
Admin UI E2E (1, chrome)	Run Cypress	2025-02-09T00:35:54.9748517Z       at Context.shouldFnWithCallback (http://localhost:8080/__cypress/runner/cypress_runner.js:117699:66)
Admin UI E2E (1, chrome)	Run Cypress	2025-02-09T00:35:54.9749464Z [0m
Admin UI E2E (1, chrome)	Run Cypress	2025-02-09T00:35:54.9749670Z 
Admin UI E2E (1, chrome)	Run Cypress	2025-02-09T00:35:54.9749684Z 
Admin UI E2E (1, chrome)	Run Cypress	2025-02-09T00:35:55.9865242Z 
Admin UI E2E (1, chrome)	Run Cypress	2025-02-09T00:35:55.9866821Z [31m  ([4m[1mResults[22m[24m)[39m
Admin UI E2E (1, chrome)	Run Cypress	2025-02-09T00:35:55.9885549Z 
Admin UI E2E (1, chrome)	Run Cypress	2025-02-09T00:35:55.9901721Z [90m  ┌[39m[90m─[39m[90m─[39m[90m─[39m[90m─[39m[90m─[39m[90m─[39m[90m─[39m[90m─[39m[90m─[39m[90m─[39m[90m─[39m[90m─[39m[90m─[39m[90m─[39m[90m─[39m[90m─[39m[90m─[39m[90m─[39m[90m─[39m[90m─[39m[90m─[39m[90m─[39m[90m─[39m[90m─[39m[90m─[39m[90m─[39m[90m─[39m[90m─[39m[90m─[39m[90m─[39m[90m─[39m[90m─[39m[90m─[39m[90m─[39m[90m─[39m[90m─[39m[90m─[39m[90m─[39m[90m─[39m[90m─[39m[90m─[39m[90m─[39m[90m─[39m[90m─[39m[90m─[39m[90m─[39m[90m─[39m[90m─[39m[90m─[39m[90m─[39m[90m─[39m[90m─[39m[90m─[39m[90m─[39m[90m─[39m[90m─[39m[90m─[39m[90m─[39m[90m─[39m[90m─[39m[90m─[39m[90m─[39m[90m─[39m[90m─[39m[90m─[39m[90m─[39m[90m─[39m[90m─[39m[90m─[39m[90m─[39m[90m─[39m[90m─[39m[90m─[39m[90m─[39m[90m─[39m[90m─[39m[90m─[39m[90m─[39m[90m─[39m[90m─[39m[90m─[39m[90m─[39m[90m─[39m[90m─[39m[90m─[39m[90m─[39m[90m─[39m[90m─[39m[90m─[39m[90m─[39m[90m─[39m[90m─[39m[90m─[39m[90m─[39m[90m─[39m[90m─[39m[90m┐[39m
Admin UI E2E (1, chrome)	Run Cypress	2025-02-09T00:35:55.9906812Z [90m  │[39m [90mTests:[39m        [31m24[39m                                                                               [90m│[39m
Admin UI E2E (1, chrome)	Run Cypress	2025-02-09T00:35:55.9908357Z [90m  │[39m [90mPassing:[39m      [31m23[39m                                                                               [90m│[39m
Admin UI E2E (1, chrome)	Run Cypress	2025-02-09T00:35:55.9910409Z [90m  │[39m [90mFailing:[39m      [31m1[39m                                                                                [90m│[39m
Admin UI E2E (1, chrome)	Run Cypress	2025-02-09T00:35:55.9911806Z [90m  │[39m [90mPending:[39m      [31m0[39m                                                                                [90m│[39m
Admin UI E2E (1, chrome)	Run Cypress	2025-02-09T00:35:55.9913121Z [90m  │[39m [90mSkipped:[39m      [31m0[39m                                                                                [90m│[39m
Admin UI E2E (1, chrome)	Run Cypress	2025-02-09T00:35:55.9914531Z [90m  │[39m [90mScreenshots:[39m  [31m4[39m                                                                                [90m│[39m
Admin UI E2E (1, chrome)	Run Cypress	2025-02-09T00:35:55.9916119Z [90m  │[39m [90mVideo:[39m        [31mtrue[39m                                                                             [90m│[39m
Admin UI E2E (1, chrome)	Run Cypress	2025-02-09T00:35:55.9917413Z [90m  │[39m [90mDuration:[39m     [31m4 minutes, 21 seconds[39m                                                            [90m│[39m
Admin UI E2E (1, chrome)	Run Cypress	2025-02-09T00:35:55.9918714Z [90m  │[39m [90mSpec Ran:[39m     [31m[31mclients_test.spec.ts[31m[39m                                                             [90m│[39m
Admin UI E2E (1, chrome)	Run Cypress	2025-02-09T00:35:55.9925637Z [90m  └[39m[90m─[39m[90m─[39m[90m─[39m[90m─[39m[90m─[39m[90m─[39m[90m─[39m[90m─[39m[90m─[39m[90m─[39m[90m─[39m[90m─[39m[90m─[39m[90m─[39m[90m─[39m[90m─[39m[90m─[39m[90m─[39m[90m─[39m[90m─[39m[90m─[39m[90m─[39m[90m─[39m[90m─[39m[90m─[39m[90m─[39m[90m─[39m[90m─[39m[90m─[39m[90m─[39m[90m─[39m[90m─[39m[90m─[39m[90m─[39m[90m─[39m[90m─[39m[90m─[39m[90m─[39m[90m─[39m[90m─[39m[90m─[39m[90m─[39m[90m─[39m[90m─[39m[90m─[39m[90m─[39m[90m─[39m[90m─[39m[90m─[39m[90m─[39m[90m─[39m[90m─[39m[90m─[39m[90m─[39m[90m─[39m[90m─[39m[90m─[39m[90m─[39m[90m─[39m[90m─[39m[90m─[39m[90m─[39m[90m─[39m[90m─[39m[90m─[39m[90m─[39m[90m─[39m[90m─[39m[90m─[39m[90m─[39m[90m─[39m[90m─[39m[90m─[39m[90m─[39m[90m─[39m[90m─[39m[90m─[39m[90m─[39m[90m─[39m[90m─[39m[90m─[39m[90m─[39m[90m─[39m[90m─[39m[90m─[39m[90m─[39m[90m─[39m[90m─[39m[90m─[39m[90m─[39m[90m─[39m[90m─[39m[90m─[39m[90m─[39m[90m─[39m[90m─[39m[90m┘[39m
Admin UI E2E (1, chrome)	Run Cypress	2025-02-09T00:35:55.9929630Z 
Admin UI E2E (1, chrome)	Run Cypress	2025-02-09T00:35:55.9929651Z 
Admin UI E2E (1, chrome)	Run Cypress	2025-02-09T00:35:55.9930058Z [33m  ([4m[1mScreenshots[22m[24m)[39m
Admin UI E2E (1, chrome)	Run Cypress	2025-02-09T00:35:55.9930583Z 
Admin UI E2E (1, chrome)	Run Cypress	2025-02-09T00:35:55.9931748Z [90m [39m -  [0m/home/runner/work/keycloak/keycloak/js/apps/admin-ui/cypress/screenshots/clients[0m     [90m[90m(1280x633)[90m[39m
Admin UI E2E (1, chrome)	Run Cypress	2025-02-09T00:35:55.9933443Z [90m [39m    [0m_test.spec.ts/Clients test -- Service account tab test -- Assign (failed).png[0m                  
Admin UI E2E (1, chrome)	Run Cypress	2025-02-09T00:35:55.9935181Z [90m [39m -  [0m/home/runner/work/keycloak/keycloak/js/apps/admin-ui/cypress/screenshots/clients[0m     [90m[90m(1280x633)[90m[39m
Admin UI E2E (1, chrome)	Run Cypress	2025-02-09T00:35:55.9936867Z [90m [39m    [0m_test.spec.ts/Clients test -- Service account tab test -- Assign (failed) (attem[0m               
Admin UI E2E (1, chrome)	Run Cypress	2025-02-09T00:35:55.9938041Z [90m [39m    [0mpt 2).png[0m                                                                                      
Admin UI E2E (1, chrome)	Run Cypress	2025-02-09T00:35:55.9939551Z [90m [39m -  [0m/home/runner/work/keycloak/keycloak/js/apps/admin-ui/cypress/screenshots/clients[0m     [90m[90m(1280x633)[90m[39m
Admin UI E2E (1, chrome)	Run Cypress	2025-02-09T00:35:55.9941469Z [90m [39m    [0m_test.spec.ts/Clients test -- Service account tab test -- Assign (failed) (attem[0m               
Admin UI E2E (1, chrome)	Run Cypress	2025-02-09T00:35:55.9942649Z [90m [39m    [0mpt 3).png[0m                                                                                      
Admin UI E2E (1, chrome)	Run Cypress	2025-02-09T00:35:55.9944594Z [90m [39m -  [0m/home/runner/work/keycloak/keycloak/js/apps/admin-ui/cypress/screenshots/clients[0m     [90m[90m(1280x633)[90m[39m
Admin UI E2E (1, chrome)	Run Cypress	2025-02-09T00:35:55.9946359Z [90m [39m    [0m_test.spec.ts/Clients test -- Service account tab test -- Assign (failed) (attem[0m               
Admin UI E2E (1, chrome)	Run Cypress	2025-02-09T00:35:55.9947923Z [90m [39m    [0mpt 4).png[0m                                                                                      
Admin UI E2E (1, chrome)	Run Cypress	2025-02-09T00:35:55.9948328Z 
Admin UI E2E (1, chrome)	Run Cypress	2025-02-09T00:35:56.0238557Z 
Admin UI E2E (1, chrome)	Run Cypress	2025-02-09T00:35:56.0240035Z [36m  ([4m[1mVideo[22m[24m)[39m
Admin UI E2E (1, chrome)	Run Cypress	2025-02-09T00:35:56.0241358Z 
Admin UI E2E (1, chrome)	Run Cypress	2025-02-09T00:35:56.0242702Z   -  Video output: [36m/home/runner/work/keycloak/keycloak/js/apps/admin-ui/cypress/videos/clients_test.spec.ts.mp4[39m
Admin UI E2E (1, chrome)	Run Cypress	2025-02-09T00:35:56.0243566Z 
Admin UI E2E (1, chrome)	Run Cypress	2025-02-09T00:35:56.0243585Z 
Admin UI E2E (1, chrome)	Run Cypress	2025-02-09T00:35:56.0253764Z [90m─[39m[90m─[39m[90m─[39m[90m─[39m[90m─[39m[90m─[39m[90m─[39m[90m─[39m[90m─[39m[90m─[39m[90m─[39m[90m─[39m[90m─[39m[90m─[39m[90m─[39m[90m─[39m[90m─[39m[90m─[39m[90m─[39m[90m─[39m[90m─[39m[90m─[39m[90m─[39m[90m─[39m[90m─[39m[90m─[39m[90m─[39m[90m─[39m[90m─[39m[90m─[39m[90m─[39m[90m─[39m[90m─[39m[90m─[39m[90m─[39m[90m─[39m[90m─[39m[90m─[39m[90m─[39m[90m─[39m[90m─[39m[90m─[39m[90m─[39m[90m─[39m[90m─[39m[90m─[39m[90m─[39m[90m─[39m[90m─[39m[90m─[39m[90m─[39m[90m─[39m[90m─[39m[90m─[39m[90m─[39m[90m─[39m[90m─[39m[90m─[39m[90m─[39m[90m─[39m[90m─[39m[90m─[39m[90m─[39m[90m─[39m[90m─[39m[90m─[39m[90m─[39m[90m─[39m[90m─[39m[90m─[39m[90m─[39m[90m─[39m[90m─[39m[90m─[39m[90m─[39m[90m─[39m[90m─[39m[90m─[39m[90m─[39m[90m─[39m[90m─[39m[90m─[39m[90m─[39m[90m─[39m[90m─[39m[90m─[39m[90m─[39m[90m─[39m[90m─[39m[90m─[39m[90m─[39m[90m─[39m[90m─[39m[90m─[39m[90m─[39m[90m─[39m[90m─[39m[90m─[39m[90m─[39m[90m─[39m
Admin UI E2E (1, chrome)	Run Cypress	2025-02-09T00:35:56.0258066Z                                                                                                     
Admin UI E2E (1, chrome)	Run Cypress	2025-02-09T00:35:56.0258798Z   Running:  [90mauthentication_policies_ciba.spec.ts[39m                                            [90m(4 of 5)[39m
Admin UI E2E (1, chrome)	Run Cypress	2025-02-09T00:35:59.5964649Z 
Admin UI E2E (1, chrome)	Run Cypress	2025-02-09T00:35:59.5967846Z [0m[0m
Admin UI E2E (1, chrome)	Run Cypress	2025-02-09T00:35:59.5993253Z [0m  Authentication - Policies - CIBA[0m
Admin UI E2E (1, chrome)	Run Cypress	2025-02-09T00:36:04.8965520Z   [32m  ✓[0m[90m displays the initial state[0m[90m (5260ms)[0m
Admin UI E2E (1, chrome)	Run Cypress	2025-02-09T00:36:07.9406819Z   [32m  ✓[0m[90m validates the fields[0m[90m (3008ms)[0m
Admin UI E2E (1, chrome)	Run Cypress	2025-02-09T00:36:11.8153078Z   [32m  ✓[0m[90m saves the form[0m[90m (3429ms)[0m
Admin UI E2E (1, chrome)	Run Cypress	2025-02-09T00:36:11.8155651Z 
Admin UI E2E (1, chrome)	Run Cypress	2025-02-09T00:36:11.8391565Z 
Admin UI E2E (1, chrome)	Run Cypress	2025-02-09T00:36:11.8392582Z [92m [0m[32m 3 passing[0m[90m (12s)[0m
Admin UI E2E (1, chrome)	Run Cypress	2025-02-09T00:36:11.8393868Z 
Admin UI E2E (1, chrome)	Run Cypress	2025-02-09T00:36:12.8701262Z 
Admin UI E2E (1, chrome)	Run Cypress	2025-02-09T00:36:12.8702768Z [32m  ([4m[1mResults[22m[24m)[39m
Admin UI E2E (1, chrome)	Run Cypress	2025-02-09T00:36:12.8706413Z 
Admin UI E2E (1, chrome)	Run Cypress	2025-02-09T00:36:12.8719389Z [90m  ┌[39m[90m─[39m[90m─[39m[90m─[39m[90m─[39m[90m─[39m[90m─[39m[90m─[39m[90m─[39m[90m─[39m[90m─[39m[90m─[39m[90m─[39m[90m─[39m[90m─[39m[90m─[39m[90m─[39m[90m─[39m[90m─[39m[90m─[39m[90m─[39m[90m─[39m[90m─[39m[90m─[39m[90m─[39m[90m─[39m[90m─[39m[90m─[39m[90m─[39m[90m─[39m[90m─[39m[90m─[39m[90m─[39m[90m─[39m[90m─[39m[90m─[39m[90m─[39m[90m─[39m[90m─[39m[90m─[39m[90m─[39m[90m─[39m[90m─[39m[90m─[39m[90m─[39m[90m─[39m[90m─[39m[90m─[39m[90m─[39m[90m─[39m[90m─[39m[90m─[39m[90m─[39m[90m─[39m[90m─[39m[90m─[39m[90m─[39m[90m─[39m[90m─[39m[90m─[39m[90m─[39m[90m─[39m[90m─[39m[90m─[39m[90m─[39m[90m─[39m[90m─[39m[90m─[39m[90m─[39m[90m─[39m[90m─[39m[90m─[39m[90m─[39m[90m─[39m[90m─[39m[90m─[39m[90m─[39m[90m─[39m[90m─[39m[90m─[39m[90m─[39m[90m─[39m[90m─[39m[90m─[39m[90m─[39m[90m─[39m[90m─[39m[90m─[39m[90m─[39m[90m─[39m[90m─[39m[90m─[39m[90m─[39m[90m─[39m[90m─[39m[90m─[39m[90m─[39m[90m┐[39m
Admin UI E2E (1, chrome)	Run Cypress	2025-02-09T00:36:12.8724064Z [90m  │[39m [90mTests:[39m        [32m3[39m                                                                                [90m│[39m
Admin UI E2E (1, chrome)	Run Cypress	2025-02-09T00:36:12.8725244Z [90m  │[39m [90mPassing:[39m      [32m3[39m                                                                                [90m│[39m
Admin UI E2E (1, chrome)	Run Cypress	2025-02-09T00:36:12.8726739Z [90m  │[39m [90mFailing:[39m      [32m0[39m                                                                                [90m│[39m
Admin UI E2E (1, chrome)	Run Cypress	2025-02-09T00:36:12.8727889Z [90m  │[39m [90mPending:[39m      [32m0[39m                                                                                [90m│[39m
Admin UI E2E (1, chrome)	Run Cypress	2025-02-09T00:36:12.8729059Z [90m  │[39m [90mSkipped:[39m      [32m0[39m                                                                                [90m│[39m
Admin UI E2E (1, chrome)	Run Cypress	2025-02-09T00:36:12.8730552Z [90m  │[39m [90mScreenshots:[39m  [32m0[39m                                                                                [90m│[39m
Admin UI E2E (1, chrome)	Run Cypress	2025-02-09T00:36:12.8732155Z [90m  │[39m [90mVideo:[39m        [32mfalse[39m                                                                            [90m│[39m
Admin UI E2E (1, chrome)	Run Cypress	2025-02-09T00:36:12.8733451Z [90m  │[39m [90mDuration:[39m     [32m12 seconds[39m                                                                       [90m│[39m
Admin UI E2E (1, chrome)	Run Cypress	2025-02-09T00:36:12.8734930Z [90m  │[39m [90mSpec Ran:[39m     [32m[32mauthentication_policies_ciba.spec.ts[32m[39m                                             [90m│[39m
Admin UI E2E (1, chrome)	Run Cypress	2025-02-09T00:36:12.8741957Z [90m  └[39m[90m─[39m[90m─[39m[90m─[39m[90m─[39m[90m─[39m[90m─[39m[90m─[39m[90m─[39m[90m─[39m[90m─[39m[90m─[39m[90m─[39m[90m─[39m[90m─[39m[90m─[39m[90m─[39m[90m─[39m[90m─[39m[90m─[39m[90m─[39m[90m─[39m[90m─[39m[90m─[39m[90m─[39m[90m─[39m[90m─[39m[90m─[39m[90m─[39m[90m─[39m[90m─[39m[90m─[39m[90m─[39m[90m─[39m[90m─[39m[90m─[39m[90m─[39m[90m─[39m[90m─[39m[90m─[39m[90m─[39m[90m─[39m[90m─[39m[90m─[39m[90m─[39m[90m─[39m[90m─[39m[90m─[39m[90m─[39m[90m─[39m[90m─[39m[90m─[39m[90m─[39m[90m─[39m[90m─[39m[90m─[39m[90m─[39m[90m─[39m[90m─[39m[90m─[39m[90m─[39m[90m─[39m[90m─[39m[90m─[39m[90m─[39m[90m─[39m[90m─[39m[90m─[39m[90m─[39m[90m─[39m[90m─[39m[90m─[39m[90m─[39m[90m─[39m[90m─[39m[90m─[39m[90m─[39m[90m─[39m[90m─[39m[90m─[39m[90m─[39m[90m─[39m[90m─[39m[90m─[39m[90m─[39m[90m─[39m[90m─[39m[90m─[39m[90m─[39m[90m─[39m[90m─[39m[90m─[39m[90m─[39m[90m─[39m[90m─[39m[90m─[39m[90m─[39m[90m┘[39m
Admin UI E2E (1, chrome)	Run Cypress	2025-02-09T00:36:12.8745734Z 
Admin UI E2E (1, chrome)	Run Cypress	2025-02-09T00:36:12.9151687Z 
Admin UI E2E (1, chrome)	Run Cypress	2025-02-09T00:36:12.9163890Z [90m─[39m[90m─[39m[90m─[39m[90m─[39m[90m─[39m[90m─[39m[90m─[39m[90m─[39m[90m─[39m[90m─[39m[90m─[39m[90m─[39m[90m─[39m[90m─[39m[90m─[39m[90m─[39m[90m─[39m[90m─[39m[90m─[39m[90m─[39m[90m─[39m[90m─[39m[90m─[39m[90m─[39m[90m─[39m[90m─[39m[90m─[39m[90m─[39m[90m─[39m[90m─[39m[90m─[39m[90m─[39m[90m─[39m[90m─[39m[90m─[39m[90m─[39m[90m─[39m[90m─[39m[90m─[39m[90m─[39m[90m─[39m[90m─[39m[90m─[39m[90m─[39m[90m─[39m[90m─[39m[90m─[39m[90m─[39m[90m─[39m[90m─[39m[90m─[39m[90m─[39m[90m─[39m[90m─[39m[90m─[39m[90m─[39m[90m─[39m[90m─[39m[90m─[39m[90m─[39m[90m─[39m[90m─[39m[90m─[39m[90m─[39m[90m─[39m[90m─[39m[90m─[39m[90m─[39m[90m─[39m[90m─[39m[90m─[39m[90m─[39m[90m─[39m[90m─[39m[90m─[39m[90m─[39m[90m─[39m[90m─[39m[90m─[39m[90m─[39m[90m─[39m[90m─[39m[90m─[39m[90m─[39m[90m─[39m[90m─[39m[90m─[39m[90m─[39m[90m─[39m[90m─[39m[90m─[39m[90m─[39m[90m─[39m[90m─[39m[90m─[39m[90m─[39m[90m─[39m[90m─[39m[90m─[39m[90m─[39m
Admin UI E2E (1, chrome)	Run Cypress	2025-02-09T00:36:12.9168551Z                                                                                                     
Admin UI E2E (1, chrome)	Run Cypress	2025-02-09T00:36:12.9169751Z   Running:  [90muser_fed_ldap_mapper_test.spec.ts[39m                                               [90m(5 of 5)[39m
Admin UI E2E (1, chrome)	Run Cypress	2025-02-09T00:36:15.5326409Z 
Admin UI E2E (1, chrome)	Run Cypress	2025-02-09T00:36:15.5332927Z [0m[0m
Admin UI E2E (1, chrome)	Run Cypress	2025-02-09T00:36:15.5356572Z [0m  User Fed LDAP mapper tests[0m
Admin UI E2E (1, chrome)	Run Cypress	2025-02-09T00:36:25.8685584Z   [32m  ✓[0m[90m Create LDAP provider from empty state[0m[90m (10308ms)[0m
Admin UI E2E (1, chrome)	Run Cypress	2025-02-09T00:36:32.7968640Z   [32m  ✓[0m[90m Delete default mappers[0m[90m (6855ms)[0m
Admin UI E2E (1, chrome)	Run Cypress	2025-02-09T00:36:38.5307686Z   [32m  ✓[0m[90m Create certificate ldap mapper[0m[90m (5632ms)[0m
Admin UI E2E (1, chrome)	Run Cypress	2025-02-09T00:36:42.2831010Z   [32m  ✓[0m[90m Update certificate ldap mapper[0m[90m (3713ms)[0m
Admin UI E2E (1, chrome)	Run Cypress	2025-02-09T00:36:45.6944056Z   [32m  ✓[0m[90m Delete certificate ldap mapper[0m[90m (3347ms)[0m
Admin UI E2E (1, chrome)	Run Cypress	2025-02-09T00:36:50.8000755Z   [32m  ✓[0m[90m Create user account control mapper[0m[90m (5036ms)[0m
Admin UI E2E (1, chrome)	Run Cypress	2025-02-09T00:36:55.9143694Z   [32m  ✓[0m[90m Create msad lds user account control mapper[0m[90m (5072ms)[0m
Admin UI E2E (1, chrome)	Run Cypress	2025-02-09T00:37:01.6293788Z   [32m  ✓[0m[90m Create user attribute ldap mapper[0m[90m (5632ms)[0m
Admin UI E2E (1, chrome)	Run Cypress	2025-02-09T00:37:06.8445922Z   [32m  ✓[0m[90m Create full name ldap mapper[0m[90m (5155ms)[0m
Admin UI E2E (1, chrome)	Run Cypress	2025-02-09T00:37:12.3511264Z   [32m  ✓[0m[90m Create group ldap mapper[0m[90m (5430ms)[0m
Admin UI E2E (1, chrome)	Run Cypress	2025-02-09T00:37:15.5653843Z   [32m  ✓[0m[90m Should return one search result for mapper with unique string[0m[90m (3179ms)[0m
Admin UI E2E (1, chrome)	Run Cypress	2025-02-09T00:37:18.8036721Z   [32m  ✓[0m[90m Should return multiple search results for mappers that share common string[0m[90m (3171ms)[0m
Admin UI E2E (1, chrome)	Run Cypress	2025-02-09T00:37:21.9242926Z   [32m  ✓[0m[90m Should return all mappers in search results when no string is specified[0m[90m (3060ms)[0m
Admin UI E2E (1, chrome)	Run Cypress	2025-02-09T00:37:25.2558070Z   [32m  ✓[0m[90m Should return no search results for string that does not exist in any mappers[0m[90m (3296ms)[0m
Admin UI E2E (1, chrome)	Run Cypress	2025-02-09T00:37:28.4185928Z   [32m  ✓[0m[90m Cleanup - delete LDAP provider[0m[90m (3100ms)[0m
Admin UI E2E (1, chrome)	Run Cypress	2025-02-09T00:37:28.4186817Z 
Admin UI E2E (1, chrome)	Run Cypress	2025-02-09T00:37:28.4585557Z 
Admin UI E2E (1, chrome)	Run Cypress	2025-02-09T00:37:28.4587041Z [92m [0m[32m 15 passing[0m[90m (1m)[0m
Admin UI E2E (1, chrome)	Run Cypress	2025-02-09T00:37:28.4587797Z 
Admin UI E2E (1, chrome)	Run Cypress	2025-02-09T00:37:29.4899320Z 
Admin UI E2E (1, chrome)	Run Cypress	2025-02-09T00:37:29.4901732Z [32m  ([4m[1mResults[22m[24m)[39m
Admin UI E2E (1, chrome)	Run Cypress	2025-02-09T00:37:29.4906922Z 
Admin UI E2E (1, chrome)	Run Cypress	2025-02-09T00:37:29.4923443Z [90m  ┌[39m[90m─[39m[90m─[39m[90m─[39m[90m─[39m[90m─[39m[90m─[39m[90m─[39m[90m─[39m[90m─[39m[90m─[39m[90m─[39m[90m─[39m[90m─[39m[90m─[39m[90m─[39m[90m─[39m[90m─[39m[90m─[39m[90m─[39m[90m─[39m[90m─[39m[90m─[39m[90m─[39m[90m─[39m[90m─[39m[90m─[39m[90m─[39m[90m─[39m[90m─[39m[90m─[39m[90m─[39m[90m─[39m[90m─[39m[90m─[39m[90m─[39m[90m─[39m[90m─[39m[90m─[39m[90m─[39m[90m─[39m[90m─[39m[90m─[39m[90m─[39m[90m─[39m[90m─[39m[90m─[39m[90m─[39m[90m─[39m[90m─[39m[90m─[39m[90m─[39m[90m─[39m[90m─[39m[90m─[39m[90m─[39m[90m─[39m[90m─[39m[90m─[39m[90m─[39m[90m─[39m[90m─[39m[90m─[39m[90m─[39m[90m─[39m[90m─[39m[90m─[39m[90m─[39m[90m─[39m[90m─[39m[90m─[39m[90m─[39m[90m─[39m[90m─[39m[90m─[39m[90m─[39m[90m─[39m[90m─[39m[90m─[39m[90m─[39m[90m─[39m[90m─[39m[90m─[39m[90m─[39m[90m─[39m[90m─[39m[90m─[39m[90m─[39m[90m─[39m[90m─[39m[90m─[39m[90m─[39m[90m─[39m[90m─[39m[90m─[39m[90m─[39m[90m─[39m[90m┐[39m
Admin UI E2E (1, chrome)	Run Cypress	2025-02-09T00:37:29.4927538Z [90m  │[39m [90mTests:[39m        [32m15[39m                                                                               [90m│[39m
Admin UI E2E (1, chrome)	Run Cypress	2025-02-09T00:37:29.4928654Z [90m  │[39m [90mPassing:[39m      [32m15[39m                                                                               [90m│[39m
Admin UI E2E (1, chrome)	Run Cypress	2025-02-09T00:37:29.4929475Z [90m  │[39m [90mFailing:[39m      [32m0[39m                                                                                [90m│[39m
Admin UI E2E (1, chrome)	Run Cypress	2025-02-09T00:37:29.4930919Z [90m  │[39m [90mPending:[39m      [32m0[39m                                                                                [90m│[39m
Admin UI E2E (1, chrome)	Run Cypress	2025-02-09T00:37:29.4932137Z [90m  │[39m [90mSkipped:[39m      [32m0[39m                                                                                [90m│[39m
Admin UI E2E (1, chrome)	Run Cypress	2025-02-09T00:37:29.4933295Z [90m  │[39m [90mScreenshots:[39m  [32m0[39m                                                                                [90m│[39m
Admin UI E2E (1, chrome)	Run Cypress	2025-02-09T00:37:29.4934022Z [90m  │[39m [90mVideo:[39m        [32mfalse[39m                                                                            [90m│[39m
Admin UI E2E (1, chrome)	Run Cypress	2025-02-09T00:37:29.4934805Z [90m  │[39m [90mDuration:[39m     [32m1 minute, 12 seconds[39m                                                             [90m│[39m
Admin UI E2E (1, chrome)	Run Cypress	2025-02-09T00:37:29.4935651Z [90m  │[39m [90mSpec Ran:[39m     [32m[32muser_fed_ldap_mapper_test.spec.ts[32m[39m                                                [90m│[39m
Admin UI E2E (1, chrome)	Run Cypress	2025-02-09T00:37:29.4945226Z [90m  └[39m[90m─[39m[90m─[39m[90m─[39m[90m─[39m[90m─[39m[90m─[39m[90m─[39m[90m─[39m[90m─[39m[90m─[39m[90m─[39m[90m─[39m[90m─[39m[90m─[39m[90m─[39m[90m─[39m[90m─[39m[90m─[39m[90m─[39m[90m─[39m[90m─[39m[90m─[39m[90m─[39m[90m─[39m[90m─[39m[90m─[39m[90m─[39m[90m─[39m[90m─[39m[90m─[39m[90m─[39m[90m─[39m[90m─[39m[90m─[39m[90m─[39m[90m─[39m[90m─[39m[90m─[39m[90m─[39m[90m─[39m[90m─[39m[90m─[39m[90m─[39m[90m─[39m[90m─[39m[90m─[39m[90m─[39m[90m─[39m[90m─[39m[90m─[39m[90m─[39m[90m─[39m[90m─[39m[90m─[39m[90m─[39m[90m─[39m[90m─[39m[90m─[39m[90m─[39m[90m─[39m[90m─[39m[90m─[39m[90m─[39m[90m─[39m[90m─[39m[90m─[39m[90m─[39m[90m─[39m[90m─[39m[90m─[39m[90m─[39m[90m─[39m[90m─[39m[90m─[39m[90m─[39m[90m─[39m[90m─[39m[90m─[39m[90m─[39m[90m─[39m[90m─[39m[90m─[39m[90m─[39m[90m─[39m[90m─[39m[90m─[39m[90m─[39m[90m─[39m[90m─[39m[90m─[39m[90m─[39m[90m─[39m[90m─[39m[90m─[39m[90m─[39m[90m─[39m[90m┘[39m
Admin UI E2E (1, chrome)	Run Cypress	2025-02-09T00:37:29.4949154Z 
Admin UI E2E (1, chrome)	Run Cypress	2025-02-09T00:37:29.5050903Z 
Admin UI E2E (1, chrome)	Run Cypress	2025-02-09T00:37:29.5676327Z [90m====================================================================================================[39m
Admin UI E2E (1, chrome)	Run Cypress	2025-02-09T00:37:29.5677711Z 
Admin UI E2E (1, chrome)	Run Cypress	2025-02-09T00:37:29.5678096Z [0m  ([4m[1mRun Finished[22m[24m)[0m
Admin UI E2E (1, chrome)	Run Cypress	2025-02-09T00:37:29.5705818Z 
Admin UI E2E (1, chrome)	Run Cypress	2025-02-09T00:37:29.5706132Z 
Admin UI E2E (1, chrome)	Run Cypress	2025-02-09T00:37:29.5737248Z [90m   [39m    [90mSpec[39m                                              [90mTests[39m  [90mPassing[39m  [90mFailing[39m  [90mPending[39m  [90mSkipped[39m [90m [39m
Admin UI E2E (1, chrome)	Run Cypress	2025-02-09T00:37:29.5744716Z [90m  ┌[39m[90m─[39m[90m─[39m[90m─[39m[90m─[39m[90m─[39m[90m─[39m[90m─[39m[90m─[39m[90m─[39m[90m─[39m[90m─[39m[90m─[39m[90m─[39m[90m─[39m[90m─[39m[90m─[39m[90m─[39m[90m─[39m[90m─[39m[90m─[39m[90m─[39m[90m─[39m[90m─[39m[90m─[39m[90m─[39m[90m─[39m[90m─[39m[90m─[39m[90m─[39m[90m─[39m[90m─[39m[90m─[39m[90m─[39m[90m─[39m[90m─[39m[90m─[39m[90m─[39m[90m─[39m[90m─[39m[90m─[39m[90m─[39m[90m─[39m[90m─[39m[90m─[39m[90m─[39m[90m─[39m[90m─[39m[90m─[39m[90m─[39m[90m─[39m[90m─[39m[90m─[39m[90m─[39m[90m─[39m[90m─[39m[90m─[39m[90m─[39m[90m─[39m[90m─[39m[90m─[39m[90m─[39m[90m─[39m[90m─[39m[90m─[39m[90m─[39m[90m─[39m[90m─[39m[90m─[39m[90m─[39m[90m─[39m[90m─[39m[90m─[39m[90m─[39m[90m─[39m[90m─[39m[90m─[39m[90m─[39m[90m─[39m[90m─[39m[90m─[39m[90m─[39m[90m─[39m[90m─[39m[90m─[39m[90m─[39m[90m─[39m[90m─[39m[90m─[39m[90m─[39m[90m─[39m[90m─[39m[90m─[39m[90m─[39m[90m─[39m[90m─[39m[90m─[39m[90m┐[39m
Admin UI E2E (1, chrome)	Run Cypress	2025-02-09T00:37:29.5750281Z [90m  │[39m [32m✔[39m  [0mgroup_test.spec.ts[0m                       [90m02:28[39m       [0m46[0m       [32m46[39m        [90m-[39m        [90m-[39m        [90m-[39m [90m│[39m
Admin UI E2E (1, chrome)	Run Cypress	2025-02-09T00:37:29.5757330Z [90m  ├[39m[90m─[39m[90m─[39m[90m─[39m[90m─[39m[90m─[39m[90m─[39m[90m─[39m[90m─[39m[90m─[39m[90m─[39m[90m─[39m[90m─[39m[90m─[39m[90m─[39m[90m─[39m[90m─[39m[90m─[39m[90m─[39m[90m─[39m[90m─[39m[90m─[39m[90m─[39m[90m─[39m[90m─[39m[90m─[39m[90m─[39m[90m─[39m[90m─[39m[90m─[39m[90m─[39m[90m─[39m[90m─[39m[90m─[39m[90m─[39m[90m─[39m[90m─[39m[90m─[39m[90m─[39m[90m─[39m[90m─[39m[90m─[39m[90m─[39m[90m─[39m[90m─[39m[90m─[39m[90m─[39m[90m─[39m[90m─[39m[90m─[39m[90m─[39m[90m─[39m[90m─[39m[90m─[39m[90m─[39m[90m─[39m[90m─[39m[90m─[39m[90m─[39m[90m─[39m[90m─[39m[90m─[39m[90m─[39m[90m─[39m[90m─[39m[90m─[39m[90m─[39m[90m─[39m[90m─[39m[90m─[39m[90m─[39m[90m─[39m[90m─[39m[90m─[39m[90m─[39m[90m─[39m[90m─[39m[90m─[39m[90m─[39m[90m─[39m[90m─[39m[90m─[39m[90m─[39m[90m─[39m[90m─[39m[90m─[39m[90m─[39m[90m─[39m[90m─[39m[90m─[39m[90m─[39m[90m─[39m[90m─[39m[90m─[39m[90m─[39m[90m─[39m[90m─[39m[90m┤[39m
Admin UI E2E (1, chrome)	Run Cypress	2025-02-09T00:37:29.5763713Z [90m  │[39m [32m✔[39m  [0mrealm_settings_client_profiles_test[0m      [90m01:18[39m       [0m23[0m       [32m23[39m        [90m-[39m        [90m-[39m        [90m-[39m [90m│[39m
Admin UI E2E (1, chrome)	Run Cypress	2025-02-09T00:37:29.5789283Z [90m  │[39m    [0m.spec.ts[0m                                                                                    [90m│[39m
Admin UI E2E (1, chrome)	Run Cypress	2025-02-09T00:37:29.5796443Z [90m  ├[39m[90m─[39m[90m─[39m[90m─[39m[90m─[39m[90m─[39m[90m─[39m[90m─[39m[90m─[39m[90m─[39m[90m─[39m[90m─[39m[90m─[39m[90m─[39m[90m─[39m[90m─[39m[90m─[39m[90m─[39m[90m─[39m[90m─[39m[90m─[39m[90m─[39m[90m─[39m[90m─[39m[90m─[39m[90m─[39m[90m─[39m[90m─[39m[90m─[39m[90m─[39m[90m─[39m[90m─[39m[90m─[39m[90m─[39m[90m─[39m[90m─[39m[90m─[39m[90m─[39m[90m─[39m[90m─[39m[90m─[39m[90m─[39m[90m─[39m[90m─[39m[90m─[39m[90m─[39m[90m─[39m[90m─[39m[90m─[39m[90m─[39m[90m─[39m[90m─[39m[90m─[39m[90m─[39m[90m─[39m[90m─[39m[90m─[39m[90m─[39m[90m─[39m[90m─[39m[90m─[39m[90m─[39m[90m─[39m[90m─[39m[90m─[39m[90m─[39m[90m─[39m[90m─[39m[90m─[39m[90m─[39m[90m─[39m[90m─[39m[90m─[39m[90m─[39m[90m─[39m[90m─[39m[90m─[39m[90m─[39m[90m─[39m[90m─[39m[90m─[39m[90m─[39m[90m─[39m[90m─[39m[90m─[39m[90m─[39m[90m─[39m[90m─[39m[90m─[39m[90m─[39m[90m─[39m[90m─[39m[90m─[39m[90m─[39m[90m─[39m[90m─[39m[90m─[39m[90m┤[39m
Admin UI E2E (1, chrome)	Run Cypress	2025-02-09T00:37:29.5805879Z [90m  │[39m [31m✖[39m  [0mclients_test.spec.ts[0m                     [90m04:21[39m       [0m24[0m       [32m23[39m        [31m1[39m        [90m-[39m        [90m-[39m [90m│[39m
Admin UI E2E (1, chrome)	Run Cypress	2025-02-09T00:37:29.5824443Z [90m  ├[39m[90m─[39m[90m─[39m[90m─[39m[90m─[39m[90m─[39m[90m─[39m[90m─[39m[90m─[39m[90m─[39m[90m─[39m[90m─[39m[90m─[39m[90m─[39m[90m─[39m[90m─[39m[90m─[39m[90m─[39m[90m─[39m[90m─[39m[90m─[39m[90m─[39m[90m─[39m[90m─[39m[90m─[39m[90m─[39m[90m─[39m[90m─[39m[90m─[39m[90m─[39m[90m─[39m[90m─[39m[90m─[39m[90m─[39m[90m─[39m[90m─[39m[90m─[39m[90m─[39m[90m─[39m[90m─[39m[90m─[39m[90m─[39m[90m─[39m[90m─[39m[90m─[39m[90m─[39m[90m─[39m[90m─[39m[90m─[39m[90m─[39m[90m─[39m[90m─[39m[90m─[39m[90m─[39m[90m─[39m[90m─[39m[90m─[39m[90m─[39m[90m─[39m[90m─[39m[90m─[39m[90m─[39m[90m─[39m[90m─[39m[90m─[39m[90m─[39m[90m─[39m[90m─[39m[90m─[39m[90m─[39m[90m─[39m[90m─[39m[90m─[39m[90m─[39m[90m─[39m[90m─[39m[90m─[39m[90m─[39m[90m─[39m[90m─[39m[90m─[39m[90m─[39m[90m─[39m[90m─[39m[90m─[39m[90m─[39m[90m─[39m[90m─[39m[90m─[39m[90m─[39m[90m─[39m[90m─[39m[90m─[39m[90m─[39m[90m─[39m[90m─[39m[90m─[39m[90m┤[39m
Admin UI E2E (1, chrome)	Run Cypress	2025-02-09T00:37:29.5829748Z [90m  │[39m [32m✔[39m  [0mauthentication_policies_ciba.spec.t[0m      [90m00:12[39m        [0m3[0m        [32m3[39m        [90m-[39m        [90m-[39m        [90m-[39m [90m│[39m
Admin UI E2E (1, chrome)	Run Cypress	2025-02-09T00:37:29.5834173Z [90m  │[39m    [0ms[0m                                                                                           [90m│[39m
Admin UI E2E (1, chrome)	Run Cypress	2025-02-09T00:37:29.5840921Z [90m  ├[39m[90m─[39m[90m─[39m[90m─[39m[90m─[39m[90m─[39m[90m─[39m[90m─[39m[90m─[39m[90m─[39m[90m─[39m[90m─[39m[90m─[39m[90m─[39m[90m─[39m[90m─[39m[90m─[39m[90m─[39m[90m─[39m[90m─[39m[90m─[39m[90m─[39m[90m─[39m[90m─[39m[90m─[39m[90m─[39m[90m─[39m[90m─[39m[90m─[39m[90m─[39m[90m─[39m[90m─[39m[90m─[39m[90m─[39m[90m─[39m[90m─[39m[90m─[39m[90m─[39m[90m─[39m[90m─[39m[90m─[39m[90m─[39m[90m─[39m[90m─[39m[90m─[39m[90m─[39m[90m─[39m[90m─[39m[90m─[39m[90m─[39m[90m─[39m[90m─[39m[90m─[39m[90m─[39m[90m─[39m[90m─[39m[90m─[39m[90m─[39m[90m─[39m[90m─[39m[90m─[39m[90m─[39m[90m─[39m[90m─[39m[90m─[39m[90m─[39m[90m─[39m[90m─[39m[90m─[39m[90m─[39m[90m─[39m[90m─[39m[90m─[39m[90m─[39m[90m─[39m[90m─[39m[90m─[39m[90m─[39m[90m─[39m[90m─[39m[90m─[39m[90m─[39m[90m─[39m[90m─[39m[90m─[39m[90m─[39m[90m─[39m[90m─[39m[90m─[39m[90m─[39m[90m─[39m[90m─[39m[90m─[39m[90m─[39m[90m─[39m[90m─[39m[90m─[39m[90m┤[39m
Admin UI E2E (1, chrome)	Run Cypress	2025-02-09T00:37:29.5845748Z [90m  │[39m [32m✔[39m  [0muser_fed_ldap_mapper_test.spec.ts[0m        [90m01:12[39m       [0m15[0m       [32m15[39m        [90m-[39m        [90m-[39m        [90m-[39m [90m│[39m
Admin UI E2E (1, chrome)	Run Cypress	2025-02-09T00:37:29.5854511Z [90m  └[39m[90m─[39m[90m─[39m[90m─[39m[90m─[39m[90m─[39m[90m─[39m[90m─[39m[90m─[39m[90m─[39m[90m─[39m[90m─[39m[90m─[39m[90m─[39m[90m─[39m[90m─[39m[90m─[39m[90m─[39m[90m─[39m[90m─[39m[90m─[39m[90m─[39m[90m─[39m[90m─[39m[90m─[39m[90m─[39m[90m─[39m[90m─[39m[90m─[39m[90m─[39m[90m─[39m[90m─[39m[90m─[39m[90m─[39m[90m─[39m[90m─[39m[90m─[39m[90m─[39m[90m─[39m[90m─[39m[90m─[39m[90m─[39m[90m─[39m[90m─[39m[90m─[39m[90m─[39m[90m─[39m[90m─[39m[90m─[39m[90m─[39m[90m─[39m[90m─[39m[90m─[39m[90m─[39m[90m─[39m[90m─[39m[90m─[39m[90m─[39m[90m─[39m[90m─[39m[90m─[39m[90m─[39m[90m─[39m[90m─[39m[90m─[39m[90m─[39m[90m─[39m[90m─[39m[90m─[39m[90m─[39m[90m─[39m[90m─[39m[90m─[39m[90m─[39m[90m─[39m[90m─[39m[90m─[39m[90m─[39m[90m─[39m[90m─[39m[90m─[39m[90m─[39m[90m─[39m[90m─[39m[90m─[39m[90m─[39m[90m─[39m[90m─[39m[90m─[39m[90m─[39m[90m─[39m[90m─[39m[90m─[39m[90m─[39m[90m─[39m[90m─[39m[90m─[39m[90m┘[39m
Admin UI E2E (1, chrome)	Run Cypress	2025-02-09T00:37:29.5859484Z [90m   [39m [31m✖[39m  [31m1 of 5 failed (20%)[39m                      [90m09:33[39m      [0m111[0m      [32m110[39m        [31m1[39m        [90m-[39m        [90m-[39m [90m [39m
Admin UI E2E (1, chrome)	Run Cypress	2025-02-09T00:37:29.5860667Z 
Admin UI E2E (1, chrome)	Run Cypress	2025-02-09T00:37:29.6966126Z ##[error]Cypress tests: 1 failed
Status Check - Keycloak JavaScript CI	Run /./.github/actions/status-check	2025-02-09T00:37:44.6440833Z Prepare all required actions
Status Check - Keycloak JavaScript CI	Run /./.github/actions/status-check	2025-02-09T00:37:44.6503651Z ##[group]Run ./.github/actions/status-check
Status Check - Keycloak JavaScript CI	Run /./.github/actions/status-check	2025-02-09T00:37:44.6504011Z with:
Status Check - Keycloak JavaScript CI	Run /./.github/actions/status-check	2025-02-09T00:37:44.6505185Z   jobs: {
Status Check - Keycloak JavaScript CI	Run /./.github/actions/status-check	  "conditional": {
Status Check - Keycloak JavaScript CI	Run /./.github/actions/status-check	    "result": "success",
Status Check - Keycloak JavaScript CI	Run /./.github/actions/status-check	    "outputs": {
Status Check - Keycloak JavaScript CI	Run /./.github/actions/status-check	      "js-ci": "true"
Status Check - Keycloak JavaScript CI	Run /./.github/actions/status-check	    }
Status Check - Keycloak JavaScript CI	Run /./.github/actions/status-check	  },
Status Check - Keycloak JavaScript CI	Run /./.github/actions/status-check	  "build-keycloak": {
Status Check - Keycloak JavaScript CI	Run /./.github/actions/status-check	    "result": "success",
Status Check - Keycloak JavaScript CI	Run /./.github/actions/status-check	    "outputs": {}
Status Check - Keycloak JavaScript CI	Run /./.github/actions/status-check	  },
Status Check - Keycloak JavaScript CI	Run /./.github/actions/status-check	  "admin-client": {
Status Check - Keycloak JavaScript CI	Run /./.github/actions/status-check	    "result": "success",
Status Check - Keycloak JavaScript CI	Run /./.github/actions/status-check	    "outputs": {}
Status Check - Keycloak JavaScript CI	Run /./.github/actions/status-check	  },
Status Check - Keycloak JavaScript CI	Run /./.github/actions/status-check	  "ui-shared": {
Status Check - Keycloak JavaScript CI	Run /./.github/actions/status-check	    "result": "success",
Status Check - Keycloak JavaScript CI	Run /./.github/actions/status-check	    "outputs": {}
Status Check - Keycloak JavaScript CI	Run /./.github/actions/status-check	  },
Status Check - Keycloak JavaScript CI	Run /./.github/actions/status-check	  "account-ui": {
Status Check - Keycloak JavaScript CI	Run /./.github/actions/status-check	    "result": "success",
Status Check - Keycloak JavaScript CI	Run /./.github/actions/status-check	    "outputs": {}
Status Check - Keycloak JavaScript CI	Run /./.github/actions/status-check	  },
Status Check - Keycloak JavaScript CI	Run /./.github/actions/status-check	  "account-ui-e2e": {
Status Check - Keycloak JavaScript CI	Run /./.github/actions/status-check	    "result": "success",
Status Check - Keycloak JavaScript CI	Run /./.github/actions/status-check	    "outputs": {}
Status Check - Keycloak JavaScript CI	Run /./.github/actions/status-check	  },
Status Check - Keycloak JavaScript CI	Run /./.github/actions/status-check	  "admin-ui": {
Status Check - Keycloak JavaScript CI	Run /./.github/actions/status-check	    "result": "success",
Status Check - Keycloak JavaScript CI	Run /./.github/actions/status-check	    "outputs": {}
Status Check - Keycloak JavaScript CI	Run /./.github/actions/status-check	  },
Status Check - Keycloak JavaScript CI	Run /./.github/actions/status-check	  "admin-ui-e2e": {
Status Check - Keycloak JavaScript CI	Run /./.github/actions/status-check	    "result": "failure",
Status Check - Keycloak JavaScript CI	Run /./.github/actions/status-check	    "outputs": {}
Status Check - Keycloak JavaScript CI	Run /./.github/actions/status-check	  }
Status Check - Keycloak JavaScript CI	Run /./.github/actions/status-check	}
Status Check - Keycloak JavaScript CI	Run /./.github/actions/status-check	2025-02-09T00:37:44.6506887Z env:
Status Check - Keycloak JavaScript CI	Run /./.github/actions/status-check	2025-02-09T00:37:44.6507229Z   MAVEN_ARGS: -B -nsu -Daether.connector.http.connectionMaxTtl=25
Status Check - Keycloak JavaScript CI	Run /./.github/actions/status-check	2025-02-09T00:37:44.6507613Z   RETRY_COUNT: 3
Status Check - Keycloak JavaScript CI	Run /./.github/actions/status-check	2025-02-09T00:37:44.6507860Z   COREPACK_INTEGRITY_KEYS: 0
Status Check - Keycloak JavaScript CI	Run /./.github/actions/status-check	2025-02-09T00:37:44.6508130Z ##[endgroup]
Status Check - Keycloak JavaScript CI	Run /./.github/actions/status-check	2025-02-09T00:37:44.6601495Z ##[group]Run JOBS='{
Status Check - Keycloak JavaScript CI	Run /./.github/actions/status-check	2025-02-09T00:37:44.6601904Z [36;1mJOBS='{[0m
Status Check - Keycloak JavaScript CI	Run /./.github/actions/status-check	2025-02-09T00:37:44.6602169Z [36;1m  "conditional": {[0m
Status Check - Keycloak JavaScript CI	Run /./.github/actions/status-check	2025-02-09T00:37:44.6602443Z [36;1m    "result": "success",[0m
Status Check - Keycloak JavaScript CI	Run /./.github/actions/status-check	2025-02-09T00:37:44.6602728Z [36;1m    "outputs": {[0m
Status Check - Keycloak JavaScript CI	Run /./.github/actions/status-check	2025-02-09T00:37:44.6602990Z [36;1m      "js-ci": "true"[0m
Status Check - Keycloak JavaScript CI	Run /./.github/actions/status-check	2025-02-09T00:37:44.6603276Z [36;1m    }[0m
Status Check - Keycloak JavaScript CI	Run /./.github/actions/status-check	2025-02-09T00:37:44.6603517Z [36;1m  },[0m
Status Check - Keycloak JavaScript CI	Run /./.github/actions/status-check	2025-02-09T00:37:44.6603739Z [36;1m  "build-keycloak": {[0m
Status Check - Keycloak JavaScript CI	Run /./.github/actions/status-check	2025-02-09T00:37:44.6604014Z [36;1m    "result": "success",[0m
Status Check - Keycloak JavaScript CI	Run /./.github/actions/status-check	2025-02-09T00:37:44.6604300Z [36;1m    "outputs": {}[0m
Status Check - Keycloak JavaScript CI	Run /./.github/actions/status-check	2025-02-09T00:37:44.6604549Z [36;1m  },[0m
Status Check - Keycloak JavaScript CI	Run /./.github/actions/status-check	2025-02-09T00:37:44.6604799Z [36;1m  "admin-client": {[0m
Status Check - Keycloak JavaScript CI	Run /./.github/actions/status-check	2025-02-09T00:37:44.6605057Z [36;1m    "result": "success",[0m
Status Check - Keycloak JavaScript CI	Run /./.github/actions/status-check	2025-02-09T00:37:44.6605331Z [36;1m    "outputs": {}[0m
Status Check - Keycloak JavaScript CI	Run /./.github/actions/status-check	2025-02-09T00:37:44.6605569Z [36;1m  },[0m
Status Check - Keycloak JavaScript CI	Run /./.github/actions/status-check	2025-02-09T00:37:44.6605792Z [36;1m  "ui-shared": {[0m
Status Check - Keycloak JavaScript CI	Run /./.github/actions/status-check	2025-02-09T00:37:44.6606045Z [36;1m    "result": "success",[0m
Status Check - Keycloak JavaScript CI	Run /./.github/actions/status-check	2025-02-09T00:37:44.6606327Z [36;1m    "outputs": {}[0m
Status Check - Keycloak JavaScript CI	Run /./.github/actions/status-check	2025-02-09T00:37:44.6606575Z [36;1m  },[0m
Status Check - Keycloak JavaScript CI	Run /./.github/actions/status-check	2025-02-09T00:37:44.6606939Z [36;1m  "account-ui": {[0m
Status Check - Keycloak JavaScript CI	Run /./.github/actions/status-check	2025-02-09T00:37:44.6607204Z [36;1m    "result": "success",[0m
Status Check - Keycloak JavaScript CI	Run /./.github/actions/status-check	2025-02-09T00:37:44.6607469Z [36;1m    "outputs": {}[0m
Status Check - Keycloak JavaScript CI	Run /./.github/actions/status-check	2025-02-09T00:37:44.6607705Z [36;1m  },[0m
Status Check - Keycloak JavaScript CI	Run /./.github/actions/status-check	2025-02-09T00:37:44.6607933Z [36;1m  "account-ui-e2e": {[0m
Status Check - Keycloak JavaScript CI	Run /./.github/actions/status-check	2025-02-09T00:37:44.6608202Z [36;1m    "result": "success",[0m
Status Check - Keycloak JavaScript CI	Run /./.github/actions/status-check	2025-02-09T00:37:44.6608468Z [36;1m    "outputs": {}[0m
Status Check - Keycloak JavaScript CI	Run /./.github/actions/status-check	2025-02-09T00:37:44.6608711Z [36;1m  },[0m
Status Check - Keycloak JavaScript CI	Run /./.github/actions/status-check	2025-02-09T00:37:44.6608928Z [36;1m  "admin-ui": {[0m
Status Check - Keycloak JavaScript CI	Run /./.github/actions/status-check	2025-02-09T00:37:44.6609177Z [36;1m    "result": "success",[0m
Status Check - Keycloak JavaScript CI	Run /./.github/actions/status-check	2025-02-09T00:37:44.6609458Z [36;1m    "outputs": {}[0m
Status Check - Keycloak JavaScript CI	Run /./.github/actions/status-check	2025-02-09T00:37:44.6609704Z [36;1m  },[0m
Status Check - Keycloak JavaScript CI	Run /./.github/actions/status-check	2025-02-09T00:37:44.6609933Z [36;1m  "admin-ui-e2e": {[0m
Status Check - Keycloak JavaScript CI	Run /./.github/actions/status-check	2025-02-09T00:37:44.6610194Z [36;1m    "result": "failure",[0m
Status Check - Keycloak JavaScript CI	Run /./.github/actions/status-check	2025-02-09T00:37:44.6610463Z [36;1m    "outputs": {}[0m
Status Check - Keycloak JavaScript CI	Run /./.github/actions/status-check	2025-02-09T00:37:44.6610704Z [36;1m  }[0m
Status Check - Keycloak JavaScript CI	Run /./.github/actions/status-check	2025-02-09T00:37:44.6610916Z [36;1m}'[0m
Status Check - Keycloak JavaScript CI	Run /./.github/actions/status-check	2025-02-09T00:37:44.6611138Z [36;1m[0m
Status Check - Keycloak JavaScript CI	Run /./.github/actions/status-check	2025-02-09T00:37:44.6611353Z [36;1mecho "Job status:"[0m
Status Check - Keycloak JavaScript CI	Run /./.github/actions/status-check	2025-02-09T00:37:44.6611734Z [36;1mecho $JOBS | jq -r 'to_entries[] | " - \(.key): \(.value.result)"'[0m
Status Check - Keycloak JavaScript CI	Run /./.github/actions/status-check	2025-02-09T00:37:44.6612174Z [36;1m[0m
Status Check - Keycloak JavaScript CI	Run /./.github/actions/status-check	2025-02-09T00:37:44.6612474Z [36;1mfor i in $(echo $JOBS | jq -r 'to_entries[] | .value.result'); do[0m
Status Check - Keycloak JavaScript CI	Run /./.github/actions/status-check	2025-02-09T00:37:44.6612900Z [36;1m  if [ "$i" != "success" ] && [ "$i" != "skipped" ]; then[0m
Status Check - Keycloak JavaScript CI	Run /./.github/actions/status-check	2025-02-09T00:37:44.6613216Z [36;1m    echo ""[0m
Status Check - Keycloak JavaScript CI	Run /./.github/actions/status-check	2025-02-09T00:37:44.6613475Z [36;1m    echo "Status check not okay!"[0m
Status Check - Keycloak JavaScript CI	Run /./.github/actions/status-check	2025-02-09T00:37:44.6613767Z [36;1m    exit 1[0m
Status Check - Keycloak JavaScript CI	Run /./.github/actions/status-check	2025-02-09T00:37:44.6613999Z [36;1m  fi[0m
Status Check - Keycloak JavaScript CI	Run /./.github/actions/status-check	2025-02-09T00:37:44.6614219Z [36;1mdone[0m
Status Check - Keycloak JavaScript CI	Run /./.github/actions/status-check	2025-02-09T00:37:44.6646328Z shell: /usr/bin/bash --noprofile --norc -e -o pipefail {0}
Status Check - Keycloak JavaScript CI	Run /./.github/actions/status-check	2025-02-09T00:37:44.6646886Z env:
Status Check - Keycloak JavaScript CI	Run /./.github/actions/status-check	2025-02-09T00:37:44.6647216Z   MAVEN_ARGS: -B -nsu -Daether.connector.http.connectionMaxTtl=25
Status Check - Keycloak JavaScript CI	Run /./.github/actions/status-check	2025-02-09T00:37:44.6647655Z   RETRY_COUNT: 3
Status Check - Keycloak JavaScript CI	Run /./.github/actions/status-check	2025-02-09T00:37:44.6647892Z   COREPACK_INTEGRITY_KEYS: 0
Status Check - Keycloak JavaScript CI	Run /./.github/actions/status-check	2025-02-09T00:37:44.6648402Z ##[endgroup]
Status Check - Keycloak JavaScript CI	Run /./.github/actions/status-check	2025-02-09T00:37:44.6714779Z Job status:
Status Check - Keycloak JavaScript CI	Run /./.github/actions/status-check	2025-02-09T00:37:44.6748342Z  - conditional: success
Status Check - Keycloak JavaScript CI	Run /./.github/actions/status-check	2025-02-09T00:37:44.6748772Z  - build-keycloak: success
Status Check - Keycloak JavaScript CI	Run /./.github/actions/status-check	2025-02-09T00:37:44.6749070Z  - admin-client: success
Status Check - Keycloak JavaScript CI	Run /./.github/actions/status-check	2025-02-09T00:37:44.6749337Z  - ui-shared: success
Status Check - Keycloak JavaScript CI	Run /./.github/actions/status-check	2025-02-09T00:37:44.6749584Z  - account-ui: success
Status Check - Keycloak JavaScript CI	Run /./.github/actions/status-check	2025-02-09T00:37:44.6749837Z  - account-ui-e2e: success
Status Check - Keycloak JavaScript CI	Run /./.github/actions/status-check	2025-02-09T00:37:44.6750103Z  - admin-ui: success
Status Check - Keycloak JavaScript CI	Run /./.github/actions/status-check	2025-02-09T00:37:44.6750350Z  - admin-ui-e2e: failure
Status Check - Keycloak JavaScript CI	Run /./.github/actions/status-check	2025-02-09T00:37:44.6782678Z 
Status Check - Keycloak JavaScript CI	Run /./.github/actions/status-check	2025-02-09T00:37:44.6783098Z Status check not okay!
Status Check - Keycloak JavaScript CI	Run /./.github/actions/status-check	2025-02-09T00:37:44.6795481Z ##[error]Process completed with exit code 1.
