Base IT (new)	Run tests	2025-05-02T00:32:40.9250142Z ##[group]Run ./mvnw package -f tests/pom.xml
Base IT (new)	Run tests	2025-05-02T00:32:40.9250891Z [36;1m./mvnw package -f tests/pom.xml[0m
Base IT (new)	Run tests	2025-05-02T00:32:40.9295592Z shell: /usr/bin/bash --noprofile --norc -e -o pipefail {0}
Base IT (new)	Run tests	2025-05-02T00:32:40.9296180Z env:
Base IT (new)	Run tests	2025-05-02T00:32:40.9296840Z   MAVEN_ARGS: -B -nsu -Daether.connector.http.connectionMaxTtl=25
Base IT (new)	Run tests	2025-05-02T00:32:40.9297495Z   SUREFIRE_RERUN_FAILING_COUNT: 2
Base IT (new)	Run tests	2025-05-02T00:32:40.9298057Z   SUREFIRE_RETRY: -Dsurefire.rerunFailingTestsCount=2
Base IT (new)	Run tests	2025-05-02T00:32:40.9298810Z   JAVA_HOME: /opt/hostedtoolcache/Java_Temurin-Hotspot_jdk/21.0.7-6/x64
Base IT (new)	Run tests	2025-05-02T00:32:40.9299657Z   JAVA_HOME_21_X64: /opt/hostedtoolcache/Java_Temurin-Hotspot_jdk/21.0.7-6/x64
Base IT (new)	Run tests	2025-05-02T00:32:40.9300316Z ##[endgroup]
Base IT (new)	Run tests	2025-05-02T00:32:47.5406323Z [INFO] Loading cache configuration from /home/runner/work/keycloak/keycloak/.mvn/maven-build-cache-config.xml
Base IT (new)	Run tests	2025-05-02T00:32:47.5614075Z [INFO] Scanning for projects...
Base IT (new)	Run tests	2025-05-02T00:32:47.7229848Z [INFO] ------------------------------------------------------------------------
Base IT (new)	Run tests	2025-05-02T00:32:47.7240006Z [INFO] Reactor Build Order:
Base IT (new)	Run tests	2025-05-02T00:32:47.7240550Z [INFO] 
Base IT (new)	Run tests	2025-05-02T00:32:47.7241155Z [INFO] Keycloak Tests Parent                                              [pom]
Base IT (new)	Run tests	2025-05-02T00:32:47.7242101Z [INFO] Keycloak Testsuite Utilities                                       [jar]
Base IT (new)	Run tests	2025-05-02T00:32:47.7243062Z [INFO] Keycloak Testsuite Utilities Shared                                [jar]
Base IT (new)	Run tests	2025-05-02T00:32:47.7244070Z [INFO] Keycloak Testsuite Custom Providers                                [jar]
Base IT (new)	Run tests	2025-05-02T00:32:47.7245008Z [INFO] New Keycloak Base Testsuite                                        [jar]
Base IT (new)	Run tests	2025-05-02T00:32:47.7344221Z [INFO] 
Base IT (new)	Run tests	2025-05-02T00:32:47.7344987Z [INFO] --------------< org.keycloak.tests:keycloak-tests-parent >--------------
Base IT (new)	Run tests	2025-05-02T00:32:47.7346015Z [INFO] Building Keycloak Tests Parent 999.0.0-SNAPSHOT                    [1/5]
Base IT (new)	Run tests	2025-05-02T00:32:47.7346980Z [INFO]   from pom.xml
Base IT (new)	Run tests	2025-05-02T00:32:47.7348087Z [INFO] --------------------------------[ pom ]---------------------------------
Base IT (new)	Run tests	2025-05-02T00:32:47.8306885Z [INFO] 
Base IT (new)	Run tests	2025-05-02T00:32:47.8311517Z [INFO] --- enforcer:3.0.0-M3:enforce (enforce-java-version) @ keycloak-tests-parent ---
Base IT (new)	Run tests	2025-05-02T00:32:48.1044068Z [INFO] 
Base IT (new)	Run tests	2025-05-02T00:32:48.1045878Z [INFO] --- enforcer:3.0.0-M3:enforce (enforce-maven-version) @ keycloak-tests-parent ---
Base IT (new)	Run tests	2025-05-02T00:32:48.1064247Z [INFO] 
Base IT (new)	Run tests	2025-05-02T00:32:48.1065406Z [INFO] --- buildnumber:1.4:create (get-scm-revision) @ keycloak-tests-parent ---
Base IT (new)	Run tests	2025-05-02T00:32:48.3800197Z [INFO] Executing: /bin/sh -c cd '/home/runner/work/keycloak/keycloak/tests' && 'git' 'rev-parse' '--verify' 'HEAD'
Base IT (new)	Run tests	2025-05-02T00:32:48.3803439Z [INFO] Working directory: /home/runner/work/keycloak/keycloak/tests
Base IT (new)	Run tests	2025-05-02T00:32:48.4907070Z [INFO] Storing buildNumber: f58a998426b3d3bfea5c4a5af72943e0c2d2aa79 at timestamp: 1746145968363
Base IT (new)	Run tests	2025-05-02T00:32:48.4968500Z [INFO] Storing buildScmBranch: main
Base IT (new)	Run tests	2025-05-02T00:32:48.4978857Z [INFO] 
Base IT (new)	Run tests	2025-05-02T00:32:48.4980819Z [INFO] --- source:3.1.0:jar-no-fork (attach-sources) @ keycloak-tests-parent ---
Base IT (new)	Run tests	2025-05-02T00:32:48.6138143Z [INFO] 
Base IT (new)	Run tests	2025-05-02T00:32:48.6139306Z [INFO] --------------< org.keycloak.tests:keycloak-tests-utils >---------------
Base IT (new)	Run tests	2025-05-02T00:32:48.6140537Z [INFO] Building Keycloak Testsuite Utilities 999.0.0-SNAPSHOT             [2/5]
Base IT (new)	Run tests	2025-05-02T00:32:48.6141575Z [INFO]   from utils/pom.xml
Base IT (new)	Run tests	2025-05-02T00:32:48.6142398Z [INFO] --------------------------------[ jar ]---------------------------------
Base IT (new)	Run tests	2025-05-02T00:32:50.6363976Z [INFO] 
Base IT (new)	Run tests	2025-05-02T00:32:50.6365136Z [INFO] --- enforcer:3.0.0-M3:enforce (enforce-java-version) @ keycloak-tests-utils ---
Base IT (new)	Run tests	2025-05-02T00:32:50.6395231Z [INFO] 
Base IT (new)	Run tests	2025-05-02T00:32:50.6397353Z [INFO] --- enforcer:3.0.0-M3:enforce (enforce-maven-version) @ keycloak-tests-utils ---
Base IT (new)	Run tests	2025-05-02T00:32:50.6403551Z [INFO] 
Base IT (new)	Run tests	2025-05-02T00:32:50.6404467Z [INFO] --- buildnumber:1.4:create (get-scm-revision) @ keycloak-tests-utils ---
Base IT (new)	Run tests	2025-05-02T00:32:50.6423068Z [INFO] 
Base IT (new)	Run tests	2025-05-02T00:32:50.6425065Z [INFO] --- resources:3.2.0:resources (default-resources) @ keycloak-tests-utils ---
Base IT (new)	Run tests	2025-05-02T00:32:50.7145086Z [INFO] Using 'UTF-8' encoding to copy filtered resources.
Base IT (new)	Run tests	2025-05-02T00:32:50.7148149Z [INFO] Using 'UTF-8' encoding to copy filtered properties files.
Base IT (new)	Run tests	2025-05-02T00:32:50.7154649Z [INFO] skip non existing resourceDirectory /home/runner/work/keycloak/keycloak/tests/utils/src/main/resources
Base IT (new)	Run tests	2025-05-02T00:32:50.7155555Z [INFO] 
Base IT (new)	Run tests	2025-05-02T00:32:50.7156108Z [INFO] --- compiler:3.8.1:compile (default-compile) @ keycloak-tests-utils ---
Base IT (new)	Run tests	2025-05-02T00:32:50.7846166Z [INFO] Changes detected - recompiling the module!
Base IT (new)	Run tests	2025-05-02T00:32:50.7855398Z [INFO] Compiling 15 source files to /home/runner/work/keycloak/keycloak/tests/utils/target/classes
Base IT (new)	Run tests	2025-05-02T00:32:54.2496372Z [INFO] Annotation processing is enabled because one or more processors were found
Base IT (new)	Run tests	2025-05-02T00:32:54.2497969Z   on the class path. A future release of javac may disable annotation processing
Base IT (new)	Run tests	2025-05-02T00:32:54.2499070Z   unless at least one processor is specified by name (-processor), or a search
Base IT (new)	Run tests	2025-05-02T00:32:54.2500166Z   path is specified (--processor-path, --processor-module-path), or annotation
Base IT (new)	Run tests	2025-05-02T00:32:54.2501155Z   processing is enabled explicitly (-proc:only, -proc:full).
Base IT (new)	Run tests	2025-05-02T00:32:54.2508398Z   Use -Xlint:-options to suppress this message.
Base IT (new)	Run tests	2025-05-02T00:32:54.2520721Z   Use -proc:none to disable annotation processing.
Base IT (new)	Run tests	2025-05-02T00:32:54.2522343Z [WARNING] /home/runner/work/keycloak/keycloak/tests/utils/src/main/java/org/keycloak/tests/utils/matchers/SamlStatusResponseTypeMatcher.java:[30,31] unchecked conversion
Base IT (new)	Run tests	2025-05-02T00:32:54.2524069Z   required: java.util.List<org.hamcrest.Matcher<java.net.URI>>
Base IT (new)	Run tests	2025-05-02T00:32:54.2524720Z   found:    java.util.ArrayList
Base IT (new)	Run tests	2025-05-02T00:32:54.2525151Z [INFO] 
Base IT (new)	Run tests	2025-05-02T00:32:54.2525843Z [INFO] --- resources:3.2.0:testResources (default-testResources) @ keycloak-tests-utils ---
Base IT (new)	Run tests	2025-05-02T00:32:54.2560762Z [INFO] Using 'UTF-8' encoding to copy filtered resources.
Base IT (new)	Run tests	2025-05-02T00:32:54.2564287Z [INFO] Using 'UTF-8' encoding to copy filtered properties files.
Base IT (new)	Run tests	2025-05-02T00:32:54.2565426Z [INFO] skip non existing resourceDirectory /home/runner/work/keycloak/keycloak/tests/utils/src/test/resources
Base IT (new)	Run tests	2025-05-02T00:32:54.2566357Z [INFO] 
Base IT (new)	Run tests	2025-05-02T00:32:54.2567197Z [INFO] --- compiler:3.8.1:testCompile (default-testCompile) @ keycloak-tests-utils ---
Base IT (new)	Run tests	2025-05-02T00:32:54.2602476Z [INFO] No sources to compile
Base IT (new)	Run tests	2025-05-02T00:32:54.2606567Z [INFO] 
Base IT (new)	Run tests	2025-05-02T00:32:54.2611030Z [INFO] --- surefire:3.0.0-M7:test (default-test) @ keycloak-tests-utils ---
Base IT (new)	Run tests	2025-05-02T00:32:54.3844809Z [INFO] No tests to run.
Base IT (new)	Run tests	2025-05-02T00:32:54.3966921Z [INFO] 
Base IT (new)	Run tests	2025-05-02T00:32:54.3971669Z [INFO] --- jar:3.1.2:jar (default-jar) @ keycloak-tests-utils ---
Base IT (new)	Run tests	2025-05-02T00:32:54.6231644Z [INFO] Building jar: /home/runner/work/keycloak/keycloak/tests/utils/target/keycloak-tests-utils-999.0.0-SNAPSHOT.jar
Base IT (new)	Run tests	2025-05-02T00:32:54.6624049Z [INFO] 
Base IT (new)	Run tests	2025-05-02T00:32:54.6627899Z [INFO] --- source:3.1.0:jar-no-fork (attach-sources) @ keycloak-tests-utils ---
Base IT (new)	Run tests	2025-05-02T00:32:54.6931859Z [INFO] Building jar: /home/runner/work/keycloak/keycloak/tests/utils/target/keycloak-tests-utils-999.0.0-SNAPSHOT-sources.jar
Base IT (new)	Run tests	2025-05-02T00:32:54.7239265Z [INFO] 
Base IT (new)	Run tests	2025-05-02T00:32:54.7240105Z [INFO] -----------< org.keycloak.tests:keycloak-tests-utils-shared >-----------
Base IT (new)	Run tests	2025-05-02T00:32:54.7242396Z [INFO] Building Keycloak Testsuite Utilities Shared 999.0.0-SNAPSHOT      [3/5]
Base IT (new)	Run tests	2025-05-02T00:32:54.7243747Z [INFO]   from utils-shared/pom.xml
Base IT (new)	Run tests	2025-05-02T00:32:54.7244581Z [INFO] --------------------------------[ jar ]---------------------------------
Base IT (new)	Run tests	2025-05-02T00:32:54.7908415Z [INFO] 
Base IT (new)	Run tests	2025-05-02T00:32:54.7909658Z [INFO] --- enforcer:3.0.0-M3:enforce (enforce-java-version) @ keycloak-tests-utils-shared ---
Base IT (new)	Run tests	2025-05-02T00:32:54.7912433Z [INFO] 
Base IT (new)	Run tests	2025-05-02T00:32:54.7913584Z [INFO] --- enforcer:3.0.0-M3:enforce (enforce-maven-version) @ keycloak-tests-utils-shared ---
Base IT (new)	Run tests	2025-05-02T00:32:54.7919875Z [INFO] 
Base IT (new)	Run tests	2025-05-02T00:32:54.7920515Z [INFO] --- buildnumber:1.4:create (get-scm-revision) @ keycloak-tests-utils-shared ---
Base IT (new)	Run tests	2025-05-02T00:32:54.7932629Z [INFO] 
Base IT (new)	Run tests	2025-05-02T00:32:54.7933580Z [INFO] --- resources:3.2.0:resources (default-resources) @ keycloak-tests-utils-shared ---
Base IT (new)	Run tests	2025-05-02T00:32:54.7945371Z [INFO] Using 'UTF-8' encoding to copy filtered resources.
Base IT (new)	Run tests	2025-05-02T00:32:54.7946380Z [INFO] Using 'UTF-8' encoding to copy filtered properties files.
Base IT (new)	Run tests	2025-05-02T00:32:54.7949390Z [INFO] skip non existing resourceDirectory /home/runner/work/keycloak/keycloak/tests/utils-shared/src/main/resources
Base IT (new)	Run tests	2025-05-02T00:32:54.7950367Z [INFO] 
Base IT (new)	Run tests	2025-05-02T00:32:54.7950969Z [INFO] --- compiler:3.8.1:compile (default-compile) @ keycloak-tests-utils-shared ---
Base IT (new)	Run tests	2025-05-02T00:32:54.8073796Z [INFO] Changes detected - recompiling the module!
Base IT (new)	Run tests	2025-05-02T00:32:54.8079627Z [INFO] Compiling 52 source files to /home/runner/work/keycloak/keycloak/tests/utils-shared/target/classes
Base IT (new)	Run tests	2025-05-02T00:32:55.4671876Z [INFO] Annotation processing is enabled because one or more processors were found
Base IT (new)	Run tests	2025-05-02T00:32:55.4689786Z   on the class path. A future release of javac may disable annotation processing
Base IT (new)	Run tests	2025-05-02T00:32:55.4690788Z   unless at least one processor is specified by name (-processor), or a search
Base IT (new)	Run tests	2025-05-02T00:32:55.4691704Z   path is specified (--processor-path, --processor-module-path), or annotation
Base IT (new)	Run tests	2025-05-02T00:32:55.4705925Z   processing is enabled explicitly (-proc:only, -proc:full).
Base IT (new)	Run tests	2025-05-02T00:32:55.4706895Z   Use -Xlint:-options to suppress this message.
Base IT (new)	Run tests	2025-05-02T00:32:55.4707540Z   Use -proc:none to disable annotation processing.
Base IT (new)	Run tests	2025-05-02T00:32:55.4708092Z [INFO] 
Base IT (new)	Run tests	2025-05-02T00:32:55.4708798Z [INFO] --- resources:3.2.0:testResources (default-testResources) @ keycloak-tests-utils-shared ---
Base IT (new)	Run tests	2025-05-02T00:32:55.4709779Z [INFO] Using 'UTF-8' encoding to copy filtered resources.
Base IT (new)	Run tests	2025-05-02T00:32:55.4710505Z [INFO] Using 'UTF-8' encoding to copy filtered properties files.
Base IT (new)	Run tests	2025-05-02T00:32:55.4711626Z [INFO] skip non existing resourceDirectory /home/runner/work/keycloak/keycloak/tests/utils-shared/src/test/resources
Base IT (new)	Run tests	2025-05-02T00:32:55.4712938Z [INFO] 
Base IT (new)	Run tests	2025-05-02T00:32:55.4713609Z [INFO] --- compiler:3.8.1:testCompile (default-testCompile) @ keycloak-tests-utils-shared ---
Base IT (new)	Run tests	2025-05-02T00:32:55.4740020Z [INFO] No sources to compile
Base IT (new)	Run tests	2025-05-02T00:32:55.4767465Z [INFO] 
Base IT (new)	Run tests	2025-05-02T00:32:55.4768269Z [INFO] --- surefire:3.0.0-M7:test (default-test) @ keycloak-tests-utils-shared ---
Base IT (new)	Run tests	2025-05-02T00:32:55.4770719Z [INFO] No tests to run.
Base IT (new)	Run tests	2025-05-02T00:32:55.4782988Z [INFO] 
Base IT (new)	Run tests	2025-05-02T00:32:55.4784995Z [INFO] --- jar:3.1.2:jar (default-jar) @ keycloak-tests-utils-shared ---
Base IT (new)	Run tests	2025-05-02T00:32:55.4883467Z [INFO] Building jar: /home/runner/work/keycloak/keycloak/tests/utils-shared/target/keycloak-tests-utils-shared-999.0.0-SNAPSHOT.jar
Base IT (new)	Run tests	2025-05-02T00:32:55.5169336Z [INFO] 
Base IT (new)	Run tests	2025-05-02T00:32:55.5171556Z [INFO] --- source:3.1.0:jar-no-fork (attach-sources) @ keycloak-tests-utils-shared ---
Base IT (new)	Run tests	2025-05-02T00:32:55.5441334Z [INFO] Building jar: /home/runner/work/keycloak/keycloak/tests/utils-shared/target/keycloak-tests-utils-shared-999.0.0-SNAPSHOT-sources.jar
Base IT (new)	Run tests	2025-05-02T00:32:55.5597539Z [INFO] 
Base IT (new)	Run tests	2025-05-02T00:32:55.5598656Z [INFO] ---------< org.keycloak.tests:keycloak-tests-custom-providers >---------
Base IT (new)	Run tests	2025-05-02T00:32:55.5600119Z [INFO] Building Keycloak Testsuite Custom Providers 999.0.0-SNAPSHOT      [4/5]
Base IT (new)	Run tests	2025-05-02T00:32:55.5601058Z [INFO]   from custom-providers/pom.xml
Base IT (new)	Run tests	2025-05-02T00:32:55.5601902Z [INFO] --------------------------------[ jar ]---------------------------------
Base IT (new)	Run tests	2025-05-02T00:32:55.5693642Z [INFO] 
Base IT (new)	Run tests	2025-05-02T00:32:55.5703567Z [INFO] --- enforcer:3.0.0-M3:enforce (enforce-java-version) @ keycloak-tests-custom-providers ---
Base IT (new)	Run tests	2025-05-02T00:32:55.5713250Z [INFO] 
Base IT (new)	Run tests	2025-05-02T00:32:55.5717983Z [INFO] --- enforcer:3.0.0-M3:enforce (enforce-maven-version) @ keycloak-tests-custom-providers ---
Base IT (new)	Run tests	2025-05-02T00:32:55.5734175Z [INFO] 
Base IT (new)	Run tests	2025-05-02T00:32:55.5737009Z [INFO] --- buildnumber:1.4:create (get-scm-revision) @ keycloak-tests-custom-providers ---
Base IT (new)	Run tests	2025-05-02T00:32:55.5738454Z [INFO] 
Base IT (new)	Run tests	2025-05-02T00:32:55.5739477Z [INFO] --- resources:3.2.0:resources (default-resources) @ keycloak-tests-custom-providers ---
Base IT (new)	Run tests	2025-05-02T00:32:55.5744568Z [INFO] Using 'UTF-8' encoding to copy filtered resources.
Base IT (new)	Run tests	2025-05-02T00:32:55.5745815Z [INFO] Using 'UTF-8' encoding to copy filtered properties files.
Base IT (new)	Run tests	2025-05-02T00:32:55.5775695Z [INFO] Copying 1 resource
Base IT (new)	Run tests	2025-05-02T00:32:55.5817530Z [INFO] 
Base IT (new)	Run tests	2025-05-02T00:32:55.5819643Z [INFO] --- compiler:3.8.1:compile (default-compile) @ keycloak-tests-custom-providers ---
Base IT (new)	Run tests	2025-05-02T00:32:55.5850514Z [INFO] Changes detected - recompiling the module!
Base IT (new)	Run tests	2025-05-02T00:32:55.5855066Z [INFO] Compiling 2 source files to /home/runner/work/keycloak/keycloak/tests/custom-providers/target/classes
Base IT (new)	Run tests	2025-05-02T00:32:55.6442904Z [INFO] 
Base IT (new)	Run tests	2025-05-02T00:32:55.6445860Z [INFO] --- resources:3.2.0:testResources (default-testResources) @ keycloak-tests-custom-providers ---
Base IT (new)	Run tests	2025-05-02T00:32:55.6457040Z [INFO] Using 'UTF-8' encoding to copy filtered resources.
Base IT (new)	Run tests	2025-05-02T00:32:55.6459349Z [INFO] Using 'UTF-8' encoding to copy filtered properties files.
Base IT (new)	Run tests	2025-05-02T00:32:55.6460929Z [INFO] skip non existing resourceDirectory /home/runner/work/keycloak/keycloak/tests/custom-providers/src/test/resources
Base IT (new)	Run tests	2025-05-02T00:32:55.6463185Z [INFO] 
Base IT (new)	Run tests	2025-05-02T00:32:55.6467677Z [INFO] --- compiler:3.8.1:testCompile (default-testCompile) @ keycloak-tests-custom-providers ---
Base IT (new)	Run tests	2025-05-02T00:32:55.6473514Z [INFO] No sources to compile
Base IT (new)	Run tests	2025-05-02T00:32:55.6475885Z [INFO] 
Base IT (new)	Run tests	2025-05-02T00:32:55.6477162Z [INFO] --- surefire:3.0.0-M7:test (default-test) @ keycloak-tests-custom-providers ---
Base IT (new)	Run tests	2025-05-02T00:32:55.6501107Z [INFO] No tests to run.
Base IT (new)	Run tests	2025-05-02T00:32:55.6509798Z [INFO] 
Base IT (new)	Run tests	2025-05-02T00:32:55.6511985Z [INFO] --- jar:3.1.2:jar (default-jar) @ keycloak-tests-custom-providers ---
Base IT (new)	Run tests	2025-05-02T00:32:55.6552874Z [INFO] Building jar: /home/runner/work/keycloak/keycloak/tests/custom-providers/target/keycloak-tests-custom-providers-999.0.0-SNAPSHOT.jar
Base IT (new)	Run tests	2025-05-02T00:32:55.6662620Z [INFO] 
Base IT (new)	Run tests	2025-05-02T00:32:55.6666218Z [INFO] --- source:3.1.0:jar-no-fork (attach-sources) @ keycloak-tests-custom-providers ---
Base IT (new)	Run tests	2025-05-02T00:32:55.6740995Z [INFO] Building jar: /home/runner/work/keycloak/keycloak/tests/custom-providers/target/keycloak-tests-custom-providers-999.0.0-SNAPSHOT-sources.jar
Base IT (new)	Run tests	2025-05-02T00:32:55.6807636Z [INFO] 
Base IT (new)	Run tests	2025-05-02T00:32:55.6812958Z [INFO] ---------------< org.keycloak.tests:keycloak-tests-base >---------------
Base IT (new)	Run tests	2025-05-02T00:32:55.6819136Z [INFO] Building New Keycloak Base Testsuite 999.0.0-SNAPSHOT              [5/5]
Base IT (new)	Run tests	2025-05-02T00:32:55.6819938Z [INFO]   from base/pom.xml
Base IT (new)	Run tests	2025-05-02T00:32:55.6820488Z [INFO] --------------------------------[ jar ]---------------------------------
Base IT (new)	Run tests	2025-05-02T00:32:55.9758760Z [INFO] 
Base IT (new)	Run tests	2025-05-02T00:32:55.9760182Z [INFO] --- enforcer:3.0.0-M3:enforce (enforce-java-version) @ keycloak-tests-base ---
Base IT (new)	Run tests	2025-05-02T00:32:55.9774007Z [INFO] 
Base IT (new)	Run tests	2025-05-02T00:32:55.9783378Z [INFO] --- enforcer:3.0.0-M3:enforce (enforce-maven-version) @ keycloak-tests-base ---
Base IT (new)	Run tests	2025-05-02T00:32:55.9784391Z [INFO] 
Base IT (new)	Run tests	2025-05-02T00:32:55.9786559Z [INFO] --- buildnumber:1.4:create (get-scm-revision) @ keycloak-tests-base ---
Base IT (new)	Run tests	2025-05-02T00:32:55.9796194Z [INFO] 
Base IT (new)	Run tests	2025-05-02T00:32:55.9797871Z [INFO] --- resources:3.2.0:resources (default-resources) @ keycloak-tests-base ---
Base IT (new)	Run tests	2025-05-02T00:32:55.9810261Z [INFO] Using 'UTF-8' encoding to copy filtered resources.
Base IT (new)	Run tests	2025-05-02T00:32:55.9823738Z [INFO] Using 'UTF-8' encoding to copy filtered properties files.
Base IT (new)	Run tests	2025-05-02T00:32:55.9826281Z [INFO] skip non existing resourceDirectory /home/runner/work/keycloak/keycloak/tests/base/src/main/resources
Base IT (new)	Run tests	2025-05-02T00:32:55.9827416Z [INFO] 
Base IT (new)	Run tests	2025-05-02T00:32:55.9827983Z [INFO] --- compiler:3.8.1:compile (default-compile) @ keycloak-tests-base ---
Base IT (new)	Run tests	2025-05-02T00:32:55.9831289Z [INFO] No sources to compile
Base IT (new)	Run tests	2025-05-02T00:32:55.9838095Z [INFO] 
Base IT (new)	Run tests	2025-05-02T00:32:55.9839845Z [INFO] --- resources:3.2.0:testResources (default-testResources) @ keycloak-tests-base ---
Base IT (new)	Run tests	2025-05-02T00:32:55.9842490Z [INFO] Using 'UTF-8' encoding to copy filtered resources.
Base IT (new)	Run tests	2025-05-02T00:32:55.9843441Z [INFO] Using 'UTF-8' encoding to copy filtered properties files.
Base IT (new)	Run tests	2025-05-02T00:32:55.9859467Z [INFO] Copying 6 resources
Base IT (new)	Run tests	2025-05-02T00:32:55.9889113Z [INFO] 
Base IT (new)	Run tests	2025-05-02T00:32:55.9890076Z [INFO] --- compiler:3.8.1:testCompile (default-testCompile) @ keycloak-tests-base ---
Base IT (new)	Run tests	2025-05-02T00:32:56.0016980Z [INFO] Changes detected - recompiling the module!
Base IT (new)	Run tests	2025-05-02T00:32:56.0029818Z [INFO] Compiling 88 source files to /home/runner/work/keycloak/keycloak/tests/base/target/test-classes
Base IT (new)	Run tests	2025-05-02T00:32:59.6397360Z [INFO] Annotation processing is enabled because one or more processors were found
Base IT (new)	Run tests	2025-05-02T00:32:59.6398501Z   on the class path. A future release of javac may disable annotation processing
Base IT (new)	Run tests	2025-05-02T00:32:59.6399486Z   unless at least one processor is specified by name (-processor), or a search
Base IT (new)	Run tests	2025-05-02T00:32:59.6400419Z   path is specified (--processor-path, --processor-module-path), or annotation
Base IT (new)	Run tests	2025-05-02T00:32:59.6401310Z   processing is enabled explicitly (-proc:only, -proc:full).
Base IT (new)	Run tests	2025-05-02T00:32:59.6402063Z   Use -Xlint:-options to suppress this message.
Base IT (new)	Run tests	2025-05-02T00:32:59.6405847Z   Use -proc:none to disable annotation processing.
Base IT (new)	Run tests	2025-05-02T00:32:59.6420988Z [WARNING] /home/runner/work/keycloak/keycloak/tests/base/src/test/java/org/keycloak/tests/admin/RealmLocalizationResourceTest.java:[77,73] getRealmLocalizationTexts(java.lang.String,java.lang.Boolean) in org.keycloak.admin.client.resource.RealmLocalizationResource has been deprecated
Base IT (new)	Run tests	2025-05-02T00:32:59.6424280Z [WARNING] /home/runner/work/keycloak/keycloak/tests/base/src/test/java/org/keycloak/tests/admin/client/AbstractClientScopeTest.java:[38,59] unchecked conversion
Base IT (new)	Run tests	2025-05-02T00:32:59.6425847Z   required: java.util.Map<java.lang.String,java.lang.String>
Base IT (new)	Run tests	2025-05-02T00:32:59.6426469Z   found:    java.util.Map
Base IT (new)	Run tests	2025-05-02T00:32:59.6428713Z [WARNING] /home/runner/work/keycloak/keycloak/tests/base/src/test/java/org/keycloak/tests/admin/InitialAccessTokenResourceTest.java:[157,45] removeExpired(org.keycloak.models.RealmModel) in org.keycloak.sessions.AuthenticationSessionProvider has been deprecated
Base IT (new)	Run tests	2025-05-02T00:32:59.6433073Z [WARNING] /home/runner/work/keycloak/keycloak/tests/base/src/test/java/org/keycloak/tests/admin/PermissionsTest.java:[610,64] getRealmLocalizationTexts(java.lang.String,java.lang.Boolean) in org.keycloak.admin.client.resource.RealmLocalizationResource has been deprecated
Base IT (new)	Run tests	2025-05-02T00:32:59.6437593Z [WARNING] /home/runner/work/keycloak/keycloak/tests/base/src/test/java/org/keycloak/tests/admin/PermissionsWithRemovalTest.java:[139,32] testLDAPConnection(java.lang.String,java.lang.String,java.lang.String,java.lang.String,java.lang.String,java.lang.String) in org.keycloak.admin.client.resource.RealmResource has been deprecated
Base IT (new)	Run tests	2025-05-02T00:32:59.6441543Z [WARNING] /home/runner/work/keycloak/keycloak/tests/base/src/test/java/org/keycloak/tests/admin/ClientTest.java:[950,19] getDefaultRoles() in org.keycloak.representations.idm.ClientRepresentation has been deprecated
Base IT (new)	Run tests	2025-05-02T00:32:59.6444653Z [WARNING] /home/runner/work/keycloak/keycloak/tests/base/src/test/java/org/keycloak/tests/admin/ClientTest.java:[951,44] getDefaultRoles() in org.keycloak.representations.idm.ClientRepresentation has been deprecated
Base IT (new)	Run tests	2025-05-02T00:32:59.6447803Z [WARNING] /home/runner/work/keycloak/keycloak/tests/base/src/test/java/org/keycloak/tests/admin/ClientTest.java:[952,56] getDefaultRoles() in org.keycloak.representations.idm.ClientRepresentation has been deprecated
Base IT (new)	Run tests	2025-05-02T00:32:59.6449512Z [INFO] 
Base IT (new)	Run tests	2025-05-02T00:32:59.6450023Z [INFO] --- surefire:3.0.0-M7:test (default-test) @ keycloak-tests-base ---
Base IT (new)	Run tests	2025-05-02T00:32:59.6620969Z [INFO] Using auto detected provider org.apache.maven.surefire.junitplatform.JUnitPlatformProvider
Base IT (new)	Run tests	2025-05-02T00:33:00.6815107Z [INFO] Downloading from jboss-public-repository: https://repository.jboss.org/nexus/content/groups/public/org/apache/maven/surefire/surefire-junit-platform/3.0.0-M7/surefire-junit-platform-3.0.0-M7.jar
Base IT (new)	Run tests	2025-05-02T00:33:01.7261543Z [INFO] Downloading from central: https://repo.maven.apache.org/maven2/org/apache/maven/surefire/surefire-junit-platform/3.0.0-M7/surefire-junit-platform-3.0.0-M7.jar
Base IT (new)	Run tests	2025-05-02T00:33:01.7916868Z [INFO] Downloaded from central: https://repo.maven.apache.org/maven2/org/apache/maven/surefire/surefire-junit-platform/3.0.0-M7/surefire-junit-platform-3.0.0-M7.jar (26 kB at 398 kB/s)
Base IT (new)	Run tests	2025-05-02T00:33:01.7939625Z [INFO] Downloading from jboss-public-repository: https://repository.jboss.org/nexus/content/groups/public/org/apache/maven/surefire/surefire-junit-platform/3.0.0-M7/surefire-junit-platform-3.0.0-M7.pom
Base IT (new)	Run tests	2025-05-02T00:33:01.8782280Z [INFO] Downloading from central: https://repo.maven.apache.org/maven2/org/apache/maven/surefire/surefire-junit-platform/3.0.0-M7/surefire-junit-platform-3.0.0-M7.pom
Base IT (new)	Run tests	2025-05-02T00:33:01.8860703Z [INFO] Downloaded from central: https://repo.maven.apache.org/maven2/org/apache/maven/surefire/surefire-junit-platform/3.0.0-M7/surefire-junit-platform-3.0.0-M7.pom (5.3 kB at 588 kB/s)
Base IT (new)	Run tests	2025-05-02T00:33:01.8879908Z [INFO] Downloading from jboss-public-repository: https://repository.jboss.org/nexus/content/groups/public/org/apache/maven/surefire/surefire-providers/3.0.0-M7/surefire-providers-3.0.0-M7.pom
Base IT (new)	Run tests	2025-05-02T00:33:01.9768940Z [INFO] Downloading from central: https://repo.maven.apache.org/maven2/org/apache/maven/surefire/surefire-providers/3.0.0-M7/surefire-providers-3.0.0-M7.pom
Base IT (new)	Run tests	2025-05-02T00:33:01.9828217Z [INFO] Downloaded from central: https://repo.maven.apache.org/maven2/org/apache/maven/surefire/surefire-providers/3.0.0-M7/surefire-providers-3.0.0-M7.pom (2.5 kB at 423 kB/s)
Base IT (new)	Run tests	2025-05-02T00:33:01.9944537Z [INFO] Downloading from jboss-public-repository: https://repository.jboss.org/nexus/content/groups/public/org/apache/maven/surefire/common-java5/3.0.0-M7/common-java5-3.0.0-M7.pom
Base IT (new)	Run tests	2025-05-02T00:33:02.0809773Z [INFO] Downloading from central: https://repo.maven.apache.org/maven2/org/apache/maven/surefire/common-java5/3.0.0-M7/common-java5-3.0.0-M7.pom
Base IT (new)	Run tests	2025-05-02T00:33:02.0861171Z [INFO] Downloaded from central: https://repo.maven.apache.org/maven2/org/apache/maven/surefire/common-java5/3.0.0-M7/common-java5-3.0.0-M7.pom (2.7 kB at 539 kB/s)
Base IT (new)	Run tests	2025-05-02T00:33:02.0967380Z [INFO] Downloading from jboss-public-repository: https://repository.jboss.org/nexus/content/groups/public/org/junit/platform/junit-platform-launcher/1.3.2/junit-platform-launcher-1.3.2.pom
Base IT (new)	Run tests	2025-05-02T00:33:02.1714846Z [INFO] Downloading from central: https://repo.maven.apache.org/maven2/org/junit/platform/junit-platform-launcher/1.3.2/junit-platform-launcher-1.3.2.pom
Base IT (new)	Run tests	2025-05-02T00:33:02.1782169Z [INFO] Downloaded from central: https://repo.maven.apache.org/maven2/org/junit/platform/junit-platform-launcher/1.3.2/junit-platform-launcher-1.3.2.pom (2.2 kB at 370 kB/s)
Base IT (new)	Run tests	2025-05-02T00:33:02.1803431Z [INFO] Downloading from jboss-public-repository: https://repository.jboss.org/nexus/content/groups/public/org/apiguardian/apiguardian-api/1.0.0/apiguardian-api-1.0.0.pom
Base IT (new)	Run tests	2025-05-02T00:33:02.3479155Z [INFO] Downloading from central: https://repo.maven.apache.org/maven2/org/apiguardian/apiguardian-api/1.0.0/apiguardian-api-1.0.0.pom
Base IT (new)	Run tests	2025-05-02T00:33:02.3562799Z [INFO] Downloaded from central: https://repo.maven.apache.org/maven2/org/apiguardian/apiguardian-api/1.0.0/apiguardian-api-1.0.0.pom (1.2 kB at 130 kB/s)
Base IT (new)	Run tests	2025-05-02T00:33:02.3580376Z [INFO] Downloading from jboss-public-repository: https://repository.jboss.org/nexus/content/groups/public/org/junit/platform/junit-platform-engine/1.3.2/junit-platform-engine-1.3.2.pom
Base IT (new)	Run tests	2025-05-02T00:33:02.4405551Z [INFO] Downloading from central: https://repo.maven.apache.org/maven2/org/junit/platform/junit-platform-engine/1.3.2/junit-platform-engine-1.3.2.pom
Base IT (new)	Run tests	2025-05-02T00:33:02.4465456Z [INFO] Downloaded from central: https://repo.maven.apache.org/maven2/org/junit/platform/junit-platform-engine/1.3.2/junit-platform-engine-1.3.2.pom (2.4 kB at 399 kB/s)
Base IT (new)	Run tests	2025-05-02T00:33:02.4493215Z [INFO] Downloading from jboss-public-repository: https://repository.jboss.org/nexus/content/groups/public/org/junit/platform/junit-platform-commons/1.3.2/junit-platform-commons-1.3.2.pom
Base IT (new)	Run tests	2025-05-02T00:33:02.5298576Z [INFO] Downloading from central: https://repo.maven.apache.org/maven2/org/junit/platform/junit-platform-commons/1.3.2/junit-platform-commons-1.3.2.pom
Base IT (new)	Run tests	2025-05-02T00:33:02.5357514Z [INFO] Downloaded from central: https://repo.maven.apache.org/maven2/org/junit/platform/junit-platform-commons/1.3.2/junit-platform-commons-1.3.2.pom (2.0 kB at 337 kB/s)
Base IT (new)	Run tests	2025-05-02T00:33:02.5380099Z [INFO] Downloading from jboss-public-repository: https://repository.jboss.org/nexus/content/groups/public/org/opentest4j/opentest4j/1.1.1/opentest4j-1.1.1.pom
Base IT (new)	Run tests	2025-05-02T00:33:02.6143823Z [INFO] Downloading from central: https://repo.maven.apache.org/maven2/org/opentest4j/opentest4j/1.1.1/opentest4j-1.1.1.pom
Base IT (new)	Run tests	2025-05-02T00:33:02.6197884Z [INFO] Downloaded from central: https://repo.maven.apache.org/maven2/org/opentest4j/opentest4j/1.1.1/opentest4j-1.1.1.pom (1.7 kB at 337 kB/s)
Base IT (new)	Run tests	2025-05-02T00:33:02.6218365Z [INFO] Downloading from jboss-public-repository: https://repository.jboss.org/nexus/content/groups/public/org/junit/jupiter/junit-jupiter-engine/5.3.2/junit-jupiter-engine-5.3.2.pom
Base IT (new)	Run tests	2025-05-02T00:33:02.7100336Z [INFO] Downloading from central: https://repo.maven.apache.org/maven2/org/junit/jupiter/junit-jupiter-engine/5.3.2/junit-jupiter-engine-5.3.2.pom
Base IT (new)	Run tests	2025-05-02T00:33:02.7140256Z [INFO] Downloaded from central: https://repo.maven.apache.org/maven2/org/junit/jupiter/junit-jupiter-engine/5.3.2/junit-jupiter-engine-5.3.2.pom (2.4 kB at 479 kB/s)
Base IT (new)	Run tests	2025-05-02T00:33:02.7186185Z [INFO] Downloading from jboss-public-repository: https://repository.jboss.org/nexus/content/groups/public/org/junit/jupiter/junit-jupiter-api/5.3.2/junit-jupiter-api-5.3.2.pom
Base IT (new)	Run tests	2025-05-02T00:33:02.9327494Z [INFO] Downloading from central: https://repo.maven.apache.org/maven2/org/junit/jupiter/junit-jupiter-api/5.3.2/junit-jupiter-api-5.3.2.pom
Base IT (new)	Run tests	2025-05-02T00:33:02.9400802Z [INFO] Downloaded from central: https://repo.maven.apache.org/maven2/org/junit/jupiter/junit-jupiter-api/5.3.2/junit-jupiter-api-5.3.2.pom (2.4 kB at 339 kB/s)
Base IT (new)	Run tests	2025-05-02T00:33:02.9432357Z [INFO] Downloading from jboss-public-repository: https://repository.jboss.org/nexus/content/groups/public/org/junit/jupiter/junit-jupiter-params/5.3.2/junit-jupiter-params-5.3.2.pom
Base IT (new)	Run tests	2025-05-02T00:33:03.0199573Z [INFO] Downloading from central: https://repo.maven.apache.org/maven2/org/junit/jupiter/junit-jupiter-params/5.3.2/junit-jupiter-params-5.3.2.pom
Base IT (new)	Run tests	2025-05-02T00:33:03.0253022Z [INFO] Downloaded from central: https://repo.maven.apache.org/maven2/org/junit/jupiter/junit-jupiter-params/5.3.2/junit-jupiter-params-5.3.2.pom (2.2 kB at 367 kB/s)
Base IT (new)	Run tests	2025-05-02T00:33:03.0275242Z [INFO] Downloading from jboss-public-repository: https://repository.jboss.org/nexus/content/groups/public/org/mockito/mockito-core/2.28.2/mockito-core-2.28.2.pom
Base IT (new)	Run tests	2025-05-02T00:33:03.1039003Z [INFO] Downloading from central: https://repo.maven.apache.org/maven2/org/mockito/mockito-core/2.28.2/mockito-core-2.28.2.pom
Base IT (new)	Run tests	2025-05-02T00:33:03.1097728Z [INFO] Downloaded from central: https://repo.maven.apache.org/maven2/org/mockito/mockito-core/2.28.2/mockito-core-2.28.2.pom (20 kB at 3.3 MB/s)
Base IT (new)	Run tests	2025-05-02T00:33:03.1127255Z [INFO] Downloading from jboss-public-repository: https://repository.jboss.org/nexus/content/groups/public/net/bytebuddy/byte-buddy/1.9.10/byte-buddy-1.9.10.pom
Base IT (new)	Run tests	2025-05-02T00:33:03.1978616Z [INFO] Downloading from central: https://repo.maven.apache.org/maven2/net/bytebuddy/byte-buddy/1.9.10/byte-buddy-1.9.10.pom
Base IT (new)	Run tests	2025-05-02T00:33:03.2025161Z [INFO] Downloaded from central: https://repo.maven.apache.org/maven2/net/bytebuddy/byte-buddy/1.9.10/byte-buddy-1.9.10.pom (10 kB at 2.1 MB/s)
Base IT (new)	Run tests	2025-05-02T00:33:03.2042639Z [INFO] Downloading from jboss-public-repository: https://repository.jboss.org/nexus/content/groups/public/net/bytebuddy/byte-buddy-parent/1.9.10/byte-buddy-parent-1.9.10.pom
Base IT (new)	Run tests	2025-05-02T00:33:03.2975436Z [INFO] Downloading from central: https://repo.maven.apache.org/maven2/net/bytebuddy/byte-buddy-parent/1.9.10/byte-buddy-parent-1.9.10.pom
Base IT (new)	Run tests	2025-05-02T00:33:03.3037926Z [INFO] Downloaded from central: https://repo.maven.apache.org/maven2/net/bytebuddy/byte-buddy-parent/1.9.10/byte-buddy-parent-1.9.10.pom (36 kB at 6.0 MB/s)
Base IT (new)	Run tests	2025-05-02T00:33:03.3083582Z [INFO] Downloading from jboss-public-repository: https://repository.jboss.org/nexus/content/groups/public/net/bytebuddy/byte-buddy-agent/1.9.10/byte-buddy-agent-1.9.10.pom
Base IT (new)	Run tests	2025-05-02T00:33:03.3840959Z [INFO] Downloading from central: https://repo.maven.apache.org/maven2/net/bytebuddy/byte-buddy-agent/1.9.10/byte-buddy-agent-1.9.10.pom
Base IT (new)	Run tests	2025-05-02T00:33:03.4031142Z [INFO] Downloaded from central: https://repo.maven.apache.org/maven2/net/bytebuddy/byte-buddy-agent/1.9.10/byte-buddy-agent-1.9.10.pom (6.0 kB at 317 kB/s)
Base IT (new)	Run tests	2025-05-02T00:33:03.4113763Z [INFO] Downloading from jboss-public-repository: https://repository.jboss.org/nexus/content/groups/public/org/powermock/powermock-reflect/2.0.9/powermock-reflect-2.0.9.pom
Base IT (new)	Run tests	2025-05-02T00:33:03.4909491Z [INFO] Downloading from central: https://repo.maven.apache.org/maven2/org/powermock/powermock-reflect/2.0.9/powermock-reflect-2.0.9.pom
Base IT (new)	Run tests	2025-05-02T00:33:03.4952107Z [INFO] Downloaded from central: https://repo.maven.apache.org/maven2/org/powermock/powermock-reflect/2.0.9/powermock-reflect-2.0.9.pom (7.9 kB at 2.0 MB/s)
Base IT (new)	Run tests	2025-05-02T00:33:03.4975038Z [INFO] Downloading from jboss-public-repository: https://repository.jboss.org/nexus/content/groups/public/net/bytebuddy/byte-buddy/1.10.14/byte-buddy-1.10.14.pom
Base IT (new)	Run tests	2025-05-02T00:33:03.5745520Z [INFO] Downloading from central: https://repo.maven.apache.org/maven2/net/bytebuddy/byte-buddy/1.10.14/byte-buddy-1.10.14.pom
Base IT (new)	Run tests	2025-05-02T00:33:03.5810942Z [INFO] Downloaded from central: https://repo.maven.apache.org/maven2/net/bytebuddy/byte-buddy/1.10.14/byte-buddy-1.10.14.pom (11 kB at 1.8 MB/s)
Base IT (new)	Run tests	2025-05-02T00:33:03.5845334Z [INFO] Downloading from jboss-public-repository: https://repository.jboss.org/nexus/content/groups/public/net/bytebuddy/byte-buddy-parent/1.10.14/byte-buddy-parent-1.10.14.pom
Base IT (new)	Run tests	2025-05-02T00:33:03.6583441Z [INFO] Downloading from central: https://repo.maven.apache.org/maven2/net/bytebuddy/byte-buddy-parent/1.10.14/byte-buddy-parent-1.10.14.pom
Base IT (new)	Run tests	2025-05-02T00:33:03.6642797Z [INFO] Downloaded from central: https://repo.maven.apache.org/maven2/net/bytebuddy/byte-buddy-parent/1.10.14/byte-buddy-parent-1.10.14.pom (41 kB at 6.8 MB/s)
Base IT (new)	Run tests	2025-05-02T00:33:03.6697146Z [INFO] Downloading from jboss-public-repository: https://repository.jboss.org/nexus/content/groups/public/net/bytebuddy/byte-buddy-agent/1.10.14/byte-buddy-agent-1.10.14.pom
Base IT (new)	Run tests	2025-05-02T00:33:03.7467344Z [INFO] Downloading from central: https://repo.maven.apache.org/maven2/net/bytebuddy/byte-buddy-agent/1.10.14/byte-buddy-agent-1.10.14.pom
Base IT (new)	Run tests	2025-05-02T00:33:03.7512513Z [INFO] Downloaded from central: https://repo.maven.apache.org/maven2/net/bytebuddy/byte-buddy-agent/1.10.14/byte-buddy-agent-1.10.14.pom (9.6 kB at 1.9 MB/s)
Base IT (new)	Run tests	2025-05-02T00:33:03.7577479Z [INFO] Downloading from jboss-public-repository: https://repository.jboss.org/nexus/content/groups/public/org/hamcrest/hamcrest-library/1.3/hamcrest-library-1.3.pom
Base IT (new)	Run tests	2025-05-02T00:33:03.8635830Z [INFO] Downloading from central: https://repo.maven.apache.org/maven2/org/hamcrest/hamcrest-library/1.3/hamcrest-library-1.3.pom
Base IT (new)	Run tests	2025-05-02T00:33:03.8674540Z [INFO] Downloaded from central: https://repo.maven.apache.org/maven2/org/hamcrest/hamcrest-library/1.3/hamcrest-library-1.3.pom (820 B at 205 kB/s)
Base IT (new)	Run tests	2025-05-02T00:33:03.8714458Z [INFO] Downloading from jboss-public-repository: https://repository.jboss.org/nexus/content/groups/public/org/assertj/assertj-core/3.22.0/assertj-core-3.22.0.pom
Base IT (new)	Run tests	2025-05-02T00:33:03.9525786Z [INFO] Downloading from central: https://repo.maven.apache.org/maven2/org/assertj/assertj-core/3.22.0/assertj-core-3.22.0.pom
Base IT (new)	Run tests	2025-05-02T00:33:03.9567843Z [INFO] Downloaded from central: https://repo.maven.apache.org/maven2/org/assertj/assertj-core/3.22.0/assertj-core-3.22.0.pom (31 kB at 7.7 MB/s)
Base IT (new)	Run tests	2025-05-02T00:33:03.9598596Z [INFO] Downloading from jboss-public-repository: https://repository.jboss.org/nexus/content/groups/public/org/assertj/assertj-parent-pom/2.2.14/assertj-parent-pom-2.2.14.pom
Base IT (new)	Run tests	2025-05-02T00:33:04.0545887Z [INFO] Downloading from central: https://repo.maven.apache.org/maven2/org/assertj/assertj-parent-pom/2.2.14/assertj-parent-pom-2.2.14.pom
Base IT (new)	Run tests	2025-05-02T00:33:04.0592860Z [INFO] Downloaded from central: https://repo.maven.apache.org/maven2/org/assertj/assertj-parent-pom/2.2.14/assertj-parent-pom-2.2.14.pom (25 kB at 4.9 MB/s)
Base IT (new)	Run tests	2025-05-02T00:33:04.0624014Z [INFO] Downloading from jboss-public-repository: https://repository.jboss.org/nexus/content/groups/public/org/junit/junit-bom/5.8.2/junit-bom-5.8.2.pom
Base IT (new)	Run tests	2025-05-02T00:33:04.1388826Z [INFO] Downloading from central: https://repo.maven.apache.org/maven2/org/junit/junit-bom/5.8.2/junit-bom-5.8.2.pom
Base IT (new)	Run tests	2025-05-02T00:33:04.1429088Z [INFO] Downloaded from central: https://repo.maven.apache.org/maven2/org/junit/junit-bom/5.8.2/junit-bom-5.8.2.pom (5.6 kB at 1.4 MB/s)
Base IT (new)	Run tests	2025-05-02T00:33:04.1461458Z [INFO] Downloading from jboss-public-repository: https://repository.jboss.org/nexus/content/groups/public/org/junit/junit-bom/5.8.0/junit-bom-5.8.0.pom
Base IT (new)	Run tests	2025-05-02T00:33:04.2241817Z [INFO] Downloading from central: https://repo.maven.apache.org/maven2/org/junit/junit-bom/5.8.0/junit-bom-5.8.0.pom
Base IT (new)	Run tests	2025-05-02T00:33:04.2278184Z [INFO] Downloaded from central: https://repo.maven.apache.org/maven2/org/junit/junit-bom/5.8.0/junit-bom-5.8.0.pom (5.6 kB at 1.4 MB/s)
Base IT (new)	Run tests	2025-05-02T00:33:04.2337896Z [INFO] Downloading from jboss-public-repository: https://repository.jboss.org/nexus/content/groups/public/org/apache/maven/surefire/common-java5/3.0.0-M7/common-java5-3.0.0-M7.jar
Base IT (new)	Run tests	2025-05-02T00:33:04.2340473Z [INFO] Downloading from jboss-public-repository: https://repository.jboss.org/nexus/content/groups/public/org/junit/platform/junit-platform-launcher/1.3.2/junit-platform-launcher-1.3.2.jar
Base IT (new)	Run tests	2025-05-02T00:33:04.2349080Z [INFO] Downloading from jboss-public-repository: https://repository.jboss.org/nexus/content/groups/public/org/apiguardian/apiguardian-api/1.0.0/apiguardian-api-1.0.0.jar
Base IT (new)	Run tests	2025-05-02T00:33:04.2351899Z [INFO] Downloading from jboss-public-repository: https://repository.jboss.org/nexus/content/groups/public/org/junit/platform/junit-platform-engine/1.3.2/junit-platform-engine-1.3.2.jar
Base IT (new)	Run tests	2025-05-02T00:33:04.2355666Z [INFO] Downloading from jboss-public-repository: https://repository.jboss.org/nexus/content/groups/public/org/junit/platform/junit-platform-commons/1.3.2/junit-platform-commons-1.3.2.jar
Base IT (new)	Run tests	2025-05-02T00:33:04.3422726Z [INFO] Downloading from central: https://repo.maven.apache.org/maven2/org/junit/platform/junit-platform-launcher/1.3.2/junit-platform-launcher-1.3.2.jar
Base IT (new)	Run tests	2025-05-02T00:33:04.3459723Z [INFO] Downloading from central: https://repo.maven.apache.org/maven2/org/junit/platform/junit-platform-commons/1.3.2/junit-platform-commons-1.3.2.jar
Base IT (new)	Run tests	2025-05-02T00:33:04.3518521Z [INFO] Downloaded from central: https://repo.maven.apache.org/maven2/org/junit/platform/junit-platform-launcher/1.3.2/junit-platform-launcher-1.3.2.jar (95 kB at 12 MB/s)
Base IT (new)	Run tests	2025-05-02T00:33:04.3521035Z [INFO] Downloading from jboss-public-repository: https://repository.jboss.org/nexus/content/groups/public/org/opentest4j/opentest4j/1.1.1/opentest4j-1.1.1.jar
Base IT (new)	Run tests	2025-05-02T00:33:04.3572970Z [INFO] Downloading from central: https://repo.maven.apache.org/maven2/org/apache/maven/surefire/common-java5/3.0.0-M7/common-java5-3.0.0-M7.jar
Base IT (new)	Run tests	2025-05-02T00:33:04.3625273Z [INFO] Downloaded from central: https://repo.maven.apache.org/maven2/org/apache/maven/surefire/common-java5/3.0.0-M7/common-java5-3.0.0-M7.jar (17 kB at 2.9 MB/s)
Base IT (new)	Run tests	2025-05-02T00:33:04.3647496Z [INFO] Downloading from central: https://repo.maven.apache.org/maven2/org/junit/platform/junit-platform-engine/1.3.2/junit-platform-engine-1.3.2.jar
Base IT (new)	Run tests	2025-05-02T00:33:04.3655054Z [INFO] Downloaded from central: https://repo.maven.apache.org/maven2/org/junit/platform/junit-platform-commons/1.3.2/junit-platform-commons-1.3.2.jar (78 kB at 3.9 MB/s)
Base IT (new)	Run tests	2025-05-02T00:33:04.3709762Z [INFO] Downloaded from central: https://repo.maven.apache.org/maven2/org/junit/platform/junit-platform-engine/1.3.2/junit-platform-engine-1.3.2.jar (138 kB at 23 MB/s)
Base IT (new)	Run tests	2025-05-02T00:33:04.4521499Z [INFO] Downloading from central: https://repo.maven.apache.org/maven2/org/apiguardian/apiguardian-api/1.0.0/apiguardian-api-1.0.0.jar
Base IT (new)	Run tests	2025-05-02T00:33:04.4572246Z [INFO] Downloaded from central: https://repo.maven.apache.org/maven2/org/apiguardian/apiguardian-api/1.0.0/apiguardian-api-1.0.0.jar (2.2 kB at 361 kB/s)
Base IT (new)	Run tests	2025-05-02T00:33:04.5232177Z [INFO] Downloading from central: https://repo.maven.apache.org/maven2/org/opentest4j/opentest4j/1.1.1/opentest4j-1.1.1.jar
Base IT (new)	Run tests	2025-05-02T00:33:04.5305838Z [INFO] Downloaded from central: https://repo.maven.apache.org/maven2/org/opentest4j/opentest4j/1.1.1/opentest4j-1.1.1.jar (7.1 kB at 890 kB/s)
Base IT (new)	Run tests	2025-05-02T00:33:04.5612293Z [INFO] 
Base IT (new)	Run tests	2025-05-02T00:33:04.5613800Z [INFO] -------------------------------------------------------
Base IT (new)	Run tests	2025-05-02T00:33:04.5614365Z [INFO]  T E S T S
Base IT (new)	Run tests	2025-05-02T00:33:04.5614840Z [INFO] -------------------------------------------------------
Base IT (new)	Run tests	2025-05-02T00:33:06.2041674Z [INFO] Running org.keycloak.tests.admin.AdminConsoleLandingPageTest
Base IT (new)	Run tests	2025-05-02T00:33:06.2362086Z 2025-05-02 00:33:06,208 INFO  [testinfo] (main) ----------------------------------------------------------------
Base IT (new)	Run tests	2025-05-02T00:33:06.2363313Z 2025-05-02 00:33:06,214 INFO  [testinfo] (main)    RUNNING - org.keycloak.tests.admin.AdminConsoleLandingPageTest
Base IT (new)	Run tests	2025-05-02T00:33:33.4449035Z [INFO] Tests run: 1, Failures: 0, Errors: 0, Skipped: 0, Time elapsed: 27.155 s - in org.keycloak.tests.admin.AdminConsoleLandingPageTest
Base IT (new)	Run tests	2025-05-02T00:33:33.4451175Z [INFO] Running org.keycloak.tests.admin.AdminConsoleWhoAmILocaleTest
Base IT (new)	Run tests	2025-05-02T00:33:33.4468170Z 2025-05-02 00:33:33,373 INFO  [testinfo] (main) ----------------------------------------------------------------
Base IT (new)	Run tests	2025-05-02T00:33:33.4470073Z 2025-05-02 00:33:33,373 INFO  [testinfo] (main)    RUNNING - org.keycloak.tests.admin.AdminConsoleWhoAmILocaleTest
Base IT (new)	Run tests	2025-05-02T00:33:40.1670137Z [INFO] Tests run: 11, Failures: 0, Errors: 0, Skipped: 0, Time elapsed: 6.773 s - in org.keycloak.tests.admin.AdminConsoleWhoAmILocaleTest
Base IT (new)	Run tests	2025-05-02T00:33:40.1671940Z [INFO] Running org.keycloak.tests.admin.AdminEndpointAccessibilityTest
Base IT (new)	Run tests	2025-05-02T00:33:40.1672993Z 2025-05-02 00:33:40,142 INFO  [testinfo] (main) ----------------------------------------------------------------
Base IT (new)	Run tests	2025-05-02T00:33:40.1674157Z 2025-05-02 00:33:40,142 INFO  [testinfo] (main)    RUNNING - org.keycloak.tests.admin.AdminEndpointAccessibilityTest
Base IT (new)	Run tests	2025-05-02T00:33:41.2107985Z [INFO] Tests run: 4, Failures: 0, Errors: 0, Skipped: 0, Time elapsed: 1.056 s - in org.keycloak.tests.admin.AdminEndpointAccessibilityTest
Base IT (new)	Run tests	2025-05-02T00:33:41.2116432Z [INFO] Running org.keycloak.tests.admin.AdminHeadersTest
Base IT (new)	Run tests	2025-05-02T00:33:41.2117512Z 2025-05-02 00:33:41,200 INFO  [testinfo] (main) ----------------------------------------------------------------
Base IT (new)	Run tests	2025-05-02T00:33:41.2118553Z 2025-05-02 00:33:41,200 INFO  [testinfo] (main)    RUNNING - org.keycloak.tests.admin.AdminHeadersTest
Base IT (new)	Run tests	2025-05-02T00:33:42.1738726Z [INFO] Tests run: 1, Failures: 0, Errors: 0, Skipped: 0, Time elapsed: 0.959 s - in org.keycloak.tests.admin.AdminHeadersTest
Base IT (new)	Run tests	2025-05-02T00:33:42.1740259Z [INFO] Running org.keycloak.tests.admin.AdminPreflightTest
Base IT (new)	Run tests	2025-05-02T00:33:42.1741198Z 2025-05-02 00:33:42,161 INFO  [testinfo] (main) ----------------------------------------------------------------
Base IT (new)	Run tests	2025-05-02T00:33:42.1742327Z 2025-05-02 00:33:42,161 INFO  [testinfo] (main)    RUNNING - org.keycloak.tests.admin.AdminPreflightTest
Base IT (new)	Run tests	2025-05-02T00:33:42.1869284Z [INFO] Tests run: 2, Failures: 0, Errors: 0, Skipped: 0, Time elapsed: 0.013 s - in org.keycloak.tests.admin.AdminPreflightTest
Base IT (new)	Run tests	2025-05-02T00:33:42.1870820Z [INFO] Running org.keycloak.tests.admin.AdminSignatureAlgorithmTest
Base IT (new)	Run tests	2025-05-02T00:33:42.1872122Z 2025-05-02 00:33:42,176 INFO  [testinfo] (main) ----------------------------------------------------------------
Base IT (new)	Run tests	2025-05-02T00:33:42.1878739Z 2025-05-02 00:33:42,176 INFO  [testinfo] (main)    RUNNING - org.keycloak.tests.admin.AdminSignatureAlgorithmTest
Base IT (new)	Run tests	2025-05-02T00:33:42.5602317Z [INFO] Tests run: 1, Failures: 0, Errors: 0, Skipped: 0, Time elapsed: 0.368 s - in org.keycloak.tests.admin.AdminSignatureAlgorithmTest
Base IT (new)	Run tests	2025-05-02T00:33:42.5604864Z [INFO] Running org.keycloak.tests.admin.AttackDetectionResourceTest
Base IT (new)	Run tests	2025-05-02T00:33:42.5606142Z 2025-05-02 00:33:42,552 INFO  [testinfo] (main) ----------------------------------------------------------------
Base IT (new)	Run tests	2025-05-02T00:33:42.5607642Z 2025-05-02 00:33:42,552 INFO  [testinfo] (main)    RUNNING - org.keycloak.tests.admin.AttackDetectionResourceTest
Base IT (new)	Run tests	2025-05-02T00:33:43.4987580Z 2025-05-02 00:33:43,493 WARN  [managed.keycloak] (main) [org.keycloak.events] (executor-thread-1) type="LOGIN_ERROR", realmId="default", realmName="default", clientId="test-app", userId="faa6c8c0-db41-4c21-93e0-a6c3a815ea77", ipAddress="127.0.0.1", error="invalid_user_credentials", auth_method="openid-connect", grant_type="password", client_auth_method="client-secret", username="default"
Base IT (new)	Run tests	2025-05-02T00:33:43.4995417Z 2025-05-02 00:33:43,493 WARN  [managed.keycloak] (main) [org.keycloak.events] (executor-thread-1) type="LOGIN_ERROR", realmId="default", realmName="default", clientId="test-app", userId="faa6c8c0-db41-4c21-93e0-a6c3a815ea77", ipAddress="127.0.0.1", error="invalid_user_credentials", auth_method="openid-connect", grant_type="password", client_auth_method="client-secret", username="default"
Base IT (new)	Run tests	2025-05-02T00:33:43.5000644Z 2025-05-02 00:33:43,493 WARN  [managed.keycloak] (main) [org.keycloak.events] (executor-thread-1) type="LOGIN_ERROR", realmId="default", realmName="default", clientId="test-app", userId="faa6c8c0-db41-4c21-93e0-a6c3a815ea77", ipAddress="127.0.0.1", error="invalid_user_credentials", auth_method="openid-connect", grant_type="password", client_auth_method="client-secret", username="default"
Base IT (new)	Run tests	2025-05-02T00:33:43.5005096Z 2025-05-02 00:33:43,493 WARN  [managed.keycloak] (main) [org.keycloak.events] (executor-thread-1) type="LOGIN_ERROR", realmId="default", realmName="default", clientId="test-app", userId="1824ac3e-3ee2-4535-a189-4b9de5d01a48", ipAddress="127.0.0.1", error="invalid_user_credentials", auth_method="openid-connect", grant_type="password", client_auth_method="client-secret", username="testUser2"
Base IT (new)	Run tests	2025-05-02T00:33:43.5037137Z 2025-05-02 00:33:43,493 WARN  [managed.keycloak] (main) [org.keycloak.events] (executor-thread-1) type="LOGIN_ERROR", realmId="default", realmName="default", clientId="test-app", userId="1824ac3e-3ee2-4535-a189-4b9de5d01a48", ipAddress="127.0.0.1", error="invalid_user_credentials", auth_method="openid-connect", grant_type="password", client_auth_method="client-secret", username="testUser2"
Base IT (new)	Run tests	2025-05-02T00:33:43.5045464Z 2025-05-02 00:33:43,493 WARN  [managed.keycloak] (main) [org.keycloak.events] (executor-thread-1) type="LOGIN_ERROR", realmId="default", realmName="default", clientId="test-app", userId="null", ipAddress="127.0.0.1", error="user_not_found", auth_method="openid-connect", grant_type="password", client_auth_method="client-secret", username="nosuchuser"
Base IT (new)	Run tests	2025-05-02T00:33:43.5049601Z 2025-05-02 00:33:43,494 ERROR [testinfo] (main)     FAILED - org.keycloak.tests.admin.AttackDetectionResourceTest / test
Base IT (new)	Run tests	2025-05-02T00:33:43.8374983Z [ERROR] Tests run: 1, Failures: 1, Errors: 0, Skipped: 0, Time elapsed: 1.271 s <<< FAILURE! - in org.keycloak.tests.admin.AttackDetectionResourceTest
Base IT (new)	Run tests	2025-05-02T00:33:43.8380861Z [ERROR] org.keycloak.tests.admin.AttackDetectionResourceTest.test  Time elapsed: 0.942 s  <<< FAILURE!
Base IT (new)	Run tests	2025-05-02T00:33:43.8382393Z org.opentest4j.AssertionFailedError: expected: <2> but was: <4>
Base IT (new)	Run tests	2025-05-02T00:33:43.8383733Z 	at org.junit.jupiter.api.AssertionFailureBuilder.build(AssertionFailureBuilder.java:151)
Base IT (new)	Run tests	2025-05-02T00:33:43.8385423Z 	at org.junit.jupiter.api.AssertionFailureBuilder.buildAndThrow(AssertionFailureBuilder.java:132)
Base IT (new)	Run tests	2025-05-02T00:33:43.8387090Z 	at org.junit.jupiter.api.AssertEquals.failNotEqual(AssertEquals.java:197)
Base IT (new)	Run tests	2025-05-02T00:33:43.8388299Z 	at org.junit.jupiter.api.AssertEquals.assertEquals(AssertEquals.java:182)
Base IT (new)	Run tests	2025-05-02T00:33:43.8389493Z 	at org.junit.jupiter.api.AssertEquals.assertEquals(AssertEquals.java:177)
Base IT (new)	Run tests	2025-05-02T00:33:43.8390703Z 	at org.junit.jupiter.api.Assertions.assertEquals(Assertions.java:1145)
Base IT (new)	Run tests	2025-05-02T00:33:43.8392473Z 	at org.keycloak.tests.admin.AttackDetectionResourceTest.assertBruteForce(AttackDetectionResourceTest.java:99)
Base IT (new)	Run tests	2025-05-02T00:33:43.8394241Z 	at org.keycloak.tests.admin.AttackDetectionResourceTest.test(AttackDetectionResourceTest.java:80)
Base IT (new)	Run tests	2025-05-02T00:33:43.8395794Z 	at java.base/java.lang.reflect.Method.invoke(Method.java:580)
Base IT (new)	Run tests	2025-05-02T00:33:43.8396965Z 	at java.base/java.util.ArrayList.forEach(ArrayList.java:1596)
Base IT (new)	Run tests	2025-05-02T00:33:43.8397931Z 	at java.base/java.util.ArrayList.forEach(ArrayList.java:1596)
Base IT (new)	Run tests	2025-05-02T00:33:43.8404196Z 
Base IT (new)	Run tests	2025-05-02T00:33:43.8409823Z [INFO] Running org.keycloak.tests.admin.ClientTest
Base IT (new)	Run tests	2025-05-02T00:33:43.8415700Z 2025-05-02 00:33:43,822 INFO  [testinfo] (main) ----------------------------------------------------------------
Base IT (new)	Run tests	2025-05-02T00:33:43.8420802Z 2025-05-02 00:33:43,822 INFO  [testinfo] (main)    RUNNING - org.keycloak.tests.admin.ClientTest
Base IT (new)	Run tests	2025-05-02T00:33:54.6949208Z [INFO] Tests run: 29, Failures: 0, Errors: 0, Skipped: 0, Time elapsed: 10.838 s - in org.keycloak.tests.admin.ClientTest
Base IT (new)	Run tests	2025-05-02T00:33:54.6955007Z [INFO] Running org.keycloak.tests.admin.CrossRealmPermissionsTest
Base IT (new)	Run tests	2025-05-02T00:33:54.6960371Z 2025-05-02 00:33:54,673 INFO  [testinfo] (main) ----------------------------------------------------------------
Base IT (new)	Run tests	2025-05-02T00:33:54.6965966Z 2025-05-02 00:33:54,673 INFO  [testinfo] (main)    RUNNING - org.keycloak.tests.admin.CrossRealmPermissionsTest
Base IT (new)	Run tests	2025-05-02T00:33:56.8130288Z [INFO] Tests run: 1, Failures: 0, Errors: 0, Skipped: 0, Time elapsed: 2.126 s - in org.keycloak.tests.admin.CrossRealmPermissionsTest
Base IT (new)	Run tests	2025-05-02T00:33:56.8131691Z [INFO] Running org.keycloak.tests.admin.DeclarativeUserTest
Base IT (new)	Run tests	2025-05-02T00:33:56.8132911Z 2025-05-02 00:33:56,802 INFO  [testinfo] (main) ----------------------------------------------------------------
Base IT (new)	Run tests	2025-05-02T00:33:56.8134106Z 2025-05-02 00:33:56,802 INFO  [testinfo] (main)    RUNNING - org.keycloak.tests.admin.DeclarativeUserTest
Base IT (new)	Run tests	2025-05-02T00:33:58.7528219Z [INFO] Tests run: 5, Failures: 0, Errors: 0, Skipped: 0, Time elapsed: 1.923 s - in org.keycloak.tests.admin.DeclarativeUserTest
Base IT (new)	Run tests	2025-05-02T00:33:58.7529476Z [INFO] Running org.keycloak.tests.admin.InitialAccessTokenResourceTest
Base IT (new)	Run tests	2025-05-02T00:33:58.7530595Z 2025-05-02 00:33:58,730 INFO  [testinfo] (main) ----------------------------------------------------------------
Base IT (new)	Run tests	2025-05-02T00:33:58.7531822Z 2025-05-02 00:33:58,730 INFO  [testinfo] (main)    RUNNING - org.keycloak.tests.admin.InitialAccessTokenResourceTest
Base IT (new)	Run tests	2025-05-02T00:34:00.0579927Z [INFO] Tests run: 3, Failures: 0, Errors: 0, Skipped: 0, Time elapsed: 1.314 s - in org.keycloak.tests.admin.InitialAccessTokenResourceTest
Base IT (new)	Run tests	2025-05-02T00:34:00.0585447Z [INFO] Running org.keycloak.tests.admin.PermissionsTest
Base IT (new)	Run tests	2025-05-02T00:34:00.0592219Z 2025-05-02 00:34:00,042 INFO  [testinfo] (main) ----------------------------------------------------------------
Base IT (new)	Run tests	2025-05-02T00:34:00.0597167Z 2025-05-02 00:34:00,042 INFO  [testinfo] (main)    RUNNING - org.keycloak.tests.admin.PermissionsTest
Base IT (new)	Run tests	2025-05-02T00:34:37.4674787Z [INFO] Tests run: 15, Failures: 0, Errors: 0, Skipped: 0, Time elapsed: 37.408 s - in org.keycloak.tests.admin.PermissionsTest
Base IT (new)	Run tests	2025-05-02T00:34:37.4680714Z [INFO] Running org.keycloak.tests.admin.PermissionsWithRemovalTest
Base IT (new)	Run tests	2025-05-02T00:34:37.4686130Z 2025-05-02 00:34:37,454 INFO  [testinfo] (main) ----------------------------------------------------------------
Base IT (new)	Run tests	2025-05-02T00:34:37.4690807Z 2025-05-02 00:34:37,454 INFO  [testinfo] (main)    RUNNING - org.keycloak.tests.admin.PermissionsWithRemovalTest
Base IT (new)	Run tests	2025-05-02T00:34:49.8668044Z [INFO] Tests run: 2, Failures: 0, Errors: 0, Skipped: 0, Time elapsed: 12.398 s - in org.keycloak.tests.admin.PermissionsWithRemovalTest
Base IT (new)	Run tests	2025-05-02T00:34:49.8673112Z [INFO] Running org.keycloak.tests.admin.RealmLocalizationResourceTest
Base IT (new)	Run tests	2025-05-02T00:34:49.8679796Z 2025-05-02 00:34:49,854 INFO  [testinfo] (main) ----------------------------------------------------------------
Base IT (new)	Run tests	2025-05-02T00:34:49.8680934Z 2025-05-02 00:34:49,854 INFO  [testinfo] (main)    RUNNING - org.keycloak.tests.admin.RealmLocalizationResourceTest
Base IT (new)	Run tests	2025-05-02T00:34:50.9584306Z [INFO] Tests run: 13, Failures: 0, Errors: 0, Skipped: 0, Time elapsed: 1.064 s - in org.keycloak.tests.admin.RealmLocalizationResourceTest
Base IT (new)	Run tests	2025-05-02T00:34:50.9585612Z [INFO] Running org.keycloak.tests.admin.RoleByIdResourceTest
Base IT (new)	Run tests	2025-05-02T00:34:50.9586527Z 2025-05-02 00:34:50,920 INFO  [testinfo] (main) ----------------------------------------------------------------
Base IT (new)	Run tests	2025-05-02T00:34:50.9587832Z 2025-05-02 00:34:50,920 INFO  [testinfo] (main)    RUNNING - org.keycloak.tests.admin.RoleByIdResourceTest
Base IT (new)	Run tests	2025-05-02T00:34:58.6396177Z [INFO] Tests run: 11, Failures: 0, Errors: 0, Skipped: 0, Time elapsed: 7.709 s - in org.keycloak.tests.admin.RoleByIdResourceTest
Base IT (new)	Run tests	2025-05-02T00:34:58.6398432Z [INFO] Running org.keycloak.tests.admin.SMTPConnectionTest
Base IT (new)	Run tests	2025-05-02T00:34:58.6399365Z 2025-05-02 00:34:58,632 INFO  [testinfo] (main) ----------------------------------------------------------------
Base IT (new)	Run tests	2025-05-02T00:34:58.6400486Z 2025-05-02 00:34:58,632 INFO  [testinfo] (main)    RUNNING - org.keycloak.tests.admin.SMTPConnectionTest
Base IT (new)	Run tests	2025-05-02T00:34:59.4733851Z 2025-05-02 00:34:59,470 ERROR [managed.keycloak] (pool-2-thread-1) [org.keycloak.services] (executor-thread-1) KC-SERVICES0029: Failed to send email: org.keycloak.email.EmailException: Password based SMTP connect failed
Base IT (new)	Run tests	2025-05-02T00:34:59.4736201Z 2025-05-02 00:34:59,471 ERROR [managed.keycloak] (pool-2-thread-1) [org.keycloak.services.resources.admin.RealmAdminResource] (executor-thread-1) Failed to send email 
Base IT (new)	Run tests	2025-05-02T00:34:59.4810098Z 2025-05-02 00:34:59,471 ERROR [managed.keycloak] (pool-2-thread-1) org.keycloak.email.EmailException: Error when attempting to send the email to the server. More information is available in the server log.
Base IT (new)	Run tests	2025-05-02T00:34:59.4812197Z 2025-05-02 00:34:59,471 ERROR [managed.keycloak] (pool-2-thread-1) 	at org.keycloak.email.DefaultEmailSenderProvider.send(DefaultEmailSenderProvider.java:90)
Base IT (new)	Run tests	2025-05-02T00:34:59.4814843Z 2025-05-02 00:34:59,471 ERROR [managed.keycloak] (pool-2-thread-1) 	at org.keycloak.email.DefaultEmailSenderProvider.send(DefaultEmailSenderProvider.java:72)
Base IT (new)	Run tests	2025-05-02T00:34:59.4817104Z 2025-05-02 00:34:59,471 ERROR [managed.keycloak] (pool-2-thread-1) 	at org.keycloak.email.freemarker.FreeMarkerEmailTemplateProvider.send(FreeMarkerEmailTemplateProvider.java:289)
Base IT (new)	Run tests	2025-05-02T00:34:59.4819425Z 2025-05-02 00:34:59,471 ERROR [managed.keycloak] (pool-2-thread-1) 	at org.keycloak.email.freemarker.FreeMarkerEmailTemplateProvider.send(FreeMarkerEmailTemplateProvider.java:283)
Base IT (new)	Run tests	2025-05-02T00:34:59.4821865Z 2025-05-02 00:34:59,471 ERROR [managed.keycloak] (pool-2-thread-1) 	at org.keycloak.email.freemarker.FreeMarkerEmailTemplateProvider.sendSmtpTestEmail(FreeMarkerEmailTemplateProvider.java:128)
Base IT (new)	Run tests	2025-05-02T00:34:59.4824280Z 2025-05-02 00:34:59,471 ERROR [managed.keycloak] (pool-2-thread-1) 	at org.keycloak.services.resources.admin.RealmAdminResource.testSMTPConnection(RealmAdminResource.java:1148)
Base IT (new)	Run tests	2025-05-02T00:34:59.4827037Z 2025-05-02 00:34:59,471 ERROR [managed.keycloak] (pool-2-thread-1) 	at org.keycloak.services.resources.admin.RealmAdminResource$quarkusrestinvoker$testSMTPConnection_0bc3cac9c894e7b29eb4c1f2d80a099cba7bdf38.invoke(Unknown Source)
Base IT (new)	Run tests	2025-05-02T00:34:59.4829711Z 2025-05-02 00:34:59,471 ERROR [managed.keycloak] (pool-2-thread-1) 	at org.jboss.resteasy.reactive.server.handlers.InvocationHandler.handle(InvocationHandler.java:29)
Base IT (new)	Run tests	2025-05-02T00:34:59.4832244Z 2025-05-02 00:34:59,471 ERROR [managed.keycloak] (pool-2-thread-1) 	at io.quarkus.resteasy.reactive.server.runtime.QuarkusResteasyReactiveRequestContext.invokeHandler(QuarkusResteasyReactiveRequestContext.java:141)
Base IT (new)	Run tests	2025-05-02T00:34:59.4835000Z 2025-05-02 00:34:59,471 ERROR [managed.keycloak] (pool-2-thread-1) 	at org.jboss.resteasy.reactive.common.core.AbstractResteasyReactiveContext.run(AbstractResteasyReactiveContext.java:147)
Base IT (new)	Run tests	2025-05-02T00:34:59.4861640Z 2025-05-02 00:34:59,471 ERROR [managed.keycloak] (pool-2-thread-1) 	at io.quarkus.vertx.core.runtime.VertxCoreRecorder$15.runWith(VertxCoreRecorder.java:638)
Base IT (new)	Run tests	2025-05-02T00:34:59.4864882Z 2025-05-02 00:34:59,471 ERROR [managed.keycloak] (pool-2-thread-1) 	at org.jboss.threads.EnhancedQueueExecutor$Task.doRunWith(EnhancedQueueExecutor.java:2675)
Base IT (new)	Run tests	2025-05-02T00:34:59.4867679Z 2025-05-02 00:34:59,471 ERROR [managed.keycloak] (pool-2-thread-1) 	at org.jboss.threads.EnhancedQueueExecutor$Task.run(EnhancedQueueExecutor.java:2654)
Base IT (new)	Run tests	2025-05-02T00:34:59.4870315Z 2025-05-02 00:34:59,471 ERROR [managed.keycloak] (pool-2-thread-1) 	at org.jboss.threads.EnhancedQueueExecutor.runThreadBody(EnhancedQueueExecutor.java:1627)
Base IT (new)	Run tests	2025-05-02T00:34:59.4872953Z 2025-05-02 00:34:59,471 ERROR [managed.keycloak] (pool-2-thread-1) 	at org.jboss.threads.EnhancedQueueExecutor$ThreadBody.run(EnhancedQueueExecutor.java:1594)
Base IT (new)	Run tests	2025-05-02T00:34:59.4875524Z 2025-05-02 00:34:59,471 ERROR [managed.keycloak] (pool-2-thread-1) 	at org.jboss.threads.DelegatingRunnable.run(DelegatingRunnable.java:11)
Base IT (new)	Run tests	2025-05-02T00:34:59.4878252Z 2025-05-02 00:34:59,471 ERROR [managed.keycloak] (pool-2-thread-1) 	at org.jboss.threads.ThreadLocalResettingRunnable.run(ThreadLocalResettingRunnable.java:11)
Base IT (new)	Run tests	2025-05-02T00:34:59.4881157Z 2025-05-02 00:34:59,472 ERROR [managed.keycloak] (pool-2-thread-1) 	at io.netty.util.concurrent.FastThreadLocalRunnable.run(FastThreadLocalRunnable.java:30)
Base IT (new)	Run tests	2025-05-02T00:34:59.4883631Z 2025-05-02 00:34:59,472 ERROR [managed.keycloak] (pool-2-thread-1) 	at java.base/java.lang.Thread.run(Thread.java:1583)
Base IT (new)	Run tests	2025-05-02T00:34:59.4885744Z 2025-05-02 00:34:59,472 ERROR [managed.keycloak] (pool-2-thread-1) Caused by: org.keycloak.email.EmailException: Password based SMTP connect failed
Base IT (new)	Run tests	2025-05-02T00:34:59.4888743Z 2025-05-02 00:34:59,472 ERROR [managed.keycloak] (pool-2-thread-1) 	at org.keycloak.email.PasswordAuthEmailAuthenticator.connect(PasswordAuthEmailAuthenticator.java:17)
Base IT (new)	Run tests	2025-05-02T00:34:59.4891519Z 2025-05-02 00:34:59,472 ERROR [managed.keycloak] (pool-2-thread-1) 	at org.keycloak.email.DefaultEmailSenderProvider.send(DefaultEmailSenderProvider.java:84)
Base IT (new)	Run tests	2025-05-02T00:34:59.4894161Z 2025-05-02 00:34:59,472 ERROR [managed.keycloak] (pool-2-thread-1) 	... 18 more
Base IT (new)	Run tests	2025-05-02T00:34:59.4901505Z 2025-05-02 00:34:59,472 ERROR [managed.keycloak] (pool-2-thread-1) Caused by: jakarta.mail.AuthenticationFailedException: failed to connect, no password specified?
Base IT (new)	Run tests	2025-05-02T00:34:59.4906865Z 2025-05-02 00:34:59,472 ERROR [managed.keycloak] (pool-2-thread-1) 	at jakarta.mail.Service.connect(Service.java:376)
Base IT (new)	Run tests	2025-05-02T00:34:59.4910852Z 2025-05-02 00:34:59,472 ERROR [managed.keycloak] (pool-2-thread-1) 	at jakarta.mail.Service.connect(Service.java:222)
Base IT (new)	Run tests	2025-05-02T00:35:00.3221653Z [INFO] Tests run: 8, Failures: 0, Errors: 0, Skipped: 0, Time elapsed: 1.679 s - in org.keycloak.tests.admin.SMTPConnectionTest
Base IT (new)	Run tests	2025-05-02T00:35:00.3223194Z [INFO] Running org.keycloak.tests.admin.TimeOffsetTest
Base IT (new)	Run tests	2025-05-02T00:35:00.3224240Z 2025-05-02 00:35:00,312 INFO  [testinfo] (main) ----------------------------------------------------------------
Base IT (new)	Run tests	2025-05-02T00:35:00.3227232Z 2025-05-02 00:35:00,312 INFO  [testinfo] (main)    RUNNING - org.keycloak.tests.admin.TimeOffsetTest
Base IT (new)	Run tests	2025-05-02T00:35:01.6197067Z [INFO] Tests run: 1, Failures: 0, Errors: 0, Skipped: 0, Time elapsed: 1.297 s - in org.keycloak.tests.admin.TimeOffsetTest
Base IT (new)	Run tests	2025-05-02T00:35:01.6198182Z [INFO] Running org.keycloak.tests.admin.UsersTest
Base IT (new)	Run tests	2025-05-02T00:35:01.6198967Z 2025-05-02 00:35:01,610 INFO  [testinfo] (main) ----------------------------------------------------------------
Base IT (new)	Run tests	2025-05-02T00:35:01.6199920Z 2025-05-02 00:35:01,610 INFO  [testinfo] (main)    RUNNING - org.keycloak.tests.admin.UsersTest
Base IT (new)	Run tests	2025-05-02T00:35:06.8719712Z [INFO] Tests run: 8, Failures: 0, Errors: 0, Skipped: 0, Time elapsed: 5.25 s - in org.keycloak.tests.admin.UsersTest
Base IT (new)	Run tests	2025-05-02T00:35:06.8727932Z [INFO] Running org.keycloak.tests.admin.authentication.AuthenticatorConfigTest
Base IT (new)	Run tests	2025-05-02T00:35:06.8732018Z 2025-05-02 00:35:06,862 INFO  [testinfo] (main) ----------------------------------------------------------------
Base IT (new)	Run tests	2025-05-02T00:35:06.8733643Z 2025-05-02 00:35:06,862 INFO  [testinfo] (main)    RUNNING - org.keycloak.tests.admin.authentication.AuthenticatorConfigTest
Base IT (new)	Run tests	2025-05-02T00:35:08.7171925Z [INFO] Tests run: 8, Failures: 0, Errors: 0, Skipped: 0, Time elapsed: 1.843 s - in org.keycloak.tests.admin.authentication.AuthenticatorConfigTest
Base IT (new)	Run tests	2025-05-02T00:35:08.7174337Z [INFO] Running org.keycloak.tests.admin.authentication.ExecutionTest
Base IT (new)	Run tests	2025-05-02T00:35:08.7176447Z 2025-05-02 00:35:08,707 INFO  [testinfo] (main) ----------------------------------------------------------------
Base IT (new)	Run tests	2025-05-02T00:35:08.7177782Z 2025-05-02 00:35:08,707 INFO  [testinfo] (main)    RUNNING - org.keycloak.tests.admin.authentication.ExecutionTest
Base IT (new)	Run tests	2025-05-02T00:35:09.6900217Z [INFO] Tests run: 5, Failures: 0, Errors: 0, Skipped: 0, Time elapsed: 0.968 s - in org.keycloak.tests.admin.authentication.ExecutionTest
Base IT (new)	Run tests	2025-05-02T00:35:09.6902105Z [INFO] Running org.keycloak.tests.admin.authentication.FlowTest
Base IT (new)	Run tests	2025-05-02T00:35:09.6903400Z 2025-05-02 00:35:09,679 INFO  [testinfo] (main) ----------------------------------------------------------------
Base IT (new)	Run tests	2025-05-02T00:35:09.6904904Z 2025-05-02 00:35:09,679 INFO  [testinfo] (main)    RUNNING - org.keycloak.tests.admin.authentication.FlowTest
Base IT (new)	Run tests	2025-05-02T00:35:11.1238884Z 2025-05-02 00:35:11,119 ERROR [managed.keycloak] (pool-2-thread-1) [org.keycloak.services.error.KeycloakErrorHandler] (executor-thread-2) Uncaught server error: org.keycloak.models.ModelException: Database operation failed
Base IT (new)	Run tests	2025-05-02T00:35:11.3303959Z [INFO] Tests run: 13, Failures: 0, Errors: 0, Skipped: 0, Time elapsed: 1.64 s - in org.keycloak.tests.admin.authentication.FlowTest
Base IT (new)	Run tests	2025-05-02T00:35:11.3305297Z [INFO] Running org.keycloak.tests.admin.authentication.InitialFlowsTest
Base IT (new)	Run tests	2025-05-02T00:35:11.3319602Z 2025-05-02 00:35:11,320 INFO  [testinfo] (main) ----------------------------------------------------------------
Base IT (new)	Run tests	2025-05-02T00:35:11.3321323Z 2025-05-02 00:35:11,320 INFO  [testinfo] (main)    RUNNING - org.keycloak.tests.admin.authentication.InitialFlowsTest
Base IT (new)	Run tests	2025-05-02T00:35:11.8123286Z [INFO] Tests run: 1, Failures: 0, Errors: 0, Skipped: 0, Time elapsed: 0.48 s - in org.keycloak.tests.admin.authentication.InitialFlowsTest
Base IT (new)	Run tests	2025-05-02T00:35:11.8124508Z [INFO] Running org.keycloak.tests.admin.authentication.ProvidersTest
Base IT (new)	Run tests	2025-05-02T00:35:11.8125486Z 2025-05-02 00:35:11,801 INFO  [testinfo] (main) ----------------------------------------------------------------
Base IT (new)	Run tests	2025-05-02T00:35:11.8126572Z 2025-05-02 00:35:11,801 INFO  [testinfo] (main)    RUNNING - org.keycloak.tests.admin.authentication.ProvidersTest
Base IT (new)	Run tests	2025-05-02T00:35:12.3708904Z [INFO] Tests run: 6, Failures: 0, Errors: 0, Skipped: 0, Time elapsed: 0.558 s - in org.keycloak.tests.admin.authentication.ProvidersTest
Base IT (new)	Run tests	2025-05-02T00:35:12.3714740Z [INFO] Running org.keycloak.tests.admin.authentication.RegistrationFlowTest
Base IT (new)	Run tests	2025-05-02T00:35:12.3715961Z 2025-05-02 00:35:12,361 INFO  [testinfo] (main) ----------------------------------------------------------------
Base IT (new)	Run tests	2025-05-02T00:35:12.3717766Z 2025-05-02 00:35:12,361 INFO  [testinfo] (main)    RUNNING - org.keycloak.tests.admin.authentication.RegistrationFlowTest
Base IT (new)	Run tests	2025-05-02T00:35:13.1267626Z [INFO] Tests run: 1, Failures: 0, Errors: 0, Skipped: 0, Time elapsed: 0.753 s - in org.keycloak.tests.admin.authentication.RegistrationFlowTest
Base IT (new)	Run tests	2025-05-02T00:35:13.1269036Z [INFO] Running org.keycloak.tests.admin.authentication.ShiftExecutionTest
Base IT (new)	Run tests	2025-05-02T00:35:13.1270114Z 2025-05-02 00:35:13,116 INFO  [testinfo] (main) ----------------------------------------------------------------
Base IT (new)	Run tests	2025-05-02T00:35:13.1276978Z 2025-05-02 00:35:13,117 INFO  [testinfo] (main)    RUNNING - org.keycloak.tests.admin.authentication.ShiftExecutionTest
Base IT (new)	Run tests	2025-05-02T00:35:13.8696412Z [INFO] Tests run: 2, Failures: 0, Errors: 0, Skipped: 0, Time elapsed: 0.725 s - in org.keycloak.tests.admin.authentication.ShiftExecutionTest
Base IT (new)	Run tests	2025-05-02T00:35:13.8698599Z [INFO] Running org.keycloak.tests.admin.authentication.ShiftRequiredActionTest
Base IT (new)	Run tests	2025-05-02T00:35:13.8699974Z 2025-05-02 00:35:13,846 INFO  [testinfo] (main) ----------------------------------------------------------------
Base IT (new)	Run tests	2025-05-02T00:35:13.8717807Z 2025-05-02 00:35:13,846 INFO  [testinfo] (main)    RUNNING - org.keycloak.tests.admin.authentication.ShiftRequiredActionTest
Base IT (new)	Run tests	2025-05-02T00:35:14.7669973Z [INFO] Tests run: 1, Failures: 0, Errors: 0, Skipped: 0, Time elapsed: 0.909 s - in org.keycloak.tests.admin.authentication.ShiftRequiredActionTest
Base IT (new)	Run tests	2025-05-02T00:35:14.7671481Z [INFO] Running org.keycloak.tests.admin.authz.fgap.ClientResourceTypeEvaluationTest
Base IT (new)	Run tests	2025-05-02T00:35:14.7672537Z 2025-05-02 00:35:14,757 INFO  [testinfo] (main) ----------------------------------------------------------------
Base IT (new)	Run tests	2025-05-02T00:35:14.7673679Z 2025-05-02 00:35:14,757 INFO  [testinfo] (main)    RUNNING - org.keycloak.tests.admin.authz.fgap.ClientResourceTypeEvaluationTest
Base IT (new)	Run tests	2025-05-02T00:35:16.9505811Z [INFO] Tests run: 10, Failures: 0, Errors: 0, Skipped: 0, Time elapsed: 2.181 s - in org.keycloak.tests.admin.authz.fgap.ClientResourceTypeEvaluationTest
Base IT (new)	Run tests	2025-05-02T00:35:16.9509299Z [INFO] Running org.keycloak.tests.admin.authz.fgap.ClientResourceTypeFilteringTest
Base IT (new)	Run tests	2025-05-02T00:35:16.9510511Z 2025-05-02 00:35:16,941 INFO  [testinfo] (main) ----------------------------------------------------------------
Base IT (new)	Run tests	2025-05-02T00:35:16.9511743Z 2025-05-02 00:35:16,941 INFO  [testinfo] (main)    RUNNING - org.keycloak.tests.admin.authz.fgap.ClientResourceTypeFilteringTest
Base IT (new)	Run tests	2025-05-02T00:35:21.8138209Z [INFO] Tests run: 5, Failures: 0, Errors: 0, Skipped: 0, Time elapsed: 4.863 s - in org.keycloak.tests.admin.authz.fgap.ClientResourceTypeFilteringTest
Base IT (new)	Run tests	2025-05-02T00:35:21.8147862Z [INFO] Running org.keycloak.tests.admin.authz.fgap.ClientResourceTypePermissionTest
Base IT (new)	Run tests	2025-05-02T00:35:21.8149350Z 2025-05-02 00:35:21,806 INFO  [testinfo] (main) ----------------------------------------------------------------
Base IT (new)	Run tests	2025-05-02T00:35:21.8150341Z 2025-05-02 00:35:21,806 INFO  [testinfo] (main)    RUNNING - org.keycloak.tests.admin.authz.fgap.ClientResourceTypePermissionTest
Base IT (new)	Run tests	2025-05-02T00:35:22.8273756Z [INFO] Tests run: 3, Failures: 0, Errors: 0, Skipped: 0, Time elapsed: 1.008 s - in org.keycloak.tests.admin.authz.fgap.ClientResourceTypePermissionTest
Base IT (new)	Run tests	2025-05-02T00:35:22.8277362Z [INFO] Running org.keycloak.tests.admin.authz.fgap.FeatureV2EnabledTest
Base IT (new)	Run tests	2025-05-02T00:35:22.8280266Z 2025-05-02 00:35:22,816 INFO  [testinfo] (main) ----------------------------------------------------------------
Base IT (new)	Run tests	2025-05-02T00:35:22.8284021Z 2025-05-02 00:35:22,816 INFO  [testinfo] (main)    RUNNING - org.keycloak.tests.admin.authz.fgap.FeatureV2EnabledTest
Base IT (new)	Run tests	2025-05-02T00:35:23.5258972Z [INFO] Tests run: 2, Failures: 0, Errors: 0, Skipped: 0, Time elapsed: 0.698 s - in org.keycloak.tests.admin.authz.fgap.FeatureV2EnabledTest
Base IT (new)	Run tests	2025-05-02T00:35:23.5261998Z [INFO] Running org.keycloak.tests.admin.authz.fgap.FineGrainedPermissionsUsersTest
Base IT (new)	Run tests	2025-05-02T00:35:23.5263078Z 2025-05-02 00:35:23,515 INFO  [testinfo] (main) ----------------------------------------------------------------
Base IT (new)	Run tests	2025-05-02T00:35:23.5264342Z 2025-05-02 00:35:23,515 INFO  [testinfo] (main)    RUNNING - org.keycloak.tests.admin.authz.fgap.FineGrainedPermissionsUsersTest
Base IT (new)	Run tests	2025-05-02T00:35:37.0373813Z [INFO] Tests run: 6, Failures: 0, Errors: 0, Skipped: 0, Time elapsed: 13.497 s - in org.keycloak.tests.admin.authz.fgap.FineGrainedPermissionsUsersTest
Base IT (new)	Run tests	2025-05-02T00:35:37.0378457Z [INFO] Running org.keycloak.tests.admin.authz.fgap.GroupResourceTypeEvaluationTest
Base IT (new)	Run tests	2025-05-02T00:35:37.0388659Z 2025-05-02 00:35:37,014 INFO  [testinfo] (main) ----------------------------------------------------------------
Base IT (new)	Run tests	2025-05-02T00:35:37.0394344Z 2025-05-02 00:35:37,014 INFO  [testinfo] (main)    RUNNING - org.keycloak.tests.admin.authz.fgap.GroupResourceTypeEvaluationTest
Base IT (new)	Run tests	2025-05-02T00:35:40.3088131Z [INFO] Tests run: 10, Failures: 0, Errors: 0, Skipped: 0, Time elapsed: 3.284 s - in org.keycloak.tests.admin.authz.fgap.GroupResourceTypeEvaluationTest
Base IT (new)	Run tests	2025-05-02T00:35:40.3089674Z [INFO] Running org.keycloak.tests.admin.authz.fgap.GroupResourceTypeFilteringTest
Base IT (new)	Run tests	2025-05-02T00:35:40.3090758Z 2025-05-02 00:35:40,300 INFO  [testinfo] (main) ----------------------------------------------------------------
Base IT (new)	Run tests	2025-05-02T00:35:40.3092296Z 2025-05-02 00:35:40,300 INFO  [testinfo] (main)    RUNNING - org.keycloak.tests.admin.authz.fgap.GroupResourceTypeFilteringTest
Base IT (new)	Run tests	2025-05-02T00:35:51.2620918Z [INFO] Tests run: 4, Failures: 0, Errors: 0, Skipped: 0, Time elapsed: 10.951 s - in org.keycloak.tests.admin.authz.fgap.GroupResourceTypeFilteringTest
Base IT (new)	Run tests	2025-05-02T00:35:51.2622603Z [INFO] Running org.keycloak.tests.admin.authz.fgap.GroupResourceTypePermissionTest
Base IT (new)	Run tests	2025-05-02T00:35:51.2623642Z 2025-05-02 00:35:51,253 INFO  [testinfo] (main) ----------------------------------------------------------------
Base IT (new)	Run tests	2025-05-02T00:35:51.2624822Z 2025-05-02 00:35:51,253 INFO  [testinfo] (main)    RUNNING - org.keycloak.tests.admin.authz.fgap.GroupResourceTypePermissionTest
Base IT (new)	Run tests	2025-05-02T00:35:52.0838132Z [INFO] Tests run: 3, Failures: 0, Errors: 0, Skipped: 0, Time elapsed: 0.82 s - in org.keycloak.tests.admin.authz.fgap.GroupResourceTypePermissionTest
Base IT (new)	Run tests	2025-05-02T00:35:52.0842335Z [INFO] Running org.keycloak.tests.admin.authz.fgap.PermissionRESTTest
Base IT (new)	Run tests	2025-05-02T00:35:52.0843829Z 2025-05-02 00:35:52,075 INFO  [testinfo] (main) ----------------------------------------------------------------
Base IT (new)	Run tests	2025-05-02T00:35:52.0845673Z 2025-05-02 00:35:52,075 INFO  [testinfo] (main)    RUNNING - org.keycloak.tests.admin.authz.fgap.PermissionRESTTest
Base IT (new)	Run tests	2025-05-02T00:35:52.9694476Z [INFO] Tests run: 6, Failures: 0, Errors: 0, Skipped: 0, Time elapsed: 0.884 s - in org.keycloak.tests.admin.authz.fgap.PermissionRESTTest
Base IT (new)	Run tests	2025-05-02T00:35:52.9696330Z [INFO] Running org.keycloak.tests.admin.authz.fgap.RoleResourceTypeEvaluationTest
Base IT (new)	Run tests	2025-05-02T00:35:52.9697720Z 2025-05-02 00:35:52,961 INFO  [testinfo] (main) ----------------------------------------------------------------
Base IT (new)	Run tests	2025-05-02T00:35:52.9698974Z 2025-05-02 00:35:52,961 INFO  [testinfo] (main)    RUNNING - org.keycloak.tests.admin.authz.fgap.RoleResourceTypeEvaluationTest
Base IT (new)	Run tests	2025-05-02T00:35:54.3645864Z [INFO] Tests run: 3, Failures: 0, Errors: 0, Skipped: 0, Time elapsed: 1.393 s - in org.keycloak.tests.admin.authz.fgap.RoleResourceTypeEvaluationTest
Base IT (new)	Run tests	2025-05-02T00:35:54.3648380Z [INFO] Running org.keycloak.tests.admin.authz.fgap.RoleResourceTypePermissionTest
Base IT (new)	Run tests	2025-05-02T00:35:54.3651018Z 2025-05-02 00:35:54,355 INFO  [testinfo] (main) ----------------------------------------------------------------
Base IT (new)	Run tests	2025-05-02T00:35:54.3652300Z 2025-05-02 00:35:54,355 INFO  [testinfo] (main)    RUNNING - org.keycloak.tests.admin.authz.fgap.RoleResourceTypePermissionTest
Base IT (new)	Run tests	2025-05-02T00:35:55.2294101Z [INFO] Tests run: 3, Failures: 0, Errors: 0, Skipped: 0, Time elapsed: 0.863 s - in org.keycloak.tests.admin.authz.fgap.RoleResourceTypePermissionTest
Base IT (new)	Run tests	2025-05-02T00:35:55.2299464Z [INFO] Running org.keycloak.tests.admin.authz.fgap.UserResourceTypeEvaluationSpecTest
Base IT (new)	Run tests	2025-05-02T00:35:55.2300762Z 2025-05-02 00:35:55,221 INFO  [testinfo] (main) ----------------------------------------------------------------
Base IT (new)	Run tests	2025-05-02T00:35:55.2302257Z 2025-05-02 00:35:55,221 INFO  [testinfo] (main)    RUNNING - org.keycloak.tests.admin.authz.fgap.UserResourceTypeEvaluationSpecTest
Base IT (new)	Run tests	2025-05-02T00:36:16.4460052Z [INFO] Tests run: 66, Failures: 0, Errors: 0, Skipped: 0, Time elapsed: 21.205 s - in org.keycloak.tests.admin.authz.fgap.UserResourceTypeEvaluationSpecTest
Base IT (new)	Run tests	2025-05-02T00:36:16.4497836Z [INFO] Running org.keycloak.tests.admin.authz.fgap.UserResourceTypeEvaluationTest
Base IT (new)	Run tests	2025-05-02T00:36:16.4499420Z 2025-05-02 00:36:16,427 INFO  [testinfo] (main) ----------------------------------------------------------------
Base IT (new)	Run tests	2025-05-02T00:36:16.4500815Z 2025-05-02 00:36:16,427 INFO  [testinfo] (main)    RUNNING - org.keycloak.tests.admin.authz.fgap.UserResourceTypeEvaluationTest
Base IT (new)	Run tests	2025-05-02T00:36:18.7929903Z [INFO] Tests run: 12, Failures: 0, Errors: 0, Skipped: 0, Time elapsed: 2.354 s - in org.keycloak.tests.admin.authz.fgap.UserResourceTypeEvaluationTest
Base IT (new)	Run tests	2025-05-02T00:36:18.7931457Z [INFO] Running org.keycloak.tests.admin.authz.fgap.UserResourceTypeFilteringTest
Base IT (new)	Run tests	2025-05-02T00:36:18.7932585Z 2025-05-02 00:36:18,783 INFO  [testinfo] (main) ----------------------------------------------------------------
Base IT (new)	Run tests	2025-05-02T00:36:18.7934148Z 2025-05-02 00:36:18,783 INFO  [testinfo] (main)    RUNNING - org.keycloak.tests.admin.authz.fgap.UserResourceTypeFilteringTest
Base IT (new)	Run tests	2025-05-02T00:36:26.8968214Z [INFO] Tests run: 11, Failures: 0, Errors: 0, Skipped: 0, Time elapsed: 8.095 s - in org.keycloak.tests.admin.authz.fgap.UserResourceTypeFilteringTest
Base IT (new)	Run tests	2025-05-02T00:36:26.8970603Z [INFO] Running org.keycloak.tests.admin.authz.fgap.UserResourceTypePermissionTest
Base IT (new)	Run tests	2025-05-02T00:36:26.8972965Z 2025-05-02 00:36:26,881 INFO  [testinfo] (main) ----------------------------------------------------------------
Base IT (new)	Run tests	2025-05-02T00:36:26.8976228Z 2025-05-02 00:36:26,881 INFO  [testinfo] (main)    RUNNING - org.keycloak.tests.admin.authz.fgap.UserResourceTypePermissionTest
Base IT (new)	Run tests	2025-05-02T00:36:27.9358111Z [INFO] Tests run: 7, Failures: 0, Errors: 0, Skipped: 0, Time elapsed: 1.045 s - in org.keycloak.tests.admin.authz.fgap.UserResourceTypePermissionTest
Base IT (new)	Run tests	2025-05-02T00:36:27.9359886Z [INFO] Running org.keycloak.tests.admin.client.ClientDescriptionConverterTest
Base IT (new)	Run tests	2025-05-02T00:36:27.9360750Z 2025-05-02 00:36:27,926 INFO  [testinfo] (main) ----------------------------------------------------------------
Base IT (new)	Run tests	2025-05-02T00:36:27.9361576Z 2025-05-02 00:36:27,926 INFO  [testinfo] (main)    RUNNING - org.keycloak.tests.admin.client.ClientDescriptionConverterTest
Base IT (new)	Run tests	2025-05-02T00:36:28.5966890Z [INFO] Tests run: 1, Failures: 0, Errors: 0, Skipped: 0, Time elapsed: 0.658 s - in org.keycloak.tests.admin.client.ClientDescriptionConverterTest
Base IT (new)	Run tests	2025-05-02T00:36:28.5968291Z [INFO] Running org.keycloak.tests.admin.client.ClientProtocolMapperTest
Base IT (new)	Run tests	2025-05-02T00:36:28.5969265Z 2025-05-02 00:36:28,587 INFO  [testinfo] (main) ----------------------------------------------------------------
Base IT (new)	Run tests	2025-05-02T00:36:28.5970383Z 2025-05-02 00:36:28,587 INFO  [testinfo] (main)    RUNNING - org.keycloak.tests.admin.client.ClientProtocolMapperTest
Base IT (new)	Run tests	2025-05-02T00:36:29.6168855Z [INFO] Tests run: 10, Failures: 0, Errors: 0, Skipped: 0, Time elapsed: 1.017 s - in org.keycloak.tests.admin.client.ClientProtocolMapperTest
Base IT (new)	Run tests	2025-05-02T00:36:29.6170460Z [INFO] Running org.keycloak.tests.admin.client.ClientRolesTest
Base IT (new)	Run tests	2025-05-02T00:36:29.6171354Z 2025-05-02 00:36:29,605 INFO  [testinfo] (main) ----------------------------------------------------------------
Base IT (new)	Run tests	2025-05-02T00:36:29.6172405Z 2025-05-02 00:36:29,605 INFO  [testinfo] (main)    RUNNING - org.keycloak.tests.admin.client.ClientRolesTest
Base IT (new)	Run tests	2025-05-02T00:36:31.0465866Z [INFO] Tests run: 12, Failures: 0, Errors: 0, Skipped: 0, Time elapsed: 1.431 s - in org.keycloak.tests.admin.client.ClientRolesTest
Base IT (new)	Run tests	2025-05-02T00:36:31.0467448Z [INFO] Running org.keycloak.tests.admin.client.ClientScopeProtocolMapperTest
Base IT (new)	Run tests	2025-05-02T00:36:31.0468223Z 2025-05-02 00:36:31,038 INFO  [testinfo] (main) ----------------------------------------------------------------
Base IT (new)	Run tests	2025-05-02T00:36:31.0469064Z 2025-05-02 00:36:31,038 INFO  [testinfo] (main)    RUNNING - org.keycloak.tests.admin.client.ClientScopeProtocolMapperTest
Base IT (new)	Run tests	2025-05-02T00:36:32.2552493Z [INFO] Tests run: 10, Failures: 0, Errors: 0, Skipped: 0, Time elapsed: 1.208 s - in org.keycloak.tests.admin.client.ClientScopeProtocolMapperTest
Base IT (new)	Run tests	2025-05-02T00:36:32.2554863Z [INFO] Running org.keycloak.tests.admin.client.ClientScopeTest
Base IT (new)	Run tests	2025-05-02T00:36:32.2555770Z 2025-05-02 00:36:32,247 INFO  [testinfo] (main) ----------------------------------------------------------------
Base IT (new)	Run tests	2025-05-02T00:36:32.2557110Z 2025-05-02 00:36:32,247 INFO  [testinfo] (main)    RUNNING - org.keycloak.tests.admin.client.ClientScopeTest
Base IT (new)	Run tests	2025-05-02T00:36:33.7677206Z [INFO] Tests run: 20, Failures: 0, Errors: 0, Skipped: 0, Time elapsed: 1.509 s - in org.keycloak.tests.admin.client.ClientScopeTest
Base IT (new)	Run tests	2025-05-02T00:36:33.7679181Z [INFO] Running org.keycloak.tests.admin.client.ClientSearchJpaTest
Base IT (new)	Run tests	2025-05-02T00:36:33.7681189Z 2025-05-02 00:36:33,757 INFO  [testinfo] (main) ----------------------------------------------------------------
Base IT (new)	Run tests	2025-05-02T00:36:33.7682315Z 2025-05-02 00:36:33,757 INFO  [testinfo] (main)    RUNNING - org.keycloak.tests.admin.client.ClientSearchJpaTest
Base IT (new)	Run tests	2025-05-02T00:36:34.4297916Z [INFO] Tests run: 1, Failures: 0, Errors: 0, Skipped: 0, Time elapsed: 0.663 s - in org.keycloak.tests.admin.client.ClientSearchJpaTest
Base IT (new)	Run tests	2025-05-02T00:36:34.4299235Z [INFO] Running org.keycloak.tests.admin.client.ServiceAccountClientTest
Base IT (new)	Run tests	2025-05-02T00:36:34.4300192Z 2025-05-02 00:36:34,422 INFO  [testinfo] (main) ----------------------------------------------------------------
Base IT (new)	Run tests	2025-05-02T00:36:34.4301285Z 2025-05-02 00:36:34,422 INFO  [testinfo] (main)    RUNNING - org.keycloak.tests.admin.client.ServiceAccountClientTest
Base IT (new)	Run tests	2025-05-02T00:36:35.0081335Z [INFO] Tests run: 1, Failures: 0, Errors: 0, Skipped: 0, Time elapsed: 0.574 s - in org.keycloak.tests.admin.client.ServiceAccountClientTest
Base IT (new)	Run tests	2025-05-02T00:36:35.0083666Z [INFO] Running org.keycloak.tests.admin.event.AdminEventAuthDetailsTest
Base IT (new)	Run tests	2025-05-02T00:36:35.0084625Z 2025-05-02 00:36:34,997 INFO  [testinfo] (main) ----------------------------------------------------------------
Base IT (new)	Run tests	2025-05-02T00:36:35.0085782Z 2025-05-02 00:36:34,997 INFO  [testinfo] (main)    RUNNING - org.keycloak.tests.admin.event.AdminEventAuthDetailsTest
Base IT (new)	Run tests	2025-05-02T00:36:35.8795728Z [INFO] Tests run: 2, Failures: 0, Errors: 0, Skipped: 0, Time elapsed: 0.859 s - in org.keycloak.tests.admin.event.AdminEventAuthDetailsTest
Base IT (new)	Run tests	2025-05-02T00:36:35.8800933Z [INFO] Running org.keycloak.tests.admin.event.AdminEventTest
Base IT (new)	Run tests	2025-05-02T00:36:35.8801817Z 2025-05-02 00:36:35,858 INFO  [testinfo] (main) ----------------------------------------------------------------
Base IT (new)	Run tests	2025-05-02T00:36:35.8802793Z 2025-05-02 00:36:35,858 INFO  [testinfo] (main)    RUNNING - org.keycloak.tests.admin.event.AdminEventTest
Base IT (new)	Run tests	2025-05-02T00:36:37.8638546Z [INFO] Tests run: 13, Failures: 0, Errors: 0, Skipped: 0, Time elapsed: 1.995 s - in org.keycloak.tests.admin.event.AdminEventTest
Base IT (new)	Run tests	2025-05-02T00:36:37.8640243Z [INFO] Running org.keycloak.tests.admin.event.EmailEventListenerTest
Base IT (new)	Run tests	2025-05-02T00:36:37.8642519Z 2025-05-02 00:36:37,855 INFO  [testinfo] (main) ----------------------------------------------------------------
Base IT (new)	Run tests	2025-05-02T00:36:37.8643683Z 2025-05-02 00:36:37,855 INFO  [testinfo] (main)    RUNNING - org.keycloak.tests.admin.event.EmailEventListenerTest
Base IT (new)	Run tests	2025-05-02T00:36:38.4922739Z [INFO] Tests run: 1, Failures: 0, Errors: 0, Skipped: 0, Time elapsed: 0.626 s - in org.keycloak.tests.admin.event.EmailEventListenerTest
Base IT (new)	Run tests	2025-05-02T00:36:38.4927280Z [INFO] Running org.keycloak.tests.admin.event.EventConfigTest
Base IT (new)	Run tests	2025-05-02T00:36:38.4928176Z 2025-05-02 00:36:38,482 INFO  [testinfo] (main) ----------------------------------------------------------------
Base IT (new)	Run tests	2025-05-02T00:36:38.4929220Z 2025-05-02 00:36:38,483 INFO  [testinfo] (main)    RUNNING - org.keycloak.tests.admin.event.EventConfigTest
Base IT (new)	Run tests	2025-05-02T00:36:39.3621105Z [INFO] Tests run: 6, Failures: 0, Errors: 0, Skipped: 0, Time elapsed: 0.87 s - in org.keycloak.tests.admin.event.EventConfigTest
Base IT (new)	Run tests	2025-05-02T00:36:39.3623411Z [INFO] Running org.keycloak.tests.admin.event.LoginEventsTest
Base IT (new)	Run tests	2025-05-02T00:36:39.3624357Z 2025-05-02 00:36:39,354 INFO  [testinfo] (main) ----------------------------------------------------------------
Base IT (new)	Run tests	2025-05-02T00:36:39.3625456Z 2025-05-02 00:36:39,354 INFO  [testinfo] (main)    RUNNING - org.keycloak.tests.admin.event.LoginEventsTest
Base IT (new)	Run tests	2025-05-02T00:36:41.3047894Z [INFO] Tests run: 8, Failures: 0, Errors: 0, Skipped: 0, Time elapsed: 1.935 s - in org.keycloak.tests.admin.event.LoginEventsTest
Base IT (new)	Run tests	2025-05-02T00:36:41.3050544Z [INFO] Running org.keycloak.tests.admin.group.GroupMappersTest
Base IT (new)	Run tests	2025-05-02T00:36:41.3051806Z 2025-05-02 00:36:41,291 INFO  [testinfo] (main) ----------------------------------------------------------------
Base IT (new)	Run tests	2025-05-02T00:36:41.3053362Z 2025-05-02 00:36:41,291 INFO  [testinfo] (main)    RUNNING - org.keycloak.tests.admin.group.GroupMappersTest
Base IT (new)	Run tests	2025-05-02T00:36:41.9875408Z [INFO] Tests run: 2, Failures: 0, Errors: 0, Skipped: 0, Time elapsed: 0.685 s - in org.keycloak.tests.admin.group.GroupMappersTest
Base IT (new)	Run tests	2025-05-02T00:36:41.9877248Z [INFO] Running org.keycloak.tests.admin.group.GroupSearchTest
Base IT (new)	Run tests	2025-05-02T00:36:41.9878445Z 2025-05-02 00:36:41,977 INFO  [testinfo] (main) ----------------------------------------------------------------
Base IT (new)	Run tests	2025-05-02T00:36:41.9879498Z 2025-05-02 00:36:41,977 INFO  [testinfo] (main)    RUNNING - org.keycloak.tests.admin.group.GroupSearchTest
Base IT (new)	Run tests	2025-05-02T00:36:43.7746800Z [INFO] Tests run: 8, Failures: 0, Errors: 0, Skipped: 0, Time elapsed: 1.788 s - in org.keycloak.tests.admin.group.GroupSearchTest
Base IT (new)	Run tests	2025-05-02T00:36:43.7749190Z [INFO] Running org.keycloak.tests.admin.group.GroupTest
Base IT (new)	Run tests	2025-05-02T00:36:43.7750049Z 2025-05-02 00:36:43,767 INFO  [testinfo] (main) ----------------------------------------------------------------
Base IT (new)	Run tests	2025-05-02T00:36:43.7751090Z 2025-05-02 00:36:43,767 INFO  [testinfo] (main)    RUNNING - org.keycloak.tests.admin.group.GroupTest
Base IT (new)	Run tests	2025-05-02T00:36:47.5546104Z [INFO] Tests run: 21, Failures: 0, Errors: 0, Skipped: 0, Time elapsed: 3.78 s - in org.keycloak.tests.admin.group.GroupTest
Base IT (new)	Run tests	2025-05-02T00:36:47.5547663Z [INFO] Running org.keycloak.tests.admin.partialexport.PartialExportTest
Base IT (new)	Run tests	2025-05-02T00:36:47.5548678Z 2025-05-02 00:36:47,547 INFO  [testinfo] (main) ----------------------------------------------------------------
Base IT (new)	Run tests	2025-05-02T00:36:47.5549854Z 2025-05-02 00:36:47,548 INFO  [testinfo] (main)    RUNNING - org.keycloak.tests.admin.partialexport.PartialExportTest
Base IT (new)	Run tests	2025-05-02T00:36:48.3587482Z [INFO] Tests run: 1, Failures: 0, Errors: 0, Skipped: 0, Time elapsed: 0.802 s - in org.keycloak.tests.admin.partialexport.PartialExportTest
Base IT (new)	Run tests	2025-05-02T00:36:48.3588796Z [INFO] Running org.keycloak.tests.admin.userprofile.UserProfileAdminTest
Base IT (new)	Run tests	2025-05-02T00:36:48.3589789Z 2025-05-02 00:36:48,350 INFO  [testinfo] (main) ----------------------------------------------------------------
Base IT (new)	Run tests	2025-05-02T00:36:48.3591029Z 2025-05-02 00:36:48,351 INFO  [testinfo] (main)    RUNNING - org.keycloak.tests.admin.userprofile.UserProfileAdminTest
Base IT (new)	Run tests	2025-05-02T00:36:49.4910660Z [INFO] Tests run: 8, Failures: 0, Errors: 0, Skipped: 0, Time elapsed: 1.13 s - in org.keycloak.tests.admin.userprofile.UserProfileAdminTest
Base IT (new)	Run tests	2025-05-02T00:36:49.4912552Z [INFO] Running org.keycloak.tests.welcomepage.WelcomePageTest
Base IT (new)	Run tests	2025-05-02T00:36:49.4913479Z 2025-05-02 00:36:49,483 INFO  [testinfo] (main) ----------------------------------------------------------------
Base IT (new)	Run tests	2025-05-02T00:36:49.4914544Z 2025-05-02 00:36:49,483 INFO  [testinfo] (main)    RUNNING - org.keycloak.tests.welcomepage.WelcomePageTest
Base IT (new)	Run tests	2025-05-02T00:36:49.8175862Z [INFO] Tests run: 6, Failures: 0, Errors: 0, Skipped: 0, Time elapsed: 0.318 s - in org.keycloak.tests.welcomepage.WelcomePageTest
Base IT (new)	Run tests	2025-05-02T00:36:49.8179926Z [INFO] Running org.keycloak.tests.admin.AdminRootEdgeTest
Base IT (new)	Run tests	2025-05-02T00:36:49.8207656Z 2025-05-02 00:36:49,802 INFO  [testinfo] (main) ----------------------------------------------------------------
Base IT (new)	Run tests	2025-05-02T00:36:49.8209183Z 2025-05-02 00:36:49,802 INFO  [testinfo] (main)    RUNNING - org.keycloak.tests.admin.AdminRootEdgeTest
Base IT (new)	Run tests	2025-05-02T00:37:13.0307093Z [INFO] Tests run: 2, Failures: 0, Errors: 0, Skipped: 0, Time elapsed: 23.217 s - in org.keycloak.tests.admin.AdminRootEdgeTest
Base IT (new)	Run tests	2025-05-02T00:37:13.0308252Z [INFO] Running org.keycloak.tests.admin.AdminRootTest
Base IT (new)	Run tests	2025-05-02T00:37:13.0309137Z 2025-05-02 00:37:13,021 INFO  [testinfo] (main) ----------------------------------------------------------------
Base IT (new)	Run tests	2025-05-02T00:37:13.0310201Z 2025-05-02 00:37:13,021 INFO  [testinfo] (main)    RUNNING - org.keycloak.tests.admin.AdminRootTest
Base IT (new)	Run tests	2025-05-02T00:37:36.1846955Z [INFO] Tests run: 3, Failures: 0, Errors: 0, Skipped: 0, Time elapsed: 23.152 s - in org.keycloak.tests.admin.AdminRootTest
Base IT (new)	Run tests	2025-05-02T00:37:36.1849985Z [INFO] Running org.keycloak.tests.admin.AuthzCleanupTest
Base IT (new)	Run tests	2025-05-02T00:37:36.1851354Z 2025-05-02 00:37:36,174 INFO  [testinfo] (main) ----------------------------------------------------------------
Base IT (new)	Run tests	2025-05-02T00:37:36.1853109Z 2025-05-02 00:37:36,174 INFO  [testinfo] (main)    RUNNING - org.keycloak.tests.admin.AuthzCleanupTest
Base IT (new)	Run tests	2025-05-02T00:38:02.0795149Z [INFO] Tests run: 1, Failures: 0, Errors: 0, Skipped: 0, Time elapsed: 25.888 s - in org.keycloak.tests.admin.AuthzCleanupTest
Base IT (new)	Run tests	2025-05-02T00:38:02.0797730Z [INFO] Running org.keycloak.tests.admin.FineGrainedPermissionsV1UsersTest
Base IT (new)	Run tests	2025-05-02T00:38:02.0799177Z 2025-05-02 00:38:02,064 INFO  [testinfo] (main) ----------------------------------------------------------------
Base IT (new)	Run tests	2025-05-02T00:38:02.0800932Z 2025-05-02 00:38:02,065 INFO  [testinfo] (main)    RUNNING - org.keycloak.tests.admin.FineGrainedPermissionsV1UsersTest
Base IT (new)	Run tests	2025-05-02T00:38:37.9039950Z [INFO] Tests run: 6, Failures: 0, Errors: 0, Skipped: 0, Time elapsed: 35.812 s - in org.keycloak.tests.admin.FineGrainedPermissionsV1UsersTest
Base IT (new)	Run tests	2025-05-02T00:38:37.9104288Z [INFO] Running org.keycloak.tests.admin.ImpersonationDisabledTest
Base IT (new)	Run tests	2025-05-02T00:38:37.9110992Z 2025-05-02 00:38:37,879 INFO  [testinfo] (main) ----------------------------------------------------------------
Base IT (new)	Run tests	2025-05-02T00:38:37.9112589Z 2025-05-02 00:38:37,880 INFO  [testinfo] (main)    RUNNING - org.keycloak.tests.admin.ImpersonationDisabledTest
Base IT (new)	Run tests	2025-05-02T00:39:04.7468622Z [INFO] Tests run: 1, Failures: 0, Errors: 0, Skipped: 0, Time elapsed: 26.856 s - in org.keycloak.tests.admin.ImpersonationDisabledTest
Base IT (new)	Run tests	2025-05-02T00:39:04.7474213Z [INFO] Running org.keycloak.tests.admin.ManagementPermissionsTest
Base IT (new)	Run tests	2025-05-02T00:39:04.7475766Z 2025-05-02 00:39:04,736 INFO  [testinfo] (main) ----------------------------------------------------------------
Base IT (new)	Run tests	2025-05-02T00:39:04.7477931Z 2025-05-02 00:39:04,736 INFO  [testinfo] (main)    RUNNING - org.keycloak.tests.admin.ManagementPermissionsTest
Base IT (new)	Run tests	2025-05-02T00:39:31.6430890Z [INFO] Tests run: 4, Failures: 0, Errors: 0, Skipped: 0, Time elapsed: 26.892 s - in org.keycloak.tests.admin.ManagementPermissionsTest
Base IT (new)	Run tests	2025-05-02T00:39:31.6431962Z [INFO] Running org.keycloak.tests.admin.SMTPConnectionVaultTest
Base IT (new)	Run tests	2025-05-02T00:39:31.6432694Z 2025-05-02 00:39:31,629 INFO  [testinfo] (main) ----------------------------------------------------------------
Base IT (new)	Run tests	2025-05-02T00:39:31.6433537Z 2025-05-02 00:39:31,629 INFO  [testinfo] (main)    RUNNING - org.keycloak.tests.admin.SMTPConnectionVaultTest
Base IT (new)	Run tests	2025-05-02T00:39:58.1804569Z [INFO] Tests run: 1, Failures: 0, Errors: 0, Skipped: 0, Time elapsed: 26.536 s - in org.keycloak.tests.admin.SMTPConnectionVaultTest
Base IT (new)	Run tests	2025-05-02T00:39:58.1805993Z [INFO] Running org.keycloak.tests.admin.authentication.RequiredActionsTest
Base IT (new)	Run tests	2025-05-02T00:39:58.1808078Z 2025-05-02 00:39:58,167 INFO  [testinfo] (main) ----------------------------------------------------------------
Base IT (new)	Run tests	2025-05-02T00:39:58.1812783Z 2025-05-02 00:39:58,168 INFO  [testinfo] (main)    RUNNING - org.keycloak.tests.admin.authentication.RequiredActionsTest
Base IT (new)	Run tests	2025-05-02T00:39:59.0552816Z 2025-05-02 00:39:59,035 WARN  [org.jboss.resteasy.client.jaxrs.i18n] (Cleaner-0) RESTEASY004687: Closing a class org.jboss.resteasy.client.jaxrs.engines.ManualClosingApacheHttpClient43Engine$CleanupAction instance for you. Please close clients yourself.
Base IT (new)	Run tests	2025-05-02T00:39:59.0557603Z 2025-05-02 00:39:59,035 WARN  [org.jboss.resteasy.client.jaxrs.i18n] (Cleaner-0) RESTEASY004687: Closing a class org.jboss.resteasy.client.jaxrs.engines.ManualClosingApacheHttpClient43Engine$CleanupAction instance for you. Please close clients yourself.
Base IT (new)	Run tests	2025-05-02T00:39:59.0564753Z 2025-05-02 00:39:59,036 WARN  [org.jboss.resteasy.client.jaxrs.i18n] (Cleaner-0) RESTEASY004687: Closing a class org.jboss.resteasy.client.jaxrs.engines.ManualClosingApacheHttpClient43Engine$CleanupAction instance for you. Please close clients yourself.
Base IT (new)	Run tests	2025-05-02T00:39:59.0568618Z 2025-05-02 00:39:59,036 WARN  [org.jboss.resteasy.client.jaxrs.i18n] (Cleaner-0) RESTEASY004687: Closing a class org.jboss.resteasy.client.jaxrs.engines.ManualClosingApacheHttpClient43Engine$CleanupAction instance for you. Please close clients yourself.
Base IT (new)	Run tests	2025-05-02T00:39:59.0572857Z 2025-05-02 00:39:59,036 WARN  [org.jboss.resteasy.client.jaxrs.i18n] (Cleaner-0) RESTEASY004687: Closing a class org.jboss.resteasy.client.jaxrs.engines.ManualClosingApacheHttpClient43Engine$CleanupAction instance for you. Please close clients yourself.
Base IT (new)	Run tests	2025-05-02T00:39:59.0576335Z 2025-05-02 00:39:59,037 WARN  [org.jboss.resteasy.client.jaxrs.i18n] (Cleaner-0) RESTEASY004687: Closing a class org.jboss.resteasy.client.jaxrs.engines.ManualClosingApacheHttpClient43Engine$CleanupAction instance for you. Please close clients yourself.
Base IT (new)	Run tests	2025-05-02T00:40:24.5516222Z [INFO] Tests run: 4, Failures: 0, Errors: 0, Skipped: 0, Time elapsed: 26.354 s - in org.keycloak.tests.admin.authentication.RequiredActionsTest
Base IT (new)	Run tests	2025-05-02T00:40:24.5522250Z [INFO] Running org.keycloak.tests.admin.authz.fgap.FeatureV1EnabledTest
Base IT (new)	Run tests	2025-05-02T00:40:24.5527972Z 2025-05-02 00:40:24,523 INFO  [testinfo] (main) ----------------------------------------------------------------
Base IT (new)	Run tests	2025-05-02T00:40:24.5531763Z 2025-05-02 00:40:24,523 INFO  [testinfo] (main)    RUNNING - org.keycloak.tests.admin.authz.fgap.FeatureV1EnabledTest
Base IT (new)	Run tests	2025-05-02T00:40:50.1094610Z [INFO] Tests run: 1, Failures: 0, Errors: 0, Skipped: 0, Time elapsed: 25.573 s - in org.keycloak.tests.admin.authz.fgap.FeatureV1EnabledTest
Base IT (new)	Run tests	2025-05-02T00:40:50.1097376Z [INFO] Running org.keycloak.tests.admin.client.ClientSearchTest
Base IT (new)	Run tests	2025-05-02T00:40:50.1098228Z 2025-05-02 00:40:50,098 INFO  [testinfo] (main) ----------------------------------------------------------------
Base IT (new)	Run tests	2025-05-02T00:40:50.1099185Z 2025-05-02 00:40:50,098 INFO  [testinfo] (main)    RUNNING - org.keycloak.tests.admin.client.ClientSearchTest
Base IT (new)	Run tests	2025-05-02T00:41:15.7269112Z [INFO] Tests run: 1, Failures: 0, Errors: 0, Skipped: 0, Time elapsed: 25.615 s - in org.keycloak.tests.admin.client.ClientSearchTest
Base IT (new)	Run tests	2025-05-02T00:41:15.7270843Z [INFO] Running org.keycloak.tests.admin.client.DynamicClientScopeTest
Base IT (new)	Run tests	2025-05-02T00:41:15.7272829Z 2025-05-02 00:41:15,715 INFO  [testinfo] (main) ----------------------------------------------------------------
Base IT (new)	Run tests	2025-05-02T00:41:15.7273966Z 2025-05-02 00:41:15,715 INFO  [testinfo] (main)    RUNNING - org.keycloak.tests.admin.client.DynamicClientScopeTest
Base IT (new)	Run tests	2025-05-02T00:41:21.4635975Z 2025-05-02 00:41:21,435 WARN  [managed.keycloak] (pool-14-thread-1) [org.keycloak.common.Profile] (main) Experimental features enabled: dynamic-scopes:v1
Base IT (new)	Run tests	2025-05-02T00:41:21.4639596Z 2025-05-02 00:41:21,441 WARN  [managed.keycloak] (pool-14-thread-1) [org.keycloak.common.Profile] (main) Experimental features enabled: dynamic-scopes:v1
Base IT (new)	Run tests	2025-05-02T00:41:29.0869709Z 2025-05-02 00:41:29,041 WARN  [managed.keycloak] (pool-14-thread-1) [org.keycloak.common.Profile] (main) Experimental features enabled: dynamic-scopes:v1
Base IT (new)	Run tests	2025-05-02T00:41:29.0871668Z 2025-05-02 00:41:29,041 WARN  [managed.keycloak] (pool-14-thread-1) [org.keycloak.common.Profile] (main) Experimental features enabled: dynamic-scopes:v1
Base IT (new)	Run tests	2025-05-02T00:41:41.7340823Z [INFO] Tests run: 5, Failures: 0, Errors: 0, Skipped: 0, Time elapsed: 26.003 s - in org.keycloak.tests.admin.client.DynamicClientScopeTest
Base IT (new)	Run tests	2025-05-02T00:41:41.7347893Z [INFO] Running org.keycloak.tests.admin.client.InstallationTest
Base IT (new)	Run tests	2025-05-02T00:41:41.7354197Z 2025-05-02 00:41:41,723 INFO  [testinfo] (main) ----------------------------------------------------------------
Base IT (new)	Run tests	2025-05-02T00:41:41.7359543Z 2025-05-02 00:41:41,723 INFO  [testinfo] (main)    RUNNING - org.keycloak.tests.admin.client.InstallationTest
Base IT (new)	Run tests	2025-05-02T00:42:08.4725367Z [INFO] Tests run: 14, Failures: 0, Errors: 0, Skipped: 0, Time elapsed: 26.731 s - in org.keycloak.tests.admin.client.InstallationTest
Base IT (new)	Run tests	2025-05-02T00:42:08.4733098Z [INFO] Running org.keycloak.tests.admin.group.GroupAttributeSearchTest
Base IT (new)	Run tests	2025-05-02T00:42:08.4740169Z 2025-05-02 00:42:08,456 INFO  [testinfo] (main) ----------------------------------------------------------------
Base IT (new)	Run tests	2025-05-02T00:42:08.4743250Z 2025-05-02 00:42:08,456 INFO  [testinfo] (main)    RUNNING - org.keycloak.tests.admin.group.GroupAttributeSearchTest
Base IT (new)	Run tests	2025-05-02T00:42:35.3443395Z [INFO] Tests run: 5, Failures: 0, Errors: 0, Skipped: 0, Time elapsed: 26.877 s - in org.keycloak.tests.admin.group.GroupAttributeSearchTest
Base IT (new)	Run tests	2025-05-02T00:42:35.3445794Z [INFO] Running org.keycloak.tests.admin.metric.PasswordValidationMetricCustomTagsTest
Base IT (new)	Run tests	2025-05-02T00:42:35.3447290Z 2025-05-02 00:42:35,335 INFO  [testinfo] (main) ----------------------------------------------------------------
Base IT (new)	Run tests	2025-05-02T00:42:35.3448859Z 2025-05-02 00:42:35,335 INFO  [testinfo] (main)    RUNNING - org.keycloak.tests.admin.metric.PasswordValidationMetricCustomTagsTest
Base IT (new)	Run tests	2025-05-02T00:43:03.2888760Z [INFO] Tests run: 1, Failures: 0, Errors: 0, Skipped: 0, Time elapsed: 27.936 s - in org.keycloak.tests.admin.metric.PasswordValidationMetricCustomTagsTest
Base IT (new)	Run tests	2025-05-02T00:43:03.2892523Z [INFO] Running org.keycloak.tests.admin.metric.PasswordValidationMetricTest
Base IT (new)	Run tests	2025-05-02T00:43:03.2898364Z 2025-05-02 00:43:03,273 INFO  [testinfo] (main) ----------------------------------------------------------------
Base IT (new)	Run tests	2025-05-02T00:43:03.2899599Z 2025-05-02 00:43:03,273 INFO  [testinfo] (main)    RUNNING - org.keycloak.tests.admin.metric.PasswordValidationMetricTest
Base IT (new)	Run tests	2025-05-02T00:43:31.0659513Z [INFO] Tests run: 1, Failures: 0, Errors: 0, Skipped: 0, Time elapsed: 27.772 s - in org.keycloak.tests.admin.metric.PasswordValidationMetricTest
Base IT (new)	Run tests	2025-05-02T00:43:31.0669548Z [INFO] Running org.keycloak.tests.admin.tracing.TracingTest
Base IT (new)	Run tests	2025-05-02T00:43:31.0672177Z 2025-05-02 00:43:31,050 INFO  [testinfo] (main) ----------------------------------------------------------------
Base IT (new)	Run tests	2025-05-02T00:43:31.0675235Z 2025-05-02 00:43:31,050 INFO  [testinfo] (main)    RUNNING - org.keycloak.tests.admin.tracing.TracingTest
Base IT (new)	Run tests	2025-05-02T00:43:56.9958457Z [INFO] Tests run: 1, Failures: 0, Errors: 0, Skipped: 0, Time elapsed: 25.927 s - in org.keycloak.tests.admin.tracing.TracingTest
Base IT (new)	Run tests	2025-05-02T00:43:56.9959853Z [INFO] Running org.keycloak.tests.infinispan.InfinispanXMLBackwardCompatibilityTest
Base IT (new)	Run tests	2025-05-02T00:43:56.9960946Z 2025-05-02 00:43:56,977 INFO  [testinfo] (main) ----------------------------------------------------------------
Base IT (new)	Run tests	2025-05-02T00:43:56.9962209Z 2025-05-02 00:43:56,977 INFO  [testinfo] (main)    RUNNING - org.keycloak.tests.infinispan.InfinispanXMLBackwardCompatibilityTest
Base IT (new)	Run tests	2025-05-02T00:44:23.3818633Z [INFO] Tests run: 1, Failures: 0, Errors: 0, Skipped: 0, Time elapsed: 26.389 s - in org.keycloak.tests.infinispan.InfinispanXMLBackwardCompatibilityTest
Base IT (new)	Run tests	2025-05-02T00:44:23.8426486Z [INFO] 
Base IT (new)	Run tests	2025-05-02T00:44:23.8427083Z [INFO] Results:
Base IT (new)	Run tests	2025-05-02T00:44:23.8427437Z [INFO] 
Base IT (new)	Run tests	2025-05-02T00:44:23.8427787Z [ERROR] Failures: 
Base IT (new)	Run tests	2025-05-02T00:44:23.8428475Z [ERROR]   AttackDetectionResourceTest.test:80->assertBruteForce:99 expected: <2> but was: <4>
Base IT (new)	Run tests	2025-05-02T00:44:23.8429231Z [INFO] 
Base IT (new)	Run tests	2025-05-02T00:44:23.8429786Z [ERROR] Tests run: 488, Failures: 1, Errors: 0, Skipped: 0
Base IT (new)	Run tests	2025-05-02T00:44:23.8432039Z [INFO] 
Base IT (new)	Run tests	2025-05-02T00:44:23.8459105Z [INFO] ------------------------------------------------------------------------
Base IT (new)	Run tests	2025-05-02T00:44:23.8459889Z [INFO] Reactor Summary for Keycloak Tests Parent 999.0.0-SNAPSHOT:
Base IT (new)	Run tests	2025-05-02T00:44:23.8460492Z [INFO] 
Base IT (new)	Run tests	2025-05-02T00:44:23.8462016Z [INFO] Keycloak Tests Parent .............................. SUCCESS [  0.879 s]
Base IT (new)	Run tests	2025-05-02T00:44:23.8462862Z [INFO] Keycloak Testsuite Utilities ....................... SUCCESS [  6.111 s]
Base IT (new)	Run tests	2025-05-02T00:44:23.8463750Z [INFO] Keycloak Testsuite Utilities Shared ................ SUCCESS [  0.835 s]
Base IT (new)	Run tests	2025-05-02T00:44:23.8464635Z [INFO] Keycloak Testsuite Custom Providers ................ SUCCESS [  0.122 s]
Base IT (new)	Run tests	2025-05-02T00:44:23.8465478Z [INFO] New Keycloak Base Testsuite ........................ FAILURE [11:28 min]
Base IT (new)	Run tests	2025-05-02T00:44:23.8466247Z [INFO] ------------------------------------------------------------------------
Base IT (new)	Run tests	2025-05-02T00:44:23.8466995Z [INFO] BUILD FAILURE
Base IT (new)	Run tests	2025-05-02T00:44:23.8467502Z [INFO] ------------------------------------------------------------------------
Base IT (new)	Run tests	2025-05-02T00:44:23.8468014Z [INFO] Total time:  11:36 min
Base IT (new)	Run tests	2025-05-02T00:44:23.8470882Z [INFO] Finished at: 2025-05-02T00:44:23Z
Base IT (new)	Run tests	2025-05-02T00:44:23.8471504Z [INFO] ------------------------------------------------------------------------
Base IT (new)	Run tests	2025-05-02T00:44:23.8478137Z [ERROR] Failed to execute goal org.apache.maven.plugins:maven-surefire-plugin:3.0.0-M7:test (default-test) on project keycloak-tests-base: There are test failures.
Base IT (new)	Run tests	2025-05-02T00:44:23.8479396Z [ERROR] 
Base IT (new)	Run tests	2025-05-02T00:44:23.8480821Z [ERROR] Please refer to /home/runner/work/keycloak/keycloak/tests/base/target/surefire-reports for the individual test results.
Base IT (new)	Run tests	2025-05-02T00:44:23.8482212Z [ERROR] Please refer to dump files (if any exist) [date].dump, [date]-jvmRun[N].dump and [date].dumpstream.
Base IT (new)	Run tests	2025-05-02T00:44:23.8483007Z [ERROR] -> [Help 1]
Base IT (new)	Run tests	2025-05-02T00:44:23.8483384Z [ERROR] 
Base IT (new)	Run tests	2025-05-02T00:44:23.8483921Z [ERROR] To see the full stack trace of the errors, re-run Maven with the -e switch.
Base IT (new)	Run tests	2025-05-02T00:44:23.8484770Z [ERROR] Re-run Maven using the -X switch to enable full debug logging.
Base IT (new)	Run tests	2025-05-02T00:44:23.8485157Z [ERROR] 
Base IT (new)	Run tests	2025-05-02T00:44:23.8485573Z [ERROR] For more information about the errors and possible solutions, please read the following articles:
Base IT (new)	Run tests	2025-05-02T00:44:23.8486244Z [ERROR] [Help 1] http://cwiki.apache.org/confluence/display/MAVEN/MojoFailureException
Base IT (new)	Run tests	2025-05-02T00:44:23.8487048Z [ERROR] 
Base IT (new)	Run tests	2025-05-02T00:44:23.8487604Z [ERROR] After correcting the problems, you can resume the build with the command
Base IT (new)	Run tests	2025-05-02T00:44:23.8488375Z [ERROR]   mvn <args> -rf :keycloak-tests-base
Base IT (new)	Run tests	2025-05-02T00:44:23.8655389Z ##[error]Process completed with exit code 1.
Status Check - Keycloak CI	Run /./.github/actions/status-check	2025-05-02T01:14:43.4620036Z Prepare all required actions
Status Check - Keycloak CI	Run /./.github/actions/status-check	2025-05-02T01:14:43.4686777Z ##[group]Run ./.github/actions/status-check
Status Check - Keycloak CI	Run /./.github/actions/status-check	2025-05-02T01:14:43.4687144Z with:
Status Check - Keycloak CI	Run /./.github/actions/status-check	2025-05-02T01:14:43.4691210Z   jobs: {
Status Check - Keycloak CI	Run /./.github/actions/status-check	  "conditional": {
Status Check - Keycloak CI	Run /./.github/actions/status-check	    "result": "success",
Status Check - Keycloak CI	Run /./.github/actions/status-check	    "outputs": {
Status Check - Keycloak CI	Run /./.github/actions/status-check	      "ci": "true",
Status Check - Keycloak CI	Run /./.github/actions/status-check	      "ci-aurora": "true",
Status Check - Keycloak CI	Run /./.github/actions/status-check	      "ci-quarkus": "true",
Status Check - Keycloak CI	Run /./.github/actions/status-check	      "ci-sssd": "true",
Status Check - Keycloak CI	Run /./.github/actions/status-check	      "ci-store": "true",
Status Check - Keycloak CI	Run /./.github/actions/status-check	      "ci-webauthn": "true"
Status Check - Keycloak CI	Run /./.github/actions/status-check	    }
Status Check - Keycloak CI	Run /./.github/actions/status-check	  },
Status Check - Keycloak CI	Run /./.github/actions/status-check	  "build": {
Status Check - Keycloak CI	Run /./.github/actions/status-check	    "result": "success",
Status Check - Keycloak CI	Run /./.github/actions/status-check	    "outputs": {}
Status Check - Keycloak CI	Run /./.github/actions/status-check	  },
Status Check - Keycloak CI	Run /./.github/actions/status-check	  "unit-tests": {
Status Check - Keycloak CI	Run /./.github/actions/status-check	    "result": "success",
Status Check - Keycloak CI	Run /./.github/actions/status-check	    "outputs": {}
Status Check - Keycloak CI	Run /./.github/actions/status-check	  },
Status Check - Keycloak CI	Run /./.github/actions/status-check	  "base-integration-tests": {
Status Check - Keycloak CI	Run /./.github/actions/status-check	    "result": "success",
Status Check - Keycloak CI	Run /./.github/actions/status-check	    "outputs": {}
Status Check - Keycloak CI	Run /./.github/actions/status-check	  },
Status Check - Keycloak CI	Run /./.github/actions/status-check	  "adapter-integration-tests": {
Status Check - Keycloak CI	Run /./.github/actions/status-check	    "result": "success",
Status Check - Keycloak CI	Run /./.github/actions/status-check	    "outputs": {}
Status Check - Keycloak CI	Run /./.github/actions/status-check	  },
Status Check - Keycloak CI	Run /./.github/actions/status-check	  "adapter-integration-tests-strict-cookies": {
Status Check - Keycloak CI	Run /./.github/actions/status-check	    "result": "success",
Status Check - Keycloak CI	Run /./.github/actions/status-check	    "outputs": {}
Status Check - Keycloak CI	Run /./.github/actions/status-check	  },
Status Check - Keycloak CI	Run /./.github/actions/status-check	  "quarkus-unit-tests": {
Status Check - Keycloak CI	Run /./.github/actions/status-check	    "result": "success",
Status Check - Keycloak CI	Run /./.github/actions/status-check	    "outputs": {}
Status Check - Keycloak CI	Run /./.github/actions/status-check	  },
Status Check - Keycloak CI	Run /./.github/actions/status-check	  "quarkus-integration-tests": {
Status Check - Keycloak CI	Run /./.github/actions/status-check	    "result": "success",
Status Check - Keycloak CI	Run /./.github/actions/status-check	    "outputs": {}
Status Check - Keycloak CI	Run /./.github/actions/status-check	  },
Status Check - Keycloak CI	Run /./.github/actions/status-check	  "jdk-integration-tests": {
Status Check - Keycloak CI	Run /./.github/actions/status-check	    "result": "success",
Status Check - Keycloak CI	Run /./.github/actions/status-check	    "outputs": {}
Status Check - Keycloak CI	Run /./.github/actions/status-check	  },
Status Check - Keycloak CI	Run /./.github/actions/status-check	  "store-integration-tests": {
Status Check - Keycloak CI	Run /./.github/actions/status-check	    "result": "success",
Status Check - Keycloak CI	Run /./.github/actions/status-check	    "outputs": {}
Status Check - Keycloak CI	Run /./.github/actions/status-check	  },
Status Check - Keycloak CI	Run /./.github/actions/status-check	  "volatile-sessions-tests": {
Status Check - Keycloak CI	Run /./.github/actions/status-check	    "result": "success",
Status Check - Keycloak CI	Run /./.github/actions/status-check	    "outputs": {}
Status Check - Keycloak CI	Run /./.github/actions/status-check	  },
Status Check - Keycloak CI	Run /./.github/actions/status-check	  "store-model-tests": {
Status Check - Keycloak CI	Run /./.github/actions/status-check	    "result": "success",
Status Check - Keycloak CI	Run /./.github/actions/status-check	    "outputs": {}
Status Check - Keycloak CI	Run /./.github/actions/status-check	  },
Status Check - Keycloak CI	Run /./.github/actions/status-check	  "clustering-integration-tests": {
Status Check - Keycloak CI	Run /./.github/actions/status-check	    "result": "success",
Status Check - Keycloak CI	Run /./.github/actions/status-check	    "outputs": {}
Status Check - Keycloak CI	Run /./.github/actions/status-check	  },
Status Check - Keycloak CI	Run /./.github/actions/status-check	  "fips-unit-tests": {
Status Check - Keycloak CI	Run /./.github/actions/status-check	    "result": "success",
Status Check - Keycloak CI	Run /./.github/actions/status-check	    "outputs": {}
Status Check - Keycloak CI	Run /./.github/actions/status-check	  },
Status Check - Keycloak CI	Run /./.github/actions/status-check	  "fips-integration-tests": {
Status Check - Keycloak CI	Run /./.github/actions/status-check	    "result": "success",
Status Check - Keycloak CI	Run /./.github/actions/status-check	    "outputs": {}
Status Check - Keycloak CI	Run /./.github/actions/status-check	  },
Status Check - Keycloak CI	Run /./.github/actions/status-check	  "forms-integration-tests": {
Status Check - Keycloak CI	Run /./.github/actions/status-check	    "result": "success",
Status Check - Keycloak CI	Run /./.github/actions/status-check	    "outputs": {}
Status Check - Keycloak CI	Run /./.github/actions/status-check	  },
Status Check - Keycloak CI	Run /./.github/actions/status-check	  "webauthn-integration-tests": {
Status Check - Keycloak CI	Run /./.github/actions/status-check	    "result": "success",
Status Check - Keycloak CI	Run /./.github/actions/status-check	    "outputs": {}
Status Check - Keycloak CI	Run /./.github/actions/status-check	  },
Status Check - Keycloak CI	Run /./.github/actions/status-check	  "sssd-unit-tests": {
Status Check - Keycloak CI	Run /./.github/actions/status-check	    "result": "success",
Status Check - Keycloak CI	Run /./.github/actions/status-check	    "outputs": {}
Status Check - Keycloak CI	Run /./.github/actions/status-check	  },
Status Check - Keycloak CI	Run /./.github/actions/status-check	  "migration-tests": {
Status Check - Keycloak CI	Run /./.github/actions/status-check	    "result": "success",
Status Check - Keycloak CI	Run /./.github/actions/status-check	    "outputs": {}
Status Check - Keycloak CI	Run /./.github/actions/status-check	  },
Status Check - Keycloak CI	Run /./.github/actions/status-check	  "external-infinispan-tests": {
Status Check - Keycloak CI	Run /./.github/actions/status-check	    "result": "success",
Status Check - Keycloak CI	Run /./.github/actions/status-check	    "outputs": {}
Status Check - Keycloak CI	Run /./.github/actions/status-check	  },
Status Check - Keycloak CI	Run /./.github/actions/status-check	  "test-framework": {
Status Check - Keycloak CI	Run /./.github/actions/status-check	    "result": "success",
Status Check - Keycloak CI	Run /./.github/actions/status-check	    "outputs": {}
Status Check - Keycloak CI	Run /./.github/actions/status-check	  },
Status Check - Keycloak CI	Run /./.github/actions/status-check	  "base-new-integration-tests": {
Status Check - Keycloak CI	Run /./.github/actions/status-check	    "result": "failure",
Status Check - Keycloak CI	Run /./.github/actions/status-check	    "outputs": {}
Status Check - Keycloak CI	Run /./.github/actions/status-check	  }
Status Check - Keycloak CI	Run /./.github/actions/status-check	}
Status Check - Keycloak CI	Run /./.github/actions/status-check	2025-05-02T01:14:43.4695894Z env:
Status Check - Keycloak CI	Run /./.github/actions/status-check	2025-05-02T01:14:43.4696239Z   MAVEN_ARGS: -B -nsu -Daether.connector.http.connectionMaxTtl=25
Status Check - Keycloak CI	Run /./.github/actions/status-check	2025-05-02T01:14:43.4696625Z   SUREFIRE_RERUN_FAILING_COUNT: 2
Status Check - Keycloak CI	Run /./.github/actions/status-check	2025-05-02T01:14:43.4696967Z   SUREFIRE_RETRY: -Dsurefire.rerunFailingTestsCount=2
Status Check - Keycloak CI	Run /./.github/actions/status-check	2025-05-02T01:14:43.4697303Z ##[endgroup]
Status Check - Keycloak CI	Run /./.github/actions/status-check	2025-05-02T01:14:43.4792770Z ##[group]Run JOBS='{
Status Check - Keycloak CI	Run /./.github/actions/status-check	2025-05-02T01:14:43.4793177Z [36;1mJOBS='{[0m
Status Check - Keycloak CI	Run /./.github/actions/status-check	2025-05-02T01:14:43.4793427Z [36;1m  "conditional": {[0m
Status Check - Keycloak CI	Run /./.github/actions/status-check	2025-05-02T01:14:43.4793705Z [36;1m    "result": "success",[0m
Status Check - Keycloak CI	Run /./.github/actions/status-check	2025-05-02T01:14:43.4793995Z [36;1m    "outputs": {[0m
Status Check - Keycloak CI	Run /./.github/actions/status-check	2025-05-02T01:14:43.4794263Z [36;1m      "ci": "true",[0m
Status Check - Keycloak CI	Run /./.github/actions/status-check	2025-05-02T01:14:43.4794547Z [36;1m      "ci-aurora": "true",[0m
Status Check - Keycloak CI	Run /./.github/actions/status-check	2025-05-02T01:14:43.4794864Z [36;1m      "ci-quarkus": "true",[0m
Status Check - Keycloak CI	Run /./.github/actions/status-check	2025-05-02T01:14:43.4795159Z [36;1m      "ci-sssd": "true",[0m
Status Check - Keycloak CI	Run /./.github/actions/status-check	2025-05-02T01:14:43.4795445Z [36;1m      "ci-store": "true",[0m
Status Check - Keycloak CI	Run /./.github/actions/status-check	2025-05-02T01:14:43.4795745Z [36;1m      "ci-webauthn": "true"[0m
Status Check - Keycloak CI	Run /./.github/actions/status-check	2025-05-02T01:14:43.4796046Z [36;1m    }[0m
Status Check - Keycloak CI	Run /./.github/actions/status-check	2025-05-02T01:14:43.4796265Z [36;1m  },[0m
Status Check - Keycloak CI	Run /./.github/actions/status-check	2025-05-02T01:14:43.4796494Z [36;1m  "build": {[0m
Status Check - Keycloak CI	Run /./.github/actions/status-check	2025-05-02T01:14:43.4796746Z [36;1m    "result": "success",[0m
Status Check - Keycloak CI	Run /./.github/actions/status-check	2025-05-02T01:14:43.4797026Z [36;1m    "outputs": {}[0m
Status Check - Keycloak CI	Run /./.github/actions/status-check	2025-05-02T01:14:43.4797277Z [36;1m  },[0m
Status Check - Keycloak CI	Run /./.github/actions/status-check	2025-05-02T01:14:43.4797498Z [36;1m  "unit-tests": {[0m
Status Check - Keycloak CI	Run /./.github/actions/status-check	2025-05-02T01:14:43.4797771Z [36;1m    "result": "success",[0m
Status Check - Keycloak CI	Run /./.github/actions/status-check	2025-05-02T01:14:43.4798049Z [36;1m    "outputs": {}[0m
Status Check - Keycloak CI	Run /./.github/actions/status-check	2025-05-02T01:14:43.4798300Z [36;1m  },[0m
Status Check - Keycloak CI	Run /./.github/actions/status-check	2025-05-02T01:14:43.4798544Z [36;1m  "base-integration-tests": {[0m
Status Check - Keycloak CI	Run /./.github/actions/status-check	2025-05-02T01:14:43.4798835Z [36;1m    "result": "success",[0m
Status Check - Keycloak CI	Run /./.github/actions/status-check	2025-05-02T01:14:43.4799118Z [36;1m    "outputs": {}[0m
Status Check - Keycloak CI	Run /./.github/actions/status-check	2025-05-02T01:14:43.4799366Z [36;1m  },[0m
Status Check - Keycloak CI	Run /./.github/actions/status-check	2025-05-02T01:14:43.4799616Z [36;1m  "adapter-integration-tests": {[0m
Status Check - Keycloak CI	Run /./.github/actions/status-check	2025-05-02T01:14:43.4800070Z [36;1m    "result": "success",[0m
Status Check - Keycloak CI	Run /./.github/actions/status-check	2025-05-02T01:14:43.4800349Z [36;1m    "outputs": {}[0m
Status Check - Keycloak CI	Run /./.github/actions/status-check	2025-05-02T01:14:43.4800609Z [36;1m  },[0m
Status Check - Keycloak CI	Run /./.github/actions/status-check	2025-05-02T01:14:43.4800940Z [36;1m  "adapter-integration-tests-strict-cookies": {[0m
Status Check - Keycloak CI	Run /./.github/actions/status-check	2025-05-02T01:14:43.4801530Z [36;1m    "result": "success",[0m
Status Check - Keycloak CI	Run /./.github/actions/status-check	2025-05-02T01:14:43.4801814Z [36;1m    "outputs": {}[0m
Status Check - Keycloak CI	Run /./.github/actions/status-check	2025-05-02T01:14:43.4802059Z [36;1m  },[0m
Status Check - Keycloak CI	Run /./.github/actions/status-check	2025-05-02T01:14:43.4802304Z [36;1m  "quarkus-unit-tests": {[0m
Status Check - Keycloak CI	Run /./.github/actions/status-check	2025-05-02T01:14:43.4802596Z [36;1m    "result": "success",[0m
Status Check - Keycloak CI	Run /./.github/actions/status-check	2025-05-02T01:14:43.4802910Z [36;1m    "outputs": {}[0m
Status Check - Keycloak CI	Run /./.github/actions/status-check	2025-05-02T01:14:43.4803196Z [36;1m  },[0m
Status Check - Keycloak CI	Run /./.github/actions/status-check	2025-05-02T01:14:43.4803436Z [36;1m  "quarkus-integration-tests": {[0m
Status Check - Keycloak CI	Run /./.github/actions/status-check	2025-05-02T01:14:43.4803750Z [36;1m    "result": "success",[0m
Status Check - Keycloak CI	Run /./.github/actions/status-check	2025-05-02T01:14:43.4804039Z [36;1m    "outputs": {}[0m
Status Check - Keycloak CI	Run /./.github/actions/status-check	2025-05-02T01:14:43.4804296Z [36;1m  },[0m
Status Check - Keycloak CI	Run /./.github/actions/status-check	2025-05-02T01:14:43.4804546Z [36;1m  "jdk-integration-tests": {[0m
Status Check - Keycloak CI	Run /./.github/actions/status-check	2025-05-02T01:14:43.4804824Z [36;1m    "result": "success",[0m
Status Check - Keycloak CI	Run /./.github/actions/status-check	2025-05-02T01:14:43.4805094Z [36;1m    "outputs": {}[0m
Status Check - Keycloak CI	Run /./.github/actions/status-check	2025-05-02T01:14:43.4805338Z [36;1m  },[0m
Status Check - Keycloak CI	Run /./.github/actions/status-check	2025-05-02T01:14:43.4805578Z [36;1m  "store-integration-tests": {[0m
Status Check - Keycloak CI	Run /./.github/actions/status-check	2025-05-02T01:14:43.4806016Z [36;1m    "result": "success",[0m
Status Check - Keycloak CI	Run /./.github/actions/status-check	2025-05-02T01:14:43.4806283Z [36;1m    "outputs": {}[0m
Status Check - Keycloak CI	Run /./.github/actions/status-check	2025-05-02T01:14:43.4806526Z [36;1m  },[0m
Status Check - Keycloak CI	Run /./.github/actions/status-check	2025-05-02T01:14:43.4806763Z [36;1m  "volatile-sessions-tests": {[0m
Status Check - Keycloak CI	Run /./.github/actions/status-check	2025-05-02T01:14:43.4807063Z [36;1m    "result": "success",[0m
Status Check - Keycloak CI	Run /./.github/actions/status-check	2025-05-02T01:14:43.4807402Z [36;1m    "outputs": {}[0m
Status Check - Keycloak CI	Run /./.github/actions/status-check	2025-05-02T01:14:43.4807651Z [36;1m  },[0m
Status Check - Keycloak CI	Run /./.github/actions/status-check	2025-05-02T01:14:43.4807876Z [36;1m  "store-model-tests": {[0m
Status Check - Keycloak CI	Run /./.github/actions/status-check	2025-05-02T01:14:43.4808149Z [36;1m    "result": "success",[0m
Status Check - Keycloak CI	Run /./.github/actions/status-check	2025-05-02T01:14:43.4808415Z [36;1m    "outputs": {}[0m
Status Check - Keycloak CI	Run /./.github/actions/status-check	2025-05-02T01:14:43.4808657Z [36;1m  },[0m
Status Check - Keycloak CI	Run /./.github/actions/status-check	2025-05-02T01:14:43.4808910Z [36;1m  "clustering-integration-tests": {[0m
Status Check - Keycloak CI	Run /./.github/actions/status-check	2025-05-02T01:14:43.4809222Z [36;1m    "result": "success",[0m
Status Check - Keycloak CI	Run /./.github/actions/status-check	2025-05-02T01:14:43.4809488Z [36;1m    "outputs": {}[0m
Status Check - Keycloak CI	Run /./.github/actions/status-check	2025-05-02T01:14:43.4809734Z [36;1m  },[0m
Status Check - Keycloak CI	Run /./.github/actions/status-check	2025-05-02T01:14:43.4810140Z [36;1m  "fips-unit-tests": {[0m
Status Check - Keycloak CI	Run /./.github/actions/status-check	2025-05-02T01:14:43.4810428Z [36;1m    "result": "success",[0m
Status Check - Keycloak CI	Run /./.github/actions/status-check	2025-05-02T01:14:43.4810721Z [36;1m    "outputs": {}[0m
Status Check - Keycloak CI	Run /./.github/actions/status-check	2025-05-02T01:14:43.4810968Z [36;1m  },[0m
Status Check - Keycloak CI	Run /./.github/actions/status-check	2025-05-02T01:14:43.4811209Z [36;1m  "fips-integration-tests": {[0m
Status Check - Keycloak CI	Run /./.github/actions/status-check	2025-05-02T01:14:43.4811506Z [36;1m    "result": "success",[0m
Status Check - Keycloak CI	Run /./.github/actions/status-check	2025-05-02T01:14:43.4811775Z [36;1m    "outputs": {}[0m
Status Check - Keycloak CI	Run /./.github/actions/status-check	2025-05-02T01:14:43.4812019Z [36;1m  },[0m
Status Check - Keycloak CI	Run /./.github/actions/status-check	2025-05-02T01:14:43.4812256Z [36;1m  "forms-integration-tests": {[0m
Status Check - Keycloak CI	Run /./.github/actions/status-check	2025-05-02T01:14:43.4812561Z [36;1m    "result": "success",[0m
Status Check - Keycloak CI	Run /./.github/actions/status-check	2025-05-02T01:14:43.4812836Z [36;1m    "outputs": {}[0m
Status Check - Keycloak CI	Run /./.github/actions/status-check	2025-05-02T01:14:43.4813083Z [36;1m  },[0m
Status Check - Keycloak CI	Run /./.github/actions/status-check	2025-05-02T01:14:43.4813332Z [36;1m  "webauthn-integration-tests": {[0m
Status Check - Keycloak CI	Run /./.github/actions/status-check	2025-05-02T01:14:43.4813634Z [36;1m    "result": "success",[0m
Status Check - Keycloak CI	Run /./.github/actions/status-check	2025-05-02T01:14:43.4813901Z [36;1m    "outputs": {}[0m
Status Check - Keycloak CI	Run /./.github/actions/status-check	2025-05-02T01:14:43.4814139Z [36;1m  },[0m
Status Check - Keycloak CI	Run /./.github/actions/status-check	2025-05-02T01:14:43.4814365Z [36;1m  "sssd-unit-tests": {[0m
Status Check - Keycloak CI	Run /./.github/actions/status-check	2025-05-02T01:14:43.4814640Z [36;1m    "result": "success",[0m
Status Check - Keycloak CI	Run /./.github/actions/status-check	2025-05-02T01:14:43.4814902Z [36;1m    "outputs": {}[0m
Status Check - Keycloak CI	Run /./.github/actions/status-check	2025-05-02T01:14:43.4815155Z [36;1m  },[0m
Status Check - Keycloak CI	Run /./.github/actions/status-check	2025-05-02T01:14:43.4815388Z [36;1m  "migration-tests": {[0m
Status Check - Keycloak CI	Run /./.github/actions/status-check	2025-05-02T01:14:43.4815672Z [36;1m    "result": "success",[0m
Status Check - Keycloak CI	Run /./.github/actions/status-check	2025-05-02T01:14:43.4815946Z [36;1m    "outputs": {}[0m
Status Check - Keycloak CI	Run /./.github/actions/status-check	2025-05-02T01:14:43.4816188Z [36;1m  },[0m
Status Check - Keycloak CI	Run /./.github/actions/status-check	2025-05-02T01:14:43.4816444Z [36;1m  "external-infinispan-tests": {[0m
Status Check - Keycloak CI	Run /./.github/actions/status-check	2025-05-02T01:14:43.4816756Z [36;1m    "result": "success",[0m
Status Check - Keycloak CI	Run /./.github/actions/status-check	2025-05-02T01:14:43.4817059Z [36;1m    "outputs": {}[0m
Status Check - Keycloak CI	Run /./.github/actions/status-check	2025-05-02T01:14:43.4817310Z [36;1m  },[0m
Status Check - Keycloak CI	Run /./.github/actions/status-check	2025-05-02T01:14:43.4817532Z [36;1m  "test-framework": {[0m
Status Check - Keycloak CI	Run /./.github/actions/status-check	2025-05-02T01:14:43.4817807Z [36;1m    "result": "success",[0m
Status Check - Keycloak CI	Run /./.github/actions/status-check	2025-05-02T01:14:43.4818084Z [36;1m    "outputs": {}[0m
Status Check - Keycloak CI	Run /./.github/actions/status-check	2025-05-02T01:14:43.4818326Z [36;1m  },[0m
Status Check - Keycloak CI	Run /./.github/actions/status-check	2025-05-02T01:14:43.4818575Z [36;1m  "base-new-integration-tests": {[0m
Status Check - Keycloak CI	Run /./.github/actions/status-check	2025-05-02T01:14:43.4902702Z [36;1m    "result": "failure",[0m
Status Check - Keycloak CI	Run /./.github/actions/status-check	2025-05-02T01:14:43.4903105Z [36;1m    "outputs": {}[0m
Status Check - Keycloak CI	Run /./.github/actions/status-check	2025-05-02T01:14:43.4903406Z [36;1m  }[0m
Status Check - Keycloak CI	Run /./.github/actions/status-check	2025-05-02T01:14:43.4903662Z [36;1m}'[0m
Status Check - Keycloak CI	Run /./.github/actions/status-check	2025-05-02T01:14:43.4903944Z [36;1m[0m
Status Check - Keycloak CI	Run /./.github/actions/status-check	2025-05-02T01:14:43.4904165Z [36;1mecho "Job status:"[0m
Status Check - Keycloak CI	Run /./.github/actions/status-check	2025-05-02T01:14:43.4904817Z [36;1mecho $JOBS | jq -r 'to_entries[] | " - \(.key): \(.value.result)"'[0m
Status Check - Keycloak CI	Run /./.github/actions/status-check	2025-05-02T01:14:43.4905246Z [36;1m[0m
Status Check - Keycloak CI	Run /./.github/actions/status-check	2025-05-02T01:14:43.4905575Z [36;1mfor i in $(echo $JOBS | jq -r 'to_entries[] | .value.result'); do[0m
Status Check - Keycloak CI	Run /./.github/actions/status-check	2025-05-02T01:14:43.4906004Z [36;1m  if [ "$i" != "success" ] && [ "$i" != "skipped" ]; then[0m
Status Check - Keycloak CI	Run /./.github/actions/status-check	2025-05-02T01:14:43.4906331Z [36;1m    echo ""[0m
Status Check - Keycloak CI	Run /./.github/actions/status-check	2025-05-02T01:14:43.4906591Z [36;1m    echo "Status check not okay!"[0m
Status Check - Keycloak CI	Run /./.github/actions/status-check	2025-05-02T01:14:43.4906882Z [36;1m    exit 1[0m
Status Check - Keycloak CI	Run /./.github/actions/status-check	2025-05-02T01:14:43.4907106Z [36;1m  fi[0m
Status Check - Keycloak CI	Run /./.github/actions/status-check	2025-05-02T01:14:43.4907338Z [36;1mdone[0m
Status Check - Keycloak CI	Run /./.github/actions/status-check	2025-05-02T01:14:43.4945187Z shell: /usr/bin/bash --noprofile --norc -e -o pipefail {0}
Status Check - Keycloak CI	Run /./.github/actions/status-check	2025-05-02T01:14:43.4945607Z env:
Status Check - Keycloak CI	Run /./.github/actions/status-check	2025-05-02T01:14:43.4945927Z   MAVEN_ARGS: -B -nsu -Daether.connector.http.connectionMaxTtl=25
Status Check - Keycloak CI	Run /./.github/actions/status-check	2025-05-02T01:14:43.4946324Z   SUREFIRE_RERUN_FAILING_COUNT: 2
Status Check - Keycloak CI	Run /./.github/actions/status-check	2025-05-02T01:14:43.4946661Z   SUREFIRE_RETRY: -Dsurefire.rerunFailingTestsCount=2
Status Check - Keycloak CI	Run /./.github/actions/status-check	2025-05-02T01:14:43.4947215Z ##[endgroup]
Status Check - Keycloak CI	Run /./.github/actions/status-check	2025-05-02T01:14:43.5023786Z Job status:
Status Check - Keycloak CI	Run /./.github/actions/status-check	2025-05-02T01:14:43.5075366Z  - conditional: success
Status Check - Keycloak CI	Run /./.github/actions/status-check	2025-05-02T01:14:43.5075842Z  - build: success
Status Check - Keycloak CI	Run /./.github/actions/status-check	2025-05-02T01:14:43.5076162Z  - unit-tests: success
Status Check - Keycloak CI	Run /./.github/actions/status-check	2025-05-02T01:14:43.5076457Z  - base-integration-tests: success
Status Check - Keycloak CI	Run /./.github/actions/status-check	2025-05-02T01:14:43.5076787Z  - adapter-integration-tests: success
Status Check - Keycloak CI	Run /./.github/actions/status-check	2025-05-02T01:14:43.5077368Z  - adapter-integration-tests-strict-cookies: success
Status Check - Keycloak CI	Run /./.github/actions/status-check	2025-05-02T01:14:43.5077992Z  - quarkus-unit-tests: success
Status Check - Keycloak CI	Run /./.github/actions/status-check	2025-05-02T01:14:43.5078507Z  - quarkus-integration-tests: success
Status Check - Keycloak CI	Run /./.github/actions/status-check	2025-05-02T01:14:43.5079034Z  - jdk-integration-tests: success
Status Check - Keycloak CI	Run /./.github/actions/status-check	2025-05-02T01:14:43.5079514Z  - store-integration-tests: success
Status Check - Keycloak CI	Run /./.github/actions/status-check	2025-05-02T01:14:43.5080023Z  - volatile-sessions-tests: success
Status Check - Keycloak CI	Run /./.github/actions/status-check	2025-05-02T01:14:43.5080342Z  - store-model-tests: success
Status Check - Keycloak CI	Run /./.github/actions/status-check	2025-05-02T01:14:43.5080637Z  - clustering-integration-tests: success
Status Check - Keycloak CI	Run /./.github/actions/status-check	2025-05-02T01:14:43.5080958Z  - fips-unit-tests: success
Status Check - Keycloak CI	Run /./.github/actions/status-check	2025-05-02T01:14:43.5081273Z  - fips-integration-tests: success
Status Check - Keycloak CI	Run /./.github/actions/status-check	2025-05-02T01:14:43.5081586Z  - forms-integration-tests: success
Status Check - Keycloak CI	Run /./.github/actions/status-check	2025-05-02T01:14:43.5081888Z  - webauthn-integration-tests: success
Status Check - Keycloak CI	Run /./.github/actions/status-check	2025-05-02T01:14:43.5082180Z  - sssd-unit-tests: success
Status Check - Keycloak CI	Run /./.github/actions/status-check	2025-05-02T01:14:43.5082466Z  - migration-tests: success
Status Check - Keycloak CI	Run /./.github/actions/status-check	2025-05-02T01:14:43.5082763Z  - external-infinispan-tests: success
Status Check - Keycloak CI	Run /./.github/actions/status-check	2025-05-02T01:14:43.5083233Z  - test-framework: success
Status Check - Keycloak CI	Run /./.github/actions/status-check	2025-05-02T01:14:43.5083705Z  - base-new-integration-tests: failure
Status Check - Keycloak CI	Run /./.github/actions/status-check	2025-05-02T01:14:43.5113454Z 
Status Check - Keycloak CI	Run /./.github/actions/status-check	2025-05-02T01:14:43.5113863Z Status check not okay!
Status Check - Keycloak CI	Run /./.github/actions/status-check	2025-05-02T01:14:43.5127081Z ##[error]Process completed with exit code 1.
