SSSD	UNKNOWN STEP	ï»¿2025-06-27T00:32:59.8502180Z Current runner version: '2.325.0'
SSSD	UNKNOWN STEP	2025-06-27T00:32:59.8538431Z ##[group]Runner Image Provisioner
SSSD	UNKNOWN STEP	2025-06-27T00:32:59.8539886Z Hosted Compute Agent
SSSD	UNKNOWN STEP	2025-06-27T00:32:59.8540935Z Version: 20250620.352
SSSD	UNKNOWN STEP	2025-06-27T00:32:59.8542141Z Commit: f262f3aba23b10ea191b2a62bdee1ca4c3d344da
SSSD	UNKNOWN STEP	2025-06-27T00:32:59.8543391Z Build Date: 2025-06-20T19:27:17Z
SSSD	UNKNOWN STEP	2025-06-27T00:32:59.8544319Z ##[endgroup]
SSSD	UNKNOWN STEP	2025-06-27T00:32:59.8545269Z ##[group]Operating System
SSSD	UNKNOWN STEP	2025-06-27T00:32:59.8546147Z Ubuntu
SSSD	UNKNOWN STEP	2025-06-27T00:32:59.8546893Z 24.04.2
SSSD	UNKNOWN STEP	2025-06-27T00:32:59.8547729Z LTS
SSSD	UNKNOWN STEP	2025-06-27T00:32:59.8548527Z ##[endgroup]
SSSD	UNKNOWN STEP	2025-06-27T00:32:59.8549391Z ##[group]Runner Image
SSSD	UNKNOWN STEP	2025-06-27T00:32:59.8550478Z Image: ubuntu-24.04
SSSD	UNKNOWN STEP	2025-06-27T00:32:59.8551554Z Version: 20250622.1.0
SSSD	UNKNOWN STEP	2025-06-27T00:32:59.8553291Z Included Software: https://github.com/actions/runner-images/blob/ubuntu24/20250622.1/images/ubuntu/Ubuntu2404-Readme.md
SSSD	UNKNOWN STEP	2025-06-27T00:32:59.8556145Z Image Release: https://github.com/actions/runner-images/releases/tag/ubuntu24%2F20250622.1
SSSD	UNKNOWN STEP	2025-06-27T00:32:59.8558024Z ##[endgroup]
SSSD	UNKNOWN STEP	2025-06-27T00:32:59.8559728Z ##[group]GITHUB_TOKEN Permissions
SSSD	UNKNOWN STEP	2025-06-27T00:32:59.8562857Z Contents: read
SSSD	UNKNOWN STEP	2025-06-27T00:32:59.8563726Z Metadata: read
SSSD	UNKNOWN STEP	2025-06-27T00:32:59.8564607Z ##[endgroup]
SSSD	UNKNOWN STEP	2025-06-27T00:32:59.8568444Z Secret source: Actions
SSSD	UNKNOWN STEP	2025-06-27T00:32:59.8569610Z Prepare workflow directory
SSSD	UNKNOWN STEP	2025-06-27T00:32:59.9199474Z Prepare all required actions
SSSD	UNKNOWN STEP	2025-06-27T00:32:59.9260334Z Getting action download info
SSSD	UNKNOWN STEP	2025-06-27T00:33:00.1387933Z Download action repository 'actions/checkout@11bd71901bbe5b1630ceea73d27597364c9af683' (SHA:11bd71901bbe5b1630ceea73d27597364c9af683)
SSSD	UNKNOWN STEP	2025-06-27T00:33:00.2256716Z Download action repository 'actions/cache@5a3ec84eff668545956fd18022155c47e93e2684' (SHA:5a3ec84eff668545956fd18022155c47e93e2684)
SSSD	UNKNOWN STEP	2025-06-27T00:33:00.4010464Z Complete job name: SSSD
SSSD	UNKNOWN STEP	2025-06-27T00:33:00.4823781Z ##[group]Run actions/checkout@11bd71901bbe5b1630ceea73d27597364c9af683
SSSD	UNKNOWN STEP	2025-06-27T00:33:00.4824788Z with:
SSSD	UNKNOWN STEP	2025-06-27T00:33:00.4825204Z   repository: keycloak/keycloak
SSSD	UNKNOWN STEP	2025-06-27T00:33:00.4825933Z   token: ***
SSSD	UNKNOWN STEP	2025-06-27T00:33:00.4826423Z   ssh-strict: true
SSSD	UNKNOWN STEP	2025-06-27T00:33:00.4826807Z   ssh-user: git
SSSD	UNKNOWN STEP	2025-06-27T00:33:00.4827204Z   persist-credentials: true
SSSD	UNKNOWN STEP	2025-06-27T00:33:00.4827642Z   clean: true
SSSD	UNKNOWN STEP	2025-06-27T00:33:00.4828023Z   sparse-checkout-cone-mode: true
SSSD	UNKNOWN STEP	2025-06-27T00:33:00.4828511Z   fetch-depth: 1
SSSD	UNKNOWN STEP	2025-06-27T00:33:00.4828886Z   fetch-tags: false
SSSD	UNKNOWN STEP	2025-06-27T00:33:00.4829272Z   show-progress: true
SSSD	UNKNOWN STEP	2025-06-27T00:33:00.4829659Z   lfs: false
SSSD	UNKNOWN STEP	2025-06-27T00:33:00.4830012Z   submodules: false
SSSD	UNKNOWN STEP	2025-06-27T00:33:00.4830397Z   set-safe-directory: true
SSSD	UNKNOWN STEP	2025-06-27T00:33:00.4831250Z env:
SSSD	UNKNOWN STEP	2025-06-27T00:33:00.4831791Z   MAVEN_ARGS: -B -nsu -Daether.connector.http.connectionMaxTtl=25
SSSD	UNKNOWN STEP	2025-06-27T00:33:00.4832436Z   SUREFIRE_RERUN_FAILING_COUNT: 2
SSSD	UNKNOWN STEP	2025-06-27T00:33:00.4833027Z   SUREFIRE_RETRY: -Dsurefire.rerunFailingTestsCount=2
SSSD	UNKNOWN STEP	2025-06-27T00:33:00.4833582Z ##[endgroup]
SSSD	UNKNOWN STEP	2025-06-27T00:33:00.5965012Z Syncing repository: keycloak/keycloak
SSSD	UNKNOWN STEP	2025-06-27T00:33:00.5968099Z ##[group]Getting Git version info
SSSD	UNKNOWN STEP	2025-06-27T00:33:00.5969361Z Working directory is '/home/runner/work/keycloak/keycloak'
SSSD	UNKNOWN STEP	2025-06-27T00:33:00.5971283Z [command]/usr/bin/git version
SSSD	UNKNOWN STEP	2025-06-27T00:33:00.6028825Z git version 2.49.0
SSSD	UNKNOWN STEP	2025-06-27T00:33:00.6057864Z ##[endgroup]
SSSD	UNKNOWN STEP	2025-06-27T00:33:00.6075147Z Temporarily overriding HOME='/home/runner/work/_temp/5dcd4ef8-6a8b-41e5-9607-fb2667626877' before making global git config changes
SSSD	UNKNOWN STEP	2025-06-27T00:33:00.6077508Z Adding repository directory to the temporary git global config as a safe directory
SSSD	UNKNOWN STEP	2025-06-27T00:33:00.6090509Z [command]/usr/bin/git config --global --add safe.directory /home/runner/work/keycloak/keycloak
SSSD	UNKNOWN STEP	2025-06-27T00:33:00.6133445Z Deleting the contents of '/home/runner/work/keycloak/keycloak'
SSSD	UNKNOWN STEP	2025-06-27T00:33:00.6138143Z ##[group]Initializing the repository
SSSD	UNKNOWN STEP	2025-06-27T00:33:00.6143574Z [command]/usr/bin/git init /home/runner/work/keycloak/keycloak
SSSD	UNKNOWN STEP	2025-06-27T00:33:00.6256818Z hint: Using 'master' as the name for the initial branch. This default branch name
SSSD	UNKNOWN STEP	2025-06-27T00:33:00.6258436Z hint: is subject to change. To configure the initial branch name to use in all
SSSD	UNKNOWN STEP	2025-06-27T00:33:00.6259891Z hint: of your new repositories, which will suppress this warning, call:
SSSD	UNKNOWN STEP	2025-06-27T00:33:00.6261247Z hint:
SSSD	UNKNOWN STEP	2025-06-27T00:33:00.6261971Z hint: 	git config --global init.defaultBranch <name>
SSSD	UNKNOWN STEP	2025-06-27T00:33:00.6262549Z hint:
SSSD	UNKNOWN STEP	2025-06-27T00:33:00.6263082Z hint: Names commonly chosen instead of 'master' are 'main', 'trunk' and
SSSD	UNKNOWN STEP	2025-06-27T00:33:00.6264493Z hint: 'development'. The just-created branch can be renamed via this command:
SSSD	UNKNOWN STEP	2025-06-27T00:33:00.6265715Z hint:
SSSD	UNKNOWN STEP	2025-06-27T00:33:00.6266400Z hint: 	git branch -m <name>
SSSD	UNKNOWN STEP	2025-06-27T00:33:00.6267550Z Initialized empty Git repository in /home/runner/work/keycloak/keycloak/.git/
SSSD	UNKNOWN STEP	2025-06-27T00:33:00.6278112Z [command]/usr/bin/git remote add origin https://github.com/keycloak/keycloak
SSSD	UNKNOWN STEP	2025-06-27T00:33:00.6318715Z ##[endgroup]
SSSD	UNKNOWN STEP	2025-06-27T00:33:00.6319899Z ##[group]Disabling automatic garbage collection
SSSD	UNKNOWN STEP	2025-06-27T00:33:00.6324619Z [command]/usr/bin/git config --local gc.auto 0
SSSD	UNKNOWN STEP	2025-06-27T00:33:00.6358665Z ##[endgroup]
SSSD	UNKNOWN STEP	2025-06-27T00:33:00.6359868Z ##[group]Setting up auth
SSSD	UNKNOWN STEP	2025-06-27T00:33:00.6367280Z [command]/usr/bin/git config --local --name-only --get-regexp core\.sshCommand
SSSD	UNKNOWN STEP	2025-06-27T00:33:00.6404176Z [command]/usr/bin/git submodule foreach --recursive sh -c "git config --local --name-only --get-regexp 'core\.sshCommand' && git config --local --unset-all 'core.sshCommand' || :"
SSSD	UNKNOWN STEP	2025-06-27T00:33:00.6753686Z [command]/usr/bin/git config --local --name-only --get-regexp http\.https\:\/\/github\.com\/\.extraheader
SSSD	UNKNOWN STEP	2025-06-27T00:33:00.6789454Z [command]/usr/bin/git submodule foreach --recursive sh -c "git config --local --name-only --get-regexp 'http\.https\:\/\/github\.com\/\.extraheader' && git config --local --unset-all 'http.https://github.com/.extraheader' || :"
SSSD	UNKNOWN STEP	2025-06-27T00:33:00.7021183Z [command]/usr/bin/git config --local http.https://github.com/.extraheader AUTHORIZATION: basic ***
SSSD	UNKNOWN STEP	2025-06-27T00:33:00.7131877Z ##[endgroup]
SSSD	UNKNOWN STEP	2025-06-27T00:33:00.7133347Z ##[group]Fetching the repository
SSSD	UNKNOWN STEP	2025-06-27T00:33:00.7151036Z [command]/usr/bin/git -c protocol.version=2 fetch --no-tags --prune --no-recurse-submodules --depth=1 origin +9a4725712d0f9ad9b475fa91f7fc26339e265b74:refs/remotes/origin/main
SSSD	UNKNOWN STEP	2025-06-27T00:33:02.1099291Z From https://github.com/keycloak/keycloak
SSSD	UNKNOWN STEP	2025-06-27T00:33:02.1101283Z  * [new ref]         9a4725712d0f9ad9b475fa91f7fc26339e265b74 -> origin/main
SSSD	UNKNOWN STEP	2025-06-27T00:33:02.1169761Z ##[endgroup]
SSSD	UNKNOWN STEP	2025-06-27T00:33:02.1171255Z ##[group]Determining the checkout info
SSSD	UNKNOWN STEP	2025-06-27T00:33:02.1172549Z ##[endgroup]
SSSD	UNKNOWN STEP	2025-06-27T00:33:02.1175559Z [command]/usr/bin/git sparse-checkout disable
SSSD	UNKNOWN STEP	2025-06-27T00:33:02.1224092Z [command]/usr/bin/git config --local --unset-all extensions.worktreeConfig
SSSD	UNKNOWN STEP	2025-06-27T00:33:02.1263439Z ##[group]Checking out the ref
SSSD	UNKNOWN STEP	2025-06-27T00:33:02.1265190Z [command]/usr/bin/git checkout --progress --force -B main refs/remotes/origin/main
SSSD	UNKNOWN STEP	2025-06-27T00:33:02.9283641Z Switched to a new branch 'main'
SSSD	UNKNOWN STEP	2025-06-27T00:33:02.9284591Z branch 'main' set up to track 'origin/main'.
SSSD	UNKNOWN STEP	2025-06-27T00:33:02.9318631Z ##[endgroup]
SSSD	UNKNOWN STEP	2025-06-27T00:33:02.9367684Z [command]/usr/bin/git log -1 --format=%H
SSSD	UNKNOWN STEP	2025-06-27T00:33:02.9394236Z 9a4725712d0f9ad9b475fa91f7fc26339e265b74
SSSD	UNKNOWN STEP	2025-06-27T00:33:02.9665977Z Prepare all required actions
SSSD	UNKNOWN STEP	2025-06-27T00:33:02.9666594Z Getting action download info
SSSD	UNKNOWN STEP	2025-06-27T00:33:03.0612258Z Download action repository 'actions/download-artifact@d3f86a106a0bac45b974a628896c90dbdf5c8093' (SHA:d3f86a106a0bac45b974a628896c90dbdf5c8093)
SSSD	UNKNOWN STEP	2025-06-27T00:33:03.6865545Z ##[group]Run ./.github/actions/integration-test-setup
SSSD	UNKNOWN STEP	2025-06-27T00:33:03.6865900Z with:
SSSD	UNKNOWN STEP	2025-06-27T00:33:03.6866087Z   jdk-dist: temurin
SSSD	UNKNOWN STEP	2025-06-27T00:33:03.6866301Z   jdk-version: 21
SSSD	UNKNOWN STEP	2025-06-27T00:33:03.6866489Z env:
SSSD	UNKNOWN STEP	2025-06-27T00:33:03.6866775Z   MAVEN_ARGS: -B -nsu -Daether.connector.http.connectionMaxTtl=25
SSSD	UNKNOWN STEP	2025-06-27T00:33:03.6867149Z   SUREFIRE_RERUN_FAILING_COUNT: 2
SSSD	UNKNOWN STEP	2025-06-27T00:33:03.6867462Z   SUREFIRE_RETRY: -Dsurefire.rerunFailingTestsCount=2
SSSD	UNKNOWN STEP	2025-06-27T00:33:03.6867886Z ##[endgroup]
SSSD	UNKNOWN STEP	2025-06-27T00:33:03.6966249Z Prepare all required actions
SSSD	UNKNOWN STEP	2025-06-27T00:33:03.7002000Z ##[group]Run ./.github/actions/update-hosts
SSSD	UNKNOWN STEP	2025-06-27T00:33:03.7002306Z env:
SSSD	UNKNOWN STEP	2025-06-27T00:33:03.7002661Z   MAVEN_ARGS: -B -nsu -Daether.connector.http.connectionMaxTtl=25
SSSD	UNKNOWN STEP	2025-06-27T00:33:03.7003066Z   SUREFIRE_RERUN_FAILING_COUNT: 2
SSSD	UNKNOWN STEP	2025-06-27T00:33:03.7003401Z   SUREFIRE_RETRY: -Dsurefire.rerunFailingTestsCount=2
SSSD	UNKNOWN STEP	2025-06-27T00:33:03.7003723Z ##[endgroup]
SSSD	UNKNOWN STEP	2025-06-27T00:33:03.7051622Z ##[group]Run printf "\n\n$(cat .github/actions/update-hosts/nipio-hosts)" | sudo tee -a /etc/hosts
SSSD	UNKNOWN STEP	2025-06-27T00:33:03.7052455Z [36;1mprintf "\n\n$(cat .github/actions/update-hosts/nipio-hosts)" | sudo tee -a /etc/hosts[0m
SSSD	UNKNOWN STEP	2025-06-27T00:33:03.7153465Z shell: /usr/bin/bash --noprofile --norc -e -o pipefail {0}
SSSD	UNKNOWN STEP	2025-06-27T00:33:03.7153868Z env:
SSSD	UNKNOWN STEP	2025-06-27T00:33:03.7154181Z   MAVEN_ARGS: -B -nsu -Daether.connector.http.connectionMaxTtl=25
SSSD	UNKNOWN STEP	2025-06-27T00:33:03.7154552Z   SUREFIRE_RERUN_FAILING_COUNT: 2
SSSD	UNKNOWN STEP	2025-06-27T00:33:03.7154871Z   SUREFIRE_RETRY: -Dsurefire.rerunFailingTestsCount=2
SSSD	UNKNOWN STEP	2025-06-27T00:33:03.7155224Z ##[endgroup]
SSSD	UNKNOWN STEP	2025-06-27T00:33:03.7337097Z 
SSSD	UNKNOWN STEP	2025-06-27T00:33:03.7337191Z 
SSSD	UNKNOWN STEP	2025-06-27T00:33:03.7338197Z 127.0.0.1 localtest.me 127.0.0.1.nip.io admin.127.0.0.1.nip.io localhost-myapp.127.0.0.1.nip.io localhost-sso.127.0.0.1.nip.io realmFrontend.127.0.0.1.nip.io proxy.kc.127.0.0.1.nip.io
SSSD	UNKNOWN STEP	2025-06-27T00:33:03.7353998Z ::1 localtest.me 127.0.0.1.nip.io admin.127.0.0.1.nip.io localhost-myapp.127.0.0.1.nip.io localhost-sso.127.0.0.1.nip.io realmFrontend.127.0.0.1.nip.io proxy.kc.127.0.0.1.nip.io
SSSD	UNKNOWN STEP	2025-06-27T00:33:03.7412078Z Prepare all required actions
SSSD	UNKNOWN STEP	2025-06-27T00:33:03.7412418Z Getting action download info
SSSD	UNKNOWN STEP	2025-06-27T00:33:03.8479004Z Download action repository 'actions/setup-java@c5195efecf7bdfc987ee8bae7a71cb8b11521c00' (SHA:c5195efecf7bdfc987ee8bae7a71cb8b11521c00)
SSSD	UNKNOWN STEP	2025-06-27T00:33:04.1493861Z ##[group]Run ./.github/actions/java-setup
SSSD	UNKNOWN STEP	2025-06-27T00:33:04.1494161Z with:
SSSD	UNKNOWN STEP	2025-06-27T00:33:04.1494339Z   distribution: temurin
SSSD	UNKNOWN STEP	2025-06-27T00:33:04.1494576Z   java-version: 21
SSSD	UNKNOWN STEP	2025-06-27T00:33:04.1494757Z env:
SSSD	UNKNOWN STEP	2025-06-27T00:33:04.1495049Z   MAVEN_ARGS: -B -nsu -Daether.connector.http.connectionMaxTtl=25
SSSD	UNKNOWN STEP	2025-06-27T00:33:04.1495432Z   SUREFIRE_RERUN_FAILING_COUNT: 2
SSSD	UNKNOWN STEP	2025-06-27T00:33:04.1495754Z   SUREFIRE_RETRY: -Dsurefire.rerunFailingTestsCount=2
SSSD	UNKNOWN STEP	2025-06-27T00:33:04.1496068Z ##[endgroup]
SSSD	UNKNOWN STEP	2025-06-27T00:33:04.1578354Z ##[group]Run actions/setup-java@c5195efecf7bdfc987ee8bae7a71cb8b11521c00
SSSD	UNKNOWN STEP	2025-06-27T00:33:04.1578773Z with:
SSSD	UNKNOWN STEP	2025-06-27T00:33:04.1578964Z   distribution: temurin
SSSD	UNKNOWN STEP	2025-06-27T00:33:04.1579184Z   java-version: 21
SSSD	UNKNOWN STEP	2025-06-27T00:33:04.1579380Z   java-package: jdk
SSSD	UNKNOWN STEP	2025-06-27T00:33:04.1579597Z   check-latest: false
SSSD	UNKNOWN STEP	2025-06-27T00:33:04.1579803Z   server-id: github
SSSD	UNKNOWN STEP	2025-06-27T00:33:04.1580019Z   server-username: GITHUB_ACTOR
SSSD	UNKNOWN STEP	2025-06-27T00:33:04.1580271Z   server-password: GITHUB_TOKEN
SSSD	UNKNOWN STEP	2025-06-27T00:33:04.1580525Z   overwrite-settings: true
SSSD	UNKNOWN STEP	2025-06-27T00:33:04.1580941Z   job-status: success
SSSD	UNKNOWN STEP	2025-06-27T00:33:04.1581402Z   token: ***
SSSD	UNKNOWN STEP	2025-06-27T00:33:04.1581599Z env:
SSSD	UNKNOWN STEP	2025-06-27T00:33:04.1581876Z   MAVEN_ARGS: -B -nsu -Daether.connector.http.connectionMaxTtl=25
SSSD	UNKNOWN STEP	2025-06-27T00:33:04.1582259Z   SUREFIRE_RERUN_FAILING_COUNT: 2
SSSD	UNKNOWN STEP	2025-06-27T00:33:04.1582831Z   SUREFIRE_RETRY: -Dsurefire.rerunFailingTestsCount=2
SSSD	UNKNOWN STEP	2025-06-27T00:33:04.1583152Z ##[endgroup]
SSSD	UNKNOWN STEP	2025-06-27T00:33:04.3714021Z ##[group]Installed distributions
SSSD	UNKNOWN STEP	2025-06-27T00:33:04.4453830Z Resolved Java 21.0.7+6 from tool-cache
SSSD	UNKNOWN STEP	2025-06-27T00:33:04.4468321Z Setting Java 21.0.7+6 as the default
SSSD	UNKNOWN STEP	2025-06-27T00:33:04.4468931Z Creating toolchains.xml for JDK version 21 from temurin
SSSD	UNKNOWN STEP	2025-06-27T00:33:04.4553809Z Writing to /home/runner/.m2/toolchains.xml
SSSD	UNKNOWN STEP	2025-06-27T00:33:04.4554763Z 
SSSD	UNKNOWN STEP	2025-06-27T00:33:04.4555255Z Java configuration:
SSSD	UNKNOWN STEP	2025-06-27T00:33:04.4557013Z   Distribution: temurin
SSSD	UNKNOWN STEP	2025-06-27T00:33:04.4557544Z   Version: 21.0.7+6
SSSD	UNKNOWN STEP	2025-06-27T00:33:04.4558173Z   Path: /opt/hostedtoolcache/Java_Temurin-Hotspot_jdk/21.0.7-6/x64
SSSD	UNKNOWN STEP	2025-06-27T00:33:04.4558723Z 
SSSD	UNKNOWN STEP	2025-06-27T00:33:04.4559560Z ##[endgroup]
SSSD	UNKNOWN STEP	2025-06-27T00:33:04.4573322Z Creating settings.xml with server-id: github
SSSD	UNKNOWN STEP	2025-06-27T00:33:04.4580190Z Writing to /home/runner/.m2/settings.xml
SSSD	UNKNOWN STEP	2025-06-27T00:33:04.4726556Z Prepare all required actions
SSSD	UNKNOWN STEP	2025-06-27T00:33:04.4726928Z Getting action download info
SSSD	UNKNOWN STEP	2025-06-27T00:33:04.6284380Z ##[group]Run ./.github/actions/maven-cache
SSSD	UNKNOWN STEP	2025-06-27T00:33:04.6284679Z with:
SSSD	UNKNOWN STEP	2025-06-27T00:33:04.6284887Z   create-cache-if-it-doesnt-exist: false
SSSD	UNKNOWN STEP	2025-06-27T00:33:04.6285150Z env:
SSSD	UNKNOWN STEP	2025-06-27T00:33:04.6285424Z   MAVEN_ARGS: -B -nsu -Daether.connector.http.connectionMaxTtl=25
SSSD	UNKNOWN STEP	2025-06-27T00:33:04.6285797Z   SUREFIRE_RERUN_FAILING_COUNT: 2
SSSD	UNKNOWN STEP	2025-06-27T00:33:04.6286114Z   SUREFIRE_RETRY: -Dsurefire.rerunFailingTestsCount=2
SSSD	UNKNOWN STEP	2025-06-27T00:33:04.6286545Z   JAVA_HOME: /opt/hostedtoolcache/Java_Temurin-Hotspot_jdk/21.0.7-6/x64
SSSD	UNKNOWN STEP	2025-06-27T00:33:04.6287038Z   JAVA_HOME_21_X64: /opt/hostedtoolcache/Java_Temurin-Hotspot_jdk/21.0.7-6/x64
SSSD	UNKNOWN STEP	2025-06-27T00:33:04.6287402Z ##[endgroup]
SSSD	UNKNOWN STEP	2025-06-27T00:33:04.6306291Z ##[group]Run echo "key=mvn-`date -u "+%Y-%U"`" >> $GITHUB_OUTPUT
SSSD	UNKNOWN STEP	2025-06-27T00:33:04.6306755Z [36;1mecho "key=mvn-`date -u "+%Y-%U"`" >> $GITHUB_OUTPUT[0m
SSSD	UNKNOWN STEP	2025-06-27T00:33:04.6372009Z shell: /usr/bin/bash --noprofile --norc -e -o pipefail {0}
SSSD	UNKNOWN STEP	2025-06-27T00:33:04.6372406Z env:
SSSD	UNKNOWN STEP	2025-06-27T00:33:04.6372704Z   MAVEN_ARGS: -B -nsu -Daether.connector.http.connectionMaxTtl=25
SSSD	UNKNOWN STEP	2025-06-27T00:33:04.6373073Z   SUREFIRE_RERUN_FAILING_COUNT: 2
SSSD	UNKNOWN STEP	2025-06-27T00:33:04.6373395Z   SUREFIRE_RETRY: -Dsurefire.rerunFailingTestsCount=2
SSSD	UNKNOWN STEP	2025-06-27T00:33:04.6373845Z   JAVA_HOME: /opt/hostedtoolcache/Java_Temurin-Hotspot_jdk/21.0.7-6/x64
SSSD	UNKNOWN STEP	2025-06-27T00:33:04.6374407Z   JAVA_HOME_21_X64: /opt/hostedtoolcache/Java_Temurin-Hotspot_jdk/21.0.7-6/x64
SSSD	UNKNOWN STEP	2025-06-27T00:33:04.6374790Z ##[endgroup]
SSSD	UNKNOWN STEP	2025-06-27T00:33:04.6532667Z ##[group]Run actions/cache/restore@5a3ec84eff668545956fd18022155c47e93e2684
SSSD	UNKNOWN STEP	2025-06-27T00:33:04.6533089Z with:
SSSD	UNKNOWN STEP	2025-06-27T00:33:04.6533351Z   path: ~/.m2/repository/*/*
SSSD	UNKNOWN STEP	!~/.m2/repository/org/keycloak
SSSD	UNKNOWN STEP	
SSSD	UNKNOWN STEP	2025-06-27T00:33:04.6533685Z   key: mvn-2025-25
SSSD	UNKNOWN STEP	2025-06-27T00:33:04.6533894Z   enableCrossOsArchive: true
SSSD	UNKNOWN STEP	2025-06-27T00:33:04.6534166Z   fail-on-cache-miss: false
SSSD	UNKNOWN STEP	2025-06-27T00:33:04.6534397Z   lookup-only: false
SSSD	UNKNOWN STEP	2025-06-27T00:33:04.6534594Z env:
SSSD	UNKNOWN STEP	2025-06-27T00:33:04.6534895Z   MAVEN_ARGS: -B -nsu -Daether.connector.http.connectionMaxTtl=25
SSSD	UNKNOWN STEP	2025-06-27T00:33:04.6535272Z   SUREFIRE_RERUN_FAILING_COUNT: 2
SSSD	UNKNOWN STEP	2025-06-27T00:33:04.6535584Z   SUREFIRE_RETRY: -Dsurefire.rerunFailingTestsCount=2
SSSD	UNKNOWN STEP	2025-06-27T00:33:04.6536019Z   JAVA_HOME: /opt/hostedtoolcache/Java_Temurin-Hotspot_jdk/21.0.7-6/x64
SSSD	UNKNOWN STEP	2025-06-27T00:33:04.6536519Z   JAVA_HOME_21_X64: /opt/hostedtoolcache/Java_Temurin-Hotspot_jdk/21.0.7-6/x64
SSSD	UNKNOWN STEP	2025-06-27T00:33:04.6537040Z ##[endgroup]
SSSD	UNKNOWN STEP	2025-06-27T00:33:04.8585776Z Cache hit for: mvn-2025-25
SSSD	UNKNOWN STEP	2025-06-27T00:33:05.9281584Z Received 209715200 of 580412714 (36.1%), 199.8 MBs/sec
SSSD	UNKNOWN STEP	2025-06-27T00:33:06.9278720Z Received 469762048 of 580412714 (80.9%), 223.9 MBs/sec
SSSD	UNKNOWN STEP	2025-06-27T00:33:07.4398938Z Received 580412714 of 580412714 (100.0%), 220.3 MBs/sec
SSSD	UNKNOWN STEP	2025-06-27T00:33:07.4402004Z Cache Size: ~554 MB (580412714 B)
SSSD	UNKNOWN STEP	2025-06-27T00:33:07.4538676Z [command]/usr/bin/tar -xf /home/runner/work/_temp/5d47e0e0-c159-4f0e-8627-c0f49542f8f0/cache.tzst -P -C /home/runner/work/keycloak/keycloak --use-compress-program unzstd
SSSD	UNKNOWN STEP	2025-06-27T00:33:09.2939637Z Cache restored successfully
SSSD	UNKNOWN STEP	2025-06-27T00:33:09.4155520Z Cache restored from key: mvn-2025-25
SSSD	UNKNOWN STEP	2025-06-27T00:33:09.4325353Z Prepare all required actions
SSSD	UNKNOWN STEP	2025-06-27T00:33:09.4325706Z Getting action download info
SSSD	UNKNOWN STEP	2025-06-27T00:33:09.5343019Z ##[group]Run ./.github/actions/node-cache
SSSD	UNKNOWN STEP	2025-06-27T00:33:09.5343482Z env:
SSSD	UNKNOWN STEP	2025-06-27T00:33:09.5343930Z   MAVEN_ARGS: -B -nsu -Daether.connector.http.connectionMaxTtl=25
SSSD	UNKNOWN STEP	2025-06-27T00:33:09.5344541Z   SUREFIRE_RERUN_FAILING_COUNT: 2
SSSD	UNKNOWN STEP	2025-06-27T00:33:09.5345050Z   SUREFIRE_RETRY: -Dsurefire.rerunFailingTestsCount=2
SSSD	UNKNOWN STEP	2025-06-27T00:33:09.5345775Z   JAVA_HOME: /opt/hostedtoolcache/Java_Temurin-Hotspot_jdk/21.0.7-6/x64
SSSD	UNKNOWN STEP	2025-06-27T00:33:09.5346576Z   JAVA_HOME_21_X64: /opt/hostedtoolcache/Java_Temurin-Hotspot_jdk/21.0.7-6/x64
SSSD	UNKNOWN STEP	2025-06-27T00:33:09.5347439Z ##[endgroup]
SSSD	UNKNOWN STEP	2025-06-27T00:33:09.5404356Z ##[group]Run echo "node=$(cat js/pom.xml | grep '<node.version>' | cut -d '>' -f 2 | cut -d '<' -f 1 | cut -c 2-)" >> $GITHUB_OUTPUT
SSSD	UNKNOWN STEP	2025-06-27T00:33:09.5405597Z [36;1mecho "node=$(cat js/pom.xml | grep '<node.version>' | cut -d '>' -f 2 | cut -d '<' -f 1 | cut -c 2-)" >> $GITHUB_OUTPUT[0m
SSSD	UNKNOWN STEP	2025-06-27T00:33:09.5406708Z [36;1mecho "pnpm=$(cat js/pom.xml | grep '<pnpm.version>' | cut -d '>' -f 2 | cut -d '<' -f 1 | cut -c 1-)" >> $GITHUB_OUTPUT[0m
SSSD	UNKNOWN STEP	2025-06-27T00:33:09.5485486Z shell: /usr/bin/bash --noprofile --norc -e -o pipefail {0}
SSSD	UNKNOWN STEP	2025-06-27T00:33:09.5486110Z env:
SSSD	UNKNOWN STEP	2025-06-27T00:33:09.5486577Z   MAVEN_ARGS: -B -nsu -Daether.connector.http.connectionMaxTtl=25
SSSD	UNKNOWN STEP	2025-06-27T00:33:09.5487184Z   SUREFIRE_RERUN_FAILING_COUNT: 2
SSSD	UNKNOWN STEP	2025-06-27T00:33:09.5487700Z   SUREFIRE_RETRY: -Dsurefire.rerunFailingTestsCount=2
SSSD	UNKNOWN STEP	2025-06-27T00:33:09.5488460Z   JAVA_HOME: /opt/hostedtoolcache/Java_Temurin-Hotspot_jdk/21.0.7-6/x64
SSSD	UNKNOWN STEP	2025-06-27T00:33:09.5489276Z   JAVA_HOME_21_X64: /opt/hostedtoolcache/Java_Temurin-Hotspot_jdk/21.0.7-6/x64
SSSD	UNKNOWN STEP	2025-06-27T00:33:09.5489912Z ##[endgroup]
SSSD	UNKNOWN STEP	2025-06-27T00:33:09.5779866Z ##[group]Run actions/cache@5a3ec84eff668545956fd18022155c47e93e2684
SSSD	UNKNOWN STEP	2025-06-27T00:33:09.5780516Z with:
SSSD	UNKNOWN STEP	2025-06-27T00:33:09.5781384Z   path: ~/.m2/repository/com/github/eirslett/node
SSSD	UNKNOWN STEP	~/.m2/repository/com/github/eirslett/pnpm
SSSD	UNKNOWN STEP	
SSSD	UNKNOWN STEP	2025-06-27T00:33:09.5782255Z   key: Linux-frontend-plugin-artifacts-22.14.0-10.4.1
SSSD	UNKNOWN STEP	2025-06-27T00:33:09.5782808Z   enableCrossOsArchive: false
SSSD	UNKNOWN STEP	2025-06-27T00:33:09.5783227Z   fail-on-cache-miss: false
SSSD	UNKNOWN STEP	2025-06-27T00:33:09.5783604Z   lookup-only: false
SSSD	UNKNOWN STEP	2025-06-27T00:33:09.5783934Z   save-always: false
SSSD	UNKNOWN STEP	2025-06-27T00:33:09.5784253Z env:
SSSD	UNKNOWN STEP	2025-06-27T00:33:09.5784707Z   MAVEN_ARGS: -B -nsu -Daether.connector.http.connectionMaxTtl=25
SSSD	UNKNOWN STEP	2025-06-27T00:33:09.5785310Z   SUREFIRE_RERUN_FAILING_COUNT: 2
SSSD	UNKNOWN STEP	2025-06-27T00:33:09.5785822Z   SUREFIRE_RETRY: -Dsurefire.rerunFailingTestsCount=2
SSSD	UNKNOWN STEP	2025-06-27T00:33:09.5786535Z   JAVA_HOME: /opt/hostedtoolcache/Java_Temurin-Hotspot_jdk/21.0.7-6/x64
SSSD	UNKNOWN STEP	2025-06-27T00:33:09.5787355Z   JAVA_HOME_21_X64: /opt/hostedtoolcache/Java_Temurin-Hotspot_jdk/21.0.7-6/x64
SSSD	UNKNOWN STEP	2025-06-27T00:33:09.5787968Z ##[endgroup]
SSSD	UNKNOWN STEP	2025-06-27T00:33:09.8712363Z Cache hit for: Linux-frontend-plugin-artifacts-22.14.0-10.4.1
SSSD	UNKNOWN STEP	2025-06-27T00:33:10.5148721Z Received 88005547 of 88005547 (100.0%), 148.8 MBs/sec
SSSD	UNKNOWN STEP	2025-06-27T00:33:10.5149834Z Cache Size: ~84 MB (88005547 B)
SSSD	UNKNOWN STEP	2025-06-27T00:33:10.5182008Z [command]/usr/bin/tar -xf /home/runner/work/_temp/21324872-35f5-42e5-8112-ce6cda769aec/cache.tzst -P -C /home/runner/work/keycloak/keycloak --use-compress-program unzstd
SSSD	UNKNOWN STEP	2025-06-27T00:33:10.7615768Z Cache restored successfully
SSSD	UNKNOWN STEP	2025-06-27T00:33:10.7871282Z Cache restored from key: Linux-frontend-plugin-artifacts-22.14.0-10.4.1
SSSD	UNKNOWN STEP	2025-06-27T00:33:10.8001414Z Prepare all required actions
SSSD	UNKNOWN STEP	2025-06-27T00:33:10.8001777Z Getting action download info
SSSD	UNKNOWN STEP	2025-06-27T00:33:10.9554570Z ##[group]Run ./.github/actions/pnpm-store-cache
SSSD	UNKNOWN STEP	2025-06-27T00:33:10.9554881Z env:
SSSD	UNKNOWN STEP	2025-06-27T00:33:10.9555184Z   MAVEN_ARGS: -B -nsu -Daether.connector.http.connectionMaxTtl=25
SSSD	UNKNOWN STEP	2025-06-27T00:33:10.9555591Z   SUREFIRE_RERUN_FAILING_COUNT: 2
SSSD	UNKNOWN STEP	2025-06-27T00:33:10.9555916Z   SUREFIRE_RETRY: -Dsurefire.rerunFailingTestsCount=2
SSSD	UNKNOWN STEP	2025-06-27T00:33:10.9556532Z   JAVA_HOME: /opt/hostedtoolcache/Java_Temurin-Hotspot_jdk/21.0.7-6/x64
SSSD	UNKNOWN STEP	2025-06-27T00:33:10.9557055Z   JAVA_HOME_21_X64: /opt/hostedtoolcache/Java_Temurin-Hotspot_jdk/21.0.7-6/x64
SSSD	UNKNOWN STEP	2025-06-27T00:33:10.9557445Z ##[endgroup]
SSSD	UNKNOWN STEP	2025-06-27T00:33:10.9572590Z ##[group]Run echo "key=pnpm-store-`date -u "+%Y-%U"`" >> $GITHUB_OUTPUT
SSSD	UNKNOWN STEP	2025-06-27T00:33:10.9573096Z [36;1mecho "key=pnpm-store-`date -u "+%Y-%U"`" >> $GITHUB_OUTPUT[0m
SSSD	UNKNOWN STEP	2025-06-27T00:33:10.9631431Z shell: /usr/bin/bash --noprofile --norc -e -o pipefail {0}
SSSD	UNKNOWN STEP	2025-06-27T00:33:10.9631806Z env:
SSSD	UNKNOWN STEP	2025-06-27T00:33:10.9632137Z   MAVEN_ARGS: -B -nsu -Daether.connector.http.connectionMaxTtl=25
SSSD	UNKNOWN STEP	2025-06-27T00:33:10.9632533Z   SUREFIRE_RERUN_FAILING_COUNT: 2
SSSD	UNKNOWN STEP	2025-06-27T00:33:10.9632863Z   SUREFIRE_RETRY: -Dsurefire.rerunFailingTestsCount=2
SSSD	UNKNOWN STEP	2025-06-27T00:33:10.9633326Z   JAVA_HOME: /opt/hostedtoolcache/Java_Temurin-Hotspot_jdk/21.0.7-6/x64
SSSD	UNKNOWN STEP	2025-06-27T00:33:10.9634070Z   JAVA_HOME_21_X64: /opt/hostedtoolcache/Java_Temurin-Hotspot_jdk/21.0.7-6/x64
SSSD	UNKNOWN STEP	2025-06-27T00:33:10.9634464Z ##[endgroup]
SSSD	UNKNOWN STEP	2025-06-27T00:33:10.9772567Z ##[group]Run actions/cache@5a3ec84eff668545956fd18022155c47e93e2684
SSSD	UNKNOWN STEP	2025-06-27T00:33:10.9772936Z with:
SSSD	UNKNOWN STEP	2025-06-27T00:33:10.9773287Z   path: ~/.local/share/pnpm/store
SSSD	UNKNOWN STEP	~/AppData/Local/pnpm/store
SSSD	UNKNOWN STEP	~/Library/pnpm/store
SSSD	UNKNOWN STEP	
SSSD	UNKNOWN STEP	2025-06-27T00:33:10.9773727Z   key: Linux-pnpm-store-2025-25
SSSD	UNKNOWN STEP	2025-06-27T00:33:10.9773996Z   enableCrossOsArchive: false
SSSD	UNKNOWN STEP	2025-06-27T00:33:10.9774252Z   fail-on-cache-miss: false
SSSD	UNKNOWN STEP	2025-06-27T00:33:10.9774488Z   lookup-only: false
SSSD	UNKNOWN STEP	2025-06-27T00:33:10.9774695Z   save-always: false
SSSD	UNKNOWN STEP	2025-06-27T00:33:10.9774894Z env:
SSSD	UNKNOWN STEP	2025-06-27T00:33:10.9775187Z   MAVEN_ARGS: -B -nsu -Daether.connector.http.connectionMaxTtl=25
SSSD	UNKNOWN STEP	2025-06-27T00:33:10.9775557Z   SUREFIRE_RERUN_FAILING_COUNT: 2
SSSD	UNKNOWN STEP	2025-06-27T00:33:10.9775881Z   SUREFIRE_RETRY: -Dsurefire.rerunFailingTestsCount=2
SSSD	UNKNOWN STEP	2025-06-27T00:33:10.9776355Z   JAVA_HOME: /opt/hostedtoolcache/Java_Temurin-Hotspot_jdk/21.0.7-6/x64
SSSD	UNKNOWN STEP	2025-06-27T00:33:10.9776864Z   JAVA_HOME_21_X64: /opt/hostedtoolcache/Java_Temurin-Hotspot_jdk/21.0.7-6/x64
SSSD	UNKNOWN STEP	2025-06-27T00:33:10.9777252Z ##[endgroup]
SSSD	UNKNOWN STEP	2025-06-27T00:33:11.1832458Z Cache hit for: Linux-pnpm-store-2025-25
SSSD	UNKNOWN STEP	2025-06-27T00:33:12.0104486Z Received 147375787 of 147375787 (100.0%), 181.6 MBs/sec
SSSD	UNKNOWN STEP	2025-06-27T00:33:12.0105486Z Cache Size: ~141 MB (147375787 B)
SSSD	UNKNOWN STEP	2025-06-27T00:33:12.0134870Z [command]/usr/bin/tar -xf /home/runner/work/_temp/79631b4c-472b-44a4-9577-a7b2d8ddf290/cache.tzst -P -C /home/runner/work/keycloak/keycloak --use-compress-program unzstd
SSSD	UNKNOWN STEP	2025-06-27T00:33:14.8335588Z Cache restored successfully
SSSD	UNKNOWN STEP	2025-06-27T00:33:14.8732585Z Cache restored from key: Linux-pnpm-store-2025-25
SSSD	UNKNOWN STEP	2025-06-27T00:33:14.8866594Z ##[group]Run actions/download-artifact@d3f86a106a0bac45b974a628896c90dbdf5c8093
SSSD	UNKNOWN STEP	2025-06-27T00:33:14.8867021Z with:
SSSD	UNKNOWN STEP	2025-06-27T00:33:14.8867220Z   name: m2-keycloak.tzts
SSSD	UNKNOWN STEP	2025-06-27T00:33:14.8867463Z   merge-multiple: false
SSSD	UNKNOWN STEP	2025-06-27T00:33:14.8867720Z   repository: keycloak/keycloak
SSSD	UNKNOWN STEP	2025-06-27T00:33:14.8867975Z   run-id: 15915215774
SSSD	UNKNOWN STEP	2025-06-27T00:33:14.8868184Z env:
SSSD	UNKNOWN STEP	2025-06-27T00:33:14.8868505Z   MAVEN_ARGS: -B -nsu -Daether.connector.http.connectionMaxTtl=25
SSSD	UNKNOWN STEP	2025-06-27T00:33:14.8868907Z   SUREFIRE_RERUN_FAILING_COUNT: 2
SSSD	UNKNOWN STEP	2025-06-27T00:33:14.8869245Z   SUREFIRE_RETRY: -Dsurefire.rerunFailingTestsCount=2
SSSD	UNKNOWN STEP	2025-06-27T00:33:14.8869721Z   JAVA_HOME: /opt/hostedtoolcache/Java_Temurin-Hotspot_jdk/21.0.7-6/x64
SSSD	UNKNOWN STEP	2025-06-27T00:33:14.8870243Z   JAVA_HOME_21_X64: /opt/hostedtoolcache/Java_Temurin-Hotspot_jdk/21.0.7-6/x64
SSSD	UNKNOWN STEP	2025-06-27T00:33:14.8870880Z ##[endgroup]
SSSD	UNKNOWN STEP	2025-06-27T00:33:15.1211583Z Downloading single artifact
SSSD	UNKNOWN STEP	2025-06-27T00:33:15.2106012Z Preparing to download the following artifacts:
SSSD	UNKNOWN STEP	2025-06-27T00:33:15.2107354Z - m2-keycloak.tzts (ID: 3415332331, Size: 381754426, Expected Digest: sha256:92a2a01696792e66fde3e8c60a0e492a586420c392c1a407fa57d9aae278abfb)
SSSD	UNKNOWN STEP	2025-06-27T00:33:15.2671784Z Redirecting to blob download url: https://productionresultssa16.blob.core.windows.net/actions-results/50e0af60-2ed8-42b5-aeca-a0ec8f119090/workflow-job-run-105b2831-acdd-5a0f-ba31-3b9257ce482f/artifacts/edc4cfb0355d37e325eaae6eb235756b36f79720f66ece617babf28220e9d051.zip
SSSD	UNKNOWN STEP	2025-06-27T00:33:15.2674139Z Starting download of artifact to: /home/runner/work/keycloak/keycloak
SSSD	UNKNOWN STEP	2025-06-27T00:33:15.3723916Z (node:2146) [DEP0005] DeprecationWarning: Buffer() is deprecated due to security and usability issues. Please use the Buffer.alloc(), Buffer.allocUnsafe(), or Buffer.from() methods instead.
SSSD	UNKNOWN STEP	2025-06-27T00:33:15.3724977Z (Use `node --trace-deprecation ...` to show where the warning was created)
SSSD	UNKNOWN STEP	2025-06-27T00:33:19.7769247Z SHA256 digest of downloaded artifact is 92a2a01696792e66fde3e8c60a0e492a586420c392c1a407fa57d9aae278abfb
SSSD	UNKNOWN STEP	2025-06-27T00:33:19.7770502Z Artifact download completed successfully.
SSSD	UNKNOWN STEP	2025-06-27T00:33:19.7771439Z Total of 1 artifact(s) downloaded
SSSD	UNKNOWN STEP	2025-06-27T00:33:19.7777399Z Download artifact has finished successfully
SSSD	UNKNOWN STEP	2025-06-27T00:33:19.7941117Z ##[group]Run if [ "$RUNNER_OS" == "Windows" ]; then
SSSD	UNKNOWN STEP	2025-06-27T00:33:19.7941570Z [36;1mif [ "$RUNNER_OS" == "Windows" ]; then[0m
SSSD	UNKNOWN STEP	2025-06-27T00:33:19.7942096Z [36;1m  # zstd binary might be missing in older versions, install only when necessary[0m
SSSD	UNKNOWN STEP	2025-06-27T00:33:19.7942647Z [36;1m  which zstd > /dev/null || choco install zstandard[0m
SSSD	UNKNOWN STEP	2025-06-27T00:33:19.7943024Z [36;1mfi[0m
SSSD	UNKNOWN STEP	2025-06-27T00:33:19.7943408Z [36;1mtar -C ~/ --use-compress-program="zstd -d" -xf m2-keycloak.tzts[0m
SSSD	UNKNOWN STEP	2025-06-27T00:33:19.8009851Z shell: /usr/bin/bash --noprofile --norc -e -o pipefail {0}
SSSD	UNKNOWN STEP	2025-06-27T00:33:19.8010271Z env:
SSSD	UNKNOWN STEP	2025-06-27T00:33:19.8010895Z   MAVEN_ARGS: -B -nsu -Daether.connector.http.connectionMaxTtl=25
SSSD	UNKNOWN STEP	2025-06-27T00:33:19.8011378Z   SUREFIRE_RERUN_FAILING_COUNT: 2
SSSD	UNKNOWN STEP	2025-06-27T00:33:19.8011757Z   SUREFIRE_RETRY: -Dsurefire.rerunFailingTestsCount=2
SSSD	UNKNOWN STEP	2025-06-27T00:33:19.8012282Z   JAVA_HOME: /opt/hostedtoolcache/Java_Temurin-Hotspot_jdk/21.0.7-6/x64
SSSD	UNKNOWN STEP	2025-06-27T00:33:19.8012874Z   JAVA_HOME_21_X64: /opt/hostedtoolcache/Java_Temurin-Hotspot_jdk/21.0.7-6/x64
SSSD	UNKNOWN STEP	2025-06-27T00:33:19.8013334Z ##[endgroup]
SSSD	UNKNOWN STEP	2025-06-27T00:33:20.5022276Z ##[group]Run echo "key=ipa-data-`date -u "+%Y-%U"`" >> $GITHUB_OUTPUT
SSSD	UNKNOWN STEP	2025-06-27T00:33:20.5023068Z [36;1mecho "key=ipa-data-`date -u "+%Y-%U"`" >> $GITHUB_OUTPUT[0m
SSSD	UNKNOWN STEP	2025-06-27T00:33:20.5088058Z shell: /usr/bin/bash --noprofile --norc -e -o pipefail {0}
SSSD	UNKNOWN STEP	2025-06-27T00:33:20.5088464Z env:
SSSD	UNKNOWN STEP	2025-06-27T00:33:20.5088824Z   MAVEN_ARGS: -B -nsu -Daether.connector.http.connectionMaxTtl=25
SSSD	UNKNOWN STEP	2025-06-27T00:33:20.5089289Z   SUREFIRE_RERUN_FAILING_COUNT: 2
SSSD	UNKNOWN STEP	2025-06-27T00:33:20.5089667Z   SUREFIRE_RETRY: -Dsurefire.rerunFailingTestsCount=2
SSSD	UNKNOWN STEP	2025-06-27T00:33:20.5090191Z   JAVA_HOME: /opt/hostedtoolcache/Java_Temurin-Hotspot_jdk/21.0.7-6/x64
SSSD	UNKNOWN STEP	2025-06-27T00:33:20.5091016Z   JAVA_HOME_21_X64: /opt/hostedtoolcache/Java_Temurin-Hotspot_jdk/21.0.7-6/x64
SSSD	UNKNOWN STEP	2025-06-27T00:33:20.5091465Z ##[endgroup]
SSSD	UNKNOWN STEP	2025-06-27T00:33:20.5301243Z ##[group]Run actions/cache@5a3ec84eff668545956fd18022155c47e93e2684
SSSD	UNKNOWN STEP	2025-06-27T00:33:20.5301953Z with:
SSSD	UNKNOWN STEP	2025-06-27T00:33:20.5302313Z   path: ~/ipa-data.tar
SSSD	UNKNOWN STEP	2025-06-27T00:33:20.5302743Z   key: ipa-data-2025-25
SSSD	UNKNOWN STEP	2025-06-27T00:33:20.5303196Z   enableCrossOsArchive: false
SSSD	UNKNOWN STEP	2025-06-27T00:33:20.5303683Z   fail-on-cache-miss: false
SSSD	UNKNOWN STEP	2025-06-27T00:33:20.5304132Z   lookup-only: false
SSSD	UNKNOWN STEP	2025-06-27T00:33:20.5304539Z   save-always: false
SSSD	UNKNOWN STEP	2025-06-27T00:33:20.5304918Z env:
SSSD	UNKNOWN STEP	2025-06-27T00:33:20.5305482Z   MAVEN_ARGS: -B -nsu -Daether.connector.http.connectionMaxTtl=25
SSSD	UNKNOWN STEP	2025-06-27T00:33:20.5306204Z   SUREFIRE_RERUN_FAILING_COUNT: 2
SSSD	UNKNOWN STEP	2025-06-27T00:33:20.5306830Z   SUREFIRE_RETRY: -Dsurefire.rerunFailingTestsCount=2
SSSD	UNKNOWN STEP	2025-06-27T00:33:20.5307675Z   JAVA_HOME: /opt/hostedtoolcache/Java_Temurin-Hotspot_jdk/21.0.7-6/x64
SSSD	UNKNOWN STEP	2025-06-27T00:33:20.5308629Z   JAVA_HOME_21_X64: /opt/hostedtoolcache/Java_Temurin-Hotspot_jdk/21.0.7-6/x64
SSSD	UNKNOWN STEP	2025-06-27T00:33:20.5309389Z ##[endgroup]
SSSD	UNKNOWN STEP	2025-06-27T00:33:20.7498938Z Cache hit for: ipa-data-2025-25
SSSD	UNKNOWN STEP	2025-06-27T00:33:20.9859611Z Received 5876430 of 5876430 (100.0%), 38.1 MBs/sec
SSSD	UNKNOWN STEP	2025-06-27T00:33:20.9860364Z Cache Size: ~6 MB (5876430 B)
SSSD	UNKNOWN STEP	2025-06-27T00:33:20.9890268Z [command]/usr/bin/tar -xf /home/runner/work/_temp/d3a9c4f5-16b9-4a68-b67a-d34b010f2ce2/cache.tzst -P -C /home/runner/work/keycloak/keycloak --use-compress-program unzstd
SSSD	UNKNOWN STEP	2025-06-27T00:33:23.0391555Z Cache restored successfully
SSSD	UNKNOWN STEP	2025-06-27T00:33:23.0494678Z Cache restored from key: ipa-data-2025-25
SSSD	UNKNOWN STEP	2025-06-27T00:33:23.0612506Z ##[group]Run .github/scripts/run-ipa.sh "/home/runner/work/keycloak/keycloak"
SSSD	UNKNOWN STEP	2025-06-27T00:33:23.0613240Z [36;1m.github/scripts/run-ipa.sh "/home/runner/work/keycloak/keycloak"[0m
SSSD	UNKNOWN STEP	2025-06-27T00:33:23.0679650Z shell: /usr/bin/bash --noprofile --norc -e -o pipefail {0}
SSSD	UNKNOWN STEP	2025-06-27T00:33:23.0680105Z env:
SSSD	UNKNOWN STEP	2025-06-27T00:33:23.0680487Z   MAVEN_ARGS: -B -nsu -Daether.connector.http.connectionMaxTtl=25
SSSD	UNKNOWN STEP	2025-06-27T00:33:23.0681265Z   SUREFIRE_RERUN_FAILING_COUNT: 2
SSSD	UNKNOWN STEP	2025-06-27T00:33:23.0681672Z   SUREFIRE_RETRY: -Dsurefire.rerunFailingTestsCount=2
SSSD	UNKNOWN STEP	2025-06-27T00:33:23.0682225Z   JAVA_HOME: /opt/hostedtoolcache/Java_Temurin-Hotspot_jdk/21.0.7-6/x64
SSSD	UNKNOWN STEP	2025-06-27T00:33:23.0683135Z   JAVA_HOME_21_X64: /opt/hostedtoolcache/Java_Temurin-Hotspot_jdk/21.0.7-6/x64
SSSD	UNKNOWN STEP	2025-06-27T00:33:23.0683611Z ##[endgroup]
SSSD	UNKNOWN STEP	2025-06-27T00:33:23.1190503Z Using data from previous execution
SSSD	UNKNOWN STEP	2025-06-27T00:33:24.9613279Z Starting ipa-server container
SSSD	UNKNOWN STEP	2025-06-27T00:33:30.7618327Z Resolving "freeipa/freeipa-server" using unqualified-search registries (/etc/containers/registries.conf)
SSSD	UNKNOWN STEP	2025-06-27T00:33:30.7619879Z Trying to pull docker.io/freeipa/freeipa-server:rocky-9...
SSSD	UNKNOWN STEP	2025-06-27T00:33:31.1084129Z Getting image source signatures
SSSD	UNKNOWN STEP	2025-06-27T00:33:31.1092786Z Copying blob sha256:14f68be167e879e602ae9704ef03d3ff881ab3b46ee7a350b047f3c874d5301a
SSSD	UNKNOWN STEP	2025-06-27T00:33:31.1094027Z Copying blob sha256:759b6237de85ae2dd226c00aaa65f86c6287e1a42dcece5100c156d56837cf8c
SSSD	UNKNOWN STEP	2025-06-27T00:33:31.1095122Z Copying blob sha256:cd3a1030dfc2cafd7e31ab9368392754e400507902a9078c664b7bfc006b4962
SSSD	UNKNOWN STEP	2025-06-27T00:33:31.1096179Z Copying blob sha256:7c39ea8d1797eeeeb19144233a831eddceda05d03a6538365f2a6e7a77931b3c
SSSD	UNKNOWN STEP	2025-06-27T00:33:31.1097187Z Copying blob sha256:1439509120f76448841e4beffddaf809ee8aab857d3ff057313d02a33e88b94f
SSSD	UNKNOWN STEP	2025-06-27T00:33:31.1098071Z Copying blob sha256:36d9d23acdeaa4d4e128f90bec98e057aa658d082a94ef4694ded61d40fea950
SSSD	UNKNOWN STEP	2025-06-27T00:33:31.1904074Z Copying blob sha256:c71e9e37a731facb60a878c9a0a5c471c3dfdebe6d57c0d292e06ab3e07e3603
SSSD	UNKNOWN STEP	2025-06-27T00:33:31.2044573Z Copying blob sha256:265a835cec71fac697893c0fb585c06b2e1fc1049c8e291063073452362a7987
SSSD	UNKNOWN STEP	2025-06-27T00:33:31.2127834Z Copying blob sha256:7e1c2f7f37fa663eb4cb2c0d28513d5e3c714983a30a1eb33088aa584391feac
SSSD	UNKNOWN STEP	2025-06-27T00:33:31.2178538Z Copying blob sha256:3b76d827cea2370d689a66e60b5b9054c6365fd7ba0d98c917b0eaa74069b156
SSSD	UNKNOWN STEP	2025-06-27T00:33:31.2276103Z Copying blob sha256:73b8e64fa7c30111db73aac3c8b04c73f0f541723549f321a2804d603cf1b855
SSSD	UNKNOWN STEP	2025-06-27T00:33:31.2331533Z Copying blob sha256:e8479e601b28042da8e5c49f939c1872ab04501d21d448191cbd6eed632b300b
SSSD	UNKNOWN STEP	2025-06-27T00:33:31.2385130Z Copying blob sha256:94eb6ce5e98a31dee817d98e95ea502128199c6191a0a7cdff6d9affc373040f
SSSD	UNKNOWN STEP	2025-06-27T00:33:31.2479927Z Copying blob sha256:103879cdc358d1cf98608c0b124bc3309f697e37685958124166dda969f8f77f
SSSD	UNKNOWN STEP	2025-06-27T00:33:31.2774774Z Copying blob sha256:a6a0d4ede6f8de9b17b6aac9cd4814f468f1ec292a4d2aa55c04c4ec136518e3
SSSD	UNKNOWN STEP	2025-06-27T00:33:31.2837941Z Copying blob sha256:d5cd5a825431f6136c48ec9476784b32fe92ca56dbd28d30b6422a4b43e005a5
SSSD	UNKNOWN STEP	2025-06-27T00:33:31.2941446Z Copying blob sha256:95f5e27ee1b4df77b8b5510657c96bf1358aca995901f4a59fd091428a02a501
SSSD	UNKNOWN STEP	2025-06-27T00:33:31.3000031Z Copying blob sha256:4748e488398e43c0085126b9984783b54f517b6dd1d1b514642a7f532b9db887
SSSD	UNKNOWN STEP	2025-06-27T00:33:31.3173165Z Copying blob sha256:a23fc78663aa7d16583a16bcc04f2f41ac9e4f1e8439bb26aadbafaab1e1811c
SSSD	UNKNOWN STEP	2025-06-27T00:33:31.3229673Z Copying blob sha256:293ea0316770a94e57f49a066a6ca503855d13312016939f759402c5a27932e2
SSSD	UNKNOWN STEP	2025-06-27T00:33:31.3381676Z Copying blob sha256:346b7b79fa860ca18360f6d42c8e7e014785c2797e7e2db5de551efc59acd30d
SSSD	UNKNOWN STEP	2025-06-27T00:33:31.3423182Z Copying blob sha256:95b07f1141205687d3c7788c552f6b149623e349c8470e0b6323fb1ea71bc535
SSSD	UNKNOWN STEP	2025-06-27T00:33:31.3556604Z Copying blob sha256:3ae0b462f9468acaf1673259003ff3e29f0860c111ebafcd5f262ea23651c82e
SSSD	UNKNOWN STEP	2025-06-27T00:33:31.3663391Z Copying blob sha256:c3e44b9339d8a96c2e3e1864f512ffa5a1917707a6140ad0afdfd8ed91eac97f
SSSD	UNKNOWN STEP	2025-06-27T00:33:31.3755172Z Copying blob sha256:3cf304a71109d946cf7209a8e61452834b38f83588d21005d629fa82fa523e84
SSSD	UNKNOWN STEP	2025-06-27T00:33:31.3804659Z Copying blob sha256:5cded66880c7fc575a5850c9a1caa1adb6cdbc6300c3061bd4019bc4d30fd01d
SSSD	UNKNOWN STEP	2025-06-27T00:33:31.3895579Z Copying blob sha256:22b533e1c6146b9118f2bf164fdc0d39293281e48f6a033c0217eb0820c22c4f
SSSD	UNKNOWN STEP	2025-06-27T00:33:31.4066738Z Copying blob sha256:30c32f8c46e625cea44a0a246a9615e24cff74a1c53d101c606c4f070fb0355b
SSSD	UNKNOWN STEP	2025-06-27T00:33:31.4185188Z Copying blob sha256:6ab46dc931923a218b33e5d993d50d21eb07b25cc97b24d0c8a2c1c3e275e893
SSSD	UNKNOWN STEP	2025-06-27T00:33:31.4331736Z Copying blob sha256:ad93cff464cb7986c84daad15ad5043c40bd933642edc08933e9395ce1fa0d50
SSSD	UNKNOWN STEP	2025-06-27T00:33:31.4464210Z Copying blob sha256:c479002f01ecaed0dce46285ebf020263f03534b24f6d32c6234c9af729fd660
SSSD	UNKNOWN STEP	2025-06-27T00:33:31.4603203Z Copying blob sha256:c210bcd209324c4a19d466f3a2e2dcbf7a3e27fcd2d24c76975b74633a1bcb4c
SSSD	UNKNOWN STEP	2025-06-27T00:33:31.4709423Z Copying blob sha256:1dcfec90d6376b966286f363a8d2e504c7dcab991ec6098c14d02fe9e8fe03b8
SSSD	UNKNOWN STEP	2025-06-27T00:33:31.4894590Z Copying blob sha256:9177cbec951b7d46fba0ff0fa9a01b1294d48d0d998204af407fe1986212948f
SSSD	UNKNOWN STEP	2025-06-27T00:33:31.4966522Z Copying blob sha256:c975d33799f2bb516e9d661efdc727e788ffc90b421fa5e029f7e13994eb29e0
SSSD	UNKNOWN STEP	2025-06-27T00:33:31.5106650Z Copying blob sha256:3931b0909de93b6043458dfa9ea46727e90a20db732a85ce28b231a9a9c15e31
SSSD	UNKNOWN STEP	2025-06-27T00:33:31.5227438Z Copying blob sha256:1f569b7359b1a99526f8b0a5a49137babd0babd2fbf718ab983670e2fc425d71
SSSD	UNKNOWN STEP	2025-06-27T00:33:31.5409155Z Copying blob sha256:3fff064d0032fad150a86093df317aa6a7c6aea13667b029ce7f7dec650cf3dd
SSSD	UNKNOWN STEP	2025-06-27T00:33:31.5576900Z Copying blob sha256:24ae290067d61fa8d9fbb90727f36fcfe733bbd08728b6d2954063bfa15089aa
SSSD	UNKNOWN STEP	2025-06-27T00:33:31.5721215Z Copying blob sha256:dce248b148fa16b4ee753bf23e755bf47ff059e2487cb74a316a804f9808eadd
SSSD	UNKNOWN STEP	2025-06-27T00:33:31.6077356Z Copying blob sha256:132f840b6b5dff0ff7b891886067ad3b8b2ac2a883c6ba44cb42ca74e50da281
SSSD	UNKNOWN STEP	2025-06-27T00:33:31.6134301Z Copying blob sha256:aaa79ae7bc9d593f9400bd4a4dec32816be7b3f3654bdb980fe4760d42fb4d5b
SSSD	UNKNOWN STEP	2025-06-27T00:33:31.6453856Z Copying blob sha256:00ca9cccf428a5a513b25e2ab48e43f3064ccda00b4e197385b430ff4feace86
SSSD	UNKNOWN STEP	2025-06-27T00:33:31.6534205Z Copying blob sha256:dc640885906d1f87c3e697243ed6a41c809f868f8db0b3382bd5d3af43e64da7
SSSD	UNKNOWN STEP	2025-06-27T00:33:31.6626375Z Copying blob sha256:7de79269e2c38458f5870350c9f7c53993ffd08f50a898f0bae133db49203ebb
SSSD	UNKNOWN STEP	2025-06-27T00:33:31.6828150Z Copying blob sha256:03ab6a3908fa485b62d8bae906a751f4c8515b121fe9f4d2c7db892c76f0f723
SSSD	UNKNOWN STEP	2025-06-27T00:33:31.6972996Z Copying blob sha256:3b5bfbe091df72cb09a8f83714a11a14277dd4741bf24b0b722ffd4b4d089b33
SSSD	UNKNOWN STEP	2025-06-27T00:33:31.7025413Z Copying blob sha256:cf04ac534a9186e944bf995abaca9f619c8db8e9b826598c6f1b65c4a456ce9d
SSSD	UNKNOWN STEP	2025-06-27T00:33:31.7218325Z Copying blob sha256:d287aae40978ee98fcd00befe9d5ae68c4a57436b6c3dcb5d4efffaa8e5cc10a
SSSD	UNKNOWN STEP	2025-06-27T00:33:44.6306731Z Copying config sha256:a2c33e02dcc5fb1864894fcb9bd3e5eec93cc354c9bf827ea7b63fce3829db12
SSSD	UNKNOWN STEP	2025-06-27T00:33:44.6334132Z Writing manifest to image destination
SSSD	UNKNOWN STEP	2025-06-27T00:33:45.2002379Z Container 1a52cfb959f1c61db5580e8b7f954d7520ad5d3b55e386e589fa6ee87da9459c started, waiting ipa-server configuration
SSSD	UNKNOWN STEP	2025-06-27T00:35:15.4475339Z The server is ready, performing tests
SSSD	UNKNOWN STEP	2025-06-27T00:35:15.5278170Z Executing federation-sssd-setup.sh to prepare SSSD and PAM
SSSD	UNKNOWN STEP	2025-06-27T00:35:15.7880288Z /etc/pam.d/keycloak already exists. Skipping it...
SSSD	UNKNOWN STEP	2025-06-27T00:35:15.7882764Z Installing jdk-21 in the container
SSSD	UNKNOWN STEP	2025-06-27T00:35:31.0211355Z Rocky Linux 9 - BaseOS                          168 kB/s | 2.5 MB     00:15    
SSSD	UNKNOWN STEP	2025-06-27T00:36:08.6941867Z Rocky Linux 9 - AppStream                       263 kB/s | 9.6 MB     00:37    
SSSD	UNKNOWN STEP	2025-06-27T00:36:17.4466894Z Rocky Linux 9 - Extras                          2.3 kB/s |  17 kB     00:07    
SSSD	UNKNOWN STEP	2025-06-27T00:36:17.8204573Z Dependencies resolved.
SSSD	UNKNOWN STEP	2025-06-27T00:36:17.8212104Z ================================================================================
SSSD	UNKNOWN STEP	2025-06-27T00:36:17.8212766Z  Package                     Arch      Version               Repository    Size
SSSD	UNKNOWN STEP	2025-06-27T00:36:17.8213200Z ================================================================================
SSSD	UNKNOWN STEP	2025-06-27T00:36:17.8215947Z Installing:
SSSD	UNKNOWN STEP	2025-06-27T00:36:17.8216580Z  java-21-openjdk-devel       x86_64    1:21.0.7.0.6-1.el9    appstream    5.0 M
SSSD	UNKNOWN STEP	2025-06-27T00:36:17.8217251Z Installing dependencies:
SSSD	UNKNOWN STEP	2025-06-27T00:36:17.8217829Z  java-21-openjdk             x86_64    1:21.0.7.0.6-1.el9    appstream    429 k
SSSD	UNKNOWN STEP	2025-06-27T00:36:17.8218648Z  java-21-openjdk-headless    x86_64    1:21.0.7.0.6-1.el9    appstream     47 M
SSSD	UNKNOWN STEP	2025-06-27T00:36:17.8219182Z 
SSSD	UNKNOWN STEP	2025-06-27T00:36:17.8219370Z Transaction Summary
SSSD	UNKNOWN STEP	2025-06-27T00:36:17.8219849Z ================================================================================
SSSD	UNKNOWN STEP	2025-06-27T00:36:17.8220274Z Install  3 Packages
SSSD	UNKNOWN STEP	2025-06-27T00:36:17.8220526Z 
SSSD	UNKNOWN STEP	2025-06-27T00:36:17.8221515Z Total download size: 53 M
SSSD	UNKNOWN STEP	2025-06-27T00:36:17.8221819Z Installed size: 216 M
SSSD	UNKNOWN STEP	2025-06-27T00:36:17.8222226Z Downloading Packages:
SSSD	UNKNOWN STEP	2025-06-27T00:36:20.5724125Z (1/3): java-21-openjdk-21.0.7.0.6-1.el9.x86_64. 161 kB/s | 429 kB     00:02    
SSSD	UNKNOWN STEP	2025-06-27T00:36:48.8361993Z (2/3): java-21-openjdk-devel-21.0.7.0.6-1.el9.x 165 kB/s | 5.0 MB     00:30    
SSSD	UNKNOWN STEP	2025-06-27T00:37:17.4369636Z [MIRROR] java-21-openjdk-headless-21.0.7.0.6-1.el9.x86_64.rpm: Curl error (18): Transferred a partial file for http://dl.rockylinux.org/pub/rocky/9/AppStream/x86_64/os/Packages/j/java-21-openjdk-headless-21.0.7.0.6-1.el9.x86_64.rpm [transfer closed with 37953426 bytes remaining to read]
SSSD	UNKNOWN STEP	2025-06-27T00:37:50.7584100Z [MIRROR] java-21-openjdk-headless-21.0.7.0.6-1.el9.x86_64.rpm: Curl error (18): Transferred a partial file for http://dl.rockylinux.org/pub/rocky/9/AppStream/x86_64/os/Packages/j/java-21-openjdk-headless-21.0.7.0.6-1.el9.x86_64.rpm [transfer closed with 27467666 bytes remaining to read]
SSSD	UNKNOWN STEP	2025-06-27T00:38:00.9151250Z [MIRROR] java-21-openjdk-headless-21.0.7.0.6-1.el9.x86_64.rpm: Curl error (18): Transferred a partial file for http://dl.rockylinux.org/pub/rocky/9/AppStream/x86_64/os/Packages/j/java-21-openjdk-headless-21.0.7.0.6-1.el9.x86_64.rpm [transfer closed with 27467666 bytes remaining to read]
SSSD	UNKNOWN STEP	2025-06-27T00:38:11.1988553Z [MIRROR] java-21-openjdk-headless-21.0.7.0.6-1.el9.x86_64.rpm: Curl error (18): Transferred a partial file for http://dl.rockylinux.org/pub/rocky/9/AppStream/x86_64/os/Packages/j/java-21-openjdk-headless-21.0.7.0.6-1.el9.x86_64.rpm [transfer closed with 27467666 bytes remaining to read]
SSSD	UNKNOWN STEP	2025-06-27T00:38:11.2026169Z [FAILED] java-21-openjdk-headless-21.0.7.0.6-1.el9.x86_64.rpm: No more mirrors to try - All mirrors were already tried without success
SSSD	UNKNOWN STEP	2025-06-27T00:38:11.2031793Z 
SSSD	UNKNOWN STEP	2025-06-27T00:38:11.2032372Z The downloaded packages were saved in cache until the next successful transaction.
SSSD	UNKNOWN STEP	2025-06-27T00:38:11.2035605Z You can remove cached packages by executing 'dnf clean packages'.
SSSD	UNKNOWN STEP	2025-06-27T00:38:11.2109456Z Error: Error downloading packages:
SSSD	UNKNOWN STEP	2025-06-27T00:38:11.2110479Z   java-21-openjdk-headless-1:21.0.7.0.6-1.el9.x86_64: Cannot download, all mirrors were already tried without success
SSSD	UNKNOWN STEP	2025-06-27T00:38:11.2394175Z Building quarkus keyclok server with SSSD integration
SSSD	UNKNOWN STEP	2025-06-27T00:38:11.5522640Z The JAVA_HOME environment variable is not defined correctly,
SSSD	UNKNOWN STEP	2025-06-27T00:38:11.5523558Z this environment variable is needed to run this program.
SSSD	UNKNOWN STEP	2025-06-27T00:38:11.5525523Z Executing SSSD tests
SSSD	UNKNOWN STEP	2025-06-27T00:38:11.6076046Z The JAVA_HOME environment variable is not defined correctly,
SSSD	UNKNOWN STEP	2025-06-27T00:38:11.6076875Z this environment variable is needed to run this program.
SSSD	UNKNOWN STEP	2025-06-27T00:38:14.4167520Z 1a52cfb959f1c61db5580e8b7f954d7520ad5d3b55e386e589fa6ee87da9459c
SSSD	UNKNOWN STEP	2025-06-27T00:38:14.4234296Z Tests executed with result: 1
SSSD	UNKNOWN STEP	2025-06-27T00:38:14.4256828Z ##[error]Process completed with exit code 1.
SSSD	UNKNOWN STEP	2025-06-27T00:38:14.4320896Z Prepare all required actions
SSSD	UNKNOWN STEP	2025-06-27T00:38:14.4321371Z Getting action download info
SSSD	UNKNOWN STEP	2025-06-27T00:38:14.6620586Z Download action repository 'actions/upload-artifact@ea165f8d65b6e75b540449e92b4886f43607fa02' (SHA:ea165f8d65b6e75b540449e92b4886f43607fa02)
SSSD	UNKNOWN STEP	2025-06-27T00:38:14.8003387Z ##[group]Run ./.github/actions/archive-surefire-reports
SSSD	UNKNOWN STEP	2025-06-27T00:38:14.8003760Z with:
SSSD	UNKNOWN STEP	2025-06-27T00:38:14.8003988Z   job-id: sssd-unit-tests
SSSD	UNKNOWN STEP	2025-06-27T00:38:14.8004501Z   release-branches: ["refs/heads/release/22.0","refs/heads/release/24.0","refs/heads/release/26.0"]
SSSD	UNKNOWN STEP	2025-06-27T00:38:14.8005033Z   keep-days: 1
SSSD	UNKNOWN STEP	2025-06-27T00:38:14.8005251Z env:
SSSD	UNKNOWN STEP	2025-06-27T00:38:14.8005585Z   MAVEN_ARGS: -B -nsu -Daether.connector.http.connectionMaxTtl=25
SSSD	UNKNOWN STEP	2025-06-27T00:38:14.8006029Z   SUREFIRE_RERUN_FAILING_COUNT: 2
SSSD	UNKNOWN STEP	2025-06-27T00:38:14.8006408Z   SUREFIRE_RETRY: -Dsurefire.rerunFailingTestsCount=2
SSSD	UNKNOWN STEP	2025-06-27T00:38:14.8006924Z   JAVA_HOME: /opt/hostedtoolcache/Java_Temurin-Hotspot_jdk/21.0.7-6/x64
SSSD	UNKNOWN STEP	2025-06-27T00:38:14.8007542Z   JAVA_HOME_21_X64: /opt/hostedtoolcache/Java_Temurin-Hotspot_jdk/21.0.7-6/x64
SSSD	UNKNOWN STEP	2025-06-27T00:38:14.8008227Z ##[endgroup]
SSSD	UNKNOWN STEP	2025-06-27T00:38:14.8027142Z ##[group]Run echo "dirs<<EOF" >> $GITHUB_OUTPUT
SSSD	UNKNOWN STEP	2025-06-27T00:38:14.8027549Z [36;1mecho "dirs<<EOF" >> $GITHUB_OUTPUT[0m
SSSD	UNKNOWN STEP	2025-06-27T00:38:14.8028060Z [36;1mecho "$(find ~+ -type d -not -empty -name surefire-reports*)" >> $GITHUB_OUTPUT [0m
SSSD	UNKNOWN STEP	2025-06-27T00:38:14.8028546Z [36;1mecho "EOF" >> $GITHUB_OUTPUT[0m
SSSD	UNKNOWN STEP	2025-06-27T00:38:14.8091948Z shell: /usr/bin/bash --noprofile --norc -e -o pipefail {0}
SSSD	UNKNOWN STEP	2025-06-27T00:38:14.8092345Z env:
SSSD	UNKNOWN STEP	2025-06-27T00:38:14.8092693Z   MAVEN_ARGS: -B -nsu -Daether.connector.http.connectionMaxTtl=25
SSSD	UNKNOWN STEP	2025-06-27T00:38:14.8093134Z   SUREFIRE_RERUN_FAILING_COUNT: 2
SSSD	UNKNOWN STEP	2025-06-27T00:38:14.8093510Z   SUREFIRE_RETRY: -Dsurefire.rerunFailingTestsCount=2
SSSD	UNKNOWN STEP	2025-06-27T00:38:14.8094029Z   JAVA_HOME: /opt/hostedtoolcache/Java_Temurin-Hotspot_jdk/21.0.7-6/x64
SSSD	UNKNOWN STEP	2025-06-27T00:38:14.8094615Z   JAVA_HOME_21_X64: /opt/hostedtoolcache/Java_Temurin-Hotspot_jdk/21.0.7-6/x64
SSSD	UNKNOWN STEP	2025-06-27T00:38:14.8095058Z ##[endgroup]
SSSD	UNKNOWN STEP	2025-06-27T00:38:14.8890308Z Post job cleanup.
SSSD	UNKNOWN STEP	2025-06-27T00:38:14.8944886Z Post job cleanup.
SSSD	UNKNOWN STEP	2025-06-27T00:38:15.1126814Z Post job cleanup.
SSSD	UNKNOWN STEP	2025-06-27T00:38:15.2291198Z [command]/usr/bin/git version
SSSD	UNKNOWN STEP	2025-06-27T00:38:15.2339864Z git version 2.49.0
SSSD	UNKNOWN STEP	2025-06-27T00:38:15.2393771Z Temporarily overriding HOME='/home/runner/work/_temp/4ad6e550-aacb-4e27-bd1a-2f7bfe3c7636' before making global git config changes
SSSD	UNKNOWN STEP	2025-06-27T00:38:15.2395281Z Adding repository directory to the temporary git global config as a safe directory
SSSD	UNKNOWN STEP	2025-06-27T00:38:15.2401977Z [command]/usr/bin/git config --global --add safe.directory /home/runner/work/keycloak/keycloak
SSSD	UNKNOWN STEP	2025-06-27T00:38:15.2449766Z [command]/usr/bin/git config --local --name-only --get-regexp core\.sshCommand
SSSD	UNKNOWN STEP	2025-06-27T00:38:15.2492091Z [command]/usr/bin/git submodule foreach --recursive sh -c "git config --local --name-only --get-regexp 'core\.sshCommand' && git config --local --unset-all 'core.sshCommand' || :"
SSSD	UNKNOWN STEP	2025-06-27T00:38:15.2793514Z [command]/usr/bin/git config --local --name-only --get-regexp http\.https\:\/\/github\.com\/\.extraheader
SSSD	UNKNOWN STEP	2025-06-27T00:38:15.2823524Z http.https://github.com/.extraheader
SSSD	UNKNOWN STEP	2025-06-27T00:38:15.2839393Z [command]/usr/bin/git config --local --unset-all http.https://github.com/.extraheader
SSSD	UNKNOWN STEP	2025-06-27T00:38:15.2883437Z [command]/usr/bin/git submodule foreach --recursive sh -c "git config --local --name-only --get-regexp 'http\.https\:\/\/github\.com\/\.extraheader' && git config --local --unset-all 'http.https://github.com/.extraheader' || :"
SSSD	UNKNOWN STEP	2025-06-27T00:38:15.3317696Z Cleaning up orphan processes
SSSD	UNKNOWN STEP	2025-06-27T00:38:15.3706384Z Terminate orphan process: pid (2198) (catatonit)
Status Check - Keycloak CI	UNKNOWN STEP	ï»¿2025-06-27T01:11:23.8592433Z Current runner version: '2.325.0'
Status Check - Keycloak CI	UNKNOWN STEP	2025-06-27T01:11:23.8626048Z ##[group]Runner Image Provisioner
Status Check - Keycloak CI	UNKNOWN STEP	2025-06-27T01:11:23.8627480Z Hosted Compute Agent
Status Check - Keycloak CI	UNKNOWN STEP	2025-06-27T01:11:23.8628396Z Version: 20250620.352
Status Check - Keycloak CI	UNKNOWN STEP	2025-06-27T01:11:23.8629461Z Commit: f262f3aba23b10ea191b2a62bdee1ca4c3d344da
Status Check - Keycloak CI	UNKNOWN STEP	2025-06-27T01:11:23.8630617Z Build Date: 2025-06-20T19:27:17Z
Status Check - Keycloak CI	UNKNOWN STEP	2025-06-27T01:11:23.8631805Z ##[endgroup]
Status Check - Keycloak CI	UNKNOWN STEP	2025-06-27T01:11:23.8632670Z ##[group]Operating System
Status Check - Keycloak CI	UNKNOWN STEP	2025-06-27T01:11:23.8633589Z Ubuntu
Status Check - Keycloak CI	UNKNOWN STEP	2025-06-27T01:11:23.8634602Z 24.04.2
Status Check - Keycloak CI	UNKNOWN STEP	2025-06-27T01:11:23.8635651Z LTS
Status Check - Keycloak CI	UNKNOWN STEP	2025-06-27T01:11:23.8636534Z ##[endgroup]
Status Check - Keycloak CI	UNKNOWN STEP	2025-06-27T01:11:23.8637342Z ##[group]Runner Image
Status Check - Keycloak CI	UNKNOWN STEP	2025-06-27T01:11:23.8638287Z Image: ubuntu-24.04
Status Check - Keycloak CI	UNKNOWN STEP	2025-06-27T01:11:23.8639054Z Version: 20250622.1.0
Status Check - Keycloak CI	UNKNOWN STEP	2025-06-27T01:11:23.8640989Z Included Software: https://github.com/actions/runner-images/blob/ubuntu24/20250622.1/images/ubuntu/Ubuntu2404-Readme.md
Status Check - Keycloak CI	UNKNOWN STEP	2025-06-27T01:11:23.8643860Z Image Release: https://github.com/actions/runner-images/releases/tag/ubuntu24%2F20250622.1
Status Check - Keycloak CI	UNKNOWN STEP	2025-06-27T01:11:23.8645930Z ##[endgroup]
Status Check - Keycloak CI	UNKNOWN STEP	2025-06-27T01:11:23.8647539Z ##[group]GITHUB_TOKEN Permissions
Status Check - Keycloak CI	UNKNOWN STEP	2025-06-27T01:11:23.8650398Z Contents: read
Status Check - Keycloak CI	UNKNOWN STEP	2025-06-27T01:11:23.8651223Z Metadata: read
Status Check - Keycloak CI	UNKNOWN STEP	2025-06-27T01:11:23.8652074Z ##[endgroup]
Status Check - Keycloak CI	UNKNOWN STEP	2025-06-27T01:11:23.8655214Z Secret source: Actions
Status Check - Keycloak CI	UNKNOWN STEP	2025-06-27T01:11:23.8656315Z Prepare workflow directory
Status Check - Keycloak CI	UNKNOWN STEP	2025-06-27T01:11:23.9237525Z Prepare all required actions
Status Check - Keycloak CI	UNKNOWN STEP	2025-06-27T01:11:23.9292451Z Getting action download info
Status Check - Keycloak CI	UNKNOWN STEP	2025-06-27T01:11:24.1531380Z Download action repository 'actions/checkout@11bd71901bbe5b1630ceea73d27597364c9af683' (SHA:11bd71901bbe5b1630ceea73d27597364c9af683)
Status Check - Keycloak CI	UNKNOWN STEP	2025-06-27T01:11:24.3256505Z Complete job name: Status Check - Keycloak CI
Status Check - Keycloak CI	UNKNOWN STEP	2025-06-27T01:11:24.4014504Z ##[group]Run actions/checkout@11bd71901bbe5b1630ceea73d27597364c9af683
Status Check - Keycloak CI	UNKNOWN STEP	2025-06-27T01:11:24.4015710Z with:
Status Check - Keycloak CI	UNKNOWN STEP	2025-06-27T01:11:24.4016102Z   repository: keycloak/keycloak
Status Check - Keycloak CI	UNKNOWN STEP	2025-06-27T01:11:24.4016709Z   token: ***
Status Check - Keycloak CI	UNKNOWN STEP	2025-06-27T01:11:24.4017080Z   ssh-strict: true
Status Check - Keycloak CI	UNKNOWN STEP	2025-06-27T01:11:24.4017471Z   ssh-user: git
Status Check - Keycloak CI	UNKNOWN STEP	2025-06-27T01:11:24.4017891Z   persist-credentials: true
Status Check - Keycloak CI	UNKNOWN STEP	2025-06-27T01:11:24.4018336Z   clean: true
Status Check - Keycloak CI	UNKNOWN STEP	2025-06-27T01:11:24.4018735Z   sparse-checkout-cone-mode: true
Status Check - Keycloak CI	UNKNOWN STEP	2025-06-27T01:11:24.4019198Z   fetch-depth: 1
Status Check - Keycloak CI	UNKNOWN STEP	2025-06-27T01:11:24.4019577Z   fetch-tags: false
Status Check - Keycloak CI	UNKNOWN STEP	2025-06-27T01:11:24.4019974Z   show-progress: true
Status Check - Keycloak CI	UNKNOWN STEP	2025-06-27T01:11:24.4020371Z   lfs: false
Status Check - Keycloak CI	UNKNOWN STEP	2025-06-27T01:11:24.4020736Z   submodules: false
Status Check - Keycloak CI	UNKNOWN STEP	2025-06-27T01:11:24.4021135Z   set-safe-directory: true
Status Check - Keycloak CI	UNKNOWN STEP	2025-06-27T01:11:24.4021745Z env:
Status Check - Keycloak CI	UNKNOWN STEP	2025-06-27T01:11:24.4022271Z   MAVEN_ARGS: -B -nsu -Daether.connector.http.connectionMaxTtl=25
Status Check - Keycloak CI	UNKNOWN STEP	2025-06-27T01:11:24.4022918Z   SUREFIRE_RERUN_FAILING_COUNT: 2
Status Check - Keycloak CI	UNKNOWN STEP	2025-06-27T01:11:24.4023499Z   SUREFIRE_RETRY: -Dsurefire.rerunFailingTestsCount=2
Status Check - Keycloak CI	UNKNOWN STEP	2025-06-27T01:11:24.4024058Z ##[endgroup]
Status Check - Keycloak CI	UNKNOWN STEP	2025-06-27T01:11:24.5073521Z Syncing repository: keycloak/keycloak
Status Check - Keycloak CI	UNKNOWN STEP	2025-06-27T01:11:24.5075679Z ##[group]Getting Git version info
Status Check - Keycloak CI	UNKNOWN STEP	2025-06-27T01:11:24.5076374Z Working directory is '/home/runner/work/keycloak/keycloak'
Status Check - Keycloak CI	UNKNOWN STEP	2025-06-27T01:11:24.5077306Z [command]/usr/bin/git version
Status Check - Keycloak CI	UNKNOWN STEP	2025-06-27T01:11:24.5161723Z git version 2.49.0
Status Check - Keycloak CI	UNKNOWN STEP	2025-06-27T01:11:24.5187488Z ##[endgroup]
Status Check - Keycloak CI	UNKNOWN STEP	2025-06-27T01:11:24.5200813Z Temporarily overriding HOME='/home/runner/work/_temp/1f0d4f3d-4ede-48ca-98fe-f539aff035d6' before making global git config changes
Status Check - Keycloak CI	UNKNOWN STEP	2025-06-27T01:11:24.5202981Z Adding repository directory to the temporary git global config as a safe directory
Status Check - Keycloak CI	UNKNOWN STEP	2025-06-27T01:11:24.5212743Z [command]/usr/bin/git config --global --add safe.directory /home/runner/work/keycloak/keycloak
Status Check - Keycloak CI	UNKNOWN STEP	2025-06-27T01:11:24.5249613Z Deleting the contents of '/home/runner/work/keycloak/keycloak'
Status Check - Keycloak CI	UNKNOWN STEP	2025-06-27T01:11:24.5253464Z ##[group]Initializing the repository
Status Check - Keycloak CI	UNKNOWN STEP	2025-06-27T01:11:24.5258331Z [command]/usr/bin/git init /home/runner/work/keycloak/keycloak
Status Check - Keycloak CI	UNKNOWN STEP	2025-06-27T01:11:24.5364884Z hint: Using 'master' as the name for the initial branch. This default branch name
Status Check - Keycloak CI	UNKNOWN STEP	2025-06-27T01:11:24.5366595Z hint: is subject to change. To configure the initial branch name to use in all
Status Check - Keycloak CI	UNKNOWN STEP	2025-06-27T01:11:24.5367604Z hint: of your new repositories, which will suppress this warning, call:
Status Check - Keycloak CI	UNKNOWN STEP	2025-06-27T01:11:24.5368517Z hint:
Status Check - Keycloak CI	UNKNOWN STEP	2025-06-27T01:11:24.5368981Z hint: 	git config --global init.defaultBranch <name>
Status Check - Keycloak CI	UNKNOWN STEP	2025-06-27T01:11:24.5369539Z hint:
Status Check - Keycloak CI	UNKNOWN STEP	2025-06-27T01:11:24.5370062Z hint: Names commonly chosen instead of 'master' are 'main', 'trunk' and
Status Check - Keycloak CI	UNKNOWN STEP	2025-06-27T01:11:24.5371579Z hint: 'development'. The just-created branch can be renamed via this command:
Status Check - Keycloak CI	UNKNOWN STEP	2025-06-27T01:11:24.5372804Z hint:
Status Check - Keycloak CI	UNKNOWN STEP	2025-06-27T01:11:24.5373424Z hint: 	git branch -m <name>
Status Check - Keycloak CI	UNKNOWN STEP	2025-06-27T01:11:24.5374549Z Initialized empty Git repository in /home/runner/work/keycloak/keycloak/.git/
Status Check - Keycloak CI	UNKNOWN STEP	2025-06-27T01:11:24.5385326Z [command]/usr/bin/git remote add origin https://github.com/keycloak/keycloak
Status Check - Keycloak CI	UNKNOWN STEP	2025-06-27T01:11:24.5425548Z ##[endgroup]
Status Check - Keycloak CI	UNKNOWN STEP	2025-06-27T01:11:24.5426260Z ##[group]Disabling automatic garbage collection
Status Check - Keycloak CI	UNKNOWN STEP	2025-06-27T01:11:24.5429690Z [command]/usr/bin/git config --local gc.auto 0
Status Check - Keycloak CI	UNKNOWN STEP	2025-06-27T01:11:24.5457409Z ##[endgroup]
Status Check - Keycloak CI	UNKNOWN STEP	2025-06-27T01:11:24.5458098Z ##[group]Setting up auth
Status Check - Keycloak CI	UNKNOWN STEP	2025-06-27T01:11:24.5463676Z [command]/usr/bin/git config --local --name-only --get-regexp core\.sshCommand
Status Check - Keycloak CI	UNKNOWN STEP	2025-06-27T01:11:24.5493261Z [command]/usr/bin/git submodule foreach --recursive sh -c "git config --local --name-only --get-regexp 'core\.sshCommand' && git config --local --unset-all 'core.sshCommand' || :"
Status Check - Keycloak CI	UNKNOWN STEP	2025-06-27T01:11:24.5832859Z [command]/usr/bin/git config --local --name-only --get-regexp http\.https\:\/\/github\.com\/\.extraheader
Status Check - Keycloak CI	UNKNOWN STEP	2025-06-27T01:11:24.5861545Z [command]/usr/bin/git submodule foreach --recursive sh -c "git config --local --name-only --get-regexp 'http\.https\:\/\/github\.com\/\.extraheader' && git config --local --unset-all 'http.https://github.com/.extraheader' || :"
Status Check - Keycloak CI	UNKNOWN STEP	2025-06-27T01:11:24.6075127Z [command]/usr/bin/git config --local http.https://github.com/.extraheader AUTHORIZATION: basic ***
Status Check - Keycloak CI	UNKNOWN STEP	2025-06-27T01:11:24.6108058Z ##[endgroup]
Status Check - Keycloak CI	UNKNOWN STEP	2025-06-27T01:11:24.6108911Z ##[group]Fetching the repository
Status Check - Keycloak CI	UNKNOWN STEP	2025-06-27T01:11:24.6123672Z [command]/usr/bin/git -c protocol.version=2 fetch --no-tags --prune --no-recurse-submodules --depth=1 origin +9a4725712d0f9ad9b475fa91f7fc26339e265b74:refs/remotes/origin/main
Status Check - Keycloak CI	UNKNOWN STEP	2025-06-27T01:11:27.6257824Z From https://github.com/keycloak/keycloak
Status Check - Keycloak CI	UNKNOWN STEP	2025-06-27T01:11:27.6259376Z  * [new ref]         9a4725712d0f9ad9b475fa91f7fc26339e265b74 -> origin/main
Status Check - Keycloak CI	UNKNOWN STEP	2025-06-27T01:11:27.6315312Z ##[endgroup]
Status Check - Keycloak CI	UNKNOWN STEP	2025-06-27T01:11:27.6317208Z ##[group]Determining the checkout info
Status Check - Keycloak CI	UNKNOWN STEP	2025-06-27T01:11:27.6319227Z ##[endgroup]
Status Check - Keycloak CI	UNKNOWN STEP	2025-06-27T01:11:27.6323186Z [command]/usr/bin/git sparse-checkout disable
Status Check - Keycloak CI	UNKNOWN STEP	2025-06-27T01:11:27.6363842Z [command]/usr/bin/git config --local --unset-all extensions.worktreeConfig
Status Check - Keycloak CI	UNKNOWN STEP	2025-06-27T01:11:27.6390312Z ##[group]Checking out the ref
Status Check - Keycloak CI	UNKNOWN STEP	2025-06-27T01:11:27.6395189Z [command]/usr/bin/git checkout --progress --force -B main refs/remotes/origin/main
Status Check - Keycloak CI	UNKNOWN STEP	2025-06-27T01:11:28.4191680Z Switched to a new branch 'main'
Status Check - Keycloak CI	UNKNOWN STEP	2025-06-27T01:11:28.4192798Z branch 'main' set up to track 'origin/main'.
Status Check - Keycloak CI	UNKNOWN STEP	2025-06-27T01:11:28.4224025Z ##[endgroup]
Status Check - Keycloak CI	UNKNOWN STEP	2025-06-27T01:11:28.4263678Z [command]/usr/bin/git log -1 --format=%H
Status Check - Keycloak CI	UNKNOWN STEP	2025-06-27T01:11:28.4285827Z 9a4725712d0f9ad9b475fa91f7fc26339e265b74
Status Check - Keycloak CI	UNKNOWN STEP	2025-06-27T01:11:28.4518759Z Prepare all required actions
Status Check - Keycloak CI	UNKNOWN STEP	2025-06-27T01:11:28.4584063Z ##[group]Run ./.github/actions/status-check
Status Check - Keycloak CI	UNKNOWN STEP	2025-06-27T01:11:28.4584386Z with:
Status Check - Keycloak CI	UNKNOWN STEP	2025-06-27T01:11:28.4588662Z   jobs: {
Status Check - Keycloak CI	UNKNOWN STEP	  "conditional": {
Status Check - Keycloak CI	UNKNOWN STEP	    "result": "success",
Status Check - Keycloak CI	UNKNOWN STEP	    "outputs": {
Status Check - Keycloak CI	UNKNOWN STEP	      "ci-store": "true",
Status Check - Keycloak CI	UNKNOWN STEP	      "ci-sssd": "true",
Status Check - Keycloak CI	UNKNOWN STEP	      "ci-webauthn": "true",
Status Check - Keycloak CI	UNKNOWN STEP	      "ci-aurora": "true",
Status Check - Keycloak CI	UNKNOWN STEP	      "ci": "true",
Status Check - Keycloak CI	UNKNOWN STEP	      "ci-quarkus": "true"
Status Check - Keycloak CI	UNKNOWN STEP	    }
Status Check - Keycloak CI	UNKNOWN STEP	  },
Status Check - Keycloak CI	UNKNOWN STEP	  "build": {
Status Check - Keycloak CI	UNKNOWN STEP	    "result": "success",
Status Check - Keycloak CI	UNKNOWN STEP	    "outputs": {}
Status Check - Keycloak CI	UNKNOWN STEP	  },
Status Check - Keycloak CI	UNKNOWN STEP	  "unit-tests": {
Status Check - Keycloak CI	UNKNOWN STEP	    "result": "success",
Status Check - Keycloak CI	UNKNOWN STEP	    "outputs": {}
Status Check - Keycloak CI	UNKNOWN STEP	  },
Status Check - Keycloak CI	UNKNOWN STEP	  "base-integration-tests": {
Status Check - Keycloak CI	UNKNOWN STEP	    "result": "success",
Status Check - Keycloak CI	UNKNOWN STEP	    "outputs": {}
Status Check - Keycloak CI	UNKNOWN STEP	  },
Status Check - Keycloak CI	UNKNOWN STEP	  "adapter-integration-tests": {
Status Check - Keycloak CI	UNKNOWN STEP	    "result": "success",
Status Check - Keycloak CI	UNKNOWN STEP	    "outputs": {}
Status Check - Keycloak CI	UNKNOWN STEP	  },
Status Check - Keycloak CI	UNKNOWN STEP	  "adapter-integration-tests-strict-cookies": {
Status Check - Keycloak CI	UNKNOWN STEP	    "result": "success",
Status Check - Keycloak CI	UNKNOWN STEP	    "outputs": {}
Status Check - Keycloak CI	UNKNOWN STEP	  },
Status Check - Keycloak CI	UNKNOWN STEP	  "quarkus-unit-tests": {
Status Check - Keycloak CI	UNKNOWN STEP	    "result": "success",
Status Check - Keycloak CI	UNKNOWN STEP	    "outputs": {}
Status Check - Keycloak CI	UNKNOWN STEP	  },
Status Check - Keycloak CI	UNKNOWN STEP	  "quarkus-integration-tests": {
Status Check - Keycloak CI	UNKNOWN STEP	    "result": "success",
Status Check - Keycloak CI	UNKNOWN STEP	    "outputs": {}
Status Check - Keycloak CI	UNKNOWN STEP	  },
Status Check - Keycloak CI	UNKNOWN STEP	  "jdk-integration-tests": {
Status Check - Keycloak CI	UNKNOWN STEP	    "result": "success",
Status Check - Keycloak CI	UNKNOWN STEP	    "outputs": {}
Status Check - Keycloak CI	UNKNOWN STEP	  },
Status Check - Keycloak CI	UNKNOWN STEP	  "store-integration-tests": {
Status Check - Keycloak CI	UNKNOWN STEP	    "result": "success",
Status Check - Keycloak CI	UNKNOWN STEP	    "outputs": {}
Status Check - Keycloak CI	UNKNOWN STEP	  },
Status Check - Keycloak CI	UNKNOWN STEP	  "volatile-sessions-tests": {
Status Check - Keycloak CI	UNKNOWN STEP	    "result": "success",
Status Check - Keycloak CI	UNKNOWN STEP	    "outputs": {}
Status Check - Keycloak CI	UNKNOWN STEP	  },
Status Check - Keycloak CI	UNKNOWN STEP	  "store-model-tests": {
Status Check - Keycloak CI	UNKNOWN STEP	    "result": "success",
Status Check - Keycloak CI	UNKNOWN STEP	    "outputs": {}
Status Check - Keycloak CI	UNKNOWN STEP	  },
Status Check - Keycloak CI	UNKNOWN STEP	  "clustering-integration-tests": {
Status Check - Keycloak CI	UNKNOWN STEP	    "result": "success",
Status Check - Keycloak CI	UNKNOWN STEP	    "outputs": {}
Status Check - Keycloak CI	UNKNOWN STEP	  },
Status Check - Keycloak CI	UNKNOWN STEP	  "fips-unit-tests": {
Status Check - Keycloak CI	UNKNOWN STEP	    "result": "success",
Status Check - Keycloak CI	UNKNOWN STEP	    "outputs": {}
Status Check - Keycloak CI	UNKNOWN STEP	  },
Status Check - Keycloak CI	UNKNOWN STEP	  "fips-integration-tests": {
Status Check - Keycloak CI	UNKNOWN STEP	    "result": "success",
Status Check - Keycloak CI	UNKNOWN STEP	    "outputs": {}
Status Check - Keycloak CI	UNKNOWN STEP	  },
Status Check - Keycloak CI	UNKNOWN STEP	  "forms-integration-tests": {
Status Check - Keycloak CI	UNKNOWN STEP	    "result": "success",
Status Check - Keycloak CI	UNKNOWN STEP	    "outputs": {}
Status Check - Keycloak CI	UNKNOWN STEP	  },
Status Check - Keycloak CI	UNKNOWN STEP	  "webauthn-integration-tests": {
Status Check - Keycloak CI	UNKNOWN STEP	    "result": "success",
Status Check - Keycloak CI	UNKNOWN STEP	    "outputs": {}
Status Check - Keycloak CI	UNKNOWN STEP	  },
Status Check - Keycloak CI	UNKNOWN STEP	  "sssd-unit-tests": {
Status Check - Keycloak CI	UNKNOWN STEP	    "result": "failure",
Status Check - Keycloak CI	UNKNOWN STEP	    "outputs": {}
Status Check - Keycloak CI	UNKNOWN STEP	  },
Status Check - Keycloak CI	UNKNOWN STEP	  "migration-tests": {
Status Check - Keycloak CI	UNKNOWN STEP	    "result": "success",
Status Check - Keycloak CI	UNKNOWN STEP	    "outputs": {}
Status Check - Keycloak CI	UNKNOWN STEP	  },
Status Check - Keycloak CI	UNKNOWN STEP	  "external-infinispan-tests": {
Status Check - Keycloak CI	UNKNOWN STEP	    "result": "success",
Status Check - Keycloak CI	UNKNOWN STEP	    "outputs": {}
Status Check - Keycloak CI	UNKNOWN STEP	  },
Status Check - Keycloak CI	UNKNOWN STEP	  "test-framework": {
Status Check - Keycloak CI	UNKNOWN STEP	    "result": "success",
Status Check - Keycloak CI	UNKNOWN STEP	    "outputs": {}
Status Check - Keycloak CI	UNKNOWN STEP	  },
Status Check - Keycloak CI	UNKNOWN STEP	  "base-new-integration-tests": {
Status Check - Keycloak CI	UNKNOWN STEP	    "result": "success",
Status Check - Keycloak CI	UNKNOWN STEP	    "outputs": {}
Status Check - Keycloak CI	UNKNOWN STEP	  }
Status Check - Keycloak CI	UNKNOWN STEP	}
Status Check - Keycloak CI	UNKNOWN STEP	2025-06-27T01:11:28.4593153Z env:
Status Check - Keycloak CI	UNKNOWN STEP	2025-06-27T01:11:28.4593453Z   MAVEN_ARGS: -B -nsu -Daether.connector.http.connectionMaxTtl=25
Status Check - Keycloak CI	UNKNOWN STEP	2025-06-27T01:11:28.4593844Z   SUREFIRE_RERUN_FAILING_COUNT: 2
Status Check - Keycloak CI	UNKNOWN STEP	2025-06-27T01:11:28.4594167Z   SUREFIRE_RETRY: -Dsurefire.rerunFailingTestsCount=2
Status Check - Keycloak CI	UNKNOWN STEP	2025-06-27T01:11:28.4594489Z ##[endgroup]
Status Check - Keycloak CI	UNKNOWN STEP	2025-06-27T01:11:28.4688475Z ##[group]Run JOBS='{
Status Check - Keycloak CI	UNKNOWN STEP	2025-06-27T01:11:28.4688829Z [36;1mJOBS='{[0m
Status Check - Keycloak CI	UNKNOWN STEP	2025-06-27T01:11:28.4689059Z [36;1m  "conditional": {[0m
Status Check - Keycloak CI	UNKNOWN STEP	2025-06-27T01:11:28.4689339Z [36;1m    "result": "success",[0m
Status Check - Keycloak CI	UNKNOWN STEP	2025-06-27T01:11:28.4689623Z [36;1m    "outputs": {[0m
Status Check - Keycloak CI	UNKNOWN STEP	2025-06-27T01:11:28.4689888Z [36;1m      "ci-store": "true",[0m
Status Check - Keycloak CI	UNKNOWN STEP	2025-06-27T01:11:28.4690168Z [36;1m      "ci-sssd": "true",[0m
Status Check - Keycloak CI	UNKNOWN STEP	2025-06-27T01:11:28.4690457Z [36;1m      "ci-webauthn": "true",[0m
Status Check - Keycloak CI	UNKNOWN STEP	2025-06-27T01:11:28.4690735Z [36;1m      "ci-aurora": "true",[0m
Status Check - Keycloak CI	UNKNOWN STEP	2025-06-27T01:11:28.4690996Z [36;1m      "ci": "true",[0m
Status Check - Keycloak CI	UNKNOWN STEP	2025-06-27T01:11:28.4691246Z [36;1m      "ci-quarkus": "true"[0m
Status Check - Keycloak CI	UNKNOWN STEP	2025-06-27T01:11:28.4691525Z [36;1m    }[0m
Status Check - Keycloak CI	UNKNOWN STEP	2025-06-27T01:11:28.4691727Z [36;1m  },[0m
Status Check - Keycloak CI	UNKNOWN STEP	2025-06-27T01:11:28.4691927Z [36;1m  "build": {[0m
Status Check - Keycloak CI	UNKNOWN STEP	2025-06-27T01:11:28.4692159Z [36;1m    "result": "success",[0m
Status Check - Keycloak CI	UNKNOWN STEP	2025-06-27T01:11:28.4692419Z [36;1m    "outputs": {}[0m
Status Check - Keycloak CI	UNKNOWN STEP	2025-06-27T01:11:28.4692651Z [36;1m  },[0m
Status Check - Keycloak CI	UNKNOWN STEP	2025-06-27T01:11:28.4692854Z [36;1m  "unit-tests": {[0m
Status Check - Keycloak CI	UNKNOWN STEP	2025-06-27T01:11:28.4693100Z [36;1m    "result": "success",[0m
Status Check - Keycloak CI	UNKNOWN STEP	2025-06-27T01:11:28.4693358Z [36;1m    "outputs": {}[0m
Status Check - Keycloak CI	UNKNOWN STEP	2025-06-27T01:11:28.4693593Z [36;1m  },[0m
Status Check - Keycloak CI	UNKNOWN STEP	2025-06-27T01:11:28.4693819Z [36;1m  "base-integration-tests": {[0m
Status Check - Keycloak CI	UNKNOWN STEP	2025-06-27T01:11:28.4694099Z [36;1m    "result": "success",[0m
Status Check - Keycloak CI	UNKNOWN STEP	2025-06-27T01:11:28.4694362Z [36;1m    "outputs": {}[0m
Status Check - Keycloak CI	UNKNOWN STEP	2025-06-27T01:11:28.4694586Z [36;1m  },[0m
Status Check - Keycloak CI	UNKNOWN STEP	2025-06-27T01:11:28.4694956Z [36;1m  "adapter-integration-tests": {[0m
Status Check - Keycloak CI	UNKNOWN STEP	2025-06-27T01:11:28.4695242Z [36;1m    "result": "success",[0m
Status Check - Keycloak CI	UNKNOWN STEP	2025-06-27T01:11:28.4695498Z [36;1m    "outputs": {}[0m
Status Check - Keycloak CI	UNKNOWN STEP	2025-06-27T01:11:28.4695730Z [36;1m  },[0m
Status Check - Keycloak CI	UNKNOWN STEP	2025-06-27T01:11:28.4696235Z [36;1m  "adapter-integration-tests-strict-cookies": {[0m
Status Check - Keycloak CI	UNKNOWN STEP	2025-06-27T01:11:28.4696586Z [36;1m    "result": "success",[0m
Status Check - Keycloak CI	UNKNOWN STEP	2025-06-27T01:11:28.4696844Z [36;1m    "outputs": {}[0m
Status Check - Keycloak CI	UNKNOWN STEP	2025-06-27T01:11:28.4697081Z [36;1m  },[0m
Status Check - Keycloak CI	UNKNOWN STEP	2025-06-27T01:11:28.4697298Z [36;1m  "quarkus-unit-tests": {[0m
Status Check - Keycloak CI	UNKNOWN STEP	2025-06-27T01:11:28.4697570Z [36;1m    "result": "success",[0m
Status Check - Keycloak CI	UNKNOWN STEP	2025-06-27T01:11:28.4697818Z [36;1m    "outputs": {}[0m
Status Check - Keycloak CI	UNKNOWN STEP	2025-06-27T01:11:28.4698044Z [36;1m  },[0m
Status Check - Keycloak CI	UNKNOWN STEP	2025-06-27T01:11:28.4698262Z [36;1m  "quarkus-integration-tests": {[0m
Status Check - Keycloak CI	UNKNOWN STEP	2025-06-27T01:11:28.4698547Z [36;1m    "result": "success",[0m
Status Check - Keycloak CI	UNKNOWN STEP	2025-06-27T01:11:28.4698799Z [36;1m    "outputs": {}[0m
Status Check - Keycloak CI	UNKNOWN STEP	2025-06-27T01:11:28.4699017Z [36;1m  },[0m
Status Check - Keycloak CI	UNKNOWN STEP	2025-06-27T01:11:28.4699236Z [36;1m  "jdk-integration-tests": {[0m
Status Check - Keycloak CI	UNKNOWN STEP	2025-06-27T01:11:28.4699499Z [36;1m    "result": "success",[0m
Status Check - Keycloak CI	UNKNOWN STEP	2025-06-27T01:11:28.4699745Z [36;1m    "outputs": {}[0m
Status Check - Keycloak CI	UNKNOWN STEP	2025-06-27T01:11:28.4699963Z [36;1m  },[0m
Status Check - Keycloak CI	UNKNOWN STEP	2025-06-27T01:11:28.4700182Z [36;1m  "store-integration-tests": {[0m
Status Check - Keycloak CI	UNKNOWN STEP	2025-06-27T01:11:28.4700593Z [36;1m    "result": "success",[0m
Status Check - Keycloak CI	UNKNOWN STEP	2025-06-27T01:11:28.4700843Z [36;1m    "outputs": {}[0m
Status Check - Keycloak CI	UNKNOWN STEP	2025-06-27T01:11:28.4701068Z [36;1m  },[0m
Status Check - Keycloak CI	UNKNOWN STEP	2025-06-27T01:11:28.4701285Z [36;1m  "volatile-sessions-tests": {[0m
Status Check - Keycloak CI	UNKNOWN STEP	2025-06-27T01:11:28.4701565Z [36;1m    "result": "success",[0m
Status Check - Keycloak CI	UNKNOWN STEP	2025-06-27T01:11:28.4701867Z [36;1m    "outputs": {}[0m
Status Check - Keycloak CI	UNKNOWN STEP	2025-06-27T01:11:28.4702094Z [36;1m  },[0m
Status Check - Keycloak CI	UNKNOWN STEP	2025-06-27T01:11:28.4702302Z [36;1m  "store-model-tests": {[0m
Status Check - Keycloak CI	UNKNOWN STEP	2025-06-27T01:11:28.4702560Z [36;1m    "result": "success",[0m
Status Check - Keycloak CI	UNKNOWN STEP	2025-06-27T01:11:28.4702811Z [36;1m    "outputs": {}[0m
Status Check - Keycloak CI	UNKNOWN STEP	2025-06-27T01:11:28.4703032Z [36;1m  },[0m
Status Check - Keycloak CI	UNKNOWN STEP	2025-06-27T01:11:28.4703270Z [36;1m  "clustering-integration-tests": {[0m
Status Check - Keycloak CI	UNKNOWN STEP	2025-06-27T01:11:28.4703556Z [36;1m    "result": "success",[0m
Status Check - Keycloak CI	UNKNOWN STEP	2025-06-27T01:11:28.4703805Z [36;1m    "outputs": {}[0m
Status Check - Keycloak CI	UNKNOWN STEP	2025-06-27T01:11:28.4704023Z [36;1m  },[0m
Status Check - Keycloak CI	UNKNOWN STEP	2025-06-27T01:11:28.4704235Z [36;1m  "fips-unit-tests": {[0m
Status Check - Keycloak CI	UNKNOWN STEP	2025-06-27T01:11:28.4704492Z [36;1m    "result": "success",[0m
Status Check - Keycloak CI	UNKNOWN STEP	2025-06-27T01:11:28.4705022Z [36;1m    "outputs": {}[0m
Status Check - Keycloak CI	UNKNOWN STEP	2025-06-27T01:11:28.4705312Z [36;1m  },[0m
Status Check - Keycloak CI	UNKNOWN STEP	2025-06-27T01:11:28.4705532Z [36;1m  "fips-integration-tests": {[0m
Status Check - Keycloak CI	UNKNOWN STEP	2025-06-27T01:11:28.4705817Z [36;1m    "result": "success",[0m
Status Check - Keycloak CI	UNKNOWN STEP	2025-06-27T01:11:28.4706061Z [36;1m    "outputs": {}[0m
Status Check - Keycloak CI	UNKNOWN STEP	2025-06-27T01:11:28.4706285Z [36;1m  },[0m
Status Check - Keycloak CI	UNKNOWN STEP	2025-06-27T01:11:28.4706499Z [36;1m  "forms-integration-tests": {[0m
Status Check - Keycloak CI	UNKNOWN STEP	2025-06-27T01:11:28.4706773Z [36;1m    "result": "success",[0m
Status Check - Keycloak CI	UNKNOWN STEP	2025-06-27T01:11:28.4707020Z [36;1m    "outputs": {}[0m
Status Check - Keycloak CI	UNKNOWN STEP	2025-06-27T01:11:28.4707237Z [36;1m  },[0m
Status Check - Keycloak CI	UNKNOWN STEP	2025-06-27T01:11:28.4707461Z [36;1m  "webauthn-integration-tests": {[0m
Status Check - Keycloak CI	UNKNOWN STEP	2025-06-27T01:11:28.4707739Z [36;1m    "result": "success",[0m
Status Check - Keycloak CI	UNKNOWN STEP	2025-06-27T01:11:28.4707984Z [36;1m    "outputs": {}[0m
Status Check - Keycloak CI	UNKNOWN STEP	2025-06-27T01:11:28.4708203Z [36;1m  },[0m
Status Check - Keycloak CI	UNKNOWN STEP	2025-06-27T01:11:28.4708409Z [36;1m  "sssd-unit-tests": {[0m
Status Check - Keycloak CI	UNKNOWN STEP	2025-06-27T01:11:28.4708659Z [36;1m    "result": "failure",[0m
Status Check - Keycloak CI	UNKNOWN STEP	2025-06-27T01:11:28.4708907Z [36;1m    "outputs": {}[0m
Status Check - Keycloak CI	UNKNOWN STEP	2025-06-27T01:11:28.4709130Z [36;1m  },[0m
Status Check - Keycloak CI	UNKNOWN STEP	2025-06-27T01:11:28.4709341Z [36;1m  "migration-tests": {[0m
Status Check - Keycloak CI	UNKNOWN STEP	2025-06-27T01:11:28.4709596Z [36;1m    "result": "success",[0m
Status Check - Keycloak CI	UNKNOWN STEP	2025-06-27T01:11:28.4709838Z [36;1m    "outputs": {}[0m
Status Check - Keycloak CI	UNKNOWN STEP	2025-06-27T01:11:28.4710060Z [36;1m  },[0m
Status Check - Keycloak CI	UNKNOWN STEP	2025-06-27T01:11:28.4710280Z [36;1m  "external-infinispan-tests": {[0m
Status Check - Keycloak CI	UNKNOWN STEP	2025-06-27T01:11:28.4710561Z [36;1m    "result": "success",[0m
Status Check - Keycloak CI	UNKNOWN STEP	2025-06-27T01:11:28.4710803Z [36;1m    "outputs": {}[0m
Status Check - Keycloak CI	UNKNOWN STEP	2025-06-27T01:11:28.4711029Z [36;1m  },[0m
Status Check - Keycloak CI	UNKNOWN STEP	2025-06-27T01:11:28.4711232Z [36;1m  "test-framework": {[0m
Status Check - Keycloak CI	UNKNOWN STEP	2025-06-27T01:11:28.4711482Z [36;1m    "result": "success",[0m
Status Check - Keycloak CI	UNKNOWN STEP	2025-06-27T01:11:28.4711726Z [36;1m    "outputs": {}[0m
Status Check - Keycloak CI	UNKNOWN STEP	2025-06-27T01:11:28.4711985Z [36;1m  },[0m
Status Check - Keycloak CI	UNKNOWN STEP	2025-06-27T01:11:28.4712218Z [36;1m  "base-new-integration-tests": {[0m
Status Check - Keycloak CI	UNKNOWN STEP	2025-06-27T01:11:28.4712497Z [36;1m    "result": "success",[0m
Status Check - Keycloak CI	UNKNOWN STEP	2025-06-27T01:11:28.4712740Z [36;1m    "outputs": {}[0m
Status Check - Keycloak CI	UNKNOWN STEP	2025-06-27T01:11:28.4712956Z [36;1m  }[0m
Status Check - Keycloak CI	UNKNOWN STEP	2025-06-27T01:11:28.4713155Z [36;1m}'[0m
Status Check - Keycloak CI	UNKNOWN STEP	2025-06-27T01:11:28.4713352Z [36;1m[0m
Status Check - Keycloak CI	UNKNOWN STEP	2025-06-27T01:11:28.4713708Z [36;1mecho "Job status:"[0m
Status Check - Keycloak CI	UNKNOWN STEP	2025-06-27T01:11:28.4714053Z [36;1mecho $JOBS | jq -r 'to_entries[] | " - \(.key): \(.value.result)"'[0m
Status Check - Keycloak CI	UNKNOWN STEP	2025-06-27T01:11:28.4714404Z [36;1m[0m
Status Check - Keycloak CI	UNKNOWN STEP	2025-06-27T01:11:28.4714789Z [36;1mfor i in $(echo $JOBS | jq -r 'to_entries[] | .value.result'); do[0m
Status Check - Keycloak CI	UNKNOWN STEP	2025-06-27T01:11:28.4715179Z [36;1m  if [ "$i" != "success" ] && [ "$i" != "skipped" ]; then[0m
Status Check - Keycloak CI	UNKNOWN STEP	2025-06-27T01:11:28.4715488Z [36;1m    echo ""[0m
Status Check - Keycloak CI	UNKNOWN STEP	2025-06-27T01:11:28.4715725Z [36;1m    echo "Status check not okay!"[0m
Status Check - Keycloak CI	UNKNOWN STEP	2025-06-27T01:11:28.4715997Z [36;1m    exit 1[0m
Status Check - Keycloak CI	UNKNOWN STEP	2025-06-27T01:11:28.4716201Z [36;1m  fi[0m
Status Check - Keycloak CI	UNKNOWN STEP	2025-06-27T01:11:28.4716404Z [36;1mdone[0m
Status Check - Keycloak CI	UNKNOWN STEP	2025-06-27T01:11:28.4821118Z shell: /usr/bin/bash --noprofile --norc -e -o pipefail {0}
Status Check - Keycloak CI	UNKNOWN STEP	2025-06-27T01:11:28.4821494Z env:
Status Check - Keycloak CI	UNKNOWN STEP	2025-06-27T01:11:28.4821804Z   MAVEN_ARGS: -B -nsu -Daether.connector.http.connectionMaxTtl=25
Status Check - Keycloak CI	UNKNOWN STEP	2025-06-27T01:11:28.4822186Z   SUREFIRE_RERUN_FAILING_COUNT: 2
Status Check - Keycloak CI	UNKNOWN STEP	2025-06-27T01:11:28.4822697Z   SUREFIRE_RETRY: -Dsurefire.rerunFailingTestsCount=2
Status Check - Keycloak CI	UNKNOWN STEP	2025-06-27T01:11:28.4823014Z ##[endgroup]
Status Check - Keycloak CI	UNKNOWN STEP	2025-06-27T01:11:28.4919205Z Job status:
Status Check - Keycloak CI	UNKNOWN STEP	2025-06-27T01:11:28.4987087Z  - conditional: success
Status Check - Keycloak CI	UNKNOWN STEP	2025-06-27T01:11:28.4987542Z  - build: success
Status Check - Keycloak CI	UNKNOWN STEP	2025-06-27T01:11:28.4987926Z  - unit-tests: success
Status Check - Keycloak CI	UNKNOWN STEP	2025-06-27T01:11:28.4988356Z  - base-integration-tests: success
Status Check - Keycloak CI	UNKNOWN STEP	2025-06-27T01:11:28.4988864Z  - adapter-integration-tests: success
Status Check - Keycloak CI	UNKNOWN STEP	2025-06-27T01:11:28.4989266Z  - adapter-integration-tests-strict-cookies: success
Status Check - Keycloak CI	UNKNOWN STEP	2025-06-27T01:11:28.4989634Z  - quarkus-unit-tests: success
Status Check - Keycloak CI	UNKNOWN STEP	2025-06-27T01:11:28.4989924Z  - quarkus-integration-tests: success
Status Check - Keycloak CI	UNKNOWN STEP	2025-06-27T01:11:28.4990231Z  - jdk-integration-tests: success
Status Check - Keycloak CI	UNKNOWN STEP	2025-06-27T01:11:28.4990519Z  - store-integration-tests: success
Status Check - Keycloak CI	UNKNOWN STEP	2025-06-27T01:11:28.4990815Z  - volatile-sessions-tests: success
Status Check - Keycloak CI	UNKNOWN STEP	2025-06-27T01:11:28.4991093Z  - store-model-tests: success
Status Check - Keycloak CI	UNKNOWN STEP	2025-06-27T01:11:28.4991378Z  - clustering-integration-tests: success
Status Check - Keycloak CI	UNKNOWN STEP	2025-06-27T01:11:28.4991677Z  - fips-unit-tests: success
Status Check - Keycloak CI	UNKNOWN STEP	2025-06-27T01:11:28.4992002Z  - fips-integration-tests: success
Status Check - Keycloak CI	UNKNOWN STEP	2025-06-27T01:11:28.4992293Z  - forms-integration-tests: success
Status Check - Keycloak CI	UNKNOWN STEP	2025-06-27T01:11:28.4992583Z  - webauthn-integration-tests: success
Status Check - Keycloak CI	UNKNOWN STEP	2025-06-27T01:11:28.4992874Z  - sssd-unit-tests: failure
Status Check - Keycloak CI	UNKNOWN STEP	2025-06-27T01:11:28.4993131Z  - migration-tests: success
Status Check - Keycloak CI	UNKNOWN STEP	2025-06-27T01:11:28.4993410Z  - external-infinispan-tests: success
Status Check - Keycloak CI	UNKNOWN STEP	2025-06-27T01:11:28.4993693Z  - test-framework: success
Status Check - Keycloak CI	UNKNOWN STEP	2025-06-27T01:11:28.4994146Z  - base-new-integration-tests: success
Status Check - Keycloak CI	UNKNOWN STEP	2025-06-27T01:11:28.5021997Z 
Status Check - Keycloak CI	UNKNOWN STEP	2025-06-27T01:11:28.5022525Z Status check not okay!
Status Check - Keycloak CI	UNKNOWN STEP	2025-06-27T01:11:28.5034909Z ##[error]Process completed with exit code 1.
Status Check - Keycloak CI	UNKNOWN STEP	2025-06-27T01:11:28.5143205Z Post job cleanup.
Status Check - Keycloak CI	UNKNOWN STEP	2025-06-27T01:11:28.6052888Z [command]/usr/bin/git version
Status Check - Keycloak CI	UNKNOWN STEP	2025-06-27T01:11:28.6087783Z git version 2.49.0
Status Check - Keycloak CI	UNKNOWN STEP	2025-06-27T01:11:28.6131127Z Temporarily overriding HOME='/home/runner/work/_temp/5150105e-1214-4d42-a189-33523195e911' before making global git config changes
Status Check - Keycloak CI	UNKNOWN STEP	2025-06-27T01:11:28.6132554Z Adding repository directory to the temporary git global config as a safe directory
Status Check - Keycloak CI	UNKNOWN STEP	2025-06-27T01:11:28.6137858Z [command]/usr/bin/git config --global --add safe.directory /home/runner/work/keycloak/keycloak
Status Check - Keycloak CI	UNKNOWN STEP	2025-06-27T01:11:28.6172893Z [command]/usr/bin/git config --local --name-only --get-regexp core\.sshCommand
Status Check - Keycloak CI	UNKNOWN STEP	2025-06-27T01:11:28.6206089Z [command]/usr/bin/git submodule foreach --recursive sh -c "git config --local --name-only --get-regexp 'core\.sshCommand' && git config --local --unset-all 'core.sshCommand' || :"
Status Check - Keycloak CI	UNKNOWN STEP	2025-06-27T01:11:28.6444289Z [command]/usr/bin/git config --local --name-only --get-regexp http\.https\:\/\/github\.com\/\.extraheader
Status Check - Keycloak CI	UNKNOWN STEP	2025-06-27T01:11:28.6465065Z http.https://github.com/.extraheader
Status Check - Keycloak CI	UNKNOWN STEP	2025-06-27T01:11:28.6477249Z [command]/usr/bin/git config --local --unset-all http.https://github.com/.extraheader
Status Check - Keycloak CI	UNKNOWN STEP	2025-06-27T01:11:28.6508268Z [command]/usr/bin/git submodule foreach --recursive sh -c "git config --local --name-only --get-regexp 'http\.https\:\/\/github\.com\/\.extraheader' && git config --local --unset-all 'http.https://github.com/.extraheader' || :"
Status Check - Keycloak CI	UNKNOWN STEP	2025-06-27T01:11:28.6839151Z Cleaning up orphan processes
