Build	Build Keycloak	2023-02-20T02:29:44.5642892Z Prepare all required actions
Build	Build Keycloak	2023-02-20T02:29:44.5643239Z Getting action download info
Build	Build Keycloak	2023-02-20T02:29:44.8249957Z Download action repository 'actions/setup-java@v3' (SHA:3f07048e3d294f56e9b90ac5ea2c6f74e9ad0f98)
Build	Build Keycloak	2023-02-20T02:29:45.3805314Z Download action repository 'actions/upload-artifact@v3' (SHA:0b7f8abb1508181956e8e162db84b466c27e18ce)
Build	Build Keycloak	2023-02-20T02:29:45.8365430Z ##[group]Run ./.github/actions/build-keycloak
Build	Build Keycloak	2023-02-20T02:29:45.8365712Z with:
Build	Build Keycloak	2023-02-20T02:29:45.8365992Z   upload-m2-repo: true
Build	Build Keycloak	2023-02-20T02:29:45.8366347Z   upload-dist: false
Build	Build Keycloak	2023-02-20T02:29:45.8366630Z   jdk-dist: temurin
Build	Build Keycloak	2023-02-20T02:29:45.8366855Z   jdk-version: 11
Build	Build Keycloak	2023-02-20T02:29:45.8367116Z env:
Build	Build Keycloak	2023-02-20T02:29:45.8367414Z   DEFAULT_JDK_VERSION: 11
Build	Build Keycloak	2023-02-20T02:29:45.8367675Z   DEFAULT_JDK_DIST: temurin
Build	Build Keycloak	2023-02-20T02:29:45.8367982Z   SUREFIRE_RERUN_FAILING_COUNT: 2
Build	Build Keycloak	2023-02-20T02:29:45.8368270Z ##[endgroup]
Build	Build Keycloak	2023-02-20T02:29:45.8759283Z ##[group]Run actions/setup-java@v3
Build	Build Keycloak	2023-02-20T02:29:45.8759509Z with:
Build	Build Keycloak	2023-02-20T02:29:45.8759758Z   distribution: temurin
Build	Build Keycloak	2023-02-20T02:29:45.8759968Z   java-version: 11
Build	Build Keycloak	2023-02-20T02:29:45.8760183Z   java-package: jdk
Build	Build Keycloak	2023-02-20T02:29:45.8760398Z   check-latest: false
Build	Build Keycloak	2023-02-20T02:29:45.8760597Z   server-id: github
Build	Build Keycloak	2023-02-20T02:29:45.8760824Z   server-username: GITHUB_ACTOR
Build	Build Keycloak	2023-02-20T02:29:45.8761090Z   server-password: GITHUB_TOKEN
Build	Build Keycloak	2023-02-20T02:29:45.8761324Z   overwrite-settings: true
Build	Build Keycloak	2023-02-20T02:29:45.8761548Z   job-status: success
Build	Build Keycloak	2023-02-20T02:29:45.8761925Z   token: ***
Build	Build Keycloak	2023-02-20T02:29:45.8762098Z env:
Build	Build Keycloak	2023-02-20T02:29:45.8762292Z   DEFAULT_JDK_VERSION: 11
Build	Build Keycloak	2023-02-20T02:29:45.8762514Z   DEFAULT_JDK_DIST: temurin
Build	Build Keycloak	2023-02-20T02:29:45.8762736Z   SUREFIRE_RERUN_FAILING_COUNT: 2
Build	Build Keycloak	2023-02-20T02:29:45.8762957Z ##[endgroup]
Build	Build Keycloak	2023-02-20T02:29:46.0914695Z ##[group]Installed distributions
Build	Build Keycloak	2023-02-20T02:29:46.0976451Z Resolved Java 11.0.18+10 from tool-cache
Build	Build Keycloak	2023-02-20T02:29:46.0976792Z Setting Java 11.0.18+10 as the default
Build	Build Keycloak	2023-02-20T02:29:46.1000783Z Creating toolchains.xml for JDK version 11 from temurin
Build	Build Keycloak	2023-02-20T02:29:46.1104961Z Writing to /home/runner/.m2/toolchains.xml
Build	Build Keycloak	2023-02-20T02:29:46.1105946Z 
Build	Build Keycloak	2023-02-20T02:29:46.1107552Z Java configuration:
Build	Build Keycloak	2023-02-20T02:29:46.1107844Z   Distribution: temurin
Build	Build Keycloak	2023-02-20T02:29:46.1110072Z   Version: 11.0.18+10
Build	Build Keycloak	2023-02-20T02:29:46.1110833Z   Path: /opt/hostedtoolcache/Java_Temurin-Hotspot_jdk/11.0.18-10/x64
Build	Build Keycloak	2023-02-20T02:29:46.1111206Z 
Build	Build Keycloak	2023-02-20T02:29:46.1112752Z ##[endgroup]
Build	Build Keycloak	2023-02-20T02:29:46.1138086Z Creating settings.xml with server-id: github
Build	Build Keycloak	2023-02-20T02:29:46.1157967Z Writing to /home/runner/.m2/settings.xml
Build	Build Keycloak	2023-02-20T02:29:46.1292877Z Prepare all required actions
Build	Build Keycloak	2023-02-20T02:29:46.1293247Z Getting action download info
Build	Build Keycloak	2023-02-20T02:29:46.3566234Z Download action repository 'actions/cache@v3' (SHA:6998d139ddd3e68c71e9e398d8e40b71a2f39812)
Build	Build Keycloak	2023-02-20T02:29:46.9333259Z ##[group]Run ./.github/actions/maven-cache
Build	Build Keycloak	2023-02-20T02:29:46.9333511Z env:
Build	Build Keycloak	2023-02-20T02:29:46.9333717Z   DEFAULT_JDK_VERSION: 11
Build	Build Keycloak	2023-02-20T02:29:46.9333931Z   DEFAULT_JDK_DIST: temurin
Build	Build Keycloak	2023-02-20T02:29:46.9334283Z   SUREFIRE_RERUN_FAILING_COUNT: 2
Build	Build Keycloak	2023-02-20T02:29:46.9334594Z   JAVA_HOME: /opt/hostedtoolcache/Java_Temurin-Hotspot_jdk/11.0.18-10/x64
Build	Build Keycloak	2023-02-20T02:29:46.9334952Z   JAVA_HOME_11_X64: /opt/hostedtoolcache/Java_Temurin-Hotspot_jdk/11.0.18-10/x64
Build	Build Keycloak	2023-02-20T02:29:46.9335236Z ##[endgroup]
Build	Build Keycloak	2023-02-20T02:29:46.9397638Z ##[group]Run echo "key=mvn-`date -u "+%Y-%U"`" >> $GITHUB_OUTPUT
Build	Build Keycloak	2023-02-20T02:29:46.9398051Z [36;1mecho "key=mvn-`date -u "+%Y-%U"`" >> $GITHUB_OUTPUT[0m
Build	Build Keycloak	2023-02-20T02:29:46.9456287Z shell: /usr/bin/bash --noprofile --norc -e -o pipefail {0}
Build	Build Keycloak	2023-02-20T02:29:46.9456578Z env:
Build	Build Keycloak	2023-02-20T02:29:46.9456788Z   DEFAULT_JDK_VERSION: 11
Build	Build Keycloak	2023-02-20T02:29:46.9457004Z   DEFAULT_JDK_DIST: temurin
Build	Build Keycloak	2023-02-20T02:29:46.9457240Z   SUREFIRE_RERUN_FAILING_COUNT: 2
Build	Build Keycloak	2023-02-20T02:29:46.9457554Z   JAVA_HOME: /opt/hostedtoolcache/Java_Temurin-Hotspot_jdk/11.0.18-10/x64
Build	Build Keycloak	2023-02-20T02:29:46.9457925Z   JAVA_HOME_11_X64: /opt/hostedtoolcache/Java_Temurin-Hotspot_jdk/11.0.18-10/x64
Build	Build Keycloak	2023-02-20T02:29:46.9458448Z ##[endgroup]
Build	Build Keycloak	2023-02-20T02:29:46.9672343Z ##[group]Run actions/cache@v3
Build	Build Keycloak	2023-02-20T02:29:46.9672606Z with:
Build	Build Keycloak	2023-02-20T02:29:46.9672835Z   path: ~/.m2/repository
Build	Build Keycloak	2023-02-20T02:29:46.9673068Z   key: mvn-2023-08
Build	Build Keycloak	2023-02-20T02:29:46.9673331Z   enableCrossOsArchive: false
Build	Build Keycloak	2023-02-20T02:29:46.9673617Z   fail-on-cache-miss: false
Build	Build Keycloak	2023-02-20T02:29:46.9673842Z env:
Build	Build Keycloak	2023-02-20T02:29:46.9674068Z   DEFAULT_JDK_VERSION: 11
Build	Build Keycloak	2023-02-20T02:29:46.9674327Z   DEFAULT_JDK_DIST: temurin
Build	Build Keycloak	2023-02-20T02:29:46.9674595Z   SUREFIRE_RERUN_FAILING_COUNT: 2
Build	Build Keycloak	2023-02-20T02:29:46.9674933Z   JAVA_HOME: /opt/hostedtoolcache/Java_Temurin-Hotspot_jdk/11.0.18-10/x64
Build	Build Keycloak	2023-02-20T02:29:46.9675354Z   JAVA_HOME_11_X64: /opt/hostedtoolcache/Java_Temurin-Hotspot_jdk/11.0.18-10/x64
Build	Build Keycloak	2023-02-20T02:29:46.9675678Z ##[endgroup]
Build	Build Keycloak	2023-02-20T02:29:48.5157836Z Received 125829120 of 612480979 (20.5%), 119.9 MBs/sec
Build	Build Keycloak	2023-02-20T02:29:49.5165560Z Received 306184192 of 612480979 (50.0%), 145.9 MBs/sec
Build	Build Keycloak	2023-02-20T02:29:50.5169696Z Received 473956352 of 612480979 (77.4%), 150.6 MBs/sec
Build	Build Keycloak	2023-02-20T02:29:51.5169186Z Received 608286675 of 612480979 (99.3%), 145.0 MBs/sec
Build	Build Keycloak	2023-02-20T02:29:52.0246046Z Received 612480979 of 612480979 (100.0%), 129.5 MBs/sec
Build	Build Keycloak	2023-02-20T02:29:52.0255716Z Cache Size: ~584 MB (612480979 B)
Build	Build Keycloak	2023-02-20T02:29:52.0295477Z [command]/usr/bin/tar -xf /home/runner/work/_temp/614c6ba6-3e7f-4ca7-ba49-aaeea5b40049/cache.tgz -P -C /home/runner/work/keycloak/keycloak -z
Build	Build Keycloak	2023-02-20T02:29:58.4040827Z Cache restored successfully
Build	Build Keycloak	2023-02-20T02:29:58.8854296Z Cache restored from key: mvn-2023-08
Build	Build Keycloak	2023-02-20T02:29:58.9029404Z ##[group]Run if ( stat ~/.m2/repository/org/keycloak &>/dev/null ); then
Build	Build Keycloak	2023-02-20T02:29:58.9029797Z [36;1mif ( stat ~/.m2/repository/org/keycloak &>/dev/null ); then[0m
Build	Build Keycloak	2023-02-20T02:29:58.9030141Z [36;1m  echo "Found org/keycloak artifacts in Maven repository cache"[0m
Build	Build Keycloak	2023-02-20T02:29:58.9030457Z [36;1m  ls ~/.m2/repository/org/keycloak[0m
Build	Build Keycloak	2023-02-20T02:29:58.9030689Z [36;1m  exit 1[0m
Build	Build Keycloak	2023-02-20T02:29:58.9030895Z [36;1mfi[0m
Build	Build Keycloak	2023-02-20T02:29:58.9083600Z shell: /usr/bin/bash --noprofile --norc -e -o pipefail {0}
Build	Build Keycloak	2023-02-20T02:29:58.9083874Z env:
Build	Build Keycloak	2023-02-20T02:29:58.9084085Z   DEFAULT_JDK_VERSION: 11
Build	Build Keycloak	2023-02-20T02:29:58.9084309Z   DEFAULT_JDK_DIST: temurin
Build	Build Keycloak	2023-02-20T02:29:58.9084556Z   SUREFIRE_RERUN_FAILING_COUNT: 2
Build	Build Keycloak	2023-02-20T02:29:58.9085035Z   JAVA_HOME: /opt/hostedtoolcache/Java_Temurin-Hotspot_jdk/11.0.18-10/x64
Build	Build Keycloak	2023-02-20T02:29:58.9085416Z   JAVA_HOME_11_X64: /opt/hostedtoolcache/Java_Temurin-Hotspot_jdk/11.0.18-10/x64
Build	Build Keycloak	2023-02-20T02:29:58.9085709Z ##[endgroup]
Build	Build Keycloak	2023-02-20T02:29:58.9482206Z Found org/keycloak artifacts in Maven repository cache
Build	Build Keycloak	2023-02-20T02:29:58.9495089Z keycloak-common
Build	Build Keycloak	2023-02-20T02:29:58.9495648Z keycloak-operator
Build	Build Keycloak	2023-02-20T02:29:58.9496794Z keycloak-parent
Build	Build Keycloak	2023-02-20T02:29:58.9514007Z ##[error]Process completed with exit code 1.
Status Check - Keycloak CI	Check status	2023-02-20T02:30:12.9491808Z Prepare all required actions
Status Check - Keycloak CI	Check status	2023-02-20T02:30:12.9533642Z ##[group]Run ./.github/actions/checks-job-pass
Status Check - Keycloak CI	Check status	2023-02-20T02:30:12.9533900Z with:
Status Check - Keycloak CI	Check status	2023-02-20T02:30:12.9534074Z   required: true
Status Check - Keycloak CI	Check status	2023-02-20T02:30:12.9534261Z env:
Status Check - Keycloak CI	Check status	2023-02-20T02:30:12.9534451Z   DEFAULT_JDK_VERSION: 11
Status Check - Keycloak CI	Check status	2023-02-20T02:30:12.9534660Z   DEFAULT_JDK_DIST: temurin
Status Check - Keycloak CI	Check status	2023-02-20T02:30:12.9534890Z   SUREFIRE_RERUN_FAILING_COUNT: 2
Status Check - Keycloak CI	Check status	2023-02-20T02:30:12.9535103Z ##[endgroup]
Status Check - Keycloak CI	Check status	2023-02-20T02:30:12.9847840Z ##[group]Run if [ "true" == "false" ]; then
Status Check - Keycloak CI	Check status	2023-02-20T02:30:12.9848180Z [36;1mif [ "true" == "false" ]; then[0m
Status Check - Keycloak CI	Check status	2023-02-20T02:30:12.9848442Z [36;1m  echo "Not required to run, skipping"[0m
Status Check - Keycloak CI	Check status	2023-02-20T02:30:12.9848672Z [36;1melse[0m
Status Check - Keycloak CI	Check status	2023-02-20T02:30:12.9848879Z [36;1m  if [ "" == "success" ]; then[0m
Status Check - Keycloak CI	Check status	2023-02-20T02:30:12.9849090Z [36;1m    echo "Success"[0m
Status Check - Keycloak CI	Check status	2023-02-20T02:30:12.9849293Z [36;1m  else[0m
Status Check - Keycloak CI	Check status	2023-02-20T02:30:12.9849539Z [36;1m    echo "Required to run, but didn't succeed"[0m
Status Check - Keycloak CI	Check status	2023-02-20T02:30:12.9849764Z [36;1m    exit 1[0m
Status Check - Keycloak CI	Check status	2023-02-20T02:30:12.9849993Z [36;1m  fi        [0m
Status Check - Keycloak CI	Check status	2023-02-20T02:30:12.9850176Z [36;1mfi[0m
Status Check - Keycloak CI	Check status	2023-02-20T02:30:12.9909363Z shell: /usr/bin/bash --noprofile --norc -e -o pipefail {0}
Status Check - Keycloak CI	Check status	2023-02-20T02:30:12.9909641Z env:
Status Check - Keycloak CI	Check status	2023-02-20T02:30:12.9909837Z   DEFAULT_JDK_VERSION: 11
Status Check - Keycloak CI	Check status	2023-02-20T02:30:12.9910047Z   DEFAULT_JDK_DIST: temurin
Status Check - Keycloak CI	Check status	2023-02-20T02:30:12.9910273Z   SUREFIRE_RERUN_FAILING_COUNT: 2
Status Check - Keycloak CI	Check status	2023-02-20T02:30:12.9910485Z ##[endgroup]
Status Check - Keycloak CI	Check status	2023-02-20T02:30:13.0078328Z Required to run, but didn't succeed
Status Check - Keycloak CI	Check status	2023-02-20T02:30:13.0092616Z ##[error]Process completed with exit code 1.
