Admin UI E2E (chrome)	Run Playwright tests	2025-03-17T00:26:55.2174838Z ##[group]Run pnpm --fail-if-no-match --filter keycloak-admin-ui test:integration
Admin UI E2E (chrome)	Run Playwright tests	2025-03-17T00:26:55.2175761Z [36;1mpnpm --fail-if-no-match --filter keycloak-admin-ui test:integration[0m
Admin UI E2E (chrome)	Run Playwright tests	2025-03-17T00:26:55.2236457Z shell: /usr/bin/bash --noprofile --norc -e -o pipefail {0}
Admin UI E2E (chrome)	Run Playwright tests	2025-03-17T00:26:55.2236807Z env:
Admin UI E2E (chrome)	Run Playwright tests	2025-03-17T00:26:55.2237080Z   MAVEN_ARGS: -B -nsu -Daether.connector.http.connectionMaxTtl=25
Admin UI E2E (chrome)	Run Playwright tests	2025-03-17T00:26:55.2237412Z   RETRY_COUNT: 3
Admin UI E2E (chrome)	Run Playwright tests	2025-03-17T00:26:55.2237613Z   WORKSPACE: keycloak-admin-ui
Admin UI E2E (chrome)	Run Playwright tests	2025-03-17T00:26:55.2238160Z   JAVA_HOME: /opt/hostedtoolcache/Java_Temurin-Hotspot_jdk/21.0.6-7/x64
Admin UI E2E (chrome)	Run Playwright tests	2025-03-17T00:26:55.2238699Z   JAVA_HOME_21_X64: /opt/hostedtoolcache/Java_Temurin-Hotspot_jdk/21.0.6-7/x64
Admin UI E2E (chrome)	Run Playwright tests	2025-03-17T00:26:55.2239042Z ##[endgroup]
Admin UI E2E (chrome)	Run Playwright tests	2025-03-17T00:26:55.6085732Z 
Admin UI E2E (chrome)	Run Playwright tests	2025-03-17T00:26:55.6086846Z > @keycloak/keycloak-admin-ui@999.0.0-SNAPSHOT test:integration /home/runner/work/keycloak/keycloak/js/apps/admin-ui
Admin UI E2E (chrome)	Run Playwright tests	2025-03-17T00:26:55.6087436Z > playwright test
Admin UI E2E (chrome)	Run Playwright tests	2025-03-17T00:26:55.6087569Z 
Admin UI E2E (chrome)	Run Playwright tests	2025-03-17T00:26:58.5089715Z 
Admin UI E2E (chrome)	Run Playwright tests	2025-03-17T00:26:58.5092579Z Running 335 tests using 1 worker
Admin UI E2E (chrome)	Run Playwright tests	2025-03-17T00:30:01.3016631Z Â·Â·Â·Â·Â·Â·Â·Â·Â·Â·Â·Â·Â·Â·Â·Â·Â·Â·Â·Â·Â·Â·Â·Â·Â·Â·Â·Â·Â·Â·Â·Â·Â·Â·Â·Â·Â·Â·Â·Â·Â·Â·Â·Â·Â·Â·Â·Â·Â·Â·Â·Â·Â·Â·Â·Â·Â·Â·Â·Â·Ã—Â±Â·Â·Â·Â·Â·Â·Â·Â·Â·Â·Â·Â·Â·Â·Â·Â·Â·Â·
Admin UI E2E (chrome)	Run Playwright tests	2025-03-17T00:32:40.0738640Z Â·Â·Â·Â·Â·Â·Â·Â·Â·Â·Â·Â·Â·Â·Â·Â°Â·Â·Â·Â·Â·Â·Â·Â·Â·Â·Â·Â·Â·Â·Â·Â·Â·Â·Â·Â·Â·Â·Â·Â·Â·Â·Â·Â·Â·Â·Â·Â·Â·Â·Â·Â·Â·Â·Â·Â·Â·Â·Â·Â·Â·Â·Â·Â·Â·Â·Â·Â·Â·Â·Â·Â·Â·Â·Â·Â·Â·Â·Â·Â·
Admin UI E2E (chrome)	Run Playwright tests	2025-03-17T00:37:21.2733145Z Â·Â·Â·Â·Â·Â·Â·Â·Â·Â·Â·Â·Â·Â·Ã—Â±Ã—Â±Â·Â·Â·Â·Â·Â·Â·Â·Â·Â·Ã—Ã—FÂ·Â·Â·Â·Â·Â·Â·Â·Â·Â·Â·Â·Â·Â·Â·Â·Â·Â·Â·Â·Â·Â·Â·Â·Â·Â·Â·Â·Â·Â·Â·Â·Â·Â·Â·Â·Ã—Â±Â·Â·Â·Ã—Â±Ã—Â±Â·Ã—Â±Â·
Admin UI E2E (chrome)	Run Playwright tests	2025-03-17T00:40:36.8141842Z Â·Â·Â·Â·Â·Â·Â·Â·Â·Â·Â·Â·Â·Â·Â·Â·Â·Â·Â·Â·Â·Â·Â·Â·Â·Â·Â·Â·Â·Â·Â·Â·Â·Â·Â·Â·Â·Â·Â·Â·Â·Â·Â·Â·Â·Â·Â·Â·Â·Â·Â·Â·Â·Â·Â·Â·Â·Â·Ã—Â±Â·Â·Â·Â·Â·Â·Â·Â·Â·Â·Â·Â·Â·Â·Â·Â·Â·Â·Â·Ã—
Admin UI E2E (chrome)	Run Playwright tests	2025-03-17T00:41:28.1013694Z Â±Â·Â·Â·Â·Â·Â·Â·Â·Â·Â·Â·Â·Â·Â·Â·Â·Â·Â·Â·Â·Â·Â·Â·Â·Â·
Admin UI E2E (chrome)	Run Playwright tests	2025-03-17T00:41:28.1054517Z 
Admin UI E2E (chrome)	Run Playwright tests	2025-03-17T00:41:28.1055461Z   1) [chromium] â€º test/realm-roles/main.spec.ts:123:3 â€º Realm roles test â€º Add associated roles test 
Admin UI E2E (chrome)	Run Playwright tests	2025-03-17T00:41:28.1056087Z 
Admin UI E2E (chrome)	Run Playwright tests	2025-03-17T00:41:28.1056727Z     Error: Row accountmanage-account not found: ,offline_access,False,role_offline-access,
Admin UI E2E (chrome)	Run Playwright tests	2025-03-17T00:41:28.1057394Z 
Admin UI E2E (chrome)	Run Playwright tests	2025-03-17T00:41:28.1057975Z        at utils/table.ts:103
Admin UI E2E (chrome)	Run Playwright tests	2025-03-17T00:41:28.1058322Z 
Admin UI E2E (chrome)	Run Playwright tests	2025-03-17T00:41:28.1058783Z       101 |     const rowIndex = rows.findIndex((r) => r.includes(row as string));
Admin UI E2E (chrome)	Run Playwright tests	2025-03-17T00:41:28.1059520Z       102 |     if (rowIndex === -1) {
Admin UI E2E (chrome)	Run Playwright tests	2025-03-17T00:41:28.1060167Z     > 103 |       throw new Error(`Row ${row} not found: ${rows}`);
Admin UI E2E (chrome)	Run Playwright tests	2025-03-17T00:41:28.1060740Z           |             ^
Admin UI E2E (chrome)	Run Playwright tests	2025-03-17T00:41:28.1061138Z       104 |     }
Admin UI E2E (chrome)	Run Playwright tests	2025-03-17T00:41:28.1065349Z       105 |     row = rowIndex;
Admin UI E2E (chrome)	Run Playwright tests	2025-03-17T00:41:28.1065856Z       106 |   }
Admin UI E2E (chrome)	Run Playwright tests	2025-03-17T00:41:28.1066694Z         at clickSelectRow (/home/runner/work/keycloak/keycloak/js/apps/admin-ui/test/utils/table.ts:103:13)
Admin UI E2E (chrome)	Run Playwright tests	2025-03-17T00:41:28.1067978Z         at pickRole (/home/runner/work/keycloak/keycloak/js/apps/admin-ui/test/utils/roles.ts:32:3)
Admin UI E2E (chrome)	Run Playwright tests	2025-03-17T00:41:28.1069154Z         at /home/runner/work/keycloak/keycloak/js/apps/admin-ui/test/realm-roles/main.spec.ts:143:5
Admin UI E2E (chrome)	Run Playwright tests	2025-03-17T00:41:28.1069785Z 
Admin UI E2E (chrome)	Run Playwright tests	2025-03-17T00:41:28.1070407Z     Retry #1 â”€â”€â”€â”€â”€â”€â”€â”€â”€â”€â”€â”€â”€â”€â”€â”€â”€â”€â”€â”€â”€â”€â”€â”€â”€â”€â”€â”€â”€â”€â”€â”€â”€â”€â”€â”€â”€â”€â”€â”€â”€â”€â”€â”€â”€â”€â”€â”€â”€â”€â”€â”€â”€â”€â”€â”€â”€â”€â”€â”€â”€â”€â”€â”€â”€â”€â”€â”€â”€â”€â”€â”€â”€â”€â”€â”€â”€â”€â”€â”€â”€â”€â”€â”€â”€â”€â”€
Admin UI E2E (chrome)	Run Playwright tests	2025-03-17T00:41:28.1070845Z 
Admin UI E2E (chrome)	Run Playwright tests	2025-03-17T00:41:28.1071855Z     Error: locator.waitFor: Error: strict mode violation: getByLabel('Associated roles', { exact: true }).locator('tbody') resolved to 2 elements:
Admin UI E2E (chrome)	Run Playwright tests	2025-03-17T00:41:28.1073525Z         1) <tbody role="rowgroup" class="pf-v5-c-table__tbody">â€¦</tbody> aka getByTestId('assigned-roles').locator('tbody')
Admin UI E2E (chrome)	Run Playwright tests	2025-03-17T00:41:28.1075352Z         2) <tbody role="rowgroup" class="pf-v5-c-table__tbody">â€¦</tbody> aka getByText('accountdelete-accountrole_delete-accountaccountmanage-accountrole_manage-')
Admin UI E2E (chrome)	Run Playwright tests	2025-03-17T00:41:28.1076920Z 
Admin UI E2E (chrome)	Run Playwright tests	2025-03-17T00:41:28.1077045Z     Call log:
Admin UI E2E (chrome)	Run Playwright tests	2025-03-17T00:41:28.1077916Z     [2m  - waiting for getByLabel('Associated roles', { exact: true }).locator('tbody') to be visible[22m
Admin UI E2E (chrome)	Run Playwright tests	2025-03-17T00:41:28.1078505Z 
Admin UI E2E (chrome)	Run Playwright tests	2025-03-17T00:41:28.1078514Z 
Admin UI E2E (chrome)	Run Playwright tests	2025-03-17T00:41:28.1078655Z        at utils/table.ts:71
Admin UI E2E (chrome)	Run Playwright tests	2025-03-17T00:41:28.1078873Z 
Admin UI E2E (chrome)	Run Playwright tests	2025-03-17T00:41:28.1079229Z       69 | export async function getTableData(page: Page, name: string) {
Admin UI E2E (chrome)	Run Playwright tests	2025-03-17T00:41:28.1080263Z       70 |   const table = page.getByLabel(name, { exact: true });
Admin UI E2E (chrome)	Run Playwright tests	2025-03-17T00:41:28.1080863Z     > 71 |   await table.locator("tbody").waitFor();
Admin UI E2E (chrome)	Run Playwright tests	2025-03-17T00:41:28.1081362Z          |                                ^
Admin UI E2E (chrome)	Run Playwright tests	2025-03-17T00:41:28.1082156Z       72 |   const rows = await table.locator("tbody tr").elementHandles();
Admin UI E2E (chrome)	Run Playwright tests	2025-03-17T00:41:28.1082837Z       73 |
Admin UI E2E (chrome)	Run Playwright tests	2025-03-17T00:41:28.1083216Z       74 |   const tableData = await Promise.all(
Admin UI E2E (chrome)	Run Playwright tests	2025-03-17T00:41:28.1084143Z         at getTableData (/home/runner/work/keycloak/keycloak/js/apps/admin-ui/test/utils/table.ts:71:32)
Admin UI E2E (chrome)	Run Playwright tests	2025-03-17T00:41:28.1085428Z         at clickSelectRow (/home/runner/work/keycloak/keycloak/js/apps/admin-ui/test/utils/table.ts:100:24)
Admin UI E2E (chrome)	Run Playwright tests	2025-03-17T00:41:28.1086659Z         at pickRole (/home/runner/work/keycloak/keycloak/js/apps/admin-ui/test/utils/roles.ts:32:9)
Admin UI E2E (chrome)	Run Playwright tests	2025-03-17T00:41:28.1087866Z         at /home/runner/work/keycloak/keycloak/js/apps/admin-ui/test/realm-roles/main.spec.ts:143:11
Admin UI E2E (chrome)	Run Playwright tests	2025-03-17T00:41:28.1088502Z 
Admin UI E2E (chrome)	Run Playwright tests	2025-03-17T00:41:28.1089198Z     attachment #2: trace (application/zip) â”€â”€â”€â”€â”€â”€â”€â”€â”€â”€â”€â”€â”€â”€â”€â”€â”€â”€â”€â”€â”€â”€â”€â”€â”€â”€â”€â”€â”€â”€â”€â”€â”€â”€â”€â”€â”€â”€â”€â”€â”€â”€â”€â”€â”€â”€â”€â”€â”€â”€â”€â”€â”€â”€â”€â”€â”€
Admin UI E2E (chrome)	Run Playwright tests	2025-03-17T00:41:28.1090455Z     test-results/realm-roles-main-Realm-roles-test-Add-associated-roles-test-chromium-retry1/trace.zip
Admin UI E2E (chrome)	Run Playwright tests	2025-03-17T00:41:28.1091339Z     Usage:
Admin UI E2E (chrome)	Run Playwright tests	2025-03-17T00:41:28.1134932Z 
Admin UI E2E (chrome)	Run Playwright tests	2025-03-17T00:41:28.1135997Z         pnpm exec playwright show-trace test-results/realm-roles-main-Realm-roles-test-Add-associated-roles-test-chromium-retry1/trace.zip
Admin UI E2E (chrome)	Run Playwright tests	2025-03-17T00:41:28.1137044Z 
Admin UI E2E (chrome)	Run Playwright tests	2025-03-17T00:41:28.1137694Z     â”€â”€â”€â”€â”€â”€â”€â”€â”€â”€â”€â”€â”€â”€â”€â”€â”€â”€â”€â”€â”€â”€â”€â”€â”€â”€â”€â”€â”€â”€â”€â”€â”€â”€â”€â”€â”€â”€â”€â”€â”€â”€â”€â”€â”€â”€â”€â”€â”€â”€â”€â”€â”€â”€â”€â”€â”€â”€â”€â”€â”€â”€â”€â”€â”€â”€â”€â”€â”€â”€â”€â”€â”€â”€â”€â”€â”€â”€â”€â”€â”€â”€â”€â”€â”€â”€â”€â”€â”€â”€â”€â”€â”€â”€â”€â”€
Admin UI E2E (chrome)	Run Playwright tests	2025-03-17T00:41:28.1138110Z 
Admin UI E2E (chrome)	Run Playwright tests	2025-03-17T00:41:28.1138686Z     Retry #2 â”€â”€â”€â”€â”€â”€â”€â”€â”€â”€â”€â”€â”€â”€â”€â”€â”€â”€â”€â”€â”€â”€â”€â”€â”€â”€â”€â”€â”€â”€â”€â”€â”€â”€â”€â”€â”€â”€â”€â”€â”€â”€â”€â”€â”€â”€â”€â”€â”€â”€â”€â”€â”€â”€â”€â”€â”€â”€â”€â”€â”€â”€â”€â”€â”€â”€â”€â”€â”€â”€â”€â”€â”€â”€â”€â”€â”€â”€â”€â”€â”€â”€â”€â”€â”€â”€â”€
Admin UI E2E (chrome)	Run Playwright tests	2025-03-17T00:41:28.1139111Z 
Admin UI E2E (chrome)	Run Playwright tests	2025-03-17T00:41:28.1139604Z     Error: Row accountmanage-account not found: ,offline_access,False,role_offline-access,
Admin UI E2E (chrome)	Run Playwright tests	2025-03-17T00:41:28.1140164Z 
Admin UI E2E (chrome)	Run Playwright tests	2025-03-17T00:41:28.1140338Z        at utils/table.ts:103
Admin UI E2E (chrome)	Run Playwright tests	2025-03-17T00:41:28.1140593Z 
Admin UI E2E (chrome)	Run Playwright tests	2025-03-17T00:41:28.1140978Z       101 |     const rowIndex = rows.findIndex((r) => r.includes(row as string));
Admin UI E2E (chrome)	Run Playwright tests	2025-03-17T00:41:28.1141835Z       102 |     if (rowIndex === -1) {
Admin UI E2E (chrome)	Run Playwright tests	2025-03-17T00:41:28.1142422Z     > 103 |       throw new Error(`Row ${row} not found: ${rows}`);
Admin UI E2E (chrome)	Run Playwright tests	2025-03-17T00:41:28.1142915Z           |             ^
Admin UI E2E (chrome)	Run Playwright tests	2025-03-17T00:41:28.1143250Z       104 |     }
Admin UI E2E (chrome)	Run Playwright tests	2025-03-17T00:41:28.1143586Z       105 |     row = rowIndex;
Admin UI E2E (chrome)	Run Playwright tests	2025-03-17T00:41:28.1145913Z       106 |   }
Admin UI E2E (chrome)	Run Playwright tests	2025-03-17T00:41:28.1148158Z         at clickSelectRow (/home/runner/work/keycloak/keycloak/js/apps/admin-ui/test/utils/table.ts:103:13)
Admin UI E2E (chrome)	Run Playwright tests	2025-03-17T00:41:28.1152197Z         at pickRole (/home/runner/work/keycloak/keycloak/js/apps/admin-ui/test/utils/roles.ts:32:3)
Admin UI E2E (chrome)	Run Playwright tests	2025-03-17T00:41:28.1156523Z         at /home/runner/work/keycloak/keycloak/js/apps/admin-ui/test/realm-roles/main.spec.ts:143:5
Admin UI E2E (chrome)	Run Playwright tests	2025-03-17T00:41:28.1158134Z 
Admin UI E2E (chrome)	Run Playwright tests	2025-03-17T00:41:28.1159825Z   2) [chromium] â€º test/clients/authorization.spec.ts:159:3 â€º Client authentication subtab â€º Should copy auth details 
Admin UI E2E (chrome)	Run Playwright tests	2025-03-17T00:41:28.1160538Z 
Admin UI E2E (chrome)	Run Playwright tests	2025-03-17T00:41:28.1161181Z     Error: [2mexpect([22m[31mlocator[39m[2m).[22mtoHaveText[2m([22m[32mexpected[39m[2m)[22m
Admin UI E2E (chrome)	Run Playwright tests	2025-03-17T00:41:28.1161936Z 
Admin UI E2E (chrome)	Run Playwright tests	2025-03-17T00:41:28.1162277Z     Locator: getByTestId('authorization-export-code-editor')
Admin UI E2E (chrome)	Run Playwright tests	2025-03-17T00:41:28.1162932Z     Expected string: [32m"{[39m
Admin UI E2E (chrome)	Run Playwright tests	2025-03-17T00:41:28.1163532Z     [32m  \"allowRemoteResourceManagement\": true,[39m
Admin UI E2E (chrome)	Run Playwright tests	2025-03-17T00:41:28.1164229Z     [32m  \"policyEnforcementMode\": \"DISABLED\",[39m
Admin UI E2E (chrome)	Run Playwright tests	2025-03-17T00:41:28.1164793Z     [32m  \"resources\": [[39m
Admin UI E2E (chrome)	Run Playwright tests	2025-03-17T00:41:28.1165210Z     [32m    {[39m
Admin UI E2E (chrome)	Run Playwright tests	2025-03-17T00:41:28.1165694Z     [32m      \"name\": \"Default Resource\",[39m
Admin UI E2E (chrome)	Run Playwright tests	2025-03-17T00:41:28.1166787Z     [32m      \"type\": \"urn:client-authentication-6b307168-7224-4de2-af98-9ccc1d2527a6:resources:default\",[39m
Admin UI E2E (chrome)	Run Playwright tests	2025-03-17T00:41:28.1167732Z     [32m      \"ownerManagedAccess\": false,[39m
Admin UI E2E (chrome)	Run Playwright tests	2025-03-17T00:41:28.1168649Z     [32m      \"displayName\": \"updated\",[39m
Admin UI E2E (chrome)	Run Playwright tests	2025-03-17T00:41:28.1169272Z     [32m      \"attributes\": {},[39m
Admin UI E2E (chrome)	Run Playwright tests	2025-03-17T00:41:28.1169792Z     [32m      \"uris\": [[39m
Admin UI E2E (chrome)	Run Playwright tests	2025-03-17T00:41:28.1170238Z     [32m        \"/*\"[39m
Admin UI E2E (chrome)	Run Playwright tests	2025-03-17T00:41:28.1170651Z     [32m      ],[39m
Admin UI E2E (chrome)	Run Playwright tests	2025-03-17T00:41:28.1171089Z     [32m      \"icon_uri\": \"\"[39m
Admin UI E2E (chrome)	Run Playwright tests	2025-03-17T00:41:28.1171685Z     [32m    },[39m
Admin UI E2E (chrome)	Run Playwright tests	2025-03-17T00:41:28.1172057Z     [32m    {[39m
Admin UI E2E (chrome)	Run Playwright tests	2025-03-17T00:41:28.1172519Z     [32m      \"name\": \"Resource\",[39m
Admin UI E2E (chrome)	Run Playwright tests	2025-03-17T00:41:28.1173059Z     [32m      \"type\": \"type\",[39m
Admin UI E2E (chrome)	Run Playwright tests	2025-03-17T00:41:28.1173653Z     [32m      \"ownerManagedAccess\": false,[39m
Admin UI E2E (chrome)	Run Playwright tests	2025-03-17T00:41:28.1174314Z     [32m      \"displayName\": \"The display name\",[39m
Admin UI E2E (chrome)	Run Playwright tests	2025-03-17T00:41:28.1174907Z     [32m      \"attributes\": {},[39m
Admin UI E2E (chrome)	Run Playwright tests	2025-03-17T00:41:28.1175415Z     [32m      \"uris\": [[39m
Admin UI E2E (chrome)	Run Playwright tests	2025-03-17T00:41:28.1175873Z     [32m        \"one\",[39m
Admin UI E2E (chrome)	Run Playwright tests	2025-03-17T00:41:28.1176297Z     [32m        \"two\"[39m
Admin UI E2E (chrome)	Run Playwright tests	2025-03-17T00:41:28.1176706Z     [32m      ],[39m
Admin UI E2E (chrome)	Run Playwright tests	2025-03-17T00:41:28.1177145Z     [32m      \"icon_uri\": \"\"[39m
Admin UI E2E (chrome)	Run Playwright tests	2025-03-17T00:41:28.1177597Z     [32m    }[39m
Admin UI E2E (chrome)	Run Playwright tests	2025-03-17T00:41:28.1177968Z     [32m  ],[39m
Admin UI E2E (chrome)	Run Playwright tests	2025-03-17T00:41:28.1178377Z     [32m  \"policies\": [[39m
Admin UI E2E (chrome)	Run Playwright tests	2025-03-17T00:41:28.1178781Z     [32m    {[39m
Admin UI E2E (chrome)	Run Playwright tests	2025-03-17T00:41:28.1179241Z     [32m      \"name\": \"Regex policy\",[39m
Admin UI E2E (chrome)	Run Playwright tests	2025-03-17T00:41:28.1179885Z     [32m      \"description\": \"Policy for regex\",[39m
Admin UI E2E (chrome)	Run Playwright tests	2025-03-17T00:41:28.1180490Z     [32m      \"type\": \"regex\",[39m
Admin UI E2E (chrome)	Run Playwright tests	2025-03-17T00:41:28.1181050Z     [32m      \"logic\": \"POSITIVE\",[39m
Admin UI E2E (chrome)	Run Playwright tests	2025-03-17T00:41:28.1181818Z     [32m      \"decisionStrategy\": \"UNANIMOUS\",[39m
Admin UI E2E (chrome)	Run Playwright tests	2025-03-17T00:41:28.1182387Z     [32m      \"config\": {[39m
Admin UI E2E (chrome)	Run Playwright tests	2025-03-17T00:41:28.1182986Z     [32m        \"targetContextAttributes\": \"false\",[39m
Admin UI E2E (chrome)	Run Playwright tests	2025-03-17T00:41:28.1183603Z     [32m        \"pattern\": \".*?\",[39m
Admin UI E2E (chrome)	Run Playwright tests	2025-03-17T00:41:28.1184211Z     [32m        \"targetClaim\": \"I don't know\"[39m
Admin UI E2E (chrome)	Run Playwright tests	2025-03-17T00:41:28.1184723Z     [32m      }[39m
Admin UI E2E (chrome)	Run Playwright tests	2025-03-17T00:41:28.1185088Z     [32m    },[39m
Admin UI E2E (chrome)	Run Playwright tests	2025-03-17T00:41:28.1185443Z     [32m    {[39m
Admin UI E2E (chrome)	Run Playwright tests	2025-03-17T00:41:28.1185917Z     [32m      \"name\": \"Client policy\",[39m
Admin UI E2E (chrome)	Run Playwright tests	2025-03-17T00:41:28.1186571Z     [32m      \"description\": \"Extra client field\",[39m
Admin UI E2E (chrome)	Run Playwright tests	2025-03-17T00:41:28.1187211Z     [32m      \"type\": \"client\",[39m
Admin UI E2E (chrome)	Run Playwright tests	2025-03-17T00:41:28.1187757Z     [32m      \"logic\": \"POSITIVE\",[39m
Admin UI E2E (chrome)	Run Playwright tests	2025-03-17T00:41:28.1188586Z     [32m      \"decisionStrategy\": \"UNANIMOUS\",[39m
Admin UI E2E (chrome)	Run Playwright tests	2025-03-17T00:41:28.1189141Z     [32m      \"config\": {[39m
Admin UI E2E (chrome)	Run Playwright tests	2025-03-17T00:41:28.1189725Z     [32m        \"clients\": \"[\\\"master-realm\\\"]\"[39m
Admin UI E2E (chrome)	Run Playwright tests	2025-03-17T00:41:28.1190220Z     [32m      }[39m
Admin UI E2E (chrome)	Run Playwright tests	2025-03-17T00:41:28.1190577Z     [32m    },[39m
Admin UI E2E (chrome)	Run Playwright tests	2025-03-17T00:41:28.1190923Z     [32m    {[39m
Admin UI E2E (chrome)	Run Playwright tests	2025-03-17T00:41:28.1191392Z     [32m      \"name\": \"Permission name\",[39m
Admin UI E2E (chrome)	Run Playwright tests	2025-03-17T00:41:28.1192353Z     [32m      \"description\": \"Something describing this permission\",[39m
Admin UI E2E (chrome)	Run Playwright tests	2025-03-17T00:41:28.1193071Z     [32m      \"type\": \"resource\",[39m
Admin UI E2E (chrome)	Run Playwright tests	2025-03-17T00:41:28.1193623Z     [32m      \"logic\": \"POSITIVE\",[39m
Admin UI E2E (chrome)	Run Playwright tests	2025-03-17T00:41:28.1194228Z     [32m      \"decisionStrategy\": \"UNANIMOUS\",[39m
Admin UI E2E (chrome)	Run Playwright tests	2025-03-17T00:41:28.1194782Z     [32m      \"config\": {[39m
Admin UI E2E (chrome)	Run Playwright tests	2025-03-17T00:41:28.1195402Z     [32m        \"resources\": \"[\\\"Default Resource\\\"]\"[39m
Admin UI E2E (chrome)	Run Playwright tests	2025-03-17T00:41:28.1195926Z     [32m      }[39m
Admin UI E2E (chrome)	Run Playwright tests	2025-03-17T00:41:28.1196301Z     [32m    }[39m
Admin UI E2E (chrome)	Run Playwright tests	2025-03-17T00:41:28.1196660Z     [32m  ],[39m
Admin UI E2E (chrome)	Run Playwright tests	2025-03-17T00:41:28.1197038Z     [32m  \"scopes\": [[39m
Admin UI E2E (chrome)	Run Playwright tests	2025-03-17T00:41:28.1197436Z     [32m    {[39m
Admin UI E2E (chrome)	Run Playwright tests	2025-03-17T00:41:28.1197894Z     [32m      \"name\": \"The scope\",[39m
Admin UI E2E (chrome)	Run Playwright tests	2025-03-17T00:41:28.1198536Z     [32m      \"iconUri\": \"res://something\",[39m
Admin UI E2E (chrome)	Run Playwright tests	2025-03-17T00:41:28.1199208Z     [32m      \"displayName\": \"Display something\"[39m
Admin UI E2E (chrome)	Run Playwright tests	2025-03-17T00:41:28.1199718Z     [32m    }[39m
Admin UI E2E (chrome)	Run Playwright tests	2025-03-17T00:41:28.1200240Z     [32m  ],[39m
Admin UI E2E (chrome)	Run Playwright tests	2025-03-17T00:41:28.1200738Z     [32m  \"decisionStrategy\": \"UNANIMOUS\"[39m
Admin UI E2E (chrome)	Run Playwright tests	2025-03-17T00:41:28.1201230Z     [32m}"[39m
Admin UI E2E (chrome)	Run Playwright tests	2025-03-17T00:41:28.1201813Z     Received string: [31m""[39m
Admin UI E2E (chrome)	Run Playwright tests	2025-03-17T00:41:28.1202200Z     Call log:
Admin UI E2E (chrome)	Run Playwright tests	2025-03-17T00:41:28.1202718Z     [2m  - expect.toHaveText with timeout 5000ms[22m
Admin UI E2E (chrome)	Run Playwright tests	2025-03-17T00:41:28.1203574Z     [2m  - waiting for getByTestId('authorization-export-code-editor')[22m
Admin UI E2E (chrome)	Run Playwright tests	2025-03-17T00:41:28.1204067Z 
Admin UI E2E (chrome)	Run Playwright tests	2025-03-17T00:41:28.1204078Z 
Admin UI E2E (chrome)	Run Playwright tests	2025-03-17T00:41:28.1204290Z        at clients/authorization.ts:131
Admin UI E2E (chrome)	Run Playwright tests	2025-03-17T00:41:28.1204593Z 
Admin UI E2E (chrome)	Run Playwright tests	2025-03-17T00:41:28.1204828Z       129 |     navigator.clipboard.readText(),
Admin UI E2E (chrome)	Run Playwright tests	2025-03-17T00:41:28.1205277Z       130 |   );
Admin UI E2E (chrome)	Run Playwright tests	2025-03-17T00:41:28.1205926Z     > 131 |   expect(page.getByTestId("authorization-export-code-editor")).toHaveText(
Admin UI E2E (chrome)	Run Playwright tests	2025-03-17T00:41:28.1206697Z           |                                                                ^
Admin UI E2E (chrome)	Run Playwright tests	2025-03-17T00:41:28.1207249Z       132 |     await clipboardText.jsonValue(),
Admin UI E2E (chrome)	Run Playwright tests	2025-03-17T00:41:28.1207687Z       133 |   );
Admin UI E2E (chrome)	Run Playwright tests	2025-03-17T00:41:28.1207975Z       134 | }
Admin UI E2E (chrome)	Run Playwright tests	2025-03-17T00:41:28.1208955Z         at assertClipboardHasText (/home/runner/work/keycloak/keycloak/js/apps/admin-ui/test/clients/authorization.ts:131:64)
Admin UI E2E (chrome)	Run Playwright tests	2025-03-17T00:41:28.1210413Z         at /home/runner/work/keycloak/keycloak/js/apps/admin-ui/test/clients/authorization.spec.ts:163:5
Admin UI E2E (chrome)	Run Playwright tests	2025-03-17T00:41:28.1211095Z 
Admin UI E2E (chrome)	Run Playwright tests	2025-03-17T00:41:28.1212129Z   3) [chromium] â€º test/organization/main.spec.ts:81:5 â€º Organization CRUD â€º Existing organization â€º should delete from list 
Admin UI E2E (chrome)	Run Playwright tests	2025-03-17T00:41:28.1212879Z 
Admin UI E2E (chrome)	Run Playwright tests	2025-03-17T00:41:28.1213200Z     [31mTest timeout of 30000ms exceeded.[39m
Admin UI E2E (chrome)	Run Playwright tests	2025-03-17T00:41:28.1213522Z 
Admin UI E2E (chrome)	Run Playwright tests	2025-03-17T00:41:28.1213824Z     Error: locator.click: Test timeout of 30000ms exceeded.
Admin UI E2E (chrome)	Run Playwright tests	2025-03-17T00:41:28.1214313Z     Call log:
Admin UI E2E (chrome)	Run Playwright tests	2025-03-17T00:41:28.1215391Z     [2m  - waiting for getByRole('row', { name: 'org-edit-6194e77b-9420-42ac-93cf-ada1d96ff510' }).getByLabel('Kebab toggle')[22m
Admin UI E2E (chrome)	Run Playwright tests	2025-03-17T00:41:28.1216144Z 
Admin UI E2E (chrome)	Run Playwright tests	2025-03-17T00:41:28.1216166Z 
Admin UI E2E (chrome)	Run Playwright tests	2025-03-17T00:41:28.1216307Z        at utils/table.ts:33
Admin UI E2E (chrome)	Run Playwright tests	2025-03-17T00:41:28.1216549Z 
Admin UI E2E (chrome)	Run Playwright tests	2025-03-17T00:41:28.1216777Z       31 |     .getByRole("row", { name: itemName })
Admin UI E2E (chrome)	Run Playwright tests	2025-03-17T00:41:28.1217297Z       32 |     .getByLabel("Kebab toggle")
Admin UI E2E (chrome)	Run Playwright tests	2025-03-17T00:41:28.1217714Z     > 33 |     .click();
Admin UI E2E (chrome)	Run Playwright tests	2025-03-17T00:41:28.1218035Z          |      ^
Admin UI E2E (chrome)	Run Playwright tests	2025-03-17T00:41:28.1218550Z       34 |   await page.getByRole("menuitem", { name: action }).click();
Admin UI E2E (chrome)	Run Playwright tests	2025-03-17T00:41:28.1219075Z       35 | }
Admin UI E2E (chrome)	Run Playwright tests	2025-03-17T00:41:28.1219535Z       36 |
Admin UI E2E (chrome)	Run Playwright tests	2025-03-17T00:41:28.1220340Z         at clickRowKebabItem (/home/runner/work/keycloak/keycloak/js/apps/admin-ui/test/utils/table.ts:33:6)
Admin UI E2E (chrome)	Run Playwright tests	2025-03-17T00:41:28.1221759Z         at /home/runner/work/keycloak/keycloak/js/apps/admin-ui/test/organization/main.spec.ts:82:13
Admin UI E2E (chrome)	Run Playwright tests	2025-03-17T00:41:28.1222397Z 
Admin UI E2E (chrome)	Run Playwright tests	2025-03-17T00:41:28.1223344Z   4) [chromium] â€º test/organization/main.spec.ts:90:5 â€º Organization CRUD â€º Existing organization â€º should delete from details page 
Admin UI E2E (chrome)	Run Playwright tests	2025-03-17T00:41:28.1224295Z 
Admin UI E2E (chrome)	Run Playwright tests	2025-03-17T00:41:28.1224823Z     [31mTest timeout of 30000ms exceeded while running "beforeEach" hook.[39m
Admin UI E2E (chrome)	Run Playwright tests	2025-03-17T00:41:28.1225309Z 
Admin UI E2E (chrome)	Run Playwright tests	2025-03-17T00:41:28.1225427Z       64 |     });
Admin UI E2E (chrome)	Run Playwright tests	2025-03-17T00:41:28.1225719Z       65 |
Admin UI E2E (chrome)	Run Playwright tests	2025-03-17T00:41:28.1226111Z     > 66 |     test.beforeEach(async ({ page }) => {
Admin UI E2E (chrome)	Run Playwright tests	2025-03-17T00:41:28.1226549Z          |          ^
Admin UI E2E (chrome)	Run Playwright tests	2025-03-17T00:41:28.1226997Z       67 |       await page.getByTestId("refresh").click();
Admin UI E2E (chrome)	Run Playwright tests	2025-03-17T00:41:28.1227443Z       68 |     });
Admin UI E2E (chrome)	Run Playwright tests	2025-03-17T00:41:28.1227749Z       69 |
Admin UI E2E (chrome)	Run Playwright tests	2025-03-17T00:41:28.1228499Z         at /home/runner/work/keycloak/keycloak/js/apps/admin-ui/test/organization/main.spec.ts:66:10
Admin UI E2E (chrome)	Run Playwright tests	2025-03-17T00:41:28.1229171Z 
Admin UI E2E (chrome)	Run Playwright tests	2025-03-17T00:41:28.1229475Z     Error: locator.click: Test timeout of 30000ms exceeded.
Admin UI E2E (chrome)	Run Playwright tests	2025-03-17T00:41:28.1229977Z     Call log:
Admin UI E2E (chrome)	Run Playwright tests	2025-03-17T00:41:28.1230482Z     [2m  - waiting for getByTestId('refresh')[22m
Admin UI E2E (chrome)	Run Playwright tests	2025-03-17T00:41:28.1230821Z 
Admin UI E2E (chrome)	Run Playwright tests	2025-03-17T00:41:28.1230831Z 
Admin UI E2E (chrome)	Run Playwright tests	2025-03-17T00:41:28.1230947Z       65 |
Admin UI E2E (chrome)	Run Playwright tests	2025-03-17T00:41:28.1231351Z       66 |     test.beforeEach(async ({ page }) => {
Admin UI E2E (chrome)	Run Playwright tests	2025-03-17T00:41:28.1232093Z     > 67 |       await page.getByTestId("refresh").click();
Admin UI E2E (chrome)	Run Playwright tests	2025-03-17T00:41:28.1232629Z          |                                         ^
Admin UI E2E (chrome)	Run Playwright tests	2025-03-17T00:41:28.1233033Z       68 |     });
Admin UI E2E (chrome)	Run Playwright tests	2025-03-17T00:41:28.1233320Z       69 |
Admin UI E2E (chrome)	Run Playwright tests	2025-03-17T00:41:28.1233837Z       70 |     test("should modify existing organization", async ({ page }) => {
Admin UI E2E (chrome)	Run Playwright tests	2025-03-17T00:41:28.1234955Z         at /home/runner/work/keycloak/keycloak/js/apps/admin-ui/test/organization/main.spec.ts:67:41
Admin UI E2E (chrome)	Run Playwright tests	2025-03-17T00:41:28.1235626Z 
Admin UI E2E (chrome)	Run Playwright tests	2025-03-17T00:41:28.1237030Z   5) [chromium] â€º test/realm-settings/client-policies.spec.ts:86:5 â€º Realm settings client policies tab tests â€º Editing client policy â€º Should perform client profile search by profile name 
Admin UI E2E (chrome)	Run Playwright tests	2025-03-17T00:41:28.1238152Z 
Admin UI E2E (chrome)	Run Playwright tests	2025-03-17T00:41:28.1238840Z     Error: expect.toBeVisible: Error: strict mode violation: getByRole('row', { name: 'Test' }) resolved to 2 elements:
Admin UI E2E (chrome)	Run Playwright tests	2025-03-17T00:41:28.1241133Z         1) <tr data-ouia-safe="true" class="pf-v5-c-table__tr" data-ouia-component-type="PF5/TableRow" data-ouia-component-id="OUIA-Generated-TableRow-5">â€¦</tr> aka getByRole('row', { name: 'New New Test Description' })
Admin UI E2E (chrome)	Run Playwright tests	2025-03-17T00:41:28.1244106Z         2) <tr data-ouia-safe="true" class="pf-v5-c-table__tr" data-ouia-component-type="PF5/TableRow" data-ouia-component-id="OUIA-Generated-TableRow-6">â€¦</tr> aka getByRole('row', { name: 'Test Test Test Description' })
Admin UI E2E (chrome)	Run Playwright tests	2025-03-17T00:41:28.1245355Z 
Admin UI E2E (chrome)	Run Playwright tests	2025-03-17T00:41:28.1245483Z     Call log:
Admin UI E2E (chrome)	Run Playwright tests	2025-03-17T00:41:28.1246009Z     [2m  - expect.toBeVisible with timeout 5000ms[22m
Admin UI E2E (chrome)	Run Playwright tests	2025-03-17T00:41:28.1246730Z     [2m  - waiting for getByRole('row', { name: 'Test' })[22m
Admin UI E2E (chrome)	Run Playwright tests	2025-03-17T00:41:28.1247100Z 
Admin UI E2E (chrome)	Run Playwright tests	2025-03-17T00:41:28.1247110Z 
Admin UI E2E (chrome)	Run Playwright tests	2025-03-17T00:41:28.1247256Z        at utils/table.ts:43
Admin UI E2E (chrome)	Run Playwright tests	2025-03-17T00:41:28.1247492Z 
Admin UI E2E (chrome)	Run Playwright tests	2025-03-17T00:41:28.1247609Z       41 | ) {
Admin UI E2E (chrome)	Run Playwright tests	2025-03-17T00:41:28.1247909Z       42 |   if (exist) {
Admin UI E2E (chrome)	Run Playwright tests	2025-03-17T00:41:28.1248540Z     > 43 |     await expect(page.getByRole("row", { name: itemName })).toBeVisible();
Admin UI E2E (chrome)	Run Playwright tests	2025-03-17T00:41:28.1249306Z          |                                                             ^
Admin UI E2E (chrome)	Run Playwright tests	2025-03-17T00:41:28.1249746Z       44 |   } else {
Admin UI E2E (chrome)	Run Playwright tests	2025-03-17T00:41:28.1250396Z       45 |     await expect(page.getByRole("row", { name: itemName })).not.toBeVisible();
Admin UI E2E (chrome)	Run Playwright tests	2025-03-17T00:41:28.1251016Z       46 |   }
Admin UI E2E (chrome)	Run Playwright tests	2025-03-17T00:41:28.1251994Z         at assertRowExists (/home/runner/work/keycloak/keycloak/js/apps/admin-ui/test/utils/table.ts:43:61)
Admin UI E2E (chrome)	Run Playwright tests	2025-03-17T00:41:28.1253572Z         at /home/runner/work/keycloak/keycloak/js/apps/admin-ui/test/realm-settings/client-policies.spec.ts:92:13
Admin UI E2E (chrome)	Run Playwright tests	2025-03-17T00:41:28.1254324Z 
Admin UI E2E (chrome)	Run Playwright tests	2025-03-17T00:41:28.1255771Z   6) [chromium] â€º test/realm-settings/client-policies.spec.ts:118:5 â€º Realm settings client policies tab tests â€º Editing client policy â€º Should edit the client-roles condition of a client profile 
Admin UI E2E (chrome)	Run Playwright tests	2025-03-17T00:41:28.1256928Z 
Admin UI E2E (chrome)	Run Playwright tests	2025-03-17T00:41:28.1257668Z     Error: locator.click: Error: strict mode violation: getByTestId('client-roles-condition-link') resolved to 2 elements:
Admin UI E2E (chrome)	Run Playwright tests	2025-03-17T00:41:28.1261055Z         1) <a class="kc-condition-link" data-testid="client-roles-condition-link" href="http://localhost:8080/admin/master/console/#/realm-settings-client-policies_92fdcccb-1143-48e5-983a-7b508c7d479a/realm-settings/client-policies/Test/edit-policy/client-roles/edit-condition">client-roles</a> aka getByTestId('client-roles-condition-link').first()
Admin UI E2E (chrome)	Run Playwright tests	2025-03-17T00:41:28.1265889Z         2) <a class="kc-condition-link" data-testid="client-roles-condition-link" href="http://localhost:8080/admin/master/console/#/realm-settings-client-policies_92fdcccb-1143-48e5-983a-7b508c7d479a/realm-settings/client-policies/Test/edit-policy/client-roles/edit-condition">client-roles</a> aka getByTestId('client-roles-condition-link').nth(1)
Admin UI E2E (chrome)	Run Playwright tests	2025-03-17T00:41:28.1268076Z 
Admin UI E2E (chrome)	Run Playwright tests	2025-03-17T00:41:28.1268203Z     Call log:
Admin UI E2E (chrome)	Run Playwright tests	2025-03-17T00:41:28.1268869Z     [2m  - waiting for getByTestId('client-roles-condition-link')[22m
Admin UI E2E (chrome)	Run Playwright tests	2025-03-17T00:41:28.1269323Z 
Admin UI E2E (chrome)	Run Playwright tests	2025-03-17T00:41:28.1269333Z 
Admin UI E2E (chrome)	Run Playwright tests	2025-03-17T00:41:28.1269577Z        at realm-settings/client-policies.ts:95
Admin UI E2E (chrome)	Run Playwright tests	2025-03-17T00:41:28.1269910Z 
Admin UI E2E (chrome)	Run Playwright tests	2025-03-17T00:41:28.1270035Z       93 |
Admin UI E2E (chrome)	Run Playwright tests	2025-03-17T00:41:28.1270623Z       94 | export async function selectCondition(page: Page, condition: string) {
Admin UI E2E (chrome)	Run Playwright tests	2025-03-17T00:41:28.1271650Z     > 95 |   await page.getByTestId(`${condition}-condition-link`).click();
Admin UI E2E (chrome)	Run Playwright tests	2025-03-17T00:41:28.1272318Z          |                                                         ^
Admin UI E2E (chrome)	Run Playwright tests	2025-03-17T00:41:28.1272741Z       96 | }
Admin UI E2E (chrome)	Run Playwright tests	2025-03-17T00:41:28.1273020Z       97 |
Admin UI E2E (chrome)	Run Playwright tests	2025-03-17T00:41:28.1273526Z       98 | export async function assertRoles(page: Page, role: string) {
Admin UI E2E (chrome)	Run Playwright tests	2025-03-17T00:41:28.1274750Z         at selectCondition (/home/runner/work/keycloak/keycloak/js/apps/admin-ui/test/realm-settings/client-policies.ts:95:57)
Admin UI E2E (chrome)	Run Playwright tests	2025-03-17T00:41:28.1276254Z         at /home/runner/work/keycloak/keycloak/js/apps/admin-ui/test/realm-settings/client-policies.spec.ts:128:13
Admin UI E2E (chrome)	Run Playwright tests	2025-03-17T00:41:28.1277004Z 
Admin UI E2E (chrome)	Run Playwright tests	2025-03-17T00:41:28.1278452Z   7) [chromium] â€º test/realm-settings/client-policies.spec.ts:135:5 â€º Realm settings client policies tab tests â€º Editing client policy â€º Should cancel deleting condition from a client profile 
Admin UI E2E (chrome)	Run Playwright tests	2025-03-17T00:41:28.1279555Z 
Admin UI E2E (chrome)	Run Playwright tests	2025-03-17T00:41:28.1280289Z     Error: locator.click: Error: strict mode violation: getByTestId('delete-client-roles-condition') resolved to 2 elements:
Admin UI E2E (chrome)	Run Playwright tests	2025-03-17T00:41:28.1283098Z         1) <svg role="img" width="1em" height="1em" aria-hidden="true" fill="currentColor" viewBox="0 0 448 512" data-testid="delete-client-roles-condition" class="pf-v5-svg kc-conditionType-trash-icon">â€¦</svg> aka getByRole('button', { name: 'remove-condition' }).first()
Admin UI E2E (chrome)	Run Playwright tests	2025-03-17T00:41:28.1286486Z         2) <svg role="img" width="1em" height="1em" aria-hidden="true" fill="currentColor" viewBox="0 0 448 512" data-testid="delete-client-roles-condition" class="pf-v5-svg kc-conditionType-trash-icon">â€¦</svg> aka getByRole('button', { name: 'remove-condition' }).nth(1)
Admin UI E2E (chrome)	Run Playwright tests	2025-03-17T00:41:28.1287961Z 
Admin UI E2E (chrome)	Run Playwright tests	2025-03-17T00:41:28.1288092Z     Call log:
Admin UI E2E (chrome)	Run Playwright tests	2025-03-17T00:41:28.1288757Z     [2m  - waiting for getByTestId('delete-client-roles-condition')[22m
Admin UI E2E (chrome)	Run Playwright tests	2025-03-17T00:41:28.1289231Z 
Admin UI E2E (chrome)	Run Playwright tests	2025-03-17T00:41:28.1289241Z 
Admin UI E2E (chrome)	Run Playwright tests	2025-03-17T00:41:28.1289483Z        at realm-settings/client-policies.ts:128
Admin UI E2E (chrome)	Run Playwright tests	2025-03-17T00:41:28.1289824Z 
Admin UI E2E (chrome)	Run Playwright tests	2025-03-17T00:41:28.1289938Z       126 |
Admin UI E2E (chrome)	Run Playwright tests	2025-03-17T00:41:28.1290583Z       127 | export async function deleteClientRolesCondition(page: Page, name: string) {
Admin UI E2E (chrome)	Run Playwright tests	2025-03-17T00:41:28.1291842Z     > 128 |   await page.getByTestId(`delete-${name}-condition`).click();
Admin UI E2E (chrome)	Run Playwright tests	2025-03-17T00:41:28.1292508Z           |                                                      ^
Admin UI E2E (chrome)	Run Playwright tests	2025-03-17T00:41:28.1292924Z       129 | }
Admin UI E2E (chrome)	Run Playwright tests	2025-03-17T00:41:28.1293208Z       130 |
Admin UI E2E (chrome)	Run Playwright tests	2025-03-17T00:41:28.1293686Z       131 | export async function checkConditionsListContains(
Admin UI E2E (chrome)	Run Playwright tests	2025-03-17T00:41:28.1294997Z         at deleteClientRolesCondition (/home/runner/work/keycloak/keycloak/js/apps/admin-ui/test/realm-settings/client-policies.ts:128:54)
Admin UI E2E (chrome)	Run Playwright tests	2025-03-17T00:41:28.1296815Z         at /home/runner/work/keycloak/keycloak/js/apps/admin-ui/test/realm-settings/client-policies.spec.ts:143:13
Admin UI E2E (chrome)	Run Playwright tests	2025-03-17T00:41:28.1297570Z 
Admin UI E2E (chrome)	Run Playwright tests	2025-03-17T00:41:28.1298910Z   8) [chromium] â€º test/realm-settings/client-policies.spec.ts:166:5 â€º Realm settings client policies tab tests â€º Editing client policy â€º Should not create duplicate client profile 
Admin UI E2E (chrome)	Run Playwright tests	2025-03-17T00:41:28.1299969Z 
Admin UI E2E (chrome)	Run Playwright tests	2025-03-17T00:41:28.1300502Z     [31mTest timeout of 30000ms exceeded while running "beforeEach" hook.[39m
Admin UI E2E (chrome)	Run Playwright tests	2025-03-17T00:41:28.1301000Z 
Admin UI E2E (chrome)	Run Playwright tests	2025-03-17T00:41:28.1301124Z       79 |
Admin UI E2E (chrome)	Run Playwright tests	2025-03-17T00:41:28.1301849Z       80 |     test.afterAll(() => adminClient.deleteClientPolicy("Test", realmName));
Admin UI E2E (chrome)	Run Playwright tests	2025-03-17T00:41:28.1302583Z     > 81 |     test.beforeEach(async ({ page }) => {
Admin UI E2E (chrome)	Run Playwright tests	2025-03-17T00:41:28.1303028Z          |          ^
Admin UI E2E (chrome)	Run Playwright tests	2025-03-17T00:41:28.1303470Z       82 |       await goToClientPoliciesList(page);
Admin UI E2E (chrome)	Run Playwright tests	2025-03-17T00:41:28.1304045Z       83 |       await clickTableRowItem(page, "Test");
Admin UI E2E (chrome)	Run Playwright tests	2025-03-17T00:41:28.1304511Z       84 |     });
Admin UI E2E (chrome)	Run Playwright tests	2025-03-17T00:41:28.1305389Z         at /home/runner/work/keycloak/keycloak/js/apps/admin-ui/test/realm-settings/client-policies.spec.ts:81:10
Admin UI E2E (chrome)	Run Playwright tests	2025-03-17T00:41:28.1306138Z 
Admin UI E2E (chrome)	Run Playwright tests	2025-03-17T00:41:28.1306435Z     Error: locator.click: Test timeout of 30000ms exceeded.
Admin UI E2E (chrome)	Run Playwright tests	2025-03-17T00:41:28.1306926Z     Call log:
Admin UI E2E (chrome)	Run Playwright tests	2025-03-17T00:41:28.1307552Z     [2m  - waiting for getByRole('link', { name: 'Test' }).first()[22m
Admin UI E2E (chrome)	Run Playwright tests	2025-03-17T00:41:28.1307979Z 
Admin UI E2E (chrome)	Run Playwright tests	2025-03-17T00:41:28.1307998Z 
Admin UI E2E (chrome)	Run Playwright tests	2025-03-17T00:41:28.1308145Z        at utils/table.ts:18
Admin UI E2E (chrome)	Run Playwright tests	2025-03-17T00:41:28.1308382Z 
Admin UI E2E (chrome)	Run Playwright tests	2025-03-17T00:41:28.1308505Z       16 |
Admin UI E2E (chrome)	Run Playwright tests	2025-03-17T00:41:28.1309090Z       17 | export async function clickTableRowItem(page: Page, itemName: string) {
Admin UI E2E (chrome)	Run Playwright tests	2025-03-17T00:41:28.1309948Z     > 18 |   await page.getByRole("link", { name: itemName }).first().click();
Admin UI E2E (chrome)	Run Playwright tests	2025-03-17T00:41:28.1310610Z          |                                                            ^
Admin UI E2E (chrome)	Run Playwright tests	2025-03-17T00:41:28.1311077Z       19 | }
Admin UI E2E (chrome)	Run Playwright tests	2025-03-17T00:41:28.1311362Z       20 |
Admin UI E2E (chrome)	Run Playwright tests	2025-03-17T00:41:28.1312104Z       21 | export function getRowByCellText(page: Page, cellText: string): Locator {
Admin UI E2E (chrome)	Run Playwright tests	2025-03-17T00:41:28.1313277Z         at clickTableRowItem (/home/runner/work/keycloak/keycloak/js/apps/admin-ui/test/utils/table.ts:18:60)
Admin UI E2E (chrome)	Run Playwright tests	2025-03-17T00:41:28.1314704Z         at /home/runner/work/keycloak/keycloak/js/apps/admin-ui/test/realm-settings/client-policies.spec.ts:83:13
Admin UI E2E (chrome)	Run Playwright tests	2025-03-17T00:41:28.1315467Z 
Admin UI E2E (chrome)	Run Playwright tests	2025-03-17T00:41:28.1316808Z   9) [chromium] â€º test/realm-settings/userprofile.spec.ts:179:3 â€º User profile tabs â€º Checks that not required attribute with permissions to view/edit is present when user is created 
Admin UI E2E (chrome)	Run Playwright tests	2025-03-17T00:41:28.1317850Z 
Admin UI E2E (chrome)	Run Playwright tests	2025-03-17T00:41:28.1318162Z     [31mTest timeout of 30000ms exceeded.[39m
Admin UI E2E (chrome)	Run Playwright tests	2025-03-17T00:41:28.1318498Z 
Admin UI E2E (chrome)	Run Playwright tests	2025-03-17T00:41:28.1318801Z     Error: locator.fill: Test timeout of 30000ms exceeded.
Admin UI E2E (chrome)	Run Playwright tests	2025-03-17T00:41:28.1319299Z     Call log:
Admin UI E2E (chrome)	Run Playwright tests	2025-03-17T00:41:28.1319811Z     [2m  - waiting for getByTestId('username')[22m
Admin UI E2E (chrome)	Run Playwright tests	2025-03-17T00:41:28.1320170Z 
Admin UI E2E (chrome)	Run Playwright tests	2025-03-17T00:41:28.1320180Z 
Admin UI E2E (chrome)	Run Playwright tests	2025-03-17T00:41:28.1320584Z       195 |     await page.getByTestId("no-users-found-empty-action").click();
Admin UI E2E (chrome)	Run Playwright tests	2025-03-17T00:41:28.1321402Z       196 |     await expect(page.getByTestId(attrName)).toBeVisible();
Admin UI E2E (chrome)	Run Playwright tests	2025-03-17T00:41:28.1322271Z     > 197 |     await page.getByTestId("username").fill("testuser10");
Admin UI E2E (chrome)	Run Playwright tests	2025-03-17T00:41:28.1322872Z           |                                        ^
Admin UI E2E (chrome)	Run Playwright tests	2025-03-17T00:41:28.1323484Z       198 |     await page.getByTestId("user-creation-save").click();
Admin UI E2E (chrome)	Run Playwright tests	2025-03-17T00:41:28.1324494Z       199 |     await assertNotificationMessage(page, "The user has been created");
Admin UI E2E (chrome)	Run Playwright tests	2025-03-17T00:41:28.1325363Z       200 |     await expect(page.getByTestId(attrName)).toBeVisible();
Admin UI E2E (chrome)	Run Playwright tests	2025-03-17T00:41:28.1326449Z         at /home/runner/work/keycloak/keycloak/js/apps/admin-ui/test/realm-settings/userprofile.spec.ts:197:40
Admin UI E2E (chrome)	Run Playwright tests	2025-03-17T00:41:28.1327163Z 
Admin UI E2E (chrome)	Run Playwright tests	2025-03-17T00:41:28.1328354Z   10) [chromium] â€º test/user-federation/kerberos.spec.ts:180:5 â€º User Fed Kerberos tests â€º Edit Kerberos provider â€º Should edit existing Kerberos provider and cancel 
Admin UI E2E (chrome)	Run Playwright tests	2025-03-17T00:41:28.1329468Z 
Admin UI E2E (chrome)	Run Playwright tests	2025-03-17T00:41:28.1330410Z     Error: [31mTimed out 5000ms waiting for [39m[2mexpect([22m[31mlocator[39m[2m).[22mtoHaveText[2m([22m[32mexpected[39m[2m)[22m
Admin UI E2E (chrome)	Run Playwright tests	2025-03-17T00:41:28.1331152Z 
Admin UI E2E (chrome)	Run Playwright tests	2025-03-17T00:41:28.1331369Z     Locator: locator('#kc-cache-policy')
Admin UI E2E (chrome)	Run Playwright tests	2025-03-17T00:41:28.1332098Z     Expected string: [32m"DEFAULT"[39m
Admin UI E2E (chrome)	Run Playwright tests	2025-03-17T00:41:28.1332666Z     Received string: [31m"NO_CACHE"[39m
Admin UI E2E (chrome)	Run Playwright tests	2025-03-17T00:41:28.1333097Z     Call log:
Admin UI E2E (chrome)	Run Playwright tests	2025-03-17T00:41:28.1333605Z     [2m  - expect.toHaveText with timeout 5000ms[22m
Admin UI E2E (chrome)	Run Playwright tests	2025-03-17T00:41:28.1334336Z     [2m  - waiting for locator('#kc-cache-policy')[22m
Admin UI E2E (chrome)	Run Playwright tests	2025-03-17T00:41:28.1336899Z     [2m    9 Ã— locator resolved to <button type="button" id="kc-cache-policy" aria-expanded="false" data-ouia-safe="true" aria-label="Select cache policy" data-ouia-component-type="PF5/MenuToggle" class="pf-v5-c-menu-toggle pf-m-full-width" data-ouia-component-id="OUIA-Generated-MenuToggle-8">â€¦</button>[22m
Admin UI E2E (chrome)	Run Playwright tests	2025-03-17T00:41:28.1338927Z     [2m      - unexpected value "NO_CACHE"[22m
Admin UI E2E (chrome)	Run Playwright tests	2025-03-17T00:41:28.1339263Z 
Admin UI E2E (chrome)	Run Playwright tests	2025-03-17T00:41:28.1339273Z 
Admin UI E2E (chrome)	Run Playwright tests	2025-03-17T00:41:28.1339620Z       190 |       await clickUserFederationCard(page, firstKerberosName);
Admin UI E2E (chrome)	Run Playwright tests	2025-03-17T00:41:28.1340159Z       191 |
Admin UI E2E (chrome)	Run Playwright tests	2025-03-17T00:41:28.1340755Z     > 192 |       await expect(page.locator("#kc-cache-policy")).toHaveText(defaultPolicy);
Admin UI E2E (chrome)	Run Playwright tests	2025-03-17T00:41:28.1341471Z           |                                                      ^
Admin UI E2E (chrome)	Run Playwright tests	2025-03-17T00:41:28.1342056Z       193 |     });
Admin UI E2E (chrome)	Run Playwright tests	2025-03-17T00:41:28.1342350Z       194 |
Admin UI E2E (chrome)	Run Playwright tests	2025-03-17T00:41:28.1342927Z       195 |     test("Should disable an existing Kerberos provider", async ({ page }) => {
Admin UI E2E (chrome)	Run Playwright tests	2025-03-17T00:41:28.1344070Z         at /home/runner/work/keycloak/keycloak/js/apps/admin-ui/test/user-federation/kerberos.spec.ts:192:54
Admin UI E2E (chrome)	Run Playwright tests	2025-03-17T00:41:28.1344776Z 
Admin UI E2E (chrome)	Run Playwright tests	2025-03-17T00:41:28.1344893Z   1 failed
Admin UI E2E (chrome)	Run Playwright tests	2025-03-17T00:41:28.1345716Z     [chromium] â€º test/realm-roles/main.spec.ts:123:3 â€º Realm roles test â€º Add associated roles test 
Admin UI E2E (chrome)	Run Playwright tests	2025-03-17T00:41:28.1346419Z   9 flaky
Admin UI E2E (chrome)	Run Playwright tests	2025-03-17T00:41:28.1347373Z     [chromium] â€º test/clients/authorization.spec.ts:159:3 â€º Client authentication subtab â€º Should copy auth details 
Admin UI E2E (chrome)	Run Playwright tests	2025-03-17T00:41:28.1348896Z     [chromium] â€º test/organization/main.spec.ts:81:5 â€º Organization CRUD â€º Existing organization â€º should delete from list 
Admin UI E2E (chrome)	Run Playwright tests	2025-03-17T00:41:28.1350513Z     [chromium] â€º test/organization/main.spec.ts:90:5 â€º Organization CRUD â€º Existing organization â€º should delete from details page 
Admin UI E2E (chrome)	Run Playwright tests	2025-03-17T00:41:28.1352764Z     [chromium] â€º test/realm-settings/client-policies.spec.ts:86:5 â€º Realm settings client policies tab tests â€º Editing client policy â€º Should perform client profile search by profile name 
Admin UI E2E (chrome)	Run Playwright tests	2025-03-17T00:41:28.1355243Z     [chromium] â€º test/realm-settings/client-policies.spec.ts:118:5 â€º Realm settings client policies tab tests â€º Editing client policy â€º Should edit the client-roles condition of a client profile 
Admin UI E2E (chrome)	Run Playwright tests	2025-03-17T00:41:28.1357729Z     [chromium] â€º test/realm-settings/client-policies.spec.ts:135:5 â€º Realm settings client policies tab tests â€º Editing client policy â€º Should cancel deleting condition from a client profile 
Admin UI E2E (chrome)	Run Playwright tests	2025-03-17T00:41:28.1360076Z     [chromium] â€º test/realm-settings/client-policies.spec.ts:166:5 â€º Realm settings client policies tab tests â€º Editing client policy â€º Should not create duplicate client profile 
Admin UI E2E (chrome)	Run Playwright tests	2025-03-17T00:41:28.1362519Z     [chromium] â€º test/realm-settings/userprofile.spec.ts:179:3 â€º User profile tabs â€º Checks that not required attribute with permissions to view/edit is present when user is created 
Admin UI E2E (chrome)	Run Playwright tests	2025-03-17T00:41:28.1364934Z     [chromium] â€º test/user-federation/kerberos.spec.ts:180:5 â€º User Fed Kerberos tests â€º Edit Kerberos provider â€º Should edit existing Kerberos provider and cancel 
Admin UI E2E (chrome)	Run Playwright tests	2025-03-17T00:41:28.1365988Z   1 skipped
Admin UI E2E (chrome)	Run Playwright tests	2025-03-17T00:41:28.1366275Z   324 passed (14.5m)
Admin UI E2E (chrome)	Run Playwright tests	2025-03-17T00:41:28.1399284Z ##[error]  1) [chromium] â€º test/realm-roles/main.spec.ts:123:3 â€º Realm roles test â€º Add associated roles test 
Admin UI E2E (chrome)	Run Playwright tests	    Error: Row accountmanage-account not found: ,offline_access,False,role_offline-access,
Admin UI E2E (chrome)	Run Playwright tests	
Admin UI E2E (chrome)	Run Playwright tests	       at utils/table.ts:103
Admin UI E2E (chrome)	Run Playwright tests	
Admin UI E2E (chrome)	Run Playwright tests	      101 |     const rowIndex = rows.findIndex((r) => r.includes(row as string));
Admin UI E2E (chrome)	Run Playwright tests	      102 |     if (rowIndex === -1) {
Admin UI E2E (chrome)	Run Playwright tests	    > 103 |       throw new Error(`Row ${row} not found: ${rows}`);
Admin UI E2E (chrome)	Run Playwright tests	          |             ^
Admin UI E2E (chrome)	Run Playwright tests	      104 |     }
Admin UI E2E (chrome)	Run Playwright tests	      105 |     row = rowIndex;
Admin UI E2E (chrome)	Run Playwright tests	      106 |   }
Admin UI E2E (chrome)	Run Playwright tests	        at clickSelectRow (/home/runner/work/keycloak/keycloak/js/apps/admin-ui/test/utils/table.ts:103:13)
Admin UI E2E (chrome)	Run Playwright tests	        at pickRole (/home/runner/work/keycloak/keycloak/js/apps/admin-ui/test/utils/roles.ts:32:3)
Admin UI E2E (chrome)	Run Playwright tests	        at /home/runner/work/keycloak/keycloak/js/apps/admin-ui/test/realm-roles/main.spec.ts:143:5
Admin UI E2E (chrome)	Run Playwright tests	2025-03-17T00:41:28.1427802Z ##[error]  1) [chromium] â€º test/realm-roles/main.spec.ts:123:3 â€º Realm roles test â€º Add associated roles test 
Admin UI E2E (chrome)	Run Playwright tests	
Admin UI E2E (chrome)	Run Playwright tests	    Retry #1 â”€â”€â”€â”€â”€â”€â”€â”€â”€â”€â”€â”€â”€â”€â”€â”€â”€â”€â”€â”€â”€â”€â”€â”€â”€â”€â”€â”€â”€â”€â”€â”€â”€â”€â”€â”€â”€â”€â”€â”€â”€â”€â”€â”€â”€â”€â”€â”€â”€â”€â”€â”€â”€â”€â”€â”€â”€â”€â”€â”€â”€â”€â”€â”€â”€â”€â”€â”€â”€â”€â”€â”€â”€â”€â”€â”€â”€â”€â”€â”€â”€â”€â”€â”€â”€â”€â”€
Admin UI E2E (chrome)	Run Playwright tests	    Error: locator.waitFor: Error: strict mode violation: getByLabel('Associated roles', { exact: true }).locator('tbody') resolved to 2 elements:
Admin UI E2E (chrome)	Run Playwright tests	        1) <tbody role="rowgroup" class="pf-v5-c-table__tbody">â€¦</tbody> aka getByTestId('assigned-roles').locator('tbody')
Admin UI E2E (chrome)	Run Playwright tests	        2) <tbody role="rowgroup" class="pf-v5-c-table__tbody">â€¦</tbody> aka getByText('accountdelete-accountrole_delete-accountaccountmanage-accountrole_manage-')
Admin UI E2E (chrome)	Run Playwright tests	
Admin UI E2E (chrome)	Run Playwright tests	    Call log:
Admin UI E2E (chrome)	Run Playwright tests	      - waiting for getByLabel('Associated roles', { exact: true }).locator('tbody') to be visible
Admin UI E2E (chrome)	Run Playwright tests	
Admin UI E2E (chrome)	Run Playwright tests	
Admin UI E2E (chrome)	Run Playwright tests	       at utils/table.ts:71
Admin UI E2E (chrome)	Run Playwright tests	
Admin UI E2E (chrome)	Run Playwright tests	      69 | export async function getTableData(page: Page, name: string) {
Admin UI E2E (chrome)	Run Playwright tests	      70 |   const table = page.getByLabel(name, { exact: true });
Admin UI E2E (chrome)	Run Playwright tests	    > 71 |   await table.locator("tbody").waitFor();
Admin UI E2E (chrome)	Run Playwright tests	         |                                ^
Admin UI E2E (chrome)	Run Playwright tests	      72 |   const rows = await table.locator("tbody tr").elementHandles();
Admin UI E2E (chrome)	Run Playwright tests	      73 |
Admin UI E2E (chrome)	Run Playwright tests	      74 |   const tableData = await Promise.all(
Admin UI E2E (chrome)	Run Playwright tests	        at getTableData (/home/runner/work/keycloak/keycloak/js/apps/admin-ui/test/utils/table.ts:71:32)
Admin UI E2E (chrome)	Run Playwright tests	        at clickSelectRow (/home/runner/work/keycloak/keycloak/js/apps/admin-ui/test/utils/table.ts:100:24)
Admin UI E2E (chrome)	Run Playwright tests	        at pickRole (/home/runner/work/keycloak/keycloak/js/apps/admin-ui/test/utils/roles.ts:32:9)
Admin UI E2E (chrome)	Run Playwright tests	        at /home/runner/work/keycloak/keycloak/js/apps/admin-ui/test/realm-roles/main.spec.ts:143:11
Admin UI E2E (chrome)	Run Playwright tests	2025-03-17T00:41:28.1445009Z ##[error]  1) [chromium] â€º test/realm-roles/main.spec.ts:123:3 â€º Realm roles test â€º Add associated roles test 
Admin UI E2E (chrome)	Run Playwright tests	
Admin UI E2E (chrome)	Run Playwright tests	    Retry #2 â”€â”€â”€â”€â”€â”€â”€â”€â”€â”€â”€â”€â”€â”€â”€â”€â”€â”€â”€â”€â”€â”€â”€â”€â”€â”€â”€â”€â”€â”€â”€â”€â”€â”€â”€â”€â”€â”€â”€â”€â”€â”€â”€â”€â”€â”€â”€â”€â”€â”€â”€â”€â”€â”€â”€â”€â”€â”€â”€â”€â”€â”€â”€â”€â”€â”€â”€â”€â”€â”€â”€â”€â”€â”€â”€â”€â”€â”€â”€â”€â”€â”€â”€â”€â”€â”€â”€
Admin UI E2E (chrome)	Run Playwright tests	    Error: Row accountmanage-account not found: ,offline_access,False,role_offline-access,
Admin UI E2E (chrome)	Run Playwright tests	
Admin UI E2E (chrome)	Run Playwright tests	       at utils/table.ts:103
Admin UI E2E (chrome)	Run Playwright tests	
Admin UI E2E (chrome)	Run Playwright tests	      101 |     const rowIndex = rows.findIndex((r) => r.includes(row as string));
Admin UI E2E (chrome)	Run Playwright tests	      102 |     if (rowIndex === -1) {
Admin UI E2E (chrome)	Run Playwright tests	    > 103 |       throw new Error(`Row ${row} not found: ${rows}`);
Admin UI E2E (chrome)	Run Playwright tests	          |             ^
Admin UI E2E (chrome)	Run Playwright tests	      104 |     }
Admin UI E2E (chrome)	Run Playwright tests	      105 |     row = rowIndex;
Admin UI E2E (chrome)	Run Playwright tests	      106 |   }
Admin UI E2E (chrome)	Run Playwright tests	        at clickSelectRow (/home/runner/work/keycloak/keycloak/js/apps/admin-ui/test/utils/table.ts:103:13)
Admin UI E2E (chrome)	Run Playwright tests	        at pickRole (/home/runner/work/keycloak/keycloak/js/apps/admin-ui/test/utils/roles.ts:32:3)
Admin UI E2E (chrome)	Run Playwright tests	        at /home/runner/work/keycloak/keycloak/js/apps/admin-ui/test/realm-roles/main.spec.ts:143:5
Admin UI E2E (chrome)	Run Playwright tests	2025-03-17T00:41:28.1475392Z ##[error]  2) [chromium] â€º test/clients/authorization.spec.ts:159:3 â€º Client authentication subtab â€º Should copy auth details 
Admin UI E2E (chrome)	Run Playwright tests	    Error: expect(locator).toHaveText(expected)
Admin UI E2E (chrome)	Run Playwright tests	
Admin UI E2E (chrome)	Run Playwright tests	    Locator: getByTestId('authorization-export-code-editor')
Admin UI E2E (chrome)	Run Playwright tests	    Expected string: "{
Admin UI E2E (chrome)	Run Playwright tests	      \"allowRemoteResourceManagement\": true,
Admin UI E2E (chrome)	Run Playwright tests	      \"policyEnforcementMode\": \"DISABLED\",
Admin UI E2E (chrome)	Run Playwright tests	      \"resources\": [
Admin UI E2E (chrome)	Run Playwright tests	        {
Admin UI E2E (chrome)	Run Playwright tests	          \"name\": \"Default Resource\",
Admin UI E2E (chrome)	Run Playwright tests	          \"type\": \"urn:client-authentication-6b307168-7224-4de2-af98-9ccc1d2527a6:resources:default\",
Admin UI E2E (chrome)	Run Playwright tests	          \"ownerManagedAccess\": false,
Admin UI E2E (chrome)	Run Playwright tests	          \"displayName\": \"updated\",
Admin UI E2E (chrome)	Run Playwright tests	          \"attributes\": {},
Admin UI E2E (chrome)	Run Playwright tests	          \"uris\": [
Admin UI E2E (chrome)	Run Playwright tests	            \"/*\"
Admin UI E2E (chrome)	Run Playwright tests	          ],
Admin UI E2E (chrome)	Run Playwright tests	          \"icon_uri\": \"\"
Admin UI E2E (chrome)	Run Playwright tests	        },
Admin UI E2E (chrome)	Run Playwright tests	        {
Admin UI E2E (chrome)	Run Playwright tests	          \"name\": \"Resource\",
Admin UI E2E (chrome)	Run Playwright tests	          \"type\": \"type\",
Admin UI E2E (chrome)	Run Playwright tests	          \"ownerManagedAccess\": false,
Admin UI E2E (chrome)	Run Playwright tests	          \"displayName\": \"The display name\",
Admin UI E2E (chrome)	Run Playwright tests	          \"attributes\": {},
Admin UI E2E (chrome)	Run Playwright tests	          \"uris\": [
Admin UI E2E (chrome)	Run Playwright tests	            \"one\",
Admin UI E2E (chrome)	Run Playwright tests	            \"two\"
Admin UI E2E (chrome)	Run Playwright tests	          ],
Admin UI E2E (chrome)	Run Playwright tests	          \"icon_uri\": \"\"
Admin UI E2E (chrome)	Run Playwright tests	        }
Admin UI E2E (chrome)	Run Playwright tests	      ],
Admin UI E2E (chrome)	Run Playwright tests	      \"policies\": [
Admin UI E2E (chrome)	Run Playwright tests	        {
Admin UI E2E (chrome)	Run Playwright tests	          \"name\": \"Regex policy\",
Admin UI E2E (chrome)	Run Playwright tests	          \"description\": \"Policy for regex\",
Admin UI E2E (chrome)	Run Playwright tests	          \"type\": \"regex\",
Admin UI E2E (chrome)	Run Playwright tests	          \"logic\": \"POSITIVE\",
Admin UI E2E (chrome)	Run Playwright tests	          \"decisionStrategy\": \"UNANIMOUS\",
Admin UI E2E (chrome)	Run Playwright tests	          \"config\": {
Admin UI E2E (chrome)	Run Playwright tests	            \"targetContextAttributes\": \"false\",
Admin UI E2E (chrome)	Run Playwright tests	            \"pattern\": \".*?\",
Admin UI E2E (chrome)	Run Playwright tests	            \"targetClaim\": \"I don't know\"
Admin UI E2E (chrome)	Run Playwright tests	          }
Admin UI E2E (chrome)	Run Playwright tests	        },
Admin UI E2E (chrome)	Run Playwright tests	        {
Admin UI E2E (chrome)	Run Playwright tests	          \"name\": \"Client policy\",
Admin UI E2E (chrome)	Run Playwright tests	          \"description\": \"Extra client field\",
Admin UI E2E (chrome)	Run Playwright tests	          \"type\": \"client\",
Admin UI E2E (chrome)	Run Playwright tests	          \"logic\": \"POSITIVE\",
Admin UI E2E (chrome)	Run Playwright tests	          \"decisionStrategy\": \"UNANIMOUS\",
Admin UI E2E (chrome)	Run Playwright tests	          \"config\": {
Admin UI E2E (chrome)	Run Playwright tests	            \"clients\": \"[\\\"master-realm\\\"]\"
Admin UI E2E (chrome)	Run Playwright tests	          }
Admin UI E2E (chrome)	Run Playwright tests	        },
Admin UI E2E (chrome)	Run Playwright tests	        {
Admin UI E2E (chrome)	Run Playwright tests	          \"name\": \"Permission name\",
Admin UI E2E (chrome)	Run Playwright tests	          \"description\": \"Something describing this permission\",
Admin UI E2E (chrome)	Run Playwright tests	          \"type\": \"resource\",
Admin UI E2E (chrome)	Run Playwright tests	          \"logic\": \"POSITIVE\",
Admin UI E2E (chrome)	Run Playwright tests	          \"decisionStrategy\": \"UNANIMOUS\",
Admin UI E2E (chrome)	Run Playwright tests	          \"config\": {
Admin UI E2E (chrome)	Run Playwright tests	            \"resources\": \"[\\\"Default Resource\\\"]\"
Admin UI E2E (chrome)	Run Playwright tests	          }
Admin UI E2E (chrome)	Run Playwright tests	        }
Admin UI E2E (chrome)	Run Playwright tests	      ],
Admin UI E2E (chrome)	Run Playwright tests	      \"scopes\": [
Admin UI E2E (chrome)	Run Playwright tests	        {
Admin UI E2E (chrome)	Run Playwright tests	          \"name\": \"The scope\",
Admin UI E2E (chrome)	Run Playwright tests	          \"iconUri\": \"res://something\",
Admin UI E2E (chrome)	Run Playwright tests	          \"displayName\": \"Display something\"
Admin UI E2E (chrome)	Run Playwright tests	        }
Admin UI E2E (chrome)	Run Playwright tests	      ],
Admin UI E2E (chrome)	Run Playwright tests	      \"decisionStrategy\": \"UNANIMOUS\"
Admin UI E2E (chrome)	Run Playwright tests	    }"
Admin UI E2E (chrome)	Run Playwright tests	    Received string: ""
Admin UI E2E (chrome)	Run Playwright tests	    Call log:
Admin UI E2E (chrome)	Run Playwright tests	      - expect.toHaveText with timeout 5000ms
Admin UI E2E (chrome)	Run Playwright tests	      - waiting for getByTestId('authorization-export-code-editor')
Admin UI E2E (chrome)	Run Playwright tests	
Admin UI E2E (chrome)	Run Playwright tests	
Admin UI E2E (chrome)	Run Playwright tests	       at clients/authorization.ts:131
Admin UI E2E (chrome)	Run Playwright tests	
Admin UI E2E (chrome)	Run Playwright tests	      129 |     navigator.clipboard.readText(),
Admin UI E2E (chrome)	Run Playwright tests	      130 |   );
Admin UI E2E (chrome)	Run Playwright tests	    > 131 |   expect(page.getByTestId("authorization-export-code-editor")).toHaveText(
Admin UI E2E (chrome)	Run Playwright tests	          |                                                                ^
Admin UI E2E (chrome)	Run Playwright tests	      132 |     await clipboardText.jsonValue(),
Admin UI E2E (chrome)	Run Playwright tests	      133 |   );
Admin UI E2E (chrome)	Run Playwright tests	      134 | }
Admin UI E2E (chrome)	Run Playwright tests	        at assertClipboardHasText (/home/runner/work/keycloak/keycloak/js/apps/admin-ui/test/clients/authorization.ts:131:64)
Admin UI E2E (chrome)	Run Playwright tests	        at /home/runner/work/keycloak/keycloak/js/apps/admin-ui/test/clients/authorization.spec.ts:163:5
Admin UI E2E (chrome)	Run Playwright tests	2025-03-17T00:41:28.1489036Z ##[error]  3) [chromium] â€º test/organization/main.spec.ts:81:5 â€º Organization CRUD â€º Existing organization â€º should delete from list 
Admin UI E2E (chrome)	Run Playwright tests	    Test timeout of 30000ms exceeded.
Admin UI E2E (chrome)	Run Playwright tests	2025-03-17T00:41:28.1498601Z ##[error]  3) [chromium] â€º test/organization/main.spec.ts:81:5 â€º Organization CRUD â€º Existing organization â€º should delete from list 
Admin UI E2E (chrome)	Run Playwright tests	    Error: locator.click: Test timeout of 30000ms exceeded.
Admin UI E2E (chrome)	Run Playwright tests	    Call log:
Admin UI E2E (chrome)	Run Playwright tests	      - waiting for getByRole('row', { name: 'org-edit-6194e77b-9420-42ac-93cf-ada1d96ff510' }).getByLabel('Kebab toggle')
Admin UI E2E (chrome)	Run Playwright tests	
Admin UI E2E (chrome)	Run Playwright tests	
Admin UI E2E (chrome)	Run Playwright tests	       at utils/table.ts:33
Admin UI E2E (chrome)	Run Playwright tests	
Admin UI E2E (chrome)	Run Playwright tests	      31 |     .getByRole("row", { name: itemName })
Admin UI E2E (chrome)	Run Playwright tests	      32 |     .getByLabel("Kebab toggle")
Admin UI E2E (chrome)	Run Playwright tests	    > 33 |     .click();
Admin UI E2E (chrome)	Run Playwright tests	         |      ^
Admin UI E2E (chrome)	Run Playwright tests	      34 |   await page.getByRole("menuitem", { name: action }).click();
Admin UI E2E (chrome)	Run Playwright tests	      35 | }
Admin UI E2E (chrome)	Run Playwright tests	      36 |
Admin UI E2E (chrome)	Run Playwright tests	        at clickRowKebabItem (/home/runner/work/keycloak/keycloak/js/apps/admin-ui/test/utils/table.ts:33:6)
Admin UI E2E (chrome)	Run Playwright tests	        at /home/runner/work/keycloak/keycloak/js/apps/admin-ui/test/organization/main.spec.ts:82:13
Admin UI E2E (chrome)	Run Playwright tests	2025-03-17T00:41:28.1504442Z ##[error]  4) [chromium] â€º test/organization/main.spec.ts:90:5 â€º Organization CRUD â€º Existing organization â€º should delete from details page 
Admin UI E2E (chrome)	Run Playwright tests	    Test timeout of 30000ms exceeded while running "beforeEach" hook.
Admin UI E2E (chrome)	Run Playwright tests	
Admin UI E2E (chrome)	Run Playwright tests	      64 |     });
Admin UI E2E (chrome)	Run Playwright tests	      65 |
Admin UI E2E (chrome)	Run Playwright tests	    > 66 |     test.beforeEach(async ({ page }) => {
Admin UI E2E (chrome)	Run Playwright tests	         |          ^
Admin UI E2E (chrome)	Run Playwright tests	      67 |       await page.getByTestId("refresh").click();
Admin UI E2E (chrome)	Run Playwright tests	      68 |     });
Admin UI E2E (chrome)	Run Playwright tests	      69 |
Admin UI E2E (chrome)	Run Playwright tests	        at /home/runner/work/keycloak/keycloak/js/apps/admin-ui/test/organization/main.spec.ts:66:10
Admin UI E2E (chrome)	Run Playwright tests	2025-03-17T00:41:28.1510859Z ##[error]  4) [chromium] â€º test/organization/main.spec.ts:90:5 â€º Organization CRUD â€º Existing organization â€º should delete from details page 
Admin UI E2E (chrome)	Run Playwright tests	    Error: locator.click: Test timeout of 30000ms exceeded.
Admin UI E2E (chrome)	Run Playwright tests	    Call log:
Admin UI E2E (chrome)	Run Playwright tests	      - waiting for getByTestId('refresh')
Admin UI E2E (chrome)	Run Playwright tests	
Admin UI E2E (chrome)	Run Playwright tests	
Admin UI E2E (chrome)	Run Playwright tests	      65 |
Admin UI E2E (chrome)	Run Playwright tests	      66 |     test.beforeEach(async ({ page }) => {
Admin UI E2E (chrome)	Run Playwright tests	    > 67 |       await page.getByTestId("refresh").click();
Admin UI E2E (chrome)	Run Playwright tests	         |                                         ^
Admin UI E2E (chrome)	Run Playwright tests	      68 |     });
Admin UI E2E (chrome)	Run Playwright tests	      69 |
Admin UI E2E (chrome)	Run Playwright tests	      70 |     test("should modify existing organization", async ({ page }) => {
Admin UI E2E (chrome)	Run Playwright tests	        at /home/runner/work/keycloak/keycloak/js/apps/admin-ui/test/organization/main.spec.ts:67:41
Admin UI E2E (chrome)	Run Playwright tests	2025-03-17T00:41:28.1521121Z ##[error]  5) [chromium] â€º test/realm-settings/client-policies.spec.ts:86:5 â€º Realm settings client policies tab tests â€º Editing client policy â€º Should perform client profile search by profile name 
Admin UI E2E (chrome)	Run Playwright tests	    Error: expect.toBeVisible: Error: strict mode violation: getByRole('row', { name: 'Test' }) resolved to 2 elements:
Admin UI E2E (chrome)	Run Playwright tests	        1) <tr data-ouia-safe="true" class="pf-v5-c-table__tr" data-ouia-component-type="PF5/TableRow" data-ouia-component-id="OUIA-Generated-TableRow-5">â€¦</tr> aka getByRole('row', { name: 'New New Test Description' })
Admin UI E2E (chrome)	Run Playwright tests	        2) <tr data-ouia-safe="true" class="pf-v5-c-table__tr" data-ouia-component-type="PF5/TableRow" data-ouia-component-id="OUIA-Generated-TableRow-6">â€¦</tr> aka getByRole('row', { name: 'Test Test Test Description' })
Admin UI E2E (chrome)	Run Playwright tests	
Admin UI E2E (chrome)	Run Playwright tests	    Call log:
Admin UI E2E (chrome)	Run Playwright tests	      - expect.toBeVisible with timeout 5000ms
Admin UI E2E (chrome)	Run Playwright tests	      - waiting for getByRole('row', { name: 'Test' })
Admin UI E2E (chrome)	Run Playwright tests	
Admin UI E2E (chrome)	Run Playwright tests	
Admin UI E2E (chrome)	Run Playwright tests	       at utils/table.ts:43
Admin UI E2E (chrome)	Run Playwright tests	
Admin UI E2E (chrome)	Run Playwright tests	      41 | ) {
Admin UI E2E (chrome)	Run Playwright tests	      42 |   if (exist) {
Admin UI E2E (chrome)	Run Playwright tests	    > 43 |     await expect(page.getByRole("row", { name: itemName })).toBeVisible();
Admin UI E2E (chrome)	Run Playwright tests	         |                                                             ^
Admin UI E2E (chrome)	Run Playwright tests	      44 |   } else {
Admin UI E2E (chrome)	Run Playwright tests	      45 |     await expect(page.getByRole("row", { name: itemName })).not.toBeVisible();
Admin UI E2E (chrome)	Run Playwright tests	      46 |   }
Admin UI E2E (chrome)	Run Playwright tests	        at assertRowExists (/home/runner/work/keycloak/keycloak/js/apps/admin-ui/test/utils/table.ts:43:61)
Admin UI E2E (chrome)	Run Playwright tests	        at /home/runner/work/keycloak/keycloak/js/apps/admin-ui/test/realm-settings/client-policies.spec.ts:92:13
Admin UI E2E (chrome)	Run Playwright tests	2025-03-17T00:41:28.1540031Z ##[error]  6) [chromium] â€º test/realm-settings/client-policies.spec.ts:118:5 â€º Realm settings client policies tab tests â€º Editing client policy â€º Should edit the client-roles condition of a client profile 
Admin UI E2E (chrome)	Run Playwright tests	    Error: locator.click: Error: strict mode violation: getByTestId('client-roles-condition-link') resolved to 2 elements:
Admin UI E2E (chrome)	Run Playwright tests	        1) <a class="kc-condition-link" data-testid="client-roles-condition-link" href="http://localhost:8080/admin/master/console/#/realm-settings-client-policies_92fdcccb-1143-48e5-983a-7b508c7d479a/realm-settings/client-policies/Test/edit-policy/client-roles/edit-condition">client-roles</a> aka getByTestId('client-roles-condition-link').first()
Admin UI E2E (chrome)	Run Playwright tests	        2) <a class="kc-condition-link" data-testid="client-roles-condition-link" href="http://localhost:8080/admin/master/console/#/realm-settings-client-policies_92fdcccb-1143-48e5-983a-7b508c7d479a/realm-settings/client-policies/Test/edit-policy/client-roles/edit-condition">client-roles</a> aka getByTestId('client-roles-condition-link').nth(1)
Admin UI E2E (chrome)	Run Playwright tests	
Admin UI E2E (chrome)	Run Playwright tests	    Call log:
Admin UI E2E (chrome)	Run Playwright tests	      - waiting for getByTestId('client-roles-condition-link')
Admin UI E2E (chrome)	Run Playwright tests	
Admin UI E2E (chrome)	Run Playwright tests	
Admin UI E2E (chrome)	Run Playwright tests	       at realm-settings/client-policies.ts:95
Admin UI E2E (chrome)	Run Playwright tests	
Admin UI E2E (chrome)	Run Playwright tests	      93 |
Admin UI E2E (chrome)	Run Playwright tests	      94 | export async function selectCondition(page: Page, condition: string) {
Admin UI E2E (chrome)	Run Playwright tests	    > 95 |   await page.getByTestId(`${condition}-condition-link`).click();
Admin UI E2E (chrome)	Run Playwright tests	         |                                                         ^
Admin UI E2E (chrome)	Run Playwright tests	      96 | }
Admin UI E2E (chrome)	Run Playwright tests	      97 |
Admin UI E2E (chrome)	Run Playwright tests	      98 | export async function assertRoles(page: Page, role: string) {
Admin UI E2E (chrome)	Run Playwright tests	        at selectCondition (/home/runner/work/keycloak/keycloak/js/apps/admin-ui/test/realm-settings/client-policies.ts:95:57)
Admin UI E2E (chrome)	Run Playwright tests	        at /home/runner/work/keycloak/keycloak/js/apps/admin-ui/test/realm-settings/client-policies.spec.ts:128:13
Admin UI E2E (chrome)	Run Playwright tests	2025-03-17T00:41:28.1568328Z ##[error]  7) [chromium] â€º test/realm-settings/client-policies.spec.ts:135:5 â€º Realm settings client policies tab tests â€º Editing client policy â€º Should cancel deleting condition from a client profile 
Admin UI E2E (chrome)	Run Playwright tests	    Error: locator.click: Error: strict mode violation: getByTestId('delete-client-roles-condition') resolved to 2 elements:
Admin UI E2E (chrome)	Run Playwright tests	        1) <svg role="img" width="1em" height="1em" aria-hidden="true" fill="currentColor" viewBox="0 0 448 512" data-testid="delete-client-roles-condition" class="pf-v5-svg kc-conditionType-trash-icon">â€¦</svg> aka getByRole('button', { name: 'remove-condition' }).first()
Admin UI E2E (chrome)	Run Playwright tests	        2) <svg role="img" width="1em" height="1em" aria-hidden="true" fill="currentColor" viewBox="0 0 448 512" data-testid="delete-client-roles-condition" class="pf-v5-svg kc-conditionType-trash-icon">â€¦</svg> aka getByRole('button', { name: 'remove-condition' }).nth(1)
Admin UI E2E (chrome)	Run Playwright tests	
Admin UI E2E (chrome)	Run Playwright tests	    Call log:
Admin UI E2E (chrome)	Run Playwright tests	      - waiting for getByTestId('delete-client-roles-condition')
Admin UI E2E (chrome)	Run Playwright tests	
Admin UI E2E (chrome)	Run Playwright tests	
Admin UI E2E (chrome)	Run Playwright tests	       at realm-settings/client-policies.ts:128
Admin UI E2E (chrome)	Run Playwright tests	
Admin UI E2E (chrome)	Run Playwright tests	      126 |
Admin UI E2E (chrome)	Run Playwright tests	      127 | export async function deleteClientRolesCondition(page: Page, name: string) {
Admin UI E2E (chrome)	Run Playwright tests	    > 128 |   await page.getByTestId(`delete-${name}-condition`).click();
Admin UI E2E (chrome)	Run Playwright tests	          |                                                      ^
Admin UI E2E (chrome)	Run Playwright tests	      129 | }
Admin UI E2E (chrome)	Run Playwright tests	      130 |
Admin UI E2E (chrome)	Run Playwright tests	      131 | export async function checkConditionsListContains(
Admin UI E2E (chrome)	Run Playwright tests	        at deleteClientRolesCondition (/home/runner/work/keycloak/keycloak/js/apps/admin-ui/test/realm-settings/client-policies.ts:128:54)
Admin UI E2E (chrome)	Run Playwright tests	        at /home/runner/work/keycloak/keycloak/js/apps/admin-ui/test/realm-settings/client-policies.spec.ts:143:13
Admin UI E2E (chrome)	Run Playwright tests	2025-03-17T00:41:28.1585413Z ##[error]  8) [chromium] â€º test/realm-settings/client-policies.spec.ts:166:5 â€º Realm settings client policies tab tests â€º Editing client policy â€º Should not create duplicate client profile 
Admin UI E2E (chrome)	Run Playwright tests	    Test timeout of 30000ms exceeded while running "beforeEach" hook.
Admin UI E2E (chrome)	Run Playwright tests	
Admin UI E2E (chrome)	Run Playwright tests	      79 |
Admin UI E2E (chrome)	Run Playwright tests	      80 |     test.afterAll(() => adminClient.deleteClientPolicy("Test", realmName));
Admin UI E2E (chrome)	Run Playwright tests	    > 81 |     test.beforeEach(async ({ page }) => {
Admin UI E2E (chrome)	Run Playwright tests	         |          ^
Admin UI E2E (chrome)	Run Playwright tests	      82 |       await goToClientPoliciesList(page);
Admin UI E2E (chrome)	Run Playwright tests	      83 |       await clickTableRowItem(page, "Test");
Admin UI E2E (chrome)	Run Playwright tests	      84 |     });
Admin UI E2E (chrome)	Run Playwright tests	        at /home/runner/work/keycloak/keycloak/js/apps/admin-ui/test/realm-settings/client-policies.spec.ts:81:10
Admin UI E2E (chrome)	Run Playwright tests	2025-03-17T00:41:28.1599298Z ##[error]  8) [chromium] â€º test/realm-settings/client-policies.spec.ts:166:5 â€º Realm settings client policies tab tests â€º Editing client policy â€º Should not create duplicate client profile 
Admin UI E2E (chrome)	Run Playwright tests	    Error: locator.click: Test timeout of 30000ms exceeded.
Admin UI E2E (chrome)	Run Playwright tests	    Call log:
Admin UI E2E (chrome)	Run Playwright tests	      - waiting for getByRole('link', { name: 'Test' }).first()
Admin UI E2E (chrome)	Run Playwright tests	
Admin UI E2E (chrome)	Run Playwright tests	
Admin UI E2E (chrome)	Run Playwright tests	       at utils/table.ts:18
Admin UI E2E (chrome)	Run Playwright tests	
Admin UI E2E (chrome)	Run Playwright tests	      16 |
Admin UI E2E (chrome)	Run Playwright tests	      17 | export async function clickTableRowItem(page: Page, itemName: string) {
Admin UI E2E (chrome)	Run Playwright tests	    > 18 |   await page.getByRole("link", { name: itemName }).first().click();
Admin UI E2E (chrome)	Run Playwright tests	         |                                                            ^
Admin UI E2E (chrome)	Run Playwright tests	      19 | }
Admin UI E2E (chrome)	Run Playwright tests	      20 |
Admin UI E2E (chrome)	Run Playwright tests	      21 | export function getRowByCellText(page: Page, cellText: string): Locator {
Admin UI E2E (chrome)	Run Playwright tests	        at clickTableRowItem (/home/runner/work/keycloak/keycloak/js/apps/admin-ui/test/utils/table.ts:18:60)
Admin UI E2E (chrome)	Run Playwright tests	        at /home/runner/work/keycloak/keycloak/js/apps/admin-ui/test/realm-settings/client-policies.spec.ts:83:13
Admin UI E2E (chrome)	Run Playwright tests	2025-03-17T00:41:28.1607870Z ##[error]  9) [chromium] â€º test/realm-settings/userprofile.spec.ts:179:3 â€º User profile tabs â€º Checks that not required attribute with permissions to view/edit is present when user is created 
Admin UI E2E (chrome)	Run Playwright tests	    Test timeout of 30000ms exceeded.
Admin UI E2E (chrome)	Run Playwright tests	2025-03-17T00:41:28.1619648Z ##[error]  9) [chromium] â€º test/realm-settings/userprofile.spec.ts:179:3 â€º User profile tabs â€º Checks that not required attribute with permissions to view/edit is present when user is created 
Admin UI E2E (chrome)	Run Playwright tests	    Error: locator.fill: Test timeout of 30000ms exceeded.
Admin UI E2E (chrome)	Run Playwright tests	    Call log:
Admin UI E2E (chrome)	Run Playwright tests	      - waiting for getByTestId('username')
Admin UI E2E (chrome)	Run Playwright tests	
Admin UI E2E (chrome)	Run Playwright tests	
Admin UI E2E (chrome)	Run Playwright tests	      195 |     await page.getByTestId("no-users-found-empty-action").click();
Admin UI E2E (chrome)	Run Playwright tests	      196 |     await expect(page.getByTestId(attrName)).toBeVisible();
Admin UI E2E (chrome)	Run Playwright tests	    > 197 |     await page.getByTestId("username").fill("testuser10");
Admin UI E2E (chrome)	Run Playwright tests	          |                                        ^
Admin UI E2E (chrome)	Run Playwright tests	      198 |     await page.getByTestId("user-creation-save").click();
Admin UI E2E (chrome)	Run Playwright tests	      199 |     await assertNotificationMessage(page, "The user has been created");
Admin UI E2E (chrome)	Run Playwright tests	      200 |     await expect(page.getByTestId(attrName)).toBeVisible();
Admin UI E2E (chrome)	Run Playwright tests	        at /home/runner/work/keycloak/keycloak/js/apps/admin-ui/test/realm-settings/userprofile.spec.ts:197:40
Admin UI E2E (chrome)	Run Playwright tests	2025-03-17T00:41:28.1637519Z ##[error]  10) [chromium] â€º test/user-federation/kerberos.spec.ts:180:5 â€º User Fed Kerberos tests â€º Edit Kerberos provider â€º Should edit existing Kerberos provider and cancel 
Admin UI E2E (chrome)	Run Playwright tests	    Error: Timed out 5000ms waiting for expect(locator).toHaveText(expected)
Admin UI E2E (chrome)	Run Playwright tests	
Admin UI E2E (chrome)	Run Playwright tests	    Locator: locator('#kc-cache-policy')
Admin UI E2E (chrome)	Run Playwright tests	    Expected string: "DEFAULT"
Admin UI E2E (chrome)	Run Playwright tests	    Received string: "NO_CACHE"
Admin UI E2E (chrome)	Run Playwright tests	    Call log:
Admin UI E2E (chrome)	Run Playwright tests	      - expect.toHaveText with timeout 5000ms
Admin UI E2E (chrome)	Run Playwright tests	      - waiting for locator('#kc-cache-policy')
Admin UI E2E (chrome)	Run Playwright tests	        9 Ã— locator resolved to <button type="button" id="kc-cache-policy" aria-expanded="false" data-ouia-safe="true" aria-label="Select cache policy" data-ouia-component-type="PF5/MenuToggle" class="pf-v5-c-menu-toggle pf-m-full-width" data-ouia-component-id="OUIA-Generated-MenuToggle-8">â€¦</button>
Admin UI E2E (chrome)	Run Playwright tests	          - unexpected value "NO_CACHE"
Admin UI E2E (chrome)	Run Playwright tests	
Admin UI E2E (chrome)	Run Playwright tests	
Admin UI E2E (chrome)	Run Playwright tests	      190 |       await clickUserFederationCard(page, firstKerberosName);
Admin UI E2E (chrome)	Run Playwright tests	      191 |
Admin UI E2E (chrome)	Run Playwright tests	    > 192 |       await expect(page.locator("#kc-cache-policy")).toHaveText(defaultPolicy);
Admin UI E2E (chrome)	Run Playwright tests	          |                                                      ^
Admin UI E2E (chrome)	Run Playwright tests	      193 |     });
Admin UI E2E (chrome)	Run Playwright tests	      194 |
Admin UI E2E (chrome)	Run Playwright tests	      195 |     test("Should disable an existing Kerberos provider", async ({ page }) => {
Admin UI E2E (chrome)	Run Playwright tests	        at /home/runner/work/keycloak/keycloak/js/apps/admin-ui/test/user-federation/kerberos.spec.ts:192:54
Admin UI E2E (chrome)	Run Playwright tests	2025-03-17T00:41:28.1655054Z ##[notice]  1 failed
Admin UI E2E (chrome)	Run Playwright tests	    [chromium] â€º test/realm-roles/main.spec.ts:123:3 â€º Realm roles test â€º Add associated roles test 
Admin UI E2E (chrome)	Run Playwright tests	  9 flaky
Admin UI E2E (chrome)	Run Playwright tests	    [chromium] â€º test/clients/authorization.spec.ts:159:3 â€º Client authentication subtab â€º Should copy auth details 
Admin UI E2E (chrome)	Run Playwright tests	    [chromium] â€º test/organization/main.spec.ts:81:5 â€º Organization CRUD â€º Existing organization â€º should delete from list 
Admin UI E2E (chrome)	Run Playwright tests	    [chromium] â€º test/organization/main.spec.ts:90:5 â€º Organization CRUD â€º Existing organization â€º should delete from details page 
Admin UI E2E (chrome)	Run Playwright tests	    [chromium] â€º test/realm-settings/client-policies.spec.ts:86:5 â€º Realm settings client policies tab tests â€º Editing client policy â€º Should perform client profile search by profile name 
Admin UI E2E (chrome)	Run Playwright tests	    [chromium] â€º test/realm-settings/client-policies.spec.ts:118:5 â€º Realm settings client policies tab tests â€º Editing client policy â€º Should edit the client-roles condition of a client profile 
Admin UI E2E (chrome)	Run Playwright tests	    [chromium] â€º test/realm-settings/client-policies.spec.ts:135:5 â€º Realm settings client policies tab tests â€º Editing client policy â€º Should cancel deleting condition from a client profile 
Admin UI E2E (chrome)	Run Playwright tests	    [chromium] â€º test/realm-settings/client-policies.spec.ts:166:5 â€º Realm settings client policies tab tests â€º Editing client policy â€º Should not create duplicate client profile 
Admin UI E2E (chrome)	Run Playwright tests	    [chromium] â€º test/realm-settings/userprofile.spec.ts:179:3 â€º User profile tabs â€º Checks that not required attribute with permissions to view/edit is present when user is created 
Admin UI E2E (chrome)	Run Playwright tests	    [chromium] â€º test/user-federation/kerberos.spec.ts:180:5 â€º User Fed Kerberos tests â€º Edit Kerberos provider â€º Should edit existing Kerberos provider and cancel 
Admin UI E2E (chrome)	Run Playwright tests	  1 skipped
Admin UI E2E (chrome)	Run Playwright tests	  324 passed (14.5m)
Admin UI E2E (chrome)	Run Playwright tests	2025-03-17T00:41:28.4171416Z /home/runner/work/keycloak/keycloak/js/apps/admin-ui:
Admin UI E2E (chrome)	Run Playwright tests	2025-03-17T00:41:28.4174279Z â€‰ERR_PNPM_RECURSIVE_RUN_FIRST_FAILâ€‰ @keycloak/keycloak-admin-ui@999.0.0-SNAPSHOT test:integration: `playwright test`
Admin UI E2E (chrome)	Run Playwright tests	2025-03-17T00:41:28.4174887Z Exit status 1
Admin UI E2E (chrome)	Run Playwright tests	2025-03-17T00:41:28.4537840Z ##[error]Process completed with exit code 1.
Admin UI E2E (chrome)	Upload Playwright report	2025-03-17T00:41:28.4592384Z ##[group]Run actions/upload-artifact@v4
Admin UI E2E (chrome)	Upload Playwright report	2025-03-17T00:41:28.4592691Z with:
Admin UI E2E (chrome)	Upload Playwright report	2025-03-17T00:41:28.4592888Z   name: admin-ui-playwright-report
Admin UI E2E (chrome)	Upload Playwright report	2025-03-17T00:41:28.4593364Z   path: js/apps/admin-ui/playwright-report
Admin UI E2E (chrome)	Upload Playwright report	2025-03-17T00:41:28.4593626Z   retention-days: 30
Admin UI E2E (chrome)	Upload Playwright report	2025-03-17T00:41:28.4593830Z   if-no-files-found: warn
Admin UI E2E (chrome)	Upload Playwright report	2025-03-17T00:41:28.4594041Z   compression-level: 6
Admin UI E2E (chrome)	Upload Playwright report	2025-03-17T00:41:28.4594226Z   overwrite: false
Admin UI E2E (chrome)	Upload Playwright report	2025-03-17T00:41:28.4594421Z   include-hidden-files: false
Admin UI E2E (chrome)	Upload Playwright report	2025-03-17T00:41:28.4594625Z env:
Admin UI E2E (chrome)	Upload Playwright report	2025-03-17T00:41:28.4594889Z   MAVEN_ARGS: -B -nsu -Daether.connector.http.connectionMaxTtl=25
Admin UI E2E (chrome)	Upload Playwright report	2025-03-17T00:41:28.4595209Z   RETRY_COUNT: 3
Admin UI E2E (chrome)	Upload Playwright report	2025-03-17T00:41:28.4595399Z   WORKSPACE: keycloak-admin-ui
Admin UI E2E (chrome)	Upload Playwright report	2025-03-17T00:41:28.4595727Z   JAVA_HOME: /opt/hostedtoolcache/Java_Temurin-Hotspot_jdk/21.0.6-7/x64
Admin UI E2E (chrome)	Upload Playwright report	2025-03-17T00:41:28.4596164Z   JAVA_HOME_21_X64: /opt/hostedtoolcache/Java_Temurin-Hotspot_jdk/21.0.6-7/x64
Admin UI E2E (chrome)	Upload Playwright report	2025-03-17T00:41:28.4596503Z ##[endgroup]
Admin UI E2E (chrome)	Upload Playwright report	2025-03-17T00:41:28.6775422Z With the provided path, there will be 26 files uploaded
Admin UI E2E (chrome)	Upload Playwright report	2025-03-17T00:41:28.6779803Z Artifact name is valid!
Admin UI E2E (chrome)	Upload Playwright report	2025-03-17T00:41:28.6781031Z Root directory input is valid!
Admin UI E2E (chrome)	Upload Playwright report	2025-03-17T00:41:28.7523222Z ##[error]Failed to CreateArtifact: Received non-retryable error: Failed request: (409) Conflict: an artifact with this name already exists on the workflow run
Status Check - Keycloak JavaScript CI	Run /./.github/actions/status-check	2025-03-17T00:41:43.8238857Z Prepare all required actions
Status Check - Keycloak JavaScript CI	Run /./.github/actions/status-check	2025-03-17T00:41:43.8304487Z ##[group]Run ./.github/actions/status-check
Status Check - Keycloak JavaScript CI	Run /./.github/actions/status-check	2025-03-17T00:41:43.8304803Z with:
Status Check - Keycloak JavaScript CI	Run /./.github/actions/status-check	2025-03-17T00:41:43.8305922Z   jobs: {
Status Check - Keycloak JavaScript CI	Run /./.github/actions/status-check	  "conditional": {
Status Check - Keycloak JavaScript CI	Run /./.github/actions/status-check	    "result": "success",
Status Check - Keycloak JavaScript CI	Run /./.github/actions/status-check	    "outputs": {
Status Check - Keycloak JavaScript CI	Run /./.github/actions/status-check	      "js-ci": "true"
Status Check - Keycloak JavaScript CI	Run /./.github/actions/status-check	    }
Status Check - Keycloak JavaScript CI	Run /./.github/actions/status-check	  },
Status Check - Keycloak JavaScript CI	Run /./.github/actions/status-check	  "build-keycloak": {
Status Check - Keycloak JavaScript CI	Run /./.github/actions/status-check	    "result": "success",
Status Check - Keycloak JavaScript CI	Run /./.github/actions/status-check	    "outputs": {}
Status Check - Keycloak JavaScript CI	Run /./.github/actions/status-check	  },
Status Check - Keycloak JavaScript CI	Run /./.github/actions/status-check	  "admin-client": {
Status Check - Keycloak JavaScript CI	Run /./.github/actions/status-check	    "result": "success",
Status Check - Keycloak JavaScript CI	Run /./.github/actions/status-check	    "outputs": {}
Status Check - Keycloak JavaScript CI	Run /./.github/actions/status-check	  },
Status Check - Keycloak JavaScript CI	Run /./.github/actions/status-check	  "ui-shared": {
Status Check - Keycloak JavaScript CI	Run /./.github/actions/status-check	    "result": "success",
Status Check - Keycloak JavaScript CI	Run /./.github/actions/status-check	    "outputs": {}
Status Check - Keycloak JavaScript CI	Run /./.github/actions/status-check	  },
Status Check - Keycloak JavaScript CI	Run /./.github/actions/status-check	  "account-ui": {
Status Check - Keycloak JavaScript CI	Run /./.github/actions/status-check	    "result": "success",
Status Check - Keycloak JavaScript CI	Run /./.github/actions/status-check	    "outputs": {}
Status Check - Keycloak JavaScript CI	Run /./.github/actions/status-check	  },
Status Check - Keycloak JavaScript CI	Run /./.github/actions/status-check	  "account-ui-e2e": {
Status Check - Keycloak JavaScript CI	Run /./.github/actions/status-check	    "result": "success",
Status Check - Keycloak JavaScript CI	Run /./.github/actions/status-check	    "outputs": {}
Status Check - Keycloak JavaScript CI	Run /./.github/actions/status-check	  },
Status Check - Keycloak JavaScript CI	Run /./.github/actions/status-check	  "admin-ui": {
Status Check - Keycloak JavaScript CI	Run /./.github/actions/status-check	    "result": "success",
Status Check - Keycloak JavaScript CI	Run /./.github/actions/status-check	    "outputs": {}
Status Check - Keycloak JavaScript CI	Run /./.github/actions/status-check	  },
Status Check - Keycloak JavaScript CI	Run /./.github/actions/status-check	  "admin-ui-e2e": {
Status Check - Keycloak JavaScript CI	Run /./.github/actions/status-check	    "result": "failure",
Status Check - Keycloak JavaScript CI	Run /./.github/actions/status-check	    "outputs": {}
Status Check - Keycloak JavaScript CI	Run /./.github/actions/status-check	  }
Status Check - Keycloak JavaScript CI	Run /./.github/actions/status-check	}
Status Check - Keycloak JavaScript CI	Run /./.github/actions/status-check	2025-03-17T00:41:43.8307447Z env:
Status Check - Keycloak JavaScript CI	Run /./.github/actions/status-check	2025-03-17T00:41:43.8307726Z   MAVEN_ARGS: -B -nsu -Daether.connector.http.connectionMaxTtl=25
Status Check - Keycloak JavaScript CI	Run /./.github/actions/status-check	2025-03-17T00:41:43.8308055Z   RETRY_COUNT: 3
Status Check - Keycloak JavaScript CI	Run /./.github/actions/status-check	2025-03-17T00:41:43.8308251Z ##[endgroup]
Status Check - Keycloak JavaScript CI	Run /./.github/actions/status-check	2025-03-17T00:41:43.8403954Z ##[group]Run JOBS='{
Status Check - Keycloak JavaScript CI	Run /./.github/actions/status-check	2025-03-17T00:41:43.8404341Z [36;1mJOBS='{[0m
Status Check - Keycloak JavaScript CI	Run /./.github/actions/status-check	2025-03-17T00:41:43.8404557Z [36;1m  "conditional": {[0m
Status Check - Keycloak JavaScript CI	Run /./.github/actions/status-check	2025-03-17T00:41:43.8404813Z [36;1m    "result": "success",[0m
Status Check - Keycloak JavaScript CI	Run /./.github/actions/status-check	2025-03-17T00:41:43.8405071Z [36;1m    "outputs": {[0m
Status Check - Keycloak JavaScript CI	Run /./.github/actions/status-check	2025-03-17T00:41:43.8405294Z [36;1m      "js-ci": "true"[0m
Status Check - Keycloak JavaScript CI	Run /./.github/actions/status-check	2025-03-17T00:41:43.8405512Z [36;1m    }[0m
Status Check - Keycloak JavaScript CI	Run /./.github/actions/status-check	2025-03-17T00:41:43.8405708Z [36;1m  },[0m
Status Check - Keycloak JavaScript CI	Run /./.github/actions/status-check	2025-03-17T00:41:43.8405928Z [36;1m  "build-keycloak": {[0m
Status Check - Keycloak JavaScript CI	Run /./.github/actions/status-check	2025-03-17T00:41:43.8406157Z [36;1m    "result": "success",[0m
Status Check - Keycloak JavaScript CI	Run /./.github/actions/status-check	2025-03-17T00:41:43.8406401Z [36;1m    "outputs": {}[0m
Status Check - Keycloak JavaScript CI	Run /./.github/actions/status-check	2025-03-17T00:41:43.8406613Z [36;1m  },[0m
Status Check - Keycloak JavaScript CI	Run /./.github/actions/status-check	2025-03-17T00:41:43.8406802Z [36;1m  "admin-client": {[0m
Status Check - Keycloak JavaScript CI	Run /./.github/actions/status-check	2025-03-17T00:41:43.8407023Z [36;1m    "result": "success",[0m
Status Check - Keycloak JavaScript CI	Run /./.github/actions/status-check	2025-03-17T00:41:43.8407255Z [36;1m    "outputs": {}[0m
Status Check - Keycloak JavaScript CI	Run /./.github/actions/status-check	2025-03-17T00:41:43.8407465Z [36;1m  },[0m
Status Check - Keycloak JavaScript CI	Run /./.github/actions/status-check	2025-03-17T00:41:43.8407646Z [36;1m  "ui-shared": {[0m
Status Check - Keycloak JavaScript CI	Run /./.github/actions/status-check	2025-03-17T00:41:43.8407860Z [36;1m    "result": "success",[0m
Status Check - Keycloak JavaScript CI	Run /./.github/actions/status-check	2025-03-17T00:41:43.8408088Z [36;1m    "outputs": {}[0m
Status Check - Keycloak JavaScript CI	Run /./.github/actions/status-check	2025-03-17T00:41:43.8408293Z [36;1m  },[0m
Status Check - Keycloak JavaScript CI	Run /./.github/actions/status-check	2025-03-17T00:41:43.8408473Z [36;1m  "account-ui": {[0m
Status Check - Keycloak JavaScript CI	Run /./.github/actions/status-check	2025-03-17T00:41:43.8408686Z [36;1m    "result": "success",[0m
Status Check - Keycloak JavaScript CI	Run /./.github/actions/status-check	2025-03-17T00:41:43.8408910Z [36;1m    "outputs": {}[0m
Status Check - Keycloak JavaScript CI	Run /./.github/actions/status-check	2025-03-17T00:41:43.8409113Z [36;1m  },[0m
Status Check - Keycloak JavaScript CI	Run /./.github/actions/status-check	2025-03-17T00:41:43.8409291Z [36;1m  "account-ui-e2e": {[0m
Status Check - Keycloak JavaScript CI	Run /./.github/actions/status-check	2025-03-17T00:41:43.8409534Z [36;1m    "result": "success",[0m
Status Check - Keycloak JavaScript CI	Run /./.github/actions/status-check	2025-03-17T00:41:43.8409771Z [36;1m    "outputs": {}[0m
Status Check - Keycloak JavaScript CI	Run /./.github/actions/status-check	2025-03-17T00:41:43.8409984Z [36;1m  },[0m
Status Check - Keycloak JavaScript CI	Run /./.github/actions/status-check	2025-03-17T00:41:43.8410173Z [36;1m  "admin-ui": {[0m
Status Check - Keycloak JavaScript CI	Run /./.github/actions/status-check	2025-03-17T00:41:43.8410382Z [36;1m    "result": "success",[0m
Status Check - Keycloak JavaScript CI	Run /./.github/actions/status-check	2025-03-17T00:41:43.8410609Z [36;1m    "outputs": {}[0m
Status Check - Keycloak JavaScript CI	Run /./.github/actions/status-check	2025-03-17T00:41:43.8410817Z [36;1m  },[0m
Status Check - Keycloak JavaScript CI	Run /./.github/actions/status-check	2025-03-17T00:41:43.8411011Z [36;1m  "admin-ui-e2e": {[0m
Status Check - Keycloak JavaScript CI	Run /./.github/actions/status-check	2025-03-17T00:41:43.8411377Z [36;1m    "result": "failure",[0m
Status Check - Keycloak JavaScript CI	Run /./.github/actions/status-check	2025-03-17T00:41:43.8411614Z [36;1m    "outputs": {}[0m
Status Check - Keycloak JavaScript CI	Run /./.github/actions/status-check	2025-03-17T00:41:43.8411820Z [36;1m  }[0m
Status Check - Keycloak JavaScript CI	Run /./.github/actions/status-check	2025-03-17T00:41:43.8411991Z [36;1m}'[0m
Status Check - Keycloak JavaScript CI	Run /./.github/actions/status-check	2025-03-17T00:41:43.8412166Z [36;1m[0m
Status Check - Keycloak JavaScript CI	Run /./.github/actions/status-check	2025-03-17T00:41:43.8412358Z [36;1mecho "Job status:"[0m
Status Check - Keycloak JavaScript CI	Run /./.github/actions/status-check	2025-03-17T00:41:43.8412689Z [36;1mecho $JOBS | jq -r 'to_entries[] | " - \(.key): \(.value.result)"'[0m
Status Check - Keycloak JavaScript CI	Run /./.github/actions/status-check	2025-03-17T00:41:43.8413017Z [36;1m[0m
Status Check - Keycloak JavaScript CI	Run /./.github/actions/status-check	2025-03-17T00:41:43.8413270Z [36;1mfor i in $(echo $JOBS | jq -r 'to_entries[] | .value.result'); do[0m
Status Check - Keycloak JavaScript CI	Run /./.github/actions/status-check	2025-03-17T00:41:43.8413657Z [36;1m  if [ "$i" != "success" ] && [ "$i" != "skipped" ]; then[0m
Status Check - Keycloak JavaScript CI	Run /./.github/actions/status-check	2025-03-17T00:41:43.8413939Z [36;1m    echo ""[0m
Status Check - Keycloak JavaScript CI	Run /./.github/actions/status-check	2025-03-17T00:41:43.8414203Z [36;1m    echo "Status check not okay!"[0m
Status Check - Keycloak JavaScript CI	Run /./.github/actions/status-check	2025-03-17T00:41:43.8414446Z [36;1m    exit 1[0m
Status Check - Keycloak JavaScript CI	Run /./.github/actions/status-check	2025-03-17T00:41:43.8414632Z [36;1m  fi[0m
Status Check - Keycloak JavaScript CI	Run /./.github/actions/status-check	2025-03-17T00:41:43.8414805Z [36;1mdone[0m
Status Check - Keycloak JavaScript CI	Run /./.github/actions/status-check	2025-03-17T00:41:43.8467272Z shell: /usr/bin/bash --noprofile --norc -e -o pipefail {0}
Status Check - Keycloak JavaScript CI	Run /./.github/actions/status-check	2025-03-17T00:41:43.8467655Z env:
Status Check - Keycloak JavaScript CI	Run /./.github/actions/status-check	2025-03-17T00:41:43.8467940Z   MAVEN_ARGS: -B -nsu -Daether.connector.http.connectionMaxTtl=25
Status Check - Keycloak JavaScript CI	Run /./.github/actions/status-check	2025-03-17T00:41:43.8468277Z   RETRY_COUNT: 3
Status Check - Keycloak JavaScript CI	Run /./.github/actions/status-check	2025-03-17T00:41:43.8468487Z ##[endgroup]
Status Check - Keycloak JavaScript CI	Run /./.github/actions/status-check	2025-03-17T00:41:43.8556586Z Job status:
Status Check - Keycloak JavaScript CI	Run /./.github/actions/status-check	2025-03-17T00:41:43.8603816Z  - conditional: success
Status Check - Keycloak JavaScript CI	Run /./.github/actions/status-check	2025-03-17T00:41:43.8604259Z  - build-keycloak: success
Status Check - Keycloak JavaScript CI	Run /./.github/actions/status-check	2025-03-17T00:41:43.8604626Z  - admin-client: success
Status Check - Keycloak JavaScript CI	Run /./.github/actions/status-check	2025-03-17T00:41:43.8604872Z  - ui-shared: success
Status Check - Keycloak JavaScript CI	Run /./.github/actions/status-check	2025-03-17T00:41:43.8605086Z  - account-ui: success
Status Check - Keycloak JavaScript CI	Run /./.github/actions/status-check	2025-03-17T00:41:43.8605316Z  - account-ui-e2e: success
Status Check - Keycloak JavaScript CI	Run /./.github/actions/status-check	2025-03-17T00:41:43.8605542Z  - admin-ui: success
Status Check - Keycloak JavaScript CI	Run /./.github/actions/status-check	2025-03-17T00:41:43.8605754Z  - admin-ui-e2e: failure
Status Check - Keycloak JavaScript CI	Run /./.github/actions/status-check	2025-03-17T00:41:43.8639180Z 
Status Check - Keycloak JavaScript CI	Run /./.github/actions/status-check	2025-03-17T00:41:43.8639402Z Status check not okay!
Status Check - Keycloak JavaScript CI	Run /./.github/actions/status-check	2025-03-17T00:41:43.8653248Z ##[error]Process completed with exit code 1.
