Build	Build Keycloak	2023-03-05T05:03:49.1144951Z Prepare all required actions
Build	Build Keycloak	2023-03-05T05:03:49.1145300Z Getting action download info
Build	Build Keycloak	2023-03-05T05:03:49.2972791Z Download action repository 'actions/setup-java@v3' (SHA:3f07048e3d294f56e9b90ac5ea2c6f74e9ad0f98)
Build	Build Keycloak	2023-03-05T05:03:49.8897970Z Download action repository 'actions/upload-artifact@v3' (SHA:0b7f8abb1508181956e8e162db84b466c27e18ce)
Build	Build Keycloak	2023-03-05T05:03:50.4121907Z ##[group]Run ./.github/actions/build-keycloak
Build	Build Keycloak	2023-03-05T05:03:50.4122247Z with:
Build	Build Keycloak	2023-03-05T05:03:50.4122476Z   upload-m2-repo: true
Build	Build Keycloak	2023-03-05T05:03:50.4122765Z   upload-dist: false
Build	Build Keycloak	2023-03-05T05:03:50.4123106Z   jdk-dist: temurin
Build	Build Keycloak	2023-03-05T05:03:50.4123335Z   jdk-version: 17
Build	Build Keycloak	2023-03-05T05:03:50.4123593Z env:
Build	Build Keycloak	2023-03-05T05:03:50.4123856Z   DEFAULT_JDK_VERSION: 17
Build	Build Keycloak	2023-03-05T05:03:50.4124103Z   DEFAULT_JDK_DIST: temurin
Build	Build Keycloak	2023-03-05T05:03:50.4124448Z   SUREFIRE_RERUN_FAILING_COUNT: 2
Build	Build Keycloak	2023-03-05T05:03:50.4124737Z ##[endgroup]
Build	Build Keycloak	2023-03-05T05:03:50.4508035Z ##[group]Run actions/setup-java@v3
Build	Build Keycloak	2023-03-05T05:03:50.4508256Z with:
Build	Build Keycloak	2023-03-05T05:03:50.4508495Z   distribution: temurin
Build	Build Keycloak	2023-03-05T05:03:50.4508703Z   java-version: 17
Build	Build Keycloak	2023-03-05T05:03:50.4508916Z   java-package: jdk
Build	Build Keycloak	2023-03-05T05:03:50.4509131Z   check-latest: false
Build	Build Keycloak	2023-03-05T05:03:50.4509327Z   server-id: github
Build	Build Keycloak	2023-03-05T05:03:50.4509548Z   server-username: GITHUB_ACTOR
Build	Build Keycloak	2023-03-05T05:03:50.4509809Z   server-password: GITHUB_TOKEN
Build	Build Keycloak	2023-03-05T05:03:50.4510098Z   overwrite-settings: true
Build	Build Keycloak	2023-03-05T05:03:50.4510321Z   job-status: success
Build	Build Keycloak	2023-03-05T05:03:50.4510866Z   token: ***
Build	Build Keycloak	2023-03-05T05:03:50.4511038Z env:
Build	Build Keycloak	2023-03-05T05:03:50.4511230Z   DEFAULT_JDK_VERSION: 17
Build	Build Keycloak	2023-03-05T05:03:50.4511456Z   DEFAULT_JDK_DIST: temurin
Build	Build Keycloak	2023-03-05T05:03:50.4511677Z   SUREFIRE_RERUN_FAILING_COUNT: 2
Build	Build Keycloak	2023-03-05T05:03:50.4511897Z ##[endgroup]
Build	Build Keycloak	2023-03-05T05:03:50.6599446Z ##[group]Installed distributions
Build	Build Keycloak	2023-03-05T05:03:50.6660015Z Resolved Java 17.0.6+10 from tool-cache
Build	Build Keycloak	2023-03-05T05:03:50.6660667Z Setting Java 17.0.6+10 as the default
Build	Build Keycloak	2023-03-05T05:03:50.6684528Z Creating toolchains.xml for JDK version 17 from temurin
Build	Build Keycloak	2023-03-05T05:03:50.6787409Z Writing to /home/runner/.m2/toolchains.xml
Build	Build Keycloak	2023-03-05T05:03:50.6788745Z 
Build	Build Keycloak	2023-03-05T05:03:50.6789067Z Java configuration:
Build	Build Keycloak	2023-03-05T05:03:50.6791240Z   Distribution: temurin
Build	Build Keycloak	2023-03-05T05:03:50.6791653Z   Version: 17.0.6+10
Build	Build Keycloak	2023-03-05T05:03:50.6792256Z   Path: /opt/hostedtoolcache/Java_Temurin-Hotspot_jdk/17.0.6-10/x64
Build	Build Keycloak	2023-03-05T05:03:50.6903892Z 
Build	Build Keycloak	2023-03-05T05:03:50.6909796Z ##[endgroup]
Build	Build Keycloak	2023-03-05T05:03:50.6936990Z Creating settings.xml with server-id: github
Build	Build Keycloak	2023-03-05T05:03:50.6937300Z Writing to /home/runner/.m2/settings.xml
Build	Build Keycloak	2023-03-05T05:03:50.6999633Z Prepare all required actions
Build	Build Keycloak	2023-03-05T05:03:50.7000037Z Getting action download info
Build	Build Keycloak	2023-03-05T05:03:50.8442145Z Download action repository 'actions/cache@v3' (SHA:69d9d449aced6a2ede0bc19182fadc3a0a42d2b0)
Build	Build Keycloak	2023-03-05T05:03:51.6247024Z ##[group]Run ./.github/actions/maven-cache
Build	Build Keycloak	2023-03-05T05:03:51.6247272Z env:
Build	Build Keycloak	2023-03-05T05:03:51.6247471Z   DEFAULT_JDK_VERSION: 17
Build	Build Keycloak	2023-03-05T05:03:51.6247681Z   DEFAULT_JDK_DIST: temurin
Build	Build Keycloak	2023-03-05T05:03:51.6247925Z   SUREFIRE_RERUN_FAILING_COUNT: 2
Build	Build Keycloak	2023-03-05T05:03:51.6248348Z   JAVA_HOME: /opt/hostedtoolcache/Java_Temurin-Hotspot_jdk/17.0.6-10/x64
Build	Build Keycloak	2023-03-05T05:03:51.6248704Z   JAVA_HOME_17_X64: /opt/hostedtoolcache/Java_Temurin-Hotspot_jdk/17.0.6-10/x64
Build	Build Keycloak	2023-03-05T05:03:51.6248988Z ##[endgroup]
Build	Build Keycloak	2023-03-05T05:03:51.6303585Z ##[group]Run echo "key=mvn-`date -u "+%Y-%U"`" >> $GITHUB_OUTPUT
Build	Build Keycloak	2023-03-05T05:03:51.6303981Z [36;1mecho "key=mvn-`date -u "+%Y-%U"`" >> $GITHUB_OUTPUT[0m
Build	Build Keycloak	2023-03-05T05:03:51.6364519Z shell: /usr/bin/bash --noprofile --norc -e -o pipefail {0}
Build	Build Keycloak	2023-03-05T05:03:51.6364808Z env:
Build	Build Keycloak	2023-03-05T05:03:51.6365016Z   DEFAULT_JDK_VERSION: 17
Build	Build Keycloak	2023-03-05T05:03:51.6365232Z   DEFAULT_JDK_DIST: temurin
Build	Build Keycloak	2023-03-05T05:03:51.6365476Z   SUREFIRE_RERUN_FAILING_COUNT: 2
Build	Build Keycloak	2023-03-05T05:03:51.6365788Z   JAVA_HOME: /opt/hostedtoolcache/Java_Temurin-Hotspot_jdk/17.0.6-10/x64
Build	Build Keycloak	2023-03-05T05:03:51.6366148Z   JAVA_HOME_17_X64: /opt/hostedtoolcache/Java_Temurin-Hotspot_jdk/17.0.6-10/x64
Build	Build Keycloak	2023-03-05T05:03:51.6366663Z ##[endgroup]
Build	Build Keycloak	2023-03-05T05:03:51.6576503Z ##[group]Run actions/cache@v3
Build	Build Keycloak	2023-03-05T05:03:51.6576740Z with:
Build	Build Keycloak	2023-03-05T05:03:51.6576936Z   path: ~/.m2/repository
Build	Build Keycloak	2023-03-05T05:03:51.6577133Z   key: mvn-2023-10
Build	Build Keycloak	2023-03-05T05:03:51.6577362Z   enableCrossOsArchive: false
Build	Build Keycloak	2023-03-05T05:03:51.6577610Z   fail-on-cache-miss: false
Build	Build Keycloak	2023-03-05T05:03:51.6577806Z env:
Build	Build Keycloak	2023-03-05T05:03:51.6578003Z   DEFAULT_JDK_VERSION: 17
Build	Build Keycloak	2023-03-05T05:03:51.6578226Z   DEFAULT_JDK_DIST: temurin
Build	Build Keycloak	2023-03-05T05:03:51.6578456Z   SUREFIRE_RERUN_FAILING_COUNT: 2
Build	Build Keycloak	2023-03-05T05:03:51.6578747Z   JAVA_HOME: /opt/hostedtoolcache/Java_Temurin-Hotspot_jdk/17.0.6-10/x64
Build	Build Keycloak	2023-03-05T05:03:51.6579116Z   JAVA_HOME_17_X64: /opt/hostedtoolcache/Java_Temurin-Hotspot_jdk/17.0.6-10/x64
Build	Build Keycloak	2023-03-05T05:03:51.6579399Z ##[endgroup]
Build	Build Keycloak	2023-03-05T05:03:53.1704054Z Received 46137344 of 584690421 (7.9%), 44.0 MBs/sec
Build	Build Keycloak	2023-03-05T05:03:54.1735415Z Received 180355072 of 584690421 (30.8%), 85.8 MBs/sec
Build	Build Keycloak	2023-03-05T05:03:55.1743674Z Received 310378496 of 584690421 (53.1%), 98.5 MBs/sec
Build	Build Keycloak	2023-03-05T05:03:56.1751230Z Received 427819008 of 584690421 (73.2%), 101.9 MBs/sec
Build	Build Keycloak	2023-03-05T05:03:57.1745086Z Received 524288000 of 584690421 (89.7%), 99.9 MBs/sec
Build	Build Keycloak	2023-03-05T05:03:58.2346313Z Received 584690421 of 584690421 (100.0%), 91.9 MBs/sec
Build	Build Keycloak	2023-03-05T05:03:58.2356753Z Cache Size: ~558 MB (584690421 B)
Build	Build Keycloak	2023-03-05T05:03:58.2628727Z [command]/usr/bin/tar -xf /home/runner/work/_temp/775a9b8e-3b9f-49d8-97f5-8e8c21176067/cache.tzst -P -C /home/runner/work/keycloak/keycloak --use-compress-program unzstd
Build	Build Keycloak	2023-03-05T05:04:00.8430237Z Cache restored successfully
Build	Build Keycloak	2023-03-05T05:04:01.2369585Z Cache restored from key: mvn-2023-10
Build	Build Keycloak	2023-03-05T05:04:01.2534568Z ##[group]Run if ( stat ~/.m2/repository/org/keycloak &>/dev/null ); then
Build	Build Keycloak	2023-03-05T05:04:01.2534955Z [36;1mif ( stat ~/.m2/repository/org/keycloak &>/dev/null ); then[0m
Build	Build Keycloak	2023-03-05T05:04:01.2535299Z [36;1m  echo "Found org/keycloak artifacts in Maven repository cache"[0m
Build	Build Keycloak	2023-03-05T05:04:01.2535613Z [36;1m  ls ~/.m2/repository/org/keycloak[0m
Build	Build Keycloak	2023-03-05T05:04:01.2535857Z [36;1m  exit 1[0m
Build	Build Keycloak	2023-03-05T05:04:01.2536054Z [36;1mfi[0m
Build	Build Keycloak	2023-03-05T05:04:01.2587643Z shell: /usr/bin/bash --noprofile --norc -e -o pipefail {0}
Build	Build Keycloak	2023-03-05T05:04:01.2587920Z env:
Build	Build Keycloak	2023-03-05T05:04:01.2588116Z   DEFAULT_JDK_VERSION: 17
Build	Build Keycloak	2023-03-05T05:04:01.2588352Z   DEFAULT_JDK_DIST: temurin
Build	Build Keycloak	2023-03-05T05:04:01.2588594Z   SUREFIRE_RERUN_FAILING_COUNT: 2
Build	Build Keycloak	2023-03-05T05:04:01.2588913Z   JAVA_HOME: /opt/hostedtoolcache/Java_Temurin-Hotspot_jdk/17.0.6-10/x64
Build	Build Keycloak	2023-03-05T05:04:01.2589290Z   JAVA_HOME_17_X64: /opt/hostedtoolcache/Java_Temurin-Hotspot_jdk/17.0.6-10/x64
Build	Build Keycloak	2023-03-05T05:04:01.2589568Z ##[endgroup]
Build	Build Keycloak	2023-03-05T05:04:01.2694980Z Found org/keycloak artifacts in Maven repository cache
Build	Build Keycloak	2023-03-05T05:04:01.2706222Z keycloak-common
Build	Build Keycloak	2023-03-05T05:04:01.2706730Z keycloak-operator
Build	Build Keycloak	2023-03-05T05:04:01.2707623Z keycloak-parent
Build	Build Keycloak	2023-03-05T05:04:01.2725472Z ##[error]Process completed with exit code 1.
Status Check - Keycloak CI	Check status	2023-03-05T05:04:16.3999645Z Prepare all required actions
Status Check - Keycloak CI	Check status	2023-03-05T05:04:16.4040786Z ##[group]Run ./.github/actions/checks-job-pass
Status Check - Keycloak CI	Check status	2023-03-05T05:04:16.4041063Z with:
Status Check - Keycloak CI	Check status	2023-03-05T05:04:16.4041251Z   required: true
Status Check - Keycloak CI	Check status	2023-03-05T05:04:16.4041442Z env:
Status Check - Keycloak CI	Check status	2023-03-05T05:04:16.4041643Z   DEFAULT_JDK_VERSION: 17
Status Check - Keycloak CI	Check status	2023-03-05T05:04:16.4041857Z   DEFAULT_JDK_DIST: temurin
Status Check - Keycloak CI	Check status	2023-03-05T05:04:16.4042097Z   SUREFIRE_RERUN_FAILING_COUNT: 2
Status Check - Keycloak CI	Check status	2023-03-05T05:04:16.4042320Z ##[endgroup]
Status Check - Keycloak CI	Check status	2023-03-05T05:04:16.4337514Z ##[group]Run if [ "true" == "false" ]; then
Status Check - Keycloak CI	Check status	2023-03-05T05:04:16.4337884Z [36;1mif [ "true" == "false" ]; then[0m
Status Check - Keycloak CI	Check status	2023-03-05T05:04:16.4338137Z [36;1m  echo "Not required to run, skipping"[0m
Status Check - Keycloak CI	Check status	2023-03-05T05:04:16.4338375Z [36;1melse[0m
Status Check - Keycloak CI	Check status	2023-03-05T05:04:16.4338588Z [36;1m  if [ "" == "success" ]; then[0m
Status Check - Keycloak CI	Check status	2023-03-05T05:04:16.4338799Z [36;1m    echo "Success"[0m
Status Check - Keycloak CI	Check status	2023-03-05T05:04:16.4339002Z [36;1m  else[0m
Status Check - Keycloak CI	Check status	2023-03-05T05:04:16.4339239Z [36;1m    echo "Required to run, but didn't succeed"[0m
Status Check - Keycloak CI	Check status	2023-03-05T05:04:16.4339467Z [36;1m    exit 1[0m
Status Check - Keycloak CI	Check status	2023-03-05T05:04:16.4339724Z [36;1m  fi        [0m
Status Check - Keycloak CI	Check status	2023-03-05T05:04:16.4339899Z [36;1mfi[0m
Status Check - Keycloak CI	Check status	2023-03-05T05:04:16.4399107Z shell: /usr/bin/bash --noprofile --norc -e -o pipefail {0}
Status Check - Keycloak CI	Check status	2023-03-05T05:04:16.4399416Z env:
Status Check - Keycloak CI	Check status	2023-03-05T05:04:16.4399621Z   DEFAULT_JDK_VERSION: 17
Status Check - Keycloak CI	Check status	2023-03-05T05:04:16.4399837Z   DEFAULT_JDK_DIST: temurin
Status Check - Keycloak CI	Check status	2023-03-05T05:04:16.4400072Z   SUREFIRE_RERUN_FAILING_COUNT: 2
Status Check - Keycloak CI	Check status	2023-03-05T05:04:16.4400295Z ##[endgroup]
Status Check - Keycloak CI	Check status	2023-03-05T05:04:16.4565398Z Required to run, but didn't succeed
Status Check - Keycloak CI	Check status	2023-03-05T05:04:16.4580464Z ##[error]Process completed with exit code 1.
