Build	Build Keycloak	2023-02-05T20:03:37.7078832Z Prepare all required actions
Build	Build Keycloak	2023-02-05T20:03:37.7079310Z Getting action download info
Build	Build Keycloak	2023-02-05T20:03:37.9335588Z Download action repository 'actions/setup-java@v3' (SHA:1df8dbefe2a8cbc99770194893dd902763bee34b)
Build	Build Keycloak	2023-02-05T20:03:38.5057648Z Download action repository 'actions/upload-artifact@v3' (SHA:0b7f8abb1508181956e8e162db84b466c27e18ce)
Build	Build Keycloak	2023-02-05T20:03:38.9791676Z ##[group]Run ./.github/actions/build-keycloak
Build	Build Keycloak	2023-02-05T20:03:38.9792013Z with:
Build	Build Keycloak	2023-02-05T20:03:38.9792339Z   upload-m2-repo: true
Build	Build Keycloak	2023-02-05T20:03:38.9792759Z   upload-dist: false
Build	Build Keycloak	2023-02-05T20:03:38.9793040Z   jdk-dist: temurin
Build	Build Keycloak	2023-02-05T20:03:38.9793360Z   jdk-version: 11
Build	Build Keycloak	2023-02-05T20:03:38.9793660Z env:
Build	Build Keycloak	2023-02-05T20:03:38.9793919Z   DEFAULT_JDK_VERSION: 11
Build	Build Keycloak	2023-02-05T20:03:38.9794309Z   DEFAULT_JDK_DIST: temurin
Build	Build Keycloak	2023-02-05T20:03:38.9794674Z   SUREFIRE_RERUN_FAILING_COUNT: 2
Build	Build Keycloak	2023-02-05T20:03:38.9794961Z ##[endgroup]
Build	Build Keycloak	2023-02-05T20:03:39.0253030Z ##[group]Run actions/setup-java@v3
Build	Build Keycloak	2023-02-05T20:03:39.0253299Z with:
Build	Build Keycloak	2023-02-05T20:03:39.0253592Z   distribution: temurin
Build	Build Keycloak	2023-02-05T20:03:39.0253833Z   java-version: 11
Build	Build Keycloak	2023-02-05T20:03:39.0254088Z   java-package: jdk
Build	Build Keycloak	2023-02-05T20:03:39.0254341Z   check-latest: false
Build	Build Keycloak	2023-02-05T20:03:39.0254581Z   server-id: github
Build	Build Keycloak	2023-02-05T20:03:39.0254861Z   server-username: GITHUB_ACTOR
Build	Build Keycloak	2023-02-05T20:03:39.0255182Z   server-password: GITHUB_TOKEN
Build	Build Keycloak	2023-02-05T20:03:39.0255455Z   overwrite-settings: true
Build	Build Keycloak	2023-02-05T20:03:39.0255722Z   job-status: success
Build	Build Keycloak	2023-02-05T20:03:39.0256137Z   token: ***
Build	Build Keycloak	2023-02-05T20:03:39.0256338Z env:
Build	Build Keycloak	2023-02-05T20:03:39.0256566Z   DEFAULT_JDK_VERSION: 11
Build	Build Keycloak	2023-02-05T20:03:39.0256832Z   DEFAULT_JDK_DIST: temurin
Build	Build Keycloak	2023-02-05T20:03:39.0257094Z   SUREFIRE_RERUN_FAILING_COUNT: 2
Build	Build Keycloak	2023-02-05T20:03:39.0257359Z ##[endgroup]
Build	Build Keycloak	2023-02-05T20:03:39.2751126Z ##[group]Installed distributions
Build	Build Keycloak	2023-02-05T20:03:39.2839747Z Resolved Java 11.0.18+10 from tool-cache
Build	Build Keycloak	2023-02-05T20:03:39.2840205Z Setting Java 11.0.18+10 as the default
Build	Build Keycloak	2023-02-05T20:03:39.2867444Z Creating toolchains.xml for JDK version 11 from temurin
Build	Build Keycloak	2023-02-05T20:03:39.2990385Z Writing to /home/runner/.m2/toolchains.xml
Build	Build Keycloak	2023-02-05T20:03:39.2992484Z 
Build	Build Keycloak	2023-02-05T20:03:39.2992754Z Java configuration:
Build	Build Keycloak	2023-02-05T20:03:39.2993812Z   Distribution: temurin
Build	Build Keycloak	2023-02-05T20:03:39.2996110Z   Version: 11.0.18+10
Build	Build Keycloak	2023-02-05T20:03:39.2997101Z   Path: /opt/hostedtoolcache/Java_Temurin-Hotspot_jdk/11.0.18-10/x64
Build	Build Keycloak	2023-02-05T20:03:39.2997441Z 
Build	Build Keycloak	2023-02-05T20:03:39.3000124Z ##[endgroup]
Build	Build Keycloak	2023-02-05T20:03:39.3034248Z Creating settings.xml with server-id: github
Build	Build Keycloak	2023-02-05T20:03:39.3106885Z Writing to /home/runner/.m2/settings.xml
Build	Build Keycloak	2023-02-05T20:03:39.3270711Z Prepare all required actions
Build	Build Keycloak	2023-02-05T20:03:39.3271088Z Getting action download info
Build	Build Keycloak	2023-02-05T20:03:39.5834627Z Download action repository 'actions/cache@v3' (SHA:627f0f41f6904a5b1efbaed9f96d9eb58e92e920)
Build	Build Keycloak	2023-02-05T20:03:40.2339068Z ##[group]Run ./.github/actions/maven-cache
Build	Build Keycloak	2023-02-05T20:03:40.2339366Z env:
Build	Build Keycloak	2023-02-05T20:03:40.2339603Z   DEFAULT_JDK_VERSION: 11
Build	Build Keycloak	2023-02-05T20:03:40.2339851Z   DEFAULT_JDK_DIST: temurin
Build	Build Keycloak	2023-02-05T20:03:40.2340141Z   SUREFIRE_RERUN_FAILING_COUNT: 2
Build	Build Keycloak	2023-02-05T20:03:40.2340508Z   JAVA_HOME: /opt/hostedtoolcache/Java_Temurin-Hotspot_jdk/11.0.18-10/x64
Build	Build Keycloak	2023-02-05T20:03:40.2340934Z   JAVA_HOME_11_X64: /opt/hostedtoolcache/Java_Temurin-Hotspot_jdk/11.0.18-10/x64
Build	Build Keycloak	2023-02-05T20:03:40.2341279Z ##[endgroup]
Build	Build Keycloak	2023-02-05T20:03:40.2404562Z ##[group]Run echo "key=mvn-`date -u "+%Y-%U"`" >> $GITHUB_OUTPUT
Build	Build Keycloak	2023-02-05T20:03:40.2405026Z [36;1mecho "key=mvn-`date -u "+%Y-%U"`" >> $GITHUB_OUTPUT[0m
Build	Build Keycloak	2023-02-05T20:03:40.2472354Z shell: /usr/bin/bash --noprofile --norc -e -o pipefail {0}
Build	Build Keycloak	2023-02-05T20:03:40.2472685Z env:
Build	Build Keycloak	2023-02-05T20:03:40.2472932Z   DEFAULT_JDK_VERSION: 11
Build	Build Keycloak	2023-02-05T20:03:40.2473202Z   DEFAULT_JDK_DIST: temurin
Build	Build Keycloak	2023-02-05T20:03:40.2473466Z   SUREFIRE_RERUN_FAILING_COUNT: 2
Build	Build Keycloak	2023-02-05T20:03:40.2473837Z   JAVA_HOME: /opt/hostedtoolcache/Java_Temurin-Hotspot_jdk/11.0.18-10/x64
Build	Build Keycloak	2023-02-05T20:03:40.2474275Z   JAVA_HOME_11_X64: /opt/hostedtoolcache/Java_Temurin-Hotspot_jdk/11.0.18-10/x64
Build	Build Keycloak	2023-02-05T20:03:40.2474889Z ##[endgroup]
Build	Build Keycloak	2023-02-05T20:03:40.2730790Z ##[group]Run actions/cache@v3
Build	Build Keycloak	2023-02-05T20:03:40.2731064Z with:
Build	Build Keycloak	2023-02-05T20:03:40.2731294Z   path: ~/.m2/repository
Build	Build Keycloak	2023-02-05T20:03:40.2731542Z   key: mvn-2023-06
Build	Build Keycloak	2023-02-05T20:03:40.2731811Z   enableCrossOsArchive: false
Build	Build Keycloak	2023-02-05T20:03:40.2732102Z   fail-on-cache-miss: false
Build	Build Keycloak	2023-02-05T20:03:40.2732336Z env:
Build	Build Keycloak	2023-02-05T20:03:40.2732564Z   DEFAULT_JDK_VERSION: 11
Build	Build Keycloak	2023-02-05T20:03:40.2732827Z   DEFAULT_JDK_DIST: temurin
Build	Build Keycloak	2023-02-05T20:03:40.2733100Z   SUREFIRE_RERUN_FAILING_COUNT: 2
Build	Build Keycloak	2023-02-05T20:03:40.2733448Z   JAVA_HOME: /opt/hostedtoolcache/Java_Temurin-Hotspot_jdk/11.0.18-10/x64
Build	Build Keycloak	2023-02-05T20:03:40.2733880Z   JAVA_HOME_11_X64: /opt/hostedtoolcache/Java_Temurin-Hotspot_jdk/11.0.18-10/x64
Build	Build Keycloak	2023-02-05T20:03:40.2734209Z ##[endgroup]
Build	Build Keycloak	2023-02-05T20:03:41.9630326Z Received 0 of 576874281 (0.0%), 0.0 MBs/sec
Build	Build Keycloak	2023-02-05T20:03:42.9643719Z Received 96468992 of 576874281 (16.7%), 46.0 MBs/sec
Build	Build Keycloak	2023-02-05T20:03:43.9643635Z Received 243269632 of 576874281 (42.2%), 77.3 MBs/sec
Build	Build Keycloak	2023-02-05T20:03:44.9646878Z Received 369098752 of 576874281 (64.0%), 88.0 MBs/sec
Build	Build Keycloak	2023-02-05T20:03:45.9697674Z Received 486539264 of 576874281 (84.3%), 92.7 MBs/sec
Build	Build Keycloak	2023-02-05T20:03:47.1243493Z Received 576874281 of 576874281 (100.0%), 89.3 MBs/sec
Build	Build Keycloak	2023-02-05T20:03:47.1245254Z Cache Size: ~550 MB (576874281 B)
Build	Build Keycloak	2023-02-05T20:03:47.1291587Z [command]/usr/bin/tar -xf /home/runner/work/_temp/025a6902-9775-4b2b-862a-b61163d1a031/cache.tzst -P -C /home/runner/work/keycloak/keycloak --use-compress-program unzstd
Build	Build Keycloak	2023-02-05T20:03:49.7141719Z Cache restored successfully
Build	Build Keycloak	2023-02-05T20:03:50.2879436Z Cache restored from key: mvn-2023-06
Build	Build Keycloak	2023-02-05T20:03:50.3106589Z ##[group]Run if ( stat ~/.m2/repository/org/keycloak &>/dev/null ); then
Build	Build Keycloak	2023-02-05T20:03:50.3107050Z [36;1mif ( stat ~/.m2/repository/org/keycloak &>/dev/null ); then[0m
Build	Build Keycloak	2023-02-05T20:03:50.3107459Z [36;1m  echo "Found org/keycloak artifacts in Maven repository cache"[0m
Build	Build Keycloak	2023-02-05T20:03:50.3107832Z [36;1m  ls ~/.m2/repository/org/keycloak[0m
Build	Build Keycloak	2023-02-05T20:03:50.3108114Z [36;1m  exit 1[0m
Build	Build Keycloak	2023-02-05T20:03:50.3108347Z [36;1mfi[0m
Build	Build Keycloak	2023-02-05T20:03:50.3168218Z shell: /usr/bin/bash --noprofile --norc -e -o pipefail {0}
Build	Build Keycloak	2023-02-05T20:03:50.3168704Z env:
Build	Build Keycloak	2023-02-05T20:03:50.3168935Z   DEFAULT_JDK_VERSION: 11
Build	Build Keycloak	2023-02-05T20:03:50.3169217Z   DEFAULT_JDK_DIST: temurin
Build	Build Keycloak	2023-02-05T20:03:50.3169508Z   SUREFIRE_RERUN_FAILING_COUNT: 2
Build	Build Keycloak	2023-02-05T20:03:50.3169882Z   JAVA_HOME: /opt/hostedtoolcache/Java_Temurin-Hotspot_jdk/11.0.18-10/x64
Build	Build Keycloak	2023-02-05T20:03:50.3170329Z   JAVA_HOME_11_X64: /opt/hostedtoolcache/Java_Temurin-Hotspot_jdk/11.0.18-10/x64
Build	Build Keycloak	2023-02-05T20:03:50.3170686Z   MSYS: winsymlinks:nativestrict
Build	Build Keycloak	2023-02-05T20:03:50.3170959Z ##[endgroup]
Build	Build Keycloak	2023-02-05T20:03:50.3292223Z Found org/keycloak artifacts in Maven repository cache
Build	Build Keycloak	2023-02-05T20:03:50.3305338Z keycloak-common
Build	Build Keycloak	2023-02-05T20:03:50.3306011Z keycloak-operator
Build	Build Keycloak	2023-02-05T20:03:50.3306988Z keycloak-parent
Build	Build Keycloak	2023-02-05T20:03:50.3324767Z ##[error]Process completed with exit code 1.
Status Check - Keycloak CI	Check status	2023-02-05T20:04:06.8597112Z Prepare all required actions
Status Check - Keycloak CI	Check status	2023-02-05T20:04:06.8638425Z ##[group]Run ./.github/actions/checks-job-pass
Status Check - Keycloak CI	Check status	2023-02-05T20:04:06.8638675Z with:
Status Check - Keycloak CI	Check status	2023-02-05T20:04:06.8638846Z   required: true
Status Check - Keycloak CI	Check status	2023-02-05T20:04:06.8639025Z env:
Status Check - Keycloak CI	Check status	2023-02-05T20:04:06.8639208Z   DEFAULT_JDK_VERSION: 11
Status Check - Keycloak CI	Check status	2023-02-05T20:04:06.8639413Z   DEFAULT_JDK_DIST: temurin
Status Check - Keycloak CI	Check status	2023-02-05T20:04:06.8639633Z   SUREFIRE_RERUN_FAILING_COUNT: 2
Status Check - Keycloak CI	Check status	2023-02-05T20:04:06.8639839Z ##[endgroup]
Status Check - Keycloak CI	Check status	2023-02-05T20:04:06.8938766Z ##[group]Run if [ "true" == "false" ]; then
Status Check - Keycloak CI	Check status	2023-02-05T20:04:06.8939096Z [36;1mif [ "true" == "false" ]; then[0m
Status Check - Keycloak CI	Check status	2023-02-05T20:04:06.8939362Z [36;1m  echo "Not required to run, skipping"[0m
Status Check - Keycloak CI	Check status	2023-02-05T20:04:06.8939587Z [36;1melse[0m
Status Check - Keycloak CI	Check status	2023-02-05T20:04:06.8939781Z [36;1m  if [ "" == "success" ]; then[0m
Status Check - Keycloak CI	Check status	2023-02-05T20:04:06.8940001Z [36;1m    echo "Success"[0m
Status Check - Keycloak CI	Check status	2023-02-05T20:04:06.8940196Z [36;1m  else[0m
Status Check - Keycloak CI	Check status	2023-02-05T20:04:06.8940428Z [36;1m    echo "Required to run, but didn't succeed"[0m
Status Check - Keycloak CI	Check status	2023-02-05T20:04:06.8940654Z [36;1m    exit 1[0m
Status Check - Keycloak CI	Check status	2023-02-05T20:04:06.8940883Z [36;1m  fi        [0m
Status Check - Keycloak CI	Check status	2023-02-05T20:04:06.8941062Z [36;1mfi[0m
Status Check - Keycloak CI	Check status	2023-02-05T20:04:06.9000892Z shell: /usr/bin/bash --noprofile --norc -e -o pipefail {0}
Status Check - Keycloak CI	Check status	2023-02-05T20:04:06.9001157Z env:
Status Check - Keycloak CI	Check status	2023-02-05T20:04:06.9001352Z   DEFAULT_JDK_VERSION: 11
Status Check - Keycloak CI	Check status	2023-02-05T20:04:06.9001563Z   DEFAULT_JDK_DIST: temurin
Status Check - Keycloak CI	Check status	2023-02-05T20:04:06.9001787Z   SUREFIRE_RERUN_FAILING_COUNT: 2
Status Check - Keycloak CI	Check status	2023-02-05T20:04:06.9002002Z ##[endgroup]
Status Check - Keycloak CI	Check status	2023-02-05T20:04:06.9162429Z Required to run, but didn't succeed
Status Check - Keycloak CI	Check status	2023-02-05T20:04:06.9176219Z ##[error]Process completed with exit code 1.
