Java Distribution IT (windows-latest, temurin, 17)	Integration test setup	2025-06-08T00:31:19.3115217Z Prepare all required actions
Java Distribution IT (windows-latest, temurin, 17)	Integration test setup	2025-06-08T00:31:19.3115824Z Getting action download info
Java Distribution IT (windows-latest, temurin, 17)	Integration test setup	2025-06-08T00:31:19.4308622Z Download action repository 'actions/download-artifact@d3f86a106a0bac45b974a628896c90dbdf5c8093' (SHA:d3f86a106a0bac45b974a628896c90dbdf5c8093)
Java Distribution IT (windows-latest, temurin, 17)	Integration test setup	2025-06-08T00:31:20.5980929Z ##[group]Run ./.github/actions/integration-test-setup
Java Distribution IT (windows-latest, temurin, 17)	Integration test setup	2025-06-08T00:31:20.5981240Z with:
Java Distribution IT (windows-latest, temurin, 17)	Integration test setup	2025-06-08T00:31:20.5981409Z   jdk-dist: temurin
Java Distribution IT (windows-latest, temurin, 17)	Integration test setup	2025-06-08T00:31:20.5981588Z   jdk-version: 17
Java Distribution IT (windows-latest, temurin, 17)	Integration test setup	2025-06-08T00:31:20.5981751Z env:
Java Distribution IT (windows-latest, temurin, 17)	Integration test setup	2025-06-08T00:31:20.5982007Z   MAVEN_ARGS: -B -nsu -Daether.connector.http.connectionMaxTtl=25
Java Distribution IT (windows-latest, temurin, 17)	Integration test setup	2025-06-08T00:31:20.5982333Z   SUREFIRE_RERUN_FAILING_COUNT: 2
Java Distribution IT (windows-latest, temurin, 17)	Integration test setup	2025-06-08T00:31:20.5982611Z   SUREFIRE_RETRY: -Dsurefire.rerunFailingTestsCount=2
Java Distribution IT (windows-latest, temurin, 17)	Integration test setup	2025-06-08T00:31:20.5982891Z ##[endgroup]
Java Distribution IT (windows-latest, temurin, 17)	Integration test setup	2025-06-08T00:31:20.6152076Z Prepare all required actions
Java Distribution IT (windows-latest, temurin, 17)	Integration test setup	2025-06-08T00:31:20.6203544Z ##[group]Run ./.github/actions/update-hosts
Java Distribution IT (windows-latest, temurin, 17)	Integration test setup	2025-06-08T00:31:20.6203895Z env:
Java Distribution IT (windows-latest, temurin, 17)	Integration test setup	2025-06-08T00:31:20.6204227Z   MAVEN_ARGS: -B -nsu -Daether.connector.http.connectionMaxTtl=25
Java Distribution IT (windows-latest, temurin, 17)	Integration test setup	2025-06-08T00:31:20.6204676Z   SUREFIRE_RERUN_FAILING_COUNT: 2
Java Distribution IT (windows-latest, temurin, 17)	Integration test setup	2025-06-08T00:31:20.6205025Z   SUREFIRE_RETRY: -Dsurefire.rerunFailingTestsCount=2
Java Distribution IT (windows-latest, temurin, 17)	Integration test setup	2025-06-08T00:31:20.6205371Z ##[endgroup]
Java Distribution IT (windows-latest, temurin, 17)	Integration test setup	2025-06-08T00:31:20.6332575Z ##[group]Run "`n`n" | Add-Content C:\Windows\System32\drivers\etc\hosts
Java Distribution IT (windows-latest, temurin, 17)	Integration test setup	2025-06-08T00:31:20.6333067Z [36;1m"`n`n" | Add-Content C:\Windows\System32\drivers\etc\hosts[0m
Java Distribution IT (windows-latest, temurin, 17)	Integration test setup	2025-06-08T00:31:20.6333627Z [36;1mGet-Content .github/actions/update-hosts/nipio-hosts | Add-Content C:\Windows\System32\drivers\etc\hosts[0m
Java Distribution IT (windows-latest, temurin, 17)	Integration test setup	2025-06-08T00:31:20.6421182Z shell: C:\Windows\System32\WindowsPowerShell\v1.0\powershell.EXE -command ". '{0}'"
Java Distribution IT (windows-latest, temurin, 17)	Integration test setup	2025-06-08T00:31:20.6421616Z env:
Java Distribution IT (windows-latest, temurin, 17)	Integration test setup	2025-06-08T00:31:20.6421896Z   MAVEN_ARGS: -B -nsu -Daether.connector.http.connectionMaxTtl=25
Java Distribution IT (windows-latest, temurin, 17)	Integration test setup	2025-06-08T00:31:20.6422257Z   SUREFIRE_RERUN_FAILING_COUNT: 2
Java Distribution IT (windows-latest, temurin, 17)	Integration test setup	2025-06-08T00:31:20.6422551Z   SUREFIRE_RETRY: -Dsurefire.rerunFailingTestsCount=2
Java Distribution IT (windows-latest, temurin, 17)	Integration test setup	2025-06-08T00:31:20.6423029Z ##[endgroup]
Java Distribution IT (windows-latest, temurin, 17)	Integration test setup	2025-06-08T00:31:21.1323489Z Prepare all required actions
Java Distribution IT (windows-latest, temurin, 17)	Integration test setup	2025-06-08T00:31:21.1323792Z Getting action download info
Java Distribution IT (windows-latest, temurin, 17)	Integration test setup	2025-06-08T00:31:21.2440416Z Download action repository 'actions/setup-java@c5195efecf7bdfc987ee8bae7a71cb8b11521c00' (SHA:c5195efecf7bdfc987ee8bae7a71cb8b11521c00)
Java Distribution IT (windows-latest, temurin, 17)	Integration test setup	2025-06-08T00:31:21.9671286Z ##[group]Run ./.github/actions/java-setup
Java Distribution IT (windows-latest, temurin, 17)	Integration test setup	2025-06-08T00:31:21.9671550Z with:
Java Distribution IT (windows-latest, temurin, 17)	Integration test setup	2025-06-08T00:31:21.9671724Z   distribution: temurin
Java Distribution IT (windows-latest, temurin, 17)	Integration test setup	2025-06-08T00:31:21.9671920Z   java-version: 17
Java Distribution IT (windows-latest, temurin, 17)	Integration test setup	2025-06-08T00:31:21.9672096Z env:
Java Distribution IT (windows-latest, temurin, 17)	Integration test setup	2025-06-08T00:31:21.9672348Z   MAVEN_ARGS: -B -nsu -Daether.connector.http.connectionMaxTtl=25
Java Distribution IT (windows-latest, temurin, 17)	Integration test setup	2025-06-08T00:31:21.9672692Z   SUREFIRE_RERUN_FAILING_COUNT: 2
Java Distribution IT (windows-latest, temurin, 17)	Integration test setup	2025-06-08T00:31:21.9672981Z   SUREFIRE_RETRY: -Dsurefire.rerunFailingTestsCount=2
Java Distribution IT (windows-latest, temurin, 17)	Integration test setup	2025-06-08T00:31:21.9673263Z ##[endgroup]
Java Distribution IT (windows-latest, temurin, 17)	Integration test setup	2025-06-08T00:31:21.9838951Z ##[group]Run actions/setup-java@c5195efecf7bdfc987ee8bae7a71cb8b11521c00
Java Distribution IT (windows-latest, temurin, 17)	Integration test setup	2025-06-08T00:31:21.9839296Z with:
Java Distribution IT (windows-latest, temurin, 17)	Integration test setup	2025-06-08T00:31:21.9839481Z   distribution: temurin
Java Distribution IT (windows-latest, temurin, 17)	Integration test setup	2025-06-08T00:31:21.9839683Z   java-version: 17
Java Distribution IT (windows-latest, temurin, 17)	Integration test setup	2025-06-08T00:31:21.9839864Z   java-package: jdk
Java Distribution IT (windows-latest, temurin, 17)	Integration test setup	2025-06-08T00:31:21.9840049Z   check-latest: false
Java Distribution IT (windows-latest, temurin, 17)	Integration test setup	2025-06-08T00:31:21.9840233Z   server-id: github
Java Distribution IT (windows-latest, temurin, 17)	Integration test setup	2025-06-08T00:31:21.9840416Z   server-username: GITHUB_ACTOR
Java Distribution IT (windows-latest, temurin, 17)	Integration test setup	2025-06-08T00:31:21.9840638Z   server-password: GITHUB_TOKEN
Java Distribution IT (windows-latest, temurin, 17)	Integration test setup	2025-06-08T00:31:21.9840851Z   overwrite-settings: true
Java Distribution IT (windows-latest, temurin, 17)	Integration test setup	2025-06-08T00:31:21.9841053Z   job-status: success
Java Distribution IT (windows-latest, temurin, 17)	Integration test setup	2025-06-08T00:31:21.9841396Z   token: ***
Java Distribution IT (windows-latest, temurin, 17)	Integration test setup	2025-06-08T00:31:21.9841560Z env:
Java Distribution IT (windows-latest, temurin, 17)	Integration test setup	2025-06-08T00:31:21.9841808Z   MAVEN_ARGS: -B -nsu -Daether.connector.http.connectionMaxTtl=25
Java Distribution IT (windows-latest, temurin, 17)	Integration test setup	2025-06-08T00:31:21.9842150Z   SUREFIRE_RERUN_FAILING_COUNT: 2
Java Distribution IT (windows-latest, temurin, 17)	Integration test setup	2025-06-08T00:31:21.9842426Z   SUREFIRE_RETRY: -Dsurefire.rerunFailingTestsCount=2
Java Distribution IT (windows-latest, temurin, 17)	Integration test setup	2025-06-08T00:31:21.9842712Z ##[endgroup]
Java Distribution IT (windows-latest, temurin, 17)	Integration test setup	2025-06-08T00:31:22.2783163Z ##[group]Installed distributions
Java Distribution IT (windows-latest, temurin, 17)	Integration test setup	2025-06-08T00:31:22.4485157Z Resolved Java 17.0.15+6 from tool-cache
Java Distribution IT (windows-latest, temurin, 17)	Integration test setup	2025-06-08T00:31:22.4485938Z Setting Java 17.0.15+6 as the default
Java Distribution IT (windows-latest, temurin, 17)	Integration test setup	2025-06-08T00:31:22.4519352Z Creating toolchains.xml for JDK version 17 from temurin
Java Distribution IT (windows-latest, temurin, 17)	Integration test setup	2025-06-08T00:31:22.4622717Z Writing to C:\Users\runneradmin\.m2\toolchains.xml
Java Distribution IT (windows-latest, temurin, 17)	Integration test setup	2025-06-08T00:31:22.4626549Z 
Java Distribution IT (windows-latest, temurin, 17)	Integration test setup	2025-06-08T00:31:22.4626913Z Java configuration:
Java Distribution IT (windows-latest, temurin, 17)	Integration test setup	2025-06-08T00:31:22.4627465Z   Distribution: temurin
Java Distribution IT (windows-latest, temurin, 17)	Integration test setup	2025-06-08T00:31:22.4627849Z   Version: 17.0.15+6
Java Distribution IT (windows-latest, temurin, 17)	Integration test setup	2025-06-08T00:31:22.4629513Z   Path: C:\hostedtoolcache\windows\Java_Temurin-Hotspot_jdk\17.0.15-6\x64
Java Distribution IT (windows-latest, temurin, 17)	Integration test setup	2025-06-08T00:31:22.4630082Z 
Java Distribution IT (windows-latest, temurin, 17)	Integration test setup	2025-06-08T00:31:22.4630849Z ##[endgroup]
Java Distribution IT (windows-latest, temurin, 17)	Integration test setup	2025-06-08T00:31:22.4650424Z Creating settings.xml with server-id: github
Java Distribution IT (windows-latest, temurin, 17)	Integration test setup	2025-06-08T00:31:22.4660938Z Writing to C:\Users\runneradmin\.m2\settings.xml
Java Distribution IT (windows-latest, temurin, 17)	Integration test setup	2025-06-08T00:31:22.4876089Z Prepare all required actions
Java Distribution IT (windows-latest, temurin, 17)	Integration test setup	2025-06-08T00:31:22.4876389Z Getting action download info
Java Distribution IT (windows-latest, temurin, 17)	Integration test setup	2025-06-08T00:31:22.6027139Z Download action repository 'actions/cache@5a3ec84eff668545956fd18022155c47e93e2684' (SHA:5a3ec84eff668545956fd18022155c47e93e2684)
Java Distribution IT (windows-latest, temurin, 17)	Integration test setup	2025-06-08T00:31:22.9641726Z ##[group]Run ./.github/actions/maven-cache
Java Distribution IT (windows-latest, temurin, 17)	Integration test setup	2025-06-08T00:31:22.9642005Z with:
Java Distribution IT (windows-latest, temurin, 17)	Integration test setup	2025-06-08T00:31:22.9642212Z   create-cache-if-it-doesnt-exist: false
Java Distribution IT (windows-latest, temurin, 17)	Integration test setup	2025-06-08T00:31:22.9642444Z env:
Java Distribution IT (windows-latest, temurin, 17)	Integration test setup	2025-06-08T00:31:22.9642699Z   MAVEN_ARGS: -B -nsu -Daether.connector.http.connectionMaxTtl=25
Java Distribution IT (windows-latest, temurin, 17)	Integration test setup	2025-06-08T00:31:22.9643034Z   SUREFIRE_RERUN_FAILING_COUNT: 2
Java Distribution IT (windows-latest, temurin, 17)	Integration test setup	2025-06-08T00:31:22.9643318Z   SUREFIRE_RETRY: -Dsurefire.rerunFailingTestsCount=2
Java Distribution IT (windows-latest, temurin, 17)	Integration test setup	2025-06-08T00:31:22.9643729Z   JAVA_HOME: C:\hostedtoolcache\windows\Java_Temurin-Hotspot_jdk\17.0.15-6\x64
Java Distribution IT (windows-latest, temurin, 17)	Integration test setup	2025-06-08T00:31:22.9644211Z   JAVA_HOME_17_X64: C:\hostedtoolcache\windows\Java_Temurin-Hotspot_jdk\17.0.15-6\x64
Java Distribution IT (windows-latest, temurin, 17)	Integration test setup	2025-06-08T00:31:22.9644571Z ##[endgroup]
Java Distribution IT (windows-latest, temurin, 17)	Integration test setup	2025-06-08T00:31:22.9754248Z ##[group]Run echo "key=mvn-`date -u "+%Y-%U"`" >> $GITHUB_OUTPUT
Java Distribution IT (windows-latest, temurin, 17)	Integration test setup	2025-06-08T00:31:22.9754645Z [36;1mecho "key=mvn-`date -u "+%Y-%U"`" >> $GITHUB_OUTPUT[0m
Java Distribution IT (windows-latest, temurin, 17)	Integration test setup	2025-06-08T00:31:23.0152717Z shell: C:\Program Files\Git\bin\bash.EXE --noprofile --norc -e -o pipefail {0}
Java Distribution IT (windows-latest, temurin, 17)	Integration test setup	2025-06-08T00:31:23.0153141Z env:
Java Distribution IT (windows-latest, temurin, 17)	Integration test setup	2025-06-08T00:31:23.0154126Z   MAVEN_ARGS: -B -nsu -Daether.connector.http.connectionMaxTtl=25
Java Distribution IT (windows-latest, temurin, 17)	Integration test setup	2025-06-08T00:31:23.0154535Z   SUREFIRE_RERUN_FAILING_COUNT: 2
Java Distribution IT (windows-latest, temurin, 17)	Integration test setup	2025-06-08T00:31:23.0154848Z   SUREFIRE_RETRY: -Dsurefire.rerunFailingTestsCount=2
Java Distribution IT (windows-latest, temurin, 17)	Integration test setup	2025-06-08T00:31:23.0155291Z   JAVA_HOME: C:\hostedtoolcache\windows\Java_Temurin-Hotspot_jdk\17.0.15-6\x64
Java Distribution IT (windows-latest, temurin, 17)	Integration test setup	2025-06-08T00:31:23.0155821Z   JAVA_HOME_17_X64: C:\hostedtoolcache\windows\Java_Temurin-Hotspot_jdk\17.0.15-6\x64
Java Distribution IT (windows-latest, temurin, 17)	Integration test setup	2025-06-08T00:31:23.0156177Z ##[endgroup]
Java Distribution IT (windows-latest, temurin, 17)	Integration test setup	2025-06-08T00:31:23.2161178Z ##[group]Run mkdir -p ../../../.m2/repository
Java Distribution IT (windows-latest, temurin, 17)	Integration test setup	2025-06-08T00:31:23.2161820Z [36;1mmkdir -p ../../../.m2/repository[0m
Java Distribution IT (windows-latest, temurin, 17)	Integration test setup	2025-06-08T00:31:23.2162450Z [36;1mcmd /c mklink /d $HOME\.m2\repository D:\.m2\repository[0m
Java Distribution IT (windows-latest, temurin, 17)	Integration test setup	2025-06-08T00:31:23.2205100Z shell: C:\Windows\System32\WindowsPowerShell\v1.0\powershell.EXE -command ". '{0}'"
Java Distribution IT (windows-latest, temurin, 17)	Integration test setup	2025-06-08T00:31:23.2205771Z env:
Java Distribution IT (windows-latest, temurin, 17)	Integration test setup	2025-06-08T00:31:23.2206190Z   MAVEN_ARGS: -B -nsu -Daether.connector.http.connectionMaxTtl=25
Java Distribution IT (windows-latest, temurin, 17)	Integration test setup	2025-06-08T00:31:23.2206768Z   SUREFIRE_RERUN_FAILING_COUNT: 2
Java Distribution IT (windows-latest, temurin, 17)	Integration test setup	2025-06-08T00:31:23.2207246Z   SUREFIRE_RETRY: -Dsurefire.rerunFailingTestsCount=2
Java Distribution IT (windows-latest, temurin, 17)	Integration test setup	2025-06-08T00:31:23.2207931Z   JAVA_HOME: C:\hostedtoolcache\windows\Java_Temurin-Hotspot_jdk\17.0.15-6\x64
Java Distribution IT (windows-latest, temurin, 17)	Integration test setup	2025-06-08T00:31:23.2208760Z   JAVA_HOME_17_X64: C:\hostedtoolcache\windows\Java_Temurin-Hotspot_jdk\17.0.15-6\x64
Java Distribution IT (windows-latest, temurin, 17)	Integration test setup	2025-06-08T00:31:23.2209385Z ##[endgroup]
Java Distribution IT (windows-latest, temurin, 17)	Integration test setup	2025-06-08T00:31:23.4934315Z 
Java Distribution IT (windows-latest, temurin, 17)	Integration test setup	2025-06-08T00:31:23.4935931Z 
Java Distribution IT (windows-latest, temurin, 17)	Integration test setup	2025-06-08T00:31:23.4938806Z     Directory: C:\.m2
Java Distribution IT (windows-latest, temurin, 17)	Integration test setup	2025-06-08T00:31:23.4939128Z 
Java Distribution IT (windows-latest, temurin, 17)	Integration test setup	2025-06-08T00:31:23.4939137Z 
Java Distribution IT (windows-latest, temurin, 17)	Integration test setup	2025-06-08T00:31:23.4948946Z Mode                 LastWriteTime         Length Name                                                                 
Java Distribution IT (windows-latest, temurin, 17)	Integration test setup	2025-06-08T00:31:23.4954812Z ----                 -------------         ------ ----                                                                 
Java Distribution IT (windows-latest, temurin, 17)	Integration test setup	2025-06-08T00:31:23.4967573Z d-----          6/8/2025  12:31 AM                repository                                                           
Java Distribution IT (windows-latest, temurin, 17)	Integration test setup	2025-06-08T00:31:23.5099034Z symbolic link created for C:\Users\runneradmin\.m2\repository <<===>> D:\.m2\repository
Java Distribution IT (windows-latest, temurin, 17)	Integration test setup	2025-06-08T00:31:24.1030650Z 
Java Distribution IT (windows-latest, temurin, 17)	Integration test setup	2025-06-08T00:31:24.1030724Z 
Java Distribution IT (windows-latest, temurin, 17)	Integration test setup	2025-06-08T00:31:24.1327124Z ##[group]Run actions/cache/restore@5a3ec84eff668545956fd18022155c47e93e2684
Java Distribution IT (windows-latest, temurin, 17)	Integration test setup	2025-06-08T00:31:24.1327527Z with:
Java Distribution IT (windows-latest, temurin, 17)	Integration test setup	2025-06-08T00:31:24.1327800Z   path: ~/.m2/repository/*/*
Java Distribution IT (windows-latest, temurin, 17)	Integration test setup	!~/.m2/repository/org/keycloak
Java Distribution IT (windows-latest, temurin, 17)	Integration test setup	
Java Distribution IT (windows-latest, temurin, 17)	Integration test setup	2025-06-08T00:31:24.1328128Z   key: mvn-2025-23
Java Distribution IT (windows-latest, temurin, 17)	Integration test setup	2025-06-08T00:31:24.1328333Z   enableCrossOsArchive: true
Java Distribution IT (windows-latest, temurin, 17)	Integration test setup	2025-06-08T00:31:24.1328582Z   fail-on-cache-miss: false
Java Distribution IT (windows-latest, temurin, 17)	Integration test setup	2025-06-08T00:31:24.1328808Z   lookup-only: false
Java Distribution IT (windows-latest, temurin, 17)	Integration test setup	2025-06-08T00:31:24.1329007Z env:
Java Distribution IT (windows-latest, temurin, 17)	Integration test setup	2025-06-08T00:31:24.1329280Z   MAVEN_ARGS: -B -nsu -Daether.connector.http.connectionMaxTtl=25
Java Distribution IT (windows-latest, temurin, 17)	Integration test setup	2025-06-08T00:31:24.1329645Z   SUREFIRE_RERUN_FAILING_COUNT: 2
Java Distribution IT (windows-latest, temurin, 17)	Integration test setup	2025-06-08T00:31:24.1329948Z   SUREFIRE_RETRY: -Dsurefire.rerunFailingTestsCount=2
Java Distribution IT (windows-latest, temurin, 17)	Integration test setup	2025-06-08T00:31:24.1330395Z   JAVA_HOME: C:\hostedtoolcache\windows\Java_Temurin-Hotspot_jdk\17.0.15-6\x64
Java Distribution IT (windows-latest, temurin, 17)	Integration test setup	2025-06-08T00:31:24.1330936Z   JAVA_HOME_17_X64: C:\hostedtoolcache\windows\Java_Temurin-Hotspot_jdk\17.0.15-6\x64
Java Distribution IT (windows-latest, temurin, 17)	Integration test setup	2025-06-08T00:31:24.1331346Z ##[endgroup]
Java Distribution IT (windows-latest, temurin, 17)	Integration test setup	2025-06-08T00:31:24.5183231Z Cache hit for: mvn-2025-23
Java Distribution IT (windows-latest, temurin, 17)	Integration test setup	2025-06-08T00:31:26.5777713Z Received 134217728 of 670337732 (20.0%), 64.1 MBs/sec
Java Distribution IT (windows-latest, temurin, 17)	Integration test setup	2025-06-08T00:31:28.5687555Z Received 268435456 of 670337732 (40.0%), 64.2 MBs/sec
Java Distribution IT (windows-latest, temurin, 17)	Integration test setup	2025-06-08T00:31:30.3708517Z Received 402653184 of 670337732 (60.1%), 66.3 MBs/sec
Java Distribution IT (windows-latest, temurin, 17)	Integration test setup	2025-06-08T00:31:32.0712770Z Received 536870912 of 670337732 (80.1%), 68.4 MBs/sec
Java Distribution IT (windows-latest, temurin, 17)	Integration test setup	2025-06-08T00:31:33.9465451Z Received 670337732 of 670337732 (100.0%), 68.3 MBs/sec
Java Distribution IT (windows-latest, temurin, 17)	Integration test setup	2025-06-08T00:31:33.9471576Z Cache Size: ~639 MB (670337732 B)
Java Distribution IT (windows-latest, temurin, 17)	Integration test setup	2025-06-08T00:31:33.9560174Z [command]"C:\Program Files\Git\usr\bin\tar.exe" -xf C:/a/_temp/5d6f831c-8d92-470d-84e9-13e5da2baa3c/cache.tzst -P -C C:/a/keycloak/keycloak --force-local --use-compress-program "zstd -d"
Java Distribution IT (windows-latest, temurin, 17)	Integration test setup	2025-06-08T00:32:11.1979981Z Cache restored successfully
Java Distribution IT (windows-latest, temurin, 17)	Integration test setup	2025-06-08T00:32:11.2397667Z Cache restored from key: mvn-2025-23
Java Distribution IT (windows-latest, temurin, 17)	Integration test setup	2025-06-08T00:32:11.2600037Z Prepare all required actions
Java Distribution IT (windows-latest, temurin, 17)	Integration test setup	2025-06-08T00:32:11.2600473Z Getting action download info
Java Distribution IT (windows-latest, temurin, 17)	Integration test setup	2025-06-08T00:32:11.3756170Z ##[group]Run ./.github/actions/node-cache
Java Distribution IT (windows-latest, temurin, 17)	Integration test setup	2025-06-08T00:32:11.3756456Z env:
Java Distribution IT (windows-latest, temurin, 17)	Integration test setup	2025-06-08T00:32:11.3756731Z   MAVEN_ARGS: -B -nsu -Daether.connector.http.connectionMaxTtl=25
Java Distribution IT (windows-latest, temurin, 17)	Integration test setup	2025-06-08T00:32:11.3757073Z   SUREFIRE_RERUN_FAILING_COUNT: 2
Java Distribution IT (windows-latest, temurin, 17)	Integration test setup	2025-06-08T00:32:11.3757360Z   SUREFIRE_RETRY: -Dsurefire.rerunFailingTestsCount=2
Java Distribution IT (windows-latest, temurin, 17)	Integration test setup	2025-06-08T00:32:11.3757772Z   JAVA_HOME: C:\hostedtoolcache\windows\Java_Temurin-Hotspot_jdk\17.0.15-6\x64
Java Distribution IT (windows-latest, temurin, 17)	Integration test setup	2025-06-08T00:32:11.3758257Z   JAVA_HOME_17_X64: C:\hostedtoolcache\windows\Java_Temurin-Hotspot_jdk\17.0.15-6\x64
Java Distribution IT (windows-latest, temurin, 17)	Integration test setup	2025-06-08T00:32:11.3758618Z ##[endgroup]
Java Distribution IT (windows-latest, temurin, 17)	Integration test setup	2025-06-08T00:32:11.3934164Z ##[group]Run echo "node=$(cat js/pom.xml | grep '<node.version>' | cut -d '>' -f 2 | cut -d '<' -f 1 | cut -c 2-)" >> $GITHUB_OUTPUT
Java Distribution IT (windows-latest, temurin, 17)	Integration test setup	2025-06-08T00:32:11.3934988Z [36;1mecho "node=$(cat js/pom.xml | grep '<node.version>' | cut -d '>' -f 2 | cut -d '<' -f 1 | cut -c 2-)" >> $GITHUB_OUTPUT[0m
Java Distribution IT (windows-latest, temurin, 17)	Integration test setup	2025-06-08T00:32:11.3935610Z [36;1mecho "pnpm=$(cat js/pom.xml | grep '<pnpm.version>' | cut -d '>' -f 2 | cut -d '<' -f 1 | cut -c 1-)" >> $GITHUB_OUTPUT[0m
Java Distribution IT (windows-latest, temurin, 17)	Integration test setup	2025-06-08T00:32:11.3947311Z shell: C:\Program Files\Git\bin\bash.EXE --noprofile --norc -e -o pipefail {0}
Java Distribution IT (windows-latest, temurin, 17)	Integration test setup	2025-06-08T00:32:11.3947676Z env:
Java Distribution IT (windows-latest, temurin, 17)	Integration test setup	2025-06-08T00:32:11.3947947Z   MAVEN_ARGS: -B -nsu -Daether.connector.http.connectionMaxTtl=25
Java Distribution IT (windows-latest, temurin, 17)	Integration test setup	2025-06-08T00:32:11.3948283Z   SUREFIRE_RERUN_FAILING_COUNT: 2
Java Distribution IT (windows-latest, temurin, 17)	Integration test setup	2025-06-08T00:32:11.3948568Z   SUREFIRE_RETRY: -Dsurefire.rerunFailingTestsCount=2
Java Distribution IT (windows-latest, temurin, 17)	Integration test setup	2025-06-08T00:32:11.3948974Z   JAVA_HOME: C:\hostedtoolcache\windows\Java_Temurin-Hotspot_jdk\17.0.15-6\x64
Java Distribution IT (windows-latest, temurin, 17)	Integration test setup	2025-06-08T00:32:11.3949442Z   JAVA_HOME_17_X64: C:\hostedtoolcache\windows\Java_Temurin-Hotspot_jdk\17.0.15-6\x64
Java Distribution IT (windows-latest, temurin, 17)	Integration test setup	2025-06-08T00:32:11.3949789Z ##[endgroup]
Java Distribution IT (windows-latest, temurin, 17)	Integration test setup	2025-06-08T00:32:11.7448167Z ##[group]Run actions/cache@5a3ec84eff668545956fd18022155c47e93e2684
Java Distribution IT (windows-latest, temurin, 17)	Integration test setup	2025-06-08T00:32:11.7448501Z with:
Java Distribution IT (windows-latest, temurin, 17)	Integration test setup	2025-06-08T00:32:11.7448887Z   path: ~/.m2/repository/com/github/eirslett/node
Java Distribution IT (windows-latest, temurin, 17)	Integration test setup	~/.m2/repository/com/github/eirslett/pnpm
Java Distribution IT (windows-latest, temurin, 17)	Integration test setup	
Java Distribution IT (windows-latest, temurin, 17)	Integration test setup	2025-06-08T00:32:11.7449536Z   key: Windows-frontend-plugin-artifacts-22.14.0-10.4.1
Java Distribution IT (windows-latest, temurin, 17)	Integration test setup	2025-06-08T00:32:11.7449848Z   enableCrossOsArchive: false
Java Distribution IT (windows-latest, temurin, 17)	Integration test setup	2025-06-08T00:32:11.7450077Z   fail-on-cache-miss: false
Java Distribution IT (windows-latest, temurin, 17)	Integration test setup	2025-06-08T00:32:11.7450286Z   lookup-only: false
Java Distribution IT (windows-latest, temurin, 17)	Integration test setup	2025-06-08T00:32:11.7450475Z   save-always: false
Java Distribution IT (windows-latest, temurin, 17)	Integration test setup	2025-06-08T00:32:11.7450647Z env:
Java Distribution IT (windows-latest, temurin, 17)	Integration test setup	2025-06-08T00:32:11.7450904Z   MAVEN_ARGS: -B -nsu -Daether.connector.http.connectionMaxTtl=25
Java Distribution IT (windows-latest, temurin, 17)	Integration test setup	2025-06-08T00:32:11.7451235Z   SUREFIRE_RERUN_FAILING_COUNT: 2
Java Distribution IT (windows-latest, temurin, 17)	Integration test setup	2025-06-08T00:32:11.7451508Z   SUREFIRE_RETRY: -Dsurefire.rerunFailingTestsCount=2
Java Distribution IT (windows-latest, temurin, 17)	Integration test setup	2025-06-08T00:32:11.7451913Z   JAVA_HOME: C:\hostedtoolcache\windows\Java_Temurin-Hotspot_jdk\17.0.15-6\x64
Java Distribution IT (windows-latest, temurin, 17)	Integration test setup	2025-06-08T00:32:11.7452379Z   JAVA_HOME_17_X64: C:\hostedtoolcache\windows\Java_Temurin-Hotspot_jdk\17.0.15-6\x64
Java Distribution IT (windows-latest, temurin, 17)	Integration test setup	2025-06-08T00:32:11.7452741Z ##[endgroup]
Java Distribution IT (windows-latest, temurin, 17)	Integration test setup	2025-06-08T00:32:12.0886674Z Cache hit for: Windows-frontend-plugin-artifacts-22.14.0-10.4.1
Java Distribution IT (windows-latest, temurin, 17)	Integration test setup	2025-06-08T00:32:14.8496775Z Received 134217728 of 180285260 (74.4%), 47.1 MBs/sec
Java Distribution IT (windows-latest, temurin, 17)	Integration test setup	2025-06-08T00:32:15.3292420Z Received 180285260 of 180285260 (100.0%), 53.7 MBs/sec
Java Distribution IT (windows-latest, temurin, 17)	Integration test setup	2025-06-08T00:32:15.3296949Z Cache Size: ~172 MB (180285260 B)
Java Distribution IT (windows-latest, temurin, 17)	Integration test setup	2025-06-08T00:32:15.3325617Z [command]"C:\Program Files\Git\usr\bin\tar.exe" -xf C:/a/_temp/adab880d-63b3-43ce-92d6-e9c0d64d3137/cache.tzst -P -C C:/a/keycloak/keycloak --force-local --use-compress-program "zstd -d"
Java Distribution IT (windows-latest, temurin, 17)	Integration test setup	2025-06-08T00:32:15.3601634Z /usr/bin/tar: C\:/Users/runneradmin/.m2/repository/com: Cannot mkdir: No such file or directory
Java Distribution IT (windows-latest, temurin, 17)	Integration test setup	2025-06-08T00:32:15.3602673Z /usr/bin/tar: C\:/Users/runneradmin/.m2/repository/com/github/eirslett/node: Cannot mkdir: No such file or directory
Java Distribution IT (windows-latest, temurin, 17)	Integration test setup	2025-06-08T00:32:15.3604084Z /usr/bin/tar: C\:/Users/runneradmin/.m2/repository/com: Cannot mkdir: No such file or directory
Java Distribution IT (windows-latest, temurin, 17)	Integration test setup	2025-06-08T00:32:15.3604848Z /usr/bin/tar: C\:/Users/runneradmin/.m2/repository/com/github/eirslett/node/22.11.0: Cannot mkdir: No such file or directory
Java Distribution IT (windows-latest, temurin, 17)	Integration test setup	2025-06-08T00:32:15.3609828Z /usr/bin/tar: C\:/Users/runneradmin/.m2/repository/com: Cannot mkdir: No such file or directory
Java Distribution IT (windows-latest, temurin, 17)	Integration test setup	2025-06-08T00:32:15.3980367Z /usr/bin/tar: C\:/Users/runneradmin/.m2/repository/com/github/eirslett/node/22.11.0/node-22.11.0-linux-x64.tar.gz: Cannot open: No such file or directory
Java Distribution IT (windows-latest, temurin, 17)	Integration test setup	2025-06-08T00:32:15.3987642Z /usr/bin/tar: C\:/Users/runneradmin/.m2/repository/com: Cannot mkdir: No such file or directory
Java Distribution IT (windows-latest, temurin, 17)	Integration test setup	2025-06-08T00:32:15.6566258Z /usr/bin/tar: C\:/Users/runneradmin/.m2/repository/com/github/eirslett/node/22.11.0/node-22.11.0-win-x64.exe: Cannot open: No such file or directory
Java Distribution IT (windows-latest, temurin, 17)	Integration test setup	2025-06-08T00:32:15.6572687Z /usr/bin/tar: C\:/Users/runneradmin/.m2/repository/com: Cannot mkdir: No such file or directory
Java Distribution IT (windows-latest, temurin, 17)	Integration test setup	2025-06-08T00:32:15.6573870Z /usr/bin/tar: C\:/Users/runneradmin/.m2/repository/com/github/eirslett/node/22.14.0: Cannot mkdir: No such file or directory
Java Distribution IT (windows-latest, temurin, 17)	Integration test setup	2025-06-08T00:32:15.6580533Z /usr/bin/tar: C\:/Users/runneradmin/.m2/repository/com: Cannot mkdir: No such file or directory
Java Distribution IT (windows-latest, temurin, 17)	Integration test setup	2025-06-08T00:32:15.6968951Z /usr/bin/tar: C\:/Users/runneradmin/.m2/repository/com/github/eirslett/node/22.14.0/node-22.14.0-linux-x64.tar.gz: Cannot open: No such file or directory
Java Distribution IT (windows-latest, temurin, 17)	Integration test setup	2025-06-08T00:32:15.6974482Z /usr/bin/tar: C\:/Users/runneradmin/.m2/repository/com: Cannot mkdir: No such file or directory
Java Distribution IT (windows-latest, temurin, 17)	Integration test setup	2025-06-08T00:32:15.9529527Z /usr/bin/tar: C\:/Users/runneradmin/.m2/repository/com/github/eirslett/node/22.14.0/node-22.14.0-win-x64.exe: Cannot open: No such file or directory
Java Distribution IT (windows-latest, temurin, 17)	Integration test setup	2025-06-08T00:32:15.9535251Z /usr/bin/tar: C\:/Users/runneradmin/.m2/repository/com: Cannot mkdir: No such file or directory
Java Distribution IT (windows-latest, temurin, 17)	Integration test setup	2025-06-08T00:32:15.9536608Z /usr/bin/tar: C\:/Users/runneradmin/.m2/repository/com/github/eirslett/pnpm: Cannot mkdir: No such file or directory
Java Distribution IT (windows-latest, temurin, 17)	Integration test setup	2025-06-08T00:32:15.9541577Z /usr/bin/tar: C\:/Users/runneradmin/.m2/repository/com: Cannot mkdir: No such file or directory
Java Distribution IT (windows-latest, temurin, 17)	Integration test setup	2025-06-08T00:32:15.9542911Z /usr/bin/tar: C\:/Users/runneradmin/.m2/repository/com/github/eirslett/pnpm/10.3.0: Cannot mkdir: No such file or directory
Java Distribution IT (windows-latest, temurin, 17)	Integration test setup	2025-06-08T00:32:15.9547614Z /usr/bin/tar: C\:/Users/runneradmin/.m2/repository/com: Cannot mkdir: No such file or directory
Java Distribution IT (windows-latest, temurin, 17)	Integration test setup	2025-06-08T00:32:15.9578356Z /usr/bin/tar: C\:/Users/runneradmin/.m2/repository/com/github/eirslett/pnpm/10.3.0/pnpm-10.3.0.tar.gz: Cannot open: No such file or directory
Java Distribution IT (windows-latest, temurin, 17)	Integration test setup	2025-06-08T00:32:15.9583376Z /usr/bin/tar: C\:/Users/runneradmin/.m2/repository/com: Cannot mkdir: No such file or directory
Java Distribution IT (windows-latest, temurin, 17)	Integration test setup	2025-06-08T00:32:15.9584535Z /usr/bin/tar: C\:/Users/runneradmin/.m2/repository/com/github/eirslett/pnpm/10.4.1: Cannot mkdir: No such file or directory
Java Distribution IT (windows-latest, temurin, 17)	Integration test setup	2025-06-08T00:32:15.9591973Z /usr/bin/tar: C\:/Users/runneradmin/.m2/repository/com: Cannot mkdir: No such file or directory
Java Distribution IT (windows-latest, temurin, 17)	Integration test setup	2025-06-08T00:32:15.9624752Z /usr/bin/tar: C\:/Users/runneradmin/.m2/repository/com/github/eirslett/pnpm/10.4.1/pnpm-10.4.1.tar.gz: Cannot open: No such file or directory
Java Distribution IT (windows-latest, temurin, 17)	Integration test setup	2025-06-08T00:32:15.9630210Z /usr/bin/tar: C\:/Users/runneradmin/.m2/repository/com: Cannot mkdir: No such file or directory
Java Distribution IT (windows-latest, temurin, 17)	Integration test setup	2025-06-08T00:32:15.9631601Z /usr/bin/tar: C\:/Users/runneradmin/.m2/repository/com/github/eirslett/pnpm/9.14.4: Cannot mkdir: No such file or directory
Java Distribution IT (windows-latest, temurin, 17)	Integration test setup	2025-06-08T00:32:15.9637013Z /usr/bin/tar: C\:/Users/runneradmin/.m2/repository/com: Cannot mkdir: No such file or directory
Java Distribution IT (windows-latest, temurin, 17)	Integration test setup	2025-06-08T00:32:15.9667534Z /usr/bin/tar: C\:/Users/runneradmin/.m2/repository/com/github/eirslett/pnpm/9.14.4/pnpm-9.14.4.tar.gz: Cannot open: No such file or directory
Java Distribution IT (windows-latest, temurin, 17)	Integration test setup	2025-06-08T00:32:15.9683157Z /usr/bin/tar: Exiting with failure status due to previous errors
Java Distribution IT (windows-latest, temurin, 17)	Integration test setup	2025-06-08T00:32:15.9715478Z ##[warning]Failed to restore: "C:\Program failed with error: The process 'C:\Program Files\Git\usr\bin\tar.exe' failed with exit code 2
Java Distribution IT (windows-latest, temurin, 17)	Integration test setup	2025-06-08T00:32:15.9795293Z Cache not found for input keys: Windows-frontend-plugin-artifacts-22.14.0-10.4.1
Java Distribution IT (windows-latest, temurin, 17)	Integration test setup	2025-06-08T00:32:16.0098484Z ##[group]Run ./.github/scripts/download-node-tooling.sh 22.14.0 10.4.1
Java Distribution IT (windows-latest, temurin, 17)	Integration test setup	2025-06-08T00:32:16.0099054Z [36;1m./.github/scripts/download-node-tooling.sh 22.14.0 10.4.1[0m
Java Distribution IT (windows-latest, temurin, 17)	Integration test setup	2025-06-08T00:32:16.0111295Z shell: C:\Program Files\Git\bin\bash.EXE --noprofile --norc -e -o pipefail {0}
Java Distribution IT (windows-latest, temurin, 17)	Integration test setup	2025-06-08T00:32:16.0111732Z env:
Java Distribution IT (windows-latest, temurin, 17)	Integration test setup	2025-06-08T00:32:16.0112030Z   MAVEN_ARGS: -B -nsu -Daether.connector.http.connectionMaxTtl=25
Java Distribution IT (windows-latest, temurin, 17)	Integration test setup	2025-06-08T00:32:16.0112431Z   SUREFIRE_RERUN_FAILING_COUNT: 2
Java Distribution IT (windows-latest, temurin, 17)	Integration test setup	2025-06-08T00:32:16.0112750Z   SUREFIRE_RETRY: -Dsurefire.rerunFailingTestsCount=2
Java Distribution IT (windows-latest, temurin, 17)	Integration test setup	2025-06-08T00:32:16.0113187Z   JAVA_HOME: C:\hostedtoolcache\windows\Java_Temurin-Hotspot_jdk\17.0.15-6\x64
Java Distribution IT (windows-latest, temurin, 17)	Integration test setup	2025-06-08T00:32:16.0113673Z   JAVA_HOME_17_X64: C:\hostedtoolcache\windows\Java_Temurin-Hotspot_jdk\17.0.15-6\x64
Java Distribution IT (windows-latest, temurin, 17)	Integration test setup	2025-06-08T00:32:16.0114144Z ##[endgroup]
Java Distribution IT (windows-latest, temurin, 17)	Integration test setup	2025-06-08T00:32:16.0878377Z Downloading node-v22.14.0-linux-x64.tar.gz...
Java Distribution IT (windows-latest, temurin, 17)	Integration test setup	2025-06-08T00:32:16.1284334Z mkdir: cannot create directory '/c/Users/runneradmin/.m2/repository': File exists
Java Distribution IT (windows-latest, temurin, 17)	Integration test setup	2025-06-08T00:32:16.1324059Z ##[error]Process completed with exit code 1.
Java Distribution IT (windows-latest, temurin, 24)	Integration test setup	2025-06-08T00:31:16.2595506Z Prepare all required actions
Java Distribution IT (windows-latest, temurin, 24)	Integration test setup	2025-06-08T00:31:16.2596049Z Getting action download info
Java Distribution IT (windows-latest, temurin, 24)	Integration test setup	2025-06-08T00:31:16.4056666Z Download action repository 'actions/download-artifact@d3f86a106a0bac45b974a628896c90dbdf5c8093' (SHA:d3f86a106a0bac45b974a628896c90dbdf5c8093)
Java Distribution IT (windows-latest, temurin, 24)	Integration test setup	2025-06-08T00:31:18.0749718Z ##[group]Run ./.github/actions/integration-test-setup
Java Distribution IT (windows-latest, temurin, 24)	Integration test setup	2025-06-08T00:31:18.0750010Z with:
Java Distribution IT (windows-latest, temurin, 24)	Integration test setup	2025-06-08T00:31:18.0750192Z   jdk-dist: temurin
Java Distribution IT (windows-latest, temurin, 24)	Integration test setup	2025-06-08T00:31:18.0750379Z   jdk-version: 24
Java Distribution IT (windows-latest, temurin, 24)	Integration test setup	2025-06-08T00:31:18.0750538Z env:
Java Distribution IT (windows-latest, temurin, 24)	Integration test setup	2025-06-08T00:31:18.0750786Z   MAVEN_ARGS: -B -nsu -Daether.connector.http.connectionMaxTtl=25
Java Distribution IT (windows-latest, temurin, 24)	Integration test setup	2025-06-08T00:31:18.0751111Z   SUREFIRE_RERUN_FAILING_COUNT: 2
Java Distribution IT (windows-latest, temurin, 24)	Integration test setup	2025-06-08T00:31:18.0751377Z   SUREFIRE_RETRY: -Dsurefire.rerunFailingTestsCount=2
Java Distribution IT (windows-latest, temurin, 24)	Integration test setup	2025-06-08T00:31:18.0751639Z ##[endgroup]
Java Distribution IT (windows-latest, temurin, 24)	Integration test setup	2025-06-08T00:31:18.0929898Z Prepare all required actions
Java Distribution IT (windows-latest, temurin, 24)	Integration test setup	2025-06-08T00:31:18.6082658Z ##[group]Run ./.github/actions/update-hosts
Java Distribution IT (windows-latest, temurin, 24)	Integration test setup	2025-06-08T00:31:18.6082960Z env:
Java Distribution IT (windows-latest, temurin, 24)	Integration test setup	2025-06-08T00:31:18.6083245Z   MAVEN_ARGS: -B -nsu -Daether.connector.http.connectionMaxTtl=25
Java Distribution IT (windows-latest, temurin, 24)	Integration test setup	2025-06-08T00:31:18.6083671Z   SUREFIRE_RERUN_FAILING_COUNT: 2
Java Distribution IT (windows-latest, temurin, 24)	Integration test setup	2025-06-08T00:31:18.6083968Z   SUREFIRE_RETRY: -Dsurefire.rerunFailingTestsCount=2
Java Distribution IT (windows-latest, temurin, 24)	Integration test setup	2025-06-08T00:31:18.6084369Z ##[endgroup]
Java Distribution IT (windows-latest, temurin, 24)	Integration test setup	2025-06-08T00:31:18.6228432Z ##[group]Run "`n`n" | Add-Content C:\Windows\System32\drivers\etc\hosts
Java Distribution IT (windows-latest, temurin, 24)	Integration test setup	2025-06-08T00:31:18.6228962Z [36;1m"`n`n" | Add-Content C:\Windows\System32\drivers\etc\hosts[0m
Java Distribution IT (windows-latest, temurin, 24)	Integration test setup	2025-06-08T00:31:18.6229534Z [36;1mGet-Content .github/actions/update-hosts/nipio-hosts | Add-Content C:\Windows\System32\drivers\etc\hosts[0m
Java Distribution IT (windows-latest, temurin, 24)	Integration test setup	2025-06-08T00:31:18.8190897Z shell: C:\Windows\System32\WindowsPowerShell\v1.0\powershell.EXE -command ". '{0}'"
Java Distribution IT (windows-latest, temurin, 24)	Integration test setup	2025-06-08T00:31:18.8191320Z env:
Java Distribution IT (windows-latest, temurin, 24)	Integration test setup	2025-06-08T00:31:18.8191578Z   MAVEN_ARGS: -B -nsu -Daether.connector.http.connectionMaxTtl=25
Java Distribution IT (windows-latest, temurin, 24)	Integration test setup	2025-06-08T00:31:18.8191904Z   SUREFIRE_RERUN_FAILING_COUNT: 2
Java Distribution IT (windows-latest, temurin, 24)	Integration test setup	2025-06-08T00:31:18.8192176Z   SUREFIRE_RETRY: -Dsurefire.rerunFailingTestsCount=2
Java Distribution IT (windows-latest, temurin, 24)	Integration test setup	2025-06-08T00:31:18.8192448Z ##[endgroup]
Java Distribution IT (windows-latest, temurin, 24)	Integration test setup	2025-06-08T00:31:19.0912913Z Prepare all required actions
Java Distribution IT (windows-latest, temurin, 24)	Integration test setup	2025-06-08T00:31:19.0913197Z Getting action download info
Java Distribution IT (windows-latest, temurin, 24)	Integration test setup	2025-06-08T00:31:19.2274663Z Download action repository 'actions/setup-java@c5195efecf7bdfc987ee8bae7a71cb8b11521c00' (SHA:c5195efecf7bdfc987ee8bae7a71cb8b11521c00)
Java Distribution IT (windows-latest, temurin, 24)	Integration test setup	2025-06-08T00:31:20.7786918Z ##[group]Run ./.github/actions/java-setup
Java Distribution IT (windows-latest, temurin, 24)	Integration test setup	2025-06-08T00:31:20.7787300Z with:
Java Distribution IT (windows-latest, temurin, 24)	Integration test setup	2025-06-08T00:31:20.7787468Z   distribution: temurin
Java Distribution IT (windows-latest, temurin, 24)	Integration test setup	2025-06-08T00:31:20.7787661Z   java-version: 24
Java Distribution IT (windows-latest, temurin, 24)	Integration test setup	2025-06-08T00:31:20.7787819Z env:
Java Distribution IT (windows-latest, temurin, 24)	Integration test setup	2025-06-08T00:31:20.7788067Z   MAVEN_ARGS: -B -nsu -Daether.connector.http.connectionMaxTtl=25
Java Distribution IT (windows-latest, temurin, 24)	Integration test setup	2025-06-08T00:31:20.7788397Z   SUREFIRE_RERUN_FAILING_COUNT: 2
Java Distribution IT (windows-latest, temurin, 24)	Integration test setup	2025-06-08T00:31:20.7788664Z   SUREFIRE_RETRY: -Dsurefire.rerunFailingTestsCount=2
Java Distribution IT (windows-latest, temurin, 24)	Integration test setup	2025-06-08T00:31:20.7788930Z ##[endgroup]
Java Distribution IT (windows-latest, temurin, 24)	Integration test setup	2025-06-08T00:31:20.7955624Z ##[group]Run actions/setup-java@c5195efecf7bdfc987ee8bae7a71cb8b11521c00
Java Distribution IT (windows-latest, temurin, 24)	Integration test setup	2025-06-08T00:31:20.7955966Z with:
Java Distribution IT (windows-latest, temurin, 24)	Integration test setup	2025-06-08T00:31:20.7956123Z   distribution: temurin
Java Distribution IT (windows-latest, temurin, 24)	Integration test setup	2025-06-08T00:31:20.7956315Z   java-version: 24
Java Distribution IT (windows-latest, temurin, 24)	Integration test setup	2025-06-08T00:31:20.7956487Z   java-package: jdk
Java Distribution IT (windows-latest, temurin, 24)	Integration test setup	2025-06-08T00:31:20.7956661Z   check-latest: false
Java Distribution IT (windows-latest, temurin, 24)	Integration test setup	2025-06-08T00:31:20.7956831Z   server-id: github
Java Distribution IT (windows-latest, temurin, 24)	Integration test setup	2025-06-08T00:31:20.7957007Z   server-username: GITHUB_ACTOR
Java Distribution IT (windows-latest, temurin, 24)	Integration test setup	2025-06-08T00:31:20.7957220Z   server-password: GITHUB_TOKEN
Java Distribution IT (windows-latest, temurin, 24)	Integration test setup	2025-06-08T00:31:20.7957435Z   overwrite-settings: true
Java Distribution IT (windows-latest, temurin, 24)	Integration test setup	2025-06-08T00:31:20.7957639Z   job-status: success
Java Distribution IT (windows-latest, temurin, 24)	Integration test setup	2025-06-08T00:31:20.7957912Z   token: ***
Java Distribution IT (windows-latest, temurin, 24)	Integration test setup	2025-06-08T00:31:20.7958061Z env:
Java Distribution IT (windows-latest, temurin, 24)	Integration test setup	2025-06-08T00:31:20.7958296Z   MAVEN_ARGS: -B -nsu -Daether.connector.http.connectionMaxTtl=25
Java Distribution IT (windows-latest, temurin, 24)	Integration test setup	2025-06-08T00:31:20.7977796Z   SUREFIRE_RERUN_FAILING_COUNT: 2
Java Distribution IT (windows-latest, temurin, 24)	Integration test setup	2025-06-08T00:31:20.7978102Z   SUREFIRE_RETRY: -Dsurefire.rerunFailingTestsCount=2
Java Distribution IT (windows-latest, temurin, 24)	Integration test setup	2025-06-08T00:31:20.7978377Z ##[endgroup]
Java Distribution IT (windows-latest, temurin, 24)	Integration test setup	2025-06-08T00:31:21.0507014Z ##[group]Installed distributions
Java Distribution IT (windows-latest, temurin, 24)	Integration test setup	2025-06-08T00:31:21.4782402Z Trying to resolve the latest version from remote
Java Distribution IT (windows-latest, temurin, 24)	Integration test setup	2025-06-08T00:31:22.2141815Z Resolved latest version as 24.0.1+9
Java Distribution IT (windows-latest, temurin, 24)	Integration test setup	2025-06-08T00:31:22.2142283Z Trying to download...
Java Distribution IT (windows-latest, temurin, 24)	Integration test setup	2025-06-08T00:31:22.2146008Z Downloading Java 24.0.1+9 (Temurin-Hotspot) from https://github.com/adoptium/temurin24-binaries/releases/download/jdk-24.0.1%2B9/OpenJDK24U-jdk_x64_windows_hotspot_24.0.1_9.zip ...
Java Distribution IT (windows-latest, temurin, 24)	Integration test setup	2025-06-08T00:31:23.6787635Z Extracting Java archive...
Java Distribution IT (windows-latest, temurin, 24)	Integration test setup	2025-06-08T00:31:24.6789452Z [command]"C:\Program Files\PowerShell\7\pwsh.exe" -NoLogo -NoProfile -NonInteractive -ExecutionPolicy Unrestricted -Command "$ErrorActionPreference = 'Stop' ; try { Add-Type -AssemblyName System.IO.Compression.ZipFile } catch { } ; try { [System.IO.Compression.ZipFile]::ExtractToDirectory('C:\a\_temp\4d50fcfb-4270-4d3c-930a-3b8a24e32e09.zip', 'C:\a\_temp\9cd8aff0-487b-4e66-ba37-61979a5ba40e', $true) } catch { if (($_.Exception.GetType().FullName -eq 'System.Management.Automation.MethodException') -or ($_.Exception.GetType().FullName -eq 'System.Management.Automation.RuntimeException') ){ Expand-Archive -LiteralPath 'C:\a\_temp\4d50fcfb-4270-4d3c-930a-3b8a24e32e09.zip' -DestinationPath 'C:\a\_temp\9cd8aff0-487b-4e66-ba37-61979a5ba40e' -Force } else { throw $_ } } ;"
Java Distribution IT (windows-latest, temurin, 24)	Integration test setup	2025-06-08T00:31:32.5366558Z Java 24.0.1+9 was downloaded
Java Distribution IT (windows-latest, temurin, 24)	Integration test setup	2025-06-08T00:31:32.5367035Z Setting Java 24.0.1+9 as the default
Java Distribution IT (windows-latest, temurin, 24)	Integration test setup	2025-06-08T00:31:32.5395140Z Creating toolchains.xml for JDK version 24 from temurin
Java Distribution IT (windows-latest, temurin, 24)	Integration test setup	2025-06-08T00:31:32.5487766Z Writing to C:\Users\runneradmin\.m2\toolchains.xml
Java Distribution IT (windows-latest, temurin, 24)	Integration test setup	2025-06-08T00:31:32.5492773Z 
Java Distribution IT (windows-latest, temurin, 24)	Integration test setup	2025-06-08T00:31:32.5493045Z Java configuration:
Java Distribution IT (windows-latest, temurin, 24)	Integration test setup	2025-06-08T00:31:32.5493349Z   Distribution: temurin
Java Distribution IT (windows-latest, temurin, 24)	Integration test setup	2025-06-08T00:31:32.5493668Z   Version: 24.0.1+9
Java Distribution IT (windows-latest, temurin, 24)	Integration test setup	2025-06-08T00:31:32.5494338Z   Path: C:\hostedtoolcache\windows\Java_Temurin-Hotspot_jdk\24.0.1-9\x64
Java Distribution IT (windows-latest, temurin, 24)	Integration test setup	2025-06-08T00:31:32.5494798Z 
Java Distribution IT (windows-latest, temurin, 24)	Integration test setup	2025-06-08T00:31:32.5495416Z ##[endgroup]
Java Distribution IT (windows-latest, temurin, 24)	Integration test setup	2025-06-08T00:31:32.5508094Z Creating settings.xml with server-id: github
Java Distribution IT (windows-latest, temurin, 24)	Integration test setup	2025-06-08T00:31:32.5519258Z Writing to C:\Users\runneradmin\.m2\settings.xml
Java Distribution IT (windows-latest, temurin, 24)	Integration test setup	2025-06-08T00:31:32.5748405Z Prepare all required actions
Java Distribution IT (windows-latest, temurin, 24)	Integration test setup	2025-06-08T00:31:32.5748702Z Getting action download info
Java Distribution IT (windows-latest, temurin, 24)	Integration test setup	2025-06-08T00:31:32.7190564Z Download action repository 'actions/cache@5a3ec84eff668545956fd18022155c47e93e2684' (SHA:5a3ec84eff668545956fd18022155c47e93e2684)
Java Distribution IT (windows-latest, temurin, 24)	Integration test setup	2025-06-08T00:31:33.0098636Z ##[group]Run ./.github/actions/maven-cache
Java Distribution IT (windows-latest, temurin, 24)	Integration test setup	2025-06-08T00:31:33.0098944Z with:
Java Distribution IT (windows-latest, temurin, 24)	Integration test setup	2025-06-08T00:31:33.0099165Z   create-cache-if-it-doesnt-exist: false
Java Distribution IT (windows-latest, temurin, 24)	Integration test setup	2025-06-08T00:31:33.0099435Z env:
Java Distribution IT (windows-latest, temurin, 24)	Integration test setup	2025-06-08T00:31:33.0099729Z   MAVEN_ARGS: -B -nsu -Daether.connector.http.connectionMaxTtl=25
Java Distribution IT (windows-latest, temurin, 24)	Integration test setup	2025-06-08T00:31:33.0100802Z   SUREFIRE_RERUN_FAILING_COUNT: 2
Java Distribution IT (windows-latest, temurin, 24)	Integration test setup	2025-06-08T00:31:33.0101135Z   SUREFIRE_RETRY: -Dsurefire.rerunFailingTestsCount=2
Java Distribution IT (windows-latest, temurin, 24)	Integration test setup	2025-06-08T00:31:33.0101609Z   JAVA_HOME: C:\hostedtoolcache\windows\Java_Temurin-Hotspot_jdk\24.0.1-9\x64
Java Distribution IT (windows-latest, temurin, 24)	Integration test setup	2025-06-08T00:31:33.0102165Z   JAVA_HOME_24_X64: C:\hostedtoolcache\windows\Java_Temurin-Hotspot_jdk\24.0.1-9\x64
Java Distribution IT (windows-latest, temurin, 24)	Integration test setup	2025-06-08T00:31:33.0102520Z ##[endgroup]
Java Distribution IT (windows-latest, temurin, 24)	Integration test setup	2025-06-08T00:31:33.0203546Z ##[group]Run echo "key=mvn-`date -u "+%Y-%U"`" >> $GITHUB_OUTPUT
Java Distribution IT (windows-latest, temurin, 24)	Integration test setup	2025-06-08T00:31:33.0203915Z [36;1mecho "key=mvn-`date -u "+%Y-%U"`" >> $GITHUB_OUTPUT[0m
Java Distribution IT (windows-latest, temurin, 24)	Integration test setup	2025-06-08T00:31:33.0217305Z shell: C:\Program Files\Git\bin\bash.EXE --noprofile --norc -e -o pipefail {0}
Java Distribution IT (windows-latest, temurin, 24)	Integration test setup	2025-06-08T00:31:33.0217655Z env:
Java Distribution IT (windows-latest, temurin, 24)	Integration test setup	2025-06-08T00:31:33.0217905Z   MAVEN_ARGS: -B -nsu -Daether.connector.http.connectionMaxTtl=25
Java Distribution IT (windows-latest, temurin, 24)	Integration test setup	2025-06-08T00:31:33.0218226Z   SUREFIRE_RERUN_FAILING_COUNT: 2
Java Distribution IT (windows-latest, temurin, 24)	Integration test setup	2025-06-08T00:31:33.0218497Z   SUREFIRE_RETRY: -Dsurefire.rerunFailingTestsCount=2
Java Distribution IT (windows-latest, temurin, 24)	Integration test setup	2025-06-08T00:31:33.0218895Z   JAVA_HOME: C:\hostedtoolcache\windows\Java_Temurin-Hotspot_jdk\24.0.1-9\x64
Java Distribution IT (windows-latest, temurin, 24)	Integration test setup	2025-06-08T00:31:33.0219352Z   JAVA_HOME_24_X64: C:\hostedtoolcache\windows\Java_Temurin-Hotspot_jdk\24.0.1-9\x64
Java Distribution IT (windows-latest, temurin, 24)	Integration test setup	2025-06-08T00:31:33.0219688Z ##[endgroup]
Java Distribution IT (windows-latest, temurin, 24)	Integration test setup	2025-06-08T00:31:33.6454600Z ##[group]Run mkdir -p ../../../.m2/repository
Java Distribution IT (windows-latest, temurin, 24)	Integration test setup	2025-06-08T00:31:33.6454896Z [36;1mmkdir -p ../../../.m2/repository[0m
Java Distribution IT (windows-latest, temurin, 24)	Integration test setup	2025-06-08T00:31:33.6455205Z [36;1mcmd /c mklink /d $HOME\.m2\repository D:\.m2\repository[0m
Java Distribution IT (windows-latest, temurin, 24)	Integration test setup	2025-06-08T00:31:33.6484056Z shell: C:\Windows\System32\WindowsPowerShell\v1.0\powershell.EXE -command ". '{0}'"
Java Distribution IT (windows-latest, temurin, 24)	Integration test setup	2025-06-08T00:31:33.6485028Z env:
Java Distribution IT (windows-latest, temurin, 24)	Integration test setup	2025-06-08T00:31:33.6485282Z   MAVEN_ARGS: -B -nsu -Daether.connector.http.connectionMaxTtl=25
Java Distribution IT (windows-latest, temurin, 24)	Integration test setup	2025-06-08T00:31:33.6485607Z   SUREFIRE_RERUN_FAILING_COUNT: 2
Java Distribution IT (windows-latest, temurin, 24)	Integration test setup	2025-06-08T00:31:33.6485874Z   SUREFIRE_RETRY: -Dsurefire.rerunFailingTestsCount=2
Java Distribution IT (windows-latest, temurin, 24)	Integration test setup	2025-06-08T00:31:33.6486468Z   JAVA_HOME: C:\hostedtoolcache\windows\Java_Temurin-Hotspot_jdk\24.0.1-9\x64
Java Distribution IT (windows-latest, temurin, 24)	Integration test setup	2025-06-08T00:31:33.6486946Z   JAVA_HOME_24_X64: C:\hostedtoolcache\windows\Java_Temurin-Hotspot_jdk\24.0.1-9\x64
Java Distribution IT (windows-latest, temurin, 24)	Integration test setup	2025-06-08T00:31:33.6487289Z ##[endgroup]
Java Distribution IT (windows-latest, temurin, 24)	Integration test setup	2025-06-08T00:31:33.8967668Z 
Java Distribution IT (windows-latest, temurin, 24)	Integration test setup	2025-06-08T00:31:33.8968893Z 
Java Distribution IT (windows-latest, temurin, 24)	Integration test setup	2025-06-08T00:31:33.8971902Z     Directory: C:\.m2
Java Distribution IT (windows-latest, temurin, 24)	Integration test setup	2025-06-08T00:31:33.8972169Z 
Java Distribution IT (windows-latest, temurin, 24)	Integration test setup	2025-06-08T00:31:33.8972769Z 
Java Distribution IT (windows-latest, temurin, 24)	Integration test setup	2025-06-08T00:31:33.8983703Z Mode                 LastWriteTime         Length Name                                                                 
Java Distribution IT (windows-latest, temurin, 24)	Integration test setup	2025-06-08T00:31:33.8988283Z ----                 -------------         ------ ----                                                                 
Java Distribution IT (windows-latest, temurin, 24)	Integration test setup	2025-06-08T00:31:33.8998006Z d-----          6/8/2025  12:31 AM                repository                                                           
Java Distribution IT (windows-latest, temurin, 24)	Integration test setup	2025-06-08T00:31:33.9106794Z symbolic link created for C:\Users\runneradmin\.m2\repository <<===>> D:\.m2\repository
Java Distribution IT (windows-latest, temurin, 24)	Integration test setup	2025-06-08T00:31:33.9254965Z 
Java Distribution IT (windows-latest, temurin, 24)	Integration test setup	2025-06-08T00:31:33.9256204Z 
Java Distribution IT (windows-latest, temurin, 24)	Integration test setup	2025-06-08T00:31:33.9503062Z ##[group]Run actions/cache/restore@5a3ec84eff668545956fd18022155c47e93e2684
Java Distribution IT (windows-latest, temurin, 24)	Integration test setup	2025-06-08T00:31:33.9503426Z with:
Java Distribution IT (windows-latest, temurin, 24)	Integration test setup	2025-06-08T00:31:33.9503676Z   path: ~/.m2/repository/*/*
Java Distribution IT (windows-latest, temurin, 24)	Integration test setup	!~/.m2/repository/org/keycloak
Java Distribution IT (windows-latest, temurin, 24)	Integration test setup	
Java Distribution IT (windows-latest, temurin, 24)	Integration test setup	2025-06-08T00:31:33.9503970Z   key: mvn-2025-23
Java Distribution IT (windows-latest, temurin, 24)	Integration test setup	2025-06-08T00:31:33.9504150Z   enableCrossOsArchive: true
Java Distribution IT (windows-latest, temurin, 24)	Integration test setup	2025-06-08T00:31:33.9504364Z   fail-on-cache-miss: false
Java Distribution IT (windows-latest, temurin, 24)	Integration test setup	2025-06-08T00:31:33.9504557Z   lookup-only: false
Java Distribution IT (windows-latest, temurin, 24)	Integration test setup	2025-06-08T00:31:33.9504720Z env:
Java Distribution IT (windows-latest, temurin, 24)	Integration test setup	2025-06-08T00:31:33.9504959Z   MAVEN_ARGS: -B -nsu -Daether.connector.http.connectionMaxTtl=25
Java Distribution IT (windows-latest, temurin, 24)	Integration test setup	2025-06-08T00:31:33.9505271Z   SUREFIRE_RERUN_FAILING_COUNT: 2
Java Distribution IT (windows-latest, temurin, 24)	Integration test setup	2025-06-08T00:31:33.9505530Z   SUREFIRE_RETRY: -Dsurefire.rerunFailingTestsCount=2
Java Distribution IT (windows-latest, temurin, 24)	Integration test setup	2025-06-08T00:31:33.9505919Z   JAVA_HOME: C:\hostedtoolcache\windows\Java_Temurin-Hotspot_jdk\24.0.1-9\x64
Java Distribution IT (windows-latest, temurin, 24)	Integration test setup	2025-06-08T00:31:33.9506358Z   JAVA_HOME_24_X64: C:\hostedtoolcache\windows\Java_Temurin-Hotspot_jdk\24.0.1-9\x64
Java Distribution IT (windows-latest, temurin, 24)	Integration test setup	2025-06-08T00:31:33.9506688Z ##[endgroup]
Java Distribution IT (windows-latest, temurin, 24)	Integration test setup	2025-06-08T00:31:34.4866087Z Cache hit for: mvn-2025-23
Java Distribution IT (windows-latest, temurin, 24)	Integration test setup	2025-06-08T00:31:35.8131403Z Received 46137344 of 670337732 (6.9%), 43.9 MBs/sec
Java Distribution IT (windows-latest, temurin, 24)	Integration test setup	2025-06-08T00:31:37.9611473Z Received 134217728 of 670337732 (20.0%), 40.6 MBs/sec
Java Distribution IT (windows-latest, temurin, 24)	Integration test setup	2025-06-08T00:31:39.9377211Z Received 268435456 of 670337732 (40.0%), 49.9 MBs/sec
Java Distribution IT (windows-latest, temurin, 24)	Integration test setup	2025-06-08T00:31:42.0830415Z Received 402653184 of 670337732 (60.1%), 52.8 MBs/sec
Java Distribution IT (windows-latest, temurin, 24)	Integration test setup	2025-06-08T00:31:43.9449178Z Received 536870912 of 670337732 (80.1%), 56.1 MBs/sec
Java Distribution IT (windows-latest, temurin, 24)	Integration test setup	2025-06-08T00:31:46.0331012Z Received 670337732 of 670337732 (100.0%), 57.0 MBs/sec
Java Distribution IT (windows-latest, temurin, 24)	Integration test setup	2025-06-08T00:31:46.0337137Z Cache Size: ~639 MB (670337732 B)
Java Distribution IT (windows-latest, temurin, 24)	Integration test setup	2025-06-08T00:31:46.0469282Z [command]"C:\Program Files\Git\usr\bin\tar.exe" -xf C:/a/_temp/c198f0f1-5a36-4cf2-b7bd-7dd47ae2a2f1/cache.tzst -P -C C:/a/keycloak/keycloak --force-local --use-compress-program "zstd -d"
Java Distribution IT (windows-latest, temurin, 24)	Integration test setup	2025-06-08T00:32:17.6225278Z Cache restored successfully
Java Distribution IT (windows-latest, temurin, 24)	Integration test setup	2025-06-08T00:32:17.6641003Z Cache restored from key: mvn-2025-23
Java Distribution IT (windows-latest, temurin, 24)	Integration test setup	2025-06-08T00:32:17.6828132Z Prepare all required actions
Java Distribution IT (windows-latest, temurin, 24)	Integration test setup	2025-06-08T00:32:17.6856048Z Getting action download info
Java Distribution IT (windows-latest, temurin, 24)	Integration test setup	2025-06-08T00:32:17.8508504Z ##[group]Run ./.github/actions/node-cache
Java Distribution IT (windows-latest, temurin, 24)	Integration test setup	2025-06-08T00:32:17.8508807Z env:
Java Distribution IT (windows-latest, temurin, 24)	Integration test setup	2025-06-08T00:32:17.8509110Z   MAVEN_ARGS: -B -nsu -Daether.connector.http.connectionMaxTtl=25
Java Distribution IT (windows-latest, temurin, 24)	Integration test setup	2025-06-08T00:32:17.8509450Z   SUREFIRE_RERUN_FAILING_COUNT: 2
Java Distribution IT (windows-latest, temurin, 24)	Integration test setup	2025-06-08T00:32:17.8509728Z   SUREFIRE_RETRY: -Dsurefire.rerunFailingTestsCount=2
Java Distribution IT (windows-latest, temurin, 24)	Integration test setup	2025-06-08T00:32:17.8510118Z   JAVA_HOME: C:\hostedtoolcache\windows\Java_Temurin-Hotspot_jdk\24.0.1-9\x64
Java Distribution IT (windows-latest, temurin, 24)	Integration test setup	2025-06-08T00:32:17.8510571Z   JAVA_HOME_24_X64: C:\hostedtoolcache\windows\Java_Temurin-Hotspot_jdk\24.0.1-9\x64
Java Distribution IT (windows-latest, temurin, 24)	Integration test setup	2025-06-08T00:32:17.8510962Z ##[endgroup]
Java Distribution IT (windows-latest, temurin, 24)	Integration test setup	2025-06-08T00:32:17.8666098Z ##[group]Run echo "node=$(cat js/pom.xml | grep '<node.version>' | cut -d '>' -f 2 | cut -d '<' -f 1 | cut -c 2-)" >> $GITHUB_OUTPUT
Java Distribution IT (windows-latest, temurin, 24)	Integration test setup	2025-06-08T00:32:17.8666942Z [36;1mecho "node=$(cat js/pom.xml | grep '<node.version>' | cut -d '>' -f 2 | cut -d '<' -f 1 | cut -c 2-)" >> $GITHUB_OUTPUT[0m
Java Distribution IT (windows-latest, temurin, 24)	Integration test setup	2025-06-08T00:32:17.8667606Z [36;1mecho "pnpm=$(cat js/pom.xml | grep '<pnpm.version>' | cut -d '>' -f 2 | cut -d '<' -f 1 | cut -c 1-)" >> $GITHUB_OUTPUT[0m
Java Distribution IT (windows-latest, temurin, 24)	Integration test setup	2025-06-08T00:32:17.8678391Z shell: C:\Program Files\Git\bin\bash.EXE --noprofile --norc -e -o pipefail {0}
Java Distribution IT (windows-latest, temurin, 24)	Integration test setup	2025-06-08T00:32:17.8678739Z env:
Java Distribution IT (windows-latest, temurin, 24)	Integration test setup	2025-06-08T00:32:17.8678992Z   MAVEN_ARGS: -B -nsu -Daether.connector.http.connectionMaxTtl=25
Java Distribution IT (windows-latest, temurin, 24)	Integration test setup	2025-06-08T00:32:17.8679325Z   SUREFIRE_RERUN_FAILING_COUNT: 2
Java Distribution IT (windows-latest, temurin, 24)	Integration test setup	2025-06-08T00:32:17.8679603Z   SUREFIRE_RETRY: -Dsurefire.rerunFailingTestsCount=2
Java Distribution IT (windows-latest, temurin, 24)	Integration test setup	2025-06-08T00:32:17.8680006Z   JAVA_HOME: C:\hostedtoolcache\windows\Java_Temurin-Hotspot_jdk\24.0.1-9\x64
Java Distribution IT (windows-latest, temurin, 24)	Integration test setup	2025-06-08T00:32:17.8680457Z   JAVA_HOME_24_X64: C:\hostedtoolcache\windows\Java_Temurin-Hotspot_jdk\24.0.1-9\x64
Java Distribution IT (windows-latest, temurin, 24)	Integration test setup	2025-06-08T00:32:17.8680796Z ##[endgroup]
Java Distribution IT (windows-latest, temurin, 24)	Integration test setup	2025-06-08T00:32:18.1536979Z ##[group]Run actions/cache@5a3ec84eff668545956fd18022155c47e93e2684
Java Distribution IT (windows-latest, temurin, 24)	Integration test setup	2025-06-08T00:32:18.1537363Z with:
Java Distribution IT (windows-latest, temurin, 24)	Integration test setup	2025-06-08T00:32:18.1537716Z   path: ~/.m2/repository/com/github/eirslett/node
Java Distribution IT (windows-latest, temurin, 24)	Integration test setup	~/.m2/repository/com/github/eirslett/pnpm
Java Distribution IT (windows-latest, temurin, 24)	Integration test setup	
Java Distribution IT (windows-latest, temurin, 24)	Integration test setup	2025-06-08T00:32:18.1538202Z   key: Windows-frontend-plugin-artifacts-22.14.0-10.4.1
Java Distribution IT (windows-latest, temurin, 24)	Integration test setup	2025-06-08T00:32:18.1538529Z   enableCrossOsArchive: false
Java Distribution IT (windows-latest, temurin, 24)	Integration test setup	2025-06-08T00:32:18.1538755Z   fail-on-cache-miss: false
Java Distribution IT (windows-latest, temurin, 24)	Integration test setup	2025-06-08T00:32:18.1538955Z   lookup-only: false
Java Distribution IT (windows-latest, temurin, 24)	Integration test setup	2025-06-08T00:32:18.1539137Z   save-always: false
Java Distribution IT (windows-latest, temurin, 24)	Integration test setup	2025-06-08T00:32:18.1539294Z env:
Java Distribution IT (windows-latest, temurin, 24)	Integration test setup	2025-06-08T00:32:18.1539542Z   MAVEN_ARGS: -B -nsu -Daether.connector.http.connectionMaxTtl=25
Java Distribution IT (windows-latest, temurin, 24)	Integration test setup	2025-06-08T00:32:18.1539862Z   SUREFIRE_RERUN_FAILING_COUNT: 2
Java Distribution IT (windows-latest, temurin, 24)	Integration test setup	2025-06-08T00:32:18.1540129Z   SUREFIRE_RETRY: -Dsurefire.rerunFailingTestsCount=2
Java Distribution IT (windows-latest, temurin, 24)	Integration test setup	2025-06-08T00:32:18.1540513Z   JAVA_HOME: C:\hostedtoolcache\windows\Java_Temurin-Hotspot_jdk\24.0.1-9\x64
Java Distribution IT (windows-latest, temurin, 24)	Integration test setup	2025-06-08T00:32:18.1540976Z   JAVA_HOME_24_X64: C:\hostedtoolcache\windows\Java_Temurin-Hotspot_jdk\24.0.1-9\x64
Java Distribution IT (windows-latest, temurin, 24)	Integration test setup	2025-06-08T00:32:18.1541309Z ##[endgroup]
Java Distribution IT (windows-latest, temurin, 24)	Integration test setup	2025-06-08T00:32:18.6624838Z Cache hit for: Windows-frontend-plugin-artifacts-22.14.0-10.4.1
Java Distribution IT (windows-latest, temurin, 24)	Integration test setup	2025-06-08T00:32:19.8953768Z Received 41943040 of 180285260 (23.3%), 39.9 MBs/sec
Java Distribution IT (windows-latest, temurin, 24)	Integration test setup	2025-06-08T00:32:21.9550453Z Received 134217728 of 180285260 (74.4%), 41.8 MBs/sec
Java Distribution IT (windows-latest, temurin, 24)	Integration test setup	2025-06-08T00:32:23.0928763Z Received 180285260 of 180285260 (100.0%), 40.9 MBs/sec
Java Distribution IT (windows-latest, temurin, 24)	Integration test setup	2025-06-08T00:32:23.0934876Z Cache Size: ~172 MB (180285260 B)
Java Distribution IT (windows-latest, temurin, 24)	Integration test setup	2025-06-08T00:32:23.1060662Z [command]"C:\Program Files\Git\usr\bin\tar.exe" -xf C:/a/_temp/21395544-f228-408b-ae88-4ea32a046b3d/cache.tzst -P -C C:/a/keycloak/keycloak --force-local --use-compress-program "zstd -d"
Java Distribution IT (windows-latest, temurin, 24)	Integration test setup	2025-06-08T00:32:23.1428108Z /usr/bin/tar: C\:/Users/runneradmin/.m2/repository/com: Cannot mkdir: No such file or directory
Java Distribution IT (windows-latest, temurin, 24)	Integration test setup	2025-06-08T00:32:23.1429732Z /usr/bin/tar: C\:/Users/runneradmin/.m2/repository/com/github/eirslett/node: Cannot mkdir: No such file or directory
Java Distribution IT (windows-latest, temurin, 24)	Integration test setup	2025-06-08T00:32:23.1431208Z /usr/bin/tar: C\:/Users/runneradmin/.m2/repository/com: Cannot mkdir: No such file or directory
Java Distribution IT (windows-latest, temurin, 24)	Integration test setup	2025-06-08T00:32:23.1432707Z /usr/bin/tar: C\:/Users/runneradmin/.m2/repository/com/github/eirslett/node/22.11.0: Cannot mkdir: No such file or directory
Java Distribution IT (windows-latest, temurin, 24)	Integration test setup	2025-06-08T00:32:23.1436234Z /usr/bin/tar: C\:/Users/runneradmin/.m2/repository/com: Cannot mkdir: No such file or directory
Java Distribution IT (windows-latest, temurin, 24)	Integration test setup	2025-06-08T00:32:23.1794223Z /usr/bin/tar: C\:/Users/runneradmin/.m2/repository/com/github/eirslett/node/22.11.0/node-22.11.0-linux-x64.tar.gz: Cannot open: No such file or directory
Java Distribution IT (windows-latest, temurin, 24)	Integration test setup	2025-06-08T00:32:23.1801049Z /usr/bin/tar: C\:/Users/runneradmin/.m2/repository/com: Cannot mkdir: No such file or directory
Java Distribution IT (windows-latest, temurin, 24)	Integration test setup	2025-06-08T00:32:23.4240524Z /usr/bin/tar: C\:/Users/runneradmin/.m2/repository/com/github/eirslett/node/22.11.0/node-22.11.0-win-x64.exe: Cannot open: No such file or directory
Java Distribution IT (windows-latest, temurin, 24)	Integration test setup	2025-06-08T00:32:23.4246490Z /usr/bin/tar: C\:/Users/runneradmin/.m2/repository/com: Cannot mkdir: No such file or directory
Java Distribution IT (windows-latest, temurin, 24)	Integration test setup	2025-06-08T00:32:23.4248168Z /usr/bin/tar: C\:/Users/runneradmin/.m2/repository/com/github/eirslett/node/22.14.0: Cannot mkdir: No such file or directory
Java Distribution IT (windows-latest, temurin, 24)	Integration test setup	2025-06-08T00:32:23.4253034Z /usr/bin/tar: C\:/Users/runneradmin/.m2/repository/com: Cannot mkdir: No such file or directory
Java Distribution IT (windows-latest, temurin, 24)	Integration test setup	2025-06-08T00:32:23.4633632Z /usr/bin/tar: C\:/Users/runneradmin/.m2/repository/com/github/eirslett/node/22.14.0/node-22.14.0-linux-x64.tar.gz: Cannot open: No such file or directory
Java Distribution IT (windows-latest, temurin, 24)	Integration test setup	2025-06-08T00:32:23.4642314Z /usr/bin/tar: C\:/Users/runneradmin/.m2/repository/com: Cannot mkdir: No such file or directory
Java Distribution IT (windows-latest, temurin, 24)	Integration test setup	2025-06-08T00:32:23.7375061Z /usr/bin/tar: C\:/Users/runneradmin/.m2/repository/com/github/eirslett/node/22.14.0/node-22.14.0-win-x64.exe: Cannot open: No such file or directory
Java Distribution IT (windows-latest, temurin, 24)	Integration test setup	2025-06-08T00:32:23.7380737Z /usr/bin/tar: C\:/Users/runneradmin/.m2/repository/com: Cannot mkdir: No such file or directory
Java Distribution IT (windows-latest, temurin, 24)	Integration test setup	2025-06-08T00:32:23.7381519Z /usr/bin/tar: C\:/Users/runneradmin/.m2/repository/com/github/eirslett/pnpm: Cannot mkdir: No such file or directory
Java Distribution IT (windows-latest, temurin, 24)	Integration test setup	2025-06-08T00:32:23.7387041Z /usr/bin/tar: C\:/Users/runneradmin/.m2/repository/com: Cannot mkdir: No such file or directory
Java Distribution IT (windows-latest, temurin, 24)	Integration test setup	2025-06-08T00:32:23.7388371Z /usr/bin/tar: C\:/Users/runneradmin/.m2/repository/com/github/eirslett/pnpm/10.3.0: Cannot mkdir: No such file or directory
Java Distribution IT (windows-latest, temurin, 24)	Integration test setup	2025-06-08T00:32:23.7393295Z /usr/bin/tar: C\:/Users/runneradmin/.m2/repository/com: Cannot mkdir: No such file or directory
Java Distribution IT (windows-latest, temurin, 24)	Integration test setup	2025-06-08T00:32:23.7424329Z /usr/bin/tar: C\:/Users/runneradmin/.m2/repository/com/github/eirslett/pnpm/10.3.0/pnpm-10.3.0.tar.gz: Cannot open: No such file or directory
Java Distribution IT (windows-latest, temurin, 24)	Integration test setup	2025-06-08T00:32:23.7429971Z /usr/bin/tar: C\:/Users/runneradmin/.m2/repository/com: Cannot mkdir: No such file or directory
Java Distribution IT (windows-latest, temurin, 24)	Integration test setup	2025-06-08T00:32:23.7431346Z /usr/bin/tar: C\:/Users/runneradmin/.m2/repository/com/github/eirslett/pnpm/10.4.1: Cannot mkdir: No such file or directory
Java Distribution IT (windows-latest, temurin, 24)	Integration test setup	2025-06-08T00:32:23.7436004Z /usr/bin/tar: C\:/Users/runneradmin/.m2/repository/com: Cannot mkdir: No such file or directory
Java Distribution IT (windows-latest, temurin, 24)	Integration test setup	2025-06-08T00:32:23.7468365Z /usr/bin/tar: C\:/Users/runneradmin/.m2/repository/com/github/eirslett/pnpm/10.4.1/pnpm-10.4.1.tar.gz: Cannot open: No such file or directory
Java Distribution IT (windows-latest, temurin, 24)	Integration test setup	2025-06-08T00:32:23.7473929Z /usr/bin/tar: C\:/Users/runneradmin/.m2/repository/com: Cannot mkdir: No such file or directory
Java Distribution IT (windows-latest, temurin, 24)	Integration test setup	2025-06-08T00:32:23.7475251Z /usr/bin/tar: C\:/Users/runneradmin/.m2/repository/com/github/eirslett/pnpm/9.14.4: Cannot mkdir: No such file or directory
Java Distribution IT (windows-latest, temurin, 24)	Integration test setup	2025-06-08T00:32:23.7480110Z /usr/bin/tar: C\:/Users/runneradmin/.m2/repository/com: Cannot mkdir: No such file or directory
Java Distribution IT (windows-latest, temurin, 24)	Integration test setup	2025-06-08T00:32:23.7508949Z /usr/bin/tar: C\:/Users/runneradmin/.m2/repository/com/github/eirslett/pnpm/9.14.4/pnpm-9.14.4.tar.gz: Cannot open: No such file or directory
Java Distribution IT (windows-latest, temurin, 24)	Integration test setup	2025-06-08T00:32:23.7526040Z /usr/bin/tar: Exiting with failure status due to previous errors
Java Distribution IT (windows-latest, temurin, 24)	Integration test setup	2025-06-08T00:32:23.7563022Z ##[warning]Failed to restore: "C:\Program failed with error: The process 'C:\Program Files\Git\usr\bin\tar.exe' failed with exit code 2
Java Distribution IT (windows-latest, temurin, 24)	Integration test setup	2025-06-08T00:32:23.7646773Z Cache not found for input keys: Windows-frontend-plugin-artifacts-22.14.0-10.4.1
Java Distribution IT (windows-latest, temurin, 24)	Integration test setup	2025-06-08T00:32:23.7901436Z ##[group]Run ./.github/scripts/download-node-tooling.sh 22.14.0 10.4.1
Java Distribution IT (windows-latest, temurin, 24)	Integration test setup	2025-06-08T00:32:23.7901889Z [36;1m./.github/scripts/download-node-tooling.sh 22.14.0 10.4.1[0m
Java Distribution IT (windows-latest, temurin, 24)	Integration test setup	2025-06-08T00:32:23.7913463Z shell: C:\Program Files\Git\bin\bash.EXE --noprofile --norc -e -o pipefail {0}
Java Distribution IT (windows-latest, temurin, 24)	Integration test setup	2025-06-08T00:32:23.7913842Z env:
Java Distribution IT (windows-latest, temurin, 24)	Integration test setup	2025-06-08T00:32:23.7914112Z   MAVEN_ARGS: -B -nsu -Daether.connector.http.connectionMaxTtl=25
Java Distribution IT (windows-latest, temurin, 24)	Integration test setup	2025-06-08T00:32:23.7914448Z   SUREFIRE_RERUN_FAILING_COUNT: 2
Java Distribution IT (windows-latest, temurin, 24)	Integration test setup	2025-06-08T00:32:23.7914745Z   SUREFIRE_RETRY: -Dsurefire.rerunFailingTestsCount=2
Java Distribution IT (windows-latest, temurin, 24)	Integration test setup	2025-06-08T00:32:23.7915153Z   JAVA_HOME: C:\hostedtoolcache\windows\Java_Temurin-Hotspot_jdk\24.0.1-9\x64
Java Distribution IT (windows-latest, temurin, 24)	Integration test setup	2025-06-08T00:32:23.7915628Z   JAVA_HOME_24_X64: C:\hostedtoolcache\windows\Java_Temurin-Hotspot_jdk\24.0.1-9\x64
Java Distribution IT (windows-latest, temurin, 24)	Integration test setup	2025-06-08T00:32:23.7915981Z ##[endgroup]
Java Distribution IT (windows-latest, temurin, 24)	Integration test setup	2025-06-08T00:32:23.8967055Z Downloading node-v22.14.0-linux-x64.tar.gz...
Java Distribution IT (windows-latest, temurin, 24)	Integration test setup	2025-06-08T00:32:23.9575959Z mkdir: cannot create directory '/c/Users/runneradmin/.m2/repository': File exists
Java Distribution IT (windows-latest, temurin, 24)	Integration test setup	2025-06-08T00:32:23.9615956Z ##[error]Process completed with exit code 1.
Quarkus UT (windows-latest)	Integration test setup	2025-06-08T00:31:26.6438974Z Prepare all required actions
Quarkus UT (windows-latest)	Integration test setup	2025-06-08T00:31:26.6439544Z Getting action download info
Quarkus UT (windows-latest)	Integration test setup	2025-06-08T00:31:26.7926571Z Download action repository 'actions/download-artifact@d3f86a106a0bac45b974a628896c90dbdf5c8093' (SHA:d3f86a106a0bac45b974a628896c90dbdf5c8093)
Quarkus UT (windows-latest)	Integration test setup	2025-06-08T00:31:27.7632719Z ##[group]Run ./.github/actions/integration-test-setup
Quarkus UT (windows-latest)	Integration test setup	2025-06-08T00:31:27.7633015Z with:
Quarkus UT (windows-latest)	Integration test setup	2025-06-08T00:31:27.7633173Z   jdk-dist: temurin
Quarkus UT (windows-latest)	Integration test setup	2025-06-08T00:31:27.7633351Z   jdk-version: 21
Quarkus UT (windows-latest)	Integration test setup	2025-06-08T00:31:27.7633517Z env:
Quarkus UT (windows-latest)	Integration test setup	2025-06-08T00:31:27.7633768Z   MAVEN_ARGS: -B -nsu -Daether.connector.http.connectionMaxTtl=25
Quarkus UT (windows-latest)	Integration test setup	2025-06-08T00:31:27.7634089Z   SUREFIRE_RERUN_FAILING_COUNT: 2
Quarkus UT (windows-latest)	Integration test setup	2025-06-08T00:31:27.7634355Z   SUREFIRE_RETRY: -Dsurefire.rerunFailingTestsCount=2
Quarkus UT (windows-latest)	Integration test setup	2025-06-08T00:31:27.7634638Z ##[endgroup]
Quarkus UT (windows-latest)	Integration test setup	2025-06-08T00:31:27.7798666Z Prepare all required actions
Quarkus UT (windows-latest)	Integration test setup	2025-06-08T00:31:27.7889336Z ##[group]Run ./.github/actions/update-hosts
Quarkus UT (windows-latest)	Integration test setup	2025-06-08T00:31:27.7889658Z env:
Quarkus UT (windows-latest)	Integration test setup	2025-06-08T00:31:27.7889982Z   MAVEN_ARGS: -B -nsu -Daether.connector.http.connectionMaxTtl=25
Quarkus UT (windows-latest)	Integration test setup	2025-06-08T00:31:27.7890427Z   SUREFIRE_RERUN_FAILING_COUNT: 2
Quarkus UT (windows-latest)	Integration test setup	2025-06-08T00:31:27.7890774Z   SUREFIRE_RETRY: -Dsurefire.rerunFailingTestsCount=2
Quarkus UT (windows-latest)	Integration test setup	2025-06-08T00:31:27.7891111Z ##[endgroup]
Quarkus UT (windows-latest)	Integration test setup	2025-06-08T00:31:27.8028376Z ##[group]Run "`n`n" | Add-Content C:\Windows\System32\drivers\etc\hosts
Quarkus UT (windows-latest)	Integration test setup	2025-06-08T00:31:27.8028909Z [36;1m"`n`n" | Add-Content C:\Windows\System32\drivers\etc\hosts[0m
Quarkus UT (windows-latest)	Integration test setup	2025-06-08T00:31:27.8029473Z [36;1mGet-Content .github/actions/update-hosts/nipio-hosts | Add-Content C:\Windows\System32\drivers\etc\hosts[0m
Quarkus UT (windows-latest)	Integration test setup	2025-06-08T00:31:27.8083290Z shell: C:\Windows\System32\WindowsPowerShell\v1.0\powershell.EXE -command ". '{0}'"
Quarkus UT (windows-latest)	Integration test setup	2025-06-08T00:31:27.8083912Z env:
Quarkus UT (windows-latest)	Integration test setup	2025-06-08T00:31:27.8084181Z   MAVEN_ARGS: -B -nsu -Daether.connector.http.connectionMaxTtl=25
Quarkus UT (windows-latest)	Integration test setup	2025-06-08T00:31:27.8084517Z   SUREFIRE_RERUN_FAILING_COUNT: 2
Quarkus UT (windows-latest)	Integration test setup	2025-06-08T00:31:27.8084798Z   SUREFIRE_RETRY: -Dsurefire.rerunFailingTestsCount=2
Quarkus UT (windows-latest)	Integration test setup	2025-06-08T00:31:27.8085072Z ##[endgroup]
Quarkus UT (windows-latest)	Integration test setup	2025-06-08T00:31:28.0811648Z Prepare all required actions
Quarkus UT (windows-latest)	Integration test setup	2025-06-08T00:31:28.0811952Z Getting action download info
Quarkus UT (windows-latest)	Integration test setup	2025-06-08T00:31:28.2321164Z Download action repository 'actions/setup-java@c5195efecf7bdfc987ee8bae7a71cb8b11521c00' (SHA:c5195efecf7bdfc987ee8bae7a71cb8b11521c00)
Quarkus UT (windows-latest)	Integration test setup	2025-06-08T00:31:29.0101543Z ##[group]Run ./.github/actions/java-setup
Quarkus UT (windows-latest)	Integration test setup	2025-06-08T00:31:29.0101812Z with:
Quarkus UT (windows-latest)	Integration test setup	2025-06-08T00:31:29.0101985Z   distribution: temurin
Quarkus UT (windows-latest)	Integration test setup	2025-06-08T00:31:29.0102183Z   java-version: 21
Quarkus UT (windows-latest)	Integration test setup	2025-06-08T00:31:29.0102344Z env:
Quarkus UT (windows-latest)	Integration test setup	2025-06-08T00:31:29.0102604Z   MAVEN_ARGS: -B -nsu -Daether.connector.http.connectionMaxTtl=25
Quarkus UT (windows-latest)	Integration test setup	2025-06-08T00:31:29.0102937Z   SUREFIRE_RERUN_FAILING_COUNT: 2
Quarkus UT (windows-latest)	Integration test setup	2025-06-08T00:31:29.0103212Z   SUREFIRE_RETRY: -Dsurefire.rerunFailingTestsCount=2
Quarkus UT (windows-latest)	Integration test setup	2025-06-08T00:31:29.0103507Z ##[endgroup]
Quarkus UT (windows-latest)	Integration test setup	2025-06-08T00:31:29.0296236Z ##[group]Run actions/setup-java@c5195efecf7bdfc987ee8bae7a71cb8b11521c00
Quarkus UT (windows-latest)	Integration test setup	2025-06-08T00:31:29.0296590Z with:
Quarkus UT (windows-latest)	Integration test setup	2025-06-08T00:31:29.0296764Z   distribution: temurin
Quarkus UT (windows-latest)	Integration test setup	2025-06-08T00:31:29.0296979Z   java-version: 21
Quarkus UT (windows-latest)	Integration test setup	2025-06-08T00:31:29.0297153Z   java-package: jdk
Quarkus UT (windows-latest)	Integration test setup	2025-06-08T00:31:29.0297338Z   check-latest: false
Quarkus UT (windows-latest)	Integration test setup	2025-06-08T00:31:29.0297521Z   server-id: github
Quarkus UT (windows-latest)	Integration test setup	2025-06-08T00:31:29.0297711Z   server-username: GITHUB_ACTOR
Quarkus UT (windows-latest)	Integration test setup	2025-06-08T00:31:29.0297939Z   server-password: GITHUB_TOKEN
Quarkus UT (windows-latest)	Integration test setup	2025-06-08T00:31:29.0298154Z   overwrite-settings: true
Quarkus UT (windows-latest)	Integration test setup	2025-06-08T00:31:29.0298355Z   job-status: success
Quarkus UT (windows-latest)	Integration test setup	2025-06-08T00:31:29.0298636Z   token: ***
Quarkus UT (windows-latest)	Integration test setup	2025-06-08T00:31:29.0298801Z env:
Quarkus UT (windows-latest)	Integration test setup	2025-06-08T00:31:29.0299063Z   MAVEN_ARGS: -B -nsu -Daether.connector.http.connectionMaxTtl=25
Quarkus UT (windows-latest)	Integration test setup	2025-06-08T00:31:29.0299410Z   SUREFIRE_RERUN_FAILING_COUNT: 2
Quarkus UT (windows-latest)	Integration test setup	2025-06-08T00:31:29.0299682Z   SUREFIRE_RETRY: -Dsurefire.rerunFailingTestsCount=2
Quarkus UT (windows-latest)	Integration test setup	2025-06-08T00:31:29.0299974Z ##[endgroup]
Quarkus UT (windows-latest)	Integration test setup	2025-06-08T00:31:29.2819312Z ##[group]Installed distributions
Quarkus UT (windows-latest)	Integration test setup	2025-06-08T00:31:29.3021852Z Resolved Java 21.0.7+6.0 from tool-cache
Quarkus UT (windows-latest)	Integration test setup	2025-06-08T00:31:29.3022560Z Setting Java 21.0.7+6.0 as the default
Quarkus UT (windows-latest)	Integration test setup	2025-06-08T00:31:29.3069491Z Creating toolchains.xml for JDK version 21 from temurin
Quarkus UT (windows-latest)	Integration test setup	2025-06-08T00:31:29.3225331Z Writing to C:\Users\runneradmin\.m2\toolchains.xml
Quarkus UT (windows-latest)	Integration test setup	2025-06-08T00:31:29.3229663Z 
Quarkus UT (windows-latest)	Integration test setup	2025-06-08T00:31:29.3230290Z Java configuration:
Quarkus UT (windows-latest)	Integration test setup	2025-06-08T00:31:29.3230712Z   Distribution: temurin
Quarkus UT (windows-latest)	Integration test setup	2025-06-08T00:31:29.3231067Z   Version: 21.0.7+6.0
Quarkus UT (windows-latest)	Integration test setup	2025-06-08T00:31:29.3232210Z   Path: C:\hostedtoolcache\windows\Java_Temurin-Hotspot_jdk\21.0.7-6.0\x64
Quarkus UT (windows-latest)	Integration test setup	2025-06-08T00:31:29.3232723Z 
Quarkus UT (windows-latest)	Integration test setup	2025-06-08T00:31:29.3233982Z ##[endgroup]
Quarkus UT (windows-latest)	Integration test setup	2025-06-08T00:31:29.3250684Z Creating settings.xml with server-id: github
Quarkus UT (windows-latest)	Integration test setup	2025-06-08T00:31:29.3266247Z Writing to C:\Users\runneradmin\.m2\settings.xml
Quarkus UT (windows-latest)	Integration test setup	2025-06-08T00:31:29.3483098Z Prepare all required actions
Quarkus UT (windows-latest)	Integration test setup	2025-06-08T00:31:29.3483419Z Getting action download info
Quarkus UT (windows-latest)	Integration test setup	2025-06-08T00:31:29.4803705Z Download action repository 'actions/cache@5a3ec84eff668545956fd18022155c47e93e2684' (SHA:5a3ec84eff668545956fd18022155c47e93e2684)
Quarkus UT (windows-latest)	Integration test setup	2025-06-08T00:31:30.1274606Z ##[group]Run ./.github/actions/maven-cache
Quarkus UT (windows-latest)	Integration test setup	2025-06-08T00:31:30.1274910Z with:
Quarkus UT (windows-latest)	Integration test setup	2025-06-08T00:31:30.1275118Z   create-cache-if-it-doesnt-exist: false
Quarkus UT (windows-latest)	Integration test setup	2025-06-08T00:31:30.1275379Z env:
Quarkus UT (windows-latest)	Integration test setup	2025-06-08T00:31:30.1275805Z   MAVEN_ARGS: -B -nsu -Daether.connector.http.connectionMaxTtl=25
Quarkus UT (windows-latest)	Integration test setup	2025-06-08T00:31:30.1276265Z   SUREFIRE_RERUN_FAILING_COUNT: 2
Quarkus UT (windows-latest)	Integration test setup	2025-06-08T00:31:30.1276572Z   SUREFIRE_RETRY: -Dsurefire.rerunFailingTestsCount=2
Quarkus UT (windows-latest)	Integration test setup	2025-06-08T00:31:30.1277100Z   JAVA_HOME: C:\hostedtoolcache\windows\Java_Temurin-Hotspot_jdk\21.0.7-6.0\x64
Quarkus UT (windows-latest)	Integration test setup	2025-06-08T00:31:30.1277670Z   JAVA_HOME_21_X64: C:\hostedtoolcache\windows\Java_Temurin-Hotspot_jdk\21.0.7-6.0\x64
Quarkus UT (windows-latest)	Integration test setup	2025-06-08T00:31:30.1278153Z ##[endgroup]
Quarkus UT (windows-latest)	Integration test setup	2025-06-08T00:31:30.1388108Z ##[group]Run echo "key=mvn-`date -u "+%Y-%U"`" >> $GITHUB_OUTPUT
Quarkus UT (windows-latest)	Integration test setup	2025-06-08T00:31:30.1389149Z [36;1mecho "key=mvn-`date -u "+%Y-%U"`" >> $GITHUB_OUTPUT[0m
Quarkus UT (windows-latest)	Integration test setup	2025-06-08T00:31:30.3107838Z shell: C:\Program Files\Git\bin\bash.EXE --noprofile --norc -e -o pipefail {0}
Quarkus UT (windows-latest)	Integration test setup	2025-06-08T00:31:30.3108235Z env:
Quarkus UT (windows-latest)	Integration test setup	2025-06-08T00:31:30.3108501Z   MAVEN_ARGS: -B -nsu -Daether.connector.http.connectionMaxTtl=25
Quarkus UT (windows-latest)	Integration test setup	2025-06-08T00:31:30.3108849Z   SUREFIRE_RERUN_FAILING_COUNT: 2
Quarkus UT (windows-latest)	Integration test setup	2025-06-08T00:31:30.3109129Z   SUREFIRE_RETRY: -Dsurefire.rerunFailingTestsCount=2
Quarkus UT (windows-latest)	Integration test setup	2025-06-08T00:31:30.3109537Z   JAVA_HOME: C:\hostedtoolcache\windows\Java_Temurin-Hotspot_jdk\21.0.7-6.0\x64
Quarkus UT (windows-latest)	Integration test setup	2025-06-08T00:31:30.3110020Z   JAVA_HOME_21_X64: C:\hostedtoolcache\windows\Java_Temurin-Hotspot_jdk\21.0.7-6.0\x64
Quarkus UT (windows-latest)	Integration test setup	2025-06-08T00:31:30.3110368Z ##[endgroup]
Quarkus UT (windows-latest)	Integration test setup	2025-06-08T00:31:30.5435937Z ##[group]Run mkdir -p ../../../.m2/repository
Quarkus UT (windows-latest)	Integration test setup	2025-06-08T00:31:30.5436452Z [36;1mmkdir -p ../../../.m2/repository[0m
Quarkus UT (windows-latest)	Integration test setup	2025-06-08T00:31:30.5436995Z [36;1mcmd /c mklink /d $HOME\.m2\repository D:\.m2\repository[0m
Quarkus UT (windows-latest)	Integration test setup	2025-06-08T00:31:30.5486244Z shell: C:\Windows\System32\WindowsPowerShell\v1.0\powershell.EXE -command ". '{0}'"
Quarkus UT (windows-latest)	Integration test setup	2025-06-08T00:31:30.5486920Z env:
Quarkus UT (windows-latest)	Integration test setup	2025-06-08T00:31:30.5487356Z   MAVEN_ARGS: -B -nsu -Daether.connector.http.connectionMaxTtl=25
Quarkus UT (windows-latest)	Integration test setup	2025-06-08T00:31:30.5487958Z   SUREFIRE_RERUN_FAILING_COUNT: 2
Quarkus UT (windows-latest)	Integration test setup	2025-06-08T00:31:30.5488463Z   SUREFIRE_RETRY: -Dsurefire.rerunFailingTestsCount=2
Quarkus UT (windows-latest)	Integration test setup	2025-06-08T00:31:30.5489184Z   JAVA_HOME: C:\hostedtoolcache\windows\Java_Temurin-Hotspot_jdk\21.0.7-6.0\x64
Quarkus UT (windows-latest)	Integration test setup	2025-06-08T00:31:30.5490039Z   JAVA_HOME_21_X64: C:\hostedtoolcache\windows\Java_Temurin-Hotspot_jdk\21.0.7-6.0\x64
Quarkus UT (windows-latest)	Integration test setup	2025-06-08T00:31:30.5490673Z ##[endgroup]
Quarkus UT (windows-latest)	Integration test setup	2025-06-08T00:31:30.7959430Z 
Quarkus UT (windows-latest)	Integration test setup	2025-06-08T00:31:30.7960986Z 
Quarkus UT (windows-latest)	Integration test setup	2025-06-08T00:31:30.7964042Z     Directory: C:\.m2
Quarkus UT (windows-latest)	Integration test setup	2025-06-08T00:31:30.7964345Z 
Quarkus UT (windows-latest)	Integration test setup	2025-06-08T00:31:30.7964928Z 
Quarkus UT (windows-latest)	Integration test setup	2025-06-08T00:31:30.7976891Z Mode                 LastWriteTime         Length Name                                                                 
Quarkus UT (windows-latest)	Integration test setup	2025-06-08T00:31:30.7981884Z ----                 -------------         ------ ----                                                                 
Quarkus UT (windows-latest)	Integration test setup	2025-06-08T00:31:30.7994210Z d-----          6/8/2025  12:31 AM                repository                                                           
Quarkus UT (windows-latest)	Integration test setup	2025-06-08T00:31:30.8103485Z symbolic link created for C:\Users\runneradmin\.m2\repository <<===>> D:\.m2\repository
Quarkus UT (windows-latest)	Integration test setup	2025-06-08T00:31:30.8229019Z 
Quarkus UT (windows-latest)	Integration test setup	2025-06-08T00:31:30.8229944Z 
Quarkus UT (windows-latest)	Integration test setup	2025-06-08T00:31:30.8468504Z ##[group]Run actions/cache/restore@5a3ec84eff668545956fd18022155c47e93e2684
Quarkus UT (windows-latest)	Integration test setup	2025-06-08T00:31:30.8468850Z with:
Quarkus UT (windows-latest)	Integration test setup	2025-06-08T00:31:30.8469104Z   path: ~/.m2/repository/*/*
Quarkus UT (windows-latest)	Integration test setup	!~/.m2/repository/org/keycloak
Quarkus UT (windows-latest)	Integration test setup	
Quarkus UT (windows-latest)	Integration test setup	2025-06-08T00:31:30.8469401Z   key: mvn-2025-23
Quarkus UT (windows-latest)	Integration test setup	2025-06-08T00:31:30.8469594Z   enableCrossOsArchive: true
Quarkus UT (windows-latest)	Integration test setup	2025-06-08T00:31:30.8469813Z   fail-on-cache-miss: false
Quarkus UT (windows-latest)	Integration test setup	2025-06-08T00:31:30.8470008Z   lookup-only: false
Quarkus UT (windows-latest)	Integration test setup	2025-06-08T00:31:30.8470181Z env:
Quarkus UT (windows-latest)	Integration test setup	2025-06-08T00:31:30.8470457Z   MAVEN_ARGS: -B -nsu -Daether.connector.http.connectionMaxTtl=25
Quarkus UT (windows-latest)	Integration test setup	2025-06-08T00:31:30.8470823Z   SUREFIRE_RERUN_FAILING_COUNT: 2
Quarkus UT (windows-latest)	Integration test setup	2025-06-08T00:31:30.8471098Z   SUREFIRE_RETRY: -Dsurefire.rerunFailingTestsCount=2
Quarkus UT (windows-latest)	Integration test setup	2025-06-08T00:31:30.8471497Z   JAVA_HOME: C:\hostedtoolcache\windows\Java_Temurin-Hotspot_jdk\21.0.7-6.0\x64
Quarkus UT (windows-latest)	Integration test setup	2025-06-08T00:31:30.8471959Z   JAVA_HOME_21_X64: C:\hostedtoolcache\windows\Java_Temurin-Hotspot_jdk\21.0.7-6.0\x64
Quarkus UT (windows-latest)	Integration test setup	2025-06-08T00:31:30.8472312Z ##[endgroup]
Quarkus UT (windows-latest)	Integration test setup	2025-06-08T00:31:31.2754675Z Cache hit for: mvn-2025-23
Quarkus UT (windows-latest)	Integration test setup	2025-06-08T00:31:34.4402223Z Received 134217728 of 670337732 (20.0%), 41.9 MBs/sec
Quarkus UT (windows-latest)	Integration test setup	2025-06-08T00:31:36.9139755Z Received 268435456 of 670337732 (40.0%), 46.3 MBs/sec
Quarkus UT (windows-latest)	Integration test setup	2025-06-08T00:31:39.3901911Z Received 402653184 of 670337732 (60.1%), 48.0 MBs/sec
Quarkus UT (windows-latest)	Integration test setup	2025-06-08T00:31:42.0393692Z Received 536870912 of 670337732 (80.1%), 48.1 MBs/sec
Quarkus UT (windows-latest)	Integration test setup	2025-06-08T00:31:44.4331465Z Received 670337732 of 670337732 (100.0%), 49.0 MBs/sec
Quarkus UT (windows-latest)	Integration test setup	2025-06-08T00:31:44.4338506Z Cache Size: ~639 MB (670337732 B)
Quarkus UT (windows-latest)	Integration test setup	2025-06-08T00:31:44.4385044Z [command]"C:\Program Files\Git\usr\bin\tar.exe" -xf C:/a/_temp/2958d4b3-d754-443a-83fd-75e2a6a503e9/cache.tzst -P -C C:/a/keycloak/keycloak --force-local --use-compress-program "zstd -d"
Quarkus UT (windows-latest)	Integration test setup	2025-06-08T00:32:26.8923946Z Cache restored successfully
Quarkus UT (windows-latest)	Integration test setup	2025-06-08T00:32:26.9331936Z Cache restored from key: mvn-2025-23
Quarkus UT (windows-latest)	Integration test setup	2025-06-08T00:32:26.9531664Z Prepare all required actions
Quarkus UT (windows-latest)	Integration test setup	2025-06-08T00:32:26.9531999Z Getting action download info
Quarkus UT (windows-latest)	Integration test setup	2025-06-08T00:32:27.0955682Z ##[group]Run ./.github/actions/node-cache
Quarkus UT (windows-latest)	Integration test setup	2025-06-08T00:32:27.0956003Z env:
Quarkus UT (windows-latest)	Integration test setup	2025-06-08T00:32:27.0956330Z   MAVEN_ARGS: -B -nsu -Daether.connector.http.connectionMaxTtl=25
Quarkus UT (windows-latest)	Integration test setup	2025-06-08T00:32:27.0956745Z   SUREFIRE_RERUN_FAILING_COUNT: 2
Quarkus UT (windows-latest)	Integration test setup	2025-06-08T00:32:27.0957094Z   SUREFIRE_RETRY: -Dsurefire.rerunFailingTestsCount=2
Quarkus UT (windows-latest)	Integration test setup	2025-06-08T00:32:27.0957600Z   JAVA_HOME: C:\hostedtoolcache\windows\Java_Temurin-Hotspot_jdk\21.0.7-6.0\x64
Quarkus UT (windows-latest)	Integration test setup	2025-06-08T00:32:27.0958204Z   JAVA_HOME_21_X64: C:\hostedtoolcache\windows\Java_Temurin-Hotspot_jdk\21.0.7-6.0\x64
Quarkus UT (windows-latest)	Integration test setup	2025-06-08T00:32:27.0958642Z ##[endgroup]
Quarkus UT (windows-latest)	Integration test setup	2025-06-08T00:32:27.1122419Z ##[group]Run echo "node=$(cat js/pom.xml | grep '<node.version>' | cut -d '>' -f 2 | cut -d '<' -f 1 | cut -c 2-)" >> $GITHUB_OUTPUT
Quarkus UT (windows-latest)	Integration test setup	2025-06-08T00:32:27.1123154Z [36;1mecho "node=$(cat js/pom.xml | grep '<node.version>' | cut -d '>' -f 2 | cut -d '<' -f 1 | cut -c 2-)" >> $GITHUB_OUTPUT[0m
Quarkus UT (windows-latest)	Integration test setup	2025-06-08T00:32:27.1123763Z [36;1mecho "pnpm=$(cat js/pom.xml | grep '<pnpm.version>' | cut -d '>' -f 2 | cut -d '<' -f 1 | cut -c 1-)" >> $GITHUB_OUTPUT[0m
Quarkus UT (windows-latest)	Integration test setup	2025-06-08T00:32:27.1135346Z shell: C:\Program Files\Git\bin\bash.EXE --noprofile --norc -e -o pipefail {0}
Quarkus UT (windows-latest)	Integration test setup	2025-06-08T00:32:27.1135714Z env:
Quarkus UT (windows-latest)	Integration test setup	2025-06-08T00:32:27.1135986Z   MAVEN_ARGS: -B -nsu -Daether.connector.http.connectionMaxTtl=25
Quarkus UT (windows-latest)	Integration test setup	2025-06-08T00:32:27.1136321Z   SUREFIRE_RERUN_FAILING_COUNT: 2
Quarkus UT (windows-latest)	Integration test setup	2025-06-08T00:32:27.1136616Z   SUREFIRE_RETRY: -Dsurefire.rerunFailingTestsCount=2
Quarkus UT (windows-latest)	Integration test setup	2025-06-08T00:32:27.1137044Z   JAVA_HOME: C:\hostedtoolcache\windows\Java_Temurin-Hotspot_jdk\21.0.7-6.0\x64
Quarkus UT (windows-latest)	Integration test setup	2025-06-08T00:32:27.1137522Z   JAVA_HOME_21_X64: C:\hostedtoolcache\windows\Java_Temurin-Hotspot_jdk\21.0.7-6.0\x64
Quarkus UT (windows-latest)	Integration test setup	2025-06-08T00:32:27.1137891Z ##[endgroup]
Quarkus UT (windows-latest)	Integration test setup	2025-06-08T00:32:27.9894483Z ##[group]Run actions/cache@5a3ec84eff668545956fd18022155c47e93e2684
Quarkus UT (windows-latest)	Integration test setup	2025-06-08T00:32:27.9894811Z with:
Quarkus UT (windows-latest)	Integration test setup	2025-06-08T00:32:27.9895174Z   path: ~/.m2/repository/com/github/eirslett/node
Quarkus UT (windows-latest)	Integration test setup	~/.m2/repository/com/github/eirslett/pnpm
Quarkus UT (windows-latest)	Integration test setup	
Quarkus UT (windows-latest)	Integration test setup	2025-06-08T00:32:27.9895804Z   key: Windows-frontend-plugin-artifacts-22.14.0-10.4.1
Quarkus UT (windows-latest)	Integration test setup	2025-06-08T00:32:27.9896115Z   enableCrossOsArchive: false
Quarkus UT (windows-latest)	Integration test setup	2025-06-08T00:32:27.9896340Z   fail-on-cache-miss: false
Quarkus UT (windows-latest)	Integration test setup	2025-06-08T00:32:27.9896545Z   lookup-only: false
Quarkus UT (windows-latest)	Integration test setup	2025-06-08T00:32:27.9896730Z   save-always: false
Quarkus UT (windows-latest)	Integration test setup	2025-06-08T00:32:27.9896902Z env:
Quarkus UT (windows-latest)	Integration test setup	2025-06-08T00:32:27.9897157Z   MAVEN_ARGS: -B -nsu -Daether.connector.http.connectionMaxTtl=25
Quarkus UT (windows-latest)	Integration test setup	2025-06-08T00:32:27.9897492Z   SUREFIRE_RERUN_FAILING_COUNT: 2
Quarkus UT (windows-latest)	Integration test setup	2025-06-08T00:32:27.9897765Z   SUREFIRE_RETRY: -Dsurefire.rerunFailingTestsCount=2
Quarkus UT (windows-latest)	Integration test setup	2025-06-08T00:32:27.9898169Z   JAVA_HOME: C:\hostedtoolcache\windows\Java_Temurin-Hotspot_jdk\21.0.7-6.0\x64
Quarkus UT (windows-latest)	Integration test setup	2025-06-08T00:32:27.9898655Z   JAVA_HOME_21_X64: C:\hostedtoolcache\windows\Java_Temurin-Hotspot_jdk\21.0.7-6.0\x64
Quarkus UT (windows-latest)	Integration test setup	2025-06-08T00:32:27.9899004Z ##[endgroup]
Quarkus UT (windows-latest)	Integration test setup	2025-06-08T00:32:28.3738550Z Cache hit for: Windows-frontend-plugin-artifacts-22.14.0-10.4.1
Quarkus UT (windows-latest)	Integration test setup	2025-06-08T00:32:31.2976712Z Received 134217728 of 180285260 (74.4%), 45.6 MBs/sec
Quarkus UT (windows-latest)	Integration test setup	2025-06-08T00:32:32.1318451Z Received 180285260 of 180285260 (100.0%), 47.2 MBs/sec
Quarkus UT (windows-latest)	Integration test setup	2025-06-08T00:32:32.1322137Z Cache Size: ~172 MB (180285260 B)
Quarkus UT (windows-latest)	Integration test setup	2025-06-08T00:32:32.1394995Z [command]"C:\Program Files\Git\usr\bin\tar.exe" -xf C:/a/_temp/3c347bac-31ff-49ce-a540-1f70dc96042f/cache.tzst -P -C C:/a/keycloak/keycloak --force-local --use-compress-program "zstd -d"
Quarkus UT (windows-latest)	Integration test setup	2025-06-08T00:32:32.1784700Z /usr/bin/tar: C\:/Users/runneradmin/.m2/repository/com: Cannot mkdir: No such file or directory
Quarkus UT (windows-latest)	Integration test setup	2025-06-08T00:32:32.1786132Z /usr/bin/tar: C\:/Users/runneradmin/.m2/repository/com/github/eirslett/node: Cannot mkdir: No such file or directory
Quarkus UT (windows-latest)	Integration test setup	2025-06-08T00:32:32.1787571Z /usr/bin/tar: C\:/Users/runneradmin/.m2/repository/com: Cannot mkdir: No such file or directory
Quarkus UT (windows-latest)	Integration test setup	2025-06-08T00:32:32.1789163Z /usr/bin/tar: C\:/Users/runneradmin/.m2/repository/com/github/eirslett/node/22.11.0: Cannot mkdir: No such file or directory
Quarkus UT (windows-latest)	Integration test setup	2025-06-08T00:32:32.1793321Z /usr/bin/tar: C\:/Users/runneradmin/.m2/repository/com: Cannot mkdir: No such file or directory
Quarkus UT (windows-latest)	Integration test setup	2025-06-08T00:32:32.2148592Z /usr/bin/tar: C\:/Users/runneradmin/.m2/repository/com/github/eirslett/node/22.11.0/node-22.11.0-linux-x64.tar.gz: Cannot open: No such file or directory
Quarkus UT (windows-latest)	Integration test setup	2025-06-08T00:32:32.2156312Z /usr/bin/tar: C\:/Users/runneradmin/.m2/repository/com: Cannot mkdir: No such file or directory
Quarkus UT (windows-latest)	Integration test setup	2025-06-08T00:32:32.5061348Z /usr/bin/tar: C\:/Users/runneradmin/.m2/repository/com/github/eirslett/node/22.11.0/node-22.11.0-win-x64.exe: Cannot open: No such file or directory
Quarkus UT (windows-latest)	Integration test setup	2025-06-08T00:32:32.5068604Z /usr/bin/tar: C\:/Users/runneradmin/.m2/repository/com: Cannot mkdir: No such file or directory
Quarkus UT (windows-latest)	Integration test setup	2025-06-08T00:32:32.5070153Z /usr/bin/tar: C\:/Users/runneradmin/.m2/repository/com/github/eirslett/node/22.14.0: Cannot mkdir: No such file or directory
Quarkus UT (windows-latest)	Integration test setup	2025-06-08T00:32:32.5075242Z /usr/bin/tar: C\:/Users/runneradmin/.m2/repository/com: Cannot mkdir: No such file or directory
Quarkus UT (windows-latest)	Integration test setup	2025-06-08T00:32:32.5467538Z /usr/bin/tar: C\:/Users/runneradmin/.m2/repository/com/github/eirslett/node/22.14.0/node-22.14.0-linux-x64.tar.gz: Cannot open: No such file or directory
Quarkus UT (windows-latest)	Integration test setup	2025-06-08T00:32:32.5473792Z /usr/bin/tar: C\:/Users/runneradmin/.m2/repository/com: Cannot mkdir: No such file or directory
Quarkus UT (windows-latest)	Integration test setup	2025-06-08T00:32:32.8187349Z /usr/bin/tar: C\:/Users/runneradmin/.m2/repository/com/github/eirslett/node/22.14.0/node-22.14.0-win-x64.exe: Cannot open: No such file or directory
Quarkus UT (windows-latest)	Integration test setup	2025-06-08T00:32:32.8193063Z /usr/bin/tar: C\:/Users/runneradmin/.m2/repository/com: Cannot mkdir: No such file or directory
Quarkus UT (windows-latest)	Integration test setup	2025-06-08T00:32:32.8193818Z /usr/bin/tar: C\:/Users/runneradmin/.m2/repository/com/github/eirslett/pnpm: Cannot mkdir: No such file or directory
Quarkus UT (windows-latest)	Integration test setup	2025-06-08T00:32:32.8199089Z /usr/bin/tar: C\:/Users/runneradmin/.m2/repository/com: Cannot mkdir: No such file or directory
Quarkus UT (windows-latest)	Integration test setup	2025-06-08T00:32:32.8199853Z /usr/bin/tar: C\:/Users/runneradmin/.m2/repository/com/github/eirslett/pnpm/10.3.0: Cannot mkdir: No such file or directory
Quarkus UT (windows-latest)	Integration test setup	2025-06-08T00:32:32.8205552Z /usr/bin/tar: C\:/Users/runneradmin/.m2/repository/com: Cannot mkdir: No such file or directory
Quarkus UT (windows-latest)	Integration test setup	2025-06-08T00:32:32.8234189Z /usr/bin/tar: C\:/Users/runneradmin/.m2/repository/com/github/eirslett/pnpm/10.3.0/pnpm-10.3.0.tar.gz: Cannot open: No such file or directory
Quarkus UT (windows-latest)	Integration test setup	2025-06-08T00:32:32.8239710Z /usr/bin/tar: C\:/Users/runneradmin/.m2/repository/com: Cannot mkdir: No such file or directory
Quarkus UT (windows-latest)	Integration test setup	2025-06-08T00:32:32.8240526Z /usr/bin/tar: C\:/Users/runneradmin/.m2/repository/com/github/eirslett/pnpm/10.4.1: Cannot mkdir: No such file or directory
Quarkus UT (windows-latest)	Integration test setup	2025-06-08T00:32:32.8245828Z /usr/bin/tar: C\:/Users/runneradmin/.m2/repository/com: Cannot mkdir: No such file or directory
Quarkus UT (windows-latest)	Integration test setup	2025-06-08T00:32:32.8278051Z /usr/bin/tar: C\:/Users/runneradmin/.m2/repository/com/github/eirslett/pnpm/10.4.1/pnpm-10.4.1.tar.gz: Cannot open: No such file or directory
Quarkus UT (windows-latest)	Integration test setup	2025-06-08T00:32:32.8284005Z /usr/bin/tar: C\:/Users/runneradmin/.m2/repository/com: Cannot mkdir: No such file or directory
Quarkus UT (windows-latest)	Integration test setup	2025-06-08T00:32:32.8284870Z /usr/bin/tar: C\:/Users/runneradmin/.m2/repository/com/github/eirslett/pnpm/9.14.4: Cannot mkdir: No such file or directory
Quarkus UT (windows-latest)	Integration test setup	2025-06-08T00:32:32.8290305Z /usr/bin/tar: C\:/Users/runneradmin/.m2/repository/com: Cannot mkdir: No such file or directory
Quarkus UT (windows-latest)	Integration test setup	2025-06-08T00:32:32.8318616Z /usr/bin/tar: C\:/Users/runneradmin/.m2/repository/com/github/eirslett/pnpm/9.14.4/pnpm-9.14.4.tar.gz: Cannot open: No such file or directory
Quarkus UT (windows-latest)	Integration test setup	2025-06-08T00:32:32.8336543Z /usr/bin/tar: Exiting with failure status due to previous errors
Quarkus UT (windows-latest)	Integration test setup	2025-06-08T00:32:32.8366725Z ##[warning]Failed to restore: "C:\Program failed with error: The process 'C:\Program Files\Git\usr\bin\tar.exe' failed with exit code 2
Quarkus UT (windows-latest)	Integration test setup	2025-06-08T00:32:32.8444096Z Cache not found for input keys: Windows-frontend-plugin-artifacts-22.14.0-10.4.1
Quarkus UT (windows-latest)	Integration test setup	2025-06-08T00:32:32.8704313Z ##[group]Run ./.github/scripts/download-node-tooling.sh 22.14.0 10.4.1
Quarkus UT (windows-latest)	Integration test setup	2025-06-08T00:32:32.8704837Z [36;1m./.github/scripts/download-node-tooling.sh 22.14.0 10.4.1[0m
Quarkus UT (windows-latest)	Integration test setup	2025-06-08T00:32:32.8715998Z shell: C:\Program Files\Git\bin\bash.EXE --noprofile --norc -e -o pipefail {0}
Quarkus UT (windows-latest)	Integration test setup	2025-06-08T00:32:32.8716399Z env:
Quarkus UT (windows-latest)	Integration test setup	2025-06-08T00:32:32.8716667Z   MAVEN_ARGS: -B -nsu -Daether.connector.http.connectionMaxTtl=25
Quarkus UT (windows-latest)	Integration test setup	2025-06-08T00:32:32.8717003Z   SUREFIRE_RERUN_FAILING_COUNT: 2
Quarkus UT (windows-latest)	Integration test setup	2025-06-08T00:32:32.8717292Z   SUREFIRE_RETRY: -Dsurefire.rerunFailingTestsCount=2
Quarkus UT (windows-latest)	Integration test setup	2025-06-08T00:32:32.8717704Z   JAVA_HOME: C:\hostedtoolcache\windows\Java_Temurin-Hotspot_jdk\21.0.7-6.0\x64
Quarkus UT (windows-latest)	Integration test setup	2025-06-08T00:32:32.8718181Z   JAVA_HOME_21_X64: C:\hostedtoolcache\windows\Java_Temurin-Hotspot_jdk\21.0.7-6.0\x64
Quarkus UT (windows-latest)	Integration test setup	2025-06-08T00:32:32.8718540Z ##[endgroup]
Quarkus UT (windows-latest)	Integration test setup	2025-06-08T00:32:32.9503800Z Downloading node-v22.14.0-linux-x64.tar.gz...
Quarkus UT (windows-latest)	Integration test setup	2025-06-08T00:32:32.9922587Z mkdir: cannot create directory '/c/Users/runneradmin/.m2/repository': File exists
Quarkus UT (windows-latest)	Integration test setup	2025-06-08T00:32:32.9961098Z ##[error]Process completed with exit code 1.
Quarkus IT (windows-latest, win)	Integration test setup	2025-06-08T00:31:26.9141115Z Prepare all required actions
Quarkus IT (windows-latest, win)	Integration test setup	2025-06-08T00:31:26.9141694Z Getting action download info
Quarkus IT (windows-latest, win)	Integration test setup	2025-06-08T00:31:27.0332083Z Download action repository 'actions/download-artifact@d3f86a106a0bac45b974a628896c90dbdf5c8093' (SHA:d3f86a106a0bac45b974a628896c90dbdf5c8093)
Quarkus IT (windows-latest, win)	Integration test setup	2025-06-08T00:31:27.7962774Z ##[group]Run ./.github/actions/integration-test-setup
Quarkus IT (windows-latest, win)	Integration test setup	2025-06-08T00:31:27.7963082Z with:
Quarkus IT (windows-latest, win)	Integration test setup	2025-06-08T00:31:27.7963250Z   jdk-dist: temurin
Quarkus IT (windows-latest, win)	Integration test setup	2025-06-08T00:31:27.7963420Z   jdk-version: 21
Quarkus IT (windows-latest, win)	Integration test setup	2025-06-08T00:31:27.7963583Z env:
Quarkus IT (windows-latest, win)	Integration test setup	2025-06-08T00:31:27.7963831Z   MAVEN_ARGS: -B -nsu -Daether.connector.http.connectionMaxTtl=25
Quarkus IT (windows-latest, win)	Integration test setup	2025-06-08T00:31:27.7964155Z   SUREFIRE_RERUN_FAILING_COUNT: 2
Quarkus IT (windows-latest, win)	Integration test setup	2025-06-08T00:31:27.7964448Z   SUREFIRE_RETRY: -Dsurefire.rerunFailingTestsCount=2
Quarkus IT (windows-latest, win)	Integration test setup	2025-06-08T00:31:27.7964717Z   MAVEN_OPTS: -Xmx1536m
Quarkus IT (windows-latest, win)	Integration test setup	2025-06-08T00:31:27.7964897Z ##[endgroup]
Quarkus IT (windows-latest, win)	Integration test setup	2025-06-08T00:31:27.8141616Z Prepare all required actions
Quarkus IT (windows-latest, win)	Integration test setup	2025-06-08T00:31:27.8209672Z ##[group]Run ./.github/actions/update-hosts
Quarkus IT (windows-latest, win)	Integration test setup	2025-06-08T00:31:27.8209983Z env:
Quarkus IT (windows-latest, win)	Integration test setup	2025-06-08T00:31:27.8210368Z   MAVEN_ARGS: -B -nsu -Daether.connector.http.connectionMaxTtl=25
Quarkus IT (windows-latest, win)	Integration test setup	2025-06-08T00:31:27.8210761Z   SUREFIRE_RERUN_FAILING_COUNT: 2
Quarkus IT (windows-latest, win)	Integration test setup	2025-06-08T00:31:27.8211096Z   SUREFIRE_RETRY: -Dsurefire.rerunFailingTestsCount=2
Quarkus IT (windows-latest, win)	Integration test setup	2025-06-08T00:31:27.8211444Z   MAVEN_OPTS: -Xmx1536m
Quarkus IT (windows-latest, win)	Integration test setup	2025-06-08T00:31:27.8211666Z ##[endgroup]
Quarkus IT (windows-latest, win)	Integration test setup	2025-06-08T00:31:27.8350818Z ##[group]Run "`n`n" | Add-Content C:\Windows\System32\drivers\etc\hosts
Quarkus IT (windows-latest, win)	Integration test setup	2025-06-08T00:31:27.8351345Z [36;1m"`n`n" | Add-Content C:\Windows\System32\drivers\etc\hosts[0m
Quarkus IT (windows-latest, win)	Integration test setup	2025-06-08T00:31:27.8351902Z [36;1mGet-Content .github/actions/update-hosts/nipio-hosts | Add-Content C:\Windows\System32\drivers\etc\hosts[0m
Quarkus IT (windows-latest, win)	Integration test setup	2025-06-08T00:31:27.8409226Z shell: C:\Windows\System32\WindowsPowerShell\v1.0\powershell.EXE -command ". '{0}'"
Quarkus IT (windows-latest, win)	Integration test setup	2025-06-08T00:31:27.8409629Z env:
Quarkus IT (windows-latest, win)	Integration test setup	2025-06-08T00:31:27.8409893Z   MAVEN_ARGS: -B -nsu -Daether.connector.http.connectionMaxTtl=25
Quarkus IT (windows-latest, win)	Integration test setup	2025-06-08T00:31:27.8410222Z   SUREFIRE_RERUN_FAILING_COUNT: 2
Quarkus IT (windows-latest, win)	Integration test setup	2025-06-08T00:31:27.8410513Z   SUREFIRE_RETRY: -Dsurefire.rerunFailingTestsCount=2
Quarkus IT (windows-latest, win)	Integration test setup	2025-06-08T00:31:27.8410799Z   MAVEN_OPTS: -Xmx1536m
Quarkus IT (windows-latest, win)	Integration test setup	2025-06-08T00:31:27.8410984Z ##[endgroup]
Quarkus IT (windows-latest, win)	Integration test setup	2025-06-08T00:31:28.4526061Z Prepare all required actions
Quarkus IT (windows-latest, win)	Integration test setup	2025-06-08T00:31:28.4526365Z Getting action download info
Quarkus IT (windows-latest, win)	Integration test setup	2025-06-08T00:31:28.5661488Z Download action repository 'actions/setup-java@c5195efecf7bdfc987ee8bae7a71cb8b11521c00' (SHA:c5195efecf7bdfc987ee8bae7a71cb8b11521c00)
Quarkus IT (windows-latest, win)	Integration test setup	2025-06-08T00:31:29.9024069Z ##[group]Run ./.github/actions/java-setup
Quarkus IT (windows-latest, win)	Integration test setup	2025-06-08T00:31:29.9024326Z with:
Quarkus IT (windows-latest, win)	Integration test setup	2025-06-08T00:31:29.9024485Z   distribution: temurin
Quarkus IT (windows-latest, win)	Integration test setup	2025-06-08T00:31:29.9024667Z   java-version: 21
Quarkus IT (windows-latest, win)	Integration test setup	2025-06-08T00:31:29.9024837Z env:
Quarkus IT (windows-latest, win)	Integration test setup	2025-06-08T00:31:29.9025083Z   MAVEN_ARGS: -B -nsu -Daether.connector.http.connectionMaxTtl=25
Quarkus IT (windows-latest, win)	Integration test setup	2025-06-08T00:31:29.9025397Z   SUREFIRE_RERUN_FAILING_COUNT: 2
Quarkus IT (windows-latest, win)	Integration test setup	2025-06-08T00:31:29.9025663Z   SUREFIRE_RETRY: -Dsurefire.rerunFailingTestsCount=2
Quarkus IT (windows-latest, win)	Integration test setup	2025-06-08T00:31:29.9025929Z   MAVEN_OPTS: -Xmx1536m
Quarkus IT (windows-latest, win)	Integration test setup	2025-06-08T00:31:29.9026105Z ##[endgroup]
Quarkus IT (windows-latest, win)	Integration test setup	2025-06-08T00:31:29.9201357Z ##[group]Run actions/setup-java@c5195efecf7bdfc987ee8bae7a71cb8b11521c00
Quarkus IT (windows-latest, win)	Integration test setup	2025-06-08T00:31:29.9201723Z with:
Quarkus IT (windows-latest, win)	Integration test setup	2025-06-08T00:31:29.9201895Z   distribution: temurin
Quarkus IT (windows-latest, win)	Integration test setup	2025-06-08T00:31:29.9202085Z   java-version: 21
Quarkus IT (windows-latest, win)	Integration test setup	2025-06-08T00:31:29.9202255Z   java-package: jdk
Quarkus IT (windows-latest, win)	Integration test setup	2025-06-08T00:31:29.9202438Z   check-latest: false
Quarkus IT (windows-latest, win)	Integration test setup	2025-06-08T00:31:29.9202626Z   server-id: github
Quarkus IT (windows-latest, win)	Integration test setup	2025-06-08T00:31:29.9202809Z   server-username: GITHUB_ACTOR
Quarkus IT (windows-latest, win)	Integration test setup	2025-06-08T00:31:29.9203032Z   server-password: GITHUB_TOKEN
Quarkus IT (windows-latest, win)	Integration test setup	2025-06-08T00:31:29.9203238Z   overwrite-settings: true
Quarkus IT (windows-latest, win)	Integration test setup	2025-06-08T00:31:29.9203434Z   job-status: success
Quarkus IT (windows-latest, win)	Integration test setup	2025-06-08T00:31:29.9203717Z   token: ***
Quarkus IT (windows-latest, win)	Integration test setup	2025-06-08T00:31:29.9203911Z env:
Quarkus IT (windows-latest, win)	Integration test setup	2025-06-08T00:31:29.9204165Z   MAVEN_ARGS: -B -nsu -Daether.connector.http.connectionMaxTtl=25
Quarkus IT (windows-latest, win)	Integration test setup	2025-06-08T00:31:29.9204491Z   SUREFIRE_RERUN_FAILING_COUNT: 2
Quarkus IT (windows-latest, win)	Integration test setup	2025-06-08T00:31:29.9204775Z   SUREFIRE_RETRY: -Dsurefire.rerunFailingTestsCount=2
Quarkus IT (windows-latest, win)	Integration test setup	2025-06-08T00:31:29.9205062Z   MAVEN_OPTS: -Xmx1536m
Quarkus IT (windows-latest, win)	Integration test setup	2025-06-08T00:31:29.9207131Z ##[endgroup]
Quarkus IT (windows-latest, win)	Integration test setup	2025-06-08T00:31:30.1907942Z ##[group]Installed distributions
Quarkus IT (windows-latest, win)	Integration test setup	2025-06-08T00:31:30.2685610Z Resolved Java 21.0.7+6.0 from tool-cache
Quarkus IT (windows-latest, win)	Integration test setup	2025-06-08T00:31:30.2686141Z Setting Java 21.0.7+6.0 as the default
Quarkus IT (windows-latest, win)	Integration test setup	2025-06-08T00:31:30.2721844Z Creating toolchains.xml for JDK version 21 from temurin
Quarkus IT (windows-latest, win)	Integration test setup	2025-06-08T00:31:30.2824200Z Writing to C:\Users\runneradmin\.m2\toolchains.xml
Quarkus IT (windows-latest, win)	Integration test setup	2025-06-08T00:31:30.2827901Z 
Quarkus IT (windows-latest, win)	Integration test setup	2025-06-08T00:31:30.2828328Z Java configuration:
Quarkus IT (windows-latest, win)	Integration test setup	2025-06-08T00:31:30.2828726Z   Distribution: temurin
Quarkus IT (windows-latest, win)	Integration test setup	2025-06-08T00:31:30.2829051Z   Version: 21.0.7+6.0
Quarkus IT (windows-latest, win)	Integration test setup	2025-06-08T00:31:30.2830447Z   Path: C:\hostedtoolcache\windows\Java_Temurin-Hotspot_jdk\21.0.7-6.0\x64
Quarkus IT (windows-latest, win)	Integration test setup	2025-06-08T00:31:30.2830942Z 
Quarkus IT (windows-latest, win)	Integration test setup	2025-06-08T00:31:30.2832304Z ##[endgroup]
Quarkus IT (windows-latest, win)	Integration test setup	2025-06-08T00:31:30.2851970Z Creating settings.xml with server-id: github
Quarkus IT (windows-latest, win)	Integration test setup	2025-06-08T00:31:30.2867678Z Writing to C:\Users\runneradmin\.m2\settings.xml
Quarkus IT (windows-latest, win)	Integration test setup	2025-06-08T00:31:30.3093469Z Prepare all required actions
Quarkus IT (windows-latest, win)	Integration test setup	2025-06-08T00:31:30.3093777Z Getting action download info
Quarkus IT (windows-latest, win)	Integration test setup	2025-06-08T00:31:30.4260039Z Download action repository 'actions/cache@5a3ec84eff668545956fd18022155c47e93e2684' (SHA:5a3ec84eff668545956fd18022155c47e93e2684)
Quarkus IT (windows-latest, win)	Integration test setup	2025-06-08T00:31:31.3154706Z ##[group]Run ./.github/actions/maven-cache
Quarkus IT (windows-latest, win)	Integration test setup	2025-06-08T00:31:31.3154961Z with:
Quarkus IT (windows-latest, win)	Integration test setup	2025-06-08T00:31:31.3155139Z   create-cache-if-it-doesnt-exist: false
Quarkus IT (windows-latest, win)	Integration test setup	2025-06-08T00:31:31.3155356Z env:
Quarkus IT (windows-latest, win)	Integration test setup	2025-06-08T00:31:31.3155592Z   MAVEN_ARGS: -B -nsu -Daether.connector.http.connectionMaxTtl=25
Quarkus IT (windows-latest, win)	Integration test setup	2025-06-08T00:31:31.3155901Z   SUREFIRE_RERUN_FAILING_COUNT: 2
Quarkus IT (windows-latest, win)	Integration test setup	2025-06-08T00:31:31.3156163Z   SUREFIRE_RETRY: -Dsurefire.rerunFailingTestsCount=2
Quarkus IT (windows-latest, win)	Integration test setup	2025-06-08T00:31:31.3156430Z   MAVEN_OPTS: -Xmx1536m
Quarkus IT (windows-latest, win)	Integration test setup	2025-06-08T00:31:31.3157418Z   JAVA_HOME: C:\hostedtoolcache\windows\Java_Temurin-Hotspot_jdk\21.0.7-6.0\x64
Quarkus IT (windows-latest, win)	Integration test setup	2025-06-08T00:31:31.3157893Z   JAVA_HOME_21_X64: C:\hostedtoolcache\windows\Java_Temurin-Hotspot_jdk\21.0.7-6.0\x64
Quarkus IT (windows-latest, win)	Integration test setup	2025-06-08T00:31:31.3158231Z ##[endgroup]
Quarkus IT (windows-latest, win)	Integration test setup	2025-06-08T00:31:31.3260515Z ##[group]Run echo "key=mvn-`date -u "+%Y-%U"`" >> $GITHUB_OUTPUT
Quarkus IT (windows-latest, win)	Integration test setup	2025-06-08T00:31:31.3260911Z [36;1mecho "key=mvn-`date -u "+%Y-%U"`" >> $GITHUB_OUTPUT[0m
Quarkus IT (windows-latest, win)	Integration test setup	2025-06-08T00:31:31.5670286Z shell: C:\Program Files\Git\bin\bash.EXE --noprofile --norc -e -o pipefail {0}
Quarkus IT (windows-latest, win)	Integration test setup	2025-06-08T00:31:31.5670691Z env:
Quarkus IT (windows-latest, win)	Integration test setup	2025-06-08T00:31:31.5670959Z   MAVEN_ARGS: -B -nsu -Daether.connector.http.connectionMaxTtl=25
Quarkus IT (windows-latest, win)	Integration test setup	2025-06-08T00:31:31.5671309Z   SUREFIRE_RERUN_FAILING_COUNT: 2
Quarkus IT (windows-latest, win)	Integration test setup	2025-06-08T00:31:31.5671599Z   SUREFIRE_RETRY: -Dsurefire.rerunFailingTestsCount=2
Quarkus IT (windows-latest, win)	Integration test setup	2025-06-08T00:31:31.5671899Z   MAVEN_OPTS: -Xmx1536m
Quarkus IT (windows-latest, win)	Integration test setup	2025-06-08T00:31:31.5672235Z   JAVA_HOME: C:\hostedtoolcache\windows\Java_Temurin-Hotspot_jdk\21.0.7-6.0\x64
Quarkus IT (windows-latest, win)	Integration test setup	2025-06-08T00:31:31.5672765Z   JAVA_HOME_21_X64: C:\hostedtoolcache\windows\Java_Temurin-Hotspot_jdk\21.0.7-6.0\x64
Quarkus IT (windows-latest, win)	Integration test setup	2025-06-08T00:31:31.5673156Z ##[endgroup]
Quarkus IT (windows-latest, win)	Integration test setup	2025-06-08T00:31:32.5959867Z ##[group]Run mkdir -p ../../../.m2/repository
Quarkus IT (windows-latest, win)	Integration test setup	2025-06-08T00:31:32.5960164Z [36;1mmkdir -p ../../../.m2/repository[0m
Quarkus IT (windows-latest, win)	Integration test setup	2025-06-08T00:31:32.5960466Z [36;1mcmd /c mklink /d $HOME\.m2\repository D:\.m2\repository[0m
Quarkus IT (windows-latest, win)	Integration test setup	2025-06-08T00:31:32.5990019Z shell: C:\Windows\System32\WindowsPowerShell\v1.0\powershell.EXE -command ". '{0}'"
Quarkus IT (windows-latest, win)	Integration test setup	2025-06-08T00:31:32.5990386Z env:
Quarkus IT (windows-latest, win)	Integration test setup	2025-06-08T00:31:32.5990628Z   MAVEN_ARGS: -B -nsu -Daether.connector.http.connectionMaxTtl=25
Quarkus IT (windows-latest, win)	Integration test setup	2025-06-08T00:31:32.5990943Z   SUREFIRE_RERUN_FAILING_COUNT: 2
Quarkus IT (windows-latest, win)	Integration test setup	2025-06-08T00:31:32.5991212Z   SUREFIRE_RETRY: -Dsurefire.rerunFailingTestsCount=2
Quarkus IT (windows-latest, win)	Integration test setup	2025-06-08T00:31:32.5991484Z   MAVEN_OPTS: -Xmx1536m
Quarkus IT (windows-latest, win)	Integration test setup	2025-06-08T00:31:32.5991787Z   JAVA_HOME: C:\hostedtoolcache\windows\Java_Temurin-Hotspot_jdk\21.0.7-6.0\x64
Quarkus IT (windows-latest, win)	Integration test setup	2025-06-08T00:31:32.5992237Z   JAVA_HOME_21_X64: C:\hostedtoolcache\windows\Java_Temurin-Hotspot_jdk\21.0.7-6.0\x64
Quarkus IT (windows-latest, win)	Integration test setup	2025-06-08T00:31:32.5992583Z ##[endgroup]
Quarkus IT (windows-latest, win)	Integration test setup	2025-06-08T00:31:32.8492867Z 
Quarkus IT (windows-latest, win)	Integration test setup	2025-06-08T00:31:32.8494557Z 
Quarkus IT (windows-latest, win)	Integration test setup	2025-06-08T00:31:32.8497359Z     Directory: C:\.m2
Quarkus IT (windows-latest, win)	Integration test setup	2025-06-08T00:31:32.8497649Z 
Quarkus IT (windows-latest, win)	Integration test setup	2025-06-08T00:31:32.8497660Z 
Quarkus IT (windows-latest, win)	Integration test setup	2025-06-08T00:31:32.8508028Z Mode                 LastWriteTime         Length Name                                                                 
Quarkus IT (windows-latest, win)	Integration test setup	2025-06-08T00:31:32.8512838Z ----                 -------------         ------ ----                                                                 
Quarkus IT (windows-latest, win)	Integration test setup	2025-06-08T00:31:32.8522589Z d-----          6/8/2025  12:31 AM                repository                                                           
Quarkus IT (windows-latest, win)	Integration test setup	2025-06-08T00:31:32.8629514Z symbolic link created for C:\Users\runneradmin\.m2\repository <<===>> D:\.m2\repository
Quarkus IT (windows-latest, win)	Integration test setup	2025-06-08T00:31:32.8759651Z 
Quarkus IT (windows-latest, win)	Integration test setup	2025-06-08T00:31:32.8760136Z 
Quarkus IT (windows-latest, win)	Integration test setup	2025-06-08T00:31:32.8996077Z ##[group]Run actions/cache/restore@5a3ec84eff668545956fd18022155c47e93e2684
Quarkus IT (windows-latest, win)	Integration test setup	2025-06-08T00:31:32.8996434Z with:
Quarkus IT (windows-latest, win)	Integration test setup	2025-06-08T00:31:32.8996674Z   path: ~/.m2/repository/*/*
Quarkus IT (windows-latest, win)	Integration test setup	!~/.m2/repository/org/keycloak
Quarkus IT (windows-latest, win)	Integration test setup	
Quarkus IT (windows-latest, win)	Integration test setup	2025-06-08T00:31:32.8996973Z   key: mvn-2025-23
Quarkus IT (windows-latest, win)	Integration test setup	2025-06-08T00:31:32.8997152Z   enableCrossOsArchive: true
Quarkus IT (windows-latest, win)	Integration test setup	2025-06-08T00:31:32.8997368Z   fail-on-cache-miss: false
Quarkus IT (windows-latest, win)	Integration test setup	2025-06-08T00:31:32.8997567Z   lookup-only: false
Quarkus IT (windows-latest, win)	Integration test setup	2025-06-08T00:31:32.8997744Z env:
Quarkus IT (windows-latest, win)	Integration test setup	2025-06-08T00:31:32.8997976Z   MAVEN_ARGS: -B -nsu -Daether.connector.http.connectionMaxTtl=25
Quarkus IT (windows-latest, win)	Integration test setup	2025-06-08T00:31:32.8998297Z   SUREFIRE_RERUN_FAILING_COUNT: 2
Quarkus IT (windows-latest, win)	Integration test setup	2025-06-08T00:31:32.8998565Z   SUREFIRE_RETRY: -Dsurefire.rerunFailingTestsCount=2
Quarkus IT (windows-latest, win)	Integration test setup	2025-06-08T00:31:32.8998842Z   MAVEN_OPTS: -Xmx1536m
Quarkus IT (windows-latest, win)	Integration test setup	2025-06-08T00:31:32.8999148Z   JAVA_HOME: C:\hostedtoolcache\windows\Java_Temurin-Hotspot_jdk\21.0.7-6.0\x64
Quarkus IT (windows-latest, win)	Integration test setup	2025-06-08T00:31:32.8999605Z   JAVA_HOME_21_X64: C:\hostedtoolcache\windows\Java_Temurin-Hotspot_jdk\21.0.7-6.0\x64
Quarkus IT (windows-latest, win)	Integration test setup	2025-06-08T00:31:32.8999934Z ##[endgroup]
Quarkus IT (windows-latest, win)	Integration test setup	2025-06-08T00:31:33.4578790Z Cache hit for: mvn-2025-23
Quarkus IT (windows-latest, win)	Integration test setup	2025-06-08T00:31:34.5744743Z Received 130023424 of 670337732 (19.4%), 123.8 MBs/sec
Quarkus IT (windows-latest, win)	Integration test setup	2025-06-08T00:31:37.2833047Z Received 134217728 of 670337732 (20.0%), 34.5 MBs/sec
Quarkus IT (windows-latest, win)	Integration test setup	2025-06-08T00:31:40.1864006Z Received 268435456 of 670337732 (40.0%), 38.7 MBs/sec
Quarkus IT (windows-latest, win)	Integration test setup	2025-06-08T00:31:43.0287603Z Received 402653184 of 670337732 (60.1%), 40.6 MBs/sec
Quarkus IT (windows-latest, win)	Integration test setup	2025-06-08T00:31:46.0638509Z Received 536870912 of 670337732 (80.1%), 41.0 MBs/sec
Quarkus IT (windows-latest, win)	Integration test setup	2025-06-08T00:31:48.9611145Z Received 670337732 of 670337732 (100.0%), 41.5 MBs/sec
Quarkus IT (windows-latest, win)	Integration test setup	2025-06-08T00:31:48.9617370Z Cache Size: ~639 MB (670337732 B)
Quarkus IT (windows-latest, win)	Integration test setup	2025-06-08T00:31:48.9662018Z [command]"C:\Program Files\Git\usr\bin\tar.exe" -xf C:/a/_temp/07bf684e-7cf8-442b-a2cd-c696a0f6404d/cache.tzst -P -C C:/a/keycloak/keycloak --force-local --use-compress-program "zstd -d"
Quarkus IT (windows-latest, win)	Integration test setup	2025-06-08T00:32:40.9230907Z Cache restored successfully
Quarkus IT (windows-latest, win)	Integration test setup	2025-06-08T00:32:40.9644294Z Cache restored from key: mvn-2025-23
Quarkus IT (windows-latest, win)	Integration test setup	2025-06-08T00:32:40.9853909Z Prepare all required actions
Quarkus IT (windows-latest, win)	Integration test setup	2025-06-08T00:32:40.9854239Z Getting action download info
Quarkus IT (windows-latest, win)	Integration test setup	2025-06-08T00:32:41.1991341Z ##[group]Run ./.github/actions/node-cache
Quarkus IT (windows-latest, win)	Integration test setup	2025-06-08T00:32:41.1991601Z env:
Quarkus IT (windows-latest, win)	Integration test setup	2025-06-08T00:32:41.1991858Z   MAVEN_ARGS: -B -nsu -Daether.connector.http.connectionMaxTtl=25
Quarkus IT (windows-latest, win)	Integration test setup	2025-06-08T00:32:41.1992182Z   SUREFIRE_RERUN_FAILING_COUNT: 2
Quarkus IT (windows-latest, win)	Integration test setup	2025-06-08T00:32:41.1992462Z   SUREFIRE_RETRY: -Dsurefire.rerunFailingTestsCount=2
Quarkus IT (windows-latest, win)	Integration test setup	2025-06-08T00:32:41.1992746Z   MAVEN_OPTS: -Xmx1536m
Quarkus IT (windows-latest, win)	Integration test setup	2025-06-08T00:32:41.1993084Z   JAVA_HOME: C:\hostedtoolcache\windows\Java_Temurin-Hotspot_jdk\21.0.7-6.0\x64
Quarkus IT (windows-latest, win)	Integration test setup	2025-06-08T00:32:41.1993559Z   JAVA_HOME_21_X64: C:\hostedtoolcache\windows\Java_Temurin-Hotspot_jdk\21.0.7-6.0\x64
Quarkus IT (windows-latest, win)	Integration test setup	2025-06-08T00:32:41.1993909Z ##[endgroup]
Quarkus IT (windows-latest, win)	Integration test setup	2025-06-08T00:32:41.2495883Z ##[group]Run echo "node=$(cat js/pom.xml | grep '<node.version>' | cut -d '>' -f 2 | cut -d '<' -f 1 | cut -c 2-)" >> $GITHUB_OUTPUT
Quarkus IT (windows-latest, win)	Integration test setup	2025-06-08T00:32:41.2496611Z [36;1mecho "node=$(cat js/pom.xml | grep '<node.version>' | cut -d '>' -f 2 | cut -d '<' -f 1 | cut -c 2-)" >> $GITHUB_OUTPUT[0m
Quarkus IT (windows-latest, win)	Integration test setup	2025-06-08T00:32:41.2497268Z [36;1mecho "pnpm=$(cat js/pom.xml | grep '<pnpm.version>' | cut -d '>' -f 2 | cut -d '<' -f 1 | cut -c 1-)" >> $GITHUB_OUTPUT[0m
Quarkus IT (windows-latest, win)	Integration test setup	2025-06-08T00:32:41.2509593Z shell: C:\Program Files\Git\bin\bash.EXE --noprofile --norc -e -o pipefail {0}
Quarkus IT (windows-latest, win)	Integration test setup	2025-06-08T00:32:41.2509945Z env:
Quarkus IT (windows-latest, win)	Integration test setup	2025-06-08T00:32:41.2510205Z   MAVEN_ARGS: -B -nsu -Daether.connector.http.connectionMaxTtl=25
Quarkus IT (windows-latest, win)	Integration test setup	2025-06-08T00:32:41.2510702Z   SUREFIRE_RERUN_FAILING_COUNT: 2
Quarkus IT (windows-latest, win)	Integration test setup	2025-06-08T00:32:41.2510976Z   SUREFIRE_RETRY: -Dsurefire.rerunFailingTestsCount=2
Quarkus IT (windows-latest, win)	Integration test setup	2025-06-08T00:32:41.2511252Z   MAVEN_OPTS: -Xmx1536m
Quarkus IT (windows-latest, win)	Integration test setup	2025-06-08T00:32:41.2511563Z   JAVA_HOME: C:\hostedtoolcache\windows\Java_Temurin-Hotspot_jdk\21.0.7-6.0\x64
Quarkus IT (windows-latest, win)	Integration test setup	2025-06-08T00:32:41.2512018Z   JAVA_HOME_21_X64: C:\hostedtoolcache\windows\Java_Temurin-Hotspot_jdk\21.0.7-6.0\x64
Quarkus IT (windows-latest, win)	Integration test setup	2025-06-08T00:32:41.2512360Z ##[endgroup]
Quarkus IT (windows-latest, win)	Integration test setup	2025-06-08T00:32:41.8072239Z ##[group]Run actions/cache@5a3ec84eff668545956fd18022155c47e93e2684
Quarkus IT (windows-latest, win)	Integration test setup	2025-06-08T00:32:41.8072559Z with:
Quarkus IT (windows-latest, win)	Integration test setup	2025-06-08T00:32:41.8072904Z   path: ~/.m2/repository/com/github/eirslett/node
Quarkus IT (windows-latest, win)	Integration test setup	~/.m2/repository/com/github/eirslett/pnpm
Quarkus IT (windows-latest, win)	Integration test setup	
Quarkus IT (windows-latest, win)	Integration test setup	2025-06-08T00:32:41.8073391Z   key: Windows-frontend-plugin-artifacts-22.14.0-10.4.1
Quarkus IT (windows-latest, win)	Integration test setup	2025-06-08T00:32:41.8073690Z   enableCrossOsArchive: false
Quarkus IT (windows-latest, win)	Integration test setup	2025-06-08T00:32:41.8073906Z   fail-on-cache-miss: false
Quarkus IT (windows-latest, win)	Integration test setup	2025-06-08T00:32:41.8074106Z   lookup-only: false
Quarkus IT (windows-latest, win)	Integration test setup	2025-06-08T00:32:41.8074281Z   save-always: false
Quarkus IT (windows-latest, win)	Integration test setup	2025-06-08T00:32:41.8074455Z env:
Quarkus IT (windows-latest, win)	Integration test setup	2025-06-08T00:32:41.8074699Z   MAVEN_ARGS: -B -nsu -Daether.connector.http.connectionMaxTtl=25
Quarkus IT (windows-latest, win)	Integration test setup	2025-06-08T00:32:41.8075015Z   SUREFIRE_RERUN_FAILING_COUNT: 2
Quarkus IT (windows-latest, win)	Integration test setup	2025-06-08T00:32:41.8075272Z   SUREFIRE_RETRY: -Dsurefire.rerunFailingTestsCount=2
Quarkus IT (windows-latest, win)	Integration test setup	2025-06-08T00:32:41.8075544Z   MAVEN_OPTS: -Xmx1536m
Quarkus IT (windows-latest, win)	Integration test setup	2025-06-08T00:32:41.8075900Z   JAVA_HOME: C:\hostedtoolcache\windows\Java_Temurin-Hotspot_jdk\21.0.7-6.0\x64
Quarkus IT (windows-latest, win)	Integration test setup	2025-06-08T00:32:41.8076358Z   JAVA_HOME_21_X64: C:\hostedtoolcache\windows\Java_Temurin-Hotspot_jdk\21.0.7-6.0\x64
Quarkus IT (windows-latest, win)	Integration test setup	2025-06-08T00:32:41.8076700Z ##[endgroup]
Quarkus IT (windows-latest, win)	Integration test setup	2025-06-08T00:32:42.1965578Z Cache hit for: Windows-frontend-plugin-artifacts-22.14.0-10.4.1
Quarkus IT (windows-latest, win)	Integration test setup	2025-06-08T00:32:45.5729932Z Received 134217728 of 180285260 (74.4%), 39.1 MBs/sec
Quarkus IT (windows-latest, win)	Integration test setup	2025-06-08T00:32:46.4830544Z Received 180285260 of 180285260 (100.0%), 41.1 MBs/sec
Quarkus IT (windows-latest, win)	Integration test setup	2025-06-08T00:32:46.4885209Z Cache Size: ~172 MB (180285260 B)
Quarkus IT (windows-latest, win)	Integration test setup	2025-06-08T00:32:46.4955074Z [command]"C:\Program Files\Git\usr\bin\tar.exe" -xf C:/a/_temp/805f31d4-ef30-4cd5-8c06-050f27d1d8aa/cache.tzst -P -C C:/a/keycloak/keycloak --force-local --use-compress-program "zstd -d"
Quarkus IT (windows-latest, win)	Integration test setup	2025-06-08T00:32:46.5305163Z /usr/bin/tar: C\:/Users/runneradmin/.m2/repository/com: Cannot mkdir: No such file or directory
Quarkus IT (windows-latest, win)	Integration test setup	2025-06-08T00:32:46.5306333Z /usr/bin/tar: C\:/Users/runneradmin/.m2/repository/com/github/eirslett/node: Cannot mkdir: No such file or directory
Quarkus IT (windows-latest, win)	Integration test setup	2025-06-08T00:32:46.5307963Z /usr/bin/tar: C\:/Users/runneradmin/.m2/repository/com: Cannot mkdir: No such file or directory
Quarkus IT (windows-latest, win)	Integration test setup	2025-06-08T00:32:46.5309061Z /usr/bin/tar: C\:/Users/runneradmin/.m2/repository/com/github/eirslett/node/22.11.0: Cannot mkdir: No such file or directory
Quarkus IT (windows-latest, win)	Integration test setup	2025-06-08T00:32:46.5314108Z /usr/bin/tar: C\:/Users/runneradmin/.m2/repository/com: Cannot mkdir: No such file or directory
Quarkus IT (windows-latest, win)	Integration test setup	2025-06-08T00:32:46.5689377Z /usr/bin/tar: C\:/Users/runneradmin/.m2/repository/com/github/eirslett/node/22.11.0/node-22.11.0-linux-x64.tar.gz: Cannot open: No such file or directory
Quarkus IT (windows-latest, win)	Integration test setup	2025-06-08T00:32:46.5696040Z /usr/bin/tar: C\:/Users/runneradmin/.m2/repository/com: Cannot mkdir: No such file or directory
Quarkus IT (windows-latest, win)	Integration test setup	2025-06-08T00:32:46.8122382Z /usr/bin/tar: C\:/Users/runneradmin/.m2/repository/com/github/eirslett/node/22.11.0/node-22.11.0-win-x64.exe: Cannot open: No such file or directory
Quarkus IT (windows-latest, win)	Integration test setup	2025-06-08T00:32:46.8128582Z /usr/bin/tar: C\:/Users/runneradmin/.m2/repository/com: Cannot mkdir: No such file or directory
Quarkus IT (windows-latest, win)	Integration test setup	2025-06-08T00:32:46.8129364Z /usr/bin/tar: C\:/Users/runneradmin/.m2/repository/com/github/eirslett/node/22.14.0: Cannot mkdir: No such file or directory
Quarkus IT (windows-latest, win)	Integration test setup	2025-06-08T00:32:46.8135081Z /usr/bin/tar: C\:/Users/runneradmin/.m2/repository/com: Cannot mkdir: No such file or directory
Quarkus IT (windows-latest, win)	Integration test setup	2025-06-08T00:32:46.8506080Z /usr/bin/tar: C\:/Users/runneradmin/.m2/repository/com/github/eirslett/node/22.14.0/node-22.14.0-linux-x64.tar.gz: Cannot open: No such file or directory
Quarkus IT (windows-latest, win)	Integration test setup	2025-06-08T00:32:46.8513971Z /usr/bin/tar: C\:/Users/runneradmin/.m2/repository/com: Cannot mkdir: No such file or directory
Quarkus IT (windows-latest, win)	Integration test setup	2025-06-08T00:32:47.0920366Z /usr/bin/tar: C\:/Users/runneradmin/.m2/repository/com/github/eirslett/node/22.14.0/node-22.14.0-win-x64.exe: Cannot open: No such file or directory
Quarkus IT (windows-latest, win)	Integration test setup	2025-06-08T00:32:47.0926933Z /usr/bin/tar: C\:/Users/runneradmin/.m2/repository/com: Cannot mkdir: No such file or directory
Quarkus IT (windows-latest, win)	Integration test setup	2025-06-08T00:32:47.0928391Z /usr/bin/tar: C\:/Users/runneradmin/.m2/repository/com/github/eirslett/pnpm: Cannot mkdir: No such file or directory
Quarkus IT (windows-latest, win)	Integration test setup	2025-06-08T00:32:47.0934377Z /usr/bin/tar: C\:/Users/runneradmin/.m2/repository/com: Cannot mkdir: No such file or directory
Quarkus IT (windows-latest, win)	Integration test setup	2025-06-08T00:32:47.0935296Z /usr/bin/tar: C\:/Users/runneradmin/.m2/repository/com/github/eirslett/pnpm/10.3.0: Cannot mkdir: No such file or directory
Quarkus IT (windows-latest, win)	Integration test setup	2025-06-08T00:32:47.0940522Z /usr/bin/tar: C\:/Users/runneradmin/.m2/repository/com: Cannot mkdir: No such file or directory
Quarkus IT (windows-latest, win)	Integration test setup	2025-06-08T00:32:47.0973029Z /usr/bin/tar: C\:/Users/runneradmin/.m2/repository/com/github/eirslett/pnpm/10.3.0/pnpm-10.3.0.tar.gz: Cannot open: No such file or directory
Quarkus IT (windows-latest, win)	Integration test setup	2025-06-08T00:32:47.0978732Z /usr/bin/tar: C\:/Users/runneradmin/.m2/repository/com: Cannot mkdir: No such file or directory
Quarkus IT (windows-latest, win)	Integration test setup	2025-06-08T00:32:47.0980032Z /usr/bin/tar: C\:/Users/runneradmin/.m2/repository/com/github/eirslett/pnpm/10.4.1: Cannot mkdir: No such file or directory
Quarkus IT (windows-latest, win)	Integration test setup	2025-06-08T00:32:47.0984898Z /usr/bin/tar: C\:/Users/runneradmin/.m2/repository/com: Cannot mkdir: No such file or directory
Quarkus IT (windows-latest, win)	Integration test setup	2025-06-08T00:32:47.1014515Z /usr/bin/tar: C\:/Users/runneradmin/.m2/repository/com/github/eirslett/pnpm/10.4.1/pnpm-10.4.1.tar.gz: Cannot open: No such file or directory
Quarkus IT (windows-latest, win)	Integration test setup	2025-06-08T00:32:47.1020831Z /usr/bin/tar: C\:/Users/runneradmin/.m2/repository/com: Cannot mkdir: No such file or directory
Quarkus IT (windows-latest, win)	Integration test setup	2025-06-08T00:32:47.1022484Z /usr/bin/tar: C\:/Users/runneradmin/.m2/repository/com/github/eirslett/pnpm/9.14.4: Cannot mkdir: No such file or directory
Quarkus IT (windows-latest, win)	Integration test setup	2025-06-08T00:32:47.1028006Z /usr/bin/tar: C\:/Users/runneradmin/.m2/repository/com: Cannot mkdir: No such file or directory
Quarkus IT (windows-latest, win)	Integration test setup	2025-06-08T00:32:47.1056378Z /usr/bin/tar: C\:/Users/runneradmin/.m2/repository/com/github/eirslett/pnpm/9.14.4/pnpm-9.14.4.tar.gz: Cannot open: No such file or directory
Quarkus IT (windows-latest, win)	Integration test setup	2025-06-08T00:32:47.1075489Z /usr/bin/tar: Exiting with failure status due to previous errors
Quarkus IT (windows-latest, win)	Integration test setup	2025-06-08T00:32:47.1107437Z ##[warning]Failed to restore: "C:\Program failed with error: The process 'C:\Program Files\Git\usr\bin\tar.exe' failed with exit code 2
Quarkus IT (windows-latest, win)	Integration test setup	2025-06-08T00:32:47.1196162Z Cache not found for input keys: Windows-frontend-plugin-artifacts-22.14.0-10.4.1
Quarkus IT (windows-latest, win)	Integration test setup	2025-06-08T00:32:47.1482440Z ##[group]Run ./.github/scripts/download-node-tooling.sh 22.14.0 10.4.1
Quarkus IT (windows-latest, win)	Integration test setup	2025-06-08T00:32:47.1483000Z [36;1m./.github/scripts/download-node-tooling.sh 22.14.0 10.4.1[0m
Quarkus IT (windows-latest, win)	Integration test setup	2025-06-08T00:32:47.1495576Z shell: C:\Program Files\Git\bin\bash.EXE --noprofile --norc -e -o pipefail {0}
Quarkus IT (windows-latest, win)	Integration test setup	2025-06-08T00:32:47.1495983Z env:
Quarkus IT (windows-latest, win)	Integration test setup	2025-06-08T00:32:47.1496257Z   MAVEN_ARGS: -B -nsu -Daether.connector.http.connectionMaxTtl=25
Quarkus IT (windows-latest, win)	Integration test setup	2025-06-08T00:32:47.1496593Z   SUREFIRE_RERUN_FAILING_COUNT: 2
Quarkus IT (windows-latest, win)	Integration test setup	2025-06-08T00:32:47.1496876Z   SUREFIRE_RETRY: -Dsurefire.rerunFailingTestsCount=2
Quarkus IT (windows-latest, win)	Integration test setup	2025-06-08T00:32:47.1497190Z   MAVEN_OPTS: -Xmx1536m
Quarkus IT (windows-latest, win)	Integration test setup	2025-06-08T00:32:47.1497503Z   JAVA_HOME: C:\hostedtoolcache\windows\Java_Temurin-Hotspot_jdk\21.0.7-6.0\x64
Quarkus IT (windows-latest, win)	Integration test setup	2025-06-08T00:32:47.1497969Z   JAVA_HOME_21_X64: C:\hostedtoolcache\windows\Java_Temurin-Hotspot_jdk\21.0.7-6.0\x64
Quarkus IT (windows-latest, win)	Integration test setup	2025-06-08T00:32:47.1498322Z ##[endgroup]
Quarkus IT (windows-latest, win)	Integration test setup	2025-06-08T00:32:47.2709069Z Downloading node-v22.14.0-linux-x64.tar.gz...
Quarkus IT (windows-latest, win)	Integration test setup	2025-06-08T00:32:47.4514010Z mkdir: cannot create directory '/c/Users/runneradmin/.m2/repository': File exists
Quarkus IT (windows-latest, win)	Integration test setup	2025-06-08T00:32:47.4553877Z ##[error]Process completed with exit code 1.
Status Check - Keycloak CI	Run /./.github/actions/status-check	2025-06-08T01:13:19.9839347Z Prepare all required actions
Status Check - Keycloak CI	Run /./.github/actions/status-check	2025-06-08T01:13:19.9905161Z ##[group]Run ./.github/actions/status-check
Status Check - Keycloak CI	Run /./.github/actions/status-check	2025-06-08T01:13:19.9905530Z with:
Status Check - Keycloak CI	Run /./.github/actions/status-check	2025-06-08T01:13:19.9909443Z   jobs: {
Status Check - Keycloak CI	Run /./.github/actions/status-check	  "conditional": {
Status Check - Keycloak CI	Run /./.github/actions/status-check	    "result": "success",
Status Check - Keycloak CI	Run /./.github/actions/status-check	    "outputs": {
Status Check - Keycloak CI	Run /./.github/actions/status-check	      "ci": "true",
Status Check - Keycloak CI	Run /./.github/actions/status-check	      "ci-aurora": "true",
Status Check - Keycloak CI	Run /./.github/actions/status-check	      "ci-quarkus": "true",
Status Check - Keycloak CI	Run /./.github/actions/status-check	      "ci-sssd": "true",
Status Check - Keycloak CI	Run /./.github/actions/status-check	      "ci-store": "true",
Status Check - Keycloak CI	Run /./.github/actions/status-check	      "ci-webauthn": "true"
Status Check - Keycloak CI	Run /./.github/actions/status-check	    }
Status Check - Keycloak CI	Run /./.github/actions/status-check	  },
Status Check - Keycloak CI	Run /./.github/actions/status-check	  "build": {
Status Check - Keycloak CI	Run /./.github/actions/status-check	    "result": "success",
Status Check - Keycloak CI	Run /./.github/actions/status-check	    "outputs": {}
Status Check - Keycloak CI	Run /./.github/actions/status-check	  },
Status Check - Keycloak CI	Run /./.github/actions/status-check	  "unit-tests": {
Status Check - Keycloak CI	Run /./.github/actions/status-check	    "result": "success",
Status Check - Keycloak CI	Run /./.github/actions/status-check	    "outputs": {}
Status Check - Keycloak CI	Run /./.github/actions/status-check	  },
Status Check - Keycloak CI	Run /./.github/actions/status-check	  "base-integration-tests": {
Status Check - Keycloak CI	Run /./.github/actions/status-check	    "result": "success",
Status Check - Keycloak CI	Run /./.github/actions/status-check	    "outputs": {}
Status Check - Keycloak CI	Run /./.github/actions/status-check	  },
Status Check - Keycloak CI	Run /./.github/actions/status-check	  "adapter-integration-tests": {
Status Check - Keycloak CI	Run /./.github/actions/status-check	    "result": "success",
Status Check - Keycloak CI	Run /./.github/actions/status-check	    "outputs": {}
Status Check - Keycloak CI	Run /./.github/actions/status-check	  },
Status Check - Keycloak CI	Run /./.github/actions/status-check	  "adapter-integration-tests-strict-cookies": {
Status Check - Keycloak CI	Run /./.github/actions/status-check	    "result": "success",
Status Check - Keycloak CI	Run /./.github/actions/status-check	    "outputs": {}
Status Check - Keycloak CI	Run /./.github/actions/status-check	  },
Status Check - Keycloak CI	Run /./.github/actions/status-check	  "quarkus-unit-tests": {
Status Check - Keycloak CI	Run /./.github/actions/status-check	    "result": "failure",
Status Check - Keycloak CI	Run /./.github/actions/status-check	    "outputs": {}
Status Check - Keycloak CI	Run /./.github/actions/status-check	  },
Status Check - Keycloak CI	Run /./.github/actions/status-check	  "quarkus-integration-tests": {
Status Check - Keycloak CI	Run /./.github/actions/status-check	    "result": "failure",
Status Check - Keycloak CI	Run /./.github/actions/status-check	    "outputs": {}
Status Check - Keycloak CI	Run /./.github/actions/status-check	  },
Status Check - Keycloak CI	Run /./.github/actions/status-check	  "jdk-integration-tests": {
Status Check - Keycloak CI	Run /./.github/actions/status-check	    "result": "failure",
Status Check - Keycloak CI	Run /./.github/actions/status-check	    "outputs": {}
Status Check - Keycloak CI	Run /./.github/actions/status-check	  },
Status Check - Keycloak CI	Run /./.github/actions/status-check	  "store-integration-tests": {
Status Check - Keycloak CI	Run /./.github/actions/status-check	    "result": "success",
Status Check - Keycloak CI	Run /./.github/actions/status-check	    "outputs": {}
Status Check - Keycloak CI	Run /./.github/actions/status-check	  },
Status Check - Keycloak CI	Run /./.github/actions/status-check	  "volatile-sessions-tests": {
Status Check - Keycloak CI	Run /./.github/actions/status-check	    "result": "success",
Status Check - Keycloak CI	Run /./.github/actions/status-check	    "outputs": {}
Status Check - Keycloak CI	Run /./.github/actions/status-check	  },
Status Check - Keycloak CI	Run /./.github/actions/status-check	  "store-model-tests": {
Status Check - Keycloak CI	Run /./.github/actions/status-check	    "result": "success",
Status Check - Keycloak CI	Run /./.github/actions/status-check	    "outputs": {}
Status Check - Keycloak CI	Run /./.github/actions/status-check	  },
Status Check - Keycloak CI	Run /./.github/actions/status-check	  "clustering-integration-tests": {
Status Check - Keycloak CI	Run /./.github/actions/status-check	    "result": "success",
Status Check - Keycloak CI	Run /./.github/actions/status-check	    "outputs": {}
Status Check - Keycloak CI	Run /./.github/actions/status-check	  },
Status Check - Keycloak CI	Run /./.github/actions/status-check	  "fips-unit-tests": {
Status Check - Keycloak CI	Run /./.github/actions/status-check	    "result": "success",
Status Check - Keycloak CI	Run /./.github/actions/status-check	    "outputs": {}
Status Check - Keycloak CI	Run /./.github/actions/status-check	  },
Status Check - Keycloak CI	Run /./.github/actions/status-check	  "fips-integration-tests": {
Status Check - Keycloak CI	Run /./.github/actions/status-check	    "result": "success",
Status Check - Keycloak CI	Run /./.github/actions/status-check	    "outputs": {}
Status Check - Keycloak CI	Run /./.github/actions/status-check	  },
Status Check - Keycloak CI	Run /./.github/actions/status-check	  "forms-integration-tests": {
Status Check - Keycloak CI	Run /./.github/actions/status-check	    "result": "success",
Status Check - Keycloak CI	Run /./.github/actions/status-check	    "outputs": {}
Status Check - Keycloak CI	Run /./.github/actions/status-check	  },
Status Check - Keycloak CI	Run /./.github/actions/status-check	  "webauthn-integration-tests": {
Status Check - Keycloak CI	Run /./.github/actions/status-check	    "result": "success",
Status Check - Keycloak CI	Run /./.github/actions/status-check	    "outputs": {}
Status Check - Keycloak CI	Run /./.github/actions/status-check	  },
Status Check - Keycloak CI	Run /./.github/actions/status-check	  "sssd-unit-tests": {
Status Check - Keycloak CI	Run /./.github/actions/status-check	    "result": "success",
Status Check - Keycloak CI	Run /./.github/actions/status-check	    "outputs": {}
Status Check - Keycloak CI	Run /./.github/actions/status-check	  },
Status Check - Keycloak CI	Run /./.github/actions/status-check	  "migration-tests": {
Status Check - Keycloak CI	Run /./.github/actions/status-check	    "result": "success",
Status Check - Keycloak CI	Run /./.github/actions/status-check	    "outputs": {}
Status Check - Keycloak CI	Run /./.github/actions/status-check	  },
Status Check - Keycloak CI	Run /./.github/actions/status-check	  "external-infinispan-tests": {
Status Check - Keycloak CI	Run /./.github/actions/status-check	    "result": "success",
Status Check - Keycloak CI	Run /./.github/actions/status-check	    "outputs": {}
Status Check - Keycloak CI	Run /./.github/actions/status-check	  },
Status Check - Keycloak CI	Run /./.github/actions/status-check	  "test-framework": {
Status Check - Keycloak CI	Run /./.github/actions/status-check	    "result": "success",
Status Check - Keycloak CI	Run /./.github/actions/status-check	    "outputs": {}
Status Check - Keycloak CI	Run /./.github/actions/status-check	  },
Status Check - Keycloak CI	Run /./.github/actions/status-check	  "base-new-integration-tests": {
Status Check - Keycloak CI	Run /./.github/actions/status-check	    "result": "success",
Status Check - Keycloak CI	Run /./.github/actions/status-check	    "outputs": {}
Status Check - Keycloak CI	Run /./.github/actions/status-check	  }
Status Check - Keycloak CI	Run /./.github/actions/status-check	}
Status Check - Keycloak CI	Run /./.github/actions/status-check	2025-06-08T01:13:19.9913953Z env:
Status Check - Keycloak CI	Run /./.github/actions/status-check	2025-06-08T01:13:19.9914273Z   MAVEN_ARGS: -B -nsu -Daether.connector.http.connectionMaxTtl=25
Status Check - Keycloak CI	Run /./.github/actions/status-check	2025-06-08T01:13:19.9914663Z   SUREFIRE_RERUN_FAILING_COUNT: 2
Status Check - Keycloak CI	Run /./.github/actions/status-check	2025-06-08T01:13:19.9914999Z   SUREFIRE_RETRY: -Dsurefire.rerunFailingTestsCount=2
Status Check - Keycloak CI	Run /./.github/actions/status-check	2025-06-08T01:13:19.9915333Z ##[endgroup]
Status Check - Keycloak CI	Run /./.github/actions/status-check	2025-06-08T01:13:20.0010941Z ##[group]Run JOBS='{
Status Check - Keycloak CI	Run /./.github/actions/status-check	2025-06-08T01:13:20.0011341Z [36;1mJOBS='{[0m
Status Check - Keycloak CI	Run /./.github/actions/status-check	2025-06-08T01:13:20.0011593Z [36;1m  "conditional": {[0m
Status Check - Keycloak CI	Run /./.github/actions/status-check	2025-06-08T01:13:20.0011868Z [36;1m    "result": "success",[0m
Status Check - Keycloak CI	Run /./.github/actions/status-check	2025-06-08T01:13:20.0012147Z [36;1m    "outputs": {[0m
Status Check - Keycloak CI	Run /./.github/actions/status-check	2025-06-08T01:13:20.0012400Z [36;1m      "ci": "true",[0m
Status Check - Keycloak CI	Run /./.github/actions/status-check	2025-06-08T01:13:20.0012680Z [36;1m      "ci-aurora": "true",[0m
Status Check - Keycloak CI	Run /./.github/actions/status-check	2025-06-08T01:13:20.0012978Z [36;1m      "ci-quarkus": "true",[0m
Status Check - Keycloak CI	Run /./.github/actions/status-check	2025-06-08T01:13:20.0013259Z [36;1m      "ci-sssd": "true",[0m
Status Check - Keycloak CI	Run /./.github/actions/status-check	2025-06-08T01:13:20.0013529Z [36;1m      "ci-store": "true",[0m
Status Check - Keycloak CI	Run /./.github/actions/status-check	2025-06-08T01:13:20.0013800Z [36;1m      "ci-webauthn": "true"[0m
Status Check - Keycloak CI	Run /./.github/actions/status-check	2025-06-08T01:13:20.0014085Z [36;1m    }[0m
Status Check - Keycloak CI	Run /./.github/actions/status-check	2025-06-08T01:13:20.0014297Z [36;1m  },[0m
Status Check - Keycloak CI	Run /./.github/actions/status-check	2025-06-08T01:13:20.0014512Z [36;1m  "build": {[0m
Status Check - Keycloak CI	Run /./.github/actions/status-check	2025-06-08T01:13:20.0014751Z [36;1m    "result": "success",[0m
Status Check - Keycloak CI	Run /./.github/actions/status-check	2025-06-08T01:13:20.0015022Z [36;1m    "outputs": {}[0m
Status Check - Keycloak CI	Run /./.github/actions/status-check	2025-06-08T01:13:20.0015264Z [36;1m  },[0m
Status Check - Keycloak CI	Run /./.github/actions/status-check	2025-06-08T01:13:20.0015476Z [36;1m  "unit-tests": {[0m
Status Check - Keycloak CI	Run /./.github/actions/status-check	2025-06-08T01:13:20.0015733Z [36;1m    "result": "success",[0m
Status Check - Keycloak CI	Run /./.github/actions/status-check	2025-06-08T01:13:20.0016004Z [36;1m    "outputs": {}[0m
Status Check - Keycloak CI	Run /./.github/actions/status-check	2025-06-08T01:13:20.0016242Z [36;1m  },[0m
Status Check - Keycloak CI	Run /./.github/actions/status-check	2025-06-08T01:13:20.0016708Z [36;1m  "base-integration-tests": {[0m
Status Check - Keycloak CI	Run /./.github/actions/status-check	2025-06-08T01:13:20.0017129Z [36;1m    "result": "success",[0m
Status Check - Keycloak CI	Run /./.github/actions/status-check	2025-06-08T01:13:20.0017409Z [36;1m    "outputs": {}[0m
Status Check - Keycloak CI	Run /./.github/actions/status-check	2025-06-08T01:13:20.0017655Z [36;1m  },[0m
Status Check - Keycloak CI	Run /./.github/actions/status-check	2025-06-08T01:13:20.0017907Z [36;1m  "adapter-integration-tests": {[0m
Status Check - Keycloak CI	Run /./.github/actions/status-check	2025-06-08T01:13:20.0018211Z [36;1m    "result": "success",[0m
Status Check - Keycloak CI	Run /./.github/actions/status-check	2025-06-08T01:13:20.0018471Z [36;1m    "outputs": {}[0m
Status Check - Keycloak CI	Run /./.github/actions/status-check	2025-06-08T01:13:20.0018722Z [36;1m  },[0m
Status Check - Keycloak CI	Run /./.github/actions/status-check	2025-06-08T01:13:20.0019038Z [36;1m  "adapter-integration-tests-strict-cookies": {[0m
Status Check - Keycloak CI	Run /./.github/actions/status-check	2025-06-08T01:13:20.0019613Z [36;1m    "result": "success",[0m
Status Check - Keycloak CI	Run /./.github/actions/status-check	2025-06-08T01:13:20.0019890Z [36;1m    "outputs": {}[0m
Status Check - Keycloak CI	Run /./.github/actions/status-check	2025-06-08T01:13:20.0020125Z [36;1m  },[0m
Status Check - Keycloak CI	Run /./.github/actions/status-check	2025-06-08T01:13:20.0020363Z [36;1m  "quarkus-unit-tests": {[0m
Status Check - Keycloak CI	Run /./.github/actions/status-check	2025-06-08T01:13:20.0020649Z [36;1m    "result": "failure",[0m
Status Check - Keycloak CI	Run /./.github/actions/status-check	2025-06-08T01:13:20.0020921Z [36;1m    "outputs": {}[0m
Status Check - Keycloak CI	Run /./.github/actions/status-check	2025-06-08T01:13:20.0021159Z [36;1m  },[0m
Status Check - Keycloak CI	Run /./.github/actions/status-check	2025-06-08T01:13:20.0021435Z [36;1m  "quarkus-integration-tests": {[0m
Status Check - Keycloak CI	Run /./.github/actions/status-check	2025-06-08T01:13:20.0021737Z [36;1m    "result": "failure",[0m
Status Check - Keycloak CI	Run /./.github/actions/status-check	2025-06-08T01:13:20.0022003Z [36;1m    "outputs": {}[0m
Status Check - Keycloak CI	Run /./.github/actions/status-check	2025-06-08T01:13:20.0022243Z [36;1m  },[0m
Status Check - Keycloak CI	Run /./.github/actions/status-check	2025-06-08T01:13:20.0022515Z [36;1m  "jdk-integration-tests": {[0m
Status Check - Keycloak CI	Run /./.github/actions/status-check	2025-06-08T01:13:20.0022789Z [36;1m    "result": "failure",[0m
Status Check - Keycloak CI	Run /./.github/actions/status-check	2025-06-08T01:13:20.0023048Z [36;1m    "outputs": {}[0m
Status Check - Keycloak CI	Run /./.github/actions/status-check	2025-06-08T01:13:20.0023281Z [36;1m  },[0m
Status Check - Keycloak CI	Run /./.github/actions/status-check	2025-06-08T01:13:20.0023511Z [36;1m  "store-integration-tests": {[0m
Status Check - Keycloak CI	Run /./.github/actions/status-check	2025-06-08T01:13:20.0023940Z [36;1m    "result": "success",[0m
Status Check - Keycloak CI	Run /./.github/actions/status-check	2025-06-08T01:13:20.0024205Z [36;1m    "outputs": {}[0m
Status Check - Keycloak CI	Run /./.github/actions/status-check	2025-06-08T01:13:20.0024438Z [36;1m  },[0m
Status Check - Keycloak CI	Run /./.github/actions/status-check	2025-06-08T01:13:20.0024673Z [36;1m  "volatile-sessions-tests": {[0m
Status Check - Keycloak CI	Run /./.github/actions/status-check	2025-06-08T01:13:20.0024963Z [36;1m    "result": "success",[0m
Status Check - Keycloak CI	Run /./.github/actions/status-check	2025-06-08T01:13:20.0025292Z [36;1m    "outputs": {}[0m
Status Check - Keycloak CI	Run /./.github/actions/status-check	2025-06-08T01:13:20.0025530Z [36;1m  },[0m
Status Check - Keycloak CI	Run /./.github/actions/status-check	2025-06-08T01:13:20.0025753Z [36;1m  "store-model-tests": {[0m
Status Check - Keycloak CI	Run /./.github/actions/status-check	2025-06-08T01:13:20.0026016Z [36;1m    "result": "success",[0m
Status Check - Keycloak CI	Run /./.github/actions/status-check	2025-06-08T01:13:20.0026274Z [36;1m    "outputs": {}[0m
Status Check - Keycloak CI	Run /./.github/actions/status-check	2025-06-08T01:13:20.0026666Z [36;1m  },[0m
Status Check - Keycloak CI	Run /./.github/actions/status-check	2025-06-08T01:13:20.0026920Z [36;1m  "clustering-integration-tests": {[0m
Status Check - Keycloak CI	Run /./.github/actions/status-check	2025-06-08T01:13:20.0027225Z [36;1m    "result": "success",[0m
Status Check - Keycloak CI	Run /./.github/actions/status-check	2025-06-08T01:13:20.0027484Z [36;1m    "outputs": {}[0m
Status Check - Keycloak CI	Run /./.github/actions/status-check	2025-06-08T01:13:20.0027723Z [36;1m  },[0m
Status Check - Keycloak CI	Run /./.github/actions/status-check	2025-06-08T01:13:20.0027959Z [36;1m  "fips-unit-tests": {[0m
Status Check - Keycloak CI	Run /./.github/actions/status-check	2025-06-08T01:13:20.0028237Z [36;1m    "result": "success",[0m
Status Check - Keycloak CI	Run /./.github/actions/status-check	2025-06-08T01:13:20.0028516Z [36;1m    "outputs": {}[0m
Status Check - Keycloak CI	Run /./.github/actions/status-check	2025-06-08T01:13:20.0028753Z [36;1m  },[0m
Status Check - Keycloak CI	Run /./.github/actions/status-check	2025-06-08T01:13:20.0028990Z [36;1m  "fips-integration-tests": {[0m
Status Check - Keycloak CI	Run /./.github/actions/status-check	2025-06-08T01:13:20.0029279Z [36;1m    "result": "success",[0m
Status Check - Keycloak CI	Run /./.github/actions/status-check	2025-06-08T01:13:20.0029540Z [36;1m    "outputs": {}[0m
Status Check - Keycloak CI	Run /./.github/actions/status-check	2025-06-08T01:13:20.0029779Z [36;1m  },[0m
Status Check - Keycloak CI	Run /./.github/actions/status-check	2025-06-08T01:13:20.0030005Z [36;1m  "forms-integration-tests": {[0m
Status Check - Keycloak CI	Run /./.github/actions/status-check	2025-06-08T01:13:20.0030300Z [36;1m    "result": "success",[0m
Status Check - Keycloak CI	Run /./.github/actions/status-check	2025-06-08T01:13:20.0030566Z [36;1m    "outputs": {}[0m
Status Check - Keycloak CI	Run /./.github/actions/status-check	2025-06-08T01:13:20.0030802Z [36;1m  },[0m
Status Check - Keycloak CI	Run /./.github/actions/status-check	2025-06-08T01:13:20.0031043Z [36;1m  "webauthn-integration-tests": {[0m
Status Check - Keycloak CI	Run /./.github/actions/status-check	2025-06-08T01:13:20.0031330Z [36;1m    "result": "success",[0m
Status Check - Keycloak CI	Run /./.github/actions/status-check	2025-06-08T01:13:20.0031591Z [36;1m    "outputs": {}[0m
Status Check - Keycloak CI	Run /./.github/actions/status-check	2025-06-08T01:13:20.0031829Z [36;1m  },[0m
Status Check - Keycloak CI	Run /./.github/actions/status-check	2025-06-08T01:13:20.0032057Z [36;1m  "sssd-unit-tests": {[0m
Status Check - Keycloak CI	Run /./.github/actions/status-check	2025-06-08T01:13:20.0032325Z [36;1m    "result": "success",[0m
Status Check - Keycloak CI	Run /./.github/actions/status-check	2025-06-08T01:13:20.0032582Z [36;1m    "outputs": {}[0m
Status Check - Keycloak CI	Run /./.github/actions/status-check	2025-06-08T01:13:20.0032833Z [36;1m  },[0m
Status Check - Keycloak CI	Run /./.github/actions/status-check	2025-06-08T01:13:20.0033050Z [36;1m  "migration-tests": {[0m
Status Check - Keycloak CI	Run /./.github/actions/status-check	2025-06-08T01:13:20.0033333Z [36;1m    "result": "success",[0m
Status Check - Keycloak CI	Run /./.github/actions/status-check	2025-06-08T01:13:20.0033596Z [36;1m    "outputs": {}[0m
Status Check - Keycloak CI	Run /./.github/actions/status-check	2025-06-08T01:13:20.0033832Z [36;1m  },[0m
Status Check - Keycloak CI	Run /./.github/actions/status-check	2025-06-08T01:13:20.0034073Z [36;1m  "external-infinispan-tests": {[0m
Status Check - Keycloak CI	Run /./.github/actions/status-check	2025-06-08T01:13:20.0034369Z [36;1m    "result": "success",[0m
Status Check - Keycloak CI	Run /./.github/actions/status-check	2025-06-08T01:13:20.0034627Z [36;1m    "outputs": {}[0m
Status Check - Keycloak CI	Run /./.github/actions/status-check	2025-06-08T01:13:20.0034864Z [36;1m  },[0m
Status Check - Keycloak CI	Run /./.github/actions/status-check	2025-06-08T01:13:20.0035085Z [36;1m  "test-framework": {[0m
Status Check - Keycloak CI	Run /./.github/actions/status-check	2025-06-08T01:13:20.0035348Z [36;1m    "result": "success",[0m
Status Check - Keycloak CI	Run /./.github/actions/status-check	2025-06-08T01:13:20.0035604Z [36;1m    "outputs": {}[0m
Status Check - Keycloak CI	Run /./.github/actions/status-check	2025-06-08T01:13:20.0035840Z [36;1m  },[0m
Status Check - Keycloak CI	Run /./.github/actions/status-check	2025-06-08T01:13:20.0036075Z [36;1m  "base-new-integration-tests": {[0m
Status Check - Keycloak CI	Run /./.github/actions/status-check	2025-06-08T01:13:20.0036362Z [36;1m    "result": "success",[0m
Status Check - Keycloak CI	Run /./.github/actions/status-check	2025-06-08T01:13:20.0036733Z [36;1m    "outputs": {}[0m
Status Check - Keycloak CI	Run /./.github/actions/status-check	2025-06-08T01:13:20.0036969Z [36;1m  }[0m
Status Check - Keycloak CI	Run /./.github/actions/status-check	2025-06-08T01:13:20.0037181Z [36;1m}'[0m
Status Check - Keycloak CI	Run /./.github/actions/status-check	2025-06-08T01:13:20.0037395Z [36;1m[0m
Status Check - Keycloak CI	Run /./.github/actions/status-check	2025-06-08T01:13:20.0037610Z [36;1mecho "Job status:"[0m
Status Check - Keycloak CI	Run /./.github/actions/status-check	2025-06-08T01:13:20.0038117Z [36;1mecho $JOBS | jq -r 'to_entries[] | " - \(.key): \(.value.result)"'[0m
Status Check - Keycloak CI	Run /./.github/actions/status-check	2025-06-08T01:13:20.0038477Z [36;1m[0m
Status Check - Keycloak CI	Run /./.github/actions/status-check	2025-06-08T01:13:20.0118998Z [36;1mfor i in $(echo $JOBS | jq -r 'to_entries[] | .value.result'); do[0m
Status Check - Keycloak CI	Run /./.github/actions/status-check	2025-06-08T01:13:20.0119874Z [36;1m  if [ "$i" != "success" ] && [ "$i" != "skipped" ]; then[0m
Status Check - Keycloak CI	Run /./.github/actions/status-check	2025-06-08T01:13:20.0120488Z [36;1m    echo ""[0m
Status Check - Keycloak CI	Run /./.github/actions/status-check	2025-06-08T01:13:20.0120965Z [36;1m    echo "Status check not okay!"[0m
Status Check - Keycloak CI	Run /./.github/actions/status-check	2025-06-08T01:13:20.0121518Z [36;1m    exit 1[0m
Status Check - Keycloak CI	Run /./.github/actions/status-check	2025-06-08T01:13:20.0121922Z [36;1m  fi[0m
Status Check - Keycloak CI	Run /./.github/actions/status-check	2025-06-08T01:13:20.0122305Z [36;1mdone[0m
Status Check - Keycloak CI	Run /./.github/actions/status-check	2025-06-08T01:13:20.0321690Z shell: /usr/bin/bash --noprofile --norc -e -o pipefail {0}
Status Check - Keycloak CI	Run /./.github/actions/status-check	2025-06-08T01:13:20.0322135Z env:
Status Check - Keycloak CI	Run /./.github/actions/status-check	2025-06-08T01:13:20.0322455Z   MAVEN_ARGS: -B -nsu -Daether.connector.http.connectionMaxTtl=25
Status Check - Keycloak CI	Run /./.github/actions/status-check	2025-06-08T01:13:20.0322849Z   SUREFIRE_RERUN_FAILING_COUNT: 2
Status Check - Keycloak CI	Run /./.github/actions/status-check	2025-06-08T01:13:20.0323382Z   SUREFIRE_RETRY: -Dsurefire.rerunFailingTestsCount=2
Status Check - Keycloak CI	Run /./.github/actions/status-check	2025-06-08T01:13:20.0323721Z ##[endgroup]
Status Check - Keycloak CI	Run /./.github/actions/status-check	2025-06-08T01:13:20.0414697Z Job status:
Status Check - Keycloak CI	Run /./.github/actions/status-check	2025-06-08T01:13:20.0499697Z  - conditional: success
Status Check - Keycloak CI	Run /./.github/actions/status-check	2025-06-08T01:13:20.0500184Z  - build: success
Status Check - Keycloak CI	Run /./.github/actions/status-check	2025-06-08T01:13:20.0500564Z  - unit-tests: success
Status Check - Keycloak CI	Run /./.github/actions/status-check	2025-06-08T01:13:20.0500854Z  - base-integration-tests: success
Status Check - Keycloak CI	Run /./.github/actions/status-check	2025-06-08T01:13:20.0501174Z  - adapter-integration-tests: success
Status Check - Keycloak CI	Run /./.github/actions/status-check	2025-06-08T01:13:20.0501537Z  - adapter-integration-tests-strict-cookies: success
Status Check - Keycloak CI	Run /./.github/actions/status-check	2025-06-08T01:13:20.0501898Z  - quarkus-unit-tests: failure
Status Check - Keycloak CI	Run /./.github/actions/status-check	2025-06-08T01:13:20.0502201Z  - quarkus-integration-tests: failure
Status Check - Keycloak CI	Run /./.github/actions/status-check	2025-06-08T01:13:20.0502516Z  - jdk-integration-tests: failure
Status Check - Keycloak CI	Run /./.github/actions/status-check	2025-06-08T01:13:20.0502816Z  - store-integration-tests: success
Status Check - Keycloak CI	Run /./.github/actions/status-check	2025-06-08T01:13:20.0503112Z  - volatile-sessions-tests: success
Status Check - Keycloak CI	Run /./.github/actions/status-check	2025-06-08T01:13:20.0503408Z  - store-model-tests: success
Status Check - Keycloak CI	Run /./.github/actions/status-check	2025-06-08T01:13:20.0503703Z  - clustering-integration-tests: success
Status Check - Keycloak CI	Run /./.github/actions/status-check	2025-06-08T01:13:20.0504019Z  - fips-unit-tests: success
Status Check - Keycloak CI	Run /./.github/actions/status-check	2025-06-08T01:13:20.0504328Z  - fips-integration-tests: success
Status Check - Keycloak CI	Run /./.github/actions/status-check	2025-06-08T01:13:20.0504629Z  - forms-integration-tests: success
Status Check - Keycloak CI	Run /./.github/actions/status-check	2025-06-08T01:13:20.0504955Z  - webauthn-integration-tests: success
Status Check - Keycloak CI	Run /./.github/actions/status-check	2025-06-08T01:13:20.0505257Z  - sssd-unit-tests: success
Status Check - Keycloak CI	Run /./.github/actions/status-check	2025-06-08T01:13:20.0505526Z  - migration-tests: success
Status Check - Keycloak CI	Run /./.github/actions/status-check	2025-06-08T01:13:20.0505809Z  - external-infinispan-tests: success
Status Check - Keycloak CI	Run /./.github/actions/status-check	2025-06-08T01:13:20.0506103Z  - test-framework: success
Status Check - Keycloak CI	Run /./.github/actions/status-check	2025-06-08T01:13:20.0506668Z  - base-new-integration-tests: success
Status Check - Keycloak CI	Run /./.github/actions/status-check	2025-06-08T01:13:20.0535355Z 
Status Check - Keycloak CI	Run /./.github/actions/status-check	2025-06-08T01:13:20.0535761Z Status check not okay!
Status Check - Keycloak CI	Run /./.github/actions/status-check	2025-06-08T01:13:20.0548044Z ##[error]Process completed with exit code 1.
