Build	Build Keycloak	2023-03-05T23:03:35.0776546Z Prepare all required actions
Build	Build Keycloak	2023-03-05T23:03:35.0777023Z Getting action download info
Build	Build Keycloak	2023-03-05T23:03:35.4355973Z Download action repository 'actions/setup-java@v3' (SHA:3f07048e3d294f56e9b90ac5ea2c6f74e9ad0f98)
Build	Build Keycloak	2023-03-05T23:03:36.0362491Z Download action repository 'actions/upload-artifact@v3' (SHA:0b7f8abb1508181956e8e162db84b466c27e18ce)
Build	Build Keycloak	2023-03-05T23:03:36.4950090Z ##[group]Run ./.github/actions/build-keycloak
Build	Build Keycloak	2023-03-05T23:03:36.4950511Z with:
Build	Build Keycloak	2023-03-05T23:03:36.4950737Z   upload-m2-repo: true
Build	Build Keycloak	2023-03-05T23:03:36.4950962Z   upload-dist: false
Build	Build Keycloak	2023-03-05T23:03:36.4951196Z   jdk-dist: temurin
Build	Build Keycloak	2023-03-05T23:03:36.4951419Z   jdk-version: 17
Build	Build Keycloak	2023-03-05T23:03:36.4951614Z env:
Build	Build Keycloak	2023-03-05T23:03:36.4951829Z   DEFAULT_JDK_VERSION: 17
Build	Build Keycloak	2023-03-05T23:03:36.4952073Z   DEFAULT_JDK_DIST: temurin
Build	Build Keycloak	2023-03-05T23:03:36.4952310Z   SUREFIRE_RERUN_FAILING_COUNT: 2
Build	Build Keycloak	2023-03-05T23:03:36.4952553Z ##[endgroup]
Build	Build Keycloak	2023-03-05T23:03:36.5309357Z ##[group]Run actions/setup-java@v3
Build	Build Keycloak	2023-03-05T23:03:36.5309698Z with:
Build	Build Keycloak	2023-03-05T23:03:36.5309942Z   distribution: temurin
Build	Build Keycloak	2023-03-05T23:03:36.5310170Z   java-version: 17
Build	Build Keycloak	2023-03-05T23:03:36.5310384Z   java-package: jdk
Build	Build Keycloak	2023-03-05T23:03:36.5310583Z   check-latest: false
Build	Build Keycloak	2023-03-05T23:03:36.5310797Z   server-id: github
Build	Build Keycloak	2023-03-05T23:03:36.5311023Z   server-username: GITHUB_ACTOR
Build	Build Keycloak	2023-03-05T23:03:36.5311271Z   server-password: GITHUB_TOKEN
Build	Build Keycloak	2023-03-05T23:03:36.5311514Z   overwrite-settings: true
Build	Build Keycloak	2023-03-05T23:03:36.5311739Z   job-status: success
Build	Build Keycloak	2023-03-05T23:03:36.5312108Z   token: ***
Build	Build Keycloak	2023-03-05T23:03:36.5312284Z env:
Build	Build Keycloak	2023-03-05T23:03:36.5312481Z   DEFAULT_JDK_VERSION: 17
Build	Build Keycloak	2023-03-05T23:03:36.5312701Z   DEFAULT_JDK_DIST: temurin
Build	Build Keycloak	2023-03-05T23:03:36.5312919Z   SUREFIRE_RERUN_FAILING_COUNT: 2
Build	Build Keycloak	2023-03-05T23:03:36.5313144Z ##[endgroup]
Build	Build Keycloak	2023-03-05T23:03:36.8151260Z ##[group]Installed distributions
Build	Build Keycloak	2023-03-05T23:03:36.8228938Z Resolved Java 17.0.6+10 from tool-cache
Build	Build Keycloak	2023-03-05T23:03:36.8229504Z Setting Java 17.0.6+10 as the default
Build	Build Keycloak	2023-03-05T23:03:36.8261560Z Creating toolchains.xml for JDK version 17 from temurin
Build	Build Keycloak	2023-03-05T23:03:36.8412081Z Writing to /home/runner/.m2/toolchains.xml
Build	Build Keycloak	2023-03-05T23:03:36.8413040Z 
Build	Build Keycloak	2023-03-05T23:03:36.8414102Z Java configuration:
Build	Build Keycloak	2023-03-05T23:03:36.8414583Z   Distribution: temurin
Build	Build Keycloak	2023-03-05T23:03:36.8415847Z   Version: 17.0.6+10
Build	Build Keycloak	2023-03-05T23:03:36.8416612Z   Path: /opt/hostedtoolcache/Java_Temurin-Hotspot_jdk/17.0.6-10/x64
Build	Build Keycloak	2023-03-05T23:03:36.8416853Z 
Build	Build Keycloak	2023-03-05T23:03:36.8418993Z ##[endgroup]
Build	Build Keycloak	2023-03-05T23:03:36.8449687Z Creating settings.xml with server-id: github
Build	Build Keycloak	2023-03-05T23:03:36.8460106Z Writing to /home/runner/.m2/settings.xml
Build	Build Keycloak	2023-03-05T23:03:36.8607785Z Prepare all required actions
Build	Build Keycloak	2023-03-05T23:03:36.8608134Z Getting action download info
Build	Build Keycloak	2023-03-05T23:03:37.0409890Z Download action repository 'actions/cache@v3' (SHA:69d9d449aced6a2ede0bc19182fadc3a0a42d2b0)
Build	Build Keycloak	2023-03-05T23:03:37.6785939Z ##[group]Run ./.github/actions/maven-cache
Build	Build Keycloak	2023-03-05T23:03:37.6786219Z env:
Build	Build Keycloak	2023-03-05T23:03:37.6786440Z   DEFAULT_JDK_VERSION: 17
Build	Build Keycloak	2023-03-05T23:03:37.6786672Z   DEFAULT_JDK_DIST: temurin
Build	Build Keycloak	2023-03-05T23:03:37.6787219Z   SUREFIRE_RERUN_FAILING_COUNT: 2
Build	Build Keycloak	2023-03-05T23:03:37.6787568Z   JAVA_HOME: /opt/hostedtoolcache/Java_Temurin-Hotspot_jdk/17.0.6-10/x64
Build	Build Keycloak	2023-03-05T23:03:37.6787961Z   JAVA_HOME_17_X64: /opt/hostedtoolcache/Java_Temurin-Hotspot_jdk/17.0.6-10/x64
Build	Build Keycloak	2023-03-05T23:03:37.6788282Z ##[endgroup]
Build	Build Keycloak	2023-03-05T23:03:37.6851053Z ##[group]Run echo "key=mvn-`date -u "+%Y-%U"`" >> $GITHUB_OUTPUT
Build	Build Keycloak	2023-03-05T23:03:37.6851413Z [36;1mecho "key=mvn-`date -u "+%Y-%U"`" >> $GITHUB_OUTPUT[0m
Build	Build Keycloak	2023-03-05T23:03:37.6912287Z shell: /usr/bin/bash --noprofile --norc -e -o pipefail {0}
Build	Build Keycloak	2023-03-05T23:03:37.6912570Z env:
Build	Build Keycloak	2023-03-05T23:03:37.6912757Z   DEFAULT_JDK_VERSION: 17
Build	Build Keycloak	2023-03-05T23:03:37.6912984Z   DEFAULT_JDK_DIST: temurin
Build	Build Keycloak	2023-03-05T23:03:37.6913222Z   SUREFIRE_RERUN_FAILING_COUNT: 2
Build	Build Keycloak	2023-03-05T23:03:37.6913514Z   JAVA_HOME: /opt/hostedtoolcache/Java_Temurin-Hotspot_jdk/17.0.6-10/x64
Build	Build Keycloak	2023-03-05T23:03:37.6914150Z   JAVA_HOME_17_X64: /opt/hostedtoolcache/Java_Temurin-Hotspot_jdk/17.0.6-10/x64
Build	Build Keycloak	2023-03-05T23:03:37.6914690Z ##[endgroup]
Build	Build Keycloak	2023-03-05T23:03:37.7162063Z ##[group]Run actions/cache@v3
Build	Build Keycloak	2023-03-05T23:03:37.7162320Z with:
Build	Build Keycloak	2023-03-05T23:03:37.7162539Z   path: ~/.m2/repository
Build	Build Keycloak	2023-03-05T23:03:37.7162759Z   key: mvn-2023-10
Build	Build Keycloak	2023-03-05T23:03:37.7163122Z   enableCrossOsArchive: false
Build	Build Keycloak	2023-03-05T23:03:37.7163385Z   fail-on-cache-miss: false
Build	Build Keycloak	2023-03-05T23:03:37.7163593Z env:
Build	Build Keycloak	2023-03-05T23:03:37.7163801Z   DEFAULT_JDK_VERSION: 17
Build	Build Keycloak	2023-03-05T23:03:37.7164036Z   DEFAULT_JDK_DIST: temurin
Build	Build Keycloak	2023-03-05T23:03:37.7164267Z   SUREFIRE_RERUN_FAILING_COUNT: 2
Build	Build Keycloak	2023-03-05T23:03:37.7164590Z   JAVA_HOME: /opt/hostedtoolcache/Java_Temurin-Hotspot_jdk/17.0.6-10/x64
Build	Build Keycloak	2023-03-05T23:03:37.7164972Z   JAVA_HOME_17_X64: /opt/hostedtoolcache/Java_Temurin-Hotspot_jdk/17.0.6-10/x64
Build	Build Keycloak	2023-03-05T23:03:37.7165271Z ##[endgroup]
Build	Build Keycloak	2023-03-05T23:03:39.4602863Z Received 0 of 584690421 (0.0%), 0.0 MBs/sec
Build	Build Keycloak	2023-03-05T23:03:40.4612134Z Received 33554432 of 584690421 (5.7%), 16.0 MBs/sec
Build	Build Keycloak	2023-03-05T23:03:41.4618556Z Received 75497472 of 584690421 (12.9%), 24.0 MBs/sec
Build	Build Keycloak	2023-03-05T23:03:42.4619015Z Received 125829120 of 584690421 (21.5%), 30.0 MBs/sec
Build	Build Keycloak	2023-03-05T23:03:43.4649054Z Received 176160768 of 584690421 (30.1%), 33.6 MBs/sec
Build	Build Keycloak	2023-03-05T23:03:44.4645785Z Received 213909504 of 584690421 (36.6%), 34.0 MBs/sec
Build	Build Keycloak	2023-03-05T23:03:45.4660513Z Received 322961408 of 584690421 (55.2%), 44.0 MBs/sec
Build	Build Keycloak	2023-03-05T23:03:46.4669731Z Received 478150656 of 584690421 (81.8%), 56.9 MBs/sec
Build	Build Keycloak	2023-03-05T23:03:47.7462371Z Received 584690421 of 584690421 (100.0%), 60.0 MBs/sec
Build	Build Keycloak	2023-03-05T23:03:47.7464557Z Cache Size: ~558 MB (584690421 B)
Build	Build Keycloak	2023-03-05T23:03:47.7529129Z [command]/usr/bin/tar -xf /home/runner/work/_temp/f3fa4ec2-0c11-429b-988d-553d11777684/cache.tzst -P -C /home/runner/work/keycloak/keycloak --use-compress-program unzstd
Build	Build Keycloak	2023-03-05T23:03:51.0574613Z Cache restored successfully
Build	Build Keycloak	2023-03-05T23:03:51.1855667Z Cache restored from key: mvn-2023-10
Build	Build Keycloak	2023-03-05T23:03:51.2076103Z ##[group]Run if ( stat ~/.m2/repository/org/keycloak &>/dev/null ); then
Build	Build Keycloak	2023-03-05T23:03:51.2076551Z [36;1mif ( stat ~/.m2/repository/org/keycloak &>/dev/null ); then[0m
Build	Build Keycloak	2023-03-05T23:03:51.2076944Z [36;1m  echo "Found org/keycloak artifacts in Maven repository cache"[0m
Build	Build Keycloak	2023-03-05T23:03:51.2077279Z [36;1m  ls ~/.m2/repository/org/keycloak[0m
Build	Build Keycloak	2023-03-05T23:03:51.2077550Z [36;1m  exit 1[0m
Build	Build Keycloak	2023-03-05T23:03:51.2077782Z [36;1mfi[0m
Build	Build Keycloak	2023-03-05T23:03:51.2143640Z shell: /usr/bin/bash --noprofile --norc -e -o pipefail {0}
Build	Build Keycloak	2023-03-05T23:03:51.2143925Z env:
Build	Build Keycloak	2023-03-05T23:03:51.2144128Z   DEFAULT_JDK_VERSION: 17
Build	Build Keycloak	2023-03-05T23:03:51.2144359Z   DEFAULT_JDK_DIST: temurin
Build	Build Keycloak	2023-03-05T23:03:51.2144603Z   SUREFIRE_RERUN_FAILING_COUNT: 2
Build	Build Keycloak	2023-03-05T23:03:51.2144927Z   JAVA_HOME: /opt/hostedtoolcache/Java_Temurin-Hotspot_jdk/17.0.6-10/x64
Build	Build Keycloak	2023-03-05T23:03:51.2145432Z   JAVA_HOME_17_X64: /opt/hostedtoolcache/Java_Temurin-Hotspot_jdk/17.0.6-10/x64
Build	Build Keycloak	2023-03-05T23:03:51.2145822Z ##[endgroup]
Build	Build Keycloak	2023-03-05T23:03:51.2270350Z Found org/keycloak artifacts in Maven repository cache
Build	Build Keycloak	2023-03-05T23:03:51.2286345Z keycloak-common
Build	Build Keycloak	2023-03-05T23:03:51.2287684Z keycloak-operator
Build	Build Keycloak	2023-03-05T23:03:51.2288337Z keycloak-parent
Build	Build Keycloak	2023-03-05T23:03:51.2306568Z ##[error]Process completed with exit code 1.
Status Check - Keycloak CI	Check status	2023-03-05T23:04:05.5453684Z Prepare all required actions
Status Check - Keycloak CI	Check status	2023-03-05T23:04:05.5493676Z ##[group]Run ./.github/actions/checks-job-pass
Status Check - Keycloak CI	Check status	2023-03-05T23:04:05.5493939Z with:
Status Check - Keycloak CI	Check status	2023-03-05T23:04:05.5494114Z   required: true
Status Check - Keycloak CI	Check status	2023-03-05T23:04:05.5494302Z env:
Status Check - Keycloak CI	Check status	2023-03-05T23:04:05.5494485Z   DEFAULT_JDK_VERSION: 17
Status Check - Keycloak CI	Check status	2023-03-05T23:04:05.5494711Z   DEFAULT_JDK_DIST: temurin
Status Check - Keycloak CI	Check status	2023-03-05T23:04:05.5494946Z   SUREFIRE_RERUN_FAILING_COUNT: 2
Status Check - Keycloak CI	Check status	2023-03-05T23:04:05.5495163Z ##[endgroup]
Status Check - Keycloak CI	Check status	2023-03-05T23:04:05.5785285Z ##[group]Run if [ "true" == "false" ]; then
Status Check - Keycloak CI	Check status	2023-03-05T23:04:05.5785637Z [36;1mif [ "true" == "false" ]; then[0m
Status Check - Keycloak CI	Check status	2023-03-05T23:04:05.5785902Z [36;1m  echo "Not required to run, skipping"[0m
Status Check - Keycloak CI	Check status	2023-03-05T23:04:05.5786137Z [36;1melse[0m
Status Check - Keycloak CI	Check status	2023-03-05T23:04:05.5786334Z [36;1m  if [ "" == "success" ]; then[0m
Status Check - Keycloak CI	Check status	2023-03-05T23:04:05.5786557Z [36;1m    echo "Success"[0m
Status Check - Keycloak CI	Check status	2023-03-05T23:04:05.5786766Z [36;1m  else[0m
Status Check - Keycloak CI	Check status	2023-03-05T23:04:05.5786992Z [36;1m    echo "Required to run, but didn't succeed"[0m
Status Check - Keycloak CI	Check status	2023-03-05T23:04:05.5787229Z [36;1m    exit 1[0m
Status Check - Keycloak CI	Check status	2023-03-05T23:04:05.5787471Z [36;1m  fi        [0m
Status Check - Keycloak CI	Check status	2023-03-05T23:04:05.5787662Z [36;1mfi[0m
Status Check - Keycloak CI	Check status	2023-03-05T23:04:05.5846469Z shell: /usr/bin/bash --noprofile --norc -e -o pipefail {0}
Status Check - Keycloak CI	Check status	2023-03-05T23:04:05.5846765Z env:
Status Check - Keycloak CI	Check status	2023-03-05T23:04:05.5846968Z   DEFAULT_JDK_VERSION: 17
Status Check - Keycloak CI	Check status	2023-03-05T23:04:05.5847184Z   DEFAULT_JDK_DIST: temurin
Status Check - Keycloak CI	Check status	2023-03-05T23:04:05.5847419Z   SUREFIRE_RERUN_FAILING_COUNT: 2
Status Check - Keycloak CI	Check status	2023-03-05T23:04:05.5847639Z ##[endgroup]
Status Check - Keycloak CI	Check status	2023-03-05T23:04:05.6011748Z Required to run, but didn't succeed
Status Check - Keycloak CI	Check status	2023-03-05T23:04:05.6028193Z ##[error]Process completed with exit code 1.
