Build	Build Keycloak	2023-02-12T20:03:34.6115555Z Prepare all required actions
Build	Build Keycloak	2023-02-12T20:03:34.6115956Z Getting action download info
Build	Build Keycloak	2023-02-12T20:03:34.8380094Z Download action repository 'actions/setup-java@v3' (SHA:3f07048e3d294f56e9b90ac5ea2c6f74e9ad0f98)
Build	Build Keycloak	2023-02-12T20:03:35.1960378Z Download action repository 'actions/upload-artifact@v3' (SHA:0b7f8abb1508181956e8e162db84b466c27e18ce)
Build	Build Keycloak	2023-02-12T20:03:35.4355437Z ##[group]Run ./.github/actions/build-keycloak
Build	Build Keycloak	2023-02-12T20:03:35.4355781Z with:
Build	Build Keycloak	2023-02-12T20:03:35.4356016Z   upload-m2-repo: true
Build	Build Keycloak	2023-02-12T20:03:35.4356329Z   upload-dist: false
Build	Build Keycloak	2023-02-12T20:03:35.4356661Z   jdk-dist: temurin
Build	Build Keycloak	2023-02-12T20:03:35.4356887Z   jdk-version: 11
Build	Build Keycloak	2023-02-12T20:03:35.4357146Z env:
Build	Build Keycloak	2023-02-12T20:03:35.4357424Z   DEFAULT_JDK_VERSION: 11
Build	Build Keycloak	2023-02-12T20:03:35.4357679Z   DEFAULT_JDK_DIST: temurin
Build	Build Keycloak	2023-02-12T20:03:35.4358011Z   SUREFIRE_RERUN_FAILING_COUNT: 2
Build	Build Keycloak	2023-02-12T20:03:35.4358308Z ##[endgroup]
Build	Build Keycloak	2023-02-12T20:03:35.4742386Z ##[group]Run actions/setup-java@v3
Build	Build Keycloak	2023-02-12T20:03:35.4742620Z with:
Build	Build Keycloak	2023-02-12T20:03:35.4742872Z   distribution: temurin
Build	Build Keycloak	2023-02-12T20:03:35.4743074Z   java-version: 11
Build	Build Keycloak	2023-02-12T20:03:35.4743285Z   java-package: jdk
Build	Build Keycloak	2023-02-12T20:03:35.4743497Z   check-latest: false
Build	Build Keycloak	2023-02-12T20:03:35.4743694Z   server-id: github
Build	Build Keycloak	2023-02-12T20:03:35.4743915Z   server-username: GITHUB_ACTOR
Build	Build Keycloak	2023-02-12T20:03:35.4744171Z   server-password: GITHUB_TOKEN
Build	Build Keycloak	2023-02-12T20:03:35.4744403Z   overwrite-settings: true
Build	Build Keycloak	2023-02-12T20:03:35.4744627Z   job-status: success
Build	Build Keycloak	2023-02-12T20:03:35.4744995Z   token: ***
Build	Build Keycloak	2023-02-12T20:03:35.4745164Z env:
Build	Build Keycloak	2023-02-12T20:03:35.4745358Z   DEFAULT_JDK_VERSION: 11
Build	Build Keycloak	2023-02-12T20:03:35.4745580Z   DEFAULT_JDK_DIST: temurin
Build	Build Keycloak	2023-02-12T20:03:35.4745800Z   SUREFIRE_RERUN_FAILING_COUNT: 2
Build	Build Keycloak	2023-02-12T20:03:35.4746023Z ##[endgroup]
Build	Build Keycloak	2023-02-12T20:03:35.6848472Z ##[group]Installed distributions
Build	Build Keycloak	2023-02-12T20:03:35.6910061Z Resolved Java 11.0.18+10 from tool-cache
Build	Build Keycloak	2023-02-12T20:03:35.6910683Z Setting Java 11.0.18+10 as the default
Build	Build Keycloak	2023-02-12T20:03:35.6932493Z Creating toolchains.xml for JDK version 11 from temurin
Build	Build Keycloak	2023-02-12T20:03:35.7088878Z Writing to /home/runner/.m2/toolchains.xml
Build	Build Keycloak	2023-02-12T20:03:35.7097298Z 
Build	Build Keycloak	2023-02-12T20:03:35.7097870Z Java configuration:
Build	Build Keycloak	2023-02-12T20:03:35.7098277Z   Distribution: temurin
Build	Build Keycloak	2023-02-12T20:03:35.7098846Z   Version: 11.0.18+10
Build	Build Keycloak	2023-02-12T20:03:35.7099488Z   Path: /opt/hostedtoolcache/Java_Temurin-Hotspot_jdk/11.0.18-10/x64
Build	Build Keycloak	2023-02-12T20:03:35.7100049Z 
Build	Build Keycloak	2023-02-12T20:03:35.7100626Z ##[endgroup]
Build	Build Keycloak	2023-02-12T20:03:35.7123535Z Creating settings.xml with server-id: github
Build	Build Keycloak	2023-02-12T20:03:35.7123842Z Writing to /home/runner/.m2/settings.xml
Build	Build Keycloak	2023-02-12T20:03:35.7234324Z Prepare all required actions
Build	Build Keycloak	2023-02-12T20:03:35.7234632Z Getting action download info
Build	Build Keycloak	2023-02-12T20:03:36.0345456Z Download action repository 'actions/cache@v3' (SHA:6998d139ddd3e68c71e9e398d8e40b71a2f39812)
Build	Build Keycloak	2023-02-12T20:03:36.2892025Z ##[group]Run ./.github/actions/maven-cache
Build	Build Keycloak	2023-02-12T20:03:36.2892298Z env:
Build	Build Keycloak	2023-02-12T20:03:36.2892497Z   DEFAULT_JDK_VERSION: 11
Build	Build Keycloak	2023-02-12T20:03:36.2892710Z   DEFAULT_JDK_DIST: temurin
Build	Build Keycloak	2023-02-12T20:03:36.2893081Z   SUREFIRE_RERUN_FAILING_COUNT: 2
Build	Build Keycloak	2023-02-12T20:03:36.2893394Z   JAVA_HOME: /opt/hostedtoolcache/Java_Temurin-Hotspot_jdk/11.0.18-10/x64
Build	Build Keycloak	2023-02-12T20:03:36.2893755Z   JAVA_HOME_11_X64: /opt/hostedtoolcache/Java_Temurin-Hotspot_jdk/11.0.18-10/x64
Build	Build Keycloak	2023-02-12T20:03:36.2894044Z ##[endgroup]
Build	Build Keycloak	2023-02-12T20:03:36.2950059Z ##[group]Run echo "key=mvn-`date -u "+%Y-%U"`" >> $GITHUB_OUTPUT
Build	Build Keycloak	2023-02-12T20:03:36.2950445Z [36;1mecho "key=mvn-`date -u "+%Y-%U"`" >> $GITHUB_OUTPUT[0m
Build	Build Keycloak	2023-02-12T20:03:36.3010407Z shell: /usr/bin/bash --noprofile --norc -e -o pipefail {0}
Build	Build Keycloak	2023-02-12T20:03:36.3010682Z env:
Build	Build Keycloak	2023-02-12T20:03:36.3010893Z   DEFAULT_JDK_VERSION: 11
Build	Build Keycloak	2023-02-12T20:03:36.3011129Z   DEFAULT_JDK_DIST: temurin
Build	Build Keycloak	2023-02-12T20:03:36.3011357Z   SUREFIRE_RERUN_FAILING_COUNT: 2
Build	Build Keycloak	2023-02-12T20:03:36.3011680Z   JAVA_HOME: /opt/hostedtoolcache/Java_Temurin-Hotspot_jdk/11.0.18-10/x64
Build	Build Keycloak	2023-02-12T20:03:36.3012057Z   JAVA_HOME_11_X64: /opt/hostedtoolcache/Java_Temurin-Hotspot_jdk/11.0.18-10/x64
Build	Build Keycloak	2023-02-12T20:03:36.3012565Z ##[endgroup]
Build	Build Keycloak	2023-02-12T20:03:36.3221892Z ##[group]Run actions/cache@v3
Build	Build Keycloak	2023-02-12T20:03:36.3222128Z with:
Build	Build Keycloak	2023-02-12T20:03:36.3222333Z   path: ~/.m2/repository
Build	Build Keycloak	2023-02-12T20:03:36.3222535Z   key: mvn-2023-07
Build	Build Keycloak	2023-02-12T20:03:36.3222768Z   enableCrossOsArchive: false
Build	Build Keycloak	2023-02-12T20:03:36.3223020Z   fail-on-cache-miss: false
Build	Build Keycloak	2023-02-12T20:03:36.3223217Z env:
Build	Build Keycloak	2023-02-12T20:03:36.3223409Z   DEFAULT_JDK_VERSION: 11
Build	Build Keycloak	2023-02-12T20:03:36.3223631Z   DEFAULT_JDK_DIST: temurin
Build	Build Keycloak	2023-02-12T20:03:36.3223863Z   SUREFIRE_RERUN_FAILING_COUNT: 2
Build	Build Keycloak	2023-02-12T20:03:36.3224156Z   JAVA_HOME: /opt/hostedtoolcache/Java_Temurin-Hotspot_jdk/11.0.18-10/x64
Build	Build Keycloak	2023-02-12T20:03:36.3224524Z   JAVA_HOME_11_X64: /opt/hostedtoolcache/Java_Temurin-Hotspot_jdk/11.0.18-10/x64
Build	Build Keycloak	2023-02-12T20:03:36.3224809Z ##[endgroup]
Build	Build Keycloak	2023-02-12T20:03:37.6690101Z Received 213909504 of 576606413 (37.1%), 202.4 MBs/sec
Build	Build Keycloak	2023-02-12T20:03:38.6701231Z Received 411041792 of 576606413 (71.3%), 195.1 MBs/sec
Build	Build Keycloak	2023-02-12T20:03:39.8486692Z Received 576606413 of 576606413 (100.0%), 172.5 MBs/sec
Build	Build Keycloak	2023-02-12T20:03:39.8487538Z Cache Size: ~550 MB (576606413 B)
Build	Build Keycloak	2023-02-12T20:03:39.8625655Z [command]/usr/bin/tar -xf /home/runner/work/_temp/8043e84c-2fd9-434a-8013-ef85f012c45e/cache.tzst -P -C /home/runner/work/keycloak/keycloak --use-compress-program unzstd
Build	Build Keycloak	2023-02-12T20:03:42.0307590Z Cache restored successfully
Build	Build Keycloak	2023-02-12T20:03:42.6000643Z Cache restored from key: mvn-2023-07
Build	Build Keycloak	2023-02-12T20:03:42.6318522Z ##[group]Run if ( stat ~/.m2/repository/org/keycloak &>/dev/null ); then
Build	Build Keycloak	2023-02-12T20:03:42.6318961Z [36;1mif ( stat ~/.m2/repository/org/keycloak &>/dev/null ); then[0m
Build	Build Keycloak	2023-02-12T20:03:42.6319308Z [36;1m  echo "Found org/keycloak artifacts in Maven repository cache"[0m
Build	Build Keycloak	2023-02-12T20:03:42.6319623Z [36;1m  ls ~/.m2/repository/org/keycloak[0m
Build	Build Keycloak	2023-02-12T20:03:42.6319849Z [36;1m  exit 1[0m
Build	Build Keycloak	2023-02-12T20:03:42.6320046Z [36;1mfi[0m
Build	Build Keycloak	2023-02-12T20:03:42.6373541Z shell: /usr/bin/bash --noprofile --norc -e -o pipefail {0}
Build	Build Keycloak	2023-02-12T20:03:42.6373845Z env:
Build	Build Keycloak	2023-02-12T20:03:42.6374050Z   DEFAULT_JDK_VERSION: 11
Build	Build Keycloak	2023-02-12T20:03:42.6374291Z   DEFAULT_JDK_DIST: temurin
Build	Build Keycloak	2023-02-12T20:03:42.6374541Z   SUREFIRE_RERUN_FAILING_COUNT: 2
Build	Build Keycloak	2023-02-12T20:03:42.6374867Z   JAVA_HOME: /opt/hostedtoolcache/Java_Temurin-Hotspot_jdk/11.0.18-10/x64
Build	Build Keycloak	2023-02-12T20:03:42.6375244Z   JAVA_HOME_11_X64: /opt/hostedtoolcache/Java_Temurin-Hotspot_jdk/11.0.18-10/x64
Build	Build Keycloak	2023-02-12T20:03:42.6375527Z ##[endgroup]
Build	Build Keycloak	2023-02-12T20:03:42.6991526Z Found org/keycloak artifacts in Maven repository cache
Build	Build Keycloak	2023-02-12T20:03:42.7000633Z keycloak-common
Build	Build Keycloak	2023-02-12T20:03:42.7001355Z keycloak-operator
Build	Build Keycloak	2023-02-12T20:03:42.7001975Z keycloak-parent
Build	Build Keycloak	2023-02-12T20:03:42.7017176Z ##[error]Process completed with exit code 1.
Status Check - Keycloak CI	Check status	2023-02-12T20:03:57.6229381Z Prepare all required actions
Status Check - Keycloak CI	Check status	2023-02-12T20:03:57.6267871Z ##[group]Run ./.github/actions/checks-job-pass
Status Check - Keycloak CI	Check status	2023-02-12T20:03:57.6268112Z with:
Status Check - Keycloak CI	Check status	2023-02-12T20:03:57.6268275Z   required: true
Status Check - Keycloak CI	Check status	2023-02-12T20:03:57.6268445Z env:
Status Check - Keycloak CI	Check status	2023-02-12T20:03:57.6268621Z   DEFAULT_JDK_VERSION: 11
Status Check - Keycloak CI	Check status	2023-02-12T20:03:57.6268818Z   DEFAULT_JDK_DIST: temurin
Status Check - Keycloak CI	Check status	2023-02-12T20:03:57.6269037Z   SUREFIRE_RERUN_FAILING_COUNT: 2
Status Check - Keycloak CI	Check status	2023-02-12T20:03:57.6269236Z ##[endgroup]
Status Check - Keycloak CI	Check status	2023-02-12T20:03:57.6564833Z ##[group]Run if [ "true" == "false" ]; then
Status Check - Keycloak CI	Check status	2023-02-12T20:03:57.6565164Z [36;1mif [ "true" == "false" ]; then[0m
Status Check - Keycloak CI	Check status	2023-02-12T20:03:57.6565425Z [36;1m  echo "Not required to run, skipping"[0m
Status Check - Keycloak CI	Check status	2023-02-12T20:03:57.6565644Z [36;1melse[0m
Status Check - Keycloak CI	Check status	2023-02-12T20:03:57.6565845Z [36;1m  if [ "" == "success" ]; then[0m
Status Check - Keycloak CI	Check status	2023-02-12T20:03:57.6566054Z [36;1m    echo "Success"[0m
Status Check - Keycloak CI	Check status	2023-02-12T20:03:57.6566243Z [36;1m  else[0m
Status Check - Keycloak CI	Check status	2023-02-12T20:03:57.6566460Z [36;1m    echo "Required to run, but didn't succeed"[0m
Status Check - Keycloak CI	Check status	2023-02-12T20:03:57.6566691Z [36;1m    exit 1[0m
Status Check - Keycloak CI	Check status	2023-02-12T20:03:57.6566910Z [36;1m  fi        [0m
Status Check - Keycloak CI	Check status	2023-02-12T20:03:57.6567090Z [36;1mfi[0m
Status Check - Keycloak CI	Check status	2023-02-12T20:03:57.6624685Z shell: /usr/bin/bash --noprofile --norc -e -o pipefail {0}
Status Check - Keycloak CI	Check status	2023-02-12T20:03:57.6624957Z env:
Status Check - Keycloak CI	Check status	2023-02-12T20:03:57.6625143Z   DEFAULT_JDK_VERSION: 11
Status Check - Keycloak CI	Check status	2023-02-12T20:03:57.6625347Z   DEFAULT_JDK_DIST: temurin
Status Check - Keycloak CI	Check status	2023-02-12T20:03:57.6625567Z   SUREFIRE_RERUN_FAILING_COUNT: 2
Status Check - Keycloak CI	Check status	2023-02-12T20:03:57.6625777Z ##[endgroup]
Status Check - Keycloak CI	Check status	2023-02-12T20:03:57.6782579Z Required to run, but didn't succeed
Status Check - Keycloak CI	Check status	2023-02-12T20:03:57.6798865Z ##[error]Process completed with exit code 1.
