Base IT (new)	Run tests	2025-04-13T01:07:17.8785519Z ##[group]Run ./mvnw package -f tests/pom.xml
Base IT (new)	Run tests	2025-04-13T01:07:17.8786491Z [36;1m./mvnw package -f tests/pom.xml[0m
Base IT (new)	Run tests	2025-04-13T01:07:17.8839123Z shell: /usr/bin/bash --noprofile --norc -e -o pipefail {0}
Base IT (new)	Run tests	2025-04-13T01:07:17.8839473Z env:
Base IT (new)	Run tests	2025-04-13T01:07:17.8839771Z   MAVEN_ARGS: -B -nsu -Daether.connector.http.connectionMaxTtl=25
Base IT (new)	Run tests	2025-04-13T01:07:17.8840129Z   SUREFIRE_RERUN_FAILING_COUNT: 2
Base IT (new)	Run tests	2025-04-13T01:07:17.8840446Z   SUREFIRE_RETRY: -Dsurefire.rerunFailingTestsCount=2
Base IT (new)	Run tests	2025-04-13T01:07:17.8840887Z   JAVA_HOME: /opt/hostedtoolcache/Java_Temurin-Hotspot_jdk/21.0.6-7/x64
Base IT (new)	Run tests	2025-04-13T01:07:17.8841367Z   JAVA_HOME_21_X64: /opt/hostedtoolcache/Java_Temurin-Hotspot_jdk/21.0.6-7/x64
Base IT (new)	Run tests	2025-04-13T01:07:17.8841734Z ##[endgroup]
Base IT (new)	Run tests	2025-04-13T01:07:21.6726976Z [INFO] Loading cache configuration from /home/runner/work/keycloak/keycloak/.mvn/maven-build-cache-config.xml
Base IT (new)	Run tests	2025-04-13T01:07:21.6921475Z [INFO] Scanning for projects...
Base IT (new)	Run tests	2025-04-13T01:07:21.8489142Z [INFO] ------------------------------------------------------------------------
Base IT (new)	Run tests	2025-04-13T01:07:21.8490244Z [INFO] Reactor Build Order:
Base IT (new)	Run tests	2025-04-13T01:07:21.8491749Z [INFO] 
Base IT (new)	Run tests	2025-04-13T01:07:21.8492274Z [INFO] Keycloak Tests Parent                                              [pom]
Base IT (new)	Run tests	2025-04-13T01:07:21.8493088Z [INFO] Keycloak Testsuite Utilities                                       [jar]
Base IT (new)	Run tests	2025-04-13T01:07:21.8493932Z [INFO] Keycloak Testsuite Utilities Shared                                [jar]
Base IT (new)	Run tests	2025-04-13T01:07:21.8495008Z [INFO] Keycloak Testsuite Custom Providers                                [jar]
Base IT (new)	Run tests	2025-04-13T01:07:21.8495843Z [INFO] New Keycloak Base Testsuite                                        [jar]
Base IT (new)	Run tests	2025-04-13T01:07:21.8606880Z [INFO] 
Base IT (new)	Run tests	2025-04-13T01:07:21.8612857Z [INFO] --------------< org.keycloak.tests:keycloak-tests-parent >--------------
Base IT (new)	Run tests	2025-04-13T01:07:21.8613721Z [INFO] Building Keycloak Tests Parent 999.0.0-SNAPSHOT                    [1/5]
Base IT (new)	Run tests	2025-04-13T01:07:21.8614509Z [INFO]   from pom.xml
Base IT (new)	Run tests	2025-04-13T01:07:21.8615003Z [INFO] --------------------------------[ pom ]---------------------------------
Base IT (new)	Run tests	2025-04-13T01:07:21.9177226Z [INFO] 
Base IT (new)	Run tests	2025-04-13T01:07:21.9179887Z [INFO] --- enforcer:3.0.0-M3:enforce (enforce-java-version) @ keycloak-tests-parent ---
Base IT (new)	Run tests	2025-04-13T01:07:22.1336335Z [INFO] 
Base IT (new)	Run tests	2025-04-13T01:07:22.1355131Z [INFO] --- enforcer:3.0.0-M3:enforce (enforce-maven-version) @ keycloak-tests-parent ---
Base IT (new)	Run tests	2025-04-13T01:07:22.1355888Z [INFO] 
Base IT (new)	Run tests	2025-04-13T01:07:22.1356462Z [INFO] --- buildnumber:1.4:create (get-scm-revision) @ keycloak-tests-parent ---
Base IT (new)	Run tests	2025-04-13T01:07:22.3780835Z [INFO] Executing: /bin/sh -c cd '/home/runner/work/keycloak/keycloak/tests' && 'git' 'rev-parse' '--verify' 'HEAD'
Base IT (new)	Run tests	2025-04-13T01:07:22.3781988Z [INFO] Working directory: /home/runner/work/keycloak/keycloak/tests
Base IT (new)	Run tests	2025-04-13T01:07:22.4004297Z [INFO] Storing buildNumber: 195ea98fb29ffde1e88bc6d2006eba8660cbc0d5 at timestamp: 1744506442364
Base IT (new)	Run tests	2025-04-13T01:07:22.4059473Z [INFO] Storing buildScmBranch: main
Base IT (new)	Run tests	2025-04-13T01:07:22.4060927Z [INFO] 
Base IT (new)	Run tests	2025-04-13T01:07:22.4061483Z [INFO] --- source:3.1.0:jar-no-fork (attach-sources) @ keycloak-tests-parent ---
Base IT (new)	Run tests	2025-04-13T01:07:22.5287878Z [INFO] 
Base IT (new)	Run tests	2025-04-13T01:07:22.5290576Z [INFO] --------------< org.keycloak.tests:keycloak-tests-utils >---------------
Base IT (new)	Run tests	2025-04-13T01:07:22.5293379Z [INFO] Building Keycloak Testsuite Utilities 999.0.0-SNAPSHOT             [2/5]
Base IT (new)	Run tests	2025-04-13T01:07:22.5295686Z [INFO]   from utils/pom.xml
Base IT (new)	Run tests	2025-04-13T01:07:22.5297485Z [INFO] --------------------------------[ jar ]---------------------------------
Base IT (new)	Run tests	2025-04-13T01:07:24.4649132Z [INFO] 
Base IT (new)	Run tests	2025-04-13T01:07:24.4653409Z [INFO] --- enforcer:3.0.0-M3:enforce (enforce-java-version) @ keycloak-tests-utils ---
Base IT (new)	Run tests	2025-04-13T01:07:24.4684451Z [INFO] 
Base IT (new)	Run tests	2025-04-13T01:07:24.4709983Z [INFO] --- enforcer:3.0.0-M3:enforce (enforce-maven-version) @ keycloak-tests-utils ---
Base IT (new)	Run tests	2025-04-13T01:07:24.4712833Z [INFO] 
Base IT (new)	Run tests	2025-04-13T01:07:24.4715636Z [INFO] --- buildnumber:1.4:create (get-scm-revision) @ keycloak-tests-utils ---
Base IT (new)	Run tests	2025-04-13T01:07:24.4721210Z [INFO] 
Base IT (new)	Run tests	2025-04-13T01:07:24.4721807Z [INFO] --- resources:3.2.0:resources (default-resources) @ keycloak-tests-utils ---
Base IT (new)	Run tests	2025-04-13T01:07:24.5461661Z [INFO] Using 'UTF-8' encoding to copy filtered resources.
Base IT (new)	Run tests	2025-04-13T01:07:24.5464810Z [INFO] Using 'UTF-8' encoding to copy filtered properties files.
Base IT (new)	Run tests	2025-04-13T01:07:24.5465874Z [INFO] skip non existing resourceDirectory /home/runner/work/keycloak/keycloak/tests/utils/src/main/resources
Base IT (new)	Run tests	2025-04-13T01:07:24.5466785Z [INFO] 
Base IT (new)	Run tests	2025-04-13T01:07:24.5467336Z [INFO] --- compiler:3.8.1:compile (default-compile) @ keycloak-tests-utils ---
Base IT (new)	Run tests	2025-04-13T01:07:24.6095220Z [INFO] Changes detected - recompiling the module!
Base IT (new)	Run tests	2025-04-13T01:07:24.6106475Z [INFO] Compiling 15 source files to /home/runner/work/keycloak/keycloak/tests/utils/target/classes
Base IT (new)	Run tests	2025-04-13T01:07:26.4755180Z [INFO] Annotation processing is enabled because one or more processors were found
Base IT (new)	Run tests	2025-04-13T01:07:26.4766059Z   on the class path. A future release of javac may disable annotation processing
Base IT (new)	Run tests	2025-04-13T01:07:26.4767063Z   unless at least one processor is specified by name (-processor), or a search
Base IT (new)	Run tests	2025-04-13T01:07:26.4768040Z   path is specified (--processor-path, --processor-module-path), or annotation
Base IT (new)	Run tests	2025-04-13T01:07:26.4768920Z   processing is enabled explicitly (-proc:only, -proc:full).
Base IT (new)	Run tests	2025-04-13T01:07:26.4769579Z   Use -Xlint:-options to suppress this message.
Base IT (new)	Run tests	2025-04-13T01:07:26.4770155Z   Use -proc:none to disable annotation processing.
Base IT (new)	Run tests	2025-04-13T01:07:26.4771675Z [WARNING] /home/runner/work/keycloak/keycloak/tests/utils/src/main/java/org/keycloak/tests/utils/matchers/SamlStatusResponseTypeMatcher.java:[30,31] unchecked conversion
Base IT (new)	Run tests	2025-04-13T01:07:26.4773299Z   required: java.util.List<org.hamcrest.Matcher<java.net.URI>>
Base IT (new)	Run tests	2025-04-13T01:07:26.4774409Z   found:    java.util.ArrayList
Base IT (new)	Run tests	2025-04-13T01:07:26.4775130Z [INFO] 
Base IT (new)	Run tests	2025-04-13T01:07:26.4775824Z [INFO] --- resources:3.2.0:testResources (default-testResources) @ keycloak-tests-utils ---
Base IT (new)	Run tests	2025-04-13T01:07:26.4807921Z [INFO] Using 'UTF-8' encoding to copy filtered resources.
Base IT (new)	Run tests	2025-04-13T01:07:26.4810228Z [INFO] Using 'UTF-8' encoding to copy filtered properties files.
Base IT (new)	Run tests	2025-04-13T01:07:26.4811357Z [INFO] skip non existing resourceDirectory /home/runner/work/keycloak/keycloak/tests/utils/src/test/resources
Base IT (new)	Run tests	2025-04-13T01:07:26.4834600Z [INFO] 
Base IT (new)	Run tests	2025-04-13T01:07:26.4835621Z [INFO] --- compiler:3.8.1:testCompile (default-testCompile) @ keycloak-tests-utils ---
Base IT (new)	Run tests	2025-04-13T01:07:26.4853399Z [INFO] No sources to compile
Base IT (new)	Run tests	2025-04-13T01:07:26.4855269Z [INFO] 
Base IT (new)	Run tests	2025-04-13T01:07:26.4857040Z [INFO] --- surefire:3.0.0-M7:test (default-test) @ keycloak-tests-utils ---
Base IT (new)	Run tests	2025-04-13T01:07:26.6085719Z [INFO] No tests to run.
Base IT (new)	Run tests	2025-04-13T01:07:26.6153391Z [INFO] 
Base IT (new)	Run tests	2025-04-13T01:07:26.6157688Z [INFO] --- jar:3.1.2:jar (default-jar) @ keycloak-tests-utils ---
Base IT (new)	Run tests	2025-04-13T01:07:26.7441677Z [INFO] Building jar: /home/runner/work/keycloak/keycloak/tests/utils/target/keycloak-tests-utils-999.0.0-SNAPSHOT.jar
Base IT (new)	Run tests	2025-04-13T01:07:26.7803434Z [INFO] 
Base IT (new)	Run tests	2025-04-13T01:07:26.7806274Z [INFO] --- source:3.1.0:jar-no-fork (attach-sources) @ keycloak-tests-utils ---
Base IT (new)	Run tests	2025-04-13T01:07:26.8120087Z [INFO] Building jar: /home/runner/work/keycloak/keycloak/tests/utils/target/keycloak-tests-utils-999.0.0-SNAPSHOT-sources.jar
Base IT (new)	Run tests	2025-04-13T01:07:26.8426307Z [INFO] 
Base IT (new)	Run tests	2025-04-13T01:07:26.8433375Z [INFO] -----------< org.keycloak.tests:keycloak-tests-utils-shared >-----------
Base IT (new)	Run tests	2025-04-13T01:07:26.8434538Z [INFO] Building Keycloak Testsuite Utilities Shared 999.0.0-SNAPSHOT      [3/5]
Base IT (new)	Run tests	2025-04-13T01:07:26.8435256Z [INFO]   from utils-shared/pom.xml
Base IT (new)	Run tests	2025-04-13T01:07:26.8435842Z [INFO] --------------------------------[ jar ]---------------------------------
Base IT (new)	Run tests	2025-04-13T01:07:26.9006456Z [INFO] 
Base IT (new)	Run tests	2025-04-13T01:07:26.9007953Z [INFO] --- enforcer:3.0.0-M3:enforce (enforce-java-version) @ keycloak-tests-utils-shared ---
Base IT (new)	Run tests	2025-04-13T01:07:26.9009281Z [INFO] 
Base IT (new)	Run tests	2025-04-13T01:07:26.9010013Z [INFO] --- enforcer:3.0.0-M3:enforce (enforce-maven-version) @ keycloak-tests-utils-shared ---
Base IT (new)	Run tests	2025-04-13T01:07:26.9015237Z [INFO] 
Base IT (new)	Run tests	2025-04-13T01:07:26.9016113Z [INFO] --- buildnumber:1.4:create (get-scm-revision) @ keycloak-tests-utils-shared ---
Base IT (new)	Run tests	2025-04-13T01:07:26.9032192Z [INFO] 
Base IT (new)	Run tests	2025-04-13T01:07:26.9034451Z [INFO] --- resources:3.2.0:resources (default-resources) @ keycloak-tests-utils-shared ---
Base IT (new)	Run tests	2025-04-13T01:07:26.9064491Z [INFO] Using 'UTF-8' encoding to copy filtered resources.
Base IT (new)	Run tests	2025-04-13T01:07:26.9068690Z [INFO] Using 'UTF-8' encoding to copy filtered properties files.
Base IT (new)	Run tests	2025-04-13T01:07:26.9073215Z [INFO] skip non existing resourceDirectory /home/runner/work/keycloak/keycloak/tests/utils-shared/src/main/resources
Base IT (new)	Run tests	2025-04-13T01:07:26.9077769Z [INFO] 
Base IT (new)	Run tests	2025-04-13T01:07:26.9081921Z [INFO] --- compiler:3.8.1:compile (default-compile) @ keycloak-tests-utils-shared ---
Base IT (new)	Run tests	2025-04-13T01:07:26.9171992Z [INFO] Changes detected - recompiling the module!
Base IT (new)	Run tests	2025-04-13T01:07:26.9177799Z [INFO] Compiling 47 source files to /home/runner/work/keycloak/keycloak/tests/utils-shared/target/classes
Base IT (new)	Run tests	2025-04-13T01:07:27.5430964Z [INFO] Annotation processing is enabled because one or more processors were found
Base IT (new)	Run tests	2025-04-13T01:07:27.5452580Z   on the class path. A future release of javac may disable annotation processing
Base IT (new)	Run tests	2025-04-13T01:07:27.5453531Z   unless at least one processor is specified by name (-processor), or a search
Base IT (new)	Run tests	2025-04-13T01:07:27.5455224Z   path is specified (--processor-path, --processor-module-path), or annotation
Base IT (new)	Run tests	2025-04-13T01:07:27.5456645Z   processing is enabled explicitly (-proc:only, -proc:full).
Base IT (new)	Run tests	2025-04-13T01:07:27.5457716Z   Use -Xlint:-options to suppress this message.
Base IT (new)	Run tests	2025-04-13T01:07:27.5459361Z   Use -proc:none to disable annotation processing.
Base IT (new)	Run tests	2025-04-13T01:07:27.5459924Z [INFO] 
Base IT (new)	Run tests	2025-04-13T01:07:27.5460848Z [INFO] --- resources:3.2.0:testResources (default-testResources) @ keycloak-tests-utils-shared ---
Base IT (new)	Run tests	2025-04-13T01:07:27.5461796Z [INFO] Using 'UTF-8' encoding to copy filtered resources.
Base IT (new)	Run tests	2025-04-13T01:07:27.5489616Z [INFO] Using 'UTF-8' encoding to copy filtered properties files.
Base IT (new)	Run tests	2025-04-13T01:07:27.5490746Z [INFO] skip non existing resourceDirectory /home/runner/work/keycloak/keycloak/tests/utils-shared/src/test/resources
Base IT (new)	Run tests	2025-04-13T01:07:27.5491719Z [INFO] 
Base IT (new)	Run tests	2025-04-13T01:07:27.5492367Z [INFO] --- compiler:3.8.1:testCompile (default-testCompile) @ keycloak-tests-utils-shared ---
Base IT (new)	Run tests	2025-04-13T01:07:27.5493146Z [INFO] No sources to compile
Base IT (new)	Run tests	2025-04-13T01:07:27.5493559Z [INFO] 
Base IT (new)	Run tests	2025-04-13T01:07:27.5494386Z [INFO] --- surefire:3.0.0-M7:test (default-test) @ keycloak-tests-utils-shared ---
Base IT (new)	Run tests	2025-04-13T01:07:27.5526147Z [INFO] No tests to run.
Base IT (new)	Run tests	2025-04-13T01:07:27.5539353Z [INFO] 
Base IT (new)	Run tests	2025-04-13T01:07:27.5541543Z [INFO] --- jar:3.1.2:jar (default-jar) @ keycloak-tests-utils-shared ---
Base IT (new)	Run tests	2025-04-13T01:07:27.5636287Z [INFO] Building jar: /home/runner/work/keycloak/keycloak/tests/utils-shared/target/keycloak-tests-utils-shared-999.0.0-SNAPSHOT.jar
Base IT (new)	Run tests	2025-04-13T01:07:27.5806982Z [INFO] 
Base IT (new)	Run tests	2025-04-13T01:07:27.5813505Z [INFO] --- source:3.1.0:jar-no-fork (attach-sources) @ keycloak-tests-utils-shared ---
Base IT (new)	Run tests	2025-04-13T01:07:27.6105545Z [INFO] Building jar: /home/runner/work/keycloak/keycloak/tests/utils-shared/target/keycloak-tests-utils-shared-999.0.0-SNAPSHOT-sources.jar
Base IT (new)	Run tests	2025-04-13T01:07:27.6240277Z [INFO] 
Base IT (new)	Run tests	2025-04-13T01:07:27.6241294Z [INFO] ---------< org.keycloak.tests:keycloak-tests-custom-providers >---------
Base IT (new)	Run tests	2025-04-13T01:07:27.6253765Z [INFO] Building Keycloak Testsuite Custom Providers 999.0.0-SNAPSHOT      [4/5]
Base IT (new)	Run tests	2025-04-13T01:07:27.6256619Z [INFO]   from custom-providers/pom.xml
Base IT (new)	Run tests	2025-04-13T01:07:27.6257213Z [INFO] --------------------------------[ jar ]---------------------------------
Base IT (new)	Run tests	2025-04-13T01:07:27.6364436Z [INFO] 
Base IT (new)	Run tests	2025-04-13T01:07:27.6374350Z [INFO] --- enforcer:3.0.0-M3:enforce (enforce-java-version) @ keycloak-tests-custom-providers ---
Base IT (new)	Run tests	2025-04-13T01:07:27.6384440Z [INFO] 
Base IT (new)	Run tests	2025-04-13T01:07:27.6387121Z [INFO] --- enforcer:3.0.0-M3:enforce (enforce-maven-version) @ keycloak-tests-custom-providers ---
Base IT (new)	Run tests	2025-04-13T01:07:27.6388086Z [INFO] 
Base IT (new)	Run tests	2025-04-13T01:07:27.6390067Z [INFO] --- buildnumber:1.4:create (get-scm-revision) @ keycloak-tests-custom-providers ---
Base IT (new)	Run tests	2025-04-13T01:07:27.6400479Z [INFO] 
Base IT (new)	Run tests	2025-04-13T01:07:27.6413252Z [INFO] --- resources:3.2.0:resources (default-resources) @ keycloak-tests-custom-providers ---
Base IT (new)	Run tests	2025-04-13T01:07:27.6418827Z [INFO] Using 'UTF-8' encoding to copy filtered resources.
Base IT (new)	Run tests	2025-04-13T01:07:27.6419529Z [INFO] Using 'UTF-8' encoding to copy filtered properties files.
Base IT (new)	Run tests	2025-04-13T01:07:27.6443851Z [INFO] Copying 1 resource
Base IT (new)	Run tests	2025-04-13T01:07:27.6489061Z [INFO] 
Base IT (new)	Run tests	2025-04-13T01:07:27.6490063Z [INFO] --- compiler:3.8.1:compile (default-compile) @ keycloak-tests-custom-providers ---
Base IT (new)	Run tests	2025-04-13T01:07:27.6517354Z [INFO] Changes detected - recompiling the module!
Base IT (new)	Run tests	2025-04-13T01:07:27.6525182Z [INFO] Compiling 2 source files to /home/runner/work/keycloak/keycloak/tests/custom-providers/target/classes
Base IT (new)	Run tests	2025-04-13T01:07:27.7202520Z [INFO] 
Base IT (new)	Run tests	2025-04-13T01:07:27.7219616Z [INFO] --- resources:3.2.0:testResources (default-testResources) @ keycloak-tests-custom-providers ---
Base IT (new)	Run tests	2025-04-13T01:07:27.7221048Z [INFO] Using 'UTF-8' encoding to copy filtered resources.
Base IT (new)	Run tests	2025-04-13T01:07:27.7221942Z [INFO] Using 'UTF-8' encoding to copy filtered properties files.
Base IT (new)	Run tests	2025-04-13T01:07:27.7223561Z [INFO] skip non existing resourceDirectory /home/runner/work/keycloak/keycloak/tests/custom-providers/src/test/resources
Base IT (new)	Run tests	2025-04-13T01:07:27.7225084Z [INFO] 
Base IT (new)	Run tests	2025-04-13T01:07:27.7225763Z [INFO] --- compiler:3.8.1:testCompile (default-testCompile) @ keycloak-tests-custom-providers ---
Base IT (new)	Run tests	2025-04-13T01:07:27.7233744Z [INFO] No sources to compile
Base IT (new)	Run tests	2025-04-13T01:07:27.7234674Z [INFO] 
Base IT (new)	Run tests	2025-04-13T01:07:27.7238244Z [INFO] --- surefire:3.0.0-M7:test (default-test) @ keycloak-tests-custom-providers ---
Base IT (new)	Run tests	2025-04-13T01:07:27.7263017Z [INFO] No tests to run.
Base IT (new)	Run tests	2025-04-13T01:07:27.7273278Z [INFO] 
Base IT (new)	Run tests	2025-04-13T01:07:27.7276671Z [INFO] --- jar:3.1.2:jar (default-jar) @ keycloak-tests-custom-providers ---
Base IT (new)	Run tests	2025-04-13T01:07:27.7316961Z [INFO] Building jar: /home/runner/work/keycloak/keycloak/tests/custom-providers/target/keycloak-tests-custom-providers-999.0.0-SNAPSHOT.jar
Base IT (new)	Run tests	2025-04-13T01:07:27.7376640Z [INFO] 
Base IT (new)	Run tests	2025-04-13T01:07:27.7377795Z [INFO] --- source:3.1.0:jar-no-fork (attach-sources) @ keycloak-tests-custom-providers ---
Base IT (new)	Run tests	2025-04-13T01:07:27.7429138Z [INFO] Building jar: /home/runner/work/keycloak/keycloak/tests/custom-providers/target/keycloak-tests-custom-providers-999.0.0-SNAPSHOT-sources.jar
Base IT (new)	Run tests	2025-04-13T01:07:27.7500121Z [INFO] 
Base IT (new)	Run tests	2025-04-13T01:07:27.7502151Z [INFO] ---------------< org.keycloak.tests:keycloak-tests-base >---------------
Base IT (new)	Run tests	2025-04-13T01:07:27.7504940Z [INFO] Building New Keycloak Base Testsuite 999.0.0-SNAPSHOT              [5/5]
Base IT (new)	Run tests	2025-04-13T01:07:27.7505601Z [INFO]   from base/pom.xml
Base IT (new)	Run tests	2025-04-13T01:07:27.7506097Z [INFO] --------------------------------[ jar ]---------------------------------
Base IT (new)	Run tests	2025-04-13T01:07:28.2095409Z [INFO] 
Base IT (new)	Run tests	2025-04-13T01:07:28.2096575Z [INFO] --- enforcer:3.0.0-M3:enforce (enforce-java-version) @ keycloak-tests-base ---
Base IT (new)	Run tests	2025-04-13T01:07:28.2108110Z [INFO] 
Base IT (new)	Run tests	2025-04-13T01:07:28.2108983Z [INFO] --- enforcer:3.0.0-M3:enforce (enforce-maven-version) @ keycloak-tests-base ---
Base IT (new)	Run tests	2025-04-13T01:07:28.2113357Z [INFO] 
Base IT (new)	Run tests	2025-04-13T01:07:28.2114345Z [INFO] --- buildnumber:1.4:create (get-scm-revision) @ keycloak-tests-base ---
Base IT (new)	Run tests	2025-04-13T01:07:28.2127520Z [INFO] 
Base IT (new)	Run tests	2025-04-13T01:07:28.2128129Z [INFO] --- resources:3.2.0:resources (default-resources) @ keycloak-tests-base ---
Base IT (new)	Run tests	2025-04-13T01:07:28.2143621Z [INFO] Using 'UTF-8' encoding to copy filtered resources.
Base IT (new)	Run tests	2025-04-13T01:07:28.2185103Z [INFO] Using 'UTF-8' encoding to copy filtered properties files.
Base IT (new)	Run tests	2025-04-13T01:07:28.2186503Z [INFO] skip non existing resourceDirectory /home/runner/work/keycloak/keycloak/tests/base/src/main/resources
Base IT (new)	Run tests	2025-04-13T01:07:28.2187562Z [INFO] 
Base IT (new)	Run tests	2025-04-13T01:07:28.2188224Z [INFO] --- compiler:3.8.1:compile (default-compile) @ keycloak-tests-base ---
Base IT (new)	Run tests	2025-04-13T01:07:28.2189066Z [INFO] No sources to compile
Base IT (new)	Run tests	2025-04-13T01:07:28.2189669Z [INFO] 
Base IT (new)	Run tests	2025-04-13T01:07:28.2190483Z [INFO] --- resources:3.2.0:testResources (default-testResources) @ keycloak-tests-base ---
Base IT (new)	Run tests	2025-04-13T01:07:28.2191559Z [INFO] Using 'UTF-8' encoding to copy filtered resources.
Base IT (new)	Run tests	2025-04-13T01:07:28.2192392Z [INFO] Using 'UTF-8' encoding to copy filtered properties files.
Base IT (new)	Run tests	2025-04-13T01:07:28.2194366Z [INFO] Copying 6 resources
Base IT (new)	Run tests	2025-04-13T01:07:28.2204667Z [INFO] 
Base IT (new)	Run tests	2025-04-13T01:07:28.2205690Z [INFO] --- compiler:3.8.1:testCompile (default-testCompile) @ keycloak-tests-base ---
Base IT (new)	Run tests	2025-04-13T01:07:28.2333141Z [INFO] Changes detected - recompiling the module!
Base IT (new)	Run tests	2025-04-13T01:07:28.2346821Z [INFO] Compiling 78 source files to /home/runner/work/keycloak/keycloak/tests/base/target/test-classes
Base IT (new)	Run tests	2025-04-13T01:07:30.6463422Z [INFO] Annotation processing is enabled because one or more processors were found
Base IT (new)	Run tests	2025-04-13T01:07:30.6470270Z   on the class path. A future release of javac may disable annotation processing
Base IT (new)	Run tests	2025-04-13T01:07:30.6474353Z   unless at least one processor is specified by name (-processor), or a search
Base IT (new)	Run tests	2025-04-13T01:07:30.6483168Z   path is specified (--processor-path, --processor-module-path), or annotation
Base IT (new)	Run tests	2025-04-13T01:07:30.6490507Z   processing is enabled explicitly (-proc:only, -proc:full).
Base IT (new)	Run tests	2025-04-13T01:07:30.6491353Z   Use -Xlint:-options to suppress this message.
Base IT (new)	Run tests	2025-04-13T01:07:30.6491963Z   Use -proc:none to disable annotation processing.
Base IT (new)	Run tests	2025-04-13T01:07:30.6494049Z [WARNING] /home/runner/work/keycloak/keycloak/tests/base/src/test/java/org/keycloak/tests/admin/RealmLocalizationResourceTest.java:[77,73] getRealmLocalizationTexts(java.lang.String,java.lang.Boolean) in org.keycloak.admin.client.resource.RealmLocalizationResource has been deprecated
Base IT (new)	Run tests	2025-04-13T01:07:30.6497112Z [WARNING] /home/runner/work/keycloak/keycloak/tests/base/src/test/java/org/keycloak/tests/admin/client/AbstractClientScopeTest.java:[38,59] unchecked conversion
Base IT (new)	Run tests	2025-04-13T01:07:30.6498563Z   required: java.util.Map<java.lang.String,java.lang.String>
Base IT (new)	Run tests	2025-04-13T01:07:30.6499152Z   found:    java.util.Map
Base IT (new)	Run tests	2025-04-13T01:07:30.6501089Z [WARNING] /home/runner/work/keycloak/keycloak/tests/base/src/test/java/org/keycloak/tests/admin/InitialAccessTokenResourceTest.java:[157,45] removeExpired(org.keycloak.models.RealmModel) in org.keycloak.sessions.AuthenticationSessionProvider has been deprecated
Base IT (new)	Run tests	2025-04-13T01:07:30.6503174Z [INFO] 
Base IT (new)	Run tests	2025-04-13T01:07:30.6503684Z [INFO] --- surefire:3.0.0-M7:test (default-test) @ keycloak-tests-base ---
Base IT (new)	Run tests	2025-04-13T01:07:30.6634392Z [INFO] Using auto detected provider org.apache.maven.surefire.junitplatform.JUnitPlatformProvider
Base IT (new)	Run tests	2025-04-13T01:07:30.9754431Z [INFO] Downloading from jboss-public-repository: https://repository.jboss.org/nexus/content/groups/public/org/apache/maven/surefire/surefire-junit-platform/3.0.0-M7/surefire-junit-platform-3.0.0-M7.jar
Base IT (new)	Run tests	2025-04-13T01:07:31.6873868Z [INFO] Downloading from central: https://repo.maven.apache.org/maven2/org/apache/maven/surefire/surefire-junit-platform/3.0.0-M7/surefire-junit-platform-3.0.0-M7.jar
Base IT (new)	Run tests	2025-04-13T01:07:31.7633876Z [INFO] Downloaded from central: https://repo.maven.apache.org/maven2/org/apache/maven/surefire/surefire-junit-platform/3.0.0-M7/surefire-junit-platform-3.0.0-M7.jar (26 kB at 341 kB/s)
Base IT (new)	Run tests	2025-04-13T01:07:31.7662738Z [INFO] Downloading from jboss-public-repository: https://repository.jboss.org/nexus/content/groups/public/org/apache/maven/surefire/surefire-junit-platform/3.0.0-M7/surefire-junit-platform-3.0.0-M7.pom
Base IT (new)	Run tests	2025-04-13T01:07:32.3103784Z [INFO] Downloading from central: https://repo.maven.apache.org/maven2/org/apache/maven/surefire/surefire-junit-platform/3.0.0-M7/surefire-junit-platform-3.0.0-M7.pom
Base IT (new)	Run tests	2025-04-13T01:07:32.3209887Z [INFO] Downloaded from central: https://repo.maven.apache.org/maven2/org/apache/maven/surefire/surefire-junit-platform/3.0.0-M7/surefire-junit-platform-3.0.0-M7.pom (5.3 kB at 481 kB/s)
Base IT (new)	Run tests	2025-04-13T01:07:32.3241108Z [INFO] Downloading from jboss-public-repository: https://repository.jboss.org/nexus/content/groups/public/org/apache/maven/surefire/surefire-providers/3.0.0-M7/surefire-providers-3.0.0-M7.pom
Base IT (new)	Run tests	2025-04-13T01:07:32.5055503Z [INFO] Downloading from central: https://repo.maven.apache.org/maven2/org/apache/maven/surefire/surefire-providers/3.0.0-M7/surefire-providers-3.0.0-M7.pom
Base IT (new)	Run tests	2025-04-13T01:07:32.5150477Z [INFO] Downloaded from central: https://repo.maven.apache.org/maven2/org/apache/maven/surefire/surefire-providers/3.0.0-M7/surefire-providers-3.0.0-M7.pom (2.5 kB at 282 kB/s)
Base IT (new)	Run tests	2025-04-13T01:07:32.5290297Z [INFO] Downloading from jboss-public-repository: https://repository.jboss.org/nexus/content/groups/public/org/apache/maven/surefire/common-java5/3.0.0-M7/common-java5-3.0.0-M7.pom
Base IT (new)	Run tests	2025-04-13T01:07:32.6130745Z [INFO] Downloading from central: https://repo.maven.apache.org/maven2/org/apache/maven/surefire/common-java5/3.0.0-M7/common-java5-3.0.0-M7.pom
Base IT (new)	Run tests	2025-04-13T01:07:32.6220576Z [INFO] Downloaded from central: https://repo.maven.apache.org/maven2/org/apache/maven/surefire/common-java5/3.0.0-M7/common-java5-3.0.0-M7.pom (2.7 kB at 299 kB/s)
Base IT (new)	Run tests	2025-04-13T01:07:32.6333939Z [INFO] Downloading from jboss-public-repository: https://repository.jboss.org/nexus/content/groups/public/org/junit/platform/junit-platform-launcher/1.3.2/junit-platform-launcher-1.3.2.pom
Base IT (new)	Run tests	2025-04-13T01:07:32.6884997Z [INFO] Downloading from central: https://repo.maven.apache.org/maven2/org/junit/platform/junit-platform-launcher/1.3.2/junit-platform-launcher-1.3.2.pom
Base IT (new)	Run tests	2025-04-13T01:07:32.6971733Z [INFO] Downloaded from central: https://repo.maven.apache.org/maven2/org/junit/platform/junit-platform-launcher/1.3.2/junit-platform-launcher-1.3.2.pom (2.2 kB at 277 kB/s)
Base IT (new)	Run tests	2025-04-13T01:07:32.6995763Z [INFO] Downloading from jboss-public-repository: https://repository.jboss.org/nexus/content/groups/public/org/apiguardian/apiguardian-api/1.0.0/apiguardian-api-1.0.0.pom
Base IT (new)	Run tests	2025-04-13T01:07:32.7560898Z [INFO] Downloading from central: https://repo.maven.apache.org/maven2/org/apiguardian/apiguardian-api/1.0.0/apiguardian-api-1.0.0.pom
Base IT (new)	Run tests	2025-04-13T01:07:32.7630769Z [INFO] Downloaded from central: https://repo.maven.apache.org/maven2/org/apiguardian/apiguardian-api/1.0.0/apiguardian-api-1.0.0.pom (1.2 kB at 146 kB/s)
Base IT (new)	Run tests	2025-04-13T01:07:32.7657832Z [INFO] Downloading from jboss-public-repository: https://repository.jboss.org/nexus/content/groups/public/org/junit/platform/junit-platform-engine/1.3.2/junit-platform-engine-1.3.2.pom
Base IT (new)	Run tests	2025-04-13T01:07:32.8447187Z [INFO] Downloading from central: https://repo.maven.apache.org/maven2/org/junit/platform/junit-platform-engine/1.3.2/junit-platform-engine-1.3.2.pom
Base IT (new)	Run tests	2025-04-13T01:07:32.8534650Z [INFO] Downloaded from central: https://repo.maven.apache.org/maven2/org/junit/platform/junit-platform-engine/1.3.2/junit-platform-engine-1.3.2.pom (2.4 kB at 266 kB/s)
Base IT (new)	Run tests	2025-04-13T01:07:32.8559936Z [INFO] Downloading from jboss-public-repository: https://repository.jboss.org/nexus/content/groups/public/org/junit/platform/junit-platform-commons/1.3.2/junit-platform-commons-1.3.2.pom
Base IT (new)	Run tests	2025-04-13T01:07:32.9078415Z [INFO] Downloading from central: https://repo.maven.apache.org/maven2/org/junit/platform/junit-platform-commons/1.3.2/junit-platform-commons-1.3.2.pom
Base IT (new)	Run tests	2025-04-13T01:07:32.9174980Z [INFO] Downloaded from central: https://repo.maven.apache.org/maven2/org/junit/platform/junit-platform-commons/1.3.2/junit-platform-commons-1.3.2.pom (2.0 kB at 202 kB/s)
Base IT (new)	Run tests	2025-04-13T01:07:32.9202930Z [INFO] Downloading from jboss-public-repository: https://repository.jboss.org/nexus/content/groups/public/org/opentest4j/opentest4j/1.1.1/opentest4j-1.1.1.pom
Base IT (new)	Run tests	2025-04-13T01:07:32.9975135Z [INFO] Downloading from central: https://repo.maven.apache.org/maven2/org/opentest4j/opentest4j/1.1.1/opentest4j-1.1.1.pom
Base IT (new)	Run tests	2025-04-13T01:07:33.0061764Z [INFO] Downloaded from central: https://repo.maven.apache.org/maven2/org/opentest4j/opentest4j/1.1.1/opentest4j-1.1.1.pom (1.7 kB at 210 kB/s)
Base IT (new)	Run tests	2025-04-13T01:07:33.0083418Z [INFO] Downloading from jboss-public-repository: https://repository.jboss.org/nexus/content/groups/public/org/junit/jupiter/junit-jupiter-engine/5.3.2/junit-jupiter-engine-5.3.2.pom
Base IT (new)	Run tests	2025-04-13T01:07:33.1089144Z [INFO] Downloading from central: https://repo.maven.apache.org/maven2/org/junit/jupiter/junit-jupiter-engine/5.3.2/junit-jupiter-engine-5.3.2.pom
Base IT (new)	Run tests	2025-04-13T01:07:33.1170996Z [INFO] Downloaded from central: https://repo.maven.apache.org/maven2/org/junit/jupiter/junit-jupiter-engine/5.3.2/junit-jupiter-engine-5.3.2.pom (2.4 kB at 299 kB/s)
Base IT (new)	Run tests	2025-04-13T01:07:33.1202141Z [INFO] Downloading from jboss-public-repository: https://repository.jboss.org/nexus/content/groups/public/org/junit/jupiter/junit-jupiter-api/5.3.2/junit-jupiter-api-5.3.2.pom
Base IT (new)	Run tests	2025-04-13T01:07:33.1976951Z [INFO] Downloading from central: https://repo.maven.apache.org/maven2/org/junit/jupiter/junit-jupiter-api/5.3.2/junit-jupiter-api-5.3.2.pom
Base IT (new)	Run tests	2025-04-13T01:07:33.2070902Z [INFO] Downloaded from central: https://repo.maven.apache.org/maven2/org/junit/jupiter/junit-jupiter-api/5.3.2/junit-jupiter-api-5.3.2.pom (2.4 kB at 264 kB/s)
Base IT (new)	Run tests	2025-04-13T01:07:33.2104284Z [INFO] Downloading from jboss-public-repository: https://repository.jboss.org/nexus/content/groups/public/org/junit/jupiter/junit-jupiter-params/5.3.2/junit-jupiter-params-5.3.2.pom
Base IT (new)	Run tests	2025-04-13T01:07:33.2779172Z [INFO] Downloading from central: https://repo.maven.apache.org/maven2/org/junit/jupiter/junit-jupiter-params/5.3.2/junit-jupiter-params-5.3.2.pom
Base IT (new)	Run tests	2025-04-13T01:07:33.2860524Z [INFO] Downloaded from central: https://repo.maven.apache.org/maven2/org/junit/jupiter/junit-jupiter-params/5.3.2/junit-jupiter-params-5.3.2.pom (2.2 kB at 275 kB/s)
Base IT (new)	Run tests	2025-04-13T01:07:33.2888713Z [INFO] Downloading from jboss-public-repository: https://repository.jboss.org/nexus/content/groups/public/org/mockito/mockito-core/2.28.2/mockito-core-2.28.2.pom
Base IT (new)	Run tests	2025-04-13T01:07:33.3465450Z [INFO] Downloading from central: https://repo.maven.apache.org/maven2/org/mockito/mockito-core/2.28.2/mockito-core-2.28.2.pom
Base IT (new)	Run tests	2025-04-13T01:07:33.3558511Z [INFO] Downloaded from central: https://repo.maven.apache.org/maven2/org/mockito/mockito-core/2.28.2/mockito-core-2.28.2.pom (20 kB at 2.2 MB/s)
Base IT (new)	Run tests	2025-04-13T01:07:33.3593138Z [INFO] Downloading from jboss-public-repository: https://repository.jboss.org/nexus/content/groups/public/net/bytebuddy/byte-buddy/1.9.10/byte-buddy-1.9.10.pom
Base IT (new)	Run tests	2025-04-13T01:07:33.4112864Z [INFO] Downloading from central: https://repo.maven.apache.org/maven2/net/bytebuddy/byte-buddy/1.9.10/byte-buddy-1.9.10.pom
Base IT (new)	Run tests	2025-04-13T01:07:33.4200093Z [INFO] Downloaded from central: https://repo.maven.apache.org/maven2/net/bytebuddy/byte-buddy/1.9.10/byte-buddy-1.9.10.pom (10 kB at 1.1 MB/s)
Base IT (new)	Run tests	2025-04-13T01:07:33.4214299Z [INFO] Downloading from jboss-public-repository: https://repository.jboss.org/nexus/content/groups/public/net/bytebuddy/byte-buddy-parent/1.9.10/byte-buddy-parent-1.9.10.pom
Base IT (new)	Run tests	2025-04-13T01:07:33.4928925Z [INFO] Downloading from central: https://repo.maven.apache.org/maven2/net/bytebuddy/byte-buddy-parent/1.9.10/byte-buddy-parent-1.9.10.pom
Base IT (new)	Run tests	2025-04-13T01:07:33.5040119Z [INFO] Downloaded from central: https://repo.maven.apache.org/maven2/net/bytebuddy/byte-buddy-parent/1.9.10/byte-buddy-parent-1.9.10.pom (36 kB at 3.3 MB/s)
Base IT (new)	Run tests	2025-04-13T01:07:33.5102412Z [INFO] Downloading from jboss-public-repository: https://repository.jboss.org/nexus/content/groups/public/net/bytebuddy/byte-buddy-agent/1.9.10/byte-buddy-agent-1.9.10.pom
Base IT (new)	Run tests	2025-04-13T01:07:33.6386428Z [INFO] Downloading from central: https://repo.maven.apache.org/maven2/net/bytebuddy/byte-buddy-agent/1.9.10/byte-buddy-agent-1.9.10.pom
Base IT (new)	Run tests	2025-04-13T01:07:33.6468979Z [INFO] Downloaded from central: https://repo.maven.apache.org/maven2/net/bytebuddy/byte-buddy-agent/1.9.10/byte-buddy-agent-1.9.10.pom (6.0 kB at 754 kB/s)
Base IT (new)	Run tests	2025-04-13T01:07:33.6531023Z [INFO] Downloading from jboss-public-repository: https://repository.jboss.org/nexus/content/groups/public/org/powermock/powermock-reflect/2.0.9/powermock-reflect-2.0.9.pom
Base IT (new)	Run tests	2025-04-13T01:07:33.7598786Z [INFO] Downloading from central: https://repo.maven.apache.org/maven2/org/powermock/powermock-reflect/2.0.9/powermock-reflect-2.0.9.pom
Base IT (new)	Run tests	2025-04-13T01:07:33.7674748Z [INFO] Downloaded from central: https://repo.maven.apache.org/maven2/org/powermock/powermock-reflect/2.0.9/powermock-reflect-2.0.9.pom (7.9 kB at 984 kB/s)
Base IT (new)	Run tests	2025-04-13T01:07:33.7696351Z [INFO] Downloading from jboss-public-repository: https://repository.jboss.org/nexus/content/groups/public/net/bytebuddy/byte-buddy/1.10.14/byte-buddy-1.10.14.pom
Base IT (new)	Run tests	2025-04-13T01:07:33.8242632Z [INFO] Downloading from central: https://repo.maven.apache.org/maven2/net/bytebuddy/byte-buddy/1.10.14/byte-buddy-1.10.14.pom
Base IT (new)	Run tests	2025-04-13T01:07:33.8324654Z [INFO] Downloaded from central: https://repo.maven.apache.org/maven2/net/bytebuddy/byte-buddy/1.10.14/byte-buddy-1.10.14.pom (11 kB at 1.4 MB/s)
Base IT (new)	Run tests	2025-04-13T01:07:33.8338938Z [INFO] Downloading from jboss-public-repository: https://repository.jboss.org/nexus/content/groups/public/net/bytebuddy/byte-buddy-parent/1.10.14/byte-buddy-parent-1.10.14.pom
Base IT (new)	Run tests	2025-04-13T01:07:33.8858007Z [INFO] Downloading from central: https://repo.maven.apache.org/maven2/net/bytebuddy/byte-buddy-parent/1.10.14/byte-buddy-parent-1.10.14.pom
Base IT (new)	Run tests	2025-04-13T01:07:33.8941151Z [INFO] Downloaded from central: https://repo.maven.apache.org/maven2/net/bytebuddy/byte-buddy-parent/1.10.14/byte-buddy-parent-1.10.14.pom (41 kB at 5.1 MB/s)
Base IT (new)	Run tests	2025-04-13T01:07:33.8993504Z [INFO] Downloading from jboss-public-repository: https://repository.jboss.org/nexus/content/groups/public/net/bytebuddy/byte-buddy-agent/1.10.14/byte-buddy-agent-1.10.14.pom
Base IT (new)	Run tests	2025-04-13T01:07:33.9760611Z [INFO] Downloading from central: https://repo.maven.apache.org/maven2/net/bytebuddy/byte-buddy-agent/1.10.14/byte-buddy-agent-1.10.14.pom
Base IT (new)	Run tests	2025-04-13T01:07:33.9838758Z [INFO] Downloaded from central: https://repo.maven.apache.org/maven2/net/bytebuddy/byte-buddy-agent/1.10.14/byte-buddy-agent-1.10.14.pom (9.6 kB at 1.2 MB/s)
Base IT (new)	Run tests	2025-04-13T01:07:33.9908670Z [INFO] Downloading from jboss-public-repository: https://repository.jboss.org/nexus/content/groups/public/org/hamcrest/hamcrest-library/1.3/hamcrest-library-1.3.pom
Base IT (new)	Run tests	2025-04-13T01:07:34.0924769Z [INFO] Downloading from central: https://repo.maven.apache.org/maven2/org/hamcrest/hamcrest-library/1.3/hamcrest-library-1.3.pom
Base IT (new)	Run tests	2025-04-13T01:07:34.0999629Z [INFO] Downloaded from central: https://repo.maven.apache.org/maven2/org/hamcrest/hamcrest-library/1.3/hamcrest-library-1.3.pom (820 B at 117 kB/s)
Base IT (new)	Run tests	2025-04-13T01:07:34.1041539Z [INFO] Downloading from jboss-public-repository: https://repository.jboss.org/nexus/content/groups/public/org/assertj/assertj-core/3.22.0/assertj-core-3.22.0.pom
Base IT (new)	Run tests	2025-04-13T01:07:34.1748573Z [INFO] Downloading from central: https://repo.maven.apache.org/maven2/org/assertj/assertj-core/3.22.0/assertj-core-3.22.0.pom
Base IT (new)	Run tests	2025-04-13T01:07:34.1836108Z [INFO] Downloaded from central: https://repo.maven.apache.org/maven2/org/assertj/assertj-core/3.22.0/assertj-core-3.22.0.pom (31 kB at 3.4 MB/s)
Base IT (new)	Run tests	2025-04-13T01:07:34.1856795Z [INFO] Downloading from jboss-public-repository: https://repository.jboss.org/nexus/content/groups/public/org/assertj/assertj-parent-pom/2.2.14/assertj-parent-pom-2.2.14.pom
Base IT (new)	Run tests	2025-04-13T01:07:34.2503883Z [INFO] Downloading from central: https://repo.maven.apache.org/maven2/org/assertj/assertj-parent-pom/2.2.14/assertj-parent-pom-2.2.14.pom
Base IT (new)	Run tests	2025-04-13T01:07:34.2601470Z [INFO] Downloaded from central: https://repo.maven.apache.org/maven2/org/assertj/assertj-parent-pom/2.2.14/assertj-parent-pom-2.2.14.pom (25 kB at 2.7 MB/s)
Base IT (new)	Run tests	2025-04-13T01:07:34.2631556Z [INFO] Downloading from jboss-public-repository: https://repository.jboss.org/nexus/content/groups/public/org/junit/junit-bom/5.8.2/junit-bom-5.8.2.pom
Base IT (new)	Run tests	2025-04-13T01:07:34.3595528Z [INFO] Downloading from central: https://repo.maven.apache.org/maven2/org/junit/junit-bom/5.8.2/junit-bom-5.8.2.pom
Base IT (new)	Run tests	2025-04-13T01:07:34.3673800Z [INFO] Downloaded from central: https://repo.maven.apache.org/maven2/org/junit/junit-bom/5.8.2/junit-bom-5.8.2.pom (5.6 kB at 704 kB/s)
Base IT (new)	Run tests	2025-04-13T01:07:34.3699714Z [INFO] Downloading from jboss-public-repository: https://repository.jboss.org/nexus/content/groups/public/org/junit/junit-bom/5.8.0/junit-bom-5.8.0.pom
Base IT (new)	Run tests	2025-04-13T01:07:34.4691055Z [INFO] Downloading from central: https://repo.maven.apache.org/maven2/org/junit/junit-bom/5.8.0/junit-bom-5.8.0.pom
Base IT (new)	Run tests	2025-04-13T01:07:34.4771159Z [INFO] Downloaded from central: https://repo.maven.apache.org/maven2/org/junit/junit-bom/5.8.0/junit-bom-5.8.0.pom (5.6 kB at 704 kB/s)
Base IT (new)	Run tests	2025-04-13T01:07:34.4812786Z [INFO] Downloading from jboss-public-repository: https://repository.jboss.org/nexus/content/groups/public/org/apache/maven/surefire/common-java5/3.0.0-M7/common-java5-3.0.0-M7.jar
Base IT (new)	Run tests	2025-04-13T01:07:34.4816123Z [INFO] Downloading from jboss-public-repository: https://repository.jboss.org/nexus/content/groups/public/org/apiguardian/apiguardian-api/1.0.0/apiguardian-api-1.0.0.jar
Base IT (new)	Run tests	2025-04-13T01:07:34.4818596Z [INFO] Downloading from jboss-public-repository: https://repository.jboss.org/nexus/content/groups/public/org/junit/platform/junit-platform-launcher/1.3.2/junit-platform-launcher-1.3.2.jar
Base IT (new)	Run tests	2025-04-13T01:07:34.4821054Z [INFO] Downloading from jboss-public-repository: https://repository.jboss.org/nexus/content/groups/public/org/junit/platform/junit-platform-engine/1.3.2/junit-platform-engine-1.3.2.jar
Base IT (new)	Run tests	2025-04-13T01:07:34.4823408Z [INFO] Downloading from jboss-public-repository: https://repository.jboss.org/nexus/content/groups/public/org/junit/platform/junit-platform-commons/1.3.2/junit-platform-commons-1.3.2.jar
Base IT (new)	Run tests	2025-04-13T01:07:34.5273142Z [INFO] Downloading from central: https://repo.maven.apache.org/maven2/org/junit/platform/junit-platform-launcher/1.3.2/junit-platform-launcher-1.3.2.jar
Base IT (new)	Run tests	2025-04-13T01:07:34.5321922Z [INFO] Downloading from central: https://repo.maven.apache.org/maven2/org/junit/platform/junit-platform-commons/1.3.2/junit-platform-commons-1.3.2.jar
Base IT (new)	Run tests	2025-04-13T01:07:34.5398829Z [INFO] Downloaded from central: https://repo.maven.apache.org/maven2/org/junit/platform/junit-platform-launcher/1.3.2/junit-platform-launcher-1.3.2.jar (95 kB at 7.3 MB/s)
Base IT (new)	Run tests	2025-04-13T01:07:34.5407991Z [INFO] Downloading from jboss-public-repository: https://repository.jboss.org/nexus/content/groups/public/org/opentest4j/opentest4j/1.1.1/opentest4j-1.1.1.jar
Base IT (new)	Run tests	2025-04-13T01:07:34.5607786Z [INFO] Downloaded from central: https://repo.maven.apache.org/maven2/org/junit/platform/junit-platform-commons/1.3.2/junit-platform-commons-1.3.2.jar (78 kB at 2.8 MB/s)
Base IT (new)	Run tests	2025-04-13T01:07:34.5621949Z [INFO] Downloading from central: https://repo.maven.apache.org/maven2/org/opentest4j/opentest4j/1.1.1/opentest4j-1.1.1.jar
Base IT (new)	Run tests	2025-04-13T01:07:34.5692987Z [INFO] Downloaded from central: https://repo.maven.apache.org/maven2/org/opentest4j/opentest4j/1.1.1/opentest4j-1.1.1.jar (7.1 kB at 890 kB/s)
Base IT (new)	Run tests	2025-04-13T01:07:34.5875178Z [INFO] Downloading from central: https://repo.maven.apache.org/maven2/org/apiguardian/apiguardian-api/1.0.0/apiguardian-api-1.0.0.jar
Base IT (new)	Run tests	2025-04-13T01:07:34.5952197Z [INFO] Downloaded from central: https://repo.maven.apache.org/maven2/org/apiguardian/apiguardian-api/1.0.0/apiguardian-api-1.0.0.jar (2.2 kB at 270 kB/s)
Base IT (new)	Run tests	2025-04-13T01:07:34.6258711Z [INFO] Downloading from central: https://repo.maven.apache.org/maven2/org/apache/maven/surefire/common-java5/3.0.0-M7/common-java5-3.0.0-M7.jar
Base IT (new)	Run tests	2025-04-13T01:07:34.6333249Z [INFO] Downloaded from central: https://repo.maven.apache.org/maven2/org/apache/maven/surefire/common-java5/3.0.0-M7/common-java5-3.0.0-M7.jar (17 kB at 2.2 MB/s)
Base IT (new)	Run tests	2025-04-13T01:07:34.6462895Z [INFO] Downloading from central: https://repo.maven.apache.org/maven2/org/junit/platform/junit-platform-engine/1.3.2/junit-platform-engine-1.3.2.jar
Base IT (new)	Run tests	2025-04-13T01:07:34.6599449Z [INFO] Downloaded from central: https://repo.maven.apache.org/maven2/org/junit/platform/junit-platform-engine/1.3.2/junit-platform-engine-1.3.2.jar (138 kB at 11 MB/s)
Base IT (new)	Run tests	2025-04-13T01:07:34.6787142Z [INFO] 
Base IT (new)	Run tests	2025-04-13T01:07:34.6787617Z [INFO] -------------------------------------------------------
Base IT (new)	Run tests	2025-04-13T01:07:34.6788126Z [INFO]  T E S T S
Base IT (new)	Run tests	2025-04-13T01:07:34.6788540Z [INFO] -------------------------------------------------------
Base IT (new)	Run tests	2025-04-13T01:07:36.1562262Z [INFO] Running org.keycloak.tests.admin.AdminConsoleLandingPageTest
Base IT (new)	Run tests	2025-04-13T01:07:36.1877769Z 2025-04-13 01:07:36,158 INFO  [testinfo] (main) ----------------------------------------------------------------
Base IT (new)	Run tests	2025-04-13T01:07:36.1882854Z 2025-04-13 01:07:36,165 INFO  [testinfo] (main)    RUNNING - org.keycloak.tests.admin.AdminConsoleLandingPageTest
Base IT (new)	Run tests	2025-04-13T01:08:00.7589833Z [INFO] Tests run: 1, Failures: 0, Errors: 0, Skipped: 0, Time elapsed: 24.536 s - in org.keycloak.tests.admin.AdminConsoleLandingPageTest
Base IT (new)	Run tests	2025-04-13T01:08:00.7634932Z [INFO] Running org.keycloak.tests.admin.AdminConsoleWhoAmILocaleTest
Base IT (new)	Run tests	2025-04-13T01:08:00.7635847Z 2025-04-13 01:08:00,708 INFO  [testinfo] (main) ----------------------------------------------------------------
Base IT (new)	Run tests	2025-04-13T01:08:00.7636687Z 2025-04-13 01:08:00,708 INFO  [testinfo] (main)    RUNNING - org.keycloak.tests.admin.AdminConsoleWhoAmILocaleTest
Base IT (new)	Run tests	2025-04-13T01:08:07.4982339Z [INFO] Tests run: 11, Failures: 0, Errors: 0, Skipped: 0, Time elapsed: 6.76 s - in org.keycloak.tests.admin.AdminConsoleWhoAmILocaleTest
Base IT (new)	Run tests	2025-04-13T01:08:07.4987117Z [INFO] Running org.keycloak.tests.admin.AdminHeadersTest
Base IT (new)	Run tests	2025-04-13T01:08:07.4989721Z 2025-04-13 01:08:07,462 INFO  [testinfo] (main) ----------------------------------------------------------------
Base IT (new)	Run tests	2025-04-13T01:08:07.4993325Z 2025-04-13 01:08:07,462 INFO  [testinfo] (main)    RUNNING - org.keycloak.tests.admin.AdminHeadersTest
Base IT (new)	Run tests	2025-04-13T01:08:09.0329580Z [INFO] Tests run: 1, Failures: 0, Errors: 0, Skipped: 0, Time elapsed: 1.546 s - in org.keycloak.tests.admin.AdminHeadersTest
Base IT (new)	Run tests	2025-04-13T01:08:09.0338939Z [INFO] Running org.keycloak.tests.admin.AdminPreflightTest
Base IT (new)	Run tests	2025-04-13T01:08:09.0344779Z 2025-04-13 01:08:09,011 INFO  [testinfo] (main) ----------------------------------------------------------------
Base IT (new)	Run tests	2025-04-13T01:08:09.0350682Z 2025-04-13 01:08:09,011 INFO  [testinfo] (main)    RUNNING - org.keycloak.tests.admin.AdminPreflightTest
Base IT (new)	Run tests	2025-04-13T01:08:09.0867331Z [INFO] Tests run: 2, Failures: 0, Errors: 0, Skipped: 0, Time elapsed: 0.035 s - in org.keycloak.tests.admin.AdminPreflightTest
Base IT (new)	Run tests	2025-04-13T01:08:09.0872834Z [INFO] Running org.keycloak.tests.admin.AdminSignatureAlgorithmTest
Base IT (new)	Run tests	2025-04-13T01:08:09.0875725Z 2025-04-13 01:08:09,049 INFO  [testinfo] (main) ----------------------------------------------------------------
Base IT (new)	Run tests	2025-04-13T01:08:09.0878500Z 2025-04-13 01:08:09,050 INFO  [testinfo] (main)    RUNNING - org.keycloak.tests.admin.AdminSignatureAlgorithmTest
Base IT (new)	Run tests	2025-04-13T01:08:09.4424025Z [INFO] Tests run: 1, Failures: 0, Errors: 0, Skipped: 0, Time elapsed: 0.368 s - in org.keycloak.tests.admin.AdminSignatureAlgorithmTest
Base IT (new)	Run tests	2025-04-13T01:08:09.4425405Z [INFO] Running org.keycloak.tests.admin.AttackDetectionResourceTest
Base IT (new)	Run tests	2025-04-13T01:08:09.4426364Z 2025-04-13 01:08:09,424 INFO  [testinfo] (main) ----------------------------------------------------------------
Base IT (new)	Run tests	2025-04-13T01:08:09.4427460Z 2025-04-13 01:08:09,424 INFO  [testinfo] (main)    RUNNING - org.keycloak.tests.admin.AttackDetectionResourceTest
Base IT (new)	Run tests	2025-04-13T01:08:10.9747871Z [INFO] Tests run: 1, Failures: 0, Errors: 0, Skipped: 0, Time elapsed: 1.525 s - in org.keycloak.tests.admin.AttackDetectionResourceTest
Base IT (new)	Run tests	2025-04-13T01:08:10.9749263Z [INFO] Running org.keycloak.tests.admin.CrossRealmPermissionsTest
Base IT (new)	Run tests	2025-04-13T01:08:10.9750275Z 2025-04-13 01:08:10,948 INFO  [testinfo] (main) ----------------------------------------------------------------
Base IT (new)	Run tests	2025-04-13T01:08:10.9751438Z 2025-04-13 01:08:10,948 INFO  [testinfo] (main)    RUNNING - org.keycloak.tests.admin.CrossRealmPermissionsTest
Base IT (new)	Run tests	2025-04-13T01:08:12.9568599Z [INFO] Tests run: 1, Failures: 0, Errors: 0, Skipped: 0, Time elapsed: 1.991 s - in org.keycloak.tests.admin.CrossRealmPermissionsTest
Base IT (new)	Run tests	2025-04-13T01:08:12.9572141Z [INFO] Running org.keycloak.tests.admin.DeclarativeUserTest
Base IT (new)	Run tests	2025-04-13T01:08:12.9572934Z 2025-04-13 01:08:12,944 INFO  [testinfo] (main) ----------------------------------------------------------------
Base IT (new)	Run tests	2025-04-13T01:08:12.9573543Z 2025-04-13 01:08:12,945 INFO  [testinfo] (main)    RUNNING - org.keycloak.tests.admin.DeclarativeUserTest
Base IT (new)	Run tests	2025-04-13T01:08:14.9753775Z [INFO] Tests run: 5, Failures: 0, Errors: 0, Skipped: 0, Time elapsed: 1.994 s - in org.keycloak.tests.admin.DeclarativeUserTest
Base IT (new)	Run tests	2025-04-13T01:08:14.9755321Z [INFO] Running org.keycloak.tests.admin.InitialAccessTokenResourceTest
Base IT (new)	Run tests	2025-04-13T01:08:14.9756323Z 2025-04-13 01:08:14,950 INFO  [testinfo] (main) ----------------------------------------------------------------
Base IT (new)	Run tests	2025-04-13T01:08:14.9757456Z 2025-04-13 01:08:14,953 INFO  [testinfo] (main)    RUNNING - org.keycloak.tests.admin.InitialAccessTokenResourceTest
Base IT (new)	Run tests	2025-04-13T01:08:16.4773190Z [INFO] Tests run: 3, Failures: 0, Errors: 0, Skipped: 0, Time elapsed: 1.497 s - in org.keycloak.tests.admin.InitialAccessTokenResourceTest
Base IT (new)	Run tests	2025-04-13T01:08:16.4774769Z [INFO] Running org.keycloak.tests.admin.RealmLocalizationResourceTest
Base IT (new)	Run tests	2025-04-13T01:08:16.4775736Z 2025-04-13 01:08:16,447 INFO  [testinfo] (main) ----------------------------------------------------------------
Base IT (new)	Run tests	2025-04-13T01:08:16.4776840Z 2025-04-13 01:08:16,447 INFO  [testinfo] (main)    RUNNING - org.keycloak.tests.admin.RealmLocalizationResourceTest
Base IT (new)	Run tests	2025-04-13T01:08:17.7122826Z [INFO] Tests run: 13, Failures: 0, Errors: 0, Skipped: 0, Time elapsed: 1.247 s - in org.keycloak.tests.admin.RealmLocalizationResourceTest
Base IT (new)	Run tests	2025-04-13T01:08:17.7133619Z [INFO] Running org.keycloak.tests.admin.RoleByIdResourceTest
Base IT (new)	Run tests	2025-04-13T01:08:17.7139942Z 2025-04-13 01:08:17,697 INFO  [testinfo] (main) ----------------------------------------------------------------
Base IT (new)	Run tests	2025-04-13T01:08:17.7144707Z 2025-04-13 01:08:17,697 INFO  [testinfo] (main)    RUNNING - org.keycloak.tests.admin.RoleByIdResourceTest
Base IT (new)	Run tests	2025-04-13T01:08:28.3887255Z [INFO] Tests run: 11, Failures: 0, Errors: 0, Skipped: 0, Time elapsed: 10.673 s - in org.keycloak.tests.admin.RoleByIdResourceTest
Base IT (new)	Run tests	2025-04-13T01:08:28.3897364Z [INFO] Running org.keycloak.tests.admin.SMTPConnectionTest
Base IT (new)	Run tests	2025-04-13T01:08:28.3898295Z 2025-04-13 01:08:28,373 INFO  [testinfo] (main) ----------------------------------------------------------------
Base IT (new)	Run tests	2025-04-13T01:08:28.3899222Z 2025-04-13 01:08:28,373 INFO  [testinfo] (main)    RUNNING - org.keycloak.tests.admin.SMTPConnectionTest
Base IT (new)	Run tests	2025-04-13T01:08:31.2381509Z [INFO] Tests run: 8, Failures: 0, Errors: 0, Skipped: 0, Time elapsed: 2.835 s - in org.keycloak.tests.admin.SMTPConnectionTest
Base IT (new)	Run tests	2025-04-13T01:08:31.2383071Z [INFO] Running org.keycloak.tests.admin.TimeOffsetTest
Base IT (new)	Run tests	2025-04-13T01:08:31.2385059Z 2025-04-13 01:08:31,210 INFO  [testinfo] (main) ----------------------------------------------------------------
Base IT (new)	Run tests	2025-04-13T01:08:31.2387896Z 2025-04-13 01:08:31,210 INFO  [testinfo] (main)    RUNNING - org.keycloak.tests.admin.TimeOffsetTest
Base IT (new)	Run tests	2025-04-13T01:08:32.1525743Z [INFO] Tests run: 1, Failures: 0, Errors: 0, Skipped: 0, Time elapsed: 0.894 s - in org.keycloak.tests.admin.TimeOffsetTest
Base IT (new)	Run tests	2025-04-13T01:08:32.1536718Z [INFO] Running org.keycloak.tests.admin.UsersTest
Base IT (new)	Run tests	2025-04-13T01:08:32.1537695Z 2025-04-13 01:08:32,109 INFO  [testinfo] (main) ----------------------------------------------------------------
Base IT (new)	Run tests	2025-04-13T01:08:32.1538669Z 2025-04-13 01:08:32,109 INFO  [testinfo] (main)    RUNNING - org.keycloak.tests.admin.UsersTest
Base IT (new)	Run tests	2025-04-13T01:08:39.1691061Z [INFO] Tests run: 8, Failures: 0, Errors: 0, Skipped: 0, Time elapsed: 7.039 s - in org.keycloak.tests.admin.UsersTest
Base IT (new)	Run tests	2025-04-13T01:08:39.1692373Z [INFO] Running org.keycloak.tests.admin.authentication.AuthenticatorConfigTest
Base IT (new)	Run tests	2025-04-13T01:08:39.1694041Z 2025-04-13 01:08:39,151 INFO  [testinfo] (main) ----------------------------------------------------------------
Base IT (new)	Run tests	2025-04-13T01:08:39.1695380Z 2025-04-13 01:08:39,151 INFO  [testinfo] (main)    RUNNING - org.keycloak.tests.admin.authentication.AuthenticatorConfigTest
Base IT (new)	Run tests	2025-04-13T01:08:41.0594465Z [INFO] Tests run: 8, Failures: 0, Errors: 0, Skipped: 0, Time elapsed: 1.895 s - in org.keycloak.tests.admin.authentication.AuthenticatorConfigTest
Base IT (new)	Run tests	2025-04-13T01:08:41.0598486Z [INFO] Running org.keycloak.tests.admin.authentication.ExecutionTest
Base IT (new)	Run tests	2025-04-13T01:08:41.0599457Z 2025-04-13 01:08:41,048 INFO  [testinfo] (main) ----------------------------------------------------------------
Base IT (new)	Run tests	2025-04-13T01:08:41.0600541Z 2025-04-13 01:08:41,048 INFO  [testinfo] (main)    RUNNING - org.keycloak.tests.admin.authentication.ExecutionTest
Base IT (new)	Run tests	2025-04-13T01:08:42.7493849Z [INFO] Tests run: 5, Failures: 0, Errors: 0, Skipped: 0, Time elapsed: 1.677 s - in org.keycloak.tests.admin.authentication.ExecutionTest
Base IT (new)	Run tests	2025-04-13T01:08:42.7495816Z [INFO] Running org.keycloak.tests.admin.authentication.FlowTest
Base IT (new)	Run tests	2025-04-13T01:08:42.7499243Z 2025-04-13 01:08:42,730 INFO  [testinfo] (main) ----------------------------------------------------------------
Base IT (new)	Run tests	2025-04-13T01:08:42.7500331Z 2025-04-13 01:08:42,730 INFO  [testinfo] (main)    RUNNING - org.keycloak.tests.admin.authentication.FlowTest
Base IT (new)	Run tests	2025-04-13T01:08:45.1452944Z [INFO] Tests run: 13, Failures: 0, Errors: 0, Skipped: 0, Time elapsed: 2.399 s - in org.keycloak.tests.admin.authentication.FlowTest
Base IT (new)	Run tests	2025-04-13T01:08:45.1460122Z [INFO] Running org.keycloak.tests.admin.authentication.InitialFlowsTest
Base IT (new)	Run tests	2025-04-13T01:08:45.1461882Z 2025-04-13 01:08:45,130 INFO  [testinfo] (main) ----------------------------------------------------------------
Base IT (new)	Run tests	2025-04-13T01:08:45.1463807Z 2025-04-13 01:08:45,130 INFO  [testinfo] (main)    RUNNING - org.keycloak.tests.admin.authentication.InitialFlowsTest
Base IT (new)	Run tests	2025-04-13T01:08:46.5505168Z [INFO] Tests run: 1, Failures: 0, Errors: 0, Skipped: 0, Time elapsed: 1.399 s - in org.keycloak.tests.admin.authentication.InitialFlowsTest
Base IT (new)	Run tests	2025-04-13T01:08:46.5508080Z [INFO] Running org.keycloak.tests.admin.authentication.ProvidersTest
Base IT (new)	Run tests	2025-04-13T01:08:46.5514643Z 2025-04-13 01:08:46,532 INFO  [testinfo] (main) ----------------------------------------------------------------
Base IT (new)	Run tests	2025-04-13T01:08:46.5515790Z 2025-04-13 01:08:46,532 INFO  [testinfo] (main)    RUNNING - org.keycloak.tests.admin.authentication.ProvidersTest
Base IT (new)	Run tests	2025-04-13T01:08:47.6122283Z [INFO] Tests run: 6, Failures: 0, Errors: 0, Skipped: 0, Time elapsed: 1.051 s - in org.keycloak.tests.admin.authentication.ProvidersTest
Base IT (new)	Run tests	2025-04-13T01:08:47.6123662Z [INFO] Running org.keycloak.tests.admin.authentication.RegistrationFlowTest
Base IT (new)	Run tests	2025-04-13T01:08:47.6124942Z 2025-04-13 01:08:47,589 INFO  [testinfo] (main) ----------------------------------------------------------------
Base IT (new)	Run tests	2025-04-13T01:08:47.6126091Z 2025-04-13 01:08:47,590 INFO  [testinfo] (main)    RUNNING - org.keycloak.tests.admin.authentication.RegistrationFlowTest
Base IT (new)	Run tests	2025-04-13T01:08:48.5839524Z [INFO] Tests run: 1, Failures: 0, Errors: 0, Skipped: 0, Time elapsed: 0.957 s - in org.keycloak.tests.admin.authentication.RegistrationFlowTest
Base IT (new)	Run tests	2025-04-13T01:08:48.5841055Z [INFO] Running org.keycloak.tests.admin.authentication.ShiftExecutionTest
Base IT (new)	Run tests	2025-04-13T01:08:48.5842038Z 2025-04-13 01:08:48,549 INFO  [testinfo] (main) ----------------------------------------------------------------
Base IT (new)	Run tests	2025-04-13T01:08:48.5843145Z 2025-04-13 01:08:48,549 INFO  [testinfo] (main)    RUNNING - org.keycloak.tests.admin.authentication.ShiftExecutionTest
Base IT (new)	Run tests	2025-04-13T01:08:49.5108864Z [INFO] Tests run: 2, Failures: 0, Errors: 0, Skipped: 0, Time elapsed: 0.945 s - in org.keycloak.tests.admin.authentication.ShiftExecutionTest
Base IT (new)	Run tests	2025-04-13T01:08:49.5116213Z [INFO] Running org.keycloak.tests.admin.authentication.ShiftRequiredActionTest
Base IT (new)	Run tests	2025-04-13T01:08:49.5122353Z 2025-04-13 01:08:49,496 INFO  [testinfo] (main) ----------------------------------------------------------------
Base IT (new)	Run tests	2025-04-13T01:08:49.5127725Z 2025-04-13 01:08:49,496 INFO  [testinfo] (main)    RUNNING - org.keycloak.tests.admin.authentication.ShiftRequiredActionTest
Base IT (new)	Run tests	2025-04-13T01:08:50.1868733Z [INFO] Tests run: 1, Failures: 0, Errors: 0, Skipped: 0, Time elapsed: 0.676 s - in org.keycloak.tests.admin.authentication.ShiftRequiredActionTest
Base IT (new)	Run tests	2025-04-13T01:08:50.1871646Z [INFO] Running org.keycloak.tests.admin.authz.fgap.ClientResourceTypeEvaluationTest
Base IT (new)	Run tests	2025-04-13T01:08:50.1873341Z 2025-04-13 01:08:50,175 INFO  [testinfo] (main) ----------------------------------------------------------------
Base IT (new)	Run tests	2025-04-13T01:08:50.1875243Z 2025-04-13 01:08:50,175 INFO  [testinfo] (main)    RUNNING - org.keycloak.tests.admin.authz.fgap.ClientResourceTypeEvaluationTest
Base IT (new)	Run tests	2025-04-13T01:08:53.1673632Z [INFO] Tests run: 10, Failures: 0, Errors: 0, Skipped: 0, Time elapsed: 2.92 s - in org.keycloak.tests.admin.authz.fgap.ClientResourceTypeEvaluationTest
Base IT (new)	Run tests	2025-04-13T01:08:53.1692631Z [INFO] Running org.keycloak.tests.admin.authz.fgap.ClientResourceTypeFilteringTest
Base IT (new)	Run tests	2025-04-13T01:08:53.1698425Z 2025-04-13 01:08:53,100 INFO  [testinfo] (main) ----------------------------------------------------------------
Base IT (new)	Run tests	2025-04-13T01:08:53.1700115Z 2025-04-13 01:08:53,101 INFO  [testinfo] (main)    RUNNING - org.keycloak.tests.admin.authz.fgap.ClientResourceTypeFilteringTest
Base IT (new)	Run tests	2025-04-13T01:08:58.6412172Z [INFO] Tests run: 5, Failures: 0, Errors: 0, Skipped: 0, Time elapsed: 5.523 s - in org.keycloak.tests.admin.authz.fgap.ClientResourceTypeFilteringTest
Base IT (new)	Run tests	2025-04-13T01:08:58.6413716Z [INFO] Running org.keycloak.tests.admin.authz.fgap.ClientResourceTypePermissionTest
Base IT (new)	Run tests	2025-04-13T01:08:58.6415068Z 2025-04-13 01:08:58,625 INFO  [testinfo] (main) ----------------------------------------------------------------
Base IT (new)	Run tests	2025-04-13T01:08:58.6416289Z 2025-04-13 01:08:58,625 INFO  [testinfo] (main)    RUNNING - org.keycloak.tests.admin.authz.fgap.ClientResourceTypePermissionTest
Base IT (new)	Run tests	2025-04-13T01:08:59.7954762Z [INFO] Tests run: 3, Failures: 0, Errors: 0, Skipped: 0, Time elapsed: 1.157 s - in org.keycloak.tests.admin.authz.fgap.ClientResourceTypePermissionTest
Base IT (new)	Run tests	2025-04-13T01:08:59.7959251Z [INFO] Running org.keycloak.tests.admin.authz.fgap.FeatureV2EnabledTest
Base IT (new)	Run tests	2025-04-13T01:08:59.7962971Z 2025-04-13 01:08:59,784 INFO  [testinfo] (main) ----------------------------------------------------------------
Base IT (new)	Run tests	2025-04-13T01:08:59.7966158Z 2025-04-13 01:08:59,784 INFO  [testinfo] (main)    RUNNING - org.keycloak.tests.admin.authz.fgap.FeatureV2EnabledTest
Base IT (new)	Run tests	2025-04-13T01:09:00.5369881Z [INFO] Tests run: 2, Failures: 0, Errors: 0, Skipped: 0, Time elapsed: 0.728 s - in org.keycloak.tests.admin.authz.fgap.FeatureV2EnabledTest
Base IT (new)	Run tests	2025-04-13T01:09:00.5374949Z [INFO] Running org.keycloak.tests.admin.authz.fgap.GroupResourceTypeEvaluationTest
Base IT (new)	Run tests	2025-04-13T01:09:00.5377771Z 2025-04-13 01:09:00,514 INFO  [testinfo] (main) ----------------------------------------------------------------
Base IT (new)	Run tests	2025-04-13T01:09:00.5381565Z 2025-04-13 01:09:00,514 INFO  [testinfo] (main)    RUNNING - org.keycloak.tests.admin.authz.fgap.GroupResourceTypeEvaluationTest
Base IT (new)	Run tests	2025-04-13T01:09:04.1657227Z [INFO] Tests run: 10, Failures: 0, Errors: 0, Skipped: 0, Time elapsed: 3.635 s - in org.keycloak.tests.admin.authz.fgap.GroupResourceTypeEvaluationTest
Base IT (new)	Run tests	2025-04-13T01:09:04.1662218Z [INFO] Running org.keycloak.tests.admin.authz.fgap.GroupResourceTypeFilteringTest
Base IT (new)	Run tests	2025-04-13T01:09:04.1663632Z 2025-04-13 01:09:04,151 INFO  [testinfo] (main) ----------------------------------------------------------------
Base IT (new)	Run tests	2025-04-13T01:09:04.1665172Z 2025-04-13 01:09:04,152 INFO  [testinfo] (main)    RUNNING - org.keycloak.tests.admin.authz.fgap.GroupResourceTypeFilteringTest
Base IT (new)	Run tests	2025-04-13T01:09:16.6752619Z [INFO] Tests run: 4, Failures: 0, Errors: 0, Skipped: 0, Time elapsed: 12.51 s - in org.keycloak.tests.admin.authz.fgap.GroupResourceTypeFilteringTest
Base IT (new)	Run tests	2025-04-13T01:09:16.6754642Z [INFO] Running org.keycloak.tests.admin.authz.fgap.GroupResourceTypePermissionTest
Base IT (new)	Run tests	2025-04-13T01:09:16.6755947Z 2025-04-13 01:09:16,662 INFO  [testinfo] (main) ----------------------------------------------------------------
Base IT (new)	Run tests	2025-04-13T01:09:16.6757952Z 2025-04-13 01:09:16,663 INFO  [testinfo] (main)    RUNNING - org.keycloak.tests.admin.authz.fgap.GroupResourceTypePermissionTest
Base IT (new)	Run tests	2025-04-13T01:09:17.7106758Z [INFO] Tests run: 3, Failures: 0, Errors: 0, Skipped: 0, Time elapsed: 1.035 s - in org.keycloak.tests.admin.authz.fgap.GroupResourceTypePermissionTest
Base IT (new)	Run tests	2025-04-13T01:09:17.7111562Z [INFO] Running org.keycloak.tests.admin.authz.fgap.PermissionRESTTest
Base IT (new)	Run tests	2025-04-13T01:09:17.7118403Z 2025-04-13 01:09:17,699 INFO  [testinfo] (main) ----------------------------------------------------------------
Base IT (new)	Run tests	2025-04-13T01:09:17.7119577Z 2025-04-13 01:09:17,699 INFO  [testinfo] (main)    RUNNING - org.keycloak.tests.admin.authz.fgap.PermissionRESTTest
Base IT (new)	Run tests	2025-04-13T01:09:18.6688528Z [INFO] Tests run: 6, Failures: 0, Errors: 0, Skipped: 0, Time elapsed: 0.954 s - in org.keycloak.tests.admin.authz.fgap.PermissionRESTTest
Base IT (new)	Run tests	2025-04-13T01:09:18.6691194Z [INFO] Running org.keycloak.tests.admin.authz.fgap.RoleResourceTypeEvaluationTest
Base IT (new)	Run tests	2025-04-13T01:09:18.6697508Z 2025-04-13 01:09:18,654 INFO  [testinfo] (main) ----------------------------------------------------------------
Base IT (new)	Run tests	2025-04-13T01:09:18.6699268Z 2025-04-13 01:09:18,654 INFO  [testinfo] (main)    RUNNING - org.keycloak.tests.admin.authz.fgap.RoleResourceTypeEvaluationTest
Base IT (new)	Run tests	2025-04-13T01:09:19.7353275Z [INFO] Tests run: 3, Failures: 0, Errors: 0, Skipped: 0, Time elapsed: 1.069 s - in org.keycloak.tests.admin.authz.fgap.RoleResourceTypeEvaluationTest
Base IT (new)	Run tests	2025-04-13T01:09:19.7356267Z [INFO] Running org.keycloak.tests.admin.authz.fgap.RoleResourceTypePermissionTest
Base IT (new)	Run tests	2025-04-13T01:09:19.7357652Z 2025-04-13 01:09:19,725 INFO  [testinfo] (main) ----------------------------------------------------------------
Base IT (new)	Run tests	2025-04-13T01:09:19.7359253Z 2025-04-13 01:09:19,725 INFO  [testinfo] (main)    RUNNING - org.keycloak.tests.admin.authz.fgap.RoleResourceTypePermissionTest
Base IT (new)	Run tests	2025-04-13T01:09:20.6020617Z [INFO] Tests run: 3, Failures: 0, Errors: 0, Skipped: 0, Time elapsed: 0.861 s - in org.keycloak.tests.admin.authz.fgap.RoleResourceTypePermissionTest
Base IT (new)	Run tests	2025-04-13T01:09:20.6023326Z [INFO] Running org.keycloak.tests.admin.authz.fgap.UserResourceTypeEvaluationSpecTest
Base IT (new)	Run tests	2025-04-13T01:09:20.6025280Z 2025-04-13 01:09:20,589 INFO  [testinfo] (main) ----------------------------------------------------------------
Base IT (new)	Run tests	2025-04-13T01:09:20.6027190Z 2025-04-13 01:09:20,589 INFO  [testinfo] (main)    RUNNING - org.keycloak.tests.admin.authz.fgap.UserResourceTypeEvaluationSpecTest
Base IT (new)	Run tests	2025-04-13T01:09:44.4282300Z [INFO] Tests run: 66, Failures: 0, Errors: 0, Skipped: 0, Time elapsed: 23.818 s - in org.keycloak.tests.admin.authz.fgap.UserResourceTypeEvaluationSpecTest
Base IT (new)	Run tests	2025-04-13T01:09:44.4315229Z [INFO] Running org.keycloak.tests.admin.authz.fgap.UserResourceTypeEvaluationTest
Base IT (new)	Run tests	2025-04-13T01:09:44.4345094Z 2025-04-13 01:09:44,409 INFO  [testinfo] (main) ----------------------------------------------------------------
Base IT (new)	Run tests	2025-04-13T01:09:44.4346529Z 2025-04-13 01:09:44,409 INFO  [testinfo] (main)    RUNNING - org.keycloak.tests.admin.authz.fgap.UserResourceTypeEvaluationTest
Base IT (new)	Run tests	2025-04-13T01:09:47.7019264Z [INFO] Tests run: 12, Failures: 0, Errors: 0, Skipped: 0, Time elapsed: 3.277 s - in org.keycloak.tests.admin.authz.fgap.UserResourceTypeEvaluationTest
Base IT (new)	Run tests	2025-04-13T01:09:47.7020760Z [INFO] Running org.keycloak.tests.admin.authz.fgap.UserResourceTypeFilteringTest
Base IT (new)	Run tests	2025-04-13T01:09:47.7021779Z 2025-04-13 01:09:47,688 INFO  [testinfo] (main) ----------------------------------------------------------------
Base IT (new)	Run tests	2025-04-13T01:09:47.7022913Z 2025-04-13 01:09:47,688 INFO  [testinfo] (main)    RUNNING - org.keycloak.tests.admin.authz.fgap.UserResourceTypeFilteringTest
Base IT (new)	Run tests	2025-04-13T01:09:55.9815434Z [INFO] Tests run: 11, Failures: 0, Errors: 0, Skipped: 0, Time elapsed: 8.27 s - in org.keycloak.tests.admin.authz.fgap.UserResourceTypeFilteringTest
Base IT (new)	Run tests	2025-04-13T01:09:55.9817191Z [INFO] Running org.keycloak.tests.admin.authz.fgap.UserResourceTypePermissionTest
Base IT (new)	Run tests	2025-04-13T01:09:55.9818266Z 2025-04-13 01:09:55,960 INFO  [testinfo] (main) ----------------------------------------------------------------
Base IT (new)	Run tests	2025-04-13T01:09:55.9819462Z 2025-04-13 01:09:55,960 INFO  [testinfo] (main)    RUNNING - org.keycloak.tests.admin.authz.fgap.UserResourceTypePermissionTest
Base IT (new)	Run tests	2025-04-13T01:09:57.1481075Z [INFO] Tests run: 7, Failures: 0, Errors: 0, Skipped: 0, Time elapsed: 1.177 s - in org.keycloak.tests.admin.authz.fgap.UserResourceTypePermissionTest
Base IT (new)	Run tests	2025-04-13T01:09:57.1483689Z [INFO] Running org.keycloak.tests.admin.client.ClientDescriptionConverterTest
Base IT (new)	Run tests	2025-04-13T01:09:57.1484901Z 2025-04-13 01:09:57,138 INFO  [testinfo] (main) ----------------------------------------------------------------
Base IT (new)	Run tests	2025-04-13T01:09:57.1486050Z 2025-04-13 01:09:57,138 INFO  [testinfo] (main)    RUNNING - org.keycloak.tests.admin.client.ClientDescriptionConverterTest
Base IT (new)	Run tests	2025-04-13T01:09:57.6719783Z [INFO] Tests run: 1, Failures: 0, Errors: 0, Skipped: 0, Time elapsed: 0.52 s - in org.keycloak.tests.admin.client.ClientDescriptionConverterTest
Base IT (new)	Run tests	2025-04-13T01:09:57.6725038Z [INFO] Running org.keycloak.tests.admin.client.ClientProtocolMapperTest
Base IT (new)	Run tests	2025-04-13T01:09:57.6727419Z 2025-04-13 01:09:57,659 INFO  [testinfo] (main) ----------------------------------------------------------------
Base IT (new)	Run tests	2025-04-13T01:09:57.6729077Z 2025-04-13 01:09:57,659 INFO  [testinfo] (main)    RUNNING - org.keycloak.tests.admin.client.ClientProtocolMapperTest
Base IT (new)	Run tests	2025-04-13T01:09:58.9045695Z [INFO] Tests run: 10, Failures: 0, Errors: 0, Skipped: 0, Time elapsed: 1.233 s - in org.keycloak.tests.admin.client.ClientProtocolMapperTest
Base IT (new)	Run tests	2025-04-13T01:09:58.9050519Z [INFO] Running org.keycloak.tests.admin.client.ClientRolesTest
Base IT (new)	Run tests	2025-04-13T01:09:58.9051408Z 2025-04-13 01:09:58,893 INFO  [testinfo] (main) ----------------------------------------------------------------
Base IT (new)	Run tests	2025-04-13T01:09:58.9052432Z 2025-04-13 01:09:58,894 INFO  [testinfo] (main)    RUNNING - org.keycloak.tests.admin.client.ClientRolesTest
Base IT (new)	Run tests	2025-04-13T01:10:01.0237286Z [INFO] Tests run: 12, Failures: 0, Errors: 0, Skipped: 0, Time elapsed: 2.116 s - in org.keycloak.tests.admin.client.ClientRolesTest
Base IT (new)	Run tests	2025-04-13T01:10:01.0239382Z [INFO] Running org.keycloak.tests.admin.client.ClientScopeProtocolMapperTest
Base IT (new)	Run tests	2025-04-13T01:10:01.0240775Z 2025-04-13 01:10:01,011 INFO  [testinfo] (main) ----------------------------------------------------------------
Base IT (new)	Run tests	2025-04-13T01:10:01.0242255Z 2025-04-13 01:10:01,011 INFO  [testinfo] (main)    RUNNING - org.keycloak.tests.admin.client.ClientScopeProtocolMapperTest
Base IT (new)	Run tests	2025-04-13T01:10:02.3272540Z [INFO] Tests run: 10, Failures: 0, Errors: 0, Skipped: 0, Time elapsed: 1.295 s - in org.keycloak.tests.admin.client.ClientScopeProtocolMapperTest
Base IT (new)	Run tests	2025-04-13T01:10:02.3274706Z [INFO] Running org.keycloak.tests.admin.client.ClientScopeTest
Base IT (new)	Run tests	2025-04-13T01:10:02.3276794Z 2025-04-13 01:10:02,308 INFO  [testinfo] (main) ----------------------------------------------------------------
Base IT (new)	Run tests	2025-04-13T01:10:02.3277898Z 2025-04-13 01:10:02,308 INFO  [testinfo] (main)    RUNNING - org.keycloak.tests.admin.client.ClientScopeTest
Base IT (new)	Run tests	2025-04-13T01:10:04.1676341Z [INFO] Tests run: 20, Failures: 0, Errors: 0, Skipped: 0, Time elapsed: 1.839 s - in org.keycloak.tests.admin.client.ClientScopeTest
Base IT (new)	Run tests	2025-04-13T01:10:04.1678127Z [INFO] Running org.keycloak.tests.admin.client.ClientSearchJpaTest
Base IT (new)	Run tests	2025-04-13T01:10:04.1679749Z 2025-04-13 01:10:04,149 INFO  [testinfo] (main) ----------------------------------------------------------------
Base IT (new)	Run tests	2025-04-13T01:10:04.1687730Z 2025-04-13 01:10:04,150 INFO  [testinfo] (main)    RUNNING - org.keycloak.tests.admin.client.ClientSearchJpaTest
Base IT (new)	Run tests	2025-04-13T01:10:04.9730353Z [INFO] Tests run: 1, Failures: 0, Errors: 0, Skipped: 0, Time elapsed: 0.812 s - in org.keycloak.tests.admin.client.ClientSearchJpaTest
Base IT (new)	Run tests	2025-04-13T01:10:04.9732317Z [INFO] Running org.keycloak.tests.admin.client.ServiceAccountClientTest
Base IT (new)	Run tests	2025-04-13T01:10:04.9733614Z 2025-04-13 01:10:04,963 INFO  [testinfo] (main) ----------------------------------------------------------------
Base IT (new)	Run tests	2025-04-13T01:10:04.9735302Z 2025-04-13 01:10:04,963 INFO  [testinfo] (main)    RUNNING - org.keycloak.tests.admin.client.ServiceAccountClientTest
Base IT (new)	Run tests	2025-04-13T01:10:05.5420044Z [INFO] Tests run: 1, Failures: 0, Errors: 0, Skipped: 0, Time elapsed: 0.56 s - in org.keycloak.tests.admin.client.ServiceAccountClientTest
Base IT (new)	Run tests	2025-04-13T01:10:05.5421410Z [INFO] Running org.keycloak.tests.admin.event.AdminEventAuthDetailsTest
Base IT (new)	Run tests	2025-04-13T01:10:05.5422334Z 2025-04-13 01:10:05,528 INFO  [testinfo] (main) ----------------------------------------------------------------
Base IT (new)	Run tests	2025-04-13T01:10:05.5423430Z 2025-04-13 01:10:05,528 INFO  [testinfo] (main)    RUNNING - org.keycloak.tests.admin.event.AdminEventAuthDetailsTest
Base IT (new)	Run tests	2025-04-13T01:10:06.4734267Z [INFO] Tests run: 2, Failures: 0, Errors: 0, Skipped: 0, Time elapsed: 0.926 s - in org.keycloak.tests.admin.event.AdminEventAuthDetailsTest
Base IT (new)	Run tests	2025-04-13T01:10:06.4736674Z [INFO] Running org.keycloak.tests.admin.event.AdminEventTest
Base IT (new)	Run tests	2025-04-13T01:10:06.4739746Z 2025-04-13 01:10:06,455 INFO  [testinfo] (main) ----------------------------------------------------------------
Base IT (new)	Run tests	2025-04-13T01:10:06.4740784Z 2025-04-13 01:10:06,455 INFO  [testinfo] (main)    RUNNING - org.keycloak.tests.admin.event.AdminEventTest
Base IT (new)	Run tests	2025-04-13T01:10:08.9630049Z [INFO] Tests run: 13, Failures: 0, Errors: 0, Skipped: 0, Time elapsed: 2.494 s - in org.keycloak.tests.admin.event.AdminEventTest
Base IT (new)	Run tests	2025-04-13T01:10:08.9632245Z [INFO] Running org.keycloak.tests.admin.event.EmailEventListenerTest
Base IT (new)	Run tests	2025-04-13T01:10:08.9633182Z 2025-04-13 01:10:08,950 INFO  [testinfo] (main) ----------------------------------------------------------------
Base IT (new)	Run tests	2025-04-13T01:10:08.9634477Z 2025-04-13 01:10:08,950 INFO  [testinfo] (main)    RUNNING - org.keycloak.tests.admin.event.EmailEventListenerTest
Base IT (new)	Run tests	2025-04-13T01:10:09.7525919Z [INFO] Tests run: 1, Failures: 0, Errors: 0, Skipped: 0, Time elapsed: 0.79 s - in org.keycloak.tests.admin.event.EmailEventListenerTest
Base IT (new)	Run tests	2025-04-13T01:10:09.7528374Z [INFO] Running org.keycloak.tests.admin.event.EventConfigTest
Base IT (new)	Run tests	2025-04-13T01:10:09.7529335Z 2025-04-13 01:10:09,742 INFO  [testinfo] (main) ----------------------------------------------------------------
Base IT (new)	Run tests	2025-04-13T01:10:09.7530645Z 2025-04-13 01:10:09,742 INFO  [testinfo] (main)    RUNNING - org.keycloak.tests.admin.event.EventConfigTest
Base IT (new)	Run tests	2025-04-13T01:10:10.7214404Z [INFO] Tests run: 6, Failures: 0, Errors: 0, Skipped: 0, Time elapsed: 0.969 s - in org.keycloak.tests.admin.event.EventConfigTest
Base IT (new)	Run tests	2025-04-13T01:10:10.7215717Z [INFO] Running org.keycloak.tests.admin.event.LoginEventsTest
Base IT (new)	Run tests	2025-04-13T01:10:10.7216662Z 2025-04-13 01:10:10,712 INFO  [testinfo] (main) ----------------------------------------------------------------
Base IT (new)	Run tests	2025-04-13T01:10:10.7217764Z 2025-04-13 01:10:10,713 INFO  [testinfo] (main)    RUNNING - org.keycloak.tests.admin.event.LoginEventsTest
Base IT (new)	Run tests	2025-04-13T01:10:13.1675748Z [INFO] Tests run: 8, Failures: 0, Errors: 0, Skipped: 0, Time elapsed: 2.433 s - in org.keycloak.tests.admin.event.LoginEventsTest
Base IT (new)	Run tests	2025-04-13T01:10:13.1677520Z [INFO] Running org.keycloak.tests.admin.group.SubGroupSearchTest
Base IT (new)	Run tests	2025-04-13T01:10:13.1678844Z 2025-04-13 01:10:13,149 INFO  [testinfo] (main) ----------------------------------------------------------------
Base IT (new)	Run tests	2025-04-13T01:10:13.1680132Z 2025-04-13 01:10:13,150 INFO  [testinfo] (main)    RUNNING - org.keycloak.tests.admin.group.SubGroupSearchTest
Base IT (new)	Run tests	2025-04-13T01:10:13.9628844Z [INFO] Tests run: 1, Failures: 0, Errors: 0, Skipped: 0, Time elapsed: 0.798 s - in org.keycloak.tests.admin.group.SubGroupSearchTest
Base IT (new)	Run tests	2025-04-13T01:10:13.9631282Z [INFO] Running org.keycloak.tests.admin.partialexport.PartialExportTest
Base IT (new)	Run tests	2025-04-13T01:10:13.9632340Z 2025-04-13 01:10:13,949 INFO  [testinfo] (main) ----------------------------------------------------------------
Base IT (new)	Run tests	2025-04-13T01:10:13.9633503Z 2025-04-13 01:10:13,949 INFO  [testinfo] (main)    RUNNING - org.keycloak.tests.admin.partialexport.PartialExportTest
Base IT (new)	Run tests	2025-04-13T01:10:14.9069280Z [INFO] Tests run: 1, Failures: 0, Errors: 0, Skipped: 0, Time elapsed: 0.945 s - in org.keycloak.tests.admin.partialexport.PartialExportTest
Base IT (new)	Run tests	2025-04-13T01:10:14.9071948Z [INFO] Running org.keycloak.tests.admin.userprofile.UserProfileAdminTest
Base IT (new)	Run tests	2025-04-13T01:10:14.9073077Z 2025-04-13 01:10:14,895 INFO  [testinfo] (main) ----------------------------------------------------------------
Base IT (new)	Run tests	2025-04-13T01:10:14.9074381Z 2025-04-13 01:10:14,896 INFO  [testinfo] (main)    RUNNING - org.keycloak.tests.admin.userprofile.UserProfileAdminTest
Base IT (new)	Run tests	2025-04-13T01:10:15.6921208Z [INFO] Tests run: 8, Failures: 0, Errors: 0, Skipped: 0, Time elapsed: 0.783 s - in org.keycloak.tests.admin.userprofile.UserProfileAdminTest
Base IT (new)	Run tests	2025-04-13T01:10:15.6922563Z [INFO] Running org.keycloak.tests.welcomepage.WelcomePageTest
Base IT (new)	Run tests	2025-04-13T01:10:15.6923822Z 2025-04-13 01:10:15,681 INFO  [testinfo] (main) ----------------------------------------------------------------
Base IT (new)	Run tests	2025-04-13T01:10:15.6924775Z 2025-04-13 01:10:15,681 INFO  [testinfo] (main)    RUNNING - org.keycloak.tests.welcomepage.WelcomePageTest
Base IT (new)	Run tests	2025-04-13T01:10:16.0284904Z [INFO] Tests run: 6, Failures: 0, Errors: 0, Skipped: 0, Time elapsed: 0.332 s - in org.keycloak.tests.welcomepage.WelcomePageTest
Base IT (new)	Run tests	2025-04-13T01:10:16.0287961Z [INFO] Running org.keycloak.tests.admin.AdminRootTest
Base IT (new)	Run tests	2025-04-13T01:10:16.0289415Z 2025-04-13 01:10:16,015 INFO  [testinfo] (main) ----------------------------------------------------------------
Base IT (new)	Run tests	2025-04-13T01:10:16.0292115Z 2025-04-13 01:10:16,015 INFO  [testinfo] (main)    RUNNING - org.keycloak.tests.admin.AdminRootTest
Base IT (new)	Run tests	2025-04-13T01:10:49.2536406Z 2025-04-13 01:10:49,249 ERROR [testinfo] (main)     FAILED - org.keycloak.tests.admin.AdminRootTest / testNoRedirectWithFrontendUrl
Base IT (new)	Run tests	2025-04-13T01:10:59.2880122Z 2025-04-13 01:10:59,286 ERROR [testinfo] (main)     FAILED - org.keycloak.tests.admin.AdminRootTest / testRedirect
Base IT (new)	Run tests	2025-04-13T01:10:59.3150396Z [ERROR] Tests run: 3, Failures: 0, Errors: 2, Skipped: 0, Time elapsed: 43.286 s <<< FAILURE! - in org.keycloak.tests.admin.AdminRootTest
Base IT (new)	Run tests	2025-04-13T01:10:59.3155426Z [ERROR] org.keycloak.tests.admin.AdminRootTest.testNoRedirectWithFrontendUrl  Time elapsed: 33.236 s  <<< ERROR!
Base IT (new)	Run tests	2025-04-13T01:10:59.3156738Z java.net.UnknownHostException: 127.0.0.1.nip.io: Temporary failure in name resolution
Base IT (new)	Run tests	2025-04-13T01:10:59.3157655Z 	at java.base/java.net.Inet6AddressImpl.lookupAllHostAddr(Native Method)
Base IT (new)	Run tests	2025-04-13T01:10:59.3158681Z 	at java.base/java.net.Inet6AddressImpl.lookupAllHostAddr(Inet6AddressImpl.java:52)
Base IT (new)	Run tests	2025-04-13T01:10:59.3159746Z 	at java.base/java.net.InetAddress$PlatformResolver.lookupByName(InetAddress.java:1211)
Base IT (new)	Run tests	2025-04-13T01:10:59.3160805Z 	at java.base/java.net.InetAddress.getAddressesFromNameService(InetAddress.java:1828)
Base IT (new)	Run tests	2025-04-13T01:10:59.3161809Z 	at java.base/java.net.InetAddress$NameServiceAddresses.get(InetAddress.java:1139)
Base IT (new)	Run tests	2025-04-13T01:10:59.3162723Z 	at java.base/java.net.InetAddress.getAllByName0(InetAddress.java:1818)
Base IT (new)	Run tests	2025-04-13T01:10:59.3163403Z 	at java.base/java.net.InetAddress.getAllByName(InetAddress.java:1688)
Base IT (new)	Run tests	2025-04-13T01:10:59.3164356Z 	at org.apache.http.impl.conn.SystemDefaultDnsResolver.resolve(SystemDefaultDnsResolver.java:45)
Base IT (new)	Run tests	2025-04-13T01:10:59.3165361Z 	at org.apache.http.impl.conn.DefaultHttpClientConnectionOperator.connect(DefaultHttpClientConnectionOperator.java:112)
Base IT (new)	Run tests	2025-04-13T01:10:59.3166545Z 	at org.apache.http.impl.conn.PoolingHttpClientConnectionManager.connect(PoolingHttpClientConnectionManager.java:376)
Base IT (new)	Run tests	2025-04-13T01:10:59.3167511Z 	at org.apache.http.impl.execchain.MainClientExec.establishRoute(MainClientExec.java:393)
Base IT (new)	Run tests	2025-04-13T01:10:59.3168314Z 	at org.apache.http.impl.execchain.MainClientExec.execute(MainClientExec.java:236)
Base IT (new)	Run tests	2025-04-13T01:10:59.3169022Z 	at org.apache.http.impl.execchain.ProtocolExec.execute(ProtocolExec.java:186)
Base IT (new)	Run tests	2025-04-13T01:10:59.3169685Z 	at org.apache.http.impl.execchain.RetryExec.execute(RetryExec.java:89)
Base IT (new)	Run tests	2025-04-13T01:10:59.3170395Z 	at org.apache.http.impl.client.InternalHttpClient.doExecute(InternalHttpClient.java:185)
Base IT (new)	Run tests	2025-04-13T01:10:59.3171153Z 	at org.apache.http.impl.client.CloseableHttpClient.execute(CloseableHttpClient.java:83)
Base IT (new)	Run tests	2025-04-13T01:10:59.3172195Z 	at org.apache.http.impl.client.CloseableHttpClient.execute(CloseableHttpClient.java:108)
Base IT (new)	Run tests	2025-04-13T01:10:59.3173408Z 	at org.apache.http.impl.client.CloseableHttpClient.execute(CloseableHttpClient.java:56)
Base IT (new)	Run tests	2025-04-13T01:10:59.3174864Z 	at org.keycloak.tests.admin.AdminRootTest.testNoRedirectWithFrontendUrl(AdminRootTest.java:66)
Base IT (new)	Run tests	2025-04-13T01:10:59.3175978Z 	at java.base/java.lang.reflect.Method.invoke(Method.java:580)
Base IT (new)	Run tests	2025-04-13T01:10:59.3176760Z 	at java.base/java.util.ArrayList.forEach(ArrayList.java:1596)
Base IT (new)	Run tests	2025-04-13T01:10:59.3177522Z 	at java.base/java.util.ArrayList.forEach(ArrayList.java:1596)
Base IT (new)	Run tests	2025-04-13T01:10:59.3177988Z 
Base IT (new)	Run tests	2025-04-13T01:10:59.3178602Z [ERROR] org.keycloak.tests.admin.AdminRootTest.testRedirect(String)[1]  Time elapsed: 10.021 s  <<< ERROR!
Base IT (new)	Run tests	2025-04-13T01:10:59.3179875Z java.net.UnknownHostException: admin.127.0.0.1.nip.io: Temporary failure in name resolution
Base IT (new)	Run tests	2025-04-13T01:10:59.3180898Z 	at java.base/java.net.Inet6AddressImpl.lookupAllHostAddr(Native Method)
Base IT (new)	Run tests	2025-04-13T01:10:59.3181879Z 	at java.base/java.net.Inet6AddressImpl.lookupAllHostAddr(Inet6AddressImpl.java:52)
Base IT (new)	Run tests	2025-04-13T01:10:59.3182974Z 	at java.base/java.net.InetAddress$PlatformResolver.lookupByName(InetAddress.java:1211)
Base IT (new)	Run tests	2025-04-13T01:10:59.3184256Z 	at java.base/java.net.InetAddress.getAddressesFromNameService(InetAddress.java:1828)
Base IT (new)	Run tests	2025-04-13T01:10:59.3185875Z 	at java.base/java.net.InetAddress$NameServiceAddresses.get(InetAddress.java:1139)
Base IT (new)	Run tests	2025-04-13T01:10:59.3186835Z 	at java.base/java.net.InetAddress.getAllByName0(InetAddress.java:1818)
Base IT (new)	Run tests	2025-04-13T01:10:59.3187708Z 	at java.base/java.net.InetAddress.getAllByName(InetAddress.java:1688)
Base IT (new)	Run tests	2025-04-13T01:10:59.3188789Z 	at org.apache.http.impl.conn.SystemDefaultDnsResolver.resolve(SystemDefaultDnsResolver.java:45)
Base IT (new)	Run tests	2025-04-13T01:10:59.3190349Z 	at org.apache.http.impl.conn.DefaultHttpClientConnectionOperator.connect(DefaultHttpClientConnectionOperator.java:112)
Base IT (new)	Run tests	2025-04-13T01:10:59.3192131Z 	at org.apache.http.impl.conn.PoolingHttpClientConnectionManager.connect(PoolingHttpClientConnectionManager.java:376)
Base IT (new)	Run tests	2025-04-13T01:10:59.3193686Z 	at org.apache.http.impl.execchain.MainClientExec.establishRoute(MainClientExec.java:393)
Base IT (new)	Run tests	2025-04-13T01:10:59.3195067Z 	at org.apache.http.impl.execchain.MainClientExec.execute(MainClientExec.java:236)
Base IT (new)	Run tests	2025-04-13T01:10:59.3196120Z 	at org.apache.http.impl.execchain.ProtocolExec.execute(ProtocolExec.java:186)
Base IT (new)	Run tests	2025-04-13T01:10:59.3197146Z 	at org.apache.http.impl.execchain.RetryExec.execute(RetryExec.java:89)
Base IT (new)	Run tests	2025-04-13T01:10:59.3198223Z 	at org.apache.http.impl.client.InternalHttpClient.doExecute(InternalHttpClient.java:185)
Base IT (new)	Run tests	2025-04-13T01:10:59.3199630Z 	at org.apache.http.impl.client.CloseableHttpClient.execute(CloseableHttpClient.java:83)
Base IT (new)	Run tests	2025-04-13T01:10:59.3200861Z 	at org.apache.http.impl.client.CloseableHttpClient.execute(CloseableHttpClient.java:108)
Base IT (new)	Run tests	2025-04-13T01:10:59.3202068Z 	at org.apache.http.impl.client.CloseableHttpClient.execute(CloseableHttpClient.java:56)
Base IT (new)	Run tests	2025-04-13T01:10:59.3203204Z 	at org.keycloak.tests.admin.AdminRootTest.testRedirect(AdminRootTest.java:58)
Base IT (new)	Run tests	2025-04-13T01:10:59.3204324Z 	at java.base/java.lang.reflect.Method.invoke(Method.java:580)
Base IT (new)	Run tests	2025-04-13T01:10:59.3205158Z 	at java.base/java.util.stream.ForEachOps$ForEachOp$OfRef.accept(ForEachOps.java:184)
Base IT (new)	Run tests	2025-04-13T01:10:59.3206274Z 	at java.base/java.util.stream.ReferencePipeline$3$1.accept(ReferencePipeline.java:197)
Base IT (new)	Run tests	2025-04-13T01:10:59.3207425Z 	at java.base/java.util.stream.ReferencePipeline$2$1.accept(ReferencePipeline.java:179)
Base IT (new)	Run tests	2025-04-13T01:10:59.3208552Z 	at java.base/java.util.stream.ReferencePipeline$3$1.accept(ReferencePipeline.java:197)
Base IT (new)	Run tests	2025-04-13T01:10:59.3209690Z 	at java.base/java.util.stream.ForEachOps$ForEachOp$OfRef.accept(ForEachOps.java:184)
Base IT (new)	Run tests	2025-04-13T01:10:59.3210781Z 	at java.base/java.util.stream.ReferencePipeline$3$1.accept(ReferencePipeline.java:197)
Base IT (new)	Run tests	2025-04-13T01:10:59.3211901Z 	at java.base/java.util.stream.ReferencePipeline$3$1.accept(ReferencePipeline.java:197)
Base IT (new)	Run tests	2025-04-13T01:10:59.3212996Z 	at java.base/java.util.stream.ReferencePipeline$3$1.accept(ReferencePipeline.java:197)
Base IT (new)	Run tests	2025-04-13T01:10:59.3214045Z 	at java.base/java.util.stream.ForEachOps$ForEachOp$OfRef.accept(ForEachOps.java:184)
Base IT (new)	Run tests	2025-04-13T01:10:59.3215299Z 	at java.base/java.util.stream.ReferencePipeline$3$1.accept(ReferencePipeline.java:197)
Base IT (new)	Run tests	2025-04-13T01:10:59.3216498Z 	at java.base/java.util.Spliterators$ArraySpliterator.forEachRemaining(Spliterators.java:1024)
Base IT (new)	Run tests	2025-04-13T01:10:59.3217658Z 	at java.base/java.util.stream.AbstractPipeline.copyInto(AbstractPipeline.java:509)
Base IT (new)	Run tests	2025-04-13T01:10:59.3218806Z 	at java.base/java.util.stream.AbstractPipeline.wrapAndCopyInto(AbstractPipeline.java:499)
Base IT (new)	Run tests	2025-04-13T01:10:59.3219982Z 	at java.base/java.util.stream.ForEachOps$ForEachOp.evaluateSequential(ForEachOps.java:151)
Base IT (new)	Run tests	2025-04-13T01:10:59.3221166Z 	at java.base/java.util.stream.ForEachOps$ForEachOp$OfRef.evaluateSequential(ForEachOps.java:174)
Base IT (new)	Run tests	2025-04-13T01:10:59.3222345Z 	at java.base/java.util.stream.AbstractPipeline.evaluate(AbstractPipeline.java:234)
Base IT (new)	Run tests	2025-04-13T01:10:59.3223448Z 	at java.base/java.util.stream.ReferencePipeline.forEach(ReferencePipeline.java:596)
Base IT (new)	Run tests	2025-04-13T01:10:59.3224849Z 	at java.base/java.util.stream.ReferencePipeline$7$1.accept(ReferencePipeline.java:276)
Base IT (new)	Run tests	2025-04-13T01:10:59.3226031Z 	at java.base/java.util.stream.ReferencePipeline$3$1.accept(ReferencePipeline.java:197)
Base IT (new)	Run tests	2025-04-13T01:10:59.3227623Z 	at java.base/java.util.stream.ReferencePipeline$3$1.accept(ReferencePipeline.java:197)
Base IT (new)	Run tests	2025-04-13T01:10:59.3228732Z 	at java.base/java.util.stream.ReferencePipeline$3$1.accept(ReferencePipeline.java:197)
Base IT (new)	Run tests	2025-04-13T01:10:59.3229884Z 	at java.base/java.util.ArrayList$ArrayListSpliterator.forEachRemaining(ArrayList.java:1708)
Base IT (new)	Run tests	2025-04-13T01:10:59.3231059Z 	at java.base/java.util.stream.AbstractPipeline.copyInto(AbstractPipeline.java:509)
Base IT (new)	Run tests	2025-04-13T01:10:59.3232232Z 	at java.base/java.util.stream.AbstractPipeline.wrapAndCopyInto(AbstractPipeline.java:499)
Base IT (new)	Run tests	2025-04-13T01:10:59.3233436Z 	at java.base/java.util.stream.ForEachOps$ForEachOp.evaluateSequential(ForEachOps.java:151)
Base IT (new)	Run tests	2025-04-13T01:10:59.3234836Z 	at java.base/java.util.stream.ForEachOps$ForEachOp$OfRef.evaluateSequential(ForEachOps.java:174)
Base IT (new)	Run tests	2025-04-13T01:10:59.3235998Z 	at java.base/java.util.stream.AbstractPipeline.evaluate(AbstractPipeline.java:234)
Base IT (new)	Run tests	2025-04-13T01:10:59.3237093Z 	at java.base/java.util.stream.ReferencePipeline.forEach(ReferencePipeline.java:596)
Base IT (new)	Run tests	2025-04-13T01:10:59.3238211Z 	at java.base/java.util.stream.ReferencePipeline$7$1.accept(ReferencePipeline.java:276)
Base IT (new)	Run tests	2025-04-13T01:10:59.3239363Z 	at java.base/java.util.ArrayList$ArrayListSpliterator.forEachRemaining(ArrayList.java:1708)
Base IT (new)	Run tests	2025-04-13T01:10:59.3240504Z 	at java.base/java.util.stream.AbstractPipeline.copyInto(AbstractPipeline.java:509)
Base IT (new)	Run tests	2025-04-13T01:10:59.3241626Z 	at java.base/java.util.stream.AbstractPipeline.wrapAndCopyInto(AbstractPipeline.java:499)
Base IT (new)	Run tests	2025-04-13T01:10:59.3243065Z 	at java.base/java.util.stream.ForEachOps$ForEachOp.evaluateSequential(ForEachOps.java:151)
Base IT (new)	Run tests	2025-04-13T01:10:59.3244382Z 	at java.base/java.util.stream.ForEachOps$ForEachOp$OfRef.evaluateSequential(ForEachOps.java:174)
Base IT (new)	Run tests	2025-04-13T01:10:59.3245524Z 	at java.base/java.util.stream.AbstractPipeline.evaluate(AbstractPipeline.java:234)
Base IT (new)	Run tests	2025-04-13T01:10:59.3246600Z 	at java.base/java.util.stream.ReferencePipeline.forEach(ReferencePipeline.java:596)
Base IT (new)	Run tests	2025-04-13T01:10:59.3247545Z 	at java.base/java.util.ArrayList.forEach(ArrayList.java:1596)
Base IT (new)	Run tests	2025-04-13T01:10:59.3248280Z 	at java.base/java.util.ArrayList.forEach(ArrayList.java:1596)
Base IT (new)	Run tests	2025-04-13T01:10:59.3248733Z 
Base IT (new)	Run tests	2025-04-13T01:10:59.3249029Z [INFO] Running org.keycloak.tests.admin.AuthzCleanupTest
Base IT (new)	Run tests	2025-04-13T01:10:59.3249875Z 2025-04-13 01:10:59,302 INFO  [testinfo] (main) ----------------------------------------------------------------
Base IT (new)	Run tests	2025-04-13T01:10:59.3250877Z 2025-04-13 01:10:59,302 INFO  [testinfo] (main)    RUNNING - org.keycloak.tests.admin.AuthzCleanupTest
Base IT (new)	Run tests	2025-04-13T01:11:25.1644854Z [INFO] Tests run: 1, Failures: 0, Errors: 0, Skipped: 0, Time elapsed: 25.839 s - in org.keycloak.tests.admin.AuthzCleanupTest
Base IT (new)	Run tests	2025-04-13T01:11:25.1674437Z [INFO] Running org.keycloak.tests.admin.FineGrainedPermissionsV1UsersTest
Base IT (new)	Run tests	2025-04-13T01:11:25.1676700Z 2025-04-13 01:11:25,145 INFO  [testinfo] (main) ----------------------------------------------------------------
Base IT (new)	Run tests	2025-04-13T01:11:25.1678000Z 2025-04-13 01:11:25,145 INFO  [testinfo] (main)    RUNNING - org.keycloak.tests.admin.FineGrainedPermissionsV1UsersTest
Base IT (new)	Run tests	2025-04-13T01:12:01.2098610Z [INFO] Tests run: 6, Failures: 0, Errors: 0, Skipped: 0, Time elapsed: 36.043 s - in org.keycloak.tests.admin.FineGrainedPermissionsV1UsersTest
Base IT (new)	Run tests	2025-04-13T01:12:01.2107864Z [INFO] Running org.keycloak.tests.admin.ImpersonationDisabledTest
Base IT (new)	Run tests	2025-04-13T01:12:01.2116704Z 2025-04-13 01:12:01,189 INFO  [testinfo] (main) ----------------------------------------------------------------
Base IT (new)	Run tests	2025-04-13T01:12:01.2123464Z 2025-04-13 01:12:01,189 INFO  [testinfo] (main)    RUNNING - org.keycloak.tests.admin.ImpersonationDisabledTest
Base IT (new)	Run tests	2025-04-13T01:12:27.1805933Z [INFO] Tests run: 1, Failures: 0, Errors: 0, Skipped: 0, Time elapsed: 25.968 s - in org.keycloak.tests.admin.ImpersonationDisabledTest
Base IT (new)	Run tests	2025-04-13T01:12:27.1835240Z [INFO] Running org.keycloak.tests.admin.ManagementPermissionsTest
Base IT (new)	Run tests	2025-04-13T01:12:27.1836207Z 2025-04-13 01:12:27,159 INFO  [testinfo] (main) ----------------------------------------------------------------
Base IT (new)	Run tests	2025-04-13T01:12:27.1837865Z 2025-04-13 01:12:27,159 INFO  [testinfo] (main)    RUNNING - org.keycloak.tests.admin.ManagementPermissionsTest
Base IT (new)	Run tests	2025-04-13T01:12:53.9919918Z [INFO] Tests run: 4, Failures: 0, Errors: 0, Skipped: 0, Time elapsed: 26.816 s - in org.keycloak.tests.admin.ManagementPermissionsTest
Base IT (new)	Run tests	2025-04-13T01:12:53.9926534Z [INFO] Running org.keycloak.tests.admin.SMTPConnectionVaultTest
Base IT (new)	Run tests	2025-04-13T01:12:53.9932565Z 2025-04-13 01:12:53,977 INFO  [testinfo] (main) ----------------------------------------------------------------
Base IT (new)	Run tests	2025-04-13T01:12:53.9938139Z 2025-04-13 01:12:53,977 INFO  [testinfo] (main)    RUNNING - org.keycloak.tests.admin.SMTPConnectionVaultTest
Base IT (new)	Run tests	2025-04-13T01:12:54.0996118Z 2025-04-13 01:12:54,095 WARN  [org.jboss.resteasy.client.jaxrs.i18n] (Cleaner-0) RESTEASY004687: Closing a class org.jboss.resteasy.client.jaxrs.engines.ManualClosingApacheHttpClient43Engine$CleanupAction instance for you. Please close clients yourself.
Base IT (new)	Run tests	2025-04-13T01:12:54.1003130Z 2025-04-13 01:12:54,098 WARN  [org.jboss.resteasy.client.jaxrs.i18n] (Cleaner-0) RESTEASY004687: Closing a class org.jboss.resteasy.client.jaxrs.engines.ManualClosingApacheHttpClient43Engine$CleanupAction instance for you. Please close clients yourself.
Base IT (new)	Run tests	2025-04-13T01:13:20.9036352Z [INFO] Tests run: 1, Failures: 0, Errors: 0, Skipped: 0, Time elapsed: 26.897 s - in org.keycloak.tests.admin.SMTPConnectionVaultTest
Base IT (new)	Run tests	2025-04-13T01:13:20.9037815Z [INFO] Running org.keycloak.tests.admin.authentication.RequiredActionsTest
Base IT (new)	Run tests	2025-04-13T01:13:20.9038821Z 2025-04-13 01:13:20,876 INFO  [testinfo] (main) ----------------------------------------------------------------
Base IT (new)	Run tests	2025-04-13T01:13:20.9040057Z 2025-04-13 01:13:20,876 INFO  [testinfo] (main)    RUNNING - org.keycloak.tests.admin.authentication.RequiredActionsTest
Base IT (new)	Run tests	2025-04-13T01:13:47.3075735Z [INFO] Tests run: 4, Failures: 0, Errors: 0, Skipped: 0, Time elapsed: 26.414 s - in org.keycloak.tests.admin.authentication.RequiredActionsTest
Base IT (new)	Run tests	2025-04-13T01:13:47.3080931Z [INFO] Running org.keycloak.tests.admin.authz.fgap.FeatureV1EnabledTest
Base IT (new)	Run tests	2025-04-13T01:13:47.3082472Z 2025-04-13 01:13:47,292 INFO  [testinfo] (main) ----------------------------------------------------------------
Base IT (new)	Run tests	2025-04-13T01:13:47.3083940Z 2025-04-13 01:13:47,292 INFO  [testinfo] (main)    RUNNING - org.keycloak.tests.admin.authz.fgap.FeatureV1EnabledTest
Base IT (new)	Run tests	2025-04-13T01:14:14.3241874Z [INFO] Tests run: 1, Failures: 0, Errors: 0, Skipped: 0, Time elapsed: 27.014 s - in org.keycloak.tests.admin.authz.fgap.FeatureV1EnabledTest
Base IT (new)	Run tests	2025-04-13T01:14:14.3253537Z [INFO] Running org.keycloak.tests.admin.client.ClientSearchTest
Base IT (new)	Run tests	2025-04-13T01:14:14.3254871Z 2025-04-13 01:14:14,309 INFO  [testinfo] (main) ----------------------------------------------------------------
Base IT (new)	Run tests	2025-04-13T01:14:14.3261614Z 2025-04-13 01:14:14,309 INFO  [testinfo] (main)    RUNNING - org.keycloak.tests.admin.client.ClientSearchTest
Base IT (new)	Run tests	2025-04-13T01:14:15.2149357Z 2025-04-13 01:14:15,134 WARN  [org.jboss.resteasy.client.jaxrs.i18n] (Cleaner-0) RESTEASY004687: Closing a class org.jboss.resteasy.client.jaxrs.engines.ManualClosingApacheHttpClient43Engine$CleanupAction instance for you. Please close clients yourself.
Base IT (new)	Run tests	2025-04-13T01:14:15.2155325Z 2025-04-13 01:14:15,134 WARN  [org.jboss.resteasy.client.jaxrs.i18n] (Cleaner-0) RESTEASY004687: Closing a class org.jboss.resteasy.client.jaxrs.engines.ManualClosingApacheHttpClient43Engine$CleanupAction instance for you. Please close clients yourself.
Base IT (new)	Run tests	2025-04-13T01:14:15.2159952Z 2025-04-13 01:14:15,134 WARN  [org.jboss.resteasy.client.jaxrs.i18n] (Cleaner-0) RESTEASY004687: Closing a class org.jboss.resteasy.client.jaxrs.engines.ManualClosingApacheHttpClient43Engine$CleanupAction instance for you. Please close clients yourself.
Base IT (new)	Run tests	2025-04-13T01:14:15.2164603Z 2025-04-13 01:14:15,134 WARN  [org.jboss.resteasy.client.jaxrs.i18n] (Cleaner-0) RESTEASY004687: Closing a class org.jboss.resteasy.client.jaxrs.engines.ManualClosingApacheHttpClient43Engine$CleanupAction instance for you. Please close clients yourself.
Base IT (new)	Run tests	2025-04-13T01:14:41.1853735Z [INFO] Tests run: 1, Failures: 0, Errors: 0, Skipped: 0, Time elapsed: 26.857 s - in org.keycloak.tests.admin.client.ClientSearchTest
Base IT (new)	Run tests	2025-04-13T01:14:41.1863284Z [INFO] Running org.keycloak.tests.admin.client.DynamicClientScopeTest
Base IT (new)	Run tests	2025-04-13T01:14:41.1867182Z 2025-04-13 01:14:41,169 INFO  [testinfo] (main) ----------------------------------------------------------------
Base IT (new)	Run tests	2025-04-13T01:14:41.1870649Z 2025-04-13 01:14:41,169 INFO  [testinfo] (main)    RUNNING - org.keycloak.tests.admin.client.DynamicClientScopeTest
Base IT (new)	Run tests	2025-04-13T01:14:46.8873551Z 2025-04-13 01:14:46,861 WARN  [managed.keycloak] (pool-13-thread-1) [org.keycloak.common.Profile] (main) Experimental features enabled: dynamic-scopes:v1
Base IT (new)	Run tests	2025-04-13T01:14:46.8878020Z 2025-04-13 01:14:46,869 WARN  [managed.keycloak] (pool-13-thread-1) [org.keycloak.common.Profile] (main) Experimental features enabled: dynamic-scopes:v1
Base IT (new)	Run tests	2025-04-13T01:14:54.4095219Z 2025-04-13 01:14:54,372 WARN  [managed.keycloak] (pool-13-thread-1) [org.keycloak.common.Profile] (main) Experimental features enabled: dynamic-scopes:v1
Base IT (new)	Run tests	2025-04-13T01:14:54.4098596Z 2025-04-13 01:14:54,372 WARN  [managed.keycloak] (pool-13-thread-1) [org.keycloak.common.Profile] (main) Experimental features enabled: dynamic-scopes:v1
Base IT (new)	Run tests	2025-04-13T01:15:08.3459629Z [INFO] Tests run: 5, Failures: 0, Errors: 0, Skipped: 0, Time elapsed: 27.157 s - in org.keycloak.tests.admin.client.DynamicClientScopeTest
Base IT (new)	Run tests	2025-04-13T01:15:08.3467040Z [INFO] Running org.keycloak.tests.admin.client.InstallationTest
Base IT (new)	Run tests	2025-04-13T01:15:08.3473732Z 2025-04-13 01:15:08,334 INFO  [testinfo] (main) ----------------------------------------------------------------
Base IT (new)	Run tests	2025-04-13T01:15:08.3479273Z 2025-04-13 01:15:08,334 INFO  [testinfo] (main)    RUNNING - org.keycloak.tests.admin.client.InstallationTest
Base IT (new)	Run tests	2025-04-13T01:15:35.5532678Z [INFO] Tests run: 14, Failures: 0, Errors: 0, Skipped: 0, Time elapsed: 27.201 s - in org.keycloak.tests.admin.client.InstallationTest
Base IT (new)	Run tests	2025-04-13T01:15:35.5534050Z [INFO] Running org.keycloak.tests.admin.group.GroupSearchTest
Base IT (new)	Run tests	2025-04-13T01:15:35.5535935Z 2025-04-13 01:15:35,536 INFO  [testinfo] (main) ----------------------------------------------------------------
Base IT (new)	Run tests	2025-04-13T01:15:35.5536940Z 2025-04-13 01:15:35,536 INFO  [testinfo] (main)    RUNNING - org.keycloak.tests.admin.group.GroupSearchTest
Base IT (new)	Run tests	2025-04-13T01:16:01.6141948Z [INFO] Tests run: 5, Failures: 0, Errors: 0, Skipped: 0, Time elapsed: 26.062 s - in org.keycloak.tests.admin.group.GroupSearchTest
Base IT (new)	Run tests	2025-04-13T01:16:01.6143351Z [INFO] Running org.keycloak.tests.admin.metric.PasswordValidationMetricCustomTagsTest
Base IT (new)	Run tests	2025-04-13T01:16:01.6144777Z 2025-04-13 01:16:01,600 INFO  [testinfo] (main) ----------------------------------------------------------------
Base IT (new)	Run tests	2025-04-13T01:16:01.6145974Z 2025-04-13 01:16:01,601 INFO  [testinfo] (main)    RUNNING - org.keycloak.tests.admin.metric.PasswordValidationMetricCustomTagsTest
Base IT (new)	Run tests	2025-04-13T01:16:28.4051314Z [INFO] Tests run: 1, Failures: 0, Errors: 0, Skipped: 0, Time elapsed: 26.783 s - in org.keycloak.tests.admin.metric.PasswordValidationMetricCustomTagsTest
Base IT (new)	Run tests	2025-04-13T01:16:28.4069855Z [INFO] Running org.keycloak.tests.admin.metric.PasswordValidationMetricTest
Base IT (new)	Run tests	2025-04-13T01:16:28.4071832Z 2025-04-13 01:16:28,386 INFO  [testinfo] (main) ----------------------------------------------------------------
Base IT (new)	Run tests	2025-04-13T01:16:28.4073042Z 2025-04-13 01:16:28,386 INFO  [testinfo] (main)    RUNNING - org.keycloak.tests.admin.metric.PasswordValidationMetricTest
Base IT (new)	Run tests	2025-04-13T01:16:55.1863128Z [INFO] Tests run: 1, Failures: 0, Errors: 0, Skipped: 0, Time elapsed: 26.782 s - in org.keycloak.tests.admin.metric.PasswordValidationMetricTest
Base IT (new)	Run tests	2025-04-13T01:16:55.1864618Z [INFO] Running org.keycloak.tests.admin.tracing.TracingTest
Base IT (new)	Run tests	2025-04-13T01:16:55.1865505Z 2025-04-13 01:16:55,171 INFO  [testinfo] (main) ----------------------------------------------------------------
Base IT (new)	Run tests	2025-04-13T01:16:55.1866501Z 2025-04-13 01:16:55,171 INFO  [testinfo] (main)    RUNNING - org.keycloak.tests.admin.tracing.TracingTest
Base IT (new)	Run tests	2025-04-13T01:17:22.1829569Z [INFO] Tests run: 1, Failures: 0, Errors: 0, Skipped: 0, Time elapsed: 26.986 s - in org.keycloak.tests.admin.tracing.TracingTest
Base IT (new)	Run tests	2025-04-13T01:17:22.1835507Z [INFO] Running org.keycloak.tests.infinispan.InfinispanXMLBackwardCompatibilityTest
Base IT (new)	Run tests	2025-04-13T01:17:22.1840097Z 2025-04-13 01:17:22,159 INFO  [testinfo] (main) ----------------------------------------------------------------
Base IT (new)	Run tests	2025-04-13T01:17:22.1844708Z 2025-04-13 01:17:22,159 INFO  [testinfo] (main)    RUNNING - org.keycloak.tests.infinispan.InfinispanXMLBackwardCompatibilityTest
Base IT (new)	Run tests	2025-04-13T01:17:48.6632390Z [INFO] Tests run: 1, Failures: 0, Errors: 0, Skipped: 0, Time elapsed: 26.483 s - in org.keycloak.tests.infinispan.InfinispanXMLBackwardCompatibilityTest
Base IT (new)	Run tests	2025-04-13T01:17:49.0784024Z [INFO] 
Base IT (new)	Run tests	2025-04-13T01:17:49.0784616Z [INFO] Results:
Base IT (new)	Run tests	2025-04-13T01:17:49.0784953Z [INFO] 
Base IT (new)	Run tests	2025-04-13T01:17:49.0785268Z [ERROR] Errors: 
Base IT (new)	Run tests	2025-04-13T01:17:49.0786721Z [ERROR]   AdminRootTest.testNoRedirectWithFrontendUrl:66 » UnknownHost 127.0.0.1.nip.io: Temporary failure in name resolution
Base IT (new)	Run tests	2025-04-13T01:17:49.0788628Z [ERROR]   AdminRootTest.testRedirect:58 » UnknownHost admin.127.0.0.1.nip.io: Temporary failure in name resolution
Base IT (new)	Run tests	2025-04-13T01:17:49.0789699Z [INFO] 
Base IT (new)	Run tests	2025-04-13T01:17:49.0790145Z [ERROR] Tests run: 400, Failures: 0, Errors: 2, Skipped: 0
Base IT (new)	Run tests	2025-04-13T01:17:49.0790679Z [INFO] 
Base IT (new)	Run tests	2025-04-13T01:17:49.0819346Z [INFO] ------------------------------------------------------------------------
Base IT (new)	Run tests	2025-04-13T01:17:49.0820166Z [INFO] Reactor Summary for Keycloak Tests Parent 999.0.0-SNAPSHOT:
Base IT (new)	Run tests	2025-04-13T01:17:49.0820780Z [INFO] 
Base IT (new)	Run tests	2025-04-13T01:17:49.0822634Z [INFO] Keycloak Tests Parent .............................. SUCCESS [  0.667 s]
Base IT (new)	Run tests	2025-04-13T01:17:49.0823589Z [INFO] Keycloak Testsuite Utilities ....................... SUCCESS [  4.314 s]
Base IT (new)	Run tests	2025-04-13T01:17:49.0824762Z [INFO] Keycloak Testsuite Utilities Shared ................ SUCCESS [  0.781 s]
Base IT (new)	Run tests	2025-04-13T01:17:49.0825683Z [INFO] Keycloak Testsuite Custom Providers ................ SUCCESS [  0.125 s]
Base IT (new)	Run tests	2025-04-13T01:17:49.0827303Z [INFO] New Keycloak Base Testsuite ........................ FAILURE [10:21 min]
Base IT (new)	Run tests	2025-04-13T01:17:49.0828144Z [INFO] ------------------------------------------------------------------------
Base IT (new)	Run tests	2025-04-13T01:17:49.0828696Z [INFO] BUILD FAILURE
Base IT (new)	Run tests	2025-04-13T01:17:49.0829172Z [INFO] ------------------------------------------------------------------------
Base IT (new)	Run tests	2025-04-13T01:17:49.0829734Z [INFO] Total time:  10:27 min
Base IT (new)	Run tests	2025-04-13T01:17:49.0830037Z [INFO] Finished at: 2025-04-13T01:17:49Z
Base IT (new)	Run tests	2025-04-13T01:17:49.0830389Z [INFO] ------------------------------------------------------------------------
Base IT (new)	Run tests	2025-04-13T01:17:49.0838877Z [ERROR] Failed to execute goal org.apache.maven.plugins:maven-surefire-plugin:3.0.0-M7:test (default-test) on project keycloak-tests-base: 
Base IT (new)	Run tests	2025-04-13T01:17:49.0839678Z [ERROR] 
Base IT (new)	Run tests	2025-04-13T01:17:49.0840536Z [ERROR] Please refer to /home/runner/work/keycloak/keycloak/tests/base/target/surefire-reports for the individual test results.
Base IT (new)	Run tests	2025-04-13T01:17:49.0841590Z [ERROR] Please refer to dump files (if any exist) [date].dump, [date]-jvmRun[N].dump and [date].dumpstream.
Base IT (new)	Run tests	2025-04-13T01:17:49.0842230Z [ERROR] -> [Help 1]
Base IT (new)	Run tests	2025-04-13T01:17:49.0842677Z [ERROR] 
Base IT (new)	Run tests	2025-04-13T01:17:49.0843228Z [ERROR] To see the full stack trace of the errors, re-run Maven with the -e switch.
Base IT (new)	Run tests	2025-04-13T01:17:49.0844054Z [ERROR] Re-run Maven using the -X switch to enable full debug logging.
Base IT (new)	Run tests	2025-04-13T01:17:49.0844825Z [ERROR] 
Base IT (new)	Run tests	2025-04-13T01:17:49.0845485Z [ERROR] For more information about the errors and possible solutions, please read the following articles:
Base IT (new)	Run tests	2025-04-13T01:17:49.0846142Z [ERROR] [Help 1] http://cwiki.apache.org/confluence/display/MAVEN/MojoFailureException
Base IT (new)	Run tests	2025-04-13T01:17:49.0846542Z [ERROR] 
Base IT (new)	Run tests	2025-04-13T01:17:49.0846856Z [ERROR] After correcting the problems, you can resume the build with the command
Base IT (new)	Run tests	2025-04-13T01:17:49.0847276Z [ERROR]   mvn <args> -rf :keycloak-tests-base
Base IT (new)	Run tests	2025-04-13T01:17:49.1134846Z ##[error]Process completed with exit code 1.
Status Check - Keycloak CI	Run /./.github/actions/status-check	2025-04-13T01:41:07.0692899Z Prepare all required actions
Status Check - Keycloak CI	Run /./.github/actions/status-check	2025-04-13T01:41:07.0757518Z ##[group]Run ./.github/actions/status-check
Status Check - Keycloak CI	Run /./.github/actions/status-check	2025-04-13T01:41:07.0757874Z with:
Status Check - Keycloak CI	Run /./.github/actions/status-check	2025-04-13T01:41:07.0761998Z   jobs: {
Status Check - Keycloak CI	Run /./.github/actions/status-check	  "conditional": {
Status Check - Keycloak CI	Run /./.github/actions/status-check	    "result": "success",
Status Check - Keycloak CI	Run /./.github/actions/status-check	    "outputs": {
Status Check - Keycloak CI	Run /./.github/actions/status-check	      "ci": "true",
Status Check - Keycloak CI	Run /./.github/actions/status-check	      "ci-aurora": "true",
Status Check - Keycloak CI	Run /./.github/actions/status-check	      "ci-quarkus": "true",
Status Check - Keycloak CI	Run /./.github/actions/status-check	      "ci-sssd": "true",
Status Check - Keycloak CI	Run /./.github/actions/status-check	      "ci-store": "true",
Status Check - Keycloak CI	Run /./.github/actions/status-check	      "ci-webauthn": "true"
Status Check - Keycloak CI	Run /./.github/actions/status-check	    }
Status Check - Keycloak CI	Run /./.github/actions/status-check	  },
Status Check - Keycloak CI	Run /./.github/actions/status-check	  "build": {
Status Check - Keycloak CI	Run /./.github/actions/status-check	    "result": "success",
Status Check - Keycloak CI	Run /./.github/actions/status-check	    "outputs": {}
Status Check - Keycloak CI	Run /./.github/actions/status-check	  },
Status Check - Keycloak CI	Run /./.github/actions/status-check	  "unit-tests": {
Status Check - Keycloak CI	Run /./.github/actions/status-check	    "result": "success",
Status Check - Keycloak CI	Run /./.github/actions/status-check	    "outputs": {}
Status Check - Keycloak CI	Run /./.github/actions/status-check	  },
Status Check - Keycloak CI	Run /./.github/actions/status-check	  "base-integration-tests": {
Status Check - Keycloak CI	Run /./.github/actions/status-check	    "result": "success",
Status Check - Keycloak CI	Run /./.github/actions/status-check	    "outputs": {}
Status Check - Keycloak CI	Run /./.github/actions/status-check	  },
Status Check - Keycloak CI	Run /./.github/actions/status-check	  "adapter-integration-tests": {
Status Check - Keycloak CI	Run /./.github/actions/status-check	    "result": "success",
Status Check - Keycloak CI	Run /./.github/actions/status-check	    "outputs": {}
Status Check - Keycloak CI	Run /./.github/actions/status-check	  },
Status Check - Keycloak CI	Run /./.github/actions/status-check	  "adapter-integration-tests-strict-cookies": {
Status Check - Keycloak CI	Run /./.github/actions/status-check	    "result": "success",
Status Check - Keycloak CI	Run /./.github/actions/status-check	    "outputs": {}
Status Check - Keycloak CI	Run /./.github/actions/status-check	  },
Status Check - Keycloak CI	Run /./.github/actions/status-check	  "quarkus-unit-tests": {
Status Check - Keycloak CI	Run /./.github/actions/status-check	    "result": "success",
Status Check - Keycloak CI	Run /./.github/actions/status-check	    "outputs": {}
Status Check - Keycloak CI	Run /./.github/actions/status-check	  },
Status Check - Keycloak CI	Run /./.github/actions/status-check	  "quarkus-integration-tests": {
Status Check - Keycloak CI	Run /./.github/actions/status-check	    "result": "success",
Status Check - Keycloak CI	Run /./.github/actions/status-check	    "outputs": {}
Status Check - Keycloak CI	Run /./.github/actions/status-check	  },
Status Check - Keycloak CI	Run /./.github/actions/status-check	  "jdk-integration-tests": {
Status Check - Keycloak CI	Run /./.github/actions/status-check	    "result": "success",
Status Check - Keycloak CI	Run /./.github/actions/status-check	    "outputs": {}
Status Check - Keycloak CI	Run /./.github/actions/status-check	  },
Status Check - Keycloak CI	Run /./.github/actions/status-check	  "store-integration-tests": {
Status Check - Keycloak CI	Run /./.github/actions/status-check	    "result": "success",
Status Check - Keycloak CI	Run /./.github/actions/status-check	    "outputs": {}
Status Check - Keycloak CI	Run /./.github/actions/status-check	  },
Status Check - Keycloak CI	Run /./.github/actions/status-check	  "volatile-sessions-tests": {
Status Check - Keycloak CI	Run /./.github/actions/status-check	    "result": "success",
Status Check - Keycloak CI	Run /./.github/actions/status-check	    "outputs": {}
Status Check - Keycloak CI	Run /./.github/actions/status-check	  },
Status Check - Keycloak CI	Run /./.github/actions/status-check	  "store-model-tests": {
Status Check - Keycloak CI	Run /./.github/actions/status-check	    "result": "success",
Status Check - Keycloak CI	Run /./.github/actions/status-check	    "outputs": {}
Status Check - Keycloak CI	Run /./.github/actions/status-check	  },
Status Check - Keycloak CI	Run /./.github/actions/status-check	  "clustering-integration-tests": {
Status Check - Keycloak CI	Run /./.github/actions/status-check	    "result": "success",
Status Check - Keycloak CI	Run /./.github/actions/status-check	    "outputs": {}
Status Check - Keycloak CI	Run /./.github/actions/status-check	  },
Status Check - Keycloak CI	Run /./.github/actions/status-check	  "fips-unit-tests": {
Status Check - Keycloak CI	Run /./.github/actions/status-check	    "result": "success",
Status Check - Keycloak CI	Run /./.github/actions/status-check	    "outputs": {}
Status Check - Keycloak CI	Run /./.github/actions/status-check	  },
Status Check - Keycloak CI	Run /./.github/actions/status-check	  "fips-integration-tests": {
Status Check - Keycloak CI	Run /./.github/actions/status-check	    "result": "success",
Status Check - Keycloak CI	Run /./.github/actions/status-check	    "outputs": {}
Status Check - Keycloak CI	Run /./.github/actions/status-check	  },
Status Check - Keycloak CI	Run /./.github/actions/status-check	  "forms-integration-tests": {
Status Check - Keycloak CI	Run /./.github/actions/status-check	    "result": "success",
Status Check - Keycloak CI	Run /./.github/actions/status-check	    "outputs": {}
Status Check - Keycloak CI	Run /./.github/actions/status-check	  },
Status Check - Keycloak CI	Run /./.github/actions/status-check	  "webauthn-integration-tests": {
Status Check - Keycloak CI	Run /./.github/actions/status-check	    "result": "success",
Status Check - Keycloak CI	Run /./.github/actions/status-check	    "outputs": {}
Status Check - Keycloak CI	Run /./.github/actions/status-check	  },
Status Check - Keycloak CI	Run /./.github/actions/status-check	  "sssd-unit-tests": {
Status Check - Keycloak CI	Run /./.github/actions/status-check	    "result": "success",
Status Check - Keycloak CI	Run /./.github/actions/status-check	    "outputs": {}
Status Check - Keycloak CI	Run /./.github/actions/status-check	  },
Status Check - Keycloak CI	Run /./.github/actions/status-check	  "migration-tests": {
Status Check - Keycloak CI	Run /./.github/actions/status-check	    "result": "success",
Status Check - Keycloak CI	Run /./.github/actions/status-check	    "outputs": {}
Status Check - Keycloak CI	Run /./.github/actions/status-check	  },
Status Check - Keycloak CI	Run /./.github/actions/status-check	  "external-infinispan-tests": {
Status Check - Keycloak CI	Run /./.github/actions/status-check	    "result": "success",
Status Check - Keycloak CI	Run /./.github/actions/status-check	    "outputs": {}
Status Check - Keycloak CI	Run /./.github/actions/status-check	  },
Status Check - Keycloak CI	Run /./.github/actions/status-check	  "test-framework": {
Status Check - Keycloak CI	Run /./.github/actions/status-check	    "result": "success",
Status Check - Keycloak CI	Run /./.github/actions/status-check	    "outputs": {}
Status Check - Keycloak CI	Run /./.github/actions/status-check	  },
Status Check - Keycloak CI	Run /./.github/actions/status-check	  "base-new-integration-tests": {
Status Check - Keycloak CI	Run /./.github/actions/status-check	    "result": "failure",
Status Check - Keycloak CI	Run /./.github/actions/status-check	    "outputs": {}
Status Check - Keycloak CI	Run /./.github/actions/status-check	  }
Status Check - Keycloak CI	Run /./.github/actions/status-check	}
Status Check - Keycloak CI	Run /./.github/actions/status-check	2025-04-13T01:41:07.0766787Z env:
Status Check - Keycloak CI	Run /./.github/actions/status-check	2025-04-13T01:41:07.0767121Z   MAVEN_ARGS: -B -nsu -Daether.connector.http.connectionMaxTtl=25
Status Check - Keycloak CI	Run /./.github/actions/status-check	2025-04-13T01:41:07.0767519Z   SUREFIRE_RERUN_FAILING_COUNT: 2
Status Check - Keycloak CI	Run /./.github/actions/status-check	2025-04-13T01:41:07.0767857Z   SUREFIRE_RETRY: -Dsurefire.rerunFailingTestsCount=2
Status Check - Keycloak CI	Run /./.github/actions/status-check	2025-04-13T01:41:07.0768187Z ##[endgroup]
Status Check - Keycloak CI	Run /./.github/actions/status-check	2025-04-13T01:41:07.0860884Z ##[group]Run JOBS='{
Status Check - Keycloak CI	Run /./.github/actions/status-check	2025-04-13T01:41:07.0861276Z [36;1mJOBS='{[0m
Status Check - Keycloak CI	Run /./.github/actions/status-check	2025-04-13T01:41:07.0861520Z [36;1m  "conditional": {[0m
Status Check - Keycloak CI	Run /./.github/actions/status-check	2025-04-13T01:41:07.0861805Z [36;1m    "result": "success",[0m
Status Check - Keycloak CI	Run /./.github/actions/status-check	2025-04-13T01:41:07.0862101Z [36;1m    "outputs": {[0m
Status Check - Keycloak CI	Run /./.github/actions/status-check	2025-04-13T01:41:07.0862367Z [36;1m      "ci": "true",[0m
Status Check - Keycloak CI	Run /./.github/actions/status-check	2025-04-13T01:41:07.0862649Z [36;1m      "ci-aurora": "true",[0m
Status Check - Keycloak CI	Run /./.github/actions/status-check	2025-04-13T01:41:07.0862949Z [36;1m      "ci-quarkus": "true",[0m
Status Check - Keycloak CI	Run /./.github/actions/status-check	2025-04-13T01:41:07.0863239Z [36;1m      "ci-sssd": "true",[0m
Status Check - Keycloak CI	Run /./.github/actions/status-check	2025-04-13T01:41:07.0863518Z [36;1m      "ci-store": "true",[0m
Status Check - Keycloak CI	Run /./.github/actions/status-check	2025-04-13T01:41:07.0863975Z [36;1m      "ci-webauthn": "true"[0m
Status Check - Keycloak CI	Run /./.github/actions/status-check	2025-04-13T01:41:07.0864281Z [36;1m    }[0m
Status Check - Keycloak CI	Run /./.github/actions/status-check	2025-04-13T01:41:07.0864499Z [36;1m  },[0m
Status Check - Keycloak CI	Run /./.github/actions/status-check	2025-04-13T01:41:07.0864724Z [36;1m  "build": {[0m
Status Check - Keycloak CI	Run /./.github/actions/status-check	2025-04-13T01:41:07.0864974Z [36;1m    "result": "success",[0m
Status Check - Keycloak CI	Run /./.github/actions/status-check	2025-04-13T01:41:07.0865252Z [36;1m    "outputs": {}[0m
Status Check - Keycloak CI	Run /./.github/actions/status-check	2025-04-13T01:41:07.0865502Z [36;1m  },[0m
Status Check - Keycloak CI	Run /./.github/actions/status-check	2025-04-13T01:41:07.0865727Z [36;1m  "unit-tests": {[0m
Status Check - Keycloak CI	Run /./.github/actions/status-check	2025-04-13T01:41:07.0865990Z [36;1m    "result": "success",[0m
Status Check - Keycloak CI	Run /./.github/actions/status-check	2025-04-13T01:41:07.0866263Z [36;1m    "outputs": {}[0m
Status Check - Keycloak CI	Run /./.github/actions/status-check	2025-04-13T01:41:07.0866510Z [36;1m  },[0m
Status Check - Keycloak CI	Run /./.github/actions/status-check	2025-04-13T01:41:07.0866758Z [36;1m  "base-integration-tests": {[0m
Status Check - Keycloak CI	Run /./.github/actions/status-check	2025-04-13T01:41:07.0867052Z [36;1m    "result": "success",[0m
Status Check - Keycloak CI	Run /./.github/actions/status-check	2025-04-13T01:41:07.0867324Z [36;1m    "outputs": {}[0m
Status Check - Keycloak CI	Run /./.github/actions/status-check	2025-04-13T01:41:07.0867572Z [36;1m  },[0m
Status Check - Keycloak CI	Run /./.github/actions/status-check	2025-04-13T01:41:07.0867816Z [36;1m  "adapter-integration-tests": {[0m
Status Check - Keycloak CI	Run /./.github/actions/status-check	2025-04-13T01:41:07.0868122Z [36;1m    "result": "success",[0m
Status Check - Keycloak CI	Run /./.github/actions/status-check	2025-04-13T01:41:07.0868384Z [36;1m    "outputs": {}[0m
Status Check - Keycloak CI	Run /./.github/actions/status-check	2025-04-13T01:41:07.0868626Z [36;1m  },[0m
Status Check - Keycloak CI	Run /./.github/actions/status-check	2025-04-13T01:41:07.0868947Z [36;1m  "adapter-integration-tests-strict-cookies": {[0m
Status Check - Keycloak CI	Run /./.github/actions/status-check	2025-04-13T01:41:07.0869534Z [36;1m    "result": "success",[0m
Status Check - Keycloak CI	Run /./.github/actions/status-check	2025-04-13T01:41:07.0869806Z [36;1m    "outputs": {}[0m
Status Check - Keycloak CI	Run /./.github/actions/status-check	2025-04-13T01:41:07.0870045Z [36;1m  },[0m
Status Check - Keycloak CI	Run /./.github/actions/status-check	2025-04-13T01:41:07.0870279Z [36;1m  "quarkus-unit-tests": {[0m
Status Check - Keycloak CI	Run /./.github/actions/status-check	2025-04-13T01:41:07.0870592Z [36;1m    "result": "success",[0m
Status Check - Keycloak CI	Run /./.github/actions/status-check	2025-04-13T01:41:07.0870859Z [36;1m    "outputs": {}[0m
Status Check - Keycloak CI	Run /./.github/actions/status-check	2025-04-13T01:41:07.0871104Z [36;1m  },[0m
Status Check - Keycloak CI	Run /./.github/actions/status-check	2025-04-13T01:41:07.0871342Z [36;1m  "quarkus-integration-tests": {[0m
Status Check - Keycloak CI	Run /./.github/actions/status-check	2025-04-13T01:41:07.0871647Z [36;1m    "result": "success",[0m
Status Check - Keycloak CI	Run /./.github/actions/status-check	2025-04-13T01:41:07.0871916Z [36;1m    "outputs": {}[0m
Status Check - Keycloak CI	Run /./.github/actions/status-check	2025-04-13T01:41:07.0872159Z [36;1m  },[0m
Status Check - Keycloak CI	Run /./.github/actions/status-check	2025-04-13T01:41:07.0872393Z [36;1m  "jdk-integration-tests": {[0m
Status Check - Keycloak CI	Run /./.github/actions/status-check	2025-04-13T01:41:07.0872683Z [36;1m    "result": "success",[0m
Status Check - Keycloak CI	Run /./.github/actions/status-check	2025-04-13T01:41:07.0872948Z [36;1m    "outputs": {}[0m
Status Check - Keycloak CI	Run /./.github/actions/status-check	2025-04-13T01:41:07.0873190Z [36;1m  },[0m
Status Check - Keycloak CI	Run /./.github/actions/status-check	2025-04-13T01:41:07.0873428Z [36;1m  "store-integration-tests": {[0m
Status Check - Keycloak CI	Run /./.github/actions/status-check	2025-04-13T01:41:07.0873982Z [36;1m    "result": "success",[0m
Status Check - Keycloak CI	Run /./.github/actions/status-check	2025-04-13T01:41:07.0874254Z [36;1m    "outputs": {}[0m
Status Check - Keycloak CI	Run /./.github/actions/status-check	2025-04-13T01:41:07.0874497Z [36;1m  },[0m
Status Check - Keycloak CI	Run /./.github/actions/status-check	2025-04-13T01:41:07.0874736Z [36;1m  "volatile-sessions-tests": {[0m
Status Check - Keycloak CI	Run /./.github/actions/status-check	2025-04-13T01:41:07.0875035Z [36;1m    "result": "success",[0m
Status Check - Keycloak CI	Run /./.github/actions/status-check	2025-04-13T01:41:07.0875367Z [36;1m    "outputs": {}[0m
Status Check - Keycloak CI	Run /./.github/actions/status-check	2025-04-13T01:41:07.0875613Z [36;1m  },[0m
Status Check - Keycloak CI	Run /./.github/actions/status-check	2025-04-13T01:41:07.0875838Z [36;1m  "store-model-tests": {[0m
Status Check - Keycloak CI	Run /./.github/actions/status-check	2025-04-13T01:41:07.0876108Z [36;1m    "result": "success",[0m
Status Check - Keycloak CI	Run /./.github/actions/status-check	2025-04-13T01:41:07.0876374Z [36;1m    "outputs": {}[0m
Status Check - Keycloak CI	Run /./.github/actions/status-check	2025-04-13T01:41:07.0876616Z [36;1m  },[0m
Status Check - Keycloak CI	Run /./.github/actions/status-check	2025-04-13T01:41:07.0876867Z [36;1m  "clustering-integration-tests": {[0m
Status Check - Keycloak CI	Run /./.github/actions/status-check	2025-04-13T01:41:07.0877179Z [36;1m    "result": "success",[0m
Status Check - Keycloak CI	Run /./.github/actions/status-check	2025-04-13T01:41:07.0877446Z [36;1m    "outputs": {}[0m
Status Check - Keycloak CI	Run /./.github/actions/status-check	2025-04-13T01:41:07.0877691Z [36;1m  },[0m
Status Check - Keycloak CI	Run /./.github/actions/status-check	2025-04-13T01:41:07.0877919Z [36;1m  "fips-unit-tests": {[0m
Status Check - Keycloak CI	Run /./.github/actions/status-check	2025-04-13T01:41:07.0878196Z [36;1m    "result": "success",[0m
Status Check - Keycloak CI	Run /./.github/actions/status-check	2025-04-13T01:41:07.0878480Z [36;1m    "outputs": {}[0m
Status Check - Keycloak CI	Run /./.github/actions/status-check	2025-04-13T01:41:07.0878724Z [36;1m  },[0m
Status Check - Keycloak CI	Run /./.github/actions/status-check	2025-04-13T01:41:07.0878962Z [36;1m  "fips-integration-tests": {[0m
Status Check - Keycloak CI	Run /./.github/actions/status-check	2025-04-13T01:41:07.0879250Z [36;1m    "result": "success",[0m
Status Check - Keycloak CI	Run /./.github/actions/status-check	2025-04-13T01:41:07.0879512Z [36;1m    "outputs": {}[0m
Status Check - Keycloak CI	Run /./.github/actions/status-check	2025-04-13T01:41:07.0879754Z [36;1m  },[0m
Status Check - Keycloak CI	Run /./.github/actions/status-check	2025-04-13T01:41:07.0879981Z [36;1m  "forms-integration-tests": {[0m
Status Check - Keycloak CI	Run /./.github/actions/status-check	2025-04-13T01:41:07.0880275Z [36;1m    "result": "success",[0m
Status Check - Keycloak CI	Run /./.github/actions/status-check	2025-04-13T01:41:07.0880544Z [36;1m    "outputs": {}[0m
Status Check - Keycloak CI	Run /./.github/actions/status-check	2025-04-13T01:41:07.0880792Z [36;1m  },[0m
Status Check - Keycloak CI	Run /./.github/actions/status-check	2025-04-13T01:41:07.0881033Z [36;1m  "webauthn-integration-tests": {[0m
Status Check - Keycloak CI	Run /./.github/actions/status-check	2025-04-13T01:41:07.0881331Z [36;1m    "result": "success",[0m
Status Check - Keycloak CI	Run /./.github/actions/status-check	2025-04-13T01:41:07.0881593Z [36;1m    "outputs": {}[0m
Status Check - Keycloak CI	Run /./.github/actions/status-check	2025-04-13T01:41:07.0881829Z [36;1m  },[0m
Status Check - Keycloak CI	Run /./.github/actions/status-check	2025-04-13T01:41:07.0882051Z [36;1m  "sssd-unit-tests": {[0m
Status Check - Keycloak CI	Run /./.github/actions/status-check	2025-04-13T01:41:07.0882321Z [36;1m    "result": "success",[0m
Status Check - Keycloak CI	Run /./.github/actions/status-check	2025-04-13T01:41:07.0882578Z [36;1m    "outputs": {}[0m
Status Check - Keycloak CI	Run /./.github/actions/status-check	2025-04-13T01:41:07.0882827Z [36;1m  },[0m
Status Check - Keycloak CI	Run /./.github/actions/status-check	2025-04-13T01:41:07.0883056Z [36;1m  "migration-tests": {[0m
Status Check - Keycloak CI	Run /./.github/actions/status-check	2025-04-13T01:41:07.0883327Z [36;1m    "result": "success",[0m
Status Check - Keycloak CI	Run /./.github/actions/status-check	2025-04-13T01:41:07.0883588Z [36;1m    "outputs": {}[0m
Status Check - Keycloak CI	Run /./.github/actions/status-check	2025-04-13T01:41:07.0883923Z [36;1m  },[0m
Status Check - Keycloak CI	Run /./.github/actions/status-check	2025-04-13T01:41:07.0884170Z [36;1m  "external-infinispan-tests": {[0m
Status Check - Keycloak CI	Run /./.github/actions/status-check	2025-04-13T01:41:07.0884471Z [36;1m    "result": "success",[0m
Status Check - Keycloak CI	Run /./.github/actions/status-check	2025-04-13T01:41:07.0884737Z [36;1m    "outputs": {}[0m
Status Check - Keycloak CI	Run /./.github/actions/status-check	2025-04-13T01:41:07.0884975Z [36;1m  },[0m
Status Check - Keycloak CI	Run /./.github/actions/status-check	2025-04-13T01:41:07.0885193Z [36;1m  "test-framework": {[0m
Status Check - Keycloak CI	Run /./.github/actions/status-check	2025-04-13T01:41:07.0885468Z [36;1m    "result": "success",[0m
Status Check - Keycloak CI	Run /./.github/actions/status-check	2025-04-13T01:41:07.0885732Z [36;1m    "outputs": {}[0m
Status Check - Keycloak CI	Run /./.github/actions/status-check	2025-04-13T01:41:07.0885974Z [36;1m  },[0m
Status Check - Keycloak CI	Run /./.github/actions/status-check	2025-04-13T01:41:07.0965018Z [36;1m  "base-new-integration-tests": {[0m
Status Check - Keycloak CI	Run /./.github/actions/status-check	2025-04-13T01:41:07.0965749Z [36;1m    "result": "failure",[0m
Status Check - Keycloak CI	Run /./.github/actions/status-check	2025-04-13T01:41:07.0966328Z [36;1m    "outputs": {}[0m
Status Check - Keycloak CI	Run /./.github/actions/status-check	2025-04-13T01:41:07.0966826Z [36;1m  }[0m
Status Check - Keycloak CI	Run /./.github/actions/status-check	2025-04-13T01:41:07.0967276Z [36;1m}'[0m
Status Check - Keycloak CI	Run /./.github/actions/status-check	2025-04-13T01:41:07.0967748Z [36;1m[0m
Status Check - Keycloak CI	Run /./.github/actions/status-check	2025-04-13T01:41:07.0968119Z [36;1mecho "Job status:"[0m
Status Check - Keycloak CI	Run /./.github/actions/status-check	2025-04-13T01:41:07.0969060Z [36;1mecho $JOBS | jq -r 'to_entries[] | " - \(.key): \(.value.result)"'[0m
Status Check - Keycloak CI	Run /./.github/actions/status-check	2025-04-13T01:41:07.0969758Z [36;1m[0m
Status Check - Keycloak CI	Run /./.github/actions/status-check	2025-04-13T01:41:07.0970352Z [36;1mfor i in $(echo $JOBS | jq -r 'to_entries[] | .value.result'); do[0m
Status Check - Keycloak CI	Run /./.github/actions/status-check	2025-04-13T01:41:07.0971108Z [36;1m  if [ "$i" != "success" ] && [ "$i" != "skipped" ]; then[0m
Status Check - Keycloak CI	Run /./.github/actions/status-check	2025-04-13T01:41:07.0971719Z [36;1m    echo ""[0m
Status Check - Keycloak CI	Run /./.github/actions/status-check	2025-04-13T01:41:07.0972194Z [36;1m    echo "Status check not okay!"[0m
Status Check - Keycloak CI	Run /./.github/actions/status-check	2025-04-13T01:41:07.0972716Z [36;1m    exit 1[0m
Status Check - Keycloak CI	Run /./.github/actions/status-check	2025-04-13T01:41:07.0973119Z [36;1m  fi[0m
Status Check - Keycloak CI	Run /./.github/actions/status-check	2025-04-13T01:41:07.0973490Z [36;1mdone[0m
Status Check - Keycloak CI	Run /./.github/actions/status-check	2025-04-13T01:41:07.1027538Z shell: /usr/bin/bash --noprofile --norc -e -o pipefail {0}
Status Check - Keycloak CI	Run /./.github/actions/status-check	2025-04-13T01:41:07.1027954Z env:
Status Check - Keycloak CI	Run /./.github/actions/status-check	2025-04-13T01:41:07.1028269Z   MAVEN_ARGS: -B -nsu -Daether.connector.http.connectionMaxTtl=25
Status Check - Keycloak CI	Run /./.github/actions/status-check	2025-04-13T01:41:07.1028671Z   SUREFIRE_RERUN_FAILING_COUNT: 2
Status Check - Keycloak CI	Run /./.github/actions/status-check	2025-04-13T01:41:07.1029010Z   SUREFIRE_RETRY: -Dsurefire.rerunFailingTestsCount=2
Status Check - Keycloak CI	Run /./.github/actions/status-check	2025-04-13T01:41:07.1029560Z ##[endgroup]
Status Check - Keycloak CI	Run /./.github/actions/status-check	2025-04-13T01:41:07.1114469Z Job status:
Status Check - Keycloak CI	Run /./.github/actions/status-check	2025-04-13T01:41:07.1149929Z  - conditional: success
Status Check - Keycloak CI	Run /./.github/actions/status-check	2025-04-13T01:41:07.1150424Z  - build: success
Status Check - Keycloak CI	Run /./.github/actions/status-check	2025-04-13T01:41:07.1150786Z  - unit-tests: success
Status Check - Keycloak CI	Run /./.github/actions/status-check	2025-04-13T01:41:07.1151069Z  - base-integration-tests: success
Status Check - Keycloak CI	Run /./.github/actions/status-check	2025-04-13T01:41:07.1151400Z  - adapter-integration-tests: success
Status Check - Keycloak CI	Run /./.github/actions/status-check	2025-04-13T01:41:07.1151784Z  - adapter-integration-tests-strict-cookies: success
Status Check - Keycloak CI	Run /./.github/actions/status-check	2025-04-13T01:41:07.1152158Z  - quarkus-unit-tests: success
Status Check - Keycloak CI	Run /./.github/actions/status-check	2025-04-13T01:41:07.1152467Z  - quarkus-integration-tests: success
Status Check - Keycloak CI	Run /./.github/actions/status-check	2025-04-13T01:41:07.1152783Z  - jdk-integration-tests: success
Status Check - Keycloak CI	Run /./.github/actions/status-check	2025-04-13T01:41:07.1153091Z  - store-integration-tests: success
Status Check - Keycloak CI	Run /./.github/actions/status-check	2025-04-13T01:41:07.1153403Z  - volatile-sessions-tests: success
Status Check - Keycloak CI	Run /./.github/actions/status-check	2025-04-13T01:41:07.1153699Z  - store-model-tests: success
Status Check - Keycloak CI	Run /./.github/actions/status-check	2025-04-13T01:41:07.1154181Z  - clustering-integration-tests: success
Status Check - Keycloak CI	Run /./.github/actions/status-check	2025-04-13T01:41:07.1154498Z  - fips-unit-tests: success
Status Check - Keycloak CI	Run /./.github/actions/status-check	2025-04-13T01:41:07.1154802Z  - fips-integration-tests: success
Status Check - Keycloak CI	Run /./.github/actions/status-check	2025-04-13T01:41:07.1155119Z  - forms-integration-tests: success
Status Check - Keycloak CI	Run /./.github/actions/status-check	2025-04-13T01:41:07.1155435Z  - webauthn-integration-tests: success
Status Check - Keycloak CI	Run /./.github/actions/status-check	2025-04-13T01:41:07.1155734Z  - sssd-unit-tests: success
Status Check - Keycloak CI	Run /./.github/actions/status-check	2025-04-13T01:41:07.1155997Z  - migration-tests: success
Status Check - Keycloak CI	Run /./.github/actions/status-check	2025-04-13T01:41:07.1156294Z  - external-infinispan-tests: success
Status Check - Keycloak CI	Run /./.github/actions/status-check	2025-04-13T01:41:07.1156667Z  - test-framework: success
Status Check - Keycloak CI	Run /./.github/actions/status-check	2025-04-13T01:41:07.1157167Z  - base-new-integration-tests: failure
Status Check - Keycloak CI	Run /./.github/actions/status-check	2025-04-13T01:41:07.1185441Z 
Status Check - Keycloak CI	Run /./.github/actions/status-check	2025-04-13T01:41:07.1185725Z Status check not okay!
Status Check - Keycloak CI	Run /./.github/actions/status-check	2025-04-13T01:41:07.1198773Z ##[error]Process completed with exit code 1.
