Admin UI E2E (chrome)	Upload Playwright report	2025-03-16T00:56:25.5725624Z ##[group]Run actions/upload-artifact@v4
Admin UI E2E (chrome)	Upload Playwright report	2025-03-16T00:56:25.5725907Z with:
Admin UI E2E (chrome)	Upload Playwright report	2025-03-16T00:56:25.5727134Z   name: admin-ui-playwright-report
Admin UI E2E (chrome)	Upload Playwright report	2025-03-16T00:56:25.5727435Z   path: js/apps/admin-ui/playwright-report
Admin UI E2E (chrome)	Upload Playwright report	2025-03-16T00:56:25.5727709Z   retention-days: 30
Admin UI E2E (chrome)	Upload Playwright report	2025-03-16T00:56:25.5727912Z   if-no-files-found: warn
Admin UI E2E (chrome)	Upload Playwright report	2025-03-16T00:56:25.5728122Z   compression-level: 6
Admin UI E2E (chrome)	Upload Playwright report	2025-03-16T00:56:25.5728311Z   overwrite: false
Admin UI E2E (chrome)	Upload Playwright report	2025-03-16T00:56:25.5728503Z   include-hidden-files: false
Admin UI E2E (chrome)	Upload Playwright report	2025-03-16T00:56:25.5728712Z env:
Admin UI E2E (chrome)	Upload Playwright report	2025-03-16T00:56:25.5728976Z   MAVEN_ARGS: -B -nsu -Daether.connector.http.connectionMaxTtl=25
Admin UI E2E (chrome)	Upload Playwright report	2025-03-16T00:56:25.5729300Z   RETRY_COUNT: 3
Admin UI E2E (chrome)	Upload Playwright report	2025-03-16T00:56:25.5729488Z   WORKSPACE: keycloak-admin-ui
Admin UI E2E (chrome)	Upload Playwright report	2025-03-16T00:56:25.5729816Z   JAVA_HOME: /opt/hostedtoolcache/Java_Temurin-Hotspot_jdk/21.0.6-7/x64
Admin UI E2E (chrome)	Upload Playwright report	2025-03-16T00:56:25.5730252Z   JAVA_HOME_21_X64: /opt/hostedtoolcache/Java_Temurin-Hotspot_jdk/21.0.6-7/x64
Admin UI E2E (chrome)	Upload Playwright report	2025-03-16T00:56:25.5730580Z ##[endgroup]
Admin UI E2E (chrome)	Upload Playwright report	2025-03-16T00:56:25.7974658Z With the provided path, there will be 26 files uploaded
Admin UI E2E (chrome)	Upload Playwright report	2025-03-16T00:56:25.7979462Z Artifact name is valid!
Admin UI E2E (chrome)	Upload Playwright report	2025-03-16T00:56:25.7980406Z Root directory input is valid!
Admin UI E2E (chrome)	Upload Playwright report	2025-03-16T00:56:25.9148424Z ##[error]Failed to CreateArtifact: Received non-retryable error: Failed request: (409) Conflict: an artifact with this name already exists on the workflow run
Status Check - Keycloak JavaScript CI	Run /./.github/actions/status-check	2025-03-16T00:56:39.8348869Z Prepare all required actions
Status Check - Keycloak JavaScript CI	Run /./.github/actions/status-check	2025-03-16T00:56:39.8413945Z ##[group]Run ./.github/actions/status-check
Status Check - Keycloak JavaScript CI	Run /./.github/actions/status-check	2025-03-16T00:56:39.8414315Z with:
Status Check - Keycloak JavaScript CI	Run /./.github/actions/status-check	2025-03-16T00:56:39.8415496Z   jobs: {
Status Check - Keycloak JavaScript CI	Run /./.github/actions/status-check	  "conditional": {
Status Check - Keycloak JavaScript CI	Run /./.github/actions/status-check	    "result": "success",
Status Check - Keycloak JavaScript CI	Run /./.github/actions/status-check	    "outputs": {
Status Check - Keycloak JavaScript CI	Run /./.github/actions/status-check	      "js-ci": "true"
Status Check - Keycloak JavaScript CI	Run /./.github/actions/status-check	    }
Status Check - Keycloak JavaScript CI	Run /./.github/actions/status-check	  },
Status Check - Keycloak JavaScript CI	Run /./.github/actions/status-check	  "build-keycloak": {
Status Check - Keycloak JavaScript CI	Run /./.github/actions/status-check	    "result": "success",
Status Check - Keycloak JavaScript CI	Run /./.github/actions/status-check	    "outputs": {}
Status Check - Keycloak JavaScript CI	Run /./.github/actions/status-check	  },
Status Check - Keycloak JavaScript CI	Run /./.github/actions/status-check	  "admin-client": {
Status Check - Keycloak JavaScript CI	Run /./.github/actions/status-check	    "result": "success",
Status Check - Keycloak JavaScript CI	Run /./.github/actions/status-check	    "outputs": {}
Status Check - Keycloak JavaScript CI	Run /./.github/actions/status-check	  },
Status Check - Keycloak JavaScript CI	Run /./.github/actions/status-check	  "ui-shared": {
Status Check - Keycloak JavaScript CI	Run /./.github/actions/status-check	    "result": "success",
Status Check - Keycloak JavaScript CI	Run /./.github/actions/status-check	    "outputs": {}
Status Check - Keycloak JavaScript CI	Run /./.github/actions/status-check	  },
Status Check - Keycloak JavaScript CI	Run /./.github/actions/status-check	  "account-ui": {
Status Check - Keycloak JavaScript CI	Run /./.github/actions/status-check	    "result": "success",
Status Check - Keycloak JavaScript CI	Run /./.github/actions/status-check	    "outputs": {}
Status Check - Keycloak JavaScript CI	Run /./.github/actions/status-check	  },
Status Check - Keycloak JavaScript CI	Run /./.github/actions/status-check	  "account-ui-e2e": {
Status Check - Keycloak JavaScript CI	Run /./.github/actions/status-check	    "result": "success",
Status Check - Keycloak JavaScript CI	Run /./.github/actions/status-check	    "outputs": {}
Status Check - Keycloak JavaScript CI	Run /./.github/actions/status-check	  },
Status Check - Keycloak JavaScript CI	Run /./.github/actions/status-check	  "admin-ui": {
Status Check - Keycloak JavaScript CI	Run /./.github/actions/status-check	    "result": "success",
Status Check - Keycloak JavaScript CI	Run /./.github/actions/status-check	    "outputs": {}
Status Check - Keycloak JavaScript CI	Run /./.github/actions/status-check	  },
Status Check - Keycloak JavaScript CI	Run /./.github/actions/status-check	  "admin-ui-e2e": {
Status Check - Keycloak JavaScript CI	Run /./.github/actions/status-check	    "result": "failure",
Status Check - Keycloak JavaScript CI	Run /./.github/actions/status-check	    "outputs": {}
Status Check - Keycloak JavaScript CI	Run /./.github/actions/status-check	  }
Status Check - Keycloak JavaScript CI	Run /./.github/actions/status-check	}
Status Check - Keycloak JavaScript CI	Run /./.github/actions/status-check	2025-03-16T00:56:39.8417014Z env:
Status Check - Keycloak JavaScript CI	Run /./.github/actions/status-check	2025-03-16T00:56:39.8417339Z   MAVEN_ARGS: -B -nsu -Daether.connector.http.connectionMaxTtl=25
Status Check - Keycloak JavaScript CI	Run /./.github/actions/status-check	2025-03-16T00:56:39.8417711Z   RETRY_COUNT: 3
Status Check - Keycloak JavaScript CI	Run /./.github/actions/status-check	2025-03-16T00:56:39.8417935Z ##[endgroup]
Status Check - Keycloak JavaScript CI	Run /./.github/actions/status-check	2025-03-16T00:56:39.8511977Z ##[group]Run JOBS='{
Status Check - Keycloak JavaScript CI	Run /./.github/actions/status-check	2025-03-16T00:56:39.8512387Z [36;1mJOBS='{[0m
Status Check - Keycloak JavaScript CI	Run /./.github/actions/status-check	2025-03-16T00:56:39.8512635Z [36;1m  "conditional": {[0m
Status Check - Keycloak JavaScript CI	Run /./.github/actions/status-check	2025-03-16T00:56:39.8512912Z [36;1m    "result": "success",[0m
Status Check - Keycloak JavaScript CI	Run /./.github/actions/status-check	2025-03-16T00:56:39.8513197Z [36;1m    "outputs": {[0m
Status Check - Keycloak JavaScript CI	Run /./.github/actions/status-check	2025-03-16T00:56:39.8513456Z [36;1m      "js-ci": "true"[0m
Status Check - Keycloak JavaScript CI	Run /./.github/actions/status-check	2025-03-16T00:56:39.8513709Z [36;1m    }[0m
Status Check - Keycloak JavaScript CI	Run /./.github/actions/status-check	2025-03-16T00:56:39.8513945Z [36;1m  },[0m
Status Check - Keycloak JavaScript CI	Run /./.github/actions/status-check	2025-03-16T00:56:39.8514196Z [36;1m  "build-keycloak": {[0m
Status Check - Keycloak JavaScript CI	Run /./.github/actions/status-check	2025-03-16T00:56:39.8514465Z [36;1m    "result": "success",[0m
Status Check - Keycloak JavaScript CI	Run /./.github/actions/status-check	2025-03-16T00:56:39.8514743Z [36;1m    "outputs": {}[0m
Status Check - Keycloak JavaScript CI	Run /./.github/actions/status-check	2025-03-16T00:56:39.8514989Z [36;1m  },[0m
Status Check - Keycloak JavaScript CI	Run /./.github/actions/status-check	2025-03-16T00:56:39.8515222Z [36;1m  "admin-client": {[0m
Status Check - Keycloak JavaScript CI	Run /./.github/actions/status-check	2025-03-16T00:56:39.8515487Z [36;1m    "result": "success",[0m
Status Check - Keycloak JavaScript CI	Run /./.github/actions/status-check	2025-03-16T00:56:39.8515773Z [36;1m    "outputs": {}[0m
Status Check - Keycloak JavaScript CI	Run /./.github/actions/status-check	2025-03-16T00:56:39.8516025Z [36;1m  },[0m
Status Check - Keycloak JavaScript CI	Run /./.github/actions/status-check	2025-03-16T00:56:39.8516251Z [36;1m  "ui-shared": {[0m
Status Check - Keycloak JavaScript CI	Run /./.github/actions/status-check	2025-03-16T00:56:39.8516510Z [36;1m    "result": "success",[0m
Status Check - Keycloak JavaScript CI	Run /./.github/actions/status-check	2025-03-16T00:56:39.8516783Z [36;1m    "outputs": {}[0m
Status Check - Keycloak JavaScript CI	Run /./.github/actions/status-check	2025-03-16T00:56:39.8517025Z [36;1m  },[0m
Status Check - Keycloak JavaScript CI	Run /./.github/actions/status-check	2025-03-16T00:56:39.8517247Z [36;1m  "account-ui": {[0m
Status Check - Keycloak JavaScript CI	Run /./.github/actions/status-check	2025-03-16T00:56:39.8517503Z [36;1m    "result": "success",[0m
Status Check - Keycloak JavaScript CI	Run /./.github/actions/status-check	2025-03-16T00:56:39.8517776Z [36;1m    "outputs": {}[0m
Status Check - Keycloak JavaScript CI	Run /./.github/actions/status-check	2025-03-16T00:56:39.8518010Z [36;1m  },[0m
Status Check - Keycloak JavaScript CI	Run /./.github/actions/status-check	2025-03-16T00:56:39.8518224Z [36;1m  "account-ui-e2e": {[0m
Status Check - Keycloak JavaScript CI	Run /./.github/actions/status-check	2025-03-16T00:56:39.8518493Z [36;1m    "result": "success",[0m
Status Check - Keycloak JavaScript CI	Run /./.github/actions/status-check	2025-03-16T00:56:39.8518761Z [36;1m    "outputs": {}[0m
Status Check - Keycloak JavaScript CI	Run /./.github/actions/status-check	2025-03-16T00:56:39.8519001Z [36;1m  },[0m
Status Check - Keycloak JavaScript CI	Run /./.github/actions/status-check	2025-03-16T00:56:39.8519217Z [36;1m  "admin-ui": {[0m
Status Check - Keycloak JavaScript CI	Run /./.github/actions/status-check	2025-03-16T00:56:39.8519466Z [36;1m    "result": "success",[0m
Status Check - Keycloak JavaScript CI	Run /./.github/actions/status-check	2025-03-16T00:56:39.8519734Z [36;1m    "outputs": {}[0m
Status Check - Keycloak JavaScript CI	Run /./.github/actions/status-check	2025-03-16T00:56:39.8519973Z [36;1m  },[0m
Status Check - Keycloak JavaScript CI	Run /./.github/actions/status-check	2025-03-16T00:56:39.8520200Z [36;1m  "admin-ui-e2e": {[0m
Status Check - Keycloak JavaScript CI	Run /./.github/actions/status-check	2025-03-16T00:56:39.8520463Z [36;1m    "result": "failure",[0m
Status Check - Keycloak JavaScript CI	Run /./.github/actions/status-check	2025-03-16T00:56:39.8520720Z [36;1m    "outputs": {}[0m
Status Check - Keycloak JavaScript CI	Run /./.github/actions/status-check	2025-03-16T00:56:39.8521080Z [36;1m  }[0m
Status Check - Keycloak JavaScript CI	Run /./.github/actions/status-check	2025-03-16T00:56:39.8521290Z [36;1m}'[0m
Status Check - Keycloak JavaScript CI	Run /./.github/actions/status-check	2025-03-16T00:56:39.8521497Z [36;1m[0m
Status Check - Keycloak JavaScript CI	Run /./.github/actions/status-check	2025-03-16T00:56:39.8521719Z [36;1mecho "Job status:"[0m
Status Check - Keycloak JavaScript CI	Run /./.github/actions/status-check	2025-03-16T00:56:39.8522095Z [36;1mecho $JOBS | jq -r 'to_entries[] | " - \(.key): \(.value.result)"'[0m
Status Check - Keycloak JavaScript CI	Run /./.github/actions/status-check	2025-03-16T00:56:39.8522459Z [36;1m[0m
Status Check - Keycloak JavaScript CI	Run /./.github/actions/status-check	2025-03-16T00:56:39.8522752Z [36;1mfor i in $(echo $JOBS | jq -r 'to_entries[] | .value.result'); do[0m
Status Check - Keycloak JavaScript CI	Run /./.github/actions/status-check	2025-03-16T00:56:39.8523176Z [36;1m  if [ "$i" != "success" ] && [ "$i" != "skipped" ]; then[0m
Status Check - Keycloak JavaScript CI	Run /./.github/actions/status-check	2025-03-16T00:56:39.8523550Z [36;1m    echo ""[0m
Status Check - Keycloak JavaScript CI	Run /./.github/actions/status-check	2025-03-16T00:56:39.8523805Z [36;1m    echo "Status check not okay!"[0m
Status Check - Keycloak JavaScript CI	Run /./.github/actions/status-check	2025-03-16T00:56:39.8524083Z [36;1m    exit 1[0m
Status Check - Keycloak JavaScript CI	Run /./.github/actions/status-check	2025-03-16T00:56:39.8524307Z [36;1m  fi[0m
Status Check - Keycloak JavaScript CI	Run /./.github/actions/status-check	2025-03-16T00:56:39.8524515Z [36;1mdone[0m
Status Check - Keycloak JavaScript CI	Run /./.github/actions/status-check	2025-03-16T00:56:39.8575699Z shell: /usr/bin/bash --noprofile --norc -e -o pipefail {0}
Status Check - Keycloak JavaScript CI	Run /./.github/actions/status-check	2025-03-16T00:56:39.8576130Z env:
Status Check - Keycloak JavaScript CI	Run /./.github/actions/status-check	2025-03-16T00:56:39.8576458Z   MAVEN_ARGS: -B -nsu -Daether.connector.http.connectionMaxTtl=25
Status Check - Keycloak JavaScript CI	Run /./.github/actions/status-check	2025-03-16T00:56:39.8576851Z   RETRY_COUNT: 3
Status Check - Keycloak JavaScript CI	Run /./.github/actions/status-check	2025-03-16T00:56:39.8577082Z ##[endgroup]
Status Check - Keycloak JavaScript CI	Run /./.github/actions/status-check	2025-03-16T00:56:39.8663169Z Job status:
Status Check - Keycloak JavaScript CI	Run /./.github/actions/status-check	2025-03-16T00:56:39.9022460Z  - conditional: success
Status Check - Keycloak JavaScript CI	Run /./.github/actions/status-check	2025-03-16T00:56:39.9022988Z  - build-keycloak: success
Status Check - Keycloak JavaScript CI	Run /./.github/actions/status-check	2025-03-16T00:56:39.9023375Z  - admin-client: success
Status Check - Keycloak JavaScript CI	Run /./.github/actions/status-check	2025-03-16T00:56:39.9023729Z  - ui-shared: success
Status Check - Keycloak JavaScript CI	Run /./.github/actions/status-check	2025-03-16T00:56:39.9024058Z  - account-ui: success
Status Check - Keycloak JavaScript CI	Run /./.github/actions/status-check	2025-03-16T00:56:39.9024403Z  - account-ui-e2e: success
Status Check - Keycloak JavaScript CI	Run /./.github/actions/status-check	2025-03-16T00:56:39.9024681Z  - admin-ui: success
Status Check - Keycloak JavaScript CI	Run /./.github/actions/status-check	2025-03-16T00:56:39.9024947Z  - admin-ui-e2e: failure
Status Check - Keycloak JavaScript CI	Run /./.github/actions/status-check	2025-03-16T00:56:39.9056393Z 
Status Check - Keycloak JavaScript CI	Run /./.github/actions/status-check	2025-03-16T00:56:39.9056655Z Status check not okay!
Status Check - Keycloak JavaScript CI	Run /./.github/actions/status-check	2025-03-16T00:56:39.9068525Z ##[error]Process completed with exit code 1.
