AuroraDB IT	Create EC2 runner instance	2024-10-12T00:31:07.3647810Z ##[group]Run AWS_REGION=us-east-1
AuroraDB IT	Create EC2 runner instance	2024-10-12T00:31:07.3648211Z [36;1mAWS_REGION=us-east-1[0m
AuroraDB IT	Create EC2 runner instance	2024-10-12T00:31:07.3648650Z [36;1mEC2_CLUSTER_NAME=keycloak_$(git rev-parse --short HEAD)[0m
AuroraDB IT	Create EC2 runner instance	2024-10-12T00:31:07.3649209Z [36;1mecho "ec2_cluster=${EC2_CLUSTER_NAME}" >> $GITHUB_OUTPUT[0m
AuroraDB IT	Create EC2 runner instance	2024-10-12T00:31:07.3649638Z [36;1m[0m
AuroraDB IT	Create EC2 runner instance	2024-10-12T00:31:07.3650020Z [36;1mgit archive --format=zip --output /tmp/keycloak.zip $GITHUB_REF[0m
AuroraDB IT	Create EC2 runner instance	2024-10-12T00:31:07.3650520Z [36;1mzip -u /tmp/keycloak.zip aws.pem[0m
AuroraDB IT	Create EC2 runner instance	2024-10-12T00:31:07.3650859Z [36;1m[0m
AuroraDB IT	Create EC2 runner instance	2024-10-12T00:31:07.3651105Z [36;1mcd .github/scripts/ansible[0m
AuroraDB IT	Create EC2 runner instance	2024-10-12T00:31:07.3651451Z [36;1m./aws_ec2.sh requirements[0m
AuroraDB IT	Create EC2 runner instance	2024-10-12T00:31:07.3651870Z [36;1m./aws_ec2.sh create ${AWS_REGION} ${EC2_CLUSTER_NAME}[0m
AuroraDB IT	Create EC2 runner instance	2024-10-12T00:31:07.3652489Z [36;1m./keycloak_ec2_installer.sh ${AWS_REGION} ${EC2_CLUSTER_NAME} /tmp/keycloak.zip[0m
AuroraDB IT	Create EC2 runner instance	2024-10-12T00:31:07.3653275Z [36;1m./mvn_ec2_runner.sh ${AWS_REGION} ${EC2_CLUSTER_NAME} "clean install -B -DskipTests -Pdistribution"[0m
AuroraDB IT	Create EC2 runner instance	2024-10-12T00:31:07.3654701Z [36;1m./mvn_ec2_runner.sh ${AWS_REGION} ${EC2_CLUSTER_NAME} "clean install -B -DskipTests -pl testsuite/integration-arquillian/servers/auth-server/quarkus -Pauth-server-quarkus -Pdb-aurora-postgres -Dmaven.build.cache.enabled=true"[0m
AuroraDB IT	Create EC2 runner instance	2024-10-12T00:31:07.3703122Z shell: /usr/bin/bash --noprofile --norc -e -o pipefail {0}
AuroraDB IT	Create EC2 runner instance	2024-10-12T00:31:07.3703546Z env:
AuroraDB IT	Create EC2 runner instance	2024-10-12T00:31:07.3703909Z   MAVEN_ARGS: -B -nsu -Daether.connector.http.connectionMaxTtl=25
AuroraDB IT	Create EC2 runner instance	2024-10-12T00:31:07.3704381Z   SUREFIRE_RERUN_FAILING_COUNT: 2
AuroraDB IT	Create EC2 runner instance	2024-10-12T00:31:07.3704784Z   SUREFIRE_RETRY: -Dsurefire.rerunFailingTestsCount=2
AuroraDB IT	Create EC2 runner instance	2024-10-12T00:31:07.3705181Z ##[endgroup]
AuroraDB IT	Create EC2 runner instance	2024-10-12T00:31:09.7613985Z   adding: aws.pem (deflated 37%)
AuroraDB IT	Create EC2 runner instance	2024-10-12T00:31:18.3431381Z Starting galaxy collection install process
AuroraDB IT	Create EC2 runner instance	2024-10-12T00:31:18.3432134Z Process install dependency map
AuroraDB IT	Create EC2 runner instance	2024-10-12T00:31:18.3432673Z Starting collection install process
AuroraDB IT	Create EC2 runner instance	2024-10-12T00:31:18.3439875Z Downloading https://galaxy.ansible.com/api/v3/plugin/ansible/content/published/collections/artifacts/amazon-aws-6.0.0.tar.gz to /home/runner/.ansible/tmp/ansible-local-2762j9yaxo3t/tmpafig02n_/amazon-aws-6.0.0-h1cp79qh
AuroraDB IT	Create EC2 runner instance	2024-10-12T00:31:18.3441959Z Installing 'amazon.aws:6.0.0' to '/home/runner/.ansible/collections/ansible_collections/amazon/aws'
AuroraDB IT	Create EC2 runner instance	2024-10-12T00:31:18.3442608Z amazon.aws:6.0.0 was installed successfully
AuroraDB IT	Create EC2 runner instance	2024-10-12T00:31:18.7878020Z error: externally-managed-environment
AuroraDB IT	Create EC2 runner instance	2024-10-12T00:31:18.7878678Z 
AuroraDB IT	Create EC2 runner instance	2024-10-12T00:31:18.7879478Z Ã— This environment is externally managed
AuroraDB IT	Create EC2 runner instance	2024-10-12T00:31:18.7880317Z â•°â”€> To install Python packages system-wide, try apt install
AuroraDB IT	Create EC2 runner instance	2024-10-12T00:31:18.7881066Z     python3-xyz, where xyz is the package you are trying to
AuroraDB IT	Create EC2 runner instance	2024-10-12T00:31:18.7881597Z     install.
AuroraDB IT	Create EC2 runner instance	2024-10-12T00:31:18.7881873Z     
AuroraDB IT	Create EC2 runner instance	2024-10-12T00:31:18.7882374Z     If you wish to install a non-Debian-packaged Python package,
AuroraDB IT	Create EC2 runner instance	2024-10-12T00:31:18.7883181Z     create a virtual environment using python3 -m venv path/to/venv.
AuroraDB IT	Create EC2 runner instance	2024-10-12T00:31:18.7883798Z     Then use path/to/venv/bin/python and path/to/venv/bin/pip. Make
AuroraDB IT	Create EC2 runner instance	2024-10-12T00:31:18.7884382Z     sure you have python3-full installed.
AuroraDB IT	Create EC2 runner instance	2024-10-12T00:31:18.7884747Z     
AuroraDB IT	Create EC2 runner instance	2024-10-12T00:31:18.7885167Z     If you wish to install a non-Debian packaged Python application,
AuroraDB IT	Create EC2 runner instance	2024-10-12T00:31:18.7885963Z     it may be easiest to use pipx install xyz, which will manage a
AuroraDB IT	Create EC2 runner instance	2024-10-12T00:31:18.7886582Z     virtual environment for you. Make sure you have pipx installed.
AuroraDB IT	Create EC2 runner instance	2024-10-12T00:31:18.7887045Z     
AuroraDB IT	Create EC2 runner instance	2024-10-12T00:31:18.7887405Z     See /usr/share/doc/python3.12/README.venv for more information.
AuroraDB IT	Create EC2 runner instance	2024-10-12T00:31:18.7887790Z 
AuroraDB IT	Create EC2 runner instance	2024-10-12T00:31:18.7888933Z note: If you believe this is a mistake, please contact your Python installation or OS distribution provider. You can override this, at the risk of breaking your Python installation or OS, by passing --break-system-packages.
AuroraDB IT	Create EC2 runner instance	2024-10-12T00:31:18.7890205Z hint: See PEP 668 for the detailed specification.
AuroraDB IT	Create EC2 runner instance	2024-10-12T00:31:18.8254884Z ##[error]Process completed with exit code 1.
AuroraDB IT	Delete EC2 Instance	2024-10-12T00:31:20.5304671Z ##[group]Run ./aws_ec2.sh delete us-east-1 keycloak_98a6dde
AuroraDB IT	Delete EC2 Instance	2024-10-12T00:31:20.5305213Z [36;1m./aws_ec2.sh delete us-east-1 keycloak_98a6dde[0m
AuroraDB IT	Delete EC2 Instance	2024-10-12T00:31:20.5353760Z shell: /usr/bin/bash --noprofile --norc -e -o pipefail {0}
AuroraDB IT	Delete EC2 Instance	2024-10-12T00:31:20.5354183Z env:
AuroraDB IT	Delete EC2 Instance	2024-10-12T00:31:20.5354550Z   MAVEN_ARGS: -B -nsu -Daether.connector.http.connectionMaxTtl=25
AuroraDB IT	Delete EC2 Instance	2024-10-12T00:31:20.5355032Z   SUREFIRE_RERUN_FAILING_COUNT: 2
AuroraDB IT	Delete EC2 Instance	2024-10-12T00:31:20.5355670Z   SUREFIRE_RETRY: -Dsurefire.rerunFailingTestsCount=2
AuroraDB IT	Delete EC2 Instance	2024-10-12T00:31:20.5356091Z ##[endgroup]
AuroraDB IT	Delete EC2 Instance	2024-10-12T00:31:21.0206779Z [WARNING]: No inventory was parsed, only implicit localhost is available
AuroraDB IT	Delete EC2 Instance	2024-10-12T00:31:21.0285026Z [WARNING]: provided hosts list is empty, only localhost is available. Note that
AuroraDB IT	Delete EC2 Instance	2024-10-12T00:31:21.0286842Z the implicit localhost does not match 'all'
AuroraDB IT	Delete EC2 Instance	2024-10-12T00:31:21.2663653Z Using /home/runner/work/keycloak/keycloak/.github/scripts/ansible/ansible.cfg as config file
AuroraDB IT	Delete EC2 Instance	2024-10-12T00:31:21.2664467Z 
AuroraDB IT	Delete EC2 Instance	2024-10-12T00:31:21.2664820Z PLAY [localhost] ***************************************************************
AuroraDB IT	Delete EC2 Instance	2024-10-12T00:31:21.2665636Z 
AuroraDB IT	Delete EC2 Instance	2024-10-12T00:31:21.2666026Z TASK [Gathering Facts] *********************************************************
AuroraDB IT	Delete EC2 Instance	2024-10-12T00:31:22.3597450Z ok: [localhost]
AuroraDB IT	Delete EC2 Instance	2024-10-12T00:31:22.3597851Z 
AuroraDB IT	Delete EC2 Instance	2024-10-12T00:31:22.3598333Z TASK [aws_ec2 : debug] *********************************************************
AuroraDB IT	Delete EC2 Instance	2024-10-12T00:31:22.3826651Z ok: [localhost] => {
AuroraDB IT	Delete EC2 Instance	2024-10-12T00:31:22.3827209Z     "cluster_identifier": "runner"
AuroraDB IT	Delete EC2 Instance	2024-10-12T00:31:22.3827770Z }
AuroraDB IT	Delete EC2 Instance	2024-10-12T00:31:22.3827973Z 
AuroraDB IT	Delete EC2 Instance	2024-10-12T00:31:22.3828349Z TASK [aws_ec2 : debug] *********************************************************
AuroraDB IT	Delete EC2 Instance	2024-10-12T00:31:22.4086524Z ok: [localhost] => {
AuroraDB IT	Delete EC2 Instance	2024-10-12T00:31:22.4087494Z     "region": "us-east-1"
AuroraDB IT	Delete EC2 Instance	2024-10-12T00:31:22.4088075Z }
AuroraDB IT	Delete EC2 Instance	2024-10-12T00:31:22.4088325Z 
AuroraDB IT	Delete EC2 Instance	2024-10-12T00:31:22.4088782Z TASK [aws_ec2 : debug] *********************************************************
AuroraDB IT	Delete EC2 Instance	2024-10-12T00:31:22.4230693Z ok: [localhost] => {
AuroraDB IT	Delete EC2 Instance	2024-10-12T00:31:22.4231258Z     "cluster_name": "keycloak_98a6dde"
AuroraDB IT	Delete EC2 Instance	2024-10-12T00:31:22.4231802Z }
AuroraDB IT	Delete EC2 Instance	2024-10-12T00:31:22.4232000Z 
AuroraDB IT	Delete EC2 Instance	2024-10-12T00:31:22.4232397Z TASK [aws_ec2 : include_tasks] *************************************************
AuroraDB IT	Delete EC2 Instance	2024-10-12T00:31:22.4347174Z skipping: [localhost] => {"changed": false, "false_condition": "operation == \"create\"", "skip_reason": "Conditional result was False"}
AuroraDB IT	Delete EC2 Instance	2024-10-12T00:31:22.4348249Z 
AuroraDB IT	Delete EC2 Instance	2024-10-12T00:31:22.4348656Z TASK [aws_ec2 : include_tasks] *************************************************
AuroraDB IT	Delete EC2 Instance	2024-10-12T00:31:22.4460242Z skipping: [localhost] => {"changed": false, "false_condition": "operation == \"start\" or operation == \"stop\"", "skip_reason": "Conditional result was False"}
AuroraDB IT	Delete EC2 Instance	2024-10-12T00:31:22.4461464Z 
AuroraDB IT	Delete EC2 Instance	2024-10-12T00:31:22.4461873Z TASK [aws_ec2 : include_tasks] *************************************************
AuroraDB IT	Delete EC2 Instance	2024-10-12T00:31:22.4681176Z included: /home/runner/work/keycloak/keycloak/.github/scripts/ansible/roles/aws_ec2/tasks/delete-resources.yml for localhost
AuroraDB IT	Delete EC2 Instance	2024-10-12T00:31:22.4682387Z 
AuroraDB IT	Delete EC2 Instance	2024-10-12T00:31:22.4682835Z TASK [aws_ec2 : Delete EC2 instances] ******************************************
AuroraDB IT	Delete EC2 Instance	2024-10-12T00:31:22.7797727Z fatal: [localhost]: FAILED! => {"changed": false, "msg": "Failed to import the required Python library (botocore and boto3) on fv-az1334-626's Python /opt/pipx/venvs/ansible-core/bin/python. Please read the module documentation and install it in the appropriate location. If the required library is installed, but Ansible is using the wrong Python interpreter, please consult the documentation on ansible_python_interpreter"}
AuroraDB IT	Delete EC2 Instance	2024-10-12T00:31:22.7799634Z 
AuroraDB IT	Delete EC2 Instance	2024-10-12T00:31:22.7799856Z PLAY RECAP *********************************************************************
AuroraDB IT	Delete EC2 Instance	2024-10-12T00:31:22.7800537Z localhost                  : ok=5    changed=0    unreachable=0    failed=1    skipped=2    rescued=0    ignored=0   
AuroraDB IT	Delete EC2 Instance	2024-10-12T00:31:22.7801003Z 
AuroraDB IT	Delete EC2 Instance	2024-10-12T00:31:22.8213769Z ##[error]Process completed with exit code 2.
FIPS IT (non-strict)	Build adapter distributions	2024-10-12T00:30:33.1433600Z ##[group]Run ./mvnw install -DskipTests -f distribution/pom.xml
FIPS IT (non-strict)	Build adapter distributions	2024-10-12T00:30:33.1434575Z [36;1m./mvnw install -DskipTests -f distribution/pom.xml[0m
FIPS IT (non-strict)	Build adapter distributions	2024-10-12T00:30:33.1501059Z shell: /usr/bin/bash --noprofile --norc -e -o pipefail {0}
FIPS IT (non-strict)	Build adapter distributions	2024-10-12T00:30:33.1501694Z env:
FIPS IT (non-strict)	Build adapter distributions	2024-10-12T00:30:33.1502282Z   MAVEN_ARGS: -B -nsu -Daether.connector.http.connectionMaxTtl=25
FIPS IT (non-strict)	Build adapter distributions	2024-10-12T00:30:33.1503090Z   SUREFIRE_RERUN_FAILING_COUNT: 2
FIPS IT (non-strict)	Build adapter distributions	2024-10-12T00:30:33.1503760Z   SUREFIRE_RETRY: -Dsurefire.rerunFailingTestsCount=2
FIPS IT (non-strict)	Build adapter distributions	2024-10-12T00:30:33.1504698Z   JAVA_HOME: /opt/hostedtoolcache/Java_Temurin-Hotspot_jdk/21.0.4-7/x64
FIPS IT (non-strict)	Build adapter distributions	2024-10-12T00:30:33.1505777Z   JAVA_HOME_21_X64: /opt/hostedtoolcache/Java_Temurin-Hotspot_jdk/21.0.4-7/x64
FIPS IT (non-strict)	Build adapter distributions	2024-10-12T00:30:33.1506670Z ##[endgroup]
FIPS IT (non-strict)	Build adapter distributions	2024-10-12T00:30:33.2267969Z wget: Failed to fetch https://repo.maven.apache.org/maven2/org/apache/maven/apache-maven/3.9.8/apache-maven-3.9.8-bin.zip
FIPS IT (non-strict)	Build adapter distributions	2024-10-12T00:30:33.2559780Z ##[error]Process completed with exit code 1.
FIPS IT (strict)	Build adapter distributions	2024-10-12T00:30:20.6033663Z ##[group]Run ./mvnw install -DskipTests -f distribution/pom.xml
FIPS IT (strict)	Build adapter distributions	2024-10-12T00:30:20.6034268Z [36;1m./mvnw install -DskipTests -f distribution/pom.xml[0m
FIPS IT (strict)	Build adapter distributions	2024-10-12T00:30:20.6086084Z shell: /usr/bin/bash --noprofile --norc -e -o pipefail {0}
FIPS IT (strict)	Build adapter distributions	2024-10-12T00:30:20.6086523Z env:
FIPS IT (strict)	Build adapter distributions	2024-10-12T00:30:20.6086892Z   MAVEN_ARGS: -B -nsu -Daether.connector.http.connectionMaxTtl=25
FIPS IT (strict)	Build adapter distributions	2024-10-12T00:30:20.6087372Z   SUREFIRE_RERUN_FAILING_COUNT: 2
FIPS IT (strict)	Build adapter distributions	2024-10-12T00:30:20.6087774Z   SUREFIRE_RETRY: -Dsurefire.rerunFailingTestsCount=2
FIPS IT (strict)	Build adapter distributions	2024-10-12T00:30:20.6088541Z   JAVA_HOME: /opt/hostedtoolcache/Java_Temurin-Hotspot_jdk/21.0.4-7/x64
FIPS IT (strict)	Build adapter distributions	2024-10-12T00:30:20.6089188Z   JAVA_HOME_21_X64: /opt/hostedtoolcache/Java_Temurin-Hotspot_jdk/21.0.4-7/x64
FIPS IT (strict)	Build adapter distributions	2024-10-12T00:30:20.6089671Z ##[endgroup]
FIPS IT (strict)	Build adapter distributions	2024-10-12T00:30:20.6665251Z wget: Failed to fetch https://repo.maven.apache.org/maven2/org/apache/maven/apache-maven/3.9.8/apache-maven-3.9.8-bin.zip
FIPS IT (strict)	Build adapter distributions	2024-10-12T00:30:20.6687963Z ##[error]Process completed with exit code 1.
Status Check - Keycloak CI	Run /./.github/actions/status-check	2024-10-12T01:27:54.8369513Z Prepare all required actions
Status Check - Keycloak CI	Run /./.github/actions/status-check	2024-10-12T01:27:54.8456571Z ##[group]Run ./.github/actions/status-check
Status Check - Keycloak CI	Run /./.github/actions/status-check	2024-10-12T01:27:54.8457059Z with:
Status Check - Keycloak CI	Run /./.github/actions/status-check	2024-10-12T01:27:54.8462045Z   jobs: {
Status Check - Keycloak CI	Run /./.github/actions/status-check	  "conditional": {
Status Check - Keycloak CI	Run /./.github/actions/status-check	    "result": "success",
Status Check - Keycloak CI	Run /./.github/actions/status-check	    "outputs": {
Status Check - Keycloak CI	Run /./.github/actions/status-check	      "ci": "true",
Status Check - Keycloak CI	Run /./.github/actions/status-check	      "ci-aurora": "true",
Status Check - Keycloak CI	Run /./.github/actions/status-check	      "ci-quarkus": "true",
Status Check - Keycloak CI	Run /./.github/actions/status-check	      "ci-sssd": "true",
Status Check - Keycloak CI	Run /./.github/actions/status-check	      "ci-store": "true",
Status Check - Keycloak CI	Run /./.github/actions/status-check	      "ci-test-poc": "true",
Status Check - Keycloak CI	Run /./.github/actions/status-check	      "ci-webauthn": "true"
Status Check - Keycloak CI	Run /./.github/actions/status-check	    }
Status Check - Keycloak CI	Run /./.github/actions/status-check	  },
Status Check - Keycloak CI	Run /./.github/actions/status-check	  "build": {
Status Check - Keycloak CI	Run /./.github/actions/status-check	    "result": "success",
Status Check - Keycloak CI	Run /./.github/actions/status-check	    "outputs": {}
Status Check - Keycloak CI	Run /./.github/actions/status-check	  },
Status Check - Keycloak CI	Run /./.github/actions/status-check	  "unit-tests": {
Status Check - Keycloak CI	Run /./.github/actions/status-check	    "result": "success",
Status Check - Keycloak CI	Run /./.github/actions/status-check	    "outputs": {}
Status Check - Keycloak CI	Run /./.github/actions/status-check	  },
Status Check - Keycloak CI	Run /./.github/actions/status-check	  "base-integration-tests": {
Status Check - Keycloak CI	Run /./.github/actions/status-check	    "result": "success",
Status Check - Keycloak CI	Run /./.github/actions/status-check	    "outputs": {}
Status Check - Keycloak CI	Run /./.github/actions/status-check	  },
Status Check - Keycloak CI	Run /./.github/actions/status-check	  "adapter-integration-tests": {
Status Check - Keycloak CI	Run /./.github/actions/status-check	    "result": "success",
Status Check - Keycloak CI	Run /./.github/actions/status-check	    "outputs": {}
Status Check - Keycloak CI	Run /./.github/actions/status-check	  },
Status Check - Keycloak CI	Run /./.github/actions/status-check	  "quarkus-unit-tests": {
Status Check - Keycloak CI	Run /./.github/actions/status-check	    "result": "success",
Status Check - Keycloak CI	Run /./.github/actions/status-check	    "outputs": {}
Status Check - Keycloak CI	Run /./.github/actions/status-check	  },
Status Check - Keycloak CI	Run /./.github/actions/status-check	  "quarkus-integration-tests": {
Status Check - Keycloak CI	Run /./.github/actions/status-check	    "result": "success",
Status Check - Keycloak CI	Run /./.github/actions/status-check	    "outputs": {}
Status Check - Keycloak CI	Run /./.github/actions/status-check	  },
Status Check - Keycloak CI	Run /./.github/actions/status-check	  "jdk-integration-tests": {
Status Check - Keycloak CI	Run /./.github/actions/status-check	    "result": "success",
Status Check - Keycloak CI	Run /./.github/actions/status-check	    "outputs": {}
Status Check - Keycloak CI	Run /./.github/actions/status-check	  },
Status Check - Keycloak CI	Run /./.github/actions/status-check	  "store-integration-tests": {
Status Check - Keycloak CI	Run /./.github/actions/status-check	    "result": "success",
Status Check - Keycloak CI	Run /./.github/actions/status-check	    "outputs": {}
Status Check - Keycloak CI	Run /./.github/actions/status-check	  },
Status Check - Keycloak CI	Run /./.github/actions/status-check	  "volatile-sessions-tests": {
Status Check - Keycloak CI	Run /./.github/actions/status-check	    "result": "success",
Status Check - Keycloak CI	Run /./.github/actions/status-check	    "outputs": {}
Status Check - Keycloak CI	Run /./.github/actions/status-check	  },
Status Check - Keycloak CI	Run /./.github/actions/status-check	  "store-model-tests": {
Status Check - Keycloak CI	Run /./.github/actions/status-check	    "result": "success",
Status Check - Keycloak CI	Run /./.github/actions/status-check	    "outputs": {}
Status Check - Keycloak CI	Run /./.github/actions/status-check	  },
Status Check - Keycloak CI	Run /./.github/actions/status-check	  "clustering-integration-tests": {
Status Check - Keycloak CI	Run /./.github/actions/status-check	    "result": "success",
Status Check - Keycloak CI	Run /./.github/actions/status-check	    "outputs": {}
Status Check - Keycloak CI	Run /./.github/actions/status-check	  },
Status Check - Keycloak CI	Run /./.github/actions/status-check	  "fips-unit-tests": {
Status Check - Keycloak CI	Run /./.github/actions/status-check	    "result": "success",
Status Check - Keycloak CI	Run /./.github/actions/status-check	    "outputs": {}
Status Check - Keycloak CI	Run /./.github/actions/status-check	  },
Status Check - Keycloak CI	Run /./.github/actions/status-check	  "fips-integration-tests": {
Status Check - Keycloak CI	Run /./.github/actions/status-check	    "result": "failure",
Status Check - Keycloak CI	Run /./.github/actions/status-check	    "outputs": {}
Status Check - Keycloak CI	Run /./.github/actions/status-check	  },
Status Check - Keycloak CI	Run /./.github/actions/status-check	  "forms-integration-tests": {
Status Check - Keycloak CI	Run /./.github/actions/status-check	    "result": "success",
Status Check - Keycloak CI	Run /./.github/actions/status-check	    "outputs": {}
Status Check - Keycloak CI	Run /./.github/actions/status-check	  },
Status Check - Keycloak CI	Run /./.github/actions/status-check	  "webauthn-integration-tests": {
Status Check - Keycloak CI	Run /./.github/actions/status-check	    "result": "success",
Status Check - Keycloak CI	Run /./.github/actions/status-check	    "outputs": {}
Status Check - Keycloak CI	Run /./.github/actions/status-check	  },
Status Check - Keycloak CI	Run /./.github/actions/status-check	  "sssd-unit-tests": {
Status Check - Keycloak CI	Run /./.github/actions/status-check	    "result": "success",
Status Check - Keycloak CI	Run /./.github/actions/status-check	    "outputs": {}
Status Check - Keycloak CI	Run /./.github/actions/status-check	  },
Status Check - Keycloak CI	Run /./.github/actions/status-check	  "migration-tests": {
Status Check - Keycloak CI	Run /./.github/actions/status-check	    "result": "success",
Status Check - Keycloak CI	Run /./.github/actions/status-check	    "outputs": {}
Status Check - Keycloak CI	Run /./.github/actions/status-check	  },
Status Check - Keycloak CI	Run /./.github/actions/status-check	  "external-infinispan-tests": {
Status Check - Keycloak CI	Run /./.github/actions/status-check	    "result": "success",
Status Check - Keycloak CI	Run /./.github/actions/status-check	    "outputs": {}
Status Check - Keycloak CI	Run /./.github/actions/status-check	  },
Status Check - Keycloak CI	Run /./.github/actions/status-check	  "test-poc": {
Status Check - Keycloak CI	Run /./.github/actions/status-check	    "result": "success",
Status Check - Keycloak CI	Run /./.github/actions/status-check	    "outputs": {}
Status Check - Keycloak CI	Run /./.github/actions/status-check	  }
Status Check - Keycloak CI	Run /./.github/actions/status-check	}
Status Check - Keycloak CI	Run /./.github/actions/status-check	2024-10-12T01:27:54.8467614Z env:
Status Check - Keycloak CI	Run /./.github/actions/status-check	2024-10-12T01:27:54.8468041Z   MAVEN_ARGS: -B -nsu -Daether.connector.http.connectionMaxTtl=25
Status Check - Keycloak CI	Run /./.github/actions/status-check	2024-10-12T01:27:54.8468613Z   SUREFIRE_RERUN_FAILING_COUNT: 2
Status Check - Keycloak CI	Run /./.github/actions/status-check	2024-10-12T01:27:54.8469167Z   SUREFIRE_RETRY: -Dsurefire.rerunFailingTestsCount=2
Status Check - Keycloak CI	Run /./.github/actions/status-check	2024-10-12T01:27:54.8469607Z ##[endgroup]
Status Check - Keycloak CI	Run /./.github/actions/status-check	2024-10-12T01:27:54.8723294Z ##[group]Run JOBS='{
Status Check - Keycloak CI	Run /./.github/actions/status-check	2024-10-12T01:27:54.8723968Z [36;1mJOBS='{[0m
Status Check - Keycloak CI	Run /./.github/actions/status-check	2024-10-12T01:27:54.8724340Z [36;1m  "conditional": {[0m
Status Check - Keycloak CI	Run /./.github/actions/status-check	2024-10-12T01:27:54.8724835Z [36;1m    "result": "success",[0m
Status Check - Keycloak CI	Run /./.github/actions/status-check	2024-10-12T01:27:54.8725222Z [36;1m    "outputs": {[0m
Status Check - Keycloak CI	Run /./.github/actions/status-check	2024-10-12T01:27:54.8725595Z [36;1m      "ci": "true",[0m
Status Check - Keycloak CI	Run /./.github/actions/status-check	2024-10-12T01:27:54.8726080Z [36;1m      "ci-aurora": "true",[0m
Status Check - Keycloak CI	Run /./.github/actions/status-check	2024-10-12T01:27:54.8726525Z [36;1m      "ci-quarkus": "true",[0m
Status Check - Keycloak CI	Run /./.github/actions/status-check	2024-10-12T01:27:54.8726900Z [36;1m      "ci-sssd": "true",[0m
Status Check - Keycloak CI	Run /./.github/actions/status-check	2024-10-12T01:27:54.8727382Z [36;1m      "ci-store": "true",[0m
Status Check - Keycloak CI	Run /./.github/actions/status-check	2024-10-12T01:27:54.8727794Z [36;1m      "ci-test-poc": "true",[0m
Status Check - Keycloak CI	Run /./.github/actions/status-check	2024-10-12T01:27:54.8728199Z [36;1m      "ci-webauthn": "true"[0m
Status Check - Keycloak CI	Run /./.github/actions/status-check	2024-10-12T01:27:54.8814742Z [36;1m    }[0m
Status Check - Keycloak CI	Run /./.github/actions/status-check	2024-10-12T01:27:54.8815174Z [36;1m  },[0m
Status Check - Keycloak CI	Run /./.github/actions/status-check	2024-10-12T01:27:54.8815593Z [36;1m  "build": {[0m
Status Check - Keycloak CI	Run /./.github/actions/status-check	2024-10-12T01:27:54.8816094Z [36;1m    "result": "success",[0m
Status Check - Keycloak CI	Run /./.github/actions/status-check	2024-10-12T01:27:54.8816581Z [36;1m    "outputs": {}[0m
Status Check - Keycloak CI	Run /./.github/actions/status-check	2024-10-12T01:27:54.8816995Z [36;1m  },[0m
Status Check - Keycloak CI	Run /./.github/actions/status-check	2024-10-12T01:27:54.8817363Z [36;1m  "unit-tests": {[0m
Status Check - Keycloak CI	Run /./.github/actions/status-check	2024-10-12T01:27:54.8817883Z [36;1m    "result": "success",[0m
Status Check - Keycloak CI	Run /./.github/actions/status-check	2024-10-12T01:27:54.8818470Z [36;1m    "outputs": {}[0m
Status Check - Keycloak CI	Run /./.github/actions/status-check	2024-10-12T01:27:54.8818964Z [36;1m  },[0m
Status Check - Keycloak CI	Run /./.github/actions/status-check	2024-10-12T01:27:54.8819447Z [36;1m  "base-integration-tests": {[0m
Status Check - Keycloak CI	Run /./.github/actions/status-check	2024-10-12T01:27:54.8820068Z [36;1m    "result": "success",[0m
Status Check - Keycloak CI	Run /./.github/actions/status-check	2024-10-12T01:27:54.8820668Z [36;1m    "outputs": {}[0m
Status Check - Keycloak CI	Run /./.github/actions/status-check	2024-10-12T01:27:54.8821179Z [36;1m  },[0m
Status Check - Keycloak CI	Run /./.github/actions/status-check	2024-10-12T01:27:54.8821981Z [36;1m  "adapter-integration-tests": {[0m
Status Check - Keycloak CI	Run /./.github/actions/status-check	2024-10-12T01:27:54.8822830Z [36;1m    "result": "success",[0m
Status Check - Keycloak CI	Run /./.github/actions/status-check	2024-10-12T01:27:54.8823394Z [36;1m    "outputs": {}[0m
Status Check - Keycloak CI	Run /./.github/actions/status-check	2024-10-12T01:27:54.8823996Z [36;1m  },[0m
Status Check - Keycloak CI	Run /./.github/actions/status-check	2024-10-12T01:27:54.8824360Z [36;1m  "quarkus-unit-tests": {[0m
Status Check - Keycloak CI	Run /./.github/actions/status-check	2024-10-12T01:27:54.8824686Z [36;1m    "result": "success",[0m
Status Check - Keycloak CI	Run /./.github/actions/status-check	2024-10-12T01:27:54.8825211Z [36;1m    "outputs": {}[0m
Status Check - Keycloak CI	Run /./.github/actions/status-check	2024-10-12T01:27:54.8825475Z [36;1m  },[0m
Status Check - Keycloak CI	Run /./.github/actions/status-check	2024-10-12T01:27:54.8825737Z [36;1m  "quarkus-integration-tests": {[0m
Status Check - Keycloak CI	Run /./.github/actions/status-check	2024-10-12T01:27:54.8826080Z [36;1m    "result": "success",[0m
Status Check - Keycloak CI	Run /./.github/actions/status-check	2024-10-12T01:27:54.8826384Z [36;1m    "outputs": {}[0m
Status Check - Keycloak CI	Run /./.github/actions/status-check	2024-10-12T01:27:54.8826649Z [36;1m  },[0m
Status Check - Keycloak CI	Run /./.github/actions/status-check	2024-10-12T01:27:54.8826887Z [36;1m  "jdk-integration-tests": {[0m
Status Check - Keycloak CI	Run /./.github/actions/status-check	2024-10-12T01:27:54.8827209Z [36;1m    "result": "success",[0m
Status Check - Keycloak CI	Run /./.github/actions/status-check	2024-10-12T01:27:54.8827505Z [36;1m    "outputs": {}[0m
Status Check - Keycloak CI	Run /./.github/actions/status-check	2024-10-12T01:27:54.8827757Z [36;1m  },[0m
Status Check - Keycloak CI	Run /./.github/actions/status-check	2024-10-12T01:27:54.8828014Z [36;1m  "store-integration-tests": {[0m
Status Check - Keycloak CI	Run /./.github/actions/status-check	2024-10-12T01:27:54.8828544Z [36;1m    "result": "success",[0m
Status Check - Keycloak CI	Run /./.github/actions/status-check	2024-10-12T01:27:54.8828851Z [36;1m    "outputs": {}[0m
Status Check - Keycloak CI	Run /./.github/actions/status-check	2024-10-12T01:27:54.8829112Z [36;1m  },[0m
Status Check - Keycloak CI	Run /./.github/actions/status-check	2024-10-12T01:27:54.8829378Z [36;1m  "volatile-sessions-tests": {[0m
Status Check - Keycloak CI	Run /./.github/actions/status-check	2024-10-12T01:27:54.8829709Z [36;1m    "result": "success",[0m
Status Check - Keycloak CI	Run /./.github/actions/status-check	2024-10-12T01:27:54.8830010Z [36;1m    "outputs": {}[0m
Status Check - Keycloak CI	Run /./.github/actions/status-check	2024-10-12T01:27:54.8830265Z [36;1m  },[0m
Status Check - Keycloak CI	Run /./.github/actions/status-check	2024-10-12T01:27:54.8830504Z [36;1m  "store-model-tests": {[0m
Status Check - Keycloak CI	Run /./.github/actions/status-check	2024-10-12T01:27:54.8830809Z [36;1m    "result": "success",[0m
Status Check - Keycloak CI	Run /./.github/actions/status-check	2024-10-12T01:27:54.8831104Z [36;1m    "outputs": {}[0m
Status Check - Keycloak CI	Run /./.github/actions/status-check	2024-10-12T01:27:54.8831357Z [36;1m  },[0m
Status Check - Keycloak CI	Run /./.github/actions/status-check	2024-10-12T01:27:54.8831807Z [36;1m  "clustering-integration-tests": {[0m
Status Check - Keycloak CI	Run /./.github/actions/status-check	2024-10-12T01:27:54.8832185Z [36;1m    "result": "success",[0m
Status Check - Keycloak CI	Run /./.github/actions/status-check	2024-10-12T01:27:54.8832484Z [36;1m    "outputs": {}[0m
Status Check - Keycloak CI	Run /./.github/actions/status-check	2024-10-12T01:27:54.8832739Z [36;1m  },[0m
Status Check - Keycloak CI	Run /./.github/actions/status-check	2024-10-12T01:27:54.8832971Z [36;1m  "fips-unit-tests": {[0m
Status Check - Keycloak CI	Run /./.github/actions/status-check	2024-10-12T01:27:54.8833271Z [36;1m    "result": "success",[0m
Status Check - Keycloak CI	Run /./.github/actions/status-check	2024-10-12T01:27:54.8833562Z [36;1m    "outputs": {}[0m
Status Check - Keycloak CI	Run /./.github/actions/status-check	2024-10-12T01:27:54.8833823Z [36;1m  },[0m
Status Check - Keycloak CI	Run /./.github/actions/status-check	2024-10-12T01:27:54.8834072Z [36;1m  "fips-integration-tests": {[0m
Status Check - Keycloak CI	Run /./.github/actions/status-check	2024-10-12T01:27:54.8834400Z [36;1m    "result": "failure",[0m
Status Check - Keycloak CI	Run /./.github/actions/status-check	2024-10-12T01:27:54.8834704Z [36;1m    "outputs": {}[0m
Status Check - Keycloak CI	Run /./.github/actions/status-check	2024-10-12T01:27:54.8834959Z [36;1m  },[0m
Status Check - Keycloak CI	Run /./.github/actions/status-check	2024-10-12T01:27:54.8835210Z [36;1m  "forms-integration-tests": {[0m
Status Check - Keycloak CI	Run /./.github/actions/status-check	2024-10-12T01:27:54.8835549Z [36;1m    "result": "success",[0m
Status Check - Keycloak CI	Run /./.github/actions/status-check	2024-10-12T01:27:54.8835845Z [36;1m    "outputs": {}[0m
Status Check - Keycloak CI	Run /./.github/actions/status-check	2024-10-12T01:27:54.8836093Z [36;1m  },[0m
Status Check - Keycloak CI	Run /./.github/actions/status-check	2024-10-12T01:27:54.8836356Z [36;1m  "webauthn-integration-tests": {[0m
Status Check - Keycloak CI	Run /./.github/actions/status-check	2024-10-12T01:27:54.8836705Z [36;1m    "result": "success",[0m
Status Check - Keycloak CI	Run /./.github/actions/status-check	2024-10-12T01:27:54.8836994Z [36;1m    "outputs": {}[0m
Status Check - Keycloak CI	Run /./.github/actions/status-check	2024-10-12T01:27:54.8837251Z [36;1m  },[0m
Status Check - Keycloak CI	Run /./.github/actions/status-check	2024-10-12T01:27:54.8837484Z [36;1m  "sssd-unit-tests": {[0m
Status Check - Keycloak CI	Run /./.github/actions/status-check	2024-10-12T01:27:54.8837779Z [36;1m    "result": "success",[0m
Status Check - Keycloak CI	Run /./.github/actions/status-check	2024-10-12T01:27:54.8838069Z [36;1m    "outputs": {}[0m
Status Check - Keycloak CI	Run /./.github/actions/status-check	2024-10-12T01:27:54.8838322Z [36;1m  },[0m
Status Check - Keycloak CI	Run /./.github/actions/status-check	2024-10-12T01:27:54.8838550Z [36;1m  "migration-tests": {[0m
Status Check - Keycloak CI	Run /./.github/actions/status-check	2024-10-12T01:27:54.8838919Z [36;1m    "result": "success",[0m
Status Check - Keycloak CI	Run /./.github/actions/status-check	2024-10-12T01:27:54.8839211Z [36;1m    "outputs": {}[0m
Status Check - Keycloak CI	Run /./.github/actions/status-check	2024-10-12T01:27:54.8839470Z [36;1m  },[0m
Status Check - Keycloak CI	Run /./.github/actions/status-check	2024-10-12T01:27:54.8839725Z [36;1m  "external-infinispan-tests": {[0m
Status Check - Keycloak CI	Run /./.github/actions/status-check	2024-10-12T01:27:54.8840065Z [36;1m    "result": "success",[0m
Status Check - Keycloak CI	Run /./.github/actions/status-check	2024-10-12T01:27:54.8840360Z [36;1m    "outputs": {}[0m
Status Check - Keycloak CI	Run /./.github/actions/status-check	2024-10-12T01:27:54.8840611Z [36;1m  },[0m
Status Check - Keycloak CI	Run /./.github/actions/status-check	2024-10-12T01:27:54.8840839Z [36;1m  "test-poc": {[0m
Status Check - Keycloak CI	Run /./.github/actions/status-check	2024-10-12T01:27:54.8841119Z [36;1m    "result": "success",[0m
Status Check - Keycloak CI	Run /./.github/actions/status-check	2024-10-12T01:27:54.8841409Z [36;1m    "outputs": {}[0m
Status Check - Keycloak CI	Run /./.github/actions/status-check	2024-10-12T01:27:54.8841840Z [36;1m  }[0m
Status Check - Keycloak CI	Run /./.github/actions/status-check	2024-10-12T01:27:54.8842064Z [36;1m}'[0m
Status Check - Keycloak CI	Run /./.github/actions/status-check	2024-10-12T01:27:54.8842273Z [36;1m[0m
Status Check - Keycloak CI	Run /./.github/actions/status-check	2024-10-12T01:27:54.8842496Z [36;1mecho "Job status:"[0m
Status Check - Keycloak CI	Run /./.github/actions/status-check	2024-10-12T01:27:54.8842929Z [36;1mecho $JOBS | jq -r 'to_entries[] | " - \(.key): \(.value.result)"'[0m
Status Check - Keycloak CI	Run /./.github/actions/status-check	2024-10-12T01:27:54.8843366Z [36;1m[0m
Status Check - Keycloak CI	Run /./.github/actions/status-check	2024-10-12T01:27:54.8843724Z [36;1mfor i in $(echo $JOBS | jq -r 'to_entries[] | .value.result'); do[0m
Status Check - Keycloak CI	Run /./.github/actions/status-check	2024-10-12T01:27:54.8844274Z [36;1m  if [ "$i" != "success" ] && [ "$i" != "skipped" ]; then[0m
Status Check - Keycloak CI	Run /./.github/actions/status-check	2024-10-12T01:27:54.8844666Z [36;1m    echo ""[0m
Status Check - Keycloak CI	Run /./.github/actions/status-check	2024-10-12T01:27:54.8844948Z [36;1m    echo "Status check not okay!"[0m
Status Check - Keycloak CI	Run /./.github/actions/status-check	2024-10-12T01:27:54.8845277Z [36;1m    exit 1[0m
Status Check - Keycloak CI	Run /./.github/actions/status-check	2024-10-12T01:27:54.8845505Z [36;1m  fi[0m
Status Check - Keycloak CI	Run /./.github/actions/status-check	2024-10-12T01:27:54.8845875Z [36;1mdone[0m
Status Check - Keycloak CI	Run /./.github/actions/status-check	2024-10-12T01:27:54.8980699Z shell: /usr/bin/bash --noprofile --norc -e -o pipefail {0}
Status Check - Keycloak CI	Run /./.github/actions/status-check	2024-10-12T01:27:54.8981294Z env:
Status Check - Keycloak CI	Run /./.github/actions/status-check	2024-10-12T01:27:54.8981844Z   MAVEN_ARGS: -B -nsu -Daether.connector.http.connectionMaxTtl=25
Status Check - Keycloak CI	Run /./.github/actions/status-check	2024-10-12T01:27:54.8982317Z   SUREFIRE_RERUN_FAILING_COUNT: 2
Status Check - Keycloak CI	Run /./.github/actions/status-check	2024-10-12T01:27:54.8982708Z   SUREFIRE_RETRY: -Dsurefire.rerunFailingTestsCount=2
Status Check - Keycloak CI	Run /./.github/actions/status-check	2024-10-12T01:27:54.8983205Z ##[endgroup]
Status Check - Keycloak CI	Run /./.github/actions/status-check	2024-10-12T01:27:54.9117274Z Job status:
Status Check - Keycloak CI	Run /./.github/actions/status-check	2024-10-12T01:27:54.9166747Z  - conditional: success
Status Check - Keycloak CI	Run /./.github/actions/status-check	2024-10-12T01:27:54.9167327Z  - build: success
Status Check - Keycloak CI	Run /./.github/actions/status-check	2024-10-12T01:27:54.9167798Z  - unit-tests: success
Status Check - Keycloak CI	Run /./.github/actions/status-check	2024-10-12T01:27:54.9168530Z  - base-integration-tests: success
Status Check - Keycloak CI	Run /./.github/actions/status-check	2024-10-12T01:27:54.9169033Z  - adapter-integration-tests: success
Status Check - Keycloak CI	Run /./.github/actions/status-check	2024-10-12T01:27:54.9174850Z  - quarkus-unit-tests: success
Status Check - Keycloak CI	Run /./.github/actions/status-check	2024-10-12T01:27:54.9175918Z  - quarkus-integration-tests: success
Status Check - Keycloak CI	Run /./.github/actions/status-check	2024-10-12T01:27:54.9177053Z  - jdk-integration-tests: success
Status Check - Keycloak CI	Run /./.github/actions/status-check	2024-10-12T01:27:54.9177807Z  - store-integration-tests: success
Status Check - Keycloak CI	Run /./.github/actions/status-check	2024-10-12T01:27:54.9178552Z  - volatile-sessions-tests: success
Status Check - Keycloak CI	Run /./.github/actions/status-check	2024-10-12T01:27:54.9179190Z  - store-model-tests: success
Status Check - Keycloak CI	Run /./.github/actions/status-check	2024-10-12T01:27:54.9179838Z  - clustering-integration-tests: success
Status Check - Keycloak CI	Run /./.github/actions/status-check	2024-10-12T01:27:54.9180557Z  - fips-unit-tests: success
Status Check - Keycloak CI	Run /./.github/actions/status-check	2024-10-12T01:27:54.9181213Z  - fips-integration-tests: failure
Status Check - Keycloak CI	Run /./.github/actions/status-check	2024-10-12T01:27:54.9182085Z  - forms-integration-tests: success
Status Check - Keycloak CI	Run /./.github/actions/status-check	2024-10-12T01:27:54.9182766Z  - webauthn-integration-tests: success
Status Check - Keycloak CI	Run /./.github/actions/status-check	2024-10-12T01:27:54.9183388Z  - sssd-unit-tests: success
Status Check - Keycloak CI	Run /./.github/actions/status-check	2024-10-12T01:27:54.9183919Z  - migration-tests: success
Status Check - Keycloak CI	Run /./.github/actions/status-check	2024-10-12T01:27:54.9184478Z  - external-infinispan-tests: success
Status Check - Keycloak CI	Run /./.github/actions/status-check	2024-10-12T01:27:54.9185087Z  - test-poc: success
Status Check - Keycloak CI	Run /./.github/actions/status-check	2024-10-12T01:27:54.9205464Z 
Status Check - Keycloak CI	Run /./.github/actions/status-check	2024-10-12T01:27:54.9205745Z Status check not okay!
Status Check - Keycloak CI	Run /./.github/actions/status-check	2024-10-12T01:27:54.9218830Z ##[error]Process completed with exit code 1.
