Build	Build Keycloak	2023-02-19T05:03:34.9126865Z Prepare all required actions
Build	Build Keycloak	2023-02-19T05:03:34.9127176Z Getting action download info
Build	Build Keycloak	2023-02-19T05:03:35.0843892Z Download action repository 'actions/setup-java@v3' (SHA:3f07048e3d294f56e9b90ac5ea2c6f74e9ad0f98)
Build	Build Keycloak	2023-02-19T05:03:35.7707593Z Download action repository 'actions/upload-artifact@v3' (SHA:0b7f8abb1508181956e8e162db84b466c27e18ce)
Build	Build Keycloak	2023-02-19T05:03:36.2152331Z ##[group]Run ./.github/actions/build-keycloak
Build	Build Keycloak	2023-02-19T05:03:36.2152567Z with:
Build	Build Keycloak	2023-02-19T05:03:36.2152768Z   upload-m2-repo: true
Build	Build Keycloak	2023-02-19T05:03:36.2152975Z   upload-dist: false
Build	Build Keycloak	2023-02-19T05:03:36.2153161Z   jdk-dist: temurin
Build	Build Keycloak	2023-02-19T05:03:36.2153350Z   jdk-version: 11
Build	Build Keycloak	2023-02-19T05:03:36.2153524Z env:
Build	Build Keycloak	2023-02-19T05:03:36.2153694Z   DEFAULT_JDK_VERSION: 11
Build	Build Keycloak	2023-02-19T05:03:36.2153909Z   DEFAULT_JDK_DIST: temurin
Build	Build Keycloak	2023-02-19T05:03:36.2154128Z   SUREFIRE_RERUN_FAILING_COUNT: 2
Build	Build Keycloak	2023-02-19T05:03:36.2154331Z ##[endgroup]
Build	Build Keycloak	2023-02-19T05:03:36.2426123Z ##[group]Run actions/setup-java@v3
Build	Build Keycloak	2023-02-19T05:03:36.2426339Z with:
Build	Build Keycloak	2023-02-19T05:03:36.2426556Z   distribution: temurin
Build	Build Keycloak	2023-02-19T05:03:36.2426761Z   java-version: 11
Build	Build Keycloak	2023-02-19T05:03:36.2426953Z   java-package: jdk
Build	Build Keycloak	2023-02-19T05:03:36.2427141Z   check-latest: false
Build	Build Keycloak	2023-02-19T05:03:36.2427336Z   server-id: github
Build	Build Keycloak	2023-02-19T05:03:36.2427544Z   server-username: GITHUB_ACTOR
Build	Build Keycloak	2023-02-19T05:03:36.2427785Z   server-password: GITHUB_TOKEN
Build	Build Keycloak	2023-02-19T05:03:36.2428005Z   overwrite-settings: true
Build	Build Keycloak	2023-02-19T05:03:36.2428220Z   job-status: success
Build	Build Keycloak	2023-02-19T05:03:36.2428541Z   token: ***
Build	Build Keycloak	2023-02-19T05:03:36.2428707Z env:
Build	Build Keycloak	2023-02-19T05:03:36.2428887Z   DEFAULT_JDK_VERSION: 11
Build	Build Keycloak	2023-02-19T05:03:36.2429084Z   DEFAULT_JDK_DIST: temurin
Build	Build Keycloak	2023-02-19T05:03:36.2429300Z   SUREFIRE_RERUN_FAILING_COUNT: 2
Build	Build Keycloak	2023-02-19T05:03:36.2429501Z ##[endgroup]
Build	Build Keycloak	2023-02-19T05:03:36.4586446Z ##[group]Installed distributions
Build	Build Keycloak	2023-02-19T05:03:36.4660654Z Resolved Java 11.0.18+10 from tool-cache
Build	Build Keycloak	2023-02-19T05:03:36.4662688Z Setting Java 11.0.18+10 as the default
Build	Build Keycloak	2023-02-19T05:03:36.4686432Z Creating toolchains.xml for JDK version 11 from temurin
Build	Build Keycloak	2023-02-19T05:03:36.4791383Z Writing to /home/runner/.m2/toolchains.xml
Build	Build Keycloak	2023-02-19T05:03:36.4794497Z 
Build	Build Keycloak	2023-02-19T05:03:36.4796243Z Java configuration:
Build	Build Keycloak	2023-02-19T05:03:36.4798023Z   Distribution: temurin
Build	Build Keycloak	2023-02-19T05:03:36.4800814Z   Version: 11.0.18+10
Build	Build Keycloak	2023-02-19T05:03:36.4802943Z   Path: /opt/hostedtoolcache/Java_Temurin-Hotspot_jdk/11.0.18-10/x64
Build	Build Keycloak	2023-02-19T05:03:36.4803415Z 
Build	Build Keycloak	2023-02-19T05:03:36.4805349Z ##[endgroup]
Build	Build Keycloak	2023-02-19T05:03:36.4836304Z Creating settings.xml with server-id: github
Build	Build Keycloak	2023-02-19T05:03:36.4898656Z Writing to /home/runner/.m2/settings.xml
Build	Build Keycloak	2023-02-19T05:03:36.5053511Z Prepare all required actions
Build	Build Keycloak	2023-02-19T05:03:36.5053794Z Getting action download info
Build	Build Keycloak	2023-02-19T05:03:36.6529661Z Download action repository 'actions/cache@v3' (SHA:6998d139ddd3e68c71e9e398d8e40b71a2f39812)
Build	Build Keycloak	2023-02-19T05:03:37.4236352Z ##[group]Run ./.github/actions/maven-cache
Build	Build Keycloak	2023-02-19T05:03:37.4236596Z env:
Build	Build Keycloak	2023-02-19T05:03:37.4236788Z   DEFAULT_JDK_VERSION: 11
Build	Build Keycloak	2023-02-19T05:03:37.4236991Z   DEFAULT_JDK_DIST: temurin
Build	Build Keycloak	2023-02-19T05:03:37.4237314Z   SUREFIRE_RERUN_FAILING_COUNT: 2
Build	Build Keycloak	2023-02-19T05:03:37.4237605Z   JAVA_HOME: /opt/hostedtoolcache/Java_Temurin-Hotspot_jdk/11.0.18-10/x64
Build	Build Keycloak	2023-02-19T05:03:37.4237949Z   JAVA_HOME_11_X64: /opt/hostedtoolcache/Java_Temurin-Hotspot_jdk/11.0.18-10/x64
Build	Build Keycloak	2023-02-19T05:03:37.4238210Z ##[endgroup]
Build	Build Keycloak	2023-02-19T05:03:37.4293668Z ##[group]Run echo "key=mvn-`date -u "+%Y-%U"`" >> $GITHUB_OUTPUT
Build	Build Keycloak	2023-02-19T05:03:37.4294060Z [36;1mecho "key=mvn-`date -u "+%Y-%U"`" >> $GITHUB_OUTPUT[0m
Build	Build Keycloak	2023-02-19T05:03:37.4353168Z shell: /usr/bin/bash --noprofile --norc -e -o pipefail {0}
Build	Build Keycloak	2023-02-19T05:03:37.4353439Z env:
Build	Build Keycloak	2023-02-19T05:03:37.4353631Z   DEFAULT_JDK_VERSION: 11
Build	Build Keycloak	2023-02-19T05:03:37.4353835Z   DEFAULT_JDK_DIST: temurin
Build	Build Keycloak	2023-02-19T05:03:37.4354058Z   SUREFIRE_RERUN_FAILING_COUNT: 2
Build	Build Keycloak	2023-02-19T05:03:37.4354351Z   JAVA_HOME: /opt/hostedtoolcache/Java_Temurin-Hotspot_jdk/11.0.18-10/x64
Build	Build Keycloak	2023-02-19T05:03:37.4354699Z   JAVA_HOME_11_X64: /opt/hostedtoolcache/Java_Temurin-Hotspot_jdk/11.0.18-10/x64
Build	Build Keycloak	2023-02-19T05:03:37.4355134Z ##[endgroup]
Build	Build Keycloak	2023-02-19T05:03:37.4558941Z ##[group]Run actions/cache@v3
Build	Build Keycloak	2023-02-19T05:03:37.4559153Z with:
Build	Build Keycloak	2023-02-19T05:03:37.4559342Z   path: ~/.m2/repository
Build	Build Keycloak	2023-02-19T05:03:37.4559533Z   key: mvn-2023-08
Build	Build Keycloak	2023-02-19T05:03:37.4559740Z   enableCrossOsArchive: false
Build	Build Keycloak	2023-02-19T05:03:37.4559968Z   fail-on-cache-miss: false
Build	Build Keycloak	2023-02-19T05:03:37.4560153Z env:
Build	Build Keycloak	2023-02-19T05:03:37.4560329Z   DEFAULT_JDK_VERSION: 11
Build	Build Keycloak	2023-02-19T05:03:37.4560532Z   DEFAULT_JDK_DIST: temurin
Build	Build Keycloak	2023-02-19T05:03:37.4560746Z   SUREFIRE_RERUN_FAILING_COUNT: 2
Build	Build Keycloak	2023-02-19T05:03:37.4561029Z   JAVA_HOME: /opt/hostedtoolcache/Java_Temurin-Hotspot_jdk/11.0.18-10/x64
Build	Build Keycloak	2023-02-19T05:03:37.4561377Z   JAVA_HOME_11_X64: /opt/hostedtoolcache/Java_Temurin-Hotspot_jdk/11.0.18-10/x64
Build	Build Keycloak	2023-02-19T05:03:37.4561632Z ##[endgroup]
Build	Build Keycloak	2023-02-19T05:03:38.9586527Z Received 62914560 of 612480979 (10.3%), 59.9 MBs/sec
Build	Build Keycloak	2023-02-19T05:03:39.9593115Z Received 239075328 of 612480979 (39.0%), 113.9 MBs/sec
Build	Build Keycloak	2023-02-19T05:03:40.9598902Z Received 419430400 of 612480979 (68.5%), 133.2 MBs/sec
Build	Build Keycloak	2023-02-19T05:03:41.9603770Z Received 604092371 of 612480979 (98.6%), 143.9 MBs/sec
Build	Build Keycloak	2023-02-19T05:03:42.4244970Z Received 612480979 of 612480979 (100.0%), 130.8 MBs/sec
Build	Build Keycloak	2023-02-19T05:03:42.4245584Z Cache Size: ~584 MB (612480979 B)
Build	Build Keycloak	2023-02-19T05:03:42.4482230Z [command]/usr/bin/tar -xf /home/runner/work/_temp/b6cf5a65-342a-4aac-91c7-d543728ee6ca/cache.tgz -P -C /home/runner/work/keycloak/keycloak -z
Build	Build Keycloak	2023-02-19T05:03:48.5681321Z Cache restored successfully
Build	Build Keycloak	2023-02-19T05:03:48.9090938Z Cache restored from key: mvn-2023-08
Build	Build Keycloak	2023-02-19T05:03:48.9216978Z ##[group]Run if ( stat ~/.m2/repository/org/keycloak &>/dev/null ); then
Build	Build Keycloak	2023-02-19T05:03:48.9217362Z [36;1mif ( stat ~/.m2/repository/org/keycloak &>/dev/null ); then[0m
Build	Build Keycloak	2023-02-19T05:03:48.9217696Z [36;1m  echo "Found org/keycloak artifacts in Maven repository cache"[0m
Build	Build Keycloak	2023-02-19T05:03:48.9217996Z [36;1m  ls ~/.m2/repository/org/keycloak[0m
Build	Build Keycloak	2023-02-19T05:03:48.9218209Z [36;1m  exit 1[0m
Build	Build Keycloak	2023-02-19T05:03:48.9218394Z [36;1mfi[0m
Build	Build Keycloak	2023-02-19T05:03:48.9271531Z shell: /usr/bin/bash --noprofile --norc -e -o pipefail {0}
Build	Build Keycloak	2023-02-19T05:03:48.9271796Z env:
Build	Build Keycloak	2023-02-19T05:03:48.9271980Z   DEFAULT_JDK_VERSION: 11
Build	Build Keycloak	2023-02-19T05:03:48.9272206Z   DEFAULT_JDK_DIST: temurin
Build	Build Keycloak	2023-02-19T05:03:48.9272440Z   SUREFIRE_RERUN_FAILING_COUNT: 2
Build	Build Keycloak	2023-02-19T05:03:48.9272740Z   JAVA_HOME: /opt/hostedtoolcache/Java_Temurin-Hotspot_jdk/11.0.18-10/x64
Build	Build Keycloak	2023-02-19T05:03:48.9273097Z   JAVA_HOME_11_X64: /opt/hostedtoolcache/Java_Temurin-Hotspot_jdk/11.0.18-10/x64
Build	Build Keycloak	2023-02-19T05:03:48.9273373Z ##[endgroup]
Build	Build Keycloak	2023-02-19T05:03:48.9520843Z Found org/keycloak artifacts in Maven repository cache
Build	Build Keycloak	2023-02-19T05:03:48.9531517Z keycloak-common
Build	Build Keycloak	2023-02-19T05:03:48.9531998Z keycloak-operator
Build	Build Keycloak	2023-02-19T05:03:48.9532576Z keycloak-parent
Build	Build Keycloak	2023-02-19T05:03:48.9547414Z ##[error]Process completed with exit code 1.
Status Check - Keycloak CI	Check status	2023-02-19T05:04:04.9764385Z Prepare all required actions
Status Check - Keycloak CI	Check status	2023-02-19T05:04:04.9807188Z ##[group]Run ./.github/actions/checks-job-pass
Status Check - Keycloak CI	Check status	2023-02-19T05:04:04.9807460Z with:
Status Check - Keycloak CI	Check status	2023-02-19T05:04:04.9807636Z   required: true
Status Check - Keycloak CI	Check status	2023-02-19T05:04:04.9807828Z env:
Status Check - Keycloak CI	Check status	2023-02-19T05:04:04.9808010Z   DEFAULT_JDK_VERSION: 11
Status Check - Keycloak CI	Check status	2023-02-19T05:04:04.9808233Z   DEFAULT_JDK_DIST: temurin
Status Check - Keycloak CI	Check status	2023-02-19T05:04:04.9808466Z   SUREFIRE_RERUN_FAILING_COUNT: 2
Status Check - Keycloak CI	Check status	2023-02-19T05:04:04.9808682Z ##[endgroup]
Status Check - Keycloak CI	Check status	2023-02-19T05:04:05.0112076Z ##[group]Run if [ "true" == "false" ]; then
Status Check - Keycloak CI	Check status	2023-02-19T05:04:05.0112451Z [36;1mif [ "true" == "false" ]; then[0m
Status Check - Keycloak CI	Check status	2023-02-19T05:04:05.0112718Z [36;1m  echo "Not required to run, skipping"[0m
Status Check - Keycloak CI	Check status	2023-02-19T05:04:05.0112964Z [36;1melse[0m
Status Check - Keycloak CI	Check status	2023-02-19T05:04:05.0113163Z [36;1m  if [ "" == "success" ]; then[0m
Status Check - Keycloak CI	Check status	2023-02-19T05:04:05.0113388Z [36;1m    echo "Success"[0m
Status Check - Keycloak CI	Check status	2023-02-19T05:04:05.0113593Z [36;1m  else[0m
Status Check - Keycloak CI	Check status	2023-02-19T05:04:05.0113818Z [36;1m    echo "Required to run, but didn't succeed"[0m
Status Check - Keycloak CI	Check status	2023-02-19T05:04:05.0114072Z [36;1m    exit 1[0m
Status Check - Keycloak CI	Check status	2023-02-19T05:04:05.0114321Z [36;1m  fi        [0m
Status Check - Keycloak CI	Check status	2023-02-19T05:04:05.0114511Z [36;1mfi[0m
Status Check - Keycloak CI	Check status	2023-02-19T05:04:05.0175622Z shell: /usr/bin/bash --noprofile --norc -e -o pipefail {0}
Status Check - Keycloak CI	Check status	2023-02-19T05:04:05.0175935Z env:
Status Check - Keycloak CI	Check status	2023-02-19T05:04:05.0176149Z   DEFAULT_JDK_VERSION: 11
Status Check - Keycloak CI	Check status	2023-02-19T05:04:05.0176362Z   DEFAULT_JDK_DIST: temurin
Status Check - Keycloak CI	Check status	2023-02-19T05:04:05.0176599Z   SUREFIRE_RERUN_FAILING_COUNT: 2
Status Check - Keycloak CI	Check status	2023-02-19T05:04:05.0176833Z ##[endgroup]
Status Check - Keycloak CI	Check status	2023-02-19T05:04:05.0344330Z Required to run, but didn't succeed
Status Check - Keycloak CI	Check status	2023-02-19T05:04:05.0365668Z ##[error]Process completed with exit code 1.
