Store IT (aurora-postgres)	Run Aurora tests on EC2	2024-04-07T00:37:59.7169104Z ##[group]Run PROPS="-Dauth.server.db.host=gh-action-811c70d.cluster-ctdxeb4izrnc.us-east-1.rds.amazonaws.com"
Store IT (aurora-postgres)	Run Aurora tests on EC2	2024-04-07T00:37:59.7170494Z [36;1mPROPS="-Dauth.server.db.host=gh-action-811c70d.cluster-ctdxeb4izrnc.us-east-1.rds.amazonaws.com"[0m
Store IT (aurora-postgres)	Run Aurora tests on EC2	2024-04-07T00:37:59.7171598Z [36;1mPROPS+=" -Dkeycloak.connectionsJpa.***"[0m
Store IT (aurora-postgres)	Run Aurora tests on EC2	2024-04-07T00:37:59.7172115Z [36;1m[0m
Store IT (aurora-postgres)	Run Aurora tests on EC2	2024-04-07T00:37:59.7172545Z [36;1mREGION=us-east-1[0m
Store IT (aurora-postgres)	Run Aurora tests on EC2	2024-04-07T00:37:59.7172932Z [36;1m[0m
Store IT (aurora-postgres)	Run Aurora tests on EC2	2024-04-07T00:37:59.7173629Z [36;1mcurl --fail-with-body https://truststore.pki.rds.amazonaws.com/${REGION}/${REGION}-bundle.pem -o aws.pem[0m
Store IT (aurora-postgres)	Run Aurora tests on EC2	2024-04-07T00:37:59.7174839Z [36;1mPROPS+=" -Dkeycloak.connectionsJpa.jdbcParameters=\"?ssl=true&sslmode=verify-ca&sslrootcert=/opt/keycloak/aws.pem\""[0m
Store IT (aurora-postgres)	Run Aurora tests on EC2	2024-04-07T00:37:59.7175652Z [36;1m[0m
Store IT (aurora-postgres)	Run Aurora tests on EC2	2024-04-07T00:37:59.7176174Z [36;1mTESTS=`testsuite/integration-arquillian/tests/base/testsuites/suite.sh database`[0m
Store IT (aurora-postgres)	Run Aurora tests on EC2	2024-04-07T00:37:59.7176928Z [36;1mecho "Tests: $TESTS"[0m
Store IT (aurora-postgres)	Run Aurora tests on EC2	2024-04-07T00:37:59.7177336Z [36;1m[0m
Store IT (aurora-postgres)	Run Aurora tests on EC2	2024-04-07T00:37:59.7177974Z [36;1mgit archive --format=zip --output /tmp/keycloak.zip $GITHUB_REF[0m
Store IT (aurora-postgres)	Run Aurora tests on EC2	2024-04-07T00:37:59.7178609Z [36;1mzip -u /tmp/keycloak.zip aws.pem[0m
Store IT (aurora-postgres)	Run Aurora tests on EC2	2024-04-07T00:37:59.7179108Z [36;1m[0m
Store IT (aurora-postgres)	Run Aurora tests on EC2	2024-04-07T00:37:59.7179412Z [36;1mcd .github/scripts/ansible[0m
Store IT (aurora-postgres)	Run Aurora tests on EC2	2024-04-07T00:37:59.7179984Z [36;1mexport CLUSTER_NAME=keycloak_$(git rev-parse --short HEAD)[0m
Store IT (aurora-postgres)	Run Aurora tests on EC2	2024-04-07T00:37:59.7180717Z [36;1mecho "ec2_cluster=${CLUSTER_NAME}" >> $GITHUB_OUTPUT[0m
Store IT (aurora-postgres)	Run Aurora tests on EC2	2024-04-07T00:37:59.7181272Z [36;1m./aws_ec2.sh requirements[0m
Store IT (aurora-postgres)	Run Aurora tests on EC2	2024-04-07T00:37:59.7181718Z [36;1m./aws_ec2.sh create ${REGION}[0m
Store IT (aurora-postgres)	Run Aurora tests on EC2	2024-04-07T00:37:59.7182353Z [36;1m./keycloak_ec2_installer.sh ${REGION} /tmp/keycloak.zip[0m
Store IT (aurora-postgres)	Run Aurora tests on EC2	2024-04-07T00:37:59.7183095Z [36;1m./mvn_ec2_runner.sh ${REGION} "clean install -B -DskipTests -Pdistribution"[0m
Store IT (aurora-postgres)	Run Aurora tests on EC2	2024-04-07T00:37:59.7184468Z [36;1m./mvn_ec2_runner.sh ${REGION} "clean install -B -DskipTests -pl testsuite/integration-arquillian/servers/auth-server/quarkus -Pauth-server-quarkus -Pdb-aurora-postgres -Dmaven.build.cache.enabled=true"[0m
Store IT (aurora-postgres)	Run Aurora tests on EC2	2024-04-07T00:37:59.7186518Z [36;1m./mvn_ec2_runner.sh ${REGION} "test -B -Dsurefire.rerunFailingTestsCount=2 -Pauth-server-quarkus -Pdb-aurora-postgres $PROPS -Dtest=$TESTS -pl testsuite/integration-arquillian/tests/base 2>&1 | misc/log/trimmer.sh"[0m
Store IT (aurora-postgres)	Run Aurora tests on EC2	2024-04-07T00:37:59.7187718Z [36;1m[0m
Store IT (aurora-postgres)	Run Aurora tests on EC2	2024-04-07T00:37:59.7188377Z [36;1m# Copy returned surefire-report directories to workspace root to ensure they're discovered[0m
Store IT (aurora-postgres)	Run Aurora tests on EC2	2024-04-07T00:37:59.7189095Z [36;1mresults=(files/keycloak/results/*)[0m
Store IT (aurora-postgres)	Run Aurora tests on EC2	2024-04-07T00:37:59.7189565Z [36;1mrsync -a $results/* ../../../[0m
Store IT (aurora-postgres)	Run Aurora tests on EC2	2024-04-07T00:37:59.7190070Z [36;1mrm -rf $results[0m
Store IT (aurora-postgres)	Run Aurora tests on EC2	2024-04-07T00:37:59.7242144Z shell: /usr/bin/bash --noprofile --norc -e -o pipefail {0}
Store IT (aurora-postgres)	Run Aurora tests on EC2	2024-04-07T00:37:59.7242713Z env:
Store IT (aurora-postgres)	Run Aurora tests on EC2	2024-04-07T00:37:59.7243180Z   MAVEN_ARGS: -B -nsu -Daether.connector.http.connectionMaxTtl=25
Store IT (aurora-postgres)	Run Aurora tests on EC2	2024-04-07T00:37:59.7243852Z   SUREFIRE_RERUN_FAILING_COUNT: 2
Store IT (aurora-postgres)	Run Aurora tests on EC2	2024-04-07T00:37:59.7244330Z   SUREFIRE_RETRY: -Dsurefire.rerunFailingTestsCount=2
Store IT (aurora-postgres)	Run Aurora tests on EC2	2024-04-07T00:37:59.7244832Z ##[endgroup]
Store IT (aurora-postgres)	Run Aurora tests on EC2	2024-04-07T00:37:59.7389379Z   % Total    % Received % Xferd  Average Speed   Time    Time     Time  Current
Store IT (aurora-postgres)	Run Aurora tests on EC2	2024-04-07T00:37:59.7391648Z                                  Dload  Upload   Total   Spent    Left  Speed
Store IT (aurora-postgres)	Run Aurora tests on EC2	2024-04-07T00:37:59.7392442Z 
Store IT (aurora-postgres)	Run Aurora tests on EC2	2024-04-07T00:37:59.8374816Z   0     0    0     0    0     0      0      0 --:--:-- --:--:-- --:--:--     0
Store IT (aurora-postgres)	Run Aurora tests on EC2	2024-04-07T00:37:59.8376049Z 100  7488  100  7488    0     0  75800      0 --:--:-- --:--:-- --:--:-- 76408
Store IT (aurora-postgres)	Run Aurora tests on EC2	2024-04-07T00:37:59.9093004Z Tests: AccountRestServiceTest,AuthorizationCodeTest,AuthorizationTest,ClientRegistrationTest,EventStoreProviderTest,ExportImportTest,GeneratedRsaKeyProviderTest,KcOidcBrokerTest,LDAPUserLoginTest,LoginTest,PasswordPolicyTest,RefreshTokenTest,RequiredActionUpdateProfileTest,SSOTest,SamlClientTest,TransactionsTest,UserProfileTest,org.keycloak.testsuite.admin.**,org.keycloak.testsuite.authz.**ManagementTest
Store IT (aurora-postgres)	Run Aurora tests on EC2	2024-04-07T00:38:02.7843775Z   adding: aws.pem (deflated 40%)
Store IT (aurora-postgres)	Run Aurora tests on EC2	2024-04-07T00:39:19.3800771Z [WARNING]: Skipping Galaxy server https://galaxy.ansible.com. Got an unexpected
Store IT (aurora-postgres)	Run Aurora tests on EC2	2024-04-07T00:39:19.3802503Z error when getting available versions of collection amazon.aws: 'results'
Store IT (aurora-postgres)	Run Aurora tests on EC2	2024-04-07T00:39:19.3803587Z ERROR! Unexpected Exception, this is probably a bug: 'results'
Store IT (aurora-postgres)	Run Aurora tests on EC2	2024-04-07T00:39:19.6684747Z Starting galaxy collection install process
Store IT (aurora-postgres)	Run Aurora tests on EC2	2024-04-07T00:39:19.6686089Z Process install dependency map
Store IT (aurora-postgres)	Run Aurora tests on EC2	2024-04-07T00:39:19.6687124Z to see the full traceback, use -vvv
Store IT (aurora-postgres)	Run Aurora tests on EC2	2024-04-07T00:39:19.6999220Z ##[error]Process completed with exit code 250.
Store IT (aurora-postgres)	Delete Aurora EC2 Instance	2024-04-07T00:39:21.9960660Z ##[group]Run export CLUSTER_NAME=keycloak_811c70d
Store IT (aurora-postgres)	Delete Aurora EC2 Instance	2024-04-07T00:39:21.9961367Z [36;1mexport CLUSTER_NAME=keycloak_811c70d[0m
Store IT (aurora-postgres)	Delete Aurora EC2 Instance	2024-04-07T00:39:21.9961855Z [36;1m./aws_ec2.sh delete us-east-1[0m
Store IT (aurora-postgres)	Delete Aurora EC2 Instance	2024-04-07T00:39:22.0013656Z shell: /usr/bin/bash --noprofile --norc -e -o pipefail {0}
Store IT (aurora-postgres)	Delete Aurora EC2 Instance	2024-04-07T00:39:22.0014192Z env:
Store IT (aurora-postgres)	Delete Aurora EC2 Instance	2024-04-07T00:39:22.0014725Z   MAVEN_ARGS: -B -nsu -Daether.connector.http.connectionMaxTtl=25
Store IT (aurora-postgres)	Delete Aurora EC2 Instance	2024-04-07T00:39:22.0015331Z   SUREFIRE_RERUN_FAILING_COUNT: 2
Store IT (aurora-postgres)	Delete Aurora EC2 Instance	2024-04-07T00:39:22.0015835Z   SUREFIRE_RETRY: -Dsurefire.rerunFailingTestsCount=2
Store IT (aurora-postgres)	Delete Aurora EC2 Instance	2024-04-07T00:39:22.0016408Z ##[endgroup]
Store IT (aurora-postgres)	Delete Aurora EC2 Instance	2024-04-07T00:39:22.5830413Z [WARNING]: No inventory was parsed, only implicit localhost is available
Store IT (aurora-postgres)	Delete Aurora EC2 Instance	2024-04-07T00:39:22.6616271Z [WARNING]: provided hosts list is empty, only localhost is available. Note that
Store IT (aurora-postgres)	Delete Aurora EC2 Instance	2024-04-07T00:39:22.6617510Z the implicit localhost does not match 'all'
Store IT (aurora-postgres)	Delete Aurora EC2 Instance	2024-04-07T00:39:23.3814970Z Using /home/runner/work/keycloak/keycloak/.github/scripts/ansible/ansible.cfg as config file
Store IT (aurora-postgres)	Delete Aurora EC2 Instance	2024-04-07T00:39:23.3815893Z 
Store IT (aurora-postgres)	Delete Aurora EC2 Instance	2024-04-07T00:39:23.3816179Z PLAY [localhost] ***************************************************************
Store IT (aurora-postgres)	Delete Aurora EC2 Instance	2024-04-07T00:39:23.3816599Z 
Store IT (aurora-postgres)	Delete Aurora EC2 Instance	2024-04-07T00:39:23.3816980Z TASK [Gathering Facts] *********************************************************
Store IT (aurora-postgres)	Delete Aurora EC2 Instance	2024-04-07T00:39:25.5278776Z ok: [localhost]
Store IT (aurora-postgres)	Delete Aurora EC2 Instance	2024-04-07T00:39:25.5279377Z 
Store IT (aurora-postgres)	Delete Aurora EC2 Instance	2024-04-07T00:39:25.5281663Z TASK [aws_ec2 : debug] *********************************************************
Store IT (aurora-postgres)	Delete Aurora EC2 Instance	2024-04-07T00:39:25.5467979Z ok: [localhost] => {
Store IT (aurora-postgres)	Delete Aurora EC2 Instance	2024-04-07T00:39:25.5468920Z     "cluster_identifier": "runner"
Store IT (aurora-postgres)	Delete Aurora EC2 Instance	2024-04-07T00:39:25.5469641Z }
Store IT (aurora-postgres)	Delete Aurora EC2 Instance	2024-04-07T00:39:25.5469884Z 
Store IT (aurora-postgres)	Delete Aurora EC2 Instance	2024-04-07T00:39:25.5470209Z TASK [aws_ec2 : debug] *********************************************************
Store IT (aurora-postgres)	Delete Aurora EC2 Instance	2024-04-07T00:39:25.5626204Z ok: [localhost] => {
Store IT (aurora-postgres)	Delete Aurora EC2 Instance	2024-04-07T00:39:25.5627111Z     "region": "us-east-1"
Store IT (aurora-postgres)	Delete Aurora EC2 Instance	2024-04-07T00:39:25.5627677Z }
Store IT (aurora-postgres)	Delete Aurora EC2 Instance	2024-04-07T00:39:25.5628086Z 
Store IT (aurora-postgres)	Delete Aurora EC2 Instance	2024-04-07T00:39:25.5628508Z TASK [aws_ec2 : debug] *********************************************************
Store IT (aurora-postgres)	Delete Aurora EC2 Instance	2024-04-07T00:39:25.5785884Z ok: [localhost] => {
Store IT (aurora-postgres)	Delete Aurora EC2 Instance	2024-04-07T00:39:25.5786707Z     "cluster_name": "keycloak_811c70d"
Store IT (aurora-postgres)	Delete Aurora EC2 Instance	2024-04-07T00:39:25.5787403Z }
Store IT (aurora-postgres)	Delete Aurora EC2 Instance	2024-04-07T00:39:25.5787645Z 
Store IT (aurora-postgres)	Delete Aurora EC2 Instance	2024-04-07T00:39:25.5788176Z TASK [aws_ec2 : include_tasks] *************************************************
Store IT (aurora-postgres)	Delete Aurora EC2 Instance	2024-04-07T00:39:25.5911356Z skipping: [localhost] => {"changed": false, "false_condition": "operation == \"create\"", "skip_reason": "Conditional result was False"}
Store IT (aurora-postgres)	Delete Aurora EC2 Instance	2024-04-07T00:39:25.5912493Z 
Store IT (aurora-postgres)	Delete Aurora EC2 Instance	2024-04-07T00:39:25.5913058Z TASK [aws_ec2 : include_tasks] *************************************************
Store IT (aurora-postgres)	Delete Aurora EC2 Instance	2024-04-07T00:39:25.6042182Z skipping: [localhost] => {"changed": false, "false_condition": "operation == \"start\" or operation == \"stop\"", "skip_reason": "Conditional result was False"}
Store IT (aurora-postgres)	Delete Aurora EC2 Instance	2024-04-07T00:39:25.6043598Z 
Store IT (aurora-postgres)	Delete Aurora EC2 Instance	2024-04-07T00:39:25.6044124Z TASK [aws_ec2 : include_tasks] *************************************************
Store IT (aurora-postgres)	Delete Aurora EC2 Instance	2024-04-07T00:39:25.6572191Z included: /home/runner/work/keycloak/keycloak/.github/scripts/ansible/roles/aws_ec2/tasks/delete-resources.yml for localhost
Store IT (aurora-postgres)	Delete Aurora EC2 Instance	2024-04-07T00:39:25.6573465Z 
Store IT (aurora-postgres)	Delete Aurora EC2 Instance	2024-04-07T00:39:25.6574156Z TASK [aws_ec2 : Delete EC2 instances] ******************************************
Store IT (aurora-postgres)	Delete Aurora EC2 Instance	2024-04-07T00:39:26.1730124Z fatal: [localhost]: FAILED! => {"changed": false, "msg": "Failed to import the required Python library (botocore and boto3) on fv-az985-328's Python /opt/pipx/venvs/ansible-core/bin/python. Please read the module documentation and install it in the appropriate location. If the required library is installed, but Ansible is using the wrong Python interpreter, please consult the documentation on ansible_python_interpreter"}
Store IT (aurora-postgres)	Delete Aurora EC2 Instance	2024-04-07T00:39:26.1733547Z 
Store IT (aurora-postgres)	Delete Aurora EC2 Instance	2024-04-07T00:39:26.1733935Z PLAY RECAP *********************************************************************
Store IT (aurora-postgres)	Delete Aurora EC2 Instance	2024-04-07T00:39:26.1734908Z localhost                  : ok=5    changed=0    unreachable=0    failed=1    skipped=2    rescued=0    ignored=0   
Store IT (aurora-postgres)	Delete Aurora EC2 Instance	2024-04-07T00:39:26.1735717Z 
Store IT (aurora-postgres)	Delete Aurora EC2 Instance	2024-04-07T00:39:26.2111016Z ##[error]Process completed with exit code 2.
Status Check - Keycloak CI	Run /./.github/actions/status-check	2024-04-07T01:22:08.1620280Z Prepare all required actions
Status Check - Keycloak CI	Run /./.github/actions/status-check	2024-04-07T01:22:08.1708406Z ##[group]Run ./.github/actions/status-check
Status Check - Keycloak CI	Run /./.github/actions/status-check	2024-04-07T01:22:08.1708895Z with:
Status Check - Keycloak CI	Run /./.github/actions/status-check	2024-04-07T01:22:08.1713364Z   jobs: {
Status Check - Keycloak CI	Run /./.github/actions/status-check	  "conditional": {
Status Check - Keycloak CI	Run /./.github/actions/status-check	    "result": "success",
Status Check - Keycloak CI	Run /./.github/actions/status-check	    "outputs": {
Status Check - Keycloak CI	Run /./.github/actions/status-check	      "ci": "true",
Status Check - Keycloak CI	Run /./.github/actions/status-check	      "ci-sssd": "true",
Status Check - Keycloak CI	Run /./.github/actions/status-check	      "ci-store": "true",
Status Check - Keycloak CI	Run /./.github/actions/status-check	      "ci-store-matrix": "[\"postgres\",\"mysql\",\"oracle\",\"mssql\",\"mariadb\",\"aurora-postgres\"]"
Status Check - Keycloak CI	Run /./.github/actions/status-check	    }
Status Check - Keycloak CI	Run /./.github/actions/status-check	  },
Status Check - Keycloak CI	Run /./.github/actions/status-check	  "build": {
Status Check - Keycloak CI	Run /./.github/actions/status-check	    "result": "success",
Status Check - Keycloak CI	Run /./.github/actions/status-check	    "outputs": {}
Status Check - Keycloak CI	Run /./.github/actions/status-check	  },
Status Check - Keycloak CI	Run /./.github/actions/status-check	  "unit-tests": {
Status Check - Keycloak CI	Run /./.github/actions/status-check	    "result": "success",
Status Check - Keycloak CI	Run /./.github/actions/status-check	    "outputs": {}
Status Check - Keycloak CI	Run /./.github/actions/status-check	  },
Status Check - Keycloak CI	Run /./.github/actions/status-check	  "base-integration-tests": {
Status Check - Keycloak CI	Run /./.github/actions/status-check	    "result": "success",
Status Check - Keycloak CI	Run /./.github/actions/status-check	    "outputs": {}
Status Check - Keycloak CI	Run /./.github/actions/status-check	  },
Status Check - Keycloak CI	Run /./.github/actions/status-check	  "adapter-integration-tests": {
Status Check - Keycloak CI	Run /./.github/actions/status-check	    "result": "success",
Status Check - Keycloak CI	Run /./.github/actions/status-check	    "outputs": {}
Status Check - Keycloak CI	Run /./.github/actions/status-check	  },
Status Check - Keycloak CI	Run /./.github/actions/status-check	  "quarkus-unit-tests": {
Status Check - Keycloak CI	Run /./.github/actions/status-check	    "result": "success",
Status Check - Keycloak CI	Run /./.github/actions/status-check	    "outputs": {}
Status Check - Keycloak CI	Run /./.github/actions/status-check	  },
Status Check - Keycloak CI	Run /./.github/actions/status-check	  "quarkus-integration-tests": {
Status Check - Keycloak CI	Run /./.github/actions/status-check	    "result": "success",
Status Check - Keycloak CI	Run /./.github/actions/status-check	    "outputs": {}
Status Check - Keycloak CI	Run /./.github/actions/status-check	  },
Status Check - Keycloak CI	Run /./.github/actions/status-check	  "jdk-integration-tests": {
Status Check - Keycloak CI	Run /./.github/actions/status-check	    "result": "success",
Status Check - Keycloak CI	Run /./.github/actions/status-check	    "outputs": {}
Status Check - Keycloak CI	Run /./.github/actions/status-check	  },
Status Check - Keycloak CI	Run /./.github/actions/status-check	  "store-integration-tests": {
Status Check - Keycloak CI	Run /./.github/actions/status-check	    "result": "failure",
Status Check - Keycloak CI	Run /./.github/actions/status-check	    "outputs": {}
Status Check - Keycloak CI	Run /./.github/actions/status-check	  },
Status Check - Keycloak CI	Run /./.github/actions/status-check	  "persistent-sessions-tests": {
Status Check - Keycloak CI	Run /./.github/actions/status-check	    "result": "success",
Status Check - Keycloak CI	Run /./.github/actions/status-check	    "outputs": {}
Status Check - Keycloak CI	Run /./.github/actions/status-check	  },
Status Check - Keycloak CI	Run /./.github/actions/status-check	  "store-model-tests": {
Status Check - Keycloak CI	Run /./.github/actions/status-check	    "result": "success",
Status Check - Keycloak CI	Run /./.github/actions/status-check	    "outputs": {}
Status Check - Keycloak CI	Run /./.github/actions/status-check	  },
Status Check - Keycloak CI	Run /./.github/actions/status-check	  "clustering-integration-tests": {
Status Check - Keycloak CI	Run /./.github/actions/status-check	    "result": "success",
Status Check - Keycloak CI	Run /./.github/actions/status-check	    "outputs": {}
Status Check - Keycloak CI	Run /./.github/actions/status-check	  },
Status Check - Keycloak CI	Run /./.github/actions/status-check	  "fips-unit-tests": {
Status Check - Keycloak CI	Run /./.github/actions/status-check	    "result": "success",
Status Check - Keycloak CI	Run /./.github/actions/status-check	    "outputs": {}
Status Check - Keycloak CI	Run /./.github/actions/status-check	  },
Status Check - Keycloak CI	Run /./.github/actions/status-check	  "fips-integration-tests": {
Status Check - Keycloak CI	Run /./.github/actions/status-check	    "result": "success",
Status Check - Keycloak CI	Run /./.github/actions/status-check	    "outputs": {}
Status Check - Keycloak CI	Run /./.github/actions/status-check	  },
Status Check - Keycloak CI	Run /./.github/actions/status-check	  "forms-integration-tests": {
Status Check - Keycloak CI	Run /./.github/actions/status-check	    "result": "success",
Status Check - Keycloak CI	Run /./.github/actions/status-check	    "outputs": {}
Status Check - Keycloak CI	Run /./.github/actions/status-check	  },
Status Check - Keycloak CI	Run /./.github/actions/status-check	  "webauthn-integration-tests": {
Status Check - Keycloak CI	Run /./.github/actions/status-check	    "result": "success",
Status Check - Keycloak CI	Run /./.github/actions/status-check	    "outputs": {}
Status Check - Keycloak CI	Run /./.github/actions/status-check	  },
Status Check - Keycloak CI	Run /./.github/actions/status-check	  "sssd-unit-tests": {
Status Check - Keycloak CI	Run /./.github/actions/status-check	    "result": "success",
Status Check - Keycloak CI	Run /./.github/actions/status-check	    "outputs": {}
Status Check - Keycloak CI	Run /./.github/actions/status-check	  },
Status Check - Keycloak CI	Run /./.github/actions/status-check	  "migration-tests": {
Status Check - Keycloak CI	Run /./.github/actions/status-check	    "result": "success",
Status Check - Keycloak CI	Run /./.github/actions/status-check	    "outputs": {}
Status Check - Keycloak CI	Run /./.github/actions/status-check	  }
Status Check - Keycloak CI	Run /./.github/actions/status-check	}
Status Check - Keycloak CI	Run /./.github/actions/status-check	2024-04-07T01:22:08.1718735Z env:
Status Check - Keycloak CI	Run /./.github/actions/status-check	2024-04-07T01:22:08.1719263Z   MAVEN_ARGS: -B -nsu -Daether.connector.http.connectionMaxTtl=25
Status Check - Keycloak CI	Run /./.github/actions/status-check	2024-04-07T01:22:08.1719792Z   SUREFIRE_RERUN_FAILING_COUNT: 2
Status Check - Keycloak CI	Run /./.github/actions/status-check	2024-04-07T01:22:08.1720274Z   SUREFIRE_RETRY: -Dsurefire.rerunFailingTestsCount=2
Status Check - Keycloak CI	Run /./.github/actions/status-check	2024-04-07T01:22:08.1720844Z ##[endgroup]
Status Check - Keycloak CI	Run /./.github/actions/status-check	2024-04-07T01:22:08.1982377Z ##[group]Run JOBS='{
Status Check - Keycloak CI	Run /./.github/actions/status-check	2024-04-07T01:22:08.1983022Z [36;1mJOBS='{[0m
Status Check - Keycloak CI	Run /./.github/actions/status-check	2024-04-07T01:22:08.1983377Z [36;1m  "conditional": {[0m
Status Check - Keycloak CI	Run /./.github/actions/status-check	2024-04-07T01:22:08.1983805Z [36;1m    "result": "success",[0m
Status Check - Keycloak CI	Run /./.github/actions/status-check	2024-04-07T01:22:08.1984296Z [36;1m    "outputs": {[0m
Status Check - Keycloak CI	Run /./.github/actions/status-check	2024-04-07T01:22:08.1984666Z [36;1m      "ci": "true",[0m
Status Check - Keycloak CI	Run /./.github/actions/status-check	2024-04-07T01:22:08.1985077Z [36;1m      "ci-sssd": "true",[0m
Status Check - Keycloak CI	Run /./.github/actions/status-check	2024-04-07T01:22:08.1985556Z [36;1m      "ci-store": "true",[0m
Status Check - Keycloak CI	Run /./.github/actions/status-check	2024-04-07T01:22:08.1986269Z [36;1m      "ci-store-matrix": "[\"postgres\",\"mysql\",\"oracle\",\"mssql\",\"mariadb\",\"aurora-postgres\"]"[0m
Status Check - Keycloak CI	Run /./.github/actions/status-check	2024-04-07T01:22:08.1987002Z [36;1m    }[0m
Status Check - Keycloak CI	Run /./.github/actions/status-check	2024-04-07T01:22:08.1987394Z [36;1m  },[0m
Status Check - Keycloak CI	Run /./.github/actions/status-check	2024-04-07T01:22:08.1987700Z [36;1m  "build": {[0m
Status Check - Keycloak CI	Run /./.github/actions/status-check	2024-04-07T01:22:08.1988070Z [36;1m    "result": "success",[0m
Status Check - Keycloak CI	Run /./.github/actions/status-check	2024-04-07T01:22:08.1988545Z [36;1m    "outputs": {}[0m
Status Check - Keycloak CI	Run /./.github/actions/status-check	2024-04-07T01:22:08.1988891Z [36;1m  },[0m
Status Check - Keycloak CI	Run /./.github/actions/status-check	2024-04-07T01:22:08.1989230Z [36;1m  "unit-tests": {[0m
Status Check - Keycloak CI	Run /./.github/actions/status-check	2024-04-07T01:22:08.1989672Z [36;1m    "result": "success",[0m
Status Check - Keycloak CI	Run /./.github/actions/status-check	2024-04-07T01:22:08.1990061Z [36;1m    "outputs": {}[0m
Status Check - Keycloak CI	Run /./.github/actions/status-check	2024-04-07T01:22:08.1990420Z [36;1m  },[0m
Status Check - Keycloak CI	Run /./.github/actions/status-check	2024-04-07T01:22:08.1990850Z [36;1m  "base-integration-tests": {[0m
Status Check - Keycloak CI	Run /./.github/actions/status-check	2024-04-07T01:22:08.1991248Z [36;1m    "result": "success",[0m
Status Check - Keycloak CI	Run /./.github/actions/status-check	2024-04-07T01:22:08.1991642Z [36;1m    "outputs": {}[0m
Status Check - Keycloak CI	Run /./.github/actions/status-check	2024-04-07T01:22:08.1992073Z [36;1m  },[0m
Status Check - Keycloak CI	Run /./.github/actions/status-check	2024-04-07T01:22:08.1992397Z [36;1m  "adapter-integration-tests": {[0m
Status Check - Keycloak CI	Run /./.github/actions/status-check	2024-04-07T01:22:08.1992840Z [36;1m    "result": "success",[0m
Status Check - Keycloak CI	Run /./.github/actions/status-check	2024-04-07T01:22:08.1993319Z [36;1m    "outputs": {}[0m
Status Check - Keycloak CI	Run /./.github/actions/status-check	2024-04-07T01:22:08.1993636Z [36;1m  },[0m
Status Check - Keycloak CI	Run /./.github/actions/status-check	2024-04-07T01:22:08.1993967Z [36;1m  "quarkus-unit-tests": {[0m
Status Check - Keycloak CI	Run /./.github/actions/status-check	2024-04-07T01:22:08.1994455Z [36;1m    "result": "success",[0m
Status Check - Keycloak CI	Run /./.github/actions/status-check	2024-04-07T01:22:08.1994816Z [36;1m    "outputs": {}[0m
Status Check - Keycloak CI	Run /./.github/actions/status-check	2024-04-07T01:22:08.1995171Z [36;1m  },[0m
Status Check - Keycloak CI	Run /./.github/actions/status-check	2024-04-07T01:22:08.1995608Z [36;1m  "quarkus-integration-tests": {[0m
Status Check - Keycloak CI	Run /./.github/actions/status-check	2024-04-07T01:22:08.1996035Z [36;1m    "result": "success",[0m
Status Check - Keycloak CI	Run /./.github/actions/status-check	2024-04-07T01:22:08.1996435Z [36;1m    "outputs": {}[0m
Status Check - Keycloak CI	Run /./.github/actions/status-check	2024-04-07T01:22:08.1997166Z [36;1m  },[0m
Status Check - Keycloak CI	Run /./.github/actions/status-check	2024-04-07T01:22:08.1997485Z [36;1m  "jdk-integration-tests": {[0m
Status Check - Keycloak CI	Run /./.github/actions/status-check	2024-04-07T01:22:08.1997933Z [36;1m    "result": "success",[0m
Status Check - Keycloak CI	Run /./.github/actions/status-check	2024-04-07T01:22:08.1998387Z [36;1m    "outputs": {}[0m
Status Check - Keycloak CI	Run /./.github/actions/status-check	2024-04-07T01:22:08.1998703Z [36;1m  },[0m
Status Check - Keycloak CI	Run /./.github/actions/status-check	2024-04-07T01:22:08.1999068Z [36;1m  "store-integration-tests": {[0m
Status Check - Keycloak CI	Run /./.github/actions/status-check	2024-04-07T01:22:08.1999559Z [36;1m    "result": "failure",[0m
Status Check - Keycloak CI	Run /./.github/actions/status-check	2024-04-07T01:22:08.1999965Z [36;1m    "outputs": {}[0m
Status Check - Keycloak CI	Run /./.github/actions/status-check	2024-04-07T01:22:08.2000279Z [36;1m  },[0m
Status Check - Keycloak CI	Run /./.github/actions/status-check	2024-04-07T01:22:08.2000692Z [36;1m  "persistent-sessions-tests": {[0m
Status Check - Keycloak CI	Run /./.github/actions/status-check	2024-04-07T01:22:08.2001147Z [36;1m    "result": "success",[0m
Status Check - Keycloak CI	Run /./.github/actions/status-check	2024-04-07T01:22:08.2001499Z [36;1m    "outputs": {}[0m
Status Check - Keycloak CI	Run /./.github/actions/status-check	2024-04-07T01:22:08.2001908Z [36;1m  },[0m
Status Check - Keycloak CI	Run /./.github/actions/status-check	2024-04-07T01:22:08.2002254Z [36;1m  "store-model-tests": {[0m
Status Check - Keycloak CI	Run /./.github/actions/status-check	2024-04-07T01:22:08.2002875Z [36;1m    "result": "success",[0m
Status Check - Keycloak CI	Run /./.github/actions/status-check	2024-04-07T01:22:08.2003584Z [36;1m    "outputs": {}[0m
Status Check - Keycloak CI	Run /./.github/actions/status-check	2024-04-07T01:22:08.2003968Z [36;1m  },[0m
Status Check - Keycloak CI	Run /./.github/actions/status-check	2024-04-07T01:22:08.2004300Z [36;1m  "clustering-integration-tests": {[0m
Status Check - Keycloak CI	Run /./.github/actions/status-check	2024-04-07T01:22:08.2004852Z [36;1m    "result": "success",[0m
Status Check - Keycloak CI	Run /./.github/actions/status-check	2024-04-07T01:22:08.2005249Z [36;1m    "outputs": {}[0m
Status Check - Keycloak CI	Run /./.github/actions/status-check	2024-04-07T01:22:08.2005566Z [36;1m  },[0m
Status Check - Keycloak CI	Run /./.github/actions/status-check	2024-04-07T01:22:08.2005975Z [36;1m  "fips-unit-tests": {[0m
Status Check - Keycloak CI	Run /./.github/actions/status-check	2024-04-07T01:22:08.2006373Z [36;1m    "result": "success",[0m
Status Check - Keycloak CI	Run /./.github/actions/status-check	2024-04-07T01:22:08.2006726Z [36;1m    "outputs": {}[0m
Status Check - Keycloak CI	Run /./.github/actions/status-check	2024-04-07T01:22:08.2007152Z [36;1m  },[0m
Status Check - Keycloak CI	Run /./.github/actions/status-check	2024-04-07T01:22:08.2007496Z [36;1m  "fips-integration-tests": {[0m
Status Check - Keycloak CI	Run /./.github/actions/status-check	2024-04-07T01:22:08.2007885Z [36;1m    "result": "success",[0m
Status Check - Keycloak CI	Run /./.github/actions/status-check	2024-04-07T01:22:08.2008347Z [36;1m    "outputs": {}[0m
Status Check - Keycloak CI	Run /./.github/actions/status-check	2024-04-07T01:22:08.2008695Z [36;1m  },[0m
Status Check - Keycloak CI	Run /./.github/actions/status-check	2024-04-07T01:22:08.2009007Z [36;1m  "forms-integration-tests": {[0m
Status Check - Keycloak CI	Run /./.github/actions/status-check	2024-04-07T01:22:08.2009510Z [36;1m    "result": "success",[0m
Status Check - Keycloak CI	Run /./.github/actions/status-check	2024-04-07T01:22:08.2009975Z [36;1m    "outputs": {}[0m
Status Check - Keycloak CI	Run /./.github/actions/status-check	2024-04-07T01:22:08.2010422Z [36;1m  },[0m
Status Check - Keycloak CI	Run /./.github/actions/status-check	2024-04-07T01:22:08.2010767Z [36;1m  "webauthn-integration-tests": {[0m
Status Check - Keycloak CI	Run /./.github/actions/status-check	2024-04-07T01:22:08.2011241Z [36;1m    "result": "success",[0m
Status Check - Keycloak CI	Run /./.github/actions/status-check	2024-04-07T01:22:08.2011717Z [36;1m    "outputs": {}[0m
Status Check - Keycloak CI	Run /./.github/actions/status-check	2024-04-07T01:22:08.2012037Z [36;1m  },[0m
Status Check - Keycloak CI	Run /./.github/actions/status-check	2024-04-07T01:22:08.2012362Z [36;1m  "sssd-unit-tests": {[0m
Status Check - Keycloak CI	Run /./.github/actions/status-check	2024-04-07T01:22:08.2012833Z [36;1m    "result": "success",[0m
Status Check - Keycloak CI	Run /./.github/actions/status-check	2024-04-07T01:22:08.2013189Z [36;1m    "outputs": {}[0m
Status Check - Keycloak CI	Run /./.github/actions/status-check	2024-04-07T01:22:08.2013536Z [36;1m  },[0m
Status Check - Keycloak CI	Run /./.github/actions/status-check	2024-04-07T01:22:08.2014035Z [36;1m  "migration-tests": {[0m
Status Check - Keycloak CI	Run /./.github/actions/status-check	2024-04-07T01:22:08.2014405Z [36;1m    "result": "success",[0m
Status Check - Keycloak CI	Run /./.github/actions/status-check	2024-04-07T01:22:08.2014810Z [36;1m    "outputs": {}[0m
Status Check - Keycloak CI	Run /./.github/actions/status-check	2024-04-07T01:22:08.2015230Z [36;1m  }[0m
Status Check - Keycloak CI	Run /./.github/actions/status-check	2024-04-07T01:22:08.2015503Z [36;1m}'[0m
Status Check - Keycloak CI	Run /./.github/actions/status-check	2024-04-07T01:22:08.2015824Z [36;1m[0m
Status Check - Keycloak CI	Run /./.github/actions/status-check	2024-04-07T01:22:08.2016212Z [36;1mecho "Job status:"[0m
Status Check - Keycloak CI	Run /./.github/actions/status-check	2024-04-07T01:22:08.2016712Z [36;1mecho $JOBS | jq -r 'to_entries[] | " - \(.key): \(.value.result)"'[0m
Status Check - Keycloak CI	Run /./.github/actions/status-check	2024-04-07T01:22:08.2017273Z [36;1m[0m
Status Check - Keycloak CI	Run /./.github/actions/status-check	2024-04-07T01:22:08.2017792Z [36;1mfor i in $(echo $JOBS | jq -r 'to_entries[] | .value.result'); do[0m
Status Check - Keycloak CI	Run /./.github/actions/status-check	2024-04-07T01:22:08.2018411Z [36;1m  if [ "$i" != "success" ] && [ "$i" != "skipped" ]; then[0m
Status Check - Keycloak CI	Run /./.github/actions/status-check	2024-04-07T01:22:08.2018933Z [36;1m    echo ""[0m
Status Check - Keycloak CI	Run /./.github/actions/status-check	2024-04-07T01:22:08.2019386Z [36;1m    echo "Status check not okay!"[0m
Status Check - Keycloak CI	Run /./.github/actions/status-check	2024-04-07T01:22:08.2019782Z [36;1m    exit 1[0m
Status Check - Keycloak CI	Run /./.github/actions/status-check	2024-04-07T01:22:08.2020128Z [36;1m  fi[0m
Status Check - Keycloak CI	Run /./.github/actions/status-check	2024-04-07T01:22:08.2020501Z [36;1mdone[0m
Status Check - Keycloak CI	Run /./.github/actions/status-check	2024-04-07T01:22:08.2088511Z shell: /usr/bin/bash --noprofile --norc -e -o pipefail {0}
Status Check - Keycloak CI	Run /./.github/actions/status-check	2024-04-07T01:22:08.2089230Z env:
Status Check - Keycloak CI	Run /./.github/actions/status-check	2024-04-07T01:22:08.2089737Z   MAVEN_ARGS: -B -nsu -Daether.connector.http.connectionMaxTtl=25
Status Check - Keycloak CI	Run /./.github/actions/status-check	2024-04-07T01:22:08.2090282Z   SUREFIRE_RERUN_FAILING_COUNT: 2
Status Check - Keycloak CI	Run /./.github/actions/status-check	2024-04-07T01:22:08.2090853Z   SUREFIRE_RETRY: -Dsurefire.rerunFailingTestsCount=2
Status Check - Keycloak CI	Run /./.github/actions/status-check	2024-04-07T01:22:08.2091359Z ##[endgroup]
Status Check - Keycloak CI	Run /./.github/actions/status-check	2024-04-07T01:22:08.2231380Z Job status:
Status Check - Keycloak CI	Run /./.github/actions/status-check	2024-04-07T01:22:08.2626885Z  - conditional: success
Status Check - Keycloak CI	Run /./.github/actions/status-check	2024-04-07T01:22:08.2627671Z  - build: success
Status Check - Keycloak CI	Run /./.github/actions/status-check	2024-04-07T01:22:08.2628443Z  - unit-tests: success
Status Check - Keycloak CI	Run /./.github/actions/status-check	2024-04-07T01:22:08.2629176Z  - base-integration-tests: success
Status Check - Keycloak CI	Run /./.github/actions/status-check	2024-04-07T01:22:08.2630118Z  - adapter-integration-tests: success
Status Check - Keycloak CI	Run /./.github/actions/status-check	2024-04-07T01:22:08.2630695Z  - quarkus-unit-tests: success
Status Check - Keycloak CI	Run /./.github/actions/status-check	2024-04-07T01:22:08.2631164Z  - quarkus-integration-tests: success
Status Check - Keycloak CI	Run /./.github/actions/status-check	2024-04-07T01:22:08.2631641Z  - jdk-integration-tests: success
Status Check - Keycloak CI	Run /./.github/actions/status-check	2024-04-07T01:22:08.2632151Z  - store-integration-tests: failure
Status Check - Keycloak CI	Run /./.github/actions/status-check	2024-04-07T01:22:08.2632630Z  - persistent-sessions-tests: success
Status Check - Keycloak CI	Run /./.github/actions/status-check	2024-04-07T01:22:08.2633128Z  - store-model-tests: success
Status Check - Keycloak CI	Run /./.github/actions/status-check	2024-04-07T01:22:08.2633626Z  - clustering-integration-tests: success
Status Check - Keycloak CI	Run /./.github/actions/status-check	2024-04-07T01:22:08.2634160Z  - fips-unit-tests: success
Status Check - Keycloak CI	Run /./.github/actions/status-check	2024-04-07T01:22:08.2634859Z  - fips-integration-tests: success
Status Check - Keycloak CI	Run /./.github/actions/status-check	2024-04-07T01:22:08.2635717Z  - forms-integration-tests: success
Status Check - Keycloak CI	Run /./.github/actions/status-check	2024-04-07T01:22:08.2636523Z  - webauthn-integration-tests: success
Status Check - Keycloak CI	Run /./.github/actions/status-check	2024-04-07T01:22:08.2637315Z  - sssd-unit-tests: success
Status Check - Keycloak CI	Run /./.github/actions/status-check	2024-04-07T01:22:08.2638080Z  - migration-tests: success
Status Check - Keycloak CI	Run /./.github/actions/status-check	2024-04-07T01:22:08.2839369Z 
Status Check - Keycloak CI	Run /./.github/actions/status-check	2024-04-07T01:22:08.2839908Z Status check not okay!
Status Check - Keycloak CI	Run /./.github/actions/status-check	2024-04-07T01:22:08.2853706Z ##[error]Process completed with exit code 1.
