SSSD	UNKNOWN STEP	ï»¿2025-06-25T00:25:53.5165856Z Current runner version: '2.325.0'
SSSD	UNKNOWN STEP	2025-06-25T00:25:53.5188418Z ##[group]Runner Image Provisioner
SSSD	UNKNOWN STEP	2025-06-25T00:25:53.5189374Z Hosted Compute Agent
SSSD	UNKNOWN STEP	2025-06-25T00:25:53.5189948Z Version: 20250620.352
SSSD	UNKNOWN STEP	2025-06-25T00:25:53.5190550Z Commit: f262f3aba23b10ea191b2a62bdee1ca4c3d344da
SSSD	UNKNOWN STEP	2025-06-25T00:25:53.5191335Z Build Date: 2025-06-20T19:27:17Z
SSSD	UNKNOWN STEP	2025-06-25T00:25:53.5191928Z ##[endgroup]
SSSD	UNKNOWN STEP	2025-06-25T00:25:53.5192524Z ##[group]Operating System
SSSD	UNKNOWN STEP	2025-06-25T00:25:53.5193130Z Ubuntu
SSSD	UNKNOWN STEP	2025-06-25T00:25:53.5193651Z 24.04.2
SSSD	UNKNOWN STEP	2025-06-25T00:25:53.5194115Z LTS
SSSD	UNKNOWN STEP	2025-06-25T00:25:53.5194966Z ##[endgroup]
SSSD	UNKNOWN STEP	2025-06-25T00:25:53.5195482Z ##[group]Runner Image
SSSD	UNKNOWN STEP	2025-06-25T00:25:53.5196083Z Image: ubuntu-24.04
SSSD	UNKNOWN STEP	2025-06-25T00:25:53.5196653Z Version: 20250602.3.0
SSSD	UNKNOWN STEP	2025-06-25T00:25:53.5197662Z Included Software: https://github.com/actions/runner-images/blob/ubuntu24/20250602.3/images/ubuntu/Ubuntu2404-Readme.md
SSSD	UNKNOWN STEP	2025-06-25T00:25:53.5199180Z Image Release: https://github.com/actions/runner-images/releases/tag/ubuntu24%2F20250602.3
SSSD	UNKNOWN STEP	2025-06-25T00:25:53.5200224Z ##[endgroup]
SSSD	UNKNOWN STEP	2025-06-25T00:25:53.5201254Z ##[group]GITHUB_TOKEN Permissions
SSSD	UNKNOWN STEP	2025-06-25T00:25:53.5203107Z Contents: read
SSSD	UNKNOWN STEP	2025-06-25T00:25:53.5203639Z Metadata: read
SSSD	UNKNOWN STEP	2025-06-25T00:25:53.5204132Z ##[endgroup]
SSSD	UNKNOWN STEP	2025-06-25T00:25:53.5206343Z Secret source: Actions
SSSD	UNKNOWN STEP	2025-06-25T00:25:53.5207154Z Prepare workflow directory
SSSD	UNKNOWN STEP	2025-06-25T00:25:53.5612990Z Prepare all required actions
SSSD	UNKNOWN STEP	2025-06-25T00:25:53.5671058Z Getting action download info
SSSD	UNKNOWN STEP	2025-06-25T00:25:53.9735769Z Download action repository 'actions/checkout@11bd71901bbe5b1630ceea73d27597364c9af683' (SHA:11bd71901bbe5b1630ceea73d27597364c9af683)
SSSD	UNKNOWN STEP	2025-06-25T00:25:54.0529593Z Download action repository 'actions/cache@5a3ec84eff668545956fd18022155c47e93e2684' (SHA:5a3ec84eff668545956fd18022155c47e93e2684)
SSSD	UNKNOWN STEP	2025-06-25T00:25:54.2208272Z Complete job name: SSSD
SSSD	UNKNOWN STEP	2025-06-25T00:25:54.2967122Z ##[group]Run actions/checkout@11bd71901bbe5b1630ceea73d27597364c9af683
SSSD	UNKNOWN STEP	2025-06-25T00:25:54.2968187Z with:
SSSD	UNKNOWN STEP	2025-06-25T00:25:54.2968619Z   repository: keycloak/keycloak
SSSD	UNKNOWN STEP	2025-06-25T00:25:54.2969318Z   token: ***
SSSD	UNKNOWN STEP	2025-06-25T00:25:54.2969733Z   ssh-strict: true
SSSD	UNKNOWN STEP	2025-06-25T00:25:54.2970155Z   ssh-user: git
SSSD	UNKNOWN STEP	2025-06-25T00:25:54.2970578Z   persist-credentials: true
SSSD	UNKNOWN STEP	2025-06-25T00:25:54.2971054Z   clean: true
SSSD	UNKNOWN STEP	2025-06-25T00:25:54.2971468Z   sparse-checkout-cone-mode: true
SSSD	UNKNOWN STEP	2025-06-25T00:25:54.2971968Z   fetch-depth: 1
SSSD	UNKNOWN STEP	2025-06-25T00:25:54.2972376Z   fetch-tags: false
SSSD	UNKNOWN STEP	2025-06-25T00:25:54.2972803Z   show-progress: true
SSSD	UNKNOWN STEP	2025-06-25T00:25:54.2973222Z   lfs: false
SSSD	UNKNOWN STEP	2025-06-25T00:25:54.2973610Z   submodules: false
SSSD	UNKNOWN STEP	2025-06-25T00:25:54.2974039Z   set-safe-directory: true
SSSD	UNKNOWN STEP	2025-06-25T00:25:54.2974873Z env:
SSSD	UNKNOWN STEP	2025-06-25T00:25:54.2975451Z   MAVEN_ARGS: -B -nsu -Daether.connector.http.connectionMaxTtl=25
SSSD	UNKNOWN STEP	2025-06-25T00:25:54.2976130Z   SUREFIRE_RERUN_FAILING_COUNT: 2
SSSD	UNKNOWN STEP	2025-06-25T00:25:54.2976748Z   SUREFIRE_RETRY: -Dsurefire.rerunFailingTestsCount=2
SSSD	UNKNOWN STEP	2025-06-25T00:25:54.2977340Z ##[endgroup]
SSSD	UNKNOWN STEP	2025-06-25T00:25:54.4032912Z Syncing repository: keycloak/keycloak
SSSD	UNKNOWN STEP	2025-06-25T00:25:54.4034878Z ##[group]Getting Git version info
SSSD	UNKNOWN STEP	2025-06-25T00:25:54.4035633Z Working directory is '/home/runner/work/keycloak/keycloak'
SSSD	UNKNOWN STEP	2025-06-25T00:25:54.4036630Z [command]/usr/bin/git version
SSSD	UNKNOWN STEP	2025-06-25T00:25:54.4083055Z git version 2.49.0
SSSD	UNKNOWN STEP	2025-06-25T00:25:54.4109016Z ##[endgroup]
SSSD	UNKNOWN STEP	2025-06-25T00:25:54.4122838Z Temporarily overriding HOME='/home/runner/work/_temp/a28455a7-80f4-4699-98eb-2219367eb25e' before making global git config changes
SSSD	UNKNOWN STEP	2025-06-25T00:25:54.4124361Z Adding repository directory to the temporary git global config as a safe directory
SSSD	UNKNOWN STEP	2025-06-25T00:25:54.4136026Z [command]/usr/bin/git config --global --add safe.directory /home/runner/work/keycloak/keycloak
SSSD	UNKNOWN STEP	2025-06-25T00:25:54.4197654Z Deleting the contents of '/home/runner/work/keycloak/keycloak'
SSSD	UNKNOWN STEP	2025-06-25T00:25:54.4201079Z ##[group]Initializing the repository
SSSD	UNKNOWN STEP	2025-06-25T00:25:54.4205411Z [command]/usr/bin/git init /home/runner/work/keycloak/keycloak
SSSD	UNKNOWN STEP	2025-06-25T00:25:54.4275347Z hint: Using 'master' as the name for the initial branch. This default branch name
SSSD	UNKNOWN STEP	2025-06-25T00:25:54.4276767Z hint: is subject to change. To configure the initial branch name to use in all
SSSD	UNKNOWN STEP	2025-06-25T00:25:54.4278707Z hint: of your new repositories, which will suppress this warning, call:
SSSD	UNKNOWN STEP	2025-06-25T00:25:54.4280006Z hint:
SSSD	UNKNOWN STEP	2025-06-25T00:25:54.4280873Z hint: 	git config --global init.defaultBranch <name>
SSSD	UNKNOWN STEP	2025-06-25T00:25:54.4281920Z hint:
SSSD	UNKNOWN STEP	2025-06-25T00:25:54.4282578Z hint: Names commonly chosen instead of 'master' are 'main', 'trunk' and
SSSD	UNKNOWN STEP	2025-06-25T00:25:54.4283573Z hint: 'development'. The just-created branch can be renamed via this command:
SSSD	UNKNOWN STEP	2025-06-25T00:25:54.4284554Z hint:
SSSD	UNKNOWN STEP	2025-06-25T00:25:54.4284989Z hint: 	git branch -m <name>
SSSD	UNKNOWN STEP	2025-06-25T00:25:54.4285707Z Initialized empty Git repository in /home/runner/work/keycloak/keycloak/.git/
SSSD	UNKNOWN STEP	2025-06-25T00:25:54.4291741Z [command]/usr/bin/git remote add origin https://github.com/keycloak/keycloak
SSSD	UNKNOWN STEP	2025-06-25T00:25:54.4322184Z ##[endgroup]
SSSD	UNKNOWN STEP	2025-06-25T00:25:54.4322922Z ##[group]Disabling automatic garbage collection
SSSD	UNKNOWN STEP	2025-06-25T00:25:54.4326283Z [command]/usr/bin/git config --local gc.auto 0
SSSD	UNKNOWN STEP	2025-06-25T00:25:54.4353082Z ##[endgroup]
SSSD	UNKNOWN STEP	2025-06-25T00:25:54.4353782Z ##[group]Setting up auth
SSSD	UNKNOWN STEP	2025-06-25T00:25:54.4359833Z [command]/usr/bin/git config --local --name-only --get-regexp core\.sshCommand
SSSD	UNKNOWN STEP	2025-06-25T00:25:54.4388692Z [command]/usr/bin/git submodule foreach --recursive sh -c "git config --local --name-only --get-regexp 'core\.sshCommand' && git config --local --unset-all 'core.sshCommand' || :"
SSSD	UNKNOWN STEP	2025-06-25T00:25:54.4670143Z [command]/usr/bin/git config --local --name-only --get-regexp http\.https\:\/\/github\.com\/\.extraheader
SSSD	UNKNOWN STEP	2025-06-25T00:25:54.4702553Z [command]/usr/bin/git submodule foreach --recursive sh -c "git config --local --name-only --get-regexp 'http\.https\:\/\/github\.com\/\.extraheader' && git config --local --unset-all 'http.https://github.com/.extraheader' || :"
SSSD	UNKNOWN STEP	2025-06-25T00:25:54.4920810Z [command]/usr/bin/git config --local http.https://github.com/.extraheader AUTHORIZATION: basic ***
SSSD	UNKNOWN STEP	2025-06-25T00:25:54.4955877Z ##[endgroup]
SSSD	UNKNOWN STEP	2025-06-25T00:25:54.4972270Z ##[group]Fetching the repository
SSSD	UNKNOWN STEP	2025-06-25T00:25:54.4974953Z [command]/usr/bin/git -c protocol.version=2 fetch --no-tags --prune --no-recurse-submodules --depth=1 origin +30979dc873b95c138b9e3799a1391cbf578dd4c5:refs/remotes/origin/main
SSSD	UNKNOWN STEP	2025-06-25T00:25:56.3219951Z From https://github.com/keycloak/keycloak
SSSD	UNKNOWN STEP	2025-06-25T00:25:56.3225691Z  * [new ref]         30979dc873b95c138b9e3799a1391cbf578dd4c5 -> origin/main
SSSD	UNKNOWN STEP	2025-06-25T00:25:56.3290313Z ##[endgroup]
SSSD	UNKNOWN STEP	2025-06-25T00:25:56.3291456Z ##[group]Determining the checkout info
SSSD	UNKNOWN STEP	2025-06-25T00:25:56.3292764Z ##[endgroup]
SSSD	UNKNOWN STEP	2025-06-25T00:25:56.3298502Z [command]/usr/bin/git sparse-checkout disable
SSSD	UNKNOWN STEP	2025-06-25T00:25:56.3340510Z [command]/usr/bin/git config --local --unset-all extensions.worktreeConfig
SSSD	UNKNOWN STEP	2025-06-25T00:25:56.3368949Z ##[group]Checking out the ref
SSSD	UNKNOWN STEP	2025-06-25T00:25:56.3373272Z [command]/usr/bin/git checkout --progress --force -B main refs/remotes/origin/main
SSSD	UNKNOWN STEP	2025-06-25T00:25:57.1139255Z Switched to a new branch 'main'
SSSD	UNKNOWN STEP	2025-06-25T00:25:57.1140323Z branch 'main' set up to track 'origin/main'.
SSSD	UNKNOWN STEP	2025-06-25T00:25:57.1172270Z ##[endgroup]
SSSD	UNKNOWN STEP	2025-06-25T00:25:57.1213938Z [command]/usr/bin/git log -1 --format=%H
SSSD	UNKNOWN STEP	2025-06-25T00:25:57.1237425Z 30979dc873b95c138b9e3799a1391cbf578dd4c5
SSSD	UNKNOWN STEP	2025-06-25T00:25:57.1487602Z Prepare all required actions
SSSD	UNKNOWN STEP	2025-06-25T00:25:57.1488141Z Getting action download info
SSSD	UNKNOWN STEP	2025-06-25T00:25:57.3087412Z Download action repository 'actions/download-artifact@d3f86a106a0bac45b974a628896c90dbdf5c8093' (SHA:d3f86a106a0bac45b974a628896c90dbdf5c8093)
SSSD	UNKNOWN STEP	2025-06-25T00:25:57.8586440Z ##[group]Run ./.github/actions/integration-test-setup
SSSD	UNKNOWN STEP	2025-06-25T00:25:57.8586815Z with:
SSSD	UNKNOWN STEP	2025-06-25T00:25:57.8587035Z   jdk-dist: temurin
SSSD	UNKNOWN STEP	2025-06-25T00:25:57.8587256Z   jdk-version: 21
SSSD	UNKNOWN STEP	2025-06-25T00:25:57.8587479Z env:
SSSD	UNKNOWN STEP	2025-06-25T00:25:57.8587781Z   MAVEN_ARGS: -B -nsu -Daether.connector.http.connectionMaxTtl=25
SSSD	UNKNOWN STEP	2025-06-25T00:25:57.8588172Z   SUREFIRE_RERUN_FAILING_COUNT: 2
SSSD	UNKNOWN STEP	2025-06-25T00:25:57.8588507Z   SUREFIRE_RETRY: -Dsurefire.rerunFailingTestsCount=2
SSSD	UNKNOWN STEP	2025-06-25T00:25:57.8588834Z ##[endgroup]
SSSD	UNKNOWN STEP	2025-06-25T00:25:57.8679426Z Prepare all required actions
SSSD	UNKNOWN STEP	2025-06-25T00:25:57.8710232Z ##[group]Run ./.github/actions/update-hosts
SSSD	UNKNOWN STEP	2025-06-25T00:25:57.8710547Z env:
SSSD	UNKNOWN STEP	2025-06-25T00:25:57.8710906Z   MAVEN_ARGS: -B -nsu -Daether.connector.http.connectionMaxTtl=25
SSSD	UNKNOWN STEP	2025-06-25T00:25:57.8711314Z   SUREFIRE_RERUN_FAILING_COUNT: 2
SSSD	UNKNOWN STEP	2025-06-25T00:25:57.8711640Z   SUREFIRE_RETRY: -Dsurefire.rerunFailingTestsCount=2
SSSD	UNKNOWN STEP	2025-06-25T00:25:57.8711957Z ##[endgroup]
SSSD	UNKNOWN STEP	2025-06-25T00:25:57.8754062Z ##[group]Run printf "\n\n$(cat .github/actions/update-hosts/nipio-hosts)" | sudo tee -a /etc/hosts
SSSD	UNKNOWN STEP	2025-06-25T00:25:57.8755011Z [36;1mprintf "\n\n$(cat .github/actions/update-hosts/nipio-hosts)" | sudo tee -a /etc/hosts[0m
SSSD	UNKNOWN STEP	2025-06-25T00:25:57.8825124Z shell: /usr/bin/bash --noprofile --norc -e -o pipefail {0}
SSSD	UNKNOWN STEP	2025-06-25T00:25:57.8825503Z env:
SSSD	UNKNOWN STEP	2025-06-25T00:25:57.8825809Z   MAVEN_ARGS: -B -nsu -Daether.connector.http.connectionMaxTtl=25
SSSD	UNKNOWN STEP	2025-06-25T00:25:57.8826179Z   SUREFIRE_RERUN_FAILING_COUNT: 2
SSSD	UNKNOWN STEP	2025-06-25T00:25:57.8826505Z   SUREFIRE_RETRY: -Dsurefire.rerunFailingTestsCount=2
SSSD	UNKNOWN STEP	2025-06-25T00:25:57.8826858Z ##[endgroup]
SSSD	UNKNOWN STEP	2025-06-25T00:25:57.8986482Z 
SSSD	UNKNOWN STEP	2025-06-25T00:25:57.8986524Z 
SSSD	UNKNOWN STEP	2025-06-25T00:25:57.8998899Z 127.0.0.1 127.0.0.1.nip.io admin.127.0.0.1.nip.io localhost-myapp.127.0.0.1.nip.io localhost-sso.127.0.0.1.nip.io realmFrontend.127.0.0.1.nip.io proxy.kc.127.0.0.1.nip.io
SSSD	UNKNOWN STEP	2025-06-25T00:25:57.9050959Z Prepare all required actions
SSSD	UNKNOWN STEP	2025-06-25T00:25:57.9051294Z Getting action download info
SSSD	UNKNOWN STEP	2025-06-25T00:25:58.0695409Z Download action repository 'actions/setup-java@c5195efecf7bdfc987ee8bae7a71cb8b11521c00' (SHA:c5195efecf7bdfc987ee8bae7a71cb8b11521c00)
SSSD	UNKNOWN STEP	2025-06-25T00:25:58.7081672Z ##[group]Run ./.github/actions/java-setup
SSSD	UNKNOWN STEP	2025-06-25T00:25:58.7081940Z with:
SSSD	UNKNOWN STEP	2025-06-25T00:25:58.7082108Z   distribution: temurin
SSSD	UNKNOWN STEP	2025-06-25T00:25:58.7082306Z   java-version: 21
SSSD	UNKNOWN STEP	2025-06-25T00:25:58.7082469Z env:
SSSD	UNKNOWN STEP	2025-06-25T00:25:58.7082725Z   MAVEN_ARGS: -B -nsu -Daether.connector.http.connectionMaxTtl=25
SSSD	UNKNOWN STEP	2025-06-25T00:25:58.7083058Z   SUREFIRE_RERUN_FAILING_COUNT: 2
SSSD	UNKNOWN STEP	2025-06-25T00:25:58.7083354Z   SUREFIRE_RETRY: -Dsurefire.rerunFailingTestsCount=2
SSSD	UNKNOWN STEP	2025-06-25T00:25:58.7083633Z ##[endgroup]
SSSD	UNKNOWN STEP	2025-06-25T00:25:58.7163155Z ##[group]Run actions/setup-java@c5195efecf7bdfc987ee8bae7a71cb8b11521c00
SSSD	UNKNOWN STEP	2025-06-25T00:25:58.7163517Z with:
SSSD	UNKNOWN STEP	2025-06-25T00:25:58.7163684Z   distribution: temurin
SSSD	UNKNOWN STEP	2025-06-25T00:25:58.7163879Z   java-version: 21
SSSD	UNKNOWN STEP	2025-06-25T00:25:58.7164060Z   java-package: jdk
SSSD	UNKNOWN STEP	2025-06-25T00:25:58.7164492Z   check-latest: false
SSSD	UNKNOWN STEP	2025-06-25T00:25:58.7164695Z   server-id: github
SSSD	UNKNOWN STEP	2025-06-25T00:25:58.7164883Z   server-username: GITHUB_ACTOR
SSSD	UNKNOWN STEP	2025-06-25T00:25:58.7165117Z   server-password: GITHUB_TOKEN
SSSD	UNKNOWN STEP	2025-06-25T00:25:58.7165334Z   overwrite-settings: true
SSSD	UNKNOWN STEP	2025-06-25T00:25:58.7165538Z   job-status: success
SSSD	UNKNOWN STEP	2025-06-25T00:25:58.7165836Z   token: ***
SSSD	UNKNOWN STEP	2025-06-25T00:25:58.7166010Z env:
SSSD	UNKNOWN STEP	2025-06-25T00:25:58.7166261Z   MAVEN_ARGS: -B -nsu -Daether.connector.http.connectionMaxTtl=25
SSSD	UNKNOWN STEP	2025-06-25T00:25:58.7166599Z   SUREFIRE_RERUN_FAILING_COUNT: 2
SSSD	UNKNOWN STEP	2025-06-25T00:25:58.7166883Z   SUREFIRE_RETRY: -Dsurefire.rerunFailingTestsCount=2
SSSD	UNKNOWN STEP	2025-06-25T00:25:58.7167165Z ##[endgroup]
SSSD	UNKNOWN STEP	2025-06-25T00:25:58.9070010Z ##[group]Installed distributions
SSSD	UNKNOWN STEP	2025-06-25T00:25:58.9125669Z Resolved Java 21.0.7+6 from tool-cache
SSSD	UNKNOWN STEP	2025-06-25T00:25:58.9127746Z Setting Java 21.0.7+6 as the default
SSSD	UNKNOWN STEP	2025-06-25T00:25:58.9139730Z Creating toolchains.xml for JDK version 21 from temurin
SSSD	UNKNOWN STEP	2025-06-25T00:25:58.9217438Z Writing to /home/runner/.m2/toolchains.xml
SSSD	UNKNOWN STEP	2025-06-25T00:25:58.9218417Z 
SSSD	UNKNOWN STEP	2025-06-25T00:25:58.9218632Z Java configuration:
SSSD	UNKNOWN STEP	2025-06-25T00:25:58.9219013Z   Distribution: temurin
SSSD	UNKNOWN STEP	2025-06-25T00:25:58.9219385Z   Version: 21.0.7+6
SSSD	UNKNOWN STEP	2025-06-25T00:25:58.9221154Z   Path: /opt/hostedtoolcache/Java_Temurin-Hotspot_jdk/21.0.7-6/x64
SSSD	UNKNOWN STEP	2025-06-25T00:25:58.9221670Z 
SSSD	UNKNOWN STEP	2025-06-25T00:25:58.9222386Z ##[endgroup]
SSSD	UNKNOWN STEP	2025-06-25T00:25:58.9239359Z Creating settings.xml with server-id: github
SSSD	UNKNOWN STEP	2025-06-25T00:25:58.9242639Z Writing to /home/runner/.m2/settings.xml
SSSD	UNKNOWN STEP	2025-06-25T00:25:58.9381340Z Prepare all required actions
SSSD	UNKNOWN STEP	2025-06-25T00:25:58.9381667Z Getting action download info
SSSD	UNKNOWN STEP	2025-06-25T00:25:59.0996597Z ##[group]Run ./.github/actions/maven-cache
SSSD	UNKNOWN STEP	2025-06-25T00:25:59.0996849Z with:
SSSD	UNKNOWN STEP	2025-06-25T00:25:59.0997037Z   create-cache-if-it-doesnt-exist: false
SSSD	UNKNOWN STEP	2025-06-25T00:25:59.0997289Z env:
SSSD	UNKNOWN STEP	2025-06-25T00:25:59.0997536Z   MAVEN_ARGS: -B -nsu -Daether.connector.http.connectionMaxTtl=25
SSSD	UNKNOWN STEP	2025-06-25T00:25:59.0997869Z   SUREFIRE_RERUN_FAILING_COUNT: 2
SSSD	UNKNOWN STEP	2025-06-25T00:25:59.0998147Z   SUREFIRE_RETRY: -Dsurefire.rerunFailingTestsCount=2
SSSD	UNKNOWN STEP	2025-06-25T00:25:59.0998524Z   JAVA_HOME: /opt/hostedtoolcache/Java_Temurin-Hotspot_jdk/21.0.7-6/x64
SSSD	UNKNOWN STEP	2025-06-25T00:25:59.0998951Z   JAVA_HOME_21_X64: /opt/hostedtoolcache/Java_Temurin-Hotspot_jdk/21.0.7-6/x64
SSSD	UNKNOWN STEP	2025-06-25T00:25:59.0999275Z ##[endgroup]
SSSD	UNKNOWN STEP	2025-06-25T00:25:59.1017117Z ##[group]Run echo "key=mvn-`date -u "+%Y-%U"`" >> $GITHUB_OUTPUT
SSSD	UNKNOWN STEP	2025-06-25T00:25:59.1017513Z [36;1mecho "key=mvn-`date -u "+%Y-%U"`" >> $GITHUB_OUTPUT[0m
SSSD	UNKNOWN STEP	2025-06-25T00:25:59.1073558Z shell: /usr/bin/bash --noprofile --norc -e -o pipefail {0}
SSSD	UNKNOWN STEP	2025-06-25T00:25:59.1073865Z env:
SSSD	UNKNOWN STEP	2025-06-25T00:25:59.1074143Z   MAVEN_ARGS: -B -nsu -Daether.connector.http.connectionMaxTtl=25
SSSD	UNKNOWN STEP	2025-06-25T00:25:59.1074648Z   SUREFIRE_RERUN_FAILING_COUNT: 2
SSSD	UNKNOWN STEP	2025-06-25T00:25:59.1074973Z   SUREFIRE_RETRY: -Dsurefire.rerunFailingTestsCount=2
SSSD	UNKNOWN STEP	2025-06-25T00:25:59.1075371Z   JAVA_HOME: /opt/hostedtoolcache/Java_Temurin-Hotspot_jdk/21.0.7-6/x64
SSSD	UNKNOWN STEP	2025-06-25T00:25:59.1075805Z   JAVA_HOME_21_X64: /opt/hostedtoolcache/Java_Temurin-Hotspot_jdk/21.0.7-6/x64
SSSD	UNKNOWN STEP	2025-06-25T00:25:59.1076144Z ##[endgroup]
SSSD	UNKNOWN STEP	2025-06-25T00:25:59.1213116Z ##[group]Run actions/cache/restore@5a3ec84eff668545956fd18022155c47e93e2684
SSSD	UNKNOWN STEP	2025-06-25T00:25:59.1213468Z with:
SSSD	UNKNOWN STEP	2025-06-25T00:25:59.1213702Z   path: ~/.m2/repository/*/*
SSSD	UNKNOWN STEP	!~/.m2/repository/org/keycloak
SSSD	UNKNOWN STEP	
SSSD	UNKNOWN STEP	2025-06-25T00:25:59.1213999Z   key: mvn-2025-25
SSSD	UNKNOWN STEP	2025-06-25T00:25:59.1214185Z   enableCrossOsArchive: true
SSSD	UNKNOWN STEP	2025-06-25T00:25:59.1214667Z   fail-on-cache-miss: false
SSSD	UNKNOWN STEP	2025-06-25T00:25:59.1214874Z   lookup-only: false
SSSD	UNKNOWN STEP	2025-06-25T00:25:59.1215056Z env:
SSSD	UNKNOWN STEP	2025-06-25T00:25:59.1215309Z   MAVEN_ARGS: -B -nsu -Daether.connector.http.connectionMaxTtl=25
SSSD	UNKNOWN STEP	2025-06-25T00:25:59.1215655Z   SUREFIRE_RERUN_FAILING_COUNT: 2
SSSD	UNKNOWN STEP	2025-06-25T00:25:59.1215929Z   SUREFIRE_RETRY: -Dsurefire.rerunFailingTestsCount=2
SSSD	UNKNOWN STEP	2025-06-25T00:25:59.1216326Z   JAVA_HOME: /opt/hostedtoolcache/Java_Temurin-Hotspot_jdk/21.0.7-6/x64
SSSD	UNKNOWN STEP	2025-06-25T00:25:59.1216757Z   JAVA_HOME_21_X64: /opt/hostedtoolcache/Java_Temurin-Hotspot_jdk/21.0.7-6/x64
SSSD	UNKNOWN STEP	2025-06-25T00:25:59.1217081Z ##[endgroup]
SSSD	UNKNOWN STEP	2025-06-25T00:25:59.5189168Z Cache hit for: mvn-2025-25
SSSD	UNKNOWN STEP	2025-06-25T00:26:00.8673666Z Received 0 of 580412714 (0.0%), 0.0 MBs/sec
SSSD	UNKNOWN STEP	2025-06-25T00:26:01.8679318Z Received 113246208 of 580412714 (19.5%), 54.0 MBs/sec
SSSD	UNKNOWN STEP	2025-06-25T00:26:02.8687084Z Received 239075328 of 580412714 (41.2%), 75.9 MBs/sec
SSSD	UNKNOWN STEP	2025-06-25T00:26:03.8692245Z Received 318767104 of 580412714 (54.9%), 76.0 MBs/sec
SSSD	UNKNOWN STEP	2025-06-25T00:26:04.8695431Z Received 402653184 of 580412714 (69.4%), 76.8 MBs/sec
SSSD	UNKNOWN STEP	2025-06-25T00:26:05.8706892Z Received 528482304 of 580412714 (91.1%), 83.9 MBs/sec
SSSD	UNKNOWN STEP	2025-06-25T00:26:06.6319009Z Received 580412714 of 580412714 (100.0%), 81.8 MBs/sec
SSSD	UNKNOWN STEP	2025-06-25T00:26:06.6320997Z Cache Size: ~554 MB (580412714 B)
SSSD	UNKNOWN STEP	2025-06-25T00:26:06.6405795Z [command]/usr/bin/tar -xf /home/runner/work/_temp/9d55abcf-b76e-4245-a4ab-191010190751/cache.tzst -P -C /home/runner/work/keycloak/keycloak --use-compress-program unzstd
SSSD	UNKNOWN STEP	2025-06-25T00:26:08.1644107Z Cache restored successfully
SSSD	UNKNOWN STEP	2025-06-25T00:26:08.2825817Z Cache restored from key: mvn-2025-25
SSSD	UNKNOWN STEP	2025-06-25T00:26:08.2968515Z Prepare all required actions
SSSD	UNKNOWN STEP	2025-06-25T00:26:08.2968848Z Getting action download info
SSSD	UNKNOWN STEP	2025-06-25T00:26:08.4581909Z ##[group]Run ./.github/actions/node-cache
SSSD	UNKNOWN STEP	2025-06-25T00:26:08.4582181Z env:
SSSD	UNKNOWN STEP	2025-06-25T00:26:08.4582441Z   MAVEN_ARGS: -B -nsu -Daether.connector.http.connectionMaxTtl=25
SSSD	UNKNOWN STEP	2025-06-25T00:26:08.4582782Z   SUREFIRE_RERUN_FAILING_COUNT: 2
SSSD	UNKNOWN STEP	2025-06-25T00:26:08.4583066Z   SUREFIRE_RETRY: -Dsurefire.rerunFailingTestsCount=2
SSSD	UNKNOWN STEP	2025-06-25T00:26:08.4583465Z   JAVA_HOME: /opt/hostedtoolcache/Java_Temurin-Hotspot_jdk/21.0.7-6/x64
SSSD	UNKNOWN STEP	2025-06-25T00:26:08.4583907Z   JAVA_HOME_21_X64: /opt/hostedtoolcache/Java_Temurin-Hotspot_jdk/21.0.7-6/x64
SSSD	UNKNOWN STEP	2025-06-25T00:26:08.4584612Z ##[endgroup]
SSSD	UNKNOWN STEP	2025-06-25T00:26:08.4622212Z ##[group]Run echo "node=$(cat js/pom.xml | grep '<node.version>' | cut -d '>' -f 2 | cut -d '<' -f 1 | cut -c 2-)" >> $GITHUB_OUTPUT
SSSD	UNKNOWN STEP	2025-06-25T00:26:08.4622866Z [36;1mecho "node=$(cat js/pom.xml | grep '<node.version>' | cut -d '>' -f 2 | cut -d '<' -f 1 | cut -c 2-)" >> $GITHUB_OUTPUT[0m
SSSD	UNKNOWN STEP	2025-06-25T00:26:08.4623452Z [36;1mecho "pnpm=$(cat js/pom.xml | grep '<pnpm.version>' | cut -d '>' -f 2 | cut -d '<' -f 1 | cut -c 1-)" >> $GITHUB_OUTPUT[0m
SSSD	UNKNOWN STEP	2025-06-25T00:26:08.4674705Z shell: /usr/bin/bash --noprofile --norc -e -o pipefail {0}
SSSD	UNKNOWN STEP	2025-06-25T00:26:08.4675018Z env:
SSSD	UNKNOWN STEP	2025-06-25T00:26:08.4675289Z   MAVEN_ARGS: -B -nsu -Daether.connector.http.connectionMaxTtl=25
SSSD	UNKNOWN STEP	2025-06-25T00:26:08.4675624Z   SUREFIRE_RERUN_FAILING_COUNT: 2
SSSD	UNKNOWN STEP	2025-06-25T00:26:08.4675934Z   SUREFIRE_RETRY: -Dsurefire.rerunFailingTestsCount=2
SSSD	UNKNOWN STEP	2025-06-25T00:26:08.4676363Z   JAVA_HOME: /opt/hostedtoolcache/Java_Temurin-Hotspot_jdk/21.0.7-6/x64
SSSD	UNKNOWN STEP	2025-06-25T00:26:08.4676812Z   JAVA_HOME_21_X64: /opt/hostedtoolcache/Java_Temurin-Hotspot_jdk/21.0.7-6/x64
SSSD	UNKNOWN STEP	2025-06-25T00:26:08.4677141Z ##[endgroup]
SSSD	UNKNOWN STEP	2025-06-25T00:26:08.4871407Z ##[group]Run actions/cache@5a3ec84eff668545956fd18022155c47e93e2684
SSSD	UNKNOWN STEP	2025-06-25T00:26:08.4871762Z with:
SSSD	UNKNOWN STEP	2025-06-25T00:26:08.4872120Z   path: ~/.m2/repository/com/github/eirslett/node
SSSD	UNKNOWN STEP	~/.m2/repository/com/github/eirslett/pnpm
SSSD	UNKNOWN STEP	
SSSD	UNKNOWN STEP	2025-06-25T00:26:08.4872587Z   key: Linux-frontend-plugin-artifacts-22.14.0-10.4.1
SSSD	UNKNOWN STEP	2025-06-25T00:26:08.4872903Z   enableCrossOsArchive: false
SSSD	UNKNOWN STEP	2025-06-25T00:26:08.4873148Z   fail-on-cache-miss: false
SSSD	UNKNOWN STEP	2025-06-25T00:26:08.4873366Z   lookup-only: false
SSSD	UNKNOWN STEP	2025-06-25T00:26:08.4873553Z   save-always: false
SSSD	UNKNOWN STEP	2025-06-25T00:26:08.4873739Z env:
SSSD	UNKNOWN STEP	2025-06-25T00:26:08.4874007Z   MAVEN_ARGS: -B -nsu -Daether.connector.http.connectionMaxTtl=25
SSSD	UNKNOWN STEP	2025-06-25T00:26:08.4874664Z   SUREFIRE_RERUN_FAILING_COUNT: 2
SSSD	UNKNOWN STEP	2025-06-25T00:26:08.4875119Z   SUREFIRE_RETRY: -Dsurefire.rerunFailingTestsCount=2
SSSD	UNKNOWN STEP	2025-06-25T00:26:08.4875536Z   JAVA_HOME: /opt/hostedtoolcache/Java_Temurin-Hotspot_jdk/21.0.7-6/x64
SSSD	UNKNOWN STEP	2025-06-25T00:26:08.4875969Z   JAVA_HOME_21_X64: /opt/hostedtoolcache/Java_Temurin-Hotspot_jdk/21.0.7-6/x64
SSSD	UNKNOWN STEP	2025-06-25T00:26:08.4876316Z ##[endgroup]
SSSD	UNKNOWN STEP	2025-06-25T00:26:08.8842543Z Cache hit for: Linux-frontend-plugin-artifacts-22.14.0-10.4.1
SSSD	UNKNOWN STEP	2025-06-25T00:26:10.1699423Z Received 12582912 of 88005547 (14.3%), 12.0 MBs/sec
SSSD	UNKNOWN STEP	2025-06-25T00:26:10.7878853Z Received 88005547 of 88005547 (100.0%), 51.9 MBs/sec
SSSD	UNKNOWN STEP	2025-06-25T00:26:10.7881369Z Cache Size: ~84 MB (88005547 B)
SSSD	UNKNOWN STEP	2025-06-25T00:26:10.7922250Z [command]/usr/bin/tar -xf /home/runner/work/_temp/a6a34e2e-3189-470b-a622-3da21f103282/cache.tzst -P -C /home/runner/work/keycloak/keycloak --use-compress-program unzstd
SSSD	UNKNOWN STEP	2025-06-25T00:26:11.0312835Z Cache restored successfully
SSSD	UNKNOWN STEP	2025-06-25T00:26:11.0565730Z Cache restored from key: Linux-frontend-plugin-artifacts-22.14.0-10.4.1
SSSD	UNKNOWN STEP	2025-06-25T00:26:11.0690677Z Prepare all required actions
SSSD	UNKNOWN STEP	2025-06-25T00:26:11.0690982Z Getting action download info
SSSD	UNKNOWN STEP	2025-06-25T00:26:11.2658339Z ##[group]Run ./.github/actions/pnpm-store-cache
SSSD	UNKNOWN STEP	2025-06-25T00:26:11.2658616Z env:
SSSD	UNKNOWN STEP	2025-06-25T00:26:11.2659024Z   MAVEN_ARGS: -B -nsu -Daether.connector.http.connectionMaxTtl=25
SSSD	UNKNOWN STEP	2025-06-25T00:26:11.2659376Z   SUREFIRE_RERUN_FAILING_COUNT: 2
SSSD	UNKNOWN STEP	2025-06-25T00:26:11.2659661Z   SUREFIRE_RETRY: -Dsurefire.rerunFailingTestsCount=2
SSSD	UNKNOWN STEP	2025-06-25T00:26:11.2660063Z   JAVA_HOME: /opt/hostedtoolcache/Java_Temurin-Hotspot_jdk/21.0.7-6/x64
SSSD	UNKNOWN STEP	2025-06-25T00:26:11.2660505Z   JAVA_HOME_21_X64: /opt/hostedtoolcache/Java_Temurin-Hotspot_jdk/21.0.7-6/x64
SSSD	UNKNOWN STEP	2025-06-25T00:26:11.2660842Z ##[endgroup]
SSSD	UNKNOWN STEP	2025-06-25T00:26:11.2674372Z ##[group]Run echo "key=pnpm-store-`date -u "+%Y-%U"`" >> $GITHUB_OUTPUT
SSSD	UNKNOWN STEP	2025-06-25T00:26:11.2674830Z [36;1mecho "key=pnpm-store-`date -u "+%Y-%U"`" >> $GITHUB_OUTPUT[0m
SSSD	UNKNOWN STEP	2025-06-25T00:26:11.2725101Z shell: /usr/bin/bash --noprofile --norc -e -o pipefail {0}
SSSD	UNKNOWN STEP	2025-06-25T00:26:11.2725413Z env:
SSSD	UNKNOWN STEP	2025-06-25T00:26:11.2725693Z   MAVEN_ARGS: -B -nsu -Daether.connector.http.connectionMaxTtl=25
SSSD	UNKNOWN STEP	2025-06-25T00:26:11.2726205Z   SUREFIRE_RERUN_FAILING_COUNT: 2
SSSD	UNKNOWN STEP	2025-06-25T00:26:11.2726493Z   SUREFIRE_RETRY: -Dsurefire.rerunFailingTestsCount=2
SSSD	UNKNOWN STEP	2025-06-25T00:26:11.2726897Z   JAVA_HOME: /opt/hostedtoolcache/Java_Temurin-Hotspot_jdk/21.0.7-6/x64
SSSD	UNKNOWN STEP	2025-06-25T00:26:11.2727348Z   JAVA_HOME_21_X64: /opt/hostedtoolcache/Java_Temurin-Hotspot_jdk/21.0.7-6/x64
SSSD	UNKNOWN STEP	2025-06-25T00:26:11.2727690Z ##[endgroup]
SSSD	UNKNOWN STEP	2025-06-25T00:26:11.2840447Z ##[group]Run actions/cache@5a3ec84eff668545956fd18022155c47e93e2684
SSSD	UNKNOWN STEP	2025-06-25T00:26:11.2840764Z with:
SSSD	UNKNOWN STEP	2025-06-25T00:26:11.2841079Z   path: ~/.local/share/pnpm/store
SSSD	UNKNOWN STEP	~/AppData/Local/pnpm/store
SSSD	UNKNOWN STEP	~/Library/pnpm/store
SSSD	UNKNOWN STEP	
SSSD	UNKNOWN STEP	2025-06-25T00:26:11.2841470Z   key: Linux-pnpm-store-2025-25
SSSD	UNKNOWN STEP	2025-06-25T00:26:11.2841712Z   enableCrossOsArchive: false
SSSD	UNKNOWN STEP	2025-06-25T00:26:11.2841948Z   fail-on-cache-miss: false
SSSD	UNKNOWN STEP	2025-06-25T00:26:11.2842162Z   lookup-only: false
SSSD	UNKNOWN STEP	2025-06-25T00:26:11.2842353Z   save-always: false
SSSD	UNKNOWN STEP	2025-06-25T00:26:11.2842535Z env:
SSSD	UNKNOWN STEP	2025-06-25T00:26:11.2842798Z   MAVEN_ARGS: -B -nsu -Daether.connector.http.connectionMaxTtl=25
SSSD	UNKNOWN STEP	2025-06-25T00:26:11.2843142Z   SUREFIRE_RERUN_FAILING_COUNT: 2
SSSD	UNKNOWN STEP	2025-06-25T00:26:11.2843430Z   SUREFIRE_RETRY: -Dsurefire.rerunFailingTestsCount=2
SSSD	UNKNOWN STEP	2025-06-25T00:26:11.2843831Z   JAVA_HOME: /opt/hostedtoolcache/Java_Temurin-Hotspot_jdk/21.0.7-6/x64
SSSD	UNKNOWN STEP	2025-06-25T00:26:11.2844476Z   JAVA_HOME_21_X64: /opt/hostedtoolcache/Java_Temurin-Hotspot_jdk/21.0.7-6/x64
SSSD	UNKNOWN STEP	2025-06-25T00:26:11.2844824Z ##[endgroup]
SSSD	UNKNOWN STEP	2025-06-25T00:26:11.6796379Z Cache hit for: Linux-pnpm-store-2025-25
SSSD	UNKNOWN STEP	2025-06-25T00:26:13.0101915Z Received 16777216 of 147375787 (11.4%), 16.0 MBs/sec
SSSD	UNKNOWN STEP	2025-06-25T00:26:14.0106814Z Received 134792875 of 147375787 (91.5%), 64.2 MBs/sec
SSSD	UNKNOWN STEP	2025-06-25T00:26:14.1240497Z Received 147375787 of 147375787 (100.0%), 66.5 MBs/sec
SSSD	UNKNOWN STEP	2025-06-25T00:26:14.1242542Z Cache Size: ~141 MB (147375787 B)
SSSD	UNKNOWN STEP	2025-06-25T00:26:14.1323655Z [command]/usr/bin/tar -xf /home/runner/work/_temp/1c2c167f-0301-443e-baef-4dfd4bd721c8/cache.tzst -P -C /home/runner/work/keycloak/keycloak --use-compress-program unzstd
SSSD	UNKNOWN STEP	2025-06-25T00:26:17.2350618Z Cache restored successfully
SSSD	UNKNOWN STEP	2025-06-25T00:26:17.2723416Z Cache restored from key: Linux-pnpm-store-2025-25
SSSD	UNKNOWN STEP	2025-06-25T00:26:17.3137821Z ##[group]Run actions/download-artifact@d3f86a106a0bac45b974a628896c90dbdf5c8093
SSSD	UNKNOWN STEP	2025-06-25T00:26:17.3138216Z with:
SSSD	UNKNOWN STEP	2025-06-25T00:26:17.3138402Z   name: m2-keycloak.tzts
SSSD	UNKNOWN STEP	2025-06-25T00:26:17.3138626Z   merge-multiple: false
SSSD	UNKNOWN STEP	2025-06-25T00:26:17.3138845Z   repository: keycloak/keycloak
SSSD	UNKNOWN STEP	2025-06-25T00:26:17.3139073Z   run-id: 15864290942
SSSD	UNKNOWN STEP	2025-06-25T00:26:17.3139256Z env:
SSSD	UNKNOWN STEP	2025-06-25T00:26:17.3139541Z   MAVEN_ARGS: -B -nsu -Daether.connector.http.connectionMaxTtl=25
SSSD	UNKNOWN STEP	2025-06-25T00:26:17.3139887Z   SUREFIRE_RERUN_FAILING_COUNT: 2
SSSD	UNKNOWN STEP	2025-06-25T00:26:17.3140178Z   SUREFIRE_RETRY: -Dsurefire.rerunFailingTestsCount=2
SSSD	UNKNOWN STEP	2025-06-25T00:26:17.3140593Z   JAVA_HOME: /opt/hostedtoolcache/Java_Temurin-Hotspot_jdk/21.0.7-6/x64
SSSD	UNKNOWN STEP	2025-06-25T00:26:17.3141046Z   JAVA_HOME_21_X64: /opt/hostedtoolcache/Java_Temurin-Hotspot_jdk/21.0.7-6/x64
SSSD	UNKNOWN STEP	2025-06-25T00:26:17.3141394Z ##[endgroup]
SSSD	UNKNOWN STEP	2025-06-25T00:26:17.5261131Z Downloading single artifact
SSSD	UNKNOWN STEP	2025-06-25T00:26:17.8129584Z Preparing to download the following artifacts:
SSSD	UNKNOWN STEP	2025-06-25T00:26:17.8131182Z - m2-keycloak.tzts (ID: 3397086305, Size: 382011475, Expected Digest: sha256:f2d007dfe763498a1338b35708570b715c9322e7c52917ecd7f917b5b3f897c0)
SSSD	UNKNOWN STEP	2025-06-25T00:26:18.0033773Z Redirecting to blob download url: https://productionresultssa3.blob.core.windows.net/actions-results/d7fa1f00-4fce-474a-b838-bd7d015bc537/workflow-job-run-db75a469-1182-5026-969e-6ffa2b478ee9/artifacts/edc4cfb0355d37e325eaae6eb235756b36f79720f66ece617babf28220e9d051.zip
SSSD	UNKNOWN STEP	2025-06-25T00:26:18.0036782Z Starting download of artifact to: /home/runner/work/keycloak/keycloak
SSSD	UNKNOWN STEP	2025-06-25T00:26:18.3773342Z (node:2179) [DEP0005] DeprecationWarning: Buffer() is deprecated due to security and usability issues. Please use the Buffer.alloc(), Buffer.allocUnsafe(), or Buffer.from() methods instead.
SSSD	UNKNOWN STEP	2025-06-25T00:26:18.3775270Z (Use `node --trace-deprecation ...` to show where the warning was created)
SSSD	UNKNOWN STEP	2025-06-25T00:26:34.1782588Z SHA256 digest of downloaded artifact is f2d007dfe763498a1338b35708570b715c9322e7c52917ecd7f917b5b3f897c0
SSSD	UNKNOWN STEP	2025-06-25T00:26:34.1783165Z Artifact download completed successfully.
SSSD	UNKNOWN STEP	2025-06-25T00:26:34.1783496Z Total of 1 artifact(s) downloaded
SSSD	UNKNOWN STEP	2025-06-25T00:26:34.1790865Z Download artifact has finished successfully
SSSD	UNKNOWN STEP	2025-06-25T00:26:34.1907855Z ##[group]Run if [ "$RUNNER_OS" == "Windows" ]; then
SSSD	UNKNOWN STEP	2025-06-25T00:26:34.1908222Z [36;1mif [ "$RUNNER_OS" == "Windows" ]; then[0m
SSSD	UNKNOWN STEP	2025-06-25T00:26:34.1908629Z [36;1m  # zstd binary might be missing in older versions, install only when necessary[0m
SSSD	UNKNOWN STEP	2025-06-25T00:26:34.1909064Z [36;1m  which zstd > /dev/null || choco install zstandard[0m
SSSD	UNKNOWN STEP	2025-06-25T00:26:34.1909364Z [36;1mfi[0m
SSSD	UNKNOWN STEP	2025-06-25T00:26:34.1909667Z [36;1mtar -C ~/ --use-compress-program="zstd -d" -xf m2-keycloak.tzts[0m
SSSD	UNKNOWN STEP	2025-06-25T00:26:34.1960238Z shell: /usr/bin/bash --noprofile --norc -e -o pipefail {0}
SSSD	UNKNOWN STEP	2025-06-25T00:26:34.1960571Z env:
SSSD	UNKNOWN STEP	2025-06-25T00:26:34.1960869Z   MAVEN_ARGS: -B -nsu -Daether.connector.http.connectionMaxTtl=25
SSSD	UNKNOWN STEP	2025-06-25T00:26:34.1961241Z   SUREFIRE_RERUN_FAILING_COUNT: 2
SSSD	UNKNOWN STEP	2025-06-25T00:26:34.1961554Z   SUREFIRE_RETRY: -Dsurefire.rerunFailingTestsCount=2
SSSD	UNKNOWN STEP	2025-06-25T00:26:34.1961987Z   JAVA_HOME: /opt/hostedtoolcache/Java_Temurin-Hotspot_jdk/21.0.7-6/x64
SSSD	UNKNOWN STEP	2025-06-25T00:26:34.1962458Z   JAVA_HOME_21_X64: /opt/hostedtoolcache/Java_Temurin-Hotspot_jdk/21.0.7-6/x64
SSSD	UNKNOWN STEP	2025-06-25T00:26:34.1962813Z ##[endgroup]
SSSD	UNKNOWN STEP	2025-06-25T00:26:34.7285740Z ##[group]Run echo "key=ipa-data-`date -u "+%Y-%U"`" >> $GITHUB_OUTPUT
SSSD	UNKNOWN STEP	2025-06-25T00:26:34.7286536Z [36;1mecho "key=ipa-data-`date -u "+%Y-%U"`" >> $GITHUB_OUTPUT[0m
SSSD	UNKNOWN STEP	2025-06-25T00:26:34.7339797Z shell: /usr/bin/bash --noprofile --norc -e -o pipefail {0}
SSSD	UNKNOWN STEP	2025-06-25T00:26:34.7340134Z env:
SSSD	UNKNOWN STEP	2025-06-25T00:26:34.7340424Z   MAVEN_ARGS: -B -nsu -Daether.connector.http.connectionMaxTtl=25
SSSD	UNKNOWN STEP	2025-06-25T00:26:34.7340780Z   SUREFIRE_RERUN_FAILING_COUNT: 2
SSSD	UNKNOWN STEP	2025-06-25T00:26:34.7341087Z   SUREFIRE_RETRY: -Dsurefire.rerunFailingTestsCount=2
SSSD	UNKNOWN STEP	2025-06-25T00:26:34.7341697Z   JAVA_HOME: /opt/hostedtoolcache/Java_Temurin-Hotspot_jdk/21.0.7-6/x64
SSSD	UNKNOWN STEP	2025-06-25T00:26:34.7342326Z   JAVA_HOME_21_X64: /opt/hostedtoolcache/Java_Temurin-Hotspot_jdk/21.0.7-6/x64
SSSD	UNKNOWN STEP	2025-06-25T00:26:34.7342797Z ##[endgroup]
SSSD	UNKNOWN STEP	2025-06-25T00:26:34.7489056Z ##[group]Run actions/cache@5a3ec84eff668545956fd18022155c47e93e2684
SSSD	UNKNOWN STEP	2025-06-25T00:26:34.7489412Z with:
SSSD	UNKNOWN STEP	2025-06-25T00:26:34.7489606Z   path: ~/ipa-data.tar
SSSD	UNKNOWN STEP	2025-06-25T00:26:34.7489822Z   key: ipa-data-2025-25
SSSD	UNKNOWN STEP	2025-06-25T00:26:34.7490057Z   enableCrossOsArchive: false
SSSD	UNKNOWN STEP	2025-06-25T00:26:34.7490304Z   fail-on-cache-miss: false
SSSD	UNKNOWN STEP	2025-06-25T00:26:34.7490530Z   lookup-only: false
SSSD	UNKNOWN STEP	2025-06-25T00:26:34.7490743Z   save-always: false
SSSD	UNKNOWN STEP	2025-06-25T00:26:34.7490931Z env:
SSSD	UNKNOWN STEP	2025-06-25T00:26:34.7491214Z   MAVEN_ARGS: -B -nsu -Daether.connector.http.connectionMaxTtl=25
SSSD	UNKNOWN STEP	2025-06-25T00:26:34.7491569Z   SUREFIRE_RERUN_FAILING_COUNT: 2
SSSD	UNKNOWN STEP	2025-06-25T00:26:34.7491872Z   SUREFIRE_RETRY: -Dsurefire.rerunFailingTestsCount=2
SSSD	UNKNOWN STEP	2025-06-25T00:26:34.7492289Z   JAVA_HOME: /opt/hostedtoolcache/Java_Temurin-Hotspot_jdk/21.0.7-6/x64
SSSD	UNKNOWN STEP	2025-06-25T00:26:34.7492758Z   JAVA_HOME_21_X64: /opt/hostedtoolcache/Java_Temurin-Hotspot_jdk/21.0.7-6/x64
SSSD	UNKNOWN STEP	2025-06-25T00:26:34.7493119Z ##[endgroup]
SSSD	UNKNOWN STEP	2025-06-25T00:26:35.1364470Z Cache hit for: ipa-data-2025-25
SSSD	UNKNOWN STEP	2025-06-25T00:26:36.4384780Z Received 5876430 of 5876430 (100.0%), 5.8 MBs/sec
SSSD	UNKNOWN STEP	2025-06-25T00:26:36.4385444Z Cache Size: ~6 MB (5876430 B)
SSSD	UNKNOWN STEP	2025-06-25T00:26:36.4411180Z [command]/usr/bin/tar -xf /home/runner/work/_temp/4dcdcda9-4809-4243-8f7f-72c0d4e147db/cache.tzst -P -C /home/runner/work/keycloak/keycloak --use-compress-program unzstd
SSSD	UNKNOWN STEP	2025-06-25T00:26:37.9936484Z Cache restored successfully
SSSD	UNKNOWN STEP	2025-06-25T00:26:38.0034867Z Cache restored from key: ipa-data-2025-25
SSSD	UNKNOWN STEP	2025-06-25T00:26:38.0124915Z ##[group]Run .github/scripts/run-ipa.sh "/home/runner/work/keycloak/keycloak"
SSSD	UNKNOWN STEP	2025-06-25T00:26:38.0125507Z [36;1m.github/scripts/run-ipa.sh "/home/runner/work/keycloak/keycloak"[0m
SSSD	UNKNOWN STEP	2025-06-25T00:26:38.0179964Z shell: /usr/bin/bash --noprofile --norc -e -o pipefail {0}
SSSD	UNKNOWN STEP	2025-06-25T00:26:38.0180488Z env:
SSSD	UNKNOWN STEP	2025-06-25T00:26:38.0180783Z   MAVEN_ARGS: -B -nsu -Daether.connector.http.connectionMaxTtl=25
SSSD	UNKNOWN STEP	2025-06-25T00:26:38.0181157Z   SUREFIRE_RERUN_FAILING_COUNT: 2
SSSD	UNKNOWN STEP	2025-06-25T00:26:38.0181469Z   SUREFIRE_RETRY: -Dsurefire.rerunFailingTestsCount=2
SSSD	UNKNOWN STEP	2025-06-25T00:26:38.0181899Z   JAVA_HOME: /opt/hostedtoolcache/Java_Temurin-Hotspot_jdk/21.0.7-6/x64
SSSD	UNKNOWN STEP	2025-06-25T00:26:38.0182383Z   JAVA_HOME_21_X64: /opt/hostedtoolcache/Java_Temurin-Hotspot_jdk/21.0.7-6/x64
SSSD	UNKNOWN STEP	2025-06-25T00:26:38.0182743Z ##[endgroup]
SSSD	UNKNOWN STEP	2025-06-25T00:26:38.0263595Z Using data from previous execution
SSSD	UNKNOWN STEP	2025-06-25T00:26:39.7442245Z Starting ipa-server container
SSSD	UNKNOWN STEP	2025-06-25T00:26:45.5153074Z Resolving "freeipa/freeipa-server" using unqualified-search registries (/etc/containers/registries.conf)
SSSD	UNKNOWN STEP	2025-06-25T00:26:45.5153807Z Trying to pull docker.io/freeipa/freeipa-server:rocky-9...
SSSD	UNKNOWN STEP	2025-06-25T00:26:46.6128981Z Getting image source signatures
SSSD	UNKNOWN STEP	2025-06-25T00:26:46.6134443Z Copying blob sha256:30cfc32afda39a4788aa17421f9cfb0ab7440e96403d0b5ddc8cd4ea4201780d
SSSD	UNKNOWN STEP	2025-06-25T00:26:46.6135541Z Copying blob sha256:cd3a1030dfc2cafd7e31ab9368392754e400507902a9078c664b7bfc006b4962
SSSD	UNKNOWN STEP	2025-06-25T00:26:46.6136539Z Copying blob sha256:bcabae296a707d56d4b166dec52b4a0bdd44e362ac64770c032223db98b54961
SSSD	UNKNOWN STEP	2025-06-25T00:26:46.6137486Z Copying blob sha256:0da02d1131f65e073404e938bfdfd78410b25d68a8cecb93f25c449e5fdb5e25
SSSD	UNKNOWN STEP	2025-06-25T00:26:46.6138410Z Copying blob sha256:9adfe51c2239a0685a1b05b8a180b85050e9f73ae38ab37216be8512d52b67bd
SSSD	UNKNOWN STEP	2025-06-25T00:26:46.6139325Z Copying blob sha256:14682326b1582bc0977d23538680b9c59b668a8cda66a314e6f88206d29d6c1d
SSSD	UNKNOWN STEP	2025-06-25T00:26:46.7546954Z Copying blob sha256:a6cf449651eae5078247c53cf138ec65f9b467d142fb233b86f61042f2a46d03
SSSD	UNKNOWN STEP	2025-06-25T00:26:46.9117321Z Copying blob sha256:97b9ebe98fa144f3d56ede8ac045ead0970983e75c438d4e5ec98caace1bdbfc
SSSD	UNKNOWN STEP	2025-06-25T00:26:46.9177779Z Copying blob sha256:2abac7d2d80440e8468d9afe8e737715d92d5702a1f4ef910b2339437e9a898c
SSSD	UNKNOWN STEP	2025-06-25T00:26:46.9200579Z Copying blob sha256:9192e02716600c59b781a80bca7f01acd854a9466a6764f233d75e8af7d87e73
SSSD	UNKNOWN STEP	2025-06-25T00:26:46.9335004Z Copying blob sha256:fa428406e28780aaa18bb0a61b50b2953f11b57ad8ce429966ada390ea56091c
SSSD	UNKNOWN STEP	2025-06-25T00:26:47.0256826Z Copying blob sha256:8c4067fdac156f7c6da4589b63252edb3179a4fa7fac549e4359cf50d6027649
SSSD	UNKNOWN STEP	2025-06-25T00:26:47.0330640Z Copying blob sha256:7f4816bec9028dc6929a7e6c0156d19820b05a04649059788cc98335ae7f1c40
SSSD	UNKNOWN STEP	2025-06-25T00:26:47.1091633Z Copying blob sha256:87d265c82673fb5f240a9090960260abbc6ca7f6fea1677cc5d0a0529382dd6c
SSSD	UNKNOWN STEP	2025-06-25T00:26:47.1813934Z Copying blob sha256:082310d1527f7730838a91fb59a8f9ad540fff3e1910c006473333a5f2cc1d64
SSSD	UNKNOWN STEP	2025-06-25T00:26:47.2028052Z Copying blob sha256:2237acd8e31903d56142f364a07b025dd8cb4312318ff55e321efbc128a1b0b5
SSSD	UNKNOWN STEP	2025-06-25T00:26:47.2364826Z Copying blob sha256:5a0ce58e5b2fe1c96b493afac500d67b59b64549d064d7f258f952911fd55586
SSSD	UNKNOWN STEP	2025-06-25T00:26:47.3207078Z Copying blob sha256:c8aea0b136773ecceda44a2f2d51ca7446455a8e8d2d4a7307d459dad9fa6333
SSSD	UNKNOWN STEP	2025-06-25T00:26:47.3442716Z Copying blob sha256:290a15244cc4d16f417b96fe60ff4e9445eeb12604a5d1a3bdd51db6fd09b766
SSSD	UNKNOWN STEP	2025-06-25T00:26:47.3496490Z Copying blob sha256:a0cfea8ee0ca734c6141dec47c1044cb331c39489ae88416b166e7d0cf1d5a02
SSSD	UNKNOWN STEP	2025-06-25T00:26:47.4399687Z Copying blob sha256:4cd90b0a650266f7d633eda58d43f7c0086db6af5bd9d36c6ede6a1295d89331
SSSD	UNKNOWN STEP	2025-06-25T00:26:47.4978699Z Copying blob sha256:d088aa3c9642a30392eab457e159aca82fc1a9597aa6286592f3c5755ff4460c
SSSD	UNKNOWN STEP	2025-06-25T00:26:47.5279246Z Copying blob sha256:092f4c40a72ec08c0d333c28bd1b5583bc67c35924bf356b0ef92b4881361822
SSSD	UNKNOWN STEP	2025-06-25T00:26:47.5999662Z Copying blob sha256:670b2e6137930c9e863368bccd77c849861bb512633af229352860b23aefb0b1
SSSD	UNKNOWN STEP	2025-06-25T00:26:47.6163195Z Copying blob sha256:a504c25c276bbb1647a4cb7e805daa0efccc2c3aa47cf8fabf4f369bb045c620
SSSD	UNKNOWN STEP	2025-06-25T00:26:47.6433032Z Copying blob sha256:8b7eb190084a1203677e045869f8de30c4ece6fb9ec9f43dfd91decc89dbada0
SSSD	UNKNOWN STEP	2025-06-25T00:26:47.7128948Z Copying blob sha256:a9fa727a78cecfb5f2d1bd9e3b3e5352b5977cc469af99bd8df1cd8895dc959f
SSSD	UNKNOWN STEP	2025-06-25T00:26:47.7278421Z Copying blob sha256:8d76882f6b03a4aaecdee164f9845c28862a23ac02a31224f132464378f1337e
SSSD	UNKNOWN STEP	2025-06-25T00:26:47.7577899Z Copying blob sha256:b0f5311e4bff8bd539a3379b0d668b8b8ddf3dd80d1edf82734cf0be7fb4f088
SSSD	UNKNOWN STEP	2025-06-25T00:26:47.8387029Z Copying blob sha256:071c2d378694af0c59b9fd7cdd2d847292ca2f6c3d84ee4b6f5e9de0dfbdd87f
SSSD	UNKNOWN STEP	2025-06-25T00:26:47.8435031Z Copying blob sha256:e2768db696f33bb1886b1243cced87c2c4b1c67a9ad01be326576827e72fe6ad
SSSD	UNKNOWN STEP	2025-06-25T00:26:47.9539754Z Copying blob sha256:6b437987be315e0eedeb0f104105ca8e7e816f27182c006e61e645cf00b242cc
SSSD	UNKNOWN STEP	2025-06-25T00:26:47.9689065Z Copying blob sha256:f2a73aabe2a4a51cf6d809b214a4321a6b54fdbcd637ebc5987b444b5fa37809
SSSD	UNKNOWN STEP	2025-06-25T00:26:48.0628053Z Copying blob sha256:12ead6c9a6492056be4e6f20b44a77f0593c4beb529eaf7a4ca01970d1fe1650
SSSD	UNKNOWN STEP	2025-06-25T00:26:48.1069995Z Copying blob sha256:db90b76a4a54954d0ff2f14cee2bd28f0f5e99cdf8b020d53f046c4d5fb498c0
SSSD	UNKNOWN STEP	2025-06-25T00:26:48.1954119Z Copying blob sha256:753db36fa6de44360fa161a4049ba36b7efd1e266b9ce38b763c34b51e443c03
SSSD	UNKNOWN STEP	2025-06-25T00:26:48.2223290Z Copying blob sha256:38065d179cb49b0a6bdf617ddafe82c7c2a5903adc0b00011cb38d30b1fa979c
SSSD	UNKNOWN STEP	2025-06-25T00:26:48.2316382Z Copying blob sha256:728e3fade0c9b720c7de2c981f527dbf6805fac190606897fc65f573a289c453
SSSD	UNKNOWN STEP	2025-06-25T00:26:48.3092360Z Copying blob sha256:f23fd7a6e5ba222c77531bfa7df7ac04f03b16b8e5cfc72906d8beac8b844149
SSSD	UNKNOWN STEP	2025-06-25T00:26:48.3276456Z Copying blob sha256:6cf5c46f9777d778573dc0f25b584df6527f5a66ae06b08944a765f3087fda4f
SSSD	UNKNOWN STEP	2025-06-25T00:26:48.4204891Z Copying blob sha256:921f5321582a3b81412d0f2a7f1352a28553782f133818e57d09879d6533251e
SSSD	UNKNOWN STEP	2025-06-25T00:26:48.4279320Z Copying blob sha256:97551623651eaa5719950aa80f21766e449a993b2abf5480bacb9cfa934a9904
SSSD	UNKNOWN STEP	2025-06-25T00:26:48.4868794Z Copying blob sha256:3b24ce601dadc173ebd0b345efbc775eada073e3d1a5bfe3837f55d6ad31504f
SSSD	UNKNOWN STEP	2025-06-25T00:26:48.5325232Z Copying blob sha256:c33efd84da7ce77c48837c896138beb02570f4b39dcc6bae18bae0cd9b00447c
SSSD	UNKNOWN STEP	2025-06-25T00:26:48.5518605Z Copying blob sha256:73c022db34cebcf16b9283eb244628f8a372ba60f553033ddd437071d1b8801f
SSSD	UNKNOWN STEP	2025-06-25T00:26:48.6129643Z Copying blob sha256:b9f79f614f27f14f630b649bc3a673976bafddce5e96de175db6c2b51f69e05c
SSSD	UNKNOWN STEP	2025-06-25T00:26:48.6476472Z Copying blob sha256:b6851ff12645db43373a0f74a5e2b84defd85e5fa578c400cdf6498cc7fd9808
SSSD	UNKNOWN STEP	2025-06-25T00:26:48.6731188Z Copying blob sha256:fce8a90fb0fb580bd2ad53766376a09ffd1c325eee628aedc031936a26e76913
SSSD	UNKNOWN STEP	2025-06-25T00:26:48.7427269Z Copying blob sha256:b50dfb5c01d645a9038a02af2d4e75755dd034e209def27f5a04bfc8504013e4
SSSD	UNKNOWN STEP	2025-06-25T00:26:57.4755081Z Copying config sha256:7d57fa226f9c74aedbd5370d92c6f5f8212d4b0e0c7f75cea93d668db8325524
SSSD	UNKNOWN STEP	2025-06-25T00:26:57.4778639Z Writing manifest to image destination
SSSD	UNKNOWN STEP	2025-06-25T00:26:57.8197005Z Container c4301aff11003b9a6249aa285bd536692eccaa1140a8f3b05d2060dab5a453d0 started, waiting ipa-server configuration
SSSD	UNKNOWN STEP	2025-06-25T00:27:27.8656617Z Error: no container with name or ID "c4301aff11003b9a6249aa285bd536692eccaa1140a8f3b05d2060dab5a453d0" found: no such container
SSSD	UNKNOWN STEP	2025-06-25T00:27:57.9028560Z Error: no container with name or ID "c4301aff11003b9a6249aa285bd536692eccaa1140a8f3b05d2060dab5a453d0" found: no such container
SSSD	UNKNOWN STEP	2025-06-25T00:27:57.9070236Z ##[error]Process completed with exit code 1.
SSSD	UNKNOWN STEP	2025-06-25T00:27:57.9127777Z Prepare all required actions
SSSD	UNKNOWN STEP	2025-06-25T00:27:57.9128342Z Getting action download info
SSSD	UNKNOWN STEP	2025-06-25T00:27:58.2086791Z Download action repository 'actions/upload-artifact@ea165f8d65b6e75b540449e92b4886f43607fa02' (SHA:ea165f8d65b6e75b540449e92b4886f43607fa02)
SSSD	UNKNOWN STEP	2025-06-25T00:27:58.3254651Z ##[group]Run ./.github/actions/archive-surefire-reports
SSSD	UNKNOWN STEP	2025-06-25T00:27:58.3254968Z with:
SSSD	UNKNOWN STEP	2025-06-25T00:27:58.3255158Z   job-id: sssd-unit-tests
SSSD	UNKNOWN STEP	2025-06-25T00:27:58.3255566Z   release-branches: ["refs/heads/release/22.0","refs/heads/release/24.0","refs/heads/release/26.0"]
SSSD	UNKNOWN STEP	2025-06-25T00:27:58.3255987Z   keep-days: 1
SSSD	UNKNOWN STEP	2025-06-25T00:27:58.3256183Z env:
SSSD	UNKNOWN STEP	2025-06-25T00:27:58.3256467Z   MAVEN_ARGS: -B -nsu -Daether.connector.http.connectionMaxTtl=25
SSSD	UNKNOWN STEP	2025-06-25T00:27:58.3256827Z   SUREFIRE_RERUN_FAILING_COUNT: 2
SSSD	UNKNOWN STEP	2025-06-25T00:27:58.3257130Z   SUREFIRE_RETRY: -Dsurefire.rerunFailingTestsCount=2
SSSD	UNKNOWN STEP	2025-06-25T00:27:58.3257552Z   JAVA_HOME: /opt/hostedtoolcache/Java_Temurin-Hotspot_jdk/21.0.7-6/x64
SSSD	UNKNOWN STEP	2025-06-25T00:27:58.3258244Z   JAVA_HOME_21_X64: /opt/hostedtoolcache/Java_Temurin-Hotspot_jdk/21.0.7-6/x64
SSSD	UNKNOWN STEP	2025-06-25T00:27:58.3258607Z ##[endgroup]
SSSD	UNKNOWN STEP	2025-06-25T00:27:58.3273475Z ##[group]Run echo "dirs<<EOF" >> $GITHUB_OUTPUT
SSSD	UNKNOWN STEP	2025-06-25T00:27:58.3273800Z [36;1mecho "dirs<<EOF" >> $GITHUB_OUTPUT[0m
SSSD	UNKNOWN STEP	2025-06-25T00:27:58.3274387Z [36;1mecho "$(find ~+ -type d -not -empty -name surefire-reports*)" >> $GITHUB_OUTPUT [0m
SSSD	UNKNOWN STEP	2025-06-25T00:27:58.3274815Z [36;1mecho "EOF" >> $GITHUB_OUTPUT[0m
SSSD	UNKNOWN STEP	2025-06-25T00:27:58.3324015Z shell: /usr/bin/bash --noprofile --norc -e -o pipefail {0}
SSSD	UNKNOWN STEP	2025-06-25T00:27:58.3324445Z env:
SSSD	UNKNOWN STEP	2025-06-25T00:27:58.3324730Z   MAVEN_ARGS: -B -nsu -Daether.connector.http.connectionMaxTtl=25
SSSD	UNKNOWN STEP	2025-06-25T00:27:58.3325091Z   SUREFIRE_RERUN_FAILING_COUNT: 2
SSSD	UNKNOWN STEP	2025-06-25T00:27:58.3325394Z   SUREFIRE_RETRY: -Dsurefire.rerunFailingTestsCount=2
SSSD	UNKNOWN STEP	2025-06-25T00:27:58.3325816Z   JAVA_HOME: /opt/hostedtoolcache/Java_Temurin-Hotspot_jdk/21.0.7-6/x64
SSSD	UNKNOWN STEP	2025-06-25T00:27:58.3326283Z   JAVA_HOME_21_X64: /opt/hostedtoolcache/Java_Temurin-Hotspot_jdk/21.0.7-6/x64
SSSD	UNKNOWN STEP	2025-06-25T00:27:58.3326641Z ##[endgroup]
SSSD	UNKNOWN STEP	2025-06-25T00:27:58.4021677Z Post job cleanup.
SSSD	UNKNOWN STEP	2025-06-25T00:27:58.4063110Z Post job cleanup.
SSSD	UNKNOWN STEP	2025-06-25T00:27:58.5782388Z Post job cleanup.
SSSD	UNKNOWN STEP	2025-06-25T00:27:58.6736835Z [command]/usr/bin/git version
SSSD	UNKNOWN STEP	2025-06-25T00:27:58.6780225Z git version 2.49.0
SSSD	UNKNOWN STEP	2025-06-25T00:27:58.6825361Z Temporarily overriding HOME='/home/runner/work/_temp/953c9249-0f4c-43aa-8cf3-8c501403ccea' before making global git config changes
SSSD	UNKNOWN STEP	2025-06-25T00:27:58.6826723Z Adding repository directory to the temporary git global config as a safe directory
SSSD	UNKNOWN STEP	2025-06-25T00:27:58.6831326Z [command]/usr/bin/git config --global --add safe.directory /home/runner/work/keycloak/keycloak
SSSD	UNKNOWN STEP	2025-06-25T00:27:58.6869975Z [command]/usr/bin/git config --local --name-only --get-regexp core\.sshCommand
SSSD	UNKNOWN STEP	2025-06-25T00:27:58.6905914Z [command]/usr/bin/git submodule foreach --recursive sh -c "git config --local --name-only --get-regexp 'core\.sshCommand' && git config --local --unset-all 'core.sshCommand' || :"
SSSD	UNKNOWN STEP	2025-06-25T00:27:58.7164158Z [command]/usr/bin/git config --local --name-only --get-regexp http\.https\:\/\/github\.com\/\.extraheader
SSSD	UNKNOWN STEP	2025-06-25T00:27:58.7185990Z http.https://github.com/.extraheader
SSSD	UNKNOWN STEP	2025-06-25T00:27:58.7202966Z [command]/usr/bin/git config --local --unset-all http.https://github.com/.extraheader
SSSD	UNKNOWN STEP	2025-06-25T00:27:58.7236562Z [command]/usr/bin/git submodule foreach --recursive sh -c "git config --local --name-only --get-regexp 'http\.https\:\/\/github\.com\/\.extraheader' && git config --local --unset-all 'http.https://github.com/.extraheader' || :"
SSSD	UNKNOWN STEP	2025-06-25T00:27:58.7606223Z Cleaning up orphan processes
SSSD	UNKNOWN STEP	2025-06-25T00:27:58.7906916Z Terminate orphan process: pid (2256) (catatonit)
Status Check - Keycloak CI	UNKNOWN STEP	ï»¿2025-06-25T01:17:14.8942453Z Current runner version: '2.325.0'
Status Check - Keycloak CI	UNKNOWN STEP	2025-06-25T01:17:14.8966653Z ##[group]Runner Image Provisioner
Status Check - Keycloak CI	UNKNOWN STEP	2025-06-25T01:17:14.8967512Z Hosted Compute Agent
Status Check - Keycloak CI	UNKNOWN STEP	2025-06-25T01:17:14.8968300Z Version: 20250620.352
Status Check - Keycloak CI	UNKNOWN STEP	2025-06-25T01:17:14.8968969Z Commit: f262f3aba23b10ea191b2a62bdee1ca4c3d344da
Status Check - Keycloak CI	UNKNOWN STEP	2025-06-25T01:17:14.8969704Z Build Date: 2025-06-20T19:27:17Z
Status Check - Keycloak CI	UNKNOWN STEP	2025-06-25T01:17:14.8970270Z ##[endgroup]
Status Check - Keycloak CI	UNKNOWN STEP	2025-06-25T01:17:14.8970908Z ##[group]Operating System
Status Check - Keycloak CI	UNKNOWN STEP	2025-06-25T01:17:14.8971444Z Ubuntu
Status Check - Keycloak CI	UNKNOWN STEP	2025-06-25T01:17:14.8971950Z 24.04.2
Status Check - Keycloak CI	UNKNOWN STEP	2025-06-25T01:17:14.8972484Z LTS
Status Check - Keycloak CI	UNKNOWN STEP	2025-06-25T01:17:14.8972981Z ##[endgroup]
Status Check - Keycloak CI	UNKNOWN STEP	2025-06-25T01:17:14.8973493Z ##[group]Runner Image
Status Check - Keycloak CI	UNKNOWN STEP	2025-06-25T01:17:14.8974120Z Image: ubuntu-24.04
Status Check - Keycloak CI	UNKNOWN STEP	2025-06-25T01:17:14.8974667Z Version: 20250602.3.0
Status Check - Keycloak CI	UNKNOWN STEP	2025-06-25T01:17:14.8975625Z Included Software: https://github.com/actions/runner-images/blob/ubuntu24/20250602.3/images/ubuntu/Ubuntu2404-Readme.md
Status Check - Keycloak CI	UNKNOWN STEP	2025-06-25T01:17:14.8977223Z Image Release: https://github.com/actions/runner-images/releases/tag/ubuntu24%2F20250602.3
Status Check - Keycloak CI	UNKNOWN STEP	2025-06-25T01:17:14.8978415Z ##[endgroup]
Status Check - Keycloak CI	UNKNOWN STEP	2025-06-25T01:17:14.8979538Z ##[group]GITHUB_TOKEN Permissions
Status Check - Keycloak CI	UNKNOWN STEP	2025-06-25T01:17:14.8981758Z Contents: read
Status Check - Keycloak CI	UNKNOWN STEP	2025-06-25T01:17:14.8982625Z Metadata: read
Status Check - Keycloak CI	UNKNOWN STEP	2025-06-25T01:17:14.8983379Z ##[endgroup]
Status Check - Keycloak CI	UNKNOWN STEP	2025-06-25T01:17:14.8986033Z Secret source: Actions
Status Check - Keycloak CI	UNKNOWN STEP	2025-06-25T01:17:14.8987509Z Prepare workflow directory
Status Check - Keycloak CI	UNKNOWN STEP	2025-06-25T01:17:14.9383401Z Prepare all required actions
Status Check - Keycloak CI	UNKNOWN STEP	2025-06-25T01:17:14.9420942Z Getting action download info
Status Check - Keycloak CI	UNKNOWN STEP	2025-06-25T01:17:15.2058949Z Download action repository 'actions/checkout@11bd71901bbe5b1630ceea73d27597364c9af683' (SHA:11bd71901bbe5b1630ceea73d27597364c9af683)
Status Check - Keycloak CI	UNKNOWN STEP	2025-06-25T01:17:15.3497340Z Complete job name: Status Check - Keycloak CI
Status Check - Keycloak CI	UNKNOWN STEP	2025-06-25T01:17:15.4311837Z ##[group]Run actions/checkout@11bd71901bbe5b1630ceea73d27597364c9af683
Status Check - Keycloak CI	UNKNOWN STEP	2025-06-25T01:17:15.4312818Z with:
Status Check - Keycloak CI	UNKNOWN STEP	2025-06-25T01:17:15.4313202Z   repository: keycloak/keycloak
Status Check - Keycloak CI	UNKNOWN STEP	2025-06-25T01:17:15.4313809Z   token: ***
Status Check - Keycloak CI	UNKNOWN STEP	2025-06-25T01:17:15.4314183Z   ssh-strict: true
Status Check - Keycloak CI	UNKNOWN STEP	2025-06-25T01:17:15.4314620Z   ssh-user: git
Status Check - Keycloak CI	UNKNOWN STEP	2025-06-25T01:17:15.4315030Z   persist-credentials: true
Status Check - Keycloak CI	UNKNOWN STEP	2025-06-25T01:17:15.4315463Z   clean: true
Status Check - Keycloak CI	UNKNOWN STEP	2025-06-25T01:17:15.4315854Z   sparse-checkout-cone-mode: true
Status Check - Keycloak CI	UNKNOWN STEP	2025-06-25T01:17:15.4316320Z   fetch-depth: 1
Status Check - Keycloak CI	UNKNOWN STEP	2025-06-25T01:17:15.4316701Z   fetch-tags: false
Status Check - Keycloak CI	UNKNOWN STEP	2025-06-25T01:17:15.4317087Z   show-progress: true
Status Check - Keycloak CI	UNKNOWN STEP	2025-06-25T01:17:15.4317487Z   lfs: false
Status Check - Keycloak CI	UNKNOWN STEP	2025-06-25T01:17:15.4317842Z   submodules: false
Status Check - Keycloak CI	UNKNOWN STEP	2025-06-25T01:17:15.4318549Z   set-safe-directory: true
Status Check - Keycloak CI	UNKNOWN STEP	2025-06-25T01:17:15.4319267Z env:
Status Check - Keycloak CI	UNKNOWN STEP	2025-06-25T01:17:15.4319799Z   MAVEN_ARGS: -B -nsu -Daether.connector.http.connectionMaxTtl=25
Status Check - Keycloak CI	UNKNOWN STEP	2025-06-25T01:17:15.4320449Z   SUREFIRE_RERUN_FAILING_COUNT: 2
Status Check - Keycloak CI	UNKNOWN STEP	2025-06-25T01:17:15.4321035Z   SUREFIRE_RETRY: -Dsurefire.rerunFailingTestsCount=2
Status Check - Keycloak CI	UNKNOWN STEP	2025-06-25T01:17:15.4321587Z ##[endgroup]
Status Check - Keycloak CI	UNKNOWN STEP	2025-06-25T01:17:15.5368935Z Syncing repository: keycloak/keycloak
Status Check - Keycloak CI	UNKNOWN STEP	2025-06-25T01:17:15.5370720Z ##[group]Getting Git version info
Status Check - Keycloak CI	UNKNOWN STEP	2025-06-25T01:17:15.5371414Z Working directory is '/home/runner/work/keycloak/keycloak'
Status Check - Keycloak CI	UNKNOWN STEP	2025-06-25T01:17:15.5372323Z [command]/usr/bin/git version
Status Check - Keycloak CI	UNKNOWN STEP	2025-06-25T01:17:15.5412507Z git version 2.49.0
Status Check - Keycloak CI	UNKNOWN STEP	2025-06-25T01:17:15.5438836Z ##[endgroup]
Status Check - Keycloak CI	UNKNOWN STEP	2025-06-25T01:17:15.5454819Z Temporarily overriding HOME='/home/runner/work/_temp/f703af47-b072-4d64-ab66-6fb8083782bc' before making global git config changes
Status Check - Keycloak CI	UNKNOWN STEP	2025-06-25T01:17:15.5457316Z Adding repository directory to the temporary git global config as a safe directory
Status Check - Keycloak CI	UNKNOWN STEP	2025-06-25T01:17:15.5461684Z [command]/usr/bin/git config --global --add safe.directory /home/runner/work/keycloak/keycloak
Status Check - Keycloak CI	UNKNOWN STEP	2025-06-25T01:17:15.5498079Z Deleting the contents of '/home/runner/work/keycloak/keycloak'
Status Check - Keycloak CI	UNKNOWN STEP	2025-06-25T01:17:15.5502246Z ##[group]Initializing the repository
Status Check - Keycloak CI	UNKNOWN STEP	2025-06-25T01:17:15.5506822Z [command]/usr/bin/git init /home/runner/work/keycloak/keycloak
Status Check - Keycloak CI	UNKNOWN STEP	2025-06-25T01:17:15.5567792Z hint: Using 'master' as the name for the initial branch. This default branch name
Status Check - Keycloak CI	UNKNOWN STEP	2025-06-25T01:17:15.5569456Z hint: is subject to change. To configure the initial branch name to use in all
Status Check - Keycloak CI	UNKNOWN STEP	2025-06-25T01:17:15.5570570Z hint: of your new repositories, which will suppress this warning, call:
Status Check - Keycloak CI	UNKNOWN STEP	2025-06-25T01:17:15.5571937Z hint:
Status Check - Keycloak CI	UNKNOWN STEP	2025-06-25T01:17:15.5572482Z hint: 	git config --global init.defaultBranch <name>
Status Check - Keycloak CI	UNKNOWN STEP	2025-06-25T01:17:15.5573517Z hint:
Status Check - Keycloak CI	UNKNOWN STEP	2025-06-25T01:17:15.5574534Z hint: Names commonly chosen instead of 'master' are 'main', 'trunk' and
Status Check - Keycloak CI	UNKNOWN STEP	2025-06-25T01:17:15.5576196Z hint: 'development'. The just-created branch can be renamed via this command:
Status Check - Keycloak CI	UNKNOWN STEP	2025-06-25T01:17:15.5577522Z hint:
Status Check - Keycloak CI	UNKNOWN STEP	2025-06-25T01:17:15.5578413Z hint: 	git branch -m <name>
Status Check - Keycloak CI	UNKNOWN STEP	2025-06-25T01:17:15.5579659Z Initialized empty Git repository in /home/runner/work/keycloak/keycloak/.git/
Status Check - Keycloak CI	UNKNOWN STEP	2025-06-25T01:17:15.5585169Z [command]/usr/bin/git remote add origin https://github.com/keycloak/keycloak
Status Check - Keycloak CI	UNKNOWN STEP	2025-06-25T01:17:15.5615661Z ##[endgroup]
Status Check - Keycloak CI	UNKNOWN STEP	2025-06-25T01:17:15.5616829Z ##[group]Disabling automatic garbage collection
Status Check - Keycloak CI	UNKNOWN STEP	2025-06-25T01:17:15.5620727Z [command]/usr/bin/git config --local gc.auto 0
Status Check - Keycloak CI	UNKNOWN STEP	2025-06-25T01:17:15.5649152Z ##[endgroup]
Status Check - Keycloak CI	UNKNOWN STEP	2025-06-25T01:17:15.5650345Z ##[group]Setting up auth
Status Check - Keycloak CI	UNKNOWN STEP	2025-06-25T01:17:15.5656673Z [command]/usr/bin/git config --local --name-only --get-regexp core\.sshCommand
Status Check - Keycloak CI	UNKNOWN STEP	2025-06-25T01:17:15.5687409Z [command]/usr/bin/git submodule foreach --recursive sh -c "git config --local --name-only --get-regexp 'core\.sshCommand' && git config --local --unset-all 'core.sshCommand' || :"
Status Check - Keycloak CI	UNKNOWN STEP	2025-06-25T01:17:15.5947069Z [command]/usr/bin/git config --local --name-only --get-regexp http\.https\:\/\/github\.com\/\.extraheader
Status Check - Keycloak CI	UNKNOWN STEP	2025-06-25T01:17:15.5975874Z [command]/usr/bin/git submodule foreach --recursive sh -c "git config --local --name-only --get-regexp 'http\.https\:\/\/github\.com\/\.extraheader' && git config --local --unset-all 'http.https://github.com/.extraheader' || :"
Status Check - Keycloak CI	UNKNOWN STEP	2025-06-25T01:17:15.6191567Z [command]/usr/bin/git config --local http.https://github.com/.extraheader AUTHORIZATION: basic ***
Status Check - Keycloak CI	UNKNOWN STEP	2025-06-25T01:17:15.6225417Z ##[endgroup]
Status Check - Keycloak CI	UNKNOWN STEP	2025-06-25T01:17:15.6226207Z ##[group]Fetching the repository
Status Check - Keycloak CI	UNKNOWN STEP	2025-06-25T01:17:15.6233989Z [command]/usr/bin/git -c protocol.version=2 fetch --no-tags --prune --no-recurse-submodules --depth=1 origin +30979dc873b95c138b9e3799a1391cbf578dd4c5:refs/remotes/origin/main
Status Check - Keycloak CI	UNKNOWN STEP	2025-06-25T01:17:18.5311003Z From https://github.com/keycloak/keycloak
Status Check - Keycloak CI	UNKNOWN STEP	2025-06-25T01:17:18.5312429Z  * [new ref]         30979dc873b95c138b9e3799a1391cbf578dd4c5 -> origin/main
Status Check - Keycloak CI	UNKNOWN STEP	2025-06-25T01:17:18.5363945Z ##[endgroup]
Status Check - Keycloak CI	UNKNOWN STEP	2025-06-25T01:17:18.5365591Z ##[group]Determining the checkout info
Status Check - Keycloak CI	UNKNOWN STEP	2025-06-25T01:17:18.5367423Z ##[endgroup]
Status Check - Keycloak CI	UNKNOWN STEP	2025-06-25T01:17:18.5370481Z [command]/usr/bin/git sparse-checkout disable
Status Check - Keycloak CI	UNKNOWN STEP	2025-06-25T01:17:18.5409016Z [command]/usr/bin/git config --local --unset-all extensions.worktreeConfig
Status Check - Keycloak CI	UNKNOWN STEP	2025-06-25T01:17:18.5436779Z ##[group]Checking out the ref
Status Check - Keycloak CI	UNKNOWN STEP	2025-06-25T01:17:18.5440856Z [command]/usr/bin/git checkout --progress --force -B main refs/remotes/origin/main
Status Check - Keycloak CI	UNKNOWN STEP	2025-06-25T01:17:19.3220404Z Switched to a new branch 'main'
Status Check - Keycloak CI	UNKNOWN STEP	2025-06-25T01:17:19.3221656Z branch 'main' set up to track 'origin/main'.
Status Check - Keycloak CI	UNKNOWN STEP	2025-06-25T01:17:19.3251542Z ##[endgroup]
Status Check - Keycloak CI	UNKNOWN STEP	2025-06-25T01:17:19.3291373Z [command]/usr/bin/git log -1 --format=%H
Status Check - Keycloak CI	UNKNOWN STEP	2025-06-25T01:17:19.3314297Z 30979dc873b95c138b9e3799a1391cbf578dd4c5
Status Check - Keycloak CI	UNKNOWN STEP	2025-06-25T01:17:19.3552914Z Prepare all required actions
Status Check - Keycloak CI	UNKNOWN STEP	2025-06-25T01:17:19.3619945Z ##[group]Run ./.github/actions/status-check
Status Check - Keycloak CI	UNKNOWN STEP	2025-06-25T01:17:19.3620279Z with:
Status Check - Keycloak CI	UNKNOWN STEP	2025-06-25T01:17:19.3624310Z   jobs: {
Status Check - Keycloak CI	UNKNOWN STEP	  "conditional": {
Status Check - Keycloak CI	UNKNOWN STEP	    "result": "success",
Status Check - Keycloak CI	UNKNOWN STEP	    "outputs": {
Status Check - Keycloak CI	UNKNOWN STEP	      "ci-aurora": "true",
Status Check - Keycloak CI	UNKNOWN STEP	      "ci": "true",
Status Check - Keycloak CI	UNKNOWN STEP	      "ci-quarkus": "true",
Status Check - Keycloak CI	UNKNOWN STEP	      "ci-store": "true",
Status Check - Keycloak CI	UNKNOWN STEP	      "ci-sssd": "true",
Status Check - Keycloak CI	UNKNOWN STEP	      "ci-webauthn": "true"
Status Check - Keycloak CI	UNKNOWN STEP	    }
Status Check - Keycloak CI	UNKNOWN STEP	  },
Status Check - Keycloak CI	UNKNOWN STEP	  "build": {
Status Check - Keycloak CI	UNKNOWN STEP	    "result": "success",
Status Check - Keycloak CI	UNKNOWN STEP	    "outputs": {}
Status Check - Keycloak CI	UNKNOWN STEP	  },
Status Check - Keycloak CI	UNKNOWN STEP	  "unit-tests": {
Status Check - Keycloak CI	UNKNOWN STEP	    "result": "success",
Status Check - Keycloak CI	UNKNOWN STEP	    "outputs": {}
Status Check - Keycloak CI	UNKNOWN STEP	  },
Status Check - Keycloak CI	UNKNOWN STEP	  "base-integration-tests": {
Status Check - Keycloak CI	UNKNOWN STEP	    "result": "success",
Status Check - Keycloak CI	UNKNOWN STEP	    "outputs": {}
Status Check - Keycloak CI	UNKNOWN STEP	  },
Status Check - Keycloak CI	UNKNOWN STEP	  "adapter-integration-tests": {
Status Check - Keycloak CI	UNKNOWN STEP	    "result": "success",
Status Check - Keycloak CI	UNKNOWN STEP	    "outputs": {}
Status Check - Keycloak CI	UNKNOWN STEP	  },
Status Check - Keycloak CI	UNKNOWN STEP	  "adapter-integration-tests-strict-cookies": {
Status Check - Keycloak CI	UNKNOWN STEP	    "result": "success",
Status Check - Keycloak CI	UNKNOWN STEP	    "outputs": {}
Status Check - Keycloak CI	UNKNOWN STEP	  },
Status Check - Keycloak CI	UNKNOWN STEP	  "quarkus-unit-tests": {
Status Check - Keycloak CI	UNKNOWN STEP	    "result": "success",
Status Check - Keycloak CI	UNKNOWN STEP	    "outputs": {}
Status Check - Keycloak CI	UNKNOWN STEP	  },
Status Check - Keycloak CI	UNKNOWN STEP	  "quarkus-integration-tests": {
Status Check - Keycloak CI	UNKNOWN STEP	    "result": "success",
Status Check - Keycloak CI	UNKNOWN STEP	    "outputs": {}
Status Check - Keycloak CI	UNKNOWN STEP	  },
Status Check - Keycloak CI	UNKNOWN STEP	  "jdk-integration-tests": {
Status Check - Keycloak CI	UNKNOWN STEP	    "result": "success",
Status Check - Keycloak CI	UNKNOWN STEP	    "outputs": {}
Status Check - Keycloak CI	UNKNOWN STEP	  },
Status Check - Keycloak CI	UNKNOWN STEP	  "store-integration-tests": {
Status Check - Keycloak CI	UNKNOWN STEP	    "result": "success",
Status Check - Keycloak CI	UNKNOWN STEP	    "outputs": {}
Status Check - Keycloak CI	UNKNOWN STEP	  },
Status Check - Keycloak CI	UNKNOWN STEP	  "volatile-sessions-tests": {
Status Check - Keycloak CI	UNKNOWN STEP	    "result": "success",
Status Check - Keycloak CI	UNKNOWN STEP	    "outputs": {}
Status Check - Keycloak CI	UNKNOWN STEP	  },
Status Check - Keycloak CI	UNKNOWN STEP	  "store-model-tests": {
Status Check - Keycloak CI	UNKNOWN STEP	    "result": "success",
Status Check - Keycloak CI	UNKNOWN STEP	    "outputs": {}
Status Check - Keycloak CI	UNKNOWN STEP	  },
Status Check - Keycloak CI	UNKNOWN STEP	  "clustering-integration-tests": {
Status Check - Keycloak CI	UNKNOWN STEP	    "result": "success",
Status Check - Keycloak CI	UNKNOWN STEP	    "outputs": {}
Status Check - Keycloak CI	UNKNOWN STEP	  },
Status Check - Keycloak CI	UNKNOWN STEP	  "fips-unit-tests": {
Status Check - Keycloak CI	UNKNOWN STEP	    "result": "success",
Status Check - Keycloak CI	UNKNOWN STEP	    "outputs": {}
Status Check - Keycloak CI	UNKNOWN STEP	  },
Status Check - Keycloak CI	UNKNOWN STEP	  "fips-integration-tests": {
Status Check - Keycloak CI	UNKNOWN STEP	    "result": "success",
Status Check - Keycloak CI	UNKNOWN STEP	    "outputs": {}
Status Check - Keycloak CI	UNKNOWN STEP	  },
Status Check - Keycloak CI	UNKNOWN STEP	  "forms-integration-tests": {
Status Check - Keycloak CI	UNKNOWN STEP	    "result": "success",
Status Check - Keycloak CI	UNKNOWN STEP	    "outputs": {}
Status Check - Keycloak CI	UNKNOWN STEP	  },
Status Check - Keycloak CI	UNKNOWN STEP	  "webauthn-integration-tests": {
Status Check - Keycloak CI	UNKNOWN STEP	    "result": "success",
Status Check - Keycloak CI	UNKNOWN STEP	    "outputs": {}
Status Check - Keycloak CI	UNKNOWN STEP	  },
Status Check - Keycloak CI	UNKNOWN STEP	  "sssd-unit-tests": {
Status Check - Keycloak CI	UNKNOWN STEP	    "result": "failure",
Status Check - Keycloak CI	UNKNOWN STEP	    "outputs": {}
Status Check - Keycloak CI	UNKNOWN STEP	  },
Status Check - Keycloak CI	UNKNOWN STEP	  "migration-tests": {
Status Check - Keycloak CI	UNKNOWN STEP	    "result": "success",
Status Check - Keycloak CI	UNKNOWN STEP	    "outputs": {}
Status Check - Keycloak CI	UNKNOWN STEP	  },
Status Check - Keycloak CI	UNKNOWN STEP	  "external-infinispan-tests": {
Status Check - Keycloak CI	UNKNOWN STEP	    "result": "success",
Status Check - Keycloak CI	UNKNOWN STEP	    "outputs": {}
Status Check - Keycloak CI	UNKNOWN STEP	  },
Status Check - Keycloak CI	UNKNOWN STEP	  "test-framework": {
Status Check - Keycloak CI	UNKNOWN STEP	    "result": "success",
Status Check - Keycloak CI	UNKNOWN STEP	    "outputs": {}
Status Check - Keycloak CI	UNKNOWN STEP	  },
Status Check - Keycloak CI	UNKNOWN STEP	  "base-new-integration-tests": {
Status Check - Keycloak CI	UNKNOWN STEP	    "result": "success",
Status Check - Keycloak CI	UNKNOWN STEP	    "outputs": {}
Status Check - Keycloak CI	UNKNOWN STEP	  }
Status Check - Keycloak CI	UNKNOWN STEP	}
Status Check - Keycloak CI	UNKNOWN STEP	2025-06-25T01:17:19.3628794Z env:
Status Check - Keycloak CI	UNKNOWN STEP	2025-06-25T01:17:19.3629088Z   MAVEN_ARGS: -B -nsu -Daether.connector.http.connectionMaxTtl=25
Status Check - Keycloak CI	UNKNOWN STEP	2025-06-25T01:17:19.3629460Z   SUREFIRE_RERUN_FAILING_COUNT: 2
Status Check - Keycloak CI	UNKNOWN STEP	2025-06-25T01:17:19.3629778Z   SUREFIRE_RETRY: -Dsurefire.rerunFailingTestsCount=2
Status Check - Keycloak CI	UNKNOWN STEP	2025-06-25T01:17:19.3630095Z ##[endgroup]
Status Check - Keycloak CI	UNKNOWN STEP	2025-06-25T01:17:19.3724684Z ##[group]Run JOBS='{
Status Check - Keycloak CI	UNKNOWN STEP	2025-06-25T01:17:19.3725052Z [36;1mJOBS='{[0m
Status Check - Keycloak CI	UNKNOWN STEP	2025-06-25T01:17:19.3725284Z [36;1m  "conditional": {[0m
Status Check - Keycloak CI	UNKNOWN STEP	2025-06-25T01:17:19.3725555Z [36;1m    "result": "success",[0m
Status Check - Keycloak CI	UNKNOWN STEP	2025-06-25T01:17:19.3725822Z [36;1m    "outputs": {[0m
Status Check - Keycloak CI	UNKNOWN STEP	2025-06-25T01:17:19.3726073Z [36;1m      "ci-aurora": "true",[0m
Status Check - Keycloak CI	UNKNOWN STEP	2025-06-25T01:17:19.3726354Z [36;1m      "ci": "true",[0m
Status Check - Keycloak CI	UNKNOWN STEP	2025-06-25T01:17:19.3726631Z [36;1m      "ci-quarkus": "true",[0m
Status Check - Keycloak CI	UNKNOWN STEP	2025-06-25T01:17:19.3726911Z [36;1m      "ci-store": "true",[0m
Status Check - Keycloak CI	UNKNOWN STEP	2025-06-25T01:17:19.3727173Z [36;1m      "ci-sssd": "true",[0m
Status Check - Keycloak CI	UNKNOWN STEP	2025-06-25T01:17:19.3727426Z [36;1m      "ci-webauthn": "true"[0m
Status Check - Keycloak CI	UNKNOWN STEP	2025-06-25T01:17:19.3727709Z [36;1m    }[0m
Status Check - Keycloak CI	UNKNOWN STEP	2025-06-25T01:17:19.3727907Z [36;1m  },[0m
Status Check - Keycloak CI	UNKNOWN STEP	2025-06-25T01:17:19.3728342Z [36;1m  "build": {[0m
Status Check - Keycloak CI	UNKNOWN STEP	2025-06-25T01:17:19.3728718Z [36;1m    "result": "success",[0m
Status Check - Keycloak CI	UNKNOWN STEP	2025-06-25T01:17:19.3728987Z [36;1m    "outputs": {}[0m
Status Check - Keycloak CI	UNKNOWN STEP	2025-06-25T01:17:19.3729215Z [36;1m  },[0m
Status Check - Keycloak CI	UNKNOWN STEP	2025-06-25T01:17:19.3729431Z [36;1m  "unit-tests": {[0m
Status Check - Keycloak CI	UNKNOWN STEP	2025-06-25T01:17:19.3729665Z [36;1m    "result": "success",[0m
Status Check - Keycloak CI	UNKNOWN STEP	2025-06-25T01:17:19.3729919Z [36;1m    "outputs": {}[0m
Status Check - Keycloak CI	UNKNOWN STEP	2025-06-25T01:17:19.3730142Z [36;1m  },[0m
Status Check - Keycloak CI	UNKNOWN STEP	2025-06-25T01:17:19.3730359Z [36;1m  "base-integration-tests": {[0m
Status Check - Keycloak CI	UNKNOWN STEP	2025-06-25T01:17:19.3730638Z [36;1m    "result": "success",[0m
Status Check - Keycloak CI	UNKNOWN STEP	2025-06-25T01:17:19.3730881Z [36;1m    "outputs": {}[0m
Status Check - Keycloak CI	UNKNOWN STEP	2025-06-25T01:17:19.3731104Z [36;1m  },[0m
Status Check - Keycloak CI	UNKNOWN STEP	2025-06-25T01:17:19.3731318Z [36;1m  "adapter-integration-tests": {[0m
Status Check - Keycloak CI	UNKNOWN STEP	2025-06-25T01:17:19.3731598Z [36;1m    "result": "success",[0m
Status Check - Keycloak CI	UNKNOWN STEP	2025-06-25T01:17:19.3731841Z [36;1m    "outputs": {}[0m
Status Check - Keycloak CI	UNKNOWN STEP	2025-06-25T01:17:19.3732071Z [36;1m  },[0m
Status Check - Keycloak CI	UNKNOWN STEP	2025-06-25T01:17:19.3732584Z [36;1m  "adapter-integration-tests-strict-cookies": {[0m
Status Check - Keycloak CI	UNKNOWN STEP	2025-06-25T01:17:19.3732932Z [36;1m    "result": "success",[0m
Status Check - Keycloak CI	UNKNOWN STEP	2025-06-25T01:17:19.3733192Z [36;1m    "outputs": {}[0m
Status Check - Keycloak CI	UNKNOWN STEP	2025-06-25T01:17:19.3733415Z [36;1m  },[0m
Status Check - Keycloak CI	UNKNOWN STEP	2025-06-25T01:17:19.3733628Z [36;1m  "quarkus-unit-tests": {[0m
Status Check - Keycloak CI	UNKNOWN STEP	2025-06-25T01:17:19.3733892Z [36;1m    "result": "success",[0m
Status Check - Keycloak CI	UNKNOWN STEP	2025-06-25T01:17:19.3734152Z [36;1m    "outputs": {}[0m
Status Check - Keycloak CI	UNKNOWN STEP	2025-06-25T01:17:19.3734372Z [36;1m  },[0m
Status Check - Keycloak CI	UNKNOWN STEP	2025-06-25T01:17:19.3734605Z [36;1m  "quarkus-integration-tests": {[0m
Status Check - Keycloak CI	UNKNOWN STEP	2025-06-25T01:17:19.3734887Z [36;1m    "result": "success",[0m
Status Check - Keycloak CI	UNKNOWN STEP	2025-06-25T01:17:19.3735127Z [36;1m    "outputs": {}[0m
Status Check - Keycloak CI	UNKNOWN STEP	2025-06-25T01:17:19.3735355Z [36;1m  },[0m
Status Check - Keycloak CI	UNKNOWN STEP	2025-06-25T01:17:19.3735565Z [36;1m  "jdk-integration-tests": {[0m
Status Check - Keycloak CI	UNKNOWN STEP	2025-06-25T01:17:19.3735836Z [36;1m    "result": "success",[0m
Status Check - Keycloak CI	UNKNOWN STEP	2025-06-25T01:17:19.3736084Z [36;1m    "outputs": {}[0m
Status Check - Keycloak CI	UNKNOWN STEP	2025-06-25T01:17:19.3736308Z [36;1m  },[0m
Status Check - Keycloak CI	UNKNOWN STEP	2025-06-25T01:17:19.3736525Z [36;1m  "store-integration-tests": {[0m
Status Check - Keycloak CI	UNKNOWN STEP	2025-06-25T01:17:19.3736976Z [36;1m    "result": "success",[0m
Status Check - Keycloak CI	UNKNOWN STEP	2025-06-25T01:17:19.3737219Z [36;1m    "outputs": {}[0m
Status Check - Keycloak CI	UNKNOWN STEP	2025-06-25T01:17:19.3737450Z [36;1m  },[0m
Status Check - Keycloak CI	UNKNOWN STEP	2025-06-25T01:17:19.3737676Z [36;1m  "volatile-sessions-tests": {[0m
Status Check - Keycloak CI	UNKNOWN STEP	2025-06-25T01:17:19.3737959Z [36;1m    "result": "success",[0m
Status Check - Keycloak CI	UNKNOWN STEP	2025-06-25T01:17:19.3738475Z [36;1m    "outputs": {}[0m
Status Check - Keycloak CI	UNKNOWN STEP	2025-06-25T01:17:19.3738710Z [36;1m  },[0m
Status Check - Keycloak CI	UNKNOWN STEP	2025-06-25T01:17:19.3738918Z [36;1m  "store-model-tests": {[0m
Status Check - Keycloak CI	UNKNOWN STEP	2025-06-25T01:17:19.3739176Z [36;1m    "result": "success",[0m
Status Check - Keycloak CI	UNKNOWN STEP	2025-06-25T01:17:19.3739436Z [36;1m    "outputs": {}[0m
Status Check - Keycloak CI	UNKNOWN STEP	2025-06-25T01:17:19.3739663Z [36;1m  },[0m
Status Check - Keycloak CI	UNKNOWN STEP	2025-06-25T01:17:19.3739890Z [36;1m  "clustering-integration-tests": {[0m
Status Check - Keycloak CI	UNKNOWN STEP	2025-06-25T01:17:19.3740181Z [36;1m    "result": "success",[0m
Status Check - Keycloak CI	UNKNOWN STEP	2025-06-25T01:17:19.3740426Z [36;1m    "outputs": {}[0m
Status Check - Keycloak CI	UNKNOWN STEP	2025-06-25T01:17:19.3740651Z [36;1m  },[0m
Status Check - Keycloak CI	UNKNOWN STEP	2025-06-25T01:17:19.3740858Z [36;1m  "fips-unit-tests": {[0m
Status Check - Keycloak CI	UNKNOWN STEP	2025-06-25T01:17:19.3741125Z [36;1m    "result": "success",[0m
Status Check - Keycloak CI	UNKNOWN STEP	2025-06-25T01:17:19.3741466Z [36;1m    "outputs": {}[0m
Status Check - Keycloak CI	UNKNOWN STEP	2025-06-25T01:17:19.3741822Z [36;1m  },[0m
Status Check - Keycloak CI	UNKNOWN STEP	2025-06-25T01:17:19.3742100Z [36;1m  "fips-integration-tests": {[0m
Status Check - Keycloak CI	UNKNOWN STEP	2025-06-25T01:17:19.3742377Z [36;1m    "result": "success",[0m
Status Check - Keycloak CI	UNKNOWN STEP	2025-06-25T01:17:19.3742629Z [36;1m    "outputs": {}[0m
Status Check - Keycloak CI	UNKNOWN STEP	2025-06-25T01:17:19.3742848Z [36;1m  },[0m
Status Check - Keycloak CI	UNKNOWN STEP	2025-06-25T01:17:19.3743068Z [36;1m  "forms-integration-tests": {[0m
Status Check - Keycloak CI	UNKNOWN STEP	2025-06-25T01:17:19.3743339Z [36;1m    "result": "success",[0m
Status Check - Keycloak CI	UNKNOWN STEP	2025-06-25T01:17:19.3743637Z [36;1m    "outputs": {}[0m
Status Check - Keycloak CI	UNKNOWN STEP	2025-06-25T01:17:19.3743858Z [36;1m  },[0m
Status Check - Keycloak CI	UNKNOWN STEP	2025-06-25T01:17:19.3744077Z [36;1m  "webauthn-integration-tests": {[0m
Status Check - Keycloak CI	UNKNOWN STEP	2025-06-25T01:17:19.3744357Z [36;1m    "result": "success",[0m
Status Check - Keycloak CI	UNKNOWN STEP	2025-06-25T01:17:19.3744707Z [36;1m    "outputs": {}[0m
Status Check - Keycloak CI	UNKNOWN STEP	2025-06-25T01:17:19.3744966Z [36;1m  },[0m
Status Check - Keycloak CI	UNKNOWN STEP	2025-06-25T01:17:19.3745188Z [36;1m  "sssd-unit-tests": {[0m
Status Check - Keycloak CI	UNKNOWN STEP	2025-06-25T01:17:19.3745442Z [36;1m    "result": "failure",[0m
Status Check - Keycloak CI	UNKNOWN STEP	2025-06-25T01:17:19.3745692Z [36;1m    "outputs": {}[0m
Status Check - Keycloak CI	UNKNOWN STEP	2025-06-25T01:17:19.3745919Z [36;1m  },[0m
Status Check - Keycloak CI	UNKNOWN STEP	2025-06-25T01:17:19.3746225Z [36;1m  "migration-tests": {[0m
Status Check - Keycloak CI	UNKNOWN STEP	2025-06-25T01:17:19.3746484Z [36;1m    "result": "success",[0m
Status Check - Keycloak CI	UNKNOWN STEP	2025-06-25T01:17:19.3746741Z [36;1m    "outputs": {}[0m
Status Check - Keycloak CI	UNKNOWN STEP	2025-06-25T01:17:19.3746959Z [36;1m  },[0m
Status Check - Keycloak CI	UNKNOWN STEP	2025-06-25T01:17:19.3747186Z [36;1m  "external-infinispan-tests": {[0m
Status Check - Keycloak CI	UNKNOWN STEP	2025-06-25T01:17:19.3747472Z [36;1m    "result": "success",[0m
Status Check - Keycloak CI	UNKNOWN STEP	2025-06-25T01:17:19.3747719Z [36;1m    "outputs": {}[0m
Status Check - Keycloak CI	UNKNOWN STEP	2025-06-25T01:17:19.3747948Z [36;1m  },[0m
Status Check - Keycloak CI	UNKNOWN STEP	2025-06-25T01:17:19.3748298Z [36;1m  "test-framework": {[0m
Status Check - Keycloak CI	UNKNOWN STEP	2025-06-25T01:17:19.3748556Z [36;1m    "result": "success",[0m
Status Check - Keycloak CI	UNKNOWN STEP	2025-06-25T01:17:19.3748802Z [36;1m    "outputs": {}[0m
Status Check - Keycloak CI	UNKNOWN STEP	2025-06-25T01:17:19.3749028Z [36;1m  },[0m
Status Check - Keycloak CI	UNKNOWN STEP	2025-06-25T01:17:19.3749246Z [36;1m  "base-new-integration-tests": {[0m
Status Check - Keycloak CI	UNKNOWN STEP	2025-06-25T01:17:19.3749529Z [36;1m    "result": "success",[0m
Status Check - Keycloak CI	UNKNOWN STEP	2025-06-25T01:17:19.3749781Z [36;1m    "outputs": {}[0m
Status Check - Keycloak CI	UNKNOWN STEP	2025-06-25T01:17:19.3750005Z [36;1m  }[0m
Status Check - Keycloak CI	UNKNOWN STEP	2025-06-25T01:17:19.3750219Z [36;1m}'[0m
Status Check - Keycloak CI	UNKNOWN STEP	2025-06-25T01:17:19.3750450Z [36;1m[0m
Status Check - Keycloak CI	UNKNOWN STEP	2025-06-25T01:17:19.3750832Z [36;1mecho "Job status:"[0m
Status Check - Keycloak CI	UNKNOWN STEP	2025-06-25T01:17:19.3751182Z [36;1mecho $JOBS | jq -r 'to_entries[] | " - \(.key): \(.value.result)"'[0m
Status Check - Keycloak CI	UNKNOWN STEP	2025-06-25T01:17:19.3751678Z [36;1m[0m
Status Check - Keycloak CI	UNKNOWN STEP	2025-06-25T01:17:19.3752021Z [36;1mfor i in $(echo $JOBS | jq -r 'to_entries[] | .value.result'); do[0m
Status Check - Keycloak CI	UNKNOWN STEP	2025-06-25T01:17:19.3752411Z [36;1m  if [ "$i" != "success" ] && [ "$i" != "skipped" ]; then[0m
Status Check - Keycloak CI	UNKNOWN STEP	2025-06-25T01:17:19.3752714Z [36;1m    echo ""[0m
Status Check - Keycloak CI	UNKNOWN STEP	2025-06-25T01:17:19.3752955Z [36;1m    echo "Status check not okay!"[0m
Status Check - Keycloak CI	UNKNOWN STEP	2025-06-25T01:17:19.3753219Z [36;1m    exit 1[0m
Status Check - Keycloak CI	UNKNOWN STEP	2025-06-25T01:17:19.3753428Z [36;1m  fi[0m
Status Check - Keycloak CI	UNKNOWN STEP	2025-06-25T01:17:19.3753613Z [36;1mdone[0m
Status Check - Keycloak CI	UNKNOWN STEP	2025-06-25T01:17:19.3822046Z shell: /usr/bin/bash --noprofile --norc -e -o pipefail {0}
Status Check - Keycloak CI	UNKNOWN STEP	2025-06-25T01:17:19.3822434Z env:
Status Check - Keycloak CI	UNKNOWN STEP	2025-06-25T01:17:19.3822742Z   MAVEN_ARGS: -B -nsu -Daether.connector.http.connectionMaxTtl=25
Status Check - Keycloak CI	UNKNOWN STEP	2025-06-25T01:17:19.3823125Z   SUREFIRE_RERUN_FAILING_COUNT: 2
Status Check - Keycloak CI	UNKNOWN STEP	2025-06-25T01:17:19.3823663Z   SUREFIRE_RETRY: -Dsurefire.rerunFailingTestsCount=2
Status Check - Keycloak CI	UNKNOWN STEP	2025-06-25T01:17:19.3823992Z ##[endgroup]
Status Check - Keycloak CI	UNKNOWN STEP	2025-06-25T01:17:19.3917334Z Job status:
Status Check - Keycloak CI	UNKNOWN STEP	2025-06-25T01:17:19.4121664Z  - conditional: success
Status Check - Keycloak CI	UNKNOWN STEP	2025-06-25T01:17:19.4122073Z  - build: success
Status Check - Keycloak CI	UNKNOWN STEP	2025-06-25T01:17:19.4122382Z  - unit-tests: success
Status Check - Keycloak CI	UNKNOWN STEP	2025-06-25T01:17:19.4122701Z  - base-integration-tests: success
Status Check - Keycloak CI	UNKNOWN STEP	2025-06-25T01:17:19.4123078Z  - adapter-integration-tests: success
Status Check - Keycloak CI	UNKNOWN STEP	2025-06-25T01:17:19.4123511Z  - adapter-integration-tests-strict-cookies: success
Status Check - Keycloak CI	UNKNOWN STEP	2025-06-25T01:17:19.4123964Z  - quarkus-unit-tests: success
Status Check - Keycloak CI	UNKNOWN STEP	2025-06-25T01:17:19.4124322Z  - quarkus-integration-tests: success
Status Check - Keycloak CI	UNKNOWN STEP	2025-06-25T01:17:19.4124699Z  - jdk-integration-tests: success
Status Check - Keycloak CI	UNKNOWN STEP	2025-06-25T01:17:19.4125063Z  - store-integration-tests: success
Status Check - Keycloak CI	UNKNOWN STEP	2025-06-25T01:17:19.4125425Z  - volatile-sessions-tests: success
Status Check - Keycloak CI	UNKNOWN STEP	2025-06-25T01:17:19.4125784Z  - store-model-tests: success
Status Check - Keycloak CI	UNKNOWN STEP	2025-06-25T01:17:19.4126139Z  - clustering-integration-tests: success
Status Check - Keycloak CI	UNKNOWN STEP	2025-06-25T01:17:19.4126524Z  - fips-unit-tests: success
Status Check - Keycloak CI	UNKNOWN STEP	2025-06-25T01:17:19.4126914Z  - fips-integration-tests: success
Status Check - Keycloak CI	UNKNOWN STEP	2025-06-25T01:17:19.4127276Z  - forms-integration-tests: success
Status Check - Keycloak CI	UNKNOWN STEP	2025-06-25T01:17:19.4127641Z  - webauthn-integration-tests: success
Status Check - Keycloak CI	UNKNOWN STEP	2025-06-25T01:17:19.4128006Z  - sssd-unit-tests: failure
Status Check - Keycloak CI	UNKNOWN STEP	2025-06-25T01:17:19.4128705Z  - migration-tests: success
Status Check - Keycloak CI	UNKNOWN STEP	2025-06-25T01:17:19.4129282Z  - external-infinispan-tests: success
Status Check - Keycloak CI	UNKNOWN STEP	2025-06-25T01:17:19.4157704Z  - test-framework: success
Status Check - Keycloak CI	UNKNOWN STEP	2025-06-25T01:17:19.4158057Z  - base-new-integration-tests: success
Status Check - Keycloak CI	UNKNOWN STEP	2025-06-25T01:17:19.4158473Z 
Status Check - Keycloak CI	UNKNOWN STEP	2025-06-25T01:17:19.4160827Z Status check not okay!
Status Check - Keycloak CI	UNKNOWN STEP	2025-06-25T01:17:19.4173344Z ##[error]Process completed with exit code 1.
Status Check - Keycloak CI	UNKNOWN STEP	2025-06-25T01:17:19.4285605Z Post job cleanup.
Status Check - Keycloak CI	UNKNOWN STEP	2025-06-25T01:17:19.5221196Z [command]/usr/bin/git version
Status Check - Keycloak CI	UNKNOWN STEP	2025-06-25T01:17:19.5257777Z git version 2.49.0
Status Check - Keycloak CI	UNKNOWN STEP	2025-06-25T01:17:19.5300941Z Temporarily overriding HOME='/home/runner/work/_temp/9173f467-9afe-4cc6-a958-add4a66331e2' before making global git config changes
Status Check - Keycloak CI	UNKNOWN STEP	2025-06-25T01:17:19.5301986Z Adding repository directory to the temporary git global config as a safe directory
Status Check - Keycloak CI	UNKNOWN STEP	2025-06-25T01:17:19.5306160Z [command]/usr/bin/git config --global --add safe.directory /home/runner/work/keycloak/keycloak
Status Check - Keycloak CI	UNKNOWN STEP	2025-06-25T01:17:19.5346611Z [command]/usr/bin/git config --local --name-only --get-regexp core\.sshCommand
Status Check - Keycloak CI	UNKNOWN STEP	2025-06-25T01:17:19.5378102Z [command]/usr/bin/git submodule foreach --recursive sh -c "git config --local --name-only --get-regexp 'core\.sshCommand' && git config --local --unset-all 'core.sshCommand' || :"
Status Check - Keycloak CI	UNKNOWN STEP	2025-06-25T01:17:19.5619932Z [command]/usr/bin/git config --local --name-only --get-regexp http\.https\:\/\/github\.com\/\.extraheader
Status Check - Keycloak CI	UNKNOWN STEP	2025-06-25T01:17:19.5640832Z http.https://github.com/.extraheader
Status Check - Keycloak CI	UNKNOWN STEP	2025-06-25T01:17:19.5653149Z [command]/usr/bin/git config --local --unset-all http.https://github.com/.extraheader
Status Check - Keycloak CI	UNKNOWN STEP	2025-06-25T01:17:19.5683533Z [command]/usr/bin/git submodule foreach --recursive sh -c "git config --local --name-only --get-regexp 'http\.https\:\/\/github\.com\/\.extraheader' && git config --local --unset-all 'http.https://github.com/.extraheader' || :"
Status Check - Keycloak CI	UNKNOWN STEP	2025-06-25T01:17:19.6028071Z Cleaning up orphan processes
