Build	Build Keycloak	2023-02-19T23:03:44.5235771Z Prepare all required actions
Build	Build Keycloak	2023-02-19T23:03:44.5236150Z Getting action download info
Build	Build Keycloak	2023-02-19T23:03:44.6747868Z Download action repository 'actions/setup-java@v3' (SHA:3f07048e3d294f56e9b90ac5ea2c6f74e9ad0f98)
Build	Build Keycloak	2023-02-19T23:03:44.9135919Z Download action repository 'actions/upload-artifact@v3' (SHA:0b7f8abb1508181956e8e162db84b466c27e18ce)
Build	Build Keycloak	2023-02-19T23:03:45.0594130Z ##[group]Run ./.github/actions/build-keycloak
Build	Build Keycloak	2023-02-19T23:03:45.0594474Z with:
Build	Build Keycloak	2023-02-19T23:03:45.0594708Z   upload-m2-repo: true
Build	Build Keycloak	2023-02-19T23:03:45.0595000Z   upload-dist: false
Build	Build Keycloak	2023-02-19T23:03:45.0595335Z   jdk-dist: temurin
Build	Build Keycloak	2023-02-19T23:03:45.0595563Z   jdk-version: 11
Build	Build Keycloak	2023-02-19T23:03:45.0595823Z env:
Build	Build Keycloak	2023-02-19T23:03:45.0596092Z   DEFAULT_JDK_VERSION: 11
Build	Build Keycloak	2023-02-19T23:03:45.0596342Z   DEFAULT_JDK_DIST: temurin
Build	Build Keycloak	2023-02-19T23:03:45.0596687Z   SUREFIRE_RERUN_FAILING_COUNT: 2
Build	Build Keycloak	2023-02-19T23:03:45.0596976Z ##[endgroup]
Build	Build Keycloak	2023-02-19T23:03:45.0984776Z ##[group]Run actions/setup-java@v3
Build	Build Keycloak	2023-02-19T23:03:45.0985019Z with:
Build	Build Keycloak	2023-02-19T23:03:45.0985239Z   distribution: temurin
Build	Build Keycloak	2023-02-19T23:03:45.0985454Z   java-version: 11
Build	Build Keycloak	2023-02-19T23:03:45.0985665Z   java-package: jdk
Build	Build Keycloak	2023-02-19T23:03:45.0985869Z   check-latest: false
Build	Build Keycloak	2023-02-19T23:03:45.0986081Z   server-id: github
Build	Build Keycloak	2023-02-19T23:03:45.0986309Z   server-username: GITHUB_ACTOR
Build	Build Keycloak	2023-02-19T23:03:45.0986563Z   server-password: GITHUB_TOKEN
Build	Build Keycloak	2023-02-19T23:03:45.0986811Z   overwrite-settings: true
Build	Build Keycloak	2023-02-19T23:03:45.0987040Z   job-status: success
Build	Build Keycloak	2023-02-19T23:03:45.0987372Z   token: ***
Build	Build Keycloak	2023-02-19T23:03:45.0987542Z env:
Build	Build Keycloak	2023-02-19T23:03:45.0987738Z   DEFAULT_JDK_VERSION: 11
Build	Build Keycloak	2023-02-19T23:03:45.0987966Z   DEFAULT_JDK_DIST: temurin
Build	Build Keycloak	2023-02-19T23:03:45.0988191Z   SUREFIRE_RERUN_FAILING_COUNT: 2
Build	Build Keycloak	2023-02-19T23:03:45.0988416Z ##[endgroup]
Build	Build Keycloak	2023-02-19T23:03:45.3138088Z ##[group]Installed distributions
Build	Build Keycloak	2023-02-19T23:03:45.3211824Z Resolved Java 11.0.18+10 from tool-cache
Build	Build Keycloak	2023-02-19T23:03:45.3213861Z Setting Java 11.0.18+10 as the default
Build	Build Keycloak	2023-02-19T23:03:45.3238597Z Creating toolchains.xml for JDK version 11 from temurin
Build	Build Keycloak	2023-02-19T23:03:45.3350346Z Writing to /home/runner/.m2/toolchains.xml
Build	Build Keycloak	2023-02-19T23:03:45.3353635Z 
Build	Build Keycloak	2023-02-19T23:03:45.3355292Z Java configuration:
Build	Build Keycloak	2023-02-19T23:03:45.3356997Z   Distribution: temurin
Build	Build Keycloak	2023-02-19T23:03:45.3359446Z   Version: 11.0.18+10
Build	Build Keycloak	2023-02-19T23:03:45.3361286Z   Path: /opt/hostedtoolcache/Java_Temurin-Hotspot_jdk/11.0.18-10/x64
Build	Build Keycloak	2023-02-19T23:03:45.3362889Z 
Build	Build Keycloak	2023-02-19T23:03:45.3365255Z ##[endgroup]
Build	Build Keycloak	2023-02-19T23:03:45.3390382Z Creating settings.xml with server-id: github
Build	Build Keycloak	2023-02-19T23:03:45.3410279Z Writing to /home/runner/.m2/settings.xml
Build	Build Keycloak	2023-02-19T23:03:45.3527233Z Prepare all required actions
Build	Build Keycloak	2023-02-19T23:03:45.3527556Z Getting action download info
Build	Build Keycloak	2023-02-19T23:03:45.5120475Z Download action repository 'actions/cache@v3' (SHA:6998d139ddd3e68c71e9e398d8e40b71a2f39812)
Build	Build Keycloak	2023-02-19T23:03:45.7690699Z ##[group]Run ./.github/actions/maven-cache
Build	Build Keycloak	2023-02-19T23:03:45.7690959Z env:
Build	Build Keycloak	2023-02-19T23:03:45.7691170Z   DEFAULT_JDK_VERSION: 11
Build	Build Keycloak	2023-02-19T23:03:45.7691505Z   DEFAULT_JDK_DIST: temurin
Build	Build Keycloak	2023-02-19T23:03:45.7691758Z   SUREFIRE_RERUN_FAILING_COUNT: 2
Build	Build Keycloak	2023-02-19T23:03:45.7692074Z   JAVA_HOME: /opt/hostedtoolcache/Java_Temurin-Hotspot_jdk/11.0.18-10/x64
Build	Build Keycloak	2023-02-19T23:03:45.7692436Z   JAVA_HOME_11_X64: /opt/hostedtoolcache/Java_Temurin-Hotspot_jdk/11.0.18-10/x64
Build	Build Keycloak	2023-02-19T23:03:45.7692724Z ##[endgroup]
Build	Build Keycloak	2023-02-19T23:03:45.7745890Z ##[group]Run echo "key=mvn-`date -u "+%Y-%U"`" >> $GITHUB_OUTPUT
Build	Build Keycloak	2023-02-19T23:03:45.7746285Z [36;1mecho "key=mvn-`date -u "+%Y-%U"`" >> $GITHUB_OUTPUT[0m
Build	Build Keycloak	2023-02-19T23:03:45.7804681Z shell: /usr/bin/bash --noprofile --norc -e -o pipefail {0}
Build	Build Keycloak	2023-02-19T23:03:45.7804973Z env:
Build	Build Keycloak	2023-02-19T23:03:45.7805173Z   DEFAULT_JDK_VERSION: 11
Build	Build Keycloak	2023-02-19T23:03:45.7805403Z   DEFAULT_JDK_DIST: temurin
Build	Build Keycloak	2023-02-19T23:03:45.7805644Z   SUREFIRE_RERUN_FAILING_COUNT: 2
Build	Build Keycloak	2023-02-19T23:03:45.7805950Z   JAVA_HOME: /opt/hostedtoolcache/Java_Temurin-Hotspot_jdk/11.0.18-10/x64
Build	Build Keycloak	2023-02-19T23:03:45.7806327Z   JAVA_HOME_11_X64: /opt/hostedtoolcache/Java_Temurin-Hotspot_jdk/11.0.18-10/x64
Build	Build Keycloak	2023-02-19T23:03:45.7806842Z ##[endgroup]
Build	Build Keycloak	2023-02-19T23:03:45.8019215Z ##[group]Run actions/cache@v3
Build	Build Keycloak	2023-02-19T23:03:45.8019451Z with:
Build	Build Keycloak	2023-02-19T23:03:45.8019637Z   path: ~/.m2/repository
Build	Build Keycloak	2023-02-19T23:03:45.8019850Z   key: mvn-2023-08
Build	Build Keycloak	2023-02-19T23:03:45.8020081Z   enableCrossOsArchive: false
Build	Build Keycloak	2023-02-19T23:03:45.8020332Z   fail-on-cache-miss: false
Build	Build Keycloak	2023-02-19T23:03:45.8020529Z env:
Build	Build Keycloak	2023-02-19T23:03:45.8020722Z   DEFAULT_JDK_VERSION: 11
Build	Build Keycloak	2023-02-19T23:03:45.8020944Z   DEFAULT_JDK_DIST: temurin
Build	Build Keycloak	2023-02-19T23:03:45.8021163Z   SUREFIRE_RERUN_FAILING_COUNT: 2
Build	Build Keycloak	2023-02-19T23:03:45.8021475Z   JAVA_HOME: /opt/hostedtoolcache/Java_Temurin-Hotspot_jdk/11.0.18-10/x64
Build	Build Keycloak	2023-02-19T23:03:45.8021844Z   JAVA_HOME_11_X64: /opt/hostedtoolcache/Java_Temurin-Hotspot_jdk/11.0.18-10/x64
Build	Build Keycloak	2023-02-19T23:03:45.8022114Z ##[endgroup]
Build	Build Keycloak	2023-02-19T23:03:52.1260512Z Received 255852544 of 612480979 (41.8%), 243.8 MBs/sec
Build	Build Keycloak	2023-02-19T23:03:53.1291456Z Received 541065216 of 612480979 (88.3%), 257.5 MBs/sec
Build	Build Keycloak	2023-02-19T23:03:53.8532987Z Received 612480979 of 612480979 (100.0%), 214.1 MBs/sec
Build	Build Keycloak	2023-02-19T23:03:53.8539955Z Cache Size: ~584 MB (612480979 B)
Build	Build Keycloak	2023-02-19T23:03:53.8625641Z [command]/usr/bin/tar -xf /home/runner/work/_temp/cbb7c678-d6b9-4f4f-a3cd-a554e448fe6e/cache.tgz -P -C /home/runner/work/keycloak/keycloak -z
Build	Build Keycloak	2023-02-19T23:03:59.5805461Z Cache restored successfully
Build	Build Keycloak	2023-02-19T23:03:59.6716377Z Cache restored from key: mvn-2023-08
Build	Build Keycloak	2023-02-19T23:03:59.6895564Z ##[group]Run if ( stat ~/.m2/repository/org/keycloak &>/dev/null ); then
Build	Build Keycloak	2023-02-19T23:03:59.6895965Z [36;1mif ( stat ~/.m2/repository/org/keycloak &>/dev/null ); then[0m
Build	Build Keycloak	2023-02-19T23:03:59.6896321Z [36;1m  echo "Found org/keycloak artifacts in Maven repository cache"[0m
Build	Build Keycloak	2023-02-19T23:03:59.6896642Z [36;1m  ls ~/.m2/repository/org/keycloak[0m
Build	Build Keycloak	2023-02-19T23:03:59.6896865Z [36;1m  exit 1[0m
Build	Build Keycloak	2023-02-19T23:03:59.6897065Z [36;1mfi[0m
Build	Build Keycloak	2023-02-19T23:03:59.6950813Z shell: /usr/bin/bash --noprofile --norc -e -o pipefail {0}
Build	Build Keycloak	2023-02-19T23:03:59.6951109Z env:
Build	Build Keycloak	2023-02-19T23:03:59.6951332Z   DEFAULT_JDK_VERSION: 11
Build	Build Keycloak	2023-02-19T23:03:59.6951568Z   DEFAULT_JDK_DIST: temurin
Build	Build Keycloak	2023-02-19T23:03:59.6951798Z   SUREFIRE_RERUN_FAILING_COUNT: 2
Build	Build Keycloak	2023-02-19T23:03:59.6952120Z   JAVA_HOME: /opt/hostedtoolcache/Java_Temurin-Hotspot_jdk/11.0.18-10/x64
Build	Build Keycloak	2023-02-19T23:03:59.6952505Z   JAVA_HOME_11_X64: /opt/hostedtoolcache/Java_Temurin-Hotspot_jdk/11.0.18-10/x64
Build	Build Keycloak	2023-02-19T23:03:59.6952795Z ##[endgroup]
Build	Build Keycloak	2023-02-19T23:03:59.7209263Z Found org/keycloak artifacts in Maven repository cache
Build	Build Keycloak	2023-02-19T23:03:59.7221635Z keycloak-common
Build	Build Keycloak	2023-02-19T23:03:59.7222468Z keycloak-operator
Build	Build Keycloak	2023-02-19T23:03:59.7222940Z keycloak-parent
Build	Build Keycloak	2023-02-19T23:03:59.7239925Z ##[error]Process completed with exit code 1.
Status Check - Keycloak CI	Check status	2023-02-19T23:04:16.3001122Z Prepare all required actions
Status Check - Keycloak CI	Check status	2023-02-19T23:04:16.3050536Z ##[group]Run ./.github/actions/checks-job-pass
Status Check - Keycloak CI	Check status	2023-02-19T23:04:16.3050838Z with:
Status Check - Keycloak CI	Check status	2023-02-19T23:04:16.3051061Z   required: true
Status Check - Keycloak CI	Check status	2023-02-19T23:04:16.3051267Z env:
Status Check - Keycloak CI	Check status	2023-02-19T23:04:16.3051498Z   DEFAULT_JDK_VERSION: 11
Status Check - Keycloak CI	Check status	2023-02-19T23:04:16.3051865Z   DEFAULT_JDK_DIST: temurin
Status Check - Keycloak CI	Check status	2023-02-19T23:04:16.3052119Z   SUREFIRE_RERUN_FAILING_COUNT: 2
Status Check - Keycloak CI	Check status	2023-02-19T23:04:16.3052362Z ##[endgroup]
Status Check - Keycloak CI	Check status	2023-02-19T23:04:16.3405796Z ##[group]Run if [ "true" == "false" ]; then
Status Check - Keycloak CI	Check status	2023-02-19T23:04:16.3406175Z [36;1mif [ "true" == "false" ]; then[0m
Status Check - Keycloak CI	Check status	2023-02-19T23:04:16.3406470Z [36;1m  echo "Not required to run, skipping"[0m
Status Check - Keycloak CI	Check status	2023-02-19T23:04:16.3406730Z [36;1melse[0m
Status Check - Keycloak CI	Check status	2023-02-19T23:04:16.3407129Z [36;1m  if [ "" == "success" ]; then[0m
Status Check - Keycloak CI	Check status	2023-02-19T23:04:16.3407399Z [36;1m    echo "Success"[0m
Status Check - Keycloak CI	Check status	2023-02-19T23:04:16.3407640Z [36;1m  else[0m
Status Check - Keycloak CI	Check status	2023-02-19T23:04:16.3407913Z [36;1m    echo "Required to run, but didn't succeed"[0m
Status Check - Keycloak CI	Check status	2023-02-19T23:04:16.3408199Z [36;1m    exit 1[0m
Status Check - Keycloak CI	Check status	2023-02-19T23:04:16.3408497Z [36;1m  fi        [0m
Status Check - Keycloak CI	Check status	2023-02-19T23:04:16.3408953Z [36;1mfi[0m
Status Check - Keycloak CI	Check status	2023-02-19T23:04:16.3487510Z shell: /usr/bin/bash --noprofile --norc -e -o pipefail {0}
Status Check - Keycloak CI	Check status	2023-02-19T23:04:16.3487854Z env:
Status Check - Keycloak CI	Check status	2023-02-19T23:04:16.3488096Z   DEFAULT_JDK_VERSION: 11
Status Check - Keycloak CI	Check status	2023-02-19T23:04:16.3488350Z   DEFAULT_JDK_DIST: temurin
Status Check - Keycloak CI	Check status	2023-02-19T23:04:16.3488834Z   SUREFIRE_RERUN_FAILING_COUNT: 2
Status Check - Keycloak CI	Check status	2023-02-19T23:04:16.3489101Z ##[endgroup]
Status Check - Keycloak CI	Check status	2023-02-19T23:04:16.3671145Z Required to run, but didn't succeed
Status Check - Keycloak CI	Check status	2023-02-19T23:04:16.3687414Z ##[error]Process completed with exit code 1.
