Admin UI E2E (1, firefox)	Run Cypress	2024-12-19T00:24:16.9597145Z ##[group]Run cypress-io/github-action@v6
Admin UI E2E (1, firefox)	Run Cypress	2024-12-19T00:24:16.9597853Z with:
Admin UI E2E (1, firefox)	Run Cypress	2024-12-19T00:24:16.9598146Z   install: false
Admin UI E2E (1, firefox)	Run Cypress	2024-12-19T00:24:16.9598510Z   browser: firefox
Admin UI E2E (1, firefox)	Run Cypress	2024-12-19T00:24:16.9598922Z   wait-on: http://localhost:8080
Admin UI E2E (1, firefox)	Run Cypress	2024-12-19T00:24:16.9599359Z   working-directory: js/apps/admin-ui
Admin UI E2E (1, firefox)	Run Cypress	2024-12-19T00:24:16.9599808Z   record: false
Admin UI E2E (1, firefox)	Run Cypress	2024-12-19T00:24:16.9600139Z   publish-summary: true
Admin UI E2E (1, firefox)	Run Cypress	2024-12-19T00:24:16.9600475Z   component: false
Admin UI E2E (1, firefox)	Run Cypress	2024-12-19T00:24:16.9600781Z env:
Admin UI E2E (1, firefox)	Run Cypress	2024-12-19T00:24:16.9601216Z   MAVEN_ARGS: -B -nsu -Daether.connector.http.connectionMaxTtl=25
Admin UI E2E (1, firefox)	Run Cypress	2024-12-19T00:24:16.9601783Z   RETRY_COUNT: 3
Admin UI E2E (1, firefox)	Run Cypress	2024-12-19T00:24:16.9602113Z   WORKSPACE: keycloak-admin-ui
Admin UI E2E (1, firefox)	Run Cypress	2024-12-19T00:24:16.9602681Z   JAVA_HOME: /opt/hostedtoolcache/Java_Temurin-Hotspot_jdk/21.0.5-11/x64
Admin UI E2E (1, firefox)	Run Cypress	2024-12-19T00:24:16.9603471Z   JAVA_HOME_21_X64: /opt/hostedtoolcache/Java_Temurin-Hotspot_jdk/21.0.5-11/x64
Admin UI E2E (1, firefox)	Run Cypress	2024-12-19T00:24:16.9604080Z   SPLIT: 10
Admin UI E2E (1, firefox)	Run Cypress	2024-12-19T00:24:16.9604364Z   SPLIT_INDEX: 1
Admin UI E2E (1, firefox)	Run Cypress	2024-12-19T00:24:16.9604685Z   SPLIT_RANDOM_SEED: 96
Admin UI E2E (1, firefox)	Run Cypress	2024-12-19T00:24:16.9605055Z ##[endgroup]
Admin UI E2E (1, firefox)	Run Cypress	2024-12-19T00:24:17.2469772Z Skipping install because install parameter is false
Admin UI E2E (1, firefox)	Run Cypress	2024-12-19T00:24:17.2482975Z waiting on "http://localhost:8080" with timeout of 60 seconds
Admin UI E2E (1, firefox)	Run Cypress	2024-12-19T00:24:34.3278934Z It looks like this is your first time using Cypress: 13.17.0
Admin UI E2E (1, firefox)	Run Cypress	2024-12-19T00:24:34.3280040Z 
Admin UI E2E (1, firefox)	Run Cypress	2024-12-19T00:24:34.3303110Z [STARTED] Task without title.
Admin UI E2E (1, firefox)	Run Cypress	2024-12-19T00:24:35.8346364Z [SUCCESS] Task without title.
Admin UI E2E (1, firefox)	Run Cypress	2024-12-19T00:24:35.8351214Z 
Admin UI E2E (1, firefox)	Run Cypress	2024-12-19T00:24:35.8351569Z Opening Cypress...
Admin UI E2E (1, firefox)	Run Cypress	2024-12-19T00:24:36.4377938Z MESA: error: ZINK: vkCreateInstance failed (VK_ERROR_INCOMPATIBLE_DRIVER)
Admin UI E2E (1, firefox)	Run Cypress	2024-12-19T00:24:36.4380094Z glx: failed to create drisw screen
Admin UI E2E (1, firefox)	Run Cypress	2024-12-19T00:24:36.4905052Z 
Admin UI E2E (1, firefox)	Run Cypress	2024-12-19T00:24:36.4908543Z DevTools listening on ws://127.0.0.1:36101/devtools/browser/a08a0bd1-80fb-4b3a-aeee-d7d5ae0ffb92
Admin UI E2E (1, firefox)	Run Cypress	2024-12-19T00:24:37.1095956Z (node:2729) ExperimentalWarning: `--experimental-loader` may be removed in the future; instead use `register()`:
Admin UI E2E (1, firefox)	Run Cypress	2024-12-19T00:24:37.1097715Z --import 'data:text/javascript,import { register } from "node:module"; import { pathToFileURL } from "node:url"; register("file%3A///home/runner/.cache/Cypress/13.17.0/Cypress/resources/app/node_modules/ts-node/esm/transpile-only.mjs", pathToFileURL("./"));'
Admin UI E2E (1, firefox)	Run Cypress	2024-12-19T00:24:37.1098905Z (Use `node --trace-warnings ...` to show where the warning was created)
Admin UI E2E (1, firefox)	Run Cypress	2024-12-19T00:24:42.1452607Z cypress-split: there are 41 found specs
Admin UI E2E (1, firefox)	Run Cypress	2024-12-19T00:24:42.1453106Z the first 5 specs
Admin UI E2E (1, firefox)	Run Cypress	2024-12-19T00:24:42.1454314Z - 1: /home/runner/work/keycloak/keycloak/js/apps/admin-ui/cypress/e2e/user_fed_ldap_hardcoded_mapper_test.spec.ts
Admin UI E2E (1, firefox)	Run Cypress	2024-12-19T00:24:42.1455532Z - 2: /home/runner/work/keycloak/keycloak/js/apps/admin-ui/cypress/e2e/user_fed_ldap_mapper_test.spec.ts
Admin UI E2E (1, firefox)	Run Cypress	2024-12-19T00:24:42.1456631Z - 3: /home/runner/work/keycloak/keycloak/js/apps/admin-ui/cypress/e2e/client_advanced.spec.ts
Admin UI E2E (1, firefox)	Run Cypress	2024-12-19T00:24:42.1457460Z - 4: /home/runner/work/keycloak/keycloak/js/apps/admin-ui/cypress/e2e/realm_test.spec.ts
Admin UI E2E (1, firefox)	Run Cypress	2024-12-19T00:24:42.1458670Z - 5: /home/runner/work/keycloak/keycloak/js/apps/admin-ui/cypress/e2e/realm_settings_user_profile_enabled.spec.ts
Admin UI E2E (1, firefox)	Run Cypress	2024-12-19T00:24:42.1459319Z cypress-split: chunk 2 of 10
Admin UI E2E (1, firefox)	Run Cypress	2024-12-19T00:24:42.1467435Z k  spec                                                   
Admin UI E2E (1, firefox)	Run Cypress	2024-12-19T00:24:42.1468236Z -  -------------------------------------------------------
Admin UI E2E (1, firefox)	Run Cypress	2024-12-19T00:24:42.1468903Z 1  cypress/e2e/group_test.spec.ts                         
Admin UI E2E (1, firefox)	Run Cypress	2024-12-19T00:24:42.1469456Z 2  cypress/e2e/realm_settings_client_policies_test.spec.ts
Admin UI E2E (1, firefox)	Run Cypress	2024-12-19T00:24:42.1469884Z 3  cypress/e2e/realm_roles_test.spec.ts                   
Admin UI E2E (1, firefox)	Run Cypress	2024-12-19T00:24:42.1470288Z 4  cypress/e2e/masthead_test.spec.ts                      
Admin UI E2E (1, firefox)	Run Cypress	2024-12-19T00:24:42.1470498Z 
Admin UI E2E (1, firefox)	Run Cypress	2024-12-19T00:24:42.8373507Z 
Admin UI E2E (1, firefox)	Run Cypress	2024-12-19T00:24:43.1501113Z [90m====================================================================================================[39m
Admin UI E2E (1, firefox)	Run Cypress	2024-12-19T00:24:43.1501444Z 
Admin UI E2E (1, firefox)	Run Cypress	2024-12-19T00:24:43.1503039Z [0m  ([4m[1mRun Starting[22m[24m)[0m
Admin UI E2E (1, firefox)	Run Cypress	2024-12-19T00:24:43.1572437Z 
Admin UI E2E (1, firefox)	Run Cypress	2024-12-19T00:24:43.1580347Z [90m  ┌[39m[90m─[39m[90m─[39m[90m─[39m[90m─[39m[90m─[39m[90m─[39m[90m─[39m[90m─[39m[90m─[39m[90m─[39m[90m─[39m[90m─[39m[90m─[39m[90m─[39m[90m─[39m[90m─[39m[90m─[39m[90m─[39m[90m─[39m[90m─[39m[90m─[39m[90m─[39m[90m─[39m[90m─[39m[90m─[39m[90m─[39m[90m─[39m[90m─[39m[90m─[39m[90m─[39m[90m─[39m[90m─[39m[90m─[39m[90m─[39m[90m─[39m[90m─[39m[90m─[39m[90m─[39m[90m─[39m[90m─[39m[90m─[39m[90m─[39m[90m─[39m[90m─[39m[90m─[39m[90m─[39m[90m─[39m[90m─[39m[90m─[39m[90m─[39m[90m─[39m[90m─[39m[90m─[39m[90m─[39m[90m─[39m[90m─[39m[90m─[39m[90m─[39m[90m─[39m[90m─[39m[90m─[39m[90m─[39m[90m─[39m[90m─[39m[90m─[39m[90m─[39m[90m─[39m[90m─[39m[90m─[39m[90m─[39m[90m─[39m[90m─[39m[90m─[39m[90m─[39m[90m─[39m[90m─[39m[90m─[39m[90m─[39m[90m─[39m[90m─[39m[90m─[39m[90m─[39m[90m─[39m[90m─[39m[90m─[39m[90m─[39m[90m─[39m[90m─[39m[90m─[39m[90m─[39m[90m─[39m[90m─[39m[90m─[39m[90m─[39m[90m─[39m[90m─[39m[90m┐[39m
Admin UI E2E (1, firefox)	Run Cypress	2024-12-19T00:24:43.1584643Z [90m  │[39m [90mCypress:[39m        13.17.0                                                                        [90m│[39m
Admin UI E2E (1, firefox)	Run Cypress	2024-12-19T00:24:43.1585601Z [90m  │[39m [90mBrowser:[39m        Firefox 133 [90m(headless)[39m                                                         [90m│[39m
Admin UI E2E (1, firefox)	Run Cypress	2024-12-19T00:24:43.1587038Z [90m  │[39m [90mNode Version:[39m   [0mv20.18.0 [90m(/home/runner/runners/2.321.0/externals/node20/bin/node)[39m[0m              [90m│[39m
Admin UI E2E (1, firefox)	Run Cypress	2024-12-19T00:24:43.1588557Z [90m  │[39m [90mSpecs:[39m          [0m4 found (group_test.spec.ts, realm_settings_client_policies_test.spec.ts, real[0m [90m│[39m
Admin UI E2E (1, firefox)	Run Cypress	2024-12-19T00:24:43.1589425Z [90m  │[39m                 [0mm_roles_test.spec.ts, masthead_test.spec.ts)[0m                                   [90m│[39m
Admin UI E2E (1, firefox)	Run Cypress	2024-12-19T00:24:43.1590315Z [90m  │[39m [90mSearched:[39m       [0mcypress/e2e/group_test.spec.ts, cypress/e2e/realm_settings_client_policies_tes[0m [90m│[39m
Admin UI E2E (1, firefox)	Run Cypress	2024-12-19T00:24:43.1591637Z [90m  │[39m                 [0mt.spec.ts, cypress/e2e/realm_roles_test.spec.ts, cypress/e2e/masthead_test.spe[0m [90m│[39m
Admin UI E2E (1, firefox)	Run Cypress	2024-12-19T00:24:43.1592354Z [90m  │[39m                 [0mc.ts[0m                                                                           [90m│[39m
Admin UI E2E (1, firefox)	Run Cypress	2024-12-19T00:24:43.1593095Z [90m  │[39m [90mExperiments:[39m    experimentalMemoryManagement=true                                              [90m│[39m
Admin UI E2E (1, firefox)	Run Cypress	2024-12-19T00:24:43.1597476Z [90m  └[39m[90m─[39m[90m─[39m[90m─[39m[90m─[39m[90m─[39m[90m─[39m[90m─[39m[90m─[39m[90m─[39m[90m─[39m[90m─[39m[90m─[39m[90m─[39m[90m─[39m[90m─[39m[90m─[39m[90m─[39m[90m─[39m[90m─[39m[90m─[39m[90m─[39m[90m─[39m[90m─[39m[90m─[39m[90m─[39m[90m─[39m[90m─[39m[90m─[39m[90m─[39m[90m─[39m[90m─[39m[90m─[39m[90m─[39m[90m─[39m[90m─[39m[90m─[39m[90m─[39m[90m─[39m[90m─[39m[90m─[39m[90m─[39m[90m─[39m[90m─[39m[90m─[39m[90m─[39m[90m─[39m[90m─[39m[90m─[39m[90m─[39m[90m─[39m[90m─[39m[90m─[39m[90m─[39m[90m─[39m[90m─[39m[90m─[39m[90m─[39m[90m─[39m[90m─[39m[90m─[39m[90m─[39m[90m─[39m[90m─[39m[90m─[39m[90m─[39m[90m─[39m[90m─[39m[90m─[39m[90m─[39m[90m─[39m[90m─[39m[90m─[39m[90m─[39m[90m─[39m[90m─[39m[90m─[39m[90m─[39m[90m─[39m[90m─[39m[90m─[39m[90m─[39m[90m─[39m[90m─[39m[90m─[39m[90m─[39m[90m─[39m[90m─[39m[90m─[39m[90m─[39m[90m─[39m[90m─[39m[90m─[39m[90m─[39m[90m─[39m[90m─[39m[90m─[39m[90m┘[39m
Admin UI E2E (1, firefox)	Run Cypress	2024-12-19T00:24:43.1600320Z 
Admin UI E2E (1, firefox)	Run Cypress	2024-12-19T00:24:43.1600355Z 
Admin UI E2E (1, firefox)	Run Cypress	2024-12-19T00:24:43.1603897Z [90m─[39m[90m─[39m[90m─[39m[90m─[39m[90m─[39m[90m─[39m[90m─[39m[90m─[39m[90m─[39m[90m─[39m[90m─[39m[90m─[39m[90m─[39m[90m─[39m[90m─[39m[90m─[39m[90m─[39m[90m─[39m[90m─[39m[90m─[39m[90m─[39m[90m─[39m[90m─[39m[90m─[39m[90m─[39m[90m─[39m[90m─[39m[90m─[39m[90m─[39m[90m─[39m[90m─[39m[90m─[39m[90m─[39m[90m─[39m[90m─[39m[90m─[39m[90m─[39m[90m─[39m[90m─[39m[90m─[39m[90m─[39m[90m─[39m[90m─[39m[90m─[39m[90m─[39m[90m─[39m[90m─[39m[90m─[39m[90m─[39m[90m─[39m[90m─[39m[90m─[39m[90m─[39m[90m─[39m[90m─[39m[90m─[39m[90m─[39m[90m─[39m[90m─[39m[90m─[39m[90m─[39m[90m─[39m[90m─[39m[90m─[39m[90m─[39m[90m─[39m[90m─[39m[90m─[39m[90m─[39m[90m─[39m[90m─[39m[90m─[39m[90m─[39m[90m─[39m[90m─[39m[90m─[39m[90m─[39m[90m─[39m[90m─[39m[90m─[39m[90m─[39m[90m─[39m[90m─[39m[90m─[39m[90m─[39m[90m─[39m[90m─[39m[90m─[39m[90m─[39m[90m─[39m[90m─[39m[90m─[39m[90m─[39m[90m─[39m[90m─[39m[90m─[39m[90m─[39m[90m─[39m[90m─[39m[90m─[39m
Admin UI E2E (1, firefox)	Run Cypress	2024-12-19T00:24:43.1606304Z                                                                                                     
Admin UI E2E (1, firefox)	Run Cypress	2024-12-19T00:24:43.1606860Z   Running:  [90mgroup_test.spec.ts[39m                                                              [90m(1 of 4)[39m
Admin UI E2E (1, firefox)	Run Cypress	2024-12-19T00:24:43.1607179Z 
Admin UI E2E (1, firefox)	Run Cypress	2024-12-19T00:24:43.1607819Z [35mYour project has set the configuration option: `chromeWebSecurity` to `false`.[39m
Admin UI E2E (1, firefox)	Run Cypress	2024-12-19T00:24:43.1608543Z [35m[39m
Admin UI E2E (1, firefox)	Run Cypress	2024-12-19T00:24:43.1609613Z [35mThis option will not have an effect in Firefox. Tests that rely on web security being disabled will not run as expected.[39m
Admin UI E2E (1, firefox)	Run Cypress	2024-12-19T00:24:51.5450360Z 
Admin UI E2E (1, firefox)	Run Cypress	2024-12-19T00:24:51.5560442Z [0m[0m
Admin UI E2E (1, firefox)	Run Cypress	2024-12-19T00:24:51.5660308Z [0m  Group test[0m
Admin UI E2E (1, firefox)	Run Cypress	2024-12-19T00:24:52.5917984Z [0m    List[0m
Admin UI E2E (1, firefox)	Run Cypress	2024-12-19T00:25:00.9869165Z     [32m  ✓[0m[90m Create group from empty option[0m[90m (9402ms)[0m
Admin UI E2E (1, firefox)	Run Cypress	2024-12-19T00:25:05.1826980Z     [32m  ✓[0m[90m Create group from search bar[0m[90m (4136ms)[0m
Admin UI E2E (1, firefox)	Run Cypress	2024-12-19T00:25:07.6253221Z     [32m  ✓[0m[90m Fail to create group with empty name[0m[90m (2416ms)[0m
Admin UI E2E (1, firefox)	Run Cypress	2024-12-19T00:25:12.8528814Z     [32m  ✓[0m[90m Fail to create group with duplicated name[0m[90m (5173ms)[0m
Admin UI E2E (1, firefox)	Run Cypress	2024-12-19T00:25:15.1473400Z     [32m  ✓[0m[90m Empty search[0m[90m (2239ms)[0m
Admin UI E2E (1, firefox)	Run Cypress	2024-12-19T00:25:18.0684966Z     [32m  ✓[0m[90m Search group that exists[0m[90m (2871ms)[0m
Admin UI E2E (1, firefox)	Run Cypress	2024-12-19T00:25:20.5523046Z     [32m  ✓[0m[90m Search group that does not exists[0m[90m (2434ms)[0m
Admin UI E2E (1, firefox)	Run Cypress	2024-12-19T00:25:22.6970954Z     [32m  ✓[0m[90m Duplicate group from item bar[0m[90m (2088ms)[0m
Admin UI E2E (1, firefox)	Run Cypress	2024-12-19T00:25:27.7805611Z     [32m  ✓[0m[90m Delete group from item bar[0m[90m (5035ms)[0m
Admin UI E2E (1, firefox)	Run Cypress	2024-12-19T00:25:31.3210344Z     [32m  ✓[0m[90m Delete group from search bar[0m[90m (3483ms)[0m
Admin UI E2E (1, firefox)	Run Cypress	2024-12-19T00:25:35.2281644Z     [32m  ✓[0m[90m Delete groups from search bar[0m[90m (3840ms)[0m
Admin UI E2E (1, firefox)	Run Cypress	2024-12-19T00:25:35.2526128Z [0m    Search group under current group[0m
Admin UI E2E (1, firefox)	Run Cypress	2024-12-19T00:25:38.2926949Z     [32m  ✓[0m[90m Search child group in group[0m[90m (3012ms)[0m
Admin UI E2E (1, firefox)	Run Cypress	2024-12-19T00:25:41.1362817Z     [32m  ✓[0m[90m Search non existing child group in group[0m[90m (2777ms)[0m
Admin UI E2E (1, firefox)	Run Cypress	2024-12-19T00:25:43.4349190Z     [32m  ✓[0m[90m Empty search in group[0m[90m (2236ms)[0m
Admin UI E2E (1, firefox)	Run Cypress	2024-12-19T00:25:43.4632577Z [0m    Group Actions[0m
Admin UI E2E (1, firefox)	Run Cypress	2024-12-19T00:25:47.0685968Z     [32m  ✓[0m[90m Rename group[0m[90m (3577ms)[0m
Admin UI E2E (1, firefox)	Run Cypress	2024-12-19T00:25:49.5376976Z     [32m  ✓[0m[90m Delete group from group details[0m[90m (2411ms)[0m
Admin UI E2E (1, firefox)	Run Cypress	2024-12-19T00:25:49.5685178Z [0m      Search globally[0m
Admin UI E2E (1, firefox)	Run Cypress	2024-12-19T00:25:51.9805948Z       [32m  ✓[0m[90m Navigate to parent group details[0m[90m (2228ms)[0m
Admin UI E2E (1, firefox)	Run Cypress	2024-12-19T00:25:52.0160368Z [0m    Child Groups[0m
Admin UI E2E (1, firefox)	Run Cypress	2024-12-19T00:25:53.9534457Z     [32m  ✓[0m[90m Check empty state[0m[90m (1915ms)[0m
Admin UI E2E (1, firefox)	Run Cypress	2024-12-19T00:25:56.5474383Z     [32m  ✓[0m[90m Create group from empty state[0m[90m (2533ms)[0m
Admin UI E2E (1, firefox)	Run Cypress	2024-12-19T00:25:59.1128083Z     [32m  ✓[0m[90m Create group from search bar[0m[90m (2514ms)[0m
Admin UI E2E (1, firefox)	Run Cypress	2024-12-19T00:26:01.5194544Z     [32m  ✓[0m[90m Fail to create group with empty name[0m[90m (2370ms)[0m
Admin UI E2E (1, firefox)	Run Cypress	2024-12-19T00:26:03.9789925Z     [32m  ✓[0m[90m Fail to create group with duplicated name[0m[90m (2424ms)[0m
Admin UI E2E (1, firefox)	Run Cypress	2024-12-19T00:26:07.1522858Z     [32m  ✓[0m[90m Move group from item bar[0m[90m (3099ms)[0m
Admin UI E2E (1, firefox)	Run Cypress	2024-12-19T00:26:09.6195391Z     [32m  ✓[0m[90m Search group[0m[90m (2404ms)[0m
Admin UI E2E (1, firefox)	Run Cypress	2024-12-19T00:26:11.7398549Z     [32m  ✓[0m[90m Show child group in groups[0m[90m (2076ms)[0m
Admin UI E2E (1, firefox)	Run Cypress	2024-12-19T00:26:14.9860068Z     [32m  ✓[0m[90m Delete group from search bar[0m[90m (3109ms)[0m
Admin UI E2E (1, firefox)	Run Cypress	2024-12-19T00:26:17.8039772Z     [32m  ✓[0m[90m Delete group from item bar[0m[90m (2594ms)[0m
Admin UI E2E (1, firefox)	Run Cypress	2024-12-19T00:26:17.8361436Z [0m    Members[0m
Admin UI E2E (1, firefox)	Run Cypress	2024-12-19T00:26:20.7838571Z     [32m  ✓[0m[90m Add member from search bar[0m[90m (2933ms)[0m
Admin UI E2E (1, firefox)	Run Cypress	2024-12-19T00:26:24.4017396Z     [32m  ✓[0m[90m Show members with sub-group users[0m[90m (3550ms)[0m
Admin UI E2E (1, firefox)	Run Cypress	2024-12-19T00:26:26.9384924Z     [32m  ✓[0m[90m Add member from empty state[0m[90m (2490ms)[0m
Admin UI E2E (1, firefox)	Run Cypress	2024-12-19T00:26:29.7732185Z     [32m  ✓[0m[90m Leave group from search bar[0m[90m (2793ms)[0m
Admin UI E2E (1, firefox)	Run Cypress	2024-12-19T00:26:32.8226744Z     [32m  ✓[0m[90m Leave group from item bar[0m[90m (2985ms)[0m
Admin UI E2E (1, firefox)	Run Cypress	2024-12-19T00:26:35.3106320Z     [32m  ✓[0m[90m Show memberships from item bar[0m[90m (2217ms)[0m
Admin UI E2E (1, firefox)	Run Cypress	2024-12-19T00:26:35.3316391Z [0m    Breadcrumbs[0m
Admin UI E2E (1, firefox)	Run Cypress	2024-12-19T00:26:38.9928720Z     [32m  ✓[0m[90m Navigate to parent group[0m[90m (3632ms)[0m
Admin UI E2E (1, firefox)	Run Cypress	2024-12-19T00:26:39.0336769Z [0m    Attributes[0m
Admin UI E2E (1, firefox)	Run Cypress	2024-12-19T00:26:42.9360941Z     [32m  ✓[0m[90m Add attribute[0m[90m (3889ms)[0m
Admin UI E2E (1, firefox)	Run Cypress	2024-12-19T00:26:45.1874998Z     [32m  ✓[0m[90m Remove attribute[0m[90m (2205ms)[0m
Admin UI E2E (1, firefox)	Run Cypress	2024-12-19T00:26:49.9348616Z     [32m  ✓[0m[90m Revert changes[0m[90m (4687ms)[0m
Admin UI E2E (1, firefox)	Run Cypress	2024-12-19T00:26:49.9620168Z [0m    'Move to' function[0m
Admin UI E2E (1, firefox)	Run Cypress	2024-12-19T00:26:52.5972835Z     [32m  ✓[0m[90m Move group to other group[0m[90m (2604ms)[0m
Admin UI E2E (1, firefox)	Run Cypress	2024-12-19T00:26:54.6861236Z     [32m  ✓[0m[90m Move group to root[0m[90m (2042ms)[0m
Admin UI E2E (1, firefox)	Run Cypress	2024-12-19T00:26:54.7048375Z [0m    Role mappings[0m
Admin UI E2E (1, firefox)	Run Cypress	2024-12-19T00:26:56.7075458Z     [32m  ✓[0m[90m Check empty state[0m[90m (1979ms)[0m
Admin UI E2E (1, firefox)	Run Cypress	2024-12-19T00:26:59.3677752Z     [32m  ✓[0m[90m Assign roles from empty state[0m[90m (2590ms)[0m
Admin UI E2E (1, firefox)	Run Cypress	2024-12-19T00:27:01.4881345Z     [32m  ✓[0m[90m Show and search roles[0m[90m (2071ms)[0m
Admin UI E2E (1, firefox)	Run Cypress	2024-12-19T00:27:03.5845205Z     [32m  ✓[0m[90m Check hide inherited roles option[0m[90m (2062ms)[0m
Admin UI E2E (1, firefox)	Run Cypress	2024-12-19T00:27:05.9994161Z     [32m  ✓[0m[90m Remove roles[0m[90m (2338ms)[0m
Admin UI E2E (1, firefox)	Run Cypress	2024-12-19T00:27:06.0195277Z [0m    Permissions[0m
Admin UI E2E (1, firefox)	Run Cypress	2024-12-19T00:27:08.7240836Z     [32m  ✓[0m[90m enable/disable permissions[0m[90m (2661ms)[0m
Admin UI E2E (1, firefox)	Run Cypress	2024-12-19T00:27:08.7615330Z [0m    Accessibility tests for groups[0m
Admin UI E2E (1, firefox)	Run Cypress	2024-12-19T00:27:13.2580270Z     [32m  ✓[0m[90m Check a11y violations on load/ groups[0m[90m (3875ms)[0m
Admin UI E2E (1, firefox)	Run Cypress	2024-12-19T00:27:13.2810287Z 
Admin UI E2E (1, firefox)	Run Cypress	2024-12-19T00:27:13.3383910Z 
Admin UI E2E (1, firefox)	Run Cypress	2024-12-19T00:27:13.3387811Z [92m [0m[32m 46 passing[0m[90m (2m)[0m
Admin UI E2E (1, firefox)	Run Cypress	2024-12-19T00:27:13.3391756Z 
Admin UI E2E (1, firefox)	Run Cypress	2024-12-19T00:27:17.3450169Z [35mWarning: We failed capturing this video.[39m
Admin UI E2E (1, firefox)	Run Cypress	2024-12-19T00:27:17.3450632Z [35m[39m
Admin UI E2E (1, firefox)	Run Cypress	2024-12-19T00:27:17.3451068Z [35mThis error will not affect or change the exit code.[39m
Admin UI E2E (1, firefox)	Run Cypress	2024-12-19T00:27:17.3451483Z [35m[39m
Admin UI E2E (1, firefox)	Run Cypress	2024-12-19T00:27:17.3451930Z [35mError: Insufficient frames captured to create video.[39m
Admin UI E2E (1, firefox)	Run Cypress	2024-12-19T00:27:17.3452559Z [35m    at ChildProcess.<anonymous> (<embedded>:778:16306)[39m
Admin UI E2E (1, firefox)	Run Cypress	2024-12-19T00:27:17.3453298Z [35m    at ChildProcess.emit (node:events:514:28)[39m
Admin UI E2E (1, firefox)	Run Cypress	2024-12-19T00:27:17.3454069Z [35m    at Process.onexit (node:internal/child_process:291:12)[39m
Admin UI E2E (1, firefox)	Run Cypress	2024-12-19T00:27:17.3481149Z 
Admin UI E2E (1, firefox)	Run Cypress	2024-12-19T00:27:17.3482402Z [32m  ([4m[1mResults[22m[24m)[39m
Admin UI E2E (1, firefox)	Run Cypress	2024-12-19T00:27:17.3499796Z 
Admin UI E2E (1, firefox)	Run Cypress	2024-12-19T00:27:17.3515722Z [90m  ┌[39m[90m─[39m[90m─[39m[90m─[39m[90m─[39m[90m─[39m[90m─[39m[90m─[39m[90m─[39m[90m─[39m[90m─[39m[90m─[39m[90m─[39m[90m─[39m[90m─[39m[90m─[39m[90m─[39m[90m─[39m[90m─[39m[90m─[39m[90m─[39m[90m─[39m[90m─[39m[90m─[39m[90m─[39m[90m─[39m[90m─[39m[90m─[39m[90m─[39m[90m─[39m[90m─[39m[90m─[39m[90m─[39m[90m─[39m[90m─[39m[90m─[39m[90m─[39m[90m─[39m[90m─[39m[90m─[39m[90m─[39m[90m─[39m[90m─[39m[90m─[39m[90m─[39m[90m─[39m[90m─[39m[90m─[39m[90m─[39m[90m─[39m[90m─[39m[90m─[39m[90m─[39m[90m─[39m[90m─[39m[90m─[39m[90m─[39m[90m─[39m[90m─[39m[90m─[39m[90m─[39m[90m─[39m[90m─[39m[90m─[39m[90m─[39m[90m─[39m[90m─[39m[90m─[39m[90m─[39m[90m─[39m[90m─[39m[90m─[39m[90m─[39m[90m─[39m[90m─[39m[90m─[39m[90m─[39m[90m─[39m[90m─[39m[90m─[39m[90m─[39m[90m─[39m[90m─[39m[90m─[39m[90m─[39m[90m─[39m[90m─[39m[90m─[39m[90m─[39m[90m─[39m[90m─[39m[90m─[39m[90m─[39m[90m─[39m[90m─[39m[90m─[39m[90m─[39m[90m┐[39m
Admin UI E2E (1, firefox)	Run Cypress	2024-12-19T00:27:17.3521199Z [90m  │[39m [90mTests:[39m        [32m46[39m                                                                               [90m│[39m
Admin UI E2E (1, firefox)	Run Cypress	2024-12-19T00:27:17.3522672Z [90m  │[39m [90mPassing:[39m      [32m46[39m                                                                               [90m│[39m
Admin UI E2E (1, firefox)	Run Cypress	2024-12-19T00:27:17.3524024Z [90m  │[39m [90mFailing:[39m      [32m0[39m                                                                                [90m│[39m
Admin UI E2E (1, firefox)	Run Cypress	2024-12-19T00:27:17.3525280Z [90m  │[39m [90mPending:[39m      [32m0[39m                                                                                [90m│[39m
Admin UI E2E (1, firefox)	Run Cypress	2024-12-19T00:27:17.3526878Z [90m  │[39m [90mSkipped:[39m      [32m0[39m                                                                                [90m│[39m
Admin UI E2E (1, firefox)	Run Cypress	2024-12-19T00:27:17.3528383Z [90m  │[39m [90mScreenshots:[39m  [32m0[39m                                                                                [90m│[39m
Admin UI E2E (1, firefox)	Run Cypress	2024-12-19T00:27:17.3529507Z [90m  │[39m [90mVideo:[39m        [32mfalse[39m                                                                            [90m│[39m
Admin UI E2E (1, firefox)	Run Cypress	2024-12-19T00:27:17.3530284Z [90m  │[39m [90mDuration:[39m     [32m2 minutes, 21 seconds[39m                                                            [90m│[39m
Admin UI E2E (1, firefox)	Run Cypress	2024-12-19T00:27:17.3531135Z [90m  │[39m [90mSpec Ran:[39m     [32m[32mgroup_test.spec.ts[32m[39m                                                               [90m│[39m
Admin UI E2E (1, firefox)	Run Cypress	2024-12-19T00:27:17.3534947Z [90m  └[39m[90m─[39m[90m─[39m[90m─[39m[90m─[39m[90m─[39m[90m─[39m[90m─[39m[90m─[39m[90m─[39m[90m─[39m[90m─[39m[90m─[39m[90m─[39m[90m─[39m[90m─[39m[90m─[39m[90m─[39m[90m─[39m[90m─[39m[90m─[39m[90m─[39m[90m─[39m[90m─[39m[90m─[39m[90m─[39m[90m─[39m[90m─[39m[90m─[39m[90m─[39m[90m─[39m[90m─[39m[90m─[39m[90m─[39m[90m─[39m[90m─[39m[90m─[39m[90m─[39m[90m─[39m[90m─[39m[90m─[39m[90m─[39m[90m─[39m[90m─[39m[90m─[39m[90m─[39m[90m─[39m[90m─[39m[90m─[39m[90m─[39m[90m─[39m[90m─[39m[90m─[39m[90m─[39m[90m─[39m[90m─[39m[90m─[39m[90m─[39m[90m─[39m[90m─[39m[90m─[39m[90m─[39m[90m─[39m[90m─[39m[90m─[39m[90m─[39m[90m─[39m[90m─[39m[90m─[39m[90m─[39m[90m─[39m[90m─[39m[90m─[39m[90m─[39m[90m─[39m[90m─[39m[90m─[39m[90m─[39m[90m─[39m[90m─[39m[90m─[39m[90m─[39m[90m─[39m[90m─[39m[90m─[39m[90m─[39m[90m─[39m[90m─[39m[90m─[39m[90m─[39m[90m─[39m[90m─[39m[90m─[39m[90m─[39m[90m─[39m[90m─[39m[90m─[39m[90m┘[39m
Admin UI E2E (1, firefox)	Run Cypress	2024-12-19T00:27:17.3537338Z 
Admin UI E2E (1, firefox)	Run Cypress	2024-12-19T00:27:17.4121026Z 
Admin UI E2E (1, firefox)	Run Cypress	2024-12-19T00:27:17.4134004Z [90m─[39m[90m─[39m[90m─[39m[90m─[39m[90m─[39m[90m─[39m[90m─[39m[90m─[39m[90m─[39m[90m─[39m[90m─[39m[90m─[39m[90m─[39m[90m─[39m[90m─[39m[90m─[39m[90m─[39m[90m─[39m[90m─[39m[90m─[39m[90m─[39m[90m─[39m[90m─[39m[90m─[39m[90m─[39m[90m─[39m[90m─[39m[90m─[39m[90m─[39m[90m─[39m[90m─[39m[90m─[39m[90m─[39m[90m─[39m[90m─[39m[90m─[39m[90m─[39m[90m─[39m[90m─[39m[90m─[39m[90m─[39m[90m─[39m[90m─[39m[90m─[39m[90m─[39m[90m─[39m[90m─[39m[90m─[39m[90m─[39m[90m─[39m[90m─[39m[90m─[39m[90m─[39m[90m─[39m[90m─[39m[90m─[39m[90m─[39m[90m─[39m[90m─[39m[90m─[39m[90m─[39m[90m─[39m[90m─[39m[90m─[39m[90m─[39m[90m─[39m[90m─[39m[90m─[39m[90m─[39m[90m─[39m[90m─[39m[90m─[39m[90m─[39m[90m─[39m[90m─[39m[90m─[39m[90m─[39m[90m─[39m[90m─[39m[90m─[39m[90m─[39m[90m─[39m[90m─[39m[90m─[39m[90m─[39m[90m─[39m[90m─[39m[90m─[39m[90m─[39m[90m─[39m[90m─[39m[90m─[39m[90m─[39m[90m─[39m[90m─[39m[90m─[39m[90m─[39m[90m─[39m[90m─[39m[90m─[39m
Admin UI E2E (1, firefox)	Run Cypress	2024-12-19T00:27:17.4139546Z                                                                                                     
Admin UI E2E (1, firefox)	Run Cypress	2024-12-19T00:27:17.4140748Z   Running:  [90mrealm_settings_client_policies_test.spec.ts[39m                                     [90m(2 of 4)[39m
Admin UI E2E (1, firefox)	Run Cypress	2024-12-19T00:27:17.4141390Z 
Admin UI E2E (1, firefox)	Run Cypress	2024-12-19T00:27:17.4142134Z [35mYour project has set the configuration option: `chromeWebSecurity` to `false`.[39m
Admin UI E2E (1, firefox)	Run Cypress	2024-12-19T00:27:17.4142902Z [35m[39m
Admin UI E2E (1, firefox)	Run Cypress	2024-12-19T00:27:17.4144081Z [35mThis option will not have an effect in Firefox. Tests that rely on web security being disabled will not run as expected.[39m
Admin UI E2E (1, firefox)	Run Cypress	2024-12-19T00:27:21.3233216Z 
Admin UI E2E (1, firefox)	Run Cypress	2024-12-19T00:27:21.3273290Z [0m[0m
Admin UI E2E (1, firefox)	Run Cypress	2024-12-19T00:27:21.3330272Z [0m  Realm settings client policies tab tests[0m
Admin UI E2E (1, firefox)	Run Cypress	2024-12-19T00:27:27.8130282Z   [32m  ✓[0m[90m Complete new client form and cancel[0m[90m (6468ms)[0m
Admin UI E2E (1, firefox)	Run Cypress	2024-12-19T00:27:30.5129348Z   [32m  ✓[0m[90m Complete new client form and submit[0m[90m (2668ms)[0m
Admin UI E2E (1, firefox)	Run Cypress	2024-12-19T00:27:33.2874017Z   [32m  ✓[0m[90m Should perform client profile search by profile name[0m[90m (2745ms)[0m
Admin UI E2E (1, firefox)	Run Cypress	2024-12-19T00:27:35.3646625Z   [32m  ✓[0m[90m Should not have conditions configured by default[0m[90m (2036ms)[0m
Admin UI E2E (1, firefox)	Run Cypress	2024-12-19T00:27:38.3862985Z   [32m  ✓[0m[90m Should cancel adding a new condition to a client profile[0m[90m (2970ms)[0m
Admin UI E2E (1, firefox)	Run Cypress	2024-12-19T00:27:41.5923586Z   [32m  ✓[0m[90m Should add a new client-roles condition to a client profile[0m[90m (3142ms)[0m
Admin UI E2E (1, firefox)	Run Cypress	2024-12-19T00:27:45.5817910Z   [32m  ✓[0m[90m Should add a new client-scopes condition to a client profile[0m[90m (3927ms)[0m
Admin UI E2E (1, firefox)	Run Cypress	2024-12-19T00:27:48.5512857Z   [32m  ✓[0m[90m Should edit the client-roles condition of a client profile[0m[90m (2895ms)[0m
Admin UI E2E (1, firefox)	Run Cypress	2024-12-19T00:27:51.1533500Z   [32m  ✓[0m[90m Should edit the client-scopes condition of a client profile[0m[90m (2535ms)[0m
Admin UI E2E (1, firefox)	Run Cypress	2024-12-19T00:27:53.7559925Z   [32m  ✓[0m[90m Should cancel deleting condition from a client profile[0m[90m (2566ms)[0m
Admin UI E2E (1, firefox)	Run Cypress	2024-12-19T00:27:55.9960923Z   [32m  ✓[0m[90m Should delete client-roles condition from a client profile[0m[90m (2195ms)[0m
Admin UI E2E (1, firefox)	Run Cypress	2024-12-19T00:27:58.2474404Z   [32m  ✓[0m[90m Should delete client-scopes condition from a client profile[0m[90m (2221ms)[0m
Admin UI E2E (1, firefox)	Run Cypress	2024-12-19T00:28:00.7282742Z   [32m  ✓[0m[90m Check cancelling the client policy deletion[0m[90m (2457ms)[0m
Admin UI E2E (1, firefox)	Run Cypress	2024-12-19T00:28:04.2313960Z   [32m  ✓[0m[90m Check deleting the client policy[0m[90m (3464ms)[0m
Admin UI E2E (1, firefox)	Run Cypress	2024-12-19T00:28:06.9210636Z   [32m  ✓[0m[90m Check navigating between Form View and JSON editor[0m[90m (2573ms)[0m
Admin UI E2E (1, firefox)	Run Cypress	2024-12-19T00:28:11.3945367Z   [32m  ✓[0m[90m Should not create duplicate client profile[0m[90m (4437ms)[0m
Admin UI E2E (1, firefox)	Run Cypress	2024-12-19T00:28:14.4310337Z   [32m  ✓[0m[90m Check deleting newly created client policy from create view via dropdown[0m[90m (3013ms)[0m
Admin UI E2E (1, firefox)	Run Cypress	2024-12-19T00:28:16.8446949Z   [32m  ✓[0m[90m Check reloading JSON policies[0m[90m (2359ms)[0m
Admin UI E2E (1, firefox)	Run Cypress	2024-12-19T00:28:16.8448191Z 
Admin UI E2E (1, firefox)	Run Cypress	2024-12-19T00:28:16.8815846Z 
Admin UI E2E (1, firefox)	Run Cypress	2024-12-19T00:28:16.8816884Z [92m [0m[32m 18 passing[0m[90m (56s)[0m
Admin UI E2E (1, firefox)	Run Cypress	2024-12-19T00:28:16.8817274Z 
Admin UI E2E (1, firefox)	Run Cypress	2024-12-19T00:28:16.8846882Z 
Admin UI E2E (1, firefox)	Run Cypress	2024-12-19T00:28:16.8848298Z [32m  ([4m[1mResults[22m[24m)[39m
Admin UI E2E (1, firefox)	Run Cypress	2024-12-19T00:28:16.8885740Z 
Admin UI E2E (1, firefox)	Run Cypress	2024-12-19T00:28:16.8895355Z [90m  ┌[39m[90m─[39m[90m─[39m[90m─[39m[90m─[39m[90m─[39m[90m─[39m[90m─[39m[90m─[39m[90m─[39m[90m─[39m[90m─[39m[90m─[39m[90m─[39m[90m─[39m[90m─[39m[90m─[39m[90m─[39m[90m─[39m[90m─[39m[90m─[39m[90m─[39m[90m─[39m[90m─[39m[90m─[39m[90m─[39m[90m─[39m[90m─[39m[90m─[39m[90m─[39m[90m─[39m[90m─[39m[90m─[39m[90m─[39m[90m─[39m[90m─[39m[90m─[39m[90m─[39m[90m─[39m[90m─[39m[90m─[39m[90m─[39m[90m─[39m[90m─[39m[90m─[39m[90m─[39m[90m─[39m[90m─[39m[90m─[39m[90m─[39m[90m─[39m[90m─[39m[90m─[39m[90m─[39m[90m─[39m[90m─[39m[90m─[39m[90m─[39m[90m─[39m[90m─[39m[90m─[39m[90m─[39m[90m─[39m[90m─[39m[90m─[39m[90m─[39m[90m─[39m[90m─[39m[90m─[39m[90m─[39m[90m─[39m[90m─[39m[90m─[39m[90m─[39m[90m─[39m[90m─[39m[90m─[39m[90m─[39m[90m─[39m[90m─[39m[90m─[39m[90m─[39m[90m─[39m[90m─[39m[90m─[39m[90m─[39m[90m─[39m[90m─[39m[90m─[39m[90m─[39m[90m─[39m[90m─[39m[90m─[39m[90m─[39m[90m─[39m[90m─[39m[90m─[39m[90m┐[39m
Admin UI E2E (1, firefox)	Run Cypress	2024-12-19T00:28:16.8900852Z [90m  │[39m [90mTests:[39m        [32m18[39m                                                                               [90m│[39m
Admin UI E2E (1, firefox)	Run Cypress	2024-12-19T00:28:16.8902248Z [90m  │[39m [90mPassing:[39m      [32m18[39m                                                                               [90m│[39m
Admin UI E2E (1, firefox)	Run Cypress	2024-12-19T00:28:16.8903883Z [90m  │[39m [90mFailing:[39m      [32m0[39m                                                                                [90m│[39m
Admin UI E2E (1, firefox)	Run Cypress	2024-12-19T00:28:16.8905031Z [90m  │[39m [90mPending:[39m      [32m0[39m                                                                                [90m│[39m
Admin UI E2E (1, firefox)	Run Cypress	2024-12-19T00:28:16.8906169Z [90m  │[39m [90mSkipped:[39m      [32m0[39m                                                                                [90m│[39m
Admin UI E2E (1, firefox)	Run Cypress	2024-12-19T00:28:16.8907394Z [90m  │[39m [90mScreenshots:[39m  [32m0[39m                                                                                [90m│[39m
Admin UI E2E (1, firefox)	Run Cypress	2024-12-19T00:28:16.8908924Z [90m  │[39m [90mVideo:[39m        [32mfalse[39m                                                                            [90m│[39m
Admin UI E2E (1, firefox)	Run Cypress	2024-12-19T00:28:16.8910277Z [90m  │[39m [90mDuration:[39m     [32m55 seconds[39m                                                                       [90m│[39m
Admin UI E2E (1, firefox)	Run Cypress	2024-12-19T00:28:16.8911870Z [90m  │[39m [90mSpec Ran:[39m     [32m[32mrealm_settings_client_policies_test.spec.ts[32m[39m                                      [90m│[39m
Admin UI E2E (1, firefox)	Run Cypress	2024-12-19T00:28:16.8919414Z [90m  └[39m[90m─[39m[90m─[39m[90m─[39m[90m─[39m[90m─[39m[90m─[39m[90m─[39m[90m─[39m[90m─[39m[90m─[39m[90m─[39m[90m─[39m[90m─[39m[90m─[39m[90m─[39m[90m─[39m[90m─[39m[90m─[39m[90m─[39m[90m─[39m[90m─[39m[90m─[39m[90m─[39m[90m─[39m[90m─[39m[90m─[39m[90m─[39m[90m─[39m[90m─[39m[90m─[39m[90m─[39m[90m─[39m[90m─[39m[90m─[39m[90m─[39m[90m─[39m[90m─[39m[90m─[39m[90m─[39m[90m─[39m[90m─[39m[90m─[39m[90m─[39m[90m─[39m[90m─[39m[90m─[39m[90m─[39m[90m─[39m[90m─[39m[90m─[39m[90m─[39m[90m─[39m[90m─[39m[90m─[39m[90m─[39m[90m─[39m[90m─[39m[90m─[39m[90m─[39m[90m─[39m[90m─[39m[90m─[39m[90m─[39m[90m─[39m[90m─[39m[90m─[39m[90m─[39m[90m─[39m[90m─[39m[90m─[39m[90m─[39m[90m─[39m[90m─[39m[90m─[39m[90m─[39m[90m─[39m[90m─[39m[90m─[39m[90m─[39m[90m─[39m[90m─[39m[90m─[39m[90m─[39m[90m─[39m[90m─[39m[90m─[39m[90m─[39m[90m─[39m[90m─[39m[90m─[39m[90m─[39m[90m─[39m[90m─[39m[90m─[39m[90m─[39m[90m─[39m[90m┘[39m
Admin UI E2E (1, firefox)	Run Cypress	2024-12-19T00:28:16.8923288Z 
Admin UI E2E (1, firefox)	Run Cypress	2024-12-19T00:28:16.9321275Z 
Admin UI E2E (1, firefox)	Run Cypress	2024-12-19T00:28:16.9351017Z [90m─[39m[90m─[39m[90m─[39m[90m─[39m[90m─[39m[90m─[39m[90m─[39m[90m─[39m[90m─[39m[90m─[39m[90m─[39m[90m─[39m[90m─[39m[90m─[39m[90m─[39m[90m─[39m[90m─[39m[90m─[39m[90m─[39m[90m─[39m[90m─[39m[90m─[39m[90m─[39m[90m─[39m[90m─[39m[90m─[39m[90m─[39m[90m─[39m[90m─[39m[90m─[39m[90m─[39m[90m─[39m[90m─[39m[90m─[39m[90m─[39m[90m─[39m[90m─[39m[90m─[39m[90m─[39m[90m─[39m[90m─[39m[90m─[39m[90m─[39m[90m─[39m[90m─[39m[90m─[39m[90m─[39m[90m─[39m[90m─[39m[90m─[39m[90m─[39m[90m─[39m[90m─[39m[90m─[39m[90m─[39m[90m─[39m[90m─[39m[90m─[39m[90m─[39m[90m─[39m[90m─[39m[90m─[39m[90m─[39m[90m─[39m[90m─[39m[90m─[39m[90m─[39m[90m─[39m[90m─[39m[90m─[39m[90m─[39m[90m─[39m[90m─[39m[90m─[39m[90m─[39m[90m─[39m[90m─[39m[90m─[39m[90m─[39m[90m─[39m[90m─[39m[90m─[39m[90m─[39m[90m─[39m[90m─[39m[90m─[39m[90m─[39m[90m─[39m[90m─[39m[90m─[39m[90m─[39m[90m─[39m[90m─[39m[90m─[39m[90m─[39m[90m─[39m[90m─[39m[90m─[39m[90m─[39m[90m─[39m
Admin UI E2E (1, firefox)	Run Cypress	2024-12-19T00:28:16.9376893Z                                                                                                     
Admin UI E2E (1, firefox)	Run Cypress	2024-12-19T00:28:16.9388246Z   Running:  [90mrealm_roles_test.spec.ts[39m                                                        [90m(3 of 4)[39m
Admin UI E2E (1, firefox)	Run Cypress	2024-12-19T00:28:16.9407411Z 
Admin UI E2E (1, firefox)	Run Cypress	2024-12-19T00:28:16.9408633Z [35mYour project has set the configuration option: `chromeWebSecurity` to `false`.[39m
Admin UI E2E (1, firefox)	Run Cypress	2024-12-19T00:28:16.9409334Z [35m[39m
Admin UI E2E (1, firefox)	Run Cypress	2024-12-19T00:28:16.9410397Z [35mThis option will not have an effect in Firefox. Tests that rely on web security being disabled will not run as expected.[39m
Admin UI E2E (1, firefox)	Run Cypress	2024-12-19T00:28:20.6172820Z 
Admin UI E2E (1, firefox)	Run Cypress	2024-12-19T00:28:20.6238833Z [0m[0m
Admin UI E2E (1, firefox)	Run Cypress	2024-12-19T00:28:20.6319077Z [0m  Realm roles test[0m
Admin UI E2E (1, firefox)	Run Cypress	2024-12-19T00:28:24.6149655Z   [32m  ✓[0m[90m should fail creating realm role[0m[90m (3980ms)[0m
Admin UI E2E (1, firefox)	Run Cypress	2024-12-19T00:28:26.3997102Z   [32m  ✓[0m[90m shouldn't create a realm role based with only whitespace name[0m[90m (1752ms)[0m
Admin UI E2E (1, firefox)	Run Cypress	2024-12-19T00:28:29.4259413Z   [32m  ✓[0m[90m Realm role CRUD test[0m[90m (3000ms)[0m
Admin UI E2E (1, firefox)	Run Cypress	2024-12-19T00:28:32.2726385Z   [32m  ✓[0m[90m should delete role from details action[0m[90m (2819ms)[0m
Admin UI E2E (1, firefox)	Run Cypress	2024-12-19T00:28:34.1710652Z   [32m  ✓[0m[90m should not be able to delete default role[0m[90m (1878ms)[0m
Admin UI E2E (1, firefox)	Run Cypress	2024-12-19T00:29:08.2324045Z     [33m(Attempt 1 of 4)[0m Add associated roles test
Admin UI E2E (1, firefox)	Run Cypress	2024-12-19T00:29:44.4879825Z     [33m(Attempt 2 of 4)[0m Add associated roles test
Admin UI E2E (1, firefox)	Run Cypress	2024-12-19T00:30:22.1200362Z     [33m(Attempt 3 of 4)[0m Add associated roles test
Admin UI E2E (1, firefox)	Run Cypress	2024-12-19T00:31:01.4049122Z   [31m  1) Add associated roles test[0m
Admin UI E2E (1, firefox)	Run Cypress	2024-12-19T00:31:04.4031745Z   [32m  ✓[0m[90m should search existing associated role by name and go to it[0m[90m (2866ms)[0m
Admin UI E2E (1, firefox)	Run Cypress	2024-12-19T00:31:06.6736311Z   [32m  ✓[0m[90m should go to default-roles-master link role name and check assign roles table is not empty[0m[90m (2216ms)[0m
Admin UI E2E (1, firefox)	Run Cypress	2024-12-19T00:31:08.7084348Z   [32m  ✓[0m[90m Should search non-existent associated role by name[0m[90m (1995ms)[0m
Admin UI E2E (1, firefox)	Run Cypress	2024-12-19T00:31:13.5567896Z   [32m  ✓[0m[90m Should hide inherited roles test[0m[90m (4779ms)[0m
Admin UI E2E (1, firefox)	Run Cypress	2024-12-19T00:31:18.0089073Z   [32m  ✓[0m[90m Should fail to remove role when all unchecked from search bar[0m[90m (4353ms)[0m
Admin UI E2E (1, firefox)	Run Cypress	2024-12-19T00:31:23.1830466Z   [32m  ✓[0m[90m Should delete single non-inherited role item[0m[90m (5112ms)[0m
Admin UI E2E (1, firefox)	Run Cypress	2024-12-19T00:31:28.3149749Z   [32m  ✓[0m[90m Should delete all roles from search bar[0m[90m (5063ms)[0m
Admin UI E2E (1, firefox)	Run Cypress	2024-12-19T00:31:34.9281148Z   [32m  ✓[0m[90m Should delete associated roles from list test[0m[90m (6570ms)[0m
Admin UI E2E (1, firefox)	Run Cypress	2024-12-19T00:31:34.9855217Z [0m    edit role details[0m
Admin UI E2E (1, firefox)	Run Cypress	2024-12-19T00:31:37.3539002Z     [32m  ✓[0m[90m should edit realm role details[0m[90m (2354ms)[0m
Admin UI E2E (1, firefox)	Run Cypress	2024-12-19T00:31:39.5243622Z     [32m  ✓[0m[90m should add attribute[0m[90m (2142ms)[0m
Admin UI E2E (1, firefox)	Run Cypress	2024-12-19T00:31:42.9419327Z     [32m  ✓[0m[90m should add attribute multiple[0m[90m (3354ms)[0m
Admin UI E2E (1, firefox)	Run Cypress	2024-12-19T00:31:45.2947325Z     [32m  ✓[0m[90m should delete attribute[0m[90m (2158ms)[0m
Admin UI E2E (1, firefox)	Run Cypress	2024-12-19T00:31:45.3298090Z [0m    Accessibility tests for realm roles[0m
Admin UI E2E (1, firefox)	Run Cypress	2024-12-19T00:31:49.0406406Z     [32m  ✓[0m[90m Check a11y violations on load/ realm roles[0m[90m (3683ms)[0m
Admin UI E2E (1, firefox)	Run Cypress	2024-12-19T00:31:52.7086698Z     [32m  ✓[0m[90m Check a11y violations on default-roles-master default tab and default roles tabs[0m[90m (3628ms)[0m
Admin UI E2E (1, firefox)	Run Cypress	2024-12-19T00:31:56.6404242Z     [32m  ✓[0m[90m Check a11y violations on empty create role form[0m[90m (3883ms)[0m
Admin UI E2E (1, firefox)	Run Cypress	2024-12-19T00:32:03.3197179Z     [32m  ✓[0m[90m Check a11y violations on role details[0m[90m (6579ms)[0m
Admin UI E2E (1, firefox)	Run Cypress	2024-12-19T00:32:03.3281127Z 
Admin UI E2E (1, firefox)	Run Cypress	2024-12-19T00:32:03.3661498Z 
Admin UI E2E (1, firefox)	Run Cypress	2024-12-19T00:32:03.3662847Z [92m [0m[32m 21 passing[0m[90m (4m)[0m
Admin UI E2E (1, firefox)	Run Cypress	2024-12-19T00:32:03.3663714Z [31m  1 failing[0m
Admin UI E2E (1, firefox)	Run Cypress	2024-12-19T00:32:03.3666496Z 
Admin UI E2E (1, firefox)	Run Cypress	2024-12-19T00:32:03.3666822Z [0m  1) Realm roles test
Admin UI E2E (1, firefox)	Run Cypress	2024-12-19T00:32:03.3667962Z        Add associated roles test:
Admin UI E2E (1, firefox)	Run Cypress	2024-12-19T00:32:03.3669633Z [0m[31m     AssertionError: Timed out retrying after 30000ms: Expected to find content: 'manage-account' within the element: <td.pf-v5-c-table__td> but never did.[0m[90m
Admin UI E2E (1, firefox)	Run Cypress	2024-12-19T00:32:03.3670893Z       at addAssociatedRoleFromSearchBar (webpack://@keycloak/keycloak-admin-ui/./cypress/support/pages/admin-ui/manage/realm_roles/AssociatedRolesPage.ts:44:0)
Admin UI E2E (1, firefox)	Run Cypress	2024-12-19T00:32:03.3671773Z       at  (webpack://@keycloak/keycloak-admin-ui/./cypress/e2e/realm_roles_test.spec.ts:84:0)
Admin UI E2E (1, firefox)	Run Cypress	2024-12-19T00:32:03.3672868Z       at __webpack_modules__</setRunnable/runnable.fn (http://localhost:8080/__cypress/runner/cypress_runner.js:138359:43)
Admin UI E2E (1, firefox)	Run Cypress	2024-12-19T00:32:03.3673927Z       at callFn (http://localhost:8080/__cypress/runner/cypress_runner.js:156978:21)
Admin UI E2E (1, firefox)	Run Cypress	2024-12-19T00:32:03.3674984Z       at __webpack_modules__</Runnable.prototype.run (http://localhost:8080/__cypress/runner/cypress_runner.js:156965:13)
Admin UI E2E (1, firefox)	Run Cypress	2024-12-19T00:32:03.3676741Z       at __webpack_modules__</create/onRunnableRun (http://localhost:8080/__cypress/runner/cypress_runner.js:162889:30)
Admin UI E2E (1, firefox)	Run Cypress	2024-12-19T00:32:03.3678336Z       at finallyHandler (http://localhost:8080/__cypress/runner/cypress_runner.js:4095:23)
Admin UI E2E (1, firefox)	Run Cypress	2024-12-19T00:32:03.3679336Z       at tryCatcher (http://localhost:8080/__cypress/runner/cypress_runner.js:1830:23)
Admin UI E2E (1, firefox)	Run Cypress	2024-12-19T00:32:03.3680794Z       at __webpack_modules__</module.exports/Promise.prototype._settlePromiseFromHandler (http://localhost:8080/__cypress/runner/cypress_runner.js:1542:31)
Admin UI E2E (1, firefox)	Run Cypress	2024-12-19T00:32:03.3682597Z       at __webpack_modules__</module.exports/Promise.prototype._settlePromise (http://localhost:8080/__cypress/runner/cypress_runner.js:1599:18)
Admin UI E2E (1, firefox)	Run Cypress	2024-12-19T00:32:03.3684322Z       at __webpack_modules__</module.exports/Promise.prototype._settlePromise0 (http://localhost:8080/__cypress/runner/cypress_runner.js:1644:10)
Admin UI E2E (1, firefox)	Run Cypress	2024-12-19T00:32:03.3686179Z       at __webpack_modules__</module.exports/Promise.prototype._settlePromises (http://localhost:8080/__cypress/runner/cypress_runner.js:1724:18)
Admin UI E2E (1, firefox)	Run Cypress	2024-12-19T00:32:03.3687369Z       at _drainQueueStep (http://localhost:8080/__cypress/runner/cypress_runner.js:2430:12)
Admin UI E2E (1, firefox)	Run Cypress	2024-12-19T00:32:03.3688605Z       at _drainQueue (http://localhost:8080/__cypress/runner/cypress_runner.js:2423:24)
Admin UI E2E (1, firefox)	Run Cypress	2024-12-19T00:32:03.3689838Z       at __webpack_modules__</Async.prototype._drainQueues (http://localhost:8080/__cypress/runner/cypress_runner.js:2439:16)
Admin UI E2E (1, firefox)	Run Cypress	2024-12-19T00:32:03.3691225Z       at __webpack_modules__</Async/this.drainQueues (http://localhost:8080/__cypress/runner/cypress_runner.js:2309:14)
Admin UI E2E (1, firefox)	Run Cypress	2024-12-19T00:32:03.3692137Z [0m
Admin UI E2E (1, firefox)	Run Cypress	2024-12-19T00:32:03.3692284Z 
Admin UI E2E (1, firefox)	Run Cypress	2024-12-19T00:32:03.3692293Z 
Admin UI E2E (1, firefox)	Run Cypress	2024-12-19T00:32:03.3697680Z 
Admin UI E2E (1, firefox)	Run Cypress	2024-12-19T00:32:03.3699325Z [31m  ([4m[1mResults[22m[24m)[39m
Admin UI E2E (1, firefox)	Run Cypress	2024-12-19T00:32:03.3754774Z 
Admin UI E2E (1, firefox)	Run Cypress	2024-12-19T00:32:03.3761998Z [90m  ┌[39m[90m─[39m[90m─[39m[90m─[39m[90m─[39m[90m─[39m[90m─[39m[90m─[39m[90m─[39m[90m─[39m[90m─[39m[90m─[39m[90m─[39m[90m─[39m[90m─[39m[90m─[39m[90m─[39m[90m─[39m[90m─[39m[90m─[39m[90m─[39m[90m─[39m[90m─[39m[90m─[39m[90m─[39m[90m─[39m[90m─[39m[90m─[39m[90m─[39m[90m─[39m[90m─[39m[90m─[39m[90m─[39m[90m─[39m[90m─[39m[90m─[39m[90m─[39m[90m─[39m[90m─[39m[90m─[39m[90m─[39m[90m─[39m[90m─[39m[90m─[39m[90m─[39m[90m─[39m[90m─[39m[90m─[39m[90m─[39m[90m─[39m[90m─[39m[90m─[39m[90m─[39m[90m─[39m[90m─[39m[90m─[39m[90m─[39m[90m─[39m[90m─[39m[90m─[39m[90m─[39m[90m─[39m[90m─[39m[90m─[39m[90m─[39m[90m─[39m[90m─[39m[90m─[39m[90m─[39m[90m─[39m[90m─[39m[90m─[39m[90m─[39m[90m─[39m[90m─[39m[90m─[39m[90m─[39m[90m─[39m[90m─[39m[90m─[39m[90m─[39m[90m─[39m[90m─[39m[90m─[39m[90m─[39m[90m─[39m[90m─[39m[90m─[39m[90m─[39m[90m─[39m[90m─[39m[90m─[39m[90m─[39m[90m─[39m[90m─[39m[90m─[39m[90m─[39m[90m┐[39m
Admin UI E2E (1, firefox)	Run Cypress	2024-12-19T00:32:03.3767327Z [90m  │[39m [90mTests:[39m        [31m22[39m                                                                               [90m│[39m
Admin UI E2E (1, firefox)	Run Cypress	2024-12-19T00:32:03.3768951Z [90m  │[39m [90mPassing:[39m      [31m21[39m                                                                               [90m│[39m
Admin UI E2E (1, firefox)	Run Cypress	2024-12-19T00:32:03.3770289Z [90m  │[39m [90mFailing:[39m      [31m1[39m                                                                                [90m│[39m
Admin UI E2E (1, firefox)	Run Cypress	2024-12-19T00:32:03.3771612Z [90m  │[39m [90mPending:[39m      [31m0[39m                                                                                [90m│[39m
Admin UI E2E (1, firefox)	Run Cypress	2024-12-19T00:32:03.3772859Z [90m  │[39m [90mSkipped:[39m      [31m0[39m                                                                                [90m│[39m
Admin UI E2E (1, firefox)	Run Cypress	2024-12-19T00:32:03.3774080Z [90m  │[39m [90mScreenshots:[39m  [31m4[39m                                                                                [90m│[39m
Admin UI E2E (1, firefox)	Run Cypress	2024-12-19T00:32:03.3775311Z [90m  │[39m [90mVideo:[39m        [31mfalse[39m                                                                            [90m│[39m
Admin UI E2E (1, firefox)	Run Cypress	2024-12-19T00:32:03.3776621Z [90m  │[39m [90mDuration:[39m     [31m3 minutes, 42 seconds[39m                                                            [90m│[39m
Admin UI E2E (1, firefox)	Run Cypress	2024-12-19T00:32:03.3781396Z [90m  │[39m [90mSpec Ran:[39m     [31m[31mrealm_roles_test.spec.ts[31m[39m                                                         [90m│[39m
Admin UI E2E (1, firefox)	Run Cypress	2024-12-19T00:32:03.3788995Z [90m  └[39m[90m─[39m[90m─[39m[90m─[39m[90m─[39m[90m─[39m[90m─[39m[90m─[39m[90m─[39m[90m─[39m[90m─[39m[90m─[39m[90m─[39m[90m─[39m[90m─[39m[90m─[39m[90m─[39m[90m─[39m[90m─[39m[90m─[39m[90m─[39m[90m─[39m[90m─[39m[90m─[39m[90m─[39m[90m─[39m[90m─[39m[90m─[39m[90m─[39m[90m─[39m[90m─[39m[90m─[39m[90m─[39m[90m─[39m[90m─[39m[90m─[39m[90m─[39m[90m─[39m[90m─[39m[90m─[39m[90m─[39m[90m─[39m[90m─[39m[90m─[39m[90m─[39m[90m─[39m[90m─[39m[90m─[39m[90m─[39m[90m─[39m[90m─[39m[90m─[39m[90m─[39m[90m─[39m[90m─[39m[90m─[39m[90m─[39m[90m─[39m[90m─[39m[90m─[39m[90m─[39m[90m─[39m[90m─[39m[90m─[39m[90m─[39m[90m─[39m[90m─[39m[90m─[39m[90m─[39m[90m─[39m[90m─[39m[90m─[39m[90m─[39m[90m─[39m[90m─[39m[90m─[39m[90m─[39m[90m─[39m[90m─[39m[90m─[39m[90m─[39m[90m─[39m[90m─[39m[90m─[39m[90m─[39m[90m─[39m[90m─[39m[90m─[39m[90m─[39m[90m─[39m[90m─[39m[90m─[39m[90m─[39m[90m─[39m[90m─[39m[90m─[39m[90m─[39m[90m┘[39m
Admin UI E2E (1, firefox)	Run Cypress	2024-12-19T00:32:03.3793120Z 
Admin UI E2E (1, firefox)	Run Cypress	2024-12-19T00:32:03.3793134Z 
Admin UI E2E (1, firefox)	Run Cypress	2024-12-19T00:32:03.3793506Z [33m  ([4m[1mScreenshots[22m[24m)[39m
Admin UI E2E (1, firefox)	Run Cypress	2024-12-19T00:32:03.3793815Z 
Admin UI E2E (1, firefox)	Run Cypress	2024-12-19T00:32:03.3795079Z [90m [39m -  [0m/home/runner/work/keycloak/keycloak/js/apps/admin-ui/cypress/screenshots/realm_r[0m     [90m[90m(1280x720)[90m[39m
Admin UI E2E (1, firefox)	Run Cypress	2024-12-19T00:32:03.3797254Z [90m [39m    [0moles_test.spec.ts/Realm roles test -- Add associated roles test (failed).png[0m                   
Admin UI E2E (1, firefox)	Run Cypress	2024-12-19T00:32:03.3799807Z [90m [39m -  [0m/home/runner/work/keycloak/keycloak/js/apps/admin-ui/cypress/screenshots/realm_r[0m     [90m[90m(1280x720)[90m[39m
Admin UI E2E (1, firefox)	Run Cypress	2024-12-19T00:32:03.3801813Z [90m [39m    [0moles_test.spec.ts/Realm roles test -- Add associated roles test (failed) (attemp[0m               
Admin UI E2E (1, firefox)	Run Cypress	2024-12-19T00:32:03.3803083Z [90m [39m    [0mt 2).png[0m                                                                                       
Admin UI E2E (1, firefox)	Run Cypress	2024-12-19T00:32:03.3804635Z [90m [39m -  [0m/home/runner/work/keycloak/keycloak/js/apps/admin-ui/cypress/screenshots/realm_r[0m     [90m[90m(1280x720)[90m[39m
Admin UI E2E (1, firefox)	Run Cypress	2024-12-19T00:32:03.3806391Z [90m [39m    [0moles_test.spec.ts/Realm roles test -- Add associated roles test (failed) (attemp[0m               
Admin UI E2E (1, firefox)	Run Cypress	2024-12-19T00:32:03.3807811Z [90m [39m    [0mt 3).png[0m                                                                                       
Admin UI E2E (1, firefox)	Run Cypress	2024-12-19T00:32:03.3809036Z [90m [39m -  [0m/home/runner/work/keycloak/keycloak/js/apps/admin-ui/cypress/screenshots/realm_r[0m     [90m[90m(1280x720)[90m[39m
Admin UI E2E (1, firefox)	Run Cypress	2024-12-19T00:32:03.3810003Z [90m [39m    [0moles_test.spec.ts/Realm roles test -- Add associated roles test (failed) (attemp[0m               
Admin UI E2E (1, firefox)	Run Cypress	2024-12-19T00:32:03.3811203Z [90m [39m    [0mt 4).png[0m                                                                                       
Admin UI E2E (1, firefox)	Run Cypress	2024-12-19T00:32:03.3811455Z 
Admin UI E2E (1, firefox)	Run Cypress	2024-12-19T00:32:03.4261056Z 
Admin UI E2E (1, firefox)	Run Cypress	2024-12-19T00:32:03.4275084Z [90m─[39m[90m─[39m[90m─[39m[90m─[39m[90m─[39m[90m─[39m[90m─[39m[90m─[39m[90m─[39m[90m─[39m[90m─[39m[90m─[39m[90m─[39m[90m─[39m[90m─[39m[90m─[39m[90m─[39m[90m─[39m[90m─[39m[90m─[39m[90m─[39m[90m─[39m[90m─[39m[90m─[39m[90m─[39m[90m─[39m[90m─[39m[90m─[39m[90m─[39m[90m─[39m[90m─[39m[90m─[39m[90m─[39m[90m─[39m[90m─[39m[90m─[39m[90m─[39m[90m─[39m[90m─[39m[90m─[39m[90m─[39m[90m─[39m[90m─[39m[90m─[39m[90m─[39m[90m─[39m[90m─[39m[90m─[39m[90m─[39m[90m─[39m[90m─[39m[90m─[39m[90m─[39m[90m─[39m[90m─[39m[90m─[39m[90m─[39m[90m─[39m[90m─[39m[90m─[39m[90m─[39m[90m─[39m[90m─[39m[90m─[39m[90m─[39m[90m─[39m[90m─[39m[90m─[39m[90m─[39m[90m─[39m[90m─[39m[90m─[39m[90m─[39m[90m─[39m[90m─[39m[90m─[39m[90m─[39m[90m─[39m[90m─[39m[90m─[39m[90m─[39m[90m─[39m[90m─[39m[90m─[39m[90m─[39m[90m─[39m[90m─[39m[90m─[39m[90m─[39m[90m─[39m[90m─[39m[90m─[39m[90m─[39m[90m─[39m[90m─[39m[90m─[39m[90m─[39m[90m─[39m[90m─[39m[90m─[39m
Admin UI E2E (1, firefox)	Run Cypress	2024-12-19T00:32:03.4279737Z                                                                                                     
Admin UI E2E (1, firefox)	Run Cypress	2024-12-19T00:32:03.4280792Z   Running:  [90mmasthead_test.spec.ts[39m                                                           [90m(4 of 4)[39m
Admin UI E2E (1, firefox)	Run Cypress	2024-12-19T00:32:03.4281809Z 
Admin UI E2E (1, firefox)	Run Cypress	2024-12-19T00:32:03.4282499Z [35mYour project has set the configuration option: `chromeWebSecurity` to `false`.[39m
Admin UI E2E (1, firefox)	Run Cypress	2024-12-19T00:32:03.4284777Z [35m[39m
Admin UI E2E (1, firefox)	Run Cypress	2024-12-19T00:32:03.4285935Z [35mThis option will not have an effect in Firefox. Tests that rely on web security being disabled will not run as expected.[39m
Admin UI E2E (1, firefox)	Run Cypress	2024-12-19T00:32:06.7896131Z 
Admin UI E2E (1, firefox)	Run Cypress	2024-12-19T00:32:06.7931765Z [0m[0m
Admin UI E2E (1, firefox)	Run Cypress	2024-12-19T00:32:06.7986193Z [0m  Masthead tests[0m
Admin UI E2E (1, firefox)	Run Cypress	2024-12-19T00:32:06.7986742Z [0m    Desktop view[0m
Admin UI E2E (1, firefox)	Run Cypress	2024-12-19T00:32:10.3991648Z     [32m  ✓[0m[90m Go to account console and back to admin console[0m[90m (3597ms)[0m
Admin UI E2E (1, firefox)	Run Cypress	2024-12-19T00:32:12.1910666Z     [32m  ✓[0m[90m Sign out reachs to log in screen[0m[90m (1755ms)[0m
Admin UI E2E (1, firefox)	Run Cypress	2024-12-19T00:32:15.7940551Z     [32m  ✓[0m[90m Go to realm info[0m[90m (3572ms)[0m
Admin UI E2E (1, firefox)	Run Cypress	2024-12-19T00:32:17.0731473Z     [32m  ✓[0m[90m Should go to documentation page[0m[90m (1247ms)[0m
Admin UI E2E (1, firefox)	Run Cypress	2024-12-19T00:32:18.8920452Z     [32m  ✓[0m[90m Enable/disable help mode in desktop mode[0m[90m (1787ms)[0m
Admin UI E2E (1, firefox)	Run Cypress	2024-12-19T00:32:18.9183206Z [0m    Login works for unprivileged users[0m
Admin UI E2E (1, firefox)	Run Cypress	2024-12-19T00:32:24.7281373Z     [32m  ✓[0m[90m Login without privileges to see admin console[0m[90m (5123ms)[0m
Admin UI E2E (1, firefox)	Run Cypress	2024-12-19T00:32:24.7388273Z [0m    Mobile view[0m
Admin UI E2E (1, firefox)	Run Cypress	2024-12-19T00:32:28.2910004Z     [32m  ✓[0m[90m Mobile menu is shown when in mobile view[0m[90m (3532ms)[0m
Admin UI E2E (1, firefox)	Run Cypress	2024-12-19T00:32:30.1632135Z     [32m  ✓[0m[90m Enable/disable help mode in mobile view[0m[90m (1821ms)[0m
Admin UI E2E (1, firefox)	Run Cypress	2024-12-19T00:32:30.1793015Z [0m    Accessibility tests for masthead[0m
Admin UI E2E (1, firefox)	Run Cypress	2024-12-19T00:32:33.2124154Z     [32m  ✓[0m[90m Check a11y violations on load/ masthead[0m[90m (3004ms)[0m
Admin UI E2E (1, firefox)	Run Cypress	2024-12-19T00:32:33.2202607Z 
Admin UI E2E (1, firefox)	Run Cypress	2024-12-19T00:32:33.2436559Z 
Admin UI E2E (1, firefox)	Run Cypress	2024-12-19T00:32:33.2437974Z [92m [0m[32m 9 passing[0m[90m (26s)[0m
Admin UI E2E (1, firefox)	Run Cypress	2024-12-19T00:32:33.2438274Z 
Admin UI E2E (1, firefox)	Run Cypress	2024-12-19T00:32:33.2463238Z 
Admin UI E2E (1, firefox)	Run Cypress	2024-12-19T00:32:33.2464893Z [32m  ([4m[1mResults[22m[24m)[39m
Admin UI E2E (1, firefox)	Run Cypress	2024-12-19T00:32:33.2489394Z 
Admin UI E2E (1, firefox)	Run Cypress	2024-12-19T00:32:33.2503931Z [90m  ┌[39m[90m─[39m[90m─[39m[90m─[39m[90m─[39m[90m─[39m[90m─[39m[90m─[39m[90m─[39m[90m─[39m[90m─[39m[90m─[39m[90m─[39m[90m─[39m[90m─[39m[90m─[39m[90m─[39m[90m─[39m[90m─[39m[90m─[39m[90m─[39m[90m─[39m[90m─[39m[90m─[39m[90m─[39m[90m─[39m[90m─[39m[90m─[39m[90m─[39m[90m─[39m[90m─[39m[90m─[39m[90m─[39m[90m─[39m[90m─[39m[90m─[39m[90m─[39m[90m─[39m[90m─[39m[90m─[39m[90m─[39m[90m─[39m[90m─[39m[90m─[39m[90m─[39m[90m─[39m[90m─[39m[90m─[39m[90m─[39m[90m─[39m[90m─[39m[90m─[39m[90m─[39m[90m─[39m[90m─[39m[90m─[39m[90m─[39m[90m─[39m[90m─[39m[90m─[39m[90m─[39m[90m─[39m[90m─[39m[90m─[39m[90m─[39m[90m─[39m[90m─[39m[90m─[39m[90m─[39m[90m─[39m[90m─[39m[90m─[39m[90m─[39m[90m─[39m[90m─[39m[90m─[39m[90m─[39m[90m─[39m[90m─[39m[90m─[39m[90m─[39m[90m─[39m[90m─[39m[90m─[39m[90m─[39m[90m─[39m[90m─[39m[90m─[39m[90m─[39m[90m─[39m[90m─[39m[90m─[39m[90m─[39m[90m─[39m[90m─[39m[90m─[39m[90m─[39m[90m┐[39m
Admin UI E2E (1, firefox)	Run Cypress	2024-12-19T00:32:33.2507113Z [90m  │[39m [90mTests:[39m        [32m9[39m                                                                                [90m│[39m
Admin UI E2E (1, firefox)	Run Cypress	2024-12-19T00:32:33.2508077Z [90m  │[39m [90mPassing:[39m      [32m9[39m                                                                                [90m│[39m
Admin UI E2E (1, firefox)	Run Cypress	2024-12-19T00:32:33.2508819Z [90m  │[39m [90mFailing:[39m      [32m0[39m                                                                                [90m│[39m
Admin UI E2E (1, firefox)	Run Cypress	2024-12-19T00:32:33.2509540Z [90m  │[39m [90mPending:[39m      [32m0[39m                                                                                [90m│[39m
Admin UI E2E (1, firefox)	Run Cypress	2024-12-19T00:32:33.2510224Z [90m  │[39m [90mSkipped:[39m      [32m0[39m                                                                                [90m│[39m
Admin UI E2E (1, firefox)	Run Cypress	2024-12-19T00:32:33.2510920Z [90m  │[39m [90mScreenshots:[39m  [32m0[39m                                                                                [90m│[39m
Admin UI E2E (1, firefox)	Run Cypress	2024-12-19T00:32:33.2511999Z [90m  │[39m [90mVideo:[39m        [32mfalse[39m                                                                            [90m│[39m
Admin UI E2E (1, firefox)	Run Cypress	2024-12-19T00:32:33.2513010Z [90m  │[39m [90mDuration:[39m     [32m26 seconds[39m                                                                       [90m│[39m
Admin UI E2E (1, firefox)	Run Cypress	2024-12-19T00:32:33.2513880Z [90m  │[39m [90mSpec Ran:[39m     [32m[32mmasthead_test.spec.ts[32m[39m                                                            [90m│[39m
Admin UI E2E (1, firefox)	Run Cypress	2024-12-19T00:32:33.2518603Z [90m  └[39m[90m─[39m[90m─[39m[90m─[39m[90m─[39m[90m─[39m[90m─[39m[90m─[39m[90m─[39m[90m─[39m[90m─[39m[90m─[39m[90m─[39m[90m─[39m[90m─[39m[90m─[39m[90m─[39m[90m─[39m[90m─[39m[90m─[39m[90m─[39m[90m─[39m[90m─[39m[90m─[39m[90m─[39m[90m─[39m[90m─[39m[90m─[39m[90m─[39m[90m─[39m[90m─[39m[90m─[39m[90m─[39m[90m─[39m[90m─[39m[90m─[39m[90m─[39m[90m─[39m[90m─[39m[90m─[39m[90m─[39m[90m─[39m[90m─[39m[90m─[39m[90m─[39m[90m─[39m[90m─[39m[90m─[39m[90m─[39m[90m─[39m[90m─[39m[90m─[39m[90m─[39m[90m─[39m[90m─[39m[90m─[39m[90m─[39m[90m─[39m[90m─[39m[90m─[39m[90m─[39m[90m─[39m[90m─[39m[90m─[39m[90m─[39m[90m─[39m[90m─[39m[90m─[39m[90m─[39m[90m─[39m[90m─[39m[90m─[39m[90m─[39m[90m─[39m[90m─[39m[90m─[39m[90m─[39m[90m─[39m[90m─[39m[90m─[39m[90m─[39m[90m─[39m[90m─[39m[90m─[39m[90m─[39m[90m─[39m[90m─[39m[90m─[39m[90m─[39m[90m─[39m[90m─[39m[90m─[39m[90m─[39m[90m─[39m[90m─[39m[90m─[39m[90m─[39m[90m┘[39m
Admin UI E2E (1, firefox)	Run Cypress	2024-12-19T00:32:33.2521070Z 
Admin UI E2E (1, firefox)	Run Cypress	2024-12-19T00:32:33.2957806Z 
Admin UI E2E (1, firefox)	Run Cypress	2024-12-19T00:32:33.3552185Z [90m====================================================================================================[39m
Admin UI E2E (1, firefox)	Run Cypress	2024-12-19T00:32:33.3552512Z 
Admin UI E2E (1, firefox)	Run Cypress	2024-12-19T00:32:33.3574181Z [0m  ([4m[1mRun Finished[22m[24m)[0m
Admin UI E2E (1, firefox)	Run Cypress	2024-12-19T00:32:33.3574558Z 
Admin UI E2E (1, firefox)	Run Cypress	2024-12-19T00:32:33.3574579Z 
Admin UI E2E (1, firefox)	Run Cypress	2024-12-19T00:32:33.3593834Z [90m   [39m    [90mSpec[39m                                              [90mTests[39m  [90mPassing[39m  [90mFailing[39m  [90mPending[39m  [90mSkipped[39m [90m [39m
Admin UI E2E (1, firefox)	Run Cypress	2024-12-19T00:32:33.3605358Z [90m  ┌[39m[90m─[39m[90m─[39m[90m─[39m[90m─[39m[90m─[39m[90m─[39m[90m─[39m[90m─[39m[90m─[39m[90m─[39m[90m─[39m[90m─[39m[90m─[39m[90m─[39m[90m─[39m[90m─[39m[90m─[39m[90m─[39m[90m─[39m[90m─[39m[90m─[39m[90m─[39m[90m─[39m[90m─[39m[90m─[39m[90m─[39m[90m─[39m[90m─[39m[90m─[39m[90m─[39m[90m─[39m[90m─[39m[90m─[39m[90m─[39m[90m─[39m[90m─[39m[90m─[39m[90m─[39m[90m─[39m[90m─[39m[90m─[39m[90m─[39m[90m─[39m[90m─[39m[90m─[39m[90m─[39m[90m─[39m[90m─[39m[90m─[39m[90m─[39m[90m─[39m[90m─[39m[90m─[39m[90m─[39m[90m─[39m[90m─[39m[90m─[39m[90m─[39m[90m─[39m[90m─[39m[90m─[39m[90m─[39m[90m─[39m[90m─[39m[90m─[39m[90m─[39m[90m─[39m[90m─[39m[90m─[39m[90m─[39m[90m─[39m[90m─[39m[90m─[39m[90m─[39m[90m─[39m[90m─[39m[90m─[39m[90m─[39m[90m─[39m[90m─[39m[90m─[39m[90m─[39m[90m─[39m[90m─[39m[90m─[39m[90m─[39m[90m─[39m[90m─[39m[90m─[39m[90m─[39m[90m─[39m[90m─[39m[90m─[39m[90m─[39m[90m─[39m[90m─[39m[90m┐[39m
Admin UI E2E (1, firefox)	Run Cypress	2024-12-19T00:32:33.3615598Z [90m  │[39m [32m✔[39m  [0mgroup_test.spec.ts[0m                       [90m02:21[39m       [0m46[0m       [32m46[39m        [90m-[39m        [90m-[39m        [90m-[39m [90m│[39m
Admin UI E2E (1, firefox)	Run Cypress	2024-12-19T00:32:33.3623264Z [90m  ├[39m[90m─[39m[90m─[39m[90m─[39m[90m─[39m[90m─[39m[90m─[39m[90m─[39m[90m─[39m[90m─[39m[90m─[39m[90m─[39m[90m─[39m[90m─[39m[90m─[39m[90m─[39m[90m─[39m[90m─[39m[90m─[39m[90m─[39m[90m─[39m[90m─[39m[90m─[39m[90m─[39m[90m─[39m[90m─[39m[90m─[39m[90m─[39m[90m─[39m[90m─[39m[90m─[39m[90m─[39m[90m─[39m[90m─[39m[90m─[39m[90m─[39m[90m─[39m[90m─[39m[90m─[39m[90m─[39m[90m─[39m[90m─[39m[90m─[39m[90m─[39m[90m─[39m[90m─[39m[90m─[39m[90m─[39m[90m─[39m[90m─[39m[90m─[39m[90m─[39m[90m─[39m[90m─[39m[90m─[39m[90m─[39m[90m─[39m[90m─[39m[90m─[39m[90m─[39m[90m─[39m[90m─[39m[90m─[39m[90m─[39m[90m─[39m[90m─[39m[90m─[39m[90m─[39m[90m─[39m[90m─[39m[90m─[39m[90m─[39m[90m─[39m[90m─[39m[90m─[39m[90m─[39m[90m─[39m[90m─[39m[90m─[39m[90m─[39m[90m─[39m[90m─[39m[90m─[39m[90m─[39m[90m─[39m[90m─[39m[90m─[39m[90m─[39m[90m─[39m[90m─[39m[90m─[39m[90m─[39m[90m─[39m[90m─[39m[90m─[39m[90m─[39m[90m─[39m[90m┤[39m
Admin UI E2E (1, firefox)	Run Cypress	2024-12-19T00:32:33.3628972Z [90m  │[39m [32m✔[39m  [0mrealm_settings_client_policies_test[0m      [90m00:55[39m       [0m18[0m       [32m18[39m        [90m-[39m        [90m-[39m        [90m-[39m [90m│[39m
Admin UI E2E (1, firefox)	Run Cypress	2024-12-19T00:32:33.3630495Z [90m  │[39m    [0m.spec.ts[0m                                                                                    [90m│[39m
Admin UI E2E (1, firefox)	Run Cypress	2024-12-19T00:32:33.3637755Z [90m  ├[39m[90m─[39m[90m─[39m[90m─[39m[90m─[39m[90m─[39m[90m─[39m[90m─[39m[90m─[39m[90m─[39m[90m─[39m[90m─[39m[90m─[39m[90m─[39m[90m─[39m[90m─[39m[90m─[39m[90m─[39m[90m─[39m[90m─[39m[90m─[39m[90m─[39m[90m─[39m[90m─[39m[90m─[39m[90m─[39m[90m─[39m[90m─[39m[90m─[39m[90m─[39m[90m─[39m[90m─[39m[90m─[39m[90m─[39m[90m─[39m[90m─[39m[90m─[39m[90m─[39m[90m─[39m[90m─[39m[90m─[39m[90m─[39m[90m─[39m[90m─[39m[90m─[39m[90m─[39m[90m─[39m[90m─[39m[90m─[39m[90m─[39m[90m─[39m[90m─[39m[90m─[39m[90m─[39m[90m─[39m[90m─[39m[90m─[39m[90m─[39m[90m─[39m[90m─[39m[90m─[39m[90m─[39m[90m─[39m[90m─[39m[90m─[39m[90m─[39m[90m─[39m[90m─[39m[90m─[39m[90m─[39m[90m─[39m[90m─[39m[90m─[39m[90m─[39m[90m─[39m[90m─[39m[90m─[39m[90m─[39m[90m─[39m[90m─[39m[90m─[39m[90m─[39m[90m─[39m[90m─[39m[90m─[39m[90m─[39m[90m─[39m[90m─[39m[90m─[39m[90m─[39m[90m─[39m[90m─[39m[90m─[39m[90m─[39m[90m─[39m[90m─[39m[90m─[39m[90m┤[39m
Admin UI E2E (1, firefox)	Run Cypress	2024-12-19T00:32:33.3642860Z [90m  │[39m [31m✖[39m  [0mrealm_roles_test.spec.ts[0m                 [90m03:42[39m       [0m22[0m       [32m21[39m        [31m1[39m        [90m-[39m        [90m-[39m [90m│[39m
Admin UI E2E (1, firefox)	Run Cypress	2024-12-19T00:32:33.3650421Z [90m  ├[39m[90m─[39m[90m─[39m[90m─[39m[90m─[39m[90m─[39m[90m─[39m[90m─[39m[90m─[39m[90m─[39m[90m─[39m[90m─[39m[90m─[39m[90m─[39m[90m─[39m[90m─[39m[90m─[39m[90m─[39m[90m─[39m[90m─[39m[90m─[39m[90m─[39m[90m─[39m[90m─[39m[90m─[39m[90m─[39m[90m─[39m[90m─[39m[90m─[39m[90m─[39m[90m─[39m[90m─[39m[90m─[39m[90m─[39m[90m─[39m[90m─[39m[90m─[39m[90m─[39m[90m─[39m[90m─[39m[90m─[39m[90m─[39m[90m─[39m[90m─[39m[90m─[39m[90m─[39m[90m─[39m[90m─[39m[90m─[39m[90m─[39m[90m─[39m[90m─[39m[90m─[39m[90m─[39m[90m─[39m[90m─[39m[90m─[39m[90m─[39m[90m─[39m[90m─[39m[90m─[39m[90m─[39m[90m─[39m[90m─[39m[90m─[39m[90m─[39m[90m─[39m[90m─[39m[90m─[39m[90m─[39m[90m─[39m[90m─[39m[90m─[39m[90m─[39m[90m─[39m[90m─[39m[90m─[39m[90m─[39m[90m─[39m[90m─[39m[90m─[39m[90m─[39m[90m─[39m[90m─[39m[90m─[39m[90m─[39m[90m─[39m[90m─[39m[90m─[39m[90m─[39m[90m─[39m[90m─[39m[90m─[39m[90m─[39m[90m─[39m[90m─[39m[90m─[39m[90m┤[39m
Admin UI E2E (1, firefox)	Run Cypress	2024-12-19T00:32:33.3655676Z [90m  │[39m [32m✔[39m  [0mmasthead_test.spec.ts[0m                    [90m00:26[39m        [0m9[0m        [32m9[39m        [90m-[39m        [90m-[39m        [90m-[39m [90m│[39m
Admin UI E2E (1, firefox)	Run Cypress	2024-12-19T00:32:33.3663175Z [90m  └[39m[90m─[39m[90m─[39m[90m─[39m[90m─[39m[90m─[39m[90m─[39m[90m─[39m[90m─[39m[90m─[39m[90m─[39m[90m─[39m[90m─[39m[90m─[39m[90m─[39m[90m─[39m[90m─[39m[90m─[39m[90m─[39m[90m─[39m[90m─[39m[90m─[39m[90m─[39m[90m─[39m[90m─[39m[90m─[39m[90m─[39m[90m─[39m[90m─[39m[90m─[39m[90m─[39m[90m─[39m[90m─[39m[90m─[39m[90m─[39m[90m─[39m[90m─[39m[90m─[39m[90m─[39m[90m─[39m[90m─[39m[90m─[39m[90m─[39m[90m─[39m[90m─[39m[90m─[39m[90m─[39m[90m─[39m[90m─[39m[90m─[39m[90m─[39m[90m─[39m[90m─[39m[90m─[39m[90m─[39m[90m─[39m[90m─[39m[90m─[39m[90m─[39m[90m─[39m[90m─[39m[90m─[39m[90m─[39m[90m─[39m[90m─[39m[90m─[39m[90m─[39m[90m─[39m[90m─[39m[90m─[39m[90m─[39m[90m─[39m[90m─[39m[90m─[39m[90m─[39m[90m─[39m[90m─[39m[90m─[39m[90m─[39m[90m─[39m[90m─[39m[90m─[39m[90m─[39m[90m─[39m[90m─[39m[90m─[39m[90m─[39m[90m─[39m[90m─[39m[90m─[39m[90m─[39m[90m─[39m[90m─[39m[90m─[39m[90m─[39m[90m─[39m[90m─[39m[90m┘[39m
Admin UI E2E (1, firefox)	Run Cypress	2024-12-19T00:32:33.3669906Z [90m   [39m [31m✖[39m  [31m1 of 4 failed (25%)[39m                      [90m07:26[39m       [0m95[0m       [32m94[39m        [31m1[39m        [90m-[39m        [90m-[39m [90m [39m
Admin UI E2E (1, firefox)	Run Cypress	2024-12-19T00:32:33.3670617Z 
Admin UI E2E (1, firefox)	Run Cypress	2024-12-19T00:32:33.4757261Z ##[error]Cypress tests: 1 failed
Status Check - Keycloak JavaScript CI	Run /./.github/actions/status-check	2024-12-19T00:32:45.9847927Z Prepare all required actions
Status Check - Keycloak JavaScript CI	Run /./.github/actions/status-check	2024-12-19T00:32:45.9910098Z ##[group]Run ./.github/actions/status-check
Status Check - Keycloak JavaScript CI	Run /./.github/actions/status-check	2024-12-19T00:32:45.9910437Z with:
Status Check - Keycloak JavaScript CI	Run /./.github/actions/status-check	2024-12-19T00:32:45.9911576Z   jobs: {
Status Check - Keycloak JavaScript CI	Run /./.github/actions/status-check	  "conditional": {
Status Check - Keycloak JavaScript CI	Run /./.github/actions/status-check	    "result": "success",
Status Check - Keycloak JavaScript CI	Run /./.github/actions/status-check	    "outputs": {
Status Check - Keycloak JavaScript CI	Run /./.github/actions/status-check	      "js-ci": "true"
Status Check - Keycloak JavaScript CI	Run /./.github/actions/status-check	    }
Status Check - Keycloak JavaScript CI	Run /./.github/actions/status-check	  },
Status Check - Keycloak JavaScript CI	Run /./.github/actions/status-check	  "build-keycloak": {
Status Check - Keycloak JavaScript CI	Run /./.github/actions/status-check	    "result": "success",
Status Check - Keycloak JavaScript CI	Run /./.github/actions/status-check	    "outputs": {}
Status Check - Keycloak JavaScript CI	Run /./.github/actions/status-check	  },
Status Check - Keycloak JavaScript CI	Run /./.github/actions/status-check	  "admin-client": {
Status Check - Keycloak JavaScript CI	Run /./.github/actions/status-check	    "result": "success",
Status Check - Keycloak JavaScript CI	Run /./.github/actions/status-check	    "outputs": {}
Status Check - Keycloak JavaScript CI	Run /./.github/actions/status-check	  },
Status Check - Keycloak JavaScript CI	Run /./.github/actions/status-check	  "ui-shared": {
Status Check - Keycloak JavaScript CI	Run /./.github/actions/status-check	    "result": "success",
Status Check - Keycloak JavaScript CI	Run /./.github/actions/status-check	    "outputs": {}
Status Check - Keycloak JavaScript CI	Run /./.github/actions/status-check	  },
Status Check - Keycloak JavaScript CI	Run /./.github/actions/status-check	  "account-ui": {
Status Check - Keycloak JavaScript CI	Run /./.github/actions/status-check	    "result": "success",
Status Check - Keycloak JavaScript CI	Run /./.github/actions/status-check	    "outputs": {}
Status Check - Keycloak JavaScript CI	Run /./.github/actions/status-check	  },
Status Check - Keycloak JavaScript CI	Run /./.github/actions/status-check	  "account-ui-e2e": {
Status Check - Keycloak JavaScript CI	Run /./.github/actions/status-check	    "result": "success",
Status Check - Keycloak JavaScript CI	Run /./.github/actions/status-check	    "outputs": {}
Status Check - Keycloak JavaScript CI	Run /./.github/actions/status-check	  },
Status Check - Keycloak JavaScript CI	Run /./.github/actions/status-check	  "admin-ui": {
Status Check - Keycloak JavaScript CI	Run /./.github/actions/status-check	    "result": "success",
Status Check - Keycloak JavaScript CI	Run /./.github/actions/status-check	    "outputs": {}
Status Check - Keycloak JavaScript CI	Run /./.github/actions/status-check	  },
Status Check - Keycloak JavaScript CI	Run /./.github/actions/status-check	  "admin-ui-e2e": {
Status Check - Keycloak JavaScript CI	Run /./.github/actions/status-check	    "result": "failure",
Status Check - Keycloak JavaScript CI	Run /./.github/actions/status-check	    "outputs": {}
Status Check - Keycloak JavaScript CI	Run /./.github/actions/status-check	  }
Status Check - Keycloak JavaScript CI	Run /./.github/actions/status-check	}
Status Check - Keycloak JavaScript CI	Run /./.github/actions/status-check	2024-12-19T00:32:45.9913053Z env:
Status Check - Keycloak JavaScript CI	Run /./.github/actions/status-check	2024-12-19T00:32:45.9913362Z   MAVEN_ARGS: -B -nsu -Daether.connector.http.connectionMaxTtl=25
Status Check - Keycloak JavaScript CI	Run /./.github/actions/status-check	2024-12-19T00:32:45.9913714Z   RETRY_COUNT: 3
Status Check - Keycloak JavaScript CI	Run /./.github/actions/status-check	2024-12-19T00:32:45.9913927Z ##[endgroup]
Status Check - Keycloak JavaScript CI	Run /./.github/actions/status-check	2024-12-19T00:32:46.0008265Z ##[group]Run JOBS='{
Status Check - Keycloak JavaScript CI	Run /./.github/actions/status-check	2024-12-19T00:32:46.0008671Z [36;1mJOBS='{[0m
Status Check - Keycloak JavaScript CI	Run /./.github/actions/status-check	2024-12-19T00:32:46.0008903Z [36;1m  "conditional": {[0m
Status Check - Keycloak JavaScript CI	Run /./.github/actions/status-check	2024-12-19T00:32:46.0009162Z [36;1m    "result": "success",[0m
Status Check - Keycloak JavaScript CI	Run /./.github/actions/status-check	2024-12-19T00:32:46.0009433Z [36;1m    "outputs": {[0m
Status Check - Keycloak JavaScript CI	Run /./.github/actions/status-check	2024-12-19T00:32:46.0009686Z [36;1m      "js-ci": "true"[0m
Status Check - Keycloak JavaScript CI	Run /./.github/actions/status-check	2024-12-19T00:32:46.0009934Z [36;1m    }[0m
Status Check - Keycloak JavaScript CI	Run /./.github/actions/status-check	2024-12-19T00:32:46.0010271Z [36;1m  },[0m
Status Check - Keycloak JavaScript CI	Run /./.github/actions/status-check	2024-12-19T00:32:46.0010516Z [36;1m  "build-keycloak": {[0m
Status Check - Keycloak JavaScript CI	Run /./.github/actions/status-check	2024-12-19T00:32:46.0010774Z [36;1m    "result": "success",[0m
Status Check - Keycloak JavaScript CI	Run /./.github/actions/status-check	2024-12-19T00:32:46.0011037Z [36;1m    "outputs": {}[0m
Status Check - Keycloak JavaScript CI	Run /./.github/actions/status-check	2024-12-19T00:32:46.0011270Z [36;1m  },[0m
Status Check - Keycloak JavaScript CI	Run /./.github/actions/status-check	2024-12-19T00:32:46.0011485Z [36;1m  "admin-client": {[0m
Status Check - Keycloak JavaScript CI	Run /./.github/actions/status-check	2024-12-19T00:32:46.0011744Z [36;1m    "result": "success",[0m
Status Check - Keycloak JavaScript CI	Run /./.github/actions/status-check	2024-12-19T00:32:46.0012021Z [36;1m    "outputs": {}[0m
Status Check - Keycloak JavaScript CI	Run /./.github/actions/status-check	2024-12-19T00:32:46.0012255Z [36;1m  },[0m
Status Check - Keycloak JavaScript CI	Run /./.github/actions/status-check	2024-12-19T00:32:46.0012470Z [36;1m  "ui-shared": {[0m
Status Check - Keycloak JavaScript CI	Run /./.github/actions/status-check	2024-12-19T00:32:46.0012708Z [36;1m    "result": "success",[0m
Status Check - Keycloak JavaScript CI	Run /./.github/actions/status-check	2024-12-19T00:32:46.0012973Z [36;1m    "outputs": {}[0m
Status Check - Keycloak JavaScript CI	Run /./.github/actions/status-check	2024-12-19T00:32:46.0013215Z [36;1m  },[0m
Status Check - Keycloak JavaScript CI	Run /./.github/actions/status-check	2024-12-19T00:32:46.0013420Z [36;1m  "account-ui": {[0m
Status Check - Keycloak JavaScript CI	Run /./.github/actions/status-check	2024-12-19T00:32:46.0013664Z [36;1m    "result": "success",[0m
Status Check - Keycloak JavaScript CI	Run /./.github/actions/status-check	2024-12-19T00:32:46.0013919Z [36;1m    "outputs": {}[0m
Status Check - Keycloak JavaScript CI	Run /./.github/actions/status-check	2024-12-19T00:32:46.0014138Z [36;1m  },[0m
Status Check - Keycloak JavaScript CI	Run /./.github/actions/status-check	2024-12-19T00:32:46.0014349Z [36;1m  "account-ui-e2e": {[0m
Status Check - Keycloak JavaScript CI	Run /./.github/actions/status-check	2024-12-19T00:32:46.0014606Z [36;1m    "result": "success",[0m
Status Check - Keycloak JavaScript CI	Run /./.github/actions/status-check	2024-12-19T00:32:46.0014851Z [36;1m    "outputs": {}[0m
Status Check - Keycloak JavaScript CI	Run /./.github/actions/status-check	2024-12-19T00:32:46.0015078Z [36;1m  },[0m
Status Check - Keycloak JavaScript CI	Run /./.github/actions/status-check	2024-12-19T00:32:46.0015282Z [36;1m  "admin-ui": {[0m
Status Check - Keycloak JavaScript CI	Run /./.github/actions/status-check	2024-12-19T00:32:46.0015515Z [36;1m    "result": "success",[0m
Status Check - Keycloak JavaScript CI	Run /./.github/actions/status-check	2024-12-19T00:32:46.0015976Z [36;1m    "outputs": {}[0m
Status Check - Keycloak JavaScript CI	Run /./.github/actions/status-check	2024-12-19T00:32:46.0016207Z [36;1m  },[0m
Status Check - Keycloak JavaScript CI	Run /./.github/actions/status-check	2024-12-19T00:32:46.0016417Z [36;1m  "admin-ui-e2e": {[0m
Status Check - Keycloak JavaScript CI	Run /./.github/actions/status-check	2024-12-19T00:32:46.0016660Z [36;1m    "result": "failure",[0m
Status Check - Keycloak JavaScript CI	Run /./.github/actions/status-check	2024-12-19T00:32:46.0016910Z [36;1m    "outputs": {}[0m
Status Check - Keycloak JavaScript CI	Run /./.github/actions/status-check	2024-12-19T00:32:46.0017132Z [36;1m  }[0m
Status Check - Keycloak JavaScript CI	Run /./.github/actions/status-check	2024-12-19T00:32:46.0017328Z [36;1m}'[0m
Status Check - Keycloak JavaScript CI	Run /./.github/actions/status-check	2024-12-19T00:32:46.0017527Z [36;1m[0m
Status Check - Keycloak JavaScript CI	Run /./.github/actions/status-check	2024-12-19T00:32:46.0017733Z [36;1mecho "Job status:"[0m
Status Check - Keycloak JavaScript CI	Run /./.github/actions/status-check	2024-12-19T00:32:46.0018096Z [36;1mecho $JOBS | jq -r 'to_entries[] | " - \(.key): \(.value.result)"'[0m
Status Check - Keycloak JavaScript CI	Run /./.github/actions/status-check	2024-12-19T00:32:46.0018447Z [36;1m[0m
Status Check - Keycloak JavaScript CI	Run /./.github/actions/status-check	2024-12-19T00:32:46.0018721Z [36;1mfor i in $(echo $JOBS | jq -r 'to_entries[] | .value.result'); do[0m
Status Check - Keycloak JavaScript CI	Run /./.github/actions/status-check	2024-12-19T00:32:46.0019120Z [36;1m  if [ "$i" != "success" ] && [ "$i" != "skipped" ]; then[0m
Status Check - Keycloak JavaScript CI	Run /./.github/actions/status-check	2024-12-19T00:32:46.0019421Z [36;1m    echo ""[0m
Status Check - Keycloak JavaScript CI	Run /./.github/actions/status-check	2024-12-19T00:32:46.0019656Z [36;1m    echo "Status check not okay!"[0m
Status Check - Keycloak JavaScript CI	Run /./.github/actions/status-check	2024-12-19T00:32:46.0019927Z [36;1m    exit 1[0m
Status Check - Keycloak JavaScript CI	Run /./.github/actions/status-check	2024-12-19T00:32:46.0020141Z [36;1m  fi[0m
Status Check - Keycloak JavaScript CI	Run /./.github/actions/status-check	2024-12-19T00:32:46.0020332Z [36;1mdone[0m
Status Check - Keycloak JavaScript CI	Run /./.github/actions/status-check	2024-12-19T00:32:46.0051437Z shell: /usr/bin/bash --noprofile --norc -e -o pipefail {0}
Status Check - Keycloak JavaScript CI	Run /./.github/actions/status-check	2024-12-19T00:32:46.0051862Z env:
Status Check - Keycloak JavaScript CI	Run /./.github/actions/status-check	2024-12-19T00:32:46.0052168Z   MAVEN_ARGS: -B -nsu -Daether.connector.http.connectionMaxTtl=25
Status Check - Keycloak JavaScript CI	Run /./.github/actions/status-check	2024-12-19T00:32:46.0052518Z   RETRY_COUNT: 3
Status Check - Keycloak JavaScript CI	Run /./.github/actions/status-check	2024-12-19T00:32:46.0052788Z ##[endgroup]
Status Check - Keycloak JavaScript CI	Run /./.github/actions/status-check	2024-12-19T00:32:46.0117715Z Job status:
Status Check - Keycloak JavaScript CI	Run /./.github/actions/status-check	2024-12-19T00:32:46.0158994Z  - conditional: success
Status Check - Keycloak JavaScript CI	Run /./.github/actions/status-check	2024-12-19T00:32:46.0159473Z  - build-keycloak: success
Status Check - Keycloak JavaScript CI	Run /./.github/actions/status-check	2024-12-19T00:32:46.0159876Z  - admin-client: success
Status Check - Keycloak JavaScript CI	Run /./.github/actions/status-check	2024-12-19T00:32:46.0160131Z  - ui-shared: success
Status Check - Keycloak JavaScript CI	Run /./.github/actions/status-check	2024-12-19T00:32:46.0160504Z  - account-ui: success
Status Check - Keycloak JavaScript CI	Run /./.github/actions/status-check	2024-12-19T00:32:46.0160940Z  - account-ui-e2e: success
Status Check - Keycloak JavaScript CI	Run /./.github/actions/status-check	2024-12-19T00:32:46.0161368Z  - admin-ui: success
Status Check - Keycloak JavaScript CI	Run /./.github/actions/status-check	2024-12-19T00:32:46.0161777Z  - admin-ui-e2e: failure
Status Check - Keycloak JavaScript CI	Run /./.github/actions/status-check	2024-12-19T00:32:46.0193685Z 
Status Check - Keycloak JavaScript CI	Run /./.github/actions/status-check	2024-12-19T00:32:46.0194197Z Status check not okay!
Status Check - Keycloak JavaScript CI	Run /./.github/actions/status-check	2024-12-19T00:32:46.0206830Z ##[error]Process completed with exit code 1.
