Build	Build Keycloak	2023-02-06T05:03:46.8073684Z Prepare all required actions
Build	Build Keycloak	2023-02-06T05:03:46.8074163Z Getting action download info
Build	Build Keycloak	2023-02-06T05:03:47.5372201Z Download action repository 'actions/setup-java@v3' (SHA:1df8dbefe2a8cbc99770194893dd902763bee34b)
Build	Build Keycloak	2023-02-06T05:03:48.3623303Z Download action repository 'actions/upload-artifact@v3' (SHA:0b7f8abb1508181956e8e162db84b466c27e18ce)
Build	Build Keycloak	2023-02-06T05:03:49.2426588Z ##[group]Run ./.github/actions/build-keycloak
Build	Build Keycloak	2023-02-06T05:03:49.2426890Z with:
Build	Build Keycloak	2023-02-06T05:03:49.2427110Z   upload-m2-repo: true
Build	Build Keycloak	2023-02-06T05:03:49.2427357Z   upload-dist: false
Build	Build Keycloak	2023-02-06T05:03:49.2427590Z   jdk-dist: temurin
Build	Build Keycloak	2023-02-06T05:03:49.2427801Z   jdk-version: 11
Build	Build Keycloak	2023-02-06T05:03:49.2428013Z env:
Build	Build Keycloak	2023-02-06T05:03:49.2428227Z   DEFAULT_JDK_VERSION: 11
Build	Build Keycloak	2023-02-06T05:03:49.2428457Z   DEFAULT_JDK_DIST: temurin
Build	Build Keycloak	2023-02-06T05:03:49.2428714Z   SUREFIRE_RERUN_FAILING_COUNT: 2
Build	Build Keycloak	2023-02-06T05:03:49.2428957Z ##[endgroup]
Build	Build Keycloak	2023-02-06T05:03:49.2837580Z ##[group]Run actions/setup-java@v3
Build	Build Keycloak	2023-02-06T05:03:49.2837847Z with:
Build	Build Keycloak	2023-02-06T05:03:49.2838130Z   distribution: temurin
Build	Build Keycloak	2023-02-06T05:03:49.2838355Z   java-version: 11
Build	Build Keycloak	2023-02-06T05:03:49.2838595Z   java-package: jdk
Build	Build Keycloak	2023-02-06T05:03:49.2838835Z   check-latest: false
Build	Build Keycloak	2023-02-06T05:03:49.2839054Z   server-id: github
Build	Build Keycloak	2023-02-06T05:03:49.2839303Z   server-username: GITHUB_ACTOR
Build	Build Keycloak	2023-02-06T05:03:49.2839598Z   server-password: GITHUB_TOKEN
Build	Build Keycloak	2023-02-06T05:03:49.2839855Z   overwrite-settings: true
Build	Build Keycloak	2023-02-06T05:03:49.2840106Z   job-status: success
Build	Build Keycloak	2023-02-06T05:03:49.2840548Z   token: ***
Build	Build Keycloak	2023-02-06T05:03:49.2840747Z env:
Build	Build Keycloak	2023-02-06T05:03:49.2840963Z   DEFAULT_JDK_VERSION: 11
Build	Build Keycloak	2023-02-06T05:03:49.2841210Z   DEFAULT_JDK_DIST: temurin
Build	Build Keycloak	2023-02-06T05:03:49.2841453Z   SUREFIRE_RERUN_FAILING_COUNT: 2
Build	Build Keycloak	2023-02-06T05:03:49.2841702Z ##[endgroup]
Build	Build Keycloak	2023-02-06T05:03:49.5659082Z ##[group]Installed distributions
Build	Build Keycloak	2023-02-06T05:03:49.5750567Z Resolved Java 11.0.18+10 from tool-cache
Build	Build Keycloak	2023-02-06T05:03:49.5751359Z Setting Java 11.0.18+10 as the default
Build	Build Keycloak	2023-02-06T05:03:49.5784755Z Creating toolchains.xml for JDK version 11 from temurin
Build	Build Keycloak	2023-02-06T05:03:49.5936280Z Writing to /home/runner/.m2/toolchains.xml
Build	Build Keycloak	2023-02-06T05:03:49.5939905Z 
Build	Build Keycloak	2023-02-06T05:03:49.5941432Z Java configuration:
Build	Build Keycloak	2023-02-06T05:03:49.5943989Z   Distribution: temurin
Build	Build Keycloak	2023-02-06T05:03:49.5946841Z   Version: 11.0.18+10
Build	Build Keycloak	2023-02-06T05:03:49.5947648Z   Path: /opt/hostedtoolcache/Java_Temurin-Hotspot_jdk/11.0.18-10/x64
Build	Build Keycloak	2023-02-06T05:03:49.5949570Z 
Build	Build Keycloak	2023-02-06T05:03:49.5952653Z ##[endgroup]
Build	Build Keycloak	2023-02-06T05:03:49.5986323Z Creating settings.xml with server-id: github
Build	Build Keycloak	2023-02-06T05:03:49.6052828Z Writing to /home/runner/.m2/settings.xml
Build	Build Keycloak	2023-02-06T05:03:49.6245163Z Prepare all required actions
Build	Build Keycloak	2023-02-06T05:03:49.6245537Z Getting action download info
Build	Build Keycloak	2023-02-06T05:03:49.8478182Z Download action repository 'actions/cache@v3' (SHA:627f0f41f6904a5b1efbaed9f96d9eb58e92e920)
Build	Build Keycloak	2023-02-06T05:03:50.4522348Z ##[group]Run ./.github/actions/maven-cache
Build	Build Keycloak	2023-02-06T05:03:50.4522629Z env:
Build	Build Keycloak	2023-02-06T05:03:50.4522848Z   DEFAULT_JDK_VERSION: 11
Build	Build Keycloak	2023-02-06T05:03:50.4523086Z   DEFAULT_JDK_DIST: temurin
Build	Build Keycloak	2023-02-06T05:03:50.4523359Z   SUREFIRE_RERUN_FAILING_COUNT: 2
Build	Build Keycloak	2023-02-06T05:03:50.4526111Z   JAVA_HOME: /opt/hostedtoolcache/Java_Temurin-Hotspot_jdk/11.0.18-10/x64
Build	Build Keycloak	2023-02-06T05:03:50.4526541Z   JAVA_HOME_11_X64: /opt/hostedtoolcache/Java_Temurin-Hotspot_jdk/11.0.18-10/x64
Build	Build Keycloak	2023-02-06T05:03:50.4526856Z ##[endgroup]
Build	Build Keycloak	2023-02-06T05:03:50.4593798Z ##[group]Run echo "key=mvn-`date -u "+%Y-%U"`" >> $GITHUB_OUTPUT
Build	Build Keycloak	2023-02-06T05:03:50.4599245Z [36;1mecho "key=mvn-`date -u "+%Y-%U"`" >> $GITHUB_OUTPUT[0m
Build	Build Keycloak	2023-02-06T05:03:50.4665096Z shell: /usr/bin/bash --noprofile --norc -e -o pipefail {0}
Build	Build Keycloak	2023-02-06T05:03:50.4665415Z env:
Build	Build Keycloak	2023-02-06T05:03:50.4665627Z   DEFAULT_JDK_VERSION: 11
Build	Build Keycloak	2023-02-06T05:03:50.4665882Z   DEFAULT_JDK_DIST: temurin
Build	Build Keycloak	2023-02-06T05:03:50.4666144Z   SUREFIRE_RERUN_FAILING_COUNT: 2
Build	Build Keycloak	2023-02-06T05:03:50.4666488Z   JAVA_HOME: /opt/hostedtoolcache/Java_Temurin-Hotspot_jdk/11.0.18-10/x64
Build	Build Keycloak	2023-02-06T05:03:50.4666881Z   JAVA_HOME_11_X64: /opt/hostedtoolcache/Java_Temurin-Hotspot_jdk/11.0.18-10/x64
Build	Build Keycloak	2023-02-06T05:03:50.4667517Z ##[endgroup]
Build	Build Keycloak	2023-02-06T05:03:50.4931911Z ##[group]Run actions/cache@v3
Build	Build Keycloak	2023-02-06T05:03:50.4932171Z with:
Build	Build Keycloak	2023-02-06T05:03:50.4932380Z   path: ~/.m2/repository
Build	Build Keycloak	2023-02-06T05:03:50.4932975Z   key: mvn-2023-06
Build	Build Keycloak	2023-02-06T05:03:50.4933237Z   enableCrossOsArchive: false
Build	Build Keycloak	2023-02-06T05:03:50.4933502Z   fail-on-cache-miss: false
Build	Build Keycloak	2023-02-06T05:03:50.4933716Z env:
Build	Build Keycloak	2023-02-06T05:03:50.4933924Z   DEFAULT_JDK_VERSION: 11
Build	Build Keycloak	2023-02-06T05:03:50.4934177Z   DEFAULT_JDK_DIST: temurin
Build	Build Keycloak	2023-02-06T05:03:50.4934424Z   SUREFIRE_RERUN_FAILING_COUNT: 2
Build	Build Keycloak	2023-02-06T05:03:50.4934742Z   JAVA_HOME: /opt/hostedtoolcache/Java_Temurin-Hotspot_jdk/11.0.18-10/x64
Build	Build Keycloak	2023-02-06T05:03:50.4935136Z   JAVA_HOME_11_X64: /opt/hostedtoolcache/Java_Temurin-Hotspot_jdk/11.0.18-10/x64
Build	Build Keycloak	2023-02-06T05:03:50.4935564Z ##[endgroup]
Build	Build Keycloak	2023-02-06T05:03:52.3541799Z Received 4194304 of 576874281 (0.7%), 4.0 MBs/sec
Build	Build Keycloak	2023-02-06T05:03:53.3535450Z Received 104857600 of 576874281 (18.2%), 50.0 MBs/sec
Build	Build Keycloak	2023-02-06T05:03:54.3530055Z Received 255852544 of 576874281 (44.4%), 81.3 MBs/sec
Build	Build Keycloak	2023-02-06T05:03:55.3538717Z Received 423624704 of 576874281 (73.4%), 101.0 MBs/sec
Build	Build Keycloak	2023-02-06T05:03:56.8182476Z Received 576874281 of 576874281 (100.0%), 100.7 MBs/sec
Build	Build Keycloak	2023-02-06T05:03:56.8188864Z Cache Size: ~550 MB (576874281 B)
Build	Build Keycloak	2023-02-06T05:03:56.8309251Z [command]/usr/bin/tar -xf /home/runner/work/_temp/4557bc70-7af8-4360-8747-638c9da24145/cache.tzst -P -C /home/runner/work/keycloak/keycloak --use-compress-program unzstd
Build	Build Keycloak	2023-02-06T05:03:59.3825948Z Cache restored successfully
Build	Build Keycloak	2023-02-06T05:03:59.5224001Z Cache restored from key: mvn-2023-06
Build	Build Keycloak	2023-02-06T05:03:59.5410176Z ##[group]Run if ( stat ~/.m2/repository/org/keycloak &>/dev/null ); then
Build	Build Keycloak	2023-02-06T05:03:59.5410597Z [36;1mif ( stat ~/.m2/repository/org/keycloak &>/dev/null ); then[0m
Build	Build Keycloak	2023-02-06T05:03:59.5410964Z [36;1m  echo "Found org/keycloak artifacts in Maven repository cache"[0m
Build	Build Keycloak	2023-02-06T05:03:59.5411302Z [36;1m  ls ~/.m2/repository/org/keycloak[0m
Build	Build Keycloak	2023-02-06T05:03:59.5411548Z [36;1m  exit 1[0m
Build	Build Keycloak	2023-02-06T05:03:59.5411751Z [36;1mfi[0m
Build	Build Keycloak	2023-02-06T05:03:59.5468625Z shell: /usr/bin/bash --noprofile --norc -e -o pipefail {0}
Build	Build Keycloak	2023-02-06T05:03:59.5468916Z env:
Build	Build Keycloak	2023-02-06T05:03:59.5469126Z   DEFAULT_JDK_VERSION: 11
Build	Build Keycloak	2023-02-06T05:03:59.5469375Z   DEFAULT_JDK_DIST: temurin
Build	Build Keycloak	2023-02-06T05:03:59.5469630Z   SUREFIRE_RERUN_FAILING_COUNT: 2
Build	Build Keycloak	2023-02-06T05:03:59.5469966Z   JAVA_HOME: /opt/hostedtoolcache/Java_Temurin-Hotspot_jdk/11.0.18-10/x64
Build	Build Keycloak	2023-02-06T05:03:59.5470558Z   JAVA_HOME_11_X64: /opt/hostedtoolcache/Java_Temurin-Hotspot_jdk/11.0.18-10/x64
Build	Build Keycloak	2023-02-06T05:03:59.5470899Z   MSYS: winsymlinks:nativestrict
Build	Build Keycloak	2023-02-06T05:03:59.5471133Z ##[endgroup]
Build	Build Keycloak	2023-02-06T05:03:59.5589418Z Found org/keycloak artifacts in Maven repository cache
Build	Build Keycloak	2023-02-06T05:03:59.5602774Z keycloak-common
Build	Build Keycloak	2023-02-06T05:03:59.5603116Z keycloak-operator
Build	Build Keycloak	2023-02-06T05:03:59.5603452Z keycloak-parent
Build	Build Keycloak	2023-02-06T05:03:59.5624932Z ##[error]Process completed with exit code 1.
Status Check - Keycloak CI	Check status	2023-02-06T05:04:15.5967772Z Prepare all required actions
Status Check - Keycloak CI	Check status	2023-02-06T05:04:15.6008364Z ##[group]Run ./.github/actions/checks-job-pass
Status Check - Keycloak CI	Check status	2023-02-06T05:04:15.6008623Z with:
Status Check - Keycloak CI	Check status	2023-02-06T05:04:15.6008804Z   required: true
Status Check - Keycloak CI	Check status	2023-02-06T05:04:15.6008993Z env:
Status Check - Keycloak CI	Check status	2023-02-06T05:04:15.6009186Z   DEFAULT_JDK_VERSION: 11
Status Check - Keycloak CI	Check status	2023-02-06T05:04:15.6009396Z   DEFAULT_JDK_DIST: temurin
Status Check - Keycloak CI	Check status	2023-02-06T05:04:15.6009629Z   SUREFIRE_RERUN_FAILING_COUNT: 2
Status Check - Keycloak CI	Check status	2023-02-06T05:04:15.6009846Z ##[endgroup]
Status Check - Keycloak CI	Check status	2023-02-06T05:04:15.6300531Z ##[group]Run if [ "true" == "false" ]; then
Status Check - Keycloak CI	Check status	2023-02-06T05:04:15.6300906Z [36;1mif [ "true" == "false" ]; then[0m
Status Check - Keycloak CI	Check status	2023-02-06T05:04:15.6301175Z [36;1m  echo "Not required to run, skipping"[0m
Status Check - Keycloak CI	Check status	2023-02-06T05:04:15.6301411Z [36;1melse[0m
Status Check - Keycloak CI	Check status	2023-02-06T05:04:15.6301609Z [36;1m  if [ "" == "success" ]; then[0m
Status Check - Keycloak CI	Check status	2023-02-06T05:04:15.6301835Z [36;1m    echo "Success"[0m
Status Check - Keycloak CI	Check status	2023-02-06T05:04:15.6302056Z [36;1m  else[0m
Status Check - Keycloak CI	Check status	2023-02-06T05:04:15.6302283Z [36;1m    echo "Required to run, but didn't succeed"[0m
Status Check - Keycloak CI	Check status	2023-02-06T05:04:15.6302524Z [36;1m    exit 1[0m
Status Check - Keycloak CI	Check status	2023-02-06T05:04:15.6302757Z [36;1m  fi        [0m
Status Check - Keycloak CI	Check status	2023-02-06T05:04:15.6302945Z [36;1mfi[0m
Status Check - Keycloak CI	Check status	2023-02-06T05:04:15.6362190Z shell: /usr/bin/bash --noprofile --norc -e -o pipefail {0}
Status Check - Keycloak CI	Check status	2023-02-06T05:04:15.6362494Z env:
Status Check - Keycloak CI	Check status	2023-02-06T05:04:15.6362698Z   DEFAULT_JDK_VERSION: 11
Status Check - Keycloak CI	Check status	2023-02-06T05:04:15.6362911Z   DEFAULT_JDK_DIST: temurin
Status Check - Keycloak CI	Check status	2023-02-06T05:04:15.6363151Z   SUREFIRE_RERUN_FAILING_COUNT: 2
Status Check - Keycloak CI	Check status	2023-02-06T05:04:15.6363372Z ##[endgroup]
Status Check - Keycloak CI	Check status	2023-02-06T05:04:15.6525100Z Required to run, but didn't succeed
Status Check - Keycloak CI	Check status	2023-02-06T05:04:15.6540963Z ##[error]Process completed with exit code 1.
