Build	Build Keycloak	2023-03-06T05:03:43.9562001Z Prepare all required actions
Build	Build Keycloak	2023-03-06T05:03:43.9562336Z Getting action download info
Build	Build Keycloak	2023-03-06T05:03:44.1001140Z Download action repository 'actions/setup-java@v3' (SHA:3f07048e3d294f56e9b90ac5ea2c6f74e9ad0f98)
Build	Build Keycloak	2023-03-06T05:03:44.5773823Z Download action repository 'actions/upload-artifact@v3' (SHA:0b7f8abb1508181956e8e162db84b466c27e18ce)
Build	Build Keycloak	2023-03-06T05:03:44.7276472Z ##[group]Run ./.github/actions/build-keycloak
Build	Build Keycloak	2023-03-06T05:03:44.7276813Z with:
Build	Build Keycloak	2023-03-06T05:03:44.7277147Z   upload-m2-repo: true
Build	Build Keycloak	2023-03-06T05:03:44.7277405Z   upload-dist: false
Build	Build Keycloak	2023-03-06T05:03:44.7277688Z   jdk-dist: temurin
Build	Build Keycloak	2023-03-06T05:03:44.7277961Z   jdk-version: 17
Build	Build Keycloak	2023-03-06T05:03:44.7278171Z env:
Build	Build Keycloak	2023-03-06T05:03:44.7278478Z   DEFAULT_JDK_VERSION: 17
Build	Build Keycloak	2023-03-06T05:03:44.7278770Z   DEFAULT_JDK_DIST: temurin
Build	Build Keycloak	2023-03-06T05:03:44.7279028Z   SUREFIRE_RERUN_FAILING_COUNT: 2
Build	Build Keycloak	2023-03-06T05:03:44.7279315Z ##[endgroup]
Build	Build Keycloak	2023-03-06T05:03:44.7657352Z ##[group]Run actions/setup-java@v3
Build	Build Keycloak	2023-03-06T05:03:44.7657572Z with:
Build	Build Keycloak	2023-03-06T05:03:44.7657817Z   distribution: temurin
Build	Build Keycloak	2023-03-06T05:03:44.7658027Z   java-version: 17
Build	Build Keycloak	2023-03-06T05:03:44.7658238Z   java-package: jdk
Build	Build Keycloak	2023-03-06T05:03:44.7658452Z   check-latest: false
Build	Build Keycloak	2023-03-06T05:03:44.7658649Z   server-id: github
Build	Build Keycloak	2023-03-06T05:03:44.7658873Z   server-username: GITHUB_ACTOR
Build	Build Keycloak	2023-03-06T05:03:44.7659136Z   server-password: GITHUB_TOKEN
Build	Build Keycloak	2023-03-06T05:03:44.7659365Z   overwrite-settings: true
Build	Build Keycloak	2023-03-06T05:03:44.7659591Z   job-status: success
Build	Build Keycloak	2023-03-06T05:03:44.7659967Z   token: ***
Build	Build Keycloak	2023-03-06T05:03:44.7660134Z env:
Build	Build Keycloak	2023-03-06T05:03:44.7660330Z   DEFAULT_JDK_VERSION: 17
Build	Build Keycloak	2023-03-06T05:03:44.7660550Z   DEFAULT_JDK_DIST: temurin
Build	Build Keycloak	2023-03-06T05:03:44.7660767Z   SUREFIRE_RERUN_FAILING_COUNT: 2
Build	Build Keycloak	2023-03-06T05:03:44.7660984Z ##[endgroup]
Build	Build Keycloak	2023-03-06T05:03:44.9762731Z ##[group]Installed distributions
Build	Build Keycloak	2023-03-06T05:03:44.9852902Z Resolved Java 17.0.6+10 from tool-cache
Build	Build Keycloak	2023-03-06T05:03:44.9855926Z Setting Java 17.0.6+10 as the default
Build	Build Keycloak	2023-03-06T05:03:44.9880334Z Creating toolchains.xml for JDK version 17 from temurin
Build	Build Keycloak	2023-03-06T05:03:44.9990699Z Writing to /home/runner/.m2/toolchains.xml
Build	Build Keycloak	2023-03-06T05:03:44.9994709Z 
Build	Build Keycloak	2023-03-06T05:03:44.9997260Z Java configuration:
Build	Build Keycloak	2023-03-06T05:03:44.9999857Z   Distribution: temurin
Build	Build Keycloak	2023-03-06T05:03:45.0003509Z   Version: 17.0.6+10
Build	Build Keycloak	2023-03-06T05:03:45.0006381Z   Path: /opt/hostedtoolcache/Java_Temurin-Hotspot_jdk/17.0.6-10/x64
Build	Build Keycloak	2023-03-06T05:03:45.0008967Z 
Build	Build Keycloak	2023-03-06T05:03:45.0012154Z ##[endgroup]
Build	Build Keycloak	2023-03-06T05:03:45.0044851Z Creating settings.xml with server-id: github
Build	Build Keycloak	2023-03-06T05:03:45.0066455Z Writing to /home/runner/.m2/settings.xml
Build	Build Keycloak	2023-03-06T05:03:45.0210586Z Prepare all required actions
Build	Build Keycloak	2023-03-06T05:03:45.0210926Z Getting action download info
Build	Build Keycloak	2023-03-06T05:03:45.1674457Z Download action repository 'actions/cache@v3' (SHA:69d9d449aced6a2ede0bc19182fadc3a0a42d2b0)
Build	Build Keycloak	2023-03-06T05:03:45.4454508Z ##[group]Run ./.github/actions/maven-cache
Build	Build Keycloak	2023-03-06T05:03:45.4454749Z env:
Build	Build Keycloak	2023-03-06T05:03:45.4454952Z   DEFAULT_JDK_VERSION: 17
Build	Build Keycloak	2023-03-06T05:03:45.4455163Z   DEFAULT_JDK_DIST: temurin
Build	Build Keycloak	2023-03-06T05:03:45.4455519Z   SUREFIRE_RERUN_FAILING_COUNT: 2
Build	Build Keycloak	2023-03-06T05:03:45.4455826Z   JAVA_HOME: /opt/hostedtoolcache/Java_Temurin-Hotspot_jdk/17.0.6-10/x64
Build	Build Keycloak	2023-03-06T05:03:45.4456342Z   JAVA_HOME_17_X64: /opt/hostedtoolcache/Java_Temurin-Hotspot_jdk/17.0.6-10/x64
Build	Build Keycloak	2023-03-06T05:03:45.4456631Z ##[endgroup]
Build	Build Keycloak	2023-03-06T05:03:45.4510123Z ##[group]Run echo "key=mvn-`date -u "+%Y-%U"`" >> $GITHUB_OUTPUT
Build	Build Keycloak	2023-03-06T05:03:45.4510600Z [36;1mecho "key=mvn-`date -u "+%Y-%U"`" >> $GITHUB_OUTPUT[0m
Build	Build Keycloak	2023-03-06T05:03:45.4569910Z shell: /usr/bin/bash --noprofile --norc -e -o pipefail {0}
Build	Build Keycloak	2023-03-06T05:03:45.4570192Z env:
Build	Build Keycloak	2023-03-06T05:03:45.4570396Z   DEFAULT_JDK_VERSION: 17
Build	Build Keycloak	2023-03-06T05:03:45.4570609Z   DEFAULT_JDK_DIST: temurin
Build	Build Keycloak	2023-03-06T05:03:45.4570847Z   SUREFIRE_RERUN_FAILING_COUNT: 2
Build	Build Keycloak	2023-03-06T05:03:45.4571157Z   JAVA_HOME: /opt/hostedtoolcache/Java_Temurin-Hotspot_jdk/17.0.6-10/x64
Build	Build Keycloak	2023-03-06T05:03:45.4571508Z   JAVA_HOME_17_X64: /opt/hostedtoolcache/Java_Temurin-Hotspot_jdk/17.0.6-10/x64
Build	Build Keycloak	2023-03-06T05:03:45.4572016Z ##[endgroup]
Build	Build Keycloak	2023-03-06T05:03:45.4780277Z ##[group]Run actions/cache@v3
Build	Build Keycloak	2023-03-06T05:03:45.4780504Z with:
Build	Build Keycloak	2023-03-06T05:03:45.4780701Z   path: ~/.m2/repository
Build	Build Keycloak	2023-03-06T05:03:45.4780900Z   key: mvn-2023-10
Build	Build Keycloak	2023-03-06T05:03:45.4781125Z   enableCrossOsArchive: false
Build	Build Keycloak	2023-03-06T05:03:45.4781373Z   fail-on-cache-miss: false
Build	Build Keycloak	2023-03-06T05:03:45.4781623Z env:
Build	Build Keycloak	2023-03-06T05:03:45.4781819Z   DEFAULT_JDK_VERSION: 17
Build	Build Keycloak	2023-03-06T05:03:45.4782039Z   DEFAULT_JDK_DIST: temurin
Build	Build Keycloak	2023-03-06T05:03:45.4782267Z   SUREFIRE_RERUN_FAILING_COUNT: 2
Build	Build Keycloak	2023-03-06T05:03:45.4782557Z   JAVA_HOME: /opt/hostedtoolcache/Java_Temurin-Hotspot_jdk/17.0.6-10/x64
Build	Build Keycloak	2023-03-06T05:03:45.4782919Z   JAVA_HOME_17_X64: /opt/hostedtoolcache/Java_Temurin-Hotspot_jdk/17.0.6-10/x64
Build	Build Keycloak	2023-03-06T05:03:45.4783199Z ##[endgroup]
Build	Build Keycloak	2023-03-06T05:03:46.7925494Z Received 234881024 of 584690421 (40.2%), 222.7 MBs/sec
Build	Build Keycloak	2023-03-06T05:03:47.7933808Z Received 545259520 of 584690421 (93.3%), 259.1 MBs/sec
Build	Build Keycloak	2023-03-06T05:03:48.3681150Z Received 584690421 of 584690421 (100.0%), 216.0 MBs/sec
Build	Build Keycloak	2023-03-06T05:03:48.3684193Z Cache Size: ~558 MB (584690421 B)
Build	Build Keycloak	2023-03-06T05:03:48.3728585Z [command]/usr/bin/tar -xf /home/runner/work/_temp/c78ae2d9-92e5-4c85-9b75-86b477d2c763/cache.tzst -P -C /home/runner/work/keycloak/keycloak --use-compress-program unzstd
Build	Build Keycloak	2023-03-06T05:03:51.1419834Z Cache restored successfully
Build	Build Keycloak	2023-03-06T05:03:51.4799154Z Cache restored from key: mvn-2023-10
Build	Build Keycloak	2023-03-06T05:03:51.4959792Z ##[group]Run if ( stat ~/.m2/repository/org/keycloak &>/dev/null ); then
Build	Build Keycloak	2023-03-06T05:03:51.4960177Z [36;1mif ( stat ~/.m2/repository/org/keycloak &>/dev/null ); then[0m
Build	Build Keycloak	2023-03-06T05:03:51.4960567Z [36;1m  echo "Found org/keycloak artifacts in Maven repository cache"[0m
Build	Build Keycloak	2023-03-06T05:03:51.4960883Z [36;1m  ls ~/.m2/repository/org/keycloak[0m
Build	Build Keycloak	2023-03-06T05:03:51.4961106Z [36;1m  exit 1[0m
Build	Build Keycloak	2023-03-06T05:03:51.4961300Z [36;1mfi[0m
Build	Build Keycloak	2023-03-06T05:03:51.5012975Z shell: /usr/bin/bash --noprofile --norc -e -o pipefail {0}
Build	Build Keycloak	2023-03-06T05:03:51.5013248Z env:
Build	Build Keycloak	2023-03-06T05:03:51.5013460Z   DEFAULT_JDK_VERSION: 17
Build	Build Keycloak	2023-03-06T05:03:51.5013693Z   DEFAULT_JDK_DIST: temurin
Build	Build Keycloak	2023-03-06T05:03:51.5013937Z   SUREFIRE_RERUN_FAILING_COUNT: 2
Build	Build Keycloak	2023-03-06T05:03:51.5014253Z   JAVA_HOME: /opt/hostedtoolcache/Java_Temurin-Hotspot_jdk/17.0.6-10/x64
Build	Build Keycloak	2023-03-06T05:03:51.5014624Z   JAVA_HOME_17_X64: /opt/hostedtoolcache/Java_Temurin-Hotspot_jdk/17.0.6-10/x64
Build	Build Keycloak	2023-03-06T05:03:51.5014901Z ##[endgroup]
Build	Build Keycloak	2023-03-06T05:03:51.5116162Z Found org/keycloak artifacts in Maven repository cache
Build	Build Keycloak	2023-03-06T05:03:51.5128050Z keycloak-common
Build	Build Keycloak	2023-03-06T05:03:51.5128582Z keycloak-operator
Build	Build Keycloak	2023-03-06T05:03:51.5150241Z keycloak-parent
Build	Build Keycloak	2023-03-06T05:03:51.5160775Z ##[error]Process completed with exit code 1.
Status Check - Keycloak CI	Check status	2023-03-06T05:04:05.0684122Z Prepare all required actions
Status Check - Keycloak CI	Check status	2023-03-06T05:04:05.0723315Z ##[group]Run ./.github/actions/checks-job-pass
Status Check - Keycloak CI	Check status	2023-03-06T05:04:05.0723564Z with:
Status Check - Keycloak CI	Check status	2023-03-06T05:04:05.0723752Z   required: true
Status Check - Keycloak CI	Check status	2023-03-06T05:04:05.0723921Z env:
Status Check - Keycloak CI	Check status	2023-03-06T05:04:05.0724108Z   DEFAULT_JDK_VERSION: 17
Status Check - Keycloak CI	Check status	2023-03-06T05:04:05.0724320Z   DEFAULT_JDK_DIST: temurin
Status Check - Keycloak CI	Check status	2023-03-06T05:04:05.0724533Z   SUREFIRE_RERUN_FAILING_COUNT: 2
Status Check - Keycloak CI	Check status	2023-03-06T05:04:05.0724738Z ##[endgroup]
Status Check - Keycloak CI	Check status	2023-03-06T05:04:05.1023148Z ##[group]Run if [ "true" == "false" ]; then
Status Check - Keycloak CI	Check status	2023-03-06T05:04:05.1023479Z [36;1mif [ "true" == "false" ]; then[0m
Status Check - Keycloak CI	Check status	2023-03-06T05:04:05.1023736Z [36;1m  echo "Not required to run, skipping"[0m
Status Check - Keycloak CI	Check status	2023-03-06T05:04:05.1023959Z [36;1melse[0m
Status Check - Keycloak CI	Check status	2023-03-06T05:04:05.1024160Z [36;1m  if [ "" == "success" ]; then[0m
Status Check - Keycloak CI	Check status	2023-03-06T05:04:05.1024379Z [36;1m    echo "Success"[0m
Status Check - Keycloak CI	Check status	2023-03-06T05:04:05.1024566Z [36;1m  else[0m
Status Check - Keycloak CI	Check status	2023-03-06T05:04:05.1024804Z [36;1m    echo "Required to run, but didn't succeed"[0m
Status Check - Keycloak CI	Check status	2023-03-06T05:04:05.1025052Z [36;1m    exit 1[0m
Status Check - Keycloak CI	Check status	2023-03-06T05:04:05.1025277Z [36;1m  fi        [0m
Status Check - Keycloak CI	Check status	2023-03-06T05:04:05.1025459Z [36;1mfi[0m
Status Check - Keycloak CI	Check status	2023-03-06T05:04:05.1083423Z shell: /usr/bin/bash --noprofile --norc -e -o pipefail {0}
Status Check - Keycloak CI	Check status	2023-03-06T05:04:05.1083692Z env:
Status Check - Keycloak CI	Check status	2023-03-06T05:04:05.1083883Z   DEFAULT_JDK_VERSION: 17
Status Check - Keycloak CI	Check status	2023-03-06T05:04:05.1084087Z   DEFAULT_JDK_DIST: temurin
Status Check - Keycloak CI	Check status	2023-03-06T05:04:05.1084310Z   SUREFIRE_RERUN_FAILING_COUNT: 2
Status Check - Keycloak CI	Check status	2023-03-06T05:04:05.1084523Z ##[endgroup]
Status Check - Keycloak CI	Check status	2023-03-06T05:04:05.1244354Z Required to run, but didn't succeed
Status Check - Keycloak CI	Check status	2023-03-06T05:04:05.1257136Z ##[error]Process completed with exit code 1.
