Admin UI E2E (chrome)	Upload Playwright report	2025-03-23T00:46:03.3888730Z ##[group]Run actions/upload-artifact@v4
Admin UI E2E (chrome)	Upload Playwright report	2025-03-23T00:46:03.3889038Z with:
Admin UI E2E (chrome)	Upload Playwright report	2025-03-23T00:46:03.3889245Z   name: admin-ui-playwright-report
Admin UI E2E (chrome)	Upload Playwright report	2025-03-23T00:46:03.3889539Z   path: js/apps/admin-ui/playwright-report
Admin UI E2E (chrome)	Upload Playwright report	2025-03-23T00:46:03.3889807Z   retention-days: 30
Admin UI E2E (chrome)	Upload Playwright report	2025-03-23T00:46:03.3890017Z   if-no-files-found: warn
Admin UI E2E (chrome)	Upload Playwright report	2025-03-23T00:46:03.3890237Z   compression-level: 6
Admin UI E2E (chrome)	Upload Playwright report	2025-03-23T00:46:03.3890442Z   overwrite: false
Admin UI E2E (chrome)	Upload Playwright report	2025-03-23T00:46:03.3890645Z   include-hidden-files: false
Admin UI E2E (chrome)	Upload Playwright report	2025-03-23T00:46:03.3890866Z env:
Admin UI E2E (chrome)	Upload Playwright report	2025-03-23T00:46:03.3891133Z   MAVEN_ARGS: -B -nsu -Daether.connector.http.connectionMaxTtl=25
Admin UI E2E (chrome)	Upload Playwright report	2025-03-23T00:46:03.3891468Z   RETRY_COUNT: 3
Admin UI E2E (chrome)	Upload Playwright report	2025-03-23T00:46:03.3891668Z   WORKSPACE: keycloak-admin-ui
Admin UI E2E (chrome)	Upload Playwright report	2025-03-23T00:46:03.3892007Z   JAVA_HOME: /opt/hostedtoolcache/Java_Temurin-Hotspot_jdk/21.0.6-7/x64
Admin UI E2E (chrome)	Upload Playwright report	2025-03-23T00:46:03.3892463Z   JAVA_HOME_21_X64: /opt/hostedtoolcache/Java_Temurin-Hotspot_jdk/21.0.6-7/x64
Admin UI E2E (chrome)	Upload Playwright report	2025-03-23T00:46:03.3892818Z ##[endgroup]
Admin UI E2E (chrome)	Upload Playwright report	2025-03-23T00:46:03.6153040Z With the provided path, there will be 23 files uploaded
Admin UI E2E (chrome)	Upload Playwright report	2025-03-23T00:46:03.6158427Z Artifact name is valid!
Admin UI E2E (chrome)	Upload Playwright report	2025-03-23T00:46:03.6159616Z Root directory input is valid!
Admin UI E2E (chrome)	Upload Playwright report	2025-03-23T00:46:03.9001932Z ##[error]Failed to CreateArtifact: Received non-retryable error: Failed request: (409) Conflict: an artifact with this name already exists on the workflow run
Status Check - Keycloak JavaScript CI	Run /./.github/actions/status-check	2025-03-23T00:46:19.6500675Z Prepare all required actions
Status Check - Keycloak JavaScript CI	Run /./.github/actions/status-check	2025-03-23T00:46:19.6566554Z ##[group]Run ./.github/actions/status-check
Status Check - Keycloak JavaScript CI	Run /./.github/actions/status-check	2025-03-23T00:46:19.6566921Z with:
Status Check - Keycloak JavaScript CI	Run /./.github/actions/status-check	2025-03-23T00:46:19.6568070Z   jobs: {
Status Check - Keycloak JavaScript CI	Run /./.github/actions/status-check	  "conditional": {
Status Check - Keycloak JavaScript CI	Run /./.github/actions/status-check	    "result": "success",
Status Check - Keycloak JavaScript CI	Run /./.github/actions/status-check	    "outputs": {
Status Check - Keycloak JavaScript CI	Run /./.github/actions/status-check	      "js-ci": "true"
Status Check - Keycloak JavaScript CI	Run /./.github/actions/status-check	    }
Status Check - Keycloak JavaScript CI	Run /./.github/actions/status-check	  },
Status Check - Keycloak JavaScript CI	Run /./.github/actions/status-check	  "build-keycloak": {
Status Check - Keycloak JavaScript CI	Run /./.github/actions/status-check	    "result": "success",
Status Check - Keycloak JavaScript CI	Run /./.github/actions/status-check	    "outputs": {}
Status Check - Keycloak JavaScript CI	Run /./.github/actions/status-check	  },
Status Check - Keycloak JavaScript CI	Run /./.github/actions/status-check	  "admin-client": {
Status Check - Keycloak JavaScript CI	Run /./.github/actions/status-check	    "result": "success",
Status Check - Keycloak JavaScript CI	Run /./.github/actions/status-check	    "outputs": {}
Status Check - Keycloak JavaScript CI	Run /./.github/actions/status-check	  },
Status Check - Keycloak JavaScript CI	Run /./.github/actions/status-check	  "ui-shared": {
Status Check - Keycloak JavaScript CI	Run /./.github/actions/status-check	    "result": "success",
Status Check - Keycloak JavaScript CI	Run /./.github/actions/status-check	    "outputs": {}
Status Check - Keycloak JavaScript CI	Run /./.github/actions/status-check	  },
Status Check - Keycloak JavaScript CI	Run /./.github/actions/status-check	  "account-ui": {
Status Check - Keycloak JavaScript CI	Run /./.github/actions/status-check	    "result": "success",
Status Check - Keycloak JavaScript CI	Run /./.github/actions/status-check	    "outputs": {}
Status Check - Keycloak JavaScript CI	Run /./.github/actions/status-check	  },
Status Check - Keycloak JavaScript CI	Run /./.github/actions/status-check	  "account-ui-e2e": {
Status Check - Keycloak JavaScript CI	Run /./.github/actions/status-check	    "result": "success",
Status Check - Keycloak JavaScript CI	Run /./.github/actions/status-check	    "outputs": {}
Status Check - Keycloak JavaScript CI	Run /./.github/actions/status-check	  },
Status Check - Keycloak JavaScript CI	Run /./.github/actions/status-check	  "admin-ui": {
Status Check - Keycloak JavaScript CI	Run /./.github/actions/status-check	    "result": "success",
Status Check - Keycloak JavaScript CI	Run /./.github/actions/status-check	    "outputs": {}
Status Check - Keycloak JavaScript CI	Run /./.github/actions/status-check	  },
Status Check - Keycloak JavaScript CI	Run /./.github/actions/status-check	  "admin-ui-e2e": {
Status Check - Keycloak JavaScript CI	Run /./.github/actions/status-check	    "result": "failure",
Status Check - Keycloak JavaScript CI	Run /./.github/actions/status-check	    "outputs": {}
Status Check - Keycloak JavaScript CI	Run /./.github/actions/status-check	  }
Status Check - Keycloak JavaScript CI	Run /./.github/actions/status-check	}
Status Check - Keycloak JavaScript CI	Run /./.github/actions/status-check	2025-03-23T00:46:19.6569353Z env:
Status Check - Keycloak JavaScript CI	Run /./.github/actions/status-check	2025-03-23T00:46:19.6569664Z   MAVEN_ARGS: -B -nsu -Daether.connector.http.connectionMaxTtl=25
Status Check - Keycloak JavaScript CI	Run /./.github/actions/status-check	2025-03-23T00:46:19.6570019Z   RETRY_COUNT: 3
Status Check - Keycloak JavaScript CI	Run /./.github/actions/status-check	2025-03-23T00:46:19.6570243Z ##[endgroup]
Status Check - Keycloak JavaScript CI	Run /./.github/actions/status-check	2025-03-23T00:46:19.6665998Z ##[group]Run JOBS='{
Status Check - Keycloak JavaScript CI	Run /./.github/actions/status-check	2025-03-23T00:46:19.6666433Z [36;1mJOBS='{[0m
Status Check - Keycloak JavaScript CI	Run /./.github/actions/status-check	2025-03-23T00:46:19.6666671Z [36;1m  "conditional": {[0m
Status Check - Keycloak JavaScript CI	Run /./.github/actions/status-check	2025-03-23T00:46:19.6666947Z [36;1m    "result": "success",[0m
Status Check - Keycloak JavaScript CI	Run /./.github/actions/status-check	2025-03-23T00:46:19.6667229Z [36;1m    "outputs": {[0m
Status Check - Keycloak JavaScript CI	Run /./.github/actions/status-check	2025-03-23T00:46:19.6667474Z [36;1m      "js-ci": "true"[0m
Status Check - Keycloak JavaScript CI	Run /./.github/actions/status-check	2025-03-23T00:46:19.6667941Z [36;1m    }[0m
Status Check - Keycloak JavaScript CI	Run /./.github/actions/status-check	2025-03-23T00:46:19.6668231Z [36;1m  },[0m
Status Check - Keycloak JavaScript CI	Run /./.github/actions/status-check	2025-03-23T00:46:19.6668491Z [36;1m  "build-keycloak": {[0m
Status Check - Keycloak JavaScript CI	Run /./.github/actions/status-check	2025-03-23T00:46:19.6668756Z [36;1m    "result": "success",[0m
Status Check - Keycloak JavaScript CI	Run /./.github/actions/status-check	2025-03-23T00:46:19.6669025Z [36;1m    "outputs": {}[0m
Status Check - Keycloak JavaScript CI	Run /./.github/actions/status-check	2025-03-23T00:46:19.6669265Z [36;1m  },[0m
Status Check - Keycloak JavaScript CI	Run /./.github/actions/status-check	2025-03-23T00:46:19.6669485Z [36;1m  "admin-client": {[0m
Status Check - Keycloak JavaScript CI	Run /./.github/actions/status-check	2025-03-23T00:46:19.6669743Z [36;1m    "result": "success",[0m
Status Check - Keycloak JavaScript CI	Run /./.github/actions/status-check	2025-03-23T00:46:19.6670000Z [36;1m    "outputs": {}[0m
Status Check - Keycloak JavaScript CI	Run /./.github/actions/status-check	2025-03-23T00:46:19.6670237Z [36;1m  },[0m
Status Check - Keycloak JavaScript CI	Run /./.github/actions/status-check	2025-03-23T00:46:19.6670456Z [36;1m  "ui-shared": {[0m
Status Check - Keycloak JavaScript CI	Run /./.github/actions/status-check	2025-03-23T00:46:19.6670701Z [36;1m    "result": "success",[0m
Status Check - Keycloak JavaScript CI	Run /./.github/actions/status-check	2025-03-23T00:46:19.6670965Z [36;1m    "outputs": {}[0m
Status Check - Keycloak JavaScript CI	Run /./.github/actions/status-check	2025-03-23T00:46:19.6671204Z [36;1m  },[0m
Status Check - Keycloak JavaScript CI	Run /./.github/actions/status-check	2025-03-23T00:46:19.6671425Z [36;1m  "account-ui": {[0m
Status Check - Keycloak JavaScript CI	Run /./.github/actions/status-check	2025-03-23T00:46:19.6671683Z [36;1m    "result": "success",[0m
Status Check - Keycloak JavaScript CI	Run /./.github/actions/status-check	2025-03-23T00:46:19.6671948Z [36;1m    "outputs": {}[0m
Status Check - Keycloak JavaScript CI	Run /./.github/actions/status-check	2025-03-23T00:46:19.6672187Z [36;1m  },[0m
Status Check - Keycloak JavaScript CI	Run /./.github/actions/status-check	2025-03-23T00:46:19.6672414Z [36;1m  "account-ui-e2e": {[0m
Status Check - Keycloak JavaScript CI	Run /./.github/actions/status-check	2025-03-23T00:46:19.6672678Z [36;1m    "result": "success",[0m
Status Check - Keycloak JavaScript CI	Run /./.github/actions/status-check	2025-03-23T00:46:19.6672948Z [36;1m    "outputs": {}[0m
Status Check - Keycloak JavaScript CI	Run /./.github/actions/status-check	2025-03-23T00:46:19.6673353Z [36;1m  },[0m
Status Check - Keycloak JavaScript CI	Run /./.github/actions/status-check	2025-03-23T00:46:19.6673579Z [36;1m  "admin-ui": {[0m
Status Check - Keycloak JavaScript CI	Run /./.github/actions/status-check	2025-03-23T00:46:19.6673821Z [36;1m    "result": "success",[0m
Status Check - Keycloak JavaScript CI	Run /./.github/actions/status-check	2025-03-23T00:46:19.6674087Z [36;1m    "outputs": {}[0m
Status Check - Keycloak JavaScript CI	Run /./.github/actions/status-check	2025-03-23T00:46:19.6674328Z [36;1m  },[0m
Status Check - Keycloak JavaScript CI	Run /./.github/actions/status-check	2025-03-23T00:46:19.6674549Z [36;1m  "admin-ui-e2e": {[0m
Status Check - Keycloak JavaScript CI	Run /./.github/actions/status-check	2025-03-23T00:46:19.6674806Z [36;1m    "result": "failure",[0m
Status Check - Keycloak JavaScript CI	Run /./.github/actions/status-check	2025-03-23T00:46:19.6675064Z [36;1m    "outputs": {}[0m
Status Check - Keycloak JavaScript CI	Run /./.github/actions/status-check	2025-03-23T00:46:19.6675304Z [36;1m  }[0m
Status Check - Keycloak JavaScript CI	Run /./.github/actions/status-check	2025-03-23T00:46:19.6675504Z [36;1m}'[0m
Status Check - Keycloak JavaScript CI	Run /./.github/actions/status-check	2025-03-23T00:46:19.6675718Z [36;1m[0m
Status Check - Keycloak JavaScript CI	Run /./.github/actions/status-check	2025-03-23T00:46:19.6675938Z [36;1mecho "Job status:"[0m
Status Check - Keycloak JavaScript CI	Run /./.github/actions/status-check	2025-03-23T00:46:19.6676300Z [36;1mecho $JOBS | jq -r 'to_entries[] | " - \(.key): \(.value.result)"'[0m
Status Check - Keycloak JavaScript CI	Run /./.github/actions/status-check	2025-03-23T00:46:19.6676654Z [36;1m[0m
Status Check - Keycloak JavaScript CI	Run /./.github/actions/status-check	2025-03-23T00:46:19.6676939Z [36;1mfor i in $(echo $JOBS | jq -r 'to_entries[] | .value.result'); do[0m
Status Check - Keycloak JavaScript CI	Run /./.github/actions/status-check	2025-03-23T00:46:19.6677354Z [36;1m  if [ "$i" != "success" ] && [ "$i" != "skipped" ]; then[0m
Status Check - Keycloak JavaScript CI	Run /./.github/actions/status-check	2025-03-23T00:46:19.6677663Z [36;1m    echo ""[0m
Status Check - Keycloak JavaScript CI	Run /./.github/actions/status-check	2025-03-23T00:46:19.6677906Z [36;1m    echo "Status check not okay!"[0m
Status Check - Keycloak JavaScript CI	Run /./.github/actions/status-check	2025-03-23T00:46:19.6678178Z [36;1m    exit 1[0m
Status Check - Keycloak JavaScript CI	Run /./.github/actions/status-check	2025-03-23T00:46:19.6678396Z [36;1m  fi[0m
Status Check - Keycloak JavaScript CI	Run /./.github/actions/status-check	2025-03-23T00:46:19.6678606Z [36;1mdone[0m
Status Check - Keycloak JavaScript CI	Run /./.github/actions/status-check	2025-03-23T00:46:19.6730426Z shell: /usr/bin/bash --noprofile --norc -e -o pipefail {0}
Status Check - Keycloak JavaScript CI	Run /./.github/actions/status-check	2025-03-23T00:46:19.6730820Z env:
Status Check - Keycloak JavaScript CI	Run /./.github/actions/status-check	2025-03-23T00:46:19.6731135Z   MAVEN_ARGS: -B -nsu -Daether.connector.http.connectionMaxTtl=25
Status Check - Keycloak JavaScript CI	Run /./.github/actions/status-check	2025-03-23T00:46:19.6731509Z   RETRY_COUNT: 3
Status Check - Keycloak JavaScript CI	Run /./.github/actions/status-check	2025-03-23T00:46:19.6731838Z ##[endgroup]
Status Check - Keycloak JavaScript CI	Run /./.github/actions/status-check	2025-03-23T00:46:19.6816879Z Job status:
Status Check - Keycloak JavaScript CI	Run /./.github/actions/status-check	2025-03-23T00:46:19.7071841Z  - conditional: success
Status Check - Keycloak JavaScript CI	Run /./.github/actions/status-check	2025-03-23T00:46:19.7072576Z  - build-keycloak: success
Status Check - Keycloak JavaScript CI	Run /./.github/actions/status-check	2025-03-23T00:46:19.7073066Z  - admin-client: success
Status Check - Keycloak JavaScript CI	Run /./.github/actions/status-check	2025-03-23T00:46:19.7073783Z  - ui-shared: success
Status Check - Keycloak JavaScript CI	Run /./.github/actions/status-check	2025-03-23T00:46:19.7074154Z  - account-ui: success
Status Check - Keycloak JavaScript CI	Run /./.github/actions/status-check	2025-03-23T00:46:19.7074558Z  - account-ui-e2e: success
Status Check - Keycloak JavaScript CI	Run /./.github/actions/status-check	2025-03-23T00:46:19.7074932Z  - admin-ui: success
Status Check - Keycloak JavaScript CI	Run /./.github/actions/status-check	2025-03-23T00:46:19.7075288Z  - admin-ui-e2e: failure
Status Check - Keycloak JavaScript CI	Run /./.github/actions/status-check	2025-03-23T00:46:19.7106657Z 
Status Check - Keycloak JavaScript CI	Run /./.github/actions/status-check	2025-03-23T00:46:19.7106916Z Status check not okay!
Status Check - Keycloak JavaScript CI	Run /./.github/actions/status-check	2025-03-23T00:46:19.7120887Z ##[error]Process completed with exit code 1.
