Quarkus UT (windows-latest)	Integration test setup	2025-06-09T00:27:51.9398973Z Prepare all required actions
Quarkus UT (windows-latest)	Integration test setup	2025-06-09T00:27:51.9399544Z Getting action download info
Quarkus UT (windows-latest)	Integration test setup	2025-06-09T00:27:52.0486092Z Download action repository 'actions/download-artifact@d3f86a106a0bac45b974a628896c90dbdf5c8093' (SHA:d3f86a106a0bac45b974a628896c90dbdf5c8093)
Quarkus UT (windows-latest)	Integration test setup	2025-06-09T00:27:53.7440089Z ##[group]Run ./.github/actions/integration-test-setup
Quarkus UT (windows-latest)	Integration test setup	2025-06-09T00:27:53.7440387Z with:
Quarkus UT (windows-latest)	Integration test setup	2025-06-09T00:27:53.7440549Z   jdk-dist: temurin
Quarkus UT (windows-latest)	Integration test setup	2025-06-09T00:27:53.7440724Z   jdk-version: 21
Quarkus UT (windows-latest)	Integration test setup	2025-06-09T00:27:53.7440886Z env:
Quarkus UT (windows-latest)	Integration test setup	2025-06-09T00:27:53.7441136Z   MAVEN_ARGS: -B -nsu -Daether.connector.http.connectionMaxTtl=25
Quarkus UT (windows-latest)	Integration test setup	2025-06-09T00:27:53.7441475Z   SUREFIRE_RERUN_FAILING_COUNT: 2
Quarkus UT (windows-latest)	Integration test setup	2025-06-09T00:27:53.7441741Z   SUREFIRE_RETRY: -Dsurefire.rerunFailingTestsCount=2
Quarkus UT (windows-latest)	Integration test setup	2025-06-09T00:27:53.7442014Z ##[endgroup]
Quarkus UT (windows-latest)	Integration test setup	2025-06-09T00:27:53.7610137Z Prepare all required actions
Quarkus UT (windows-latest)	Integration test setup	2025-06-09T00:27:53.7665850Z ##[group]Run ./.github/actions/update-hosts
Quarkus UT (windows-latest)	Integration test setup	2025-06-09T00:27:53.7666098Z env:
Quarkus UT (windows-latest)	Integration test setup	2025-06-09T00:27:53.7666353Z   MAVEN_ARGS: -B -nsu -Daether.connector.http.connectionMaxTtl=25
Quarkus UT (windows-latest)	Integration test setup	2025-06-09T00:27:53.7666724Z   SUREFIRE_RERUN_FAILING_COUNT: 2
Quarkus UT (windows-latest)	Integration test setup	2025-06-09T00:27:53.7667014Z   SUREFIRE_RETRY: -Dsurefire.rerunFailingTestsCount=2
Quarkus UT (windows-latest)	Integration test setup	2025-06-09T00:27:53.7667294Z ##[endgroup]
Quarkus UT (windows-latest)	Integration test setup	2025-06-09T00:27:53.7796528Z ##[group]Run "`n`n" | Add-Content C:\Windows\System32\drivers\etc\hosts
Quarkus UT (windows-latest)	Integration test setup	2025-06-09T00:27:53.7797020Z [36;1m"`n`n" | Add-Content C:\Windows\System32\drivers\etc\hosts[0m
Quarkus UT (windows-latest)	Integration test setup	2025-06-09T00:27:53.7797575Z [36;1mGet-Content .github/actions/update-hosts/nipio-hosts | Add-Content C:\Windows\System32\drivers\etc\hosts[0m
Quarkus UT (windows-latest)	Integration test setup	2025-06-09T00:27:53.7864132Z shell: C:\Windows\System32\WindowsPowerShell\v1.0\powershell.EXE -command ". '{0}'"
Quarkus UT (windows-latest)	Integration test setup	2025-06-09T00:27:53.7864656Z env:
Quarkus UT (windows-latest)	Integration test setup	2025-06-09T00:27:53.7864981Z   MAVEN_ARGS: -B -nsu -Daether.connector.http.connectionMaxTtl=25
Quarkus UT (windows-latest)	Integration test setup	2025-06-09T00:27:53.7865414Z   SUREFIRE_RERUN_FAILING_COUNT: 2
Quarkus UT (windows-latest)	Integration test setup	2025-06-09T00:27:53.7865768Z   SUREFIRE_RETRY: -Dsurefire.rerunFailingTestsCount=2
Quarkus UT (windows-latest)	Integration test setup	2025-06-09T00:27:53.7866128Z ##[endgroup]
Quarkus UT (windows-latest)	Integration test setup	2025-06-09T00:27:54.1632350Z Prepare all required actions
Quarkus UT (windows-latest)	Integration test setup	2025-06-09T00:27:54.1632812Z Getting action download info
Quarkus UT (windows-latest)	Integration test setup	2025-06-09T00:27:54.2597716Z Download action repository 'actions/setup-java@c5195efecf7bdfc987ee8bae7a71cb8b11521c00' (SHA:c5195efecf7bdfc987ee8bae7a71cb8b11521c00)
Quarkus UT (windows-latest)	Integration test setup	2025-06-09T00:27:54.9797080Z ##[group]Run ./.github/actions/java-setup
Quarkus UT (windows-latest)	Integration test setup	2025-06-09T00:27:54.9797335Z with:
Quarkus UT (windows-latest)	Integration test setup	2025-06-09T00:27:54.9797494Z   distribution: temurin
Quarkus UT (windows-latest)	Integration test setup	2025-06-09T00:27:54.9797678Z   java-version: 21
Quarkus UT (windows-latest)	Integration test setup	2025-06-09T00:27:54.9797847Z env:
Quarkus UT (windows-latest)	Integration test setup	2025-06-09T00:27:54.9798099Z   MAVEN_ARGS: -B -nsu -Daether.connector.http.connectionMaxTtl=25
Quarkus UT (windows-latest)	Integration test setup	2025-06-09T00:27:54.9798421Z   SUREFIRE_RERUN_FAILING_COUNT: 2
Quarkus UT (windows-latest)	Integration test setup	2025-06-09T00:27:54.9798698Z   SUREFIRE_RETRY: -Dsurefire.rerunFailingTestsCount=2
Quarkus UT (windows-latest)	Integration test setup	2025-06-09T00:27:54.9798969Z ##[endgroup]
Quarkus UT (windows-latest)	Integration test setup	2025-06-09T00:27:54.9956238Z ##[group]Run actions/setup-java@c5195efecf7bdfc987ee8bae7a71cb8b11521c00
Quarkus UT (windows-latest)	Integration test setup	2025-06-09T00:27:54.9956602Z with:
Quarkus UT (windows-latest)	Integration test setup	2025-06-09T00:27:54.9956768Z   distribution: temurin
Quarkus UT (windows-latest)	Integration test setup	2025-06-09T00:27:54.9956975Z   java-version: 21
Quarkus UT (windows-latest)	Integration test setup	2025-06-09T00:27:54.9957161Z   java-package: jdk
Quarkus UT (windows-latest)	Integration test setup	2025-06-09T00:27:54.9957347Z   check-latest: false
Quarkus UT (windows-latest)	Integration test setup	2025-06-09T00:27:54.9957538Z   server-id: github
Quarkus UT (windows-latest)	Integration test setup	2025-06-09T00:27:54.9957727Z   server-username: GITHUB_ACTOR
Quarkus UT (windows-latest)	Integration test setup	2025-06-09T00:27:54.9957965Z   server-password: GITHUB_TOKEN
Quarkus UT (windows-latest)	Integration test setup	2025-06-09T00:27:54.9958252Z   overwrite-settings: true
Quarkus UT (windows-latest)	Integration test setup	2025-06-09T00:27:54.9958453Z   job-status: success
Quarkus UT (windows-latest)	Integration test setup	2025-06-09T00:27:54.9958745Z   token: ***
Quarkus UT (windows-latest)	Integration test setup	2025-06-09T00:27:54.9958909Z env:
Quarkus UT (windows-latest)	Integration test setup	2025-06-09T00:27:54.9959170Z   MAVEN_ARGS: -B -nsu -Daether.connector.http.connectionMaxTtl=25
Quarkus UT (windows-latest)	Integration test setup	2025-06-09T00:27:54.9959515Z   SUREFIRE_RERUN_FAILING_COUNT: 2
Quarkus UT (windows-latest)	Integration test setup	2025-06-09T00:27:54.9959796Z   SUREFIRE_RETRY: -Dsurefire.rerunFailingTestsCount=2
Quarkus UT (windows-latest)	Integration test setup	2025-06-09T00:27:54.9960074Z ##[endgroup]
Quarkus UT (windows-latest)	Integration test setup	2025-06-09T00:27:55.2594522Z ##[group]Installed distributions
Quarkus UT (windows-latest)	Integration test setup	2025-06-09T00:27:55.5199105Z Resolved Java 21.0.7+6.0 from tool-cache
Quarkus UT (windows-latest)	Integration test setup	2025-06-09T00:27:55.5199913Z Setting Java 21.0.7+6.0 as the default
Quarkus UT (windows-latest)	Integration test setup	2025-06-09T00:27:55.5233412Z Creating toolchains.xml for JDK version 21 from temurin
Quarkus UT (windows-latest)	Integration test setup	2025-06-09T00:27:55.5333300Z Writing to C:\Users\runneradmin\.m2\toolchains.xml
Quarkus UT (windows-latest)	Integration test setup	2025-06-09T00:27:55.5336466Z 
Quarkus UT (windows-latest)	Integration test setup	2025-06-09T00:27:55.5336681Z Java configuration:
Quarkus UT (windows-latest)	Integration test setup	2025-06-09T00:27:55.5337364Z   Distribution: temurin
Quarkus UT (windows-latest)	Integration test setup	2025-06-09T00:27:55.5337723Z   Version: 21.0.7+6.0
Quarkus UT (windows-latest)	Integration test setup	2025-06-09T00:27:55.5338405Z   Path: C:\hostedtoolcache\windows\Java_Temurin-Hotspot_jdk\21.0.7-6.0\x64
Quarkus UT (windows-latest)	Integration test setup	2025-06-09T00:27:55.5339144Z 
Quarkus UT (windows-latest)	Integration test setup	2025-06-09T00:27:55.5340387Z ##[endgroup]
Quarkus UT (windows-latest)	Integration test setup	2025-06-09T00:27:55.5360921Z Creating settings.xml with server-id: github
Quarkus UT (windows-latest)	Integration test setup	2025-06-09T00:27:55.5363889Z Writing to C:\Users\runneradmin\.m2\settings.xml
Quarkus UT (windows-latest)	Integration test setup	2025-06-09T00:27:55.5576957Z Prepare all required actions
Quarkus UT (windows-latest)	Integration test setup	2025-06-09T00:27:55.5577251Z Getting action download info
Quarkus UT (windows-latest)	Integration test setup	2025-06-09T00:27:55.6715210Z Download action repository 'actions/cache@5a3ec84eff668545956fd18022155c47e93e2684' (SHA:5a3ec84eff668545956fd18022155c47e93e2684)
Quarkus UT (windows-latest)	Integration test setup	2025-06-09T00:27:56.0170564Z ##[group]Run ./.github/actions/maven-cache
Quarkus UT (windows-latest)	Integration test setup	2025-06-09T00:27:56.0170932Z with:
Quarkus UT (windows-latest)	Integration test setup	2025-06-09T00:27:56.0171186Z   create-cache-if-it-doesnt-exist: false
Quarkus UT (windows-latest)	Integration test setup	2025-06-09T00:27:56.0171521Z env:
Quarkus UT (windows-latest)	Integration test setup	2025-06-09T00:27:56.0171862Z   MAVEN_ARGS: -B -nsu -Daether.connector.http.connectionMaxTtl=25
Quarkus UT (windows-latest)	Integration test setup	2025-06-09T00:27:56.0172327Z   SUREFIRE_RERUN_FAILING_COUNT: 2
Quarkus UT (windows-latest)	Integration test setup	2025-06-09T00:27:56.0172710Z   SUREFIRE_RETRY: -Dsurefire.rerunFailingTestsCount=2
Quarkus UT (windows-latest)	Integration test setup	2025-06-09T00:27:56.0173284Z   JAVA_HOME: C:\hostedtoolcache\windows\Java_Temurin-Hotspot_jdk\21.0.7-6.0\x64
Quarkus UT (windows-latest)	Integration test setup	2025-06-09T00:27:56.0173970Z   JAVA_HOME_21_X64: C:\hostedtoolcache\windows\Java_Temurin-Hotspot_jdk\21.0.7-6.0\x64
Quarkus UT (windows-latest)	Integration test setup	2025-06-09T00:27:56.0174488Z ##[endgroup]
Quarkus UT (windows-latest)	Integration test setup	2025-06-09T00:27:56.0275606Z ##[group]Run echo "key=mvn-`date -u "+%Y-%U"`" >> $GITHUB_OUTPUT
Quarkus UT (windows-latest)	Integration test setup	2025-06-09T00:27:56.0275987Z [36;1mecho "key=mvn-`date -u "+%Y-%U"`" >> $GITHUB_OUTPUT[0m
Quarkus UT (windows-latest)	Integration test setup	2025-06-09T00:27:56.0771275Z shell: C:\Program Files\Git\bin\bash.EXE --noprofile --norc -e -o pipefail {0}
Quarkus UT (windows-latest)	Integration test setup	2025-06-09T00:27:56.0771836Z env:
Quarkus UT (windows-latest)	Integration test setup	2025-06-09T00:27:56.0772220Z   MAVEN_ARGS: -B -nsu -Daether.connector.http.connectionMaxTtl=25
Quarkus UT (windows-latest)	Integration test setup	2025-06-09T00:27:56.0772752Z   SUREFIRE_RERUN_FAILING_COUNT: 2
Quarkus UT (windows-latest)	Integration test setup	2025-06-09T00:27:56.0773900Z   SUREFIRE_RETRY: -Dsurefire.rerunFailingTestsCount=2
Quarkus UT (windows-latest)	Integration test setup	2025-06-09T00:27:56.0774546Z   JAVA_HOME: C:\hostedtoolcache\windows\Java_Temurin-Hotspot_jdk\21.0.7-6.0\x64
Quarkus UT (windows-latest)	Integration test setup	2025-06-09T00:27:56.0775313Z   JAVA_HOME_21_X64: C:\hostedtoolcache\windows\Java_Temurin-Hotspot_jdk\21.0.7-6.0\x64
Quarkus UT (windows-latest)	Integration test setup	2025-06-09T00:27:56.0775871Z ##[endgroup]
Quarkus UT (windows-latest)	Integration test setup	2025-06-09T00:27:56.2907918Z ##[group]Run mkdir -p ../../../.m2/repository
Quarkus UT (windows-latest)	Integration test setup	2025-06-09T00:27:56.2908230Z [36;1mmkdir -p ../../../.m2/repository[0m
Quarkus UT (windows-latest)	Integration test setup	2025-06-09T00:27:56.2908537Z [36;1mcmd /c mklink /d $HOME\.m2\repository D:\.m2\repository[0m
Quarkus UT (windows-latest)	Integration test setup	2025-06-09T00:27:56.2938982Z shell: C:\Windows\System32\WindowsPowerShell\v1.0\powershell.EXE -command ". '{0}'"
Quarkus UT (windows-latest)	Integration test setup	2025-06-09T00:27:56.2939385Z env:
Quarkus UT (windows-latest)	Integration test setup	2025-06-09T00:27:56.2939636Z   MAVEN_ARGS: -B -nsu -Daether.connector.http.connectionMaxTtl=25
Quarkus UT (windows-latest)	Integration test setup	2025-06-09T00:27:56.2939948Z   SUREFIRE_RERUN_FAILING_COUNT: 2
Quarkus UT (windows-latest)	Integration test setup	2025-06-09T00:27:56.2940234Z   SUREFIRE_RETRY: -Dsurefire.rerunFailingTestsCount=2
Quarkus UT (windows-latest)	Integration test setup	2025-06-09T00:27:56.2940644Z   JAVA_HOME: C:\hostedtoolcache\windows\Java_Temurin-Hotspot_jdk\21.0.7-6.0\x64
Quarkus UT (windows-latest)	Integration test setup	2025-06-09T00:27:56.2941109Z   JAVA_HOME_21_X64: C:\hostedtoolcache\windows\Java_Temurin-Hotspot_jdk\21.0.7-6.0\x64
Quarkus UT (windows-latest)	Integration test setup	2025-06-09T00:27:56.2941456Z ##[endgroup]
Quarkus UT (windows-latest)	Integration test setup	2025-06-09T00:27:56.5494227Z 
Quarkus UT (windows-latest)	Integration test setup	2025-06-09T00:27:56.5495319Z 
Quarkus UT (windows-latest)	Integration test setup	2025-06-09T00:27:56.5498826Z     Directory: C:\.m2
Quarkus UT (windows-latest)	Integration test setup	2025-06-09T00:27:56.5499193Z 
Quarkus UT (windows-latest)	Integration test setup	2025-06-09T00:27:56.5499206Z 
Quarkus UT (windows-latest)	Integration test setup	2025-06-09T00:27:56.5510718Z Mode                 LastWriteTime         Length Name                                                                 
Quarkus UT (windows-latest)	Integration test setup	2025-06-09T00:27:56.5515056Z ----                 -------------         ------ ----                                                                 
Quarkus UT (windows-latest)	Integration test setup	2025-06-09T00:27:56.5525051Z d-----          6/9/2025  12:27 AM                repository                                                           
Quarkus UT (windows-latest)	Integration test setup	2025-06-09T00:27:56.5639421Z symbolic link created for C:\Users\runneradmin\.m2\repository <<===>> D:\.m2\repository
Quarkus UT (windows-latest)	Integration test setup	2025-06-09T00:27:56.5772841Z 
Quarkus UT (windows-latest)	Integration test setup	2025-06-09T00:27:56.5772911Z 
Quarkus UT (windows-latest)	Integration test setup	2025-06-09T00:27:56.8093894Z ##[group]Run actions/cache/restore@5a3ec84eff668545956fd18022155c47e93e2684
Quarkus UT (windows-latest)	Integration test setup	2025-06-09T00:27:56.8094387Z with:
Quarkus UT (windows-latest)	Integration test setup	2025-06-09T00:27:56.8094710Z   path: ~/.m2/repository/*/*
Quarkus UT (windows-latest)	Integration test setup	!~/.m2/repository/org/keycloak
Quarkus UT (windows-latest)	Integration test setup	
Quarkus UT (windows-latest)	Integration test setup	2025-06-09T00:27:56.8095108Z   key: mvn-2025-23
Quarkus UT (windows-latest)	Integration test setup	2025-06-09T00:27:56.8095362Z   enableCrossOsArchive: true
Quarkus UT (windows-latest)	Integration test setup	2025-06-09T00:27:56.8095615Z   fail-on-cache-miss: false
Quarkus UT (windows-latest)	Integration test setup	2025-06-09T00:27:56.8095851Z   lookup-only: false
Quarkus UT (windows-latest)	Integration test setup	2025-06-09T00:27:56.8096045Z env:
Quarkus UT (windows-latest)	Integration test setup	2025-06-09T00:27:56.8096321Z   MAVEN_ARGS: -B -nsu -Daether.connector.http.connectionMaxTtl=25
Quarkus UT (windows-latest)	Integration test setup	2025-06-09T00:27:56.8096708Z   SUREFIRE_RERUN_FAILING_COUNT: 2
Quarkus UT (windows-latest)	Integration test setup	2025-06-09T00:27:56.8097022Z   SUREFIRE_RETRY: -Dsurefire.rerunFailingTestsCount=2
Quarkus UT (windows-latest)	Integration test setup	2025-06-09T00:27:56.8097499Z   JAVA_HOME: C:\hostedtoolcache\windows\Java_Temurin-Hotspot_jdk\21.0.7-6.0\x64
Quarkus UT (windows-latest)	Integration test setup	2025-06-09T00:27:56.8098083Z   JAVA_HOME_21_X64: C:\hostedtoolcache\windows\Java_Temurin-Hotspot_jdk\21.0.7-6.0\x64
Quarkus UT (windows-latest)	Integration test setup	2025-06-09T00:27:56.8098520Z ##[endgroup]
Quarkus UT (windows-latest)	Integration test setup	2025-06-09T00:27:57.2005541Z Cache hit for: mvn-2025-23
Quarkus UT (windows-latest)	Integration test setup	2025-06-09T00:27:59.8676971Z Received 134217728 of 670337732 (20.0%), 48.9 MBs/sec
Quarkus UT (windows-latest)	Integration test setup	2025-06-09T00:28:02.3121941Z Received 268435456 of 670337732 (40.0%), 50.6 MBs/sec
Quarkus UT (windows-latest)	Integration test setup	2025-06-09T00:28:04.5690127Z Received 402653184 of 670337732 (60.1%), 52.5 MBs/sec
Quarkus UT (windows-latest)	Integration test setup	2025-06-09T00:28:06.9305503Z Received 536870912 of 670337732 (80.1%), 52.9 MBs/sec
Quarkus UT (windows-latest)	Integration test setup	2025-06-09T00:28:09.2690447Z Received 670337732 of 670337732 (100.0%), 53.2 MBs/sec
Quarkus UT (windows-latest)	Integration test setup	2025-06-09T00:28:09.2696383Z Cache Size: ~639 MB (670337732 B)
Quarkus UT (windows-latest)	Integration test setup	2025-06-09T00:28:09.2830018Z [command]"C:\Program Files\Git\usr\bin\tar.exe" -xf C:/a/_temp/0b39d20f-93f3-4936-8718-c27401ed65e8/cache.tzst -P -C C:/a/keycloak/keycloak --force-local --use-compress-program "zstd -d"
Quarkus UT (windows-latest)	Integration test setup	2025-06-09T00:28:45.2289174Z Cache restored successfully
Quarkus UT (windows-latest)	Integration test setup	2025-06-09T00:28:45.2713444Z Cache restored from key: mvn-2025-23
Quarkus UT (windows-latest)	Integration test setup	2025-06-09T00:28:45.2907979Z Prepare all required actions
Quarkus UT (windows-latest)	Integration test setup	2025-06-09T00:28:45.2908306Z Getting action download info
Quarkus UT (windows-latest)	Integration test setup	2025-06-09T00:28:45.4255217Z ##[group]Run ./.github/actions/node-cache
Quarkus UT (windows-latest)	Integration test setup	2025-06-09T00:28:45.4255569Z env:
Quarkus UT (windows-latest)	Integration test setup	2025-06-09T00:28:45.4255915Z   MAVEN_ARGS: -B -nsu -Daether.connector.http.connectionMaxTtl=25
Quarkus UT (windows-latest)	Integration test setup	2025-06-09T00:28:45.4256391Z   SUREFIRE_RERUN_FAILING_COUNT: 2
Quarkus UT (windows-latest)	Integration test setup	2025-06-09T00:28:45.4256782Z   SUREFIRE_RETRY: -Dsurefire.rerunFailingTestsCount=2
Quarkus UT (windows-latest)	Integration test setup	2025-06-09T00:28:45.4257359Z   JAVA_HOME: C:\hostedtoolcache\windows\Java_Temurin-Hotspot_jdk\21.0.7-6.0\x64
Quarkus UT (windows-latest)	Integration test setup	2025-06-09T00:28:45.4258050Z   JAVA_HOME_21_X64: C:\hostedtoolcache\windows\Java_Temurin-Hotspot_jdk\21.0.7-6.0\x64
Quarkus UT (windows-latest)	Integration test setup	2025-06-09T00:28:45.4258567Z ##[endgroup]
Quarkus UT (windows-latest)	Integration test setup	2025-06-09T00:28:45.4404057Z ##[group]Run echo "node=$(cat js/pom.xml | grep '<node.version>' | cut -d '>' -f 2 | cut -d '<' -f 1 | cut -c 2-)" >> $GITHUB_OUTPUT
Quarkus UT (windows-latest)	Integration test setup	2025-06-09T00:28:45.4405043Z [36;1mecho "node=$(cat js/pom.xml | grep '<node.version>' | cut -d '>' -f 2 | cut -d '<' -f 1 | cut -c 2-)" >> $GITHUB_OUTPUT[0m
Quarkus UT (windows-latest)	Integration test setup	2025-06-09T00:28:45.4405938Z [36;1mecho "pnpm=$(cat js/pom.xml | grep '<pnpm.version>' | cut -d '>' -f 2 | cut -d '<' -f 1 | cut -c 1-)" >> $GITHUB_OUTPUT[0m
Quarkus UT (windows-latest)	Integration test setup	2025-06-09T00:28:45.4417912Z shell: C:\Program Files\Git\bin\bash.EXE --noprofile --norc -e -o pipefail {0}
Quarkus UT (windows-latest)	Integration test setup	2025-06-09T00:28:45.4418304Z env:
Quarkus UT (windows-latest)	Integration test setup	2025-06-09T00:28:45.4418588Z   MAVEN_ARGS: -B -nsu -Daether.connector.http.connectionMaxTtl=25
Quarkus UT (windows-latest)	Integration test setup	2025-06-09T00:28:45.4418955Z   SUREFIRE_RERUN_FAILING_COUNT: 2
Quarkus UT (windows-latest)	Integration test setup	2025-06-09T00:28:45.4419262Z   SUREFIRE_RETRY: -Dsurefire.rerunFailingTestsCount=2
Quarkus UT (windows-latest)	Integration test setup	2025-06-09T00:28:45.4419713Z   JAVA_HOME: C:\hostedtoolcache\windows\Java_Temurin-Hotspot_jdk\21.0.7-6.0\x64
Quarkus UT (windows-latest)	Integration test setup	2025-06-09T00:28:45.4420264Z   JAVA_HOME_21_X64: C:\hostedtoolcache\windows\Java_Temurin-Hotspot_jdk\21.0.7-6.0\x64
Quarkus UT (windows-latest)	Integration test setup	2025-06-09T00:28:45.4420659Z ##[endgroup]
Quarkus UT (windows-latest)	Integration test setup	2025-06-09T00:28:45.6968898Z ##[group]Run actions/cache@5a3ec84eff668545956fd18022155c47e93e2684
Quarkus UT (windows-latest)	Integration test setup	2025-06-09T00:28:45.6969248Z with:
Quarkus UT (windows-latest)	Integration test setup	2025-06-09T00:28:45.6969613Z   path: ~/.m2/repository/com/github/eirslett/node
Quarkus UT (windows-latest)	Integration test setup	~/.m2/repository/com/github/eirslett/pnpm
Quarkus UT (windows-latest)	Integration test setup	
Quarkus UT (windows-latest)	Integration test setup	2025-06-09T00:28:45.6970233Z   key: Windows-frontend-plugin-artifacts-22.14.0-10.4.1
Quarkus UT (windows-latest)	Integration test setup	2025-06-09T00:28:45.6970559Z   enableCrossOsArchive: false
Quarkus UT (windows-latest)	Integration test setup	2025-06-09T00:28:45.6970782Z   fail-on-cache-miss: false
Quarkus UT (windows-latest)	Integration test setup	2025-06-09T00:28:45.6970982Z   lookup-only: false
Quarkus UT (windows-latest)	Integration test setup	2025-06-09T00:28:45.6971164Z   save-always: false
Quarkus UT (windows-latest)	Integration test setup	2025-06-09T00:28:45.6971325Z env:
Quarkus UT (windows-latest)	Integration test setup	2025-06-09T00:28:45.6971573Z   MAVEN_ARGS: -B -nsu -Daether.connector.http.connectionMaxTtl=25
Quarkus UT (windows-latest)	Integration test setup	2025-06-09T00:28:45.6971903Z   SUREFIRE_RERUN_FAILING_COUNT: 2
Quarkus UT (windows-latest)	Integration test setup	2025-06-09T00:28:45.6972172Z   SUREFIRE_RETRY: -Dsurefire.rerunFailingTestsCount=2
Quarkus UT (windows-latest)	Integration test setup	2025-06-09T00:28:45.6972571Z   JAVA_HOME: C:\hostedtoolcache\windows\Java_Temurin-Hotspot_jdk\21.0.7-6.0\x64
Quarkus UT (windows-latest)	Integration test setup	2025-06-09T00:28:45.6973057Z   JAVA_HOME_21_X64: C:\hostedtoolcache\windows\Java_Temurin-Hotspot_jdk\21.0.7-6.0\x64
Quarkus UT (windows-latest)	Integration test setup	2025-06-09T00:28:45.6973415Z ##[endgroup]
Quarkus UT (windows-latest)	Integration test setup	2025-06-09T00:28:46.0342182Z Cache hit for: Windows-frontend-plugin-artifacts-22.14.0-10.4.1
Quarkus UT (windows-latest)	Integration test setup	2025-06-09T00:28:49.1783863Z Received 134217728 of 180285260 (74.4%), 41.9 MBs/sec
Quarkus UT (windows-latest)	Integration test setup	2025-06-09T00:28:49.7933385Z Received 180285260 of 180285260 (100.0%), 46.8 MBs/sec
Quarkus UT (windows-latest)	Integration test setup	2025-06-09T00:28:49.7937997Z Cache Size: ~172 MB (180285260 B)
Quarkus UT (windows-latest)	Integration test setup	2025-06-09T00:28:49.7967655Z [command]"C:\Program Files\Git\usr\bin\tar.exe" -xf C:/a/_temp/6f35b54b-7c5f-4eaf-b4a5-58150272e987/cache.tzst -P -C C:/a/keycloak/keycloak --force-local --use-compress-program "zstd -d"
Quarkus UT (windows-latest)	Integration test setup	2025-06-09T00:28:49.8325145Z /usr/bin/tar: C\:/Users/runneradmin/.m2/repository/com: Cannot mkdir: No such file or directory
Quarkus UT (windows-latest)	Integration test setup	2025-06-09T00:28:49.8326510Z /usr/bin/tar: C\:/Users/runneradmin/.m2/repository/com/github/eirslett/node: Cannot mkdir: No such file or directory
Quarkus UT (windows-latest)	Integration test setup	2025-06-09T00:28:49.8328038Z /usr/bin/tar: C\:/Users/runneradmin/.m2/repository/com: Cannot mkdir: No such file or directory
Quarkus UT (windows-latest)	Integration test setup	2025-06-09T00:28:49.8329179Z /usr/bin/tar: C\:/Users/runneradmin/.m2/repository/com/github/eirslett/node/22.11.0: Cannot mkdir: No such file or directory
Quarkus UT (windows-latest)	Integration test setup	2025-06-09T00:28:49.8333797Z /usr/bin/tar: C\:/Users/runneradmin/.m2/repository/com: Cannot mkdir: No such file or directory
Quarkus UT (windows-latest)	Integration test setup	2025-06-09T00:28:49.8685170Z /usr/bin/tar: C\:/Users/runneradmin/.m2/repository/com/github/eirslett/node/22.11.0/node-22.11.0-linux-x64.tar.gz: Cannot open: No such file or directory
Quarkus UT (windows-latest)	Integration test setup	2025-06-09T00:28:49.8691561Z /usr/bin/tar: C\:/Users/runneradmin/.m2/repository/com: Cannot mkdir: No such file or directory
Quarkus UT (windows-latest)	Integration test setup	2025-06-09T00:28:50.1295697Z /usr/bin/tar: C\:/Users/runneradmin/.m2/repository/com/github/eirslett/node/22.11.0/node-22.11.0-win-x64.exe: Cannot open: No such file or directory
Quarkus UT (windows-latest)	Integration test setup	2025-06-09T00:28:50.1301892Z /usr/bin/tar: C\:/Users/runneradmin/.m2/repository/com: Cannot mkdir: No such file or directory
Quarkus UT (windows-latest)	Integration test setup	2025-06-09T00:28:50.1302806Z /usr/bin/tar: C\:/Users/runneradmin/.m2/repository/com/github/eirslett/node/22.14.0: Cannot mkdir: No such file or directory
Quarkus UT (windows-latest)	Integration test setup	2025-06-09T00:28:50.1308392Z /usr/bin/tar: C\:/Users/runneradmin/.m2/repository/com: Cannot mkdir: No such file or directory
Quarkus UT (windows-latest)	Integration test setup	2025-06-09T00:28:50.1676162Z /usr/bin/tar: C\:/Users/runneradmin/.m2/repository/com/github/eirslett/node/22.14.0/node-22.14.0-linux-x64.tar.gz: Cannot open: No such file or directory
Quarkus UT (windows-latest)	Integration test setup	2025-06-09T00:28:50.1685311Z /usr/bin/tar: C\:/Users/runneradmin/.m2/repository/com: Cannot mkdir: No such file or directory
Quarkus UT (windows-latest)	Integration test setup	2025-06-09T00:28:50.4437467Z /usr/bin/tar: C\:/Users/runneradmin/.m2/repository/com/github/eirslett/node/22.14.0/node-22.14.0-win-x64.exe: Cannot open: No such file or directory
Quarkus UT (windows-latest)	Integration test setup	2025-06-09T00:28:50.4443904Z /usr/bin/tar: C\:/Users/runneradmin/.m2/repository/com: Cannot mkdir: No such file or directory
Quarkus UT (windows-latest)	Integration test setup	2025-06-09T00:28:50.4445230Z /usr/bin/tar: C\:/Users/runneradmin/.m2/repository/com/github/eirslett/pnpm: Cannot mkdir: No such file or directory
Quarkus UT (windows-latest)	Integration test setup	2025-06-09T00:28:50.4450829Z /usr/bin/tar: C\:/Users/runneradmin/.m2/repository/com: Cannot mkdir: No such file or directory
Quarkus UT (windows-latest)	Integration test setup	2025-06-09T00:28:50.4451610Z /usr/bin/tar: C\:/Users/runneradmin/.m2/repository/com/github/eirslett/pnpm/10.3.0: Cannot mkdir: No such file or directory
Quarkus UT (windows-latest)	Integration test setup	2025-06-09T00:28:50.4456578Z /usr/bin/tar: C\:/Users/runneradmin/.m2/repository/com: Cannot mkdir: No such file or directory
Quarkus UT (windows-latest)	Integration test setup	2025-06-09T00:28:50.4488287Z /usr/bin/tar: C\:/Users/runneradmin/.m2/repository/com/github/eirslett/pnpm/10.3.0/pnpm-10.3.0.tar.gz: Cannot open: No such file or directory
Quarkus UT (windows-latest)	Integration test setup	2025-06-09T00:28:50.4493824Z /usr/bin/tar: C\:/Users/runneradmin/.m2/repository/com: Cannot mkdir: No such file or directory
Quarkus UT (windows-latest)	Integration test setup	2025-06-09T00:28:50.4495146Z /usr/bin/tar: C\:/Users/runneradmin/.m2/repository/com/github/eirslett/pnpm/10.4.1: Cannot mkdir: No such file or directory
Quarkus UT (windows-latest)	Integration test setup	2025-06-09T00:28:50.4499928Z /usr/bin/tar: C\:/Users/runneradmin/.m2/repository/com: Cannot mkdir: No such file or directory
Quarkus UT (windows-latest)	Integration test setup	2025-06-09T00:28:50.4529660Z /usr/bin/tar: C\:/Users/runneradmin/.m2/repository/com/github/eirslett/pnpm/10.4.1/pnpm-10.4.1.tar.gz: Cannot open: No such file or directory
Quarkus UT (windows-latest)	Integration test setup	2025-06-09T00:28:50.4535558Z /usr/bin/tar: C\:/Users/runneradmin/.m2/repository/com: Cannot mkdir: No such file or directory
Quarkus UT (windows-latest)	Integration test setup	2025-06-09T00:28:50.4536887Z /usr/bin/tar: C\:/Users/runneradmin/.m2/repository/com/github/eirslett/pnpm/9.14.4: Cannot mkdir: No such file or directory
Quarkus UT (windows-latest)	Integration test setup	2025-06-09T00:28:50.4541936Z /usr/bin/tar: C\:/Users/runneradmin/.m2/repository/com: Cannot mkdir: No such file or directory
Quarkus UT (windows-latest)	Integration test setup	2025-06-09T00:28:50.4570170Z /usr/bin/tar: C\:/Users/runneradmin/.m2/repository/com/github/eirslett/pnpm/9.14.4/pnpm-9.14.4.tar.gz: Cannot open: No such file or directory
Quarkus UT (windows-latest)	Integration test setup	2025-06-09T00:28:50.4589401Z /usr/bin/tar: Exiting with failure status due to previous errors
Quarkus UT (windows-latest)	Integration test setup	2025-06-09T00:28:50.4620570Z ##[warning]Failed to restore: "C:\Program failed with error: The process 'C:\Program Files\Git\usr\bin\tar.exe' failed with exit code 2
Quarkus UT (windows-latest)	Integration test setup	2025-06-09T00:28:50.4702453Z Cache not found for input keys: Windows-frontend-plugin-artifacts-22.14.0-10.4.1
Quarkus UT (windows-latest)	Integration test setup	2025-06-09T00:28:50.4970561Z ##[group]Run ./.github/scripts/download-node-tooling.sh 22.14.0 10.4.1
Quarkus UT (windows-latest)	Integration test setup	2025-06-09T00:28:50.4971146Z [36;1m./.github/scripts/download-node-tooling.sh 22.14.0 10.4.1[0m
Quarkus UT (windows-latest)	Integration test setup	2025-06-09T00:28:50.4982746Z shell: C:\Program Files\Git\bin\bash.EXE --noprofile --norc -e -o pipefail {0}
Quarkus UT (windows-latest)	Integration test setup	2025-06-09T00:28:50.4983282Z env:
Quarkus UT (windows-latest)	Integration test setup	2025-06-09T00:28:50.4983547Z   MAVEN_ARGS: -B -nsu -Daether.connector.http.connectionMaxTtl=25
Quarkus UT (windows-latest)	Integration test setup	2025-06-09T00:28:50.4983892Z   SUREFIRE_RERUN_FAILING_COUNT: 2
Quarkus UT (windows-latest)	Integration test setup	2025-06-09T00:28:50.4984185Z   SUREFIRE_RETRY: -Dsurefire.rerunFailingTestsCount=2
Quarkus UT (windows-latest)	Integration test setup	2025-06-09T00:28:50.4984598Z   JAVA_HOME: C:\hostedtoolcache\windows\Java_Temurin-Hotspot_jdk\21.0.7-6.0\x64
Quarkus UT (windows-latest)	Integration test setup	2025-06-09T00:28:50.4985090Z   JAVA_HOME_21_X64: C:\hostedtoolcache\windows\Java_Temurin-Hotspot_jdk\21.0.7-6.0\x64
Quarkus UT (windows-latest)	Integration test setup	2025-06-09T00:28:50.4985548Z ##[endgroup]
Quarkus UT (windows-latest)	Integration test setup	2025-06-09T00:28:50.5757191Z Downloading node-v22.14.0-linux-x64.tar.gz...
Quarkus UT (windows-latest)	Integration test setup	2025-06-09T00:28:50.6173720Z mkdir: cannot create directory '/c/Users/runneradmin/.m2/repository': File exists
Quarkus UT (windows-latest)	Integration test setup	2025-06-09T00:28:50.6214138Z ##[error]Process completed with exit code 1.
Quarkus IT (windows-latest, win)	Integration test setup	2025-06-09T00:27:52.8242941Z Prepare all required actions
Quarkus IT (windows-latest, win)	Integration test setup	2025-06-09T00:27:52.8243470Z Getting action download info
Quarkus IT (windows-latest, win)	Integration test setup	2025-06-09T00:27:52.9210159Z Download action repository 'actions/download-artifact@d3f86a106a0bac45b974a628896c90dbdf5c8093' (SHA:d3f86a106a0bac45b974a628896c90dbdf5c8093)
Quarkus IT (windows-latest, win)	Integration test setup	2025-06-09T00:27:54.0744006Z ##[group]Run ./.github/actions/integration-test-setup
Quarkus IT (windows-latest, win)	Integration test setup	2025-06-09T00:27:54.0744296Z with:
Quarkus IT (windows-latest, win)	Integration test setup	2025-06-09T00:27:54.0744463Z   jdk-dist: temurin
Quarkus IT (windows-latest, win)	Integration test setup	2025-06-09T00:27:54.0744634Z   jdk-version: 21
Quarkus IT (windows-latest, win)	Integration test setup	2025-06-09T00:27:54.0744795Z env:
Quarkus IT (windows-latest, win)	Integration test setup	2025-06-09T00:27:54.0745034Z   MAVEN_ARGS: -B -nsu -Daether.connector.http.connectionMaxTtl=25
Quarkus IT (windows-latest, win)	Integration test setup	2025-06-09T00:27:54.0745346Z   SUREFIRE_RERUN_FAILING_COUNT: 2
Quarkus IT (windows-latest, win)	Integration test setup	2025-06-09T00:27:54.0745610Z   SUREFIRE_RETRY: -Dsurefire.rerunFailingTestsCount=2
Quarkus IT (windows-latest, win)	Integration test setup	2025-06-09T00:27:54.0745884Z   MAVEN_OPTS: -Xmx1536m
Quarkus IT (windows-latest, win)	Integration test setup	2025-06-09T00:27:54.0746062Z ##[endgroup]
Quarkus IT (windows-latest, win)	Integration test setup	2025-06-09T00:27:54.0913280Z Prepare all required actions
Quarkus IT (windows-latest, win)	Integration test setup	2025-06-09T00:27:54.0968698Z ##[group]Run ./.github/actions/update-hosts
Quarkus IT (windows-latest, win)	Integration test setup	2025-06-09T00:27:54.0969022Z env:
Quarkus IT (windows-latest, win)	Integration test setup	2025-06-09T00:27:54.0969374Z   MAVEN_ARGS: -B -nsu -Daether.connector.http.connectionMaxTtl=25
Quarkus IT (windows-latest, win)	Integration test setup	2025-06-09T00:27:54.0969768Z   SUREFIRE_RERUN_FAILING_COUNT: 2
Quarkus IT (windows-latest, win)	Integration test setup	2025-06-09T00:27:54.0970097Z   SUREFIRE_RETRY: -Dsurefire.rerunFailingTestsCount=2
Quarkus IT (windows-latest, win)	Integration test setup	2025-06-09T00:27:54.0970445Z   MAVEN_OPTS: -Xmx1536m
Quarkus IT (windows-latest, win)	Integration test setup	2025-06-09T00:27:54.0970667Z ##[endgroup]
Quarkus IT (windows-latest, win)	Integration test setup	2025-06-09T00:27:54.1098731Z ##[group]Run "`n`n" | Add-Content C:\Windows\System32\drivers\etc\hosts
Quarkus IT (windows-latest, win)	Integration test setup	2025-06-09T00:27:54.1099197Z [36;1m"`n`n" | Add-Content C:\Windows\System32\drivers\etc\hosts[0m
Quarkus IT (windows-latest, win)	Integration test setup	2025-06-09T00:27:54.1099745Z [36;1mGet-Content .github/actions/update-hosts/nipio-hosts | Add-Content C:\Windows\System32\drivers\etc\hosts[0m
Quarkus IT (windows-latest, win)	Integration test setup	2025-06-09T00:27:54.1189958Z shell: C:\Windows\System32\WindowsPowerShell\v1.0\powershell.EXE -command ". '{0}'"
Quarkus IT (windows-latest, win)	Integration test setup	2025-06-09T00:27:54.1190421Z env:
Quarkus IT (windows-latest, win)	Integration test setup	2025-06-09T00:27:54.1190717Z   MAVEN_ARGS: -B -nsu -Daether.connector.http.connectionMaxTtl=25
Quarkus IT (windows-latest, win)	Integration test setup	2025-06-09T00:27:54.1191111Z   SUREFIRE_RERUN_FAILING_COUNT: 2
Quarkus IT (windows-latest, win)	Integration test setup	2025-06-09T00:27:54.1191628Z   SUREFIRE_RETRY: -Dsurefire.rerunFailingTestsCount=2
Quarkus IT (windows-latest, win)	Integration test setup	2025-06-09T00:27:54.1191956Z   MAVEN_OPTS: -Xmx1536m
Quarkus IT (windows-latest, win)	Integration test setup	2025-06-09T00:27:54.1192163Z ##[endgroup]
Quarkus IT (windows-latest, win)	Integration test setup	2025-06-09T00:27:54.3796086Z Prepare all required actions
Quarkus IT (windows-latest, win)	Integration test setup	2025-06-09T00:27:54.3796386Z Getting action download info
Quarkus IT (windows-latest, win)	Integration test setup	2025-06-09T00:27:54.4879373Z Download action repository 'actions/setup-java@c5195efecf7bdfc987ee8bae7a71cb8b11521c00' (SHA:c5195efecf7bdfc987ee8bae7a71cb8b11521c00)
Quarkus IT (windows-latest, win)	Integration test setup	2025-06-09T00:27:55.9794068Z ##[group]Run ./.github/actions/java-setup
Quarkus IT (windows-latest, win)	Integration test setup	2025-06-09T00:27:55.9794315Z with:
Quarkus IT (windows-latest, win)	Integration test setup	2025-06-09T00:27:55.9794472Z   distribution: temurin
Quarkus IT (windows-latest, win)	Integration test setup	2025-06-09T00:27:55.9794654Z   java-version: 21
Quarkus IT (windows-latest, win)	Integration test setup	2025-06-09T00:27:55.9794816Z env:
Quarkus IT (windows-latest, win)	Integration test setup	2025-06-09T00:27:55.9795054Z   MAVEN_ARGS: -B -nsu -Daether.connector.http.connectionMaxTtl=25
Quarkus IT (windows-latest, win)	Integration test setup	2025-06-09T00:27:55.9795372Z   SUREFIRE_RERUN_FAILING_COUNT: 2
Quarkus IT (windows-latest, win)	Integration test setup	2025-06-09T00:27:55.9795630Z   SUREFIRE_RETRY: -Dsurefire.rerunFailingTestsCount=2
Quarkus IT (windows-latest, win)	Integration test setup	2025-06-09T00:27:55.9795899Z   MAVEN_OPTS: -Xmx1536m
Quarkus IT (windows-latest, win)	Integration test setup	2025-06-09T00:27:55.9796097Z ##[endgroup]
Quarkus IT (windows-latest, win)	Integration test setup	2025-06-09T00:27:55.9981240Z ##[group]Run actions/setup-java@c5195efecf7bdfc987ee8bae7a71cb8b11521c00
Quarkus IT (windows-latest, win)	Integration test setup	2025-06-09T00:27:55.9981575Z with:
Quarkus IT (windows-latest, win)	Integration test setup	2025-06-09T00:27:55.9981731Z   distribution: temurin
Quarkus IT (windows-latest, win)	Integration test setup	2025-06-09T00:27:55.9981911Z   java-version: 21
Quarkus IT (windows-latest, win)	Integration test setup	2025-06-09T00:27:55.9982071Z   java-package: jdk
Quarkus IT (windows-latest, win)	Integration test setup	2025-06-09T00:27:55.9982256Z   check-latest: false
Quarkus IT (windows-latest, win)	Integration test setup	2025-06-09T00:27:55.9982427Z   server-id: github
Quarkus IT (windows-latest, win)	Integration test setup	2025-06-09T00:27:55.9982601Z   server-username: GITHUB_ACTOR
Quarkus IT (windows-latest, win)	Integration test setup	2025-06-09T00:27:55.9982819Z   server-password: GITHUB_TOKEN
Quarkus IT (windows-latest, win)	Integration test setup	2025-06-09T00:27:55.9983025Z   overwrite-settings: true
Quarkus IT (windows-latest, win)	Integration test setup	2025-06-09T00:27:55.9983217Z   job-status: success
Quarkus IT (windows-latest, win)	Integration test setup	2025-06-09T00:27:55.9983487Z   token: ***
Quarkus IT (windows-latest, win)	Integration test setup	2025-06-09T00:27:55.9983637Z env:
Quarkus IT (windows-latest, win)	Integration test setup	2025-06-09T00:27:55.9983869Z   MAVEN_ARGS: -B -nsu -Daether.connector.http.connectionMaxTtl=25
Quarkus IT (windows-latest, win)	Integration test setup	2025-06-09T00:27:55.9984176Z   SUREFIRE_RERUN_FAILING_COUNT: 2
Quarkus IT (windows-latest, win)	Integration test setup	2025-06-09T00:27:55.9984426Z   SUREFIRE_RETRY: -Dsurefire.rerunFailingTestsCount=2
Quarkus IT (windows-latest, win)	Integration test setup	2025-06-09T00:27:55.9984691Z   MAVEN_OPTS: -Xmx1536m
Quarkus IT (windows-latest, win)	Integration test setup	2025-06-09T00:27:55.9986495Z ##[endgroup]
Quarkus IT (windows-latest, win)	Integration test setup	2025-06-09T00:27:56.2548093Z ##[group]Installed distributions
Quarkus IT (windows-latest, win)	Integration test setup	2025-06-09T00:27:56.3206134Z Resolved Java 21.0.7+6.0 from tool-cache
Quarkus IT (windows-latest, win)	Integration test setup	2025-06-09T00:27:56.3206652Z Setting Java 21.0.7+6.0 as the default
Quarkus IT (windows-latest, win)	Integration test setup	2025-06-09T00:27:56.3242111Z Creating toolchains.xml for JDK version 21 from temurin
Quarkus IT (windows-latest, win)	Integration test setup	2025-06-09T00:27:56.3344485Z Writing to C:\Users\runneradmin\.m2\toolchains.xml
Quarkus IT (windows-latest, win)	Integration test setup	2025-06-09T00:27:56.3347941Z 
Quarkus IT (windows-latest, win)	Integration test setup	2025-06-09T00:27:56.3348234Z Java configuration:
Quarkus IT (windows-latest, win)	Integration test setup	2025-06-09T00:27:56.3348553Z   Distribution: temurin
Quarkus IT (windows-latest, win)	Integration test setup	2025-06-09T00:27:56.3348788Z   Version: 21.0.7+6.0
Quarkus IT (windows-latest, win)	Integration test setup	2025-06-09T00:27:56.3350136Z   Path: C:\hostedtoolcache\windows\Java_Temurin-Hotspot_jdk\21.0.7-6.0\x64
Quarkus IT (windows-latest, win)	Integration test setup	2025-06-09T00:27:56.3350580Z 
Quarkus IT (windows-latest, win)	Integration test setup	2025-06-09T00:27:56.3351417Z ##[endgroup]
Quarkus IT (windows-latest, win)	Integration test setup	2025-06-09T00:27:56.3367411Z Creating settings.xml with server-id: github
Quarkus IT (windows-latest, win)	Integration test setup	2025-06-09T00:27:56.3385739Z Writing to C:\Users\runneradmin\.m2\settings.xml
Quarkus IT (windows-latest, win)	Integration test setup	2025-06-09T00:27:56.3603527Z Prepare all required actions
Quarkus IT (windows-latest, win)	Integration test setup	2025-06-09T00:27:56.3603831Z Getting action download info
Quarkus IT (windows-latest, win)	Integration test setup	2025-06-09T00:27:56.4610201Z Download action repository 'actions/cache@5a3ec84eff668545956fd18022155c47e93e2684' (SHA:5a3ec84eff668545956fd18022155c47e93e2684)
Quarkus IT (windows-latest, win)	Integration test setup	2025-06-09T00:27:57.0422760Z ##[group]Run ./.github/actions/maven-cache
Quarkus IT (windows-latest, win)	Integration test setup	2025-06-09T00:27:57.0423020Z with:
Quarkus IT (windows-latest, win)	Integration test setup	2025-06-09T00:27:57.0423205Z   create-cache-if-it-doesnt-exist: false
Quarkus IT (windows-latest, win)	Integration test setup	2025-06-09T00:27:57.0423424Z env:
Quarkus IT (windows-latest, win)	Integration test setup	2025-06-09T00:27:57.0423658Z   MAVEN_ARGS: -B -nsu -Daether.connector.http.connectionMaxTtl=25
Quarkus IT (windows-latest, win)	Integration test setup	2025-06-09T00:27:57.0423965Z   SUREFIRE_RERUN_FAILING_COUNT: 2
Quarkus IT (windows-latest, win)	Integration test setup	2025-06-09T00:27:57.0424227Z   SUREFIRE_RETRY: -Dsurefire.rerunFailingTestsCount=2
Quarkus IT (windows-latest, win)	Integration test setup	2025-06-09T00:27:57.0424509Z   MAVEN_OPTS: -Xmx1536m
Quarkus IT (windows-latest, win)	Integration test setup	2025-06-09T00:27:57.0424803Z   JAVA_HOME: C:\hostedtoolcache\windows\Java_Temurin-Hotspot_jdk\21.0.7-6.0\x64
Quarkus IT (windows-latest, win)	Integration test setup	2025-06-09T00:27:57.0425251Z   JAVA_HOME_21_X64: C:\hostedtoolcache\windows\Java_Temurin-Hotspot_jdk\21.0.7-6.0\x64
Quarkus IT (windows-latest, win)	Integration test setup	2025-06-09T00:27:57.0425586Z ##[endgroup]
Quarkus IT (windows-latest, win)	Integration test setup	2025-06-09T00:27:57.0528104Z ##[group]Run echo "key=mvn-`date -u "+%Y-%U"`" >> $GITHUB_OUTPUT
Quarkus IT (windows-latest, win)	Integration test setup	2025-06-09T00:27:57.0528494Z [36;1mecho "key=mvn-`date -u "+%Y-%U"`" >> $GITHUB_OUTPUT[0m
Quarkus IT (windows-latest, win)	Integration test setup	2025-06-09T00:27:57.2087800Z shell: C:\Program Files\Git\bin\bash.EXE --noprofile --norc -e -o pipefail {0}
Quarkus IT (windows-latest, win)	Integration test setup	2025-06-09T00:27:57.2088189Z env:
Quarkus IT (windows-latest, win)	Integration test setup	2025-06-09T00:27:57.2088460Z   MAVEN_ARGS: -B -nsu -Daether.connector.http.connectionMaxTtl=25
Quarkus IT (windows-latest, win)	Integration test setup	2025-06-09T00:27:57.2088801Z   SUREFIRE_RERUN_FAILING_COUNT: 2
Quarkus IT (windows-latest, win)	Integration test setup	2025-06-09T00:27:57.2089131Z   SUREFIRE_RETRY: -Dsurefire.rerunFailingTestsCount=2
Quarkus IT (windows-latest, win)	Integration test setup	2025-06-09T00:27:57.2089424Z   MAVEN_OPTS: -Xmx1536m
Quarkus IT (windows-latest, win)	Integration test setup	2025-06-09T00:27:57.2089742Z   JAVA_HOME: C:\hostedtoolcache\windows\Java_Temurin-Hotspot_jdk\21.0.7-6.0\x64
Quarkus IT (windows-latest, win)	Integration test setup	2025-06-09T00:27:57.2090229Z   JAVA_HOME_21_X64: C:\hostedtoolcache\windows\Java_Temurin-Hotspot_jdk\21.0.7-6.0\x64
Quarkus IT (windows-latest, win)	Integration test setup	2025-06-09T00:27:57.2090585Z ##[endgroup]
Quarkus IT (windows-latest, win)	Integration test setup	2025-06-09T00:27:57.6777725Z ##[group]Run mkdir -p ../../../.m2/repository
Quarkus IT (windows-latest, win)	Integration test setup	2025-06-09T00:27:57.6778015Z [36;1mmkdir -p ../../../.m2/repository[0m
Quarkus IT (windows-latest, win)	Integration test setup	2025-06-09T00:27:57.6778325Z [36;1mcmd /c mklink /d $HOME\.m2\repository D:\.m2\repository[0m
Quarkus IT (windows-latest, win)	Integration test setup	2025-06-09T00:27:57.6808178Z shell: C:\Windows\System32\WindowsPowerShell\v1.0\powershell.EXE -command ". '{0}'"
Quarkus IT (windows-latest, win)	Integration test setup	2025-06-09T00:27:57.6808556Z env:
Quarkus IT (windows-latest, win)	Integration test setup	2025-06-09T00:27:57.6808793Z   MAVEN_ARGS: -B -nsu -Daether.connector.http.connectionMaxTtl=25
Quarkus IT (windows-latest, win)	Integration test setup	2025-06-09T00:27:57.6809107Z   SUREFIRE_RERUN_FAILING_COUNT: 2
Quarkus IT (windows-latest, win)	Integration test setup	2025-06-09T00:27:57.6809368Z   SUREFIRE_RETRY: -Dsurefire.rerunFailingTestsCount=2
Quarkus IT (windows-latest, win)	Integration test setup	2025-06-09T00:27:57.6809639Z   MAVEN_OPTS: -Xmx1536m
Quarkus IT (windows-latest, win)	Integration test setup	2025-06-09T00:27:57.6809936Z   JAVA_HOME: C:\hostedtoolcache\windows\Java_Temurin-Hotspot_jdk\21.0.7-6.0\x64
Quarkus IT (windows-latest, win)	Integration test setup	2025-06-09T00:27:57.6810386Z   JAVA_HOME_21_X64: C:\hostedtoolcache\windows\Java_Temurin-Hotspot_jdk\21.0.7-6.0\x64
Quarkus IT (windows-latest, win)	Integration test setup	2025-06-09T00:27:57.6810720Z ##[endgroup]
Quarkus IT (windows-latest, win)	Integration test setup	2025-06-09T00:27:57.9307624Z 
Quarkus IT (windows-latest, win)	Integration test setup	2025-06-09T00:27:57.9308927Z 
Quarkus IT (windows-latest, win)	Integration test setup	2025-06-09T00:27:57.9311840Z     Directory: C:\.m2
Quarkus IT (windows-latest, win)	Integration test setup	2025-06-09T00:27:57.9312141Z 
Quarkus IT (windows-latest, win)	Integration test setup	2025-06-09T00:27:57.9312534Z 
Quarkus IT (windows-latest, win)	Integration test setup	2025-06-09T00:27:57.9325535Z Mode                 LastWriteTime         Length Name                                                                 
Quarkus IT (windows-latest, win)	Integration test setup	2025-06-09T00:27:57.9332126Z ----                 -------------         ------ ----                                                                 
Quarkus IT (windows-latest, win)	Integration test setup	2025-06-09T00:27:57.9344128Z d-----          6/9/2025  12:27 AM                repository                                                           
Quarkus IT (windows-latest, win)	Integration test setup	2025-06-09T00:27:57.9461338Z symbolic link created for C:\Users\runneradmin\.m2\repository <<===>> D:\.m2\repository
Quarkus IT (windows-latest, win)	Integration test setup	2025-06-09T00:27:58.0348622Z 
Quarkus IT (windows-latest, win)	Integration test setup	2025-06-09T00:27:58.0348688Z 
Quarkus IT (windows-latest, win)	Integration test setup	2025-06-09T00:27:58.0597944Z ##[group]Run actions/cache/restore@5a3ec84eff668545956fd18022155c47e93e2684
Quarkus IT (windows-latest, win)	Integration test setup	2025-06-09T00:27:58.0598282Z with:
Quarkus IT (windows-latest, win)	Integration test setup	2025-06-09T00:27:58.0598523Z   path: ~/.m2/repository/*/*
Quarkus IT (windows-latest, win)	Integration test setup	!~/.m2/repository/org/keycloak
Quarkus IT (windows-latest, win)	Integration test setup	
Quarkus IT (windows-latest, win)	Integration test setup	2025-06-09T00:27:58.0598810Z   key: mvn-2025-23
Quarkus IT (windows-latest, win)	Integration test setup	2025-06-09T00:27:58.0598988Z   enableCrossOsArchive: true
Quarkus IT (windows-latest, win)	Integration test setup	2025-06-09T00:27:58.0599192Z   fail-on-cache-miss: false
Quarkus IT (windows-latest, win)	Integration test setup	2025-06-09T00:27:58.0599383Z   lookup-only: false
Quarkus IT (windows-latest, win)	Integration test setup	2025-06-09T00:27:58.0599584Z env:
Quarkus IT (windows-latest, win)	Integration test setup	2025-06-09T00:27:58.0599826Z   MAVEN_ARGS: -B -nsu -Daether.connector.http.connectionMaxTtl=25
Quarkus IT (windows-latest, win)	Integration test setup	2025-06-09T00:27:58.0600134Z   SUREFIRE_RERUN_FAILING_COUNT: 2
Quarkus IT (windows-latest, win)	Integration test setup	2025-06-09T00:27:58.0600385Z   SUREFIRE_RETRY: -Dsurefire.rerunFailingTestsCount=2
Quarkus IT (windows-latest, win)	Integration test setup	2025-06-09T00:27:58.0600657Z   MAVEN_OPTS: -Xmx1536m
Quarkus IT (windows-latest, win)	Integration test setup	2025-06-09T00:27:58.0600955Z   JAVA_HOME: C:\hostedtoolcache\windows\Java_Temurin-Hotspot_jdk\21.0.7-6.0\x64
Quarkus IT (windows-latest, win)	Integration test setup	2025-06-09T00:27:58.0601399Z   JAVA_HOME_21_X64: C:\hostedtoolcache\windows\Java_Temurin-Hotspot_jdk\21.0.7-6.0\x64
Quarkus IT (windows-latest, win)	Integration test setup	2025-06-09T00:27:58.0601727Z ##[endgroup]
Quarkus IT (windows-latest, win)	Integration test setup	2025-06-09T00:27:58.5737570Z Cache hit for: mvn-2025-23
Quarkus IT (windows-latest, win)	Integration test setup	2025-06-09T00:28:01.1038955Z Received 134217728 of 670337732 (20.0%), 51.4 MBs/sec
Quarkus IT (windows-latest, win)	Integration test setup	2025-06-09T00:28:03.5156444Z Received 268435456 of 670337732 (40.0%), 52.2 MBs/sec
Quarkus IT (windows-latest, win)	Integration test setup	2025-06-09T00:28:05.6598542Z Received 402653184 of 670337732 (60.1%), 54.5 MBs/sec
Quarkus IT (windows-latest, win)	Integration test setup	2025-06-09T00:28:07.8123908Z Received 536870912 of 670337732 (80.1%), 55.7 MBs/sec
Quarkus IT (windows-latest, win)	Integration test setup	2025-06-09T00:28:09.9476586Z Received 670337732 of 670337732 (100.0%), 56.4 MBs/sec
Quarkus IT (windows-latest, win)	Integration test setup	2025-06-09T00:28:09.9482874Z Cache Size: ~639 MB (670337732 B)
Quarkus IT (windows-latest, win)	Integration test setup	2025-06-09T00:28:09.9527558Z [command]"C:\Program Files\Git\usr\bin\tar.exe" -xf C:/a/_temp/2087ba51-2800-4684-872c-00799d35c97a/cache.tzst -P -C C:/a/keycloak/keycloak --force-local --use-compress-program "zstd -d"
Quarkus IT (windows-latest, win)	Integration test setup	2025-06-09T00:29:06.0148830Z Cache restored successfully
Quarkus IT (windows-latest, win)	Integration test setup	2025-06-09T00:29:06.0556836Z Cache restored from key: mvn-2025-23
Quarkus IT (windows-latest, win)	Integration test setup	2025-06-09T00:29:06.0765102Z Prepare all required actions
Quarkus IT (windows-latest, win)	Integration test setup	2025-06-09T00:29:06.0765415Z Getting action download info
Quarkus IT (windows-latest, win)	Integration test setup	2025-06-09T00:29:06.2316727Z ##[group]Run ./.github/actions/node-cache
Quarkus IT (windows-latest, win)	Integration test setup	2025-06-09T00:29:06.2316985Z env:
Quarkus IT (windows-latest, win)	Integration test setup	2025-06-09T00:29:06.2317243Z   MAVEN_ARGS: -B -nsu -Daether.connector.http.connectionMaxTtl=25
Quarkus IT (windows-latest, win)	Integration test setup	2025-06-09T00:29:06.2317564Z   SUREFIRE_RERUN_FAILING_COUNT: 2
Quarkus IT (windows-latest, win)	Integration test setup	2025-06-09T00:29:06.2317829Z   SUREFIRE_RETRY: -Dsurefire.rerunFailingTestsCount=2
Quarkus IT (windows-latest, win)	Integration test setup	2025-06-09T00:29:06.2318108Z   MAVEN_OPTS: -Xmx1536m
Quarkus IT (windows-latest, win)	Integration test setup	2025-06-09T00:29:06.2318432Z   JAVA_HOME: C:\hostedtoolcache\windows\Java_Temurin-Hotspot_jdk\21.0.7-6.0\x64
Quarkus IT (windows-latest, win)	Integration test setup	2025-06-09T00:29:06.2318901Z   JAVA_HOME_21_X64: C:\hostedtoolcache\windows\Java_Temurin-Hotspot_jdk\21.0.7-6.0\x64
Quarkus IT (windows-latest, win)	Integration test setup	2025-06-09T00:29:06.2319241Z ##[endgroup]
Quarkus IT (windows-latest, win)	Integration test setup	2025-06-09T00:29:06.2544055Z ##[group]Run echo "node=$(cat js/pom.xml | grep '<node.version>' | cut -d '>' -f 2 | cut -d '<' -f 1 | cut -c 2-)" >> $GITHUB_OUTPUT
Quarkus IT (windows-latest, win)	Integration test setup	2025-06-09T00:29:06.2544813Z [36;1mecho "node=$(cat js/pom.xml | grep '<node.version>' | cut -d '>' -f 2 | cut -d '<' -f 1 | cut -c 2-)" >> $GITHUB_OUTPUT[0m
Quarkus IT (windows-latest, win)	Integration test setup	2025-06-09T00:29:06.2545523Z [36;1mecho "pnpm=$(cat js/pom.xml | grep '<pnpm.version>' | cut -d '>' -f 2 | cut -d '<' -f 1 | cut -c 1-)" >> $GITHUB_OUTPUT[0m
Quarkus IT (windows-latest, win)	Integration test setup	2025-06-09T00:29:06.2557115Z shell: C:\Program Files\Git\bin\bash.EXE --noprofile --norc -e -o pipefail {0}
Quarkus IT (windows-latest, win)	Integration test setup	2025-06-09T00:29:06.2557461Z env:
Quarkus IT (windows-latest, win)	Integration test setup	2025-06-09T00:29:06.2557709Z   MAVEN_ARGS: -B -nsu -Daether.connector.http.connectionMaxTtl=25
Quarkus IT (windows-latest, win)	Integration test setup	2025-06-09T00:29:06.2558034Z   SUREFIRE_RERUN_FAILING_COUNT: 2
Quarkus IT (windows-latest, win)	Integration test setup	2025-06-09T00:29:06.2558469Z   SUREFIRE_RETRY: -Dsurefire.rerunFailingTestsCount=2
Quarkus IT (windows-latest, win)	Integration test setup	2025-06-09T00:29:06.2558749Z   MAVEN_OPTS: -Xmx1536m
Quarkus IT (windows-latest, win)	Integration test setup	2025-06-09T00:29:06.2559065Z   JAVA_HOME: C:\hostedtoolcache\windows\Java_Temurin-Hotspot_jdk\21.0.7-6.0\x64
Quarkus IT (windows-latest, win)	Integration test setup	2025-06-09T00:29:06.2559526Z   JAVA_HOME_21_X64: C:\hostedtoolcache\windows\Java_Temurin-Hotspot_jdk\21.0.7-6.0\x64
Quarkus IT (windows-latest, win)	Integration test setup	2025-06-09T00:29:06.2559867Z ##[endgroup]
Quarkus IT (windows-latest, win)	Integration test setup	2025-06-09T00:29:06.6989794Z ##[group]Run actions/cache@5a3ec84eff668545956fd18022155c47e93e2684
Quarkus IT (windows-latest, win)	Integration test setup	2025-06-09T00:29:06.6990109Z with:
Quarkus IT (windows-latest, win)	Integration test setup	2025-06-09T00:29:06.6990453Z   path: ~/.m2/repository/com/github/eirslett/node
Quarkus IT (windows-latest, win)	Integration test setup	~/.m2/repository/com/github/eirslett/pnpm
Quarkus IT (windows-latest, win)	Integration test setup	
Quarkus IT (windows-latest, win)	Integration test setup	2025-06-09T00:29:06.6990917Z   key: Windows-frontend-plugin-artifacts-22.14.0-10.4.1
Quarkus IT (windows-latest, win)	Integration test setup	2025-06-09T00:29:06.6991205Z   enableCrossOsArchive: false
Quarkus IT (windows-latest, win)	Integration test setup	2025-06-09T00:29:06.6991416Z   fail-on-cache-miss: false
Quarkus IT (windows-latest, win)	Integration test setup	2025-06-09T00:29:06.6991606Z   lookup-only: false
Quarkus IT (windows-latest, win)	Integration test setup	2025-06-09T00:29:06.6991779Z   save-always: false
Quarkus IT (windows-latest, win)	Integration test setup	2025-06-09T00:29:06.6991935Z env:
Quarkus IT (windows-latest, win)	Integration test setup	2025-06-09T00:29:06.6992188Z   MAVEN_ARGS: -B -nsu -Daether.connector.http.connectionMaxTtl=25
Quarkus IT (windows-latest, win)	Integration test setup	2025-06-09T00:29:06.6992510Z   SUREFIRE_RERUN_FAILING_COUNT: 2
Quarkus IT (windows-latest, win)	Integration test setup	2025-06-09T00:29:06.6992764Z   SUREFIRE_RETRY: -Dsurefire.rerunFailingTestsCount=2
Quarkus IT (windows-latest, win)	Integration test setup	2025-06-09T00:29:06.6993028Z   MAVEN_OPTS: -Xmx1536m
Quarkus IT (windows-latest, win)	Integration test setup	2025-06-09T00:29:06.6993327Z   JAVA_HOME: C:\hostedtoolcache\windows\Java_Temurin-Hotspot_jdk\21.0.7-6.0\x64
Quarkus IT (windows-latest, win)	Integration test setup	2025-06-09T00:29:06.6993778Z   JAVA_HOME_21_X64: C:\hostedtoolcache\windows\Java_Temurin-Hotspot_jdk\21.0.7-6.0\x64
Quarkus IT (windows-latest, win)	Integration test setup	2025-06-09T00:29:06.6994113Z ##[endgroup]
Quarkus IT (windows-latest, win)	Integration test setup	2025-06-09T00:29:07.0380658Z Cache hit for: Windows-frontend-plugin-artifacts-22.14.0-10.4.1
Quarkus IT (windows-latest, win)	Integration test setup	2025-06-09T00:29:09.6610963Z Received 134217728 of 180285260 (74.4%), 50.1 MBs/sec
Quarkus IT (windows-latest, win)	Integration test setup	2025-06-09T00:29:10.2987348Z Received 180285260 of 180285260 (100.0%), 53.7 MBs/sec
Quarkus IT (windows-latest, win)	Integration test setup	2025-06-09T00:29:10.2991551Z Cache Size: ~172 MB (180285260 B)
Quarkus IT (windows-latest, win)	Integration test setup	2025-06-09T00:29:10.3094945Z [command]"C:\Program Files\Git\usr\bin\tar.exe" -xf C:/a/_temp/1a125e83-760f-4748-aafb-2f1e578906a1/cache.tzst -P -C C:/a/keycloak/keycloak --force-local --use-compress-program "zstd -d"
Quarkus IT (windows-latest, win)	Integration test setup	2025-06-09T00:29:10.3419190Z /usr/bin/tar: C\:/Users/runneradmin/.m2/repository/com: Cannot mkdir: No such file or directory
Quarkus IT (windows-latest, win)	Integration test setup	2025-06-09T00:29:10.3420796Z /usr/bin/tar: C\:/Users/runneradmin/.m2/repository/com/github/eirslett/node: Cannot mkdir: No such file or directory
Quarkus IT (windows-latest, win)	Integration test setup	2025-06-09T00:29:10.3422238Z /usr/bin/tar: C\:/Users/runneradmin/.m2/repository/com: Cannot mkdir: No such file or directory
Quarkus IT (windows-latest, win)	Integration test setup	2025-06-09T00:29:10.3423687Z /usr/bin/tar: C\:/Users/runneradmin/.m2/repository/com/github/eirslett/node/22.11.0: Cannot mkdir: No such file or directory
Quarkus IT (windows-latest, win)	Integration test setup	2025-06-09T00:29:10.3427476Z /usr/bin/tar: C\:/Users/runneradmin/.m2/repository/com: Cannot mkdir: No such file or directory
Quarkus IT (windows-latest, win)	Integration test setup	2025-06-09T00:29:10.3787210Z /usr/bin/tar: C\:/Users/runneradmin/.m2/repository/com/github/eirslett/node/22.11.0/node-22.11.0-linux-x64.tar.gz: Cannot open: No such file or directory
Quarkus IT (windows-latest, win)	Integration test setup	2025-06-09T00:29:10.3793531Z /usr/bin/tar: C\:/Users/runneradmin/.m2/repository/com: Cannot mkdir: No such file or directory
Quarkus IT (windows-latest, win)	Integration test setup	2025-06-09T00:29:10.6226835Z /usr/bin/tar: C\:/Users/runneradmin/.m2/repository/com/github/eirslett/node/22.11.0/node-22.11.0-win-x64.exe: Cannot open: No such file or directory
Quarkus IT (windows-latest, win)	Integration test setup	2025-06-09T00:29:10.6232828Z /usr/bin/tar: C\:/Users/runneradmin/.m2/repository/com: Cannot mkdir: No such file or directory
Quarkus IT (windows-latest, win)	Integration test setup	2025-06-09T00:29:10.6234193Z /usr/bin/tar: C\:/Users/runneradmin/.m2/repository/com/github/eirslett/node/22.14.0: Cannot mkdir: No such file or directory
Quarkus IT (windows-latest, win)	Integration test setup	2025-06-09T00:29:10.6240106Z /usr/bin/tar: C\:/Users/runneradmin/.m2/repository/com: Cannot mkdir: No such file or directory
Quarkus IT (windows-latest, win)	Integration test setup	2025-06-09T00:29:10.6620211Z /usr/bin/tar: C\:/Users/runneradmin/.m2/repository/com/github/eirslett/node/22.14.0/node-22.14.0-linux-x64.tar.gz: Cannot open: No such file or directory
Quarkus IT (windows-latest, win)	Integration test setup	2025-06-09T00:29:10.6627078Z /usr/bin/tar: C\:/Users/runneradmin/.m2/repository/com: Cannot mkdir: No such file or directory
Quarkus IT (windows-latest, win)	Integration test setup	2025-06-09T00:29:10.9044282Z /usr/bin/tar: C\:/Users/runneradmin/.m2/repository/com/github/eirslett/node/22.14.0/node-22.14.0-win-x64.exe: Cannot open: No such file or directory
Quarkus IT (windows-latest, win)	Integration test setup	2025-06-09T00:29:10.9049581Z /usr/bin/tar: C\:/Users/runneradmin/.m2/repository/com: Cannot mkdir: No such file or directory
Quarkus IT (windows-latest, win)	Integration test setup	2025-06-09T00:29:10.9050366Z /usr/bin/tar: C\:/Users/runneradmin/.m2/repository/com/github/eirslett/pnpm: Cannot mkdir: No such file or directory
Quarkus IT (windows-latest, win)	Integration test setup	2025-06-09T00:29:10.9055712Z /usr/bin/tar: C\:/Users/runneradmin/.m2/repository/com: Cannot mkdir: No such file or directory
Quarkus IT (windows-latest, win)	Integration test setup	2025-06-09T00:29:10.9056466Z /usr/bin/tar: C\:/Users/runneradmin/.m2/repository/com/github/eirslett/pnpm/10.3.0: Cannot mkdir: No such file or directory
Quarkus IT (windows-latest, win)	Integration test setup	2025-06-09T00:29:10.9061187Z /usr/bin/tar: C\:/Users/runneradmin/.m2/repository/com: Cannot mkdir: No such file or directory
Quarkus IT (windows-latest, win)	Integration test setup	2025-06-09T00:29:10.9094126Z /usr/bin/tar: C\:/Users/runneradmin/.m2/repository/com/github/eirslett/pnpm/10.3.0/pnpm-10.3.0.tar.gz: Cannot open: No such file or directory
Quarkus IT (windows-latest, win)	Integration test setup	2025-06-09T00:29:10.9100183Z /usr/bin/tar: C\:/Users/runneradmin/.m2/repository/com: Cannot mkdir: No such file or directory
Quarkus IT (windows-latest, win)	Integration test setup	2025-06-09T00:29:10.9101489Z /usr/bin/tar: C\:/Users/runneradmin/.m2/repository/com/github/eirslett/pnpm/10.4.1: Cannot mkdir: No such file or directory
Quarkus IT (windows-latest, win)	Integration test setup	2025-06-09T00:29:10.9106850Z /usr/bin/tar: C\:/Users/runneradmin/.m2/repository/com: Cannot mkdir: No such file or directory
Quarkus IT (windows-latest, win)	Integration test setup	2025-06-09T00:29:10.9138103Z /usr/bin/tar: C\:/Users/runneradmin/.m2/repository/com/github/eirslett/pnpm/10.4.1/pnpm-10.4.1.tar.gz: Cannot open: No such file or directory
Quarkus IT (windows-latest, win)	Integration test setup	2025-06-09T00:29:10.9143886Z /usr/bin/tar: C\:/Users/runneradmin/.m2/repository/com: Cannot mkdir: No such file or directory
Quarkus IT (windows-latest, win)	Integration test setup	2025-06-09T00:29:10.9145190Z /usr/bin/tar: C\:/Users/runneradmin/.m2/repository/com/github/eirslett/pnpm/9.14.4: Cannot mkdir: No such file or directory
Quarkus IT (windows-latest, win)	Integration test setup	2025-06-09T00:29:10.9149907Z /usr/bin/tar: C\:/Users/runneradmin/.m2/repository/com: Cannot mkdir: No such file or directory
Quarkus IT (windows-latest, win)	Integration test setup	2025-06-09T00:29:10.9180522Z /usr/bin/tar: C\:/Users/runneradmin/.m2/repository/com/github/eirslett/pnpm/9.14.4/pnpm-9.14.4.tar.gz: Cannot open: No such file or directory
Quarkus IT (windows-latest, win)	Integration test setup	2025-06-09T00:29:10.9199423Z /usr/bin/tar: Exiting with failure status due to previous errors
Quarkus IT (windows-latest, win)	Integration test setup	2025-06-09T00:29:10.9231859Z ##[warning]Failed to restore: "C:\Program failed with error: The process 'C:\Program Files\Git\usr\bin\tar.exe' failed with exit code 2
Quarkus IT (windows-latest, win)	Integration test setup	2025-06-09T00:29:10.9309512Z Cache not found for input keys: Windows-frontend-plugin-artifacts-22.14.0-10.4.1
Quarkus IT (windows-latest, win)	Integration test setup	2025-06-09T00:29:10.9648568Z ##[group]Run ./.github/scripts/download-node-tooling.sh 22.14.0 10.4.1
Quarkus IT (windows-latest, win)	Integration test setup	2025-06-09T00:29:10.9649079Z [36;1m./.github/scripts/download-node-tooling.sh 22.14.0 10.4.1[0m
Quarkus IT (windows-latest, win)	Integration test setup	2025-06-09T00:29:10.9661557Z shell: C:\Program Files\Git\bin\bash.EXE --noprofile --norc -e -o pipefail {0}
Quarkus IT (windows-latest, win)	Integration test setup	2025-06-09T00:29:10.9661921Z env:
Quarkus IT (windows-latest, win)	Integration test setup	2025-06-09T00:29:10.9662179Z   MAVEN_ARGS: -B -nsu -Daether.connector.http.connectionMaxTtl=25
Quarkus IT (windows-latest, win)	Integration test setup	2025-06-09T00:29:10.9662504Z   SUREFIRE_RERUN_FAILING_COUNT: 2
Quarkus IT (windows-latest, win)	Integration test setup	2025-06-09T00:29:10.9662784Z   SUREFIRE_RETRY: -Dsurefire.rerunFailingTestsCount=2
Quarkus IT (windows-latest, win)	Integration test setup	2025-06-09T00:29:10.9663087Z   MAVEN_OPTS: -Xmx1536m
Quarkus IT (windows-latest, win)	Integration test setup	2025-06-09T00:29:10.9663407Z   JAVA_HOME: C:\hostedtoolcache\windows\Java_Temurin-Hotspot_jdk\21.0.7-6.0\x64
Quarkus IT (windows-latest, win)	Integration test setup	2025-06-09T00:29:10.9663984Z   JAVA_HOME_21_X64: C:\hostedtoolcache\windows\Java_Temurin-Hotspot_jdk\21.0.7-6.0\x64
Quarkus IT (windows-latest, win)	Integration test setup	2025-06-09T00:29:10.9664367Z ##[endgroup]
Quarkus IT (windows-latest, win)	Integration test setup	2025-06-09T00:29:11.0737590Z Downloading node-v22.14.0-linux-x64.tar.gz...
Quarkus IT (windows-latest, win)	Integration test setup	2025-06-09T00:29:11.1326093Z mkdir: cannot create directory '/c/Users/runneradmin/.m2/repository': File exists
Quarkus IT (windows-latest, win)	Integration test setup	2025-06-09T00:29:11.1365735Z ##[error]Process completed with exit code 1.
Java Distribution IT (windows-latest, temurin, 17)	Integration test setup	2025-06-09T00:28:49.7690087Z Prepare all required actions
Java Distribution IT (windows-latest, temurin, 17)	Integration test setup	2025-06-09T00:28:49.7690814Z Getting action download info
Java Distribution IT (windows-latest, temurin, 17)	Integration test setup	2025-06-09T00:28:49.9303840Z Download action repository 'actions/download-artifact@d3f86a106a0bac45b974a628896c90dbdf5c8093' (SHA:d3f86a106a0bac45b974a628896c90dbdf5c8093)
Java Distribution IT (windows-latest, temurin, 17)	Integration test setup	2025-06-09T00:28:51.9244407Z ##[group]Run ./.github/actions/integration-test-setup
Java Distribution IT (windows-latest, temurin, 17)	Integration test setup	2025-06-09T00:28:51.9244721Z with:
Java Distribution IT (windows-latest, temurin, 17)	Integration test setup	2025-06-09T00:28:51.9244895Z   jdk-dist: temurin
Java Distribution IT (windows-latest, temurin, 17)	Integration test setup	2025-06-09T00:28:51.9245077Z   jdk-version: 17
Java Distribution IT (windows-latest, temurin, 17)	Integration test setup	2025-06-09T00:28:51.9245235Z env:
Java Distribution IT (windows-latest, temurin, 17)	Integration test setup	2025-06-09T00:28:51.9245490Z   MAVEN_ARGS: -B -nsu -Daether.connector.http.connectionMaxTtl=25
Java Distribution IT (windows-latest, temurin, 17)	Integration test setup	2025-06-09T00:28:51.9245826Z   SUREFIRE_RERUN_FAILING_COUNT: 2
Java Distribution IT (windows-latest, temurin, 17)	Integration test setup	2025-06-09T00:28:51.9246107Z   SUREFIRE_RETRY: -Dsurefire.rerunFailingTestsCount=2
Java Distribution IT (windows-latest, temurin, 17)	Integration test setup	2025-06-09T00:28:51.9246393Z ##[endgroup]
Java Distribution IT (windows-latest, temurin, 17)	Integration test setup	2025-06-09T00:28:51.9408333Z Prepare all required actions
Java Distribution IT (windows-latest, temurin, 17)	Integration test setup	2025-06-09T00:28:51.9471646Z ##[group]Run ./.github/actions/update-hosts
Java Distribution IT (windows-latest, temurin, 17)	Integration test setup	2025-06-09T00:28:51.9471928Z env:
Java Distribution IT (windows-latest, temurin, 17)	Integration test setup	2025-06-09T00:28:51.9472216Z   MAVEN_ARGS: -B -nsu -Daether.connector.http.connectionMaxTtl=25
Java Distribution IT (windows-latest, temurin, 17)	Integration test setup	2025-06-09T00:28:51.9472635Z   SUREFIRE_RERUN_FAILING_COUNT: 2
Java Distribution IT (windows-latest, temurin, 17)	Integration test setup	2025-06-09T00:28:51.9472936Z   SUREFIRE_RETRY: -Dsurefire.rerunFailingTestsCount=2
Java Distribution IT (windows-latest, temurin, 17)	Integration test setup	2025-06-09T00:28:51.9473250Z ##[endgroup]
Java Distribution IT (windows-latest, temurin, 17)	Integration test setup	2025-06-09T00:28:51.9595234Z ##[group]Run "`n`n" | Add-Content C:\Windows\System32\drivers\etc\hosts
Java Distribution IT (windows-latest, temurin, 17)	Integration test setup	2025-06-09T00:28:51.9595724Z [36;1m"`n`n" | Add-Content C:\Windows\System32\drivers\etc\hosts[0m
Java Distribution IT (windows-latest, temurin, 17)	Integration test setup	2025-06-09T00:28:51.9596277Z [36;1mGet-Content .github/actions/update-hosts/nipio-hosts | Add-Content C:\Windows\System32\drivers\etc\hosts[0m
Java Distribution IT (windows-latest, temurin, 17)	Integration test setup	2025-06-09T00:28:51.9656610Z shell: C:\Windows\System32\WindowsPowerShell\v1.0\powershell.EXE -command ". '{0}'"
Java Distribution IT (windows-latest, temurin, 17)	Integration test setup	2025-06-09T00:28:51.9657025Z env:
Java Distribution IT (windows-latest, temurin, 17)	Integration test setup	2025-06-09T00:28:51.9657303Z   MAVEN_ARGS: -B -nsu -Daether.connector.http.connectionMaxTtl=25
Java Distribution IT (windows-latest, temurin, 17)	Integration test setup	2025-06-09T00:28:51.9657846Z   SUREFIRE_RERUN_FAILING_COUNT: 2
Java Distribution IT (windows-latest, temurin, 17)	Integration test setup	2025-06-09T00:28:51.9658130Z   SUREFIRE_RETRY: -Dsurefire.rerunFailingTestsCount=2
Java Distribution IT (windows-latest, temurin, 17)	Integration test setup	2025-06-09T00:28:51.9658415Z ##[endgroup]
Java Distribution IT (windows-latest, temurin, 17)	Integration test setup	2025-06-09T00:28:52.2195028Z Prepare all required actions
Java Distribution IT (windows-latest, temurin, 17)	Integration test setup	2025-06-09T00:28:52.2195328Z Getting action download info
Java Distribution IT (windows-latest, temurin, 17)	Integration test setup	2025-06-09T00:28:52.3869870Z Download action repository 'actions/setup-java@c5195efecf7bdfc987ee8bae7a71cb8b11521c00' (SHA:c5195efecf7bdfc987ee8bae7a71cb8b11521c00)
Java Distribution IT (windows-latest, temurin, 17)	Integration test setup	2025-06-09T00:28:53.6474471Z ##[group]Run ./.github/actions/java-setup
Java Distribution IT (windows-latest, temurin, 17)	Integration test setup	2025-06-09T00:28:53.6474737Z with:
Java Distribution IT (windows-latest, temurin, 17)	Integration test setup	2025-06-09T00:28:53.6474909Z   distribution: temurin
Java Distribution IT (windows-latest, temurin, 17)	Integration test setup	2025-06-09T00:28:53.6475105Z   java-version: 17
Java Distribution IT (windows-latest, temurin, 17)	Integration test setup	2025-06-09T00:28:53.6475268Z env:
Java Distribution IT (windows-latest, temurin, 17)	Integration test setup	2025-06-09T00:28:53.6475524Z   MAVEN_ARGS: -B -nsu -Daether.connector.http.connectionMaxTtl=25
Java Distribution IT (windows-latest, temurin, 17)	Integration test setup	2025-06-09T00:28:53.6475852Z   SUREFIRE_RERUN_FAILING_COUNT: 2
Java Distribution IT (windows-latest, temurin, 17)	Integration test setup	2025-06-09T00:28:53.6476140Z   SUREFIRE_RETRY: -Dsurefire.rerunFailingTestsCount=2
Java Distribution IT (windows-latest, temurin, 17)	Integration test setup	2025-06-09T00:28:53.6476426Z ##[endgroup]
Java Distribution IT (windows-latest, temurin, 17)	Integration test setup	2025-06-09T00:28:53.6672578Z ##[group]Run actions/setup-java@c5195efecf7bdfc987ee8bae7a71cb8b11521c00
Java Distribution IT (windows-latest, temurin, 17)	Integration test setup	2025-06-09T00:28:53.6672926Z with:
Java Distribution IT (windows-latest, temurin, 17)	Integration test setup	2025-06-09T00:28:53.6673095Z   distribution: temurin
Java Distribution IT (windows-latest, temurin, 17)	Integration test setup	2025-06-09T00:28:53.6673296Z   java-version: 17
Java Distribution IT (windows-latest, temurin, 17)	Integration test setup	2025-06-09T00:28:53.6673463Z   java-package: jdk
Java Distribution IT (windows-latest, temurin, 17)	Integration test setup	2025-06-09T00:28:53.6673636Z   check-latest: false
Java Distribution IT (windows-latest, temurin, 17)	Integration test setup	2025-06-09T00:28:53.6673809Z   server-id: github
Java Distribution IT (windows-latest, temurin, 17)	Integration test setup	2025-06-09T00:28:53.6673985Z   server-username: GITHUB_ACTOR
Java Distribution IT (windows-latest, temurin, 17)	Integration test setup	2025-06-09T00:28:53.6674197Z   server-password: GITHUB_TOKEN
Java Distribution IT (windows-latest, temurin, 17)	Integration test setup	2025-06-09T00:28:53.6674405Z   overwrite-settings: true
Java Distribution IT (windows-latest, temurin, 17)	Integration test setup	2025-06-09T00:28:53.6674600Z   job-status: success
Java Distribution IT (windows-latest, temurin, 17)	Integration test setup	2025-06-09T00:28:53.6674923Z   token: ***
Java Distribution IT (windows-latest, temurin, 17)	Integration test setup	2025-06-09T00:28:53.6675087Z env:
Java Distribution IT (windows-latest, temurin, 17)	Integration test setup	2025-06-09T00:28:53.6675335Z   MAVEN_ARGS: -B -nsu -Daether.connector.http.connectionMaxTtl=25
Java Distribution IT (windows-latest, temurin, 17)	Integration test setup	2025-06-09T00:28:53.6675646Z   SUREFIRE_RERUN_FAILING_COUNT: 2
Java Distribution IT (windows-latest, temurin, 17)	Integration test setup	2025-06-09T00:28:53.6675914Z   SUREFIRE_RETRY: -Dsurefire.rerunFailingTestsCount=2
Java Distribution IT (windows-latest, temurin, 17)	Integration test setup	2025-06-09T00:28:53.6676197Z ##[endgroup]
Java Distribution IT (windows-latest, temurin, 17)	Integration test setup	2025-06-09T00:28:53.9123000Z ##[group]Installed distributions
Java Distribution IT (windows-latest, temurin, 17)	Integration test setup	2025-06-09T00:28:53.9409847Z Resolved Java 17.0.15+6 from tool-cache
Java Distribution IT (windows-latest, temurin, 17)	Integration test setup	2025-06-09T00:28:53.9410402Z Setting Java 17.0.15+6 as the default
Java Distribution IT (windows-latest, temurin, 17)	Integration test setup	2025-06-09T00:28:53.9443308Z Creating toolchains.xml for JDK version 17 from temurin
Java Distribution IT (windows-latest, temurin, 17)	Integration test setup	2025-06-09T00:28:53.9542146Z Writing to C:\Users\runneradmin\.m2\toolchains.xml
Java Distribution IT (windows-latest, temurin, 17)	Integration test setup	2025-06-09T00:28:53.9545431Z 
Java Distribution IT (windows-latest, temurin, 17)	Integration test setup	2025-06-09T00:28:53.9545797Z Java configuration:
Java Distribution IT (windows-latest, temurin, 17)	Integration test setup	2025-06-09T00:28:53.9546172Z   Distribution: temurin
Java Distribution IT (windows-latest, temurin, 17)	Integration test setup	2025-06-09T00:28:53.9546504Z   Version: 17.0.15+6
Java Distribution IT (windows-latest, temurin, 17)	Integration test setup	2025-06-09T00:28:53.9547953Z   Path: C:\hostedtoolcache\windows\Java_Temurin-Hotspot_jdk\17.0.15-6\x64
Java Distribution IT (windows-latest, temurin, 17)	Integration test setup	2025-06-09T00:28:53.9548417Z 
Java Distribution IT (windows-latest, temurin, 17)	Integration test setup	2025-06-09T00:28:53.9549157Z ##[endgroup]
Java Distribution IT (windows-latest, temurin, 17)	Integration test setup	2025-06-09T00:28:53.9563351Z Creating settings.xml with server-id: github
Java Distribution IT (windows-latest, temurin, 17)	Integration test setup	2025-06-09T00:28:53.9582734Z Writing to C:\Users\runneradmin\.m2\settings.xml
Java Distribution IT (windows-latest, temurin, 17)	Integration test setup	2025-06-09T00:28:53.9792195Z Prepare all required actions
Java Distribution IT (windows-latest, temurin, 17)	Integration test setup	2025-06-09T00:28:53.9792499Z Getting action download info
Java Distribution IT (windows-latest, temurin, 17)	Integration test setup	2025-06-09T00:28:54.1297320Z Download action repository 'actions/cache@5a3ec84eff668545956fd18022155c47e93e2684' (SHA:5a3ec84eff668545956fd18022155c47e93e2684)
Java Distribution IT (windows-latest, temurin, 17)	Integration test setup	2025-06-09T00:28:54.6765351Z ##[group]Run ./.github/actions/maven-cache
Java Distribution IT (windows-latest, temurin, 17)	Integration test setup	2025-06-09T00:28:54.6765608Z with:
Java Distribution IT (windows-latest, temurin, 17)	Integration test setup	2025-06-09T00:28:54.6765816Z   create-cache-if-it-doesnt-exist: false
Java Distribution IT (windows-latest, temurin, 17)	Integration test setup	2025-06-09T00:28:54.6766057Z env:
Java Distribution IT (windows-latest, temurin, 17)	Integration test setup	2025-06-09T00:28:54.6766334Z   MAVEN_ARGS: -B -nsu -Daether.connector.http.connectionMaxTtl=25
Java Distribution IT (windows-latest, temurin, 17)	Integration test setup	2025-06-09T00:28:54.6766660Z   SUREFIRE_RERUN_FAILING_COUNT: 2
Java Distribution IT (windows-latest, temurin, 17)	Integration test setup	2025-06-09T00:28:54.6766935Z   SUREFIRE_RETRY: -Dsurefire.rerunFailingTestsCount=2
Java Distribution IT (windows-latest, temurin, 17)	Integration test setup	2025-06-09T00:28:54.6767319Z   JAVA_HOME: C:\hostedtoolcache\windows\Java_Temurin-Hotspot_jdk\17.0.15-6\x64
Java Distribution IT (windows-latest, temurin, 17)	Integration test setup	2025-06-09T00:28:54.6767772Z   JAVA_HOME_17_X64: C:\hostedtoolcache\windows\Java_Temurin-Hotspot_jdk\17.0.15-6\x64
Java Distribution IT (windows-latest, temurin, 17)	Integration test setup	2025-06-09T00:28:54.6768114Z ##[endgroup]
Java Distribution IT (windows-latest, temurin, 17)	Integration test setup	2025-06-09T00:28:54.6866708Z ##[group]Run echo "key=mvn-`date -u "+%Y-%U"`" >> $GITHUB_OUTPUT
Java Distribution IT (windows-latest, temurin, 17)	Integration test setup	2025-06-09T00:28:54.6867082Z [36;1mecho "key=mvn-`date -u "+%Y-%U"`" >> $GITHUB_OUTPUT[0m
Java Distribution IT (windows-latest, temurin, 17)	Integration test setup	2025-06-09T00:28:54.7382054Z shell: C:\Program Files\Git\bin\bash.EXE --noprofile --norc -e -o pipefail {0}
Java Distribution IT (windows-latest, temurin, 17)	Integration test setup	2025-06-09T00:28:54.7382466Z env:
Java Distribution IT (windows-latest, temurin, 17)	Integration test setup	2025-06-09T00:28:54.7382753Z   MAVEN_ARGS: -B -nsu -Daether.connector.http.connectionMaxTtl=25
Java Distribution IT (windows-latest, temurin, 17)	Integration test setup	2025-06-09T00:28:54.7383130Z   SUREFIRE_RERUN_FAILING_COUNT: 2
Java Distribution IT (windows-latest, temurin, 17)	Integration test setup	2025-06-09T00:28:54.7383434Z   SUREFIRE_RETRY: -Dsurefire.rerunFailingTestsCount=2
Java Distribution IT (windows-latest, temurin, 17)	Integration test setup	2025-06-09T00:28:54.7383865Z   JAVA_HOME: C:\hostedtoolcache\windows\Java_Temurin-Hotspot_jdk\17.0.15-6\x64
Java Distribution IT (windows-latest, temurin, 17)	Integration test setup	2025-06-09T00:28:54.7384375Z   JAVA_HOME_17_X64: C:\hostedtoolcache\windows\Java_Temurin-Hotspot_jdk\17.0.15-6\x64
Java Distribution IT (windows-latest, temurin, 17)	Integration test setup	2025-06-09T00:28:54.7384761Z ##[endgroup]
Java Distribution IT (windows-latest, temurin, 17)	Integration test setup	2025-06-09T00:28:54.9586030Z ##[group]Run mkdir -p ../../../.m2/repository
Java Distribution IT (windows-latest, temurin, 17)	Integration test setup	2025-06-09T00:28:54.9586339Z [36;1mmkdir -p ../../../.m2/repository[0m
Java Distribution IT (windows-latest, temurin, 17)	Integration test setup	2025-06-09T00:28:54.9586649Z [36;1mcmd /c mklink /d $HOME\.m2\repository D:\.m2\repository[0m
Java Distribution IT (windows-latest, temurin, 17)	Integration test setup	2025-06-09T00:28:54.9615150Z shell: C:\Windows\System32\WindowsPowerShell\v1.0\powershell.EXE -command ". '{0}'"
Java Distribution IT (windows-latest, temurin, 17)	Integration test setup	2025-06-09T00:28:54.9615550Z env:
Java Distribution IT (windows-latest, temurin, 17)	Integration test setup	2025-06-09T00:28:54.9615812Z   MAVEN_ARGS: -B -nsu -Daether.connector.http.connectionMaxTtl=25
Java Distribution IT (windows-latest, temurin, 17)	Integration test setup	2025-06-09T00:28:54.9616140Z   SUREFIRE_RERUN_FAILING_COUNT: 2
Java Distribution IT (windows-latest, temurin, 17)	Integration test setup	2025-06-09T00:28:54.9616429Z   SUREFIRE_RETRY: -Dsurefire.rerunFailingTestsCount=2
Java Distribution IT (windows-latest, temurin, 17)	Integration test setup	2025-06-09T00:28:54.9616833Z   JAVA_HOME: C:\hostedtoolcache\windows\Java_Temurin-Hotspot_jdk\17.0.15-6\x64
Java Distribution IT (windows-latest, temurin, 17)	Integration test setup	2025-06-09T00:28:54.9617309Z   JAVA_HOME_17_X64: C:\hostedtoolcache\windows\Java_Temurin-Hotspot_jdk\17.0.15-6\x64
Java Distribution IT (windows-latest, temurin, 17)	Integration test setup	2025-06-09T00:28:54.9617653Z ##[endgroup]
Java Distribution IT (windows-latest, temurin, 17)	Integration test setup	2025-06-09T00:28:55.2060177Z 
Java Distribution IT (windows-latest, temurin, 17)	Integration test setup	2025-06-09T00:28:55.2061698Z 
Java Distribution IT (windows-latest, temurin, 17)	Integration test setup	2025-06-09T00:28:55.2064517Z     Directory: C:\.m2
Java Distribution IT (windows-latest, temurin, 17)	Integration test setup	2025-06-09T00:28:55.2064808Z 
Java Distribution IT (windows-latest, temurin, 17)	Integration test setup	2025-06-09T00:28:55.2064816Z 
Java Distribution IT (windows-latest, temurin, 17)	Integration test setup	2025-06-09T00:28:55.2075589Z Mode                 LastWriteTime         Length Name                                                                 
Java Distribution IT (windows-latest, temurin, 17)	Integration test setup	2025-06-09T00:28:55.2080249Z ----                 -------------         ------ ----                                                                 
Java Distribution IT (windows-latest, temurin, 17)	Integration test setup	2025-06-09T00:28:55.2090212Z d-----          6/9/2025  12:28 AM                repository                                                           
Java Distribution IT (windows-latest, temurin, 17)	Integration test setup	2025-06-09T00:28:55.2197878Z symbolic link created for C:\Users\runneradmin\.m2\repository <<===>> D:\.m2\repository
Java Distribution IT (windows-latest, temurin, 17)	Integration test setup	2025-06-09T00:28:55.2401132Z 
Java Distribution IT (windows-latest, temurin, 17)	Integration test setup	2025-06-09T00:28:55.2402523Z 
Java Distribution IT (windows-latest, temurin, 17)	Integration test setup	2025-06-09T00:28:55.2626022Z ##[group]Run actions/cache/restore@5a3ec84eff668545956fd18022155c47e93e2684
Java Distribution IT (windows-latest, temurin, 17)	Integration test setup	2025-06-09T00:28:55.2626362Z with:
Java Distribution IT (windows-latest, temurin, 17)	Integration test setup	2025-06-09T00:28:55.2626613Z   path: ~/.m2/repository/*/*
Java Distribution IT (windows-latest, temurin, 17)	Integration test setup	!~/.m2/repository/org/keycloak
Java Distribution IT (windows-latest, temurin, 17)	Integration test setup	
Java Distribution IT (windows-latest, temurin, 17)	Integration test setup	2025-06-09T00:28:55.2626907Z   key: mvn-2025-23
Java Distribution IT (windows-latest, temurin, 17)	Integration test setup	2025-06-09T00:28:55.2627096Z   enableCrossOsArchive: true
Java Distribution IT (windows-latest, temurin, 17)	Integration test setup	2025-06-09T00:28:55.2627318Z   fail-on-cache-miss: false
Java Distribution IT (windows-latest, temurin, 17)	Integration test setup	2025-06-09T00:28:55.2627524Z   lookup-only: false
Java Distribution IT (windows-latest, temurin, 17)	Integration test setup	2025-06-09T00:28:55.2627702Z env:
Java Distribution IT (windows-latest, temurin, 17)	Integration test setup	2025-06-09T00:28:55.2627954Z   MAVEN_ARGS: -B -nsu -Daether.connector.http.connectionMaxTtl=25
Java Distribution IT (windows-latest, temurin, 17)	Integration test setup	2025-06-09T00:28:55.2628268Z   SUREFIRE_RERUN_FAILING_COUNT: 2
Java Distribution IT (windows-latest, temurin, 17)	Integration test setup	2025-06-09T00:28:55.2628554Z   SUREFIRE_RETRY: -Dsurefire.rerunFailingTestsCount=2
Java Distribution IT (windows-latest, temurin, 17)	Integration test setup	2025-06-09T00:28:55.2628946Z   JAVA_HOME: C:\hostedtoolcache\windows\Java_Temurin-Hotspot_jdk\17.0.15-6\x64
Java Distribution IT (windows-latest, temurin, 17)	Integration test setup	2025-06-09T00:28:55.2629394Z   JAVA_HOME_17_X64: C:\hostedtoolcache\windows\Java_Temurin-Hotspot_jdk\17.0.15-6\x64
Java Distribution IT (windows-latest, temurin, 17)	Integration test setup	2025-06-09T00:28:55.2629744Z ##[endgroup]
Java Distribution IT (windows-latest, temurin, 17)	Integration test setup	2025-06-09T00:28:55.8562143Z Cache hit for: mvn-2025-23
Java Distribution IT (windows-latest, temurin, 17)	Integration test setup	2025-06-09T00:28:57.2319043Z Received 16777216 of 670337732 (2.5%), 16.0 MBs/sec
Java Distribution IT (windows-latest, temurin, 17)	Integration test setup	2025-06-09T00:29:00.2220922Z Received 134217728 of 670337732 (20.0%), 32.1 MBs/sec
Java Distribution IT (windows-latest, temurin, 17)	Integration test setup	2025-06-09T00:29:01.2220830Z Received 264241152 of 670337732 (39.4%), 50.5 MBs/sec
Java Distribution IT (windows-latest, temurin, 17)	Integration test setup	2025-06-09T00:29:03.1285579Z Received 268435456 of 670337732 (40.0%), 37.1 MBs/sec
Java Distribution IT (windows-latest, temurin, 17)	Integration test setup	2025-06-09T00:29:05.8535894Z Received 402653184 of 670337732 (60.1%), 39.9 MBs/sec
Java Distribution IT (windows-latest, temurin, 17)	Integration test setup	2025-06-09T00:29:08.5964649Z Received 536870912 of 670337732 (80.1%), 41.4 MBs/sec
Java Distribution IT (windows-latest, temurin, 17)	Integration test setup	2025-06-09T00:29:11.3368811Z Received 670337732 of 670337732 (100.0%), 42.3 MBs/sec
Java Distribution IT (windows-latest, temurin, 17)	Integration test setup	2025-06-09T00:29:11.3375468Z Cache Size: ~639 MB (670337732 B)
Java Distribution IT (windows-latest, temurin, 17)	Integration test setup	2025-06-09T00:29:11.3499706Z [command]"C:\Program Files\Git\usr\bin\tar.exe" -xf C:/a/_temp/a67f616e-a939-458b-87b1-f6373646918f/cache.tzst -P -C C:/a/keycloak/keycloak --force-local --use-compress-program "zstd -d"
Java Distribution IT (windows-latest, temurin, 17)	Integration test setup	2025-06-09T00:29:50.4884180Z Cache restored successfully
Java Distribution IT (windows-latest, temurin, 17)	Integration test setup	2025-06-09T00:29:50.5292620Z Cache restored from key: mvn-2025-23
Java Distribution IT (windows-latest, temurin, 17)	Integration test setup	2025-06-09T00:29:50.5499545Z Prepare all required actions
Java Distribution IT (windows-latest, temurin, 17)	Integration test setup	2025-06-09T00:29:50.5499884Z Getting action download info
Java Distribution IT (windows-latest, temurin, 17)	Integration test setup	2025-06-09T00:29:50.8629182Z ##[group]Run ./.github/actions/node-cache
Java Distribution IT (windows-latest, temurin, 17)	Integration test setup	2025-06-09T00:29:50.8629480Z env:
Java Distribution IT (windows-latest, temurin, 17)	Integration test setup	2025-06-09T00:29:50.8629777Z   MAVEN_ARGS: -B -nsu -Daether.connector.http.connectionMaxTtl=25
Java Distribution IT (windows-latest, temurin, 17)	Integration test setup	2025-06-09T00:29:50.8630154Z   SUREFIRE_RERUN_FAILING_COUNT: 2
Java Distribution IT (windows-latest, temurin, 17)	Integration test setup	2025-06-09T00:29:50.8630471Z   SUREFIRE_RETRY: -Dsurefire.rerunFailingTestsCount=2
Java Distribution IT (windows-latest, temurin, 17)	Integration test setup	2025-06-09T00:29:50.8630930Z   JAVA_HOME: C:\hostedtoolcache\windows\Java_Temurin-Hotspot_jdk\17.0.15-6\x64
Java Distribution IT (windows-latest, temurin, 17)	Integration test setup	2025-06-09T00:29:50.8631464Z   JAVA_HOME_17_X64: C:\hostedtoolcache\windows\Java_Temurin-Hotspot_jdk\17.0.15-6\x64
Java Distribution IT (windows-latest, temurin, 17)	Integration test setup	2025-06-09T00:29:50.8631881Z ##[endgroup]
Java Distribution IT (windows-latest, temurin, 17)	Integration test setup	2025-06-09T00:29:50.8779800Z ##[group]Run echo "node=$(cat js/pom.xml | grep '<node.version>' | cut -d '>' -f 2 | cut -d '<' -f 1 | cut -c 2-)" >> $GITHUB_OUTPUT
Java Distribution IT (windows-latest, temurin, 17)	Integration test setup	2025-06-09T00:29:50.8780486Z [36;1mecho "node=$(cat js/pom.xml | grep '<node.version>' | cut -d '>' -f 2 | cut -d '<' -f 1 | cut -c 2-)" >> $GITHUB_OUTPUT[0m
Java Distribution IT (windows-latest, temurin, 17)	Integration test setup	2025-06-09T00:29:50.8781075Z [36;1mecho "pnpm=$(cat js/pom.xml | grep '<pnpm.version>' | cut -d '>' -f 2 | cut -d '<' -f 1 | cut -c 1-)" >> $GITHUB_OUTPUT[0m
Java Distribution IT (windows-latest, temurin, 17)	Integration test setup	2025-06-09T00:29:50.8792361Z shell: C:\Program Files\Git\bin\bash.EXE --noprofile --norc -e -o pipefail {0}
Java Distribution IT (windows-latest, temurin, 17)	Integration test setup	2025-06-09T00:29:50.8792732Z env:
Java Distribution IT (windows-latest, temurin, 17)	Integration test setup	2025-06-09T00:29:50.8792989Z   MAVEN_ARGS: -B -nsu -Daether.connector.http.connectionMaxTtl=25
Java Distribution IT (windows-latest, temurin, 17)	Integration test setup	2025-06-09T00:29:50.8793325Z   SUREFIRE_RERUN_FAILING_COUNT: 2
Java Distribution IT (windows-latest, temurin, 17)	Integration test setup	2025-06-09T00:29:50.8793606Z   SUREFIRE_RETRY: -Dsurefire.rerunFailingTestsCount=2
Java Distribution IT (windows-latest, temurin, 17)	Integration test setup	2025-06-09T00:29:50.8794005Z   JAVA_HOME: C:\hostedtoolcache\windows\Java_Temurin-Hotspot_jdk\17.0.15-6\x64
Java Distribution IT (windows-latest, temurin, 17)	Integration test setup	2025-06-09T00:29:50.8794479Z   JAVA_HOME_17_X64: C:\hostedtoolcache\windows\Java_Temurin-Hotspot_jdk\17.0.15-6\x64
Java Distribution IT (windows-latest, temurin, 17)	Integration test setup	2025-06-09T00:29:50.8794822Z ##[endgroup]
Java Distribution IT (windows-latest, temurin, 17)	Integration test setup	2025-06-09T00:29:51.1411425Z ##[group]Run actions/cache@5a3ec84eff668545956fd18022155c47e93e2684
Java Distribution IT (windows-latest, temurin, 17)	Integration test setup	2025-06-09T00:29:51.1411899Z with:
Java Distribution IT (windows-latest, temurin, 17)	Integration test setup	2025-06-09T00:29:51.1412259Z   path: ~/.m2/repository/com/github/eirslett/node
Java Distribution IT (windows-latest, temurin, 17)	Integration test setup	~/.m2/repository/com/github/eirslett/pnpm
Java Distribution IT (windows-latest, temurin, 17)	Integration test setup	
Java Distribution IT (windows-latest, temurin, 17)	Integration test setup	2025-06-09T00:29:51.1412754Z   key: Windows-frontend-plugin-artifacts-22.14.0-10.4.1
Java Distribution IT (windows-latest, temurin, 17)	Integration test setup	2025-06-09T00:29:51.1413063Z   enableCrossOsArchive: false
Java Distribution IT (windows-latest, temurin, 17)	Integration test setup	2025-06-09T00:29:51.1413293Z   fail-on-cache-miss: false
Java Distribution IT (windows-latest, temurin, 17)	Integration test setup	2025-06-09T00:29:51.1413507Z   lookup-only: false
Java Distribution IT (windows-latest, temurin, 17)	Integration test setup	2025-06-09T00:29:51.1413697Z   save-always: false
Java Distribution IT (windows-latest, temurin, 17)	Integration test setup	2025-06-09T00:29:51.1413869Z env:
Java Distribution IT (windows-latest, temurin, 17)	Integration test setup	2025-06-09T00:29:51.1414118Z   MAVEN_ARGS: -B -nsu -Daether.connector.http.connectionMaxTtl=25
Java Distribution IT (windows-latest, temurin, 17)	Integration test setup	2025-06-09T00:29:51.1414444Z   SUREFIRE_RERUN_FAILING_COUNT: 2
Java Distribution IT (windows-latest, temurin, 17)	Integration test setup	2025-06-09T00:29:51.1414721Z   SUREFIRE_RETRY: -Dsurefire.rerunFailingTestsCount=2
Java Distribution IT (windows-latest, temurin, 17)	Integration test setup	2025-06-09T00:29:51.1415180Z   JAVA_HOME: C:\hostedtoolcache\windows\Java_Temurin-Hotspot_jdk\17.0.15-6\x64
Java Distribution IT (windows-latest, temurin, 17)	Integration test setup	2025-06-09T00:29:51.1415635Z   JAVA_HOME_17_X64: C:\hostedtoolcache\windows\Java_Temurin-Hotspot_jdk\17.0.15-6\x64
Java Distribution IT (windows-latest, temurin, 17)	Integration test setup	2025-06-09T00:29:51.1416083Z ##[endgroup]
Java Distribution IT (windows-latest, temurin, 17)	Integration test setup	2025-06-09T00:29:51.6610656Z Cache hit for: Windows-frontend-plugin-artifacts-22.14.0-10.4.1
Java Distribution IT (windows-latest, temurin, 17)	Integration test setup	2025-06-09T00:29:52.9653959Z Received 4194304 of 180285260 (2.3%), 4.0 MBs/sec
Java Distribution IT (windows-latest, temurin, 17)	Integration test setup	2025-06-09T00:29:55.5696573Z Received 134217728 of 180285260 (74.4%), 35.5 MBs/sec
Java Distribution IT (windows-latest, temurin, 17)	Integration test setup	2025-06-09T00:29:56.6237953Z Received 180285260 of 180285260 (100.0%), 36.9 MBs/sec
Java Distribution IT (windows-latest, temurin, 17)	Integration test setup	2025-06-09T00:29:56.6245023Z Cache Size: ~172 MB (180285260 B)
Java Distribution IT (windows-latest, temurin, 17)	Integration test setup	2025-06-09T00:29:56.6338914Z [command]"C:\Program Files\Git\usr\bin\tar.exe" -xf C:/a/_temp/56fb9d95-66ac-4d73-b018-c4a632a860a4/cache.tzst -P -C C:/a/keycloak/keycloak --force-local --use-compress-program "zstd -d"
Java Distribution IT (windows-latest, temurin, 17)	Integration test setup	2025-06-09T00:29:56.6708527Z /usr/bin/tar: C\:/Users/runneradmin/.m2/repository/com: Cannot mkdir: No such file or directory
Java Distribution IT (windows-latest, temurin, 17)	Integration test setup	2025-06-09T00:29:56.6710384Z /usr/bin/tar: C\:/Users/runneradmin/.m2/repository/com/github/eirslett/node: Cannot mkdir: No such file or directory
Java Distribution IT (windows-latest, temurin, 17)	Integration test setup	2025-06-09T00:29:56.6712657Z /usr/bin/tar: C\:/Users/runneradmin/.m2/repository/com: Cannot mkdir: No such file or directory
Java Distribution IT (windows-latest, temurin, 17)	Integration test setup	2025-06-09T00:29:56.6713560Z /usr/bin/tar: C\:/Users/runneradmin/.m2/repository/com/github/eirslett/node/22.11.0: Cannot mkdir: No such file or directory
Java Distribution IT (windows-latest, temurin, 17)	Integration test setup	2025-06-09T00:29:56.6716696Z /usr/bin/tar: C\:/Users/runneradmin/.m2/repository/com: Cannot mkdir: No such file or directory
Java Distribution IT (windows-latest, temurin, 17)	Integration test setup	2025-06-09T00:29:56.7087640Z /usr/bin/tar: C\:/Users/runneradmin/.m2/repository/com/github/eirslett/node/22.11.0/node-22.11.0-linux-x64.tar.gz: Cannot open: No such file or directory
Java Distribution IT (windows-latest, temurin, 17)	Integration test setup	2025-06-09T00:29:56.7094357Z /usr/bin/tar: C\:/Users/runneradmin/.m2/repository/com: Cannot mkdir: No such file or directory
Java Distribution IT (windows-latest, temurin, 17)	Integration test setup	2025-06-09T00:29:56.9828182Z /usr/bin/tar: C\:/Users/runneradmin/.m2/repository/com/github/eirslett/node/22.11.0/node-22.11.0-win-x64.exe: Cannot open: No such file or directory
Java Distribution IT (windows-latest, temurin, 17)	Integration test setup	2025-06-09T00:29:56.9833840Z /usr/bin/tar: C\:/Users/runneradmin/.m2/repository/com: Cannot mkdir: No such file or directory
Java Distribution IT (windows-latest, temurin, 17)	Integration test setup	2025-06-09T00:29:56.9835217Z /usr/bin/tar: C\:/Users/runneradmin/.m2/repository/com/github/eirslett/node/22.14.0: Cannot mkdir: No such file or directory
Java Distribution IT (windows-latest, temurin, 17)	Integration test setup	2025-06-09T00:29:56.9842582Z /usr/bin/tar: C\:/Users/runneradmin/.m2/repository/com: Cannot mkdir: No such file or directory
Java Distribution IT (windows-latest, temurin, 17)	Integration test setup	2025-06-09T00:29:57.0216577Z /usr/bin/tar: C\:/Users/runneradmin/.m2/repository/com/github/eirslett/node/22.14.0/node-22.14.0-linux-x64.tar.gz: Cannot open: No such file or directory
Java Distribution IT (windows-latest, temurin, 17)	Integration test setup	2025-06-09T00:29:57.0226072Z /usr/bin/tar: C\:/Users/runneradmin/.m2/repository/com: Cannot mkdir: No such file or directory
Java Distribution IT (windows-latest, temurin, 17)	Integration test setup	2025-06-09T00:29:57.2801253Z /usr/bin/tar: C\:/Users/runneradmin/.m2/repository/com/github/eirslett/node/22.14.0/node-22.14.0-win-x64.exe: Cannot open: No such file or directory
Java Distribution IT (windows-latest, temurin, 17)	Integration test setup	2025-06-09T00:29:57.2807119Z /usr/bin/tar: C\:/Users/runneradmin/.m2/repository/com: Cannot mkdir: No such file or directory
Java Distribution IT (windows-latest, temurin, 17)	Integration test setup	2025-06-09T00:29:57.2808046Z /usr/bin/tar: C\:/Users/runneradmin/.m2/repository/com/github/eirslett/pnpm: Cannot mkdir: No such file or directory
Java Distribution IT (windows-latest, temurin, 17)	Integration test setup	2025-06-09T00:29:57.2813381Z /usr/bin/tar: C\:/Users/runneradmin/.m2/repository/com: Cannot mkdir: No such file or directory
Java Distribution IT (windows-latest, temurin, 17)	Integration test setup	2025-06-09T00:29:57.2814391Z /usr/bin/tar: C\:/Users/runneradmin/.m2/repository/com/github/eirslett/pnpm/10.3.0: Cannot mkdir: No such file or directory
Java Distribution IT (windows-latest, temurin, 17)	Integration test setup	2025-06-09T00:29:57.2818813Z /usr/bin/tar: C\:/Users/runneradmin/.m2/repository/com: Cannot mkdir: No such file or directory
Java Distribution IT (windows-latest, temurin, 17)	Integration test setup	2025-06-09T00:29:57.2849291Z /usr/bin/tar: C\:/Users/runneradmin/.m2/repository/com/github/eirslett/pnpm/10.3.0/pnpm-10.3.0.tar.gz: Cannot open: No such file or directory
Java Distribution IT (windows-latest, temurin, 17)	Integration test setup	2025-06-09T00:29:57.2855287Z /usr/bin/tar: C\:/Users/runneradmin/.m2/repository/com: Cannot mkdir: No such file or directory
Java Distribution IT (windows-latest, temurin, 17)	Integration test setup	2025-06-09T00:29:57.2856589Z /usr/bin/tar: C\:/Users/runneradmin/.m2/repository/com/github/eirslett/pnpm/10.4.1: Cannot mkdir: No such file or directory
Java Distribution IT (windows-latest, temurin, 17)	Integration test setup	2025-06-09T00:29:57.2861733Z /usr/bin/tar: C\:/Users/runneradmin/.m2/repository/com: Cannot mkdir: No such file or directory
Java Distribution IT (windows-latest, temurin, 17)	Integration test setup	2025-06-09T00:29:57.2891208Z /usr/bin/tar: C\:/Users/runneradmin/.m2/repository/com/github/eirslett/pnpm/10.4.1/pnpm-10.4.1.tar.gz: Cannot open: No such file or directory
Java Distribution IT (windows-latest, temurin, 17)	Integration test setup	2025-06-09T00:29:57.2897575Z /usr/bin/tar: C\:/Users/runneradmin/.m2/repository/com: Cannot mkdir: No such file or directory
Java Distribution IT (windows-latest, temurin, 17)	Integration test setup	2025-06-09T00:29:57.2898890Z /usr/bin/tar: C\:/Users/runneradmin/.m2/repository/com/github/eirslett/pnpm/9.14.4: Cannot mkdir: No such file or directory
Java Distribution IT (windows-latest, temurin, 17)	Integration test setup	2025-06-09T00:29:57.2904259Z /usr/bin/tar: C\:/Users/runneradmin/.m2/repository/com: Cannot mkdir: No such file or directory
Java Distribution IT (windows-latest, temurin, 17)	Integration test setup	2025-06-09T00:29:57.2933569Z /usr/bin/tar: C\:/Users/runneradmin/.m2/repository/com/github/eirslett/pnpm/9.14.4/pnpm-9.14.4.tar.gz: Cannot open: No such file or directory
Java Distribution IT (windows-latest, temurin, 17)	Integration test setup	2025-06-09T00:29:57.2949088Z /usr/bin/tar: Exiting with failure status due to previous errors
Java Distribution IT (windows-latest, temurin, 17)	Integration test setup	2025-06-09T00:29:57.2985854Z ##[warning]Failed to restore: "C:\Program failed with error: The process 'C:\Program Files\Git\usr\bin\tar.exe' failed with exit code 2
Java Distribution IT (windows-latest, temurin, 17)	Integration test setup	2025-06-09T00:29:57.3063745Z Cache not found for input keys: Windows-frontend-plugin-artifacts-22.14.0-10.4.1
Java Distribution IT (windows-latest, temurin, 17)	Integration test setup	2025-06-09T00:29:57.3297522Z ##[group]Run ./.github/scripts/download-node-tooling.sh 22.14.0 10.4.1
Java Distribution IT (windows-latest, temurin, 17)	Integration test setup	2025-06-09T00:29:57.3297991Z [36;1m./.github/scripts/download-node-tooling.sh 22.14.0 10.4.1[0m
Java Distribution IT (windows-latest, temurin, 17)	Integration test setup	2025-06-09T00:29:57.3309404Z shell: C:\Program Files\Git\bin\bash.EXE --noprofile --norc -e -o pipefail {0}
Java Distribution IT (windows-latest, temurin, 17)	Integration test setup	2025-06-09T00:29:57.3309811Z env:
Java Distribution IT (windows-latest, temurin, 17)	Integration test setup	2025-06-09T00:29:57.3310106Z   MAVEN_ARGS: -B -nsu -Daether.connector.http.connectionMaxTtl=25
Java Distribution IT (windows-latest, temurin, 17)	Integration test setup	2025-06-09T00:29:57.3310480Z   SUREFIRE_RERUN_FAILING_COUNT: 2
Java Distribution IT (windows-latest, temurin, 17)	Integration test setup	2025-06-09T00:29:57.3310800Z   SUREFIRE_RETRY: -Dsurefire.rerunFailingTestsCount=2
Java Distribution IT (windows-latest, temurin, 17)	Integration test setup	2025-06-09T00:29:57.3311254Z   JAVA_HOME: C:\hostedtoolcache\windows\Java_Temurin-Hotspot_jdk\17.0.15-6\x64
Java Distribution IT (windows-latest, temurin, 17)	Integration test setup	2025-06-09T00:29:57.3311786Z   JAVA_HOME_17_X64: C:\hostedtoolcache\windows\Java_Temurin-Hotspot_jdk\17.0.15-6\x64
Java Distribution IT (windows-latest, temurin, 17)	Integration test setup	2025-06-09T00:29:57.3312202Z ##[endgroup]
Java Distribution IT (windows-latest, temurin, 17)	Integration test setup	2025-06-09T00:29:57.4073162Z Downloading node-v22.14.0-linux-x64.tar.gz...
Java Distribution IT (windows-latest, temurin, 17)	Integration test setup	2025-06-09T00:29:57.4481956Z mkdir: cannot create directory '/c/Users/runneradmin/.m2/repository': File exists
Java Distribution IT (windows-latest, temurin, 17)	Integration test setup	2025-06-09T00:29:57.4520425Z ##[error]Process completed with exit code 1.
Java Distribution IT (windows-latest, temurin, 24)	Integration test setup	2025-06-09T00:29:18.1048446Z Prepare all required actions
Java Distribution IT (windows-latest, temurin, 24)	Integration test setup	2025-06-09T00:29:18.1048979Z Getting action download info
Java Distribution IT (windows-latest, temurin, 24)	Integration test setup	2025-06-09T00:29:18.2137676Z Download action repository 'actions/download-artifact@d3f86a106a0bac45b974a628896c90dbdf5c8093' (SHA:d3f86a106a0bac45b974a628896c90dbdf5c8093)
Java Distribution IT (windows-latest, temurin, 24)	Integration test setup	2025-06-09T00:29:18.7322582Z ##[group]Run ./.github/actions/integration-test-setup
Java Distribution IT (windows-latest, temurin, 24)	Integration test setup	2025-06-09T00:29:18.7322868Z with:
Java Distribution IT (windows-latest, temurin, 24)	Integration test setup	2025-06-09T00:29:18.7323046Z   jdk-dist: temurin
Java Distribution IT (windows-latest, temurin, 24)	Integration test setup	2025-06-09T00:29:18.7323217Z   jdk-version: 24
Java Distribution IT (windows-latest, temurin, 24)	Integration test setup	2025-06-09T00:29:18.7323364Z env:
Java Distribution IT (windows-latest, temurin, 24)	Integration test setup	2025-06-09T00:29:18.7323605Z   MAVEN_ARGS: -B -nsu -Daether.connector.http.connectionMaxTtl=25
Java Distribution IT (windows-latest, temurin, 24)	Integration test setup	2025-06-09T00:29:18.7323926Z   SUREFIRE_RERUN_FAILING_COUNT: 2
Java Distribution IT (windows-latest, temurin, 24)	Integration test setup	2025-06-09T00:29:18.7324193Z   SUREFIRE_RETRY: -Dsurefire.rerunFailingTestsCount=2
Java Distribution IT (windows-latest, temurin, 24)	Integration test setup	2025-06-09T00:29:18.7324452Z ##[endgroup]
Java Distribution IT (windows-latest, temurin, 24)	Integration test setup	2025-06-09T00:29:18.7496912Z Prepare all required actions
Java Distribution IT (windows-latest, temurin, 24)	Integration test setup	2025-06-09T00:29:18.7547721Z ##[group]Run ./.github/actions/update-hosts
Java Distribution IT (windows-latest, temurin, 24)	Integration test setup	2025-06-09T00:29:18.7548054Z env:
Java Distribution IT (windows-latest, temurin, 24)	Integration test setup	2025-06-09T00:29:18.7548341Z   MAVEN_ARGS: -B -nsu -Daether.connector.http.connectionMaxTtl=25
Java Distribution IT (windows-latest, temurin, 24)	Integration test setup	2025-06-09T00:29:18.7548775Z   SUREFIRE_RERUN_FAILING_COUNT: 2
Java Distribution IT (windows-latest, temurin, 24)	Integration test setup	2025-06-09T00:29:18.7549084Z   SUREFIRE_RETRY: -Dsurefire.rerunFailingTestsCount=2
Java Distribution IT (windows-latest, temurin, 24)	Integration test setup	2025-06-09T00:29:18.7549399Z ##[endgroup]
Java Distribution IT (windows-latest, temurin, 24)	Integration test setup	2025-06-09T00:29:18.7686476Z ##[group]Run "`n`n" | Add-Content C:\Windows\System32\drivers\etc\hosts
Java Distribution IT (windows-latest, temurin, 24)	Integration test setup	2025-06-09T00:29:18.7686994Z [36;1m"`n`n" | Add-Content C:\Windows\System32\drivers\etc\hosts[0m
Java Distribution IT (windows-latest, temurin, 24)	Integration test setup	2025-06-09T00:29:18.7687577Z [36;1mGet-Content .github/actions/update-hosts/nipio-hosts | Add-Content C:\Windows\System32\drivers\etc\hosts[0m
Java Distribution IT (windows-latest, temurin, 24)	Integration test setup	2025-06-09T00:29:18.7752145Z shell: C:\Windows\System32\WindowsPowerShell\v1.0\powershell.EXE -command ". '{0}'"
Java Distribution IT (windows-latest, temurin, 24)	Integration test setup	2025-06-09T00:29:18.7752580Z env:
Java Distribution IT (windows-latest, temurin, 24)	Integration test setup	2025-06-09T00:29:18.7752857Z   MAVEN_ARGS: -B -nsu -Daether.connector.http.connectionMaxTtl=25
Java Distribution IT (windows-latest, temurin, 24)	Integration test setup	2025-06-09T00:29:18.7753227Z   SUREFIRE_RERUN_FAILING_COUNT: 2
Java Distribution IT (windows-latest, temurin, 24)	Integration test setup	2025-06-09T00:29:18.7753524Z   SUREFIRE_RETRY: -Dsurefire.rerunFailingTestsCount=2
Java Distribution IT (windows-latest, temurin, 24)	Integration test setup	2025-06-09T00:29:18.7753827Z ##[endgroup]
Java Distribution IT (windows-latest, temurin, 24)	Integration test setup	2025-06-09T00:29:19.2391957Z Prepare all required actions
Java Distribution IT (windows-latest, temurin, 24)	Integration test setup	2025-06-09T00:29:19.2392250Z Getting action download info
Java Distribution IT (windows-latest, temurin, 24)	Integration test setup	2025-06-09T00:29:19.3359649Z Download action repository 'actions/setup-java@c5195efecf7bdfc987ee8bae7a71cb8b11521c00' (SHA:c5195efecf7bdfc987ee8bae7a71cb8b11521c00)
Java Distribution IT (windows-latest, temurin, 24)	Integration test setup	2025-06-09T00:29:19.8194390Z ##[group]Run ./.github/actions/java-setup
Java Distribution IT (windows-latest, temurin, 24)	Integration test setup	2025-06-09T00:29:19.8194787Z with:
Java Distribution IT (windows-latest, temurin, 24)	Integration test setup	2025-06-09T00:29:19.8194943Z   distribution: temurin
Java Distribution IT (windows-latest, temurin, 24)	Integration test setup	2025-06-09T00:29:19.8195130Z   java-version: 24
Java Distribution IT (windows-latest, temurin, 24)	Integration test setup	2025-06-09T00:29:19.8195291Z env:
Java Distribution IT (windows-latest, temurin, 24)	Integration test setup	2025-06-09T00:29:19.8195529Z   MAVEN_ARGS: -B -nsu -Daether.connector.http.connectionMaxTtl=25
Java Distribution IT (windows-latest, temurin, 24)	Integration test setup	2025-06-09T00:29:19.8195842Z   SUREFIRE_RERUN_FAILING_COUNT: 2
Java Distribution IT (windows-latest, temurin, 24)	Integration test setup	2025-06-09T00:29:19.8196102Z   SUREFIRE_RETRY: -Dsurefire.rerunFailingTestsCount=2
Java Distribution IT (windows-latest, temurin, 24)	Integration test setup	2025-06-09T00:29:19.8196371Z ##[endgroup]
Java Distribution IT (windows-latest, temurin, 24)	Integration test setup	2025-06-09T00:29:19.8374122Z ##[group]Run actions/setup-java@c5195efecf7bdfc987ee8bae7a71cb8b11521c00
Java Distribution IT (windows-latest, temurin, 24)	Integration test setup	2025-06-09T00:29:19.8374465Z with:
Java Distribution IT (windows-latest, temurin, 24)	Integration test setup	2025-06-09T00:29:19.8374633Z   distribution: temurin
Java Distribution IT (windows-latest, temurin, 24)	Integration test setup	2025-06-09T00:29:19.8374837Z   java-version: 24
Java Distribution IT (windows-latest, temurin, 24)	Integration test setup	2025-06-09T00:29:19.8375010Z   java-package: jdk
Java Distribution IT (windows-latest, temurin, 24)	Integration test setup	2025-06-09T00:29:19.8375183Z   check-latest: false
Java Distribution IT (windows-latest, temurin, 24)	Integration test setup	2025-06-09T00:29:19.8375349Z   server-id: github
Java Distribution IT (windows-latest, temurin, 24)	Integration test setup	2025-06-09T00:29:19.8375523Z   server-username: GITHUB_ACTOR
Java Distribution IT (windows-latest, temurin, 24)	Integration test setup	2025-06-09T00:29:19.8375743Z   server-password: GITHUB_TOKEN
Java Distribution IT (windows-latest, temurin, 24)	Integration test setup	2025-06-09T00:29:19.8375952Z   overwrite-settings: true
Java Distribution IT (windows-latest, temurin, 24)	Integration test setup	2025-06-09T00:29:19.8376163Z   job-status: success
Java Distribution IT (windows-latest, temurin, 24)	Integration test setup	2025-06-09T00:29:19.8376428Z   token: ***
Java Distribution IT (windows-latest, temurin, 24)	Integration test setup	2025-06-09T00:29:19.8376580Z env:
Java Distribution IT (windows-latest, temurin, 24)	Integration test setup	2025-06-09T00:29:19.8376819Z   MAVEN_ARGS: -B -nsu -Daether.connector.http.connectionMaxTtl=25
Java Distribution IT (windows-latest, temurin, 24)	Integration test setup	2025-06-09T00:29:19.8377134Z   SUREFIRE_RERUN_FAILING_COUNT: 2
Java Distribution IT (windows-latest, temurin, 24)	Integration test setup	2025-06-09T00:29:19.8377394Z   SUREFIRE_RETRY: -Dsurefire.rerunFailingTestsCount=2
Java Distribution IT (windows-latest, temurin, 24)	Integration test setup	2025-06-09T00:29:19.8377660Z ##[endgroup]
Java Distribution IT (windows-latest, temurin, 24)	Integration test setup	2025-06-09T00:29:20.1112159Z ##[group]Installed distributions
Java Distribution IT (windows-latest, temurin, 24)	Integration test setup	2025-06-09T00:29:20.1296765Z Trying to resolve the latest version from remote
Java Distribution IT (windows-latest, temurin, 24)	Integration test setup	2025-06-09T00:29:20.4356795Z Resolved latest version as 24.0.1+9
Java Distribution IT (windows-latest, temurin, 24)	Integration test setup	2025-06-09T00:29:20.4357435Z Trying to download...
Java Distribution IT (windows-latest, temurin, 24)	Integration test setup	2025-06-09T00:29:20.4361788Z Downloading Java 24.0.1+9 (Temurin-Hotspot) from https://github.com/adoptium/temurin24-binaries/releases/download/jdk-24.0.1%2B9/OpenJDK24U-jdk_x64_windows_hotspot_24.0.1_9.zip ...
Java Distribution IT (windows-latest, temurin, 24)	Integration test setup	2025-06-09T00:29:21.3249131Z Extracting Java archive...
Java Distribution IT (windows-latest, temurin, 24)	Integration test setup	2025-06-09T00:29:21.4372449Z [command]"C:\Program Files\PowerShell\7\pwsh.exe" -NoLogo -NoProfile -NonInteractive -ExecutionPolicy Unrestricted -Command "$ErrorActionPreference = 'Stop' ; try { Add-Type -AssemblyName System.IO.Compression.ZipFile } catch { } ; try { [System.IO.Compression.ZipFile]::ExtractToDirectory('C:\a\_temp\b3d2af54-d9d4-4313-acb7-0d0b86a3ac17.zip', 'C:\a\_temp\2844dd53-f4d7-4d2c-8781-7dc8f7a882c0', $true) } catch { if (($_.Exception.GetType().FullName -eq 'System.Management.Automation.MethodException') -or ($_.Exception.GetType().FullName -eq 'System.Management.Automation.RuntimeException') ){ Expand-Archive -LiteralPath 'C:\a\_temp\b3d2af54-d9d4-4313-acb7-0d0b86a3ac17.zip' -DestinationPath 'C:\a\_temp\2844dd53-f4d7-4d2c-8781-7dc8f7a882c0' -Force } else { throw $_ } } ;"
Java Distribution IT (windows-latest, temurin, 24)	Integration test setup	2025-06-09T00:29:29.6526541Z Java 24.0.1+9 was downloaded
Java Distribution IT (windows-latest, temurin, 24)	Integration test setup	2025-06-09T00:29:29.6526883Z Setting Java 24.0.1+9 as the default
Java Distribution IT (windows-latest, temurin, 24)	Integration test setup	2025-06-09T00:29:29.6555111Z Creating toolchains.xml for JDK version 24 from temurin
Java Distribution IT (windows-latest, temurin, 24)	Integration test setup	2025-06-09T00:29:29.6647413Z Writing to C:\Users\runneradmin\.m2\toolchains.xml
Java Distribution IT (windows-latest, temurin, 24)	Integration test setup	2025-06-09T00:29:29.6651138Z 
Java Distribution IT (windows-latest, temurin, 24)	Integration test setup	2025-06-09T00:29:29.6651451Z Java configuration:
Java Distribution IT (windows-latest, temurin, 24)	Integration test setup	2025-06-09T00:29:29.6651793Z   Distribution: temurin
Java Distribution IT (windows-latest, temurin, 24)	Integration test setup	2025-06-09T00:29:29.6652133Z   Version: 24.0.1+9
Java Distribution IT (windows-latest, temurin, 24)	Integration test setup	2025-06-09T00:29:29.6652565Z   Path: C:\hostedtoolcache\windows\Java_Temurin-Hotspot_jdk\24.0.1-9\x64
Java Distribution IT (windows-latest, temurin, 24)	Integration test setup	2025-06-09T00:29:29.6652992Z 
Java Distribution IT (windows-latest, temurin, 24)	Integration test setup	2025-06-09T00:29:29.6653762Z ##[endgroup]
Java Distribution IT (windows-latest, temurin, 24)	Integration test setup	2025-06-09T00:29:29.6667290Z Creating settings.xml with server-id: github
Java Distribution IT (windows-latest, temurin, 24)	Integration test setup	2025-06-09T00:29:29.6676278Z Writing to C:\Users\runneradmin\.m2\settings.xml
Java Distribution IT (windows-latest, temurin, 24)	Integration test setup	2025-06-09T00:29:29.6911297Z Prepare all required actions
Java Distribution IT (windows-latest, temurin, 24)	Integration test setup	2025-06-09T00:29:29.6911591Z Getting action download info
Java Distribution IT (windows-latest, temurin, 24)	Integration test setup	2025-06-09T00:29:29.8010353Z Download action repository 'actions/cache@5a3ec84eff668545956fd18022155c47e93e2684' (SHA:5a3ec84eff668545956fd18022155c47e93e2684)
Java Distribution IT (windows-latest, temurin, 24)	Integration test setup	2025-06-09T00:29:30.5910575Z ##[group]Run ./.github/actions/maven-cache
Java Distribution IT (windows-latest, temurin, 24)	Integration test setup	2025-06-09T00:29:30.5910828Z with:
Java Distribution IT (windows-latest, temurin, 24)	Integration test setup	2025-06-09T00:29:30.5911008Z   create-cache-if-it-doesnt-exist: false
Java Distribution IT (windows-latest, temurin, 24)	Integration test setup	2025-06-09T00:29:30.5911232Z env:
Java Distribution IT (windows-latest, temurin, 24)	Integration test setup	2025-06-09T00:29:30.5911466Z   MAVEN_ARGS: -B -nsu -Daether.connector.http.connectionMaxTtl=25
Java Distribution IT (windows-latest, temurin, 24)	Integration test setup	2025-06-09T00:29:30.5912509Z   SUREFIRE_RERUN_FAILING_COUNT: 2
Java Distribution IT (windows-latest, temurin, 24)	Integration test setup	2025-06-09T00:29:30.5912788Z   SUREFIRE_RETRY: -Dsurefire.rerunFailingTestsCount=2
Java Distribution IT (windows-latest, temurin, 24)	Integration test setup	2025-06-09T00:29:30.5913172Z   JAVA_HOME: C:\hostedtoolcache\windows\Java_Temurin-Hotspot_jdk\24.0.1-9\x64
Java Distribution IT (windows-latest, temurin, 24)	Integration test setup	2025-06-09T00:29:30.5913613Z   JAVA_HOME_24_X64: C:\hostedtoolcache\windows\Java_Temurin-Hotspot_jdk\24.0.1-9\x64
Java Distribution IT (windows-latest, temurin, 24)	Integration test setup	2025-06-09T00:29:30.5913939Z ##[endgroup]
Java Distribution IT (windows-latest, temurin, 24)	Integration test setup	2025-06-09T00:29:30.6015845Z ##[group]Run echo "key=mvn-`date -u "+%Y-%U"`" >> $GITHUB_OUTPUT
Java Distribution IT (windows-latest, temurin, 24)	Integration test setup	2025-06-09T00:29:30.6016236Z [36;1mecho "key=mvn-`date -u "+%Y-%U"`" >> $GITHUB_OUTPUT[0m
Java Distribution IT (windows-latest, temurin, 24)	Integration test setup	2025-06-09T00:29:30.6029859Z shell: C:\Program Files\Git\bin\bash.EXE --noprofile --norc -e -o pipefail {0}
Java Distribution IT (windows-latest, temurin, 24)	Integration test setup	2025-06-09T00:29:30.6030207Z env:
Java Distribution IT (windows-latest, temurin, 24)	Integration test setup	2025-06-09T00:29:30.6030458Z   MAVEN_ARGS: -B -nsu -Daether.connector.http.connectionMaxTtl=25
Java Distribution IT (windows-latest, temurin, 24)	Integration test setup	2025-06-09T00:29:30.6030781Z   SUREFIRE_RERUN_FAILING_COUNT: 2
Java Distribution IT (windows-latest, temurin, 24)	Integration test setup	2025-06-09T00:29:30.6031047Z   SUREFIRE_RETRY: -Dsurefire.rerunFailingTestsCount=2
Java Distribution IT (windows-latest, temurin, 24)	Integration test setup	2025-06-09T00:29:30.6031439Z   JAVA_HOME: C:\hostedtoolcache\windows\Java_Temurin-Hotspot_jdk\24.0.1-9\x64
Java Distribution IT (windows-latest, temurin, 24)	Integration test setup	2025-06-09T00:29:30.6031904Z   JAVA_HOME_24_X64: C:\hostedtoolcache\windows\Java_Temurin-Hotspot_jdk\24.0.1-9\x64
Java Distribution IT (windows-latest, temurin, 24)	Integration test setup	2025-06-09T00:29:30.6032238Z ##[endgroup]
Java Distribution IT (windows-latest, temurin, 24)	Integration test setup	2025-06-09T00:29:30.7500825Z ##[group]Run mkdir -p ../../../.m2/repository
Java Distribution IT (windows-latest, temurin, 24)	Integration test setup	2025-06-09T00:29:30.7501120Z [36;1mmkdir -p ../../../.m2/repository[0m
Java Distribution IT (windows-latest, temurin, 24)	Integration test setup	2025-06-09T00:29:30.7501420Z [36;1mcmd /c mklink /d $HOME\.m2\repository D:\.m2\repository[0m
Java Distribution IT (windows-latest, temurin, 24)	Integration test setup	2025-06-09T00:29:30.7531479Z shell: C:\Windows\System32\WindowsPowerShell\v1.0\powershell.EXE -command ". '{0}'"
Java Distribution IT (windows-latest, temurin, 24)	Integration test setup	2025-06-09T00:29:30.7532549Z env:
Java Distribution IT (windows-latest, temurin, 24)	Integration test setup	2025-06-09T00:29:30.7532794Z   MAVEN_ARGS: -B -nsu -Daether.connector.http.connectionMaxTtl=25
Java Distribution IT (windows-latest, temurin, 24)	Integration test setup	2025-06-09T00:29:30.7533104Z   SUREFIRE_RERUN_FAILING_COUNT: 2
Java Distribution IT (windows-latest, temurin, 24)	Integration test setup	2025-06-09T00:29:30.7533370Z   SUREFIRE_RETRY: -Dsurefire.rerunFailingTestsCount=2
Java Distribution IT (windows-latest, temurin, 24)	Integration test setup	2025-06-09T00:29:30.7533754Z   JAVA_HOME: C:\hostedtoolcache\windows\Java_Temurin-Hotspot_jdk\24.0.1-9\x64
Java Distribution IT (windows-latest, temurin, 24)	Integration test setup	2025-06-09T00:29:30.7534226Z   JAVA_HOME_24_X64: C:\hostedtoolcache\windows\Java_Temurin-Hotspot_jdk\24.0.1-9\x64
Java Distribution IT (windows-latest, temurin, 24)	Integration test setup	2025-06-09T00:29:30.7534550Z ##[endgroup]
Java Distribution IT (windows-latest, temurin, 24)	Integration test setup	2025-06-09T00:29:31.0073805Z 
Java Distribution IT (windows-latest, temurin, 24)	Integration test setup	2025-06-09T00:29:31.0075304Z 
Java Distribution IT (windows-latest, temurin, 24)	Integration test setup	2025-06-09T00:29:31.0077995Z     Directory: C:\.m2
Java Distribution IT (windows-latest, temurin, 24)	Integration test setup	2025-06-09T00:29:31.0078217Z 
Java Distribution IT (windows-latest, temurin, 24)	Integration test setup	2025-06-09T00:29:31.0078252Z 
Java Distribution IT (windows-latest, temurin, 24)	Integration test setup	2025-06-09T00:29:31.0088906Z Mode                 LastWriteTime         Length Name                                                                 
Java Distribution IT (windows-latest, temurin, 24)	Integration test setup	2025-06-09T00:29:31.0093127Z ----                 -------------         ------ ----                                                                 
Java Distribution IT (windows-latest, temurin, 24)	Integration test setup	2025-06-09T00:29:31.0102834Z d-----          6/9/2025  12:29 AM                repository                                                           
Java Distribution IT (windows-latest, temurin, 24)	Integration test setup	2025-06-09T00:29:31.0211811Z symbolic link created for C:\Users\runneradmin\.m2\repository <<===>> D:\.m2\repository
Java Distribution IT (windows-latest, temurin, 24)	Integration test setup	2025-06-09T00:29:31.0288882Z 
Java Distribution IT (windows-latest, temurin, 24)	Integration test setup	2025-06-09T00:29:31.0289503Z 
Java Distribution IT (windows-latest, temurin, 24)	Integration test setup	2025-06-09T00:29:31.0524442Z ##[group]Run actions/cache/restore@5a3ec84eff668545956fd18022155c47e93e2684
Java Distribution IT (windows-latest, temurin, 24)	Integration test setup	2025-06-09T00:29:31.0524789Z with:
Java Distribution IT (windows-latest, temurin, 24)	Integration test setup	2025-06-09T00:29:31.0525025Z   path: ~/.m2/repository/*/*
Java Distribution IT (windows-latest, temurin, 24)	Integration test setup	!~/.m2/repository/org/keycloak
Java Distribution IT (windows-latest, temurin, 24)	Integration test setup	
Java Distribution IT (windows-latest, temurin, 24)	Integration test setup	2025-06-09T00:29:31.0525313Z   key: mvn-2025-23
Java Distribution IT (windows-latest, temurin, 24)	Integration test setup	2025-06-09T00:29:31.0525486Z   enableCrossOsArchive: true
Java Distribution IT (windows-latest, temurin, 24)	Integration test setup	2025-06-09T00:29:31.0525691Z   fail-on-cache-miss: false
Java Distribution IT (windows-latest, temurin, 24)	Integration test setup	2025-06-09T00:29:31.0525883Z   lookup-only: false
Java Distribution IT (windows-latest, temurin, 24)	Integration test setup	2025-06-09T00:29:31.0526046Z env:
Java Distribution IT (windows-latest, temurin, 24)	Integration test setup	2025-06-09T00:29:31.0526284Z   MAVEN_ARGS: -B -nsu -Daether.connector.http.connectionMaxTtl=25
Java Distribution IT (windows-latest, temurin, 24)	Integration test setup	2025-06-09T00:29:31.0526582Z   SUREFIRE_RERUN_FAILING_COUNT: 2
Java Distribution IT (windows-latest, temurin, 24)	Integration test setup	2025-06-09T00:29:31.0526840Z   SUREFIRE_RETRY: -Dsurefire.rerunFailingTestsCount=2
Java Distribution IT (windows-latest, temurin, 24)	Integration test setup	2025-06-09T00:29:31.0527233Z   JAVA_HOME: C:\hostedtoolcache\windows\Java_Temurin-Hotspot_jdk\24.0.1-9\x64
Java Distribution IT (windows-latest, temurin, 24)	Integration test setup	2025-06-09T00:29:31.0527666Z   JAVA_HOME_24_X64: C:\hostedtoolcache\windows\Java_Temurin-Hotspot_jdk\24.0.1-9\x64
Java Distribution IT (windows-latest, temurin, 24)	Integration test setup	2025-06-09T00:29:31.0527993Z ##[endgroup]
Java Distribution IT (windows-latest, temurin, 24)	Integration test setup	2025-06-09T00:29:31.7676153Z Cache hit for: mvn-2025-23
Java Distribution IT (windows-latest, temurin, 24)	Integration test setup	2025-06-09T00:29:34.2935885Z Received 134217728 of 670337732 (20.0%), 51.9 MBs/sec
Java Distribution IT (windows-latest, temurin, 24)	Integration test setup	2025-06-09T00:29:36.3096462Z Received 268435456 of 670337732 (40.0%), 57.1 MBs/sec
Java Distribution IT (windows-latest, temurin, 24)	Integration test setup	2025-06-09T00:29:38.0480137Z Received 402653184 of 670337732 (60.1%), 61.7 MBs/sec
Java Distribution IT (windows-latest, temurin, 24)	Integration test setup	2025-06-09T00:29:39.9477778Z Received 536870912 of 670337732 (80.1%), 63.0 MBs/sec
Java Distribution IT (windows-latest, temurin, 24)	Integration test setup	2025-06-09T00:29:41.7989356Z Received 670337732 of 670337732 (100.0%), 64.1 MBs/sec
Java Distribution IT (windows-latest, temurin, 24)	Integration test setup	2025-06-09T00:29:41.7995210Z Cache Size: ~639 MB (670337732 B)
Java Distribution IT (windows-latest, temurin, 24)	Integration test setup	2025-06-09T00:29:41.8087395Z [command]"C:\Program Files\Git\usr\bin\tar.exe" -xf C:/a/_temp/06069641-62b2-44d6-8e55-eb9281e86b1b/cache.tzst -P -C C:/a/keycloak/keycloak --force-local --use-compress-program "zstd -d"
Java Distribution IT (windows-latest, temurin, 24)	Integration test setup	2025-06-09T00:30:13.5502769Z Cache restored successfully
Java Distribution IT (windows-latest, temurin, 24)	Integration test setup	2025-06-09T00:30:13.5910646Z Cache restored from key: mvn-2025-23
Java Distribution IT (windows-latest, temurin, 24)	Integration test setup	2025-06-09T00:30:13.6098955Z Prepare all required actions
Java Distribution IT (windows-latest, temurin, 24)	Integration test setup	2025-06-09T00:30:13.6099347Z Getting action download info
Java Distribution IT (windows-latest, temurin, 24)	Integration test setup	2025-06-09T00:30:13.7375585Z ##[group]Run ./.github/actions/node-cache
Java Distribution IT (windows-latest, temurin, 24)	Integration test setup	2025-06-09T00:30:13.7375909Z env:
Java Distribution IT (windows-latest, temurin, 24)	Integration test setup	2025-06-09T00:30:13.7376224Z   MAVEN_ARGS: -B -nsu -Daether.connector.http.connectionMaxTtl=25
Java Distribution IT (windows-latest, temurin, 24)	Integration test setup	2025-06-09T00:30:13.7376632Z   SUREFIRE_RERUN_FAILING_COUNT: 2
Java Distribution IT (windows-latest, temurin, 24)	Integration test setup	2025-06-09T00:30:13.7376970Z   SUREFIRE_RETRY: -Dsurefire.rerunFailingTestsCount=2
Java Distribution IT (windows-latest, temurin, 24)	Integration test setup	2025-06-09T00:30:13.7377447Z   JAVA_HOME: C:\hostedtoolcache\windows\Java_Temurin-Hotspot_jdk\24.0.1-9\x64
Java Distribution IT (windows-latest, temurin, 24)	Integration test setup	2025-06-09T00:30:13.7378005Z   JAVA_HOME_24_X64: C:\hostedtoolcache\windows\Java_Temurin-Hotspot_jdk\24.0.1-9\x64
Java Distribution IT (windows-latest, temurin, 24)	Integration test setup	2025-06-09T00:30:13.7378409Z ##[endgroup]
Java Distribution IT (windows-latest, temurin, 24)	Integration test setup	2025-06-09T00:30:13.7516535Z ##[group]Run echo "node=$(cat js/pom.xml | grep '<node.version>' | cut -d '>' -f 2 | cut -d '<' -f 1 | cut -c 2-)" >> $GITHUB_OUTPUT
Java Distribution IT (windows-latest, temurin, 24)	Integration test setup	2025-06-09T00:30:13.7517370Z [36;1mecho "node=$(cat js/pom.xml | grep '<node.version>' | cut -d '>' -f 2 | cut -d '<' -f 1 | cut -c 2-)" >> $GITHUB_OUTPUT[0m
Java Distribution IT (windows-latest, temurin, 24)	Integration test setup	2025-06-09T00:30:13.7517984Z [36;1mecho "pnpm=$(cat js/pom.xml | grep '<pnpm.version>' | cut -d '>' -f 2 | cut -d '<' -f 1 | cut -c 1-)" >> $GITHUB_OUTPUT[0m
Java Distribution IT (windows-latest, temurin, 24)	Integration test setup	2025-06-09T00:30:13.7529417Z shell: C:\Program Files\Git\bin\bash.EXE --noprofile --norc -e -o pipefail {0}
Java Distribution IT (windows-latest, temurin, 24)	Integration test setup	2025-06-09T00:30:13.7529765Z env:
Java Distribution IT (windows-latest, temurin, 24)	Integration test setup	2025-06-09T00:30:13.7530019Z   MAVEN_ARGS: -B -nsu -Daether.connector.http.connectionMaxTtl=25
Java Distribution IT (windows-latest, temurin, 24)	Integration test setup	2025-06-09T00:30:13.7530337Z   SUREFIRE_RERUN_FAILING_COUNT: 2
Java Distribution IT (windows-latest, temurin, 24)	Integration test setup	2025-06-09T00:30:13.7530601Z   SUREFIRE_RETRY: -Dsurefire.rerunFailingTestsCount=2
Java Distribution IT (windows-latest, temurin, 24)	Integration test setup	2025-06-09T00:30:13.7530978Z   JAVA_HOME: C:\hostedtoolcache\windows\Java_Temurin-Hotspot_jdk\24.0.1-9\x64
Java Distribution IT (windows-latest, temurin, 24)	Integration test setup	2025-06-09T00:30:13.7531432Z   JAVA_HOME_24_X64: C:\hostedtoolcache\windows\Java_Temurin-Hotspot_jdk\24.0.1-9\x64
Java Distribution IT (windows-latest, temurin, 24)	Integration test setup	2025-06-09T00:30:13.7531770Z ##[endgroup]
Java Distribution IT (windows-latest, temurin, 24)	Integration test setup	2025-06-09T00:30:13.9737135Z ##[group]Run actions/cache@5a3ec84eff668545956fd18022155c47e93e2684
Java Distribution IT (windows-latest, temurin, 24)	Integration test setup	2025-06-09T00:30:13.9737450Z with:
Java Distribution IT (windows-latest, temurin, 24)	Integration test setup	2025-06-09T00:30:13.9737800Z   path: ~/.m2/repository/com/github/eirslett/node
Java Distribution IT (windows-latest, temurin, 24)	Integration test setup	~/.m2/repository/com/github/eirslett/pnpm
Java Distribution IT (windows-latest, temurin, 24)	Integration test setup	
Java Distribution IT (windows-latest, temurin, 24)	Integration test setup	2025-06-09T00:30:13.9738270Z   key: Windows-frontend-plugin-artifacts-22.14.0-10.4.1
Java Distribution IT (windows-latest, temurin, 24)	Integration test setup	2025-06-09T00:30:13.9738564Z   enableCrossOsArchive: false
Java Distribution IT (windows-latest, temurin, 24)	Integration test setup	2025-06-09T00:30:13.9738804Z   fail-on-cache-miss: false
Java Distribution IT (windows-latest, temurin, 24)	Integration test setup	2025-06-09T00:30:13.9739012Z   lookup-only: false
Java Distribution IT (windows-latest, temurin, 24)	Integration test setup	2025-06-09T00:30:13.9739188Z   save-always: false
Java Distribution IT (windows-latest, temurin, 24)	Integration test setup	2025-06-09T00:30:13.9739350Z env:
Java Distribution IT (windows-latest, temurin, 24)	Integration test setup	2025-06-09T00:30:13.9739591Z   MAVEN_ARGS: -B -nsu -Daether.connector.http.connectionMaxTtl=25
Java Distribution IT (windows-latest, temurin, 24)	Integration test setup	2025-06-09T00:30:13.9739907Z   SUREFIRE_RERUN_FAILING_COUNT: 2
Java Distribution IT (windows-latest, temurin, 24)	Integration test setup	2025-06-09T00:30:13.9740171Z   SUREFIRE_RETRY: -Dsurefire.rerunFailingTestsCount=2
Java Distribution IT (windows-latest, temurin, 24)	Integration test setup	2025-06-09T00:30:13.9740645Z   JAVA_HOME: C:\hostedtoolcache\windows\Java_Temurin-Hotspot_jdk\24.0.1-9\x64
Java Distribution IT (windows-latest, temurin, 24)	Integration test setup	2025-06-09T00:30:13.9741116Z   JAVA_HOME_24_X64: C:\hostedtoolcache\windows\Java_Temurin-Hotspot_jdk\24.0.1-9\x64
Java Distribution IT (windows-latest, temurin, 24)	Integration test setup	2025-06-09T00:30:13.9741464Z ##[endgroup]
Java Distribution IT (windows-latest, temurin, 24)	Integration test setup	2025-06-09T00:30:14.3119018Z Cache hit for: Windows-frontend-plugin-artifacts-22.14.0-10.4.1
Java Distribution IT (windows-latest, temurin, 24)	Integration test setup	2025-06-09T00:30:16.2151711Z Received 134217728 of 180285260 (74.4%), 69.0 MBs/sec
Java Distribution IT (windows-latest, temurin, 24)	Integration test setup	2025-06-09T00:30:16.6748868Z Received 180285260 of 180285260 (100.0%), 74.3 MBs/sec
Java Distribution IT (windows-latest, temurin, 24)	Integration test setup	2025-06-09T00:30:16.6754037Z Cache Size: ~172 MB (180285260 B)
Java Distribution IT (windows-latest, temurin, 24)	Integration test setup	2025-06-09T00:30:16.6829329Z [command]"C:\Program Files\Git\usr\bin\tar.exe" -xf C:/a/_temp/fb70a176-debf-4f64-91e6-cb44c2e20ac3/cache.tzst -P -C C:/a/keycloak/keycloak --force-local --use-compress-program "zstd -d"
Java Distribution IT (windows-latest, temurin, 24)	Integration test setup	2025-06-09T00:30:16.7196266Z /usr/bin/tar: C\:/Users/runneradmin/.m2/repository/com: Cannot mkdir: No such file or directory
Java Distribution IT (windows-latest, temurin, 24)	Integration test setup	2025-06-09T00:30:16.7197130Z /usr/bin/tar: C\:/Users/runneradmin/.m2/repository/com/github/eirslett/node: Cannot mkdir: No such file or directory
Java Distribution IT (windows-latest, temurin, 24)	Integration test setup	2025-06-09T00:30:16.7199486Z /usr/bin/tar: C\:/Users/runneradmin/.m2/repository/com: Cannot mkdir: No such file or directory
Java Distribution IT (windows-latest, temurin, 24)	Integration test setup	2025-06-09T00:30:16.7200359Z /usr/bin/tar: C\:/Users/runneradmin/.m2/repository/com/github/eirslett/node/22.11.0: Cannot mkdir: No such file or directory
Java Distribution IT (windows-latest, temurin, 24)	Integration test setup	2025-06-09T00:30:16.7205371Z /usr/bin/tar: C\:/Users/runneradmin/.m2/repository/com: Cannot mkdir: No such file or directory
Java Distribution IT (windows-latest, temurin, 24)	Integration test setup	2025-06-09T00:30:16.7567215Z /usr/bin/tar: C\:/Users/runneradmin/.m2/repository/com/github/eirslett/node/22.11.0/node-22.11.0-linux-x64.tar.gz: Cannot open: No such file or directory
Java Distribution IT (windows-latest, temurin, 24)	Integration test setup	2025-06-09T00:30:16.7573863Z /usr/bin/tar: C\:/Users/runneradmin/.m2/repository/com: Cannot mkdir: No such file or directory
Java Distribution IT (windows-latest, temurin, 24)	Integration test setup	2025-06-09T00:30:17.0185212Z /usr/bin/tar: C\:/Users/runneradmin/.m2/repository/com/github/eirslett/node/22.11.0/node-22.11.0-win-x64.exe: Cannot open: No such file or directory
Java Distribution IT (windows-latest, temurin, 24)	Integration test setup	2025-06-09T00:30:17.0191111Z /usr/bin/tar: C\:/Users/runneradmin/.m2/repository/com: Cannot mkdir: No such file or directory
Java Distribution IT (windows-latest, temurin, 24)	Integration test setup	2025-06-09T00:30:17.0192419Z /usr/bin/tar: C\:/Users/runneradmin/.m2/repository/com/github/eirslett/node/22.14.0: Cannot mkdir: No such file or directory
Java Distribution IT (windows-latest, temurin, 24)	Integration test setup	2025-06-09T00:30:17.0197884Z /usr/bin/tar: C\:/Users/runneradmin/.m2/repository/com: Cannot mkdir: No such file or directory
Java Distribution IT (windows-latest, temurin, 24)	Integration test setup	2025-06-09T00:30:17.0589084Z /usr/bin/tar: C\:/Users/runneradmin/.m2/repository/com/github/eirslett/node/22.14.0/node-22.14.0-linux-x64.tar.gz: Cannot open: No such file or directory
Java Distribution IT (windows-latest, temurin, 24)	Integration test setup	2025-06-09T00:30:17.0595789Z /usr/bin/tar: C\:/Users/runneradmin/.m2/repository/com: Cannot mkdir: No such file or directory
Java Distribution IT (windows-latest, temurin, 24)	Integration test setup	2025-06-09T00:30:17.3296505Z /usr/bin/tar: C\:/Users/runneradmin/.m2/repository/com/github/eirslett/node/22.14.0/node-22.14.0-win-x64.exe: Cannot open: No such file or directory
Java Distribution IT (windows-latest, temurin, 24)	Integration test setup	2025-06-09T00:30:17.3302475Z /usr/bin/tar: C\:/Users/runneradmin/.m2/repository/com: Cannot mkdir: No such file or directory
Java Distribution IT (windows-latest, temurin, 24)	Integration test setup	2025-06-09T00:30:17.3303272Z /usr/bin/tar: C\:/Users/runneradmin/.m2/repository/com/github/eirslett/pnpm: Cannot mkdir: No such file or directory
Java Distribution IT (windows-latest, temurin, 24)	Integration test setup	2025-06-09T00:30:17.3308944Z /usr/bin/tar: C\:/Users/runneradmin/.m2/repository/com: Cannot mkdir: No such file or directory
Java Distribution IT (windows-latest, temurin, 24)	Integration test setup	2025-06-09T00:30:17.3310273Z /usr/bin/tar: C\:/Users/runneradmin/.m2/repository/com/github/eirslett/pnpm/10.3.0: Cannot mkdir: No such file or directory
Java Distribution IT (windows-latest, temurin, 24)	Integration test setup	2025-06-09T00:30:17.3314753Z /usr/bin/tar: C\:/Users/runneradmin/.m2/repository/com: Cannot mkdir: No such file or directory
Java Distribution IT (windows-latest, temurin, 24)	Integration test setup	2025-06-09T00:30:17.3346318Z /usr/bin/tar: C\:/Users/runneradmin/.m2/repository/com/github/eirslett/pnpm/10.3.0/pnpm-10.3.0.tar.gz: Cannot open: No such file or directory
Java Distribution IT (windows-latest, temurin, 24)	Integration test setup	2025-06-09T00:30:17.3351668Z /usr/bin/tar: C\:/Users/runneradmin/.m2/repository/com: Cannot mkdir: No such file or directory
Java Distribution IT (windows-latest, temurin, 24)	Integration test setup	2025-06-09T00:30:17.3352966Z /usr/bin/tar: C\:/Users/runneradmin/.m2/repository/com/github/eirslett/pnpm/10.4.1: Cannot mkdir: No such file or directory
Java Distribution IT (windows-latest, temurin, 24)	Integration test setup	2025-06-09T00:30:17.3357501Z /usr/bin/tar: C\:/Users/runneradmin/.m2/repository/com: Cannot mkdir: No such file or directory
Java Distribution IT (windows-latest, temurin, 24)	Integration test setup	2025-06-09T00:30:17.3389388Z /usr/bin/tar: C\:/Users/runneradmin/.m2/repository/com/github/eirslett/pnpm/10.4.1/pnpm-10.4.1.tar.gz: Cannot open: No such file or directory
Java Distribution IT (windows-latest, temurin, 24)	Integration test setup	2025-06-09T00:30:17.3394952Z /usr/bin/tar: C\:/Users/runneradmin/.m2/repository/com: Cannot mkdir: No such file or directory
Java Distribution IT (windows-latest, temurin, 24)	Integration test setup	2025-06-09T00:30:17.3396243Z /usr/bin/tar: C\:/Users/runneradmin/.m2/repository/com/github/eirslett/pnpm/9.14.4: Cannot mkdir: No such file or directory
Java Distribution IT (windows-latest, temurin, 24)	Integration test setup	2025-06-09T00:30:17.3401075Z /usr/bin/tar: C\:/Users/runneradmin/.m2/repository/com: Cannot mkdir: No such file or directory
Java Distribution IT (windows-latest, temurin, 24)	Integration test setup	2025-06-09T00:30:17.3429604Z /usr/bin/tar: C\:/Users/runneradmin/.m2/repository/com/github/eirslett/pnpm/9.14.4/pnpm-9.14.4.tar.gz: Cannot open: No such file or directory
Java Distribution IT (windows-latest, temurin, 24)	Integration test setup	2025-06-09T00:30:17.3446212Z /usr/bin/tar: Exiting with failure status due to previous errors
Java Distribution IT (windows-latest, temurin, 24)	Integration test setup	2025-06-09T00:30:17.3478269Z ##[warning]Failed to restore: "C:\Program failed with error: The process 'C:\Program Files\Git\usr\bin\tar.exe' failed with exit code 2
Java Distribution IT (windows-latest, temurin, 24)	Integration test setup	2025-06-09T00:30:17.3557607Z Cache not found for input keys: Windows-frontend-plugin-artifacts-22.14.0-10.4.1
Java Distribution IT (windows-latest, temurin, 24)	Integration test setup	2025-06-09T00:30:17.3811118Z ##[group]Run ./.github/scripts/download-node-tooling.sh 22.14.0 10.4.1
Java Distribution IT (windows-latest, temurin, 24)	Integration test setup	2025-06-09T00:30:17.3811571Z [36;1m./.github/scripts/download-node-tooling.sh 22.14.0 10.4.1[0m
Java Distribution IT (windows-latest, temurin, 24)	Integration test setup	2025-06-09T00:30:17.3822441Z shell: C:\Program Files\Git\bin\bash.EXE --noprofile --norc -e -o pipefail {0}
Java Distribution IT (windows-latest, temurin, 24)	Integration test setup	2025-06-09T00:30:17.3822808Z env:
Java Distribution IT (windows-latest, temurin, 24)	Integration test setup	2025-06-09T00:30:17.3823075Z   MAVEN_ARGS: -B -nsu -Daether.connector.http.connectionMaxTtl=25
Java Distribution IT (windows-latest, temurin, 24)	Integration test setup	2025-06-09T00:30:17.3823418Z   SUREFIRE_RERUN_FAILING_COUNT: 2
Java Distribution IT (windows-latest, temurin, 24)	Integration test setup	2025-06-09T00:30:17.3823695Z   SUREFIRE_RETRY: -Dsurefire.rerunFailingTestsCount=2
Java Distribution IT (windows-latest, temurin, 24)	Integration test setup	2025-06-09T00:30:17.3824104Z   JAVA_HOME: C:\hostedtoolcache\windows\Java_Temurin-Hotspot_jdk\24.0.1-9\x64
Java Distribution IT (windows-latest, temurin, 24)	Integration test setup	2025-06-09T00:30:17.3824564Z   JAVA_HOME_24_X64: C:\hostedtoolcache\windows\Java_Temurin-Hotspot_jdk\24.0.1-9\x64
Java Distribution IT (windows-latest, temurin, 24)	Integration test setup	2025-06-09T00:30:17.3824910Z ##[endgroup]
Java Distribution IT (windows-latest, temurin, 24)	Integration test setup	2025-06-09T00:30:17.4557224Z Downloading node-v22.14.0-linux-x64.tar.gz...
Java Distribution IT (windows-latest, temurin, 24)	Integration test setup	2025-06-09T00:30:17.4926920Z mkdir: cannot create directory '/c/Users/runneradmin/.m2/repository': File exists
Java Distribution IT (windows-latest, temurin, 24)	Integration test setup	2025-06-09T00:30:17.4966139Z ##[error]Process completed with exit code 1.
Status Check - Keycloak CI	Run /./.github/actions/status-check	2025-06-09T01:12:32.0184265Z Prepare all required actions
Status Check - Keycloak CI	Run /./.github/actions/status-check	2025-06-09T01:12:32.0254021Z ##[group]Run ./.github/actions/status-check
Status Check - Keycloak CI	Run /./.github/actions/status-check	2025-06-09T01:12:32.0254412Z with:
Status Check - Keycloak CI	Run /./.github/actions/status-check	2025-06-09T01:12:32.0258446Z   jobs: {
Status Check - Keycloak CI	Run /./.github/actions/status-check	  "conditional": {
Status Check - Keycloak CI	Run /./.github/actions/status-check	    "result": "success",
Status Check - Keycloak CI	Run /./.github/actions/status-check	    "outputs": {
Status Check - Keycloak CI	Run /./.github/actions/status-check	      "ci": "true",
Status Check - Keycloak CI	Run /./.github/actions/status-check	      "ci-aurora": "true",
Status Check - Keycloak CI	Run /./.github/actions/status-check	      "ci-quarkus": "true",
Status Check - Keycloak CI	Run /./.github/actions/status-check	      "ci-sssd": "true",
Status Check - Keycloak CI	Run /./.github/actions/status-check	      "ci-store": "true",
Status Check - Keycloak CI	Run /./.github/actions/status-check	      "ci-webauthn": "true"
Status Check - Keycloak CI	Run /./.github/actions/status-check	    }
Status Check - Keycloak CI	Run /./.github/actions/status-check	  },
Status Check - Keycloak CI	Run /./.github/actions/status-check	  "build": {
Status Check - Keycloak CI	Run /./.github/actions/status-check	    "result": "success",
Status Check - Keycloak CI	Run /./.github/actions/status-check	    "outputs": {}
Status Check - Keycloak CI	Run /./.github/actions/status-check	  },
Status Check - Keycloak CI	Run /./.github/actions/status-check	  "unit-tests": {
Status Check - Keycloak CI	Run /./.github/actions/status-check	    "result": "success",
Status Check - Keycloak CI	Run /./.github/actions/status-check	    "outputs": {}
Status Check - Keycloak CI	Run /./.github/actions/status-check	  },
Status Check - Keycloak CI	Run /./.github/actions/status-check	  "base-integration-tests": {
Status Check - Keycloak CI	Run /./.github/actions/status-check	    "result": "success",
Status Check - Keycloak CI	Run /./.github/actions/status-check	    "outputs": {}
Status Check - Keycloak CI	Run /./.github/actions/status-check	  },
Status Check - Keycloak CI	Run /./.github/actions/status-check	  "adapter-integration-tests": {
Status Check - Keycloak CI	Run /./.github/actions/status-check	    "result": "success",
Status Check - Keycloak CI	Run /./.github/actions/status-check	    "outputs": {}
Status Check - Keycloak CI	Run /./.github/actions/status-check	  },
Status Check - Keycloak CI	Run /./.github/actions/status-check	  "adapter-integration-tests-strict-cookies": {
Status Check - Keycloak CI	Run /./.github/actions/status-check	    "result": "success",
Status Check - Keycloak CI	Run /./.github/actions/status-check	    "outputs": {}
Status Check - Keycloak CI	Run /./.github/actions/status-check	  },
Status Check - Keycloak CI	Run /./.github/actions/status-check	  "quarkus-unit-tests": {
Status Check - Keycloak CI	Run /./.github/actions/status-check	    "result": "failure",
Status Check - Keycloak CI	Run /./.github/actions/status-check	    "outputs": {}
Status Check - Keycloak CI	Run /./.github/actions/status-check	  },
Status Check - Keycloak CI	Run /./.github/actions/status-check	  "quarkus-integration-tests": {
Status Check - Keycloak CI	Run /./.github/actions/status-check	    "result": "failure",
Status Check - Keycloak CI	Run /./.github/actions/status-check	    "outputs": {}
Status Check - Keycloak CI	Run /./.github/actions/status-check	  },
Status Check - Keycloak CI	Run /./.github/actions/status-check	  "jdk-integration-tests": {
Status Check - Keycloak CI	Run /./.github/actions/status-check	    "result": "failure",
Status Check - Keycloak CI	Run /./.github/actions/status-check	    "outputs": {}
Status Check - Keycloak CI	Run /./.github/actions/status-check	  },
Status Check - Keycloak CI	Run /./.github/actions/status-check	  "store-integration-tests": {
Status Check - Keycloak CI	Run /./.github/actions/status-check	    "result": "success",
Status Check - Keycloak CI	Run /./.github/actions/status-check	    "outputs": {}
Status Check - Keycloak CI	Run /./.github/actions/status-check	  },
Status Check - Keycloak CI	Run /./.github/actions/status-check	  "volatile-sessions-tests": {
Status Check - Keycloak CI	Run /./.github/actions/status-check	    "result": "success",
Status Check - Keycloak CI	Run /./.github/actions/status-check	    "outputs": {}
Status Check - Keycloak CI	Run /./.github/actions/status-check	  },
Status Check - Keycloak CI	Run /./.github/actions/status-check	  "store-model-tests": {
Status Check - Keycloak CI	Run /./.github/actions/status-check	    "result": "success",
Status Check - Keycloak CI	Run /./.github/actions/status-check	    "outputs": {}
Status Check - Keycloak CI	Run /./.github/actions/status-check	  },
Status Check - Keycloak CI	Run /./.github/actions/status-check	  "clustering-integration-tests": {
Status Check - Keycloak CI	Run /./.github/actions/status-check	    "result": "success",
Status Check - Keycloak CI	Run /./.github/actions/status-check	    "outputs": {}
Status Check - Keycloak CI	Run /./.github/actions/status-check	  },
Status Check - Keycloak CI	Run /./.github/actions/status-check	  "fips-unit-tests": {
Status Check - Keycloak CI	Run /./.github/actions/status-check	    "result": "success",
Status Check - Keycloak CI	Run /./.github/actions/status-check	    "outputs": {}
Status Check - Keycloak CI	Run /./.github/actions/status-check	  },
Status Check - Keycloak CI	Run /./.github/actions/status-check	  "fips-integration-tests": {
Status Check - Keycloak CI	Run /./.github/actions/status-check	    "result": "success",
Status Check - Keycloak CI	Run /./.github/actions/status-check	    "outputs": {}
Status Check - Keycloak CI	Run /./.github/actions/status-check	  },
Status Check - Keycloak CI	Run /./.github/actions/status-check	  "forms-integration-tests": {
Status Check - Keycloak CI	Run /./.github/actions/status-check	    "result": "success",
Status Check - Keycloak CI	Run /./.github/actions/status-check	    "outputs": {}
Status Check - Keycloak CI	Run /./.github/actions/status-check	  },
Status Check - Keycloak CI	Run /./.github/actions/status-check	  "webauthn-integration-tests": {
Status Check - Keycloak CI	Run /./.github/actions/status-check	    "result": "success",
Status Check - Keycloak CI	Run /./.github/actions/status-check	    "outputs": {}
Status Check - Keycloak CI	Run /./.github/actions/status-check	  },
Status Check - Keycloak CI	Run /./.github/actions/status-check	  "sssd-unit-tests": {
Status Check - Keycloak CI	Run /./.github/actions/status-check	    "result": "success",
Status Check - Keycloak CI	Run /./.github/actions/status-check	    "outputs": {}
Status Check - Keycloak CI	Run /./.github/actions/status-check	  },
Status Check - Keycloak CI	Run /./.github/actions/status-check	  "migration-tests": {
Status Check - Keycloak CI	Run /./.github/actions/status-check	    "result": "success",
Status Check - Keycloak CI	Run /./.github/actions/status-check	    "outputs": {}
Status Check - Keycloak CI	Run /./.github/actions/status-check	  },
Status Check - Keycloak CI	Run /./.github/actions/status-check	  "external-infinispan-tests": {
Status Check - Keycloak CI	Run /./.github/actions/status-check	    "result": "success",
Status Check - Keycloak CI	Run /./.github/actions/status-check	    "outputs": {}
Status Check - Keycloak CI	Run /./.github/actions/status-check	  },
Status Check - Keycloak CI	Run /./.github/actions/status-check	  "test-framework": {
Status Check - Keycloak CI	Run /./.github/actions/status-check	    "result": "success",
Status Check - Keycloak CI	Run /./.github/actions/status-check	    "outputs": {}
Status Check - Keycloak CI	Run /./.github/actions/status-check	  },
Status Check - Keycloak CI	Run /./.github/actions/status-check	  "base-new-integration-tests": {
Status Check - Keycloak CI	Run /./.github/actions/status-check	    "result": "success",
Status Check - Keycloak CI	Run /./.github/actions/status-check	    "outputs": {}
Status Check - Keycloak CI	Run /./.github/actions/status-check	  }
Status Check - Keycloak CI	Run /./.github/actions/status-check	}
Status Check - Keycloak CI	Run /./.github/actions/status-check	2025-06-09T01:12:32.0263304Z env:
Status Check - Keycloak CI	Run /./.github/actions/status-check	2025-06-09T01:12:32.0263656Z   MAVEN_ARGS: -B -nsu -Daether.connector.http.connectionMaxTtl=25
Status Check - Keycloak CI	Run /./.github/actions/status-check	2025-06-09T01:12:32.0264051Z   SUREFIRE_RERUN_FAILING_COUNT: 2
Status Check - Keycloak CI	Run /./.github/actions/status-check	2025-06-09T01:12:32.0264388Z   SUREFIRE_RETRY: -Dsurefire.rerunFailingTestsCount=2
Status Check - Keycloak CI	Run /./.github/actions/status-check	2025-06-09T01:12:32.0264723Z ##[endgroup]
Status Check - Keycloak CI	Run /./.github/actions/status-check	2025-06-09T01:12:32.0364208Z ##[group]Run JOBS='{
Status Check - Keycloak CI	Run /./.github/actions/status-check	2025-06-09T01:12:32.0364656Z [36;1mJOBS='{[0m
Status Check - Keycloak CI	Run /./.github/actions/status-check	2025-06-09T01:12:32.0364913Z [36;1m  "conditional": {[0m
Status Check - Keycloak CI	Run /./.github/actions/status-check	2025-06-09T01:12:32.0365195Z [36;1m    "result": "success",[0m
Status Check - Keycloak CI	Run /./.github/actions/status-check	2025-06-09T01:12:32.0365491Z [36;1m    "outputs": {[0m
Status Check - Keycloak CI	Run /./.github/actions/status-check	2025-06-09T01:12:32.0365751Z [36;1m      "ci": "true",[0m
Status Check - Keycloak CI	Run /./.github/actions/status-check	2025-06-09T01:12:32.0366035Z [36;1m      "ci-aurora": "true",[0m
Status Check - Keycloak CI	Run /./.github/actions/status-check	2025-06-09T01:12:32.0366338Z [36;1m      "ci-quarkus": "true",[0m
Status Check - Keycloak CI	Run /./.github/actions/status-check	2025-06-09T01:12:32.0366624Z [36;1m      "ci-sssd": "true",[0m
Status Check - Keycloak CI	Run /./.github/actions/status-check	2025-06-09T01:12:32.0366896Z [36;1m      "ci-store": "true",[0m
Status Check - Keycloak CI	Run /./.github/actions/status-check	2025-06-09T01:12:32.0367175Z [36;1m      "ci-webauthn": "true"[0m
Status Check - Keycloak CI	Run /./.github/actions/status-check	2025-06-09T01:12:32.0367466Z [36;1m    }[0m
Status Check - Keycloak CI	Run /./.github/actions/status-check	2025-06-09T01:12:32.0367686Z [36;1m  },[0m
Status Check - Keycloak CI	Run /./.github/actions/status-check	2025-06-09T01:12:32.0367903Z [36;1m  "build": {[0m
Status Check - Keycloak CI	Run /./.github/actions/status-check	2025-06-09T01:12:32.0368145Z [36;1m    "result": "success",[0m
Status Check - Keycloak CI	Run /./.github/actions/status-check	2025-06-09T01:12:32.0368412Z [36;1m    "outputs": {}[0m
Status Check - Keycloak CI	Run /./.github/actions/status-check	2025-06-09T01:12:32.0368671Z [36;1m  },[0m
Status Check - Keycloak CI	Run /./.github/actions/status-check	2025-06-09T01:12:32.0368885Z [36;1m  "unit-tests": {[0m
Status Check - Keycloak CI	Run /./.github/actions/status-check	2025-06-09T01:12:32.0369140Z [36;1m    "result": "success",[0m
Status Check - Keycloak CI	Run /./.github/actions/status-check	2025-06-09T01:12:32.0369406Z [36;1m    "outputs": {}[0m
Status Check - Keycloak CI	Run /./.github/actions/status-check	2025-06-09T01:12:32.0369646Z [36;1m  },[0m
Status Check - Keycloak CI	Run /./.github/actions/status-check	2025-06-09T01:12:32.0369886Z [36;1m  "base-integration-tests": {[0m
Status Check - Keycloak CI	Run /./.github/actions/status-check	2025-06-09T01:12:32.0370318Z [36;1m    "result": "success",[0m
Status Check - Keycloak CI	Run /./.github/actions/status-check	2025-06-09T01:12:32.0370586Z [36;1m    "outputs": {}[0m
Status Check - Keycloak CI	Run /./.github/actions/status-check	2025-06-09T01:12:32.0370827Z [36;1m  },[0m
Status Check - Keycloak CI	Run /./.github/actions/status-check	2025-06-09T01:12:32.0371072Z [36;1m  "adapter-integration-tests": {[0m
Status Check - Keycloak CI	Run /./.github/actions/status-check	2025-06-09T01:12:32.0371381Z [36;1m    "result": "success",[0m
Status Check - Keycloak CI	Run /./.github/actions/status-check	2025-06-09T01:12:32.0371662Z [36;1m    "outputs": {}[0m
Status Check - Keycloak CI	Run /./.github/actions/status-check	2025-06-09T01:12:32.0371917Z [36;1m  },[0m
Status Check - Keycloak CI	Run /./.github/actions/status-check	2025-06-09T01:12:32.0372229Z [36;1m  "adapter-integration-tests-strict-cookies": {[0m
Status Check - Keycloak CI	Run /./.github/actions/status-check	2025-06-09T01:12:32.0372836Z [36;1m    "result": "success",[0m
Status Check - Keycloak CI	Run /./.github/actions/status-check	2025-06-09T01:12:32.0373106Z [36;1m    "outputs": {}[0m
Status Check - Keycloak CI	Run /./.github/actions/status-check	2025-06-09T01:12:32.0373342Z [36;1m  },[0m
Status Check - Keycloak CI	Run /./.github/actions/status-check	2025-06-09T01:12:32.0373574Z [36;1m  "quarkus-unit-tests": {[0m
Status Check - Keycloak CI	Run /./.github/actions/status-check	2025-06-09T01:12:32.0373854Z [36;1m    "result": "failure",[0m
Status Check - Keycloak CI	Run /./.github/actions/status-check	2025-06-09T01:12:32.0374123Z [36;1m    "outputs": {}[0m
Status Check - Keycloak CI	Run /./.github/actions/status-check	2025-06-09T01:12:32.0374366Z [36;1m  },[0m
Status Check - Keycloak CI	Run /./.github/actions/status-check	2025-06-09T01:12:32.0374604Z [36;1m  "quarkus-integration-tests": {[0m
Status Check - Keycloak CI	Run /./.github/actions/status-check	2025-06-09T01:12:32.0374942Z [36;1m    "result": "failure",[0m
Status Check - Keycloak CI	Run /./.github/actions/status-check	2025-06-09T01:12:32.0375210Z [36;1m    "outputs": {}[0m
Status Check - Keycloak CI	Run /./.github/actions/status-check	2025-06-09T01:12:32.0375451Z [36;1m  },[0m
Status Check - Keycloak CI	Run /./.github/actions/status-check	2025-06-09T01:12:32.0375683Z [36;1m  "jdk-integration-tests": {[0m
Status Check - Keycloak CI	Run /./.github/actions/status-check	2025-06-09T01:12:32.0375961Z [36;1m    "result": "failure",[0m
Status Check - Keycloak CI	Run /./.github/actions/status-check	2025-06-09T01:12:32.0376224Z [36;1m    "outputs": {}[0m
Status Check - Keycloak CI	Run /./.github/actions/status-check	2025-06-09T01:12:32.0376468Z [36;1m  },[0m
Status Check - Keycloak CI	Run /./.github/actions/status-check	2025-06-09T01:12:32.0376712Z [36;1m  "store-integration-tests": {[0m
Status Check - Keycloak CI	Run /./.github/actions/status-check	2025-06-09T01:12:32.0377191Z [36;1m    "result": "success",[0m
Status Check - Keycloak CI	Run /./.github/actions/status-check	2025-06-09T01:12:32.0377469Z [36;1m    "outputs": {}[0m
Status Check - Keycloak CI	Run /./.github/actions/status-check	2025-06-09T01:12:32.0377717Z [36;1m  },[0m
Status Check - Keycloak CI	Run /./.github/actions/status-check	2025-06-09T01:12:32.0377958Z [36;1m  "volatile-sessions-tests": {[0m
Status Check - Keycloak CI	Run /./.github/actions/status-check	2025-06-09T01:12:32.0378250Z [36;1m    "result": "success",[0m
Status Check - Keycloak CI	Run /./.github/actions/status-check	2025-06-09T01:12:32.0378588Z [36;1m    "outputs": {}[0m
Status Check - Keycloak CI	Run /./.github/actions/status-check	2025-06-09T01:12:32.0378831Z [36;1m  },[0m
Status Check - Keycloak CI	Run /./.github/actions/status-check	2025-06-09T01:12:32.0379057Z [36;1m  "store-model-tests": {[0m
Status Check - Keycloak CI	Run /./.github/actions/status-check	2025-06-09T01:12:32.0379321Z [36;1m    "result": "success",[0m
Status Check - Keycloak CI	Run /./.github/actions/status-check	2025-06-09T01:12:32.0379584Z [36;1m    "outputs": {}[0m
Status Check - Keycloak CI	Run /./.github/actions/status-check	2025-06-09T01:12:32.0379823Z [36;1m  },[0m
Status Check - Keycloak CI	Run /./.github/actions/status-check	2025-06-09T01:12:32.0380192Z [36;1m  "clustering-integration-tests": {[0m
Status Check - Keycloak CI	Run /./.github/actions/status-check	2025-06-09T01:12:32.0380504Z [36;1m    "result": "success",[0m
Status Check - Keycloak CI	Run /./.github/actions/status-check	2025-06-09T01:12:32.0380763Z [36;1m    "outputs": {}[0m
Status Check - Keycloak CI	Run /./.github/actions/status-check	2025-06-09T01:12:32.0381003Z [36;1m  },[0m
Status Check - Keycloak CI	Run /./.github/actions/status-check	2025-06-09T01:12:32.0381228Z [36;1m  "fips-unit-tests": {[0m
Status Check - Keycloak CI	Run /./.github/actions/status-check	2025-06-09T01:12:32.0381500Z [36;1m    "result": "success",[0m
Status Check - Keycloak CI	Run /./.github/actions/status-check	2025-06-09T01:12:32.0381780Z [36;1m    "outputs": {}[0m
Status Check - Keycloak CI	Run /./.github/actions/status-check	2025-06-09T01:12:32.0382017Z [36;1m  },[0m
Status Check - Keycloak CI	Run /./.github/actions/status-check	2025-06-09T01:12:32.0382253Z [36;1m  "fips-integration-tests": {[0m
Status Check - Keycloak CI	Run /./.github/actions/status-check	2025-06-09T01:12:32.0382541Z [36;1m    "result": "success",[0m
Status Check - Keycloak CI	Run /./.github/actions/status-check	2025-06-09T01:12:32.0382803Z [36;1m    "outputs": {}[0m
Status Check - Keycloak CI	Run /./.github/actions/status-check	2025-06-09T01:12:32.0383042Z [36;1m  },[0m
Status Check - Keycloak CI	Run /./.github/actions/status-check	2025-06-09T01:12:32.0383273Z [36;1m  "forms-integration-tests": {[0m
Status Check - Keycloak CI	Run /./.github/actions/status-check	2025-06-09T01:12:32.0383572Z [36;1m    "result": "success",[0m
Status Check - Keycloak CI	Run /./.github/actions/status-check	2025-06-09T01:12:32.0383837Z [36;1m    "outputs": {}[0m
Status Check - Keycloak CI	Run /./.github/actions/status-check	2025-06-09T01:12:32.0384077Z [36;1m  },[0m
Status Check - Keycloak CI	Run /./.github/actions/status-check	2025-06-09T01:12:32.0384317Z [36;1m  "webauthn-integration-tests": {[0m
Status Check - Keycloak CI	Run /./.github/actions/status-check	2025-06-09T01:12:32.0384611Z [36;1m    "result": "success",[0m
Status Check - Keycloak CI	Run /./.github/actions/status-check	2025-06-09T01:12:32.0384874Z [36;1m    "outputs": {}[0m
Status Check - Keycloak CI	Run /./.github/actions/status-check	2025-06-09T01:12:32.0385114Z [36;1m  },[0m
Status Check - Keycloak CI	Run /./.github/actions/status-check	2025-06-09T01:12:32.0385342Z [36;1m  "sssd-unit-tests": {[0m
Status Check - Keycloak CI	Run /./.github/actions/status-check	2025-06-09T01:12:32.0385612Z [36;1m    "result": "success",[0m
Status Check - Keycloak CI	Run /./.github/actions/status-check	2025-06-09T01:12:32.0385872Z [36;1m    "outputs": {}[0m
Status Check - Keycloak CI	Run /./.github/actions/status-check	2025-06-09T01:12:32.0386120Z [36;1m  },[0m
Status Check - Keycloak CI	Run /./.github/actions/status-check	2025-06-09T01:12:32.0386342Z [36;1m  "migration-tests": {[0m
Status Check - Keycloak CI	Run /./.github/actions/status-check	2025-06-09T01:12:32.0386615Z [36;1m    "result": "success",[0m
Status Check - Keycloak CI	Run /./.github/actions/status-check	2025-06-09T01:12:32.0386879Z [36;1m    "outputs": {}[0m
Status Check - Keycloak CI	Run /./.github/actions/status-check	2025-06-09T01:12:32.0387111Z [36;1m  },[0m
Status Check - Keycloak CI	Run /./.github/actions/status-check	2025-06-09T01:12:32.0387352Z [36;1m  "external-infinispan-tests": {[0m
Status Check - Keycloak CI	Run /./.github/actions/status-check	2025-06-09T01:12:32.0387651Z [36;1m    "result": "success",[0m
Status Check - Keycloak CI	Run /./.github/actions/status-check	2025-06-09T01:12:32.0387917Z [36;1m    "outputs": {}[0m
Status Check - Keycloak CI	Run /./.github/actions/status-check	2025-06-09T01:12:32.0388286Z [36;1m  },[0m
Status Check - Keycloak CI	Run /./.github/actions/status-check	2025-06-09T01:12:32.0388509Z [36;1m  "test-framework": {[0m
Status Check - Keycloak CI	Run /./.github/actions/status-check	2025-06-09T01:12:32.0388777Z [36;1m    "result": "success",[0m
Status Check - Keycloak CI	Run /./.github/actions/status-check	2025-06-09T01:12:32.0389044Z [36;1m    "outputs": {}[0m
Status Check - Keycloak CI	Run /./.github/actions/status-check	2025-06-09T01:12:32.0389289Z [36;1m  },[0m
Status Check - Keycloak CI	Run /./.github/actions/status-check	2025-06-09T01:12:32.0389531Z [36;1m  "base-new-integration-tests": {[0m
Status Check - Keycloak CI	Run /./.github/actions/status-check	2025-06-09T01:12:32.0389824Z [36;1m    "result": "success",[0m
Status Check - Keycloak CI	Run /./.github/actions/status-check	2025-06-09T01:12:32.0390197Z [36;1m    "outputs": {}[0m
Status Check - Keycloak CI	Run /./.github/actions/status-check	2025-06-09T01:12:32.0390436Z [36;1m  }[0m
Status Check - Keycloak CI	Run /./.github/actions/status-check	2025-06-09T01:12:32.0390654Z [36;1m}'[0m
Status Check - Keycloak CI	Run /./.github/actions/status-check	2025-06-09T01:12:32.0390935Z [36;1m[0m
Status Check - Keycloak CI	Run /./.github/actions/status-check	2025-06-09T01:12:32.0476167Z [36;1mecho "Job status:"[0m
Status Check - Keycloak CI	Run /./.github/actions/status-check	2025-06-09T01:12:32.0477363Z [36;1mecho $JOBS | jq -r 'to_entries[] | " - \(.key): \(.value.result)"'[0m
Status Check - Keycloak CI	Run /./.github/actions/status-check	2025-06-09T01:12:32.0477805Z [36;1m[0m
Status Check - Keycloak CI	Run /./.github/actions/status-check	2025-06-09T01:12:32.0478154Z [36;1mfor i in $(echo $JOBS | jq -r 'to_entries[] | .value.result'); do[0m
Status Check - Keycloak CI	Run /./.github/actions/status-check	2025-06-09T01:12:32.0478617Z [36;1m  if [ "$i" != "success" ] && [ "$i" != "skipped" ]; then[0m
Status Check - Keycloak CI	Run /./.github/actions/status-check	2025-06-09T01:12:32.0478946Z [36;1m    echo ""[0m
Status Check - Keycloak CI	Run /./.github/actions/status-check	2025-06-09T01:12:32.0479218Z [36;1m    echo "Status check not okay!"[0m
Status Check - Keycloak CI	Run /./.github/actions/status-check	2025-06-09T01:12:32.0479515Z [36;1m    exit 1[0m
Status Check - Keycloak CI	Run /./.github/actions/status-check	2025-06-09T01:12:32.0479738Z [36;1m  fi[0m
Status Check - Keycloak CI	Run /./.github/actions/status-check	2025-06-09T01:12:32.0480200Z [36;1mdone[0m
Status Check - Keycloak CI	Run /./.github/actions/status-check	2025-06-09T01:12:32.0671500Z shell: /usr/bin/bash --noprofile --norc -e -o pipefail {0}
Status Check - Keycloak CI	Run /./.github/actions/status-check	2025-06-09T01:12:32.0672004Z env:
Status Check - Keycloak CI	Run /./.github/actions/status-check	2025-06-09T01:12:32.0672349Z   MAVEN_ARGS: -B -nsu -Daether.connector.http.connectionMaxTtl=25
Status Check - Keycloak CI	Run /./.github/actions/status-check	2025-06-09T01:12:32.0672766Z   SUREFIRE_RERUN_FAILING_COUNT: 2
Status Check - Keycloak CI	Run /./.github/actions/status-check	2025-06-09T01:12:32.0673391Z   SUREFIRE_RETRY: -Dsurefire.rerunFailingTestsCount=2
Status Check - Keycloak CI	Run /./.github/actions/status-check	2025-06-09T01:12:32.0673766Z ##[endgroup]
Status Check - Keycloak CI	Run /./.github/actions/status-check	2025-06-09T01:12:32.0781518Z Job status:
Status Check - Keycloak CI	Run /./.github/actions/status-check	2025-06-09T01:12:32.0829009Z  - conditional: success
Status Check - Keycloak CI	Run /./.github/actions/status-check	2025-06-09T01:12:32.0829552Z  - build: success
Status Check - Keycloak CI	Run /./.github/actions/status-check	2025-06-09T01:12:32.0830092Z  - unit-tests: success
Status Check - Keycloak CI	Run /./.github/actions/status-check	2025-06-09T01:12:32.0830384Z  - base-integration-tests: success
Status Check - Keycloak CI	Run /./.github/actions/status-check	2025-06-09T01:12:32.0830712Z  - adapter-integration-tests: success
Status Check - Keycloak CI	Run /./.github/actions/status-check	2025-06-09T01:12:32.0831101Z  - adapter-integration-tests-strict-cookies: success
Status Check - Keycloak CI	Run /./.github/actions/status-check	2025-06-09T01:12:32.0831475Z  - quarkus-unit-tests: failure
Status Check - Keycloak CI	Run /./.github/actions/status-check	2025-06-09T01:12:32.0831773Z  - quarkus-integration-tests: failure
Status Check - Keycloak CI	Run /./.github/actions/status-check	2025-06-09T01:12:32.0832098Z  - jdk-integration-tests: failure
Status Check - Keycloak CI	Run /./.github/actions/status-check	2025-06-09T01:12:32.0832413Z  - store-integration-tests: success
Status Check - Keycloak CI	Run /./.github/actions/status-check	2025-06-09T01:12:32.0832735Z  - volatile-sessions-tests: success
Status Check - Keycloak CI	Run /./.github/actions/status-check	2025-06-09T01:12:32.0833037Z  - store-model-tests: success
Status Check - Keycloak CI	Run /./.github/actions/status-check	2025-06-09T01:12:32.0833337Z  - clustering-integration-tests: success
Status Check - Keycloak CI	Run /./.github/actions/status-check	2025-06-09T01:12:32.0833661Z  - fips-unit-tests: success
Status Check - Keycloak CI	Run /./.github/actions/status-check	2025-06-09T01:12:32.0833992Z  - fips-integration-tests: success
Status Check - Keycloak CI	Run /./.github/actions/status-check	2025-06-09T01:12:32.0834309Z  - forms-integration-tests: success
Status Check - Keycloak CI	Run /./.github/actions/status-check	2025-06-09T01:12:32.0834620Z  - webauthn-integration-tests: success
Status Check - Keycloak CI	Run /./.github/actions/status-check	2025-06-09T01:12:32.0834961Z  - sssd-unit-tests: success
Status Check - Keycloak CI	Run /./.github/actions/status-check	2025-06-09T01:12:32.0835243Z  - migration-tests: success
Status Check - Keycloak CI	Run /./.github/actions/status-check	2025-06-09T01:12:32.0835540Z  - external-infinispan-tests: success
Status Check - Keycloak CI	Run /./.github/actions/status-check	2025-06-09T01:12:32.0835844Z  - test-framework: success
Status Check - Keycloak CI	Run /./.github/actions/status-check	2025-06-09T01:12:32.0836130Z  - base-new-integration-tests: success
Status Check - Keycloak CI	Run /./.github/actions/status-check	2025-06-09T01:12:32.0866930Z 
Status Check - Keycloak CI	Run /./.github/actions/status-check	2025-06-09T01:12:32.0867214Z Status check not okay!
Status Check - Keycloak CI	Run /./.github/actions/status-check	2025-06-09T01:12:32.0882077Z ##[error]Process completed with exit code 1.
