Build	Build Keycloak	2023-02-12T05:03:37.0302713Z Prepare all required actions
Build	Build Keycloak	2023-02-12T05:03:37.0303024Z Getting action download info
Build	Build Keycloak	2023-02-12T05:03:37.2436339Z Download action repository 'actions/setup-java@v3' (SHA:3f07048e3d294f56e9b90ac5ea2c6f74e9ad0f98)
Build	Build Keycloak	2023-02-12T05:03:37.9293302Z Download action repository 'actions/upload-artifact@v3' (SHA:0b7f8abb1508181956e8e162db84b466c27e18ce)
Build	Build Keycloak	2023-02-12T05:03:38.2951107Z ##[group]Run ./.github/actions/build-keycloak
Build	Build Keycloak	2023-02-12T05:03:38.2951341Z with:
Build	Build Keycloak	2023-02-12T05:03:38.2951540Z   upload-m2-repo: true
Build	Build Keycloak	2023-02-12T05:03:38.2951754Z   upload-dist: false
Build	Build Keycloak	2023-02-12T05:03:38.2951935Z   jdk-dist: temurin
Build	Build Keycloak	2023-02-12T05:03:38.2952128Z   jdk-version: 11
Build	Build Keycloak	2023-02-12T05:03:38.2952302Z env:
Build	Build Keycloak	2023-02-12T05:03:38.2952479Z   DEFAULT_JDK_VERSION: 11
Build	Build Keycloak	2023-02-12T05:03:38.2952676Z   DEFAULT_JDK_DIST: temurin
Build	Build Keycloak	2023-02-12T05:03:38.2952891Z   SUREFIRE_RERUN_FAILING_COUNT: 2
Build	Build Keycloak	2023-02-12T05:03:38.2953097Z ##[endgroup]
Build	Build Keycloak	2023-02-12T05:03:38.3222881Z ##[group]Run actions/setup-java@v3
Build	Build Keycloak	2023-02-12T05:03:38.3223095Z with:
Build	Build Keycloak	2023-02-12T05:03:38.3223301Z   distribution: temurin
Build	Build Keycloak	2023-02-12T05:03:38.3223503Z   java-version: 11
Build	Build Keycloak	2023-02-12T05:03:38.3223700Z   java-package: jdk
Build	Build Keycloak	2023-02-12T05:03:38.3223887Z   check-latest: false
Build	Build Keycloak	2023-02-12T05:03:38.3224079Z   server-id: github
Build	Build Keycloak	2023-02-12T05:03:38.3224289Z   server-username: GITHUB_ACTOR
Build	Build Keycloak	2023-02-12T05:03:38.3224522Z   server-password: GITHUB_TOKEN
Build	Build Keycloak	2023-02-12T05:03:38.3224741Z   overwrite-settings: true
Build	Build Keycloak	2023-02-12T05:03:38.3224949Z   job-status: success
Build	Build Keycloak	2023-02-12T05:03:38.3225279Z   token: ***
Build	Build Keycloak	2023-02-12T05:03:38.3225441Z env:
Build	Build Keycloak	2023-02-12T05:03:38.3225619Z   DEFAULT_JDK_VERSION: 11
Build	Build Keycloak	2023-02-12T05:03:38.3225822Z   DEFAULT_JDK_DIST: temurin
Build	Build Keycloak	2023-02-12T05:03:38.3226033Z   SUREFIRE_RERUN_FAILING_COUNT: 2
Build	Build Keycloak	2023-02-12T05:03:38.3226236Z ##[endgroup]
Build	Build Keycloak	2023-02-12T05:03:38.5364979Z ##[group]Installed distributions
Build	Build Keycloak	2023-02-12T05:03:38.5435445Z Resolved Java 11.0.18+10 from tool-cache
Build	Build Keycloak	2023-02-12T05:03:38.5437148Z Setting Java 11.0.18+10 as the default
Build	Build Keycloak	2023-02-12T05:03:38.5460523Z Creating toolchains.xml for JDK version 11 from temurin
Build	Build Keycloak	2023-02-12T05:03:38.5564850Z Writing to /home/runner/.m2/toolchains.xml
Build	Build Keycloak	2023-02-12T05:03:38.5567708Z 
Build	Build Keycloak	2023-02-12T05:03:38.5569033Z Java configuration:
Build	Build Keycloak	2023-02-12T05:03:38.5570426Z   Distribution: temurin
Build	Build Keycloak	2023-02-12T05:03:38.5572560Z   Version: 11.0.18+10
Build	Build Keycloak	2023-02-12T05:03:38.5574112Z   Path: /opt/hostedtoolcache/Java_Temurin-Hotspot_jdk/11.0.18-10/x64
Build	Build Keycloak	2023-02-12T05:03:38.5575473Z 
Build	Build Keycloak	2023-02-12T05:03:38.5577420Z ##[endgroup]
Build	Build Keycloak	2023-02-12T05:03:38.5603521Z Creating settings.xml with server-id: github
Build	Build Keycloak	2023-02-12T05:03:38.5660926Z Writing to /home/runner/.m2/settings.xml
Build	Build Keycloak	2023-02-12T05:03:38.5773152Z Prepare all required actions
Build	Build Keycloak	2023-02-12T05:03:38.5773430Z Getting action download info
Build	Build Keycloak	2023-02-12T05:03:38.7910106Z Download action repository 'actions/cache@v3' (SHA:6998d139ddd3e68c71e9e398d8e40b71a2f39812)
Build	Build Keycloak	2023-02-12T05:03:39.4618001Z ##[group]Run ./.github/actions/maven-cache
Build	Build Keycloak	2023-02-12T05:03:39.4618240Z env:
Build	Build Keycloak	2023-02-12T05:03:39.4618527Z   DEFAULT_JDK_VERSION: 11
Build	Build Keycloak	2023-02-12T05:03:39.4618734Z   DEFAULT_JDK_DIST: temurin
Build	Build Keycloak	2023-02-12T05:03:39.4618960Z   SUREFIRE_RERUN_FAILING_COUNT: 2
Build	Build Keycloak	2023-02-12T05:03:39.4619254Z   JAVA_HOME: /opt/hostedtoolcache/Java_Temurin-Hotspot_jdk/11.0.18-10/x64
Build	Build Keycloak	2023-02-12T05:03:39.4619592Z   JAVA_HOME_11_X64: /opt/hostedtoolcache/Java_Temurin-Hotspot_jdk/11.0.18-10/x64
Build	Build Keycloak	2023-02-12T05:03:39.4619852Z ##[endgroup]
Build	Build Keycloak	2023-02-12T05:03:39.4673934Z ##[group]Run echo "key=mvn-`date -u "+%Y-%U"`" >> $GITHUB_OUTPUT
Build	Build Keycloak	2023-02-12T05:03:39.4674311Z [36;1mecho "key=mvn-`date -u "+%Y-%U"`" >> $GITHUB_OUTPUT[0m
Build	Build Keycloak	2023-02-12T05:03:39.4735309Z shell: /usr/bin/bash --noprofile --norc -e -o pipefail {0}
Build	Build Keycloak	2023-02-12T05:03:39.4735576Z env:
Build	Build Keycloak	2023-02-12T05:03:39.4735758Z   DEFAULT_JDK_VERSION: 11
Build	Build Keycloak	2023-02-12T05:03:39.4735972Z   DEFAULT_JDK_DIST: temurin
Build	Build Keycloak	2023-02-12T05:03:39.4736192Z   SUREFIRE_RERUN_FAILING_COUNT: 2
Build	Build Keycloak	2023-02-12T05:03:39.4736482Z   JAVA_HOME: /opt/hostedtoolcache/Java_Temurin-Hotspot_jdk/11.0.18-10/x64
Build	Build Keycloak	2023-02-12T05:03:39.4736842Z   JAVA_HOME_11_X64: /opt/hostedtoolcache/Java_Temurin-Hotspot_jdk/11.0.18-10/x64
Build	Build Keycloak	2023-02-12T05:03:39.4737279Z ##[endgroup]
Build	Build Keycloak	2023-02-12T05:03:39.4943137Z ##[group]Run actions/cache@v3
Build	Build Keycloak	2023-02-12T05:03:39.4943340Z with:
Build	Build Keycloak	2023-02-12T05:03:39.4943518Z   path: ~/.m2/repository
Build	Build Keycloak	2023-02-12T05:03:39.4943705Z   key: mvn-2023-07
Build	Build Keycloak	2023-02-12T05:03:39.4943910Z   enableCrossOsArchive: false
Build	Build Keycloak	2023-02-12T05:03:39.4944134Z   fail-on-cache-miss: false
Build	Build Keycloak	2023-02-12T05:03:39.4944318Z env:
Build	Build Keycloak	2023-02-12T05:03:39.4944495Z   DEFAULT_JDK_VERSION: 11
Build	Build Keycloak	2023-02-12T05:03:39.4944695Z   DEFAULT_JDK_DIST: temurin
Build	Build Keycloak	2023-02-12T05:03:39.4944900Z   SUREFIRE_RERUN_FAILING_COUNT: 2
Build	Build Keycloak	2023-02-12T05:03:39.4945177Z   JAVA_HOME: /opt/hostedtoolcache/Java_Temurin-Hotspot_jdk/11.0.18-10/x64
Build	Build Keycloak	2023-02-12T05:03:39.4945522Z   JAVA_HOME_11_X64: /opt/hostedtoolcache/Java_Temurin-Hotspot_jdk/11.0.18-10/x64
Build	Build Keycloak	2023-02-12T05:03:39.4945776Z ##[endgroup]
Build	Build Keycloak	2023-02-12T05:03:40.9563724Z Received 92274688 of 576606413 (16.0%), 87.9 MBs/sec
Build	Build Keycloak	2023-02-12T05:03:41.9577966Z Received 272629760 of 576606413 (47.3%), 129.9 MBs/sec
Build	Build Keycloak	2023-02-12T05:03:42.9582077Z Received 448790528 of 576606413 (77.8%), 142.6 MBs/sec
Build	Build Keycloak	2023-02-12T05:03:44.1872943Z Received 576606413 of 576606413 (100.0%), 129.9 MBs/sec
Build	Build Keycloak	2023-02-12T05:03:44.1881468Z Cache Size: ~550 MB (576606413 B)
Build	Build Keycloak	2023-02-12T05:03:44.1918685Z [command]/usr/bin/tar -xf /home/runner/work/_temp/0703e99a-3e44-4d07-b614-d791ac08e1cf/cache.tzst -P -C /home/runner/work/keycloak/keycloak --use-compress-program unzstd
Build	Build Keycloak	2023-02-12T05:03:46.3724682Z Cache restored successfully
Build	Build Keycloak	2023-02-12T05:03:46.4735571Z Cache restored from key: mvn-2023-07
Build	Build Keycloak	2023-02-12T05:03:46.4846859Z ##[group]Run if ( stat ~/.m2/repository/org/keycloak &>/dev/null ); then
Build	Build Keycloak	2023-02-12T05:03:46.4847314Z [36;1mif ( stat ~/.m2/repository/org/keycloak &>/dev/null ); then[0m
Build	Build Keycloak	2023-02-12T05:03:46.4847728Z [36;1m  echo "Found org/keycloak artifacts in Maven repository cache"[0m
Build	Build Keycloak	2023-02-12T05:03:46.4848125Z [36;1m  ls ~/.m2/repository/org/keycloak[0m
Build	Build Keycloak	2023-02-12T05:03:46.4848386Z [36;1m  exit 1[0m
Build	Build Keycloak	2023-02-12T05:03:46.4848638Z [36;1mfi[0m
Build	Build Keycloak	2023-02-12T05:03:46.4901132Z shell: /usr/bin/bash --noprofile --norc -e -o pipefail {0}
Build	Build Keycloak	2023-02-12T05:03:46.4901473Z env:
Build	Build Keycloak	2023-02-12T05:03:46.4901694Z   DEFAULT_JDK_VERSION: 11
Build	Build Keycloak	2023-02-12T05:03:46.4901998Z   DEFAULT_JDK_DIST: temurin
Build	Build Keycloak	2023-02-12T05:03:46.4902298Z   SUREFIRE_RERUN_FAILING_COUNT: 2
Build	Build Keycloak	2023-02-12T05:03:46.4902704Z   JAVA_HOME: /opt/hostedtoolcache/Java_Temurin-Hotspot_jdk/11.0.18-10/x64
Build	Build Keycloak	2023-02-12T05:03:46.4903137Z   JAVA_HOME_11_X64: /opt/hostedtoolcache/Java_Temurin-Hotspot_jdk/11.0.18-10/x64
Build	Build Keycloak	2023-02-12T05:03:46.4903493Z ##[endgroup]
Build	Build Keycloak	2023-02-12T05:03:46.5493682Z Found org/keycloak artifacts in Maven repository cache
Build	Build Keycloak	2023-02-12T05:03:46.5505896Z keycloak-common
Build	Build Keycloak	2023-02-12T05:03:46.5506754Z keycloak-operator
Build	Build Keycloak	2023-02-12T05:03:46.5507117Z keycloak-parent
Build	Build Keycloak	2023-02-12T05:03:46.5525219Z ##[error]Process completed with exit code 1.
Status Check - Keycloak CI	Check status	2023-02-12T05:04:02.2660497Z Prepare all required actions
Status Check - Keycloak CI	Check status	2023-02-12T05:04:02.2698530Z ##[group]Run ./.github/actions/checks-job-pass
Status Check - Keycloak CI	Check status	2023-02-12T05:04:02.2698772Z with:
Status Check - Keycloak CI	Check status	2023-02-12T05:04:02.2698949Z   required: true
Status Check - Keycloak CI	Check status	2023-02-12T05:04:02.2699127Z env:
Status Check - Keycloak CI	Check status	2023-02-12T05:04:02.2699311Z   DEFAULT_JDK_VERSION: 11
Status Check - Keycloak CI	Check status	2023-02-12T05:04:02.2699521Z   DEFAULT_JDK_DIST: temurin
Status Check - Keycloak CI	Check status	2023-02-12T05:04:02.2699743Z   SUREFIRE_RERUN_FAILING_COUNT: 2
Status Check - Keycloak CI	Check status	2023-02-12T05:04:02.2699950Z ##[endgroup]
Status Check - Keycloak CI	Check status	2023-02-12T05:04:02.2993888Z ##[group]Run if [ "true" == "false" ]; then
Status Check - Keycloak CI	Check status	2023-02-12T05:04:02.2994218Z [36;1mif [ "true" == "false" ]; then[0m
Status Check - Keycloak CI	Check status	2023-02-12T05:04:02.2994474Z [36;1m  echo "Not required to run, skipping"[0m
Status Check - Keycloak CI	Check status	2023-02-12T05:04:02.2994704Z [36;1melse[0m
Status Check - Keycloak CI	Check status	2023-02-12T05:04:02.2994914Z [36;1m  if [ "" == "success" ]; then[0m
Status Check - Keycloak CI	Check status	2023-02-12T05:04:02.2995136Z [36;1m    echo "Success"[0m
Status Check - Keycloak CI	Check status	2023-02-12T05:04:02.2995324Z [36;1m  else[0m
Status Check - Keycloak CI	Check status	2023-02-12T05:04:02.2995574Z [36;1m    echo "Required to run, but didn't succeed"[0m
Status Check - Keycloak CI	Check status	2023-02-12T05:04:02.2995806Z [36;1m    exit 1[0m
Status Check - Keycloak CI	Check status	2023-02-12T05:04:02.2996016Z [36;1m  fi        [0m
Status Check - Keycloak CI	Check status	2023-02-12T05:04:02.2996195Z [36;1mfi[0m
Status Check - Keycloak CI	Check status	2023-02-12T05:04:02.3053742Z shell: /usr/bin/bash --noprofile --norc -e -o pipefail {0}
Status Check - Keycloak CI	Check status	2023-02-12T05:04:02.3054016Z env:
Status Check - Keycloak CI	Check status	2023-02-12T05:04:02.3054201Z   DEFAULT_JDK_VERSION: 11
Status Check - Keycloak CI	Check status	2023-02-12T05:04:02.3054418Z   DEFAULT_JDK_DIST: temurin
Status Check - Keycloak CI	Check status	2023-02-12T05:04:02.3054640Z   SUREFIRE_RERUN_FAILING_COUNT: 2
Status Check - Keycloak CI	Check status	2023-02-12T05:04:02.3054845Z ##[endgroup]
Status Check - Keycloak CI	Check status	2023-02-12T05:04:02.3207283Z Required to run, but didn't succeed
Status Check - Keycloak CI	Check status	2023-02-12T05:04:02.3223832Z ##[error]Process completed with exit code 1.
