Base IT (4)	UNKNOWN STEP	ï»¿2025-09-22T11:28:33.1155709Z Current runner version: '2.328.0'
Base IT (4)	UNKNOWN STEP	2025-09-22T11:28:33.1180003Z ##[group]Runner Image Provisioner
Base IT (4)	UNKNOWN STEP	2025-09-22T11:28:33.1180712Z Hosted Compute Agent
Base IT (4)	UNKNOWN STEP	2025-09-22T11:28:33.1181350Z Version: 20250829.383
Base IT (4)	UNKNOWN STEP	2025-09-22T11:28:33.1181920Z Commit: 27cb235aab5b0e52e153a26cd86b4742e89dac5d
Base IT (4)	UNKNOWN STEP	2025-09-22T11:28:33.1182746Z Build Date: 2025-08-29T13:48:48Z
Base IT (4)	UNKNOWN STEP	2025-09-22T11:28:33.1183382Z ##[endgroup]
Base IT (4)	UNKNOWN STEP	2025-09-22T11:28:33.1183945Z ##[group]Operating System
Base IT (4)	UNKNOWN STEP	2025-09-22T11:28:33.1184469Z Ubuntu
Base IT (4)	UNKNOWN STEP	2025-09-22T11:28:33.1185008Z 24.04.3
Base IT (4)	UNKNOWN STEP	2025-09-22T11:28:33.1185621Z LTS
Base IT (4)	UNKNOWN STEP	2025-09-22T11:28:33.1186039Z ##[endgroup]
Base IT (4)	UNKNOWN STEP	2025-09-22T11:28:33.1186567Z ##[group]Runner Image
Base IT (4)	UNKNOWN STEP	2025-09-22T11:28:33.1187090Z Image: ubuntu-24.04
Base IT (4)	UNKNOWN STEP	2025-09-22T11:28:33.1187579Z Version: 20250907.24.1
Base IT (4)	UNKNOWN STEP	2025-09-22T11:28:33.1188609Z Included Software: https://github.com/actions/runner-images/blob/ubuntu24/20250907.24/images/ubuntu/Ubuntu2404-Readme.md
Base IT (4)	UNKNOWN STEP	2025-09-22T11:28:33.1190241Z Image Release: https://github.com/actions/runner-images/releases/tag/ubuntu24%2F20250907.24
Base IT (4)	UNKNOWN STEP	2025-09-22T11:28:33.1191375Z ##[endgroup]
Base IT (4)	UNKNOWN STEP	2025-09-22T11:28:33.1192618Z ##[group]GITHUB_TOKEN Permissions
Base IT (4)	UNKNOWN STEP	2025-09-22T11:28:33.1194481Z Contents: read
Base IT (4)	UNKNOWN STEP	2025-09-22T11:28:33.1195008Z Metadata: read
Base IT (4)	UNKNOWN STEP	2025-09-22T11:28:33.1195843Z ##[endgroup]
Base IT (4)	UNKNOWN STEP	2025-09-22T11:28:33.1198152Z Secret source: Actions
Base IT (4)	UNKNOWN STEP	2025-09-22T11:28:33.1199057Z Prepare workflow directory
Base IT (4)	UNKNOWN STEP	2025-09-22T11:28:33.1740794Z Prepare all required actions
Base IT (4)	UNKNOWN STEP	2025-09-22T11:28:33.1795420Z Getting action download info
Base IT (4)	UNKNOWN STEP	2025-09-22T11:28:33.4863084Z Download action repository 'actions/checkout@08c6903cd8c0fde910a37f88322edcfb5dd907a8' (SHA:08c6903cd8c0fde910a37f88322edcfb5dd907a8)
Base IT (4)	UNKNOWN STEP	2025-09-22T11:28:33.7190865Z Complete job name: Base IT (4)
Base IT (4)	UNKNOWN STEP	2025-09-22T11:28:33.7949022Z ##[group]Run actions/checkout@08c6903cd8c0fde910a37f88322edcfb5dd907a8
Base IT (4)	UNKNOWN STEP	2025-09-22T11:28:33.7950036Z with:
Base IT (4)	UNKNOWN STEP	2025-09-22T11:28:33.7950427Z   repository: keycloak/keycloak
Base IT (4)	UNKNOWN STEP	2025-09-22T11:28:33.7951047Z   token: ***
Base IT (4)	UNKNOWN STEP	2025-09-22T11:28:33.7951429Z   ssh-strict: true
Base IT (4)	UNKNOWN STEP	2025-09-22T11:28:33.7951815Z   ssh-user: git
Base IT (4)	UNKNOWN STEP	2025-09-22T11:28:33.7952373Z   persist-credentials: true
Base IT (4)	UNKNOWN STEP	2025-09-22T11:28:33.7952832Z   clean: true
Base IT (4)	UNKNOWN STEP	2025-09-22T11:28:33.7953222Z   sparse-checkout-cone-mode: true
Base IT (4)	UNKNOWN STEP	2025-09-22T11:28:33.7953718Z   fetch-depth: 1
Base IT (4)	UNKNOWN STEP	2025-09-22T11:28:33.7954151Z   fetch-tags: false
Base IT (4)	UNKNOWN STEP	2025-09-22T11:28:33.7954588Z   show-progress: true
Base IT (4)	UNKNOWN STEP	2025-09-22T11:28:33.7955028Z   lfs: false
Base IT (4)	UNKNOWN STEP	2025-09-22T11:28:33.7955439Z   submodules: false
Base IT (4)	UNKNOWN STEP	2025-09-22T11:28:33.7955870Z   set-safe-directory: true
Base IT (4)	UNKNOWN STEP	2025-09-22T11:28:33.7956563Z env:
Base IT (4)	UNKNOWN STEP	2025-09-22T11:28:33.7957134Z   MAVEN_ARGS: -B -nsu -Daether.connector.http.connectionMaxTtl=25
Base IT (4)	UNKNOWN STEP	2025-09-22T11:28:33.7957835Z   SUREFIRE_RERUN_FAILING_COUNT: 2
Base IT (4)	UNKNOWN STEP	2025-09-22T11:28:33.7958457Z   SUREFIRE_RETRY: -Dsurefire.rerunFailingTestsCount=2
Base IT (4)	UNKNOWN STEP	2025-09-22T11:28:33.7959063Z ##[endgroup]
Base IT (4)	UNKNOWN STEP	2025-09-22T11:28:33.8857174Z Syncing repository: keycloak/keycloak
Base IT (4)	UNKNOWN STEP	2025-09-22T11:28:33.8858814Z ##[group]Getting Git version info
Base IT (4)	UNKNOWN STEP	2025-09-22T11:28:33.8859498Z Working directory is '/home/runner/work/keycloak/keycloak'
Base IT (4)	UNKNOWN STEP	2025-09-22T11:28:33.8860472Z [command]/usr/bin/git version
Base IT (4)	UNKNOWN STEP	2025-09-22T11:28:33.8939083Z git version 2.51.0
Base IT (4)	UNKNOWN STEP	2025-09-22T11:28:33.8958733Z ##[endgroup]
Base IT (4)	UNKNOWN STEP	2025-09-22T11:28:33.8972553Z Temporarily overriding HOME='/home/runner/work/_temp/c2e690a7-60fd-434c-aad0-1de9cc441716' before making global git config changes
Base IT (4)	UNKNOWN STEP	2025-09-22T11:28:33.8974711Z Adding repository directory to the temporary git global config as a safe directory
Base IT (4)	UNKNOWN STEP	2025-09-22T11:28:33.8977285Z [command]/usr/bin/git config --global --add safe.directory /home/runner/work/keycloak/keycloak
Base IT (4)	UNKNOWN STEP	2025-09-22T11:28:33.9014464Z Deleting the contents of '/home/runner/work/keycloak/keycloak'
Base IT (4)	UNKNOWN STEP	2025-09-22T11:28:33.9018560Z ##[group]Initializing the repository
Base IT (4)	UNKNOWN STEP	2025-09-22T11:28:33.9023079Z [command]/usr/bin/git init /home/runner/work/keycloak/keycloak
Base IT (4)	UNKNOWN STEP	2025-09-22T11:28:33.9130221Z hint: Using 'master' as the name for the initial branch. This default branch name
Base IT (4)	UNKNOWN STEP	2025-09-22T11:28:33.9131257Z hint: is subject to change. To configure the initial branch name to use in all
Base IT (4)	UNKNOWN STEP	2025-09-22T11:28:33.9132361Z hint: of your new repositories, which will suppress this warning, call:
Base IT (4)	UNKNOWN STEP	2025-09-22T11:28:33.9133303Z hint:
Base IT (4)	UNKNOWN STEP	2025-09-22T11:28:33.9133782Z hint: 	git config --global init.defaultBranch <name>
Base IT (4)	UNKNOWN STEP	2025-09-22T11:28:33.9134348Z hint:
Base IT (4)	UNKNOWN STEP	2025-09-22T11:28:33.9135291Z hint: Names commonly chosen instead of 'master' are 'main', 'trunk' and
Base IT (4)	UNKNOWN STEP	2025-09-22T11:28:33.9136389Z hint: 'development'. The just-created branch can be renamed via this command:
Base IT (4)	UNKNOWN STEP	2025-09-22T11:28:33.9137512Z hint:
Base IT (4)	UNKNOWN STEP	2025-09-22T11:28:33.9138220Z hint: 	git branch -m <name>
Base IT (4)	UNKNOWN STEP	2025-09-22T11:28:33.9139034Z hint:
Base IT (4)	UNKNOWN STEP	2025-09-22T11:28:33.9140114Z hint: Disable this message with "git config set advice.defaultBranchName false"
Base IT (4)	UNKNOWN STEP	2025-09-22T11:28:33.9141957Z Initialized empty Git repository in /home/runner/work/keycloak/keycloak/.git/
Base IT (4)	UNKNOWN STEP	2025-09-22T11:28:33.9147716Z [command]/usr/bin/git remote add origin https://github.com/keycloak/keycloak
Base IT (4)	UNKNOWN STEP	2025-09-22T11:28:33.9216497Z ##[endgroup]
Base IT (4)	UNKNOWN STEP	2025-09-22T11:28:33.9217279Z ##[group]Disabling automatic garbage collection
Base IT (4)	UNKNOWN STEP	2025-09-22T11:28:33.9220010Z [command]/usr/bin/git config --local gc.auto 0
Base IT (4)	UNKNOWN STEP	2025-09-22T11:28:33.9248675Z ##[endgroup]
Base IT (4)	UNKNOWN STEP	2025-09-22T11:28:33.9249856Z ##[group]Setting up auth
Base IT (4)	UNKNOWN STEP	2025-09-22T11:28:33.9255979Z [command]/usr/bin/git config --local --name-only --get-regexp core\.sshCommand
Base IT (4)	UNKNOWN STEP	2025-09-22T11:28:33.9286639Z [command]/usr/bin/git submodule foreach --recursive sh -c "git config --local --name-only --get-regexp 'core\.sshCommand' && git config --local --unset-all 'core.sshCommand' || :"
Base IT (4)	UNKNOWN STEP	2025-09-22T11:28:33.9665791Z [command]/usr/bin/git config --local --name-only --get-regexp http\.https\:\/\/github\.com\/\.extraheader
Base IT (4)	UNKNOWN STEP	2025-09-22T11:28:33.9694484Z [command]/usr/bin/git submodule foreach --recursive sh -c "git config --local --name-only --get-regexp 'http\.https\:\/\/github\.com\/\.extraheader' && git config --local --unset-all 'http.https://github.com/.extraheader' || :"
Base IT (4)	UNKNOWN STEP	2025-09-22T11:28:33.9908694Z [command]/usr/bin/git config --local http.https://github.com/.extraheader AUTHORIZATION: basic ***
Base IT (4)	UNKNOWN STEP	2025-09-22T11:28:33.9943080Z ##[endgroup]
Base IT (4)	UNKNOWN STEP	2025-09-22T11:28:33.9944314Z ##[group]Fetching the repository
Base IT (4)	UNKNOWN STEP	2025-09-22T11:28:33.9953169Z [command]/usr/bin/git -c protocol.version=2 fetch --no-tags --prune --no-recurse-submodules --depth=1 origin +d57be09f1d7f94dd2d6aa445476e1303b2bddc8c:refs/remotes/origin/main
Base IT (4)	UNKNOWN STEP	2025-09-22T11:28:37.3160084Z From https://github.com/keycloak/keycloak
Base IT (4)	UNKNOWN STEP	2025-09-22T11:28:37.3161827Z  * [new ref]         d57be09f1d7f94dd2d6aa445476e1303b2bddc8c -> origin/main
Base IT (4)	UNKNOWN STEP	2025-09-22T11:28:37.3195428Z ##[endgroup]
Base IT (4)	UNKNOWN STEP	2025-09-22T11:28:37.3196775Z ##[group]Determining the checkout info
Base IT (4)	UNKNOWN STEP	2025-09-22T11:28:37.3198286Z ##[endgroup]
Base IT (4)	UNKNOWN STEP	2025-09-22T11:28:37.3203375Z [command]/usr/bin/git sparse-checkout disable
Base IT (4)	UNKNOWN STEP	2025-09-22T11:28:37.3245636Z [command]/usr/bin/git config --local --unset-all extensions.worktreeConfig
Base IT (4)	UNKNOWN STEP	2025-09-22T11:28:37.3274106Z ##[group]Checking out the ref
Base IT (4)	UNKNOWN STEP	2025-09-22T11:28:37.3275675Z [command]/usr/bin/git checkout --progress --force -B main refs/remotes/origin/main
Base IT (4)	UNKNOWN STEP	2025-09-22T11:28:38.1397428Z Switched to a new branch 'main'
Base IT (4)	UNKNOWN STEP	2025-09-22T11:28:38.1398740Z branch 'main' set up to track 'origin/main'.
Base IT (4)	UNKNOWN STEP	2025-09-22T11:28:38.1432545Z ##[endgroup]
Base IT (4)	UNKNOWN STEP	2025-09-22T11:28:38.1471940Z [command]/usr/bin/git log -1 --format=%H
Base IT (4)	UNKNOWN STEP	2025-09-22T11:28:38.1495207Z d57be09f1d7f94dd2d6aa445476e1303b2bddc8c
Base IT (4)	UNKNOWN STEP	2025-09-22T11:28:38.1750717Z Prepare all required actions
Base IT (4)	UNKNOWN STEP	2025-09-22T11:28:38.1751422Z Getting action download info
Base IT (4)	UNKNOWN STEP	2025-09-22T11:28:38.3628573Z Download action repository 'actions/download-artifact@d3f86a106a0bac45b974a628896c90dbdf5c8093' (SHA:d3f86a106a0bac45b974a628896c90dbdf5c8093)
Base IT (4)	UNKNOWN STEP	2025-09-22T11:28:38.8070447Z ##[group]Run ./.github/actions/integration-test-setup
Base IT (4)	UNKNOWN STEP	2025-09-22T11:28:38.8070973Z with:
Base IT (4)	UNKNOWN STEP	2025-09-22T11:28:38.8071296Z   jdk-dist: temurin
Base IT (4)	UNKNOWN STEP	2025-09-22T11:28:38.8071635Z   jdk-version: 21
Base IT (4)	UNKNOWN STEP	2025-09-22T11:28:38.8071965Z env:
Base IT (4)	UNKNOWN STEP	2025-09-22T11:28:38.8072649Z   MAVEN_ARGS: -B -nsu -Daether.connector.http.connectionMaxTtl=25
Base IT (4)	UNKNOWN STEP	2025-09-22T11:28:38.8073209Z   SUREFIRE_RERUN_FAILING_COUNT: 2
Base IT (4)	UNKNOWN STEP	2025-09-22T11:28:38.8073696Z   SUREFIRE_RETRY: -Dsurefire.rerunFailingTestsCount=2
Base IT (4)	UNKNOWN STEP	2025-09-22T11:28:38.8074172Z ##[endgroup]
Base IT (4)	UNKNOWN STEP	2025-09-22T11:28:38.8169590Z Prepare all required actions
Base IT (4)	UNKNOWN STEP	2025-09-22T11:28:38.8207194Z ##[group]Run ./.github/actions/update-hosts
Base IT (4)	UNKNOWN STEP	2025-09-22T11:28:38.8207659Z env:
Base IT (4)	UNKNOWN STEP	2025-09-22T11:28:38.8208170Z   MAVEN_ARGS: -B -nsu -Daether.connector.http.connectionMaxTtl=25
Base IT (4)	UNKNOWN STEP	2025-09-22T11:28:38.8208766Z   SUREFIRE_RERUN_FAILING_COUNT: 2
Base IT (4)	UNKNOWN STEP	2025-09-22T11:28:38.8209262Z   SUREFIRE_RETRY: -Dsurefire.rerunFailingTestsCount=2
Base IT (4)	UNKNOWN STEP	2025-09-22T11:28:38.8209736Z ##[endgroup]
Base IT (4)	UNKNOWN STEP	2025-09-22T11:28:38.8257518Z ##[group]Run printf "\n\n$(cat .github/actions/update-hosts/hosts)" | sudo tee -a /etc/hosts
Base IT (4)	UNKNOWN STEP	2025-09-22T11:28:38.8258454Z [36;1mprintf "\n\n$(cat .github/actions/update-hosts/hosts)" | sudo tee -a /etc/hosts[0m
Base IT (4)	UNKNOWN STEP	2025-09-22T11:28:38.8316218Z shell: /usr/bin/bash --noprofile --norc -e -o pipefail {0}
Base IT (4)	UNKNOWN STEP	2025-09-22T11:28:38.8316749Z env:
Base IT (4)	UNKNOWN STEP	2025-09-22T11:28:38.8317202Z   MAVEN_ARGS: -B -nsu -Daether.connector.http.connectionMaxTtl=25
Base IT (4)	UNKNOWN STEP	2025-09-22T11:28:38.8317740Z   SUREFIRE_RERUN_FAILING_COUNT: 2
Base IT (4)	UNKNOWN STEP	2025-09-22T11:28:38.8318219Z   SUREFIRE_RETRY: -Dsurefire.rerunFailingTestsCount=2
Base IT (4)	UNKNOWN STEP	2025-09-22T11:28:38.8318708Z ##[endgroup]
Base IT (4)	UNKNOWN STEP	2025-09-22T11:28:38.8458063Z 
Base IT (4)	UNKNOWN STEP	2025-09-22T11:28:38.8458123Z 
Base IT (4)	UNKNOWN STEP	2025-09-22T11:28:38.8459168Z 127.0.0.1 localtest.me admin.localtest.me localhost-myapp.localtest.me localhost-sso.localtest.me realmFrontend.localtest.me proxy.kc.localtest.me
Base IT (4)	UNKNOWN STEP	2025-09-22T11:28:38.8474500Z ::1 localtest.me admin.localtest.me localhost-myapp.localtest.me localhost-sso.localtest.me realmFrontend.localtest.me proxy.kc.localtest.me
Base IT (4)	UNKNOWN STEP	2025-09-22T11:28:38.8532072Z Prepare all required actions
Base IT (4)	UNKNOWN STEP	2025-09-22T11:28:38.8533274Z Getting action download info
Base IT (4)	UNKNOWN STEP	2025-09-22T11:28:39.0169591Z Download action repository 'actions/setup-java@c5195efecf7bdfc987ee8bae7a71cb8b11521c00' (SHA:c5195efecf7bdfc987ee8bae7a71cb8b11521c00)
Base IT (4)	UNKNOWN STEP	2025-09-22T11:28:39.5057488Z ##[group]Run ./.github/actions/java-setup
Base IT (4)	UNKNOWN STEP	2025-09-22T11:28:39.5057804Z with:
Base IT (4)	UNKNOWN STEP	2025-09-22T11:28:39.5058018Z   distribution: temurin
Base IT (4)	UNKNOWN STEP	2025-09-22T11:28:39.5058260Z   java-version: 21
Base IT (4)	UNKNOWN STEP	2025-09-22T11:28:39.5058468Z env:
Base IT (4)	UNKNOWN STEP	2025-09-22T11:28:39.5058770Z   MAVEN_ARGS: -B -nsu -Daether.connector.http.connectionMaxTtl=25
Base IT (4)	UNKNOWN STEP	2025-09-22T11:28:39.5059152Z   SUREFIRE_RERUN_FAILING_COUNT: 2
Base IT (4)	UNKNOWN STEP	2025-09-22T11:28:39.5059484Z   SUREFIRE_RETRY: -Dsurefire.rerunFailingTestsCount=2
Base IT (4)	UNKNOWN STEP	2025-09-22T11:28:39.5059804Z ##[endgroup]
Base IT (4)	UNKNOWN STEP	2025-09-22T11:28:39.5146321Z ##[group]Run actions/setup-java@c5195efecf7bdfc987ee8bae7a71cb8b11521c00
Base IT (4)	UNKNOWN STEP	2025-09-22T11:28:39.5146741Z with:
Base IT (4)	UNKNOWN STEP	2025-09-22T11:28:39.5146957Z   distribution: temurin
Base IT (4)	UNKNOWN STEP	2025-09-22T11:28:39.5147200Z   java-version: 21
Base IT (4)	UNKNOWN STEP	2025-09-22T11:28:39.5147427Z   java-package: jdk
Base IT (4)	UNKNOWN STEP	2025-09-22T11:28:39.5147661Z   check-latest: false
Base IT (4)	UNKNOWN STEP	2025-09-22T11:28:39.5147887Z   server-id: github
Base IT (4)	UNKNOWN STEP	2025-09-22T11:28:39.5148126Z   server-username: GITHUB_ACTOR
Base IT (4)	UNKNOWN STEP	2025-09-22T11:28:39.5148407Z   server-password: GITHUB_TOKEN
Base IT (4)	UNKNOWN STEP	2025-09-22T11:28:39.5148675Z   overwrite-settings: true
Base IT (4)	UNKNOWN STEP	2025-09-22T11:28:39.5148929Z   job-status: success
Base IT (4)	UNKNOWN STEP	2025-09-22T11:28:39.5149297Z   token: ***
Base IT (4)	UNKNOWN STEP	2025-09-22T11:28:39.5149508Z env:
Base IT (4)	UNKNOWN STEP	2025-09-22T11:28:39.5149807Z   MAVEN_ARGS: -B -nsu -Daether.connector.http.connectionMaxTtl=25
Base IT (4)	UNKNOWN STEP	2025-09-22T11:28:39.5150210Z   SUREFIRE_RERUN_FAILING_COUNT: 2
Base IT (4)	UNKNOWN STEP	2025-09-22T11:28:39.5150538Z   SUREFIRE_RETRY: -Dsurefire.rerunFailingTestsCount=2
Base IT (4)	UNKNOWN STEP	2025-09-22T11:28:39.5151073Z ##[endgroup]
Base IT (4)	UNKNOWN STEP	2025-09-22T11:28:39.7061293Z ##[group]Installed distributions
Base IT (4)	UNKNOWN STEP	2025-09-22T11:28:39.7374935Z Resolved Java 21.0.8+9 from tool-cache
Base IT (4)	UNKNOWN STEP	2025-09-22T11:28:39.7375558Z Setting Java 21.0.8+9 as the default
Base IT (4)	UNKNOWN STEP	2025-09-22T11:28:39.7388755Z Creating toolchains.xml for JDK version 21 from temurin
Base IT (4)	UNKNOWN STEP	2025-09-22T11:28:39.7464979Z Writing to /home/runner/.m2/toolchains.xml
Base IT (4)	UNKNOWN STEP	2025-09-22T11:28:39.7467333Z 
Base IT (4)	UNKNOWN STEP	2025-09-22T11:28:39.7467784Z Java configuration:
Base IT (4)	UNKNOWN STEP	2025-09-22T11:28:39.7469047Z   Distribution: temurin
Base IT (4)	UNKNOWN STEP	2025-09-22T11:28:39.7469530Z   Version: 21.0.8+9
Base IT (4)	UNKNOWN STEP	2025-09-22T11:28:39.7470164Z   Path: /opt/hostedtoolcache/Java_Temurin-Hotspot_jdk/21.0.8-9/x64
Base IT (4)	UNKNOWN STEP	2025-09-22T11:28:39.7470679Z 
Base IT (4)	UNKNOWN STEP	2025-09-22T11:28:39.7471232Z ##[endgroup]
Base IT (4)	UNKNOWN STEP	2025-09-22T11:28:39.7494679Z Creating settings.xml with server-id: github
Base IT (4)	UNKNOWN STEP	2025-09-22T11:28:39.7495065Z Writing to /home/runner/.m2/settings.xml
Base IT (4)	UNKNOWN STEP	2025-09-22T11:28:39.7634002Z Prepare all required actions
Base IT (4)	UNKNOWN STEP	2025-09-22T11:28:39.7634377Z Getting action download info
Base IT (4)	UNKNOWN STEP	2025-09-22T11:28:39.9158003Z Download action repository 'actions/cache@5a3ec84eff668545956fd18022155c47e93e2684' (SHA:5a3ec84eff668545956fd18022155c47e93e2684)
Base IT (4)	UNKNOWN STEP	2025-09-22T11:28:40.0767925Z ##[group]Run ./.github/actions/maven-cache
Base IT (4)	UNKNOWN STEP	2025-09-22T11:28:40.0768265Z with:
Base IT (4)	UNKNOWN STEP	2025-09-22T11:28:40.0768497Z   create-cache-if-it-doesnt-exist: false
Base IT (4)	UNKNOWN STEP	2025-09-22T11:28:40.0768790Z env:
Base IT (4)	UNKNOWN STEP	2025-09-22T11:28:40.0769088Z   MAVEN_ARGS: -B -nsu -Daether.connector.http.connectionMaxTtl=25
Base IT (4)	UNKNOWN STEP	2025-09-22T11:28:40.0769458Z   SUREFIRE_RERUN_FAILING_COUNT: 2
Base IT (4)	UNKNOWN STEP	2025-09-22T11:28:40.0769777Z   SUREFIRE_RETRY: -Dsurefire.rerunFailingTestsCount=2
Base IT (4)	UNKNOWN STEP	2025-09-22T11:28:40.0770195Z   JAVA_HOME: /opt/hostedtoolcache/Java_Temurin-Hotspot_jdk/21.0.8-9/x64
Base IT (4)	UNKNOWN STEP	2025-09-22T11:28:40.0770669Z   JAVA_HOME_21_X64: /opt/hostedtoolcache/Java_Temurin-Hotspot_jdk/21.0.8-9/x64
Base IT (4)	UNKNOWN STEP	2025-09-22T11:28:40.0771034Z ##[endgroup]
Base IT (4)	UNKNOWN STEP	2025-09-22T11:28:40.0790628Z ##[group]Run echo "key=mvn-`date -u "+%Y-%U"`" >> $GITHUB_OUTPUT
Base IT (4)	UNKNOWN STEP	2025-09-22T11:28:40.0791069Z [36;1mecho "key=mvn-`date -u "+%Y-%U"`" >> $GITHUB_OUTPUT[0m
Base IT (4)	UNKNOWN STEP	2025-09-22T11:28:40.0824751Z shell: /usr/bin/bash --noprofile --norc -e -o pipefail {0}
Base IT (4)	UNKNOWN STEP	2025-09-22T11:28:40.0825096Z env:
Base IT (4)	UNKNOWN STEP	2025-09-22T11:28:40.0825396Z   MAVEN_ARGS: -B -nsu -Daether.connector.http.connectionMaxTtl=25
Base IT (4)	UNKNOWN STEP	2025-09-22T11:28:40.0825771Z   SUREFIRE_RERUN_FAILING_COUNT: 2
Base IT (4)	UNKNOWN STEP	2025-09-22T11:28:40.0826092Z   SUREFIRE_RETRY: -Dsurefire.rerunFailingTestsCount=2
Base IT (4)	UNKNOWN STEP	2025-09-22T11:28:40.0826515Z   JAVA_HOME: /opt/hostedtoolcache/Java_Temurin-Hotspot_jdk/21.0.8-9/x64
Base IT (4)	UNKNOWN STEP	2025-09-22T11:28:40.0826995Z   JAVA_HOME_21_X64: /opt/hostedtoolcache/Java_Temurin-Hotspot_jdk/21.0.8-9/x64
Base IT (4)	UNKNOWN STEP	2025-09-22T11:28:40.0827364Z ##[endgroup]
Base IT (4)	UNKNOWN STEP	2025-09-22T11:28:40.0965493Z ##[group]Run actions/cache/restore@5a3ec84eff668545956fd18022155c47e93e2684
Base IT (4)	UNKNOWN STEP	2025-09-22T11:28:40.0965889Z with:
Base IT (4)	UNKNOWN STEP	2025-09-22T11:28:40.0966182Z   path: ~/.m2/repository/*/*
Base IT (4)	UNKNOWN STEP	!~/.m2/repository/org/keycloak
Base IT (4)	UNKNOWN STEP	
Base IT (4)	UNKNOWN STEP	2025-09-22T11:28:40.0966558Z   key: mvn-Linux-mvn-2025-38
Base IT (4)	UNKNOWN STEP	2025-09-22T11:28:40.0966831Z   restore-keys: mvn--mvn-2025-38
Base IT (4)	UNKNOWN STEP	
Base IT (4)	UNKNOWN STEP	2025-09-22T11:28:40.0967117Z   enableCrossOsArchive: true
Base IT (4)	UNKNOWN STEP	2025-09-22T11:28:40.0967381Z   fail-on-cache-miss: false
Base IT (4)	UNKNOWN STEP	2025-09-22T11:28:40.0967635Z   lookup-only: false
Base IT (4)	UNKNOWN STEP	2025-09-22T11:28:40.0967851Z env:
Base IT (4)	UNKNOWN STEP	2025-09-22T11:28:40.0968151Z   MAVEN_ARGS: -B -nsu -Daether.connector.http.connectionMaxTtl=25
Base IT (4)	UNKNOWN STEP	2025-09-22T11:28:40.0968523Z   SUREFIRE_RERUN_FAILING_COUNT: 2
Base IT (4)	UNKNOWN STEP	2025-09-22T11:28:40.0968844Z   SUREFIRE_RETRY: -Dsurefire.rerunFailingTestsCount=2
Base IT (4)	UNKNOWN STEP	2025-09-22T11:28:40.0969276Z   JAVA_HOME: /opt/hostedtoolcache/Java_Temurin-Hotspot_jdk/21.0.8-9/x64
Base IT (4)	UNKNOWN STEP	2025-09-22T11:28:40.0969751Z   JAVA_HOME_21_X64: /opt/hostedtoolcache/Java_Temurin-Hotspot_jdk/21.0.8-9/x64
Base IT (4)	UNKNOWN STEP	2025-09-22T11:28:40.0970127Z ##[endgroup]
Base IT (4)	UNKNOWN STEP	2025-09-22T11:28:40.3415787Z Cache hit for: mvn-Linux-mvn-2025-38
Base IT (4)	UNKNOWN STEP	2025-09-22T11:28:41.5078086Z Received 125829120 of 589078472 (21.4%), 120.0 MBs/sec
Base IT (4)	UNKNOWN STEP	2025-09-22T11:28:42.5081764Z Received 297795584 of 589078472 (50.6%), 142.0 MBs/sec
Base IT (4)	UNKNOWN STEP	2025-09-22T11:28:43.5087434Z Received 494927872 of 589078472 (84.0%), 157.3 MBs/sec
Base IT (4)	UNKNOWN STEP	2025-09-22T11:28:44.1005015Z Received 589078472 of 589078472 (100.0%), 156.4 MBs/sec
Base IT (4)	UNKNOWN STEP	2025-09-22T11:28:44.1008765Z Cache Size: ~562 MB (589078472 B)
Base IT (4)	UNKNOWN STEP	2025-09-22T11:28:44.1047271Z [command]/usr/bin/tar -xf /home/runner/work/_temp/5ec98195-a3be-4d99-a895-73f4c5039a92/cache.tzst -P -C /home/runner/work/keycloak/keycloak --use-compress-program unzstd
Base IT (4)	UNKNOWN STEP	2025-09-22T11:28:45.6812999Z Cache restored successfully
Base IT (4)	UNKNOWN STEP	2025-09-22T11:28:45.7995129Z Cache restored from key: mvn-Linux-mvn-2025-38
Base IT (4)	UNKNOWN STEP	2025-09-22T11:28:45.8141080Z Prepare all required actions
Base IT (4)	UNKNOWN STEP	2025-09-22T11:28:45.8141397Z Getting action download info
Base IT (4)	UNKNOWN STEP	2025-09-22T11:28:45.9811665Z ##[group]Run ./.github/actions/node-cache
Base IT (4)	UNKNOWN STEP	2025-09-22T11:28:45.9811941Z env:
Base IT (4)	UNKNOWN STEP	2025-09-22T11:28:45.9812365Z   MAVEN_ARGS: -B -nsu -Daether.connector.http.connectionMaxTtl=25
Base IT (4)	UNKNOWN STEP	2025-09-22T11:28:45.9812720Z   SUREFIRE_RERUN_FAILING_COUNT: 2
Base IT (4)	UNKNOWN STEP	2025-09-22T11:28:45.9813011Z   SUREFIRE_RETRY: -Dsurefire.rerunFailingTestsCount=2
Base IT (4)	UNKNOWN STEP	2025-09-22T11:28:45.9813622Z   JAVA_HOME: /opt/hostedtoolcache/Java_Temurin-Hotspot_jdk/21.0.8-9/x64
Base IT (4)	UNKNOWN STEP	2025-09-22T11:28:45.9814077Z   JAVA_HOME_21_X64: /opt/hostedtoolcache/Java_Temurin-Hotspot_jdk/21.0.8-9/x64
Base IT (4)	UNKNOWN STEP	2025-09-22T11:28:45.9814420Z ##[endgroup]
Base IT (4)	UNKNOWN STEP	2025-09-22T11:28:45.9852373Z ##[group]Run echo "node=$(cat js/pom.xml | grep '<node.version>' | cut -d '>' -f 2 | cut -d '<' -f 1 | cut -c 2-)" >> $GITHUB_OUTPUT
Base IT (4)	UNKNOWN STEP	2025-09-22T11:28:45.9853093Z [36;1mecho "node=$(cat js/pom.xml | grep '<node.version>' | cut -d '>' -f 2 | cut -d '<' -f 1 | cut -c 2-)" >> $GITHUB_OUTPUT[0m
Base IT (4)	UNKNOWN STEP	2025-09-22T11:28:45.9853689Z [36;1mecho "pnpm=$(cat js/pom.xml | grep '<pnpm.version>' | cut -d '>' -f 2 | cut -d '<' -f 1 | cut -c 1-)" >> $GITHUB_OUTPUT[0m
Base IT (4)	UNKNOWN STEP	2025-09-22T11:28:45.9885562Z shell: /usr/bin/bash --noprofile --norc -e -o pipefail {0}
Base IT (4)	UNKNOWN STEP	2025-09-22T11:28:45.9885885Z env:
Base IT (4)	UNKNOWN STEP	2025-09-22T11:28:45.9886158Z   MAVEN_ARGS: -B -nsu -Daether.connector.http.connectionMaxTtl=25
Base IT (4)	UNKNOWN STEP	2025-09-22T11:28:45.9886514Z   SUREFIRE_RERUN_FAILING_COUNT: 2
Base IT (4)	UNKNOWN STEP	2025-09-22T11:28:45.9886813Z   SUREFIRE_RETRY: -Dsurefire.rerunFailingTestsCount=2
Base IT (4)	UNKNOWN STEP	2025-09-22T11:28:45.9887218Z   JAVA_HOME: /opt/hostedtoolcache/Java_Temurin-Hotspot_jdk/21.0.8-9/x64
Base IT (4)	UNKNOWN STEP	2025-09-22T11:28:45.9887670Z   JAVA_HOME_21_X64: /opt/hostedtoolcache/Java_Temurin-Hotspot_jdk/21.0.8-9/x64
Base IT (4)	UNKNOWN STEP	2025-09-22T11:28:45.9888025Z ##[endgroup]
Base IT (4)	UNKNOWN STEP	2025-09-22T11:28:46.0033035Z ##[group]Run actions/cache@5a3ec84eff668545956fd18022155c47e93e2684
Base IT (4)	UNKNOWN STEP	2025-09-22T11:28:46.0033399Z with:
Base IT (4)	UNKNOWN STEP	2025-09-22T11:28:46.0033759Z   path: ~/.m2/repository/com/github/eirslett/node
Base IT (4)	UNKNOWN STEP	~/.m2/repository/com/github/eirslett/pnpm
Base IT (4)	UNKNOWN STEP	
Base IT (4)	UNKNOWN STEP	2025-09-22T11:28:46.0034241Z   key: Linux-frontend-plugin-artifacts-22.18.0-10.14.0
Base IT (4)	UNKNOWN STEP	2025-09-22T11:28:46.0034563Z   enableCrossOsArchive: false
Base IT (4)	UNKNOWN STEP	2025-09-22T11:28:46.0034819Z   fail-on-cache-miss: false
Base IT (4)	UNKNOWN STEP	2025-09-22T11:28:46.0035030Z   lookup-only: false
Base IT (4)	UNKNOWN STEP	2025-09-22T11:28:46.0035228Z   save-always: false
Base IT (4)	UNKNOWN STEP	2025-09-22T11:28:46.0035412Z env:
Base IT (4)	UNKNOWN STEP	2025-09-22T11:28:46.0035672Z   MAVEN_ARGS: -B -nsu -Daether.connector.http.connectionMaxTtl=25
Base IT (4)	UNKNOWN STEP	2025-09-22T11:28:46.0036015Z   SUREFIRE_RERUN_FAILING_COUNT: 2
Base IT (4)	UNKNOWN STEP	2025-09-22T11:28:46.0036300Z   SUREFIRE_RETRY: -Dsurefire.rerunFailingTestsCount=2
Base IT (4)	UNKNOWN STEP	2025-09-22T11:28:46.0036696Z   JAVA_HOME: /opt/hostedtoolcache/Java_Temurin-Hotspot_jdk/21.0.8-9/x64
Base IT (4)	UNKNOWN STEP	2025-09-22T11:28:46.0037148Z   JAVA_HOME_21_X64: /opt/hostedtoolcache/Java_Temurin-Hotspot_jdk/21.0.8-9/x64
Base IT (4)	UNKNOWN STEP	2025-09-22T11:28:46.0037487Z ##[endgroup]
Base IT (4)	UNKNOWN STEP	2025-09-22T11:28:46.2446645Z Cache hit for: Linux-frontend-plugin-artifacts-22.18.0-10.14.0
Base IT (4)	UNKNOWN STEP	2025-09-22T11:28:47.3153598Z Received 89550697 of 89550697 (100.0%), 90.6 MBs/sec
Base IT (4)	UNKNOWN STEP	2025-09-22T11:28:47.3154720Z Cache Size: ~85 MB (89550697 B)
Base IT (4)	UNKNOWN STEP	2025-09-22T11:28:47.3205267Z [command]/usr/bin/tar -xf /home/runner/work/_temp/d9530711-f77a-4780-b9dc-04fd1345eac1/cache.tzst -P -C /home/runner/work/keycloak/keycloak --use-compress-program unzstd
Base IT (4)	UNKNOWN STEP	2025-09-22T11:28:47.5639254Z Cache restored successfully
Base IT (4)	UNKNOWN STEP	2025-09-22T11:28:47.5892769Z Cache restored from key: Linux-frontend-plugin-artifacts-22.18.0-10.14.0
Base IT (4)	UNKNOWN STEP	2025-09-22T11:28:47.6006455Z Prepare all required actions
Base IT (4)	UNKNOWN STEP	2025-09-22T11:28:47.6006780Z Getting action download info
Base IT (4)	UNKNOWN STEP	2025-09-22T11:28:47.7459091Z ##[group]Run ./.github/actions/pnpm-store-cache
Base IT (4)	UNKNOWN STEP	2025-09-22T11:28:47.7459387Z env:
Base IT (4)	UNKNOWN STEP	2025-09-22T11:28:47.7459862Z   MAVEN_ARGS: -B -nsu -Daether.connector.http.connectionMaxTtl=25
Base IT (4)	UNKNOWN STEP	2025-09-22T11:28:47.7460217Z   SUREFIRE_RERUN_FAILING_COUNT: 2
Base IT (4)	UNKNOWN STEP	2025-09-22T11:28:47.7460506Z   SUREFIRE_RETRY: -Dsurefire.rerunFailingTestsCount=2
Base IT (4)	UNKNOWN STEP	2025-09-22T11:28:47.7460915Z   JAVA_HOME: /opt/hostedtoolcache/Java_Temurin-Hotspot_jdk/21.0.8-9/x64
Base IT (4)	UNKNOWN STEP	2025-09-22T11:28:47.7461371Z   JAVA_HOME_21_X64: /opt/hostedtoolcache/Java_Temurin-Hotspot_jdk/21.0.8-9/x64
Base IT (4)	UNKNOWN STEP	2025-09-22T11:28:47.7461722Z ##[endgroup]
Base IT (4)	UNKNOWN STEP	2025-09-22T11:28:47.7475813Z ##[group]Run echo "key=pnpm-store-`date -u "+%Y-%U"`" >> $GITHUB_OUTPUT
Base IT (4)	UNKNOWN STEP	2025-09-22T11:28:47.7476255Z [36;1mecho "key=pnpm-store-`date -u "+%Y-%U"`" >> $GITHUB_OUTPUT[0m
Base IT (4)	UNKNOWN STEP	2025-09-22T11:28:47.7506705Z shell: /usr/bin/bash --noprofile --norc -e -o pipefail {0}
Base IT (4)	UNKNOWN STEP	2025-09-22T11:28:47.7507026Z env:
Base IT (4)	UNKNOWN STEP	2025-09-22T11:28:47.7507477Z   MAVEN_ARGS: -B -nsu -Daether.connector.http.connectionMaxTtl=25
Base IT (4)	UNKNOWN STEP	2025-09-22T11:28:47.7507842Z   SUREFIRE_RERUN_FAILING_COUNT: 2
Base IT (4)	UNKNOWN STEP	2025-09-22T11:28:47.7508147Z   SUREFIRE_RETRY: -Dsurefire.rerunFailingTestsCount=2
Base IT (4)	UNKNOWN STEP	2025-09-22T11:28:47.7508554Z   JAVA_HOME: /opt/hostedtoolcache/Java_Temurin-Hotspot_jdk/21.0.8-9/x64
Base IT (4)	UNKNOWN STEP	2025-09-22T11:28:47.7509002Z   JAVA_HOME_21_X64: /opt/hostedtoolcache/Java_Temurin-Hotspot_jdk/21.0.8-9/x64
Base IT (4)	UNKNOWN STEP	2025-09-22T11:28:47.7509344Z ##[endgroup]
Base IT (4)	UNKNOWN STEP	2025-09-22T11:28:47.7605920Z ##[group]Run actions/cache@5a3ec84eff668545956fd18022155c47e93e2684
Base IT (4)	UNKNOWN STEP	2025-09-22T11:28:47.7606238Z with:
Base IT (4)	UNKNOWN STEP	2025-09-22T11:28:47.7606556Z   path: ~/.local/share/pnpm/store
Base IT (4)	UNKNOWN STEP	~/AppData/Local/pnpm/store
Base IT (4)	UNKNOWN STEP	~/Library/pnpm/store
Base IT (4)	UNKNOWN STEP	
Base IT (4)	UNKNOWN STEP	2025-09-22T11:28:47.7606946Z   key: Linux-pnpm-store-2025-38
Base IT (4)	UNKNOWN STEP	2025-09-22T11:28:47.7607197Z   enableCrossOsArchive: false
Base IT (4)	UNKNOWN STEP	2025-09-22T11:28:47.7607431Z   fail-on-cache-miss: false
Base IT (4)	UNKNOWN STEP	2025-09-22T11:28:47.7607650Z   lookup-only: false
Base IT (4)	UNKNOWN STEP	2025-09-22T11:28:47.7607846Z   save-always: false
Base IT (4)	UNKNOWN STEP	2025-09-22T11:28:47.7608027Z env:
Base IT (4)	UNKNOWN STEP	2025-09-22T11:28:47.7608301Z   MAVEN_ARGS: -B -nsu -Daether.connector.http.connectionMaxTtl=25
Base IT (4)	UNKNOWN STEP	2025-09-22T11:28:47.7608643Z   SUREFIRE_RERUN_FAILING_COUNT: 2
Base IT (4)	UNKNOWN STEP	2025-09-22T11:28:47.7608937Z   SUREFIRE_RETRY: -Dsurefire.rerunFailingTestsCount=2
Base IT (4)	UNKNOWN STEP	2025-09-22T11:28:47.7609338Z   JAVA_HOME: /opt/hostedtoolcache/Java_Temurin-Hotspot_jdk/21.0.8-9/x64
Base IT (4)	UNKNOWN STEP	2025-09-22T11:28:47.7609783Z   JAVA_HOME_21_X64: /opt/hostedtoolcache/Java_Temurin-Hotspot_jdk/21.0.8-9/x64
Base IT (4)	UNKNOWN STEP	2025-09-22T11:28:47.7610125Z ##[endgroup]
Base IT (4)	UNKNOWN STEP	2025-09-22T11:28:48.0199228Z Cache hit for: Linux-pnpm-store-2025-38
Base IT (4)	UNKNOWN STEP	2025-09-22T11:28:49.1645465Z Received 130023424 of 137814996 (94.3%), 124.0 MBs/sec
Base IT (4)	UNKNOWN STEP	2025-09-22T11:28:49.3645422Z Received 137814996 of 137814996 (100.0%), 109.5 MBs/sec
Base IT (4)	UNKNOWN STEP	2025-09-22T11:28:49.3647405Z Cache Size: ~131 MB (137814996 B)
Base IT (4)	UNKNOWN STEP	2025-09-22T11:28:49.3676158Z [command]/usr/bin/tar -xf /home/runner/work/_temp/83c83807-01e8-44ff-8795-c2b64d68c1ef/cache.tzst -P -C /home/runner/work/keycloak/keycloak --use-compress-program unzstd
Base IT (4)	UNKNOWN STEP	2025-09-22T11:28:52.1767032Z Cache restored successfully
Base IT (4)	UNKNOWN STEP	2025-09-22T11:28:52.2118894Z Cache restored from key: Linux-pnpm-store-2025-38
Base IT (4)	UNKNOWN STEP	2025-09-22T11:28:52.2239871Z ##[group]Run actions/download-artifact@d3f86a106a0bac45b974a628896c90dbdf5c8093
Base IT (4)	UNKNOWN STEP	2025-09-22T11:28:52.2240267Z with:
Base IT (4)	UNKNOWN STEP	2025-09-22T11:28:52.2240454Z   name: m2-keycloak.tzts
Base IT (4)	UNKNOWN STEP	2025-09-22T11:28:52.2240681Z   merge-multiple: false
Base IT (4)	UNKNOWN STEP	2025-09-22T11:28:52.2240902Z   repository: keycloak/keycloak
Base IT (4)	UNKNOWN STEP	2025-09-22T11:28:52.2241129Z   run-id: 17913749148
Base IT (4)	UNKNOWN STEP	2025-09-22T11:28:52.2241317Z env:
Base IT (4)	UNKNOWN STEP	2025-09-22T11:28:52.2241590Z   MAVEN_ARGS: -B -nsu -Daether.connector.http.connectionMaxTtl=25
Base IT (4)	UNKNOWN STEP	2025-09-22T11:28:52.2241944Z   SUREFIRE_RERUN_FAILING_COUNT: 2
Base IT (4)	UNKNOWN STEP	2025-09-22T11:28:52.2242452Z   SUREFIRE_RETRY: -Dsurefire.rerunFailingTestsCount=2
Base IT (4)	UNKNOWN STEP	2025-09-22T11:28:52.2242871Z   JAVA_HOME: /opt/hostedtoolcache/Java_Temurin-Hotspot_jdk/21.0.8-9/x64
Base IT (4)	UNKNOWN STEP	2025-09-22T11:28:52.2243326Z   JAVA_HOME_21_X64: /opt/hostedtoolcache/Java_Temurin-Hotspot_jdk/21.0.8-9/x64
Base IT (4)	UNKNOWN STEP	2025-09-22T11:28:52.2243664Z ##[endgroup]
Base IT (4)	UNKNOWN STEP	2025-09-22T11:28:52.4275521Z Downloading single artifact
Base IT (4)	UNKNOWN STEP	2025-09-22T11:28:52.5757615Z Preparing to download the following artifacts:
Base IT (4)	UNKNOWN STEP	2025-09-22T11:28:52.5759278Z - m2-keycloak.tzts (ID: 4071298848, Size: 399536260, Expected Digest: sha256:f6f3032d0f7acc47e1ea48b542dc53223e226cd426b93531eb5924288f753f58)
Base IT (4)	UNKNOWN STEP	2025-09-22T11:28:52.6575813Z Redirecting to blob download url: https://productionresultssa4.blob.core.windows.net/actions-results/0e067324-afdf-4d96-850c-994795f26b9a/workflow-job-run-545eb1ee-5ecc-57d3-9215-0e5241e3d5b7/artifacts/edc4cfb0355d37e325eaae6eb235756b36f79720f66ece617babf28220e9d051.zip
Base IT (4)	UNKNOWN STEP	2025-09-22T11:28:52.6579992Z Starting download of artifact to: /home/runner/work/keycloak/keycloak
Base IT (4)	UNKNOWN STEP	2025-09-22T11:28:52.7910651Z (node:2140) [DEP0005] DeprecationWarning: Buffer() is deprecated due to security and usability issues. Please use the Buffer.alloc(), Buffer.allocUnsafe(), or Buffer.from() methods instead.
Base IT (4)	UNKNOWN STEP	2025-09-22T11:28:52.7911900Z (Use `node --trace-deprecation ...` to show where the warning was created)
Base IT (4)	UNKNOWN STEP	2025-09-22T11:28:57.2860208Z SHA256 digest of downloaded artifact is f6f3032d0f7acc47e1ea48b542dc53223e226cd426b93531eb5924288f753f58
Base IT (4)	UNKNOWN STEP	2025-09-22T11:28:57.2861144Z Artifact download completed successfully.
Base IT (4)	UNKNOWN STEP	2025-09-22T11:28:57.2861513Z Total of 1 artifact(s) downloaded
Base IT (4)	UNKNOWN STEP	2025-09-22T11:28:57.2866796Z Download artifact has finished successfully
Base IT (4)	UNKNOWN STEP	2025-09-22T11:28:57.3006342Z ##[group]Run if [ "$RUNNER_OS" == "Windows" ]; then
Base IT (4)	UNKNOWN STEP	2025-09-22T11:28:57.3006708Z [36;1mif [ "$RUNNER_OS" == "Windows" ]; then[0m
Base IT (4)	UNKNOWN STEP	2025-09-22T11:28:57.3007120Z [36;1m  # zstd binary might be missing in older versions, install only when necessary[0m
Base IT (4)	UNKNOWN STEP	2025-09-22T11:28:57.3007562Z [36;1m  which zstd > /dev/null || choco install zstandard[0m
Base IT (4)	UNKNOWN STEP	2025-09-22T11:28:57.3007870Z [36;1mfi[0m
Base IT (4)	UNKNOWN STEP	2025-09-22T11:28:57.3008187Z [36;1mtar -C ~/ --use-compress-program="zstd -d" -xf m2-keycloak.tzts[0m
Base IT (4)	UNKNOWN STEP	2025-09-22T11:28:57.3038949Z shell: /usr/bin/bash --noprofile --norc -e -o pipefail {0}
Base IT (4)	UNKNOWN STEP	2025-09-22T11:28:57.3039294Z env:
Base IT (4)	UNKNOWN STEP	2025-09-22T11:28:57.3039587Z   MAVEN_ARGS: -B -nsu -Daether.connector.http.connectionMaxTtl=25
Base IT (4)	UNKNOWN STEP	2025-09-22T11:28:57.3039973Z   SUREFIRE_RERUN_FAILING_COUNT: 2
Base IT (4)	UNKNOWN STEP	2025-09-22T11:28:57.3040291Z   SUREFIRE_RETRY: -Dsurefire.rerunFailingTestsCount=2
Base IT (4)	UNKNOWN STEP	2025-09-22T11:28:57.3040733Z   JAVA_HOME: /opt/hostedtoolcache/Java_Temurin-Hotspot_jdk/21.0.8-9/x64
Base IT (4)	UNKNOWN STEP	2025-09-22T11:28:57.3041207Z   JAVA_HOME_21_X64: /opt/hostedtoolcache/Java_Temurin-Hotspot_jdk/21.0.8-9/x64
Base IT (4)	UNKNOWN STEP	2025-09-22T11:28:57.3041564Z ##[endgroup]
Base IT (4)	UNKNOWN STEP	2025-09-22T11:28:57.8834549Z ##[group]Run TESTS=`testsuite/integration-arquillian/tests/base/testsuites/base-suite.sh 4`
Base IT (4)	UNKNOWN STEP	2025-09-22T11:28:57.8835689Z [36;1mTESTS=`testsuite/integration-arquillian/tests/base/testsuites/base-suite.sh 4`[0m
Base IT (4)	UNKNOWN STEP	2025-09-22T11:28:57.8836456Z [36;1mecho "Tests: $TESTS"[0m
Base IT (4)	UNKNOWN STEP	2025-09-22T11:28:57.8837803Z [36;1m./mvnw test -Dsurefire.rerunFailingTestsCount=2 -Pauth-server-quarkus -Dtest=$TESTS -pl testsuite/integration-arquillian/tests/base 2>&1 | misc/log/trimmer.sh[0m
Base IT (4)	UNKNOWN STEP	2025-09-22T11:28:57.8881337Z shell: /usr/bin/bash --noprofile --norc -e -o pipefail {0}
Base IT (4)	UNKNOWN STEP	2025-09-22T11:28:57.8881919Z env:
Base IT (4)	UNKNOWN STEP	2025-09-22T11:28:57.8882555Z   MAVEN_ARGS: -B -nsu -Daether.connector.http.connectionMaxTtl=25
Base IT (4)	UNKNOWN STEP	2025-09-22T11:28:57.8883185Z   SUREFIRE_RERUN_FAILING_COUNT: 2
Base IT (4)	UNKNOWN STEP	2025-09-22T11:28:57.8883722Z   SUREFIRE_RETRY: -Dsurefire.rerunFailingTestsCount=2
Base IT (4)	UNKNOWN STEP	2025-09-22T11:28:57.8884451Z   JAVA_HOME: /opt/hostedtoolcache/Java_Temurin-Hotspot_jdk/21.0.8-9/x64
Base IT (4)	UNKNOWN STEP	2025-09-22T11:28:57.8885306Z   JAVA_HOME_21_X64: /opt/hostedtoolcache/Java_Temurin-Hotspot_jdk/21.0.8-9/x64
Base IT (4)	UNKNOWN STEP	2025-09-22T11:28:57.8885930Z ##[endgroup]
Base IT (4)	UNKNOWN STEP	2025-09-22T11:28:58.1708285Z Tests: org.keycloak.testsuite.account.**,org.keycloak.testsuite.cli.**,org.keycloak.testsuite.client.**,org.keycloak.testsuite.composites.**,org.keycloak.testsuite.cookies.**,org.keycloak.testsuite.docker.**,org.keycloak.testsuite.domainextension.**,org.keycloak.testsuite.error.**,org.keycloak.testsuite.events.**,org.keycloak.testsuite.exportimport.**,org.keycloak.testsuite.feature.**,org.keycloak.testsuite.keys.**,org.keycloak.testsuite.login.**,org.keycloak.testsuite.metrics.**,org.keycloak.testsuite.migration.**,org.keycloak.testsuite.providers.**,org.keycloak.testsuite.securityprofile.**,org.keycloak.testsuite.tracing.**,org.keycloak.testsuite.user.**,org.keycloak.testsuite.util.**,org.keycloak.testsuite.vault.**,org.keycloak.testsuite.x509.**
Base IT (4)	UNKNOWN STEP	2025-09-22T11:29:01.2423161Z -- wget: Failed to fetch https://repo.maven.apache.org/maven2/org/apache/maven/apache-maven/3.9.8/apache-maven-3.9.8-bin.zip
Base IT (4)	UNKNOWN STEP	2025-09-22T11:29:01.2482384Z ##[error]Process completed with exit code 1.
Base IT (4)	UNKNOWN STEP	2025-09-22T11:29:01.2553057Z Post job cleanup.
Base IT (4)	UNKNOWN STEP	2025-09-22T11:29:01.2595967Z Post job cleanup.
Base IT (4)	UNKNOWN STEP	2025-09-22T11:29:01.4282399Z Post job cleanup.
Base IT (4)	UNKNOWN STEP	2025-09-22T11:29:01.5160086Z [command]/usr/bin/git version
Base IT (4)	UNKNOWN STEP	2025-09-22T11:29:01.5195473Z git version 2.51.0
Base IT (4)	UNKNOWN STEP	2025-09-22T11:29:01.5234142Z Temporarily overriding HOME='/home/runner/work/_temp/8d2c5bcf-6d98-40a3-9a44-a40eb92b9a37' before making global git config changes
Base IT (4)	UNKNOWN STEP	2025-09-22T11:29:01.5235474Z Adding repository directory to the temporary git global config as a safe directory
Base IT (4)	UNKNOWN STEP	2025-09-22T11:29:01.5240118Z [command]/usr/bin/git config --global --add safe.directory /home/runner/work/keycloak/keycloak
Base IT (4)	UNKNOWN STEP	2025-09-22T11:29:01.5276145Z [command]/usr/bin/git config --local --name-only --get-regexp core\.sshCommand
Base IT (4)	UNKNOWN STEP	2025-09-22T11:29:01.5308919Z [command]/usr/bin/git submodule foreach --recursive sh -c "git config --local --name-only --get-regexp 'core\.sshCommand' && git config --local --unset-all 'core.sshCommand' || :"
Base IT (4)	UNKNOWN STEP	2025-09-22T11:29:01.5556500Z [command]/usr/bin/git config --local --name-only --get-regexp http\.https\:\/\/github\.com\/\.extraheader
Base IT (4)	UNKNOWN STEP	2025-09-22T11:29:01.5578726Z http.https://github.com/.extraheader
Base IT (4)	UNKNOWN STEP	2025-09-22T11:29:01.5588767Z [command]/usr/bin/git config --local --unset-all http.https://github.com/.extraheader
Base IT (4)	UNKNOWN STEP	2025-09-22T11:29:01.5620436Z [command]/usr/bin/git submodule foreach --recursive sh -c "git config --local --name-only --get-regexp 'http\.https\:\/\/github\.com\/\.extraheader' && git config --local --unset-all 'http.https://github.com/.extraheader' || :"
Base IT (4)	UNKNOWN STEP	2025-09-22T11:29:01.5976624Z Cleaning up orphan processes
Java Distribution IT (ubuntu-latest, temurin, 17)	UNKNOWN STEP	ï»¿2025-09-22T11:28:35.0219503Z Current runner version: '2.328.0'
Java Distribution IT (ubuntu-latest, temurin, 17)	UNKNOWN STEP	2025-09-22T11:28:35.0244280Z ##[group]Runner Image Provisioner
Java Distribution IT (ubuntu-latest, temurin, 17)	UNKNOWN STEP	2025-09-22T11:28:35.0245201Z Hosted Compute Agent
Java Distribution IT (ubuntu-latest, temurin, 17)	UNKNOWN STEP	2025-09-22T11:28:35.0245747Z Version: 20250829.383
Java Distribution IT (ubuntu-latest, temurin, 17)	UNKNOWN STEP	2025-09-22T11:28:35.0246300Z Commit: 27cb235aab5b0e52e153a26cd86b4742e89dac5d
Java Distribution IT (ubuntu-latest, temurin, 17)	UNKNOWN STEP	2025-09-22T11:28:35.0247448Z Build Date: 2025-08-29T13:48:48Z
Java Distribution IT (ubuntu-latest, temurin, 17)	UNKNOWN STEP	2025-09-22T11:28:35.0248053Z ##[endgroup]
Java Distribution IT (ubuntu-latest, temurin, 17)	UNKNOWN STEP	2025-09-22T11:28:35.0248536Z ##[group]Operating System
Java Distribution IT (ubuntu-latest, temurin, 17)	UNKNOWN STEP	2025-09-22T11:28:35.0249154Z Ubuntu
Java Distribution IT (ubuntu-latest, temurin, 17)	UNKNOWN STEP	2025-09-22T11:28:35.0249596Z 24.04.3
Java Distribution IT (ubuntu-latest, temurin, 17)	UNKNOWN STEP	2025-09-22T11:28:35.0250057Z LTS
Java Distribution IT (ubuntu-latest, temurin, 17)	UNKNOWN STEP	2025-09-22T11:28:35.0250538Z ##[endgroup]
Java Distribution IT (ubuntu-latest, temurin, 17)	UNKNOWN STEP	2025-09-22T11:28:35.0251039Z ##[group]Runner Image
Java Distribution IT (ubuntu-latest, temurin, 17)	UNKNOWN STEP	2025-09-22T11:28:35.0251521Z Image: ubuntu-24.04
Java Distribution IT (ubuntu-latest, temurin, 17)	UNKNOWN STEP	2025-09-22T11:28:35.0252053Z Version: 20250907.24.1
Java Distribution IT (ubuntu-latest, temurin, 17)	UNKNOWN STEP	2025-09-22T11:28:35.0253091Z Included Software: https://github.com/actions/runner-images/blob/ubuntu24/20250907.24/images/ubuntu/Ubuntu2404-Readme.md
Java Distribution IT (ubuntu-latest, temurin, 17)	UNKNOWN STEP	2025-09-22T11:28:35.0254626Z Image Release: https://github.com/actions/runner-images/releases/tag/ubuntu24%2F20250907.24
Java Distribution IT (ubuntu-latest, temurin, 17)	UNKNOWN STEP	2025-09-22T11:28:35.0255652Z ##[endgroup]
Java Distribution IT (ubuntu-latest, temurin, 17)	UNKNOWN STEP	2025-09-22T11:28:35.0256843Z ##[group]GITHUB_TOKEN Permissions
Java Distribution IT (ubuntu-latest, temurin, 17)	UNKNOWN STEP	2025-09-22T11:28:35.0258855Z Contents: read
Java Distribution IT (ubuntu-latest, temurin, 17)	UNKNOWN STEP	2025-09-22T11:28:35.0259387Z Metadata: read
Java Distribution IT (ubuntu-latest, temurin, 17)	UNKNOWN STEP	2025-09-22T11:28:35.0259856Z ##[endgroup]
Java Distribution IT (ubuntu-latest, temurin, 17)	UNKNOWN STEP	2025-09-22T11:28:35.0262070Z Secret source: Actions
Java Distribution IT (ubuntu-latest, temurin, 17)	UNKNOWN STEP	2025-09-22T11:28:35.0262721Z Prepare workflow directory
Java Distribution IT (ubuntu-latest, temurin, 17)	UNKNOWN STEP	2025-09-22T11:28:35.0675758Z Prepare all required actions
Java Distribution IT (ubuntu-latest, temurin, 17)	UNKNOWN STEP	2025-09-22T11:28:35.0721195Z Getting action download info
Java Distribution IT (ubuntu-latest, temurin, 17)	UNKNOWN STEP	2025-09-22T11:28:35.5362495Z Download action repository 'actions/checkout@08c6903cd8c0fde910a37f88322edcfb5dd907a8' (SHA:08c6903cd8c0fde910a37f88322edcfb5dd907a8)
Java Distribution IT (ubuntu-latest, temurin, 17)	UNKNOWN STEP	2025-09-22T11:28:35.9541286Z Complete job name: Java Distribution IT (ubuntu-latest, temurin, 17)
Java Distribution IT (ubuntu-latest, temurin, 17)	UNKNOWN STEP	2025-09-22T11:28:36.0325285Z ##[group]Run actions/checkout@08c6903cd8c0fde910a37f88322edcfb5dd907a8
Java Distribution IT (ubuntu-latest, temurin, 17)	UNKNOWN STEP	2025-09-22T11:28:36.0326294Z with:
Java Distribution IT (ubuntu-latest, temurin, 17)	UNKNOWN STEP	2025-09-22T11:28:36.0326844Z   repository: keycloak/keycloak
Java Distribution IT (ubuntu-latest, temurin, 17)	UNKNOWN STEP	2025-09-22T11:28:36.0327513Z   token: ***
Java Distribution IT (ubuntu-latest, temurin, 17)	UNKNOWN STEP	2025-09-22T11:28:36.0327878Z   ssh-strict: true
Java Distribution IT (ubuntu-latest, temurin, 17)	UNKNOWN STEP	2025-09-22T11:28:36.0328260Z   ssh-user: git
Java Distribution IT (ubuntu-latest, temurin, 17)	UNKNOWN STEP	2025-09-22T11:28:36.0328674Z   persist-credentials: true
Java Distribution IT (ubuntu-latest, temurin, 17)	UNKNOWN STEP	2025-09-22T11:28:36.0329121Z   clean: true
Java Distribution IT (ubuntu-latest, temurin, 17)	UNKNOWN STEP	2025-09-22T11:28:36.0329523Z   sparse-checkout-cone-mode: true
Java Distribution IT (ubuntu-latest, temurin, 17)	UNKNOWN STEP	2025-09-22T11:28:36.0329995Z   fetch-depth: 1
Java Distribution IT (ubuntu-latest, temurin, 17)	UNKNOWN STEP	2025-09-22T11:28:36.0330374Z   fetch-tags: false
Java Distribution IT (ubuntu-latest, temurin, 17)	UNKNOWN STEP	2025-09-22T11:28:36.0330764Z   show-progress: true
Java Distribution IT (ubuntu-latest, temurin, 17)	UNKNOWN STEP	2025-09-22T11:28:36.0331163Z   lfs: false
Java Distribution IT (ubuntu-latest, temurin, 17)	UNKNOWN STEP	2025-09-22T11:28:36.0331522Z   submodules: false
Java Distribution IT (ubuntu-latest, temurin, 17)	UNKNOWN STEP	2025-09-22T11:28:36.0331923Z   set-safe-directory: true
Java Distribution IT (ubuntu-latest, temurin, 17)	UNKNOWN STEP	2025-09-22T11:28:36.0332619Z env:
Java Distribution IT (ubuntu-latest, temurin, 17)	UNKNOWN STEP	2025-09-22T11:28:36.0333156Z   MAVEN_ARGS: -B -nsu -Daether.connector.http.connectionMaxTtl=25
Java Distribution IT (ubuntu-latest, temurin, 17)	UNKNOWN STEP	2025-09-22T11:28:36.0333805Z   SUREFIRE_RERUN_FAILING_COUNT: 2
Java Distribution IT (ubuntu-latest, temurin, 17)	UNKNOWN STEP	2025-09-22T11:28:36.0334399Z   SUREFIRE_RETRY: -Dsurefire.rerunFailingTestsCount=2
Java Distribution IT (ubuntu-latest, temurin, 17)	UNKNOWN STEP	2025-09-22T11:28:36.0334956Z ##[endgroup]
Java Distribution IT (ubuntu-latest, temurin, 17)	UNKNOWN STEP	2025-09-22T11:28:36.1268944Z Syncing repository: keycloak/keycloak
Java Distribution IT (ubuntu-latest, temurin, 17)	UNKNOWN STEP	2025-09-22T11:28:36.1271565Z ##[group]Getting Git version info
Java Distribution IT (ubuntu-latest, temurin, 17)	UNKNOWN STEP	2025-09-22T11:28:36.1272731Z Working directory is '/home/runner/work/keycloak/keycloak'
Java Distribution IT (ubuntu-latest, temurin, 17)	UNKNOWN STEP	2025-09-22T11:28:36.1274565Z [command]/usr/bin/git version
Java Distribution IT (ubuntu-latest, temurin, 17)	UNKNOWN STEP	2025-09-22T11:28:36.1351030Z git version 2.51.0
Java Distribution IT (ubuntu-latest, temurin, 17)	UNKNOWN STEP	2025-09-22T11:28:36.1375794Z ##[endgroup]
Java Distribution IT (ubuntu-latest, temurin, 17)	UNKNOWN STEP	2025-09-22T11:28:36.1392796Z Temporarily overriding HOME='/home/runner/work/_temp/2ecbe401-3584-4245-b4a9-9f513813bdde' before making global git config changes
Java Distribution IT (ubuntu-latest, temurin, 17)	UNKNOWN STEP	2025-09-22T11:28:36.1395107Z Adding repository directory to the temporary git global config as a safe directory
Java Distribution IT (ubuntu-latest, temurin, 17)	UNKNOWN STEP	2025-09-22T11:28:36.1399004Z [command]/usr/bin/git config --global --add safe.directory /home/runner/work/keycloak/keycloak
Java Distribution IT (ubuntu-latest, temurin, 17)	UNKNOWN STEP	2025-09-22T11:28:36.1438416Z Deleting the contents of '/home/runner/work/keycloak/keycloak'
Java Distribution IT (ubuntu-latest, temurin, 17)	UNKNOWN STEP	2025-09-22T11:28:36.1442338Z ##[group]Initializing the repository
Java Distribution IT (ubuntu-latest, temurin, 17)	UNKNOWN STEP	2025-09-22T11:28:36.1447229Z [command]/usr/bin/git init /home/runner/work/keycloak/keycloak
Java Distribution IT (ubuntu-latest, temurin, 17)	UNKNOWN STEP	2025-09-22T11:28:36.1568753Z hint: Using 'master' as the name for the initial branch. This default branch name
Java Distribution IT (ubuntu-latest, temurin, 17)	UNKNOWN STEP	2025-09-22T11:28:36.1570127Z hint: is subject to change. To configure the initial branch name to use in all
Java Distribution IT (ubuntu-latest, temurin, 17)	UNKNOWN STEP	2025-09-22T11:28:36.1571034Z hint: of your new repositories, which will suppress this warning, call:
Java Distribution IT (ubuntu-latest, temurin, 17)	UNKNOWN STEP	2025-09-22T11:28:36.1572421Z hint:
Java Distribution IT (ubuntu-latest, temurin, 17)	UNKNOWN STEP	2025-09-22T11:28:36.1573092Z hint: 	git config --global init.defaultBranch <name>
Java Distribution IT (ubuntu-latest, temurin, 17)	UNKNOWN STEP	2025-09-22T11:28:36.1573669Z hint:
Java Distribution IT (ubuntu-latest, temurin, 17)	UNKNOWN STEP	2025-09-22T11:28:36.1574586Z hint: Names commonly chosen instead of 'master' are 'main', 'trunk' and
Java Distribution IT (ubuntu-latest, temurin, 17)	UNKNOWN STEP	2025-09-22T11:28:36.1576192Z hint: 'development'. The just-created branch can be renamed via this command:
Java Distribution IT (ubuntu-latest, temurin, 17)	UNKNOWN STEP	2025-09-22T11:28:36.1577637Z hint:
Java Distribution IT (ubuntu-latest, temurin, 17)	UNKNOWN STEP	2025-09-22T11:28:36.1578317Z hint: 	git branch -m <name>
Java Distribution IT (ubuntu-latest, temurin, 17)	UNKNOWN STEP	2025-09-22T11:28:36.1579100Z hint:
Java Distribution IT (ubuntu-latest, temurin, 17)	UNKNOWN STEP	2025-09-22T11:28:36.1580113Z hint: Disable this message with "git config set advice.defaultBranchName false"
Java Distribution IT (ubuntu-latest, temurin, 17)	UNKNOWN STEP	2025-09-22T11:28:36.1581794Z Initialized empty Git repository in /home/runner/work/keycloak/keycloak/.git/
Java Distribution IT (ubuntu-latest, temurin, 17)	UNKNOWN STEP	2025-09-22T11:28:36.1585621Z [command]/usr/bin/git remote add origin https://github.com/keycloak/keycloak
Java Distribution IT (ubuntu-latest, temurin, 17)	UNKNOWN STEP	2025-09-22T11:28:36.1624447Z ##[endgroup]
Java Distribution IT (ubuntu-latest, temurin, 17)	UNKNOWN STEP	2025-09-22T11:28:36.1625607Z ##[group]Disabling automatic garbage collection
Java Distribution IT (ubuntu-latest, temurin, 17)	UNKNOWN STEP	2025-09-22T11:28:36.1629023Z [command]/usr/bin/git config --local gc.auto 0
Java Distribution IT (ubuntu-latest, temurin, 17)	UNKNOWN STEP	2025-09-22T11:28:36.1658611Z ##[endgroup]
Java Distribution IT (ubuntu-latest, temurin, 17)	UNKNOWN STEP	2025-09-22T11:28:36.1659815Z ##[group]Setting up auth
Java Distribution IT (ubuntu-latest, temurin, 17)	UNKNOWN STEP	2025-09-22T11:28:36.1665803Z [command]/usr/bin/git config --local --name-only --get-regexp core\.sshCommand
Java Distribution IT (ubuntu-latest, temurin, 17)	UNKNOWN STEP	2025-09-22T11:28:36.1698205Z [command]/usr/bin/git submodule foreach --recursive sh -c "git config --local --name-only --get-regexp 'core\.sshCommand' && git config --local --unset-all 'core.sshCommand' || :"
Java Distribution IT (ubuntu-latest, temurin, 17)	UNKNOWN STEP	2025-09-22T11:28:36.2048129Z [command]/usr/bin/git config --local --name-only --get-regexp http\.https\:\/\/github\.com\/\.extraheader
Java Distribution IT (ubuntu-latest, temurin, 17)	UNKNOWN STEP	2025-09-22T11:28:36.2079474Z [command]/usr/bin/git submodule foreach --recursive sh -c "git config --local --name-only --get-regexp 'http\.https\:\/\/github\.com\/\.extraheader' && git config --local --unset-all 'http.https://github.com/.extraheader' || :"
Java Distribution IT (ubuntu-latest, temurin, 17)	UNKNOWN STEP	2025-09-22T11:28:36.2303990Z [command]/usr/bin/git config --local http.https://github.com/.extraheader AUTHORIZATION: basic ***
Java Distribution IT (ubuntu-latest, temurin, 17)	UNKNOWN STEP	2025-09-22T11:28:36.2340367Z ##[endgroup]
Java Distribution IT (ubuntu-latest, temurin, 17)	UNKNOWN STEP	2025-09-22T11:28:36.2341654Z ##[group]Fetching the repository
Java Distribution IT (ubuntu-latest, temurin, 17)	UNKNOWN STEP	2025-09-22T11:28:36.2350900Z [command]/usr/bin/git -c protocol.version=2 fetch --no-tags --prune --no-recurse-submodules --depth=1 origin +d57be09f1d7f94dd2d6aa445476e1303b2bddc8c:refs/remotes/origin/main
Java Distribution IT (ubuntu-latest, temurin, 17)	UNKNOWN STEP	2025-09-22T11:28:38.7054375Z From https://github.com/keycloak/keycloak
Java Distribution IT (ubuntu-latest, temurin, 17)	UNKNOWN STEP	2025-09-22T11:28:38.7055118Z  * [new ref]         d57be09f1d7f94dd2d6aa445476e1303b2bddc8c -> origin/main
Java Distribution IT (ubuntu-latest, temurin, 17)	UNKNOWN STEP	2025-09-22T11:28:38.7092428Z ##[endgroup]
Java Distribution IT (ubuntu-latest, temurin, 17)	UNKNOWN STEP	2025-09-22T11:28:38.7092964Z ##[group]Determining the checkout info
Java Distribution IT (ubuntu-latest, temurin, 17)	UNKNOWN STEP	2025-09-22T11:28:38.7095908Z ##[endgroup]
Java Distribution IT (ubuntu-latest, temurin, 17)	UNKNOWN STEP	2025-09-22T11:28:38.7102422Z [command]/usr/bin/git sparse-checkout disable
Java Distribution IT (ubuntu-latest, temurin, 17)	UNKNOWN STEP	2025-09-22T11:28:38.7145971Z [command]/usr/bin/git config --local --unset-all extensions.worktreeConfig
Java Distribution IT (ubuntu-latest, temurin, 17)	UNKNOWN STEP	2025-09-22T11:28:38.7174537Z ##[group]Checking out the ref
Java Distribution IT (ubuntu-latest, temurin, 17)	UNKNOWN STEP	2025-09-22T11:28:38.7179386Z [command]/usr/bin/git checkout --progress --force -B main refs/remotes/origin/main
Java Distribution IT (ubuntu-latest, temurin, 17)	UNKNOWN STEP	2025-09-22T11:28:39.5410628Z Switched to a new branch 'main'
Java Distribution IT (ubuntu-latest, temurin, 17)	UNKNOWN STEP	2025-09-22T11:28:39.5412026Z branch 'main' set up to track 'origin/main'.
Java Distribution IT (ubuntu-latest, temurin, 17)	UNKNOWN STEP	2025-09-22T11:28:39.5447752Z ##[endgroup]
Java Distribution IT (ubuntu-latest, temurin, 17)	UNKNOWN STEP	2025-09-22T11:28:39.5488600Z [command]/usr/bin/git log -1 --format=%H
Java Distribution IT (ubuntu-latest, temurin, 17)	UNKNOWN STEP	2025-09-22T11:28:39.5512020Z d57be09f1d7f94dd2d6aa445476e1303b2bddc8c
Java Distribution IT (ubuntu-latest, temurin, 17)	UNKNOWN STEP	2025-09-22T11:28:39.5775591Z Prepare all required actions
Java Distribution IT (ubuntu-latest, temurin, 17)	UNKNOWN STEP	2025-09-22T11:28:39.5776142Z Getting action download info
Java Distribution IT (ubuntu-latest, temurin, 17)	UNKNOWN STEP	2025-09-22T11:28:39.7801770Z Download action repository 'actions/download-artifact@d3f86a106a0bac45b974a628896c90dbdf5c8093' (SHA:d3f86a106a0bac45b974a628896c90dbdf5c8093)
Java Distribution IT (ubuntu-latest, temurin, 17)	UNKNOWN STEP	2025-09-22T11:28:40.3437203Z ##[group]Run ./.github/actions/integration-test-setup
Java Distribution IT (ubuntu-latest, temurin, 17)	UNKNOWN STEP	2025-09-22T11:28:40.3437540Z with:
Java Distribution IT (ubuntu-latest, temurin, 17)	UNKNOWN STEP	2025-09-22T11:28:40.3437713Z   jdk-dist: temurin
Java Distribution IT (ubuntu-latest, temurin, 17)	UNKNOWN STEP	2025-09-22T11:28:40.3437905Z   jdk-version: 17
Java Distribution IT (ubuntu-latest, temurin, 17)	UNKNOWN STEP	2025-09-22T11:28:40.3438076Z env:
Java Distribution IT (ubuntu-latest, temurin, 17)	UNKNOWN STEP	2025-09-22T11:28:40.3438340Z   MAVEN_ARGS: -B -nsu -Daether.connector.http.connectionMaxTtl=25
Java Distribution IT (ubuntu-latest, temurin, 17)	UNKNOWN STEP	2025-09-22T11:28:40.3438667Z   SUREFIRE_RERUN_FAILING_COUNT: 2
Java Distribution IT (ubuntu-latest, temurin, 17)	UNKNOWN STEP	2025-09-22T11:28:40.3438960Z   SUREFIRE_RETRY: -Dsurefire.rerunFailingTestsCount=2
Java Distribution IT (ubuntu-latest, temurin, 17)	UNKNOWN STEP	2025-09-22T11:28:40.3439493Z ##[endgroup]
Java Distribution IT (ubuntu-latest, temurin, 17)	UNKNOWN STEP	2025-09-22T11:28:40.3530174Z Prepare all required actions
Java Distribution IT (ubuntu-latest, temurin, 17)	UNKNOWN STEP	2025-09-22T11:28:40.3561263Z ##[group]Run ./.github/actions/update-hosts
Java Distribution IT (ubuntu-latest, temurin, 17)	UNKNOWN STEP	2025-09-22T11:28:40.3561543Z env:
Java Distribution IT (ubuntu-latest, temurin, 17)	UNKNOWN STEP	2025-09-22T11:28:40.3561879Z   MAVEN_ARGS: -B -nsu -Daether.connector.http.connectionMaxTtl=25
Java Distribution IT (ubuntu-latest, temurin, 17)	UNKNOWN STEP	2025-09-22T11:28:40.3562237Z   SUREFIRE_RERUN_FAILING_COUNT: 2
Java Distribution IT (ubuntu-latest, temurin, 17)	UNKNOWN STEP	2025-09-22T11:28:40.3562536Z   SUREFIRE_RETRY: -Dsurefire.rerunFailingTestsCount=2
Java Distribution IT (ubuntu-latest, temurin, 17)	UNKNOWN STEP	2025-09-22T11:28:40.3562813Z ##[endgroup]
Java Distribution IT (ubuntu-latest, temurin, 17)	UNKNOWN STEP	2025-09-22T11:28:40.3604147Z ##[group]Run printf "\n\n$(cat .github/actions/update-hosts/hosts)" | sudo tee -a /etc/hosts
Java Distribution IT (ubuntu-latest, temurin, 17)	UNKNOWN STEP	2025-09-22T11:28:40.3604834Z [36;1mprintf "\n\n$(cat .github/actions/update-hosts/hosts)" | sudo tee -a /etc/hosts[0m
Java Distribution IT (ubuntu-latest, temurin, 17)	UNKNOWN STEP	2025-09-22T11:28:40.3659870Z shell: /usr/bin/bash --noprofile --norc -e -o pipefail {0}
Java Distribution IT (ubuntu-latest, temurin, 17)	UNKNOWN STEP	2025-09-22T11:28:40.3660215Z env:
Java Distribution IT (ubuntu-latest, temurin, 17)	UNKNOWN STEP	2025-09-22T11:28:40.3660496Z   MAVEN_ARGS: -B -nsu -Daether.connector.http.connectionMaxTtl=25
Java Distribution IT (ubuntu-latest, temurin, 17)	UNKNOWN STEP	2025-09-22T11:28:40.3660828Z   SUREFIRE_RERUN_FAILING_COUNT: 2
Java Distribution IT (ubuntu-latest, temurin, 17)	UNKNOWN STEP	2025-09-22T11:28:40.3661134Z   SUREFIRE_RETRY: -Dsurefire.rerunFailingTestsCount=2
Java Distribution IT (ubuntu-latest, temurin, 17)	UNKNOWN STEP	2025-09-22T11:28:40.3661429Z ##[endgroup]
Java Distribution IT (ubuntu-latest, temurin, 17)	UNKNOWN STEP	2025-09-22T11:28:40.3802709Z 
Java Distribution IT (ubuntu-latest, temurin, 17)	UNKNOWN STEP	2025-09-22T11:28:40.3802754Z 
Java Distribution IT (ubuntu-latest, temurin, 17)	UNKNOWN STEP	2025-09-22T11:28:40.3814999Z 127.0.0.1 localtest.me admin.localtest.me localhost-myapp.localtest.me localhost-sso.localtest.me realmFrontend.localtest.me proxy.kc.localtest.me
Java Distribution IT (ubuntu-latest, temurin, 17)	UNKNOWN STEP	2025-09-22T11:28:40.3819711Z ::1 localtest.me admin.localtest.me localhost-myapp.localtest.me localhost-sso.localtest.me realmFrontend.localtest.me proxy.kc.localtest.me
Java Distribution IT (ubuntu-latest, temurin, 17)	UNKNOWN STEP	2025-09-22T11:28:40.3870075Z Prepare all required actions
Java Distribution IT (ubuntu-latest, temurin, 17)	UNKNOWN STEP	2025-09-22T11:28:40.3870375Z Getting action download info
Java Distribution IT (ubuntu-latest, temurin, 17)	UNKNOWN STEP	2025-09-22T11:28:40.5832172Z Download action repository 'actions/setup-java@c5195efecf7bdfc987ee8bae7a71cb8b11521c00' (SHA:c5195efecf7bdfc987ee8bae7a71cb8b11521c00)
Java Distribution IT (ubuntu-latest, temurin, 17)	UNKNOWN STEP	2025-09-22T11:28:41.4048481Z ##[group]Run ./.github/actions/java-setup
Java Distribution IT (ubuntu-latest, temurin, 17)	UNKNOWN STEP	2025-09-22T11:28:41.4048776Z with:
Java Distribution IT (ubuntu-latest, temurin, 17)	UNKNOWN STEP	2025-09-22T11:28:41.4048954Z   distribution: temurin
Java Distribution IT (ubuntu-latest, temurin, 17)	UNKNOWN STEP	2025-09-22T11:28:41.4049162Z   java-version: 17
Java Distribution IT (ubuntu-latest, temurin, 17)	UNKNOWN STEP	2025-09-22T11:28:41.4049350Z env:
Java Distribution IT (ubuntu-latest, temurin, 17)	UNKNOWN STEP	2025-09-22T11:28:41.4049612Z   MAVEN_ARGS: -B -nsu -Daether.connector.http.connectionMaxTtl=25
Java Distribution IT (ubuntu-latest, temurin, 17)	UNKNOWN STEP	2025-09-22T11:28:41.4049953Z   SUREFIRE_RERUN_FAILING_COUNT: 2
Java Distribution IT (ubuntu-latest, temurin, 17)	UNKNOWN STEP	2025-09-22T11:28:41.4050243Z   SUREFIRE_RETRY: -Dsurefire.rerunFailingTestsCount=2
Java Distribution IT (ubuntu-latest, temurin, 17)	UNKNOWN STEP	2025-09-22T11:28:41.4050523Z ##[endgroup]
Java Distribution IT (ubuntu-latest, temurin, 17)	UNKNOWN STEP	2025-09-22T11:28:41.4112030Z ##[group]Run actions/setup-java@c5195efecf7bdfc987ee8bae7a71cb8b11521c00
Java Distribution IT (ubuntu-latest, temurin, 17)	UNKNOWN STEP	2025-09-22T11:28:41.4112428Z with:
Java Distribution IT (ubuntu-latest, temurin, 17)	UNKNOWN STEP	2025-09-22T11:28:41.4112607Z   distribution: temurin
Java Distribution IT (ubuntu-latest, temurin, 17)	UNKNOWN STEP	2025-09-22T11:28:41.4112813Z   java-version: 17
Java Distribution IT (ubuntu-latest, temurin, 17)	UNKNOWN STEP	2025-09-22T11:28:41.4112995Z   java-package: jdk
Java Distribution IT (ubuntu-latest, temurin, 17)	UNKNOWN STEP	2025-09-22T11:28:41.4113208Z   check-latest: false
Java Distribution IT (ubuntu-latest, temurin, 17)	UNKNOWN STEP	2025-09-22T11:28:41.4113407Z   server-id: github
Java Distribution IT (ubuntu-latest, temurin, 17)	UNKNOWN STEP	2025-09-22T11:28:41.4113600Z   server-username: GITHUB_ACTOR
Java Distribution IT (ubuntu-latest, temurin, 17)	UNKNOWN STEP	2025-09-22T11:28:41.4113830Z   server-password: GITHUB_TOKEN
Java Distribution IT (ubuntu-latest, temurin, 17)	UNKNOWN STEP	2025-09-22T11:28:41.4114045Z   overwrite-settings: true
Java Distribution IT (ubuntu-latest, temurin, 17)	UNKNOWN STEP	2025-09-22T11:28:41.4114252Z   job-status: success
Java Distribution IT (ubuntu-latest, temurin, 17)	UNKNOWN STEP	2025-09-22T11:28:41.4114560Z   token: ***
Java Distribution IT (ubuntu-latest, temurin, 17)	UNKNOWN STEP	2025-09-22T11:28:41.4114740Z env:
Java Distribution IT (ubuntu-latest, temurin, 17)	UNKNOWN STEP	2025-09-22T11:28:41.4114986Z   MAVEN_ARGS: -B -nsu -Daether.connector.http.connectionMaxTtl=25
Java Distribution IT (ubuntu-latest, temurin, 17)	UNKNOWN STEP	2025-09-22T11:28:41.4115340Z   SUREFIRE_RERUN_FAILING_COUNT: 2
Java Distribution IT (ubuntu-latest, temurin, 17)	UNKNOWN STEP	2025-09-22T11:28:41.4115617Z   SUREFIRE_RETRY: -Dsurefire.rerunFailingTestsCount=2
Java Distribution IT (ubuntu-latest, temurin, 17)	UNKNOWN STEP	2025-09-22T11:28:41.4116113Z ##[endgroup]
Java Distribution IT (ubuntu-latest, temurin, 17)	UNKNOWN STEP	2025-09-22T11:28:41.6108063Z ##[group]Installed distributions
Java Distribution IT (ubuntu-latest, temurin, 17)	UNKNOWN STEP	2025-09-22T11:28:41.6427477Z Resolved Java 17.0.16+8 from tool-cache
Java Distribution IT (ubuntu-latest, temurin, 17)	UNKNOWN STEP	2025-09-22T11:28:41.6428075Z Setting Java 17.0.16+8 as the default
Java Distribution IT (ubuntu-latest, temurin, 17)	UNKNOWN STEP	2025-09-22T11:28:41.6442852Z Creating toolchains.xml for JDK version 17 from temurin
Java Distribution IT (ubuntu-latest, temurin, 17)	UNKNOWN STEP	2025-09-22T11:28:41.6522694Z Writing to /home/runner/.m2/toolchains.xml
Java Distribution IT (ubuntu-latest, temurin, 17)	UNKNOWN STEP	2025-09-22T11:28:41.6523549Z 
Java Distribution IT (ubuntu-latest, temurin, 17)	UNKNOWN STEP	2025-09-22T11:28:41.6523779Z Java configuration:
Java Distribution IT (ubuntu-latest, temurin, 17)	UNKNOWN STEP	2025-09-22T11:28:41.6524331Z   Distribution: temurin
Java Distribution IT (ubuntu-latest, temurin, 17)	UNKNOWN STEP	2025-09-22T11:28:41.6526393Z   Version: 17.0.16+8
Java Distribution IT (ubuntu-latest, temurin, 17)	UNKNOWN STEP	2025-09-22T11:28:41.6527275Z   Path: /opt/hostedtoolcache/Java_Temurin-Hotspot_jdk/17.0.16-8/x64
Java Distribution IT (ubuntu-latest, temurin, 17)	UNKNOWN STEP	2025-09-22T11:28:41.6527765Z 
Java Distribution IT (ubuntu-latest, temurin, 17)	UNKNOWN STEP	2025-09-22T11:28:41.6528349Z ##[endgroup]
Java Distribution IT (ubuntu-latest, temurin, 17)	UNKNOWN STEP	2025-09-22T11:28:41.6541428Z Creating settings.xml with server-id: github
Java Distribution IT (ubuntu-latest, temurin, 17)	UNKNOWN STEP	2025-09-22T11:28:41.6549471Z Writing to /home/runner/.m2/settings.xml
Java Distribution IT (ubuntu-latest, temurin, 17)	UNKNOWN STEP	2025-09-22T11:28:41.6685177Z Prepare all required actions
Java Distribution IT (ubuntu-latest, temurin, 17)	UNKNOWN STEP	2025-09-22T11:28:41.6685528Z Getting action download info
Java Distribution IT (ubuntu-latest, temurin, 17)	UNKNOWN STEP	2025-09-22T11:28:41.8619743Z Download action repository 'actions/cache@5a3ec84eff668545956fd18022155c47e93e2684' (SHA:5a3ec84eff668545956fd18022155c47e93e2684)
Java Distribution IT (ubuntu-latest, temurin, 17)	UNKNOWN STEP	2025-09-22T11:28:42.3793655Z ##[group]Run ./.github/actions/maven-cache
Java Distribution IT (ubuntu-latest, temurin, 17)	UNKNOWN STEP	2025-09-22T11:28:42.3793916Z with:
Java Distribution IT (ubuntu-latest, temurin, 17)	UNKNOWN STEP	2025-09-22T11:28:42.3794105Z   create-cache-if-it-doesnt-exist: false
Java Distribution IT (ubuntu-latest, temurin, 17)	UNKNOWN STEP	2025-09-22T11:28:42.3794338Z env:
Java Distribution IT (ubuntu-latest, temurin, 17)	UNKNOWN STEP	2025-09-22T11:28:42.3794580Z   MAVEN_ARGS: -B -nsu -Daether.connector.http.connectionMaxTtl=25
Java Distribution IT (ubuntu-latest, temurin, 17)	UNKNOWN STEP	2025-09-22T11:28:42.3794908Z   SUREFIRE_RERUN_FAILING_COUNT: 2
Java Distribution IT (ubuntu-latest, temurin, 17)	UNKNOWN STEP	2025-09-22T11:28:42.3795174Z   SUREFIRE_RETRY: -Dsurefire.rerunFailingTestsCount=2
Java Distribution IT (ubuntu-latest, temurin, 17)	UNKNOWN STEP	2025-09-22T11:28:42.3795548Z   JAVA_HOME: /opt/hostedtoolcache/Java_Temurin-Hotspot_jdk/17.0.16-8/x64
Java Distribution IT (ubuntu-latest, temurin, 17)	UNKNOWN STEP	2025-09-22T11:28:42.3795980Z   JAVA_HOME_17_X64: /opt/hostedtoolcache/Java_Temurin-Hotspot_jdk/17.0.16-8/x64
Java Distribution IT (ubuntu-latest, temurin, 17)	UNKNOWN STEP	2025-09-22T11:28:42.3796320Z ##[endgroup]
Java Distribution IT (ubuntu-latest, temurin, 17)	UNKNOWN STEP	2025-09-22T11:28:42.3811707Z ##[group]Run echo "key=mvn-`date -u "+%Y-%U"`" >> $GITHUB_OUTPUT
Java Distribution IT (ubuntu-latest, temurin, 17)	UNKNOWN STEP	2025-09-22T11:28:42.3812100Z [36;1mecho "key=mvn-`date -u "+%Y-%U"`" >> $GITHUB_OUTPUT[0m
Java Distribution IT (ubuntu-latest, temurin, 17)	UNKNOWN STEP	2025-09-22T11:28:42.3844037Z shell: /usr/bin/bash --noprofile --norc -e -o pipefail {0}
Java Distribution IT (ubuntu-latest, temurin, 17)	UNKNOWN STEP	2025-09-22T11:28:42.3844344Z env:
Java Distribution IT (ubuntu-latest, temurin, 17)	UNKNOWN STEP	2025-09-22T11:28:42.3844611Z   MAVEN_ARGS: -B -nsu -Daether.connector.http.connectionMaxTtl=25
Java Distribution IT (ubuntu-latest, temurin, 17)	UNKNOWN STEP	2025-09-22T11:28:42.3844943Z   SUREFIRE_RERUN_FAILING_COUNT: 2
Java Distribution IT (ubuntu-latest, temurin, 17)	UNKNOWN STEP	2025-09-22T11:28:42.3845219Z   SUREFIRE_RETRY: -Dsurefire.rerunFailingTestsCount=2
Java Distribution IT (ubuntu-latest, temurin, 17)	UNKNOWN STEP	2025-09-22T11:28:42.3845606Z   JAVA_HOME: /opt/hostedtoolcache/Java_Temurin-Hotspot_jdk/17.0.16-8/x64
Java Distribution IT (ubuntu-latest, temurin, 17)	UNKNOWN STEP	2025-09-22T11:28:42.3846047Z   JAVA_HOME_17_X64: /opt/hostedtoolcache/Java_Temurin-Hotspot_jdk/17.0.16-8/x64
Java Distribution IT (ubuntu-latest, temurin, 17)	UNKNOWN STEP	2025-09-22T11:28:42.3846392Z ##[endgroup]
Java Distribution IT (ubuntu-latest, temurin, 17)	UNKNOWN STEP	2025-09-22T11:28:42.3962987Z ##[group]Run actions/cache/restore@5a3ec84eff668545956fd18022155c47e93e2684
Java Distribution IT (ubuntu-latest, temurin, 17)	UNKNOWN STEP	2025-09-22T11:28:42.3963324Z with:
Java Distribution IT (ubuntu-latest, temurin, 17)	UNKNOWN STEP	2025-09-22T11:28:42.3963564Z   path: ~/.m2/repository/*/*
Java Distribution IT (ubuntu-latest, temurin, 17)	UNKNOWN STEP	!~/.m2/repository/org/keycloak
Java Distribution IT (ubuntu-latest, temurin, 17)	UNKNOWN STEP	
Java Distribution IT (ubuntu-latest, temurin, 17)	UNKNOWN STEP	2025-09-22T11:28:42.3963878Z   key: mvn-Linux-mvn-2025-38
Java Distribution IT (ubuntu-latest, temurin, 17)	UNKNOWN STEP	2025-09-22T11:28:42.3964106Z   restore-keys: mvn--mvn-2025-38
Java Distribution IT (ubuntu-latest, temurin, 17)	UNKNOWN STEP	
Java Distribution IT (ubuntu-latest, temurin, 17)	UNKNOWN STEP	2025-09-22T11:28:42.3964342Z   enableCrossOsArchive: true
Java Distribution IT (ubuntu-latest, temurin, 17)	UNKNOWN STEP	2025-09-22T11:28:42.3964560Z   fail-on-cache-miss: false
Java Distribution IT (ubuntu-latest, temurin, 17)	UNKNOWN STEP	2025-09-22T11:28:42.3964765Z   lookup-only: false
Java Distribution IT (ubuntu-latest, temurin, 17)	UNKNOWN STEP	2025-09-22T11:28:42.3964934Z env:
Java Distribution IT (ubuntu-latest, temurin, 17)	UNKNOWN STEP	2025-09-22T11:28:42.3965178Z   MAVEN_ARGS: -B -nsu -Daether.connector.http.connectionMaxTtl=25
Java Distribution IT (ubuntu-latest, temurin, 17)	UNKNOWN STEP	2025-09-22T11:28:42.3965495Z   SUREFIRE_RERUN_FAILING_COUNT: 2
Java Distribution IT (ubuntu-latest, temurin, 17)	UNKNOWN STEP	2025-09-22T11:28:42.3965764Z   SUREFIRE_RETRY: -Dsurefire.rerunFailingTestsCount=2
Java Distribution IT (ubuntu-latest, temurin, 17)	UNKNOWN STEP	2025-09-22T11:28:42.3966142Z   JAVA_HOME: /opt/hostedtoolcache/Java_Temurin-Hotspot_jdk/17.0.16-8/x64
Java Distribution IT (ubuntu-latest, temurin, 17)	UNKNOWN STEP	2025-09-22T11:28:42.3966798Z   JAVA_HOME_17_X64: /opt/hostedtoolcache/Java_Temurin-Hotspot_jdk/17.0.16-8/x64
Java Distribution IT (ubuntu-latest, temurin, 17)	UNKNOWN STEP	2025-09-22T11:28:42.3967140Z ##[endgroup]
Java Distribution IT (ubuntu-latest, temurin, 17)	UNKNOWN STEP	2025-09-22T11:28:42.8289070Z Cache hit for: mvn-Linux-mvn-2025-38
Java Distribution IT (ubuntu-latest, temurin, 17)	UNKNOWN STEP	2025-09-22T11:28:44.1596293Z Received 0 of 589078472 (0.0%), 0.0 MBs/sec
Java Distribution IT (ubuntu-latest, temurin, 17)	UNKNOWN STEP	2025-09-22T11:28:45.1648297Z Received 92274688 of 589078472 (15.7%), 43.9 MBs/sec
Java Distribution IT (ubuntu-latest, temurin, 17)	UNKNOWN STEP	2025-09-22T11:28:46.1646289Z Received 192937984 of 589078472 (32.8%), 61.2 MBs/sec
Java Distribution IT (ubuntu-latest, temurin, 17)	UNKNOWN STEP	2025-09-22T11:28:47.1643681Z Received 297795584 of 589078472 (50.6%), 70.9 MBs/sec
Java Distribution IT (ubuntu-latest, temurin, 17)	UNKNOWN STEP	2025-09-22T11:28:48.1645296Z Received 402653184 of 589078472 (68.4%), 76.7 MBs/sec
Java Distribution IT (ubuntu-latest, temurin, 17)	UNKNOWN STEP	2025-09-22T11:28:49.1649087Z Received 532676608 of 589078472 (90.4%), 84.6 MBs/sec
Java Distribution IT (ubuntu-latest, temurin, 17)	UNKNOWN STEP	2025-09-22T11:28:49.8194547Z Received 589078472 of 589078472 (100.0%), 84.3 MBs/sec
Java Distribution IT (ubuntu-latest, temurin, 17)	UNKNOWN STEP	2025-09-22T11:28:49.8197494Z Cache Size: ~562 MB (589078472 B)
Java Distribution IT (ubuntu-latest, temurin, 17)	UNKNOWN STEP	2025-09-22T11:28:49.8314526Z [command]/usr/bin/tar -xf /home/runner/work/_temp/6011997e-b8b9-42ac-b4aa-11cfa222516f/cache.tzst -P -C /home/runner/work/keycloak/keycloak --use-compress-program unzstd
Java Distribution IT (ubuntu-latest, temurin, 17)	UNKNOWN STEP	2025-09-22T11:28:51.4128599Z Cache restored successfully
Java Distribution IT (ubuntu-latest, temurin, 17)	UNKNOWN STEP	2025-09-22T11:28:51.5361889Z Cache restored from key: mvn-Linux-mvn-2025-38
Java Distribution IT (ubuntu-latest, temurin, 17)	UNKNOWN STEP	2025-09-22T11:28:51.5506894Z Prepare all required actions
Java Distribution IT (ubuntu-latest, temurin, 17)	UNKNOWN STEP	2025-09-22T11:28:51.5507213Z Getting action download info
Java Distribution IT (ubuntu-latest, temurin, 17)	UNKNOWN STEP	2025-09-22T11:28:51.7547536Z ##[group]Run ./.github/actions/node-cache
Java Distribution IT (ubuntu-latest, temurin, 17)	UNKNOWN STEP	2025-09-22T11:28:51.7547969Z env:
Java Distribution IT (ubuntu-latest, temurin, 17)	UNKNOWN STEP	2025-09-22T11:28:51.7548233Z   MAVEN_ARGS: -B -nsu -Daether.connector.http.connectionMaxTtl=25
Java Distribution IT (ubuntu-latest, temurin, 17)	UNKNOWN STEP	2025-09-22T11:28:51.7548566Z   SUREFIRE_RERUN_FAILING_COUNT: 2
Java Distribution IT (ubuntu-latest, temurin, 17)	UNKNOWN STEP	2025-09-22T11:28:51.7548858Z   SUREFIRE_RETRY: -Dsurefire.rerunFailingTestsCount=2
Java Distribution IT (ubuntu-latest, temurin, 17)	UNKNOWN STEP	2025-09-22T11:28:51.7549253Z   JAVA_HOME: /opt/hostedtoolcache/Java_Temurin-Hotspot_jdk/17.0.16-8/x64
Java Distribution IT (ubuntu-latest, temurin, 17)	UNKNOWN STEP	2025-09-22T11:28:51.7549688Z   JAVA_HOME_17_X64: /opt/hostedtoolcache/Java_Temurin-Hotspot_jdk/17.0.16-8/x64
Java Distribution IT (ubuntu-latest, temurin, 17)	UNKNOWN STEP	2025-09-22T11:28:51.7550021Z ##[endgroup]
Java Distribution IT (ubuntu-latest, temurin, 17)	UNKNOWN STEP	2025-09-22T11:28:51.7587131Z ##[group]Run echo "node=$(cat js/pom.xml | grep '<node.version>' | cut -d '>' -f 2 | cut -d '<' -f 1 | cut -c 2-)" >> $GITHUB_OUTPUT
Java Distribution IT (ubuntu-latest, temurin, 17)	UNKNOWN STEP	2025-09-22T11:28:51.7587826Z [36;1mecho "node=$(cat js/pom.xml | grep '<node.version>' | cut -d '>' -f 2 | cut -d '<' -f 1 | cut -c 2-)" >> $GITHUB_OUTPUT[0m
Java Distribution IT (ubuntu-latest, temurin, 17)	UNKNOWN STEP	2025-09-22T11:28:51.7588410Z [36;1mecho "pnpm=$(cat js/pom.xml | grep '<pnpm.version>' | cut -d '>' -f 2 | cut -d '<' -f 1 | cut -c 1-)" >> $GITHUB_OUTPUT[0m
Java Distribution IT (ubuntu-latest, temurin, 17)	UNKNOWN STEP	2025-09-22T11:28:51.7617964Z shell: /usr/bin/bash --noprofile --norc -e -o pipefail {0}
Java Distribution IT (ubuntu-latest, temurin, 17)	UNKNOWN STEP	2025-09-22T11:28:51.7618278Z env:
Java Distribution IT (ubuntu-latest, temurin, 17)	UNKNOWN STEP	2025-09-22T11:28:51.7618545Z   MAVEN_ARGS: -B -nsu -Daether.connector.http.connectionMaxTtl=25
Java Distribution IT (ubuntu-latest, temurin, 17)	UNKNOWN STEP	2025-09-22T11:28:51.7618881Z   SUREFIRE_RERUN_FAILING_COUNT: 2
Java Distribution IT (ubuntu-latest, temurin, 17)	UNKNOWN STEP	2025-09-22T11:28:51.7619163Z   SUREFIRE_RETRY: -Dsurefire.rerunFailingTestsCount=2
Java Distribution IT (ubuntu-latest, temurin, 17)	UNKNOWN STEP	2025-09-22T11:28:51.7619553Z   JAVA_HOME: /opt/hostedtoolcache/Java_Temurin-Hotspot_jdk/17.0.16-8/x64
Java Distribution IT (ubuntu-latest, temurin, 17)	UNKNOWN STEP	2025-09-22T11:28:51.7619994Z   JAVA_HOME_17_X64: /opt/hostedtoolcache/Java_Temurin-Hotspot_jdk/17.0.16-8/x64
Java Distribution IT (ubuntu-latest, temurin, 17)	UNKNOWN STEP	2025-09-22T11:28:51.7620328Z ##[endgroup]
Java Distribution IT (ubuntu-latest, temurin, 17)	UNKNOWN STEP	2025-09-22T11:28:51.7763981Z ##[group]Run actions/cache@5a3ec84eff668545956fd18022155c47e93e2684
Java Distribution IT (ubuntu-latest, temurin, 17)	UNKNOWN STEP	2025-09-22T11:28:51.7764310Z with:
Java Distribution IT (ubuntu-latest, temurin, 17)	UNKNOWN STEP	2025-09-22T11:28:51.7764658Z   path: ~/.m2/repository/com/github/eirslett/node
Java Distribution IT (ubuntu-latest, temurin, 17)	UNKNOWN STEP	~/.m2/repository/com/github/eirslett/pnpm
Java Distribution IT (ubuntu-latest, temurin, 17)	UNKNOWN STEP	
Java Distribution IT (ubuntu-latest, temurin, 17)	UNKNOWN STEP	2025-09-22T11:28:51.7765138Z   key: Linux-frontend-plugin-artifacts-22.18.0-10.14.0
Java Distribution IT (ubuntu-latest, temurin, 17)	UNKNOWN STEP	2025-09-22T11:28:51.7765440Z   enableCrossOsArchive: false
Java Distribution IT (ubuntu-latest, temurin, 17)	UNKNOWN STEP	2025-09-22T11:28:51.7765682Z   fail-on-cache-miss: false
Java Distribution IT (ubuntu-latest, temurin, 17)	UNKNOWN STEP	2025-09-22T11:28:51.7765895Z   lookup-only: false
Java Distribution IT (ubuntu-latest, temurin, 17)	UNKNOWN STEP	2025-09-22T11:28:51.7766085Z   save-always: false
Java Distribution IT (ubuntu-latest, temurin, 17)	UNKNOWN STEP	2025-09-22T11:28:51.7766254Z env:
Java Distribution IT (ubuntu-latest, temurin, 17)	UNKNOWN STEP	2025-09-22T11:28:51.7766898Z   MAVEN_ARGS: -B -nsu -Daether.connector.http.connectionMaxTtl=25
Java Distribution IT (ubuntu-latest, temurin, 17)	UNKNOWN STEP	2025-09-22T11:28:51.7767399Z   SUREFIRE_RERUN_FAILING_COUNT: 2
Java Distribution IT (ubuntu-latest, temurin, 17)	UNKNOWN STEP	2025-09-22T11:28:51.7767684Z   SUREFIRE_RETRY: -Dsurefire.rerunFailingTestsCount=2
Java Distribution IT (ubuntu-latest, temurin, 17)	UNKNOWN STEP	2025-09-22T11:28:51.7768066Z   JAVA_HOME: /opt/hostedtoolcache/Java_Temurin-Hotspot_jdk/17.0.16-8/x64
Java Distribution IT (ubuntu-latest, temurin, 17)	UNKNOWN STEP	2025-09-22T11:28:51.7768504Z   JAVA_HOME_17_X64: /opt/hostedtoolcache/Java_Temurin-Hotspot_jdk/17.0.16-8/x64
Java Distribution IT (ubuntu-latest, temurin, 17)	UNKNOWN STEP	2025-09-22T11:28:51.7768843Z ##[endgroup]
Java Distribution IT (ubuntu-latest, temurin, 17)	UNKNOWN STEP	2025-09-22T11:28:52.1778538Z Cache hit for: Linux-frontend-plugin-artifacts-22.18.0-10.14.0
Java Distribution IT (ubuntu-latest, temurin, 17)	UNKNOWN STEP	2025-09-22T11:28:53.4781642Z Received 4194304 of 89550697 (4.7%), 4.0 MBs/sec
Java Distribution IT (ubuntu-latest, temurin, 17)	UNKNOWN STEP	2025-09-22T11:28:54.3704910Z Received 89550697 of 89550697 (100.0%), 45.1 MBs/sec
Java Distribution IT (ubuntu-latest, temurin, 17)	UNKNOWN STEP	2025-09-22T11:28:54.3707997Z Cache Size: ~85 MB (89550697 B)
Java Distribution IT (ubuntu-latest, temurin, 17)	UNKNOWN STEP	2025-09-22T11:28:54.3807444Z [command]/usr/bin/tar -xf /home/runner/work/_temp/6ca8d9fe-6775-422c-bd9f-45934fcdca5e/cache.tzst -P -C /home/runner/work/keycloak/keycloak --use-compress-program unzstd
Java Distribution IT (ubuntu-latest, temurin, 17)	UNKNOWN STEP	2025-09-22T11:28:54.6230393Z Cache restored successfully
Java Distribution IT (ubuntu-latest, temurin, 17)	UNKNOWN STEP	2025-09-22T11:28:54.6494463Z Cache restored from key: Linux-frontend-plugin-artifacts-22.18.0-10.14.0
Java Distribution IT (ubuntu-latest, temurin, 17)	UNKNOWN STEP	2025-09-22T11:28:54.6618546Z Prepare all required actions
Java Distribution IT (ubuntu-latest, temurin, 17)	UNKNOWN STEP	2025-09-22T11:28:54.6618861Z Getting action download info
Java Distribution IT (ubuntu-latest, temurin, 17)	UNKNOWN STEP	2025-09-22T11:28:54.8605043Z ##[group]Run ./.github/actions/pnpm-store-cache
Java Distribution IT (ubuntu-latest, temurin, 17)	UNKNOWN STEP	2025-09-22T11:28:54.8605330Z env:
Java Distribution IT (ubuntu-latest, temurin, 17)	UNKNOWN STEP	2025-09-22T11:28:54.8605604Z   MAVEN_ARGS: -B -nsu -Daether.connector.http.connectionMaxTtl=25
Java Distribution IT (ubuntu-latest, temurin, 17)	UNKNOWN STEP	2025-09-22T11:28:54.8605945Z   SUREFIRE_RERUN_FAILING_COUNT: 2
Java Distribution IT (ubuntu-latest, temurin, 17)	UNKNOWN STEP	2025-09-22T11:28:54.8606268Z   SUREFIRE_RETRY: -Dsurefire.rerunFailingTestsCount=2
Java Distribution IT (ubuntu-latest, temurin, 17)	UNKNOWN STEP	2025-09-22T11:28:54.8606826Z   JAVA_HOME: /opt/hostedtoolcache/Java_Temurin-Hotspot_jdk/17.0.16-8/x64
Java Distribution IT (ubuntu-latest, temurin, 17)	UNKNOWN STEP	2025-09-22T11:28:54.8607286Z   JAVA_HOME_17_X64: /opt/hostedtoolcache/Java_Temurin-Hotspot_jdk/17.0.16-8/x64
Java Distribution IT (ubuntu-latest, temurin, 17)	UNKNOWN STEP	2025-09-22T11:28:54.8607800Z ##[endgroup]
Java Distribution IT (ubuntu-latest, temurin, 17)	UNKNOWN STEP	2025-09-22T11:28:54.8621598Z ##[group]Run echo "key=pnpm-store-`date -u "+%Y-%U"`" >> $GITHUB_OUTPUT
Java Distribution IT (ubuntu-latest, temurin, 17)	UNKNOWN STEP	2025-09-22T11:28:54.8622056Z [36;1mecho "key=pnpm-store-`date -u "+%Y-%U"`" >> $GITHUB_OUTPUT[0m
Java Distribution IT (ubuntu-latest, temurin, 17)	UNKNOWN STEP	2025-09-22T11:28:54.8652044Z shell: /usr/bin/bash --noprofile --norc -e -o pipefail {0}
Java Distribution IT (ubuntu-latest, temurin, 17)	UNKNOWN STEP	2025-09-22T11:28:54.8652363Z env:
Java Distribution IT (ubuntu-latest, temurin, 17)	UNKNOWN STEP	2025-09-22T11:28:54.8652641Z   MAVEN_ARGS: -B -nsu -Daether.connector.http.connectionMaxTtl=25
Java Distribution IT (ubuntu-latest, temurin, 17)	UNKNOWN STEP	2025-09-22T11:28:54.8652982Z   SUREFIRE_RERUN_FAILING_COUNT: 2
Java Distribution IT (ubuntu-latest, temurin, 17)	UNKNOWN STEP	2025-09-22T11:28:54.8653273Z   SUREFIRE_RETRY: -Dsurefire.rerunFailingTestsCount=2
Java Distribution IT (ubuntu-latest, temurin, 17)	UNKNOWN STEP	2025-09-22T11:28:54.8653670Z   JAVA_HOME: /opt/hostedtoolcache/Java_Temurin-Hotspot_jdk/17.0.16-8/x64
Java Distribution IT (ubuntu-latest, temurin, 17)	UNKNOWN STEP	2025-09-22T11:28:54.8654108Z   JAVA_HOME_17_X64: /opt/hostedtoolcache/Java_Temurin-Hotspot_jdk/17.0.16-8/x64
Java Distribution IT (ubuntu-latest, temurin, 17)	UNKNOWN STEP	2025-09-22T11:28:54.8654453Z ##[endgroup]
Java Distribution IT (ubuntu-latest, temurin, 17)	UNKNOWN STEP	2025-09-22T11:28:54.8754789Z ##[group]Run actions/cache@5a3ec84eff668545956fd18022155c47e93e2684
Java Distribution IT (ubuntu-latest, temurin, 17)	UNKNOWN STEP	2025-09-22T11:28:54.8755118Z with:
Java Distribution IT (ubuntu-latest, temurin, 17)	UNKNOWN STEP	2025-09-22T11:28:54.8755443Z   path: ~/.local/share/pnpm/store
Java Distribution IT (ubuntu-latest, temurin, 17)	UNKNOWN STEP	~/AppData/Local/pnpm/store
Java Distribution IT (ubuntu-latest, temurin, 17)	UNKNOWN STEP	~/Library/pnpm/store
Java Distribution IT (ubuntu-latest, temurin, 17)	UNKNOWN STEP	
Java Distribution IT (ubuntu-latest, temurin, 17)	UNKNOWN STEP	2025-09-22T11:28:54.8755859Z   key: Linux-pnpm-store-2025-38
Java Distribution IT (ubuntu-latest, temurin, 17)	UNKNOWN STEP	2025-09-22T11:28:54.8756116Z   enableCrossOsArchive: false
Java Distribution IT (ubuntu-latest, temurin, 17)	UNKNOWN STEP	2025-09-22T11:28:54.8756356Z   fail-on-cache-miss: false
Java Distribution IT (ubuntu-latest, temurin, 17)	UNKNOWN STEP	2025-09-22T11:28:54.8756791Z   lookup-only: false
Java Distribution IT (ubuntu-latest, temurin, 17)	UNKNOWN STEP	2025-09-22T11:28:54.8756998Z   save-always: false
Java Distribution IT (ubuntu-latest, temurin, 17)	UNKNOWN STEP	2025-09-22T11:28:54.8757182Z env:
Java Distribution IT (ubuntu-latest, temurin, 17)	UNKNOWN STEP	2025-09-22T11:28:54.8757437Z   MAVEN_ARGS: -B -nsu -Daether.connector.http.connectionMaxTtl=25
Java Distribution IT (ubuntu-latest, temurin, 17)	UNKNOWN STEP	2025-09-22T11:28:54.8757772Z   SUREFIRE_RERUN_FAILING_COUNT: 2
Java Distribution IT (ubuntu-latest, temurin, 17)	UNKNOWN STEP	2025-09-22T11:28:54.8758056Z   SUREFIRE_RETRY: -Dsurefire.rerunFailingTestsCount=2
Java Distribution IT (ubuntu-latest, temurin, 17)	UNKNOWN STEP	2025-09-22T11:28:54.8758450Z   JAVA_HOME: /opt/hostedtoolcache/Java_Temurin-Hotspot_jdk/17.0.16-8/x64
Java Distribution IT (ubuntu-latest, temurin, 17)	UNKNOWN STEP	2025-09-22T11:28:54.8758898Z   JAVA_HOME_17_X64: /opt/hostedtoolcache/Java_Temurin-Hotspot_jdk/17.0.16-8/x64
Java Distribution IT (ubuntu-latest, temurin, 17)	UNKNOWN STEP	2025-09-22T11:28:54.8759249Z ##[endgroup]
Java Distribution IT (ubuntu-latest, temurin, 17)	UNKNOWN STEP	2025-09-22T11:28:55.2961725Z Cache hit for: Linux-pnpm-store-2025-38
Java Distribution IT (ubuntu-latest, temurin, 17)	UNKNOWN STEP	2025-09-22T11:28:56.6170332Z Received 0 of 137814996 (0.0%), 0.0 MBs/sec
Java Distribution IT (ubuntu-latest, temurin, 17)	UNKNOWN STEP	2025-09-22T11:28:57.6187534Z Received 121634816 of 137814996 (88.3%), 58.0 MBs/sec
Java Distribution IT (ubuntu-latest, temurin, 17)	UNKNOWN STEP	2025-09-22T11:28:58.0375870Z Received 137814996 of 137814996 (100.0%), 54.3 MBs/sec
Java Distribution IT (ubuntu-latest, temurin, 17)	UNKNOWN STEP	2025-09-22T11:28:58.0378587Z Cache Size: ~131 MB (137814996 B)
Java Distribution IT (ubuntu-latest, temurin, 17)	UNKNOWN STEP	2025-09-22T11:28:58.0418694Z [command]/usr/bin/tar -xf /home/runner/work/_temp/e45d2ae3-9845-4c2e-8240-1ad2162fcfd1/cache.tzst -P -C /home/runner/work/keycloak/keycloak --use-compress-program unzstd
Java Distribution IT (ubuntu-latest, temurin, 17)	UNKNOWN STEP	2025-09-22T11:29:00.6073160Z Cache restored successfully
Java Distribution IT (ubuntu-latest, temurin, 17)	UNKNOWN STEP	2025-09-22T11:29:00.6431136Z Cache restored from key: Linux-pnpm-store-2025-38
Java Distribution IT (ubuntu-latest, temurin, 17)	UNKNOWN STEP	2025-09-22T11:29:00.6559788Z ##[group]Run actions/download-artifact@d3f86a106a0bac45b974a628896c90dbdf5c8093
Java Distribution IT (ubuntu-latest, temurin, 17)	UNKNOWN STEP	2025-09-22T11:29:00.6560182Z with:
Java Distribution IT (ubuntu-latest, temurin, 17)	UNKNOWN STEP	2025-09-22T11:29:00.6560372Z   name: m2-keycloak.tzts
Java Distribution IT (ubuntu-latest, temurin, 17)	UNKNOWN STEP	2025-09-22T11:29:00.6560598Z   merge-multiple: false
Java Distribution IT (ubuntu-latest, temurin, 17)	UNKNOWN STEP	2025-09-22T11:29:00.6560824Z   repository: keycloak/keycloak
Java Distribution IT (ubuntu-latest, temurin, 17)	UNKNOWN STEP	2025-09-22T11:29:00.6561055Z   run-id: 17913749148
Java Distribution IT (ubuntu-latest, temurin, 17)	UNKNOWN STEP	2025-09-22T11:29:00.6561246Z env:
Java Distribution IT (ubuntu-latest, temurin, 17)	UNKNOWN STEP	2025-09-22T11:29:00.6561514Z   MAVEN_ARGS: -B -nsu -Daether.connector.http.connectionMaxTtl=25
Java Distribution IT (ubuntu-latest, temurin, 17)	UNKNOWN STEP	2025-09-22T11:29:00.6561870Z   SUREFIRE_RERUN_FAILING_COUNT: 2
Java Distribution IT (ubuntu-latest, temurin, 17)	UNKNOWN STEP	2025-09-22T11:29:00.6562156Z   SUREFIRE_RETRY: -Dsurefire.rerunFailingTestsCount=2
Java Distribution IT (ubuntu-latest, temurin, 17)	UNKNOWN STEP	2025-09-22T11:29:00.6562753Z   JAVA_HOME: /opt/hostedtoolcache/Java_Temurin-Hotspot_jdk/17.0.16-8/x64
Java Distribution IT (ubuntu-latest, temurin, 17)	UNKNOWN STEP	2025-09-22T11:29:00.6563213Z   JAVA_HOME_17_X64: /opt/hostedtoolcache/Java_Temurin-Hotspot_jdk/17.0.16-8/x64
Java Distribution IT (ubuntu-latest, temurin, 17)	UNKNOWN STEP	2025-09-22T11:29:00.6563560Z ##[endgroup]
Java Distribution IT (ubuntu-latest, temurin, 17)	UNKNOWN STEP	2025-09-22T11:29:00.8513958Z Downloading single artifact
Java Distribution IT (ubuntu-latest, temurin, 17)	UNKNOWN STEP	2025-09-22T11:29:01.1378517Z Preparing to download the following artifacts:
Java Distribution IT (ubuntu-latest, temurin, 17)	UNKNOWN STEP	2025-09-22T11:29:01.1379677Z - m2-keycloak.tzts (ID: 4071298848, Size: 399536260, Expected Digest: sha256:f6f3032d0f7acc47e1ea48b542dc53223e226cd426b93531eb5924288f753f58)
Java Distribution IT (ubuntu-latest, temurin, 17)	UNKNOWN STEP	2025-09-22T11:29:01.3486272Z Redirecting to blob download url: https://productionresultssa4.blob.core.windows.net/actions-results/0e067324-afdf-4d96-850c-994795f26b9a/workflow-job-run-545eb1ee-5ecc-57d3-9215-0e5241e3d5b7/artifacts/edc4cfb0355d37e325eaae6eb235756b36f79720f66ece617babf28220e9d051.zip
Java Distribution IT (ubuntu-latest, temurin, 17)	UNKNOWN STEP	2025-09-22T11:29:01.3489061Z Starting download of artifact to: /home/runner/work/keycloak/keycloak
Java Distribution IT (ubuntu-latest, temurin, 17)	UNKNOWN STEP	2025-09-22T11:29:01.6718506Z (node:2139) [DEP0005] DeprecationWarning: Buffer() is deprecated due to security and usability issues. Please use the Buffer.alloc(), Buffer.allocUnsafe(), or Buffer.from() methods instead.
Java Distribution IT (ubuntu-latest, temurin, 17)	UNKNOWN STEP	2025-09-22T11:29:01.6720162Z (Use `node --trace-deprecation ...` to show where the warning was created)
Java Distribution IT (ubuntu-latest, temurin, 17)	UNKNOWN STEP	2025-09-22T11:29:18.3600637Z SHA256 digest of downloaded artifact is f6f3032d0f7acc47e1ea48b542dc53223e226cd426b93531eb5924288f753f58
Java Distribution IT (ubuntu-latest, temurin, 17)	UNKNOWN STEP	2025-09-22T11:29:18.3601621Z Artifact download completed successfully.
Java Distribution IT (ubuntu-latest, temurin, 17)	UNKNOWN STEP	2025-09-22T11:29:18.3602156Z Total of 1 artifact(s) downloaded
Java Distribution IT (ubuntu-latest, temurin, 17)	UNKNOWN STEP	2025-09-22T11:29:18.3610434Z Download artifact has finished successfully
Java Distribution IT (ubuntu-latest, temurin, 17)	UNKNOWN STEP	2025-09-22T11:29:18.3731419Z ##[group]Run if [ "$RUNNER_OS" == "Windows" ]; then
Java Distribution IT (ubuntu-latest, temurin, 17)	UNKNOWN STEP	2025-09-22T11:29:18.3731788Z [36;1mif [ "$RUNNER_OS" == "Windows" ]; then[0m
Java Distribution IT (ubuntu-latest, temurin, 17)	UNKNOWN STEP	2025-09-22T11:29:18.3732188Z [36;1m  # zstd binary might be missing in older versions, install only when necessary[0m
Java Distribution IT (ubuntu-latest, temurin, 17)	UNKNOWN STEP	2025-09-22T11:29:18.3732637Z [36;1m  which zstd > /dev/null || choco install zstandard[0m
Java Distribution IT (ubuntu-latest, temurin, 17)	UNKNOWN STEP	2025-09-22T11:29:18.3732937Z [36;1mfi[0m
Java Distribution IT (ubuntu-latest, temurin, 17)	UNKNOWN STEP	2025-09-22T11:29:18.3733245Z [36;1mtar -C ~/ --use-compress-program="zstd -d" -xf m2-keycloak.tzts[0m
Java Distribution IT (ubuntu-latest, temurin, 17)	UNKNOWN STEP	2025-09-22T11:29:18.3763898Z shell: /usr/bin/bash --noprofile --norc -e -o pipefail {0}
Java Distribution IT (ubuntu-latest, temurin, 17)	UNKNOWN STEP	2025-09-22T11:29:18.3764234Z env:
Java Distribution IT (ubuntu-latest, temurin, 17)	UNKNOWN STEP	2025-09-22T11:29:18.3764521Z   MAVEN_ARGS: -B -nsu -Daether.connector.http.connectionMaxTtl=25
Java Distribution IT (ubuntu-latest, temurin, 17)	UNKNOWN STEP	2025-09-22T11:29:18.3764869Z   SUREFIRE_RERUN_FAILING_COUNT: 2
Java Distribution IT (ubuntu-latest, temurin, 17)	UNKNOWN STEP	2025-09-22T11:29:18.3765167Z   SUREFIRE_RETRY: -Dsurefire.rerunFailingTestsCount=2
Java Distribution IT (ubuntu-latest, temurin, 17)	UNKNOWN STEP	2025-09-22T11:29:18.3765571Z   JAVA_HOME: /opt/hostedtoolcache/Java_Temurin-Hotspot_jdk/17.0.16-8/x64
Java Distribution IT (ubuntu-latest, temurin, 17)	UNKNOWN STEP	2025-09-22T11:29:18.3766047Z   JAVA_HOME_17_X64: /opt/hostedtoolcache/Java_Temurin-Hotspot_jdk/17.0.16-8/x64
Java Distribution IT (ubuntu-latest, temurin, 17)	UNKNOWN STEP	2025-09-22T11:29:18.3766411Z ##[endgroup]
Java Distribution IT (ubuntu-latest, temurin, 17)	UNKNOWN STEP	2025-09-22T11:29:18.9084845Z ##[group]Run ./mvnw install -e -pl testsuite/integration-arquillian/servers/auth-server/quarkus
Java Distribution IT (ubuntu-latest, temurin, 17)	UNKNOWN STEP	2025-09-22T11:29:18.9085793Z [36;1m./mvnw install -e -pl testsuite/integration-arquillian/servers/auth-server/quarkus[0m
Java Distribution IT (ubuntu-latest, temurin, 17)	UNKNOWN STEP	2025-09-22T11:29:18.9142642Z shell: /usr/bin/bash --noprofile --norc -e -o pipefail {0}
Java Distribution IT (ubuntu-latest, temurin, 17)	UNKNOWN STEP	2025-09-22T11:29:18.9142994Z env:
Java Distribution IT (ubuntu-latest, temurin, 17)	UNKNOWN STEP	2025-09-22T11:29:18.9143286Z   MAVEN_ARGS: -B -nsu -Daether.connector.http.connectionMaxTtl=25
Java Distribution IT (ubuntu-latest, temurin, 17)	UNKNOWN STEP	2025-09-22T11:29:18.9143641Z   SUREFIRE_RERUN_FAILING_COUNT: 2
Java Distribution IT (ubuntu-latest, temurin, 17)	UNKNOWN STEP	2025-09-22T11:29:18.9143946Z   SUREFIRE_RETRY: -Dsurefire.rerunFailingTestsCount=2
Java Distribution IT (ubuntu-latest, temurin, 17)	UNKNOWN STEP	2025-09-22T11:29:18.9144361Z   JAVA_HOME: /opt/hostedtoolcache/Java_Temurin-Hotspot_jdk/17.0.16-8/x64
Java Distribution IT (ubuntu-latest, temurin, 17)	UNKNOWN STEP	2025-09-22T11:29:18.9144835Z   JAVA_HOME_17_X64: /opt/hostedtoolcache/Java_Temurin-Hotspot_jdk/17.0.16-8/x64
Java Distribution IT (ubuntu-latest, temurin, 17)	UNKNOWN STEP	2025-09-22T11:29:18.9145195Z ##[endgroup]
Java Distribution IT (ubuntu-latest, temurin, 17)	UNKNOWN STEP	2025-09-22T11:29:19.0117466Z wget: Failed to fetch https://repo.maven.apache.org/maven2/org/apache/maven/apache-maven/3.9.8/apache-maven-3.9.8-bin.zip
Java Distribution IT (ubuntu-latest, temurin, 17)	UNKNOWN STEP	2025-09-22T11:29:19.0142868Z ##[error]Process completed with exit code 1.
Java Distribution IT (ubuntu-latest, temurin, 17)	UNKNOWN STEP	2025-09-22T11:29:19.0219074Z Post job cleanup.
Java Distribution IT (ubuntu-latest, temurin, 17)	UNKNOWN STEP	2025-09-22T11:29:19.0262018Z Post job cleanup.
Java Distribution IT (ubuntu-latest, temurin, 17)	UNKNOWN STEP	2025-09-22T11:29:19.2042798Z Post job cleanup.
Java Distribution IT (ubuntu-latest, temurin, 17)	UNKNOWN STEP	2025-09-22T11:29:19.2899425Z [command]/usr/bin/git version
Java Distribution IT (ubuntu-latest, temurin, 17)	UNKNOWN STEP	2025-09-22T11:29:19.2940801Z git version 2.51.0
Java Distribution IT (ubuntu-latest, temurin, 17)	UNKNOWN STEP	2025-09-22T11:29:19.2980573Z Temporarily overriding HOME='/home/runner/work/_temp/7c56904b-a147-40f9-8d4e-4fd30d166255' before making global git config changes
Java Distribution IT (ubuntu-latest, temurin, 17)	UNKNOWN STEP	2025-09-22T11:29:19.2981886Z Adding repository directory to the temporary git global config as a safe directory
Java Distribution IT (ubuntu-latest, temurin, 17)	UNKNOWN STEP	2025-09-22T11:29:19.2987410Z [command]/usr/bin/git config --global --add safe.directory /home/runner/work/keycloak/keycloak
Java Distribution IT (ubuntu-latest, temurin, 17)	UNKNOWN STEP	2025-09-22T11:29:19.3024724Z [command]/usr/bin/git config --local --name-only --get-regexp core\.sshCommand
Java Distribution IT (ubuntu-latest, temurin, 17)	UNKNOWN STEP	2025-09-22T11:29:19.3058899Z [command]/usr/bin/git submodule foreach --recursive sh -c "git config --local --name-only --get-regexp 'core\.sshCommand' && git config --local --unset-all 'core.sshCommand' || :"
Java Distribution IT (ubuntu-latest, temurin, 17)	UNKNOWN STEP	2025-09-22T11:29:19.3314356Z [command]/usr/bin/git config --local --name-only --get-regexp http\.https\:\/\/github\.com\/\.extraheader
Java Distribution IT (ubuntu-latest, temurin, 17)	UNKNOWN STEP	2025-09-22T11:29:19.3341748Z http.https://github.com/.extraheader
Java Distribution IT (ubuntu-latest, temurin, 17)	UNKNOWN STEP	2025-09-22T11:29:19.3352538Z [command]/usr/bin/git config --local --unset-all http.https://github.com/.extraheader
Java Distribution IT (ubuntu-latest, temurin, 17)	UNKNOWN STEP	2025-09-22T11:29:19.3389009Z [command]/usr/bin/git submodule foreach --recursive sh -c "git config --local --name-only --get-regexp 'http\.https\:\/\/github\.com\/\.extraheader' && git config --local --unset-all 'http.https://github.com/.extraheader' || :"
Java Distribution IT (ubuntu-latest, temurin, 17)	UNKNOWN STEP	2025-09-22T11:29:19.3753064Z Cleaning up orphan processes
Status Check - Keycloak CI	UNKNOWN STEP	ï»¿2025-09-22T12:43:02.6238218Z Current runner version: '2.328.0'
Status Check - Keycloak CI	UNKNOWN STEP	2025-09-22T12:43:02.6262065Z ##[group]Runner Image Provisioner
Status Check - Keycloak CI	UNKNOWN STEP	2025-09-22T12:43:02.6262969Z Hosted Compute Agent
Status Check - Keycloak CI	UNKNOWN STEP	2025-09-22T12:43:02.6263505Z Version: 20250829.383
Status Check - Keycloak CI	UNKNOWN STEP	2025-09-22T12:43:02.6264084Z Commit: 27cb235aab5b0e52e153a26cd86b4742e89dac5d
Status Check - Keycloak CI	UNKNOWN STEP	2025-09-22T12:43:02.6264814Z Build Date: 2025-08-29T13:48:48Z
Status Check - Keycloak CI	UNKNOWN STEP	2025-09-22T12:43:02.6265422Z ##[endgroup]
Status Check - Keycloak CI	UNKNOWN STEP	2025-09-22T12:43:02.6265950Z ##[group]Operating System
Status Check - Keycloak CI	UNKNOWN STEP	2025-09-22T12:43:02.6266765Z Ubuntu
Status Check - Keycloak CI	UNKNOWN STEP	2025-09-22T12:43:02.6267240Z 24.04.3
Status Check - Keycloak CI	UNKNOWN STEP	2025-09-22T12:43:02.6267716Z LTS
Status Check - Keycloak CI	UNKNOWN STEP	2025-09-22T12:43:02.6268186Z ##[endgroup]
Status Check - Keycloak CI	UNKNOWN STEP	2025-09-22T12:43:02.6268713Z ##[group]Runner Image
Status Check - Keycloak CI	UNKNOWN STEP	2025-09-22T12:43:02.6269287Z Image: ubuntu-24.04
Status Check - Keycloak CI	UNKNOWN STEP	2025-09-22T12:43:02.6269796Z Version: 20250907.24.1
Status Check - Keycloak CI	UNKNOWN STEP	2025-09-22T12:43:02.6270826Z Included Software: https://github.com/actions/runner-images/blob/ubuntu24/20250907.24/images/ubuntu/Ubuntu2404-Readme.md
Status Check - Keycloak CI	UNKNOWN STEP	2025-09-22T12:43:02.6272331Z Image Release: https://github.com/actions/runner-images/releases/tag/ubuntu24%2F20250907.24
Status Check - Keycloak CI	UNKNOWN STEP	2025-09-22T12:43:02.6273364Z ##[endgroup]
Status Check - Keycloak CI	UNKNOWN STEP	2025-09-22T12:43:02.6274344Z ##[group]GITHUB_TOKEN Permissions
Status Check - Keycloak CI	UNKNOWN STEP	2025-09-22T12:43:02.6276193Z Contents: read
Status Check - Keycloak CI	UNKNOWN STEP	2025-09-22T12:43:02.6277143Z Metadata: read
Status Check - Keycloak CI	UNKNOWN STEP	2025-09-22T12:43:02.6277622Z ##[endgroup]
Status Check - Keycloak CI	UNKNOWN STEP	2025-09-22T12:43:02.6279864Z Secret source: Actions
Status Check - Keycloak CI	UNKNOWN STEP	2025-09-22T12:43:02.6280659Z Prepare workflow directory
Status Check - Keycloak CI	UNKNOWN STEP	2025-09-22T12:43:02.6699094Z Prepare all required actions
Status Check - Keycloak CI	UNKNOWN STEP	2025-09-22T12:43:02.6737114Z Getting action download info
Status Check - Keycloak CI	UNKNOWN STEP	2025-09-22T12:43:02.9700320Z Download action repository 'actions/checkout@08c6903cd8c0fde910a37f88322edcfb5dd907a8' (SHA:08c6903cd8c0fde910a37f88322edcfb5dd907a8)
Status Check - Keycloak CI	UNKNOWN STEP	2025-09-22T12:43:03.1909269Z Complete job name: Status Check - Keycloak CI
Status Check - Keycloak CI	UNKNOWN STEP	2025-09-22T12:43:03.2700600Z ##[group]Run actions/checkout@08c6903cd8c0fde910a37f88322edcfb5dd907a8
Status Check - Keycloak CI	UNKNOWN STEP	2025-09-22T12:43:03.2701617Z with:
Status Check - Keycloak CI	UNKNOWN STEP	2025-09-22T12:43:03.2702024Z   repository: keycloak/keycloak
Status Check - Keycloak CI	UNKNOWN STEP	2025-09-22T12:43:03.2702658Z   token: ***
Status Check - Keycloak CI	UNKNOWN STEP	2025-09-22T12:43:03.2703051Z   ssh-strict: true
Status Check - Keycloak CI	UNKNOWN STEP	2025-09-22T12:43:03.2703445Z   ssh-user: git
Status Check - Keycloak CI	UNKNOWN STEP	2025-09-22T12:43:03.2703871Z   persist-credentials: true
Status Check - Keycloak CI	UNKNOWN STEP	2025-09-22T12:43:03.2704313Z   clean: true
Status Check - Keycloak CI	UNKNOWN STEP	2025-09-22T12:43:03.2704716Z   sparse-checkout-cone-mode: true
Status Check - Keycloak CI	UNKNOWN STEP	2025-09-22T12:43:03.2705189Z   fetch-depth: 1
Status Check - Keycloak CI	UNKNOWN STEP	2025-09-22T12:43:03.2705584Z   fetch-tags: false
Status Check - Keycloak CI	UNKNOWN STEP	2025-09-22T12:43:03.2705983Z   show-progress: true
Status Check - Keycloak CI	UNKNOWN STEP	2025-09-22T12:43:03.2706611Z   lfs: false
Status Check - Keycloak CI	UNKNOWN STEP	2025-09-22T12:43:03.2706995Z   submodules: false
Status Check - Keycloak CI	UNKNOWN STEP	2025-09-22T12:43:03.2707399Z   set-safe-directory: true
Status Check - Keycloak CI	UNKNOWN STEP	2025-09-22T12:43:03.2708205Z env:
Status Check - Keycloak CI	UNKNOWN STEP	2025-09-22T12:43:03.2708758Z   MAVEN_ARGS: -B -nsu -Daether.connector.http.connectionMaxTtl=25
Status Check - Keycloak CI	UNKNOWN STEP	2025-09-22T12:43:03.2709414Z   SUREFIRE_RERUN_FAILING_COUNT: 2
Status Check - Keycloak CI	UNKNOWN STEP	2025-09-22T12:43:03.2710011Z   SUREFIRE_RETRY: -Dsurefire.rerunFailingTestsCount=2
Status Check - Keycloak CI	UNKNOWN STEP	2025-09-22T12:43:03.2710579Z ##[endgroup]
Status Check - Keycloak CI	UNKNOWN STEP	2025-09-22T12:43:03.3660594Z Syncing repository: keycloak/keycloak
Status Check - Keycloak CI	UNKNOWN STEP	2025-09-22T12:43:03.3662431Z ##[group]Getting Git version info
Status Check - Keycloak CI	UNKNOWN STEP	2025-09-22T12:43:03.3663214Z Working directory is '/home/runner/work/keycloak/keycloak'
Status Check - Keycloak CI	UNKNOWN STEP	2025-09-22T12:43:03.3664135Z [command]/usr/bin/git version
Status Check - Keycloak CI	UNKNOWN STEP	2025-09-22T12:43:03.3741475Z git version 2.51.0
Status Check - Keycloak CI	UNKNOWN STEP	2025-09-22T12:43:03.3764144Z ##[endgroup]
Status Check - Keycloak CI	UNKNOWN STEP	2025-09-22T12:43:03.3779732Z Temporarily overriding HOME='/home/runner/work/_temp/061bec4a-07cf-486c-9b5b-b53697df927e' before making global git config changes
Status Check - Keycloak CI	UNKNOWN STEP	2025-09-22T12:43:03.3781870Z Adding repository directory to the temporary git global config as a safe directory
Status Check - Keycloak CI	UNKNOWN STEP	2025-09-22T12:43:03.3784914Z [command]/usr/bin/git config --global --add safe.directory /home/runner/work/keycloak/keycloak
Status Check - Keycloak CI	UNKNOWN STEP	2025-09-22T12:43:03.3827471Z Deleting the contents of '/home/runner/work/keycloak/keycloak'
Status Check - Keycloak CI	UNKNOWN STEP	2025-09-22T12:43:03.3831066Z ##[group]Initializing the repository
Status Check - Keycloak CI	UNKNOWN STEP	2025-09-22T12:43:03.3835739Z [command]/usr/bin/git init /home/runner/work/keycloak/keycloak
Status Check - Keycloak CI	UNKNOWN STEP	2025-09-22T12:43:03.3943870Z hint: Using 'master' as the name for the initial branch. This default branch name
Status Check - Keycloak CI	UNKNOWN STEP	2025-09-22T12:43:03.3945415Z hint: is subject to change. To configure the initial branch name to use in all
Status Check - Keycloak CI	UNKNOWN STEP	2025-09-22T12:43:03.3947094Z hint: of your new repositories, which will suppress this warning, call:
Status Check - Keycloak CI	UNKNOWN STEP	2025-09-22T12:43:03.3948350Z hint:
Status Check - Keycloak CI	UNKNOWN STEP	2025-09-22T12:43:03.3949273Z hint: 	git config --global init.defaultBranch <name>
Status Check - Keycloak CI	UNKNOWN STEP	2025-09-22T12:43:03.3950363Z hint:
Status Check - Keycloak CI	UNKNOWN STEP	2025-09-22T12:43:03.3951448Z hint: Names commonly chosen instead of 'master' are 'main', 'trunk' and
Status Check - Keycloak CI	UNKNOWN STEP	2025-09-22T12:43:03.3953129Z hint: 'development'. The just-created branch can be renamed via this command:
Status Check - Keycloak CI	UNKNOWN STEP	2025-09-22T12:43:03.3954440Z hint:
Status Check - Keycloak CI	UNKNOWN STEP	2025-09-22T12:43:03.3955162Z hint: 	git branch -m <name>
Status Check - Keycloak CI	UNKNOWN STEP	2025-09-22T12:43:03.3955903Z hint:
Status Check - Keycloak CI	UNKNOWN STEP	2025-09-22T12:43:03.3957406Z hint: Disable this message with "git config set advice.defaultBranchName false"
Status Check - Keycloak CI	UNKNOWN STEP	2025-09-22T12:43:03.3959103Z Initialized empty Git repository in /home/runner/work/keycloak/keycloak/.git/
Status Check - Keycloak CI	UNKNOWN STEP	2025-09-22T12:43:03.3961922Z [command]/usr/bin/git remote add origin https://github.com/keycloak/keycloak
Status Check - Keycloak CI	UNKNOWN STEP	2025-09-22T12:43:03.4001236Z ##[endgroup]
Status Check - Keycloak CI	UNKNOWN STEP	2025-09-22T12:43:03.4002420Z ##[group]Disabling automatic garbage collection
Status Check - Keycloak CI	UNKNOWN STEP	2025-09-22T12:43:03.4005827Z [command]/usr/bin/git config --local gc.auto 0
Status Check - Keycloak CI	UNKNOWN STEP	2025-09-22T12:43:03.4035134Z ##[endgroup]
Status Check - Keycloak CI	UNKNOWN STEP	2025-09-22T12:43:03.4036535Z ##[group]Setting up auth
Status Check - Keycloak CI	UNKNOWN STEP	2025-09-22T12:43:03.4042812Z [command]/usr/bin/git config --local --name-only --get-regexp core\.sshCommand
Status Check - Keycloak CI	UNKNOWN STEP	2025-09-22T12:43:03.4074415Z [command]/usr/bin/git submodule foreach --recursive sh -c "git config --local --name-only --get-regexp 'core\.sshCommand' && git config --local --unset-all 'core.sshCommand' || :"
Status Check - Keycloak CI	UNKNOWN STEP	2025-09-22T12:43:03.4388840Z [command]/usr/bin/git config --local --name-only --get-regexp http\.https\:\/\/github\.com\/\.extraheader
Status Check - Keycloak CI	UNKNOWN STEP	2025-09-22T12:43:03.4423237Z [command]/usr/bin/git submodule foreach --recursive sh -c "git config --local --name-only --get-regexp 'http\.https\:\/\/github\.com\/\.extraheader' && git config --local --unset-all 'http.https://github.com/.extraheader' || :"
Status Check - Keycloak CI	UNKNOWN STEP	2025-09-22T12:43:03.4648016Z [command]/usr/bin/git config --local http.https://github.com/.extraheader AUTHORIZATION: basic ***
Status Check - Keycloak CI	UNKNOWN STEP	2025-09-22T12:43:03.4683114Z ##[endgroup]
Status Check - Keycloak CI	UNKNOWN STEP	2025-09-22T12:43:03.4683914Z ##[group]Fetching the repository
Status Check - Keycloak CI	UNKNOWN STEP	2025-09-22T12:43:03.4692658Z [command]/usr/bin/git -c protocol.version=2 fetch --no-tags --prune --no-recurse-submodules --depth=1 origin +d57be09f1d7f94dd2d6aa445476e1303b2bddc8c:refs/remotes/origin/main
Status Check - Keycloak CI	UNKNOWN STEP	2025-09-22T12:43:06.7805759Z From https://github.com/keycloak/keycloak
Status Check - Keycloak CI	UNKNOWN STEP	2025-09-22T12:43:06.7807945Z  * [new ref]         d57be09f1d7f94dd2d6aa445476e1303b2bddc8c -> origin/main
Status Check - Keycloak CI	UNKNOWN STEP	2025-09-22T12:43:06.7944413Z ##[endgroup]
Status Check - Keycloak CI	UNKNOWN STEP	2025-09-22T12:43:06.7945909Z ##[group]Determining the checkout info
Status Check - Keycloak CI	UNKNOWN STEP	2025-09-22T12:43:06.7947727Z ##[endgroup]
Status Check - Keycloak CI	UNKNOWN STEP	2025-09-22T12:43:06.7952490Z [command]/usr/bin/git sparse-checkout disable
Status Check - Keycloak CI	UNKNOWN STEP	2025-09-22T12:43:06.8000534Z [command]/usr/bin/git config --local --unset-all extensions.worktreeConfig
Status Check - Keycloak CI	UNKNOWN STEP	2025-09-22T12:43:06.8031586Z ##[group]Checking out the ref
Status Check - Keycloak CI	UNKNOWN STEP	2025-09-22T12:43:06.8037037Z [command]/usr/bin/git checkout --progress --force -B main refs/remotes/origin/main
Status Check - Keycloak CI	UNKNOWN STEP	2025-09-22T12:43:07.6284255Z Switched to a new branch 'main'
Status Check - Keycloak CI	UNKNOWN STEP	2025-09-22T12:43:07.6285883Z branch 'main' set up to track 'origin/main'.
Status Check - Keycloak CI	UNKNOWN STEP	2025-09-22T12:43:07.6319922Z ##[endgroup]
Status Check - Keycloak CI	UNKNOWN STEP	2025-09-22T12:43:07.6362236Z [command]/usr/bin/git log -1 --format=%H
Status Check - Keycloak CI	UNKNOWN STEP	2025-09-22T12:43:07.6388483Z d57be09f1d7f94dd2d6aa445476e1303b2bddc8c
Status Check - Keycloak CI	UNKNOWN STEP	2025-09-22T12:43:07.6644447Z Prepare all required actions
Status Check - Keycloak CI	UNKNOWN STEP	2025-09-22T12:43:07.6732250Z ##[group]Run ./.github/actions/status-check
Status Check - Keycloak CI	UNKNOWN STEP	2025-09-22T12:43:07.6733243Z with:
Status Check - Keycloak CI	UNKNOWN STEP	2025-09-22T12:43:07.6739643Z   jobs: {
Status Check - Keycloak CI	UNKNOWN STEP	  "conditional": {
Status Check - Keycloak CI	UNKNOWN STEP	    "result": "success",
Status Check - Keycloak CI	UNKNOWN STEP	    "outputs": {
Status Check - Keycloak CI	UNKNOWN STEP	      "ci-sssd": "true",
Status Check - Keycloak CI	UNKNOWN STEP	      "ci-webauthn": "true",
Status Check - Keycloak CI	UNKNOWN STEP	      "ci-aurora": "true",
Status Check - Keycloak CI	UNKNOWN STEP	      "ci": "true",
Status Check - Keycloak CI	UNKNOWN STEP	      "ci-quarkus": "true",
Status Check - Keycloak CI	UNKNOWN STEP	      "ci-store": "true"
Status Check - Keycloak CI	UNKNOWN STEP	    }
Status Check - Keycloak CI	UNKNOWN STEP	  },
Status Check - Keycloak CI	UNKNOWN STEP	  "build": {
Status Check - Keycloak CI	UNKNOWN STEP	    "result": "success",
Status Check - Keycloak CI	UNKNOWN STEP	    "outputs": {}
Status Check - Keycloak CI	UNKNOWN STEP	  },
Status Check - Keycloak CI	UNKNOWN STEP	  "unit-tests": {
Status Check - Keycloak CI	UNKNOWN STEP	    "result": "success",
Status Check - Keycloak CI	UNKNOWN STEP	    "outputs": {}
Status Check - Keycloak CI	UNKNOWN STEP	  },
Status Check - Keycloak CI	UNKNOWN STEP	  "base-integration-tests": {
Status Check - Keycloak CI	UNKNOWN STEP	    "result": "failure",
Status Check - Keycloak CI	UNKNOWN STEP	    "outputs": {}
Status Check - Keycloak CI	UNKNOWN STEP	  },
Status Check - Keycloak CI	UNKNOWN STEP	  "adapter-integration-tests": {
Status Check - Keycloak CI	UNKNOWN STEP	    "result": "success",
Status Check - Keycloak CI	UNKNOWN STEP	    "outputs": {}
Status Check - Keycloak CI	UNKNOWN STEP	  },
Status Check - Keycloak CI	UNKNOWN STEP	  "adapter-integration-tests-strict-cookies": {
Status Check - Keycloak CI	UNKNOWN STEP	    "result": "success",
Status Check - Keycloak CI	UNKNOWN STEP	    "outputs": {}
Status Check - Keycloak CI	UNKNOWN STEP	  },
Status Check - Keycloak CI	UNKNOWN STEP	  "quarkus-unit-tests": {
Status Check - Keycloak CI	UNKNOWN STEP	    "result": "success",
Status Check - Keycloak CI	UNKNOWN STEP	    "outputs": {}
Status Check - Keycloak CI	UNKNOWN STEP	  },
Status Check - Keycloak CI	UNKNOWN STEP	  "quarkus-integration-tests": {
Status Check - Keycloak CI	UNKNOWN STEP	    "result": "success",
Status Check - Keycloak CI	UNKNOWN STEP	    "outputs": {}
Status Check - Keycloak CI	UNKNOWN STEP	  },
Status Check - Keycloak CI	UNKNOWN STEP	  "jdk-integration-tests": {
Status Check - Keycloak CI	UNKNOWN STEP	    "result": "failure",
Status Check - Keycloak CI	UNKNOWN STEP	    "outputs": {}
Status Check - Keycloak CI	UNKNOWN STEP	  },
Status Check - Keycloak CI	UNKNOWN STEP	  "store-integration-tests": {
Status Check - Keycloak CI	UNKNOWN STEP	    "result": "success",
Status Check - Keycloak CI	UNKNOWN STEP	    "outputs": {}
Status Check - Keycloak CI	UNKNOWN STEP	  },
Status Check - Keycloak CI	UNKNOWN STEP	  "volatile-sessions-tests": {
Status Check - Keycloak CI	UNKNOWN STEP	    "result": "success",
Status Check - Keycloak CI	UNKNOWN STEP	    "outputs": {}
Status Check - Keycloak CI	UNKNOWN STEP	  },
Status Check - Keycloak CI	UNKNOWN STEP	  "store-model-tests": {
Status Check - Keycloak CI	UNKNOWN STEP	    "result": "success",
Status Check - Keycloak CI	UNKNOWN STEP	    "outputs": {}
Status Check - Keycloak CI	UNKNOWN STEP	  },
Status Check - Keycloak CI	UNKNOWN STEP	  "clustering-integration-tests": {
Status Check - Keycloak CI	UNKNOWN STEP	    "result": "success",
Status Check - Keycloak CI	UNKNOWN STEP	    "outputs": {}
Status Check - Keycloak CI	UNKNOWN STEP	  },
Status Check - Keycloak CI	UNKNOWN STEP	  "fips-unit-tests": {
Status Check - Keycloak CI	UNKNOWN STEP	    "result": "success",
Status Check - Keycloak CI	UNKNOWN STEP	    "outputs": {}
Status Check - Keycloak CI	UNKNOWN STEP	  },
Status Check - Keycloak CI	UNKNOWN STEP	  "fips-integration-tests": {
Status Check - Keycloak CI	UNKNOWN STEP	    "result": "success",
Status Check - Keycloak CI	UNKNOWN STEP	    "outputs": {}
Status Check - Keycloak CI	UNKNOWN STEP	  },
Status Check - Keycloak CI	UNKNOWN STEP	  "forms-integration-tests": {
Status Check - Keycloak CI	UNKNOWN STEP	    "result": "success",
Status Check - Keycloak CI	UNKNOWN STEP	    "outputs": {}
Status Check - Keycloak CI	UNKNOWN STEP	  },
Status Check - Keycloak CI	UNKNOWN STEP	  "webauthn-integration-tests": {
Status Check - Keycloak CI	UNKNOWN STEP	    "result": "success",
Status Check - Keycloak CI	UNKNOWN STEP	    "outputs": {}
Status Check - Keycloak CI	UNKNOWN STEP	  },
Status Check - Keycloak CI	UNKNOWN STEP	  "sssd-unit-tests": {
Status Check - Keycloak CI	UNKNOWN STEP	    "result": "success",
Status Check - Keycloak CI	UNKNOWN STEP	    "outputs": {}
Status Check - Keycloak CI	UNKNOWN STEP	  },
Status Check - Keycloak CI	UNKNOWN STEP	  "migration-tests": {
Status Check - Keycloak CI	UNKNOWN STEP	    "result": "success",
Status Check - Keycloak CI	UNKNOWN STEP	    "outputs": {}
Status Check - Keycloak CI	UNKNOWN STEP	  },
Status Check - Keycloak CI	UNKNOWN STEP	  "external-infinispan-tests": {
Status Check - Keycloak CI	UNKNOWN STEP	    "result": "success",
Status Check - Keycloak CI	UNKNOWN STEP	    "outputs": {}
Status Check - Keycloak CI	UNKNOWN STEP	  },
Status Check - Keycloak CI	UNKNOWN STEP	  "test-framework": {
Status Check - Keycloak CI	UNKNOWN STEP	    "result": "success",
Status Check - Keycloak CI	UNKNOWN STEP	    "outputs": {}
Status Check - Keycloak CI	UNKNOWN STEP	  },
Status Check - Keycloak CI	UNKNOWN STEP	  "base-new-integration-tests": {
Status Check - Keycloak CI	UNKNOWN STEP	    "result": "success",
Status Check - Keycloak CI	UNKNOWN STEP	    "outputs": {}
Status Check - Keycloak CI	UNKNOWN STEP	  },
Status Check - Keycloak CI	UNKNOWN STEP	  "mixed-cluster-compatibility-tests": {
Status Check - Keycloak CI	UNKNOWN STEP	    "result": "skipped",
Status Check - Keycloak CI	UNKNOWN STEP	    "outputs": {}
Status Check - Keycloak CI	UNKNOWN STEP	  }
Status Check - Keycloak CI	UNKNOWN STEP	}
Status Check - Keycloak CI	UNKNOWN STEP	2025-09-22T12:43:07.6746595Z env:
Status Check - Keycloak CI	UNKNOWN STEP	2025-09-22T12:43:07.6747497Z   MAVEN_ARGS: -B -nsu -Daether.connector.http.connectionMaxTtl=25
Status Check - Keycloak CI	UNKNOWN STEP	2025-09-22T12:43:07.6748486Z   SUREFIRE_RERUN_FAILING_COUNT: 2
Status Check - Keycloak CI	UNKNOWN STEP	2025-09-22T12:43:07.6749410Z   SUREFIRE_RETRY: -Dsurefire.rerunFailingTestsCount=2
Status Check - Keycloak CI	UNKNOWN STEP	2025-09-22T12:43:07.6750327Z ##[endgroup]
Status Check - Keycloak CI	UNKNOWN STEP	2025-09-22T12:43:07.6865974Z ##[group]Run JOBS='{
Status Check - Keycloak CI	UNKNOWN STEP	2025-09-22T12:43:07.6867179Z [36;1mJOBS='{[0m
Status Check - Keycloak CI	UNKNOWN STEP	2025-09-22T12:43:07.6867959Z [36;1m  "conditional": {[0m
Status Check - Keycloak CI	UNKNOWN STEP	2025-09-22T12:43:07.6868792Z [36;1m    "result": "success",[0m
Status Check - Keycloak CI	UNKNOWN STEP	2025-09-22T12:43:07.6869626Z [36;1m    "outputs": {[0m
Status Check - Keycloak CI	UNKNOWN STEP	2025-09-22T12:43:07.6870440Z [36;1m      "ci-sssd": "true",[0m
Status Check - Keycloak CI	UNKNOWN STEP	2025-09-22T12:43:07.6871283Z [36;1m      "ci-webauthn": "true",[0m
Status Check - Keycloak CI	UNKNOWN STEP	2025-09-22T12:43:07.6872187Z [36;1m      "ci-aurora": "true",[0m
Status Check - Keycloak CI	UNKNOWN STEP	2025-09-22T12:43:07.6873014Z [36;1m      "ci": "true",[0m
Status Check - Keycloak CI	UNKNOWN STEP	2025-09-22T12:43:07.6873835Z [36;1m      "ci-quarkus": "true",[0m
Status Check - Keycloak CI	UNKNOWN STEP	2025-09-22T12:43:07.6874685Z [36;1m      "ci-store": "true"[0m
Status Check - Keycloak CI	UNKNOWN STEP	2025-09-22T12:43:07.6875497Z [36;1m    }[0m
Status Check - Keycloak CI	UNKNOWN STEP	2025-09-22T12:43:07.6876224Z [36;1m  },[0m
Status Check - Keycloak CI	UNKNOWN STEP	2025-09-22T12:43:07.6877091Z [36;1m  "build": {[0m
Status Check - Keycloak CI	UNKNOWN STEP	2025-09-22T12:43:07.6877863Z [36;1m    "result": "success",[0m
Status Check - Keycloak CI	UNKNOWN STEP	2025-09-22T12:43:07.6878678Z [36;1m    "outputs": {}[0m
Status Check - Keycloak CI	UNKNOWN STEP	2025-09-22T12:43:07.6879458Z [36;1m  },[0m
Status Check - Keycloak CI	UNKNOWN STEP	2025-09-22T12:43:07.6880206Z [36;1m  "unit-tests": {[0m
Status Check - Keycloak CI	UNKNOWN STEP	2025-09-22T12:43:07.6881002Z [36;1m    "result": "success",[0m
Status Check - Keycloak CI	UNKNOWN STEP	2025-09-22T12:43:07.6881800Z [36;1m    "outputs": {}[0m
Status Check - Keycloak CI	UNKNOWN STEP	2025-09-22T12:43:07.6882554Z [36;1m  },[0m
Status Check - Keycloak CI	UNKNOWN STEP	2025-09-22T12:43:07.6883300Z [36;1m  "base-integration-tests": {[0m
Status Check - Keycloak CI	UNKNOWN STEP	2025-09-22T12:43:07.6884106Z [36;1m    "result": "failure",[0m
Status Check - Keycloak CI	UNKNOWN STEP	2025-09-22T12:43:07.6884863Z [36;1m    "outputs": {}[0m
Status Check - Keycloak CI	UNKNOWN STEP	2025-09-22T12:43:07.6885595Z [36;1m  },[0m
Status Check - Keycloak CI	UNKNOWN STEP	2025-09-22T12:43:07.6886417Z [36;1m  "adapter-integration-tests": {[0m
Status Check - Keycloak CI	UNKNOWN STEP	2025-09-22T12:43:07.6887232Z [36;1m    "result": "success",[0m
Status Check - Keycloak CI	UNKNOWN STEP	2025-09-22T12:43:07.6888265Z [36;1m    "outputs": {}[0m
Status Check - Keycloak CI	UNKNOWN STEP	2025-09-22T12:43:07.6889010Z [36;1m  },[0m
Status Check - Keycloak CI	UNKNOWN STEP	2025-09-22T12:43:07.6889827Z [36;1m  "adapter-integration-tests-strict-cookies": {[0m
Status Check - Keycloak CI	UNKNOWN STEP	2025-09-22T12:43:07.6890692Z [36;1m    "result": "success",[0m
Status Check - Keycloak CI	UNKNOWN STEP	2025-09-22T12:43:07.6891454Z [36;1m    "outputs": {}[0m
Status Check - Keycloak CI	UNKNOWN STEP	2025-09-22T12:43:07.6892168Z [36;1m  },[0m
Status Check - Keycloak CI	UNKNOWN STEP	2025-09-22T12:43:07.6892886Z [36;1m  "quarkus-unit-tests": {[0m
Status Check - Keycloak CI	UNKNOWN STEP	2025-09-22T12:43:07.6893668Z [36;1m    "result": "success",[0m
Status Check - Keycloak CI	UNKNOWN STEP	2025-09-22T12:43:07.6894421Z [36;1m    "outputs": {}[0m
Status Check - Keycloak CI	UNKNOWN STEP	2025-09-22T12:43:07.6895128Z [36;1m  },[0m
Status Check - Keycloak CI	UNKNOWN STEP	2025-09-22T12:43:07.6895836Z [36;1m  "quarkus-integration-tests": {[0m
Status Check - Keycloak CI	UNKNOWN STEP	2025-09-22T12:43:07.6896793Z [36;1m    "result": "success",[0m
Status Check - Keycloak CI	UNKNOWN STEP	2025-09-22T12:43:07.6897547Z [36;1m    "outputs": {}[0m
Status Check - Keycloak CI	UNKNOWN STEP	2025-09-22T12:43:07.6898261Z [36;1m  },[0m
Status Check - Keycloak CI	UNKNOWN STEP	2025-09-22T12:43:07.6898952Z [36;1m  "jdk-integration-tests": {[0m
Status Check - Keycloak CI	UNKNOWN STEP	2025-09-22T12:43:07.6899909Z [36;1m    "result": "failure",[0m
Status Check - Keycloak CI	UNKNOWN STEP	2025-09-22T12:43:07.6900656Z [36;1m    "outputs": {}[0m
Status Check - Keycloak CI	UNKNOWN STEP	2025-09-22T12:43:07.6901368Z [36;1m  },[0m
Status Check - Keycloak CI	UNKNOWN STEP	2025-09-22T12:43:07.6902079Z [36;1m  "store-integration-tests": {[0m
Status Check - Keycloak CI	UNKNOWN STEP	2025-09-22T12:43:07.6902862Z [36;1m    "result": "success",[0m
Status Check - Keycloak CI	UNKNOWN STEP	2025-09-22T12:43:07.6903624Z [36;1m    "outputs": {}[0m
Status Check - Keycloak CI	UNKNOWN STEP	2025-09-22T12:43:07.6904363Z [36;1m  },[0m
Status Check - Keycloak CI	UNKNOWN STEP	2025-09-22T12:43:07.6905059Z [36;1m  "volatile-sessions-tests": {[0m
Status Check - Keycloak CI	UNKNOWN STEP	2025-09-22T12:43:07.6905851Z [36;1m    "result": "success",[0m
Status Check - Keycloak CI	UNKNOWN STEP	2025-09-22T12:43:07.6906789Z [36;1m    "outputs": {}[0m
Status Check - Keycloak CI	UNKNOWN STEP	2025-09-22T12:43:07.6907499Z [36;1m  },[0m
Status Check - Keycloak CI	UNKNOWN STEP	2025-09-22T12:43:07.6908177Z [36;1m  "store-model-tests": {[0m
Status Check - Keycloak CI	UNKNOWN STEP	2025-09-22T12:43:07.6908930Z [36;1m    "result": "success",[0m
Status Check - Keycloak CI	UNKNOWN STEP	2025-09-22T12:43:07.6909681Z [36;1m    "outputs": {}[0m
Status Check - Keycloak CI	UNKNOWN STEP	2025-09-22T12:43:07.6910385Z [36;1m  },[0m
Status Check - Keycloak CI	UNKNOWN STEP	2025-09-22T12:43:07.6911151Z [36;1m  "clustering-integration-tests": {[0m
Status Check - Keycloak CI	UNKNOWN STEP	2025-09-22T12:43:07.6911962Z [36;1m    "result": "success",[0m
Status Check - Keycloak CI	UNKNOWN STEP	2025-09-22T12:43:07.6912732Z [36;1m    "outputs": {}[0m
Status Check - Keycloak CI	UNKNOWN STEP	2025-09-22T12:43:07.6913434Z [36;1m  },[0m
Status Check - Keycloak CI	UNKNOWN STEP	2025-09-22T12:43:07.6914117Z [36;1m  "fips-unit-tests": {[0m
Status Check - Keycloak CI	UNKNOWN STEP	2025-09-22T12:43:07.6914875Z [36;1m    "result": "success",[0m
Status Check - Keycloak CI	UNKNOWN STEP	2025-09-22T12:43:07.6915628Z [36;1m    "outputs": {}[0m
Status Check - Keycloak CI	UNKNOWN STEP	2025-09-22T12:43:07.6916421Z [36;1m  },[0m
Status Check - Keycloak CI	UNKNOWN STEP	2025-09-22T12:43:07.6917125Z [36;1m  "fips-integration-tests": {[0m
Status Check - Keycloak CI	UNKNOWN STEP	2025-09-22T12:43:07.6917908Z [36;1m    "result": "success",[0m
Status Check - Keycloak CI	UNKNOWN STEP	2025-09-22T12:43:07.6918661Z [36;1m    "outputs": {}[0m
Status Check - Keycloak CI	UNKNOWN STEP	2025-09-22T12:43:07.6919365Z [36;1m  },[0m
Status Check - Keycloak CI	UNKNOWN STEP	2025-09-22T12:43:07.6920057Z [36;1m  "forms-integration-tests": {[0m
Status Check - Keycloak CI	UNKNOWN STEP	2025-09-22T12:43:07.6920845Z [36;1m    "result": "success",[0m
Status Check - Keycloak CI	UNKNOWN STEP	2025-09-22T12:43:07.6921588Z [36;1m    "outputs": {}[0m
Status Check - Keycloak CI	UNKNOWN STEP	2025-09-22T12:43:07.6922295Z [36;1m  },[0m
Status Check - Keycloak CI	UNKNOWN STEP	2025-09-22T12:43:07.6923000Z [36;1m  "webauthn-integration-tests": {[0m
Status Check - Keycloak CI	UNKNOWN STEP	2025-09-22T12:43:07.6923802Z [36;1m    "result": "success",[0m
Status Check - Keycloak CI	UNKNOWN STEP	2025-09-22T12:43:07.6924544Z [36;1m    "outputs": {}[0m
Status Check - Keycloak CI	UNKNOWN STEP	2025-09-22T12:43:07.6925259Z [36;1m  },[0m
Status Check - Keycloak CI	UNKNOWN STEP	2025-09-22T12:43:07.6925949Z [36;1m  "sssd-unit-tests": {[0m
Status Check - Keycloak CI	UNKNOWN STEP	2025-09-22T12:43:07.6926786Z [36;1m    "result": "success",[0m
Status Check - Keycloak CI	UNKNOWN STEP	2025-09-22T12:43:07.6927541Z [36;1m    "outputs": {}[0m
Status Check - Keycloak CI	UNKNOWN STEP	2025-09-22T12:43:07.6928238Z [36;1m  },[0m
Status Check - Keycloak CI	UNKNOWN STEP	2025-09-22T12:43:07.6928918Z [36;1m  "migration-tests": {[0m
Status Check - Keycloak CI	UNKNOWN STEP	2025-09-22T12:43:07.6929658Z [36;1m    "result": "success",[0m
Status Check - Keycloak CI	UNKNOWN STEP	2025-09-22T12:43:07.6930400Z [36;1m    "outputs": {}[0m
Status Check - Keycloak CI	UNKNOWN STEP	2025-09-22T12:43:07.6931093Z [36;1m  },[0m
Status Check - Keycloak CI	UNKNOWN STEP	2025-09-22T12:43:07.6931805Z [36;1m  "external-infinispan-tests": {[0m
Status Check - Keycloak CI	UNKNOWN STEP	2025-09-22T12:43:07.6932589Z [36;1m    "result": "success",[0m
Status Check - Keycloak CI	UNKNOWN STEP	2025-09-22T12:43:07.6933333Z [36;1m    "outputs": {}[0m
Status Check - Keycloak CI	UNKNOWN STEP	2025-09-22T12:43:07.6934027Z [36;1m  },[0m
Status Check - Keycloak CI	UNKNOWN STEP	2025-09-22T12:43:07.6934701Z [36;1m  "test-framework": {[0m
Status Check - Keycloak CI	UNKNOWN STEP	2025-09-22T12:43:07.6935442Z [36;1m    "result": "success",[0m
Status Check - Keycloak CI	UNKNOWN STEP	2025-09-22T12:43:07.6936187Z [36;1m    "outputs": {}[0m
Status Check - Keycloak CI	UNKNOWN STEP	2025-09-22T12:43:07.6937049Z [36;1m  },[0m
Status Check - Keycloak CI	UNKNOWN STEP	2025-09-22T12:43:07.6937758Z [36;1m  "base-new-integration-tests": {[0m
Status Check - Keycloak CI	UNKNOWN STEP	2025-09-22T12:43:07.6938553Z [36;1m    "result": "success",[0m
Status Check - Keycloak CI	UNKNOWN STEP	2025-09-22T12:43:07.6939290Z [36;1m    "outputs": {}[0m
Status Check - Keycloak CI	UNKNOWN STEP	2025-09-22T12:43:07.6939988Z [36;1m  },[0m
Status Check - Keycloak CI	UNKNOWN STEP	2025-09-22T12:43:07.6940881Z [36;1m  "mixed-cluster-compatibility-tests": {[0m
Status Check - Keycloak CI	UNKNOWN STEP	2025-09-22T12:43:07.6941716Z [36;1m    "result": "skipped",[0m
Status Check - Keycloak CI	UNKNOWN STEP	2025-09-22T12:43:07.6942461Z [36;1m    "outputs": {}[0m
Status Check - Keycloak CI	UNKNOWN STEP	2025-09-22T12:43:07.6943161Z [36;1m  }[0m
Status Check - Keycloak CI	UNKNOWN STEP	2025-09-22T12:43:07.6943810Z [36;1m}'[0m
Status Check - Keycloak CI	UNKNOWN STEP	2025-09-22T12:43:07.6944473Z [36;1m[0m
Status Check - Keycloak CI	UNKNOWN STEP	2025-09-22T12:43:07.6945140Z [36;1mecho "Job status:"[0m
Status Check - Keycloak CI	UNKNOWN STEP	2025-09-22T12:43:07.6945997Z [36;1mecho $JOBS | jq -r 'to_entries[] | " - \(.key): \(.value.result)"'[0m
Status Check - Keycloak CI	UNKNOWN STEP	2025-09-22T12:43:07.6947029Z [36;1m[0m
Status Check - Keycloak CI	UNKNOWN STEP	2025-09-22T12:43:07.6947827Z [36;1mfor i in $(echo $JOBS | jq -r 'to_entries[] | .value.result'); do[0m
Status Check - Keycloak CI	UNKNOWN STEP	2025-09-22T12:43:07.6948777Z [36;1m  if [ "$i" != "success" ] && [ "$i" != "skipped" ]; then[0m
Status Check - Keycloak CI	UNKNOWN STEP	2025-09-22T12:43:07.6949598Z [36;1m    echo ""[0m
Status Check - Keycloak CI	UNKNOWN STEP	2025-09-22T12:43:07.6950457Z [36;1m    echo "Status check not okay!"[0m
Status Check - Keycloak CI	UNKNOWN STEP	2025-09-22T12:43:07.6951237Z [36;1m    exit 1[0m
Status Check - Keycloak CI	UNKNOWN STEP	2025-09-22T12:43:07.6951906Z [36;1m  fi[0m
Status Check - Keycloak CI	UNKNOWN STEP	2025-09-22T12:43:07.6952557Z [36;1mdone[0m
Status Check - Keycloak CI	UNKNOWN STEP	2025-09-22T12:43:07.7010201Z shell: /usr/bin/bash --noprofile --norc -e -o pipefail {0}
Status Check - Keycloak CI	UNKNOWN STEP	2025-09-22T12:43:07.7011102Z env:
Status Check - Keycloak CI	UNKNOWN STEP	2025-09-22T12:43:07.7011925Z   MAVEN_ARGS: -B -nsu -Daether.connector.http.connectionMaxTtl=25
Status Check - Keycloak CI	UNKNOWN STEP	2025-09-22T12:43:07.7012867Z   SUREFIRE_RERUN_FAILING_COUNT: 2
Status Check - Keycloak CI	UNKNOWN STEP	2025-09-22T12:43:07.7013701Z   SUREFIRE_RETRY: -Dsurefire.rerunFailingTestsCount=2
Status Check - Keycloak CI	UNKNOWN STEP	2025-09-22T12:43:07.7014521Z ##[endgroup]
Status Check - Keycloak CI	UNKNOWN STEP	2025-09-22T12:43:07.7096866Z Job status:
Status Check - Keycloak CI	UNKNOWN STEP	2025-09-22T12:43:07.7142667Z  - conditional: success
Status Check - Keycloak CI	UNKNOWN STEP	2025-09-22T12:43:07.7143475Z  - build: success
Status Check - Keycloak CI	UNKNOWN STEP	2025-09-22T12:43:07.7144178Z  - unit-tests: success
Status Check - Keycloak CI	UNKNOWN STEP	2025-09-22T12:43:07.7144930Z  - base-integration-tests: failure
Status Check - Keycloak CI	UNKNOWN STEP	2025-09-22T12:43:07.7145723Z  - adapter-integration-tests: success
Status Check - Keycloak CI	UNKNOWN STEP	2025-09-22T12:43:07.7146835Z  - adapter-integration-tests-strict-cookies: success
Status Check - Keycloak CI	UNKNOWN STEP	2025-09-22T12:43:07.7147777Z  - quarkus-unit-tests: success
Status Check - Keycloak CI	UNKNOWN STEP	2025-09-22T12:43:07.7148544Z  - quarkus-integration-tests: success
Status Check - Keycloak CI	UNKNOWN STEP	2025-09-22T12:43:07.7149332Z  - jdk-integration-tests: failure
Status Check - Keycloak CI	UNKNOWN STEP	2025-09-22T12:43:07.7150571Z  - store-integration-tests: success
Status Check - Keycloak CI	UNKNOWN STEP	2025-09-22T12:43:07.7151869Z  - volatile-sessions-tests: success
Status Check - Keycloak CI	UNKNOWN STEP	2025-09-22T12:43:07.7152983Z  - store-model-tests: success
Status Check - Keycloak CI	UNKNOWN STEP	2025-09-22T12:43:07.7154249Z  - clustering-integration-tests: success
Status Check - Keycloak CI	UNKNOWN STEP	2025-09-22T12:43:07.7155721Z  - fips-unit-tests: success
Status Check - Keycloak CI	UNKNOWN STEP	2025-09-22T12:43:07.7157212Z  - fips-integration-tests: success
Status Check - Keycloak CI	UNKNOWN STEP	2025-09-22T12:43:07.7158621Z  - forms-integration-tests: success
Status Check - Keycloak CI	UNKNOWN STEP	2025-09-22T12:43:07.7160088Z  - webauthn-integration-tests: success
Status Check - Keycloak CI	UNKNOWN STEP	2025-09-22T12:43:07.7161542Z  - sssd-unit-tests: success
Status Check - Keycloak CI	UNKNOWN STEP	2025-09-22T12:43:07.7162893Z  - migration-tests: success
Status Check - Keycloak CI	UNKNOWN STEP	2025-09-22T12:43:07.7164230Z  - external-infinispan-tests: success
Status Check - Keycloak CI	UNKNOWN STEP	2025-09-22T12:43:07.7165556Z  - test-framework: success
Status Check - Keycloak CI	UNKNOWN STEP	2025-09-22T12:43:07.7167111Z  - base-new-integration-tests: success
Status Check - Keycloak CI	UNKNOWN STEP	2025-09-22T12:43:07.7168527Z  - mixed-cluster-compatibility-tests: skipped
Status Check - Keycloak CI	UNKNOWN STEP	2025-09-22T12:43:07.7184084Z 
Status Check - Keycloak CI	UNKNOWN STEP	2025-09-22T12:43:07.7184909Z Status check not okay!
Status Check - Keycloak CI	UNKNOWN STEP	2025-09-22T12:43:07.7200553Z ##[error]Process completed with exit code 1.
Status Check - Keycloak CI	UNKNOWN STEP	2025-09-22T12:43:07.7347353Z Post job cleanup.
Status Check - Keycloak CI	UNKNOWN STEP	2025-09-22T12:43:07.8155197Z [command]/usr/bin/git version
Status Check - Keycloak CI	UNKNOWN STEP	2025-09-22T12:43:07.8192581Z git version 2.51.0
Status Check - Keycloak CI	UNKNOWN STEP	2025-09-22T12:43:07.8230317Z Temporarily overriding HOME='/home/runner/work/_temp/9e2e066f-a750-428b-bee6-aac33357517e' before making global git config changes
Status Check - Keycloak CI	UNKNOWN STEP	2025-09-22T12:43:07.8231828Z Adding repository directory to the temporary git global config as a safe directory
Status Check - Keycloak CI	UNKNOWN STEP	2025-09-22T12:43:07.8235903Z [command]/usr/bin/git config --global --add safe.directory /home/runner/work/keycloak/keycloak
Status Check - Keycloak CI	UNKNOWN STEP	2025-09-22T12:43:07.8273095Z [command]/usr/bin/git config --local --name-only --get-regexp core\.sshCommand
Status Check - Keycloak CI	UNKNOWN STEP	2025-09-22T12:43:07.8308143Z [command]/usr/bin/git submodule foreach --recursive sh -c "git config --local --name-only --get-regexp 'core\.sshCommand' && git config --local --unset-all 'core.sshCommand' || :"
Status Check - Keycloak CI	UNKNOWN STEP	2025-09-22T12:43:07.8561742Z [command]/usr/bin/git config --local --name-only --get-regexp http\.https\:\/\/github\.com\/\.extraheader
Status Check - Keycloak CI	UNKNOWN STEP	2025-09-22T12:43:07.8586721Z http.https://github.com/.extraheader
Status Check - Keycloak CI	UNKNOWN STEP	2025-09-22T12:43:07.8598404Z [command]/usr/bin/git config --local --unset-all http.https://github.com/.extraheader
Status Check - Keycloak CI	UNKNOWN STEP	2025-09-22T12:43:07.8632605Z [command]/usr/bin/git submodule foreach --recursive sh -c "git config --local --name-only --get-regexp 'http\.https\:\/\/github\.com\/\.extraheader' && git config --local --unset-all 'http.https://github.com/.extraheader' || :"
Status Check - Keycloak CI	UNKNOWN STEP	2025-09-22T12:43:07.9001606Z Cleaning up orphan processes
