Admin UI E2E (2, chrome)	Run Cypress	2024-10-24T00:24:38.2368315Z ##[group]Run cypress-io/github-action@v6
Admin UI E2E (2, chrome)	Run Cypress	2024-10-24T00:24:38.2369293Z with:
Admin UI E2E (2, chrome)	Run Cypress	2024-10-24T00:24:38.2369654Z   install: false
Admin UI E2E (2, chrome)	Run Cypress	2024-10-24T00:24:38.2370067Z   browser: chrome
Admin UI E2E (2, chrome)	Run Cypress	2024-10-24T00:24:38.2370533Z   wait-on: http://localhost:8080
Admin UI E2E (2, chrome)	Run Cypress	2024-10-24T00:24:38.2371115Z   working-directory: js/apps/admin-ui
Admin UI E2E (2, chrome)	Run Cypress	2024-10-24T00:24:38.2371693Z   record: false
Admin UI E2E (2, chrome)	Run Cypress	2024-10-24T00:24:38.2372101Z   publish-summary: true
Admin UI E2E (2, chrome)	Run Cypress	2024-10-24T00:24:38.2372562Z   component: false
Admin UI E2E (2, chrome)	Run Cypress	2024-10-24T00:24:38.2372978Z env:
Admin UI E2E (2, chrome)	Run Cypress	2024-10-24T00:24:38.2373567Z   MAVEN_ARGS: -B -nsu -Daether.connector.http.connectionMaxTtl=25
Admin UI E2E (2, chrome)	Run Cypress	2024-10-24T00:24:38.2374372Z   WORKSPACE: keycloak-admin-ui
Admin UI E2E (2, chrome)	Run Cypress	2024-10-24T00:24:38.2375137Z   JAVA_HOME: /opt/hostedtoolcache/Java_Temurin-Hotspot_jdk/21.0.4-7/x64
Admin UI E2E (2, chrome)	Run Cypress	2024-10-24T00:24:38.2376245Z   JAVA_HOME_21_X64: /opt/hostedtoolcache/Java_Temurin-Hotspot_jdk/21.0.4-7/x64
Admin UI E2E (2, chrome)	Run Cypress	2024-10-24T00:24:38.2377074Z   SPLIT: 10
Admin UI E2E (2, chrome)	Run Cypress	2024-10-24T00:24:38.2377463Z   SPLIT_INDEX: 2
Admin UI E2E (2, chrome)	Run Cypress	2024-10-24T00:24:38.2377883Z   SPLIT_RANDOM_SEED: 6
Admin UI E2E (2, chrome)	Run Cypress	2024-10-24T00:24:38.2378302Z ##[endgroup]
Admin UI E2E (2, chrome)	Run Cypress	2024-10-24T00:24:38.5256320Z Skipping install because install parameter is false
Admin UI E2E (2, chrome)	Run Cypress	2024-10-24T00:24:38.5276754Z waiting on "http://localhost:8080" with timeout of 60 seconds
Admin UI E2E (2, chrome)	Run Cypress	2024-10-24T00:24:55.5165362Z It looks like this is your first time using Cypress: 13.15.0
Admin UI E2E (2, chrome)	Run Cypress	2024-10-24T00:24:55.5167599Z 
Admin UI E2E (2, chrome)	Run Cypress	2024-10-24T00:24:55.5191729Z [STARTED] Task without title.
Admin UI E2E (2, chrome)	Run Cypress	2024-10-24T00:24:57.0235296Z [SUCCESS] Task without title.
Admin UI E2E (2, chrome)	Run Cypress	2024-10-24T00:24:57.0239243Z 
Admin UI E2E (2, chrome)	Run Cypress	2024-10-24T00:24:57.0239603Z Opening Cypress...
Admin UI E2E (2, chrome)	Run Cypress	2024-10-24T00:24:57.6533918Z 
Admin UI E2E (2, chrome)	Run Cypress	2024-10-24T00:24:57.6538701Z DevTools listening on ws://127.0.0.1:33435/devtools/browser/b0e6bad9-76ec-4444-b246-5772e8253e0e
Admin UI E2E (2, chrome)	Run Cypress	2024-10-24T00:24:58.2785385Z (node:2602) ExperimentalWarning: `--experimental-loader` may be removed in the future; instead use `register()`:
Admin UI E2E (2, chrome)	Run Cypress	2024-10-24T00:24:58.2789266Z --import 'data:text/javascript,import { register } from "node:module"; import { pathToFileURL } from "node:url"; register("file%3A///home/runner/.cache/Cypress/13.15.0/Cypress/resources/app/node_modules/ts-node/esm/transpile-only.mjs", pathToFileURL("./"));'
Admin UI E2E (2, chrome)	Run Cypress	2024-10-24T00:24:58.2792167Z (Use `node --trace-warnings ...` to show where the warning was created)
Admin UI E2E (2, chrome)	Run Cypress	2024-10-24T00:24:58.9864766Z cypress-split: there are 37 found specs
Admin UI E2E (2, chrome)	Run Cypress	2024-10-24T00:24:58.9865777Z the first 5 specs
Admin UI E2E (2, chrome)	Run Cypress	2024-10-24T00:24:58.9867515Z - 1: /home/runner/work/keycloak/keycloak/js/apps/admin-ui/cypress/e2e/client_registration_policies.spec.ts
Admin UI E2E (2, chrome)	Run Cypress	2024-10-24T00:24:58.9870095Z - 2: /home/runner/work/keycloak/keycloak/js/apps/admin-ui/cypress/e2e/user_fed_kerberos_test.spec.ts
Admin UI E2E (2, chrome)	Run Cypress	2024-10-24T00:24:58.9872053Z - 3: /home/runner/work/keycloak/keycloak/js/apps/admin-ui/cypress/e2e/user_fed_ldap_test.spec.ts
Admin UI E2E (2, chrome)	Run Cypress	2024-10-24T00:24:58.9873529Z - 4: /home/runner/work/keycloak/keycloak/js/apps/admin-ui/cypress/e2e/sessions_test.spec.ts
Admin UI E2E (2, chrome)	Run Cypress	2024-10-24T00:24:58.9875272Z - 5: /home/runner/work/keycloak/keycloak/js/apps/admin-ui/cypress/e2e/events_test.spec.ts
Admin UI E2E (2, chrome)	Run Cypress	2024-10-24T00:24:58.9876360Z cypress-split: chunk 3 of 10
Admin UI E2E (2, chrome)	Run Cypress	2024-10-24T00:24:58.9885061Z k  spec                                                   
Admin UI E2E (2, chrome)	Run Cypress	2024-10-24T00:24:58.9886089Z -  -------------------------------------------------------
Admin UI E2E (2, chrome)	Run Cypress	2024-10-24T00:24:58.9886985Z 1  cypress/e2e/users_enable_disable.spec.ts               
Admin UI E2E (2, chrome)	Run Cypress	2024-10-24T00:24:58.9887920Z 2  cypress/e2e/clients_saml_test.spec.ts                  
Admin UI E2E (2, chrome)	Run Cypress	2024-10-24T00:24:58.9888812Z 3  cypress/e2e/users_test.spec.ts                         
Admin UI E2E (2, chrome)	Run Cypress	2024-10-24T00:24:58.9889673Z 4  cypress/e2e/user_fed_ldap_hardcoded_mapper_test.spec.ts
Admin UI E2E (2, chrome)	Run Cypress	2024-10-24T00:24:58.9889993Z 
Admin UI E2E (2, chrome)	Run Cypress	2024-10-24T00:24:59.8275068Z 
Admin UI E2E (2, chrome)	Run Cypress	2024-10-24T00:24:59.8594496Z [90m====================================================================================================[39m
Admin UI E2E (2, chrome)	Run Cypress	2024-10-24T00:24:59.8595236Z 
Admin UI E2E (2, chrome)	Run Cypress	2024-10-24T00:24:59.8595863Z [0m  ([4m[1mRun Starting[22m[24m)[0m
Admin UI E2E (2, chrome)	Run Cypress	2024-10-24T00:24:59.8596346Z 
Admin UI E2E (2, chrome)	Run Cypress	2024-10-24T00:24:59.8670561Z [90m  ┌[39m[90m─[39m[90m─[39m[90m─[39m[90m─[39m[90m─[39m[90m─[39m[90m─[39m[90m─[39m[90m─[39m[90m─[39m[90m─[39m[90m─[39m[90m─[39m[90m─[39m[90m─[39m[90m─[39m[90m─[39m[90m─[39m[90m─[39m[90m─[39m[90m─[39m[90m─[39m[90m─[39m[90m─[39m[90m─[39m[90m─[39m[90m─[39m[90m─[39m[90m─[39m[90m─[39m[90m─[39m[90m─[39m[90m─[39m[90m─[39m[90m─[39m[90m─[39m[90m─[39m[90m─[39m[90m─[39m[90m─[39m[90m─[39m[90m─[39m[90m─[39m[90m─[39m[90m─[39m[90m─[39m[90m─[39m[90m─[39m[90m─[39m[90m─[39m[90m─[39m[90m─[39m[90m─[39m[90m─[39m[90m─[39m[90m─[39m[90m─[39m[90m─[39m[90m─[39m[90m─[39m[90m─[39m[90m─[39m[90m─[39m[90m─[39m[90m─[39m[90m─[39m[90m─[39m[90m─[39m[90m─[39m[90m─[39m[90m─[39m[90m─[39m[90m─[39m[90m─[39m[90m─[39m[90m─[39m[90m─[39m[90m─[39m[90m─[39m[90m─[39m[90m─[39m[90m─[39m[90m─[39m[90m─[39m[90m─[39m[90m─[39m[90m─[39m[90m─[39m[90m─[39m[90m─[39m[90m─[39m[90m─[39m[90m─[39m[90m─[39m[90m─[39m[90m─[39m[90m┐[39m
Admin UI E2E (2, chrome)	Run Cypress	2024-10-24T00:24:59.8678982Z [90m  │[39m [90mCypress:[39m        13.15.0                                                                        [90m│[39m
Admin UI E2E (2, chrome)	Run Cypress	2024-10-24T00:24:59.8680949Z [90m  │[39m [90mBrowser:[39m        Chrome 130 [90m(headless)[39m                                                          [90m│[39m
Admin UI E2E (2, chrome)	Run Cypress	2024-10-24T00:24:59.8683465Z [90m  │[39m [90mNode Version:[39m   [0mv20.13.1 [90m(/home/runner/runners/2.320.0/externals/node20/bin/node)[39m[0m              [90m│[39m
Admin UI E2E (2, chrome)	Run Cypress	2024-10-24T00:24:59.8685858Z [90m  │[39m [90mSpecs:[39m          [0m4 found (users_enable_disable.spec.ts, clients_saml_test.spec.ts, users_test.s[0m [90m│[39m
Admin UI E2E (2, chrome)	Run Cypress	2024-10-24T00:24:59.8687958Z [90m  │[39m                 [0mpec.ts, user_fed_ldap_hardcoded_mapper_test.spec.ts)[0m                           [90m│[39m
Admin UI E2E (2, chrome)	Run Cypress	2024-10-24T00:24:59.8690184Z [90m  │[39m [90mSearched:[39m       [0mcypress/e2e/users_enable_disable.spec.ts, cypress/e2e/clients_saml_test.spec.t[0m [90m│[39m
Admin UI E2E (2, chrome)	Run Cypress	2024-10-24T00:24:59.8692381Z [90m  │[39m                 [0ms, cypress/e2e/users_test.spec.ts, cypress/e2e/user_fed_ldap_hardcoded_mapper_[0m [90m│[39m
Admin UI E2E (2, chrome)	Run Cypress	2024-10-24T00:24:59.8694323Z [90m  │[39m                 [0mtest.spec.ts[0m                                                                   [90m│[39m
Admin UI E2E (2, chrome)	Run Cypress	2024-10-24T00:24:59.8696270Z [90m  │[39m [90mExperiments:[39m    experimentalMemoryManagement=true                                              [90m│[39m
Admin UI E2E (2, chrome)	Run Cypress	2024-10-24T00:24:59.8705547Z [90m  └[39m[90m─[39m[90m─[39m[90m─[39m[90m─[39m[90m─[39m[90m─[39m[90m─[39m[90m─[39m[90m─[39m[90m─[39m[90m─[39m[90m─[39m[90m─[39m[90m─[39m[90m─[39m[90m─[39m[90m─[39m[90m─[39m[90m─[39m[90m─[39m[90m─[39m[90m─[39m[90m─[39m[90m─[39m[90m─[39m[90m─[39m[90m─[39m[90m─[39m[90m─[39m[90m─[39m[90m─[39m[90m─[39m[90m─[39m[90m─[39m[90m─[39m[90m─[39m[90m─[39m[90m─[39m[90m─[39m[90m─[39m[90m─[39m[90m─[39m[90m─[39m[90m─[39m[90m─[39m[90m─[39m[90m─[39m[90m─[39m[90m─[39m[90m─[39m[90m─[39m[90m─[39m[90m─[39m[90m─[39m[90m─[39m[90m─[39m[90m─[39m[90m─[39m[90m─[39m[90m─[39m[90m─[39m[90m─[39m[90m─[39m[90m─[39m[90m─[39m[90m─[39m[90m─[39m[90m─[39m[90m─[39m[90m─[39m[90m─[39m[90m─[39m[90m─[39m[90m─[39m[90m─[39m[90m─[39m[90m─[39m[90m─[39m[90m─[39m[90m─[39m[90m─[39m[90m─[39m[90m─[39m[90m─[39m[90m─[39m[90m─[39m[90m─[39m[90m─[39m[90m─[39m[90m─[39m[90m─[39m[90m─[39m[90m─[39m[90m─[39m[90m─[39m[90m─[39m[90m┘[39m
Admin UI E2E (2, chrome)	Run Cypress	2024-10-24T00:24:59.8711473Z 
Admin UI E2E (2, chrome)	Run Cypress	2024-10-24T00:24:59.8711501Z 
Admin UI E2E (2, chrome)	Run Cypress	2024-10-24T00:24:59.8720670Z [90m─[39m[90m─[39m[90m─[39m[90m─[39m[90m─[39m[90m─[39m[90m─[39m[90m─[39m[90m─[39m[90m─[39m[90m─[39m[90m─[39m[90m─[39m[90m─[39m[90m─[39m[90m─[39m[90m─[39m[90m─[39m[90m─[39m[90m─[39m[90m─[39m[90m─[39m[90m─[39m[90m─[39m[90m─[39m[90m─[39m[90m─[39m[90m─[39m[90m─[39m[90m─[39m[90m─[39m[90m─[39m[90m─[39m[90m─[39m[90m─[39m[90m─[39m[90m─[39m[90m─[39m[90m─[39m[90m─[39m[90m─[39m[90m─[39m[90m─[39m[90m─[39m[90m─[39m[90m─[39m[90m─[39m[90m─[39m[90m─[39m[90m─[39m[90m─[39m[90m─[39m[90m─[39m[90m─[39m[90m─[39m[90m─[39m[90m─[39m[90m─[39m[90m─[39m[90m─[39m[90m─[39m[90m─[39m[90m─[39m[90m─[39m[90m─[39m[90m─[39m[90m─[39m[90m─[39m[90m─[39m[90m─[39m[90m─[39m[90m─[39m[90m─[39m[90m─[39m[90m─[39m[90m─[39m[90m─[39m[90m─[39m[90m─[39m[90m─[39m[90m─[39m[90m─[39m[90m─[39m[90m─[39m[90m─[39m[90m─[39m[90m─[39m[90m─[39m[90m─[39m[90m─[39m[90m─[39m[90m─[39m[90m─[39m[90m─[39m[90m─[39m[90m─[39m[90m─[39m[90m─[39m[90m─[39m[90m─[39m
Admin UI E2E (2, chrome)	Run Cypress	2024-10-24T00:24:59.8727893Z                                                                                                     
Admin UI E2E (2, chrome)	Run Cypress	2024-10-24T00:24:59.8729342Z   Running:  [90musers_enable_disable.spec.ts[39m                                                    [90m(1 of 4)[39m
Admin UI E2E (2, chrome)	Run Cypress	2024-10-24T00:25:06.7927463Z 
Admin UI E2E (2, chrome)	Run Cypress	2024-10-24T00:25:06.7930305Z [0m[0m
Admin UI E2E (2, chrome)	Run Cypress	2024-10-24T00:25:06.7945221Z [0m  User enable/disable[0m
Admin UI E2E (2, chrome)	Run Cypress	2024-10-24T00:25:15.7559289Z   [32m  ✓[0m[90m disables a user[0m[90m (8960ms)[0m
Admin UI E2E (2, chrome)	Run Cypress	2024-10-24T00:25:20.3649601Z   [32m  ✓[0m[90m enables a user[0m[90m (4568ms)[0m
Admin UI E2E (2, chrome)	Run Cypress	2024-10-24T00:25:25.9340512Z   [32m  ✓[0m[90m ensures submitting doesn't reset the enabled state[0m[90m (5536ms)[0m
Admin UI E2E (2, chrome)	Run Cypress	2024-10-24T00:25:25.9347934Z 
Admin UI E2E (2, chrome)	Run Cypress	2024-10-24T00:25:25.9615620Z 
Admin UI E2E (2, chrome)	Run Cypress	2024-10-24T00:25:25.9616703Z [92m [0m[32m 3 passing[0m[90m (19s)[0m
Admin UI E2E (2, chrome)	Run Cypress	2024-10-24T00:25:25.9617208Z 
Admin UI E2E (2, chrome)	Run Cypress	2024-10-24T00:25:26.9886160Z 
Admin UI E2E (2, chrome)	Run Cypress	2024-10-24T00:25:26.9887346Z [32m  ([4m[1mResults[22m[24m)[39m
Admin UI E2E (2, chrome)	Run Cypress	2024-10-24T00:25:26.9890095Z 
Admin UI E2E (2, chrome)	Run Cypress	2024-10-24T00:25:26.9906655Z [90m  ┌[39m[90m─[39m[90m─[39m[90m─[39m[90m─[39m[90m─[39m[90m─[39m[90m─[39m[90m─[39m[90m─[39m[90m─[39m[90m─[39m[90m─[39m[90m─[39m[90m─[39m[90m─[39m[90m─[39m[90m─[39m[90m─[39m[90m─[39m[90m─[39m[90m─[39m[90m─[39m[90m─[39m[90m─[39m[90m─[39m[90m─[39m[90m─[39m[90m─[39m[90m─[39m[90m─[39m[90m─[39m[90m─[39m[90m─[39m[90m─[39m[90m─[39m[90m─[39m[90m─[39m[90m─[39m[90m─[39m[90m─[39m[90m─[39m[90m─[39m[90m─[39m[90m─[39m[90m─[39m[90m─[39m[90m─[39m[90m─[39m[90m─[39m[90m─[39m[90m─[39m[90m─[39m[90m─[39m[90m─[39m[90m─[39m[90m─[39m[90m─[39m[90m─[39m[90m─[39m[90m─[39m[90m─[39m[90m─[39m[90m─[39m[90m─[39m[90m─[39m[90m─[39m[90m─[39m[90m─[39m[90m─[39m[90m─[39m[90m─[39m[90m─[39m[90m─[39m[90m─[39m[90m─[39m[90m─[39m[90m─[39m[90m─[39m[90m─[39m[90m─[39m[90m─[39m[90m─[39m[90m─[39m[90m─[39m[90m─[39m[90m─[39m[90m─[39m[90m─[39m[90m─[39m[90m─[39m[90m─[39m[90m─[39m[90m─[39m[90m─[39m[90m─[39m[90m─[39m[90m┐[39m
Admin UI E2E (2, chrome)	Run Cypress	2024-10-24T00:25:26.9911006Z [90m  │[39m [90mTests:[39m        [32m3[39m                                                                                [90m│[39m
Admin UI E2E (2, chrome)	Run Cypress	2024-10-24T00:25:26.9912538Z [90m  │[39m [90mPassing:[39m      [32m3[39m                                                                                [90m│[39m
Admin UI E2E (2, chrome)	Run Cypress	2024-10-24T00:25:26.9913695Z [90m  │[39m [90mFailing:[39m      [32m0[39m                                                                                [90m│[39m
Admin UI E2E (2, chrome)	Run Cypress	2024-10-24T00:25:26.9914726Z [90m  │[39m [90mPending:[39m      [32m0[39m                                                                                [90m│[39m
Admin UI E2E (2, chrome)	Run Cypress	2024-10-24T00:25:26.9915708Z [90m  │[39m [90mSkipped:[39m      [32m0[39m                                                                                [90m│[39m
Admin UI E2E (2, chrome)	Run Cypress	2024-10-24T00:25:26.9917114Z [90m  │[39m [90mScreenshots:[39m  [32m0[39m                                                                                [90m│[39m
Admin UI E2E (2, chrome)	Run Cypress	2024-10-24T00:25:26.9918906Z [90m  │[39m [90mVideo:[39m        [32mfalse[39m                                                                            [90m│[39m
Admin UI E2E (2, chrome)	Run Cypress	2024-10-24T00:25:26.9920351Z [90m  │[39m [90mDuration:[39m     [32m19 seconds[39m                                                                       [90m│[39m
Admin UI E2E (2, chrome)	Run Cypress	2024-10-24T00:25:26.9922593Z [90m  │[39m [90mSpec Ran:[39m     [32m[32musers_enable_disable.spec.ts[32m[39m                                                     [90m│[39m
Admin UI E2E (2, chrome)	Run Cypress	2024-10-24T00:25:26.9932070Z [90m  └[39m[90m─[39m[90m─[39m[90m─[39m[90m─[39m[90m─[39m[90m─[39m[90m─[39m[90m─[39m[90m─[39m[90m─[39m[90m─[39m[90m─[39m[90m─[39m[90m─[39m[90m─[39m[90m─[39m[90m─[39m[90m─[39m[90m─[39m[90m─[39m[90m─[39m[90m─[39m[90m─[39m[90m─[39m[90m─[39m[90m─[39m[90m─[39m[90m─[39m[90m─[39m[90m─[39m[90m─[39m[90m─[39m[90m─[39m[90m─[39m[90m─[39m[90m─[39m[90m─[39m[90m─[39m[90m─[39m[90m─[39m[90m─[39m[90m─[39m[90m─[39m[90m─[39m[90m─[39m[90m─[39m[90m─[39m[90m─[39m[90m─[39m[90m─[39m[90m─[39m[90m─[39m[90m─[39m[90m─[39m[90m─[39m[90m─[39m[90m─[39m[90m─[39m[90m─[39m[90m─[39m[90m─[39m[90m─[39m[90m─[39m[90m─[39m[90m─[39m[90m─[39m[90m─[39m[90m─[39m[90m─[39m[90m─[39m[90m─[39m[90m─[39m[90m─[39m[90m─[39m[90m─[39m[90m─[39m[90m─[39m[90m─[39m[90m─[39m[90m─[39m[90m─[39m[90m─[39m[90m─[39m[90m─[39m[90m─[39m[90m─[39m[90m─[39m[90m─[39m[90m─[39m[90m─[39m[90m─[39m[90m─[39m[90m─[39m[90m─[39m[90m─[39m[90m─[39m[90m┘[39m
Admin UI E2E (2, chrome)	Run Cypress	2024-10-24T00:25:26.9937794Z 
Admin UI E2E (2, chrome)	Run Cypress	2024-10-24T00:25:27.0325371Z 
Admin UI E2E (2, chrome)	Run Cypress	2024-10-24T00:25:27.0335015Z [90m─[39m[90m─[39m[90m─[39m[90m─[39m[90m─[39m[90m─[39m[90m─[39m[90m─[39m[90m─[39m[90m─[39m[90m─[39m[90m─[39m[90m─[39m[90m─[39m[90m─[39m[90m─[39m[90m─[39m[90m─[39m[90m─[39m[90m─[39m[90m─[39m[90m─[39m[90m─[39m[90m─[39m[90m─[39m[90m─[39m[90m─[39m[90m─[39m[90m─[39m[90m─[39m[90m─[39m[90m─[39m[90m─[39m[90m─[39m[90m─[39m[90m─[39m[90m─[39m[90m─[39m[90m─[39m[90m─[39m[90m─[39m[90m─[39m[90m─[39m[90m─[39m[90m─[39m[90m─[39m[90m─[39m[90m─[39m[90m─[39m[90m─[39m[90m─[39m[90m─[39m[90m─[39m[90m─[39m[90m─[39m[90m─[39m[90m─[39m[90m─[39m[90m─[39m[90m─[39m[90m─[39m[90m─[39m[90m─[39m[90m─[39m[90m─[39m[90m─[39m[90m─[39m[90m─[39m[90m─[39m[90m─[39m[90m─[39m[90m─[39m[90m─[39m[90m─[39m[90m─[39m[90m─[39m[90m─[39m[90m─[39m[90m─[39m[90m─[39m[90m─[39m[90m─[39m[90m─[39m[90m─[39m[90m─[39m[90m─[39m[90m─[39m[90m─[39m[90m─[39m[90m─[39m[90m─[39m[90m─[39m[90m─[39m[90m─[39m[90m─[39m[90m─[39m[90m─[39m[90m─[39m[90m─[39m[90m─[39m
Admin UI E2E (2, chrome)	Run Cypress	2024-10-24T00:25:27.0339196Z                                                                                                     
Admin UI E2E (2, chrome)	Run Cypress	2024-10-24T00:25:27.0340351Z   Running:  [90mclients_saml_test.spec.ts[39m                                                       [90m(2 of 4)[39m
Admin UI E2E (2, chrome)	Run Cypress	2024-10-24T00:25:31.1645242Z 
Admin UI E2E (2, chrome)	Run Cypress	2024-10-24T00:25:31.1646147Z [0m[0m
Admin UI E2E (2, chrome)	Run Cypress	2024-10-24T00:25:31.1711856Z [0m  Clients SAML tests[0m
Admin UI E2E (2, chrome)	Run Cypress	2024-10-24T00:25:31.1714417Z [0m    SAML test[0m
Admin UI E2E (2, chrome)	Run Cypress	2024-10-24T00:25:37.1664691Z     [32m  ✓[0m[90m should display the saml sections on details screen[0m[90m (5956ms)[0m
Admin UI E2E (2, chrome)	Run Cypress	2024-10-24T00:25:40.8843267Z     [32m  ✓[0m[90m should save force name id format[0m[90m (3616ms)[0m
Admin UI E2E (2, chrome)	Run Cypress	2024-10-24T00:25:40.9057547Z [0m    SAML keys tab[0m
Admin UI E2E (2, chrome)	Run Cypress	2024-10-24T00:25:44.2933920Z     [32m  ✓[0m[90m should doesn't disable signature when cancel[0m[90m (3333ms)[0m
Admin UI E2E (2, chrome)	Run Cypress	2024-10-24T00:25:48.0555264Z     [32m  ✓[0m[90m should disable client signature[0m[90m (3674ms)[0m
Admin UI E2E (2, chrome)	Run Cypress	2024-10-24T00:25:52.0377155Z     [32m  ✓[0m[90m should enable Encryption keys config[0m[90m (3910ms)[0m
Admin UI E2E (2, chrome)	Run Cypress	2024-10-24T00:25:52.0876972Z [0m    SAML settings tab[0m
Admin UI E2E (2, chrome)	Run Cypress	2024-10-24T00:25:57.0052337Z     [32m  ✓[0m[90m should check SAML capabilities[0m[90m (4839ms)[0m
Admin UI E2E (2, chrome)	Run Cypress	2024-10-24T00:26:01.4743731Z     [32m  ✓[0m[90m should check signature and encryption[0m[90m (4430ms)[0m
Admin UI E2E (2, chrome)	Run Cypress	2024-10-24T00:26:08.4102857Z     [32m  ✓[0m[90m should check access settings[0m[90m (6902ms)[0m
Admin UI E2E (2, chrome)	Run Cypress	2024-10-24T00:26:11.4202093Z     [32m  ✓[0m[90m should check login settings[0m[90m (2968ms)[0m
Admin UI E2E (2, chrome)	Run Cypress	2024-10-24T00:26:11.4202805Z 
Admin UI E2E (2, chrome)	Run Cypress	2024-10-24T00:26:11.4376904Z 
Admin UI E2E (2, chrome)	Run Cypress	2024-10-24T00:26:11.4378194Z [92m [0m[32m 9 passing[0m[90m (40s)[0m
Admin UI E2E (2, chrome)	Run Cypress	2024-10-24T00:26:11.4378933Z 
Admin UI E2E (2, chrome)	Run Cypress	2024-10-24T00:26:12.4544803Z 
Admin UI E2E (2, chrome)	Run Cypress	2024-10-24T00:26:12.4546695Z [32m  ([4m[1mResults[22m[24m)[39m
Admin UI E2E (2, chrome)	Run Cypress	2024-10-24T00:26:12.4565702Z 
Admin UI E2E (2, chrome)	Run Cypress	2024-10-24T00:26:12.4581098Z [90m  ┌[39m[90m─[39m[90m─[39m[90m─[39m[90m─[39m[90m─[39m[90m─[39m[90m─[39m[90m─[39m[90m─[39m[90m─[39m[90m─[39m[90m─[39m[90m─[39m[90m─[39m[90m─[39m[90m─[39m[90m─[39m[90m─[39m[90m─[39m[90m─[39m[90m─[39m[90m─[39m[90m─[39m[90m─[39m[90m─[39m[90m─[39m[90m─[39m[90m─[39m[90m─[39m[90m─[39m[90m─[39m[90m─[39m[90m─[39m[90m─[39m[90m─[39m[90m─[39m[90m─[39m[90m─[39m[90m─[39m[90m─[39m[90m─[39m[90m─[39m[90m─[39m[90m─[39m[90m─[39m[90m─[39m[90m─[39m[90m─[39m[90m─[39m[90m─[39m[90m─[39m[90m─[39m[90m─[39m[90m─[39m[90m─[39m[90m─[39m[90m─[39m[90m─[39m[90m─[39m[90m─[39m[90m─[39m[90m─[39m[90m─[39m[90m─[39m[90m─[39m[90m─[39m[90m─[39m[90m─[39m[90m─[39m[90m─[39m[90m─[39m[90m─[39m[90m─[39m[90m─[39m[90m─[39m[90m─[39m[90m─[39m[90m─[39m[90m─[39m[90m─[39m[90m─[39m[90m─[39m[90m─[39m[90m─[39m[90m─[39m[90m─[39m[90m─[39m[90m─[39m[90m─[39m[90m─[39m[90m─[39m[90m─[39m[90m─[39m[90m─[39m[90m─[39m[90m─[39m[90m┐[39m
Admin UI E2E (2, chrome)	Run Cypress	2024-10-24T00:26:12.4585978Z [90m  │[39m [90mTests:[39m        [32m9[39m                                                                                [90m│[39m
Admin UI E2E (2, chrome)	Run Cypress	2024-10-24T00:26:12.4587060Z [90m  │[39m [90mPassing:[39m      [32m9[39m                                                                                [90m│[39m
Admin UI E2E (2, chrome)	Run Cypress	2024-10-24T00:26:12.4588199Z [90m  │[39m [90mFailing:[39m      [32m0[39m                                                                                [90m│[39m
Admin UI E2E (2, chrome)	Run Cypress	2024-10-24T00:26:12.4589646Z [90m  │[39m [90mPending:[39m      [32m0[39m                                                                                [90m│[39m
Admin UI E2E (2, chrome)	Run Cypress	2024-10-24T00:26:12.4590699Z [90m  │[39m [90mSkipped:[39m      [32m0[39m                                                                                [90m│[39m
Admin UI E2E (2, chrome)	Run Cypress	2024-10-24T00:26:12.4592125Z [90m  │[39m [90mScreenshots:[39m  [32m0[39m                                                                                [90m│[39m
Admin UI E2E (2, chrome)	Run Cypress	2024-10-24T00:26:12.4593873Z [90m  │[39m [90mVideo:[39m        [32mfalse[39m                                                                            [90m│[39m
Admin UI E2E (2, chrome)	Run Cypress	2024-10-24T00:26:12.4595013Z [90m  │[39m [90mDuration:[39m     [32m40 seconds[39m                                                                       [90m│[39m
Admin UI E2E (2, chrome)	Run Cypress	2024-10-24T00:26:12.4596340Z [90m  │[39m [90mSpec Ran:[39m     [32m[32mclients_saml_test.spec.ts[32m[39m                                                        [90m│[39m
Admin UI E2E (2, chrome)	Run Cypress	2024-10-24T00:26:12.4603009Z [90m  └[39m[90m─[39m[90m─[39m[90m─[39m[90m─[39m[90m─[39m[90m─[39m[90m─[39m[90m─[39m[90m─[39m[90m─[39m[90m─[39m[90m─[39m[90m─[39m[90m─[39m[90m─[39m[90m─[39m[90m─[39m[90m─[39m[90m─[39m[90m─[39m[90m─[39m[90m─[39m[90m─[39m[90m─[39m[90m─[39m[90m─[39m[90m─[39m[90m─[39m[90m─[39m[90m─[39m[90m─[39m[90m─[39m[90m─[39m[90m─[39m[90m─[39m[90m─[39m[90m─[39m[90m─[39m[90m─[39m[90m─[39m[90m─[39m[90m─[39m[90m─[39m[90m─[39m[90m─[39m[90m─[39m[90m─[39m[90m─[39m[90m─[39m[90m─[39m[90m─[39m[90m─[39m[90m─[39m[90m─[39m[90m─[39m[90m─[39m[90m─[39m[90m─[39m[90m─[39m[90m─[39m[90m─[39m[90m─[39m[90m─[39m[90m─[39m[90m─[39m[90m─[39m[90m─[39m[90m─[39m[90m─[39m[90m─[39m[90m─[39m[90m─[39m[90m─[39m[90m─[39m[90m─[39m[90m─[39m[90m─[39m[90m─[39m[90m─[39m[90m─[39m[90m─[39m[90m─[39m[90m─[39m[90m─[39m[90m─[39m[90m─[39m[90m─[39m[90m─[39m[90m─[39m[90m─[39m[90m─[39m[90m─[39m[90m─[39m[90m─[39m[90m─[39m[90m─[39m[90m┘[39m
Admin UI E2E (2, chrome)	Run Cypress	2024-10-24T00:26:12.4608356Z 
Admin UI E2E (2, chrome)	Run Cypress	2024-10-24T00:26:12.4963553Z 
Admin UI E2E (2, chrome)	Run Cypress	2024-10-24T00:26:12.4976529Z [90m─[39m[90m─[39m[90m─[39m[90m─[39m[90m─[39m[90m─[39m[90m─[39m[90m─[39m[90m─[39m[90m─[39m[90m─[39m[90m─[39m[90m─[39m[90m─[39m[90m─[39m[90m─[39m[90m─[39m[90m─[39m[90m─[39m[90m─[39m[90m─[39m[90m─[39m[90m─[39m[90m─[39m[90m─[39m[90m─[39m[90m─[39m[90m─[39m[90m─[39m[90m─[39m[90m─[39m[90m─[39m[90m─[39m[90m─[39m[90m─[39m[90m─[39m[90m─[39m[90m─[39m[90m─[39m[90m─[39m[90m─[39m[90m─[39m[90m─[39m[90m─[39m[90m─[39m[90m─[39m[90m─[39m[90m─[39m[90m─[39m[90m─[39m[90m─[39m[90m─[39m[90m─[39m[90m─[39m[90m─[39m[90m─[39m[90m─[39m[90m─[39m[90m─[39m[90m─[39m[90m─[39m[90m─[39m[90m─[39m[90m─[39m[90m─[39m[90m─[39m[90m─[39m[90m─[39m[90m─[39m[90m─[39m[90m─[39m[90m─[39m[90m─[39m[90m─[39m[90m─[39m[90m─[39m[90m─[39m[90m─[39m[90m─[39m[90m─[39m[90m─[39m[90m─[39m[90m─[39m[90m─[39m[90m─[39m[90m─[39m[90m─[39m[90m─[39m[90m─[39m[90m─[39m[90m─[39m[90m─[39m[90m─[39m[90m─[39m[90m─[39m[90m─[39m[90m─[39m[90m─[39m[90m─[39m[90m─[39m
Admin UI E2E (2, chrome)	Run Cypress	2024-10-24T00:26:12.4983128Z                                                                                                     
Admin UI E2E (2, chrome)	Run Cypress	2024-10-24T00:26:12.4984480Z   Running:  [90musers_test.spec.ts[39m                                                              [90m(3 of 4)[39m
Admin UI E2E (2, chrome)	Run Cypress	2024-10-24T00:26:16.8474601Z 
Admin UI E2E (2, chrome)	Run Cypress	2024-10-24T00:26:16.8475695Z [0m[0m
Admin UI E2E (2, chrome)	Run Cypress	2024-10-24T00:26:16.8581189Z [0m  User creation[0m
Admin UI E2E (2, chrome)	Run Cypress	2024-10-24T00:26:21.1050849Z   [32m  ✓[0m[90m Go to create User page[0m[90m (4162ms)[0m
Admin UI E2E (2, chrome)	Run Cypress	2024-10-24T00:26:23.7508432Z   [32m  ✓[0m[90m Create user test[0m[90m (2595ms)[0m
Admin UI E2E (2, chrome)	Run Cypress	2024-10-24T00:26:26.3232542Z   [32m  ✓[0m[90m Should check temporary admin user existence[0m[90m (2463ms)[0m
Admin UI E2E (2, chrome)	Run Cypress	2024-10-24T00:26:29.4339094Z   [32m  ✓[0m[90m Create user with groups test[0m[90m (3055ms)[0m
Admin UI E2E (2, chrome)	Run Cypress	2024-10-24T00:26:34.4731228Z   [32m  ✓[0m[90m Create user with credentials test[0m[90m (4975ms)[0m
Admin UI E2E (2, chrome)	Run Cypress	2024-10-24T00:26:36.8280970Z   [32m  ✓[0m[90m Search existing user test[0m[90m (2302ms)[0m
Admin UI E2E (2, chrome)	Run Cypress	2024-10-24T00:26:38.5027029Z   [32m  ✓[0m[90m Search non-existing user test[0m[90m (1644ms)[0m
Admin UI E2E (2, chrome)	Run Cypress	2024-10-24T00:26:44.9690642Z   [32m  ✓[0m[90m User details test[0m[90m (6381ms)[0m
Admin UI E2E (2, chrome)	Run Cypress	2024-10-24T00:26:47.0949978Z   [32m  ✓[0m[90m Select Unmanaged attributes[0m[90m (2077ms)[0m
Admin UI E2E (2, chrome)	Run Cypress	2024-10-24T00:26:59.8694190Z   [32m  ✓[0m[90m User attributes test[0m[90m (12648ms)[0m
Admin UI E2E (2, chrome)	Run Cypress	2024-10-24T00:27:05.7189873Z   [32m  ✓[0m[90m User attributes with multiple values test[0m[90m (5742ms)[0m
Admin UI E2E (2, chrome)	Run Cypress	2024-10-24T00:27:09.1518341Z   [32m  ✓[0m[90m Add user to groups test[0m[90m (3376ms)[0m
Admin UI E2E (2, chrome)	Run Cypress	2024-10-24T00:27:12.2443013Z   [32m  ✓[0m[90m Leave group test[0m[90m (3054ms)[0m
Admin UI E2E (2, chrome)	Run Cypress	2024-10-24T00:27:17.0230195Z   [32m  ✓[0m[90m search and leave group[0m[90m (4695ms)[0m
Admin UI E2E (2, chrome)	Run Cypress	2024-10-24T00:27:19.8144200Z   [32m  ✓[0m[90m Go to user consents test[0m[90m (2744ms)[0m
Admin UI E2E (2, chrome)	Run Cypress	2024-10-24T00:27:22.2711624Z   [32m  ✓[0m[90m Reset credential of User with empty state[0m[90m (2431ms)[0m
Admin UI E2E (2, chrome)	Run Cypress	2024-10-24T00:27:25.6504837Z   [32m  ✓[0m[90m Reset credential of User with existing credentials[0m[90m (3334ms)[0m
Admin UI E2E (2, chrome)	Run Cypress	2024-10-24T00:27:28.1710193Z   [32m  ✓[0m[90m Edit credential label[0m[90m (2478ms)[0m
Admin UI E2E (2, chrome)	Run Cypress	2024-10-24T00:27:30.2625320Z   [32m  ✓[0m[90m Show credential data dialog[0m[90m (2059ms)[0m
Admin UI E2E (2, chrome)	Run Cypress	2024-10-24T00:27:35.0230628Z   [32m  ✓[0m[90m Delete credential[0m[90m (4727ms)[0m
Admin UI E2E (2, chrome)	Run Cypress	2024-10-24T00:27:38.9857106Z   [32m  ✓[0m[90m Delete user from search bar test[0m[90m (3854ms)[0m
Admin UI E2E (2, chrome)	Run Cypress	2024-10-24T00:27:41.5915485Z   [32m  ✓[0m[90m Delete user with groups test[0m[90m (2530ms)[0m
Admin UI E2E (2, chrome)	Run Cypress	2024-10-24T00:27:43.4055013Z   [32m  ✓[0m[90m Delete user with credential test[0m[90m (1774ms)[0m
Admin UI E2E (2, chrome)	Run Cypress	2024-10-24T00:27:43.4281909Z [0m    Identity provider links[0m
Admin UI E2E (2, chrome)	Run Cypress	2024-10-24T00:27:49.4295653Z     [32m  ✓[0m[90m Link account to IdP:  Bitbucket[0m[90m (5918ms)[0m
Admin UI E2E (2, chrome)	Run Cypress	2024-10-24T00:27:55.4039994Z     [32m  ✓[0m[90m Link account to IdP:  Facebook[0m[90m (5840ms)[0m
Admin UI E2E (2, chrome)	Run Cypress	2024-10-24T00:27:58.8177787Z     [32m  ✓[0m[90m Link account to IdP:  Keycloak-oidc[0m[90m (3361ms)[0m
Admin UI E2E (2, chrome)	Run Cypress	2024-10-24T00:28:06.6515362Z     [32m  ✓[0m[90m Link account to already added IdP fail[0m[90m (7778ms)[0m
Admin UI E2E (2, chrome)	Run Cypress	2024-10-24T00:28:09.4485453Z     [32m  ✓[0m[90m Unlink account from IdP:  Bitbucket[0m[90m (2750ms)[0m
Admin UI E2E (2, chrome)	Run Cypress	2024-10-24T00:28:14.3158327Z     [32m  ✓[0m[90m Unlink account from IdP:  Facebook[0m[90m (4763ms)[0m
Admin UI E2E (2, chrome)	Run Cypress	2024-10-24T00:28:18.9291903Z     [32m  ✓[0m[90m Unlink account from IdP:  Keycloak-oidc[0m[90m (4184ms)[0m
Admin UI E2E (2, chrome)	Run Cypress	2024-10-24T00:28:18.9778516Z [0m    Accessibility tests for users[0m
Admin UI E2E (2, chrome)	Run Cypress	2024-10-24T00:28:22.4474247Z     [32m  ✓[0m[90m Check a11y violations on load/ users list[0m[90m (3482ms)[0m
Admin UI E2E (2, chrome)	Run Cypress	2024-10-24T00:28:25.7589539Z     [32m  ✓[0m[90m Check a11y violations on empty create user form[0m[90m (3269ms)[0m
Admin UI E2E (2, chrome)	Run Cypress	2024-10-24T00:28:30.7928916Z     [32m  ✓[0m[90m Check a11y violations on user details tab[0m[90m (4940ms)[0m
Admin UI E2E (2, chrome)	Run Cypress	2024-10-24T00:28:35.1524371Z     [32m  ✓[0m[90m Check a11y violations on user attributes tab[0m[90m (4304ms)[0m
Admin UI E2E (2, chrome)	Run Cypress	2024-10-24T00:28:40.4502142Z     [32m  ✓[0m[90m Check a11y violations on user credentials tab setting a password[0m[90m (5236ms)[0m
Admin UI E2E (2, chrome)	Run Cypress	2024-10-24T00:28:46.4406551Z     [32m  ✓[0m[90m Check a11y violations on user credentials tab resetting a password[0m[90m (5947ms)[0m
Admin UI E2E (2, chrome)	Run Cypress	2024-10-24T00:28:50.7368217Z     [32m  ✓[0m[90m Check a11y violations on user role mapping tab[0m[90m (4261ms)[0m
Admin UI E2E (2, chrome)	Run Cypress	2024-10-24T00:28:55.4019646Z     [32m  ✓[0m[90m Check a11y violations on user role mapping tab assigning a role dialog[0m[90m (4620ms)[0m
Admin UI E2E (2, chrome)	Run Cypress	2024-10-24T00:28:59.5754402Z     [32m  ✓[0m[90m Check a11y violations on user groups tab[0m[90m (4131ms)[0m
Admin UI E2E (2, chrome)	Run Cypress	2024-10-24T00:29:03.7868867Z     [32m  ✓[0m[90m Check a11y violations on user groups tab joining group dialog[0m[90m (4164ms)[0m
Admin UI E2E (2, chrome)	Run Cypress	2024-10-24T00:29:09.8930802Z       [33m(Attempt 1 of 4)[0m Check a11y violations on user groups tab joining group
Admin UI E2E (2, chrome)	Run Cypress	2024-10-24T00:29:47.3848846Z       [33m(Attempt 2 of 4)[0m Check a11y violations on user groups tab joining group
Admin UI E2E (2, chrome)	Run Cypress	2024-10-24T00:30:25.8279908Z       [33m(Attempt 3 of 4)[0m Check a11y violations on user groups tab joining group
Admin UI E2E (2, chrome)	Run Cypress	2024-10-24T00:31:04.0272603Z     [31m  1) Check a11y violations on user groups tab joining group[0m
Admin UI E2E (2, chrome)	Run Cypress	2024-10-24T00:31:07.6797921Z     [32m  ✓[0m[90m Check a11y violations on user consents tab[0m[90m (3515ms)[0m
Admin UI E2E (2, chrome)	Run Cypress	2024-10-24T00:31:11.4482097Z     [32m  ✓[0m[90m Check a11y violations on user identity provider links tab[0m[90m (3715ms)[0m
Admin UI E2E (2, chrome)	Run Cypress	2024-10-24T00:31:14.9270065Z     [32m  ✓[0m[90m Check a11y violations on user sessions tab[0m[90m (3440ms)[0m
Admin UI E2E (2, chrome)	Run Cypress	2024-10-24T00:31:18.9667579Z     [32m  ✓[0m[90m Check a11y violations on user deleting dialog[0m[90m (3990ms)[0m
Admin UI E2E (2, chrome)	Run Cypress	2024-10-24T00:31:22.0252066Z     [32m  ✓[0m[90m Check a11y violations on permissions tab[0m[90m (2768ms)[0m
Admin UI E2E (2, chrome)	Run Cypress	2024-10-24T00:31:22.0252841Z 
Admin UI E2E (2, chrome)	Run Cypress	2024-10-24T00:31:22.0588814Z 
Admin UI E2E (2, chrome)	Run Cypress	2024-10-24T00:31:22.0590349Z [92m [0m[32m 45 passing[0m[90m (5m)[0m
Admin UI E2E (2, chrome)	Run Cypress	2024-10-24T00:31:22.0591308Z [31m  1 failing[0m
Admin UI E2E (2, chrome)	Run Cypress	2024-10-24T00:31:22.0591916Z 
Admin UI E2E (2, chrome)	Run Cypress	2024-10-24T00:31:22.0593999Z [0m  1) User creation
Admin UI E2E (2, chrome)	Run Cypress	2024-10-24T00:31:22.0595494Z        Accessibility tests for users
Admin UI E2E (2, chrome)	Run Cypress	2024-10-24T00:31:22.0596635Z          Check a11y violations on user groups tab joining group:
Admin UI E2E (2, chrome)	Run Cypress	2024-10-24T00:31:22.0598465Z [0m[31m     AssertionError: Timed out retrying after 30000ms: Unable to find an element by: [data-testid="no-groups-empty-action"]
Admin UI E2E (2, chrome)	Run Cypress	2024-10-24T00:31:22.0599522Z 
Admin UI E2E (2, chrome)	Run Cypress	2024-10-24T00:31:22.0599807Z Ignored nodes: comments, script, style
Admin UI E2E (2, chrome)	Run Cypress	2024-10-24T00:31:22.0881803Z <html
Admin UI E2E (2, chrome)	Run Cypress	2024-10-24T00:31:22.0882323Z   lang="en"
Admin UI E2E (2, chrome)	Run Cypress	2024-10-24T00:31:22.0882842Z >
Admin UI E2E (2, chrome)	Run Cypress	2024-10-24T00:31:22.0887884Z   <head>
Admin UI E2E (2, chrome)	Run Cypress	2024-10-24T00:31:22.0890166Z      
Admin UI E2E (2, chrome)	Run Cypress	2024-10-24T00:31:22.0890492Z     
Admin UI E2E (2, chrome)	Run Cypress	2024-10-24T00:31:22.0891261Z     
Admin UI E2E (2, chrome)	Run Cypress	2024-10-24T00:31:22.0891581Z     <meta
Admin UI E2E (2, chrome)	Run Cypress	2024-10-24T00:31:22.0892186Z       charset="utf-8"
Admin UI E2E (2, chrome)	Run Cypress	2024-10-24T00:31:22.0892728Z     />
Admin UI E2E (2, chrome)	Run Cypress	2024-10-24T00:31:22.0936517Z     
Admin UI E2E (2, chrome)	Run Cypress	2024-10-24T00:31:22.0936967Z     
Admin UI E2E (2, chrome)	Run Cypress	2024-10-24T00:31:22.0937311Z     <base
Admin UI E2E (2, chrome)	Run Cypress	2024-10-24T00:31:22.0937825Z       href="/resources/gtxwo/admin/keycloak.v2/"
Admin UI E2E (2, chrome)	Run Cypress	2024-10-24T00:31:22.0938407Z     />
Admin UI E2E (2, chrome)	Run Cypress	2024-10-24T00:31:22.0938755Z     
Admin UI E2E (2, chrome)	Run Cypress	2024-10-24T00:31:22.0939082Z     
Admin UI E2E (2, chrome)	Run Cypress	2024-10-24T00:31:22.0939396Z     <link
Admin UI E2E (2, chrome)	Run Cypress	2024-10-24T00:31:22.0939948Z       href="/resources/gtxwo/admin/keycloak.v2/favicon.svg"
Admin UI E2E (2, chrome)	Run Cypress	2024-10-24T00:31:22.0940597Z       rel="icon"
Admin UI E2E (2, chrome)	Run Cypress	2024-10-24T00:31:22.0941003Z       type="image/svg+xml"
Admin UI E2E (2, chrome)	Run Cypress	2024-10-24T00:31:22.0941455Z     />
Admin UI E2E (2, chrome)	Run Cypress	2024-10-24T00:31:22.0941755Z     
Admin UI E2E (2, chrome)	Run Cypress	2024-10-24T00:31:22.0942071Z     
Admin UI E2E (2, chrome)	Run Cypress	2024-10-24T00:31:22.0942390Z     <meta
Admin UI E2E (2, chrome)	Run Cypress	2024-10-24T00:31:22.0943071Z       content="width=device-width, initial-scale=1"
Admin UI E2E (2, chrome)	Run Cypress	2024-10-24T00:31:22.0943719Z       name="viewport"
Admin UI E2E (2, chrome)	Run Cypress	2024-10-24T00:31:22.0944140Z     />
Admin UI E2E (2, chrome)	Run Cypress	2024-10-24T00:31:22.0944465Z     
Admin UI E2E (2, chrome)	Run Cypress	2024-10-24T00:31:22.0944788Z     
Admin UI E2E (2, chrome)	Run Cypress	2024-10-24T00:31:22.0945095Z     <meta
Admin UI E2E (2, chrome)	Run Cypress	2024-10-24T00:31:22.0945447Z       content="light dark"
Admin UI E2E (2, chrome)	Run Cypress	2024-10-24T00:31:22.0945933Z       name="color-scheme"
Admin UI E2E (2, chrome)	Run Cypress	2024-10-24T00:31:22.0946318Z     />
Admin UI E2E (2, chrome)	Run Cypress	2024-10-24T00:31:22.0946611Z     
Admin UI E2E (2, chrome)	Run Cypress	2024-10-24T00:31:22.0946900Z     
Admin UI E2E (2, chrome)	Run Cypress	2024-10-24T00:31:22.0947194Z     <meta
Admin UI E2E (2, chrome)	Run Cypress	2024-10-24T00:31:22.0948132Z       content="The Keycloak Administration Console is a web-based interface for managing Keycloak."
Admin UI E2E (2, chrome)	Run Cypress	2024-10-24T00:31:22.0949066Z       name="description"
Admin UI E2E (2, chrome)	Run Cypress	2024-10-24T00:31:22.0949482Z     />
Admin UI E2E (2, chrome)	Run Cypress	2024-10-24T00:31:22.0949780Z     
Admin UI E2E (2, chrome)	Run Cypress	2024-10-24T00:31:22.0950063Z     
Admin UI E2E (2, chrome)	Run Cypress	2024-10-24T00:31:22.0950353Z     <title>
Admin UI E2E (2, chrome)	Run Cypress	2024-10-24T00:31:22.0950778Z       Keycloak Administration Console
Admin UI E2E (2, chrome)	Run Cypress	2024-10-24T00:31:22.1205461Z     </title>
Admin UI E2E (2, chrome)	Run Cypress	2024-10-24T00:31:22.1205953Z     
Admin UI E2E (2, chrome)	Run Cypress	2024-10-24T00:31:22.1206275Z     
Admin UI E2E (2, chrome)	Run Cypress	2024-10-24T00:31:22.1206599Z     
Admin UI E2E (2, chrome)	Run Cypress	2024-10-24T00:31:22.1206920Z     
Admin UI E2E (2, chrome)	Run Cypress	2024-10-24T00:31:22.1207230Z     
Admin UI E2E (2, chrome)	Run Cypress	2024-10-24T00:31:22.1207555Z       
Admin UI E2E (2, chrome)	Run Cypress	2024-10-24T00:31:22.1207928Z     
Admin UI E2E (2, chrome)	Run Cypress	2024-10-24T00:31:22.1208250Z         
Admin UI E2E (2, chrome)	Run Cypress	2024-10-24T00:31:22.1208584Z     <link
Admin UI E2E (2, chrome)	Run Cypress	2024-10-24T00:31:22.1209599Z       href="/resources/gtxwo/admin/keycloak.v2/assets/main-Dt_LdtWy.css"
Admin UI E2E (2, chrome)	Run Cypress	2024-10-24T00:31:22.1210387Z       rel="stylesheet"
Admin UI E2E (2, chrome)	Run Cypress	2024-10-24T00:31:22.1210793Z     />
Admin UI E2E (2, chrome)	Run Cypress	2024-10-24T00:31:22.1211119Z     
Admin UI E2E (2, chrome)	Run Cypress	2024-10-24T00:31:22.1211438Z       
Admin UI E2E (2, chrome)	Run Cypress	2024-10-24T00:31:22.1211762Z     
Admin UI E2E (2, chrome)	Run Cypress	2024-10-24T00:31:22.1212073Z   
Admin UI E2E (2, chrome)	Run Cypress	2024-10-24T00:31:22.1212418Z     <link
Admin UI E2E (2, chrome)	Run Cypress	2024-10-24T00:31:22.1212790Z       crossorigin=""
Admin UI E2E (2, chrome)	Run Cypress	2024-10-24T00:31:22.1213902Z       href="http://localhost:8080/resources/gtxwo/admin/keycloak.v2/assets/CodeEditor-uVSSJ6xN.css"
Admin UI E2E (2, chrome)	Run Cypress	2024-10-24T00:31:22.1214893Z       rel="stylesheet"
Admin UI E2E (2, chrome)	Run Cypress	2024-10-24T00:31:22.1215282Z     />
Admin UI E2E (2, chrome)	Run Cypress	2024-10-24T00:31:22.1215597Z     <link
Admin UI E2E (2, chrome)	Run Cypress	2024-10-24T00:31:22.1215941Z       crossorigin=""
Admin UI E2E (2, chrome)	Run Cypress	2024-10-24T00:31:22.1217006Z       href="http://localhost:8080/resources/gtxwo/admin/keycloak.v2/assets/FileUpload-BBufCGSy.css"
Admin UI E2E (2, chrome)	Run Cypress	2024-10-24T00:31:22.1217991Z       rel="stylesheet"
Admin UI E2E (2, chrome)	Run Cypress	2024-10-24T00:31:22.1218380Z     />
Admin UI E2E (2, chrome)	Run Cypress	2024-10-24T00:31:22.1218690Z     <link
Admin UI E2E (2, chrome)	Run Cypress	2024-10-24T00:31:22.1219025Z       crossorigin=""
Admin UI E2E (2, chrome)	Run Cypress	2024-10-24T00:31:22.1220146Z       href="http://localhost:8080/resources/gtxwo/admin/keycloak.v2/assets/DataListItemRow-ZUMFKqGA.css"
Admin UI E2E (2, chrome)	Run Cypress	2024-10-24T00:31:22.1221179Z       rel="stylesheet"
Admin UI E2E (2, chrome)	Run Cypress	2024-10-24T00:31:22.1221569Z     />
Admin UI E2E (2, chrome)	Run Cypress	2024-10-24T00:31:22.1221881Z     <link
Admin UI E2E (2, chrome)	Run Cypress	2024-10-24T00:31:22.1222217Z       crossorigin=""
Admin UI E2E (2, chrome)	Run Cypress	2024-10-24T00:31:22.1223779Z       href="http://localhost:8080/resources/gtxwo/admin/keycloak.v2/assets/GroupPickerDialog-CbaDMlZz.css"
Admin UI E2E (2, chrome)	Run Cypress	2024-10-24T00:31:22.1225037Z       rel="stylesheet"
Admin UI E2E (2, chrome)	Run Cypress	2024-10-24T00:31:22.1225420Z     />
Admin UI E2E (2, chrome)	Run Cypress	2024-10-24T00:31:22.1225728Z     <link
Admin UI E2E (2, chrome)	Run Cypress	2024-10-24T00:31:22.1226069Z       crossorigin=""
Admin UI E2E (2, chrome)	Run Cypress	2024-10-24T00:31:22.1227125Z       href="http://localhost:8080/resources/gtxwo/admin/keycloak.v2/assets/KeySelect-CabrN3Wz.css"
Admin UI E2E (2, chrome)	Run Cypress	2024-10-24T00:31:22.1228078Z       rel="stylesheet"
Admin UI E2E (2, chrome)	Run Cypress	2024-10-24T00:31:22.1228460Z     />
Admin UI E2E (2, chrome)	Run Cypress	2024-10-24T00:31:22.1228770Z     <link
Admin UI E2E (2, chrome)	Run Cypress	2024-10-24T00:31:22.1229103Z       crossorigin=""
Admin UI E2E (2, chrome)	Run Cypress	2024-10-24T00:31:22.1230272Z       href="http://localhost:8080/resources/gtxwo/admin/keycloak.v2/assets/AddRoleMappingModal-BLJEQihC.css"
Admin UI E2E (2, chrome)	Run Cypress	2024-10-24T00:31:22.1231335Z       rel="stylesheet"
Admin UI E2E (2, chrome)	Run Cypress	2024-10-24T00:31:22.1231721Z     />
Admin UI E2E (2, chrome)	Run Cypress	2024-10-24T00:31:22.1232035Z     <link
Admin UI E2E (2, chrome)	Run Cypress	2024-10-24T00:31:22.1232376Z       crossorigin=""
Admin UI E2E (2, chrome)	Run Cypress	2024-10-24T00:31:22.1233437Z       href="http://localhost:8080/resources/gtxwo/admin/keycloak.v2/assets/ViewHeader-BYFHsMok.css"
Admin UI E2E (2, chrome)	Run Cypress	2024-10-24T00:31:22.1234421Z       rel="stylesheet"
Admin UI E2E (2, chrome)	Run Cypress	2024-10-24T00:31:22.1234810Z     />
Admin UI E2E (2, chrome)	Run Cypress	2024-10-24T00:31:22.1235125Z     <link
Admin UI E2E (2, chrome)	Run Cypress	2024-10-24T00:31:22.1235463Z       crossorigin=""
Admin UI E2E (2, chrome)	Run Cypress	2024-10-24T00:31:22.1236557Z       href="http://localhost:8080/resources/gtxwo/admin/keycloak.v2/assets/DynamicComponents-QWeGFChb.css"
Admin UI E2E (2, chrome)	Run Cypress	2024-10-24T00:31:22.1237583Z       rel="stylesheet"
Admin UI E2E (2, chrome)	Run Cypress	2024-10-24T00:31:22.1237960Z     />
Admin UI E2E (2, chrome)	Run Cypress	2024-10-24T00:31:22.1238288Z     <link
Admin UI E2E (2, chrome)	Run Cypress	2024-10-24T00:31:22.1238632Z       crossorigin=""
Admin UI E2E (2, chrome)	Run Cypress	2024-10-24T00:31:22.1239611Z       href="http://localhost:8080/resources/gtxwo/admin/keycloak.v2/assets/Tabs-B495x4zf.css"
Admin UI E2E (2, chrome)	Run Cypress	2024-10-24T00:31:22.1240505Z       rel="stylesheet"
Admin UI E2E (2, chrome)	Run Cypress	2024-10-24T00:31:22.1240900Z     />
Admin UI E2E (2, chrome)	Run Cypress	2024-10-24T00:31:22.1241702Z     <link
Admin UI E2E (2, chrome)	Run Cypress	2024-10-24T00:31:22.1242109Z       crossorigin=""
Admin UI E2E (2, chrome)	Run Cypress	2024-10-24T00:31:22.1243322Z       href="http://localhost:8080/resources/gtxwo/admin/keycloak.v2/assets/ExpandableSection-cN5yF_Ay.css"
Admin UI E2E (2, chrome)	Run Cypress	2024-10-24T00:31:22.1244396Z       rel="stylesheet"
Admin UI E2E (2, chrome)	Run Cypress	2024-10-24T00:31:22.1244818Z     />
Admin UI E2E (2, chrome)	Run Cypress	2024-10-24T00:31:22.1245148Z     <link
Admin UI E2E (2, chrome)	Run Cypress	2024-10-24T00:31:22.1245512Z       crossorigin=""
Admin UI E2E (2, chrome)	Run Cypress	2024-10-24T00:31:22.1246722Z       href="http://localhost:8080/resources/gtxwo/admin/keycloak.v2/assets/DescriptionListTerm-CmoB2Pr4.css"
Admin UI E2E (2, chrome)	Run Cypress	2024-10-24T00:31:22.1247783Z       rel="stylesheet"
Admin UI E2E (2, chrome)	Run Cypress	2024-10-24T00:31:22.1248174Z     />
Admin UI E2E (2, chrome)	Run Cypress	2024-10-24T00:31:22.1248499Z     <link
Admin UI E2E (2, chrome)	Run Cypress	2024-10-24T00:31:22.1248850Z       crossorigin=""
Admin UI E2E (2, chrome)	Run Cypress	2024-10-24T00:31:22.1249880Z       href="http://localhost:8080/resources/gtxwo/admin/keycloak.v2/assets/ListItem-CMcGP2EE.css"
Admin UI E2E (2, chrome)	Run Cypress	2024-10-24T00:31:22.1250822Z       rel="stylesheet"
Admin UI E2E (2, chrome)	Run Cypress	2024-10-24T00:31:22.1251209Z     />
Admin UI E2E (2, chrome)	Run Cypress	2024-10-24T00:31:22.1251560Z     <link
Admin UI E2E (2, chrome)	Run Cypress	2024-10-24T00:31:22.1251908Z       crossorigin=""
Admin UI E2E (2, chrome)	Run Cypress	2024-10-24T00:31:22.1252950Z       href="http://localhost:8080/resources/gtxwo/admin/keycloak.v2/assets/Dashboard-CgtpGMDY.css"
Admin UI E2E (2, chrome)	Run Cypress	2024-10-24T00:31:22.1253912Z       rel="stylesheet"
Admin UI E2E (2, chrome)	Run Cypress	2024-10-24T00:31:22.1254312Z     />
Admin UI E2E (2, chrome)	Run Cypress	2024-10-24T00:31:22.1254631Z     <link
Admin UI E2E (2, chrome)	Run Cypress	2024-10-24T00:31:22.1254971Z       crossorigin=""
Admin UI E2E (2, chrome)	Run Cypress	2024-10-24T00:31:22.1256086Z       href="http://localhost:8080/resources/gtxwo/admin/keycloak.v2/assets/PermissionTab-KawpLT37.css"
Admin UI E2E (2, chrome)	Run Cypress	2024-10-24T00:31:22.1257109Z       rel="stylesheet"
Admin UI E2E (2, chrome)	Run Cypress	2024-10-24T00:31:22.1257501Z     />
Admin UI E2E (2, chrome)	Run Cypress	2024-10-24T00:31:22.1257824Z     <link
Admin UI E2E (2, chrome)	Run Cypress	2024-10-24T00:31:22.1258173Z       crossorigin=""
Admin UI E2E (2, chrome)	Run Cypress	2024-10-24T00:31:22.1259242Z       href="http://localhost:8080/resources/gtxwo/admin/keycloak.v2/assets/DropdownPanel-BRJBJxYr.css"
Admin UI E2E (2, chrome)	Run Cypress	2024-10-24T00:31:22.1260320Z       rel="stylesheet"
Admin UI E2E (2, chrome)	Run Cypress	2024-10-24T00:31:22.1260727Z     />
Admin UI E2E (2, chrome)	Run Cypress	2024-10-24T00:31:22.1261066Z     <link
Admin UI E2E (2, chrome)	Run Cypress	2024-10-24T00:31:22.1261484Z       crossorigin=""
Admin UI E2E (2, chrome)	Run Cypress	2024-10-24T00:31:22.1262520Z       href="http://localhost:8080/resources/gtxwo/admin/keycloak.v2/assets/user-section-FQYejmHl.css"
Admin UI E2E (2, chrome)	Run Cypress	2024-10-24T00:31:22.1263462Z       rel="stylesheet"
Admin UI E2E (2, chrome)	Run Cypress	2024-10-24T00:31:22.1263855Z     />
Admin UI E2E (2, chrome)	Run Cypress	2024-10-24T00:31:22.1264191Z     <link
Admin UI E2E (2, chrome)	Run Cypress	2024-10-24T00:31:22.1264562Z       crossorigin=""
Admin UI E2E (2, chrome)	Run Cypress	2024-10-24T00:31:22.1265723Z       href="http://localhost:8080/resources/gtxwo/admin/keycloak.v2/assets/FormAccess-D7lMFJsM.css"
Admin UI E2E (2, chrome)	Run Cypress	2024-10-24T00:31:22.1267218Z       rel="stylesheet"
Admin UI E2E (2, chrome)	Run Cypress	2024-10-24T00:31:22.1267605Z     />
Admin UI E2E (2, chrome)	Run Cypress	2024-10-24T00:31:22.1267925Z     <link
Admin UI E2E (2, chrome)	Run Cypress	2024-10-24T00:31:22.1268272Z       crossorigin=""
Admin UI E2E (2, chrome)	Run Cypress	2024-10-24T00:31:22.1269663Z       href="http://localhost:8080/resources/gtxwo/admin/keycloak.v2/assets/DatePicker-D3B8ByKh.css"
Admin UI E2E (2, chrome)	Run Cypress	2024-10-24T00:31:22.1270647Z       rel="stylesheet"
Admin UI E2E (2, chrome)	Run Cypress	2024-10-24T00:31:22.1271026Z     />
Admin UI E2E (2, chrome)	Run Cypress	2024-10-24T00:31:22.1271344Z     <link
Admin UI E2E (2, chrome)	Run Cypress	2024-10-24T00:31:22.1271682Z       crossorigin=""
Admin UI E2E (2, chrome)	Run Cypress	2024-10-24T00:31:22.1272748Z       href="http://localhost:8080/resources/gtxwo/admin/keycloak.v2/assets/UserEvents-DmG86Mkp.css"
Admin UI E2E (2, chrome)	Run Cypress	2024-10-24T00:31:22.1273719Z       rel="stylesheet"
Admin UI E2E (2, chrome)	Run Cypress	2024-10-24T00:31:22.1274095Z     />
Admin UI E2E (2, chrome)	Run Cypress	2024-10-24T00:31:22.1274408Z     <link
Admin UI E2E (2, chrome)	Run Cypress	2024-10-24T00:31:22.1274743Z       crossorigin=""
Admin UI E2E (2, chrome)	Run Cypress	2024-10-24T00:31:22.1275779Z       href="http://localhost:8080/resources/gtxwo/admin/keycloak.v2/assets/EditUser-JmPEbbUF.css"
Admin UI E2E (2, chrome)	Run Cypress	2024-10-24T00:31:22.1276734Z       rel="stylesheet"
Admin UI E2E (2, chrome)	Run Cypress	2024-10-24T00:31:22.1277126Z     />
Admin UI E2E (2, chrome)	Run Cypress	2024-10-24T00:31:22.1277433Z   </head>
Admin UI E2E (2, chrome)	Run Cypress	2024-10-24T00:31:22.1277755Z   
Admin UI E2E (2, chrome)	Run Cypress	2024-10-24T00:31:22.1278052Z   
Admin UI E2E (2, chrome)	Run Cypress	2024-10-24T00:31:22.1278352Z   <body>
Admin UI E2E (2, chrome)	Run Cypress	2024-10-24T00:31:22.1278659Z     
Admin UI E2E (2, chrome)	Run Cypress	2024-10-24T00:31:22.1278959Z     
Admin UI E2E (2, chrome)	Run Cypress	2024-10-24T00:31:22.1279278Z     <div
Admin UI E2E (2, chrome)	Run Cypress	2024-10-24T00:31:22.1279607Z       id="app"
Admin UI E2E (2, chrome)	Run Cypress	2024-10-24T00:31:22.1279950Z     >
Admin UI E2E (2, chrome)	Run Cypress	2024-10-24T00:31:22.1280257Z       <div
Admin UI E2E (2, chrome)	Run Cypress	2024-10-24T00:31:22.1280821Z         class="pf-v5-c-banner pf-m-gold pf-m-sticky"
Admin UI E2E (2, chrome)	Run Cypress	2024-10-24T00:31:22.1281587Z       >
Admin UI E2E (2, chrome)	Run Cypress	2024-10-24T00:31:22.1281916Z         <span
Admin UI E2E (2, chrome)	Run Cypress	2024-10-24T00:31:22.1282409Z           class="pf-v5-screen-reader"
Admin UI E2E (2, chrome)	Run Cypress	2024-10-24T00:31:22.1282903Z         >
Admin UI E2E (2, chrome)	Run Cypress	2024-10-24T00:31:22.1284060Z           You are logged in as a temporary admin user. To harden security, create a permanent admin account and delete the temporary one.
Admin UI E2E (2, chrome)	Run Cypress	2024-10-24T00:31:22.1285246Z         </span>
Admin UI E2E (2, chrome)	Run Cypress	2024-10-24T00:31:22.1285598Z         <div
Admin UI E2E (2, chrome)	Run Cypress	2024-10-24T00:31:22.1286220Z           class="pf-v5-l-flex pf-m-space-items-sm pf-m-wrap"
Admin UI E2E (2, chrome)	Run Cypress	2024-10-24T00:31:22.1286842Z         >
Admin UI E2E (2, chrome)	Run Cypress	2024-10-24T00:31:22.1287178Z           <div
Admin UI E2E (2, chrome)	Run Cypress	2024-10-24T00:31:22.1287543Z             class=""
Admin UI E2E (2, chrome)	Run Cypress	2024-10-24T00:31:22.1288070Z             style="white-space: normal;"
Admin UI E2E (2, chrome)	Run Cypress	2024-10-24T00:31:22.1288598Z           >
Admin UI E2E (2, chrome)	Run Cypress	2024-10-24T00:31:22.1288931Z             <svg
Admin UI E2E (2, chrome)	Run Cypress	2024-10-24T00:31:22.1289394Z               aria-hidden="true"
Admin UI E2E (2, chrome)	Run Cypress	2024-10-24T00:31:22.1289947Z               class="pf-v5-svg"
Admin UI E2E (2, chrome)	Run Cypress	2024-10-24T00:31:22.1290478Z               fill="currentColor"
Admin UI E2E (2, chrome)	Run Cypress	2024-10-24T00:31:22.1290978Z               height="1em"
Admin UI E2E (2, chrome)	Run Cypress	2024-10-24T00:31:22.1291454Z               role="img"
Admin UI E2E (2, chrome)	Run Cypress	2024-10-24T00:31:22.1292097Z               style="margin-right: 0.3rem;"
Admin UI E2E (2, chrome)	Run Cypress	2024-10-24T00:31:22.1292710Z               viewBox="0 0 576 512"
Admin UI E2E (2, chrome)	Run Cypress	2024-10-24T00:31:22.1293200Z               width="1em"
Admin UI E2E (2, chrome)	Run Cypress	2024-10-24T00:31:22.1293589Z             >
Admin UI E2E (2, chrome)	Run Cypress	2024-10-24T00:31:22.1293957Z               <path
Admin UI E2E (2, chrome)	Run Cypress	2024-10-24T00:31:22.1297905Z                 d="M569.517 440.013C587.975 472.007 564.806 512 527.94 512H48.054c-36.937 0-59.999-40.055-41.577-71.987L246.423 23.985c18.467-32.009 64.72-31.951 83.154 0l239.94 416.028zM288 354c-25.405 0-46 20.595-46 46s20.595 46 46 46 46-20.595 46-46-20.595-46-46-46zm-43.673-165.346l7.418 136c.347 6.364 5.609 11.346 11.982 11.346h48.546c6.373 0 11.635-4.982 11.982-11.346l7.418-136c.375-6.874-5.098-12.654-11.982-12.654h-63.383c-6.884 0-12.356 5.78-11.981 12.654z"
Admin UI E2E (2, chrome)	Run Cypress	2024-10-24T00:31:22.1301124Z               />
Admin UI E2E (2, chrome)	Run Cypress	2024-10-24T00:31:22.1301515Z             </svg>
Admin UI E2E (2, chrome)	Run Cypress	2024-10-24T00:31:22.1302705Z             You are logged in as a temporary admin user. To harden security, create a permanent admin account and delete the temporary one.
Admin UI E2E (2, chrome)	Run Cypress	2024-10-24T00:31:22.1303878Z           </div>
Admin UI E2E (2, chrome)	Run Cypress	2024-10-24T00:31:22.1304254Z         </div>
Admin UI E2E (2, chrome)	Run Cypress	2024-10-24T00:31:22.1304666Z       </div>
Admin UI E2E (2, chrome)	Run Cypress	2024-10-24T00:31:22.1305001Z       <div
Admin UI E2E (2, chrome)	Run Cypress	2024-10-24T00:31:22.1380542Z         class="pf-v5-c-page pf-m-resize-observer pf-m-breakpoint-2xl pf-m-height-breakpoint-2xl"
Admin UI E2E (2, chrome)	Run Cypress	2024-10-24T00:31:22.1381600Z       >
Admin UI E2E (2, chrome)	Run Cypress	2024-10-24T00:31:22.1381951Z         <header
Admin UI E2E (2, chrome)	Run Cypress	2024-10-24T00:31:22.1382668Z           class="pf-v5-c-masthead pf-m-display-inline"
Admin UI E2E (2, chrome)	Run Cypress	2024-10-24T00:31:22.1383582Z         >
Admin UI E2E (2, chrome)	Run Cypress	2024-10-24T00:31:22.1384112Z           <span
Admin UI E2E (2, chrome)	Run Cypress	2024-10-24T00:31:22.1384613Z             class="pf-v5-c-masthead__toggle"
Admin UI E2E (2, chrome)	Run Cypress	2024-10-24T00:31:22.1385162Z           >
Admin UI E2E (2, chrome)	Run Cypress	2024-10-24T00:31:22.1385505Z             <button
Admin UI E2E (2, chrome)	Run Cypress	2024-10-24T00:31:22.1386010Z               aria-disabled="false"
Admin UI E2E (2, chrome)	Run Cypress	2024-10-24T00:31:22.1386618Z               aria-expanded="true"
Admin UI E2E (2, chrome)	Run Cypress	2024-10-24T00:31:22.1387230Z               aria-label="navigation"
Admin UI E2E (2, chrome)	Run Cypress	2024-10-24T00:31:22.1387923Z               class="pf-v5-c-button pf-m-plain"
Admin UI E2E (2, chrome)	Run Cypress	2024-10-24T00:31:22.1388835Z               data-ouia-component-id="OUIA-Generated-Button-plain-1"
Admin UI E2E (2, chrome)	Run Cypress	2024-10-24T00:31:22.1389777Z               data-ouia-component-type="PF5/Button"
Admin UI E2E (2, chrome)	Run Cypress	2024-10-24T00:31:22.1390478Z               data-ouia-safe="true"
Admin UI E2E (2, chrome)	Run Cypress	2024-10-24T00:31:22.1391040Z               id="nav-toggle"
Admin UI E2E (2, chrome)	Run Cypress	2024-10-24T00:31:22.1391491Z               type="button"
Admin UI E2E (2, chrome)	Run Cypress	2024-10-24T00:31:22.1391917Z             >
Admin UI E2E (2, chrome)	Run Cypress	2024-10-24T00:31:22.1392265Z               <svg
Admin UI E2E (2, chrome)	Run Cypress	2024-10-24T00:31:22.1392739Z                 aria-hidden="true"
Admin UI E2E (2, chrome)	Run Cypress	2024-10-24T00:31:22.1393346Z                 class="pf-v5-svg"
Admin UI E2E (2, chrome)	Run Cypress	2024-10-24T00:31:22.1393871Z                 fill="currentColor"
Admin UI E2E (2, chrome)	Run Cypress	2024-10-24T00:31:22.1394368Z                 height="1em"
Admin UI E2E (2, chrome)	Run Cypress	2024-10-24T00:31:22.1394811Z                 role="img"
Admin UI E2E (2, chrome)	Run Cypress	2024-10-24T00:31:22.1395287Z                 viewBox="0 0 448 512"
Admin UI E2E (2, chrome)	Run Cypress	2024-10-24T00:31:22.1395789Z                 width="1em"
Admin UI E2E (2, chrome)	Run Cypress	2024-10-24T00:31:22.1396208Z               >
Admin UI E2E (2, chrome)	Run Cypress	2024-10-24T00:31:22.1396565Z                 <path
Admin UI E2E (2, chrome)	Run Cypress	2024-10-24T00:31:22.1399761Z                   d="M16 132h416c8.837 0 16-7.163 16-16V76c0-8.837-7.163-16-16-16H16C7.163 60 0 67.163 0 76v40c0 8.837 7.163 16 16 16zm0 160h416c8.837 0 16-7.163 16-16v-40c0-8.837-7.163-16-16-16H16c-8.837 0-16 7.163-16 16v40c0 8.837 7.163 16 16 16zm0 160h416c8.837 0 16-7.163 16-16v-40c0-8.837-7.163-16-16-16H16c-8.837 0-16 7.163-16 16v40c0 8.837 7.163 16 16 16z"
Admin UI E2E (2, chrome)	Run Cypress	2024-10-24T00:31:22.1402576Z                 ...[0m[90m
Admin UI E2E (2, chrome)	Run Cypress	2024-10-24T00:31:22.1403698Z       at Context.eval (webpack://@keycloak/keycloak-admin-ui/./cypress/e2e/users_test.spec.ts:453:0)
Admin UI E2E (2, chrome)	Run Cypress	2024-10-24T00:31:22.1404760Z [0m
Admin UI E2E (2, chrome)	Run Cypress	2024-10-24T00:31:22.1404968Z 
Admin UI E2E (2, chrome)	Run Cypress	2024-10-24T00:31:22.1404980Z 
Admin UI E2E (2, chrome)	Run Cypress	2024-10-24T00:31:23.1751171Z 
Admin UI E2E (2, chrome)	Run Cypress	2024-10-24T00:31:23.1752999Z [31m  ([4m[1mResults[22m[24m)[39m
Admin UI E2E (2, chrome)	Run Cypress	2024-10-24T00:31:23.1772493Z 
Admin UI E2E (2, chrome)	Run Cypress	2024-10-24T00:31:23.1788638Z [90m  ┌[39m[90m─[39m[90m─[39m[90m─[39m[90m─[39m[90m─[39m[90m─[39m[90m─[39m[90m─[39m[90m─[39m[90m─[39m[90m─[39m[90m─[39m[90m─[39m[90m─[39m[90m─[39m[90m─[39m[90m─[39m[90m─[39m[90m─[39m[90m─[39m[90m─[39m[90m─[39m[90m─[39m[90m─[39m[90m─[39m[90m─[39m[90m─[39m[90m─[39m[90m─[39m[90m─[39m[90m─[39m[90m─[39m[90m─[39m[90m─[39m[90m─[39m[90m─[39m[90m─[39m[90m─[39m[90m─[39m[90m─[39m[90m─[39m[90m─[39m[90m─[39m[90m─[39m[90m─[39m[90m─[39m[90m─[39m[90m─[39m[90m─[39m[90m─[39m[90m─[39m[90m─[39m[90m─[39m[90m─[39m[90m─[39m[90m─[39m[90m─[39m[90m─[39m[90m─[39m[90m─[39m[90m─[39m[90m─[39m[90m─[39m[90m─[39m[90m─[39m[90m─[39m[90m─[39m[90m─[39m[90m─[39m[90m─[39m[90m─[39m[90m─[39m[90m─[39m[90m─[39m[90m─[39m[90m─[39m[90m─[39m[90m─[39m[90m─[39m[90m─[39m[90m─[39m[90m─[39m[90m─[39m[90m─[39m[90m─[39m[90m─[39m[90m─[39m[90m─[39m[90m─[39m[90m─[39m[90m─[39m[90m─[39m[90m─[39m[90m─[39m[90m─[39m[90m─[39m[90m┐[39m
Admin UI E2E (2, chrome)	Run Cypress	2024-10-24T00:31:23.1793172Z [90m  │[39m [90mTests:[39m        [31m46[39m                                                                               [90m│[39m
Admin UI E2E (2, chrome)	Run Cypress	2024-10-24T00:31:23.1794140Z [90m  │[39m [90mPassing:[39m      [31m45[39m                                                                               [90m│[39m
Admin UI E2E (2, chrome)	Run Cypress	2024-10-24T00:31:23.1795071Z [90m  │[39m [90mFailing:[39m      [31m1[39m                                                                                [90m│[39m
Admin UI E2E (2, chrome)	Run Cypress	2024-10-24T00:31:23.1795998Z [90m  │[39m [90mPending:[39m      [31m0[39m                                                                                [90m│[39m
Admin UI E2E (2, chrome)	Run Cypress	2024-10-24T00:31:23.1797268Z [90m  │[39m [90mSkipped:[39m      [31m0[39m                                                                                [90m│[39m
Admin UI E2E (2, chrome)	Run Cypress	2024-10-24T00:31:23.1798665Z [90m  │[39m [90mScreenshots:[39m  [31m4[39m                                                                                [90m│[39m
Admin UI E2E (2, chrome)	Run Cypress	2024-10-24T00:31:23.1800035Z [90m  │[39m [90mVideo:[39m        [31mtrue[39m                                                                             [90m│[39m
Admin UI E2E (2, chrome)	Run Cypress	2024-10-24T00:31:23.1801739Z [90m  │[39m [90mDuration:[39m     [31m5 minutes, 5 seconds[39m                                                             [90m│[39m
Admin UI E2E (2, chrome)	Run Cypress	2024-10-24T00:31:23.1803817Z [90m  │[39m [90mSpec Ran:[39m     [31m[31musers_test.spec.ts[31m[39m                                                               [90m│[39m
Admin UI E2E (2, chrome)	Run Cypress	2024-10-24T00:31:23.1812025Z [90m  └[39m[90m─[39m[90m─[39m[90m─[39m[90m─[39m[90m─[39m[90m─[39m[90m─[39m[90m─[39m[90m─[39m[90m─[39m[90m─[39m[90m─[39m[90m─[39m[90m─[39m[90m─[39m[90m─[39m[90m─[39m[90m─[39m[90m─[39m[90m─[39m[90m─[39m[90m─[39m[90m─[39m[90m─[39m[90m─[39m[90m─[39m[90m─[39m[90m─[39m[90m─[39m[90m─[39m[90m─[39m[90m─[39m[90m─[39m[90m─[39m[90m─[39m[90m─[39m[90m─[39m[90m─[39m[90m─[39m[90m─[39m[90m─[39m[90m─[39m[90m─[39m[90m─[39m[90m─[39m[90m─[39m[90m─[39m[90m─[39m[90m─[39m[90m─[39m[90m─[39m[90m─[39m[90m─[39m[90m─[39m[90m─[39m[90m─[39m[90m─[39m[90m─[39m[90m─[39m[90m─[39m[90m─[39m[90m─[39m[90m─[39m[90m─[39m[90m─[39m[90m─[39m[90m─[39m[90m─[39m[90m─[39m[90m─[39m[90m─[39m[90m─[39m[90m─[39m[90m─[39m[90m─[39m[90m─[39m[90m─[39m[90m─[39m[90m─[39m[90m─[39m[90m─[39m[90m─[39m[90m─[39m[90m─[39m[90m─[39m[90m─[39m[90m─[39m[90m─[39m[90m─[39m[90m─[39m[90m─[39m[90m─[39m[90m─[39m[90m─[39m[90m─[39m[90m─[39m[90m┘[39m
Admin UI E2E (2, chrome)	Run Cypress	2024-10-24T00:31:23.1817142Z 
Admin UI E2E (2, chrome)	Run Cypress	2024-10-24T00:31:23.1817163Z 
Admin UI E2E (2, chrome)	Run Cypress	2024-10-24T00:31:23.1817595Z [33m  ([4m[1mScreenshots[22m[24m)[39m
Admin UI E2E (2, chrome)	Run Cypress	2024-10-24T00:31:23.1818037Z 
Admin UI E2E (2, chrome)	Run Cypress	2024-10-24T00:31:23.1819340Z [90m [39m -  [0m/home/runner/work/keycloak/keycloak/js/apps/admin-ui/cypress/screenshots/users_t[0m     [90m[90m(1280x581)[90m[39m
Admin UI E2E (2, chrome)	Run Cypress	2024-10-24T00:31:23.1821563Z [90m [39m    [0mest.spec.ts/User creation -- Accessibility tests for users -- Check a11y violati[0m               
Admin UI E2E (2, chrome)	Run Cypress	2024-10-24T00:31:23.1823535Z [90m [39m    [0mons on user groups tab joining group (failed).png[0m                                              
Admin UI E2E (2, chrome)	Run Cypress	2024-10-24T00:31:23.1825644Z [90m [39m -  [0m/home/runner/work/keycloak/keycloak/js/apps/admin-ui/cypress/screenshots/users_t[0m     [90m[90m(1280x581)[90m[39m
Admin UI E2E (2, chrome)	Run Cypress	2024-10-24T00:31:23.1827713Z [90m [39m    [0mest.spec.ts/User creation -- Accessibility tests for users -- Check a11y violati[0m               
Admin UI E2E (2, chrome)	Run Cypress	2024-10-24T00:31:23.1829521Z [90m [39m    [0mons on user groups tab joining group (failed) (attempt 2).png[0m                                  
Admin UI E2E (2, chrome)	Run Cypress	2024-10-24T00:31:23.1832028Z [90m [39m -  [0m/home/runner/work/keycloak/keycloak/js/apps/admin-ui/cypress/screenshots/users_t[0m     [90m[90m(1280x581)[90m[39m
Admin UI E2E (2, chrome)	Run Cypress	2024-10-24T00:31:23.1834510Z [90m [39m    [0mest.spec.ts/User creation -- Accessibility tests for users -- Check a11y violati[0m               
Admin UI E2E (2, chrome)	Run Cypress	2024-10-24T00:31:23.1836409Z [90m [39m    [0mons on user groups tab joining group (failed) (attempt 3).png[0m                                  
Admin UI E2E (2, chrome)	Run Cypress	2024-10-24T00:31:23.1838668Z [90m [39m -  [0m/home/runner/work/keycloak/keycloak/js/apps/admin-ui/cypress/screenshots/users_t[0m     [90m[90m(1280x581)[90m[39m
Admin UI E2E (2, chrome)	Run Cypress	2024-10-24T00:31:23.1840751Z [90m [39m    [0mest.spec.ts/User creation -- Accessibility tests for users -- Check a11y violati[0m               
Admin UI E2E (2, chrome)	Run Cypress	2024-10-24T00:31:23.1842626Z [90m [39m    [0mons on user groups tab joining group (failed) (attempt 4).png[0m                                  
Admin UI E2E (2, chrome)	Run Cypress	2024-10-24T00:31:23.1843382Z 
Admin UI E2E (2, chrome)	Run Cypress	2024-10-24T00:31:23.2182154Z 
Admin UI E2E (2, chrome)	Run Cypress	2024-10-24T00:31:23.2184149Z [36m  ([4m[1mVideo[22m[24m)[39m
Admin UI E2E (2, chrome)	Run Cypress	2024-10-24T00:31:23.2184733Z 
Admin UI E2E (2, chrome)	Run Cypress	2024-10-24T00:31:23.2186293Z   -  Video output: [36m/home/runner/work/keycloak/keycloak/js/apps/admin-ui/cypress/videos/users_test.spec.ts.mp4[39m
Admin UI E2E (2, chrome)	Run Cypress	2024-10-24T00:31:23.2187430Z 
Admin UI E2E (2, chrome)	Run Cypress	2024-10-24T00:31:23.2187444Z 
Admin UI E2E (2, chrome)	Run Cypress	2024-10-24T00:31:23.2201004Z [90m─[39m[90m─[39m[90m─[39m[90m─[39m[90m─[39m[90m─[39m[90m─[39m[90m─[39m[90m─[39m[90m─[39m[90m─[39m[90m─[39m[90m─[39m[90m─[39m[90m─[39m[90m─[39m[90m─[39m[90m─[39m[90m─[39m[90m─[39m[90m─[39m[90m─[39m[90m─[39m[90m─[39m[90m─[39m[90m─[39m[90m─[39m[90m─[39m[90m─[39m[90m─[39m[90m─[39m[90m─[39m[90m─[39m[90m─[39m[90m─[39m[90m─[39m[90m─[39m[90m─[39m[90m─[39m[90m─[39m[90m─[39m[90m─[39m[90m─[39m[90m─[39m[90m─[39m[90m─[39m[90m─[39m[90m─[39m[90m─[39m[90m─[39m[90m─[39m[90m─[39m[90m─[39m[90m─[39m[90m─[39m[90m─[39m[90m─[39m[90m─[39m[90m─[39m[90m─[39m[90m─[39m[90m─[39m[90m─[39m[90m─[39m[90m─[39m[90m─[39m[90m─[39m[90m─[39m[90m─[39m[90m─[39m[90m─[39m[90m─[39m[90m─[39m[90m─[39m[90m─[39m[90m─[39m[90m─[39m[90m─[39m[90m─[39m[90m─[39m[90m─[39m[90m─[39m[90m─[39m[90m─[39m[90m─[39m[90m─[39m[90m─[39m[90m─[39m[90m─[39m[90m─[39m[90m─[39m[90m─[39m[90m─[39m[90m─[39m[90m─[39m[90m─[39m[90m─[39m[90m─[39m[90m─[39m[90m─[39m
Admin UI E2E (2, chrome)	Run Cypress	2024-10-24T00:31:23.2208586Z                                                                                                     
Admin UI E2E (2, chrome)	Run Cypress	2024-10-24T00:31:23.2210123Z   Running:  [90muser_fed_ldap_hardcoded_mapper_test.spec.ts[39m                                     [90m(4 of 4)[39m
Admin UI E2E (2, chrome)	Run Cypress	2024-10-24T00:31:26.2666414Z 
Admin UI E2E (2, chrome)	Run Cypress	2024-10-24T00:31:26.2669256Z [0m[0m
Admin UI E2E (2, chrome)	Run Cypress	2024-10-24T00:31:26.2776341Z [0m  User Fed LDAP mapper tests[0m
Admin UI E2E (2, chrome)	Run Cypress	2024-10-24T00:31:36.0441550Z   [32m  ✓[0m[90m Create LDAP provider from empty state[0m[90m (9759ms)[0m
Admin UI E2E (2, chrome)	Run Cypress	2024-10-24T00:31:37.9319108Z   [32m  ✓[0m[90m Create group[0m[90m (1850ms)[0m
Admin UI E2E (2, chrome)	Run Cypress	2024-10-24T00:31:46.3408176Z   [32m  ✓[0m[90m Create client and role[0m[90m (8348ms)[0m
Admin UI E2E (2, chrome)	Run Cypress	2024-10-24T00:31:51.2739610Z   [32m  ✓[0m[90m Delete default mappers[0m[90m (4879ms)[0m
Admin UI E2E (2, chrome)	Run Cypress	2024-10-24T00:31:56.5764801Z   [32m  ✓[0m[90m Create hardcoded attribute mapper[0m[90m (5233ms)[0m
Admin UI E2E (2, chrome)	Run Cypress	2024-10-24T00:32:01.7003623Z   [32m  ✓[0m[90m Create hardcoded ldap group mapper[0m[90m (5061ms)[0m
Admin UI E2E (2, chrome)	Run Cypress	2024-10-24T00:32:06.8884004Z   [32m  ✓[0m[90m Create hardcoded ldap attribute mapper[0m[90m (5133ms)[0m
Admin UI E2E (2, chrome)	Run Cypress	2024-10-24T00:32:12.0113082Z   [32m  ✓[0m[90m Create hardcoded ldap role mapper[0m[90m (5064ms)[0m
Admin UI E2E (2, chrome)	Run Cypress	2024-10-24T00:32:17.3131193Z   [32m  ✓[0m[90m Create role ldap mapper[0m[90m (5246ms)[0m
Admin UI E2E (2, chrome)	Run Cypress	2024-10-24T00:32:20.1947265Z   [32m  ✓[0m[90m Cleanup - delete LDAP provider[0m[90m (2853ms)[0m
Admin UI E2E (2, chrome)	Run Cypress	2024-10-24T00:32:21.7780707Z   [32m  ✓[0m[90m Cleanup - delete group[0m[90m (1544ms)[0m
Admin UI E2E (2, chrome)	Run Cypress	2024-10-24T00:32:23.4656773Z   [32m  ✓[0m[90m Cleanup - delete client[0m[90m (1646ms)[0m
Admin UI E2E (2, chrome)	Run Cypress	2024-10-24T00:32:23.4657731Z 
Admin UI E2E (2, chrome)	Run Cypress	2024-10-24T00:32:23.4802259Z 
Admin UI E2E (2, chrome)	Run Cypress	2024-10-24T00:32:23.4804256Z [92m [0m[32m 12 passing[0m[90m (57s)[0m
Admin UI E2E (2, chrome)	Run Cypress	2024-10-24T00:32:23.4805519Z 
Admin UI E2E (2, chrome)	Run Cypress	2024-10-24T00:32:24.5000170Z 
Admin UI E2E (2, chrome)	Run Cypress	2024-10-24T00:32:24.5001834Z [32m  ([4m[1mResults[22m[24m)[39m
Admin UI E2E (2, chrome)	Run Cypress	2024-10-24T00:32:24.5005436Z 
Admin UI E2E (2, chrome)	Run Cypress	2024-10-24T00:32:24.5019436Z [90m  ┌[39m[90m─[39m[90m─[39m[90m─[39m[90m─[39m[90m─[39m[90m─[39m[90m─[39m[90m─[39m[90m─[39m[90m─[39m[90m─[39m[90m─[39m[90m─[39m[90m─[39m[90m─[39m[90m─[39m[90m─[39m[90m─[39m[90m─[39m[90m─[39m[90m─[39m[90m─[39m[90m─[39m[90m─[39m[90m─[39m[90m─[39m[90m─[39m[90m─[39m[90m─[39m[90m─[39m[90m─[39m[90m─[39m[90m─[39m[90m─[39m[90m─[39m[90m─[39m[90m─[39m[90m─[39m[90m─[39m[90m─[39m[90m─[39m[90m─[39m[90m─[39m[90m─[39m[90m─[39m[90m─[39m[90m─[39m[90m─[39m[90m─[39m[90m─[39m[90m─[39m[90m─[39m[90m─[39m[90m─[39m[90m─[39m[90m─[39m[90m─[39m[90m─[39m[90m─[39m[90m─[39m[90m─[39m[90m─[39m[90m─[39m[90m─[39m[90m─[39m[90m─[39m[90m─[39m[90m─[39m[90m─[39m[90m─[39m[90m─[39m[90m─[39m[90m─[39m[90m─[39m[90m─[39m[90m─[39m[90m─[39m[90m─[39m[90m─[39m[90m─[39m[90m─[39m[90m─[39m[90m─[39m[90m─[39m[90m─[39m[90m─[39m[90m─[39m[90m─[39m[90m─[39m[90m─[39m[90m─[39m[90m─[39m[90m─[39m[90m─[39m[90m─[39m[90m─[39m[90m┐[39m
Admin UI E2E (2, chrome)	Run Cypress	2024-10-24T00:32:24.5026294Z [90m  │[39m [90mTests:[39m        [32m12[39m                                                                               [90m│[39m
Admin UI E2E (2, chrome)	Run Cypress	2024-10-24T00:32:24.5029296Z [90m  │[39m [90mPassing:[39m      [32m12[39m                                                                               [90m│[39m
Admin UI E2E (2, chrome)	Run Cypress	2024-10-24T00:32:24.5031033Z [90m  │[39m [90mFailing:[39m      [32m0[39m                                                                                [90m│[39m
Admin UI E2E (2, chrome)	Run Cypress	2024-10-24T00:32:24.5032597Z [90m  │[39m [90mPending:[39m      [32m0[39m                                                                                [90m│[39m
Admin UI E2E (2, chrome)	Run Cypress	2024-10-24T00:32:24.5034132Z [90m  │[39m [90mSkipped:[39m      [32m0[39m                                                                                [90m│[39m
Admin UI E2E (2, chrome)	Run Cypress	2024-10-24T00:32:24.5035603Z [90m  │[39m [90mScreenshots:[39m  [32m0[39m                                                                                [90m│[39m
Admin UI E2E (2, chrome)	Run Cypress	2024-10-24T00:32:24.5037089Z [90m  │[39m [90mVideo:[39m        [32mfalse[39m                                                                            [90m│[39m
Admin UI E2E (2, chrome)	Run Cypress	2024-10-24T00:32:24.5038678Z [90m  │[39m [90mDuration:[39m     [32m57 seconds[39m                                                                       [90m│[39m
Admin UI E2E (2, chrome)	Run Cypress	2024-10-24T00:32:24.5040593Z [90m  │[39m [90mSpec Ran:[39m     [32m[32muser_fed_ldap_hardcoded_mapper_test.spec.ts[32m[39m                                      [90m│[39m
Admin UI E2E (2, chrome)	Run Cypress	2024-10-24T00:32:24.5049117Z [90m  └[39m[90m─[39m[90m─[39m[90m─[39m[90m─[39m[90m─[39m[90m─[39m[90m─[39m[90m─[39m[90m─[39m[90m─[39m[90m─[39m[90m─[39m[90m─[39m[90m─[39m[90m─[39m[90m─[39m[90m─[39m[90m─[39m[90m─[39m[90m─[39m[90m─[39m[90m─[39m[90m─[39m[90m─[39m[90m─[39m[90m─[39m[90m─[39m[90m─[39m[90m─[39m[90m─[39m[90m─[39m[90m─[39m[90m─[39m[90m─[39m[90m─[39m[90m─[39m[90m─[39m[90m─[39m[90m─[39m[90m─[39m[90m─[39m[90m─[39m[90m─[39m[90m─[39m[90m─[39m[90m─[39m[90m─[39m[90m─[39m[90m─[39m[90m─[39m[90m─[39m[90m─[39m[90m─[39m[90m─[39m[90m─[39m[90m─[39m[90m─[39m[90m─[39m[90m─[39m[90m─[39m[90m─[39m[90m─[39m[90m─[39m[90m─[39m[90m─[39m[90m─[39m[90m─[39m[90m─[39m[90m─[39m[90m─[39m[90m─[39m[90m─[39m[90m─[39m[90m─[39m[90m─[39m[90m─[39m[90m─[39m[90m─[39m[90m─[39m[90m─[39m[90m─[39m[90m─[39m[90m─[39m[90m─[39m[90m─[39m[90m─[39m[90m─[39m[90m─[39m[90m─[39m[90m─[39m[90m─[39m[90m─[39m[90m─[39m[90m─[39m[90m─[39m[90m─[39m[90m┘[39m
Admin UI E2E (2, chrome)	Run Cypress	2024-10-24T00:32:24.5054453Z 
Admin UI E2E (2, chrome)	Run Cypress	2024-10-24T00:32:24.5164890Z 
Admin UI E2E (2, chrome)	Run Cypress	2024-10-24T00:32:24.5734452Z [90m====================================================================================================[39m
Admin UI E2E (2, chrome)	Run Cypress	2024-10-24T00:32:24.5735453Z 
Admin UI E2E (2, chrome)	Run Cypress	2024-10-24T00:32:24.5735727Z [0m  ([4m[1mRun Finished[22m[24m)[0m
Admin UI E2E (2, chrome)	Run Cypress	2024-10-24T00:32:24.5748582Z 
Admin UI E2E (2, chrome)	Run Cypress	2024-10-24T00:32:24.5749452Z 
Admin UI E2E (2, chrome)	Run Cypress	2024-10-24T00:32:24.5773390Z [90m   [39m    [90mSpec[39m                                              [90mTests[39m  [90mPassing[39m  [90mFailing[39m  [90mPending[39m  [90mSkipped[39m [90m [39m
Admin UI E2E (2, chrome)	Run Cypress	2024-10-24T00:32:24.5783004Z [90m  ┌[39m[90m─[39m[90m─[39m[90m─[39m[90m─[39m[90m─[39m[90m─[39m[90m─[39m[90m─[39m[90m─[39m[90m─[39m[90m─[39m[90m─[39m[90m─[39m[90m─[39m[90m─[39m[90m─[39m[90m─[39m[90m─[39m[90m─[39m[90m─[39m[90m─[39m[90m─[39m[90m─[39m[90m─[39m[90m─[39m[90m─[39m[90m─[39m[90m─[39m[90m─[39m[90m─[39m[90m─[39m[90m─[39m[90m─[39m[90m─[39m[90m─[39m[90m─[39m[90m─[39m[90m─[39m[90m─[39m[90m─[39m[90m─[39m[90m─[39m[90m─[39m[90m─[39m[90m─[39m[90m─[39m[90m─[39m[90m─[39m[90m─[39m[90m─[39m[90m─[39m[90m─[39m[90m─[39m[90m─[39m[90m─[39m[90m─[39m[90m─[39m[90m─[39m[90m─[39m[90m─[39m[90m─[39m[90m─[39m[90m─[39m[90m─[39m[90m─[39m[90m─[39m[90m─[39m[90m─[39m[90m─[39m[90m─[39m[90m─[39m[90m─[39m[90m─[39m[90m─[39m[90m─[39m[90m─[39m[90m─[39m[90m─[39m[90m─[39m[90m─[39m[90m─[39m[90m─[39m[90m─[39m[90m─[39m[90m─[39m[90m─[39m[90m─[39m[90m─[39m[90m─[39m[90m─[39m[90m─[39m[90m─[39m[90m─[39m[90m─[39m[90m─[39m[90m─[39m[90m┐[39m
Admin UI E2E (2, chrome)	Run Cypress	2024-10-24T00:32:24.5813128Z [90m  │[39m [32m✔[39m  [0musers_enable_disable.spec.ts[0m             [90m00:19[39m        [0m3[0m        [32m3[39m        [90m-[39m        [90m-[39m        [90m-[39m [90m│[39m
Admin UI E2E (2, chrome)	Run Cypress	2024-10-24T00:32:24.5822169Z [90m  ├[39m[90m─[39m[90m─[39m[90m─[39m[90m─[39m[90m─[39m[90m─[39m[90m─[39m[90m─[39m[90m─[39m[90m─[39m[90m─[39m[90m─[39m[90m─[39m[90m─[39m[90m─[39m[90m─[39m[90m─[39m[90m─[39m[90m─[39m[90m─[39m[90m─[39m[90m─[39m[90m─[39m[90m─[39m[90m─[39m[90m─[39m[90m─[39m[90m─[39m[90m─[39m[90m─[39m[90m─[39m[90m─[39m[90m─[39m[90m─[39m[90m─[39m[90m─[39m[90m─[39m[90m─[39m[90m─[39m[90m─[39m[90m─[39m[90m─[39m[90m─[39m[90m─[39m[90m─[39m[90m─[39m[90m─[39m[90m─[39m[90m─[39m[90m─[39m[90m─[39m[90m─[39m[90m─[39m[90m─[39m[90m─[39m[90m─[39m[90m─[39m[90m─[39m[90m─[39m[90m─[39m[90m─[39m[90m─[39m[90m─[39m[90m─[39m[90m─[39m[90m─[39m[90m─[39m[90m─[39m[90m─[39m[90m─[39m[90m─[39m[90m─[39m[90m─[39m[90m─[39m[90m─[39m[90m─[39m[90m─[39m[90m─[39m[90m─[39m[90m─[39m[90m─[39m[90m─[39m[90m─[39m[90m─[39m[90m─[39m[90m─[39m[90m─[39m[90m─[39m[90m─[39m[90m─[39m[90m─[39m[90m─[39m[90m─[39m[90m─[39m[90m─[39m[90m─[39m[90m┤[39m
Admin UI E2E (2, chrome)	Run Cypress	2024-10-24T00:32:24.5837590Z [90m  │[39m [32m✔[39m  [0mclients_saml_test.spec.ts[0m                [90m00:40[39m        [0m9[0m        [32m9[39m        [90m-[39m        [90m-[39m        [90m-[39m [90m│[39m
Admin UI E2E (2, chrome)	Run Cypress	2024-10-24T00:32:24.5847694Z [90m  ├[39m[90m─[39m[90m─[39m[90m─[39m[90m─[39m[90m─[39m[90m─[39m[90m─[39m[90m─[39m[90m─[39m[90m─[39m[90m─[39m[90m─[39m[90m─[39m[90m─[39m[90m─[39m[90m─[39m[90m─[39m[90m─[39m[90m─[39m[90m─[39m[90m─[39m[90m─[39m[90m─[39m[90m─[39m[90m─[39m[90m─[39m[90m─[39m[90m─[39m[90m─[39m[90m─[39m[90m─[39m[90m─[39m[90m─[39m[90m─[39m[90m─[39m[90m─[39m[90m─[39m[90m─[39m[90m─[39m[90m─[39m[90m─[39m[90m─[39m[90m─[39m[90m─[39m[90m─[39m[90m─[39m[90m─[39m[90m─[39m[90m─[39m[90m─[39m[90m─[39m[90m─[39m[90m─[39m[90m─[39m[90m─[39m[90m─[39m[90m─[39m[90m─[39m[90m─[39m[90m─[39m[90m─[39m[90m─[39m[90m─[39m[90m─[39m[90m─[39m[90m─[39m[90m─[39m[90m─[39m[90m─[39m[90m─[39m[90m─[39m[90m─[39m[90m─[39m[90m─[39m[90m─[39m[90m─[39m[90m─[39m[90m─[39m[90m─[39m[90m─[39m[90m─[39m[90m─[39m[90m─[39m[90m─[39m[90m─[39m[90m─[39m[90m─[39m[90m─[39m[90m─[39m[90m─[39m[90m─[39m[90m─[39m[90m─[39m[90m─[39m[90m─[39m[90m─[39m[90m┤[39m
Admin UI E2E (2, chrome)	Run Cypress	2024-10-24T00:32:24.5855098Z [90m  │[39m [31m✖[39m  [0musers_test.spec.ts[0m                       [90m05:05[39m       [0m46[0m       [32m45[39m        [31m1[39m        [90m-[39m        [90m-[39m [90m│[39m
Admin UI E2E (2, chrome)	Run Cypress	2024-10-24T00:32:24.5864409Z [90m  ├[39m[90m─[39m[90m─[39m[90m─[39m[90m─[39m[90m─[39m[90m─[39m[90m─[39m[90m─[39m[90m─[39m[90m─[39m[90m─[39m[90m─[39m[90m─[39m[90m─[39m[90m─[39m[90m─[39m[90m─[39m[90m─[39m[90m─[39m[90m─[39m[90m─[39m[90m─[39m[90m─[39m[90m─[39m[90m─[39m[90m─[39m[90m─[39m[90m─[39m[90m─[39m[90m─[39m[90m─[39m[90m─[39m[90m─[39m[90m─[39m[90m─[39m[90m─[39m[90m─[39m[90m─[39m[90m─[39m[90m─[39m[90m─[39m[90m─[39m[90m─[39m[90m─[39m[90m─[39m[90m─[39m[90m─[39m[90m─[39m[90m─[39m[90m─[39m[90m─[39m[90m─[39m[90m─[39m[90m─[39m[90m─[39m[90m─[39m[90m─[39m[90m─[39m[90m─[39m[90m─[39m[90m─[39m[90m─[39m[90m─[39m[90m─[39m[90m─[39m[90m─[39m[90m─[39m[90m─[39m[90m─[39m[90m─[39m[90m─[39m[90m─[39m[90m─[39m[90m─[39m[90m─[39m[90m─[39m[90m─[39m[90m─[39m[90m─[39m[90m─[39m[90m─[39m[90m─[39m[90m─[39m[90m─[39m[90m─[39m[90m─[39m[90m─[39m[90m─[39m[90m─[39m[90m─[39m[90m─[39m[90m─[39m[90m─[39m[90m─[39m[90m─[39m[90m─[39m[90m┤[39m
Admin UI E2E (2, chrome)	Run Cypress	2024-10-24T00:32:24.5871900Z [90m  │[39m [32m✔[39m  [0muser_fed_ldap_hardcoded_mapper_test[0m      [90m00:57[39m       [0m12[0m       [32m12[39m        [90m-[39m        [90m-[39m        [90m-[39m [90m│[39m
Admin UI E2E (2, chrome)	Run Cypress	2024-10-24T00:32:24.5874031Z [90m  │[39m    [0m.spec.ts[0m                                                                                    [90m│[39m
Admin UI E2E (2, chrome)	Run Cypress	2024-10-24T00:32:24.5885512Z [90m  └[39m[90m─[39m[90m─[39m[90m─[39m[90m─[39m[90m─[39m[90m─[39m[90m─[39m[90m─[39m[90m─[39m[90m─[39m[90m─[39m[90m─[39m[90m─[39m[90m─[39m[90m─[39m[90m─[39m[90m─[39m[90m─[39m[90m─[39m[90m─[39m[90m─[39m[90m─[39m[90m─[39m[90m─[39m[90m─[39m[90m─[39m[90m─[39m[90m─[39m[90m─[39m[90m─[39m[90m─[39m[90m─[39m[90m─[39m[90m─[39m[90m─[39m[90m─[39m[90m─[39m[90m─[39m[90m─[39m[90m─[39m[90m─[39m[90m─[39m[90m─[39m[90m─[39m[90m─[39m[90m─[39m[90m─[39m[90m─[39m[90m─[39m[90m─[39m[90m─[39m[90m─[39m[90m─[39m[90m─[39m[90m─[39m[90m─[39m[90m─[39m[90m─[39m[90m─[39m[90m─[39m[90m─[39m[90m─[39m[90m─[39m[90m─[39m[90m─[39m[90m─[39m[90m─[39m[90m─[39m[90m─[39m[90m─[39m[90m─[39m[90m─[39m[90m─[39m[90m─[39m[90m─[39m[90m─[39m[90m─[39m[90m─[39m[90m─[39m[90m─[39m[90m─[39m[90m─[39m[90m─[39m[90m─[39m[90m─[39m[90m─[39m[90m─[39m[90m─[39m[90m─[39m[90m─[39m[90m─[39m[90m─[39m[90m─[39m[90m─[39m[90m─[39m[90m─[39m[90m┘[39m
Admin UI E2E (2, chrome)	Run Cypress	2024-10-24T00:32:24.5893451Z [90m   [39m [31m✖[39m  [31m1 of 4 failed (25%)[39m                      [90m07:01[39m       [0m70[0m       [32m69[39m        [31m1[39m        [90m-[39m        [90m-[39m [90m [39m
Admin UI E2E (2, chrome)	Run Cypress	2024-10-24T00:32:24.5895071Z 
Admin UI E2E (2, chrome)	Run Cypress	2024-10-24T00:32:24.7294818Z ##[error]Cypress tests: 1 failed
Status Check - Keycloak JavaScript CI	Run /./.github/actions/status-check	2024-10-24T00:41:20.6775163Z Prepare all required actions
Status Check - Keycloak JavaScript CI	Run /./.github/actions/status-check	2024-10-24T00:41:20.6860746Z ##[group]Run ./.github/actions/status-check
Status Check - Keycloak JavaScript CI	Run /./.github/actions/status-check	2024-10-24T00:41:20.6861220Z with:
Status Check - Keycloak JavaScript CI	Run /./.github/actions/status-check	2024-10-24T00:41:20.6862874Z   jobs: {
Status Check - Keycloak JavaScript CI	Run /./.github/actions/status-check	  "conditional": {
Status Check - Keycloak JavaScript CI	Run /./.github/actions/status-check	    "result": "success",
Status Check - Keycloak JavaScript CI	Run /./.github/actions/status-check	    "outputs": {
Status Check - Keycloak JavaScript CI	Run /./.github/actions/status-check	      "js-ci": "true"
Status Check - Keycloak JavaScript CI	Run /./.github/actions/status-check	    }
Status Check - Keycloak JavaScript CI	Run /./.github/actions/status-check	  },
Status Check - Keycloak JavaScript CI	Run /./.github/actions/status-check	  "build-keycloak": {
Status Check - Keycloak JavaScript CI	Run /./.github/actions/status-check	    "result": "success",
Status Check - Keycloak JavaScript CI	Run /./.github/actions/status-check	    "outputs": {}
Status Check - Keycloak JavaScript CI	Run /./.github/actions/status-check	  },
Status Check - Keycloak JavaScript CI	Run /./.github/actions/status-check	  "admin-client": {
Status Check - Keycloak JavaScript CI	Run /./.github/actions/status-check	    "result": "success",
Status Check - Keycloak JavaScript CI	Run /./.github/actions/status-check	    "outputs": {}
Status Check - Keycloak JavaScript CI	Run /./.github/actions/status-check	  },
Status Check - Keycloak JavaScript CI	Run /./.github/actions/status-check	  "ui-shared": {
Status Check - Keycloak JavaScript CI	Run /./.github/actions/status-check	    "result": "success",
Status Check - Keycloak JavaScript CI	Run /./.github/actions/status-check	    "outputs": {}
Status Check - Keycloak JavaScript CI	Run /./.github/actions/status-check	  },
Status Check - Keycloak JavaScript CI	Run /./.github/actions/status-check	  "account-ui": {
Status Check - Keycloak JavaScript CI	Run /./.github/actions/status-check	    "result": "success",
Status Check - Keycloak JavaScript CI	Run /./.github/actions/status-check	    "outputs": {}
Status Check - Keycloak JavaScript CI	Run /./.github/actions/status-check	  },
Status Check - Keycloak JavaScript CI	Run /./.github/actions/status-check	  "account-ui-e2e": {
Status Check - Keycloak JavaScript CI	Run /./.github/actions/status-check	    "result": "success",
Status Check - Keycloak JavaScript CI	Run /./.github/actions/status-check	    "outputs": {}
Status Check - Keycloak JavaScript CI	Run /./.github/actions/status-check	  },
Status Check - Keycloak JavaScript CI	Run /./.github/actions/status-check	  "admin-ui": {
Status Check - Keycloak JavaScript CI	Run /./.github/actions/status-check	    "result": "success",
Status Check - Keycloak JavaScript CI	Run /./.github/actions/status-check	    "outputs": {}
Status Check - Keycloak JavaScript CI	Run /./.github/actions/status-check	  },
Status Check - Keycloak JavaScript CI	Run /./.github/actions/status-check	  "admin-ui-e2e": {
Status Check - Keycloak JavaScript CI	Run /./.github/actions/status-check	    "result": "failure",
Status Check - Keycloak JavaScript CI	Run /./.github/actions/status-check	    "outputs": {}
Status Check - Keycloak JavaScript CI	Run /./.github/actions/status-check	  }
Status Check - Keycloak JavaScript CI	Run /./.github/actions/status-check	}
Status Check - Keycloak JavaScript CI	Run /./.github/actions/status-check	2024-10-24T00:41:20.6864656Z env:
Status Check - Keycloak JavaScript CI	Run /./.github/actions/status-check	2024-10-24T00:41:20.6865342Z   MAVEN_ARGS: -B -nsu -Daether.connector.http.connectionMaxTtl=25
Status Check - Keycloak JavaScript CI	Run /./.github/actions/status-check	2024-10-24T00:41:20.6865831Z ##[endgroup]
Status Check - Keycloak JavaScript CI	Run /./.github/actions/status-check	2024-10-24T00:41:20.7115871Z ##[group]Run JOBS='{
Status Check - Keycloak JavaScript CI	Run /./.github/actions/status-check	2024-10-24T00:41:20.7116459Z [36;1mJOBS='{[0m
Status Check - Keycloak JavaScript CI	Run /./.github/actions/status-check	2024-10-24T00:41:20.7116908Z [36;1m  "conditional": {[0m
Status Check - Keycloak JavaScript CI	Run /./.github/actions/status-check	2024-10-24T00:41:20.7117372Z [36;1m    "result": "success",[0m
Status Check - Keycloak JavaScript CI	Run /./.github/actions/status-check	2024-10-24T00:41:20.7117796Z [36;1m    "outputs": {[0m
Status Check - Keycloak JavaScript CI	Run /./.github/actions/status-check	2024-10-24T00:41:20.7118190Z [36;1m      "js-ci": "true"[0m
Status Check - Keycloak JavaScript CI	Run /./.github/actions/status-check	2024-10-24T00:41:20.7118615Z [36;1m    }[0m
Status Check - Keycloak JavaScript CI	Run /./.github/actions/status-check	2024-10-24T00:41:20.7118939Z [36;1m  },[0m
Status Check - Keycloak JavaScript CI	Run /./.github/actions/status-check	2024-10-24T00:41:20.7119227Z [36;1m  "build-keycloak": {[0m
Status Check - Keycloak JavaScript CI	Run /./.github/actions/status-check	2024-10-24T00:41:20.7119673Z [36;1m    "result": "success",[0m
Status Check - Keycloak JavaScript CI	Run /./.github/actions/status-check	2024-10-24T00:41:20.7120077Z [36;1m    "outputs": {}[0m
Status Check - Keycloak JavaScript CI	Run /./.github/actions/status-check	2024-10-24T00:41:20.7120396Z [36;1m  },[0m
Status Check - Keycloak JavaScript CI	Run /./.github/actions/status-check	2024-10-24T00:41:20.7120789Z [36;1m  "admin-client": {[0m
Status Check - Keycloak JavaScript CI	Run /./.github/actions/status-check	2024-10-24T00:41:20.7121188Z [36;1m    "result": "success",[0m
Status Check - Keycloak JavaScript CI	Run /./.github/actions/status-check	2024-10-24T00:41:20.7121546Z [36;1m    "outputs": {}[0m
Status Check - Keycloak JavaScript CI	Run /./.github/actions/status-check	2024-10-24T00:41:20.7121959Z [36;1m  },[0m
Status Check - Keycloak JavaScript CI	Run /./.github/actions/status-check	2024-10-24T00:41:20.7122313Z [36;1m  "ui-shared": {[0m
Status Check - Keycloak JavaScript CI	Run /./.github/actions/status-check	2024-10-24T00:41:20.7122698Z [36;1m    "result": "success",[0m
Status Check - Keycloak JavaScript CI	Run /./.github/actions/status-check	2024-10-24T00:41:20.7123149Z [36;1m    "outputs": {}[0m
Status Check - Keycloak JavaScript CI	Run /./.github/actions/status-check	2024-10-24T00:41:20.7123511Z [36;1m  },[0m
Status Check - Keycloak JavaScript CI	Run /./.github/actions/status-check	2024-10-24T00:41:20.7123797Z [36;1m  "account-ui": {[0m
Status Check - Keycloak JavaScript CI	Run /./.github/actions/status-check	2024-10-24T00:41:20.7124238Z [36;1m    "result": "success",[0m
Status Check - Keycloak JavaScript CI	Run /./.github/actions/status-check	2024-10-24T00:41:20.7124620Z [36;1m    "outputs": {}[0m
Status Check - Keycloak JavaScript CI	Run /./.github/actions/status-check	2024-10-24T00:41:20.7124923Z [36;1m  },[0m
Status Check - Keycloak JavaScript CI	Run /./.github/actions/status-check	2024-10-24T00:41:20.7125328Z [36;1m  "account-ui-e2e": {[0m
Status Check - Keycloak JavaScript CI	Run /./.github/actions/status-check	2024-10-24T00:41:20.7125708Z [36;1m    "result": "success",[0m
Status Check - Keycloak JavaScript CI	Run /./.github/actions/status-check	2024-10-24T00:41:20.7126052Z [36;1m    "outputs": {}[0m
Status Check - Keycloak JavaScript CI	Run /./.github/actions/status-check	2024-10-24T00:41:20.7126477Z [36;1m  },[0m
Status Check - Keycloak JavaScript CI	Run /./.github/actions/status-check	2024-10-24T00:41:20.7126790Z [36;1m  "admin-ui": {[0m
Status Check - Keycloak JavaScript CI	Run /./.github/actions/status-check	2024-10-24T00:41:20.7127171Z [36;1m    "result": "success",[0m
Status Check - Keycloak JavaScript CI	Run /./.github/actions/status-check	2024-10-24T00:41:20.7127625Z [36;1m    "outputs": {}[0m
Status Check - Keycloak JavaScript CI	Run /./.github/actions/status-check	2024-10-24T00:41:20.7127968Z [36;1m  },[0m
Status Check - Keycloak JavaScript CI	Run /./.github/actions/status-check	2024-10-24T00:41:20.7128252Z [36;1m  "admin-ui-e2e": {[0m
Status Check - Keycloak JavaScript CI	Run /./.github/actions/status-check	2024-10-24T00:41:20.7128701Z [36;1m    "result": "failure",[0m
Status Check - Keycloak JavaScript CI	Run /./.github/actions/status-check	2024-10-24T00:41:20.7129090Z [36;1m    "outputs": {}[0m
Status Check - Keycloak JavaScript CI	Run /./.github/actions/status-check	2024-10-24T00:41:20.7129395Z [36;1m  }[0m
Status Check - Keycloak JavaScript CI	Run /./.github/actions/status-check	2024-10-24T00:41:20.7129778Z [36;1m}'[0m
Status Check - Keycloak JavaScript CI	Run /./.github/actions/status-check	2024-10-24T00:41:20.7130073Z [36;1m[0m
Status Check - Keycloak JavaScript CI	Run /./.github/actions/status-check	2024-10-24T00:41:20.7130359Z [36;1mecho "Job status:"[0m
Status Check - Keycloak JavaScript CI	Run /./.github/actions/status-check	2024-10-24T00:41:20.7130954Z [36;1mecho $JOBS | jq -r 'to_entries[] | " - \(.key): \(.value.result)"'[0m
Status Check - Keycloak JavaScript CI	Run /./.github/actions/status-check	2024-10-24T00:41:20.7131495Z [36;1m[0m
Status Check - Keycloak JavaScript CI	Run /./.github/actions/status-check	2024-10-24T00:41:20.7131983Z [36;1mfor i in $(echo $JOBS | jq -r 'to_entries[] | .value.result'); do[0m
Status Check - Keycloak JavaScript CI	Run /./.github/actions/status-check	2024-10-24T00:41:20.7132679Z [36;1m  if [ "$i" != "success" ] && [ "$i" != "skipped" ]; then[0m
Status Check - Keycloak JavaScript CI	Run /./.github/actions/status-check	2024-10-24T00:41:20.7133166Z [36;1m    echo ""[0m
Status Check - Keycloak JavaScript CI	Run /./.github/actions/status-check	2024-10-24T00:41:20.7133522Z [36;1m    echo "Status check not okay!"[0m
Status Check - Keycloak JavaScript CI	Run /./.github/actions/status-check	2024-10-24T00:41:20.7134005Z [36;1m    exit 1[0m
Status Check - Keycloak JavaScript CI	Run /./.github/actions/status-check	2024-10-24T00:41:20.7134328Z [36;1m  fi[0m
Status Check - Keycloak JavaScript CI	Run /./.github/actions/status-check	2024-10-24T00:41:20.7134610Z [36;1mdone[0m
Status Check - Keycloak JavaScript CI	Run /./.github/actions/status-check	2024-10-24T00:41:20.7235616Z shell: /usr/bin/bash --noprofile --norc -e -o pipefail {0}
Status Check - Keycloak JavaScript CI	Run /./.github/actions/status-check	2024-10-24T00:41:20.7236189Z env:
Status Check - Keycloak JavaScript CI	Run /./.github/actions/status-check	2024-10-24T00:41:20.7236635Z   MAVEN_ARGS: -B -nsu -Daether.connector.http.connectionMaxTtl=25
Status Check - Keycloak JavaScript CI	Run /./.github/actions/status-check	2024-10-24T00:41:20.7237293Z ##[endgroup]
Status Check - Keycloak JavaScript CI	Run /./.github/actions/status-check	2024-10-24T00:41:20.7388742Z Job status:
Status Check - Keycloak JavaScript CI	Run /./.github/actions/status-check	2024-10-24T00:41:20.7616360Z  - conditional: success
Status Check - Keycloak JavaScript CI	Run /./.github/actions/status-check	2024-10-24T00:41:20.7617308Z  - build-keycloak: success
Status Check - Keycloak JavaScript CI	Run /./.github/actions/status-check	2024-10-24T00:41:20.7618856Z  - admin-client: success
Status Check - Keycloak JavaScript CI	Run /./.github/actions/status-check	2024-10-24T00:41:20.7622418Z  - ui-shared: success
Status Check - Keycloak JavaScript CI	Run /./.github/actions/status-check	2024-10-24T00:41:20.7623229Z  - account-ui: success
Status Check - Keycloak JavaScript CI	Run /./.github/actions/status-check	2024-10-24T00:41:20.7623807Z  - account-ui-e2e: success
Status Check - Keycloak JavaScript CI	Run /./.github/actions/status-check	2024-10-24T00:41:20.7624233Z  - admin-ui: success
Status Check - Keycloak JavaScript CI	Run /./.github/actions/status-check	2024-10-24T00:41:20.7624702Z  - admin-ui-e2e: failure
Status Check - Keycloak JavaScript CI	Run /./.github/actions/status-check	2024-10-24T00:41:20.7830038Z 
Status Check - Keycloak JavaScript CI	Run /./.github/actions/status-check	2024-10-24T00:41:20.7830578Z Status check not okay!
Status Check - Keycloak JavaScript CI	Run /./.github/actions/status-check	2024-10-24T00:41:20.7845655Z ##[error]Process completed with exit code 1.
