Build	Build Keycloak	2023-02-05T23:03:35.4979139Z Prepare all required actions
Build	Build Keycloak	2023-02-05T23:03:35.4979500Z Getting action download info
Build	Build Keycloak	2023-02-05T23:03:35.6976026Z Download action repository 'actions/setup-java@v3' (SHA:1df8dbefe2a8cbc99770194893dd902763bee34b)
Build	Build Keycloak	2023-02-05T23:03:36.5200548Z Download action repository 'actions/upload-artifact@v3' (SHA:0b7f8abb1508181956e8e162db84b466c27e18ce)
Build	Build Keycloak	2023-02-05T23:03:37.1726464Z ##[group]Run ./.github/actions/build-keycloak
Build	Build Keycloak	2023-02-05T23:03:37.1726712Z with:
Build	Build Keycloak	2023-02-05T23:03:37.1726895Z   upload-m2-repo: true
Build	Build Keycloak	2023-02-05T23:03:37.1727108Z   upload-dist: false
Build	Build Keycloak	2023-02-05T23:03:37.1727304Z   jdk-dist: temurin
Build	Build Keycloak	2023-02-05T23:03:37.1727487Z   jdk-version: 11
Build	Build Keycloak	2023-02-05T23:03:37.1727667Z env:
Build	Build Keycloak	2023-02-05T23:03:37.1727851Z   DEFAULT_JDK_VERSION: 11
Build	Build Keycloak	2023-02-05T23:03:37.1728058Z   DEFAULT_JDK_DIST: temurin
Build	Build Keycloak	2023-02-05T23:03:37.1728281Z   SUREFIRE_RERUN_FAILING_COUNT: 2
Build	Build Keycloak	2023-02-05T23:03:37.1728487Z ##[endgroup]
Build	Build Keycloak	2023-02-05T23:03:37.2000376Z ##[group]Run actions/setup-java@v3
Build	Build Keycloak	2023-02-05T23:03:37.2000610Z with:
Build	Build Keycloak	2023-02-05T23:03:37.2000842Z   distribution: temurin
Build	Build Keycloak	2023-02-05T23:03:37.2001052Z   java-version: 11
Build	Build Keycloak	2023-02-05T23:03:37.2001255Z   java-package: jdk
Build	Build Keycloak	2023-02-05T23:03:37.2001456Z   check-latest: false
Build	Build Keycloak	2023-02-05T23:03:37.2001659Z   server-id: github
Build	Build Keycloak	2023-02-05T23:03:37.2001871Z   server-username: GITHUB_ACTOR
Build	Build Keycloak	2023-02-05T23:03:37.2002114Z   server-password: GITHUB_TOKEN
Build	Build Keycloak	2023-02-05T23:03:37.2002345Z   overwrite-settings: true
Build	Build Keycloak	2023-02-05T23:03:37.2002562Z   job-status: success
Build	Build Keycloak	2023-02-05T23:03:37.2002899Z   token: ***
Build	Build Keycloak	2023-02-05T23:03:37.2003071Z env:
Build	Build Keycloak	2023-02-05T23:03:37.2003253Z   DEFAULT_JDK_VERSION: 11
Build	Build Keycloak	2023-02-05T23:03:37.2003454Z   DEFAULT_JDK_DIST: temurin
Build	Build Keycloak	2023-02-05T23:03:37.2003680Z   SUREFIRE_RERUN_FAILING_COUNT: 2
Build	Build Keycloak	2023-02-05T23:03:37.2003895Z ##[endgroup]
Build	Build Keycloak	2023-02-05T23:03:37.4149385Z ##[group]Installed distributions
Build	Build Keycloak	2023-02-05T23:03:37.4206639Z Resolved Java 11.0.18+10 from tool-cache
Build	Build Keycloak	2023-02-05T23:03:37.4207084Z Setting Java 11.0.18+10 as the default
Build	Build Keycloak	2023-02-05T23:03:37.4228127Z Creating toolchains.xml for JDK version 11 from temurin
Build	Build Keycloak	2023-02-05T23:03:37.4330823Z Writing to /home/runner/.m2/toolchains.xml
Build	Build Keycloak	2023-02-05T23:03:37.4331738Z 
Build	Build Keycloak	2023-02-05T23:03:37.4332004Z Java configuration:
Build	Build Keycloak	2023-02-05T23:03:37.4332402Z   Distribution: temurin
Build	Build Keycloak	2023-02-05T23:03:37.4333112Z   Version: 11.0.18+10
Build	Build Keycloak	2023-02-05T23:03:37.4333770Z   Path: /opt/hostedtoolcache/Java_Temurin-Hotspot_jdk/11.0.18-10/x64
Build	Build Keycloak	2023-02-05T23:03:37.4334102Z 
Build	Build Keycloak	2023-02-05T23:03:37.4334547Z ##[endgroup]
Build	Build Keycloak	2023-02-05T23:03:37.4358231Z Creating settings.xml with server-id: github
Build	Build Keycloak	2023-02-05T23:03:37.4367216Z Writing to /home/runner/.m2/settings.xml
Build	Build Keycloak	2023-02-05T23:03:37.4479594Z Prepare all required actions
Build	Build Keycloak	2023-02-05T23:03:37.4479874Z Getting action download info
Build	Build Keycloak	2023-02-05T23:03:37.6536117Z Download action repository 'actions/cache@v3' (SHA:627f0f41f6904a5b1efbaed9f96d9eb58e92e920)
Build	Build Keycloak	2023-02-05T23:03:38.5237608Z ##[group]Run ./.github/actions/maven-cache
Build	Build Keycloak	2023-02-05T23:03:38.5237935Z env:
Build	Build Keycloak	2023-02-05T23:03:38.5238124Z   DEFAULT_JDK_VERSION: 11
Build	Build Keycloak	2023-02-05T23:03:38.5238335Z   DEFAULT_JDK_DIST: temurin
Build	Build Keycloak	2023-02-05T23:03:38.5238572Z   SUREFIRE_RERUN_FAILING_COUNT: 2
Build	Build Keycloak	2023-02-05T23:03:38.5238868Z   JAVA_HOME: /opt/hostedtoolcache/Java_Temurin-Hotspot_jdk/11.0.18-10/x64
Build	Build Keycloak	2023-02-05T23:03:38.5239217Z   JAVA_HOME_11_X64: /opt/hostedtoolcache/Java_Temurin-Hotspot_jdk/11.0.18-10/x64
Build	Build Keycloak	2023-02-05T23:03:38.5239483Z ##[endgroup]
Build	Build Keycloak	2023-02-05T23:03:38.5292495Z ##[group]Run echo "key=mvn-`date -u "+%Y-%U"`" >> $GITHUB_OUTPUT
Build	Build Keycloak	2023-02-05T23:03:38.5292898Z [36;1mecho "key=mvn-`date -u "+%Y-%U"`" >> $GITHUB_OUTPUT[0m
Build	Build Keycloak	2023-02-05T23:03:38.5354583Z shell: /usr/bin/bash --noprofile --norc -e -o pipefail {0}
Build	Build Keycloak	2023-02-05T23:03:38.5354852Z env:
Build	Build Keycloak	2023-02-05T23:03:38.5355046Z   DEFAULT_JDK_VERSION: 11
Build	Build Keycloak	2023-02-05T23:03:38.5355264Z   DEFAULT_JDK_DIST: temurin
Build	Build Keycloak	2023-02-05T23:03:38.5355480Z   SUREFIRE_RERUN_FAILING_COUNT: 2
Build	Build Keycloak	2023-02-05T23:03:38.5355788Z   JAVA_HOME: /opt/hostedtoolcache/Java_Temurin-Hotspot_jdk/11.0.18-10/x64
Build	Build Keycloak	2023-02-05T23:03:38.5356155Z   JAVA_HOME_11_X64: /opt/hostedtoolcache/Java_Temurin-Hotspot_jdk/11.0.18-10/x64
Build	Build Keycloak	2023-02-05T23:03:38.5356611Z ##[endgroup]
Build	Build Keycloak	2023-02-05T23:03:38.5560969Z ##[group]Run actions/cache@v3
Build	Build Keycloak	2023-02-05T23:03:38.5561184Z with:
Build	Build Keycloak	2023-02-05T23:03:38.5561364Z   path: ~/.m2/repository
Build	Build Keycloak	2023-02-05T23:03:38.5561557Z   key: mvn-2023-06
Build	Build Keycloak	2023-02-05T23:03:38.5561768Z   enableCrossOsArchive: false
Build	Build Keycloak	2023-02-05T23:03:38.5561999Z   fail-on-cache-miss: false
Build	Build Keycloak	2023-02-05T23:03:38.5562189Z env:
Build	Build Keycloak	2023-02-05T23:03:38.5562372Z   DEFAULT_JDK_VERSION: 11
Build	Build Keycloak	2023-02-05T23:03:38.5562579Z   DEFAULT_JDK_DIST: temurin
Build	Build Keycloak	2023-02-05T23:03:38.5562798Z   SUREFIRE_RERUN_FAILING_COUNT: 2
Build	Build Keycloak	2023-02-05T23:03:38.5563087Z   JAVA_HOME: /opt/hostedtoolcache/Java_Temurin-Hotspot_jdk/11.0.18-10/x64
Build	Build Keycloak	2023-02-05T23:03:38.5563448Z   JAVA_HOME_11_X64: /opt/hostedtoolcache/Java_Temurin-Hotspot_jdk/11.0.18-10/x64
Build	Build Keycloak	2023-02-05T23:03:38.5563709Z ##[endgroup]
Build	Build Keycloak	2023-02-05T23:03:40.1413805Z Received 8388608 of 576874281 (1.5%), 8.0 MBs/sec
Build	Build Keycloak	2023-02-05T23:03:41.1417172Z Received 155189248 of 576874281 (26.9%), 74.0 MBs/sec
Build	Build Keycloak	2023-02-05T23:03:42.1426618Z Received 339738624 of 576874281 (58.9%), 107.9 MBs/sec
Build	Build Keycloak	2023-02-05T23:03:43.1426771Z Received 511705088 of 576874281 (88.7%), 121.9 MBs/sec
Build	Build Keycloak	2023-02-05T23:03:43.8262236Z Received 576874281 of 576874281 (100.0%), 117.4 MBs/sec
Build	Build Keycloak	2023-02-05T23:03:43.8267992Z Cache Size: ~550 MB (576874281 B)
Build	Build Keycloak	2023-02-05T23:03:43.8404908Z [command]/usr/bin/tar -xf /home/runner/work/_temp/ce3d5ac7-2008-4c00-bd4c-664685f8d5d4/cache.tzst -P -C /home/runner/work/keycloak/keycloak --use-compress-program unzstd
Build	Build Keycloak	2023-02-05T23:03:45.9009263Z Cache restored successfully
Build	Build Keycloak	2023-02-05T23:03:45.9979235Z Cache restored from key: mvn-2023-06
Build	Build Keycloak	2023-02-05T23:03:46.0085238Z ##[group]Run if ( stat ~/.m2/repository/org/keycloak &>/dev/null ); then
Build	Build Keycloak	2023-02-05T23:03:46.0085631Z [36;1mif ( stat ~/.m2/repository/org/keycloak &>/dev/null ); then[0m
Build	Build Keycloak	2023-02-05T23:03:46.0085979Z [36;1m  echo "Found org/keycloak artifacts in Maven repository cache"[0m
Build	Build Keycloak	2023-02-05T23:03:46.0086300Z [36;1m  ls ~/.m2/repository/org/keycloak[0m
Build	Build Keycloak	2023-02-05T23:03:46.0086532Z [36;1m  exit 1[0m
Build	Build Keycloak	2023-02-05T23:03:46.0086716Z [36;1mfi[0m
Build	Build Keycloak	2023-02-05T23:03:46.0139268Z shell: /usr/bin/bash --noprofile --norc -e -o pipefail {0}
Build	Build Keycloak	2023-02-05T23:03:46.0139535Z env:
Build	Build Keycloak	2023-02-05T23:03:46.0139723Z   DEFAULT_JDK_VERSION: 11
Build	Build Keycloak	2023-02-05T23:03:46.0139944Z   DEFAULT_JDK_DIST: temurin
Build	Build Keycloak	2023-02-05T23:03:46.0140181Z   SUREFIRE_RERUN_FAILING_COUNT: 2
Build	Build Keycloak	2023-02-05T23:03:46.0140496Z   JAVA_HOME: /opt/hostedtoolcache/Java_Temurin-Hotspot_jdk/11.0.18-10/x64
Build	Build Keycloak	2023-02-05T23:03:46.0140872Z   JAVA_HOME_11_X64: /opt/hostedtoolcache/Java_Temurin-Hotspot_jdk/11.0.18-10/x64
Build	Build Keycloak	2023-02-05T23:03:46.0141173Z   MSYS: winsymlinks:nativestrict
Build	Build Keycloak	2023-02-05T23:03:46.0141388Z ##[endgroup]
Build	Build Keycloak	2023-02-05T23:03:46.0604665Z Found org/keycloak artifacts in Maven repository cache
Build	Build Keycloak	2023-02-05T23:03:46.0615522Z keycloak-common
Build	Build Keycloak	2023-02-05T23:03:46.0616014Z keycloak-operator
Build	Build Keycloak	2023-02-05T23:03:46.0616933Z keycloak-parent
Build	Build Keycloak	2023-02-05T23:03:46.0632336Z ##[error]Process completed with exit code 1.
Status Check - Keycloak CI	Check status	2023-02-05T23:04:03.4102598Z Prepare all required actions
Status Check - Keycloak CI	Check status	2023-02-05T23:04:03.4187886Z ##[group]Run ./.github/actions/checks-job-pass
Status Check - Keycloak CI	Check status	2023-02-05T23:04:03.4188180Z with:
Status Check - Keycloak CI	Check status	2023-02-05T23:04:03.4188396Z   required: true
Status Check - Keycloak CI	Check status	2023-02-05T23:04:03.4188592Z env:
Status Check - Keycloak CI	Check status	2023-02-05T23:04:03.4188820Z   DEFAULT_JDK_VERSION: 11
Status Check - Keycloak CI	Check status	2023-02-05T23:04:03.4189074Z   DEFAULT_JDK_DIST: temurin
Status Check - Keycloak CI	Check status	2023-02-05T23:04:03.4189323Z   SUREFIRE_RERUN_FAILING_COUNT: 2
Status Check - Keycloak CI	Check status	2023-02-05T23:04:03.4189574Z ##[endgroup]
Status Check - Keycloak CI	Check status	2023-02-05T23:04:03.4604722Z ##[group]Run if [ "true" == "false" ]; then
Status Check - Keycloak CI	Check status	2023-02-05T23:04:03.4605071Z [36;1mif [ "true" == "false" ]; then[0m
Status Check - Keycloak CI	Check status	2023-02-05T23:04:03.4605336Z [36;1m  echo "Not required to run, skipping"[0m
Status Check - Keycloak CI	Check status	2023-02-05T23:04:03.4605570Z [36;1melse[0m
Status Check - Keycloak CI	Check status	2023-02-05T23:04:03.4605765Z [36;1m  if [ "" == "success" ]; then[0m
Status Check - Keycloak CI	Check status	2023-02-05T23:04:03.4605988Z [36;1m    echo "Success"[0m
Status Check - Keycloak CI	Check status	2023-02-05T23:04:03.4606190Z [36;1m  else[0m
Status Check - Keycloak CI	Check status	2023-02-05T23:04:03.4606416Z [36;1m    echo "Required to run, but didn't succeed"[0m
Status Check - Keycloak CI	Check status	2023-02-05T23:04:03.4606658Z [36;1m    exit 1[0m
Status Check - Keycloak CI	Check status	2023-02-05T23:04:03.4606895Z [36;1m  fi        [0m
Status Check - Keycloak CI	Check status	2023-02-05T23:04:03.4607086Z [36;1mfi[0m
Status Check - Keycloak CI	Check status	2023-02-05T23:04:03.4677168Z shell: /usr/bin/bash --noprofile --norc -e -o pipefail {0}
Status Check - Keycloak CI	Check status	2023-02-05T23:04:03.4677454Z env:
Status Check - Keycloak CI	Check status	2023-02-05T23:04:03.4677673Z   DEFAULT_JDK_VERSION: 11
Status Check - Keycloak CI	Check status	2023-02-05T23:04:03.4677884Z   DEFAULT_JDK_DIST: temurin
Status Check - Keycloak CI	Check status	2023-02-05T23:04:03.4678117Z   SUREFIRE_RERUN_FAILING_COUNT: 2
Status Check - Keycloak CI	Check status	2023-02-05T23:04:03.4678341Z ##[endgroup]
Status Check - Keycloak CI	Check status	2023-02-05T23:04:03.4871646Z Required to run, but didn't succeed
Status Check - Keycloak CI	Check status	2023-02-05T23:04:03.4907784Z ##[error]Process completed with exit code 1.
