SSSD	Run tests	2024-08-05T00:22:22.7389773Z ##[group]Run .github/scripts/run-ipa.sh "/home/runner/work/keycloak/keycloak"
SSSD	Run tests	2024-08-05T00:22:22.7390919Z [36;1m.github/scripts/run-ipa.sh "/home/runner/work/keycloak/keycloak"[0m
SSSD	Run tests	2024-08-05T00:22:22.7431237Z shell: /usr/bin/bash --noprofile --norc -e -o pipefail {0}
SSSD	Run tests	2024-08-05T00:22:22.7431680Z env:
SSSD	Run tests	2024-08-05T00:22:22.7432043Z   MAVEN_ARGS: -B -nsu -Daether.connector.http.connectionMaxTtl=25
SSSD	Run tests	2024-08-05T00:22:22.7432523Z   SUREFIRE_RERUN_FAILING_COUNT: 2
SSSD	Run tests	2024-08-05T00:22:22.7432922Z   SUREFIRE_RETRY: -Dsurefire.rerunFailingTestsCount=2
SSSD	Run tests	2024-08-05T00:22:22.7433476Z   JAVA_HOME: /opt/hostedtoolcache/Java_Temurin-Hotspot_jdk/21.0.4-7/x64
SSSD	Run tests	2024-08-05T00:22:22.7434117Z   JAVA_HOME_21_X64: /opt/hostedtoolcache/Java_Temurin-Hotspot_jdk/21.0.4-7/x64
SSSD	Run tests	2024-08-05T00:22:22.7434599Z ##[endgroup]
SSSD	Run tests	2024-08-05T00:22:22.7507718Z Using data from previous execution
SSSD	Run tests	2024-08-05T00:22:24.4050840Z Starting ipa-server container
SSSD	Run tests	2024-08-05T00:22:24.7886510Z Resolving "freeipa/freeipa-server" using unqualified-search registries (/etc/containers/registries.conf)
SSSD	Run tests	2024-08-05T00:22:24.7888172Z Trying to pull docker.io/freeipa/freeipa-server:rocky-9...
SSSD	Run tests	2024-08-05T00:22:25.2803780Z Getting image source signatures
SSSD	Run tests	2024-08-05T00:22:25.2815077Z Copying blob sha256:1cd365dd260587463d9422a64df4f897be6fb007bd35753754e6490ea29c1f7c
SSSD	Run tests	2024-08-05T00:22:25.2816468Z Copying blob sha256:9e5a88abdef84d793d1db8ea1bce210200358e4dac91639528e811550b782162
SSSD	Run tests	2024-08-05T00:22:25.2817774Z Copying blob sha256:54e6200303c0fb116454940cf8cb32b0371d745245c54f4a50c07651d289da00
SSSD	Run tests	2024-08-05T00:22:25.2826321Z Copying blob sha256:5502ccf636204ae193d74bf7cb9016c1110a5424163262d0bcdb6d01364849eb
SSSD	Run tests	2024-08-05T00:22:25.2827597Z Copying blob sha256:f7b4079cecea0653a3d9a84ca06c64e63280a89d0b16c81af167941650e0ff8e
SSSD	Run tests	2024-08-05T00:22:25.2828388Z Copying blob sha256:6494e5526a2d242a34052d1e64df8605604bc50debde5673e0e04dc6b88bcbfe
SSSD	Run tests	2024-08-05T00:22:25.5756947Z Copying blob sha256:f7b4079cecea0653a3d9a84ca06c64e63280a89d0b16c81af167941650e0ff8e
SSSD	Run tests	2024-08-05T00:22:25.6403922Z Copying blob sha256:1cd365dd260587463d9422a64df4f897be6fb007bd35753754e6490ea29c1f7c
SSSD	Run tests	2024-08-05T00:22:25.6428587Z Copying blob sha256:54e6200303c0fb116454940cf8cb32b0371d745245c54f4a50c07651d289da00
SSSD	Run tests	2024-08-05T00:22:25.6478272Z Copying blob sha256:9e5a88abdef84d793d1db8ea1bce210200358e4dac91639528e811550b782162
SSSD	Run tests	2024-08-05T00:22:25.9775970Z Copying blob sha256:5502ccf636204ae193d74bf7cb9016c1110a5424163262d0bcdb6d01364849eb
SSSD	Run tests	2024-08-05T00:22:26.3287565Z Copying blob sha256:6494e5526a2d242a34052d1e64df8605604bc50debde5673e0e04dc6b88bcbfe
SSSD	Run tests	2024-08-05T00:22:26.3350924Z Copying blob sha256:1e0bdff3a39e72f33252032eef0a4eaa2ed0a65bfa00d298c8b7a490980d4c8d
SSSD	Run tests	2024-08-05T00:22:26.3354183Z Copying blob sha256:9d4fd14581edca21e15a20d9f4b08597794ff2ff1201f9480f0ec39dd292e786
SSSD	Run tests	2024-08-05T00:22:26.3370240Z Copying blob sha256:26e23f072d5fe1efe19e0101ee69984e524b8e95e467f0b65ef0681595fd4a01
SSSD	Run tests	2024-08-05T00:22:26.3375576Z Copying blob sha256:d037519622c92bb9719a3ef930c710c7f32a6137ea6555493d31dfd825d2d19b
SSSD	Run tests	2024-08-05T00:22:26.3376613Z Copying blob sha256:8b3d449e73ca29ec3991980fe2576f56db2a730dbef1e4fe5ff161b492297ff2
SSSD	Run tests	2024-08-05T00:22:26.3995404Z Copying blob sha256:8b3d449e73ca29ec3991980fe2576f56db2a730dbef1e4fe5ff161b492297ff2
SSSD	Run tests	2024-08-05T00:22:26.4012070Z Copying blob sha256:1e3c3409dac46afc86face866ce78bf5c9081cde6ab39bd34a7a8924c82e0600
SSSD	Run tests	2024-08-05T00:22:26.4051050Z Copying blob sha256:9d4fd14581edca21e15a20d9f4b08597794ff2ff1201f9480f0ec39dd292e786
SSSD	Run tests	2024-08-05T00:22:26.4058968Z Copying blob sha256:26e23f072d5fe1efe19e0101ee69984e524b8e95e467f0b65ef0681595fd4a01
SSSD	Run tests	2024-08-05T00:22:26.4070298Z Copying blob sha256:d037519622c92bb9719a3ef930c710c7f32a6137ea6555493d31dfd825d2d19b
SSSD	Run tests	2024-08-05T00:22:26.4106232Z Copying blob sha256:1e0bdff3a39e72f33252032eef0a4eaa2ed0a65bfa00d298c8b7a490980d4c8d
SSSD	Run tests	2024-08-05T00:22:26.4136099Z Copying blob sha256:637d761fa91e84d37e5d0818febc87ed5fe461873f12fea8407d8d2f54e2ebe9
SSSD	Run tests	2024-08-05T00:22:26.4147509Z Copying blob sha256:ba4c496fcac3aa0922fc10f020b7f271bc0dff8bc64dc640b3fc1de1e9fbc10c
SSSD	Run tests	2024-08-05T00:22:26.4160602Z Copying blob sha256:36e12a1793c822004982ddfd434f01d69d0d39ba2cf6ced73ef7885f800b1197
SSSD	Run tests	2024-08-05T00:22:26.4635086Z Copying blob sha256:1e3c3409dac46afc86face866ce78bf5c9081cde6ab39bd34a7a8924c82e0600
SSSD	Run tests	2024-08-05T00:22:26.4841352Z Copying blob sha256:c0bca60340e77cf757184ceac4f19b153a149ab7455fc8bba3df99fb7f640ffc
SSSD	Run tests	2024-08-05T00:22:26.4931105Z Copying blob sha256:36e12a1793c822004982ddfd434f01d69d0d39ba2cf6ced73ef7885f800b1197
SSSD	Run tests	2024-08-05T00:22:26.4935307Z Copying blob sha256:637d761fa91e84d37e5d0818febc87ed5fe461873f12fea8407d8d2f54e2ebe9
SSSD	Run tests	2024-08-05T00:22:26.4966514Z Copying blob sha256:ba4c496fcac3aa0922fc10f020b7f271bc0dff8bc64dc640b3fc1de1e9fbc10c
SSSD	Run tests	2024-08-05T00:22:26.5142683Z Copying blob sha256:bafda952e82fd71b0a4b93733e43e1c7752c971c9a7a91b2987ce946ce6309af
SSSD	Run tests	2024-08-05T00:22:26.5161511Z Copying blob sha256:5774a88c98355a88aa7e78e55d5dccd202077f8ffa471d348c3e23770ae015ca
SSSD	Run tests	2024-08-05T00:22:26.5216377Z Copying blob sha256:0b90ab179f8799890abbb0b0cd96bd0b6f419e5804759cbfaae14892da397bea
SSSD	Run tests	2024-08-05T00:22:26.5907408Z Copying blob sha256:c0bca60340e77cf757184ceac4f19b153a149ab7455fc8bba3df99fb7f640ffc
SSSD	Run tests	2024-08-05T00:22:26.5975056Z Copying blob sha256:b7c47f7676e8ac21450594c99f212388b7ec0a366eac84c851d8401ea8c70217
SSSD	Run tests	2024-08-05T00:22:26.6015440Z Copying blob sha256:5774a88c98355a88aa7e78e55d5dccd202077f8ffa471d348c3e23770ae015ca
SSSD	Run tests	2024-08-05T00:22:26.6065542Z Copying blob sha256:1652aae1fe15edbcc37c3f6ddaeef4960460bed50a3cd9107f0e87ade339c4f0
SSSD	Run tests	2024-08-05T00:22:26.6170677Z Copying blob sha256:bafda952e82fd71b0a4b93733e43e1c7752c971c9a7a91b2987ce946ce6309af
SSSD	Run tests	2024-08-05T00:22:26.6201483Z Copying blob sha256:e529a109d54a99bd0b45b7c68832a971b2e7de0051c99dee1c3202781119377a
SSSD	Run tests	2024-08-05T00:22:26.6363086Z Copying blob sha256:0b90ab179f8799890abbb0b0cd96bd0b6f419e5804759cbfaae14892da397bea
SSSD	Run tests	2024-08-05T00:22:26.6501702Z Copying blob sha256:46a9237f775ca2a0a06c0907f8cad2ad8d4708a8c4d2c80ddafd0391e0599e84
SSSD	Run tests	2024-08-05T00:22:26.6732083Z Copying blob sha256:b7c47f7676e8ac21450594c99f212388b7ec0a366eac84c851d8401ea8c70217
SSSD	Run tests	2024-08-05T00:22:26.6751749Z Copying blob sha256:ef7ce8d44b8210e8e0433caed5cd4ff391162c7dda60f84026fa2f2651a2e660
SSSD	Run tests	2024-08-05T00:22:26.6845149Z Copying blob sha256:1652aae1fe15edbcc37c3f6ddaeef4960460bed50a3cd9107f0e87ade339c4f0
SSSD	Run tests	2024-08-05T00:22:26.6916119Z Copying blob sha256:2b8a4092d0a85570561d9388efac23f3f2772065cb3ca27b0fe21db462c1a1a6
SSSD	Run tests	2024-08-05T00:22:26.7003020Z Copying blob sha256:e529a109d54a99bd0b45b7c68832a971b2e7de0051c99dee1c3202781119377a
SSSD	Run tests	2024-08-05T00:22:26.7036407Z Copying blob sha256:786a17f063e6bbf2a123378228236a6dc42b7db577ac807a0bc5895fade8c2ad
SSSD	Run tests	2024-08-05T00:22:26.7282122Z Copying blob sha256:46a9237f775ca2a0a06c0907f8cad2ad8d4708a8c4d2c80ddafd0391e0599e84
SSSD	Run tests	2024-08-05T00:22:26.7587089Z Copying blob sha256:1dd0ce576ec2bfc10bb8a2f75e912e445cb5cd5014fb76c96ce38189f245053a
SSSD	Run tests	2024-08-05T00:22:26.7643822Z Copying blob sha256:ef7ce8d44b8210e8e0433caed5cd4ff391162c7dda60f84026fa2f2651a2e660
SSSD	Run tests	2024-08-05T00:22:26.7691765Z Copying blob sha256:7cb97585301fbd0abe3b7e87ce2b3e26dea29791b83e9fb162c0cc6cfd5319eb
SSSD	Run tests	2024-08-05T00:22:26.7857079Z Copying blob sha256:786a17f063e6bbf2a123378228236a6dc42b7db577ac807a0bc5895fade8c2ad
SSSD	Run tests	2024-08-05T00:22:26.7922215Z Copying blob sha256:345113779f27e52e4d81843cba92365c52413e2b87c33d04cc66a7426b7c3a89
SSSD	Run tests	2024-08-05T00:22:26.7927438Z Copying blob sha256:2b8a4092d0a85570561d9388efac23f3f2772065cb3ca27b0fe21db462c1a1a6
SSSD	Run tests	2024-08-05T00:22:26.8122106Z Copying blob sha256:5840bef7b0d0588200a4865b15ebdeb6411cf00cef5388b94bffe477b61f45ce
SSSD	Run tests	2024-08-05T00:22:26.8377955Z Copying blob sha256:1dd0ce576ec2bfc10bb8a2f75e912e445cb5cd5014fb76c96ce38189f245053a
SSSD	Run tests	2024-08-05T00:22:26.8401483Z Copying blob sha256:ee63e8f51100fc91f21c80f73ef5a4e72289302c1a141fef134e3d956eb4d66a
SSSD	Run tests	2024-08-05T00:22:26.8412436Z Copying blob sha256:7cb97585301fbd0abe3b7e87ce2b3e26dea29791b83e9fb162c0cc6cfd5319eb
SSSD	Run tests	2024-08-05T00:22:26.8573133Z Copying blob sha256:ccba54274c08fc3843fc9c38c328d72c652baad25b1d03d2caa6fb0fa878c3ef
SSSD	Run tests	2024-08-05T00:22:26.8714638Z Copying blob sha256:345113779f27e52e4d81843cba92365c52413e2b87c33d04cc66a7426b7c3a89
SSSD	Run tests	2024-08-05T00:22:26.8793026Z Copying blob sha256:a0aa6eecc53fa49785a4d2d8f0108bdb8c7a8fa119b879976b9c52adf82860a6
SSSD	Run tests	2024-08-05T00:22:26.9023241Z Copying blob sha256:5840bef7b0d0588200a4865b15ebdeb6411cf00cef5388b94bffe477b61f45ce
SSSD	Run tests	2024-08-05T00:22:26.9092069Z Copying blob sha256:32f0dc7c97774afd256d31cff648ff0d81f2a30302026554e38f2c9d10dfa8a9
SSSD	Run tests	2024-08-05T00:22:26.9192716Z Copying blob sha256:ee63e8f51100fc91f21c80f73ef5a4e72289302c1a141fef134e3d956eb4d66a
SSSD	Run tests	2024-08-05T00:22:26.9312434Z Copying blob sha256:ccba54274c08fc3843fc9c38c328d72c652baad25b1d03d2caa6fb0fa878c3ef
SSSD	Run tests	2024-08-05T00:22:26.9358463Z Copying blob sha256:f4b583767c72ef59660a2abe66103f34e632f1174876fe2e0ab80dca338b269f
SSSD	Run tests	2024-08-05T00:22:26.9359892Z Copying blob sha256:a7cd2e9e845c25d0d8fcba4da92f8b43a6886c6e895b6dd274e68030ea25c9a1
SSSD	Run tests	2024-08-05T00:22:26.9585797Z Copying blob sha256:a0aa6eecc53fa49785a4d2d8f0108bdb8c7a8fa119b879976b9c52adf82860a6
SSSD	Run tests	2024-08-05T00:22:26.9624291Z Copying blob sha256:e67b3c77390266083d828c5719494d047483d7da1408dc5c10b000243df7eddf
SSSD	Run tests	2024-08-05T00:22:26.9850444Z Copying blob sha256:32f0dc7c97774afd256d31cff648ff0d81f2a30302026554e38f2c9d10dfa8a9
SSSD	Run tests	2024-08-05T00:22:27.0187055Z Copying blob sha256:a7cd2e9e845c25d0d8fcba4da92f8b43a6886c6e895b6dd274e68030ea25c9a1
SSSD	Run tests	2024-08-05T00:22:27.0297601Z Copying blob sha256:7f2608b151d97d69e37bb208bd615b4817beb0b4d61c3439b3081c16081cb905
SSSD	Run tests	2024-08-05T00:22:27.0315843Z Copying blob sha256:f4b583767c72ef59660a2abe66103f34e632f1174876fe2e0ab80dca338b269f
SSSD	Run tests	2024-08-05T00:22:27.0319705Z Copying blob sha256:0936531081dbf1037ff48c9043b0acce5ee8852cd04b795ebfcabab4dbbd5e55
SSSD	Run tests	2024-08-05T00:22:27.0366312Z Copying blob sha256:2e1dcbdf18391c524e5b7cd3693bc5f43d81f2b6501cfa4a43afefe3be469903
SSSD	Run tests	2024-08-05T00:22:27.0691596Z Copying blob sha256:e67b3c77390266083d828c5719494d047483d7da1408dc5c10b000243df7eddf
SSSD	Run tests	2024-08-05T00:22:27.0752275Z Copying blob sha256:c46e1655de2050d66ac33e48847132d3b08235acff4cb85d86c203c4781dfb43
SSSD	Run tests	2024-08-05T00:22:27.0978819Z Copying blob sha256:0936531081dbf1037ff48c9043b0acce5ee8852cd04b795ebfcabab4dbbd5e55
SSSD	Run tests	2024-08-05T00:22:27.1006205Z Copying blob sha256:9735ad96634e75d49a3fb9843c4dd31d5c7205716231240e49186e4ada3a443f
SSSD	Run tests	2024-08-05T00:22:27.1109637Z Copying blob sha256:7f2608b151d97d69e37bb208bd615b4817beb0b4d61c3439b3081c16081cb905
SSSD	Run tests	2024-08-05T00:22:27.1179790Z Copying blob sha256:2e1dcbdf18391c524e5b7cd3693bc5f43d81f2b6501cfa4a43afefe3be469903
SSSD	Run tests	2024-08-05T00:22:27.1239895Z Copying blob sha256:79359192ce3d1952f1775024e9aadc2fa65adb8edded6e48e65a10426fb97ae5
SSSD	Run tests	2024-08-05T00:22:27.1250811Z Copying blob sha256:aecba51a3c63158e2591be6e95ed43a79609eaa638609e424fac9b959b5afaa3
SSSD	Run tests	2024-08-05T00:22:27.1491593Z Copying blob sha256:c46e1655de2050d66ac33e48847132d3b08235acff4cb85d86c203c4781dfb43
SSSD	Run tests	2024-08-05T00:22:27.1538708Z Copying blob sha256:1330c8be4e151f37dadd934479621cc5a541da8bbc03e5ec5ad164b3c9fbcafa
SSSD	Run tests	2024-08-05T00:22:27.1761389Z Copying blob sha256:9735ad96634e75d49a3fb9843c4dd31d5c7205716231240e49186e4ada3a443f
SSSD	Run tests	2024-08-05T00:22:27.1928573Z Copying blob sha256:79359192ce3d1952f1775024e9aadc2fa65adb8edded6e48e65a10426fb97ae5
SSSD	Run tests	2024-08-05T00:22:27.2018707Z Copying blob sha256:aecba51a3c63158e2591be6e95ed43a79609eaa638609e424fac9b959b5afaa3
SSSD	Run tests	2024-08-05T00:22:27.2194163Z Copying blob sha256:1330c8be4e151f37dadd934479621cc5a541da8bbc03e5ec5ad164b3c9fbcafa
SSSD	Run tests	2024-08-05T00:22:40.8004247Z Copying config sha256:8a68228854ee50f992f9c23f6bf85874642ece8b3a2df96106c23b3a2824cb89
SSSD	Run tests	2024-08-05T00:22:40.8028082Z Writing manifest to image destination
SSSD	Run tests	2024-08-05T00:22:40.8029903Z Storing signatures
SSSD	Run tests	2024-08-05T00:22:41.1826859Z Container 6f2bb1fab32380d3ea021f794ddb2bee4f5c55f184fdb4424d7f1482113162e3 started, waiting ipa-server configuration
SSSD	Run tests	2024-08-05T00:23:11.4698461Z The server is ready, performing tests
SSSD	Run tests	2024-08-05T00:23:11.5426275Z Executing federation-sssd-setup.sh to prepare SSSD and PAM
SSSD	Run tests	2024-08-05T00:23:11.6840327Z /etc/pam.d/keycloak already exists. Skipping it...
SSSD	Run tests	2024-08-05T00:23:11.6842412Z Installing jdk-21 in the container
SSSD	Run tests	2024-08-05T00:23:12.0200797Z Rocky Linux 9 - BaseOS                           13 MB/s | 2.3 MB     00:00    
SSSD	Run tests	2024-08-05T00:23:13.1384864Z Rocky Linux 9 - AppStream                       9.7 MB/s | 8.0 MB     00:00    
SSSD	Run tests	2024-08-05T00:23:15.3260692Z Rocky Linux 9 - Extras                           14 kB/s |  15 kB     00:01    
SSSD	Run tests	2024-08-05T00:23:15.6517062Z Dependencies resolved.
SSSD	Run tests	2024-08-05T00:23:15.6524719Z ================================================================================
SSSD	Run tests	2024-08-05T00:23:15.6527888Z  Package                     Arch      Version               Repository    Size
SSSD	Run tests	2024-08-05T00:23:15.6530211Z ================================================================================
SSSD	Run tests	2024-08-05T00:23:15.6531265Z Installing:
SSSD	Run tests	2024-08-05T00:23:15.6532358Z  java-21-openjdk-devel       x86_64    1:21.0.4.0.7-1.el9    appstream    5.0 M
SSSD	Run tests	2024-08-05T00:23:15.6533842Z Installing dependencies:
SSSD	Run tests	2024-08-05T00:23:15.6534770Z  java-21-openjdk             x86_64    1:21.0.4.0.7-1.el9    appstream    426 k
SSSD	Run tests	2024-08-05T00:23:15.6535993Z  java-21-openjdk-headless    x86_64    1:21.0.4.0.7-1.el9    appstream     48 M
SSSD	Run tests	2024-08-05T00:23:15.6536738Z 
SSSD	Run tests	2024-08-05T00:23:15.6536956Z Transaction Summary
SSSD	Run tests	2024-08-05T00:23:15.6537715Z ================================================================================
SSSD	Run tests	2024-08-05T00:23:15.6538408Z Install  3 Packages
SSSD	Run tests	2024-08-05T00:23:15.6538720Z 
SSSD	Run tests	2024-08-05T00:23:15.6538914Z Total download size: 53 M
SSSD	Run tests	2024-08-05T00:23:15.6539420Z Installed size: 218 M
SSSD	Run tests	2024-08-05T00:23:15.6539930Z Downloading Packages:
SSSD	Run tests	2024-08-05T00:23:16.3006973Z (1/3): java-21-openjdk-21.0.4.0.7-1.el9.x86_64. 730 kB/s | 426 kB     00:00    
SSSD	Run tests	2024-08-05T00:23:16.5471829Z (2/3): java-21-openjdk-devel-21.0.4.0.7-1.el9.x 6.0 MB/s | 5.0 MB     00:00    
SSSD	Run tests	2024-08-05T00:23:17.2338552Z (3/3): java-21-openjdk-headless-21.0.4.0.7-1.el  31 MB/s |  48 MB     00:01    
SSSD	Run tests	2024-08-05T00:23:17.2363468Z --------------------------------------------------------------------------------
SSSD	Run tests	2024-08-05T00:23:17.2366322Z Total                                            34 MB/s |  53 MB     00:01     
SSSD	Run tests	2024-08-05T00:23:17.4244458Z Running transaction check
SSSD	Run tests	2024-08-05T00:23:17.4341161Z Transaction check succeeded.
SSSD	Run tests	2024-08-05T00:23:17.4341982Z Running transaction test
SSSD	Run tests	2024-08-05T00:23:17.6316614Z Transaction test succeeded.
SSSD	Run tests	2024-08-05T00:23:17.6320399Z Running transaction
SSSD	Run tests	2024-08-05T00:23:17.8169368Z   Running scriptlet: java-21-openjdk-headless-1:21.0.4.0.7-1.el9.x86_64     1/1 
SSSD	Run tests	2024-08-05T00:23:18.5567878Z   Preparing        :                                                        1/1 
SSSD	Run tests	2024-08-05T00:23:18.5628898Z   Installing       : java-21-openjdk-headless-1:21.0.4.0.7-1.el9.x86_64     1/3 
SSSD	Run tests	2024-08-05T00:23:18.5794683Z   Running scriptlet: java-21-openjdk-headless-1:21.0.4.0.7-1.el9.x86_64     1/3 
SSSD	Run tests	2024-08-05T00:23:18.5812261Z   Installing       : java-21-openjdk-1:21.0.4.0.7-1.el9.x86_64              2/3 
SSSD	Run tests	2024-08-05T00:23:18.6295696Z   Running scriptlet: java-21-openjdk-1:21.0.4.0.7-1.el9.x86_64              2/3 
SSSD	Run tests	2024-08-05T00:23:18.6326556Z   Installing       : java-21-openjdk-devel-1:21.0.4.0.7-1.el9.x86_64        3/3 
SSSD	Run tests	2024-08-05T00:23:18.6397423Z   Running scriptlet: java-21-openjdk-devel-1:21.0.4.0.7-1.el9.x86_64        3/3 
SSSD	Run tests	2024-08-05T00:23:18.6493974Z   Running scriptlet: java-21-openjdk-headless-1:21.0.4.0.7-1.el9.x86_64     3/3 
SSSD	Run tests	2024-08-05T00:23:18.6547734Z   Running scriptlet: java-21-openjdk-1:21.0.4.0.7-1.el9.x86_64              3/3 
SSSD	Run tests	2024-08-05T00:23:18.7329061Z   Running scriptlet: java-21-openjdk-devel-1:21.0.4.0.7-1.el9.x86_64        3/3 
SSSD	Run tests	2024-08-05T00:23:18.7330666Z   Verifying        : java-21-openjdk-headless-1:21.0.4.0.7-1.el9.x86_64     1/3 
SSSD	Run tests	2024-08-05T00:23:18.7333461Z   Verifying        : java-21-openjdk-devel-1:21.0.4.0.7-1.el9.x86_64        2/3 
SSSD	Run tests	2024-08-05T00:23:18.7499847Z   Verifying        : java-21-openjdk-1:21.0.4.0.7-1.el9.x86_64              3/3 
SSSD	Run tests	2024-08-05T00:23:18.7500533Z 
SSSD	Run tests	2024-08-05T00:23:18.7500711Z Installed:
SSSD	Run tests	2024-08-05T00:23:18.7501552Z   java-21-openjdk-1:21.0.4.0.7-1.el9.x86_64                                     
SSSD	Run tests	2024-08-05T00:23:18.7502827Z   java-21-openjdk-devel-1:21.0.4.0.7-1.el9.x86_64                               
SSSD	Run tests	2024-08-05T00:23:18.7504362Z   java-21-openjdk-headless-1:21.0.4.0.7-1.el9.x86_64                            
SSSD	Run tests	2024-08-05T00:23:18.7505446Z 
SSSD	Run tests	2024-08-05T00:23:18.7505613Z Complete!
SSSD	Run tests	2024-08-05T00:23:18.7880796Z Building quarkus keyclok server with SSSD integration
SSSD	Run tests	2024-08-05T00:23:20.6088655Z [INFO] Error stacktraces are turned on.
SSSD	Run tests	2024-08-05T00:23:20.6286305Z [INFO] Loading cache configuration from /github/workspace/.mvn/maven-build-cache-config.xml
SSSD	Run tests	2024-08-05T00:23:20.6448726Z [INFO] Scanning for projects...
SSSD	Run tests	2024-08-05T00:23:21.3897902Z [WARNING] The requested profile "auth-server-quarkus" could not be activated because it does not exist.
SSSD	Run tests	2024-08-05T00:23:21.3984842Z [INFO] 
SSSD	Run tests	2024-08-05T00:23:21.3989828Z [INFO] --< org.keycloak.testsuite:integration-arquillian-servers-auth-server-quarkus >--
SSSD	Run tests	2024-08-05T00:23:21.3994685Z [INFO] Building Auth Server - Quarkus 999.0.0-SNAPSHOT
SSSD	Run tests	2024-08-05T00:23:21.3999910Z [INFO]   from pom.xml
SSSD	Run tests	2024-08-05T00:23:21.4004092Z [INFO] --------------------------------[ jar ]---------------------------------
SSSD	Run tests	2024-08-05T00:23:22.8290856Z [INFO] 
SSSD	Run tests	2024-08-05T00:23:22.8294139Z [INFO] --- enforcer:3.0.0-M3:enforce (enforce-java-version) @ integration-arquillian-servers-auth-server-quarkus ---
SSSD	Run tests	2024-08-05T00:23:22.9441476Z [INFO] 
SSSD	Run tests	2024-08-05T00:23:22.9447658Z [INFO] --- enforcer:3.0.0-M3:enforce (enforce-maven-version) @ integration-arquillian-servers-auth-server-quarkus ---
SSSD	Run tests	2024-08-05T00:23:22.9456915Z [INFO] 
SSSD	Run tests	2024-08-05T00:23:22.9462805Z [INFO] --- enforcer:3.0.0-M3:enforce (enforce-maven) @ integration-arquillian-servers-auth-server-quarkus ---
SSSD	Run tests	2024-08-05T00:23:22.9470705Z [INFO] 
SSSD	Run tests	2024-08-05T00:23:22.9474264Z [INFO] --- buildnumber:1.4:create (get-scm-revision) @ integration-arquillian-servers-auth-server-quarkus ---
SSSD	Run tests	2024-08-05T00:23:23.1283124Z [INFO] Executing: /bin/sh -c cd '/github/workspace/testsuite/integration-arquillian/servers/auth-server/quarkus' && 'git' 'rev-parse' '--verify' 'HEAD'
SSSD	Run tests	2024-08-05T00:23:23.1290686Z [INFO] Working directory: /github/workspace/testsuite/integration-arquillian/servers/auth-server/quarkus
SSSD	Run tests	2024-08-05T00:23:23.1318711Z [WARNING] Cannot get the revision information from the scm repository, proceeding with revision of UNKNOWN : 
SSSD	Run tests	2024-08-05T00:23:23.1319973Z Exception while executing SCM command.
SSSD	Run tests	2024-08-05T00:23:23.1323380Z [INFO] Storing buildNumber: UNKNOWN at timestamp: 1722817403114
SSSD	Run tests	2024-08-05T00:23:23.1342770Z [WARNING] Cannot get the branch information from the git repository: 
SSSD	Run tests	2024-08-05T00:23:23.1343622Z Error while executing command.
SSSD	Run tests	2024-08-05T00:23:23.1347637Z [INFO] Executing: /bin/sh -c cd '/github/workspace/testsuite/integration-arquillian/servers/auth-server/quarkus' && 'git' 'rev-parse' '--verify' 'HEAD'
SSSD	Run tests	2024-08-05T00:23:23.1350417Z [INFO] Working directory: /github/workspace/testsuite/integration-arquillian/servers/auth-server/quarkus
SSSD	Run tests	2024-08-05T00:23:23.1366890Z [WARNING] Cannot get the branch information from the scm repository, proceeding with UNKNOWN_BRANCH : 
SSSD	Run tests	2024-08-05T00:23:23.1368061Z Exception while executing SCM command.
SSSD	Run tests	2024-08-05T00:23:23.1374325Z [INFO] Storing buildScmBranch: UNKNOWN_BRANCH
SSSD	Run tests	2024-08-05T00:23:23.1379800Z [INFO] 
SSSD	Run tests	2024-08-05T00:23:23.1385877Z [INFO] --- dependency:3.1.2:unpack (unpack-server-or-overlay) @ integration-arquillian-servers-auth-server-quarkus ---
SSSD	Run tests	2024-08-05T00:23:23.5085184Z [INFO] Configured Artifact: org.keycloak:keycloak-quarkus-dist:999.0.0-SNAPSHOT:zip
SSSD	Run tests	2024-08-05T00:23:23.5288313Z [INFO] Unpacking /root/.m2/repository/org/keycloak/keycloak-quarkus-dist/999.0.0-SNAPSHOT/keycloak-quarkus-dist-999.0.0-SNAPSHOT.zip to /github/workspace/testsuite/integration-arquillian/servers/auth-server/quarkus/target/unpacked with includes "" and excludes ""
SSSD	Run tests	2024-08-05T00:23:25.2564442Z [INFO] 
SSSD	Run tests	2024-08-05T00:23:25.2566176Z [INFO] --- dependency:3.1.2:copy (includeOracleJdbcDriver) @ integration-arquillian-servers-auth-server-quarkus ---
SSSD	Run tests	2024-08-05T00:23:25.2613324Z [INFO] Configured Artifact: com.oracle.database.jdbc:ojdbc11:23.3.0.23.09:jar
SSSD	Run tests	2024-08-05T00:23:25.2652972Z [INFO] Configured Artifact: com.oracle.database.nls:orai18n:23.3.0.23.09:jar
SSSD	Run tests	2024-08-05T00:23:25.2664504Z [INFO] Copying ojdbc11-23.3.0.23.09.jar to /github/workspace/testsuite/integration-arquillian/servers/auth-server/quarkus/target/unpacked/keycloak-999.0.0-SNAPSHOT/providers/ojdbc11-23.3.0.23.09.jar
SSSD	Run tests	2024-08-05T00:23:25.2782471Z [INFO] Copying orai18n-23.3.0.23.09.jar to /github/workspace/testsuite/integration-arquillian/servers/auth-server/quarkus/target/unpacked/keycloak-999.0.0-SNAPSHOT/providers/orai18n-23.3.0.23.09.jar
SSSD	Run tests	2024-08-05T00:23:25.2800492Z [INFO] 
SSSD	Run tests	2024-08-05T00:23:25.2802176Z [INFO] --- dependency:3.1.2:copy (copy-testsuite-providers) @ integration-arquillian-servers-auth-server-quarkus ---
SSSD	Run tests	2024-08-05T00:23:25.2813671Z [INFO] Configured Artifact: org.keycloak.testsuite:integration-arquillian-testsuite-providers:999.0.0-SNAPSHOT:jar
SSSD	Run tests	2024-08-05T00:23:25.2942623Z [INFO] Configured Artifact: org.keycloak.testsuite:integration-arquillian-testsuite-providers-deployment:999.0.0-SNAPSHOT:jar
SSSD	Run tests	2024-08-05T00:23:25.3035494Z [INFO] Copying integration-arquillian-testsuite-providers-999.0.0-SNAPSHOT.jar to /github/workspace/testsuite/integration-arquillian/servers/auth-server/quarkus/target/unpacked/keycloak-999.0.0-SNAPSHOT/providers/integration-arquillian-testsuite-providers-999.0.0-SNAPSHOT.jar
SSSD	Run tests	2024-08-05T00:23:25.3044501Z [INFO] Copying integration-arquillian-testsuite-providers-deployment-999.0.0-SNAPSHOT.jar to /github/workspace/testsuite/integration-arquillian/servers/auth-server/quarkus/target/unpacked/keycloak-999.0.0-SNAPSHOT/providers/integration-arquillian-testsuite-providers-deployment-999.0.0-SNAPSHOT.jar
SSSD	Run tests	2024-08-05T00:23:25.3050771Z [INFO] 
SSSD	Run tests	2024-08-05T00:23:25.3055066Z [INFO] --- antrun:1.8:run (ant-generate-default) @ integration-arquillian-servers-auth-server-quarkus ---
SSSD	Run tests	2024-08-05T00:23:25.5025667Z [INFO] Executing tasks
SSSD	Run tests	2024-08-05T00:23:25.5031053Z 
SSSD	Run tests	2024-08-05T00:23:25.5031247Z main:
SSSD	Run tests	2024-08-05T00:23:25.5198265Z 
SSSD	Run tests	2024-08-05T00:23:25.5198521Z config:
SSSD	Run tests	2024-08-05T00:23:25.5791831Z      [echo] Re-augmenting...
SSSD	Run tests	2024-08-05T00:23:26.4836407Z      [exec] Updating the configuration and installing your custom providers, if any. Please wait.
SSSD	Run tests	2024-08-05T00:23:30.0951486Z      [exec] 2024-08-05 00:23:28,668 WARN  [org.key.services] (build-6) KC-SERVICES0047: freemarker (org.keycloak.examples.providersoverride.CustomLoginFormsProviderFactory) is implementing the internal SPI login. This SPI is internal and may change without notice
SSSD	Run tests	2024-08-05T00:23:30.0956319Z      [exec] 2024-08-05 00:23:28,729 WARN  [org.key.services] (build-6) KC-SERVICES0047: direct-grant-validate-password (org.keycloak.examples.providersoverride.CustomValidatePassword2) is implementing the internal SPI authenticator. This SPI is internal and may change without notice
SSSD	Run tests	2024-08-05T00:23:30.0961122Z      [exec] 2024-08-05 00:23:28,729 WARN  [org.key.services] (build-6) KC-SERVICES0047: direct-grant-validate-username (org.keycloak.examples.providersoverride.CustomValidateUsername) is implementing the internal SPI authenticator. This SPI is internal and may change without notice
SSSD	Run tests	2024-08-05T00:23:30.0965903Z      [exec] 2024-08-05 00:23:28,982 WARN  [org.key.services] (build-6) KC-SERVICES0047: default (org.keycloak.examples.providersoverride.CustomDefaultEmailSenderProviderFactory2) is implementing the internal SPI emailSender. This SPI is internal and may change without notice
SSSD	Run tests	2024-08-05T00:23:33.8094748Z      [exec] 2024-08-05 00:23:33,749 INFO  [io.qua.dep.QuarkusAugmentor] (main) Quarkus augmentation completed in 6563ms
SSSD	Run tests	2024-08-05T00:23:33.8096350Z      [exec] Server configuration updated and persisted. Run the following command to review the configuration:
SSSD	Run tests	2024-08-05T00:23:33.8097003Z      [exec] 
SSSD	Run tests	2024-08-05T00:23:33.8097321Z      [exec] 	kc.sh show-config
SSSD	Run tests	2024-08-05T00:23:33.8097852Z      [exec] 
SSSD	Run tests	2024-08-05T00:23:33.8345584Z [INFO] Executed tasks
SSSD	Run tests	2024-08-05T00:23:33.8347719Z [INFO] 
SSSD	Run tests	2024-08-05T00:23:33.8348987Z [INFO] --- resources:3.0.1:resources (default-resources) @ integration-arquillian-servers-auth-server-quarkus ---
SSSD	Run tests	2024-08-05T00:23:33.8847321Z [INFO] Using 'UTF-8' encoding to copy filtered resources.
SSSD	Run tests	2024-08-05T00:23:33.8852455Z [INFO] skip non existing resourceDirectory /github/workspace/testsuite/integration-arquillian/servers/auth-server/quarkus/src/main/resources
SSSD	Run tests	2024-08-05T00:23:33.8858427Z [INFO] 
SSSD	Run tests	2024-08-05T00:23:33.8862522Z [INFO] --- resources:3.0.1:copy-resources (copy-content) @ integration-arquillian-servers-auth-server-quarkus ---
SSSD	Run tests	2024-08-05T00:23:33.8887425Z [INFO] Using 'UTF-8' encoding to copy filtered resources.
SSSD	Run tests	2024-08-05T00:23:33.8922536Z [INFO] Copying 8 resources
SSSD	Run tests	2024-08-05T00:23:33.8987788Z [INFO] 
SSSD	Run tests	2024-08-05T00:23:33.8991985Z [INFO] --- resources:3.0.1:copy-resources (copy-pki-root) @ integration-arquillian-servers-auth-server-quarkus ---
SSSD	Run tests	2024-08-05T00:23:33.9008521Z [INFO] Using 'UTF-8' encoding to copy filtered resources.
SSSD	Run tests	2024-08-05T00:23:33.9017907Z [INFO] Copying 11 resources
SSSD	Run tests	2024-08-05T00:23:33.9055488Z [INFO] Copying 4 resources
SSSD	Run tests	2024-08-05T00:23:33.9068547Z [INFO] 
SSSD	Run tests	2024-08-05T00:23:33.9072908Z [INFO] --- resources:3.0.1:copy-resources (copy-pki-conf) @ integration-arquillian-servers-auth-server-quarkus ---
SSSD	Run tests	2024-08-05T00:23:33.9089995Z [INFO] Using 'UTF-8' encoding to copy filtered resources.
SSSD	Run tests	2024-08-05T00:23:33.9098429Z [INFO] Copying 15 resources
SSSD	Run tests	2024-08-05T00:23:33.9135983Z [INFO] 
SSSD	Run tests	2024-08-05T00:23:33.9140640Z [INFO] --- resources:3.0.1:copy-resources (copy-vault-secrets) @ integration-arquillian-servers-auth-server-quarkus ---
SSSD	Run tests	2024-08-05T00:23:33.9148508Z [INFO] Using 'UTF-8' encoding to copy filtered resources.
SSSD	Run tests	2024-08-05T00:23:33.9153166Z [INFO] Copying 9 resources
SSSD	Run tests	2024-08-05T00:23:33.9175012Z [INFO] 
SSSD	Run tests	2024-08-05T00:23:33.9179606Z [INFO] --- resources:3.0.1:copy-resources (add-extending-theme) @ integration-arquillian-servers-auth-server-quarkus ---
SSSD	Run tests	2024-08-05T00:23:33.9188979Z [INFO] Using 'UTF-8' encoding to copy filtered resources.
SSSD	Run tests	2024-08-05T00:23:33.9193660Z [INFO] Copying 2 resources
SSSD	Run tests	2024-08-05T00:23:33.9203473Z [INFO] 
SSSD	Run tests	2024-08-05T00:23:33.9207933Z [INFO] --- resources:3.0.1:copy-resources (add-pw-blacklist-file) @ integration-arquillian-servers-auth-server-quarkus ---
SSSD	Run tests	2024-08-05T00:23:33.9215456Z [INFO] Using 'UTF-8' encoding to copy filtered resources.
SSSD	Run tests	2024-08-05T00:23:33.9220308Z [INFO] Copying 1 resource
SSSD	Run tests	2024-08-05T00:23:33.9224560Z [INFO] 
SSSD	Run tests	2024-08-05T00:23:33.9228633Z [INFO] --- compiler:3.8.1:compile (default-compile) @ integration-arquillian-servers-auth-server-quarkus ---
SSSD	Run tests	2024-08-05T00:23:33.9737175Z [INFO] No sources to compile
SSSD	Run tests	2024-08-05T00:23:33.9740931Z [INFO] 
SSSD	Run tests	2024-08-05T00:23:33.9745128Z [INFO] --- resources:3.0.1:testResources (default-testResources) @ integration-arquillian-servers-auth-server-quarkus ---
SSSD	Run tests	2024-08-05T00:23:33.9758377Z [INFO] Using 'UTF-8' encoding to copy filtered resources.
SSSD	Run tests	2024-08-05T00:23:33.9763023Z [INFO] skip non existing resourceDirectory /github/workspace/testsuite/integration-arquillian/servers/auth-server/quarkus/src/test/resources
SSSD	Run tests	2024-08-05T00:23:33.9767294Z [INFO] 
SSSD	Run tests	2024-08-05T00:23:33.9771267Z [INFO] --- compiler:3.8.1:testCompile (default-testCompile) @ integration-arquillian-servers-auth-server-quarkus ---
SSSD	Run tests	2024-08-05T00:23:33.9789505Z [INFO] No sources to compile
SSSD	Run tests	2024-08-05T00:23:33.9792862Z [INFO] 
SSSD	Run tests	2024-08-05T00:23:33.9796849Z [INFO] --- surefire:3.0.0-M7:test (default-test) @ integration-arquillian-servers-auth-server-quarkus ---
SSSD	Run tests	2024-08-05T00:23:34.0832179Z [INFO] No tests to run.
SSSD	Run tests	2024-08-05T00:23:34.0898737Z [INFO] 
SSSD	Run tests	2024-08-05T00:23:34.0902841Z [INFO] --- jar:3.1.2:jar (default-jar) @ integration-arquillian-servers-auth-server-quarkus ---
SSSD	Run tests	2024-08-05T00:23:34.1795993Z [WARNING] JAR will be empty - no content was marked for inclusion!
SSSD	Run tests	2024-08-05T00:23:34.1955733Z [INFO] Building jar: /github/workspace/testsuite/integration-arquillian/servers/auth-server/quarkus/target/integration-arquillian-servers-auth-server-quarkus-999.0.0-SNAPSHOT.jar
SSSD	Run tests	2024-08-05T00:23:34.2217601Z [INFO] 
SSSD	Run tests	2024-08-05T00:23:34.2221785Z [INFO] --- source:3.1.0:jar-no-fork (attach-sources) @ integration-arquillian-servers-auth-server-quarkus ---
SSSD	Run tests	2024-08-05T00:23:34.3298402Z [INFO] No sources in project. Archive not created.
SSSD	Run tests	2024-08-05T00:23:34.3302257Z [INFO] 
SSSD	Run tests	2024-08-05T00:23:34.3306561Z [INFO] --- assembly:3.1.1:single (create-zip) @ integration-arquillian-servers-auth-server-quarkus ---
SSSD	Run tests	2024-08-05T00:23:34.4645139Z [INFO] Reading assembly descriptor: assembly.xml
SSSD	Run tests	2024-08-05T00:23:34.5850052Z [INFO] Building zip: /github/workspace/testsuite/integration-arquillian/servers/auth-server/quarkus/target/integration-arquillian-servers-auth-server-quarkus-999.0.0-SNAPSHOT.zip
SSSD	Run tests	2024-08-05T00:23:36.8381440Z [INFO] 
SSSD	Run tests	2024-08-05T00:23:36.8384513Z [INFO] --- install:2.5.2:install (default-install) @ integration-arquillian-servers-auth-server-quarkus ---
SSSD	Run tests	2024-08-05T00:23:36.8639604Z [INFO] Installing /github/workspace/testsuite/integration-arquillian/servers/auth-server/quarkus/target/integration-arquillian-servers-auth-server-quarkus-999.0.0-SNAPSHOT.jar to /root/.m2/repository/org/keycloak/testsuite/integration-arquillian-servers-auth-server-quarkus/999.0.0-SNAPSHOT/integration-arquillian-servers-auth-server-quarkus-999.0.0-SNAPSHOT.jar
SSSD	Run tests	2024-08-05T00:23:36.8668669Z [INFO] Installing /github/workspace/testsuite/integration-arquillian/servers/auth-server/quarkus/pom.xml to /root/.m2/repository/org/keycloak/testsuite/integration-arquillian-servers-auth-server-quarkus/999.0.0-SNAPSHOT/integration-arquillian-servers-auth-server-quarkus-999.0.0-SNAPSHOT.pom
SSSD	Run tests	2024-08-05T00:23:36.8781523Z [INFO] Installing /github/workspace/testsuite/integration-arquillian/servers/auth-server/quarkus/target/integration-arquillian-servers-auth-server-quarkus-999.0.0-SNAPSHOT.zip to /root/.m2/repository/org/keycloak/testsuite/integration-arquillian-servers-auth-server-quarkus/999.0.0-SNAPSHOT/integration-arquillian-servers-auth-server-quarkus-999.0.0-SNAPSHOT.zip
SSSD	Run tests	2024-08-05T00:23:37.5378839Z [INFO] ------------------------------------------------------------------------
SSSD	Run tests	2024-08-05T00:23:37.5379744Z [INFO] BUILD SUCCESS
SSSD	Run tests	2024-08-05T00:23:37.5380576Z [INFO] ------------------------------------------------------------------------
SSSD	Run tests	2024-08-05T00:23:37.5384041Z [INFO] Total time:  16.923 s
SSSD	Run tests	2024-08-05T00:23:37.5385758Z [INFO] Finished at: 2024-08-05T00:23:37Z
SSSD	Run tests	2024-08-05T00:23:37.5387091Z [INFO] ------------------------------------------------------------------------
SSSD	Run tests	2024-08-05T00:23:37.5389761Z [WARNING] The requested profile "auth-server-quarkus" could not be activated because it does not exist.
SSSD	Run tests	2024-08-05T00:23:37.5607501Z Executing SSSD tests
SSSD	Run tests	2024-08-05T00:23:39.1986756Z [INFO] Loading cache configuration from /github/workspace/.mvn/maven-build-cache-config.xml
SSSD	Run tests	2024-08-05T00:23:39.2128128Z [INFO] Scanning for projects...
SSSD	Run tests	2024-08-05T00:23:39.3770261Z [INFO] 
SSSD	Run tests	2024-08-05T00:23:39.3771578Z [INFO] ------< org.keycloak.testsuite:integration-arquillian-tests-sssd >------
SSSD	Run tests	2024-08-05T00:23:39.3772793Z [INFO] Building SSSD tests 999.0.0-SNAPSHOT
SSSD	Run tests	2024-08-05T00:23:39.3774661Z [INFO]   from pom.xml
SSSD	Run tests	2024-08-05T00:23:39.3776630Z [INFO] --------------------------------[ jar ]---------------------------------
SSSD	Run tests	2024-08-05T00:23:39.4591410Z [WARNING] Parameter 'overWriteIfNewer' is unknown for plugin 'maven-resources-plugin:3.0.1:copy-resources (example-realms)'
SSSD	Run tests	2024-08-05T00:23:40.0597252Z [INFO] Artifact org.jboss:jboss-parent:pom:36 is present in the local repository, but cached from a remote repository ID that is unavailable in current build context, verifying that is downloadable from [central (https://repo.maven.apache.org/maven2, default, releases)]
SSSD	Run tests	2024-08-05T00:23:40.0610316Z [INFO] Artifact org.jboss:jboss-parent:pom:36 is present in the local repository, but cached from a remote repository ID that is unavailable in current build context, verifying that is downloadable from [central (https://repo.maven.apache.org/maven2, default, releases)]
SSSD	Run tests	2024-08-05T00:23:40.2592850Z Downloading from central: https://repo.maven.apache.org/maven2/org/jboss/jboss-parent/36/jboss-parent-36.pom
SSSD	Run tests	2024-08-05T00:23:40.4704031Z Downloaded from central: https://repo.maven.apache.org/maven2/org/jboss/jboss-parent/36/jboss-parent-36.pom (0 B at 0 B/s)
SSSD	Run tests	2024-08-05T00:23:40.4834543Z [INFO] Artifact org.jboss:jboss-parent:pom:34 is present in the local repository, but cached from a remote repository ID that is unavailable in current build context, verifying that is downloadable from [central (https://repo.maven.apache.org/maven2, default, releases)]
SSSD	Run tests	2024-08-05T00:23:40.4839501Z [INFO] Artifact org.jboss:jboss-parent:pom:34 is present in the local repository, but cached from a remote repository ID that is unavailable in current build context, verifying that is downloadable from [central (https://repo.maven.apache.org/maven2, default, releases)]
SSSD	Run tests	2024-08-05T00:23:40.4845054Z Downloading from central: https://repo.maven.apache.org/maven2/org/jboss/jboss-parent/34/jboss-parent-34.pom
SSSD	Run tests	2024-08-05T00:23:40.4889391Z Downloaded from central: https://repo.maven.apache.org/maven2/org/jboss/jboss-parent/34/jboss-parent-34.pom (0 B at 0 B/s)
SSSD	Run tests	2024-08-05T00:23:41.0323566Z [INFO] Artifact org.jboss:jboss-parent:pom:44 is present in the local repository, but cached from a remote repository ID that is unavailable in current build context, verifying that is downloadable from [central (https://repo.maven.apache.org/maven2, default, releases)]
SSSD	Run tests	2024-08-05T00:23:41.0330762Z [INFO] Artifact org.jboss:jboss-parent:pom:44 is present in the local repository, but cached from a remote repository ID that is unavailable in current build context, verifying that is downloadable from [central (https://repo.maven.apache.org/maven2, default, releases)]
SSSD	Run tests	2024-08-05T00:23:41.0335993Z Downloading from central: https://repo.maven.apache.org/maven2/org/jboss/jboss-parent/44/jboss-parent-44.pom
SSSD	Run tests	2024-08-05T00:23:41.0381381Z Downloaded from central: https://repo.maven.apache.org/maven2/org/jboss/jboss-parent/44/jboss-parent-44.pom (0 B at 0 B/s)
SSSD	Run tests	2024-08-05T00:23:41.5967005Z [INFO] 
SSSD	Run tests	2024-08-05T00:23:41.5969742Z [INFO] --- enforcer:3.0.0-M3:enforce (enforce-java-version) @ integration-arquillian-tests-sssd ---
SSSD	Run tests	2024-08-05T00:23:41.7316344Z [INFO] 
SSSD	Run tests	2024-08-05T00:23:41.7318486Z [INFO] --- enforcer:3.0.0-M3:enforce (enforce-maven-version) @ integration-arquillian-tests-sssd ---
SSSD	Run tests	2024-08-05T00:23:41.7333507Z [INFO] 
SSSD	Run tests	2024-08-05T00:23:41.7338429Z [INFO] --- enforcer:3.0.0-M3:enforce (enforce-maven) @ integration-arquillian-tests-sssd ---
SSSD	Run tests	2024-08-05T00:23:41.7342659Z [INFO] 
SSSD	Run tests	2024-08-05T00:23:41.7346777Z [INFO] --- buildnumber:1.4:create (get-scm-revision) @ integration-arquillian-tests-sssd ---
SSSD	Run tests	2024-08-05T00:23:41.8961727Z [INFO] Executing: /bin/sh -c cd '/github/workspace/testsuite/integration-arquillian/tests/other/sssd' && 'git' 'rev-parse' '--verify' 'HEAD'
SSSD	Run tests	2024-08-05T00:23:41.8966547Z [INFO] Working directory: /github/workspace/testsuite/integration-arquillian/tests/other/sssd
SSSD	Run tests	2024-08-05T00:23:41.9000970Z [WARNING] Cannot get the revision information from the scm repository, proceeding with revision of UNKNOWN : 
SSSD	Run tests	2024-08-05T00:23:41.9004381Z Exception while executing SCM command.
SSSD	Run tests	2024-08-05T00:23:41.9007409Z [INFO] Storing buildNumber: UNKNOWN at timestamp: 1722817421879
SSSD	Run tests	2024-08-05T00:23:41.9037589Z [WARNING] Cannot get the branch information from the git repository: 
SSSD	Run tests	2024-08-05T00:23:41.9038203Z Error while executing command.
SSSD	Run tests	2024-08-05T00:23:41.9040964Z [INFO] Executing: /bin/sh -c cd '/github/workspace/testsuite/integration-arquillian/tests/other/sssd' && 'git' 'rev-parse' '--verify' 'HEAD'
SSSD	Run tests	2024-08-05T00:23:41.9042145Z [INFO] Working directory: /github/workspace/testsuite/integration-arquillian/tests/other/sssd
SSSD	Run tests	2024-08-05T00:23:41.9056707Z [WARNING] Cannot get the branch information from the scm repository, proceeding with UNKNOWN_BRANCH : 
SSSD	Run tests	2024-08-05T00:23:41.9057658Z Exception while executing SCM command.
SSSD	Run tests	2024-08-05T00:23:41.9058200Z [INFO] Storing buildScmBranch: UNKNOWN_BRANCH
SSSD	Run tests	2024-08-05T00:23:41.9061764Z [INFO] 
SSSD	Run tests	2024-08-05T00:23:41.9062719Z [INFO] --- dependency:3.1.2:unpack (unpack-test-resources) @ integration-arquillian-tests-sssd ---
SSSD	Run tests	2024-08-05T00:23:42.2245846Z [INFO] Configured Artifact: org.keycloak.testsuite:integration-arquillian-tests-base:tests:999.0.0-SNAPSHOT:jar
SSSD	Run tests	2024-08-05T00:23:42.2442340Z [INFO] Unpacking /root/.m2/repository/org/keycloak/testsuite/integration-arquillian-tests-base/999.0.0-SNAPSHOT/integration-arquillian-tests-base-999.0.0-SNAPSHOT-tests.jar to /github/workspace/testsuite/integration-arquillian/tests/other/sssd/target/dependency with includes "arquillian.xml,wildfly-config.xml,keycloak-add-user.json,test-constants.properties,kerberos/*,keystore/*,password-blacklists/*,log4j.properties,vault/*" and excludes ""
SSSD	Run tests	2024-08-05T00:23:42.3711247Z [INFO] 
SSSD	Run tests	2024-08-05T00:23:42.3712592Z [INFO] --- resources:3.0.1:copy-resources (copy-truststore) @ integration-arquillian-tests-sssd ---
SSSD	Run tests	2024-08-05T00:23:42.4099111Z [INFO] Using 'UTF-8' encoding to copy filtered resources.
SSSD	Run tests	2024-08-05T00:23:42.4104323Z [INFO] skip non existing resourceDirectory /github/workspace/testsuite/integration-arquillian/tests/other/sssd/src/test/resources
SSSD	Run tests	2024-08-05T00:23:42.4109155Z [INFO] 
SSSD	Run tests	2024-08-05T00:23:42.4113559Z [INFO] --- resources:3.0.1:resources (default-resources) @ integration-arquillian-tests-sssd ---
SSSD	Run tests	2024-08-05T00:23:42.4123709Z [INFO] Using 'UTF-8' encoding to copy filtered resources.
SSSD	Run tests	2024-08-05T00:23:42.4128458Z [INFO] skip non existing resourceDirectory /github/workspace/testsuite/integration-arquillian/tests/other/sssd/src/main/resources
SSSD	Run tests	2024-08-05T00:23:42.4132972Z [INFO] 
SSSD	Run tests	2024-08-05T00:23:42.4137051Z [INFO] --- compiler:3.8.1:compile (default-compile) @ integration-arquillian-tests-sssd ---
SSSD	Run tests	2024-08-05T00:23:42.4612408Z [INFO] No sources to compile
SSSD	Run tests	2024-08-05T00:23:42.4613044Z [INFO] 
SSSD	Run tests	2024-08-05T00:23:42.4614266Z [INFO] --- dependency:3.1.2:unpack (unpack-undertow-server) @ integration-arquillian-tests-sssd ---
SSSD	Run tests	2024-08-05T00:23:42.4615375Z [INFO] Skipping plugin execution
SSSD	Run tests	2024-08-05T00:23:42.4615904Z [INFO] 
SSSD	Run tests	2024-08-05T00:23:42.4616875Z [INFO] --- dependency:3.1.2:unpack (unpack-quarkus-server) @ integration-arquillian-tests-sssd ---
SSSD	Run tests	2024-08-05T00:23:42.4619008Z [INFO] Configured Artifact: org.keycloak.testsuite:integration-arquillian-servers-auth-server-quarkus:999.0.0-SNAPSHOT:zip
SSSD	Run tests	2024-08-05T00:23:42.4698675Z [INFO] Unpacking /root/.m2/repository/org/keycloak/testsuite/integration-arquillian-servers-auth-server-quarkus/999.0.0-SNAPSHOT/integration-arquillian-servers-auth-server-quarkus-999.0.0-SNAPSHOT.zip to /github/workspace/testsuite/integration-arquillian/tests/other/sssd/target/containers with includes "" and excludes ""
SSSD	Run tests	2024-08-05T00:23:44.0929871Z [INFO] 
SSSD	Run tests	2024-08-05T00:23:44.0932763Z [INFO] --- dependency:3.1.2:unpack (unpack-app-server) @ integration-arquillian-tests-sssd ---
SSSD	Run tests	2024-08-05T00:23:44.0945126Z [INFO] Skipping plugin execution
SSSD	Run tests	2024-08-05T00:23:44.0950588Z [INFO] 
SSSD	Run tests	2024-08-05T00:23:44.0951738Z [INFO] --- resources:3.0.1:copy-resources (example-realms) @ integration-arquillian-tests-sssd ---
SSSD	Run tests	2024-08-05T00:23:44.0960852Z [INFO] Skipping the execution.
SSSD	Run tests	2024-08-05T00:23:44.0966328Z [INFO] 
SSSD	Run tests	2024-08-05T00:23:44.0967416Z [INFO] --- resources:3.0.1:testResources (default-testResources) @ integration-arquillian-tests-sssd ---
SSSD	Run tests	2024-08-05T00:23:44.0984911Z [INFO] Using 'UTF-8' encoding to copy filtered resources.
SSSD	Run tests	2024-08-05T00:23:44.0991419Z [INFO] skip non existing resourceDirectory /github/workspace/testsuite/integration-arquillian/tests/other/sssd/src/test/resources
SSSD	Run tests	2024-08-05T00:23:44.0992749Z [INFO] 
SSSD	Run tests	2024-08-05T00:23:44.0993987Z [INFO] --- antrun:1.8:run (clean-second-cache-server-arquillian-bug-workaround) @ integration-arquillian-tests-sssd ---
SSSD	Run tests	2024-08-05T00:23:44.1224961Z [INFO] Skipping Antrun execution
SSSD	Run tests	2024-08-05T00:23:44.1229645Z [INFO] 
SSSD	Run tests	2024-08-05T00:23:44.1235897Z [INFO] --- resources:3.0.1:copy-resources (copy-admin-user-json-file) @ integration-arquillian-tests-sssd ---
SSSD	Run tests	2024-08-05T00:23:44.1245684Z [INFO] Using 'UTF-8' encoding to copy filtered resources.
SSSD	Run tests	2024-08-05T00:23:44.1279909Z [INFO] Copying 1 resource
SSSD	Run tests	2024-08-05T00:23:44.1370037Z [INFO] 
SSSD	Run tests	2024-08-05T00:23:44.1375800Z [INFO] --- compiler:3.8.1:testCompile (default-testCompile) @ integration-arquillian-tests-sssd ---
SSSD	Run tests	2024-08-05T00:23:44.1525258Z [INFO] Changes detected - recompiling the module!
SSSD	Run tests	2024-08-05T00:23:44.1554345Z [INFO] Compiling 3 source files to /github/workspace/testsuite/integration-arquillian/tests/other/sssd/target/test-classes
SSSD	Run tests	2024-08-05T00:23:45.7639072Z [INFO] Annotation processing is enabled because one or more processors were found
SSSD	Run tests	2024-08-05T00:23:45.7640728Z   on the class path. A future release of javac may disable annotation processing
SSSD	Run tests	2024-08-05T00:23:45.7642171Z   unless at least one processor is specified by name (-processor), or a search
SSSD	Run tests	2024-08-05T00:23:45.7643423Z   path is specified (--processor-path, --processor-module-path), or annotation
SSSD	Run tests	2024-08-05T00:23:45.7644543Z   processing is enabled explicitly (-proc:only, -proc:full).
SSSD	Run tests	2024-08-05T00:23:45.7645486Z   Use -Xlint:-options to suppress this message.
SSSD	Run tests	2024-08-05T00:23:45.7646338Z   Use -proc:none to disable annotation processing.
SSSD	Run tests	2024-08-05T00:23:45.7651179Z [INFO] 
SSSD	Run tests	2024-08-05T00:23:45.7656707Z [INFO] --- shrinkwrap-resolver:3.2.1:propagate-execution-context (default) @ integration-arquillian-tests-sssd ---
SSSD	Run tests	2024-08-05T00:23:45.9333555Z [INFO] 
SSSD	Run tests	2024-08-05T00:23:45.9336051Z [INFO] --- surefire:3.0.0-M7:test (default-test) @ integration-arquillian-tests-sssd ---
SSSD	Run tests	2024-08-05T00:23:46.0988368Z [INFO] Using auto detected provider org.apache.maven.surefire.junit4.JUnit4Provider
SSSD	Run tests	2024-08-05T00:23:46.2083122Z Downloading from jboss-public-repository: https://repository.jboss.org/nexus/content/groups/public/org/apache/maven/surefire/surefire-junit4/3.0.0-M7/surefire-junit4-3.0.0-M7.jar
SSSD	Run tests	2024-08-05T00:23:46.5122572Z Downloading from central: https://repo.maven.apache.org/maven2/org/apache/maven/surefire/surefire-junit4/3.0.0-M7/surefire-junit4-3.0.0-M7.jar
SSSD	Run tests	2024-08-05T00:23:46.5270626Z Progress (1): 1.4/18 kB
SSSD	Run tests	2024-08-05T00:23:46.5282643Z Progress (1): 2.8/18 kB
SSSD	Run tests	2024-08-05T00:23:46.5290173Z Progress (1): 4.1/18 kB
SSSD	Run tests	2024-08-05T00:23:46.5298002Z Progress (1): 5.5/18 kB
SSSD	Run tests	2024-08-05T00:23:46.5305840Z Progress (1): 6.9/18 kB
SSSD	Run tests	2024-08-05T00:23:46.5313490Z Progress (1): 8.3/18 kB
SSSD	Run tests	2024-08-05T00:23:46.5320741Z Progress (1): 9.7/18 kB
SSSD	Run tests	2024-08-05T00:23:46.5327685Z Progress (1): 11/18 kB 
SSSD	Run tests	2024-08-05T00:23:46.5334547Z Progress (1): 12/18 kB
SSSD	Run tests	2024-08-05T00:23:46.5341439Z Progress (1): 14/18 kB
SSSD	Run tests	2024-08-05T00:23:46.5346572Z Progress (1): 15/18 kB
SSSD	Run tests	2024-08-05T00:23:46.5354867Z Progress (1): 16/18 kB
SSSD	Run tests	2024-08-05T00:23:46.5361667Z Progress (1): 17/18 kB
SSSD	Run tests	2024-08-05T00:23:46.5386368Z Progress (1): 18 kB   
SSSD	Run tests	2024-08-05T00:23:46.5396026Z                    
SSSD	Run tests	2024-08-05T00:23:46.5397861Z Downloaded from central: https://repo.maven.apache.org/maven2/org/apache/maven/surefire/surefire-junit4/3.0.0-M7/surefire-junit4-3.0.0-M7.jar (18 kB at 653 kB/s)
SSSD	Run tests	2024-08-05T00:23:46.5408309Z Downloading from jboss-public-repository: https://repository.jboss.org/nexus/content/groups/public/org/apache/maven/surefire/surefire-junit4/3.0.0-M7/surefire-junit4-3.0.0-M7.pom
SSSD	Run tests	2024-08-05T00:23:46.6743730Z Downloading from central: https://repo.maven.apache.org/maven2/org/apache/maven/surefire/surefire-junit4/3.0.0-M7/surefire-junit4-3.0.0-M7.pom
SSSD	Run tests	2024-08-05T00:23:46.6795846Z Progress (1): 1.4/2.9 kB
SSSD	Run tests	2024-08-05T00:23:46.6796424Z Progress (1): 2.8/2.9 kB
SSSD	Run tests	2024-08-05T00:23:46.6799870Z Progress (1): 2.9 kB    
SSSD	Run tests	2024-08-05T00:23:46.6800636Z                     
SSSD	Run tests	2024-08-05T00:23:46.6803180Z Downloaded from central: https://repo.maven.apache.org/maven2/org/apache/maven/surefire/surefire-junit4/3.0.0-M7/surefire-junit4-3.0.0-M7.pom (2.9 kB at 486 kB/s)
SSSD	Run tests	2024-08-05T00:23:46.6816825Z Downloading from jboss-public-repository: https://repository.jboss.org/nexus/content/groups/public/org/apache/maven/surefire/surefire-providers/3.0.0-M7/surefire-providers-3.0.0-M7.pom
SSSD	Run tests	2024-08-05T00:23:46.7373796Z Downloading from central: https://repo.maven.apache.org/maven2/org/apache/maven/surefire/surefire-providers/3.0.0-M7/surefire-providers-3.0.0-M7.pom
SSSD	Run tests	2024-08-05T00:23:46.7419801Z Progress (1): 1.4/2.5 kB
SSSD	Run tests	2024-08-05T00:23:46.7425588Z Progress (1): 2.5 kB    
SSSD	Run tests	2024-08-05T00:23:46.7432134Z                     
SSSD	Run tests	2024-08-05T00:23:46.7434094Z Downloaded from central: https://repo.maven.apache.org/maven2/org/apache/maven/surefire/surefire-providers/3.0.0-M7/surefire-providers-3.0.0-M7.pom (2.5 kB at 423 kB/s)
SSSD	Run tests	2024-08-05T00:23:46.7524103Z Downloading from jboss-public-repository: https://repository.jboss.org/nexus/content/groups/public/junit/junit/4.0/junit-4.0.pom
SSSD	Run tests	2024-08-05T00:23:46.8031083Z Downloading from central: https://repo.maven.apache.org/maven2/junit/junit/4.0/junit-4.0.pom
SSSD	Run tests	2024-08-05T00:23:46.8115579Z Progress (1): 210 B
SSSD	Run tests	2024-08-05T00:23:46.8116794Z                    
SSSD	Run tests	2024-08-05T00:23:46.8118032Z Downloaded from central: https://repo.maven.apache.org/maven2/junit/junit/4.0/junit-4.0.pom (210 B at 23 kB/s)
SSSD	Run tests	2024-08-05T00:23:46.8134458Z Downloading from jboss-public-repository: https://repository.jboss.org/nexus/content/groups/public/org/apache/maven/surefire/common-junit4/3.0.0-M7/common-junit4-3.0.0-M7.pom
SSSD	Run tests	2024-08-05T00:23:46.8752784Z Downloading from central: https://repo.maven.apache.org/maven2/org/apache/maven/surefire/common-junit4/3.0.0-M7/common-junit4-3.0.0-M7.pom
SSSD	Run tests	2024-08-05T00:23:46.8799653Z Progress (1): 1.4/3.0 kB
SSSD	Run tests	2024-08-05T00:23:46.8806486Z Progress (1): 2.8/3.0 kB
SSSD	Run tests	2024-08-05T00:23:46.8811560Z Progress (1): 3.0 kB    
SSSD	Run tests	2024-08-05T00:23:46.8817119Z                     
SSSD	Run tests	2024-08-05T00:23:46.8819227Z Downloaded from central: https://repo.maven.apache.org/maven2/org/apache/maven/surefire/common-junit4/3.0.0-M7/common-junit4-3.0.0-M7.pom (3.0 kB at 500 kB/s)
SSSD	Run tests	2024-08-05T00:23:46.8900024Z Downloading from jboss-public-repository: https://repository.jboss.org/nexus/content/groups/public/org/apache/maven/surefire/common-junit3/3.0.0-M7/common-junit3-3.0.0-M7.pom
SSSD	Run tests	2024-08-05T00:23:46.9557600Z Downloading from central: https://repo.maven.apache.org/maven2/org/apache/maven/surefire/common-junit3/3.0.0-M7/common-junit3-3.0.0-M7.pom
SSSD	Run tests	2024-08-05T00:23:46.9732707Z Progress (1): 1.4/2.7 kB
SSSD	Run tests	2024-08-05T00:23:46.9741236Z Progress (1): 2.7 kB    
SSSD	Run tests	2024-08-05T00:23:46.9741760Z                     
SSSD	Run tests	2024-08-05T00:23:46.9743526Z Downloaded from central: https://repo.maven.apache.org/maven2/org/apache/maven/surefire/common-junit3/3.0.0-M7/common-junit3-3.0.0-M7.pom (2.7 kB at 147 kB/s)
SSSD	Run tests	2024-08-05T00:23:46.9831878Z Downloading from jboss-public-repository: https://repository.jboss.org/nexus/content/groups/public/org/apache/maven/surefire/common-java5/3.0.0-M7/common-java5-3.0.0-M7.pom
SSSD	Run tests	2024-08-05T00:23:47.0852182Z Downloading from central: https://repo.maven.apache.org/maven2/org/apache/maven/surefire/common-java5/3.0.0-M7/common-java5-3.0.0-M7.pom
SSSD	Run tests	2024-08-05T00:23:47.0906308Z Progress (1): 1.4/2.7 kB
SSSD	Run tests	2024-08-05T00:23:47.0909208Z Progress (1): 2.7 kB    
SSSD	Run tests	2024-08-05T00:23:47.0910395Z                     
SSSD	Run tests	2024-08-05T00:23:47.0912137Z Downloaded from central: https://repo.maven.apache.org/maven2/org/apache/maven/surefire/common-java5/3.0.0-M7/common-java5-3.0.0-M7.pom (2.7 kB at 449 kB/s)
SSSD	Run tests	2024-08-05T00:23:47.1016021Z Downloading from jboss-public-repository: https://repository.jboss.org/nexus/content/groups/public/org/hamcrest/hamcrest-library/1.3/hamcrest-library-1.3.pom
SSSD	Run tests	2024-08-05T00:23:47.1551330Z Downloading from central: https://repo.maven.apache.org/maven2/org/hamcrest/hamcrest-library/1.3/hamcrest-library-1.3.pom
SSSD	Run tests	2024-08-05T00:23:47.1587350Z Progress (1): 820 B
SSSD	Run tests	2024-08-05T00:23:47.1588556Z                    
SSSD	Run tests	2024-08-05T00:23:47.1590181Z Downloaded from central: https://repo.maven.apache.org/maven2/org/hamcrest/hamcrest-library/1.3/hamcrest-library-1.3.pom (820 B at 205 kB/s)
SSSD	Run tests	2024-08-05T00:23:47.1635535Z Downloading from jboss-public-repository: https://repository.jboss.org/nexus/content/groups/public/org/assertj/assertj-core/3.22.0/assertj-core-3.22.0.pom
SSSD	Run tests	2024-08-05T00:23:47.2147610Z Downloading from central: https://repo.maven.apache.org/maven2/org/assertj/assertj-core/3.22.0/assertj-core-3.22.0.pom
SSSD	Run tests	2024-08-05T00:23:47.2200329Z Progress (1): 16/31 kB
SSSD	Run tests	2024-08-05T00:23:47.2205083Z Progress (1): 31 kB   
SSSD	Run tests	2024-08-05T00:23:47.2206908Z                    
SSSD	Run tests	2024-08-05T00:23:47.2208498Z Downloaded from central: https://repo.maven.apache.org/maven2/org/assertj/assertj-core/3.22.0/assertj-core-3.22.0.pom (31 kB at 5.1 MB/s)
SSSD	Run tests	2024-08-05T00:23:47.2232332Z Downloading from jboss-public-repository: https://repository.jboss.org/nexus/content/groups/public/org/assertj/assertj-parent-pom/2.2.14/assertj-parent-pom-2.2.14.pom
SSSD	Run tests	2024-08-05T00:23:47.2945883Z Downloading from central: https://repo.maven.apache.org/maven2/org/assertj/assertj-parent-pom/2.2.14/assertj-parent-pom-2.2.14.pom
SSSD	Run tests	2024-08-05T00:23:47.3013562Z Progress (1): 16/25 kB
SSSD	Run tests	2024-08-05T00:23:47.3017145Z Progress (1): 25 kB   
SSSD	Run tests	2024-08-05T00:23:47.3020531Z                    
SSSD	Run tests	2024-08-05T00:23:47.3022203Z Downloaded from central: https://repo.maven.apache.org/maven2/org/assertj/assertj-parent-pom/2.2.14/assertj-parent-pom-2.2.14.pom (25 kB at 3.5 MB/s)
SSSD	Run tests	2024-08-05T00:23:47.3048800Z Downloading from jboss-public-repository: https://repository.jboss.org/nexus/content/groups/public/org/junit/junit-bom/5.8.2/junit-bom-5.8.2.pom
SSSD	Run tests	2024-08-05T00:23:47.3844003Z Downloading from central: https://repo.maven.apache.org/maven2/org/junit/junit-bom/5.8.2/junit-bom-5.8.2.pom
SSSD	Run tests	2024-08-05T00:23:47.3880112Z Progress (1): 5.6 kB
SSSD	Run tests	2024-08-05T00:23:47.3885173Z                     
SSSD	Run tests	2024-08-05T00:23:47.3886697Z Downloaded from central: https://repo.maven.apache.org/maven2/org/junit/junit-bom/5.8.2/junit-bom-5.8.2.pom (5.6 kB at 1.9 MB/s)
SSSD	Run tests	2024-08-05T00:23:47.3913896Z Downloading from jboss-public-repository: https://repository.jboss.org/nexus/content/groups/public/org/junit/junit-bom/5.8.0/junit-bom-5.8.0.pom
SSSD	Run tests	2024-08-05T00:23:47.4404630Z Downloading from central: https://repo.maven.apache.org/maven2/org/junit/junit-bom/5.8.0/junit-bom-5.8.0.pom
SSSD	Run tests	2024-08-05T00:23:47.4489229Z Progress (1): 5.6 kB
SSSD	Run tests	2024-08-05T00:23:47.4492314Z                     
SSSD	Run tests	2024-08-05T00:23:47.4493903Z Downloaded from central: https://repo.maven.apache.org/maven2/org/junit/junit-bom/5.8.0/junit-bom-5.8.0.pom (5.6 kB at 563 kB/s)
SSSD	Run tests	2024-08-05T00:23:47.4525768Z Downloading from jboss-public-repository: https://repository.jboss.org/nexus/content/groups/public/org/apache/maven/surefire/common-junit3/3.0.0-M7/common-junit3-3.0.0-M7.jar
SSSD	Run tests	2024-08-05T00:23:47.4529154Z Downloading from jboss-public-repository: https://repository.jboss.org/nexus/content/groups/public/org/apache/maven/surefire/common-java5/3.0.0-M7/common-java5-3.0.0-M7.jar
SSSD	Run tests	2024-08-05T00:23:47.4536149Z Downloading from jboss-public-repository: https://repository.jboss.org/nexus/content/groups/public/org/apache/maven/surefire/common-junit4/3.0.0-M7/common-junit4-3.0.0-M7.jar
SSSD	Run tests	2024-08-05T00:23:47.5120409Z Downloading from central: https://repo.maven.apache.org/maven2/org/apache/maven/surefire/common-junit3/3.0.0-M7/common-junit3-3.0.0-M7.jar
SSSD	Run tests	2024-08-05T00:23:47.5184511Z Progress (1): 12 kB
SSSD	Run tests	2024-08-05T00:23:47.5187569Z                    
SSSD	Run tests	2024-08-05T00:23:47.5189326Z Downloaded from central: https://repo.maven.apache.org/maven2/org/apache/maven/surefire/common-junit3/3.0.0-M7/common-junit3-3.0.0-M7.jar (12 kB at 1.7 MB/s)
SSSD	Run tests	2024-08-05T00:23:47.5615536Z Downloading from central: https://repo.maven.apache.org/maven2/org/apache/maven/surefire/common-junit4/3.0.0-M7/common-junit4-3.0.0-M7.jar
SSSD	Run tests	2024-08-05T00:23:47.5665338Z Progress (1): 16/26 kB
SSSD	Run tests	2024-08-05T00:23:47.5668694Z Progress (1): 26 kB   
SSSD	Run tests	2024-08-05T00:23:47.5672842Z                    
SSSD	Run tests	2024-08-05T00:23:47.5673949Z Downloaded from central: https://repo.maven.apache.org/maven2/org/apache/maven/surefire/common-junit4/3.0.0-M7/common-junit4-3.0.0-M7.jar (26 kB at 5.1 MB/s)
SSSD	Run tests	2024-08-05T00:23:47.5718809Z Downloading from central: https://repo.maven.apache.org/maven2/org/apache/maven/surefire/common-java5/3.0.0-M7/common-java5-3.0.0-M7.jar
SSSD	Run tests	2024-08-05T00:23:47.5774299Z Progress (1): 16/17 kB
SSSD	Run tests	2024-08-05T00:23:47.5776535Z Progress (1): 17 kB   
SSSD	Run tests	2024-08-05T00:23:47.5780080Z                    
SSSD	Run tests	2024-08-05T00:23:47.5783006Z Downloaded from central: https://repo.maven.apache.org/maven2/org/apache/maven/surefire/common-java5/3.0.0-M7/common-java5-3.0.0-M7.jar (17 kB at 2.9 MB/s)
SSSD	Run tests	2024-08-05T00:23:47.5896153Z [INFO] 
SSSD	Run tests	2024-08-05T00:23:47.5896882Z [INFO] -------------------------------------------------------
SSSD	Run tests	2024-08-05T00:23:47.5900165Z [INFO]  T E S T S
SSSD	Run tests	2024-08-05T00:23:47.5900865Z [INFO] -------------------------------------------------------
SSSD	Run tests	2024-08-05T00:23:48.1424799Z 00:23:48,135 INFO  [org.keycloak.testsuite.util.NonIDERunListener] Setting keycloak.logging.level to off. Keycloak server logging will be disabled
SSSD	Run tests	2024-08-05T00:23:48.1439486Z [INFO] Running org.keycloak.testsuite.sssd.SSSDTest
SSSD	Run tests	2024-08-05T00:23:48.3429334Z Aug 05, 2024 12:23:48 AM org.keycloak.testsuite.arquillian.containers.MultipleContainersExtension register
SSSD	Run tests	2024-08-05T00:23:48.3430771Z INFO: Multiple containers extension registering.
SSSD	Run tests	2024-08-05T00:23:48.6435309Z 00:23:48,548 INFO  [org.keycloak.testsuite.arquillian.containers.RegistryCreator] arquillian.xml: /github/workspace/testsuite/integration-arquillian/tests/other/sssd/target/dependency/arquillian.xml
SSSD	Run tests	2024-08-05T00:23:48.6438051Z 00:23:48,560 WARN  [org.keycloak.testsuite.arquillian.containers.RegistryCreator] None dynamically loaded containers
SSSD	Run tests	2024-08-05T00:23:48.6440278Z 00:23:48,592 INFO  [org.keycloak.testsuite.arquillian.containers.RegistryCreator] Container is disabled: auth-server-undertow
SSSD	Run tests	2024-08-05T00:23:48.6442652Z 00:23:48,592 WARN  [org.keycloak.testsuite.arquillian.containers.RegistryCreator] Cannot load adapterImpl class for auth-server-quarkus
SSSD	Run tests	2024-08-05T00:23:48.6445004Z 00:23:48,592 INFO  [org.keycloak.testsuite.arquillian.containers.RegistryCreator] Registering container: auth-server-quarkus
SSSD	Run tests	2024-08-05T00:23:48.6447342Z 00:23:48,595 INFO  [org.keycloak.testsuite.arquillian.containers.RegistryCreator] Container is disabled: auth-server-quarkus-embedded
SSSD	Run tests	2024-08-05T00:23:48.6449653Z 00:23:48,596 INFO  [org.keycloak.testsuite.arquillian.containers.RegistryCreator] Container is disabled: auth-server-migration
SSSD	Run tests	2024-08-05T00:23:48.6452129Z 00:23:48,597 WARN  [org.keycloak.testsuite.arquillian.containers.RegistryCreator] Cannot load adapterImpl class for auth-server-quarkus-backend1
SSSD	Run tests	2024-08-05T00:23:48.6459791Z 00:23:48,597 WARN  [org.keycloak.testsuite.arquillian.containers.RegistryCreator] Cannot load adapterImpl class for auth-server-quarkus-backend2
SSSD	Run tests	2024-08-05T00:23:48.6462340Z 00:23:48,598 WARN  [org.keycloak.testsuite.arquillian.containers.RegistryCreator] Cannot load adapterImpl class for auth-server-legacy
SSSD	Run tests	2024-08-05T00:23:48.6470390Z 00:23:48,598 INFO  [org.keycloak.testsuite.arquillian.containers.RegistryCreator] Container is disabled: auth-server-undertow-backend1
SSSD	Run tests	2024-08-05T00:23:48.6473310Z 00:23:48,598 INFO  [org.keycloak.testsuite.arquillian.containers.RegistryCreator] Container is disabled: auth-server-undertow-backend2
SSSD	Run tests	2024-08-05T00:23:48.6476072Z Aug 05, 2024 12:23:48 AM org.arquillian.recorder.reporter.configuration.ReporterConfigurator configureExtension
SSSD	Run tests	2024-08-05T00:23:48.6476989Z INFO: Configuration of Arquillian Reporting extension:
SSSD	Run tests	2024-08-05T00:23:48.6477783Z Aug 05, 2024 12:23:48 AM org.arquillian.recorder.reporter.configuration.ReporterConfigurator configureExtension
SSSD	Run tests	2024-08-05T00:23:48.6478534Z INFO: report                                   xml
SSSD	Run tests	2024-08-05T00:23:48.6478935Z rootDir                                  target
SSSD	Run tests	2024-08-05T00:23:48.6479360Z file                                     target/arquillian_report.xml
SSSD	Run tests	2024-08-05T00:23:48.6479816Z template                                 template.xsl
SSSD	Run tests	2024-08-05T00:23:48.6480246Z reportAfterEvery                         class
SSSD	Run tests	2024-08-05T00:23:48.6480631Z language                                 en
SSSD	Run tests	2024-08-05T00:23:48.6481000Z maxImageWidth                            500
SSSD	Run tests	2024-08-05T00:23:48.6481374Z imageWidth                               100%
SSSD	Run tests	2024-08-05T00:23:48.6481750Z imageHeight                              100%
SSSD	Run tests	2024-08-05T00:23:48.6481997Z 
SSSD	Run tests	2024-08-05T00:23:48.6482716Z 00:23:48,599 INFO  [org.keycloak.testsuite.arquillian.containers.RegistryCreator] Container is disabled: auth-server-balancer-undertow
SSSD	Run tests	2024-08-05T00:23:48.6484161Z 00:23:48,599 WARN  [org.keycloak.testsuite.arquillian.containers.RegistryCreator] Cannot load adapterImpl class for cache-server-legacy-cross-dc-1
SSSD	Run tests	2024-08-05T00:23:48.6485592Z 00:23:48,599 WARN  [org.keycloak.testsuite.arquillian.containers.RegistryCreator] Cannot load adapterImpl class for cache-server-legacy-cross-dc-2
SSSD	Run tests	2024-08-05T00:23:48.6486921Z 00:23:48,600 INFO  [org.keycloak.testsuite.arquillian.containers.RegistryCreator] Container is disabled: cache-server-cross-dc-1
SSSD	Run tests	2024-08-05T00:23:48.6488440Z 00:23:48,600 INFO  [org.keycloak.testsuite.arquillian.containers.RegistryCreator] Container is disabled: cache-server-cross-dc-2
SSSD	Run tests	2024-08-05T00:23:48.6489702Z 00:23:48,600 INFO  [org.keycloak.testsuite.arquillian.containers.RegistryCreator] Container is disabled: auth-server-balancer-cross-dc
SSSD	Run tests	2024-08-05T00:23:48.6491021Z 00:23:48,600 INFO  [org.keycloak.testsuite.arquillian.containers.RegistryCreator] Container is disabled: auth-server-undertow-cross-dc-0_1
SSSD	Run tests	2024-08-05T00:23:48.6492378Z 00:23:48,601 INFO  [org.keycloak.testsuite.arquillian.containers.RegistryCreator] Container is disabled: auth-server-undertow-cross-dc-0_2-manual
SSSD	Run tests	2024-08-05T00:23:48.6494635Z 00:23:48,601 INFO  [org.keycloak.testsuite.arquillian.containers.RegistryCreator] Container is disabled: auth-server-undertow-cross-dc-1_1
SSSD	Run tests	2024-08-05T00:23:48.6497160Z 00:23:48,601 INFO  [org.keycloak.testsuite.arquillian.containers.RegistryCreator] Container is disabled: auth-server-undertow-cross-dc-1_2-manual
SSSD	Run tests	2024-08-05T00:23:48.6500691Z 00:23:48,601 WARN  [org.keycloak.testsuite.arquillian.containers.RegistryCreator] Cannot load adapterImpl class for auth-server-jboss-cross-dc-0_1
SSSD	Run tests	2024-08-05T00:23:48.6503339Z 00:23:48,602 WARN  [org.keycloak.testsuite.arquillian.containers.RegistryCreator] Cannot load adapterImpl class for auth-server-jboss-cross-dc-0_2-manual
SSSD	Run tests	2024-08-05T00:23:48.6505945Z 00:23:48,602 WARN  [org.keycloak.testsuite.arquillian.containers.RegistryCreator] Cannot load adapterImpl class for auth-server-jboss-cross-dc-1_1
SSSD	Run tests	2024-08-05T00:23:48.6508615Z 00:23:48,602 WARN  [org.keycloak.testsuite.arquillian.containers.RegistryCreator] Cannot load adapterImpl class for auth-server-jboss-cross-dc-1_2-manual
SSSD	Run tests	2024-08-05T00:23:48.6511121Z 00:23:48,602 INFO  [org.keycloak.testsuite.arquillian.containers.RegistryCreator] Container is disabled: auth-server-quarkus-backend1
SSSD	Run tests	2024-08-05T00:23:48.6513541Z 00:23:48,603 INFO  [org.keycloak.testsuite.arquillian.containers.RegistryCreator] Container is disabled: auth-server-quarkus-backend2
SSSD	Run tests	2024-08-05T00:23:48.6515403Z Configuration of Arquillian Browser Screenshooter:
SSSD	Run tests	2024-08-05T00:23:48.6516266Z rootDir                                  target/screenshots
SSSD	Run tests	2024-08-05T00:23:48.6517059Z screenshotType                           PNG
SSSD	Run tests	2024-08-05T00:23:48.6517785Z takeBeforeTest                           false
SSSD	Run tests	2024-08-05T00:23:48.6518472Z takeAfterTest                            false
SSSD	Run tests	2024-08-05T00:23:48.6519168Z takeWhenTestFailed                       true
SSSD	Run tests	2024-08-05T00:23:48.6519811Z takeOnEveryAction                        false
SSSD	Run tests	2024-08-05T00:23:48.6520275Z 
SSSD	Run tests	2024-08-05T00:23:48.6521045Z 00:23:48,609 INFO  [org.keycloak.testsuite.drone.HtmlUnitScreenshots] Screenshots disabled as htmlUnit is used
SSSD	Run tests	2024-08-05T00:23:49.0438043Z 00:23:49,029 INFO  [org.keycloak.testsuite.arquillian.AuthServerTestEnricher] 
SSSD	Run tests	2024-08-05T00:23:49.0438978Z 
SSSD	Run tests	2024-08-05T00:23:49.0439163Z SUITE CONTEXT:
SSSD	Run tests	2024-08-05T00:23:49.0439911Z Auth server: auth-server-quarkus
SSSD	Run tests	2024-08-05T00:23:49.0440331Z 
SSSD	Run tests	2024-08-05T00:23:49.0440905Z 00:23:49,034 INFO  [org.keycloak.testsuite.arquillian.AuthServerTestEnricher] 
SSSD	Run tests	2024-08-05T00:23:49.0441673Z 
SSSD	Run tests	2024-08-05T00:23:49.0441880Z TEST PROCESS INFO: 
SSSD	Run tests	2024-08-05T00:23:49.0442375Z Available processors: 4
SSSD	Run tests	2024-08-05T00:23:49.0442735Z Total memory: 514 MB
SSSD	Run tests	2024-08-05T00:23:49.0443030Z Max memory (Xmx): 2048 MB
SSSD	Run tests	2024-08-05T00:23:49.0443330Z Metaspace Max: 512 MB
SSSD	Run tests	2024-08-05T00:23:49.1437660Z Aug 05, 2024 12:23:49 AM org.jboss.logmanager.JBossLoggerFinder getLogger
SSSD	Run tests	2024-08-05T00:23:49.1439696Z ERROR: The LogManager accessed before the "java.util.logging.manager" system property was set to "org.jboss.logmanager.LogManager". Results may be unexpected.
SSSD	Run tests	2024-08-05T00:23:49.1441893Z 00:23:49,049 INFO  [io.undertow] starting server: Undertow - 2.3.2.Final
SSSD	Run tests	2024-08-05T00:23:49.2439285Z Aug 05, 2024 12:23:49 AM org.jboss.arquillian.drone.webdriver.factory.remote.reusable.ReusedSessionPermanentFileStorage readStore
SSSD	Run tests	2024-08-05T00:23:49.2441846Z INFO: Reused session store is not available at /root/.drone-webdriver-session-store, a new one will be created.
SSSD	Run tests	2024-08-05T00:23:49.2443812Z 00:23:49,180 INFO  [org.jboss.threads] JBoss Threads version 3.5.1.Final
SSSD	Run tests	2024-08-05T00:23:49.2445442Z 00:23:49,229 INFO  [org.keycloak.testsuite.arquillian.TestClassProvider] Started test class provider on http://localhost:8500
SSSD	Run tests	2024-08-05T00:23:49.3448789Z 00:23:49,252 INFO  [org.keycloak.testsuite.arquillian.containers.KeycloakQuarkusConfiguration] Keycloak will listen for http on port: 8180, for https on port: 8543, and for management on port: 9000
SSSD	Run tests	2024-08-05T00:23:49.3450577Z 
SSSD	Run tests	2024-08-05T00:23:49.3451904Z 00:23:49,253 INFO  [org.keycloak.testsuite.arquillian.AuthServerTestEnricher] Determining the JSSE security provider to use for outbound SSL/TLS connections of the Elytron client
SSSD	Run tests	2024-08-05T00:23:49.3456147Z 00:23:49,253 DEBUG [org.keycloak.testsuite.arquillian.AuthServerTestEnricher] Using wildfly-config.xml from '/github/workspace/testsuite/integration-arquillian/tests/other/sssd/target/dependency/wildfly-config.xml' location
SSSD	Run tests	2024-08-05T00:23:49.3459691Z 00:23:49,271 INFO  [org.keycloak.testsuite.arquillian.AuthServerTestEnricher] Using the 'SunJSSE' JSSE provider
SSSD	Run tests	2024-08-05T00:23:49.3461208Z Aug 05, 2024 12:23:49 AM org.jboss.arquillian.container.impl.MapObject populate
SSSD	Run tests	2024-08-05T00:23:49.3463045Z WARNING: Configuration contain properties not supported by the backing object org.keycloak.testsuite.arquillian.containers.KeycloakQuarkusConfiguration
SSSD	Run tests	2024-08-05T00:23:49.3464619Z Unused property entries: {adapterImplClass=
SSSD	Run tests	2024-08-05T00:23:49.3465760Z                 org.keycloak.testsuite.arquillian.containers.KeycloakQuarkusServerDeployableContainer
SSSD	Run tests	2024-08-05T00:23:49.3466898Z             , enabled=true}
SSSD	Run tests	2024-08-05T00:23:49.3469725Z Supported property names: [bindHttpsPort, keycloakConfigPropertyOverrides, providersPathString, bindHttpPort, keystorePassword, startupTimeoutInSeconds, bindHttpsPortOffset, profile, importFile, bindHttpPortOffset, truststorePassword, javaOpts, route, managementPort, providersPath, fipsMode, debugPort, keystoreFile, truststoreFile, defaultFeatures, reaugmentBeforeStart]
SSSD	Run tests	2024-08-05T00:23:49.3473818Z 00:23:49,271 DEBUG [org.keycloak.testsuite.arquillian.AuthServerTestEnricher] Starting auth server before suite
SSSD	Run tests	2024-08-05T00:23:49.3476159Z 00:23:49,271 INFO  [org.keycloak.testsuite.arquillian.AuthServerTestEnricher] ************************auth-server-quarkus*****************************************************************************
SSSD	Run tests	2024-08-05T00:23:49.3479533Z 00:23:49,281 DEBUG [org.keycloak.testsuite.arquillian.containers.KeycloakQuarkusServerDeployableContainer] Quarkus parameters: [./kc.sh, -v, start, --http-enabled=true, --http-port=8180, --https-port=8543, --http-management-port=9000, --optimized]
SSSD	Run tests	2024-08-05T00:23:49.3482490Z 00:23:49,282 DEBUG [org.keycloak.testsuite.arquillian.containers.AbstractQuarkusDeployableContainer] FIPS Mode: disabled
SSSD	Run tests	2024-08-05T00:23:49.3484761Z 00:23:49,282 DEBUG [org.keycloak.testsuite.arquillian.containers.AbstractQuarkusDeployableContainer] Store 'DEFAULT' is used.
SSSD	Run tests	2024-08-05T00:23:49.3486348Z JAVA_OPTS already set in environment; overriding default settings
SSSD	Run tests	2024-08-05T00:23:52.4508820Z 2024-08-05 00:23:50,112 WARN  [org.keycloak.quarkus.runtime.cli.Picocli] (main) The following build time non-cli options have values that differ from what is persisted - the new values will NOT be used until another build is run: kc.https-client-auth
SSSD	Run tests	2024-08-05T00:23:52.4511009Z 
SSSD	Run tests	2024-08-05T00:23:52.4512775Z 2024-08-05 00:23:50,112 WARN  [org.keycloak.quarkus.runtime.cli.Picocli] (main) The following used options or option values are DEPRECATED and will be removed or their behaviour changed in a future release:
SSSD	Run tests	2024-08-05T00:23:52.4515277Z 	- https-trust-store-password: Use the System Truststore instead, see the docs for details.
SSSD	Run tests	2024-08-05T00:23:52.4516821Z 	- https-trust-store-file: Use the System Truststore instead, see the docs for details.
SSSD	Run tests	2024-08-05T00:23:52.4517898Z Consult the Release Notes for details.
SSSD	Run tests	2024-08-05T00:23:52.4520363Z 2024-08-05 00:23:50,869 INFO  [org.keycloak.protocol.oidc.OIDCWellKnownProviderFactory] (main) Overriding default OIDC well-known endpoint configuration with the options from file 'classpath:wellknown/oidc-well-known-config-override.json'
SSSD	Run tests	2024-08-05T00:23:52.4524350Z 2024-08-05 00:23:50,889 WARN  [org.keycloak.truststore.FileTruststoreProviderFactory] (main) Using deprecated 'spi-truststore-file-*' options. Consider using 'truststore-paths' option.
SSSD	Run tests	2024-08-05T00:23:52.5504370Z 2024-08-05 00:23:52,483 INFO  [org.keycloak.quarkus.runtime.storage.legacy.infinispan.CacheManagerFactory] (main) Starting Infinispan embedded cache manager
SSSD	Run tests	2024-08-05T00:23:53.1512730Z 2024-08-05 00:23:53,089 INFO  [org.infinispan.CONTAINER] (ForkJoinPool.commonPool-worker-1) ISPN000556: Starting user marshaller 'org.infinispan.commons.marshall.ImmutableProtoStreamMarshaller'
SSSD	Run tests	2024-08-05T00:23:53.8521676Z 2024-08-05 00:23:53,820 INFO  [org.keycloak.connections.infinispan.DefaultInfinispanConnectionProviderFactory] (main) Node name: node_857683, Site name: null
SSSD	Run tests	2024-08-05T00:23:53.8524011Z 2024-08-05 00:23:53,824 INFO  [org.keycloak.broker.provider.AbstractIdentityProviderMapper] (main) Registering class org.keycloak.broker.provider.mappersync.ConfigSyncEventListener
SSSD	Run tests	2024-08-05T00:23:54.6546183Z 2024-08-05 00:23:54,630 INFO  [org.keycloak.quarkus.runtime.storage.legacy.liquibase.QuarkusJpaUpdaterProvider] (main) Initializing database schema. Using changelog META-INF/jpa-changelog-master.xml
SSSD	Run tests	2024-08-05T00:23:56.8574207Z 
SSSD	Run tests	2024-08-05T00:23:56.8574932Z UPDATE SUMMARY
SSSD	Run tests	2024-08-05T00:23:56.8575546Z Run:                        140
SSSD	Run tests	2024-08-05T00:23:56.8577112Z Previously run:               0
SSSD	Run tests	2024-08-05T00:23:56.8578003Z Filtered out:                 0
SSSD	Run tests	2024-08-05T00:23:56.8578904Z -------------------------------
SSSD	Run tests	2024-08-05T00:23:56.8579422Z Total change sets:          140
SSSD	Run tests	2024-08-05T00:23:56.8579770Z 
SSSD	Run tests	2024-08-05T00:23:56.9578307Z 2024-08-05 00:23:56,862 INFO  [org.keycloak.quarkus.runtime.storage.legacy.liquibase.QuarkusJpaUpdaterProvider] (main) Initializing database schema. Using changelog META-INF/example-changelog.xml
SSSD	Run tests	2024-08-05T00:23:56.9581084Z 
SSSD	Run tests	2024-08-05T00:23:56.9581302Z UPDATE SUMMARY
SSSD	Run tests	2024-08-05T00:23:56.9581755Z Run:                          1
SSSD	Run tests	2024-08-05T00:23:56.9582364Z Previously run:               0
SSSD	Run tests	2024-08-05T00:23:56.9582897Z Filtered out:                 0
SSSD	Run tests	2024-08-05T00:23:56.9587271Z -------------------------------
SSSD	Run tests	2024-08-05T00:23:56.9587890Z Total change sets:            1
SSSD	Run tests	2024-08-05T00:23:56.9588277Z 
SSSD	Run tests	2024-08-05T00:23:57.3582313Z 2024-08-05 00:23:57,318 INFO  [org.keycloak.services] (main) KC-SERVICES0050: Initializing master realm
SSSD	Run tests	2024-08-05T00:23:59.0611803Z 2024-08-05 00:23:58,993 INFO  [org.keycloak.services] (main) KC-SERVICES0077: Created temporary admin user with username admin
SSSD	Run tests	2024-08-05T00:23:59.0615147Z 2024-08-05 00:23:59,028 INFO  [org.keycloak.services] (main) KC-SERVICES0006: Importing users from '/github/workspace/testsuite/integration-arquillian/tests/other/sssd/target/containers/auth-server-quarkus/bin/../conf/keycloak-add-user.json'
SSSD	Run tests	2024-08-05T00:23:59.2614237Z 2024-08-05 00:23:59,210 WARN  [org.keycloak.services] (main) KC-SERVICES0104: Not creating user admin. It already exists.
SSSD	Run tests	2024-08-05T00:23:59.4620161Z 2024-08-05 00:23:59,377 INFO  [io.quarkus] (main) Keycloak 999.0.0-SNAPSHOT on JVM (powered by Quarkus 3.8.5) started in 9.982s. Listening on: http://0.0.0.0:8180 and https://0.0.0.0:8543. Management interface listening on https://0.0.0.0:9000.
SSSD	Run tests	2024-08-05T00:23:59.4623020Z 2024-08-05 00:23:59,378 INFO  [io.quarkus] (main) Profile prod activated. 
SSSD	Run tests	2024-08-05T00:23:59.4626161Z 2024-08-05 00:23:59,378 INFO  [io.quarkus] (main) Installed features: [agroal, cdi, hibernate-orm, jdbc-h2, keycloak, logging-gelf, narayana-jta, reactive-routes, resteasy-reactive, resteasy-reactive-jackson, smallrye-context-propagation, vertx]
SSSD	Run tests	2024-08-05T00:23:59.9628092Z 00:23:59,877 INFO  [org.keycloak.testsuite.arquillian.containers.AbstractQuarkusDeployableContainer] Keycloak is ready at https://localhost:8543/auth/realms/master/
SSSD	Run tests	2024-08-05T00:24:00.2296315Z 00:24:00,206 INFO  [org.keycloak.testsuite.arquillian.AppServerTestEnricher] 
SSSD	Run tests	2024-08-05T00:24:00.2297862Z 
SSSD	Run tests	2024-08-05T00:24:00.2298169Z TEST CONTEXT: org.keycloak.testsuite.sssd.SSSDTest
SSSD	Run tests	2024-08-05T00:24:00.2298692Z 
SSSD	Run tests	2024-08-05T00:24:00.2628003Z 00:24:00,229 INFO  [org.keycloak.testsuite.sssd.SSSDTest] [SSSDTest] testExistingUserWithNoEmailLogIn() STARTED
SSSD	Run tests	2024-08-05T00:24:00.7636212Z Aug 05, 2024 12:24:00 AM org.jboss.arquillian.drone.webdriver.factory.HtmlUnitDriverFactory setClientOptions
SSSD	Run tests	2024-08-05T00:24:00.7638007Z INFO: Setting HtmlDriver web client options: {htmlunitCssEnabled=false, htmlunitHistoryPageCacheLimit=1}
SSSD	Run tests	2024-08-05T00:24:01.0641453Z 00:24:01,043 INFO  [org.keycloak.testsuite.drone.KeycloakDronePostSetup] Configuring driver settings. implicitWait=2000, pageLoadTimeout=10000
SSSD	Run tests	2024-08-05T00:24:01.0643612Z 00:24:01,054 INFO  [org.keycloak.testsuite.drone.KeycloakDronePostSetup] Check HtmlUnit driver TLS settings
SSSD	Run tests	2024-08-05T00:24:01.9652703Z 00:24:01,935 DEBUG [org.keycloak.testsuite.sssd.SSSDTest] updating admin password
SSSD	Run tests	2024-08-05T00:24:01.9654444Z 00:24:01,938 INFO  [org.keycloak.testsuite.util.URLUtils] starting navigation
SSSD	Run tests	2024-08-05T00:24:01.9664639Z 00:24:01,939 INFO  [org.keycloak.testsuite.util.URLUtils] current URL:  about:blank
SSSD	Run tests	2024-08-05T00:24:01.9666133Z 00:24:01,939 INFO  [org.keycloak.testsuite.util.URLUtils] navigating to https://localhost:8543/auth
SSSD	Run tests	2024-08-05T00:24:02.3664440Z 00:24:02,297 INFO  [org.keycloak.testsuite.util.URLUtils] new current URL:  https://localhost:8543/auth/admin/master/console/
SSSD	Run tests	2024-08-05T00:24:02.3666138Z 00:24:02,297 INFO  [org.keycloak.testsuite.util.URLUtils] navigation complete
SSSD	Run tests	2024-08-05T00:24:02.3667365Z 00:24:02,300 DEBUG [org.keycloak.testsuite.sssd.SSSDTest] loading test realms
SSSD	Run tests	2024-08-05T00:24:02.3668811Z 00:24:02,300 DEBUG [org.keycloak.testsuite.sssd.SSSDTest] Adding test realm for import from testrealm.json
SSSD	Run tests	2024-08-05T00:24:02.6663881Z 00:24:02,604 INFO  [org.keycloak.testsuite.sssd.SSSDTest] importing test realms
SSSD	Run tests	2024-08-05T00:24:02.6665423Z 00:24:02,604 DEBUG [org.keycloak.testsuite.sssd.SSSDTest] Modifying login theme to base
SSSD	Run tests	2024-08-05T00:24:02.6669856Z 00:24:02,604 DEBUG [org.keycloak.testsuite.sssd.SSSDTest] --importing realm: test
SSSD	Run tests	2024-08-05T00:24:05.6718161Z 00:24:05,620 DEBUG [org.keycloak.testsuite.sssd.SSSDTest] Testing correct password, but no e-mail provided
SSSD	Run tests	2024-08-05T00:24:06.6179349Z 00:24:06,582 INFO  [org.keycloak.testsuite.util.URLUtils] starting navigation
SSSD	Run tests	2024-08-05T00:24:06.6181064Z 00:24:06,582 INFO  [org.keycloak.testsuite.util.URLUtils] current URL:  https://localhost:8543/auth/realms/master/app/auth
SSSD	Run tests	2024-08-05T00:24:06.6183011Z 00:24:06,582 INFO  [org.keycloak.testsuite.util.URLUtils] navigating to https://localhost:8543/auth/realms/test/testing/blank
SSSD	Run tests	2024-08-05T00:24:06.6184992Z 00:24:06,595 INFO  [org.keycloak.testsuite.util.URLUtils] new current URL:  https://localhost:8543/auth/realms/test/testing/blank
SSSD	Run tests	2024-08-05T00:24:06.6186591Z 00:24:06,595 INFO  [org.keycloak.testsuite.util.URLUtils] navigation complete
SSSD	Run tests	2024-08-05T00:24:06.6188239Z 00:24:06,595 INFO  [org.keycloak.testsuite.sssd.SSSDTest] deleting cookies in 'test' realm
SSSD	Run tests	2024-08-05T00:24:06.6189614Z 00:24:06,596 INFO  [org.keycloak.testsuite.sssd.SSSDTest] calling all TestCleanup
SSSD	Run tests	2024-08-05T00:24:06.6213389Z 00:24:06,617 INFO  [org.keycloak.testsuite.sssd.SSSDTest] [SSSDTest] testExistingUserWithNoEmailLogIn() FINISHED
SSSD	Run tests	2024-08-05T00:24:06.6214452Z 
SSSD	Run tests	2024-08-05T00:24:06.6214465Z 
SSSD	Run tests	2024-08-05T00:24:06.6732877Z 00:24:06,619 INFO  [org.keycloak.testsuite.sssd.SSSDTest] [SSSDTest] testAdmin() STARTED
SSSD	Run tests	2024-08-05T00:24:06.8733768Z 00:24:06,820 DEBUG [org.keycloak.testsuite.sssd.SSSDTest] Testing password for user admin
SSSD	Run tests	2024-08-05T00:24:07.2319537Z 00:24:07,215 INFO  [org.keycloak.testsuite.util.URLUtils] starting navigation
SSSD	Run tests	2024-08-05T00:24:07.2321120Z 00:24:07,216 INFO  [org.keycloak.testsuite.util.URLUtils] current URL:  https://localhost:8543/auth/realms/master/app/auth
SSSD	Run tests	2024-08-05T00:24:07.2322982Z 00:24:07,216 INFO  [org.keycloak.testsuite.util.URLUtils] navigating to https://localhost:8543/auth/realms/test/testing/blank
SSSD	Run tests	2024-08-05T00:24:07.2325364Z 00:24:07,223 INFO  [org.keycloak.testsuite.util.URLUtils] new current URL:  https://localhost:8543/auth/realms/test/testing/blank
SSSD	Run tests	2024-08-05T00:24:07.2326883Z 00:24:07,223 INFO  [org.keycloak.testsuite.util.URLUtils] navigation complete
SSSD	Run tests	2024-08-05T00:24:07.2328405Z 00:24:07,223 INFO  [org.keycloak.testsuite.sssd.SSSDTest] deleting cookies in 'test' realm
SSSD	Run tests	2024-08-05T00:24:07.2329921Z 00:24:07,224 INFO  [org.keycloak.testsuite.sssd.SSSDTest] calling all TestCleanup
SSSD	Run tests	2024-08-05T00:24:07.2338812Z 00:24:07,233 INFO  [org.keycloak.testsuite.sssd.SSSDTest] [SSSDTest] testAdmin() FINISHED
SSSD	Run tests	2024-08-05T00:24:07.2339681Z 
SSSD	Run tests	2024-08-05T00:24:07.2339694Z 
SSSD	Run tests	2024-08-05T00:24:07.2738033Z 00:24:07,233 INFO  [org.keycloak.testsuite.sssd.SSSDTest] [SSSDTest] testInvalidPassword() STARTED
SSSD	Run tests	2024-08-05T00:24:07.4749862Z 00:24:07,380 DEBUG [org.keycloak.testsuite.sssd.SSSDTest] Testing invalid password for user emily
SSSD	Run tests	2024-08-05T00:24:07.8560761Z 2024-08-05 00:24:07,779 ERROR [org.keycloak.federation.sssd.impl.PAMAuthenticator] (executor-thread-1) Authentication failed: org.jvnet.libpam.PAMException: pam_authenticate failed : Authentication failure
SSSD	Run tests	2024-08-05T00:24:07.8563377Z 	at org.jvnet.libpam.PAM.check(PAM.java:113)
SSSD	Run tests	2024-08-05T00:24:07.8564522Z 	at org.jvnet.libpam.PAM.authenticate(PAM.java:129)
SSSD	Run tests	2024-08-05T00:24:07.8566213Z 	at org.keycloak.federation.sssd.impl.PAMAuthenticator.authenticate(PAMAuthenticator.java:53)
SSSD	Run tests	2024-08-05T00:24:07.8571859Z 	at org.keycloak.federation.sssd.SSSDFederationProvider.isValid(SSSDFederationProvider.java:193)
SSSD	Run tests	2024-08-05T00:24:07.8573843Z 	at org.keycloak.credential.UserCredentialManager.lambda$validate$11(UserCredentialManager.java:255)
SSSD	Run tests	2024-08-05T00:24:07.8575674Z 	at java.base/java.util.Collection.removeIf(Collection.java:583)
SSSD	Run tests	2024-08-05T00:24:07.8580368Z 	at org.keycloak.credential.UserCredentialManager.validate(UserCredentialManager.java:255)
SSSD	Run tests	2024-08-05T00:24:07.8582007Z 	at org.keycloak.credential.UserCredentialManager.isValid(UserCredentialManager.java:71)
SSSD	Run tests	2024-08-05T00:24:07.8583932Z 	at org.keycloak.models.SubjectCredentialManager.isValid(SubjectCredentialManager.java:45)
SSSD	Run tests	2024-08-05T00:24:07.8586170Z 	at org.keycloak.authentication.authenticators.browser.AbstractUsernameFormAuthenticator.validatePassword(AbstractUsernameFormAuthenticator.java:206)
SSSD	Run tests	2024-08-05T00:24:07.8589151Z 	at org.keycloak.authentication.authenticators.browser.AbstractUsernameFormAuthenticator.validateUserAndPassword(AbstractUsernameFormAuthenticator.java:127)
SSSD	Run tests	2024-08-05T00:24:07.8591776Z 	at org.keycloak.authentication.authenticators.browser.UsernamePasswordForm.validateForm(UsernamePasswordForm.java:55)
SSSD	Run tests	2024-08-05T00:24:07.8593880Z 	at org.keycloak.authentication.authenticators.browser.UsernamePasswordForm.action(UsernamePasswordForm.java:48)
SSSD	Run tests	2024-08-05T00:24:07.8595843Z 	at org.keycloak.authentication.DefaultAuthenticationFlow.processAction(DefaultAuthenticationFlow.java:149)
SSSD	Run tests	2024-08-05T00:24:07.8597925Z 	at org.keycloak.authentication.AuthenticationProcessor.authenticationAction(AuthenticationProcessor.java:1034)
SSSD	Run tests	2024-08-05T00:24:07.8599757Z 	at org.keycloak.services.resources.LoginActionsService.processFlow(LoginActionsService.java:376)
SSSD	Run tests	2024-08-05T00:24:07.8601535Z 	at org.keycloak.services.resources.LoginActionsService.processAuthentication(LoginActionsService.java:347)
SSSD	Run tests	2024-08-05T00:24:07.8603324Z 	at org.keycloak.services.resources.LoginActionsService.authenticate(LoginActionsService.java:339)
SSSD	Run tests	2024-08-05T00:24:07.8605068Z 	at org.keycloak.services.resources.LoginActionsService.authenticateForm(LoginActionsService.java:405)
SSSD	Run tests	2024-08-05T00:24:07.8607166Z 	at org.keycloak.services.resources.LoginActionsService$quarkusrestinvoker$authenticateForm_13d428b70e62601585246c086a52f40868a3208e.invoke(Unknown Source)
SSSD	Run tests	2024-08-05T00:24:07.8609234Z 	at org.jboss.resteasy.reactive.server.handlers.InvocationHandler.handle(InvocationHandler.java:29)
SSSD	Run tests	2024-08-05T00:24:07.8611471Z 	at io.quarkus.resteasy.reactive.server.runtime.QuarkusResteasyReactiveRequestContext.invokeHandler(QuarkusResteasyReactiveRequestContext.java:141)
SSSD	Run tests	2024-08-05T00:24:07.8614218Z 	at org.jboss.resteasy.reactive.common.core.AbstractResteasyReactiveContext.run(AbstractResteasyReactiveContext.java:147)
SSSD	Run tests	2024-08-05T00:24:07.8616045Z 	at io.quarkus.vertx.core.runtime.VertxCoreRecorder$14.runWith(VertxCoreRecorder.java:582)
SSSD	Run tests	2024-08-05T00:24:07.8617572Z 	at org.jboss.threads.EnhancedQueueExecutor$Task.run(EnhancedQueueExecutor.java:2513)
SSSD	Run tests	2024-08-05T00:24:07.8618925Z 	at org.jboss.threads.EnhancedQueueExecutor$ThreadBody.run(EnhancedQueueExecutor.java:1538)
SSSD	Run tests	2024-08-05T00:24:07.8620207Z 	at org.jboss.threads.DelegatingRunnable.run(DelegatingRunnable.java:29)
SSSD	Run tests	2024-08-05T00:24:07.8621524Z 	at org.jboss.threads.ThreadLocalResettingRunnable.run(ThreadLocalResettingRunnable.java:29)
SSSD	Run tests	2024-08-05T00:24:07.8623058Z 	at io.netty.util.concurrent.FastThreadLocalRunnable.run(FastThreadLocalRunnable.java:30)
SSSD	Run tests	2024-08-05T00:24:07.8624195Z 	at java.base/java.lang.Thread.run(Thread.java:1583)
SSSD	Run tests	2024-08-05T00:24:07.8624706Z 
SSSD	Run tests	2024-08-05T00:24:07.8625236Z org.jvnet.libpam.PAMException: pam_authenticate failed : Authentication failure
SSSD	Run tests	2024-08-05T00:24:07.8626257Z 	at org.jvnet.libpam.PAM.check(PAM.java:113)
SSSD	Run tests	2024-08-05T00:24:07.8627017Z 	at org.jvnet.libpam.PAM.authenticate(PAM.java:129)
SSSD	Run tests	2024-08-05T00:24:07.8628282Z 	at org.keycloak.federation.sssd.impl.PAMAuthenticator.authenticate(PAMAuthenticator.java:53)
SSSD	Run tests	2024-08-05T00:24:07.8629898Z 	at org.keycloak.federation.sssd.SSSDFederationProvider.isValid(SSSDFederationProvider.java:193)
SSSD	Run tests	2024-08-05T00:24:07.8631584Z 	at org.keycloak.credential.UserCredentialManager.lambda$validate$11(UserCredentialManager.java:255)
SSSD	Run tests	2024-08-05T00:24:07.8632928Z 	at java.base/java.util.Collection.removeIf(Collection.java:583)
SSSD	Run tests	2024-08-05T00:24:07.8634203Z 	at org.keycloak.credential.UserCredentialManager.validate(UserCredentialManager.java:255)
SSSD	Run tests	2024-08-05T00:24:07.8635716Z 	at org.keycloak.credential.UserCredentialManager.isValid(UserCredentialManager.java:71)
SSSD	Run tests	2024-08-05T00:24:07.8637216Z 	at org.keycloak.models.SubjectCredentialManager.isValid(SubjectCredentialManager.java:45)
SSSD	Run tests	2024-08-05T00:24:07.8639719Z 	at org.keycloak.authentication.authenticators.browser.AbstractUsernameFormAuthenticator.validatePassword(AbstractUsernameFormAuthenticator.java:206)
SSSD	Run tests	2024-08-05T00:24:07.8642536Z 	at org.keycloak.authentication.authenticators.browser.AbstractUsernameFormAuthenticator.validateUserAndPassword(AbstractUsernameFormAuthenticator.java:127)
SSSD	Run tests	2024-08-05T00:24:07.8645101Z 	at org.keycloak.authentication.authenticators.browser.UsernamePasswordForm.validateForm(UsernamePasswordForm.java:55)
SSSD	Run tests	2024-08-05T00:24:07.8647187Z 	at org.keycloak.authentication.authenticators.browser.UsernamePasswordForm.action(UsernamePasswordForm.java:48)
SSSD	Run tests	2024-08-05T00:24:07.8649132Z 	at org.keycloak.authentication.DefaultAuthenticationFlow.processAction(DefaultAuthenticationFlow.java:149)
SSSD	Run tests	2024-08-05T00:24:07.8651060Z 	at org.keycloak.authentication.AuthenticationProcessor.authenticationAction(AuthenticationProcessor.java:1034)
SSSD	Run tests	2024-08-05T00:24:07.8652901Z 	at org.keycloak.services.resources.LoginActionsService.processFlow(LoginActionsService.java:376)
SSSD	Run tests	2024-08-05T00:24:07.8654739Z 	at org.keycloak.services.resources.LoginActionsService.processAuthentication(LoginActionsService.java:347)
SSSD	Run tests	2024-08-05T00:24:07.8656547Z 	at org.keycloak.services.resources.LoginActionsService.authenticate(LoginActionsService.java:339)
SSSD	Run tests	2024-08-05T00:24:07.8658861Z 	at org.keycloak.services.resources.LoginActionsService.authenticateForm(LoginActionsService.java:405)
SSSD	Run tests	2024-08-05T00:24:07.8660995Z 	at org.keycloak.services.resources.LoginActionsService$quarkusrestinvoker$authenticateForm_13d428b70e62601585246c086a52f40868a3208e.invoke(Unknown Source)
SSSD	Run tests	2024-08-05T00:24:07.8663082Z 	at org.jboss.resteasy.reactive.server.handlers.InvocationHandler.handle(InvocationHandler.java:29)
SSSD	Run tests	2024-08-05T00:24:07.8665346Z 	at io.quarkus.resteasy.reactive.server.runtime.QuarkusResteasyReactiveRequestContext.invokeHandler(QuarkusResteasyReactiveRequestContext.java:141)
SSSD	Run tests	2024-08-05T00:24:07.8667846Z 	at org.jboss.resteasy.reactive.common.core.AbstractResteasyReactiveContext.run(AbstractResteasyReactiveContext.java:147)
SSSD	Run tests	2024-08-05T00:24:07.8669974Z 	at io.quarkus.vertx.core.runtime.VertxCoreRecorder$14.runWith(VertxCoreRecorder.java:582)
SSSD	Run tests	2024-08-05T00:24:07.8671425Z 	at org.jboss.threads.EnhancedQueueExecutor$Task.run(EnhancedQueueExecutor.java:2513)
SSSD	Run tests	2024-08-05T00:24:07.8672893Z 	at org.jboss.threads.EnhancedQueueExecutor$ThreadBody.run(EnhancedQueueExecutor.java:1538)
SSSD	Run tests	2024-08-05T00:24:07.8674215Z 	at org.jboss.threads.DelegatingRunnable.run(DelegatingRunnable.java:29)
SSSD	Run tests	2024-08-05T00:24:07.8675598Z 	at org.jboss.threads.ThreadLocalResettingRunnable.run(ThreadLocalResettingRunnable.java:29)
SSSD	Run tests	2024-08-05T00:24:07.8677148Z 	at io.netty.util.concurrent.FastThreadLocalRunnable.run(FastThreadLocalRunnable.java:30)
SSSD	Run tests	2024-08-05T00:24:07.8678323Z 	at java.base/java.lang.Thread.run(Thread.java:1583)
SSSD	Run tests	2024-08-05T00:24:07.8682385Z 2024-08-05 00:24:07,785 WARN  [org.keycloak.events] (executor-thread-1) type="LOGIN_ERROR", realmId="test", realmName="test", clientId="test-app", userId="fe55c46c-4620-497f-87f8-073c4b1afc4c", ipAddress="127.0.0.1", error="invalid_user_credentials", auth_method="openid-connect", auth_type="code", redirect_uri="https://localhost:8543/auth/realms/master/app/auth", code_id="6b26aef0-f675-43b4-a94f-dbf5856c2ebe", username="emily"
SSSD	Run tests	2024-08-05T00:24:07.8686028Z 00:24:07,834 INFO  [org.keycloak.testsuite.util.URLUtils] starting navigation
SSSD	Run tests	2024-08-05T00:24:07.8690543Z 00:24:07,835 INFO  [org.keycloak.testsuite.util.URLUtils] current URL:  https://localhost:8543/auth/realms/test/login-actions/authenticate?execution=0aa0eea9-b2d1-4804-9d5c-e1d1d96e1137&client_id=test-app&tab_id=lMIEVPGjSlQ&client_data=eyJydSI6Imh0dHBzOi8vbG9jYWxob3N0Ojg1NDMvYXV0aC9yZWFsbXMvbWFzdGVyL2FwcC9hdXRoIiwicnQiOiJjb2RlIiwic3QiOiIwYmRmYTUzYi1jZjc4LTRkZmQtOTA2ZC1lYTEyMTIxYzNlNjIifQ
SSSD	Run tests	2024-08-05T00:24:07.8695147Z 00:24:07,835 INFO  [org.keycloak.testsuite.util.URLUtils] navigating to https://localhost:8543/auth/realms/test/testing/blank
SSSD	Run tests	2024-08-05T00:24:07.8697102Z 00:24:07,844 INFO  [org.keycloak.testsuite.util.URLUtils] new current URL:  https://localhost:8543/auth/realms/test/testing/blank
SSSD	Run tests	2024-08-05T00:24:07.8699122Z 00:24:07,844 INFO  [org.keycloak.testsuite.util.URLUtils] navigation complete
SSSD	Run tests	2024-08-05T00:24:07.8700546Z 00:24:07,844 INFO  [org.keycloak.testsuite.sssd.SSSDTest] deleting cookies in 'test' realm
SSSD	Run tests	2024-08-05T00:24:07.8701858Z 00:24:07,844 INFO  [org.keycloak.testsuite.sssd.SSSDTest] calling all TestCleanup
SSSD	Run tests	2024-08-05T00:24:07.8703269Z 00:24:07,851 INFO  [org.keycloak.testsuite.sssd.SSSDTest] [SSSDTest] testInvalidPassword() FINISHED
SSSD	Run tests	2024-08-05T00:24:07.8704145Z 
SSSD	Run tests	2024-08-05T00:24:07.8704166Z 
SSSD	Run tests	2024-08-05T00:24:07.8756102Z 00:24:07,851 INFO  [org.keycloak.testsuite.sssd.SSSDTest] [SSSDTest] changeReadOnlyProfile() STARTED
SSSD	Run tests	2024-08-05T00:24:08.3594084Z 00:24:08,342 INFO  [org.keycloak.testsuite.util.URLUtils] starting navigation
SSSD	Run tests	2024-08-05T00:24:08.3595751Z 00:24:08,343 INFO  [org.keycloak.testsuite.util.URLUtils] current URL:  https://localhost:8543/auth/realms/master/app/auth
SSSD	Run tests	2024-08-05T00:24:08.3597605Z 00:24:08,343 INFO  [org.keycloak.testsuite.util.URLUtils] navigating to https://localhost:8543/auth/realms/test/testing/blank
SSSD	Run tests	2024-08-05T00:24:08.3599484Z 00:24:08,351 INFO  [org.keycloak.testsuite.util.URLUtils] new current URL:  https://localhost:8543/auth/realms/test/testing/blank
SSSD	Run tests	2024-08-05T00:24:08.3619116Z 00:24:08,351 INFO  [org.keycloak.testsuite.util.URLUtils] navigation complete
SSSD	Run tests	2024-08-05T00:24:08.3620763Z 00:24:08,351 INFO  [org.keycloak.testsuite.sssd.SSSDTest] deleting cookies in 'test' realm
SSSD	Run tests	2024-08-05T00:24:08.3622124Z 00:24:08,351 INFO  [org.keycloak.testsuite.sssd.SSSDTest] calling all TestCleanup
SSSD	Run tests	2024-08-05T00:24:08.3632416Z 00:24:08,358 INFO  [org.keycloak.testsuite.sssd.SSSDTest] [SSSDTest] changeReadOnlyProfile() FINISHED
SSSD	Run tests	2024-08-05T00:24:08.3633390Z 
SSSD	Run tests	2024-08-05T00:24:08.3633408Z 
SSSD	Run tests	2024-08-05T00:24:08.3764322Z 00:24:08,358 INFO  [org.keycloak.testsuite.sssd.SSSDTest] [SSSDTest] testDisabledUser() STARTED
SSSD	Run tests	2024-08-05T00:24:08.5762633Z 00:24:08,500 DEBUG [org.keycloak.testsuite.sssd.SSSDTest] Testing disabled user david
SSSD	Run tests	2024-08-05T00:24:08.6641026Z 2024-08-05 00:24:08,610 ERROR [org.keycloak.federation.sssd.impl.PAMAuthenticator] (executor-thread-1) Authentication failed: org.jvnet.libpam.PAMException: pam_authenticate failed : Permission denied
SSSD	Run tests	2024-08-05T00:24:08.6643106Z 	at org.jvnet.libpam.PAM.check(PAM.java:113)
SSSD	Run tests	2024-08-05T00:24:08.6643940Z 	at org.jvnet.libpam.PAM.authenticate(PAM.java:129)
SSSD	Run tests	2024-08-05T00:24:08.6645219Z 	at org.keycloak.federation.sssd.impl.PAMAuthenticator.authenticate(PAMAuthenticator.java:53)
SSSD	Run tests	2024-08-05T00:24:08.6646832Z 	at org.keycloak.federation.sssd.SSSDFederationProvider.isValid(SSSDFederationProvider.java:193)
SSSD	Run tests	2024-08-05T00:24:08.6648835Z 	at org.keycloak.credential.UserCredentialManager.lambda$validate$11(UserCredentialManager.java:255)
SSSD	Run tests	2024-08-05T00:24:08.6650271Z 	at java.base/java.util.Collection.removeIf(Collection.java:583)
SSSD	Run tests	2024-08-05T00:24:08.6651574Z 	at org.keycloak.credential.UserCredentialManager.validate(UserCredentialManager.java:255)
SSSD	Run tests	2024-08-05T00:24:08.6653168Z 	at org.keycloak.credential.UserCredentialManager.isValid(UserCredentialManager.java:71)
SSSD	Run tests	2024-08-05T00:24:08.6654744Z 	at org.keycloak.models.SubjectCredentialManager.isValid(SubjectCredentialManager.java:45)
SSSD	Run tests	2024-08-05T00:24:08.6656903Z 	at org.keycloak.authentication.authenticators.browser.AbstractUsernameFormAuthenticator.validatePassword(AbstractUsernameFormAuthenticator.java:206)
SSSD	Run tests	2024-08-05T00:24:08.6660228Z 	at org.keycloak.authentication.authenticators.browser.AbstractUsernameFormAuthenticator.validateUserAndPassword(AbstractUsernameFormAuthenticator.java:127)
SSSD	Run tests	2024-08-05T00:24:08.6662841Z 	at org.keycloak.authentication.authenticators.browser.UsernamePasswordForm.validateForm(UsernamePasswordForm.java:55)
SSSD	Run tests	2024-08-05T00:24:08.6664988Z 	at org.keycloak.authentication.authenticators.browser.UsernamePasswordForm.action(UsernamePasswordForm.java:48)
SSSD	Run tests	2024-08-05T00:24:08.6666949Z 	at org.keycloak.authentication.DefaultAuthenticationFlow.processAction(DefaultAuthenticationFlow.java:149)
SSSD	Run tests	2024-08-05T00:24:08.6669329Z 	at org.keycloak.authentication.AuthenticationProcessor.authenticationAction(AuthenticationProcessor.java:1034)
SSSD	Run tests	2024-08-05T00:24:08.6671180Z 	at org.keycloak.services.resources.LoginActionsService.processFlow(LoginActionsService.java:376)
SSSD	Run tests	2024-08-05T00:24:08.6672995Z 	at org.keycloak.services.resources.LoginActionsService.processAuthentication(LoginActionsService.java:347)
SSSD	Run tests	2024-08-05T00:24:08.6674834Z 	at org.keycloak.services.resources.LoginActionsService.authenticate(LoginActionsService.java:339)
SSSD	Run tests	2024-08-05T00:24:08.6676625Z 	at org.keycloak.services.resources.LoginActionsService.authenticateForm(LoginActionsService.java:405)
SSSD	Run tests	2024-08-05T00:24:08.6678772Z 	at org.keycloak.services.resources.LoginActionsService$quarkusrestinvoker$authenticateForm_13d428b70e62601585246c086a52f40868a3208e.invoke(Unknown Source)
SSSD	Run tests	2024-08-05T00:24:08.6680897Z 	at org.jboss.resteasy.reactive.server.handlers.InvocationHandler.handle(InvocationHandler.java:29)
SSSD	Run tests	2024-08-05T00:24:08.6683185Z 	at io.quarkus.resteasy.reactive.server.runtime.QuarkusResteasyReactiveRequestContext.invokeHandler(QuarkusResteasyReactiveRequestContext.java:141)
SSSD	Run tests	2024-08-05T00:24:08.6685647Z 	at org.jboss.resteasy.reactive.common.core.AbstractResteasyReactiveContext.run(AbstractResteasyReactiveContext.java:147)
SSSD	Run tests	2024-08-05T00:24:08.6687467Z 	at io.quarkus.vertx.core.runtime.VertxCoreRecorder$14.runWith(VertxCoreRecorder.java:582)
SSSD	Run tests	2024-08-05T00:24:08.6688925Z 	at org.jboss.threads.EnhancedQueueExecutor$Task.run(EnhancedQueueExecutor.java:2513)
SSSD	Run tests	2024-08-05T00:24:08.6690401Z 	at org.jboss.threads.EnhancedQueueExecutor$ThreadBody.run(EnhancedQueueExecutor.java:1538)
SSSD	Run tests	2024-08-05T00:24:08.6691745Z 	at org.jboss.threads.DelegatingRunnable.run(DelegatingRunnable.java:29)
SSSD	Run tests	2024-08-05T00:24:08.6693165Z 	at org.jboss.threads.ThreadLocalResettingRunnable.run(ThreadLocalResettingRunnable.java:29)
SSSD	Run tests	2024-08-05T00:24:08.6694747Z 	at io.netty.util.concurrent.FastThreadLocalRunnable.run(FastThreadLocalRunnable.java:30)
SSSD	Run tests	2024-08-05T00:24:08.6696262Z 	at java.base/java.lang.Thread.run(Thread.java:1583)
SSSD	Run tests	2024-08-05T00:24:08.6696796Z 
SSSD	Run tests	2024-08-05T00:24:08.6697307Z org.jvnet.libpam.PAMException: pam_authenticate failed : Permission denied
SSSD	Run tests	2024-08-05T00:24:08.6698482Z 	at org.jvnet.libpam.PAM.check(PAM.java:113)
SSSD	Run tests	2024-08-05T00:24:08.6699278Z 	at org.jvnet.libpam.PAM.authenticate(PAM.java:129)
SSSD	Run tests	2024-08-05T00:24:08.6700523Z 	at org.keycloak.federation.sssd.impl.PAMAuthenticator.authenticate(PAMAuthenticator.java:53)
SSSD	Run tests	2024-08-05T00:24:08.6702178Z 	at org.keycloak.federation.sssd.SSSDFederationProvider.isValid(SSSDFederationProvider.java:193)
SSSD	Run tests	2024-08-05T00:24:08.6703840Z 	at org.keycloak.credential.UserCredentialManager.lambda$validate$11(UserCredentialManager.java:255)
SSSD	Run tests	2024-08-05T00:24:08.6705184Z 	at java.base/java.util.Collection.removeIf(Collection.java:583)
SSSD	Run tests	2024-08-05T00:24:08.6706476Z 	at org.keycloak.credential.UserCredentialManager.validate(UserCredentialManager.java:255)
SSSD	Run tests	2024-08-05T00:24:08.6708000Z 	at org.keycloak.credential.UserCredentialManager.isValid(UserCredentialManager.java:71)
SSSD	Run tests	2024-08-05T00:24:08.6709263Z 	at org.keycloak.models.SubjectCredentialManager.isValid(SubjectCredentialManager.java:45)
SSSD	Run tests	2024-08-05T00:24:08.6711371Z 	at org.keycloak.authentication.authenticators.browser.AbstractUsernameFormAuthenticator.validatePassword(AbstractUsernameFormAuthenticator.java:206)
SSSD	Run tests	2024-08-05T00:24:08.6714417Z 	at org.keycloak.authentication.authenticators.browser.AbstractUsernameFormAuthenticator.validateUserAndPassword(AbstractUsernameFormAuthenticator.java:127)
SSSD	Run tests	2024-08-05T00:24:08.6717071Z 	at org.keycloak.authentication.authenticators.browser.UsernamePasswordForm.validateForm(UsernamePasswordForm.java:55)
SSSD	Run tests	2024-08-05T00:24:08.6719180Z 	at org.keycloak.authentication.authenticators.browser.UsernamePasswordForm.action(UsernamePasswordForm.java:48)
SSSD	Run tests	2024-08-05T00:24:08.6721157Z 	at org.keycloak.authentication.DefaultAuthenticationFlow.processAction(DefaultAuthenticationFlow.java:149)
SSSD	Run tests	2024-08-05T00:24:08.6723093Z 	at org.keycloak.authentication.AuthenticationProcessor.authenticationAction(AuthenticationProcessor.java:1034)
SSSD	Run tests	2024-08-05T00:24:08.6725247Z 	at org.keycloak.services.resources.LoginActionsService.processFlow(LoginActionsService.java:376)
SSSD	Run tests	2024-08-05T00:24:08.6727165Z 	at org.keycloak.services.resources.LoginActionsService.processAuthentication(LoginActionsService.java:347)
SSSD	Run tests	2024-08-05T00:24:08.6729018Z 	at org.keycloak.services.resources.LoginActionsService.authenticate(LoginActionsService.java:339)
SSSD	Run tests	2024-08-05T00:24:08.6730763Z 	at org.keycloak.services.resources.LoginActionsService.authenticateForm(LoginActionsService.java:405)
SSSD	Run tests	2024-08-05T00:24:08.6732954Z 	at org.keycloak.services.resources.LoginActionsService$quarkusrestinvoker$authenticateForm_13d428b70e62601585246c086a52f40868a3208e.invoke(Unknown Source)
SSSD	Run tests	2024-08-05T00:24:08.6735044Z 	at org.jboss.resteasy.reactive.server.handlers.InvocationHandler.handle(InvocationHandler.java:29)
SSSD	Run tests	2024-08-05T00:24:08.6737321Z 	at io.quarkus.resteasy.reactive.server.runtime.QuarkusResteasyReactiveRequestContext.invokeHandler(QuarkusResteasyReactiveRequestContext.java:141)
SSSD	Run tests	2024-08-05T00:24:08.6740369Z 	at org.jboss.resteasy.reactive.common.core.AbstractResteasyReactiveContext.run(AbstractResteasyReactiveContext.java:147)
SSSD	Run tests	2024-08-05T00:24:08.6742234Z 	at io.quarkus.vertx.core.runtime.VertxCoreRecorder$14.runWith(VertxCoreRecorder.java:582)
SSSD	Run tests	2024-08-05T00:24:08.6743703Z 	at org.jboss.threads.EnhancedQueueExecutor$Task.run(EnhancedQueueExecutor.java:2513)
SSSD	Run tests	2024-08-05T00:24:08.6745201Z 	at org.jboss.threads.EnhancedQueueExecutor$ThreadBody.run(EnhancedQueueExecutor.java:1538)
SSSD	Run tests	2024-08-05T00:24:08.6746574Z 	at org.jboss.threads.DelegatingRunnable.run(DelegatingRunnable.java:29)
SSSD	Run tests	2024-08-05T00:24:08.6747988Z 	at org.jboss.threads.ThreadLocalResettingRunnable.run(ThreadLocalResettingRunnable.java:29)
SSSD	Run tests	2024-08-05T00:24:08.6749566Z 	at io.netty.util.concurrent.FastThreadLocalRunnable.run(FastThreadLocalRunnable.java:30)
SSSD	Run tests	2024-08-05T00:24:08.6750722Z 	at java.base/java.lang.Thread.run(Thread.java:1583)
SSSD	Run tests	2024-08-05T00:24:08.6754758Z 2024-08-05 00:24:08,614 WARN  [org.keycloak.events] (executor-thread-1) type="LOGIN_ERROR", realmId="test", realmName="test", clientId="test-app", userId="76f9414c-be89-4483-9024-a126f3c41d35", ipAddress="127.0.0.1", error="invalid_user_credentials", auth_method="openid-connect", auth_type="code", redirect_uri="https://localhost:8543/auth/realms/master/app/auth", code_id="876d3422-f480-4eda-94c6-45e62a96041d", username="david"
SSSD	Run tests	2024-08-05T00:24:08.6758626Z 00:24:08,645 INFO  [org.keycloak.testsuite.util.URLUtils] starting navigation
SSSD	Run tests	2024-08-05T00:24:08.6762952Z 00:24:08,645 INFO  [org.keycloak.testsuite.util.URLUtils] current URL:  https://localhost:8543/auth/realms/test/login-actions/authenticate?execution=0aa0eea9-b2d1-4804-9d5c-e1d1d96e1137&client_id=test-app&tab_id=SQFgkqU-3uc&client_data=eyJydSI6Imh0dHBzOi8vbG9jYWxob3N0Ojg1NDMvYXV0aC9yZWFsbXMvbWFzdGVyL2FwcC9hdXRoIiwicnQiOiJjb2RlIiwic3QiOiI3OTIzZGY4NC1kNWU1LTRmNjAtYjY1OC1lMTM1ODFkNjMyMzMifQ
SSSD	Run tests	2024-08-05T00:24:08.6767413Z 00:24:08,645 INFO  [org.keycloak.testsuite.util.URLUtils] navigating to https://localhost:8543/auth/realms/test/testing/blank
SSSD	Run tests	2024-08-05T00:24:08.6769190Z 00:24:08,654 INFO  [org.keycloak.testsuite.util.URLUtils] new current URL:  https://localhost:8543/auth/realms/test/testing/blank
SSSD	Run tests	2024-08-05T00:24:08.6770586Z 00:24:08,654 INFO  [org.keycloak.testsuite.util.URLUtils] navigation complete
SSSD	Run tests	2024-08-05T00:24:08.6771846Z 00:24:08,654 INFO  [org.keycloak.testsuite.sssd.SSSDTest] deleting cookies in 'test' realm
SSSD	Run tests	2024-08-05T00:24:08.6772631Z 00:24:08,655 INFO  [org.keycloak.testsuite.sssd.SSSDTest] calling all TestCleanup
SSSD	Run tests	2024-08-05T00:24:08.6773423Z 00:24:08,661 INFO  [org.keycloak.testsuite.sssd.SSSDTest] [SSSDTest] testDisabledUser() FINISHED
SSSD	Run tests	2024-08-05T00:24:08.6773925Z 
SSSD	Run tests	2024-08-05T00:24:08.6773931Z 
SSSD	Run tests	2024-08-05T00:24:08.6774323Z 00:24:08,662 INFO  [org.keycloak.testsuite.sssd.SSSDTest] [SSSDTest] testExistingUserLogIn() STARTED
SSSD	Run tests	2024-08-05T00:24:08.8769403Z 00:24:08,805 DEBUG [org.keycloak.testsuite.sssd.SSSDTest] Testing correct password
SSSD	Run tests	2024-08-05T00:24:09.2084662Z 00:24:09,194 INFO  [org.keycloak.testsuite.util.URLUtils] starting navigation
SSSD	Run tests	2024-08-05T00:24:09.2086301Z 00:24:09,194 INFO  [org.keycloak.testsuite.util.URLUtils] current URL:  https://localhost:8543/auth/realms/master/app/auth
SSSD	Run tests	2024-08-05T00:24:09.2092933Z 00:24:09,194 INFO  [org.keycloak.testsuite.util.URLUtils] navigating to https://localhost:8543/auth/realms/test/testing/blank
SSSD	Run tests	2024-08-05T00:24:09.2094944Z 00:24:09,201 INFO  [org.keycloak.testsuite.util.URLUtils] new current URL:  https://localhost:8543/auth/realms/test/testing/blank
SSSD	Run tests	2024-08-05T00:24:09.2096531Z 00:24:09,201 INFO  [org.keycloak.testsuite.util.URLUtils] navigation complete
SSSD	Run tests	2024-08-05T00:24:09.2098480Z 00:24:09,201 INFO  [org.keycloak.testsuite.sssd.SSSDTest] deleting cookies in 'test' realm
SSSD	Run tests	2024-08-05T00:24:09.2099785Z 00:24:09,201 INFO  [org.keycloak.testsuite.sssd.SSSDTest] calling all TestCleanup
SSSD	Run tests	2024-08-05T00:24:09.2101177Z 00:24:09,208 INFO  [org.keycloak.testsuite.sssd.SSSDTest] [SSSDTest] testExistingUserLogIn() FINISHED
SSSD	Run tests	2024-08-05T00:24:09.2102112Z 
SSSD	Run tests	2024-08-05T00:24:09.2102124Z 
SSSD	Run tests	2024-08-05T00:24:09.2772907Z 00:24:09,208 INFO  [org.keycloak.testsuite.sssd.SSSDTest] [SSSDTest] changeReadOnlyPassword() STARTED
SSSD	Run tests	2024-08-05T00:24:09.7048678Z 00:24:09,687 INFO  [org.keycloak.testsuite.util.URLUtils] starting navigation
SSSD	Run tests	2024-08-05T00:24:09.7050469Z 00:24:09,687 INFO  [org.keycloak.testsuite.util.URLUtils] current URL:  https://localhost:8543/auth/realms/master/app/auth
SSSD	Run tests	2024-08-05T00:24:09.7052289Z 00:24:09,687 INFO  [org.keycloak.testsuite.util.URLUtils] navigating to https://localhost:8543/auth/realms/test/testing/blank
SSSD	Run tests	2024-08-05T00:24:09.7054242Z 00:24:09,696 INFO  [org.keycloak.testsuite.util.URLUtils] new current URL:  https://localhost:8543/auth/realms/test/testing/blank
SSSD	Run tests	2024-08-05T00:24:09.7055862Z 00:24:09,696 INFO  [org.keycloak.testsuite.util.URLUtils] navigation complete
SSSD	Run tests	2024-08-05T00:24:09.7057665Z 00:24:09,696 INFO  [org.keycloak.testsuite.sssd.SSSDTest] deleting cookies in 'test' realm
SSSD	Run tests	2024-08-05T00:24:09.7058919Z 00:24:09,696 INFO  [org.keycloak.testsuite.sssd.SSSDTest] calling all TestCleanup
SSSD	Run tests	2024-08-05T00:24:09.7063193Z 00:24:09,704 INFO  [org.keycloak.testsuite.sssd.SSSDTest] [SSSDTest] changeReadOnlyPassword() FINISHED
SSSD	Run tests	2024-08-05T00:24:09.7064073Z 
SSSD	Run tests	2024-08-05T00:24:09.7064085Z 
SSSD	Run tests	2024-08-05T00:24:09.7780880Z 00:24:09,705 INFO  [org.keycloak.testsuite.sssd.SSSDTest] [SSSDTest] testDeleteSSSDFederationProvider() STARTED
SSSD	Run tests	2024-08-05T00:24:09.8781843Z 00:24:09,842 DEBUG [org.keycloak.testsuite.sssd.SSSDTest] Testing correct password
SSSD	Run tests	2024-08-05T00:24:10.2214401Z 2024-08-05 00:24:10,172 ERROR [org.keycloak.federation.sssd.impl.PAMAuthenticator] (executor-thread-2) Authentication failed: org.jvnet.libpam.PAMException: pam_authenticate failed : System error
SSSD	Run tests	2024-08-05T00:24:10.2216461Z 	at org.jvnet.libpam.PAM.check(PAM.java:113)
SSSD	Run tests	2024-08-05T00:24:10.2217273Z 	at org.jvnet.libpam.PAM.authenticate(PAM.java:129)
SSSD	Run tests	2024-08-05T00:24:10.2218791Z 	at org.keycloak.federation.sssd.impl.PAMAuthenticator.authenticate(PAMAuthenticator.java:53)
SSSD	Run tests	2024-08-05T00:24:10.2220521Z 	at org.keycloak.federation.sssd.SSSDFederationProvider.isValid(SSSDFederationProvider.java:193)
SSSD	Run tests	2024-08-05T00:24:10.2222230Z 	at org.keycloak.credential.UserCredentialManager.lambda$validate$11(UserCredentialManager.java:255)
SSSD	Run tests	2024-08-05T00:24:10.2223590Z 	at java.base/java.util.Collection.removeIf(Collection.java:583)
SSSD	Run tests	2024-08-05T00:24:10.2224902Z 	at org.keycloak.credential.UserCredentialManager.validate(UserCredentialManager.java:255)
SSSD	Run tests	2024-08-05T00:24:10.2226438Z 	at org.keycloak.credential.UserCredentialManager.isValid(UserCredentialManager.java:71)
SSSD	Run tests	2024-08-05T00:24:10.2227990Z 	at org.keycloak.models.SubjectCredentialManager.isValid(SubjectCredentialManager.java:45)
SSSD	Run tests	2024-08-05T00:24:10.2230245Z 	at org.keycloak.authentication.authenticators.browser.AbstractUsernameFormAuthenticator.validatePassword(AbstractUsernameFormAuthenticator.java:206)
SSSD	Run tests	2024-08-05T00:24:10.2233230Z 	at org.keycloak.authentication.authenticators.browser.AbstractUsernameFormAuthenticator.validateUserAndPassword(AbstractUsernameFormAuthenticator.java:127)
SSSD	Run tests	2024-08-05T00:24:10.2236323Z 	at org.keycloak.authentication.authenticators.browser.UsernamePasswordForm.validateForm(UsernamePasswordForm.java:55)
SSSD	Run tests	2024-08-05T00:24:10.2238479Z 	at org.keycloak.authentication.authenticators.browser.UsernamePasswordForm.action(UsernamePasswordForm.java:48)
SSSD	Run tests	2024-08-05T00:24:10.2240463Z 	at org.keycloak.authentication.DefaultAuthenticationFlow.processAction(DefaultAuthenticationFlow.java:149)
SSSD	Run tests	2024-08-05T00:24:10.2242404Z 	at org.keycloak.authentication.AuthenticationProcessor.authenticationAction(AuthenticationProcessor.java:1034)
SSSD	Run tests	2024-08-05T00:24:10.2244262Z 	at org.keycloak.services.resources.LoginActionsService.processFlow(LoginActionsService.java:376)
SSSD	Run tests	2024-08-05T00:24:10.2246088Z 	at org.keycloak.services.resources.LoginActionsService.processAuthentication(LoginActionsService.java:347)
SSSD	Run tests	2024-08-05T00:24:10.2247917Z 	at org.keycloak.services.resources.LoginActionsService.authenticate(LoginActionsService.java:339)
SSSD	Run tests	2024-08-05T00:24:10.2249721Z 	at org.keycloak.services.resources.LoginActionsService.authenticateForm(LoginActionsService.java:405)
SSSD	Run tests	2024-08-05T00:24:10.2251825Z 	at org.keycloak.services.resources.LoginActionsService$quarkusrestinvoker$authenticateForm_13d428b70e62601585246c086a52f40868a3208e.invoke(Unknown Source)
SSSD	Run tests	2024-08-05T00:24:10.2253919Z 	at org.jboss.resteasy.reactive.server.handlers.InvocationHandler.handle(InvocationHandler.java:29)
SSSD	Run tests	2024-08-05T00:24:10.2256180Z 	at io.quarkus.resteasy.reactive.server.runtime.QuarkusResteasyReactiveRequestContext.invokeHandler(QuarkusResteasyReactiveRequestContext.java:141)
SSSD	Run tests	2024-08-05T00:24:10.2258862Z 	at org.jboss.resteasy.reactive.common.core.AbstractResteasyReactiveContext.run(AbstractResteasyReactiveContext.java:147)
SSSD	Run tests	2024-08-05T00:24:10.2260711Z 	at io.quarkus.vertx.core.runtime.VertxCoreRecorder$14.runWith(VertxCoreRecorder.java:582)
SSSD	Run tests	2024-08-05T00:24:10.2262143Z 	at org.jboss.threads.EnhancedQueueExecutor$Task.run(EnhancedQueueExecutor.java:2513)
SSSD	Run tests	2024-08-05T00:24:10.2263592Z 	at org.jboss.threads.EnhancedQueueExecutor$ThreadBody.run(EnhancedQueueExecutor.java:1538)
SSSD	Run tests	2024-08-05T00:24:10.2265242Z 	at org.jboss.threads.DelegatingRunnable.run(DelegatingRunnable.java:29)
SSSD	Run tests	2024-08-05T00:24:10.2266651Z 	at org.jboss.threads.ThreadLocalResettingRunnable.run(ThreadLocalResettingRunnable.java:29)
SSSD	Run tests	2024-08-05T00:24:10.2268209Z 	at io.netty.util.concurrent.FastThreadLocalRunnable.run(FastThreadLocalRunnable.java:30)
SSSD	Run tests	2024-08-05T00:24:10.2269385Z 	at java.base/java.lang.Thread.run(Thread.java:1583)
SSSD	Run tests	2024-08-05T00:24:10.2269913Z 
SSSD	Run tests	2024-08-05T00:24:10.2270364Z org.jvnet.libpam.PAMException: pam_authenticate failed : System error
SSSD	Run tests	2024-08-05T00:24:10.2271321Z 	at org.jvnet.libpam.PAM.check(PAM.java:113)
SSSD	Run tests	2024-08-05T00:24:10.2272099Z 	at org.jvnet.libpam.PAM.authenticate(PAM.java:129)
SSSD	Run tests	2024-08-05T00:24:10.2273344Z 	at org.keycloak.federation.sssd.impl.PAMAuthenticator.authenticate(PAMAuthenticator.java:53)
SSSD	Run tests	2024-08-05T00:24:10.2275009Z 	at org.keycloak.federation.sssd.SSSDFederationProvider.isValid(SSSDFederationProvider.java:193)
SSSD	Run tests	2024-08-05T00:24:10.2276710Z 	at org.keycloak.credential.UserCredentialManager.lambda$validate$11(UserCredentialManager.java:255)
SSSD	Run tests	2024-08-05T00:24:10.2278082Z 	at java.base/java.util.Collection.removeIf(Collection.java:583)
SSSD	Run tests	2024-08-05T00:24:10.2279366Z 	at org.keycloak.credential.UserCredentialManager.validate(UserCredentialManager.java:255)
SSSD	Run tests	2024-08-05T00:24:10.2280906Z 	at org.keycloak.credential.UserCredentialManager.isValid(UserCredentialManager.java:71)
SSSD	Run tests	2024-08-05T00:24:10.2282437Z 	at org.keycloak.models.SubjectCredentialManager.isValid(SubjectCredentialManager.java:45)
SSSD	Run tests	2024-08-05T00:24:10.2284618Z 	at org.keycloak.authentication.authenticators.browser.AbstractUsernameFormAuthenticator.validatePassword(AbstractUsernameFormAuthenticator.java:206)
SSSD	Run tests	2024-08-05T00:24:10.2287551Z 	at org.keycloak.authentication.authenticators.browser.AbstractUsernameFormAuthenticator.validateUserAndPassword(AbstractUsernameFormAuthenticator.java:127)
SSSD	Run tests	2024-08-05T00:24:10.2290399Z 	at org.keycloak.authentication.authenticators.browser.UsernamePasswordForm.validateForm(UsernamePasswordForm.java:55)
SSSD	Run tests	2024-08-05T00:24:10.2292487Z 	at org.keycloak.authentication.authenticators.browser.UsernamePasswordForm.action(UsernamePasswordForm.java:48)
SSSD	Run tests	2024-08-05T00:24:10.2294454Z 	at org.keycloak.authentication.DefaultAuthenticationFlow.processAction(DefaultAuthenticationFlow.java:149)
SSSD	Run tests	2024-08-05T00:24:10.2296355Z 	at org.keycloak.authentication.AuthenticationProcessor.authenticationAction(AuthenticationProcessor.java:1034)
SSSD	Run tests	2024-08-05T00:24:10.2298245Z 	at org.keycloak.services.resources.LoginActionsService.processFlow(LoginActionsService.java:376)
SSSD	Run tests	2024-08-05T00:24:10.2299942Z 	at org.keycloak.services.resources.LoginActionsService.processAuthentication(LoginActionsService.java:347)
SSSD	Run tests	2024-08-05T00:24:10.2301690Z 	at org.keycloak.services.resources.LoginActionsService.authenticate(LoginActionsService.java:339)
SSSD	Run tests	2024-08-05T00:24:10.2303359Z 	at org.keycloak.services.resources.LoginActionsService.authenticateForm(LoginActionsService.java:405)
SSSD	Run tests	2024-08-05T00:24:10.2305425Z 	at org.keycloak.services.resources.LoginActionsService$quarkusrestinvoker$authenticateForm_13d428b70e62601585246c086a52f40868a3208e.invoke(Unknown Source)
SSSD	Run tests	2024-08-05T00:24:10.2307249Z 	at org.jboss.resteasy.reactive.server.handlers.InvocationHandler.handle(InvocationHandler.java:29)
SSSD	Run tests	2024-08-05T00:24:10.2309251Z 	at io.quarkus.resteasy.reactive.server.runtime.QuarkusResteasyReactiveRequestContext.invokeHandler(QuarkusResteasyReactiveRequestContext.java:141)
SSSD	Run tests	2024-08-05T00:24:10.2311652Z 	at org.jboss.resteasy.reactive.common.core.AbstractResteasyReactiveContext.run(AbstractResteasyReactiveContext.java:147)
SSSD	Run tests	2024-08-05T00:24:10.2313452Z 	at io.quarkus.vertx.core.runtime.VertxCoreRecorder$14.runWith(VertxCoreRecorder.java:582)
SSSD	Run tests	2024-08-05T00:24:10.2314915Z 	at org.jboss.threads.EnhancedQueueExecutor$Task.run(EnhancedQueueExecutor.java:2513)
SSSD	Run tests	2024-08-05T00:24:10.2316371Z 	at org.jboss.threads.EnhancedQueueExecutor$ThreadBody.run(EnhancedQueueExecutor.java:1538)
SSSD	Run tests	2024-08-05T00:24:10.2317982Z 	at org.jboss.threads.DelegatingRunnable.run(DelegatingRunnable.java:29)
SSSD	Run tests	2024-08-05T00:24:10.2319318Z 	at org.jboss.threads.ThreadLocalResettingRunnable.run(ThreadLocalResettingRunnable.java:29)
SSSD	Run tests	2024-08-05T00:24:10.2320781Z 	at io.netty.util.concurrent.FastThreadLocalRunnable.run(FastThreadLocalRunnable.java:30)
SSSD	Run tests	2024-08-05T00:24:10.2321916Z 	at java.base/java.lang.Thread.run(Thread.java:1583)
SSSD	Run tests	2024-08-05T00:24:10.2325914Z 2024-08-05 00:24:10,180 WARN  [org.keycloak.events] (executor-thread-2) type="LOGIN_ERROR", realmId="test", realmName="test", clientId="test-app", userId="fe55c46c-4620-497f-87f8-073c4b1afc4c", ipAddress="127.0.0.1", error="invalid_user_credentials", auth_method="openid-connect", auth_type="code", redirect_uri="https://localhost:8543/auth/realms/master/app/auth", code_id="574526b0-cdc2-4f15-ba60-f0678ba67cf0", username="emily"
SSSD	Run tests	2024-08-05T00:24:10.2329457Z 00:24:10,200 INFO  [org.keycloak.testsuite.util.URLUtils] starting navigation
SSSD	Run tests	2024-08-05T00:24:10.2333791Z 00:24:10,201 INFO  [org.keycloak.testsuite.util.URLUtils] current URL:  https://localhost:8543/auth/realms/test/login-actions/authenticate?execution=0aa0eea9-b2d1-4804-9d5c-e1d1d96e1137&client_id=test-app&tab_id=_LEVhHsmztU&client_data=eyJydSI6Imh0dHBzOi8vbG9jYWxob3N0Ojg1NDMvYXV0aC9yZWFsbXMvbWFzdGVyL2FwcC9hdXRoIiwicnQiOiJjb2RlIiwic3QiOiJhNjI1OGVkMS00YzJhLTRkNmUtYTY2My1kYTUxYmVjNmRlM2EifQ
SSSD	Run tests	2024-08-05T00:24:10.2338383Z 00:24:10,201 INFO  [org.keycloak.testsuite.util.URLUtils] navigating to https://localhost:8543/auth/realms/test/testing/blank
SSSD	Run tests	2024-08-05T00:24:10.2340285Z 00:24:10,209 INFO  [org.keycloak.testsuite.util.URLUtils] new current URL:  https://localhost:8543/auth/realms/test/testing/blank
SSSD	Run tests	2024-08-05T00:24:10.2342022Z 00:24:10,209 INFO  [org.keycloak.testsuite.util.URLUtils] navigation complete
SSSD	Run tests	2024-08-05T00:24:10.2343622Z 00:24:10,209 INFO  [org.keycloak.testsuite.sssd.SSSDTest] deleting cookies in 'test' realm
SSSD	Run tests	2024-08-05T00:24:10.2344864Z 00:24:10,209 INFO  [org.keycloak.testsuite.sssd.SSSDTest] calling all TestCleanup
SSSD	Run tests	2024-08-05T00:24:10.2790990Z 00:24:10,233 ERROR [org.keycloak.testsuite.sssd.SSSDTest] [SSSDTest] testDeleteSSSDFederationProvider() FAILED
SSSD	Run tests	2024-08-05T00:24:10.2792832Z 00:24:10,233 INFO  [org.keycloak.testsuite.sssd.SSSDTest] [SSSDTest] testDeleteSSSDFederationProvider() FINISHED
SSSD	Run tests	2024-08-05T00:24:10.2793890Z 
SSSD	Run tests	2024-08-05T00:24:10.2793908Z 
SSSD	Run tests	2024-08-05T00:24:10.2794744Z 00:24:10,234 INFO  [org.keycloak.testsuite.arquillian.AuthServerTestEnricher] removing test realms after test class
SSSD	Run tests	2024-08-05T00:24:10.9806173Z 00:24:10,977 INFO  [org.keycloak.testsuite.arquillian.AuthServerTestEnricher] removed realms: test, 
SSSD	Run tests	2024-08-05T00:24:11.0185457Z 00:24:10,982 INFO  [org.htmlunit.javascript.JavaScriptEngine] execute() called after the shutdown of the Javascript engine and therefore not processed
SSSD	Run tests	2024-08-05T00:24:11.0187761Z 00:24:10,982 INFO  [org.htmlunit.javascript.JavaScriptEngine] execute() called after the shutdown of the Javascript engine and therefore not processed
SSSD	Run tests	2024-08-05T00:24:11.1742298Z [ERROR] Tests run: 8, Failures: 0, Errors: 1, Skipped: 0, Time elapsed: 22.881 s <<< FAILURE! - in org.keycloak.testsuite.sssd.SSSDTest
SSSD	Run tests	2024-08-05T00:24:11.1751006Z [ERROR] org.keycloak.testsuite.sssd.SSSDTest.testDeleteSSSDFederationProvider  Time elapsed: 0.516 s  <<< ERROR!
SSSD	Run tests	2024-08-05T00:24:11.1752959Z java.lang.IllegalArgumentException: No enum constant org.keycloak.testsuite.pages.AppPage.RequestType.Sign in to test
SSSD	Run tests	2024-08-05T00:24:11.1755012Z 	at java.base/java.lang.Enum.valueOf(Enum.java:293)
SSSD	Run tests	2024-08-05T00:24:11.1756024Z 	at org.keycloak.testsuite.pages.AppPage$RequestType.valueOf(AppPage.java:56)
SSSD	Run tests	2024-08-05T00:24:11.1891063Z 	at org.keycloak.testsuite.pages.AppPage.getRequestType(AppPage.java:45)
SSSD	Run tests	2024-08-05T00:24:11.1892637Z 	at java.base/jdk.internal.reflect.DirectMethodHandleAccessor.invoke(DirectMethodHandleAccessor.java:103)
SSSD	Run tests	2024-08-05T00:24:11.1893987Z 	at java.base/java.lang.reflect.Method.invoke(Method.java:580)
SSSD	Run tests	2024-08-05T00:24:11.1895355Z 	at org.jboss.arquillian.graphene.proxy.GrapheneProxyHandler.invokeReal(GrapheneProxyHandler.java:143)
SSSD	Run tests	2024-08-05T00:24:11.1908476Z 	at org.jboss.arquillian.graphene.proxy.GrapheneContextualHandler$1.invoke(GrapheneContextualHandler.java:180)
SSSD	Run tests	2024-08-05T00:24:11.1910471Z 	at org.jboss.arquillian.graphene.proxy.GrapheneContextualHandler$2.call(GrapheneContextualHandler.java:252)
SSSD	Run tests	2024-08-05T00:24:11.1912482Z 	at org.jboss.arquillian.graphene.context.BrowserActions.performAction(BrowserActions.java:62)
SSSD	Run tests	2024-08-05T00:24:11.1914451Z 	at org.jboss.arquillian.graphene.proxy.GrapheneContextualHandler.invoke(GrapheneContextualHandler.java:248)
SSSD	Run tests	2024-08-05T00:24:11.1916381Z 	at org.jboss.arquillian.graphene.proxy.GrapheneProxyHandler.intercept(GrapheneProxyHandler.java:106)
SSSD	Run tests	2024-08-05T00:24:11.1918267Z 	at org.jboss.arquillian.graphene.proxy.GrapheneProxyHandler.intercept(GrapheneProxyHandler.java:81)
SSSD	Run tests	2024-08-05T00:24:11.1920228Z 	at org.jboss.arquillian.graphene.proxy.GrapheneContextualHandler.intercept(GrapheneContextualHandler.java:92)
SSSD	Run tests	2024-08-05T00:24:11.1921980Z 	at org.keycloak.testsuite.pages.AppPage_ByGraphene.getRequestType(Unknown Source)
SSSD	Run tests	2024-08-05T00:24:11.1923616Z 	at org.keycloak.testsuite.sssd.AbstractBaseSSSDTest.testLoginSuccess(AbstractBaseSSSDTest.java:86)
SSSD	Run tests	2024-08-05T00:24:11.1925338Z 	at org.keycloak.testsuite.sssd.SSSDTest.testDeleteSSSDFederationProvider(SSSDTest.java:139)
SSSD	Run tests	2024-08-05T00:24:11.1927106Z 	at java.base/jdk.internal.reflect.DirectMethodHandleAccessor.invoke(DirectMethodHandleAccessor.java:103)
SSSD	Run tests	2024-08-05T00:24:11.1928550Z 	at java.base/java.lang.reflect.Method.invoke(Method.java:580)
SSSD	Run tests	2024-08-05T00:24:11.1929784Z 	at org.junit.runners.model.FrameworkMethod$1.runReflectiveCall(FrameworkMethod.java:59)
SSSD	Run tests	2024-08-05T00:24:11.1931252Z 	at org.junit.internal.runners.model.ReflectiveCallable.run(ReflectiveCallable.java:12)
SSSD	Run tests	2024-08-05T00:24:11.1932737Z 	at org.junit.runners.model.FrameworkMethod.invokeExplosively(FrameworkMethod.java:56)
SSSD	Run tests	2024-08-05T00:24:11.1934128Z 	at org.jboss.arquillian.junit.Arquillian$8$1.invokeMethod(Arquillian.java:319)
SSSD	Run tests	2024-08-05T00:24:11.1935757Z 	at org.jboss.arquillian.junit.MethodInvoker$1.invoke(MethodInvoker.java:18)
SSSD	Run tests	2024-08-05T00:24:11.1937346Z 	at org.jboss.arquillian.container.test.impl.execution.LocalTestExecuter.execute(LocalTestExecuter.java:57)
SSSD	Run tests	2024-08-05T00:24:11.1940071Z 	at org.keycloak.testsuite.arquillian.ModelTestExecutor.execute(ModelTestExecutor.java:49)
SSSD	Run tests	2024-08-05T00:24:11.1941662Z 	at java.base/jdk.internal.reflect.DirectMethodHandleAccessor.invoke(DirectMethodHandleAccessor.java:103)
SSSD	Run tests	2024-08-05T00:24:11.1943012Z 	at java.base/java.lang.reflect.Method.invoke(Method.java:580)
SSSD	Run tests	2024-08-05T00:24:11.1944118Z 	at org.jboss.arquillian.core.impl.ObserverImpl.invoke(ObserverImpl.java:86)
SSSD	Run tests	2024-08-05T00:24:11.1945527Z 	at org.jboss.arquillian.core.impl.EventContextImpl.invokeObservers(EventContextImpl.java:103)
SSSD	Run tests	2024-08-05T00:24:11.1947020Z 	at org.jboss.arquillian.core.impl.EventContextImpl.proceed(EventContextImpl.java:90)
SSSD	Run tests	2024-08-05T00:24:11.1948303Z 	at org.jboss.arquillian.core.impl.ManagerImpl.fire(ManagerImpl.java:133)
SSSD	Run tests	2024-08-05T00:24:11.1949499Z 	at org.jboss.arquillian.core.impl.ManagerImpl.fire(ManagerImpl.java:105)
SSSD	Run tests	2024-08-05T00:24:11.1950638Z 	at org.jboss.arquillian.core.impl.EventImpl.fire(EventImpl.java:62)
SSSD	Run tests	2024-08-05T00:24:11.1952124Z 	at org.jboss.arquillian.container.test.impl.execution.ClientTestExecuter.execute(ClientTestExecuter.java:50)
SSSD	Run tests	2024-08-05T00:24:11.1953950Z 	at java.base/jdk.internal.reflect.DirectMethodHandleAccessor.invoke(DirectMethodHandleAccessor.java:103)
SSSD	Run tests	2024-08-05T00:24:11.1955291Z 	at java.base/java.lang.reflect.Method.invoke(Method.java:580)
SSSD	Run tests	2024-08-05T00:24:11.1956365Z 	at org.jboss.arquillian.core.impl.ObserverImpl.invoke(ObserverImpl.java:86)
SSSD	Run tests	2024-08-05T00:24:11.1957774Z 	at org.jboss.arquillian.core.impl.EventContextImpl.invokeObservers(EventContextImpl.java:103)
SSSD	Run tests	2024-08-05T00:24:11.1959244Z 	at org.jboss.arquillian.core.impl.EventContextImpl.proceed(EventContextImpl.java:90)
SSSD	Run tests	2024-08-05T00:24:11.1961065Z 	at org.jboss.arquillian.container.test.impl.client.ContainerEventController.createContext(ContainerEventController.java:128)
SSSD	Run tests	2024-08-05T00:24:11.1963625Z 	at org.jboss.arquillian.container.test.impl.client.ContainerEventController.createTestContext(ContainerEventController.java:118)
SSSD	Run tests	2024-08-05T00:24:11.1965656Z 	at java.base/jdk.internal.reflect.DirectMethodHandleAccessor.invoke(DirectMethodHandleAccessor.java:103)
SSSD	Run tests	2024-08-05T00:24:11.1966987Z 	at java.base/java.lang.reflect.Method.invoke(Method.java:580)
SSSD	Run tests	2024-08-05T00:24:11.1968067Z 	at org.jboss.arquillian.core.impl.ObserverImpl.invoke(ObserverImpl.java:86)
SSSD	Run tests	2024-08-05T00:24:11.1969370Z 	at org.jboss.arquillian.core.impl.EventContextImpl.proceed(EventContextImpl.java:95)
SSSD	Run tests	2024-08-05T00:24:11.1970909Z 	at org.jboss.arquillian.test.impl.TestContextHandler.createTestContext(TestContextHandler.java:116)
SSSD	Run tests	2024-08-05T00:24:11.1972684Z 	at java.base/jdk.internal.reflect.DirectMethodHandleAccessor.invoke(DirectMethodHandleAccessor.java:103)
SSSD	Run tests	2024-08-05T00:24:11.1974023Z 	at java.base/java.lang.reflect.Method.invoke(Method.java:580)
SSSD	Run tests	2024-08-05T00:24:11.1975109Z 	at org.jboss.arquillian.core.impl.ObserverImpl.invoke(ObserverImpl.java:86)
SSSD	Run tests	2024-08-05T00:24:11.1976361Z 	at org.jboss.arquillian.core.impl.EventContextImpl.proceed(EventContextImpl.java:95)
SSSD	Run tests	2024-08-05T00:24:11.1978108Z 	at org.jboss.arquillian.test.impl.TestContextHandler.createClassContext(TestContextHandler.java:83)
SSSD	Run tests	2024-08-05T00:24:11.1979785Z 	at java.base/jdk.internal.reflect.DirectMethodHandleAccessor.invoke(DirectMethodHandleAccessor.java:103)
SSSD	Run tests	2024-08-05T00:24:11.1981123Z 	at java.base/java.lang.reflect.Method.invoke(Method.java:580)
SSSD	Run tests	2024-08-05T00:24:11.1982179Z 	at org.jboss.arquillian.core.impl.ObserverImpl.invoke(ObserverImpl.java:86)
SSSD	Run tests	2024-08-05T00:24:11.1983470Z 	at org.jboss.arquillian.core.impl.EventContextImpl.proceed(EventContextImpl.java:95)
SSSD	Run tests	2024-08-05T00:24:11.1985016Z 	at org.jboss.arquillian.test.impl.TestContextHandler.createSuiteContext(TestContextHandler.java:69)
SSSD	Run tests	2024-08-05T00:24:11.1986741Z 	at java.base/jdk.internal.reflect.DirectMethodHandleAccessor.invoke(DirectMethodHandleAccessor.java:103)
SSSD	Run tests	2024-08-05T00:24:11.1988291Z 	at java.base/java.lang.reflect.Method.invoke(Method.java:580)
SSSD	Run tests	2024-08-05T00:24:11.1989374Z 	at org.jboss.arquillian.core.impl.ObserverImpl.invoke(ObserverImpl.java:86)
SSSD	Run tests	2024-08-05T00:24:11.1990660Z 	at org.jboss.arquillian.core.impl.EventContextImpl.proceed(EventContextImpl.java:95)
SSSD	Run tests	2024-08-05T00:24:11.1991929Z 	at org.jboss.arquillian.core.impl.ManagerImpl.fire(ManagerImpl.java:133)
SSSD	Run tests	2024-08-05T00:24:11.1993300Z 	at org.jboss.arquillian.test.impl.EventTestRunnerAdaptor.test(EventTestRunnerAdaptor.java:139)
SSSD	Run tests	2024-08-05T00:24:11.1994679Z 	at org.jboss.arquillian.junit.MethodInvoker.invoke(MethodInvoker.java:15)
SSSD	Run tests	2024-08-05T00:24:11.1995820Z 	at org.jboss.arquillian.junit.Arquillian$8.evaluate(Arquillian.java:326)
SSSD	Run tests	2024-08-05T00:24:11.1997024Z 	at org.jboss.arquillian.junit.Arquillian$4.evaluate(Arquillian.java:198)
SSSD	Run tests	2024-08-05T00:24:11.1998171Z 	at org.jboss.arquillian.junit.Arquillian.multiExecute(Arquillian.java:344)
SSSD	Run tests	2024-08-05T00:24:11.1999319Z 	at org.jboss.arquillian.junit.Arquillian.access$200(Arquillian.java:48)
SSSD	Run tests	2024-08-05T00:24:11.2000419Z 	at org.jboss.arquillian.junit.Arquillian$5.evaluate(Arquillian.java:209)
SSSD	Run tests	2024-08-05T00:24:11.2001490Z 	at org.keycloak.testsuite.AssertEvents$1.evaluate(AssertEvents.java:79)
SSSD	Run tests	2024-08-05T00:24:11.2002593Z 	at org.jboss.arquillian.junit.Arquillian$7$1.invoke(Arquillian.java:273)
SSSD	Run tests	2024-08-05T00:24:11.2004526Z 	at org.jboss.arquillian.container.test.impl.execution.ClientBeforeAfterLifecycleEventExecuter.execute(ClientBeforeAfterLifecycleEventExecuter.java:88)
SSSD	Run tests	2024-08-05T00:24:11.2007259Z 	at org.jboss.arquillian.container.test.impl.execution.ClientBeforeAfterLifecycleEventExecuter.on(ClientBeforeAfterLifecycleEventExecuter.java:66)
SSSD	Run tests	2024-08-05T00:24:11.2009460Z 	at java.base/jdk.internal.reflect.DirectMethodHandleAccessor.invoke(DirectMethodHandleAccessor.java:103)
SSSD	Run tests	2024-08-05T00:24:11.2010775Z 	at java.base/java.lang.reflect.Method.invoke(Method.java:580)
SSSD	Run tests	2024-08-05T00:24:11.2011868Z 	at org.jboss.arquillian.core.impl.ObserverImpl.invoke(ObserverImpl.java:86)
SSSD	Run tests	2024-08-05T00:24:11.2013479Z 	at org.jboss.arquillian.core.impl.EventContextImpl.invokeObservers(EventContextImpl.java:103)
SSSD	Run tests	2024-08-05T00:24:11.2014954Z 	at org.jboss.arquillian.core.impl.EventContextImpl.proceed(EventContextImpl.java:90)
SSSD	Run tests	2024-08-05T00:24:11.2016750Z 	at org.jboss.arquillian.container.test.impl.client.ContainerEventController.createContext(ContainerEventController.java:128)
SSSD	Run tests	2024-08-05T00:24:11.2044795Z 	at org.jboss.arquillian.container.test.impl.client.ContainerEventController.createBeforeContext(ContainerEventController.java:114)
SSSD	Run tests	2024-08-05T00:24:11.2046952Z 	at java.base/jdk.internal.reflect.DirectMethodHandleAccessor.invoke(DirectMethodHandleAccessor.java:103)
SSSD	Run tests	2024-08-05T00:24:11.2048346Z 	at java.base/java.lang.reflect.Method.invoke(Method.java:580)
SSSD	Run tests	2024-08-05T00:24:11.2049508Z 	at org.jboss.arquillian.core.impl.ObserverImpl.invoke(ObserverImpl.java:86)
SSSD	Run tests	2024-08-05T00:24:11.2050889Z 	at org.jboss.arquillian.core.impl.EventContextImpl.proceed(EventContextImpl.java:95)
SSSD	Run tests	2024-08-05T00:24:11.2052533Z 	at org.jboss.arquillian.test.impl.TestContextHandler.createTestContext(TestContextHandler.java:116)
SSSD	Run tests	2024-08-05T00:24:11.2054320Z 	at java.base/jdk.internal.reflect.DirectMethodHandleAccessor.invoke(DirectMethodHandleAccessor.java:103)
SSSD	Run tests	2024-08-05T00:24:11.2055713Z 	at java.base/java.lang.reflect.Method.invoke(Method.java:580)
SSSD	Run tests	2024-08-05T00:24:11.2056856Z 	at org.jboss.arquillian.core.impl.ObserverImpl.invoke(ObserverImpl.java:86)
SSSD	Run tests	2024-08-05T00:24:11.2058644Z 	at org.jboss.arquillian.core.impl.EventContextImpl.proceed(EventContextImpl.java:95)
SSSD	Run tests	2024-08-05T00:24:11.2060272Z 	at org.jboss.arquillian.test.impl.TestContextHandler.createClassContext(TestContextHandler.java:83)
SSSD	Run tests	2024-08-05T00:24:11.2062080Z 	at java.base/jdk.internal.reflect.DirectMethodHandleAccessor.invoke(DirectMethodHandleAccessor.java:103)
SSSD	Run tests	2024-08-05T00:24:11.2063489Z 	at java.base/java.lang.reflect.Method.invoke(Method.java:580)
SSSD	Run tests	2024-08-05T00:24:11.2064623Z 	at org.jboss.arquillian.core.impl.ObserverImpl.invoke(ObserverImpl.java:86)
SSSD	Run tests	2024-08-05T00:24:11.2066291Z 	at org.jboss.arquillian.core.impl.EventContextImpl.proceed(EventContextImpl.java:95)
SSSD	Run tests	2024-08-05T00:24:11.2067936Z 	at org.jboss.arquillian.test.impl.TestContextHandler.createSuiteContext(TestContextHandler.java:69)
SSSD	Run tests	2024-08-05T00:24:11.2069738Z 	at java.base/jdk.internal.reflect.DirectMethodHandleAccessor.invoke(DirectMethodHandleAccessor.java:103)
SSSD	Run tests	2024-08-05T00:24:11.2071144Z 	at java.base/java.lang.reflect.Method.invoke(Method.java:580)
SSSD	Run tests	2024-08-05T00:24:11.2072332Z 	at org.jboss.arquillian.core.impl.ObserverImpl.invoke(ObserverImpl.java:86)
SSSD	Run tests	2024-08-05T00:24:11.2073708Z 	at org.jboss.arquillian.core.impl.EventContextImpl.proceed(EventContextImpl.java:95)
SSSD	Run tests	2024-08-05T00:24:11.2075043Z 	at org.jboss.arquillian.core.impl.ManagerImpl.fire(ManagerImpl.java:133)
SSSD	Run tests	2024-08-05T00:24:11.2076250Z 	at org.jboss.arquillian.core.impl.ManagerImpl.fire(ManagerImpl.java:105)
SSSD	Run tests	2024-08-05T00:24:11.2077813Z 	at org.jboss.arquillian.test.impl.EventTestRunnerAdaptor.fireCustomLifecycle(EventTestRunnerAdaptor.java:159)
SSSD	Run tests	2024-08-05T00:24:11.2079359Z 	at org.jboss.arquillian.junit.Arquillian$7.evaluate(Arquillian.java:267)
SSSD	Run tests	2024-08-05T00:24:11.2080614Z 	at org.junit.runners.BlockJUnit4ClassRunner$1.evaluate(BlockJUnit4ClassRunner.java:100)
SSSD	Run tests	2024-08-05T00:24:11.2081833Z 	at org.junit.runners.ParentRunner.runLeaf(ParentRunner.java:366)
SSSD	Run tests	2024-08-05T00:24:11.2083051Z 	at org.junit.runners.BlockJUnit4ClassRunner.runChild(BlockJUnit4ClassRunner.java:103)
SSSD	Run tests	2024-08-05T00:24:11.2084498Z 	at org.junit.runners.BlockJUnit4ClassRunner.runChild(BlockJUnit4ClassRunner.java:63)
SSSD	Run tests	2024-08-05T00:24:11.2085747Z 	at org.junit.runners.ParentRunner$4.run(ParentRunner.java:331)
SSSD	Run tests	2024-08-05T00:24:11.2086807Z 	at org.junit.runners.ParentRunner$1.schedule(ParentRunner.java:79)
SSSD	Run tests	2024-08-05T00:24:11.2087914Z 	at org.junit.runners.ParentRunner.runChildren(ParentRunner.java:329)
SSSD	Run tests	2024-08-05T00:24:11.2089044Z 	at org.junit.runners.ParentRunner.access$100(ParentRunner.java:66)
SSSD	Run tests	2024-08-05T00:24:11.2090058Z 	at org.junit.runners.ParentRunner$2.evaluate(ParentRunner.java:293)
SSSD	Run tests	2024-08-05T00:24:11.2091497Z 	at org.jboss.arquillian.junit.Arquillian$2.evaluate(Arquillian.java:160)
SSSD	Run tests	2024-08-05T00:24:11.2092749Z 	at org.jboss.arquillian.junit.Arquillian.multiExecute(Arquillian.java:344)
SSSD	Run tests	2024-08-05T00:24:11.2093997Z 	at org.jboss.arquillian.junit.Arquillian.access$200(Arquillian.java:48)
SSSD	Run tests	2024-08-05T00:24:11.2095219Z 	at org.jboss.arquillian.junit.Arquillian$3.evaluate(Arquillian.java:171)
SSSD	Run tests	2024-08-05T00:24:11.2096446Z 	at org.junit.rules.ExternalResource$1.evaluate(ExternalResource.java:54)
SSSD	Run tests	2024-08-05T00:24:11.2097875Z 	at org.junit.rules.RunRules.evaluate(RunRules.java:20)
SSSD	Run tests	2024-08-05T00:24:11.2098926Z 	at org.junit.runners.ParentRunner$3.evaluate(ParentRunner.java:306)
SSSD	Run tests	2024-08-05T00:24:11.2100013Z 	at org.junit.runners.ParentRunner.run(ParentRunner.java:413)
SSSD	Run tests	2024-08-05T00:24:11.2101084Z 	at org.jboss.arquillian.junit.Arquillian.run(Arquillian.java:109)
SSSD	Run tests	2024-08-05T00:24:11.2102386Z 	at org.apache.maven.surefire.junit4.JUnit4Provider.execute(JUnit4Provider.java:377)
SSSD	Run tests	2024-08-05T00:24:11.2103947Z 	at org.apache.maven.surefire.junit4.JUnit4Provider.executeWithRerun(JUnit4Provider.java:284)
SSSD	Run tests	2024-08-05T00:24:11.2105584Z 	at org.apache.maven.surefire.junit4.JUnit4Provider.executeTestSet(JUnit4Provider.java:248)
SSSD	Run tests	2024-08-05T00:24:11.2107156Z 	at org.apache.maven.surefire.junit4.JUnit4Provider.invoke(JUnit4Provider.java:167)
SSSD	Run tests	2024-08-05T00:24:11.2108683Z 	at org.apache.maven.surefire.booter.ForkedBooter.runSuitesInProcess(ForkedBooter.java:456)
SSSD	Run tests	2024-08-05T00:24:11.2110217Z 	at org.apache.maven.surefire.booter.ForkedBooter.execute(ForkedBooter.java:169)
SSSD	Run tests	2024-08-05T00:24:11.2111618Z 	at org.apache.maven.surefire.booter.ForkedBooter.run(ForkedBooter.java:595)
SSSD	Run tests	2024-08-05T00:24:11.2112965Z 	at org.apache.maven.surefire.booter.ForkedBooter.main(ForkedBooter.java:581)
SSSD	Run tests	2024-08-05T00:24:11.2113791Z 
SSSD	Run tests	2024-08-05T00:24:11.2114240Z [INFO] Running org.keycloak.testsuite.sssd.SSSDUserProfileTest
SSSD	Run tests	2024-08-05T00:24:11.2115449Z 00:24:11,025 INFO  [org.keycloak.testsuite.arquillian.AppServerTestEnricher] 
SSSD	Run tests	2024-08-05T00:24:11.2116557Z 
SSSD	Run tests	2024-08-05T00:24:11.2116987Z TEST CONTEXT: org.keycloak.testsuite.sssd.SSSDUserProfileTest
SSSD	Run tests	2024-08-05T00:24:11.2117651Z 
SSSD	Run tests	2024-08-05T00:24:11.2118524Z 00:24:11,038 INFO  [org.keycloak.testsuite.sssd.SSSDUserProfileTest] [SSSDUserProfileTest] test01LoginSuccess() STARTED
SSSD	Run tests	2024-08-05T00:24:11.2120393Z Aug 05, 2024 12:24:11 AM org.jboss.arquillian.drone.webdriver.factory.HtmlUnitDriverFactory setClientOptions
SSSD	Run tests	2024-08-05T00:24:11.2122137Z INFO: Setting HtmlDriver web client options: {htmlunitCssEnabled=false, htmlunitHistoryPageCacheLimit=1}
SSSD	Run tests	2024-08-05T00:24:11.2124123Z 00:24:11,078 INFO  [org.keycloak.testsuite.drone.KeycloakDronePostSetup] Configuring driver settings. implicitWait=2000, pageLoadTimeout=10000
SSSD	Run tests	2024-08-05T00:24:11.2126163Z 00:24:11,079 INFO  [org.keycloak.testsuite.drone.KeycloakDronePostSetup] Check HtmlUnit driver TLS settings
SSSD	Run tests	2024-08-05T00:24:11.3875637Z 00:24:11,297 DEBUG [org.keycloak.testsuite.sssd.SSSDUserProfileTest] loading test realms
SSSD	Run tests	2024-08-05T00:24:11.3877412Z 00:24:11,297 DEBUG [org.keycloak.testsuite.sssd.SSSDUserProfileTest] Adding test realm for import from testrealm.json
SSSD	Run tests	2024-08-05T00:24:11.3879062Z 00:24:11,299 INFO  [org.keycloak.testsuite.sssd.SSSDUserProfileTest] importing test realms
SSSD	Run tests	2024-08-05T00:24:11.3880545Z 00:24:11,299 DEBUG [org.keycloak.testsuite.sssd.SSSDUserProfileTest] Modifying login theme to base
SSSD	Run tests	2024-08-05T00:24:11.3882455Z 00:24:11,299 DEBUG [org.keycloak.testsuite.sssd.SSSDUserProfileTest] --importing realm: test
SSSD	Run tests	2024-08-05T00:24:13.3829350Z 00:24:13,363 INFO  [org.keycloak.testsuite.util.URLUtils] starting navigation
SSSD	Run tests	2024-08-05T00:24:13.3831020Z 00:24:13,364 INFO  [org.keycloak.testsuite.util.URLUtils] current URL:  https://localhost:8543/auth/realms/master/app/auth
SSSD	Run tests	2024-08-05T00:24:13.3832756Z 00:24:13,364 INFO  [org.keycloak.testsuite.util.URLUtils] navigating to https://localhost:8543/auth/realms/test/testing/blank
SSSD	Run tests	2024-08-05T00:24:13.3834798Z 00:24:13,372 INFO  [org.keycloak.testsuite.util.URLUtils] new current URL:  https://localhost:8543/auth/realms/test/testing/blank
SSSD	Run tests	2024-08-05T00:24:13.3837169Z 00:24:13,372 INFO  [org.keycloak.testsuite.util.URLUtils] navigation complete
SSSD	Run tests	2024-08-05T00:24:13.3839056Z 00:24:13,372 INFO  [org.keycloak.testsuite.sssd.SSSDUserProfileTest] deleting cookies in 'test' realm
SSSD	Run tests	2024-08-05T00:24:13.3840736Z 00:24:13,372 INFO  [org.keycloak.testsuite.sssd.SSSDUserProfileTest] calling all TestCleanup
SSSD	Run tests	2024-08-05T00:24:13.3842550Z 00:24:13,379 INFO  [org.keycloak.testsuite.sssd.SSSDUserProfileTest] [SSSDUserProfileTest] test01LoginSuccess() FINISHED
SSSD	Run tests	2024-08-05T00:24:13.3843741Z 
SSSD	Run tests	2024-08-05T00:24:13.3843946Z 
SSSD	Run tests	2024-08-05T00:24:13.3899163Z 00:24:13,379 INFO  [org.keycloak.testsuite.sssd.SSSDUserProfileTest] [SSSDUserProfileTest] test02DefaultSSSDUserProfile() STARTED
SSSD	Run tests	2024-08-05T00:24:13.9719939Z 00:24:13,955 INFO  [org.keycloak.testsuite.util.URLUtils] starting navigation
SSSD	Run tests	2024-08-05T00:24:13.9721646Z 00:24:13,955 INFO  [org.keycloak.testsuite.util.URLUtils] current URL:  https://localhost:8543/auth/realms/master/app/auth
SSSD	Run tests	2024-08-05T00:24:13.9723615Z 00:24:13,955 INFO  [org.keycloak.testsuite.util.URLUtils] navigating to https://localhost:8543/auth/realms/test/testing/blank
SSSD	Run tests	2024-08-05T00:24:13.9725542Z 00:24:13,963 INFO  [org.keycloak.testsuite.util.URLUtils] new current URL:  https://localhost:8543/auth/realms/test/testing/blank
SSSD	Run tests	2024-08-05T00:24:13.9727088Z 00:24:13,963 INFO  [org.keycloak.testsuite.util.URLUtils] navigation complete
SSSD	Run tests	2024-08-05T00:24:13.9728813Z 00:24:13,963 INFO  [org.keycloak.testsuite.sssd.SSSDUserProfileTest] deleting cookies in 'test' realm
SSSD	Run tests	2024-08-05T00:24:13.9730344Z 00:24:13,963 INFO  [org.keycloak.testsuite.sssd.SSSDUserProfileTest] calling all TestCleanup
SSSD	Run tests	2024-08-05T00:24:13.9732060Z 00:24:13,970 INFO  [org.keycloak.testsuite.sssd.SSSDUserProfileTest] [SSSDUserProfileTest] test02DefaultSSSDUserProfile() FINISHED
SSSD	Run tests	2024-08-05T00:24:13.9733201Z 
SSSD	Run tests	2024-08-05T00:24:13.9733217Z 
SSSD	Run tests	2024-08-05T00:24:13.9910187Z 00:24:13,970 INFO  [org.keycloak.testsuite.sssd.SSSDUserProfileTest] [SSSDUserProfileTest] test03DefaultInternalDBUserProfile() STARTED
SSSD	Run tests	2024-08-05T00:24:14.3501552Z 00:24:14,329 INFO  [org.keycloak.testsuite.util.URLUtils] starting navigation
SSSD	Run tests	2024-08-05T00:24:14.3503169Z 00:24:14,329 INFO  [org.keycloak.testsuite.util.URLUtils] current URL:  https://localhost:8543/auth/realms/master/app/auth
SSSD	Run tests	2024-08-05T00:24:14.3505037Z 00:24:14,329 INFO  [org.keycloak.testsuite.util.URLUtils] navigating to https://localhost:8543/auth/realms/test/testing/blank
SSSD	Run tests	2024-08-05T00:24:14.3506998Z 00:24:14,339 INFO  [org.keycloak.testsuite.util.URLUtils] new current URL:  https://localhost:8543/auth/realms/test/testing/blank
SSSD	Run tests	2024-08-05T00:24:14.3508588Z 00:24:14,339 INFO  [org.keycloak.testsuite.util.URLUtils] navigation complete
SSSD	Run tests	2024-08-05T00:24:14.3510329Z 00:24:14,339 INFO  [org.keycloak.testsuite.sssd.SSSDUserProfileTest] deleting cookies in 'test' realm
SSSD	Run tests	2024-08-05T00:24:14.3511883Z 00:24:14,340 INFO  [org.keycloak.testsuite.sssd.SSSDUserProfileTest] calling all TestCleanup
SSSD	Run tests	2024-08-05T00:24:14.3513764Z 00:24:14,349 INFO  [org.keycloak.testsuite.sssd.SSSDUserProfileTest] [SSSDUserProfileTest] test03DefaultInternalDBUserProfile() FINISHED
SSSD	Run tests	2024-08-05T00:24:14.3515015Z 
SSSD	Run tests	2024-08-05T00:24:14.3515027Z 
SSSD	Run tests	2024-08-05T00:24:14.3912723Z 00:24:14,349 INFO  [org.keycloak.testsuite.sssd.SSSDUserProfileTest] [SSSDUserProfileTest] test04MixedSSSDUserProfile() STARTED
SSSD	Run tests	2024-08-05T00:24:18.8921099Z 00:24:18,867 INFO  [org.keycloak.testsuite.util.URLUtils] starting navigation
SSSD	Run tests	2024-08-05T00:24:18.8922783Z 00:24:18,868 INFO  [org.keycloak.testsuite.util.URLUtils] current URL:  https://localhost:8543/auth/realms/master/app/auth
SSSD	Run tests	2024-08-05T00:24:18.8924731Z 00:24:18,868 INFO  [org.keycloak.testsuite.util.URLUtils] navigating to https://localhost:8543/auth/realms/test/testing/blank
SSSD	Run tests	2024-08-05T00:24:18.8926666Z 00:24:18,884 INFO  [org.keycloak.testsuite.util.URLUtils] new current URL:  https://localhost:8543/auth/realms/test/testing/blank
SSSD	Run tests	2024-08-05T00:24:18.8928209Z 00:24:18,884 INFO  [org.keycloak.testsuite.util.URLUtils] navigation complete
SSSD	Run tests	2024-08-05T00:24:18.8930453Z 00:24:18,884 INFO  [org.keycloak.testsuite.sssd.SSSDUserProfileTest] deleting cookies in 'test' realm
SSSD	Run tests	2024-08-05T00:24:18.8931992Z 00:24:18,884 INFO  [org.keycloak.testsuite.sssd.SSSDUserProfileTest] calling all TestCleanup
SSSD	Run tests	2024-08-05T00:24:18.8938305Z 00:24:18,889 INFO  [org.keycloak.testsuite.sssd.SSSDUserProfileTest] [SSSDUserProfileTest] test04MixedSSSDUserProfile() FINISHED
SSSD	Run tests	2024-08-05T00:24:18.8939469Z 
SSSD	Run tests	2024-08-05T00:24:18.8939494Z 
SSSD	Run tests	2024-08-05T00:24:18.8974140Z 00:24:18,890 INFO  [org.keycloak.testsuite.sssd.SSSDUserProfileTest] [SSSDUserProfileTest] test05MixedInternalDBUserProfile() STARTED
SSSD	Run tests	2024-08-05T00:24:23.3243650Z 00:24:23,304 INFO  [org.keycloak.testsuite.util.URLUtils] starting navigation
SSSD	Run tests	2024-08-05T00:24:23.3245794Z 00:24:23,304 INFO  [org.keycloak.testsuite.util.URLUtils] current URL:  https://localhost:8543/auth/realms/master/app/auth
SSSD	Run tests	2024-08-05T00:24:23.3248085Z 00:24:23,304 INFO  [org.keycloak.testsuite.util.URLUtils] navigating to https://localhost:8543/auth/realms/test/testing/blank
SSSD	Run tests	2024-08-05T00:24:23.3250543Z 00:24:23,317 INFO  [org.keycloak.testsuite.util.URLUtils] new current URL:  https://localhost:8543/auth/realms/test/testing/blank
SSSD	Run tests	2024-08-05T00:24:23.3259990Z 00:24:23,318 INFO  [org.keycloak.testsuite.util.URLUtils] navigation complete
SSSD	Run tests	2024-08-05T00:24:23.3261729Z 00:24:23,318 INFO  [org.keycloak.testsuite.sssd.SSSDUserProfileTest] deleting cookies in 'test' realm
SSSD	Run tests	2024-08-05T00:24:23.3262735Z 00:24:23,318 INFO  [org.keycloak.testsuite.sssd.SSSDUserProfileTest] calling all TestCleanup
SSSD	Run tests	2024-08-05T00:24:23.4017642Z 00:24:23,323 INFO  [org.keycloak.testsuite.sssd.SSSDUserProfileTest] [SSSDUserProfileTest] test05MixedInternalDBUserProfile() FINISHED
SSSD	Run tests	2024-08-05T00:24:23.4020104Z 
SSSD	Run tests	2024-08-05T00:24:23.4020228Z 
SSSD	Run tests	2024-08-05T00:24:23.4021084Z 00:24:23,324 INFO  [org.keycloak.testsuite.arquillian.AuthServerTestEnricher] removing test realms after test class
SSSD	Run tests	2024-08-05T00:24:23.8459180Z 00:24:23,834 INFO  [org.keycloak.testsuite.arquillian.AuthServerTestEnricher] removed realms: test, 
SSSD	Run tests	2024-08-05T00:24:23.8462123Z 00:24:23,835 INFO  [org.htmlunit.javascript.JavaScriptEngine] execute() called after the shutdown of the Javascript engine and therefore not processed
SSSD	Run tests	2024-08-05T00:24:23.8464856Z 00:24:23,836 INFO  [org.htmlunit.javascript.JavaScriptEngine] execute() called after the shutdown of the Javascript engine and therefore not processed
SSSD	Run tests	2024-08-05T00:24:23.8777856Z [INFO] Tests run: 5, Failures: 0, Errors: 0, Skipped: 0, Time elapsed: 12.66 s - in org.keycloak.testsuite.sssd.SSSDUserProfileTest
SSSD	Run tests	2024-08-05T00:24:23.9760817Z 00:24:23,967 INFO  [io.undertow] stopping server: Undertow - 2.3.2.Final
SSSD	Run tests	2024-08-05T00:24:23.9794421Z ##[error]Exception in thread "Thread-1" java.lang.RuntimeException: java.io.IOException: Stream closed
SSSD	Run tests	2024-08-05T00:24:23.9802279Z 	at org.keycloak.testsuite.arquillian.containers.KeycloakQuarkusServerDeployableContainer$LogProcessor.run(KeycloakQuarkusServerDeployableContainer.java:290)
SSSD	Run tests	2024-08-05T00:24:23.9803406Z 	at java.base/java.lang.Thread.run(Thread.java:1583)
SSSD	Run tests	2024-08-05T00:24:23.9803892Z Caused by: java.io.IOException: Stream closed
SSSD	Run tests	2024-08-05T00:24:23.9804525Z 	at java.base/java.io.BufferedInputStream.getBufIfOpen(BufferedInputStream.java:188)
SSSD	Run tests	2024-08-05T00:24:23.9805276Z 	at java.base/java.io.BufferedInputStream.read1(BufferedInputStream.java:343)
SSSD	Run tests	2024-08-05T00:24:23.9805997Z 	at java.base/java.io.BufferedInputStream.implRead(BufferedInputStream.java:420)
SSSD	Run tests	2024-08-05T00:24:23.9807080Z 	at java.base/java.io.BufferedInputStream.read(BufferedInputStream.java:405)
SSSD	Run tests	2024-08-05T00:24:23.9808205Z 	at java.base/sun.nio.cs.StreamDecoder.readBytes(StreamDecoder.java:350)
SSSD	Run tests	2024-08-05T00:24:23.9809288Z 	at java.base/sun.nio.cs.StreamDecoder.implRead(StreamDecoder.java:393)
SSSD	Run tests	2024-08-05T00:24:23.9810420Z 	at java.base/sun.nio.cs.StreamDecoder.lockedRead(StreamDecoder.java:217)
SSSD	Run tests	2024-08-05T00:24:23.9811480Z 	at java.base/sun.nio.cs.StreamDecoder.read(StreamDecoder.java:171)
SSSD	Run tests	2024-08-05T00:24:23.9812525Z 	at java.base/java.io.InputStreamReader.read(InputStreamReader.java:188)
SSSD	Run tests	2024-08-05T00:24:23.9813908Z 	at java.base/java.io.BufferedReader.fill(BufferedReader.java:160)
SSSD	Run tests	2024-08-05T00:24:23.9814984Z 	at java.base/java.io.BufferedReader.implReadLine(BufferedReader.java:370)
SSSD	Run tests	2024-08-05T00:24:23.9816081Z 	at java.base/java.io.BufferedReader.readLine(BufferedReader.java:347)
SSSD	Run tests	2024-08-05T00:24:23.9817121Z 	at java.base/java.io.BufferedReader.readLine(BufferedReader.java:436)
SSSD	Run tests	2024-08-05T00:24:23.9819207Z 	at org.keycloak.testsuite.arquillian.containers.KeycloakQuarkusServerDeployableContainer$LogProcessor.run(KeycloakQuarkusServerDeployableContainer.java:280)
SSSD	Run tests	2024-08-05T00:24:23.9820800Z 	... 1 more
SSSD	Run tests	2024-08-05T00:24:24.0010351Z [INFO] 
SSSD	Run tests	2024-08-05T00:24:24.0010770Z [INFO] Results:
SSSD	Run tests	2024-08-05T00:24:24.0013129Z [INFO] 
SSSD	Run tests	2024-08-05T00:24:24.0013814Z [ERROR] Errors: 
SSSD	Run tests	2024-08-05T00:24:24.0016415Z [ERROR]   SSSDTest.testDeleteSSSDFederationProvider:139->AbstractBaseSSSDTest.testLoginSuccess:86 ? IllegalArgument No enum constant org.keycloak.testsuite.pages.AppPage.RequestType.Sign in to test
SSSD	Run tests	2024-08-05T00:24:24.0018841Z [INFO] 
SSSD	Run tests	2024-08-05T00:24:24.0019371Z [ERROR] Tests run: 13, Failures: 0, Errors: 1, Skipped: 0
SSSD	Run tests	2024-08-05T00:24:24.0020050Z [INFO] 
SSSD	Run tests	2024-08-05T00:24:24.0040457Z [INFO] ------------------------------------------------------------------------
SSSD	Run tests	2024-08-05T00:24:24.0041440Z [INFO] BUILD FAILURE
SSSD	Run tests	2024-08-05T00:24:24.0042175Z [INFO] ------------------------------------------------------------------------
SSSD	Run tests	2024-08-05T00:24:24.0043326Z [INFO] Total time:  44.819 s
SSSD	Run tests	2024-08-05T00:24:24.0045052Z [INFO] Finished at: 2024-08-05T00:24:24Z
SSSD	Run tests	2024-08-05T00:24:24.0046568Z [INFO] ------------------------------------------------------------------------
SSSD	Run tests	2024-08-05T00:24:24.0054040Z [ERROR] Failed to execute goal org.apache.maven.plugins:maven-surefire-plugin:3.0.0-M7:test (default-test) on project integration-arquillian-tests-sssd: 
SSSD	Run tests	2024-08-05T00:24:24.0055609Z [ERROR] 
SSSD	Run tests	2024-08-05T00:24:24.0057226Z [ERROR] Please refer to /github/workspace/testsuite/integration-arquillian/tests/other/sssd/target/surefire-reports for the individual test results.
SSSD	Run tests	2024-08-05T00:24:24.0060419Z [ERROR] Please refer to dump files (if any exist) [date].dump, [date]-jvmRun[N].dump and [date].dumpstream.
SSSD	Run tests	2024-08-05T00:24:24.0061496Z [ERROR] -> [Help 1]
SSSD	Run tests	2024-08-05T00:24:24.0061923Z [ERROR] 
SSSD	Run tests	2024-08-05T00:24:24.0062728Z [ERROR] To see the full stack trace of the errors, re-run Maven with the -e switch.
SSSD	Run tests	2024-08-05T00:24:24.0063931Z [ERROR] Re-run Maven using the -X switch to enable full debug logging.
SSSD	Run tests	2024-08-05T00:24:24.0064697Z [ERROR] 
SSSD	Run tests	2024-08-05T00:24:24.0065582Z [ERROR] For more information about the errors and possible solutions, please read the following articles:
SSSD	Run tests	2024-08-05T00:24:24.0066998Z [ERROR] [Help 1] http://cwiki.apache.org/confluence/display/MAVEN/MojoFailureException
SSSD	Run tests	2024-08-05T00:24:26.0330899Z 6f2bb1fab32380d3ea021f794ddb2bee4f5c55f184fdb4424d7f1482113162e3
SSSD	Run tests	2024-08-05T00:24:26.0683570Z Tests executed with result: 1
SSSD	Run tests	2024-08-05T00:24:26.0693555Z ##[error]Process completed with exit code 1.
Status Check - Keycloak CI	Run /./.github/actions/status-check	2024-08-05T01:26:38.0551096Z Prepare all required actions
Status Check - Keycloak CI	Run /./.github/actions/status-check	2024-08-05T01:26:38.0638281Z ##[group]Run ./.github/actions/status-check
Status Check - Keycloak CI	Run /./.github/actions/status-check	2024-08-05T01:26:38.0638763Z with:
Status Check - Keycloak CI	Run /./.github/actions/status-check	2024-08-05T01:26:38.0643438Z   jobs: {
Status Check - Keycloak CI	Run /./.github/actions/status-check	  "conditional": {
Status Check - Keycloak CI	Run /./.github/actions/status-check	    "result": "success",
Status Check - Keycloak CI	Run /./.github/actions/status-check	    "outputs": {
Status Check - Keycloak CI	Run /./.github/actions/status-check	      "ci": "true",
Status Check - Keycloak CI	Run /./.github/actions/status-check	      "ci-aurora": "true",
Status Check - Keycloak CI	Run /./.github/actions/status-check	      "ci-quarkus": "true",
Status Check - Keycloak CI	Run /./.github/actions/status-check	      "ci-sssd": "true",
Status Check - Keycloak CI	Run /./.github/actions/status-check	      "ci-store": "true",
Status Check - Keycloak CI	Run /./.github/actions/status-check	      "ci-test-poc": "true",
Status Check - Keycloak CI	Run /./.github/actions/status-check	      "ci-webauthn": "true"
Status Check - Keycloak CI	Run /./.github/actions/status-check	    }
Status Check - Keycloak CI	Run /./.github/actions/status-check	  },
Status Check - Keycloak CI	Run /./.github/actions/status-check	  "build": {
Status Check - Keycloak CI	Run /./.github/actions/status-check	    "result": "success",
Status Check - Keycloak CI	Run /./.github/actions/status-check	    "outputs": {}
Status Check - Keycloak CI	Run /./.github/actions/status-check	  },
Status Check - Keycloak CI	Run /./.github/actions/status-check	  "unit-tests": {
Status Check - Keycloak CI	Run /./.github/actions/status-check	    "result": "success",
Status Check - Keycloak CI	Run /./.github/actions/status-check	    "outputs": {}
Status Check - Keycloak CI	Run /./.github/actions/status-check	  },
Status Check - Keycloak CI	Run /./.github/actions/status-check	  "base-integration-tests": {
Status Check - Keycloak CI	Run /./.github/actions/status-check	    "result": "success",
Status Check - Keycloak CI	Run /./.github/actions/status-check	    "outputs": {}
Status Check - Keycloak CI	Run /./.github/actions/status-check	  },
Status Check - Keycloak CI	Run /./.github/actions/status-check	  "adapter-integration-tests": {
Status Check - Keycloak CI	Run /./.github/actions/status-check	    "result": "success",
Status Check - Keycloak CI	Run /./.github/actions/status-check	    "outputs": {}
Status Check - Keycloak CI	Run /./.github/actions/status-check	  },
Status Check - Keycloak CI	Run /./.github/actions/status-check	  "quarkus-unit-tests": {
Status Check - Keycloak CI	Run /./.github/actions/status-check	    "result": "success",
Status Check - Keycloak CI	Run /./.github/actions/status-check	    "outputs": {}
Status Check - Keycloak CI	Run /./.github/actions/status-check	  },
Status Check - Keycloak CI	Run /./.github/actions/status-check	  "quarkus-integration-tests": {
Status Check - Keycloak CI	Run /./.github/actions/status-check	    "result": "success",
Status Check - Keycloak CI	Run /./.github/actions/status-check	    "outputs": {}
Status Check - Keycloak CI	Run /./.github/actions/status-check	  },
Status Check - Keycloak CI	Run /./.github/actions/status-check	  "jdk-integration-tests": {
Status Check - Keycloak CI	Run /./.github/actions/status-check	    "result": "success",
Status Check - Keycloak CI	Run /./.github/actions/status-check	    "outputs": {}
Status Check - Keycloak CI	Run /./.github/actions/status-check	  },
Status Check - Keycloak CI	Run /./.github/actions/status-check	  "store-integration-tests": {
Status Check - Keycloak CI	Run /./.github/actions/status-check	    "result": "success",
Status Check - Keycloak CI	Run /./.github/actions/status-check	    "outputs": {}
Status Check - Keycloak CI	Run /./.github/actions/status-check	  },
Status Check - Keycloak CI	Run /./.github/actions/status-check	  "persistent-sessions-tests": {
Status Check - Keycloak CI	Run /./.github/actions/status-check	    "result": "success",
Status Check - Keycloak CI	Run /./.github/actions/status-check	    "outputs": {}
Status Check - Keycloak CI	Run /./.github/actions/status-check	  },
Status Check - Keycloak CI	Run /./.github/actions/status-check	  "store-model-tests": {
Status Check - Keycloak CI	Run /./.github/actions/status-check	    "result": "success",
Status Check - Keycloak CI	Run /./.github/actions/status-check	    "outputs": {}
Status Check - Keycloak CI	Run /./.github/actions/status-check	  },
Status Check - Keycloak CI	Run /./.github/actions/status-check	  "clustering-integration-tests": {
Status Check - Keycloak CI	Run /./.github/actions/status-check	    "result": "success",
Status Check - Keycloak CI	Run /./.github/actions/status-check	    "outputs": {}
Status Check - Keycloak CI	Run /./.github/actions/status-check	  },
Status Check - Keycloak CI	Run /./.github/actions/status-check	  "fips-unit-tests": {
Status Check - Keycloak CI	Run /./.github/actions/status-check	    "result": "success",
Status Check - Keycloak CI	Run /./.github/actions/status-check	    "outputs": {}
Status Check - Keycloak CI	Run /./.github/actions/status-check	  },
Status Check - Keycloak CI	Run /./.github/actions/status-check	  "fips-integration-tests": {
Status Check - Keycloak CI	Run /./.github/actions/status-check	    "result": "success",
Status Check - Keycloak CI	Run /./.github/actions/status-check	    "outputs": {}
Status Check - Keycloak CI	Run /./.github/actions/status-check	  },
Status Check - Keycloak CI	Run /./.github/actions/status-check	  "forms-integration-tests": {
Status Check - Keycloak CI	Run /./.github/actions/status-check	    "result": "success",
Status Check - Keycloak CI	Run /./.github/actions/status-check	    "outputs": {}
Status Check - Keycloak CI	Run /./.github/actions/status-check	  },
Status Check - Keycloak CI	Run /./.github/actions/status-check	  "webauthn-integration-tests": {
Status Check - Keycloak CI	Run /./.github/actions/status-check	    "result": "success",
Status Check - Keycloak CI	Run /./.github/actions/status-check	    "outputs": {}
Status Check - Keycloak CI	Run /./.github/actions/status-check	  },
Status Check - Keycloak CI	Run /./.github/actions/status-check	  "sssd-unit-tests": {
Status Check - Keycloak CI	Run /./.github/actions/status-check	    "result": "failure",
Status Check - Keycloak CI	Run /./.github/actions/status-check	    "outputs": {}
Status Check - Keycloak CI	Run /./.github/actions/status-check	  },
Status Check - Keycloak CI	Run /./.github/actions/status-check	  "migration-tests": {
Status Check - Keycloak CI	Run /./.github/actions/status-check	    "result": "success",
Status Check - Keycloak CI	Run /./.github/actions/status-check	    "outputs": {}
Status Check - Keycloak CI	Run /./.github/actions/status-check	  },
Status Check - Keycloak CI	Run /./.github/actions/status-check	  "external-infinispan-tests": {
Status Check - Keycloak CI	Run /./.github/actions/status-check	    "result": "success",
Status Check - Keycloak CI	Run /./.github/actions/status-check	    "outputs": {}
Status Check - Keycloak CI	Run /./.github/actions/status-check	  },
Status Check - Keycloak CI	Run /./.github/actions/status-check	  "test-poc": {
Status Check - Keycloak CI	Run /./.github/actions/status-check	    "result": "success",
Status Check - Keycloak CI	Run /./.github/actions/status-check	    "outputs": {}
Status Check - Keycloak CI	Run /./.github/actions/status-check	  }
Status Check - Keycloak CI	Run /./.github/actions/status-check	}
Status Check - Keycloak CI	Run /./.github/actions/status-check	2024-08-05T01:26:38.0649327Z env:
Status Check - Keycloak CI	Run /./.github/actions/status-check	2024-08-05T01:26:38.0649900Z   MAVEN_ARGS: -B -nsu -Daether.connector.http.connectionMaxTtl=25
Status Check - Keycloak CI	Run /./.github/actions/status-check	2024-08-05T01:26:38.0650456Z   SUREFIRE_RERUN_FAILING_COUNT: 2
Status Check - Keycloak CI	Run /./.github/actions/status-check	2024-08-05T01:26:38.0650925Z   SUREFIRE_RETRY: -Dsurefire.rerunFailingTestsCount=2
Status Check - Keycloak CI	Run /./.github/actions/status-check	2024-08-05T01:26:38.0651495Z ##[endgroup]
Status Check - Keycloak CI	Run /./.github/actions/status-check	2024-08-05T01:26:38.0900648Z ##[group]Run JOBS='{
Status Check - Keycloak CI	Run /./.github/actions/status-check	2024-08-05T01:26:38.0901302Z [36;1mJOBS='{[0m
Status Check - Keycloak CI	Run /./.github/actions/status-check	2024-08-05T01:26:38.0901709Z [36;1m  "conditional": {[0m
Status Check - Keycloak CI	Run /./.github/actions/status-check	2024-08-05T01:26:38.0902080Z [36;1m    "result": "success",[0m
Status Check - Keycloak CI	Run /./.github/actions/status-check	2024-08-05T01:26:38.0902591Z [36;1m    "outputs": {[0m
Status Check - Keycloak CI	Run /./.github/actions/status-check	2024-08-05T01:26:38.0902985Z [36;1m      "ci": "true",[0m
Status Check - Keycloak CI	Run /./.github/actions/status-check	2024-08-05T01:26:38.0903346Z [36;1m      "ci-aurora": "true",[0m
Status Check - Keycloak CI	Run /./.github/actions/status-check	2024-08-05T01:26:38.0903865Z [36;1m      "ci-quarkus": "true",[0m
Status Check - Keycloak CI	Run /./.github/actions/status-check	2024-08-05T01:26:38.0904301Z [36;1m      "ci-sssd": "true",[0m
Status Check - Keycloak CI	Run /./.github/actions/status-check	2024-08-05T01:26:38.0904679Z [36;1m      "ci-store": "true",[0m
Status Check - Keycloak CI	Run /./.github/actions/status-check	2024-08-05T01:26:38.0905169Z [36;1m      "ci-test-poc": "true",[0m
Status Check - Keycloak CI	Run /./.github/actions/status-check	2024-08-05T01:26:38.0905604Z [36;1m      "ci-webauthn": "true"[0m
Status Check - Keycloak CI	Run /./.github/actions/status-check	2024-08-05T01:26:38.0905955Z [36;1m    }[0m
Status Check - Keycloak CI	Run /./.github/actions/status-check	2024-08-05T01:26:38.0906340Z [36;1m  },[0m
Status Check - Keycloak CI	Run /./.github/actions/status-check	2024-08-05T01:26:38.0906670Z [36;1m  "build": {[0m
Status Check - Keycloak CI	Run /./.github/actions/status-check	2024-08-05T01:26:38.0906995Z [36;1m    "result": "success",[0m
Status Check - Keycloak CI	Run /./.github/actions/status-check	2024-08-05T01:26:38.0907484Z [36;1m    "outputs": {}[0m
Status Check - Keycloak CI	Run /./.github/actions/status-check	2024-08-05T01:26:38.0907836Z [36;1m  },[0m
Status Check - Keycloak CI	Run /./.github/actions/status-check	2024-08-05T01:26:38.0908120Z [36;1m  "unit-tests": {[0m
Status Check - Keycloak CI	Run /./.github/actions/status-check	2024-08-05T01:26:38.0908596Z [36;1m    "result": "success",[0m
Status Check - Keycloak CI	Run /./.github/actions/status-check	2024-08-05T01:26:38.0908987Z [36;1m    "outputs": {}[0m
Status Check - Keycloak CI	Run /./.github/actions/status-check	2024-08-05T01:26:38.0909294Z [36;1m  },[0m
Status Check - Keycloak CI	Run /./.github/actions/status-check	2024-08-05T01:26:38.0909737Z [36;1m  "base-integration-tests": {[0m
Status Check - Keycloak CI	Run /./.github/actions/status-check	2024-08-05T01:26:38.0910159Z [36;1m    "result": "success",[0m
Status Check - Keycloak CI	Run /./.github/actions/status-check	2024-08-05T01:26:38.0910507Z [36;1m    "outputs": {}[0m
Status Check - Keycloak CI	Run /./.github/actions/status-check	2024-08-05T01:26:38.0910953Z [36;1m  },[0m
Status Check - Keycloak CI	Run /./.github/actions/status-check	2024-08-05T01:26:38.0911310Z [36;1m  "adapter-integration-tests": {[0m
Status Check - Keycloak CI	Run /./.github/actions/status-check	2024-08-05T01:26:38.0911711Z [36;1m    "result": "success",[0m
Status Check - Keycloak CI	Run /./.github/actions/status-check	2024-08-05T01:26:38.0912192Z [36;1m    "outputs": {}[0m
Status Check - Keycloak CI	Run /./.github/actions/status-check	2024-08-05T01:26:38.0912540Z [36;1m  },[0m
Status Check - Keycloak CI	Run /./.github/actions/status-check	2024-08-05T01:26:38.0912831Z [36;1m  "quarkus-unit-tests": {[0m
Status Check - Keycloak CI	Run /./.github/actions/status-check	2024-08-05T01:26:38.0913323Z [36;1m    "result": "success",[0m
Status Check - Keycloak CI	Run /./.github/actions/status-check	2024-08-05T01:26:38.0913995Z [36;1m    "outputs": {}[0m
Status Check - Keycloak CI	Run /./.github/actions/status-check	2024-08-05T01:26:38.0914371Z [36;1m  },[0m
Status Check - Keycloak CI	Run /./.github/actions/status-check	2024-08-05T01:26:38.0914812Z [36;1m  "quarkus-integration-tests": {[0m
Status Check - Keycloak CI	Run /./.github/actions/status-check	2024-08-05T01:26:38.0915262Z [36;1m    "result": "success",[0m
Status Check - Keycloak CI	Run /./.github/actions/status-check	2024-08-05T01:26:38.0915677Z [36;1m    "outputs": {}[0m
Status Check - Keycloak CI	Run /./.github/actions/status-check	2024-08-05T01:26:38.0916075Z [36;1m  },[0m
Status Check - Keycloak CI	Run /./.github/actions/status-check	2024-08-05T01:26:38.0916428Z [36;1m  "jdk-integration-tests": {[0m
Status Check - Keycloak CI	Run /./.github/actions/status-check	2024-08-05T01:26:38.0916838Z [36;1m    "result": "success",[0m
Status Check - Keycloak CI	Run /./.github/actions/status-check	2024-08-05T01:26:38.0917272Z [36;1m    "outputs": {}[0m
Status Check - Keycloak CI	Run /./.github/actions/status-check	2024-08-05T01:26:38.0917641Z [36;1m  },[0m
Status Check - Keycloak CI	Run /./.github/actions/status-check	2024-08-05T01:26:38.0917979Z [36;1m  "store-integration-tests": {[0m
Status Check - Keycloak CI	Run /./.github/actions/status-check	2024-08-05T01:26:38.0918637Z [36;1m    "result": "success",[0m
Status Check - Keycloak CI	Run /./.github/actions/status-check	2024-08-05T01:26:38.0919040Z [36;1m    "outputs": {}[0m
Status Check - Keycloak CI	Run /./.github/actions/status-check	2024-08-05T01:26:38.0919387Z [36;1m  },[0m
Status Check - Keycloak CI	Run /./.github/actions/status-check	2024-08-05T01:26:38.0919781Z [36;1m  "persistent-sessions-tests": {[0m
Status Check - Keycloak CI	Run /./.github/actions/status-check	2024-08-05T01:26:38.0920231Z [36;1m    "result": "success",[0m
Status Check - Keycloak CI	Run /./.github/actions/status-check	2024-08-05T01:26:38.0920610Z [36;1m    "outputs": {}[0m
Status Check - Keycloak CI	Run /./.github/actions/status-check	2024-08-05T01:26:38.0921023Z [36;1m  },[0m
Status Check - Keycloak CI	Run /./.github/actions/status-check	2024-08-05T01:26:38.0921358Z [36;1m  "store-model-tests": {[0m
Status Check - Keycloak CI	Run /./.github/actions/status-check	2024-08-05T01:26:38.0921817Z [36;1m    "result": "success",[0m
Status Check - Keycloak CI	Run /./.github/actions/status-check	2024-08-05T01:26:38.0922315Z [36;1m    "outputs": {}[0m
Status Check - Keycloak CI	Run /./.github/actions/status-check	2024-08-05T01:26:38.0922635Z [36;1m  },[0m
Status Check - Keycloak CI	Run /./.github/actions/status-check	2024-08-05T01:26:38.0922992Z [36;1m  "clustering-integration-tests": {[0m
Status Check - Keycloak CI	Run /./.github/actions/status-check	2024-08-05T01:26:38.0923526Z [36;1m    "result": "success",[0m
Status Check - Keycloak CI	Run /./.github/actions/status-check	2024-08-05T01:26:38.0923875Z [36;1m    "outputs": {}[0m
Status Check - Keycloak CI	Run /./.github/actions/status-check	2024-08-05T01:26:38.0924217Z [36;1m  },[0m
Status Check - Keycloak CI	Run /./.github/actions/status-check	2024-08-05T01:26:38.0924746Z [36;1m  "fips-unit-tests": {[0m
Status Check - Keycloak CI	Run /./.github/actions/status-check	2024-08-05T01:26:38.0925105Z [36;1m    "result": "success",[0m
Status Check - Keycloak CI	Run /./.github/actions/status-check	2024-08-05T01:26:38.0925515Z [36;1m    "outputs": {}[0m
Status Check - Keycloak CI	Run /./.github/actions/status-check	2024-08-05T01:26:38.0925943Z [36;1m  },[0m
Status Check - Keycloak CI	Run /./.github/actions/status-check	2024-08-05T01:26:38.0926271Z [36;1m  "fips-integration-tests": {[0m
Status Check - Keycloak CI	Run /./.github/actions/status-check	2024-08-05T01:26:38.0926704Z [36;1m    "result": "success",[0m
Status Check - Keycloak CI	Run /./.github/actions/status-check	2024-08-05T01:26:38.0927195Z [36;1m    "outputs": {}[0m
Status Check - Keycloak CI	Run /./.github/actions/status-check	2024-08-05T01:26:38.0927664Z [36;1m  },[0m
Status Check - Keycloak CI	Run /./.github/actions/status-check	2024-08-05T01:26:38.0928054Z [36;1m  "forms-integration-tests": {[0m
Status Check - Keycloak CI	Run /./.github/actions/status-check	2024-08-05T01:26:38.0928584Z [36;1m    "result": "success",[0m
Status Check - Keycloak CI	Run /./.github/actions/status-check	2024-08-05T01:26:38.0928951Z [36;1m    "outputs": {}[0m
Status Check - Keycloak CI	Run /./.github/actions/status-check	2024-08-05T01:26:38.0929309Z [36;1m  },[0m
Status Check - Keycloak CI	Run /./.github/actions/status-check	2024-08-05T01:26:38.0929744Z [36;1m  "webauthn-integration-tests": {[0m
Status Check - Keycloak CI	Run /./.github/actions/status-check	2024-08-05T01:26:38.0930144Z [36;1m    "result": "success",[0m
Status Check - Keycloak CI	Run /./.github/actions/status-check	2024-08-05T01:26:38.0930542Z [36;1m    "outputs": {}[0m
Status Check - Keycloak CI	Run /./.github/actions/status-check	2024-08-05T01:26:38.0930963Z [36;1m  },[0m
Status Check - Keycloak CI	Run /./.github/actions/status-check	2024-08-05T01:26:38.0931267Z [36;1m  "sssd-unit-tests": {[0m
Status Check - Keycloak CI	Run /./.github/actions/status-check	2024-08-05T01:26:38.0931650Z [36;1m    "result": "failure",[0m
Status Check - Keycloak CI	Run /./.github/actions/status-check	2024-08-05T01:26:38.0932110Z [36;1m    "outputs": {}[0m
Status Check - Keycloak CI	Run /./.github/actions/status-check	2024-08-05T01:26:38.0932433Z [36;1m  },[0m
Status Check - Keycloak CI	Run /./.github/actions/status-check	2024-08-05T01:26:38.0932752Z [36;1m  "migration-tests": {[0m
Status Check - Keycloak CI	Run /./.github/actions/status-check	2024-08-05T01:26:38.0933222Z [36;1m    "result": "success",[0m
Status Check - Keycloak CI	Run /./.github/actions/status-check	2024-08-05T01:26:38.0933582Z [36;1m    "outputs": {}[0m
Status Check - Keycloak CI	Run /./.github/actions/status-check	2024-08-05T01:26:38.0933920Z [36;1m  },[0m
Status Check - Keycloak CI	Run /./.github/actions/status-check	2024-08-05T01:26:38.0934345Z [36;1m  "external-infinispan-tests": {[0m
Status Check - Keycloak CI	Run /./.github/actions/status-check	2024-08-05T01:26:38.0934756Z [36;1m    "result": "success",[0m
Status Check - Keycloak CI	Run /./.github/actions/status-check	2024-08-05T01:26:38.0935135Z [36;1m    "outputs": {}[0m
Status Check - Keycloak CI	Run /./.github/actions/status-check	2024-08-05T01:26:38.0935571Z [36;1m  },[0m
Status Check - Keycloak CI	Run /./.github/actions/status-check	2024-08-05T01:26:38.0935848Z [36;1m  "test-poc": {[0m
Status Check - Keycloak CI	Run /./.github/actions/status-check	2024-08-05T01:26:38.0936206Z [36;1m    "result": "success",[0m
Status Check - Keycloak CI	Run /./.github/actions/status-check	2024-08-05T01:26:38.0936686Z [36;1m    "outputs": {}[0m
Status Check - Keycloak CI	Run /./.github/actions/status-check	2024-08-05T01:26:38.0936997Z [36;1m  }[0m
Status Check - Keycloak CI	Run /./.github/actions/status-check	2024-08-05T01:26:38.0937295Z [36;1m}'[0m
Status Check - Keycloak CI	Run /./.github/actions/status-check	2024-08-05T01:26:38.0937692Z [36;1m[0m
Status Check - Keycloak CI	Run /./.github/actions/status-check	2024-08-05T01:26:38.0937965Z [36;1mecho "Job status:"[0m
Status Check - Keycloak CI	Run /./.github/actions/status-check	2024-08-05T01:26:38.0938478Z [36;1mecho $JOBS | jq -r 'to_entries[] | " - \(.key): \(.value.result)"'[0m
Status Check - Keycloak CI	Run /./.github/actions/status-check	2024-08-05T01:26:38.0939120Z [36;1m[0m
Status Check - Keycloak CI	Run /./.github/actions/status-check	2024-08-05T01:26:38.0939533Z [36;1mfor i in $(echo $JOBS | jq -r 'to_entries[] | .value.result'); do[0m
Status Check - Keycloak CI	Run /./.github/actions/status-check	2024-08-05T01:26:38.0940171Z [36;1m  if [ "$i" != "success" ] && [ "$i" != "skipped" ]; then[0m
Status Check - Keycloak CI	Run /./.github/actions/status-check	2024-08-05T01:26:38.0940755Z [36;1m    echo ""[0m
Status Check - Keycloak CI	Run /./.github/actions/status-check	2024-08-05T01:26:38.0941095Z [36;1m    echo "Status check not okay!"[0m
Status Check - Keycloak CI	Run /./.github/actions/status-check	2024-08-05T01:26:38.0941515Z [36;1m    exit 1[0m
Status Check - Keycloak CI	Run /./.github/actions/status-check	2024-08-05T01:26:38.0941939Z [36;1m  fi[0m
Status Check - Keycloak CI	Run /./.github/actions/status-check	2024-08-05T01:26:38.0942406Z [36;1mdone[0m
Status Check - Keycloak CI	Run /./.github/actions/status-check	2024-08-05T01:26:38.0981067Z shell: /usr/bin/bash --noprofile --norc -e -o pipefail {0}
Status Check - Keycloak CI	Run /./.github/actions/status-check	2024-08-05T01:26:38.0981568Z env:
Status Check - Keycloak CI	Run /./.github/actions/status-check	2024-08-05T01:26:38.0982007Z   MAVEN_ARGS: -B -nsu -Daether.connector.http.connectionMaxTtl=25
Status Check - Keycloak CI	Run /./.github/actions/status-check	2024-08-05T01:26:38.0982698Z   SUREFIRE_RERUN_FAILING_COUNT: 2
Status Check - Keycloak CI	Run /./.github/actions/status-check	2024-08-05T01:26:38.0983147Z   SUREFIRE_RETRY: -Dsurefire.rerunFailingTestsCount=2
Status Check - Keycloak CI	Run /./.github/actions/status-check	2024-08-05T01:26:38.0983651Z ##[endgroup]
Status Check - Keycloak CI	Run /./.github/actions/status-check	2024-08-05T01:26:38.1106743Z Job status:
Status Check - Keycloak CI	Run /./.github/actions/status-check	2024-08-05T01:26:38.1326746Z  - conditional: success
Status Check - Keycloak CI	Run /./.github/actions/status-check	2024-08-05T01:26:38.1327928Z  - build: success
Status Check - Keycloak CI	Run /./.github/actions/status-check	2024-08-05T01:26:38.1328465Z  - unit-tests: success
Status Check - Keycloak CI	Run /./.github/actions/status-check	2024-08-05T01:26:38.1329163Z  - base-integration-tests: success
Status Check - Keycloak CI	Run /./.github/actions/status-check	2024-08-05T01:26:38.1329785Z  - adapter-integration-tests: success
Status Check - Keycloak CI	Run /./.github/actions/status-check	2024-08-05T01:26:38.1330244Z  - quarkus-unit-tests: success
Status Check - Keycloak CI	Run /./.github/actions/status-check	2024-08-05T01:26:38.1330679Z  - quarkus-integration-tests: success
Status Check - Keycloak CI	Run /./.github/actions/status-check	2024-08-05T01:26:38.1331228Z  - jdk-integration-tests: success
Status Check - Keycloak CI	Run /./.github/actions/status-check	2024-08-05T01:26:38.1331662Z  - store-integration-tests: success
Status Check - Keycloak CI	Run /./.github/actions/status-check	2024-08-05T01:26:38.1332132Z  - persistent-sessions-tests: success
Status Check - Keycloak CI	Run /./.github/actions/status-check	2024-08-05T01:26:38.1332697Z  - store-model-tests: success
Status Check - Keycloak CI	Run /./.github/actions/status-check	2024-08-05T01:26:38.1333115Z  - clustering-integration-tests: success
Status Check - Keycloak CI	Run /./.github/actions/status-check	2024-08-05T01:26:38.1333581Z  - fips-unit-tests: success
Status Check - Keycloak CI	Run /./.github/actions/status-check	2024-08-05T01:26:38.1334115Z  - fips-integration-tests: success
Status Check - Keycloak CI	Run /./.github/actions/status-check	2024-08-05T01:26:38.1334546Z  - forms-integration-tests: success
Status Check - Keycloak CI	Run /./.github/actions/status-check	2024-08-05T01:26:38.1335061Z  - webauthn-integration-tests: success
Status Check - Keycloak CI	Run /./.github/actions/status-check	2024-08-05T01:26:38.1335971Z  - sssd-unit-tests: failure
Status Check - Keycloak CI	Run /./.github/actions/status-check	2024-08-05T01:26:38.1336625Z  - migration-tests: success
Status Check - Keycloak CI	Run /./.github/actions/status-check	2024-08-05T01:26:38.1337322Z  - external-infinispan-tests: success
Status Check - Keycloak CI	Run /./.github/actions/status-check	2024-08-05T01:26:38.1338210Z  - test-poc: success
Status Check - Keycloak CI	Run /./.github/actions/status-check	2024-08-05T01:26:38.1538799Z 
Status Check - Keycloak CI	Run /./.github/actions/status-check	2024-08-05T01:26:38.1539103Z Status check not okay!
Status Check - Keycloak CI	Run /./.github/actions/status-check	2024-08-05T01:26:38.1551979Z ##[error]Process completed with exit code 1.
