Store IT (aurora-postgres)	Delete Aurora DB	2024-06-09T02:14:40.9496342Z ##[group]Run gh workflow run aurora-delete.yml \
Store IT (aurora-postgres)	Delete Aurora DB	2024-06-09T02:14:40.9496844Z [36;1mgh workflow run aurora-delete.yml \[0m
Store IT (aurora-postgres)	Delete Aurora DB	2024-06-09T02:14:40.9497241Z [36;1m  -f name=gh-action-86101b3 \[0m
Store IT (aurora-postgres)	Delete Aurora DB	2024-06-09T02:14:40.9497602Z [36;1m  -f region=us-east-1 \[0m
Store IT (aurora-postgres)	Delete Aurora DB	2024-06-09T02:14:40.9497932Z [36;1m  --repo keycloak/keycloak \[0m
Store IT (aurora-postgres)	Delete Aurora DB	2024-06-09T02:14:40.9498263Z [36;1m  --ref main[0m
Store IT (aurora-postgres)	Delete Aurora DB	2024-06-09T02:14:40.9555199Z shell: /usr/bin/bash --noprofile --norc -e -o pipefail {0}
Store IT (aurora-postgres)	Delete Aurora DB	2024-06-09T02:14:40.9555618Z env:
Store IT (aurora-postgres)	Delete Aurora DB	2024-06-09T02:14:40.9555983Z   MAVEN_ARGS: -B -nsu -Daether.connector.http.connectionMaxTtl=25
Store IT (aurora-postgres)	Delete Aurora DB	2024-06-09T02:14:40.9556454Z   SUREFIRE_RERUN_FAILING_COUNT: 2
Store IT (aurora-postgres)	Delete Aurora DB	2024-06-09T02:14:40.9556887Z   SUREFIRE_RETRY: -Dsurefire.rerunFailingTestsCount=2
Store IT (aurora-postgres)	Delete Aurora DB	2024-06-09T02:14:40.9557540Z   GH_TOKEN: ***
Store IT (aurora-postgres)	Delete Aurora DB	2024-06-09T02:14:40.9557788Z ##[endgroup]
Store IT (aurora-postgres)	Delete Aurora DB	2024-06-09T02:15:11.0883367Z Get "https://api.github.com/repos/keycloak/keycloak/actions/workflows/aurora-delete.yml": dial tcp 140.82.113.6:443: i/o timeout
Store IT (aurora-postgres)	Delete Aurora DB	2024-06-09T02:15:11.0917353Z ##[error]Process completed with exit code 1.
Status Check - Keycloak CI	Run /./.github/actions/status-check	2024-06-09T02:18:49.2169340Z Prepare all required actions
Status Check - Keycloak CI	Run /./.github/actions/status-check	2024-06-09T02:18:49.2255514Z ##[group]Run ./.github/actions/status-check
Status Check - Keycloak CI	Run /./.github/actions/status-check	2024-06-09T02:18:49.2256007Z with:
Status Check - Keycloak CI	Run /./.github/actions/status-check	2024-06-09T02:18:49.2260666Z   jobs: {
Status Check - Keycloak CI	Run /./.github/actions/status-check	  "conditional": {
Status Check - Keycloak CI	Run /./.github/actions/status-check	    "result": "success",
Status Check - Keycloak CI	Run /./.github/actions/status-check	    "outputs": {
Status Check - Keycloak CI	Run /./.github/actions/status-check	      "ci": "true",
Status Check - Keycloak CI	Run /./.github/actions/status-check	      "ci-quarkus": "true",
Status Check - Keycloak CI	Run /./.github/actions/status-check	      "ci-sssd": "true",
Status Check - Keycloak CI	Run /./.github/actions/status-check	      "ci-store": "true",
Status Check - Keycloak CI	Run /./.github/actions/status-check	      "ci-store-matrix": "[\"postgres\",\"mysql\",\"oracle\",\"mssql\",\"mariadb\",\"aurora-postgres\"]",
Status Check - Keycloak CI	Run /./.github/actions/status-check	      "ci-webauthn": "true"
Status Check - Keycloak CI	Run /./.github/actions/status-check	    }
Status Check - Keycloak CI	Run /./.github/actions/status-check	  },
Status Check - Keycloak CI	Run /./.github/actions/status-check	  "build": {
Status Check - Keycloak CI	Run /./.github/actions/status-check	    "result": "success",
Status Check - Keycloak CI	Run /./.github/actions/status-check	    "outputs": {}
Status Check - Keycloak CI	Run /./.github/actions/status-check	  },
Status Check - Keycloak CI	Run /./.github/actions/status-check	  "unit-tests": {
Status Check - Keycloak CI	Run /./.github/actions/status-check	    "result": "success",
Status Check - Keycloak CI	Run /./.github/actions/status-check	    "outputs": {}
Status Check - Keycloak CI	Run /./.github/actions/status-check	  },
Status Check - Keycloak CI	Run /./.github/actions/status-check	  "base-integration-tests": {
Status Check - Keycloak CI	Run /./.github/actions/status-check	    "result": "success",
Status Check - Keycloak CI	Run /./.github/actions/status-check	    "outputs": {}
Status Check - Keycloak CI	Run /./.github/actions/status-check	  },
Status Check - Keycloak CI	Run /./.github/actions/status-check	  "adapter-integration-tests": {
Status Check - Keycloak CI	Run /./.github/actions/status-check	    "result": "success",
Status Check - Keycloak CI	Run /./.github/actions/status-check	    "outputs": {}
Status Check - Keycloak CI	Run /./.github/actions/status-check	  },
Status Check - Keycloak CI	Run /./.github/actions/status-check	  "quarkus-unit-tests": {
Status Check - Keycloak CI	Run /./.github/actions/status-check	    "result": "success",
Status Check - Keycloak CI	Run /./.github/actions/status-check	    "outputs": {}
Status Check - Keycloak CI	Run /./.github/actions/status-check	  },
Status Check - Keycloak CI	Run /./.github/actions/status-check	  "quarkus-integration-tests": {
Status Check - Keycloak CI	Run /./.github/actions/status-check	    "result": "success",
Status Check - Keycloak CI	Run /./.github/actions/status-check	    "outputs": {}
Status Check - Keycloak CI	Run /./.github/actions/status-check	  },
Status Check - Keycloak CI	Run /./.github/actions/status-check	  "jdk-integration-tests": {
Status Check - Keycloak CI	Run /./.github/actions/status-check	    "result": "success",
Status Check - Keycloak CI	Run /./.github/actions/status-check	    "outputs": {}
Status Check - Keycloak CI	Run /./.github/actions/status-check	  },
Status Check - Keycloak CI	Run /./.github/actions/status-check	  "store-integration-tests": {
Status Check - Keycloak CI	Run /./.github/actions/status-check	    "result": "failure",
Status Check - Keycloak CI	Run /./.github/actions/status-check	    "outputs": {}
Status Check - Keycloak CI	Run /./.github/actions/status-check	  },
Status Check - Keycloak CI	Run /./.github/actions/status-check	  "persistent-sessions-tests": {
Status Check - Keycloak CI	Run /./.github/actions/status-check	    "result": "success",
Status Check - Keycloak CI	Run /./.github/actions/status-check	    "outputs": {}
Status Check - Keycloak CI	Run /./.github/actions/status-check	  },
Status Check - Keycloak CI	Run /./.github/actions/status-check	  "store-model-tests": {
Status Check - Keycloak CI	Run /./.github/actions/status-check	    "result": "success",
Status Check - Keycloak CI	Run /./.github/actions/status-check	    "outputs": {}
Status Check - Keycloak CI	Run /./.github/actions/status-check	  },
Status Check - Keycloak CI	Run /./.github/actions/status-check	  "clustering-integration-tests": {
Status Check - Keycloak CI	Run /./.github/actions/status-check	    "result": "success",
Status Check - Keycloak CI	Run /./.github/actions/status-check	    "outputs": {}
Status Check - Keycloak CI	Run /./.github/actions/status-check	  },
Status Check - Keycloak CI	Run /./.github/actions/status-check	  "fips-unit-tests": {
Status Check - Keycloak CI	Run /./.github/actions/status-check	    "result": "success",
Status Check - Keycloak CI	Run /./.github/actions/status-check	    "outputs": {}
Status Check - Keycloak CI	Run /./.github/actions/status-check	  },
Status Check - Keycloak CI	Run /./.github/actions/status-check	  "fips-integration-tests": {
Status Check - Keycloak CI	Run /./.github/actions/status-check	    "result": "success",
Status Check - Keycloak CI	Run /./.github/actions/status-check	    "outputs": {}
Status Check - Keycloak CI	Run /./.github/actions/status-check	  },
Status Check - Keycloak CI	Run /./.github/actions/status-check	  "forms-integration-tests": {
Status Check - Keycloak CI	Run /./.github/actions/status-check	    "result": "success",
Status Check - Keycloak CI	Run /./.github/actions/status-check	    "outputs": {}
Status Check - Keycloak CI	Run /./.github/actions/status-check	  },
Status Check - Keycloak CI	Run /./.github/actions/status-check	  "webauthn-integration-tests": {
Status Check - Keycloak CI	Run /./.github/actions/status-check	    "result": "success",
Status Check - Keycloak CI	Run /./.github/actions/status-check	    "outputs": {}
Status Check - Keycloak CI	Run /./.github/actions/status-check	  },
Status Check - Keycloak CI	Run /./.github/actions/status-check	  "sssd-unit-tests": {
Status Check - Keycloak CI	Run /./.github/actions/status-check	    "result": "success",
Status Check - Keycloak CI	Run /./.github/actions/status-check	    "outputs": {}
Status Check - Keycloak CI	Run /./.github/actions/status-check	  },
Status Check - Keycloak CI	Run /./.github/actions/status-check	  "migration-tests": {
Status Check - Keycloak CI	Run /./.github/actions/status-check	    "result": "success",
Status Check - Keycloak CI	Run /./.github/actions/status-check	    "outputs": {}
Status Check - Keycloak CI	Run /./.github/actions/status-check	  }
Status Check - Keycloak CI	Run /./.github/actions/status-check	}
Status Check - Keycloak CI	Run /./.github/actions/status-check	2024-06-09T02:18:49.2266090Z env:
Status Check - Keycloak CI	Run /./.github/actions/status-check	2024-06-09T02:18:49.2266559Z   MAVEN_ARGS: -B -nsu -Daether.connector.http.connectionMaxTtl=25
Status Check - Keycloak CI	Run /./.github/actions/status-check	2024-06-09T02:18:49.2267123Z   SUREFIRE_RERUN_FAILING_COUNT: 2
Status Check - Keycloak CI	Run /./.github/actions/status-check	2024-06-09T02:18:49.2267640Z   SUREFIRE_RETRY: -Dsurefire.rerunFailingTestsCount=2
Status Check - Keycloak CI	Run /./.github/actions/status-check	2024-06-09T02:18:49.2268143Z ##[endgroup]
Status Check - Keycloak CI	Run /./.github/actions/status-check	2024-06-09T02:18:49.2515608Z ##[group]Run JOBS='{
Status Check - Keycloak CI	Run /./.github/actions/status-check	2024-06-09T02:18:49.2516236Z [36;1mJOBS='{[0m
Status Check - Keycloak CI	Run /./.github/actions/status-check	2024-06-09T02:18:49.2516622Z [36;1m  "conditional": {[0m
Status Check - Keycloak CI	Run /./.github/actions/status-check	2024-06-09T02:18:49.2517041Z [36;1m    "result": "success",[0m
Status Check - Keycloak CI	Run /./.github/actions/status-check	2024-06-09T02:18:49.2517536Z [36;1m    "outputs": {[0m
Status Check - Keycloak CI	Run /./.github/actions/status-check	2024-06-09T02:18:49.2517876Z [36;1m      "ci": "true",[0m
Status Check - Keycloak CI	Run /./.github/actions/status-check	2024-06-09T02:18:49.2518296Z [36;1m      "ci-quarkus": "true",[0m
Status Check - Keycloak CI	Run /./.github/actions/status-check	2024-06-09T02:18:49.2518806Z [36;1m      "ci-sssd": "true",[0m
Status Check - Keycloak CI	Run /./.github/actions/status-check	2024-06-09T02:18:49.2519180Z [36;1m      "ci-store": "true",[0m
Status Check - Keycloak CI	Run /./.github/actions/status-check	2024-06-09T02:18:49.2519911Z [36;1m      "ci-store-matrix": "[\"postgres\",\"mysql\",\"oracle\",\"mssql\",\"mariadb\",\"aurora-postgres\"]",[0m
Status Check - Keycloak CI	Run /./.github/actions/status-check	2024-06-09T02:18:49.2520726Z [36;1m      "ci-webauthn": "true"[0m
Status Check - Keycloak CI	Run /./.github/actions/status-check	2024-06-09T02:18:49.2521099Z [36;1m    }[0m
Status Check - Keycloak CI	Run /./.github/actions/status-check	2024-06-09T02:18:49.2521440Z [36;1m  },[0m
Status Check - Keycloak CI	Run /./.github/actions/status-check	2024-06-09T02:18:49.2521833Z [36;1m  "build": {[0m
Status Check - Keycloak CI	Run /./.github/actions/status-check	2024-06-09T02:18:49.2522176Z [36;1m    "result": "success",[0m
Status Check - Keycloak CI	Run /./.github/actions/status-check	2024-06-09T02:18:49.2522582Z [36;1m    "outputs": {}[0m
Status Check - Keycloak CI	Run /./.github/actions/status-check	2024-06-09T02:18:49.2523010Z [36;1m  },[0m
Status Check - Keycloak CI	Run /./.github/actions/status-check	2024-06-09T02:18:49.2523319Z [36;1m  "unit-tests": {[0m
Status Check - Keycloak CI	Run /./.github/actions/status-check	2024-06-09T02:18:49.2523694Z [36;1m    "result": "success",[0m
Status Check - Keycloak CI	Run /./.github/actions/status-check	2024-06-09T02:18:49.2524147Z [36;1m    "outputs": {}[0m
Status Check - Keycloak CI	Run /./.github/actions/status-check	2024-06-09T02:18:49.2524481Z [36;1m  },[0m
Status Check - Keycloak CI	Run /./.github/actions/status-check	2024-06-09T02:18:49.2524833Z [36;1m  "base-integration-tests": {[0m
Status Check - Keycloak CI	Run /./.github/actions/status-check	2024-06-09T02:18:49.2525326Z [36;1m    "result": "success",[0m
Status Check - Keycloak CI	Run /./.github/actions/status-check	2024-06-09T02:18:49.2525703Z [36;1m    "outputs": {}[0m
Status Check - Keycloak CI	Run /./.github/actions/status-check	2024-06-09T02:18:49.2526059Z [36;1m  },[0m
Status Check - Keycloak CI	Run /./.github/actions/status-check	2024-06-09T02:18:49.2526502Z [36;1m  "adapter-integration-tests": {[0m
Status Check - Keycloak CI	Run /./.github/actions/status-check	2024-06-09T02:18:49.2526934Z [36;1m    "result": "success",[0m
Status Check - Keycloak CI	Run /./.github/actions/status-check	2024-06-09T02:18:49.2527332Z [36;1m    "outputs": {}[0m
Status Check - Keycloak CI	Run /./.github/actions/status-check	2024-06-09T02:18:49.2527767Z [36;1m  },[0m
Status Check - Keycloak CI	Run /./.github/actions/status-check	2024-06-09T02:18:49.2528072Z [36;1m  "quarkus-unit-tests": {[0m
Status Check - Keycloak CI	Run /./.github/actions/status-check	2024-06-09T02:18:49.2528485Z [36;1m    "result": "success",[0m
Status Check - Keycloak CI	Run /./.github/actions/status-check	2024-06-09T02:18:49.2528962Z [36;1m    "outputs": {}[0m
Status Check - Keycloak CI	Run /./.github/actions/status-check	2024-06-09T02:18:49.2529282Z [36;1m  },[0m
Status Check - Keycloak CI	Run /./.github/actions/status-check	2024-06-09T02:18:49.2529896Z [36;1m  "quarkus-integration-tests": {[0m
Status Check - Keycloak CI	Run /./.github/actions/status-check	2024-06-09T02:18:49.2530446Z [36;1m    "result": "success",[0m
Status Check - Keycloak CI	Run /./.github/actions/status-check	2024-06-09T02:18:49.2530807Z [36;1m    "outputs": {}[0m
Status Check - Keycloak CI	Run /./.github/actions/status-check	2024-06-09T02:18:49.2531178Z [36;1m  },[0m
Status Check - Keycloak CI	Run /./.github/actions/status-check	2024-06-09T02:18:49.2531584Z [36;1m  "jdk-integration-tests": {[0m
Status Check - Keycloak CI	Run /./.github/actions/status-check	2024-06-09T02:18:49.2531975Z [36;1m    "result": "success",[0m
Status Check - Keycloak CI	Run /./.github/actions/status-check	2024-06-09T02:18:49.2532385Z [36;1m    "outputs": {}[0m
Status Check - Keycloak CI	Run /./.github/actions/status-check	2024-06-09T02:18:49.2532801Z [36;1m  },[0m
Status Check - Keycloak CI	Run /./.github/actions/status-check	2024-06-09T02:18:49.2533117Z [36;1m  "store-integration-tests": {[0m
Status Check - Keycloak CI	Run /./.github/actions/status-check	2024-06-09T02:18:49.2533565Z [36;1m    "result": "failure",[0m
Status Check - Keycloak CI	Run /./.github/actions/status-check	2024-06-09T02:18:49.2534025Z [36;1m    "outputs": {}[0m
Status Check - Keycloak CI	Run /./.github/actions/status-check	2024-06-09T02:18:49.2534526Z [36;1m  },[0m
Status Check - Keycloak CI	Run /./.github/actions/status-check	2024-06-09T02:18:49.2534910Z [36;1m  "persistent-sessions-tests": {[0m
Status Check - Keycloak CI	Run /./.github/actions/status-check	2024-06-09T02:18:49.2535427Z [36;1m    "result": "success",[0m
Status Check - Keycloak CI	Run /./.github/actions/status-check	2024-06-09T02:18:49.2535797Z [36;1m    "outputs": {}[0m
Status Check - Keycloak CI	Run /./.github/actions/status-check	2024-06-09T02:18:49.2536149Z [36;1m  },[0m
Status Check - Keycloak CI	Run /./.github/actions/status-check	2024-06-09T02:18:49.2536549Z [36;1m  "store-model-tests": {[0m
Status Check - Keycloak CI	Run /./.github/actions/status-check	2024-06-09T02:18:49.2536944Z [36;1m    "result": "success",[0m
Status Check - Keycloak CI	Run /./.github/actions/status-check	2024-06-09T02:18:49.2537411Z [36;1m    "outputs": {}[0m
Status Check - Keycloak CI	Run /./.github/actions/status-check	2024-06-09T02:18:49.2537845Z [36;1m  },[0m
Status Check - Keycloak CI	Run /./.github/actions/status-check	2024-06-09T02:18:49.2538232Z [36;1m  "clustering-integration-tests": {[0m
Status Check - Keycloak CI	Run /./.github/actions/status-check	2024-06-09T02:18:49.2538699Z [36;1m    "result": "success",[0m
Status Check - Keycloak CI	Run /./.github/actions/status-check	2024-06-09T02:18:49.2539165Z [36;1m    "outputs": {}[0m
Status Check - Keycloak CI	Run /./.github/actions/status-check	2024-06-09T02:18:49.2539534Z [36;1m  },[0m
Status Check - Keycloak CI	Run /./.github/actions/status-check	2024-06-09T02:18:49.2539824Z [36;1m  "fips-unit-tests": {[0m
Status Check - Keycloak CI	Run /./.github/actions/status-check	2024-06-09T02:18:49.2540300Z [36;1m    "result": "success",[0m
Status Check - Keycloak CI	Run /./.github/actions/status-check	2024-06-09T02:18:49.2540690Z [36;1m    "outputs": {}[0m
Status Check - Keycloak CI	Run /./.github/actions/status-check	2024-06-09T02:18:49.2541005Z [36;1m  },[0m
Status Check - Keycloak CI	Run /./.github/actions/status-check	2024-06-09T02:18:49.2541435Z [36;1m  "fips-integration-tests": {[0m
Status Check - Keycloak CI	Run /./.github/actions/status-check	2024-06-09T02:18:49.2541862Z [36;1m    "result": "success",[0m
Status Check - Keycloak CI	Run /./.github/actions/status-check	2024-06-09T02:18:49.2542215Z [36;1m    "outputs": {}[0m
Status Check - Keycloak CI	Run /./.github/actions/status-check	2024-06-09T02:18:49.2542676Z [36;1m  },[0m
Status Check - Keycloak CI	Run /./.github/actions/status-check	2024-06-09T02:18:49.2543026Z [36;1m  "forms-integration-tests": {[0m
Status Check - Keycloak CI	Run /./.github/actions/status-check	2024-06-09T02:18:49.2543424Z [36;1m    "result": "success",[0m
Status Check - Keycloak CI	Run /./.github/actions/status-check	2024-06-09T02:18:49.2543895Z [36;1m    "outputs": {}[0m
Status Check - Keycloak CI	Run /./.github/actions/status-check	2024-06-09T02:18:49.2544244Z [36;1m  },[0m
Status Check - Keycloak CI	Run /./.github/actions/status-check	2024-06-09T02:18:49.2544664Z [36;1m  "webauthn-integration-tests": {[0m
Status Check - Keycloak CI	Run /./.github/actions/status-check	2024-06-09T02:18:49.2545216Z [36;1m    "result": "success",[0m
Status Check - Keycloak CI	Run /./.github/actions/status-check	2024-06-09T02:18:49.2545605Z [36;1m    "outputs": {}[0m
Status Check - Keycloak CI	Run /./.github/actions/status-check	2024-06-09T02:18:49.2545941Z [36;1m  },[0m
Status Check - Keycloak CI	Run /./.github/actions/status-check	2024-06-09T02:18:49.2546341Z [36;1m  "sssd-unit-tests": {[0m
Status Check - Keycloak CI	Run /./.github/actions/status-check	2024-06-09T02:18:49.2546737Z [36;1m    "result": "success",[0m
Status Check - Keycloak CI	Run /./.github/actions/status-check	2024-06-09T02:18:49.2547246Z [36;1m    "outputs": {}[0m
Status Check - Keycloak CI	Run /./.github/actions/status-check	2024-06-09T02:18:49.2547565Z [36;1m  },[0m
Status Check - Keycloak CI	Run /./.github/actions/status-check	2024-06-09T02:18:49.2547893Z [36;1m  "migration-tests": {[0m
Status Check - Keycloak CI	Run /./.github/actions/status-check	2024-06-09T02:18:49.2548370Z [36;1m    "result": "success",[0m
Status Check - Keycloak CI	Run /./.github/actions/status-check	2024-06-09T02:18:49.2548727Z [36;1m    "outputs": {}[0m
Status Check - Keycloak CI	Run /./.github/actions/status-check	2024-06-09T02:18:49.2549076Z [36;1m  }[0m
Status Check - Keycloak CI	Run /./.github/actions/status-check	2024-06-09T02:18:49.2549618Z [36;1m}'[0m
Status Check - Keycloak CI	Run /./.github/actions/status-check	2024-06-09T02:18:49.2549913Z [36;1m[0m
Status Check - Keycloak CI	Run /./.github/actions/status-check	2024-06-09T02:18:49.2550255Z [36;1mecho "Job status:"[0m
Status Check - Keycloak CI	Run /./.github/actions/status-check	2024-06-09T02:18:49.2550893Z [36;1mecho $JOBS | jq -r 'to_entries[] | " - \(.key): \(.value.result)"'[0m
Status Check - Keycloak CI	Run /./.github/actions/status-check	2024-06-09T02:18:49.2551422Z [36;1m[0m
Status Check - Keycloak CI	Run /./.github/actions/status-check	2024-06-09T02:18:49.2551907Z [36;1mfor i in $(echo $JOBS | jq -r 'to_entries[] | .value.result'); do[0m
Status Check - Keycloak CI	Run /./.github/actions/status-check	2024-06-09T02:18:49.2552660Z [36;1m  if [ "$i" != "success" ] && [ "$i" != "skipped" ]; then[0m
Status Check - Keycloak CI	Run /./.github/actions/status-check	2024-06-09T02:18:49.2553129Z [36;1m    echo ""[0m
Status Check - Keycloak CI	Run /./.github/actions/status-check	2024-06-09T02:18:49.2553534Z [36;1m    echo "Status check not okay!"[0m
Status Check - Keycloak CI	Run /./.github/actions/status-check	2024-06-09T02:18:49.2554028Z [36;1m    exit 1[0m
Status Check - Keycloak CI	Run /./.github/actions/status-check	2024-06-09T02:18:49.2554329Z [36;1m  fi[0m
Status Check - Keycloak CI	Run /./.github/actions/status-check	2024-06-09T02:18:49.2554660Z [36;1mdone[0m
Status Check - Keycloak CI	Run /./.github/actions/status-check	2024-06-09T02:18:49.2632719Z shell: /usr/bin/bash --noprofile --norc -e -o pipefail {0}
Status Check - Keycloak CI	Run /./.github/actions/status-check	2024-06-09T02:18:49.2633361Z env:
Status Check - Keycloak CI	Run /./.github/actions/status-check	2024-06-09T02:18:49.2633998Z   MAVEN_ARGS: -B -nsu -Daether.connector.http.connectionMaxTtl=25
Status Check - Keycloak CI	Run /./.github/actions/status-check	2024-06-09T02:18:49.2634603Z   SUREFIRE_RERUN_FAILING_COUNT: 2
Status Check - Keycloak CI	Run /./.github/actions/status-check	2024-06-09T02:18:49.2635150Z   SUREFIRE_RETRY: -Dsurefire.rerunFailingTestsCount=2
Status Check - Keycloak CI	Run /./.github/actions/status-check	2024-06-09T02:18:49.2635774Z ##[endgroup]
Status Check - Keycloak CI	Run /./.github/actions/status-check	2024-06-09T02:18:49.2780481Z Job status:
Status Check - Keycloak CI	Run /./.github/actions/status-check	2024-06-09T02:18:49.3001511Z  - conditional: success
Status Check - Keycloak CI	Run /./.github/actions/status-check	2024-06-09T02:18:49.3002508Z  - build: success
Status Check - Keycloak CI	Run /./.github/actions/status-check	2024-06-09T02:18:49.3003154Z  - unit-tests: success
Status Check - Keycloak CI	Run /./.github/actions/status-check	2024-06-09T02:18:49.3003622Z  - base-integration-tests: success
Status Check - Keycloak CI	Run /./.github/actions/status-check	2024-06-09T02:18:49.3004072Z  - adapter-integration-tests: success
Status Check - Keycloak CI	Run /./.github/actions/status-check	2024-06-09T02:18:49.3004619Z  - quarkus-unit-tests: success
Status Check - Keycloak CI	Run /./.github/actions/status-check	2024-06-09T02:18:49.3005090Z  - quarkus-integration-tests: success
Status Check - Keycloak CI	Run /./.github/actions/status-check	2024-06-09T02:18:49.3005525Z  - jdk-integration-tests: success
Status Check - Keycloak CI	Run /./.github/actions/status-check	2024-06-09T02:18:49.3006067Z  - store-integration-tests: failure
Status Check - Keycloak CI	Run /./.github/actions/status-check	2024-06-09T02:18:49.3006561Z  - persistent-sessions-tests: success
Status Check - Keycloak CI	Run /./.github/actions/status-check	2024-06-09T02:18:49.3006989Z  - store-model-tests: success
Status Check - Keycloak CI	Run /./.github/actions/status-check	2024-06-09T02:18:49.3007741Z  - clustering-integration-tests: success
Status Check - Keycloak CI	Run /./.github/actions/status-check	2024-06-09T02:18:49.3008213Z  - fips-unit-tests: success
Status Check - Keycloak CI	Run /./.github/actions/status-check	2024-06-09T02:18:49.3008744Z  - fips-integration-tests: success
Status Check - Keycloak CI	Run /./.github/actions/status-check	2024-06-09T02:18:49.3009615Z  - forms-integration-tests: success
Status Check - Keycloak CI	Run /./.github/actions/status-check	2024-06-09T02:18:49.3010409Z  - webauthn-integration-tests: success
Status Check - Keycloak CI	Run /./.github/actions/status-check	2024-06-09T02:18:49.3011120Z  - sssd-unit-tests: success
Status Check - Keycloak CI	Run /./.github/actions/status-check	2024-06-09T02:18:49.3011892Z  - migration-tests: success
Status Check - Keycloak CI	Run /./.github/actions/status-check	2024-06-09T02:18:49.3207567Z 
Status Check - Keycloak CI	Run /./.github/actions/status-check	2024-06-09T02:18:49.3208102Z Status check not okay!
Status Check - Keycloak CI	Run /./.github/actions/status-check	2024-06-09T02:18:49.3223205Z ##[error]Process completed with exit code 1.
