Admin UI E2E (firefox)	Upload Playwright report	2025-03-14T00:53:04.8554324Z ##[group]Run actions/upload-artifact@v4
Admin UI E2E (firefox)	Upload Playwright report	2025-03-14T00:53:04.8554612Z with:
Admin UI E2E (firefox)	Upload Playwright report	2025-03-14T00:53:04.8554817Z   name: admin-ui-playwright-report
Admin UI E2E (firefox)	Upload Playwright report	2025-03-14T00:53:04.8555105Z   path: js/apps/admin-ui/playwright-report
Admin UI E2E (firefox)	Upload Playwright report	2025-03-14T00:53:04.8555366Z   retention-days: 30
Admin UI E2E (firefox)	Upload Playwright report	2025-03-14T00:53:04.8555572Z   if-no-files-found: warn
Admin UI E2E (firefox)	Upload Playwright report	2025-03-14T00:53:04.8555783Z   compression-level: 6
Admin UI E2E (firefox)	Upload Playwright report	2025-03-14T00:53:04.8555983Z   overwrite: false
Admin UI E2E (firefox)	Upload Playwright report	2025-03-14T00:53:04.8556205Z   include-hidden-files: false
Admin UI E2E (firefox)	Upload Playwright report	2025-03-14T00:53:04.8556419Z env:
Admin UI E2E (firefox)	Upload Playwright report	2025-03-14T00:53:04.8556996Z   MAVEN_ARGS: -B -nsu -Daether.connector.http.connectionMaxTtl=25
Admin UI E2E (firefox)	Upload Playwright report	2025-03-14T00:53:04.8557336Z   RETRY_COUNT: 3
Admin UI E2E (firefox)	Upload Playwright report	2025-03-14T00:53:04.8557537Z   WORKSPACE: keycloak-admin-ui
Admin UI E2E (firefox)	Upload Playwright report	2025-03-14T00:53:04.8557867Z   JAVA_HOME: /opt/hostedtoolcache/Java_Temurin-Hotspot_jdk/21.0.6-7/x64
Admin UI E2E (firefox)	Upload Playwright report	2025-03-14T00:53:04.8558347Z   JAVA_HOME_21_X64: /opt/hostedtoolcache/Java_Temurin-Hotspot_jdk/21.0.6-7/x64
Admin UI E2E (firefox)	Upload Playwright report	2025-03-14T00:53:04.8558693Z ##[endgroup]
Admin UI E2E (firefox)	Upload Playwright report	2025-03-14T00:53:05.0751223Z With the provided path, there will be 26 files uploaded
Admin UI E2E (firefox)	Upload Playwright report	2025-03-14T00:53:05.0755605Z Artifact name is valid!
Admin UI E2E (firefox)	Upload Playwright report	2025-03-14T00:53:05.0756781Z Root directory input is valid!
Admin UI E2E (firefox)	Upload Playwright report	2025-03-14T00:53:05.3332426Z ##[error]Failed to CreateArtifact: Received non-retryable error: Failed request: (409) Conflict: an artifact with this name already exists on the workflow run
Status Check - Keycloak JavaScript CI	Run /./.github/actions/status-check	2025-03-14T00:53:22.1249271Z Prepare all required actions
Status Check - Keycloak JavaScript CI	Run /./.github/actions/status-check	2025-03-14T00:53:22.1312351Z ##[group]Run ./.github/actions/status-check
Status Check - Keycloak JavaScript CI	Run /./.github/actions/status-check	2025-03-14T00:53:22.1312691Z with:
Status Check - Keycloak JavaScript CI	Run /./.github/actions/status-check	2025-03-14T00:53:22.1313867Z   jobs: {
Status Check - Keycloak JavaScript CI	Run /./.github/actions/status-check	  "conditional": {
Status Check - Keycloak JavaScript CI	Run /./.github/actions/status-check	    "result": "success",
Status Check - Keycloak JavaScript CI	Run /./.github/actions/status-check	    "outputs": {
Status Check - Keycloak JavaScript CI	Run /./.github/actions/status-check	      "js-ci": "true"
Status Check - Keycloak JavaScript CI	Run /./.github/actions/status-check	    }
Status Check - Keycloak JavaScript CI	Run /./.github/actions/status-check	  },
Status Check - Keycloak JavaScript CI	Run /./.github/actions/status-check	  "build-keycloak": {
Status Check - Keycloak JavaScript CI	Run /./.github/actions/status-check	    "result": "success",
Status Check - Keycloak JavaScript CI	Run /./.github/actions/status-check	    "outputs": {}
Status Check - Keycloak JavaScript CI	Run /./.github/actions/status-check	  },
Status Check - Keycloak JavaScript CI	Run /./.github/actions/status-check	  "admin-client": {
Status Check - Keycloak JavaScript CI	Run /./.github/actions/status-check	    "result": "success",
Status Check - Keycloak JavaScript CI	Run /./.github/actions/status-check	    "outputs": {}
Status Check - Keycloak JavaScript CI	Run /./.github/actions/status-check	  },
Status Check - Keycloak JavaScript CI	Run /./.github/actions/status-check	  "ui-shared": {
Status Check - Keycloak JavaScript CI	Run /./.github/actions/status-check	    "result": "success",
Status Check - Keycloak JavaScript CI	Run /./.github/actions/status-check	    "outputs": {}
Status Check - Keycloak JavaScript CI	Run /./.github/actions/status-check	  },
Status Check - Keycloak JavaScript CI	Run /./.github/actions/status-check	  "account-ui": {
Status Check - Keycloak JavaScript CI	Run /./.github/actions/status-check	    "result": "success",
Status Check - Keycloak JavaScript CI	Run /./.github/actions/status-check	    "outputs": {}
Status Check - Keycloak JavaScript CI	Run /./.github/actions/status-check	  },
Status Check - Keycloak JavaScript CI	Run /./.github/actions/status-check	  "account-ui-e2e": {
Status Check - Keycloak JavaScript CI	Run /./.github/actions/status-check	    "result": "success",
Status Check - Keycloak JavaScript CI	Run /./.github/actions/status-check	    "outputs": {}
Status Check - Keycloak JavaScript CI	Run /./.github/actions/status-check	  },
Status Check - Keycloak JavaScript CI	Run /./.github/actions/status-check	  "admin-ui": {
Status Check - Keycloak JavaScript CI	Run /./.github/actions/status-check	    "result": "success",
Status Check - Keycloak JavaScript CI	Run /./.github/actions/status-check	    "outputs": {}
Status Check - Keycloak JavaScript CI	Run /./.github/actions/status-check	  },
Status Check - Keycloak JavaScript CI	Run /./.github/actions/status-check	  "admin-ui-e2e": {
Status Check - Keycloak JavaScript CI	Run /./.github/actions/status-check	    "result": "failure",
Status Check - Keycloak JavaScript CI	Run /./.github/actions/status-check	    "outputs": {}
Status Check - Keycloak JavaScript CI	Run /./.github/actions/status-check	  }
Status Check - Keycloak JavaScript CI	Run /./.github/actions/status-check	}
Status Check - Keycloak JavaScript CI	Run /./.github/actions/status-check	2025-03-14T00:53:22.1315331Z env:
Status Check - Keycloak JavaScript CI	Run /./.github/actions/status-check	2025-03-14T00:53:22.1315634Z   MAVEN_ARGS: -B -nsu -Daether.connector.http.connectionMaxTtl=25
Status Check - Keycloak JavaScript CI	Run /./.github/actions/status-check	2025-03-14T00:53:22.1315996Z   RETRY_COUNT: 3
Status Check - Keycloak JavaScript CI	Run /./.github/actions/status-check	2025-03-14T00:53:22.1316222Z ##[endgroup]
Status Check - Keycloak JavaScript CI	Run /./.github/actions/status-check	2025-03-14T00:53:22.1409883Z ##[group]Run JOBS='{
Status Check - Keycloak JavaScript CI	Run /./.github/actions/status-check	2025-03-14T00:53:22.1410299Z [36;1mJOBS='{[0m
Status Check - Keycloak JavaScript CI	Run /./.github/actions/status-check	2025-03-14T00:53:22.1410545Z [36;1m  "conditional": {[0m
Status Check - Keycloak JavaScript CI	Run /./.github/actions/status-check	2025-03-14T00:53:22.1410829Z [36;1m    "result": "success",[0m
Status Check - Keycloak JavaScript CI	Run /./.github/actions/status-check	2025-03-14T00:53:22.1411106Z [36;1m    "outputs": {[0m
Status Check - Keycloak JavaScript CI	Run /./.github/actions/status-check	2025-03-14T00:53:22.1411361Z [36;1m      "js-ci": "true"[0m
Status Check - Keycloak JavaScript CI	Run /./.github/actions/status-check	2025-03-14T00:53:22.1411610Z [36;1m    }[0m
Status Check - Keycloak JavaScript CI	Run /./.github/actions/status-check	2025-03-14T00:53:22.1411832Z [36;1m  },[0m
Status Check - Keycloak JavaScript CI	Run /./.github/actions/status-check	2025-03-14T00:53:22.1412073Z [36;1m  "build-keycloak": {[0m
Status Check - Keycloak JavaScript CI	Run /./.github/actions/status-check	2025-03-14T00:53:22.1412332Z [36;1m    "result": "success",[0m
Status Check - Keycloak JavaScript CI	Run /./.github/actions/status-check	2025-03-14T00:53:22.1412604Z [36;1m    "outputs": {}[0m
Status Check - Keycloak JavaScript CI	Run /./.github/actions/status-check	2025-03-14T00:53:22.1412848Z [36;1m  },[0m
Status Check - Keycloak JavaScript CI	Run /./.github/actions/status-check	2025-03-14T00:53:22.1413072Z [36;1m  "admin-client": {[0m
Status Check - Keycloak JavaScript CI	Run /./.github/actions/status-check	2025-03-14T00:53:22.1413336Z [36;1m    "result": "success",[0m
Status Check - Keycloak JavaScript CI	Run /./.github/actions/status-check	2025-03-14T00:53:22.1413613Z [36;1m    "outputs": {}[0m
Status Check - Keycloak JavaScript CI	Run /./.github/actions/status-check	2025-03-14T00:53:22.1413855Z [36;1m  },[0m
Status Check - Keycloak JavaScript CI	Run /./.github/actions/status-check	2025-03-14T00:53:22.1414070Z [36;1m  "ui-shared": {[0m
Status Check - Keycloak JavaScript CI	Run /./.github/actions/status-check	2025-03-14T00:53:22.1414324Z [36;1m    "result": "success",[0m
Status Check - Keycloak JavaScript CI	Run /./.github/actions/status-check	2025-03-14T00:53:22.1414588Z [36;1m    "outputs": {}[0m
Status Check - Keycloak JavaScript CI	Run /./.github/actions/status-check	2025-03-14T00:53:22.1414828Z [36;1m  },[0m
Status Check - Keycloak JavaScript CI	Run /./.github/actions/status-check	2025-03-14T00:53:22.1415045Z [36;1m  "account-ui": {[0m
Status Check - Keycloak JavaScript CI	Run /./.github/actions/status-check	2025-03-14T00:53:22.1415296Z [36;1m    "result": "success",[0m
Status Check - Keycloak JavaScript CI	Run /./.github/actions/status-check	2025-03-14T00:53:22.1415557Z [36;1m    "outputs": {}[0m
Status Check - Keycloak JavaScript CI	Run /./.github/actions/status-check	2025-03-14T00:53:22.1415796Z [36;1m  },[0m
Status Check - Keycloak JavaScript CI	Run /./.github/actions/status-check	2025-03-14T00:53:22.1416009Z [36;1m  "account-ui-e2e": {[0m
Status Check - Keycloak JavaScript CI	Run /./.github/actions/status-check	2025-03-14T00:53:22.1416273Z [36;1m    "result": "success",[0m
Status Check - Keycloak JavaScript CI	Run /./.github/actions/status-check	2025-03-14T00:53:22.1416535Z [36;1m    "outputs": {}[0m
Status Check - Keycloak JavaScript CI	Run /./.github/actions/status-check	2025-03-14T00:53:22.1416770Z [36;1m  },[0m
Status Check - Keycloak JavaScript CI	Run /./.github/actions/status-check	2025-03-14T00:53:22.1416986Z [36;1m  "admin-ui": {[0m
Status Check - Keycloak JavaScript CI	Run /./.github/actions/status-check	2025-03-14T00:53:22.1417227Z [36;1m    "result": "success",[0m
Status Check - Keycloak JavaScript CI	Run /./.github/actions/status-check	2025-03-14T00:53:22.1417492Z [36;1m    "outputs": {}[0m
Status Check - Keycloak JavaScript CI	Run /./.github/actions/status-check	2025-03-14T00:53:22.1417728Z [36;1m  },[0m
Status Check - Keycloak JavaScript CI	Run /./.github/actions/status-check	2025-03-14T00:53:22.1418095Z [36;1m  "admin-ui-e2e": {[0m
Status Check - Keycloak JavaScript CI	Run /./.github/actions/status-check	2025-03-14T00:53:22.1418350Z [36;1m    "result": "failure",[0m
Status Check - Keycloak JavaScript CI	Run /./.github/actions/status-check	2025-03-14T00:53:22.1418603Z [36;1m    "outputs": {}[0m
Status Check - Keycloak JavaScript CI	Run /./.github/actions/status-check	2025-03-14T00:53:22.1418840Z [36;1m  }[0m
Status Check - Keycloak JavaScript CI	Run /./.github/actions/status-check	2025-03-14T00:53:22.1419048Z [36;1m}'[0m
Status Check - Keycloak JavaScript CI	Run /./.github/actions/status-check	2025-03-14T00:53:22.1419260Z [36;1m[0m
Status Check - Keycloak JavaScript CI	Run /./.github/actions/status-check	2025-03-14T00:53:22.1419488Z [36;1mecho "Job status:"[0m
Status Check - Keycloak JavaScript CI	Run /./.github/actions/status-check	2025-03-14T00:53:22.1419851Z [36;1mecho $JOBS | jq -r 'to_entries[] | " - \(.key): \(.value.result)"'[0m
Status Check - Keycloak JavaScript CI	Run /./.github/actions/status-check	2025-03-14T00:53:22.1420213Z [36;1m[0m
Status Check - Keycloak JavaScript CI	Run /./.github/actions/status-check	2025-03-14T00:53:22.1420544Z [36;1mfor i in $(echo $JOBS | jq -r 'to_entries[] | .value.result'); do[0m
Status Check - Keycloak JavaScript CI	Run /./.github/actions/status-check	2025-03-14T00:53:22.1420953Z [36;1m  if [ "$i" != "success" ] && [ "$i" != "skipped" ]; then[0m
Status Check - Keycloak JavaScript CI	Run /./.github/actions/status-check	2025-03-14T00:53:22.1421272Z [36;1m    echo ""[0m
Status Check - Keycloak JavaScript CI	Run /./.github/actions/status-check	2025-03-14T00:53:22.1421525Z [36;1m    echo "Status check not okay!"[0m
Status Check - Keycloak JavaScript CI	Run /./.github/actions/status-check	2025-03-14T00:53:22.1421802Z [36;1m    exit 1[0m
Status Check - Keycloak JavaScript CI	Run /./.github/actions/status-check	2025-03-14T00:53:22.1422020Z [36;1m  fi[0m
Status Check - Keycloak JavaScript CI	Run /./.github/actions/status-check	2025-03-14T00:53:22.1422230Z [36;1mdone[0m
Status Check - Keycloak JavaScript CI	Run /./.github/actions/status-check	2025-03-14T00:53:22.1473779Z shell: /usr/bin/bash --noprofile --norc -e -o pipefail {0}
Status Check - Keycloak JavaScript CI	Run /./.github/actions/status-check	2025-03-14T00:53:22.1474211Z env:
Status Check - Keycloak JavaScript CI	Run /./.github/actions/status-check	2025-03-14T00:53:22.1474523Z   MAVEN_ARGS: -B -nsu -Daether.connector.http.connectionMaxTtl=25
Status Check - Keycloak JavaScript CI	Run /./.github/actions/status-check	2025-03-14T00:53:22.1474895Z   RETRY_COUNT: 3
Status Check - Keycloak JavaScript CI	Run /./.github/actions/status-check	2025-03-14T00:53:22.1475163Z ##[endgroup]
Status Check - Keycloak JavaScript CI	Run /./.github/actions/status-check	2025-03-14T00:53:22.1558105Z Job status:
Status Check - Keycloak JavaScript CI	Run /./.github/actions/status-check	2025-03-14T00:53:22.1622654Z  - conditional: success
Status Check - Keycloak JavaScript CI	Run /./.github/actions/status-check	2025-03-14T00:53:22.1623218Z  - build-keycloak: success
Status Check - Keycloak JavaScript CI	Run /./.github/actions/status-check	2025-03-14T00:53:22.1623573Z  - admin-client: success
Status Check - Keycloak JavaScript CI	Run /./.github/actions/status-check	2025-03-14T00:53:22.1623840Z  - ui-shared: success
Status Check - Keycloak JavaScript CI	Run /./.github/actions/status-check	2025-03-14T00:53:22.1624098Z  - account-ui: success
Status Check - Keycloak JavaScript CI	Run /./.github/actions/status-check	2025-03-14T00:53:22.1624358Z  - account-ui-e2e: success
Status Check - Keycloak JavaScript CI	Run /./.github/actions/status-check	2025-03-14T00:53:22.1624610Z  - admin-ui: success
Status Check - Keycloak JavaScript CI	Run /./.github/actions/status-check	2025-03-14T00:53:22.1624852Z  - admin-ui-e2e: failure
Status Check - Keycloak JavaScript CI	Run /./.github/actions/status-check	2025-03-14T00:53:22.1656829Z 
Status Check - Keycloak JavaScript CI	Run /./.github/actions/status-check	2025-03-14T00:53:22.1657073Z Status check not okay!
Status Check - Keycloak JavaScript CI	Run /./.github/actions/status-check	2025-03-14T00:53:22.1669184Z ##[error]Process completed with exit code 1.
