Test OLM installation	Arrange OLM test installation	2025-05-28T18:10:33.1540744Z ##[group]Run eval $(minikube -p minikube docker-env)
Test OLM installation	Arrange OLM test installation	2025-05-28T18:10:33.1541308Z [36;1meval $(minikube -p minikube docker-env)[0m
Test OLM installation	Arrange OLM test installation	2025-05-28T18:10:33.1541742Z [36;1m./scripts/olm-testing.sh ${GITHUB_SHA::6}[0m
Test OLM installation	Arrange OLM test installation	2025-05-28T18:10:33.1595021Z shell: /usr/bin/bash --noprofile --norc -e -o pipefail {0}
Test OLM installation	Arrange OLM test installation	2025-05-28T18:10:33.1595344Z env:
Test OLM installation	Arrange OLM test installation	2025-05-28T18:10:33.1595611Z   MAVEN_ARGS: -B -nsu -Daether.connector.http.connectionMaxTtl=25
Test OLM installation	Arrange OLM test installation	2025-05-28T18:10:33.1595944Z   MINIKUBE_VERSION: v1.32.0
Test OLM installation	Arrange OLM test installation	2025-05-28T18:10:33.1596170Z   KUBERNETES_VERSION: v1.27.10
Test OLM installation	Arrange OLM test installation	2025-05-28T18:10:33.1596391Z   MINIKUBE_MEMORY: 4096
Test OLM installation	Arrange OLM test installation	2025-05-28T18:10:33.1596693Z   JAVA_HOME: /opt/hostedtoolcache/Java_Temurin-Hotspot_jdk/21.0.7-6/x64
Test OLM installation	Arrange OLM test installation	2025-05-28T18:10:33.1597139Z   JAVA_HOME_21_X64: /opt/hostedtoolcache/Java_Temurin-Hotspot_jdk/21.0.7-6/x64
Test OLM installation	Arrange OLM test installation	2025-05-28T18:10:33.1597500Z   MINIKUBE_HOME: /home/runner/work/_temp
Test OLM installation	Arrange OLM test installation	2025-05-28T18:10:33.1597736Z ##[endgroup]
Test OLM installation	Arrange OLM test installation	2025-05-28T18:10:33.4325228Z + UUID=9dedf5
Test OLM installation	Arrange OLM test installation	2025-05-28T18:10:33.4325670Z + INSTALL_NAMESPACE=default
Test OLM installation	Arrange OLM test installation	2025-05-28T18:10:33.4326170Z + TARGET_NAMESPACES=default
Test OLM installation	Arrange OLM test installation	2025-05-28T18:10:33.4331220Z +++ dirname -- ./scripts/olm-testing.sh
Test OLM installation	Arrange OLM test installation	2025-05-28T18:10:33.4342439Z ++ cd -- ./scripts
Test OLM installation	Arrange OLM test installation	2025-05-28T18:10:33.4342806Z ++ pwd
Test OLM installation	Arrange OLM test installation	2025-05-28T18:10:33.4345287Z + SCRIPT_DIR=/home/runner/work/keycloak/keycloak/operator/scripts
Test OLM installation	Arrange OLM test installation	2025-05-28T18:10:33.4347640Z + VERSION=86400000.0.0
Test OLM installation	Arrange OLM test installation	2025-05-28T18:10:33.4348022Z + cd /home/runner/work/keycloak/keycloak/operator/scripts/../../quarkus/container
Test OLM installation	Arrange OLM test installation	2025-05-28T18:10:33.4351193Z ++ ls keycloak-999.0.0-SNAPSHOT.tar.gz
Test OLM installation	Arrange OLM test installation	2025-05-28T18:10:33.4364062Z + docker build --build-arg KEYCLOAK_DIST=keycloak-999.0.0-SNAPSHOT.tar.gz . -t ttl.sh/9dedf5keycloak:86400000.0.0
Test OLM installation	Arrange OLM test installation	2025-05-28T18:10:33.8044052Z #0 building with "default" instance using docker driver
Test OLM installation	Arrange OLM test installation	2025-05-28T18:10:33.8044520Z 
Test OLM installation	Arrange OLM test installation	2025-05-28T18:10:33.8044683Z #1 [internal] load .dockerignore
Test OLM installation	Arrange OLM test installation	2025-05-28T18:10:33.8044981Z #1 transferring context: 2B done
Test OLM installation	Arrange OLM test installation	2025-05-28T18:10:33.8045240Z #1 DONE 0.0s
Test OLM installation	Arrange OLM test installation	2025-05-28T18:10:33.8045356Z 
Test OLM installation	Arrange OLM test installation	2025-05-28T18:10:33.8045495Z #2 [internal] load build definition from Dockerfile
Test OLM installation	Arrange OLM test installation	2025-05-28T18:10:33.8045888Z #2 transferring dockerfile: 2.72kB done
Test OLM installation	Arrange OLM test installation	2025-05-28T18:10:33.8046160Z #2 DONE 0.0s
Test OLM installation	Arrange OLM test installation	2025-05-28T18:10:33.8046273Z 
Test OLM installation	Arrange OLM test installation	2025-05-28T18:10:33.8046473Z #3 [internal] load metadata for registry.access.redhat.com/ubi9:latest
Test OLM installation	Arrange OLM test installation	2025-05-28T18:10:34.5161289Z #3 DONE 0.9s
Test OLM installation	Arrange OLM test installation	2025-05-28T18:10:34.5161606Z 
Test OLM installation	Arrange OLM test installation	2025-05-28T18:10:34.5161867Z #4 [internal] load metadata for registry.access.redhat.com/ubi9-micro:latest
Test OLM installation	Arrange OLM test installation	2025-05-28T18:10:34.6463661Z #4 DONE 0.9s
Test OLM installation	Arrange OLM test installation	2025-05-28T18:10:34.6465567Z 
Test OLM installation	Arrange OLM test installation	2025-05-28T18:10:34.6466376Z #5 [ubi-micro-build 1/8] FROM registry.access.redhat.com/ubi9@sha256:304b50df1ea4db9706d8a30f4bbf26f582936ebc80c7e075c72ff2af99292a54
Test OLM installation	Arrange OLM test installation	2025-05-28T18:10:34.6467756Z #5 resolve registry.access.redhat.com/ubi9@sha256:304b50df1ea4db9706d8a30f4bbf26f582936ebc80c7e075c72ff2af99292a54 done
Test OLM installation	Arrange OLM test installation	2025-05-28T18:10:34.6468832Z #5 sha256:92efcdccd1058003df257e9cbdf756ff6b10bd276551590536a5a1678e099aaf 0B / 79.59MB 0.1s
Test OLM installation	Arrange OLM test installation	2025-05-28T18:10:34.6470016Z #5 sha256:304b50df1ea4db9706d8a30f4bbf26f582936ebc80c7e075c72ff2af99292a54 897B / 897B done
Test OLM installation	Arrange OLM test installation	2025-05-28T18:10:34.6471475Z #5 sha256:62fb429dc6b93ab5ade55d1c8e6b08735f00224d3081d58f161eb5f55eeb3d7d 505B / 505B done
Test OLM installation	Arrange OLM test installation	2025-05-28T18:10:34.6472515Z #5 sha256:83c48939c2c8782580d44062545386358defd2d5cc748b9b963bdb8a78046a46 5.06kB / 5.06kB done
Test OLM installation	Arrange OLM test installation	2025-05-28T18:10:34.8522354Z #5 sha256:92efcdccd1058003df257e9cbdf756ff6b10bd276551590536a5a1678e099aaf 5.24MB / 79.59MB 0.3s
Test OLM installation	Arrange OLM test installation	2025-05-28T18:10:34.9534214Z #5 sha256:92efcdccd1058003df257e9cbdf756ff6b10bd276551590536a5a1678e099aaf 14.90MB / 79.59MB 0.4s
Test OLM installation	Arrange OLM test installation	2025-05-28T18:10:35.0543946Z #5 sha256:92efcdccd1058003df257e9cbdf756ff6b10bd276551590536a5a1678e099aaf 23.07MB / 79.59MB 0.5s
Test OLM installation	Arrange OLM test installation	2025-05-28T18:10:35.1552488Z #5 sha256:92efcdccd1058003df257e9cbdf756ff6b10bd276551590536a5a1678e099aaf 32.51MB / 79.59MB 0.6s
Test OLM installation	Arrange OLM test installation	2025-05-28T18:10:35.2593883Z #5 sha256:92efcdccd1058003df257e9cbdf756ff6b10bd276551590536a5a1678e099aaf 40.89MB / 79.59MB 0.7s
Test OLM installation	Arrange OLM test installation	2025-05-28T18:10:35.3975845Z #5 sha256:92efcdccd1058003df257e9cbdf756ff6b10bd276551590536a5a1678e099aaf 49.24MB / 79.59MB 0.8s
Test OLM installation	Arrange OLM test installation	2025-05-28T18:10:35.5136785Z #5 ...
Test OLM installation	Arrange OLM test installation	2025-05-28T18:10:35.5137190Z 
Test OLM installation	Arrange OLM test installation	2025-05-28T18:10:35.5140526Z #6 [stage-1 1/4] FROM registry.access.redhat.com/ubi9-micro@sha256:955512628a9104d74f7b3b0a91db27a6bbecdd6a1975ce0f1b2658d3cd060b98
Test OLM installation	Arrange OLM test installation	2025-05-28T18:10:35.5142019Z #6 resolve registry.access.redhat.com/ubi9-micro@sha256:955512628a9104d74f7b3b0a91db27a6bbecdd6a1975ce0f1b2658d3cd060b98 done
Test OLM installation	Arrange OLM test installation	2025-05-28T18:10:35.5143283Z #6 sha256:bc049e6e35c145513e3ec226faf3f929337ea2337fa5c9f7e00375aef4b801e8 504B / 504B done
Test OLM installation	Arrange OLM test installation	2025-05-28T18:10:35.5144312Z #6 sha256:352e1e8e3c437ad6bd352f164df8bdf7018df09f730362546276fe3df62ffd8c 4.00kB / 4.00kB done
Test OLM installation	Arrange OLM test installation	2025-05-28T18:10:35.5145384Z #6 sha256:cd2f3f69481dffe63a3071ea43aeeab2a4af254e96b065c35b2d7ce2534e0383 7.27MB / 7.27MB 0.4s done
Test OLM installation	Arrange OLM test installation	2025-05-28T18:10:35.5146428Z #6 sha256:955512628a9104d74f7b3b0a91db27a6bbecdd6a1975ce0f1b2658d3cd060b98 897B / 897B done
Test OLM installation	Arrange OLM test installation	2025-05-28T18:10:35.5147459Z #6 extracting sha256:cd2f3f69481dffe63a3071ea43aeeab2a4af254e96b065c35b2d7ce2534e0383 0.6s done
Test OLM installation	Arrange OLM test installation	2025-05-28T18:10:35.5148267Z #6 DONE 1.0s
Test OLM installation	Arrange OLM test installation	2025-05-28T18:10:35.5148440Z 
Test OLM installation	Arrange OLM test installation	2025-05-28T18:10:35.5149052Z #5 [ubi-micro-build 1/8] FROM registry.access.redhat.com/ubi9@sha256:304b50df1ea4db9706d8a30f4bbf26f582936ebc80c7e075c72ff2af99292a54
Test OLM installation	Arrange OLM test installation	2025-05-28T18:10:35.5150588Z #5 sha256:92efcdccd1058003df257e9cbdf756ff6b10bd276551590536a5a1678e099aaf 58.72MB / 79.59MB 0.9s
Test OLM installation	Arrange OLM test installation	2025-05-28T18:10:35.6457673Z #5 ...
Test OLM installation	Arrange OLM test installation	2025-05-28T18:10:35.6457914Z 
Test OLM installation	Arrange OLM test installation	2025-05-28T18:10:35.6458023Z #7 [internal] load build context
Test OLM installation	Arrange OLM test installation	2025-05-28T18:10:35.6458330Z #7 transferring context: 155.21MB 1.0s done
Test OLM installation	Arrange OLM test installation	2025-05-28T18:10:35.6458600Z #7 DONE 1.0s
Test OLM installation	Arrange OLM test installation	2025-05-28T18:10:35.6458716Z 
Test OLM installation	Arrange OLM test installation	2025-05-28T18:10:35.6459131Z #5 [ubi-micro-build 1/8] FROM registry.access.redhat.com/ubi9@sha256:304b50df1ea4db9706d8a30f4bbf26f582936ebc80c7e075c72ff2af99292a54
Test OLM installation	Arrange OLM test installation	2025-05-28T18:10:35.6460136Z #5 sha256:92efcdccd1058003df257e9cbdf756ff6b10bd276551590536a5a1678e099aaf 67.11MB / 79.59MB 1.1s
Test OLM installation	Arrange OLM test installation	2025-05-28T18:10:35.8454108Z #5 sha256:92efcdccd1058003df257e9cbdf756ff6b10bd276551590536a5a1678e099aaf 79.59MB / 79.59MB 1.3s
Test OLM installation	Arrange OLM test installation	2025-05-28T18:10:36.0175605Z #5 sha256:92efcdccd1058003df257e9cbdf756ff6b10bd276551590536a5a1678e099aaf 79.59MB / 79.59MB 1.3s done
Test OLM installation	Arrange OLM test installation	2025-05-28T18:10:36.0176853Z #5 extracting sha256:92efcdccd1058003df257e9cbdf756ff6b10bd276551590536a5a1678e099aaf 0.1s
Test OLM installation	Arrange OLM test installation	2025-05-28T18:10:38.9205118Z #5 extracting sha256:92efcdccd1058003df257e9cbdf756ff6b10bd276551590536a5a1678e099aaf 3.0s done
Test OLM installation	Arrange OLM test installation	2025-05-28T18:10:39.0906893Z #5 DONE 4.4s
Test OLM installation	Arrange OLM test installation	2025-05-28T18:10:39.0907123Z 
Test OLM installation	Arrange OLM test installation	2025-05-28T18:10:39.0907300Z #8 [ubi-micro-build 2/8] RUN dnf install -y tar gzip
Test OLM installation	Arrange OLM test installation	2025-05-28T18:10:39.2823363Z #8 0.342 Updating Subscription Management repositories.
Test OLM installation	Arrange OLM test installation	2025-05-28T18:10:39.4360393Z #8 0.343 Unable to read consumer identity
Test OLM installation	Arrange OLM test installation	2025-05-28T18:10:39.4360791Z #8 0.345 
Test OLM installation	Arrange OLM test installation	2025-05-28T18:10:39.4361264Z #8 0.345 This system is not registered with an entitlement server. You can use subscription-manager to register.
Test OLM installation	Arrange OLM test installation	2025-05-28T18:10:39.4361775Z #8 0.345 
Test OLM installation	Arrange OLM test installation	2025-05-28T18:10:39.5735468Z #8 0.633 Red Hat Universal Base Image 9 (RPMs) - BaseOS  2.2 MB/s | 587 kB     00:00    
Test OLM installation	Arrange OLM test installation	2025-05-28T18:10:39.9478708Z #8 1.008 Red Hat Universal Base Image 9 (RPMs) - AppStre 8.5 MB/s | 2.4 MB     00:00    
Test OLM installation	Arrange OLM test installation	2025-05-28T18:10:40.4681456Z #8 1.528 Red Hat Universal Base Image 9 (RPMs) - CodeRea 1.9 MB/s | 284 kB     00:00    
Test OLM installation	Arrange OLM test installation	2025-05-28T18:10:40.6055212Z #8 1.665 Package tar-2:1.34-7.el9.x86_64 is already installed.
Test OLM installation	Arrange OLM test installation	2025-05-28T18:10:40.7707961Z #8 1.666 Package gzip-1.12-1.el9.x86_64 is already installed.
Test OLM installation	Arrange OLM test installation	2025-05-28T18:10:40.7708536Z #8 1.679 Dependencies resolved.
Test OLM installation	Arrange OLM test installation	2025-05-28T18:10:40.7708834Z #8 1.680 Nothing to do.
Test OLM installation	Arrange OLM test installation	2025-05-28T18:10:40.7709067Z #8 1.680 Complete!
Test OLM installation	Arrange OLM test installation	2025-05-28T18:10:40.9306282Z #8 DONE 2.0s
Test OLM installation	Arrange OLM test installation	2025-05-28T18:10:41.0818467Z 
Test OLM installation	Arrange OLM test installation	2025-05-28T18:10:41.0819878Z #9 [ubi-micro-build 3/8] ADD keycloak-999.0.0-SNAPSHOT.tar.gz /tmp/keycloak/
Test OLM installation	Arrange OLM test installation	2025-05-28T18:10:41.8165479Z #9 DONE 0.9s
Test OLM installation	Arrange OLM test installation	2025-05-28T18:10:41.9212282Z 
Test OLM installation	Arrange OLM test installation	2025-05-28T18:10:41.9213406Z #10 [ubi-micro-build 4/8] RUN (cd /tmp/keycloak &&     tar -xvf /tmp/keycloak/keycloak-*.tar.gz &&     rm /tmp/keycloak/keycloak-*.tar.gz) || true
Test OLM installation	Arrange OLM test installation	2025-05-28T18:10:41.9217897Z #10 0.103 tar: /tmp/keycloak/keycloak-*.tar.gz: Cannot open: No such file or directory
Test OLM installation	Arrange OLM test installation	2025-05-28T18:10:41.9218587Z #10 0.103 tar: Error is not recoverable: exiting now
Test OLM installation	Arrange OLM test installation	2025-05-28T18:10:42.0780012Z #10 DONE 0.1s
Test OLM installation	Arrange OLM test installation	2025-05-28T18:10:42.0780764Z 
Test OLM installation	Arrange OLM test installation	2025-05-28T18:10:42.0781617Z #11 [ubi-micro-build 5/8] RUN mv /tmp/keycloak/keycloak-* /opt/keycloak && mkdir -p /opt/keycloak/data
Test OLM installation	Arrange OLM test installation	2025-05-28T18:10:42.0782601Z #11 DONE 0.1s
Test OLM installation	Arrange OLM test installation	2025-05-28T18:10:42.2288554Z 
Test OLM installation	Arrange OLM test installation	2025-05-28T18:10:42.2289951Z #12 [ubi-micro-build 6/8] RUN chmod -R g+rwX /opt/keycloak
Test OLM installation	Arrange OLM test installation	2025-05-28T18:10:42.8138676Z #12 DONE 0.7s
Test OLM installation	Arrange OLM test installation	2025-05-28T18:10:42.9872999Z 
Test OLM installation	Arrange OLM test installation	2025-05-28T18:10:42.9873565Z #13 [ubi-micro-build 7/8] ADD ubi-null.sh /tmp/
Test OLM installation	Arrange OLM test installation	2025-05-28T18:10:42.9873939Z #13 DONE 0.0s
Test OLM installation	Arrange OLM test installation	2025-05-28T18:10:42.9874060Z 
Test OLM installation	Arrange OLM test installation	2025-05-28T18:10:42.9874392Z #14 [ubi-micro-build 8/8] RUN bash /tmp/ubi-null.sh java-21-openjdk-headless glibc-langpack-en findutils
Test OLM installation	Arrange OLM test installation	2025-05-28T18:10:43.0018527Z #14 0.165 ==> Installing packages into chroot
Test OLM installation	Arrange OLM test installation	2025-05-28T18:10:43.0019130Z #14 0.165 + dnf install -y findutils diffutils
Test OLM installation	Arrange OLM test installation	2025-05-28T18:10:43.2459985Z #14 0.409 Updating Subscription Management repositories.
Test OLM installation	Arrange OLM test installation	2025-05-28T18:10:43.4335050Z #14 0.409 Unable to read consumer identity
Test OLM installation	Arrange OLM test installation	2025-05-28T18:10:43.4335686Z #14 0.413 
Test OLM installation	Arrange OLM test installation	2025-05-28T18:10:43.4336513Z #14 0.413 This system is not registered with an entitlement server. You can use subscription-manager to register.
Test OLM installation	Arrange OLM test installation	2025-05-28T18:10:43.4337282Z #14 0.413 
Test OLM installation	Arrange OLM test installation	2025-05-28T18:10:43.4337657Z #14 0.451 Last metadata expiration check: 0:00:03 ago on Wed May 28 18:10:40 2025.
Test OLM installation	Arrange OLM test installation	2025-05-28T18:10:43.4338428Z #14 0.473 Package findutils-1:4.8.0-7.el9.x86_64 is already installed.
Test OLM installation	Arrange OLM test installation	2025-05-28T18:10:43.4338870Z #14 0.487 Dependencies resolved.
Test OLM installation	Arrange OLM test installation	2025-05-28T18:10:43.4339209Z #14 0.488 ================================================================================
Test OLM installation	Arrange OLM test installation	2025-05-28T18:10:43.4339999Z #14 0.488  Package         Architecture Version             Repository               Size
Test OLM installation	Arrange OLM test installation	2025-05-28T18:10:43.4340523Z #14 0.488 ================================================================================
Test OLM installation	Arrange OLM test installation	2025-05-28T18:10:43.4340928Z #14 0.488 Installing:
Test OLM installation	Arrange OLM test installation	2025-05-28T18:10:43.4341309Z #14 0.488  diffutils       x86_64       3.7-12.el9          ubi-9-baseos-rpms       402 k
Test OLM installation	Arrange OLM test installation	2025-05-28T18:10:43.4341764Z #14 0.488 
Test OLM installation	Arrange OLM test installation	2025-05-28T18:10:43.4342124Z #14 0.488 Transaction Summary
Test OLM installation	Arrange OLM test installation	2025-05-28T18:10:43.4342595Z #14 0.488 ================================================================================
Test OLM installation	Arrange OLM test installation	2025-05-28T18:10:43.4343076Z #14 0.488 Install  1 Package
Test OLM installation	Arrange OLM test installation	2025-05-28T18:10:43.4343536Z #14 0.488 
Test OLM installation	Arrange OLM test installation	2025-05-28T18:10:43.4343920Z #14 0.488 Total download size: 402 k
Test OLM installation	Arrange OLM test installation	2025-05-28T18:10:43.4344410Z #14 0.488 Installed size: 1.4 M
Test OLM installation	Arrange OLM test installation	2025-05-28T18:10:43.4344882Z #14 0.488 Downloading Packages:
Test OLM installation	Arrange OLM test installation	2025-05-28T18:10:43.4345526Z #14 0.597 diffutils-3.7-12.el9.x86_64.rpm                 3.7 MB/s | 402 kB     00:00    
Test OLM installation	Arrange OLM test installation	2025-05-28T18:10:43.5411306Z #14 0.598 --------------------------------------------------------------------------------
Test OLM installation	Arrange OLM test installation	2025-05-28T18:10:43.5412238Z #14 0.598 Total                                           3.6 MB/s | 402 kB     00:00     
Test OLM installation	Arrange OLM test installation	2025-05-28T18:10:43.5413512Z #14 0.610 Running transaction check
Test OLM installation	Arrange OLM test installation	2025-05-28T18:10:43.5413952Z #14 0.614 Transaction check succeeded.
Test OLM installation	Arrange OLM test installation	2025-05-28T18:10:43.5414335Z #14 0.614 Running transaction test
Test OLM installation	Arrange OLM test installation	2025-05-28T18:10:43.5414694Z #14 0.639 Transaction test succeeded.
Test OLM installation	Arrange OLM test installation	2025-05-28T18:10:43.5415056Z #14 0.639 Running transaction
Test OLM installation	Arrange OLM test installation	2025-05-28T18:10:43.5415486Z #14 0.660   Preparing        :                                                        1/1 
Test OLM installation	Arrange OLM test installation	2025-05-28T18:10:43.5416123Z #14 0.694   Installing       : diffutils-3.7-12.el9.x86_64                            1/1 
Test OLM installation	Arrange OLM test installation	2025-05-28T18:10:43.6827302Z #14 0.704   Running scriptlet: diffutils-3.7-12.el9.x86_64                            1/1 
Test OLM installation	Arrange OLM test installation	2025-05-28T18:10:43.6828138Z #14 0.741   Verifying        : diffutils-3.7-12.el9.x86_64                            1/1 
Test OLM installation	Arrange OLM test installation	2025-05-28T18:10:43.6828516Z #14 0.787 Installed products updated.
Test OLM installation	Arrange OLM test installation	2025-05-28T18:10:43.6828762Z #14 0.794 
Test OLM installation	Arrange OLM test installation	2025-05-28T18:10:43.6829437Z #14 0.794 Installed:
Test OLM installation	Arrange OLM test installation	2025-05-28T18:10:43.6829880Z #14 0.794   diffutils-3.7-12.el9.x86_64                                                   
Test OLM installation	Arrange OLM test installation	2025-05-28T18:10:43.6830203Z #14 0.794 
Test OLM installation	Arrange OLM test installation	2025-05-28T18:10:43.6830371Z #14 0.794 Complete!
Test OLM installation	Arrange OLM test installation	2025-05-28T18:10:43.6830569Z #14 0.846 ++ realpath rootfs
Test OLM installation	Arrange OLM test installation	2025-05-28T18:10:43.8360010Z #14 0.847 + rootfs=/tmp/null/rootfs
Test OLM installation	Arrange OLM test installation	2025-05-28T18:10:43.8360607Z #14 0.847 + mkdir -p /tmp/null/rootfs
Test OLM installation	Arrange OLM test installation	2025-05-28T18:10:43.8361498Z #14 0.849 + xargs dnf install -y --installroot /tmp/null/rootfs --releasever 9 --setopt install_weak_deps=false --nodocs
Test OLM installation	Arrange OLM test installation	2025-05-28T18:10:43.9693733Z #14 1.132 Updating Subscription Management repositories.
Test OLM installation	Arrange OLM test installation	2025-05-28T18:10:44.1220827Z #14 1.133 Unable to read consumer identity
Test OLM installation	Arrange OLM test installation	2025-05-28T18:10:44.1222103Z #14 1.135 
Test OLM installation	Arrange OLM test installation	2025-05-28T18:10:44.1223380Z #14 1.135 This system is not registered with an entitlement server. You can use subscription-manager to register.
Test OLM installation	Arrange OLM test installation	2025-05-28T18:10:44.1224314Z #14 1.135 
Test OLM installation	Arrange OLM test installation	2025-05-28T18:10:44.2077947Z #14 1.371 Red Hat Universal Base Image 9 (RPMs) - BaseOS  2.8 MB/s | 587 kB     00:00    
Test OLM installation	Arrange OLM test installation	2025-05-28T18:10:44.5961208Z #14 1.759 Red Hat Universal Base Image 9 (RPMs) - AppStre  10 MB/s | 2.4 MB     00:00    
Test OLM installation	Arrange OLM test installation	2025-05-28T18:10:45.2830493Z #14 2.446 Red Hat Universal Base Image 9 (RPMs) - CodeRea 1.8 MB/s | 284 kB     00:00    
Test OLM installation	Arrange OLM test installation	2025-05-28T18:10:45.4263737Z #14 2.589 Dependencies resolved.
Test OLM installation	Arrange OLM test installation	2025-05-28T18:10:45.5460550Z #14 2.595 =============================================================================================
Test OLM installation	Arrange OLM test installation	2025-05-28T18:10:45.5461477Z #14 2.595  Package                    Arch    Version                       Repository             Size
Test OLM installation	Arrange OLM test installation	2025-05-28T18:10:45.5462242Z #14 2.595 =============================================================================================
Test OLM installation	Arrange OLM test installation	2025-05-28T18:10:45.5462775Z #14 2.595 Installing:
Test OLM installation	Arrange OLM test installation	2025-05-28T18:10:45.5463332Z #14 2.595  bash                       x86_64  5.1.8-9.el9                   ubi-9-baseos-rpms     1.7 M
Test OLM installation	Arrange OLM test installation	2025-05-28T18:10:45.5464210Z #14 2.595  coreutils-single           x86_64  8.32-39.el9                   ubi-9-baseos-rpms     625 k
Test OLM installation	Arrange OLM test installation	2025-05-28T18:10:45.5465169Z #14 2.595  findutils                  x86_64  1:4.8.0-7.el9                 ubi-9-baseos-rpms     550 k
Test OLM installation	Arrange OLM test installation	2025-05-28T18:10:45.5466011Z #14 2.595  glibc-langpack-en          x86_64  2.34-168.el9_6.14             ubi-9-baseos-rpms     657 k
Test OLM installation	Arrange OLM test installation	2025-05-28T18:10:45.5466543Z #14 2.595  java-21-openjdk-headless   x86_64  1:21.0.7.0.6-1.el9            ubi-9-appstream-rpms   49 M
Test OLM installation	Arrange OLM test installation	2025-05-28T18:10:45.5467046Z #14 2.595 Installing dependencies:
Test OLM installation	Arrange OLM test installation	2025-05-28T18:10:45.5467653Z #14 2.595  alsa-lib                   x86_64  1.2.13-2.el9                  ubi-9-appstream-rpms  530 k
Test OLM installation	Arrange OLM test installation	2025-05-28T18:10:45.5468477Z #14 2.595  alternatives               x86_64  1.24-2.el9                    ubi-9-baseos-rpms      42 k
Test OLM installation	Arrange OLM test installation	2025-05-28T18:10:45.5469506Z #14 2.595  avahi-libs                 x86_64  0.8-22.el9_6                  ubi-9-baseos-rpms      67 k
Test OLM installation	Arrange OLM test installation	2025-05-28T18:10:45.5470096Z #14 2.595  basesystem                 noarch  11-13.el9                     ubi-9-baseos-rpms     8.0 k
Test OLM installation	Arrange OLM test installation	2025-05-28T18:10:45.5471076Z #14 2.595  bzip2-libs                 x86_64  1.0.8-10.el9_5                ubi-9-baseos-rpms      42 k
Test OLM installation	Arrange OLM test installation	2025-05-28T18:10:45.5472401Z #14 2.595  ca-certificates            noarch  2024.2.69_v8.0.303-91.4.el9_4 ubi-9-baseos-rpms     1.0 M
Test OLM installation	Arrange OLM test installation	2025-05-28T18:10:45.5473326Z #14 2.595  copy-jdk-configs           noarch  4.0-3.el9                     ubi-9-appstream-rpms   29 k
Test OLM installation	Arrange OLM test installation	2025-05-28T18:10:45.5474064Z #14 2.595  crypto-policies            noarch  20250128-1.git5269e22.el9     ubi-9-baseos-rpms      90 k
Test OLM installation	Arrange OLM test installation	2025-05-28T18:10:45.5474655Z #14 2.595  crypto-policies-scripts    noarch  20250128-1.git5269e22.el9     ubi-9-baseos-rpms     101 k
Test OLM installation	Arrange OLM test installation	2025-05-28T18:10:45.5475423Z #14 2.595  cups-libs                  x86_64  1:2.3.3op2-33.el9             ubi-9-baseos-rpms     265 k
Test OLM installation	Arrange OLM test installation	2025-05-28T18:10:45.5476258Z #14 2.595  dbus-libs                  x86_64  1:1.12.20-8.el9               ubi-9-baseos-rpms     154 k
Test OLM installation	Arrange OLM test installation	2025-05-28T18:10:45.5476710Z #14 2.595  expat                      x86_64  2.5.0-5.el9_6                 ubi-9-baseos-rpms     119 k
Test OLM installation	Arrange OLM test installation	2025-05-28T18:10:45.5477311Z #14 2.595  filesystem                 x86_64  3.16-5.el9                    ubi-9-baseos-rpms     4.8 M
Test OLM installation	Arrange OLM test installation	2025-05-28T18:10:45.5477726Z #14 2.595  gawk                       x86_64  5.1.0-6.el9                   ubi-9-baseos-rpms     1.0 M
Test OLM installation	Arrange OLM test installation	2025-05-28T18:10:45.5478314Z #14 2.595  gdbm-libs                  x86_64  1:1.23-1.el9                  ubi-9-baseos-rpms      59 k
Test OLM installation	Arrange OLM test installation	2025-05-28T18:10:45.5479093Z #14 2.595  glibc                      x86_64  2.34-168.el9_6.14             ubi-9-baseos-rpms     2.0 M
Test OLM installation	Arrange OLM test installation	2025-05-28T18:10:45.5480072Z #14 2.595  glibc-common               x86_64  2.34-168.el9_6.14             ubi-9-baseos-rpms     304 k
Test OLM installation	Arrange OLM test installation	2025-05-28T18:10:45.5480768Z #14 2.595  gmp                        x86_64  1:6.2.0-13.el9                ubi-9-baseos-rpms     319 k
Test OLM installation	Arrange OLM test installation	2025-05-28T18:10:45.5481500Z #14 2.595  gnutls                     x86_64  3.8.3-6.el9                   ubi-9-baseos-rpms     1.1 M
Test OLM installation	Arrange OLM test installation	2025-05-28T18:10:45.5482252Z #14 2.595  grep                       x86_64  3.6-5.el9                     ubi-9-baseos-rpms     273 k
Test OLM installation	Arrange OLM test installation	2025-05-28T18:10:45.5483142Z #14 2.595  javapackages-filesystem    noarch  6.4.0-1.el9                   ubi-9-appstream-rpms   17 k
Test OLM installation	Arrange OLM test installation	2025-05-28T18:10:45.5484076Z #14 2.595  keyutils-libs              x86_64  1.6.3-1.el9                   ubi-9-baseos-rpms      34 k
Test OLM installation	Arrange OLM test installation	2025-05-28T18:10:45.5484825Z #14 2.595  krb5-libs                  x86_64  1.21.1-6.el9                  ubi-9-baseos-rpms     770 k
Test OLM installation	Arrange OLM test installation	2025-05-28T18:10:45.5485255Z #14 2.595  libacl                     x86_64  2.3.1-4.el9                   ubi-9-baseos-rpms      24 k
Test OLM installation	Arrange OLM test installation	2025-05-28T18:10:45.5485660Z #14 2.595  libattr                    x86_64  2.5.1-3.el9                   ubi-9-baseos-rpms      20 k
Test OLM installation	Arrange OLM test installation	2025-05-28T18:10:45.5486062Z #14 2.595  libcap                     x86_64  2.48-9.el9_2                  ubi-9-baseos-rpms      74 k
Test OLM installation	Arrange OLM test installation	2025-05-28T18:10:45.5486477Z #14 2.595  libcom_err                 x86_64  1.46.5-7.el9                  ubi-9-baseos-rpms      28 k
Test OLM installation	Arrange OLM test installation	2025-05-28T18:10:45.5486902Z #14 2.595  libevent                   x86_64  2.1.12-8.el9_4                ubi-9-baseos-rpms     266 k
Test OLM installation	Arrange OLM test installation	2025-05-28T18:10:45.5487317Z #14 2.595  libffi                     x86_64  3.4.2-8.el9                   ubi-9-baseos-rpms      40 k
Test OLM installation	Arrange OLM test installation	2025-05-28T18:10:45.5487717Z #14 2.595  libgcc                     x86_64  11.5.0-5.el9_5                ubi-9-baseos-rpms      88 k
Test OLM installation	Arrange OLM test installation	2025-05-28T18:10:45.5488132Z #14 2.595  libgcrypt                  x86_64  1.10.0-11.el9                 ubi-9-baseos-rpms     510 k
Test OLM installation	Arrange OLM test installation	2025-05-28T18:10:45.5488764Z #14 2.595  libgpg-error               x86_64  1.42-5.el9                    ubi-9-baseos-rpms     220 k
Test OLM installation	Arrange OLM test installation	2025-05-28T18:10:45.5489754Z #14 2.595  libidn2                    x86_64  2.3.0-7.el9                   ubi-9-baseos-rpms     105 k
Test OLM installation	Arrange OLM test installation	2025-05-28T18:10:45.5490549Z #14 2.595  libselinux                 x86_64  3.6-3.el9                     ubi-9-baseos-rpms      88 k
Test OLM installation	Arrange OLM test installation	2025-05-28T18:10:45.5491348Z #14 2.595  libsepol                   x86_64  3.6-2.el9                     ubi-9-baseos-rpms     331 k
Test OLM installation	Arrange OLM test installation	2025-05-28T18:10:45.5492355Z #14 2.595  libsigsegv                 x86_64  2.13-4.el9                    ubi-9-baseos-rpms      30 k
Test OLM installation	Arrange OLM test installation	2025-05-28T18:10:45.5493158Z #14 2.595  libtasn1                   x86_64  4.16.0-9.el9                  ubi-9-baseos-rpms      77 k
Test OLM installation	Arrange OLM test installation	2025-05-28T18:10:45.5493923Z #14 2.595  libunistring               x86_64  0.9.10-15.el9                 ubi-9-baseos-rpms     499 k
Test OLM installation	Arrange OLM test installation	2025-05-28T18:10:45.5494360Z #14 2.595  libuuid                    x86_64  2.37.4-21.el9                 ubi-9-baseos-rpms      30 k
Test OLM installation	Arrange OLM test installation	2025-05-28T18:10:45.5494769Z #14 2.595  libverto                   x86_64  0.3.2-3.el9                   ubi-9-baseos-rpms      24 k
Test OLM installation	Arrange OLM test installation	2025-05-28T18:10:45.5495183Z #14 2.595  libxcrypt                  x86_64  4.4.18-3.el9                  ubi-9-baseos-rpms     120 k
Test OLM installation	Arrange OLM test installation	2025-05-28T18:10:45.5495593Z #14 2.595  libzstd                    x86_64  1.5.5-1.el9                   ubi-9-baseos-rpms     297 k
Test OLM installation	Arrange OLM test installation	2025-05-28T18:10:45.5496013Z #14 2.595  lksctp-tools               x86_64  1.0.19-3.el9_4                ubi-9-baseos-rpms     104 k
Test OLM installation	Arrange OLM test installation	2025-05-28T18:10:45.5496560Z #14 2.595  lua                        x86_64  5.4.4-4.el9                   ubi-9-appstream-rpms  192 k
Test OLM installation	Arrange OLM test installation	2025-05-28T18:10:45.5496950Z #14 2.595  lua-libs                   x86_64  5.4.4-4.el9                   ubi-9-baseos-rpms     132 k
Test OLM installation	Arrange OLM test installation	2025-05-28T18:10:45.5497355Z #14 2.595  lua-posix                  x86_64  35.0-8.el9                    ubi-9-appstream-rpms  155 k
Test OLM installation	Arrange OLM test installation	2025-05-28T18:10:45.5497974Z #14 2.595  lz4-libs                   x86_64  1.9.3-5.el9                   ubi-9-baseos-rpms      69 k
Test OLM installation	Arrange OLM test installation	2025-05-28T18:10:45.5498724Z #14 2.595  mpfr                       x86_64  4.1.0-7.el9                   ubi-9-baseos-rpms     329 k
Test OLM installation	Arrange OLM test installation	2025-05-28T18:10:45.5499699Z #14 2.595  ncurses-base               noarch  6.2-10.20210508.el9           ubi-9-baseos-rpms      99 k
Test OLM installation	Arrange OLM test installation	2025-05-28T18:10:45.5500602Z #14 2.595  ncurses-libs               x86_64  6.2-10.20210508.el9           ubi-9-baseos-rpms     332 k
Test OLM installation	Arrange OLM test installation	2025-05-28T18:10:45.5501422Z #14 2.595  nettle                     x86_64  3.10.1-1.el9                  ubi-9-baseos-rpms     568 k
Test OLM installation	Arrange OLM test installation	2025-05-28T18:10:45.5502177Z #14 2.595  nspr                       x86_64  4.35.0-17.el9_2               ubi-9-appstream-rpms  137 k
Test OLM installation	Arrange OLM test installation	2025-05-28T18:10:45.5502925Z #14 2.595  nss                        x86_64  3.101.0-10.el9_2              ubi-9-appstream-rpms  720 k
Test OLM installation	Arrange OLM test installation	2025-05-28T18:10:45.5503833Z #14 2.595  nss-softokn                x86_64  3.101.0-10.el9_2              ubi-9-appstream-rpms  393 k
Test OLM installation	Arrange OLM test installation	2025-05-28T18:10:45.5504639Z #14 2.595  nss-softokn-freebl         x86_64  3.101.0-10.el9_2              ubi-9-appstream-rpms  313 k
Test OLM installation	Arrange OLM test installation	2025-05-28T18:10:45.5505408Z #14 2.595  nss-sysinit                x86_64  3.101.0-10.el9_2              ubi-9-appstream-rpms   21 k
Test OLM installation	Arrange OLM test installation	2025-05-28T18:10:45.5506144Z #14 2.595  nss-util                   x86_64  3.101.0-10.el9_2              ubi-9-appstream-rpms   92 k
Test OLM installation	Arrange OLM test installation	2025-05-28T18:10:45.5506969Z #14 2.595  openssl-fips-provider      x86_64  3.0.7-6.el9_5                 ubi-9-baseos-rpms     9.4 k
Test OLM installation	Arrange OLM test installation	2025-05-28T18:10:45.5507873Z #14 2.595  openssl-fips-provider-so   x86_64  3.0.7-6.el9_5                 ubi-9-baseos-rpms     577 k
Test OLM installation	Arrange OLM test installation	2025-05-28T18:10:45.5508673Z #14 2.595  openssl-libs               x86_64  1:3.2.2-6.el9_5.1             ubi-9-baseos-rpms     2.1 M
Test OLM installation	Arrange OLM test installation	2025-05-28T18:10:45.5509185Z #14 2.595  p11-kit                    x86_64  0.25.3-3.el9_5                ubi-9-baseos-rpms     536 k
Test OLM installation	Arrange OLM test installation	2025-05-28T18:10:45.5509903Z #14 2.595  p11-kit-trust              x86_64  0.25.3-3.el9_5                ubi-9-baseos-rpms     144 k
Test OLM installation	Arrange OLM test installation	2025-05-28T18:10:45.5510339Z #14 2.595  pcre                       x86_64  8.44-4.el9                    ubi-9-baseos-rpms     200 k
Test OLM installation	Arrange OLM test installation	2025-05-28T18:10:45.5510749Z #14 2.595  pcre2                      x86_64  10.40-6.el9                   ubi-9-baseos-rpms     236 k
Test OLM installation	Arrange OLM test installation	2025-05-28T18:10:45.5511172Z #14 2.595  pcre2-syntax               noarch  10.40-6.el9                   ubi-9-baseos-rpms     144 k
Test OLM installation	Arrange OLM test installation	2025-05-28T18:10:45.5511602Z #14 2.595  python3                    x86_64  3.9.21-2.el9                  ubi-9-baseos-rpms      30 k
Test OLM installation	Arrange OLM test installation	2025-05-28T18:10:45.5512231Z #14 2.595  python3-libs               x86_64  3.9.21-2.el9                  ubi-9-baseos-rpms     8.1 M
Test OLM installation	Arrange OLM test installation	2025-05-28T18:10:45.5512690Z #14 2.595  python3-pip-wheel          noarch  21.3.1-1.el9                  ubi-9-baseos-rpms     1.1 M
Test OLM installation	Arrange OLM test installation	2025-05-28T18:10:45.5513755Z #14 2.595  python3-setuptools-wheel   noarch  53.0.0-13.el9                 ubi-9-baseos-rpms     469 k
Test OLM installation	Arrange OLM test installation	2025-05-28T18:10:45.5514683Z #14 2.595  readline                   x86_64  8.1-4.el9                     ubi-9-baseos-rpms     215 k
Test OLM installation	Arrange OLM test installation	2025-05-28T18:10:45.5515409Z #14 2.595  redhat-release             x86_64  9.6-0.1.el9                   ubi-9-baseos-rpms      44 k
Test OLM installation	Arrange OLM test installation	2025-05-28T18:10:45.5515979Z #14 2.595  sed                        x86_64  4.8-9.el9                     ubi-9-baseos-rpms     309 k
Test OLM installation	Arrange OLM test installation	2025-05-28T18:10:45.5516374Z #14 2.595  setup                      noarch  2.13.7-10.el9                 ubi-9-baseos-rpms     150 k
Test OLM installation	Arrange OLM test installation	2025-05-28T18:10:45.5517050Z #14 2.595  sqlite-libs                x86_64  3.34.1-7.el9_3                ubi-9-baseos-rpms     622 k
Test OLM installation	Arrange OLM test installation	2025-05-28T18:10:45.5517493Z #14 2.595  systemd-libs               x86_64  252-51.el9                    ubi-9-baseos-rpms     684 k
Test OLM installation	Arrange OLM test installation	2025-05-28T18:10:45.5517931Z #14 2.595  tzdata                     noarch  2025b-1.el9                   ubi-9-baseos-rpms     842 k
Test OLM installation	Arrange OLM test installation	2025-05-28T18:10:45.5518387Z #14 2.595  tzdata-java                noarch  2025b-1.el9                   ubi-9-appstream-rpms  228 k
Test OLM installation	Arrange OLM test installation	2025-05-28T18:10:45.5518818Z #14 2.595  xz-libs                    x86_64  5.2.5-8.el9_0                 ubi-9-baseos-rpms      94 k
Test OLM installation	Arrange OLM test installation	2025-05-28T18:10:45.5519480Z #14 2.595  zlib                       x86_64  1.2.11-40.el9                 ubi-9-baseos-rpms      93 k
Test OLM installation	Arrange OLM test installation	2025-05-28T18:10:45.5519851Z #14 2.595 
Test OLM installation	Arrange OLM test installation	2025-05-28T18:10:45.5520055Z #14 2.595 Transaction Summary
Test OLM installation	Arrange OLM test installation	2025-05-28T18:10:45.5520311Z #14 2.595 =============================================================================================
Test OLM installation	Arrange OLM test installation	2025-05-28T18:10:45.5520599Z #14 2.595 Install  84 Packages
Test OLM installation	Arrange OLM test installation	2025-05-28T18:10:45.5520812Z #14 2.595 
Test OLM installation	Arrange OLM test installation	2025-05-28T18:10:45.5520990Z #14 2.598 Total download size: 89 M
Test OLM installation	Arrange OLM test installation	2025-05-28T18:10:45.5521226Z #14 2.598 Installed size: 319 M
Test OLM installation	Arrange OLM test installation	2025-05-28T18:10:45.5521445Z #14 2.598 Downloading Packages:
Test OLM installation	Arrange OLM test installation	2025-05-28T18:10:45.5521775Z #14 2.664 (1/84): avahi-libs-0.8-22.el9_6.x86_64.rpm      1.1 MB/s |  67 kB     00:00    
Test OLM installation	Arrange OLM test installation	2025-05-28T18:10:45.5522232Z #14 2.676 (2/84): basesystem-11-13.el9.noarch.rpm         113 kB/s | 8.0 kB     00:00    
Test OLM installation	Arrange OLM test installation	2025-05-28T18:10:45.5522677Z #14 2.677 (3/84): alternatives-1.24-2.el9.x86_64.rpm      575 kB/s |  42 kB     00:00    
Test OLM installation	Arrange OLM test installation	2025-05-28T18:10:45.5523101Z #14 2.709 (4/84): bzip2-libs-1.0.8-10.el9_5.x86_64.rpm    1.2 MB/s |  42 kB     00:00    
Test OLM installation	Arrange OLM test installation	2025-05-28T18:10:45.6468029Z #14 2.725 (5/84): bash-5.1.8-9.el9.x86_64.rpm              28 MB/s | 1.7 MB     00:00    
Test OLM installation	Arrange OLM test installation	2025-05-28T18:10:45.6468930Z #14 2.738 (6/84): crypto-policies-20250128-1.git5269e22.e 7.2 MB/s |  90 kB     00:00    
Test OLM installation	Arrange OLM test installation	2025-05-28T18:10:45.6470113Z #14 2.750 (7/84): crypto-policies-scripts-20250128-1.git5 8.5 MB/s | 101 kB     00:00    
Test OLM installation	Arrange OLM test installation	2025-05-28T18:10:45.6471044Z #14 2.753 (8/84): ca-certificates-2024.2.69_v8.0.303-91.4  13 MB/s | 1.0 MB     00:00    
Test OLM installation	Arrange OLM test installation	2025-05-28T18:10:45.6471870Z #14 2.763 (9/84): cups-libs-2.3.3op2-33.el9.x86_64.rpm     20 MB/s | 265 kB     00:00    
Test OLM installation	Arrange OLM test installation	2025-05-28T18:10:45.6472470Z #14 2.769 (10/84): dbus-libs-1.12.20-8.el9.x86_64.rpm     9.5 MB/s | 154 kB     00:00    
Test OLM installation	Arrange OLM test installation	2025-05-28T18:10:45.6473228Z #14 2.775 (11/84): expat-2.5.0-5.el9_6.x86_64.rpm         9.8 MB/s | 119 kB     00:00    
Test OLM installation	Arrange OLM test installation	2025-05-28T18:10:45.6473737Z #14 2.782 (12/84): coreutils-single-8.32-39.el9.x86_64.rp 8.4 MB/s | 625 kB     00:00    
Test OLM installation	Arrange OLM test installation	2025-05-28T18:10:45.6474376Z #14 2.791 (13/84): findutils-4.8.0-7.el9.x86_64.rpm        34 MB/s | 550 kB     00:00    
Test OLM installation	Arrange OLM test installation	2025-05-28T18:10:45.6475135Z #14 2.810 (14/84): gdbm-libs-1.23-1.el9.x86_64.rpm        3.1 MB/s |  59 kB     00:00    
Test OLM installation	Arrange OLM test installation	2025-05-28T18:10:45.7483678Z #14 2.822 (15/84): gawk-5.1.0-6.el9.x86_64.rpm             25 MB/s | 1.0 MB     00:00    
Test OLM installation	Arrange OLM test installation	2025-05-28T18:10:45.7484663Z #14 2.834 (16/84): filesystem-3.16-5.el9.x86_64.rpm        74 MB/s | 4.8 MB     00:00    
Test OLM installation	Arrange OLM test installation	2025-05-28T18:10:45.7485530Z #14 2.842 (17/84): glibc-common-2.34-168.el9_6.14.x86_64.  15 MB/s | 304 kB     00:00    
Test OLM installation	Arrange OLM test installation	2025-05-28T18:10:45.7486066Z #14 2.847 (18/84): glibc-2.34-168.el9_6.14.x86_64.rpm      54 MB/s | 2.0 MB     00:00    
Test OLM installation	Arrange OLM test installation	2025-05-28T18:10:45.7486594Z #14 2.852 (19/84): glibc-langpack-en-2.34-168.el9_6.14.x8  35 MB/s | 657 kB     00:00    
Test OLM installation	Arrange OLM test installation	2025-05-28T18:10:45.7487112Z #14 2.864 (20/84): gmp-6.2.0-13.el9.x86_64.rpm             15 MB/s | 319 kB     00:00    
Test OLM installation	Arrange OLM test installation	2025-05-28T18:10:45.7487602Z #14 2.869 (21/84): gnutls-3.8.3-6.el9.x86_64.rpm           50 MB/s | 1.1 MB     00:00    
Test OLM installation	Arrange OLM test installation	2025-05-28T18:10:45.7488091Z #14 2.871 (22/84): grep-3.6-5.el9.x86_64.rpm               15 MB/s | 273 kB     00:00    
Test OLM installation	Arrange OLM test installation	2025-05-28T18:10:45.7488600Z #14 2.881 (23/84): keyutils-libs-1.6.3-1.el9.x86_64.rpm   1.9 MB/s |  34 kB     00:00    
Test OLM installation	Arrange OLM test installation	2025-05-28T18:10:45.7489121Z #14 2.886 (24/84): krb5-libs-1.21.1-6.el9.x86_64.rpm       44 MB/s | 770 kB     00:00    
Test OLM installation	Arrange OLM test installation	2025-05-28T18:10:45.7490027Z #14 2.887 (25/84): libacl-2.3.1-4.el9.x86_64.rpm          1.5 MB/s |  24 kB     00:00    
Test OLM installation	Arrange OLM test installation	2025-05-28T18:10:45.7490506Z #14 2.898 (26/84): libattr-2.5.1-3.el9.x86_64.rpm         1.2 MB/s |  20 kB     00:00    
Test OLM installation	Arrange OLM test installation	2025-05-28T18:10:45.7490971Z #14 2.900 (27/84): libcap-2.48-9.el9_2.x86_64.rpm         5.6 MB/s |  74 kB     00:00    
Test OLM installation	Arrange OLM test installation	2025-05-28T18:10:45.7491439Z #14 2.908 (28/84): libcom_err-1.46.5-7.el9.x86_64.rpm     1.4 MB/s |  28 kB     00:00    
Test OLM installation	Arrange OLM test installation	2025-05-28T18:10:45.7491906Z #14 2.912 (29/84): libffi-3.4.2-8.el9.x86_64.rpm          3.3 MB/s |  40 kB     00:00    
Test OLM installation	Arrange OLM test installation	2025-05-28T18:10:45.8485607Z #14 2.928 (30/84): libgcrypt-1.10.0-11.el9.x86_64.rpm      32 MB/s | 510 kB     00:00    
Test OLM installation	Arrange OLM test installation	2025-05-28T18:10:45.8486649Z #14 2.929 (31/84): libgcc-11.5.0-5.el9_5.x86_64.rpm       4.0 MB/s |  88 kB     00:00    
Test OLM installation	Arrange OLM test installation	2025-05-28T18:10:45.8487555Z #14 2.931 (32/84): libevent-2.1.12-8.el9_4.x86_64.rpm     8.0 MB/s | 266 kB     00:00    
Test OLM installation	Arrange OLM test installation	2025-05-28T18:10:45.8488410Z #14 2.941 (33/84): libgpg-error-1.42-5.el9.x86_64.rpm      17 MB/s | 220 kB     00:00    
Test OLM installation	Arrange OLM test installation	2025-05-28T18:10:45.8489540Z #14 2.949 (34/84): libselinux-3.6-3.el9.x86_64.rpm        4.9 MB/s |  88 kB     00:00    
Test OLM installation	Arrange OLM test installation	2025-05-28T18:10:45.8490360Z #14 2.950 (35/84): libidn2-2.3.0-7.el9.x86_64.rpm         4.9 MB/s | 105 kB     00:00    
Test OLM installation	Arrange OLM test installation	2025-05-28T18:10:45.8491152Z #14 2.961 (36/84): libsepol-3.6-2.el9.x86_64.rpm           16 MB/s | 331 kB     00:00    
Test OLM installation	Arrange OLM test installation	2025-05-28T18:10:45.8491941Z #14 2.965 (37/84): libtasn1-4.16.0-9.el9.x86_64.rpm       5.2 MB/s |  77 kB     00:00    
Test OLM installation	Arrange OLM test installation	2025-05-28T18:10:45.8492769Z #14 2.970 (38/84): libsigsegv-2.13-4.el9.x86_64.rpm       1.4 MB/s |  30 kB     00:00    
Test OLM installation	Arrange OLM test installation	2025-05-28T18:10:45.8493586Z #14 2.976 (39/84): libunistring-0.9.10-15.el9.x86_64.rpm   33 MB/s | 499 kB     00:00    
Test OLM installation	Arrange OLM test installation	2025-05-28T18:10:45.8494997Z #14 2.980 (40/84): libuuid-2.37.4-21.el9.x86_64.rpm       2.1 MB/s |  30 kB     00:00    
Test OLM installation	Arrange OLM test installation	2025-05-28T18:10:45.8495816Z #14 2.988 (41/84): libverto-0.3.2-3.el9.x86_64.rpm        1.4 MB/s |  24 kB     00:00    
Test OLM installation	Arrange OLM test installation	2025-05-28T18:10:45.8496630Z #14 2.989 (42/84): libxcrypt-4.4.18-3.el9.x86_64.rpm      8.9 MB/s | 120 kB     00:00    
Test OLM installation	Arrange OLM test installation	2025-05-28T18:10:45.8497434Z #14 2.996 (43/84): libzstd-1.5.5-1.el9.x86_64.rpm          18 MB/s | 297 kB     00:00    
Test OLM installation	Arrange OLM test installation	2025-05-28T18:10:45.8498228Z #14 3.000 (44/84): lksctp-tools-1.0.19-3.el9_4.x86_64.rpm 8.4 MB/s | 104 kB     00:00    
Test OLM installation	Arrange OLM test installation	2025-05-28T18:10:45.8499049Z #14 3.008 (45/84): lua-libs-5.4.4-4.el9.x86_64.rpm        7.1 MB/s | 132 kB     00:00    
Test OLM installation	Arrange OLM test installation	2025-05-28T18:10:45.8499985Z #14 3.012 (46/84): lz4-libs-1.9.3-5.el9.x86_64.rpm        4.5 MB/s |  69 kB     00:00    
Test OLM installation	Arrange OLM test installation	2025-05-28T18:10:45.9541536Z #14 3.015 (47/84): mpfr-4.1.0-7.el9.x86_64.rpm             22 MB/s | 329 kB     00:00    
Test OLM installation	Arrange OLM test installation	2025-05-28T18:10:45.9542445Z #14 3.029 (48/84): ncurses-base-6.2-10.20210508.el9.noarc 4.6 MB/s |  99 kB     00:00    
Test OLM installation	Arrange OLM test installation	2025-05-28T18:10:45.9543450Z #14 3.032 (49/84): ncurses-libs-6.2-10.20210508.el9.x86_6  16 MB/s | 332 kB     00:00    
Test OLM installation	Arrange OLM test installation	2025-05-28T18:10:45.9544299Z #14 3.033 (50/84): nettle-3.10.1-1.el9.x86_64.rpm          31 MB/s | 568 kB     00:00    
Test OLM installation	Arrange OLM test installation	2025-05-28T18:10:45.9545774Z #14 3.054 (51/84): openssl-fips-provider-so-3.0.7-6.el9_5  28 MB/s | 577 kB     00:00    
Test OLM installation	Arrange OLM test installation	2025-05-28T18:10:45.9546676Z #14 3.064 (52/84): openssl-libs-3.2.2-6.el9_5.1.x86_64.rp  71 MB/s | 2.1 MB     00:00    
Test OLM installation	Arrange OLM test installation	2025-05-28T18:10:45.9547545Z #14 3.067 (53/84): openssl-fips-provider-3.0.7-6.el9_5.x8 248 kB/s | 9.4 kB     00:00    
Test OLM installation	Arrange OLM test installation	2025-05-28T18:10:45.9548396Z #14 3.072 (54/84): p11-kit-0.25.3-3.el9_5.x86_64.rpm       30 MB/s | 536 kB     00:00    
Test OLM installation	Arrange OLM test installation	2025-05-28T18:10:45.9549172Z #14 3.076 (55/84): p11-kit-trust-0.25.3-3.el9_5.x86_64.rp  12 MB/s | 144 kB     00:00    
Test OLM installation	Arrange OLM test installation	2025-05-28T18:10:45.9550143Z #14 3.089 (56/84): pcre2-10.40-6.el9.x86_64.rpm            14 MB/s | 236 kB     00:00    
Test OLM installation	Arrange OLM test installation	2025-05-28T18:10:45.9550938Z #14 3.093 (57/84): pcre-8.44-4.el9.x86_64.rpm             7.9 MB/s | 200 kB     00:00    
Test OLM installation	Arrange OLM test installation	2025-05-28T18:10:45.9551801Z #14 3.094 (58/84): pcre2-syntax-10.40-6.el9.noarch.rpm    8.1 MB/s | 144 kB     00:00    
Test OLM installation	Arrange OLM test installation	2025-05-28T18:10:45.9552885Z #14 3.107 (59/84): python3-3.9.21-2.el9.x86_64.rpm        1.6 MB/s |  30 kB     00:00    
Test OLM installation	Arrange OLM test installation	2025-05-28T18:10:45.9553722Z #14 3.117 (60/84): python3-pip-wheel-21.3.1-1.el9.noarch.  49 MB/s | 1.1 MB     00:00    
Test OLM installation	Arrange OLM test installation	2025-05-28T18:10:46.0550319Z #14 3.128 (61/84): python3-setuptools-wheel-53.0.0-13.el9  22 MB/s | 469 kB     00:00    
Test OLM installation	Arrange OLM test installation	2025-05-28T18:10:46.0551460Z #14 3.132 (62/84): readline-8.1-4.el9.x86_64.rpm           15 MB/s | 215 kB     00:00    
Test OLM installation	Arrange OLM test installation	2025-05-28T18:10:46.0552451Z #14 3.144 (63/84): redhat-release-9.6-0.1.el9.x86_64.rpm  2.7 MB/s |  44 kB     00:00    
Test OLM installation	Arrange OLM test installation	2025-05-28T18:10:46.0553380Z #14 3.148 (64/84): sed-4.8-9.el9.x86_64.rpm                19 MB/s | 309 kB     00:00    
Test OLM installation	Arrange OLM test installation	2025-05-28T18:10:46.0553965Z #14 3.161 (65/84): setup-2.13.7-10.el9.noarch.rpm         9.3 MB/s | 150 kB     00:00    
Test OLM installation	Arrange OLM test installation	2025-05-28T18:10:46.0554558Z #14 3.168 (66/84): sqlite-libs-3.34.1-7.el9_3.x86_64.rpm   31 MB/s | 622 kB     00:00    
Test OLM installation	Arrange OLM test installation	2025-05-28T18:10:46.0555056Z #14 3.182 (67/84): systemd-libs-252-51.el9.x86_64.rpm      33 MB/s | 684 kB     00:00    
Test OLM installation	Arrange OLM test installation	2025-05-28T18:10:46.0555595Z #14 3.197 (68/84): python3-libs-3.9.21-2.el9.x86_64.rpm    78 MB/s | 8.1 MB     00:00    
Test OLM installation	Arrange OLM test installation	2025-05-28T18:10:46.0556078Z #14 3.199 (69/84): xz-libs-5.2.5-8.el9_0.x86_64.rpm       5.4 MB/s |  94 kB     00:00    
Test OLM installation	Arrange OLM test installation	2025-05-28T18:10:46.0556554Z #14 3.204 (70/84): tzdata-2025b-1.el9.noarch.rpm           23 MB/s | 842 kB     00:00    
Test OLM installation	Arrange OLM test installation	2025-05-28T18:10:46.0557061Z #14 3.213 (71/84): copy-jdk-configs-4.0-3.el9.noarch.rpm  2.0 MB/s |  29 kB     00:00    
Test OLM installation	Arrange OLM test installation	2025-05-28T18:10:46.0557544Z #14 3.216 (72/84): zlib-1.2.11-40.el9.x86_64.rpm          4.9 MB/s |  93 kB     00:00    
Test OLM installation	Arrange OLM test installation	2025-05-28T18:10:46.0557986Z #14 3.218 (73/84): lua-5.4.4-4.el9.x86_64.rpm              14 MB/s | 192 kB     00:00    
Test OLM installation	Arrange OLM test installation	2025-05-28T18:10:46.1578941Z #14 3.229 (74/84): lua-posix-35.0-8.el9.x86_64.rpm        9.9 MB/s | 155 kB     00:00    
Test OLM installation	Arrange OLM test installation	2025-05-28T18:10:46.1580042Z #14 3.239 (75/84): alsa-lib-1.2.13-2.el9.x86_64.rpm        23 MB/s | 530 kB     00:00    
Test OLM installation	Arrange OLM test installation	2025-05-28T18:10:46.1580695Z #14 3.248 (76/84): javapackages-filesystem-6.4.0-1.el9.no 892 kB/s |  17 kB     00:00    
Test OLM installation	Arrange OLM test installation	2025-05-28T18:10:46.1581264Z #14 3.270 (77/84): nss-3.101.0-10.el9_2.x86_64.rpm         34 MB/s | 720 kB     00:00    
Test OLM installation	Arrange OLM test installation	2025-05-28T18:10:46.1581753Z #14 3.278 (78/84): nspr-4.35.0-17.el9_2.x86_64.rpm        3.5 MB/s | 137 kB     00:00    
Test OLM installation	Arrange OLM test installation	2025-05-28T18:10:46.1582257Z #14 3.288 (79/84): nss-softokn-3.101.0-10.el9_2.x86_64.rp  21 MB/s | 393 kB     00:00    
Test OLM installation	Arrange OLM test installation	2025-05-28T18:10:46.1582793Z #14 3.298 (80/84): nss-softokn-freebl-3.101.0-10.el9_2.x8  15 MB/s | 313 kB     00:00    
Test OLM installation	Arrange OLM test installation	2025-05-28T18:10:46.1583327Z #14 3.303 (81/84): nss-sysinit-3.101.0-10.el9_2.x86_64.rp 1.4 MB/s |  21 kB     00:00    
Test OLM installation	Arrange OLM test installation	2025-05-28T18:10:46.1583894Z #14 3.317 (82/84): nss-util-3.101.0-10.el9_2.x86_64.rpm   5.1 MB/s |  92 kB     00:00    
Test OLM installation	Arrange OLM test installation	2025-05-28T18:10:46.1585866Z #14 3.321 (83/84): tzdata-java-2025b-1.el9.noarch.rpm      12 MB/s | 228 kB     00:00    
Test OLM installation	Arrange OLM test installation	2025-05-28T18:10:46.3546844Z #14 3.518 (84/84): java-21-openjdk-headless-21.0.7.0.6-1. 164 MB/s |  49 MB     00:00    
Test OLM installation	Arrange OLM test installation	2025-05-28T18:10:46.5940757Z #14 3.521 --------------------------------------------------------------------------------
Test OLM installation	Arrange OLM test installation	2025-05-28T18:10:46.5943228Z #14 3.522 Total                                            96 MB/s |  89 MB     00:00     
Test OLM installation	Arrange OLM test installation	2025-05-28T18:10:46.5943993Z #14 3.534 Red Hat Universal Base Image 9 (RPMs) - BaseOS  3.5 MB/s | 3.6 kB     00:00    
Test OLM installation	Arrange OLM test installation	2025-05-28T18:10:46.5944670Z #14 3.600 Importing GPG key 0xFD431D51:
Test OLM installation	Arrange OLM test installation	2025-05-28T18:10:46.5945269Z #14 3.600  Userid     : "Red Hat, Inc. (release key 2) <security@redhat.com>"
Test OLM installation	Arrange OLM test installation	2025-05-28T18:10:46.5945994Z #14 3.600  Fingerprint: 567E 347A D004 4ADE 55BA 8A5F 199E 2F91 FD43 1D51
Test OLM installation	Arrange OLM test installation	2025-05-28T18:10:46.5946730Z #14 3.600  From       : /etc/pki/rpm-gpg/RPM-GPG-KEY-redhat-release
Test OLM installation	Arrange OLM test installation	2025-05-28T18:10:46.5947286Z #14 3.604 Key imported successfully
Test OLM installation	Arrange OLM test installation	2025-05-28T18:10:46.5947719Z #14 3.605 Importing GPG key 0x5A6340B3:
Test OLM installation	Arrange OLM test installation	2025-05-28T18:10:46.5948300Z #14 3.605  Userid     : "Red Hat, Inc. (auxiliary key 3) <security@redhat.com>"
Test OLM installation	Arrange OLM test installation	2025-05-28T18:10:46.5949662Z #14 3.605  Fingerprint: 7E46 2425 8C40 6535 D56D 6F13 5054 E4A4 5A63 40B3
Test OLM installation	Arrange OLM test installation	2025-05-28T18:10:46.5950365Z #14 3.605  From       : /etc/pki/rpm-gpg/RPM-GPG-KEY-redhat-release
Test OLM installation	Arrange OLM test installation	2025-05-28T18:10:46.5950909Z #14 3.606 Key imported successfully
Test OLM installation	Arrange OLM test installation	2025-05-28T18:10:47.9298262Z #14 5.093 Running transaction check
Test OLM installation	Arrange OLM test installation	2025-05-28T18:10:48.1321205Z #14 5.145 Transaction check succeeded.
Test OLM installation	Arrange OLM test installation	2025-05-28T18:10:48.1321744Z #14 5.145 Running transaction test
Test OLM installation	Arrange OLM test installation	2025-05-28T18:10:48.6152184Z #14 5.778 Transaction test succeeded.
Test OLM installation	Arrange OLM test installation	2025-05-28T18:10:48.7658214Z #14 5.779 Running transaction
Test OLM installation	Arrange OLM test installation	2025-05-28T18:10:49.2213335Z #14 6.231   Running scriptlet: filesystem-3.16-5.el9.x86_64                           1/1 
Test OLM installation	Arrange OLM test installation	2025-05-28T18:10:49.2213926Z #14 6.233   Running scriptlet: copy-jdk-configs-4.0-3.el9.noarch                      1/1 
Test OLM installation	Arrange OLM test installation	2025-05-28T18:10:49.3368334Z #14 6.234   Running scriptlet: java-21-openjdk-headless-1:21.0.7.0.6-1.el9.x86_64     1/1 
Test OLM installation	Arrange OLM test installation	2025-05-28T18:10:49.4966425Z #14 6.500   Preparing        :                                                        1/1 
Test OLM installation	Arrange OLM test installation	2025-05-28T18:10:49.4967297Z #14 6.507   Installing       : libgcc-11.5.0-5.el9_5.x86_64                          1/84 
Test OLM installation	Arrange OLM test installation	2025-05-28T18:10:49.5316372Z #14 6.509   Running scriptlet: libgcc-11.5.0-5.el9_5.x86_64                          1/84 
Test OLM installation	Arrange OLM test installation	2025-05-28T18:10:49.6377277Z #14 6.695   Installing       : tzdata-2025b-1.el9.noarch                             2/84 
Test OLM installation	Arrange OLM test installation	2025-05-28T18:10:49.6377914Z #14 6.740   Installing       : tzdata-java-2025b-1.el9.noarch                        3/84 
Test OLM installation	Arrange OLM test installation	2025-05-28T18:10:49.6378479Z #14 6.746   Installing       : javapackages-filesystem-6.4.0-1.el9.noarch            4/84 
Test OLM installation	Arrange OLM test installation	2025-05-28T18:10:49.6379025Z #14 6.752   Installing       : redhat-release-9.6-0.1.el9.x86_64                     5/84 
Test OLM installation	Arrange OLM test installation	2025-05-28T18:10:49.6379816Z #14 6.760   Installing       : setup-2.13.7-10.el9.noarch                            6/84 
Test OLM installation	Arrange OLM test installation	2025-05-28T18:10:49.6380518Z #14 6.761   Running scriptlet: setup-2.13.7-10.el9.noarch                            6/84 
Test OLM installation	Arrange OLM test installation	2025-05-28T18:10:49.7796404Z #14 6.801   Installing       : filesystem-3.16-5.el9.x86_64                          7/84 
Test OLM installation	Arrange OLM test installation	2025-05-28T18:10:49.7798523Z #14 6.848   Installing       : basesystem-11-13.el9.noarch                           8/84 
Test OLM installation	Arrange OLM test installation	2025-05-28T18:10:49.7799767Z #14 6.852   Installing       : python3-setuptools-wheel-53.0.0-13.el9.noarch         9/84 
Test OLM installation	Arrange OLM test installation	2025-05-28T18:10:49.7800768Z #14 6.855   Installing       : pcre2-syntax-10.40-6.el9.noarch                      10/84 
Test OLM installation	Arrange OLM test installation	2025-05-28T18:10:49.7801708Z #14 6.875   Installing       : ncurses-base-6.2-10.20210508.el9.noarch              11/84 
Test OLM installation	Arrange OLM test installation	2025-05-28T18:10:49.9811567Z #14 6.943   Installing       : glibc-langpack-en-2.34-168.el9_6.14.x86_64           12/84 
Test OLM installation	Arrange OLM test installation	2025-05-28T18:10:49.9812579Z #14 6.957   Installing       : glibc-common-2.34-168.el9_6.14.x86_64                13/84 
Test OLM installation	Arrange OLM test installation	2025-05-28T18:10:49.9813218Z #14 6.960   Running scriptlet: glibc-2.34-168.el9_6.14.x86_64                       14/84 
Test OLM installation	Arrange OLM test installation	2025-05-28T18:10:49.9813810Z #14 6.991   Installing       : glibc-2.34-168.el9_6.14.x86_64                       14/84 
Test OLM installation	Arrange OLM test installation	2025-05-28T18:10:50.3271964Z #14 6.994   Running scriptlet: glibc-2.34-168.el9_6.14.x86_64                       14/84 
Test OLM installation	Arrange OLM test installation	2025-05-28T18:10:50.4313341Z #14 7.490   Installing       : ncurses-libs-6.2-10.20210508.el9.x86_64              15/84 
Test OLM installation	Arrange OLM test installation	2025-05-28T18:10:50.4314279Z #14 7.506   Installing       : bash-5.1.8-9.el9.x86_64                              16/84 
Test OLM installation	Arrange OLM test installation	2025-05-28T18:10:50.4315083Z #14 7.509   Running scriptlet: bash-5.1.8-9.el9.x86_64                              16/84 
Test OLM installation	Arrange OLM test installation	2025-05-28T18:10:50.4315935Z #14 7.525   Installing       : crypto-policies-20250128-1.git5269e22.el9.noarch     17/84 
Test OLM installation	Arrange OLM test installation	2025-05-28T18:10:50.4316858Z #14 7.527   Running scriptlet: crypto-policies-20250128-1.git5269e22.el9.noarch     17/84 
Test OLM installation	Arrange OLM test installation	2025-05-28T18:10:50.4317641Z #14 7.531   Installing       : nspr-4.35.0-17.el9_2.x86_64                          18/84 
Test OLM installation	Arrange OLM test installation	2025-05-28T18:10:50.4318078Z #14 7.534   Installing       : nss-util-3.101.0-10.el9_2.x86_64                     19/84 
Test OLM installation	Arrange OLM test installation	2025-05-28T18:10:50.4318496Z #14 7.537   Installing       : zlib-1.2.11-40.el9.x86_64                            20/84 
Test OLM installation	Arrange OLM test installation	2025-05-28T18:10:50.4319175Z #14 7.542   Installing       : readline-8.1-4.el9.x86_64                            21/84 
Test OLM installation	Arrange OLM test installation	2025-05-28T18:10:50.4320137Z #14 7.545   Installing       : libtasn1-4.16.0-9.el9.x86_64                         22/84 
Test OLM installation	Arrange OLM test installation	2025-05-28T18:10:50.4320585Z #14 7.549   Installing       : libxcrypt-4.4.18-3.el9.x86_64                        23/84 
Test OLM installation	Arrange OLM test installation	2025-05-28T18:10:50.4321023Z #14 7.556   Installing       : sqlite-libs-3.34.1-7.el9_3.x86_64                    24/84 
Test OLM installation	Arrange OLM test installation	2025-05-28T18:10:50.4321473Z #14 7.559   Installing       : alternatives-1.24-2.el9.x86_64                       25/84 
Test OLM installation	Arrange OLM test installation	2025-05-28T18:10:50.4321911Z #14 7.564   Installing       : gmp-1:6.2.0-13.el9.x86_64                            26/84 
Test OLM installation	Arrange OLM test installation	2025-05-28T18:10:50.4322340Z #14 7.567   Installing       : libattr-2.5.1-3.el9.x86_64                           27/84 
Test OLM installation	Arrange OLM test installation	2025-05-28T18:10:50.4322758Z #14 7.570   Installing       : libacl-2.3.1-4.el9.x86_64                            28/84 
Test OLM installation	Arrange OLM test installation	2025-05-28T18:10:50.4323520Z #14 7.575   Installing       : libcap-2.48-9.el9_2.x86_64                           29/84 
Test OLM installation	Arrange OLM test installation	2025-05-28T18:10:50.4324341Z #14 7.578   Installing       : libffi-3.4.2-8.el9.x86_64                            30/84 
Test OLM installation	Arrange OLM test installation	2025-05-28T18:10:50.4325132Z #14 7.589   Installing       : p11-kit-0.25.3-3.el9_5.x86_64                        31/84 
Test OLM installation	Arrange OLM test installation	2025-05-28T18:10:50.5833759Z #14 7.594   Installing       : p11-kit-trust-0.25.3-3.el9_5.x86_64                  32/84 
Test OLM installation	Arrange OLM test installation	2025-05-28T18:10:50.6773200Z #14 7.596   Running scriptlet: p11-kit-trust-0.25.3-3.el9_5.x86_64                  32/84 
Test OLM installation	Arrange OLM test installation	2025-05-28T18:10:50.7796326Z #14 7.840   Installing       : libsigsegv-2.13-4.el9.x86_64                         33/84 
Test OLM installation	Arrange OLM test installation	2025-05-28T18:10:50.7798304Z #14 7.850   Installing       : libunistring-0.9.10-15.el9.x86_64                    34/84 
Test OLM installation	Arrange OLM test installation	2025-05-28T18:10:50.7799186Z #14 7.853   Installing       : lua-libs-5.4.4-4.el9.x86_64                          35/84 
Test OLM installation	Arrange OLM test installation	2025-05-28T18:10:50.7800239Z #14 7.857   Installing       : xz-libs-5.2.5-8.el9_0.x86_64                         36/84 
Test OLM installation	Arrange OLM test installation	2025-05-28T18:10:50.7813549Z #14 7.861   Installing       : lua-5.4.4-4.el9.x86_64                               37/84 
Test OLM installation	Arrange OLM test installation	2025-05-28T18:10:50.7814300Z #14 7.875   Installing       : lua-posix-35.0-8.el9.x86_64                          38/84 
Test OLM installation	Arrange OLM test installation	2025-05-28T18:10:50.7815011Z #14 7.880   Installing       : libidn2-2.3.0-7.el9.x86_64                           39/84 
Test OLM installation	Arrange OLM test installation	2025-05-28T18:10:50.7815709Z #14 7.886   Installing       : mpfr-4.1.0-7.el9.x86_64                              40/84 
Test OLM installation	Arrange OLM test installation	2025-05-28T18:10:50.7816396Z #14 7.900   Installing       : gawk-5.1.0-6.el9.x86_64                              41/84 
Test OLM installation	Arrange OLM test installation	2025-05-28T18:10:50.7817127Z #14 7.908   Installing       : nss-softokn-freebl-3.101.0-10.el9_2.x86_64           42/84 
Test OLM installation	Arrange OLM test installation	2025-05-28T18:10:50.7817892Z #14 7.917   Installing       : nss-softokn-3.101.0-10.el9_2.x86_64                  43/84 
Test OLM installation	Arrange OLM test installation	2025-05-28T18:10:50.7818635Z #14 7.922   Installing       : lksctp-tools-1.0.19-3.el9_4.x86_64                   44/84 
Test OLM installation	Arrange OLM test installation	2025-05-28T18:10:50.7819602Z #14 7.925   Installing       : bzip2-libs-1.0.8-10.el9_5.x86_64                     45/84 
Test OLM installation	Arrange OLM test installation	2025-05-28T18:10:50.7820673Z #14 7.929   Installing       : expat-2.5.0-5.el9_6.x86_64                           46/84 
Test OLM installation	Arrange OLM test installation	2025-05-28T18:10:50.7821500Z #14 7.932   Installing       : gdbm-libs-1:1.23-1.el9.x86_64                        47/84 
Test OLM installation	Arrange OLM test installation	2025-05-28T18:10:50.7822336Z #14 7.935   Installing       : keyutils-libs-1.6.3-1.el9.x86_64                     48/84 
Test OLM installation	Arrange OLM test installation	2025-05-28T18:10:50.7823180Z #14 7.938   Installing       : libcom_err-1.46.5-7.el9.x86_64                       49/84 
Test OLM installation	Arrange OLM test installation	2025-05-28T18:10:51.0281684Z #14 7.943   Installing       : libgpg-error-1.42-5.el9.x86_64                       50/84 
Test OLM installation	Arrange OLM test installation	2025-05-28T18:10:51.0282580Z #14 7.951   Installing       : libgcrypt-1.10.0-11.el9.x86_64                       51/84 
Test OLM installation	Arrange OLM test installation	2025-05-28T18:10:51.0283358Z #14 7.956   Installing       : libsepol-3.6-2.el9.x86_64                            52/84 
Test OLM installation	Arrange OLM test installation	2025-05-28T18:10:51.0284115Z #14 7.959   Installing       : libuuid-2.37.4-21.el9.x86_64                         53/84 
Test OLM installation	Arrange OLM test installation	2025-05-28T18:10:51.0285194Z #14 7.962   Installing       : libverto-0.3.2-3.el9.x86_64                          54/84 
Test OLM installation	Arrange OLM test installation	2025-05-28T18:10:51.0285946Z #14 7.967   Installing       : libzstd-1.5.5-1.el9.x86_64                           55/84 
Test OLM installation	Arrange OLM test installation	2025-05-28T18:10:51.0286694Z #14 7.970   Installing       : lz4-libs-1.9.3-5.el9.x86_64                          56/84 
Test OLM installation	Arrange OLM test installation	2025-05-28T18:10:51.0287422Z #14 7.977   Installing       : nettle-3.10.1-1.el9.x86_64                           57/84 
Test OLM installation	Arrange OLM test installation	2025-05-28T18:10:51.0288150Z #14 7.989   Installing       : gnutls-3.8.3-6.el9.x86_64                            58/84 
Test OLM installation	Arrange OLM test installation	2025-05-28T18:10:51.0288889Z #14 7.995   Installing       : pcre-8.44-4.el9.x86_64                               59/84 
Test OLM installation	Arrange OLM test installation	2025-05-28T18:10:51.0289778Z #14 8.000   Installing       : grep-3.6-5.el9.x86_64                                60/84 
Test OLM installation	Arrange OLM test installation	2025-05-28T18:10:51.0290502Z #14 8.005   Installing       : pcre2-10.40-6.el9.x86_64                             61/84 
Test OLM installation	Arrange OLM test installation	2025-05-28T18:10:51.0291258Z #14 8.009   Installing       : libselinux-3.6-3.el9.x86_64                          62/84 
Test OLM installation	Arrange OLM test installation	2025-05-28T18:10:51.0292042Z #14 8.032   Installing       : coreutils-single-8.32-39.el9.x86_64                  63/84 
Test OLM installation	Arrange OLM test installation	2025-05-28T18:10:51.0292792Z #14 8.037   Installing       : sed-4.8-9.el9.x86_64                                 64/84 
Test OLM installation	Arrange OLM test installation	2025-05-28T18:10:51.1340296Z #14 8.041   Running scriptlet: ca-certificates-2024.2.69_v8.0.303-91.4.el9_4.noar   65/84 
Test OLM installation	Arrange OLM test installation	2025-05-28T18:10:51.2880951Z #14 8.297   Installing       : ca-certificates-2024.2.69_v8.0.303-91.4.el9_4.noar   65/84 
Test OLM installation	Arrange OLM test installation	2025-05-28T18:10:52.2244708Z #14 8.301   Running scriptlet: ca-certificates-2024.2.69_v8.0.303-91.4.el9_4.noar   65/84 
Test OLM installation	Arrange OLM test installation	2025-05-28T18:10:52.4371443Z #14 9.387   Installing       : python3-pip-wheel-21.3.1-1.el9.noarch                66/84 
Test OLM installation	Arrange OLM test installation	2025-05-28T18:10:52.4372435Z #14 9.395   Installing       : openssl-fips-provider-so-3.0.7-6.el9_5.x86_64        67/84 
Test OLM installation	Arrange OLM test installation	2025-05-28T18:10:52.4373285Z #14 9.397   Installing       : openssl-fips-provider-3.0.7-6.el9_5.x86_64           68/84 
Test OLM installation	Arrange OLM test installation	2025-05-28T18:10:52.4374182Z #14 9.422   Installing       : openssl-libs-1:3.2.2-6.el9_5.1.x86_64                69/84 
Test OLM installation	Arrange OLM test installation	2025-05-28T18:10:52.4374978Z #14 9.437   Installing       : krb5-libs-1.21.1-6.el9.x86_64                        70/84 
Test OLM installation	Arrange OLM test installation	2025-05-28T18:10:52.4375789Z #14 9.446   Installing       : libevent-2.1.12-8.el9_4.x86_64                       71/84 
Test OLM installation	Arrange OLM test installation	2025-05-28T18:10:52.6346766Z #14 9.450   Installing       : python3-3.9.21-2.el9.x86_64                          72/84 
Test OLM installation	Arrange OLM test installation	2025-05-28T18:10:52.8238828Z #14 9.798   Installing       : python3-libs-3.9.21-2.el9.x86_64                     73/84 
Test OLM installation	Arrange OLM test installation	2025-05-28T18:10:52.8239945Z #14 9.821   Installing       : crypto-policies-scripts-20250128-1.git5269e22.el9.   74/84 
Test OLM installation	Arrange OLM test installation	2025-05-28T18:10:52.8240490Z #14 9.824   Installing       : nss-sysinit-3.101.0-10.el9_2.x86_64                  75/84 
Test OLM installation	Arrange OLM test installation	2025-05-28T18:10:52.8240963Z #14 9.834   Installing       : nss-3.101.0-10.el9_2.x86_64                          76/84 
Test OLM installation	Arrange OLM test installation	2025-05-28T18:10:52.9844140Z #14 9.837   Running scriptlet: nss-3.101.0-10.el9_2.x86_64                          76/84 
Test OLM installation	Arrange OLM test installation	2025-05-28T18:10:52.9847153Z #14 10.14   Installing       : systemd-libs-252-51.el9.x86_64                       77/84 
Test OLM installation	Arrange OLM test installation	2025-05-28T18:10:53.3410766Z #14 10.14   Running scriptlet: systemd-libs-252-51.el9.x86_64                       77/84 
Test OLM installation	Arrange OLM test installation	2025-05-28T18:10:53.5278172Z #14 10.50   Installing       : dbus-libs-1:1.12.20-8.el9.x86_64                     78/84 
Test OLM installation	Arrange OLM test installation	2025-05-28T18:10:53.5279072Z #14 10.51   Installing       : avahi-libs-0.8-22.el9_6.x86_64                       79/84 
Test OLM installation	Arrange OLM test installation	2025-05-28T18:10:53.5280289Z #14 10.51   Installing       : cups-libs-1:2.3.3op2-33.el9.x86_64                   80/84 
Test OLM installation	Arrange OLM test installation	2025-05-28T18:10:53.5281072Z #14 10.52   Installing       : findutils-1:4.8.0-7.el9.x86_64                       81/84 
Test OLM installation	Arrange OLM test installation	2025-05-28T18:10:53.5281892Z #14 10.52   Installing       : copy-jdk-configs-4.0-3.el9.noarch                    82/84 
Test OLM installation	Arrange OLM test installation	2025-05-28T18:10:54.0464738Z #14 10.54   Installing       : alsa-lib-1.2.13-2.el9.x86_64                         83/84 
Test OLM installation	Arrange OLM test installation	2025-05-28T18:10:54.2670074Z #14 11.21   Installing       : java-21-openjdk-headless-1:21.0.7.0.6-1.el9.x86_64   84/84 
Test OLM installation	Arrange OLM test installation	2025-05-28T18:10:54.5212212Z #14 11.43   Running scriptlet: java-21-openjdk-headless-1:21.0.7.0.6-1.el9.x86_64   84/84 
Test OLM installation	Arrange OLM test installation	2025-05-28T18:10:54.7686811Z #14 11.68   Running scriptlet: filesystem-3.16-5.el9.x86_64                         84/84 
Test OLM installation	Arrange OLM test installation	2025-05-28T18:10:55.8703056Z #14 11.93   Running scriptlet: ca-certificates-2024.2.69_v8.0.303-91.4.el9_4.noar   84/84 
Test OLM installation	Arrange OLM test installation	2025-05-28T18:10:56.4582132Z #14 13.03   Running scriptlet: crypto-policies-scripts-20250128-1.git5269e22.el9.   84/84 
Test OLM installation	Arrange OLM test installation	2025-05-28T18:10:57.0419716Z #14 13.62   Running scriptlet: nss-3.101.0-10.el9_2.x86_64                          84/84 
Test OLM installation	Arrange OLM test installation	2025-05-28T18:10:57.2876194Z #14 14.21   Running scriptlet: copy-jdk-configs-4.0-3.el9.noarch                    84/84 
Test OLM installation	Arrange OLM test installation	2025-05-28T18:10:57.8420915Z #14 14.45   Running scriptlet: java-21-openjdk-headless-1:21.0.7.0.6-1.el9.x86_64   84/84 
Test OLM installation	Arrange OLM test installation	2025-05-28T18:10:58.0295253Z #14 15.00   Verifying        : alternatives-1.24-2.el9.x86_64                        1/84 
Test OLM installation	Arrange OLM test installation	2025-05-28T18:10:58.0298476Z #14 15.00   Verifying        : avahi-libs-0.8-22.el9_6.x86_64                        2/84 
Test OLM installation	Arrange OLM test installation	2025-05-28T18:10:58.0299597Z #14 15.01   Verifying        : basesystem-11-13.el9.noarch                           3/84 
Test OLM installation	Arrange OLM test installation	2025-05-28T18:10:58.0300361Z #14 15.01   Verifying        : bash-5.1.8-9.el9.x86_64                               4/84 
Test OLM installation	Arrange OLM test installation	2025-05-28T18:10:58.0301093Z #14 15.01   Verifying        : bzip2-libs-1.0.8-10.el9_5.x86_64                      5/84 
Test OLM installation	Arrange OLM test installation	2025-05-28T18:10:58.0301749Z #14 15.01   Verifying        : ca-certificates-2024.2.69_v8.0.303-91.4.el9_4.noar    6/84 
Test OLM installation	Arrange OLM test installation	2025-05-28T18:10:58.0302230Z #14 15.01   Verifying        : coreutils-single-8.32-39.el9.x86_64                   7/84 
Test OLM installation	Arrange OLM test installation	2025-05-28T18:10:58.0302703Z #14 15.01   Verifying        : crypto-policies-20250128-1.git5269e22.el9.noarch      8/84 
Test OLM installation	Arrange OLM test installation	2025-05-28T18:10:58.0303180Z #14 15.01   Verifying        : crypto-policies-scripts-20250128-1.git5269e22.el9.    9/84 
Test OLM installation	Arrange OLM test installation	2025-05-28T18:10:58.0303683Z #14 15.01   Verifying        : cups-libs-1:2.3.3op2-33.el9.x86_64                   10/84 
Test OLM installation	Arrange OLM test installation	2025-05-28T18:10:58.0304104Z #14 15.01   Verifying        : dbus-libs-1:1.12.20-8.el9.x86_64                     11/84 
Test OLM installation	Arrange OLM test installation	2025-05-28T18:10:58.0304511Z #14 15.01   Verifying        : expat-2.5.0-5.el9_6.x86_64                           12/84 
Test OLM installation	Arrange OLM test installation	2025-05-28T18:10:58.0304924Z #14 15.01   Verifying        : filesystem-3.16-5.el9.x86_64                         13/84 
Test OLM installation	Arrange OLM test installation	2025-05-28T18:10:58.0305338Z #14 15.01   Verifying        : findutils-1:4.8.0-7.el9.x86_64                       14/84 
Test OLM installation	Arrange OLM test installation	2025-05-28T18:10:58.0305740Z #14 15.01   Verifying        : gawk-5.1.0-6.el9.x86_64                              15/84 
Test OLM installation	Arrange OLM test installation	2025-05-28T18:10:58.0306133Z #14 15.01   Verifying        : gdbm-libs-1:1.23-1.el9.x86_64                        16/84 
Test OLM installation	Arrange OLM test installation	2025-05-28T18:10:58.0306532Z #14 15.01   Verifying        : glibc-2.34-168.el9_6.14.x86_64                       17/84 
Test OLM installation	Arrange OLM test installation	2025-05-28T18:10:58.0307151Z #14 15.01   Verifying        : glibc-common-2.34-168.el9_6.14.x86_64                18/84 
Test OLM installation	Arrange OLM test installation	2025-05-28T18:10:58.0307987Z #14 15.01   Verifying        : glibc-langpack-en-2.34-168.el9_6.14.x86_64           19/84 
Test OLM installation	Arrange OLM test installation	2025-05-28T18:10:58.0308404Z #14 15.01   Verifying        : gmp-1:6.2.0-13.el9.x86_64                            20/84 
Test OLM installation	Arrange OLM test installation	2025-05-28T18:10:58.0308804Z #14 15.01   Verifying        : gnutls-3.8.3-6.el9.x86_64                            21/84 
Test OLM installation	Arrange OLM test installation	2025-05-28T18:10:58.0309207Z #14 15.01   Verifying        : grep-3.6-5.el9.x86_64                                22/84 
Test OLM installation	Arrange OLM test installation	2025-05-28T18:10:58.0310001Z #14 15.01   Verifying        : keyutils-libs-1.6.3-1.el9.x86_64                     23/84 
Test OLM installation	Arrange OLM test installation	2025-05-28T18:10:58.0310545Z #14 15.01   Verifying        : krb5-libs-1.21.1-6.el9.x86_64                        24/84 
Test OLM installation	Arrange OLM test installation	2025-05-28T18:10:58.0310960Z #14 15.01   Verifying        : libacl-2.3.1-4.el9.x86_64                            25/84 
Test OLM installation	Arrange OLM test installation	2025-05-28T18:10:58.0311468Z #14 15.01   Verifying        : libattr-2.5.1-3.el9.x86_64                           26/84 
Test OLM installation	Arrange OLM test installation	2025-05-28T18:10:58.0312206Z #14 15.01   Verifying        : libcap-2.48-9.el9_2.x86_64                           27/84 
Test OLM installation	Arrange OLM test installation	2025-05-28T18:10:58.0312617Z #14 15.01   Verifying        : libcom_err-1.46.5-7.el9.x86_64                       28/84 
Test OLM installation	Arrange OLM test installation	2025-05-28T18:10:58.0313135Z #14 15.01   Verifying        : libevent-2.1.12-8.el9_4.x86_64                       29/84 
Test OLM installation	Arrange OLM test installation	2025-05-28T18:10:58.0313551Z #14 15.01   Verifying        : libffi-3.4.2-8.el9.x86_64                            30/84 
Test OLM installation	Arrange OLM test installation	2025-05-28T18:10:58.0314069Z #14 15.01   Verifying        : libgcc-11.5.0-5.el9_5.x86_64                         31/84 
Test OLM installation	Arrange OLM test installation	2025-05-28T18:10:58.0314527Z #14 15.01   Verifying        : libgcrypt-1.10.0-11.el9.x86_64                       32/84 
Test OLM installation	Arrange OLM test installation	2025-05-28T18:10:58.0315013Z #14 15.01   Verifying        : libgpg-error-1.42-5.el9.x86_64                       33/84 
Test OLM installation	Arrange OLM test installation	2025-05-28T18:10:58.0315534Z #14 15.01   Verifying        : libidn2-2.3.0-7.el9.x86_64                           34/84 
Test OLM installation	Arrange OLM test installation	2025-05-28T18:10:58.0315946Z #14 15.01   Verifying        : libselinux-3.6-3.el9.x86_64                          35/84 
Test OLM installation	Arrange OLM test installation	2025-05-28T18:10:58.0316481Z #14 15.01   Verifying        : libsepol-3.6-2.el9.x86_64                            36/84 
Test OLM installation	Arrange OLM test installation	2025-05-28T18:10:58.0316895Z #14 15.01   Verifying        : libsigsegv-2.13-4.el9.x86_64                         37/84 
Test OLM installation	Arrange OLM test installation	2025-05-28T18:10:58.0317411Z #14 15.01   Verifying        : libtasn1-4.16.0-9.el9.x86_64                         38/84 
Test OLM installation	Arrange OLM test installation	2025-05-28T18:10:58.0318118Z #14 15.01   Verifying        : libunistring-0.9.10-15.el9.x86_64                    39/84 
Test OLM installation	Arrange OLM test installation	2025-05-28T18:10:58.0318625Z #14 15.01   Verifying        : libuuid-2.37.4-21.el9.x86_64                         40/84 
Test OLM installation	Arrange OLM test installation	2025-05-28T18:10:58.0319044Z #14 15.01   Verifying        : libverto-0.3.2-3.el9.x86_64                          41/84 
Test OLM installation	Arrange OLM test installation	2025-05-28T18:10:58.0319780Z #14 15.01   Verifying        : libxcrypt-4.4.18-3.el9.x86_64                        42/84 
Test OLM installation	Arrange OLM test installation	2025-05-28T18:10:58.0320203Z #14 15.01   Verifying        : libzstd-1.5.5-1.el9.x86_64                           43/84 
Test OLM installation	Arrange OLM test installation	2025-05-28T18:10:58.0320628Z #14 15.01   Verifying        : lksctp-tools-1.0.19-3.el9_4.x86_64                   44/84 
Test OLM installation	Arrange OLM test installation	2025-05-28T18:10:58.0321042Z #14 15.01   Verifying        : lua-libs-5.4.4-4.el9.x86_64                          45/84 
Test OLM installation	Arrange OLM test installation	2025-05-28T18:10:58.0321438Z #14 15.01   Verifying        : lz4-libs-1.9.3-5.el9.x86_64                          46/84 
Test OLM installation	Arrange OLM test installation	2025-05-28T18:10:58.0321833Z #14 15.01   Verifying        : mpfr-4.1.0-7.el9.x86_64                              47/84 
Test OLM installation	Arrange OLM test installation	2025-05-28T18:10:58.0322244Z #14 15.01   Verifying        : ncurses-base-6.2-10.20210508.el9.noarch              48/84 
Test OLM installation	Arrange OLM test installation	2025-05-28T18:10:58.0322666Z #14 15.01   Verifying        : ncurses-libs-6.2-10.20210508.el9.x86_64              49/84 
Test OLM installation	Arrange OLM test installation	2025-05-28T18:10:58.0323072Z #14 15.01   Verifying        : nettle-3.10.1-1.el9.x86_64                           50/84 
Test OLM installation	Arrange OLM test installation	2025-05-28T18:10:58.0323493Z #14 15.01   Verifying        : openssl-fips-provider-3.0.7-6.el9_5.x86_64           51/84 
Test OLM installation	Arrange OLM test installation	2025-05-28T18:10:58.0323941Z #14 15.01   Verifying        : openssl-fips-provider-so-3.0.7-6.el9_5.x86_64        52/84 
Test OLM installation	Arrange OLM test installation	2025-05-28T18:10:58.0324545Z #14 15.01   Verifying        : openssl-libs-1:3.2.2-6.el9_5.1.x86_64                53/84 
Test OLM installation	Arrange OLM test installation	2025-05-28T18:10:58.0324954Z #14 15.01   Verifying        : p11-kit-0.25.3-3.el9_5.x86_64                        54/84 
Test OLM installation	Arrange OLM test installation	2025-05-28T18:10:58.0325364Z #14 15.01   Verifying        : p11-kit-trust-0.25.3-3.el9_5.x86_64                  55/84 
Test OLM installation	Arrange OLM test installation	2025-05-28T18:10:58.0325768Z #14 15.01   Verifying        : pcre-8.44-4.el9.x86_64                               56/84 
Test OLM installation	Arrange OLM test installation	2025-05-28T18:10:58.0326167Z #14 15.01   Verifying        : pcre2-10.40-6.el9.x86_64                             57/84 
Test OLM installation	Arrange OLM test installation	2025-05-28T18:10:58.0326585Z #14 15.01   Verifying        : pcre2-syntax-10.40-6.el9.noarch                      58/84 
Test OLM installation	Arrange OLM test installation	2025-05-28T18:10:58.0327000Z #14 15.01   Verifying        : python3-3.9.21-2.el9.x86_64                          59/84 
Test OLM installation	Arrange OLM test installation	2025-05-28T18:10:58.0327411Z #14 15.01   Verifying        : python3-libs-3.9.21-2.el9.x86_64                     60/84 
Test OLM installation	Arrange OLM test installation	2025-05-28T18:10:58.0327967Z #14 15.01   Verifying        : python3-pip-wheel-21.3.1-1.el9.noarch                61/84 
Test OLM installation	Arrange OLM test installation	2025-05-28T18:10:58.0328422Z #14 15.01   Verifying        : python3-setuptools-wheel-53.0.0-13.el9.noarch        62/84 
Test OLM installation	Arrange OLM test installation	2025-05-28T18:10:58.0328857Z #14 15.01   Verifying        : readline-8.1-4.el9.x86_64                            63/84 
Test OLM installation	Arrange OLM test installation	2025-05-28T18:10:58.0329463Z #14 15.01   Verifying        : redhat-release-9.6-0.1.el9.x86_64                    64/84 
Test OLM installation	Arrange OLM test installation	2025-05-28T18:10:58.0329880Z #14 15.01   Verifying        : sed-4.8-9.el9.x86_64                                 65/84 
Test OLM installation	Arrange OLM test installation	2025-05-28T18:10:58.0330276Z #14 15.01   Verifying        : setup-2.13.7-10.el9.noarch                           66/84 
Test OLM installation	Arrange OLM test installation	2025-05-28T18:10:58.0330683Z #14 15.01   Verifying        : sqlite-libs-3.34.1-7.el9_3.x86_64                    67/84 
Test OLM installation	Arrange OLM test installation	2025-05-28T18:10:58.0331098Z #14 15.01   Verifying        : systemd-libs-252-51.el9.x86_64                       68/84 
Test OLM installation	Arrange OLM test installation	2025-05-28T18:10:58.0331508Z #14 15.01   Verifying        : tzdata-2025b-1.el9.noarch                            69/84 
Test OLM installation	Arrange OLM test installation	2025-05-28T18:10:58.0331922Z #14 15.01   Verifying        : xz-libs-5.2.5-8.el9_0.x86_64                         70/84 
Test OLM installation	Arrange OLM test installation	2025-05-28T18:10:58.0332315Z #14 15.01   Verifying        : zlib-1.2.11-40.el9.x86_64                            71/84 
Test OLM installation	Arrange OLM test installation	2025-05-28T18:10:58.0332726Z #14 15.01   Verifying        : copy-jdk-configs-4.0-3.el9.noarch                    72/84 
Test OLM installation	Arrange OLM test installation	2025-05-28T18:10:58.0333133Z #14 15.01   Verifying        : lua-5.4.4-4.el9.x86_64                               73/84 
Test OLM installation	Arrange OLM test installation	2025-05-28T18:10:58.0333530Z #14 15.01   Verifying        : lua-posix-35.0-8.el9.x86_64                          74/84 
Test OLM installation	Arrange OLM test installation	2025-05-28T18:10:58.0333935Z #14 15.01   Verifying        : alsa-lib-1.2.13-2.el9.x86_64                         75/84 
Test OLM installation	Arrange OLM test installation	2025-05-28T18:10:58.0334353Z #14 15.01   Verifying        : java-21-openjdk-headless-1:21.0.7.0.6-1.el9.x86_64   76/84 
Test OLM installation	Arrange OLM test installation	2025-05-28T18:10:58.0334792Z #14 15.01   Verifying        : javapackages-filesystem-6.4.0-1.el9.noarch           77/84 
Test OLM installation	Arrange OLM test installation	2025-05-28T18:10:58.0335222Z #14 15.01   Verifying        : nspr-4.35.0-17.el9_2.x86_64                          78/84 
Test OLM installation	Arrange OLM test installation	2025-05-28T18:10:58.0335614Z #14 15.01   Verifying        : nss-3.101.0-10.el9_2.x86_64                          79/84 
Test OLM installation	Arrange OLM test installation	2025-05-28T18:10:58.0336016Z #14 15.01   Verifying        : nss-softokn-3.101.0-10.el9_2.x86_64                  80/84 
Test OLM installation	Arrange OLM test installation	2025-05-28T18:10:58.0336436Z #14 15.01   Verifying        : nss-softokn-freebl-3.101.0-10.el9_2.x86_64           81/84 
Test OLM installation	Arrange OLM test installation	2025-05-28T18:10:58.0336860Z #14 15.01   Verifying        : nss-sysinit-3.101.0-10.el9_2.x86_64                  82/84 
Test OLM installation	Arrange OLM test installation	2025-05-28T18:10:58.0337274Z #14 15.01   Verifying        : nss-util-3.101.0-10.el9_2.x86_64                     83/84 
Test OLM installation	Arrange OLM test installation	2025-05-28T18:10:58.0337690Z #14 15.01   Verifying        : tzdata-java-2025b-1.el9.noarch                       84/84 
Test OLM installation	Arrange OLM test installation	2025-05-28T18:10:58.0338037Z #14 15.08 Installed products updated.
Test OLM installation	Arrange OLM test installation	2025-05-28T18:10:58.0338290Z #14 15.09 
Test OLM installation	Arrange OLM test installation	2025-05-28T18:10:58.0338460Z #14 15.09 Installed:
Test OLM installation	Arrange OLM test installation	2025-05-28T18:10:58.0338757Z #14 15.09   alsa-lib-1.2.13-2.el9.x86_64                                                  
Test OLM installation	Arrange OLM test installation	2025-05-28T18:10:58.0339518Z #14 15.09   alternatives-1.24-2.el9.x86_64                                                
Test OLM installation	Arrange OLM test installation	2025-05-28T18:10:58.0339949Z #14 15.09   avahi-libs-0.8-22.el9_6.x86_64                                                
Test OLM installation	Arrange OLM test installation	2025-05-28T18:10:58.0340359Z #14 15.09   basesystem-11-13.el9.noarch                                                   
Test OLM installation	Arrange OLM test installation	2025-05-28T18:10:58.0340749Z #14 15.09   bash-5.1.8-9.el9.x86_64                                                       
Test OLM installation	Arrange OLM test installation	2025-05-28T18:10:58.0341129Z #14 15.09   bzip2-libs-1.0.8-10.el9_5.x86_64                                              
Test OLM installation	Arrange OLM test installation	2025-05-28T18:10:58.0341553Z #14 15.09   ca-certificates-2024.2.69_v8.0.303-91.4.el9_4.noarch                          
Test OLM installation	Arrange OLM test installation	2025-05-28T18:10:58.0341994Z #14 15.09   copy-jdk-configs-4.0-3.el9.noarch                                             
Test OLM installation	Arrange OLM test installation	2025-05-28T18:10:58.0342426Z #14 15.09   coreutils-single-8.32-39.el9.x86_64                                           
Test OLM installation	Arrange OLM test installation	2025-05-28T18:10:58.0343029Z #14 15.09   crypto-policies-20250128-1.git5269e22.el9.noarch                              
Test OLM installation	Arrange OLM test installation	2025-05-28T18:10:58.0343534Z #14 15.09   crypto-policies-scripts-20250128-1.git5269e22.el9.noarch                      
Test OLM installation	Arrange OLM test installation	2025-05-28T18:10:58.0343994Z #14 15.09   cups-libs-1:2.3.3op2-33.el9.x86_64                                            
Test OLM installation	Arrange OLM test installation	2025-05-28T18:10:58.0344387Z #14 15.09   dbus-libs-1:1.12.20-8.el9.x86_64                                              
Test OLM installation	Arrange OLM test installation	2025-05-28T18:10:58.0344765Z #14 15.09   expat-2.5.0-5.el9_6.x86_64                                                    
Test OLM installation	Arrange OLM test installation	2025-05-28T18:10:58.0345146Z #14 15.09   filesystem-3.16-5.el9.x86_64                                                  
Test OLM installation	Arrange OLM test installation	2025-05-28T18:10:58.0345535Z #14 15.09   findutils-1:4.8.0-7.el9.x86_64                                                
Test OLM installation	Arrange OLM test installation	2025-05-28T18:10:58.0345906Z #14 15.09   gawk-5.1.0-6.el9.x86_64                                                       
Test OLM installation	Arrange OLM test installation	2025-05-28T18:10:58.0346268Z #14 15.09   gdbm-libs-1:1.23-1.el9.x86_64                                                 
Test OLM installation	Arrange OLM test installation	2025-05-28T18:10:58.0346654Z #14 15.09   glibc-2.34-168.el9_6.14.x86_64                                                
Test OLM installation	Arrange OLM test installation	2025-05-28T18:10:58.0347048Z #14 15.09   glibc-common-2.34-168.el9_6.14.x86_64                                         
Test OLM installation	Arrange OLM test installation	2025-05-28T18:10:58.0347477Z #14 15.09   glibc-langpack-en-2.34-168.el9_6.14.x86_64                                    
Test OLM installation	Arrange OLM test installation	2025-05-28T18:10:58.0347873Z #14 15.09   gmp-1:6.2.0-13.el9.x86_64                                                     
Test OLM installation	Arrange OLM test installation	2025-05-28T18:10:58.0348235Z #14 15.09   gnutls-3.8.3-6.el9.x86_64                                                     
Test OLM installation	Arrange OLM test installation	2025-05-28T18:10:58.0348598Z #14 15.09   grep-3.6-5.el9.x86_64                                                         
Test OLM installation	Arrange OLM test installation	2025-05-28T18:10:58.0349000Z #14 15.09   java-21-openjdk-headless-1:21.0.7.0.6-1.el9.x86_64                            
Test OLM installation	Arrange OLM test installation	2025-05-28T18:10:58.0349665Z #14 15.09   javapackages-filesystem-6.4.0-1.el9.noarch                                    
Test OLM installation	Arrange OLM test installation	2025-05-28T18:10:58.0350130Z #14 15.09   keyutils-libs-1.6.3-1.el9.x86_64                                              
Test OLM installation	Arrange OLM test installation	2025-05-28T18:10:58.0350538Z #14 15.09   krb5-libs-1.21.1-6.el9.x86_64                                                 
Test OLM installation	Arrange OLM test installation	2025-05-28T18:10:58.0350915Z #14 15.09   libacl-2.3.1-4.el9.x86_64                                                     
Test OLM installation	Arrange OLM test installation	2025-05-28T18:10:58.0351290Z #14 15.09   libattr-2.5.1-3.el9.x86_64                                                    
Test OLM installation	Arrange OLM test installation	2025-05-28T18:10:58.0351663Z #14 15.09   libcap-2.48-9.el9_2.x86_64                                                    
Test OLM installation	Arrange OLM test installation	2025-05-28T18:10:58.0352037Z #14 15.09   libcom_err-1.46.5-7.el9.x86_64                                                
Test OLM installation	Arrange OLM test installation	2025-05-28T18:10:58.0352431Z #14 15.09   libevent-2.1.12-8.el9_4.x86_64                                                
Test OLM installation	Arrange OLM test installation	2025-05-28T18:10:58.0352812Z #14 15.09   libffi-3.4.2-8.el9.x86_64                                                     
Test OLM installation	Arrange OLM test installation	2025-05-28T18:10:58.0353185Z #14 15.09   libgcc-11.5.0-5.el9_5.x86_64                                                  
Test OLM installation	Arrange OLM test installation	2025-05-28T18:10:58.0353716Z #14 15.09   libgcrypt-1.10.0-11.el9.x86_64                                                
Test OLM installation	Arrange OLM test installation	2025-05-28T18:10:58.0354119Z #14 15.09   libgpg-error-1.42-5.el9.x86_64                                                
Test OLM installation	Arrange OLM test installation	2025-05-28T18:10:58.0354508Z #14 15.09   libidn2-2.3.0-7.el9.x86_64                                                    
Test OLM installation	Arrange OLM test installation	2025-05-28T18:10:58.0354893Z #14 15.09   libselinux-3.6-3.el9.x86_64                                                   
Test OLM installation	Arrange OLM test installation	2025-05-28T18:10:58.0355276Z #14 15.09   libsepol-3.6-2.el9.x86_64                                                     
Test OLM installation	Arrange OLM test installation	2025-05-28T18:10:58.0355697Z #14 15.09   libsigsegv-2.13-4.el9.x86_64                                                  
Test OLM installation	Arrange OLM test installation	2025-05-28T18:10:58.0356105Z #14 15.09   libtasn1-4.16.0-9.el9.x86_64                                                  
Test OLM installation	Arrange OLM test installation	2025-05-28T18:10:58.0356507Z #14 15.09   libunistring-0.9.10-15.el9.x86_64                                             
Test OLM installation	Arrange OLM test installation	2025-05-28T18:10:58.0357023Z #14 15.09   libuuid-2.37.4-21.el9.x86_64                                                  
Test OLM installation	Arrange OLM test installation	2025-05-28T18:10:58.0357423Z #14 15.09   libverto-0.3.2-3.el9.x86_64                                                   
Test OLM installation	Arrange OLM test installation	2025-05-28T18:10:58.0357810Z #14 15.09   libxcrypt-4.4.18-3.el9.x86_64                                                 
Test OLM installation	Arrange OLM test installation	2025-05-28T18:10:58.0358197Z #14 15.09   libzstd-1.5.5-1.el9.x86_64                                                    
Test OLM installation	Arrange OLM test installation	2025-05-28T18:10:58.0358589Z #14 15.09   lksctp-tools-1.0.19-3.el9_4.x86_64                                            
Test OLM installation	Arrange OLM test installation	2025-05-28T18:10:58.0358968Z #14 15.09   lua-5.4.4-4.el9.x86_64                                                        
Test OLM installation	Arrange OLM test installation	2025-05-28T18:10:58.0359501Z #14 15.09   lua-libs-5.4.4-4.el9.x86_64                                                   
Test OLM installation	Arrange OLM test installation	2025-05-28T18:10:58.0360101Z #14 15.09   lua-posix-35.0-8.el9.x86_64                                                   
Test OLM installation	Arrange OLM test installation	2025-05-28T18:10:58.0360730Z #14 15.09   lz4-libs-1.9.3-5.el9.x86_64                                                   
Test OLM installation	Arrange OLM test installation	2025-05-28T18:10:58.0361238Z #14 15.09   mpfr-4.1.0-7.el9.x86_64                                                       
Test OLM installation	Arrange OLM test installation	2025-05-28T18:10:58.0361941Z #14 15.09   ncurses-base-6.2-10.20210508.el9.noarch                                       
Test OLM installation	Arrange OLM test installation	2025-05-28T18:10:58.0362671Z #14 15.09   ncurses-libs-6.2-10.20210508.el9.x86_64                                       
Test OLM installation	Arrange OLM test installation	2025-05-28T18:10:58.0363211Z #14 15.09   nettle-3.10.1-1.el9.x86_64                                                    
Test OLM installation	Arrange OLM test installation	2025-05-28T18:10:58.0363589Z #14 15.09   nspr-4.35.0-17.el9_2.x86_64                                                   
Test OLM installation	Arrange OLM test installation	2025-05-28T18:10:58.0363954Z #14 15.09   nss-3.101.0-10.el9_2.x86_64                                                   
Test OLM installation	Arrange OLM test installation	2025-05-28T18:10:58.0364339Z #14 15.09   nss-softokn-3.101.0-10.el9_2.x86_64                                           
Test OLM installation	Arrange OLM test installation	2025-05-28T18:10:58.0364763Z #14 15.09   nss-softokn-freebl-3.101.0-10.el9_2.x86_64                                    
Test OLM installation	Arrange OLM test installation	2025-05-28T18:10:58.0365193Z #14 15.09   nss-sysinit-3.101.0-10.el9_2.x86_64                                           
Test OLM installation	Arrange OLM test installation	2025-05-28T18:10:58.0365592Z #14 15.09   nss-util-3.101.0-10.el9_2.x86_64                                              
Test OLM installation	Arrange OLM test installation	2025-05-28T18:10:58.0366017Z #14 15.09   openssl-fips-provider-3.0.7-6.el9_5.x86_64                                    
Test OLM installation	Arrange OLM test installation	2025-05-28T18:10:58.0366481Z #14 15.09   openssl-fips-provider-so-3.0.7-6.el9_5.x86_64                                 
Test OLM installation	Arrange OLM test installation	2025-05-28T18:10:58.0366926Z #14 15.09   openssl-libs-1:3.2.2-6.el9_5.1.x86_64                                         
Test OLM installation	Arrange OLM test installation	2025-05-28T18:10:58.0367320Z #14 15.09   p11-kit-0.25.3-3.el9_5.x86_64                                                 
Test OLM installation	Arrange OLM test installation	2025-05-28T18:10:58.0367705Z #14 15.09   p11-kit-trust-0.25.3-3.el9_5.x86_64                                           
Test OLM installation	Arrange OLM test installation	2025-05-28T18:10:58.0368086Z #14 15.09   pcre-8.44-4.el9.x86_64                                                        
Test OLM installation	Arrange OLM test installation	2025-05-28T18:10:58.0368449Z #14 15.09   pcre2-10.40-6.el9.x86_64                                                      
Test OLM installation	Arrange OLM test installation	2025-05-28T18:10:58.0369021Z #14 15.09   pcre2-syntax-10.40-6.el9.noarch                                               
Test OLM installation	Arrange OLM test installation	2025-05-28T18:10:58.0369675Z #14 15.09   python3-3.9.21-2.el9.x86_64                                                   
Test OLM installation	Arrange OLM test installation	2025-05-28T18:10:58.0370075Z #14 15.09   python3-libs-3.9.21-2.el9.x86_64                                              
Test OLM installation	Arrange OLM test installation	2025-05-28T18:10:58.0370504Z #14 15.09   python3-pip-wheel-21.3.1-1.el9.noarch                                         
Test OLM installation	Arrange OLM test installation	2025-05-28T18:10:58.0370967Z #14 15.09   python3-setuptools-wheel-53.0.0-13.el9.noarch                                 
Test OLM installation	Arrange OLM test installation	2025-05-28T18:10:58.0371399Z #14 15.09   readline-8.1-4.el9.x86_64                                                     
Test OLM installation	Arrange OLM test installation	2025-05-28T18:10:58.0371802Z #14 15.09   redhat-release-9.6-0.1.el9.x86_64                                             
Test OLM installation	Arrange OLM test installation	2025-05-28T18:10:58.0372187Z #14 15.09   sed-4.8-9.el9.x86_64                                                          
Test OLM installation	Arrange OLM test installation	2025-05-28T18:10:58.0372691Z #14 15.09   setup-2.13.7-10.el9.noarch                                                    
Test OLM installation	Arrange OLM test installation	2025-05-28T18:10:58.0373089Z #14 15.09   sqlite-libs-3.34.1-7.el9_3.x86_64                                             
Test OLM installation	Arrange OLM test installation	2025-05-28T18:10:58.0373494Z #14 15.09   systemd-libs-252-51.el9.x86_64                                                
Test OLM installation	Arrange OLM test installation	2025-05-28T18:10:58.0373903Z #14 15.09   tzdata-2025b-1.el9.noarch                                                     
Test OLM installation	Arrange OLM test installation	2025-05-28T18:10:58.0374317Z #14 15.09   tzdata-java-2025b-1.el9.noarch                                                
Test OLM installation	Arrange OLM test installation	2025-05-28T18:10:58.0374719Z #14 15.09   xz-libs-5.2.5-8.el9_0.x86_64                                                  
Test OLM installation	Arrange OLM test installation	2025-05-28T18:10:58.0375088Z #14 15.09   zlib-1.2.11-40.el9.x86_64                                                     
Test OLM installation	Arrange OLM test installation	2025-05-28T18:10:58.0375379Z #14 15.09 
Test OLM installation	Arrange OLM test installation	2025-05-28T18:10:58.0375541Z #14 15.09 Complete!
Test OLM installation	Arrange OLM test installation	2025-05-28T18:10:58.0375780Z #14 15.19 + dnf --installroot /tmp/null/rootfs clean all
Test OLM installation	Arrange OLM test installation	2025-05-28T18:10:58.2555824Z #14 15.42 Updating Subscription Management repositories.
Test OLM installation	Arrange OLM test installation	2025-05-28T18:10:58.4553176Z #14 15.42 Unable to read consumer identity
Test OLM installation	Arrange OLM test installation	2025-05-28T18:10:58.4553710Z #14 15.42 
Test OLM installation	Arrange OLM test installation	2025-05-28T18:10:58.4554369Z #14 15.42 This system is not registered with an entitlement server. You can use subscription-manager to register.
Test OLM installation	Arrange OLM test installation	2025-05-28T18:10:58.4554824Z #14 15.42 
Test OLM installation	Arrange OLM test installation	2025-05-28T18:10:58.4555004Z #14 15.43 26 files removed
Test OLM installation	Arrange OLM test installation	2025-05-28T18:10:58.4555976Z #14 15.47 + rm -rf /tmp/null/rootfs/var/cache/bpf /tmp/null/rootfs/var/cache/dnf /tmp/null/rootfs/var/cache/ldconfig /tmp/null/rootfs/var/log/dnf.librepo.log /tmp/null/rootfs/var/log/dnf.log /tmp/null/rootfs/var/log/dnf.rpm.log '/tmp/null/rootfs/var/log/yum.*'
Test OLM installation	Arrange OLM test installation	2025-05-28T18:10:58.4556993Z #14 15.47 ==> Building dependency tree
Test OLM installation	Arrange OLM test installation	2025-05-28T18:10:58.6972328Z #14 15.86 ==> 42 packages to erase:
Test OLM installation	Arrange OLM test installation	2025-05-28T18:10:58.8527848Z #14 15.86 alsa-lib
Test OLM installation	Arrange OLM test installation	2025-05-28T18:10:58.8532451Z #14 15.86 avahi-libs
Test OLM installation	Arrange OLM test installation	2025-05-28T18:10:58.8533167Z #14 15.86 bzip2-libs
Test OLM installation	Arrange OLM test installation	2025-05-28T18:10:58.8533560Z #14 15.86 copy-jdk-configs
Test OLM installation	Arrange OLM test installation	2025-05-28T18:10:58.8534071Z #14 15.86 cups-libs
Test OLM installation	Arrange OLM test installation	2025-05-28T18:10:58.8534388Z #14 15.86 dbus-libs
Test OLM installation	Arrange OLM test installation	2025-05-28T18:10:58.8534689Z #14 15.86 expat
Test OLM installation	Arrange OLM test installation	2025-05-28T18:10:58.8534986Z #14 15.86 gawk
Test OLM installation	Arrange OLM test installation	2025-05-28T18:10:58.8535626Z #14 15.86 gdbm-libs
Test OLM installation	Arrange OLM test installation	2025-05-28T18:10:58.8535930Z #14 15.86 gmp
Test OLM installation	Arrange OLM test installation	2025-05-28T18:10:58.8536389Z #14 15.86 gnutls
Test OLM installation	Arrange OLM test installation	2025-05-28T18:10:58.8536695Z #14 15.86 gpg-pubkey
Test OLM installation	Arrange OLM test installation	2025-05-28T18:10:58.8537194Z #14 15.86 keyutils-libs
Test OLM installation	Arrange OLM test installation	2025-05-28T18:10:58.8537528Z #14 15.86 krb5-libs
Test OLM installation	Arrange OLM test installation	2025-05-28T18:10:58.8537913Z #14 15.86 libcom_err
Test OLM installation	Arrange OLM test installation	2025-05-28T18:10:58.8538228Z #14 15.86 libevent
Test OLM installation	Arrange OLM test installation	2025-05-28T18:10:58.8538517Z #14 15.86 libffi
Test OLM installation	Arrange OLM test installation	2025-05-28T18:10:58.8538801Z #14 15.86 libgcrypt
Test OLM installation	Arrange OLM test installation	2025-05-28T18:10:58.8539099Z #14 15.86 libgpg-error
Test OLM installation	Arrange OLM test installation	2025-05-28T18:10:58.8539599Z #14 15.86 libidn2
Test OLM installation	Arrange OLM test installation	2025-05-28T18:10:58.8539913Z #14 15.86 libunistring
Test OLM installation	Arrange OLM test installation	2025-05-28T18:10:58.8540238Z #14 15.86 libuuid
Test OLM installation	Arrange OLM test installation	2025-05-28T18:10:58.8540574Z #14 15.86 libverto
Test OLM installation	Arrange OLM test installation	2025-05-28T18:10:58.8540905Z #14 15.86 libxcrypt
Test OLM installation	Arrange OLM test installation	2025-05-28T18:10:58.8541185Z #14 15.86 libzstd
Test OLM installation	Arrange OLM test installation	2025-05-28T18:10:58.8542051Z #14 15.86 lua
Test OLM installation	Arrange OLM test installation	2025-05-28T18:10:58.8542711Z #14 15.86 lua-libs
Test OLM installation	Arrange OLM test installation	2025-05-28T18:10:58.8543036Z #14 15.86 lua-posix
Test OLM installation	Arrange OLM test installation	2025-05-28T18:10:58.8543357Z #14 15.86 lz4-libs
Test OLM installation	Arrange OLM test installation	2025-05-28T18:10:58.8543682Z #14 15.86 mpfr
Test OLM installation	Arrange OLM test installation	2025-05-28T18:10:58.8543967Z #14 15.86 nettle
Test OLM installation	Arrange OLM test installation	2025-05-28T18:10:58.8544285Z #14 15.86 openssl-fips-provider
Test OLM installation	Arrange OLM test installation	2025-05-28T18:10:58.8544675Z #14 15.86 openssl-fips-provider-so
Test OLM installation	Arrange OLM test installation	2025-05-28T18:10:58.8545036Z #14 15.86 openssl-libs
Test OLM installation	Arrange OLM test installation	2025-05-28T18:10:58.8545337Z #14 15.86 p11-kit
Test OLM installation	Arrange OLM test installation	2025-05-28T18:10:58.8545608Z #14 15.86 python3
Test OLM installation	Arrange OLM test installation	2025-05-28T18:10:58.8546045Z #14 15.86 python3-libs
Test OLM installation	Arrange OLM test installation	2025-05-28T18:10:58.8546374Z #14 15.86 python3-pip-wheel
Test OLM installation	Arrange OLM test installation	2025-05-28T18:10:58.8546730Z #14 15.86 python3-setuptools-wheel
Test OLM installation	Arrange OLM test installation	2025-05-28T18:10:58.8547104Z #14 15.86 readline
Test OLM installation	Arrange OLM test installation	2025-05-28T18:10:58.8547418Z #14 15.86 systemd-libs
Test OLM installation	Arrange OLM test installation	2025-05-28T18:10:58.8547772Z #14 15.86 xz-libs
Test OLM installation	Arrange OLM test installation	2025-05-28T18:10:58.8548058Z #14 15.86 ==> 43 packages to keep:
Test OLM installation	Arrange OLM test installation	2025-05-28T18:10:58.8548373Z #14 15.86 alternatives
Test OLM installation	Arrange OLM test installation	2025-05-28T18:10:58.8548997Z #14 15.86 basesystem
Test OLM installation	Arrange OLM test installation	2025-05-28T18:10:58.8549479Z #14 15.86 bash
Test OLM installation	Arrange OLM test installation	2025-05-28T18:10:58.8549772Z #14 15.86 ca-certificates
Test OLM installation	Arrange OLM test installation	2025-05-28T18:10:58.8550098Z #14 15.86 coreutils-single
Test OLM installation	Arrange OLM test installation	2025-05-28T18:10:58.8550438Z #14 15.86 crypto-policies
Test OLM installation	Arrange OLM test installation	2025-05-28T18:10:58.8550788Z #14 15.86 crypto-policies-scripts
Test OLM installation	Arrange OLM test installation	2025-05-28T18:10:58.8551148Z #14 15.86 filesystem
Test OLM installation	Arrange OLM test installation	2025-05-28T18:10:58.8551432Z #14 15.86 findutils
Test OLM installation	Arrange OLM test installation	2025-05-28T18:10:58.8551728Z #14 15.86 glibc
Test OLM installation	Arrange OLM test installation	2025-05-28T18:10:58.8552048Z #14 15.86 glibc-common
Test OLM installation	Arrange OLM test installation	2025-05-28T18:10:58.8552400Z #14 15.86 glibc-langpack-en
Test OLM installation	Arrange OLM test installation	2025-05-28T18:10:58.8552778Z #14 15.86 grep
Test OLM installation	Arrange OLM test installation	2025-05-28T18:10:58.8552980Z #14 15.86 java-21-openjdk-headless
Test OLM installation	Arrange OLM test installation	2025-05-28T18:10:58.8553276Z #14 15.86 javapackages-filesystem
Test OLM installation	Arrange OLM test installation	2025-05-28T18:10:58.8553694Z #14 15.86 libacl
Test OLM installation	Arrange OLM test installation	2025-05-28T18:10:58.8554009Z #14 15.86 libattr
Test OLM installation	Arrange OLM test installation	2025-05-28T18:10:58.8554324Z #14 15.86 libcap
Test OLM installation	Arrange OLM test installation	2025-05-28T18:10:58.8554645Z #14 15.86 libgcc
Test OLM installation	Arrange OLM test installation	2025-05-28T18:10:58.8554965Z #14 15.86 libselinux
Test OLM installation	Arrange OLM test installation	2025-05-28T18:10:58.8555229Z #14 15.86 libsepol
Test OLM installation	Arrange OLM test installation	2025-05-28T18:10:58.8555552Z #14 15.86 libsigsegv
Test OLM installation	Arrange OLM test installation	2025-05-28T18:10:58.8555876Z #14 15.86 libtasn1
Test OLM installation	Arrange OLM test installation	2025-05-28T18:10:58.8556112Z #14 15.86 lksctp-tools
Test OLM installation	Arrange OLM test installation	2025-05-28T18:10:58.8556308Z #14 15.86 ncurses-base
Test OLM installation	Arrange OLM test installation	2025-05-28T18:10:58.8556498Z #14 15.86 ncurses-libs
Test OLM installation	Arrange OLM test installation	2025-05-28T18:10:58.8556678Z #14 15.86 nspr
Test OLM installation	Arrange OLM test installation	2025-05-28T18:10:58.8556867Z #14 15.86 nss
Test OLM installation	Arrange OLM test installation	2025-05-28T18:10:58.8557104Z #14 15.86 nss-softokn
Test OLM installation	Arrange OLM test installation	2025-05-28T18:10:58.8557455Z #14 15.86 nss-softokn-freebl
Test OLM installation	Arrange OLM test installation	2025-05-28T18:10:58.8557849Z #14 15.86 nss-sysinit
Test OLM installation	Arrange OLM test installation	2025-05-28T18:10:58.8558185Z #14 15.86 nss-util
Test OLM installation	Arrange OLM test installation	2025-05-28T18:10:58.8558502Z #14 15.86 p11-kit-trust
Test OLM installation	Arrange OLM test installation	2025-05-28T18:10:58.8558845Z #14 15.86 pcre
Test OLM installation	Arrange OLM test installation	2025-05-28T18:10:58.8559146Z #14 15.86 pcre2
Test OLM installation	Arrange OLM test installation	2025-05-28T18:10:58.8559674Z #14 15.86 pcre2-syntax
Test OLM installation	Arrange OLM test installation	2025-05-28T18:10:58.8560023Z #14 15.86 redhat-release
Test OLM installation	Arrange OLM test installation	2025-05-28T18:10:58.8560368Z #14 15.86 sed
Test OLM installation	Arrange OLM test installation	2025-05-28T18:10:58.8560664Z #14 15.86 setup
Test OLM installation	Arrange OLM test installation	2025-05-28T18:10:58.8560968Z #14 15.86 sqlite-libs
Test OLM installation	Arrange OLM test installation	2025-05-28T18:10:58.8561301Z #14 15.86 tzdata
Test OLM installation	Arrange OLM test installation	2025-05-28T18:10:58.8561601Z #14 15.86 tzdata-java
Test OLM installation	Arrange OLM test installation	2025-05-28T18:10:58.8561911Z #14 15.86 zlib
Test OLM installation	Arrange OLM test installation	2025-05-28T18:10:58.8562231Z #14 15.87 
Test OLM installation	Arrange OLM test installation	2025-05-28T18:10:58.8562550Z #14 15.87 ==> Erasing packages
Test OLM installation	Arrange OLM test installation	2025-05-28T18:10:58.8563088Z #14 15.87 + xargs rpm -r /tmp/null/rootfs --erase --nodeps --allmatches
Test OLM installation	Arrange OLM test installation	2025-05-28T18:10:58.9977936Z #14 16.16 
Test OLM installation	Arrange OLM test installation	2025-05-28T18:10:58.9978396Z #14 16.16 ==> Packages erased ok!
Test OLM installation	Arrange OLM test installation	2025-05-28T18:10:59.1729972Z #14 DONE 16.2s
Test OLM installation	Arrange OLM test installation	2025-05-28T18:11:00.0426350Z 
Test OLM installation	Arrange OLM test installation	2025-05-28T18:11:00.0428190Z #15 [stage-1 2/4] COPY --from=ubi-micro-build /tmp/null/rootfs/ /
Test OLM installation	Arrange OLM test installation	2025-05-28T18:11:01.2299053Z #15 DONE 1.2s
Test OLM installation	Arrange OLM test installation	2025-05-28T18:11:01.3815432Z 
Test OLM installation	Arrange OLM test installation	2025-05-28T18:11:01.3816109Z #16 [stage-1 3/4] COPY --from=ubi-micro-build --chown=1000:0 /opt/keycloak /opt/keycloak
Test OLM installation	Arrange OLM test installation	2025-05-28T18:11:01.6770788Z #16 DONE 0.4s
Test OLM installation	Arrange OLM test installation	2025-05-28T18:11:01.7833021Z 
Test OLM installation	Arrange OLM test installation	2025-05-28T18:11:01.7834058Z #17 [stage-1 4/4] RUN echo "keycloak:x:0:root" >> /etc/group &&     echo "keycloak:x:1000:0:keycloak user:/opt/keycloak:/sbin/nologin" >> /etc/passwd
Test OLM installation	Arrange OLM test installation	2025-05-28T18:11:01.7834967Z #17 DONE 0.1s
Test OLM installation	Arrange OLM test installation	2025-05-28T18:11:01.9346389Z 
Test OLM installation	Arrange OLM test installation	2025-05-28T18:11:01.9347413Z #18 exporting to image
Test OLM installation	Arrange OLM test installation	2025-05-28T18:11:01.9348867Z #18 exporting layers
Test OLM installation	Arrange OLM test installation	2025-05-28T18:11:03.2063321Z #18 exporting layers 1.4s done
Test OLM installation	Arrange OLM test installation	2025-05-28T18:11:03.2178055Z #18 writing image sha256:cf8c7459c2ec150758e72d89a32652045c19a96baefa07b5553369ae21422cbf done
Test OLM installation	Arrange OLM test installation	2025-05-28T18:11:03.2180980Z #18 naming to ttl.sh/9dedf5keycloak:86400000.0.0 done
Test OLM installation	Arrange OLM test installation	2025-05-28T18:11:03.2181540Z #18 DONE 1.4s
Test OLM installation	Arrange OLM test installation	2025-05-28T18:11:03.2226967Z + docker push ttl.sh/9dedf5keycloak:86400000.0.0
Test OLM installation	Arrange OLM test installation	2025-05-28T18:11:03.6567287Z The push refers to repository [ttl.sh/9dedf5keycloak]
Test OLM installation	Arrange OLM test installation	2025-05-28T18:11:03.7687112Z 9f9ca08207cf: Preparing
Test OLM installation	Arrange OLM test installation	2025-05-28T18:11:03.7687739Z 71c844888fc7: Preparing
Test OLM installation	Arrange OLM test installation	2025-05-28T18:11:03.7688266Z 0b5a388ec0ac: Preparing
Test OLM installation	Arrange OLM test installation	2025-05-28T18:11:03.7688628Z ef3cb51dff21: Preparing
Test OLM installation	Arrange OLM test installation	2025-05-28T18:11:07.1365774Z 9f9ca08207cf: Pushed
Test OLM installation	Arrange OLM test installation	2025-05-28T18:11:11.1590751Z ef3cb51dff21: Pushed
Test OLM installation	Arrange OLM test installation	2025-05-28T18:11:54.2540999Z 0b5a388ec0ac: Pushed
Test OLM installation	Arrange OLM test installation	2025-05-28T18:12:34.4817044Z error parsing HTTP 499 response body: invalid character '<' looking for beginning of value: "<!DOCTYPE html>\n<html>\n  <head>\n    <meta name=\"viewport\" content=\"width=device-width, initial-scale=1\">\n    <meta charset=\"utf-8\">\n    <title>Application Error</title>\n    <style media=\"screen\">\n      html,body,iframe {\n        margin: 0;\n        padding: 0;\n      }\n\n      html,body {\n        height: 100%;\n        overflow: hidden;\n      }\n\n      iframe {\n        width: 100%;\n        height: 100%;\n        border: 0;\n      }\n    </style>\n  </head>\n  <body>\n    <iframe src=\"https://www.herokucdn.com/error-pages/application-error.html\"></iframe>\n  </body>\n</html>"
Test OLM installation	Arrange OLM test installation	2025-05-28T18:12:34.4845680Z ##[error]Process completed with exit code 1.
Status Check - Keycloak Operator CI	Run /./.github/actions/status-check	2025-05-28T18:34:03.2853997Z Prepare all required actions
Status Check - Keycloak Operator CI	Run /./.github/actions/status-check	2025-05-28T18:34:03.2924724Z ##[group]Run ./.github/actions/status-check
Status Check - Keycloak Operator CI	Run /./.github/actions/status-check	2025-05-28T18:34:03.2925083Z with:
Status Check - Keycloak Operator CI	Run /./.github/actions/status-check	2025-05-28T18:34:03.2925927Z   jobs: {
Status Check - Keycloak Operator CI	Run /./.github/actions/status-check	  "conditional": {
Status Check - Keycloak Operator CI	Run /./.github/actions/status-check	    "result": "success",
Status Check - Keycloak Operator CI	Run /./.github/actions/status-check	    "outputs": {
Status Check - Keycloak Operator CI	Run /./.github/actions/status-check	      "operator": "true"
Status Check - Keycloak Operator CI	Run /./.github/actions/status-check	    }
Status Check - Keycloak Operator CI	Run /./.github/actions/status-check	  },
Status Check - Keycloak Operator CI	Run /./.github/actions/status-check	  "build": {
Status Check - Keycloak Operator CI	Run /./.github/actions/status-check	    "result": "success",
Status Check - Keycloak Operator CI	Run /./.github/actions/status-check	    "outputs": {}
Status Check - Keycloak Operator CI	Run /./.github/actions/status-check	  },
Status Check - Keycloak Operator CI	Run /./.github/actions/status-check	  "test-local-apiserver": {
Status Check - Keycloak Operator CI	Run /./.github/actions/status-check	    "result": "success",
Status Check - Keycloak Operator CI	Run /./.github/actions/status-check	    "outputs": {}
Status Check - Keycloak Operator CI	Run /./.github/actions/status-check	  },
Status Check - Keycloak Operator CI	Run /./.github/actions/status-check	  "test-remote": {
Status Check - Keycloak Operator CI	Run /./.github/actions/status-check	    "result": "success",
Status Check - Keycloak Operator CI	Run /./.github/actions/status-check	    "outputs": {}
Status Check - Keycloak Operator CI	Run /./.github/actions/status-check	  },
Status Check - Keycloak Operator CI	Run /./.github/actions/status-check	  "test-olm": {
Status Check - Keycloak Operator CI	Run /./.github/actions/status-check	    "result": "failure",
Status Check - Keycloak Operator CI	Run /./.github/actions/status-check	    "outputs": {}
Status Check - Keycloak Operator CI	Run /./.github/actions/status-check	  }
Status Check - Keycloak Operator CI	Run /./.github/actions/status-check	}
Status Check - Keycloak Operator CI	Run /./.github/actions/status-check	2025-05-28T18:34:03.2927000Z env:
Status Check - Keycloak Operator CI	Run /./.github/actions/status-check	2025-05-28T18:34:03.2927307Z   MAVEN_ARGS: -B -nsu -Daether.connector.http.connectionMaxTtl=25
Status Check - Keycloak Operator CI	Run /./.github/actions/status-check	2025-05-28T18:34:03.2927718Z   MINIKUBE_VERSION: v1.32.0
Status Check - Keycloak Operator CI	Run /./.github/actions/status-check	2025-05-28T18:34:03.2928050Z   KUBERNETES_VERSION: v1.27.10
Status Check - Keycloak Operator CI	Run /./.github/actions/status-check	2025-05-28T18:34:03.2928319Z   MINIKUBE_MEMORY: 4096
Status Check - Keycloak Operator CI	Run /./.github/actions/status-check	2025-05-28T18:34:03.2928557Z ##[endgroup]
Status Check - Keycloak Operator CI	Run /./.github/actions/status-check	2025-05-28T18:34:03.3128445Z ##[group]Run JOBS='{
Status Check - Keycloak Operator CI	Run /./.github/actions/status-check	2025-05-28T18:34:03.3128797Z [36;1mJOBS='{[0m
Status Check - Keycloak Operator CI	Run /./.github/actions/status-check	2025-05-28T18:34:03.3129043Z [36;1m  "conditional": {[0m
Status Check - Keycloak Operator CI	Run /./.github/actions/status-check	2025-05-28T18:34:03.3129369Z [36;1m    "result": "success",[0m
Status Check - Keycloak Operator CI	Run /./.github/actions/status-check	2025-05-28T18:34:03.3129649Z [36;1m    "outputs": {[0m
Status Check - Keycloak Operator CI	Run /./.github/actions/status-check	2025-05-28T18:34:03.3129911Z [36;1m      "operator": "true"[0m
Status Check - Keycloak Operator CI	Run /./.github/actions/status-check	2025-05-28T18:34:03.3130176Z [36;1m    }[0m
Status Check - Keycloak Operator CI	Run /./.github/actions/status-check	2025-05-28T18:34:03.3130389Z [36;1m  },[0m
Status Check - Keycloak Operator CI	Run /./.github/actions/status-check	2025-05-28T18:34:03.3130609Z [36;1m  "build": {[0m
Status Check - Keycloak Operator CI	Run /./.github/actions/status-check	2025-05-28T18:34:03.3130845Z [36;1m    "result": "success",[0m
Status Check - Keycloak Operator CI	Run /./.github/actions/status-check	2025-05-28T18:34:03.3131111Z [36;1m    "outputs": {}[0m
Status Check - Keycloak Operator CI	Run /./.github/actions/status-check	2025-05-28T18:34:03.3131356Z [36;1m  },[0m
Status Check - Keycloak Operator CI	Run /./.github/actions/status-check	2025-05-28T18:34:03.3131593Z [36;1m  "test-local-apiserver": {[0m
Status Check - Keycloak Operator CI	Run /./.github/actions/status-check	2025-05-28T18:34:03.3131879Z [36;1m    "result": "success",[0m
Status Check - Keycloak Operator CI	Run /./.github/actions/status-check	2025-05-28T18:34:03.3132154Z [36;1m    "outputs": {}[0m
Status Check - Keycloak Operator CI	Run /./.github/actions/status-check	2025-05-28T18:34:03.3132403Z [36;1m  },[0m
Status Check - Keycloak Operator CI	Run /./.github/actions/status-check	2025-05-28T18:34:03.3132632Z [36;1m  "test-remote": {[0m
Status Check - Keycloak Operator CI	Run /./.github/actions/status-check	2025-05-28T18:34:03.3132904Z [36;1m    "result": "success",[0m
Status Check - Keycloak Operator CI	Run /./.github/actions/status-check	2025-05-28T18:34:03.3133180Z [36;1m    "outputs": {}[0m
Status Check - Keycloak Operator CI	Run /./.github/actions/status-check	2025-05-28T18:34:03.3133428Z [36;1m  },[0m
Status Check - Keycloak Operator CI	Run /./.github/actions/status-check	2025-05-28T18:34:03.3133653Z [36;1m  "test-olm": {[0m
Status Check - Keycloak Operator CI	Run /./.github/actions/status-check	2025-05-28T18:34:03.3133911Z [36;1m    "result": "failure",[0m
Status Check - Keycloak Operator CI	Run /./.github/actions/status-check	2025-05-28T18:34:03.3134178Z [36;1m    "outputs": {}[0m
Status Check - Keycloak Operator CI	Run /./.github/actions/status-check	2025-05-28T18:34:03.3134420Z [36;1m  }[0m
Status Check - Keycloak Operator CI	Run /./.github/actions/status-check	2025-05-28T18:34:03.3134620Z [36;1m}'[0m
Status Check - Keycloak Operator CI	Run /./.github/actions/status-check	2025-05-28T18:34:03.3134837Z [36;1m[0m
Status Check - Keycloak Operator CI	Run /./.github/actions/status-check	2025-05-28T18:34:03.3135056Z [36;1mecho "Job status:"[0m
Status Check - Keycloak Operator CI	Run /./.github/actions/status-check	2025-05-28T18:34:03.3135437Z [36;1mecho $JOBS | jq -r 'to_entries[] | " - \(.key): \(.value.result)"'[0m
Status Check - Keycloak Operator CI	Run /./.github/actions/status-check	2025-05-28T18:34:03.3135803Z [36;1m[0m
Status Check - Keycloak Operator CI	Run /./.github/actions/status-check	2025-05-28T18:34:03.3136099Z [36;1mfor i in $(echo $JOBS | jq -r 'to_entries[] | .value.result'); do[0m
Status Check - Keycloak Operator CI	Run /./.github/actions/status-check	2025-05-28T18:34:03.3136514Z [36;1m  if [ "$i" != "success" ] && [ "$i" != "skipped" ]; then[0m
Status Check - Keycloak Operator CI	Run /./.github/actions/status-check	2025-05-28T18:34:03.3137076Z [36;1m    echo ""[0m
Status Check - Keycloak Operator CI	Run /./.github/actions/status-check	2025-05-28T18:34:03.3137338Z [36;1m    echo "Status check not okay!"[0m
Status Check - Keycloak Operator CI	Run /./.github/actions/status-check	2025-05-28T18:34:03.3137630Z [36;1m    exit 1[0m
Status Check - Keycloak Operator CI	Run /./.github/actions/status-check	2025-05-28T18:34:03.3137855Z [36;1m  fi[0m
Status Check - Keycloak Operator CI	Run /./.github/actions/status-check	2025-05-28T18:34:03.3138063Z [36;1mdone[0m
Status Check - Keycloak Operator CI	Run /./.github/actions/status-check	2025-05-28T18:34:03.3286033Z shell: /usr/bin/bash --noprofile --norc -e -o pipefail {0}
Status Check - Keycloak Operator CI	Run /./.github/actions/status-check	2025-05-28T18:34:03.3286465Z env:
Status Check - Keycloak Operator CI	Run /./.github/actions/status-check	2025-05-28T18:34:03.3286989Z   MAVEN_ARGS: -B -nsu -Daether.connector.http.connectionMaxTtl=25
Status Check - Keycloak Operator CI	Run /./.github/actions/status-check	2025-05-28T18:34:03.3287399Z   MINIKUBE_VERSION: v1.32.0
Status Check - Keycloak Operator CI	Run /./.github/actions/status-check	2025-05-28T18:34:03.3287677Z   KUBERNETES_VERSION: v1.27.10
Status Check - Keycloak Operator CI	Run /./.github/actions/status-check	2025-05-28T18:34:03.3288024Z   MINIKUBE_MEMORY: 4096
Status Check - Keycloak Operator CI	Run /./.github/actions/status-check	2025-05-28T18:34:03.3288280Z ##[endgroup]
Status Check - Keycloak Operator CI	Run /./.github/actions/status-check	2025-05-28T18:34:03.3380693Z Job status:
Status Check - Keycloak Operator CI	Run /./.github/actions/status-check	2025-05-28T18:34:03.3465508Z  - conditional: success
Status Check - Keycloak Operator CI	Run /./.github/actions/status-check	2025-05-28T18:34:03.3465979Z  - build: success
Status Check - Keycloak Operator CI	Run /./.github/actions/status-check	2025-05-28T18:34:03.3466362Z  - test-local-apiserver: success
Status Check - Keycloak Operator CI	Run /./.github/actions/status-check	2025-05-28T18:34:03.3466895Z  - test-remote: success
Status Check - Keycloak Operator CI	Run /./.github/actions/status-check	2025-05-28T18:34:03.3467178Z  - test-olm: failure
Status Check - Keycloak Operator CI	Run /./.github/actions/status-check	2025-05-28T18:34:03.3499916Z 
Status Check - Keycloak Operator CI	Run /./.github/actions/status-check	2025-05-28T18:34:03.3500178Z Status check not okay!
Status Check - Keycloak Operator CI	Run /./.github/actions/status-check	2025-05-28T18:34:03.3512838Z ##[error]Process completed with exit code 1.
