Build	UNKNOWN STEP	ï»¿2025-09-26T14:20:07.6877462Z Current runner version: '2.328.0'
Build	UNKNOWN STEP	2025-09-26T14:20:07.6916675Z ##[group]Runner Image Provisioner
Build	UNKNOWN STEP	2025-09-26T14:20:07.6918276Z Hosted Compute Agent
Build	UNKNOWN STEP	2025-09-26T14:20:07.6919233Z Version: 20250912.392
Build	UNKNOWN STEP	2025-09-26T14:20:07.6920361Z Commit: d921fda672a98b64f4f82364647e2f10b2267d0b
Build	UNKNOWN STEP	2025-09-26T14:20:07.6921793Z Build Date: 2025-09-12T15:23:14Z
Build	UNKNOWN STEP	2025-09-26T14:20:07.6923080Z ##[endgroup]
Build	UNKNOWN STEP	2025-09-26T14:20:07.6924041Z ##[group]Operating System
Build	UNKNOWN STEP	2025-09-26T14:20:07.6925231Z Ubuntu
Build	UNKNOWN STEP	2025-09-26T14:20:07.6926117Z 24.04.3
Build	UNKNOWN STEP	2025-09-26T14:20:07.6926942Z LTS
Build	UNKNOWN STEP	2025-09-26T14:20:07.6927999Z ##[endgroup]
Build	UNKNOWN STEP	2025-09-26T14:20:07.6928943Z ##[group]Runner Image
Build	UNKNOWN STEP	2025-09-26T14:20:07.6929968Z Image: ubuntu-24.04
Build	UNKNOWN STEP	2025-09-26T14:20:07.6930991Z Version: 20250922.53.1
Build	UNKNOWN STEP	2025-09-26T14:20:07.6933290Z Included Software: https://github.com/actions/runner-images/blob/ubuntu24/20250922.53/images/ubuntu/Ubuntu2404-Readme.md
Build	UNKNOWN STEP	2025-09-26T14:20:07.6936674Z Image Release: https://github.com/actions/runner-images/releases/tag/ubuntu24%2F20250922.53
Build	UNKNOWN STEP	2025-09-26T14:20:07.6938691Z ##[endgroup]
Build	UNKNOWN STEP	2025-09-26T14:20:07.6940802Z ##[group]GITHUB_TOKEN Permissions
Build	UNKNOWN STEP	2025-09-26T14:20:07.6943727Z Contents: read
Build	UNKNOWN STEP	2025-09-26T14:20:07.6944799Z Metadata: read
Build	UNKNOWN STEP	2025-09-26T14:20:07.6945733Z ##[endgroup]
Build	UNKNOWN STEP	2025-09-26T14:20:07.6949121Z Secret source: None
Build	UNKNOWN STEP	2025-09-26T14:20:07.6950473Z Prepare workflow directory
Build	UNKNOWN STEP	2025-09-26T14:20:07.7583347Z Prepare all required actions
Build	UNKNOWN STEP	2025-09-26T14:20:07.7646080Z Getting action download info
Build	UNKNOWN STEP	2025-09-26T14:20:08.3744585Z Failed to resolve action download info. Error: Internal Server Error
Build	UNKNOWN STEP	2025-09-26T14:20:08.3836846Z Retrying in 27.098 seconds
Build	UNKNOWN STEP	2025-09-26T14:20:35.8121553Z Download action repository 'actions/checkout@08c6903cd8c0fde910a37f88322edcfb5dd907a8' (SHA:08c6903cd8c0fde910a37f88322edcfb5dd907a8)
Build	UNKNOWN STEP	2025-09-26T14:20:36.1049615Z Complete job name: Build
Build	UNKNOWN STEP	2025-09-26T14:20:36.1836228Z ##[group]Run actions/checkout@08c6903cd8c0fde910a37f88322edcfb5dd907a8
Build	UNKNOWN STEP	2025-09-26T14:20:36.1837245Z with:
Build	UNKNOWN STEP	2025-09-26T14:20:36.1837550Z   repository: keycloak/keycloak
Build	UNKNOWN STEP	2025-09-26T14:20:36.1838246Z   token: ***
Build	UNKNOWN STEP	2025-09-26T14:20:36.1838522Z   ssh-strict: true
Build	UNKNOWN STEP	2025-09-26T14:20:36.1838793Z   ssh-user: git
Build	UNKNOWN STEP	2025-09-26T14:20:36.1839064Z   persist-credentials: true
Build	UNKNOWN STEP	2025-09-26T14:20:36.1839370Z   clean: true
Build	UNKNOWN STEP	2025-09-26T14:20:36.1839648Z   sparse-checkout-cone-mode: true
Build	UNKNOWN STEP	2025-09-26T14:20:36.1839987Z   fetch-depth: 1
Build	UNKNOWN STEP	2025-09-26T14:20:36.1840250Z   fetch-tags: false
Build	UNKNOWN STEP	2025-09-26T14:20:36.1840555Z   show-progress: true
Build	UNKNOWN STEP	2025-09-26T14:20:36.1840815Z   lfs: false
Build	UNKNOWN STEP	2025-09-26T14:20:36.1841075Z   submodules: false
Build	UNKNOWN STEP	2025-09-26T14:20:36.1841352Z   set-safe-directory: true
Build	UNKNOWN STEP	2025-09-26T14:20:36.1841879Z env:
Build	UNKNOWN STEP	2025-09-26T14:20:36.1842317Z   MAVEN_ARGS: -B -nsu -Daether.connector.http.connectionMaxTtl=25
Build	UNKNOWN STEP	2025-09-26T14:20:36.1842770Z   SUREFIRE_RERUN_FAILING_COUNT: 2
Build	UNKNOWN STEP	2025-09-26T14:20:36.1843396Z   SUREFIRE_RETRY: -Dsurefire.rerunFailingTestsCount=2
Build	UNKNOWN STEP	2025-09-26T14:20:36.1843796Z ##[endgroup]
Build	UNKNOWN STEP	2025-09-26T14:20:36.3009460Z Syncing repository: keycloak/keycloak
Build	UNKNOWN STEP	2025-09-26T14:20:36.3011269Z ##[group]Getting Git version info
Build	UNKNOWN STEP	2025-09-26T14:20:36.3011891Z Working directory is '/home/runner/work/keycloak/keycloak'
Build	UNKNOWN STEP	2025-09-26T14:20:36.3012747Z [command]/usr/bin/git version
Build	UNKNOWN STEP	2025-09-26T14:20:36.3064845Z git version 2.51.0
Build	UNKNOWN STEP	2025-09-26T14:20:36.3089517Z ##[endgroup]
Build	UNKNOWN STEP	2025-09-26T14:20:36.3106524Z Temporarily overriding HOME='/home/runner/work/_temp/fec0f237-7597-4e64-ba5c-6fbc6312e886' before making global git config changes
Build	UNKNOWN STEP	2025-09-26T14:20:36.3108427Z Adding repository directory to the temporary git global config as a safe directory
Build	UNKNOWN STEP	2025-09-26T14:20:36.3112757Z [command]/usr/bin/git config --global --add safe.directory /home/runner/work/keycloak/keycloak
Build	UNKNOWN STEP	2025-09-26T14:20:36.3162348Z Deleting the contents of '/home/runner/work/keycloak/keycloak'
Build	UNKNOWN STEP	2025-09-26T14:20:36.3167281Z ##[group]Initializing the repository
Build	UNKNOWN STEP	2025-09-26T14:20:36.3172727Z [command]/usr/bin/git init /home/runner/work/keycloak/keycloak
Build	UNKNOWN STEP	2025-09-26T14:20:36.3571483Z hint: Using 'master' as the name for the initial branch. This default branch name
Build	UNKNOWN STEP	2025-09-26T14:20:36.3574886Z hint: is subject to change. To configure the initial branch name to use in all
Build	UNKNOWN STEP	2025-09-26T14:20:36.3577504Z hint: of your new repositories, which will suppress this warning, call:
Build	UNKNOWN STEP	2025-09-26T14:20:36.3578924Z hint:
Build	UNKNOWN STEP	2025-09-26T14:20:36.3579774Z hint: 	git config --global init.defaultBranch <name>
Build	UNKNOWN STEP	2025-09-26T14:20:36.3580591Z hint:
Build	UNKNOWN STEP	2025-09-26T14:20:36.3581143Z hint: Names commonly chosen instead of 'master' are 'main', 'trunk' and
Build	UNKNOWN STEP	2025-09-26T14:20:36.3581984Z hint: 'development'. The just-created branch can be renamed via this command:
Build	UNKNOWN STEP	2025-09-26T14:20:36.3582642Z hint:
Build	UNKNOWN STEP	2025-09-26T14:20:36.3583235Z hint: 	git branch -m <name>
Build	UNKNOWN STEP	2025-09-26T14:20:36.3583665Z hint:
Build	UNKNOWN STEP	2025-09-26T14:20:36.3584222Z hint: Disable this message with "git config set advice.defaultBranchName false"
Build	UNKNOWN STEP	2025-09-26T14:20:36.3585254Z Initialized empty Git repository in /home/runner/work/keycloak/keycloak/.git/
Build	UNKNOWN STEP	2025-09-26T14:20:36.3594953Z [command]/usr/bin/git remote add origin https://github.com/keycloak/keycloak
Build	UNKNOWN STEP	2025-09-26T14:20:36.3650361Z ##[endgroup]
Build	UNKNOWN STEP	2025-09-26T14:20:36.3651220Z ##[group]Disabling automatic garbage collection
Build	UNKNOWN STEP	2025-09-26T14:20:36.3655418Z [command]/usr/bin/git config --local gc.auto 0
Build	UNKNOWN STEP	2025-09-26T14:20:36.3692386Z ##[endgroup]
Build	UNKNOWN STEP	2025-09-26T14:20:36.3693443Z ##[group]Setting up auth
Build	UNKNOWN STEP	2025-09-26T14:20:36.3703205Z [command]/usr/bin/git config --local --name-only --get-regexp core\.sshCommand
Build	UNKNOWN STEP	2025-09-26T14:20:36.3740401Z [command]/usr/bin/git submodule foreach --recursive sh -c "git config --local --name-only --get-regexp 'core\.sshCommand' && git config --local --unset-all 'core.sshCommand' || :"
Build	UNKNOWN STEP	2025-09-26T14:20:36.4170930Z [command]/usr/bin/git config --local --name-only --get-regexp http\.https\:\/\/github\.com\/\.extraheader
Build	UNKNOWN STEP	2025-09-26T14:20:36.4216954Z [command]/usr/bin/git submodule foreach --recursive sh -c "git config --local --name-only --get-regexp 'http\.https\:\/\/github\.com\/\.extraheader' && git config --local --unset-all 'http.https://github.com/.extraheader' || :"
Build	UNKNOWN STEP	2025-09-26T14:20:36.4493951Z [command]/usr/bin/git config --local http.https://github.com/.extraheader AUTHORIZATION: basic ***
Build	UNKNOWN STEP	2025-09-26T14:20:36.4542093Z ##[endgroup]
Build	UNKNOWN STEP	2025-09-26T14:20:36.4543099Z ##[group]Fetching the repository
Build	UNKNOWN STEP	2025-09-26T14:20:36.4553327Z [command]/usr/bin/git -c protocol.version=2 fetch --no-tags --prune --no-recurse-submodules --depth=1 origin +049446f6e7173be971d31ef42df2205d5c8eb355:refs/remotes/pull/42655/merge
Build	UNKNOWN STEP	2025-09-26T14:20:39.8190636Z From https://github.com/keycloak/keycloak
Build	UNKNOWN STEP	2025-09-26T14:20:39.8192248Z  * [new ref]         049446f6e7173be971d31ef42df2205d5c8eb355 -> pull/42655/merge
Build	UNKNOWN STEP	2025-09-26T14:20:39.8235686Z ##[endgroup]
Build	UNKNOWN STEP	2025-09-26T14:20:39.8236879Z ##[group]Determining the checkout info
Build	UNKNOWN STEP	2025-09-26T14:20:39.8240126Z ##[endgroup]
Build	UNKNOWN STEP	2025-09-26T14:20:39.8248148Z [command]/usr/bin/git sparse-checkout disable
Build	UNKNOWN STEP	2025-09-26T14:20:39.8304229Z [command]/usr/bin/git config --local --unset-all extensions.worktreeConfig
Build	UNKNOWN STEP	2025-09-26T14:20:39.8337990Z ##[group]Checking out the ref
Build	UNKNOWN STEP	2025-09-26T14:20:39.8343706Z [command]/usr/bin/git checkout --progress --force refs/remotes/pull/42655/merge
Build	UNKNOWN STEP	2025-09-26T14:20:40.7152500Z Note: switching to 'refs/remotes/pull/42655/merge'.
Build	UNKNOWN STEP	2025-09-26T14:20:40.7154840Z 
Build	UNKNOWN STEP	2025-09-26T14:20:40.7155339Z You are in 'detached HEAD' state. You can look around, make experimental
Build	UNKNOWN STEP	2025-09-26T14:20:40.7156529Z changes and commit them, and you can discard any commits you make in this
Build	UNKNOWN STEP	2025-09-26T14:20:40.7158070Z state without impacting any branches by switching back to a branch.
Build	UNKNOWN STEP	2025-09-26T14:20:40.7159050Z 
Build	UNKNOWN STEP	2025-09-26T14:20:40.7159672Z If you want to create a new branch to retain commits you create, you may
Build	UNKNOWN STEP	2025-09-26T14:20:40.7161024Z do so (now or later) by using -c with the switch command. Example:
Build	UNKNOWN STEP	2025-09-26T14:20:40.7161893Z 
Build	UNKNOWN STEP	2025-09-26T14:20:40.7162274Z   git switch -c <new-branch-name>
Build	UNKNOWN STEP	2025-09-26T14:20:40.7163158Z 
Build	UNKNOWN STEP	2025-09-26T14:20:40.7163578Z Or undo this operation with:
Build	UNKNOWN STEP	2025-09-26T14:20:40.7164003Z 
Build	UNKNOWN STEP	2025-09-26T14:20:40.7164280Z   git switch -
Build	UNKNOWN STEP	2025-09-26T14:20:40.7164637Z 
Build	UNKNOWN STEP	2025-09-26T14:20:40.7165135Z Turn off this advice by setting config variable advice.detachedHead to false
Build	UNKNOWN STEP	2025-09-26T14:20:40.7166823Z 
Build	UNKNOWN STEP	2025-09-26T14:20:40.7167699Z HEAD is now at 049446f Merge b2ac81a7184ef2e28572d411c275af0f1dcf10c6 into b65a60e40d433196c9dd74c829b9530777bb4747
Build	UNKNOWN STEP	2025-09-26T14:20:40.7195436Z ##[endgroup]
Build	UNKNOWN STEP	2025-09-26T14:20:40.7251562Z [command]/usr/bin/git log -1 --format=%H
Build	UNKNOWN STEP	2025-09-26T14:20:40.7282563Z 049446f6e7173be971d31ef42df2205d5c8eb355
Build	UNKNOWN STEP	2025-09-26T14:20:40.7618665Z Prepare all required actions
Build	UNKNOWN STEP	2025-09-26T14:20:40.7619379Z Getting action download info
Build	UNKNOWN STEP	2025-09-26T14:20:40.9932461Z Download action repository 'actions/upload-artifact@ea165f8d65b6e75b540449e92b4886f43607fa02' (SHA:ea165f8d65b6e75b540449e92b4886f43607fa02)
Build	UNKNOWN STEP	2025-09-26T14:20:41.1589833Z ##[group]Run ./.github/actions/build-keycloak
Build	UNKNOWN STEP	2025-09-26T14:20:41.1590172Z with:
Build	UNKNOWN STEP	2025-09-26T14:20:41.1590379Z   upload-m2-repo: true
Build	UNKNOWN STEP	2025-09-26T14:20:41.1590622Z   upload-dist: false
Build	UNKNOWN STEP	2025-09-26T14:20:41.1590893Z env:
Build	UNKNOWN STEP	2025-09-26T14:20:41.1591198Z   MAVEN_ARGS: -B -nsu -Daether.connector.http.connectionMaxTtl=25
Build	UNKNOWN STEP	2025-09-26T14:20:41.1591620Z   SUREFIRE_RERUN_FAILING_COUNT: 2
Build	UNKNOWN STEP	2025-09-26T14:20:41.1591963Z   SUREFIRE_RETRY: -Dsurefire.rerunFailingTestsCount=2
Build	UNKNOWN STEP	2025-09-26T14:20:41.1592296Z ##[endgroup]
Build	UNKNOWN STEP	2025-09-26T14:20:41.1677478Z Prepare all required actions
Build	UNKNOWN STEP	2025-09-26T14:20:41.1677898Z Getting action download info
Build	UNKNOWN STEP	2025-09-26T14:20:41.3398100Z Download action repository 'actions/setup-java@c5195efecf7bdfc987ee8bae7a71cb8b11521c00' (SHA:c5195efecf7bdfc987ee8bae7a71cb8b11521c00)
Build	UNKNOWN STEP	2025-09-26T14:20:41.7727712Z ##[group]Run ./.github/actions/java-setup
Build	UNKNOWN STEP	2025-09-26T14:20:41.7728148Z with:
Build	UNKNOWN STEP	2025-09-26T14:20:41.7728420Z   distribution: temurin
Build	UNKNOWN STEP	2025-09-26T14:20:41.7728733Z   java-version: 21
Build	UNKNOWN STEP	2025-09-26T14:20:41.7728996Z env:
Build	UNKNOWN STEP	2025-09-26T14:20:41.7729389Z   MAVEN_ARGS: -B -nsu -Daether.connector.http.connectionMaxTtl=25
Build	UNKNOWN STEP	2025-09-26T14:20:41.7729911Z   SUREFIRE_RERUN_FAILING_COUNT: 2
Build	UNKNOWN STEP	2025-09-26T14:20:41.7730320Z   SUREFIRE_RETRY: -Dsurefire.rerunFailingTestsCount=2
Build	UNKNOWN STEP	2025-09-26T14:20:41.7730748Z ##[endgroup]
Build	UNKNOWN STEP	2025-09-26T14:20:41.7846552Z ##[group]Run actions/setup-java@c5195efecf7bdfc987ee8bae7a71cb8b11521c00
Build	UNKNOWN STEP	2025-09-26T14:20:41.7847140Z with:
Build	UNKNOWN STEP	2025-09-26T14:20:41.7847393Z   distribution: temurin
Build	UNKNOWN STEP	2025-09-26T14:20:41.7847652Z   java-version: 21
Build	UNKNOWN STEP	2025-09-26T14:20:41.7847915Z   java-package: jdk
Build	UNKNOWN STEP	2025-09-26T14:20:41.7848166Z   check-latest: false
Build	UNKNOWN STEP	2025-09-26T14:20:41.7848440Z   server-id: github
Build	UNKNOWN STEP	2025-09-26T14:20:41.7848719Z   server-username: GITHUB_ACTOR
Build	UNKNOWN STEP	2025-09-26T14:20:41.7849028Z   server-password: GITHUB_TOKEN
Build	UNKNOWN STEP	2025-09-26T14:20:41.7849310Z   overwrite-settings: true
Build	UNKNOWN STEP	2025-09-26T14:20:41.7849583Z   job-status: success
Build	UNKNOWN STEP	2025-09-26T14:20:41.7849999Z   token: ***
Build	UNKNOWN STEP	2025-09-26T14:20:41.7850222Z env:
Build	UNKNOWN STEP	2025-09-26T14:20:41.7850552Z   MAVEN_ARGS: -B -nsu -Daether.connector.http.connectionMaxTtl=25
Build	UNKNOWN STEP	2025-09-26T14:20:41.7850960Z   SUREFIRE_RERUN_FAILING_COUNT: 2
Build	UNKNOWN STEP	2025-09-26T14:20:41.7851315Z   SUREFIRE_RETRY: -Dsurefire.rerunFailingTestsCount=2
Build	UNKNOWN STEP	2025-09-26T14:20:41.7851666Z ##[endgroup]
Build	UNKNOWN STEP	2025-09-26T14:20:42.0215480Z ##[group]Installed distributions
Build	UNKNOWN STEP	2025-09-26T14:20:42.0658118Z Resolved Java 21.0.8+9 from tool-cache
Build	UNKNOWN STEP	2025-09-26T14:20:42.0658980Z Setting Java 21.0.8+9 as the default
Build	UNKNOWN STEP	2025-09-26T14:20:42.0676359Z Creating toolchains.xml for JDK version 21 from temurin
Build	UNKNOWN STEP	2025-09-26T14:20:42.0771286Z Writing to /home/runner/.m2/toolchains.xml
Build	UNKNOWN STEP	2025-09-26T14:20:42.0772263Z 
Build	UNKNOWN STEP	2025-09-26T14:20:42.0772529Z Java configuration:
Build	UNKNOWN STEP	2025-09-26T14:20:42.0773284Z   Distribution: temurin
Build	UNKNOWN STEP	2025-09-26T14:20:42.0773767Z   Version: 21.0.8+9
Build	UNKNOWN STEP	2025-09-26T14:20:42.0774415Z   Path: /opt/hostedtoolcache/Java_Temurin-Hotspot_jdk/21.0.8-9/x64
Build	UNKNOWN STEP	2025-09-26T14:20:42.0775006Z 
Build	UNKNOWN STEP	2025-09-26T14:20:42.0776799Z ##[endgroup]
Build	UNKNOWN STEP	2025-09-26T14:20:42.0794749Z Creating settings.xml with server-id: github
Build	UNKNOWN STEP	2025-09-26T14:20:42.0799034Z Writing to /home/runner/.m2/settings.xml
Build	UNKNOWN STEP	2025-09-26T14:20:42.0993295Z Prepare all required actions
Build	UNKNOWN STEP	2025-09-26T14:20:42.0993694Z Getting action download info
Build	UNKNOWN STEP	2025-09-26T14:20:42.3071653Z Download action repository 'actions/cache@5a3ec84eff668545956fd18022155c47e93e2684' (SHA:5a3ec84eff668545956fd18022155c47e93e2684)
Build	UNKNOWN STEP	2025-09-26T14:20:42.6166500Z ##[group]Run ./.github/actions/maven-cache
Build	UNKNOWN STEP	2025-09-26T14:20:42.6166844Z with:
Build	UNKNOWN STEP	2025-09-26T14:20:42.6167108Z   create-cache-if-it-doesnt-exist: true
Build	UNKNOWN STEP	2025-09-26T14:20:42.6167433Z env:
Build	UNKNOWN STEP	2025-09-26T14:20:42.6167770Z   MAVEN_ARGS: -B -nsu -Daether.connector.http.connectionMaxTtl=25
Build	UNKNOWN STEP	2025-09-26T14:20:42.6168252Z   SUREFIRE_RERUN_FAILING_COUNT: 2
Build	UNKNOWN STEP	2025-09-26T14:20:42.6168910Z   SUREFIRE_RETRY: -Dsurefire.rerunFailingTestsCount=2
Build	UNKNOWN STEP	2025-09-26T14:20:42.6169473Z   JAVA_HOME: /opt/hostedtoolcache/Java_Temurin-Hotspot_jdk/21.0.8-9/x64
Build	UNKNOWN STEP	2025-09-26T14:20:42.6170106Z   JAVA_HOME_21_X64: /opt/hostedtoolcache/Java_Temurin-Hotspot_jdk/21.0.8-9/x64
Build	UNKNOWN STEP	2025-09-26T14:20:42.6170603Z ##[endgroup]
Build	UNKNOWN STEP	2025-09-26T14:20:42.6216917Z ##[group]Run echo "key=mvn-`date -u "+%Y-%U"`" >> $GITHUB_OUTPUT
Build	UNKNOWN STEP	2025-09-26T14:20:42.6217632Z [36;1mecho "key=mvn-`date -u "+%Y-%U"`" >> $GITHUB_OUTPUT[0m
Build	UNKNOWN STEP	2025-09-26T14:20:42.6263521Z shell: /usr/bin/bash --noprofile --norc -e -o pipefail {0}
Build	UNKNOWN STEP	2025-09-26T14:20:42.6264080Z env:
Build	UNKNOWN STEP	2025-09-26T14:20:42.6264545Z   MAVEN_ARGS: -B -nsu -Daether.connector.http.connectionMaxTtl=25
Build	UNKNOWN STEP	2025-09-26T14:20:42.6265135Z   SUREFIRE_RERUN_FAILING_COUNT: 2
Build	UNKNOWN STEP	2025-09-26T14:20:42.6265636Z   SUREFIRE_RETRY: -Dsurefire.rerunFailingTestsCount=2
Build	UNKNOWN STEP	2025-09-26T14:20:42.6266312Z   JAVA_HOME: /opt/hostedtoolcache/Java_Temurin-Hotspot_jdk/21.0.8-9/x64
Build	UNKNOWN STEP	2025-09-26T14:20:42.6267101Z   JAVA_HOME_21_X64: /opt/hostedtoolcache/Java_Temurin-Hotspot_jdk/21.0.8-9/x64
Build	UNKNOWN STEP	2025-09-26T14:20:42.6267681Z ##[endgroup]
Build	UNKNOWN STEP	2025-09-26T14:20:42.6476578Z ##[group]Run actions/cache@5a3ec84eff668545956fd18022155c47e93e2684
Build	UNKNOWN STEP	2025-09-26T14:20:42.6477039Z with:
Build	UNKNOWN STEP	2025-09-26T14:20:42.6477353Z   path: ~/.m2/repository/*/*
Build	UNKNOWN STEP	!~/.m2/repository/org/keycloak
Build	UNKNOWN STEP	
Build	UNKNOWN STEP	2025-09-26T14:20:42.6477768Z   key: mvn-Linux-mvn-2025-38
Build	UNKNOWN STEP	2025-09-26T14:20:42.6478060Z   restore-keys: mvn--mvn-2025-38
Build	UNKNOWN STEP	
Build	UNKNOWN STEP	2025-09-26T14:20:42.6478389Z   enableCrossOsArchive: true
Build	UNKNOWN STEP	2025-09-26T14:20:42.6478676Z   fail-on-cache-miss: false
Build	UNKNOWN STEP	2025-09-26T14:20:42.6478964Z   lookup-only: false
Build	UNKNOWN STEP	2025-09-26T14:20:42.6479254Z   save-always: false
Build	UNKNOWN STEP	2025-09-26T14:20:42.6479476Z env:
Build	UNKNOWN STEP	2025-09-26T14:20:42.6479817Z   MAVEN_ARGS: -B -nsu -Daether.connector.http.connectionMaxTtl=25
Build	UNKNOWN STEP	2025-09-26T14:20:42.6480233Z   SUREFIRE_RERUN_FAILING_COUNT: 2
Build	UNKNOWN STEP	2025-09-26T14:20:42.6480587Z   SUREFIRE_RETRY: -Dsurefire.rerunFailingTestsCount=2
Build	UNKNOWN STEP	2025-09-26T14:20:42.6481069Z   JAVA_HOME: /opt/hostedtoolcache/Java_Temurin-Hotspot_jdk/21.0.8-9/x64
Build	UNKNOWN STEP	2025-09-26T14:20:42.6481623Z   JAVA_HOME_21_X64: /opt/hostedtoolcache/Java_Temurin-Hotspot_jdk/21.0.8-9/x64
Build	UNKNOWN STEP	2025-09-26T14:20:42.6482042Z ##[endgroup]
Build	UNKNOWN STEP	2025-09-26T14:20:42.8833669Z Cache hit for: mvn-Linux-mvn-2025-38
Build	UNKNOWN STEP	2025-09-26T14:20:43.9360915Z Received 125829120 of 589078472 (21.4%), 120.1 MBs/sec
Build	UNKNOWN STEP	2025-09-26T14:20:44.9407365Z Received 226492416 of 589078472 (38.4%), 108.0 MBs/sec
Build	UNKNOWN STEP	2025-09-26T14:20:45.9367015Z Received 297795584 of 589078472 (50.6%), 94.7 MBs/sec
Build	UNKNOWN STEP	2025-09-26T14:20:46.9371408Z Received 436207616 of 589078472 (74.0%), 104.0 MBs/sec
Build	UNKNOWN STEP	2025-09-26T14:20:47.9368508Z Received 536870912 of 589078472 (91.1%), 102.4 MBs/sec
Build	UNKNOWN STEP	2025-09-26T14:20:48.6246153Z Received 589078472 of 589078472 (100.0%), 98.8 MBs/sec
Build	UNKNOWN STEP	2025-09-26T14:20:48.6248831Z Cache Size: ~562 MB (589078472 B)
Build	UNKNOWN STEP	2025-09-26T14:20:48.6382250Z [command]/usr/bin/tar -xf /home/runner/work/_temp/dae28132-30eb-4b11-84f9-25ce0488f6c0/cache.tzst -P -C /home/runner/work/keycloak/keycloak --use-compress-program unzstd
Build	UNKNOWN STEP	2025-09-26T14:20:50.4518072Z Cache restored successfully
Build	UNKNOWN STEP	2025-09-26T14:20:50.6032295Z Cache restored from key: mvn-Linux-mvn-2025-38
Build	UNKNOWN STEP	2025-09-26T14:20:50.6211747Z Prepare all required actions
Build	UNKNOWN STEP	2025-09-26T14:20:50.6212175Z Getting action download info
Build	UNKNOWN STEP	2025-09-26T14:20:50.8892744Z ##[group]Run ./.github/actions/node-cache
Build	UNKNOWN STEP	2025-09-26T14:20:50.8893501Z env:
Build	UNKNOWN STEP	2025-09-26T14:20:50.8893898Z   MAVEN_ARGS: -B -nsu -Daether.connector.http.connectionMaxTtl=25
Build	UNKNOWN STEP	2025-09-26T14:20:50.8894375Z   SUREFIRE_RERUN_FAILING_COUNT: 2
Build	UNKNOWN STEP	2025-09-26T14:20:50.8894800Z   SUREFIRE_RETRY: -Dsurefire.rerunFailingTestsCount=2
Build	UNKNOWN STEP	2025-09-26T14:20:50.8895359Z   JAVA_HOME: /opt/hostedtoolcache/Java_Temurin-Hotspot_jdk/21.0.8-9/x64
Build	UNKNOWN STEP	2025-09-26T14:20:50.8896275Z   JAVA_HOME_21_X64: /opt/hostedtoolcache/Java_Temurin-Hotspot_jdk/21.0.8-9/x64
Build	UNKNOWN STEP	2025-09-26T14:20:50.8896765Z ##[endgroup]
Build	UNKNOWN STEP	2025-09-26T14:20:50.8919749Z ##[group]Run echo "node=$(cat js/pom.xml | grep '<node.version>' | cut -d '>' -f 2 | cut -d '<' -f 1 | cut -c 2-)" >> $GITHUB_OUTPUT
Build	UNKNOWN STEP	2025-09-26T14:20:50.8920922Z [36;1mecho "node=$(cat js/pom.xml | grep '<node.version>' | cut -d '>' -f 2 | cut -d '<' -f 1 | cut -c 2-)" >> $GITHUB_OUTPUT[0m
Build	UNKNOWN STEP	2025-09-26T14:20:50.8921788Z [36;1mecho "pnpm=$(cat js/pom.xml | grep '<pnpm.version>' | cut -d '>' -f 2 | cut -d '<' -f 1 | cut -c 1-)" >> $GITHUB_OUTPUT[0m
Build	UNKNOWN STEP	2025-09-26T14:20:50.8960971Z shell: /usr/bin/bash --noprofile --norc -e -o pipefail {0}
Build	UNKNOWN STEP	2025-09-26T14:20:50.8961460Z env:
Build	UNKNOWN STEP	2025-09-26T14:20:50.8961861Z   MAVEN_ARGS: -B -nsu -Daether.connector.http.connectionMaxTtl=25
Build	UNKNOWN STEP	2025-09-26T14:20:50.8962393Z   SUREFIRE_RERUN_FAILING_COUNT: 2
Build	UNKNOWN STEP	2025-09-26T14:20:50.8962965Z   SUREFIRE_RETRY: -Dsurefire.rerunFailingTestsCount=2
Build	UNKNOWN STEP	2025-09-26T14:20:50.8963616Z   JAVA_HOME: /opt/hostedtoolcache/Java_Temurin-Hotspot_jdk/21.0.8-9/x64
Build	UNKNOWN STEP	2025-09-26T14:20:50.8964328Z   JAVA_HOME_21_X64: /opt/hostedtoolcache/Java_Temurin-Hotspot_jdk/21.0.8-9/x64
Build	UNKNOWN STEP	2025-09-26T14:20:50.8964871Z ##[endgroup]
Build	UNKNOWN STEP	2025-09-26T14:20:50.9169957Z ##[group]Run actions/cache@5a3ec84eff668545956fd18022155c47e93e2684
Build	UNKNOWN STEP	2025-09-26T14:20:50.9170593Z with:
Build	UNKNOWN STEP	2025-09-26T14:20:50.9171269Z   path: ~/.m2/repository/com/github/eirslett/node
Build	UNKNOWN STEP	~/.m2/repository/com/github/eirslett/pnpm
Build	UNKNOWN STEP	
Build	UNKNOWN STEP	2025-09-26T14:20:50.9172139Z   key: Linux-frontend-plugin-artifacts-22.18.0-10.14.0
Build	UNKNOWN STEP	2025-09-26T14:20:50.9172716Z   enableCrossOsArchive: false
Build	UNKNOWN STEP	2025-09-26T14:20:50.9173299Z   fail-on-cache-miss: false
Build	UNKNOWN STEP	2025-09-26T14:20:50.9173720Z   lookup-only: false
Build	UNKNOWN STEP	2025-09-26T14:20:50.9174098Z   save-always: false
Build	UNKNOWN STEP	2025-09-26T14:20:50.9174441Z env:
Build	UNKNOWN STEP	2025-09-26T14:20:50.9174920Z   MAVEN_ARGS: -B -nsu -Daether.connector.http.connectionMaxTtl=25
Build	UNKNOWN STEP	2025-09-26T14:20:50.9175534Z   SUREFIRE_RERUN_FAILING_COUNT: 2
Build	UNKNOWN STEP	2025-09-26T14:20:50.9176090Z   SUREFIRE_RETRY: -Dsurefire.rerunFailingTestsCount=2
Build	UNKNOWN STEP	2025-09-26T14:20:50.9176788Z   JAVA_HOME: /opt/hostedtoolcache/Java_Temurin-Hotspot_jdk/21.0.8-9/x64
Build	UNKNOWN STEP	2025-09-26T14:20:50.9177606Z   JAVA_HOME_21_X64: /opt/hostedtoolcache/Java_Temurin-Hotspot_jdk/21.0.8-9/x64
Build	UNKNOWN STEP	2025-09-26T14:20:50.9178252Z ##[endgroup]
Build	UNKNOWN STEP	2025-09-26T14:20:51.2220834Z Cache hit for: Linux-frontend-plugin-artifacts-22.18.0-10.14.0
Build	UNKNOWN STEP	2025-09-26T14:20:52.0139186Z Received 89550697 of 89550697 (100.0%), 116.7 MBs/sec
Build	UNKNOWN STEP	2025-09-26T14:20:52.0140602Z Cache Size: ~85 MB (89550697 B)
Build	UNKNOWN STEP	2025-09-26T14:20:52.0180779Z [command]/usr/bin/tar -xf /home/runner/work/_temp/10c479b1-5031-4a54-8ba5-ea77338d461b/cache.tzst -P -C /home/runner/work/keycloak/keycloak --use-compress-program unzstd
Build	UNKNOWN STEP	2025-09-26T14:20:52.3059028Z Cache restored successfully
Build	UNKNOWN STEP	2025-09-26T14:20:52.3354966Z Cache restored from key: Linux-frontend-plugin-artifacts-22.18.0-10.14.0
Build	UNKNOWN STEP	2025-09-26T14:20:52.3541921Z Prepare all required actions
Build	UNKNOWN STEP	2025-09-26T14:20:52.3542478Z Getting action download info
Build	UNKNOWN STEP	2025-09-26T14:20:53.0142687Z Failed to resolve action download info. Error: Internal Server Error
Build	UNKNOWN STEP	2025-09-26T14:20:53.0147412Z Retrying in 13.794 seconds
Build	UNKNOWN STEP	2025-09-26T14:21:07.5212454Z Failed to resolve action download info. Error: Internal Server Error
Build	UNKNOWN STEP	2025-09-26T14:21:07.5216726Z Retrying in 13.339 seconds
Build	UNKNOWN STEP	2025-09-26T14:21:21.4283224Z ##[error]Failed to resolve action download info.
Build	UNKNOWN STEP	2025-09-26T14:21:21.4299234Z ##[error]Failed to resolve action download info.
Build	UNKNOWN STEP	2025-09-26T14:21:21.4427442Z Post job cleanup.
Build	UNKNOWN STEP	2025-09-26T14:21:21.4485962Z Post job cleanup.
Build	UNKNOWN STEP	2025-09-26T14:21:21.6426955Z Post job cleanup.
Build	UNKNOWN STEP	2025-09-26T14:21:21.7345341Z [command]/usr/bin/git version
Build	UNKNOWN STEP	2025-09-26T14:21:21.7381103Z git version 2.51.0
Build	UNKNOWN STEP	2025-09-26T14:21:21.7426306Z Temporarily overriding HOME='/home/runner/work/_temp/ab25bd0d-09c0-4e5a-bd46-6ebc6efeb5e8' before making global git config changes
Build	UNKNOWN STEP	2025-09-26T14:21:21.7428025Z Adding repository directory to the temporary git global config as a safe directory
Build	UNKNOWN STEP	2025-09-26T14:21:21.7433084Z [command]/usr/bin/git config --global --add safe.directory /home/runner/work/keycloak/keycloak
Build	UNKNOWN STEP	2025-09-26T14:21:21.7480533Z [command]/usr/bin/git config --local --name-only --get-regexp core\.sshCommand
Build	UNKNOWN STEP	2025-09-26T14:21:21.7520875Z [command]/usr/bin/git submodule foreach --recursive sh -c "git config --local --name-only --get-regexp 'core\.sshCommand' && git config --local --unset-all 'core.sshCommand' || :"
Build	UNKNOWN STEP	2025-09-26T14:21:21.7823873Z [command]/usr/bin/git config --local --name-only --get-regexp http\.https\:\/\/github\.com\/\.extraheader
Build	UNKNOWN STEP	2025-09-26T14:21:21.7851398Z http.https://github.com/.extraheader
Build	UNKNOWN STEP	2025-09-26T14:21:21.7863376Z [command]/usr/bin/git config --local --unset-all http.https://github.com/.extraheader
Build	UNKNOWN STEP	2025-09-26T14:21:21.7899519Z [command]/usr/bin/git submodule foreach --recursive sh -c "git config --local --name-only --get-regexp 'http\.https\:\/\/github\.com\/\.extraheader' && git config --local --unset-all 'http.https://github.com/.extraheader' || :"
Build	UNKNOWN STEP	2025-09-26T14:21:21.8347748Z Cleaning up orphan processes
Status Check - Keycloak CI	UNKNOWN STEP	ï»¿2025-09-26T14:21:40.4861039Z Current runner version: '2.328.0'
Status Check - Keycloak CI	UNKNOWN STEP	2025-09-26T14:21:40.4894111Z ##[group]Runner Image Provisioner
Status Check - Keycloak CI	UNKNOWN STEP	2025-09-26T14:21:40.4895343Z Hosted Compute Agent
Status Check - Keycloak CI	UNKNOWN STEP	2025-09-26T14:21:40.4896146Z Version: 20250912.392
Status Check - Keycloak CI	UNKNOWN STEP	2025-09-26T14:21:40.4897163Z Commit: d921fda672a98b64f4f82364647e2f10b2267d0b
Status Check - Keycloak CI	UNKNOWN STEP	2025-09-26T14:21:40.4898275Z Build Date: 2025-09-12T15:23:14Z
Status Check - Keycloak CI	UNKNOWN STEP	2025-09-26T14:21:40.4899207Z ##[endgroup]
Status Check - Keycloak CI	UNKNOWN STEP	2025-09-26T14:21:40.4900115Z ##[group]Operating System
Status Check - Keycloak CI	UNKNOWN STEP	2025-09-26T14:21:40.4901008Z Ubuntu
Status Check - Keycloak CI	UNKNOWN STEP	2025-09-26T14:21:40.4901719Z 24.04.3
Status Check - Keycloak CI	UNKNOWN STEP	2025-09-26T14:21:40.4902539Z LTS
Status Check - Keycloak CI	UNKNOWN STEP	2025-09-26T14:21:40.4903191Z ##[endgroup]
Status Check - Keycloak CI	UNKNOWN STEP	2025-09-26T14:21:40.4904244Z ##[group]Runner Image
Status Check - Keycloak CI	UNKNOWN STEP	2025-09-26T14:21:40.4905309Z Image: ubuntu-24.04
Status Check - Keycloak CI	UNKNOWN STEP	2025-09-26T14:21:40.4906114Z Version: 20250922.53.1
Status Check - Keycloak CI	UNKNOWN STEP	2025-09-26T14:21:40.4907740Z Included Software: https://github.com/actions/runner-images/blob/ubuntu24/20250922.53/images/ubuntu/Ubuntu2404-Readme.md
Status Check - Keycloak CI	UNKNOWN STEP	2025-09-26T14:21:40.4910400Z Image Release: https://github.com/actions/runner-images/releases/tag/ubuntu24%2F20250922.53
Status Check - Keycloak CI	UNKNOWN STEP	2025-09-26T14:21:40.4911996Z ##[endgroup]
Status Check - Keycloak CI	UNKNOWN STEP	2025-09-26T14:21:40.4913705Z ##[group]GITHUB_TOKEN Permissions
Status Check - Keycloak CI	UNKNOWN STEP	2025-09-26T14:21:40.4916386Z Contents: read
Status Check - Keycloak CI	UNKNOWN STEP	2025-09-26T14:21:40.4917316Z Metadata: read
Status Check - Keycloak CI	UNKNOWN STEP	2025-09-26T14:21:40.4918027Z ##[endgroup]
Status Check - Keycloak CI	UNKNOWN STEP	2025-09-26T14:21:40.4920914Z Secret source: None
Status Check - Keycloak CI	UNKNOWN STEP	2025-09-26T14:21:40.4922138Z Prepare workflow directory
Status Check - Keycloak CI	UNKNOWN STEP	2025-09-26T14:21:40.5483939Z Prepare all required actions
Status Check - Keycloak CI	UNKNOWN STEP	2025-09-26T14:21:40.5539071Z Getting action download info
Status Check - Keycloak CI	UNKNOWN STEP	2025-09-26T14:21:41.1099646Z Download action repository 'actions/checkout@08c6903cd8c0fde910a37f88322edcfb5dd907a8' (SHA:08c6903cd8c0fde910a37f88322edcfb5dd907a8)
Status Check - Keycloak CI	UNKNOWN STEP	2025-09-26T14:21:41.3910366Z Complete job name: Status Check - Keycloak CI
Status Check - Keycloak CI	UNKNOWN STEP	2025-09-26T14:21:41.4612702Z ##[group]Run actions/checkout@08c6903cd8c0fde910a37f88322edcfb5dd907a8
Status Check - Keycloak CI	UNKNOWN STEP	2025-09-26T14:21:41.4614000Z with:
Status Check - Keycloak CI	UNKNOWN STEP	2025-09-26T14:21:41.4614465Z   repository: keycloak/keycloak
Status Check - Keycloak CI	UNKNOWN STEP	2025-09-26T14:21:41.4615162Z   token: ***
Status Check - Keycloak CI	UNKNOWN STEP	2025-09-26T14:21:41.4615578Z   ssh-strict: true
Status Check - Keycloak CI	UNKNOWN STEP	2025-09-26T14:21:41.4615997Z   ssh-user: git
Status Check - Keycloak CI	UNKNOWN STEP	2025-09-26T14:21:41.4616447Z   persist-credentials: true
Status Check - Keycloak CI	UNKNOWN STEP	2025-09-26T14:21:41.4616934Z   clean: true
Status Check - Keycloak CI	UNKNOWN STEP	2025-09-26T14:21:41.4617362Z   sparse-checkout-cone-mode: true
Status Check - Keycloak CI	UNKNOWN STEP	2025-09-26T14:21:41.4617865Z   fetch-depth: 1
Status Check - Keycloak CI	UNKNOWN STEP	2025-09-26T14:21:41.4618271Z   fetch-tags: false
Status Check - Keycloak CI	UNKNOWN STEP	2025-09-26T14:21:41.4618696Z   show-progress: true
Status Check - Keycloak CI	UNKNOWN STEP	2025-09-26T14:21:41.4619120Z   lfs: false
Status Check - Keycloak CI	UNKNOWN STEP	2025-09-26T14:21:41.4619523Z   submodules: false
Status Check - Keycloak CI	UNKNOWN STEP	2025-09-26T14:21:41.4619945Z   set-safe-directory: true
Status Check - Keycloak CI	UNKNOWN STEP	2025-09-26T14:21:41.4620668Z env:
Status Check - Keycloak CI	UNKNOWN STEP	2025-09-26T14:21:41.4621254Z   MAVEN_ARGS: -B -nsu -Daether.connector.http.connectionMaxTtl=25
Status Check - Keycloak CI	UNKNOWN STEP	2025-09-26T14:21:41.4621943Z   SUREFIRE_RERUN_FAILING_COUNT: 2
Status Check - Keycloak CI	UNKNOWN STEP	2025-09-26T14:21:41.4622568Z   SUREFIRE_RETRY: -Dsurefire.rerunFailingTestsCount=2
Status Check - Keycloak CI	UNKNOWN STEP	2025-09-26T14:21:41.4623176Z ##[endgroup]
Status Check - Keycloak CI	UNKNOWN STEP	2025-09-26T14:21:41.5590326Z Syncing repository: keycloak/keycloak
Status Check - Keycloak CI	UNKNOWN STEP	2025-09-26T14:21:41.5592145Z ##[group]Getting Git version info
Status Check - Keycloak CI	UNKNOWN STEP	2025-09-26T14:21:41.5592859Z Working directory is '/home/runner/work/keycloak/keycloak'
Status Check - Keycloak CI	UNKNOWN STEP	2025-09-26T14:21:41.5594368Z [command]/usr/bin/git version
Status Check - Keycloak CI	UNKNOWN STEP	2025-09-26T14:21:41.5650775Z git version 2.51.0
Status Check - Keycloak CI	UNKNOWN STEP	2025-09-26T14:21:41.5673496Z ##[endgroup]
Status Check - Keycloak CI	UNKNOWN STEP	2025-09-26T14:21:41.5692620Z Temporarily overriding HOME='/home/runner/work/_temp/0d4f34c6-d471-48ed-9dc8-0c3490ad4ea8' before making global git config changes
Status Check - Keycloak CI	UNKNOWN STEP	2025-09-26T14:21:41.5696900Z Adding repository directory to the temporary git global config as a safe directory
Status Check - Keycloak CI	UNKNOWN STEP	2025-09-26T14:21:41.5700273Z [command]/usr/bin/git config --global --add safe.directory /home/runner/work/keycloak/keycloak
Status Check - Keycloak CI	UNKNOWN STEP	2025-09-26T14:21:41.5738703Z Deleting the contents of '/home/runner/work/keycloak/keycloak'
Status Check - Keycloak CI	UNKNOWN STEP	2025-09-26T14:21:41.5742684Z ##[group]Initializing the repository
Status Check - Keycloak CI	UNKNOWN STEP	2025-09-26T14:21:41.5748088Z [command]/usr/bin/git init /home/runner/work/keycloak/keycloak
Status Check - Keycloak CI	UNKNOWN STEP	2025-09-26T14:21:41.5863137Z hint: Using 'master' as the name for the initial branch. This default branch name
Status Check - Keycloak CI	UNKNOWN STEP	2025-09-26T14:21:41.5865523Z hint: is subject to change. To configure the initial branch name to use in all
Status Check - Keycloak CI	UNKNOWN STEP	2025-09-26T14:21:41.5867383Z hint: of your new repositories, which will suppress this warning, call:
Status Check - Keycloak CI	UNKNOWN STEP	2025-09-26T14:21:41.5869253Z hint:
Status Check - Keycloak CI	UNKNOWN STEP	2025-09-26T14:21:41.5870218Z hint: 	git config --global init.defaultBranch <name>
Status Check - Keycloak CI	UNKNOWN STEP	2025-09-26T14:21:41.5871420Z hint:
Status Check - Keycloak CI	UNKNOWN STEP	2025-09-26T14:21:41.5872530Z hint: Names commonly chosen instead of 'master' are 'main', 'trunk' and
Status Check - Keycloak CI	UNKNOWN STEP	2025-09-26T14:21:41.5874628Z hint: 'development'. The just-created branch can be renamed via this command:
Status Check - Keycloak CI	UNKNOWN STEP	2025-09-26T14:21:41.5876064Z hint:
Status Check - Keycloak CI	UNKNOWN STEP	2025-09-26T14:21:41.5877081Z hint: 	git branch -m <name>
Status Check - Keycloak CI	UNKNOWN STEP	2025-09-26T14:21:41.5878027Z hint:
Status Check - Keycloak CI	UNKNOWN STEP	2025-09-26T14:21:41.5879259Z hint: Disable this message with "git config set advice.defaultBranchName false"
Status Check - Keycloak CI	UNKNOWN STEP	2025-09-26T14:21:41.5881318Z Initialized empty Git repository in /home/runner/work/keycloak/keycloak/.git/
Status Check - Keycloak CI	UNKNOWN STEP	2025-09-26T14:21:41.5884734Z [command]/usr/bin/git remote add origin https://github.com/keycloak/keycloak
Status Check - Keycloak CI	UNKNOWN STEP	2025-09-26T14:21:41.5918548Z ##[endgroup]
Status Check - Keycloak CI	UNKNOWN STEP	2025-09-26T14:21:41.5920125Z ##[group]Disabling automatic garbage collection
Status Check - Keycloak CI	UNKNOWN STEP	2025-09-26T14:21:41.5921676Z [command]/usr/bin/git config --local gc.auto 0
Status Check - Keycloak CI	UNKNOWN STEP	2025-09-26T14:21:41.5952836Z ##[endgroup]
Status Check - Keycloak CI	UNKNOWN STEP	2025-09-26T14:21:41.5954417Z ##[group]Setting up auth
Status Check - Keycloak CI	UNKNOWN STEP	2025-09-26T14:21:41.5960164Z [command]/usr/bin/git config --local --name-only --get-regexp core\.sshCommand
Status Check - Keycloak CI	UNKNOWN STEP	2025-09-26T14:21:41.5991806Z [command]/usr/bin/git submodule foreach --recursive sh -c "git config --local --name-only --get-regexp 'core\.sshCommand' && git config --local --unset-all 'core.sshCommand' || :"
Status Check - Keycloak CI	UNKNOWN STEP	2025-09-26T14:21:41.6325266Z [command]/usr/bin/git config --local --name-only --get-regexp http\.https\:\/\/github\.com\/\.extraheader
Status Check - Keycloak CI	UNKNOWN STEP	2025-09-26T14:21:41.6358719Z [command]/usr/bin/git submodule foreach --recursive sh -c "git config --local --name-only --get-regexp 'http\.https\:\/\/github\.com\/\.extraheader' && git config --local --unset-all 'http.https://github.com/.extraheader' || :"
Status Check - Keycloak CI	UNKNOWN STEP	2025-09-26T14:21:41.6582186Z [command]/usr/bin/git config --local http.https://github.com/.extraheader AUTHORIZATION: basic ***
Status Check - Keycloak CI	UNKNOWN STEP	2025-09-26T14:21:41.6619339Z ##[endgroup]
Status Check - Keycloak CI	UNKNOWN STEP	2025-09-26T14:21:41.6620843Z ##[group]Fetching the repository
Status Check - Keycloak CI	UNKNOWN STEP	2025-09-26T14:21:41.6630045Z [command]/usr/bin/git -c protocol.version=2 fetch --no-tags --prune --no-recurse-submodules --depth=1 origin +049446f6e7173be971d31ef42df2205d5c8eb355:refs/remotes/pull/42655/merge
Status Check - Keycloak CI	UNKNOWN STEP	2025-09-26T14:21:44.9330403Z From https://github.com/keycloak/keycloak
Status Check - Keycloak CI	UNKNOWN STEP	2025-09-26T14:21:44.9332312Z  * [new ref]         049446f6e7173be971d31ef42df2205d5c8eb355 -> pull/42655/merge
Status Check - Keycloak CI	UNKNOWN STEP	2025-09-26T14:21:44.9364634Z ##[endgroup]
Status Check - Keycloak CI	UNKNOWN STEP	2025-09-26T14:21:44.9366461Z ##[group]Determining the checkout info
Status Check - Keycloak CI	UNKNOWN STEP	2025-09-26T14:21:44.9368457Z ##[endgroup]
Status Check - Keycloak CI	UNKNOWN STEP	2025-09-26T14:21:44.9372661Z [command]/usr/bin/git sparse-checkout disable
Status Check - Keycloak CI	UNKNOWN STEP	2025-09-26T14:21:44.9428468Z [command]/usr/bin/git config --local --unset-all extensions.worktreeConfig
Status Check - Keycloak CI	UNKNOWN STEP	2025-09-26T14:21:44.9456712Z ##[group]Checking out the ref
Status Check - Keycloak CI	UNKNOWN STEP	2025-09-26T14:21:44.9460928Z [command]/usr/bin/git checkout --progress --force refs/remotes/pull/42655/merge
Status Check - Keycloak CI	UNKNOWN STEP	2025-09-26T14:21:45.7711680Z Note: switching to 'refs/remotes/pull/42655/merge'.
Status Check - Keycloak CI	UNKNOWN STEP	2025-09-26T14:21:45.7712316Z 
Status Check - Keycloak CI	UNKNOWN STEP	2025-09-26T14:21:45.7712725Z You are in 'detached HEAD' state. You can look around, make experimental
Status Check - Keycloak CI	UNKNOWN STEP	2025-09-26T14:21:45.7713665Z changes and commit them, and you can discard any commits you make in this
Status Check - Keycloak CI	UNKNOWN STEP	2025-09-26T14:21:45.7714945Z state without impacting any branches by switching back to a branch.
Status Check - Keycloak CI	UNKNOWN STEP	2025-09-26T14:21:45.7715534Z 
Status Check - Keycloak CI	UNKNOWN STEP	2025-09-26T14:21:45.7715893Z If you want to create a new branch to retain commits you create, you may
Status Check - Keycloak CI	UNKNOWN STEP	2025-09-26T14:21:45.7716670Z do so (now or later) by using -c with the switch command. Example:
Status Check - Keycloak CI	UNKNOWN STEP	2025-09-26T14:21:45.7717216Z 
Status Check - Keycloak CI	UNKNOWN STEP	2025-09-26T14:21:45.7717465Z   git switch -c <new-branch-name>
Status Check - Keycloak CI	UNKNOWN STEP	2025-09-26T14:21:45.7717882Z 
Status Check - Keycloak CI	UNKNOWN STEP	2025-09-26T14:21:45.7718183Z Or undo this operation with:
Status Check - Keycloak CI	UNKNOWN STEP	2025-09-26T14:21:45.7718591Z 
Status Check - Keycloak CI	UNKNOWN STEP	2025-09-26T14:21:45.7718808Z   git switch -
Status Check - Keycloak CI	UNKNOWN STEP	2025-09-26T14:21:45.7719149Z 
Status Check - Keycloak CI	UNKNOWN STEP	2025-09-26T14:21:45.7719664Z Turn off this advice by setting config variable advice.detachedHead to false
Status Check - Keycloak CI	UNKNOWN STEP	2025-09-26T14:21:45.7720337Z 
Status Check - Keycloak CI	UNKNOWN STEP	2025-09-26T14:21:45.7720921Z HEAD is now at 049446f Merge b2ac81a7184ef2e28572d411c275af0f1dcf10c6 into b65a60e40d433196c9dd74c829b9530777bb4747
Status Check - Keycloak CI	UNKNOWN STEP	2025-09-26T14:21:45.7746961Z ##[endgroup]
Status Check - Keycloak CI	UNKNOWN STEP	2025-09-26T14:21:45.7786772Z [command]/usr/bin/git log -1 --format=%H
Status Check - Keycloak CI	UNKNOWN STEP	2025-09-26T14:21:45.7836637Z 049446f6e7173be971d31ef42df2205d5c8eb355
Status Check - Keycloak CI	UNKNOWN STEP	2025-09-26T14:21:45.8084755Z Prepare all required actions
Status Check - Keycloak CI	UNKNOWN STEP	2025-09-26T14:21:45.8165586Z ##[group]Run ./.github/actions/status-check
Status Check - Keycloak CI	UNKNOWN STEP	2025-09-26T14:21:45.8165918Z with:
Status Check - Keycloak CI	UNKNOWN STEP	2025-09-26T14:21:45.8170216Z   jobs: {
Status Check - Keycloak CI	UNKNOWN STEP	  "conditional": {
Status Check - Keycloak CI	UNKNOWN STEP	    "result": "success",
Status Check - Keycloak CI	UNKNOWN STEP	    "outputs": {
Status Check - Keycloak CI	UNKNOWN STEP	      "ci": "true",
Status Check - Keycloak CI	UNKNOWN STEP	      "ci-quarkus": "true",
Status Check - Keycloak CI	UNKNOWN STEP	      "ci-store": "false",
Status Check - Keycloak CI	UNKNOWN STEP	      "ci-sssd": "false",
Status Check - Keycloak CI	UNKNOWN STEP	      "ci-webauthn": "true",
Status Check - Keycloak CI	UNKNOWN STEP	      "ci-aurora": "false",
Status Check - Keycloak CI	UNKNOWN STEP	      "ci-additional-dbs": "false"
Status Check - Keycloak CI	UNKNOWN STEP	    }
Status Check - Keycloak CI	UNKNOWN STEP	  },
Status Check - Keycloak CI	UNKNOWN STEP	  "build": {
Status Check - Keycloak CI	UNKNOWN STEP	    "result": "failure",
Status Check - Keycloak CI	UNKNOWN STEP	    "outputs": {}
Status Check - Keycloak CI	UNKNOWN STEP	  },
Status Check - Keycloak CI	UNKNOWN STEP	  "unit-tests": {
Status Check - Keycloak CI	UNKNOWN STEP	    "result": "skipped",
Status Check - Keycloak CI	UNKNOWN STEP	    "outputs": {}
Status Check - Keycloak CI	UNKNOWN STEP	  },
Status Check - Keycloak CI	UNKNOWN STEP	  "base-integration-tests": {
Status Check - Keycloak CI	UNKNOWN STEP	    "result": "skipped",
Status Check - Keycloak CI	UNKNOWN STEP	    "outputs": {}
Status Check - Keycloak CI	UNKNOWN STEP	  },
Status Check - Keycloak CI	UNKNOWN STEP	  "adapter-integration-tests": {
Status Check - Keycloak CI	UNKNOWN STEP	    "result": "skipped",
Status Check - Keycloak CI	UNKNOWN STEP	    "outputs": {}
Status Check - Keycloak CI	UNKNOWN STEP	  },
Status Check - Keycloak CI	UNKNOWN STEP	  "adapter-integration-tests-strict-cookies": {
Status Check - Keycloak CI	UNKNOWN STEP	    "result": "skipped",
Status Check - Keycloak CI	UNKNOWN STEP	    "outputs": {}
Status Check - Keycloak CI	UNKNOWN STEP	  },
Status Check - Keycloak CI	UNKNOWN STEP	  "quarkus-unit-tests": {
Status Check - Keycloak CI	UNKNOWN STEP	    "result": "skipped",
Status Check - Keycloak CI	UNKNOWN STEP	    "outputs": {}
Status Check - Keycloak CI	UNKNOWN STEP	  },
Status Check - Keycloak CI	UNKNOWN STEP	  "quarkus-integration-tests": {
Status Check - Keycloak CI	UNKNOWN STEP	    "result": "skipped",
Status Check - Keycloak CI	UNKNOWN STEP	    "outputs": {}
Status Check - Keycloak CI	UNKNOWN STEP	  },
Status Check - Keycloak CI	UNKNOWN STEP	  "jdk-integration-tests": {
Status Check - Keycloak CI	UNKNOWN STEP	    "result": "skipped",
Status Check - Keycloak CI	UNKNOWN STEP	    "outputs": {}
Status Check - Keycloak CI	UNKNOWN STEP	  },
Status Check - Keycloak CI	UNKNOWN STEP	  "store-integration-tests": {
Status Check - Keycloak CI	UNKNOWN STEP	    "result": "skipped",
Status Check - Keycloak CI	UNKNOWN STEP	    "outputs": {}
Status Check - Keycloak CI	UNKNOWN STEP	  },
Status Check - Keycloak CI	UNKNOWN STEP	  "volatile-sessions-tests": {
Status Check - Keycloak CI	UNKNOWN STEP	    "result": "skipped",
Status Check - Keycloak CI	UNKNOWN STEP	    "outputs": {}
Status Check - Keycloak CI	UNKNOWN STEP	  },
Status Check - Keycloak CI	UNKNOWN STEP	  "store-model-tests": {
Status Check - Keycloak CI	UNKNOWN STEP	    "result": "skipped",
Status Check - Keycloak CI	UNKNOWN STEP	    "outputs": {}
Status Check - Keycloak CI	UNKNOWN STEP	  },
Status Check - Keycloak CI	UNKNOWN STEP	  "clustering-integration-tests": {
Status Check - Keycloak CI	UNKNOWN STEP	    "result": "skipped",
Status Check - Keycloak CI	UNKNOWN STEP	    "outputs": {}
Status Check - Keycloak CI	UNKNOWN STEP	  },
Status Check - Keycloak CI	UNKNOWN STEP	  "fips-unit-tests": {
Status Check - Keycloak CI	UNKNOWN STEP	    "result": "skipped",
Status Check - Keycloak CI	UNKNOWN STEP	    "outputs": {}
Status Check - Keycloak CI	UNKNOWN STEP	  },
Status Check - Keycloak CI	UNKNOWN STEP	  "fips-integration-tests": {
Status Check - Keycloak CI	UNKNOWN STEP	    "result": "skipped",
Status Check - Keycloak CI	UNKNOWN STEP	    "outputs": {}
Status Check - Keycloak CI	UNKNOWN STEP	  },
Status Check - Keycloak CI	UNKNOWN STEP	  "forms-integration-tests": {
Status Check - Keycloak CI	UNKNOWN STEP	    "result": "skipped",
Status Check - Keycloak CI	UNKNOWN STEP	    "outputs": {}
Status Check - Keycloak CI	UNKNOWN STEP	  },
Status Check - Keycloak CI	UNKNOWN STEP	  "webauthn-integration-tests": {
Status Check - Keycloak CI	UNKNOWN STEP	    "result": "skipped",
Status Check - Keycloak CI	UNKNOWN STEP	    "outputs": {}
Status Check - Keycloak CI	UNKNOWN STEP	  },
Status Check - Keycloak CI	UNKNOWN STEP	  "sssd-unit-tests": {
Status Check - Keycloak CI	UNKNOWN STEP	    "result": "skipped",
Status Check - Keycloak CI	UNKNOWN STEP	    "outputs": {}
Status Check - Keycloak CI	UNKNOWN STEP	  },
Status Check - Keycloak CI	UNKNOWN STEP	  "migration-tests": {
Status Check - Keycloak CI	UNKNOWN STEP	    "result": "skipped",
Status Check - Keycloak CI	UNKNOWN STEP	    "outputs": {}
Status Check - Keycloak CI	UNKNOWN STEP	  },
Status Check - Keycloak CI	UNKNOWN STEP	  "external-infinispan-tests": {
Status Check - Keycloak CI	UNKNOWN STEP	    "result": "skipped",
Status Check - Keycloak CI	UNKNOWN STEP	    "outputs": {}
Status Check - Keycloak CI	UNKNOWN STEP	  },
Status Check - Keycloak CI	UNKNOWN STEP	  "test-framework": {
Status Check - Keycloak CI	UNKNOWN STEP	    "result": "skipped",
Status Check - Keycloak CI	UNKNOWN STEP	    "outputs": {}
Status Check - Keycloak CI	UNKNOWN STEP	  },
Status Check - Keycloak CI	UNKNOWN STEP	  "base-new-integration-tests": {
Status Check - Keycloak CI	UNKNOWN STEP	    "result": "skipped",
Status Check - Keycloak CI	UNKNOWN STEP	    "outputs": {}
Status Check - Keycloak CI	UNKNOWN STEP	  },
Status Check - Keycloak CI	UNKNOWN STEP	  "mixed-cluster-compatibility-tests": {
Status Check - Keycloak CI	UNKNOWN STEP	    "result": "skipped",
Status Check - Keycloak CI	UNKNOWN STEP	    "outputs": {}
Status Check - Keycloak CI	UNKNOWN STEP	  }
Status Check - Keycloak CI	UNKNOWN STEP	}
Status Check - Keycloak CI	UNKNOWN STEP	2025-09-26T14:21:45.8175053Z env:
Status Check - Keycloak CI	UNKNOWN STEP	2025-09-26T14:21:45.8175379Z   MAVEN_ARGS: -B -nsu -Daether.connector.http.connectionMaxTtl=25
Status Check - Keycloak CI	UNKNOWN STEP	2025-09-26T14:21:45.8175758Z   SUREFIRE_RERUN_FAILING_COUNT: 2
Status Check - Keycloak CI	UNKNOWN STEP	2025-09-26T14:21:45.8176104Z   SUREFIRE_RETRY: -Dsurefire.rerunFailingTestsCount=2
Status Check - Keycloak CI	UNKNOWN STEP	2025-09-26T14:21:45.8176425Z ##[endgroup]
Status Check - Keycloak CI	UNKNOWN STEP	2025-09-26T14:21:45.8283617Z ##[group]Run JOBS='{
Status Check - Keycloak CI	UNKNOWN STEP	2025-09-26T14:21:45.8284147Z [36;1mJOBS='{[0m
Status Check - Keycloak CI	UNKNOWN STEP	2025-09-26T14:21:45.8284395Z [36;1m  "conditional": {[0m
Status Check - Keycloak CI	UNKNOWN STEP	2025-09-26T14:21:45.8284653Z [36;1m    "result": "success",[0m
Status Check - Keycloak CI	UNKNOWN STEP	2025-09-26T14:21:45.8284929Z [36;1m    "outputs": {[0m
Status Check - Keycloak CI	UNKNOWN STEP	2025-09-26T14:21:45.8285173Z [36;1m      "ci": "true",[0m
Status Check - Keycloak CI	UNKNOWN STEP	2025-09-26T14:21:45.8285462Z [36;1m      "ci-quarkus": "true",[0m
Status Check - Keycloak CI	UNKNOWN STEP	2025-09-26T14:21:45.8285740Z [36;1m      "ci-store": "false",[0m
Status Check - Keycloak CI	UNKNOWN STEP	2025-09-26T14:21:45.8286000Z [36;1m      "ci-sssd": "false",[0m
Status Check - Keycloak CI	UNKNOWN STEP	2025-09-26T14:21:45.8286277Z [36;1m      "ci-webauthn": "true",[0m
Status Check - Keycloak CI	UNKNOWN STEP	2025-09-26T14:21:45.8286542Z [36;1m      "ci-aurora": "false",[0m
Status Check - Keycloak CI	UNKNOWN STEP	2025-09-26T14:21:45.8286825Z [36;1m      "ci-additional-dbs": "false"[0m
Status Check - Keycloak CI	UNKNOWN STEP	2025-09-26T14:21:45.8287095Z [36;1m    }[0m
Status Check - Keycloak CI	UNKNOWN STEP	2025-09-26T14:21:45.8287295Z [36;1m  },[0m
Status Check - Keycloak CI	UNKNOWN STEP	2025-09-26T14:21:45.8287497Z [36;1m  "build": {[0m
Status Check - Keycloak CI	UNKNOWN STEP	2025-09-26T14:21:45.8287719Z [36;1m    "result": "failure",[0m
Status Check - Keycloak CI	UNKNOWN STEP	2025-09-26T14:21:45.8287990Z [36;1m    "outputs": {}[0m
Status Check - Keycloak CI	UNKNOWN STEP	2025-09-26T14:21:45.8288214Z [36;1m  },[0m
Status Check - Keycloak CI	UNKNOWN STEP	2025-09-26T14:21:45.8288419Z [36;1m  "unit-tests": {[0m
Status Check - Keycloak CI	UNKNOWN STEP	2025-09-26T14:21:45.8288661Z [36;1m    "result": "skipped",[0m
Status Check - Keycloak CI	UNKNOWN STEP	2025-09-26T14:21:45.8288914Z [36;1m    "outputs": {}[0m
Status Check - Keycloak CI	UNKNOWN STEP	2025-09-26T14:21:45.8289138Z [36;1m  },[0m
Status Check - Keycloak CI	UNKNOWN STEP	2025-09-26T14:21:45.8289360Z [36;1m  "base-integration-tests": {[0m
Status Check - Keycloak CI	UNKNOWN STEP	2025-09-26T14:21:45.8289846Z [36;1m    "result": "skipped",[0m
Status Check - Keycloak CI	UNKNOWN STEP	2025-09-26T14:21:45.8290092Z [36;1m    "outputs": {}[0m
Status Check - Keycloak CI	UNKNOWN STEP	2025-09-26T14:21:45.8290316Z [36;1m  },[0m
Status Check - Keycloak CI	UNKNOWN STEP	2025-09-26T14:21:45.8290534Z [36;1m  "adapter-integration-tests": {[0m
Status Check - Keycloak CI	UNKNOWN STEP	2025-09-26T14:21:45.8291003Z [36;1m    "result": "skipped",[0m
Status Check - Keycloak CI	UNKNOWN STEP	2025-09-26T14:21:45.8291259Z [36;1m    "outputs": {}[0m
Status Check - Keycloak CI	UNKNOWN STEP	2025-09-26T14:21:45.8291483Z [36;1m  },[0m
Status Check - Keycloak CI	UNKNOWN STEP	2025-09-26T14:21:45.8291771Z [36;1m  "adapter-integration-tests-strict-cookies": {[0m
Status Check - Keycloak CI	UNKNOWN STEP	2025-09-26T14:21:45.8292094Z [36;1m    "result": "skipped",[0m
Status Check - Keycloak CI	UNKNOWN STEP	2025-09-26T14:21:45.8292344Z [36;1m    "outputs": {}[0m
Status Check - Keycloak CI	UNKNOWN STEP	2025-09-26T14:21:45.8292560Z [36;1m  },[0m
Status Check - Keycloak CI	UNKNOWN STEP	2025-09-26T14:21:45.8292767Z [36;1m  "quarkus-unit-tests": {[0m
Status Check - Keycloak CI	UNKNOWN STEP	2025-09-26T14:21:45.8293021Z [36;1m    "result": "skipped",[0m
Status Check - Keycloak CI	UNKNOWN STEP	2025-09-26T14:21:45.8293268Z [36;1m    "outputs": {}[0m
Status Check - Keycloak CI	UNKNOWN STEP	2025-09-26T14:21:45.8293486Z [36;1m  },[0m
Status Check - Keycloak CI	UNKNOWN STEP	2025-09-26T14:21:45.8293721Z [36;1m  "quarkus-integration-tests": {[0m
Status Check - Keycloak CI	UNKNOWN STEP	2025-09-26T14:21:45.8294129Z [36;1m    "result": "skipped",[0m
Status Check - Keycloak CI	UNKNOWN STEP	2025-09-26T14:21:45.8294393Z [36;1m    "outputs": {}[0m
Status Check - Keycloak CI	UNKNOWN STEP	2025-09-26T14:21:45.8294619Z [36;1m  },[0m
Status Check - Keycloak CI	UNKNOWN STEP	2025-09-26T14:21:45.8294865Z [36;1m  "jdk-integration-tests": {[0m
Status Check - Keycloak CI	UNKNOWN STEP	2025-09-26T14:21:45.8295183Z [36;1m    "result": "skipped",[0m
Status Check - Keycloak CI	UNKNOWN STEP	2025-09-26T14:21:45.8295439Z [36;1m    "outputs": {}[0m
Status Check - Keycloak CI	UNKNOWN STEP	2025-09-26T14:21:45.8295662Z [36;1m  },[0m
Status Check - Keycloak CI	UNKNOWN STEP	2025-09-26T14:21:45.8295885Z [36;1m  "store-integration-tests": {[0m
Status Check - Keycloak CI	UNKNOWN STEP	2025-09-26T14:21:45.8296156Z [36;1m    "result": "skipped",[0m
Status Check - Keycloak CI	UNKNOWN STEP	2025-09-26T14:21:45.8296402Z [36;1m    "outputs": {}[0m
Status Check - Keycloak CI	UNKNOWN STEP	2025-09-26T14:21:45.8296619Z [36;1m  },[0m
Status Check - Keycloak CI	UNKNOWN STEP	2025-09-26T14:21:45.8296839Z [36;1m  "volatile-sessions-tests": {[0m
Status Check - Keycloak CI	UNKNOWN STEP	2025-09-26T14:21:45.8297106Z [36;1m    "result": "skipped",[0m
Status Check - Keycloak CI	UNKNOWN STEP	2025-09-26T14:21:45.8297357Z [36;1m    "outputs": {}[0m
Status Check - Keycloak CI	UNKNOWN STEP	2025-09-26T14:21:45.8297580Z [36;1m  },[0m
Status Check - Keycloak CI	UNKNOWN STEP	2025-09-26T14:21:45.8297782Z [36;1m  "store-model-tests": {[0m
Status Check - Keycloak CI	UNKNOWN STEP	2025-09-26T14:21:45.8298036Z [36;1m    "result": "skipped",[0m
Status Check - Keycloak CI	UNKNOWN STEP	2025-09-26T14:21:45.8298275Z [36;1m    "outputs": {}[0m
Status Check - Keycloak CI	UNKNOWN STEP	2025-09-26T14:21:45.8298521Z [36;1m  },[0m
Status Check - Keycloak CI	UNKNOWN STEP	2025-09-26T14:21:45.8298746Z [36;1m  "clustering-integration-tests": {[0m
Status Check - Keycloak CI	UNKNOWN STEP	2025-09-26T14:21:45.8299036Z [36;1m    "result": "skipped",[0m
Status Check - Keycloak CI	UNKNOWN STEP	2025-09-26T14:21:45.8299275Z [36;1m    "outputs": {}[0m
Status Check - Keycloak CI	UNKNOWN STEP	2025-09-26T14:21:45.8299504Z [36;1m  },[0m
Status Check - Keycloak CI	UNKNOWN STEP	2025-09-26T14:21:45.8299712Z [36;1m  "fips-unit-tests": {[0m
Status Check - Keycloak CI	UNKNOWN STEP	2025-09-26T14:21:45.8299960Z [36;1m    "result": "skipped",[0m
Status Check - Keycloak CI	UNKNOWN STEP	2025-09-26T14:21:45.8300208Z [36;1m    "outputs": {}[0m
Status Check - Keycloak CI	UNKNOWN STEP	2025-09-26T14:21:45.8300424Z [36;1m  },[0m
Status Check - Keycloak CI	UNKNOWN STEP	2025-09-26T14:21:45.8300641Z [36;1m  "fips-integration-tests": {[0m
Status Check - Keycloak CI	UNKNOWN STEP	2025-09-26T14:21:45.8300905Z [36;1m    "result": "skipped",[0m
Status Check - Keycloak CI	UNKNOWN STEP	2025-09-26T14:21:45.8301155Z [36;1m    "outputs": {}[0m
Status Check - Keycloak CI	UNKNOWN STEP	2025-09-26T14:21:45.8301371Z [36;1m  },[0m
Status Check - Keycloak CI	UNKNOWN STEP	2025-09-26T14:21:45.8301588Z [36;1m  "forms-integration-tests": {[0m
Status Check - Keycloak CI	UNKNOWN STEP	2025-09-26T14:21:45.8301860Z [36;1m    "result": "skipped",[0m
Status Check - Keycloak CI	UNKNOWN STEP	2025-09-26T14:21:45.8302105Z [36;1m    "outputs": {}[0m
Status Check - Keycloak CI	UNKNOWN STEP	2025-09-26T14:21:45.8302327Z [36;1m  },[0m
Status Check - Keycloak CI	UNKNOWN STEP	2025-09-26T14:21:45.8302555Z [36;1m  "webauthn-integration-tests": {[0m
Status Check - Keycloak CI	UNKNOWN STEP	2025-09-26T14:21:45.8302840Z [36;1m    "result": "skipped",[0m
Status Check - Keycloak CI	UNKNOWN STEP	2025-09-26T14:21:45.8303081Z [36;1m    "outputs": {}[0m
Status Check - Keycloak CI	UNKNOWN STEP	2025-09-26T14:21:45.8303301Z [36;1m  },[0m
Status Check - Keycloak CI	UNKNOWN STEP	2025-09-26T14:21:45.8303509Z [36;1m  "sssd-unit-tests": {[0m
Status Check - Keycloak CI	UNKNOWN STEP	2025-09-26T14:21:45.8303861Z [36;1m    "result": "skipped",[0m
Status Check - Keycloak CI	UNKNOWN STEP	2025-09-26T14:21:45.8304101Z [36;1m    "outputs": {}[0m
Status Check - Keycloak CI	UNKNOWN STEP	2025-09-26T14:21:45.8304320Z [36;1m  },[0m
Status Check - Keycloak CI	UNKNOWN STEP	2025-09-26T14:21:45.8304524Z [36;1m  "migration-tests": {[0m
Status Check - Keycloak CI	UNKNOWN STEP	2025-09-26T14:21:45.8304767Z [36;1m    "result": "skipped",[0m
Status Check - Keycloak CI	UNKNOWN STEP	2025-09-26T14:21:45.8305010Z [36;1m    "outputs": {}[0m
Status Check - Keycloak CI	UNKNOWN STEP	2025-09-26T14:21:45.8305225Z [36;1m  },[0m
Status Check - Keycloak CI	UNKNOWN STEP	2025-09-26T14:21:45.8305447Z [36;1m  "external-infinispan-tests": {[0m
Status Check - Keycloak CI	UNKNOWN STEP	2025-09-26T14:21:45.8305722Z [36;1m    "result": "skipped",[0m
Status Check - Keycloak CI	UNKNOWN STEP	2025-09-26T14:21:45.8305969Z [36;1m    "outputs": {}[0m
Status Check - Keycloak CI	UNKNOWN STEP	2025-09-26T14:21:45.8306185Z [36;1m  },[0m
Status Check - Keycloak CI	UNKNOWN STEP	2025-09-26T14:21:45.8306392Z [36;1m  "test-framework": {[0m
Status Check - Keycloak CI	UNKNOWN STEP	2025-09-26T14:21:45.8306798Z [36;1m    "result": "skipped",[0m
Status Check - Keycloak CI	UNKNOWN STEP	2025-09-26T14:21:45.8307050Z [36;1m    "outputs": {}[0m
Status Check - Keycloak CI	UNKNOWN STEP	2025-09-26T14:21:45.8307278Z [36;1m  },[0m
Status Check - Keycloak CI	UNKNOWN STEP	2025-09-26T14:21:45.8307500Z [36;1m  "base-new-integration-tests": {[0m
Status Check - Keycloak CI	UNKNOWN STEP	2025-09-26T14:21:45.8307913Z [36;1m    "result": "skipped",[0m
Status Check - Keycloak CI	UNKNOWN STEP	2025-09-26T14:21:45.8308161Z [36;1m    "outputs": {}[0m
Status Check - Keycloak CI	UNKNOWN STEP	2025-09-26T14:21:45.8308389Z [36;1m  },[0m
Status Check - Keycloak CI	UNKNOWN STEP	2025-09-26T14:21:45.8308625Z [36;1m  "mixed-cluster-compatibility-tests": {[0m
Status Check - Keycloak CI	UNKNOWN STEP	2025-09-26T14:21:45.8308930Z [36;1m    "result": "skipped",[0m
Status Check - Keycloak CI	UNKNOWN STEP	2025-09-26T14:21:45.8309179Z [36;1m    "outputs": {}[0m
Status Check - Keycloak CI	UNKNOWN STEP	2025-09-26T14:21:45.8309406Z [36;1m  }[0m
Status Check - Keycloak CI	UNKNOWN STEP	2025-09-26T14:21:45.8309600Z [36;1m}'[0m
Status Check - Keycloak CI	UNKNOWN STEP	2025-09-26T14:21:45.8309790Z [36;1m[0m
Status Check - Keycloak CI	UNKNOWN STEP	2025-09-26T14:21:45.8310002Z [36;1mecho "Job status:"[0m
Status Check - Keycloak CI	UNKNOWN STEP	2025-09-26T14:21:45.8310332Z [36;1mecho $JOBS | jq -r 'to_entries[] | " - \(.key): \(.value.result)"'[0m
Status Check - Keycloak CI	UNKNOWN STEP	2025-09-26T14:21:45.8310680Z [36;1m[0m
Status Check - Keycloak CI	UNKNOWN STEP	2025-09-26T14:21:45.8310946Z [36;1mfor i in $(echo $JOBS | jq -r 'to_entries[] | .value.result'); do[0m
Status Check - Keycloak CI	UNKNOWN STEP	2025-09-26T14:21:45.8311348Z [36;1m  if [ "$i" != "success" ] && [ "$i" != "skipped" ]; then[0m
Status Check - Keycloak CI	UNKNOWN STEP	2025-09-26T14:21:45.8311660Z [36;1m    echo ""[0m
Status Check - Keycloak CI	UNKNOWN STEP	2025-09-26T14:21:45.8311899Z [36;1m    echo "Status check not okay!"[0m
Status Check - Keycloak CI	UNKNOWN STEP	2025-09-26T14:21:45.8312179Z [36;1m    exit 1[0m
Status Check - Keycloak CI	UNKNOWN STEP	2025-09-26T14:21:45.8312384Z [36;1m  fi[0m
Status Check - Keycloak CI	UNKNOWN STEP	2025-09-26T14:21:45.8312581Z [36;1mdone[0m
Status Check - Keycloak CI	UNKNOWN STEP	2025-09-26T14:21:45.8351661Z shell: /usr/bin/bash --noprofile --norc -e -o pipefail {0}
Status Check - Keycloak CI	UNKNOWN STEP	2025-09-26T14:21:45.8352029Z env:
Status Check - Keycloak CI	UNKNOWN STEP	2025-09-26T14:21:45.8352334Z   MAVEN_ARGS: -B -nsu -Daether.connector.http.connectionMaxTtl=25
Status Check - Keycloak CI	UNKNOWN STEP	2025-09-26T14:21:45.8352699Z   SUREFIRE_RERUN_FAILING_COUNT: 2
Status Check - Keycloak CI	UNKNOWN STEP	2025-09-26T14:21:45.8353030Z   SUREFIRE_RETRY: -Dsurefire.rerunFailingTestsCount=2
Status Check - Keycloak CI	UNKNOWN STEP	2025-09-26T14:21:45.8353351Z ##[endgroup]
Status Check - Keycloak CI	UNKNOWN STEP	2025-09-26T14:21:45.8431393Z Job status:
Status Check - Keycloak CI	UNKNOWN STEP	2025-09-26T14:21:45.8477132Z  - conditional: success
Status Check - Keycloak CI	UNKNOWN STEP	2025-09-26T14:21:45.8477581Z  - build: failure
Status Check - Keycloak CI	UNKNOWN STEP	2025-09-26T14:21:45.8477964Z  - unit-tests: skipped
Status Check - Keycloak CI	UNKNOWN STEP	2025-09-26T14:21:45.8478284Z  - base-integration-tests: skipped
Status Check - Keycloak CI	UNKNOWN STEP	2025-09-26T14:21:45.8478630Z  - adapter-integration-tests: skipped
Status Check - Keycloak CI	UNKNOWN STEP	2025-09-26T14:21:45.8479001Z  - adapter-integration-tests-strict-cookies: skipped
Status Check - Keycloak CI	UNKNOWN STEP	2025-09-26T14:21:45.8479354Z  - quarkus-unit-tests: skipped
Status Check - Keycloak CI	UNKNOWN STEP	2025-09-26T14:21:45.8479673Z  - quarkus-integration-tests: skipped
Status Check - Keycloak CI	UNKNOWN STEP	2025-09-26T14:21:45.8479988Z  - jdk-integration-tests: skipped
Status Check - Keycloak CI	UNKNOWN STEP	2025-09-26T14:21:45.8480290Z  - store-integration-tests: skipped
Status Check - Keycloak CI	UNKNOWN STEP	2025-09-26T14:21:45.8480595Z  - volatile-sessions-tests: skipped
Status Check - Keycloak CI	UNKNOWN STEP	2025-09-26T14:21:45.8480889Z  - store-model-tests: skipped
Status Check - Keycloak CI	UNKNOWN STEP	2025-09-26T14:21:45.8481182Z  - clustering-integration-tests: skipped
Status Check - Keycloak CI	UNKNOWN STEP	2025-09-26T14:21:45.8481493Z  - fips-unit-tests: skipped
Status Check - Keycloak CI	UNKNOWN STEP	2025-09-26T14:21:45.8481770Z  - fips-integration-tests: skipped
Status Check - Keycloak CI	UNKNOWN STEP	2025-09-26T14:21:45.8482068Z  - forms-integration-tests: skipped
Status Check - Keycloak CI	UNKNOWN STEP	2025-09-26T14:21:45.8482372Z  - webauthn-integration-tests: skipped
Status Check - Keycloak CI	UNKNOWN STEP	2025-09-26T14:21:45.8482669Z  - sssd-unit-tests: skipped
Status Check - Keycloak CI	UNKNOWN STEP	2025-09-26T14:21:45.8482936Z  - migration-tests: skipped
Status Check - Keycloak CI	UNKNOWN STEP	2025-09-26T14:21:45.8483215Z  - external-infinispan-tests: skipped
Status Check - Keycloak CI	UNKNOWN STEP	2025-09-26T14:21:45.8483517Z  - test-framework: skipped
Status Check - Keycloak CI	UNKNOWN STEP	2025-09-26T14:21:45.8484054Z  - base-new-integration-tests: skipped
Status Check - Keycloak CI	UNKNOWN STEP	2025-09-26T14:21:45.8514227Z  - mixed-cluster-compatibility-tests: skipped
Status Check - Keycloak CI	UNKNOWN STEP	2025-09-26T14:21:45.8514530Z 
Status Check - Keycloak CI	UNKNOWN STEP	2025-09-26T14:21:45.8514656Z Status check not okay!
Status Check - Keycloak CI	UNKNOWN STEP	2025-09-26T14:21:45.8528183Z ##[error]Process completed with exit code 1.
Status Check - Keycloak CI	UNKNOWN STEP	2025-09-26T14:21:45.8717100Z Post job cleanup.
Status Check - Keycloak CI	UNKNOWN STEP	2025-09-26T14:21:45.9494095Z [command]/usr/bin/git version
Status Check - Keycloak CI	UNKNOWN STEP	2025-09-26T14:21:45.9530080Z git version 2.51.0
Status Check - Keycloak CI	UNKNOWN STEP	2025-09-26T14:21:45.9566784Z Temporarily overriding HOME='/home/runner/work/_temp/80cf18c1-05fc-4bf6-9690-96ce41b9f3de' before making global git config changes
Status Check - Keycloak CI	UNKNOWN STEP	2025-09-26T14:21:45.9567825Z Adding repository directory to the temporary git global config as a safe directory
Status Check - Keycloak CI	UNKNOWN STEP	2025-09-26T14:21:45.9572100Z [command]/usr/bin/git config --global --add safe.directory /home/runner/work/keycloak/keycloak
Status Check - Keycloak CI	UNKNOWN STEP	2025-09-26T14:21:45.9608335Z [command]/usr/bin/git config --local --name-only --get-regexp core\.sshCommand
Status Check - Keycloak CI	UNKNOWN STEP	2025-09-26T14:21:45.9642917Z [command]/usr/bin/git submodule foreach --recursive sh -c "git config --local --name-only --get-regexp 'core\.sshCommand' && git config --local --unset-all 'core.sshCommand' || :"
Status Check - Keycloak CI	UNKNOWN STEP	2025-09-26T14:21:45.9893900Z [command]/usr/bin/git config --local --name-only --get-regexp http\.https\:\/\/github\.com\/\.extraheader
Status Check - Keycloak CI	UNKNOWN STEP	2025-09-26T14:21:45.9917211Z http.https://github.com/.extraheader
Status Check - Keycloak CI	UNKNOWN STEP	2025-09-26T14:21:45.9927855Z [command]/usr/bin/git config --local --unset-all http.https://github.com/.extraheader
Status Check - Keycloak CI	UNKNOWN STEP	2025-09-26T14:21:45.9959634Z [command]/usr/bin/git submodule foreach --recursive sh -c "git config --local --name-only --get-regexp 'http\.https\:\/\/github\.com\/\.extraheader' && git config --local --unset-all 'http.https://github.com/.extraheader' || :"
Status Check - Keycloak CI	UNKNOWN STEP	2025-09-26T14:21:46.0310180Z Cleaning up orphan processes
