Admin UI E2E (4, chrome)	Run Cypress	2025-03-08T15:50:48.9024987Z ##[group]Run cypress-io/github-action@v6
Admin UI E2E (4, chrome)	Run Cypress	2025-03-08T15:50:48.9025427Z with:
Admin UI E2E (4, chrome)	Run Cypress	2025-03-08T15:50:48.9025680Z   install: false
Admin UI E2E (4, chrome)	Run Cypress	2025-03-08T15:50:48.9026001Z   browser: chrome
Admin UI E2E (4, chrome)	Run Cypress	2025-03-08T15:50:48.9026641Z   wait-on: http://localhost:8080
Admin UI E2E (4, chrome)	Run Cypress	2025-03-08T15:50:48.9027052Z   working-directory: js/apps/admin-ui
Admin UI E2E (4, chrome)	Run Cypress	2025-03-08T15:50:48.9027404Z   record: false
Admin UI E2E (4, chrome)	Run Cypress	2025-03-08T15:50:48.9027708Z   publish-summary: true
Admin UI E2E (4, chrome)	Run Cypress	2025-03-08T15:50:48.9028303Z   component: false
Admin UI E2E (4, chrome)	Run Cypress	2025-03-08T15:50:48.9028621Z env:
Admin UI E2E (4, chrome)	Run Cypress	2025-03-08T15:50:48.9029037Z   MAVEN_ARGS: -B -nsu -Daether.connector.http.connectionMaxTtl=25
Admin UI E2E (4, chrome)	Run Cypress	2025-03-08T15:50:48.9029602Z   RETRY_COUNT: 3
Admin UI E2E (4, chrome)	Run Cypress	2025-03-08T15:50:48.9029937Z   WORKSPACE: keycloak-admin-ui
Admin UI E2E (4, chrome)	Run Cypress	2025-03-08T15:50:48.9030479Z   JAVA_HOME: /opt/hostedtoolcache/Java_Temurin-Hotspot_jdk/21.0.6-7/x64
Admin UI E2E (4, chrome)	Run Cypress	2025-03-08T15:50:48.9031289Z   JAVA_HOME_21_X64: /opt/hostedtoolcache/Java_Temurin-Hotspot_jdk/21.0.6-7/x64
Admin UI E2E (4, chrome)	Run Cypress	2025-03-08T15:50:48.9031926Z   SPLIT: 5
Admin UI E2E (4, chrome)	Run Cypress	2025-03-08T15:50:48.9032216Z   SPLIT_INDEX: 3
Admin UI E2E (4, chrome)	Run Cypress	2025-03-08T15:50:48.9032549Z   SPLIT_RANDOM_SEED: 49
Admin UI E2E (4, chrome)	Run Cypress	2025-03-08T15:50:48.9032936Z ##[endgroup]
Admin UI E2E (4, chrome)	Run Cypress	2025-03-08T15:50:49.1431888Z Skipping install because install parameter is false
Admin UI E2E (4, chrome)	Run Cypress	2025-03-08T15:50:49.1442461Z waiting on "http://localhost:8080" with timeout of 60 seconds
Admin UI E2E (4, chrome)	Run Cypress	2025-03-08T15:51:09.0673415Z It looks like this is your first time using Cypress: 14.1.0
Admin UI E2E (4, chrome)	Run Cypress	2025-03-08T15:51:09.0673779Z 
Admin UI E2E (4, chrome)	Run Cypress	2025-03-08T15:51:09.0695766Z [STARTED] Task without title.
Admin UI E2E (4, chrome)	Run Cypress	2025-03-08T15:51:10.5736160Z [SUCCESS] Task without title.
Admin UI E2E (4, chrome)	Run Cypress	2025-03-08T15:51:10.5740247Z 
Admin UI E2E (4, chrome)	Run Cypress	2025-03-08T15:51:10.5740608Z Opening Cypress...
Admin UI E2E (4, chrome)	Run Cypress	2025-03-08T15:51:11.1516077Z 
Admin UI E2E (4, chrome)	Run Cypress	2025-03-08T15:51:11.1517222Z DevTools listening on ws://127.0.0.1:42287/devtools/browser/499da6bf-ea9d-4837-9a2a-a94f29f7384c
Admin UI E2E (4, chrome)	Run Cypress	2025-03-08T15:51:11.7504735Z (node:2762) ExperimentalWarning: `--experimental-loader` may be removed in the future; instead use `register()`:
Admin UI E2E (4, chrome)	Run Cypress	2025-03-08T15:51:11.7508788Z --import 'data:text/javascript,import { register } from "node:module"; import { pathToFileURL } from "node:url"; register("file%3A///home/runner/.cache/Cypress/14.1.0/Cypress/resources/app/node_modules/ts-node/esm/transpile-only.mjs", pathToFileURL("./"));'
Admin UI E2E (4, chrome)	Run Cypress	2025-03-08T15:51:11.7512975Z (Use `node --trace-warnings ...` to show where the warning was created)
Admin UI E2E (4, chrome)	Run Cypress	2025-03-08T15:51:16.3549680Z cypress-split: there are 41 found specs
Admin UI E2E (4, chrome)	Run Cypress	2025-03-08T15:51:16.3550859Z the first 5 specs
Admin UI E2E (4, chrome)	Run Cypress	2025-03-08T15:51:16.3552299Z - 1: /home/runner/work/keycloak/keycloak/js/apps/admin-ui/cypress/e2e/partial_export_test.spec.ts
Admin UI E2E (4, chrome)	Run Cypress	2025-03-08T15:51:16.3555550Z - 2: /home/runner/work/keycloak/keycloak/js/apps/admin-ui/cypress/e2e/client_initial_access.spec.ts
Admin UI E2E (4, chrome)	Run Cypress	2025-03-08T15:51:16.3557212Z - 3: /home/runner/work/keycloak/keycloak/js/apps/admin-ui/cypress/e2e/sessions_test.spec.ts
Admin UI E2E (4, chrome)	Run Cypress	2025-03-08T15:51:16.3559172Z - 4: /home/runner/work/keycloak/keycloak/js/apps/admin-ui/cypress/e2e/realm_roles_test.spec.ts
Admin UI E2E (4, chrome)	Run Cypress	2025-03-08T15:51:16.3560889Z - 5: /home/runner/work/keycloak/keycloak/js/apps/admin-ui/cypress/e2e/client_scope.spec.ts
Admin UI E2E (4, chrome)	Run Cypress	2025-03-08T15:51:16.3561924Z cypress-split: chunk 4 of 5
Admin UI E2E (4, chrome)	Run Cypress	2025-03-08T15:51:16.3570836Z k  spec                                                   
Admin UI E2E (4, chrome)	Run Cypress	2025-03-08T15:51:16.3571805Z -  -------------------------------------------------------
Admin UI E2E (4, chrome)	Run Cypress	2025-03-08T15:51:16.3572655Z 1  cypress/e2e/client_scopes_test.spec.ts                 
Admin UI E2E (4, chrome)	Run Cypress	2025-03-08T15:51:16.3573783Z 2  cypress/e2e/realm_settings_user_profile_enabled.spec.ts
Admin UI E2E (4, chrome)	Run Cypress	2025-03-08T15:51:16.3574867Z 3  cypress/e2e/user_fed_ldap_test.spec.ts                 
Admin UI E2E (4, chrome)	Run Cypress	2025-03-08T15:51:16.3575916Z 4  cypress/e2e/identity_providers_test.spec.ts            
Admin UI E2E (4, chrome)	Run Cypress	2025-03-08T15:51:16.3577082Z 5  cypress/e2e/user_fed_kerberos_test.spec.ts             
Admin UI E2E (4, chrome)	Run Cypress	2025-03-08T15:51:16.3578252Z 6  cypress/e2e/users_test.spec.ts                         
Admin UI E2E (4, chrome)	Run Cypress	2025-03-08T15:51:16.3579318Z 7  cypress/e2e/identity_providers_saml_test.spec.ts       
Admin UI E2E (4, chrome)	Run Cypress	2025-03-08T15:51:16.3580339Z 8  cypress/e2e/realm_user_registration.spec.ts            
Admin UI E2E (4, chrome)	Run Cypress	2025-03-08T15:51:16.3580810Z 
Admin UI E2E (4, chrome)	Run Cypress	2025-03-08T15:51:17.0946901Z 
Admin UI E2E (4, chrome)	Run Cypress	2025-03-08T15:51:17.1646835Z [90m====================================================================================================[39m
Admin UI E2E (4, chrome)	Run Cypress	2025-03-08T15:51:17.1648059Z 
Admin UI E2E (4, chrome)	Run Cypress	2025-03-08T15:51:17.1649075Z [0m  ([4m[1mRun Starting[22m[24m)[0m
Admin UI E2E (4, chrome)	Run Cypress	2025-03-08T15:51:17.1649512Z 
Admin UI E2E (4, chrome)	Run Cypress	2025-03-08T15:51:17.1726568Z [90m  ┌[39m[90m─[39m[90m─[39m[90m─[39m[90m─[39m[90m─[39m[90m─[39m[90m─[39m[90m─[39m[90m─[39m[90m─[39m[90m─[39m[90m─[39m[90m─[39m[90m─[39m[90m─[39m[90m─[39m[90m─[39m[90m─[39m[90m─[39m[90m─[39m[90m─[39m[90m─[39m[90m─[39m[90m─[39m[90m─[39m[90m─[39m[90m─[39m[90m─[39m[90m─[39m[90m─[39m[90m─[39m[90m─[39m[90m─[39m[90m─[39m[90m─[39m[90m─[39m[90m─[39m[90m─[39m[90m─[39m[90m─[39m[90m─[39m[90m─[39m[90m─[39m[90m─[39m[90m─[39m[90m─[39m[90m─[39m[90m─[39m[90m─[39m[90m─[39m[90m─[39m[90m─[39m[90m─[39m[90m─[39m[90m─[39m[90m─[39m[90m─[39m[90m─[39m[90m─[39m[90m─[39m[90m─[39m[90m─[39m[90m─[39m[90m─[39m[90m─[39m[90m─[39m[90m─[39m[90m─[39m[90m─[39m[90m─[39m[90m─[39m[90m─[39m[90m─[39m[90m─[39m[90m─[39m[90m─[39m[90m─[39m[90m─[39m[90m─[39m[90m─[39m[90m─[39m[90m─[39m[90m─[39m[90m─[39m[90m─[39m[90m─[39m[90m─[39m[90m─[39m[90m─[39m[90m─[39m[90m─[39m[90m─[39m[90m─[39m[90m─[39m[90m─[39m[90m─[39m[90m┐[39m
Admin UI E2E (4, chrome)	Run Cypress	2025-03-08T15:51:17.1732302Z [90m  │[39m [90mCypress:[39m        14.1.0                                                                         [90m│[39m
Admin UI E2E (4, chrome)	Run Cypress	2025-03-08T15:51:17.1734008Z [90m  │[39m [90mBrowser:[39m        Chrome 134 [90m(headless)[39m                                                          [90m│[39m
Admin UI E2E (4, chrome)	Run Cypress	2025-03-08T15:51:17.1735973Z [90m  │[39m [90mNode Version:[39m   [0mv20.18.0 [90m(/home/runner/runners/2.322.0/externals/node20/bin/node)[39m[0m              [90m│[39m
Admin UI E2E (4, chrome)	Run Cypress	2025-03-08T15:51:17.1738377Z [90m  │[39m [90mSpecs:[39m          [0m8 found (client_scopes_test.spec.ts, realm_settings_user_profile_enabled.spec.[0m [90m│[39m
Admin UI E2E (4, chrome)	Run Cypress	2025-03-08T15:51:17.1739915Z [90m  │[39m                 [0mts, user_fed_ldap_test.spec.ts, identity_providers_test.spec.ts, user_fed_kerb[0m [90m│[39m
Admin UI E2E (4, chrome)	Run Cypress	2025-03-08T15:51:17.1740987Z [90m  │[39m                 [0meros_test.spec.ts, users_test.spec.ts, identity_providers_saml_test.spec.ts, r[0m [90m│[39m
Admin UI E2E (4, chrome)	Run Cypress	2025-03-08T15:51:17.1741899Z [90m  │[39m                 [0mealm_user_registration...)[0m                                                     [90m│[39m
Admin UI E2E (4, chrome)	Run Cypress	2025-03-08T15:51:17.1743461Z [90m  │[39m [90mSearched:[39m       [0mcypress/e2e/client_scopes_test.spec.ts, cypress/e2e/realm_settings_user_profil[0m [90m│[39m
Admin UI E2E (4, chrome)	Run Cypress	2025-03-08T15:51:17.1745435Z [90m  │[39m                 [0me_enabled.spec.ts, cypress/e2e/user_fed_ldap_test.spec.ts, cypress/e2e/identit[0m [90m│[39m
Admin UI E2E (4, chrome)	Run Cypress	2025-03-08T15:51:17.1747250Z [90m  │[39m                 [0my_providers_test.spec.ts, cypress/e2e/user_fed_kerberos_test.spec.ts, cypress/[0m [90m│[39m
Admin UI E2E (4, chrome)	Run Cypress	2025-03-08T15:51:17.1749310Z [90m  │[39m                 [0me2e/users_test.spec.ts, cypress/e2e/identity_providers_saml_test.spec.ts, cypr[0m [90m│[39m
Admin UI E2E (4, chrome)	Run Cypress	2025-03-08T15:51:17.1751174Z [90m  │[39m                 [0mess/e2e/realm_user_registration.spec.ts[0m                                        [90m│[39m
Admin UI E2E (4, chrome)	Run Cypress	2025-03-08T15:51:17.1753014Z [90m  │[39m [90mExperiments:[39m    experimentalMemoryManagement=true                                              [90m│[39m
Admin UI E2E (4, chrome)	Run Cypress	2025-03-08T15:51:17.1761084Z [90m  └[39m[90m─[39m[90m─[39m[90m─[39m[90m─[39m[90m─[39m[90m─[39m[90m─[39m[90m─[39m[90m─[39m[90m─[39m[90m─[39m[90m─[39m[90m─[39m[90m─[39m[90m─[39m[90m─[39m[90m─[39m[90m─[39m[90m─[39m[90m─[39m[90m─[39m[90m─[39m[90m─[39m[90m─[39m[90m─[39m[90m─[39m[90m─[39m[90m─[39m[90m─[39m[90m─[39m[90m─[39m[90m─[39m[90m─[39m[90m─[39m[90m─[39m[90m─[39m[90m─[39m[90m─[39m[90m─[39m[90m─[39m[90m─[39m[90m─[39m[90m─[39m[90m─[39m[90m─[39m[90m─[39m[90m─[39m[90m─[39m[90m─[39m[90m─[39m[90m─[39m[90m─[39m[90m─[39m[90m─[39m[90m─[39m[90m─[39m[90m─[39m[90m─[39m[90m─[39m[90m─[39m[90m─[39m[90m─[39m[90m─[39m[90m─[39m[90m─[39m[90m─[39m[90m─[39m[90m─[39m[90m─[39m[90m─[39m[90m─[39m[90m─[39m[90m─[39m[90m─[39m[90m─[39m[90m─[39m[90m─[39m[90m─[39m[90m─[39m[90m─[39m[90m─[39m[90m─[39m[90m─[39m[90m─[39m[90m─[39m[90m─[39m[90m─[39m[90m─[39m[90m─[39m[90m─[39m[90m─[39m[90m─[39m[90m─[39m[90m─[39m[90m─[39m[90m─[39m[90m┘[39m
Admin UI E2E (4, chrome)	Run Cypress	2025-03-08T15:51:17.1766026Z 
Admin UI E2E (4, chrome)	Run Cypress	2025-03-08T15:51:17.1766050Z 
Admin UI E2E (4, chrome)	Run Cypress	2025-03-08T15:51:17.1773267Z [90m─[39m[90m─[39m[90m─[39m[90m─[39m[90m─[39m[90m─[39m[90m─[39m[90m─[39m[90m─[39m[90m─[39m[90m─[39m[90m─[39m[90m─[39m[90m─[39m[90m─[39m[90m─[39m[90m─[39m[90m─[39m[90m─[39m[90m─[39m[90m─[39m[90m─[39m[90m─[39m[90m─[39m[90m─[39m[90m─[39m[90m─[39m[90m─[39m[90m─[39m[90m─[39m[90m─[39m[90m─[39m[90m─[39m[90m─[39m[90m─[39m[90m─[39m[90m─[39m[90m─[39m[90m─[39m[90m─[39m[90m─[39m[90m─[39m[90m─[39m[90m─[39m[90m─[39m[90m─[39m[90m─[39m[90m─[39m[90m─[39m[90m─[39m[90m─[39m[90m─[39m[90m─[39m[90m─[39m[90m─[39m[90m─[39m[90m─[39m[90m─[39m[90m─[39m[90m─[39m[90m─[39m[90m─[39m[90m─[39m[90m─[39m[90m─[39m[90m─[39m[90m─[39m[90m─[39m[90m─[39m[90m─[39m[90m─[39m[90m─[39m[90m─[39m[90m─[39m[90m─[39m[90m─[39m[90m─[39m[90m─[39m[90m─[39m[90m─[39m[90m─[39m[90m─[39m[90m─[39m[90m─[39m[90m─[39m[90m─[39m[90m─[39m[90m─[39m[90m─[39m[90m─[39m[90m─[39m[90m─[39m[90m─[39m[90m─[39m[90m─[39m[90m─[39m[90m─[39m[90m─[39m[90m─[39m[90m─[39m
Admin UI E2E (4, chrome)	Run Cypress	2025-03-08T15:51:17.1778290Z                                                                                                     
Admin UI E2E (4, chrome)	Run Cypress	2025-03-08T15:51:17.1779495Z   Running:  [90mclient_scopes_test.spec.ts[39m                                                      [90m(1 of 8)[39m
Admin UI E2E (4, chrome)	Run Cypress	2025-03-08T15:51:24.3690587Z 
Admin UI E2E (4, chrome)	Run Cypress	2025-03-08T15:51:24.3692091Z [0m[0m
Admin UI E2E (4, chrome)	Run Cypress	2025-03-08T15:51:24.3711631Z [0m  Client Scopes test[0m
Admin UI E2E (4, chrome)	Run Cypress	2025-03-08T15:51:25.8703810Z [0m    Client Scope filter list items[0m
Admin UI E2E (4, chrome)	Run Cypress	2025-03-08T15:51:35.1818912Z     [32m  ✓[0m[90m should filter item by name[0m[90m (10774ms)[0m
Admin UI E2E (4, chrome)	Run Cypress	2025-03-08T15:51:38.0590799Z     [32m  ✓[0m[90m should filter items by Assigned type All types[0m[90m (2776ms)[0m
Admin UI E2E (4, chrome)	Run Cypress	2025-03-08T15:51:40.7686739Z     [32m  ✓[0m[90m should filter items by Assigned type Default[0m[90m (2618ms)[0m
Admin UI E2E (4, chrome)	Run Cypress	2025-03-08T15:51:43.6619820Z     [32m  ✓[0m[90m should filter items by Assigned type Optional[0m[90m (2809ms)[0m
Admin UI E2E (4, chrome)	Run Cypress	2025-03-08T15:51:47.2081579Z     [32m  ✓[0m[90m should filter items by Protocol All[0m[90m (3447ms)[0m
Admin UI E2E (4, chrome)	Run Cypress	2025-03-08T15:51:50.2574852Z     [32m  ✓[0m[90m should filter items by Protocol SAML[0m[90m (2970ms)[0m
Admin UI E2E (4, chrome)	Run Cypress	2025-03-08T15:51:53.5367709Z     [32m  ✓[0m[90m should filter items by Protocol OpenID[0m[90m (3199ms)[0m
Admin UI E2E (4, chrome)	Run Cypress	2025-03-08T15:51:55.7367924Z     [32m  ✓[0m[90m should show items on next page are more than 11[0m[90m (2127ms)[0m
Admin UI E2E (4, chrome)	Run Cypress	2025-03-08T15:51:55.7647708Z [0m    Client Scope modify list items[0m
Admin UI E2E (4, chrome)	Run Cypress	2025-03-08T15:51:57.9071207Z     [32m  ✓[0m[90m should modify selected item type to Default from search bar[0m[90m (2112ms)[0m
Admin UI E2E (4, chrome)	Run Cypress	2025-03-08T15:52:00.3986033Z     [32m  ✓[0m[90m should modify selected item type to Optional from search bar[0m[90m (2402ms)[0m
Admin UI E2E (4, chrome)	Run Cypress	2025-03-08T15:52:05.8041034Z     [32m  ✓[0m[90m should modify item client-scope-test0 AssignedType to Default from item bar[0m[90m (5357ms)[0m
Admin UI E2E (4, chrome)	Run Cypress	2025-03-08T15:52:11.1262970Z     [32m  ✓[0m[90m should modify item client-scope-test0 AssignedType to Optional from item bar[0m[90m (5258ms)[0m
Admin UI E2E (4, chrome)	Run Cypress	2025-03-08T15:52:16.5178164Z     [32m  ✓[0m[90m should modify item client-scope-test0 AssignedType to None from item bar[0m[90m (5307ms)[0m
Admin UI E2E (4, chrome)	Run Cypress	2025-03-08T15:52:19.5820102Z     [32m  ✓[0m[90m should not allow to modify item AssignedType from search bar when no item selected[0m[90m (2991ms)[0m
Admin UI E2E (4, chrome)	Run Cypress	2025-03-08T15:52:19.5963042Z [0m    Client Scope delete list items [0m
Admin UI E2E (4, chrome)	Run Cypress	2025-03-08T15:52:22.1483515Z     [32m  ✓[0m[90m should delete item from item bar[0m[90m (2494ms)[0m
Admin UI E2E (4, chrome)	Run Cypress	2025-03-08T15:52:24.2853416Z     [32m  ✓[0m[90m should delete selected item from search bar[0m[90m (2091ms)[0m
Admin UI E2E (4, chrome)	Run Cypress	2025-03-08T15:52:26.8533736Z     [32m  ✓[0m[90m should delete multiple selected items from search bar[0m[90m (2529ms)[0m
Admin UI E2E (4, chrome)	Run Cypress	2025-03-08T15:52:26.8756092Z [0m    Client Scope creation[0m
Admin UI E2E (4, chrome)	Run Cypress	2025-03-08T15:52:29.2856490Z     [32m  ✓[0m[90m should fail creating client scope[0m[90m (2388ms)[0m
Admin UI E2E (4, chrome)	Run Cypress	2025-03-08T15:52:31.3917064Z     [32m  ✓[0m[90m hides 'consent text' field when 'display consent' switch is disabled[0m[90m (2048ms)[0m
Admin UI E2E (4, chrome)	Run Cypress	2025-03-08T15:52:35.9039257Z     [32m  ✓[0m[90m Client scope CRUD test[0m[90m (4472ms)[0m
Admin UI E2E (4, chrome)	Run Cypress	2025-03-08T15:52:35.9206422Z [0m    Scope tab test[0m
Admin UI E2E (4, chrome)	Run Cypress	2025-03-08T15:52:39.0108088Z     [32m  ✓[0m[90m Assign and unassign role[0m[90m (3061ms)[0m
Admin UI E2E (4, chrome)	Run Cypress	2025-03-08T15:52:39.0386650Z [0m    Mappers tab test[0m
Admin UI E2E (4, chrome)	Run Cypress	2025-03-08T15:52:47.9029501Z     [32m  ✓[0m[90m CRUD mappers[0m[90m (8837ms)[0m
Admin UI E2E (4, chrome)	Run Cypress	2025-03-08T15:52:47.9164994Z [0m    Accessibility tests for client scopes[0m
Admin UI E2E (4, chrome)	Run Cypress	2025-03-08T15:52:50.3044694Z     [32m  ✓[0m[90m Check a11y violations on load/ client scopes[0m[90m (2369ms)[0m
Admin UI E2E (4, chrome)	Run Cypress	2025-03-08T15:52:52.5352887Z     [32m  ✓[0m[90m Check a11y violations on empty client scope[0m[90m (2202ms)[0m
Admin UI E2E (4, chrome)	Run Cypress	2025-03-08T15:53:00.5410026Z     [32m  ✓[0m[90m Check a11y violations on client scope details[0m[90m (7289ms)[0m
Admin UI E2E (4, chrome)	Run Cypress	2025-03-08T15:53:00.5413501Z 
Admin UI E2E (4, chrome)	Run Cypress	2025-03-08T15:53:00.5629156Z 
Admin UI E2E (4, chrome)	Run Cypress	2025-03-08T15:53:00.5630118Z [92m [0m[32m 25 passing[0m[90m (2m)[0m
Admin UI E2E (4, chrome)	Run Cypress	2025-03-08T15:53:00.5630496Z 
Admin UI E2E (4, chrome)	Run Cypress	2025-03-08T15:53:01.5818200Z 
Admin UI E2E (4, chrome)	Run Cypress	2025-03-08T15:53:01.5819636Z [32m  ([4m[1mResults[22m[24m)[39m
Admin UI E2E (4, chrome)	Run Cypress	2025-03-08T15:53:01.5836084Z 
Admin UI E2E (4, chrome)	Run Cypress	2025-03-08T15:53:01.5853364Z [90m  ┌[39m[90m─[39m[90m─[39m[90m─[39m[90m─[39m[90m─[39m[90m─[39m[90m─[39m[90m─[39m[90m─[39m[90m─[39m[90m─[39m[90m─[39m[90m─[39m[90m─[39m[90m─[39m[90m─[39m[90m─[39m[90m─[39m[90m─[39m[90m─[39m[90m─[39m[90m─[39m[90m─[39m[90m─[39m[90m─[39m[90m─[39m[90m─[39m[90m─[39m[90m─[39m[90m─[39m[90m─[39m[90m─[39m[90m─[39m[90m─[39m[90m─[39m[90m─[39m[90m─[39m[90m─[39m[90m─[39m[90m─[39m[90m─[39m[90m─[39m[90m─[39m[90m─[39m[90m─[39m[90m─[39m[90m─[39m[90m─[39m[90m─[39m[90m─[39m[90m─[39m[90m─[39m[90m─[39m[90m─[39m[90m─[39m[90m─[39m[90m─[39m[90m─[39m[90m─[39m[90m─[39m[90m─[39m[90m─[39m[90m─[39m[90m─[39m[90m─[39m[90m─[39m[90m─[39m[90m─[39m[90m─[39m[90m─[39m[90m─[39m[90m─[39m[90m─[39m[90m─[39m[90m─[39m[90m─[39m[90m─[39m[90m─[39m[90m─[39m[90m─[39m[90m─[39m[90m─[39m[90m─[39m[90m─[39m[90m─[39m[90m─[39m[90m─[39m[90m─[39m[90m─[39m[90m─[39m[90m─[39m[90m─[39m[90m─[39m[90m─[39m[90m─[39m[90m─[39m[90m┐[39m
Admin UI E2E (4, chrome)	Run Cypress	2025-03-08T15:53:01.5856545Z [90m  │[39m [90mTests:[39m        [32m25[39m                                                                               [90m│[39m
Admin UI E2E (4, chrome)	Run Cypress	2025-03-08T15:53:01.5857272Z [90m  │[39m [90mPassing:[39m      [32m25[39m                                                                               [90m│[39m
Admin UI E2E (4, chrome)	Run Cypress	2025-03-08T15:53:01.5858365Z [90m  │[39m [90mFailing:[39m      [32m0[39m                                                                                [90m│[39m
Admin UI E2E (4, chrome)	Run Cypress	2025-03-08T15:53:01.5859067Z [90m  │[39m [90mPending:[39m      [32m0[39m                                                                                [90m│[39m
Admin UI E2E (4, chrome)	Run Cypress	2025-03-08T15:53:01.5860099Z [90m  │[39m [90mSkipped:[39m      [32m0[39m                                                                                [90m│[39m
Admin UI E2E (4, chrome)	Run Cypress	2025-03-08T15:53:01.5860820Z [90m  │[39m [90mScreenshots:[39m  [32m0[39m                                                                                [90m│[39m
Admin UI E2E (4, chrome)	Run Cypress	2025-03-08T15:53:01.5861514Z [90m  │[39m [90mVideo:[39m        [32mfalse[39m                                                                            [90m│[39m
Admin UI E2E (4, chrome)	Run Cypress	2025-03-08T15:53:01.5862227Z [90m  │[39m [90mDuration:[39m     [32m1 minute, 36 seconds[39m                                                             [90m│[39m
Admin UI E2E (4, chrome)	Run Cypress	2025-03-08T15:53:01.5863320Z [90m  │[39m [90mSpec Ran:[39m     [32m[32mclient_scopes_test.spec.ts[32m[39m                                                       [90m│[39m
Admin UI E2E (4, chrome)	Run Cypress	2025-03-08T15:53:01.5870138Z [90m  └[39m[90m─[39m[90m─[39m[90m─[39m[90m─[39m[90m─[39m[90m─[39m[90m─[39m[90m─[39m[90m─[39m[90m─[39m[90m─[39m[90m─[39m[90m─[39m[90m─[39m[90m─[39m[90m─[39m[90m─[39m[90m─[39m[90m─[39m[90m─[39m[90m─[39m[90m─[39m[90m─[39m[90m─[39m[90m─[39m[90m─[39m[90m─[39m[90m─[39m[90m─[39m[90m─[39m[90m─[39m[90m─[39m[90m─[39m[90m─[39m[90m─[39m[90m─[39m[90m─[39m[90m─[39m[90m─[39m[90m─[39m[90m─[39m[90m─[39m[90m─[39m[90m─[39m[90m─[39m[90m─[39m[90m─[39m[90m─[39m[90m─[39m[90m─[39m[90m─[39m[90m─[39m[90m─[39m[90m─[39m[90m─[39m[90m─[39m[90m─[39m[90m─[39m[90m─[39m[90m─[39m[90m─[39m[90m─[39m[90m─[39m[90m─[39m[90m─[39m[90m─[39m[90m─[39m[90m─[39m[90m─[39m[90m─[39m[90m─[39m[90m─[39m[90m─[39m[90m─[39m[90m─[39m[90m─[39m[90m─[39m[90m─[39m[90m─[39m[90m─[39m[90m─[39m[90m─[39m[90m─[39m[90m─[39m[90m─[39m[90m─[39m[90m─[39m[90m─[39m[90m─[39m[90m─[39m[90m─[39m[90m─[39m[90m─[39m[90m─[39m[90m─[39m[90m─[39m[90m┘[39m
Admin UI E2E (4, chrome)	Run Cypress	2025-03-08T15:53:01.5873981Z 
Admin UI E2E (4, chrome)	Run Cypress	2025-03-08T15:53:01.6303449Z 
Admin UI E2E (4, chrome)	Run Cypress	2025-03-08T15:53:01.6338361Z [90m─[39m[90m─[39m[90m─[39m[90m─[39m[90m─[39m[90m─[39m[90m─[39m[90m─[39m[90m─[39m[90m─[39m[90m─[39m[90m─[39m[90m─[39m[90m─[39m[90m─[39m[90m─[39m[90m─[39m[90m─[39m[90m─[39m[90m─[39m[90m─[39m[90m─[39m[90m─[39m[90m─[39m[90m─[39m[90m─[39m[90m─[39m[90m─[39m[90m─[39m[90m─[39m[90m─[39m[90m─[39m[90m─[39m[90m─[39m[90m─[39m[90m─[39m[90m─[39m[90m─[39m[90m─[39m[90m─[39m[90m─[39m[90m─[39m[90m─[39m[90m─[39m[90m─[39m[90m─[39m[90m─[39m[90m─[39m[90m─[39m[90m─[39m[90m─[39m[90m─[39m[90m─[39m[90m─[39m[90m─[39m[90m─[39m[90m─[39m[90m─[39m[90m─[39m[90m─[39m[90m─[39m[90m─[39m[90m─[39m[90m─[39m[90m─[39m[90m─[39m[90m─[39m[90m─[39m[90m─[39m[90m─[39m[90m─[39m[90m─[39m[90m─[39m[90m─[39m[90m─[39m[90m─[39m[90m─[39m[90m─[39m[90m─[39m[90m─[39m[90m─[39m[90m─[39m[90m─[39m[90m─[39m[90m─[39m[90m─[39m[90m─[39m[90m─[39m[90m─[39m[90m─[39m[90m─[39m[90m─[39m[90m─[39m[90m─[39m[90m─[39m[90m─[39m[90m─[39m[90m─[39m[90m─[39m[90m─[39m
Admin UI E2E (4, chrome)	Run Cypress	2025-03-08T15:53:01.6342433Z                                                                                                     
Admin UI E2E (4, chrome)	Run Cypress	2025-03-08T15:53:01.6343538Z   Running:  [90mrealm_settings_user_profile_enabled.spec.ts[39m                                     [90m(2 of 8)[39m
Admin UI E2E (4, chrome)	Run Cypress	2025-03-08T15:53:05.9309213Z 
Admin UI E2E (4, chrome)	Run Cypress	2025-03-08T15:53:05.9310003Z [0m[0m
Admin UI E2E (4, chrome)	Run Cypress	2025-03-08T15:53:05.9326864Z [0m  User profile tabs[0m
Admin UI E2E (4, chrome)	Run Cypress	2025-03-08T15:53:08.2130826Z [0m    Attributes sub tab tests[0m
Admin UI E2E (4, chrome)	Run Cypress	2025-03-08T15:53:13.9422873Z     [32m  ✓[0m[90m Goes to create attribute page[0m[90m (7944ms)[0m
Admin UI E2E (4, chrome)	Run Cypress	2025-03-08T15:53:16.9461745Z     [32m  ✓[0m[90m Completes new attribute form and performs cancel[0m[90m (2902ms)[0m
Admin UI E2E (4, chrome)	Run Cypress	2025-03-08T15:53:19.9152952Z     [32m  ✓[0m[90m Completes new attribute form and performs submit[0m[90m (2935ms)[0m
Admin UI E2E (4, chrome)	Run Cypress	2025-03-08T15:53:24.1043420Z     [32m  ✓[0m[90m Modifies existing attribute and performs save[0m[90m (4151ms)[0m
Admin UI E2E (4, chrome)	Run Cypress	2025-03-08T15:53:27.7383960Z     [32m  ✓[0m[90m Adds and removes validator to/from existing attribute and performs save[0m[90m (3581ms)[0m
Admin UI E2E (4, chrome)	Run Cypress	2025-03-08T15:53:27.7560648Z [0m    Attribute groups sub tab tests[0m
Admin UI E2E (4, chrome)	Run Cypress	2025-03-08T15:53:31.0261918Z     [32m  ✓[0m[90m Deletes an attributes group[0m[90m (3223ms)[0m
Admin UI E2E (4, chrome)	Run Cypress	2025-03-08T15:53:31.0427988Z [0m    Check attributes are displayed and editable on user create/edit[0m
Admin UI E2E (4, chrome)	Run Cypress	2025-03-08T15:53:39.5714814Z     [32m  ✓[0m[90m Checks that not required attribute is not present when user is created with email as username and edit username set to disabled[0m[90m (8468ms)[0m
Admin UI E2E (4, chrome)	Run Cypress	2025-03-08T15:53:48.9626894Z     [32m  ✓[0m[90m Checks that not required attribute is not present when user is created/edited with email as username enabled[0m[90m (9253ms)[0m
Admin UI E2E (4, chrome)	Run Cypress	2025-03-08T15:53:57.1072926Z     [32m  ✓[0m[90m Checks that not required attribute with permissions to view/edit is present when user is created[0m[90m (8056ms)[0m
Admin UI E2E (4, chrome)	Run Cypress	2025-03-08T15:54:04.7965304Z     [32m  ✓[0m[90m Checks that required attribute with permissions to view/edit is present and required when user is created[0m[90m (7598ms)[0m
Admin UI E2E (4, chrome)	Run Cypress	2025-03-08T15:54:12.1221177Z     [32m  ✓[0m[90m Checks that required attribute with permissions to view/edit is accepted when user is created[0m[90m (7237ms)[0m
Admin UI E2E (4, chrome)	Run Cypress	2025-03-08T15:54:19.2408548Z     [32m  ✓[0m[90m Checks that attribute group is visible when user with existing attribute is created[0m[90m (7016ms)[0m
Admin UI E2E (4, chrome)	Run Cypress	2025-03-08T15:54:27.2426888Z     [32m  ✓[0m[90m Checks that attribute group is visible when user with a new attribute is created[0m[90m (7939ms)[0m
Admin UI E2E (4, chrome)	Run Cypress	2025-03-08T15:54:35.6576317Z     [32m  ✓[0m[90m Checks that attribute with select-annotation is displayed and editable when user is created/edited[0m[90m (7425ms)[0m
Admin UI E2E (4, chrome)	Run Cypress	2025-03-08T15:54:35.6577614Z 
Admin UI E2E (4, chrome)	Run Cypress	2025-03-08T15:54:35.6938105Z 
Admin UI E2E (4, chrome)	Run Cypress	2025-03-08T15:54:35.6939577Z [92m [0m[32m 14 passing[0m[90m (1m)[0m
Admin UI E2E (4, chrome)	Run Cypress	2025-03-08T15:54:35.6940896Z 
Admin UI E2E (4, chrome)	Run Cypress	2025-03-08T15:54:36.7333504Z 
Admin UI E2E (4, chrome)	Run Cypress	2025-03-08T15:54:36.7335114Z [32m  ([4m[1mResults[22m[24m)[39m
Admin UI E2E (4, chrome)	Run Cypress	2025-03-08T15:54:36.7353103Z 
Admin UI E2E (4, chrome)	Run Cypress	2025-03-08T15:54:36.7367369Z [90m  ┌[39m[90m─[39m[90m─[39m[90m─[39m[90m─[39m[90m─[39m[90m─[39m[90m─[39m[90m─[39m[90m─[39m[90m─[39m[90m─[39m[90m─[39m[90m─[39m[90m─[39m[90m─[39m[90m─[39m[90m─[39m[90m─[39m[90m─[39m[90m─[39m[90m─[39m[90m─[39m[90m─[39m[90m─[39m[90m─[39m[90m─[39m[90m─[39m[90m─[39m[90m─[39m[90m─[39m[90m─[39m[90m─[39m[90m─[39m[90m─[39m[90m─[39m[90m─[39m[90m─[39m[90m─[39m[90m─[39m[90m─[39m[90m─[39m[90m─[39m[90m─[39m[90m─[39m[90m─[39m[90m─[39m[90m─[39m[90m─[39m[90m─[39m[90m─[39m[90m─[39m[90m─[39m[90m─[39m[90m─[39m[90m─[39m[90m─[39m[90m─[39m[90m─[39m[90m─[39m[90m─[39m[90m─[39m[90m─[39m[90m─[39m[90m─[39m[90m─[39m[90m─[39m[90m─[39m[90m─[39m[90m─[39m[90m─[39m[90m─[39m[90m─[39m[90m─[39m[90m─[39m[90m─[39m[90m─[39m[90m─[39m[90m─[39m[90m─[39m[90m─[39m[90m─[39m[90m─[39m[90m─[39m[90m─[39m[90m─[39m[90m─[39m[90m─[39m[90m─[39m[90m─[39m[90m─[39m[90m─[39m[90m─[39m[90m─[39m[90m─[39m[90m─[39m[90m─[39m[90m┐[39m
Admin UI E2E (4, chrome)	Run Cypress	2025-03-08T15:54:36.7370777Z [90m  │[39m [90mTests:[39m        [32m14[39m                                                                               [90m│[39m
Admin UI E2E (4, chrome)	Run Cypress	2025-03-08T15:54:36.7371495Z [90m  │[39m [90mPassing:[39m      [32m14[39m                                                                               [90m│[39m
Admin UI E2E (4, chrome)	Run Cypress	2025-03-08T15:54:36.7372184Z [90m  │[39m [90mFailing:[39m      [32m0[39m                                                                                [90m│[39m
Admin UI E2E (4, chrome)	Run Cypress	2025-03-08T15:54:36.7373224Z [90m  │[39m [90mPending:[39m      [32m0[39m                                                                                [90m│[39m
Admin UI E2E (4, chrome)	Run Cypress	2025-03-08T15:54:36.7374070Z [90m  │[39m [90mSkipped:[39m      [32m0[39m                                                                                [90m│[39m
Admin UI E2E (4, chrome)	Run Cypress	2025-03-08T15:54:36.7375140Z [90m  │[39m [90mScreenshots:[39m  [32m0[39m                                                                                [90m│[39m
Admin UI E2E (4, chrome)	Run Cypress	2025-03-08T15:54:36.7375852Z [90m  │[39m [90mVideo:[39m        [32mfalse[39m                                                                            [90m│[39m
Admin UI E2E (4, chrome)	Run Cypress	2025-03-08T15:54:36.7376585Z [90m  │[39m [90mDuration:[39m     [32m1 minute, 29 seconds[39m                                                             [90m│[39m
Admin UI E2E (4, chrome)	Run Cypress	2025-03-08T15:54:36.7377474Z [90m  │[39m [90mSpec Ran:[39m     [32m[32mrealm_settings_user_profile_enabled.spec.ts[32m[39m                                      [90m│[39m
Admin UI E2E (4, chrome)	Run Cypress	2025-03-08T15:54:36.7383696Z [90m  └[39m[90m─[39m[90m─[39m[90m─[39m[90m─[39m[90m─[39m[90m─[39m[90m─[39m[90m─[39m[90m─[39m[90m─[39m[90m─[39m[90m─[39m[90m─[39m[90m─[39m[90m─[39m[90m─[39m[90m─[39m[90m─[39m[90m─[39m[90m─[39m[90m─[39m[90m─[39m[90m─[39m[90m─[39m[90m─[39m[90m─[39m[90m─[39m[90m─[39m[90m─[39m[90m─[39m[90m─[39m[90m─[39m[90m─[39m[90m─[39m[90m─[39m[90m─[39m[90m─[39m[90m─[39m[90m─[39m[90m─[39m[90m─[39m[90m─[39m[90m─[39m[90m─[39m[90m─[39m[90m─[39m[90m─[39m[90m─[39m[90m─[39m[90m─[39m[90m─[39m[90m─[39m[90m─[39m[90m─[39m[90m─[39m[90m─[39m[90m─[39m[90m─[39m[90m─[39m[90m─[39m[90m─[39m[90m─[39m[90m─[39m[90m─[39m[90m─[39m[90m─[39m[90m─[39m[90m─[39m[90m─[39m[90m─[39m[90m─[39m[90m─[39m[90m─[39m[90m─[39m[90m─[39m[90m─[39m[90m─[39m[90m─[39m[90m─[39m[90m─[39m[90m─[39m[90m─[39m[90m─[39m[90m─[39m[90m─[39m[90m─[39m[90m─[39m[90m─[39m[90m─[39m[90m─[39m[90m─[39m[90m─[39m[90m─[39m[90m─[39m[90m─[39m[90m─[39m[90m┘[39m
Admin UI E2E (4, chrome)	Run Cypress	2025-03-08T15:54:36.7385777Z 
Admin UI E2E (4, chrome)	Run Cypress	2025-03-08T15:54:36.7783670Z 
Admin UI E2E (4, chrome)	Run Cypress	2025-03-08T15:54:36.7793153Z [90m─[39m[90m─[39m[90m─[39m[90m─[39m[90m─[39m[90m─[39m[90m─[39m[90m─[39m[90m─[39m[90m─[39m[90m─[39m[90m─[39m[90m─[39m[90m─[39m[90m─[39m[90m─[39m[90m─[39m[90m─[39m[90m─[39m[90m─[39m[90m─[39m[90m─[39m[90m─[39m[90m─[39m[90m─[39m[90m─[39m[90m─[39m[90m─[39m[90m─[39m[90m─[39m[90m─[39m[90m─[39m[90m─[39m[90m─[39m[90m─[39m[90m─[39m[90m─[39m[90m─[39m[90m─[39m[90m─[39m[90m─[39m[90m─[39m[90m─[39m[90m─[39m[90m─[39m[90m─[39m[90m─[39m[90m─[39m[90m─[39m[90m─[39m[90m─[39m[90m─[39m[90m─[39m[90m─[39m[90m─[39m[90m─[39m[90m─[39m[90m─[39m[90m─[39m[90m─[39m[90m─[39m[90m─[39m[90m─[39m[90m─[39m[90m─[39m[90m─[39m[90m─[39m[90m─[39m[90m─[39m[90m─[39m[90m─[39m[90m─[39m[90m─[39m[90m─[39m[90m─[39m[90m─[39m[90m─[39m[90m─[39m[90m─[39m[90m─[39m[90m─[39m[90m─[39m[90m─[39m[90m─[39m[90m─[39m[90m─[39m[90m─[39m[90m─[39m[90m─[39m[90m─[39m[90m─[39m[90m─[39m[90m─[39m[90m─[39m[90m─[39m[90m─[39m[90m─[39m[90m─[39m[90m─[39m[90m─[39m
Admin UI E2E (4, chrome)	Run Cypress	2025-03-08T15:54:36.7810734Z                                                                                                     
Admin UI E2E (4, chrome)	Run Cypress	2025-03-08T15:54:36.7811869Z   Running:  [90muser_fed_ldap_test.spec.ts[39m                                                      [90m(3 of 8)[39m
Admin UI E2E (4, chrome)	Run Cypress	2025-03-08T15:54:40.5709006Z 
Admin UI E2E (4, chrome)	Run Cypress	2025-03-08T15:54:40.5713609Z [0m[0m
Admin UI E2E (4, chrome)	Run Cypress	2025-03-08T15:54:40.5761556Z [0m  User Federation LDAP tests[0m
Admin UI E2E (4, chrome)	Run Cypress	2025-03-08T15:54:53.8274566Z   [32m  ✓[0m[90m Should create LDAP provider from empty state[0m[90m (13247ms)[0m
Admin UI E2E (4, chrome)	Run Cypress	2025-03-08T15:54:57.3343255Z   [32m  ✓[0m[90m Should fail updating advanced settings[0m[90m (3421ms)[0m
Admin UI E2E (4, chrome)	Run Cypress	2025-03-08T15:55:04.7101828Z   [32m  ✓[0m[90m Should update advanced settings[0m[90m (7248ms)[0m
Admin UI E2E (4, chrome)	Run Cypress	2025-03-08T15:55:10.1129207Z   [32m  ✓[0m[90m Should set cache policy to evict_daily[0m[90m (5325ms)[0m
Admin UI E2E (4, chrome)	Run Cypress	2025-03-08T15:55:14.8637649Z   [32m  ✓[0m[90m Should set cache policy to default[0m[90m (4691ms)[0m
Admin UI E2E (4, chrome)	Run Cypress	2025-03-08T15:55:20.4190945Z   [32m  ✓[0m[90m Should set cache policy to evict_weekly[0m[90m (5474ms)[0m
Admin UI E2E (4, chrome)	Run Cypress	2025-03-08T15:55:26.5678827Z   [32m  ✓[0m[90m Update connection and authentication settings and save[0m[90m (6084ms)[0m
Admin UI E2E (4, chrome)	Run Cypress	2025-03-08T15:55:30.2763403Z   [32m  ✓[0m[90m Should fail connection and authentication tests[0m[90m (3655ms)[0m
Admin UI E2E (4, chrome)	Run Cypress	2025-03-08T15:55:36.5453527Z   [32m  ✓[0m[90m Should make changes and pass connection and authentication tests[0m[90m (6211ms)[0m
Admin UI E2E (4, chrome)	Run Cypress	2025-03-08T15:55:43.5433897Z   [32m  ✓[0m[90m Should update Kerberos integration settings and save[0m[90m (6939ms)[0m
Admin UI E2E (4, chrome)	Run Cypress	2025-03-08T15:55:49.9960190Z   [32m  ✓[0m[90m Should update Synchronization settings and save[0m[90m (6335ms)[0m
Admin UI E2E (4, chrome)	Run Cypress	2025-03-08T15:56:02.5641153Z   [32m  ✓[0m[90m Should update LDAP searching and updating settings and save[0m[90m (12482ms)[0m
Admin UI E2E (4, chrome)	Run Cypress	2025-03-08T15:56:08.0767128Z   [32m  ✓[0m[90m Should update display name[0m[90m (5450ms)[0m
Admin UI E2E (4, chrome)	Run Cypress	2025-03-08T15:56:13.6636351Z   [32m  ✓[0m[90m Should update existing LDAP provider and cancel[0m[90m (5531ms)[0m
Admin UI E2E (4, chrome)	Run Cypress	2025-03-08T15:56:18.9346524Z   [32m  ✓[0m[90m Should set cache policy to max_lifespan[0m[90m (5179ms)[0m
Admin UI E2E (4, chrome)	Run Cypress	2025-03-08T15:56:23.8675467Z   [32m  ✓[0m[90m Should set cache policy to no_cache[0m[90m (4861ms)[0m
Admin UI E2E (4, chrome)	Run Cypress	2025-03-08T15:56:27.4455339Z   [32m  ✓[0m[90m Should disable an existing LDAP provider[0m[90m (3541ms)[0m
Admin UI E2E (4, chrome)	Run Cypress	2025-03-08T15:56:30.9801684Z   [32m  ✓[0m[90m Should enable a previously-disabled LDAP provider[0m[90m (3463ms)[0m
Admin UI E2E (4, chrome)	Run Cypress	2025-03-08T15:56:38.6784017Z   [32m  ✓[0m[90m Should create new LDAP provider using New Provider dropdown[0m[90m (7669ms)[0m
Admin UI E2E (4, chrome)	Run Cypress	2025-03-08T15:56:40.8742731Z   [32m  ✓[0m[90m Should delete LDAP provider from card view using card menu[0m[90m (2146ms)[0m
Admin UI E2E (4, chrome)	Run Cypress	2025-03-08T15:56:44.8392641Z   [32m  ✓[0m[90m Should delete LDAP provider using Settings view Action menu[0m[90m (3471ms)[0m
Admin UI E2E (4, chrome)	Run Cypress	2025-03-08T15:56:44.8400826Z 
Admin UI E2E (4, chrome)	Run Cypress	2025-03-08T15:56:44.8640746Z 
Admin UI E2E (4, chrome)	Run Cypress	2025-03-08T15:56:44.8642096Z [92m [0m[32m 21 passing[0m[90m (2m)[0m
Admin UI E2E (4, chrome)	Run Cypress	2025-03-08T15:56:44.8652226Z 
Admin UI E2E (4, chrome)	Run Cypress	2025-03-08T15:56:45.9252814Z 
Admin UI E2E (4, chrome)	Run Cypress	2025-03-08T15:56:45.9254768Z [32m  ([4m[1mResults[22m[24m)[39m
Admin UI E2E (4, chrome)	Run Cypress	2025-03-08T15:56:45.9274053Z 
Admin UI E2E (4, chrome)	Run Cypress	2025-03-08T15:56:45.9286721Z [90m  ┌[39m[90m─[39m[90m─[39m[90m─[39m[90m─[39m[90m─[39m[90m─[39m[90m─[39m[90m─[39m[90m─[39m[90m─[39m[90m─[39m[90m─[39m[90m─[39m[90m─[39m[90m─[39m[90m─[39m[90m─[39m[90m─[39m[90m─[39m[90m─[39m[90m─[39m[90m─[39m[90m─[39m[90m─[39m[90m─[39m[90m─[39m[90m─[39m[90m─[39m[90m─[39m[90m─[39m[90m─[39m[90m─[39m[90m─[39m[90m─[39m[90m─[39m[90m─[39m[90m─[39m[90m─[39m[90m─[39m[90m─[39m[90m─[39m[90m─[39m[90m─[39m[90m─[39m[90m─[39m[90m─[39m[90m─[39m[90m─[39m[90m─[39m[90m─[39m[90m─[39m[90m─[39m[90m─[39m[90m─[39m[90m─[39m[90m─[39m[90m─[39m[90m─[39m[90m─[39m[90m─[39m[90m─[39m[90m─[39m[90m─[39m[90m─[39m[90m─[39m[90m─[39m[90m─[39m[90m─[39m[90m─[39m[90m─[39m[90m─[39m[90m─[39m[90m─[39m[90m─[39m[90m─[39m[90m─[39m[90m─[39m[90m─[39m[90m─[39m[90m─[39m[90m─[39m[90m─[39m[90m─[39m[90m─[39m[90m─[39m[90m─[39m[90m─[39m[90m─[39m[90m─[39m[90m─[39m[90m─[39m[90m─[39m[90m─[39m[90m─[39m[90m─[39m[90m─[39m[90m┐[39m
Admin UI E2E (4, chrome)	Run Cypress	2025-03-08T15:56:45.9290102Z [90m  │[39m [90mTests:[39m        [32m21[39m                                                                               [90m│[39m
Admin UI E2E (4, chrome)	Run Cypress	2025-03-08T15:56:45.9290817Z [90m  │[39m [90mPassing:[39m      [32m21[39m                                                                               [90m│[39m
Admin UI E2E (4, chrome)	Run Cypress	2025-03-08T15:56:45.9291781Z [90m  │[39m [90mFailing:[39m      [32m0[39m                                                                                [90m│[39m
Admin UI E2E (4, chrome)	Run Cypress	2025-03-08T15:56:45.9292548Z [90m  │[39m [90mPending:[39m      [32m0[39m                                                                                [90m│[39m
Admin UI E2E (4, chrome)	Run Cypress	2025-03-08T15:56:45.9293236Z [90m  │[39m [90mSkipped:[39m      [32m0[39m                                                                                [90m│[39m
Admin UI E2E (4, chrome)	Run Cypress	2025-03-08T15:56:45.9293927Z [90m  │[39m [90mScreenshots:[39m  [32m0[39m                                                                                [90m│[39m
Admin UI E2E (4, chrome)	Run Cypress	2025-03-08T15:56:45.9294618Z [90m  │[39m [90mVideo:[39m        [32mfalse[39m                                                                            [90m│[39m
Admin UI E2E (4, chrome)	Run Cypress	2025-03-08T15:56:45.9295353Z [90m  │[39m [90mDuration:[39m     [32m2 minutes, 4 seconds[39m                                                             [90m│[39m
Admin UI E2E (4, chrome)	Run Cypress	2025-03-08T15:56:45.9296370Z [90m  │[39m [90mSpec Ran:[39m     [32m[32muser_fed_ldap_test.spec.ts[32m[39m                                                       [90m│[39m
Admin UI E2E (4, chrome)	Run Cypress	2025-03-08T15:56:45.9302799Z [90m  └[39m[90m─[39m[90m─[39m[90m─[39m[90m─[39m[90m─[39m[90m─[39m[90m─[39m[90m─[39m[90m─[39m[90m─[39m[90m─[39m[90m─[39m[90m─[39m[90m─[39m[90m─[39m[90m─[39m[90m─[39m[90m─[39m[90m─[39m[90m─[39m[90m─[39m[90m─[39m[90m─[39m[90m─[39m[90m─[39m[90m─[39m[90m─[39m[90m─[39m[90m─[39m[90m─[39m[90m─[39m[90m─[39m[90m─[39m[90m─[39m[90m─[39m[90m─[39m[90m─[39m[90m─[39m[90m─[39m[90m─[39m[90m─[39m[90m─[39m[90m─[39m[90m─[39m[90m─[39m[90m─[39m[90m─[39m[90m─[39m[90m─[39m[90m─[39m[90m─[39m[90m─[39m[90m─[39m[90m─[39m[90m─[39m[90m─[39m[90m─[39m[90m─[39m[90m─[39m[90m─[39m[90m─[39m[90m─[39m[90m─[39m[90m─[39m[90m─[39m[90m─[39m[90m─[39m[90m─[39m[90m─[39m[90m─[39m[90m─[39m[90m─[39m[90m─[39m[90m─[39m[90m─[39m[90m─[39m[90m─[39m[90m─[39m[90m─[39m[90m─[39m[90m─[39m[90m─[39m[90m─[39m[90m─[39m[90m─[39m[90m─[39m[90m─[39m[90m─[39m[90m─[39m[90m─[39m[90m─[39m[90m─[39m[90m─[39m[90m─[39m[90m─[39m[90m─[39m[90m┘[39m
Admin UI E2E (4, chrome)	Run Cypress	2025-03-08T15:56:45.9307354Z 
Admin UI E2E (4, chrome)	Run Cypress	2025-03-08T15:56:45.9639639Z 
Admin UI E2E (4, chrome)	Run Cypress	2025-03-08T15:56:45.9651144Z [90m─[39m[90m─[39m[90m─[39m[90m─[39m[90m─[39m[90m─[39m[90m─[39m[90m─[39m[90m─[39m[90m─[39m[90m─[39m[90m─[39m[90m─[39m[90m─[39m[90m─[39m[90m─[39m[90m─[39m[90m─[39m[90m─[39m[90m─[39m[90m─[39m[90m─[39m[90m─[39m[90m─[39m[90m─[39m[90m─[39m[90m─[39m[90m─[39m[90m─[39m[90m─[39m[90m─[39m[90m─[39m[90m─[39m[90m─[39m[90m─[39m[90m─[39m[90m─[39m[90m─[39m[90m─[39m[90m─[39m[90m─[39m[90m─[39m[90m─[39m[90m─[39m[90m─[39m[90m─[39m[90m─[39m[90m─[39m[90m─[39m[90m─[39m[90m─[39m[90m─[39m[90m─[39m[90m─[39m[90m─[39m[90m─[39m[90m─[39m[90m─[39m[90m─[39m[90m─[39m[90m─[39m[90m─[39m[90m─[39m[90m─[39m[90m─[39m[90m─[39m[90m─[39m[90m─[39m[90m─[39m[90m─[39m[90m─[39m[90m─[39m[90m─[39m[90m─[39m[90m─[39m[90m─[39m[90m─[39m[90m─[39m[90m─[39m[90m─[39m[90m─[39m[90m─[39m[90m─[39m[90m─[39m[90m─[39m[90m─[39m[90m─[39m[90m─[39m[90m─[39m[90m─[39m[90m─[39m[90m─[39m[90m─[39m[90m─[39m[90m─[39m[90m─[39m[90m─[39m[90m─[39m[90m─[39m[90m─[39m
Admin UI E2E (4, chrome)	Run Cypress	2025-03-08T15:56:45.9656255Z                                                                                                     
Admin UI E2E (4, chrome)	Run Cypress	2025-03-08T15:56:45.9657390Z   Running:  [90midentity_providers_test.spec.ts[39m                                                 [90m(4 of 8)[39m
Admin UI E2E (4, chrome)	Run Cypress	2025-03-08T15:56:49.9612891Z 
Admin UI E2E (4, chrome)	Run Cypress	2025-03-08T15:56:49.9614751Z [0m[0m
Admin UI E2E (4, chrome)	Run Cypress	2025-03-08T15:56:49.9649636Z [0m  Identity provider test[0m
Admin UI E2E (4, chrome)	Run Cypress	2025-03-08T15:56:49.9651682Z [0m    Identity provider creation[0m
Admin UI E2E (4, chrome)	Run Cypress	2025-03-08T15:56:56.0275553Z     [32m  ✓[0m[90m should create github provider[0m[90m (6000ms)[0m
Admin UI E2E (4, chrome)	Run Cypress	2025-03-08T15:56:59.2199734Z     [32m  ✓[0m[90m fail to make duplicate github provider[0m[90m (3127ms)[0m
Admin UI E2E (4, chrome)	Run Cypress	2025-03-08T15:57:02.1203806Z     [32m  ✓[0m[90m should create facebook provider[0m[90m (2762ms)[0m
Admin UI E2E (4, chrome)	Run Cypress	2025-03-08T15:57:04.6627141Z     [32m  ✓[0m[90m search for existing provider by name[0m[90m (2454ms)[0m
Admin UI E2E (4, chrome)	Run Cypress	2025-03-08T15:57:07.2462113Z     [32m  ✓[0m[90m search for non-existing provider by name[0m[90m (2520ms)[0m
Admin UI E2E (4, chrome)	Run Cypress	2025-03-08T15:57:10.4047687Z     [32m  ✓[0m[90m create and delete provider by item details[0m[90m (3116ms)[0m
Admin UI E2E (4, chrome)	Run Cypress	2025-03-08T15:57:10.4196769Z     [36m  - should change order of providers[0m
Admin UI E2E (4, chrome)	Run Cypress	2025-03-08T15:57:12.8060083Z     [32m  ✓[0m[90m should delete provider[0m[90m (2327ms)[0m
Admin UI E2E (4, chrome)	Run Cypress	2025-03-08T15:57:16.7809705Z     [32m  ✓[0m[90m should add facebook social mapper[0m[90m (3925ms)[0m
Admin UI E2E (4, chrome)	Run Cypress	2025-03-08T15:57:20.9477099Z     [32m  ✓[0m[90m should add Social mapper of type Attribute Importer[0m[90m (4137ms)[0m
Admin UI E2E (4, chrome)	Run Cypress	2025-03-08T15:57:24.3577286Z     [32m  ✓[0m[90m should edit facebook mapper[0m[90m (3383ms)[0m
Admin UI E2E (4, chrome)	Run Cypress	2025-03-08T15:57:26.9767988Z     [32m  ✓[0m[90m should delete facebook mapper[0m[90m (2534ms)[0m
Admin UI E2E (4, chrome)	Run Cypress	2025-03-08T15:57:28.9130893Z     [32m  ✓[0m[90m clean up providers[0m[90m (1895ms)[0m
Admin UI E2E (4, chrome)	Run Cypress	2025-03-08T15:57:28.9293461Z [0m      Custom fields tests[0m
Admin UI E2E (4, chrome)	Run Cypress	2025-03-08T15:57:32.6148834Z       [32m  ✓[0m[90m should create social login provider Bitbucket with custom fields[0m[90m (3582ms)[0m
Admin UI E2E (4, chrome)	Run Cypress	2025-03-08T15:57:36.7188771Z       [32m  ✓[0m[90m should create social login provider Facebook with custom fields[0m[90m (4018ms)[0m
Admin UI E2E (4, chrome)	Run Cypress	2025-03-08T15:57:41.0253059Z       [32m  ✓[0m[90m should create social login provider Github with custom fields[0m[90m (4259ms)[0m
Admin UI E2E (4, chrome)	Run Cypress	2025-03-08T15:57:44.4268799Z       [32m  ✓[0m[90m should create social login provider Gitlab with custom fields[0m[90m (3358ms)[0m
Admin UI E2E (4, chrome)	Run Cypress	2025-03-08T15:57:48.5232274Z       [32m  ✓[0m[90m should create social login provider Google with custom fields[0m[90m (4037ms)[0m
Admin UI E2E (4, chrome)	Run Cypress	2025-03-08T15:57:51.8896349Z       [32m  ✓[0m[90m should create social login provider Instagram with custom fields[0m[90m (3317ms)[0m
Admin UI E2E (4, chrome)	Run Cypress	2025-03-08T15:57:55.8300707Z       [32m  ✓[0m[90m should create social login provider LinkedIn with custom fields[0m[90m (3816ms)[0m
Admin UI E2E (4, chrome)	Run Cypress	2025-03-08T15:57:59.9395579Z       [32m  ✓[0m[90m should create social login provider Microsoft with custom fields[0m[90m (4028ms)[0m
Admin UI E2E (4, chrome)	Run Cypress	2025-03-08T15:58:03.9632004Z       [32m  ✓[0m[90m should create social login provider Openshift-v4 with custom fields[0m[90m (3957ms)[0m
Admin UI E2E (4, chrome)	Run Cypress	2025-03-08T15:58:07.4463475Z       [32m  ✓[0m[90m should create social login provider Paypal with custom fields[0m[90m (3422ms)[0m
Admin UI E2E (4, chrome)	Run Cypress	2025-03-08T15:58:11.3885075Z       [32m  ✓[0m[90m should create social login provider Stackoverflow with custom fields[0m[90m (3897ms)[0m
Admin UI E2E (4, chrome)	Run Cypress	2025-03-08T15:58:15.5483464Z       [32m  ✓[0m[90m should create social login provider Twitter with custom fields[0m[90m (3305ms)[0m
Admin UI E2E (4, chrome)	Run Cypress	2025-03-08T15:58:15.5607180Z [0m    should check provider details[0m
Admin UI E2E (4, chrome)	Run Cypress	2025-03-08T15:58:19.0395665Z     [32m  ✓[0m[90m creating github provider[0m[90m (3427ms)[0m
Admin UI E2E (4, chrome)	Run Cypress	2025-03-08T15:58:22.8383094Z     [32m  ✓[0m[90m should check general settings[0m[90m (3756ms)[0m
Admin UI E2E (4, chrome)	Run Cypress	2025-03-08T15:58:26.5341845Z     [32m  ✓[0m[90m should check input switches and inputs[0m[90m (3663ms)[0m
Admin UI E2E (4, chrome)	Run Cypress	2025-03-08T15:58:28.8897535Z     [32m  ✓[0m[90m should revert and save options[0m[90m (2323ms)[0m
Admin UI E2E (4, chrome)	Run Cypress	2025-03-08T15:58:30.8713029Z     [32m  ✓[0m[90m should delete providers[0m[90m (1937ms)[0m
Admin UI E2E (4, chrome)	Run Cypress	2025-03-08T15:58:30.8888481Z [0m    Accessibility tests for identity providers[0m
Admin UI E2E (4, chrome)	Run Cypress	2025-03-08T15:58:34.6790369Z     [32m  ✓[0m[90m Check a11y violations on load/ identity providers[0m[90m (3764ms)[0m
Admin UI E2E (4, chrome)	Run Cypress	2025-03-08T15:58:34.6791134Z 
Admin UI E2E (4, chrome)	Run Cypress	2025-03-08T15:58:34.7014959Z 
Admin UI E2E (4, chrome)	Run Cypress	2025-03-08T15:58:34.7016176Z [92m [0m[32m 30 passing[0m[90m (2m)[0m
Admin UI E2E (4, chrome)	Run Cypress	2025-03-08T15:58:34.7018566Z [36m [0m[36m 1 pending[0m
Admin UI E2E (4, chrome)	Run Cypress	2025-03-08T15:58:34.7019711Z 
Admin UI E2E (4, chrome)	Run Cypress	2025-03-08T15:58:35.7312426Z 
Admin UI E2E (4, chrome)	Run Cypress	2025-03-08T15:58:35.7313719Z [32m  ([4m[1mResults[22m[24m)[39m
Admin UI E2E (4, chrome)	Run Cypress	2025-03-08T15:58:35.7330566Z 
Admin UI E2E (4, chrome)	Run Cypress	2025-03-08T15:58:35.7345171Z [90m  ┌[39m[90m─[39m[90m─[39m[90m─[39m[90m─[39m[90m─[39m[90m─[39m[90m─[39m[90m─[39m[90m─[39m[90m─[39m[90m─[39m[90m─[39m[90m─[39m[90m─[39m[90m─[39m[90m─[39m[90m─[39m[90m─[39m[90m─[39m[90m─[39m[90m─[39m[90m─[39m[90m─[39m[90m─[39m[90m─[39m[90m─[39m[90m─[39m[90m─[39m[90m─[39m[90m─[39m[90m─[39m[90m─[39m[90m─[39m[90m─[39m[90m─[39m[90m─[39m[90m─[39m[90m─[39m[90m─[39m[90m─[39m[90m─[39m[90m─[39m[90m─[39m[90m─[39m[90m─[39m[90m─[39m[90m─[39m[90m─[39m[90m─[39m[90m─[39m[90m─[39m[90m─[39m[90m─[39m[90m─[39m[90m─[39m[90m─[39m[90m─[39m[90m─[39m[90m─[39m[90m─[39m[90m─[39m[90m─[39m[90m─[39m[90m─[39m[90m─[39m[90m─[39m[90m─[39m[90m─[39m[90m─[39m[90m─[39m[90m─[39m[90m─[39m[90m─[39m[90m─[39m[90m─[39m[90m─[39m[90m─[39m[90m─[39m[90m─[39m[90m─[39m[90m─[39m[90m─[39m[90m─[39m[90m─[39m[90m─[39m[90m─[39m[90m─[39m[90m─[39m[90m─[39m[90m─[39m[90m─[39m[90m─[39m[90m─[39m[90m─[39m[90m─[39m[90m─[39m[90m┐[39m
Admin UI E2E (4, chrome)	Run Cypress	2025-03-08T15:58:35.7349818Z [90m  │[39m [90mTests:[39m        [32m31[39m                                                                               [90m│[39m
Admin UI E2E (4, chrome)	Run Cypress	2025-03-08T15:58:35.7351014Z [90m  │[39m [90mPassing:[39m      [32m30[39m                                                                               [90m│[39m
Admin UI E2E (4, chrome)	Run Cypress	2025-03-08T15:58:35.7352172Z [90m  │[39m [90mFailing:[39m      [32m0[39m                                                                                [90m│[39m
Admin UI E2E (4, chrome)	Run Cypress	2025-03-08T15:58:35.7353304Z [90m  │[39m [90mPending:[39m      [32m1[39m                                                                                [90m│[39m
Admin UI E2E (4, chrome)	Run Cypress	2025-03-08T15:58:35.7354447Z [90m  │[39m [90mSkipped:[39m      [32m0[39m                                                                                [90m│[39m
Admin UI E2E (4, chrome)	Run Cypress	2025-03-08T15:58:35.7355656Z [90m  │[39m [90mScreenshots:[39m  [32m0[39m                                                                                [90m│[39m
Admin UI E2E (4, chrome)	Run Cypress	2025-03-08T15:58:35.7357435Z [90m  │[39m [90mVideo:[39m        [32mfalse[39m                                                                            [90m│[39m
Admin UI E2E (4, chrome)	Run Cypress	2025-03-08T15:58:35.7359104Z [90m  │[39m [90mDuration:[39m     [32m1 minute, 44 seconds[39m                                                             [90m│[39m
Admin UI E2E (4, chrome)	Run Cypress	2025-03-08T15:58:35.7360659Z [90m  │[39m [90mSpec Ran:[39m     [32m[32midentity_providers_test.spec.ts[32m[39m                                                  [90m│[39m
Admin UI E2E (4, chrome)	Run Cypress	2025-03-08T15:58:35.7367484Z [90m  └[39m[90m─[39m[90m─[39m[90m─[39m[90m─[39m[90m─[39m[90m─[39m[90m─[39m[90m─[39m[90m─[39m[90m─[39m[90m─[39m[90m─[39m[90m─[39m[90m─[39m[90m─[39m[90m─[39m[90m─[39m[90m─[39m[90m─[39m[90m─[39m[90m─[39m[90m─[39m[90m─[39m[90m─[39m[90m─[39m[90m─[39m[90m─[39m[90m─[39m[90m─[39m[90m─[39m[90m─[39m[90m─[39m[90m─[39m[90m─[39m[90m─[39m[90m─[39m[90m─[39m[90m─[39m[90m─[39m[90m─[39m[90m─[39m[90m─[39m[90m─[39m[90m─[39m[90m─[39m[90m─[39m[90m─[39m[90m─[39m[90m─[39m[90m─[39m[90m─[39m[90m─[39m[90m─[39m[90m─[39m[90m─[39m[90m─[39m[90m─[39m[90m─[39m[90m─[39m[90m─[39m[90m─[39m[90m─[39m[90m─[39m[90m─[39m[90m─[39m[90m─[39m[90m─[39m[90m─[39m[90m─[39m[90m─[39m[90m─[39m[90m─[39m[90m─[39m[90m─[39m[90m─[39m[90m─[39m[90m─[39m[90m─[39m[90m─[39m[90m─[39m[90m─[39m[90m─[39m[90m─[39m[90m─[39m[90m─[39m[90m─[39m[90m─[39m[90m─[39m[90m─[39m[90m─[39m[90m─[39m[90m─[39m[90m─[39m[90m─[39m[90m─[39m[90m─[39m[90m┘[39m
Admin UI E2E (4, chrome)	Run Cypress	2025-03-08T15:58:35.7371958Z 
Admin UI E2E (4, chrome)	Run Cypress	2025-03-08T15:58:35.7743130Z 
Admin UI E2E (4, chrome)	Run Cypress	2025-03-08T15:58:35.7755647Z [90m─[39m[90m─[39m[90m─[39m[90m─[39m[90m─[39m[90m─[39m[90m─[39m[90m─[39m[90m─[39m[90m─[39m[90m─[39m[90m─[39m[90m─[39m[90m─[39m[90m─[39m[90m─[39m[90m─[39m[90m─[39m[90m─[39m[90m─[39m[90m─[39m[90m─[39m[90m─[39m[90m─[39m[90m─[39m[90m─[39m[90m─[39m[90m─[39m[90m─[39m[90m─[39m[90m─[39m[90m─[39m[90m─[39m[90m─[39m[90m─[39m[90m─[39m[90m─[39m[90m─[39m[90m─[39m[90m─[39m[90m─[39m[90m─[39m[90m─[39m[90m─[39m[90m─[39m[90m─[39m[90m─[39m[90m─[39m[90m─[39m[90m─[39m[90m─[39m[90m─[39m[90m─[39m[90m─[39m[90m─[39m[90m─[39m[90m─[39m[90m─[39m[90m─[39m[90m─[39m[90m─[39m[90m─[39m[90m─[39m[90m─[39m[90m─[39m[90m─[39m[90m─[39m[90m─[39m[90m─[39m[90m─[39m[90m─[39m[90m─[39m[90m─[39m[90m─[39m[90m─[39m[90m─[39m[90m─[39m[90m─[39m[90m─[39m[90m─[39m[90m─[39m[90m─[39m[90m─[39m[90m─[39m[90m─[39m[90m─[39m[90m─[39m[90m─[39m[90m─[39m[90m─[39m[90m─[39m[90m─[39m[90m─[39m[90m─[39m[90m─[39m[90m─[39m[90m─[39m[90m─[39m[90m─[39m[90m─[39m
Admin UI E2E (4, chrome)	Run Cypress	2025-03-08T15:58:35.7760340Z                                                                                                     
Admin UI E2E (4, chrome)	Run Cypress	2025-03-08T15:58:35.7761402Z   Running:  [90muser_fed_kerberos_test.spec.ts[39m                                                  [90m(5 of 8)[39m
Admin UI E2E (4, chrome)	Run Cypress	2025-03-08T15:58:38.6731807Z 
Admin UI E2E (4, chrome)	Run Cypress	2025-03-08T15:58:38.6733266Z [0m[0m
Admin UI E2E (4, chrome)	Run Cypress	2025-03-08T15:58:38.6833227Z [0m  User Fed Kerberos tests[0m
Admin UI E2E (4, chrome)	Run Cypress	2025-03-08T15:58:45.5595989Z   [32m  ✓[0m[90m Should create Kerberos provider from empty state[0m[90m (6874ms)[0m
Admin UI E2E (4, chrome)	Run Cypress	2025-03-08T15:58:50.0802135Z   [32m  ✓[0m[90m Should enable debug, password authentication, and first login[0m[90m (4402ms)[0m
Admin UI E2E (4, chrome)	Run Cypress	2025-03-08T15:58:54.8900054Z   [32m  ✓[0m[90m Should set cache policy to evict_daily[0m[90m (4729ms)[0m
Admin UI E2E (4, chrome)	Run Cypress	2025-03-08T15:58:59.2996256Z   [32m  ✓[0m[90m Should set cache policy to default[0m[90m (4375ms)[0m
Admin UI E2E (4, chrome)	Run Cypress	2025-03-08T15:59:04.2058443Z   [32m  ✓[0m[90m Should set cache policy to evict_weekly[0m[90m (4836ms)[0m
Admin UI E2E (4, chrome)	Run Cypress	2025-03-08T15:59:08.9761605Z   [32m  ✓[0m[90m Should set cache policy to max_lifespan[0m[90m (4728ms)[0m
Admin UI E2E (4, chrome)	Run Cypress	2025-03-08T15:59:13.4504708Z   [32m  ✓[0m[90m Should set cache policy to no_cache[0m[90m (4401ms)[0m
Admin UI E2E (4, chrome)	Run Cypress	2025-03-08T15:59:18.6063460Z   [32m  ✓[0m[90m Should edit existing Kerberos provider and cancel[0m[90m (5123ms)[0m
Admin UI E2E (4, chrome)	Run Cypress	2025-03-08T15:59:21.7168666Z   [32m  ✓[0m[90m Should disable an existing Kerberos provider[0m[90m (3031ms)[0m
Admin UI E2E (4, chrome)	Run Cypress	2025-03-08T15:59:24.8400682Z   [32m  ✓[0m[90m Should enable an existing previously-disabled Kerberos provider[0m[90m (3075ms)[0m
Admin UI E2E (4, chrome)	Run Cypress	2025-03-08T15:59:28.2062740Z   [32m  ✓[0m[90m Should create new Kerberos provider using the New Provider dropdown[0m[90m (3326ms)[0m
Admin UI E2E (4, chrome)	Run Cypress	2025-03-08T15:59:28.2269922Z   [36m  - Should change the priority order of Kerberos providers[0m
Admin UI E2E (4, chrome)	Run Cypress	2025-03-08T15:59:30.0598375Z   [32m  ✓[0m[90m Should delete a Kerberos provider from card view using the card's menu[0m[90m (1819ms)[0m
Admin UI E2E (4, chrome)	Run Cypress	2025-03-08T15:59:33.1579509Z   [32m  ✓[0m[90m Should delete a Kerberos provider using the Settings view's Action menu[0m[90m (3036ms)[0m
Admin UI E2E (4, chrome)	Run Cypress	2025-03-08T15:59:33.1638354Z 
Admin UI E2E (4, chrome)	Run Cypress	2025-03-08T15:59:33.2063061Z 
Admin UI E2E (4, chrome)	Run Cypress	2025-03-08T15:59:33.2064275Z [92m [0m[32m 13 passing[0m[90m (55s)[0m
Admin UI E2E (4, chrome)	Run Cypress	2025-03-08T15:59:33.2065157Z [36m [0m[36m 1 pending[0m
Admin UI E2E (4, chrome)	Run Cypress	2025-03-08T15:59:33.2065575Z 
Admin UI E2E (4, chrome)	Run Cypress	2025-03-08T15:59:34.2433396Z 
Admin UI E2E (4, chrome)	Run Cypress	2025-03-08T15:59:34.2434923Z [32m  ([4m[1mResults[22m[24m)[39m
Admin UI E2E (4, chrome)	Run Cypress	2025-03-08T15:59:34.2454067Z 
Admin UI E2E (4, chrome)	Run Cypress	2025-03-08T15:59:34.2469670Z [90m  ┌[39m[90m─[39m[90m─[39m[90m─[39m[90m─[39m[90m─[39m[90m─[39m[90m─[39m[90m─[39m[90m─[39m[90m─[39m[90m─[39m[90m─[39m[90m─[39m[90m─[39m[90m─[39m[90m─[39m[90m─[39m[90m─[39m[90m─[39m[90m─[39m[90m─[39m[90m─[39m[90m─[39m[90m─[39m[90m─[39m[90m─[39m[90m─[39m[90m─[39m[90m─[39m[90m─[39m[90m─[39m[90m─[39m[90m─[39m[90m─[39m[90m─[39m[90m─[39m[90m─[39m[90m─[39m[90m─[39m[90m─[39m[90m─[39m[90m─[39m[90m─[39m[90m─[39m[90m─[39m[90m─[39m[90m─[39m[90m─[39m[90m─[39m[90m─[39m[90m─[39m[90m─[39m[90m─[39m[90m─[39m[90m─[39m[90m─[39m[90m─[39m[90m─[39m[90m─[39m[90m─[39m[90m─[39m[90m─[39m[90m─[39m[90m─[39m[90m─[39m[90m─[39m[90m─[39m[90m─[39m[90m─[39m[90m─[39m[90m─[39m[90m─[39m[90m─[39m[90m─[39m[90m─[39m[90m─[39m[90m─[39m[90m─[39m[90m─[39m[90m─[39m[90m─[39m[90m─[39m[90m─[39m[90m─[39m[90m─[39m[90m─[39m[90m─[39m[90m─[39m[90m─[39m[90m─[39m[90m─[39m[90m─[39m[90m─[39m[90m─[39m[90m─[39m[90m─[39m[90m┐[39m
Admin UI E2E (4, chrome)	Run Cypress	2025-03-08T15:59:34.2474240Z [90m  │[39m [90mTests:[39m        [32m14[39m                                                                               [90m│[39m
Admin UI E2E (4, chrome)	Run Cypress	2025-03-08T15:59:34.2476573Z [90m  │[39m [90mPassing:[39m      [32m13[39m                                                                               [90m│[39m
Admin UI E2E (4, chrome)	Run Cypress	2025-03-08T15:59:34.2478843Z [90m  │[39m [90mFailing:[39m      [32m0[39m                                                                                [90m│[39m
Admin UI E2E (4, chrome)	Run Cypress	2025-03-08T15:59:34.2480071Z [90m  │[39m [90mPending:[39m      [32m1[39m                                                                                [90m│[39m
Admin UI E2E (4, chrome)	Run Cypress	2025-03-08T15:59:34.2481323Z [90m  │[39m [90mSkipped:[39m      [32m0[39m                                                                                [90m│[39m
Admin UI E2E (4, chrome)	Run Cypress	2025-03-08T15:59:34.2482617Z [90m  │[39m [90mScreenshots:[39m  [32m0[39m                                                                                [90m│[39m
Admin UI E2E (4, chrome)	Run Cypress	2025-03-08T15:59:34.2483894Z [90m  │[39m [90mVideo:[39m        [32mfalse[39m                                                                            [90m│[39m
Admin UI E2E (4, chrome)	Run Cypress	2025-03-08T15:59:34.2485183Z [90m  │[39m [90mDuration:[39m     [32m54 seconds[39m                                                                       [90m│[39m
Admin UI E2E (4, chrome)	Run Cypress	2025-03-08T15:59:34.2486477Z [90m  │[39m [90mSpec Ran:[39m     [32m[32muser_fed_kerberos_test.spec.ts[32m[39m                                                   [90m│[39m
Admin UI E2E (4, chrome)	Run Cypress	2025-03-08T15:59:34.2493572Z [90m  └[39m[90m─[39m[90m─[39m[90m─[39m[90m─[39m[90m─[39m[90m─[39m[90m─[39m[90m─[39m[90m─[39m[90m─[39m[90m─[39m[90m─[39m[90m─[39m[90m─[39m[90m─[39m[90m─[39m[90m─[39m[90m─[39m[90m─[39m[90m─[39m[90m─[39m[90m─[39m[90m─[39m[90m─[39m[90m─[39m[90m─[39m[90m─[39m[90m─[39m[90m─[39m[90m─[39m[90m─[39m[90m─[39m[90m─[39m[90m─[39m[90m─[39m[90m─[39m[90m─[39m[90m─[39m[90m─[39m[90m─[39m[90m─[39m[90m─[39m[90m─[39m[90m─[39m[90m─[39m[90m─[39m[90m─[39m[90m─[39m[90m─[39m[90m─[39m[90m─[39m[90m─[39m[90m─[39m[90m─[39m[90m─[39m[90m─[39m[90m─[39m[90m─[39m[90m─[39m[90m─[39m[90m─[39m[90m─[39m[90m─[39m[90m─[39m[90m─[39m[90m─[39m[90m─[39m[90m─[39m[90m─[39m[90m─[39m[90m─[39m[90m─[39m[90m─[39m[90m─[39m[90m─[39m[90m─[39m[90m─[39m[90m─[39m[90m─[39m[90m─[39m[90m─[39m[90m─[39m[90m─[39m[90m─[39m[90m─[39m[90m─[39m[90m─[39m[90m─[39m[90m─[39m[90m─[39m[90m─[39m[90m─[39m[90m─[39m[90m─[39m[90m─[39m[90m─[39m[90m┘[39m
Admin UI E2E (4, chrome)	Run Cypress	2025-03-08T15:59:34.2498006Z 
Admin UI E2E (4, chrome)	Run Cypress	2025-03-08T15:59:34.2869722Z 
Admin UI E2E (4, chrome)	Run Cypress	2025-03-08T15:59:34.2877686Z [90m─[39m[90m─[39m[90m─[39m[90m─[39m[90m─[39m[90m─[39m[90m─[39m[90m─[39m[90m─[39m[90m─[39m[90m─[39m[90m─[39m[90m─[39m[90m─[39m[90m─[39m[90m─[39m[90m─[39m[90m─[39m[90m─[39m[90m─[39m[90m─[39m[90m─[39m[90m─[39m[90m─[39m[90m─[39m[90m─[39m[90m─[39m[90m─[39m[90m─[39m[90m─[39m[90m─[39m[90m─[39m[90m─[39m[90m─[39m[90m─[39m[90m─[39m[90m─[39m[90m─[39m[90m─[39m[90m─[39m[90m─[39m[90m─[39m[90m─[39m[90m─[39m[90m─[39m[90m─[39m[90m─[39m[90m─[39m[90m─[39m[90m─[39m[90m─[39m[90m─[39m[90m─[39m[90m─[39m[90m─[39m[90m─[39m[90m─[39m[90m─[39m[90m─[39m[90m─[39m[90m─[39m[90m─[39m[90m─[39m[90m─[39m[90m─[39m[90m─[39m[90m─[39m[90m─[39m[90m─[39m[90m─[39m[90m─[39m[90m─[39m[90m─[39m[90m─[39m[90m─[39m[90m─[39m[90m─[39m[90m─[39m[90m─[39m[90m─[39m[90m─[39m[90m─[39m[90m─[39m[90m─[39m[90m─[39m[90m─[39m[90m─[39m[90m─[39m[90m─[39m[90m─[39m[90m─[39m[90m─[39m[90m─[39m[90m─[39m[90m─[39m[90m─[39m[90m─[39m[90m─[39m[90m─[39m[90m─[39m
Admin UI E2E (4, chrome)	Run Cypress	2025-03-08T15:59:34.2887465Z                                                                                                     
Admin UI E2E (4, chrome)	Run Cypress	2025-03-08T15:59:34.2889691Z   Running:  [90musers_test.spec.ts[39m                                                              [90m(6 of 8)[39m
Admin UI E2E (4, chrome)	Run Cypress	2025-03-08T15:59:38.5311145Z 
Admin UI E2E (4, chrome)	Run Cypress	2025-03-08T15:59:38.5312021Z [0m[0m
Admin UI E2E (4, chrome)	Run Cypress	2025-03-08T15:59:38.5333187Z [0m  User creation[0m
Admin UI E2E (4, chrome)	Run Cypress	2025-03-08T15:59:43.3341541Z   [32m  ✓[0m[90m Go to create User page[0m[90m (4745ms)[0m
Admin UI E2E (4, chrome)	Run Cypress	2025-03-08T15:59:46.3710272Z   [32m  ✓[0m[90m Create user test[0m[90m (2982ms)[0m
Admin UI E2E (4, chrome)	Run Cypress	2025-03-08T15:59:48.4163389Z   [32m  ✓[0m[90m Should check temporary admin user existence[0m[90m (1989ms)[0m
Admin UI E2E (4, chrome)	Run Cypress	2025-03-08T15:59:51.6980154Z   [32m  ✓[0m[90m Create user with groups test[0m[90m (3255ms)[0m
Admin UI E2E (4, chrome)	Run Cypress	2025-03-08T15:59:56.7928294Z   [32m  ✓[0m[90m Create user with credentials test[0m[90m (5066ms)[0m
Admin UI E2E (4, chrome)	Run Cypress	2025-03-08T15:59:59.2062690Z   [32m  ✓[0m[90m Search existing user test[0m[90m (2387ms)[0m
Admin UI E2E (4, chrome)	Run Cypress	2025-03-08T16:00:01.7009942Z   [32m  ✓[0m[90m Search non-existing user test[0m[90m (2461ms)[0m
Admin UI E2E (4, chrome)	Run Cypress	2025-03-08T16:00:07.6798525Z   [32m  ✓[0m[90m User details test[0m[90m (5902ms)[0m
Admin UI E2E (4, chrome)	Run Cypress	2025-03-08T16:00:09.9840051Z   [32m  ✓[0m[90m Select Unmanaged attributes[0m[90m (2242ms)[0m
Admin UI E2E (4, chrome)	Run Cypress	2025-03-08T16:00:21.3018840Z   [32m  ✓[0m[90m User attributes test[0m[90m (11286ms)[0m
Admin UI E2E (4, chrome)	Run Cypress	2025-03-08T16:00:25.9451718Z   [32m  ✓[0m[90m User attributes with multiple values test[0m[90m (4533ms)[0m
Admin UI E2E (4, chrome)	Run Cypress	2025-03-08T16:00:59.2890933Z     [33m(Attempt 1 of 4)[0m Add user to groups test
Admin UI E2E (4, chrome)	Run Cypress	2025-03-08T16:01:33.5332154Z     [33m(Attempt 2 of 4)[0m Add user to groups test
Admin UI E2E (4, chrome)	Run Cypress	2025-03-08T16:02:08.1664260Z     [33m(Attempt 3 of 4)[0m Add user to groups test
Admin UI E2E (4, chrome)	Run Cypress	2025-03-08T16:02:43.2496522Z   [31m  1) Add user to groups test[0m
Admin UI E2E (4, chrome)	Run Cypress	2025-03-08T16:03:16.8611050Z     [33m(Attempt 1 of 4)[0m Leave group test
Admin UI E2E (4, chrome)	Run Cypress	2025-03-08T16:03:51.5599793Z     [33m(Attempt 2 of 4)[0m Leave group test
Admin UI E2E (4, chrome)	Run Cypress	2025-03-08T16:04:26.6238835Z     [33m(Attempt 3 of 4)[0m Leave group test
Admin UI E2E (4, chrome)	Run Cypress	2025-03-08T16:05:02.5404757Z   [31m  2) Leave group test[0m
Admin UI E2E (4, chrome)	Run Cypress	2025-03-08T16:05:36.7384492Z     [33m(Attempt 1 of 4)[0m search and leave group
Admin UI E2E (4, chrome)	Run Cypress	2025-03-08T16:06:12.1222765Z     [33m(Attempt 2 of 4)[0m search and leave group
Admin UI E2E (4, chrome)	Run Cypress	2025-03-08T16:06:47.9530550Z     [33m(Attempt 3 of 4)[0m search and leave group
Admin UI E2E (4, chrome)	Run Cypress	2025-03-08T16:07:24.6351912Z   [31m  3) search and leave group[0m
Admin UI E2E (4, chrome)	Run Cypress	2025-03-08T16:07:27.8971366Z   [32m  ✓[0m[90m Go to user consents test[0m[90m (3123ms)[0m
Admin UI E2E (4, chrome)	Run Cypress	2025-03-08T16:07:32.3715429Z   [32m  ✓[0m[90m Reset credential of User with empty state[0m[90m (4403ms)[0m
Admin UI E2E (4, chrome)	Run Cypress	2025-03-08T16:07:36.4644722Z   [32m  ✓[0m[90m Reset credential of User with existing credentials[0m[90m (4041ms)[0m
Admin UI E2E (4, chrome)	Run Cypress	2025-03-08T16:07:40.4867473Z   [32m  ✓[0m[90m Edit credential label[0m[90m (3786ms)[0m
Admin UI E2E (4, chrome)	Run Cypress	2025-03-08T16:07:42.9240095Z   [32m  ✓[0m[90m Show credential data dialog[0m[90m (2378ms)[0m
Admin UI E2E (4, chrome)	Run Cypress	2025-03-08T16:07:48.1717466Z   [32m  ✓[0m[90m Delete credential[0m[90m (5115ms)[0m
Admin UI E2E (4, chrome)	Run Cypress	2025-03-08T16:07:51.1811354Z   [32m  ✓[0m[90m Delete user from search bar test[0m[90m (2936ms)[0m
Admin UI E2E (4, chrome)	Run Cypress	2025-03-08T16:07:54.0626250Z   [32m  ✓[0m[90m Delete user with groups test[0m[90m (2735ms)[0m
Admin UI E2E (4, chrome)	Run Cypress	2025-03-08T16:07:56.1379500Z   [32m  ✓[0m[90m Delete user with credential test[0m[90m (1987ms)[0m
Admin UI E2E (4, chrome)	Run Cypress	2025-03-08T16:07:56.1496383Z [0m    Identity provider links[0m
Admin UI E2E (4, chrome)	Run Cypress	2025-03-08T16:07:59.8670420Z     [32m  ✓[0m[90m Link account to IdP:  Bitbucket[0m[90m (3701ms)[0m
Admin UI E2E (4, chrome)	Run Cypress	2025-03-08T16:08:03.1618799Z     [32m  ✓[0m[90m Link account to IdP:  Facebook[0m[90m (3266ms)[0m
Admin UI E2E (4, chrome)	Run Cypress	2025-03-08T16:08:09.8182712Z     [32m  ✓[0m[90m Link account to IdP:  Keycloak-oidc[0m[90m (6577ms)[0m
Admin UI E2E (4, chrome)	Run Cypress	2025-03-08T16:08:14.5182684Z     [32m  ✓[0m[90m Link account to already added IdP fail[0m[90m (4619ms)[0m
Admin UI E2E (4, chrome)	Run Cypress	2025-03-08T16:08:17.4900616Z     [32m  ✓[0m[90m Unlink account from IdP:  Bitbucket[0m[90m (2943ms)[0m
Admin UI E2E (4, chrome)	Run Cypress	2025-03-08T16:08:20.5729602Z     [32m  ✓[0m[90m Unlink account from IdP:  Facebook[0m[90m (3056ms)[0m
Admin UI E2E (4, chrome)	Run Cypress	2025-03-08T16:08:23.8226714Z     [32m  ✓[0m[90m Unlink account from IdP:  Keycloak-oidc[0m[90m (2923ms)[0m
Admin UI E2E (4, chrome)	Run Cypress	2025-03-08T16:08:23.8299913Z [0m    Accessibility tests for users[0m
Admin UI E2E (4, chrome)	Run Cypress	2025-03-08T16:08:27.6143937Z     [32m  ✓[0m[90m Check a11y violations on load/ users list[0m[90m (3779ms)[0m
Admin UI E2E (4, chrome)	Run Cypress	2025-03-08T16:08:33.3545812Z     [32m  ✓[0m[90m Check a11y violations on empty create user form[0m[90m (5678ms)[0m
Admin UI E2E (4, chrome)	Run Cypress	2025-03-08T16:08:40.5660150Z     [32m  ✓[0m[90m Check a11y violations on user details tab[0m[90m (7066ms)[0m
Admin UI E2E (4, chrome)	Run Cypress	2025-03-08T16:08:45.8565460Z     [32m  ✓[0m[90m Check a11y violations on user credentials tab setting a password[0m[90m (5191ms)[0m
Admin UI E2E (4, chrome)	Run Cypress	2025-03-08T16:08:53.8567482Z     [32m  ✓[0m[90m Check a11y violations on user credentials tab resetting a password[0m[90m (7983ms)[0m
Admin UI E2E (4, chrome)	Run Cypress	2025-03-08T16:08:58.4192848Z     [32m  ✓[0m[90m Check a11y violations on user role mapping tab[0m[90m (4509ms)[0m
Admin UI E2E (4, chrome)	Run Cypress	2025-03-08T16:09:05.0747562Z       [33m(Attempt 1 of 4)[0m Check a11y violations on user role mapping tab assigning a role dialog
Admin UI E2E (4, chrome)	Run Cypress	2025-03-08T16:09:14.9443933Z       [33m(Attempt 2 of 4)[0m Check a11y violations on user role mapping tab assigning a role dialog
Admin UI E2E (4, chrome)	Run Cypress	2025-03-08T16:09:27.2831615Z     [32m  ✓[0m[90m Check a11y violations on user role mapping tab assigning a role dialog[0m[90m (12067ms)[0m
Admin UI E2E (4, chrome)	Run Cypress	2025-03-08T16:09:32.0362972Z     [32m  ✓[0m[90m Check a11y violations on user groups tab[0m[90m (4667ms)[0m
Admin UI E2E (4, chrome)	Run Cypress	2025-03-08T16:09:38.7282235Z     [32m  ✓[0m[90m Check a11y violations on user groups tab joining group dialog[0m[90m (6601ms)[0m
Admin UI E2E (4, chrome)	Run Cypress	2025-03-08T16:09:43.6650631Z     [32m  ✓[0m[90m Check a11y violations on user groups tab joining group[0m[90m (4891ms)[0m
Admin UI E2E (4, chrome)	Run Cypress	2025-03-08T16:09:48.2201767Z     [32m  ✓[0m[90m Check a11y violations on user consents tab[0m[90m (4532ms)[0m
Admin UI E2E (4, chrome)	Run Cypress	2025-03-08T16:09:55.7684141Z     [32m  ✓[0m[90m Check a11y violations on user identity provider links tab[0m[90m (7404ms)[0m
Admin UI E2E (4, chrome)	Run Cypress	2025-03-08T16:10:01.8770410Z     [32m  ✓[0m[90m Check a11y violations on user sessions tab[0m[90m (5975ms)[0m
Admin UI E2E (4, chrome)	Run Cypress	2025-03-08T16:10:09.9833445Z     [32m  ✓[0m[90m Check a11y violations on user deleting dialog[0m[90m (7568ms)[0m
Admin UI E2E (4, chrome)	Run Cypress	2025-03-08T16:10:09.9840688Z 
Admin UI E2E (4, chrome)	Run Cypress	2025-03-08T16:10:10.0403666Z 
Admin UI E2E (4, chrome)	Run Cypress	2025-03-08T16:10:10.0404844Z [92m [0m[32m 41 passing[0m[90m (11m)[0m
Admin UI E2E (4, chrome)	Run Cypress	2025-03-08T16:10:10.0408302Z [31m  3 failing[0m
Admin UI E2E (4, chrome)	Run Cypress	2025-03-08T16:10:10.0409051Z 
Admin UI E2E (4, chrome)	Run Cypress	2025-03-08T16:10:10.0409289Z [0m  1) User creation
Admin UI E2E (4, chrome)	Run Cypress	2025-03-08T16:10:10.0409695Z        Add user to groups test:
Admin UI E2E (4, chrome)	Run Cypress	2025-03-08T16:10:10.0410876Z [0m[31m     AssertionError: Timed out retrying after 30000ms: Unable to find an element by: [data-testid="add-group-button"]
Admin UI E2E (4, chrome)	Run Cypress	2025-03-08T16:10:10.0411581Z 
Admin UI E2E (4, chrome)	Run Cypress	2025-03-08T16:10:10.0411847Z Ignored nodes: comments, script, style
Admin UI E2E (4, chrome)	Run Cypress	2025-03-08T16:10:10.0412247Z <html
Admin UI E2E (4, chrome)	Run Cypress	2025-03-08T16:10:10.0412528Z   lang="en"
Admin UI E2E (4, chrome)	Run Cypress	2025-03-08T16:10:10.0412823Z >
Admin UI E2E (4, chrome)	Run Cypress	2025-03-08T16:10:10.0416856Z   <head>
Admin UI E2E (4, chrome)	Run Cypress	2025-03-08T16:10:10.0417151Z      
Admin UI E2E (4, chrome)	Run Cypress	2025-03-08T16:10:10.0418971Z     
Admin UI E2E (4, chrome)	Run Cypress	2025-03-08T16:10:10.0421613Z     
Admin UI E2E (4, chrome)	Run Cypress	2025-03-08T16:10:10.0422478Z     <meta
Admin UI E2E (4, chrome)	Run Cypress	2025-03-08T16:10:10.0422995Z       charset="utf-8"
Admin UI E2E (4, chrome)	Run Cypress	2025-03-08T16:10:10.0423356Z     />
Admin UI E2E (4, chrome)	Run Cypress	2025-03-08T16:10:10.0423614Z     
Admin UI E2E (4, chrome)	Run Cypress	2025-03-08T16:10:10.0423850Z     
Admin UI E2E (4, chrome)	Run Cypress	2025-03-08T16:10:10.0424105Z     <base
Admin UI E2E (4, chrome)	Run Cypress	2025-03-08T16:10:10.0424475Z       href="/resources/ng770/admin/keycloak.v2/"
Admin UI E2E (4, chrome)	Run Cypress	2025-03-08T16:10:10.0424906Z     />
Admin UI E2E (4, chrome)	Run Cypress	2025-03-08T16:10:10.0425157Z     
Admin UI E2E (4, chrome)	Run Cypress	2025-03-08T16:10:10.0425410Z     
Admin UI E2E (4, chrome)	Run Cypress	2025-03-08T16:10:10.0425643Z     <link
Admin UI E2E (4, chrome)	Run Cypress	2025-03-08T16:10:10.0426112Z       href="/resources/ng770/admin/keycloak.v2/favicon.svg"
Admin UI E2E (4, chrome)	Run Cypress	2025-03-08T16:10:10.0426625Z       rel="icon"
Admin UI E2E (4, chrome)	Run Cypress	2025-03-08T16:10:10.0426971Z       type="image/svg+xml"
Admin UI E2E (4, chrome)	Run Cypress	2025-03-08T16:10:10.0427332Z     />
Admin UI E2E (4, chrome)	Run Cypress	2025-03-08T16:10:10.0427605Z     
Admin UI E2E (4, chrome)	Run Cypress	2025-03-08T16:10:10.0428037Z     
Admin UI E2E (4, chrome)	Run Cypress	2025-03-08T16:10:10.0428309Z     <meta
Admin UI E2E (4, chrome)	Run Cypress	2025-03-08T16:10:10.0428715Z       content="width=device-width, initial-scale=1"
Admin UI E2E (4, chrome)	Run Cypress	2025-03-08T16:10:10.0429231Z       name="viewport"
Admin UI E2E (4, chrome)	Run Cypress	2025-03-08T16:10:10.0429572Z     />
Admin UI E2E (4, chrome)	Run Cypress	2025-03-08T16:10:10.0429852Z     
Admin UI E2E (4, chrome)	Run Cypress	2025-03-08T16:10:10.0430119Z     
Admin UI E2E (4, chrome)	Run Cypress	2025-03-08T16:10:10.0430388Z     <meta
Admin UI E2E (4, chrome)	Run Cypress	2025-03-08T16:10:10.0430700Z       content="light dark"
Admin UI E2E (4, chrome)	Run Cypress	2025-03-08T16:10:10.0431080Z       name="color-scheme"
Admin UI E2E (4, chrome)	Run Cypress	2025-03-08T16:10:10.0431430Z     />
Admin UI E2E (4, chrome)	Run Cypress	2025-03-08T16:10:10.0431703Z     
Admin UI E2E (4, chrome)	Run Cypress	2025-03-08T16:10:10.0431979Z     
Admin UI E2E (4, chrome)	Run Cypress	2025-03-08T16:10:10.0432244Z     <meta
Admin UI E2E (4, chrome)	Run Cypress	2025-03-08T16:10:10.0433028Z       content="The Keycloak Administration Console is a web-based interface for managing Keycloak."
Admin UI E2E (4, chrome)	Run Cypress	2025-03-08T16:10:10.0433959Z       name="description"
Admin UI E2E (4, chrome)	Run Cypress	2025-03-08T16:10:10.0434311Z     />
Admin UI E2E (4, chrome)	Run Cypress	2025-03-08T16:10:10.0434583Z     
Admin UI E2E (4, chrome)	Run Cypress	2025-03-08T16:10:10.0434850Z     
Admin UI E2E (4, chrome)	Run Cypress	2025-03-08T16:10:10.0435119Z     <title>
Admin UI E2E (4, chrome)	Run Cypress	2025-03-08T16:10:10.0435482Z       Keycloak Administration Console
Admin UI E2E (4, chrome)	Run Cypress	2025-03-08T16:10:10.0435892Z     </title>
Admin UI E2E (4, chrome)	Run Cypress	2025-03-08T16:10:10.0436177Z     
Admin UI E2E (4, chrome)	Run Cypress	2025-03-08T16:10:10.0436436Z     
Admin UI E2E (4, chrome)	Run Cypress	2025-03-08T16:10:10.0436695Z     
Admin UI E2E (4, chrome)	Run Cypress	2025-03-08T16:10:10.0436948Z     
Admin UI E2E (4, chrome)	Run Cypress	2025-03-08T16:10:10.0437207Z     
Admin UI E2E (4, chrome)	Run Cypress	2025-03-08T16:10:10.0437477Z       
Admin UI E2E (4, chrome)	Run Cypress	2025-03-08T16:10:10.0437940Z     
Admin UI E2E (4, chrome)	Run Cypress	2025-03-08T16:10:10.0438206Z         
Admin UI E2E (4, chrome)	Run Cypress	2025-03-08T16:10:10.0438490Z     <link
Admin UI E2E (4, chrome)	Run Cypress	2025-03-08T16:10:10.0439032Z       href="/resources/ng770/admin/keycloak.v2/assets/main-IJA3XvSh.css"
Admin UI E2E (4, chrome)	Run Cypress	2025-03-08T16:10:10.0439633Z       rel="stylesheet"
Admin UI E2E (4, chrome)	Run Cypress	2025-03-08T16:10:10.0439962Z     />
Admin UI E2E (4, chrome)	Run Cypress	2025-03-08T16:10:10.0440230Z     
Admin UI E2E (4, chrome)	Run Cypress	2025-03-08T16:10:10.0440498Z       
Admin UI E2E (4, chrome)	Run Cypress	2025-03-08T16:10:10.0440762Z     
Admin UI E2E (4, chrome)	Run Cypress	2025-03-08T16:10:10.0441026Z   
Admin UI E2E (4, chrome)	Run Cypress	2025-03-08T16:10:10.0441291Z     <link
Admin UI E2E (4, chrome)	Run Cypress	2025-03-08T16:10:10.0441584Z       crossorigin=""
Admin UI E2E (4, chrome)	Run Cypress	2025-03-08T16:10:10.0442466Z       href="http://localhost:8080/resources/ng770/admin/keycloak.v2/assets/DataListItemRow-0rnekGZx.css"
Admin UI E2E (4, chrome)	Run Cypress	2025-03-08T16:10:10.0443314Z       rel="stylesheet"
Admin UI E2E (4, chrome)	Run Cypress	2025-03-08T16:10:10.0443638Z     />
Admin UI E2E (4, chrome)	Run Cypress	2025-03-08T16:10:10.0443905Z     <link
Admin UI E2E (4, chrome)	Run Cypress	2025-03-08T16:10:10.0444192Z       crossorigin=""
Admin UI E2E (4, chrome)	Run Cypress	2025-03-08T16:10:10.0445003Z       href="http://localhost:8080/resources/ng770/admin/keycloak.v2/assets/GroupPickerDialog-Dl_Lyzxi.css"
Admin UI E2E (4, chrome)	Run Cypress	2025-03-08T16:10:10.0445802Z       rel="stylesheet"
Admin UI E2E (4, chrome)	Run Cypress	2025-03-08T16:10:10.0446128Z     />
Admin UI E2E (4, chrome)	Run Cypress	2025-03-08T16:10:10.0446408Z     <link
Admin UI E2E (4, chrome)	Run Cypress	2025-03-08T16:10:10.0446695Z       crossorigin=""
Admin UI E2E (4, chrome)	Run Cypress	2025-03-08T16:10:10.0447444Z       href="http://localhost:8080/resources/ng770/admin/keycloak.v2/assets/KeySelect-BJe01BGx.css"
Admin UI E2E (4, chrome)	Run Cypress	2025-03-08T16:10:10.0448327Z       rel="stylesheet"
Admin UI E2E (4, chrome)	Run Cypress	2025-03-08T16:10:10.0448977Z     />
Admin UI E2E (4, chrome)	Run Cypress	2025-03-08T16:10:10.0449238Z     <link
Admin UI E2E (4, chrome)	Run Cypress	2025-03-08T16:10:10.0449516Z       crossorigin=""
Admin UI E2E (4, chrome)	Run Cypress	2025-03-08T16:10:10.0450273Z       href="http://localhost:8080/resources/ng770/admin/keycloak.v2/assets/AddRoleMappingModal-Cz6tDcfR.css"
Admin UI E2E (4, chrome)	Run Cypress	2025-03-08T16:10:10.0451315Z       rel="stylesheet"
Admin UI E2E (4, chrome)	Run Cypress	2025-03-08T16:10:10.0451658Z     />
Admin UI E2E (4, chrome)	Run Cypress	2025-03-08T16:10:10.0451932Z     <link
Admin UI E2E (4, chrome)	Run Cypress	2025-03-08T16:10:10.0452234Z       crossorigin=""
Admin UI E2E (4, chrome)	Run Cypress	2025-03-08T16:10:10.0453069Z       href="http://localhost:8080/resources/ng770/admin/keycloak.v2/assets/DynamicComponents-DniN0CZn.css"
Admin UI E2E (4, chrome)	Run Cypress	2025-03-08T16:10:10.0453868Z       rel="stylesheet"
Admin UI E2E (4, chrome)	Run Cypress	2025-03-08T16:10:10.0454184Z     />
Admin UI E2E (4, chrome)	Run Cypress	2025-03-08T16:10:10.0454441Z     <link
Admin UI E2E (4, chrome)	Run Cypress	2025-03-08T16:10:10.0454716Z       crossorigin=""
Admin UI E2E (4, chrome)	Run Cypress	2025-03-08T16:10:10.0455412Z       href="http://localhost:8080/resources/ng770/admin/keycloak.v2/assets/Tabs-ViNVmBYo.css"
Admin UI E2E (4, chrome)	Run Cypress	2025-03-08T16:10:10.0455845Z       rel="stylesheet"
Admin UI E2E (4, chrome)	Run Cypress	2025-03-08T16:10:10.0456041Z     />
Admin UI E2E (4, chrome)	Run Cypress	2025-03-08T16:10:10.0456197Z     <link
Admin UI E2E (4, chrome)	Run Cypress	2025-03-08T16:10:10.0456374Z       crossorigin=""
Admin UI E2E (4, chrome)	Run Cypress	2025-03-08T16:10:10.0456849Z       href="http://localhost:8080/resources/ng770/admin/keycloak.v2/assets/ExpandableSection-Bbwii8N8.css"
Admin UI E2E (4, chrome)	Run Cypress	2025-03-08T16:10:10.0457301Z       rel="stylesheet"
Admin UI E2E (4, chrome)	Run Cypress	2025-03-08T16:10:10.0457486Z     />
Admin UI E2E (4, chrome)	Run Cypress	2025-03-08T16:10:10.0457640Z     <link
Admin UI E2E (4, chrome)	Run Cypress	2025-03-08T16:10:10.0458047Z       crossorigin=""
Admin UI E2E (4, chrome)	Run Cypress	2025-03-08T16:10:10.0458527Z       href="http://localhost:8080/resources/ng770/admin/keycloak.v2/assets/DescriptionListTerm-DesQLGah.css"
Admin UI E2E (4, chrome)	Run Cypress	2025-03-08T16:10:10.0458986Z       rel="stylesheet"
Admin UI E2E (4, chrome)	Run Cypress	2025-03-08T16:10:10.0459247Z     />
Admin UI E2E (4, chrome)	Run Cypress	2025-03-08T16:10:10.0459487Z     <link
Admin UI E2E (4, chrome)	Run Cypress	2025-03-08T16:10:10.0459759Z       crossorigin=""
Admin UI E2E (4, chrome)	Run Cypress	2025-03-08T16:10:10.0460455Z       href="http://localhost:8080/resources/ng770/admin/keycloak.v2/assets/Label-BQ4UG0pQ.css"
Admin UI E2E (4, chrome)	Run Cypress	2025-03-08T16:10:10.0461153Z       rel="stylesheet"
Admin UI E2E (4, chrome)	Run Cypress	2025-03-08T16:10:10.0461460Z     />
Admin UI E2E (4, chrome)	Run Cypress	2025-03-08T16:10:10.0461723Z     <link
Admin UI E2E (4, chrome)	Run Cypress	2025-03-08T16:10:10.0461998Z       crossorigin=""
Admin UI E2E (4, chrome)	Run Cypress	2025-03-08T16:10:10.0462450Z       href="http://localhost:8080/resources/ng770/admin/keycloak.v2/assets/Dashboard-D322USTx.css"
Admin UI E2E (4, chrome)	Run Cypress	2025-03-08T16:10:10.0462871Z       rel="stylesheet"
Admin UI E2E (4, chrome)	Run Cypress	2025-03-08T16:10:10.0463048Z     />
Admin UI E2E (4, chrome)	Run Cypress	2025-03-08T16:10:10.0463206Z     <link
Admin UI E2E (4, chrome)	Run Cypress	2025-03-08T16:10:10.0463368Z       crossorigin=""
Admin UI E2E (4, chrome)	Run Cypress	2025-03-08T16:10:10.0463788Z       href="http://localhost:8080/resources/ng770/admin/keycloak.v2/assets/ViewHeader-BI0nMf5o.css"
Admin UI E2E (4, chrome)	Run Cypress	2025-03-08T16:10:10.0464203Z       rel="stylesheet"
Admin UI E2E (4, chrome)	Run Cypress	2025-03-08T16:10:10.0464384Z     />
Admin UI E2E (4, chrome)	Run Cypress	2025-03-08T16:10:10.0464543Z     <link
Admin UI E2E (4, chrome)	Run Cypress	2025-03-08T16:10:10.0464702Z       crossorigin=""
Admin UI E2E (4, chrome)	Run Cypress	2025-03-08T16:10:10.0465145Z       href="http://localhost:8080/resources/ng770/admin/keycloak.v2/assets/PermissionTab-CIKqlXCr.css"
Admin UI E2E (4, chrome)	Run Cypress	2025-03-08T16:10:10.0465583Z       rel="stylesheet"
Admin UI E2E (4, chrome)	Run Cypress	2025-03-08T16:10:10.0465765Z     />
Admin UI E2E (4, chrome)	Run Cypress	2025-03-08T16:10:10.0465911Z     <link
Admin UI E2E (4, chrome)	Run Cypress	2025-03-08T16:10:10.0466070Z       crossorigin=""
Admin UI E2E (4, chrome)	Run Cypress	2025-03-08T16:10:10.0466505Z       href="http://localhost:8080/resources/ng770/admin/keycloak.v2/assets/DropdownPanel-Dur9M3jN.css"
Admin UI E2E (4, chrome)	Run Cypress	2025-03-08T16:10:10.0466932Z       rel="stylesheet"
Admin UI E2E (4, chrome)	Run Cypress	2025-03-08T16:10:10.0467119Z     />
Admin UI E2E (4, chrome)	Run Cypress	2025-03-08T16:10:10.0467265Z     <link
Admin UI E2E (4, chrome)	Run Cypress	2025-03-08T16:10:10.0467425Z       crossorigin=""
Admin UI E2E (4, chrome)	Run Cypress	2025-03-08T16:10:10.0468061Z       href="http://localhost:8080/resources/ng770/admin/keycloak.v2/assets/user-section-DQytkT-6.css"
Admin UI E2E (4, chrome)	Run Cypress	2025-03-08T16:10:10.0468498Z       rel="stylesheet"
Admin UI E2E (4, chrome)	Run Cypress	2025-03-08T16:10:10.0468681Z     />
Admin UI E2E (4, chrome)	Run Cypress	2025-03-08T16:10:10.0468830Z     <link
Admin UI E2E (4, chrome)	Run Cypress	2025-03-08T16:10:10.0468990Z       crossorigin=""
Admin UI E2E (4, chrome)	Run Cypress	2025-03-08T16:10:10.0469430Z       href="http://localhost:8080/resources/ng770/admin/keycloak.v2/assets/DatePicker-BNaUop93.css"
Admin UI E2E (4, chrome)	Run Cypress	2025-03-08T16:10:10.0469853Z       rel="stylesheet"
Admin UI E2E (4, chrome)	Run Cypress	2025-03-08T16:10:10.0470034Z     />
Admin UI E2E (4, chrome)	Run Cypress	2025-03-08T16:10:10.0470185Z     <link
Admin UI E2E (4, chrome)	Run Cypress	2025-03-08T16:10:10.0470342Z       crossorigin=""
Admin UI E2E (4, chrome)	Run Cypress	2025-03-08T16:10:10.0470770Z       href="http://localhost:8080/resources/ng770/admin/keycloak.v2/assets/AdminEvents-B_cz1hFf.css"
Admin UI E2E (4, chrome)	Run Cypress	2025-03-08T16:10:10.0471185Z       rel="stylesheet"
Admin UI E2E (4, chrome)	Run Cypress	2025-03-08T16:10:10.0471364Z     />
Admin UI E2E (4, chrome)	Run Cypress	2025-03-08T16:10:10.0471515Z     <link
Admin UI E2E (4, chrome)	Run Cypress	2025-03-08T16:10:10.0471859Z       crossorigin=""
Admin UI E2E (4, chrome)	Run Cypress	2025-03-08T16:10:10.0472275Z       href="http://localhost:8080/resources/ng770/admin/keycloak.v2/assets/EditUser-DBs3-mDj.css"
Admin UI E2E (4, chrome)	Run Cypress	2025-03-08T16:10:10.0472812Z       rel="stylesheet"
Admin UI E2E (4, chrome)	Run Cypress	2025-03-08T16:10:10.0472997Z     />
Admin UI E2E (4, chrome)	Run Cypress	2025-03-08T16:10:10.0473150Z   </head>
Admin UI E2E (4, chrome)	Run Cypress	2025-03-08T16:10:10.0473299Z   
Admin UI E2E (4, chrome)	Run Cypress	2025-03-08T16:10:10.0473451Z   
Admin UI E2E (4, chrome)	Run Cypress	2025-03-08T16:10:10.0473599Z   <body
Admin UI E2E (4, chrome)	Run Cypress	2025-03-08T16:10:10.0473774Z     data-page-id="admin"
Admin UI E2E (4, chrome)	Run Cypress	2025-03-08T16:10:10.0473973Z   >
Admin UI E2E (4, chrome)	Run Cypress	2025-03-08T16:10:10.0474119Z     
Admin UI E2E (4, chrome)	Run Cypress	2025-03-08T16:10:10.0474267Z     
Admin UI E2E (4, chrome)	Run Cypress	2025-03-08T16:10:10.0474416Z     <div
Admin UI E2E (4, chrome)	Run Cypress	2025-03-08T16:10:10.0474575Z       id="app"
Admin UI E2E (4, chrome)	Run Cypress	2025-03-08T16:10:10.0474741Z     >
Admin UI E2E (4, chrome)	Run Cypress	2025-03-08T16:10:10.0474889Z       <div
Admin UI E2E (4, chrome)	Run Cypress	2025-03-08T16:10:10.0475208Z         class="pf-v5-l-flex pf-m-space-items-none pf-m-column pf-m-nowrap"
Admin UI E2E (4, chrome)	Run Cypress	2025-03-08T16:10:10.0475551Z         style="height: 100%;"
Admin UI E2E (4, chrome)	Run Cypress	2025-03-08T16:10:10.0475764Z       >
Admin UI E2E (4, chrome)	Run Cypress	2025-03-08T16:10:10.0475919Z         <div
Admin UI E2E (4, chrome)	Run Cypress	2025-03-08T16:10:10.0476082Z           class=""
Admin UI E2E (4, chrome)	Run Cypress	2025-03-08T16:10:10.0476255Z         >
Admin UI E2E (4, chrome)	Run Cypress	2025-03-08T16:10:10.0476416Z           <div
Admin UI E2E (4, chrome)	Run Cypress	2025-03-08T16:10:10.0476672Z             class="pf-v5-c-banner pf-m-gold _banner_1dgp9_2"
Admin UI E2E (4, chrome)	Run Cypress	2025-03-08T16:10:10.0476948Z           >
Admin UI E2E (4, chrome)	Run Cypress	2025-03-08T16:10:10.0477111Z             <span
Admin UI E2E (4, chrome)	Run Cypress	2025-03-08T16:10:10.0477333Z               class="pf-v5-screen-reader"
Admin UI E2E (4, chrome)	Run Cypress	2025-03-08T16:10:10.0477574Z             >
Admin UI E2E (4, chrome)	Run Cypress	2025-03-08T16:10:10.0478325Z               You are logged in as a temporary admin user. To harden security, create a permanent admin account and delete the temporary one.
Admin UI E2E (4, chrome)	Run Cypress	2025-03-08T16:10:10.0478811Z             </span>
Admin UI E2E (4, chrome)	Run Cypress	2025-03-08T16:10:10.0478989Z             <div
Admin UI E2E (4, chrome)	Run Cypress	2025-03-08T16:10:10.0479256Z               class="pf-v5-l-flex pf-m-space-items-sm pf-m-wrap"
Admin UI E2E (4, chrome)	Run Cypress	2025-03-08T16:10:10.0479537Z             >
Admin UI E2E (4, chrome)	Run Cypress	2025-03-08T16:10:10.0479699Z               <div
Admin UI E2E (4, chrome)	Run Cypress	2025-03-08T16:10:10.0479876Z                 class=""
Admin UI E2E (4, chrome)	Run Cypress	2025-03-08T16:10:10.0480116Z                 style="white-space: normal;"
Admin UI E2E (4, chrome)	Run Cypress	2025-03-08T16:10:10.0480349Z               >
Admin UI E2E (4, chrome)	Run Cypress	2025-03-08T16:10:10.0480520Z                 <svg
Admin UI E2E (4, chrome)	Run Cypress	2025-03-08T16:10:10.0480737Z                   aria-hidden="true"
Admin UI E2E (4, chrome)	Run Cypress	2025-03-08T16:10:10.0480993Z                   class="pf-v5-svg"
Admin UI E2E (4, chrome)	Run Cypress	2025-03-08T16:10:10.0481250Z                   fill="currentColor"
Admin UI E2E (4, chrome)	Run Cypress	2025-03-08T16:10:10.0481503Z                   height="1em"
Admin UI E2E (4, chrome)	Run Cypress	2025-03-08T16:10:10.0481718Z                   role="img"
Admin UI E2E (4, chrome)	Run Cypress	2025-03-08T16:10:10.0481969Z                   style="margin-right: 0.3rem;"
Admin UI E2E (4, chrome)	Run Cypress	2025-03-08T16:10:10.0482242Z                   viewBox="0 0 576 512"
Admin UI E2E (4, chrome)	Run Cypress	2025-03-08T16:10:10.0482477Z                   width="1em"
Admin UI E2E (4, chrome)	Run Cypress	2025-03-08T16:10:10.0482676Z                 >
Admin UI E2E (4, chrome)	Run Cypress	2025-03-08T16:10:10.0482846Z                   <path
Admin UI E2E (4, chrome)	Run Cypress	2025-03-08T16:10:10.0484141Z                     d="M569.517 440.013C587.975 472.007 564.806 512 527.94 512H48.054c-36.937 0-59.999-40.055-41.577-71.987L246.423 23.985c18.467-32.009 64.72-31.951 83.154 0l239.94 416.028zM288 354c-25.405 0-46 20.595-46 46s20.595 46 46 46 46-20.595 46-46-20.595-46-46-46zm-43.673-165.346l7.418 136c.347 6.364 5.609 11.346 11.982 11.346h48.546c6.373 0 11.635-4.982 11.982-11.346l7.418-136c.375-6.874-5.098-12.654-11.982-12.654h-63.383c-6.884 0-12.356 5.78-11.981 12.654z"
Admin UI E2E (4, chrome)	Run Cypress	2025-03-08T16:10:10.0485246Z                   />
Admin UI E2E (4, chrome)	Run Cypress	2025-03-08T16:10:10.0485423Z                 </svg>
Admin UI E2E (4, chrome)	Run Cypress	2025-03-08T16:10:10.0485947Z                 You are logged in as a temporary admin user. To harden security, create a permanent admin account and delete the temporary one.
Admin UI E2E (4, chrome)	Run Cypress	2025-03-08T16:10:10.0486426Z               </div>
Admin UI E2E (4, chrome)	Run Cypress	2025-03-08T16:10:10.0486603Z             </div>
Admin UI E2E (4, chrome)	Run Cypress	2025-03-08T16:10:10.0486770Z           </div>
Admin UI E2E (4, chrome)	Run Cypress	2025-03-08T16:10:10.0486937Z         </div>
Admin UI E2E (4, chrome)	Run Cypress	2025-03-08T16:10:10.0487101Z         <div
Admin UI E2E (4, chrome)	Run Cypress	2025-03-08T16:10:10.0487276Z           class="pf-m-grow"
Admin UI E2E (4, chrome)	Run Cypress	2025-03-08T16:10:10.0487517Z           style="min-height: 0px;"
Admin UI E2E (4, chrome)	Run Cypress	2025-03-08T16:10:10.0487894Z         >
Admin UI E2E (4, chrome)	Run Cypress	2025-03-08T16:10:10.0488088Z           <div
Admin UI E2E (4, chrome)	Run Cypress	2025-03-08T16:10:10.0488497Z             class="pf-v5-c-page pf-m-resize-observer pf-m-breakpoint-2xl pf-m-height-breakpoint-2xl"
Admin UI E2E (4, chrome)	Run Cypress	2025-03-08T16:10:10.0488896Z           >
Admin UI E2E (4, chrome)	Run Cypress	2025-03-08T16:10:10.0489057Z             <header
Admin UI E2E (4, chrome)	Run Cypress	2025-03-08T16:10:10.0489457Z               class="pf-v5-c-masthead pf-m-display-inline"
Admin UI E2E (4, chrome)	Run Cypress	2025-03-08T16:10:10.0489721Z             >
Admin UI E2E (4, chrome)	Run Cypress	2025-03-08T16:10:10.0489887Z               <span
Admin UI E2E (4, chrome)	Run Cypress	2025-03-08T16:10:10.0490229Z                 class="pf-v5-c-masthead__toggle"
Admin UI E2E (4, chrome)	Run Cypress	2025-03-08T16:10:10.0490484Z               >
Admin UI E2E (4, chrome)	Run Cypress	2025-03-08T16:10:10.0490661Z                 <button
Admin UI E2E (4, chrome)	Run Cypress	2025-03-08T16:10:10.0490882Z                   aria-disabled="false"
Admin UI E2E (4, chrome)	Run Cypress	2025-03-08T16:10:10.0491160Z                   aria-expanded="true"
Admin UI E2E (4, chrome)	Run Cypress	2025-03-08T16:10:10.0491436Z                   aria-label="navigation"
Admin UI E2E (4, chrome)	Run Cypress	2025-03-08T16:10:10.0491736Z                   class="pf-v5-c-button pf-m-plain"
Admin UI E2E (4, chrome)	Run Cypress	2025-03-08T16:10:10.0492116Z                   data-ouia-component-id="OUIA-Generated-Button-plain-1"
Admin UI E2E (4, chrome)	Run Cypress	2025-03-08T16:10:10.0492498Z                   data-ouia-component-type="PF5/Button"
Admin UI E2E (4, chrome)	Run Cypress	2025-03-08T16:10:10.0492793Z                   data-ouia-safe="true"
Admin UI E2E (4, chrome)	Run Cypress	2025-03-08T16:10:10.0493055Z                   id="nav-toggle"
Admin UI E2E (4, chrome)	Run Cypress	2025-03-08T16:10:10.0493298Z                   type="button"
Admin UI E2E (4, chrome)	Run Cypress	2025-03-08T16:10:10.0493510Z                 >
Admin UI E2E (4, chrome)	Run Cypress	2025-03-08T16:10:10.0493687Z                   <svg
Admin UI E2E (4, chrome)	Run Cypress	2025-03-08T16:10:10.0493905Z                     aria-hidden="true"
Admin UI E2E (4, chrome)	Run Cypress	2025-03-08T16:10:10.0494174Z                     class="pf-v5-svg"
Admin UI E2E (4, chrome)	Run Cypress	2025-03-08T16:10:10.0494433Z                     fill="currentColor"
Admin UI E2E (4, chrome)	Run Cypress	2025-03-08T16:10:10.0494686Z                     height="1em"
Admin UI E2E (4, chrome)	Run Cypress	2025-03-08T16:10:10.0494924Z                     role="img"
Admin UI E2E (4, chrome)	Run Cypress	2025-03-08T16:10:10.0495158Z                     viewBox="0 0 448 512"
Admin UI E2E (4, chrome)	Run Cypress	2025-03-08T16:10:10.0495408Z                     width="1em"
Admin UI E2E (4, chrome)	Run Cypress	2025-03-08T16:10:10.0495606Z                   >
Admin UI E2E (4, chrome)	Run Cypress	2025-03-08T16:10:10.0495785Z                     <path
Admin UI E2E (4, chrome)	Run Cypress	2025-03-08T16:10:10.0497092Z                       d="M16 132h416c8.837 0 16-7.163 16-16V76c0-8.837-7.163-16-16-16H16C7.163 60 0 67.163 0 76v40c0 8.837 7.163 16 16 16zm0 160h416c8.837 0 16-7.163 16-16v-40c0-8.837-7.163-16-16-16H16c-8.837 0-16 7.163-16 16v40c0 8.837 7.163 16 16 16zm0 160h416c8.837 0 16-7.163 16-16v-40c0-8.837-7.163-16-16-16H1...[0m[90m
Admin UI E2E (4, chrome)	Run Cypress	2025-03-08T16:10:10.0498464Z       at Context.eval (webpack://@keycloak/keycloak-admin-ui/./cypress/support/pages/admin-ui/manage/users/UserGroupsPage.ts:32:0)
Admin UI E2E (4, chrome)	Run Cypress	2025-03-08T16:10:10.0499181Z       at getRet (http://localhost:8080/__cypress/runner/cypress_runner.js:118322:20)
Admin UI E2E (4, chrome)	Run Cypress	2025-03-08T16:10:10.0499714Z       at tryCatcher (http://localhost:8080/__cypress/runner/cypress_runner.js:1777:23)
Admin UI E2E (4, chrome)	Run Cypress	2025-03-08T16:10:10.0500386Z       at Promise.attempt.Promise.try (http://localhost:8080/__cypress/runner/cypress_runner.js:4285:29)
Admin UI E2E (4, chrome)	Run Cypress	2025-03-08T16:10:10.0501077Z       at Context.thenFn (http://localhost:8080/__cypress/runner/cypress_runner.js:118333:66)
Admin UI E2E (4, chrome)	Run Cypress	2025-03-08T16:10:10.0501635Z       at Context.then (http://localhost:8080/__cypress/runner/cypress_runner.js:118584:21)
Admin UI E2E (4, chrome)	Run Cypress	2025-03-08T16:10:10.0502164Z       at wrapped (http://localhost:8080/__cypress/runner/cypress_runner.js:138835:19)
Admin UI E2E (4, chrome)	Run Cypress	2025-03-08T16:10:10.0502556Z [0m
Admin UI E2E (4, chrome)	Run Cypress	2025-03-08T16:10:10.0502777Z [0m  2) User creation
Admin UI E2E (4, chrome)	Run Cypress	2025-03-08T16:10:10.0502990Z        Leave group test:
Admin UI E2E (4, chrome)	Run Cypress	2025-03-08T16:10:10.0503814Z [0m[31m     AssertionError: Timed out retrying after 30000ms: Unable to find an element by: [data-testid="leave-group_81a107c8-4da7-4a73-95ce-e93c92c429ad"]
Admin UI E2E (4, chrome)	Run Cypress	2025-03-08T16:10:10.0504315Z 
Admin UI E2E (4, chrome)	Run Cypress	2025-03-08T16:10:10.0504460Z Ignored nodes: comments, script, style
Admin UI E2E (4, chrome)	Run Cypress	2025-03-08T16:10:10.0504701Z <html
Admin UI E2E (4, chrome)	Run Cypress	2025-03-08T16:10:10.0504862Z   lang="en"
Admin UI E2E (4, chrome)	Run Cypress	2025-03-08T16:10:10.0505027Z >
Admin UI E2E (4, chrome)	Run Cypress	2025-03-08T16:10:10.0505180Z   <head>
Admin UI E2E (4, chrome)	Run Cypress	2025-03-08T16:10:10.0505330Z      
Admin UI E2E (4, chrome)	Run Cypress	2025-03-08T16:10:10.0505501Z     
Admin UI E2E (4, chrome)	Run Cypress	2025-03-08T16:10:10.0505655Z     
Admin UI E2E (4, chrome)	Run Cypress	2025-03-08T16:10:10.0505805Z     <meta
Admin UI E2E (4, chrome)	Run Cypress	2025-03-08T16:10:10.0505973Z       charset="utf-8"
Admin UI E2E (4, chrome)	Run Cypress	2025-03-08T16:10:10.0506153Z     />
Admin UI E2E (4, chrome)	Run Cypress	2025-03-08T16:10:10.0506308Z     
Admin UI E2E (4, chrome)	Run Cypress	2025-03-08T16:10:10.0506454Z     
Admin UI E2E (4, chrome)	Run Cypress	2025-03-08T16:10:10.0506602Z     <base
Admin UI E2E (4, chrome)	Run Cypress	2025-03-08T16:10:10.0506827Z       href="/resources/ng770/admin/keycloak.v2/"
Admin UI E2E (4, chrome)	Run Cypress	2025-03-08T16:10:10.0507075Z     />
Admin UI E2E (4, chrome)	Run Cypress	2025-03-08T16:10:10.0507226Z     
Admin UI E2E (4, chrome)	Run Cypress	2025-03-08T16:10:10.0507371Z     
Admin UI E2E (4, chrome)	Run Cypress	2025-03-08T16:10:10.0507519Z     <link
Admin UI E2E (4, chrome)	Run Cypress	2025-03-08T16:10:10.0507949Z       href="/resources/ng770/admin/keycloak.v2/favicon.svg"
Admin UI E2E (4, chrome)	Run Cypress	2025-03-08T16:10:10.0508459Z       rel="icon"
Admin UI E2E (4, chrome)	Run Cypress	2025-03-08T16:10:10.0508657Z       type="image/svg+xml"
Admin UI E2E (4, chrome)	Run Cypress	2025-03-08T16:10:10.0508857Z     />
Admin UI E2E (4, chrome)	Run Cypress	2025-03-08T16:10:10.0509126Z     
Admin UI E2E (4, chrome)	Run Cypress	2025-03-08T16:10:10.0509273Z     
Admin UI E2E (4, chrome)	Run Cypress	2025-03-08T16:10:10.0509414Z     <meta
Admin UI E2E (4, chrome)	Run Cypress	2025-03-08T16:10:10.0509651Z       content="width=device-width, initial-scale=1"
Admin UI E2E (4, chrome)	Run Cypress	2025-03-08T16:10:10.0509924Z       name="viewport"
Admin UI E2E (4, chrome)	Run Cypress	2025-03-08T16:10:10.0510105Z     />
Admin UI E2E (4, chrome)	Run Cypress	2025-03-08T16:10:10.0510253Z     
Admin UI E2E (4, chrome)	Run Cypress	2025-03-08T16:10:10.0510392Z     
Admin UI E2E (4, chrome)	Run Cypress	2025-03-08T16:10:10.0510539Z     <meta
Admin UI E2E (4, chrome)	Run Cypress	2025-03-08T16:10:10.0510708Z       content="light dark"
Admin UI E2E (4, chrome)	Run Cypress	2025-03-08T16:10:10.0510932Z       name="color-scheme"
Admin UI E2E (4, chrome)	Run Cypress	2025-03-08T16:10:10.0511129Z     />
Admin UI E2E (4, chrome)	Run Cypress	2025-03-08T16:10:10.0511312Z     
Admin UI E2E (4, chrome)	Run Cypress	2025-03-08T16:10:10.0511462Z     
Admin UI E2E (4, chrome)	Run Cypress	2025-03-08T16:10:10.0511612Z     <meta
Admin UI E2E (4, chrome)	Run Cypress	2025-03-08T16:10:10.0512018Z       content="The Keycloak Administration Console is a web-based interface for managing Keycloak."
Admin UI E2E (4, chrome)	Run Cypress	2025-03-08T16:10:10.0512444Z       name="description"
Admin UI E2E (4, chrome)	Run Cypress	2025-03-08T16:10:10.0512636Z     />
Admin UI E2E (4, chrome)	Run Cypress	2025-03-08T16:10:10.0512787Z     
Admin UI E2E (4, chrome)	Run Cypress	2025-03-08T16:10:10.0512932Z     
Admin UI E2E (4, chrome)	Run Cypress	2025-03-08T16:10:10.0513085Z     <title>
Admin UI E2E (4, chrome)	Run Cypress	2025-03-08T16:10:10.0513291Z       Keycloak Administration Console
Admin UI E2E (4, chrome)	Run Cypress	2025-03-08T16:10:10.0513532Z     </title>
Admin UI E2E (4, chrome)	Run Cypress	2025-03-08T16:10:10.0513693Z     
Admin UI E2E (4, chrome)	Run Cypress	2025-03-08T16:10:10.0513843Z     
Admin UI E2E (4, chrome)	Run Cypress	2025-03-08T16:10:10.0513991Z     
Admin UI E2E (4, chrome)	Run Cypress	2025-03-08T16:10:10.0514139Z     
Admin UI E2E (4, chrome)	Run Cypress	2025-03-08T16:10:10.0514284Z     
Admin UI E2E (4, chrome)	Run Cypress	2025-03-08T16:10:10.0514433Z       
Admin UI E2E (4, chrome)	Run Cypress	2025-03-08T16:10:10.0514580Z     
Admin UI E2E (4, chrome)	Run Cypress	2025-03-08T16:10:10.0514735Z         
Admin UI E2E (4, chrome)	Run Cypress	2025-03-08T16:10:10.0525217Z     <link
Admin UI E2E (4, chrome)	Run Cypress	2025-03-08T16:10:10.0525743Z       href="/resources/ng770/admin/keycloak.v2/assets/main-IJA3XvSh.css"
Admin UI E2E (4, chrome)	Run Cypress	2025-03-08T16:10:10.0526270Z       rel="stylesheet"
Admin UI E2E (4, chrome)	Run Cypress	2025-03-08T16:10:10.0526549Z     />
Admin UI E2E (4, chrome)	Run Cypress	2025-03-08T16:10:10.0526779Z     
Admin UI E2E (4, chrome)	Run Cypress	2025-03-08T16:10:10.0526997Z       
Admin UI E2E (4, chrome)	Run Cypress	2025-03-08T16:10:10.0527226Z     
Admin UI E2E (4, chrome)	Run Cypress	2025-03-08T16:10:10.0527452Z   
Admin UI E2E (4, chrome)	Run Cypress	2025-03-08T16:10:10.0527687Z     <link
Admin UI E2E (4, chrome)	Run Cypress	2025-03-08T16:10:10.0528095Z       crossorigin=""
Admin UI E2E (4, chrome)	Run Cypress	2025-03-08T16:10:10.0528842Z       href="http://localhost:8080/resources/ng770/admin/keycloak.v2/assets/DataListItemRow-0rnekGZx.css"
Admin UI E2E (4, chrome)	Run Cypress	2025-03-08T16:10:10.0529578Z       rel="stylesheet"
Admin UI E2E (4, chrome)	Run Cypress	2025-03-08T16:10:10.0529869Z     />
Admin UI E2E (4, chrome)	Run Cypress	2025-03-08T16:10:10.0530116Z     <link
Admin UI E2E (4, chrome)	Run Cypress	2025-03-08T16:10:10.0530376Z       crossorigin=""
Admin UI E2E (4, chrome)	Run Cypress	2025-03-08T16:10:10.0531130Z       href="http://localhost:8080/resources/ng770/admin/keycloak.v2/assets/GroupPickerDialog-Dl_Lyzxi.css"
Admin UI E2E (4, chrome)	Run Cypress	2025-03-08T16:10:10.0531847Z       rel="stylesheet"
Admin UI E2E (4, chrome)	Run Cypress	2025-03-08T16:10:10.0532142Z     />
Admin UI E2E (4, chrome)	Run Cypress	2025-03-08T16:10:10.0532387Z     <link
Admin UI E2E (4, chrome)	Run Cypress	2025-03-08T16:10:10.0532644Z       crossorigin=""
Admin UI E2E (4, chrome)	Run Cypress	2025-03-08T16:10:10.0533333Z       href="http://localhost:8080/resources/ng770/admin/keycloak.v2/assets/KeySelect-BJe01BGx.css"
Admin UI E2E (4, chrome)	Run Cypress	2025-03-08T16:10:10.0533968Z       rel="stylesheet"
Admin UI E2E (4, chrome)	Run Cypress	2025-03-08T16:10:10.0534259Z     />
Admin UI E2E (4, chrome)	Run Cypress	2025-03-08T16:10:10.0534497Z     <link
Admin UI E2E (4, chrome)	Run Cypress	2025-03-08T16:10:10.0534749Z       crossorigin=""
Admin UI E2E (4, chrome)	Run Cypress	2025-03-08T16:10:10.0535458Z       href="http://localhost:8080/resources/ng770/admin/keycloak.v2/assets/AddRoleMappingModal-Cz6tDcfR.css"
Admin UI E2E (4, chrome)	Run Cypress	2025-03-08T16:10:10.0535963Z       rel="stylesheet"
Admin UI E2E (4, chrome)	Run Cypress	2025-03-08T16:10:10.0536158Z     />
Admin UI E2E (4, chrome)	Run Cypress	2025-03-08T16:10:10.0536318Z     <link
Admin UI E2E (4, chrome)	Run Cypress	2025-03-08T16:10:10.0536486Z       crossorigin=""
Admin UI E2E (4, chrome)	Run Cypress	2025-03-08T16:10:10.0536977Z       href="http://localhost:8080/resources/ng770/admin/keycloak.v2/assets/DynamicComponents-DniN0CZn.css"
Admin UI E2E (4, chrome)	Run Cypress	2025-03-08T16:10:10.0537439Z       rel="stylesheet"
Admin UI E2E (4, chrome)	Run Cypress	2025-03-08T16:10:10.0537620Z     />
Admin UI E2E (4, chrome)	Run Cypress	2025-03-08T16:10:10.0537992Z     <link
Admin UI E2E (4, chrome)	Run Cypress	2025-03-08T16:10:10.0538229Z       crossorigin=""
Admin UI E2E (4, chrome)	Run Cypress	2025-03-08T16:10:10.0538645Z       href="http://localhost:8080/resources/ng770/admin/keycloak.v2/assets/Tabs-ViNVmBYo.css"
Admin UI E2E (4, chrome)	Run Cypress	2025-03-08T16:10:10.0539041Z       rel="stylesheet"
Admin UI E2E (4, chrome)	Run Cypress	2025-03-08T16:10:10.0539219Z     />
Admin UI E2E (4, chrome)	Run Cypress	2025-03-08T16:10:10.0539371Z     <link
Admin UI E2E (4, chrome)	Run Cypress	2025-03-08T16:10:10.0539535Z       crossorigin=""
Admin UI E2E (4, chrome)	Run Cypress	2025-03-08T16:10:10.0539988Z       href="http://localhost:8080/resources/ng770/admin/keycloak.v2/assets/ExpandableSection-Bbwii8N8.css"
Admin UI E2E (4, chrome)	Run Cypress	2025-03-08T16:10:10.0540431Z       rel="stylesheet"
Admin UI E2E (4, chrome)	Run Cypress	2025-03-08T16:10:10.0540605Z     />
Admin UI E2E (4, chrome)	Run Cypress	2025-03-08T16:10:10.0540756Z     <link
Admin UI E2E (4, chrome)	Run Cypress	2025-03-08T16:10:10.0541109Z       crossorigin=""
Admin UI E2E (4, chrome)	Run Cypress	2025-03-08T16:10:10.0541569Z       href="http://localhost:8080/resources/ng770/admin/keycloak.v2/assets/DescriptionListTerm-DesQLGah.css"
Admin UI E2E (4, chrome)	Run Cypress	2025-03-08T16:10:10.0542134Z       rel="stylesheet"
Admin UI E2E (4, chrome)	Run Cypress	2025-03-08T16:10:10.0542315Z     />
Admin UI E2E (4, chrome)	Run Cypress	2025-03-08T16:10:10.0542461Z     <link
Admin UI E2E (4, chrome)	Run Cypress	2025-03-08T16:10:10.0542623Z       crossorigin=""
Admin UI E2E (4, chrome)	Run Cypress	2025-03-08T16:10:10.0543026Z       href="http://localhost:8080/resources/ng770/admin/keycloak.v2/assets/Label-BQ4UG0pQ.css"
Admin UI E2E (4, chrome)	Run Cypress	2025-03-08T16:10:10.0543426Z       rel="stylesheet"
Admin UI E2E (4, chrome)	Run Cypress	2025-03-08T16:10:10.0543607Z     />
Admin UI E2E (4, chrome)	Run Cypress	2025-03-08T16:10:10.0543753Z     <link
Admin UI E2E (4, chrome)	Run Cypress	2025-03-08T16:10:10.0543913Z       crossorigin=""
Admin UI E2E (4, chrome)	Run Cypress	2025-03-08T16:10:10.0544328Z       href="http://localhost:8080/resources/ng770/admin/keycloak.v2/assets/Dashboard-D322USTx.css"
Admin UI E2E (4, chrome)	Run Cypress	2025-03-08T16:10:10.0544735Z       rel="stylesheet"
Admin UI E2E (4, chrome)	Run Cypress	2025-03-08T16:10:10.0544916Z     />
Admin UI E2E (4, chrome)	Run Cypress	2025-03-08T16:10:10.0545062Z     <link
Admin UI E2E (4, chrome)	Run Cypress	2025-03-08T16:10:10.0545226Z       crossorigin=""
Admin UI E2E (4, chrome)	Run Cypress	2025-03-08T16:10:10.0545645Z       href="http://localhost:8080/resources/ng770/admin/keycloak.v2/assets/ViewHeader-BI0nMf5o.css"
Admin UI E2E (4, chrome)	Run Cypress	2025-03-08T16:10:10.0546065Z       rel="stylesheet"
Admin UI E2E (4, chrome)	Run Cypress	2025-03-08T16:10:10.0546251Z     />
Admin UI E2E (4, chrome)	Run Cypress	2025-03-08T16:10:10.0546409Z     <link
Admin UI E2E (4, chrome)	Run Cypress	2025-03-08T16:10:10.0546568Z       crossorigin=""
Admin UI E2E (4, chrome)	Run Cypress	2025-03-08T16:10:10.0547009Z       href="http://localhost:8080/resources/ng770/admin/keycloak.v2/assets/PermissionTab-CIKqlXCr.css"
Admin UI E2E (4, chrome)	Run Cypress	2025-03-08T16:10:10.0547441Z       rel="stylesheet"
Admin UI E2E (4, chrome)	Run Cypress	2025-03-08T16:10:10.0547624Z     />
Admin UI E2E (4, chrome)	Run Cypress	2025-03-08T16:10:10.0547906Z     <link
Admin UI E2E (4, chrome)	Run Cypress	2025-03-08T16:10:10.0548065Z       crossorigin=""
Admin UI E2E (4, chrome)	Run Cypress	2025-03-08T16:10:10.0548493Z       href="http://localhost:8080/resources/ng770/admin/keycloak.v2/assets/DropdownPanel-Dur9M3jN.css"
Admin UI E2E (4, chrome)	Run Cypress	2025-03-08T16:10:10.0548921Z       rel="stylesheet"
Admin UI E2E (4, chrome)	Run Cypress	2025-03-08T16:10:10.0549101Z     />
Admin UI E2E (4, chrome)	Run Cypress	2025-03-08T16:10:10.0549251Z     <link
Admin UI E2E (4, chrome)	Run Cypress	2025-03-08T16:10:10.0549406Z       crossorigin=""
Admin UI E2E (4, chrome)	Run Cypress	2025-03-08T16:10:10.0549831Z       href="http://localhost:8080/resources/ng770/admin/keycloak.v2/assets/user-section-DQytkT-6.css"
Admin UI E2E (4, chrome)	Run Cypress	2025-03-08T16:10:10.0550257Z       rel="stylesheet"
Admin UI E2E (4, chrome)	Run Cypress	2025-03-08T16:10:10.0550437Z     />
Admin UI E2E (4, chrome)	Run Cypress	2025-03-08T16:10:10.0550589Z     <link
Admin UI E2E (4, chrome)	Run Cypress	2025-03-08T16:10:10.0550743Z       crossorigin=""
Admin UI E2E (4, chrome)	Run Cypress	2025-03-08T16:10:10.0551167Z       href="http://localhost:8080/resources/ng770/admin/keycloak.v2/assets/DatePicker-BNaUop93.css"
Admin UI E2E (4, chrome)	Run Cypress	2025-03-08T16:10:10.0551583Z       rel="stylesheet"
Admin UI E2E (4, chrome)	Run Cypress	2025-03-08T16:10:10.0551764Z     />
Admin UI E2E (4, chrome)	Run Cypress	2025-03-08T16:10:10.0551919Z     <link
Admin UI E2E (4, chrome)	Run Cypress	2025-03-08T16:10:10.0552078Z       crossorigin=""
Admin UI E2E (4, chrome)	Run Cypress	2025-03-08T16:10:10.0552489Z       href="http://localhost:8080/resources/ng770/admin/keycloak.v2/assets/AdminEvents-B_cz1hFf.css"
Admin UI E2E (4, chrome)	Run Cypress	2025-03-08T16:10:10.0552903Z       rel="stylesheet"
Admin UI E2E (4, chrome)	Run Cypress	2025-03-08T16:10:10.0553083Z     />
Admin UI E2E (4, chrome)	Run Cypress	2025-03-08T16:10:10.0553236Z     <link
Admin UI E2E (4, chrome)	Run Cypress	2025-03-08T16:10:10.0553394Z       crossorigin=""
Admin UI E2E (4, chrome)	Run Cypress	2025-03-08T16:10:10.0553798Z       href="http://localhost:8080/resources/ng770/admin/keycloak.v2/assets/EditUser-DBs3-mDj.css"
Admin UI E2E (4, chrome)	Run Cypress	2025-03-08T16:10:10.0554207Z       rel="stylesheet"
Admin UI E2E (4, chrome)	Run Cypress	2025-03-08T16:10:10.0554391Z     />
Admin UI E2E (4, chrome)	Run Cypress	2025-03-08T16:10:10.0554545Z   </head>
Admin UI E2E (4, chrome)	Run Cypress	2025-03-08T16:10:10.0554705Z   
Admin UI E2E (4, chrome)	Run Cypress	2025-03-08T16:10:10.0554853Z   
Admin UI E2E (4, chrome)	Run Cypress	2025-03-08T16:10:10.0555003Z   <body
Admin UI E2E (4, chrome)	Run Cypress	2025-03-08T16:10:10.0555177Z     data-page-id="admin"
Admin UI E2E (4, chrome)	Run Cypress	2025-03-08T16:10:10.0555389Z   >
Admin UI E2E (4, chrome)	Run Cypress	2025-03-08T16:10:10.0555541Z     
Admin UI E2E (4, chrome)	Run Cypress	2025-03-08T16:10:10.0555687Z     
Admin UI E2E (4, chrome)	Run Cypress	2025-03-08T16:10:10.0555840Z     <div
Admin UI E2E (4, chrome)	Run Cypress	2025-03-08T16:10:10.0555999Z       id="app"
Admin UI E2E (4, chrome)	Run Cypress	2025-03-08T16:10:10.0556170Z     >
Admin UI E2E (4, chrome)	Run Cypress	2025-03-08T16:10:10.0556324Z       <div
Admin UI E2E (4, chrome)	Run Cypress	2025-03-08T16:10:10.0556627Z         class="pf-v5-l-flex pf-m-space-items-none pf-m-column pf-m-nowrap"
Admin UI E2E (4, chrome)	Run Cypress	2025-03-08T16:10:10.0556970Z         style="height: 100%;"
Admin UI E2E (4, chrome)	Run Cypress	2025-03-08T16:10:10.0557181Z       >
Admin UI E2E (4, chrome)	Run Cypress	2025-03-08T16:10:10.0557337Z         <div
Admin UI E2E (4, chrome)	Run Cypress	2025-03-08T16:10:10.0557507Z           class=""
Admin UI E2E (4, chrome)	Run Cypress	2025-03-08T16:10:10.0557675Z         >
Admin UI E2E (4, chrome)	Run Cypress	2025-03-08T16:10:10.0557968Z           <div
Admin UI E2E (4, chrome)	Run Cypress	2025-03-08T16:10:10.0558225Z             class="pf-v5-c-banner pf-m-gold _banner_1dgp9_2"
Admin UI E2E (4, chrome)	Run Cypress	2025-03-08T16:10:10.0558496Z           >
Admin UI E2E (4, chrome)	Run Cypress	2025-03-08T16:10:10.0558660Z             <span
Admin UI E2E (4, chrome)	Run Cypress	2025-03-08T16:10:10.0558878Z               class="pf-v5-screen-reader"
Admin UI E2E (4, chrome)	Run Cypress	2025-03-08T16:10:10.0559252Z             >
Admin UI E2E (4, chrome)	Run Cypress	2025-03-08T16:10:10.0559754Z               You are logged in as a temporary admin user. To harden security, create a permanent admin account and delete the temporary one.
Admin UI E2E (4, chrome)	Run Cypress	2025-03-08T16:10:10.0560358Z             </span>
Admin UI E2E (4, chrome)	Run Cypress	2025-03-08T16:10:10.0560533Z             <div
Admin UI E2E (4, chrome)	Run Cypress	2025-03-08T16:10:10.0560801Z               class="pf-v5-l-flex pf-m-space-items-sm pf-m-wrap"
Admin UI E2E (4, chrome)	Run Cypress	2025-03-08T16:10:10.0561079Z             >
Admin UI E2E (4, chrome)	Run Cypress	2025-03-08T16:10:10.0561249Z               <div
Admin UI E2E (4, chrome)	Run Cypress	2025-03-08T16:10:10.0561428Z                 class=""
Admin UI E2E (4, chrome)	Run Cypress	2025-03-08T16:10:10.0561666Z                 style="white-space: normal;"
Admin UI E2E (4, chrome)	Run Cypress	2025-03-08T16:10:10.0561905Z               >
Admin UI E2E (4, chrome)	Run Cypress	2025-03-08T16:10:10.0562070Z                 <svg
Admin UI E2E (4, chrome)	Run Cypress	2025-03-08T16:10:10.0562284Z                   aria-hidden="true"
Admin UI E2E (4, chrome)	Run Cypress	2025-03-08T16:10:10.0562542Z                   class="pf-v5-svg"
Admin UI E2E (4, chrome)	Run Cypress	2025-03-08T16:10:10.0562796Z                   fill="currentColor"
Admin UI E2E (4, chrome)	Run Cypress	2025-03-08T16:10:10.0563049Z                   height="1em"
Admin UI E2E (4, chrome)	Run Cypress	2025-03-08T16:10:10.0563259Z                   role="img"
Admin UI E2E (4, chrome)	Run Cypress	2025-03-08T16:10:10.0563515Z                   style="margin-right: 0.3rem;"
Admin UI E2E (4, chrome)	Run Cypress	2025-03-08T16:10:10.0563787Z                   viewBox="0 0 576 512"
Admin UI E2E (4, chrome)	Run Cypress	2025-03-08T16:10:10.0564023Z                   width="1em"
Admin UI E2E (4, chrome)	Run Cypress	2025-03-08T16:10:10.0564224Z                 >
Admin UI E2E (4, chrome)	Run Cypress	2025-03-08T16:10:10.0564400Z                   <path
Admin UI E2E (4, chrome)	Run Cypress	2025-03-08T16:10:10.0565685Z                     d="M569.517 440.013C587.975 472.007 564.806 512 527.94 512H48.054c-36.937 0-59.999-40.055-41.577-71.987L246.423 23.985c18.467-32.009 64.72-31.951 83.154 0l239.94 416.028zM288 354c-25.405 0-46 20.595-46 46s20.595 46 46 46 46-20.595 46-46-20.595-46-46-46zm-43.673-165.346l7.418 136c.347 6.364 5.609 11.346 11.982 11.346h48.546c6.373 0 11.635-4.982 11.982-11.346l7.418-136c.375-6.874-5.098-12.654-11.982-12.654h-63.383c-6.884 0-12.356 5.78-11.981 12.654z"
Admin UI E2E (4, chrome)	Run Cypress	2025-03-08T16:10:10.0566775Z                   />
Admin UI E2E (4, chrome)	Run Cypress	2025-03-08T16:10:10.0566959Z                 </svg>
Admin UI E2E (4, chrome)	Run Cypress	2025-03-08T16:10:10.0567478Z                 You are logged in as a temporary admin user. To harden security, create a permanent admin account and delete the temporary one.
Admin UI E2E (4, chrome)	Run Cypress	2025-03-08T16:10:10.0568078Z               </div>
Admin UI E2E (4, chrome)	Run Cypress	2025-03-08T16:10:10.0568258Z             </div>
Admin UI E2E (4, chrome)	Run Cypress	2025-03-08T16:10:10.0568434Z           </div>
Admin UI E2E (4, chrome)	Run Cypress	2025-03-08T16:10:10.0568598Z         </div>
Admin UI E2E (4, chrome)	Run Cypress	2025-03-08T16:10:10.0568765Z         <div
Admin UI E2E (4, chrome)	Run Cypress	2025-03-08T16:10:10.0568948Z           class="pf-m-grow"
Admin UI E2E (4, chrome)	Run Cypress	2025-03-08T16:10:10.0569188Z           style="min-height: 0px;"
Admin UI E2E (4, chrome)	Run Cypress	2025-03-08T16:10:10.0569406Z         >
Admin UI E2E (4, chrome)	Run Cypress	2025-03-08T16:10:10.0569558Z           <div
Admin UI E2E (4, chrome)	Run Cypress	2025-03-08T16:10:10.0569961Z             class="pf-v5-c-page pf-m-resize-observer pf-m-breakpoint-2xl pf-m-height-breakpoint-2xl"
Admin UI E2E (4, chrome)	Run Cypress	2025-03-08T16:10:10.0570360Z           >
Admin UI E2E (4, chrome)	Run Cypress	2025-03-08T16:10:10.0570526Z             <header
Admin UI E2E (4, chrome)	Run Cypress	2025-03-08T16:10:10.0570782Z               class="pf-v5-c-masthead pf-m-display-inline"
Admin UI E2E (4, chrome)	Run Cypress	2025-03-08T16:10:10.0571044Z             >
Admin UI E2E (4, chrome)	Run Cypress	2025-03-08T16:10:10.0571211Z               <span
Admin UI E2E (4, chrome)	Run Cypress	2025-03-08T16:10:10.0571434Z                 class="pf-v5-c-masthead__toggle"
Admin UI E2E (4, chrome)	Run Cypress	2025-03-08T16:10:10.0571680Z               >
Admin UI E2E (4, chrome)	Run Cypress	2025-03-08T16:10:10.0571856Z                 <button
Admin UI E2E (4, chrome)	Run Cypress	2025-03-08T16:10:10.0572074Z                   aria-disabled="false"
Admin UI E2E (4, chrome)	Run Cypress	2025-03-08T16:10:10.0572346Z                   aria-expanded="true"
Admin UI E2E (4, chrome)	Run Cypress	2025-03-08T16:10:10.0572626Z                   aria-label="navigation"
Admin UI E2E (4, chrome)	Run Cypress	2025-03-08T16:10:10.0572924Z                   class="pf-v5-c-button pf-m-plain"
Admin UI E2E (4, chrome)	Run Cypress	2025-03-08T16:10:10.0573301Z                   data-ouia-component-id="OUIA-Generated-Button-plain-1"
Admin UI E2E (4, chrome)	Run Cypress	2025-03-08T16:10:10.0573684Z                   data-ouia-component-type="PF5/Button"
Admin UI E2E (4, chrome)	Run Cypress	2025-03-08T16:10:10.0573996Z                   data-ouia-safe="true"
Admin UI E2E (4, chrome)	Run Cypress	2025-03-08T16:10:10.0574259Z                   id="nav-toggle"
Admin UI E2E (4, chrome)	Run Cypress	2025-03-08T16:10:10.0574496Z                   type="button"
Admin UI E2E (4, chrome)	Run Cypress	2025-03-08T16:10:10.0574710Z                 >
Admin UI E2E (4, chrome)	Run Cypress	2025-03-08T16:10:10.0574893Z                   <svg
Admin UI E2E (4, chrome)	Run Cypress	2025-03-08T16:10:10.0575118Z                     aria-hidden="true"
Admin UI E2E (4, chrome)	Run Cypress	2025-03-08T16:10:10.0575383Z                     class="pf-v5-svg"
Admin UI E2E (4, chrome)	Run Cypress	2025-03-08T16:10:10.0575640Z                     fill="currentColor"
Admin UI E2E (4, chrome)	Run Cypress	2025-03-08T16:10:10.0576143Z                     height="1em"
Admin UI E2E (4, chrome)	Run Cypress	2025-03-08T16:10:10.0576377Z                     role="img"
Admin UI E2E (4, chrome)	Run Cypress	2025-03-08T16:10:10.0576615Z                     viewBox="0 0 448 512"
Admin UI E2E (4, chrome)	Run Cypress	2025-03-08T16:10:10.0577020Z                     width="1em"
Admin UI E2E (4, chrome)	Run Cypress	2025-03-08T16:10:10.0577218Z                   >
Admin UI E2E (4, chrome)	Run Cypress	2025-03-08T16:10:10.0577405Z                     <path
Admin UI E2E (4, chrome)	Run Cypress	2025-03-08T16:10:10.0579027Z                       d="M16 132h416c8.837 0 16-7.163 16-16V76c0-8.837-7.163-16-16-16H16C7.163 60 0 67.163 0 76v40c0 8.837 7.163 16 16 16zm0 160h416c8.837 0 16-7.163 16-16v-40c0-8.837-7.163-16-16-16H16c-8.837 0-16 7.163-16 16v40c0 8.837 7.163 16 16 16zm0 160h416c8.837 0 16-7.163 16-16v-40c0-8.837-7.163-16-16-16H1...[0m[90m
Admin UI E2E (4, chrome)	Run Cypress	2025-03-08T16:10:10.0580105Z       at Context.eval (webpack://@keycloak/keycloak-admin-ui/./cypress/e2e/users_test.spec.ts:198:0)
Admin UI E2E (4, chrome)	Run Cypress	2025-03-08T16:10:10.0580552Z [0m
Admin UI E2E (4, chrome)	Run Cypress	2025-03-08T16:10:10.0580773Z [0m  3) User creation
Admin UI E2E (4, chrome)	Run Cypress	2025-03-08T16:10:10.0581023Z        search and leave group:
Admin UI E2E (4, chrome)	Run Cypress	2025-03-08T16:10:10.0581732Z [0m[31m     AssertionError: Timed out retrying after 30000ms: Unable to find an element by: [data-testid="table-search-input"]
Admin UI E2E (4, chrome)	Run Cypress	2025-03-08T16:10:10.0582152Z 
Admin UI E2E (4, chrome)	Run Cypress	2025-03-08T16:10:10.0582302Z Ignored nodes: comments, script, style
Admin UI E2E (4, chrome)	Run Cypress	2025-03-08T16:10:10.0582546Z <html
Admin UI E2E (4, chrome)	Run Cypress	2025-03-08T16:10:10.0582711Z   lang="en"
Admin UI E2E (4, chrome)	Run Cypress	2025-03-08T16:10:10.0582879Z >
Admin UI E2E (4, chrome)	Run Cypress	2025-03-08T16:10:10.0583033Z   <head>
Admin UI E2E (4, chrome)	Run Cypress	2025-03-08T16:10:10.0583189Z      
Admin UI E2E (4, chrome)	Run Cypress	2025-03-08T16:10:10.0583340Z     
Admin UI E2E (4, chrome)	Run Cypress	2025-03-08T16:10:10.0583490Z     
Admin UI E2E (4, chrome)	Run Cypress	2025-03-08T16:10:10.0583634Z     <meta
Admin UI E2E (4, chrome)	Run Cypress	2025-03-08T16:10:10.0583805Z       charset="utf-8"
Admin UI E2E (4, chrome)	Run Cypress	2025-03-08T16:10:10.0583993Z     />
Admin UI E2E (4, chrome)	Run Cypress	2025-03-08T16:10:10.0584147Z     
Admin UI E2E (4, chrome)	Run Cypress	2025-03-08T16:10:10.0584296Z     
Admin UI E2E (4, chrome)	Run Cypress	2025-03-08T16:10:10.0584442Z     <base
Admin UI E2E (4, chrome)	Run Cypress	2025-03-08T16:10:10.0584668Z       href="/resources/ng770/admin/keycloak.v2/"
Admin UI E2E (4, chrome)	Run Cypress	2025-03-08T16:10:10.0584922Z     />
Admin UI E2E (4, chrome)	Run Cypress	2025-03-08T16:10:10.0585074Z     
Admin UI E2E (4, chrome)	Run Cypress	2025-03-08T16:10:10.0585229Z     
Admin UI E2E (4, chrome)	Run Cypress	2025-03-08T16:10:10.0585378Z     <link
Admin UI E2E (4, chrome)	Run Cypress	2025-03-08T16:10:10.0585642Z       href="/resources/ng770/admin/keycloak.v2/favicon.svg"
Admin UI E2E (4, chrome)	Run Cypress	2025-03-08T16:10:10.0585935Z       rel="icon"
Admin UI E2E (4, chrome)	Run Cypress	2025-03-08T16:10:10.0586125Z       type="image/svg+xml"
Admin UI E2E (4, chrome)	Run Cypress	2025-03-08T16:10:10.0586327Z     />
Admin UI E2E (4, chrome)	Run Cypress	2025-03-08T16:10:10.0586479Z     
Admin UI E2E (4, chrome)	Run Cypress	2025-03-08T16:10:10.0586628Z     
Admin UI E2E (4, chrome)	Run Cypress	2025-03-08T16:10:10.0586777Z     <meta
Admin UI E2E (4, chrome)	Run Cypress	2025-03-08T16:10:10.0587004Z       content="width=device-width, initial-scale=1"
Admin UI E2E (4, chrome)	Run Cypress	2025-03-08T16:10:10.0587272Z       name="viewport"
Admin UI E2E (4, chrome)	Run Cypress	2025-03-08T16:10:10.0587453Z     />
Admin UI E2E (4, chrome)	Run Cypress	2025-03-08T16:10:10.0587605Z     
Admin UI E2E (4, chrome)	Run Cypress	2025-03-08T16:10:10.0588023Z     
Admin UI E2E (4, chrome)	Run Cypress	2025-03-08T16:10:10.0588187Z     <meta
Admin UI E2E (4, chrome)	Run Cypress	2025-03-08T16:10:10.0588361Z       content="light dark"
Admin UI E2E (4, chrome)	Run Cypress	2025-03-08T16:10:10.0588578Z       name="color-scheme"
Admin UI E2E (4, chrome)	Run Cypress	2025-03-08T16:10:10.0588776Z     />
Admin UI E2E (4, chrome)	Run Cypress	2025-03-08T16:10:10.0588926Z     
Admin UI E2E (4, chrome)	Run Cypress	2025-03-08T16:10:10.0589072Z     
Admin UI E2E (4, chrome)	Run Cypress	2025-03-08T16:10:10.0589221Z     <meta
Admin UI E2E (4, chrome)	Run Cypress	2025-03-08T16:10:10.0589619Z       content="The Keycloak Administration Console is a web-based interface for managing Keycloak."
Admin UI E2E (4, chrome)	Run Cypress	2025-03-08T16:10:10.0590046Z       name="description"
Admin UI E2E (4, chrome)	Run Cypress	2025-03-08T16:10:10.0590245Z     />
Admin UI E2E (4, chrome)	Run Cypress	2025-03-08T16:10:10.0590404Z     
Admin UI E2E (4, chrome)	Run Cypress	2025-03-08T16:10:10.0590551Z     
Admin UI E2E (4, chrome)	Run Cypress	2025-03-08T16:10:10.0590696Z     <title>
Admin UI E2E (4, chrome)	Run Cypress	2025-03-08T16:10:10.0590910Z       Keycloak Administration Console
Admin UI E2E (4, chrome)	Run Cypress	2025-03-08T16:10:10.0591172Z     </title>
Admin UI E2E (4, chrome)	Run Cypress	2025-03-08T16:10:10.0591333Z     
Admin UI E2E (4, chrome)	Run Cypress	2025-03-08T16:10:10.0591479Z     
Admin UI E2E (4, chrome)	Run Cypress	2025-03-08T16:10:10.0591620Z     
Admin UI E2E (4, chrome)	Run Cypress	2025-03-08T16:10:10.0591764Z     
Admin UI E2E (4, chrome)	Run Cypress	2025-03-08T16:10:10.0591909Z     
Admin UI E2E (4, chrome)	Run Cypress	2025-03-08T16:10:10.0592053Z       
Admin UI E2E (4, chrome)	Run Cypress	2025-03-08T16:10:10.0592202Z     
Admin UI E2E (4, chrome)	Run Cypress	2025-03-08T16:10:10.0592344Z         
Admin UI E2E (4, chrome)	Run Cypress	2025-03-08T16:10:10.0592497Z     <link
Admin UI E2E (4, chrome)	Run Cypress	2025-03-08T16:10:10.0592796Z       href="/resources/ng770/admin/keycloak.v2/assets/main-IJA3XvSh.css"
Admin UI E2E (4, chrome)	Run Cypress	2025-03-08T16:10:10.0593129Z       rel="stylesheet"
Admin UI E2E (4, chrome)	Run Cypress	2025-03-08T16:10:10.0593314Z     />
Admin UI E2E (4, chrome)	Run Cypress	2025-03-08T16:10:10.0593460Z     
Admin UI E2E (4, chrome)	Run Cypress	2025-03-08T16:10:10.0593606Z       
Admin UI E2E (4, chrome)	Run Cypress	2025-03-08T16:10:10.0593754Z     
Admin UI E2E (4, chrome)	Run Cypress	2025-03-08T16:10:10.0593901Z   
Admin UI E2E (4, chrome)	Run Cypress	2025-03-08T16:10:10.0594051Z     <link
Admin UI E2E (4, chrome)	Run Cypress	2025-03-08T16:10:10.0594210Z       crossorigin=""
Admin UI E2E (4, chrome)	Run Cypress	2025-03-08T16:10:10.0594669Z       href="http://localhost:8080/resources/ng770/admin/keycloak.v2/assets/DataListItemRow-0rnekGZx.css"
Admin UI E2E (4, chrome)	Run Cypress	2025-03-08T16:10:10.0595387Z       rel="stylesheet"
Admin UI E2E (4, chrome)	Run Cypress	2025-03-08T16:10:10.0595570Z     />
Admin UI E2E (4, chrome)	Run Cypress	2025-03-08T16:10:10.0595722Z     <link
Admin UI E2E (4, chrome)	Run Cypress	2025-03-08T16:10:10.0595991Z       crossorigin=""
Admin UI E2E (4, chrome)	Run Cypress	2025-03-08T16:10:10.0596454Z       href="http://localhost:8080/resources/ng770/admin/keycloak.v2/assets/GroupPickerDialog-Dl_Lyzxi.css"
Admin UI E2E (4, chrome)	Run Cypress	2025-03-08T16:10:10.0596903Z       rel="stylesheet"
Admin UI E2E (4, chrome)	Run Cypress	2025-03-08T16:10:10.0597084Z     />
Admin UI E2E (4, chrome)	Run Cypress	2025-03-08T16:10:10.0597235Z     <link
Admin UI E2E (4, chrome)	Run Cypress	2025-03-08T16:10:10.0597391Z       crossorigin=""
Admin UI E2E (4, chrome)	Run Cypress	2025-03-08T16:10:10.0597941Z       href="http://localhost:8080/resources/ng770/admin/keycloak.v2/assets/KeySelect-BJe01BGx.css"
Admin UI E2E (4, chrome)	Run Cypress	2025-03-08T16:10:10.0598359Z       rel="stylesheet"
Admin UI E2E (4, chrome)	Run Cypress	2025-03-08T16:10:10.0598548Z     />
Admin UI E2E (4, chrome)	Run Cypress	2025-03-08T16:10:10.0598704Z     <link
Admin UI E2E (4, chrome)	Run Cypress	2025-03-08T16:10:10.0598863Z       crossorigin=""
Admin UI E2E (4, chrome)	Run Cypress	2025-03-08T16:10:10.0599336Z       href="http://localhost:8080/resources/ng770/admin/keycloak.v2/assets/AddRoleMappingModal-Cz6tDcfR.css"
Admin UI E2E (4, chrome)	Run Cypress	2025-03-08T16:10:10.0599799Z       rel="stylesheet"
Admin UI E2E (4, chrome)	Run Cypress	2025-03-08T16:10:10.0599991Z     />
Admin UI E2E (4, chrome)	Run Cypress	2025-03-08T16:10:10.0600146Z     <link
Admin UI E2E (4, chrome)	Run Cypress	2025-03-08T16:10:10.0600311Z       crossorigin=""
Admin UI E2E (4, chrome)	Run Cypress	2025-03-08T16:10:10.0600757Z       href="http://localhost:8080/resources/ng770/admin/keycloak.v2/assets/DynamicComponents-DniN0CZn.css"
Admin UI E2E (4, chrome)	Run Cypress	2025-03-08T16:10:10.0601212Z       rel="stylesheet"
Admin UI E2E (4, chrome)	Run Cypress	2025-03-08T16:10:10.0601392Z     />
Admin UI E2E (4, chrome)	Run Cypress	2025-03-08T16:10:10.0601543Z     <link
Admin UI E2E (4, chrome)	Run Cypress	2025-03-08T16:10:10.0601709Z       crossorigin=""
Admin UI E2E (4, chrome)	Run Cypress	2025-03-08T16:10:10.0602098Z       href="http://localhost:8080/resources/ng770/admin/keycloak.v2/assets/Tabs-ViNVmBYo.css"
Admin UI E2E (4, chrome)	Run Cypress	2025-03-08T16:10:10.0602498Z       rel="stylesheet"
Admin UI E2E (4, chrome)	Run Cypress	2025-03-08T16:10:10.0602681Z     />
Admin UI E2E (4, chrome)	Run Cypress	2025-03-08T16:10:10.0602833Z     <link
Admin UI E2E (4, chrome)	Run Cypress	2025-03-08T16:10:10.0602996Z       crossorigin=""
Admin UI E2E (4, chrome)	Run Cypress	2025-03-08T16:10:10.0603439Z       href="http://localhost:8080/resources/ng770/admin/keycloak.v2/assets/ExpandableSection-Bbwii8N8.css"
Admin UI E2E (4, chrome)	Run Cypress	2025-03-08T16:10:10.0603883Z       rel="stylesheet"
Admin UI E2E (4, chrome)	Run Cypress	2025-03-08T16:10:10.0604064Z     />
Admin UI E2E (4, chrome)	Run Cypress	2025-03-08T16:10:10.0604216Z     <link
Admin UI E2E (4, chrome)	Run Cypress	2025-03-08T16:10:10.0604384Z       crossorigin=""
Admin UI E2E (4, chrome)	Run Cypress	2025-03-08T16:10:10.0604842Z       href="http://localhost:8080/resources/ng770/admin/keycloak.v2/assets/DescriptionListTerm-DesQLGah.css"
Admin UI E2E (4, chrome)	Run Cypress	2025-03-08T16:10:10.0605299Z       rel="stylesheet"
Admin UI E2E (4, chrome)	Run Cypress	2025-03-08T16:10:10.0605485Z     />
Admin UI E2E (4, chrome)	Run Cypress	2025-03-08T16:10:10.0605641Z     <link
Admin UI E2E (4, chrome)	Run Cypress	2025-03-08T16:10:10.0605807Z       crossorigin=""
Admin UI E2E (4, chrome)	Run Cypress	2025-03-08T16:10:10.0606207Z       href="http://localhost:8080/resources/ng770/admin/keycloak.v2/assets/Label-BQ4UG0pQ.css"
Admin UI E2E (4, chrome)	Run Cypress	2025-03-08T16:10:10.0606601Z       rel="stylesheet"
Admin UI E2E (4, chrome)	Run Cypress	2025-03-08T16:10:10.0606786Z     />
Admin UI E2E (4, chrome)	Run Cypress	2025-03-08T16:10:10.0606941Z     <link
Admin UI E2E (4, chrome)	Run Cypress	2025-03-08T16:10:10.0607108Z       crossorigin=""
Admin UI E2E (4, chrome)	Run Cypress	2025-03-08T16:10:10.0607523Z       href="http://localhost:8080/resources/ng770/admin/keycloak.v2/assets/Dashboard-D322USTx.css"
Admin UI E2E (4, chrome)	Run Cypress	2025-03-08T16:10:10.0608038Z       rel="stylesheet"
Admin UI E2E (4, chrome)	Run Cypress	2025-03-08T16:10:10.0608223Z     />
Admin UI E2E (4, chrome)	Run Cypress	2025-03-08T16:10:10.0608377Z     <link
Admin UI E2E (4, chrome)	Run Cypress	2025-03-08T16:10:10.0608541Z       crossorigin=""
Admin UI E2E (4, chrome)	Run Cypress	2025-03-08T16:10:10.0608962Z       href="http://localhost:8080/resources/ng770/admin/keycloak.v2/assets/ViewHeader-BI0nMf5o.css"
Admin UI E2E (4, chrome)	Run Cypress	2025-03-08T16:10:10.0609383Z       rel="stylesheet"
Admin UI E2E (4, chrome)	Run Cypress	2025-03-08T16:10:10.0609559Z     />
Admin UI E2E (4, chrome)	Run Cypress	2025-03-08T16:10:10.0609715Z     <link
Admin UI E2E (4, chrome)	Run Cypress	2025-03-08T16:10:10.0609887Z       crossorigin=""
Admin UI E2E (4, chrome)	Run Cypress	2025-03-08T16:10:10.0610329Z       href="http://localhost:8080/resources/ng770/admin/keycloak.v2/assets/PermissionTab-CIKqlXCr.css"
Admin UI E2E (4, chrome)	Run Cypress	2025-03-08T16:10:10.0610760Z       rel="stylesheet"
Admin UI E2E (4, chrome)	Run Cypress	2025-03-08T16:10:10.0610937Z     />
Admin UI E2E (4, chrome)	Run Cypress	2025-03-08T16:10:10.0611093Z     <link
Admin UI E2E (4, chrome)	Run Cypress	2025-03-08T16:10:10.0611293Z       crossorigin=""
Admin UI E2E (4, chrome)	Run Cypress	2025-03-08T16:10:10.0611736Z       href="http://localhost:8080/resources/ng770/admin/keycloak.v2/assets/DropdownPanel-Dur9M3jN.css"
Admin UI E2E (4, chrome)	Run Cypress	2025-03-08T16:10:10.0612168Z       rel="stylesheet"
Admin UI E2E (4, chrome)	Run Cypress	2025-03-08T16:10:10.0612345Z     />
Admin UI E2E (4, chrome)	Run Cypress	2025-03-08T16:10:10.0612499Z     <link
Admin UI E2E (4, chrome)	Run Cypress	2025-03-08T16:10:10.0612658Z       crossorigin=""
Admin UI E2E (4, chrome)	Run Cypress	2025-03-08T16:10:10.0613087Z       href="http://localhost:8080/resources/ng770/admin/keycloak.v2/assets/user-section-DQytkT-6.css"
Admin UI E2E (4, chrome)	Run Cypress	2025-03-08T16:10:10.0613523Z       rel="stylesheet"
Admin UI E2E (4, chrome)	Run Cypress	2025-03-08T16:10:10.0613853Z     />
Admin UI E2E (4, chrome)	Run Cypress	2025-03-08T16:10:10.0614003Z     <link
Admin UI E2E (4, chrome)	Run Cypress	2025-03-08T16:10:10.0614167Z       crossorigin=""
Admin UI E2E (4, chrome)	Run Cypress	2025-03-08T16:10:10.0614585Z       href="http://localhost:8080/resources/ng770/admin/keycloak.v2/assets/DatePicker-BNaUop93.css"
Admin UI E2E (4, chrome)	Run Cypress	2025-03-08T16:10:10.0615338Z       rel="stylesheet"
Admin UI E2E (4, chrome)	Run Cypress	2025-03-08T16:10:10.0615523Z     />
Admin UI E2E (4, chrome)	Run Cypress	2025-03-08T16:10:10.0615670Z     <link
Admin UI E2E (4, chrome)	Run Cypress	2025-03-08T16:10:10.0615835Z       crossorigin=""
Admin UI E2E (4, chrome)	Run Cypress	2025-03-08T16:10:10.0616255Z       href="http://localhost:8080/resources/ng770/admin/keycloak.v2/assets/AdminEvents-B_cz1hFf.css"
Admin UI E2E (4, chrome)	Run Cypress	2025-03-08T16:10:10.0616672Z       rel="stylesheet"
Admin UI E2E (4, chrome)	Run Cypress	2025-03-08T16:10:10.0616855Z     />
Admin UI E2E (4, chrome)	Run Cypress	2025-03-08T16:10:10.0617003Z     <link
Admin UI E2E (4, chrome)	Run Cypress	2025-03-08T16:10:10.0617165Z       crossorigin=""
Admin UI E2E (4, chrome)	Run Cypress	2025-03-08T16:10:10.0617573Z       href="http://localhost:8080/resources/ng770/admin/keycloak.v2/assets/EditUser-DBs3-mDj.css"
Admin UI E2E (4, chrome)	Run Cypress	2025-03-08T16:10:10.0618199Z       rel="stylesheet"
Admin UI E2E (4, chrome)	Run Cypress	2025-03-08T16:10:10.0618388Z     />
Admin UI E2E (4, chrome)	Run Cypress	2025-03-08T16:10:10.0618535Z   </head>
Admin UI E2E (4, chrome)	Run Cypress	2025-03-08T16:10:10.0618693Z   
Admin UI E2E (4, chrome)	Run Cypress	2025-03-08T16:10:10.0618852Z   
Admin UI E2E (4, chrome)	Run Cypress	2025-03-08T16:10:10.0619007Z   <body
Admin UI E2E (4, chrome)	Run Cypress	2025-03-08T16:10:10.0619180Z     data-page-id="admin"
Admin UI E2E (4, chrome)	Run Cypress	2025-03-08T16:10:10.0619374Z   >
Admin UI E2E (4, chrome)	Run Cypress	2025-03-08T16:10:10.0619535Z     
Admin UI E2E (4, chrome)	Run Cypress	2025-03-08T16:10:10.0619689Z     
Admin UI E2E (4, chrome)	Run Cypress	2025-03-08T16:10:10.0619843Z     <div
Admin UI E2E (4, chrome)	Run Cypress	2025-03-08T16:10:10.0620009Z       id="app"
Admin UI E2E (4, chrome)	Run Cypress	2025-03-08T16:10:10.0620176Z     >
Admin UI E2E (4, chrome)	Run Cypress	2025-03-08T16:10:10.0620342Z       <div
Admin UI E2E (4, chrome)	Run Cypress	2025-03-08T16:10:10.0620655Z         class="pf-v5-l-flex pf-m-space-items-none pf-m-column pf-m-nowrap"
Admin UI E2E (4, chrome)	Run Cypress	2025-03-08T16:10:10.0620996Z         style="height: 100%;"
Admin UI E2E (4, chrome)	Run Cypress	2025-03-08T16:10:10.0621205Z       >
Admin UI E2E (4, chrome)	Run Cypress	2025-03-08T16:10:10.0621362Z         <div
Admin UI E2E (4, chrome)	Run Cypress	2025-03-08T16:10:10.0621536Z           class=""
Admin UI E2E (4, chrome)	Run Cypress	2025-03-08T16:10:10.0621711Z         >
Admin UI E2E (4, chrome)	Run Cypress	2025-03-08T16:10:10.0621873Z           <div
Admin UI E2E (4, chrome)	Run Cypress	2025-03-08T16:10:10.0622134Z             class="pf-v5-c-banner pf-m-gold _banner_1dgp9_2"
Admin UI E2E (4, chrome)	Run Cypress	2025-03-08T16:10:10.0622422Z           >
Admin UI E2E (4, chrome)	Run Cypress	2025-03-08T16:10:10.0622581Z             <span
Admin UI E2E (4, chrome)	Run Cypress	2025-03-08T16:10:10.0622801Z               class="pf-v5-screen-reader"
Admin UI E2E (4, chrome)	Run Cypress	2025-03-08T16:10:10.0623041Z             >
Admin UI E2E (4, chrome)	Run Cypress	2025-03-08T16:10:10.0623538Z               You are logged in as a temporary admin user. To harden security, create a permanent admin account and delete the temporary one.
Admin UI E2E (4, chrome)	Run Cypress	2025-03-08T16:10:10.0624025Z             </span>
Admin UI E2E (4, chrome)	Run Cypress	2025-03-08T16:10:10.0624200Z             <div
Admin UI E2E (4, chrome)	Run Cypress	2025-03-08T16:10:10.0624466Z               class="pf-v5-l-flex pf-m-space-items-sm pf-m-wrap"
Admin UI E2E (4, chrome)	Run Cypress	2025-03-08T16:10:10.0624746Z             >
Admin UI E2E (4, chrome)	Run Cypress	2025-03-08T16:10:10.0624909Z               <div
Admin UI E2E (4, chrome)	Run Cypress	2025-03-08T16:10:10.0625089Z                 class=""
Admin UI E2E (4, chrome)	Run Cypress	2025-03-08T16:10:10.0625329Z                 style="white-space: normal;"
Admin UI E2E (4, chrome)	Run Cypress	2025-03-08T16:10:10.0625563Z               >
Admin UI E2E (4, chrome)	Run Cypress	2025-03-08T16:10:10.0625734Z                 <svg
Admin UI E2E (4, chrome)	Run Cypress	2025-03-08T16:10:10.0626089Z                   aria-hidden="true"
Admin UI E2E (4, chrome)	Run Cypress	2025-03-08T16:10:10.0626477Z                   class="pf-v5-svg"
Admin UI E2E (4, chrome)	Run Cypress	2025-03-08T16:10:10.0626869Z                   fill="currentColor"
Admin UI E2E (4, chrome)	Run Cypress	2025-03-08T16:10:10.0627256Z                   height="1em"
Admin UI E2E (4, chrome)	Run Cypress	2025-03-08T16:10:10.0627596Z                   role="img"
Admin UI E2E (4, chrome)	Run Cypress	2025-03-08T16:10:10.0628174Z                   style="margin-right: 0.3rem;"
Admin UI E2E (4, chrome)	Run Cypress	2025-03-08T16:10:10.0628633Z                   viewBox="0 0 576 512"
Admin UI E2E (4, chrome)	Run Cypress	2025-03-08T16:10:10.0629029Z                   width="1em"
Admin UI E2E (4, chrome)	Run Cypress	2025-03-08T16:10:10.0629389Z                 >
Admin UI E2E (4, chrome)	Run Cypress	2025-03-08T16:10:10.0629686Z                   <path
Admin UI E2E (4, chrome)	Run Cypress	2025-03-08T16:10:10.0631220Z                     d="M569.517 440.013C587.975 472.007 564.806 512 527.94 512H48.054c-36.937 0-59.999-40.055-41.577-71.987L246.423 23.985c18.467-32.009 64.72-31.951 83.154 0l239.94 416.028zM288 354c-25.405 0-46 20.595-46 46s20.595 46 46 46 46-20.595 46-46-20.595-46-46-46zm-43.673-165.346l7.418 136c.347 6.364 5.609 11.346 11.982 11.346h48.546c6.373 0 11.635-4.982 11.982-11.346l7.418-136c.375-6.874-5.098-12.654-11.982-12.654h-63.383c-6.884 0-12.356 5.78-11.981 12.654z"
Admin UI E2E (4, chrome)	Run Cypress	2025-03-08T16:10:10.0632331Z                   />
Admin UI E2E (4, chrome)	Run Cypress	2025-03-08T16:10:10.0632519Z                 </svg>
Admin UI E2E (4, chrome)	Run Cypress	2025-03-08T16:10:10.0633039Z                 You are logged in as a temporary admin user. To harden security, create a permanent admin account and delete the temporary one.
Admin UI E2E (4, chrome)	Run Cypress	2025-03-08T16:10:10.0633713Z               </div>
Admin UI E2E (4, chrome)	Run Cypress	2025-03-08T16:10:10.0633887Z             </div>
Admin UI E2E (4, chrome)	Run Cypress	2025-03-08T16:10:10.0634173Z           </div>
Admin UI E2E (4, chrome)	Run Cypress	2025-03-08T16:10:10.0634348Z         </div>
Admin UI E2E (4, chrome)	Run Cypress	2025-03-08T16:10:10.0634515Z         <div
Admin UI E2E (4, chrome)	Run Cypress	2025-03-08T16:10:10.0634697Z           class="pf-m-grow"
Admin UI E2E (4, chrome)	Run Cypress	2025-03-08T16:10:10.0634937Z           style="min-height: 0px;"
Admin UI E2E (4, chrome)	Run Cypress	2025-03-08T16:10:10.0635160Z         >
Admin UI E2E (4, chrome)	Run Cypress	2025-03-08T16:10:10.0635321Z           <div
Admin UI E2E (4, chrome)	Run Cypress	2025-03-08T16:10:10.0635724Z             class="pf-v5-c-page pf-m-resize-observer pf-m-breakpoint-2xl pf-m-height-breakpoint-2xl"
Admin UI E2E (4, chrome)	Run Cypress	2025-03-08T16:10:10.0636130Z           >
Admin UI E2E (4, chrome)	Run Cypress	2025-03-08T16:10:10.0636295Z             <header
Admin UI E2E (4, chrome)	Run Cypress	2025-03-08T16:10:10.0636551Z               class="pf-v5-c-masthead pf-m-display-inline"
Admin UI E2E (4, chrome)	Run Cypress	2025-03-08T16:10:10.0636821Z             >
Admin UI E2E (4, chrome)	Run Cypress	2025-03-08T16:10:10.0636987Z               <span
Admin UI E2E (4, chrome)	Run Cypress	2025-03-08T16:10:10.0637217Z                 class="pf-v5-c-masthead__toggle"
Admin UI E2E (4, chrome)	Run Cypress	2025-03-08T16:10:10.0637463Z               >
Admin UI E2E (4, chrome)	Run Cypress	2025-03-08T16:10:10.0637642Z                 <button
Admin UI E2E (4, chrome)	Run Cypress	2025-03-08T16:10:10.0638121Z                   aria-disabled="false"
Admin UI E2E (4, chrome)	Run Cypress	2025-03-08T16:10:10.0638396Z                   aria-expanded="true"
Admin UI E2E (4, chrome)	Run Cypress	2025-03-08T16:10:10.0638673Z                   aria-label="navigation"
Admin UI E2E (4, chrome)	Run Cypress	2025-03-08T16:10:10.0638964Z                   class="pf-v5-c-button pf-m-plain"
Admin UI E2E (4, chrome)	Run Cypress	2025-03-08T16:10:10.0639327Z                   data-ouia-component-id="OUIA-Generated-Button-plain-1"
Admin UI E2E (4, chrome)	Run Cypress	2025-03-08T16:10:10.0639702Z                   data-ouia-component-type="PF5/Button"
Admin UI E2E (4, chrome)	Run Cypress	2025-03-08T16:10:10.0639996Z                   data-ouia-safe="true"
Admin UI E2E (4, chrome)	Run Cypress	2025-03-08T16:10:10.0640252Z                   id="nav-toggle"
Admin UI E2E (4, chrome)	Run Cypress	2025-03-08T16:10:10.0640495Z                   type="button"
Admin UI E2E (4, chrome)	Run Cypress	2025-03-08T16:10:10.0640698Z                 >
Admin UI E2E (4, chrome)	Run Cypress	2025-03-08T16:10:10.0640868Z                   <svg
Admin UI E2E (4, chrome)	Run Cypress	2025-03-08T16:10:10.0641085Z                     aria-hidden="true"
Admin UI E2E (4, chrome)	Run Cypress	2025-03-08T16:10:10.0641342Z                     class="pf-v5-svg"
Admin UI E2E (4, chrome)	Run Cypress	2025-03-08T16:10:10.0641598Z                     fill="currentColor"
Admin UI E2E (4, chrome)	Run Cypress	2025-03-08T16:10:10.0641855Z                     height="1em"
Admin UI E2E (4, chrome)	Run Cypress	2025-03-08T16:10:10.0642080Z                     role="img"
Admin UI E2E (4, chrome)	Run Cypress	2025-03-08T16:10:10.0642315Z                     viewBox="0 0 448 512"
Admin UI E2E (4, chrome)	Run Cypress	2025-03-08T16:10:10.0642573Z                     width="1em"
Admin UI E2E (4, chrome)	Run Cypress	2025-03-08T16:10:10.0642774Z                   >
Admin UI E2E (4, chrome)	Run Cypress	2025-03-08T16:10:10.0642952Z                     <path
Admin UI E2E (4, chrome)	Run Cypress	2025-03-08T16:10:10.0644195Z                       d="M16 132h416c8.837 0 16-7.163 16-16V76c0-8.837-7.163-16-16-16H16C7.163 60 0 67.163 0 76v40c0 8.837 7.163 16 16 16zm0 160h416c8.837 0 16-7.163 16-16v-40c0-8.837-7.163-16-16-16H16c-8.837 0-16 7.163-16 16v40c0 8.837 7.163 16 16 16zm0 160h416c8.837 0 16-7.163 16-16v-40c0-8.837-7.163-16-16-16H1...[0m[90m
Admin UI E2E (4, chrome)	Run Cypress	2025-03-08T16:10:10.0645415Z       at ListingPage._ListingPage_getSearchInput (webpack://@keycloak/keycloak-admin-ui/./cypress/support/pages/admin-ui/ListingPage.ts:391:0)
Admin UI E2E (4, chrome)	Run Cypress	2025-03-08T16:10:10.0646310Z       at ListingPage.searchItem (webpack://@keycloak/keycloak-admin-ui/./cypress/support/pages/admin-ui/ListingPage.ts:96:0)
Admin UI E2E (4, chrome)	Run Cypress	2025-03-08T16:10:10.0647043Z       at Context.eval (webpack://@keycloak/keycloak-admin-ui/./cypress/e2e/users_test.spec.ts:205:0)
Admin UI E2E (4, chrome)	Run Cypress	2025-03-08T16:10:10.0647512Z [0m
Admin UI E2E (4, chrome)	Run Cypress	2025-03-08T16:10:10.0647616Z 
Admin UI E2E (4, chrome)	Run Cypress	2025-03-08T16:10:10.0647625Z 
Admin UI E2E (4, chrome)	Run Cypress	2025-03-08T16:10:11.2495301Z 
Admin UI E2E (4, chrome)	Run Cypress	2025-03-08T16:10:11.2496486Z [31m  ([4m[1mResults[22m[24m)[39m
Admin UI E2E (4, chrome)	Run Cypress	2025-03-08T16:10:11.2501975Z 
Admin UI E2E (4, chrome)	Run Cypress	2025-03-08T16:10:11.2517168Z [90m  ┌[39m[90m─[39m[90m─[39m[90m─[39m[90m─[39m[90m─[39m[90m─[39m[90m─[39m[90m─[39m[90m─[39m[90m─[39m[90m─[39m[90m─[39m[90m─[39m[90m─[39m[90m─[39m[90m─[39m[90m─[39m[90m─[39m[90m─[39m[90m─[39m[90m─[39m[90m─[39m[90m─[39m[90m─[39m[90m─[39m[90m─[39m[90m─[39m[90m─[39m[90m─[39m[90m─[39m[90m─[39m[90m─[39m[90m─[39m[90m─[39m[90m─[39m[90m─[39m[90m─[39m[90m─[39m[90m─[39m[90m─[39m[90m─[39m[90m─[39m[90m─[39m[90m─[39m[90m─[39m[90m─[39m[90m─[39m[90m─[39m[90m─[39m[90m─[39m[90m─[39m[90m─[39m[90m─[39m[90m─[39m[90m─[39m[90m─[39m[90m─[39m[90m─[39m[90m─[39m[90m─[39m[90m─[39m[90m─[39m[90m─[39m[90m─[39m[90m─[39m[90m─[39m[90m─[39m[90m─[39m[90m─[39m[90m─[39m[90m─[39m[90m─[39m[90m─[39m[90m─[39m[90m─[39m[90m─[39m[90m─[39m[90m─[39m[90m─[39m[90m─[39m[90m─[39m[90m─[39m[90m─[39m[90m─[39m[90m─[39m[90m─[39m[90m─[39m[90m─[39m[90m─[39m[90m─[39m[90m─[39m[90m─[39m[90m─[39m[90m─[39m[90m─[39m[90m─[39m[90m┐[39m
Admin UI E2E (4, chrome)	Run Cypress	2025-03-08T16:10:11.2522992Z [90m  │[39m [90mTests:[39m        [31m44[39m                                                                               [90m│[39m
Admin UI E2E (4, chrome)	Run Cypress	2025-03-08T16:10:11.2524446Z [90m  │[39m [90mPassing:[39m      [31m41[39m                                                                               [90m│[39m
Admin UI E2E (4, chrome)	Run Cypress	2025-03-08T16:10:11.2525918Z [90m  │[39m [90mFailing:[39m      [31m3[39m                                                                                [90m│[39m
Admin UI E2E (4, chrome)	Run Cypress	2025-03-08T16:10:11.2527382Z [90m  │[39m [90mPending:[39m      [31m0[39m                                                                                [90m│[39m
Admin UI E2E (4, chrome)	Run Cypress	2025-03-08T16:10:11.2529079Z [90m  │[39m [90mSkipped:[39m      [31m0[39m                                                                                [90m│[39m
Admin UI E2E (4, chrome)	Run Cypress	2025-03-08T16:10:11.2530568Z [90m  │[39m [90mScreenshots:[39m  [31m14[39m                                                                               [90m│[39m
Admin UI E2E (4, chrome)	Run Cypress	2025-03-08T16:10:11.2532031Z [90m  │[39m [90mVideo:[39m        [31mtrue[39m                                                                             [90m│[39m
Admin UI E2E (4, chrome)	Run Cypress	2025-03-08T16:10:11.2533558Z [90m  │[39m [90mDuration:[39m     [31m10 minutes, 31 seconds[39m                                                           [90m│[39m
Admin UI E2E (4, chrome)	Run Cypress	2025-03-08T16:10:11.2535249Z [90m  │[39m [90mSpec Ran:[39m     [31m[31musers_test.spec.ts[31m[39m                                                               [90m│[39m
Admin UI E2E (4, chrome)	Run Cypress	2025-03-08T16:10:11.2542708Z [90m  └[39m[90m─[39m[90m─[39m[90m─[39m[90m─[39m[90m─[39m[90m─[39m[90m─[39m[90m─[39m[90m─[39m[90m─[39m[90m─[39m[90m─[39m[90m─[39m[90m─[39m[90m─[39m[90m─[39m[90m─[39m[90m─[39m[90m─[39m[90m─[39m[90m─[39m[90m─[39m[90m─[39m[90m─[39m[90m─[39m[90m─[39m[90m─[39m[90m─[39m[90m─[39m[90m─[39m[90m─[39m[90m─[39m[90m─[39m[90m─[39m[90m─[39m[90m─[39m[90m─[39m[90m─[39m[90m─[39m[90m─[39m[90m─[39m[90m─[39m[90m─[39m[90m─[39m[90m─[39m[90m─[39m[90m─[39m[90m─[39m[90m─[39m[90m─[39m[90m─[39m[90m─[39m[90m─[39m[90m─[39m[90m─[39m[90m─[39m[90m─[39m[90m─[39m[90m─[39m[90m─[39m[90m─[39m[90m─[39m[90m─[39m[90m─[39m[90m─[39m[90m─[39m[90m─[39m[90m─[39m[90m─[39m[90m─[39m[90m─[39m[90m─[39m[90m─[39m[90m─[39m[90m─[39m[90m─[39m[90m─[39m[90m─[39m[90m─[39m[90m─[39m[90m─[39m[90m─[39m[90m─[39m[90m─[39m[90m─[39m[90m─[39m[90m─[39m[90m─[39m[90m─[39m[90m─[39m[90m─[39m[90m─[39m[90m─[39m[90m─[39m[90m─[39m[90m─[39m[90m┘[39m
Admin UI E2E (4, chrome)	Run Cypress	2025-03-08T16:10:11.2545165Z 
Admin UI E2E (4, chrome)	Run Cypress	2025-03-08T16:10:11.2545274Z 
Admin UI E2E (4, chrome)	Run Cypress	2025-03-08T16:10:11.2545550Z [33m  ([4m[1mScreenshots[22m[24m)[39m
Admin UI E2E (4, chrome)	Run Cypress	2025-03-08T16:10:11.2546015Z 
Admin UI E2E (4, chrome)	Run Cypress	2025-03-08T16:10:11.2547046Z [90m [39m -  [0m/home/runner/work/keycloak/keycloak/js/apps/admin-ui/cypress/screenshots/users_t[0m     [90m[90m(1280x633)[90m[39m
Admin UI E2E (4, chrome)	Run Cypress	2025-03-08T16:10:11.2548298Z [90m [39m    [0mest.spec.ts/User creation -- Add user to groups test (failed).png[0m                              
Admin UI E2E (4, chrome)	Run Cypress	2025-03-08T16:10:11.2549592Z [90m [39m -  [0m/home/runner/work/keycloak/keycloak/js/apps/admin-ui/cypress/screenshots/users_t[0m     [90m[90m(1280x633)[90m[39m
Admin UI E2E (4, chrome)	Run Cypress	2025-03-08T16:10:11.2550917Z [90m [39m    [0mest.spec.ts/User creation -- Add user to groups test (failed) (attempt 2).png[0m                  
Admin UI E2E (4, chrome)	Run Cypress	2025-03-08T16:10:11.2552304Z [90m [39m -  [0m/home/runner/work/keycloak/keycloak/js/apps/admin-ui/cypress/screenshots/users_t[0m     [90m[90m(1280x633)[90m[39m
Admin UI E2E (4, chrome)	Run Cypress	2025-03-08T16:10:11.2553501Z [90m [39m    [0mest.spec.ts/User creation -- Add user to groups test (failed) (attempt 3).png[0m                  
Admin UI E2E (4, chrome)	Run Cypress	2025-03-08T16:10:11.2554853Z [90m [39m -  [0m/home/runner/work/keycloak/keycloak/js/apps/admin-ui/cypress/screenshots/users_t[0m     [90m[90m(1280x633)[90m[39m
Admin UI E2E (4, chrome)	Run Cypress	2025-03-08T16:10:11.2556348Z [90m [39m    [0mest.spec.ts/User creation -- Add user to groups test (failed) (attempt 4).png[0m                  
Admin UI E2E (4, chrome)	Run Cypress	2025-03-08T16:10:11.2558410Z [90m [39m -  [0m/home/runner/work/keycloak/keycloak/js/apps/admin-ui/cypress/screenshots/users_t[0m     [90m[90m(1280x633)[90m[39m
Admin UI E2E (4, chrome)	Run Cypress	2025-03-08T16:10:11.2560188Z [90m [39m    [0mest.spec.ts/User creation -- Leave group test (failed).png[0m                                     
Admin UI E2E (4, chrome)	Run Cypress	2025-03-08T16:10:11.2562074Z [90m [39m -  [0m/home/runner/work/keycloak/keycloak/js/apps/admin-ui/cypress/screenshots/users_t[0m     [90m[90m(1280x633)[90m[39m
Admin UI E2E (4, chrome)	Run Cypress	2025-03-08T16:10:11.2563792Z [90m [39m    [0mest.spec.ts/User creation -- Leave group test (failed) (attempt 2).png[0m                         
Admin UI E2E (4, chrome)	Run Cypress	2025-03-08T16:10:11.2565606Z [90m [39m -  [0m/home/runner/work/keycloak/keycloak/js/apps/admin-ui/cypress/screenshots/users_t[0m     [90m[90m(1280x633)[90m[39m
Admin UI E2E (4, chrome)	Run Cypress	2025-03-08T16:10:11.2567306Z [90m [39m    [0mest.spec.ts/User creation -- Leave group test (failed) (attempt 3).png[0m                         
Admin UI E2E (4, chrome)	Run Cypress	2025-03-08T16:10:11.2569204Z [90m [39m -  [0m/home/runner/work/keycloak/keycloak/js/apps/admin-ui/cypress/screenshots/users_t[0m     [90m[90m(1280x633)[90m[39m
Admin UI E2E (4, chrome)	Run Cypress	2025-03-08T16:10:11.2570872Z [90m [39m    [0mest.spec.ts/User creation -- Leave group test (failed) (attempt 4).png[0m                         
Admin UI E2E (4, chrome)	Run Cypress	2025-03-08T16:10:11.2572595Z [90m [39m -  [0m/home/runner/work/keycloak/keycloak/js/apps/admin-ui/cypress/screenshots/users_t[0m     [90m[90m(1280x633)[90m[39m
Admin UI E2E (4, chrome)	Run Cypress	2025-03-08T16:10:11.2574234Z [90m [39m    [0mest.spec.ts/User creation -- search and leave group (failed).png[0m                               
Admin UI E2E (4, chrome)	Run Cypress	2025-03-08T16:10:11.2575912Z [90m [39m -  [0m/home/runner/work/keycloak/keycloak/js/apps/admin-ui/cypress/screenshots/users_t[0m     [90m[90m(1280x633)[90m[39m
Admin UI E2E (4, chrome)	Run Cypress	2025-03-08T16:10:11.2582748Z [90m [39m    [0mest.spec.ts/User creation -- search and leave group (failed) (attempt 2).png[0m                   
Admin UI E2E (4, chrome)	Run Cypress	2025-03-08T16:10:11.2584694Z [90m [39m -  [0m/home/runner/work/keycloak/keycloak/js/apps/admin-ui/cypress/screenshots/users_t[0m     [90m[90m(1280x633)[90m[39m
Admin UI E2E (4, chrome)	Run Cypress	2025-03-08T16:10:11.2586496Z [90m [39m    [0mest.spec.ts/User creation -- search and leave group (failed) (attempt 3).png[0m                   
Admin UI E2E (4, chrome)	Run Cypress	2025-03-08T16:10:11.2588475Z [90m [39m -  [0m/home/runner/work/keycloak/keycloak/js/apps/admin-ui/cypress/screenshots/users_t[0m     [90m[90m(1280x633)[90m[39m
Admin UI E2E (4, chrome)	Run Cypress	2025-03-08T16:10:11.2598467Z [90m [39m    [0mest.spec.ts/User creation -- search and leave group (failed) (attempt 4).png[0m                   
Admin UI E2E (4, chrome)	Run Cypress	2025-03-08T16:10:11.2601589Z [90m [39m -  [0m/home/runner/work/keycloak/keycloak/js/apps/admin-ui/cypress/screenshots/users_t[0m     [90m[90m(1280x633)[90m[39m
Admin UI E2E (4, chrome)	Run Cypress	2025-03-08T16:10:11.2603565Z [90m [39m    [0mest.spec.ts/User creation -- Accessibility tests for users -- Check a11y violati[0m               
Admin UI E2E (4, chrome)	Run Cypress	2025-03-08T16:10:11.2605283Z [90m [39m    [0mons on user role mapping tab assigning a role dialog (failed).png[0m                              
Admin UI E2E (4, chrome)	Run Cypress	2025-03-08T16:10:11.2607038Z [90m [39m -  [0m/home/runner/work/keycloak/keycloak/js/apps/admin-ui/cypress/screenshots/users_t[0m     [90m[90m(1280x633)[90m[39m
Admin UI E2E (4, chrome)	Run Cypress	2025-03-08T16:10:11.2609025Z [90m [39m    [0mest.spec.ts/User creation -- Accessibility tests for users -- Check a11y violati[0m               
Admin UI E2E (4, chrome)	Run Cypress	2025-03-08T16:10:11.2610551Z [90m [39m    [0mons on user role mapping tab assigning a role dialog (failed) (attempt 2).png[0m                  
Admin UI E2E (4, chrome)	Run Cypress	2025-03-08T16:10:11.2611185Z 
Admin UI E2E (4, chrome)	Run Cypress	2025-03-08T16:10:11.2921027Z 
Admin UI E2E (4, chrome)	Run Cypress	2025-03-08T16:10:11.2923918Z [36m  ([4m[1mVideo[22m[24m)[39m
Admin UI E2E (4, chrome)	Run Cypress	2025-03-08T16:10:11.2925606Z 
Admin UI E2E (4, chrome)	Run Cypress	2025-03-08T16:10:11.2926516Z   -  Video output: [36m/home/runner/work/keycloak/keycloak/js/apps/admin-ui/cypress/videos/users_test.spec.ts.mp4[39m
Admin UI E2E (4, chrome)	Run Cypress	2025-03-08T16:10:11.2927301Z 
Admin UI E2E (4, chrome)	Run Cypress	2025-03-08T16:10:11.2927317Z 
Admin UI E2E (4, chrome)	Run Cypress	2025-03-08T16:10:11.2938163Z [90m─[39m[90m─[39m[90m─[39m[90m─[39m[90m─[39m[90m─[39m[90m─[39m[90m─[39m[90m─[39m[90m─[39m[90m─[39m[90m─[39m[90m─[39m[90m─[39m[90m─[39m[90m─[39m[90m─[39m[90m─[39m[90m─[39m[90m─[39m[90m─[39m[90m─[39m[90m─[39m[90m─[39m[90m─[39m[90m─[39m[90m─[39m[90m─[39m[90m─[39m[90m─[39m[90m─[39m[90m─[39m[90m─[39m[90m─[39m[90m─[39m[90m─[39m[90m─[39m[90m─[39m[90m─[39m[90m─[39m[90m─[39m[90m─[39m[90m─[39m[90m─[39m[90m─[39m[90m─[39m[90m─[39m[90m─[39m[90m─[39m[90m─[39m[90m─[39m[90m─[39m[90m─[39m[90m─[39m[90m─[39m[90m─[39m[90m─[39m[90m─[39m[90m─[39m[90m─[39m[90m─[39m[90m─[39m[90m─[39m[90m─[39m[90m─[39m[90m─[39m[90m─[39m[90m─[39m[90m─[39m[90m─[39m[90m─[39m[90m─[39m[90m─[39m[90m─[39m[90m─[39m[90m─[39m[90m─[39m[90m─[39m[90m─[39m[90m─[39m[90m─[39m[90m─[39m[90m─[39m[90m─[39m[90m─[39m[90m─[39m[90m─[39m[90m─[39m[90m─[39m[90m─[39m[90m─[39m[90m─[39m[90m─[39m[90m─[39m[90m─[39m[90m─[39m[90m─[39m[90m─[39m[90m─[39m[90m─[39m
Admin UI E2E (4, chrome)	Run Cypress	2025-03-08T16:10:11.2949219Z                                                                                                     
Admin UI E2E (4, chrome)	Run Cypress	2025-03-08T16:10:11.2950484Z   Running:  [90midentity_providers_saml_test.spec.ts[39m                                            [90m(7 of 8)[39m
Admin UI E2E (4, chrome)	Run Cypress	2025-03-08T16:10:14.2482807Z 
Admin UI E2E (4, chrome)	Run Cypress	2025-03-08T16:10:14.2488487Z [0m[0m
Admin UI E2E (4, chrome)	Run Cypress	2025-03-08T16:10:14.2536506Z [0m  SAML identity provider test[0m
Admin UI E2E (4, chrome)	Run Cypress	2025-03-08T16:10:14.2538331Z [0m    SAML identity provider creation[0m
Admin UI E2E (4, chrome)	Run Cypress	2025-03-08T16:10:22.4750493Z     [32m  ✓[0m[90m should create a SAML provider using entity descriptor[0m[90m (8127ms)[0m
Admin UI E2E (4, chrome)	Run Cypress	2025-03-08T16:10:25.8995434Z     [32m  ✓[0m[90m should add auth constraints to existing SAML provider[0m[90m (3377ms)[0m
Admin UI E2E (4, chrome)	Run Cypress	2025-03-08T16:10:29.6674333Z     [32m  ✓[0m[90m should add SAML mapper of type Advanced Attribute to Role[0m[90m (3740ms)[0m
Admin UI E2E (4, chrome)	Run Cypress	2025-03-08T16:10:33.7453970Z     [32m  ✓[0m[90m should add SAML mapper of type Username Template Importer[0m[90m (4037ms)[0m
Admin UI E2E (4, chrome)	Run Cypress	2025-03-08T16:10:38.4631102Z     [32m  ✓[0m[90m should add SAML mapper of type Hardcoded User Session Attribute[0m[90m (4645ms)[0m
Admin UI E2E (4, chrome)	Run Cypress	2025-03-08T16:10:42.7587566Z     [32m  ✓[0m[90m should add SAML mapper of type Attribute Importer[0m[90m (4261ms)[0m
Admin UI E2E (4, chrome)	Run Cypress	2025-03-08T16:10:45.9260152Z     [32m  ✓[0m[90m should add SAML mapper of type Hardcoded Role[0m[90m (3135ms)[0m
Admin UI E2E (4, chrome)	Run Cypress	2025-03-08T16:10:49.7824768Z     [32m  ✓[0m[90m should add SAML mapper of type Hardcoded Attribute[0m[90m (3825ms)[0m
Admin UI E2E (4, chrome)	Run Cypress	2025-03-08T16:10:53.0722402Z     [32m  ✓[0m[90m should add SAML mapper of type SAML Attribute To Role[0m[90m (3262ms)[0m
Admin UI E2E (4, chrome)	Run Cypress	2025-03-08T16:10:55.8860098Z     [32m  ✓[0m[90m should edit Username Template Importer mapper[0m[90m (2783ms)[0m
Admin UI E2E (4, chrome)	Run Cypress	2025-03-08T16:10:59.1316086Z     [32m  ✓[0m[90m should edit SAML mapper[0m[90m (3191ms)[0m
Admin UI E2E (4, chrome)	Run Cypress	2025-03-08T16:11:10.7209850Z     [32m  ✓[0m[90m should edit SAML settings[0m[90m (11583ms)[0m
Admin UI E2E (4, chrome)	Run Cypress	2025-03-08T16:11:12.6194824Z     [32m  ✓[0m[90m clean up providers[0m[90m (1850ms)[0m
Admin UI E2E (4, chrome)	Run Cypress	2025-03-08T16:11:12.6199049Z 
Admin UI E2E (4, chrome)	Run Cypress	2025-03-08T16:11:12.6552764Z 
Admin UI E2E (4, chrome)	Run Cypress	2025-03-08T16:11:12.6553739Z [92m [0m[32m 13 passing[0m[90m (58s)[0m
Admin UI E2E (4, chrome)	Run Cypress	2025-03-08T16:11:12.6554128Z 
Admin UI E2E (4, chrome)	Run Cypress	2025-03-08T16:11:13.6760216Z 
Admin UI E2E (4, chrome)	Run Cypress	2025-03-08T16:11:13.6761621Z [32m  ([4m[1mResults[22m[24m)[39m
Admin UI E2E (4, chrome)	Run Cypress	2025-03-08T16:11:13.6767183Z 
Admin UI E2E (4, chrome)	Run Cypress	2025-03-08T16:11:13.6781000Z [90m  ┌[39m[90m─[39m[90m─[39m[90m─[39m[90m─[39m[90m─[39m[90m─[39m[90m─[39m[90m─[39m[90m─[39m[90m─[39m[90m─[39m[90m─[39m[90m─[39m[90m─[39m[90m─[39m[90m─[39m[90m─[39m[90m─[39m[90m─[39m[90m─[39m[90m─[39m[90m─[39m[90m─[39m[90m─[39m[90m─[39m[90m─[39m[90m─[39m[90m─[39m[90m─[39m[90m─[39m[90m─[39m[90m─[39m[90m─[39m[90m─[39m[90m─[39m[90m─[39m[90m─[39m[90m─[39m[90m─[39m[90m─[39m[90m─[39m[90m─[39m[90m─[39m[90m─[39m[90m─[39m[90m─[39m[90m─[39m[90m─[39m[90m─[39m[90m─[39m[90m─[39m[90m─[39m[90m─[39m[90m─[39m[90m─[39m[90m─[39m[90m─[39m[90m─[39m[90m─[39m[90m─[39m[90m─[39m[90m─[39m[90m─[39m[90m─[39m[90m─[39m[90m─[39m[90m─[39m[90m─[39m[90m─[39m[90m─[39m[90m─[39m[90m─[39m[90m─[39m[90m─[39m[90m─[39m[90m─[39m[90m─[39m[90m─[39m[90m─[39m[90m─[39m[90m─[39m[90m─[39m[90m─[39m[90m─[39m[90m─[39m[90m─[39m[90m─[39m[90m─[39m[90m─[39m[90m─[39m[90m─[39m[90m─[39m[90m─[39m[90m─[39m[90m─[39m[90m─[39m[90m┐[39m
Admin UI E2E (4, chrome)	Run Cypress	2025-03-08T16:11:13.6783881Z [90m  │[39m [90mTests:[39m        [32m13[39m                                                                               [90m│[39m
Admin UI E2E (4, chrome)	Run Cypress	2025-03-08T16:11:13.6784608Z [90m  │[39m [90mPassing:[39m      [32m13[39m                                                                               [90m│[39m
Admin UI E2E (4, chrome)	Run Cypress	2025-03-08T16:11:13.6785577Z [90m  │[39m [90mFailing:[39m      [32m0[39m                                                                                [90m│[39m
Admin UI E2E (4, chrome)	Run Cypress	2025-03-08T16:11:13.6786486Z [90m  │[39m [90mPending:[39m      [32m0[39m                                                                                [90m│[39m
Admin UI E2E (4, chrome)	Run Cypress	2025-03-08T16:11:13.6787197Z [90m  │[39m [90mSkipped:[39m      [32m0[39m                                                                                [90m│[39m
Admin UI E2E (4, chrome)	Run Cypress	2025-03-08T16:11:13.6788126Z [90m  │[39m [90mScreenshots:[39m  [32m0[39m                                                                                [90m│[39m
Admin UI E2E (4, chrome)	Run Cypress	2025-03-08T16:11:13.6788856Z [90m  │[39m [90mVideo:[39m        [32mfalse[39m                                                                            [90m│[39m
Admin UI E2E (4, chrome)	Run Cypress	2025-03-08T16:11:13.6789729Z [90m  │[39m [90mDuration:[39m     [32m58 seconds[39m                                                                       [90m│[39m
Admin UI E2E (4, chrome)	Run Cypress	2025-03-08T16:11:13.6791071Z [90m  │[39m [90mSpec Ran:[39m     [32m[32midentity_providers_saml_test.spec.ts[32m[39m                                             [90m│[39m
Admin UI E2E (4, chrome)	Run Cypress	2025-03-08T16:11:13.6796597Z [90m  └[39m[90m─[39m[90m─[39m[90m─[39m[90m─[39m[90m─[39m[90m─[39m[90m─[39m[90m─[39m[90m─[39m[90m─[39m[90m─[39m[90m─[39m[90m─[39m[90m─[39m[90m─[39m[90m─[39m[90m─[39m[90m─[39m[90m─[39m[90m─[39m[90m─[39m[90m─[39m[90m─[39m[90m─[39m[90m─[39m[90m─[39m[90m─[39m[90m─[39m[90m─[39m[90m─[39m[90m─[39m[90m─[39m[90m─[39m[90m─[39m[90m─[39m[90m─[39m[90m─[39m[90m─[39m[90m─[39m[90m─[39m[90m─[39m[90m─[39m[90m─[39m[90m─[39m[90m─[39m[90m─[39m[90m─[39m[90m─[39m[90m─[39m[90m─[39m[90m─[39m[90m─[39m[90m─[39m[90m─[39m[90m─[39m[90m─[39m[90m─[39m[90m─[39m[90m─[39m[90m─[39m[90m─[39m[90m─[39m[90m─[39m[90m─[39m[90m─[39m[90m─[39m[90m─[39m[90m─[39m[90m─[39m[90m─[39m[90m─[39m[90m─[39m[90m─[39m[90m─[39m[90m─[39m[90m─[39m[90m─[39m[90m─[39m[90m─[39m[90m─[39m[90m─[39m[90m─[39m[90m─[39m[90m─[39m[90m─[39m[90m─[39m[90m─[39m[90m─[39m[90m─[39m[90m─[39m[90m─[39m[90m─[39m[90m─[39m[90m─[39m[90m─[39m[90m─[39m[90m┘[39m
Admin UI E2E (4, chrome)	Run Cypress	2025-03-08T16:11:13.6800948Z 
Admin UI E2E (4, chrome)	Run Cypress	2025-03-08T16:11:13.7118215Z 
Admin UI E2E (4, chrome)	Run Cypress	2025-03-08T16:11:13.7130788Z [90m─[39m[90m─[39m[90m─[39m[90m─[39m[90m─[39m[90m─[39m[90m─[39m[90m─[39m[90m─[39m[90m─[39m[90m─[39m[90m─[39m[90m─[39m[90m─[39m[90m─[39m[90m─[39m[90m─[39m[90m─[39m[90m─[39m[90m─[39m[90m─[39m[90m─[39m[90m─[39m[90m─[39m[90m─[39m[90m─[39m[90m─[39m[90m─[39m[90m─[39m[90m─[39m[90m─[39m[90m─[39m[90m─[39m[90m─[39m[90m─[39m[90m─[39m[90m─[39m[90m─[39m[90m─[39m[90m─[39m[90m─[39m[90m─[39m[90m─[39m[90m─[39m[90m─[39m[90m─[39m[90m─[39m[90m─[39m[90m─[39m[90m─[39m[90m─[39m[90m─[39m[90m─[39m[90m─[39m[90m─[39m[90m─[39m[90m─[39m[90m─[39m[90m─[39m[90m─[39m[90m─[39m[90m─[39m[90m─[39m[90m─[39m[90m─[39m[90m─[39m[90m─[39m[90m─[39m[90m─[39m[90m─[39m[90m─[39m[90m─[39m[90m─[39m[90m─[39m[90m─[39m[90m─[39m[90m─[39m[90m─[39m[90m─[39m[90m─[39m[90m─[39m[90m─[39m[90m─[39m[90m─[39m[90m─[39m[90m─[39m[90m─[39m[90m─[39m[90m─[39m[90m─[39m[90m─[39m[90m─[39m[90m─[39m[90m─[39m[90m─[39m[90m─[39m[90m─[39m[90m─[39m[90m─[39m[90m─[39m
Admin UI E2E (4, chrome)	Run Cypress	2025-03-08T16:11:13.7135240Z                                                                                                     
Admin UI E2E (4, chrome)	Run Cypress	2025-03-08T16:11:13.7146867Z   Running:  [90mrealm_user_registration.spec.ts[39m                                                 [90m(8 of 8)[39m
Admin UI E2E (4, chrome)	Run Cypress	2025-03-08T16:11:17.5549019Z 
Admin UI E2E (4, chrome)	Run Cypress	2025-03-08T16:11:17.5550917Z [0m[0m
Admin UI E2E (4, chrome)	Run Cypress	2025-03-08T16:11:17.5574969Z [0m  Realm settings - User registration tab[0m
Admin UI E2E (4, chrome)	Run Cypress	2025-03-08T16:11:23.4410296Z   [32m  ✓[0m[90m Add admin role[0m[90m (5875ms)[0m
Admin UI E2E (4, chrome)	Run Cypress	2025-03-08T16:11:25.5195586Z   [32m  ✓[0m[90m Remove admin role[0m[90m (2034ms)[0m
Admin UI E2E (4, chrome)	Run Cypress	2025-03-08T16:11:28.3269385Z   [32m  ✓[0m[90m Add default group[0m[90m (2641ms)[0m
Admin UI E2E (4, chrome)	Run Cypress	2025-03-08T16:11:28.3501092Z 
Admin UI E2E (4, chrome)	Run Cypress	2025-03-08T16:11:28.3501164Z 
Admin UI E2E (4, chrome)	Run Cypress	2025-03-08T16:11:28.3502146Z [92m [0m[32m 3 passing[0m[90m (11s)[0m
Admin UI E2E (4, chrome)	Run Cypress	2025-03-08T16:11:28.3502580Z 
Admin UI E2E (4, chrome)	Run Cypress	2025-03-08T16:11:29.3745867Z 
Admin UI E2E (4, chrome)	Run Cypress	2025-03-08T16:11:29.3747248Z [32m  ([4m[1mResults[22m[24m)[39m
Admin UI E2E (4, chrome)	Run Cypress	2025-03-08T16:11:29.3752409Z 
Admin UI E2E (4, chrome)	Run Cypress	2025-03-08T16:11:29.3766381Z [90m  ┌[39m[90m─[39m[90m─[39m[90m─[39m[90m─[39m[90m─[39m[90m─[39m[90m─[39m[90m─[39m[90m─[39m[90m─[39m[90m─[39m[90m─[39m[90m─[39m[90m─[39m[90m─[39m[90m─[39m[90m─[39m[90m─[39m[90m─[39m[90m─[39m[90m─[39m[90m─[39m[90m─[39m[90m─[39m[90m─[39m[90m─[39m[90m─[39m[90m─[39m[90m─[39m[90m─[39m[90m─[39m[90m─[39m[90m─[39m[90m─[39m[90m─[39m[90m─[39m[90m─[39m[90m─[39m[90m─[39m[90m─[39m[90m─[39m[90m─[39m[90m─[39m[90m─[39m[90m─[39m[90m─[39m[90m─[39m[90m─[39m[90m─[39m[90m─[39m[90m─[39m[90m─[39m[90m─[39m[90m─[39m[90m─[39m[90m─[39m[90m─[39m[90m─[39m[90m─[39m[90m─[39m[90m─[39m[90m─[39m[90m─[39m[90m─[39m[90m─[39m[90m─[39m[90m─[39m[90m─[39m[90m─[39m[90m─[39m[90m─[39m[90m─[39m[90m─[39m[90m─[39m[90m─[39m[90m─[39m[90m─[39m[90m─[39m[90m─[39m[90m─[39m[90m─[39m[90m─[39m[90m─[39m[90m─[39m[90m─[39m[90m─[39m[90m─[39m[90m─[39m[90m─[39m[90m─[39m[90m─[39m[90m─[39m[90m─[39m[90m─[39m[90m─[39m[90m─[39m[90m┐[39m
Admin UI E2E (4, chrome)	Run Cypress	2025-03-08T16:11:29.3772522Z [90m  │[39m [90mTests:[39m        [32m3[39m                                                                                [90m│[39m
Admin UI E2E (4, chrome)	Run Cypress	2025-03-08T16:11:29.3773918Z [90m  │[39m [90mPassing:[39m      [32m3[39m                                                                                [90m│[39m
Admin UI E2E (4, chrome)	Run Cypress	2025-03-08T16:11:29.3775480Z [90m  │[39m [90mFailing:[39m      [32m0[39m                                                                                [90m│[39m
Admin UI E2E (4, chrome)	Run Cypress	2025-03-08T16:11:29.3776736Z [90m  │[39m [90mPending:[39m      [32m0[39m                                                                                [90m│[39m
Admin UI E2E (4, chrome)	Run Cypress	2025-03-08T16:11:29.3778162Z [90m  │[39m [90mSkipped:[39m      [32m0[39m                                                                                [90m│[39m
Admin UI E2E (4, chrome)	Run Cypress	2025-03-08T16:11:29.3779350Z [90m  │[39m [90mScreenshots:[39m  [32m0[39m                                                                                [90m│[39m
Admin UI E2E (4, chrome)	Run Cypress	2025-03-08T16:11:29.3780720Z [90m  │[39m [90mVideo:[39m        [32mfalse[39m                                                                            [90m│[39m
Admin UI E2E (4, chrome)	Run Cypress	2025-03-08T16:11:29.3782122Z [90m  │[39m [90mDuration:[39m     [32m10 seconds[39m                                                                       [90m│[39m
Admin UI E2E (4, chrome)	Run Cypress	2025-03-08T16:11:29.3783786Z [90m  │[39m [90mSpec Ran:[39m     [32m[32mrealm_user_registration.spec.ts[32m[39m                                                  [90m│[39m
Admin UI E2E (4, chrome)	Run Cypress	2025-03-08T16:11:29.3791058Z [90m  └[39m[90m─[39m[90m─[39m[90m─[39m[90m─[39m[90m─[39m[90m─[39m[90m─[39m[90m─[39m[90m─[39m[90m─[39m[90m─[39m[90m─[39m[90m─[39m[90m─[39m[90m─[39m[90m─[39m[90m─[39m[90m─[39m[90m─[39m[90m─[39m[90m─[39m[90m─[39m[90m─[39m[90m─[39m[90m─[39m[90m─[39m[90m─[39m[90m─[39m[90m─[39m[90m─[39m[90m─[39m[90m─[39m[90m─[39m[90m─[39m[90m─[39m[90m─[39m[90m─[39m[90m─[39m[90m─[39m[90m─[39m[90m─[39m[90m─[39m[90m─[39m[90m─[39m[90m─[39m[90m─[39m[90m─[39m[90m─[39m[90m─[39m[90m─[39m[90m─[39m[90m─[39m[90m─[39m[90m─[39m[90m─[39m[90m─[39m[90m─[39m[90m─[39m[90m─[39m[90m─[39m[90m─[39m[90m─[39m[90m─[39m[90m─[39m[90m─[39m[90m─[39m[90m─[39m[90m─[39m[90m─[39m[90m─[39m[90m─[39m[90m─[39m[90m─[39m[90m─[39m[90m─[39m[90m─[39m[90m─[39m[90m─[39m[90m─[39m[90m─[39m[90m─[39m[90m─[39m[90m─[39m[90m─[39m[90m─[39m[90m─[39m[90m─[39m[90m─[39m[90m─[39m[90m─[39m[90m─[39m[90m─[39m[90m─[39m[90m─[39m[90m─[39m[90m─[39m[90m┘[39m
Admin UI E2E (4, chrome)	Run Cypress	2025-03-08T16:11:29.3794681Z 
Admin UI E2E (4, chrome)	Run Cypress	2025-03-08T16:11:29.3863167Z 
Admin UI E2E (4, chrome)	Run Cypress	2025-03-08T16:11:29.4298007Z [90m====================================================================================================[39m
Admin UI E2E (4, chrome)	Run Cypress	2025-03-08T16:11:29.4298606Z 
Admin UI E2E (4, chrome)	Run Cypress	2025-03-08T16:11:29.4298959Z [0m  ([4m[1mRun Finished[22m[24m)[0m
Admin UI E2E (4, chrome)	Run Cypress	2025-03-08T16:11:29.4313686Z 
Admin UI E2E (4, chrome)	Run Cypress	2025-03-08T16:11:29.4313831Z 
Admin UI E2E (4, chrome)	Run Cypress	2025-03-08T16:11:29.4344457Z [90m   [39m    [90mSpec[39m                                              [90mTests[39m  [90mPassing[39m  [90mFailing[39m  [90mPending[39m  [90mSkipped[39m [90m [39m
Admin UI E2E (4, chrome)	Run Cypress	2025-03-08T16:11:29.4348928Z [90m  ┌[39m[90m─[39m[90m─[39m[90m─[39m[90m─[39m[90m─[39m[90m─[39m[90m─[39m[90m─[39m[90m─[39m[90m─[39m[90m─[39m[90m─[39m[90m─[39m[90m─[39m[90m─[39m[90m─[39m[90m─[39m[90m─[39m[90m─[39m[90m─[39m[90m─[39m[90m─[39m[90m─[39m[90m─[39m[90m─[39m[90m─[39m[90m─[39m[90m─[39m[90m─[39m[90m─[39m[90m─[39m[90m─[39m[90m─[39m[90m─[39m[90m─[39m[90m─[39m[90m─[39m[90m─[39m[90m─[39m[90m─[39m[90m─[39m[90m─[39m[90m─[39m[90m─[39m[90m─[39m[90m─[39m[90m─[39m[90m─[39m[90m─[39m[90m─[39m[90m─[39m[90m─[39m[90m─[39m[90m─[39m[90m─[39m[90m─[39m[90m─[39m[90m─[39m[90m─[39m[90m─[39m[90m─[39m[90m─[39m[90m─[39m[90m─[39m[90m─[39m[90m─[39m[90m─[39m[90m─[39m[90m─[39m[90m─[39m[90m─[39m[90m─[39m[90m─[39m[90m─[39m[90m─[39m[90m─[39m[90m─[39m[90m─[39m[90m─[39m[90m─[39m[90m─[39m[90m─[39m[90m─[39m[90m─[39m[90m─[39m[90m─[39m[90m─[39m[90m─[39m[90m─[39m[90m─[39m[90m─[39m[90m─[39m[90m─[39m[90m─[39m[90m─[39m[90m─[39m[90m┐[39m
Admin UI E2E (4, chrome)	Run Cypress	2025-03-08T16:11:29.4352597Z [90m  │[39m [32m✔[39m  [0mclient_scopes_test.spec.ts[0m               [90m01:36[39m       [0m25[0m       [32m25[39m        [90m-[39m        [90m-[39m        [90m-[39m [90m│[39m
Admin UI E2E (4, chrome)	Run Cypress	2025-03-08T16:11:29.4356490Z [90m  ├[39m[90m─[39m[90m─[39m[90m─[39m[90m─[39m[90m─[39m[90m─[39m[90m─[39m[90m─[39m[90m─[39m[90m─[39m[90m─[39m[90m─[39m[90m─[39m[90m─[39m[90m─[39m[90m─[39m[90m─[39m[90m─[39m[90m─[39m[90m─[39m[90m─[39m[90m─[39m[90m─[39m[90m─[39m[90m─[39m[90m─[39m[90m─[39m[90m─[39m[90m─[39m[90m─[39m[90m─[39m[90m─[39m[90m─[39m[90m─[39m[90m─[39m[90m─[39m[90m─[39m[90m─[39m[90m─[39m[90m─[39m[90m─[39m[90m─[39m[90m─[39m[90m─[39m[90m─[39m[90m─[39m[90m─[39m[90m─[39m[90m─[39m[90m─[39m[90m─[39m[90m─[39m[90m─[39m[90m─[39m[90m─[39m[90m─[39m[90m─[39m[90m─[39m[90m─[39m[90m─[39m[90m─[39m[90m─[39m[90m─[39m[90m─[39m[90m─[39m[90m─[39m[90m─[39m[90m─[39m[90m─[39m[90m─[39m[90m─[39m[90m─[39m[90m─[39m[90m─[39m[90m─[39m[90m─[39m[90m─[39m[90m─[39m[90m─[39m[90m─[39m[90m─[39m[90m─[39m[90m─[39m[90m─[39m[90m─[39m[90m─[39m[90m─[39m[90m─[39m[90m─[39m[90m─[39m[90m─[39m[90m─[39m[90m─[39m[90m─[39m[90m─[39m[90m─[39m[90m┤[39m
Admin UI E2E (4, chrome)	Run Cypress	2025-03-08T16:11:29.4363403Z [90m  │[39m [32m✔[39m  [0mrealm_settings_user_profile_enabled[0m      [90m01:29[39m       [0m14[0m       [32m14[39m        [90m-[39m        [90m-[39m        [90m-[39m [90m│[39m
Admin UI E2E (4, chrome)	Run Cypress	2025-03-08T16:11:29.4364930Z [90m  │[39m    [0m.spec.ts[0m                                                                                    [90m│[39m
Admin UI E2E (4, chrome)	Run Cypress	2025-03-08T16:11:29.4375582Z [90m  ├[39m[90m─[39m[90m─[39m[90m─[39m[90m─[39m[90m─[39m[90m─[39m[90m─[39m[90m─[39m[90m─[39m[90m─[39m[90m─[39m[90m─[39m[90m─[39m[90m─[39m[90m─[39m[90m─[39m[90m─[39m[90m─[39m[90m─[39m[90m─[39m[90m─[39m[90m─[39m[90m─[39m[90m─[39m[90m─[39m[90m─[39m[90m─[39m[90m─[39m[90m─[39m[90m─[39m[90m─[39m[90m─[39m[90m─[39m[90m─[39m[90m─[39m[90m─[39m[90m─[39m[90m─[39m[90m─[39m[90m─[39m[90m─[39m[90m─[39m[90m─[39m[90m─[39m[90m─[39m[90m─[39m[90m─[39m[90m─[39m[90m─[39m[90m─[39m[90m─[39m[90m─[39m[90m─[39m[90m─[39m[90m─[39m[90m─[39m[90m─[39m[90m─[39m[90m─[39m[90m─[39m[90m─[39m[90m─[39m[90m─[39m[90m─[39m[90m─[39m[90m─[39m[90m─[39m[90m─[39m[90m─[39m[90m─[39m[90m─[39m[90m─[39m[90m─[39m[90m─[39m[90m─[39m[90m─[39m[90m─[39m[90m─[39m[90m─[39m[90m─[39m[90m─[39m[90m─[39m[90m─[39m[90m─[39m[90m─[39m[90m─[39m[90m─[39m[90m─[39m[90m─[39m[90m─[39m[90m─[39m[90m─[39m[90m─[39m[90m─[39m[90m─[39m[90m─[39m[90m┤[39m
Admin UI E2E (4, chrome)	Run Cypress	2025-03-08T16:11:29.4381628Z [90m  │[39m [32m✔[39m  [0muser_fed_ldap_test.spec.ts[0m               [90m02:04[39m       [0m21[0m       [32m21[39m        [90m-[39m        [90m-[39m        [90m-[39m [90m│[39m
Admin UI E2E (4, chrome)	Run Cypress	2025-03-08T16:11:29.4389226Z [90m  ├[39m[90m─[39m[90m─[39m[90m─[39m[90m─[39m[90m─[39m[90m─[39m[90m─[39m[90m─[39m[90m─[39m[90m─[39m[90m─[39m[90m─[39m[90m─[39m[90m─[39m[90m─[39m[90m─[39m[90m─[39m[90m─[39m[90m─[39m[90m─[39m[90m─[39m[90m─[39m[90m─[39m[90m─[39m[90m─[39m[90m─[39m[90m─[39m[90m─[39m[90m─[39m[90m─[39m[90m─[39m[90m─[39m[90m─[39m[90m─[39m[90m─[39m[90m─[39m[90m─[39m[90m─[39m[90m─[39m[90m─[39m[90m─[39m[90m─[39m[90m─[39m[90m─[39m[90m─[39m[90m─[39m[90m─[39m[90m─[39m[90m─[39m[90m─[39m[90m─[39m[90m─[39m[90m─[39m[90m─[39m[90m─[39m[90m─[39m[90m─[39m[90m─[39m[90m─[39m[90m─[39m[90m─[39m[90m─[39m[90m─[39m[90m─[39m[90m─[39m[90m─[39m[90m─[39m[90m─[39m[90m─[39m[90m─[39m[90m─[39m[90m─[39m[90m─[39m[90m─[39m[90m─[39m[90m─[39m[90m─[39m[90m─[39m[90m─[39m[90m─[39m[90m─[39m[90m─[39m[90m─[39m[90m─[39m[90m─[39m[90m─[39m[90m─[39m[90m─[39m[90m─[39m[90m─[39m[90m─[39m[90m─[39m[90m─[39m[90m─[39m[90m─[39m[90m─[39m[90m┤[39m
Admin UI E2E (4, chrome)	Run Cypress	2025-03-08T16:11:29.4394991Z [90m  │[39m [32m✔[39m  [0midentity_providers_test.spec.ts[0m          [90m01:44[39m       [0m31[0m       [32m30[39m        [90m-[39m        [36m1[39m        [90m-[39m [90m│[39m
Admin UI E2E (4, chrome)	Run Cypress	2025-03-08T16:11:29.4402809Z [90m  ├[39m[90m─[39m[90m─[39m[90m─[39m[90m─[39m[90m─[39m[90m─[39m[90m─[39m[90m─[39m[90m─[39m[90m─[39m[90m─[39m[90m─[39m[90m─[39m[90m─[39m[90m─[39m[90m─[39m[90m─[39m[90m─[39m[90m─[39m[90m─[39m[90m─[39m[90m─[39m[90m─[39m[90m─[39m[90m─[39m[90m─[39m[90m─[39m[90m─[39m[90m─[39m[90m─[39m[90m─[39m[90m─[39m[90m─[39m[90m─[39m[90m─[39m[90m─[39m[90m─[39m[90m─[39m[90m─[39m[90m─[39m[90m─[39m[90m─[39m[90m─[39m[90m─[39m[90m─[39m[90m─[39m[90m─[39m[90m─[39m[90m─[39m[90m─[39m[90m─[39m[90m─[39m[90m─[39m[90m─[39m[90m─[39m[90m─[39m[90m─[39m[90m─[39m[90m─[39m[90m─[39m[90m─[39m[90m─[39m[90m─[39m[90m─[39m[90m─[39m[90m─[39m[90m─[39m[90m─[39m[90m─[39m[90m─[39m[90m─[39m[90m─[39m[90m─[39m[90m─[39m[90m─[39m[90m─[39m[90m─[39m[90m─[39m[90m─[39m[90m─[39m[90m─[39m[90m─[39m[90m─[39m[90m─[39m[90m─[39m[90m─[39m[90m─[39m[90m─[39m[90m─[39m[90m─[39m[90m─[39m[90m─[39m[90m─[39m[90m─[39m[90m─[39m[90m─[39m[90m┤[39m
Admin UI E2E (4, chrome)	Run Cypress	2025-03-08T16:11:29.4408751Z [90m  │[39m [32m✔[39m  [0muser_fed_kerberos_test.spec.ts[0m           [90m00:54[39m       [0m14[0m       [32m13[39m        [90m-[39m        [36m1[39m        [90m-[39m [90m│[39m
Admin UI E2E (4, chrome)	Run Cypress	2025-03-08T16:11:29.4418089Z [90m  ├[39m[90m─[39m[90m─[39m[90m─[39m[90m─[39m[90m─[39m[90m─[39m[90m─[39m[90m─[39m[90m─[39m[90m─[39m[90m─[39m[90m─[39m[90m─[39m[90m─[39m[90m─[39m[90m─[39m[90m─[39m[90m─[39m[90m─[39m[90m─[39m[90m─[39m[90m─[39m[90m─[39m[90m─[39m[90m─[39m[90m─[39m[90m─[39m[90m─[39m[90m─[39m[90m─[39m[90m─[39m[90m─[39m[90m─[39m[90m─[39m[90m─[39m[90m─[39m[90m─[39m[90m─[39m[90m─[39m[90m─[39m[90m─[39m[90m─[39m[90m─[39m[90m─[39m[90m─[39m[90m─[39m[90m─[39m[90m─[39m[90m─[39m[90m─[39m[90m─[39m[90m─[39m[90m─[39m[90m─[39m[90m─[39m[90m─[39m[90m─[39m[90m─[39m[90m─[39m[90m─[39m[90m─[39m[90m─[39m[90m─[39m[90m─[39m[90m─[39m[90m─[39m[90m─[39m[90m─[39m[90m─[39m[90m─[39m[90m─[39m[90m─[39m[90m─[39m[90m─[39m[90m─[39m[90m─[39m[90m─[39m[90m─[39m[90m─[39m[90m─[39m[90m─[39m[90m─[39m[90m─[39m[90m─[39m[90m─[39m[90m─[39m[90m─[39m[90m─[39m[90m─[39m[90m─[39m[90m─[39m[90m─[39m[90m─[39m[90m─[39m[90m─[39m[90m─[39m[90m┤[39m
Admin UI E2E (4, chrome)	Run Cypress	2025-03-08T16:11:29.4424131Z [90m  │[39m [31m✖[39m  [0musers_test.spec.ts[0m                       [90m10:31[39m       [0m44[0m       [32m41[39m        [31m3[39m        [90m-[39m        [90m-[39m [90m│[39m
Admin UI E2E (4, chrome)	Run Cypress	2025-03-08T16:11:29.4444825Z [90m  ├[39m[90m─[39m[90m─[39m[90m─[39m[90m─[39m[90m─[39m[90m─[39m[90m─[39m[90m─[39m[90m─[39m[90m─[39m[90m─[39m[90m─[39m[90m─[39m[90m─[39m[90m─[39m[90m─[39m[90m─[39m[90m─[39m[90m─[39m[90m─[39m[90m─[39m[90m─[39m[90m─[39m[90m─[39m[90m─[39m[90m─[39m[90m─[39m[90m─[39m[90m─[39m[90m─[39m[90m─[39m[90m─[39m[90m─[39m[90m─[39m[90m─[39m[90m─[39m[90m─[39m[90m─[39m[90m─[39m[90m─[39m[90m─[39m[90m─[39m[90m─[39m[90m─[39m[90m─[39m[90m─[39m[90m─[39m[90m─[39m[90m─[39m[90m─[39m[90m─[39m[90m─[39m[90m─[39m[90m─[39m[90m─[39m[90m─[39m[90m─[39m[90m─[39m[90m─[39m[90m─[39m[90m─[39m[90m─[39m[90m─[39m[90m─[39m[90m─[39m[90m─[39m[90m─[39m[90m─[39m[90m─[39m[90m─[39m[90m─[39m[90m─[39m[90m─[39m[90m─[39m[90m─[39m[90m─[39m[90m─[39m[90m─[39m[90m─[39m[90m─[39m[90m─[39m[90m─[39m[90m─[39m[90m─[39m[90m─[39m[90m─[39m[90m─[39m[90m─[39m[90m─[39m[90m─[39m[90m─[39m[90m─[39m[90m─[39m[90m─[39m[90m─[39m[90m─[39m[90m┤[39m
Admin UI E2E (4, chrome)	Run Cypress	2025-03-08T16:11:29.4449779Z [90m  │[39m [32m✔[39m  [0midentity_providers_saml_test.spec.t[0m      [90m00:58[39m       [0m13[0m       [32m13[39m        [90m-[39m        [90m-[39m        [90m-[39m [90m│[39m
Admin UI E2E (4, chrome)	Run Cypress	2025-03-08T16:11:29.4451176Z [90m  │[39m    [0ms[0m                                                                                           [90m│[39m
Admin UI E2E (4, chrome)	Run Cypress	2025-03-08T16:11:29.4458103Z [90m  ├[39m[90m─[39m[90m─[39m[90m─[39m[90m─[39m[90m─[39m[90m─[39m[90m─[39m[90m─[39m[90m─[39m[90m─[39m[90m─[39m[90m─[39m[90m─[39m[90m─[39m[90m─[39m[90m─[39m[90m─[39m[90m─[39m[90m─[39m[90m─[39m[90m─[39m[90m─[39m[90m─[39m[90m─[39m[90m─[39m[90m─[39m[90m─[39m[90m─[39m[90m─[39m[90m─[39m[90m─[39m[90m─[39m[90m─[39m[90m─[39m[90m─[39m[90m─[39m[90m─[39m[90m─[39m[90m─[39m[90m─[39m[90m─[39m[90m─[39m[90m─[39m[90m─[39m[90m─[39m[90m─[39m[90m─[39m[90m─[39m[90m─[39m[90m─[39m[90m─[39m[90m─[39m[90m─[39m[90m─[39m[90m─[39m[90m─[39m[90m─[39m[90m─[39m[90m─[39m[90m─[39m[90m─[39m[90m─[39m[90m─[39m[90m─[39m[90m─[39m[90m─[39m[90m─[39m[90m─[39m[90m─[39m[90m─[39m[90m─[39m[90m─[39m[90m─[39m[90m─[39m[90m─[39m[90m─[39m[90m─[39m[90m─[39m[90m─[39m[90m─[39m[90m─[39m[90m─[39m[90m─[39m[90m─[39m[90m─[39m[90m─[39m[90m─[39m[90m─[39m[90m─[39m[90m─[39m[90m─[39m[90m─[39m[90m─[39m[90m─[39m[90m─[39m[90m─[39m[90m┤[39m
Admin UI E2E (4, chrome)	Run Cypress	2025-03-08T16:11:29.4463329Z [90m  │[39m [32m✔[39m  [0mrealm_user_registration.spec.ts[0m          [90m00:10[39m        [0m3[0m        [32m3[39m        [90m-[39m        [90m-[39m        [90m-[39m [90m│[39m
Admin UI E2E (4, chrome)	Run Cypress	2025-03-08T16:11:29.4470956Z [90m  └[39m[90m─[39m[90m─[39m[90m─[39m[90m─[39m[90m─[39m[90m─[39m[90m─[39m[90m─[39m[90m─[39m[90m─[39m[90m─[39m[90m─[39m[90m─[39m[90m─[39m[90m─[39m[90m─[39m[90m─[39m[90m─[39m[90m─[39m[90m─[39m[90m─[39m[90m─[39m[90m─[39m[90m─[39m[90m─[39m[90m─[39m[90m─[39m[90m─[39m[90m─[39m[90m─[39m[90m─[39m[90m─[39m[90m─[39m[90m─[39m[90m─[39m[90m─[39m[90m─[39m[90m─[39m[90m─[39m[90m─[39m[90m─[39m[90m─[39m[90m─[39m[90m─[39m[90m─[39m[90m─[39m[90m─[39m[90m─[39m[90m─[39m[90m─[39m[90m─[39m[90m─[39m[90m─[39m[90m─[39m[90m─[39m[90m─[39m[90m─[39m[90m─[39m[90m─[39m[90m─[39m[90m─[39m[90m─[39m[90m─[39m[90m─[39m[90m─[39m[90m─[39m[90m─[39m[90m─[39m[90m─[39m[90m─[39m[90m─[39m[90m─[39m[90m─[39m[90m─[39m[90m─[39m[90m─[39m[90m─[39m[90m─[39m[90m─[39m[90m─[39m[90m─[39m[90m─[39m[90m─[39m[90m─[39m[90m─[39m[90m─[39m[90m─[39m[90m─[39m[90m─[39m[90m─[39m[90m─[39m[90m─[39m[90m─[39m[90m─[39m[90m─[39m[90m─[39m[90m┘[39m
Admin UI E2E (4, chrome)	Run Cypress	2025-03-08T16:11:29.4475949Z [90m   [39m [31m✖[39m  [31m1 of 8 failed (13%)[39m                      [90m19:30[39m      [0m165[0m      [32m160[39m        [31m3[39m        [36m2[39m        [90m-[39m [90m [39m
Admin UI E2E (4, chrome)	Run Cypress	2025-03-08T16:11:29.4476624Z 
Admin UI E2E (4, chrome)	Run Cypress	2025-03-08T16:11:29.5356899Z ##[error]Cypress tests: 3 failed
Status Check - Keycloak JavaScript CI	Run /./.github/actions/status-check	2025-03-08T16:11:45.1396628Z Prepare all required actions
Status Check - Keycloak JavaScript CI	Run /./.github/actions/status-check	2025-03-08T16:11:45.1465412Z ##[group]Run ./.github/actions/status-check
Status Check - Keycloak JavaScript CI	Run /./.github/actions/status-check	2025-03-08T16:11:45.1465771Z with:
Status Check - Keycloak JavaScript CI	Run /./.github/actions/status-check	2025-03-08T16:11:45.1467110Z   jobs: {
Status Check - Keycloak JavaScript CI	Run /./.github/actions/status-check	  "conditional": {
Status Check - Keycloak JavaScript CI	Run /./.github/actions/status-check	    "result": "success",
Status Check - Keycloak JavaScript CI	Run /./.github/actions/status-check	    "outputs": {
Status Check - Keycloak JavaScript CI	Run /./.github/actions/status-check	      "js-ci": "true"
Status Check - Keycloak JavaScript CI	Run /./.github/actions/status-check	    }
Status Check - Keycloak JavaScript CI	Run /./.github/actions/status-check	  },
Status Check - Keycloak JavaScript CI	Run /./.github/actions/status-check	  "build-keycloak": {
Status Check - Keycloak JavaScript CI	Run /./.github/actions/status-check	    "result": "success",
Status Check - Keycloak JavaScript CI	Run /./.github/actions/status-check	    "outputs": {}
Status Check - Keycloak JavaScript CI	Run /./.github/actions/status-check	  },
Status Check - Keycloak JavaScript CI	Run /./.github/actions/status-check	  "admin-client": {
Status Check - Keycloak JavaScript CI	Run /./.github/actions/status-check	    "result": "success",
Status Check - Keycloak JavaScript CI	Run /./.github/actions/status-check	    "outputs": {}
Status Check - Keycloak JavaScript CI	Run /./.github/actions/status-check	  },
Status Check - Keycloak JavaScript CI	Run /./.github/actions/status-check	  "ui-shared": {
Status Check - Keycloak JavaScript CI	Run /./.github/actions/status-check	    "result": "success",
Status Check - Keycloak JavaScript CI	Run /./.github/actions/status-check	    "outputs": {}
Status Check - Keycloak JavaScript CI	Run /./.github/actions/status-check	  },
Status Check - Keycloak JavaScript CI	Run /./.github/actions/status-check	  "account-ui": {
Status Check - Keycloak JavaScript CI	Run /./.github/actions/status-check	    "result": "success",
Status Check - Keycloak JavaScript CI	Run /./.github/actions/status-check	    "outputs": {}
Status Check - Keycloak JavaScript CI	Run /./.github/actions/status-check	  },
Status Check - Keycloak JavaScript CI	Run /./.github/actions/status-check	  "account-ui-e2e": {
Status Check - Keycloak JavaScript CI	Run /./.github/actions/status-check	    "result": "success",
Status Check - Keycloak JavaScript CI	Run /./.github/actions/status-check	    "outputs": {}
Status Check - Keycloak JavaScript CI	Run /./.github/actions/status-check	  },
Status Check - Keycloak JavaScript CI	Run /./.github/actions/status-check	  "admin-ui": {
Status Check - Keycloak JavaScript CI	Run /./.github/actions/status-check	    "result": "success",
Status Check - Keycloak JavaScript CI	Run /./.github/actions/status-check	    "outputs": {}
Status Check - Keycloak JavaScript CI	Run /./.github/actions/status-check	  },
Status Check - Keycloak JavaScript CI	Run /./.github/actions/status-check	  "admin-ui-e2e": {
Status Check - Keycloak JavaScript CI	Run /./.github/actions/status-check	    "result": "failure",
Status Check - Keycloak JavaScript CI	Run /./.github/actions/status-check	    "outputs": {}
Status Check - Keycloak JavaScript CI	Run /./.github/actions/status-check	  }
Status Check - Keycloak JavaScript CI	Run /./.github/actions/status-check	}
Status Check - Keycloak JavaScript CI	Run /./.github/actions/status-check	2025-03-08T16:11:45.1468433Z env:
Status Check - Keycloak JavaScript CI	Run /./.github/actions/status-check	2025-03-08T16:11:45.1468744Z   MAVEN_ARGS: -B -nsu -Daether.connector.http.connectionMaxTtl=25
Status Check - Keycloak JavaScript CI	Run /./.github/actions/status-check	2025-03-08T16:11:45.1469123Z   RETRY_COUNT: 3
Status Check - Keycloak JavaScript CI	Run /./.github/actions/status-check	2025-03-08T16:11:45.1469370Z ##[endgroup]
Status Check - Keycloak JavaScript CI	Run /./.github/actions/status-check	2025-03-08T16:11:45.1651868Z ##[group]Run JOBS='{
Status Check - Keycloak JavaScript CI	Run /./.github/actions/status-check	2025-03-08T16:11:45.1652313Z [36;1mJOBS='{[0m
Status Check - Keycloak JavaScript CI	Run /./.github/actions/status-check	2025-03-08T16:11:45.1652561Z [36;1m  "conditional": {[0m
Status Check - Keycloak JavaScript CI	Run /./.github/actions/status-check	2025-03-08T16:11:45.1652853Z [36;1m    "result": "success",[0m
Status Check - Keycloak JavaScript CI	Run /./.github/actions/status-check	2025-03-08T16:11:45.1653145Z [36;1m    "outputs": {[0m
Status Check - Keycloak JavaScript CI	Run /./.github/actions/status-check	2025-03-08T16:11:45.1653404Z [36;1m      "js-ci": "true"[0m
Status Check - Keycloak JavaScript CI	Run /./.github/actions/status-check	2025-03-08T16:11:45.1653659Z [36;1m    }[0m
Status Check - Keycloak JavaScript CI	Run /./.github/actions/status-check	2025-03-08T16:11:45.1653871Z [36;1m  },[0m
Status Check - Keycloak JavaScript CI	Run /./.github/actions/status-check	2025-03-08T16:11:45.1654095Z [36;1m  "build-keycloak": {[0m
Status Check - Keycloak JavaScript CI	Run /./.github/actions/status-check	2025-03-08T16:11:45.1654358Z [36;1m    "result": "success",[0m
Status Check - Keycloak JavaScript CI	Run /./.github/actions/status-check	2025-03-08T16:11:45.1654636Z [36;1m    "outputs": {}[0m
Status Check - Keycloak JavaScript CI	Run /./.github/actions/status-check	2025-03-08T16:11:45.1654886Z [36;1m  },[0m
Status Check - Keycloak JavaScript CI	Run /./.github/actions/status-check	2025-03-08T16:11:45.1655112Z [36;1m  "admin-client": {[0m
Status Check - Keycloak JavaScript CI	Run /./.github/actions/status-check	2025-03-08T16:11:45.1655378Z [36;1m    "result": "success",[0m
Status Check - Keycloak JavaScript CI	Run /./.github/actions/status-check	2025-03-08T16:11:45.1655655Z [36;1m    "outputs": {}[0m
Status Check - Keycloak JavaScript CI	Run /./.github/actions/status-check	2025-03-08T16:11:45.1655896Z [36;1m  },[0m
Status Check - Keycloak JavaScript CI	Run /./.github/actions/status-check	2025-03-08T16:11:45.1656118Z [36;1m  "ui-shared": {[0m
Status Check - Keycloak JavaScript CI	Run /./.github/actions/status-check	2025-03-08T16:11:45.1656367Z [36;1m    "result": "success",[0m
Status Check - Keycloak JavaScript CI	Run /./.github/actions/status-check	2025-03-08T16:11:45.1656931Z [36;1m    "outputs": {}[0m
Status Check - Keycloak JavaScript CI	Run /./.github/actions/status-check	2025-03-08T16:11:45.1657186Z [36;1m  },[0m
Status Check - Keycloak JavaScript CI	Run /./.github/actions/status-check	2025-03-08T16:11:45.1657408Z [36;1m  "account-ui": {[0m
Status Check - Keycloak JavaScript CI	Run /./.github/actions/status-check	2025-03-08T16:11:45.1657670Z [36;1m    "result": "success",[0m
Status Check - Keycloak JavaScript CI	Run /./.github/actions/status-check	2025-03-08T16:11:45.1657948Z [36;1m    "outputs": {}[0m
Status Check - Keycloak JavaScript CI	Run /./.github/actions/status-check	2025-03-08T16:11:45.1658192Z [36;1m  },[0m
Status Check - Keycloak JavaScript CI	Run /./.github/actions/status-check	2025-03-08T16:11:45.1658413Z [36;1m  "account-ui-e2e": {[0m
Status Check - Keycloak JavaScript CI	Run /./.github/actions/status-check	2025-03-08T16:11:45.1658681Z [36;1m    "result": "success",[0m
Status Check - Keycloak JavaScript CI	Run /./.github/actions/status-check	2025-03-08T16:11:45.1658944Z [36;1m    "outputs": {}[0m
Status Check - Keycloak JavaScript CI	Run /./.github/actions/status-check	2025-03-08T16:11:45.1659187Z [36;1m  },[0m
Status Check - Keycloak JavaScript CI	Run /./.github/actions/status-check	2025-03-08T16:11:45.1659414Z [36;1m  "admin-ui": {[0m
Status Check - Keycloak JavaScript CI	Run /./.github/actions/status-check	2025-03-08T16:11:45.1659661Z [36;1m    "result": "success",[0m
Status Check - Keycloak JavaScript CI	Run /./.github/actions/status-check	2025-03-08T16:11:45.1659927Z [36;1m    "outputs": {}[0m
Status Check - Keycloak JavaScript CI	Run /./.github/actions/status-check	2025-03-08T16:11:45.1660171Z [36;1m  },[0m
Status Check - Keycloak JavaScript CI	Run /./.github/actions/status-check	2025-03-08T16:11:45.1660408Z [36;1m  "admin-ui-e2e": {[0m
Status Check - Keycloak JavaScript CI	Run /./.github/actions/status-check	2025-03-08T16:11:45.1660673Z [36;1m    "result": "failure",[0m
Status Check - Keycloak JavaScript CI	Run /./.github/actions/status-check	2025-03-08T16:11:45.1660936Z [36;1m    "outputs": {}[0m
Status Check - Keycloak JavaScript CI	Run /./.github/actions/status-check	2025-03-08T16:11:45.1661181Z [36;1m  }[0m
Status Check - Keycloak JavaScript CI	Run /./.github/actions/status-check	2025-03-08T16:11:45.1661397Z [36;1m}'[0m
Status Check - Keycloak JavaScript CI	Run /./.github/actions/status-check	2025-03-08T16:11:45.1661627Z [36;1m[0m
Status Check - Keycloak JavaScript CI	Run /./.github/actions/status-check	2025-03-08T16:11:45.1661855Z [36;1mecho "Job status:"[0m
Status Check - Keycloak JavaScript CI	Run /./.github/actions/status-check	2025-03-08T16:11:45.1662228Z [36;1mecho $JOBS | jq -r 'to_entries[] | " - \(.key): \(.value.result)"'[0m
Status Check - Keycloak JavaScript CI	Run /./.github/actions/status-check	2025-03-08T16:11:45.1662597Z [36;1m[0m
Status Check - Keycloak JavaScript CI	Run /./.github/actions/status-check	2025-03-08T16:11:45.1662893Z [36;1mfor i in $(echo $JOBS | jq -r 'to_entries[] | .value.result'); do[0m
Status Check - Keycloak JavaScript CI	Run /./.github/actions/status-check	2025-03-08T16:11:45.1663309Z [36;1m  if [ "$i" != "success" ] && [ "$i" != "skipped" ]; then[0m
Status Check - Keycloak JavaScript CI	Run /./.github/actions/status-check	2025-03-08T16:11:45.1663695Z [36;1m    echo ""[0m
Status Check - Keycloak JavaScript CI	Run /./.github/actions/status-check	2025-03-08T16:11:45.1663955Z [36;1m    echo "Status check not okay!"[0m
Status Check - Keycloak JavaScript CI	Run /./.github/actions/status-check	2025-03-08T16:11:45.1664239Z [36;1m    exit 1[0m
Status Check - Keycloak JavaScript CI	Run /./.github/actions/status-check	2025-03-08T16:11:45.1664460Z [36;1m  fi[0m
Status Check - Keycloak JavaScript CI	Run /./.github/actions/status-check	2025-03-08T16:11:45.1664673Z [36;1mdone[0m
Status Check - Keycloak JavaScript CI	Run /./.github/actions/status-check	2025-03-08T16:11:45.1716988Z shell: /usr/bin/bash --noprofile --norc -e -o pipefail {0}
Status Check - Keycloak JavaScript CI	Run /./.github/actions/status-check	2025-03-08T16:11:45.1717403Z env:
Status Check - Keycloak JavaScript CI	Run /./.github/actions/status-check	2025-03-08T16:11:45.1717721Z   MAVEN_ARGS: -B -nsu -Daether.connector.http.connectionMaxTtl=25
Status Check - Keycloak JavaScript CI	Run /./.github/actions/status-check	2025-03-08T16:11:45.1718087Z   RETRY_COUNT: 3
Status Check - Keycloak JavaScript CI	Run /./.github/actions/status-check	2025-03-08T16:11:45.1718313Z ##[endgroup]
Status Check - Keycloak JavaScript CI	Run /./.github/actions/status-check	2025-03-08T16:11:45.1804587Z Job status:
Status Check - Keycloak JavaScript CI	Run /./.github/actions/status-check	2025-03-08T16:11:45.1846686Z  - conditional: success
Status Check - Keycloak JavaScript CI	Run /./.github/actions/status-check	2025-03-08T16:11:45.1847049Z  - build-keycloak: success
Status Check - Keycloak JavaScript CI	Run /./.github/actions/status-check	2025-03-08T16:11:45.1847344Z  - admin-client: success
Status Check - Keycloak JavaScript CI	Run /./.github/actions/status-check	2025-03-08T16:11:45.1847628Z  - ui-shared: success
Status Check - Keycloak JavaScript CI	Run /./.github/actions/status-check	2025-03-08T16:11:45.1847884Z  - account-ui: success
Status Check - Keycloak JavaScript CI	Run /./.github/actions/status-check	2025-03-08T16:11:45.1848140Z  - account-ui-e2e: success
Status Check - Keycloak JavaScript CI	Run /./.github/actions/status-check	2025-03-08T16:11:45.1848403Z  - admin-ui: success
Status Check - Keycloak JavaScript CI	Run /./.github/actions/status-check	2025-03-08T16:11:45.1848639Z  - admin-ui-e2e: failure
Status Check - Keycloak JavaScript CI	Run /./.github/actions/status-check	2025-03-08T16:11:45.1880904Z 
Status Check - Keycloak JavaScript CI	Run /./.github/actions/status-check	2025-03-08T16:11:45.1881107Z Status check not okay!
Status Check - Keycloak JavaScript CI	Run /./.github/actions/status-check	2025-03-08T16:11:45.1893780Z ##[error]Process completed with exit code 1.
