Test OLM installation	Arrange OLM test installation	2025-05-30T16:51:36.8821513Z ##[group]Run eval $(minikube -p minikube docker-env)
Test OLM installation	Arrange OLM test installation	2025-05-30T16:51:36.8822221Z [36;1meval $(minikube -p minikube docker-env)[0m
Test OLM installation	Arrange OLM test installation	2025-05-30T16:51:36.8822553Z [36;1m./scripts/olm-testing.sh ${GITHUB_SHA::6}[0m
Test OLM installation	Arrange OLM test installation	2025-05-30T16:51:36.8877052Z shell: /usr/bin/bash --noprofile --norc -e -o pipefail {0}
Test OLM installation	Arrange OLM test installation	2025-05-30T16:51:36.8877405Z env:
Test OLM installation	Arrange OLM test installation	2025-05-30T16:51:36.8877682Z   MAVEN_ARGS: -B -nsu -Daether.connector.http.connectionMaxTtl=25
Test OLM installation	Arrange OLM test installation	2025-05-30T16:51:36.8878026Z   MINIKUBE_VERSION: v1.32.0
Test OLM installation	Arrange OLM test installation	2025-05-30T16:51:36.8878259Z   KUBERNETES_VERSION: v1.27.10
Test OLM installation	Arrange OLM test installation	2025-05-30T16:51:36.8878484Z   MINIKUBE_MEMORY: 4096
Test OLM installation	Arrange OLM test installation	2025-05-30T16:51:36.8878789Z   JAVA_HOME: /opt/hostedtoolcache/Java_Temurin-Hotspot_jdk/21.0.7-6/x64
Test OLM installation	Arrange OLM test installation	2025-05-30T16:51:36.8879232Z   JAVA_HOME_21_X64: /opt/hostedtoolcache/Java_Temurin-Hotspot_jdk/21.0.7-6/x64
Test OLM installation	Arrange OLM test installation	2025-05-30T16:51:36.8879591Z   MINIKUBE_HOME: /home/runner/work/_temp
Test OLM installation	Arrange OLM test installation	2025-05-30T16:51:36.8879827Z ##[endgroup]
Test OLM installation	Arrange OLM test installation	2025-05-30T16:51:37.1743208Z + UUID=46d677
Test OLM installation	Arrange OLM test installation	2025-05-30T16:51:37.1744875Z + INSTALL_NAMESPACE=default
Test OLM installation	Arrange OLM test installation	2025-05-30T16:51:37.1751187Z + TARGET_NAMESPACES=default
Test OLM installation	Arrange OLM test installation	2025-05-30T16:51:37.1752414Z +++ dirname -- ./scripts/olm-testing.sh
Test OLM installation	Arrange OLM test installation	2025-05-30T16:51:37.1760630Z ++ cd -- ./scripts
Test OLM installation	Arrange OLM test installation	2025-05-30T16:51:37.1761024Z ++ pwd
Test OLM installation	Arrange OLM test installation	2025-05-30T16:51:37.1763835Z + SCRIPT_DIR=/home/runner/work/keycloak/keycloak/operator/scripts
Test OLM installation	Arrange OLM test installation	2025-05-30T16:51:37.1765612Z + VERSION=86400000.0.0
Test OLM installation	Arrange OLM test installation	2025-05-30T16:51:37.1766612Z + cd /home/runner/work/keycloak/keycloak/operator/scripts/../../quarkus/container
Test OLM installation	Arrange OLM test installation	2025-05-30T16:51:37.1769728Z ++ ls keycloak-999.0.0-SNAPSHOT.tar.gz
Test OLM installation	Arrange OLM test installation	2025-05-30T16:51:37.1783370Z + docker build --build-arg KEYCLOAK_DIST=keycloak-999.0.0-SNAPSHOT.tar.gz . -t ttl.sh/46d677keycloak:86400000.0.0
Test OLM installation	Arrange OLM test installation	2025-05-30T16:51:37.7659570Z #0 building with "default" instance using docker driver
Test OLM installation	Arrange OLM test installation	2025-05-30T16:51:37.7660049Z 
Test OLM installation	Arrange OLM test installation	2025-05-30T16:51:37.7660270Z #1 [internal] load build definition from Dockerfile
Test OLM installation	Arrange OLM test installation	2025-05-30T16:51:37.7660976Z #1 transferring dockerfile:
Test OLM installation	Arrange OLM test installation	2025-05-30T16:51:37.9480471Z #1 transferring dockerfile: 2.72kB 0.0s done
Test OLM installation	Arrange OLM test installation	2025-05-30T16:51:37.9480909Z #1 DONE 0.2s
Test OLM installation	Arrange OLM test installation	2025-05-30T16:51:37.9481050Z 
Test OLM installation	Arrange OLM test installation	2025-05-30T16:51:37.9481174Z #2 [internal] load .dockerignore
Test OLM installation	Arrange OLM test installation	2025-05-30T16:51:37.9481465Z #2 transferring context: 2B done
Test OLM installation	Arrange OLM test installation	2025-05-30T16:51:37.9481884Z #2 DONE 0.2s
Test OLM installation	Arrange OLM test installation	2025-05-30T16:51:37.9482010Z 
Test OLM installation	Arrange OLM test installation	2025-05-30T16:51:37.9482244Z #3 [internal] load metadata for registry.access.redhat.com/ubi9-micro:latest
Test OLM installation	Arrange OLM test installation	2025-05-30T16:51:38.3043318Z #3 ...
Test OLM installation	Arrange OLM test installation	2025-05-30T16:51:38.3043566Z 
Test OLM installation	Arrange OLM test installation	2025-05-30T16:51:38.3043855Z #4 [internal] load metadata for registry.access.redhat.com/ubi9:latest
Test OLM installation	Arrange OLM test installation	2025-05-30T16:51:38.3044322Z #4 DONE 0.5s
Test OLM installation	Arrange OLM test installation	2025-05-30T16:51:38.4546588Z 
Test OLM installation	Arrange OLM test installation	2025-05-30T16:51:38.4547206Z #3 [internal] load metadata for registry.access.redhat.com/ubi9-micro:latest
Test OLM installation	Arrange OLM test installation	2025-05-30T16:51:38.4903881Z #3 DONE 0.7s
Test OLM installation	Arrange OLM test installation	2025-05-30T16:51:38.6173473Z 
Test OLM installation	Arrange OLM test installation	2025-05-30T16:51:38.6176581Z #5 [stage-1 1/4] FROM registry.access.redhat.com/ubi9-micro@sha256:955512628a9104d74f7b3b0a91db27a6bbecdd6a1975ce0f1b2658d3cd060b98
Test OLM installation	Arrange OLM test installation	2025-05-30T16:51:38.6178904Z #5 resolve registry.access.redhat.com/ubi9-micro@sha256:955512628a9104d74f7b3b0a91db27a6bbecdd6a1975ce0f1b2658d3cd060b98 0.0s done
Test OLM installation	Arrange OLM test installation	2025-05-30T16:51:38.6183114Z #5 sha256:cd2f3f69481dffe63a3071ea43aeeab2a4af254e96b065c35b2d7ce2534e0383 0B / 7.27MB 0.1s
Test OLM installation	Arrange OLM test installation	2025-05-30T16:51:38.7190242Z #5 sha256:cd2f3f69481dffe63a3071ea43aeeab2a4af254e96b065c35b2d7ce2534e0383 7.27MB / 7.27MB 0.2s
Test OLM installation	Arrange OLM test installation	2025-05-30T16:51:38.7199485Z #5 sha256:955512628a9104d74f7b3b0a91db27a6bbecdd6a1975ce0f1b2658d3cd060b98 897B / 897B done
Test OLM installation	Arrange OLM test installation	2025-05-30T16:51:38.7212958Z #5 sha256:bc049e6e35c145513e3ec226faf3f929337ea2337fa5c9f7e00375aef4b801e8 504B / 504B done
Test OLM installation	Arrange OLM test installation	2025-05-30T16:51:38.7217935Z #5 sha256:352e1e8e3c437ad6bd352f164df8bdf7018df09f730362546276fe3df62ffd8c 4.00kB / 4.00kB done
Test OLM installation	Arrange OLM test installation	2025-05-30T16:51:38.8209993Z #5 sha256:cd2f3f69481dffe63a3071ea43aeeab2a4af254e96b065c35b2d7ce2534e0383 7.27MB / 7.27MB 0.2s done
Test OLM installation	Arrange OLM test installation	2025-05-30T16:51:38.8214070Z #5 extracting sha256:cd2f3f69481dffe63a3071ea43aeeab2a4af254e96b065c35b2d7ce2534e0383
Test OLM installation	Arrange OLM test installation	2025-05-30T16:51:40.0367584Z #5 extracting sha256:cd2f3f69481dffe63a3071ea43aeeab2a4af254e96b065c35b2d7ce2534e0383 1.2s done
Test OLM installation	Arrange OLM test installation	2025-05-30T16:51:40.0372662Z #5 DONE 1.5s
Test OLM installation	Arrange OLM test installation	2025-05-30T16:51:40.0377600Z 
Test OLM installation	Arrange OLM test installation	2025-05-30T16:51:40.0378349Z #6 [ubi-micro-build 1/8] FROM registry.access.redhat.com/ubi9@sha256:304b50df1ea4db9706d8a30f4bbf26f582936ebc80c7e075c72ff2af99292a54
Test OLM installation	Arrange OLM test installation	2025-05-30T16:51:40.0379820Z #6 resolve registry.access.redhat.com/ubi9@sha256:304b50df1ea4db9706d8a30f4bbf26f582936ebc80c7e075c72ff2af99292a54 0.0s done
Test OLM installation	Arrange OLM test installation	2025-05-30T16:51:40.0386168Z #6 sha256:304b50df1ea4db9706d8a30f4bbf26f582936ebc80c7e075c72ff2af99292a54 897B / 897B done
Test OLM installation	Arrange OLM test installation	2025-05-30T16:51:40.0387306Z #6 sha256:62fb429dc6b93ab5ade55d1c8e6b08735f00224d3081d58f161eb5f55eeb3d7d 505B / 505B done
Test OLM installation	Arrange OLM test installation	2025-05-30T16:51:40.0388557Z #6 sha256:83c48939c2c8782580d44062545386358defd2d5cc748b9b963bdb8a78046a46 5.06kB / 5.06kB done
Test OLM installation	Arrange OLM test installation	2025-05-30T16:51:40.0390052Z #6 sha256:92efcdccd1058003df257e9cbdf756ff6b10bd276551590536a5a1678e099aaf 79.59MB / 79.59MB 1.1s done
Test OLM installation	Arrange OLM test installation	2025-05-30T16:51:40.0391271Z #6 extracting sha256:92efcdccd1058003df257e9cbdf756ff6b10bd276551590536a5a1678e099aaf 0.2s
Test OLM installation	Arrange OLM test installation	2025-05-30T16:51:40.9622409Z #6 ...
Test OLM installation	Arrange OLM test installation	2025-05-30T16:51:40.9622915Z 
Test OLM installation	Arrange OLM test installation	2025-05-30T16:51:40.9623312Z #7 [internal] load build context
Test OLM installation	Arrange OLM test installation	2025-05-30T16:51:40.9624107Z #7 transferring context: 155.21MB 2.4s done
Test OLM installation	Arrange OLM test installation	2025-05-30T16:51:40.9624659Z #7 DONE 2.4s
Test OLM installation	Arrange OLM test installation	2025-05-30T16:51:40.9624866Z 
Test OLM installation	Arrange OLM test installation	2025-05-30T16:51:40.9625610Z #6 [ubi-micro-build 1/8] FROM registry.access.redhat.com/ubi9@sha256:304b50df1ea4db9706d8a30f4bbf26f582936ebc80c7e075c72ff2af99292a54
Test OLM installation	Arrange OLM test installation	2025-05-30T16:51:45.1815143Z #6 extracting sha256:92efcdccd1058003df257e9cbdf756ff6b10bd276551590536a5a1678e099aaf 5.4s
Test OLM installation	Arrange OLM test installation	2025-05-30T16:51:46.5667629Z #6 extracting sha256:92efcdccd1058003df257e9cbdf756ff6b10bd276551590536a5a1678e099aaf 6.7s done
Test OLM installation	Arrange OLM test installation	2025-05-30T16:51:46.5668523Z #6 DONE 8.1s
Test OLM installation	Arrange OLM test installation	2025-05-30T16:51:46.7185137Z 
Test OLM installation	Arrange OLM test installation	2025-05-30T16:51:46.7186054Z #8 [ubi-micro-build 2/8] RUN dnf install -y tar gzip
Test OLM installation	Arrange OLM test installation	2025-05-30T16:51:46.9224234Z #8 0.354 Updating Subscription Management repositories.
Test OLM installation	Arrange OLM test installation	2025-05-30T16:51:47.0483023Z #8 0.355 Unable to read consumer identity
Test OLM installation	Arrange OLM test installation	2025-05-30T16:51:47.0483876Z #8 0.358 
Test OLM installation	Arrange OLM test installation	2025-05-30T16:51:47.0484436Z #8 0.358 This system is not registered with an entitlement server. You can use subscription-manager to register.
Test OLM installation	Arrange OLM test installation	2025-05-30T16:51:47.0485192Z #8 0.358 
Test OLM installation	Arrange OLM test installation	2025-05-30T16:51:47.0485780Z #8 0.480 Red Hat Universal Base Image 9 (RPMs) - BaseOS  6.7 MB/s | 587 kB     00:00    
Test OLM installation	Arrange OLM test installation	2025-05-30T16:51:47.2224649Z #8 0.654 Red Hat Universal Base Image 9 (RPMs) - AppStre  29 MB/s | 2.4 MB     00:00    
Test OLM installation	Arrange OLM test installation	2025-05-30T16:51:47.6715474Z #8 1.103 Red Hat Universal Base Image 9 (RPMs) - CodeRea 3.9 MB/s | 284 kB     00:00    
Test OLM installation	Arrange OLM test installation	2025-05-30T16:51:47.8081439Z #8 1.240 Package tar-2:1.34-7.el9.x86_64 is already installed.
Test OLM installation	Arrange OLM test installation	2025-05-30T16:51:47.9746715Z #8 1.240 Package gzip-1.12-1.el9.x86_64 is already installed.
Test OLM installation	Arrange OLM test installation	2025-05-30T16:51:47.9752550Z #8 1.254 Dependencies resolved.
Test OLM installation	Arrange OLM test installation	2025-05-30T16:51:47.9754204Z #8 1.256 Nothing to do.
Test OLM installation	Arrange OLM test installation	2025-05-30T16:51:47.9754713Z #8 1.256 Complete!
Test OLM installation	Arrange OLM test installation	2025-05-30T16:51:48.2754547Z #8 DONE 1.7s
Test OLM installation	Arrange OLM test installation	2025-05-30T16:51:48.4265945Z 
Test OLM installation	Arrange OLM test installation	2025-05-30T16:51:48.4266997Z #9 [ubi-micro-build 3/8] ADD keycloak-999.0.0-SNAPSHOT.tar.gz /tmp/keycloak/
Test OLM installation	Arrange OLM test installation	2025-05-30T16:51:49.1878056Z #9 DONE 0.9s
Test OLM installation	Arrange OLM test installation	2025-05-30T16:51:49.2959419Z 
Test OLM installation	Arrange OLM test installation	2025-05-30T16:51:49.2960768Z #10 [ubi-micro-build 4/8] RUN (cd /tmp/keycloak &&     tar -xvf /tmp/keycloak/keycloak-*.tar.gz &&     rm /tmp/keycloak/keycloak-*.tar.gz) || true
Test OLM installation	Arrange OLM test installation	2025-05-30T16:51:49.2962593Z #10 0.107 tar: /tmp/keycloak/keycloak-*.tar.gz: Cannot open: No such file or directory
Test OLM installation	Arrange OLM test installation	2025-05-30T16:51:49.2963362Z #10 0.107 tar: Error is not recoverable: exiting now
Test OLM installation	Arrange OLM test installation	2025-05-30T16:51:49.4530440Z #10 DONE 0.1s
Test OLM installation	Arrange OLM test installation	2025-05-30T16:51:49.4530782Z 
Test OLM installation	Arrange OLM test installation	2025-05-30T16:51:49.4531982Z #11 [ubi-micro-build 5/8] RUN mv /tmp/keycloak/keycloak-* /opt/keycloak && mkdir -p /opt/keycloak/data
Test OLM installation	Arrange OLM test installation	2025-05-30T16:51:49.5635397Z #11 DONE 0.3s
Test OLM installation	Arrange OLM test installation	2025-05-30T16:51:49.7145386Z 
Test OLM installation	Arrange OLM test installation	2025-05-30T16:51:49.7146130Z #12 [ubi-micro-build 6/8] RUN chmod -R g+rwX /opt/keycloak
Test OLM installation	Arrange OLM test installation	2025-05-30T16:51:50.1973363Z #12 DONE 0.6s
Test OLM installation	Arrange OLM test installation	2025-05-30T16:51:50.3654095Z 
Test OLM installation	Arrange OLM test installation	2025-05-30T16:51:50.3654836Z #13 [ubi-micro-build 7/8] ADD ubi-null.sh /tmp/
Test OLM installation	Arrange OLM test installation	2025-05-30T16:51:50.3656099Z #13 DONE 0.0s
Test OLM installation	Arrange OLM test installation	2025-05-30T16:51:50.3656335Z 
Test OLM installation	Arrange OLM test installation	2025-05-30T16:51:50.3656886Z #14 [ubi-micro-build 8/8] RUN bash /tmp/ubi-null.sh java-21-openjdk-headless glibc-langpack-en findutils
Test OLM installation	Arrange OLM test installation	2025-05-30T16:51:50.3856304Z #14 0.170 ==> Installing packages into chroot
Test OLM installation	Arrange OLM test installation	2025-05-30T16:51:50.3857085Z #14 0.170 + dnf install -y findutils diffutils
Test OLM installation	Arrange OLM test installation	2025-05-30T16:51:50.6403960Z #14 0.425 Updating Subscription Management repositories.
Test OLM installation	Arrange OLM test installation	2025-05-30T16:51:50.7646374Z #14 0.426 Unable to read consumer identity
Test OLM installation	Arrange OLM test installation	2025-05-30T16:51:50.7647353Z #14 0.429 
Test OLM installation	Arrange OLM test installation	2025-05-30T16:51:50.7648256Z #14 0.429 This system is not registered with an entitlement server. You can use subscription-manager to register.
Test OLM installation	Arrange OLM test installation	2025-05-30T16:51:50.7649218Z #14 0.429 
Test OLM installation	Arrange OLM test installation	2025-05-30T16:51:50.7649754Z #14 0.469 Last metadata expiration check: 0:00:03 ago on Fri May 30 16:51:47 2025.
Test OLM installation	Arrange OLM test installation	2025-05-30T16:51:50.7650440Z #14 0.490 Package findutils-1:4.8.0-7.el9.x86_64 is already installed.
Test OLM installation	Arrange OLM test installation	2025-05-30T16:51:50.7650981Z #14 0.506 Dependencies resolved.
Test OLM installation	Arrange OLM test installation	2025-05-30T16:51:50.7651437Z #14 0.507 ================================================================================
Test OLM installation	Arrange OLM test installation	2025-05-30T16:51:50.7652432Z #14 0.507  Package         Architecture Version             Repository               Size
Test OLM installation	Arrange OLM test installation	2025-05-30T16:51:50.7653061Z #14 0.507 ================================================================================
Test OLM installation	Arrange OLM test installation	2025-05-30T16:51:50.7653512Z #14 0.507 Installing:
Test OLM installation	Arrange OLM test installation	2025-05-30T16:51:50.7653951Z #14 0.507  diffutils       x86_64       3.7-12.el9          ubi-9-baseos-rpms       402 k
Test OLM installation	Arrange OLM test installation	2025-05-30T16:51:50.7654615Z #14 0.507 
Test OLM installation	Arrange OLM test installation	2025-05-30T16:51:50.7655120Z #14 0.507 Transaction Summary
Test OLM installation	Arrange OLM test installation	2025-05-30T16:51:50.7655746Z #14 0.507 ================================================================================
Test OLM installation	Arrange OLM test installation	2025-05-30T16:51:50.7656517Z #14 0.507 Install  1 Package
Test OLM installation	Arrange OLM test installation	2025-05-30T16:51:50.7657091Z #14 0.507 
Test OLM installation	Arrange OLM test installation	2025-05-30T16:51:50.7657772Z #14 0.507 Total download size: 402 k
Test OLM installation	Arrange OLM test installation	2025-05-30T16:51:50.7658397Z #14 0.508 Installed size: 1.4 M
Test OLM installation	Arrange OLM test installation	2025-05-30T16:51:50.7658743Z #14 0.508 Downloading Packages:
Test OLM installation	Arrange OLM test installation	2025-05-30T16:51:50.7659286Z #14 0.550 diffutils-3.7-12.el9.x86_64.rpm                 9.7 MB/s | 402 kB     00:00    
Test OLM installation	Arrange OLM test installation	2025-05-30T16:51:50.8681575Z #14 0.551 --------------------------------------------------------------------------------
Test OLM installation	Arrange OLM test installation	2025-05-30T16:51:50.8683109Z #14 0.552 Total                                           9.0 MB/s | 402 kB     00:00     
Test OLM installation	Arrange OLM test installation	2025-05-30T16:51:50.8683731Z #14 0.564 Running transaction check
Test OLM installation	Arrange OLM test installation	2025-05-30T16:51:50.8684290Z #14 0.567 Transaction check succeeded.
Test OLM installation	Arrange OLM test installation	2025-05-30T16:51:50.8684754Z #14 0.568 Running transaction test
Test OLM installation	Arrange OLM test installation	2025-05-30T16:51:50.8685119Z #14 0.593 Transaction test succeeded.
Test OLM installation	Arrange OLM test installation	2025-05-30T16:51:50.8685469Z #14 0.594 Running transaction
Test OLM installation	Arrange OLM test installation	2025-05-30T16:51:50.8685987Z #14 0.615   Preparing        :                                                        1/1 
Test OLM installation	Arrange OLM test installation	2025-05-30T16:51:50.9731895Z #14 0.653   Installing       : diffutils-3.7-12.el9.x86_64                            1/1 
Test OLM installation	Arrange OLM test installation	2025-05-30T16:51:50.9734259Z #14 0.666   Running scriptlet: diffutils-3.7-12.el9.x86_64                            1/1 
Test OLM installation	Arrange OLM test installation	2025-05-30T16:51:50.9735290Z #14 0.708   Verifying        : diffutils-3.7-12.el9.x86_64                            1/1 
Test OLM installation	Arrange OLM test installation	2025-05-30T16:51:50.9736688Z #14 0.758 Installed products updated.
Test OLM installation	Arrange OLM test installation	2025-05-30T16:51:51.1967457Z #14 0.766 
Test OLM installation	Arrange OLM test installation	2025-05-30T16:51:51.1968033Z #14 0.766 Installed:
Test OLM installation	Arrange OLM test installation	2025-05-30T16:51:51.1968556Z #14 0.766   diffutils-3.7-12.el9.x86_64                                                   
Test OLM installation	Arrange OLM test installation	2025-05-30T16:51:51.1969061Z #14 0.766 
Test OLM installation	Arrange OLM test installation	2025-05-30T16:51:51.1969415Z #14 0.766 Complete!
Test OLM installation	Arrange OLM test installation	2025-05-30T16:51:51.1969785Z #14 0.828 ++ realpath rootfs
Test OLM installation	Arrange OLM test installation	2025-05-30T16:51:51.1970134Z #14 0.830 + rootfs=/tmp/null/rootfs
Test OLM installation	Arrange OLM test installation	2025-05-30T16:51:51.1970611Z #14 0.830 + mkdir -p /tmp/null/rootfs
Test OLM installation	Arrange OLM test installation	2025-05-30T16:51:51.1971297Z #14 0.831 + xargs dnf install -y --installroot /tmp/null/rootfs --releasever 9 --setopt install_weak_deps=false --nodocs
Test OLM installation	Arrange OLM test installation	2025-05-30T16:51:51.2877871Z #14 1.073 Updating Subscription Management repositories.
Test OLM installation	Arrange OLM test installation	2025-05-30T16:51:51.5262923Z #14 1.073 Unable to read consumer identity
Test OLM installation	Arrange OLM test installation	2025-05-30T16:51:51.5263509Z #14 1.074 
Test OLM installation	Arrange OLM test installation	2025-05-30T16:51:51.5265294Z #14 1.074 This system is not registered with an entitlement server. You can use subscription-manager to register.
Test OLM installation	Arrange OLM test installation	2025-05-30T16:51:51.5266089Z #14 1.074 
Test OLM installation	Arrange OLM test installation	2025-05-30T16:51:51.5266641Z #14 1.161 Red Hat Universal Base Image 9 (RPMs) - BaseOS  8.8 MB/s | 587 kB     00:00    
Test OLM installation	Arrange OLM test installation	2025-05-30T16:51:51.5566139Z #14 1.342 Red Hat Universal Base Image 9 (RPMs) - AppStre  26 MB/s | 2.4 MB     00:00    
Test OLM installation	Arrange OLM test installation	2025-05-30T16:51:52.0076228Z #14 1.793 Red Hat Universal Base Image 9 (RPMs) - CodeRea 3.7 MB/s | 284 kB     00:00    
Test OLM installation	Arrange OLM test installation	2025-05-30T16:51:52.1550814Z #14 1.940 Dependencies resolved.
Test OLM installation	Arrange OLM test installation	2025-05-30T16:51:52.2729763Z #14 1.945 =============================================================================================
Test OLM installation	Arrange OLM test installation	2025-05-30T16:51:52.2731055Z #14 1.945  Package                    Arch    Version                       Repository             Size
Test OLM installation	Arrange OLM test installation	2025-05-30T16:51:52.2732460Z #14 1.945 =============================================================================================
Test OLM installation	Arrange OLM test installation	2025-05-30T16:51:52.2733155Z #14 1.945 Installing:
Test OLM installation	Arrange OLM test installation	2025-05-30T16:51:52.2733936Z #14 1.945  bash                       x86_64  5.1.8-9.el9                   ubi-9-baseos-rpms     1.7 M
Test OLM installation	Arrange OLM test installation	2025-05-30T16:51:52.2735015Z #14 1.945  coreutils-single           x86_64  8.32-39.el9                   ubi-9-baseos-rpms     625 k
Test OLM installation	Arrange OLM test installation	2025-05-30T16:51:52.2736384Z #14 1.945  findutils                  x86_64  1:4.8.0-7.el9                 ubi-9-baseos-rpms     550 k
Test OLM installation	Arrange OLM test installation	2025-05-30T16:51:52.2737429Z #14 1.945  glibc-langpack-en          x86_64  2.34-168.el9_6.14             ubi-9-baseos-rpms     657 k
Test OLM installation	Arrange OLM test installation	2025-05-30T16:51:52.2738475Z #14 1.945  java-21-openjdk-headless   x86_64  1:21.0.7.0.6-1.el9            ubi-9-appstream-rpms   49 M
Test OLM installation	Arrange OLM test installation	2025-05-30T16:51:52.2739385Z #14 1.945 Installing dependencies:
Test OLM installation	Arrange OLM test installation	2025-05-30T16:51:52.2740074Z #14 1.945  alsa-lib                   x86_64  1.2.13-2.el9                  ubi-9-appstream-rpms  530 k
Test OLM installation	Arrange OLM test installation	2025-05-30T16:51:52.2740967Z #14 1.945  alternatives               x86_64  1.24-2.el9                    ubi-9-baseos-rpms      42 k
Test OLM installation	Arrange OLM test installation	2025-05-30T16:51:52.2742219Z #14 1.945  avahi-libs                 x86_64  0.8-22.el9_6                  ubi-9-baseos-rpms      67 k
Test OLM installation	Arrange OLM test installation	2025-05-30T16:51:52.2743195Z #14 1.945  basesystem                 noarch  11-13.el9                     ubi-9-baseos-rpms     8.0 k
Test OLM installation	Arrange OLM test installation	2025-05-30T16:51:52.2743812Z #14 1.945  bzip2-libs                 x86_64  1.0.8-10.el9_5                ubi-9-baseos-rpms      42 k
Test OLM installation	Arrange OLM test installation	2025-05-30T16:51:52.2744406Z #14 1.945  ca-certificates            noarch  2024.2.69_v8.0.303-91.4.el9_4 ubi-9-baseos-rpms     1.0 M
Test OLM installation	Arrange OLM test installation	2025-05-30T16:51:52.2744996Z #14 1.945  copy-jdk-configs           noarch  4.0-3.el9                     ubi-9-appstream-rpms   29 k
Test OLM installation	Arrange OLM test installation	2025-05-30T16:51:52.2745660Z #14 1.945  crypto-policies            noarch  20250128-1.git5269e22.el9     ubi-9-baseos-rpms      90 k
Test OLM installation	Arrange OLM test installation	2025-05-30T16:51:52.2746310Z #14 1.945  crypto-policies-scripts    noarch  20250128-1.git5269e22.el9     ubi-9-baseos-rpms     101 k
Test OLM installation	Arrange OLM test installation	2025-05-30T16:51:52.2746925Z #14 1.945  cups-libs                  x86_64  1:2.3.3op2-33.el9             ubi-9-baseos-rpms     265 k
Test OLM installation	Arrange OLM test installation	2025-05-30T16:51:52.2747540Z #14 1.945  dbus-libs                  x86_64  1:1.12.20-8.el9               ubi-9-baseos-rpms     154 k
Test OLM installation	Arrange OLM test installation	2025-05-30T16:51:52.2748339Z #14 1.945  expat                      x86_64  2.5.0-5.el9_6                 ubi-9-baseos-rpms     119 k
Test OLM installation	Arrange OLM test installation	2025-05-30T16:51:52.2748811Z #14 1.945  filesystem                 x86_64  3.16-5.el9                    ubi-9-baseos-rpms     4.8 M
Test OLM installation	Arrange OLM test installation	2025-05-30T16:51:52.2749218Z #14 1.945  gawk                       x86_64  5.1.0-6.el9                   ubi-9-baseos-rpms     1.0 M
Test OLM installation	Arrange OLM test installation	2025-05-30T16:51:52.2749623Z #14 1.945  gdbm-libs                  x86_64  1:1.23-1.el9                  ubi-9-baseos-rpms      59 k
Test OLM installation	Arrange OLM test installation	2025-05-30T16:51:52.2750028Z #14 1.945  glibc                      x86_64  2.34-168.el9_6.14             ubi-9-baseos-rpms     2.0 M
Test OLM installation	Arrange OLM test installation	2025-05-30T16:51:52.2750450Z #14 1.945  glibc-common               x86_64  2.34-168.el9_6.14             ubi-9-baseos-rpms     304 k
Test OLM installation	Arrange OLM test installation	2025-05-30T16:51:52.2750861Z #14 1.945  gmp                        x86_64  1:6.2.0-13.el9                ubi-9-baseos-rpms     319 k
Test OLM installation	Arrange OLM test installation	2025-05-30T16:51:52.2751449Z #14 1.945  gnutls                     x86_64  3.8.3-6.el9                   ubi-9-baseos-rpms     1.1 M
Test OLM installation	Arrange OLM test installation	2025-05-30T16:51:52.2752075Z #14 1.945  grep                       x86_64  3.6-5.el9                     ubi-9-baseos-rpms     273 k
Test OLM installation	Arrange OLM test installation	2025-05-30T16:51:52.2752556Z #14 1.945  javapackages-filesystem    noarch  6.4.0-1.el9                   ubi-9-appstream-rpms   17 k
Test OLM installation	Arrange OLM test installation	2025-05-30T16:51:52.2753043Z #14 1.945  keyutils-libs              x86_64  1.6.3-1.el9                   ubi-9-baseos-rpms      34 k
Test OLM installation	Arrange OLM test installation	2025-05-30T16:51:52.2753469Z #14 1.945  krb5-libs                  x86_64  1.21.1-6.el9                  ubi-9-baseos-rpms     770 k
Test OLM installation	Arrange OLM test installation	2025-05-30T16:51:52.2753870Z #14 1.945  libacl                     x86_64  2.3.1-4.el9                   ubi-9-baseos-rpms      24 k
Test OLM installation	Arrange OLM test installation	2025-05-30T16:51:52.2754270Z #14 1.945  libattr                    x86_64  2.5.1-3.el9                   ubi-9-baseos-rpms      20 k
Test OLM installation	Arrange OLM test installation	2025-05-30T16:51:52.2754683Z #14 1.945  libcap                     x86_64  2.48-9.el9_2                  ubi-9-baseos-rpms      74 k
Test OLM installation	Arrange OLM test installation	2025-05-30T16:51:52.2755092Z #14 1.945  libcom_err                 x86_64  1.46.5-7.el9                  ubi-9-baseos-rpms      28 k
Test OLM installation	Arrange OLM test installation	2025-05-30T16:51:52.2755507Z #14 1.945  libevent                   x86_64  2.1.12-8.el9_4                ubi-9-baseos-rpms     266 k
Test OLM installation	Arrange OLM test installation	2025-05-30T16:51:52.2756073Z #14 1.945  libffi                     x86_64  3.4.2-8.el9                   ubi-9-baseos-rpms      40 k
Test OLM installation	Arrange OLM test installation	2025-05-30T16:51:52.2756472Z #14 1.945  libgcc                     x86_64  11.5.0-5.el9_5                ubi-9-baseos-rpms      88 k
Test OLM installation	Arrange OLM test installation	2025-05-30T16:51:52.2756888Z #14 1.945  libgcrypt                  x86_64  1.10.0-11.el9                 ubi-9-baseos-rpms     510 k
Test OLM installation	Arrange OLM test installation	2025-05-30T16:51:52.2757318Z #14 1.945  libgpg-error               x86_64  1.42-5.el9                    ubi-9-baseos-rpms     220 k
Test OLM installation	Arrange OLM test installation	2025-05-30T16:51:52.2757740Z #14 1.945  libidn2                    x86_64  2.3.0-7.el9                   ubi-9-baseos-rpms     105 k
Test OLM installation	Arrange OLM test installation	2025-05-30T16:51:52.2758452Z #14 1.945  libselinux                 x86_64  3.6-3.el9                     ubi-9-baseos-rpms      88 k
Test OLM installation	Arrange OLM test installation	2025-05-30T16:51:52.2758961Z #14 1.945  libsepol                   x86_64  3.6-2.el9                     ubi-9-baseos-rpms     331 k
Test OLM installation	Arrange OLM test installation	2025-05-30T16:51:52.2759381Z #14 1.945  libsigsegv                 x86_64  2.13-4.el9                    ubi-9-baseos-rpms      30 k
Test OLM installation	Arrange OLM test installation	2025-05-30T16:51:52.2759796Z #14 1.945  libtasn1                   x86_64  4.16.0-9.el9                  ubi-9-baseos-rpms      77 k
Test OLM installation	Arrange OLM test installation	2025-05-30T16:51:52.2760222Z #14 1.945  libunistring               x86_64  0.9.10-15.el9                 ubi-9-baseos-rpms     499 k
Test OLM installation	Arrange OLM test installation	2025-05-30T16:51:52.2760645Z #14 1.945  libuuid                    x86_64  2.37.4-21.el9                 ubi-9-baseos-rpms      30 k
Test OLM installation	Arrange OLM test installation	2025-05-30T16:51:52.2761398Z #14 1.945  libverto                   x86_64  0.3.2-3.el9                   ubi-9-baseos-rpms      24 k
Test OLM installation	Arrange OLM test installation	2025-05-30T16:51:52.2762216Z #14 1.945  libxcrypt                  x86_64  4.4.18-3.el9                  ubi-9-baseos-rpms     120 k
Test OLM installation	Arrange OLM test installation	2025-05-30T16:51:52.2762835Z #14 1.945  libzstd                    x86_64  1.5.5-1.el9                   ubi-9-baseos-rpms     297 k
Test OLM installation	Arrange OLM test installation	2025-05-30T16:51:52.2763258Z #14 1.945  lksctp-tools               x86_64  1.0.19-3.el9_4                ubi-9-baseos-rpms     104 k
Test OLM installation	Arrange OLM test installation	2025-05-30T16:51:52.2764468Z #14 1.945  lua                        x86_64  5.4.4-4.el9                   ubi-9-appstream-rpms  192 k
Test OLM installation	Arrange OLM test installation	2025-05-30T16:51:52.2765152Z #14 1.945  lua-libs                   x86_64  5.4.4-4.el9                   ubi-9-baseos-rpms     132 k
Test OLM installation	Arrange OLM test installation	2025-05-30T16:51:52.2765875Z #14 1.945  lua-posix                  x86_64  35.0-8.el9                    ubi-9-appstream-rpms  155 k
Test OLM installation	Arrange OLM test installation	2025-05-30T16:51:52.2766592Z #14 1.945  lz4-libs                   x86_64  1.9.3-5.el9                   ubi-9-baseos-rpms      69 k
Test OLM installation	Arrange OLM test installation	2025-05-30T16:51:52.2767254Z #14 1.945  mpfr                       x86_64  4.1.0-7.el9                   ubi-9-baseos-rpms     329 k
Test OLM installation	Arrange OLM test installation	2025-05-30T16:51:52.2768285Z #14 1.945  ncurses-base               noarch  6.2-10.20210508.el9           ubi-9-baseos-rpms      99 k
Test OLM installation	Arrange OLM test installation	2025-05-30T16:51:52.2769015Z #14 1.945  ncurses-libs               x86_64  6.2-10.20210508.el9           ubi-9-baseos-rpms     332 k
Test OLM installation	Arrange OLM test installation	2025-05-30T16:51:52.2769660Z #14 1.945  nettle                     x86_64  3.10.1-1.el9                  ubi-9-baseos-rpms     568 k
Test OLM installation	Arrange OLM test installation	2025-05-30T16:51:52.2770287Z #14 1.945  nspr                       x86_64  4.35.0-17.el9_2               ubi-9-appstream-rpms  137 k
Test OLM installation	Arrange OLM test installation	2025-05-30T16:51:52.2771400Z #14 1.945  nss                        x86_64  3.101.0-10.el9_2              ubi-9-appstream-rpms  720 k
Test OLM installation	Arrange OLM test installation	2025-05-30T16:51:52.2772308Z #14 1.945  nss-softokn                x86_64  3.101.0-10.el9_2              ubi-9-appstream-rpms  393 k
Test OLM installation	Arrange OLM test installation	2025-05-30T16:51:52.2773237Z #14 1.945  nss-softokn-freebl         x86_64  3.101.0-10.el9_2              ubi-9-appstream-rpms  313 k
Test OLM installation	Arrange OLM test installation	2025-05-30T16:51:52.2774078Z #14 1.945  nss-sysinit                x86_64  3.101.0-10.el9_2              ubi-9-appstream-rpms   21 k
Test OLM installation	Arrange OLM test installation	2025-05-30T16:51:52.2774787Z #14 1.945  nss-util                   x86_64  3.101.0-10.el9_2              ubi-9-appstream-rpms   92 k
Test OLM installation	Arrange OLM test installation	2025-05-30T16:51:52.2775539Z #14 1.945  openssl-fips-provider      x86_64  3.0.7-6.el9_5                 ubi-9-baseos-rpms     9.4 k
Test OLM installation	Arrange OLM test installation	2025-05-30T16:51:52.2776437Z #14 1.945  openssl-fips-provider-so   x86_64  3.0.7-6.el9_5                 ubi-9-baseos-rpms     577 k
Test OLM installation	Arrange OLM test installation	2025-05-30T16:51:52.2777300Z #14 1.945  openssl-libs               x86_64  1:3.2.2-6.el9_5.1             ubi-9-baseos-rpms     2.1 M
Test OLM installation	Arrange OLM test installation	2025-05-30T16:51:52.2778082Z #14 1.945  p11-kit                    x86_64  0.25.3-3.el9_5                ubi-9-baseos-rpms     536 k
Test OLM installation	Arrange OLM test installation	2025-05-30T16:51:52.2778871Z #14 1.945  p11-kit-trust              x86_64  0.25.3-3.el9_5                ubi-9-baseos-rpms     144 k
Test OLM installation	Arrange OLM test installation	2025-05-30T16:51:52.2779585Z #14 1.945  pcre                       x86_64  8.44-4.el9                    ubi-9-baseos-rpms     200 k
Test OLM installation	Arrange OLM test installation	2025-05-30T16:51:52.2780270Z #14 1.945  pcre2                      x86_64  10.40-6.el9                   ubi-9-baseos-rpms     236 k
Test OLM installation	Arrange OLM test installation	2025-05-30T16:51:52.2781053Z #14 1.945  pcre2-syntax               noarch  10.40-6.el9                   ubi-9-baseos-rpms     144 k
Test OLM installation	Arrange OLM test installation	2025-05-30T16:51:52.2782147Z #14 1.945  python3                    x86_64  3.9.21-2.el9                  ubi-9-baseos-rpms      30 k
Test OLM installation	Arrange OLM test installation	2025-05-30T16:51:52.2782945Z #14 1.945  python3-libs               x86_64  3.9.21-2.el9                  ubi-9-baseos-rpms     8.1 M
Test OLM installation	Arrange OLM test installation	2025-05-30T16:51:52.2783787Z #14 1.945  python3-pip-wheel          noarch  21.3.1-1.el9                  ubi-9-baseos-rpms     1.1 M
Test OLM installation	Arrange OLM test installation	2025-05-30T16:51:52.2784704Z #14 1.945  python3-setuptools-wheel   noarch  53.0.0-13.el9                 ubi-9-baseos-rpms     469 k
Test OLM installation	Arrange OLM test installation	2025-05-30T16:51:52.2785680Z #14 1.945  readline                   x86_64  8.1-4.el9                     ubi-9-baseos-rpms     215 k
Test OLM installation	Arrange OLM test installation	2025-05-30T16:51:52.2786489Z #14 1.945  redhat-release             x86_64  9.6-0.1.el9                   ubi-9-baseos-rpms      44 k
Test OLM installation	Arrange OLM test installation	2025-05-30T16:51:52.2787232Z #14 1.945  sed                        x86_64  4.8-9.el9                     ubi-9-baseos-rpms     309 k
Test OLM installation	Arrange OLM test installation	2025-05-30T16:51:52.2788288Z #14 1.945  setup                      noarch  2.13.7-10.el9                 ubi-9-baseos-rpms     150 k
Test OLM installation	Arrange OLM test installation	2025-05-30T16:51:52.2788958Z #14 1.945  sqlite-libs                x86_64  3.34.1-7.el9_3                ubi-9-baseos-rpms     622 k
Test OLM installation	Arrange OLM test installation	2025-05-30T16:51:52.2789694Z #14 1.945  systemd-libs               x86_64  252-51.el9                    ubi-9-baseos-rpms     684 k
Test OLM installation	Arrange OLM test installation	2025-05-30T16:51:52.2790495Z #14 1.945  tzdata                     noarch  2025b-1.el9                   ubi-9-baseos-rpms     842 k
Test OLM installation	Arrange OLM test installation	2025-05-30T16:51:52.2791300Z #14 1.945  tzdata-java                noarch  2025b-1.el9                   ubi-9-appstream-rpms  228 k
Test OLM installation	Arrange OLM test installation	2025-05-30T16:51:52.2792181Z #14 1.945  xz-libs                    x86_64  5.2.5-8.el9_0                 ubi-9-baseos-rpms      94 k
Test OLM installation	Arrange OLM test installation	2025-05-30T16:51:52.2792585Z #14 1.945  zlib                       x86_64  1.2.11-40.el9                 ubi-9-baseos-rpms      93 k
Test OLM installation	Arrange OLM test installation	2025-05-30T16:51:52.2793279Z #14 1.945 
Test OLM installation	Arrange OLM test installation	2025-05-30T16:51:52.2793462Z #14 1.945 Transaction Summary
Test OLM installation	Arrange OLM test installation	2025-05-30T16:51:52.2793937Z #14 1.945 =============================================================================================
Test OLM installation	Arrange OLM test installation	2025-05-30T16:51:52.2794472Z #14 1.945 Install  84 Packages
Test OLM installation	Arrange OLM test installation	2025-05-30T16:51:52.2794874Z #14 1.945 
Test OLM installation	Arrange OLM test installation	2025-05-30T16:51:52.2795214Z #14 1.948 Total download size: 89 M
Test OLM installation	Arrange OLM test installation	2025-05-30T16:51:52.2795665Z #14 1.948 Installed size: 319 M
Test OLM installation	Arrange OLM test installation	2025-05-30T16:51:52.2796050Z #14 1.948 Downloading Packages:
Test OLM installation	Arrange OLM test installation	2025-05-30T16:51:52.2796639Z #14 1.985 (1/84): basesystem-11-13.el9.noarch.rpm         267 kB/s | 8.0 kB     00:00    
Test OLM installation	Arrange OLM test installation	2025-05-30T16:51:52.2797486Z #14 1.987 (2/84): avahi-libs-0.8-22.el9_6.x86_64.rpm      2.0 MB/s |  67 kB     00:00    
Test OLM installation	Arrange OLM test installation	2025-05-30T16:51:52.2798228Z #14 1.991 (3/84): alternatives-1.24-2.el9.x86_64.rpm      1.1 MB/s |  42 kB     00:00    
Test OLM installation	Arrange OLM test installation	2025-05-30T16:51:52.2798794Z #14 1.995 (4/84): bzip2-libs-1.0.8-10.el9_5.x86_64.rpm    5.3 MB/s |  42 kB     00:00    
Test OLM installation	Arrange OLM test installation	2025-05-30T16:51:52.2799522Z #14 2.012 (5/84): coreutils-single-8.32-39.el9.x86_64.rpm  36 MB/s | 625 kB     00:00    
Test OLM installation	Arrange OLM test installation	2025-05-30T16:51:52.2800270Z #14 2.016 (6/84): ca-certificates-2024.2.69_v8.0.303-91.4  40 MB/s | 1.0 MB     00:00    
Test OLM installation	Arrange OLM test installation	2025-05-30T16:51:52.2801055Z #14 2.021 (7/84): bash-5.1.8-9.el9.x86_64.rpm              48 MB/s | 1.7 MB     00:00    
Test OLM installation	Arrange OLM test installation	2025-05-30T16:51:52.2805665Z #14 2.022 (8/84): crypto-policies-20250128-1.git5269e22.e 9.0 MB/s |  90 kB     00:00    
Test OLM installation	Arrange OLM test installation	2025-05-30T16:51:52.2807245Z #14 2.024 (9/84): crypto-policies-scripts-20250128-1.git5  13 MB/s | 101 kB     00:00    
Test OLM installation	Arrange OLM test installation	2025-05-30T16:51:52.2808074Z #14 2.027 (10/84): cups-libs-2.3.3op2-33.el9.x86_64.rpm    42 MB/s | 265 kB     00:00    
Test OLM installation	Arrange OLM test installation	2025-05-30T16:51:52.2808735Z #14 2.030 (11/84): expat-2.5.0-5.el9_6.x86_64.rpm          21 MB/s | 119 kB     00:00    
Test OLM installation	Arrange OLM test installation	2025-05-30T16:51:52.2809448Z #14 2.031 (12/84): dbus-libs-1.12.20-8.el9.x86_64.rpm      18 MB/s | 154 kB     00:00    
Test OLM installation	Arrange OLM test installation	2025-05-30T16:51:52.2810234Z #14 2.040 (13/84): findutils-4.8.0-7.el9.x86_64.rpm        55 MB/s | 550 kB     00:00    
Test OLM installation	Arrange OLM test installation	2025-05-30T16:51:52.2814258Z #14 2.058 (14/84): gdbm-libs-1.23-1.el9.x86_64.rpm        3.2 MB/s |  59 kB     00:00    
Test OLM installation	Arrange OLM test installation	2025-05-30T16:51:52.3772241Z #14 2.062 (15/84): gawk-5.1.0-6.el9.x86_64.rpm             33 MB/s | 1.0 MB     00:00    
Test OLM installation	Arrange OLM test installation	2025-05-30T16:51:52.3773614Z #14 2.073 (16/84): glibc-common-2.34-168.el9_6.14.x86_64.  28 MB/s | 304 kB     00:00    
Test OLM installation	Arrange OLM test installation	2025-05-30T16:51:52.3774884Z #14 2.084 (17/84): filesystem-3.16-5.el9.x86_64.rpm        86 MB/s | 4.8 MB     00:00    
Test OLM installation	Arrange OLM test installation	2025-05-30T16:51:52.3776411Z #14 2.091 (18/84): glibc-langpack-en-2.34-168.el9_6.14.x8  38 MB/s | 657 kB     00:00    
Test OLM installation	Arrange OLM test installation	2025-05-30T16:51:52.3777253Z #14 2.094 (19/84): gmp-6.2.0-13.el9.x86_64.rpm             31 MB/s | 319 kB     00:00    
Test OLM installation	Arrange OLM test installation	2025-05-30T16:51:52.3777984Z #14 2.100 (20/84): glibc-2.34-168.el9_6.14.x86_64.rpm      47 MB/s | 2.0 MB     00:00    
Test OLM installation	Arrange OLM test installation	2025-05-30T16:51:52.3778690Z #14 2.104 (21/84): grep-3.6-5.el9.x86_64.rpm               28 MB/s | 273 kB     00:00    
Test OLM installation	Arrange OLM test installation	2025-05-30T16:51:52.3779435Z #14 2.107 (22/84): keyutils-libs-1.6.3-1.el9.x86_64.rpm   5.5 MB/s |  34 kB     00:00    
Test OLM installation	Arrange OLM test installation	2025-05-30T16:51:52.3780668Z #14 2.113 (23/84): gnutls-3.8.3-6.el9.x86_64.rpm           48 MB/s | 1.1 MB     00:00    
Test OLM installation	Arrange OLM test installation	2025-05-30T16:51:52.3782284Z #14 2.115 (24/84): libacl-2.3.1-4.el9.x86_64.rpm          3.2 MB/s |  24 kB     00:00    
Test OLM installation	Arrange OLM test installation	2025-05-30T16:51:52.3783189Z #14 2.119 (25/84): krb5-libs-1.21.1-6.el9.x86_64.rpm       54 MB/s | 770 kB     00:00    
Test OLM installation	Arrange OLM test installation	2025-05-30T16:51:52.3783896Z #14 2.124 (26/84): libcom_err-1.46.5-7.el9.x86_64.rpm     5.5 MB/s |  28 kB     00:00    
Test OLM installation	Arrange OLM test installation	2025-05-30T16:51:52.3784620Z #14 2.126 (27/84): libattr-2.5.1-3.el9.x86_64.rpm         1.7 MB/s |  20 kB     00:00    
Test OLM installation	Arrange OLM test installation	2025-05-30T16:51:52.3786435Z #14 2.127 (28/84): libcap-2.48-9.el9_2.x86_64.rpm         6.1 MB/s |  74 kB     00:00    
Test OLM installation	Arrange OLM test installation	2025-05-30T16:51:52.3787077Z #14 2.132 (29/84): libevent-2.1.12-8.el9_4.x86_64.rpm      37 MB/s | 266 kB     00:00    
Test OLM installation	Arrange OLM test installation	2025-05-30T16:51:52.3787550Z #14 2.133 (30/84): libffi-3.4.2-8.el9.x86_64.rpm          5.8 MB/s |  40 kB     00:00    
Test OLM installation	Arrange OLM test installation	2025-05-30T16:51:52.3788269Z #14 2.135 (31/84): libgcc-11.5.0-5.el9_5.x86_64.rpm        12 MB/s |  88 kB     00:00    
Test OLM installation	Arrange OLM test installation	2025-05-30T16:51:52.3788724Z #14 2.141 (32/84): libgpg-error-1.42-5.el9.x86_64.rpm      30 MB/s | 220 kB     00:00    
Test OLM installation	Arrange OLM test installation	2025-05-30T16:51:52.3789150Z #14 2.142 (33/84): libidn2-2.3.0-7.el9.x86_64.rpm          13 MB/s | 105 kB     00:00    
Test OLM installation	Arrange OLM test installation	2025-05-30T16:51:52.3789568Z #14 2.145 (34/84): libgcrypt-1.10.0-11.el9.x86_64.rpm      41 MB/s | 510 kB     00:00    
Test OLM installation	Arrange OLM test installation	2025-05-30T16:51:52.3789997Z #14 2.150 (35/84): libsepol-3.6-2.el9.x86_64.rpm           44 MB/s | 331 kB     00:00    
Test OLM installation	Arrange OLM test installation	2025-05-30T16:51:52.3790444Z #14 2.152 (36/84): libsigsegv-2.13-4.el9.x86_64.rpm       5.1 MB/s |  30 kB     00:00    
Test OLM installation	Arrange OLM test installation	2025-05-30T16:51:52.3790870Z #14 2.153 (37/84): libselinux-3.6-3.el9.x86_64.rpm        7.1 MB/s |  88 kB     00:00    
Test OLM installation	Arrange OLM test installation	2025-05-30T16:51:52.3791289Z #14 2.156 (38/84): libtasn1-4.16.0-9.el9.x86_64.rpm        14 MB/s |  77 kB     00:00    
Test OLM installation	Arrange OLM test installation	2025-05-30T16:51:52.3792002Z #14 2.158 (39/84): libuuid-2.37.4-21.el9.x86_64.rpm       6.4 MB/s |  30 kB     00:00    
Test OLM installation	Arrange OLM test installation	2025-05-30T16:51:52.3792805Z #14 2.162 (40/84): libunistring-0.9.10-15.el9.x86_64.rpm   48 MB/s | 499 kB     00:00    
Test OLM installation	Arrange OLM test installation	2025-05-30T16:51:52.4822277Z #14 2.165 (41/84): libverto-0.3.2-3.el9.x86_64.rpm        2.9 MB/s |  24 kB     00:00    
Test OLM installation	Arrange OLM test installation	2025-05-30T16:51:52.4823220Z #14 2.167 (42/84): libxcrypt-4.4.18-3.el9.x86_64.rpm       14 MB/s | 120 kB     00:00    
Test OLM installation	Arrange OLM test installation	2025-05-30T16:51:52.4824015Z #14 2.173 (43/84): lua-libs-5.4.4-4.el9.x86_64.rpm         22 MB/s | 132 kB     00:00    
Test OLM installation	Arrange OLM test installation	2025-05-30T16:51:52.4824763Z #14 2.179 (44/84): lz4-libs-1.9.3-5.el9.x86_64.rpm         12 MB/s |  69 kB     00:00    
Test OLM installation	Arrange OLM test installation	2025-05-30T16:51:52.4825521Z #14 2.186 (45/84): lksctp-tools-1.0.19-3.el9_4.x86_64.rpm 4.8 MB/s | 104 kB     00:00    
Test OLM installation	Arrange OLM test installation	2025-05-30T16:51:52.4826298Z #14 2.189 (46/84): libzstd-1.5.5-1.el9.x86_64.rpm          11 MB/s | 297 kB     00:00    
Test OLM installation	Arrange OLM test installation	2025-05-30T16:51:52.4827039Z #14 2.191 (47/84): mpfr-4.1.0-7.el9.x86_64.rpm             29 MB/s | 329 kB     00:00    
Test OLM installation	Arrange OLM test installation	2025-05-30T16:51:52.4827799Z #14 2.199 (48/84): nettle-3.10.1-1.el9.x86_64.rpm          65 MB/s | 568 kB     00:00    
Test OLM installation	Arrange OLM test installation	2025-05-30T16:51:52.4828592Z #14 2.201 (49/84): ncurses-base-6.2-10.20210508.el9.noarc 6.7 MB/s |  99 kB     00:00    
Test OLM installation	Arrange OLM test installation	2025-05-30T16:51:52.4829400Z #14 2.205 (50/84): ncurses-libs-6.2-10.20210508.el9.x86_6  21 MB/s | 332 kB     00:00    
Test OLM installation	Arrange OLM test installation	2025-05-30T16:51:52.4830245Z #14 2.206 (51/84): openssl-fips-provider-3.0.7-6.el9_5.x8 1.5 MB/s | 9.4 kB     00:00    
Test OLM installation	Arrange OLM test installation	2025-05-30T16:51:52.4831114Z #14 2.212 (52/84): openssl-fips-provider-so-3.0.7-6.el9_5  53 MB/s | 577 kB     00:00    
Test OLM installation	Arrange OLM test installation	2025-05-30T16:51:52.4832238Z #14 2.218 (53/84): p11-kit-0.25.3-3.el9_5.x86_64.rpm       43 MB/s | 536 kB     00:00    
Test OLM installation	Arrange OLM test installation	2025-05-30T16:51:52.4833024Z #14 2.221 (54/84): p11-kit-trust-0.25.3-3.el9_5.x86_64.rp  18 MB/s | 144 kB     00:00    
Test OLM installation	Arrange OLM test installation	2025-05-30T16:51:52.4833794Z #14 2.228 (55/84): pcre-8.44-4.el9.x86_64.rpm              23 MB/s | 200 kB     00:00    
Test OLM installation	Arrange OLM test installation	2025-05-30T16:51:52.4834553Z #14 2.230 (56/84): pcre2-10.40-6.el9.x86_64.rpm            25 MB/s | 236 kB     00:00    
Test OLM installation	Arrange OLM test installation	2025-05-30T16:51:52.4835348Z #14 2.236 (57/84): openssl-libs-3.2.2-6.el9_5.1.x86_64.rp  68 MB/s | 2.1 MB     00:00    
Test OLM installation	Arrange OLM test installation	2025-05-30T16:51:52.4836545Z #14 2.238 (58/84): python3-3.9.21-2.el9.x86_64.rpm        4.2 MB/s |  30 kB     00:00    
Test OLM installation	Arrange OLM test installation	2025-05-30T16:51:52.4837350Z #14 2.239 (59/84): pcre2-syntax-10.40-6.el9.noarch.rpm     12 MB/s | 144 kB     00:00    
Test OLM installation	Arrange OLM test installation	2025-05-30T16:51:52.4839545Z #14 2.249 (60/84): python3-setuptools-wheel-53.0.0-13.el9  53 MB/s | 469 kB     00:00    
Test OLM installation	Arrange OLM test installation	2025-05-30T16:51:52.4841561Z #14 2.257 (61/84): readline-8.1-4.el9.x86_64.rpm           28 MB/s | 215 kB     00:00    
Test OLM installation	Arrange OLM test installation	2025-05-30T16:51:52.4844437Z #14 2.262 (62/84): redhat-release-9.6-0.1.el9.x86_64.rpm  9.0 MB/s |  44 kB     00:00    
Test OLM installation	Arrange OLM test installation	2025-05-30T16:51:52.4845306Z #14 2.267 (63/84): python3-pip-wheel-21.3.1-1.el9.noarch.  39 MB/s | 1.1 MB     00:00    
Test OLM installation	Arrange OLM test installation	2025-05-30T16:51:52.5840450Z #14 2.273 (64/84): sed-4.8-9.el9.x86_64.rpm                28 MB/s | 309 kB     00:00    
Test OLM installation	Arrange OLM test installation	2025-05-30T16:51:52.5842996Z #14 2.278 (65/84): setup-2.13.7-10.el9.noarch.rpm          15 MB/s | 150 kB     00:00    
Test OLM installation	Arrange OLM test installation	2025-05-30T16:51:52.5845304Z #14 2.284 (66/84): sqlite-libs-3.34.1-7.el9_3.x86_64.rpm   56 MB/s | 622 kB     00:00    
Test OLM installation	Arrange OLM test installation	2025-05-30T16:51:52.5847220Z #14 2.291 (67/84): systemd-libs-252-51.el9.x86_64.rpm      52 MB/s | 684 kB     00:00    
Test OLM installation	Arrange OLM test installation	2025-05-30T16:51:52.5848607Z #14 2.297 (68/84): xz-libs-5.2.5-8.el9_0.x86_64.rpm        16 MB/s |  94 kB     00:00    
Test OLM installation	Arrange OLM test installation	2025-05-30T16:51:52.5850186Z #14 2.301 (69/84): tzdata-2025b-1.el9.noarch.rpm           51 MB/s | 842 kB     00:00    
Test OLM installation	Arrange OLM test installation	2025-05-30T16:51:52.5850995Z #14 2.304 (70/84): zlib-1.2.11-40.el9.x86_64.rpm           13 MB/s |  93 kB     00:00    
Test OLM installation	Arrange OLM test installation	2025-05-30T16:51:52.5851957Z #14 2.313 (71/84): lua-5.4.4-4.el9.x86_64.rpm              24 MB/s | 192 kB     00:00    
Test OLM installation	Arrange OLM test installation	2025-05-30T16:51:52.5854050Z #14 2.314 (72/84): copy-jdk-configs-4.0-3.el9.noarch.rpm  2.3 MB/s |  29 kB     00:00    
Test OLM installation	Arrange OLM test installation	2025-05-30T16:51:52.5854895Z #14 2.330 (73/84): python3-libs-3.9.21-2.el9.x86_64.rpm    86 MB/s | 8.1 MB     00:00    
Test OLM installation	Arrange OLM test installation	2025-05-30T16:51:52.5856383Z #14 2.333 (74/84): lua-posix-35.0-8.el9.x86_64.rpm        7.5 MB/s | 155 kB     00:00    
Test OLM installation	Arrange OLM test installation	2025-05-30T16:51:52.5857207Z #14 2.337 (75/84): alsa-lib-1.2.13-2.el9.x86_64.rpm        22 MB/s | 530 kB     00:00    
Test OLM installation	Arrange OLM test installation	2025-05-30T16:51:52.5858860Z #14 2.339 (76/84): javapackages-filesystem-6.4.0-1.el9.no 3.2 MB/s |  17 kB     00:00    
Test OLM installation	Arrange OLM test installation	2025-05-30T16:51:52.5860385Z #14 2.345 (77/84): nspr-4.35.0-17.el9_2.x86_64.rpm         18 MB/s | 137 kB     00:00    
Test OLM installation	Arrange OLM test installation	2025-05-30T16:51:52.5861140Z #14 2.354 (78/84): nss-3.101.0-10.el9_2.x86_64.rpm         47 MB/s | 720 kB     00:00    
Test OLM installation	Arrange OLM test installation	2025-05-30T16:51:52.5862089Z #14 2.357 (79/84): nss-softokn-3.101.0-10.el9_2.x86_64.rp  32 MB/s | 393 kB     00:00    
Test OLM installation	Arrange OLM test installation	2025-05-30T16:51:52.5862946Z #14 2.362 (80/84): nss-softokn-freebl-3.101.0-10.el9_2.x8  39 MB/s | 313 kB     00:00    
Test OLM installation	Arrange OLM test installation	2025-05-30T16:51:52.5863740Z #14 2.369 (81/84): nss-util-3.101.0-10.el9_2.x86_64.rpm    14 MB/s |  92 kB     00:00    
Test OLM installation	Arrange OLM test installation	2025-05-30T16:51:52.7416940Z #14 2.374 (82/84): nss-sysinit-3.101.0-10.el9_2.x86_64.rp 1.3 MB/s |  21 kB     00:00    
Test OLM installation	Arrange OLM test installation	2025-05-30T16:51:52.7419134Z #14 2.377 (83/84): tzdata-java-2025b-1.el9.noarch.rpm      32 MB/s | 228 kB     00:00    
Test OLM installation	Arrange OLM test installation	2025-05-30T16:51:52.8327982Z #14 2.618 (84/84): java-21-openjdk-headless-21.0.7.0.6-1. 171 MB/s |  49 MB     00:00    
Test OLM installation	Arrange OLM test installation	2025-05-30T16:51:53.0750115Z #14 2.621 --------------------------------------------------------------------------------
Test OLM installation	Arrange OLM test installation	2025-05-30T16:51:53.0750856Z #14 2.622 Total                                           132 MB/s |  89 MB     00:00     
Test OLM installation	Arrange OLM test installation	2025-05-30T16:51:53.0751552Z #14 2.633 Red Hat Universal Base Image 9 (RPMs) - BaseOS  3.5 MB/s | 3.6 kB     00:00    
Test OLM installation	Arrange OLM test installation	2025-05-30T16:51:53.0752434Z #14 2.704 Importing GPG key 0xFD431D51:
Test OLM installation	Arrange OLM test installation	2025-05-30T16:51:53.0753005Z #14 2.704  Userid     : "Red Hat, Inc. (release key 2) <security@redhat.com>"
Test OLM installation	Arrange OLM test installation	2025-05-30T16:51:53.0753734Z #14 2.704  Fingerprint: 567E 347A D004 4ADE 55BA 8A5F 199E 2F91 FD43 1D51
Test OLM installation	Arrange OLM test installation	2025-05-30T16:51:53.0754445Z #14 2.704  From       : /etc/pki/rpm-gpg/RPM-GPG-KEY-redhat-release
Test OLM installation	Arrange OLM test installation	2025-05-30T16:51:53.0754997Z #14 2.708 Key imported successfully
Test OLM installation	Arrange OLM test installation	2025-05-30T16:51:53.0755875Z #14 2.709 Importing GPG key 0x5A6340B3:
Test OLM installation	Arrange OLM test installation	2025-05-30T16:51:53.0756579Z #14 2.709  Userid     : "Red Hat, Inc. (auxiliary key 3) <security@redhat.com>"
Test OLM installation	Arrange OLM test installation	2025-05-30T16:51:53.0757355Z #14 2.709  Fingerprint: 7E46 2425 8C40 6535 D56D 6F13 5054 E4A4 5A63 40B3
Test OLM installation	Arrange OLM test installation	2025-05-30T16:51:53.0757960Z #14 2.709  From       : /etc/pki/rpm-gpg/RPM-GPG-KEY-redhat-release
Test OLM installation	Arrange OLM test installation	2025-05-30T16:51:53.0758467Z #14 2.710 Key imported successfully
Test OLM installation	Arrange OLM test installation	2025-05-30T16:51:54.0734298Z #14 3.858 Running transaction check
Test OLM installation	Arrange OLM test installation	2025-05-30T16:51:54.2765615Z #14 3.911 Transaction check succeeded.
Test OLM installation	Arrange OLM test installation	2025-05-30T16:51:54.2766194Z #14 3.911 Running transaction test
Test OLM installation	Arrange OLM test installation	2025-05-30T16:51:54.7641984Z #14 4.549 Transaction test succeeded.
Test OLM installation	Arrange OLM test installation	2025-05-30T16:51:54.9153286Z #14 4.550 Running transaction
Test OLM installation	Arrange OLM test installation	2025-05-30T16:51:55.4046596Z #14 5.036   Running scriptlet: filesystem-3.16-5.el9.x86_64                           1/1 
Test OLM installation	Arrange OLM test installation	2025-05-30T16:51:55.4047545Z #14 5.038   Running scriptlet: copy-jdk-configs-4.0-3.el9.noarch                      1/1 
Test OLM installation	Arrange OLM test installation	2025-05-30T16:51:55.5258461Z #14 5.039   Running scriptlet: java-21-openjdk-headless-1:21.0.7.0.6-1.el9.x86_64     1/1 
Test OLM installation	Arrange OLM test installation	2025-05-30T16:51:55.6859110Z #14 5.311   Preparing        :                                                        1/1 
Test OLM installation	Arrange OLM test installation	2025-05-30T16:51:55.6859824Z #14 5.318   Installing       : libgcc-11.5.0-5.el9_5.x86_64                          1/84 
Test OLM installation	Arrange OLM test installation	2025-05-30T16:51:55.7245542Z #14 5.320   Running scriptlet: libgcc-11.5.0-5.el9_5.x86_64                          1/84 
Test OLM installation	Arrange OLM test installation	2025-05-30T16:51:55.8358009Z #14 5.509   Installing       : tzdata-2025b-1.el9.noarch                             2/84 
Test OLM installation	Arrange OLM test installation	2025-05-30T16:51:55.8358886Z #14 5.557   Installing       : tzdata-java-2025b-1.el9.noarch                        3/84 
Test OLM installation	Arrange OLM test installation	2025-05-30T16:51:55.8359488Z #14 5.564   Installing       : javapackages-filesystem-6.4.0-1.el9.noarch            4/84 
Test OLM installation	Arrange OLM test installation	2025-05-30T16:51:55.8360080Z #14 5.570   Installing       : redhat-release-9.6-0.1.el9.x86_64                     5/84 
Test OLM installation	Arrange OLM test installation	2025-05-30T16:51:55.8360669Z #14 5.578   Installing       : setup-2.13.7-10.el9.noarch                            6/84 
Test OLM installation	Arrange OLM test installation	2025-05-30T16:51:55.8361260Z #14 5.579   Running scriptlet: setup-2.13.7-10.el9.noarch                            6/84 
Test OLM installation	Arrange OLM test installation	2025-05-30T16:51:55.9829975Z #14 5.621   Installing       : filesystem-3.16-5.el9.x86_64                          7/84 
Test OLM installation	Arrange OLM test installation	2025-05-30T16:51:55.9831489Z #14 5.671   Installing       : basesystem-11-13.el9.noarch                           8/84 
Test OLM installation	Arrange OLM test installation	2025-05-30T16:51:55.9832459Z #14 5.674   Installing       : python3-setuptools-wheel-53.0.0-13.el9.noarch         9/84 
Test OLM installation	Arrange OLM test installation	2025-05-30T16:51:55.9833111Z #14 5.677   Installing       : pcre2-syntax-10.40-6.el9.noarch                      10/84 
Test OLM installation	Arrange OLM test installation	2025-05-30T16:51:55.9833716Z #14 5.697   Installing       : ncurses-base-6.2-10.20210508.el9.noarch              11/84 
Test OLM installation	Arrange OLM test installation	2025-05-30T16:51:56.1886495Z #14 5.768   Installing       : glibc-langpack-en-2.34-168.el9_6.14.x86_64           12/84 
Test OLM installation	Arrange OLM test installation	2025-05-30T16:51:56.1887194Z #14 5.782   Installing       : glibc-common-2.34-168.el9_6.14.x86_64                13/84 
Test OLM installation	Arrange OLM test installation	2025-05-30T16:51:56.1887794Z #14 5.786   Running scriptlet: glibc-2.34-168.el9_6.14.x86_64                       14/84 
Test OLM installation	Arrange OLM test installation	2025-05-30T16:51:56.1888367Z #14 5.820   Installing       : glibc-2.34-168.el9_6.14.x86_64                       14/84 
Test OLM installation	Arrange OLM test installation	2025-05-30T16:51:56.5336752Z #14 5.823   Running scriptlet: glibc-2.34-168.el9_6.14.x86_64                       14/84 
Test OLM installation	Arrange OLM test installation	2025-05-30T16:51:56.6407901Z #14 6.319   Installing       : ncurses-libs-6.2-10.20210508.el9.x86_64              15/84 
Test OLM installation	Arrange OLM test installation	2025-05-30T16:51:56.6409018Z #14 6.336   Installing       : bash-5.1.8-9.el9.x86_64                              16/84 
Test OLM installation	Arrange OLM test installation	2025-05-30T16:51:56.6409786Z #14 6.340   Running scriptlet: bash-5.1.8-9.el9.x86_64                              16/84 
Test OLM installation	Arrange OLM test installation	2025-05-30T16:51:56.6410451Z #14 6.356   Installing       : crypto-policies-20250128-1.git5269e22.el9.noarch     17/84 
Test OLM installation	Arrange OLM test installation	2025-05-30T16:51:56.6411139Z #14 6.358   Running scriptlet: crypto-policies-20250128-1.git5269e22.el9.noarch     17/84 
Test OLM installation	Arrange OLM test installation	2025-05-30T16:51:56.6411991Z #14 6.362   Installing       : nspr-4.35.0-17.el9_2.x86_64                          18/84 
Test OLM installation	Arrange OLM test installation	2025-05-30T16:51:56.6413214Z #14 6.366   Installing       : nss-util-3.101.0-10.el9_2.x86_64                     19/84 
Test OLM installation	Arrange OLM test installation	2025-05-30T16:51:56.6413963Z #14 6.370   Installing       : zlib-1.2.11-40.el9.x86_64                            20/84 
Test OLM installation	Arrange OLM test installation	2025-05-30T16:51:56.6414798Z #14 6.375   Installing       : readline-8.1-4.el9.x86_64                            21/84 
Test OLM installation	Arrange OLM test installation	2025-05-30T16:51:56.6415630Z #14 6.378   Installing       : libtasn1-4.16.0-9.el9.x86_64                         22/84 
Test OLM installation	Arrange OLM test installation	2025-05-30T16:51:56.6416509Z #14 6.383   Installing       : libxcrypt-4.4.18-3.el9.x86_64                        23/84 
Test OLM installation	Arrange OLM test installation	2025-05-30T16:51:56.6417399Z #14 6.390   Installing       : sqlite-libs-3.34.1-7.el9_3.x86_64                    24/84 
Test OLM installation	Arrange OLM test installation	2025-05-30T16:51:56.6418178Z #14 6.393   Installing       : alternatives-1.24-2.el9.x86_64                       25/84 
Test OLM installation	Arrange OLM test installation	2025-05-30T16:51:56.6418808Z #14 6.399   Installing       : gmp-1:6.2.0-13.el9.x86_64                            26/84 
Test OLM installation	Arrange OLM test installation	2025-05-30T16:51:56.6419576Z #14 6.402   Installing       : libattr-2.5.1-3.el9.x86_64                           27/84 
Test OLM installation	Arrange OLM test installation	2025-05-30T16:51:56.6420214Z #14 6.405   Installing       : libacl-2.3.1-4.el9.x86_64                            28/84 
Test OLM installation	Arrange OLM test installation	2025-05-30T16:51:56.6420646Z #14 6.411   Installing       : libcap-2.48-9.el9_2.x86_64                           29/84 
Test OLM installation	Arrange OLM test installation	2025-05-30T16:51:56.6421100Z #14 6.414   Installing       : libffi-3.4.2-8.el9.x86_64                            30/84 
Test OLM installation	Arrange OLM test installation	2025-05-30T16:51:56.7992051Z #14 6.426   Installing       : p11-kit-0.25.3-3.el9_5.x86_64                        31/84 
Test OLM installation	Arrange OLM test installation	2025-05-30T16:51:56.7992823Z #14 6.432   Installing       : p11-kit-trust-0.25.3-3.el9_5.x86_64                  32/84 
Test OLM installation	Arrange OLM test installation	2025-05-30T16:51:56.8958111Z #14 6.434   Running scriptlet: p11-kit-trust-0.25.3-3.el9_5.x86_64                  32/84 
Test OLM installation	Arrange OLM test installation	2025-05-30T16:51:56.9984592Z #14 6.681   Installing       : libsigsegv-2.13-4.el9.x86_64                         33/84 
Test OLM installation	Arrange OLM test installation	2025-05-30T16:51:56.9985532Z #14 6.690   Installing       : libunistring-0.9.10-15.el9.x86_64                    34/84 
Test OLM installation	Arrange OLM test installation	2025-05-30T16:51:56.9986392Z #14 6.694   Installing       : lua-libs-5.4.4-4.el9.x86_64                          35/84 
Test OLM installation	Arrange OLM test installation	2025-05-30T16:51:56.9987150Z #14 6.698   Installing       : xz-libs-5.2.5-8.el9_0.x86_64                         36/84 
Test OLM installation	Arrange OLM test installation	2025-05-30T16:51:56.9987892Z #14 6.702   Installing       : lua-5.4.4-4.el9.x86_64                               37/84 
Test OLM installation	Arrange OLM test installation	2025-05-30T16:51:56.9988354Z #14 6.716   Installing       : lua-posix-35.0-8.el9.x86_64                          38/84 
Test OLM installation	Arrange OLM test installation	2025-05-30T16:51:56.9988919Z #14 6.722   Installing       : libidn2-2.3.0-7.el9.x86_64                           39/84 
Test OLM installation	Arrange OLM test installation	2025-05-30T16:51:56.9989437Z #14 6.728   Installing       : mpfr-4.1.0-7.el9.x86_64                              40/84 
Test OLM installation	Arrange OLM test installation	2025-05-30T16:51:56.9990005Z #14 6.745   Installing       : gawk-5.1.0-6.el9.x86_64                              41/84 
Test OLM installation	Arrange OLM test installation	2025-05-30T16:51:56.9991202Z #14 6.754   Installing       : nss-softokn-freebl-3.101.0-10.el9_2.x86_64           42/84 
Test OLM installation	Arrange OLM test installation	2025-05-30T16:51:56.9992021Z #14 6.763   Installing       : nss-softokn-3.101.0-10.el9_2.x86_64                  43/84 
Test OLM installation	Arrange OLM test installation	2025-05-30T16:51:56.9992611Z #14 6.769   Installing       : lksctp-tools-1.0.19-3.el9_4.x86_64                   44/84 
Test OLM installation	Arrange OLM test installation	2025-05-30T16:51:56.9993053Z #14 6.772   Installing       : bzip2-libs-1.0.8-10.el9_5.x86_64                     45/84 
Test OLM installation	Arrange OLM test installation	2025-05-30T16:51:56.9993610Z #14 6.776   Installing       : expat-2.5.0-5.el9_6.x86_64                           46/84 
Test OLM installation	Arrange OLM test installation	2025-05-30T16:51:56.9994073Z #14 6.780   Installing       : gdbm-libs-1:1.23-1.el9.x86_64                        47/84 
Test OLM installation	Arrange OLM test installation	2025-05-30T16:51:57.0997746Z #14 6.784   Installing       : keyutils-libs-1.6.3-1.el9.x86_64                     48/84 
Test OLM installation	Arrange OLM test installation	2025-05-30T16:51:57.0998701Z #14 6.787   Installing       : libcom_err-1.46.5-7.el9.x86_64                       49/84 
Test OLM installation	Arrange OLM test installation	2025-05-30T16:51:57.0999547Z #14 6.793   Installing       : libgpg-error-1.42-5.el9.x86_64                       50/84 
Test OLM installation	Arrange OLM test installation	2025-05-30T16:51:57.1000390Z #14 6.801   Installing       : libgcrypt-1.10.0-11.el9.x86_64                       51/84 
Test OLM installation	Arrange OLM test installation	2025-05-30T16:51:57.1001453Z #14 6.807   Installing       : libsepol-3.6-2.el9.x86_64                            52/84 
Test OLM installation	Arrange OLM test installation	2025-05-30T16:51:57.1002245Z #14 6.811   Installing       : libuuid-2.37.4-21.el9.x86_64                         53/84 
Test OLM installation	Arrange OLM test installation	2025-05-30T16:51:57.1002777Z #14 6.814   Installing       : libverto-0.3.2-3.el9.x86_64                          54/84 
Test OLM installation	Arrange OLM test installation	2025-05-30T16:51:57.1003299Z #14 6.819   Installing       : libzstd-1.5.5-1.el9.x86_64                           55/84 
Test OLM installation	Arrange OLM test installation	2025-05-30T16:51:57.1003813Z #14 6.822   Installing       : lz4-libs-1.9.3-5.el9.x86_64                          56/84 
Test OLM installation	Arrange OLM test installation	2025-05-30T16:51:57.1004326Z #14 6.829   Installing       : nettle-3.10.1-1.el9.x86_64                           57/84 
Test OLM installation	Arrange OLM test installation	2025-05-30T16:51:57.1004836Z #14 6.842   Installing       : gnutls-3.8.3-6.el9.x86_64                            58/84 
Test OLM installation	Arrange OLM test installation	2025-05-30T16:51:57.1005351Z #14 6.848   Installing       : pcre-8.44-4.el9.x86_64                               59/84 
Test OLM installation	Arrange OLM test installation	2025-05-30T16:51:57.1006222Z #14 6.853   Installing       : grep-3.6-5.el9.x86_64                                60/84 
Test OLM installation	Arrange OLM test installation	2025-05-30T16:51:57.1006752Z #14 6.860   Installing       : pcre2-10.40-6.el9.x86_64                             61/84 
Test OLM installation	Arrange OLM test installation	2025-05-30T16:51:57.1007297Z #14 6.863   Installing       : libselinux-3.6-3.el9.x86_64                          62/84 
Test OLM installation	Arrange OLM test installation	2025-05-30T16:51:57.2594193Z #14 6.885   Installing       : coreutils-single-8.32-39.el9.x86_64                  63/84 
Test OLM installation	Arrange OLM test installation	2025-05-30T16:51:57.2595098Z #14 6.890   Installing       : sed-4.8-9.el9.x86_64                                 64/84 
Test OLM installation	Arrange OLM test installation	2025-05-30T16:51:57.3660836Z #14 6.894   Running scriptlet: ca-certificates-2024.2.69_v8.0.303-91.4.el9_4.noar   65/84 
Test OLM installation	Arrange OLM test installation	2025-05-30T16:51:57.5204066Z #14 7.151   Installing       : ca-certificates-2024.2.69_v8.0.303-91.4.el9_4.noar   65/84 
Test OLM installation	Arrange OLM test installation	2025-05-30T16:51:58.6747401Z #14 7.155   Running scriptlet: ca-certificates-2024.2.69_v8.0.303-91.4.el9_4.noar   65/84 
Test OLM installation	Arrange OLM test installation	2025-05-30T16:51:58.9129870Z #14 8.459   Installing       : python3-pip-wheel-21.3.1-1.el9.noarch                66/84 
Test OLM installation	Arrange OLM test installation	2025-05-30T16:51:58.9130661Z #14 8.468   Installing       : openssl-fips-provider-so-3.0.7-6.el9_5.x86_64        67/84 
Test OLM installation	Arrange OLM test installation	2025-05-30T16:51:58.9131324Z #14 8.468   Installing       : openssl-fips-provider-3.0.7-6.el9_5.x86_64           68/84 
Test OLM installation	Arrange OLM test installation	2025-05-30T16:51:58.9132212Z #14 8.518   Installing       : openssl-libs-1:3.2.2-6.el9_5.1.x86_64                69/84 
Test OLM installation	Arrange OLM test installation	2025-05-30T16:51:58.9132790Z #14 8.528   Installing       : krb5-libs-1.21.1-6.el9.x86_64                        70/84 
Test OLM installation	Arrange OLM test installation	2025-05-30T16:51:58.9133369Z #14 8.543   Installing       : libevent-2.1.12-8.el9_4.x86_64                       71/84 
Test OLM installation	Arrange OLM test installation	2025-05-30T16:51:59.1318720Z #14 8.547   Installing       : python3-3.9.21-2.el9.x86_64                          72/84 
Test OLM installation	Arrange OLM test installation	2025-05-30T16:51:59.3198483Z #14 8.917   Installing       : python3-libs-3.9.21-2.el9.x86_64                     73/84 
Test OLM installation	Arrange OLM test installation	2025-05-30T16:51:59.3199792Z #14 8.938   Installing       : crypto-policies-scripts-20250128-1.git5269e22.el9.   74/84 
Test OLM installation	Arrange OLM test installation	2025-05-30T16:51:59.3201163Z #14 8.942   Installing       : nss-sysinit-3.101.0-10.el9_2.x86_64                  75/84 
Test OLM installation	Arrange OLM test installation	2025-05-30T16:51:59.3202192Z #14 8.952   Installing       : nss-3.101.0-10.el9_2.x86_64                          76/84 
Test OLM installation	Arrange OLM test installation	2025-05-30T16:51:59.4239197Z #14 8.955   Running scriptlet: nss-3.101.0-10.el9_2.x86_64                          76/84 
Test OLM installation	Arrange OLM test installation	2025-05-30T16:51:59.5773186Z #14 9.209   Installing       : systemd-libs-252-51.el9.x86_64                       77/84 
Test OLM installation	Arrange OLM test installation	2025-05-30T16:51:59.6827906Z #14 9.212   Running scriptlet: systemd-libs-252-51.el9.x86_64                       77/84 
Test OLM installation	Arrange OLM test installation	2025-05-30T16:51:59.8733465Z #14 9.468   Installing       : dbus-libs-1:1.12.20-8.el9.x86_64                     78/84 
Test OLM installation	Arrange OLM test installation	2025-05-30T16:51:59.8734298Z #14 9.473   Installing       : avahi-libs-0.8-22.el9_6.x86_64                       79/84 
Test OLM installation	Arrange OLM test installation	2025-05-30T16:51:59.8734856Z #14 9.480   Installing       : cups-libs-1:2.3.3op2-33.el9.x86_64                   80/84 
Test OLM installation	Arrange OLM test installation	2025-05-30T16:51:59.8735399Z #14 9.487   Installing       : findutils-1:4.8.0-7.el9.x86_64                       81/84 
Test OLM installation	Arrange OLM test installation	2025-05-30T16:51:59.8736318Z #14 9.491   Installing       : copy-jdk-configs-4.0-3.el9.noarch                    82/84 
Test OLM installation	Arrange OLM test installation	2025-05-30T16:52:02.4590181Z #14 9.508   Installing       : alsa-lib-1.2.13-2.el9.x86_64                         83/84 
Test OLM installation	Arrange OLM test installation	2025-05-30T16:52:02.6153984Z #14 12.24   Installing       : java-21-openjdk-headless-1:21.0.7.0.6-1.el9.x86_64   84/84 
Test OLM installation	Arrange OLM test installation	2025-05-30T16:52:02.7243494Z #14 12.25   Running scriptlet: java-21-openjdk-headless-1:21.0.7.0.6-1.el9.x86_64   84/84 
Test OLM installation	Arrange OLM test installation	2025-05-30T16:52:02.9775800Z #14 12.51   Running scriptlet: filesystem-3.16-5.el9.x86_64                         84/84 
Test OLM installation	Arrange OLM test installation	2025-05-30T16:52:04.6296287Z #14 12.76   Running scriptlet: ca-certificates-2024.2.69_v8.0.303-91.4.el9_4.noar   84/84 
Test OLM installation	Arrange OLM test installation	2025-05-30T16:52:05.2232733Z #14 14.41   Running scriptlet: crypto-policies-scripts-20250128-1.git5269e22.el9.   84/84 
Test OLM installation	Arrange OLM test installation	2025-05-30T16:52:05.8056568Z #14 15.01   Running scriptlet: nss-3.101.0-10.el9_2.x86_64                          84/84 
Test OLM installation	Arrange OLM test installation	2025-05-30T16:52:06.0535286Z #14 15.59   Running scriptlet: copy-jdk-configs-4.0-3.el9.noarch                    84/84 
Test OLM installation	Arrange OLM test installation	2025-05-30T16:52:06.6001583Z #14 15.84   Running scriptlet: java-21-openjdk-headless-1:21.0.7.0.6-1.el9.x86_64   84/84 
Test OLM installation	Arrange OLM test installation	2025-05-30T16:52:06.6003028Z #14 16.38   Verifying        : alternatives-1.24-2.el9.x86_64                        1/84 
Test OLM installation	Arrange OLM test installation	2025-05-30T16:52:06.8016223Z #14 16.38   Verifying        : avahi-libs-0.8-22.el9_6.x86_64                        2/84 
Test OLM installation	Arrange OLM test installation	2025-05-30T16:52:06.8018699Z #14 16.38   Verifying        : basesystem-11-13.el9.noarch                           3/84 
Test OLM installation	Arrange OLM test installation	2025-05-30T16:52:06.8019877Z #14 16.39   Verifying        : bash-5.1.8-9.el9.x86_64                               4/84 
Test OLM installation	Arrange OLM test installation	2025-05-30T16:52:06.8020788Z #14 16.39   Verifying        : bzip2-libs-1.0.8-10.el9_5.x86_64                      5/84 
Test OLM installation	Arrange OLM test installation	2025-05-30T16:52:06.8021907Z #14 16.39   Verifying        : ca-certificates-2024.2.69_v8.0.303-91.4.el9_4.noar    6/84 
Test OLM installation	Arrange OLM test installation	2025-05-30T16:52:06.8022878Z #14 16.39   Verifying        : coreutils-single-8.32-39.el9.x86_64                   7/84 
Test OLM installation	Arrange OLM test installation	2025-05-30T16:52:06.8023976Z #14 16.39   Verifying        : crypto-policies-20250128-1.git5269e22.el9.noarch      8/84 
Test OLM installation	Arrange OLM test installation	2025-05-30T16:52:06.8024974Z #14 16.39   Verifying        : crypto-policies-scripts-20250128-1.git5269e22.el9.    9/84 
Test OLM installation	Arrange OLM test installation	2025-05-30T16:52:06.8025845Z #14 16.39   Verifying        : cups-libs-1:2.3.3op2-33.el9.x86_64                   10/84 
Test OLM installation	Arrange OLM test installation	2025-05-30T16:52:06.8026640Z #14 16.39   Verifying        : dbus-libs-1:1.12.20-8.el9.x86_64                     11/84 
Test OLM installation	Arrange OLM test installation	2025-05-30T16:52:06.8027483Z #14 16.39   Verifying        : expat-2.5.0-5.el9_6.x86_64                           12/84 
Test OLM installation	Arrange OLM test installation	2025-05-30T16:52:06.8028378Z #14 16.39   Verifying        : filesystem-3.16-5.el9.x86_64                         13/84 
Test OLM installation	Arrange OLM test installation	2025-05-30T16:52:06.8029254Z #14 16.39   Verifying        : findutils-1:4.8.0-7.el9.x86_64                       14/84 
Test OLM installation	Arrange OLM test installation	2025-05-30T16:52:06.8030085Z #14 16.39   Verifying        : gawk-5.1.0-6.el9.x86_64                              15/84 
Test OLM installation	Arrange OLM test installation	2025-05-30T16:52:06.8030830Z #14 16.39   Verifying        : gdbm-libs-1:1.23-1.el9.x86_64                        16/84 
Test OLM installation	Arrange OLM test installation	2025-05-30T16:52:06.8031573Z #14 16.39   Verifying        : glibc-2.34-168.el9_6.14.x86_64                       17/84 
Test OLM installation	Arrange OLM test installation	2025-05-30T16:52:06.8032632Z #14 16.39   Verifying        : glibc-common-2.34-168.el9_6.14.x86_64                18/84 
Test OLM installation	Arrange OLM test installation	2025-05-30T16:52:06.8033425Z #14 16.39   Verifying        : glibc-langpack-en-2.34-168.el9_6.14.x86_64           19/84 
Test OLM installation	Arrange OLM test installation	2025-05-30T16:52:06.8034179Z #14 16.39   Verifying        : gmp-1:6.2.0-13.el9.x86_64                            20/84 
Test OLM installation	Arrange OLM test installation	2025-05-30T16:52:06.8034905Z #14 16.39   Verifying        : gnutls-3.8.3-6.el9.x86_64                            21/84 
Test OLM installation	Arrange OLM test installation	2025-05-30T16:52:06.8035643Z #14 16.39   Verifying        : grep-3.6-5.el9.x86_64                                22/84 
Test OLM installation	Arrange OLM test installation	2025-05-30T16:52:06.8036401Z #14 16.39   Verifying        : keyutils-libs-1.6.3-1.el9.x86_64                     23/84 
Test OLM installation	Arrange OLM test installation	2025-05-30T16:52:06.8037168Z #14 16.39   Verifying        : krb5-libs-1.21.1-6.el9.x86_64                        24/84 
Test OLM installation	Arrange OLM test installation	2025-05-30T16:52:06.8037931Z #14 16.39   Verifying        : libacl-2.3.1-4.el9.x86_64                            25/84 
Test OLM installation	Arrange OLM test installation	2025-05-30T16:52:06.8039169Z #14 16.39   Verifying        : libattr-2.5.1-3.el9.x86_64                           26/84 
Test OLM installation	Arrange OLM test installation	2025-05-30T16:52:06.8039921Z #14 16.39   Verifying        : libcap-2.48-9.el9_2.x86_64                           27/84 
Test OLM installation	Arrange OLM test installation	2025-05-30T16:52:06.8058740Z #14 16.39   Verifying        : libcom_err-1.46.5-7.el9.x86_64                       28/84 
Test OLM installation	Arrange OLM test installation	2025-05-30T16:52:06.8059671Z #14 16.39   Verifying        : libevent-2.1.12-8.el9_4.x86_64                       29/84 
Test OLM installation	Arrange OLM test installation	2025-05-30T16:52:06.8060481Z #14 16.39   Verifying        : libffi-3.4.2-8.el9.x86_64                            30/84 
Test OLM installation	Arrange OLM test installation	2025-05-30T16:52:06.8061244Z #14 16.39   Verifying        : libgcc-11.5.0-5.el9_5.x86_64                         31/84 
Test OLM installation	Arrange OLM test installation	2025-05-30T16:52:06.8062224Z #14 16.39   Verifying        : libgcrypt-1.10.0-11.el9.x86_64                       32/84 
Test OLM installation	Arrange OLM test installation	2025-05-30T16:52:06.8063403Z #14 16.39   Verifying        : libgpg-error-1.42-5.el9.x86_64                       33/84 
Test OLM installation	Arrange OLM test installation	2025-05-30T16:52:06.8064204Z #14 16.39   Verifying        : libidn2-2.3.0-7.el9.x86_64                           34/84 
Test OLM installation	Arrange OLM test installation	2025-05-30T16:52:06.8064998Z #14 16.39   Verifying        : libselinux-3.6-3.el9.x86_64                          35/84 
Test OLM installation	Arrange OLM test installation	2025-05-30T16:52:06.8065789Z #14 16.39   Verifying        : libsepol-3.6-2.el9.x86_64                            36/84 
Test OLM installation	Arrange OLM test installation	2025-05-30T16:52:06.8066582Z #14 16.39   Verifying        : libsigsegv-2.13-4.el9.x86_64                         37/84 
Test OLM installation	Arrange OLM test installation	2025-05-30T16:52:06.8067391Z #14 16.39   Verifying        : libtasn1-4.16.0-9.el9.x86_64                         38/84 
Test OLM installation	Arrange OLM test installation	2025-05-30T16:52:06.8068156Z #14 16.39   Verifying        : libunistring-0.9.10-15.el9.x86_64                    39/84 
Test OLM installation	Arrange OLM test installation	2025-05-30T16:52:06.8068918Z #14 16.39   Verifying        : libuuid-2.37.4-21.el9.x86_64                         40/84 
Test OLM installation	Arrange OLM test installation	2025-05-30T16:52:06.8069701Z #14 16.39   Verifying        : libverto-0.3.2-3.el9.x86_64                          41/84 
Test OLM installation	Arrange OLM test installation	2025-05-30T16:52:06.8070512Z #14 16.39   Verifying        : libxcrypt-4.4.18-3.el9.x86_64                        42/84 
Test OLM installation	Arrange OLM test installation	2025-05-30T16:52:06.8071325Z #14 16.39   Verifying        : libzstd-1.5.5-1.el9.x86_64                           43/84 
Test OLM installation	Arrange OLM test installation	2025-05-30T16:52:06.8072820Z #14 16.39   Verifying        : lksctp-tools-1.0.19-3.el9_4.x86_64                   44/84 
Test OLM installation	Arrange OLM test installation	2025-05-30T16:52:06.8073623Z #14 16.39   Verifying        : lua-libs-5.4.4-4.el9.x86_64                          45/84 
Test OLM installation	Arrange OLM test installation	2025-05-30T16:52:06.8074368Z #14 16.39   Verifying        : lz4-libs-1.9.3-5.el9.x86_64                          46/84 
Test OLM installation	Arrange OLM test installation	2025-05-30T16:52:06.8075118Z #14 16.39   Verifying        : mpfr-4.1.0-7.el9.x86_64                              47/84 
Test OLM installation	Arrange OLM test installation	2025-05-30T16:52:06.8075885Z #14 16.39   Verifying        : ncurses-base-6.2-10.20210508.el9.noarch              48/84 
Test OLM installation	Arrange OLM test installation	2025-05-30T16:52:06.8076681Z #14 16.39   Verifying        : ncurses-libs-6.2-10.20210508.el9.x86_64              49/84 
Test OLM installation	Arrange OLM test installation	2025-05-30T16:52:06.8077481Z #14 16.39   Verifying        : nettle-3.10.1-1.el9.x86_64                           50/84 
Test OLM installation	Arrange OLM test installation	2025-05-30T16:52:06.8078291Z #14 16.39   Verifying        : openssl-fips-provider-3.0.7-6.el9_5.x86_64           51/84 
Test OLM installation	Arrange OLM test installation	2025-05-30T16:52:06.8079119Z #14 16.39   Verifying        : openssl-fips-provider-so-3.0.7-6.el9_5.x86_64        52/84 
Test OLM installation	Arrange OLM test installation	2025-05-30T16:52:06.8079942Z #14 16.39   Verifying        : openssl-libs-1:3.2.2-6.el9_5.1.x86_64                53/84 
Test OLM installation	Arrange OLM test installation	2025-05-30T16:52:06.8080710Z #14 16.39   Verifying        : p11-kit-0.25.3-3.el9_5.x86_64                        54/84 
Test OLM installation	Arrange OLM test installation	2025-05-30T16:52:06.8081461Z #14 16.39   Verifying        : p11-kit-trust-0.25.3-3.el9_5.x86_64                  55/84 
Test OLM installation	Arrange OLM test installation	2025-05-30T16:52:06.8082462Z #14 16.39   Verifying        : pcre-8.44-4.el9.x86_64                               56/84 
Test OLM installation	Arrange OLM test installation	2025-05-30T16:52:06.8083236Z #14 16.39   Verifying        : pcre2-10.40-6.el9.x86_64                             57/84 
Test OLM installation	Arrange OLM test installation	2025-05-30T16:52:06.8084025Z #14 16.39   Verifying        : pcre2-syntax-10.40-6.el9.noarch                      58/84 
Test OLM installation	Arrange OLM test installation	2025-05-30T16:52:06.8084825Z #14 16.39   Verifying        : python3-3.9.21-2.el9.x86_64                          59/84 
Test OLM installation	Arrange OLM test installation	2025-05-30T16:52:06.8085913Z #14 16.39   Verifying        : python3-libs-3.9.21-2.el9.x86_64                     60/84 
Test OLM installation	Arrange OLM test installation	2025-05-30T16:52:06.8086732Z #14 16.39   Verifying        : python3-pip-wheel-21.3.1-1.el9.noarch                61/84 
Test OLM installation	Arrange OLM test installation	2025-05-30T16:52:06.8087608Z #14 16.39   Verifying        : python3-setuptools-wheel-53.0.0-13.el9.noarch        62/84 
Test OLM installation	Arrange OLM test installation	2025-05-30T16:52:06.8088447Z #14 16.39   Verifying        : readline-8.1-4.el9.x86_64                            63/84 
Test OLM installation	Arrange OLM test installation	2025-05-30T16:52:06.8089242Z #14 16.39   Verifying        : redhat-release-9.6-0.1.el9.x86_64                    64/84 
Test OLM installation	Arrange OLM test installation	2025-05-30T16:52:06.8090025Z #14 16.39   Verifying        : sed-4.8-9.el9.x86_64                                 65/84 
Test OLM installation	Arrange OLM test installation	2025-05-30T16:52:06.8090771Z #14 16.39   Verifying        : setup-2.13.7-10.el9.noarch                           66/84 
Test OLM installation	Arrange OLM test installation	2025-05-30T16:52:06.8091564Z #14 16.39   Verifying        : sqlite-libs-3.34.1-7.el9_3.x86_64                    67/84 
Test OLM installation	Arrange OLM test installation	2025-05-30T16:52:06.8092883Z #14 16.39   Verifying        : systemd-libs-252-51.el9.x86_64                       68/84 
Test OLM installation	Arrange OLM test installation	2025-05-30T16:52:06.8093698Z #14 16.39   Verifying        : tzdata-2025b-1.el9.noarch                            69/84 
Test OLM installation	Arrange OLM test installation	2025-05-30T16:52:06.8094473Z #14 16.39   Verifying        : xz-libs-5.2.5-8.el9_0.x86_64                         70/84 
Test OLM installation	Arrange OLM test installation	2025-05-30T16:52:06.8095229Z #14 16.39   Verifying        : zlib-1.2.11-40.el9.x86_64                            71/84 
Test OLM installation	Arrange OLM test installation	2025-05-30T16:52:06.8096017Z #14 16.39   Verifying        : copy-jdk-configs-4.0-3.el9.noarch                    72/84 
Test OLM installation	Arrange OLM test installation	2025-05-30T16:52:06.8096839Z #14 16.39   Verifying        : lua-5.4.4-4.el9.x86_64                               73/84 
Test OLM installation	Arrange OLM test installation	2025-05-30T16:52:06.8097620Z #14 16.39   Verifying        : lua-posix-35.0-8.el9.x86_64                          74/84 
Test OLM installation	Arrange OLM test installation	2025-05-30T16:52:06.8098393Z #14 16.39   Verifying        : alsa-lib-1.2.13-2.el9.x86_64                         75/84 
Test OLM installation	Arrange OLM test installation	2025-05-30T16:52:06.8099190Z #14 16.39   Verifying        : java-21-openjdk-headless-1:21.0.7.0.6-1.el9.x86_64   76/84 
Test OLM installation	Arrange OLM test installation	2025-05-30T16:52:06.8100032Z #14 16.39   Verifying        : javapackages-filesystem-6.4.0-1.el9.noarch           77/84 
Test OLM installation	Arrange OLM test installation	2025-05-30T16:52:06.8100855Z #14 16.39   Verifying        : nspr-4.35.0-17.el9_2.x86_64                          78/84 
Test OLM installation	Arrange OLM test installation	2025-05-30T16:52:06.8101596Z #14 16.39   Verifying        : nss-3.101.0-10.el9_2.x86_64                          79/84 
Test OLM installation	Arrange OLM test installation	2025-05-30T16:52:06.8102533Z #14 16.39   Verifying        : nss-softokn-3.101.0-10.el9_2.x86_64                  80/84 
Test OLM installation	Arrange OLM test installation	2025-05-30T16:52:06.8103352Z #14 16.39   Verifying        : nss-softokn-freebl-3.101.0-10.el9_2.x86_64           81/84 
Test OLM installation	Arrange OLM test installation	2025-05-30T16:52:06.8104211Z #14 16.39   Verifying        : nss-sysinit-3.101.0-10.el9_2.x86_64                  82/84 
Test OLM installation	Arrange OLM test installation	2025-05-30T16:52:06.8104986Z #14 16.39   Verifying        : nss-util-3.101.0-10.el9_2.x86_64                     83/84 
Test OLM installation	Arrange OLM test installation	2025-05-30T16:52:06.8105765Z #14 16.39   Verifying        : tzdata-java-2025b-1.el9.noarch                       84/84 
Test OLM installation	Arrange OLM test installation	2025-05-30T16:52:06.8106438Z #14 16.46 Installed products updated.
Test OLM installation	Arrange OLM test installation	2025-05-30T16:52:06.8106866Z #14 16.47 
Test OLM installation	Arrange OLM test installation	2025-05-30T16:52:06.8107164Z #14 16.47 Installed:
Test OLM installation	Arrange OLM test installation	2025-05-30T16:52:06.8107673Z #14 16.47   alsa-lib-1.2.13-2.el9.x86_64                                                  
Test OLM installation	Arrange OLM test installation	2025-05-30T16:52:06.8108446Z #14 16.47   alternatives-1.24-2.el9.x86_64                                                
Test OLM installation	Arrange OLM test installation	2025-05-30T16:52:06.8109215Z #14 16.47   avahi-libs-0.8-22.el9_6.x86_64                                                
Test OLM installation	Arrange OLM test installation	2025-05-30T16:52:06.8109961Z #14 16.47   basesystem-11-13.el9.noarch                                                   
Test OLM installation	Arrange OLM test installation	2025-05-30T16:52:06.8110679Z #14 16.47   bash-5.1.8-9.el9.x86_64                                                       
Test OLM installation	Arrange OLM test installation	2025-05-30T16:52:06.8111407Z #14 16.47   bzip2-libs-1.0.8-10.el9_5.x86_64                                              
Test OLM installation	Arrange OLM test installation	2025-05-30T16:52:06.8112477Z #14 16.47   ca-certificates-2024.2.69_v8.0.303-91.4.el9_4.noarch                          
Test OLM installation	Arrange OLM test installation	2025-05-30T16:52:06.8113352Z #14 16.47   copy-jdk-configs-4.0-3.el9.noarch                                             
Test OLM installation	Arrange OLM test installation	2025-05-30T16:52:06.8114462Z #14 16.47   coreutils-single-8.32-39.el9.x86_64                                           
Test OLM installation	Arrange OLM test installation	2025-05-30T16:52:06.8115346Z #14 16.47   crypto-policies-20250128-1.git5269e22.el9.noarch                              
Test OLM installation	Arrange OLM test installation	2025-05-30T16:52:06.8116305Z #14 16.47   crypto-policies-scripts-20250128-1.git5269e22.el9.noarch                      
Test OLM installation	Arrange OLM test installation	2025-05-30T16:52:06.8117181Z #14 16.47   cups-libs-1:2.3.3op2-33.el9.x86_64                                            
Test OLM installation	Arrange OLM test installation	2025-05-30T16:52:06.8117918Z #14 16.47   dbus-libs-1:1.12.20-8.el9.x86_64                                              
Test OLM installation	Arrange OLM test installation	2025-05-30T16:52:06.8118629Z #14 16.47   expat-2.5.0-5.el9_6.x86_64                                                    
Test OLM installation	Arrange OLM test installation	2025-05-30T16:52:06.8119307Z #14 16.47   filesystem-3.16-5.el9.x86_64                                                  
Test OLM installation	Arrange OLM test installation	2025-05-30T16:52:06.8120390Z #14 16.47   findutils-1:4.8.0-7.el9.x86_64                                                
Test OLM installation	Arrange OLM test installation	2025-05-30T16:52:06.8121133Z #14 16.47   gawk-5.1.0-6.el9.x86_64                                                       
Test OLM installation	Arrange OLM test installation	2025-05-30T16:52:06.8122052Z #14 16.47   gdbm-libs-1:1.23-1.el9.x86_64                                                 
Test OLM installation	Arrange OLM test installation	2025-05-30T16:52:06.8122807Z #14 16.47   glibc-2.34-168.el9_6.14.x86_64                                                
Test OLM installation	Arrange OLM test installation	2025-05-30T16:52:06.8123579Z #14 16.47   glibc-common-2.34-168.el9_6.14.x86_64                                         
Test OLM installation	Arrange OLM test installation	2025-05-30T16:52:06.8124384Z #14 16.47   glibc-langpack-en-2.34-168.el9_6.14.x86_64                                    
Test OLM installation	Arrange OLM test installation	2025-05-30T16:52:06.8125137Z #14 16.47   gmp-1:6.2.0-13.el9.x86_64                                                     
Test OLM installation	Arrange OLM test installation	2025-05-30T16:52:06.8125839Z #14 16.47   gnutls-3.8.3-6.el9.x86_64                                                     
Test OLM installation	Arrange OLM test installation	2025-05-30T16:52:06.8126542Z #14 16.47   grep-3.6-5.el9.x86_64                                                         
Test OLM installation	Arrange OLM test installation	2025-05-30T16:52:06.8127346Z #14 16.47   java-21-openjdk-headless-1:21.0.7.0.6-1.el9.x86_64                            
Test OLM installation	Arrange OLM test installation	2025-05-30T16:52:06.8128262Z #14 16.47   javapackages-filesystem-6.4.0-1.el9.noarch                                    
Test OLM installation	Arrange OLM test installation	2025-05-30T16:52:06.8129136Z #14 16.47   keyutils-libs-1.6.3-1.el9.x86_64                                              
Test OLM installation	Arrange OLM test installation	2025-05-30T16:52:06.8129908Z #14 16.47   krb5-libs-1.21.1-6.el9.x86_64                                                 
Test OLM installation	Arrange OLM test installation	2025-05-30T16:52:06.8130619Z #14 16.47   libacl-2.3.1-4.el9.x86_64                                                     
Test OLM installation	Arrange OLM test installation	2025-05-30T16:52:06.8131315Z #14 16.47   libattr-2.5.1-3.el9.x86_64                                                    
Test OLM installation	Arrange OLM test installation	2025-05-30T16:52:06.8132258Z #14 16.47   libcap-2.48-9.el9_2.x86_64                                                    
Test OLM installation	Arrange OLM test installation	2025-05-30T16:52:06.8132997Z #14 16.47   libcom_err-1.46.5-7.el9.x86_64                                                
Test OLM installation	Arrange OLM test installation	2025-05-30T16:52:06.8133750Z #14 16.47   libevent-2.1.12-8.el9_4.x86_64                                                
Test OLM installation	Arrange OLM test installation	2025-05-30T16:52:06.8134462Z #14 16.47   libffi-3.4.2-8.el9.x86_64                                                     
Test OLM installation	Arrange OLM test installation	2025-05-30T16:52:06.8135148Z #14 16.47   libgcc-11.5.0-5.el9_5.x86_64                                                  
Test OLM installation	Arrange OLM test installation	2025-05-30T16:52:06.8135899Z #14 16.47   libgcrypt-1.10.0-11.el9.x86_64                                                
Test OLM installation	Arrange OLM test installation	2025-05-30T16:52:06.8136680Z #14 16.47   libgpg-error-1.42-5.el9.x86_64                                                
Test OLM installation	Arrange OLM test installation	2025-05-30T16:52:06.8137400Z #14 16.47   libidn2-2.3.0-7.el9.x86_64                                                    
Test OLM installation	Arrange OLM test installation	2025-05-30T16:52:06.8138127Z #14 16.47   libselinux-3.6-3.el9.x86_64                                                   
Test OLM installation	Arrange OLM test installation	2025-05-30T16:52:06.8138855Z #14 16.47   libsepol-3.6-2.el9.x86_64                                                     
Test OLM installation	Arrange OLM test installation	2025-05-30T16:52:06.8139596Z #14 16.47   libsigsegv-2.13-4.el9.x86_64                                                  
Test OLM installation	Arrange OLM test installation	2025-05-30T16:52:06.8140392Z #14 16.47   libtasn1-4.16.0-9.el9.x86_64                                                  
Test OLM installation	Arrange OLM test installation	2025-05-30T16:52:06.8141442Z #14 16.47   libunistring-0.9.10-15.el9.x86_64                                             
Test OLM installation	Arrange OLM test installation	2025-05-30T16:52:06.8142435Z #14 16.47   libuuid-2.37.4-21.el9.x86_64                                                  
Test OLM installation	Arrange OLM test installation	2025-05-30T16:52:06.8143199Z #14 16.47   libverto-0.3.2-3.el9.x86_64                                                   
Test OLM installation	Arrange OLM test installation	2025-05-30T16:52:06.8143947Z #14 16.47   libxcrypt-4.4.18-3.el9.x86_64                                                 
Test OLM installation	Arrange OLM test installation	2025-05-30T16:52:06.8144694Z #14 16.47   libzstd-1.5.5-1.el9.x86_64                                                    
Test OLM installation	Arrange OLM test installation	2025-05-30T16:52:06.8145476Z #14 16.47   lksctp-tools-1.0.19-3.el9_4.x86_64                                            
Test OLM installation	Arrange OLM test installation	2025-05-30T16:52:06.8146166Z #14 16.47   lua-5.4.4-4.el9.x86_64                                                        
Test OLM installation	Arrange OLM test installation	2025-05-30T16:52:06.8146805Z #14 16.47   lua-libs-5.4.4-4.el9.x86_64                                                   
Test OLM installation	Arrange OLM test installation	2025-05-30T16:52:06.8147763Z #14 16.47   lua-posix-35.0-8.el9.x86_64                                                   
Test OLM installation	Arrange OLM test installation	2025-05-30T16:52:06.8148451Z #14 16.47   lz4-libs-1.9.3-5.el9.x86_64                                                   
Test OLM installation	Arrange OLM test installation	2025-05-30T16:52:06.8149103Z #14 16.47   mpfr-4.1.0-7.el9.x86_64                                                       
Test OLM installation	Arrange OLM test installation	2025-05-30T16:52:06.8149842Z #14 16.47   ncurses-base-6.2-10.20210508.el9.noarch                                       
Test OLM installation	Arrange OLM test installation	2025-05-30T16:52:06.8150686Z #14 16.47   ncurses-libs-6.2-10.20210508.el9.x86_64                                       
Test OLM installation	Arrange OLM test installation	2025-05-30T16:52:06.8151462Z #14 16.47   nettle-3.10.1-1.el9.x86_64                                                    
Test OLM installation	Arrange OLM test installation	2025-05-30T16:52:06.8152428Z #14 16.47   nspr-4.35.0-17.el9_2.x86_64                                                   
Test OLM installation	Arrange OLM test installation	2025-05-30T16:52:06.8153134Z #14 16.47   nss-3.101.0-10.el9_2.x86_64                                                   
Test OLM installation	Arrange OLM test installation	2025-05-30T16:52:06.8153875Z #14 16.47   nss-softokn-3.101.0-10.el9_2.x86_64                                           
Test OLM installation	Arrange OLM test installation	2025-05-30T16:52:06.8154699Z #14 16.47   nss-softokn-freebl-3.101.0-10.el9_2.x86_64                                    
Test OLM installation	Arrange OLM test installation	2025-05-30T16:52:06.8155526Z #14 16.47   nss-sysinit-3.101.0-10.el9_2.x86_64                                           
Test OLM installation	Arrange OLM test installation	2025-05-30T16:52:06.8156255Z #14 16.47   nss-util-3.101.0-10.el9_2.x86_64                                              
Test OLM installation	Arrange OLM test installation	2025-05-30T16:52:06.8157038Z #14 16.47   openssl-fips-provider-3.0.7-6.el9_5.x86_64                                    
Test OLM installation	Arrange OLM test installation	2025-05-30T16:52:06.8157911Z #14 16.47   openssl-fips-provider-so-3.0.7-6.el9_5.x86_64                                 
Test OLM installation	Arrange OLM test installation	2025-05-30T16:52:06.8158773Z #14 16.47   openssl-libs-1:3.2.2-6.el9_5.1.x86_64                                         
Test OLM installation	Arrange OLM test installation	2025-05-30T16:52:06.8159518Z #14 16.47   p11-kit-0.25.3-3.el9_5.x86_64                                                 
Test OLM installation	Arrange OLM test installation	2025-05-30T16:52:06.8160264Z #14 16.47   p11-kit-trust-0.25.3-3.el9_5.x86_64                                           
Test OLM installation	Arrange OLM test installation	2025-05-30T16:52:06.8161019Z #14 16.47   pcre-8.44-4.el9.x86_64                                                        
Test OLM installation	Arrange OLM test installation	2025-05-30T16:52:06.8161942Z #14 16.47   pcre2-10.40-6.el9.x86_64                                                      
Test OLM installation	Arrange OLM test installation	2025-05-30T16:52:06.8162933Z #14 16.47   pcre2-syntax-10.40-6.el9.noarch                                               
Test OLM installation	Arrange OLM test installation	2025-05-30T16:52:06.8163532Z #14 16.47   python3-3.9.21-2.el9.x86_64                                                   
Test OLM installation	Arrange OLM test installation	2025-05-30T16:52:06.8164076Z #14 16.47   python3-libs-3.9.21-2.el9.x86_64                                              
Test OLM installation	Arrange OLM test installation	2025-05-30T16:52:06.8164659Z #14 16.47   python3-pip-wheel-21.3.1-1.el9.noarch                                         
Test OLM installation	Arrange OLM test installation	2025-05-30T16:52:06.8165294Z #14 16.47   python3-setuptools-wheel-53.0.0-13.el9.noarch                                 
Test OLM installation	Arrange OLM test installation	2025-05-30T16:52:06.8165884Z #14 16.47   readline-8.1-4.el9.x86_64                                                     
Test OLM installation	Arrange OLM test installation	2025-05-30T16:52:06.8166440Z #14 16.47   redhat-release-9.6-0.1.el9.x86_64                                             
Test OLM installation	Arrange OLM test installation	2025-05-30T16:52:06.8167229Z #14 16.47   sed-4.8-9.el9.x86_64                                                          
Test OLM installation	Arrange OLM test installation	2025-05-30T16:52:06.8167740Z #14 16.47   setup-2.13.7-10.el9.noarch                                                    
Test OLM installation	Arrange OLM test installation	2025-05-30T16:52:06.8168275Z #14 16.47   sqlite-libs-3.34.1-7.el9_3.x86_64                                             
Test OLM installation	Arrange OLM test installation	2025-05-30T16:52:06.8168824Z #14 16.47   systemd-libs-252-51.el9.x86_64                                                
Test OLM installation	Arrange OLM test installation	2025-05-30T16:52:06.8169379Z #14 16.47   tzdata-2025b-1.el9.noarch                                                     
Test OLM installation	Arrange OLM test installation	2025-05-30T16:52:06.8169969Z #14 16.47   tzdata-java-2025b-1.el9.noarch                                                
Test OLM installation	Arrange OLM test installation	2025-05-30T16:52:06.8170466Z #14 16.47   xz-libs-5.2.5-8.el9_0.x86_64                                                  
Test OLM installation	Arrange OLM test installation	2025-05-30T16:52:06.8170920Z #14 16.47   zlib-1.2.11-40.el9.x86_64                                                     
Test OLM installation	Arrange OLM test installation	2025-05-30T16:52:06.8171442Z #14 16.47 
Test OLM installation	Arrange OLM test installation	2025-05-30T16:52:06.8171885Z #14 16.47 Complete!
Test OLM installation	Arrange OLM test installation	2025-05-30T16:52:06.8172195Z #14 16.59 + dnf --installroot /tmp/null/rootfs clean all
Test OLM installation	Arrange OLM test installation	2025-05-30T16:52:07.0475214Z #14 16.83 Updating Subscription Management repositories.
Test OLM installation	Arrange OLM test installation	2025-05-30T16:52:07.2516941Z #14 16.83 Unable to read consumer identity
Test OLM installation	Arrange OLM test installation	2025-05-30T16:52:07.2517437Z #14 16.84 
Test OLM installation	Arrange OLM test installation	2025-05-30T16:52:07.2518050Z #14 16.84 This system is not registered with an entitlement server. You can use subscription-manager to register.
Test OLM installation	Arrange OLM test installation	2025-05-30T16:52:07.2518819Z #14 16.84 
Test OLM installation	Arrange OLM test installation	2025-05-30T16:52:07.2519033Z #14 16.84 26 files removed
Test OLM installation	Arrange OLM test installation	2025-05-30T16:52:07.2520169Z #14 16.88 + rm -rf /tmp/null/rootfs/var/cache/bpf /tmp/null/rootfs/var/cache/dnf /tmp/null/rootfs/var/cache/ldconfig /tmp/null/rootfs/var/log/dnf.librepo.log /tmp/null/rootfs/var/log/dnf.log /tmp/null/rootfs/var/log/dnf.rpm.log '/tmp/null/rootfs/var/log/yum.*'
Test OLM installation	Arrange OLM test installation	2025-05-30T16:52:07.2521391Z #14 16.89 ==> Building dependency tree
Test OLM installation	Arrange OLM test installation	2025-05-30T16:52:07.5081261Z #14 17.29 ==> 42 packages to erase:
Test OLM installation	Arrange OLM test installation	2025-05-30T16:52:07.6627572Z #14 17.29 alsa-lib
Test OLM installation	Arrange OLM test installation	2025-05-30T16:52:07.6628013Z #14 17.29 avahi-libs
Test OLM installation	Arrange OLM test installation	2025-05-30T16:52:07.6628369Z #14 17.29 bzip2-libs
Test OLM installation	Arrange OLM test installation	2025-05-30T16:52:07.6628721Z #14 17.29 copy-jdk-configs
Test OLM installation	Arrange OLM test installation	2025-05-30T16:52:07.6629087Z #14 17.29 cups-libs
Test OLM installation	Arrange OLM test installation	2025-05-30T16:52:07.6629398Z #14 17.29 dbus-libs
Test OLM installation	Arrange OLM test installation	2025-05-30T16:52:07.6629702Z #14 17.29 expat
Test OLM installation	Arrange OLM test installation	2025-05-30T16:52:07.6629999Z #14 17.29 gawk
Test OLM installation	Arrange OLM test installation	2025-05-30T16:52:07.6630301Z #14 17.29 gdbm-libs
Test OLM installation	Arrange OLM test installation	2025-05-30T16:52:07.6630608Z #14 17.29 gmp
Test OLM installation	Arrange OLM test installation	2025-05-30T16:52:07.6630903Z #14 17.29 gnutls
Test OLM installation	Arrange OLM test installation	2025-05-30T16:52:07.6631216Z #14 17.29 gpg-pubkey
Test OLM installation	Arrange OLM test installation	2025-05-30T16:52:07.6631540Z #14 17.29 keyutils-libs
Test OLM installation	Arrange OLM test installation	2025-05-30T16:52:07.6632166Z #14 17.29 krb5-libs
Test OLM installation	Arrange OLM test installation	2025-05-30T16:52:07.6632485Z #14 17.29 libcom_err
Test OLM installation	Arrange OLM test installation	2025-05-30T16:52:07.6632805Z #14 17.29 libevent
Test OLM installation	Arrange OLM test installation	2025-05-30T16:52:07.6633105Z #14 17.29 libffi
Test OLM installation	Arrange OLM test installation	2025-05-30T16:52:07.6633413Z #14 17.29 libgcrypt
Test OLM installation	Arrange OLM test installation	2025-05-30T16:52:07.6633734Z #14 17.29 libgpg-error
Test OLM installation	Arrange OLM test installation	2025-05-30T16:52:07.6634108Z #14 17.29 libidn2
Test OLM installation	Arrange OLM test installation	2025-05-30T16:52:07.6634423Z #14 17.29 libunistring
Test OLM installation	Arrange OLM test installation	2025-05-30T16:52:07.6634763Z #14 17.29 libuuid
Test OLM installation	Arrange OLM test installation	2025-05-30T16:52:07.6635060Z #14 17.29 libverto
Test OLM installation	Arrange OLM test installation	2025-05-30T16:52:07.6635365Z #14 17.29 libxcrypt
Test OLM installation	Arrange OLM test installation	2025-05-30T16:52:07.6635668Z #14 17.29 libzstd
Test OLM installation	Arrange OLM test installation	2025-05-30T16:52:07.6635965Z #14 17.29 lua
Test OLM installation	Arrange OLM test installation	2025-05-30T16:52:07.6636251Z #14 17.29 lua-libs
Test OLM installation	Arrange OLM test installation	2025-05-30T16:52:07.6636553Z #14 17.29 lua-posix
Test OLM installation	Arrange OLM test installation	2025-05-30T16:52:07.6636856Z #14 17.29 lz4-libs
Test OLM installation	Arrange OLM test installation	2025-05-30T16:52:07.6637161Z #14 17.29 mpfr
Test OLM installation	Arrange OLM test installation	2025-05-30T16:52:07.6637449Z #14 17.29 nettle
Test OLM installation	Arrange OLM test installation	2025-05-30T16:52:07.6637783Z #14 17.29 openssl-fips-provider
Test OLM installation	Arrange OLM test installation	2025-05-30T16:52:07.6638197Z #14 17.29 openssl-fips-provider-so
Test OLM installation	Arrange OLM test installation	2025-05-30T16:52:07.6638603Z #14 17.29 openssl-libs
Test OLM installation	Arrange OLM test installation	2025-05-30T16:52:07.6638927Z #14 17.29 p11-kit
Test OLM installation	Arrange OLM test installation	2025-05-30T16:52:07.6639229Z #14 17.29 python3
Test OLM installation	Arrange OLM test installation	2025-05-30T16:52:07.6639570Z #14 17.29 python3-libs
Test OLM installation	Arrange OLM test installation	2025-05-30T16:52:07.6639917Z #14 17.29 python3-pip-wheel
Test OLM installation	Arrange OLM test installation	2025-05-30T16:52:07.6640314Z #14 17.29 python3-setuptools-wheel
Test OLM installation	Arrange OLM test installation	2025-05-30T16:52:07.6640705Z #14 17.29 readline
Test OLM installation	Arrange OLM test installation	2025-05-30T16:52:07.6641028Z #14 17.29 systemd-libs
Test OLM installation	Arrange OLM test installation	2025-05-30T16:52:07.6641905Z #14 17.29 xz-libs
Test OLM installation	Arrange OLM test installation	2025-05-30T16:52:07.6642254Z #14 17.30 ==> 43 packages to keep:
Test OLM installation	Arrange OLM test installation	2025-05-30T16:52:07.6642654Z #14 17.30 alternatives
Test OLM installation	Arrange OLM test installation	2025-05-30T16:52:07.6642977Z #14 17.30 basesystem
Test OLM installation	Arrange OLM test installation	2025-05-30T16:52:07.6643302Z #14 17.30 bash
Test OLM installation	Arrange OLM test installation	2025-05-30T16:52:07.6643621Z #14 17.30 ca-certificates
Test OLM installation	Arrange OLM test installation	2025-05-30T16:52:07.6643981Z #14 17.30 coreutils-single
Test OLM installation	Arrange OLM test installation	2025-05-30T16:52:07.6644352Z #14 17.30 crypto-policies
Test OLM installation	Arrange OLM test installation	2025-05-30T16:52:07.6644730Z #14 17.30 crypto-policies-scripts
Test OLM installation	Arrange OLM test installation	2025-05-30T16:52:07.6645120Z #14 17.30 filesystem
Test OLM installation	Arrange OLM test installation	2025-05-30T16:52:07.6645433Z #14 17.30 findutils
Test OLM installation	Arrange OLM test installation	2025-05-30T16:52:07.6645739Z #14 17.30 glibc
Test OLM installation	Arrange OLM test installation	2025-05-30T16:52:07.6646050Z #14 17.30 glibc-common
Test OLM installation	Arrange OLM test installation	2025-05-30T16:52:07.6646400Z #14 17.30 glibc-langpack-en
Test OLM installation	Arrange OLM test installation	2025-05-30T16:52:07.6646759Z #14 17.30 grep
Test OLM installation	Arrange OLM test installation	2025-05-30T16:52:07.6647088Z #14 17.30 java-21-openjdk-headless
Test OLM installation	Arrange OLM test installation	2025-05-30T16:52:07.6647507Z #14 17.30 javapackages-filesystem
Test OLM installation	Arrange OLM test installation	2025-05-30T16:52:07.6647888Z #14 17.30 libacl
Test OLM installation	Arrange OLM test installation	2025-05-30T16:52:07.6648446Z #14 17.30 libattr
Test OLM installation	Arrange OLM test installation	2025-05-30T16:52:07.6648756Z #14 17.30 libcap
Test OLM installation	Arrange OLM test installation	2025-05-30T16:52:07.6649068Z #14 17.30 libgcc
Test OLM installation	Arrange OLM test installation	2025-05-30T16:52:07.6649369Z #14 17.30 libselinux
Test OLM installation	Arrange OLM test installation	2025-05-30T16:52:07.6649696Z #14 17.30 libsepol
Test OLM installation	Arrange OLM test installation	2025-05-30T16:52:07.6650003Z #14 17.30 libsigsegv
Test OLM installation	Arrange OLM test installation	2025-05-30T16:52:07.6650309Z #14 17.30 libtasn1
Test OLM installation	Arrange OLM test installation	2025-05-30T16:52:07.6650625Z #14 17.30 lksctp-tools
Test OLM installation	Arrange OLM test installation	2025-05-30T16:52:07.6650956Z #14 17.30 ncurses-base
Test OLM installation	Arrange OLM test installation	2025-05-30T16:52:07.6651282Z #14 17.30 ncurses-libs
Test OLM installation	Arrange OLM test installation	2025-05-30T16:52:07.6651602Z #14 17.30 nspr
Test OLM installation	Arrange OLM test installation	2025-05-30T16:52:07.6652061Z #14 17.30 nss
Test OLM installation	Arrange OLM test installation	2025-05-30T16:52:07.6652360Z #14 17.30 nss-softokn
Test OLM installation	Arrange OLM test installation	2025-05-30T16:52:07.6652705Z #14 17.30 nss-softokn-freebl
Test OLM installation	Arrange OLM test installation	2025-05-30T16:52:07.6653064Z #14 17.30 nss-sysinit
Test OLM installation	Arrange OLM test installation	2025-05-30T16:52:07.6653383Z #14 17.30 nss-util
Test OLM installation	Arrange OLM test installation	2025-05-30T16:52:07.6653691Z #14 17.30 p11-kit-trust
Test OLM installation	Arrange OLM test installation	2025-05-30T16:52:07.6654018Z #14 17.30 pcre
Test OLM installation	Arrange OLM test installation	2025-05-30T16:52:07.6654316Z #14 17.30 pcre2
Test OLM installation	Arrange OLM test installation	2025-05-30T16:52:07.6654625Z #14 17.30 pcre2-syntax
Test OLM installation	Arrange OLM test installation	2025-05-30T16:52:07.6654958Z #14 17.30 redhat-release
Test OLM installation	Arrange OLM test installation	2025-05-30T16:52:07.6655305Z #14 17.30 sed
Test OLM installation	Arrange OLM test installation	2025-05-30T16:52:07.6655618Z #14 17.30 setup
Test OLM installation	Arrange OLM test installation	2025-05-30T16:52:07.6655930Z #14 17.30 sqlite-libs
Test OLM installation	Arrange OLM test installation	2025-05-30T16:52:07.6656254Z #14 17.30 tzdata
Test OLM installation	Arrange OLM test installation	2025-05-30T16:52:07.6656566Z #14 17.30 tzdata-java
Test OLM installation	Arrange OLM test installation	2025-05-30T16:52:07.6656882Z #14 17.30 zlib
Test OLM installation	Arrange OLM test installation	2025-05-30T16:52:07.6657182Z #14 17.30 
Test OLM installation	Arrange OLM test installation	2025-05-30T16:52:07.6657478Z #14 17.30 ==> Erasing packages
Test OLM installation	Arrange OLM test installation	2025-05-30T16:52:07.6658009Z #14 17.30 + xargs rpm -r /tmp/null/rootfs --erase --nodeps --allmatches
Test OLM installation	Arrange OLM test installation	2025-05-30T16:52:07.8137199Z #14 17.60 
Test OLM installation	Arrange OLM test installation	2025-05-30T16:52:07.8137605Z #14 17.60 ==> Packages erased ok!
Test OLM installation	Arrange OLM test installation	2025-05-30T16:52:07.9983401Z #14 DONE 17.6s
Test OLM installation	Arrange OLM test installation	2025-05-30T16:52:09.5748353Z 
Test OLM installation	Arrange OLM test installation	2025-05-30T16:52:09.5749201Z #15 [stage-1 2/4] COPY --from=ubi-micro-build /tmp/null/rootfs/ /
Test OLM installation	Arrange OLM test installation	2025-05-30T16:52:10.6265923Z #15 DONE 1.1s
Test OLM installation	Arrange OLM test installation	2025-05-30T16:52:10.7787026Z 
Test OLM installation	Arrange OLM test installation	2025-05-30T16:52:10.7787877Z #16 [stage-1 3/4] COPY --from=ubi-micro-build --chown=1000:0 /opt/keycloak /opt/keycloak
Test OLM installation	Arrange OLM test installation	2025-05-30T16:52:11.1908786Z #16 DONE 0.6s
Test OLM installation	Arrange OLM test installation	2025-05-30T16:52:11.2990500Z 
Test OLM installation	Arrange OLM test installation	2025-05-30T16:52:11.2991589Z #17 [stage-1 4/4] RUN echo "keycloak:x:0:root" >> /etc/group &&     echo "keycloak:x:1000:0:keycloak user:/opt/keycloak:/sbin/nologin" >> /etc/passwd
Test OLM installation	Arrange OLM test installation	2025-05-30T16:52:11.2993075Z #17 DONE 0.1s
Test OLM installation	Arrange OLM test installation	2025-05-30T16:52:11.4511907Z 
Test OLM installation	Arrange OLM test installation	2025-05-30T16:52:11.4512496Z #18 exporting to image
Test OLM installation	Arrange OLM test installation	2025-05-30T16:52:11.4512919Z #18 exporting layers
Test OLM installation	Arrange OLM test installation	2025-05-30T16:52:12.7534641Z #18 exporting layers 1.5s done
Test OLM installation	Arrange OLM test installation	2025-05-30T16:52:12.7682486Z #18 writing image sha256:70ed04bd924ee59076bbef12620aab554f2a885fa4f9369a02f43a8e899a9623 done
Test OLM installation	Arrange OLM test installation	2025-05-30T16:52:12.7683414Z #18 naming to ttl.sh/46d677keycloak:86400000.0.0 done
Test OLM installation	Arrange OLM test installation	2025-05-30T16:52:12.7683908Z #18 DONE 1.5s
Test OLM installation	Arrange OLM test installation	2025-05-30T16:52:12.7733742Z + docker push ttl.sh/46d677keycloak:86400000.0.0
Test OLM installation	Arrange OLM test installation	2025-05-30T16:52:12.9201111Z The push refers to repository [ttl.sh/46d677keycloak]
Test OLM installation	Arrange OLM test installation	2025-05-30T16:52:13.0090120Z 1634cf4adfe7: Preparing
Test OLM installation	Arrange OLM test installation	2025-05-30T16:52:13.0090861Z 478b118c281b: Preparing
Test OLM installation	Arrange OLM test installation	2025-05-30T16:52:13.0091217Z 771be6705ddf: Preparing
Test OLM installation	Arrange OLM test installation	2025-05-30T16:52:13.0091550Z ef3cb51dff21: Preparing
Test OLM installation	Arrange OLM test installation	2025-05-30T16:52:16.2662560Z 1634cf4adfe7: Pushed
Test OLM installation	Arrange OLM test installation	2025-05-30T16:52:22.4079003Z ef3cb51dff21: Pushed
Test OLM installation	Arrange OLM test installation	2025-05-30T16:53:43.6125609Z error parsing HTTP 499 response body: invalid character '<' looking for beginning of value: "<!DOCTYPE html>\n<html>\n  <head>\n    <meta name=\"viewport\" content=\"width=device-width, initial-scale=1\">\n    <meta charset=\"utf-8\">\n    <title>Application Error</title>\n    <style media=\"screen\">\n      html,body,iframe {\n        margin: 0;\n        padding: 0;\n      }\n\n      html,body {\n        height: 100%;\n        overflow: hidden;\n      }\n\n      iframe {\n        width: 100%;\n        height: 100%;\n        border: 0;\n      }\n    </style>\n  </head>\n  <body>\n    <iframe src=\"https://www.herokucdn.com/error-pages/application-error.html\"></iframe>\n  </body>\n</html>"
Test OLM installation	Arrange OLM test installation	2025-05-30T16:53:43.6158067Z ##[error]Process completed with exit code 1.
Status Check - Keycloak Operator CI	Run /./.github/actions/status-check	2025-05-30T17:17:34.2586900Z Prepare all required actions
Status Check - Keycloak Operator CI	Run /./.github/actions/status-check	2025-05-30T17:17:34.2661162Z ##[group]Run ./.github/actions/status-check
Status Check - Keycloak Operator CI	Run /./.github/actions/status-check	2025-05-30T17:17:34.2661527Z with:
Status Check - Keycloak Operator CI	Run /./.github/actions/status-check	2025-05-30T17:17:34.2662418Z   jobs: {
Status Check - Keycloak Operator CI	Run /./.github/actions/status-check	  "conditional": {
Status Check - Keycloak Operator CI	Run /./.github/actions/status-check	    "result": "success",
Status Check - Keycloak Operator CI	Run /./.github/actions/status-check	    "outputs": {
Status Check - Keycloak Operator CI	Run /./.github/actions/status-check	      "operator": "true"
Status Check - Keycloak Operator CI	Run /./.github/actions/status-check	    }
Status Check - Keycloak Operator CI	Run /./.github/actions/status-check	  },
Status Check - Keycloak Operator CI	Run /./.github/actions/status-check	  "build": {
Status Check - Keycloak Operator CI	Run /./.github/actions/status-check	    "result": "success",
Status Check - Keycloak Operator CI	Run /./.github/actions/status-check	    "outputs": {}
Status Check - Keycloak Operator CI	Run /./.github/actions/status-check	  },
Status Check - Keycloak Operator CI	Run /./.github/actions/status-check	  "test-local-apiserver": {
Status Check - Keycloak Operator CI	Run /./.github/actions/status-check	    "result": "success",
Status Check - Keycloak Operator CI	Run /./.github/actions/status-check	    "outputs": {}
Status Check - Keycloak Operator CI	Run /./.github/actions/status-check	  },
Status Check - Keycloak Operator CI	Run /./.github/actions/status-check	  "test-remote": {
Status Check - Keycloak Operator CI	Run /./.github/actions/status-check	    "result": "success",
Status Check - Keycloak Operator CI	Run /./.github/actions/status-check	    "outputs": {}
Status Check - Keycloak Operator CI	Run /./.github/actions/status-check	  },
Status Check - Keycloak Operator CI	Run /./.github/actions/status-check	  "test-olm": {
Status Check - Keycloak Operator CI	Run /./.github/actions/status-check	    "result": "failure",
Status Check - Keycloak Operator CI	Run /./.github/actions/status-check	    "outputs": {}
Status Check - Keycloak Operator CI	Run /./.github/actions/status-check	  }
Status Check - Keycloak Operator CI	Run /./.github/actions/status-check	}
Status Check - Keycloak Operator CI	Run /./.github/actions/status-check	2025-05-30T17:17:34.2663397Z env:
Status Check - Keycloak Operator CI	Run /./.github/actions/status-check	2025-05-30T17:17:34.2663725Z   MAVEN_ARGS: -B -nsu -Daether.connector.http.connectionMaxTtl=25
Status Check - Keycloak Operator CI	Run /./.github/actions/status-check	2025-05-30T17:17:34.2664158Z   MINIKUBE_VERSION: v1.32.0
Status Check - Keycloak Operator CI	Run /./.github/actions/status-check	2025-05-30T17:17:34.2664553Z   KUBERNETES_VERSION: v1.27.10
Status Check - Keycloak Operator CI	Run /./.github/actions/status-check	2025-05-30T17:17:34.2744921Z   MINIKUBE_MEMORY: 4096
Status Check - Keycloak Operator CI	Run /./.github/actions/status-check	2025-05-30T17:17:34.2745240Z ##[endgroup]
Status Check - Keycloak Operator CI	Run /./.github/actions/status-check	2025-05-30T17:17:34.2854887Z ##[group]Run JOBS='{
Status Check - Keycloak Operator CI	Run /./.github/actions/status-check	2025-05-30T17:17:34.2855273Z [36;1mJOBS='{[0m
Status Check - Keycloak Operator CI	Run /./.github/actions/status-check	2025-05-30T17:17:34.2855546Z [36;1m  "conditional": {[0m
Status Check - Keycloak Operator CI	Run /./.github/actions/status-check	2025-05-30T17:17:34.2855896Z [36;1m    "result": "success",[0m
Status Check - Keycloak Operator CI	Run /./.github/actions/status-check	2025-05-30T17:17:34.2856206Z [36;1m    "outputs": {[0m
Status Check - Keycloak Operator CI	Run /./.github/actions/status-check	2025-05-30T17:17:34.2856492Z [36;1m      "operator": "true"[0m
Status Check - Keycloak Operator CI	Run /./.github/actions/status-check	2025-05-30T17:17:34.2856776Z [36;1m    }[0m
Status Check - Keycloak Operator CI	Run /./.github/actions/status-check	2025-05-30T17:17:34.2857004Z [36;1m  },[0m
Status Check - Keycloak Operator CI	Run /./.github/actions/status-check	2025-05-30T17:17:34.2857240Z [36;1m  "build": {[0m
Status Check - Keycloak Operator CI	Run /./.github/actions/status-check	2025-05-30T17:17:34.2857496Z [36;1m    "result": "success",[0m
Status Check - Keycloak Operator CI	Run /./.github/actions/status-check	2025-05-30T17:17:34.2857785Z [36;1m    "outputs": {}[0m
Status Check - Keycloak Operator CI	Run /./.github/actions/status-check	2025-05-30T17:17:34.2858051Z [36;1m  },[0m
Status Check - Keycloak Operator CI	Run /./.github/actions/status-check	2025-05-30T17:17:34.2858310Z [36;1m  "test-local-apiserver": {[0m
Status Check - Keycloak Operator CI	Run /./.github/actions/status-check	2025-05-30T17:17:34.2858621Z [36;1m    "result": "success",[0m
Status Check - Keycloak Operator CI	Run /./.github/actions/status-check	2025-05-30T17:17:34.2858927Z [36;1m    "outputs": {}[0m
Status Check - Keycloak Operator CI	Run /./.github/actions/status-check	2025-05-30T17:17:34.2859195Z [36;1m  },[0m
Status Check - Keycloak Operator CI	Run /./.github/actions/status-check	2025-05-30T17:17:34.2859443Z [36;1m  "test-remote": {[0m
Status Check - Keycloak Operator CI	Run /./.github/actions/status-check	2025-05-30T17:17:34.2859729Z [36;1m    "result": "success",[0m
Status Check - Keycloak Operator CI	Run /./.github/actions/status-check	2025-05-30T17:17:34.2860019Z [36;1m    "outputs": {}[0m
Status Check - Keycloak Operator CI	Run /./.github/actions/status-check	2025-05-30T17:17:34.2860279Z [36;1m  },[0m
Status Check - Keycloak Operator CI	Run /./.github/actions/status-check	2025-05-30T17:17:34.2860521Z [36;1m  "test-olm": {[0m
Status Check - Keycloak Operator CI	Run /./.github/actions/status-check	2025-05-30T17:17:34.2860802Z [36;1m    "result": "failure",[0m
Status Check - Keycloak Operator CI	Run /./.github/actions/status-check	2025-05-30T17:17:34.2861346Z [36;1m    "outputs": {}[0m
Status Check - Keycloak Operator CI	Run /./.github/actions/status-check	2025-05-30T17:17:34.2861616Z [36;1m  }[0m
Status Check - Keycloak Operator CI	Run /./.github/actions/status-check	2025-05-30T17:17:34.2861840Z [36;1m}'[0m
Status Check - Keycloak Operator CI	Run /./.github/actions/status-check	2025-05-30T17:17:34.2862070Z [36;1m[0m
Status Check - Keycloak Operator CI	Run /./.github/actions/status-check	2025-05-30T17:17:34.2862304Z [36;1mecho "Job status:"[0m
Status Check - Keycloak Operator CI	Run /./.github/actions/status-check	2025-05-30T17:17:34.2862709Z [36;1mecho $JOBS | jq -r 'to_entries[] | " - \(.key): \(.value.result)"'[0m
Status Check - Keycloak Operator CI	Run /./.github/actions/status-check	2025-05-30T17:17:34.2863092Z [36;1m[0m
Status Check - Keycloak Operator CI	Run /./.github/actions/status-check	2025-05-30T17:17:34.2863398Z [36;1mfor i in $(echo $JOBS | jq -r 'to_entries[] | .value.result'); do[0m
Status Check - Keycloak Operator CI	Run /./.github/actions/status-check	2025-05-30T17:17:34.2863832Z [36;1m  if [ "$i" != "success" ] && [ "$i" != "skipped" ]; then[0m
Status Check - Keycloak Operator CI	Run /./.github/actions/status-check	2025-05-30T17:17:34.2864181Z [36;1m    echo ""[0m
Status Check - Keycloak Operator CI	Run /./.github/actions/status-check	2025-05-30T17:17:34.2864458Z [36;1m    echo "Status check not okay!"[0m
Status Check - Keycloak Operator CI	Run /./.github/actions/status-check	2025-05-30T17:17:34.2864767Z [36;1m    exit 1[0m
Status Check - Keycloak Operator CI	Run /./.github/actions/status-check	2025-05-30T17:17:34.2865015Z [36;1m  fi[0m
Status Check - Keycloak Operator CI	Run /./.github/actions/status-check	2025-05-30T17:17:34.2865245Z [36;1mdone[0m
Status Check - Keycloak Operator CI	Run /./.github/actions/status-check	2025-05-30T17:17:34.3022982Z shell: /usr/bin/bash --noprofile --norc -e -o pipefail {0}
Status Check - Keycloak Operator CI	Run /./.github/actions/status-check	2025-05-30T17:17:34.3023419Z env:
Status Check - Keycloak Operator CI	Run /./.github/actions/status-check	2025-05-30T17:17:34.3023768Z   MAVEN_ARGS: -B -nsu -Daether.connector.http.connectionMaxTtl=25
Status Check - Keycloak Operator CI	Run /./.github/actions/status-check	2025-05-30T17:17:34.3024182Z   MINIKUBE_VERSION: v1.32.0
Status Check - Keycloak Operator CI	Run /./.github/actions/status-check	2025-05-30T17:17:34.3024489Z   KUBERNETES_VERSION: v1.27.10
Status Check - Keycloak Operator CI	Run /./.github/actions/status-check	2025-05-30T17:17:34.3024815Z   MINIKUBE_MEMORY: 4096
Status Check - Keycloak Operator CI	Run /./.github/actions/status-check	2025-05-30T17:17:34.3025114Z ##[endgroup]
Status Check - Keycloak Operator CI	Run /./.github/actions/status-check	2025-05-30T17:17:34.3116349Z Job status:
Status Check - Keycloak Operator CI	Run /./.github/actions/status-check	2025-05-30T17:17:34.3160517Z  - conditional: success
Status Check - Keycloak Operator CI	Run /./.github/actions/status-check	2025-05-30T17:17:34.3161130Z  - build: success
Status Check - Keycloak Operator CI	Run /./.github/actions/status-check	2025-05-30T17:17:34.3161536Z  - test-local-apiserver: success
Status Check - Keycloak Operator CI	Run /./.github/actions/status-check	2025-05-30T17:17:34.3161871Z  - test-remote: success
Status Check - Keycloak Operator CI	Run /./.github/actions/status-check	2025-05-30T17:17:34.3162148Z  - test-olm: failure
Status Check - Keycloak Operator CI	Run /./.github/actions/status-check	2025-05-30T17:17:34.3195195Z 
Status Check - Keycloak Operator CI	Run /./.github/actions/status-check	2025-05-30T17:17:34.3195469Z Status check not okay!
Status Check - Keycloak Operator CI	Run /./.github/actions/status-check	2025-05-30T17:17:34.3207835Z ##[error]Process completed with exit code 1.
