Java Distribution IT (windows-latest, temurin, 19)	Integration test setup	2024-03-26T10:57:28.2574345Z Prepare all required actions
Java Distribution IT (windows-latest, temurin, 19)	Integration test setup	2024-03-26T10:57:28.2574834Z Getting action download info
Java Distribution IT (windows-latest, temurin, 19)	Integration test setup	2024-03-26T10:57:28.3917993Z Download action repository 'actions/download-artifact@v3' (SHA:9bc31d5ccc31df68ecc42ccf4149144866c47d8a)
Java Distribution IT (windows-latest, temurin, 19)	Integration test setup	2024-03-26T10:57:29.1376043Z ##[group]Run ./.github/actions/integration-test-setup
Java Distribution IT (windows-latest, temurin, 19)	Integration test setup	2024-03-26T10:57:29.1376420Z with:
Java Distribution IT (windows-latest, temurin, 19)	Integration test setup	2024-03-26T10:57:29.1376611Z   jdk-dist: temurin
Java Distribution IT (windows-latest, temurin, 19)	Integration test setup	2024-03-26T10:57:29.1376840Z   jdk-version: 19
Java Distribution IT (windows-latest, temurin, 19)	Integration test setup	2024-03-26T10:57:29.1377040Z env:
Java Distribution IT (windows-latest, temurin, 19)	Integration test setup	2024-03-26T10:57:29.1377358Z   MAVEN_ARGS: -B -nsu -Daether.connector.http.connectionMaxTtl=25
Java Distribution IT (windows-latest, temurin, 19)	Integration test setup	2024-03-26T10:57:29.1377803Z   SUREFIRE_RERUN_FAILING_COUNT: 2
Java Distribution IT (windows-latest, temurin, 19)	Integration test setup	2024-03-26T10:57:29.1378172Z   SUREFIRE_RETRY: -Dsurefire.rerunFailingTestsCount=2
Java Distribution IT (windows-latest, temurin, 19)	Integration test setup	2024-03-26T10:57:29.1378534Z ##[endgroup]
Java Distribution IT (windows-latest, temurin, 19)	Integration test setup	2024-03-26T10:57:29.1652526Z Prepare all required actions
Java Distribution IT (windows-latest, temurin, 19)	Integration test setup	2024-03-26T10:57:29.1652874Z Getting action download info
Java Distribution IT (windows-latest, temurin, 19)	Integration test setup	2024-03-26T10:57:29.3672032Z Download action repository 'actions/setup-java@v4' (SHA:99b8673ff64fbf99d8d325f52d9a5bdedb8483e9)
Java Distribution IT (windows-latest, temurin, 19)	Integration test setup	2024-03-26T10:57:30.4278408Z ##[group]Run ./.github/actions/java-setup
Java Distribution IT (windows-latest, temurin, 19)	Integration test setup	2024-03-26T10:57:30.4278739Z with:
Java Distribution IT (windows-latest, temurin, 19)	Integration test setup	2024-03-26T10:57:30.4278932Z   distribution: temurin
Java Distribution IT (windows-latest, temurin, 19)	Integration test setup	2024-03-26T10:57:30.4279175Z   java-version: 19
Java Distribution IT (windows-latest, temurin, 19)	Integration test setup	2024-03-26T10:57:30.4279380Z env:
Java Distribution IT (windows-latest, temurin, 19)	Integration test setup	2024-03-26T10:57:30.4279690Z   MAVEN_ARGS: -B -nsu -Daether.connector.http.connectionMaxTtl=25
Java Distribution IT (windows-latest, temurin, 19)	Integration test setup	2024-03-26T10:57:30.4280128Z   SUREFIRE_RERUN_FAILING_COUNT: 2
Java Distribution IT (windows-latest, temurin, 19)	Integration test setup	2024-03-26T10:57:30.4280487Z   SUREFIRE_RETRY: -Dsurefire.rerunFailingTestsCount=2
Java Distribution IT (windows-latest, temurin, 19)	Integration test setup	2024-03-26T10:57:30.4280856Z ##[endgroup]
Java Distribution IT (windows-latest, temurin, 19)	Integration test setup	2024-03-26T10:57:30.4438890Z ##[group]Run actions/setup-java@v4
Java Distribution IT (windows-latest, temurin, 19)	Integration test setup	2024-03-26T10:57:30.4439188Z with:
Java Distribution IT (windows-latest, temurin, 19)	Integration test setup	2024-03-26T10:57:30.4439382Z   distribution: temurin
Java Distribution IT (windows-latest, temurin, 19)	Integration test setup	2024-03-26T10:57:30.4439641Z   java-version: 19
Java Distribution IT (windows-latest, temurin, 19)	Integration test setup	2024-03-26T10:57:30.4439858Z   java-package: jdk
Java Distribution IT (windows-latest, temurin, 19)	Integration test setup	2024-03-26T10:57:30.4440091Z   check-latest: false
Java Distribution IT (windows-latest, temurin, 19)	Integration test setup	2024-03-26T10:57:30.4440327Z   server-id: github
Java Distribution IT (windows-latest, temurin, 19)	Integration test setup	2024-03-26T10:57:30.4440553Z   server-username: GITHUB_ACTOR
Java Distribution IT (windows-latest, temurin, 19)	Integration test setup	2024-03-26T10:57:30.4440841Z   server-password: GITHUB_TOKEN
Java Distribution IT (windows-latest, temurin, 19)	Integration test setup	2024-03-26T10:57:30.4441135Z   overwrite-settings: true
Java Distribution IT (windows-latest, temurin, 19)	Integration test setup	2024-03-26T10:57:30.4441383Z   job-status: success
Java Distribution IT (windows-latest, temurin, 19)	Integration test setup	2024-03-26T10:57:30.4441743Z   token: ***
Java Distribution IT (windows-latest, temurin, 19)	Integration test setup	2024-03-26T10:57:30.4441932Z env:
Java Distribution IT (windows-latest, temurin, 19)	Integration test setup	2024-03-26T10:57:30.4442250Z   MAVEN_ARGS: -B -nsu -Daether.connector.http.connectionMaxTtl=25
Java Distribution IT (windows-latest, temurin, 19)	Integration test setup	2024-03-26T10:57:30.4442688Z   SUREFIRE_RERUN_FAILING_COUNT: 2
Java Distribution IT (windows-latest, temurin, 19)	Integration test setup	2024-03-26T10:57:30.4443040Z   SUREFIRE_RETRY: -Dsurefire.rerunFailingTestsCount=2
Java Distribution IT (windows-latest, temurin, 19)	Integration test setup	2024-03-26T10:57:30.4443405Z ##[endgroup]
Java Distribution IT (windows-latest, temurin, 19)	Integration test setup	2024-03-26T10:57:30.6791456Z ##[group]Installed distributions
Java Distribution IT (windows-latest, temurin, 19)	Integration test setup	2024-03-26T10:57:30.7173925Z Trying to resolve the latest version from remote
Java Distribution IT (windows-latest, temurin, 19)	Integration test setup	2024-03-26T10:57:32.0445752Z Resolved latest version as 19.0.2+7
Java Distribution IT (windows-latest, temurin, 19)	Integration test setup	2024-03-26T10:57:32.0446291Z Trying to download...
Java Distribution IT (windows-latest, temurin, 19)	Integration test setup	2024-03-26T10:57:32.0448642Z Downloading Java 19.0.2+7 (Temurin-Hotspot) from https://github.com/adoptium/temurin19-binaries/releases/download/jdk-19.0.2%2B7/OpenJDK19U-jdk_x64_windows_hotspot_19.0.2_7.zip ...
Java Distribution IT (windows-latest, temurin, 19)	Integration test setup	2024-03-26T10:57:33.7895497Z Extracting Java archive...
Java Distribution IT (windows-latest, temurin, 19)	Integration test setup	2024-03-26T10:57:33.8660707Z [command]"C:\Program Files\PowerShell\7\pwsh.exe" -NoLogo -NoProfile -NonInteractive -ExecutionPolicy Unrestricted -Command "$ErrorActionPreference = 'Stop' ; try { Add-Type -AssemblyName System.IO.Compression.ZipFile } catch { } ; try { [System.IO.Compression.ZipFile]::ExtractToDirectory('D:\a\_temp\2a5576b3-3ec8-4b7b-a545-a64cc9589264', 'D:\a\_temp\0d655f68-9836-4c1a-af17-8dd2f626a8ed', $true) } catch { if (($_.Exception.GetType().FullName -eq 'System.Management.Automation.MethodException') -or ($_.Exception.GetType().FullName -eq 'System.Management.Automation.RuntimeException') ){ Expand-Archive -LiteralPath 'D:\a\_temp\2a5576b3-3ec8-4b7b-a545-a64cc9589264' -DestinationPath 'D:\a\_temp\0d655f68-9836-4c1a-af17-8dd2f626a8ed' -Force } else { throw $_ } } ;"
Java Distribution IT (windows-latest, temurin, 19)	Integration test setup	2024-03-26T10:57:36.7430985Z Java 19.0.2+7 was downloaded
Java Distribution IT (windows-latest, temurin, 19)	Integration test setup	2024-03-26T10:57:36.7431350Z Setting Java 19.0.2+7 as the default
Java Distribution IT (windows-latest, temurin, 19)	Integration test setup	2024-03-26T10:57:36.7454977Z Creating toolchains.xml for JDK version 19 from temurin
Java Distribution IT (windows-latest, temurin, 19)	Integration test setup	2024-03-26T10:57:36.7548029Z Writing to C:\Users\runneradmin\.m2\toolchains.xml
Java Distribution IT (windows-latest, temurin, 19)	Integration test setup	2024-03-26T10:57:36.7552692Z 
Java Distribution IT (windows-latest, temurin, 19)	Integration test setup	2024-03-26T10:57:36.7552995Z Java configuration:
Java Distribution IT (windows-latest, temurin, 19)	Integration test setup	2024-03-26T10:57:36.7555868Z   Distribution: temurin
Java Distribution IT (windows-latest, temurin, 19)	Integration test setup	2024-03-26T10:57:36.7556594Z   Version: 19.0.2+7
Java Distribution IT (windows-latest, temurin, 19)	Integration test setup	2024-03-26T10:57:36.7557615Z   Path: C:\hostedtoolcache\windows\Java_Temurin-Hotspot_jdk\19.0.2-7\x64
Java Distribution IT (windows-latest, temurin, 19)	Integration test setup	2024-03-26T10:57:36.7558315Z 
Java Distribution IT (windows-latest, temurin, 19)	Integration test setup	2024-03-26T10:57:36.7558987Z ##[endgroup]
Java Distribution IT (windows-latest, temurin, 19)	Integration test setup	2024-03-26T10:57:36.7573893Z Creating settings.xml with server-id: github
Java Distribution IT (windows-latest, temurin, 19)	Integration test setup	2024-03-26T10:57:36.7580648Z Writing to C:\Users\runneradmin\.m2\settings.xml
Java Distribution IT (windows-latest, temurin, 19)	Integration test setup	2024-03-26T10:57:36.7935973Z Prepare all required actions
Java Distribution IT (windows-latest, temurin, 19)	Integration test setup	2024-03-26T10:57:36.7936407Z Getting action download info
Java Distribution IT (windows-latest, temurin, 19)	Integration test setup	2024-03-26T10:57:36.9740381Z Download action repository 'actions/cache@v4' (SHA:0c45773b623bea8c8e75f6c82b208c3cf94ea4f9)
Java Distribution IT (windows-latest, temurin, 19)	Integration test setup	2024-03-26T10:57:37.9703489Z ##[group]Run ./.github/actions/maven-cache
Java Distribution IT (windows-latest, temurin, 19)	Integration test setup	2024-03-26T10:57:37.9703816Z with:
Java Distribution IT (windows-latest, temurin, 19)	Integration test setup	2024-03-26T10:57:37.9704051Z   create-cache-if-it-doesnt-exist: false
Java Distribution IT (windows-latest, temurin, 19)	Integration test setup	2024-03-26T10:57:37.9704358Z env:
Java Distribution IT (windows-latest, temurin, 19)	Integration test setup	2024-03-26T10:57:37.9704669Z   MAVEN_ARGS: -B -nsu -Daether.connector.http.connectionMaxTtl=25
Java Distribution IT (windows-latest, temurin, 19)	Integration test setup	2024-03-26T10:57:37.9705118Z   SUREFIRE_RERUN_FAILING_COUNT: 2
Java Distribution IT (windows-latest, temurin, 19)	Integration test setup	2024-03-26T10:57:37.9705480Z   SUREFIRE_RETRY: -Dsurefire.rerunFailingTestsCount=2
Java Distribution IT (windows-latest, temurin, 19)	Integration test setup	2024-03-26T10:57:37.9706006Z   JAVA_HOME: C:\hostedtoolcache\windows\Java_Temurin-Hotspot_jdk\19.0.2-7\x64
Java Distribution IT (windows-latest, temurin, 19)	Integration test setup	2024-03-26T10:57:37.9706641Z   JAVA_HOME_19_X64: C:\hostedtoolcache\windows\Java_Temurin-Hotspot_jdk\19.0.2-7\x64
Java Distribution IT (windows-latest, temurin, 19)	Integration test setup	2024-03-26T10:57:37.9707115Z ##[endgroup]
Java Distribution IT (windows-latest, temurin, 19)	Integration test setup	2024-03-26T10:57:37.9854677Z ##[group]Run echo "key=mvn-`date -u "+%Y-%U"`" >> $GITHUB_OUTPUT
Java Distribution IT (windows-latest, temurin, 19)	Integration test setup	2024-03-26T10:57:37.9855276Z [36;1mecho "key=mvn-`date -u "+%Y-%U"`" >> $GITHUB_OUTPUT[0m
Java Distribution IT (windows-latest, temurin, 19)	Integration test setup	2024-03-26T10:57:37.9894304Z shell: C:\Program Files\Git\bin\bash.EXE --noprofile --norc -e -o pipefail {0}
Java Distribution IT (windows-latest, temurin, 19)	Integration test setup	2024-03-26T10:57:37.9894821Z env:
Java Distribution IT (windows-latest, temurin, 19)	Integration test setup	2024-03-26T10:57:37.9895157Z   MAVEN_ARGS: -B -nsu -Daether.connector.http.connectionMaxTtl=25
Java Distribution IT (windows-latest, temurin, 19)	Integration test setup	2024-03-26T10:57:37.9895601Z   SUREFIRE_RERUN_FAILING_COUNT: 2
Java Distribution IT (windows-latest, temurin, 19)	Integration test setup	2024-03-26T10:57:37.9895972Z   SUREFIRE_RETRY: -Dsurefire.rerunFailingTestsCount=2
Java Distribution IT (windows-latest, temurin, 19)	Integration test setup	2024-03-26T10:57:37.9896535Z   JAVA_HOME: C:\hostedtoolcache\windows\Java_Temurin-Hotspot_jdk\19.0.2-7\x64
Java Distribution IT (windows-latest, temurin, 19)	Integration test setup	2024-03-26T10:57:37.9897169Z   JAVA_HOME_19_X64: C:\hostedtoolcache\windows\Java_Temurin-Hotspot_jdk\19.0.2-7\x64
Java Distribution IT (windows-latest, temurin, 19)	Integration test setup	2024-03-26T10:57:37.9897643Z ##[endgroup]
Java Distribution IT (windows-latest, temurin, 19)	Integration test setup	2024-03-26T10:57:38.2739186Z ##[group]Run actions/cache/restore@v4
Java Distribution IT (windows-latest, temurin, 19)	Integration test setup	2024-03-26T10:57:38.2739491Z with:
Java Distribution IT (windows-latest, temurin, 19)	Integration test setup	2024-03-26T10:57:38.2739807Z   path: ~/.m2/repository/*/*
Java Distribution IT (windows-latest, temurin, 19)	Integration test setup	!~/.m2/repository/org/keycloak
Java Distribution IT (windows-latest, temurin, 19)	Integration test setup	
Java Distribution IT (windows-latest, temurin, 19)	Integration test setup	2024-03-26T10:57:38.2740208Z   key: mvn-2024-12
Java Distribution IT (windows-latest, temurin, 19)	Integration test setup	2024-03-26T10:57:38.2740448Z   enableCrossOsArchive: false
Java Distribution IT (windows-latest, temurin, 19)	Integration test setup	2024-03-26T10:57:38.2740731Z   fail-on-cache-miss: false
Java Distribution IT (windows-latest, temurin, 19)	Integration test setup	2024-03-26T10:57:38.2741003Z   lookup-only: false
Java Distribution IT (windows-latest, temurin, 19)	Integration test setup	2024-03-26T10:57:38.2741212Z env:
Java Distribution IT (windows-latest, temurin, 19)	Integration test setup	2024-03-26T10:57:38.2741526Z   MAVEN_ARGS: -B -nsu -Daether.connector.http.connectionMaxTtl=25
Java Distribution IT (windows-latest, temurin, 19)	Integration test setup	2024-03-26T10:57:38.2741964Z   SUREFIRE_RERUN_FAILING_COUNT: 2
Java Distribution IT (windows-latest, temurin, 19)	Integration test setup	2024-03-26T10:57:38.2742316Z   SUREFIRE_RETRY: -Dsurefire.rerunFailingTestsCount=2
Java Distribution IT (windows-latest, temurin, 19)	Integration test setup	2024-03-26T10:57:38.2742849Z   JAVA_HOME: C:\hostedtoolcache\windows\Java_Temurin-Hotspot_jdk\19.0.2-7\x64
Java Distribution IT (windows-latest, temurin, 19)	Integration test setup	2024-03-26T10:57:38.2743512Z   JAVA_HOME_19_X64: C:\hostedtoolcache\windows\Java_Temurin-Hotspot_jdk\19.0.2-7\x64
Java Distribution IT (windows-latest, temurin, 19)	Integration test setup	2024-03-26T10:57:38.2743983Z ##[endgroup]
Java Distribution IT (windows-latest, temurin, 19)	Integration test setup	2024-03-26T10:57:38.8754136Z Cache not found for input keys: mvn-2024-12
Java Distribution IT (windows-latest, temurin, 19)	Integration test setup	2024-03-26T10:57:40.9100323Z ##[group]Run actions/cache@v4
Java Distribution IT (windows-latest, temurin, 19)	Integration test setup	2024-03-26T10:57:40.9100605Z with:
Java Distribution IT (windows-latest, temurin, 19)	Integration test setup	2024-03-26T10:57:40.9100825Z   path: .mvn/wrapper/maven-wrapper.jar
Java Distribution IT (windows-latest, temurin, 19)	Integration test setup	2024-03-26T10:57:40.9101412Z   key: Windows-maven-wrapper-db5015c2176d64b892779c28302a749b4178b22232e5d60376c0d9b53e804ed1
Java Distribution IT (windows-latest, temurin, 19)	Integration test setup	2024-03-26T10:57:40.9102012Z   restore-keys: Windows-maven-wrapper-
Java Distribution IT (windows-latest, temurin, 19)	Integration test setup	2024-03-26T10:57:40.9103319Z   enableCrossOsArchive: false
Java Distribution IT (windows-latest, temurin, 19)	Integration test setup	2024-03-26T10:57:40.9103611Z   fail-on-cache-miss: false
Java Distribution IT (windows-latest, temurin, 19)	Integration test setup	2024-03-26T10:57:40.9103873Z   lookup-only: false
Java Distribution IT (windows-latest, temurin, 19)	Integration test setup	2024-03-26T10:57:40.9104114Z   save-always: false
Java Distribution IT (windows-latest, temurin, 19)	Integration test setup	2024-03-26T10:57:40.9104316Z env:
Java Distribution IT (windows-latest, temurin, 19)	Integration test setup	2024-03-26T10:57:40.9104631Z   MAVEN_ARGS: -B -nsu -Daether.connector.http.connectionMaxTtl=25
Java Distribution IT (windows-latest, temurin, 19)	Integration test setup	2024-03-26T10:57:40.9105667Z   SUREFIRE_RERUN_FAILING_COUNT: 2
Java Distribution IT (windows-latest, temurin, 19)	Integration test setup	2024-03-26T10:57:40.9106032Z   SUREFIRE_RETRY: -Dsurefire.rerunFailingTestsCount=2
Java Distribution IT (windows-latest, temurin, 19)	Integration test setup	2024-03-26T10:57:40.9106560Z   JAVA_HOME: C:\hostedtoolcache\windows\Java_Temurin-Hotspot_jdk\19.0.2-7\x64
Java Distribution IT (windows-latest, temurin, 19)	Integration test setup	2024-03-26T10:57:40.9107208Z   JAVA_HOME_19_X64: C:\hostedtoolcache\windows\Java_Temurin-Hotspot_jdk\19.0.2-7\x64
Java Distribution IT (windows-latest, temurin, 19)	Integration test setup	2024-03-26T10:57:40.9107680Z ##[endgroup]
Java Distribution IT (windows-latest, temurin, 19)	Integration test setup	2024-03-26T10:57:41.4456620Z Cache not found for input keys: Windows-maven-wrapper-db5015c2176d64b892779c28302a749b4178b22232e5d60376c0d9b53e804ed1, Windows-maven-wrapper-
Java Distribution IT (windows-latest, temurin, 19)	Integration test setup	2024-03-26T10:57:41.4789738Z Prepare all required actions
Java Distribution IT (windows-latest, temurin, 19)	Integration test setup	2024-03-26T10:57:41.4790290Z Getting action download info
Java Distribution IT (windows-latest, temurin, 19)	Integration test setup	2024-03-26T10:57:41.6287370Z ##[group]Run ./.github/actions/phantomjs-cache
Java Distribution IT (windows-latest, temurin, 19)	Integration test setup	2024-03-26T10:57:41.6287923Z with:
Java Distribution IT (windows-latest, temurin, 19)	Integration test setup	2024-03-26T10:57:41.6288216Z   version: 2.1.1
Java Distribution IT (windows-latest, temurin, 19)	Integration test setup	2024-03-26T10:57:41.6288527Z env:
Java Distribution IT (windows-latest, temurin, 19)	Integration test setup	2024-03-26T10:57:41.6289047Z   MAVEN_ARGS: -B -nsu -Daether.connector.http.connectionMaxTtl=25
Java Distribution IT (windows-latest, temurin, 19)	Integration test setup	2024-03-26T10:57:41.6289774Z   SUREFIRE_RERUN_FAILING_COUNT: 2
Java Distribution IT (windows-latest, temurin, 19)	Integration test setup	2024-03-26T10:57:41.6290464Z   SUREFIRE_RETRY: -Dsurefire.rerunFailingTestsCount=2
Java Distribution IT (windows-latest, temurin, 19)	Integration test setup	2024-03-26T10:57:41.6291462Z   JAVA_HOME: C:\hostedtoolcache\windows\Java_Temurin-Hotspot_jdk\19.0.2-7\x64
Java Distribution IT (windows-latest, temurin, 19)	Integration test setup	2024-03-26T10:57:41.6292550Z   JAVA_HOME_19_X64: C:\hostedtoolcache\windows\Java_Temurin-Hotspot_jdk\19.0.2-7\x64
Java Distribution IT (windows-latest, temurin, 19)	Integration test setup	2024-03-26T10:57:41.6293341Z ##[endgroup]
Java Distribution IT (windows-latest, temurin, 19)	Integration test setup	2024-03-26T10:57:41.6542856Z ##[group]Run actions/cache@v4
Java Distribution IT (windows-latest, temurin, 19)	Integration test setup	2024-03-26T10:57:41.6543293Z with:
Java Distribution IT (windows-latest, temurin, 19)	Integration test setup	2024-03-26T10:57:41.6543609Z   path: ~/.arquillian/drone
Java Distribution IT (windows-latest, temurin, 19)	Integration test setup	2024-03-26T10:57:41.6544065Z   key: phantomjs-2.1.1
Java Distribution IT (windows-latest, temurin, 19)	Integration test setup	2024-03-26T10:57:41.6544507Z   enableCrossOsArchive: false
Java Distribution IT (windows-latest, temurin, 19)	Integration test setup	2024-03-26T10:57:41.6545566Z   fail-on-cache-miss: false
Java Distribution IT (windows-latest, temurin, 19)	Integration test setup	2024-03-26T10:57:41.6546139Z   lookup-only: false
Java Distribution IT (windows-latest, temurin, 19)	Integration test setup	2024-03-26T10:57:41.6546524Z   save-always: false
Java Distribution IT (windows-latest, temurin, 19)	Integration test setup	2024-03-26T10:57:41.6546874Z env:
Java Distribution IT (windows-latest, temurin, 19)	Integration test setup	2024-03-26T10:57:41.6547417Z   MAVEN_ARGS: -B -nsu -Daether.connector.http.connectionMaxTtl=25
Java Distribution IT (windows-latest, temurin, 19)	Integration test setup	2024-03-26T10:57:41.6548182Z   SUREFIRE_RERUN_FAILING_COUNT: 2
Java Distribution IT (windows-latest, temurin, 19)	Integration test setup	2024-03-26T10:57:41.6548823Z   SUREFIRE_RETRY: -Dsurefire.rerunFailingTestsCount=2
Java Distribution IT (windows-latest, temurin, 19)	Integration test setup	2024-03-26T10:57:41.6549769Z   JAVA_HOME: C:\hostedtoolcache\windows\Java_Temurin-Hotspot_jdk\19.0.2-7\x64
Java Distribution IT (windows-latest, temurin, 19)	Integration test setup	2024-03-26T10:57:41.6550979Z   JAVA_HOME_19_X64: C:\hostedtoolcache\windows\Java_Temurin-Hotspot_jdk\19.0.2-7\x64
Java Distribution IT (windows-latest, temurin, 19)	Integration test setup	2024-03-26T10:57:41.6551814Z ##[endgroup]
Java Distribution IT (windows-latest, temurin, 19)	Integration test setup	2024-03-26T10:57:43.5583126Z Cache Size: ~22 MB (23368317 B)
Java Distribution IT (windows-latest, temurin, 19)	Integration test setup	2024-03-26T10:57:43.5627863Z [command]"C:\Program Files\Git\usr\bin\tar.exe" -xf D:/a/_temp/690bc8f3-73ba-4796-a915-568d2af7cadc/cache.tzst -P -C D:/a/keycloak/keycloak --force-local --use-compress-program "zstd -d"
Java Distribution IT (windows-latest, temurin, 19)	Integration test setup	2024-03-26T10:57:43.6090025Z Received 23368317 of 23368317 (100.0%), 21.8 MBs/sec
Java Distribution IT (windows-latest, temurin, 19)	Integration test setup	2024-03-26T10:57:43.6887488Z Cache restored successfully
Java Distribution IT (windows-latest, temurin, 19)	Integration test setup	2024-03-26T10:57:43.7012028Z Cache restored from key: phantomjs-2.1.1
Java Distribution IT (windows-latest, temurin, 19)	Integration test setup	2024-03-26T10:57:43.7220963Z Prepare all required actions
Java Distribution IT (windows-latest, temurin, 19)	Integration test setup	2024-03-26T10:57:43.7221328Z Getting action download info
Java Distribution IT (windows-latest, temurin, 19)	Integration test setup	2024-03-26T10:57:43.8564257Z ##[group]Run ./.github/actions/frontend-plugin-cache
Java Distribution IT (windows-latest, temurin, 19)	Integration test setup	2024-03-26T10:57:43.8564643Z env:
Java Distribution IT (windows-latest, temurin, 19)	Integration test setup	2024-03-26T10:57:43.8564969Z   MAVEN_ARGS: -B -nsu -Daether.connector.http.connectionMaxTtl=25
Java Distribution IT (windows-latest, temurin, 19)	Integration test setup	2024-03-26T10:57:43.8565428Z   SUREFIRE_RERUN_FAILING_COUNT: 2
Java Distribution IT (windows-latest, temurin, 19)	Integration test setup	2024-03-26T10:57:43.8565795Z   SUREFIRE_RETRY: -Dsurefire.rerunFailingTestsCount=2
Java Distribution IT (windows-latest, temurin, 19)	Integration test setup	2024-03-26T10:57:43.8566331Z   JAVA_HOME: C:\hostedtoolcache\windows\Java_Temurin-Hotspot_jdk\19.0.2-7\x64
Java Distribution IT (windows-latest, temurin, 19)	Integration test setup	2024-03-26T10:57:43.8566968Z   JAVA_HOME_19_X64: C:\hostedtoolcache\windows\Java_Temurin-Hotspot_jdk\19.0.2-7\x64
Java Distribution IT (windows-latest, temurin, 19)	Integration test setup	2024-03-26T10:57:43.8567432Z ##[endgroup]
Java Distribution IT (windows-latest, temurin, 19)	Integration test setup	2024-03-26T10:57:43.8676936Z ##[group]Run echo "version=$(mvn help:evaluate -Dexpression=pnpm.version -q -DforceStdout)" >> $GITHUB_OUTPUT
Java Distribution IT (windows-latest, temurin, 19)	Integration test setup	2024-03-26T10:57:43.8678031Z [36;1mecho "version=$(mvn help:evaluate -Dexpression=pnpm.version -q -DforceStdout)" >> $GITHUB_OUTPUT[0m
Java Distribution IT (windows-latest, temurin, 19)	Integration test setup	2024-03-26T10:57:43.8690052Z shell: C:\Program Files\Git\bin\bash.EXE --noprofile --norc -e -o pipefail {0}
Java Distribution IT (windows-latest, temurin, 19)	Integration test setup	2024-03-26T10:57:43.8690561Z env:
Java Distribution IT (windows-latest, temurin, 19)	Integration test setup	2024-03-26T10:57:43.8690900Z   MAVEN_ARGS: -B -nsu -Daether.connector.http.connectionMaxTtl=25
Java Distribution IT (windows-latest, temurin, 19)	Integration test setup	2024-03-26T10:57:43.8691484Z   SUREFIRE_RERUN_FAILING_COUNT: 2
Java Distribution IT (windows-latest, temurin, 19)	Integration test setup	2024-03-26T10:57:43.8691853Z   SUREFIRE_RETRY: -Dsurefire.rerunFailingTestsCount=2
Java Distribution IT (windows-latest, temurin, 19)	Integration test setup	2024-03-26T10:57:43.8692390Z   JAVA_HOME: C:\hostedtoolcache\windows\Java_Temurin-Hotspot_jdk\19.0.2-7\x64
Java Distribution IT (windows-latest, temurin, 19)	Integration test setup	2024-03-26T10:57:43.8693036Z   JAVA_HOME_19_X64: C:\hostedtoolcache\windows\Java_Temurin-Hotspot_jdk\19.0.2-7\x64
Java Distribution IT (windows-latest, temurin, 19)	Integration test setup	2024-03-26T10:57:43.8693521Z ##[endgroup]
Java Distribution IT (windows-latest, temurin, 19)	Integration test setup	2024-03-26T10:58:16.7206603Z ##[error]Unable to process file command 'output' successfully.
Java Distribution IT (windows-latest, temurin, 19)	Integration test setup	2024-03-26T10:58:16.7211153Z ##[error]Invalid format '[ERROR] Extension org.apache.maven.extensions:maven-build-cache-extension:1.1.0 or one of its dependencies could not be resolved: Could not transfer artifact com.github.albfernandez:juniversalchardet:jar:2.4.0 from/to central (https://repo.maven.apache.org/maven2): transfer failed for https://repo.maven.apache.org/maven2/com/github/albfernandez/juniversalchardet/2.4.0/juniversalchardet-2.4.0.jar'
Status Check - Keycloak CI	Run /./.github/actions/status-check	2024-03-26T11:55:53.8527326Z Prepare all required actions
Status Check - Keycloak CI	Run /./.github/actions/status-check	2024-03-26T11:55:53.8623334Z ##[group]Run ./.github/actions/status-check
Status Check - Keycloak CI	Run /./.github/actions/status-check	2024-03-26T11:55:53.8623808Z with:
Status Check - Keycloak CI	Run /./.github/actions/status-check	2024-03-26T11:55:53.8628259Z   jobs: {
Status Check - Keycloak CI	Run /./.github/actions/status-check	  "conditional": {
Status Check - Keycloak CI	Run /./.github/actions/status-check	    "result": "success",
Status Check - Keycloak CI	Run /./.github/actions/status-check	    "outputs": {
Status Check - Keycloak CI	Run /./.github/actions/status-check	      "ci": "true",
Status Check - Keycloak CI	Run /./.github/actions/status-check	      "ci-sssd": "false",
Status Check - Keycloak CI	Run /./.github/actions/status-check	      "ci-store": "true",
Status Check - Keycloak CI	Run /./.github/actions/status-check	      "ci-store-matrix": "[\"postgres\",\"mysql\",\"oracle\",\"mssql\",\"mariadb\"]"
Status Check - Keycloak CI	Run /./.github/actions/status-check	    }
Status Check - Keycloak CI	Run /./.github/actions/status-check	  },
Status Check - Keycloak CI	Run /./.github/actions/status-check	  "build": {
Status Check - Keycloak CI	Run /./.github/actions/status-check	    "result": "success",
Status Check - Keycloak CI	Run /./.github/actions/status-check	    "outputs": {}
Status Check - Keycloak CI	Run /./.github/actions/status-check	  },
Status Check - Keycloak CI	Run /./.github/actions/status-check	  "unit-tests": {
Status Check - Keycloak CI	Run /./.github/actions/status-check	    "result": "success",
Status Check - Keycloak CI	Run /./.github/actions/status-check	    "outputs": {}
Status Check - Keycloak CI	Run /./.github/actions/status-check	  },
Status Check - Keycloak CI	Run /./.github/actions/status-check	  "base-integration-tests": {
Status Check - Keycloak CI	Run /./.github/actions/status-check	    "result": "success",
Status Check - Keycloak CI	Run /./.github/actions/status-check	    "outputs": {}
Status Check - Keycloak CI	Run /./.github/actions/status-check	  },
Status Check - Keycloak CI	Run /./.github/actions/status-check	  "adapter-integration-tests": {
Status Check - Keycloak CI	Run /./.github/actions/status-check	    "result": "success",
Status Check - Keycloak CI	Run /./.github/actions/status-check	    "outputs": {}
Status Check - Keycloak CI	Run /./.github/actions/status-check	  },
Status Check - Keycloak CI	Run /./.github/actions/status-check	  "quarkus-unit-tests": {
Status Check - Keycloak CI	Run /./.github/actions/status-check	    "result": "success",
Status Check - Keycloak CI	Run /./.github/actions/status-check	    "outputs": {}
Status Check - Keycloak CI	Run /./.github/actions/status-check	  },
Status Check - Keycloak CI	Run /./.github/actions/status-check	  "quarkus-integration-tests": {
Status Check - Keycloak CI	Run /./.github/actions/status-check	    "result": "success",
Status Check - Keycloak CI	Run /./.github/actions/status-check	    "outputs": {}
Status Check - Keycloak CI	Run /./.github/actions/status-check	  },
Status Check - Keycloak CI	Run /./.github/actions/status-check	  "jdk-integration-tests": {
Status Check - Keycloak CI	Run /./.github/actions/status-check	    "result": "failure",
Status Check - Keycloak CI	Run /./.github/actions/status-check	    "outputs": {}
Status Check - Keycloak CI	Run /./.github/actions/status-check	  },
Status Check - Keycloak CI	Run /./.github/actions/status-check	  "store-integration-tests": {
Status Check - Keycloak CI	Run /./.github/actions/status-check	    "result": "success",
Status Check - Keycloak CI	Run /./.github/actions/status-check	    "outputs": {}
Status Check - Keycloak CI	Run /./.github/actions/status-check	  },
Status Check - Keycloak CI	Run /./.github/actions/status-check	  "store-model-tests": {
Status Check - Keycloak CI	Run /./.github/actions/status-check	    "result": "success",
Status Check - Keycloak CI	Run /./.github/actions/status-check	    "outputs": {}
Status Check - Keycloak CI	Run /./.github/actions/status-check	  },
Status Check - Keycloak CI	Run /./.github/actions/status-check	  "clustering-integration-tests": {
Status Check - Keycloak CI	Run /./.github/actions/status-check	    "result": "success",
Status Check - Keycloak CI	Run /./.github/actions/status-check	    "outputs": {}
Status Check - Keycloak CI	Run /./.github/actions/status-check	  },
Status Check - Keycloak CI	Run /./.github/actions/status-check	  "fips-unit-tests": {
Status Check - Keycloak CI	Run /./.github/actions/status-check	    "result": "success",
Status Check - Keycloak CI	Run /./.github/actions/status-check	    "outputs": {}
Status Check - Keycloak CI	Run /./.github/actions/status-check	  },
Status Check - Keycloak CI	Run /./.github/actions/status-check	  "fips-integration-tests": {
Status Check - Keycloak CI	Run /./.github/actions/status-check	    "result": "success",
Status Check - Keycloak CI	Run /./.github/actions/status-check	    "outputs": {}
Status Check - Keycloak CI	Run /./.github/actions/status-check	  },
Status Check - Keycloak CI	Run /./.github/actions/status-check	  "account-console-integration-tests": {
Status Check - Keycloak CI	Run /./.github/actions/status-check	    "result": "success",
Status Check - Keycloak CI	Run /./.github/actions/status-check	    "outputs": {}
Status Check - Keycloak CI	Run /./.github/actions/status-check	  },
Status Check - Keycloak CI	Run /./.github/actions/status-check	  "forms-integration-tests": {
Status Check - Keycloak CI	Run /./.github/actions/status-check	    "result": "success",
Status Check - Keycloak CI	Run /./.github/actions/status-check	    "outputs": {}
Status Check - Keycloak CI	Run /./.github/actions/status-check	  },
Status Check - Keycloak CI	Run /./.github/actions/status-check	  "webauthn-integration-tests": {
Status Check - Keycloak CI	Run /./.github/actions/status-check	    "result": "success",
Status Check - Keycloak CI	Run /./.github/actions/status-check	    "outputs": {}
Status Check - Keycloak CI	Run /./.github/actions/status-check	  },
Status Check - Keycloak CI	Run /./.github/actions/status-check	  "sssd-unit-tests": {
Status Check - Keycloak CI	Run /./.github/actions/status-check	    "result": "skipped",
Status Check - Keycloak CI	Run /./.github/actions/status-check	    "outputs": {}
Status Check - Keycloak CI	Run /./.github/actions/status-check	  },
Status Check - Keycloak CI	Run /./.github/actions/status-check	  "migration-tests": {
Status Check - Keycloak CI	Run /./.github/actions/status-check	    "result": "success",
Status Check - Keycloak CI	Run /./.github/actions/status-check	    "outputs": {}
Status Check - Keycloak CI	Run /./.github/actions/status-check	  }
Status Check - Keycloak CI	Run /./.github/actions/status-check	}
Status Check - Keycloak CI	Run /./.github/actions/status-check	2024-03-26T11:55:53.8633243Z env:
Status Check - Keycloak CI	Run /./.github/actions/status-check	2024-03-26T11:55:53.8633660Z   MAVEN_ARGS: -B -nsu -Daether.connector.http.connectionMaxTtl=25
Status Check - Keycloak CI	Run /./.github/actions/status-check	2024-03-26T11:55:53.8634228Z   SUREFIRE_RERUN_FAILING_COUNT: 2
Status Check - Keycloak CI	Run /./.github/actions/status-check	2024-03-26T11:55:53.8634769Z   SUREFIRE_RETRY: -Dsurefire.rerunFailingTestsCount=2
Status Check - Keycloak CI	Run /./.github/actions/status-check	2024-03-26T11:55:53.8635226Z ##[endgroup]
Status Check - Keycloak CI	Run /./.github/actions/status-check	2024-03-26T11:55:53.8895881Z ##[group]Run JOBS='{
Status Check - Keycloak CI	Run /./.github/actions/status-check	2024-03-26T11:55:53.8896458Z [36;1mJOBS='{[0m
Status Check - Keycloak CI	Run /./.github/actions/status-check	2024-03-26T11:55:53.8896928Z [36;1m  "conditional": {[0m
Status Check - Keycloak CI	Run /./.github/actions/status-check	2024-03-26T11:55:53.8897313Z [36;1m    "result": "success",[0m
Status Check - Keycloak CI	Run /./.github/actions/status-check	2024-03-26T11:55:53.8897734Z [36;1m    "outputs": {[0m
Status Check - Keycloak CI	Run /./.github/actions/status-check	2024-03-26T11:55:53.8898195Z [36;1m      "ci": "true",[0m
Status Check - Keycloak CI	Run /./.github/actions/status-check	2024-03-26T11:55:53.8898541Z [36;1m      "ci-sssd": "false",[0m
Status Check - Keycloak CI	Run /./.github/actions/status-check	2024-03-26T11:55:53.8898952Z [36;1m      "ci-store": "true",[0m
Status Check - Keycloak CI	Run /./.github/actions/status-check	2024-03-26T11:55:53.8899670Z [36;1m      "ci-store-matrix": "[\"postgres\",\"mysql\",\"oracle\",\"mssql\",\"mariadb\"]"[0m
Status Check - Keycloak CI	Run /./.github/actions/status-check	2024-03-26T11:55:53.8900252Z [36;1m    }[0m
Status Check - Keycloak CI	Run /./.github/actions/status-check	2024-03-26T11:55:53.8900572Z [36;1m  },[0m
Status Check - Keycloak CI	Run /./.github/actions/status-check	2024-03-26T11:55:53.8900973Z [36;1m  "build": {[0m
Status Check - Keycloak CI	Run /./.github/actions/status-check	2024-03-26T11:55:53.8901354Z [36;1m    "result": "success",[0m
Status Check - Keycloak CI	Run /./.github/actions/status-check	2024-03-26T11:55:53.8901756Z [36;1m    "outputs": {}[0m
Status Check - Keycloak CI	Run /./.github/actions/status-check	2024-03-26T11:55:53.8902214Z [36;1m  },[0m
Status Check - Keycloak CI	Run /./.github/actions/status-check	2024-03-26T11:55:53.8902516Z [36;1m  "unit-tests": {[0m
Status Check - Keycloak CI	Run /./.github/actions/status-check	2024-03-26T11:55:53.8902885Z [36;1m    "result": "success",[0m
Status Check - Keycloak CI	Run /./.github/actions/status-check	2024-03-26T11:55:53.8903366Z [36;1m    "outputs": {}[0m
Status Check - Keycloak CI	Run /./.github/actions/status-check	2024-03-26T11:55:53.8903682Z [36;1m  },[0m
Status Check - Keycloak CI	Run /./.github/actions/status-check	2024-03-26T11:55:53.8904027Z [36;1m  "base-integration-tests": {[0m
Status Check - Keycloak CI	Run /./.github/actions/status-check	2024-03-26T11:55:53.8904546Z [36;1m    "result": "success",[0m
Status Check - Keycloak CI	Run /./.github/actions/status-check	2024-03-26T11:55:53.8904900Z [36;1m    "outputs": {}[0m
Status Check - Keycloak CI	Run /./.github/actions/status-check	2024-03-26T11:55:53.8905276Z [36;1m  },[0m
Status Check - Keycloak CI	Run /./.github/actions/status-check	2024-03-26T11:55:53.8905756Z [36;1m  "adapter-integration-tests": {[0m
Status Check - Keycloak CI	Run /./.github/actions/status-check	2024-03-26T11:55:53.8906162Z [36;1m    "result": "success",[0m
Status Check - Keycloak CI	Run /./.github/actions/status-check	2024-03-26T11:55:53.8906569Z [36;1m    "outputs": {}[0m
Status Check - Keycloak CI	Run /./.github/actions/status-check	2024-03-26T11:55:53.8906990Z [36;1m  },[0m
Status Check - Keycloak CI	Run /./.github/actions/status-check	2024-03-26T11:55:53.8907288Z [36;1m  "quarkus-unit-tests": {[0m
Status Check - Keycloak CI	Run /./.github/actions/status-check	2024-03-26T11:55:53.8907712Z [36;1m    "result": "success",[0m
Status Check - Keycloak CI	Run /./.github/actions/status-check	2024-03-26T11:55:53.8908159Z [36;1m    "outputs": {}[0m
Status Check - Keycloak CI	Run /./.github/actions/status-check	2024-03-26T11:55:53.8908508Z [36;1m  },[0m
Status Check - Keycloak CI	Run /./.github/actions/status-check	2024-03-26T11:55:53.8908835Z [36;1m  "quarkus-integration-tests": {[0m
Status Check - Keycloak CI	Run /./.github/actions/status-check	2024-03-26T11:55:53.8909583Z [36;1m    "result": "success",[0m
Status Check - Keycloak CI	Run /./.github/actions/status-check	2024-03-26T11:55:53.8909996Z [36;1m    "outputs": {}[0m
Status Check - Keycloak CI	Run /./.github/actions/status-check	2024-03-26T11:55:53.8910308Z [36;1m  },[0m
Status Check - Keycloak CI	Run /./.github/actions/status-check	2024-03-26T11:55:53.8910995Z [36;1m  "jdk-integration-tests": {[0m
Status Check - Keycloak CI	Run /./.github/actions/status-check	2024-03-26T11:55:53.8911433Z [36;1m    "result": "failure",[0m
Status Check - Keycloak CI	Run /./.github/actions/status-check	2024-03-26T11:55:53.8911782Z [36;1m    "outputs": {}[0m
Status Check - Keycloak CI	Run /./.github/actions/status-check	2024-03-26T11:55:53.8912213Z [36;1m  },[0m
Status Check - Keycloak CI	Run /./.github/actions/status-check	2024-03-26T11:55:53.8912556Z [36;1m  "store-integration-tests": {[0m
Status Check - Keycloak CI	Run /./.github/actions/status-check	2024-03-26T11:55:53.8912946Z [36;1m    "result": "success",[0m
Status Check - Keycloak CI	Run /./.github/actions/status-check	2024-03-26T11:55:53.8913411Z [36;1m    "outputs": {}[0m
Status Check - Keycloak CI	Run /./.github/actions/status-check	2024-03-26T11:55:53.8913758Z [36;1m  },[0m
Status Check - Keycloak CI	Run /./.github/actions/status-check	2024-03-26T11:55:53.8914041Z [36;1m  "store-model-tests": {[0m
Status Check - Keycloak CI	Run /./.github/actions/status-check	2024-03-26T11:55:53.8914515Z [36;1m    "result": "success",[0m
Status Check - Keycloak CI	Run /./.github/actions/status-check	2024-03-26T11:55:53.8914897Z [36;1m    "outputs": {}[0m
Status Check - Keycloak CI	Run /./.github/actions/status-check	2024-03-26T11:55:53.8915265Z [36;1m  },[0m
Status Check - Keycloak CI	Run /./.github/actions/status-check	2024-03-26T11:55:53.8915705Z [36;1m  "clustering-integration-tests": {[0m
Status Check - Keycloak CI	Run /./.github/actions/status-check	2024-03-26T11:55:53.8916147Z [36;1m    "result": "success",[0m
Status Check - Keycloak CI	Run /./.github/actions/status-check	2024-03-26T11:55:53.8916503Z [36;1m    "outputs": {}[0m
Status Check - Keycloak CI	Run /./.github/actions/status-check	2024-03-26T11:55:53.8916942Z [36;1m  },[0m
Status Check - Keycloak CI	Run /./.github/actions/status-check	2024-03-26T11:55:53.8917265Z [36;1m  "fips-unit-tests": {[0m
Status Check - Keycloak CI	Run /./.github/actions/status-check	2024-03-26T11:55:53.8917623Z [36;1m    "result": "success",[0m
Status Check - Keycloak CI	Run /./.github/actions/status-check	2024-03-26T11:55:53.8918421Z [36;1m    "outputs": {}[0m
Status Check - Keycloak CI	Run /./.github/actions/status-check	2024-03-26T11:55:53.8918807Z [36;1m  },[0m
Status Check - Keycloak CI	Run /./.github/actions/status-check	2024-03-26T11:55:53.8919143Z [36;1m  "fips-integration-tests": {[0m
Status Check - Keycloak CI	Run /./.github/actions/status-check	2024-03-26T11:55:53.8919676Z [36;1m    "result": "success",[0m
Status Check - Keycloak CI	Run /./.github/actions/status-check	2024-03-26T11:55:53.8920169Z [36;1m    "outputs": {}[0m
Status Check - Keycloak CI	Run /./.github/actions/status-check	2024-03-26T11:55:53.8920671Z [36;1m  },[0m
Status Check - Keycloak CI	Run /./.github/actions/status-check	2024-03-26T11:55:53.8921029Z [36;1m  "account-console-integration-tests": {[0m
Status Check - Keycloak CI	Run /./.github/actions/status-check	2024-03-26T11:55:53.8921502Z [36;1m    "result": "success",[0m
Status Check - Keycloak CI	Run /./.github/actions/status-check	2024-03-26T11:55:53.8921971Z [36;1m    "outputs": {}[0m
Status Check - Keycloak CI	Run /./.github/actions/status-check	2024-03-26T11:55:53.8922293Z [36;1m  },[0m
Status Check - Keycloak CI	Run /./.github/actions/status-check	2024-03-26T11:55:53.8922636Z [36;1m  "forms-integration-tests": {[0m
Status Check - Keycloak CI	Run /./.github/actions/status-check	2024-03-26T11:55:53.8923144Z [36;1m    "result": "success",[0m
Status Check - Keycloak CI	Run /./.github/actions/status-check	2024-03-26T11:55:53.8923505Z [36;1m    "outputs": {}[0m
Status Check - Keycloak CI	Run /./.github/actions/status-check	2024-03-26T11:55:53.8923883Z [36;1m  },[0m
Status Check - Keycloak CI	Run /./.github/actions/status-check	2024-03-26T11:55:53.8924303Z [36;1m  "webauthn-integration-tests": {[0m
Status Check - Keycloak CI	Run /./.github/actions/status-check	2024-03-26T11:55:53.8924711Z [36;1m    "result": "success",[0m
Status Check - Keycloak CI	Run /./.github/actions/status-check	2024-03-26T11:55:53.8925119Z [36;1m    "outputs": {}[0m
Status Check - Keycloak CI	Run /./.github/actions/status-check	2024-03-26T11:55:53.8925603Z [36;1m  },[0m
Status Check - Keycloak CI	Run /./.github/actions/status-check	2024-03-26T11:55:53.8925895Z [36;1m  "sssd-unit-tests": {[0m
Status Check - Keycloak CI	Run /./.github/actions/status-check	2024-03-26T11:55:53.8926303Z [36;1m    "result": "skipped",[0m
Status Check - Keycloak CI	Run /./.github/actions/status-check	2024-03-26T11:55:53.8926752Z [36;1m    "outputs": {}[0m
Status Check - Keycloak CI	Run /./.github/actions/status-check	2024-03-26T11:55:53.8927065Z [36;1m  },[0m
Status Check - Keycloak CI	Run /./.github/actions/status-check	2024-03-26T11:55:53.8927401Z [36;1m  "migration-tests": {[0m
Status Check - Keycloak CI	Run /./.github/actions/status-check	2024-03-26T11:55:53.8927848Z [36;1m    "result": "success",[0m
Status Check - Keycloak CI	Run /./.github/actions/status-check	2024-03-26T11:55:53.8928195Z [36;1m    "outputs": {}[0m
Status Check - Keycloak CI	Run /./.github/actions/status-check	2024-03-26T11:55:53.8928558Z [36;1m  }[0m
Status Check - Keycloak CI	Run /./.github/actions/status-check	2024-03-26T11:55:53.8928921Z [36;1m}'[0m
Status Check - Keycloak CI	Run /./.github/actions/status-check	2024-03-26T11:55:53.8929189Z [36;1m[0m
Status Check - Keycloak CI	Run /./.github/actions/status-check	2024-03-26T11:55:53.8929512Z [36;1mecho "Job status:"[0m
Status Check - Keycloak CI	Run /./.github/actions/status-check	2024-03-26T11:55:53.8930157Z [36;1mecho $JOBS | jq -r 'to_entries[] | " - \(.key): \(.value.result)"'[0m
Status Check - Keycloak CI	Run /./.github/actions/status-check	2024-03-26T11:55:53.8930671Z [36;1m[0m
Status Check - Keycloak CI	Run /./.github/actions/status-check	2024-03-26T11:55:53.8931120Z [36;1mfor i in $(echo $JOBS | jq -r 'to_entries[] | .value.result'); do[0m
Status Check - Keycloak CI	Run /./.github/actions/status-check	2024-03-26T11:55:53.8931815Z [36;1m  if [ "$i" != "success" ] && [ "$i" != "skipped" ]; then[0m
Status Check - Keycloak CI	Run /./.github/actions/status-check	2024-03-26T11:55:53.8932292Z [36;1m    echo ""[0m
Status Check - Keycloak CI	Run /./.github/actions/status-check	2024-03-26T11:55:53.8932672Z [36;1m    echo "Status check not okay!"[0m
Status Check - Keycloak CI	Run /./.github/actions/status-check	2024-03-26T11:55:53.8933163Z [36;1m    exit 1[0m
Status Check - Keycloak CI	Run /./.github/actions/status-check	2024-03-26T11:55:53.8933473Z [36;1m  fi[0m
Status Check - Keycloak CI	Run /./.github/actions/status-check	2024-03-26T11:55:53.8933778Z [36;1mdone[0m
Status Check - Keycloak CI	Run /./.github/actions/status-check	2024-03-26T11:55:53.8973858Z shell: /usr/bin/bash --noprofile --norc -e -o pipefail {0}
Status Check - Keycloak CI	Run /./.github/actions/status-check	2024-03-26T11:55:53.8974382Z env:
Status Check - Keycloak CI	Run /./.github/actions/status-check	2024-03-26T11:55:53.8974948Z   MAVEN_ARGS: -B -nsu -Daether.connector.http.connectionMaxTtl=25
Status Check - Keycloak CI	Run /./.github/actions/status-check	2024-03-26T11:55:53.8975542Z   SUREFIRE_RERUN_FAILING_COUNT: 2
Status Check - Keycloak CI	Run /./.github/actions/status-check	2024-03-26T11:55:53.8975991Z   SUREFIRE_RETRY: -Dsurefire.rerunFailingTestsCount=2
Status Check - Keycloak CI	Run /./.github/actions/status-check	2024-03-26T11:55:53.8976557Z ##[endgroup]
Status Check - Keycloak CI	Run /./.github/actions/status-check	2024-03-26T11:55:53.9095928Z Job status:
Status Check - Keycloak CI	Run /./.github/actions/status-check	2024-03-26T11:55:53.9571624Z  - conditional: success
Status Check - Keycloak CI	Run /./.github/actions/status-check	2024-03-26T11:55:53.9572341Z  - build: success
Status Check - Keycloak CI	Run /./.github/actions/status-check	2024-03-26T11:55:53.9573285Z  - unit-tests: success
Status Check - Keycloak CI	Run /./.github/actions/status-check	2024-03-26T11:55:53.9573979Z  - base-integration-tests: success
Status Check - Keycloak CI	Run /./.github/actions/status-check	2024-03-26T11:55:53.9574520Z  - adapter-integration-tests: success
Status Check - Keycloak CI	Run /./.github/actions/status-check	2024-03-26T11:55:53.9575312Z  - quarkus-unit-tests: success
Status Check - Keycloak CI	Run /./.github/actions/status-check	2024-03-26T11:55:53.9575881Z  - quarkus-integration-tests: success
Status Check - Keycloak CI	Run /./.github/actions/status-check	2024-03-26T11:55:53.9576622Z  - jdk-integration-tests: failure
Status Check - Keycloak CI	Run /./.github/actions/status-check	2024-03-26T11:55:53.9577594Z  - store-integration-tests: success
Status Check - Keycloak CI	Run /./.github/actions/status-check	2024-03-26T11:55:53.9578332Z  - store-model-tests: success
Status Check - Keycloak CI	Run /./.github/actions/status-check	2024-03-26T11:55:53.9579244Z  - clustering-integration-tests: success
Status Check - Keycloak CI	Run /./.github/actions/status-check	2024-03-26T11:55:53.9580074Z  - fips-unit-tests: success
Status Check - Keycloak CI	Run /./.github/actions/status-check	2024-03-26T11:55:53.9580759Z  - fips-integration-tests: success
Status Check - Keycloak CI	Run /./.github/actions/status-check	2024-03-26T11:55:53.9581601Z  - account-console-integration-tests: success
Status Check - Keycloak CI	Run /./.github/actions/status-check	2024-03-26T11:55:53.9582606Z  - forms-integration-tests: success
Status Check - Keycloak CI	Run /./.github/actions/status-check	2024-03-26T11:55:53.9583411Z  - webauthn-integration-tests: success
Status Check - Keycloak CI	Run /./.github/actions/status-check	2024-03-26T11:55:53.9584190Z  - sssd-unit-tests: skipped
Status Check - Keycloak CI	Run /./.github/actions/status-check	2024-03-26T11:55:53.9585022Z  - migration-tests: success
Status Check - Keycloak CI	Run /./.github/actions/status-check	2024-03-26T11:55:53.9784567Z 
Status Check - Keycloak CI	Run /./.github/actions/status-check	2024-03-26T11:55:53.9784885Z Status check not okay!
Status Check - Keycloak CI	Run /./.github/actions/status-check	2024-03-26T11:55:53.9800920Z ##[error]Process completed with exit code 1.
