Admin UI E2E (2, chrome)	Run Cypress	2024-10-30T08:04:04.2813409Z ##[group]Run cypress-io/github-action@v6
Admin UI E2E (2, chrome)	Run Cypress	2024-10-30T08:04:04.2814029Z with:
Admin UI E2E (2, chrome)	Run Cypress	2024-10-30T08:04:04.2814381Z   install: false
Admin UI E2E (2, chrome)	Run Cypress	2024-10-30T08:04:04.2814763Z   browser: chrome
Admin UI E2E (2, chrome)	Run Cypress	2024-10-30T08:04:04.2815175Z   wait-on: http://localhost:8080
Admin UI E2E (2, chrome)	Run Cypress	2024-10-30T08:04:04.2815716Z   working-directory: js/apps/admin-ui
Admin UI E2E (2, chrome)	Run Cypress	2024-10-30T08:04:04.2816266Z   record: false
Admin UI E2E (2, chrome)	Run Cypress	2024-10-30T08:04:04.2816679Z   publish-summary: true
Admin UI E2E (2, chrome)	Run Cypress	2024-10-30T08:04:04.2817154Z   component: false
Admin UI E2E (2, chrome)	Run Cypress	2024-10-30T08:04:04.2817549Z env:
Admin UI E2E (2, chrome)	Run Cypress	2024-10-30T08:04:04.2818129Z   MAVEN_ARGS: -B -nsu -Daether.connector.http.connectionMaxTtl=25
Admin UI E2E (2, chrome)	Run Cypress	2024-10-30T08:04:04.2818946Z   WORKSPACE: keycloak-admin-ui
Admin UI E2E (2, chrome)	Run Cypress	2024-10-30T08:04:04.2819722Z   JAVA_HOME: /opt/hostedtoolcache/Java_Temurin-Hotspot_jdk/21.0.4-7/x64
Admin UI E2E (2, chrome)	Run Cypress	2024-10-30T08:04:04.2820778Z   JAVA_HOME_21_X64: /opt/hostedtoolcache/Java_Temurin-Hotspot_jdk/21.0.4-7/x64
Admin UI E2E (2, chrome)	Run Cypress	2024-10-30T08:04:04.2821922Z   SPLIT: 5
Admin UI E2E (2, chrome)	Run Cypress	2024-10-30T08:04:04.2822276Z   SPLIT_INDEX: 1
Admin UI E2E (2, chrome)	Run Cypress	2024-10-30T08:04:04.2822686Z   SPLIT_RANDOM_SEED: 37
Admin UI E2E (2, chrome)	Run Cypress	2024-10-30T08:04:04.2823127Z ##[endgroup]
Admin UI E2E (2, chrome)	Run Cypress	2024-10-30T08:04:04.4766940Z Skipping install because install parameter is false
Admin UI E2E (2, chrome)	Run Cypress	2024-10-30T08:04:04.4785924Z waiting on "http://localhost:8080" with timeout of 60 seconds
Admin UI E2E (2, chrome)	Run Cypress	2024-10-30T08:04:23.4552790Z It looks like this is your first time using Cypress: 13.15.0
Admin UI E2E (2, chrome)	Run Cypress	2024-10-30T08:04:23.4553212Z 
Admin UI E2E (2, chrome)	Run Cypress	2024-10-30T08:04:23.4574011Z [STARTED] Task without title.
Admin UI E2E (2, chrome)	Run Cypress	2024-10-30T08:04:25.9322571Z [SUCCESS] Task without title.
Admin UI E2E (2, chrome)	Run Cypress	2024-10-30T08:04:25.9325052Z 
Admin UI E2E (2, chrome)	Run Cypress	2024-10-30T08:04:25.9325361Z Opening Cypress...
Admin UI E2E (2, chrome)	Run Cypress	2024-10-30T08:04:26.5717752Z 
Admin UI E2E (2, chrome)	Run Cypress	2024-10-30T08:04:26.5719394Z DevTools listening on ws://127.0.0.1:37567/devtools/browser/fafbef8b-f203-4636-899c-3718d76da7b2
Admin UI E2E (2, chrome)	Run Cypress	2024-10-30T08:04:27.1500517Z (node:2610) ExperimentalWarning: `--experimental-loader` may be removed in the future; instead use `register()`:
Admin UI E2E (2, chrome)	Run Cypress	2024-10-30T08:04:27.1502614Z --import 'data:text/javascript,import { register } from "node:module"; import { pathToFileURL } from "node:url"; register("file%3A///home/runner/.cache/Cypress/13.15.0/Cypress/resources/app/node_modules/ts-node/esm/transpile-only.mjs", pathToFileURL("./"));'
Admin UI E2E (2, chrome)	Run Cypress	2024-10-30T08:04:27.1505467Z (Use `node --trace-warnings ...` to show where the warning was created)
Admin UI E2E (2, chrome)	Run Cypress	2024-10-30T08:04:32.7282564Z cypress-split: there are 37 found specs
Admin UI E2E (2, chrome)	Run Cypress	2024-10-30T08:04:32.7283732Z the first 5 specs
Admin UI E2E (2, chrome)	Run Cypress	2024-10-30T08:04:32.7285845Z - 1: /home/runner/work/keycloak/keycloak/js/apps/admin-ui/cypress/e2e/identity_providers_saml_test.spec.ts
Admin UI E2E (2, chrome)	Run Cypress	2024-10-30T08:04:32.7290173Z - 2: /home/runner/work/keycloak/keycloak/js/apps/admin-ui/cypress/e2e/organization.spec.ts
Admin UI E2E (2, chrome)	Run Cypress	2024-10-30T08:04:32.7294381Z - 3: /home/runner/work/keycloak/keycloak/js/apps/admin-ui/cypress/e2e/authentication_policies_ciba.spec.ts
Admin UI E2E (2, chrome)	Run Cypress	2024-10-30T08:04:32.7296776Z - 4: /home/runner/work/keycloak/keycloak/js/apps/admin-ui/cypress/e2e/user_fed_ldap_mapper_test.spec.ts
Admin UI E2E (2, chrome)	Run Cypress	2024-10-30T08:04:32.7299017Z - 5: /home/runner/work/keycloak/keycloak/js/apps/admin-ui/cypress/e2e/client_registration_policies.spec.ts
Admin UI E2E (2, chrome)	Run Cypress	2024-10-30T08:04:32.7300552Z cypress-split: chunk 2 of 5
Admin UI E2E (2, chrome)	Run Cypress	2024-10-30T08:04:32.7304468Z k  spec                                               
Admin UI E2E (2, chrome)	Run Cypress	2024-10-30T08:04:32.7305664Z -  ---------------------------------------------------
Admin UI E2E (2, chrome)	Run Cypress	2024-10-30T08:04:32.7307142Z 1  cypress/e2e/realm_user_registration.spec.ts        
Admin UI E2E (2, chrome)	Run Cypress	2024-10-30T08:04:32.7308134Z 2  cypress/e2e/clients_test.spec.ts                   
Admin UI E2E (2, chrome)	Run Cypress	2024-10-30T08:04:32.7308731Z 3  cypress/e2e/realm_settings_general_tab_test.spec.ts
Admin UI E2E (2, chrome)	Run Cypress	2024-10-30T08:04:32.7309354Z 4  cypress/e2e/identity_providers_oidc_test.spec.ts   
Admin UI E2E (2, chrome)	Run Cypress	2024-10-30T08:04:32.7309984Z 5  cypress/e2e/i18n_test.spec.ts                      
Admin UI E2E (2, chrome)	Run Cypress	2024-10-30T08:04:32.7310603Z 6  cypress/e2e/authentication_policies.spec.ts        
Admin UI E2E (2, chrome)	Run Cypress	2024-10-30T08:04:32.7311218Z 7  cypress/e2e/masthead_test.spec.ts                  
Admin UI E2E (2, chrome)	Run Cypress	2024-10-30T08:04:32.7311881Z 8  cypress/e2e/users_enable_disable.spec.ts           
Admin UI E2E (2, chrome)	Run Cypress	2024-10-30T08:04:32.7312261Z 
Admin UI E2E (2, chrome)	Run Cypress	2024-10-30T08:04:33.4444226Z 
Admin UI E2E (2, chrome)	Run Cypress	2024-10-30T08:04:33.4782189Z [90m====================================================================================================[39m
Admin UI E2E (2, chrome)	Run Cypress	2024-10-30T08:04:33.4783400Z 
Admin UI E2E (2, chrome)	Run Cypress	2024-10-30T08:04:33.4783998Z [0m  ([4m[1mRun Starting[22m[24m)[0m
Admin UI E2E (2, chrome)	Run Cypress	2024-10-30T08:04:33.4784555Z 
Admin UI E2E (2, chrome)	Run Cypress	2024-10-30T08:04:33.4859696Z [90m  ┌[39m[90m─[39m[90m─[39m[90m─[39m[90m─[39m[90m─[39m[90m─[39m[90m─[39m[90m─[39m[90m─[39m[90m─[39m[90m─[39m[90m─[39m[90m─[39m[90m─[39m[90m─[39m[90m─[39m[90m─[39m[90m─[39m[90m─[39m[90m─[39m[90m─[39m[90m─[39m[90m─[39m[90m─[39m[90m─[39m[90m─[39m[90m─[39m[90m─[39m[90m─[39m[90m─[39m[90m─[39m[90m─[39m[90m─[39m[90m─[39m[90m─[39m[90m─[39m[90m─[39m[90m─[39m[90m─[39m[90m─[39m[90m─[39m[90m─[39m[90m─[39m[90m─[39m[90m─[39m[90m─[39m[90m─[39m[90m─[39m[90m─[39m[90m─[39m[90m─[39m[90m─[39m[90m─[39m[90m─[39m[90m─[39m[90m─[39m[90m─[39m[90m─[39m[90m─[39m[90m─[39m[90m─[39m[90m─[39m[90m─[39m[90m─[39m[90m─[39m[90m─[39m[90m─[39m[90m─[39m[90m─[39m[90m─[39m[90m─[39m[90m─[39m[90m─[39m[90m─[39m[90m─[39m[90m─[39m[90m─[39m[90m─[39m[90m─[39m[90m─[39m[90m─[39m[90m─[39m[90m─[39m[90m─[39m[90m─[39m[90m─[39m[90m─[39m[90m─[39m[90m─[39m[90m─[39m[90m─[39m[90m─[39m[90m─[39m[90m─[39m[90m─[39m[90m─[39m[90m┐[39m
Admin UI E2E (2, chrome)	Run Cypress	2024-10-30T08:04:33.4867238Z [90m  │[39m [90mCypress:[39m        13.15.0                                                                        [90m│[39m
Admin UI E2E (2, chrome)	Run Cypress	2024-10-30T08:04:33.4869447Z [90m  │[39m [90mBrowser:[39m        Chrome 130 [90m(headless)[39m                                                          [90m│[39m
Admin UI E2E (2, chrome)	Run Cypress	2024-10-30T08:04:33.4872055Z [90m  │[39m [90mNode Version:[39m   [0mv20.13.1 [90m(/home/runner/runners/2.320.0/externals/node20/bin/node)[39m[0m              [90m│[39m
Admin UI E2E (2, chrome)	Run Cypress	2024-10-30T08:04:33.4874808Z [90m  │[39m [90mSpecs:[39m          [0m8 found (realm_user_registration.spec.ts, clients_test.spec.ts, realm_settings[0m [90m│[39m
Admin UI E2E (2, chrome)	Run Cypress	2024-10-30T08:04:33.4877344Z [90m  │[39m                 [0m_general_tab_test.spec.ts, identity_providers_oidc_test.spec.ts, i18n_test.spe[0m [90m│[39m
Admin UI E2E (2, chrome)	Run Cypress	2024-10-30T08:04:33.4885442Z [90m  │[39m                 [0mc.ts, authentication_policies.spec.ts, masthead_test.spec.ts, users_enable_dis[0m [90m│[39m
Admin UI E2E (2, chrome)	Run Cypress	2024-10-30T08:04:33.4887362Z [90m  │[39m                 [0mable.spec.ts)[0m                                                                  [90m│[39m
Admin UI E2E (2, chrome)	Run Cypress	2024-10-30T08:04:33.4888613Z [90m  │[39m [90mSearched:[39m       [0mcypress/e2e/realm_user_registration.spec.ts, cypress/e2e/clients_test.spec.ts,[0m [90m│[39m
Admin UI E2E (2, chrome)	Run Cypress	2024-10-30T08:04:33.4891029Z [90m  │[39m                 [0m cypress/e2e/realm_settings_general_tab_test.spec.ts, cypress/e2e/identity_pro[0m [90m│[39m
Admin UI E2E (2, chrome)	Run Cypress	2024-10-30T08:04:33.4892261Z [90m  │[39m                 [0mviders_oidc_test.spec.ts, cypress/e2e/i18n_test.spec.ts, cypress/e2e/authentic[0m [90m│[39m
Admin UI E2E (2, chrome)	Run Cypress	2024-10-30T08:04:33.4893435Z [90m  │[39m                 [0mation_policies.spec.ts, cypress/e2e/masthead_test.spec.ts, cypress/e2e/users_e[0m [90m│[39m
Admin UI E2E (2, chrome)	Run Cypress	2024-10-30T08:04:33.4895034Z [90m  │[39m                 [0mnable_disable.spec.ts[0m                                                          [90m│[39m
Admin UI E2E (2, chrome)	Run Cypress	2024-10-30T08:04:33.4896620Z [90m  │[39m [90mExperiments:[39m    experimentalMemoryManagement=true                                              [90m│[39m
Admin UI E2E (2, chrome)	Run Cypress	2024-10-30T08:04:33.4901523Z [90m  └[39m[90m─[39m[90m─[39m[90m─[39m[90m─[39m[90m─[39m[90m─[39m[90m─[39m[90m─[39m[90m─[39m[90m─[39m[90m─[39m[90m─[39m[90m─[39m[90m─[39m[90m─[39m[90m─[39m[90m─[39m[90m─[39m[90m─[39m[90m─[39m[90m─[39m[90m─[39m[90m─[39m[90m─[39m[90m─[39m[90m─[39m[90m─[39m[90m─[39m[90m─[39m[90m─[39m[90m─[39m[90m─[39m[90m─[39m[90m─[39m[90m─[39m[90m─[39m[90m─[39m[90m─[39m[90m─[39m[90m─[39m[90m─[39m[90m─[39m[90m─[39m[90m─[39m[90m─[39m[90m─[39m[90m─[39m[90m─[39m[90m─[39m[90m─[39m[90m─[39m[90m─[39m[90m─[39m[90m─[39m[90m─[39m[90m─[39m[90m─[39m[90m─[39m[90m─[39m[90m─[39m[90m─[39m[90m─[39m[90m─[39m[90m─[39m[90m─[39m[90m─[39m[90m─[39m[90m─[39m[90m─[39m[90m─[39m[90m─[39m[90m─[39m[90m─[39m[90m─[39m[90m─[39m[90m─[39m[90m─[39m[90m─[39m[90m─[39m[90m─[39m[90m─[39m[90m─[39m[90m─[39m[90m─[39m[90m─[39m[90m─[39m[90m─[39m[90m─[39m[90m─[39m[90m─[39m[90m─[39m[90m─[39m[90m─[39m[90m─[39m[90m─[39m[90m─[39m[90m┘[39m
Admin UI E2E (2, chrome)	Run Cypress	2024-10-30T08:04:33.4905150Z 
Admin UI E2E (2, chrome)	Run Cypress	2024-10-30T08:04:33.4905161Z 
Admin UI E2E (2, chrome)	Run Cypress	2024-10-30T08:04:33.4909891Z [90m─[39m[90m─[39m[90m─[39m[90m─[39m[90m─[39m[90m─[39m[90m─[39m[90m─[39m[90m─[39m[90m─[39m[90m─[39m[90m─[39m[90m─[39m[90m─[39m[90m─[39m[90m─[39m[90m─[39m[90m─[39m[90m─[39m[90m─[39m[90m─[39m[90m─[39m[90m─[39m[90m─[39m[90m─[39m[90m─[39m[90m─[39m[90m─[39m[90m─[39m[90m─[39m[90m─[39m[90m─[39m[90m─[39m[90m─[39m[90m─[39m[90m─[39m[90m─[39m[90m─[39m[90m─[39m[90m─[39m[90m─[39m[90m─[39m[90m─[39m[90m─[39m[90m─[39m[90m─[39m[90m─[39m[90m─[39m[90m─[39m[90m─[39m[90m─[39m[90m─[39m[90m─[39m[90m─[39m[90m─[39m[90m─[39m[90m─[39m[90m─[39m[90m─[39m[90m─[39m[90m─[39m[90m─[39m[90m─[39m[90m─[39m[90m─[39m[90m─[39m[90m─[39m[90m─[39m[90m─[39m[90m─[39m[90m─[39m[90m─[39m[90m─[39m[90m─[39m[90m─[39m[90m─[39m[90m─[39m[90m─[39m[90m─[39m[90m─[39m[90m─[39m[90m─[39m[90m─[39m[90m─[39m[90m─[39m[90m─[39m[90m─[39m[90m─[39m[90m─[39m[90m─[39m[90m─[39m[90m─[39m[90m─[39m[90m─[39m[90m─[39m[90m─[39m[90m─[39m[90m─[39m[90m─[39m[90m─[39m
Admin UI E2E (2, chrome)	Run Cypress	2024-10-30T08:04:33.4913569Z                                                                                                     
Admin UI E2E (2, chrome)	Run Cypress	2024-10-30T08:04:33.4914492Z   Running:  [90mrealm_user_registration.spec.ts[39m                                                 [90m(1 of 8)[39m
Admin UI E2E (2, chrome)	Run Cypress	2024-10-30T08:04:40.4712242Z 
Admin UI E2E (2, chrome)	Run Cypress	2024-10-30T08:04:40.4715579Z [0m[0m
Admin UI E2E (2, chrome)	Run Cypress	2024-10-30T08:04:40.4721440Z [0m  Realm settings - User registration tab[0m
Admin UI E2E (2, chrome)	Run Cypress	2024-10-30T08:04:49.2973187Z   [32m  ✓[0m[90m Add admin role[0m[90m (8789ms)[0m
Admin UI E2E (2, chrome)	Run Cypress	2024-10-30T08:04:51.8724949Z   [32m  ✓[0m[90m Remove admin role[0m[90m (2524ms)[0m
Admin UI E2E (2, chrome)	Run Cypress	2024-10-30T08:04:54.3902175Z   [32m  ✓[0m[90m Add default group[0m[90m (2180ms)[0m
Admin UI E2E (2, chrome)	Run Cypress	2024-10-30T08:04:54.3905435Z 
Admin UI E2E (2, chrome)	Run Cypress	2024-10-30T08:04:54.4089589Z 
Admin UI E2E (2, chrome)	Run Cypress	2024-10-30T08:04:54.4090968Z [92m [0m[32m 3 passing[0m[90m (14s)[0m
Admin UI E2E (2, chrome)	Run Cypress	2024-10-30T08:04:54.4091703Z 
Admin UI E2E (2, chrome)	Run Cypress	2024-10-30T08:04:55.4283666Z 
Admin UI E2E (2, chrome)	Run Cypress	2024-10-30T08:04:55.4285430Z [32m  ([4m[1mResults[22m[24m)[39m
Admin UI E2E (2, chrome)	Run Cypress	2024-10-30T08:04:55.4303859Z 
Admin UI E2E (2, chrome)	Run Cypress	2024-10-30T08:04:55.4323687Z [90m  ┌[39m[90m─[39m[90m─[39m[90m─[39m[90m─[39m[90m─[39m[90m─[39m[90m─[39m[90m─[39m[90m─[39m[90m─[39m[90m─[39m[90m─[39m[90m─[39m[90m─[39m[90m─[39m[90m─[39m[90m─[39m[90m─[39m[90m─[39m[90m─[39m[90m─[39m[90m─[39m[90m─[39m[90m─[39m[90m─[39m[90m─[39m[90m─[39m[90m─[39m[90m─[39m[90m─[39m[90m─[39m[90m─[39m[90m─[39m[90m─[39m[90m─[39m[90m─[39m[90m─[39m[90m─[39m[90m─[39m[90m─[39m[90m─[39m[90m─[39m[90m─[39m[90m─[39m[90m─[39m[90m─[39m[90m─[39m[90m─[39m[90m─[39m[90m─[39m[90m─[39m[90m─[39m[90m─[39m[90m─[39m[90m─[39m[90m─[39m[90m─[39m[90m─[39m[90m─[39m[90m─[39m[90m─[39m[90m─[39m[90m─[39m[90m─[39m[90m─[39m[90m─[39m[90m─[39m[90m─[39m[90m─[39m[90m─[39m[90m─[39m[90m─[39m[90m─[39m[90m─[39m[90m─[39m[90m─[39m[90m─[39m[90m─[39m[90m─[39m[90m─[39m[90m─[39m[90m─[39m[90m─[39m[90m─[39m[90m─[39m[90m─[39m[90m─[39m[90m─[39m[90m─[39m[90m─[39m[90m─[39m[90m─[39m[90m─[39m[90m─[39m[90m─[39m[90m─[39m[90m┐[39m
Admin UI E2E (2, chrome)	Run Cypress	2024-10-30T08:04:55.4330662Z [90m  │[39m [90mTests:[39m        [32m3[39m                                                                                [90m│[39m
Admin UI E2E (2, chrome)	Run Cypress	2024-10-30T08:04:55.4332421Z [90m  │[39m [90mPassing:[39m      [32m3[39m                                                                                [90m│[39m
Admin UI E2E (2, chrome)	Run Cypress	2024-10-30T08:04:55.4334328Z [90m  │[39m [90mFailing:[39m      [32m0[39m                                                                                [90m│[39m
Admin UI E2E (2, chrome)	Run Cypress	2024-10-30T08:04:55.4336610Z [90m  │[39m [90mPending:[39m      [32m0[39m                                                                                [90m│[39m
Admin UI E2E (2, chrome)	Run Cypress	2024-10-30T08:04:55.4338464Z [90m  │[39m [90mSkipped:[39m      [32m0[39m                                                                                [90m│[39m
Admin UI E2E (2, chrome)	Run Cypress	2024-10-30T08:04:55.4340295Z [90m  │[39m [90mScreenshots:[39m  [32m0[39m                                                                                [90m│[39m
Admin UI E2E (2, chrome)	Run Cypress	2024-10-30T08:04:55.4342046Z [90m  │[39m [90mVideo:[39m        [32mfalse[39m                                                                            [90m│[39m
Admin UI E2E (2, chrome)	Run Cypress	2024-10-30T08:04:55.4343840Z [90m  │[39m [90mDuration:[39m     [32m13 seconds[39m                                                                       [90m│[39m
Admin UI E2E (2, chrome)	Run Cypress	2024-10-30T08:04:55.4346081Z [90m  │[39m [90mSpec Ran:[39m     [32m[32mrealm_user_registration.spec.ts[32m[39m                                                  [90m│[39m
Admin UI E2E (2, chrome)	Run Cypress	2024-10-30T08:04:55.4413479Z [90m  └[39m[90m─[39m[90m─[39m[90m─[39m[90m─[39m[90m─[39m[90m─[39m[90m─[39m[90m─[39m[90m─[39m[90m─[39m[90m─[39m[90m─[39m[90m─[39m[90m─[39m[90m─[39m[90m─[39m[90m─[39m[90m─[39m[90m─[39m[90m─[39m[90m─[39m[90m─[39m[90m─[39m[90m─[39m[90m─[39m[90m─[39m[90m─[39m[90m─[39m[90m─[39m[90m─[39m[90m─[39m[90m─[39m[90m─[39m[90m─[39m[90m─[39m[90m─[39m[90m─[39m[90m─[39m[90m─[39m[90m─[39m[90m─[39m[90m─[39m[90m─[39m[90m─[39m[90m─[39m[90m─[39m[90m─[39m[90m─[39m[90m─[39m[90m─[39m[90m─[39m[90m─[39m[90m─[39m[90m─[39m[90m─[39m[90m─[39m[90m─[39m[90m─[39m[90m─[39m[90m─[39m[90m─[39m[90m─[39m[90m─[39m[90m─[39m[90m─[39m[90m─[39m[90m─[39m[90m─[39m[90m─[39m[90m─[39m[90m─[39m[90m─[39m[90m─[39m[90m─[39m[90m─[39m[90m─[39m[90m─[39m[90m─[39m[90m─[39m[90m─[39m[90m─[39m[90m─[39m[90m─[39m[90m─[39m[90m─[39m[90m─[39m[90m─[39m[90m─[39m[90m─[39m[90m─[39m[90m─[39m[90m─[39m[90m─[39m[90m─[39m[90m─[39m[90m─[39m[90m┘[39m
Admin UI E2E (2, chrome)	Run Cypress	2024-10-30T08:04:55.4419773Z 
Admin UI E2E (2, chrome)	Run Cypress	2024-10-30T08:04:55.4908418Z 
Admin UI E2E (2, chrome)	Run Cypress	2024-10-30T08:04:55.4924274Z [90m─[39m[90m─[39m[90m─[39m[90m─[39m[90m─[39m[90m─[39m[90m─[39m[90m─[39m[90m─[39m[90m─[39m[90m─[39m[90m─[39m[90m─[39m[90m─[39m[90m─[39m[90m─[39m[90m─[39m[90m─[39m[90m─[39m[90m─[39m[90m─[39m[90m─[39m[90m─[39m[90m─[39m[90m─[39m[90m─[39m[90m─[39m[90m─[39m[90m─[39m[90m─[39m[90m─[39m[90m─[39m[90m─[39m[90m─[39m[90m─[39m[90m─[39m[90m─[39m[90m─[39m[90m─[39m[90m─[39m[90m─[39m[90m─[39m[90m─[39m[90m─[39m[90m─[39m[90m─[39m[90m─[39m[90m─[39m[90m─[39m[90m─[39m[90m─[39m[90m─[39m[90m─[39m[90m─[39m[90m─[39m[90m─[39m[90m─[39m[90m─[39m[90m─[39m[90m─[39m[90m─[39m[90m─[39m[90m─[39m[90m─[39m[90m─[39m[90m─[39m[90m─[39m[90m─[39m[90m─[39m[90m─[39m[90m─[39m[90m─[39m[90m─[39m[90m─[39m[90m─[39m[90m─[39m[90m─[39m[90m─[39m[90m─[39m[90m─[39m[90m─[39m[90m─[39m[90m─[39m[90m─[39m[90m─[39m[90m─[39m[90m─[39m[90m─[39m[90m─[39m[90m─[39m[90m─[39m[90m─[39m[90m─[39m[90m─[39m[90m─[39m[90m─[39m[90m─[39m[90m─[39m[90m─[39m[90m─[39m
Admin UI E2E (2, chrome)	Run Cypress	2024-10-30T08:04:55.4930932Z                                                                                                     
Admin UI E2E (2, chrome)	Run Cypress	2024-10-30T08:04:55.4932346Z   Running:  [90mclients_test.spec.ts[39m                                                            [90m(2 of 8)[39m
Admin UI E2E (2, chrome)	Run Cypress	2024-10-30T08:05:00.5797296Z 
Admin UI E2E (2, chrome)	Run Cypress	2024-10-30T08:05:00.5798724Z [0m[0m
Admin UI E2E (2, chrome)	Run Cypress	2024-10-30T08:05:00.5928878Z [0m  Clients test[0m
Admin UI E2E (2, chrome)	Run Cypress	2024-10-30T08:05:02.2587681Z [0m    Client details - Client scopes subtab[0m
Admin UI E2E (2, chrome)	Run Cypress	2024-10-30T08:05:15.7673659Z     [32m  ✓[0m[90m Should check temporary admin service label (non)existence[0m[90m (15081ms)[0m
Admin UI E2E (2, chrome)	Run Cypress	2024-10-30T08:05:18.4866622Z     [32m  ✓[0m[90m Should list client scopes[0m[90m (2672ms)[0m
Admin UI E2E (2, chrome)	Run Cypress	2024-10-30T08:05:21.9593491Z     [32m  ✓[0m[90m Should search existing client scope by name[0m[90m (3437ms)[0m
Admin UI E2E (2, chrome)	Run Cypress	2024-10-30T08:05:25.1773455Z     [32m  ✓[0m[90m Should search non-existent client scope by name[0m[90m (3176ms)[0m
Admin UI E2E (2, chrome)	Run Cypress	2024-10-30T08:05:28.7313371Z     [32m  ✓[0m[90m Should search existing client scope by assigned type[0m[90m (3520ms)[0m
Admin UI E2E (2, chrome)	Run Cypress	2024-10-30T08:05:32.6999518Z     [32m  ✓[0m[90m Should add client scope client-scope-test-optional-type with Optional assigned type[0m[90m (3924ms)[0m
Admin UI E2E (2, chrome)	Run Cypress	2024-10-30T08:05:36.6522634Z     [32m  ✓[0m[90m Should add client scope client-scope-test-default-type with Default assigned type[0m[90m (3902ms)[0m
Admin UI E2E (2, chrome)	Run Cypress	2024-10-30T08:05:40.6689433Z     [32m  ✓[0m[90m Should change item client-scope-test0 AssignedType to Optional from search bar[0m[90m (3974ms)[0m
Admin UI E2E (2, chrome)	Run Cypress	2024-10-30T08:05:44.7290843Z     [32m  ✓[0m[90m Should change item client-scope-test0 AssignedType to Default from search bar[0m[90m (4021ms)[0m
Admin UI E2E (2, chrome)	Run Cypress	2024-10-30T08:05:47.6114835Z     [32m  ✓[0m[90m Should show items on next page are more than 11[0m[90m (2850ms)[0m
Admin UI E2E (2, chrome)	Run Cypress	2024-10-30T08:05:51.8482266Z     [32m  ✓[0m[90m Should remove client scope from item bar[0m[90m (4203ms)[0m
Admin UI E2E (2, chrome)	Run Cypress	2024-10-30T08:06:00.4000754Z     [32m  ✓[0m[90m Should remove multiple client scopes from search bar[0m[90m (8511ms)[0m
Admin UI E2E (2, chrome)	Run Cypress	2024-10-30T08:06:04.1170734Z     [31m  1) "after all" hook for "Should show initial items after filtering"[0m
Admin UI E2E (2, chrome)	Run Cypress	2024-10-30T08:06:04.1436176Z [0m    Client scopes evaluate subtab[0m
Admin UI E2E (2, chrome)	Run Cypress	2024-10-30T08:06:07.0249827Z     [32m  ✓[0m[90m check effective protocol mappers list is not empty and find effective protocol mapper locale[0m[90m (2801ms)[0m
Admin UI E2E (2, chrome)	Run Cypress	2024-10-30T08:06:09.6919090Z     [32m  ✓[0m[90m check role scope mappings list list is not empty and find role scope mapping admin[0m[90m (2626ms)[0m
Admin UI E2E (2, chrome)	Run Cypress	2024-10-30T08:06:13.6821837Z     [32m  ✓[0m[90m check generated id token and user info[0m[90m (3796ms)[0m
Admin UI E2E (2, chrome)	Run Cypress	2024-10-30T08:06:13.7093302Z [0m    Client creation[0m
Admin UI E2E (2, chrome)	Run Cypress	2024-10-30T08:06:15.8504107Z     [32m  ✓[0m[90m Should cancel creating client[0m[90m (2098ms)[0m
Admin UI E2E (2, chrome)	Run Cypress	2024-10-30T08:06:20.3675848Z     [32m  ✓[0m[90m Should check settings elements[0m[90m (4461ms)[0m
Admin UI E2E (2, chrome)	Run Cypress	2024-10-30T08:06:22.9049090Z     [32m  ✓[0m[90m Should navigate to previous using 'back' button[0m[90m (2482ms)[0m
Admin UI E2E (2, chrome)	Run Cypress	2024-10-30T08:06:25.5184144Z     [32m  ✓[0m[90m Should fail creating client[0m[90m (2573ms)[0m
Admin UI E2E (2, chrome)	Run Cypress	2024-10-30T08:06:31.6432642Z     [32m  ✓[0m[90m Client CRUD test[0m[90m (6073ms)[0m
Admin UI E2E (2, chrome)	Run Cypress	2024-10-30T08:06:33.8153421Z     [32m  ✓[0m[90m Initial access token can't be created with 0 days and count[0m[90m (2115ms)[0m
Admin UI E2E (2, chrome)	Run Cypress	2024-10-30T08:06:38.6854185Z     [32m  ✓[0m[90m Initial access token[0m[90m (4824ms)[0m
Admin UI E2E (2, chrome)	Run Cypress	2024-10-30T08:06:40.5787803Z     [32m  ✓[0m[90m Should fail to create imported client with empty ID[0m[90m (1813ms)[0m
Admin UI E2E (2, chrome)	Run Cypress	2024-10-30T08:06:45.0057295Z     [32m  ✓[0m[90m Should fail to create client with same ID[0m[90m (4349ms)[0m
Admin UI E2E (2, chrome)	Run Cypress	2024-10-30T08:06:46.7851832Z     [32m  ✓[0m[90m should delete 'identical' client id[0m[90m (1674ms)[0m
Admin UI E2E (2, chrome)	Run Cypress	2024-10-30T08:06:46.8029626Z [0m    Roles tab test[0m
Admin UI E2E (2, chrome)	Run Cypress	2024-10-30T08:06:50.2169960Z     [32m  ✓[0m[90m Should fail to create client role with empty name[0m[90m (3375ms)[0m
Admin UI E2E (2, chrome)	Run Cypress	2024-10-30T08:06:54.1541152Z     [32m  ✓[0m[90m Should create client role[0m[90m (3871ms)[0m
Admin UI E2E (2, chrome)	Run Cypress	2024-10-30T08:06:58.7807518Z     [32m  ✓[0m[90m Should update client role description[0m[90m (4583ms)[0m
Admin UI E2E (2, chrome)	Run Cypress	2024-10-30T08:07:04.9863609Z     [32m  ✓[0m[90m Should add attribute to client role[0m[90m (6142ms)[0m
Admin UI E2E (2, chrome)	Run Cypress	2024-10-30T08:07:08.3904570Z     [32m  ✓[0m[90m Should delete attribute from client role[0m[90m (3316ms)[0m
Admin UI E2E (2, chrome)	Run Cypress	2024-10-30T08:07:14.4101499Z     [32m  ✓[0m[90m Should create client role to be deleted[0m[90m (5912ms)[0m
Admin UI E2E (2, chrome)	Run Cypress	2024-10-30T08:07:18.5652613Z     [32m  ✓[0m[90m Should fail to create duplicate client role[0m[90m (4088ms)[0m
Admin UI E2E (2, chrome)	Run Cypress	2024-10-30T08:07:22.4920871Z     [32m  ✓[0m[90m Should search existing client role[0m[90m (3870ms)[0m
Admin UI E2E (2, chrome)	Run Cypress	2024-10-30T08:07:25.9107929Z     [32m  ✓[0m[90m Should search non-existing role test[0m[90m (3374ms)[0m
Admin UI E2E (2, chrome)	Run Cypress	2024-10-30T08:07:28.9456508Z     [32m  ✓[0m[90m roles empty search test[0m[90m (2985ms)[0m
Admin UI E2E (2, chrome)	Run Cypress	2024-10-30T08:07:34.4532511Z     [32m  ✓[0m[90m Add associated roles test[0m[90m (5451ms)[0m
Admin UI E2E (2, chrome)	Run Cypress	2024-10-30T08:07:38.3512330Z     [32m  ✓[0m[90m Should hide inherited roles test[0m[90m (3840ms)[0m
Admin UI E2E (2, chrome)	Run Cypress	2024-10-30T08:07:42.9315645Z     [32m  ✓[0m[90m Should delete associated roles test[0m[90m (4527ms)[0m
Admin UI E2E (2, chrome)	Run Cypress	2024-10-30T08:07:47.1506276Z     [32m  ✓[0m[90m Should delete associated role from search bar test[0m[90m (4171ms)[0m
Admin UI E2E (2, chrome)	Run Cypress	2024-10-30T08:07:50.2828978Z     [32m  ✓[0m[90m Should delete client role test[0m[90m (3085ms)[0m
Admin UI E2E (2, chrome)	Run Cypress	2024-10-30T08:07:54.4530129Z     [32m  ✓[0m[90m Should delete client role from role details test[0m[90m (3863ms)[0m
Admin UI E2E (2, chrome)	Run Cypress	2024-10-30T08:07:54.4652847Z [0m    Advanced tab test[0m
Admin UI E2E (2, chrome)	Run Cypress	2024-10-30T08:07:58.6867286Z     [32m  ✓[0m[90m Clustering[0m[90m (4030ms)[0m
Admin UI E2E (2, chrome)	Run Cypress	2024-10-30T08:08:02.5887070Z     [32m  ✓[0m[90m Fine grain OpenID connect configuration[0m[90m (3722ms)[0m
Admin UI E2E (2, chrome)	Run Cypress	2024-10-30T08:08:06.8672189Z     [32m  ✓[0m[90m OIDC Compatibility Modes configuration[0m[90m (4098ms)[0m
Admin UI E2E (2, chrome)	Run Cypress	2024-10-30T08:08:13.5290002Z     [32m  ✓[0m[90m Client Offline Session Max[0m[90m (6486ms)[0m
Admin UI E2E (2, chrome)	Run Cypress	2024-10-30T08:08:18.4129120Z     [32m  ✓[0m[90m Advanced settings[0m[90m (4709ms)[0m
Admin UI E2E (2, chrome)	Run Cypress	2024-10-30T08:08:23.2234939Z     [32m  ✓[0m[90m Authentication flow override[0m[90m (4611ms)[0m
Admin UI E2E (2, chrome)	Run Cypress	2024-10-30T08:08:23.2362553Z [0m    Service account tab test[0m
Admin UI E2E (2, chrome)	Run Cypress	2024-10-30T08:08:31.2022540Z     [32m  ✓[0m[90m List[0m[90m (7670ms)[0m
Admin UI E2E (2, chrome)	Run Cypress	2024-10-30T08:08:44.5852921Z     [32m  ✓[0m[90m Assign[0m[90m (12689ms)[0m
Admin UI E2E (2, chrome)	Run Cypress	2024-10-30T08:08:44.6412471Z [0m    Mapping tab[0m
Admin UI E2E (2, chrome)	Run Cypress	2024-10-30T08:08:48.0639036Z     [32m  ✓[0m[90m Add mapping to openid client[0m[90m (3230ms)[0m
Admin UI E2E (2, chrome)	Run Cypress	2024-10-30T08:08:48.0736007Z [0m    Keys tab test[0m
Admin UI E2E (2, chrome)	Run Cypress	2024-10-30T08:08:52.0447775Z     [32m  ✓[0m[90m Generate new keys[0m[90m (3754ms)[0m
Admin UI E2E (2, chrome)	Run Cypress	2024-10-30T08:08:52.0641160Z [0m    Realm client[0m
Admin UI E2E (2, chrome)	Run Cypress	2024-10-30T08:08:54.8337495Z     [32m  ✓[0m[90m Displays the correct tabs[0m[90m (2724ms)[0m
Admin UI E2E (2, chrome)	Run Cypress	2024-10-30T08:08:57.5429765Z     [32m  ✓[0m[90m Hides the delete action[0m[90m (2661ms)[0m
Admin UI E2E (2, chrome)	Run Cypress	2024-10-30T08:08:57.5542645Z [0m    ***
Admin UI E2E (2, chrome)	Run Cypress	2024-10-30T08:09:00.0073874Z     [32m  ✓[0m[90m Shows an explainer text for bearer only clients[0m[90m (2412ms)[0m
Admin UI E2E (2, chrome)	Run Cypress	2024-10-30T08:09:02.5473807Z     [32m  ✓[0m[90m Hides the capability config section[0m[90m (2295ms)[0m
Admin UI E2E (2, chrome)	Run Cypress	2024-10-30T08:09:02.5668714Z [0m    Generated home URLs for built-in clients[0m
Admin UI E2E (2, chrome)	Run Cypress	2024-10-30T08:09:04.0149858Z     [32m  ✓[0m[90m Check account-console Home URL[0m[90m (1407ms)[0m
Admin UI E2E (2, chrome)	Run Cypress	2024-10-30T08:09:05.5238047Z     [32m  ✓[0m[90m Check security-admin-console Home URL[0m[90m (1456ms)[0m
Admin UI E2E (2, chrome)	Run Cypress	2024-10-30T08:09:05.5333471Z [0m    Accessibility tests for clients[0m
Admin UI E2E (2, chrome)	Run Cypress	2024-10-30T08:09:07.3610194Z     [32m  ✓[0m[90m Check a11y violations on load/ clients list tab[0m[90m (1809ms)[0m
Admin UI E2E (2, chrome)	Run Cypress	2024-10-30T08:09:10.2786834Z     [32m  ✓[0m[90m Check a11y violations on create client page[0m[90m (2875ms)[0m
Admin UI E2E (2, chrome)	Run Cypress	2024-10-30T08:09:17.9858669Z     [32m  ✓[0m[90m Check a11y violations on client details page[0m[90m (7647ms)[0m
Admin UI E2E (2, chrome)	Run Cypress	2024-10-30T08:09:20.6117430Z     [32m  ✓[0m[90m Check a11y violations in delete dialog[0m[90m (2567ms)[0m
Admin UI E2E (2, chrome)	Run Cypress	2024-10-30T08:09:22.9436624Z     [32m  ✓[0m[90m Check a11y violations on import client[0m[90m (2128ms)[0m
Admin UI E2E (2, chrome)	Run Cypress	2024-10-30T08:09:24.7866174Z     [32m  ✓[0m[90m Check a11y violations on initial access token[0m[90m (1800ms)[0m
Admin UI E2E (2, chrome)	Run Cypress	2024-10-30T08:09:26.9103793Z     [32m  ✓[0m[90m Check a11y violations on client registration/ anonymous access policies tab[0m[90m (2091ms)[0m
Admin UI E2E (2, chrome)	Run Cypress	2024-10-30T08:09:29.9919768Z     [32m  ✓[0m[90m Check a11y violations on client registration/ authenticated access policies tab[0m[90m (2147ms)[0m
Admin UI E2E (2, chrome)	Run Cypress	2024-10-30T08:09:29.9925914Z 
Admin UI E2E (2, chrome)	Run Cypress	2024-10-30T08:09:30.0085519Z 
Admin UI E2E (2, chrome)	Run Cypress	2024-10-30T08:09:30.0086851Z [92m [0m[32m 65 passing[0m[90m (4m)[0m
Admin UI E2E (2, chrome)	Run Cypress	2024-10-30T08:09:30.0087973Z [31m  1 failing[0m
Admin UI E2E (2, chrome)	Run Cypress	2024-10-30T08:09:30.0088524Z 
Admin UI E2E (2, chrome)	Run Cypress	2024-10-30T08:09:30.0090460Z [0m  1) Clients test
Admin UI E2E (2, chrome)	Run Cypress	2024-10-30T08:09:30.0091427Z        Client details - Client scopes subtab
Admin UI E2E (2, chrome)	Run Cypress	2024-10-30T08:09:30.0092399Z          "after all" hook for "Should show initial items after filtering":
Admin UI E2E (2, chrome)	Run Cypress	2024-10-30T08:09:30.0140108Z [0m[31m     Error: Could not find client scope
Admin UI E2E (2, chrome)	Run Cypress	2024-10-30T08:09:30.0140634Z 
Admin UI E2E (2, chrome)	Run Cypress	2024-10-30T08:09:30.0142024Z Because this error occurred during a `after all` hook we are skipping the remaining tests in the current suite: `Client details - Client sco...`
Admin UI E2E (2, chrome)	Run Cypress	2024-10-30T08:09:30.0143201Z 
Admin UI E2E (2, chrome)	Run Cypress	2024-10-30T08:09:30.0144253Z Although you have test retries enabled, we do not retry tests when `before all` or `after all` hooks fail[0m[90m
Admin UI E2E (2, chrome)	Run Cypress	2024-10-30T08:09:30.0145935Z       at fetchWithError (http://localhost:8080/__cypress/tests?p=cypress/e2e/clients_test.spec.ts:8850:11)
Admin UI E2E (2, chrome)	Run Cypress	2024-10-30T08:09:30.0147619Z       at async Agent._requestWithParams (http://localhost:8080/__cypress/tests?p=cypress/e2e/clients_test.spec.ts:6127:17)
Admin UI E2E (2, chrome)	Run Cypress	2024-10-30T08:09:30.0148764Z [0m
Admin UI E2E (2, chrome)	Run Cypress	2024-10-30T08:09:30.0149002Z 
Admin UI E2E (2, chrome)	Run Cypress	2024-10-30T08:09:30.0149016Z 
Admin UI E2E (2, chrome)	Run Cypress	2024-10-30T08:09:31.0262733Z 
Admin UI E2E (2, chrome)	Run Cypress	2024-10-30T08:09:31.0264344Z [31m  ([4m[1mResults[22m[24m)[39m
Admin UI E2E (2, chrome)	Run Cypress	2024-10-30T08:09:31.0283294Z 
Admin UI E2E (2, chrome)	Run Cypress	2024-10-30T08:09:31.0300860Z [90m  ┌[39m[90m─[39m[90m─[39m[90m─[39m[90m─[39m[90m─[39m[90m─[39m[90m─[39m[90m─[39m[90m─[39m[90m─[39m[90m─[39m[90m─[39m[90m─[39m[90m─[39m[90m─[39m[90m─[39m[90m─[39m[90m─[39m[90m─[39m[90m─[39m[90m─[39m[90m─[39m[90m─[39m[90m─[39m[90m─[39m[90m─[39m[90m─[39m[90m─[39m[90m─[39m[90m─[39m[90m─[39m[90m─[39m[90m─[39m[90m─[39m[90m─[39m[90m─[39m[90m─[39m[90m─[39m[90m─[39m[90m─[39m[90m─[39m[90m─[39m[90m─[39m[90m─[39m[90m─[39m[90m─[39m[90m─[39m[90m─[39m[90m─[39m[90m─[39m[90m─[39m[90m─[39m[90m─[39m[90m─[39m[90m─[39m[90m─[39m[90m─[39m[90m─[39m[90m─[39m[90m─[39m[90m─[39m[90m─[39m[90m─[39m[90m─[39m[90m─[39m[90m─[39m[90m─[39m[90m─[39m[90m─[39m[90m─[39m[90m─[39m[90m─[39m[90m─[39m[90m─[39m[90m─[39m[90m─[39m[90m─[39m[90m─[39m[90m─[39m[90m─[39m[90m─[39m[90m─[39m[90m─[39m[90m─[39m[90m─[39m[90m─[39m[90m─[39m[90m─[39m[90m─[39m[90m─[39m[90m─[39m[90m─[39m[90m─[39m[90m─[39m[90m─[39m[90m─[39m[90m┐[39m
Admin UI E2E (2, chrome)	Run Cypress	2024-10-30T08:09:31.0308066Z [90m  │[39m [90mTests:[39m        [31m66[39m                                                                               [90m│[39m
Admin UI E2E (2, chrome)	Run Cypress	2024-10-30T08:09:31.0309653Z [90m  │[39m [90mPassing:[39m      [31m65[39m                                                                               [90m│[39m
Admin UI E2E (2, chrome)	Run Cypress	2024-10-30T08:09:31.0311176Z [90m  │[39m [90mFailing:[39m      [31m1[39m                                                                                [90m│[39m
Admin UI E2E (2, chrome)	Run Cypress	2024-10-30T08:09:31.0312803Z [90m  │[39m [90mPending:[39m      [31m0[39m                                                                                [90m│[39m
Admin UI E2E (2, chrome)	Run Cypress	2024-10-30T08:09:31.0314301Z [90m  │[39m [90mSkipped:[39m      [31m0[39m                                                                                [90m│[39m
Admin UI E2E (2, chrome)	Run Cypress	2024-10-30T08:09:31.0316168Z [90m  │[39m [90mScreenshots:[39m  [31m1[39m                                                                                [90m│[39m
Admin UI E2E (2, chrome)	Run Cypress	2024-10-30T08:09:31.0317683Z [90m  │[39m [90mVideo:[39m        [31mtrue[39m                                                                             [90m│[39m
Admin UI E2E (2, chrome)	Run Cypress	2024-10-30T08:09:31.0319298Z [90m  │[39m [90mDuration:[39m     [31m4 minutes, 29 seconds[39m                                                            [90m│[39m
Admin UI E2E (2, chrome)	Run Cypress	2024-10-30T08:09:31.0321380Z [90m  │[39m [90mSpec Ran:[39m     [31m[31mclients_test.spec.ts[31m[39m                                                             [90m│[39m
Admin UI E2E (2, chrome)	Run Cypress	2024-10-30T08:09:31.0329830Z [90m  └[39m[90m─[39m[90m─[39m[90m─[39m[90m─[39m[90m─[39m[90m─[39m[90m─[39m[90m─[39m[90m─[39m[90m─[39m[90m─[39m[90m─[39m[90m─[39m[90m─[39m[90m─[39m[90m─[39m[90m─[39m[90m─[39m[90m─[39m[90m─[39m[90m─[39m[90m─[39m[90m─[39m[90m─[39m[90m─[39m[90m─[39m[90m─[39m[90m─[39m[90m─[39m[90m─[39m[90m─[39m[90m─[39m[90m─[39m[90m─[39m[90m─[39m[90m─[39m[90m─[39m[90m─[39m[90m─[39m[90m─[39m[90m─[39m[90m─[39m[90m─[39m[90m─[39m[90m─[39m[90m─[39m[90m─[39m[90m─[39m[90m─[39m[90m─[39m[90m─[39m[90m─[39m[90m─[39m[90m─[39m[90m─[39m[90m─[39m[90m─[39m[90m─[39m[90m─[39m[90m─[39m[90m─[39m[90m─[39m[90m─[39m[90m─[39m[90m─[39m[90m─[39m[90m─[39m[90m─[39m[90m─[39m[90m─[39m[90m─[39m[90m─[39m[90m─[39m[90m─[39m[90m─[39m[90m─[39m[90m─[39m[90m─[39m[90m─[39m[90m─[39m[90m─[39m[90m─[39m[90m─[39m[90m─[39m[90m─[39m[90m─[39m[90m─[39m[90m─[39m[90m─[39m[90m─[39m[90m─[39m[90m─[39m[90m─[39m[90m─[39m[90m─[39m[90m─[39m[90m┘[39m
Admin UI E2E (2, chrome)	Run Cypress	2024-10-30T08:09:31.0335448Z 
Admin UI E2E (2, chrome)	Run Cypress	2024-10-30T08:09:31.0335475Z 
Admin UI E2E (2, chrome)	Run Cypress	2024-10-30T08:09:31.0335914Z [33m  ([4m[1mScreenshots[22m[24m)[39m
Admin UI E2E (2, chrome)	Run Cypress	2024-10-30T08:09:31.0336384Z 
Admin UI E2E (2, chrome)	Run Cypress	2024-10-30T08:09:31.0337782Z [90m [39m -  [0m/home/runner/work/keycloak/keycloak/js/apps/admin-ui/cypress/screenshots/clients[0m     [90m[90m(1280x581)[90m[39m
Admin UI E2E (2, chrome)	Run Cypress	2024-10-30T08:09:31.0340142Z [90m [39m    [0m_test.spec.ts/Clients test -- Client details - Client scopes subtab -- Should sh[0m               
Admin UI E2E (2, chrome)	Run Cypress	2024-10-30T08:09:31.0342083Z [90m [39m    [0mow initial items after filtering -- after all hook (failed).png[0m                                
Admin UI E2E (2, chrome)	Run Cypress	2024-10-30T08:09:31.0342899Z 
Admin UI E2E (2, chrome)	Run Cypress	2024-10-30T08:09:31.0723864Z 
Admin UI E2E (2, chrome)	Run Cypress	2024-10-30T08:09:31.0724935Z [36m  ([4m[1mVideo[22m[24m)[39m
Admin UI E2E (2, chrome)	Run Cypress	2024-10-30T08:09:31.0725638Z 
Admin UI E2E (2, chrome)	Run Cypress	2024-10-30T08:09:31.0727228Z   -  Video output: [36m/home/runner/work/keycloak/keycloak/js/apps/admin-ui/cypress/videos/clients_test.spec.ts.mp4[39m
Admin UI E2E (2, chrome)	Run Cypress	2024-10-30T08:09:31.0728380Z 
Admin UI E2E (2, chrome)	Run Cypress	2024-10-30T08:09:31.0728398Z 
Admin UI E2E (2, chrome)	Run Cypress	2024-10-30T08:09:31.0741632Z [90m─[39m[90m─[39m[90m─[39m[90m─[39m[90m─[39m[90m─[39m[90m─[39m[90m─[39m[90m─[39m[90m─[39m[90m─[39m[90m─[39m[90m─[39m[90m─[39m[90m─[39m[90m─[39m[90m─[39m[90m─[39m[90m─[39m[90m─[39m[90m─[39m[90m─[39m[90m─[39m[90m─[39m[90m─[39m[90m─[39m[90m─[39m[90m─[39m[90m─[39m[90m─[39m[90m─[39m[90m─[39m[90m─[39m[90m─[39m[90m─[39m[90m─[39m[90m─[39m[90m─[39m[90m─[39m[90m─[39m[90m─[39m[90m─[39m[90m─[39m[90m─[39m[90m─[39m[90m─[39m[90m─[39m[90m─[39m[90m─[39m[90m─[39m[90m─[39m[90m─[39m[90m─[39m[90m─[39m[90m─[39m[90m─[39m[90m─[39m[90m─[39m[90m─[39m[90m─[39m[90m─[39m[90m─[39m[90m─[39m[90m─[39m[90m─[39m[90m─[39m[90m─[39m[90m─[39m[90m─[39m[90m─[39m[90m─[39m[90m─[39m[90m─[39m[90m─[39m[90m─[39m[90m─[39m[90m─[39m[90m─[39m[90m─[39m[90m─[39m[90m─[39m[90m─[39m[90m─[39m[90m─[39m[90m─[39m[90m─[39m[90m─[39m[90m─[39m[90m─[39m[90m─[39m[90m─[39m[90m─[39m[90m─[39m[90m─[39m[90m─[39m[90m─[39m[90m─[39m[90m─[39m[90m─[39m[90m─[39m
Admin UI E2E (2, chrome)	Run Cypress	2024-10-30T08:09:31.0747318Z                                                                                                     
Admin UI E2E (2, chrome)	Run Cypress	2024-10-30T08:09:31.0749241Z   Running:  [90mrealm_settings_general_tab_test.spec.ts[39m                                         [90m(3 of 8)[39m
Admin UI E2E (2, chrome)	Run Cypress	2024-10-30T08:09:35.2615623Z 
Admin UI E2E (2, chrome)	Run Cypress	2024-10-30T08:09:35.2616728Z [0m[0m
Admin UI E2E (2, chrome)	Run Cypress	2024-10-30T08:09:35.2651002Z [0m  Realm settings general tab tests[0m
Admin UI E2E (2, chrome)	Run Cypress	2024-10-30T08:09:41.7676820Z   [32m  ✓[0m[90m Test all general tab switches[0m[90m (6484ms)[0m
Admin UI E2E (2, chrome)	Run Cypress	2024-10-30T08:09:43.8914666Z   [32m  ✓[0m[90m Fail to set Realm ID to empty[0m[90m (2059ms)[0m
Admin UI E2E (2, chrome)	Run Cypress	2024-10-30T08:09:45.8615582Z   [32m  ✓[0m[90m Modify Display name[0m[90m (1929ms)[0m
Admin UI E2E (2, chrome)	Run Cypress	2024-10-30T08:09:47.3960779Z   [32m  ✓[0m[90m Check Display name value[0m[90m (1507ms)[0m
Admin UI E2E (2, chrome)	Run Cypress	2024-10-30T08:09:49.3365226Z   [32m  ✓[0m[90m Modify front end URL[0m[90m (1899ms)[0m
Admin UI E2E (2, chrome)	Run Cypress	2024-10-30T08:09:51.2702354Z   [32m  ✓[0m[90m Select SSL all requests[0m[90m (1886ms)[0m
Admin UI E2E (2, chrome)	Run Cypress	2024-10-30T08:09:52.6901426Z   [32m  ✓[0m[90m Verify SSL all requests displays[0m[90m (1385ms)[0m
Admin UI E2E (2, chrome)	Run Cypress	2024-10-30T08:09:54.3654265Z   [32m  ✓[0m[90m Select SSL external requests[0m[90m (1650ms)[0m
Admin UI E2E (2, chrome)	Run Cypress	2024-10-30T08:09:55.7607063Z   [32m  ✓[0m[90m Verify SSL external requests displays[0m[90m (1372ms)[0m
Admin UI E2E (2, chrome)	Run Cypress	2024-10-30T08:09:57.5132818Z   [32m  ✓[0m[90m Select SSL None[0m[90m (1712ms)[0m
Admin UI E2E (2, chrome)	Run Cypress	2024-10-30T08:09:59.1185467Z   [32m  ✓[0m[90m Verify SSL None displays[0m[90m (1571ms)[0m
Admin UI E2E (2, chrome)	Run Cypress	2024-10-30T08:10:00.5380112Z   [32m  ✓[0m[90m Check Access Endpoints OpenID Endpoint Configuration link[0m[90m (1382ms)[0m
Admin UI E2E (2, chrome)	Run Cypress	2024-10-30T08:10:01.9617394Z   [32m  ✓[0m[90m Access Endpoints OpenID Endpoint Configuration link[0m[90m (1406ms)[0m
Admin UI E2E (2, chrome)	Run Cypress	2024-10-30T08:10:03.4181370Z   [32m  ✓[0m[90m Check if Access Endpoints SAML 2.0 Identity Provider Metadata link exists[0m[90m (1422ms)[0m
Admin UI E2E (2, chrome)	Run Cypress	2024-10-30T08:10:04.9756065Z   [32m  ✓[0m[90m Access Endpoints SAML 2.0 Identity Provider Metadata link[0m[90m (1541ms)[0m
Admin UI E2E (2, chrome)	Run Cypress	2024-10-30T08:10:07.6243093Z   [32m  ✓[0m[90m Verify 'Revert' button works[0m[90m (1990ms)[0m
Admin UI E2E (2, chrome)	Run Cypress	2024-10-30T08:10:07.6244174Z 
Admin UI E2E (2, chrome)	Run Cypress	2024-10-30T08:10:07.6621640Z 
Admin UI E2E (2, chrome)	Run Cypress	2024-10-30T08:10:07.6623623Z [92m [0m[32m 16 passing[0m[90m (32s)[0m
Admin UI E2E (2, chrome)	Run Cypress	2024-10-30T08:10:07.6625184Z 
Admin UI E2E (2, chrome)	Run Cypress	2024-10-30T08:10:08.6797984Z 
Admin UI E2E (2, chrome)	Run Cypress	2024-10-30T08:10:08.6800082Z [32m  ([4m[1mResults[22m[24m)[39m
Admin UI E2E (2, chrome)	Run Cypress	2024-10-30T08:10:08.6804766Z 
Admin UI E2E (2, chrome)	Run Cypress	2024-10-30T08:10:08.6821720Z [90m  ┌[39m[90m─[39m[90m─[39m[90m─[39m[90m─[39m[90m─[39m[90m─[39m[90m─[39m[90m─[39m[90m─[39m[90m─[39m[90m─[39m[90m─[39m[90m─[39m[90m─[39m[90m─[39m[90m─[39m[90m─[39m[90m─[39m[90m─[39m[90m─[39m[90m─[39m[90m─[39m[90m─[39m[90m─[39m[90m─[39m[90m─[39m[90m─[39m[90m─[39m[90m─[39m[90m─[39m[90m─[39m[90m─[39m[90m─[39m[90m─[39m[90m─[39m[90m─[39m[90m─[39m[90m─[39m[90m─[39m[90m─[39m[90m─[39m[90m─[39m[90m─[39m[90m─[39m[90m─[39m[90m─[39m[90m─[39m[90m─[39m[90m─[39m[90m─[39m[90m─[39m[90m─[39m[90m─[39m[90m─[39m[90m─[39m[90m─[39m[90m─[39m[90m─[39m[90m─[39m[90m─[39m[90m─[39m[90m─[39m[90m─[39m[90m─[39m[90m─[39m[90m─[39m[90m─[39m[90m─[39m[90m─[39m[90m─[39m[90m─[39m[90m─[39m[90m─[39m[90m─[39m[90m─[39m[90m─[39m[90m─[39m[90m─[39m[90m─[39m[90m─[39m[90m─[39m[90m─[39m[90m─[39m[90m─[39m[90m─[39m[90m─[39m[90m─[39m[90m─[39m[90m─[39m[90m─[39m[90m─[39m[90m─[39m[90m─[39m[90m─[39m[90m─[39m[90m─[39m[90m┐[39m
Admin UI E2E (2, chrome)	Run Cypress	2024-10-30T08:10:08.6828280Z [90m  │[39m [90mTests:[39m        [32m16[39m                                                                               [90m│[39m
Admin UI E2E (2, chrome)	Run Cypress	2024-10-30T08:10:08.6829272Z [90m  │[39m [90mPassing:[39m      [32m16[39m                                                                               [90m│[39m
Admin UI E2E (2, chrome)	Run Cypress	2024-10-30T08:10:08.6830787Z [90m  │[39m [90mFailing:[39m      [32m0[39m                                                                                [90m│[39m
Admin UI E2E (2, chrome)	Run Cypress	2024-10-30T08:10:08.6831756Z [90m  │[39m [90mPending:[39m      [32m0[39m                                                                                [90m│[39m
Admin UI E2E (2, chrome)	Run Cypress	2024-10-30T08:10:08.6832705Z [90m  │[39m [90mSkipped:[39m      [32m0[39m                                                                                [90m│[39m
Admin UI E2E (2, chrome)	Run Cypress	2024-10-30T08:10:08.6833645Z [90m  │[39m [90mScreenshots:[39m  [32m0[39m                                                                                [90m│[39m
Admin UI E2E (2, chrome)	Run Cypress	2024-10-30T08:10:08.6835121Z [90m  │[39m [90mVideo:[39m        [32mfalse[39m                                                                            [90m│[39m
Admin UI E2E (2, chrome)	Run Cypress	2024-10-30T08:10:08.6836705Z [90m  │[39m [90mDuration:[39m     [32m32 seconds[39m                                                                       [90m│[39m
Admin UI E2E (2, chrome)	Run Cypress	2024-10-30T08:10:08.6838665Z [90m  │[39m [90mSpec Ran:[39m     [32m[32mrealm_settings_general_tab_test.spec.ts[32m[39m                                          [90m│[39m
Admin UI E2E (2, chrome)	Run Cypress	2024-10-30T08:10:08.6848770Z [90m  └[39m[90m─[39m[90m─[39m[90m─[39m[90m─[39m[90m─[39m[90m─[39m[90m─[39m[90m─[39m[90m─[39m[90m─[39m[90m─[39m[90m─[39m[90m─[39m[90m─[39m[90m─[39m[90m─[39m[90m─[39m[90m─[39m[90m─[39m[90m─[39m[90m─[39m[90m─[39m[90m─[39m[90m─[39m[90m─[39m[90m─[39m[90m─[39m[90m─[39m[90m─[39m[90m─[39m[90m─[39m[90m─[39m[90m─[39m[90m─[39m[90m─[39m[90m─[39m[90m─[39m[90m─[39m[90m─[39m[90m─[39m[90m─[39m[90m─[39m[90m─[39m[90m─[39m[90m─[39m[90m─[39m[90m─[39m[90m─[39m[90m─[39m[90m─[39m[90m─[39m[90m─[39m[90m─[39m[90m─[39m[90m─[39m[90m─[39m[90m─[39m[90m─[39m[90m─[39m[90m─[39m[90m─[39m[90m─[39m[90m─[39m[90m─[39m[90m─[39m[90m─[39m[90m─[39m[90m─[39m[90m─[39m[90m─[39m[90m─[39m[90m─[39m[90m─[39m[90m─[39m[90m─[39m[90m─[39m[90m─[39m[90m─[39m[90m─[39m[90m─[39m[90m─[39m[90m─[39m[90m─[39m[90m─[39m[90m─[39m[90m─[39m[90m─[39m[90m─[39m[90m─[39m[90m─[39m[90m─[39m[90m─[39m[90m─[39m[90m─[39m[90m─[39m[90m─[39m[90m┘[39m
Admin UI E2E (2, chrome)	Run Cypress	2024-10-30T08:10:08.6854713Z 
Admin UI E2E (2, chrome)	Run Cypress	2024-10-30T08:10:08.7184564Z 
Admin UI E2E (2, chrome)	Run Cypress	2024-10-30T08:10:08.7197686Z [90m─[39m[90m─[39m[90m─[39m[90m─[39m[90m─[39m[90m─[39m[90m─[39m[90m─[39m[90m─[39m[90m─[39m[90m─[39m[90m─[39m[90m─[39m[90m─[39m[90m─[39m[90m─[39m[90m─[39m[90m─[39m[90m─[39m[90m─[39m[90m─[39m[90m─[39m[90m─[39m[90m─[39m[90m─[39m[90m─[39m[90m─[39m[90m─[39m[90m─[39m[90m─[39m[90m─[39m[90m─[39m[90m─[39m[90m─[39m[90m─[39m[90m─[39m[90m─[39m[90m─[39m[90m─[39m[90m─[39m[90m─[39m[90m─[39m[90m─[39m[90m─[39m[90m─[39m[90m─[39m[90m─[39m[90m─[39m[90m─[39m[90m─[39m[90m─[39m[90m─[39m[90m─[39m[90m─[39m[90m─[39m[90m─[39m[90m─[39m[90m─[39m[90m─[39m[90m─[39m[90m─[39m[90m─[39m[90m─[39m[90m─[39m[90m─[39m[90m─[39m[90m─[39m[90m─[39m[90m─[39m[90m─[39m[90m─[39m[90m─[39m[90m─[39m[90m─[39m[90m─[39m[90m─[39m[90m─[39m[90m─[39m[90m─[39m[90m─[39m[90m─[39m[90m─[39m[90m─[39m[90m─[39m[90m─[39m[90m─[39m[90m─[39m[90m─[39m[90m─[39m[90m─[39m[90m─[39m[90m─[39m[90m─[39m[90m─[39m[90m─[39m[90m─[39m[90m─[39m[90m─[39m[90m─[39m[90m─[39m
Admin UI E2E (2, chrome)	Run Cypress	2024-10-30T08:10:08.7205202Z                                                                                                     
Admin UI E2E (2, chrome)	Run Cypress	2024-10-30T08:10:08.7206636Z   Running:  [90midentity_providers_oidc_test.spec.ts[39m                                            [90m(4 of 8)[39m
Admin UI E2E (2, chrome)	Run Cypress	2024-10-30T08:10:11.7156074Z 
Admin UI E2E (2, chrome)	Run Cypress	2024-10-30T08:10:11.7157125Z [0m[0m
Admin UI E2E (2, chrome)	Run Cypress	2024-10-30T08:10:11.7239801Z [0m  OIDC identity provider test[0m
Admin UI E2E (2, chrome)	Run Cypress	2024-10-30T08:10:11.7241507Z [0m    OIDC Identity provider creation[0m
Admin UI E2E (2, chrome)	Run Cypress	2024-10-30T08:10:19.4367740Z     [32m  ✓[0m[90m should create an OIDC provider using discovery url[0m[90m (7614ms)[0m
Admin UI E2E (2, chrome)	Run Cypress	2024-10-30T08:10:31.6024291Z     [32m  ✓[0m[90m should test all settings[0m[90m (12124ms)[0m
Admin UI E2E (2, chrome)	Run Cypress	2024-10-30T08:10:34.8870113Z     [32m  ✓[0m[90m should add OIDC mapper of type Attribute Importer[0m[90m (3253ms)[0m
Admin UI E2E (2, chrome)	Run Cypress	2024-10-30T08:10:38.4346912Z     [32m  ✓[0m[90m should add OIDC mapper of type Claim To Role[0m[90m (3518ms)[0m
Admin UI E2E (2, chrome)	Run Cypress	2024-10-30T08:10:40.1456647Z     [32m  ✓[0m[90m should cancel the addition of the OIDC mapper[0m[90m (1661ms)[0m
Admin UI E2E (2, chrome)	Run Cypress	2024-10-30T08:10:41.6472162Z     [32m  ✓[0m[90m clean up providers[0m[90m (1450ms)[0m
Admin UI E2E (2, chrome)	Run Cypress	2024-10-30T08:10:41.6473045Z 
Admin UI E2E (2, chrome)	Run Cypress	2024-10-30T08:10:41.6606222Z 
Admin UI E2E (2, chrome)	Run Cypress	2024-10-30T08:10:41.6607567Z [92m [0m[32m 6 passing[0m[90m (30s)[0m
Admin UI E2E (2, chrome)	Run Cypress	2024-10-30T08:10:41.6608241Z 
Admin UI E2E (2, chrome)	Run Cypress	2024-10-30T08:10:42.6776499Z 
Admin UI E2E (2, chrome)	Run Cypress	2024-10-30T08:10:42.6777783Z [32m  ([4m[1mResults[22m[24m)[39m
Admin UI E2E (2, chrome)	Run Cypress	2024-10-30T08:10:42.6780838Z 
Admin UI E2E (2, chrome)	Run Cypress	2024-10-30T08:10:42.6793264Z [90m  ┌[39m[90m─[39m[90m─[39m[90m─[39m[90m─[39m[90m─[39m[90m─[39m[90m─[39m[90m─[39m[90m─[39m[90m─[39m[90m─[39m[90m─[39m[90m─[39m[90m─[39m[90m─[39m[90m─[39m[90m─[39m[90m─[39m[90m─[39m[90m─[39m[90m─[39m[90m─[39m[90m─[39m[90m─[39m[90m─[39m[90m─[39m[90m─[39m[90m─[39m[90m─[39m[90m─[39m[90m─[39m[90m─[39m[90m─[39m[90m─[39m[90m─[39m[90m─[39m[90m─[39m[90m─[39m[90m─[39m[90m─[39m[90m─[39m[90m─[39m[90m─[39m[90m─[39m[90m─[39m[90m─[39m[90m─[39m[90m─[39m[90m─[39m[90m─[39m[90m─[39m[90m─[39m[90m─[39m[90m─[39m[90m─[39m[90m─[39m[90m─[39m[90m─[39m[90m─[39m[90m─[39m[90m─[39m[90m─[39m[90m─[39m[90m─[39m[90m─[39m[90m─[39m[90m─[39m[90m─[39m[90m─[39m[90m─[39m[90m─[39m[90m─[39m[90m─[39m[90m─[39m[90m─[39m[90m─[39m[90m─[39m[90m─[39m[90m─[39m[90m─[39m[90m─[39m[90m─[39m[90m─[39m[90m─[39m[90m─[39m[90m─[39m[90m─[39m[90m─[39m[90m─[39m[90m─[39m[90m─[39m[90m─[39m[90m─[39m[90m─[39m[90m─[39m[90m─[39m[90m┐[39m
Admin UI E2E (2, chrome)	Run Cypress	2024-10-30T08:10:42.6799517Z [90m  │[39m [90mTests:[39m        [32m6[39m                                                                                [90m│[39m
Admin UI E2E (2, chrome)	Run Cypress	2024-10-30T08:10:42.6801474Z [90m  │[39m [90mPassing:[39m      [32m6[39m                                                                                [90m│[39m
Admin UI E2E (2, chrome)	Run Cypress	2024-10-30T08:10:42.6803121Z [90m  │[39m [90mFailing:[39m      [32m0[39m                                                                                [90m│[39m
Admin UI E2E (2, chrome)	Run Cypress	2024-10-30T08:10:42.6805597Z [90m  │[39m [90mPending:[39m      [32m0[39m                                                                                [90m│[39m
Admin UI E2E (2, chrome)	Run Cypress	2024-10-30T08:10:42.6807197Z [90m  │[39m [90mSkipped:[39m      [32m0[39m                                                                                [90m│[39m
Admin UI E2E (2, chrome)	Run Cypress	2024-10-30T08:10:42.6808685Z [90m  │[39m [90mScreenshots:[39m  [32m0[39m                                                                                [90m│[39m
Admin UI E2E (2, chrome)	Run Cypress	2024-10-30T08:10:42.6810270Z [90m  │[39m [90mVideo:[39m        [32mfalse[39m                                                                            [90m│[39m
Admin UI E2E (2, chrome)	Run Cypress	2024-10-30T08:10:42.6811944Z [90m  │[39m [90mDuration:[39m     [32m29 seconds[39m                                                                       [90m│[39m
Admin UI E2E (2, chrome)	Run Cypress	2024-10-30T08:10:42.6813910Z [90m  │[39m [90mSpec Ran:[39m     [32m[32midentity_providers_oidc_test.spec.ts[32m[39m                                             [90m│[39m
Admin UI E2E (2, chrome)	Run Cypress	2024-10-30T08:10:42.6823023Z [90m  └[39m[90m─[39m[90m─[39m[90m─[39m[90m─[39m[90m─[39m[90m─[39m[90m─[39m[90m─[39m[90m─[39m[90m─[39m[90m─[39m[90m─[39m[90m─[39m[90m─[39m[90m─[39m[90m─[39m[90m─[39m[90m─[39m[90m─[39m[90m─[39m[90m─[39m[90m─[39m[90m─[39m[90m─[39m[90m─[39m[90m─[39m[90m─[39m[90m─[39m[90m─[39m[90m─[39m[90m─[39m[90m─[39m[90m─[39m[90m─[39m[90m─[39m[90m─[39m[90m─[39m[90m─[39m[90m─[39m[90m─[39m[90m─[39m[90m─[39m[90m─[39m[90m─[39m[90m─[39m[90m─[39m[90m─[39m[90m─[39m[90m─[39m[90m─[39m[90m─[39m[90m─[39m[90m─[39m[90m─[39m[90m─[39m[90m─[39m[90m─[39m[90m─[39m[90m─[39m[90m─[39m[90m─[39m[90m─[39m[90m─[39m[90m─[39m[90m─[39m[90m─[39m[90m─[39m[90m─[39m[90m─[39m[90m─[39m[90m─[39m[90m─[39m[90m─[39m[90m─[39m[90m─[39m[90m─[39m[90m─[39m[90m─[39m[90m─[39m[90m─[39m[90m─[39m[90m─[39m[90m─[39m[90m─[39m[90m─[39m[90m─[39m[90m─[39m[90m─[39m[90m─[39m[90m─[39m[90m─[39m[90m─[39m[90m─[39m[90m─[39m[90m─[39m[90m─[39m[90m┘[39m
Admin UI E2E (2, chrome)	Run Cypress	2024-10-30T08:10:42.6828714Z 
Admin UI E2E (2, chrome)	Run Cypress	2024-10-30T08:10:42.7143004Z 
Admin UI E2E (2, chrome)	Run Cypress	2024-10-30T08:10:42.7155224Z [90m─[39m[90m─[39m[90m─[39m[90m─[39m[90m─[39m[90m─[39m[90m─[39m[90m─[39m[90m─[39m[90m─[39m[90m─[39m[90m─[39m[90m─[39m[90m─[39m[90m─[39m[90m─[39m[90m─[39m[90m─[39m[90m─[39m[90m─[39m[90m─[39m[90m─[39m[90m─[39m[90m─[39m[90m─[39m[90m─[39m[90m─[39m[90m─[39m[90m─[39m[90m─[39m[90m─[39m[90m─[39m[90m─[39m[90m─[39m[90m─[39m[90m─[39m[90m─[39m[90m─[39m[90m─[39m[90m─[39m[90m─[39m[90m─[39m[90m─[39m[90m─[39m[90m─[39m[90m─[39m[90m─[39m[90m─[39m[90m─[39m[90m─[39m[90m─[39m[90m─[39m[90m─[39m[90m─[39m[90m─[39m[90m─[39m[90m─[39m[90m─[39m[90m─[39m[90m─[39m[90m─[39m[90m─[39m[90m─[39m[90m─[39m[90m─[39m[90m─[39m[90m─[39m[90m─[39m[90m─[39m[90m─[39m[90m─[39m[90m─[39m[90m─[39m[90m─[39m[90m─[39m[90m─[39m[90m─[39m[90m─[39m[90m─[39m[90m─[39m[90m─[39m[90m─[39m[90m─[39m[90m─[39m[90m─[39m[90m─[39m[90m─[39m[90m─[39m[90m─[39m[90m─[39m[90m─[39m[90m─[39m[90m─[39m[90m─[39m[90m─[39m[90m─[39m[90m─[39m[90m─[39m[90m─[39m[90m─[39m
Admin UI E2E (2, chrome)	Run Cypress	2024-10-30T08:10:42.7159090Z                                                                                                     
Admin UI E2E (2, chrome)	Run Cypress	2024-10-30T08:10:42.7159952Z   Running:  [90mi18n_test.spec.ts[39m                                                               [90m(5 of 8)[39m
Admin UI E2E (2, chrome)	Run Cypress	2024-10-30T08:10:46.3826163Z 
Admin UI E2E (2, chrome)	Run Cypress	2024-10-30T08:10:46.3827021Z [0m[0m
Admin UI E2E (2, chrome)	Run Cypress	2024-10-30T08:10:46.3856671Z [0m  i18n tests[0m
Admin UI E2E (2, chrome)	Run Cypress	2024-10-30T08:10:50.3398143Z   [32m  ✓[0m[90m should use THEME localization for fallback (en) when language without theme localization is requested and no realm localization exists[0m[90m (3805ms)[0m
Admin UI E2E (2, chrome)	Run Cypress	2024-10-30T08:10:51.6835729Z   [32m  ✓[0m[90m should use THEME localization for language when language with theme localization is requested and no realm localization exists[0m[90m (1202ms)[0m
Admin UI E2E (2, chrome)	Run Cypress	2024-10-30T08:10:53.3432873Z   [32m  ✓[0m[90m should use REALM localization for fallback (en) when language without theme localization is requested and realm localization exists for fallback (en)[0m[90m (1457ms)[0m
Admin UI E2E (2, chrome)	Run Cypress	2024-10-30T08:10:54.9920618Z   [32m  ✓[0m[90m should use THEME localization for language when language with theme localization is requested and realm localization exists for fallback (en) only[0m[90m (1502ms)[0m
Admin UI E2E (2, chrome)	Run Cypress	2024-10-30T08:10:56.5203002Z   [32m  ✓[0m[90m should use REALM localization for language when language is requested and realm localization exists for language[0m[90m (1388ms)[0m
Admin UI E2E (2, chrome)	Run Cypress	2024-10-30T08:10:56.5325287Z   [36m  - should use REALM localization for region when region is requested and realm localization exists for region[0m
Admin UI E2E (2, chrome)	Run Cypress	2024-10-30T08:10:58.2388790Z   [32m  ✓[0m[90m should use REALM localization for language when language is requested and realm localization exists for fallback (en), language, region[0m[90m (1534ms)[0m
Admin UI E2E (2, chrome)	Run Cypress	2024-10-30T08:10:59.9741893Z   [32m  ✓[0m[90m should use REALM localization for language when region is requested and realm localization exists for fallback (en), language[0m[90m (1591ms)[0m
Admin UI E2E (2, chrome)	Run Cypress	2024-10-30T08:11:01.3638053Z   [32m  ✓[0m[90m should apply plurals and interpolation for THEME localization[0m[90m (1262ms)[0m
Admin UI E2E (2, chrome)	Run Cypress	2024-10-30T08:11:03.1537011Z   [32m  ✓[0m[90m should apply plurals and interpolation for REALM localization[0m[90m (1342ms)[0m
Admin UI E2E (2, chrome)	Run Cypress	2024-10-30T08:11:03.1544076Z 
Admin UI E2E (2, chrome)	Run Cypress	2024-10-30T08:11:03.1688442Z 
Admin UI E2E (2, chrome)	Run Cypress	2024-10-30T08:11:03.1689645Z [92m [0m[32m 9 passing[0m[90m (17s)[0m
Admin UI E2E (2, chrome)	Run Cypress	2024-10-30T08:11:03.1690426Z [36m [0m[36m 1 pending[0m
Admin UI E2E (2, chrome)	Run Cypress	2024-10-30T08:11:03.1693907Z 
Admin UI E2E (2, chrome)	Run Cypress	2024-10-30T08:11:04.2090713Z 
Admin UI E2E (2, chrome)	Run Cypress	2024-10-30T08:11:04.2092877Z [32m  ([4m[1mResults[22m[24m)[39m
Admin UI E2E (2, chrome)	Run Cypress	2024-10-30T08:11:04.2096471Z 
Admin UI E2E (2, chrome)	Run Cypress	2024-10-30T08:11:04.2111044Z [90m  ┌[39m[90m─[39m[90m─[39m[90m─[39m[90m─[39m[90m─[39m[90m─[39m[90m─[39m[90m─[39m[90m─[39m[90m─[39m[90m─[39m[90m─[39m[90m─[39m[90m─[39m[90m─[39m[90m─[39m[90m─[39m[90m─[39m[90m─[39m[90m─[39m[90m─[39m[90m─[39m[90m─[39m[90m─[39m[90m─[39m[90m─[39m[90m─[39m[90m─[39m[90m─[39m[90m─[39m[90m─[39m[90m─[39m[90m─[39m[90m─[39m[90m─[39m[90m─[39m[90m─[39m[90m─[39m[90m─[39m[90m─[39m[90m─[39m[90m─[39m[90m─[39m[90m─[39m[90m─[39m[90m─[39m[90m─[39m[90m─[39m[90m─[39m[90m─[39m[90m─[39m[90m─[39m[90m─[39m[90m─[39m[90m─[39m[90m─[39m[90m─[39m[90m─[39m[90m─[39m[90m─[39m[90m─[39m[90m─[39m[90m─[39m[90m─[39m[90m─[39m[90m─[39m[90m─[39m[90m─[39m[90m─[39m[90m─[39m[90m─[39m[90m─[39m[90m─[39m[90m─[39m[90m─[39m[90m─[39m[90m─[39m[90m─[39m[90m─[39m[90m─[39m[90m─[39m[90m─[39m[90m─[39m[90m─[39m[90m─[39m[90m─[39m[90m─[39m[90m─[39m[90m─[39m[90m─[39m[90m─[39m[90m─[39m[90m─[39m[90m─[39m[90m─[39m[90m─[39m[90m┐[39m
Admin UI E2E (2, chrome)	Run Cypress	2024-10-30T08:11:04.2117313Z [90m  │[39m [90mTests:[39m        [32m10[39m                                                                               [90m│[39m
Admin UI E2E (2, chrome)	Run Cypress	2024-10-30T08:11:04.2119279Z [90m  │[39m [90mPassing:[39m      [32m9[39m                                                                                [90m│[39m
Admin UI E2E (2, chrome)	Run Cypress	2024-10-30T08:11:04.2121262Z [90m  │[39m [90mFailing:[39m      [32m0[39m                                                                                [90m│[39m
Admin UI E2E (2, chrome)	Run Cypress	2024-10-30T08:11:04.2122945Z [90m  │[39m [90mPending:[39m      [32m1[39m                                                                                [90m│[39m
Admin UI E2E (2, chrome)	Run Cypress	2024-10-30T08:11:04.2124574Z [90m  │[39m [90mSkipped:[39m      [32m0[39m                                                                                [90m│[39m
Admin UI E2E (2, chrome)	Run Cypress	2024-10-30T08:11:04.2126359Z [90m  │[39m [90mScreenshots:[39m  [32m0[39m                                                                                [90m│[39m
Admin UI E2E (2, chrome)	Run Cypress	2024-10-30T08:11:04.2128314Z [90m  │[39m [90mVideo:[39m        [32mfalse[39m                                                                            [90m│[39m
Admin UI E2E (2, chrome)	Run Cypress	2024-10-30T08:11:04.2129853Z [90m  │[39m [90mDuration:[39m     [32m16 seconds[39m                                                                       [90m│[39m
Admin UI E2E (2, chrome)	Run Cypress	2024-10-30T08:11:04.2131647Z [90m  │[39m [90mSpec Ran:[39m     [32m[32mi18n_test.spec.ts[32m[39m                                                                [90m│[39m
Admin UI E2E (2, chrome)	Run Cypress	2024-10-30T08:11:04.2178596Z [90m  └[39m[90m─[39m[90m─[39m[90m─[39m[90m─[39m[90m─[39m[90m─[39m[90m─[39m[90m─[39m[90m─[39m[90m─[39m[90m─[39m[90m─[39m[90m─[39m[90m─[39m[90m─[39m[90m─[39m[90m─[39m[90m─[39m[90m─[39m[90m─[39m[90m─[39m[90m─[39m[90m─[39m[90m─[39m[90m─[39m[90m─[39m[90m─[39m[90m─[39m[90m─[39m[90m─[39m[90m─[39m[90m─[39m[90m─[39m[90m─[39m[90m─[39m[90m─[39m[90m─[39m[90m─[39m[90m─[39m[90m─[39m[90m─[39m[90m─[39m[90m─[39m[90m─[39m[90m─[39m[90m─[39m[90m─[39m[90m─[39m[90m─[39m[90m─[39m[90m─[39m[90m─[39m[90m─[39m[90m─[39m[90m─[39m[90m─[39m[90m─[39m[90m─[39m[90m─[39m[90m─[39m[90m─[39m[90m─[39m[90m─[39m[90m─[39m[90m─[39m[90m─[39m[90m─[39m[90m─[39m[90m─[39m[90m─[39m[90m─[39m[90m─[39m[90m─[39m[90m─[39m[90m─[39m[90m─[39m[90m─[39m[90m─[39m[90m─[39m[90m─[39m[90m─[39m[90m─[39m[90m─[39m[90m─[39m[90m─[39m[90m─[39m[90m─[39m[90m─[39m[90m─[39m[90m─[39m[90m─[39m[90m─[39m[90m─[39m[90m─[39m[90m─[39m[90m─[39m[90m┘[39m
Admin UI E2E (2, chrome)	Run Cypress	2024-10-30T08:11:04.2182685Z 
Admin UI E2E (2, chrome)	Run Cypress	2024-10-30T08:11:04.2514925Z 
Admin UI E2E (2, chrome)	Run Cypress	2024-10-30T08:11:04.2528625Z [90m─[39m[90m─[39m[90m─[39m[90m─[39m[90m─[39m[90m─[39m[90m─[39m[90m─[39m[90m─[39m[90m─[39m[90m─[39m[90m─[39m[90m─[39m[90m─[39m[90m─[39m[90m─[39m[90m─[39m[90m─[39m[90m─[39m[90m─[39m[90m─[39m[90m─[39m[90m─[39m[90m─[39m[90m─[39m[90m─[39m[90m─[39m[90m─[39m[90m─[39m[90m─[39m[90m─[39m[90m─[39m[90m─[39m[90m─[39m[90m─[39m[90m─[39m[90m─[39m[90m─[39m[90m─[39m[90m─[39m[90m─[39m[90m─[39m[90m─[39m[90m─[39m[90m─[39m[90m─[39m[90m─[39m[90m─[39m[90m─[39m[90m─[39m[90m─[39m[90m─[39m[90m─[39m[90m─[39m[90m─[39m[90m─[39m[90m─[39m[90m─[39m[90m─[39m[90m─[39m[90m─[39m[90m─[39m[90m─[39m[90m─[39m[90m─[39m[90m─[39m[90m─[39m[90m─[39m[90m─[39m[90m─[39m[90m─[39m[90m─[39m[90m─[39m[90m─[39m[90m─[39m[90m─[39m[90m─[39m[90m─[39m[90m─[39m[90m─[39m[90m─[39m[90m─[39m[90m─[39m[90m─[39m[90m─[39m[90m─[39m[90m─[39m[90m─[39m[90m─[39m[90m─[39m[90m─[39m[90m─[39m[90m─[39m[90m─[39m[90m─[39m[90m─[39m[90m─[39m[90m─[39m[90m─[39m[90m─[39m
Admin UI E2E (2, chrome)	Run Cypress	2024-10-30T08:11:04.2535296Z                                                                                                     
Admin UI E2E (2, chrome)	Run Cypress	2024-10-30T08:11:04.2536191Z   Running:  [90mauthentication_policies.spec.ts[39m                                                 [90m(6 of 8)[39m
Admin UI E2E (2, chrome)	Run Cypress	2024-10-30T08:11:06.7231300Z 
Admin UI E2E (2, chrome)	Run Cypress	2024-10-30T08:11:06.7232853Z [0m[0m
Admin UI E2E (2, chrome)	Run Cypress	2024-10-30T08:11:06.7271813Z [0m  Policies[0m
Admin UI E2E (2, chrome)	Run Cypress	2024-10-30T08:11:06.7272766Z [0m    OTP policies tab[0m
Admin UI E2E (2, chrome)	Run Cypress	2024-10-30T08:11:10.4766876Z     [32m  ✓[0m[90m should change to hotp[0m[90m (3716ms)[0m
Admin UI E2E (2, chrome)	Run Cypress	2024-10-30T08:11:10.4941956Z [0m    Webauthn policies tabs[0m
Admin UI E2E (2, chrome)	Run Cypress	2024-10-30T08:11:12.7432567Z     [32m  ✓[0m[90m should fill webauthn settings[0m[90m (2230ms)[0m
Admin UI E2E (2, chrome)	Run Cypress	2024-10-30T08:11:14.7625207Z     [32m  ✓[0m[90m should fill webauthn passwordless settings[0m[90m (1960ms)[0m
Admin UI E2E (2, chrome)	Run Cypress	2024-10-30T08:11:14.7628622Z 
Admin UI E2E (2, chrome)	Run Cypress	2024-10-30T08:11:14.7752546Z 
Admin UI E2E (2, chrome)	Run Cypress	2024-10-30T08:11:14.7753480Z [92m [0m[32m 3 passing[0m[90m (8s)[0m
Admin UI E2E (2, chrome)	Run Cypress	2024-10-30T08:11:14.7753958Z 
Admin UI E2E (2, chrome)	Run Cypress	2024-10-30T08:11:16.1912978Z 
Admin UI E2E (2, chrome)	Run Cypress	2024-10-30T08:11:16.1914786Z [32m  ([4m[1mResults[22m[24m)[39m
Admin UI E2E (2, chrome)	Run Cypress	2024-10-30T08:11:16.1918220Z 
Admin UI E2E (2, chrome)	Run Cypress	2024-10-30T08:11:16.1932214Z [90m  ┌[39m[90m─[39m[90m─[39m[90m─[39m[90m─[39m[90m─[39m[90m─[39m[90m─[39m[90m─[39m[90m─[39m[90m─[39m[90m─[39m[90m─[39m[90m─[39m[90m─[39m[90m─[39m[90m─[39m[90m─[39m[90m─[39m[90m─[39m[90m─[39m[90m─[39m[90m─[39m[90m─[39m[90m─[39m[90m─[39m[90m─[39m[90m─[39m[90m─[39m[90m─[39m[90m─[39m[90m─[39m[90m─[39m[90m─[39m[90m─[39m[90m─[39m[90m─[39m[90m─[39m[90m─[39m[90m─[39m[90m─[39m[90m─[39m[90m─[39m[90m─[39m[90m─[39m[90m─[39m[90m─[39m[90m─[39m[90m─[39m[90m─[39m[90m─[39m[90m─[39m[90m─[39m[90m─[39m[90m─[39m[90m─[39m[90m─[39m[90m─[39m[90m─[39m[90m─[39m[90m─[39m[90m─[39m[90m─[39m[90m─[39m[90m─[39m[90m─[39m[90m─[39m[90m─[39m[90m─[39m[90m─[39m[90m─[39m[90m─[39m[90m─[39m[90m─[39m[90m─[39m[90m─[39m[90m─[39m[90m─[39m[90m─[39m[90m─[39m[90m─[39m[90m─[39m[90m─[39m[90m─[39m[90m─[39m[90m─[39m[90m─[39m[90m─[39m[90m─[39m[90m─[39m[90m─[39m[90m─[39m[90m─[39m[90m─[39m[90m─[39m[90m─[39m[90m─[39m[90m┐[39m
Admin UI E2E (2, chrome)	Run Cypress	2024-10-30T08:11:16.1939769Z [90m  │[39m [90mTests:[39m        [32m3[39m                                                                                [90m│[39m
Admin UI E2E (2, chrome)	Run Cypress	2024-10-30T08:11:16.1941313Z [90m  │[39m [90mPassing:[39m      [32m3[39m                                                                                [90m│[39m
Admin UI E2E (2, chrome)	Run Cypress	2024-10-30T08:11:16.1942286Z [90m  │[39m [90mFailing:[39m      [32m0[39m                                                                                [90m│[39m
Admin UI E2E (2, chrome)	Run Cypress	2024-10-30T08:11:16.1943600Z [90m  │[39m [90mPending:[39m      [32m0[39m                                                                                [90m│[39m
Admin UI E2E (2, chrome)	Run Cypress	2024-10-30T08:11:16.1945366Z [90m  │[39m [90mSkipped:[39m      [32m0[39m                                                                                [90m│[39m
Admin UI E2E (2, chrome)	Run Cypress	2024-10-30T08:11:16.1947076Z [90m  │[39m [90mScreenshots:[39m  [32m0[39m                                                                                [90m│[39m
Admin UI E2E (2, chrome)	Run Cypress	2024-10-30T08:11:16.1948832Z [90m  │[39m [90mVideo:[39m        [32mfalse[39m                                                                            [90m│[39m
Admin UI E2E (2, chrome)	Run Cypress	2024-10-30T08:11:16.1950933Z [90m  │[39m [90mDuration:[39m     [32m8 seconds[39m                                                                        [90m│[39m
Admin UI E2E (2, chrome)	Run Cypress	2024-10-30T08:11:16.1952999Z [90m  │[39m [90mSpec Ran:[39m     [32m[32mauthentication_policies.spec.ts[32m[39m                                                  [90m│[39m
Admin UI E2E (2, chrome)	Run Cypress	2024-10-30T08:11:16.1962090Z [90m  └[39m[90m─[39m[90m─[39m[90m─[39m[90m─[39m[90m─[39m[90m─[39m[90m─[39m[90m─[39m[90m─[39m[90m─[39m[90m─[39m[90m─[39m[90m─[39m[90m─[39m[90m─[39m[90m─[39m[90m─[39m[90m─[39m[90m─[39m[90m─[39m[90m─[39m[90m─[39m[90m─[39m[90m─[39m[90m─[39m[90m─[39m[90m─[39m[90m─[39m[90m─[39m[90m─[39m[90m─[39m[90m─[39m[90m─[39m[90m─[39m[90m─[39m[90m─[39m[90m─[39m[90m─[39m[90m─[39m[90m─[39m[90m─[39m[90m─[39m[90m─[39m[90m─[39m[90m─[39m[90m─[39m[90m─[39m[90m─[39m[90m─[39m[90m─[39m[90m─[39m[90m─[39m[90m─[39m[90m─[39m[90m─[39m[90m─[39m[90m─[39m[90m─[39m[90m─[39m[90m─[39m[90m─[39m[90m─[39m[90m─[39m[90m─[39m[90m─[39m[90m─[39m[90m─[39m[90m─[39m[90m─[39m[90m─[39m[90m─[39m[90m─[39m[90m─[39m[90m─[39m[90m─[39m[90m─[39m[90m─[39m[90m─[39m[90m─[39m[90m─[39m[90m─[39m[90m─[39m[90m─[39m[90m─[39m[90m─[39m[90m─[39m[90m─[39m[90m─[39m[90m─[39m[90m─[39m[90m─[39m[90m─[39m[90m─[39m[90m─[39m[90m─[39m[90m─[39m[90m┘[39m
Admin UI E2E (2, chrome)	Run Cypress	2024-10-30T08:11:16.1967958Z 
Admin UI E2E (2, chrome)	Run Cypress	2024-10-30T08:11:16.2311375Z 
Admin UI E2E (2, chrome)	Run Cypress	2024-10-30T08:11:16.2324198Z [90m─[39m[90m─[39m[90m─[39m[90m─[39m[90m─[39m[90m─[39m[90m─[39m[90m─[39m[90m─[39m[90m─[39m[90m─[39m[90m─[39m[90m─[39m[90m─[39m[90m─[39m[90m─[39m[90m─[39m[90m─[39m[90m─[39m[90m─[39m[90m─[39m[90m─[39m[90m─[39m[90m─[39m[90m─[39m[90m─[39m[90m─[39m[90m─[39m[90m─[39m[90m─[39m[90m─[39m[90m─[39m[90m─[39m[90m─[39m[90m─[39m[90m─[39m[90m─[39m[90m─[39m[90m─[39m[90m─[39m[90m─[39m[90m─[39m[90m─[39m[90m─[39m[90m─[39m[90m─[39m[90m─[39m[90m─[39m[90m─[39m[90m─[39m[90m─[39m[90m─[39m[90m─[39m[90m─[39m[90m─[39m[90m─[39m[90m─[39m[90m─[39m[90m─[39m[90m─[39m[90m─[39m[90m─[39m[90m─[39m[90m─[39m[90m─[39m[90m─[39m[90m─[39m[90m─[39m[90m─[39m[90m─[39m[90m─[39m[90m─[39m[90m─[39m[90m─[39m[90m─[39m[90m─[39m[90m─[39m[90m─[39m[90m─[39m[90m─[39m[90m─[39m[90m─[39m[90m─[39m[90m─[39m[90m─[39m[90m─[39m[90m─[39m[90m─[39m[90m─[39m[90m─[39m[90m─[39m[90m─[39m[90m─[39m[90m─[39m[90m─[39m[90m─[39m[90m─[39m[90m─[39m[90m─[39m[90m─[39m
Admin UI E2E (2, chrome)	Run Cypress	2024-10-30T08:11:16.2330970Z                                                                                                     
Admin UI E2E (2, chrome)	Run Cypress	2024-10-30T08:11:16.2332345Z   Running:  [90mmasthead_test.spec.ts[39m                                                           [90m(7 of 8)[39m
Admin UI E2E (2, chrome)	Run Cypress	2024-10-30T08:11:19.1956220Z 
Admin UI E2E (2, chrome)	Run Cypress	2024-10-30T08:11:19.1957111Z [0m[0m
Admin UI E2E (2, chrome)	Run Cypress	2024-10-30T08:11:19.2048655Z [0m  Masthead tests[0m
Admin UI E2E (2, chrome)	Run Cypress	2024-10-30T08:11:19.2050291Z [0m    Desktop view[0m
Admin UI E2E (2, chrome)	Run Cypress	2024-10-30T08:11:22.3088344Z     [32m  ✓[0m[90m Go to account console and back to admin console[0m[90m (3092ms)[0m
Admin UI E2E (2, chrome)	Run Cypress	2024-10-30T08:11:23.9156816Z     [32m  ✓[0m[90m Sign out reachs to log in screen[0m[90m (1558ms)[0m
Admin UI E2E (2, chrome)	Run Cypress	2024-10-30T08:11:27.1978550Z     [32m  ✓[0m[90m Go to realm info[0m[90m (3207ms)[0m
Admin UI E2E (2, chrome)	Run Cypress	2024-10-30T08:11:28.5175642Z     [32m  ✓[0m[90m Should go to documentation page[0m[90m (1286ms)[0m
Admin UI E2E (2, chrome)	Run Cypress	2024-10-30T08:11:29.9565077Z     [32m  ✓[0m[90m Enable/disable help mode in desktop mode[0m[90m (1402ms)[0m
Admin UI E2E (2, chrome)	Run Cypress	2024-10-30T08:11:29.9667210Z [0m    Login works for unprivileged users[0m
Admin UI E2E (2, chrome)	Run Cypress	2024-10-30T08:11:35.1795615Z     [32m  ✓[0m[90m Login without privileges to see admin console[0m[90m (4677ms)[0m
Admin UI E2E (2, chrome)	Run Cypress	2024-10-30T08:11:35.1860769Z [0m    Mobile view[0m
Admin UI E2E (2, chrome)	Run Cypress	2024-10-30T08:11:38.2553437Z     [32m  ✓[0m[90m Mobile menu is shown when in mobile view[0m[90m (3047ms)[0m
Admin UI E2E (2, chrome)	Run Cypress	2024-10-30T08:11:39.8054099Z     [32m  ✓[0m[90m Enable/disable help mode in mobile view[0m[90m (1517ms)[0m
Admin UI E2E (2, chrome)	Run Cypress	2024-10-30T08:11:39.8147643Z [0m    Accessibility tests for masthead[0m
Admin UI E2E (2, chrome)	Run Cypress	2024-10-30T08:11:42.2937050Z     [32m  ✓[0m[90m Check a11y violations on load/ masthead[0m[90m (2460ms)[0m
Admin UI E2E (2, chrome)	Run Cypress	2024-10-30T08:11:42.2961657Z 
Admin UI E2E (2, chrome)	Run Cypress	2024-10-30T08:11:42.3093068Z 
Admin UI E2E (2, chrome)	Run Cypress	2024-10-30T08:11:42.3098130Z [92m [0m[32m 9 passing[0m[90m (23s)[0m
Admin UI E2E (2, chrome)	Run Cypress	2024-10-30T08:11:42.3102123Z 
Admin UI E2E (2, chrome)	Run Cypress	2024-10-30T08:11:43.3268148Z 
Admin UI E2E (2, chrome)	Run Cypress	2024-10-30T08:11:43.3269245Z [32m  ([4m[1mResults[22m[24m)[39m
Admin UI E2E (2, chrome)	Run Cypress	2024-10-30T08:11:43.3273180Z 
Admin UI E2E (2, chrome)	Run Cypress	2024-10-30T08:11:43.3287552Z [90m  ┌[39m[90m─[39m[90m─[39m[90m─[39m[90m─[39m[90m─[39m[90m─[39m[90m─[39m[90m─[39m[90m─[39m[90m─[39m[90m─[39m[90m─[39m[90m─[39m[90m─[39m[90m─[39m[90m─[39m[90m─[39m[90m─[39m[90m─[39m[90m─[39m[90m─[39m[90m─[39m[90m─[39m[90m─[39m[90m─[39m[90m─[39m[90m─[39m[90m─[39m[90m─[39m[90m─[39m[90m─[39m[90m─[39m[90m─[39m[90m─[39m[90m─[39m[90m─[39m[90m─[39m[90m─[39m[90m─[39m[90m─[39m[90m─[39m[90m─[39m[90m─[39m[90m─[39m[90m─[39m[90m─[39m[90m─[39m[90m─[39m[90m─[39m[90m─[39m[90m─[39m[90m─[39m[90m─[39m[90m─[39m[90m─[39m[90m─[39m[90m─[39m[90m─[39m[90m─[39m[90m─[39m[90m─[39m[90m─[39m[90m─[39m[90m─[39m[90m─[39m[90m─[39m[90m─[39m[90m─[39m[90m─[39m[90m─[39m[90m─[39m[90m─[39m[90m─[39m[90m─[39m[90m─[39m[90m─[39m[90m─[39m[90m─[39m[90m─[39m[90m─[39m[90m─[39m[90m─[39m[90m─[39m[90m─[39m[90m─[39m[90m─[39m[90m─[39m[90m─[39m[90m─[39m[90m─[39m[90m─[39m[90m─[39m[90m─[39m[90m─[39m[90m─[39m[90m─[39m[90m┐[39m
Admin UI E2E (2, chrome)	Run Cypress	2024-10-30T08:11:43.3292229Z [90m  │[39m [90mTests:[39m        [32m9[39m                                                                                [90m│[39m
Admin UI E2E (2, chrome)	Run Cypress	2024-10-30T08:11:43.3293194Z [90m  │[39m [90mPassing:[39m      [32m9[39m                                                                                [90m│[39m
Admin UI E2E (2, chrome)	Run Cypress	2024-10-30T08:11:43.3294131Z [90m  │[39m [90mFailing:[39m      [32m0[39m                                                                                [90m│[39m
Admin UI E2E (2, chrome)	Run Cypress	2024-10-30T08:11:43.3295268Z [90m  │[39m [90mPending:[39m      [32m0[39m                                                                                [90m│[39m
Admin UI E2E (2, chrome)	Run Cypress	2024-10-30T08:11:43.3296856Z [90m  │[39m [90mSkipped:[39m      [32m0[39m                                                                                [90m│[39m
Admin UI E2E (2, chrome)	Run Cypress	2024-10-30T08:11:43.3297835Z [90m  │[39m [90mScreenshots:[39m  [32m0[39m                                                                                [90m│[39m
Admin UI E2E (2, chrome)	Run Cypress	2024-10-30T08:11:43.3299119Z [90m  │[39m [90mVideo:[39m        [32mfalse[39m                                                                            [90m│[39m
Admin UI E2E (2, chrome)	Run Cypress	2024-10-30T08:11:43.3300892Z [90m  │[39m [90mDuration:[39m     [32m23 seconds[39m                                                                       [90m│[39m
Admin UI E2E (2, chrome)	Run Cypress	2024-10-30T08:11:43.3302747Z [90m  │[39m [90mSpec Ran:[39m     [32m[32mmasthead_test.spec.ts[32m[39m                                                            [90m│[39m
Admin UI E2E (2, chrome)	Run Cypress	2024-10-30T08:11:43.3311451Z [90m  └[39m[90m─[39m[90m─[39m[90m─[39m[90m─[39m[90m─[39m[90m─[39m[90m─[39m[90m─[39m[90m─[39m[90m─[39m[90m─[39m[90m─[39m[90m─[39m[90m─[39m[90m─[39m[90m─[39m[90m─[39m[90m─[39m[90m─[39m[90m─[39m[90m─[39m[90m─[39m[90m─[39m[90m─[39m[90m─[39m[90m─[39m[90m─[39m[90m─[39m[90m─[39m[90m─[39m[90m─[39m[90m─[39m[90m─[39m[90m─[39m[90m─[39m[90m─[39m[90m─[39m[90m─[39m[90m─[39m[90m─[39m[90m─[39m[90m─[39m[90m─[39m[90m─[39m[90m─[39m[90m─[39m[90m─[39m[90m─[39m[90m─[39m[90m─[39m[90m─[39m[90m─[39m[90m─[39m[90m─[39m[90m─[39m[90m─[39m[90m─[39m[90m─[39m[90m─[39m[90m─[39m[90m─[39m[90m─[39m[90m─[39m[90m─[39m[90m─[39m[90m─[39m[90m─[39m[90m─[39m[90m─[39m[90m─[39m[90m─[39m[90m─[39m[90m─[39m[90m─[39m[90m─[39m[90m─[39m[90m─[39m[90m─[39m[90m─[39m[90m─[39m[90m─[39m[90m─[39m[90m─[39m[90m─[39m[90m─[39m[90m─[39m[90m─[39m[90m─[39m[90m─[39m[90m─[39m[90m─[39m[90m─[39m[90m─[39m[90m─[39m[90m─[39m[90m─[39m[90m┘[39m
Admin UI E2E (2, chrome)	Run Cypress	2024-10-30T08:11:43.3317298Z 
Admin UI E2E (2, chrome)	Run Cypress	2024-10-30T08:11:43.3633100Z 
Admin UI E2E (2, chrome)	Run Cypress	2024-10-30T08:11:43.3647234Z [90m─[39m[90m─[39m[90m─[39m[90m─[39m[90m─[39m[90m─[39m[90m─[39m[90m─[39m[90m─[39m[90m─[39m[90m─[39m[90m─[39m[90m─[39m[90m─[39m[90m─[39m[90m─[39m[90m─[39m[90m─[39m[90m─[39m[90m─[39m[90m─[39m[90m─[39m[90m─[39m[90m─[39m[90m─[39m[90m─[39m[90m─[39m[90m─[39m[90m─[39m[90m─[39m[90m─[39m[90m─[39m[90m─[39m[90m─[39m[90m─[39m[90m─[39m[90m─[39m[90m─[39m[90m─[39m[90m─[39m[90m─[39m[90m─[39m[90m─[39m[90m─[39m[90m─[39m[90m─[39m[90m─[39m[90m─[39m[90m─[39m[90m─[39m[90m─[39m[90m─[39m[90m─[39m[90m─[39m[90m─[39m[90m─[39m[90m─[39m[90m─[39m[90m─[39m[90m─[39m[90m─[39m[90m─[39m[90m─[39m[90m─[39m[90m─[39m[90m─[39m[90m─[39m[90m─[39m[90m─[39m[90m─[39m[90m─[39m[90m─[39m[90m─[39m[90m─[39m[90m─[39m[90m─[39m[90m─[39m[90m─[39m[90m─[39m[90m─[39m[90m─[39m[90m─[39m[90m─[39m[90m─[39m[90m─[39m[90m─[39m[90m─[39m[90m─[39m[90m─[39m[90m─[39m[90m─[39m[90m─[39m[90m─[39m[90m─[39m[90m─[39m[90m─[39m[90m─[39m[90m─[39m[90m─[39m[90m─[39m
Admin UI E2E (2, chrome)	Run Cypress	2024-10-30T08:11:43.3654226Z                                                                                                     
Admin UI E2E (2, chrome)	Run Cypress	2024-10-30T08:11:43.3655593Z   Running:  [90musers_enable_disable.spec.ts[39m                                                    [90m(8 of 8)[39m
Admin UI E2E (2, chrome)	Run Cypress	2024-10-30T08:11:47.1205896Z 
Admin UI E2E (2, chrome)	Run Cypress	2024-10-30T08:11:47.1206768Z [0m[0m
Admin UI E2E (2, chrome)	Run Cypress	2024-10-30T08:11:47.1257070Z [0m  User enable/disable[0m
Admin UI E2E (2, chrome)	Run Cypress	2024-10-30T08:11:52.9607207Z   [32m  ✓[0m[90m disables a user[0m[90m (5836ms)[0m
Admin UI E2E (2, chrome)	Run Cypress	2024-10-30T08:11:56.4248436Z   [32m  ✓[0m[90m enables a user[0m[90m (3428ms)[0m
Admin UI E2E (2, chrome)	Run Cypress	2024-10-30T08:12:01.3520522Z   [32m  ✓[0m[90m ensures submitting doesn't reset the enabled state[0m[90m (4895ms)[0m
Admin UI E2E (2, chrome)	Run Cypress	2024-10-30T08:12:01.3522901Z 
Admin UI E2E (2, chrome)	Run Cypress	2024-10-30T08:12:01.3737365Z 
Admin UI E2E (2, chrome)	Run Cypress	2024-10-30T08:12:01.3738976Z [92m [0m[32m 3 passing[0m[90m (14s)[0m
Admin UI E2E (2, chrome)	Run Cypress	2024-10-30T08:12:01.3739898Z 
Admin UI E2E (2, chrome)	Run Cypress	2024-10-30T08:12:02.3967724Z 
Admin UI E2E (2, chrome)	Run Cypress	2024-10-30T08:12:02.3969148Z [32m  ([4m[1mResults[22m[24m)[39m
Admin UI E2E (2, chrome)	Run Cypress	2024-10-30T08:12:02.3972352Z 
Admin UI E2E (2, chrome)	Run Cypress	2024-10-30T08:12:02.3985720Z [90m  ┌[39m[90m─[39m[90m─[39m[90m─[39m[90m─[39m[90m─[39m[90m─[39m[90m─[39m[90m─[39m[90m─[39m[90m─[39m[90m─[39m[90m─[39m[90m─[39m[90m─[39m[90m─[39m[90m─[39m[90m─[39m[90m─[39m[90m─[39m[90m─[39m[90m─[39m[90m─[39m[90m─[39m[90m─[39m[90m─[39m[90m─[39m[90m─[39m[90m─[39m[90m─[39m[90m─[39m[90m─[39m[90m─[39m[90m─[39m[90m─[39m[90m─[39m[90m─[39m[90m─[39m[90m─[39m[90m─[39m[90m─[39m[90m─[39m[90m─[39m[90m─[39m[90m─[39m[90m─[39m[90m─[39m[90m─[39m[90m─[39m[90m─[39m[90m─[39m[90m─[39m[90m─[39m[90m─[39m[90m─[39m[90m─[39m[90m─[39m[90m─[39m[90m─[39m[90m─[39m[90m─[39m[90m─[39m[90m─[39m[90m─[39m[90m─[39m[90m─[39m[90m─[39m[90m─[39m[90m─[39m[90m─[39m[90m─[39m[90m─[39m[90m─[39m[90m─[39m[90m─[39m[90m─[39m[90m─[39m[90m─[39m[90m─[39m[90m─[39m[90m─[39m[90m─[39m[90m─[39m[90m─[39m[90m─[39m[90m─[39m[90m─[39m[90m─[39m[90m─[39m[90m─[39m[90m─[39m[90m─[39m[90m─[39m[90m─[39m[90m─[39m[90m─[39m[90m─[39m[90m┐[39m
Admin UI E2E (2, chrome)	Run Cypress	2024-10-30T08:12:02.3992558Z [90m  │[39m [90mTests:[39m        [32m3[39m                                                                                [90m│[39m
Admin UI E2E (2, chrome)	Run Cypress	2024-10-30T08:12:02.3994180Z [90m  │[39m [90mPassing:[39m      [32m3[39m                                                                                [90m│[39m
Admin UI E2E (2, chrome)	Run Cypress	2024-10-30T08:12:02.3995617Z [90m  │[39m [90mFailing:[39m      [32m0[39m                                                                                [90m│[39m
Admin UI E2E (2, chrome)	Run Cypress	2024-10-30T08:12:02.3997005Z [90m  │[39m [90mPending:[39m      [32m0[39m                                                                                [90m│[39m
Admin UI E2E (2, chrome)	Run Cypress	2024-10-30T08:12:02.3998932Z [90m  │[39m [90mSkipped:[39m      [32m0[39m                                                                                [90m│[39m
Admin UI E2E (2, chrome)	Run Cypress	2024-10-30T08:12:02.4000762Z [90m  │[39m [90mScreenshots:[39m  [32m0[39m                                                                                [90m│[39m
Admin UI E2E (2, chrome)	Run Cypress	2024-10-30T08:12:02.4002280Z [90m  │[39m [90mVideo:[39m        [32mfalse[39m                                                                            [90m│[39m
Admin UI E2E (2, chrome)	Run Cypress	2024-10-30T08:12:02.4003903Z [90m  │[39m [90mDuration:[39m     [32m14 seconds[39m                                                                       [90m│[39m
Admin UI E2E (2, chrome)	Run Cypress	2024-10-30T08:12:02.4005787Z [90m  │[39m [90mSpec Ran:[39m     [32m[32musers_enable_disable.spec.ts[32m[39m                                                     [90m│[39m
Admin UI E2E (2, chrome)	Run Cypress	2024-10-30T08:12:02.4014216Z [90m  └[39m[90m─[39m[90m─[39m[90m─[39m[90m─[39m[90m─[39m[90m─[39m[90m─[39m[90m─[39m[90m─[39m[90m─[39m[90m─[39m[90m─[39m[90m─[39m[90m─[39m[90m─[39m[90m─[39m[90m─[39m[90m─[39m[90m─[39m[90m─[39m[90m─[39m[90m─[39m[90m─[39m[90m─[39m[90m─[39m[90m─[39m[90m─[39m[90m─[39m[90m─[39m[90m─[39m[90m─[39m[90m─[39m[90m─[39m[90m─[39m[90m─[39m[90m─[39m[90m─[39m[90m─[39m[90m─[39m[90m─[39m[90m─[39m[90m─[39m[90m─[39m[90m─[39m[90m─[39m[90m─[39m[90m─[39m[90m─[39m[90m─[39m[90m─[39m[90m─[39m[90m─[39m[90m─[39m[90m─[39m[90m─[39m[90m─[39m[90m─[39m[90m─[39m[90m─[39m[90m─[39m[90m─[39m[90m─[39m[90m─[39m[90m─[39m[90m─[39m[90m─[39m[90m─[39m[90m─[39m[90m─[39m[90m─[39m[90m─[39m[90m─[39m[90m─[39m[90m─[39m[90m─[39m[90m─[39m[90m─[39m[90m─[39m[90m─[39m[90m─[39m[90m─[39m[90m─[39m[90m─[39m[90m─[39m[90m─[39m[90m─[39m[90m─[39m[90m─[39m[90m─[39m[90m─[39m[90m─[39m[90m─[39m[90m─[39m[90m─[39m[90m─[39m[90m─[39m[90m┘[39m
Admin UI E2E (2, chrome)	Run Cypress	2024-10-30T08:12:02.4020447Z 
Admin UI E2E (2, chrome)	Run Cypress	2024-10-30T08:12:02.4126041Z 
Admin UI E2E (2, chrome)	Run Cypress	2024-10-30T08:12:02.4722342Z [90m====================================================================================================[39m
Admin UI E2E (2, chrome)	Run Cypress	2024-10-30T08:12:02.4722810Z 
Admin UI E2E (2, chrome)	Run Cypress	2024-10-30T08:12:02.4723061Z [0m  ([4m[1mRun Finished[22m[24m)[0m
Admin UI E2E (2, chrome)	Run Cypress	2024-10-30T08:12:02.4739408Z 
Admin UI E2E (2, chrome)	Run Cypress	2024-10-30T08:12:02.4739533Z 
Admin UI E2E (2, chrome)	Run Cypress	2024-10-30T08:12:02.4768275Z [90m   [39m    [90mSpec[39m                                              [90mTests[39m  [90mPassing[39m  [90mFailing[39m  [90mPending[39m  [90mSkipped[39m [90m [39m
Admin UI E2E (2, chrome)	Run Cypress	2024-10-30T08:12:02.4776611Z [90m  ┌[39m[90m─[39m[90m─[39m[90m─[39m[90m─[39m[90m─[39m[90m─[39m[90m─[39m[90m─[39m[90m─[39m[90m─[39m[90m─[39m[90m─[39m[90m─[39m[90m─[39m[90m─[39m[90m─[39m[90m─[39m[90m─[39m[90m─[39m[90m─[39m[90m─[39m[90m─[39m[90m─[39m[90m─[39m[90m─[39m[90m─[39m[90m─[39m[90m─[39m[90m─[39m[90m─[39m[90m─[39m[90m─[39m[90m─[39m[90m─[39m[90m─[39m[90m─[39m[90m─[39m[90m─[39m[90m─[39m[90m─[39m[90m─[39m[90m─[39m[90m─[39m[90m─[39m[90m─[39m[90m─[39m[90m─[39m[90m─[39m[90m─[39m[90m─[39m[90m─[39m[90m─[39m[90m─[39m[90m─[39m[90m─[39m[90m─[39m[90m─[39m[90m─[39m[90m─[39m[90m─[39m[90m─[39m[90m─[39m[90m─[39m[90m─[39m[90m─[39m[90m─[39m[90m─[39m[90m─[39m[90m─[39m[90m─[39m[90m─[39m[90m─[39m[90m─[39m[90m─[39m[90m─[39m[90m─[39m[90m─[39m[90m─[39m[90m─[39m[90m─[39m[90m─[39m[90m─[39m[90m─[39m[90m─[39m[90m─[39m[90m─[39m[90m─[39m[90m─[39m[90m─[39m[90m─[39m[90m─[39m[90m─[39m[90m─[39m[90m─[39m[90m─[39m[90m─[39m[90m┐[39m
Admin UI E2E (2, chrome)	Run Cypress	2024-10-30T08:12:02.4786726Z [90m  │[39m [32m✔[39m  [0mrealm_user_registration.spec.ts[0m          [90m00:13[39m        [0m3[0m        [32m3[39m        [90m-[39m        [90m-[39m        [90m-[39m [90m│[39m
Admin UI E2E (2, chrome)	Run Cypress	2024-10-30T08:12:02.4795340Z [90m  ├[39m[90m─[39m[90m─[39m[90m─[39m[90m─[39m[90m─[39m[90m─[39m[90m─[39m[90m─[39m[90m─[39m[90m─[39m[90m─[39m[90m─[39m[90m─[39m[90m─[39m[90m─[39m[90m─[39m[90m─[39m[90m─[39m[90m─[39m[90m─[39m[90m─[39m[90m─[39m[90m─[39m[90m─[39m[90m─[39m[90m─[39m[90m─[39m[90m─[39m[90m─[39m[90m─[39m[90m─[39m[90m─[39m[90m─[39m[90m─[39m[90m─[39m[90m─[39m[90m─[39m[90m─[39m[90m─[39m[90m─[39m[90m─[39m[90m─[39m[90m─[39m[90m─[39m[90m─[39m[90m─[39m[90m─[39m[90m─[39m[90m─[39m[90m─[39m[90m─[39m[90m─[39m[90m─[39m[90m─[39m[90m─[39m[90m─[39m[90m─[39m[90m─[39m[90m─[39m[90m─[39m[90m─[39m[90m─[39m[90m─[39m[90m─[39m[90m─[39m[90m─[39m[90m─[39m[90m─[39m[90m─[39m[90m─[39m[90m─[39m[90m─[39m[90m─[39m[90m─[39m[90m─[39m[90m─[39m[90m─[39m[90m─[39m[90m─[39m[90m─[39m[90m─[39m[90m─[39m[90m─[39m[90m─[39m[90m─[39m[90m─[39m[90m─[39m[90m─[39m[90m─[39m[90m─[39m[90m─[39m[90m─[39m[90m─[39m[90m─[39m[90m─[39m[90m─[39m[90m┤[39m
Admin UI E2E (2, chrome)	Run Cypress	2024-10-30T08:12:02.4832900Z [90m  │[39m [31m✖[39m  [0mclients_test.spec.ts[0m                     [90m04:29[39m       [0m66[0m       [32m65[39m        [31m1[39m        [90m-[39m        [90m-[39m [90m│[39m
Admin UI E2E (2, chrome)	Run Cypress	2024-10-30T08:12:02.4842781Z [90m  ├[39m[90m─[39m[90m─[39m[90m─[39m[90m─[39m[90m─[39m[90m─[39m[90m─[39m[90m─[39m[90m─[39m[90m─[39m[90m─[39m[90m─[39m[90m─[39m[90m─[39m[90m─[39m[90m─[39m[90m─[39m[90m─[39m[90m─[39m[90m─[39m[90m─[39m[90m─[39m[90m─[39m[90m─[39m[90m─[39m[90m─[39m[90m─[39m[90m─[39m[90m─[39m[90m─[39m[90m─[39m[90m─[39m[90m─[39m[90m─[39m[90m─[39m[90m─[39m[90m─[39m[90m─[39m[90m─[39m[90m─[39m[90m─[39m[90m─[39m[90m─[39m[90m─[39m[90m─[39m[90m─[39m[90m─[39m[90m─[39m[90m─[39m[90m─[39m[90m─[39m[90m─[39m[90m─[39m[90m─[39m[90m─[39m[90m─[39m[90m─[39m[90m─[39m[90m─[39m[90m─[39m[90m─[39m[90m─[39m[90m─[39m[90m─[39m[90m─[39m[90m─[39m[90m─[39m[90m─[39m[90m─[39m[90m─[39m[90m─[39m[90m─[39m[90m─[39m[90m─[39m[90m─[39m[90m─[39m[90m─[39m[90m─[39m[90m─[39m[90m─[39m[90m─[39m[90m─[39m[90m─[39m[90m─[39m[90m─[39m[90m─[39m[90m─[39m[90m─[39m[90m─[39m[90m─[39m[90m─[39m[90m─[39m[90m─[39m[90m─[39m[90m─[39m[90m─[39m[90m┤[39m
Admin UI E2E (2, chrome)	Run Cypress	2024-10-30T08:12:02.4850586Z [90m  │[39m [32m✔[39m  [0mrealm_settings_general_tab_test.spe[0m      [90m00:32[39m       [0m16[0m       [32m16[39m        [90m-[39m        [90m-[39m        [90m-[39m [90m│[39m
Admin UI E2E (2, chrome)	Run Cypress	2024-10-30T08:12:02.4852498Z [90m  │[39m    [0mc.ts[0m                                                                                        [90m│[39m
Admin UI E2E (2, chrome)	Run Cypress	2024-10-30T08:12:02.4860955Z [90m  ├[39m[90m─[39m[90m─[39m[90m─[39m[90m─[39m[90m─[39m[90m─[39m[90m─[39m[90m─[39m[90m─[39m[90m─[39m[90m─[39m[90m─[39m[90m─[39m[90m─[39m[90m─[39m[90m─[39m[90m─[39m[90m─[39m[90m─[39m[90m─[39m[90m─[39m[90m─[39m[90m─[39m[90m─[39m[90m─[39m[90m─[39m[90m─[39m[90m─[39m[90m─[39m[90m─[39m[90m─[39m[90m─[39m[90m─[39m[90m─[39m[90m─[39m[90m─[39m[90m─[39m[90m─[39m[90m─[39m[90m─[39m[90m─[39m[90m─[39m[90m─[39m[90m─[39m[90m─[39m[90m─[39m[90m─[39m[90m─[39m[90m─[39m[90m─[39m[90m─[39m[90m─[39m[90m─[39m[90m─[39m[90m─[39m[90m─[39m[90m─[39m[90m─[39m[90m─[39m[90m─[39m[90m─[39m[90m─[39m[90m─[39m[90m─[39m[90m─[39m[90m─[39m[90m─[39m[90m─[39m[90m─[39m[90m─[39m[90m─[39m[90m─[39m[90m─[39m[90m─[39m[90m─[39m[90m─[39m[90m─[39m[90m─[39m[90m─[39m[90m─[39m[90m─[39m[90m─[39m[90m─[39m[90m─[39m[90m─[39m[90m─[39m[90m─[39m[90m─[39m[90m─[39m[90m─[39m[90m─[39m[90m─[39m[90m─[39m[90m─[39m[90m─[39m[90m─[39m[90m┤[39m
Admin UI E2E (2, chrome)	Run Cypress	2024-10-30T08:12:02.4868614Z [90m  │[39m [32m✔[39m  [0midentity_providers_oidc_test.spec.t[0m      [90m00:29[39m        [0m6[0m        [32m6[39m        [90m-[39m        [90m-[39m        [90m-[39m [90m│[39m
Admin UI E2E (2, chrome)	Run Cypress	2024-10-30T08:12:02.4870563Z [90m  │[39m    [0ms[0m                                                                                           [90m│[39m
Admin UI E2E (2, chrome)	Run Cypress	2024-10-30T08:12:02.4883448Z [90m  ├[39m[90m─[39m[90m─[39m[90m─[39m[90m─[39m[90m─[39m[90m─[39m[90m─[39m[90m─[39m[90m─[39m[90m─[39m[90m─[39m[90m─[39m[90m─[39m[90m─[39m[90m─[39m[90m─[39m[90m─[39m[90m─[39m[90m─[39m[90m─[39m[90m─[39m[90m─[39m[90m─[39m[90m─[39m[90m─[39m[90m─[39m[90m─[39m[90m─[39m[90m─[39m[90m─[39m[90m─[39m[90m─[39m[90m─[39m[90m─[39m[90m─[39m[90m─[39m[90m─[39m[90m─[39m[90m─[39m[90m─[39m[90m─[39m[90m─[39m[90m─[39m[90m─[39m[90m─[39m[90m─[39m[90m─[39m[90m─[39m[90m─[39m[90m─[39m[90m─[39m[90m─[39m[90m─[39m[90m─[39m[90m─[39m[90m─[39m[90m─[39m[90m─[39m[90m─[39m[90m─[39m[90m─[39m[90m─[39m[90m─[39m[90m─[39m[90m─[39m[90m─[39m[90m─[39m[90m─[39m[90m─[39m[90m─[39m[90m─[39m[90m─[39m[90m─[39m[90m─[39m[90m─[39m[90m─[39m[90m─[39m[90m─[39m[90m─[39m[90m─[39m[90m─[39m[90m─[39m[90m─[39m[90m─[39m[90m─[39m[90m─[39m[90m─[39m[90m─[39m[90m─[39m[90m─[39m[90m─[39m[90m─[39m[90m─[39m[90m─[39m[90m─[39m[90m─[39m[90m┤[39m
Admin UI E2E (2, chrome)	Run Cypress	2024-10-30T08:12:02.4891360Z [90m  │[39m [32m✔[39m  [0mi18n_test.spec.ts[0m                        [90m00:16[39m       [0m10[0m        [32m9[39m        [90m-[39m        [36m1[39m        [90m-[39m [90m│[39m
Admin UI E2E (2, chrome)	Run Cypress	2024-10-30T08:12:02.4896741Z [90m  ├[39m[90m─[39m[90m─[39m[90m─[39m[90m─[39m[90m─[39m[90m─[39m[90m─[39m[90m─[39m[90m─[39m[90m─[39m[90m─[39m[90m─[39m[90m─[39m[90m─[39m[90m─[39m[90m─[39m[90m─[39m[90m─[39m[90m─[39m[90m─[39m[90m─[39m[90m─[39m[90m─[39m[90m─[39m[90m─[39m[90m─[39m[90m─[39m[90m─[39m[90m─[39m[90m─[39m[90m─[39m[90m─[39m[90m─[39m[90m─[39m[90m─[39m[90m─[39m[90m─[39m[90m─[39m[90m─[39m[90m─[39m[90m─[39m[90m─[39m[90m─[39m[90m─[39m[90m─[39m[90m─[39m[90m─[39m[90m─[39m[90m─[39m[90m─[39m[90m─[39m[90m─[39m[90m─[39m[90m─[39m[90m─[39m[90m─[39m[90m─[39m[90m─[39m[90m─[39m[90m─[39m[90m─[39m[90m─[39m[90m─[39m[90m─[39m[90m─[39m[90m─[39m[90m─[39m[90m─[39m[90m─[39m[90m─[39m[90m─[39m[90m─[39m[90m─[39m[90m─[39m[90m─[39m[90m─[39m[90m─[39m[90m─[39m[90m─[39m[90m─[39m[90m─[39m[90m─[39m[90m─[39m[90m─[39m[90m─[39m[90m─[39m[90m─[39m[90m─[39m[90m─[39m[90m─[39m[90m─[39m[90m─[39m[90m─[39m[90m─[39m[90m─[39m[90m─[39m[90m┤[39m
Admin UI E2E (2, chrome)	Run Cypress	2024-10-30T08:12:02.4906685Z [90m  │[39m [32m✔[39m  [0mauthentication_policies.spec.ts[0m          [90m00:08[39m        [0m3[0m        [32m3[39m        [90m-[39m        [90m-[39m        [90m-[39m [90m│[39m
Admin UI E2E (2, chrome)	Run Cypress	2024-10-30T08:12:02.4916096Z [90m  ├[39m[90m─[39m[90m─[39m[90m─[39m[90m─[39m[90m─[39m[90m─[39m[90m─[39m[90m─[39m[90m─[39m[90m─[39m[90m─[39m[90m─[39m[90m─[39m[90m─[39m[90m─[39m[90m─[39m[90m─[39m[90m─[39m[90m─[39m[90m─[39m[90m─[39m[90m─[39m[90m─[39m[90m─[39m[90m─[39m[90m─[39m[90m─[39m[90m─[39m[90m─[39m[90m─[39m[90m─[39m[90m─[39m[90m─[39m[90m─[39m[90m─[39m[90m─[39m[90m─[39m[90m─[39m[90m─[39m[90m─[39m[90m─[39m[90m─[39m[90m─[39m[90m─[39m[90m─[39m[90m─[39m[90m─[39m[90m─[39m[90m─[39m[90m─[39m[90m─[39m[90m─[39m[90m─[39m[90m─[39m[90m─[39m[90m─[39m[90m─[39m[90m─[39m[90m─[39m[90m─[39m[90m─[39m[90m─[39m[90m─[39m[90m─[39m[90m─[39m[90m─[39m[90m─[39m[90m─[39m[90m─[39m[90m─[39m[90m─[39m[90m─[39m[90m─[39m[90m─[39m[90m─[39m[90m─[39m[90m─[39m[90m─[39m[90m─[39m[90m─[39m[90m─[39m[90m─[39m[90m─[39m[90m─[39m[90m─[39m[90m─[39m[90m─[39m[90m─[39m[90m─[39m[90m─[39m[90m─[39m[90m─[39m[90m─[39m[90m─[39m[90m─[39m[90m─[39m[90m┤[39m
Admin UI E2E (2, chrome)	Run Cypress	2024-10-30T08:12:02.4923910Z [90m  │[39m [32m✔[39m  [0mmasthead_test.spec.ts[0m                    [90m00:23[39m        [0m9[0m        [32m9[39m        [90m-[39m        [90m-[39m        [90m-[39m [90m│[39m
Admin UI E2E (2, chrome)	Run Cypress	2024-10-30T08:12:02.4932725Z [90m  ├[39m[90m─[39m[90m─[39m[90m─[39m[90m─[39m[90m─[39m[90m─[39m[90m─[39m[90m─[39m[90m─[39m[90m─[39m[90m─[39m[90m─[39m[90m─[39m[90m─[39m[90m─[39m[90m─[39m[90m─[39m[90m─[39m[90m─[39m[90m─[39m[90m─[39m[90m─[39m[90m─[39m[90m─[39m[90m─[39m[90m─[39m[90m─[39m[90m─[39m[90m─[39m[90m─[39m[90m─[39m[90m─[39m[90m─[39m[90m─[39m[90m─[39m[90m─[39m[90m─[39m[90m─[39m[90m─[39m[90m─[39m[90m─[39m[90m─[39m[90m─[39m[90m─[39m[90m─[39m[90m─[39m[90m─[39m[90m─[39m[90m─[39m[90m─[39m[90m─[39m[90m─[39m[90m─[39m[90m─[39m[90m─[39m[90m─[39m[90m─[39m[90m─[39m[90m─[39m[90m─[39m[90m─[39m[90m─[39m[90m─[39m[90m─[39m[90m─[39m[90m─[39m[90m─[39m[90m─[39m[90m─[39m[90m─[39m[90m─[39m[90m─[39m[90m─[39m[90m─[39m[90m─[39m[90m─[39m[90m─[39m[90m─[39m[90m─[39m[90m─[39m[90m─[39m[90m─[39m[90m─[39m[90m─[39m[90m─[39m[90m─[39m[90m─[39m[90m─[39m[90m─[39m[90m─[39m[90m─[39m[90m─[39m[90m─[39m[90m─[39m[90m─[39m[90m─[39m[90m┤[39m
Admin UI E2E (2, chrome)	Run Cypress	2024-10-30T08:12:02.4940061Z [90m  │[39m [32m✔[39m  [0musers_enable_disable.spec.ts[0m             [90m00:14[39m        [0m3[0m        [32m3[39m        [90m-[39m        [90m-[39m        [90m-[39m [90m│[39m
Admin UI E2E (2, chrome)	Run Cypress	2024-10-30T08:12:02.4948401Z [90m  └[39m[90m─[39m[90m─[39m[90m─[39m[90m─[39m[90m─[39m[90m─[39m[90m─[39m[90m─[39m[90m─[39m[90m─[39m[90m─[39m[90m─[39m[90m─[39m[90m─[39m[90m─[39m[90m─[39m[90m─[39m[90m─[39m[90m─[39m[90m─[39m[90m─[39m[90m─[39m[90m─[39m[90m─[39m[90m─[39m[90m─[39m[90m─[39m[90m─[39m[90m─[39m[90m─[39m[90m─[39m[90m─[39m[90m─[39m[90m─[39m[90m─[39m[90m─[39m[90m─[39m[90m─[39m[90m─[39m[90m─[39m[90m─[39m[90m─[39m[90m─[39m[90m─[39m[90m─[39m[90m─[39m[90m─[39m[90m─[39m[90m─[39m[90m─[39m[90m─[39m[90m─[39m[90m─[39m[90m─[39m[90m─[39m[90m─[39m[90m─[39m[90m─[39m[90m─[39m[90m─[39m[90m─[39m[90m─[39m[90m─[39m[90m─[39m[90m─[39m[90m─[39m[90m─[39m[90m─[39m[90m─[39m[90m─[39m[90m─[39m[90m─[39m[90m─[39m[90m─[39m[90m─[39m[90m─[39m[90m─[39m[90m─[39m[90m─[39m[90m─[39m[90m─[39m[90m─[39m[90m─[39m[90m─[39m[90m─[39m[90m─[39m[90m─[39m[90m─[39m[90m─[39m[90m─[39m[90m─[39m[90m─[39m[90m─[39m[90m─[39m[90m─[39m[90m─[39m[90m┘[39m
Admin UI E2E (2, chrome)	Run Cypress	2024-10-30T08:12:02.4954945Z [90m   [39m [31m✖[39m  [31m1 of 8 failed (13%)[39m                      [90m06:47[39m      [0m116[0m      [32m114[39m        [31m1[39m        [36m1[39m        [90m-[39m [90m [39m
Admin UI E2E (2, chrome)	Run Cypress	2024-10-30T08:12:02.4956062Z 
Admin UI E2E (2, chrome)	Run Cypress	2024-10-30T08:12:02.5983712Z ##[error]Cypress tests: 1 failed
Status Check - Keycloak JavaScript CI	Run /./.github/actions/status-check	2024-10-30T08:13:11.4400341Z Prepare all required actions
Status Check - Keycloak JavaScript CI	Run /./.github/actions/status-check	2024-10-30T08:13:11.4494473Z ##[group]Run ./.github/actions/status-check
Status Check - Keycloak JavaScript CI	Run /./.github/actions/status-check	2024-10-30T08:13:11.4494920Z with:
Status Check - Keycloak JavaScript CI	Run /./.github/actions/status-check	2024-10-30T08:13:11.4497135Z   jobs: {
Status Check - Keycloak JavaScript CI	Run /./.github/actions/status-check	  "conditional": {
Status Check - Keycloak JavaScript CI	Run /./.github/actions/status-check	    "result": "success",
Status Check - Keycloak JavaScript CI	Run /./.github/actions/status-check	    "outputs": {
Status Check - Keycloak JavaScript CI	Run /./.github/actions/status-check	      "js-ci": "true"
Status Check - Keycloak JavaScript CI	Run /./.github/actions/status-check	    }
Status Check - Keycloak JavaScript CI	Run /./.github/actions/status-check	  },
Status Check - Keycloak JavaScript CI	Run /./.github/actions/status-check	  "build-keycloak": {
Status Check - Keycloak JavaScript CI	Run /./.github/actions/status-check	    "result": "success",
Status Check - Keycloak JavaScript CI	Run /./.github/actions/status-check	    "outputs": {}
Status Check - Keycloak JavaScript CI	Run /./.github/actions/status-check	  },
Status Check - Keycloak JavaScript CI	Run /./.github/actions/status-check	  "admin-client": {
Status Check - Keycloak JavaScript CI	Run /./.github/actions/status-check	    "result": "success",
Status Check - Keycloak JavaScript CI	Run /./.github/actions/status-check	    "outputs": {}
Status Check - Keycloak JavaScript CI	Run /./.github/actions/status-check	  },
Status Check - Keycloak JavaScript CI	Run /./.github/actions/status-check	  "ui-shared": {
Status Check - Keycloak JavaScript CI	Run /./.github/actions/status-check	    "result": "success",
Status Check - Keycloak JavaScript CI	Run /./.github/actions/status-check	    "outputs": {}
Status Check - Keycloak JavaScript CI	Run /./.github/actions/status-check	  },
Status Check - Keycloak JavaScript CI	Run /./.github/actions/status-check	  "account-ui": {
Status Check - Keycloak JavaScript CI	Run /./.github/actions/status-check	    "result": "success",
Status Check - Keycloak JavaScript CI	Run /./.github/actions/status-check	    "outputs": {}
Status Check - Keycloak JavaScript CI	Run /./.github/actions/status-check	  },
Status Check - Keycloak JavaScript CI	Run /./.github/actions/status-check	  "account-ui-e2e": {
Status Check - Keycloak JavaScript CI	Run /./.github/actions/status-check	    "result": "success",
Status Check - Keycloak JavaScript CI	Run /./.github/actions/status-check	    "outputs": {}
Status Check - Keycloak JavaScript CI	Run /./.github/actions/status-check	  },
Status Check - Keycloak JavaScript CI	Run /./.github/actions/status-check	  "admin-ui": {
Status Check - Keycloak JavaScript CI	Run /./.github/actions/status-check	    "result": "success",
Status Check - Keycloak JavaScript CI	Run /./.github/actions/status-check	    "outputs": {}
Status Check - Keycloak JavaScript CI	Run /./.github/actions/status-check	  },
Status Check - Keycloak JavaScript CI	Run /./.github/actions/status-check	  "admin-ui-e2e": {
Status Check - Keycloak JavaScript CI	Run /./.github/actions/status-check	    "result": "failure",
Status Check - Keycloak JavaScript CI	Run /./.github/actions/status-check	    "outputs": {}
Status Check - Keycloak JavaScript CI	Run /./.github/actions/status-check	  }
Status Check - Keycloak JavaScript CI	Run /./.github/actions/status-check	}
Status Check - Keycloak JavaScript CI	Run /./.github/actions/status-check	2024-10-30T08:13:11.4498934Z env:
Status Check - Keycloak JavaScript CI	Run /./.github/actions/status-check	2024-10-30T08:13:11.4499395Z   MAVEN_ARGS: -B -nsu -Daether.connector.http.connectionMaxTtl=25
Status Check - Keycloak JavaScript CI	Run /./.github/actions/status-check	2024-10-30T08:13:11.4500023Z ##[endgroup]
Status Check - Keycloak JavaScript CI	Run /./.github/actions/status-check	2024-10-30T08:13:11.4768307Z ##[group]Run JOBS='{
Status Check - Keycloak JavaScript CI	Run /./.github/actions/status-check	2024-10-30T08:13:11.4768885Z [36;1mJOBS='{[0m
Status Check - Keycloak JavaScript CI	Run /./.github/actions/status-check	2024-10-30T08:13:11.4769379Z [36;1m  "conditional": {[0m
Status Check - Keycloak JavaScript CI	Run /./.github/actions/status-check	2024-10-30T08:13:11.4769840Z [36;1m    "result": "success",[0m
Status Check - Keycloak JavaScript CI	Run /./.github/actions/status-check	2024-10-30T08:13:11.4770265Z [36;1m    "outputs": {[0m
Status Check - Keycloak JavaScript CI	Run /./.github/actions/status-check	2024-10-30T08:13:11.4770631Z [36;1m      "js-ci": "true"[0m
Status Check - Keycloak JavaScript CI	Run /./.github/actions/status-check	2024-10-30T08:13:11.4771029Z [36;1m    }[0m
Status Check - Keycloak JavaScript CI	Run /./.github/actions/status-check	2024-10-30T08:13:11.4771359Z [36;1m  },[0m
Status Check - Keycloak JavaScript CI	Run /./.github/actions/status-check	2024-10-30T08:13:11.4771683Z [36;1m  "build-keycloak": {[0m
Status Check - Keycloak JavaScript CI	Run /./.github/actions/status-check	2024-10-30T08:13:11.4772103Z [36;1m    "result": "success",[0m
Status Check - Keycloak JavaScript CI	Run /./.github/actions/status-check	2024-10-30T08:13:11.4772518Z [36;1m    "outputs": {}[0m
Status Check - Keycloak JavaScript CI	Run /./.github/actions/status-check	2024-10-30T08:13:11.4772877Z [36;1m  },[0m
Status Check - Keycloak JavaScript CI	Run /./.github/actions/status-check	2024-10-30T08:13:11.4773229Z [36;1m  "admin-client": {[0m
Status Check - Keycloak JavaScript CI	Run /./.github/actions/status-check	2024-10-30T08:13:11.4773625Z [36;1m    "result": "success",[0m
Status Check - Keycloak JavaScript CI	Run /./.github/actions/status-check	2024-10-30T08:13:11.4774022Z [36;1m    "outputs": {}[0m
Status Check - Keycloak JavaScript CI	Run /./.github/actions/status-check	2024-10-30T08:13:11.4774422Z [36;1m  },[0m
Status Check - Keycloak JavaScript CI	Run /./.github/actions/status-check	2024-10-30T08:13:11.4774740Z [36;1m  "ui-shared": {[0m
Status Check - Keycloak JavaScript CI	Run /./.github/actions/status-check	2024-10-30T08:13:11.4775106Z [36;1m    "result": "success",[0m
Status Check - Keycloak JavaScript CI	Run /./.github/actions/status-check	2024-10-30T08:13:11.4775535Z [36;1m    "outputs": {}[0m
Status Check - Keycloak JavaScript CI	Run /./.github/actions/status-check	2024-10-30T08:13:11.4775883Z [36;1m  },[0m
Status Check - Keycloak JavaScript CI	Run /./.github/actions/status-check	2024-10-30T08:13:11.4776203Z [36;1m  "account-ui": {[0m
Status Check - Keycloak JavaScript CI	Run /./.github/actions/status-check	2024-10-30T08:13:11.4776993Z [36;1m    "result": "success",[0m
Status Check - Keycloak JavaScript CI	Run /./.github/actions/status-check	2024-10-30T08:13:11.4777393Z [36;1m    "outputs": {}[0m
Status Check - Keycloak JavaScript CI	Run /./.github/actions/status-check	2024-10-30T08:13:11.4777736Z [36;1m  },[0m
Status Check - Keycloak JavaScript CI	Run /./.github/actions/status-check	2024-10-30T08:13:11.4778121Z [36;1m  "account-ui-e2e": {[0m
Status Check - Keycloak JavaScript CI	Run /./.github/actions/status-check	2024-10-30T08:13:11.4778509Z [36;1m    "result": "success",[0m
Status Check - Keycloak JavaScript CI	Run /./.github/actions/status-check	2024-10-30T08:13:11.4778910Z [36;1m    "outputs": {}[0m
Status Check - Keycloak JavaScript CI	Run /./.github/actions/status-check	2024-10-30T08:13:11.4779282Z [36;1m  },[0m
Status Check - Keycloak JavaScript CI	Run /./.github/actions/status-check	2024-10-30T08:13:11.4779599Z [36;1m  "admin-ui": {[0m
Status Check - Keycloak JavaScript CI	Run /./.github/actions/status-check	2024-10-30T08:13:11.4779975Z [36;1m    "result": "success",[0m
Status Check - Keycloak JavaScript CI	Run /./.github/actions/status-check	2024-10-30T08:13:11.4780382Z [36;1m    "outputs": {}[0m
Status Check - Keycloak JavaScript CI	Run /./.github/actions/status-check	2024-10-30T08:13:11.4780731Z [36;1m  },[0m
Status Check - Keycloak JavaScript CI	Run /./.github/actions/status-check	2024-10-30T08:13:11.4781059Z [36;1m  "admin-ui-e2e": {[0m
Status Check - Keycloak JavaScript CI	Run /./.github/actions/status-check	2024-10-30T08:13:11.4781478Z [36;1m    "result": "failure",[0m
Status Check - Keycloak JavaScript CI	Run /./.github/actions/status-check	2024-10-30T08:13:11.4781859Z [36;1m    "outputs": {}[0m
Status Check - Keycloak JavaScript CI	Run /./.github/actions/status-check	2024-10-30T08:13:11.4782216Z [36;1m  }[0m
Status Check - Keycloak JavaScript CI	Run /./.github/actions/status-check	2024-10-30T08:13:11.4782542Z [36;1m}'[0m
Status Check - Keycloak JavaScript CI	Run /./.github/actions/status-check	2024-10-30T08:13:11.4782846Z [36;1m[0m
Status Check - Keycloak JavaScript CI	Run /./.github/actions/status-check	2024-10-30T08:13:11.4783174Z [36;1mecho "Job status:"[0m
Status Check - Keycloak JavaScript CI	Run /./.github/actions/status-check	2024-10-30T08:13:11.4783753Z [36;1mecho $JOBS | jq -r 'to_entries[] | " - \(.key): \(.value.result)"'[0m
Status Check - Keycloak JavaScript CI	Run /./.github/actions/status-check	2024-10-30T08:13:11.4784291Z [36;1m[0m
Status Check - Keycloak JavaScript CI	Run /./.github/actions/status-check	2024-10-30T08:13:11.4784750Z [36;1mfor i in $(echo $JOBS | jq -r 'to_entries[] | .value.result'); do[0m
Status Check - Keycloak JavaScript CI	Run /./.github/actions/status-check	2024-10-30T08:13:11.4785413Z [36;1m  if [ "$i" != "success" ] && [ "$i" != "skipped" ]; then[0m
Status Check - Keycloak JavaScript CI	Run /./.github/actions/status-check	2024-10-30T08:13:11.4785919Z [36;1m    echo ""[0m
Status Check - Keycloak JavaScript CI	Run /./.github/actions/status-check	2024-10-30T08:13:11.4786374Z [36;1m    echo "Status check not okay!"[0m
Status Check - Keycloak JavaScript CI	Run /./.github/actions/status-check	2024-10-30T08:13:11.4786877Z [36;1m    exit 1[0m
Status Check - Keycloak JavaScript CI	Run /./.github/actions/status-check	2024-10-30T08:13:11.4787186Z [36;1m  fi[0m
Status Check - Keycloak JavaScript CI	Run /./.github/actions/status-check	2024-10-30T08:13:11.4787492Z [36;1mdone[0m
Status Check - Keycloak JavaScript CI	Run /./.github/actions/status-check	2024-10-30T08:13:11.4873394Z shell: /usr/bin/bash --noprofile --norc -e -o pipefail {0}
Status Check - Keycloak JavaScript CI	Run /./.github/actions/status-check	2024-10-30T08:13:11.4874524Z env:
Status Check - Keycloak JavaScript CI	Run /./.github/actions/status-check	2024-10-30T08:13:11.4875234Z   MAVEN_ARGS: -B -nsu -Daether.connector.http.connectionMaxTtl=25
Status Check - Keycloak JavaScript CI	Run /./.github/actions/status-check	2024-10-30T08:13:11.4876140Z ##[endgroup]
Status Check - Keycloak JavaScript CI	Run /./.github/actions/status-check	2024-10-30T08:13:11.5027259Z Job status:
Status Check - Keycloak JavaScript CI	Run /./.github/actions/status-check	2024-10-30T08:13:11.5418569Z  - conditional: success
Status Check - Keycloak JavaScript CI	Run /./.github/actions/status-check	2024-10-30T08:13:11.5419178Z  - build-keycloak: success
Status Check - Keycloak JavaScript CI	Run /./.github/actions/status-check	2024-10-30T08:13:11.5420421Z  - admin-client: success
Status Check - Keycloak JavaScript CI	Run /./.github/actions/status-check	2024-10-30T08:13:11.5420964Z  - ui-shared: success
Status Check - Keycloak JavaScript CI	Run /./.github/actions/status-check	2024-10-30T08:13:11.5421457Z  - account-ui: success
Status Check - Keycloak JavaScript CI	Run /./.github/actions/status-check	2024-10-30T08:13:11.5422039Z  - account-ui-e2e: success
Status Check - Keycloak JavaScript CI	Run /./.github/actions/status-check	2024-10-30T08:13:11.5422510Z  - admin-ui: success
Status Check - Keycloak JavaScript CI	Run /./.github/actions/status-check	2024-10-30T08:13:11.5422974Z  - admin-ui-e2e: failure
Status Check - Keycloak JavaScript CI	Run /./.github/actions/status-check	2024-10-30T08:13:11.5629327Z 
Status Check - Keycloak JavaScript CI	Run /./.github/actions/status-check	2024-10-30T08:13:11.5629601Z Status check not okay!
Status Check - Keycloak JavaScript CI	Run /./.github/actions/status-check	2024-10-30T08:13:11.5643983Z ##[error]Process completed with exit code 1.
