Test OLM installation	Arrange OLM test installation	2025-06-02T09:57:02.4111229Z ##[group]Run eval $(minikube -p minikube docker-env)
Test OLM installation	Arrange OLM test installation	2025-06-02T09:57:02.4111941Z [36;1meval $(minikube -p minikube docker-env)[0m
Test OLM installation	Arrange OLM test installation	2025-06-02T09:57:02.4112566Z [36;1m./scripts/olm-testing.sh ${GITHUB_SHA::6}[0m
Test OLM installation	Arrange OLM test installation	2025-06-02T09:57:02.4178007Z shell: /usr/bin/bash --noprofile --norc -e -o pipefail {0}
Test OLM installation	Arrange OLM test installation	2025-06-02T09:57:02.4178346Z env:
Test OLM installation	Arrange OLM test installation	2025-06-02T09:57:02.4178616Z   MAVEN_ARGS: -B -nsu -Daether.connector.http.connectionMaxTtl=25
Test OLM installation	Arrange OLM test installation	2025-06-02T09:57:02.4178952Z   MINIKUBE_VERSION: v1.32.0
Test OLM installation	Arrange OLM test installation	2025-06-02T09:57:02.4179186Z   KUBERNETES_VERSION: v1.27.10
Test OLM installation	Arrange OLM test installation	2025-06-02T09:57:02.4179407Z   MINIKUBE_MEMORY: 4096
Test OLM installation	Arrange OLM test installation	2025-06-02T09:57:02.4179711Z   JAVA_HOME: /opt/hostedtoolcache/Java_Temurin-Hotspot_jdk/21.0.7-6/x64
Test OLM installation	Arrange OLM test installation	2025-06-02T09:57:02.4180147Z   JAVA_HOME_21_X64: /opt/hostedtoolcache/Java_Temurin-Hotspot_jdk/21.0.7-6/x64
Test OLM installation	Arrange OLM test installation	2025-06-02T09:57:02.4180692Z   MINIKUBE_HOME: /home/runner/work/_temp
Test OLM installation	Arrange OLM test installation	2025-06-02T09:57:02.4180931Z ##[endgroup]
Test OLM installation	Arrange OLM test installation	2025-06-02T09:57:02.6633766Z + UUID=ce0f80
Test OLM installation	Arrange OLM test installation	2025-06-02T09:57:02.6634223Z + INSTALL_NAMESPACE=default
Test OLM installation	Arrange OLM test installation	2025-06-02T09:57:02.6634738Z + TARGET_NAMESPACES=default
Test OLM installation	Arrange OLM test installation	2025-06-02T09:57:02.6640002Z +++ dirname -- ./scripts/olm-testing.sh
Test OLM installation	Arrange OLM test installation	2025-06-02T09:57:02.6650903Z ++ cd -- ./scripts
Test OLM installation	Arrange OLM test installation	2025-06-02T09:57:02.6651266Z ++ pwd
Test OLM installation	Arrange OLM test installation	2025-06-02T09:57:02.6653833Z + SCRIPT_DIR=/home/runner/work/keycloak/keycloak/operator/scripts
Test OLM installation	Arrange OLM test installation	2025-06-02T09:57:02.6654416Z + VERSION=86400000.0.0
Test OLM installation	Arrange OLM test installation	2025-06-02T09:57:02.6656392Z + cd /home/runner/work/keycloak/keycloak/operator/scripts/../../quarkus/container
Test OLM installation	Arrange OLM test installation	2025-06-02T09:57:02.6659310Z ++ ls keycloak-999.0.0-SNAPSHOT.tar.gz
Test OLM installation	Arrange OLM test installation	2025-06-02T09:57:02.6672208Z + docker build --build-arg KEYCLOAK_DIST=keycloak-999.0.0-SNAPSHOT.tar.gz . -t ttl.sh/ce0f80keycloak:86400000.0.0
Test OLM installation	Arrange OLM test installation	2025-06-02T09:57:03.0552961Z #0 building with "default" instance using docker driver
Test OLM installation	Arrange OLM test installation	2025-06-02T09:57:03.0553314Z 
Test OLM installation	Arrange OLM test installation	2025-06-02T09:57:03.0553427Z #1 [internal] load .dockerignore
Test OLM installation	Arrange OLM test installation	2025-06-02T09:57:03.0553690Z #1 transferring context: 2B done
Test OLM installation	Arrange OLM test installation	2025-06-02T09:57:03.0554029Z #1 DONE 0.0s
Test OLM installation	Arrange OLM test installation	2025-06-02T09:57:03.0554145Z 
Test OLM installation	Arrange OLM test installation	2025-06-02T09:57:03.0554276Z #2 [internal] load build definition from Dockerfile
Test OLM installation	Arrange OLM test installation	2025-06-02T09:57:03.0554638Z #2 transferring dockerfile: 2.72kB done
Test OLM installation	Arrange OLM test installation	2025-06-02T09:57:03.0554894Z #2 DONE 0.0s
Test OLM installation	Arrange OLM test installation	2025-06-02T09:57:03.0555006Z 
Test OLM installation	Arrange OLM test installation	2025-06-02T09:57:03.0555209Z #3 [internal] load metadata for registry.access.redhat.com/ubi9-micro:latest
Test OLM installation	Arrange OLM test installation	2025-06-02T09:57:03.9279998Z #3 ...
Test OLM installation	Arrange OLM test installation	2025-06-02T09:57:03.9280599Z 
Test OLM installation	Arrange OLM test installation	2025-06-02T09:57:03.9280864Z #4 [internal] load metadata for registry.access.redhat.com/ubi9:latest
Test OLM installation	Arrange OLM test installation	2025-06-02T09:57:03.9281246Z #4 DONE 1.0s
Test OLM installation	Arrange OLM test installation	2025-06-02T09:57:04.0472181Z 
Test OLM installation	Arrange OLM test installation	2025-06-02T09:57:04.0472969Z #3 [internal] load metadata for registry.access.redhat.com/ubi9-micro:latest
Test OLM installation	Arrange OLM test installation	2025-06-02T09:57:04.0473407Z #3 DONE 1.0s
Test OLM installation	Arrange OLM test installation	2025-06-02T09:57:04.0473524Z 
Test OLM installation	Arrange OLM test installation	2025-06-02T09:57:04.0473997Z #5 [stage-1 1/4] FROM registry.access.redhat.com/ubi9-micro@sha256:955512628a9104d74f7b3b0a91db27a6bbecdd6a1975ce0f1b2658d3cd060b98
Test OLM installation	Arrange OLM test installation	2025-06-02T09:57:04.0475425Z #5 resolve registry.access.redhat.com/ubi9-micro@sha256:955512628a9104d74f7b3b0a91db27a6bbecdd6a1975ce0f1b2658d3cd060b98 done
Test OLM installation	Arrange OLM test installation	2025-06-02T09:57:04.0477015Z #5 sha256:955512628a9104d74f7b3b0a91db27a6bbecdd6a1975ce0f1b2658d3cd060b98 897B / 897B done
Test OLM installation	Arrange OLM test installation	2025-06-02T09:57:04.0477611Z #5 sha256:bc049e6e35c145513e3ec226faf3f929337ea2337fa5c9f7e00375aef4b801e8 504B / 504B done
Test OLM installation	Arrange OLM test installation	2025-06-02T09:57:04.0478195Z #5 sha256:352e1e8e3c437ad6bd352f164df8bdf7018df09f730362546276fe3df62ffd8c 4.00kB / 4.00kB done
Test OLM installation	Arrange OLM test installation	2025-06-02T09:57:04.0478768Z #5 sha256:cd2f3f69481dffe63a3071ea43aeeab2a4af254e96b065c35b2d7ce2534e0383 0B / 7.27MB 0.1s
Test OLM installation	Arrange OLM test installation	2025-06-02T09:57:04.1496453Z #5 sha256:cd2f3f69481dffe63a3071ea43aeeab2a4af254e96b065c35b2d7ce2534e0383 2.10MB / 7.27MB 0.2s
Test OLM installation	Arrange OLM test installation	2025-06-02T09:57:04.2712896Z #5 sha256:cd2f3f69481dffe63a3071ea43aeeab2a4af254e96b065c35b2d7ce2534e0383 7.27MB / 7.27MB 0.3s done
Test OLM installation	Arrange OLM test installation	2025-06-02T09:57:04.2715993Z #5 extracting sha256:cd2f3f69481dffe63a3071ea43aeeab2a4af254e96b065c35b2d7ce2534e0383
Test OLM installation	Arrange OLM test installation	2025-06-02T09:57:04.8545958Z #5 extracting sha256:cd2f3f69481dffe63a3071ea43aeeab2a4af254e96b065c35b2d7ce2534e0383 0.6s done
Test OLM installation	Arrange OLM test installation	2025-06-02T09:57:04.9539704Z #5 DONE 0.9s
Test OLM installation	Arrange OLM test installation	2025-06-02T09:57:04.9540690Z 
Test OLM installation	Arrange OLM test installation	2025-06-02T09:57:04.9547119Z #6 [ubi-micro-build 1/8] FROM registry.access.redhat.com/ubi9@sha256:304b50df1ea4db9706d8a30f4bbf26f582936ebc80c7e075c72ff2af99292a54
Test OLM installation	Arrange OLM test installation	2025-06-02T09:57:04.9548614Z #6 resolve registry.access.redhat.com/ubi9@sha256:304b50df1ea4db9706d8a30f4bbf26f582936ebc80c7e075c72ff2af99292a54 done
Test OLM installation	Arrange OLM test installation	2025-06-02T09:57:04.9549898Z #6 sha256:92efcdccd1058003df257e9cbdf756ff6b10bd276551590536a5a1678e099aaf 79.59MB / 79.59MB 0.8s done
Test OLM installation	Arrange OLM test installation	2025-06-02T09:57:04.9551168Z #6 sha256:304b50df1ea4db9706d8a30f4bbf26f582936ebc80c7e075c72ff2af99292a54 897B / 897B done
Test OLM installation	Arrange OLM test installation	2025-06-02T09:57:04.9552198Z #6 sha256:62fb429dc6b93ab5ade55d1c8e6b08735f00224d3081d58f161eb5f55eeb3d7d 505B / 505B done
Test OLM installation	Arrange OLM test installation	2025-06-02T09:57:04.9553204Z #6 sha256:83c48939c2c8782580d44062545386358defd2d5cc748b9b963bdb8a78046a46 5.06kB / 5.06kB done
Test OLM installation	Arrange OLM test installation	2025-06-02T09:57:04.9554197Z #6 extracting sha256:92efcdccd1058003df257e9cbdf756ff6b10bd276551590536a5a1678e099aaf
Test OLM installation	Arrange OLM test installation	2025-06-02T09:57:05.0550988Z #6 ...
Test OLM installation	Arrange OLM test installation	2025-06-02T09:57:05.0551343Z 
Test OLM installation	Arrange OLM test installation	2025-06-02T09:57:05.0551558Z #7 [internal] load build context
Test OLM installation	Arrange OLM test installation	2025-06-02T09:57:05.0552113Z #7 transferring context: 155.21MB 1.1s done
Test OLM installation	Arrange OLM test installation	2025-06-02T09:57:05.0553436Z #7 DONE 1.1s
Test OLM installation	Arrange OLM test installation	2025-06-02T09:57:05.0553635Z 
Test OLM installation	Arrange OLM test installation	2025-06-02T09:57:05.0554286Z #6 [ubi-micro-build 1/8] FROM registry.access.redhat.com/ubi9@sha256:304b50df1ea4db9706d8a30f4bbf26f582936ebc80c7e075c72ff2af99292a54
Test OLM installation	Arrange OLM test installation	2025-06-02T09:57:08.4497943Z #6 extracting sha256:92efcdccd1058003df257e9cbdf756ff6b10bd276551590536a5a1678e099aaf 3.6s done
Test OLM installation	Arrange OLM test installation	2025-06-02T09:57:08.4498566Z #6 DONE 4.5s
Test OLM installation	Arrange OLM test installation	2025-06-02T09:57:08.6011050Z 
Test OLM installation	Arrange OLM test installation	2025-06-02T09:57:08.6011819Z #8 [ubi-micro-build 2/8] RUN dnf install -y tar gzip
Test OLM installation	Arrange OLM test installation	2025-06-02T09:57:08.8080913Z #8 0.357 Updating Subscription Management repositories.
Test OLM installation	Arrange OLM test installation	2025-06-02T09:57:08.9618688Z #8 0.358 Unable to read consumer identity
Test OLM installation	Arrange OLM test installation	2025-06-02T09:57:08.9619228Z #8 0.361 
Test OLM installation	Arrange OLM test installation	2025-06-02T09:57:08.9619718Z #8 0.361 This system is not registered with an entitlement server. You can use subscription-manager to register.
Test OLM installation	Arrange OLM test installation	2025-06-02T09:57:08.9620533Z #8 0.361 
Test OLM installation	Arrange OLM test installation	2025-06-02T09:57:09.0001797Z #8 0.549 Red Hat Universal Base Image 9 (RPMs) - BaseOS  3.8 MB/s | 587 kB     00:00    
Test OLM installation	Arrange OLM test installation	2025-06-02T09:57:09.2013865Z #8 0.750 Red Hat Universal Base Image 9 (RPMs) - AppStre  27 MB/s | 2.4 MB     00:00    
Test OLM installation	Arrange OLM test installation	2025-06-02T09:57:09.6367626Z #8 1.186 Red Hat Universal Base Image 9 (RPMs) - CodeRea 4.6 MB/s | 284 kB     00:00    
Test OLM installation	Arrange OLM test installation	2025-06-02T09:57:09.7739216Z #8 1.323 Package tar-2:1.34-7.el9.x86_64 is already installed.
Test OLM installation	Arrange OLM test installation	2025-06-02T09:57:09.9403830Z #8 1.324 Package gzip-1.12-1.el9.x86_64 is already installed.
Test OLM installation	Arrange OLM test installation	2025-06-02T09:57:09.9404416Z #8 1.338 Dependencies resolved.
Test OLM installation	Arrange OLM test installation	2025-06-02T09:57:09.9404658Z #8 1.339 Nothing to do.
Test OLM installation	Arrange OLM test installation	2025-06-02T09:57:09.9404863Z #8 1.340 Complete!
Test OLM installation	Arrange OLM test installation	2025-06-02T09:57:10.0523370Z #8 DONE 1.6s
Test OLM installation	Arrange OLM test installation	2025-06-02T09:57:10.2035238Z 
Test OLM installation	Arrange OLM test installation	2025-06-02T09:57:10.2035950Z #9 [ubi-micro-build 3/8] ADD keycloak-999.0.0-SNAPSHOT.tar.gz /tmp/keycloak/
Test OLM installation	Arrange OLM test installation	2025-06-02T09:57:10.9041636Z #9 DONE 0.9s
Test OLM installation	Arrange OLM test installation	2025-06-02T09:57:11.0074665Z 
Test OLM installation	Arrange OLM test installation	2025-06-02T09:57:11.0075949Z #10 [ubi-micro-build 4/8] RUN (cd /tmp/keycloak &&     tar -xvf /tmp/keycloak/keycloak-*.tar.gz &&     rm /tmp/keycloak/keycloak-*.tar.gz) || true
Test OLM installation	Arrange OLM test installation	2025-06-02T09:57:11.0077375Z #10 0.102 tar: /tmp/keycloak/keycloak-*.tar.gz: Cannot open: No such file or directory
Test OLM installation	Arrange OLM test installation	2025-06-02T09:57:11.0078116Z #10 0.102 tar: Error is not recoverable: exiting now
Test OLM installation	Arrange OLM test installation	2025-06-02T09:57:11.1642064Z #10 DONE 0.1s
Test OLM installation	Arrange OLM test installation	2025-06-02T09:57:11.1642353Z 
Test OLM installation	Arrange OLM test installation	2025-06-02T09:57:11.1642864Z #11 [ubi-micro-build 5/8] RUN mv /tmp/keycloak/keycloak-* /opt/keycloak && mkdir -p /opt/keycloak/data
Test OLM installation	Arrange OLM test installation	2025-06-02T09:57:11.1710506Z #11 DONE 0.2s
Test OLM installation	Arrange OLM test installation	2025-06-02T09:57:11.3241742Z 
Test OLM installation	Arrange OLM test installation	2025-06-02T09:57:11.3242321Z #12 [ubi-micro-build 6/8] RUN chmod -R g+rwX /opt/keycloak
Test OLM installation	Arrange OLM test installation	2025-06-02T09:57:12.0179370Z #12 DONE 0.8s
Test OLM installation	Arrange OLM test installation	2025-06-02T09:57:12.1873183Z 
Test OLM installation	Arrange OLM test installation	2025-06-02T09:57:12.1873773Z #13 [ubi-micro-build 7/8] ADD ubi-null.sh /tmp/
Test OLM installation	Arrange OLM test installation	2025-06-02T09:57:12.1874296Z #13 DONE 0.0s
Test OLM installation	Arrange OLM test installation	2025-06-02T09:57:12.1874481Z 
Test OLM installation	Arrange OLM test installation	2025-06-02T09:57:12.1874937Z #14 [ubi-micro-build 8/8] RUN bash /tmp/ubi-null.sh java-21-openjdk-headless glibc-langpack-en findutils
Test OLM installation	Arrange OLM test installation	2025-06-02T09:57:12.2116059Z #14 0.175 ==> Installing packages into chroot
Test OLM installation	Arrange OLM test installation	2025-06-02T09:57:12.2116960Z #14 0.175 + dnf install -y findutils diffutils
Test OLM installation	Arrange OLM test installation	2025-06-02T09:57:12.4609552Z #14 0.424 Updating Subscription Management repositories.
Test OLM installation	Arrange OLM test installation	2025-06-02T09:57:12.5785519Z #14 0.425 Unable to read consumer identity
Test OLM installation	Arrange OLM test installation	2025-06-02T09:57:12.5786061Z #14 0.428 
Test OLM installation	Arrange OLM test installation	2025-06-02T09:57:12.5786721Z #14 0.428 This system is not registered with an entitlement server. You can use subscription-manager to register.
Test OLM installation	Arrange OLM test installation	2025-06-02T09:57:12.5787441Z #14 0.428 
Test OLM installation	Arrange OLM test installation	2025-06-02T09:57:12.5787908Z #14 0.468 Last metadata expiration check: 0:00:03 ago on Mon Jun  2 09:57:09 2025.
Test OLM installation	Arrange OLM test installation	2025-06-02T09:57:12.5788641Z #14 0.489 Package findutils-1:4.8.0-7.el9.x86_64 is already installed.
Test OLM installation	Arrange OLM test installation	2025-06-02T09:57:12.5789182Z #14 0.508 Dependencies resolved.
Test OLM installation	Arrange OLM test installation	2025-06-02T09:57:12.5789596Z #14 0.509 ================================================================================
Test OLM installation	Arrange OLM test installation	2025-06-02T09:57:12.5790478Z #14 0.509  Package         Architecture Version             Repository               Size
Test OLM installation	Arrange OLM test installation	2025-06-02T09:57:12.5791173Z #14 0.509 ================================================================================
Test OLM installation	Arrange OLM test installation	2025-06-02T09:57:12.5791595Z #14 0.509 Installing:
Test OLM installation	Arrange OLM test installation	2025-06-02T09:57:12.5792080Z #14 0.509  diffutils       x86_64       3.7-12.el9          ubi-9-baseos-rpms       402 k
Test OLM installation	Arrange OLM test installation	2025-06-02T09:57:12.5792661Z #14 0.509 
Test OLM installation	Arrange OLM test installation	2025-06-02T09:57:12.5792998Z #14 0.509 Transaction Summary
Test OLM installation	Arrange OLM test installation	2025-06-02T09:57:12.5793448Z #14 0.509 ================================================================================
Test OLM installation	Arrange OLM test installation	2025-06-02T09:57:12.5793958Z #14 0.509 Install  1 Package
Test OLM installation	Arrange OLM test installation	2025-06-02T09:57:12.5794342Z #14 0.509 
Test OLM installation	Arrange OLM test installation	2025-06-02T09:57:12.5794618Z #14 0.509 Total download size: 402 k
Test OLM installation	Arrange OLM test installation	2025-06-02T09:57:12.5795008Z #14 0.509 Installed size: 1.4 M
Test OLM installation	Arrange OLM test installation	2025-06-02T09:57:12.5795426Z #14 0.510 Downloading Packages:
Test OLM installation	Arrange OLM test installation	2025-06-02T09:57:12.5796033Z #14 0.542 diffutils-3.7-12.el9.x86_64.rpm                  13 MB/s | 402 kB     00:00    
Test OLM installation	Arrange OLM test installation	2025-06-02T09:57:12.6891994Z #14 0.543 --------------------------------------------------------------------------------
Test OLM installation	Arrange OLM test installation	2025-06-02T09:57:12.6893046Z #14 0.543 Total                                            12 MB/s | 402 kB     00:00     
Test OLM installation	Arrange OLM test installation	2025-06-02T09:57:12.6893554Z #14 0.555 Running transaction check
Test OLM installation	Arrange OLM test installation	2025-06-02T09:57:12.6893968Z #14 0.558 Transaction check succeeded.
Test OLM installation	Arrange OLM test installation	2025-06-02T09:57:12.6894389Z #14 0.559 Running transaction test
Test OLM installation	Arrange OLM test installation	2025-06-02T09:57:12.6894799Z #14 0.584 Transaction test succeeded.
Test OLM installation	Arrange OLM test installation	2025-06-02T09:57:12.6895206Z #14 0.584 Running transaction
Test OLM installation	Arrange OLM test installation	2025-06-02T09:57:12.6895659Z #14 0.605   Preparing        :                                                        1/1 
Test OLM installation	Arrange OLM test installation	2025-06-02T09:57:12.6896332Z #14 0.642   Installing       : diffutils-3.7-12.el9.x86_64                            1/1 
Test OLM installation	Arrange OLM test installation	2025-06-02T09:57:12.8354658Z #14 0.653   Running scriptlet: diffutils-3.7-12.el9.x86_64                            1/1 
Test OLM installation	Arrange OLM test installation	2025-06-02T09:57:12.8355655Z #14 0.689   Verifying        : diffutils-3.7-12.el9.x86_64                            1/1 
Test OLM installation	Arrange OLM test installation	2025-06-02T09:57:12.8356328Z #14 0.740 Installed products updated.
Test OLM installation	Arrange OLM test installation	2025-06-02T09:57:12.8356776Z #14 0.748 
Test OLM installation	Arrange OLM test installation	2025-06-02T09:57:12.8357636Z #14 0.748 Installed:
Test OLM installation	Arrange OLM test installation	2025-06-02T09:57:12.8358115Z #14 0.748   diffutils-3.7-12.el9.x86_64                                                   
Test OLM installation	Arrange OLM test installation	2025-06-02T09:57:12.8358661Z #14 0.748 
Test OLM installation	Arrange OLM test installation	2025-06-02T09:57:12.8358934Z #14 0.748 Complete!
Test OLM installation	Arrange OLM test installation	2025-06-02T09:57:12.8359250Z #14 0.798 ++ realpath rootfs
Test OLM installation	Arrange OLM test installation	2025-06-02T09:57:12.9893484Z #14 0.800 + rootfs=/tmp/null/rootfs
Test OLM installation	Arrange OLM test installation	2025-06-02T09:57:12.9894122Z #14 0.800 + mkdir -p /tmp/null/rootfs
Test OLM installation	Arrange OLM test installation	2025-06-02T09:57:12.9894776Z #14 0.802 + xargs dnf install -y --installroot /tmp/null/rootfs --releasever 9 --setopt install_weak_deps=false --nodocs
Test OLM installation	Arrange OLM test installation	2025-06-02T09:57:13.0676869Z #14 1.031 Updating Subscription Management repositories.
Test OLM installation	Arrange OLM test installation	2025-06-02T09:57:13.3179579Z #14 1.031 Unable to read consumer identity
Test OLM installation	Arrange OLM test installation	2025-06-02T09:57:13.3180156Z #14 1.033 
Test OLM installation	Arrange OLM test installation	2025-06-02T09:57:13.3181015Z #14 1.033 This system is not registered with an entitlement server. You can use subscription-manager to register.
Test OLM installation	Arrange OLM test installation	2025-06-02T09:57:13.3181639Z #14 1.033 
Test OLM installation	Arrange OLM test installation	2025-06-02T09:57:13.3182324Z #14 1.131 Red Hat Universal Base Image 9 (RPMs) - BaseOS  7.5 MB/s | 587 kB     00:00    
Test OLM installation	Arrange OLM test installation	2025-06-02T09:57:13.3450662Z #14 1.308 Red Hat Universal Base Image 9 (RPMs) - AppStre  27 MB/s | 2.4 MB     00:00    
Test OLM installation	Arrange OLM test installation	2025-06-02T09:57:13.7825622Z #14 1.746 Red Hat Universal Base Image 9 (RPMs) - CodeRea 4.0 MB/s | 284 kB     00:00    
Test OLM installation	Arrange OLM test installation	2025-06-02T09:57:13.9267951Z #14 1.890 Dependencies resolved.
Test OLM installation	Arrange OLM test installation	2025-06-02T09:57:14.0290958Z #14 1.895 =============================================================================================
Test OLM installation	Arrange OLM test installation	2025-06-02T09:57:14.0293873Z #14 1.895  Package                    Arch    Version                       Repository             Size
Test OLM installation	Arrange OLM test installation	2025-06-02T09:57:14.0294551Z #14 1.895 =============================================================================================
Test OLM installation	Arrange OLM test installation	2025-06-02T09:57:14.0295036Z #14 1.895 Installing:
Test OLM installation	Arrange OLM test installation	2025-06-02T09:57:14.0295552Z #14 1.895  bash                       x86_64  5.1.8-9.el9                   ubi-9-baseos-rpms     1.7 M
Test OLM installation	Arrange OLM test installation	2025-06-02T09:57:14.0296382Z #14 1.895  coreutils-single           x86_64  8.32-39.el9                   ubi-9-baseos-rpms     625 k
Test OLM installation	Arrange OLM test installation	2025-06-02T09:57:14.0297225Z #14 1.895  findutils                  x86_64  1:4.8.0-7.el9                 ubi-9-baseos-rpms     550 k
Test OLM installation	Arrange OLM test installation	2025-06-02T09:57:14.0298004Z #14 1.895  glibc-langpack-en          x86_64  2.34-168.el9_6.14             ubi-9-baseos-rpms     657 k
Test OLM installation	Arrange OLM test installation	2025-06-02T09:57:14.0298872Z #14 1.895  java-21-openjdk-headless   x86_64  1:21.0.7.0.6-1.el9            ubi-9-appstream-rpms   49 M
Test OLM installation	Arrange OLM test installation	2025-06-02T09:57:14.0299733Z #14 1.895 Installing dependencies:
Test OLM installation	Arrange OLM test installation	2025-06-02T09:57:14.0300468Z #14 1.895  alsa-lib                   x86_64  1.2.13-2.el9                  ubi-9-appstream-rpms  530 k
Test OLM installation	Arrange OLM test installation	2025-06-02T09:57:14.0301194Z #14 1.895  alternatives               x86_64  1.24-2.el9                    ubi-9-baseos-rpms      42 k
Test OLM installation	Arrange OLM test installation	2025-06-02T09:57:14.0301649Z #14 1.895  avahi-libs                 x86_64  0.8-22.el9_6                  ubi-9-baseos-rpms      67 k
Test OLM installation	Arrange OLM test installation	2025-06-02T09:57:14.0302075Z #14 1.895  basesystem                 noarch  11-13.el9                     ubi-9-baseos-rpms     8.0 k
Test OLM installation	Arrange OLM test installation	2025-06-02T09:57:14.0302529Z #14 1.895  bzip2-libs                 x86_64  1.0.8-10.el9_5                ubi-9-baseos-rpms      42 k
Test OLM installation	Arrange OLM test installation	2025-06-02T09:57:14.0302991Z #14 1.895  ca-certificates            noarch  2024.2.69_v8.0.303-91.4.el9_4 ubi-9-baseos-rpms     1.0 M
Test OLM installation	Arrange OLM test installation	2025-06-02T09:57:14.0303474Z #14 1.895  copy-jdk-configs           noarch  4.0-3.el9                     ubi-9-appstream-rpms   29 k
Test OLM installation	Arrange OLM test installation	2025-06-02T09:57:14.0303969Z #14 1.895  crypto-policies            noarch  20250128-1.git5269e22.el9     ubi-9-baseos-rpms      90 k
Test OLM installation	Arrange OLM test installation	2025-06-02T09:57:14.0304535Z #14 1.895  crypto-policies-scripts    noarch  20250128-1.git5269e22.el9     ubi-9-baseos-rpms     101 k
Test OLM installation	Arrange OLM test installation	2025-06-02T09:57:14.0305308Z #14 1.895  cups-libs                  x86_64  1:2.3.3op2-33.el9             ubi-9-baseos-rpms     265 k
Test OLM installation	Arrange OLM test installation	2025-06-02T09:57:14.0305775Z #14 1.895  dbus-libs                  x86_64  1:1.12.20-8.el9               ubi-9-baseos-rpms     154 k
Test OLM installation	Arrange OLM test installation	2025-06-02T09:57:14.0306202Z #14 1.895  expat                      x86_64  2.5.0-5.el9_6                 ubi-9-baseos-rpms     119 k
Test OLM installation	Arrange OLM test installation	2025-06-02T09:57:14.0306906Z #14 1.895  filesystem                 x86_64  3.16-5.el9                    ubi-9-baseos-rpms     4.8 M
Test OLM installation	Arrange OLM test installation	2025-06-02T09:57:14.0307319Z #14 1.895  gawk                       x86_64  5.1.0-6.el9                   ubi-9-baseos-rpms     1.0 M
Test OLM installation	Arrange OLM test installation	2025-06-02T09:57:14.0307715Z #14 1.895  gdbm-libs                  x86_64  1:1.23-1.el9                  ubi-9-baseos-rpms      59 k
Test OLM installation	Arrange OLM test installation	2025-06-02T09:57:14.0308121Z #14 1.895  glibc                      x86_64  2.34-168.el9_6.14             ubi-9-baseos-rpms     2.0 M
Test OLM installation	Arrange OLM test installation	2025-06-02T09:57:14.0308544Z #14 1.895  glibc-common               x86_64  2.34-168.el9_6.14             ubi-9-baseos-rpms     304 k
Test OLM installation	Arrange OLM test installation	2025-06-02T09:57:14.0308965Z #14 1.895  gmp                        x86_64  1:6.2.0-13.el9                ubi-9-baseos-rpms     319 k
Test OLM installation	Arrange OLM test installation	2025-06-02T09:57:14.0309351Z #14 1.895  gnutls                     x86_64  3.8.3-6.el9                   ubi-9-baseos-rpms     1.1 M
Test OLM installation	Arrange OLM test installation	2025-06-02T09:57:14.0309901Z #14 1.895  grep                       x86_64  3.6-5.el9                     ubi-9-baseos-rpms     273 k
Test OLM installation	Arrange OLM test installation	2025-06-02T09:57:14.0310545Z #14 1.895  javapackages-filesystem    noarch  6.4.0-1.el9                   ubi-9-appstream-rpms   17 k
Test OLM installation	Arrange OLM test installation	2025-06-02T09:57:14.0311232Z #14 1.895  keyutils-libs              x86_64  1.6.3-1.el9                   ubi-9-baseos-rpms      34 k
Test OLM installation	Arrange OLM test installation	2025-06-02T09:57:14.0311677Z #14 1.895  krb5-libs                  x86_64  1.21.1-6.el9                  ubi-9-baseos-rpms     770 k
Test OLM installation	Arrange OLM test installation	2025-06-02T09:57:14.0312086Z #14 1.895  libacl                     x86_64  2.3.1-4.el9                   ubi-9-baseos-rpms      24 k
Test OLM installation	Arrange OLM test installation	2025-06-02T09:57:14.0312485Z #14 1.895  libattr                    x86_64  2.5.1-3.el9                   ubi-9-baseos-rpms      20 k
Test OLM installation	Arrange OLM test installation	2025-06-02T09:57:14.0312886Z #14 1.895  libcap                     x86_64  2.48-9.el9_2                  ubi-9-baseos-rpms      74 k
Test OLM installation	Arrange OLM test installation	2025-06-02T09:57:14.0313291Z #14 1.895  libcom_err                 x86_64  1.46.5-7.el9                  ubi-9-baseos-rpms      28 k
Test OLM installation	Arrange OLM test installation	2025-06-02T09:57:14.0313722Z #14 1.895  libevent                   x86_64  2.1.12-8.el9_4                ubi-9-baseos-rpms     266 k
Test OLM installation	Arrange OLM test installation	2025-06-02T09:57:14.0314123Z #14 1.895  libffi                     x86_64  3.4.2-8.el9                   ubi-9-baseos-rpms      40 k
Test OLM installation	Arrange OLM test installation	2025-06-02T09:57:14.0314516Z #14 1.895  libgcc                     x86_64  11.5.0-5.el9_5                ubi-9-baseos-rpms      88 k
Test OLM installation	Arrange OLM test installation	2025-06-02T09:57:14.0314926Z #14 1.895  libgcrypt                  x86_64  1.10.0-11.el9                 ubi-9-baseos-rpms     510 k
Test OLM installation	Arrange OLM test installation	2025-06-02T09:57:14.0315351Z #14 1.895  libgpg-error               x86_64  1.42-5.el9                    ubi-9-baseos-rpms     220 k
Test OLM installation	Arrange OLM test installation	2025-06-02T09:57:14.0315771Z #14 1.895  libidn2                    x86_64  2.3.0-7.el9                   ubi-9-baseos-rpms     105 k
Test OLM installation	Arrange OLM test installation	2025-06-02T09:57:14.0316183Z #14 1.895  libselinux                 x86_64  3.6-3.el9                     ubi-9-baseos-rpms      88 k
Test OLM installation	Arrange OLM test installation	2025-06-02T09:57:14.0316593Z #14 1.895  libsepol                   x86_64  3.6-2.el9                     ubi-9-baseos-rpms     331 k
Test OLM installation	Arrange OLM test installation	2025-06-02T09:57:14.0317017Z #14 1.895  libsigsegv                 x86_64  2.13-4.el9                    ubi-9-baseos-rpms      30 k
Test OLM installation	Arrange OLM test installation	2025-06-02T09:57:14.0317428Z #14 1.895  libtasn1                   x86_64  4.16.0-9.el9                  ubi-9-baseos-rpms      77 k
Test OLM installation	Arrange OLM test installation	2025-06-02T09:57:14.0317851Z #14 1.895  libunistring               x86_64  0.9.10-15.el9                 ubi-9-baseos-rpms     499 k
Test OLM installation	Arrange OLM test installation	2025-06-02T09:57:14.0318273Z #14 1.895  libuuid                    x86_64  2.37.4-21.el9                 ubi-9-baseos-rpms      30 k
Test OLM installation	Arrange OLM test installation	2025-06-02T09:57:14.0318678Z #14 1.895  libverto                   x86_64  0.3.2-3.el9                   ubi-9-baseos-rpms      24 k
Test OLM installation	Arrange OLM test installation	2025-06-02T09:57:14.0319096Z #14 1.895  libxcrypt                  x86_64  4.4.18-3.el9                  ubi-9-baseos-rpms     120 k
Test OLM installation	Arrange OLM test installation	2025-06-02T09:57:14.0319509Z #14 1.895  libzstd                    x86_64  1.5.5-1.el9                   ubi-9-baseos-rpms     297 k
Test OLM installation	Arrange OLM test installation	2025-06-02T09:57:14.0320148Z #14 1.895  lksctp-tools               x86_64  1.0.19-3.el9_4                ubi-9-baseos-rpms     104 k
Test OLM installation	Arrange OLM test installation	2025-06-02T09:57:14.0320762Z #14 1.895  lua                        x86_64  5.4.4-4.el9                   ubi-9-appstream-rpms  192 k
Test OLM installation	Arrange OLM test installation	2025-06-02T09:57:14.0321154Z #14 1.895  lua-libs                   x86_64  5.4.4-4.el9                   ubi-9-baseos-rpms     132 k
Test OLM installation	Arrange OLM test installation	2025-06-02T09:57:14.0321562Z #14 1.895  lua-posix                  x86_64  35.0-8.el9                    ubi-9-appstream-rpms  155 k
Test OLM installation	Arrange OLM test installation	2025-06-02T09:57:14.0321968Z #14 1.895  lz4-libs                   x86_64  1.9.3-5.el9                   ubi-9-baseos-rpms      69 k
Test OLM installation	Arrange OLM test installation	2025-06-02T09:57:14.0322355Z #14 1.895  mpfr                       x86_64  4.1.0-7.el9                   ubi-9-baseos-rpms     329 k
Test OLM installation	Arrange OLM test installation	2025-06-02T09:57:14.0322776Z #14 1.895  ncurses-base               noarch  6.2-10.20210508.el9           ubi-9-baseos-rpms      99 k
Test OLM installation	Arrange OLM test installation	2025-06-02T09:57:14.0323232Z #14 1.895  ncurses-libs               x86_64  6.2-10.20210508.el9           ubi-9-baseos-rpms     332 k
Test OLM installation	Arrange OLM test installation	2025-06-02T09:57:14.0323789Z #14 1.895  nettle                     x86_64  3.10.1-1.el9                  ubi-9-baseos-rpms     568 k
Test OLM installation	Arrange OLM test installation	2025-06-02T09:57:14.0324186Z #14 1.895  nspr                       x86_64  4.35.0-17.el9_2               ubi-9-appstream-rpms  137 k
Test OLM installation	Arrange OLM test installation	2025-06-02T09:57:14.0324579Z #14 1.895  nss                        x86_64  3.101.0-10.el9_2              ubi-9-appstream-rpms  720 k
Test OLM installation	Arrange OLM test installation	2025-06-02T09:57:14.0324993Z #14 1.895  nss-softokn                x86_64  3.101.0-10.el9_2              ubi-9-appstream-rpms  393 k
Test OLM installation	Arrange OLM test installation	2025-06-02T09:57:14.0325535Z #14 1.895  nss-softokn-freebl         x86_64  3.101.0-10.el9_2              ubi-9-appstream-rpms  313 k
Test OLM installation	Arrange OLM test installation	2025-06-02T09:57:14.0326027Z #14 1.895  nss-sysinit                x86_64  3.101.0-10.el9_2              ubi-9-appstream-rpms   21 k
Test OLM installation	Arrange OLM test installation	2025-06-02T09:57:14.0326453Z #14 1.895  nss-util                   x86_64  3.101.0-10.el9_2              ubi-9-appstream-rpms   92 k
Test OLM installation	Arrange OLM test installation	2025-06-02T09:57:14.0326915Z #14 1.895  openssl-fips-provider      x86_64  3.0.7-6.el9_5                 ubi-9-baseos-rpms     9.4 k
Test OLM installation	Arrange OLM test installation	2025-06-02T09:57:14.0327432Z #14 1.895  openssl-fips-provider-so   x86_64  3.0.7-6.el9_5                 ubi-9-baseos-rpms     577 k
Test OLM installation	Arrange OLM test installation	2025-06-02T09:57:14.0327911Z #14 1.895  openssl-libs               x86_64  1:3.2.2-6.el9_5.1             ubi-9-baseos-rpms     2.1 M
Test OLM installation	Arrange OLM test installation	2025-06-02T09:57:14.0328339Z #14 1.895  p11-kit                    x86_64  0.25.3-3.el9_5                ubi-9-baseos-rpms     536 k
Test OLM installation	Arrange OLM test installation	2025-06-02T09:57:14.0328762Z #14 1.895  p11-kit-trust              x86_64  0.25.3-3.el9_5                ubi-9-baseos-rpms     144 k
Test OLM installation	Arrange OLM test installation	2025-06-02T09:57:14.0329172Z #14 1.895  pcre                       x86_64  8.44-4.el9                    ubi-9-baseos-rpms     200 k
Test OLM installation	Arrange OLM test installation	2025-06-02T09:57:14.0329558Z #14 1.895  pcre2                      x86_64  10.40-6.el9                   ubi-9-baseos-rpms     236 k
Test OLM installation	Arrange OLM test installation	2025-06-02T09:57:14.0329975Z #14 1.895  pcre2-syntax               noarch  10.40-6.el9                   ubi-9-baseos-rpms     144 k
Test OLM installation	Arrange OLM test installation	2025-06-02T09:57:14.0330528Z #14 1.895  python3                    x86_64  3.9.21-2.el9                  ubi-9-baseos-rpms      30 k
Test OLM installation	Arrange OLM test installation	2025-06-02T09:57:14.0330955Z #14 1.895  python3-libs               x86_64  3.9.21-2.el9                  ubi-9-baseos-rpms     8.1 M
Test OLM installation	Arrange OLM test installation	2025-06-02T09:57:14.0331415Z #14 1.895  python3-pip-wheel          noarch  21.3.1-1.el9                  ubi-9-baseos-rpms     1.1 M
Test OLM installation	Arrange OLM test installation	2025-06-02T09:57:14.0331947Z #14 1.895  python3-setuptools-wheel   noarch  53.0.0-13.el9                 ubi-9-baseos-rpms     469 k
Test OLM installation	Arrange OLM test installation	2025-06-02T09:57:14.0332464Z #14 1.895  readline                   x86_64  8.1-4.el9                     ubi-9-baseos-rpms     215 k
Test OLM installation	Arrange OLM test installation	2025-06-02T09:57:14.0332899Z #14 1.895  redhat-release             x86_64  9.6-0.1.el9                   ubi-9-baseos-rpms      44 k
Test OLM installation	Arrange OLM test installation	2025-06-02T09:57:14.0333308Z #14 1.895  sed                        x86_64  4.8-9.el9                     ubi-9-baseos-rpms     309 k
Test OLM installation	Arrange OLM test installation	2025-06-02T09:57:14.0333700Z #14 1.895  setup                      noarch  2.13.7-10.el9                 ubi-9-baseos-rpms     150 k
Test OLM installation	Arrange OLM test installation	2025-06-02T09:57:14.0334263Z #14 1.895  sqlite-libs                x86_64  3.34.1-7.el9_3                ubi-9-baseos-rpms     622 k
Test OLM installation	Arrange OLM test installation	2025-06-02T09:57:14.0334700Z #14 1.895  systemd-libs               x86_64  252-51.el9                    ubi-9-baseos-rpms     684 k
Test OLM installation	Arrange OLM test installation	2025-06-02T09:57:14.0335131Z #14 1.895  tzdata                     noarch  2025b-1.el9                   ubi-9-baseos-rpms     842 k
Test OLM installation	Arrange OLM test installation	2025-06-02T09:57:14.0335569Z #14 1.895  tzdata-java                noarch  2025b-1.el9                   ubi-9-appstream-rpms  228 k
Test OLM installation	Arrange OLM test installation	2025-06-02T09:57:14.0335996Z #14 1.895  xz-libs                    x86_64  5.2.5-8.el9_0                 ubi-9-baseos-rpms      94 k
Test OLM installation	Arrange OLM test installation	2025-06-02T09:57:14.0336384Z #14 1.895  zlib                       x86_64  1.2.11-40.el9                 ubi-9-baseos-rpms      93 k
Test OLM installation	Arrange OLM test installation	2025-06-02T09:57:14.0336688Z #14 1.895 
Test OLM installation	Arrange OLM test installation	2025-06-02T09:57:14.0337013Z #14 1.895 Transaction Summary
Test OLM installation	Arrange OLM test installation	2025-06-02T09:57:14.0337414Z #14 1.895 =============================================================================================
Test OLM installation	Arrange OLM test installation	2025-06-02T09:57:14.0337865Z #14 1.895 Install  84 Packages
Test OLM installation	Arrange OLM test installation	2025-06-02T09:57:14.0338075Z #14 1.895 
Test OLM installation	Arrange OLM test installation	2025-06-02T09:57:14.0338262Z #14 1.898 Total download size: 89 M
Test OLM installation	Arrange OLM test installation	2025-06-02T09:57:14.0338502Z #14 1.898 Installed size: 319 M
Test OLM installation	Arrange OLM test installation	2025-06-02T09:57:14.0338732Z #14 1.898 Downloading Packages:
Test OLM installation	Arrange OLM test installation	2025-06-02T09:57:14.0339082Z #14 1.934 (1/84): basesystem-11-13.el9.noarch.rpm         267 kB/s | 8.0 kB     00:00    
Test OLM installation	Arrange OLM test installation	2025-06-02T09:57:14.0339553Z #14 1.936 (2/84): avahi-libs-0.8-22.el9_6.x86_64.rpm      2.1 MB/s |  67 kB     00:00    
Test OLM installation	Arrange OLM test installation	2025-06-02T09:57:14.0339995Z #14 1.940 (3/84): alternatives-1.24-2.el9.x86_64.rpm      1.1 MB/s |  42 kB     00:00    
Test OLM installation	Arrange OLM test installation	2025-06-02T09:57:14.0340558Z #14 1.942 (4/84): bzip2-libs-1.0.8-10.el9_5.x86_64.rpm    7.0 MB/s |  42 kB     00:00    
Test OLM installation	Arrange OLM test installation	2025-06-02T09:57:14.0340993Z #14 1.958 (5/84): coreutils-single-8.32-39.el9.x86_64.rpm  39 MB/s | 625 kB     00:00    
Test OLM installation	Arrange OLM test installation	2025-06-02T09:57:14.0341437Z #14 1.964 (6/84): ca-certificates-2024.2.69_v8.0.303-91.4  43 MB/s | 1.0 MB     00:00    
Test OLM installation	Arrange OLM test installation	2025-06-02T09:57:14.0341904Z #14 1.966 (7/84): crypto-policies-20250128-1.git5269e22.e  11 MB/s |  90 kB     00:00    
Test OLM installation	Arrange OLM test installation	2025-06-02T09:57:14.0342335Z #14 1.971 (8/84): bash-5.1.8-9.el9.x86_64.rpm              47 MB/s | 1.7 MB     00:00    
Test OLM installation	Arrange OLM test installation	2025-06-02T09:57:14.0342774Z #14 1.973 (9/84): crypto-policies-scripts-20250128-1.git5  12 MB/s | 101 kB     00:00    
Test OLM installation	Arrange OLM test installation	2025-06-02T09:57:14.0343223Z #14 1.977 (10/84): dbus-libs-1.12.20-8.el9.x86_64.rpm      26 MB/s | 154 kB     00:00    
Test OLM installation	Arrange OLM test installation	2025-06-02T09:57:14.0343647Z #14 1.980 (11/84): cups-libs-2.3.3op2-33.el9.x86_64.rpm    19 MB/s | 265 kB     00:00    
Test OLM installation	Arrange OLM test installation	2025-06-02T09:57:14.0344060Z #14 1.984 (12/84): expat-2.5.0-5.el9_6.x86_64.rpm          10 MB/s | 119 kB     00:00    
Test OLM installation	Arrange OLM test installation	2025-06-02T09:57:14.0344473Z #14 1.992 (13/84): findutils-4.8.0-7.el9.x86_64.rpm        49 MB/s | 550 kB     00:00    
Test OLM installation	Arrange OLM test installation	2025-06-02T09:57:14.1318835Z #14 2.001 (14/84): gdbm-libs-1.23-1.el9.x86_64.rpm        6.8 MB/s |  59 kB     00:00    
Test OLM installation	Arrange OLM test installation	2025-06-02T09:57:14.1319733Z #14 2.016 (15/84): gawk-5.1.0-6.el9.x86_64.rpm             32 MB/s | 1.0 MB     00:00    
Test OLM installation	Arrange OLM test installation	2025-06-02T09:57:14.1320683Z #14 2.025 (16/84): glibc-common-2.34-168.el9_6.14.x86_64.  35 MB/s | 304 kB     00:00    
Test OLM installation	Arrange OLM test installation	2025-06-02T09:57:14.1321178Z #14 2.034 (17/84): glibc-2.34-168.el9_6.14.x86_64.rpm      60 MB/s | 2.0 MB     00:00    
Test OLM installation	Arrange OLM test installation	2025-06-02T09:57:14.1321663Z #14 2.046 (18/84): filesystem-3.16-5.el9.x86_64.rpm        69 MB/s | 4.8 MB     00:00    
Test OLM installation	Arrange OLM test installation	2025-06-02T09:57:14.1322164Z #14 2.053 (19/84): glibc-langpack-en-2.34-168.el9_6.14.x8  23 MB/s | 657 kB     00:00    
Test OLM installation	Arrange OLM test installation	2025-06-02T09:57:14.1322629Z #14 2.056 (20/84): gmp-6.2.0-13.el9.x86_64.rpm             15 MB/s | 319 kB     00:00    
Test OLM installation	Arrange OLM test installation	2025-06-02T09:57:14.1323069Z #14 2.066 (21/84): gnutls-3.8.3-6.el9.x86_64.rpm           58 MB/s | 1.1 MB     00:00    
Test OLM installation	Arrange OLM test installation	2025-06-02T09:57:14.1323538Z #14 2.071 (22/84): keyutils-libs-1.6.3-1.el9.x86_64.rpm   2.5 MB/s |  34 kB     00:00    
Test OLM installation	Arrange OLM test installation	2025-06-02T09:57:14.1324006Z #14 2.075 (23/84): grep-3.6-5.el9.x86_64.rpm               12 MB/s | 273 kB     00:00    
Test OLM installation	Arrange OLM test installation	2025-06-02T09:57:14.1324453Z #14 2.076 (24/84): libacl-2.3.1-4.el9.x86_64.rpm          4.0 MB/s |  24 kB     00:00    
Test OLM installation	Arrange OLM test installation	2025-06-02T09:57:14.1325170Z #14 2.081 (25/84): krb5-libs-1.21.1-6.el9.x86_64.rpm       54 MB/s | 770 kB     00:00    
Test OLM installation	Arrange OLM test installation	2025-06-02T09:57:14.1325620Z #14 2.082 (26/84): libattr-2.5.1-3.el9.x86_64.rpm         3.1 MB/s |  20 kB     00:00    
Test OLM installation	Arrange OLM test installation	2025-06-02T09:57:14.1326061Z #14 2.084 (27/84): libcap-2.48-9.el9_2.x86_64.rpm         9.7 MB/s |  74 kB     00:00    
Test OLM installation	Arrange OLM test installation	2025-06-02T09:57:14.1326499Z #14 2.089 (28/84): libffi-3.4.2-8.el9.x86_64.rpm          8.7 MB/s |  40 kB     00:00    
Test OLM installation	Arrange OLM test installation	2025-06-02T09:57:14.1326947Z #14 2.092 (29/84): libevent-2.1.12-8.el9_4.x86_64.rpm      27 MB/s | 266 kB     00:00    
Test OLM installation	Arrange OLM test installation	2025-06-02T09:57:14.1327394Z #14 2.095 (30/84): libgcc-11.5.0-5.el9_5.x86_64.rpm        15 MB/s |  88 kB     00:00    
Test OLM installation	Arrange OLM test installation	2025-06-02T09:57:14.2342820Z #14 2.099 (31/84): libcom_err-1.46.5-7.el9.x86_64.rpm     1.6 MB/s |  28 kB     00:00    
Test OLM installation	Arrange OLM test installation	2025-06-02T09:57:14.2343707Z #14 2.105 (32/84): libgcrypt-1.10.0-11.el9.x86_64.rpm      40 MB/s | 510 kB     00:00    
Test OLM installation	Arrange OLM test installation	2025-06-02T09:57:14.2344871Z #14 2.107 (33/84): libgpg-error-1.42-5.el9.x86_64.rpm      19 MB/s | 220 kB     00:00    
Test OLM installation	Arrange OLM test installation	2025-06-02T09:57:14.2345627Z #14 2.111 (34/84): libselinux-3.6-3.el9.x86_64.rpm         15 MB/s |  88 kB     00:00    
Test OLM installation	Arrange OLM test installation	2025-06-02T09:57:14.2346157Z #14 2.115 (35/84): libsepol-3.6-2.el9.x86_64.rpm           43 MB/s | 331 kB     00:00    
Test OLM installation	Arrange OLM test installation	2025-06-02T09:57:14.2346635Z #14 2.118 (36/84): libsigsegv-2.13-4.el9.x86_64.rpm       4.0 MB/s |  30 kB     00:00    
Test OLM installation	Arrange OLM test installation	2025-06-02T09:57:14.2347074Z #14 2.125 (37/84): libtasn1-4.16.0-9.el9.x86_64.rpm       7.2 MB/s |  77 kB     00:00    
Test OLM installation	Arrange OLM test installation	2025-06-02T09:57:14.2347499Z #14 2.132 (38/84): libuuid-2.37.4-21.el9.x86_64.rpm       4.3 MB/s |  30 kB     00:00    
Test OLM installation	Arrange OLM test installation	2025-06-02T09:57:14.2347930Z #14 2.137 (39/84): libunistring-0.9.10-15.el9.x86_64.rpm   26 MB/s | 499 kB     00:00    
Test OLM installation	Arrange OLM test installation	2025-06-02T09:57:14.2348366Z #14 2.139 (40/84): libverto-0.3.2-3.el9.x86_64.rpm        4.0 MB/s |  24 kB     00:00    
Test OLM installation	Arrange OLM test installation	2025-06-02T09:57:14.2348795Z #14 2.143 (41/84): libxcrypt-4.4.18-3.el9.x86_64.rpm       22 MB/s | 120 kB     00:00    
Test OLM installation	Arrange OLM test installation	2025-06-02T09:57:14.2349229Z #14 2.146 (42/84): libzstd-1.5.5-1.el9.x86_64.rpm          42 MB/s | 297 kB     00:00    
Test OLM installation	Arrange OLM test installation	2025-06-02T09:57:14.2349639Z #14 2.150 (43/84): libidn2-2.3.0-7.el9.x86_64.rpm         2.0 MB/s | 105 kB     00:00    
Test OLM installation	Arrange OLM test installation	2025-06-02T09:57:14.2350064Z #14 2.152 (44/84): lksctp-tools-1.0.19-3.el9_4.x86_64.rpm  12 MB/s | 104 kB     00:00    
Test OLM installation	Arrange OLM test installation	2025-06-02T09:57:14.2350750Z #14 2.153 (45/84): lua-libs-5.4.4-4.el9.x86_64.rpm         19 MB/s | 132 kB     00:00    
Test OLM installation	Arrange OLM test installation	2025-06-02T09:57:14.2351167Z #14 2.158 (46/84): lz4-libs-1.9.3-5.el9.x86_64.rpm        8.9 MB/s |  69 kB     00:00    
Test OLM installation	Arrange OLM test installation	2025-06-02T09:57:14.2351604Z #14 2.161 (47/84): ncurses-base-6.2-10.20210508.el9.noarc  13 MB/s |  99 kB     00:00    
Test OLM installation	Arrange OLM test installation	2025-06-02T09:57:14.2352030Z #14 2.165 (48/84): mpfr-4.1.0-7.el9.x86_64.rpm             26 MB/s | 329 kB     00:00    
Test OLM installation	Arrange OLM test installation	2025-06-02T09:57:14.2352450Z #14 2.169 (49/84): ncurses-libs-6.2-10.20210508.el9.x86_6  29 MB/s | 332 kB     00:00    
Test OLM installation	Arrange OLM test installation	2025-06-02T09:57:14.2352934Z #14 2.172 (50/84): openssl-fips-provider-3.0.7-6.el9_5.x8 1.4 MB/s | 9.4 kB     00:00    
Test OLM installation	Arrange OLM test installation	2025-06-02T09:57:14.2353398Z #14 2.174 (51/84): nettle-3.10.1-1.el9.x86_64.rpm          43 MB/s | 568 kB     00:00    
Test OLM installation	Arrange OLM test installation	2025-06-02T09:57:14.2353868Z #14 2.179 (52/84): openssl-fips-provider-so-3.0.7-6.el9_5  61 MB/s | 577 kB     00:00    
Test OLM installation	Arrange OLM test installation	2025-06-02T09:57:14.2354309Z #14 2.185 (53/84): p11-kit-0.25.3-3.el9_5.x86_64.rpm       53 MB/s | 536 kB     00:00    
Test OLM installation	Arrange OLM test installation	2025-06-02T09:57:14.2354718Z #14 2.187 (54/84): p11-kit-trust-0.25.3-3.el9_5.x86_64.rp  18 MB/s | 144 kB     00:00    
Test OLM installation	Arrange OLM test installation	2025-06-02T09:57:14.2355124Z #14 2.194 (55/84): pcre-8.44-4.el9.x86_64.rpm              23 MB/s | 200 kB     00:00    
Test OLM installation	Arrange OLM test installation	2025-06-02T09:57:14.2355518Z #14 2.197 (56/84): pcre2-10.40-6.el9.x86_64.rpm            24 MB/s | 236 kB     00:00    
Test OLM installation	Arrange OLM test installation	2025-06-02T09:57:14.3418159Z #14 2.201 (57/84): pcre2-syntax-10.40-6.el9.noarch.rpm     20 MB/s | 144 kB     00:00    
Test OLM installation	Arrange OLM test installation	2025-06-02T09:57:14.3419168Z #14 2.203 (58/84): python3-3.9.21-2.el9.x86_64.rpm        5.4 MB/s |  30 kB     00:00    
Test OLM installation	Arrange OLM test installation	2025-06-02T09:57:14.3420542Z #14 2.211 (59/84): openssl-libs-3.2.2-6.el9_5.1.x86_64.rp  55 MB/s | 2.1 MB     00:00    
Test OLM installation	Arrange OLM test installation	2025-06-02T09:57:14.3421389Z #14 2.227 (60/84): python3-pip-wheel-21.3.1-1.el9.noarch.  49 MB/s | 1.1 MB     00:00    
Test OLM installation	Arrange OLM test installation	2025-06-02T09:57:14.3421923Z #14 2.235 (61/84): readline-8.1-4.el9.x86_64.rpm           27 MB/s | 215 kB     00:00    
Test OLM installation	Arrange OLM test installation	2025-06-02T09:57:14.3422531Z #14 2.241 (62/84): redhat-release-9.6-0.1.el9.x86_64.rpm  6.8 MB/s |  44 kB     00:00    
Test OLM installation	Arrange OLM test installation	2025-06-02T09:57:14.3423181Z #14 2.246 (63/84): python3-setuptools-wheel-53.0.0-13.el9  13 MB/s | 469 kB     00:00    
Test OLM installation	Arrange OLM test installation	2025-06-02T09:57:14.3423725Z #14 2.251 (64/84): sed-4.8-9.el9.x86_64.rpm                34 MB/s | 309 kB     00:00    
Test OLM installation	Arrange OLM test installation	2025-06-02T09:57:14.3424243Z #14 2.254 (65/84): setup-2.13.7-10.el9.noarch.rpm          20 MB/s | 150 kB     00:00    
Test OLM installation	Arrange OLM test installation	2025-06-02T09:57:14.3425030Z #14 2.263 (66/84): sqlite-libs-3.34.1-7.el9_3.x86_64.rpm   53 MB/s | 622 kB     00:00    
Test OLM installation	Arrange OLM test installation	2025-06-02T09:57:14.3425823Z #14 2.271 (67/84): systemd-libs-252-51.el9.x86_64.rpm      41 MB/s | 684 kB     00:00    
Test OLM installation	Arrange OLM test installation	2025-06-02T09:57:14.3426489Z #14 2.279 (68/84): tzdata-2025b-1.el9.noarch.rpm           53 MB/s | 842 kB     00:00    
Test OLM installation	Arrange OLM test installation	2025-06-02T09:57:14.3427027Z #14 2.281 (69/84): xz-libs-5.2.5-8.el9_0.x86_64.rpm       9.9 MB/s |  94 kB     00:00    
Test OLM installation	Arrange OLM test installation	2025-06-02T09:57:14.3427713Z #14 2.286 (70/84): copy-jdk-configs-4.0-3.el9.noarch.rpm  5.3 MB/s |  29 kB     00:00    
Test OLM installation	Arrange OLM test installation	2025-06-02T09:57:14.3428254Z #14 2.305 (71/84): python3-libs-3.9.21-2.el9.x86_64.rpm    78 MB/s | 8.1 MB     00:00    
Test OLM installation	Arrange OLM test installation	2025-06-02T09:57:14.5487271Z #14 2.307 (72/84): zlib-1.2.11-40.el9.x86_64.rpm          3.3 MB/s |  93 kB     00:00    
Test OLM installation	Arrange OLM test installation	2025-06-02T09:57:14.5488224Z #14 2.317 (73/84): alsa-lib-1.2.13-2.el9.x86_64.rpm        55 MB/s | 530 kB     00:00    
Test OLM installation	Arrange OLM test installation	2025-06-02T09:57:14.5488935Z #14 2.319 (74/84): lua-5.4.4-4.el9.x86_64.rpm             5.8 MB/s | 192 kB     00:00    
Test OLM installation	Arrange OLM test installation	2025-06-02T09:57:14.5489646Z #14 2.323 (75/84): lua-posix-35.0-8.el9.x86_64.rpm        8.8 MB/s | 155 kB     00:00    
Test OLM installation	Arrange OLM test installation	2025-06-02T09:57:14.5490780Z #14 2.327 (76/84): javapackages-filesystem-6.4.0-1.el9.no 2.3 MB/s |  17 kB     00:00    
Test OLM installation	Arrange OLM test installation	2025-06-02T09:57:14.5491584Z #14 2.332 (77/84): nspr-4.35.0-17.el9_2.x86_64.rpm         16 MB/s | 137 kB     00:00    
Test OLM installation	Arrange OLM test installation	2025-06-02T09:57:14.5492287Z #14 2.342 (78/84): nss-softokn-3.101.0-10.el9_2.x86_64.rp  37 MB/s | 393 kB     00:00    
Test OLM installation	Arrange OLM test installation	2025-06-02T09:57:14.5492993Z #14 2.346 (79/84): nss-3.101.0-10.el9_2.x86_64.rpm         38 MB/s | 720 kB     00:00    
Test OLM installation	Arrange OLM test installation	2025-06-02T09:57:14.5493710Z #14 2.351 (80/84): nss-softokn-freebl-3.101.0-10.el9_2.x8  38 MB/s | 313 kB     00:00    
Test OLM installation	Arrange OLM test installation	2025-06-02T09:57:14.5494453Z #14 2.352 (81/84): nss-sysinit-3.101.0-10.el9_2.x86_64.rp 3.3 MB/s |  21 kB     00:00    
Test OLM installation	Arrange OLM test installation	2025-06-02T09:57:14.5495158Z #14 2.360 (82/84): nss-util-3.101.0-10.el9_2.x86_64.rpm    10 MB/s |  92 kB     00:00    
Test OLM installation	Arrange OLM test installation	2025-06-02T09:57:14.5495894Z #14 2.362 (83/84): tzdata-java-2025b-1.el9.noarch.rpm      25 MB/s | 228 kB     00:00    
Test OLM installation	Arrange OLM test installation	2025-06-02T09:57:14.6044622Z #14 2.568 (84/84): java-21-openjdk-headless-21.0.7.0.6-1. 196 MB/s |  49 MB     00:00    
Test OLM installation	Arrange OLM test installation	2025-06-02T09:57:14.8411519Z #14 2.571 --------------------------------------------------------------------------------
Test OLM installation	Arrange OLM test installation	2025-06-02T09:57:14.8412005Z #14 2.572 Total                                           132 MB/s |  89 MB     00:00     
Test OLM installation	Arrange OLM test installation	2025-06-02T09:57:14.8412523Z #14 2.583 Red Hat Universal Base Image 9 (RPMs) - BaseOS  3.5 MB/s | 3.6 kB     00:00    
Test OLM installation	Arrange OLM test installation	2025-06-02T09:57:14.8413110Z #14 2.649 Importing GPG key 0xFD431D51:
Test OLM installation	Arrange OLM test installation	2025-06-02T09:57:15.7537691Z #14 2.649  Userid     : "Red Hat, Inc. (release key 2) <security@redhat.com>"
Test OLM installation	Arrange OLM test installation	2025-06-02T09:57:15.7538512Z #14 2.649  Fingerprint: 567E 347A D004 4ADE 55BA 8A5F 199E 2F91 FD43 1D51
Test OLM installation	Arrange OLM test installation	2025-06-02T09:57:15.7539224Z #14 2.649  From       : /etc/pki/rpm-gpg/RPM-GPG-KEY-redhat-release
Test OLM installation	Arrange OLM test installation	2025-06-02T09:57:15.7539769Z #14 2.652 Key imported successfully
Test OLM installation	Arrange OLM test installation	2025-06-02T09:57:15.7540386Z #14 2.652 Importing GPG key 0x5A6340B3:
Test OLM installation	Arrange OLM test installation	2025-06-02T09:57:15.7540964Z #14 2.652  Userid     : "Red Hat, Inc. (auxiliary key 3) <security@redhat.com>"
Test OLM installation	Arrange OLM test installation	2025-06-02T09:57:15.7542077Z #14 2.652  Fingerprint: 7E46 2425 8C40 6535 D56D 6F13 5054 E4A4 5A63 40B3
Test OLM installation	Arrange OLM test installation	2025-06-02T09:57:15.7542728Z #14 2.652  From       : /etc/pki/rpm-gpg/RPM-GPG-KEY-redhat-release
Test OLM installation	Arrange OLM test installation	2025-06-02T09:57:15.7543282Z #14 2.654 Key imported successfully
Test OLM installation	Arrange OLM test installation	2025-06-02T09:57:15.7543725Z #14 3.717 Running transaction check
Test OLM installation	Arrange OLM test installation	2025-06-02T09:57:15.9552266Z #14 3.768 Transaction check succeeded.
Test OLM installation	Arrange OLM test installation	2025-06-02T09:57:15.9552885Z #14 3.768 Running transaction test
Test OLM installation	Arrange OLM test installation	2025-06-02T09:57:16.7298711Z #14 4.693 Transaction test succeeded.
Test OLM installation	Arrange OLM test installation	2025-06-02T09:57:16.8819370Z #14 4.694 Running transaction
Test OLM installation	Arrange OLM test installation	2025-06-02T09:57:17.6297693Z #14 5.440   Running scriptlet: filesystem-3.16-5.el9.x86_64                           1/1 
Test OLM installation	Arrange OLM test installation	2025-06-02T09:57:17.6298640Z #14 5.441   Running scriptlet: copy-jdk-configs-4.0-3.el9.noarch                      1/1 
Test OLM installation	Arrange OLM test installation	2025-06-02T09:57:17.7438018Z #14 5.443   Running scriptlet: java-21-openjdk-headless-1:21.0.7.0.6-1.el9.x86_64     1/1 
Test OLM installation	Arrange OLM test installation	2025-06-02T09:57:17.9028196Z #14 5.707   Preparing        :                                                        1/1 
Test OLM installation	Arrange OLM test installation	2025-06-02T09:57:17.9029634Z #14 5.714   Installing       : libgcc-11.5.0-5.el9_5.x86_64                          1/84 
Test OLM installation	Arrange OLM test installation	2025-06-02T09:57:17.9516388Z #14 5.716   Running scriptlet: libgcc-11.5.0-5.el9_5.x86_64                          1/84 
Test OLM installation	Arrange OLM test installation	2025-06-02T09:57:18.1114107Z #14 5.915   Installing       : tzdata-2025b-1.el9.noarch                             2/84 
Test OLM installation	Arrange OLM test installation	2025-06-02T09:57:18.1115047Z #14 5.981   Installing       : tzdata-java-2025b-1.el9.noarch                        3/84 
Test OLM installation	Arrange OLM test installation	2025-06-02T09:57:18.1115926Z #14 5.990   Installing       : javapackages-filesystem-6.4.0-1.el9.noarch            4/84 
Test OLM installation	Arrange OLM test installation	2025-06-02T09:57:18.1116873Z #14 5.999   Installing       : redhat-release-9.6-0.1.el9.x86_64                     5/84 
Test OLM installation	Arrange OLM test installation	2025-06-02T09:57:18.1117674Z #14 6.009   Installing       : setup-2.13.7-10.el9.noarch                            6/84 
Test OLM installation	Arrange OLM test installation	2025-06-02T09:57:18.1118478Z #14 6.013   Running scriptlet: setup-2.13.7-10.el9.noarch                            6/84 
Test OLM installation	Arrange OLM test installation	2025-06-02T09:57:18.2326920Z #14 6.074   Installing       : filesystem-3.16-5.el9.x86_64                          7/84 
Test OLM installation	Arrange OLM test installation	2025-06-02T09:57:18.2327910Z #14 6.150   Installing       : basesystem-11-13.el9.noarch                           8/84 
Test OLM installation	Arrange OLM test installation	2025-06-02T09:57:18.2328834Z #14 6.155   Installing       : python3-setuptools-wheel-53.0.0-13.el9.noarch         9/84 
Test OLM installation	Arrange OLM test installation	2025-06-02T09:57:18.2329723Z #14 6.161   Installing       : pcre2-syntax-10.40-6.el9.noarch                      10/84 
Test OLM installation	Arrange OLM test installation	2025-06-02T09:57:18.3576826Z #14 6.196   Installing       : ncurses-base-6.2-10.20210508.el9.noarch              11/84 
Test OLM installation	Arrange OLM test installation	2025-06-02T09:57:18.3577758Z #14 6.295   Installing       : glibc-langpack-en-2.34-168.el9_6.14.x86_64           12/84 
Test OLM installation	Arrange OLM test installation	2025-06-02T09:57:18.5716986Z #14 6.321   Installing       : glibc-common-2.34-168.el9_6.14.x86_64                13/84 
Test OLM installation	Arrange OLM test installation	2025-06-02T09:57:18.5718916Z #14 6.325   Running scriptlet: glibc-2.34-168.el9_6.14.x86_64                       14/84 
Test OLM installation	Arrange OLM test installation	2025-06-02T09:57:18.5719702Z #14 6.379   Installing       : glibc-2.34-168.el9_6.14.x86_64                       14/84 
Test OLM installation	Arrange OLM test installation	2025-06-02T09:57:19.1084830Z #14 6.384   Running scriptlet: glibc-2.34-168.el9_6.14.x86_64                       14/84 
Test OLM installation	Arrange OLM test installation	2025-06-02T09:57:19.2111645Z #14 7.072   Installing       : ncurses-libs-6.2-10.20210508.el9.x86_64              15/84 
Test OLM installation	Arrange OLM test installation	2025-06-02T09:57:19.2113350Z #14 7.094   Installing       : bash-5.1.8-9.el9.x86_64                              16/84 
Test OLM installation	Arrange OLM test installation	2025-06-02T09:57:19.2114136Z #14 7.097   Running scriptlet: bash-5.1.8-9.el9.x86_64                              16/84 
Test OLM installation	Arrange OLM test installation	2025-06-02T09:57:19.2114951Z #14 7.114   Installing       : crypto-policies-20250128-1.git5269e22.el9.noarch     17/84 
Test OLM installation	Arrange OLM test installation	2025-06-02T09:57:19.2115854Z #14 7.116   Running scriptlet: crypto-policies-20250128-1.git5269e22.el9.noarch     17/84 
Test OLM installation	Arrange OLM test installation	2025-06-02T09:57:19.2116744Z #14 7.121   Installing       : nspr-4.35.0-17.el9_2.x86_64                          18/84 
Test OLM installation	Arrange OLM test installation	2025-06-02T09:57:19.2117458Z #14 7.124   Installing       : nss-util-3.101.0-10.el9_2.x86_64                     19/84 
Test OLM installation	Arrange OLM test installation	2025-06-02T09:57:19.2120128Z #14 7.128   Installing       : zlib-1.2.11-40.el9.x86_64                            20/84 
Test OLM installation	Arrange OLM test installation	2025-06-02T09:57:19.2121218Z #14 7.133   Installing       : readline-8.1-4.el9.x86_64                            21/84 
Test OLM installation	Arrange OLM test installation	2025-06-02T09:57:19.2122053Z #14 7.136   Installing       : libtasn1-4.16.0-9.el9.x86_64                         22/84 
Test OLM installation	Arrange OLM test installation	2025-06-02T09:57:19.2122854Z #14 7.140   Installing       : libxcrypt-4.4.18-3.el9.x86_64                        23/84 
Test OLM installation	Arrange OLM test installation	2025-06-02T09:57:19.2123604Z #14 7.147   Installing       : sqlite-libs-3.34.1-7.el9_3.x86_64                    24/84 
Test OLM installation	Arrange OLM test installation	2025-06-02T09:57:19.2124375Z #14 7.151   Installing       : alternatives-1.24-2.el9.x86_64                       25/84 
Test OLM installation	Arrange OLM test installation	2025-06-02T09:57:19.2125129Z #14 7.157   Installing       : gmp-1:6.2.0-13.el9.x86_64                            26/84 
Test OLM installation	Arrange OLM test installation	2025-06-02T09:57:19.2125865Z #14 7.160   Installing       : libattr-2.5.1-3.el9.x86_64                           27/84 
Test OLM installation	Arrange OLM test installation	2025-06-02T09:57:19.2126575Z #14 7.164   Installing       : libacl-2.3.1-4.el9.x86_64                            28/84 
Test OLM installation	Arrange OLM test installation	2025-06-02T09:57:19.2127618Z #14 7.170   Installing       : libcap-2.48-9.el9_2.x86_64                           29/84 
Test OLM installation	Arrange OLM test installation	2025-06-02T09:57:19.3819540Z #14 7.174   Installing       : libffi-3.4.2-8.el9.x86_64                            30/84 
Test OLM installation	Arrange OLM test installation	2025-06-02T09:57:19.3820622Z #14 7.186   Installing       : p11-kit-0.25.3-3.el9_5.x86_64                        31/84 
Test OLM installation	Arrange OLM test installation	2025-06-02T09:57:19.3821403Z #14 7.193   Installing       : p11-kit-trust-0.25.3-3.el9_5.x86_64                  32/84 
Test OLM installation	Arrange OLM test installation	2025-06-02T09:57:19.4781936Z #14 7.195   Running scriptlet: p11-kit-trust-0.25.3-3.el9_5.x86_64                  32/84 
Test OLM installation	Arrange OLM test installation	2025-06-02T09:57:19.5789723Z #14 7.441   Installing       : libsigsegv-2.13-4.el9.x86_64                         33/84 
Test OLM installation	Arrange OLM test installation	2025-06-02T09:57:19.5790748Z #14 7.450   Installing       : libunistring-0.9.10-15.el9.x86_64                    34/84 
Test OLM installation	Arrange OLM test installation	2025-06-02T09:57:19.5791249Z #14 7.454   Installing       : lua-libs-5.4.4-4.el9.x86_64                          35/84 
Test OLM installation	Arrange OLM test installation	2025-06-02T09:57:19.5791772Z #14 7.458   Installing       : xz-libs-5.2.5-8.el9_0.x86_64                         36/84 
Test OLM installation	Arrange OLM test installation	2025-06-02T09:57:19.5792225Z #14 7.462   Installing       : lua-5.4.4-4.el9.x86_64                               37/84 
Test OLM installation	Arrange OLM test installation	2025-06-02T09:57:19.5792683Z #14 7.476   Installing       : lua-posix-35.0-8.el9.x86_64                          38/84 
Test OLM installation	Arrange OLM test installation	2025-06-02T09:57:19.5793147Z #14 7.481   Installing       : libidn2-2.3.0-7.el9.x86_64                           39/84 
Test OLM installation	Arrange OLM test installation	2025-06-02T09:57:19.5793600Z #14 7.487   Installing       : mpfr-4.1.0-7.el9.x86_64                              40/84 
Test OLM installation	Arrange OLM test installation	2025-06-02T09:57:19.5794068Z #14 7.502   Installing       : gawk-5.1.0-6.el9.x86_64                              41/84 
Test OLM installation	Arrange OLM test installation	2025-06-02T09:57:19.5794536Z #14 7.510   Installing       : nss-softokn-freebl-3.101.0-10.el9_2.x86_64           42/84 
Test OLM installation	Arrange OLM test installation	2025-06-02T09:57:19.5795153Z #14 7.519   Installing       : nss-softokn-3.101.0-10.el9_2.x86_64                  43/84 
Test OLM installation	Arrange OLM test installation	2025-06-02T09:57:19.5795774Z #14 7.525   Installing       : lksctp-tools-1.0.19-3.el9_4.x86_64                   44/84 
Test OLM installation	Arrange OLM test installation	2025-06-02T09:57:19.5796384Z #14 7.528   Installing       : bzip2-libs-1.0.8-10.el9_5.x86_64                     45/84 
Test OLM installation	Arrange OLM test installation	2025-06-02T09:57:19.5796849Z #14 7.533   Installing       : expat-2.5.0-5.el9_6.x86_64                           46/84 
Test OLM installation	Arrange OLM test installation	2025-06-02T09:57:19.5797313Z #14 7.536   Installing       : gdbm-libs-1:1.23-1.el9.x86_64                        47/84 
Test OLM installation	Arrange OLM test installation	2025-06-02T09:57:19.5797872Z #14 7.539   Installing       : keyutils-libs-1.6.3-1.el9.x86_64                     48/84 
Test OLM installation	Arrange OLM test installation	2025-06-02T09:57:19.6811833Z #14 7.542   Installing       : libcom_err-1.46.5-7.el9.x86_64                       49/84 
Test OLM installation	Arrange OLM test installation	2025-06-02T09:57:19.6812817Z #14 7.548   Installing       : libgpg-error-1.42-5.el9.x86_64                       50/84 
Test OLM installation	Arrange OLM test installation	2025-06-02T09:57:19.6813662Z #14 7.556   Installing       : libgcrypt-1.10.0-11.el9.x86_64                       51/84 
Test OLM installation	Arrange OLM test installation	2025-06-02T09:57:19.6814493Z #14 7.561   Installing       : libsepol-3.6-2.el9.x86_64                            52/84 
Test OLM installation	Arrange OLM test installation	2025-06-02T09:57:19.6815331Z #14 7.564   Installing       : libuuid-2.37.4-21.el9.x86_64                         53/84 
Test OLM installation	Arrange OLM test installation	2025-06-02T09:57:19.6816398Z #14 7.567   Installing       : libverto-0.3.2-3.el9.x86_64                          54/84 
Test OLM installation	Arrange OLM test installation	2025-06-02T09:57:19.6817184Z #14 7.573   Installing       : libzstd-1.5.5-1.el9.x86_64                           55/84 
Test OLM installation	Arrange OLM test installation	2025-06-02T09:57:19.6817968Z #14 7.575   Installing       : lz4-libs-1.9.3-5.el9.x86_64                          56/84 
Test OLM installation	Arrange OLM test installation	2025-06-02T09:57:19.6818745Z #14 7.584   Installing       : nettle-3.10.1-1.el9.x86_64                           57/84 
Test OLM installation	Arrange OLM test installation	2025-06-02T09:57:19.6819510Z #14 7.596   Installing       : gnutls-3.8.3-6.el9.x86_64                            58/84 
Test OLM installation	Arrange OLM test installation	2025-06-02T09:57:19.6820610Z #14 7.602   Installing       : pcre-8.44-4.el9.x86_64                               59/84 
Test OLM installation	Arrange OLM test installation	2025-06-02T09:57:19.6821082Z #14 7.608   Installing       : grep-3.6-5.el9.x86_64                                60/84 
Test OLM installation	Arrange OLM test installation	2025-06-02T09:57:19.6821530Z #14 7.614   Installing       : pcre2-10.40-6.el9.x86_64                             61/84 
Test OLM installation	Arrange OLM test installation	2025-06-02T09:57:19.6822183Z #14 7.617   Installing       : libselinux-3.6-3.el9.x86_64                          62/84 
Test OLM installation	Arrange OLM test installation	2025-06-02T09:57:19.6822642Z #14 7.638   Installing       : coreutils-single-8.32-39.el9.x86_64                  63/84 
Test OLM installation	Arrange OLM test installation	2025-06-02T09:57:19.8352009Z #14 7.644   Installing       : sed-4.8-9.el9.x86_64                                 64/84 
Test OLM installation	Arrange OLM test installation	2025-06-02T09:57:19.9416056Z #14 7.648   Running scriptlet: ca-certificates-2024.2.69_v8.0.303-91.4.el9_4.noar   65/84 
Test OLM installation	Arrange OLM test installation	2025-06-02T09:57:20.0958451Z #14 7.905   Installing       : ca-certificates-2024.2.69_v8.0.303-91.4.el9_4.noar   65/84 
Test OLM installation	Arrange OLM test installation	2025-06-02T09:57:21.0353315Z #14 7.909   Running scriptlet: ca-certificates-2024.2.69_v8.0.303-91.4.el9_4.noar   65/84 
Test OLM installation	Arrange OLM test installation	2025-06-02T09:57:21.2493606Z #14 8.998   Installing       : python3-pip-wheel-21.3.1-1.el9.noarch                66/84 
Test OLM installation	Arrange OLM test installation	2025-06-02T09:57:21.2494562Z #14 9.006   Installing       : openssl-fips-provider-so-3.0.7-6.el9_5.x86_64        67/84 
Test OLM installation	Arrange OLM test installation	2025-06-02T09:57:21.2495432Z #14 9.008   Installing       : openssl-fips-provider-3.0.7-6.el9_5.x86_64           68/84 
Test OLM installation	Arrange OLM test installation	2025-06-02T09:57:21.2496012Z #14 9.033   Installing       : openssl-libs-1:3.2.2-6.el9_5.1.x86_64                69/84 
Test OLM installation	Arrange OLM test installation	2025-06-02T09:57:21.2496489Z #14 9.049   Installing       : krb5-libs-1.21.1-6.el9.x86_64                        70/84 
Test OLM installation	Arrange OLM test installation	2025-06-02T09:57:21.2496939Z #14 9.058   Installing       : libevent-2.1.12-8.el9_4.x86_64                       71/84 
Test OLM installation	Arrange OLM test installation	2025-06-02T09:57:21.4599395Z #14 9.062   Installing       : python3-3.9.21-2.el9.x86_64                          72/84 
Test OLM installation	Arrange OLM test installation	2025-06-02T09:57:21.6473573Z #14 9.423   Installing       : python3-libs-3.9.21-2.el9.x86_64                     73/84 
Test OLM installation	Arrange OLM test installation	2025-06-02T09:57:21.6474295Z #14 9.444   Installing       : crypto-policies-scripts-20250128-1.git5269e22.el9.   74/84 
Test OLM installation	Arrange OLM test installation	2025-06-02T09:57:21.6474927Z #14 9.447   Installing       : nss-sysinit-3.101.0-10.el9_2.x86_64                  75/84 
Test OLM installation	Arrange OLM test installation	2025-06-02T09:57:21.6475483Z #14 9.458   Installing       : nss-3.101.0-10.el9_2.x86_64                          76/84 
Test OLM installation	Arrange OLM test installation	2025-06-02T09:57:21.7521001Z #14 9.460   Running scriptlet: nss-3.101.0-10.el9_2.x86_64                          76/84 
Test OLM installation	Arrange OLM test installation	2025-06-02T09:57:21.9054210Z #14 9.715   Installing       : systemd-libs-252-51.el9.x86_64                       77/84 
Test OLM installation	Arrange OLM test installation	2025-06-02T09:57:22.0099973Z #14 9.718   Running scriptlet: systemd-libs-252-51.el9.x86_64                       77/84 
Test OLM installation	Arrange OLM test installation	2025-06-02T09:57:22.2009945Z #14 9.973   Installing       : dbus-libs-1:1.12.20-8.el9.x86_64                     78/84 
Test OLM installation	Arrange OLM test installation	2025-06-02T09:57:22.2011136Z #14 9.978   Installing       : avahi-libs-0.8-22.el9_6.x86_64                       79/84 
Test OLM installation	Arrange OLM test installation	2025-06-02T09:57:22.2011964Z #14 9.987   Installing       : cups-libs-1:2.3.3op2-33.el9.x86_64                   80/84 
Test OLM installation	Arrange OLM test installation	2025-06-02T09:57:22.2012749Z #14 9.993   Installing       : findutils-1:4.8.0-7.el9.x86_64                       81/84 
Test OLM installation	Arrange OLM test installation	2025-06-02T09:57:22.2013541Z #14 9.997   Installing       : copy-jdk-configs-4.0-3.el9.noarch                    82/84 
Test OLM installation	Arrange OLM test installation	2025-06-02T09:57:22.7220120Z #14 10.01   Installing       : alsa-lib-1.2.13-2.el9.x86_64                         83/84 
Test OLM installation	Arrange OLM test installation	2025-06-02T09:57:22.8793825Z #14 10.69   Installing       : java-21-openjdk-headless-1:21.0.7.0.6-1.el9.x86_64   84/84 
Test OLM installation	Arrange OLM test installation	2025-06-02T09:57:22.9866595Z #14 10.69   Running scriptlet: java-21-openjdk-headless-1:21.0.7.0.6-1.el9.x86_64   84/84 
Test OLM installation	Arrange OLM test installation	2025-06-02T09:57:23.2357995Z #14 10.95   Running scriptlet: filesystem-3.16-5.el9.x86_64                         84/84 
Test OLM installation	Arrange OLM test installation	2025-06-02T09:57:24.3479897Z #14 11.20   Running scriptlet: ca-certificates-2024.2.69_v8.0.303-91.4.el9_4.noar   84/84 
Test OLM installation	Arrange OLM test installation	2025-06-02T09:57:24.9363449Z #14 12.31   Running scriptlet: crypto-policies-scripts-20250128-1.git5269e22.el9.   84/84 
Test OLM installation	Arrange OLM test installation	2025-06-02T09:57:25.5239280Z #14 12.90   Running scriptlet: nss-3.101.0-10.el9_2.x86_64                          84/84 
Test OLM installation	Arrange OLM test installation	2025-06-02T09:57:25.7684103Z #14 13.49   Running scriptlet: copy-jdk-configs-4.0-3.el9.noarch                    84/84 
Test OLM installation	Arrange OLM test installation	2025-06-02T09:57:26.4036472Z #14 13.73   Running scriptlet: java-21-openjdk-headless-1:21.0.7.0.6-1.el9.x86_64   84/84 
Test OLM installation	Arrange OLM test installation	2025-06-02T09:57:26.5641112Z #14 14.37   Verifying        : alternatives-1.24-2.el9.x86_64                        1/84 
Test OLM installation	Arrange OLM test installation	2025-06-02T09:57:26.5642039Z #14 14.37   Verifying        : avahi-libs-0.8-22.el9_6.x86_64                        2/84 
Test OLM installation	Arrange OLM test installation	2025-06-02T09:57:26.5642802Z #14 14.37   Verifying        : basesystem-11-13.el9.noarch                           3/84 
Test OLM installation	Arrange OLM test installation	2025-06-02T09:57:26.5643525Z #14 14.37   Verifying        : bash-5.1.8-9.el9.x86_64                               4/84 
Test OLM installation	Arrange OLM test installation	2025-06-02T09:57:26.5644281Z #14 14.37   Verifying        : bzip2-libs-1.0.8-10.el9_5.x86_64                      5/84 
Test OLM installation	Arrange OLM test installation	2025-06-02T09:57:26.5645121Z #14 14.37   Verifying        : ca-certificates-2024.2.69_v8.0.303-91.4.el9_4.noar    6/84 
Test OLM installation	Arrange OLM test installation	2025-06-02T09:57:26.5645921Z #14 14.37   Verifying        : coreutils-single-8.32-39.el9.x86_64                   7/84 
Test OLM installation	Arrange OLM test installation	2025-06-02T09:57:26.5646741Z #14 14.37   Verifying        : crypto-policies-20250128-1.git5269e22.el9.noarch      8/84 
Test OLM installation	Arrange OLM test installation	2025-06-02T09:57:26.5647585Z #14 14.37   Verifying        : crypto-policies-scripts-20250128-1.git5269e22.el9.    9/84 
Test OLM installation	Arrange OLM test installation	2025-06-02T09:57:26.5648433Z #14 14.37   Verifying        : cups-libs-1:2.3.3op2-33.el9.x86_64                   10/84 
Test OLM installation	Arrange OLM test installation	2025-06-02T09:57:26.5649172Z #14 14.37   Verifying        : dbus-libs-1:1.12.20-8.el9.x86_64                     11/84 
Test OLM installation	Arrange OLM test installation	2025-06-02T09:57:26.5650082Z #14 14.37   Verifying        : expat-2.5.0-5.el9_6.x86_64                           12/84 
Test OLM installation	Arrange OLM test installation	2025-06-02T09:57:26.5651009Z #14 14.37   Verifying        : filesystem-3.16-5.el9.x86_64                         13/84 
Test OLM installation	Arrange OLM test installation	2025-06-02T09:57:26.5651780Z #14 14.37   Verifying        : findutils-1:4.8.0-7.el9.x86_64                       14/84 
Test OLM installation	Arrange OLM test installation	2025-06-02T09:57:26.5652514Z #14 14.37   Verifying        : gawk-5.1.0-6.el9.x86_64                              15/84 
Test OLM installation	Arrange OLM test installation	2025-06-02T09:57:26.5653233Z #14 14.37   Verifying        : gdbm-libs-1:1.23-1.el9.x86_64                        16/84 
Test OLM installation	Arrange OLM test installation	2025-06-02T09:57:26.5653962Z #14 14.37   Verifying        : glibc-2.34-168.el9_6.14.x86_64                       17/84 
Test OLM installation	Arrange OLM test installation	2025-06-02T09:57:26.5672310Z #14 14.37   Verifying        : glibc-common-2.34-168.el9_6.14.x86_64                18/84 
Test OLM installation	Arrange OLM test installation	2025-06-02T09:57:26.5673240Z #14 14.37   Verifying        : glibc-langpack-en-2.34-168.el9_6.14.x86_64           19/84 
Test OLM installation	Arrange OLM test installation	2025-06-02T09:57:26.5674025Z #14 14.37   Verifying        : gmp-1:6.2.0-13.el9.x86_64                            20/84 
Test OLM installation	Arrange OLM test installation	2025-06-02T09:57:26.5674792Z #14 14.37   Verifying        : gnutls-3.8.3-6.el9.x86_64                            21/84 
Test OLM installation	Arrange OLM test installation	2025-06-02T09:57:26.5675541Z #14 14.37   Verifying        : grep-3.6-5.el9.x86_64                                22/84 
Test OLM installation	Arrange OLM test installation	2025-06-02T09:57:26.5676310Z #14 14.37   Verifying        : keyutils-libs-1.6.3-1.el9.x86_64                     23/84 
Test OLM installation	Arrange OLM test installation	2025-06-02T09:57:26.5677078Z #14 14.37   Verifying        : krb5-libs-1.21.1-6.el9.x86_64                        24/84 
Test OLM installation	Arrange OLM test installation	2025-06-02T09:57:26.5677833Z #14 14.37   Verifying        : libacl-2.3.1-4.el9.x86_64                            25/84 
Test OLM installation	Arrange OLM test installation	2025-06-02T09:57:26.5678581Z #14 14.37   Verifying        : libattr-2.5.1-3.el9.x86_64                           26/84 
Test OLM installation	Arrange OLM test installation	2025-06-02T09:57:26.5679678Z #14 14.37   Verifying        : libcap-2.48-9.el9_2.x86_64                           27/84 
Test OLM installation	Arrange OLM test installation	2025-06-02T09:57:26.5680619Z #14 14.37   Verifying        : libcom_err-1.46.5-7.el9.x86_64                       28/84 
Test OLM installation	Arrange OLM test installation	2025-06-02T09:57:26.5681380Z #14 14.37   Verifying        : libevent-2.1.12-8.el9_4.x86_64                       29/84 
Test OLM installation	Arrange OLM test installation	2025-06-02T09:57:26.5682147Z #14 14.37   Verifying        : libffi-3.4.2-8.el9.x86_64                            30/84 
Test OLM installation	Arrange OLM test installation	2025-06-02T09:57:26.5682893Z #14 14.37   Verifying        : libgcc-11.5.0-5.el9_5.x86_64                         31/84 
Test OLM installation	Arrange OLM test installation	2025-06-02T09:57:26.5683649Z #14 14.37   Verifying        : libgcrypt-1.10.0-11.el9.x86_64                       32/84 
Test OLM installation	Arrange OLM test installation	2025-06-02T09:57:26.5684434Z #14 14.37   Verifying        : libgpg-error-1.42-5.el9.x86_64                       33/84 
Test OLM installation	Arrange OLM test installation	2025-06-02T09:57:26.5685193Z #14 14.37   Verifying        : libidn2-2.3.0-7.el9.x86_64                           34/84 
Test OLM installation	Arrange OLM test installation	2025-06-02T09:57:26.5686252Z #14 14.37   Verifying        : libselinux-3.6-3.el9.x86_64                          35/84 
Test OLM installation	Arrange OLM test installation	2025-06-02T09:57:26.5687033Z #14 14.37   Verifying        : libsepol-3.6-2.el9.x86_64                            36/84 
Test OLM installation	Arrange OLM test installation	2025-06-02T09:57:26.5687803Z #14 14.37   Verifying        : libsigsegv-2.13-4.el9.x86_64                         37/84 
Test OLM installation	Arrange OLM test installation	2025-06-02T09:57:26.5688571Z #14 14.37   Verifying        : libtasn1-4.16.0-9.el9.x86_64                         38/84 
Test OLM installation	Arrange OLM test installation	2025-06-02T09:57:26.5689340Z #14 14.37   Verifying        : libunistring-0.9.10-15.el9.x86_64                    39/84 
Test OLM installation	Arrange OLM test installation	2025-06-02T09:57:26.5690098Z #14 14.37   Verifying        : libuuid-2.37.4-21.el9.x86_64                         40/84 
Test OLM installation	Arrange OLM test installation	2025-06-02T09:57:26.5690991Z #14 14.37   Verifying        : libverto-0.3.2-3.el9.x86_64                          41/84 
Test OLM installation	Arrange OLM test installation	2025-06-02T09:57:26.5691719Z #14 14.37   Verifying        : libxcrypt-4.4.18-3.el9.x86_64                        42/84 
Test OLM installation	Arrange OLM test installation	2025-06-02T09:57:26.5692442Z #14 14.37   Verifying        : libzstd-1.5.5-1.el9.x86_64                           43/84 
Test OLM installation	Arrange OLM test installation	2025-06-02T09:57:26.5693190Z #14 14.37   Verifying        : lksctp-tools-1.0.19-3.el9_4.x86_64                   44/84 
Test OLM installation	Arrange OLM test installation	2025-06-02T09:57:26.5693873Z #14 14.37   Verifying        : lua-libs-5.4.4-4.el9.x86_64                          45/84 
Test OLM installation	Arrange OLM test installation	2025-06-02T09:57:26.5694568Z #14 14.37   Verifying        : lz4-libs-1.9.3-5.el9.x86_64                          46/84 
Test OLM installation	Arrange OLM test installation	2025-06-02T09:57:26.5695228Z #14 14.37   Verifying        : mpfr-4.1.0-7.el9.x86_64                              47/84 
Test OLM installation	Arrange OLM test installation	2025-06-02T09:57:26.5695937Z #14 14.37   Verifying        : ncurses-base-6.2-10.20210508.el9.noarch              48/84 
Test OLM installation	Arrange OLM test installation	2025-06-02T09:57:26.5696668Z #14 14.37   Verifying        : ncurses-libs-6.2-10.20210508.el9.x86_64              49/84 
Test OLM installation	Arrange OLM test installation	2025-06-02T09:57:26.5697384Z #14 14.37   Verifying        : nettle-3.10.1-1.el9.x86_64                           50/84 
Test OLM installation	Arrange OLM test installation	2025-06-02T09:57:26.5698119Z #14 14.37   Verifying        : openssl-fips-provider-3.0.7-6.el9_5.x86_64           51/84 
Test OLM installation	Arrange OLM test installation	2025-06-02T09:57:26.5698932Z #14 14.37   Verifying        : openssl-fips-provider-so-3.0.7-6.el9_5.x86_64        52/84 
Test OLM installation	Arrange OLM test installation	2025-06-02T09:57:26.5699681Z #14 14.37   Verifying        : openssl-libs-1:3.2.2-6.el9_5.1.x86_64                53/84 
Test OLM installation	Arrange OLM test installation	2025-06-02T09:57:26.5700552Z #14 14.37   Verifying        : p11-kit-0.25.3-3.el9_5.x86_64                        54/84 
Test OLM installation	Arrange OLM test installation	2025-06-02T09:57:26.5701260Z #14 14.37   Verifying        : p11-kit-trust-0.25.3-3.el9_5.x86_64                  55/84 
Test OLM installation	Arrange OLM test installation	2025-06-02T09:57:26.5701977Z #14 14.37   Verifying        : pcre-8.44-4.el9.x86_64                               56/84 
Test OLM installation	Arrange OLM test installation	2025-06-02T09:57:26.5702674Z #14 14.37   Verifying        : pcre2-10.40-6.el9.x86_64                             57/84 
Test OLM installation	Arrange OLM test installation	2025-06-02T09:57:26.5703396Z #14 14.37   Verifying        : pcre2-syntax-10.40-6.el9.noarch                      58/84 
Test OLM installation	Arrange OLM test installation	2025-06-02T09:57:26.5704132Z #14 14.37   Verifying        : python3-3.9.21-2.el9.x86_64                          59/84 
Test OLM installation	Arrange OLM test installation	2025-06-02T09:57:26.5704878Z #14 14.37   Verifying        : python3-libs-3.9.21-2.el9.x86_64                     60/84 
Test OLM installation	Arrange OLM test installation	2025-06-02T09:57:26.5705861Z #14 14.37   Verifying        : python3-pip-wheel-21.3.1-1.el9.noarch                61/84 
Test OLM installation	Arrange OLM test installation	2025-06-02T09:57:26.5706653Z #14 14.37   Verifying        : python3-setuptools-wheel-53.0.0-13.el9.noarch        62/84 
Test OLM installation	Arrange OLM test installation	2025-06-02T09:57:26.5707410Z #14 14.37   Verifying        : readline-8.1-4.el9.x86_64                            63/84 
Test OLM installation	Arrange OLM test installation	2025-06-02T09:57:26.5708156Z #14 14.37   Verifying        : redhat-release-9.6-0.1.el9.x86_64                    64/84 
Test OLM installation	Arrange OLM test installation	2025-06-02T09:57:26.5708872Z #14 14.37   Verifying        : sed-4.8-9.el9.x86_64                                 65/84 
Test OLM installation	Arrange OLM test installation	2025-06-02T09:57:26.5709579Z #14 14.37   Verifying        : setup-2.13.7-10.el9.noarch                           66/84 
Test OLM installation	Arrange OLM test installation	2025-06-02T09:57:26.5710465Z #14 14.37   Verifying        : sqlite-libs-3.34.1-7.el9_3.x86_64                    67/84 
Test OLM installation	Arrange OLM test installation	2025-06-02T09:57:26.5711199Z #14 14.37   Verifying        : systemd-libs-252-51.el9.x86_64                       68/84 
Test OLM installation	Arrange OLM test installation	2025-06-02T09:57:26.5712134Z #14 14.37   Verifying        : tzdata-2025b-1.el9.noarch                            69/84 
Test OLM installation	Arrange OLM test installation	2025-06-02T09:57:26.5712844Z #14 14.37   Verifying        : xz-libs-5.2.5-8.el9_0.x86_64                         70/84 
Test OLM installation	Arrange OLM test installation	2025-06-02T09:57:26.5713533Z #14 14.37   Verifying        : zlib-1.2.11-40.el9.x86_64                            71/84 
Test OLM installation	Arrange OLM test installation	2025-06-02T09:57:26.5714242Z #14 14.37   Verifying        : copy-jdk-configs-4.0-3.el9.noarch                    72/84 
Test OLM installation	Arrange OLM test installation	2025-06-02T09:57:26.5714953Z #14 14.37   Verifying        : lua-5.4.4-4.el9.x86_64                               73/84 
Test OLM installation	Arrange OLM test installation	2025-06-02T09:57:26.5715668Z #14 14.37   Verifying        : lua-posix-35.0-8.el9.x86_64                          74/84 
Test OLM installation	Arrange OLM test installation	2025-06-02T09:57:26.5716399Z #14 14.37   Verifying        : alsa-lib-1.2.13-2.el9.x86_64                         75/84 
Test OLM installation	Arrange OLM test installation	2025-06-02T09:57:26.5717116Z #14 14.37   Verifying        : java-21-openjdk-headless-1:21.0.7.0.6-1.el9.x86_64   76/84 
Test OLM installation	Arrange OLM test installation	2025-06-02T09:57:26.5717877Z #14 14.37   Verifying        : javapackages-filesystem-6.4.0-1.el9.noarch           77/84 
Test OLM installation	Arrange OLM test installation	2025-06-02T09:57:26.5718620Z #14 14.37   Verifying        : nspr-4.35.0-17.el9_2.x86_64                          78/84 
Test OLM installation	Arrange OLM test installation	2025-06-02T09:57:26.5719303Z #14 14.37   Verifying        : nss-3.101.0-10.el9_2.x86_64                          79/84 
Test OLM installation	Arrange OLM test installation	2025-06-02T09:57:26.5720030Z #14 14.37   Verifying        : nss-softokn-3.101.0-10.el9_2.x86_64                  80/84 
Test OLM installation	Arrange OLM test installation	2025-06-02T09:57:26.5720940Z #14 14.37   Verifying        : nss-softokn-freebl-3.101.0-10.el9_2.x86_64           81/84 
Test OLM installation	Arrange OLM test installation	2025-06-02T09:57:26.5721683Z #14 14.37   Verifying        : nss-sysinit-3.101.0-10.el9_2.x86_64                  82/84 
Test OLM installation	Arrange OLM test installation	2025-06-02T09:57:26.5722386Z #14 14.37   Verifying        : nss-util-3.101.0-10.el9_2.x86_64                     83/84 
Test OLM installation	Arrange OLM test installation	2025-06-02T09:57:26.6046471Z #14 14.37   Verifying        : tzdata-java-2025b-1.el9.noarch                       84/84 
Test OLM installation	Arrange OLM test installation	2025-06-02T09:57:26.6047251Z #14 14.57 Installed products updated.
Test OLM installation	Arrange OLM test installation	2025-06-02T09:57:26.6047673Z #14 14.57 
Test OLM installation	Arrange OLM test installation	2025-06-02T09:57:26.6047977Z #14 14.57 Installed:
Test OLM installation	Arrange OLM test installation	2025-06-02T09:57:26.6048469Z #14 14.57   alsa-lib-1.2.13-2.el9.x86_64                                                  
Test OLM installation	Arrange OLM test installation	2025-06-02T09:57:26.6049210Z #14 14.57   alternatives-1.24-2.el9.x86_64                                                
Test OLM installation	Arrange OLM test installation	2025-06-02T09:57:26.6049968Z #14 14.57   avahi-libs-0.8-22.el9_6.x86_64                                                
Test OLM installation	Arrange OLM test installation	2025-06-02T09:57:26.6050867Z #14 14.57   basesystem-11-13.el9.noarch                                                   
Test OLM installation	Arrange OLM test installation	2025-06-02T09:57:26.6051624Z #14 14.57   bash-5.1.8-9.el9.x86_64                                                       
Test OLM installation	Arrange OLM test installation	2025-06-02T09:57:26.6052308Z #14 14.57   bzip2-libs-1.0.8-10.el9_5.x86_64                                              
Test OLM installation	Arrange OLM test installation	2025-06-02T09:57:26.6053080Z #14 14.57   ca-certificates-2024.2.69_v8.0.303-91.4.el9_4.noarch                          
Test OLM installation	Arrange OLM test installation	2025-06-02T09:57:26.6053904Z #14 14.57   copy-jdk-configs-4.0-3.el9.noarch                                             
Test OLM installation	Arrange OLM test installation	2025-06-02T09:57:26.6054704Z #14 14.57   coreutils-single-8.32-39.el9.x86_64                                           
Test OLM installation	Arrange OLM test installation	2025-06-02T09:57:26.6055872Z #14 14.57   crypto-policies-20250128-1.git5269e22.el9.noarch                              
Test OLM installation	Arrange OLM test installation	2025-06-02T09:57:26.6056814Z #14 14.57   crypto-policies-scripts-20250128-1.git5269e22.el9.noarch                      
Test OLM installation	Arrange OLM test installation	2025-06-02T09:57:26.6057651Z #14 14.57   cups-libs-1:2.3.3op2-33.el9.x86_64                                            
Test OLM installation	Arrange OLM test installation	2025-06-02T09:57:26.6058360Z #14 14.57   dbus-libs-1:1.12.20-8.el9.x86_64                                              
Test OLM installation	Arrange OLM test installation	2025-06-02T09:57:26.6059040Z #14 14.57   expat-2.5.0-5.el9_6.x86_64                                                    
Test OLM installation	Arrange OLM test installation	2025-06-02T09:57:26.6059735Z #14 14.57   filesystem-3.16-5.el9.x86_64                                                  
Test OLM installation	Arrange OLM test installation	2025-06-02T09:57:26.6060883Z #14 14.57   findutils-1:4.8.0-7.el9.x86_64                                                
Test OLM installation	Arrange OLM test installation	2025-06-02T09:57:26.6061588Z #14 14.57   gawk-5.1.0-6.el9.x86_64                                                       
Test OLM installation	Arrange OLM test installation	2025-06-02T09:57:26.6062522Z #14 14.57   gdbm-libs-1:1.23-1.el9.x86_64                                                 
Test OLM installation	Arrange OLM test installation	2025-06-02T09:57:26.6063223Z #14 14.57   glibc-2.34-168.el9_6.14.x86_64                                                
Test OLM installation	Arrange OLM test installation	2025-06-02T09:57:26.6063948Z #14 14.57   glibc-common-2.34-168.el9_6.14.x86_64                                         
Test OLM installation	Arrange OLM test installation	2025-06-02T09:57:26.6064725Z #14 14.57   glibc-langpack-en-2.34-168.el9_6.14.x86_64                                    
Test OLM installation	Arrange OLM test installation	2025-06-02T09:57:26.6065461Z #14 14.57   gmp-1:6.2.0-13.el9.x86_64                                                     
Test OLM installation	Arrange OLM test installation	2025-06-02T09:57:26.6066131Z #14 14.57   gnutls-3.8.3-6.el9.x86_64                                                     
Test OLM installation	Arrange OLM test installation	2025-06-02T09:57:26.6066799Z #14 14.57   grep-3.6-5.el9.x86_64                                                         
Test OLM installation	Arrange OLM test installation	2025-06-02T09:57:26.6067554Z #14 14.57   java-21-openjdk-headless-1:21.0.7.0.6-1.el9.x86_64                            
Test OLM installation	Arrange OLM test installation	2025-06-02T09:57:26.6068439Z #14 14.57   javapackages-filesystem-6.4.0-1.el9.noarch                                    
Test OLM installation	Arrange OLM test installation	2025-06-02T09:57:26.6069311Z #14 14.57   keyutils-libs-1.6.3-1.el9.x86_64                                              
Test OLM installation	Arrange OLM test installation	2025-06-02T09:57:26.6070054Z #14 14.57   krb5-libs-1.21.1-6.el9.x86_64                                                 
Test OLM installation	Arrange OLM test installation	2025-06-02T09:57:26.6070899Z #14 14.57   libacl-2.3.1-4.el9.x86_64                                                     
Test OLM installation	Arrange OLM test installation	2025-06-02T09:57:26.6071715Z #14 14.57   libattr-2.5.1-3.el9.x86_64                                                    
Test OLM installation	Arrange OLM test installation	2025-06-02T09:57:26.6072417Z #14 14.57   libcap-2.48-9.el9_2.x86_64                                                    
Test OLM installation	Arrange OLM test installation	2025-06-02T09:57:26.6073128Z #14 14.57   libcom_err-1.46.5-7.el9.x86_64                                                
Test OLM installation	Arrange OLM test installation	2025-06-02T09:57:26.6073854Z #14 14.57   libevent-2.1.12-8.el9_4.x86_64                                                
Test OLM installation	Arrange OLM test installation	2025-06-02T09:57:26.6074565Z #14 14.57   libffi-3.4.2-8.el9.x86_64                                                     
Test OLM installation	Arrange OLM test installation	2025-06-02T09:57:26.6075281Z #14 14.57   libgcc-11.5.0-5.el9_5.x86_64                                                  
Test OLM installation	Arrange OLM test installation	2025-06-02T09:57:26.6076011Z #14 14.57   libgcrypt-1.10.0-11.el9.x86_64                                                
Test OLM installation	Arrange OLM test installation	2025-06-02T09:57:26.6076757Z #14 14.57   libgpg-error-1.42-5.el9.x86_64                                                
Test OLM installation	Arrange OLM test installation	2025-06-02T09:57:26.6077493Z #14 14.57   libidn2-2.3.0-7.el9.x86_64                                                    
Test OLM installation	Arrange OLM test installation	2025-06-02T09:57:26.6078217Z #14 14.57   libselinux-3.6-3.el9.x86_64                                                   
Test OLM installation	Arrange OLM test installation	2025-06-02T09:57:26.6078981Z #14 14.57   libsepol-3.6-2.el9.x86_64                                                     
Test OLM installation	Arrange OLM test installation	2025-06-02T09:57:26.6079711Z #14 14.57   libsigsegv-2.13-4.el9.x86_64                                                  
Test OLM installation	Arrange OLM test installation	2025-06-02T09:57:26.6080613Z #14 14.57   libtasn1-4.16.0-9.el9.x86_64                                                  
Test OLM installation	Arrange OLM test installation	2025-06-02T09:57:26.6081371Z #14 14.57   libunistring-0.9.10-15.el9.x86_64                                             
Test OLM installation	Arrange OLM test installation	2025-06-02T09:57:26.6082241Z #14 14.57   libuuid-2.37.4-21.el9.x86_64                                                  
Test OLM installation	Arrange OLM test installation	2025-06-02T09:57:26.6084158Z #14 14.57   libverto-0.3.2-3.el9.x86_64                                                   
Test OLM installation	Arrange OLM test installation	2025-06-02T09:57:26.6084922Z #14 14.57   libxcrypt-4.4.18-3.el9.x86_64                                                 
Test OLM installation	Arrange OLM test installation	2025-06-02T09:57:26.6085637Z #14 14.57   libzstd-1.5.5-1.el9.x86_64                                                    
Test OLM installation	Arrange OLM test installation	2025-06-02T09:57:26.6086349Z #14 14.57   lksctp-tools-1.0.19-3.el9_4.x86_64                                            
Test OLM installation	Arrange OLM test installation	2025-06-02T09:57:26.6087046Z #14 14.57   lua-5.4.4-4.el9.x86_64                                                        
Test OLM installation	Arrange OLM test installation	2025-06-02T09:57:26.6087775Z #14 14.57   lua-libs-5.4.4-4.el9.x86_64                                                   
Test OLM installation	Arrange OLM test installation	2025-06-02T09:57:26.6090584Z #14 14.57   lua-posix-35.0-8.el9.x86_64                                                   
Test OLM installation	Arrange OLM test installation	2025-06-02T09:57:26.6091591Z #14 14.57   lz4-libs-1.9.3-5.el9.x86_64                                                   
Test OLM installation	Arrange OLM test installation	2025-06-02T09:57:26.6092275Z #14 14.57   mpfr-4.1.0-7.el9.x86_64                                                       
Test OLM installation	Arrange OLM test installation	2025-06-02T09:57:26.6093057Z #14 14.57   ncurses-base-6.2-10.20210508.el9.noarch                                       
Test OLM installation	Arrange OLM test installation	2025-06-02T09:57:26.6093895Z #14 14.57   ncurses-libs-6.2-10.20210508.el9.x86_64                                       
Test OLM installation	Arrange OLM test installation	2025-06-02T09:57:26.6094643Z #14 14.57   nettle-3.10.1-1.el9.x86_64                                                    
Test OLM installation	Arrange OLM test installation	2025-06-02T09:57:26.6095343Z #14 14.57   nspr-4.35.0-17.el9_2.x86_64                                                   
Test OLM installation	Arrange OLM test installation	2025-06-02T09:57:26.6095994Z #14 14.57   nss-3.101.0-10.el9_2.x86_64                                                   
Test OLM installation	Arrange OLM test installation	2025-06-02T09:57:26.6096686Z #14 14.57   nss-softokn-3.101.0-10.el9_2.x86_64                                           
Test OLM installation	Arrange OLM test installation	2025-06-02T09:57:26.6097464Z #14 14.57   nss-softokn-freebl-3.101.0-10.el9_2.x86_64                                    
Test OLM installation	Arrange OLM test installation	2025-06-02T09:57:26.6098269Z #14 14.57   nss-sysinit-3.101.0-10.el9_2.x86_64                                           
Test OLM installation	Arrange OLM test installation	2025-06-02T09:57:26.6098997Z #14 14.57   nss-util-3.101.0-10.el9_2.x86_64                                              
Test OLM installation	Arrange OLM test installation	2025-06-02T09:57:26.6099778Z #14 14.57   openssl-fips-provider-3.0.7-6.el9_5.x86_64                                    
Test OLM installation	Arrange OLM test installation	2025-06-02T09:57:26.6103565Z #14 14.57   openssl-fips-provider-so-3.0.7-6.el9_5.x86_64                                 
Test OLM installation	Arrange OLM test installation	2025-06-02T09:57:26.6104401Z #14 14.57   openssl-libs-1:3.2.2-6.el9_5.1.x86_64                                         
Test OLM installation	Arrange OLM test installation	2025-06-02T09:57:26.6105142Z #14 14.57   p11-kit-0.25.3-3.el9_5.x86_64                                                 
Test OLM installation	Arrange OLM test installation	2025-06-02T09:57:26.6105879Z #14 14.57   p11-kit-trust-0.25.3-3.el9_5.x86_64                                           
Test OLM installation	Arrange OLM test installation	2025-06-02T09:57:26.6106564Z #14 14.57   pcre-8.44-4.el9.x86_64                                                        
Test OLM installation	Arrange OLM test installation	2025-06-02T09:57:26.6107273Z #14 14.57   pcre2-10.40-6.el9.x86_64                                                      
Test OLM installation	Arrange OLM test installation	2025-06-02T09:57:26.6107993Z #14 14.57   pcre2-syntax-10.40-6.el9.noarch                                               
Test OLM installation	Arrange OLM test installation	2025-06-02T09:57:26.6108708Z #14 14.57   python3-3.9.21-2.el9.x86_64                                                   
Test OLM installation	Arrange OLM test installation	2025-06-02T09:57:26.6109418Z #14 14.57   python3-libs-3.9.21-2.el9.x86_64                                              
Test OLM installation	Arrange OLM test installation	2025-06-02T09:57:26.6110365Z #14 14.57   python3-pip-wheel-21.3.1-1.el9.noarch                                         
Test OLM installation	Arrange OLM test installation	2025-06-02T09:57:26.6111282Z #14 14.57   python3-setuptools-wheel-53.0.0-13.el9.noarch                                 
Test OLM installation	Arrange OLM test installation	2025-06-02T09:57:26.6112232Z #14 14.57   readline-8.1-4.el9.x86_64                                                     
Test OLM installation	Arrange OLM test installation	2025-06-02T09:57:26.6113004Z #14 14.57   redhat-release-9.6-0.1.el9.x86_64                                             
Test OLM installation	Arrange OLM test installation	2025-06-02T09:57:26.6113679Z #14 14.57   sed-4.8-9.el9.x86_64                                                          
Test OLM installation	Arrange OLM test installation	2025-06-02T09:57:26.6114594Z #14 14.57   setup-2.13.7-10.el9.noarch                                                    
Test OLM installation	Arrange OLM test installation	2025-06-02T09:57:26.6115352Z #14 14.57   sqlite-libs-3.34.1-7.el9_3.x86_64                                             
Test OLM installation	Arrange OLM test installation	2025-06-02T09:57:26.6116129Z #14 14.57   systemd-libs-252-51.el9.x86_64                                                
Test OLM installation	Arrange OLM test installation	2025-06-02T09:57:26.6116909Z #14 14.57   tzdata-2025b-1.el9.noarch                                                     
Test OLM installation	Arrange OLM test installation	2025-06-02T09:57:26.6117689Z #14 14.57   tzdata-java-2025b-1.el9.noarch                                                
Test OLM installation	Arrange OLM test installation	2025-06-02T09:57:26.6118451Z #14 14.57   xz-libs-5.2.5-8.el9_0.x86_64                                                  
Test OLM installation	Arrange OLM test installation	2025-06-02T09:57:26.6119147Z #14 14.57   zlib-1.2.11-40.el9.x86_64                                                     
Test OLM installation	Arrange OLM test installation	2025-06-02T09:57:26.6119680Z #14 14.57 
Test OLM installation	Arrange OLM test installation	2025-06-02T09:57:26.6119985Z #14 14.57 Complete!
Test OLM installation	Arrange OLM test installation	2025-06-02T09:57:26.7661335Z #14 14.73 + dnf --installroot /tmp/null/rootfs clean all
Test OLM installation	Arrange OLM test installation	2025-06-02T09:57:27.0091648Z #14 14.97 Updating Subscription Management repositories.
Test OLM installation	Arrange OLM test installation	2025-06-02T09:57:27.2130563Z #14 14.97 Unable to read consumer identity
Test OLM installation	Arrange OLM test installation	2025-06-02T09:57:27.2131037Z #14 14.98 
Test OLM installation	Arrange OLM test installation	2025-06-02T09:57:27.2131464Z #14 14.98 This system is not registered with an entitlement server. You can use subscription-manager to register.
Test OLM installation	Arrange OLM test installation	2025-06-02T09:57:27.2131918Z #14 14.98 
Test OLM installation	Arrange OLM test installation	2025-06-02T09:57:27.2132103Z #14 14.98 26 files removed
Test OLM installation	Arrange OLM test installation	2025-06-02T09:57:27.2133050Z #14 15.02 + rm -rf /tmp/null/rootfs/var/cache/bpf /tmp/null/rootfs/var/cache/dnf /tmp/null/rootfs/var/cache/ldconfig /tmp/null/rootfs/var/log/dnf.librepo.log /tmp/null/rootfs/var/log/dnf.log /tmp/null/rootfs/var/log/dnf.rpm.log '/tmp/null/rootfs/var/log/yum.*'
Test OLM installation	Arrange OLM test installation	2025-06-02T09:57:27.2134043Z #14 15.03 ==> Building dependency tree
Test OLM installation	Arrange OLM test installation	2025-06-02T09:57:27.4618841Z #14 15.43 ==> 42 packages to erase:
Test OLM installation	Arrange OLM test installation	2025-06-02T09:57:27.6170007Z #14 15.43 alsa-lib
Test OLM installation	Arrange OLM test installation	2025-06-02T09:57:27.6170574Z #14 15.43 avahi-libs
Test OLM installation	Arrange OLM test installation	2025-06-02T09:57:27.6170950Z #14 15.43 bzip2-libs
Test OLM installation	Arrange OLM test installation	2025-06-02T09:57:27.6171303Z #14 15.43 copy-jdk-configs
Test OLM installation	Arrange OLM test installation	2025-06-02T09:57:27.6171658Z #14 15.43 cups-libs
Test OLM installation	Arrange OLM test installation	2025-06-02T09:57:27.6171956Z #14 15.43 dbus-libs
Test OLM installation	Arrange OLM test installation	2025-06-02T09:57:27.6172151Z #14 15.43 expat
Test OLM installation	Arrange OLM test installation	2025-06-02T09:57:27.6172335Z #14 15.43 gawk
Test OLM installation	Arrange OLM test installation	2025-06-02T09:57:27.6172517Z #14 15.43 gdbm-libs
Test OLM installation	Arrange OLM test installation	2025-06-02T09:57:27.6172711Z #14 15.43 gmp
Test OLM installation	Arrange OLM test installation	2025-06-02T09:57:27.6172890Z #14 15.43 gnutls
Test OLM installation	Arrange OLM test installation	2025-06-02T09:57:27.6173084Z #14 15.43 gpg-pubkey
Test OLM installation	Arrange OLM test installation	2025-06-02T09:57:27.6173291Z #14 15.43 keyutils-libs
Test OLM installation	Arrange OLM test installation	2025-06-02T09:57:27.6173494Z #14 15.43 krb5-libs
Test OLM installation	Arrange OLM test installation	2025-06-02T09:57:27.6173689Z #14 15.43 libcom_err
Test OLM installation	Arrange OLM test installation	2025-06-02T09:57:27.6173893Z #14 15.43 libevent
Test OLM installation	Arrange OLM test installation	2025-06-02T09:57:27.6174086Z #14 15.43 libffi
Test OLM installation	Arrange OLM test installation	2025-06-02T09:57:27.6174290Z #14 15.43 libgcrypt
Test OLM installation	Arrange OLM test installation	2025-06-02T09:57:27.6174494Z #14 15.43 libgpg-error
Test OLM installation	Arrange OLM test installation	2025-06-02T09:57:27.6174707Z #14 15.43 libidn2
Test OLM installation	Arrange OLM test installation	2025-06-02T09:57:27.6174906Z #14 15.43 libunistring
Test OLM installation	Arrange OLM test installation	2025-06-02T09:57:27.6175111Z #14 15.43 libuuid
Test OLM installation	Arrange OLM test installation	2025-06-02T09:57:27.6175304Z #14 15.43 libverto
Test OLM installation	Arrange OLM test installation	2025-06-02T09:57:27.6175501Z #14 15.43 libxcrypt
Test OLM installation	Arrange OLM test installation	2025-06-02T09:57:27.6175704Z #14 15.43 libzstd
Test OLM installation	Arrange OLM test installation	2025-06-02T09:57:27.6175906Z #14 15.43 lua
Test OLM installation	Arrange OLM test installation	2025-06-02T09:57:27.6176219Z #14 15.43 lua-libs
Test OLM installation	Arrange OLM test installation	2025-06-02T09:57:27.6176529Z #14 15.43 lua-posix
Test OLM installation	Arrange OLM test installation	2025-06-02T09:57:27.6176778Z #14 15.43 lz4-libs
Test OLM installation	Arrange OLM test installation	2025-06-02T09:57:27.6176972Z #14 15.43 mpfr
Test OLM installation	Arrange OLM test installation	2025-06-02T09:57:27.6177160Z #14 15.43 nettle
Test OLM installation	Arrange OLM test installation	2025-06-02T09:57:27.6177376Z #14 15.43 openssl-fips-provider
Test OLM installation	Arrange OLM test installation	2025-06-02T09:57:27.6177647Z #14 15.43 openssl-fips-provider-so
Test OLM installation	Arrange OLM test installation	2025-06-02T09:57:27.6177910Z #14 15.43 openssl-libs
Test OLM installation	Arrange OLM test installation	2025-06-02T09:57:27.6178119Z #14 15.43 p11-kit
Test OLM installation	Arrange OLM test installation	2025-06-02T09:57:27.6178317Z #14 15.43 python3
Test OLM installation	Arrange OLM test installation	2025-06-02T09:57:27.6178519Z #14 15.43 python3-libs
Test OLM installation	Arrange OLM test installation	2025-06-02T09:57:27.6178740Z #14 15.43 python3-pip-wheel
Test OLM installation	Arrange OLM test installation	2025-06-02T09:57:27.6178993Z #14 15.43 python3-setuptools-wheel
Test OLM installation	Arrange OLM test installation	2025-06-02T09:57:27.6179251Z #14 15.43 readline
Test OLM installation	Arrange OLM test installation	2025-06-02T09:57:27.6179455Z #14 15.43 systemd-libs
Test OLM installation	Arrange OLM test installation	2025-06-02T09:57:27.6179663Z #14 15.43 xz-libs
Test OLM installation	Arrange OLM test installation	2025-06-02T09:57:27.6179871Z #14 15.43 ==> 43 packages to keep:
Test OLM installation	Arrange OLM test installation	2025-06-02T09:57:27.6180125Z #14 15.43 alternatives
Test OLM installation	Arrange OLM test installation	2025-06-02T09:57:27.6180974Z #14 15.43 basesystem
Test OLM installation	Arrange OLM test installation	2025-06-02T09:57:27.6181188Z #14 15.43 bash
Test OLM installation	Arrange OLM test installation	2025-06-02T09:57:27.6181394Z #14 15.43 ca-certificates
Test OLM installation	Arrange OLM test installation	2025-06-02T09:57:27.6181641Z #14 15.43 coreutils-single
Test OLM installation	Arrange OLM test installation	2025-06-02T09:57:27.6181878Z #14 15.43 crypto-policies
Test OLM installation	Arrange OLM test installation	2025-06-02T09:57:27.6182120Z #14 15.43 crypto-policies-scripts
Test OLM installation	Arrange OLM test installation	2025-06-02T09:57:27.6182380Z #14 15.43 filesystem
Test OLM installation	Arrange OLM test installation	2025-06-02T09:57:27.6182586Z #14 15.43 findutils
Test OLM installation	Arrange OLM test installation	2025-06-02T09:57:27.6182782Z #14 15.43 glibc
Test OLM installation	Arrange OLM test installation	2025-06-02T09:57:27.6182975Z #14 15.43 glibc-common
Test OLM installation	Arrange OLM test installation	2025-06-02T09:57:27.6183197Z #14 15.43 glibc-langpack-en
Test OLM installation	Arrange OLM test installation	2025-06-02T09:57:27.6183426Z #14 15.43 grep
Test OLM installation	Arrange OLM test installation	2025-06-02T09:57:27.6183636Z #14 15.43 java-21-openjdk-headless
Test OLM installation	Arrange OLM test installation	2025-06-02T09:57:27.6183920Z #14 15.43 javapackages-filesystem
Test OLM installation	Arrange OLM test installation	2025-06-02T09:57:27.6184167Z #14 15.43 libacl
Test OLM installation	Arrange OLM test installation	2025-06-02T09:57:27.6184361Z #14 15.43 libattr
Test OLM installation	Arrange OLM test installation	2025-06-02T09:57:27.6184555Z #14 15.43 libcap
Test OLM installation	Arrange OLM test installation	2025-06-02T09:57:27.6184745Z #14 15.43 libgcc
Test OLM installation	Arrange OLM test installation	2025-06-02T09:57:27.6184937Z #14 15.43 libselinux
Test OLM installation	Arrange OLM test installation	2025-06-02T09:57:27.6185283Z #14 15.43 libsepol
Test OLM installation	Arrange OLM test installation	2025-06-02T09:57:27.6185467Z #14 15.43 libsigsegv
Test OLM installation	Arrange OLM test installation	2025-06-02T09:57:27.6185644Z #14 15.43 libtasn1
Test OLM installation	Arrange OLM test installation	2025-06-02T09:57:27.6185824Z #14 15.43 lksctp-tools
Test OLM installation	Arrange OLM test installation	2025-06-02T09:57:27.6186012Z #14 15.43 ncurses-base
Test OLM installation	Arrange OLM test installation	2025-06-02T09:57:27.6186197Z #14 15.43 ncurses-libs
Test OLM installation	Arrange OLM test installation	2025-06-02T09:57:27.6186378Z #14 15.43 nspr
Test OLM installation	Arrange OLM test installation	2025-06-02T09:57:27.6186550Z #14 15.43 nss
Test OLM installation	Arrange OLM test installation	2025-06-02T09:57:27.6186721Z #14 15.43 nss-softokn
Test OLM installation	Arrange OLM test installation	2025-06-02T09:57:27.6186920Z #14 15.43 nss-softokn-freebl
Test OLM installation	Arrange OLM test installation	2025-06-02T09:57:27.6187131Z #14 15.43 nss-sysinit
Test OLM installation	Arrange OLM test installation	2025-06-02T09:57:27.6187315Z #14 15.43 nss-util
Test OLM installation	Arrange OLM test installation	2025-06-02T09:57:27.6187495Z #14 15.43 p11-kit-trust
Test OLM installation	Arrange OLM test installation	2025-06-02T09:57:27.6187687Z #14 15.43 pcre
Test OLM installation	Arrange OLM test installation	2025-06-02T09:57:27.6187862Z #14 15.43 pcre2
Test OLM installation	Arrange OLM test installation	2025-06-02T09:57:27.6188044Z #14 15.43 pcre2-syntax
Test OLM installation	Arrange OLM test installation	2025-06-02T09:57:27.6188238Z #14 15.43 redhat-release
Test OLM installation	Arrange OLM test installation	2025-06-02T09:57:27.6188434Z #14 15.43 sed
Test OLM installation	Arrange OLM test installation	2025-06-02T09:57:27.6188603Z #14 15.43 setup
Test OLM installation	Arrange OLM test installation	2025-06-02T09:57:27.6188772Z #14 15.43 sqlite-libs
Test OLM installation	Arrange OLM test installation	2025-06-02T09:57:27.6188958Z #14 15.43 tzdata
Test OLM installation	Arrange OLM test installation	2025-06-02T09:57:27.6189146Z #14 15.43 tzdata-java
Test OLM installation	Arrange OLM test installation	2025-06-02T09:57:27.6189326Z #14 15.43 zlib
Test OLM installation	Arrange OLM test installation	2025-06-02T09:57:27.6189495Z #14 15.43 
Test OLM installation	Arrange OLM test installation	2025-06-02T09:57:27.6189670Z #14 15.43 ==> Erasing packages
Test OLM installation	Arrange OLM test installation	2025-06-02T09:57:27.6189992Z #14 15.43 + xargs rpm -r /tmp/null/rootfs --erase --nodeps --allmatches
Test OLM installation	Arrange OLM test installation	2025-06-02T09:57:27.7729749Z #14 15.74 
Test OLM installation	Arrange OLM test installation	2025-06-02T09:57:27.7730177Z #14 15.74 ==> Packages erased ok!
Test OLM installation	Arrange OLM test installation	2025-06-02T09:57:27.9490175Z #14 DONE 15.8s
Test OLM installation	Arrange OLM test installation	2025-06-02T09:57:29.2679694Z 
Test OLM installation	Arrange OLM test installation	2025-06-02T09:57:29.2680627Z #15 [stage-1 2/4] COPY --from=ubi-micro-build /tmp/null/rootfs/ /
Test OLM installation	Arrange OLM test installation	2025-06-02T09:57:30.4609655Z #15 DONE 1.2s
Test OLM installation	Arrange OLM test installation	2025-06-02T09:57:30.6126583Z 
Test OLM installation	Arrange OLM test installation	2025-06-02T09:57:30.6127406Z #16 [stage-1 3/4] COPY --from=ubi-micro-build --chown=1000:0 /opt/keycloak /opt/keycloak
Test OLM installation	Arrange OLM test installation	2025-06-02T09:57:30.9164600Z #16 DONE 0.5s
Test OLM installation	Arrange OLM test installation	2025-06-02T09:57:31.0196519Z 
Test OLM installation	Arrange OLM test installation	2025-06-02T09:57:31.0197705Z #17 [stage-1 4/4] RUN echo "keycloak:x:0:root" >> /etc/group &&     echo "keycloak:x:1000:0:keycloak user:/opt/keycloak:/sbin/nologin" >> /etc/passwd
Test OLM installation	Arrange OLM test installation	2025-06-02T09:57:31.0198659Z #17 DONE 0.1s
Test OLM installation	Arrange OLM test installation	2025-06-02T09:57:31.1713877Z 
Test OLM installation	Arrange OLM test installation	2025-06-02T09:57:31.1714761Z #18 exporting to image
Test OLM installation	Arrange OLM test installation	2025-06-02T09:57:31.1715377Z #18 exporting layers
Test OLM installation	Arrange OLM test installation	2025-06-02T09:57:32.4691192Z #18 exporting layers 1.4s done
Test OLM installation	Arrange OLM test installation	2025-06-02T09:57:32.4875595Z #18 writing image sha256:5a7f1528f7f4fc7f4625b1d7d858e03670311d1b0c352d4049ed2e1d4dc02b3f done
Test OLM installation	Arrange OLM test installation	2025-06-02T09:57:32.4876540Z #18 naming to ttl.sh/ce0f80keycloak:86400000.0.0 done
Test OLM installation	Arrange OLM test installation	2025-06-02T09:57:32.4877253Z #18 DONE 1.5s
Test OLM installation	Arrange OLM test installation	2025-06-02T09:57:32.4925736Z + docker push ttl.sh/ce0f80keycloak:86400000.0.0
Test OLM installation	Arrange OLM test installation	2025-06-02T09:57:32.6662923Z The push refers to repository [ttl.sh/ce0f80keycloak]
Test OLM installation	Arrange OLM test installation	2025-06-02T09:57:32.8063430Z fdd0f6aa4765: Preparing
Test OLM installation	Arrange OLM test installation	2025-06-02T09:57:32.8063930Z 24565c5eb1ac: Preparing
Test OLM installation	Arrange OLM test installation	2025-06-02T09:57:32.8064297Z 5922516da580: Preparing
Test OLM installation	Arrange OLM test installation	2025-06-02T09:57:32.8064656Z ef3cb51dff21: Preparing
Test OLM installation	Arrange OLM test installation	2025-06-02T09:57:36.0557544Z fdd0f6aa4765: Pushed
Test OLM installation	Arrange OLM test installation	2025-06-02T09:57:41.7990767Z ef3cb51dff21: Pushed
Test OLM installation	Arrange OLM test installation	2025-06-02T09:59:03.5787788Z error parsing HTTP 499 response body: invalid character '<' looking for beginning of value: "<!DOCTYPE html>\n<html>\n  <head>\n    <meta name=\"viewport\" content=\"width=device-width, initial-scale=1\">\n    <meta charset=\"utf-8\">\n    <title>Application Error</title>\n    <style media=\"screen\">\n      html,body,iframe {\n        margin: 0;\n        padding: 0;\n      }\n\n      html,body {\n        height: 100%;\n        overflow: hidden;\n      }\n\n      iframe {\n        width: 100%;\n        height: 100%;\n        border: 0;\n      }\n    </style>\n  </head>\n  <body>\n    <iframe src=\"https://www.herokucdn.com/error-pages/application-error.html\"></iframe>\n  </body>\n</html>"
Test OLM installation	Arrange OLM test installation	2025-06-02T09:59:03.5817225Z ##[error]Process completed with exit code 1.
Status Check - Keycloak Operator CI	Run /./.github/actions/status-check	2025-06-02T10:22:35.8824020Z Prepare all required actions
Status Check - Keycloak Operator CI	Run /./.github/actions/status-check	2025-06-02T10:22:35.8980581Z ##[group]Run ./.github/actions/status-check
Status Check - Keycloak Operator CI	Run /./.github/actions/status-check	2025-06-02T10:22:35.8980944Z with:
Status Check - Keycloak Operator CI	Run /./.github/actions/status-check	2025-06-02T10:22:35.8981794Z   jobs: {
Status Check - Keycloak Operator CI	Run /./.github/actions/status-check	  "conditional": {
Status Check - Keycloak Operator CI	Run /./.github/actions/status-check	    "result": "success",
Status Check - Keycloak Operator CI	Run /./.github/actions/status-check	    "outputs": {
Status Check - Keycloak Operator CI	Run /./.github/actions/status-check	      "operator": "true"
Status Check - Keycloak Operator CI	Run /./.github/actions/status-check	    }
Status Check - Keycloak Operator CI	Run /./.github/actions/status-check	  },
Status Check - Keycloak Operator CI	Run /./.github/actions/status-check	  "build": {
Status Check - Keycloak Operator CI	Run /./.github/actions/status-check	    "result": "success",
Status Check - Keycloak Operator CI	Run /./.github/actions/status-check	    "outputs": {}
Status Check - Keycloak Operator CI	Run /./.github/actions/status-check	  },
Status Check - Keycloak Operator CI	Run /./.github/actions/status-check	  "test-local-apiserver": {
Status Check - Keycloak Operator CI	Run /./.github/actions/status-check	    "result": "success",
Status Check - Keycloak Operator CI	Run /./.github/actions/status-check	    "outputs": {}
Status Check - Keycloak Operator CI	Run /./.github/actions/status-check	  },
Status Check - Keycloak Operator CI	Run /./.github/actions/status-check	  "test-remote": {
Status Check - Keycloak Operator CI	Run /./.github/actions/status-check	    "result": "success",
Status Check - Keycloak Operator CI	Run /./.github/actions/status-check	    "outputs": {}
Status Check - Keycloak Operator CI	Run /./.github/actions/status-check	  },
Status Check - Keycloak Operator CI	Run /./.github/actions/status-check	  "test-olm": {
Status Check - Keycloak Operator CI	Run /./.github/actions/status-check	    "result": "failure",
Status Check - Keycloak Operator CI	Run /./.github/actions/status-check	    "outputs": {}
Status Check - Keycloak Operator CI	Run /./.github/actions/status-check	  }
Status Check - Keycloak Operator CI	Run /./.github/actions/status-check	}
Status Check - Keycloak Operator CI	Run /./.github/actions/status-check	2025-06-02T10:22:35.8982732Z env:
Status Check - Keycloak Operator CI	Run /./.github/actions/status-check	2025-06-02T10:22:35.8983039Z   MAVEN_ARGS: -B -nsu -Daether.connector.http.connectionMaxTtl=25
Status Check - Keycloak Operator CI	Run /./.github/actions/status-check	2025-06-02T10:22:35.8983442Z   MINIKUBE_VERSION: v1.32.0
Status Check - Keycloak Operator CI	Run /./.github/actions/status-check	2025-06-02T10:22:35.8983723Z   KUBERNETES_VERSION: v1.27.10
Status Check - Keycloak Operator CI	Run /./.github/actions/status-check	2025-06-02T10:22:35.8983990Z   MINIKUBE_MEMORY: 4096
Status Check - Keycloak Operator CI	Run /./.github/actions/status-check	2025-06-02T10:22:35.8984226Z ##[endgroup]
Status Check - Keycloak Operator CI	Run /./.github/actions/status-check	2025-06-02T10:22:35.9087045Z ##[group]Run JOBS='{
Status Check - Keycloak Operator CI	Run /./.github/actions/status-check	2025-06-02T10:22:35.9087410Z [36;1mJOBS='{[0m
Status Check - Keycloak Operator CI	Run /./.github/actions/status-check	2025-06-02T10:22:35.9087663Z [36;1m  "conditional": {[0m
Status Check - Keycloak Operator CI	Run /./.github/actions/status-check	2025-06-02T10:22:35.9087999Z [36;1m    "result": "success",[0m
Status Check - Keycloak Operator CI	Run /./.github/actions/status-check	2025-06-02T10:22:35.9088280Z [36;1m    "outputs": {[0m
Status Check - Keycloak Operator CI	Run /./.github/actions/status-check	2025-06-02T10:22:35.9088553Z [36;1m      "operator": "true"[0m
Status Check - Keycloak Operator CI	Run /./.github/actions/status-check	2025-06-02T10:22:35.9088820Z [36;1m    }[0m
Status Check - Keycloak Operator CI	Run /./.github/actions/status-check	2025-06-02T10:22:35.9089041Z [36;1m  },[0m
Status Check - Keycloak Operator CI	Run /./.github/actions/status-check	2025-06-02T10:22:35.9089263Z [36;1m  "build": {[0m
Status Check - Keycloak Operator CI	Run /./.github/actions/status-check	2025-06-02T10:22:35.9089826Z [36;1m    "result": "success",[0m
Status Check - Keycloak Operator CI	Run /./.github/actions/status-check	2025-06-02T10:22:35.9090109Z [36;1m    "outputs": {}[0m
Status Check - Keycloak Operator CI	Run /./.github/actions/status-check	2025-06-02T10:22:35.9090358Z [36;1m  },[0m
Status Check - Keycloak Operator CI	Run /./.github/actions/status-check	2025-06-02T10:22:35.9090600Z [36;1m  "test-local-apiserver": {[0m
Status Check - Keycloak Operator CI	Run /./.github/actions/status-check	2025-06-02T10:22:35.9090909Z [36;1m    "result": "success",[0m
Status Check - Keycloak Operator CI	Run /./.github/actions/status-check	2025-06-02T10:22:35.9091245Z [36;1m    "outputs": {}[0m
Status Check - Keycloak Operator CI	Run /./.github/actions/status-check	2025-06-02T10:22:35.9091494Z [36;1m  },[0m
Status Check - Keycloak Operator CI	Run /./.github/actions/status-check	2025-06-02T10:22:35.9091724Z [36;1m  "test-remote": {[0m
Status Check - Keycloak Operator CI	Run /./.github/actions/status-check	2025-06-02T10:22:35.9091992Z [36;1m    "result": "success",[0m
Status Check - Keycloak Operator CI	Run /./.github/actions/status-check	2025-06-02T10:22:35.9092256Z [36;1m    "outputs": {}[0m
Status Check - Keycloak Operator CI	Run /./.github/actions/status-check	2025-06-02T10:22:35.9092490Z [36;1m  },[0m
Status Check - Keycloak Operator CI	Run /./.github/actions/status-check	2025-06-02T10:22:35.9092712Z [36;1m  "test-olm": {[0m
Status Check - Keycloak Operator CI	Run /./.github/actions/status-check	2025-06-02T10:22:35.9092985Z [36;1m    "result": "failure",[0m
Status Check - Keycloak Operator CI	Run /./.github/actions/status-check	2025-06-02T10:22:35.9093248Z [36;1m    "outputs": {}[0m
Status Check - Keycloak Operator CI	Run /./.github/actions/status-check	2025-06-02T10:22:35.9093488Z [36;1m  }[0m
Status Check - Keycloak Operator CI	Run /./.github/actions/status-check	2025-06-02T10:22:35.9093697Z [36;1m}'[0m
Status Check - Keycloak Operator CI	Run /./.github/actions/status-check	2025-06-02T10:22:35.9093922Z [36;1m[0m
Status Check - Keycloak Operator CI	Run /./.github/actions/status-check	2025-06-02T10:22:35.9094146Z [36;1mecho "Job status:"[0m
Status Check - Keycloak Operator CI	Run /./.github/actions/status-check	2025-06-02T10:22:35.9094537Z [36;1mecho $JOBS | jq -r 'to_entries[] | " - \(.key): \(.value.result)"'[0m
Status Check - Keycloak Operator CI	Run /./.github/actions/status-check	2025-06-02T10:22:35.9094903Z [36;1m[0m
Status Check - Keycloak Operator CI	Run /./.github/actions/status-check	2025-06-02T10:22:35.9095191Z [36;1mfor i in $(echo $JOBS | jq -r 'to_entries[] | .value.result'); do[0m
Status Check - Keycloak Operator CI	Run /./.github/actions/status-check	2025-06-02T10:22:35.9095600Z [36;1m  if [ "$i" != "success" ] && [ "$i" != "skipped" ]; then[0m
Status Check - Keycloak Operator CI	Run /./.github/actions/status-check	2025-06-02T10:22:35.9095920Z [36;1m    echo ""[0m
Status Check - Keycloak Operator CI	Run /./.github/actions/status-check	2025-06-02T10:22:35.9096175Z [36;1m    echo "Status check not okay!"[0m
Status Check - Keycloak Operator CI	Run /./.github/actions/status-check	2025-06-02T10:22:35.9096460Z [36;1m    exit 1[0m
Status Check - Keycloak Operator CI	Run /./.github/actions/status-check	2025-06-02T10:22:35.9096677Z [36;1m  fi[0m
Status Check - Keycloak Operator CI	Run /./.github/actions/status-check	2025-06-02T10:22:35.9096886Z [36;1mdone[0m
Status Check - Keycloak Operator CI	Run /./.github/actions/status-check	2025-06-02T10:22:35.9372833Z shell: /usr/bin/bash --noprofile --norc -e -o pipefail {0}
Status Check - Keycloak Operator CI	Run /./.github/actions/status-check	2025-06-02T10:22:35.9373338Z env:
Status Check - Keycloak Operator CI	Run /./.github/actions/status-check	2025-06-02T10:22:35.9373659Z   MAVEN_ARGS: -B -nsu -Daether.connector.http.connectionMaxTtl=25
Status Check - Keycloak Operator CI	Run /./.github/actions/status-check	2025-06-02T10:22:35.9374054Z   MINIKUBE_VERSION: v1.32.0
Status Check - Keycloak Operator CI	Run /./.github/actions/status-check	2025-06-02T10:22:35.9374327Z   KUBERNETES_VERSION: v1.27.10
Status Check - Keycloak Operator CI	Run /./.github/actions/status-check	2025-06-02T10:22:35.9374591Z   MINIKUBE_MEMORY: 4096
Status Check - Keycloak Operator CI	Run /./.github/actions/status-check	2025-06-02T10:22:35.9374841Z ##[endgroup]
Status Check - Keycloak Operator CI	Run /./.github/actions/status-check	2025-06-02T10:22:35.9463966Z Job status:
Status Check - Keycloak Operator CI	Run /./.github/actions/status-check	2025-06-02T10:22:35.9569618Z  - conditional: success
Status Check - Keycloak Operator CI	Run /./.github/actions/status-check	2025-06-02T10:22:35.9570121Z  - build: success
Status Check - Keycloak Operator CI	Run /./.github/actions/status-check	2025-06-02T10:22:35.9570533Z  - test-local-apiserver: success
Status Check - Keycloak Operator CI	Run /./.github/actions/status-check	2025-06-02T10:22:35.9570859Z  - test-remote: success
Status Check - Keycloak Operator CI	Run /./.github/actions/status-check	2025-06-02T10:22:35.9571121Z  - test-olm: failure
Status Check - Keycloak Operator CI	Run /./.github/actions/status-check	2025-06-02T10:22:35.9603194Z 
Status Check - Keycloak Operator CI	Run /./.github/actions/status-check	2025-06-02T10:22:35.9603444Z Status check not okay!
Status Check - Keycloak Operator CI	Run /./.github/actions/status-check	2025-06-02T10:22:35.9615527Z ##[error]Process completed with exit code 1.
