Test OLM installation	UNKNOWN STEP	ï»¿2025-06-05T12:47:59.1549610Z Current runner version: '2.324.0'
Test OLM installation	UNKNOWN STEP	2025-06-05T12:47:59.1571552Z ##[group]Runner Image Provisioner
Test OLM installation	UNKNOWN STEP	2025-06-05T12:47:59.1572417Z Hosted Compute Agent
Test OLM installation	UNKNOWN STEP	2025-06-05T12:47:59.1572941Z Version: 20250508.323
Test OLM installation	UNKNOWN STEP	2025-06-05T12:47:59.1573512Z Commit: 81b259f29879f73b4213d199e42d8c3465dae986
Test OLM installation	UNKNOWN STEP	2025-06-05T12:47:59.1574172Z Build Date: 2025-05-08T19:40:08Z
Test OLM installation	UNKNOWN STEP	2025-06-05T12:47:59.1574819Z ##[endgroup]
Test OLM installation	UNKNOWN STEP	2025-06-05T12:47:59.1575329Z ##[group]Operating System
Test OLM installation	UNKNOWN STEP	2025-06-05T12:47:59.1575832Z Ubuntu
Test OLM installation	UNKNOWN STEP	2025-06-05T12:47:59.1576366Z 24.04.2
Test OLM installation	UNKNOWN STEP	2025-06-05T12:47:59.1576782Z LTS
Test OLM installation	UNKNOWN STEP	2025-06-05T12:47:59.1577245Z ##[endgroup]
Test OLM installation	UNKNOWN STEP	2025-06-05T12:47:59.1577749Z ##[group]Runner Image
Test OLM installation	UNKNOWN STEP	2025-06-05T12:47:59.1578300Z Image: ubuntu-24.04
Test OLM installation	UNKNOWN STEP	2025-06-05T12:47:59.1578769Z Version: 20250511.1.0
Test OLM installation	UNKNOWN STEP	2025-06-05T12:47:59.1579801Z Included Software: https://github.com/actions/runner-images/blob/ubuntu24/20250511.1/images/ubuntu/Ubuntu2404-Readme.md
Test OLM installation	UNKNOWN STEP	2025-06-05T12:47:59.1581556Z Image Release: https://github.com/actions/runner-images/releases/tag/ubuntu24%2F20250511.1
Test OLM installation	UNKNOWN STEP	2025-06-05T12:47:59.1582560Z ##[endgroup]
Test OLM installation	UNKNOWN STEP	2025-06-05T12:47:59.1583500Z ##[group]GITHUB_TOKEN Permissions
Test OLM installation	UNKNOWN STEP	2025-06-05T12:47:59.1585284Z Contents: read
Test OLM installation	UNKNOWN STEP	2025-06-05T12:47:59.1585828Z Metadata: read
Test OLM installation	UNKNOWN STEP	2025-06-05T12:47:59.1586389Z ##[endgroup]
Test OLM installation	UNKNOWN STEP	2025-06-05T12:47:59.1588629Z Secret source: None
Test OLM installation	UNKNOWN STEP	2025-06-05T12:47:59.1589309Z Prepare workflow directory
Test OLM installation	UNKNOWN STEP	2025-06-05T12:47:59.2137841Z Prepare all required actions
Test OLM installation	UNKNOWN STEP	2025-06-05T12:47:59.2192299Z Getting action download info
Test OLM installation	UNKNOWN STEP	2025-06-05T12:47:59.6623935Z ##[group]Download immutable action package 'actions/checkout@v4'
Test OLM installation	UNKNOWN STEP	2025-06-05T12:47:59.6625405Z Version: 4.2.2
Test OLM installation	UNKNOWN STEP	2025-06-05T12:47:59.6626595Z Digest: sha256:ccb2698953eaebd21c7bf6268a94f9c26518a7e38e27e0b83c1fe1ad049819b1
Test OLM installation	UNKNOWN STEP	2025-06-05T12:47:59.6627945Z Source commit SHA: 11bd71901bbe5b1630ceea73d27597364c9af683
Test OLM installation	UNKNOWN STEP	2025-06-05T12:47:59.6628657Z ##[endgroup]
Test OLM installation	UNKNOWN STEP	2025-06-05T12:47:59.7399321Z Download action repository 'manusa/actions-setup-minikube@v2.13.1' (SHA:5d9440a1b535e8b4f541eaac559681a9022df29d)
Test OLM installation	UNKNOWN STEP	2025-06-05T12:48:00.2806391Z Download action repository 'redhat-actions/openshift-tools-installer@v1' (SHA:144527c7d98999f2652264c048c7a9bd103f8a82)
Test OLM installation	UNKNOWN STEP	2025-06-05T12:48:00.7337786Z ##[group]Download immutable action package 'actions/download-artifact@v4'
Test OLM installation	UNKNOWN STEP	2025-06-05T12:48:00.7339040Z Version: 4.3.0
Test OLM installation	UNKNOWN STEP	2025-06-05T12:48:00.7340414Z Digest: sha256:552a5b9ad918f62ec0c2e8f42f3c694d4ebd1b4036b18c39b14168fcdfc0e4f2
Test OLM installation	UNKNOWN STEP	2025-06-05T12:48:00.7341991Z Source commit SHA: d3f86a106a0bac45b974a628896c90dbdf5c8093
Test OLM installation	UNKNOWN STEP	2025-06-05T12:48:00.7343055Z ##[endgroup]
Test OLM installation	UNKNOWN STEP	2025-06-05T12:48:01.0192227Z Complete job name: Test OLM installation
Test OLM installation	UNKNOWN STEP	2025-06-05T12:48:01.1001040Z ##[group]Run actions/checkout@v4
Test OLM installation	UNKNOWN STEP	2025-06-05T12:48:01.1002569Z with:
Test OLM installation	UNKNOWN STEP	2025-06-05T12:48:01.1003406Z   repository: keycloak/keycloak
Test OLM installation	UNKNOWN STEP	2025-06-05T12:48:01.1004730Z   token: ***
Test OLM installation	UNKNOWN STEP	2025-06-05T12:48:01.1005579Z   ssh-strict: true
Test OLM installation	UNKNOWN STEP	2025-06-05T12:48:01.1006463Z   ssh-user: git
Test OLM installation	UNKNOWN STEP	2025-06-05T12:48:01.1007315Z   persist-credentials: true
Test OLM installation	UNKNOWN STEP	2025-06-05T12:48:01.1008340Z   clean: true
Test OLM installation	UNKNOWN STEP	2025-06-05T12:48:01.1009223Z   sparse-checkout-cone-mode: true
Test OLM installation	UNKNOWN STEP	2025-06-05T12:48:01.1010435Z   fetch-depth: 1
Test OLM installation	UNKNOWN STEP	2025-06-05T12:48:01.1011415Z   fetch-tags: false
Test OLM installation	UNKNOWN STEP	2025-06-05T12:48:01.1012289Z   show-progress: true
Test OLM installation	UNKNOWN STEP	2025-06-05T12:48:01.1013178Z   lfs: false
Test OLM installation	UNKNOWN STEP	2025-06-05T12:48:01.1014320Z   submodules: false
Test OLM installation	UNKNOWN STEP	2025-06-05T12:48:01.1015322Z   set-safe-directory: true
Test OLM installation	UNKNOWN STEP	2025-06-05T12:48:01.1016583Z env:
Test OLM installation	UNKNOWN STEP	2025-06-05T12:48:01.1017753Z   MAVEN_ARGS: -B -nsu -Daether.connector.http.connectionMaxTtl=25
Test OLM installation	UNKNOWN STEP	2025-06-05T12:48:01.1019227Z   MINIKUBE_VERSION: v1.32.0
Test OLM installation	UNKNOWN STEP	2025-06-05T12:48:01.1020451Z   KUBERNETES_VERSION: v1.27.10
Test OLM installation	UNKNOWN STEP	2025-06-05T12:48:01.1021655Z   MINIKUBE_MEMORY: 4096
Test OLM installation	UNKNOWN STEP	2025-06-05T12:48:01.1022579Z ##[endgroup]
Test OLM installation	UNKNOWN STEP	2025-06-05T12:48:01.2161030Z Syncing repository: keycloak/keycloak
Test OLM installation	UNKNOWN STEP	2025-06-05T12:48:01.2165018Z ##[group]Getting Git version info
Test OLM installation	UNKNOWN STEP	2025-06-05T12:48:01.2167442Z Working directory is '/home/runner/work/keycloak/keycloak'
Test OLM installation	UNKNOWN STEP	2025-06-05T12:48:01.2171124Z [command]/usr/bin/git version
Test OLM installation	UNKNOWN STEP	2025-06-05T12:48:01.2180361Z git version 2.49.0
Test OLM installation	UNKNOWN STEP	2025-06-05T12:48:01.2211038Z ##[endgroup]
Test OLM installation	UNKNOWN STEP	2025-06-05T12:48:01.2226186Z Temporarily overriding HOME='/home/runner/work/_temp/2dffc812-69c4-4812-a713-6c331e58c7e6' before making global git config changes
Test OLM installation	UNKNOWN STEP	2025-06-05T12:48:01.2233489Z Adding repository directory to the temporary git global config as a safe directory
Test OLM installation	UNKNOWN STEP	2025-06-05T12:48:01.2238045Z [command]/usr/bin/git config --global --add safe.directory /home/runner/work/keycloak/keycloak
Test OLM installation	UNKNOWN STEP	2025-06-05T12:48:01.2272957Z Deleting the contents of '/home/runner/work/keycloak/keycloak'
Test OLM installation	UNKNOWN STEP	2025-06-05T12:48:01.2277454Z ##[group]Initializing the repository
Test OLM installation	UNKNOWN STEP	2025-06-05T12:48:01.2282612Z [command]/usr/bin/git init /home/runner/work/keycloak/keycloak
Test OLM installation	UNKNOWN STEP	2025-06-05T12:48:01.2352216Z hint: Using 'master' as the name for the initial branch. This default branch name
Test OLM installation	UNKNOWN STEP	2025-06-05T12:48:01.2354392Z hint: is subject to change. To configure the initial branch name to use in all
Test OLM installation	UNKNOWN STEP	2025-06-05T12:48:01.2356268Z hint: of your new repositories, which will suppress this warning, call:
Test OLM installation	UNKNOWN STEP	2025-06-05T12:48:01.2358308Z hint:
Test OLM installation	UNKNOWN STEP	2025-06-05T12:48:01.2359561Z hint: 	git config --global init.defaultBranch <name>
Test OLM installation	UNKNOWN STEP	2025-06-05T12:48:01.2362118Z hint:
Test OLM installation	UNKNOWN STEP	2025-06-05T12:48:01.2364188Z hint: Names commonly chosen instead of 'master' are 'main', 'trunk' and
Test OLM installation	UNKNOWN STEP	2025-06-05T12:48:01.2367429Z hint: 'development'. The just-created branch can be renamed via this command:
Test OLM installation	UNKNOWN STEP	2025-06-05T12:48:01.2370455Z hint:
Test OLM installation	UNKNOWN STEP	2025-06-05T12:48:01.2371897Z hint: 	git branch -m <name>
Test OLM installation	UNKNOWN STEP	2025-06-05T12:48:01.2374478Z Initialized empty Git repository in /home/runner/work/keycloak/keycloak/.git/
Test OLM installation	UNKNOWN STEP	2025-06-05T12:48:01.2379312Z [command]/usr/bin/git remote add origin https://github.com/keycloak/keycloak
Test OLM installation	UNKNOWN STEP	2025-06-05T12:48:01.2408339Z ##[endgroup]
Test OLM installation	UNKNOWN STEP	2025-06-05T12:48:01.2411209Z ##[group]Disabling automatic garbage collection
Test OLM installation	UNKNOWN STEP	2025-06-05T12:48:01.2413894Z [command]/usr/bin/git config --local gc.auto 0
Test OLM installation	UNKNOWN STEP	2025-06-05T12:48:01.2442743Z ##[endgroup]
Test OLM installation	UNKNOWN STEP	2025-06-05T12:48:01.2445391Z ##[group]Setting up auth
Test OLM installation	UNKNOWN STEP	2025-06-05T12:48:01.2450269Z [command]/usr/bin/git config --local --name-only --get-regexp core\.sshCommand
Test OLM installation	UNKNOWN STEP	2025-06-05T12:48:01.2482334Z [command]/usr/bin/git submodule foreach --recursive sh -c "git config --local --name-only --get-regexp 'core\.sshCommand' && git config --local --unset-all 'core.sshCommand' || :"
Test OLM installation	UNKNOWN STEP	2025-06-05T12:48:01.2784284Z [command]/usr/bin/git config --local --name-only --get-regexp http\.https\:\/\/github\.com\/\.extraheader
Test OLM installation	UNKNOWN STEP	2025-06-05T12:48:01.2812520Z [command]/usr/bin/git submodule foreach --recursive sh -c "git config --local --name-only --get-regexp 'http\.https\:\/\/github\.com\/\.extraheader' && git config --local --unset-all 'http.https://github.com/.extraheader' || :"
Test OLM installation	UNKNOWN STEP	2025-06-05T12:48:01.3026226Z [command]/usr/bin/git config --local http.https://github.com/.extraheader AUTHORIZATION: basic ***
Test OLM installation	UNKNOWN STEP	2025-06-05T12:48:01.3065915Z ##[endgroup]
Test OLM installation	UNKNOWN STEP	2025-06-05T12:48:01.3067446Z ##[group]Fetching the repository
Test OLM installation	UNKNOWN STEP	2025-06-05T12:48:01.3075140Z [command]/usr/bin/git -c protocol.version=2 fetch --no-tags --prune --no-recurse-submodules --depth=1 origin +c4fa15120c385e99cd459f7181d86069a4544324:refs/remotes/pull/40278/merge
Test OLM installation	UNKNOWN STEP	2025-06-05T12:48:04.3719066Z From https://github.com/keycloak/keycloak
Test OLM installation	UNKNOWN STEP	2025-06-05T12:48:04.3721995Z  * [new ref]         c4fa15120c385e99cd459f7181d86069a4544324 -> pull/40278/merge
Test OLM installation	UNKNOWN STEP	2025-06-05T12:48:04.3773420Z ##[endgroup]
Test OLM installation	UNKNOWN STEP	2025-06-05T12:48:04.3773879Z ##[group]Determining the checkout info
Test OLM installation	UNKNOWN STEP	2025-06-05T12:48:04.3775652Z ##[endgroup]
Test OLM installation	UNKNOWN STEP	2025-06-05T12:48:04.3780823Z [command]/usr/bin/git sparse-checkout disable
Test OLM installation	UNKNOWN STEP	2025-06-05T12:48:04.3818648Z [command]/usr/bin/git config --local --unset-all extensions.worktreeConfig
Test OLM installation	UNKNOWN STEP	2025-06-05T12:48:04.3846921Z ##[group]Checking out the ref
Test OLM installation	UNKNOWN STEP	2025-06-05T12:48:04.3851359Z [command]/usr/bin/git checkout --progress --force refs/remotes/pull/40278/merge
Test OLM installation	UNKNOWN STEP	2025-06-05T12:48:05.1637277Z Note: switching to 'refs/remotes/pull/40278/merge'.
Test OLM installation	UNKNOWN STEP	2025-06-05T12:48:05.1660971Z 
Test OLM installation	UNKNOWN STEP	2025-06-05T12:48:05.1661346Z You are in 'detached HEAD' state. You can look around, make experimental
Test OLM installation	UNKNOWN STEP	2025-06-05T12:48:05.1662196Z changes and commit them, and you can discard any commits you make in this
Test OLM installation	UNKNOWN STEP	2025-06-05T12:48:05.1662989Z state without impacting any branches by switching back to a branch.
Test OLM installation	UNKNOWN STEP	2025-06-05T12:48:05.1663963Z 
Test OLM installation	UNKNOWN STEP	2025-06-05T12:48:05.1664298Z If you want to create a new branch to retain commits you create, you may
Test OLM installation	UNKNOWN STEP	2025-06-05T12:48:05.1665014Z do so (now or later) by using -c with the switch command. Example:
Test OLM installation	UNKNOWN STEP	2025-06-05T12:48:05.1665434Z 
Test OLM installation	UNKNOWN STEP	2025-06-05T12:48:05.1665604Z   git switch -c <new-branch-name>
Test OLM installation	UNKNOWN STEP	2025-06-05T12:48:05.1665889Z 
Test OLM installation	UNKNOWN STEP	2025-06-05T12:48:05.1666067Z Or undo this operation with:
Test OLM installation	UNKNOWN STEP	2025-06-05T12:48:05.1666340Z 
Test OLM installation	UNKNOWN STEP	2025-06-05T12:48:05.1666472Z   git switch -
Test OLM installation	UNKNOWN STEP	2025-06-05T12:48:05.1666733Z 
Test OLM installation	UNKNOWN STEP	2025-06-05T12:48:05.1667103Z Turn off this advice by setting config variable advice.detachedHead to false
Test OLM installation	UNKNOWN STEP	2025-06-05T12:48:05.1667605Z 
Test OLM installation	UNKNOWN STEP	2025-06-05T12:48:05.1668198Z HEAD is now at c4fa151 Merge 657a50248efbb2a29dfe2cf9e6c561a40e92a420 into be330d38096c1e9e4f89f1a8f156c26ce8ef7d66
Test OLM installation	UNKNOWN STEP	2025-06-05T12:48:05.1678250Z ##[endgroup]
Test OLM installation	UNKNOWN STEP	2025-06-05T12:48:05.1716511Z [command]/usr/bin/git log -1 --format=%H
Test OLM installation	UNKNOWN STEP	2025-06-05T12:48:05.1738693Z c4fa15120c385e99cd459f7181d86069a4544324
Test OLM installation	UNKNOWN STEP	2025-06-05T12:48:05.1966897Z Prepare all required actions
Test OLM installation	UNKNOWN STEP	2025-06-05T12:48:05.1967373Z Getting action download info
Test OLM installation	UNKNOWN STEP	2025-06-05T12:48:05.3462483Z ##[group]Download immutable action package 'actions/setup-java@v4'
Test OLM installation	UNKNOWN STEP	2025-06-05T12:48:05.3463069Z Version: 4.7.1
Test OLM installation	UNKNOWN STEP	2025-06-05T12:48:05.3463591Z Digest: sha256:23223d64943473efb4336f60463c0429cd4f422cd5fc6c48a5cf0d5907c1aeac
Test OLM installation	UNKNOWN STEP	2025-06-05T12:48:05.3464312Z Source commit SHA: c5195efecf7bdfc987ee8bae7a71cb8b11521c00
Test OLM installation	UNKNOWN STEP	2025-06-05T12:48:05.3464833Z ##[endgroup]
Test OLM installation	UNKNOWN STEP	2025-06-05T12:48:05.6222099Z ##[group]Run ./.github/actions/java-setup
Test OLM installation	UNKNOWN STEP	2025-06-05T12:48:05.6222390Z with:
Test OLM installation	UNKNOWN STEP	2025-06-05T12:48:05.6222586Z   distribution: temurin
Test OLM installation	UNKNOWN STEP	2025-06-05T12:48:05.6222795Z   java-version: 21
Test OLM installation	UNKNOWN STEP	2025-06-05T12:48:05.6222987Z env:
Test OLM installation	UNKNOWN STEP	2025-06-05T12:48:05.6223255Z   MAVEN_ARGS: -B -nsu -Daether.connector.http.connectionMaxTtl=25
Test OLM installation	UNKNOWN STEP	2025-06-05T12:48:05.6223609Z   MINIKUBE_VERSION: v1.32.0
Test OLM installation	UNKNOWN STEP	2025-06-05T12:48:05.6223849Z   KUBERNETES_VERSION: v1.27.10
Test OLM installation	UNKNOWN STEP	2025-06-05T12:48:05.6224081Z   MINIKUBE_MEMORY: 4096
Test OLM installation	UNKNOWN STEP	2025-06-05T12:48:05.6224327Z ##[endgroup]
Test OLM installation	UNKNOWN STEP	2025-06-05T12:48:05.6362185Z ##[group]Run actions/setup-java@v4
Test OLM installation	UNKNOWN STEP	2025-06-05T12:48:05.6362443Z with:
Test OLM installation	UNKNOWN STEP	2025-06-05T12:48:05.6362631Z   distribution: temurin
Test OLM installation	UNKNOWN STEP	2025-06-05T12:48:05.6362839Z   java-version: 21
Test OLM installation	UNKNOWN STEP	2025-06-05T12:48:05.6363046Z   java-package: jdk
Test OLM installation	UNKNOWN STEP	2025-06-05T12:48:05.6363332Z   check-latest: false
Test OLM installation	UNKNOWN STEP	2025-06-05T12:48:05.6363712Z   server-id: github
Test OLM installation	UNKNOWN STEP	2025-06-05T12:48:05.6364012Z   server-username: GITHUB_ACTOR
Test OLM installation	UNKNOWN STEP	2025-06-05T12:48:05.6364315Z   server-password: GITHUB_TOKEN
Test OLM installation	UNKNOWN STEP	2025-06-05T12:48:05.6364705Z   overwrite-settings: true
Test OLM installation	UNKNOWN STEP	2025-06-05T12:48:05.6365090Z   job-status: success
Test OLM installation	UNKNOWN STEP	2025-06-05T12:48:05.6365763Z   token: ***
Test OLM installation	UNKNOWN STEP	2025-06-05T12:48:05.6366263Z env:
Test OLM installation	UNKNOWN STEP	2025-06-05T12:48:05.6366606Z   MAVEN_ARGS: -B -nsu -Daether.connector.http.connectionMaxTtl=25
Test OLM installation	UNKNOWN STEP	2025-06-05T12:48:05.6367040Z   MINIKUBE_VERSION: v1.32.0
Test OLM installation	UNKNOWN STEP	2025-06-05T12:48:05.6367446Z   KUBERNETES_VERSION: v1.27.10
Test OLM installation	UNKNOWN STEP	2025-06-05T12:48:05.6367770Z   MINIKUBE_MEMORY: 4096
Test OLM installation	UNKNOWN STEP	2025-06-05T12:48:05.6368050Z ##[endgroup]
Test OLM installation	UNKNOWN STEP	2025-06-05T12:48:05.8277088Z ##[group]Installed distributions
Test OLM installation	UNKNOWN STEP	2025-06-05T12:48:05.8397453Z Resolved Java 21.0.7+6 from tool-cache
Test OLM installation	UNKNOWN STEP	2025-06-05T12:48:05.8398006Z Setting Java 21.0.7+6 as the default
Test OLM installation	UNKNOWN STEP	2025-06-05T12:48:05.8411036Z Creating toolchains.xml for JDK version 21 from temurin
Test OLM installation	UNKNOWN STEP	2025-06-05T12:48:05.8487555Z Writing to /home/runner/.m2/toolchains.xml
Test OLM installation	UNKNOWN STEP	2025-06-05T12:48:05.8488425Z 
Test OLM installation	UNKNOWN STEP	2025-06-05T12:48:05.8488679Z Java configuration:
Test OLM installation	UNKNOWN STEP	2025-06-05T12:48:05.8489053Z   Distribution: temurin
Test OLM installation	UNKNOWN STEP	2025-06-05T12:48:05.8489424Z   Version: 21.0.7+6
Test OLM installation	UNKNOWN STEP	2025-06-05T12:48:05.8491328Z   Path: /opt/hostedtoolcache/Java_Temurin-Hotspot_jdk/21.0.7-6/x64
Test OLM installation	UNKNOWN STEP	2025-06-05T12:48:05.8491847Z 
Test OLM installation	UNKNOWN STEP	2025-06-05T12:48:05.8492496Z ##[endgroup]
Test OLM installation	UNKNOWN STEP	2025-06-05T12:48:05.8506480Z Creating settings.xml with server-id: github
Test OLM installation	UNKNOWN STEP	2025-06-05T12:48:05.8513752Z Writing to /home/runner/.m2/settings.xml
Test OLM installation	UNKNOWN STEP	2025-06-05T12:48:05.8668694Z ##[group]Run manusa/actions-setup-minikube@v2.13.1
Test OLM installation	UNKNOWN STEP	2025-06-05T12:48:05.8669008Z with:
Test OLM installation	UNKNOWN STEP	2025-06-05T12:48:05.8669193Z   minikube version: v1.32.0
Test OLM installation	UNKNOWN STEP	2025-06-05T12:48:05.8669435Z   kubernetes version: v1.27.10
Test OLM installation	UNKNOWN STEP	2025-06-05T12:48:05.8670050Z   github token: ***
Test OLM installation	UNKNOWN STEP	2025-06-05T12:48:05.8670520Z   driver: docker
Test OLM installation	UNKNOWN STEP	2025-06-05T12:48:05.8670727Z   start args: --memory=4096
Test OLM installation	UNKNOWN STEP	2025-06-05T12:48:05.8670940Z env:
Test OLM installation	UNKNOWN STEP	2025-06-05T12:48:05.8671208Z   MAVEN_ARGS: -B -nsu -Daether.connector.http.connectionMaxTtl=25
Test OLM installation	UNKNOWN STEP	2025-06-05T12:48:05.8671538Z   MINIKUBE_VERSION: v1.32.0
Test OLM installation	UNKNOWN STEP	2025-06-05T12:48:05.8671769Z   KUBERNETES_VERSION: v1.27.10
Test OLM installation	UNKNOWN STEP	2025-06-05T12:48:05.8671989Z   MINIKUBE_MEMORY: 4096
Test OLM installation	UNKNOWN STEP	2025-06-05T12:48:05.8672309Z   JAVA_HOME: /opt/hostedtoolcache/Java_Temurin-Hotspot_jdk/21.0.7-6/x64
Test OLM installation	UNKNOWN STEP	2025-06-05T12:48:05.8672755Z   JAVA_HOME_21_X64: /opt/hostedtoolcache/Java_Temurin-Hotspot_jdk/21.0.7-6/x64
Test OLM installation	UNKNOWN STEP	2025-06-05T12:48:05.8673096Z ##[endgroup]
Test OLM installation	UNKNOWN STEP	2025-06-05T12:48:05.9858139Z Loading input variables
Test OLM installation	UNKNOWN STEP	2025-06-05T12:48:05.9860797Z Updating Environment configuration to support Minikube
Test OLM installation	UNKNOWN STEP	2025-06-05T12:48:05.9992886Z 
Test OLM installation	UNKNOWN STEP	2025-06-05T12:48:05.9993326Z WARNING: apt does not have a stable CLI interface. Use with caution in scripts.
Test OLM installation	UNKNOWN STEP	2025-06-05T12:48:05.9993833Z 
Test OLM installation	UNKNOWN STEP	2025-06-05T12:48:06.0571288Z Get:1 file:/etc/apt/apt-mirrors.txt Mirrorlist [144 B]
Test OLM installation	UNKNOWN STEP	2025-06-05T12:48:06.0882035Z Get:6 https://packages.microsoft.com/repos/azure-cli noble InRelease [3564 B]
Test OLM installation	UNKNOWN STEP	2025-06-05T12:48:06.0990059Z Hit:2 http://azure.archive.ubuntu.com/ubuntu noble InRelease
Test OLM installation	UNKNOWN STEP	2025-06-05T12:48:06.0991121Z Get:7 https://packages.microsoft.com/ubuntu/24.04/prod noble InRelease [3600 B]
Test OLM installation	UNKNOWN STEP	2025-06-05T12:48:06.1014403Z Get:3 http://azure.archive.ubuntu.com/ubuntu noble-updates InRelease [126 kB]
Test OLM installation	UNKNOWN STEP	2025-06-05T12:48:06.1119062Z Get:4 http://azure.archive.ubuntu.com/ubuntu noble-backports InRelease [126 kB]
Test OLM installation	UNKNOWN STEP	2025-06-05T12:48:06.1121556Z Get:5 http://azure.archive.ubuntu.com/ubuntu noble-security InRelease [126 kB]
Test OLM installation	UNKNOWN STEP	2025-06-05T12:48:06.1772479Z Get:8 https://packages.microsoft.com/repos/azure-cli noble/main amd64 Packages [1377 B]
Test OLM installation	UNKNOWN STEP	2025-06-05T12:48:06.2898421Z Get:9 https://packages.microsoft.com/ubuntu/24.04/prod noble/main arm64 Packages [20.8 kB]
Test OLM installation	UNKNOWN STEP	2025-06-05T12:48:06.2935479Z Get:10 https://packages.microsoft.com/ubuntu/24.04/prod noble/main amd64 Packages [33.6 kB]
Test OLM installation	UNKNOWN STEP	2025-06-05T12:48:06.2969145Z Get:11 https://packages.microsoft.com/ubuntu/24.04/prod noble/main armhf Packages [8426 B]
Test OLM installation	UNKNOWN STEP	2025-06-05T12:48:06.3376290Z Get:12 http://azure.archive.ubuntu.com/ubuntu noble-updates/main amd64 Packages [1112 kB]
Test OLM installation	UNKNOWN STEP	2025-06-05T12:48:06.3453065Z Get:13 http://azure.archive.ubuntu.com/ubuntu noble-updates/main Translation-en [237 kB]
Test OLM installation	UNKNOWN STEP	2025-06-05T12:48:06.3522189Z Get:14 http://azure.archive.ubuntu.com/ubuntu noble-updates/main amd64 Components [161 kB]
Test OLM installation	UNKNOWN STEP	2025-06-05T12:48:06.3554788Z Get:15 http://azure.archive.ubuntu.com/ubuntu noble-updates/universe amd64 Packages [1070 kB]
Test OLM installation	UNKNOWN STEP	2025-06-05T12:48:06.3624364Z Get:16 http://azure.archive.ubuntu.com/ubuntu noble-updates/universe Translation-en [273 kB]
Test OLM installation	UNKNOWN STEP	2025-06-05T12:48:06.3659549Z Get:17 http://azure.archive.ubuntu.com/ubuntu noble-updates/universe amd64 Components [376 kB]
Test OLM installation	UNKNOWN STEP	2025-06-05T12:48:06.3693847Z Get:18 http://azure.archive.ubuntu.com/ubuntu noble-updates/restricted amd64 Packages [1174 kB]
Test OLM installation	UNKNOWN STEP	2025-06-05T12:48:06.3767568Z Get:19 http://azure.archive.ubuntu.com/ubuntu noble-updates/restricted Translation-en [243 kB]
Test OLM installation	UNKNOWN STEP	2025-06-05T12:48:06.3792146Z Get:20 http://azure.archive.ubuntu.com/ubuntu noble-updates/restricted amd64 Components [212 B]
Test OLM installation	UNKNOWN STEP	2025-06-05T12:48:06.3813518Z Get:21 http://azure.archive.ubuntu.com/ubuntu noble-updates/multiverse amd64 Components [940 B]
Test OLM installation	UNKNOWN STEP	2025-06-05T12:48:06.4405070Z Get:22 http://azure.archive.ubuntu.com/ubuntu noble-backports/main amd64 Packages [39.2 kB]
Test OLM installation	UNKNOWN STEP	2025-06-05T12:48:06.4449567Z Get:23 http://azure.archive.ubuntu.com/ubuntu noble-backports/main amd64 Components [7068 B]
Test OLM installation	UNKNOWN STEP	2025-06-05T12:48:06.4452331Z Get:24 http://azure.archive.ubuntu.com/ubuntu noble-backports/universe amd64 Packages [27.1 kB]
Test OLM installation	UNKNOWN STEP	2025-06-05T12:48:06.4454140Z Get:25 http://azure.archive.ubuntu.com/ubuntu noble-backports/universe amd64 Components [16.4 kB]
Test OLM installation	UNKNOWN STEP	2025-06-05T12:48:06.4458717Z Get:26 http://azure.archive.ubuntu.com/ubuntu noble-backports/restricted amd64 Components [216 B]
Test OLM installation	UNKNOWN STEP	2025-06-05T12:48:06.4470371Z Get:27 http://azure.archive.ubuntu.com/ubuntu noble-backports/multiverse amd64 Components [212 B]
Test OLM installation	UNKNOWN STEP	2025-06-05T12:48:06.4482843Z Get:28 http://azure.archive.ubuntu.com/ubuntu noble-security/main amd64 Packages [864 kB]
Test OLM installation	UNKNOWN STEP	2025-06-05T12:48:06.4592436Z Get:29 http://azure.archive.ubuntu.com/ubuntu noble-security/main Translation-en [159 kB]
Test OLM installation	UNKNOWN STEP	2025-06-05T12:48:06.4617695Z Get:30 http://azure.archive.ubuntu.com/ubuntu noble-security/main amd64 Components [21.6 kB]
Test OLM installation	UNKNOWN STEP	2025-06-05T12:48:06.4629890Z Get:31 http://azure.archive.ubuntu.com/ubuntu noble-security/universe amd64 Packages [846 kB]
Test OLM installation	UNKNOWN STEP	2025-06-05T12:48:06.4693319Z Get:32 http://azure.archive.ubuntu.com/ubuntu noble-security/universe Translation-en [185 kB]
Test OLM installation	UNKNOWN STEP	2025-06-05T12:48:06.4717550Z Get:33 http://azure.archive.ubuntu.com/ubuntu noble-security/universe amd64 Components [52.3 kB]
Test OLM installation	UNKNOWN STEP	2025-06-05T12:48:06.4731405Z Get:34 http://azure.archive.ubuntu.com/ubuntu noble-security/restricted amd64 Packages [1138 kB]
Test OLM installation	UNKNOWN STEP	2025-06-05T12:48:06.4815342Z Get:35 http://azure.archive.ubuntu.com/ubuntu noble-security/restricted Translation-en [236 kB]
Test OLM installation	UNKNOWN STEP	2025-06-05T12:48:06.5293536Z Get:36 http://azure.archive.ubuntu.com/ubuntu noble-security/restricted amd64 Components [212 B]
Test OLM installation	UNKNOWN STEP	2025-06-05T12:48:06.5304605Z Get:37 http://azure.archive.ubuntu.com/ubuntu noble-security/multiverse amd64 Components [212 B]
Test OLM installation	UNKNOWN STEP	2025-06-05T12:48:10.0614517Z Fetched 8690 kB in 1s (7554 kB/s)
Test OLM installation	UNKNOWN STEP	2025-06-05T12:48:10.6785347Z Reading package lists...
Test OLM installation	UNKNOWN STEP	2025-06-05T12:48:10.8116628Z Building dependency tree...
Test OLM installation	UNKNOWN STEP	2025-06-05T12:48:10.8123482Z Reading state information...
Test OLM installation	UNKNOWN STEP	2025-06-05T12:48:10.8247238Z 52 packages can be upgraded. Run 'apt list --upgradable' to see them.
Test OLM installation	UNKNOWN STEP	2025-06-05T12:48:10.8510893Z Reading package lists...
Test OLM installation	UNKNOWN STEP	2025-06-05T12:48:10.9896478Z Building dependency tree...
Test OLM installation	UNKNOWN STEP	2025-06-05T12:48:10.9904095Z Reading state information...
Test OLM installation	UNKNOWN STEP	2025-06-05T12:48:11.1404422Z The following NEW packages will be installed:
Test OLM installation	UNKNOWN STEP	2025-06-05T12:48:11.1410009Z   conntrack
Test OLM installation	UNKNOWN STEP	2025-06-05T12:48:11.1572952Z 0 upgraded, 1 newly installed, 0 to remove and 52 not upgraded.
Test OLM installation	UNKNOWN STEP	2025-06-05T12:48:11.1573489Z Need to get 37.9 kB of archives.
Test OLM installation	UNKNOWN STEP	2025-06-05T12:48:11.1573837Z After this operation, 119 kB of additional disk space will be used.
Test OLM installation	UNKNOWN STEP	2025-06-05T12:48:11.1574304Z Get:1 file:/etc/apt/apt-mirrors.txt Mirrorlist [144 B]
Test OLM installation	UNKNOWN STEP	2025-06-05T12:48:11.2089456Z Get:2 http://azure.archive.ubuntu.com/ubuntu noble/main amd64 conntrack amd64 1:1.4.8-1ubuntu1 [37.9 kB]
Test OLM installation	UNKNOWN STEP	2025-06-05T12:48:11.4615383Z Fetched 37.9 kB in 0s (603 kB/s)
Test OLM installation	UNKNOWN STEP	2025-06-05T12:48:11.4839050Z Selecting previously unselected package conntrack.
Test OLM installation	UNKNOWN STEP	2025-06-05T12:48:11.5119720Z (Reading database ... 
Test OLM installation	UNKNOWN STEP	2025-06-05T12:48:11.5120504Z (Reading database ... 5%
Test OLM installation	UNKNOWN STEP	2025-06-05T12:48:11.5120964Z (Reading database ... 10%
Test OLM installation	UNKNOWN STEP	2025-06-05T12:48:11.5121300Z (Reading database ... 15%
Test OLM installation	UNKNOWN STEP	2025-06-05T12:48:11.5121614Z (Reading database ... 20%
Test OLM installation	UNKNOWN STEP	2025-06-05T12:48:11.5121953Z (Reading database ... 25%
Test OLM installation	UNKNOWN STEP	2025-06-05T12:48:11.5122262Z (Reading database ... 30%
Test OLM installation	UNKNOWN STEP	2025-06-05T12:48:11.5122564Z (Reading database ... 35%
Test OLM installation	UNKNOWN STEP	2025-06-05T12:48:11.5122871Z (Reading database ... 40%
Test OLM installation	UNKNOWN STEP	2025-06-05T12:48:11.5123168Z (Reading database ... 45%
Test OLM installation	UNKNOWN STEP	2025-06-05T12:48:11.5123484Z (Reading database ... 50%
Test OLM installation	UNKNOWN STEP	2025-06-05T12:48:11.5265991Z (Reading database ... 55%
Test OLM installation	UNKNOWN STEP	2025-06-05T12:48:11.5782846Z (Reading database ... 60%
Test OLM installation	UNKNOWN STEP	2025-06-05T12:48:11.6140478Z (Reading database ... 65%
Test OLM installation	UNKNOWN STEP	2025-06-05T12:48:11.6466455Z (Reading database ... 70%
Test OLM installation	UNKNOWN STEP	2025-06-05T12:48:11.6746469Z (Reading database ... 75%
Test OLM installation	UNKNOWN STEP	2025-06-05T12:48:11.7296167Z (Reading database ... 80%
Test OLM installation	UNKNOWN STEP	2025-06-05T12:48:11.7710359Z (Reading database ... 85%
Test OLM installation	UNKNOWN STEP	2025-06-05T12:48:11.8439392Z (Reading database ... 90%
Test OLM installation	UNKNOWN STEP	2025-06-05T12:48:11.9025139Z (Reading database ... 95%
Test OLM installation	UNKNOWN STEP	2025-06-05T12:48:11.9025647Z (Reading database ... 100%
Test OLM installation	UNKNOWN STEP	2025-06-05T12:48:11.9026320Z (Reading database ... 222694 files and directories currently installed.)
Test OLM installation	UNKNOWN STEP	2025-06-05T12:48:11.9067887Z Preparing to unpack .../conntrack_1%3a1.4.8-1ubuntu1_amd64.deb ...
Test OLM installation	UNKNOWN STEP	2025-06-05T12:48:11.9094787Z Unpacking conntrack (1:1.4.8-1ubuntu1) ...
Test OLM installation	UNKNOWN STEP	2025-06-05T12:48:11.9522798Z Setting up conntrack (1:1.4.8-1ubuntu1) ...
Test OLM installation	UNKNOWN STEP	2025-06-05T12:48:11.9565057Z Processing triggers for man-db (2.12.0-4build2) ...
Test OLM installation	UNKNOWN STEP	2025-06-05T12:48:13.2266102Z 
Test OLM installation	UNKNOWN STEP	2025-06-05T12:48:13.2266711Z Running kernel seems to be up-to-date.
Test OLM installation	UNKNOWN STEP	2025-06-05T12:48:13.2266990Z 
Test OLM installation	UNKNOWN STEP	2025-06-05T12:48:13.2267091Z Restarting services...
Test OLM installation	UNKNOWN STEP	2025-06-05T12:48:13.2336131Z 
Test OLM installation	UNKNOWN STEP	2025-06-05T12:48:13.2336598Z Service restarts being deferred:
Test OLM installation	UNKNOWN STEP	2025-06-05T12:48:13.2337616Z  systemctl restart hosted-compute-agent.service
Test OLM installation	UNKNOWN STEP	2025-06-05T12:48:13.2337849Z 
Test OLM installation	UNKNOWN STEP	2025-06-05T12:48:13.2338216Z No containers need to be restarted.
Test OLM installation	UNKNOWN STEP	2025-06-05T12:48:13.2338511Z 
Test OLM installation	UNKNOWN STEP	2025-06-05T12:48:13.2338634Z No user sessions are running outdated binaries.
Test OLM installation	UNKNOWN STEP	2025-06-05T12:48:13.2338831Z 
Test OLM installation	UNKNOWN STEP	2025-06-05T12:48:13.2339024Z No VM guests are running outdated hypervisor (qemu) binaries on this host.
Test OLM installation	UNKNOWN STEP	2025-06-05T12:48:14.0149208Z fs.protected_regular = 0
Test OLM installation	UNKNOWN STEP	2025-06-05T12:48:14.0160870Z Waiting for Docker to be ready
Test OLM installation	UNKNOWN STEP	2025-06-05T12:48:14.0963056Z 28.0.4 - 28.0.4
Test OLM installation	UNKNOWN STEP	2025-06-05T12:48:14.0978093Z Docker daemon is ready
Test OLM installation	UNKNOWN STEP	2025-06-05T12:48:14.0982380Z Downloading Minikube  v1.32.0
Test OLM installation	UNKNOWN STEP	2025-06-05T12:48:14.2982237Z Downloading from: https://github.com/kubernetes/minikube/releases/download/v1.32.0/minikube-linux-amd64
Test OLM installation	UNKNOWN STEP	2025-06-05T12:48:15.0416249Z Installing Minikube
Test OLM installation	UNKNOWN STEP	2025-06-05T12:48:15.0828714Z * minikube v1.32.0 on Ubuntu 24.04
Test OLM installation	UNKNOWN STEP	2025-06-05T12:48:15.0832675Z   - MINIKUBE_VERSION=v1.32.0
Test OLM installation	UNKNOWN STEP	2025-06-05T12:48:15.0839084Z   - MINIKUBE_MEMORY=4096
Test OLM installation	UNKNOWN STEP	2025-06-05T12:48:15.0844689Z   - MINIKUBE_HOME=/home/runner/work/_temp
Test OLM installation	UNKNOWN STEP	2025-06-05T12:48:15.1733791Z * minikube 1.36.0 is available! Download it: https://github.com/kubernetes/minikube/releases/tag/v1.36.0
Test OLM installation	UNKNOWN STEP	2025-06-05T12:48:15.1739231Z * To disable this notice, run: 'minikube config set WantUpdateNotification false'
Test OLM installation	UNKNOWN STEP	2025-06-05T12:48:15.1739822Z 
Test OLM installation	UNKNOWN STEP	2025-06-05T12:48:15.2863550Z * Using the docker driver based on user configuration
Test OLM installation	UNKNOWN STEP	2025-06-05T12:48:15.3267814Z * Using Docker driver with root privileges
Test OLM installation	UNKNOWN STEP	2025-06-05T12:48:15.3278106Z * Starting control plane node minikube in cluster minikube
Test OLM installation	UNKNOWN STEP	2025-06-05T12:48:15.3288317Z * Pulling base image ...
Test OLM installation	UNKNOWN STEP	2025-06-05T12:48:15.4088362Z * Downloading Kubernetes v1.27.10 preload ...
Test OLM installation	UNKNOWN STEP	2025-06-05T12:48:29.0934928Z * Creating docker container (CPUs=2, Memory=4096MB) ...
Test OLM installation	UNKNOWN STEP	2025-06-05T12:48:40.7742032Z * Preparing Kubernetes v1.27.10 on Docker 24.0.7 ...
Test OLM installation	UNKNOWN STEP	2025-06-05T12:48:43.2850854Z   - Generating certificates and keys ...
Test OLM installation	UNKNOWN STEP	2025-06-05T12:48:44.7371834Z   - Booting up control plane ...
Test OLM installation	UNKNOWN STEP	2025-06-05T12:48:50.2739679Z   - Configuring RBAC rules ...
Test OLM installation	UNKNOWN STEP	2025-06-05T12:48:50.6947376Z * Configuring bridge CNI (Container Networking Interface) ...
Test OLM installation	UNKNOWN STEP	2025-06-05T12:48:50.8415929Z   - Using image gcr.io/k8s-minikube/storage-provisioner:v5
Test OLM installation	UNKNOWN STEP	2025-06-05T12:48:50.8465660Z * Verifying Kubernetes components...
Test OLM installation	UNKNOWN STEP	2025-06-05T12:48:51.5878834Z * Enabled addons: storage-provisioner, default-storageclass
Test OLM installation	UNKNOWN STEP	2025-06-05T12:48:53.1876825Z 
Test OLM installation	UNKNOWN STEP	2025-06-05T12:48:53.1886283Z     > gcr.io/k8s-minikube/kicbase...:  0 B [_______________________] ?% ? p/s ?    > gcr.io/k8s-minikube/kicbase...:  1.62 KiB / 453.90 MiB [>_] 0.00% ? p/s ?    > gcr.io/k8s-minikube/kicbase...:  1.30 MiB / 453.90 MiB [>_] 0.29% ? p/s ?    > gcr.io/k8s-minikube/kicbase...:  29.35 MiB / 453.90 MiB  6.47% 48.91 MiB     > gcr.io/k8s-minikube/kicbase...:  60.26 MiB / 453.90 MiB  13.28% 48.91 MiB    > gcr.io/k8s-minikube/kicbase...:  90.67 MiB / 453.90 MiB  19.98% 48.91 MiB    > gcr.io/k8s-minikube/kicbase...:  122.19 MiB / 453.90 MiB  26.92% 55.74 Mi    > gcr.io/k8s-minikube/kicbase...:  152.24 MiB / 453.90 MiB  33.54% 55.74 Mi    > gcr.io/k8s-minikube/kicbase...:  181.97 MiB / 453.90 MiB  40.09% 55.74 Mi    > gcr.io/k8s-minikube/kicbase...:  212.41 MiB / 453.90 MiB  46.80% 61.85 Mi    > gcr.io/k8s-minikube/kicbase...:  243.71 MiB / 453.90 MiB  53.69% 61.85 Mi    > gcr.io/k8s-minikube/kicbase...:  271.78 MiB / 453.90 MiB  59.88% 61.85 Mi    > gcr.io/k8s-minikube/kicbase...:  302.41 MiB / 453.90 MiB  66.62% 67.53 Mi    > gcr.io/k8s-minikube/kicbase...:  333.49 MiB / 453.90 MiB  73.47% 67.53 Mi    > gcr.io/k8s-minikube/kicbase...:  363.53 MiB / 453.90 MiB  80.09% 67.53 Mi    > gcr.io/k8s-minikube/kicbase...:  393.55 MiB / 453.90 MiB  86.70% 72.98 Mi    > gcr.io/k8s-minikube/kicbase...:  424.36 MiB / 453.90 MiB  93.49% 72.98 Mi    > gcr.io/k8s-minikube/kicbase...:  453.58 MiB / 453.90 MiB  99.93% 72.98 Mi    > gcr.io/k8s-minikube/kicbase...:  453.90 MiB / 453.90 MiB  100.00% 133.23 ! /usr/bin/kubectl is version 1.33.0, which may have incompatibilities with Kubernetes 1.27.10.
Test OLM installation	UNKNOWN STEP	2025-06-05T12:48:53.1891314Z   - Want kubectl v1.27.10? Try 'minikube kubectl -- get pods -A'
Test OLM installation	UNKNOWN STEP	2025-06-05T12:48:53.1899879Z * Done! kubectl is now configured to use "minikube" cluster and "default" namespace by default
Test OLM installation	UNKNOWN STEP	2025-06-05T12:48:53.2724729Z minikube version: v1.32.0commit: 8220a6eb95f0a4d75f7f2d7b14cef975f050512d installed successfully
Test OLM installation	UNKNOWN STEP	2025-06-05T12:48:53.2963594Z ##[group]Run redhat-actions/openshift-tools-installer@v1
Test OLM installation	UNKNOWN STEP	2025-06-05T12:48:53.2964137Z with:
Test OLM installation	UNKNOWN STEP	2025-06-05T12:48:53.2964433Z   source: github
Test OLM installation	UNKNOWN STEP	2025-06-05T12:48:53.2964743Z   opm: 1.21.0
Test OLM installation	UNKNOWN STEP	2025-06-05T12:48:53.2965230Z   github_pat: ***
Test OLM installation	UNKNOWN STEP	2025-06-05T12:48:53.2965545Z   skip_cache: false
Test OLM installation	UNKNOWN STEP	2025-06-05T12:48:53.2965860Z env:
Test OLM installation	UNKNOWN STEP	2025-06-05T12:48:53.2966301Z   MAVEN_ARGS: -B -nsu -Daether.connector.http.connectionMaxTtl=25
Test OLM installation	UNKNOWN STEP	2025-06-05T12:48:53.2966920Z   MINIKUBE_VERSION: v1.32.0
Test OLM installation	UNKNOWN STEP	2025-06-05T12:48:53.2967314Z   KUBERNETES_VERSION: v1.27.10
Test OLM installation	UNKNOWN STEP	2025-06-05T12:48:53.2967708Z   MINIKUBE_MEMORY: 4096
Test OLM installation	UNKNOWN STEP	2025-06-05T12:48:53.2968250Z   JAVA_HOME: /opt/hostedtoolcache/Java_Temurin-Hotspot_jdk/21.0.7-6/x64
Test OLM installation	UNKNOWN STEP	2025-06-05T12:48:53.2969028Z   JAVA_HOME_21_X64: /opt/hostedtoolcache/Java_Temurin-Hotspot_jdk/21.0.7-6/x64
Test OLM installation	UNKNOWN STEP	2025-06-05T12:48:53.2969749Z   MINIKUBE_HOME: /home/runner/work/_temp
Test OLM installation	UNKNOWN STEP	2025-06-05T12:48:53.2970388Z ##[endgroup]
Test OLM installation	UNKNOWN STEP	2025-06-05T12:48:53.4572716Z Installing opm matching version "1.21.0"
Test OLM installation	UNKNOWN STEP	2025-06-05T12:48:53.4591957Z â¹ï¸ Tools will be installed from "github".
Test OLM installation	UNKNOWN STEP	2025-06-05T12:48:53.4593652Z 
Test OLM installation	UNKNOWN STEP	2025-06-05T12:48:53.4594152Z ð Searching for a version of opm satisfying the range "1.21.0" that was input as "1.21.0"
Test OLM installation	UNKNOWN STEP	2025-06-05T12:48:54.8546817Z Max opm version satisfying 1.21.0 is 1.21.0
Test OLM installation	UNKNOWN STEP	2025-06-05T12:48:54.8548101Z Download path of opm is https://github.com/operator-framework/operator-registry/releases
Test OLM installation	UNKNOWN STEP	2025-06-05T12:48:55.0706064Z Current operating system is linux
Test OLM installation	UNKNOWN STEP	2025-06-05T12:48:55.0708344Z Current architecture is amd64
Test OLM installation	UNKNOWN STEP	2025-06-05T12:48:55.0709324Z Selecting linux-amd64-opm
Test OLM installation	UNKNOWN STEP	2025-06-05T12:48:55.0713063Z Using temporary directory for storage
Test OLM installation	UNKNOWN STEP	2025-06-05T12:48:55.0725542Z ð CLIs will be downloaded to /home/runner/work/_temp/openshift-bin
Test OLM installation	UNKNOWN STEP	2025-06-05T12:48:55.0728306Z Added /home/runner/work/_temp/openshift-bin to PATH
Test OLM installation	UNKNOWN STEP	2025-06-05T12:48:55.0728711Z Checking the cache for opm v1.21.0...
Test OLM installation	UNKNOWN STEP	2025-06-05T12:49:15.1554883Z ##[warning]Failed to check cache for opm v1.21.0: Error: getCacheEntry failed: Request timeout: /tCOJJILWkex8UDNVB9Z9q2wVTEo6XuQmvYC4WF5xSHs8KTS3Kx/_apis/artifactcache/cache?keys=opm_v1.21.0_linux_amd64_github&version=8b32b49210c8cf4c3e3edd31ba24546ebd2f9bbb4a71c43aadd293997aa68499
Test OLM installation	UNKNOWN STEP	2025-06-05T12:49:15.3907650Z â¬ï¸ Downloading 45.03MB https://github.com/operator-framework/operator-registry/releases/download/v1.21.0/linux-amd64-opm ...
Test OLM installation	UNKNOWN STEP	2025-06-05T12:49:15.8872837Z Downloaded linux-amd64-opm in 0.5s
Test OLM installation	UNKNOWN STEP	2025-06-05T12:49:15.8875846Z Download path of opm is https://github.com/operator-framework/operator-registry/releases
Test OLM installation	UNKNOWN STEP	2025-06-05T12:49:16.0719320Z â¬ï¸ Downloading hash file https://github.com/operator-framework/operator-registry/releases/download/v1.21.0/checksums.txt
Test OLM installation	UNKNOWN STEP	2025-06-05T12:49:16.3987057Z sha256 verification of linux-amd64-opm succeeded.
Test OLM installation	UNKNOWN STEP	2025-06-05T12:49:16.4030868Z opm installed into /home/runner/work/_temp/openshift-bin/opm
Test OLM installation	UNKNOWN STEP	2025-06-05T12:49:16.4059456Z [command]/home/runner/work/_temp/openshift-bin/opm version
Test OLM installation	UNKNOWN STEP	2025-06-05T12:49:16.4248572Z Version: version.Version{OpmVersion:"v1.21.0", GitCommit:"9999f796", BuildDate:"2022-03-03T21:23:12Z", GoOs:"linux", GoArch:"amd64"}
Test OLM installation	UNKNOWN STEP	2025-06-05T12:49:16.4268137Z ð¾ Saving opm v1.21.0 into the cache
Test OLM installation	UNKNOWN STEP	2025-06-05T12:49:36.4510750Z ##[warning]Failed to cache opm v1.21.0: Error: reserveCache failed: Request timeout: /tCOJJILWkex8UDNVB9Z9q2wVTEo6XuQmvYC4WF5xSHs8KTS3Kx/_apis/artifactcache/caches
Test OLM installation	UNKNOWN STEP	2025-06-05T12:49:36.4513410Z â Successfully installed opm v1.21.0.
Test OLM installation	UNKNOWN STEP	2025-06-05T12:49:36.4514280Z 
Test OLM installation	UNKNOWN STEP	2025-06-05T12:49:36.4514563Z â Successfully installed 1/1 client:
Test OLM installation	UNKNOWN STEP	2025-06-05T12:49:36.4515047Z   - opm v1.21.0
Test OLM installation	UNKNOWN STEP	2025-06-05T12:49:36.4528201Z Wrote out installed versions to /home/runner/work/_temp/openshift-bin/openshift-clients-installed.json
Test OLM installation	UNKNOWN STEP	2025-06-05T12:51:39.1277468Z ##[group]Run sudo snap install yq
Test OLM installation	UNKNOWN STEP	2025-06-05T12:51:39.1277822Z [36;1msudo snap install yq[0m
Test OLM installation	UNKNOWN STEP	2025-06-05T12:51:39.1509452Z shell: /usr/bin/bash --noprofile --norc -e -o pipefail {0}
Test OLM installation	UNKNOWN STEP	2025-06-05T12:51:39.1509846Z env:
Test OLM installation	UNKNOWN STEP	2025-06-05T12:51:39.1510442Z   MAVEN_ARGS: -B -nsu -Daether.connector.http.connectionMaxTtl=25
Test OLM installation	UNKNOWN STEP	2025-06-05T12:51:39.1510853Z   MINIKUBE_VERSION: v1.32.0
Test OLM installation	UNKNOWN STEP	2025-06-05T12:51:39.1511119Z   KUBERNETES_VERSION: v1.27.10
Test OLM installation	UNKNOWN STEP	2025-06-05T12:51:39.1511383Z   MINIKUBE_MEMORY: 4096
Test OLM installation	UNKNOWN STEP	2025-06-05T12:51:39.1511739Z   JAVA_HOME: /opt/hostedtoolcache/Java_Temurin-Hotspot_jdk/21.0.7-6/x64
Test OLM installation	UNKNOWN STEP	2025-06-05T12:51:39.1512282Z   JAVA_HOME_21_X64: /opt/hostedtoolcache/Java_Temurin-Hotspot_jdk/21.0.7-6/x64
Test OLM installation	UNKNOWN STEP	2025-06-05T12:51:39.1512721Z   MINIKUBE_HOME: /home/runner/work/_temp
Test OLM installation	UNKNOWN STEP	2025-06-05T12:51:39.1513027Z ##[endgroup]
Test OLM installation	UNKNOWN STEP	2025-06-05T12:51:42.7958512Z 2025-06-05T12:51:42Z INFO Waiting for automatic snapd restart...
Test OLM installation	UNKNOWN STEP	2025-06-05T12:51:52.6215800Z yq v4.44.5 from Mike Farah (mikefarah) installed
Test OLM installation	UNKNOWN STEP	2025-06-05T12:51:52.6271158Z ##[group]Run ./scripts/install-olm.sh
Test OLM installation	UNKNOWN STEP	2025-06-05T12:51:52.6271491Z [36;1m./scripts/install-olm.sh[0m
Test OLM installation	UNKNOWN STEP	2025-06-05T12:51:52.6323381Z shell: /usr/bin/bash --noprofile --norc -e -o pipefail {0}
Test OLM installation	UNKNOWN STEP	2025-06-05T12:51:52.6323699Z env:
Test OLM installation	UNKNOWN STEP	2025-06-05T12:51:52.6323974Z   MAVEN_ARGS: -B -nsu -Daether.connector.http.connectionMaxTtl=25
Test OLM installation	UNKNOWN STEP	2025-06-05T12:51:52.6324336Z   MINIKUBE_VERSION: v1.32.0
Test OLM installation	UNKNOWN STEP	2025-06-05T12:51:52.6324575Z   KUBERNETES_VERSION: v1.27.10
Test OLM installation	UNKNOWN STEP	2025-06-05T12:51:52.6324796Z   MINIKUBE_MEMORY: 4096
Test OLM installation	UNKNOWN STEP	2025-06-05T12:51:52.6325110Z   JAVA_HOME: /opt/hostedtoolcache/Java_Temurin-Hotspot_jdk/21.0.7-6/x64
Test OLM installation	UNKNOWN STEP	2025-06-05T12:51:52.6325552Z   JAVA_HOME_21_X64: /opt/hostedtoolcache/Java_Temurin-Hotspot_jdk/21.0.7-6/x64
Test OLM installation	UNKNOWN STEP	2025-06-05T12:51:52.6325917Z   MINIKUBE_HOME: /home/runner/work/_temp
Test OLM installation	UNKNOWN STEP	2025-06-05T12:51:52.6326177Z ##[endgroup]
Test OLM installation	UNKNOWN STEP	2025-06-05T12:51:52.6408240Z + mkdir -p /tmp/olm/
Test OLM installation	UNKNOWN STEP	2025-06-05T12:51:52.6422360Z + curl -f -L https://github.com/operator-framework/operator-lifecycle-manager/releases/download/v0.26.0/install.sh -o /tmp/olm/install.sh
Test OLM installation	UNKNOWN STEP	2025-06-05T12:51:52.6492772Z   % Total    % Received % Xferd  Average Speed   Time    Time     Time  Current
Test OLM installation	UNKNOWN STEP	2025-06-05T12:51:52.6493406Z                                  Dload  Upload   Total   Spent    Left  Speed
Test OLM installation	UNKNOWN STEP	2025-06-05T12:51:52.6493767Z 
Test OLM installation	UNKNOWN STEP	2025-06-05T12:51:52.7845376Z   0     0    0     0    0     0      0      0 --:--:-- --:--:-- --:--:--     0
Test OLM installation	UNKNOWN STEP	2025-06-05T12:51:52.7845971Z   0     0    0     0    0     0      0      0 --:--:-- --:--:-- --:--:--     0
Test OLM installation	UNKNOWN STEP	2025-06-05T12:51:52.9055599Z 
Test OLM installation	UNKNOWN STEP	2025-06-05T12:51:52.9056261Z 100  1886  100  1886    0     0   7355      0 --:--:-- --:--:-- --:--:--  7355
Test OLM installation	UNKNOWN STEP	2025-06-05T12:51:52.9090370Z + chmod +x /tmp/olm/install.sh
Test OLM installation	UNKNOWN STEP	2025-06-05T12:51:52.9103164Z + /tmp/olm/install.sh v0.26.0
Test OLM installation	UNKNOWN STEP	2025-06-05T12:51:53.4952717Z customresourcedefinition.apiextensions.k8s.io/catalogsources.operators.coreos.com created
Test OLM installation	UNKNOWN STEP	2025-06-05T12:51:53.6454430Z customresourcedefinition.apiextensions.k8s.io/clusterserviceversions.operators.coreos.com created
Test OLM installation	UNKNOWN STEP	2025-06-05T12:51:53.6587716Z customresourcedefinition.apiextensions.k8s.io/installplans.operators.coreos.com created
Test OLM installation	UNKNOWN STEP	2025-06-05T12:51:53.6711832Z customresourcedefinition.apiextensions.k8s.io/olmconfigs.operators.coreos.com created
Test OLM installation	UNKNOWN STEP	2025-06-05T12:51:53.6963413Z customresourcedefinition.apiextensions.k8s.io/operatorconditions.operators.coreos.com created
Test OLM installation	UNKNOWN STEP	2025-06-05T12:51:53.7242224Z customresourcedefinition.apiextensions.k8s.io/operatorgroups.operators.coreos.com created
Test OLM installation	UNKNOWN STEP	2025-06-05T12:51:53.7580811Z customresourcedefinition.apiextensions.k8s.io/operators.operators.coreos.com created
Test OLM installation	UNKNOWN STEP	2025-06-05T12:51:53.9472970Z customresourcedefinition.apiextensions.k8s.io/subscriptions.operators.coreos.com created
Test OLM installation	UNKNOWN STEP	2025-06-05T12:51:54.3590966Z customresourcedefinition.apiextensions.k8s.io/catalogsources.operators.coreos.com condition met
Test OLM installation	UNKNOWN STEP	2025-06-05T12:51:54.5312223Z customresourcedefinition.apiextensions.k8s.io/clusterserviceversions.operators.coreos.com condition met
Test OLM installation	UNKNOWN STEP	2025-06-05T12:51:54.6366287Z customresourcedefinition.apiextensions.k8s.io/installplans.operators.coreos.com condition met
Test OLM installation	UNKNOWN STEP	2025-06-05T12:51:54.7408975Z customresourcedefinition.apiextensions.k8s.io/olmconfigs.operators.coreos.com condition met
Test OLM installation	UNKNOWN STEP	2025-06-05T12:51:54.8475876Z customresourcedefinition.apiextensions.k8s.io/operatorconditions.operators.coreos.com condition met
Test OLM installation	UNKNOWN STEP	2025-06-05T12:51:54.9532161Z customresourcedefinition.apiextensions.k8s.io/operatorgroups.operators.coreos.com condition met
Test OLM installation	UNKNOWN STEP	2025-06-05T12:51:55.0583021Z customresourcedefinition.apiextensions.k8s.io/operators.operators.coreos.com condition met
Test OLM installation	UNKNOWN STEP	2025-06-05T12:51:55.1811351Z customresourcedefinition.apiextensions.k8s.io/subscriptions.operators.coreos.com condition met
Test OLM installation	UNKNOWN STEP	2025-06-05T12:51:55.5246144Z namespace/olm created
Test OLM installation	UNKNOWN STEP	2025-06-05T12:51:55.5609448Z namespace/operators created
Test OLM installation	UNKNOWN STEP	2025-06-05T12:51:55.5957408Z serviceaccount/olm-operator-serviceaccount created
Test OLM installation	UNKNOWN STEP	2025-06-05T12:51:55.6070395Z clusterrole.rbac.authorization.k8s.io/system:controller:operator-lifecycle-manager created
Test OLM installation	UNKNOWN STEP	2025-06-05T12:51:55.6163672Z clusterrolebinding.rbac.authorization.k8s.io/olm-operator-binding-olm created
Test OLM installation	UNKNOWN STEP	2025-06-05T12:51:57.6447423Z olmconfig.operators.coreos.com/cluster created
Test OLM installation	UNKNOWN STEP	2025-06-05T12:51:57.6695939Z deployment.apps/olm-operator created
Test OLM installation	UNKNOWN STEP	2025-06-05T12:51:57.7014337Z deployment.apps/catalog-operator created
Test OLM installation	UNKNOWN STEP	2025-06-05T12:51:57.7161424Z clusterrole.rbac.authorization.k8s.io/aggregate-olm-edit created
Test OLM installation	UNKNOWN STEP	2025-06-05T12:51:57.7320525Z clusterrole.rbac.authorization.k8s.io/aggregate-olm-view created
Test OLM installation	UNKNOWN STEP	2025-06-05T12:51:57.7649450Z operatorgroup.operators.coreos.com/global-operators created
Test OLM installation	UNKNOWN STEP	2025-06-05T12:51:57.7736610Z operatorgroup.operators.coreos.com/olm-operators created
Test OLM installation	UNKNOWN STEP	2025-06-05T12:51:57.8204226Z clusterserviceversion.operators.coreos.com/packageserver created
Test OLM installation	UNKNOWN STEP	2025-06-05T12:51:57.8510781Z catalogsource.operators.coreos.com/operatorhubio-catalog created
Test OLM installation	UNKNOWN STEP	2025-06-05T12:51:57.9055310Z Waiting for deployment "olm-operator" rollout to finish: 0 of 1 updated replicas are available...
Test OLM installation	UNKNOWN STEP	2025-06-05T12:52:03.4815531Z deployment "olm-operator" successfully rolled out
Test OLM installation	UNKNOWN STEP	2025-06-05T12:52:03.5392032Z deployment "catalog-operator" successfully rolled out
Test OLM installation	UNKNOWN STEP	2025-06-05T12:52:03.5927546Z Package server phase: Installing
Test OLM installation	UNKNOWN STEP	2025-06-05T12:52:13.6542275Z Package server phase: Succeeded
Test OLM installation	UNKNOWN STEP	2025-06-05T12:52:13.7055892Z deployment "packageserver" successfully rolled out
Test OLM installation	UNKNOWN STEP	2025-06-05T12:52:13.7139849Z ##[group]Run actions/download-artifact@v4
Test OLM installation	UNKNOWN STEP	2025-06-05T12:52:13.7140511Z with:
Test OLM installation	UNKNOWN STEP	2025-06-05T12:52:13.7140767Z   name: keycloak-dist
Test OLM installation	UNKNOWN STEP	2025-06-05T12:52:13.7141080Z   path: quarkus/container
Test OLM installation	UNKNOWN STEP	2025-06-05T12:52:13.7141419Z   merge-multiple: false
Test OLM installation	UNKNOWN STEP	2025-06-05T12:52:13.7141742Z   repository: keycloak/keycloak
Test OLM installation	UNKNOWN STEP	2025-06-05T12:52:13.7142137Z   run-id: 15467292331
Test OLM installation	UNKNOWN STEP	2025-06-05T12:52:13.7142457Z env:
Test OLM installation	UNKNOWN STEP	2025-06-05T12:52:13.7142934Z   MAVEN_ARGS: -B -nsu -Daether.connector.http.connectionMaxTtl=25
Test OLM installation	UNKNOWN STEP	2025-06-05T12:52:13.7143534Z   MINIKUBE_VERSION: v1.32.0
Test OLM installation	UNKNOWN STEP	2025-06-05T12:52:13.7143893Z   KUBERNETES_VERSION: v1.27.10
Test OLM installation	UNKNOWN STEP	2025-06-05T12:52:13.7144246Z   MINIKUBE_MEMORY: 4096
Test OLM installation	UNKNOWN STEP	2025-06-05T12:52:13.7144766Z   JAVA_HOME: /opt/hostedtoolcache/Java_Temurin-Hotspot_jdk/21.0.7-6/x64
Test OLM installation	UNKNOWN STEP	2025-06-05T12:52:13.7145546Z   JAVA_HOME_21_X64: /opt/hostedtoolcache/Java_Temurin-Hotspot_jdk/21.0.7-6/x64
Test OLM installation	UNKNOWN STEP	2025-06-05T12:52:13.7146167Z   MINIKUBE_HOME: /home/runner/work/_temp
Test OLM installation	UNKNOWN STEP	2025-06-05T12:52:13.7146554Z ##[endgroup]
Test OLM installation	UNKNOWN STEP	2025-06-05T12:52:14.0177717Z Downloading single artifact
Test OLM installation	UNKNOWN STEP	2025-06-05T12:52:14.1866009Z Preparing to download the following artifacts:
Test OLM installation	UNKNOWN STEP	2025-06-05T12:52:14.1867044Z - keycloak-dist (ID: 3267554200, Size: 155124707, Expected Digest: sha256:cf25a21ecf4c79369f920c2663475a215c03e704f943b0c97e86c86ab4e35008)
Test OLM installation	UNKNOWN STEP	2025-06-05T12:52:14.2930356Z Redirecting to blob download url: https://productionresultssa4.blob.core.windows.net/actions-results/f4736d9b-7ec4-4e61-b989-f6d8e8d8456a/workflow-job-run-b9b919e2-e56b-5339-bd0a-0c15bb44543c/artifacts/8ec452859fe416bcecd39b267c69bfe76c7634fb13c33b71d912d2a8c0986080.zip
Test OLM installation	UNKNOWN STEP	2025-06-05T12:52:14.2932922Z Starting download of artifact to: /home/runner/work/keycloak/keycloak/quarkus/container
Test OLM installation	UNKNOWN STEP	2025-06-05T12:52:14.4492939Z (node:10292) [DEP0005] DeprecationWarning: Buffer() is deprecated due to security and usability issues. Please use the Buffer.alloc(), Buffer.allocUnsafe(), or Buffer.from() methods instead.
Test OLM installation	UNKNOWN STEP	2025-06-05T12:52:14.4497116Z (Use `node --trace-deprecation ...` to show where the warning was created)
Test OLM installation	UNKNOWN STEP	2025-06-05T12:52:16.7337311Z SHA256 digest of downloaded artifact is cf25a21ecf4c79369f920c2663475a215c03e704f943b0c97e86c86ab4e35008
Test OLM installation	UNKNOWN STEP	2025-06-05T12:52:16.7338184Z Artifact download completed successfully.
Test OLM installation	UNKNOWN STEP	2025-06-05T12:52:16.7338654Z Total of 1 artifact(s) downloaded
Test OLM installation	UNKNOWN STEP	2025-06-05T12:52:16.7344510Z Download artifact has finished successfully
Test OLM installation	UNKNOWN STEP	2025-06-05T12:52:16.7466877Z ##[group]Run eval $(minikube -p minikube docker-env)
Test OLM installation	UNKNOWN STEP	2025-06-05T12:52:16.7467298Z [36;1meval $(minikube -p minikube docker-env)[0m
Test OLM installation	UNKNOWN STEP	2025-06-05T12:52:16.7467659Z [36;1m./scripts/olm-testing.sh ${GITHUB_SHA::6}[0m
Test OLM installation	UNKNOWN STEP	2025-06-05T12:52:16.7519420Z shell: /usr/bin/bash --noprofile --norc -e -o pipefail {0}
Test OLM installation	UNKNOWN STEP	2025-06-05T12:52:16.7519741Z env:
Test OLM installation	UNKNOWN STEP	2025-06-05T12:52:16.7520022Z   MAVEN_ARGS: -B -nsu -Daether.connector.http.connectionMaxTtl=25
Test OLM installation	UNKNOWN STEP	2025-06-05T12:52:16.7520629Z   MINIKUBE_VERSION: v1.32.0
Test OLM installation	UNKNOWN STEP	2025-06-05T12:52:16.7520863Z   KUBERNETES_VERSION: v1.27.10
Test OLM installation	UNKNOWN STEP	2025-06-05T12:52:16.7521099Z   MINIKUBE_MEMORY: 4096
Test OLM installation	UNKNOWN STEP	2025-06-05T12:52:16.7521410Z   JAVA_HOME: /opt/hostedtoolcache/Java_Temurin-Hotspot_jdk/21.0.7-6/x64
Test OLM installation	UNKNOWN STEP	2025-06-05T12:52:16.7521858Z   JAVA_HOME_21_X64: /opt/hostedtoolcache/Java_Temurin-Hotspot_jdk/21.0.7-6/x64
Test OLM installation	UNKNOWN STEP	2025-06-05T12:52:16.7522242Z   MINIKUBE_HOME: /home/runner/work/_temp
Test OLM installation	UNKNOWN STEP	2025-06-05T12:52:16.7522499Z ##[endgroup]
Test OLM installation	UNKNOWN STEP	2025-06-05T12:52:17.0256021Z + UUID=c4fa15
Test OLM installation	UNKNOWN STEP	2025-06-05T12:52:17.0258388Z + INSTALL_NAMESPACE=default
Test OLM installation	UNKNOWN STEP	2025-06-05T12:52:17.0260588Z + TARGET_NAMESPACES=default
Test OLM installation	UNKNOWN STEP	2025-06-05T12:52:17.0266376Z +++ dirname -- ./scripts/olm-testing.sh
Test OLM installation	UNKNOWN STEP	2025-06-05T12:52:17.0275039Z ++ cd -- ./scripts
Test OLM installation	UNKNOWN STEP	2025-06-05T12:52:17.0275750Z ++ pwd
Test OLM installation	UNKNOWN STEP	2025-06-05T12:52:17.0277606Z + SCRIPT_DIR=/home/runner/work/keycloak/keycloak/operator/scripts
Test OLM installation	UNKNOWN STEP	2025-06-05T12:52:17.0278168Z + VERSION=86400000.0.0
Test OLM installation	UNKNOWN STEP	2025-06-05T12:52:17.0281813Z + cd /home/runner/work/keycloak/keycloak/operator/scripts/../../quarkus/container
Test OLM installation	UNKNOWN STEP	2025-06-05T12:52:17.0284651Z ++ ls keycloak-999.0.0-SNAPSHOT.tar.gz
Test OLM installation	UNKNOWN STEP	2025-06-05T12:52:17.0297826Z + docker build --build-arg KEYCLOAK_DIST=keycloak-999.0.0-SNAPSHOT.tar.gz . -t ttl.sh/c4fa15keycloak:86400000.0.0
Test OLM installation	UNKNOWN STEP	2025-06-05T12:52:17.5331083Z #0 building with "default" instance using docker driver
Test OLM installation	UNKNOWN STEP	2025-06-05T12:52:17.5331515Z 
Test OLM installation	UNKNOWN STEP	2025-06-05T12:52:17.5331673Z #1 [internal] load .dockerignore
Test OLM installation	UNKNOWN STEP	2025-06-05T12:52:17.5332079Z #1 transferring context: 2B done
Test OLM installation	UNKNOWN STEP	2025-06-05T12:52:17.5332447Z #1 DONE 0.0s
Test OLM installation	UNKNOWN STEP	2025-06-05T12:52:17.5332617Z 
Test OLM installation	UNKNOWN STEP	2025-06-05T12:52:17.5332848Z #2 [internal] load build definition from Dockerfile
Test OLM installation	UNKNOWN STEP	2025-06-05T12:52:17.5333353Z #2 transferring dockerfile: 2.72kB done
Test OLM installation	UNKNOWN STEP	2025-06-05T12:52:17.5333759Z #2 DONE 0.0s
Test OLM installation	UNKNOWN STEP	2025-06-05T12:52:17.5333940Z 
Test OLM installation	UNKNOWN STEP	2025-06-05T12:52:17.5334277Z #3 [internal] load metadata for registry.access.redhat.com/ubi9-micro:latest
Test OLM installation	UNKNOWN STEP	2025-06-05T12:52:18.2206528Z #3 ...
Test OLM installation	UNKNOWN STEP	2025-06-05T12:52:18.2207078Z 
Test OLM installation	UNKNOWN STEP	2025-06-05T12:52:18.2210683Z #4 [internal] load metadata for registry.access.redhat.com/ubi9:latest
Test OLM installation	UNKNOWN STEP	2025-06-05T12:52:18.2211294Z #4 DONE 0.8s
Test OLM installation	UNKNOWN STEP	2025-06-05T12:52:18.3699495Z 
Test OLM installation	UNKNOWN STEP	2025-06-05T12:52:18.3703916Z #3 [internal] load metadata for registry.access.redhat.com/ubi9-micro:latest
Test OLM installation	UNKNOWN STEP	2025-06-05T12:52:18.4927690Z #3 DONE 1.1s
Test OLM installation	UNKNOWN STEP	2025-06-05T12:52:18.6347125Z 
Test OLM installation	UNKNOWN STEP	2025-06-05T12:52:18.6348309Z #5 [ubi-micro-build 1/8] FROM registry.access.redhat.com/ubi9@sha256:304b50df1ea4db9706d8a30f4bbf26f582936ebc80c7e075c72ff2af99292a54
Test OLM installation	UNKNOWN STEP	2025-06-05T12:52:18.6350246Z #5 resolve registry.access.redhat.com/ubi9@sha256:304b50df1ea4db9706d8a30f4bbf26f582936ebc80c7e075c72ff2af99292a54 0.0s done
Test OLM installation	UNKNOWN STEP	2025-06-05T12:52:18.6351739Z #5 sha256:304b50df1ea4db9706d8a30f4bbf26f582936ebc80c7e075c72ff2af99292a54 897B / 897B done
Test OLM installation	UNKNOWN STEP	2025-06-05T12:52:18.6352892Z #5 sha256:62fb429dc6b93ab5ade55d1c8e6b08735f00224d3081d58f161eb5f55eeb3d7d 505B / 505B done
Test OLM installation	UNKNOWN STEP	2025-06-05T12:52:18.6354503Z #5 sha256:83c48939c2c8782580d44062545386358defd2d5cc748b9b963bdb8a78046a46 5.06kB / 5.06kB done
Test OLM installation	UNKNOWN STEP	2025-06-05T12:52:18.6355593Z #5 sha256:92efcdccd1058003df257e9cbdf756ff6b10bd276551590536a5a1678e099aaf 0B / 79.59MB 0.1s
Test OLM installation	UNKNOWN STEP	2025-06-05T12:52:18.7453289Z #5 sha256:92efcdccd1058003df257e9cbdf756ff6b10bd276551590536a5a1678e099aaf 10.49MB / 79.59MB 0.2s
Test OLM installation	UNKNOWN STEP	2025-06-05T12:52:18.8479725Z #5 sha256:92efcdccd1058003df257e9cbdf756ff6b10bd276551590536a5a1678e099aaf 20.97MB / 79.59MB 0.3s
Test OLM installation	UNKNOWN STEP	2025-06-05T12:52:18.9479897Z #5 sha256:92efcdccd1058003df257e9cbdf756ff6b10bd276551590536a5a1678e099aaf 36.70MB / 79.59MB 0.4s
Test OLM installation	UNKNOWN STEP	2025-06-05T12:52:19.0505819Z #5 sha256:92efcdccd1058003df257e9cbdf756ff6b10bd276551590536a5a1678e099aaf 50.33MB / 79.59MB 0.5s
Test OLM installation	UNKNOWN STEP	2025-06-05T12:52:19.1960303Z #5 sha256:92efcdccd1058003df257e9cbdf756ff6b10bd276551590536a5a1678e099aaf 66.53MB / 79.59MB 0.6s
Test OLM installation	UNKNOWN STEP	2025-06-05T12:52:19.3260454Z #5 sha256:92efcdccd1058003df257e9cbdf756ff6b10bd276551590536a5a1678e099aaf 79.59MB / 79.59MB 0.7s
Test OLM installation	UNKNOWN STEP	2025-06-05T12:52:19.3263808Z #5 extracting sha256:92efcdccd1058003df257e9cbdf756ff6b10bd276551590536a5a1678e099aaf
Test OLM installation	UNKNOWN STEP	2025-06-05T12:52:19.4486689Z #5 sha256:92efcdccd1058003df257e9cbdf756ff6b10bd276551590536a5a1678e099aaf 79.59MB / 79.59MB 0.7s done
Test OLM installation	UNKNOWN STEP	2025-06-05T12:52:19.5494394Z #5 ...
Test OLM installation	UNKNOWN STEP	2025-06-05T12:52:19.5494640Z 
Test OLM installation	UNKNOWN STEP	2025-06-05T12:52:19.5495346Z #6 [stage-1 1/4] FROM registry.access.redhat.com/ubi9-micro@sha256:955512628a9104d74f7b3b0a91db27a6bbecdd6a1975ce0f1b2658d3cd060b98
Test OLM installation	UNKNOWN STEP	2025-06-05T12:52:19.5500400Z #6 resolve registry.access.redhat.com/ubi9-micro@sha256:955512628a9104d74f7b3b0a91db27a6bbecdd6a1975ce0f1b2658d3cd060b98 0.0s done
Test OLM installation	UNKNOWN STEP	2025-06-05T12:52:19.5501754Z #6 sha256:cd2f3f69481dffe63a3071ea43aeeab2a4af254e96b065c35b2d7ce2534e0383 7.27MB / 7.27MB 0.2s done
Test OLM installation	UNKNOWN STEP	2025-06-05T12:52:19.5502870Z #6 sha256:955512628a9104d74f7b3b0a91db27a6bbecdd6a1975ce0f1b2658d3cd060b98 897B / 897B done
Test OLM installation	UNKNOWN STEP	2025-06-05T12:52:19.5503906Z #6 sha256:bc049e6e35c145513e3ec226faf3f929337ea2337fa5c9f7e00375aef4b801e8 504B / 504B done
Test OLM installation	UNKNOWN STEP	2025-06-05T12:52:19.5504956Z #6 sha256:352e1e8e3c437ad6bd352f164df8bdf7018df09f730362546276fe3df62ffd8c 4.00kB / 4.00kB done
Test OLM installation	UNKNOWN STEP	2025-06-05T12:52:19.5506119Z #6 extracting sha256:cd2f3f69481dffe63a3071ea43aeeab2a4af254e96b065c35b2d7ce2534e0383 0.7s done
Test OLM installation	UNKNOWN STEP	2025-06-05T12:52:19.5506861Z #6 DONE 0.9s
Test OLM installation	UNKNOWN STEP	2025-06-05T12:52:19.5507036Z 
Test OLM installation	UNKNOWN STEP	2025-06-05T12:52:19.5507751Z #5 [ubi-micro-build 1/8] FROM registry.access.redhat.com/ubi9@sha256:304b50df1ea4db9706d8a30f4bbf26f582936ebc80c7e075c72ff2af99292a54
Test OLM installation	UNKNOWN STEP	2025-06-05T12:52:19.7896012Z #5 ...
Test OLM installation	UNKNOWN STEP	2025-06-05T12:52:19.7896465Z 
Test OLM installation	UNKNOWN STEP	2025-06-05T12:52:19.7897097Z #7 [internal] load build context
Test OLM installation	UNKNOWN STEP	2025-06-05T12:52:19.7897573Z #7 transferring context: 155.11MB 1.2s done
Test OLM installation	UNKNOWN STEP	2025-06-05T12:52:19.7898010Z #7 DONE 1.2s
Test OLM installation	UNKNOWN STEP	2025-06-05T12:52:19.7898189Z 
Test OLM installation	UNKNOWN STEP	2025-06-05T12:52:19.7898884Z #5 [ubi-micro-build 1/8] FROM registry.access.redhat.com/ubi9@sha256:304b50df1ea4db9706d8a30f4bbf26f582936ebc80c7e075c72ff2af99292a54
Test OLM installation	UNKNOWN STEP	2025-06-05T12:52:23.8995838Z #5 extracting sha256:92efcdccd1058003df257e9cbdf756ff6b10bd276551590536a5a1678e099aaf 4.6s done
Test OLM installation	UNKNOWN STEP	2025-06-05T12:52:24.0753000Z #5 DONE 5.4s
Test OLM installation	UNKNOWN STEP	2025-06-05T12:52:24.0753256Z 
Test OLM installation	UNKNOWN STEP	2025-06-05T12:52:24.0753440Z #8 [ubi-micro-build 2/8] RUN dnf install -y tar gzip
Test OLM installation	UNKNOWN STEP	2025-06-05T12:52:24.2705456Z #8 0.345 Updating Subscription Management repositories.
Test OLM installation	UNKNOWN STEP	2025-06-05T12:52:24.3726753Z #8 0.346 Unable to read consumer identity
Test OLM installation	UNKNOWN STEP	2025-06-05T12:52:24.3727274Z #8 0.349 
Test OLM installation	UNKNOWN STEP	2025-06-05T12:52:24.3728026Z #8 0.349 This system is not registered with an entitlement server. You can use subscription-manager to register.
Test OLM installation	UNKNOWN STEP	2025-06-05T12:52:24.3728797Z #8 0.349 
Test OLM installation	UNKNOWN STEP	2025-06-05T12:52:24.3729345Z #8 0.448 Red Hat Universal Base Image 9 (RPMs) - BaseOS  9.1 MB/s | 587 kB     00:00    
Test OLM installation	UNKNOWN STEP	2025-06-05T12:52:24.5292231Z #8 0.604 Red Hat Universal Base Image 9 (RPMs) - AppStre  34 MB/s | 2.4 MB     00:00    
Test OLM installation	UNKNOWN STEP	2025-06-05T12:52:24.9556419Z #8 1.031 Red Hat Universal Base Image 9 (RPMs) - CodeRea 4.7 MB/s | 284 kB     00:00    
Test OLM installation	UNKNOWN STEP	2025-06-05T12:52:25.0947639Z #8 1.170 Package tar-2:1.34-7.el9.x86_64 is already installed.
Test OLM installation	UNKNOWN STEP	2025-06-05T12:52:25.2008082Z #8 1.170 Package gzip-1.12-1.el9.x86_64 is already installed.
Test OLM installation	UNKNOWN STEP	2025-06-05T12:52:25.2008741Z #8 1.184 Dependencies resolved.
Test OLM installation	UNKNOWN STEP	2025-06-05T12:52:25.2009130Z #8 1.185 Nothing to do.
Test OLM installation	UNKNOWN STEP	2025-06-05T12:52:25.2009472Z #8 1.185 Complete!
Test OLM installation	UNKNOWN STEP	2025-06-05T12:52:25.2009786Z #8 DONE 1.3s
Test OLM installation	UNKNOWN STEP	2025-06-05T12:52:25.3515857Z 
Test OLM installation	UNKNOWN STEP	2025-06-05T12:52:25.3516628Z #9 [ubi-micro-build 3/8] ADD keycloak-999.0.0-SNAPSHOT.tar.gz /tmp/keycloak/
Test OLM installation	UNKNOWN STEP	2025-06-05T12:52:26.3056462Z #9 DONE 1.1s
Test OLM installation	UNKNOWN STEP	2025-06-05T12:52:26.4195547Z 
Test OLM installation	UNKNOWN STEP	2025-06-05T12:52:26.4196826Z #10 [ubi-micro-build 4/8] RUN (cd /tmp/keycloak &&     tar -xvf /tmp/keycloak/keycloak-*.tar.gz &&     rm /tmp/keycloak/keycloak-*.tar.gz) || true
Test OLM installation	UNKNOWN STEP	2025-06-05T12:52:26.4198106Z #10 0.098 tar: /tmp/keycloak/keycloak-*.tar.gz: Cannot open: No such file or directory
Test OLM installation	UNKNOWN STEP	2025-06-05T12:52:26.4199403Z #10 0.098 tar: Error is not recoverable: exiting now
Test OLM installation	UNKNOWN STEP	2025-06-05T12:52:26.4200337Z #10 DONE 0.1s
Test OLM installation	UNKNOWN STEP	2025-06-05T12:52:26.5343208Z 
Test OLM installation	UNKNOWN STEP	2025-06-05T12:52:26.5344162Z #11 [ubi-micro-build 5/8] RUN mv /tmp/keycloak/keycloak-* /opt/keycloak && mkdir -p /opt/keycloak/data
Test OLM installation	UNKNOWN STEP	2025-06-05T12:52:26.5345016Z #11 DONE 0.1s
Test OLM installation	UNKNOWN STEP	2025-06-05T12:52:26.6875237Z 
Test OLM installation	UNKNOWN STEP	2025-06-05T12:52:26.6875990Z #12 [ubi-micro-build 6/8] RUN chmod -R g+rwX /opt/keycloak
Test OLM installation	UNKNOWN STEP	2025-06-05T12:52:27.1924473Z #12 DONE 0.7s
Test OLM installation	UNKNOWN STEP	2025-06-05T12:52:27.3320553Z 
Test OLM installation	UNKNOWN STEP	2025-06-05T12:52:27.3321393Z #13 [ubi-micro-build 7/8] ADD ubi-null.sh /tmp/
Test OLM installation	UNKNOWN STEP	2025-06-05T12:52:27.3322291Z #13 DONE 0.0s
Test OLM installation	UNKNOWN STEP	2025-06-05T12:52:27.3335071Z 
Test OLM installation	UNKNOWN STEP	2025-06-05T12:52:27.3335546Z #14 [ubi-micro-build 8/8] RUN bash /tmp/ubi-null.sh java-21-openjdk-headless glibc-langpack-en findutils
Test OLM installation	UNKNOWN STEP	2025-06-05T12:52:27.3336327Z #14 0.116 ==> Installing packages into chroot
Test OLM installation	UNKNOWN STEP	2025-06-05T12:52:27.3336802Z #14 0.116 + dnf install -y findutils diffutils
Test OLM installation	UNKNOWN STEP	2025-06-05T12:52:27.5780753Z #14 0.361 Updating Subscription Management repositories.
Test OLM installation	UNKNOWN STEP	2025-06-05T12:52:27.6866425Z #14 0.362 Unable to read consumer identity
Test OLM installation	UNKNOWN STEP	2025-06-05T12:52:27.6867885Z #14 0.365 
Test OLM installation	UNKNOWN STEP	2025-06-05T12:52:27.6868648Z #14 0.365 This system is not registered with an entitlement server. You can use subscription-manager to register.
Test OLM installation	UNKNOWN STEP	2025-06-05T12:52:27.6869484Z #14 0.365 
Test OLM installation	UNKNOWN STEP	2025-06-05T12:52:27.6870010Z #14 0.404 Last metadata expiration check: 0:00:03 ago on Thu Jun  5 12:52:24 2025.
Test OLM installation	UNKNOWN STEP	2025-06-05T12:52:27.6871120Z #14 0.425 Package findutils-1:4.8.0-7.el9.x86_64 is already installed.
Test OLM installation	UNKNOWN STEP	2025-06-05T12:52:27.6871769Z #14 0.439 Dependencies resolved.
Test OLM installation	UNKNOWN STEP	2025-06-05T12:52:27.6872298Z #14 0.440 ================================================================================
Test OLM installation	UNKNOWN STEP	2025-06-05T12:52:27.6873116Z #14 0.440  Package         Architecture Version             Repository               Size
Test OLM installation	UNKNOWN STEP	2025-06-05T12:52:27.6873942Z #14 0.440 ================================================================================
Test OLM installation	UNKNOWN STEP	2025-06-05T12:52:27.6874473Z #14 0.440 Installing:
Test OLM installation	UNKNOWN STEP	2025-06-05T12:52:27.6875062Z #14 0.440  diffutils       x86_64       3.7-12.el9          ubi-9-baseos-rpms       402 k
Test OLM installation	UNKNOWN STEP	2025-06-05T12:52:27.6875679Z #14 0.440 
Test OLM installation	UNKNOWN STEP	2025-06-05T12:52:27.6875996Z #14 0.440 Transaction Summary
Test OLM installation	UNKNOWN STEP	2025-06-05T12:52:27.6876424Z #14 0.440 ================================================================================
Test OLM installation	UNKNOWN STEP	2025-06-05T12:52:27.6876898Z #14 0.440 Install  1 Package
Test OLM installation	UNKNOWN STEP	2025-06-05T12:52:27.6877276Z #14 0.440 
Test OLM installation	UNKNOWN STEP	2025-06-05T12:52:27.6877600Z #14 0.440 Total download size: 402 k
Test OLM installation	UNKNOWN STEP	2025-06-05T12:52:27.6878030Z #14 0.441 Installed size: 1.4 M
Test OLM installation	UNKNOWN STEP	2025-06-05T12:52:27.6878447Z #14 0.441 Downloading Packages:
Test OLM installation	UNKNOWN STEP	2025-06-05T12:52:27.6879067Z #14 0.470 diffutils-3.7-12.el9.x86_64.rpm                  14 MB/s | 402 kB     00:00    
Test OLM installation	UNKNOWN STEP	2025-06-05T12:52:27.7955260Z #14 0.471 --------------------------------------------------------------------------------
Test OLM installation	UNKNOWN STEP	2025-06-05T12:52:27.7955947Z #14 0.472 Total                                            13 MB/s | 402 kB     00:00     
Test OLM installation	UNKNOWN STEP	2025-06-05T12:52:27.7956458Z #14 0.483 Running transaction check
Test OLM installation	UNKNOWN STEP	2025-06-05T12:52:27.7956915Z #14 0.487 Transaction check succeeded.
Test OLM installation	UNKNOWN STEP	2025-06-05T12:52:27.7957351Z #14 0.487 Running transaction test
Test OLM installation	UNKNOWN STEP	2025-06-05T12:52:27.7957743Z #14 0.512 Transaction test succeeded.
Test OLM installation	UNKNOWN STEP	2025-06-05T12:52:27.7958753Z #14 0.513 Running transaction
Test OLM installation	UNKNOWN STEP	2025-06-05T12:52:27.7959254Z #14 0.533   Preparing        :                                                        1/1 
Test OLM installation	UNKNOWN STEP	2025-06-05T12:52:27.7959941Z #14 0.569   Installing       : diffutils-3.7-12.el9.x86_64                            1/1 
Test OLM installation	UNKNOWN STEP	2025-06-05T12:52:27.9368554Z #14 0.579   Running scriptlet: diffutils-3.7-12.el9.x86_64                            1/1 
Test OLM installation	UNKNOWN STEP	2025-06-05T12:52:27.9369497Z #14 0.617   Verifying        : diffutils-3.7-12.el9.x86_64                            1/1 
Test OLM installation	UNKNOWN STEP	2025-06-05T12:52:27.9370387Z #14 0.664 Installed products updated.
Test OLM installation	UNKNOWN STEP	2025-06-05T12:52:27.9370842Z #14 0.671 
Test OLM installation	UNKNOWN STEP	2025-06-05T12:52:27.9371145Z #14 0.671 Installed:
Test OLM installation	UNKNOWN STEP	2025-06-05T12:52:27.9371682Z #14 0.671   diffutils-3.7-12.el9.x86_64                                                   
Test OLM installation	UNKNOWN STEP	2025-06-05T12:52:27.9372747Z #14 0.671 
Test OLM installation	UNKNOWN STEP	2025-06-05T12:52:27.9373058Z #14 0.671 Complete!
Test OLM installation	UNKNOWN STEP	2025-06-05T12:52:27.9373411Z #14 0.720 ++ realpath rootfs
Test OLM installation	UNKNOWN STEP	2025-06-05T12:52:28.0902473Z #14 0.722 + rootfs=/tmp/null/rootfs
Test OLM installation	UNKNOWN STEP	2025-06-05T12:52:28.0903001Z #14 0.722 + mkdir -p /tmp/null/rootfs
Test OLM installation	UNKNOWN STEP	2025-06-05T12:52:28.0903859Z #14 0.723 + xargs dnf install -y --installroot /tmp/null/rootfs --releasever 9 --setopt install_weak_deps=false --nodocs
Test OLM installation	UNKNOWN STEP	2025-06-05T12:52:28.1733590Z #14 0.957 Updating Subscription Management repositories.
Test OLM installation	UNKNOWN STEP	2025-06-05T12:52:28.3019223Z #14 0.957 Unable to read consumer identity
Test OLM installation	UNKNOWN STEP	2025-06-05T12:52:28.3019898Z #14 0.959 
Test OLM installation	UNKNOWN STEP	2025-06-05T12:52:28.3020729Z #14 0.959 This system is not registered with an entitlement server. You can use subscription-manager to register.
Test OLM installation	UNKNOWN STEP	2025-06-05T12:52:28.3021280Z #14 0.959 
Test OLM installation	UNKNOWN STEP	2025-06-05T12:52:28.3021655Z #14 1.085 Red Hat Universal Base Image 9 (RPMs) - BaseOS  5.3 MB/s | 587 kB     00:00    
Test OLM installation	UNKNOWN STEP	2025-06-05T12:52:28.4686502Z #14 1.252 Red Hat Universal Base Image 9 (RPMs) - AppStre  30 MB/s | 2.4 MB     00:00    
Test OLM installation	UNKNOWN STEP	2025-06-05T12:52:28.9148962Z #14 1.698 Red Hat Universal Base Image 9 (RPMs) - CodeRea 4.8 MB/s | 284 kB     00:00    
Test OLM installation	UNKNOWN STEP	2025-06-05T12:52:29.0606485Z #14 1.844 Dependencies resolved.
Test OLM installation	UNKNOWN STEP	2025-06-05T12:52:29.1681635Z #14 1.849 =============================================================================================
Test OLM installation	UNKNOWN STEP	2025-06-05T12:52:29.1682769Z #14 1.849  Package                    Arch    Version                       Repository             Size
Test OLM installation	UNKNOWN STEP	2025-06-05T12:52:29.1683448Z #14 1.849 =============================================================================================
Test OLM installation	UNKNOWN STEP	2025-06-05T12:52:29.1683844Z #14 1.849 Installing:
Test OLM installation	UNKNOWN STEP	2025-06-05T12:52:29.1684271Z #14 1.849  bash                       x86_64  5.1.8-9.el9                   ubi-9-baseos-rpms     1.7 M
Test OLM installation	UNKNOWN STEP	2025-06-05T12:52:29.1684809Z #14 1.849  coreutils-single           x86_64  8.32-39.el9                   ubi-9-baseos-rpms     625 k
Test OLM installation	UNKNOWN STEP	2025-06-05T12:52:29.1685356Z #14 1.849  findutils                  x86_64  1:4.8.0-7.el9                 ubi-9-baseos-rpms     550 k
Test OLM installation	UNKNOWN STEP	2025-06-05T12:52:29.1685885Z #14 1.849  glibc-langpack-en          x86_64  2.34-168.el9_6.14             ubi-9-baseos-rpms     657 k
Test OLM installation	UNKNOWN STEP	2025-06-05T12:52:29.1686469Z #14 1.849  java-21-openjdk-headless   x86_64  1:21.0.7.0.6-1.el9            ubi-9-appstream-rpms   49 M
Test OLM installation	UNKNOWN STEP	2025-06-05T12:52:29.1686935Z #14 1.849 Installing dependencies:
Test OLM installation	UNKNOWN STEP	2025-06-05T12:52:29.1687304Z #14 1.849  alsa-lib                   x86_64  1.2.13-2.el9                  ubi-9-appstream-rpms  530 k
Test OLM installation	UNKNOWN STEP	2025-06-05T12:52:29.1687799Z #14 1.849  alternatives               x86_64  1.24-2.el9                    ubi-9-baseos-rpms      42 k
Test OLM installation	UNKNOWN STEP	2025-06-05T12:52:29.1688584Z #14 1.849  avahi-libs                 x86_64  0.8-22.el9_6                  ubi-9-baseos-rpms      67 k
Test OLM installation	UNKNOWN STEP	2025-06-05T12:52:29.1689310Z #14 1.849  basesystem                 noarch  11-13.el9                     ubi-9-baseos-rpms     8.0 k
Test OLM installation	UNKNOWN STEP	2025-06-05T12:52:29.1689814Z #14 1.849  bzip2-libs                 x86_64  1.0.8-10.el9_5                ubi-9-baseos-rpms      42 k
Test OLM installation	UNKNOWN STEP	2025-06-05T12:52:29.1690624Z #14 1.849  ca-certificates            noarch  2024.2.69_v8.0.303-91.4.el9_4 ubi-9-baseos-rpms     1.0 M
Test OLM installation	UNKNOWN STEP	2025-06-05T12:52:29.1691362Z #14 1.849  copy-jdk-configs           noarch  4.0-3.el9                     ubi-9-appstream-rpms   29 k
Test OLM installation	UNKNOWN STEP	2025-06-05T12:52:29.1692458Z #14 1.849  crypto-policies            noarch  20250128-1.git5269e22.el9     ubi-9-baseos-rpms      90 k
Test OLM installation	UNKNOWN STEP	2025-06-05T12:52:29.1693132Z #14 1.849  crypto-policies-scripts    noarch  20250128-1.git5269e22.el9     ubi-9-baseos-rpms     101 k
Test OLM installation	UNKNOWN STEP	2025-06-05T12:52:29.1693850Z #14 1.849  cups-libs                  x86_64  1:2.3.3op2-33.el9             ubi-9-baseos-rpms     265 k
Test OLM installation	UNKNOWN STEP	2025-06-05T12:52:29.1694310Z #14 1.849  dbus-libs                  x86_64  1:1.12.20-8.el9               ubi-9-baseos-rpms     154 k
Test OLM installation	UNKNOWN STEP	2025-06-05T12:52:29.1694733Z #14 1.849  expat                      x86_64  2.5.0-5.el9_6                 ubi-9-baseos-rpms     119 k
Test OLM installation	UNKNOWN STEP	2025-06-05T12:52:29.1695311Z #14 1.849  filesystem                 x86_64  3.16-5.el9                    ubi-9-baseos-rpms     4.8 M
Test OLM installation	UNKNOWN STEP	2025-06-05T12:52:29.1695730Z #14 1.849  gawk                       x86_64  5.1.0-6.el9                   ubi-9-baseos-rpms     1.0 M
Test OLM installation	UNKNOWN STEP	2025-06-05T12:52:29.1696131Z #14 1.849  gdbm-libs                  x86_64  1:1.23-1.el9                  ubi-9-baseos-rpms      59 k
Test OLM installation	UNKNOWN STEP	2025-06-05T12:52:29.1696547Z #14 1.849  glibc                      x86_64  2.34-168.el9_6.14             ubi-9-baseos-rpms     2.0 M
Test OLM installation	UNKNOWN STEP	2025-06-05T12:52:29.1696977Z #14 1.849  glibc-common               x86_64  2.34-168.el9_6.14             ubi-9-baseos-rpms     304 k
Test OLM installation	UNKNOWN STEP	2025-06-05T12:52:29.1697391Z #14 1.849  gmp                        x86_64  1:6.2.0-13.el9                ubi-9-baseos-rpms     319 k
Test OLM installation	UNKNOWN STEP	2025-06-05T12:52:29.1697940Z #14 1.849  gnutls                     x86_64  3.8.3-6.el9                   ubi-9-baseos-rpms     1.1 M
Test OLM installation	UNKNOWN STEP	2025-06-05T12:52:29.1698353Z #14 1.849  grep                       x86_64  3.6-5.el9                     ubi-9-baseos-rpms     273 k
Test OLM installation	UNKNOWN STEP	2025-06-05T12:52:29.1698987Z #14 1.849  javapackages-filesystem    noarch  6.4.0-1.el9                   ubi-9-appstream-rpms   17 k
Test OLM installation	UNKNOWN STEP	2025-06-05T12:52:29.1699931Z #14 1.849  keyutils-libs              x86_64  1.6.3-1.el9                   ubi-9-baseos-rpms      34 k
Test OLM installation	UNKNOWN STEP	2025-06-05T12:52:29.1701246Z #14 1.849  krb5-libs                  x86_64  1.21.1-6.el9                  ubi-9-baseos-rpms     770 k
Test OLM installation	UNKNOWN STEP	2025-06-05T12:52:29.1702127Z #14 1.849  libacl                     x86_64  2.3.1-4.el9                   ubi-9-baseos-rpms      24 k
Test OLM installation	UNKNOWN STEP	2025-06-05T12:52:29.1702923Z #14 1.849  libattr                    x86_64  2.5.1-3.el9                   ubi-9-baseos-rpms      20 k
Test OLM installation	UNKNOWN STEP	2025-06-05T12:52:29.1703556Z #14 1.849  libcap                     x86_64  2.48-9.el9_2                  ubi-9-baseos-rpms      74 k
Test OLM installation	UNKNOWN STEP	2025-06-05T12:52:29.1704104Z #14 1.849  libcom_err                 x86_64  1.46.5-7.el9                  ubi-9-baseos-rpms      28 k
Test OLM installation	UNKNOWN STEP	2025-06-05T12:52:29.1704559Z #14 1.849  libevent                   x86_64  2.1.12-8.el9_4                ubi-9-baseos-rpms     266 k
Test OLM installation	UNKNOWN STEP	2025-06-05T12:52:29.1704983Z #14 1.849  libffi                     x86_64  3.4.2-8.el9                   ubi-9-baseos-rpms      40 k
Test OLM installation	UNKNOWN STEP	2025-06-05T12:52:29.1705389Z #14 1.849  libgcc                     x86_64  11.5.0-5.el9_5                ubi-9-baseos-rpms      88 k
Test OLM installation	UNKNOWN STEP	2025-06-05T12:52:29.1705811Z #14 1.849  libgcrypt                  x86_64  1.10.0-11.el9                 ubi-9-baseos-rpms     510 k
Test OLM installation	UNKNOWN STEP	2025-06-05T12:52:29.1706255Z #14 1.849  libgpg-error               x86_64  1.42-5.el9                    ubi-9-baseos-rpms     220 k
Test OLM installation	UNKNOWN STEP	2025-06-05T12:52:29.1706690Z #14 1.849  libidn2                    x86_64  2.3.0-7.el9                   ubi-9-baseos-rpms     105 k
Test OLM installation	UNKNOWN STEP	2025-06-05T12:52:29.1707111Z #14 1.849  libselinux                 x86_64  3.6-3.el9                     ubi-9-baseos-rpms      88 k
Test OLM installation	UNKNOWN STEP	2025-06-05T12:52:29.1707527Z #14 1.849  libsepol                   x86_64  3.6-2.el9                     ubi-9-baseos-rpms     331 k
Test OLM installation	UNKNOWN STEP	2025-06-05T12:52:29.1707954Z #14 1.849  libsigsegv                 x86_64  2.13-4.el9                    ubi-9-baseos-rpms      30 k
Test OLM installation	UNKNOWN STEP	2025-06-05T12:52:29.1708377Z #14 1.849  libtasn1                   x86_64  4.16.0-9.el9                  ubi-9-baseos-rpms      77 k
Test OLM installation	UNKNOWN STEP	2025-06-05T12:52:29.1708813Z #14 1.849  libunistring               x86_64  0.9.10-15.el9                 ubi-9-baseos-rpms     499 k
Test OLM installation	UNKNOWN STEP	2025-06-05T12:52:29.1709445Z #14 1.849  libuuid                    x86_64  2.37.4-21.el9                 ubi-9-baseos-rpms      30 k
Test OLM installation	UNKNOWN STEP	2025-06-05T12:52:29.1709862Z #14 1.849  libverto                   x86_64  0.3.2-3.el9                   ubi-9-baseos-rpms      24 k
Test OLM installation	UNKNOWN STEP	2025-06-05T12:52:29.1710631Z #14 1.849  libxcrypt                  x86_64  4.4.18-3.el9                  ubi-9-baseos-rpms     120 k
Test OLM installation	UNKNOWN STEP	2025-06-05T12:52:29.1711068Z #14 1.849  libzstd                    x86_64  1.5.5-1.el9                   ubi-9-baseos-rpms     297 k
Test OLM installation	UNKNOWN STEP	2025-06-05T12:52:29.1711499Z #14 1.849  lksctp-tools               x86_64  1.0.19-3.el9_4                ubi-9-baseos-rpms     104 k
Test OLM installation	UNKNOWN STEP	2025-06-05T12:52:29.1712065Z #14 1.849  lua                        x86_64  5.4.4-4.el9                   ubi-9-appstream-rpms  192 k
Test OLM installation	UNKNOWN STEP	2025-06-05T12:52:29.1712515Z #14 1.849  lua-libs                   x86_64  5.4.4-4.el9                   ubi-9-baseos-rpms     132 k
Test OLM installation	UNKNOWN STEP	2025-06-05T12:52:29.1712950Z #14 1.849  lua-posix                  x86_64  35.0-8.el9                    ubi-9-appstream-rpms  155 k
Test OLM installation	UNKNOWN STEP	2025-06-05T12:52:29.1713372Z #14 1.849  lz4-libs                   x86_64  1.9.3-5.el9                   ubi-9-baseos-rpms      69 k
Test OLM installation	UNKNOWN STEP	2025-06-05T12:52:29.1713967Z #14 1.849  mpfr                       x86_64  4.1.0-7.el9                   ubi-9-baseos-rpms     329 k
Test OLM installation	UNKNOWN STEP	2025-06-05T12:52:29.1714412Z #14 1.849  ncurses-base               noarch  6.2-10.20210508.el9           ubi-9-baseos-rpms      99 k
Test OLM installation	UNKNOWN STEP	2025-06-05T12:52:29.1714870Z #14 1.849  ncurses-libs               x86_64  6.2-10.20210508.el9           ubi-9-baseos-rpms     332 k
Test OLM installation	UNKNOWN STEP	2025-06-05T12:52:29.1715301Z #14 1.849  nettle                     x86_64  3.10.1-1.el9                  ubi-9-baseos-rpms     568 k
Test OLM installation	UNKNOWN STEP	2025-06-05T12:52:29.1715780Z #14 1.849  nspr                       x86_64  4.35.0-17.el9_2               ubi-9-appstream-rpms  137 k
Test OLM installation	UNKNOWN STEP	2025-06-05T12:52:29.1716488Z #14 1.849  nss                        x86_64  3.101.0-10.el9_2              ubi-9-appstream-rpms  720 k
Test OLM installation	UNKNOWN STEP	2025-06-05T12:52:29.1717343Z #14 1.849  nss-softokn                x86_64  3.101.0-10.el9_2              ubi-9-appstream-rpms  393 k
Test OLM installation	UNKNOWN STEP	2025-06-05T12:52:29.1718209Z #14 1.849  nss-softokn-freebl         x86_64  3.101.0-10.el9_2              ubi-9-appstream-rpms  313 k
Test OLM installation	UNKNOWN STEP	2025-06-05T12:52:29.1718820Z #14 1.849  nss-sysinit                x86_64  3.101.0-10.el9_2              ubi-9-appstream-rpms   21 k
Test OLM installation	UNKNOWN STEP	2025-06-05T12:52:29.1719391Z #14 1.849  nss-util                   x86_64  3.101.0-10.el9_2              ubi-9-appstream-rpms   92 k
Test OLM installation	UNKNOWN STEP	2025-06-05T12:52:29.1720391Z #14 1.849  openssl-fips-provider      x86_64  3.0.7-6.el9_5                 ubi-9-baseos-rpms     9.4 k
Test OLM installation	UNKNOWN STEP	2025-06-05T12:52:29.1720957Z #14 1.849  openssl-fips-provider-so   x86_64  3.0.7-6.el9_5                 ubi-9-baseos-rpms     577 k
Test OLM installation	UNKNOWN STEP	2025-06-05T12:52:29.1721511Z #14 1.849  openssl-libs               x86_64  1:3.2.2-6.el9_5.1             ubi-9-baseos-rpms     2.1 M
Test OLM installation	UNKNOWN STEP	2025-06-05T12:52:29.1721968Z #14 1.849  p11-kit                    x86_64  0.25.3-3.el9_5                ubi-9-baseos-rpms     536 k
Test OLM installation	UNKNOWN STEP	2025-06-05T12:52:29.1722402Z #14 1.849  p11-kit-trust              x86_64  0.25.3-3.el9_5                ubi-9-baseos-rpms     144 k
Test OLM installation	UNKNOWN STEP	2025-06-05T12:52:29.1722816Z #14 1.849  pcre                       x86_64  8.44-4.el9                    ubi-9-baseos-rpms     200 k
Test OLM installation	UNKNOWN STEP	2025-06-05T12:52:29.1723228Z #14 1.849  pcre2                      x86_64  10.40-6.el9                   ubi-9-baseos-rpms     236 k
Test OLM installation	UNKNOWN STEP	2025-06-05T12:52:29.1723879Z #14 1.849  pcre2-syntax               noarch  10.40-6.el9                   ubi-9-baseos-rpms     144 k
Test OLM installation	UNKNOWN STEP	2025-06-05T12:52:29.1724651Z #14 1.849  python3                    x86_64  3.9.21-2.el9                  ubi-9-baseos-rpms      30 k
Test OLM installation	UNKNOWN STEP	2025-06-05T12:52:29.1725354Z #14 1.849  python3-libs               x86_64  3.9.21-2.el9                  ubi-9-baseos-rpms     8.1 M
Test OLM installation	UNKNOWN STEP	2025-06-05T12:52:29.1725825Z #14 1.849  python3-pip-wheel          noarch  21.3.1-1.el9                  ubi-9-baseos-rpms     1.1 M
Test OLM installation	UNKNOWN STEP	2025-06-05T12:52:29.1726624Z #14 1.849  python3-setuptools-wheel   noarch  53.0.0-13.el9                 ubi-9-baseos-rpms     469 k
Test OLM installation	UNKNOWN STEP	2025-06-05T12:52:29.1727116Z #14 1.849  readline                   x86_64  8.1-4.el9                     ubi-9-baseos-rpms     215 k
Test OLM installation	UNKNOWN STEP	2025-06-05T12:52:29.1727552Z #14 1.849  redhat-release             x86_64  9.6-0.1.el9                   ubi-9-baseos-rpms      44 k
Test OLM installation	UNKNOWN STEP	2025-06-05T12:52:29.1727969Z #14 1.849  sed                        x86_64  4.8-9.el9                     ubi-9-baseos-rpms     309 k
Test OLM installation	UNKNOWN STEP	2025-06-05T12:52:29.1728368Z #14 1.849  setup                      noarch  2.13.7-10.el9                 ubi-9-baseos-rpms     150 k
Test OLM installation	UNKNOWN STEP	2025-06-05T12:52:29.1728797Z #14 1.849  sqlite-libs                x86_64  3.34.1-7.el9_3                ubi-9-baseos-rpms     622 k
Test OLM installation	UNKNOWN STEP	2025-06-05T12:52:29.1729350Z #14 1.849  systemd-libs               x86_64  252-51.el9                    ubi-9-baseos-rpms     684 k
Test OLM installation	UNKNOWN STEP	2025-06-05T12:52:29.1729870Z #14 1.849  tzdata                     noarch  2025b-1.el9                   ubi-9-baseos-rpms     842 k
Test OLM installation	UNKNOWN STEP	2025-06-05T12:52:29.1730460Z #14 1.849  tzdata-java                noarch  2025b-1.el9                   ubi-9-appstream-rpms  228 k
Test OLM installation	UNKNOWN STEP	2025-06-05T12:52:29.1730899Z #14 1.849  xz-libs                    x86_64  5.2.5-8.el9_0                 ubi-9-baseos-rpms      94 k
Test OLM installation	UNKNOWN STEP	2025-06-05T12:52:29.1731288Z #14 1.849  zlib                       x86_64  1.2.11-40.el9                 ubi-9-baseos-rpms      93 k
Test OLM installation	UNKNOWN STEP	2025-06-05T12:52:29.1731604Z #14 1.849 
Test OLM installation	UNKNOWN STEP	2025-06-05T12:52:29.1731794Z #14 1.849 Transaction Summary
Test OLM installation	UNKNOWN STEP	2025-06-05T12:52:29.1732063Z #14 1.849 =============================================================================================
Test OLM installation	UNKNOWN STEP	2025-06-05T12:52:29.1732344Z #14 1.849 Install  84 Packages
Test OLM installation	UNKNOWN STEP	2025-06-05T12:52:29.1732566Z #14 1.849 
Test OLM installation	UNKNOWN STEP	2025-06-05T12:52:29.1732751Z #14 1.852 Total download size: 89 M
Test OLM installation	UNKNOWN STEP	2025-06-05T12:52:29.1732998Z #14 1.852 Installed size: 319 M
Test OLM installation	UNKNOWN STEP	2025-06-05T12:52:29.1733359Z #14 1.853 Downloading Packages:
Test OLM installation	UNKNOWN STEP	2025-06-05T12:52:29.1733937Z #14 1.888 (1/84): alternatives-1.24-2.el9.x86_64.rpm      1.4 MB/s |  42 kB     00:00    
Test OLM installation	UNKNOWN STEP	2025-06-05T12:52:29.1734748Z #14 1.890 (2/84): basesystem-11-13.el9.noarch.rpm         262 kB/s | 8.0 kB     00:00    
Test OLM installation	UNKNOWN STEP	2025-06-05T12:52:29.1735553Z #14 1.896 (3/84): bzip2-libs-1.0.8-10.el9_5.x86_64.rpm    6.4 MB/s |  42 kB     00:00    
Test OLM installation	UNKNOWN STEP	2025-06-05T12:52:29.1736011Z #14 1.901 (4/84): avahi-libs-0.8-22.el9_6.x86_64.rpm      1.6 MB/s |  67 kB     00:00    
Test OLM installation	UNKNOWN STEP	2025-06-05T12:52:29.1736423Z #14 1.910 (5/84): bash-5.1.8-9.el9.x86_64.rpm              78 MB/s | 1.7 MB     00:00    
Test OLM installation	UNKNOWN STEP	2025-06-05T12:52:29.1736841Z #14 1.917 (6/84): ca-certificates-2024.2.69_v8.0.303-91.4  48 MB/s | 1.0 MB     00:00    
Test OLM installation	UNKNOWN STEP	2025-06-05T12:52:29.1737303Z #14 1.921 (7/84): coreutils-single-8.32-39.el9.x86_64.rpm  31 MB/s | 625 kB     00:00    
Test OLM installation	UNKNOWN STEP	2025-06-05T12:52:29.1739547Z #14 1.923 (8/84): crypto-policies-20250128-1.git5269e22.e 6.8 MB/s |  90 kB     00:00    
Test OLM installation	UNKNOWN STEP	2025-06-05T12:52:29.1740039Z #14 1.924 (9/84): crypto-policies-scripts-20250128-1.git5  15 MB/s | 101 kB     00:00    
Test OLM installation	UNKNOWN STEP	2025-06-05T12:52:29.1740656Z #14 1.928 (10/84): cups-libs-2.3.3op2-33.el9.x86_64.rpm    36 MB/s | 265 kB     00:00    
Test OLM installation	UNKNOWN STEP	2025-06-05T12:52:29.1741136Z #14 1.930 (11/84): dbus-libs-1.12.20-8.el9.x86_64.rpm      21 MB/s | 154 kB     00:00    
Test OLM installation	UNKNOWN STEP	2025-06-05T12:52:29.1741554Z #14 1.932 (12/84): expat-2.5.0-5.el9_6.x86_64.rpm          16 MB/s | 119 kB     00:00    
Test OLM installation	UNKNOWN STEP	2025-06-05T12:52:29.1741969Z #14 1.941 (13/84): findutils-4.8.0-7.el9.x86_64.rpm        54 MB/s | 550 kB     00:00    
Test OLM installation	UNKNOWN STEP	2025-06-05T12:52:29.1742477Z #14 1.952 (14/84): gawk-5.1.0-6.el9.x86_64.rpm             52 MB/s | 1.0 MB     00:00    
Test OLM installation	UNKNOWN STEP	2025-06-05T12:52:29.2690674Z #14 1.954 (15/84): gdbm-libs-1.23-1.el9.x86_64.rpm        4.5 MB/s |  59 kB     00:00    
Test OLM installation	UNKNOWN STEP	2025-06-05T12:52:29.2691538Z #14 1.962 (16/84): glibc-common-2.34-168.el9_6.14.x86_64.  37 MB/s | 304 kB     00:00    
Test OLM installation	UNKNOWN STEP	2025-06-05T12:52:29.2692229Z #14 1.974 (17/84): glibc-langpack-en-2.34-168.el9_6.14.x8  57 MB/s | 657 kB     00:00    
Test OLM installation	UNKNOWN STEP	2025-06-05T12:52:29.2692786Z #14 1.979 (18/84): glibc-2.34-168.el9_6.14.x86_64.rpm      72 MB/s | 2.0 MB     00:00    
Test OLM installation	UNKNOWN STEP	2025-06-05T12:52:29.2693728Z #14 1.983 (19/84): gmp-6.2.0-13.el9.x86_64.rpm             35 MB/s | 319 kB     00:00    
Test OLM installation	UNKNOWN STEP	2025-06-05T12:52:29.2694273Z #14 1.995 (20/84): filesystem-3.16-5.el9.x86_64.rpm        72 MB/s | 4.8 MB     00:00    
Test OLM installation	UNKNOWN STEP	2025-06-05T12:52:29.2694835Z #14 1.999 (21/84): grep-3.6-5.el9.x86_64.rpm               18 MB/s | 273 kB     00:00    
Test OLM installation	UNKNOWN STEP	2025-06-05T12:52:29.2695319Z #14 2.001 (22/84): keyutils-libs-1.6.3-1.el9.x86_64.rpm   6.4 MB/s |  34 kB     00:00    
Test OLM installation	UNKNOWN STEP	2025-06-05T12:52:29.2695875Z #14 2.005 (23/84): gnutls-3.8.3-6.el9.x86_64.rpm           43 MB/s | 1.1 MB     00:00    
Test OLM installation	UNKNOWN STEP	2025-06-05T12:52:29.2696423Z #14 2.007 (24/84): libacl-2.3.1-4.el9.x86_64.rpm          4.2 MB/s |  24 kB     00:00    
Test OLM installation	UNKNOWN STEP	2025-06-05T12:52:29.2696876Z #14 2.011 (25/84): libattr-2.5.1-3.el9.x86_64.rpm         4.0 MB/s |  20 kB     00:00    
Test OLM installation	UNKNOWN STEP	2025-06-05T12:52:29.2697620Z #14 2.014 (26/84): krb5-libs-1.21.1-6.el9.x86_64.rpm       53 MB/s | 770 kB     00:00    
Test OLM installation	UNKNOWN STEP	2025-06-05T12:52:29.2698209Z #14 2.016 (27/84): libcap-2.48-9.el9_2.x86_64.rpm         8.6 MB/s |  74 kB     00:00    
Test OLM installation	UNKNOWN STEP	2025-06-05T12:52:29.2698686Z #14 2.017 (28/84): libcom_err-1.46.5-7.el9.x86_64.rpm     4.4 MB/s |  28 kB     00:00    
Test OLM installation	UNKNOWN STEP	2025-06-05T12:52:29.2699222Z #14 2.020 (29/84): libevent-2.1.12-8.el9_4.x86_64.rpm      43 MB/s | 266 kB     00:00    
Test OLM installation	UNKNOWN STEP	2025-06-05T12:52:29.2699775Z #14 2.021 (30/84): libffi-3.4.2-8.el9.x86_64.rpm          7.4 MB/s |  40 kB     00:00    
Test OLM installation	UNKNOWN STEP	2025-06-05T12:52:29.2700491Z #14 2.023 (31/84): libgcc-11.5.0-5.el9_5.x86_64.rpm        15 MB/s |  88 kB     00:00    
Test OLM installation	UNKNOWN STEP	2025-06-05T12:52:29.2701003Z #14 2.028 (32/84): libgpg-error-1.42-5.el9.x86_64.rpm      34 MB/s | 220 kB     00:00    
Test OLM installation	UNKNOWN STEP	2025-06-05T12:52:29.2701566Z #14 2.030 (33/84): libidn2-2.3.0-7.el9.x86_64.rpm          16 MB/s | 105 kB     00:00    
Test OLM installation	UNKNOWN STEP	2025-06-05T12:52:29.2702023Z #14 2.032 (34/84): libgcrypt-1.10.0-11.el9.x86_64.rpm      44 MB/s | 510 kB     00:00    
Test OLM installation	UNKNOWN STEP	2025-06-05T12:52:29.2702599Z #14 2.034 (35/84): libselinux-3.6-3.el9.x86_64.rpm         17 MB/s |  88 kB     00:00    
Test OLM installation	UNKNOWN STEP	2025-06-05T12:52:29.2704488Z #14 2.037 (36/84): libsepol-3.6-2.el9.x86_64.rpm           46 MB/s | 331 kB     00:00    
Test OLM installation	UNKNOWN STEP	2025-06-05T12:52:29.2705997Z #14 2.039 (37/84): libsigsegv-2.13-4.el9.x86_64.rpm       4.6 MB/s |  30 kB     00:00    
Test OLM installation	UNKNOWN STEP	2025-06-05T12:52:29.2706483Z #14 2.040 (38/84): libtasn1-4.16.0-9.el9.x86_64.rpm        13 MB/s |  77 kB     00:00    
Test OLM installation	UNKNOWN STEP	2025-06-05T12:52:29.2706909Z #14 2.043 (39/84): libuuid-2.37.4-21.el9.x86_64.rpm       6.7 MB/s |  30 kB     00:00    
Test OLM installation	UNKNOWN STEP	2025-06-05T12:52:29.2707449Z #14 2.045 (40/84): libverto-0.3.2-3.el9.x86_64.rpm        5.6 MB/s |  24 kB     00:00    
Test OLM installation	UNKNOWN STEP	2025-06-05T12:52:29.2707897Z #14 2.048 (41/84): libunistring-0.9.10-15.el9.x86_64.rpm   48 MB/s | 499 kB     00:00    
Test OLM installation	UNKNOWN STEP	2025-06-05T12:52:29.2709145Z #14 2.050 (42/84): libxcrypt-4.4.18-3.el9.x86_64.rpm       18 MB/s | 120 kB     00:00    
Test OLM installation	UNKNOWN STEP	2025-06-05T12:52:29.2709734Z #14 2.053 (43/84): libzstd-1.5.5-1.el9.x86_64.rpm          38 MB/s | 297 kB     00:00    
Test OLM installation	UNKNOWN STEP	2025-06-05T12:52:29.3724200Z #14 2.056 (44/84): lksctp-tools-1.0.19-3.el9_4.x86_64.rpm  13 MB/s | 104 kB     00:00    
Test OLM installation	UNKNOWN STEP	2025-06-05T12:52:29.3725879Z #14 2.058 (45/84): lz4-libs-1.9.3-5.el9.x86_64.rpm         15 MB/s |  69 kB     00:00    
Test OLM installation	UNKNOWN STEP	2025-06-05T12:52:29.3726719Z #14 2.061 (46/84): lua-libs-5.4.4-4.el9.x86_64.rpm         12 MB/s | 132 kB     00:00    
Test OLM installation	UNKNOWN STEP	2025-06-05T12:52:29.3727535Z #14 2.065 (47/84): ncurses-base-6.2-10.20210508.el9.noarc  14 MB/s |  99 kB     00:00    
Test OLM installation	UNKNOWN STEP	2025-06-05T12:52:29.3728329Z #14 2.069 (48/84): mpfr-4.1.0-7.el9.x86_64.rpm             26 MB/s | 329 kB     00:00    
Test OLM installation	UNKNOWN STEP	2025-06-05T12:52:29.3729114Z #14 2.072 (49/84): ncurses-libs-6.2-10.20210508.el9.x86_6  30 MB/s | 332 kB     00:00    
Test OLM installation	UNKNOWN STEP	2025-06-05T12:52:29.3729962Z #14 2.074 (50/84): openssl-fips-provider-3.0.7-6.el9_5.x8 2.0 MB/s | 9.4 kB     00:00    
Test OLM installation	UNKNOWN STEP	2025-06-05T12:52:29.3731046Z #14 2.078 (51/84): nettle-3.10.1-1.el9.x86_64.rpm          44 MB/s | 568 kB     00:00    
Test OLM installation	UNKNOWN STEP	2025-06-05T12:52:29.3731907Z #14 2.084 (52/84): openssl-fips-provider-so-3.0.7-6.el9_5  50 MB/s | 577 kB     00:00    
Test OLM installation	UNKNOWN STEP	2025-06-05T12:52:29.3732754Z #14 2.091 (53/84): p11-kit-trust-0.25.3-3.el9_5.x86_64.rp  20 MB/s | 144 kB     00:00    
Test OLM installation	UNKNOWN STEP	2025-06-05T12:52:29.3733856Z #14 2.096 (54/84): p11-kit-0.25.3-3.el9_5.x86_64.rpm       29 MB/s | 536 kB     00:00    
Test OLM installation	UNKNOWN STEP	2025-06-05T12:52:29.3734639Z #14 2.101 (55/84): openssl-libs-3.2.2-6.el9_5.1.x86_64.rp  78 MB/s | 2.1 MB     00:00    
Test OLM installation	UNKNOWN STEP	2025-06-05T12:52:29.3735420Z #14 2.103 (56/84): pcre-8.44-4.el9.x86_64.rpm              17 MB/s | 200 kB     00:00    
Test OLM installation	UNKNOWN STEP	2025-06-05T12:52:29.3736215Z #14 2.107 (57/84): pcre2-syntax-10.40-6.el9.noarch.rpm     27 MB/s | 144 kB     00:00    
Test OLM installation	UNKNOWN STEP	2025-06-05T12:52:29.3737008Z #14 2.108 (58/84): python3-3.9.21-2.el9.x86_64.rpm        6.2 MB/s |  30 kB     00:00    
Test OLM installation	UNKNOWN STEP	2025-06-05T12:52:29.3737779Z #14 2.117 (59/84): pcre2-10.40-6.el9.x86_64.rpm            11 MB/s | 236 kB     00:00    
Test OLM installation	UNKNOWN STEP	2025-06-05T12:52:29.3738810Z #14 2.128 (60/84): python3-pip-wheel-21.3.1-1.el9.noarch.  60 MB/s | 1.1 MB     00:00    
Test OLM installation	UNKNOWN STEP	2025-06-05T12:52:29.3739726Z #14 2.134 (61/84): python3-setuptools-wheel-53.0.0-13.el9  29 MB/s | 469 kB     00:00    
Test OLM installation	UNKNOWN STEP	2025-06-05T12:52:29.3740913Z #14 2.137 (62/84): readline-8.1-4.el9.x86_64.rpm           24 MB/s | 215 kB     00:00    
Test OLM installation	UNKNOWN STEP	2025-06-05T12:52:29.3741744Z #14 2.139 (63/84): redhat-release-9.6-0.1.el9.x86_64.rpm  8.3 MB/s |  44 kB     00:00    
Test OLM installation	UNKNOWN STEP	2025-06-05T12:52:29.3742520Z #14 2.145 (64/84): sed-4.8-9.el9.x86_64.rpm                42 MB/s | 309 kB     00:00    
Test OLM installation	UNKNOWN STEP	2025-06-05T12:52:29.3743276Z #14 2.147 (65/84): setup-2.13.7-10.el9.noarch.rpm          21 MB/s | 150 kB     00:00    
Test OLM installation	UNKNOWN STEP	2025-06-05T12:52:29.3744051Z #14 2.156 (66/84): sqlite-libs-3.34.1-7.el9_3.x86_64.rpm   56 MB/s | 622 kB     00:00    
Test OLM installation	UNKNOWN STEP	2025-06-05T12:52:29.6213895Z #14 2.162 (67/84): systemd-libs-252-51.el9.x86_64.rpm      48 MB/s | 684 kB     00:00    
Test OLM installation	UNKNOWN STEP	2025-06-05T12:52:29.6215293Z #14 2.168 (68/84): xz-libs-5.2.5-8.el9_0.x86_64.rpm        17 MB/s |  94 kB     00:00    
Test OLM installation	UNKNOWN STEP	2025-06-05T12:52:29.6216076Z #14 2.172 (69/84): tzdata-2025b-1.el9.noarch.rpm           53 MB/s | 842 kB     00:00    
Test OLM installation	UNKNOWN STEP	2025-06-05T12:52:29.6216799Z #14 2.176 (70/84): zlib-1.2.11-40.el9.x86_64.rpm           13 MB/s |  93 kB     00:00    
Test OLM installation	UNKNOWN STEP	2025-06-05T12:52:29.6217542Z #14 2.177 (71/84): copy-jdk-configs-4.0-3.el9.noarch.rpm  6.4 MB/s |  29 kB     00:00    
Test OLM installation	UNKNOWN STEP	2025-06-05T12:52:29.6218397Z #14 2.184 (72/84): lua-5.4.4-4.el9.x86_64.rpm              24 MB/s | 192 kB     00:00    
Test OLM installation	UNKNOWN STEP	2025-06-05T12:52:29.6219100Z #14 2.186 (73/84): lua-posix-35.0-8.el9.x86_64.rpm         17 MB/s | 155 kB     00:00    
Test OLM installation	UNKNOWN STEP	2025-06-05T12:52:29.6219815Z #14 2.201 (74/84): alsa-lib-1.2.13-2.el9.x86_64.rpm        31 MB/s | 530 kB     00:00    
Test OLM installation	UNKNOWN STEP	2025-06-05T12:52:29.6220842Z #14 2.208 (75/84): javapackages-filesystem-6.4.0-1.el9.no 2.7 MB/s |  17 kB     00:00    
Test OLM installation	UNKNOWN STEP	2025-06-05T12:52:29.6221653Z #14 2.224 (76/84): python3-libs-3.9.21-2.el9.x86_64.rpm    69 MB/s | 8.1 MB     00:00    
Test OLM installation	UNKNOWN STEP	2025-06-05T12:52:29.6222376Z #14 2.226 (77/84): nspr-4.35.0-17.el9_2.x86_64.rpm        7.3 MB/s | 137 kB     00:00    
Test OLM installation	UNKNOWN STEP	2025-06-05T12:52:29.6223114Z #14 2.235 (78/84): nss-softokn-3.101.0-10.el9_2.x86_64.rp  44 MB/s | 393 kB     00:00    
Test OLM installation	UNKNOWN STEP	2025-06-05T12:52:29.6223826Z #14 2.239 (79/84): nss-3.101.0-10.el9_2.x86_64.rpm         48 MB/s | 720 kB     00:00    
Test OLM installation	UNKNOWN STEP	2025-06-05T12:52:29.6224542Z #14 2.243 (80/84): nss-softokn-freebl-3.101.0-10.el9_2.x8  43 MB/s | 313 kB     00:00    
Test OLM installation	UNKNOWN STEP	2025-06-05T12:52:29.6225274Z #14 2.248 (81/84): nss-util-3.101.0-10.el9_2.x86_64.rpm    17 MB/s |  92 kB     00:00    
Test OLM installation	UNKNOWN STEP	2025-06-05T12:52:29.6225985Z #14 2.250 (82/84): nss-sysinit-3.101.0-10.el9_2.x86_64.rp 2.0 MB/s |  21 kB     00:00    
Test OLM installation	UNKNOWN STEP	2025-06-05T12:52:29.6226733Z #14 2.254 (83/84): tzdata-java-2025b-1.el9.noarch.rpm      41 MB/s | 228 kB     00:00    
Test OLM installation	UNKNOWN STEP	2025-06-05T12:52:29.6655482Z #14 2.449 (84/84): java-21-openjdk-headless-21.0.7.0.6-1. 187 MB/s |  49 MB     00:00    
Test OLM installation	UNKNOWN STEP	2025-06-05T12:52:29.9013801Z #14 2.453 --------------------------------------------------------------------------------
Test OLM installation	UNKNOWN STEP	2025-06-05T12:52:29.9014449Z #14 2.453 Total                                           148 MB/s |  89 MB     00:00     
Test OLM installation	UNKNOWN STEP	2025-06-05T12:52:29.9014917Z #14 2.464 Red Hat Universal Base Image 9 (RPMs) - BaseOS  3.5 MB/s | 3.6 kB     00:00    
Test OLM installation	UNKNOWN STEP	2025-06-05T12:52:29.9015681Z #14 2.529 Importing GPG key 0xFD431D51:
Test OLM installation	UNKNOWN STEP	2025-06-05T12:52:29.9016029Z #14 2.529  Userid     : "Red Hat, Inc. (release key 2) <security@redhat.com>"
Test OLM installation	UNKNOWN STEP	2025-06-05T12:52:29.9016435Z #14 2.529  Fingerprint: 567E 347A D004 4ADE 55BA 8A5F 199E 2F91 FD43 1D51
Test OLM installation	UNKNOWN STEP	2025-06-05T12:52:29.9016863Z #14 2.529  From       : /etc/pki/rpm-gpg/RPM-GPG-KEY-redhat-release
Test OLM installation	UNKNOWN STEP	2025-06-05T12:52:29.9017183Z #14 2.533 Key imported successfully
Test OLM installation	UNKNOWN STEP	2025-06-05T12:52:29.9017429Z #14 2.533 Importing GPG key 0x5A6340B3:
Test OLM installation	UNKNOWN STEP	2025-06-05T12:52:29.9017761Z #14 2.533  Userid     : "Red Hat, Inc. (auxiliary key 3) <security@redhat.com>"
Test OLM installation	UNKNOWN STEP	2025-06-05T12:52:29.9018167Z #14 2.533  Fingerprint: 7E46 2425 8C40 6535 D56D 6F13 5054 E4A4 5A63 40B3
Test OLM installation	UNKNOWN STEP	2025-06-05T12:52:30.8015592Z #14 2.533  From       : /etc/pki/rpm-gpg/RPM-GPG-KEY-redhat-release
Test OLM installation	UNKNOWN STEP	2025-06-05T12:52:30.8016217Z #14 2.534 Key imported successfully
Test OLM installation	UNKNOWN STEP	2025-06-05T12:52:30.8016486Z #14 3.585 Running transaction check
Test OLM installation	UNKNOWN STEP	2025-06-05T12:52:31.0037845Z #14 3.637 Transaction check succeeded.
Test OLM installation	UNKNOWN STEP	2025-06-05T12:52:31.0038405Z #14 3.637 Running transaction test
Test OLM installation	UNKNOWN STEP	2025-06-05T12:52:31.4938709Z #14 4.277 Transaction test succeeded.
Test OLM installation	UNKNOWN STEP	2025-06-05T12:52:31.6447550Z #14 4.278 Running transaction
Test OLM installation	UNKNOWN STEP	2025-06-05T12:52:32.1834860Z #14 4.814   Running scriptlet: filesystem-3.16-5.el9.x86_64                           1/1 
Test OLM installation	UNKNOWN STEP	2025-06-05T12:52:32.1835652Z #14 4.815   Running scriptlet: copy-jdk-configs-4.0-3.el9.noarch                      1/1 
Test OLM installation	UNKNOWN STEP	2025-06-05T12:52:32.3009920Z #14 4.816   Running scriptlet: java-21-openjdk-headless-1:21.0.7.0.6-1.el9.x86_64     1/1 
Test OLM installation	UNKNOWN STEP	2025-06-05T12:52:32.4607918Z #14 5.084   Preparing        :                                                        1/1 
Test OLM installation	UNKNOWN STEP	2025-06-05T12:52:32.4608584Z #14 5.092   Installing       : libgcc-11.5.0-5.el9_5.x86_64                          1/84 
Test OLM installation	UNKNOWN STEP	2025-06-05T12:52:32.4976038Z #14 5.094   Running scriptlet: libgcc-11.5.0-5.el9_5.x86_64                          1/84 
Test OLM installation	UNKNOWN STEP	2025-06-05T12:52:32.6188815Z #14 5.281   Installing       : tzdata-2025b-1.el9.noarch                             2/84 
Test OLM installation	UNKNOWN STEP	2025-06-05T12:52:32.6189772Z #14 5.337   Installing       : tzdata-java-2025b-1.el9.noarch                        3/84 
Test OLM installation	UNKNOWN STEP	2025-06-05T12:52:32.6190655Z #14 5.345   Installing       : javapackages-filesystem-6.4.0-1.el9.noarch            4/84 
Test OLM installation	UNKNOWN STEP	2025-06-05T12:52:32.6191240Z #14 5.351   Installing       : redhat-release-9.6-0.1.el9.x86_64                     5/84 
Test OLM installation	UNKNOWN STEP	2025-06-05T12:52:32.6191772Z #14 5.360   Installing       : setup-2.13.7-10.el9.noarch                            6/84 
Test OLM installation	UNKNOWN STEP	2025-06-05T12:52:32.6192292Z #14 5.362   Running scriptlet: setup-2.13.7-10.el9.noarch                            6/84 
Test OLM installation	UNKNOWN STEP	2025-06-05T12:52:32.7638825Z #14 5.402   Installing       : filesystem-3.16-5.el9.x86_64                          7/84 
Test OLM installation	UNKNOWN STEP	2025-06-05T12:52:32.7639674Z #14 5.453   Installing       : basesystem-11-13.el9.noarch                           8/84 
Test OLM installation	UNKNOWN STEP	2025-06-05T12:52:32.7640615Z #14 5.457   Installing       : python3-setuptools-wheel-53.0.0-13.el9.noarch         9/84 
Test OLM installation	UNKNOWN STEP	2025-06-05T12:52:32.7641154Z #14 5.460   Installing       : pcre2-syntax-10.40-6.el9.noarch                      10/84 
Test OLM installation	UNKNOWN STEP	2025-06-05T12:52:32.7641670Z #14 5.480   Installing       : ncurses-base-6.2-10.20210508.el9.noarch              11/84 
Test OLM installation	UNKNOWN STEP	2025-06-05T12:52:32.9680828Z #14 5.547   Installing       : glibc-langpack-en-2.34-168.el9_6.14.x86_64           12/84 
Test OLM installation	UNKNOWN STEP	2025-06-05T12:52:32.9681685Z #14 5.561   Installing       : glibc-common-2.34-168.el9_6.14.x86_64                13/84 
Test OLM installation	UNKNOWN STEP	2025-06-05T12:52:32.9682465Z #14 5.565   Running scriptlet: glibc-2.34-168.el9_6.14.x86_64                       14/84 
Test OLM installation	UNKNOWN STEP	2025-06-05T12:52:32.9683214Z #14 5.598   Installing       : glibc-2.34-168.el9_6.14.x86_64                       14/84 
Test OLM installation	UNKNOWN STEP	2025-06-05T12:52:33.3195969Z #14 5.601   Running scriptlet: glibc-2.34-168.el9_6.14.x86_64                       14/84 
Test OLM installation	UNKNOWN STEP	2025-06-05T12:52:33.4250364Z #14 6.103   Installing       : ncurses-libs-6.2-10.20210508.el9.x86_64              15/84 
Test OLM installation	UNKNOWN STEP	2025-06-05T12:52:33.4251600Z #14 6.119   Installing       : bash-5.1.8-9.el9.x86_64                              16/84 
Test OLM installation	UNKNOWN STEP	2025-06-05T12:52:33.4254864Z #14 6.121   Running scriptlet: bash-5.1.8-9.el9.x86_64                              16/84 
Test OLM installation	UNKNOWN STEP	2025-06-05T12:52:33.4255692Z #14 6.138   Installing       : crypto-policies-20250128-1.git5269e22.el9.noarch     17/84 
Test OLM installation	UNKNOWN STEP	2025-06-05T12:52:33.4256586Z #14 6.141   Running scriptlet: crypto-policies-20250128-1.git5269e22.el9.noarch     17/84 
Test OLM installation	UNKNOWN STEP	2025-06-05T12:52:33.4257390Z #14 6.145   Installing       : nspr-4.35.0-17.el9_2.x86_64                          18/84 
Test OLM installation	UNKNOWN STEP	2025-06-05T12:52:33.4258163Z #14 6.148   Installing       : nss-util-3.101.0-10.el9_2.x86_64                     19/84 
Test OLM installation	UNKNOWN STEP	2025-06-05T12:52:33.4258917Z #14 6.152   Installing       : zlib-1.2.11-40.el9.x86_64                            20/84 
Test OLM installation	UNKNOWN STEP	2025-06-05T12:52:33.4259882Z #14 6.158   Installing       : readline-8.1-4.el9.x86_64                            21/84 
Test OLM installation	UNKNOWN STEP	2025-06-05T12:52:33.4260719Z #14 6.162   Installing       : libtasn1-4.16.0-9.el9.x86_64                         22/84 
Test OLM installation	UNKNOWN STEP	2025-06-05T12:52:33.4261244Z #14 6.166   Installing       : libxcrypt-4.4.18-3.el9.x86_64                        23/84 
Test OLM installation	UNKNOWN STEP	2025-06-05T12:52:33.4261766Z #14 6.173   Installing       : sqlite-libs-3.34.1-7.el9_3.x86_64                    24/84 
Test OLM installation	UNKNOWN STEP	2025-06-05T12:52:33.4262277Z #14 6.176   Installing       : alternatives-1.24-2.el9.x86_64                       25/84 
Test OLM installation	UNKNOWN STEP	2025-06-05T12:52:33.4262775Z #14 6.183   Installing       : gmp-1:6.2.0-13.el9.x86_64                            26/84 
Test OLM installation	UNKNOWN STEP	2025-06-05T12:52:33.4263250Z #14 6.185   Installing       : libattr-2.5.1-3.el9.x86_64                           27/84 
Test OLM installation	UNKNOWN STEP	2025-06-05T12:52:33.4263737Z #14 6.188   Installing       : libacl-2.3.1-4.el9.x86_64                            28/84 
Test OLM installation	UNKNOWN STEP	2025-06-05T12:52:33.4264220Z #14 6.194   Installing       : libcap-2.48-9.el9_2.x86_64                           29/84 
Test OLM installation	UNKNOWN STEP	2025-06-05T12:52:33.4264703Z #14 6.197   Installing       : libffi-3.4.2-8.el9.x86_64                            30/84 
Test OLM installation	UNKNOWN STEP	2025-06-05T12:52:33.5832659Z #14 6.209   Installing       : p11-kit-0.25.3-3.el9_5.x86_64                        31/84 
Test OLM installation	UNKNOWN STEP	2025-06-05T12:52:33.5833262Z #14 6.215   Installing       : p11-kit-trust-0.25.3-3.el9_5.x86_64                  32/84 
Test OLM installation	UNKNOWN STEP	2025-06-05T12:52:33.6765709Z #14 6.216   Running scriptlet: p11-kit-trust-0.25.3-3.el9_5.x86_64                  32/84 
Test OLM installation	UNKNOWN STEP	2025-06-05T12:52:33.7845002Z #14 6.460   Installing       : libsigsegv-2.13-4.el9.x86_64                         33/84 
Test OLM installation	UNKNOWN STEP	2025-06-05T12:52:33.7846270Z #14 6.468   Installing       : libunistring-0.9.10-15.el9.x86_64                    34/84 
Test OLM installation	UNKNOWN STEP	2025-06-05T12:52:33.7847391Z #14 6.473   Installing       : lua-libs-5.4.4-4.el9.x86_64                          35/84 
Test OLM installation	UNKNOWN STEP	2025-06-05T12:52:33.7848171Z #14 6.476   Installing       : xz-libs-5.2.5-8.el9_0.x86_64                         36/84 
Test OLM installation	UNKNOWN STEP	2025-06-05T12:52:33.7848931Z #14 6.481   Installing       : lua-5.4.4-4.el9.x86_64                               37/84 
Test OLM installation	UNKNOWN STEP	2025-06-05T12:52:33.7850609Z #14 6.495   Installing       : lua-posix-35.0-8.el9.x86_64                          38/84 
Test OLM installation	UNKNOWN STEP	2025-06-05T12:52:33.7851446Z #14 6.500   Installing       : libidn2-2.3.0-7.el9.x86_64                           39/84 
Test OLM installation	UNKNOWN STEP	2025-06-05T12:52:33.7852193Z #14 6.507   Installing       : mpfr-4.1.0-7.el9.x86_64                              40/84 
Test OLM installation	UNKNOWN STEP	2025-06-05T12:52:33.7852901Z #14 6.521   Installing       : gawk-5.1.0-6.el9.x86_64                              41/84 
Test OLM installation	UNKNOWN STEP	2025-06-05T12:52:33.7853522Z #14 6.529   Installing       : nss-softokn-freebl-3.101.0-10.el9_2.x86_64           42/84 
Test OLM installation	UNKNOWN STEP	2025-06-05T12:52:33.7854513Z #14 6.538   Installing       : nss-softokn-3.101.0-10.el9_2.x86_64                  43/84 
Test OLM installation	UNKNOWN STEP	2025-06-05T12:52:33.7855132Z #14 6.546   Installing       : lksctp-tools-1.0.19-3.el9_4.x86_64                   44/84 
Test OLM installation	UNKNOWN STEP	2025-06-05T12:52:33.7855635Z #14 6.549   Installing       : bzip2-libs-1.0.8-10.el9_5.x86_64                     45/84 
Test OLM installation	UNKNOWN STEP	2025-06-05T12:52:33.7856127Z #14 6.553   Installing       : expat-2.5.0-5.el9_6.x86_64                           46/84 
Test OLM installation	UNKNOWN STEP	2025-06-05T12:52:33.7856792Z #14 6.557   Installing       : gdbm-libs-1:1.23-1.el9.x86_64                        47/84 
Test OLM installation	UNKNOWN STEP	2025-06-05T12:52:33.8857298Z #14 6.568   Installing       : keyutils-libs-1.6.3-1.el9.x86_64                     48/84 
Test OLM installation	UNKNOWN STEP	2025-06-05T12:52:33.8858836Z #14 6.572   Installing       : libcom_err-1.46.5-7.el9.x86_64                       49/84 
Test OLM installation	UNKNOWN STEP	2025-06-05T12:52:33.8859867Z #14 6.578   Installing       : libgpg-error-1.42-5.el9.x86_64                       50/84 
Test OLM installation	UNKNOWN STEP	2025-06-05T12:52:33.8861129Z #14 6.586   Installing       : libgcrypt-1.10.0-11.el9.x86_64                       51/84 
Test OLM installation	UNKNOWN STEP	2025-06-05T12:52:33.8862053Z #14 6.591   Installing       : libsepol-3.6-2.el9.x86_64                            52/84 
Test OLM installation	UNKNOWN STEP	2025-06-05T12:52:33.8862722Z #14 6.594   Installing       : libuuid-2.37.4-21.el9.x86_64                         53/84 
Test OLM installation	UNKNOWN STEP	2025-06-05T12:52:33.8863486Z #14 6.597   Installing       : libverto-0.3.2-3.el9.x86_64                          54/84 
Test OLM installation	UNKNOWN STEP	2025-06-05T12:52:33.8863989Z #14 6.603   Installing       : libzstd-1.5.5-1.el9.x86_64                           55/84 
Test OLM installation	UNKNOWN STEP	2025-06-05T12:52:33.8864455Z #14 6.606   Installing       : lz4-libs-1.9.3-5.el9.x86_64                          56/84 
Test OLM installation	UNKNOWN STEP	2025-06-05T12:52:33.8864919Z #14 6.613   Installing       : nettle-3.10.1-1.el9.x86_64                           57/84 
Test OLM installation	UNKNOWN STEP	2025-06-05T12:52:33.8865392Z #14 6.626   Installing       : gnutls-3.8.3-6.el9.x86_64                            58/84 
Test OLM installation	UNKNOWN STEP	2025-06-05T12:52:33.8865848Z #14 6.632   Installing       : pcre-8.44-4.el9.x86_64                               59/84 
Test OLM installation	UNKNOWN STEP	2025-06-05T12:52:33.8866296Z #14 6.637   Installing       : grep-3.6-5.el9.x86_64                                60/84 
Test OLM installation	UNKNOWN STEP	2025-06-05T12:52:33.8866737Z #14 6.643   Installing       : pcre2-10.40-6.el9.x86_64                             61/84 
Test OLM installation	UNKNOWN STEP	2025-06-05T12:52:33.8867193Z #14 6.647   Installing       : libselinux-3.6-3.el9.x86_64                          62/84 
Test OLM installation	UNKNOWN STEP	2025-06-05T12:52:34.0448315Z #14 6.669   Installing       : coreutils-single-8.32-39.el9.x86_64                  63/84 
Test OLM installation	UNKNOWN STEP	2025-06-05T12:52:34.0449154Z #14 6.675   Installing       : sed-4.8-9.el9.x86_64                                 64/84 
Test OLM installation	UNKNOWN STEP	2025-06-05T12:52:34.1500798Z #14 6.678   Running scriptlet: ca-certificates-2024.2.69_v8.0.303-91.4.el9_4.noar   65/84 
Test OLM installation	UNKNOWN STEP	2025-06-05T12:52:34.3045331Z #14 6.933   Installing       : ca-certificates-2024.2.69_v8.0.303-91.4.el9_4.noar   65/84 
Test OLM installation	UNKNOWN STEP	2025-06-05T12:52:35.2455415Z #14 6.938   Running scriptlet: ca-certificates-2024.2.69_v8.0.303-91.4.el9_4.noar   65/84 
Test OLM installation	UNKNOWN STEP	2025-06-05T12:52:35.4582781Z #14 8.029   Installing       : python3-pip-wheel-21.3.1-1.el9.noarch                66/84 
Test OLM installation	UNKNOWN STEP	2025-06-05T12:52:35.4583712Z #14 8.037   Installing       : openssl-fips-provider-so-3.0.7-6.el9_5.x86_64        67/84 
Test OLM installation	UNKNOWN STEP	2025-06-05T12:52:35.4584546Z #14 8.039   Installing       : openssl-fips-provider-3.0.7-6.el9_5.x86_64           68/84 
Test OLM installation	UNKNOWN STEP	2025-06-05T12:52:35.4585361Z #14 8.063   Installing       : openssl-libs-1:3.2.2-6.el9_5.1.x86_64                69/84 
Test OLM installation	UNKNOWN STEP	2025-06-05T12:52:35.4586168Z #14 8.079   Installing       : krb5-libs-1.21.1-6.el9.x86_64                        70/84 
Test OLM installation	UNKNOWN STEP	2025-06-05T12:52:35.4586905Z #14 8.088   Installing       : libevent-2.1.12-8.el9_4.x86_64                       71/84 
Test OLM installation	UNKNOWN STEP	2025-06-05T12:52:35.6563091Z #14 8.091   Installing       : python3-3.9.21-2.el9.x86_64                          72/84 
Test OLM installation	UNKNOWN STEP	2025-06-05T12:52:35.8486476Z #14 8.440   Installing       : python3-libs-3.9.21-2.el9.x86_64                     73/84 
Test OLM installation	UNKNOWN STEP	2025-06-05T12:52:35.8487401Z #14 8.461   Installing       : crypto-policies-scripts-20250128-1.git5269e22.el9.   74/84 
Test OLM installation	UNKNOWN STEP	2025-06-05T12:52:35.8488250Z #14 8.466   Installing       : nss-sysinit-3.101.0-10.el9_2.x86_64                  75/84 
Test OLM installation	UNKNOWN STEP	2025-06-05T12:52:35.8489001Z #14 8.477   Installing       : nss-3.101.0-10.el9_2.x86_64                          76/84 
Test OLM installation	UNKNOWN STEP	2025-06-05T12:52:36.0583417Z #14 8.479   Running scriptlet: nss-3.101.0-10.el9_2.x86_64                          76/84 
Test OLM installation	UNKNOWN STEP	2025-06-05T12:52:36.2237915Z #14 8.839   Installing       : systemd-libs-252-51.el9.x86_64                       77/84 
Test OLM installation	UNKNOWN STEP	2025-06-05T12:52:36.3561119Z #14 8.844   Running scriptlet: systemd-libs-252-51.el9.x86_64                       77/84 
Test OLM installation	UNKNOWN STEP	2025-06-05T12:52:36.5471890Z #14 9.139   Installing       : dbus-libs-1:1.12.20-8.el9.x86_64                     78/84 
Test OLM installation	UNKNOWN STEP	2025-06-05T12:52:36.5472869Z #14 9.145   Installing       : avahi-libs-0.8-22.el9_6.x86_64                       79/84 
Test OLM installation	UNKNOWN STEP	2025-06-05T12:52:36.5473682Z #14 9.151   Installing       : cups-libs-1:2.3.3op2-33.el9.x86_64                   80/84 
Test OLM installation	UNKNOWN STEP	2025-06-05T12:52:36.5474500Z #14 9.158   Installing       : findutils-1:4.8.0-7.el9.x86_64                       81/84 
Test OLM installation	UNKNOWN STEP	2025-06-05T12:52:36.5475048Z #14 9.163   Installing       : copy-jdk-configs-4.0-3.el9.noarch                    82/84 
Test OLM installation	UNKNOWN STEP	2025-06-05T12:52:37.0532047Z #14 9.180   Installing       : alsa-lib-1.2.13-2.el9.x86_64                         83/84 
Test OLM installation	UNKNOWN STEP	2025-06-05T12:52:37.2094147Z #14 9.837   Installing       : java-21-openjdk-headless-1:21.0.7.0.6-1.el9.x86_64   84/84 
Test OLM installation	UNKNOWN STEP	2025-06-05T12:52:37.3132504Z #14 9.842   Running scriptlet: java-21-openjdk-headless-1:21.0.7.0.6-1.el9.x86_64   84/84 
Test OLM installation	UNKNOWN STEP	2025-06-05T12:52:37.5597552Z #14 10.10   Running scriptlet: filesystem-3.16-5.el9.x86_64                         84/84 
Test OLM installation	UNKNOWN STEP	2025-06-05T12:52:38.6803113Z #14 10.34   Running scriptlet: ca-certificates-2024.2.69_v8.0.303-91.4.el9_4.noar   84/84 
Test OLM installation	UNKNOWN STEP	2025-06-05T12:52:39.6906181Z #14 11.46   Running scriptlet: crypto-policies-scripts-20250128-1.git5269e22.el9.   84/84 
Test OLM installation	UNKNOWN STEP	2025-06-05T12:52:40.2739272Z #14 12.47   Running scriptlet: nss-3.101.0-10.el9_2.x86_64                          84/84 
Test OLM installation	UNKNOWN STEP	2025-06-05T12:52:40.5182572Z #14 13.06   Running scriptlet: copy-jdk-configs-4.0-3.el9.noarch                    84/84 
Test OLM installation	UNKNOWN STEP	2025-06-05T12:52:41.0648847Z #14 13.30   Running scriptlet: java-21-openjdk-headless-1:21.0.7.0.6-1.el9.x86_64   84/84 
Test OLM installation	UNKNOWN STEP	2025-06-05T12:52:41.0649971Z #14 13.85   Verifying        : alternatives-1.24-2.el9.x86_64                        1/84 
Test OLM installation	UNKNOWN STEP	2025-06-05T12:52:41.1695245Z #14 13.85   Verifying        : avahi-libs-0.8-22.el9_6.x86_64                        2/84 
Test OLM installation	UNKNOWN STEP	2025-06-05T12:52:41.1696116Z #14 13.85   Verifying        : basesystem-11-13.el9.noarch                           3/84 
Test OLM installation	UNKNOWN STEP	2025-06-05T12:52:41.1696984Z #14 13.85   Verifying        : bash-5.1.8-9.el9.x86_64                               4/84 
Test OLM installation	UNKNOWN STEP	2025-06-05T12:52:41.1697734Z #14 13.85   Verifying        : bzip2-libs-1.0.8-10.el9_5.x86_64                      5/84 
Test OLM installation	UNKNOWN STEP	2025-06-05T12:52:41.1698267Z #14 13.85   Verifying        : ca-certificates-2024.2.69_v8.0.303-91.4.el9_4.noar    6/84 
Test OLM installation	UNKNOWN STEP	2025-06-05T12:52:41.1698854Z #14 13.85   Verifying        : coreutils-single-8.32-39.el9.x86_64                   7/84 
Test OLM installation	UNKNOWN STEP	2025-06-05T12:52:41.1699377Z #14 13.85   Verifying        : crypto-policies-20250128-1.git5269e22.el9.noarch      8/84 
Test OLM installation	UNKNOWN STEP	2025-06-05T12:52:41.1699907Z #14 13.85   Verifying        : crypto-policies-scripts-20250128-1.git5269e22.el9.    9/84 
Test OLM installation	UNKNOWN STEP	2025-06-05T12:52:41.1700663Z #14 13.85   Verifying        : cups-libs-1:2.3.3op2-33.el9.x86_64                   10/84 
Test OLM installation	UNKNOWN STEP	2025-06-05T12:52:41.1701125Z #14 13.85   Verifying        : dbus-libs-1:1.12.20-8.el9.x86_64                     11/84 
Test OLM installation	UNKNOWN STEP	2025-06-05T12:52:41.1701590Z #14 13.85   Verifying        : expat-2.5.0-5.el9_6.x86_64                           12/84 
Test OLM installation	UNKNOWN STEP	2025-06-05T12:52:41.1702048Z #14 13.85   Verifying        : filesystem-3.16-5.el9.x86_64                         13/84 
Test OLM installation	UNKNOWN STEP	2025-06-05T12:52:41.1702498Z #14 13.85   Verifying        : findutils-1:4.8.0-7.el9.x86_64                       14/84 
Test OLM installation	UNKNOWN STEP	2025-06-05T12:52:41.1702938Z #14 13.85   Verifying        : gawk-5.1.0-6.el9.x86_64                              15/84 
Test OLM installation	UNKNOWN STEP	2025-06-05T12:52:41.1703374Z #14 13.85   Verifying        : gdbm-libs-1:1.23-1.el9.x86_64                        16/84 
Test OLM installation	UNKNOWN STEP	2025-06-05T12:52:41.1703814Z #14 13.85   Verifying        : glibc-2.34-168.el9_6.14.x86_64                       17/84 
Test OLM installation	UNKNOWN STEP	2025-06-05T12:52:41.1704272Z #14 13.85   Verifying        : glibc-common-2.34-168.el9_6.14.x86_64                18/84 
Test OLM installation	UNKNOWN STEP	2025-06-05T12:52:41.1704749Z #14 13.85   Verifying        : glibc-langpack-en-2.34-168.el9_6.14.x86_64           19/84 
Test OLM installation	UNKNOWN STEP	2025-06-05T12:52:41.1705201Z #14 13.85   Verifying        : gmp-1:6.2.0-13.el9.x86_64                            20/84 
Test OLM installation	UNKNOWN STEP	2025-06-05T12:52:41.1705636Z #14 13.85   Verifying        : gnutls-3.8.3-6.el9.x86_64                            21/84 
Test OLM installation	UNKNOWN STEP	2025-06-05T12:52:41.1706363Z #14 13.85   Verifying        : grep-3.6-5.el9.x86_64                                22/84 
Test OLM installation	UNKNOWN STEP	2025-06-05T12:52:41.1706812Z #14 13.85   Verifying        : keyutils-libs-1.6.3-1.el9.x86_64                     23/84 
Test OLM installation	UNKNOWN STEP	2025-06-05T12:52:41.1707267Z #14 13.85   Verifying        : krb5-libs-1.21.1-6.el9.x86_64                        24/84 
Test OLM installation	UNKNOWN STEP	2025-06-05T12:52:41.1707709Z #14 13.85   Verifying        : libacl-2.3.1-4.el9.x86_64                            25/84 
Test OLM installation	UNKNOWN STEP	2025-06-05T12:52:41.1708151Z #14 13.85   Verifying        : libattr-2.5.1-3.el9.x86_64                           26/84 
Test OLM installation	UNKNOWN STEP	2025-06-05T12:52:41.1708922Z #14 13.85   Verifying        : libcap-2.48-9.el9_2.x86_64                           27/84 
Test OLM installation	UNKNOWN STEP	2025-06-05T12:52:41.1709561Z #14 13.85   Verifying        : libcom_err-1.46.5-7.el9.x86_64                       28/84 
Test OLM installation	UNKNOWN STEP	2025-06-05T12:52:41.1710018Z #14 13.85   Verifying        : libevent-2.1.12-8.el9_4.x86_64                       29/84 
Test OLM installation	UNKNOWN STEP	2025-06-05T12:52:41.1710711Z #14 13.85   Verifying        : libffi-3.4.2-8.el9.x86_64                            30/84 
Test OLM installation	UNKNOWN STEP	2025-06-05T12:52:41.1711136Z #14 13.85   Verifying        : libgcc-11.5.0-5.el9_5.x86_64                         31/84 
Test OLM installation	UNKNOWN STEP	2025-06-05T12:52:41.1711559Z #14 13.85   Verifying        : libgcrypt-1.10.0-11.el9.x86_64                       32/84 
Test OLM installation	UNKNOWN STEP	2025-06-05T12:52:41.1711986Z #14 13.85   Verifying        : libgpg-error-1.42-5.el9.x86_64                       33/84 
Test OLM installation	UNKNOWN STEP	2025-06-05T12:52:41.1712409Z #14 13.85   Verifying        : libidn2-2.3.0-7.el9.x86_64                           34/84 
Test OLM installation	UNKNOWN STEP	2025-06-05T12:52:41.1712857Z #14 13.85   Verifying        : libselinux-3.6-3.el9.x86_64                          35/84 
Test OLM installation	UNKNOWN STEP	2025-06-05T12:52:41.1713442Z #14 13.85   Verifying        : libsepol-3.6-2.el9.x86_64                            36/84 
Test OLM installation	UNKNOWN STEP	2025-06-05T12:52:41.1713861Z #14 13.85   Verifying        : libsigsegv-2.13-4.el9.x86_64                         37/84 
Test OLM installation	UNKNOWN STEP	2025-06-05T12:52:41.1714394Z #14 13.85   Verifying        : libtasn1-4.16.0-9.el9.x86_64                         38/84 
Test OLM installation	UNKNOWN STEP	2025-06-05T12:52:41.1714936Z #14 13.85   Verifying        : libunistring-0.9.10-15.el9.x86_64                    39/84 
Test OLM installation	UNKNOWN STEP	2025-06-05T12:52:41.1715560Z #14 13.85   Verifying        : libuuid-2.37.4-21.el9.x86_64                         40/84 
Test OLM installation	UNKNOWN STEP	2025-06-05T12:52:41.1715994Z #14 13.85   Verifying        : libverto-0.3.2-3.el9.x86_64                          41/84 
Test OLM installation	UNKNOWN STEP	2025-06-05T12:52:41.1716556Z #14 13.85   Verifying        : libxcrypt-4.4.18-3.el9.x86_64                        42/84 
Test OLM installation	UNKNOWN STEP	2025-06-05T12:52:41.1717069Z #14 13.85   Verifying        : libzstd-1.5.5-1.el9.x86_64                           43/84 
Test OLM installation	UNKNOWN STEP	2025-06-05T12:52:41.1717530Z #14 13.85   Verifying        : lksctp-tools-1.0.19-3.el9_4.x86_64                   44/84 
Test OLM installation	UNKNOWN STEP	2025-06-05T12:52:41.1718079Z #14 13.85   Verifying        : lua-libs-5.4.4-4.el9.x86_64                          45/84 
Test OLM installation	UNKNOWN STEP	2025-06-05T12:52:41.1718499Z #14 13.85   Verifying        : lz4-libs-1.9.3-5.el9.x86_64                          46/84 
Test OLM installation	UNKNOWN STEP	2025-06-05T12:52:41.1719041Z #14 13.85   Verifying        : mpfr-4.1.0-7.el9.x86_64                              47/84 
Test OLM installation	UNKNOWN STEP	2025-06-05T12:52:41.1719509Z #14 13.85   Verifying        : ncurses-base-6.2-10.20210508.el9.noarch              48/84 
Test OLM installation	UNKNOWN STEP	2025-06-05T12:52:41.1720034Z #14 13.85   Verifying        : ncurses-libs-6.2-10.20210508.el9.x86_64              49/84 
Test OLM installation	UNKNOWN STEP	2025-06-05T12:52:41.1720678Z #14 13.85   Verifying        : nettle-3.10.1-1.el9.x86_64                           50/84 
Test OLM installation	UNKNOWN STEP	2025-06-05T12:52:41.1721124Z #14 13.85   Verifying        : openssl-fips-provider-3.0.7-6.el9_5.x86_64           51/84 
Test OLM installation	UNKNOWN STEP	2025-06-05T12:52:41.1721676Z #14 13.85   Verifying        : openssl-fips-provider-so-3.0.7-6.el9_5.x86_64        52/84 
Test OLM installation	UNKNOWN STEP	2025-06-05T12:52:41.1722231Z #14 13.85   Verifying        : openssl-libs-1:3.2.2-6.el9_5.1.x86_64                53/84 
Test OLM installation	UNKNOWN STEP	2025-06-05T12:52:41.1722653Z #14 13.85   Verifying        : p11-kit-0.25.3-3.el9_5.x86_64                        54/84 
Test OLM installation	UNKNOWN STEP	2025-06-05T12:52:41.1723172Z #14 13.85   Verifying        : p11-kit-trust-0.25.3-3.el9_5.x86_64                  55/84 
Test OLM installation	UNKNOWN STEP	2025-06-05T12:52:41.1723914Z #14 13.85   Verifying        : pcre-8.44-4.el9.x86_64                               56/84 
Test OLM installation	UNKNOWN STEP	2025-06-05T12:52:41.1724567Z #14 13.85   Verifying        : pcre2-10.40-6.el9.x86_64                             57/84 
Test OLM installation	UNKNOWN STEP	2025-06-05T12:52:41.1725003Z #14 13.85   Verifying        : pcre2-syntax-10.40-6.el9.noarch                      58/84 
Test OLM installation	UNKNOWN STEP	2025-06-05T12:52:41.1725435Z #14 13.85   Verifying        : python3-3.9.21-2.el9.x86_64                          59/84 
Test OLM installation	UNKNOWN STEP	2025-06-05T12:52:41.1725851Z #14 13.85   Verifying        : python3-libs-3.9.21-2.el9.x86_64                     60/84 
Test OLM installation	UNKNOWN STEP	2025-06-05T12:52:41.1726403Z #14 13.85   Verifying        : python3-pip-wheel-21.3.1-1.el9.noarch                61/84 
Test OLM installation	UNKNOWN STEP	2025-06-05T12:52:41.1727301Z #14 13.85   Verifying        : python3-setuptools-wheel-53.0.0-13.el9.noarch        62/84 
Test OLM installation	UNKNOWN STEP	2025-06-05T12:52:41.1727925Z #14 13.85   Verifying        : readline-8.1-4.el9.x86_64                            63/84 
Test OLM installation	UNKNOWN STEP	2025-06-05T12:52:41.1728375Z #14 13.85   Verifying        : redhat-release-9.6-0.1.el9.x86_64                    64/84 
Test OLM installation	UNKNOWN STEP	2025-06-05T12:52:41.1728795Z #14 13.85   Verifying        : sed-4.8-9.el9.x86_64                                 65/84 
Test OLM installation	UNKNOWN STEP	2025-06-05T12:52:41.1729204Z #14 13.85   Verifying        : setup-2.13.7-10.el9.noarch                           66/84 
Test OLM installation	UNKNOWN STEP	2025-06-05T12:52:41.1729616Z #14 13.85   Verifying        : sqlite-libs-3.34.1-7.el9_3.x86_64                    67/84 
Test OLM installation	UNKNOWN STEP	2025-06-05T12:52:41.1730044Z #14 13.85   Verifying        : systemd-libs-252-51.el9.x86_64                       68/84 
Test OLM installation	UNKNOWN STEP	2025-06-05T12:52:41.1730728Z #14 13.85   Verifying        : tzdata-2025b-1.el9.noarch                            69/84 
Test OLM installation	UNKNOWN STEP	2025-06-05T12:52:41.1731152Z #14 13.85   Verifying        : xz-libs-5.2.5-8.el9_0.x86_64                         70/84 
Test OLM installation	UNKNOWN STEP	2025-06-05T12:52:41.1731552Z #14 13.85   Verifying        : zlib-1.2.11-40.el9.x86_64                            71/84 
Test OLM installation	UNKNOWN STEP	2025-06-05T12:52:41.1731974Z #14 13.85   Verifying        : copy-jdk-configs-4.0-3.el9.noarch                    72/84 
Test OLM installation	UNKNOWN STEP	2025-06-05T12:52:41.1732399Z #14 13.85   Verifying        : lua-5.4.4-4.el9.x86_64                               73/84 
Test OLM installation	UNKNOWN STEP	2025-06-05T12:52:41.1732808Z #14 13.85   Verifying        : lua-posix-35.0-8.el9.x86_64                          74/84 
Test OLM installation	UNKNOWN STEP	2025-06-05T12:52:41.1733215Z #14 13.85   Verifying        : alsa-lib-1.2.13-2.el9.x86_64                         75/84 
Test OLM installation	UNKNOWN STEP	2025-06-05T12:52:41.1733637Z #14 13.86   Verifying        : java-21-openjdk-headless-1:21.0.7.0.6-1.el9.x86_64   76/84 
Test OLM installation	UNKNOWN STEP	2025-06-05T12:52:41.1734088Z #14 13.86   Verifying        : javapackages-filesystem-6.4.0-1.el9.noarch           77/84 
Test OLM installation	UNKNOWN STEP	2025-06-05T12:52:41.1734521Z #14 13.86   Verifying        : nspr-4.35.0-17.el9_2.x86_64                          78/84 
Test OLM installation	UNKNOWN STEP	2025-06-05T12:52:41.1734927Z #14 13.86   Verifying        : nss-3.101.0-10.el9_2.x86_64                          79/84 
Test OLM installation	UNKNOWN STEP	2025-06-05T12:52:41.1735337Z #14 13.86   Verifying        : nss-softokn-3.101.0-10.el9_2.x86_64                  80/84 
Test OLM installation	UNKNOWN STEP	2025-06-05T12:52:41.1735774Z #14 13.86   Verifying        : nss-softokn-freebl-3.101.0-10.el9_2.x86_64           81/84 
Test OLM installation	UNKNOWN STEP	2025-06-05T12:52:41.1736199Z #14 13.86   Verifying        : nss-sysinit-3.101.0-10.el9_2.x86_64                  82/84 
Test OLM installation	UNKNOWN STEP	2025-06-05T12:52:41.1736615Z #14 13.86   Verifying        : nss-util-3.101.0-10.el9_2.x86_64                     83/84 
Test OLM installation	UNKNOWN STEP	2025-06-05T12:52:41.1737039Z #14 13.86   Verifying        : tzdata-java-2025b-1.el9.noarch                       84/84 
Test OLM installation	UNKNOWN STEP	2025-06-05T12:52:41.1737400Z #14 13.95 Installed products updated.
Test OLM installation	UNKNOWN STEP	2025-06-05T12:52:41.2884420Z #14 13.96 
Test OLM installation	UNKNOWN STEP	2025-06-05T12:52:41.2885569Z #14 13.96 Installed:
Test OLM installation	UNKNOWN STEP	2025-06-05T12:52:41.2886160Z #14 13.96   alsa-lib-1.2.13-2.el9.x86_64                                                  
Test OLM installation	UNKNOWN STEP	2025-06-05T12:52:41.2886960Z #14 13.96   alternatives-1.24-2.el9.x86_64                                                
Test OLM installation	UNKNOWN STEP	2025-06-05T12:52:41.2887678Z #14 13.96   avahi-libs-0.8-22.el9_6.x86_64                                                
Test OLM installation	UNKNOWN STEP	2025-06-05T12:52:41.2888906Z #14 13.96   basesystem-11-13.el9.noarch                                                   
Test OLM installation	UNKNOWN STEP	2025-06-05T12:52:41.2889612Z #14 13.96   bash-5.1.8-9.el9.x86_64                                                       
Test OLM installation	UNKNOWN STEP	2025-06-05T12:52:41.2890506Z #14 13.96   bzip2-libs-1.0.8-10.el9_5.x86_64                                              
Test OLM installation	UNKNOWN STEP	2025-06-05T12:52:41.2891260Z #14 13.96   ca-certificates-2024.2.69_v8.0.303-91.4.el9_4.noarch                          
Test OLM installation	UNKNOWN STEP	2025-06-05T12:52:41.2892029Z #14 13.96   copy-jdk-configs-4.0-3.el9.noarch                                             
Test OLM installation	UNKNOWN STEP	2025-06-05T12:52:41.2892836Z #14 13.96   coreutils-single-8.32-39.el9.x86_64                                           
Test OLM installation	UNKNOWN STEP	2025-06-05T12:52:41.2893694Z #14 13.96   crypto-policies-20250128-1.git5269e22.el9.noarch                              
Test OLM installation	UNKNOWN STEP	2025-06-05T12:52:41.2894870Z #14 13.96   crypto-policies-scripts-20250128-1.git5269e22.el9.noarch                      
Test OLM installation	UNKNOWN STEP	2025-06-05T12:52:41.2895742Z #14 13.96   cups-libs-1:2.3.3op2-33.el9.x86_64                                            
Test OLM installation	UNKNOWN STEP	2025-06-05T12:52:41.2896488Z #14 13.96   dbus-libs-1:1.12.20-8.el9.x86_64                                              
Test OLM installation	UNKNOWN STEP	2025-06-05T12:52:41.2897188Z #14 13.96   expat-2.5.0-5.el9_6.x86_64                                                    
Test OLM installation	UNKNOWN STEP	2025-06-05T12:52:41.2897908Z #14 13.96   filesystem-3.16-5.el9.x86_64                                                  
Test OLM installation	UNKNOWN STEP	2025-06-05T12:52:41.2898640Z #14 13.96   findutils-1:4.8.0-7.el9.x86_64                                                
Test OLM installation	UNKNOWN STEP	2025-06-05T12:52:41.2899343Z #14 13.96   gawk-5.1.0-6.el9.x86_64                                                       
Test OLM installation	UNKNOWN STEP	2025-06-05T12:52:41.2900020Z #14 13.96   gdbm-libs-1:1.23-1.el9.x86_64                                                 
Test OLM installation	UNKNOWN STEP	2025-06-05T12:52:41.2900958Z #14 13.96   glibc-2.34-168.el9_6.14.x86_64                                                
Test OLM installation	UNKNOWN STEP	2025-06-05T12:52:41.2901722Z #14 13.96   glibc-common-2.34-168.el9_6.14.x86_64                                         
Test OLM installation	UNKNOWN STEP	2025-06-05T12:52:41.2902536Z #14 13.96   glibc-langpack-en-2.34-168.el9_6.14.x86_64                                    
Test OLM installation	UNKNOWN STEP	2025-06-05T12:52:41.2903288Z #14 13.96   gmp-1:6.2.0-13.el9.x86_64                                                     
Test OLM installation	UNKNOWN STEP	2025-06-05T12:52:41.2903962Z #14 13.96   gnutls-3.8.3-6.el9.x86_64                                                     
Test OLM installation	UNKNOWN STEP	2025-06-05T12:52:41.2904626Z #14 13.96   grep-3.6-5.el9.x86_64                                                         
Test OLM installation	UNKNOWN STEP	2025-06-05T12:52:41.2905356Z #14 13.96   java-21-openjdk-headless-1:21.0.7.0.6-1.el9.x86_64                            
Test OLM installation	UNKNOWN STEP	2025-06-05T12:52:41.2906222Z #14 13.96   javapackages-filesystem-6.4.0-1.el9.noarch                                    
Test OLM installation	UNKNOWN STEP	2025-06-05T12:52:41.2907073Z #14 13.96   keyutils-libs-1.6.3-1.el9.x86_64                                              
Test OLM installation	UNKNOWN STEP	2025-06-05T12:52:41.2907827Z #14 13.96   krb5-libs-1.21.1-6.el9.x86_64                                                 
Test OLM installation	UNKNOWN STEP	2025-06-05T12:52:41.2908533Z #14 13.96   libacl-2.3.1-4.el9.x86_64                                                     
Test OLM installation	UNKNOWN STEP	2025-06-05T12:52:41.2909224Z #14 13.96   libattr-2.5.1-3.el9.x86_64                                                    
Test OLM installation	UNKNOWN STEP	2025-06-05T12:52:41.2910233Z #14 13.96   libcap-2.48-9.el9_2.x86_64                                                    
Test OLM installation	UNKNOWN STEP	2025-06-05T12:52:41.2910968Z #14 13.96   libcom_err-1.46.5-7.el9.x86_64                                                
Test OLM installation	UNKNOWN STEP	2025-06-05T12:52:41.2911699Z #14 13.96   libevent-2.1.12-8.el9_4.x86_64                                                
Test OLM installation	UNKNOWN STEP	2025-06-05T12:52:41.2912430Z #14 13.96   libffi-3.4.2-8.el9.x86_64                                                     
Test OLM installation	UNKNOWN STEP	2025-06-05T12:52:41.2913178Z #14 13.96   libgcc-11.5.0-5.el9_5.x86_64                                                  
Test OLM installation	UNKNOWN STEP	2025-06-05T12:52:41.2913957Z #14 13.96   libgcrypt-1.10.0-11.el9.x86_64                                                
Test OLM installation	UNKNOWN STEP	2025-06-05T12:52:41.2914735Z #14 13.96   libgpg-error-1.42-5.el9.x86_64                                                
Test OLM installation	UNKNOWN STEP	2025-06-05T12:52:41.2915487Z #14 13.96   libidn2-2.3.0-7.el9.x86_64                                                    
Test OLM installation	UNKNOWN STEP	2025-06-05T12:52:41.2916452Z #14 13.96   libselinux-3.6-3.el9.x86_64                                                   
Test OLM installation	UNKNOWN STEP	2025-06-05T12:52:41.2917196Z #14 13.96   libsepol-3.6-2.el9.x86_64                                                     
Test OLM installation	UNKNOWN STEP	2025-06-05T12:52:41.2918096Z #14 13.96   libsigsegv-2.13-4.el9.x86_64                                                  
Test OLM installation	UNKNOWN STEP	2025-06-05T12:52:41.2918904Z #14 13.96   libtasn1-4.16.0-9.el9.x86_64                                                  
Test OLM installation	UNKNOWN STEP	2025-06-05T12:52:41.2919682Z #14 13.96   libunistring-0.9.10-15.el9.x86_64                                             
Test OLM installation	UNKNOWN STEP	2025-06-05T12:52:41.2920899Z #14 13.96   libuuid-2.37.4-21.el9.x86_64                                                  
Test OLM installation	UNKNOWN STEP	2025-06-05T12:52:41.2921833Z #14 13.96   libverto-0.3.2-3.el9.x86_64                                                   
Test OLM installation	UNKNOWN STEP	2025-06-05T12:52:41.2922591Z #14 13.96   libxcrypt-4.4.18-3.el9.x86_64                                                 
Test OLM installation	UNKNOWN STEP	2025-06-05T12:52:41.2923370Z #14 13.96   libzstd-1.5.5-1.el9.x86_64                                                    
Test OLM installation	UNKNOWN STEP	2025-06-05T12:52:41.2924119Z #14 13.96   lksctp-tools-1.0.19-3.el9_4.x86_64                                            
Test OLM installation	UNKNOWN STEP	2025-06-05T12:52:41.2924841Z #14 13.96   lua-5.4.4-4.el9.x86_64                                                        
Test OLM installation	UNKNOWN STEP	2025-06-05T12:52:41.2925535Z #14 13.96   lua-libs-5.4.4-4.el9.x86_64                                                   
Test OLM installation	UNKNOWN STEP	2025-06-05T12:52:41.2926267Z #14 13.96   lua-posix-35.0-8.el9.x86_64                                                   
Test OLM installation	UNKNOWN STEP	2025-06-05T12:52:41.2926994Z #14 13.96   lz4-libs-1.9.3-5.el9.x86_64                                                   
Test OLM installation	UNKNOWN STEP	2025-06-05T12:52:41.2927693Z #14 13.96   mpfr-4.1.0-7.el9.x86_64                                                       
Test OLM installation	UNKNOWN STEP	2025-06-05T12:52:41.2928474Z #14 13.96   ncurses-base-6.2-10.20210508.el9.noarch                                       
Test OLM installation	UNKNOWN STEP	2025-06-05T12:52:41.2929358Z #14 13.96   ncurses-libs-6.2-10.20210508.el9.x86_64                                       
Test OLM installation	UNKNOWN STEP	2025-06-05T12:52:41.2930303Z #14 13.96   nettle-3.10.1-1.el9.x86_64                                                    
Test OLM installation	UNKNOWN STEP	2025-06-05T12:52:41.2930978Z #14 13.96   nspr-4.35.0-17.el9_2.x86_64                                                   
Test OLM installation	UNKNOWN STEP	2025-06-05T12:52:41.2931654Z #14 13.96   nss-3.101.0-10.el9_2.x86_64                                                   
Test OLM installation	UNKNOWN STEP	2025-06-05T12:52:41.2932390Z #14 13.96   nss-softokn-3.101.0-10.el9_2.x86_64                                           
Test OLM installation	UNKNOWN STEP	2025-06-05T12:52:41.2933210Z #14 13.96   nss-softokn-freebl-3.101.0-10.el9_2.x86_64                                    
Test OLM installation	UNKNOWN STEP	2025-06-05T12:52:41.2934057Z #14 13.96   nss-sysinit-3.101.0-10.el9_2.x86_64                                           
Test OLM installation	UNKNOWN STEP	2025-06-05T12:52:41.2934861Z #14 13.96   nss-util-3.101.0-10.el9_2.x86_64                                              
Test OLM installation	UNKNOWN STEP	2025-06-05T12:52:41.2935694Z #14 13.96   openssl-fips-provider-3.0.7-6.el9_5.x86_64                                    
Test OLM installation	UNKNOWN STEP	2025-06-05T12:52:41.2936577Z #14 13.96   openssl-fips-provider-so-3.0.7-6.el9_5.x86_64                                 
Test OLM installation	UNKNOWN STEP	2025-06-05T12:52:41.2937431Z #14 13.96   openssl-libs-1:3.2.2-6.el9_5.1.x86_64                                         
Test OLM installation	UNKNOWN STEP	2025-06-05T12:52:41.2938177Z #14 13.96   p11-kit-0.25.3-3.el9_5.x86_64                                                 
Test OLM installation	UNKNOWN STEP	2025-06-05T12:52:41.2938900Z #14 13.96   p11-kit-trust-0.25.3-3.el9_5.x86_64                                           
Test OLM installation	UNKNOWN STEP	2025-06-05T12:52:41.2939632Z #14 13.96   pcre-8.44-4.el9.x86_64                                                        
Test OLM installation	UNKNOWN STEP	2025-06-05T12:52:41.2940533Z #14 13.96   pcre2-10.40-6.el9.x86_64                                                      
Test OLM installation	UNKNOWN STEP	2025-06-05T12:52:41.2941279Z #14 13.96   pcre2-syntax-10.40-6.el9.noarch                                               
Test OLM installation	UNKNOWN STEP	2025-06-05T12:52:41.2942071Z #14 13.96   python3-3.9.21-2.el9.x86_64                                                   
Test OLM installation	UNKNOWN STEP	2025-06-05T12:52:41.2942846Z #14 13.96   python3-libs-3.9.21-2.el9.x86_64                                              
Test OLM installation	UNKNOWN STEP	2025-06-05T12:52:41.2943907Z #14 13.96   python3-pip-wheel-21.3.1-1.el9.noarch                                         
Test OLM installation	UNKNOWN STEP	2025-06-05T12:52:41.2944829Z #14 13.96   python3-setuptools-wheel-53.0.0-13.el9.noarch                                 
Test OLM installation	UNKNOWN STEP	2025-06-05T12:52:41.2945681Z #14 13.96   readline-8.1-4.el9.x86_64                                                     
Test OLM installation	UNKNOWN STEP	2025-06-05T12:52:41.2946444Z #14 13.96   redhat-release-9.6-0.1.el9.x86_64                                             
Test OLM installation	UNKNOWN STEP	2025-06-05T12:52:41.2947172Z #14 13.96   sed-4.8-9.el9.x86_64                                                          
Test OLM installation	UNKNOWN STEP	2025-06-05T12:52:41.2947867Z #14 13.96   setup-2.13.7-10.el9.noarch                                                    
Test OLM installation	UNKNOWN STEP	2025-06-05T12:52:41.2948805Z #14 13.96   sqlite-libs-3.34.1-7.el9_3.x86_64                                             
Test OLM installation	UNKNOWN STEP	2025-06-05T12:52:41.2949628Z #14 13.96   systemd-libs-252-51.el9.x86_64                                                
Test OLM installation	UNKNOWN STEP	2025-06-05T12:52:41.2950629Z #14 13.96   tzdata-2025b-1.el9.noarch                                                     
Test OLM installation	UNKNOWN STEP	2025-06-05T12:52:41.2951415Z #14 13.96   tzdata-java-2025b-1.el9.noarch                                                
Test OLM installation	UNKNOWN STEP	2025-06-05T12:52:41.2952188Z #14 13.96   xz-libs-5.2.5-8.el9_0.x86_64                                                  
Test OLM installation	UNKNOWN STEP	2025-06-05T12:52:41.2952907Z #14 13.96   zlib-1.2.11-40.el9.x86_64                                                     
Test OLM installation	UNKNOWN STEP	2025-06-05T12:52:41.2953466Z #14 13.96 
Test OLM installation	UNKNOWN STEP	2025-06-05T12:52:41.2953771Z #14 13.96 Complete!
Test OLM installation	UNKNOWN STEP	2025-06-05T12:52:41.2954213Z #14 14.07 + dnf --installroot /tmp/null/rootfs clean all
Test OLM installation	UNKNOWN STEP	2025-06-05T12:52:41.5221026Z #14 14.31 Updating Subscription Management repositories.
Test OLM installation	UNKNOWN STEP	2025-06-05T12:52:41.7259317Z #14 14.31 Unable to read consumer identity
Test OLM installation	UNKNOWN STEP	2025-06-05T12:52:41.7259842Z #14 14.31 
Test OLM installation	UNKNOWN STEP	2025-06-05T12:52:41.7260705Z #14 14.31 This system is not registered with an entitlement server. You can use subscription-manager to register.
Test OLM installation	UNKNOWN STEP	2025-06-05T12:52:41.7261175Z #14 14.31 
Test OLM installation	UNKNOWN STEP	2025-06-05T12:52:41.7261371Z #14 14.32 26 files removed
Test OLM installation	UNKNOWN STEP	2025-06-05T12:52:41.7262354Z #14 14.36 + rm -rf /tmp/null/rootfs/var/cache/bpf /tmp/null/rootfs/var/cache/dnf /tmp/null/rootfs/var/cache/ldconfig /tmp/null/rootfs/var/log/dnf.librepo.log /tmp/null/rootfs/var/log/dnf.log /tmp/null/rootfs/var/log/dnf.rpm.log '/tmp/null/rootfs/var/log/yum.*'
Test OLM installation	UNKNOWN STEP	2025-06-05T12:52:41.7263370Z #14 14.36 ==> Building dependency tree
Test OLM installation	UNKNOWN STEP	2025-06-05T12:52:41.9765566Z #14 14.76 ==> 42 packages to erase:
Test OLM installation	UNKNOWN STEP	2025-06-05T12:52:42.1321466Z #14 14.76 alsa-lib
Test OLM installation	UNKNOWN STEP	2025-06-05T12:52:42.1321888Z #14 14.76 avahi-libs
Test OLM installation	UNKNOWN STEP	2025-06-05T12:52:42.1322236Z #14 14.76 bzip2-libs
Test OLM installation	UNKNOWN STEP	2025-06-05T12:52:42.1322575Z #14 14.76 copy-jdk-configs
Test OLM installation	UNKNOWN STEP	2025-06-05T12:52:42.1322937Z #14 14.76 cups-libs
Test OLM installation	UNKNOWN STEP	2025-06-05T12:52:42.1323262Z #14 14.76 dbus-libs
Test OLM installation	UNKNOWN STEP	2025-06-05T12:52:42.1323492Z #14 14.76 expat
Test OLM installation	UNKNOWN STEP	2025-06-05T12:52:42.1323719Z #14 14.76 gawk
Test OLM installation	UNKNOWN STEP	2025-06-05T12:52:42.1323913Z #14 14.76 gdbm-libs
Test OLM installation	UNKNOWN STEP	2025-06-05T12:52:42.1324108Z #14 14.76 gmp
Test OLM installation	UNKNOWN STEP	2025-06-05T12:52:42.1324294Z #14 14.76 gnutls
Test OLM installation	UNKNOWN STEP	2025-06-05T12:52:42.1324511Z #14 14.76 gpg-pubkey
Test OLM installation	UNKNOWN STEP	2025-06-05T12:52:42.1324728Z #14 14.76 keyutils-libs
Test OLM installation	UNKNOWN STEP	2025-06-05T12:52:42.1324942Z #14 14.76 krb5-libs
Test OLM installation	UNKNOWN STEP	2025-06-05T12:52:42.1325147Z #14 14.76 libcom_err
Test OLM installation	UNKNOWN STEP	2025-06-05T12:52:42.1325350Z #14 14.76 libevent
Test OLM installation	UNKNOWN STEP	2025-06-05T12:52:42.1325546Z #14 14.76 libffi
Test OLM installation	UNKNOWN STEP	2025-06-05T12:52:42.1325744Z #14 14.76 libgcrypt
Test OLM installation	UNKNOWN STEP	2025-06-05T12:52:42.1325944Z #14 14.76 libgpg-error
Test OLM installation	UNKNOWN STEP	2025-06-05T12:52:42.1326161Z #14 14.76 libidn2
Test OLM installation	UNKNOWN STEP	2025-06-05T12:52:42.1326364Z #14 14.76 libunistring
Test OLM installation	UNKNOWN STEP	2025-06-05T12:52:42.1326563Z #14 14.76 libuuid
Test OLM installation	UNKNOWN STEP	2025-06-05T12:52:42.1326753Z #14 14.76 libverto
Test OLM installation	UNKNOWN STEP	2025-06-05T12:52:42.1326950Z #14 14.76 libxcrypt
Test OLM installation	UNKNOWN STEP	2025-06-05T12:52:42.1327139Z #14 14.76 libzstd
Test OLM installation	UNKNOWN STEP	2025-06-05T12:52:42.1327333Z #14 14.76 lua
Test OLM installation	UNKNOWN STEP	2025-06-05T12:52:42.1327526Z #14 14.76 lua-libs
Test OLM installation	UNKNOWN STEP	2025-06-05T12:52:42.1327719Z #14 14.76 lua-posix
Test OLM installation	UNKNOWN STEP	2025-06-05T12:52:42.1327922Z #14 14.76 lz4-libs
Test OLM installation	UNKNOWN STEP	2025-06-05T12:52:42.1328117Z #14 14.76 mpfr
Test OLM installation	UNKNOWN STEP	2025-06-05T12:52:42.1328301Z #14 14.76 nettle
Test OLM installation	UNKNOWN STEP	2025-06-05T12:52:42.1328519Z #14 14.76 openssl-fips-provider
Test OLM installation	UNKNOWN STEP	2025-06-05T12:52:42.1329104Z #14 14.76 openssl-fips-provider-so
Test OLM installation	UNKNOWN STEP	2025-06-05T12:52:42.1329365Z #14 14.76 openssl-libs
Test OLM installation	UNKNOWN STEP	2025-06-05T12:52:42.1329568Z #14 14.76 p11-kit
Test OLM installation	UNKNOWN STEP	2025-06-05T12:52:42.1329839Z #14 14.76 python3
Test OLM installation	UNKNOWN STEP	2025-06-05T12:52:42.1330302Z #14 14.76 python3-libs
Test OLM installation	UNKNOWN STEP	2025-06-05T12:52:42.1330655Z #14 14.76 python3-pip-wheel
Test OLM installation	UNKNOWN STEP	2025-06-05T12:52:42.1331017Z #14 14.76 python3-setuptools-wheel
Test OLM installation	UNKNOWN STEP	2025-06-05T12:52:42.1331276Z #14 14.76 readline
Test OLM installation	UNKNOWN STEP	2025-06-05T12:52:42.1331472Z #14 14.76 systemd-libs
Test OLM installation	UNKNOWN STEP	2025-06-05T12:52:42.1331679Z #14 14.76 xz-libs
Test OLM installation	UNKNOWN STEP	2025-06-05T12:52:42.1331886Z #14 14.76 ==> 43 packages to keep:
Test OLM installation	UNKNOWN STEP	2025-06-05T12:52:42.1332131Z #14 14.76 alternatives
Test OLM installation	UNKNOWN STEP	2025-06-05T12:52:42.1332340Z #14 14.76 basesystem
Test OLM installation	UNKNOWN STEP	2025-06-05T12:52:42.1332541Z #14 14.76 bash
Test OLM installation	UNKNOWN STEP	2025-06-05T12:52:42.1332735Z #14 14.76 ca-certificates
Test OLM installation	UNKNOWN STEP	2025-06-05T12:52:42.1333166Z #14 14.76 coreutils-single
Test OLM installation	UNKNOWN STEP	2025-06-05T12:52:42.1333408Z #14 14.76 crypto-policies
Test OLM installation	UNKNOWN STEP	2025-06-05T12:52:42.1333650Z #14 14.76 crypto-policies-scripts
Test OLM installation	UNKNOWN STEP	2025-06-05T12:52:42.1333901Z #14 14.76 filesystem
Test OLM installation	UNKNOWN STEP	2025-06-05T12:52:42.1334109Z #14 14.76 findutils
Test OLM installation	UNKNOWN STEP	2025-06-05T12:52:42.1334306Z #14 14.76 glibc
Test OLM installation	UNKNOWN STEP	2025-06-05T12:52:42.1334497Z #14 14.76 glibc-common
Test OLM installation	UNKNOWN STEP	2025-06-05T12:52:42.1334716Z #14 14.76 glibc-langpack-en
Test OLM installation	UNKNOWN STEP	2025-06-05T12:52:42.1334943Z #14 14.76 grep
Test OLM installation	UNKNOWN STEP	2025-06-05T12:52:42.1335145Z #14 14.76 java-21-openjdk-headless
Test OLM installation	UNKNOWN STEP	2025-06-05T12:52:42.1335412Z #14 14.76 javapackages-filesystem
Test OLM installation	UNKNOWN STEP	2025-06-05T12:52:42.1335658Z #14 14.76 libacl
Test OLM installation	UNKNOWN STEP	2025-06-05T12:52:42.1335844Z #14 14.76 libattr
Test OLM installation	UNKNOWN STEP	2025-06-05T12:52:42.1336035Z #14 14.76 libcap
Test OLM installation	UNKNOWN STEP	2025-06-05T12:52:42.1336223Z #14 14.76 libgcc
Test OLM installation	UNKNOWN STEP	2025-06-05T12:52:42.1336410Z #14 14.76 libselinux
Test OLM installation	UNKNOWN STEP	2025-06-05T12:52:42.1336617Z #14 14.76 libsepol
Test OLM installation	UNKNOWN STEP	2025-06-05T12:52:42.1336814Z #14 14.76 libsigsegv
Test OLM installation	UNKNOWN STEP	2025-06-05T12:52:42.1337008Z #14 14.76 libtasn1
Test OLM installation	UNKNOWN STEP	2025-06-05T12:52:42.1337206Z #14 14.76 lksctp-tools
Test OLM installation	UNKNOWN STEP	2025-06-05T12:52:42.1337422Z #14 14.76 ncurses-base
Test OLM installation	UNKNOWN STEP	2025-06-05T12:52:42.1337627Z #14 14.76 ncurses-libs
Test OLM installation	UNKNOWN STEP	2025-06-05T12:52:42.1337830Z #14 14.76 nspr
Test OLM installation	UNKNOWN STEP	2025-06-05T12:52:42.1338019Z #14 14.76 nss
Test OLM installation	UNKNOWN STEP	2025-06-05T12:52:42.1338210Z #14 14.76 nss-softokn
Test OLM installation	UNKNOWN STEP	2025-06-05T12:52:42.1338451Z #14 14.76 nss-softokn-freebl
Test OLM installation	UNKNOWN STEP	2025-06-05T12:52:42.1338685Z #14 14.76 nss-sysinit
Test OLM installation	UNKNOWN STEP	2025-06-05T12:52:42.1338883Z #14 14.76 nss-util
Test OLM installation	UNKNOWN STEP	2025-06-05T12:52:42.1339060Z #14 14.76 p11-kit-trust
Test OLM installation	UNKNOWN STEP	2025-06-05T12:52:42.1339254Z #14 14.76 pcre
Test OLM installation	UNKNOWN STEP	2025-06-05T12:52:42.1339424Z #14 14.76 pcre2
Test OLM installation	UNKNOWN STEP	2025-06-05T12:52:42.1339600Z #14 14.76 pcre2-syntax
Test OLM installation	UNKNOWN STEP	2025-06-05T12:52:42.1339802Z #14 14.76 redhat-release
Test OLM installation	UNKNOWN STEP	2025-06-05T12:52:42.1340002Z #14 14.76 sed
Test OLM installation	UNKNOWN STEP	2025-06-05T12:52:42.1340364Z #14 14.76 setup
Test OLM installation	UNKNOWN STEP	2025-06-05T12:52:42.1340542Z #14 14.76 sqlite-libs
Test OLM installation	UNKNOWN STEP	2025-06-05T12:52:42.1340731Z #14 14.76 tzdata
Test OLM installation	UNKNOWN STEP	2025-06-05T12:52:42.1340903Z #14 14.76 tzdata-java
Test OLM installation	UNKNOWN STEP	2025-06-05T12:52:42.1341086Z #14 14.76 zlib
Test OLM installation	UNKNOWN STEP	2025-06-05T12:52:42.1341255Z #14 14.77 
Test OLM installation	UNKNOWN STEP	2025-06-05T12:52:42.1341436Z #14 14.77 ==> Erasing packages
Test OLM installation	UNKNOWN STEP	2025-06-05T12:52:42.1341758Z #14 14.77 + xargs rpm -r /tmp/null/rootfs --erase --nodeps --allmatches
Test OLM installation	UNKNOWN STEP	2025-06-05T12:52:42.2964900Z #14 15.08 
Test OLM installation	UNKNOWN STEP	2025-06-05T12:52:42.2966538Z #14 15.08 ==> Packages erased ok!
Test OLM installation	UNKNOWN STEP	2025-06-05T12:52:42.4636519Z #14 DONE 15.1s
Test OLM installation	UNKNOWN STEP	2025-06-05T12:52:43.7806349Z 
Test OLM installation	UNKNOWN STEP	2025-06-05T12:52:43.7806936Z #15 [stage-1 2/4] COPY --from=ubi-micro-build /tmp/null/rootfs/ /
Test OLM installation	UNKNOWN STEP	2025-06-05T12:52:45.0158620Z #15 DONE 1.2s
Test OLM installation	UNKNOWN STEP	2025-06-05T12:52:45.1679326Z 
Test OLM installation	UNKNOWN STEP	2025-06-05T12:52:45.1680377Z #16 [stage-1 3/4] COPY --from=ubi-micro-build --chown=1000:0 /opt/keycloak /opt/keycloak
Test OLM installation	UNKNOWN STEP	2025-06-05T12:52:45.4612134Z #16 DONE 0.4s
Test OLM installation	UNKNOWN STEP	2025-06-05T12:52:45.5723862Z 
Test OLM installation	UNKNOWN STEP	2025-06-05T12:52:45.5724807Z #17 [stage-1 4/4] RUN echo "keycloak:x:0:root" >> /etc/group &&     echo "keycloak:x:1000:0:keycloak user:/opt/keycloak:/sbin/nologin" >> /etc/passwd
Test OLM installation	UNKNOWN STEP	2025-06-05T12:52:45.5725729Z #17 DONE 0.1s
Test OLM installation	UNKNOWN STEP	2025-06-05T12:52:45.7239776Z 
Test OLM installation	UNKNOWN STEP	2025-06-05T12:52:45.7250942Z #18 exporting to image
Test OLM installation	UNKNOWN STEP	2025-06-05T12:52:45.7252729Z #18 exporting layers
Test OLM installation	UNKNOWN STEP	2025-06-05T12:52:47.2742696Z #18 exporting layers 1.7s done
Test OLM installation	UNKNOWN STEP	2025-06-05T12:52:47.2914818Z #18 writing image sha256:d8b4fc5686354a497214a5895226b48171e4257f4b10f5814806fdf2d275523d done
Test OLM installation	UNKNOWN STEP	2025-06-05T12:52:47.2915942Z #18 naming to ttl.sh/c4fa15keycloak:86400000.0.0 done
Test OLM installation	UNKNOWN STEP	2025-06-05T12:52:47.2916851Z #18 DONE 1.7s
Test OLM installation	UNKNOWN STEP	2025-06-05T12:52:47.2965352Z + docker push ttl.sh/c4fa15keycloak:86400000.0.0
Test OLM installation	UNKNOWN STEP	2025-06-05T12:52:47.4809134Z The push refers to repository [ttl.sh/c4fa15keycloak]
Test OLM installation	UNKNOWN STEP	2025-06-05T12:52:47.6446973Z 6799e0278cf3: Preparing
Test OLM installation	UNKNOWN STEP	2025-06-05T12:52:47.6447408Z f4cc33113a14: Preparing
Test OLM installation	UNKNOWN STEP	2025-06-05T12:52:47.6447757Z 91dcf186821d: Preparing
Test OLM installation	UNKNOWN STEP	2025-06-05T12:52:47.6448119Z ef3cb51dff21: Preparing
Test OLM installation	UNKNOWN STEP	2025-06-05T12:52:50.7588859Z 6799e0278cf3: Pushed
Test OLM installation	UNKNOWN STEP	2025-06-05T12:52:56.5074684Z ef3cb51dff21: Pushed
Test OLM installation	UNKNOWN STEP	2025-06-05T12:54:09.6831753Z 91dcf186821d: Pushed
Test OLM installation	UNKNOWN STEP	2025-06-05T12:54:18.2582321Z error parsing HTTP 499 response body: invalid character '<' looking for beginning of value: "<!DOCTYPE html>\n<html>\n  <head>\n    <meta name=\"viewport\" content=\"width=device-width, initial-scale=1\">\n    <meta charset=\"utf-8\">\n    <title>Application Error</title>\n    <style media=\"screen\">\n      html,body,iframe {\n        margin: 0;\n        padding: 0;\n      }\n\n      html,body {\n        height: 100%;\n        overflow: hidden;\n      }\n\n      iframe {\n        width: 100%;\n        height: 100%;\n        border: 0;\n      }\n    </style>\n  </head>\n  <body>\n    <iframe src=\"https://www.herokucdn.com/error-pages/application-error.html\"></iframe>\n  </body>\n</html>"
Test OLM installation	UNKNOWN STEP	2025-06-05T12:54:18.2611584Z ##[error]Process completed with exit code 1.
Test OLM installation	UNKNOWN STEP	2025-06-05T12:54:18.2681889Z Post job cleanup.
Test OLM installation	UNKNOWN STEP	2025-06-05T12:54:18.2724615Z Post job cleanup.
Test OLM installation	UNKNOWN STEP	2025-06-05T12:54:18.4602981Z Post job cleanup.
Test OLM installation	UNKNOWN STEP	2025-06-05T12:54:18.5704909Z [command]/usr/bin/git version
Test OLM installation	UNKNOWN STEP	2025-06-05T12:54:18.5747952Z git version 2.49.0
Test OLM installation	UNKNOWN STEP	2025-06-05T12:54:18.5802847Z Temporarily overriding HOME='/home/runner/work/_temp/dbbd86cd-9b92-465d-9197-6b2049db40aa' before making global git config changes
Test OLM installation	UNKNOWN STEP	2025-06-05T12:54:18.5804213Z Adding repository directory to the temporary git global config as a safe directory
Test OLM installation	UNKNOWN STEP	2025-06-05T12:54:18.5809639Z [command]/usr/bin/git config --global --add safe.directory /home/runner/work/keycloak/keycloak
Test OLM installation	UNKNOWN STEP	2025-06-05T12:54:18.5853334Z [command]/usr/bin/git config --local --name-only --get-regexp core\.sshCommand
Test OLM installation	UNKNOWN STEP	2025-06-05T12:54:18.5891456Z [command]/usr/bin/git submodule foreach --recursive sh -c "git config --local --name-only --get-regexp 'core\.sshCommand' && git config --local --unset-all 'core.sshCommand' || :"
Test OLM installation	UNKNOWN STEP	2025-06-05T12:54:18.6159092Z [command]/usr/bin/git config --local --name-only --get-regexp http\.https\:\/\/github\.com\/\.extraheader
Test OLM installation	UNKNOWN STEP	2025-06-05T12:54:18.6181849Z http.https://github.com/.extraheader
Test OLM installation	UNKNOWN STEP	2025-06-05T12:54:18.6194023Z [command]/usr/bin/git config --local --unset-all http.https://github.com/.extraheader
Test OLM installation	UNKNOWN STEP	2025-06-05T12:54:18.6225234Z [command]/usr/bin/git submodule foreach --recursive sh -c "git config --local --name-only --get-regexp 'http\.https\:\/\/github\.com\/\.extraheader' && git config --local --unset-all 'http.https://github.com/.extraheader' || :"
Test OLM installation	UNKNOWN STEP	2025-06-05T12:54:18.6591904Z Cleaning up orphan processes
Status Check - Keycloak Operator CI	UNKNOWN STEP	ï»¿2025-06-05T13:17:00.1317854Z Current runner version: '2.324.0'
Status Check - Keycloak Operator CI	UNKNOWN STEP	2025-06-05T13:17:00.1341703Z ##[group]Runner Image Provisioner
Status Check - Keycloak Operator CI	UNKNOWN STEP	2025-06-05T13:17:00.1342709Z Hosted Compute Agent
Status Check - Keycloak Operator CI	UNKNOWN STEP	2025-06-05T13:17:00.1343212Z Version: 20250508.323
Status Check - Keycloak Operator CI	UNKNOWN STEP	2025-06-05T13:17:00.1343896Z Commit: 81b259f29879f73b4213d199e42d8c3465dae986
Status Check - Keycloak Operator CI	UNKNOWN STEP	2025-06-05T13:17:00.1344536Z Build Date: 2025-05-08T19:40:08Z
Status Check - Keycloak Operator CI	UNKNOWN STEP	2025-06-05T13:17:00.1345122Z ##[endgroup]
Status Check - Keycloak Operator CI	UNKNOWN STEP	2025-06-05T13:17:00.1345682Z ##[group]Operating System
Status Check - Keycloak Operator CI	UNKNOWN STEP	2025-06-05T13:17:00.1346270Z Ubuntu
Status Check - Keycloak Operator CI	UNKNOWN STEP	2025-06-05T13:17:00.1346714Z 24.04.2
Status Check - Keycloak Operator CI	UNKNOWN STEP	2025-06-05T13:17:00.1347221Z LTS
Status Check - Keycloak Operator CI	UNKNOWN STEP	2025-06-05T13:17:00.1347698Z ##[endgroup]
Status Check - Keycloak Operator CI	UNKNOWN STEP	2025-06-05T13:17:00.1348147Z ##[group]Runner Image
Status Check - Keycloak Operator CI	UNKNOWN STEP	2025-06-05T13:17:00.1348726Z Image: ubuntu-24.04
Status Check - Keycloak Operator CI	UNKNOWN STEP	2025-06-05T13:17:00.1349206Z Version: 20250511.1.0
Status Check - Keycloak Operator CI	UNKNOWN STEP	2025-06-05T13:17:00.1350182Z Included Software: https://github.com/actions/runner-images/blob/ubuntu24/20250511.1/images/ubuntu/Ubuntu2404-Readme.md
Status Check - Keycloak Operator CI	UNKNOWN STEP	2025-06-05T13:17:00.1351706Z Image Release: https://github.com/actions/runner-images/releases/tag/ubuntu24%2F20250511.1
Status Check - Keycloak Operator CI	UNKNOWN STEP	2025-06-05T13:17:00.1352792Z ##[endgroup]
Status Check - Keycloak Operator CI	UNKNOWN STEP	2025-06-05T13:17:00.1353830Z ##[group]GITHUB_TOKEN Permissions
Status Check - Keycloak Operator CI	UNKNOWN STEP	2025-06-05T13:17:00.1355889Z Contents: read
Status Check - Keycloak Operator CI	UNKNOWN STEP	2025-06-05T13:17:00.1356415Z Metadata: read
Status Check - Keycloak Operator CI	UNKNOWN STEP	2025-06-05T13:17:00.1356973Z ##[endgroup]
Status Check - Keycloak Operator CI	UNKNOWN STEP	2025-06-05T13:17:00.1359005Z Secret source: None
Status Check - Keycloak Operator CI	UNKNOWN STEP	2025-06-05T13:17:00.1359696Z Prepare workflow directory
Status Check - Keycloak Operator CI	UNKNOWN STEP	2025-06-05T13:17:00.1820378Z Prepare all required actions
Status Check - Keycloak Operator CI	UNKNOWN STEP	2025-06-05T13:17:00.1857219Z Getting action download info
Status Check - Keycloak Operator CI	UNKNOWN STEP	2025-06-05T13:17:00.5702386Z ##[group]Download immutable action package 'actions/checkout@v4'
Status Check - Keycloak Operator CI	UNKNOWN STEP	2025-06-05T13:17:00.5703581Z Version: 4.2.2
Status Check - Keycloak Operator CI	UNKNOWN STEP	2025-06-05T13:17:00.5704509Z Digest: sha256:ccb2698953eaebd21c7bf6268a94f9c26518a7e38e27e0b83c1fe1ad049819b1
Status Check - Keycloak Operator CI	UNKNOWN STEP	2025-06-05T13:17:00.5705804Z Source commit SHA: 11bd71901bbe5b1630ceea73d27597364c9af683
Status Check - Keycloak Operator CI	UNKNOWN STEP	2025-06-05T13:17:00.5706510Z ##[endgroup]
Status Check - Keycloak Operator CI	UNKNOWN STEP	2025-06-05T13:17:00.7268794Z Complete job name: Status Check - Keycloak Operator CI
Status Check - Keycloak Operator CI	UNKNOWN STEP	2025-06-05T13:17:00.7933131Z ##[group]Run actions/checkout@v4
Status Check - Keycloak Operator CI	UNKNOWN STEP	2025-06-05T13:17:00.7933960Z with:
Status Check - Keycloak Operator CI	UNKNOWN STEP	2025-06-05T13:17:00.7934388Z   repository: keycloak/keycloak
Status Check - Keycloak Operator CI	UNKNOWN STEP	2025-06-05T13:17:00.7935047Z   token: ***
Status Check - Keycloak Operator CI	UNKNOWN STEP	2025-06-05T13:17:00.7935460Z   ssh-strict: true
Status Check - Keycloak Operator CI	UNKNOWN STEP	2025-06-05T13:17:00.7935870Z   ssh-user: git
Status Check - Keycloak Operator CI	UNKNOWN STEP	2025-06-05T13:17:00.7936290Z   persist-credentials: true
Status Check - Keycloak Operator CI	UNKNOWN STEP	2025-06-05T13:17:00.7936747Z   clean: true
Status Check - Keycloak Operator CI	UNKNOWN STEP	2025-06-05T13:17:00.7937166Z   sparse-checkout-cone-mode: true
Status Check - Keycloak Operator CI	UNKNOWN STEP	2025-06-05T13:17:00.7937673Z   fetch-depth: 1
Status Check - Keycloak Operator CI	UNKNOWN STEP	2025-06-05T13:17:00.7938080Z   fetch-tags: false
Status Check - Keycloak Operator CI	UNKNOWN STEP	2025-06-05T13:17:00.7938504Z   show-progress: true
Status Check - Keycloak Operator CI	UNKNOWN STEP	2025-06-05T13:17:00.7938924Z   lfs: false
Status Check - Keycloak Operator CI	UNKNOWN STEP	2025-06-05T13:17:00.7939310Z   submodules: false
Status Check - Keycloak Operator CI	UNKNOWN STEP	2025-06-05T13:17:00.7939728Z   set-safe-directory: true
Status Check - Keycloak Operator CI	UNKNOWN STEP	2025-06-05T13:17:00.7940370Z env:
Status Check - Keycloak Operator CI	UNKNOWN STEP	2025-06-05T13:17:00.7940931Z   MAVEN_ARGS: -B -nsu -Daether.connector.http.connectionMaxTtl=25
Status Check - Keycloak Operator CI	UNKNOWN STEP	2025-06-05T13:17:00.7941592Z   MINIKUBE_VERSION: v1.32.0
Status Check - Keycloak Operator CI	UNKNOWN STEP	2025-06-05T13:17:00.7942216Z   KUBERNETES_VERSION: v1.27.10
Status Check - Keycloak Operator CI	UNKNOWN STEP	2025-06-05T13:17:00.7942721Z   MINIKUBE_MEMORY: 4096
Status Check - Keycloak Operator CI	UNKNOWN STEP	2025-06-05T13:17:00.7943151Z ##[endgroup]
Status Check - Keycloak Operator CI	UNKNOWN STEP	2025-06-05T13:17:00.9145540Z Syncing repository: keycloak/keycloak
Status Check - Keycloak Operator CI	UNKNOWN STEP	2025-06-05T13:17:00.9147616Z ##[group]Getting Git version info
Status Check - Keycloak Operator CI	UNKNOWN STEP	2025-06-05T13:17:00.9148345Z Working directory is '/home/runner/work/keycloak/keycloak'
Status Check - Keycloak Operator CI	UNKNOWN STEP	2025-06-05T13:17:00.9149336Z [command]/usr/bin/git version
Status Check - Keycloak Operator CI	UNKNOWN STEP	2025-06-05T13:17:00.9198018Z git version 2.49.0
Status Check - Keycloak Operator CI	UNKNOWN STEP	2025-06-05T13:17:00.9225653Z ##[endgroup]
Status Check - Keycloak Operator CI	UNKNOWN STEP	2025-06-05T13:17:00.9240299Z Temporarily overriding HOME='/home/runner/work/_temp/545b28f7-3d7f-453d-b524-642d3b528ccc' before making global git config changes
Status Check - Keycloak Operator CI	UNKNOWN STEP	2025-06-05T13:17:00.9242769Z Adding repository directory to the temporary git global config as a safe directory
Status Check - Keycloak Operator CI	UNKNOWN STEP	2025-06-05T13:17:00.9245110Z [command]/usr/bin/git config --global --add safe.directory /home/runner/work/keycloak/keycloak
Status Check - Keycloak Operator CI	UNKNOWN STEP	2025-06-05T13:17:00.9283620Z Deleting the contents of '/home/runner/work/keycloak/keycloak'
Status Check - Keycloak Operator CI	UNKNOWN STEP	2025-06-05T13:17:00.9287734Z ##[group]Initializing the repository
Status Check - Keycloak Operator CI	UNKNOWN STEP	2025-06-05T13:17:00.9293276Z [command]/usr/bin/git init /home/runner/work/keycloak/keycloak
Status Check - Keycloak Operator CI	UNKNOWN STEP	2025-06-05T13:17:00.9393097Z hint: Using 'master' as the name for the initial branch. This default branch name
Status Check - Keycloak Operator CI	UNKNOWN STEP	2025-06-05T13:17:00.9394968Z hint: is subject to change. To configure the initial branch name to use in all
Status Check - Keycloak Operator CI	UNKNOWN STEP	2025-06-05T13:17:00.9396299Z hint: of your new repositories, which will suppress this warning, call:
Status Check - Keycloak Operator CI	UNKNOWN STEP	2025-06-05T13:17:00.9397025Z hint:
Status Check - Keycloak Operator CI	UNKNOWN STEP	2025-06-05T13:17:00.9397526Z hint: 	git config --global init.defaultBranch <name>
Status Check - Keycloak Operator CI	UNKNOWN STEP	2025-06-05T13:17:00.9398099Z hint:
Status Check - Keycloak Operator CI	UNKNOWN STEP	2025-06-05T13:17:00.9398639Z hint: Names commonly chosen instead of 'master' are 'main', 'trunk' and
Status Check - Keycloak Operator CI	UNKNOWN STEP	2025-06-05T13:17:00.9399528Z hint: 'development'. The just-created branch can be renamed via this command:
Status Check - Keycloak Operator CI	UNKNOWN STEP	2025-06-05T13:17:00.9400603Z hint:
Status Check - Keycloak Operator CI	UNKNOWN STEP	2025-06-05T13:17:00.9401230Z hint: 	git branch -m <name>
Status Check - Keycloak Operator CI	UNKNOWN STEP	2025-06-05T13:17:00.9402516Z Initialized empty Git repository in /home/runner/work/keycloak/keycloak/.git/
Status Check - Keycloak Operator CI	UNKNOWN STEP	2025-06-05T13:17:00.9412011Z [command]/usr/bin/git remote add origin https://github.com/keycloak/keycloak
Status Check - Keycloak Operator CI	UNKNOWN STEP	2025-06-05T13:17:00.9443308Z ##[endgroup]
Status Check - Keycloak Operator CI	UNKNOWN STEP	2025-06-05T13:17:00.9444495Z ##[group]Disabling automatic garbage collection
Status Check - Keycloak Operator CI	UNKNOWN STEP	2025-06-05T13:17:00.9448060Z [command]/usr/bin/git config --local gc.auto 0
Status Check - Keycloak Operator CI	UNKNOWN STEP	2025-06-05T13:17:00.9477473Z ##[endgroup]
Status Check - Keycloak Operator CI	UNKNOWN STEP	2025-06-05T13:17:00.9478169Z ##[group]Setting up auth
Status Check - Keycloak Operator CI	UNKNOWN STEP	2025-06-05T13:17:00.9487119Z [command]/usr/bin/git config --local --name-only --get-regexp core\.sshCommand
Status Check - Keycloak Operator CI	UNKNOWN STEP	2025-06-05T13:17:00.9519047Z [command]/usr/bin/git submodule foreach --recursive sh -c "git config --local --name-only --get-regexp 'core\.sshCommand' && git config --local --unset-all 'core.sshCommand' || :"
Status Check - Keycloak Operator CI	UNKNOWN STEP	2025-06-05T13:17:00.9833176Z [command]/usr/bin/git config --local --name-only --get-regexp http\.https\:\/\/github\.com\/\.extraheader
Status Check - Keycloak Operator CI	UNKNOWN STEP	2025-06-05T13:17:00.9864202Z [command]/usr/bin/git submodule foreach --recursive sh -c "git config --local --name-only --get-regexp 'http\.https\:\/\/github\.com\/\.extraheader' && git config --local --unset-all 'http.https://github.com/.extraheader' || :"
Status Check - Keycloak Operator CI	UNKNOWN STEP	2025-06-05T13:17:01.0085649Z [command]/usr/bin/git config --local http.https://github.com/.extraheader AUTHORIZATION: basic ***
Status Check - Keycloak Operator CI	UNKNOWN STEP	2025-06-05T13:17:01.0119005Z ##[endgroup]
Status Check - Keycloak Operator CI	UNKNOWN STEP	2025-06-05T13:17:01.0119900Z ##[group]Fetching the repository
Status Check - Keycloak Operator CI	UNKNOWN STEP	2025-06-05T13:17:01.0128142Z [command]/usr/bin/git -c protocol.version=2 fetch --no-tags --prune --no-recurse-submodules --depth=1 origin +c4fa15120c385e99cd459f7181d86069a4544324:refs/remotes/pull/40278/merge
Status Check - Keycloak Operator CI	UNKNOWN STEP	2025-06-05T13:17:04.9188318Z From https://github.com/keycloak/keycloak
Status Check - Keycloak Operator CI	UNKNOWN STEP	2025-06-05T13:17:04.9190025Z  * [new ref]         c4fa15120c385e99cd459f7181d86069a4544324 -> pull/40278/merge
Status Check - Keycloak Operator CI	UNKNOWN STEP	2025-06-05T13:17:04.9248515Z ##[endgroup]
Status Check - Keycloak Operator CI	UNKNOWN STEP	2025-06-05T13:17:04.9249856Z ##[group]Determining the checkout info
Status Check - Keycloak Operator CI	UNKNOWN STEP	2025-06-05T13:17:04.9251653Z ##[endgroup]
Status Check - Keycloak Operator CI	UNKNOWN STEP	2025-06-05T13:17:04.9255859Z [command]/usr/bin/git sparse-checkout disable
Status Check - Keycloak Operator CI	UNKNOWN STEP	2025-06-05T13:17:04.9302797Z [command]/usr/bin/git config --local --unset-all extensions.worktreeConfig
Status Check - Keycloak Operator CI	UNKNOWN STEP	2025-06-05T13:17:04.9332103Z ##[group]Checking out the ref
Status Check - Keycloak Operator CI	UNKNOWN STEP	2025-06-05T13:17:04.9335785Z [command]/usr/bin/git checkout --progress --force refs/remotes/pull/40278/merge
Status Check - Keycloak Operator CI	UNKNOWN STEP	2025-06-05T13:17:05.7531125Z Note: switching to 'refs/remotes/pull/40278/merge'.
Status Check - Keycloak Operator CI	UNKNOWN STEP	2025-06-05T13:17:05.7531761Z 
Status Check - Keycloak Operator CI	UNKNOWN STEP	2025-06-05T13:17:05.7532436Z You are in 'detached HEAD' state. You can look around, make experimental
Status Check - Keycloak Operator CI	UNKNOWN STEP	2025-06-05T13:17:05.7533324Z changes and commit them, and you can discard any commits you make in this
Status Check - Keycloak Operator CI	UNKNOWN STEP	2025-06-05T13:17:05.7534193Z state without impacting any branches by switching back to a branch.
Status Check - Keycloak Operator CI	UNKNOWN STEP	2025-06-05T13:17:05.7534716Z 
Status Check - Keycloak Operator CI	UNKNOWN STEP	2025-06-05T13:17:05.7535066Z If you want to create a new branch to retain commits you create, you may
Status Check - Keycloak Operator CI	UNKNOWN STEP	2025-06-05T13:17:05.7535852Z do so (now or later) by using -c with the switch command. Example:
Status Check - Keycloak Operator CI	UNKNOWN STEP	2025-06-05T13:17:05.7536296Z 
Status Check - Keycloak Operator CI	UNKNOWN STEP	2025-06-05T13:17:05.7536530Z   git switch -c <new-branch-name>
Status Check - Keycloak Operator CI	UNKNOWN STEP	2025-06-05T13:17:05.7536866Z 
Status Check - Keycloak Operator CI	UNKNOWN STEP	2025-06-05T13:17:05.7537079Z Or undo this operation with:
Status Check - Keycloak Operator CI	UNKNOWN STEP	2025-06-05T13:17:05.7537385Z 
Status Check - Keycloak Operator CI	UNKNOWN STEP	2025-06-05T13:17:05.7537568Z   git switch -
Status Check - Keycloak Operator CI	UNKNOWN STEP	2025-06-05T13:17:05.7537849Z 
Status Check - Keycloak Operator CI	UNKNOWN STEP	2025-06-05T13:17:05.7538322Z Turn off this advice by setting config variable advice.detachedHead to false
Status Check - Keycloak Operator CI	UNKNOWN STEP	2025-06-05T13:17:05.7539280Z 
Status Check - Keycloak Operator CI	UNKNOWN STEP	2025-06-05T13:17:05.7539944Z HEAD is now at c4fa151 Merge 657a50248efbb2a29dfe2cf9e6c561a40e92a420 into be330d38096c1e9e4f89f1a8f156c26ce8ef7d66
Status Check - Keycloak Operator CI	UNKNOWN STEP	2025-06-05T13:17:05.7566335Z ##[endgroup]
Status Check - Keycloak Operator CI	UNKNOWN STEP	2025-06-05T13:17:05.7605779Z [command]/usr/bin/git log -1 --format=%H
Status Check - Keycloak Operator CI	UNKNOWN STEP	2025-06-05T13:17:05.7628485Z c4fa15120c385e99cd459f7181d86069a4544324
Status Check - Keycloak Operator CI	UNKNOWN STEP	2025-06-05T13:17:05.7862865Z Prepare all required actions
Status Check - Keycloak Operator CI	UNKNOWN STEP	2025-06-05T13:17:05.7935491Z ##[group]Run ./.github/actions/status-check
Status Check - Keycloak Operator CI	UNKNOWN STEP	2025-06-05T13:17:05.7935892Z with:
Status Check - Keycloak Operator CI	UNKNOWN STEP	2025-06-05T13:17:05.7936859Z   jobs: {
Status Check - Keycloak Operator CI	UNKNOWN STEP	  "conditional": {
Status Check - Keycloak Operator CI	UNKNOWN STEP	    "result": "success",
Status Check - Keycloak Operator CI	UNKNOWN STEP	    "outputs": {
Status Check - Keycloak Operator CI	UNKNOWN STEP	      "operator": "true"
Status Check - Keycloak Operator CI	UNKNOWN STEP	    }
Status Check - Keycloak Operator CI	UNKNOWN STEP	  },
Status Check - Keycloak Operator CI	UNKNOWN STEP	  "build": {
Status Check - Keycloak Operator CI	UNKNOWN STEP	    "result": "success",
Status Check - Keycloak Operator CI	UNKNOWN STEP	    "outputs": {}
Status Check - Keycloak Operator CI	UNKNOWN STEP	  },
Status Check - Keycloak Operator CI	UNKNOWN STEP	  "test-local": {
Status Check - Keycloak Operator CI	UNKNOWN STEP	    "result": "success",
Status Check - Keycloak Operator CI	UNKNOWN STEP	    "outputs": {}
Status Check - Keycloak Operator CI	UNKNOWN STEP	  },
Status Check - Keycloak Operator CI	UNKNOWN STEP	  "test-remote": {
Status Check - Keycloak Operator CI	UNKNOWN STEP	    "result": "success",
Status Check - Keycloak Operator CI	UNKNOWN STEP	    "outputs": {}
Status Check - Keycloak Operator CI	UNKNOWN STEP	  },
Status Check - Keycloak Operator CI	UNKNOWN STEP	  "test-olm": {
Status Check - Keycloak Operator CI	UNKNOWN STEP	    "result": "failure",
Status Check - Keycloak Operator CI	UNKNOWN STEP	    "outputs": {}
Status Check - Keycloak Operator CI	UNKNOWN STEP	  }
Status Check - Keycloak Operator CI	UNKNOWN STEP	}
Status Check - Keycloak Operator CI	UNKNOWN STEP	2025-06-05T13:17:05.7937886Z env:
Status Check - Keycloak Operator CI	UNKNOWN STEP	2025-06-05T13:17:05.7938291Z   MAVEN_ARGS: -B -nsu -Daether.connector.http.connectionMaxTtl=25
Status Check - Keycloak Operator CI	UNKNOWN STEP	2025-06-05T13:17:05.7938763Z   MINIKUBE_VERSION: v1.32.0
Status Check - Keycloak Operator CI	UNKNOWN STEP	2025-06-05T13:17:05.7939100Z   KUBERNETES_VERSION: v1.27.10
Status Check - Keycloak Operator CI	UNKNOWN STEP	2025-06-05T13:17:05.7939411Z   MINIKUBE_MEMORY: 4096
Status Check - Keycloak Operator CI	UNKNOWN STEP	2025-06-05T13:17:05.7939681Z ##[endgroup]
Status Check - Keycloak Operator CI	UNKNOWN STEP	2025-06-05T13:17:05.8042153Z ##[group]Run JOBS='{
Status Check - Keycloak Operator CI	UNKNOWN STEP	2025-06-05T13:17:05.8042520Z [36;1mJOBS='{[0m
Status Check - Keycloak Operator CI	UNKNOWN STEP	2025-06-05T13:17:05.8042846Z [36;1m  "conditional": {[0m
Status Check - Keycloak Operator CI	UNKNOWN STEP	2025-06-05T13:17:05.8043152Z [36;1m    "result": "success",[0m
Status Check - Keycloak Operator CI	UNKNOWN STEP	2025-06-05T13:17:05.8043480Z [36;1m    "outputs": {[0m
Status Check - Keycloak Operator CI	UNKNOWN STEP	2025-06-05T13:17:05.8043805Z [36;1m      "operator": "true"[0m
Status Check - Keycloak Operator CI	UNKNOWN STEP	2025-06-05T13:17:05.8044101Z [36;1m    }[0m
Status Check - Keycloak Operator CI	UNKNOWN STEP	2025-06-05T13:17:05.8044332Z [36;1m  },[0m
Status Check - Keycloak Operator CI	UNKNOWN STEP	2025-06-05T13:17:05.8044574Z [36;1m  "build": {[0m
Status Check - Keycloak Operator CI	UNKNOWN STEP	2025-06-05T13:17:05.8044843Z [36;1m    "result": "success",[0m
Status Check - Keycloak Operator CI	UNKNOWN STEP	2025-06-05T13:17:05.8045158Z [36;1m    "outputs": {}[0m
Status Check - Keycloak Operator CI	UNKNOWN STEP	2025-06-05T13:17:05.8045432Z [36;1m  },[0m
Status Check - Keycloak Operator CI	UNKNOWN STEP	2025-06-05T13:17:05.8045682Z [36;1m  "test-local": {[0m
Status Check - Keycloak Operator CI	UNKNOWN STEP	2025-06-05T13:17:05.8045980Z [36;1m    "result": "success",[0m
Status Check - Keycloak Operator CI	UNKNOWN STEP	2025-06-05T13:17:05.8046283Z [36;1m    "outputs": {}[0m
Status Check - Keycloak Operator CI	UNKNOWN STEP	2025-06-05T13:17:05.8046577Z [36;1m  },[0m
Status Check - Keycloak Operator CI	UNKNOWN STEP	2025-06-05T13:17:05.8046828Z [36;1m  "test-remote": {[0m
Status Check - Keycloak Operator CI	UNKNOWN STEP	2025-06-05T13:17:05.8047134Z [36;1m    "result": "success",[0m
Status Check - Keycloak Operator CI	UNKNOWN STEP	2025-06-05T13:17:05.8047431Z [36;1m    "outputs": {}[0m
Status Check - Keycloak Operator CI	UNKNOWN STEP	2025-06-05T13:17:05.8047698Z [36;1m  },[0m
Status Check - Keycloak Operator CI	UNKNOWN STEP	2025-06-05T13:17:05.8047951Z [36;1m  "test-olm": {[0m
Status Check - Keycloak Operator CI	UNKNOWN STEP	2025-06-05T13:17:05.8048231Z [36;1m    "result": "failure",[0m
Status Check - Keycloak Operator CI	UNKNOWN STEP	2025-06-05T13:17:05.8048530Z [36;1m    "outputs": {}[0m
Status Check - Keycloak Operator CI	UNKNOWN STEP	2025-06-05T13:17:05.8048808Z [36;1m  }[0m
Status Check - Keycloak Operator CI	UNKNOWN STEP	2025-06-05T13:17:05.8049050Z [36;1m}'[0m
Status Check - Keycloak Operator CI	UNKNOWN STEP	2025-06-05T13:17:05.8049276Z [36;1m[0m
Status Check - Keycloak Operator CI	UNKNOWN STEP	2025-06-05T13:17:05.8049520Z [36;1mecho "Job status:"[0m
Status Check - Keycloak Operator CI	UNKNOWN STEP	2025-06-05T13:17:05.8049940Z [36;1mecho $JOBS | jq -r 'to_entries[] | " - \(.key): \(.value.result)"'[0m
Status Check - Keycloak Operator CI	UNKNOWN STEP	2025-06-05T13:17:05.8050349Z [36;1m[0m
Status Check - Keycloak Operator CI	UNKNOWN STEP	2025-06-05T13:17:05.8050677Z [36;1mfor i in $(echo $JOBS | jq -r 'to_entries[] | .value.result'); do[0m
Status Check - Keycloak Operator CI	UNKNOWN STEP	2025-06-05T13:17:05.8051137Z [36;1m  if [ "$i" != "success" ] && [ "$i" != "skipped" ]; then[0m
Status Check - Keycloak Operator CI	UNKNOWN STEP	2025-06-05T13:17:05.8051523Z [36;1m    echo ""[0m
Status Check - Keycloak Operator CI	UNKNOWN STEP	2025-06-05T13:17:05.8051979Z [36;1m    echo "Status check not okay!"[0m
Status Check - Keycloak Operator CI	UNKNOWN STEP	2025-06-05T13:17:05.8052305Z [36;1m    exit 1[0m
Status Check - Keycloak Operator CI	UNKNOWN STEP	2025-06-05T13:17:05.8052546Z [36;1m  fi[0m
Status Check - Keycloak Operator CI	UNKNOWN STEP	2025-06-05T13:17:05.8052782Z [36;1mdone[0m
Status Check - Keycloak Operator CI	UNKNOWN STEP	2025-06-05T13:17:05.8253621Z shell: /usr/bin/bash --noprofile --norc -e -o pipefail {0}
Status Check - Keycloak Operator CI	UNKNOWN STEP	2025-06-05T13:17:05.8254097Z env:
Status Check - Keycloak Operator CI	UNKNOWN STEP	2025-06-05T13:17:05.8254482Z   MAVEN_ARGS: -B -nsu -Daether.connector.http.connectionMaxTtl=25
Status Check - Keycloak Operator CI	UNKNOWN STEP	2025-06-05T13:17:05.8254956Z   MINIKUBE_VERSION: v1.32.0
Status Check - Keycloak Operator CI	UNKNOWN STEP	2025-06-05T13:17:05.8255278Z   KUBERNETES_VERSION: v1.27.10
Status Check - Keycloak Operator CI	UNKNOWN STEP	2025-06-05T13:17:05.8255650Z   MINIKUBE_MEMORY: 4096
Status Check - Keycloak Operator CI	UNKNOWN STEP	2025-06-05T13:17:05.8255917Z ##[endgroup]
Status Check - Keycloak Operator CI	UNKNOWN STEP	2025-06-05T13:17:05.8346504Z Job status:
Status Check - Keycloak Operator CI	UNKNOWN STEP	2025-06-05T13:17:05.8420668Z  - conditional: success
Status Check - Keycloak Operator CI	UNKNOWN STEP	2025-06-05T13:17:05.8421186Z  - build: success
Status Check - Keycloak Operator CI	UNKNOWN STEP	2025-06-05T13:17:05.8421569Z  - test-local: success
Status Check - Keycloak Operator CI	UNKNOWN STEP	2025-06-05T13:17:05.8422039Z  - test-remote: success
Status Check - Keycloak Operator CI	UNKNOWN STEP	2025-06-05T13:17:05.8422332Z  - test-olm: failure
Status Check - Keycloak Operator CI	UNKNOWN STEP	2025-06-05T13:17:05.8455836Z 
Status Check - Keycloak Operator CI	UNKNOWN STEP	2025-06-05T13:17:05.8456369Z Status check not okay!
Status Check - Keycloak Operator CI	UNKNOWN STEP	2025-06-05T13:17:05.8468350Z ##[error]Process completed with exit code 1.
Status Check - Keycloak Operator CI	UNKNOWN STEP	2025-06-05T13:17:05.8589750Z Post job cleanup.
Status Check - Keycloak Operator CI	UNKNOWN STEP	2025-06-05T13:17:05.9529173Z [command]/usr/bin/git version
Status Check - Keycloak Operator CI	UNKNOWN STEP	2025-06-05T13:17:05.9566424Z git version 2.49.0
Status Check - Keycloak Operator CI	UNKNOWN STEP	2025-06-05T13:17:05.9622801Z Temporarily overriding HOME='/home/runner/work/_temp/bbf30e8b-7700-4311-b309-4d9135bcea36' before making global git config changes
Status Check - Keycloak Operator CI	UNKNOWN STEP	2025-06-05T13:17:05.9624448Z Adding repository directory to the temporary git global config as a safe directory
Status Check - Keycloak Operator CI	UNKNOWN STEP	2025-06-05T13:17:05.9629055Z [command]/usr/bin/git config --global --add safe.directory /home/runner/work/keycloak/keycloak
Status Check - Keycloak Operator CI	UNKNOWN STEP	2025-06-05T13:17:05.9663953Z [command]/usr/bin/git config --local --name-only --get-regexp core\.sshCommand
Status Check - Keycloak Operator CI	UNKNOWN STEP	2025-06-05T13:17:05.9698146Z [command]/usr/bin/git submodule foreach --recursive sh -c "git config --local --name-only --get-regexp 'core\.sshCommand' && git config --local --unset-all 'core.sshCommand' || :"
Status Check - Keycloak Operator CI	UNKNOWN STEP	2025-06-05T13:17:05.9937930Z [command]/usr/bin/git config --local --name-only --get-regexp http\.https\:\/\/github\.com\/\.extraheader
Status Check - Keycloak Operator CI	UNKNOWN STEP	2025-06-05T13:17:05.9958454Z http.https://github.com/.extraheader
Status Check - Keycloak Operator CI	UNKNOWN STEP	2025-06-05T13:17:05.9970823Z [command]/usr/bin/git config --local --unset-all http.https://github.com/.extraheader
Status Check - Keycloak Operator CI	UNKNOWN STEP	2025-06-05T13:17:06.0000461Z [command]/usr/bin/git submodule foreach --recursive sh -c "git config --local --name-only --get-regexp 'http\.https\:\/\/github\.com\/\.extraheader' && git config --local --unset-all 'http.https://github.com/.extraheader' || :"
Status Check - Keycloak Operator CI	UNKNOWN STEP	2025-06-05T13:17:06.0341382Z Cleaning up orphan processes
