Admin UI E2E (4, chrome)	Run Cypress	2024-12-12T08:21:57.9527672Z ##[group]Run cypress-io/github-action@v6
Admin UI E2E (4, chrome)	Run Cypress	2024-12-12T08:21:57.9528147Z with:
Admin UI E2E (4, chrome)	Run Cypress	2024-12-12T08:21:57.9528430Z   install: false
Admin UI E2E (4, chrome)	Run Cypress	2024-12-12T08:21:57.9528742Z   browser: chrome
Admin UI E2E (4, chrome)	Run Cypress	2024-12-12T08:21:57.9529105Z   wait-on: http://localhost:8080
Admin UI E2E (4, chrome)	Run Cypress	2024-12-12T08:21:57.9529592Z   working-directory: js/apps/admin-ui
Admin UI E2E (4, chrome)	Run Cypress	2024-12-12T08:21:57.9530355Z   record: false
Admin UI E2E (4, chrome)	Run Cypress	2024-12-12T08:21:57.9530729Z   publish-summary: true
Admin UI E2E (4, chrome)	Run Cypress	2024-12-12T08:21:57.9531106Z   component: false
Admin UI E2E (4, chrome)	Run Cypress	2024-12-12T08:21:57.9531438Z env:
Admin UI E2E (4, chrome)	Run Cypress	2024-12-12T08:21:57.9531898Z   MAVEN_ARGS: -B -nsu -Daether.connector.http.connectionMaxTtl=25
Admin UI E2E (4, chrome)	Run Cypress	2024-12-12T08:21:57.9532498Z   WORKSPACE: keycloak-admin-ui
Admin UI E2E (4, chrome)	Run Cypress	2024-12-12T08:21:57.9533088Z   JAVA_HOME: /opt/hostedtoolcache/Java_Temurin-Hotspot_jdk/21.0.5-11/x64
Admin UI E2E (4, chrome)	Run Cypress	2024-12-12T08:21:57.9533906Z   JAVA_HOME_21_X64: /opt/hostedtoolcache/Java_Temurin-Hotspot_jdk/21.0.5-11/x64
Admin UI E2E (4, chrome)	Run Cypress	2024-12-12T08:21:57.9534525Z   SPLIT: 5
Admin UI E2E (4, chrome)	Run Cypress	2024-12-12T08:21:57.9534833Z   SPLIT_INDEX: 3
Admin UI E2E (4, chrome)	Run Cypress	2024-12-12T08:21:57.9535170Z   SPLIT_RANDOM_SEED: 82
Admin UI E2E (4, chrome)	Run Cypress	2024-12-12T08:21:57.9535528Z ##[endgroup]
Admin UI E2E (4, chrome)	Run Cypress	2024-12-12T08:21:58.2311597Z Skipping install because install parameter is false
Admin UI E2E (4, chrome)	Run Cypress	2024-12-12T08:21:58.2313055Z waiting on "http://localhost:8080" with timeout of 60 seconds
Admin UI E2E (4, chrome)	Run Cypress	2024-12-12T08:22:15.2723637Z It looks like this is your first time using Cypress: 13.16.1
Admin UI E2E (4, chrome)	Run Cypress	2024-12-12T08:22:15.2724461Z 
Admin UI E2E (4, chrome)	Run Cypress	2024-12-12T08:22:15.2747165Z [STARTED] Task without title.
Admin UI E2E (4, chrome)	Run Cypress	2024-12-12T08:22:16.7796691Z [SUCCESS] Task without title.
Admin UI E2E (4, chrome)	Run Cypress	2024-12-12T08:22:16.7800948Z 
Admin UI E2E (4, chrome)	Run Cypress	2024-12-12T08:22:16.7801210Z Opening Cypress...
Admin UI E2E (4, chrome)	Run Cypress	2024-12-12T08:22:17.3744447Z MESA: error: ZINK: vkCreateInstance failed (VK_ERROR_INCOMPATIBLE_DRIVER)
Admin UI E2E (4, chrome)	Run Cypress	2024-12-12T08:22:17.3746875Z glx: failed to create drisw screen
Admin UI E2E (4, chrome)	Run Cypress	2024-12-12T08:22:17.4254811Z 
Admin UI E2E (4, chrome)	Run Cypress	2024-12-12T08:22:17.4255972Z DevTools listening on ws://127.0.0.1:46871/devtools/browser/33551ce1-1522-4c88-995d-c0f66b2f54c4
Admin UI E2E (4, chrome)	Run Cypress	2024-12-12T08:22:18.0403993Z (node:2724) ExperimentalWarning: `--experimental-loader` may be removed in the future; instead use `register()`:
Admin UI E2E (4, chrome)	Run Cypress	2024-12-12T08:22:18.0406738Z --import 'data:text/javascript,import { register } from "node:module"; import { pathToFileURL } from "node:url"; register("file%3A///home/runner/.cache/Cypress/13.16.1/Cypress/resources/app/node_modules/ts-node/esm/transpile-only.mjs", pathToFileURL("./"));'
Admin UI E2E (4, chrome)	Run Cypress	2024-12-12T08:22:18.0432116Z (Use `node --trace-warnings ...` to show where the warning was created)
Admin UI E2E (4, chrome)	Run Cypress	2024-12-12T08:22:18.7708089Z cypress-split: there are 41 found specs
Admin UI E2E (4, chrome)	Run Cypress	2024-12-12T08:22:18.7710453Z the first 5 specs
Admin UI E2E (4, chrome)	Run Cypress	2024-12-12T08:22:18.7711765Z - 1: /home/runner/work/keycloak/keycloak/js/apps/admin-ui/cypress/e2e/client_authorization_test.spec.ts
Admin UI E2E (4, chrome)	Run Cypress	2024-12-12T08:22:18.7713138Z - 2: /home/runner/work/keycloak/keycloak/js/apps/admin-ui/cypress/e2e/group_test.spec.ts
Admin UI E2E (4, chrome)	Run Cypress	2024-12-12T08:22:18.7714607Z - 3: /home/runner/work/keycloak/keycloak/js/apps/admin-ui/cypress/e2e/realm_settings_user_profile_enabled.spec.ts
Admin UI E2E (4, chrome)	Run Cypress	2024-12-12T08:22:18.7716134Z - 4: /home/runner/work/keycloak/keycloak/js/apps/admin-ui/cypress/e2e/users_enable_disable.spec.ts
Admin UI E2E (4, chrome)	Run Cypress	2024-12-12T08:22:18.7717468Z - 5: /home/runner/work/keycloak/keycloak/js/apps/admin-ui/cypress/e2e/users_test.spec.ts
Admin UI E2E (4, chrome)	Run Cypress	2024-12-12T08:22:18.7718347Z cypress-split: chunk 4 of 5
Admin UI E2E (4, chrome)	Run Cypress	2024-12-12T08:22:18.7727369Z k  spec                                                   
Admin UI E2E (4, chrome)	Run Cypress	2024-12-12T08:22:18.7728088Z -  -------------------------------------------------------
Admin UI E2E (4, chrome)	Run Cypress	2024-12-12T08:22:18.7728850Z 1  cypress/e2e/partial_import_test.spec.ts                
Admin UI E2E (4, chrome)	Run Cypress	2024-12-12T08:22:18.7729645Z 2  cypress/e2e/realm_settings_client_profiles_test.spec.ts
Admin UI E2E (4, chrome)	Run Cypress	2024-12-12T08:22:18.7730701Z 3  cypress/e2e/realm_settings_tabs_test.spec.ts           
Admin UI E2E (4, chrome)	Run Cypress	2024-12-12T08:22:18.7731561Z 4  cypress/e2e/authentication_test.spec.ts                
Admin UI E2E (4, chrome)	Run Cypress	2024-12-12T08:22:18.7732355Z 5  cypress/e2e/realm_roles_test.spec.ts                   
Admin UI E2E (4, chrome)	Run Cypress	2024-12-12T08:22:18.7733109Z 6  cypress/e2e/clients_test.spec.ts                       
Admin UI E2E (4, chrome)	Run Cypress	2024-12-12T08:22:18.7733952Z 7  cypress/e2e/user_fed_kerberos_test.spec.ts             
Admin UI E2E (4, chrome)	Run Cypress	2024-12-12T08:22:18.7734744Z 8  cypress/e2e/identity_providers_oidc_test.spec.ts       
Admin UI E2E (4, chrome)	Run Cypress	2024-12-12T08:22:18.7735166Z 
Admin UI E2E (4, chrome)	Run Cypress	2024-12-12T08:22:19.4609887Z 
Admin UI E2E (4, chrome)	Run Cypress	2024-12-12T08:22:19.4916681Z [90m====================================================================================================[39m
Admin UI E2E (4, chrome)	Run Cypress	2024-12-12T08:22:19.4917153Z 
Admin UI E2E (4, chrome)	Run Cypress	2024-12-12T08:22:19.4917496Z [0m  ([4m[1mRun Starting[22m[24m)[0m
Admin UI E2E (4, chrome)	Run Cypress	2024-12-12T08:22:19.4917846Z 
Admin UI E2E (4, chrome)	Run Cypress	2024-12-12T08:22:19.4997992Z [90m  ┌[39m[90m─[39m[90m─[39m[90m─[39m[90m─[39m[90m─[39m[90m─[39m[90m─[39m[90m─[39m[90m─[39m[90m─[39m[90m─[39m[90m─[39m[90m─[39m[90m─[39m[90m─[39m[90m─[39m[90m─[39m[90m─[39m[90m─[39m[90m─[39m[90m─[39m[90m─[39m[90m─[39m[90m─[39m[90m─[39m[90m─[39m[90m─[39m[90m─[39m[90m─[39m[90m─[39m[90m─[39m[90m─[39m[90m─[39m[90m─[39m[90m─[39m[90m─[39m[90m─[39m[90m─[39m[90m─[39m[90m─[39m[90m─[39m[90m─[39m[90m─[39m[90m─[39m[90m─[39m[90m─[39m[90m─[39m[90m─[39m[90m─[39m[90m─[39m[90m─[39m[90m─[39m[90m─[39m[90m─[39m[90m─[39m[90m─[39m[90m─[39m[90m─[39m[90m─[39m[90m─[39m[90m─[39m[90m─[39m[90m─[39m[90m─[39m[90m─[39m[90m─[39m[90m─[39m[90m─[39m[90m─[39m[90m─[39m[90m─[39m[90m─[39m[90m─[39m[90m─[39m[90m─[39m[90m─[39m[90m─[39m[90m─[39m[90m─[39m[90m─[39m[90m─[39m[90m─[39m[90m─[39m[90m─[39m[90m─[39m[90m─[39m[90m─[39m[90m─[39m[90m─[39m[90m─[39m[90m─[39m[90m─[39m[90m─[39m[90m─[39m[90m─[39m[90m─[39m[90m┐[39m
Admin UI E2E (4, chrome)	Run Cypress	2024-12-12T08:22:19.5003039Z [90m  │[39m [90mCypress:[39m        13.16.1                                                                        [90m│[39m
Admin UI E2E (4, chrome)	Run Cypress	2024-12-12T08:22:19.5004362Z [90m  │[39m [90mBrowser:[39m        Chrome 131 [90m(headless)[39m                                                          [90m│[39m
Admin UI E2E (4, chrome)	Run Cypress	2024-12-12T08:22:19.5005961Z [90m  │[39m [90mNode Version:[39m   [0mv20.18.0 [90m(/home/runner/runners/2.321.0/externals/node20/bin/node)[39m[0m              [90m│[39m
Admin UI E2E (4, chrome)	Run Cypress	2024-12-12T08:22:19.5007665Z [90m  │[39m [90mSpecs:[39m          [0m8 found (partial_import_test.spec.ts, realm_settings_client_profiles_test.spec[0m [90m│[39m
Admin UI E2E (4, chrome)	Run Cypress	2024-12-12T08:22:19.5009216Z [90m  │[39m                 [0m.ts, realm_settings_tabs_test.spec.ts, authentication_test.spec.ts, realm_role[0m [90m│[39m
Admin UI E2E (4, chrome)	Run Cypress	2024-12-12T08:22:19.5010812Z [90m  │[39m                 [0ms_test.spec.ts, clients_test.spec.ts, user_fed_kerberos_test.spec.ts, identity[0m [90m│[39m
Admin UI E2E (4, chrome)	Run Cypress	2024-12-12T08:22:19.5012146Z [90m  │[39m                 [0m_providers_oidc_test.s...)[0m                                                     [90m│[39m
Admin UI E2E (4, chrome)	Run Cypress	2024-12-12T08:22:19.5013607Z [90m  │[39m [90mSearched:[39m       [0mcypress/e2e/partial_import_test.spec.ts, cypress/e2e/realm_settings_client_pro[0m [90m│[39m
Admin UI E2E (4, chrome)	Run Cypress	2024-12-12T08:22:19.5015182Z [90m  │[39m                 [0mfiles_test.spec.ts, cypress/e2e/realm_settings_tabs_test.spec.ts, cypress/e2e/[0m [90m│[39m
Admin UI E2E (4, chrome)	Run Cypress	2024-12-12T08:22:19.5016659Z [90m  │[39m                 [0mauthentication_test.spec.ts, cypress/e2e/realm_roles_test.spec.ts, cypress/e2e[0m [90m│[39m
Admin UI E2E (4, chrome)	Run Cypress	2024-12-12T08:22:19.5018502Z [90m  │[39m                 [0m/clients_test.spec.ts, cypress/e2e/user_fed_kerberos_test.spec.ts, cypress/e2e[0m [90m│[39m
Admin UI E2E (4, chrome)	Run Cypress	2024-12-12T08:22:19.5020225Z [90m  │[39m                 [0m/identity_providers_oidc_test.spec.ts[0m                                          [90m│[39m
Admin UI E2E (4, chrome)	Run Cypress	2024-12-12T08:22:19.5021735Z [90m  │[39m [90mExperiments:[39m    experimentalMemoryManagement=true                                              [90m│[39m
Admin UI E2E (4, chrome)	Run Cypress	2024-12-12T08:22:19.5028841Z [90m  └[39m[90m─[39m[90m─[39m[90m─[39m[90m─[39m[90m─[39m[90m─[39m[90m─[39m[90m─[39m[90m─[39m[90m─[39m[90m─[39m[90m─[39m[90m─[39m[90m─[39m[90m─[39m[90m─[39m[90m─[39m[90m─[39m[90m─[39m[90m─[39m[90m─[39m[90m─[39m[90m─[39m[90m─[39m[90m─[39m[90m─[39m[90m─[39m[90m─[39m[90m─[39m[90m─[39m[90m─[39m[90m─[39m[90m─[39m[90m─[39m[90m─[39m[90m─[39m[90m─[39m[90m─[39m[90m─[39m[90m─[39m[90m─[39m[90m─[39m[90m─[39m[90m─[39m[90m─[39m[90m─[39m[90m─[39m[90m─[39m[90m─[39m[90m─[39m[90m─[39m[90m─[39m[90m─[39m[90m─[39m[90m─[39m[90m─[39m[90m─[39m[90m─[39m[90m─[39m[90m─[39m[90m─[39m[90m─[39m[90m─[39m[90m─[39m[90m─[39m[90m─[39m[90m─[39m[90m─[39m[90m─[39m[90m─[39m[90m─[39m[90m─[39m[90m─[39m[90m─[39m[90m─[39m[90m─[39m[90m─[39m[90m─[39m[90m─[39m[90m─[39m[90m─[39m[90m─[39m[90m─[39m[90m─[39m[90m─[39m[90m─[39m[90m─[39m[90m─[39m[90m─[39m[90m─[39m[90m─[39m[90m─[39m[90m─[39m[90m─[39m[90m─[39m[90m─[39m[90m┘[39m
Admin UI E2E (4, chrome)	Run Cypress	2024-12-12T08:22:19.5033030Z 
Admin UI E2E (4, chrome)	Run Cypress	2024-12-12T08:22:19.5033044Z 
Admin UI E2E (4, chrome)	Run Cypress	2024-12-12T08:22:19.5039644Z [90m─[39m[90m─[39m[90m─[39m[90m─[39m[90m─[39m[90m─[39m[90m─[39m[90m─[39m[90m─[39m[90m─[39m[90m─[39m[90m─[39m[90m─[39m[90m─[39m[90m─[39m[90m─[39m[90m─[39m[90m─[39m[90m─[39m[90m─[39m[90m─[39m[90m─[39m[90m─[39m[90m─[39m[90m─[39m[90m─[39m[90m─[39m[90m─[39m[90m─[39m[90m─[39m[90m─[39m[90m─[39m[90m─[39m[90m─[39m[90m─[39m[90m─[39m[90m─[39m[90m─[39m[90m─[39m[90m─[39m[90m─[39m[90m─[39m[90m─[39m[90m─[39m[90m─[39m[90m─[39m[90m─[39m[90m─[39m[90m─[39m[90m─[39m[90m─[39m[90m─[39m[90m─[39m[90m─[39m[90m─[39m[90m─[39m[90m─[39m[90m─[39m[90m─[39m[90m─[39m[90m─[39m[90m─[39m[90m─[39m[90m─[39m[90m─[39m[90m─[39m[90m─[39m[90m─[39m[90m─[39m[90m─[39m[90m─[39m[90m─[39m[90m─[39m[90m─[39m[90m─[39m[90m─[39m[90m─[39m[90m─[39m[90m─[39m[90m─[39m[90m─[39m[90m─[39m[90m─[39m[90m─[39m[90m─[39m[90m─[39m[90m─[39m[90m─[39m[90m─[39m[90m─[39m[90m─[39m[90m─[39m[90m─[39m[90m─[39m[90m─[39m[90m─[39m[90m─[39m[90m─[39m[90m─[39m[90m─[39m
Admin UI E2E (4, chrome)	Run Cypress	2024-12-12T08:22:19.5044003Z                                                                                                     
Admin UI E2E (4, chrome)	Run Cypress	2024-12-12T08:22:19.5045018Z   Running:  [90mpartial_import_test.spec.ts[39m                                                     [90m(1 of 8)[39m
Admin UI E2E (4, chrome)	Run Cypress	2024-12-12T08:22:26.7228483Z 
Admin UI E2E (4, chrome)	Run Cypress	2024-12-12T08:22:26.7233894Z [0m[0m
Admin UI E2E (4, chrome)	Run Cypress	2024-12-12T08:22:26.7243911Z [0m  Partial import test[0m
Admin UI E2E (4, chrome)	Run Cypress	2024-12-12T08:22:37.0330482Z   [32m  ✓[0m[90m Opens and closes partial import dialog[0m[90m (10292ms)[0m
Admin UI E2E (4, chrome)	Run Cypress	2024-12-12T08:22:40.0525787Z   [32m  ✓[0m[90m Import button only enabled if JSON has something to import[0m[90m (2983ms)[0m
Admin UI E2E (4, chrome)	Run Cypress	2024-12-12T08:22:45.0432350Z   [32m  ✓[0m[90m Displays user options after multi-realm import[0m[90m (4962ms)[0m
Admin UI E2E (4, chrome)	Run Cypress	2024-12-12T08:22:49.6496497Z   [32m  ✓[0m[90m Displays user options after realmless import and does the import[0m[90m (4572ms)[0m
Admin UI E2E (4, chrome)	Run Cypress	2024-12-12T08:22:55.0256246Z   [32m  ✓[0m[90m Should clear the input with the button[0m[90m (3810ms)[0m
Admin UI E2E (4, chrome)	Run Cypress	2024-12-12T08:22:55.0262229Z 
Admin UI E2E (4, chrome)	Run Cypress	2024-12-12T08:22:55.0475052Z 
Admin UI E2E (4, chrome)	Run Cypress	2024-12-12T08:22:55.0477036Z [92m [0m[32m 5 passing[0m[90m (28s)[0m
Admin UI E2E (4, chrome)	Run Cypress	2024-12-12T08:22:55.0477436Z 
Admin UI E2E (4, chrome)	Run Cypress	2024-12-12T08:22:56.0882560Z 
Admin UI E2E (4, chrome)	Run Cypress	2024-12-12T08:22:56.0883960Z [32m  ([4m[1mResults[22m[24m)[39m
Admin UI E2E (4, chrome)	Run Cypress	2024-12-12T08:22:56.0902996Z 
Admin UI E2E (4, chrome)	Run Cypress	2024-12-12T08:22:56.0917631Z [90m  ┌[39m[90m─[39m[90m─[39m[90m─[39m[90m─[39m[90m─[39m[90m─[39m[90m─[39m[90m─[39m[90m─[39m[90m─[39m[90m─[39m[90m─[39m[90m─[39m[90m─[39m[90m─[39m[90m─[39m[90m─[39m[90m─[39m[90m─[39m[90m─[39m[90m─[39m[90m─[39m[90m─[39m[90m─[39m[90m─[39m[90m─[39m[90m─[39m[90m─[39m[90m─[39m[90m─[39m[90m─[39m[90m─[39m[90m─[39m[90m─[39m[90m─[39m[90m─[39m[90m─[39m[90m─[39m[90m─[39m[90m─[39m[90m─[39m[90m─[39m[90m─[39m[90m─[39m[90m─[39m[90m─[39m[90m─[39m[90m─[39m[90m─[39m[90m─[39m[90m─[39m[90m─[39m[90m─[39m[90m─[39m[90m─[39m[90m─[39m[90m─[39m[90m─[39m[90m─[39m[90m─[39m[90m─[39m[90m─[39m[90m─[39m[90m─[39m[90m─[39m[90m─[39m[90m─[39m[90m─[39m[90m─[39m[90m─[39m[90m─[39m[90m─[39m[90m─[39m[90m─[39m[90m─[39m[90m─[39m[90m─[39m[90m─[39m[90m─[39m[90m─[39m[90m─[39m[90m─[39m[90m─[39m[90m─[39m[90m─[39m[90m─[39m[90m─[39m[90m─[39m[90m─[39m[90m─[39m[90m─[39m[90m─[39m[90m─[39m[90m─[39m[90m─[39m[90m─[39m[90m┐[39m
Admin UI E2E (4, chrome)	Run Cypress	2024-12-12T08:22:56.0922557Z [90m  │[39m [90mTests:[39m        [32m5[39m                                                                                [90m│[39m
Admin UI E2E (4, chrome)	Run Cypress	2024-12-12T08:22:56.0923733Z [90m  │[39m [90mPassing:[39m      [32m5[39m                                                                                [90m│[39m
Admin UI E2E (4, chrome)	Run Cypress	2024-12-12T08:22:56.0924876Z [90m  │[39m [90mFailing:[39m      [32m0[39m                                                                                [90m│[39m
Admin UI E2E (4, chrome)	Run Cypress	2024-12-12T08:22:56.0925994Z [90m  │[39m [90mPending:[39m      [32m0[39m                                                                                [90m│[39m
Admin UI E2E (4, chrome)	Run Cypress	2024-12-12T08:22:56.0927118Z [90m  │[39m [90mSkipped:[39m      [32m0[39m                                                                                [90m│[39m
Admin UI E2E (4, chrome)	Run Cypress	2024-12-12T08:22:56.0928259Z [90m  │[39m [90mScreenshots:[39m  [32m0[39m                                                                                [90m│[39m
Admin UI E2E (4, chrome)	Run Cypress	2024-12-12T08:22:56.0929448Z [90m  │[39m [90mVideo:[39m        [32mfalse[39m                                                                            [90m│[39m
Admin UI E2E (4, chrome)	Run Cypress	2024-12-12T08:22:56.0930865Z [90m  │[39m [90mDuration:[39m     [32m28 seconds[39m                                                                       [90m│[39m
Admin UI E2E (4, chrome)	Run Cypress	2024-12-12T08:22:56.0936055Z [90m  │[39m [90mSpec Ran:[39m     [32m[32mpartial_import_test.spec.ts[32m[39m                                                      [90m│[39m
Admin UI E2E (4, chrome)	Run Cypress	2024-12-12T08:22:56.0943000Z [90m  └[39m[90m─[39m[90m─[39m[90m─[39m[90m─[39m[90m─[39m[90m─[39m[90m─[39m[90m─[39m[90m─[39m[90m─[39m[90m─[39m[90m─[39m[90m─[39m[90m─[39m[90m─[39m[90m─[39m[90m─[39m[90m─[39m[90m─[39m[90m─[39m[90m─[39m[90m─[39m[90m─[39m[90m─[39m[90m─[39m[90m─[39m[90m─[39m[90m─[39m[90m─[39m[90m─[39m[90m─[39m[90m─[39m[90m─[39m[90m─[39m[90m─[39m[90m─[39m[90m─[39m[90m─[39m[90m─[39m[90m─[39m[90m─[39m[90m─[39m[90m─[39m[90m─[39m[90m─[39m[90m─[39m[90m─[39m[90m─[39m[90m─[39m[90m─[39m[90m─[39m[90m─[39m[90m─[39m[90m─[39m[90m─[39m[90m─[39m[90m─[39m[90m─[39m[90m─[39m[90m─[39m[90m─[39m[90m─[39m[90m─[39m[90m─[39m[90m─[39m[90m─[39m[90m─[39m[90m─[39m[90m─[39m[90m─[39m[90m─[39m[90m─[39m[90m─[39m[90m─[39m[90m─[39m[90m─[39m[90m─[39m[90m─[39m[90m─[39m[90m─[39m[90m─[39m[90m─[39m[90m─[39m[90m─[39m[90m─[39m[90m─[39m[90m─[39m[90m─[39m[90m─[39m[90m─[39m[90m─[39m[90m─[39m[90m─[39m[90m─[39m[90m─[39m[90m─[39m[90m┘[39m
Admin UI E2E (4, chrome)	Run Cypress	2024-12-12T08:22:56.0946684Z 
Admin UI E2E (4, chrome)	Run Cypress	2024-12-12T08:22:56.1346611Z 
Admin UI E2E (4, chrome)	Run Cypress	2024-12-12T08:22:56.1360292Z [90m─[39m[90m─[39m[90m─[39m[90m─[39m[90m─[39m[90m─[39m[90m─[39m[90m─[39m[90m─[39m[90m─[39m[90m─[39m[90m─[39m[90m─[39m[90m─[39m[90m─[39m[90m─[39m[90m─[39m[90m─[39m[90m─[39m[90m─[39m[90m─[39m[90m─[39m[90m─[39m[90m─[39m[90m─[39m[90m─[39m[90m─[39m[90m─[39m[90m─[39m[90m─[39m[90m─[39m[90m─[39m[90m─[39m[90m─[39m[90m─[39m[90m─[39m[90m─[39m[90m─[39m[90m─[39m[90m─[39m[90m─[39m[90m─[39m[90m─[39m[90m─[39m[90m─[39m[90m─[39m[90m─[39m[90m─[39m[90m─[39m[90m─[39m[90m─[39m[90m─[39m[90m─[39m[90m─[39m[90m─[39m[90m─[39m[90m─[39m[90m─[39m[90m─[39m[90m─[39m[90m─[39m[90m─[39m[90m─[39m[90m─[39m[90m─[39m[90m─[39m[90m─[39m[90m─[39m[90m─[39m[90m─[39m[90m─[39m[90m─[39m[90m─[39m[90m─[39m[90m─[39m[90m─[39m[90m─[39m[90m─[39m[90m─[39m[90m─[39m[90m─[39m[90m─[39m[90m─[39m[90m─[39m[90m─[39m[90m─[39m[90m─[39m[90m─[39m[90m─[39m[90m─[39m[90m─[39m[90m─[39m[90m─[39m[90m─[39m[90m─[39m[90m─[39m[90m─[39m[90m─[39m[90m─[39m[90m─[39m
Admin UI E2E (4, chrome)	Run Cypress	2024-12-12T08:22:56.1363372Z                                                                                                     
Admin UI E2E (4, chrome)	Run Cypress	2024-12-12T08:22:56.1364261Z   Running:  [90mrealm_settings_client_profiles_test.spec.ts[39m                                     [90m(2 of 8)[39m
Admin UI E2E (4, chrome)	Run Cypress	2024-12-12T08:23:00.4888883Z 
Admin UI E2E (4, chrome)	Run Cypress	2024-12-12T08:23:00.4892687Z [0m[0m
Admin UI E2E (4, chrome)	Run Cypress	2024-12-12T08:23:00.4916787Z [0m  Realm settings client profiles tab tests[0m
Admin UI E2E (4, chrome)	Run Cypress	2024-12-12T08:23:06.7094777Z   [32m  ✓[0m[90m Go to client policies profiles tab[0m[90m (6163ms)[0m
Admin UI E2E (4, chrome)	Run Cypress	2024-12-12T08:23:09.9006554Z   [32m  ✓[0m[90m Check new client form is displaying[0m[90m (3129ms)[0m
Admin UI E2E (4, chrome)	Run Cypress	2024-12-12T08:23:13.2988674Z   [32m  ✓[0m[90m Complete new client form and cancel[0m[90m (3333ms)[0m
Admin UI E2E (4, chrome)	Run Cypress	2024-12-12T08:23:16.8565856Z   [32m  ✓[0m[90m Complete new client form and submit[0m[90m (3529ms)[0m
Admin UI E2E (4, chrome)	Run Cypress	2024-12-12T08:23:19.8366482Z   [32m  ✓[0m[90m Should perform client profile search by profile name[0m[90m (2916ms)[0m
Admin UI E2E (4, chrome)	Run Cypress	2024-12-12T08:23:23.0129708Z   [32m  ✓[0m[90m Should search non-existent client profile[0m[90m (3121ms)[0m
Admin UI E2E (4, chrome)	Run Cypress	2024-12-12T08:23:26.4736748Z   [32m  ✓[0m[90m Should navigate to client profile[0m[90m (3386ms)[0m
Admin UI E2E (4, chrome)	Run Cypress	2024-12-12T08:23:29.4107517Z   [32m  ✓[0m[90m Check navigating between Form View and JSON editor[0m[90m (2869ms)[0m
Admin UI E2E (4, chrome)	Run Cypress	2024-12-12T08:23:41.8435271Z   [32m  ✓[0m[90m Check saving changed JSON profiles[0m[90m (12362ms)[0m
Admin UI E2E (4, chrome)	Run Cypress	2024-12-12T08:23:46.5445850Z   [32m  ✓[0m[90m Should not create duplicate client profile[0m[90m (4663ms)[0m
Admin UI E2E (4, chrome)	Run Cypress	2024-12-12T08:23:50.3934714Z   [32m  ✓[0m[90m Should edit client profile[0m[90m (3763ms)[0m
Admin UI E2E (4, chrome)	Run Cypress	2024-12-12T08:23:53.4117013Z   [32m  ✓[0m[90m Should check that edited client profile is now listed[0m[90m (2951ms)[0m
Admin UI E2E (4, chrome)	Run Cypress	2024-12-12T08:23:56.0915261Z   [32m  ✓[0m[90m Should show error when client profile left blank[0m[90m (2631ms)[0m
Admin UI E2E (4, chrome)	Run Cypress	2024-12-12T08:23:58.9591485Z   [32m  ✓[0m[90m Should revert back to the previous profile name[0m[90m (2811ms)[0m
Admin UI E2E (4, chrome)	Run Cypress	2024-12-12T08:24:01.5616538Z   [32m  ✓[0m[90m Should not have executors configured by default[0m[90m (2540ms)[0m
Admin UI E2E (4, chrome)	Run Cypress	2024-12-12T08:24:04.8041742Z   [32m  ✓[0m[90m Should cancel adding a new executor to a client profile[0m[90m (3181ms)[0m
Admin UI E2E (4, chrome)	Run Cypress	2024-12-12T08:24:08.0483613Z   [32m  ✓[0m[90m Should add a new executor to a client profile[0m[90m (3190ms)[0m
Admin UI E2E (4, chrome)	Run Cypress	2024-12-12T08:24:10.9317236Z   [32m  ✓[0m[90m Should cancel deleting executor from a client profile[0m[90m (2826ms)[0m
Admin UI E2E (4, chrome)	Run Cypress	2024-12-12T08:24:14.4880358Z   [32m  ✓[0m[90m Should cancel editing executor[0m[90m (3491ms)[0m
Admin UI E2E (4, chrome)	Run Cypress	2024-12-12T08:24:17.4254227Z  Initialize (../../third_party/dawn/src/dawn/native/vulkan/BackendVk.cpp:344)
Admin UI E2E (4, chrome)	Run Cypress	2024-12-12T08:24:17.4255564Z     at Create (../../third_party/dawn/src/dawn/native/vulkan/BackendVk.cpp:266)
Admin UI E2E (4, chrome)	Run Cypress	2024-12-12T08:24:17.4263110Z     at operator() (../../third_party/dawn/src/dawn/native/vulkan/BackendVk.cpp:521)
Admin UI E2E (4, chrome)	Run Cypress	2024-12-12T08:24:17.4263648Z 
Admin UI E2E (4, chrome)	Run Cypress	2024-12-12T08:24:18.3286093Z   [32m  ✓[0m[90m Should edit executor[0m[90m (3782ms)[0m
Admin UI E2E (4, chrome)	Run Cypress	2024-12-12T08:24:21.2113387Z   [32m  ✓[0m[90m Should delete executor from a client profile[0m[90m (2796ms)[0m
Admin UI E2E (4, chrome)	Run Cypress	2024-12-12T08:24:24.5585146Z   [32m  ✓[0m[90m Check cancelling the client profile deletion[0m[90m (3293ms)[0m
Admin UI E2E (4, chrome)	Run Cypress	2024-12-12T08:24:28.7219153Z   [32m  ✓[0m[90m Check deleting the client profile[0m[90m (3438ms)[0m
Admin UI E2E (4, chrome)	Run Cypress	2024-12-12T08:24:28.7220351Z 
Admin UI E2E (4, chrome)	Run Cypress	2024-12-12T08:24:28.7487644Z 
Admin UI E2E (4, chrome)	Run Cypress	2024-12-12T08:24:28.7488921Z [92m [0m[32m 23 passing[0m[90m (1m)[0m
Admin UI E2E (4, chrome)	Run Cypress	2024-12-12T08:24:28.7489602Z 
Admin UI E2E (4, chrome)	Run Cypress	2024-12-12T08:24:29.7807375Z 
Admin UI E2E (4, chrome)	Run Cypress	2024-12-12T08:24:29.7808931Z [32m  ([4m[1mResults[22m[24m)[39m
Admin UI E2E (4, chrome)	Run Cypress	2024-12-12T08:24:29.7826804Z 
Admin UI E2E (4, chrome)	Run Cypress	2024-12-12T08:24:29.7841751Z [90m  ┌[39m[90m─[39m[90m─[39m[90m─[39m[90m─[39m[90m─[39m[90m─[39m[90m─[39m[90m─[39m[90m─[39m[90m─[39m[90m─[39m[90m─[39m[90m─[39m[90m─[39m[90m─[39m[90m─[39m[90m─[39m[90m─[39m[90m─[39m[90m─[39m[90m─[39m[90m─[39m[90m─[39m[90m─[39m[90m─[39m[90m─[39m[90m─[39m[90m─[39m[90m─[39m[90m─[39m[90m─[39m[90m─[39m[90m─[39m[90m─[39m[90m─[39m[90m─[39m[90m─[39m[90m─[39m[90m─[39m[90m─[39m[90m─[39m[90m─[39m[90m─[39m[90m─[39m[90m─[39m[90m─[39m[90m─[39m[90m─[39m[90m─[39m[90m─[39m[90m─[39m[90m─[39m[90m─[39m[90m─[39m[90m─[39m[90m─[39m[90m─[39m[90m─[39m[90m─[39m[90m─[39m[90m─[39m[90m─[39m[90m─[39m[90m─[39m[90m─[39m[90m─[39m[90m─[39m[90m─[39m[90m─[39m[90m─[39m[90m─[39m[90m─[39m[90m─[39m[90m─[39m[90m─[39m[90m─[39m[90m─[39m[90m─[39m[90m─[39m[90m─[39m[90m─[39m[90m─[39m[90m─[39m[90m─[39m[90m─[39m[90m─[39m[90m─[39m[90m─[39m[90m─[39m[90m─[39m[90m─[39m[90m─[39m[90m─[39m[90m─[39m[90m─[39m[90m─[39m[90m┐[39m
Admin UI E2E (4, chrome)	Run Cypress	2024-12-12T08:24:29.7845114Z [90m  │[39m [90mTests:[39m        [32m23[39m                                                                               [90m│[39m
Admin UI E2E (4, chrome)	Run Cypress	2024-12-12T08:24:29.7845974Z [90m  │[39m [90mPassing:[39m      [32m23[39m                                                                               [90m│[39m
Admin UI E2E (4, chrome)	Run Cypress	2024-12-12T08:24:29.7847004Z [90m  │[39m [90mFailing:[39m      [32m0[39m                                                                                [90m│[39m
Admin UI E2E (4, chrome)	Run Cypress	2024-12-12T08:24:29.7847790Z [90m  │[39m [90mPending:[39m      [32m0[39m                                                                                [90m│[39m
Admin UI E2E (4, chrome)	Run Cypress	2024-12-12T08:24:29.7848573Z [90m  │[39m [90mSkipped:[39m      [32m0[39m                                                                                [90m│[39m
Admin UI E2E (4, chrome)	Run Cypress	2024-12-12T08:24:29.7849281Z [90m  │[39m [90mScreenshots:[39m  [32m0[39m                                                                                [90m│[39m
Admin UI E2E (4, chrome)	Run Cypress	2024-12-12T08:24:29.7850345Z [90m  │[39m [90mVideo:[39m        [32mfalse[39m                                                                            [90m│[39m
Admin UI E2E (4, chrome)	Run Cypress	2024-12-12T08:24:29.7851520Z [90m  │[39m [90mDuration:[39m     [32m1 minute, 28 seconds[39m                                                             [90m│[39m
Admin UI E2E (4, chrome)	Run Cypress	2024-12-12T08:24:29.7853005Z [90m  │[39m [90mSpec Ran:[39m     [32m[32mrealm_settings_client_profiles_test.spec.ts[32m[39m                                      [90m│[39m
Admin UI E2E (4, chrome)	Run Cypress	2024-12-12T08:24:29.7859482Z [90m  └[39m[90m─[39m[90m─[39m[90m─[39m[90m─[39m[90m─[39m[90m─[39m[90m─[39m[90m─[39m[90m─[39m[90m─[39m[90m─[39m[90m─[39m[90m─[39m[90m─[39m[90m─[39m[90m─[39m[90m─[39m[90m─[39m[90m─[39m[90m─[39m[90m─[39m[90m─[39m[90m─[39m[90m─[39m[90m─[39m[90m─[39m[90m─[39m[90m─[39m[90m─[39m[90m─[39m[90m─[39m[90m─[39m[90m─[39m[90m─[39m[90m─[39m[90m─[39m[90m─[39m[90m─[39m[90m─[39m[90m─[39m[90m─[39m[90m─[39m[90m─[39m[90m─[39m[90m─[39m[90m─[39m[90m─[39m[90m─[39m[90m─[39m[90m─[39m[90m─[39m[90m─[39m[90m─[39m[90m─[39m[90m─[39m[90m─[39m[90m─[39m[90m─[39m[90m─[39m[90m─[39m[90m─[39m[90m─[39m[90m─[39m[90m─[39m[90m─[39m[90m─[39m[90m─[39m[90m─[39m[90m─[39m[90m─[39m[90m─[39m[90m─[39m[90m─[39m[90m─[39m[90m─[39m[90m─[39m[90m─[39m[90m─[39m[90m─[39m[90m─[39m[90m─[39m[90m─[39m[90m─[39m[90m─[39m[90m─[39m[90m─[39m[90m─[39m[90m─[39m[90m─[39m[90m─[39m[90m─[39m[90m─[39m[90m─[39m[90m─[39m[90m─[39m[90m─[39m[90m┘[39m
Admin UI E2E (4, chrome)	Run Cypress	2024-12-12T08:24:29.7863455Z 
Admin UI E2E (4, chrome)	Run Cypress	2024-12-12T08:24:29.8235754Z 
Admin UI E2E (4, chrome)	Run Cypress	2024-12-12T08:24:29.8243209Z [90m─[39m[90m─[39m[90m─[39m[90m─[39m[90m─[39m[90m─[39m[90m─[39m[90m─[39m[90m─[39m[90m─[39m[90m─[39m[90m─[39m[90m─[39m[90m─[39m[90m─[39m[90m─[39m[90m─[39m[90m─[39m[90m─[39m[90m─[39m[90m─[39m[90m─[39m[90m─[39m[90m─[39m[90m─[39m[90m─[39m[90m─[39m[90m─[39m[90m─[39m[90m─[39m[90m─[39m[90m─[39m[90m─[39m[90m─[39m[90m─[39m[90m─[39m[90m─[39m[90m─[39m[90m─[39m[90m─[39m[90m─[39m[90m─[39m[90m─[39m[90m─[39m[90m─[39m[90m─[39m[90m─[39m[90m─[39m[90m─[39m[90m─[39m[90m─[39m[90m─[39m[90m─[39m[90m─[39m[90m─[39m[90m─[39m[90m─[39m[90m─[39m[90m─[39m[90m─[39m[90m─[39m[90m─[39m[90m─[39m[90m─[39m[90m─[39m[90m─[39m[90m─[39m[90m─[39m[90m─[39m[90m─[39m[90m─[39m[90m─[39m[90m─[39m[90m─[39m[90m─[39m[90m─[39m[90m─[39m[90m─[39m[90m─[39m[90m─[39m[90m─[39m[90m─[39m[90m─[39m[90m─[39m[90m─[39m[90m─[39m[90m─[39m[90m─[39m[90m─[39m[90m─[39m[90m─[39m[90m─[39m[90m─[39m[90m─[39m[90m─[39m[90m─[39m[90m─[39m[90m─[39m[90m─[39m[90m─[39m
Admin UI E2E (4, chrome)	Run Cypress	2024-12-12T08:24:29.8247449Z                                                                                                     
Admin UI E2E (4, chrome)	Run Cypress	2024-12-12T08:24:29.8248785Z   Running:  [90mrealm_settings_tabs_test.spec.ts[39m                                                [90m(3 of 8)[39m
Admin UI E2E (4, chrome)	Run Cypress	2024-12-12T08:24:34.1009308Z 
Admin UI E2E (4, chrome)	Run Cypress	2024-12-12T08:24:34.1010638Z [0m[0m
Admin UI E2E (4, chrome)	Run Cypress	2024-12-12T08:24:34.1035569Z [0m  Realm settings tabs tests[0m
Admin UI E2E (4, chrome)	Run Cypress	2024-12-12T08:24:39.5281729Z   [32m  ✓[0m[90m shows the 'user profile' tab[0m[90m (5373ms)[0m
Admin UI E2E (4, chrome)	Run Cypress	2024-12-12T08:24:48.0936392Z   [32m  ✓[0m[90m Go to login tab[0m[90m (8406ms)[0m
Admin UI E2E (4, chrome)	Run Cypress	2024-12-12T08:24:54.6141936Z   [32m  ✓[0m[90m Go to email tab[0m[90m (6475ms)[0m
Admin UI E2E (4, chrome)	Run Cypress	2024-12-12T08:24:57.1422713Z   [32m  ✓[0m[90m Go to themes tab[0m[90m (2465ms)[0m
Admin UI E2E (4, chrome)	Run Cypress	2024-12-12T08:24:57.1705826Z [0m    Go to security defenses tab[0m
Admin UI E2E (4, chrome)	Run Cypress	2024-12-12T08:24:59.5771723Z     [32m  ✓[0m[90m Realm header settings- update single input[0m[90m (2326ms)[0m
Admin UI E2E (4, chrome)	Run Cypress	2024-12-12T08:25:05.5246291Z     [32m  ✓[0m[90m Realm header settings- update all inputs[0m[90m (5872ms)[0m
Admin UI E2E (4, chrome)	Run Cypress	2024-12-12T08:25:09.1044223Z     [32m  ✓[0m[90m Brute force detection- update values[0m[90m (3460ms)[0m
Admin UI E2E (4, chrome)	Run Cypress	2024-12-12T08:25:09.1216900Z [0m    Go to localization tab[0m
Admin UI E2E (4, chrome)	Run Cypress	2024-12-12T08:25:12.5902181Z     [32m  ✓[0m[90m Locales tab - Add locale[0m[90m (3370ms)[0m
Admin UI E2E (4, chrome)	Run Cypress	2024-12-12T08:25:16.4398672Z     [32m  ✓[0m[90m Realm Overrides - Add and delete bundle[0m[90m (3730ms)[0m
Admin UI E2E (4, chrome)	Run Cypress	2024-12-12T08:25:20.4947494Z     [32m  ✓[0m[90m Realm Overrides - Search for and delete bundle[0m[90m (4000ms)[0m
Admin UI E2E (4, chrome)	Run Cypress	2024-12-12T08:25:24.9961190Z     [32m  ✓[0m[90m Realm Overrides - Edit and cancel edit message bundle[0m[90m (4438ms)[0m
Admin UI E2E (4, chrome)	Run Cypress	2024-12-12T08:25:27.4271246Z     [32m  ✓[0m[90m Effective Message Bundles - Check before search message[0m[90m (2372ms)[0m
Admin UI E2E (4, chrome)	Run Cypress	2024-12-12T08:25:27.4425386Z [0m    Accessibility tests for realm settings[0m
Admin UI E2E (4, chrome)	Run Cypress	2024-12-12T08:25:31.6151902Z     [32m  ✓[0m[90m Check a11y violations on load/ realm settings/ general tab[0m[90m (4150ms)[0m
Admin UI E2E (4, chrome)	Run Cypress	2024-12-12T08:25:36.4042597Z     [32m  ✓[0m[90m Check a11y violations on login tab[0m[90m (4733ms)[0m
Admin UI E2E (4, chrome)	Run Cypress	2024-12-12T08:25:40.8196225Z     [32m  ✓[0m[90m Check a11y violations on email tab[0m[90m (4374ms)[0m
Admin UI E2E (4, chrome)	Run Cypress	2024-12-12T08:25:45.3365108Z     [32m  ✓[0m[90m Check a11y violations on themes tab[0m[90m (4473ms)[0m
Admin UI E2E (4, chrome)	Run Cypress	2024-12-12T08:25:49.7234698Z     [32m  ✓[0m[90m Check a11y violations on keys tab/ keys list sub tab[0m[90m (4337ms)[0m
Admin UI E2E (4, chrome)	Run Cypress	2024-12-12T08:25:54.1546808Z     [32m  ✓[0m[90m Check a11y violations on keys tab/ providers sub tab[0m[90m (4389ms)[0m
Admin UI E2E (4, chrome)	Run Cypress	2024-12-12T08:25:59.1018782Z     [32m  ✓[0m[90m Check a11y violations on keys tab/ providers sub tab / adding provider[0m[90m (4910ms)[0m
Admin UI E2E (4, chrome)	Run Cypress	2024-12-12T08:26:03.6713769Z     [32m  ✓[0m[90m Check a11y violations on events tab/ event listeners sub tab[0m[90m (4482ms)[0m
Admin UI E2E (4, chrome)	Run Cypress	2024-12-12T08:26:08.1629855Z     [32m  ✓[0m[90m Check a11y violations on events tab/ user events settings sub tab[0m[90m (4444ms)[0m
Admin UI E2E (4, chrome)	Run Cypress	2024-12-12T08:26:13.3427837Z     [32m  ✓[0m[90m Check a11y violations on events tab/ admin events settings sub tab[0m[90m (5137ms)[0m
Admin UI E2E (4, chrome)	Run Cypress	2024-12-12T08:26:17.6052869Z     [32m  ✓[0m[90m Check a11y violations on localization locales sub tab[0m[90m (4242ms)[0m
Admin UI E2E (4, chrome)	Run Cypress	2024-12-12T08:26:22.1002795Z     [32m  ✓[0m[90m Check a11y violations on localization realm overrides sub tab[0m[90m (4449ms)[0m
Admin UI E2E (4, chrome)	Run Cypress	2024-12-12T08:26:26.7925694Z     [32m  ✓[0m[90m Check a11y violations on localization realm overrides sub tab/ adding message bundle[0m[90m (4670ms)[0m
Admin UI E2E (4, chrome)	Run Cypress	2024-12-12T08:26:31.6846509Z     [32m  ✓[0m[90m Check a11y violations on localization effective message bundles sub tab[0m[90m (4859ms)[0m
Admin UI E2E (4, chrome)	Run Cypress	2024-12-12T08:26:36.0592674Z     [32m  ✓[0m[90m Check a11y violations on security defenses tab[0m[90m (4329ms)[0m
Admin UI E2E (4, chrome)	Run Cypress	2024-12-12T08:26:40.3914325Z     [32m  ✓[0m[90m Check a11y violations on sessions tab[0m[90m (4292ms)[0m
Admin UI E2E (4, chrome)	Run Cypress	2024-12-12T08:26:44.7703725Z     [32m  ✓[0m[90m Check a11y violations on tokens tab[0m[90m (4305ms)[0m
Admin UI E2E (4, chrome)	Run Cypress	2024-12-12T08:26:48.7302239Z     [32m  ✓[0m[90m Check a11y violations on client policies tab/ profiles sub tab[0m[90m (3904ms)[0m
Admin UI E2E (4, chrome)	Run Cypress	2024-12-12T08:26:53.5370286Z     [32m  ✓[0m[90m Check a11y violations on client policies tab/ creating profile[0m[90m (4715ms)[0m
Admin UI E2E (4, chrome)	Run Cypress	2024-12-12T08:26:57.6204022Z     [32m  ✓[0m[90m Check a11y violations on client policies tab/ policies sub tab[0m[90m (4032ms)[0m
Admin UI E2E (4, chrome)	Run Cypress	2024-12-12T08:27:03.3265403Z     [32m  ✓[0m[90m Check a11y violations on client policies tab/ creating policy[0m[90m (5648ms)[0m
Admin UI E2E (4, chrome)	Run Cypress	2024-12-12T08:27:07.7158121Z     [32m  ✓[0m[90m Check a11y violations on user registration tab/ default roles sub tab[0m[90m (4318ms)[0m
Admin UI E2E (4, chrome)	Run Cypress	2024-12-12T08:27:12.9070779Z     [32m  ✓[0m[90m Check a11y violations on user registration tab/ default roles sub tab/ assigning role[0m[90m (4563ms)[0m
Admin UI E2E (4, chrome)	Run Cypress	2024-12-12T08:27:12.9090769Z 
Admin UI E2E (4, chrome)	Run Cypress	2024-12-12T08:27:12.9355459Z 
Admin UI E2E (4, chrome)	Run Cypress	2024-12-12T08:27:12.9363299Z [92m [0m[32m 35 passing[0m[90m (3m)[0m
Admin UI E2E (4, chrome)	Run Cypress	2024-12-12T08:27:12.9363975Z 
Admin UI E2E (4, chrome)	Run Cypress	2024-12-12T08:27:14.0056867Z 
Admin UI E2E (4, chrome)	Run Cypress	2024-12-12T08:27:14.0058176Z [32m  ([4m[1mResults[22m[24m)[39m
Admin UI E2E (4, chrome)	Run Cypress	2024-12-12T08:27:14.0078266Z 
Admin UI E2E (4, chrome)	Run Cypress	2024-12-12T08:27:14.0096843Z [90m  ┌[39m[90m─[39m[90m─[39m[90m─[39m[90m─[39m[90m─[39m[90m─[39m[90m─[39m[90m─[39m[90m─[39m[90m─[39m[90m─[39m[90m─[39m[90m─[39m[90m─[39m[90m─[39m[90m─[39m[90m─[39m[90m─[39m[90m─[39m[90m─[39m[90m─[39m[90m─[39m[90m─[39m[90m─[39m[90m─[39m[90m─[39m[90m─[39m[90m─[39m[90m─[39m[90m─[39m[90m─[39m[90m─[39m[90m─[39m[90m─[39m[90m─[39m[90m─[39m[90m─[39m[90m─[39m[90m─[39m[90m─[39m[90m─[39m[90m─[39m[90m─[39m[90m─[39m[90m─[39m[90m─[39m[90m─[39m[90m─[39m[90m─[39m[90m─[39m[90m─[39m[90m─[39m[90m─[39m[90m─[39m[90m─[39m[90m─[39m[90m─[39m[90m─[39m[90m─[39m[90m─[39m[90m─[39m[90m─[39m[90m─[39m[90m─[39m[90m─[39m[90m─[39m[90m─[39m[90m─[39m[90m─[39m[90m─[39m[90m─[39m[90m─[39m[90m─[39m[90m─[39m[90m─[39m[90m─[39m[90m─[39m[90m─[39m[90m─[39m[90m─[39m[90m─[39m[90m─[39m[90m─[39m[90m─[39m[90m─[39m[90m─[39m[90m─[39m[90m─[39m[90m─[39m[90m─[39m[90m─[39m[90m─[39m[90m─[39m[90m─[39m[90m─[39m[90m─[39m[90m┐[39m
Admin UI E2E (4, chrome)	Run Cypress	2024-12-12T08:27:14.0102928Z [90m  │[39m [90mTests:[39m        [32m35[39m                                                                               [90m│[39m
Admin UI E2E (4, chrome)	Run Cypress	2024-12-12T08:27:14.0104408Z [90m  │[39m [90mPassing:[39m      [32m35[39m                                                                               [90m│[39m
Admin UI E2E (4, chrome)	Run Cypress	2024-12-12T08:27:14.0105818Z [90m  │[39m [90mFailing:[39m      [32m0[39m                                                                                [90m│[39m
Admin UI E2E (4, chrome)	Run Cypress	2024-12-12T08:27:14.0107076Z [90m  │[39m [90mPending:[39m      [32m0[39m                                                                                [90m│[39m
Admin UI E2E (4, chrome)	Run Cypress	2024-12-12T08:27:14.0108352Z [90m  │[39m [90mSkipped:[39m      [32m0[39m                                                                                [90m│[39m
Admin UI E2E (4, chrome)	Run Cypress	2024-12-12T08:27:14.0109898Z [90m  │[39m [90mScreenshots:[39m  [32m0[39m                                                                                [90m│[39m
Admin UI E2E (4, chrome)	Run Cypress	2024-12-12T08:27:14.0111581Z [90m  │[39m [90mVideo:[39m        [32mfalse[39m                                                                            [90m│[39m
Admin UI E2E (4, chrome)	Run Cypress	2024-12-12T08:27:14.0112902Z [90m  │[39m [90mDuration:[39m     [32m2 minutes, 38 seconds[39m                                                            [90m│[39m
Admin UI E2E (4, chrome)	Run Cypress	2024-12-12T08:27:14.0113799Z [90m  │[39m [90mSpec Ran:[39m     [32m[32mrealm_settings_tabs_test.spec.ts[32m[39m                                                 [90m│[39m
Admin UI E2E (4, chrome)	Run Cypress	2024-12-12T08:27:14.0118630Z [90m  └[39m[90m─[39m[90m─[39m[90m─[39m[90m─[39m[90m─[39m[90m─[39m[90m─[39m[90m─[39m[90m─[39m[90m─[39m[90m─[39m[90m─[39m[90m─[39m[90m─[39m[90m─[39m[90m─[39m[90m─[39m[90m─[39m[90m─[39m[90m─[39m[90m─[39m[90m─[39m[90m─[39m[90m─[39m[90m─[39m[90m─[39m[90m─[39m[90m─[39m[90m─[39m[90m─[39m[90m─[39m[90m─[39m[90m─[39m[90m─[39m[90m─[39m[90m─[39m[90m─[39m[90m─[39m[90m─[39m[90m─[39m[90m─[39m[90m─[39m[90m─[39m[90m─[39m[90m─[39m[90m─[39m[90m─[39m[90m─[39m[90m─[39m[90m─[39m[90m─[39m[90m─[39m[90m─[39m[90m─[39m[90m─[39m[90m─[39m[90m─[39m[90m─[39m[90m─[39m[90m─[39m[90m─[39m[90m─[39m[90m─[39m[90m─[39m[90m─[39m[90m─[39m[90m─[39m[90m─[39m[90m─[39m[90m─[39m[90m─[39m[90m─[39m[90m─[39m[90m─[39m[90m─[39m[90m─[39m[90m─[39m[90m─[39m[90m─[39m[90m─[39m[90m─[39m[90m─[39m[90m─[39m[90m─[39m[90m─[39m[90m─[39m[90m─[39m[90m─[39m[90m─[39m[90m─[39m[90m─[39m[90m─[39m[90m─[39m[90m─[39m[90m─[39m[90m─[39m[90m┘[39m
Admin UI E2E (4, chrome)	Run Cypress	2024-12-12T08:27:14.0122395Z 
Admin UI E2E (4, chrome)	Run Cypress	2024-12-12T08:27:14.0512886Z 
Admin UI E2E (4, chrome)	Run Cypress	2024-12-12T08:27:14.0524470Z [90m─[39m[90m─[39m[90m─[39m[90m─[39m[90m─[39m[90m─[39m[90m─[39m[90m─[39m[90m─[39m[90m─[39m[90m─[39m[90m─[39m[90m─[39m[90m─[39m[90m─[39m[90m─[39m[90m─[39m[90m─[39m[90m─[39m[90m─[39m[90m─[39m[90m─[39m[90m─[39m[90m─[39m[90m─[39m[90m─[39m[90m─[39m[90m─[39m[90m─[39m[90m─[39m[90m─[39m[90m─[39m[90m─[39m[90m─[39m[90m─[39m[90m─[39m[90m─[39m[90m─[39m[90m─[39m[90m─[39m[90m─[39m[90m─[39m[90m─[39m[90m─[39m[90m─[39m[90m─[39m[90m─[39m[90m─[39m[90m─[39m[90m─[39m[90m─[39m[90m─[39m[90m─[39m[90m─[39m[90m─[39m[90m─[39m[90m─[39m[90m─[39m[90m─[39m[90m─[39m[90m─[39m[90m─[39m[90m─[39m[90m─[39m[90m─[39m[90m─[39m[90m─[39m[90m─[39m[90m─[39m[90m─[39m[90m─[39m[90m─[39m[90m─[39m[90m─[39m[90m─[39m[90m─[39m[90m─[39m[90m─[39m[90m─[39m[90m─[39m[90m─[39m[90m─[39m[90m─[39m[90m─[39m[90m─[39m[90m─[39m[90m─[39m[90m─[39m[90m─[39m[90m─[39m[90m─[39m[90m─[39m[90m─[39m[90m─[39m[90m─[39m[90m─[39m[90m─[39m[90m─[39m[90m─[39m[90m─[39m
Admin UI E2E (4, chrome)	Run Cypress	2024-12-12T08:27:14.0529614Z                                                                                                     
Admin UI E2E (4, chrome)	Run Cypress	2024-12-12T08:27:14.0530601Z   Running:  [90mauthentication_test.spec.ts[39m                                                     [90m(4 of 8)[39m
Admin UI E2E (4, chrome)	Run Cypress	2024-12-12T08:27:18.1596340Z 
Admin UI E2E (4, chrome)	Run Cypress	2024-12-12T08:27:18.1597159Z [0m[0m
Admin UI E2E (4, chrome)	Run Cypress	2024-12-12T08:27:18.1618640Z [0m  Authentication test[0m
Admin UI E2E (4, chrome)	Run Cypress	2024-12-12T08:27:23.5784962Z   [32m  ✓[0m[90m authentication empty search test[0m[90m (5373ms)[0m
Admin UI E2E (4, chrome)	Run Cypress	2024-12-12T08:27:25.9179863Z   [32m  ✓[0m[90m authentication search flow[0m[90m (2299ms)[0m
Admin UI E2E (4, chrome)	Run Cypress	2024-12-12T08:27:28.6172754Z   [32m  ✓[0m[90m should create duplicate of existing flow[0m[90m (2640ms)[0m
Admin UI E2E (4, chrome)	Run Cypress	2024-12-12T08:27:31.3969112Z   [32m  ✓[0m[90m Should fail duplicate with empty flow name[0m[90m (2723ms)[0m
Admin UI E2E (4, chrome)	Run Cypress	2024-12-12T08:27:33.7073133Z   [32m  ✓[0m[90m Should fail duplicate with duplicated name[0m[90m (2269ms)[0m
Admin UI E2E (4, chrome)	Run Cypress	2024-12-12T08:27:36.1076793Z   [32m  ✓[0m[90m Should show the details of a flow as a table[0m[90m (2339ms)[0m
Admin UI E2E (4, chrome)	Run Cypress	2024-12-12T08:27:36.1413383Z   [36m  - Should move kerberos down[0m
Admin UI E2E (4, chrome)	Run Cypress	2024-12-12T08:27:39.8446486Z   [32m  ✓[0m[90m Should edit flow details[0m[90m (3663ms)[0m
Admin UI E2E (4, chrome)	Run Cypress	2024-12-12T08:27:42.9262490Z   [32m  ✓[0m[90m Should change requirement of cookie[0m[90m (2938ms)[0m
Admin UI E2E (4, chrome)	Run Cypress	2024-12-12T08:27:45.5379767Z   [32m  ✓[0m[90m Should switch to diagram mode[0m[90m (2505ms)[0m
Admin UI E2E (4, chrome)	Run Cypress	2024-12-12T08:27:48.7885119Z   [32m  ✓[0m[90m Should add a execution[0m[90m (3213ms)[0m
Admin UI E2E (4, chrome)	Run Cypress	2024-12-12T08:27:51.9169355Z   [32m  ✓[0m[90m should add a condition[0m[90m (3074ms)[0m
Admin UI E2E (4, chrome)	Run Cypress	2024-12-12T08:27:55.4975406Z   [32m  ✓[0m[90m Should add a sub-flow[0m[90m (3503ms)[0m
Admin UI E2E (4, chrome)	Run Cypress	2024-12-12T08:27:58.4987629Z   [32m  ✓[0m[90m Should remove an execution[0m[90m (2952ms)[0m
Admin UI E2E (4, chrome)	Run Cypress	2024-12-12T08:28:00.7619739Z   [32m  ✓[0m[90m Should set as default in action menu[0m[90m (2228ms)[0m
Admin UI E2E (4, chrome)	Run Cypress	2024-12-12T08:28:05.8088458Z   [32m  ✓[0m[90m should create flow from scratch[0m[90m (4950ms)[0m
Admin UI E2E (4, chrome)	Run Cypress	2024-12-12T08:28:08.4637581Z   [32m  ✓[0m[90m Should delete a flow from action menu[0m[90m (2579ms)[0m
Admin UI E2E (4, chrome)	Run Cypress	2024-12-12T08:28:13.0900988Z   [32m  ✓[0m[90m add webauthn authentication to browserflow[0m[90m (4553ms)[0m
Admin UI E2E (4, chrome)	Run Cypress	2024-12-12T08:28:17.4986972Z   [32m  ✓[0m[90m Should display the default browser flow diagram[0m[90m (3728ms)[0m
Admin UI E2E (4, chrome)	Run Cypress	2024-12-12T08:28:17.5152386Z 
Admin UI E2E (4, chrome)	Run Cypress	2024-12-12T08:28:17.5156279Z [0m  Required actions[0m
Admin UI E2E (4, chrome)	Run Cypress	2024-12-12T08:28:21.0307754Z   [32m  ✓[0m[90m should enable delete account[0m[90m (3495ms)[0m
Admin UI E2E (4, chrome)	Run Cypress	2024-12-12T08:28:23.9754712Z   [32m  ✓[0m[90m should register an unregistered action[0m[90m (2868ms)[0m
Admin UI E2E (4, chrome)	Run Cypress	2024-12-12T08:28:25.9989123Z   [32m  ✓[0m[90m should set action as default[0m[90m (1988ms)[0m
Admin UI E2E (4, chrome)	Run Cypress	2024-12-12T08:28:29.4374237Z   [32m  ✓[0m[90m should reorder required actions[0m[90m (2979ms)[0m
Admin UI E2E (4, chrome)	Run Cypress	2024-12-12T08:28:29.4568613Z 
Admin UI E2E (4, chrome)	Run Cypress	2024-12-12T08:28:29.4571426Z [0m  Password policies tab[0m
Admin UI E2E (4, chrome)	Run Cypress	2024-12-12T08:28:31.8567699Z   [32m  ✓[0m[90m should add password policies[0m[90m (2355ms)[0m
Admin UI E2E (4, chrome)	Run Cypress	2024-12-12T08:28:33.9846593Z   [32m  ✓[0m[90m should remove password policies[0m[90m (2080ms)[0m
Admin UI E2E (4, chrome)	Run Cypress	2024-12-12T08:28:33.9976914Z 
Admin UI E2E (4, chrome)	Run Cypress	2024-12-12T08:28:33.9978005Z [0m  Accessibility tests for authentication[0m
Admin UI E2E (4, chrome)	Run Cypress	2024-12-12T08:28:37.2284029Z   [32m  ✓[0m[90m Check a11y violations on load/ authentication tab/ flows sub tab[0m[90m (3208ms)[0m
Admin UI E2E (4, chrome)	Run Cypress	2024-12-12T08:28:39.8060595Z   [32m  ✓[0m[90m Check a11y violations on load/ authentication tab/ flows sub tab/ creating flow form[0m[90m (2550ms)[0m
Admin UI E2E (4, chrome)	Run Cypress	2024-12-12T08:28:43.6575510Z   [32m  ✓[0m[90m Check a11y violations on load/ authentication tab/ flows sub tab/ creating flow[0m[90m (3791ms)[0m
Admin UI E2E (4, chrome)	Run Cypress	2024-12-12T08:28:46.1166142Z   [32m  ✓[0m[90m Check a11y violations on load/ authentication tab/ flows sub tab/ creating flow form[0m[90m (2417ms)[0m
Admin UI E2E (4, chrome)	Run Cypress	2024-12-12T08:28:48.7633508Z   [32m  ✓[0m[90m Check a11y violations on load/ authentication tab/ required actions sub tab[0m[90m (2611ms)[0m
Admin UI E2E (4, chrome)	Run Cypress	2024-12-12T08:28:51.1681229Z   [32m  ✓[0m[90m Check a11y violations on load/ policies tab/ password policy sub tab[0m[90m (2368ms)[0m
Admin UI E2E (4, chrome)	Run Cypress	2024-12-12T08:28:53.9196063Z   [32m  ✓[0m[90m Check a11y violations on load/ authentication tab/ policies sub tab/ adding policy[0m[90m (2714ms)[0m
Admin UI E2E (4, chrome)	Run Cypress	2024-12-12T08:28:56.7644296Z   [32m  ✓[0m[90m Check a11y violations on load/ policies tab/ otp policy sub tab[0m[90m (2788ms)[0m
Admin UI E2E (4, chrome)	Run Cypress	2024-12-12T08:28:59.5499879Z   [32m  ✓[0m[90m Check a11y violations on load/ policies tab/ WebAuthn Policies sub tab[0m[90m (2749ms)[0m
Admin UI E2E (4, chrome)	Run Cypress	2024-12-12T08:29:02.0458263Z   [32m  ✓[0m[90m Check a11y violations on load/ policies tab/ WebAuthn Passwordless Policies sub tab[0m[90m (2471ms)[0m
Admin UI E2E (4, chrome)	Run Cypress	2024-12-12T08:29:04.8126776Z   [32m  ✓[0m[90m Check a11y violations on load/ policies tab/ CIBA Policy sub tab[0m[90m (2346ms)[0m
Admin UI E2E (4, chrome)	Run Cypress	2024-12-12T08:29:04.8127745Z 
Admin UI E2E (4, chrome)	Run Cypress	2024-12-12T08:29:04.8542598Z 
Admin UI E2E (4, chrome)	Run Cypress	2024-12-12T08:29:04.8547349Z [92m [0m[32m 35 passing[0m[90m (2m)[0m
Admin UI E2E (4, chrome)	Run Cypress	2024-12-12T08:29:04.8549109Z [36m [0m[36m 1 pending[0m
Admin UI E2E (4, chrome)	Run Cypress	2024-12-12T08:29:04.8549834Z 
Admin UI E2E (4, chrome)	Run Cypress	2024-12-12T08:29:05.8759881Z 
Admin UI E2E (4, chrome)	Run Cypress	2024-12-12T08:29:05.8762223Z [32m  ([4m[1mResults[22m[24m)[39m
Admin UI E2E (4, chrome)	Run Cypress	2024-12-12T08:29:05.8780901Z 
Admin UI E2E (4, chrome)	Run Cypress	2024-12-12T08:29:05.8796961Z [90m  ┌[39m[90m─[39m[90m─[39m[90m─[39m[90m─[39m[90m─[39m[90m─[39m[90m─[39m[90m─[39m[90m─[39m[90m─[39m[90m─[39m[90m─[39m[90m─[39m[90m─[39m[90m─[39m[90m─[39m[90m─[39m[90m─[39m[90m─[39m[90m─[39m[90m─[39m[90m─[39m[90m─[39m[90m─[39m[90m─[39m[90m─[39m[90m─[39m[90m─[39m[90m─[39m[90m─[39m[90m─[39m[90m─[39m[90m─[39m[90m─[39m[90m─[39m[90m─[39m[90m─[39m[90m─[39m[90m─[39m[90m─[39m[90m─[39m[90m─[39m[90m─[39m[90m─[39m[90m─[39m[90m─[39m[90m─[39m[90m─[39m[90m─[39m[90m─[39m[90m─[39m[90m─[39m[90m─[39m[90m─[39m[90m─[39m[90m─[39m[90m─[39m[90m─[39m[90m─[39m[90m─[39m[90m─[39m[90m─[39m[90m─[39m[90m─[39m[90m─[39m[90m─[39m[90m─[39m[90m─[39m[90m─[39m[90m─[39m[90m─[39m[90m─[39m[90m─[39m[90m─[39m[90m─[39m[90m─[39m[90m─[39m[90m─[39m[90m─[39m[90m─[39m[90m─[39m[90m─[39m[90m─[39m[90m─[39m[90m─[39m[90m─[39m[90m─[39m[90m─[39m[90m─[39m[90m─[39m[90m─[39m[90m─[39m[90m─[39m[90m─[39m[90m─[39m[90m─[39m[90m┐[39m
Admin UI E2E (4, chrome)	Run Cypress	2024-12-12T08:29:05.8801480Z [90m  │[39m [90mTests:[39m        [32m36[39m                                                                               [90m│[39m
Admin UI E2E (4, chrome)	Run Cypress	2024-12-12T08:29:05.8802715Z [90m  │[39m [90mPassing:[39m      [32m35[39m                                                                               [90m│[39m
Admin UI E2E (4, chrome)	Run Cypress	2024-12-12T08:29:05.8803946Z [90m  │[39m [90mFailing:[39m      [32m0[39m                                                                                [90m│[39m
Admin UI E2E (4, chrome)	Run Cypress	2024-12-12T08:29:05.8805141Z [90m  │[39m [90mPending:[39m      [32m1[39m                                                                                [90m│[39m
Admin UI E2E (4, chrome)	Run Cypress	2024-12-12T08:29:05.8806346Z [90m  │[39m [90mSkipped:[39m      [32m0[39m                                                                                [90m│[39m
Admin UI E2E (4, chrome)	Run Cypress	2024-12-12T08:29:05.8807593Z [90m  │[39m [90mScreenshots:[39m  [32m0[39m                                                                                [90m│[39m
Admin UI E2E (4, chrome)	Run Cypress	2024-12-12T08:29:05.8808845Z [90m  │[39m [90mVideo:[39m        [32mfalse[39m                                                                            [90m│[39m
Admin UI E2E (4, chrome)	Run Cypress	2024-12-12T08:29:05.8810328Z [90m  │[39m [90mDuration:[39m     [32m1 minute, 46 seconds[39m                                                             [90m│[39m
Admin UI E2E (4, chrome)	Run Cypress	2024-12-12T08:29:05.8811853Z [90m  │[39m [90mSpec Ran:[39m     [32m[32mauthentication_test.spec.ts[32m[39m                                                      [90m│[39m
Admin UI E2E (4, chrome)	Run Cypress	2024-12-12T08:29:05.8818771Z [90m  └[39m[90m─[39m[90m─[39m[90m─[39m[90m─[39m[90m─[39m[90m─[39m[90m─[39m[90m─[39m[90m─[39m[90m─[39m[90m─[39m[90m─[39m[90m─[39m[90m─[39m[90m─[39m[90m─[39m[90m─[39m[90m─[39m[90m─[39m[90m─[39m[90m─[39m[90m─[39m[90m─[39m[90m─[39m[90m─[39m[90m─[39m[90m─[39m[90m─[39m[90m─[39m[90m─[39m[90m─[39m[90m─[39m[90m─[39m[90m─[39m[90m─[39m[90m─[39m[90m─[39m[90m─[39m[90m─[39m[90m─[39m[90m─[39m[90m─[39m[90m─[39m[90m─[39m[90m─[39m[90m─[39m[90m─[39m[90m─[39m[90m─[39m[90m─[39m[90m─[39m[90m─[39m[90m─[39m[90m─[39m[90m─[39m[90m─[39m[90m─[39m[90m─[39m[90m─[39m[90m─[39m[90m─[39m[90m─[39m[90m─[39m[90m─[39m[90m─[39m[90m─[39m[90m─[39m[90m─[39m[90m─[39m[90m─[39m[90m─[39m[90m─[39m[90m─[39m[90m─[39m[90m─[39m[90m─[39m[90m─[39m[90m─[39m[90m─[39m[90m─[39m[90m─[39m[90m─[39m[90m─[39m[90m─[39m[90m─[39m[90m─[39m[90m─[39m[90m─[39m[90m─[39m[90m─[39m[90m─[39m[90m─[39m[90m─[39m[90m─[39m[90m─[39m[90m─[39m[90m┘[39m
Admin UI E2E (4, chrome)	Run Cypress	2024-12-12T08:29:05.8822606Z 
Admin UI E2E (4, chrome)	Run Cypress	2024-12-12T08:29:05.9557865Z 
Admin UI E2E (4, chrome)	Run Cypress	2024-12-12T08:29:05.9576551Z [90m─[39m[90m─[39m[90m─[39m[90m─[39m[90m─[39m[90m─[39m[90m─[39m[90m─[39m[90m─[39m[90m─[39m[90m─[39m[90m─[39m[90m─[39m[90m─[39m[90m─[39m[90m─[39m[90m─[39m[90m─[39m[90m─[39m[90m─[39m[90m─[39m[90m─[39m[90m─[39m[90m─[39m[90m─[39m[90m─[39m[90m─[39m[90m─[39m[90m─[39m[90m─[39m[90m─[39m[90m─[39m[90m─[39m[90m─[39m[90m─[39m[90m─[39m[90m─[39m[90m─[39m[90m─[39m[90m─[39m[90m─[39m[90m─[39m[90m─[39m[90m─[39m[90m─[39m[90m─[39m[90m─[39m[90m─[39m[90m─[39m[90m─[39m[90m─[39m[90m─[39m[90m─[39m[90m─[39m[90m─[39m[90m─[39m[90m─[39m[90m─[39m[90m─[39m[90m─[39m[90m─[39m[90m─[39m[90m─[39m[90m─[39m[90m─[39m[90m─[39m[90m─[39m[90m─[39m[90m─[39m[90m─[39m[90m─[39m[90m─[39m[90m─[39m[90m─[39m[90m─[39m[90m─[39m[90m─[39m[90m─[39m[90m─[39m[90m─[39m[90m─[39m[90m─[39m[90m─[39m[90m─[39m[90m─[39m[90m─[39m[90m─[39m[90m─[39m[90m─[39m[90m─[39m[90m─[39m[90m─[39m[90m─[39m[90m─[39m[90m─[39m[90m─[39m[90m─[39m[90m─[39m[90m─[39m[90m─[39m
Admin UI E2E (4, chrome)	Run Cypress	2024-12-12T08:29:05.9612401Z                                                                                                     
Admin UI E2E (4, chrome)	Run Cypress	2024-12-12T08:29:05.9613537Z   Running:  [90mrealm_roles_test.spec.ts[39m                                                        [90m(5 of 8)[39m
Admin UI E2E (4, chrome)	Run Cypress	2024-12-12T08:29:09.9620583Z 
Admin UI E2E (4, chrome)	Run Cypress	2024-12-12T08:29:09.9621722Z [0m[0m
Admin UI E2E (4, chrome)	Run Cypress	2024-12-12T08:29:09.9622603Z [0m  Realm roles test[0m
Admin UI E2E (4, chrome)	Run Cypress	2024-12-12T08:29:14.2414650Z   [32m  ✓[0m[90m should fail creating realm role[0m[90m (4273ms)[0m
Admin UI E2E (4, chrome)	Run Cypress	2024-12-12T08:29:15.9510221Z   [32m  ✓[0m[90m shouldn't create a realm role based with only whitespace name[0m[90m (1676ms)[0m
Admin UI E2E (4, chrome)	Run Cypress	2024-12-12T08:29:20.0708534Z   [32m  ✓[0m[90m Realm role CRUD test[0m[90m (4037ms)[0m
Admin UI E2E (4, chrome)	Run Cypress	2024-12-12T08:29:22.9918651Z   [32m  ✓[0m[90m should delete role from details action[0m[90m (2910ms)[0m
Admin UI E2E (4, chrome)	Run Cypress	2024-12-12T08:29:24.9296150Z   [32m  ✓[0m[90m should not be able to delete default role[0m[90m (1902ms)[0m
Admin UI E2E (4, chrome)	Run Cypress	2024-12-12T08:29:30.3771952Z   [32m  ✓[0m[90m Add associated roles test[0m[90m (5419ms)[0m
Admin UI E2E (4, chrome)	Run Cypress	2024-12-12T08:29:32.6562030Z   [32m  ✓[0m[90m should search existing associated role by name and go to it[0m[90m (2222ms)[0m
Admin UI E2E (4, chrome)	Run Cypress	2024-12-12T08:29:35.0588744Z   [32m  ✓[0m[90m should go to default-roles-master link role name and check assign roles table is not empty[0m[90m (2360ms)[0m
Admin UI E2E (4, chrome)	Run Cypress	2024-12-12T08:29:37.1786512Z   [32m  ✓[0m[90m Should search non-existent associated role by name[0m[90m (2068ms)[0m
Admin UI E2E (4, chrome)	Run Cypress	2024-12-12T08:29:39.9221187Z   [32m  ✓[0m[90m Should hide inherited roles test[0m[90m (2689ms)[0m
Admin UI E2E (4, chrome)	Run Cypress	2024-12-12T08:29:42.3763480Z   [32m  ✓[0m[90m Should fail to remove role when all unchecked from search bar[0m[90m (2423ms)[0m
Admin UI E2E (4, chrome)	Run Cypress	2024-12-12T08:29:45.2627280Z   [32m  ✓[0m[90m Should delete single non-inherited role item[0m[90m (2859ms)[0m
Admin UI E2E (4, chrome)	Run Cypress	2024-12-12T08:29:48.7320937Z   [32m  ✓[0m[90m Should delete all roles from search bar[0m[90m (3419ms)[0m
Admin UI E2E (4, chrome)	Run Cypress	2024-12-12T08:29:53.1272019Z   [32m  ✓[0m[90m Should delete associated roles from list test[0m[90m (4364ms)[0m
Admin UI E2E (4, chrome)	Run Cypress	2024-12-12T08:29:53.1369709Z [0m    edit role details[0m
Admin UI E2E (4, chrome)	Run Cypress	2024-12-12T08:29:55.8973990Z     [32m  ✓[0m[90m should edit realm role details[0m[90m (2718ms)[0m
Admin UI E2E (4, chrome)	Run Cypress	2024-12-12T08:29:58.3632919Z     [32m  ✓[0m[90m should add attribute[0m[90m (2425ms)[0m
Admin UI E2E (4, chrome)	Run Cypress	2024-12-12T08:30:01.3514159Z     [32m  ✓[0m[90m should add attribute multiple[0m[90m (2917ms)[0m
Admin UI E2E (4, chrome)	Run Cypress	2024-12-12T08:30:03.5480822Z     [32m  ✓[0m[90m should delete attribute[0m[90m (2019ms)[0m
Admin UI E2E (4, chrome)	Run Cypress	2024-12-12T08:30:03.5591950Z [0m    Accessibility tests for realm roles[0m
Admin UI E2E (4, chrome)	Run Cypress	2024-12-12T08:30:06.7976443Z     [32m  ✓[0m[90m Check a11y violations on load/ realm roles[0m[90m (3225ms)[0m
Admin UI E2E (4, chrome)	Run Cypress	2024-12-12T08:30:11.0928912Z     [32m  ✓[0m[90m Check a11y violations on default-roles-master default tab and default roles tabs[0m[90m (4255ms)[0m
Admin UI E2E (4, chrome)	Run Cypress	2024-12-12T08:30:14.5827322Z     [32m  ✓[0m[90m Check a11y violations on empty create role form[0m[90m (3454ms)[0m
Admin UI E2E (4, chrome)	Run Cypress	2024-12-12T08:30:21.1424220Z     [32m  ✓[0m[90m Check a11y violations on role details[0m[90m (6491ms)[0m
Admin UI E2E (4, chrome)	Run Cypress	2024-12-12T08:30:21.1431414Z 
Admin UI E2E (4, chrome)	Run Cypress	2024-12-12T08:30:21.1694543Z 
Admin UI E2E (4, chrome)	Run Cypress	2024-12-12T08:30:21.1706622Z [92m [0m[32m 22 passing[0m[90m (1m)[0m
Admin UI E2E (4, chrome)	Run Cypress	2024-12-12T08:30:21.1707078Z 
Admin UI E2E (4, chrome)	Run Cypress	2024-12-12T08:30:22.1972942Z 
Admin UI E2E (4, chrome)	Run Cypress	2024-12-12T08:30:22.1974289Z [32m  ([4m[1mResults[22m[24m)[39m
Admin UI E2E (4, chrome)	Run Cypress	2024-12-12T08:30:22.1992739Z 
Admin UI E2E (4, chrome)	Run Cypress	2024-12-12T08:30:22.2006189Z [90m  ┌[39m[90m─[39m[90m─[39m[90m─[39m[90m─[39m[90m─[39m[90m─[39m[90m─[39m[90m─[39m[90m─[39m[90m─[39m[90m─[39m[90m─[39m[90m─[39m[90m─[39m[90m─[39m[90m─[39m[90m─[39m[90m─[39m[90m─[39m[90m─[39m[90m─[39m[90m─[39m[90m─[39m[90m─[39m[90m─[39m[90m─[39m[90m─[39m[90m─[39m[90m─[39m[90m─[39m[90m─[39m[90m─[39m[90m─[39m[90m─[39m[90m─[39m[90m─[39m[90m─[39m[90m─[39m[90m─[39m[90m─[39m[90m─[39m[90m─[39m[90m─[39m[90m─[39m[90m─[39m[90m─[39m[90m─[39m[90m─[39m[90m─[39m[90m─[39m[90m─[39m[90m─[39m[90m─[39m[90m─[39m[90m─[39m[90m─[39m[90m─[39m[90m─[39m[90m─[39m[90m─[39m[90m─[39m[90m─[39m[90m─[39m[90m─[39m[90m─[39m[90m─[39m[90m─[39m[90m─[39m[90m─[39m[90m─[39m[90m─[39m[90m─[39m[90m─[39m[90m─[39m[90m─[39m[90m─[39m[90m─[39m[90m─[39m[90m─[39m[90m─[39m[90m─[39m[90m─[39m[90m─[39m[90m─[39m[90m─[39m[90m─[39m[90m─[39m[90m─[39m[90m─[39m[90m─[39m[90m─[39m[90m─[39m[90m─[39m[90m─[39m[90m─[39m[90m─[39m[90m┐[39m
Admin UI E2E (4, chrome)	Run Cypress	2024-12-12T08:30:22.2009393Z [90m  │[39m [90mTests:[39m        [32m22[39m                                                                               [90m│[39m
Admin UI E2E (4, chrome)	Run Cypress	2024-12-12T08:30:22.2010522Z [90m  │[39m [90mPassing:[39m      [32m22[39m                                                                               [90m│[39m
Admin UI E2E (4, chrome)	Run Cypress	2024-12-12T08:30:22.2011396Z [90m  │[39m [90mFailing:[39m      [32m0[39m                                                                                [90m│[39m
Admin UI E2E (4, chrome)	Run Cypress	2024-12-12T08:30:22.2012511Z [90m  │[39m [90mPending:[39m      [32m0[39m                                                                                [90m│[39m
Admin UI E2E (4, chrome)	Run Cypress	2024-12-12T08:30:22.2013647Z [90m  │[39m [90mSkipped:[39m      [32m0[39m                                                                                [90m│[39m
Admin UI E2E (4, chrome)	Run Cypress	2024-12-12T08:30:22.2014361Z [90m  │[39m [90mScreenshots:[39m  [32m0[39m                                                                                [90m│[39m
Admin UI E2E (4, chrome)	Run Cypress	2024-12-12T08:30:22.2015048Z [90m  │[39m [90mVideo:[39m        [32mfalse[39m                                                                            [90m│[39m
Admin UI E2E (4, chrome)	Run Cypress	2024-12-12T08:30:22.2015931Z [90m  │[39m [90mDuration:[39m     [32m1 minute, 11 seconds[39m                                                             [90m│[39m
Admin UI E2E (4, chrome)	Run Cypress	2024-12-12T08:30:22.2017150Z [90m  │[39m [90mSpec Ran:[39m     [32m[32mrealm_roles_test.spec.ts[32m[39m                                                         [90m│[39m
Admin UI E2E (4, chrome)	Run Cypress	2024-12-12T08:30:22.2024114Z [90m  └[39m[90m─[39m[90m─[39m[90m─[39m[90m─[39m[90m─[39m[90m─[39m[90m─[39m[90m─[39m[90m─[39m[90m─[39m[90m─[39m[90m─[39m[90m─[39m[90m─[39m[90m─[39m[90m─[39m[90m─[39m[90m─[39m[90m─[39m[90m─[39m[90m─[39m[90m─[39m[90m─[39m[90m─[39m[90m─[39m[90m─[39m[90m─[39m[90m─[39m[90m─[39m[90m─[39m[90m─[39m[90m─[39m[90m─[39m[90m─[39m[90m─[39m[90m─[39m[90m─[39m[90m─[39m[90m─[39m[90m─[39m[90m─[39m[90m─[39m[90m─[39m[90m─[39m[90m─[39m[90m─[39m[90m─[39m[90m─[39m[90m─[39m[90m─[39m[90m─[39m[90m─[39m[90m─[39m[90m─[39m[90m─[39m[90m─[39m[90m─[39m[90m─[39m[90m─[39m[90m─[39m[90m─[39m[90m─[39m[90m─[39m[90m─[39m[90m─[39m[90m─[39m[90m─[39m[90m─[39m[90m─[39m[90m─[39m[90m─[39m[90m─[39m[90m─[39m[90m─[39m[90m─[39m[90m─[39m[90m─[39m[90m─[39m[90m─[39m[90m─[39m[90m─[39m[90m─[39m[90m─[39m[90m─[39m[90m─[39m[90m─[39m[90m─[39m[90m─[39m[90m─[39m[90m─[39m[90m─[39m[90m─[39m[90m─[39m[90m─[39m[90m─[39m[90m─[39m[90m┘[39m
Admin UI E2E (4, chrome)	Run Cypress	2024-12-12T08:30:22.2027832Z 
Admin UI E2E (4, chrome)	Run Cypress	2024-12-12T08:30:22.2473672Z 
Admin UI E2E (4, chrome)	Run Cypress	2024-12-12T08:30:22.2484753Z [90m─[39m[90m─[39m[90m─[39m[90m─[39m[90m─[39m[90m─[39m[90m─[39m[90m─[39m[90m─[39m[90m─[39m[90m─[39m[90m─[39m[90m─[39m[90m─[39m[90m─[39m[90m─[39m[90m─[39m[90m─[39m[90m─[39m[90m─[39m[90m─[39m[90m─[39m[90m─[39m[90m─[39m[90m─[39m[90m─[39m[90m─[39m[90m─[39m[90m─[39m[90m─[39m[90m─[39m[90m─[39m[90m─[39m[90m─[39m[90m─[39m[90m─[39m[90m─[39m[90m─[39m[90m─[39m[90m─[39m[90m─[39m[90m─[39m[90m─[39m[90m─[39m[90m─[39m[90m─[39m[90m─[39m[90m─[39m[90m─[39m[90m─[39m[90m─[39m[90m─[39m[90m─[39m[90m─[39m[90m─[39m[90m─[39m[90m─[39m[90m─[39m[90m─[39m[90m─[39m[90m─[39m[90m─[39m[90m─[39m[90m─[39m[90m─[39m[90m─[39m[90m─[39m[90m─[39m[90m─[39m[90m─[39m[90m─[39m[90m─[39m[90m─[39m[90m─[39m[90m─[39m[90m─[39m[90m─[39m[90m─[39m[90m─[39m[90m─[39m[90m─[39m[90m─[39m[90m─[39m[90m─[39m[90m─[39m[90m─[39m[90m─[39m[90m─[39m[90m─[39m[90m─[39m[90m─[39m[90m─[39m[90m─[39m[90m─[39m[90m─[39m[90m─[39m[90m─[39m[90m─[39m[90m─[39m[90m─[39m
Admin UI E2E (4, chrome)	Run Cypress	2024-12-12T08:30:22.2488953Z                                                                                                     
Admin UI E2E (4, chrome)	Run Cypress	2024-12-12T08:30:22.2490237Z   Running:  [90mclients_test.spec.ts[39m                                                            [90m(6 of 8)[39m
Admin UI E2E (4, chrome)	Run Cypress	2024-12-12T08:30:26.5838051Z 
Admin UI E2E (4, chrome)	Run Cypress	2024-12-12T08:30:26.5839901Z [0m[0m
Admin UI E2E (4, chrome)	Run Cypress	2024-12-12T08:30:26.5924327Z [0m  Clients test[0m
Admin UI E2E (4, chrome)	Run Cypress	2024-12-12T08:30:27.3831398Z [0m    Client creation[0m
Admin UI E2E (4, chrome)	Run Cypress	2024-12-12T08:30:32.2315939Z     [32m  ✓[0m[90m Should cancel creating client[0m[90m (5590ms)[0m
Admin UI E2E (4, chrome)	Run Cypress	2024-12-12T08:30:36.9230716Z     [32m  ✓[0m[90m Should check settings elements[0m[90m (4637ms)[0m
Admin UI E2E (4, chrome)	Run Cypress	2024-12-12T08:30:39.3409309Z     [32m  ✓[0m[90m Should navigate to previous using 'back' button[0m[90m (2387ms)[0m
Admin UI E2E (4, chrome)	Run Cypress	2024-12-12T08:30:42.1063327Z     [32m  ✓[0m[90m Should fail creating client[0m[90m (2730ms)[0m
Admin UI E2E (4, chrome)	Run Cypress	2024-12-12T08:30:50.8442698Z     [32m  ✓[0m[90m Client CRUD test[0m[90m (8660ms)[0m
Admin UI E2E (4, chrome)	Run Cypress	2024-12-12T08:30:53.1673500Z     [32m  ✓[0m[90m Should fail to create imported client with empty ID[0m[90m (2263ms)[0m
Admin UI E2E (4, chrome)	Run Cypress	2024-12-12T08:30:58.3441195Z     [32m  ✓[0m[90m Should fail to create client with same ID[0m[90m (5143ms)[0m
Admin UI E2E (4, chrome)	Run Cypress	2024-12-12T08:31:00.4601262Z     [32m  ✓[0m[90m should delete 'identical' client id[0m[90m (2088ms)[0m
Admin UI E2E (4, chrome)	Run Cypress	2024-12-12T08:31:00.5108338Z [0m    Service account tab test[0m
Admin UI E2E (4, chrome)	Run Cypress	2024-12-12T08:31:07.0180441Z     [32m  ✓[0m[90m List[0m[90m (6428ms)[0m
Admin UI E2E (4, chrome)	Run Cypress	2024-12-12T08:31:44.8711232Z       [33m(Attempt 1 of 4)[0m Assign
Admin UI E2E (4, chrome)	Run Cypress	2024-12-12T08:32:28.1854706Z       [33m(Attempt 2 of 4)[0m Assign
Admin UI E2E (4, chrome)	Run Cypress	2024-12-12T08:33:16.9025069Z       [33m(Attempt 3 of 4)[0m Assign
Admin UI E2E (4, chrome)	Run Cypress	2024-12-12T08:34:10.1613522Z     [31m  1) Assign[0m
Admin UI E2E (4, chrome)	Run Cypress	2024-12-12T08:34:11.0805201Z [0m    Mapping tab[0m
Admin UI E2E (4, chrome)	Run Cypress	2024-12-12T08:34:18.0359832Z     [32m  ✓[0m[90m Add mapping to openid client[0m[90m (6620ms)[0m
Admin UI E2E (4, chrome)	Run Cypress	2024-12-12T08:34:18.0466719Z [0m    Keys tab test[0m
Admin UI E2E (4, chrome)	Run Cypress	2024-12-12T08:34:25.3420419Z     [32m  ✓[0m[90m Generate new keys[0m[90m (6878ms)[0m
Admin UI E2E (4, chrome)	Run Cypress	2024-12-12T08:34:25.4066743Z [0m    Realm client[0m
Admin UI E2E (4, chrome)	Run Cypress	2024-12-12T08:34:30.1710242Z     [32m  ✓[0m[90m Displays the correct tabs[0m[90m (4585ms)[0m
Admin UI E2E (4, chrome)	Run Cypress	2024-12-12T08:34:33.3373225Z     [32m  ✓[0m[90m Hides the delete action[0m[90m (3101ms)[0m
Admin UI E2E (4, chrome)	Run Cypress	2024-12-12T08:34:33.3509744Z [0m    ***
Admin UI E2E (4, chrome)	Run Cypress	2024-12-12T08:34:37.5811297Z     [32m  ✓[0m[90m Shows an explainer text for bearer only clients[0m[90m (4132ms)[0m
Admin UI E2E (4, chrome)	Run Cypress	2024-12-12T08:34:42.0820793Z     [32m  ✓[0m[90m Hides the capability config section[0m[90m (4078ms)[0m
Admin UI E2E (4, chrome)	Run Cypress	2024-12-12T08:34:42.0998794Z [0m    Generated home URLs for built-in clients[0m
Admin UI E2E (4, chrome)	Run Cypress	2024-12-12T08:34:44.7038219Z     [32m  ✓[0m[90m Check account-console Home URL[0m[90m (2455ms)[0m
Admin UI E2E (4, chrome)	Run Cypress	2024-12-12T08:34:47.5035168Z     [32m  ✓[0m[90m Check security-admin-console Home URL[0m[90m (2647ms)[0m
Admin UI E2E (4, chrome)	Run Cypress	2024-12-12T08:34:47.5201135Z [0m    Accessibility tests for clients[0m
Admin UI E2E (4, chrome)	Run Cypress	2024-12-12T08:34:50.3116933Z     [32m  ✓[0m[90m Check a11y violations on load/ clients list tab[0m[90m (2741ms)[0m
Admin UI E2E (4, chrome)	Run Cypress	2024-12-12T08:34:54.7049117Z     [32m  ✓[0m[90m Check a11y violations on create client page[0m[90m (4290ms)[0m
Admin UI E2E (4, chrome)	Run Cypress	2024-12-12T08:35:05.8502162Z     [32m  ✓[0m[90m Check a11y violations on client details page[0m[90m (10948ms)[0m
Admin UI E2E (4, chrome)	Run Cypress	2024-12-12T08:35:10.0783846Z     [32m  ✓[0m[90m Check a11y violations in delete dialog[0m[90m (4087ms)[0m
Admin UI E2E (4, chrome)	Run Cypress	2024-12-12T08:35:13.6687757Z     [32m  ✓[0m[90m Check a11y violations on client registration/ anonymous access policies tab[0m[90m (3489ms)[0m
Admin UI E2E (4, chrome)	Run Cypress	2024-12-12T08:35:17.5796844Z     [32m  ✓[0m[90m Check a11y violations on client registration/ authenticated access policies tab[0m[90m (3354ms)[0m
Admin UI E2E (4, chrome)	Run Cypress	2024-12-12T08:35:17.5807017Z 
Admin UI E2E (4, chrome)	Run Cypress	2024-12-12T08:35:17.6062723Z 
Admin UI E2E (4, chrome)	Run Cypress	2024-12-12T08:35:17.6064195Z [92m [0m[32m 23 passing[0m[90m (5m)[0m
Admin UI E2E (4, chrome)	Run Cypress	2024-12-12T08:35:17.6065055Z [31m  1 failing[0m
Admin UI E2E (4, chrome)	Run Cypress	2024-12-12T08:35:17.6065666Z 
Admin UI E2E (4, chrome)	Run Cypress	2024-12-12T08:35:17.6070727Z [0m  1) Clients test
Admin UI E2E (4, chrome)	Run Cypress	2024-12-12T08:35:17.6071248Z        Service account tab test
Admin UI E2E (4, chrome)	Run Cypress	2024-12-12T08:35:17.6071647Z          Assign:
Admin UI E2E (4, chrome)	Run Cypress	2024-12-12T08:35:17.6073467Z [0m[31m     AssertionError: Timed out retrying after 30000ms: expected '[ <td.pf-v5-c-table__td.pf-v5-c-table__check>, 39 more... ]' not to contain 'create-realm-1a4cffd1-511f-43ca-a09b-98718b1ee9e0'[0m[90m
Admin UI E2E (4, chrome)	Run Cypress	2024-12-12T08:35:17.6075256Z       at Context.eval (webpack://@keycloak/keycloak-admin-ui/./cypress/support/pages/admin-ui/manage/RoleMappingTab.ts:90:0)
Admin UI E2E (4, chrome)	Run Cypress	2024-12-12T08:35:17.6076157Z [0m
Admin UI E2E (4, chrome)	Run Cypress	2024-12-12T08:35:17.6076328Z 
Admin UI E2E (4, chrome)	Run Cypress	2024-12-12T08:35:17.6076340Z 
Admin UI E2E (4, chrome)	Run Cypress	2024-12-12T08:35:18.6301806Z 
Admin UI E2E (4, chrome)	Run Cypress	2024-12-12T08:35:18.6303208Z [31m  ([4m[1mResults[22m[24m)[39m
Admin UI E2E (4, chrome)	Run Cypress	2024-12-12T08:35:18.6308685Z 
Admin UI E2E (4, chrome)	Run Cypress	2024-12-12T08:35:18.6323662Z [90m  ┌[39m[90m─[39m[90m─[39m[90m─[39m[90m─[39m[90m─[39m[90m─[39m[90m─[39m[90m─[39m[90m─[39m[90m─[39m[90m─[39m[90m─[39m[90m─[39m[90m─[39m[90m─[39m[90m─[39m[90m─[39m[90m─[39m[90m─[39m[90m─[39m[90m─[39m[90m─[39m[90m─[39m[90m─[39m[90m─[39m[90m─[39m[90m─[39m[90m─[39m[90m─[39m[90m─[39m[90m─[39m[90m─[39m[90m─[39m[90m─[39m[90m─[39m[90m─[39m[90m─[39m[90m─[39m[90m─[39m[90m─[39m[90m─[39m[90m─[39m[90m─[39m[90m─[39m[90m─[39m[90m─[39m[90m─[39m[90m─[39m[90m─[39m[90m─[39m[90m─[39m[90m─[39m[90m─[39m[90m─[39m[90m─[39m[90m─[39m[90m─[39m[90m─[39m[90m─[39m[90m─[39m[90m─[39m[90m─[39m[90m─[39m[90m─[39m[90m─[39m[90m─[39m[90m─[39m[90m─[39m[90m─[39m[90m─[39m[90m─[39m[90m─[39m[90m─[39m[90m─[39m[90m─[39m[90m─[39m[90m─[39m[90m─[39m[90m─[39m[90m─[39m[90m─[39m[90m─[39m[90m─[39m[90m─[39m[90m─[39m[90m─[39m[90m─[39m[90m─[39m[90m─[39m[90m─[39m[90m─[39m[90m─[39m[90m─[39m[90m─[39m[90m─[39m[90m─[39m[90m┐[39m
Admin UI E2E (4, chrome)	Run Cypress	2024-12-12T08:35:18.6329331Z [90m  │[39m [90mTests:[39m        [31m24[39m                                                                               [90m│[39m
Admin UI E2E (4, chrome)	Run Cypress	2024-12-12T08:35:18.6331034Z [90m  │[39m [90mPassing:[39m      [31m23[39m                                                                               [90m│[39m
Admin UI E2E (4, chrome)	Run Cypress	2024-12-12T08:35:18.6332507Z [90m  │[39m [90mFailing:[39m      [31m1[39m                                                                                [90m│[39m
Admin UI E2E (4, chrome)	Run Cypress	2024-12-12T08:35:18.6333936Z [90m  │[39m [90mPending:[39m      [31m0[39m                                                                                [90m│[39m
Admin UI E2E (4, chrome)	Run Cypress	2024-12-12T08:35:18.6335377Z [90m  │[39m [90mSkipped:[39m      [31m0[39m                                                                                [90m│[39m
Admin UI E2E (4, chrome)	Run Cypress	2024-12-12T08:35:18.6336352Z [90m  │[39m [90mScreenshots:[39m  [31m4[39m                                                                                [90m│[39m
Admin UI E2E (4, chrome)	Run Cypress	2024-12-12T08:35:18.6337419Z [90m  │[39m [90mVideo:[39m        [31mtrue[39m                                                                             [90m│[39m
Admin UI E2E (4, chrome)	Run Cypress	2024-12-12T08:35:18.6338279Z [90m  │[39m [90mDuration:[39m     [31m4 minutes, 51 seconds[39m                                                            [90m│[39m
Admin UI E2E (4, chrome)	Run Cypress	2024-12-12T08:35:18.6339150Z [90m  │[39m [90mSpec Ran:[39m     [31m[31mclients_test.spec.ts[31m[39m                                                             [90m│[39m
Admin UI E2E (4, chrome)	Run Cypress	2024-12-12T08:35:18.6343441Z [90m  └[39m[90m─[39m[90m─[39m[90m─[39m[90m─[39m[90m─[39m[90m─[39m[90m─[39m[90m─[39m[90m─[39m[90m─[39m[90m─[39m[90m─[39m[90m─[39m[90m─[39m[90m─[39m[90m─[39m[90m─[39m[90m─[39m[90m─[39m[90m─[39m[90m─[39m[90m─[39m[90m─[39m[90m─[39m[90m─[39m[90m─[39m[90m─[39m[90m─[39m[90m─[39m[90m─[39m[90m─[39m[90m─[39m[90m─[39m[90m─[39m[90m─[39m[90m─[39m[90m─[39m[90m─[39m[90m─[39m[90m─[39m[90m─[39m[90m─[39m[90m─[39m[90m─[39m[90m─[39m[90m─[39m[90m─[39m[90m─[39m[90m─[39m[90m─[39m[90m─[39m[90m─[39m[90m─[39m[90m─[39m[90m─[39m[90m─[39m[90m─[39m[90m─[39m[90m─[39m[90m─[39m[90m─[39m[90m─[39m[90m─[39m[90m─[39m[90m─[39m[90m─[39m[90m─[39m[90m─[39m[90m─[39m[90m─[39m[90m─[39m[90m─[39m[90m─[39m[90m─[39m[90m─[39m[90m─[39m[90m─[39m[90m─[39m[90m─[39m[90m─[39m[90m─[39m[90m─[39m[90m─[39m[90m─[39m[90m─[39m[90m─[39m[90m─[39m[90m─[39m[90m─[39m[90m─[39m[90m─[39m[90m─[39m[90m─[39m[90m─[39m[90m─[39m[90m─[39m[90m┘[39m
Admin UI E2E (4, chrome)	Run Cypress	2024-12-12T08:35:18.6346109Z 
Admin UI E2E (4, chrome)	Run Cypress	2024-12-12T08:35:18.6346282Z 
Admin UI E2E (4, chrome)	Run Cypress	2024-12-12T08:35:18.6346529Z [33m  ([4m[1mScreenshots[22m[24m)[39m
Admin UI E2E (4, chrome)	Run Cypress	2024-12-12T08:35:18.6346726Z 
Admin UI E2E (4, chrome)	Run Cypress	2024-12-12T08:35:18.6347446Z [90m [39m -  [0m/home/runner/work/keycloak/keycloak/js/apps/admin-ui/cypress/screenshots/clients[0m     [90m[90m(1280x581)[90m[39m
Admin UI E2E (4, chrome)	Run Cypress	2024-12-12T08:35:18.6349000Z [90m [39m    [0m_test.spec.ts/Clients test -- Service account tab test -- Assign (failed).png[0m                  
Admin UI E2E (4, chrome)	Run Cypress	2024-12-12T08:35:18.6351069Z [90m [39m -  [0m/home/runner/work/keycloak/keycloak/js/apps/admin-ui/cypress/screenshots/clients[0m     [90m[90m(1280x581)[90m[39m
Admin UI E2E (4, chrome)	Run Cypress	2024-12-12T08:35:18.6352614Z [90m [39m    [0m_test.spec.ts/Clients test -- Service account tab test -- Assign (failed) (attem[0m               
Admin UI E2E (4, chrome)	Run Cypress	2024-12-12T08:35:18.6354563Z [90m [39m    [0mpt 2).png[0m                                                                                      
Admin UI E2E (4, chrome)	Run Cypress	2024-12-12T08:35:18.6355766Z [90m [39m -  [0m/home/runner/work/keycloak/keycloak/js/apps/admin-ui/cypress/screenshots/clients[0m     [90m[90m(1280x581)[90m[39m
Admin UI E2E (4, chrome)	Run Cypress	2024-12-12T08:35:18.6357108Z [90m [39m    [0m_test.spec.ts/Clients test -- Service account tab test -- Assign (failed) (attem[0m               
Admin UI E2E (4, chrome)	Run Cypress	2024-12-12T08:35:18.6358374Z [90m [39m    [0mpt 3).png[0m                                                                                      
Admin UI E2E (4, chrome)	Run Cypress	2024-12-12T08:35:18.6359934Z [90m [39m -  [0m/home/runner/work/keycloak/keycloak/js/apps/admin-ui/cypress/screenshots/clients[0m     [90m[90m(1280x581)[90m[39m
Admin UI E2E (4, chrome)	Run Cypress	2024-12-12T08:35:18.6361198Z [90m [39m    [0m_test.spec.ts/Clients test -- Service account tab test -- Assign (failed) (attem[0m               
Admin UI E2E (4, chrome)	Run Cypress	2024-12-12T08:35:18.6361948Z [90m [39m    [0mpt 4).png[0m                                                                                      
Admin UI E2E (4, chrome)	Run Cypress	2024-12-12T08:35:18.6362247Z 
Admin UI E2E (4, chrome)	Run Cypress	2024-12-12T08:35:18.6815861Z 
Admin UI E2E (4, chrome)	Run Cypress	2024-12-12T08:35:18.6820414Z [36m  ([4m[1mVideo[22m[24m)[39m
Admin UI E2E (4, chrome)	Run Cypress	2024-12-12T08:35:18.6820977Z 
Admin UI E2E (4, chrome)	Run Cypress	2024-12-12T08:35:18.6821968Z   -  Video output: [36m/home/runner/work/keycloak/keycloak/js/apps/admin-ui/cypress/videos/clients_test.spec.ts.mp4[39m
Admin UI E2E (4, chrome)	Run Cypress	2024-12-12T08:35:18.6822760Z 
Admin UI E2E (4, chrome)	Run Cypress	2024-12-12T08:35:18.6822926Z 
Admin UI E2E (4, chrome)	Run Cypress	2024-12-12T08:35:18.6828764Z [90m─[39m[90m─[39m[90m─[39m[90m─[39m[90m─[39m[90m─[39m[90m─[39m[90m─[39m[90m─[39m[90m─[39m[90m─[39m[90m─[39m[90m─[39m[90m─[39m[90m─[39m[90m─[39m[90m─[39m[90m─[39m[90m─[39m[90m─[39m[90m─[39m[90m─[39m[90m─[39m[90m─[39m[90m─[39m[90m─[39m[90m─[39m[90m─[39m[90m─[39m[90m─[39m[90m─[39m[90m─[39m[90m─[39m[90m─[39m[90m─[39m[90m─[39m[90m─[39m[90m─[39m[90m─[39m[90m─[39m[90m─[39m[90m─[39m[90m─[39m[90m─[39m[90m─[39m[90m─[39m[90m─[39m[90m─[39m[90m─[39m[90m─[39m[90m─[39m[90m─[39m[90m─[39m[90m─[39m[90m─[39m[90m─[39m[90m─[39m[90m─[39m[90m─[39m[90m─[39m[90m─[39m[90m─[39m[90m─[39m[90m─[39m[90m─[39m[90m─[39m[90m─[39m[90m─[39m[90m─[39m[90m─[39m[90m─[39m[90m─[39m[90m─[39m[90m─[39m[90m─[39m[90m─[39m[90m─[39m[90m─[39m[90m─[39m[90m─[39m[90m─[39m[90m─[39m[90m─[39m[90m─[39m[90m─[39m[90m─[39m[90m─[39m[90m─[39m[90m─[39m[90m─[39m[90m─[39m[90m─[39m[90m─[39m[90m─[39m[90m─[39m[90m─[39m[90m─[39m[90m─[39m[90m─[39m[90m─[39m
Admin UI E2E (4, chrome)	Run Cypress	2024-12-12T08:35:18.6833543Z                                                                                                     
Admin UI E2E (4, chrome)	Run Cypress	2024-12-12T08:35:18.6834473Z   Running:  [90muser_fed_kerberos_test.spec.ts[39m                                                  [90m(7 of 8)[39m
Admin UI E2E (4, chrome)	Run Cypress	2024-12-12T08:35:21.7710380Z 
Admin UI E2E (4, chrome)	Run Cypress	2024-12-12T08:35:21.7711862Z [0m[0m
Admin UI E2E (4, chrome)	Run Cypress	2024-12-12T08:35:21.7847782Z [0m  User Fed Kerberos tests[0m
Admin UI E2E (4, chrome)	Run Cypress	2024-12-12T08:35:28.3531814Z   [32m  ✓[0m[90m Should create Kerberos provider from empty state[0m[90m (6515ms)[0m
Admin UI E2E (4, chrome)	Run Cypress	2024-12-12T08:35:33.1787574Z   [32m  ✓[0m[90m Should enable debug, password authentication, and first login[0m[90m (4737ms)[0m
Admin UI E2E (4, chrome)	Run Cypress	2024-12-12T08:35:38.0723845Z   [32m  ✓[0m[90m Should set cache policy to evict_daily[0m[90m (4831ms)[0m
Admin UI E2E (4, chrome)	Run Cypress	2024-12-12T08:35:42.4036292Z   [32m  ✓[0m[90m Should set cache policy to default[0m[90m (4278ms)[0m
Admin UI E2E (4, chrome)	Run Cypress	2024-12-12T08:35:47.7509123Z   [32m  ✓[0m[90m Should set cache policy to evict_weekly[0m[90m (5262ms)[0m
Admin UI E2E (4, chrome)	Run Cypress	2024-12-12T08:35:52.6770523Z   [32m  ✓[0m[90m Should set cache policy to max_lifespan[0m[90m (4824ms)[0m
Admin UI E2E (4, chrome)	Run Cypress	2024-12-12T08:35:57.1713274Z   [32m  ✓[0m[90m Should set cache policy to no_cache[0m[90m (4454ms)[0m
Admin UI E2E (4, chrome)	Run Cypress	2024-12-12T08:36:02.5367460Z   [32m  ✓[0m[90m Should edit existing Kerberos provider and cancel[0m[90m (5289ms)[0m
Admin UI E2E (4, chrome)	Run Cypress	2024-12-12T08:36:05.6463347Z   [32m  ✓[0m[90m Should disable an existing Kerberos provider[0m[90m (3079ms)[0m
Admin UI E2E (4, chrome)	Run Cypress	2024-12-12T08:36:08.6808947Z   [32m  ✓[0m[90m Should enable an existing previously-disabled Kerberos provider[0m[90m (2967ms)[0m
Admin UI E2E (4, chrome)	Run Cypress	2024-12-12T08:36:11.8438106Z   [32m  ✓[0m[90m Should create new Kerberos provider using the New Provider dropdown[0m[90m (3131ms)[0m
Admin UI E2E (4, chrome)	Run Cypress	2024-12-12T08:36:11.8561479Z   [36m  - Should change the priority order of Kerberos providers[0m
Admin UI E2E (4, chrome)	Run Cypress	2024-12-12T08:36:13.4822389Z   [32m  ✓[0m[90m Should delete a Kerberos provider from card view using the card's menu[0m[90m (1612ms)[0m
Admin UI E2E (4, chrome)	Run Cypress	2024-12-12T08:36:16.5713092Z   [32m  ✓[0m[90m Should delete a Kerberos provider using the Settings view's Action menu[0m[90m (3042ms)[0m
Admin UI E2E (4, chrome)	Run Cypress	2024-12-12T08:36:16.5715124Z 
Admin UI E2E (4, chrome)	Run Cypress	2024-12-12T08:36:16.6051030Z 
Admin UI E2E (4, chrome)	Run Cypress	2024-12-12T08:36:16.6053400Z [92m [0m[32m 13 passing[0m[90m (55s)[0m
Admin UI E2E (4, chrome)	Run Cypress	2024-12-12T08:36:16.6055268Z [36m [0m[36m 1 pending[0m
Admin UI E2E (4, chrome)	Run Cypress	2024-12-12T08:36:16.6056716Z 
Admin UI E2E (4, chrome)	Run Cypress	2024-12-12T08:36:17.6346269Z 
Admin UI E2E (4, chrome)	Run Cypress	2024-12-12T08:36:17.6347921Z [32m  ([4m[1mResults[22m[24m)[39m
Admin UI E2E (4, chrome)	Run Cypress	2024-12-12T08:36:17.6354095Z 
Admin UI E2E (4, chrome)	Run Cypress	2024-12-12T08:36:17.6366357Z [90m  ┌[39m[90m─[39m[90m─[39m[90m─[39m[90m─[39m[90m─[39m[90m─[39m[90m─[39m[90m─[39m[90m─[39m[90m─[39m[90m─[39m[90m─[39m[90m─[39m[90m─[39m[90m─[39m[90m─[39m[90m─[39m[90m─[39m[90m─[39m[90m─[39m[90m─[39m[90m─[39m[90m─[39m[90m─[39m[90m─[39m[90m─[39m[90m─[39m[90m─[39m[90m─[39m[90m─[39m[90m─[39m[90m─[39m[90m─[39m[90m─[39m[90m─[39m[90m─[39m[90m─[39m[90m─[39m[90m─[39m[90m─[39m[90m─[39m[90m─[39m[90m─[39m[90m─[39m[90m─[39m[90m─[39m[90m─[39m[90m─[39m[90m─[39m[90m─[39m[90m─[39m[90m─[39m[90m─[39m[90m─[39m[90m─[39m[90m─[39m[90m─[39m[90m─[39m[90m─[39m[90m─[39m[90m─[39m[90m─[39m[90m─[39m[90m─[39m[90m─[39m[90m─[39m[90m─[39m[90m─[39m[90m─[39m[90m─[39m[90m─[39m[90m─[39m[90m─[39m[90m─[39m[90m─[39m[90m─[39m[90m─[39m[90m─[39m[90m─[39m[90m─[39m[90m─[39m[90m─[39m[90m─[39m[90m─[39m[90m─[39m[90m─[39m[90m─[39m[90m─[39m[90m─[39m[90m─[39m[90m─[39m[90m─[39m[90m─[39m[90m─[39m[90m─[39m[90m─[39m[90m┐[39m
Admin UI E2E (4, chrome)	Run Cypress	2024-12-12T08:36:17.6369542Z [90m  │[39m [90mTests:[39m        [32m14[39m                                                                               [90m│[39m
Admin UI E2E (4, chrome)	Run Cypress	2024-12-12T08:36:17.6370790Z [90m  │[39m [90mPassing:[39m      [32m13[39m                                                                               [90m│[39m
Admin UI E2E (4, chrome)	Run Cypress	2024-12-12T08:36:17.6371809Z [90m  │[39m [90mFailing:[39m      [32m0[39m                                                                                [90m│[39m
Admin UI E2E (4, chrome)	Run Cypress	2024-12-12T08:36:17.6372774Z [90m  │[39m [90mPending:[39m      [32m1[39m                                                                                [90m│[39m
Admin UI E2E (4, chrome)	Run Cypress	2024-12-12T08:36:17.6373920Z [90m  │[39m [90mSkipped:[39m      [32m0[39m                                                                                [90m│[39m
Admin UI E2E (4, chrome)	Run Cypress	2024-12-12T08:36:17.6375163Z [90m  │[39m [90mScreenshots:[39m  [32m0[39m                                                                                [90m│[39m
Admin UI E2E (4, chrome)	Run Cypress	2024-12-12T08:36:17.6375949Z [90m  │[39m [90mVideo:[39m        [32mfalse[39m                                                                            [90m│[39m
Admin UI E2E (4, chrome)	Run Cypress	2024-12-12T08:36:17.6376710Z [90m  │[39m [90mDuration:[39m     [32m54 seconds[39m                                                                       [90m│[39m
Admin UI E2E (4, chrome)	Run Cypress	2024-12-12T08:36:17.6377809Z [90m  │[39m [90mSpec Ran:[39m     [32m[32muser_fed_kerberos_test.spec.ts[32m[39m                                                   [90m│[39m
Admin UI E2E (4, chrome)	Run Cypress	2024-12-12T08:36:17.6383468Z [90m  └[39m[90m─[39m[90m─[39m[90m─[39m[90m─[39m[90m─[39m[90m─[39m[90m─[39m[90m─[39m[90m─[39m[90m─[39m[90m─[39m[90m─[39m[90m─[39m[90m─[39m[90m─[39m[90m─[39m[90m─[39m[90m─[39m[90m─[39m[90m─[39m[90m─[39m[90m─[39m[90m─[39m[90m─[39m[90m─[39m[90m─[39m[90m─[39m[90m─[39m[90m─[39m[90m─[39m[90m─[39m[90m─[39m[90m─[39m[90m─[39m[90m─[39m[90m─[39m[90m─[39m[90m─[39m[90m─[39m[90m─[39m[90m─[39m[90m─[39m[90m─[39m[90m─[39m[90m─[39m[90m─[39m[90m─[39m[90m─[39m[90m─[39m[90m─[39m[90m─[39m[90m─[39m[90m─[39m[90m─[39m[90m─[39m[90m─[39m[90m─[39m[90m─[39m[90m─[39m[90m─[39m[90m─[39m[90m─[39m[90m─[39m[90m─[39m[90m─[39m[90m─[39m[90m─[39m[90m─[39m[90m─[39m[90m─[39m[90m─[39m[90m─[39m[90m─[39m[90m─[39m[90m─[39m[90m─[39m[90m─[39m[90m─[39m[90m─[39m[90m─[39m[90m─[39m[90m─[39m[90m─[39m[90m─[39m[90m─[39m[90m─[39m[90m─[39m[90m─[39m[90m─[39m[90m─[39m[90m─[39m[90m─[39m[90m─[39m[90m─[39m[90m─[39m[90m─[39m[90m┘[39m
Admin UI E2E (4, chrome)	Run Cypress	2024-12-12T08:36:17.6386477Z 
Admin UI E2E (4, chrome)	Run Cypress	2024-12-12T08:36:17.6724021Z 
Admin UI E2E (4, chrome)	Run Cypress	2024-12-12T08:36:17.6736664Z [90m─[39m[90m─[39m[90m─[39m[90m─[39m[90m─[39m[90m─[39m[90m─[39m[90m─[39m[90m─[39m[90m─[39m[90m─[39m[90m─[39m[90m─[39m[90m─[39m[90m─[39m[90m─[39m[90m─[39m[90m─[39m[90m─[39m[90m─[39m[90m─[39m[90m─[39m[90m─[39m[90m─[39m[90m─[39m[90m─[39m[90m─[39m[90m─[39m[90m─[39m[90m─[39m[90m─[39m[90m─[39m[90m─[39m[90m─[39m[90m─[39m[90m─[39m[90m─[39m[90m─[39m[90m─[39m[90m─[39m[90m─[39m[90m─[39m[90m─[39m[90m─[39m[90m─[39m[90m─[39m[90m─[39m[90m─[39m[90m─[39m[90m─[39m[90m─[39m[90m─[39m[90m─[39m[90m─[39m[90m─[39m[90m─[39m[90m─[39m[90m─[39m[90m─[39m[90m─[39m[90m─[39m[90m─[39m[90m─[39m[90m─[39m[90m─[39m[90m─[39m[90m─[39m[90m─[39m[90m─[39m[90m─[39m[90m─[39m[90m─[39m[90m─[39m[90m─[39m[90m─[39m[90m─[39m[90m─[39m[90m─[39m[90m─[39m[90m─[39m[90m─[39m[90m─[39m[90m─[39m[90m─[39m[90m─[39m[90m─[39m[90m─[39m[90m─[39m[90m─[39m[90m─[39m[90m─[39m[90m─[39m[90m─[39m[90m─[39m[90m─[39m[90m─[39m[90m─[39m[90m─[39m[90m─[39m[90m─[39m
Admin UI E2E (4, chrome)	Run Cypress	2024-12-12T08:36:17.6741689Z                                                                                                     
Admin UI E2E (4, chrome)	Run Cypress	2024-12-12T08:36:17.6743129Z   Running:  [90midentity_providers_oidc_test.spec.ts[39m                                            [90m(8 of 8)[39m
Admin UI E2E (4, chrome)	Run Cypress	2024-12-12T08:36:20.8449571Z 
Admin UI E2E (4, chrome)	Run Cypress	2024-12-12T08:36:20.8450917Z [0m[0m
Admin UI E2E (4, chrome)	Run Cypress	2024-12-12T08:36:20.8479168Z [0m  OIDC identity provider test[0m
Admin UI E2E (4, chrome)	Run Cypress	2024-12-12T08:36:20.8480160Z [0m    OIDC Identity provider creation[0m
Admin UI E2E (4, chrome)	Run Cypress	2024-12-12T08:36:29.2177270Z     [32m  ✓[0m[90m should create an OIDC provider using discovery url[0m[90m (8287ms)[0m
Admin UI E2E (4, chrome)	Run Cypress	2024-12-12T08:36:56.2832762Z     [32m  ✓[0m[90m should test all settings[0m[90m (26791ms)[0m
Admin UI E2E (4, chrome)	Run Cypress	2024-12-12T08:37:00.6904957Z     [32m  ✓[0m[90m should add OIDC mapper of type Attribute Importer[0m[90m (4323ms)[0m
Admin UI E2E (4, chrome)	Run Cypress	2024-12-12T08:37:04.4047776Z     [32m  ✓[0m[90m should add OIDC mapper of type Claim To Role[0m[90m (3676ms)[0m
Admin UI E2E (4, chrome)	Run Cypress	2024-12-12T08:37:06.3616554Z     [32m  ✓[0m[90m should cancel the addition of the OIDC mapper[0m[90m (1923ms)[0m
Admin UI E2E (4, chrome)	Run Cypress	2024-12-12T08:37:08.3267986Z     [32m  ✓[0m[90m clean up providers[0m[90m (1877ms)[0m
Admin UI E2E (4, chrome)	Run Cypress	2024-12-12T08:37:08.3274675Z 
Admin UI E2E (4, chrome)	Run Cypress	2024-12-12T08:37:08.3467083Z 
Admin UI E2E (4, chrome)	Run Cypress	2024-12-12T08:37:08.3474099Z [92m [0m[32m 6 passing[0m[90m (48s)[0m
Admin UI E2E (4, chrome)	Run Cypress	2024-12-12T08:37:08.3474963Z 
Admin UI E2E (4, chrome)	Run Cypress	2024-12-12T08:37:09.3723482Z 
Admin UI E2E (4, chrome)	Run Cypress	2024-12-12T08:37:09.3724638Z [32m  ([4m[1mResults[22m[24m)[39m
Admin UI E2E (4, chrome)	Run Cypress	2024-12-12T08:37:09.3727507Z 
Admin UI E2E (4, chrome)	Run Cypress	2024-12-12T08:37:09.3739345Z [90m  ┌[39m[90m─[39m[90m─[39m[90m─[39m[90m─[39m[90m─[39m[90m─[39m[90m─[39m[90m─[39m[90m─[39m[90m─[39m[90m─[39m[90m─[39m[90m─[39m[90m─[39m[90m─[39m[90m─[39m[90m─[39m[90m─[39m[90m─[39m[90m─[39m[90m─[39m[90m─[39m[90m─[39m[90m─[39m[90m─[39m[90m─[39m[90m─[39m[90m─[39m[90m─[39m[90m─[39m[90m─[39m[90m─[39m[90m─[39m[90m─[39m[90m─[39m[90m─[39m[90m─[39m[90m─[39m[90m─[39m[90m─[39m[90m─[39m[90m─[39m[90m─[39m[90m─[39m[90m─[39m[90m─[39m[90m─[39m[90m─[39m[90m─[39m[90m─[39m[90m─[39m[90m─[39m[90m─[39m[90m─[39m[90m─[39m[90m─[39m[90m─[39m[90m─[39m[90m─[39m[90m─[39m[90m─[39m[90m─[39m[90m─[39m[90m─[39m[90m─[39m[90m─[39m[90m─[39m[90m─[39m[90m─[39m[90m─[39m[90m─[39m[90m─[39m[90m─[39m[90m─[39m[90m─[39m[90m─[39m[90m─[39m[90m─[39m[90m─[39m[90m─[39m[90m─[39m[90m─[39m[90m─[39m[90m─[39m[90m─[39m[90m─[39m[90m─[39m[90m─[39m[90m─[39m[90m─[39m[90m─[39m[90m─[39m[90m─[39m[90m─[39m[90m─[39m[90m─[39m[90m┐[39m
Admin UI E2E (4, chrome)	Run Cypress	2024-12-12T08:37:09.3744148Z [90m  │[39m [90mTests:[39m        [32m6[39m                                                                                [90m│[39m
Admin UI E2E (4, chrome)	Run Cypress	2024-12-12T08:37:09.3745470Z [90m  │[39m [90mPassing:[39m      [32m6[39m                                                                                [90m│[39m
Admin UI E2E (4, chrome)	Run Cypress	2024-12-12T08:37:09.3746735Z [90m  │[39m [90mFailing:[39m      [32m0[39m                                                                                [90m│[39m
Admin UI E2E (4, chrome)	Run Cypress	2024-12-12T08:37:09.3748021Z [90m  │[39m [90mPending:[39m      [32m0[39m                                                                                [90m│[39m
Admin UI E2E (4, chrome)	Run Cypress	2024-12-12T08:37:09.3749314Z [90m  │[39m [90mSkipped:[39m      [32m0[39m                                                                                [90m│[39m
Admin UI E2E (4, chrome)	Run Cypress	2024-12-12T08:37:09.3750831Z [90m  │[39m [90mScreenshots:[39m  [32m0[39m                                                                                [90m│[39m
Admin UI E2E (4, chrome)	Run Cypress	2024-12-12T08:37:09.3752203Z [90m  │[39m [90mVideo:[39m        [32mfalse[39m                                                                            [90m│[39m
Admin UI E2E (4, chrome)	Run Cypress	2024-12-12T08:37:09.3753545Z [90m  │[39m [90mDuration:[39m     [32m47 seconds[39m                                                                       [90m│[39m
Admin UI E2E (4, chrome)	Run Cypress	2024-12-12T08:37:09.3755126Z [90m  │[39m [90mSpec Ran:[39m     [32m[32midentity_providers_oidc_test.spec.ts[32m[39m                                             [90m│[39m
Admin UI E2E (4, chrome)	Run Cypress	2024-12-12T08:37:09.3763079Z [90m  └[39m[90m─[39m[90m─[39m[90m─[39m[90m─[39m[90m─[39m[90m─[39m[90m─[39m[90m─[39m[90m─[39m[90m─[39m[90m─[39m[90m─[39m[90m─[39m[90m─[39m[90m─[39m[90m─[39m[90m─[39m[90m─[39m[90m─[39m[90m─[39m[90m─[39m[90m─[39m[90m─[39m[90m─[39m[90m─[39m[90m─[39m[90m─[39m[90m─[39m[90m─[39m[90m─[39m[90m─[39m[90m─[39m[90m─[39m[90m─[39m[90m─[39m[90m─[39m[90m─[39m[90m─[39m[90m─[39m[90m─[39m[90m─[39m[90m─[39m[90m─[39m[90m─[39m[90m─[39m[90m─[39m[90m─[39m[90m─[39m[90m─[39m[90m─[39m[90m─[39m[90m─[39m[90m─[39m[90m─[39m[90m─[39m[90m─[39m[90m─[39m[90m─[39m[90m─[39m[90m─[39m[90m─[39m[90m─[39m[90m─[39m[90m─[39m[90m─[39m[90m─[39m[90m─[39m[90m─[39m[90m─[39m[90m─[39m[90m─[39m[90m─[39m[90m─[39m[90m─[39m[90m─[39m[90m─[39m[90m─[39m[90m─[39m[90m─[39m[90m─[39m[90m─[39m[90m─[39m[90m─[39m[90m─[39m[90m─[39m[90m─[39m[90m─[39m[90m─[39m[90m─[39m[90m─[39m[90m─[39m[90m─[39m[90m─[39m[90m─[39m[90m─[39m[90m─[39m[90m┘[39m
Admin UI E2E (4, chrome)	Run Cypress	2024-12-12T08:37:09.3766911Z 
Admin UI E2E (4, chrome)	Run Cypress	2024-12-12T08:37:09.3816635Z 
Admin UI E2E (4, chrome)	Run Cypress	2024-12-12T08:37:09.4296395Z [90m====================================================================================================[39m
Admin UI E2E (4, chrome)	Run Cypress	2024-12-12T08:37:09.4297385Z 
Admin UI E2E (4, chrome)	Run Cypress	2024-12-12T08:37:09.4297788Z [0m  ([4m[1mRun Finished[22m[24m)[0m
Admin UI E2E (4, chrome)	Run Cypress	2024-12-12T08:37:09.4314240Z 
Admin UI E2E (4, chrome)	Run Cypress	2024-12-12T08:37:09.4314312Z 
Admin UI E2E (4, chrome)	Run Cypress	2024-12-12T08:37:09.4340773Z [90m   [39m    [90mSpec[39m                                              [90mTests[39m  [90mPassing[39m  [90mFailing[39m  [90mPending[39m  [90mSkipped[39m [90m [39m
Admin UI E2E (4, chrome)	Run Cypress	2024-12-12T08:37:09.4347731Z [90m  ┌[39m[90m─[39m[90m─[39m[90m─[39m[90m─[39m[90m─[39m[90m─[39m[90m─[39m[90m─[39m[90m─[39m[90m─[39m[90m─[39m[90m─[39m[90m─[39m[90m─[39m[90m─[39m[90m─[39m[90m─[39m[90m─[39m[90m─[39m[90m─[39m[90m─[39m[90m─[39m[90m─[39m[90m─[39m[90m─[39m[90m─[39m[90m─[39m[90m─[39m[90m─[39m[90m─[39m[90m─[39m[90m─[39m[90m─[39m[90m─[39m[90m─[39m[90m─[39m[90m─[39m[90m─[39m[90m─[39m[90m─[39m[90m─[39m[90m─[39m[90m─[39m[90m─[39m[90m─[39m[90m─[39m[90m─[39m[90m─[39m[90m─[39m[90m─[39m[90m─[39m[90m─[39m[90m─[39m[90m─[39m[90m─[39m[90m─[39m[90m─[39m[90m─[39m[90m─[39m[90m─[39m[90m─[39m[90m─[39m[90m─[39m[90m─[39m[90m─[39m[90m─[39m[90m─[39m[90m─[39m[90m─[39m[90m─[39m[90m─[39m[90m─[39m[90m─[39m[90m─[39m[90m─[39m[90m─[39m[90m─[39m[90m─[39m[90m─[39m[90m─[39m[90m─[39m[90m─[39m[90m─[39m[90m─[39m[90m─[39m[90m─[39m[90m─[39m[90m─[39m[90m─[39m[90m─[39m[90m─[39m[90m─[39m[90m─[39m[90m─[39m[90m─[39m[90m─[39m[90m┐[39m
Admin UI E2E (4, chrome)	Run Cypress	2024-12-12T08:37:09.4352829Z [90m  │[39m [32m✔[39m  [0mpartial_import_test.spec.ts[0m              [90m00:28[39m        [0m5[0m        [32m5[39m        [90m-[39m        [90m-[39m        [90m-[39m [90m│[39m
Admin UI E2E (4, chrome)	Run Cypress	2024-12-12T08:37:09.4359903Z [90m  ├[39m[90m─[39m[90m─[39m[90m─[39m[90m─[39m[90m─[39m[90m─[39m[90m─[39m[90m─[39m[90m─[39m[90m─[39m[90m─[39m[90m─[39m[90m─[39m[90m─[39m[90m─[39m[90m─[39m[90m─[39m[90m─[39m[90m─[39m[90m─[39m[90m─[39m[90m─[39m[90m─[39m[90m─[39m[90m─[39m[90m─[39m[90m─[39m[90m─[39m[90m─[39m[90m─[39m[90m─[39m[90m─[39m[90m─[39m[90m─[39m[90m─[39m[90m─[39m[90m─[39m[90m─[39m[90m─[39m[90m─[39m[90m─[39m[90m─[39m[90m─[39m[90m─[39m[90m─[39m[90m─[39m[90m─[39m[90m─[39m[90m─[39m[90m─[39m[90m─[39m[90m─[39m[90m─[39m[90m─[39m[90m─[39m[90m─[39m[90m─[39m[90m─[39m[90m─[39m[90m─[39m[90m─[39m[90m─[39m[90m─[39m[90m─[39m[90m─[39m[90m─[39m[90m─[39m[90m─[39m[90m─[39m[90m─[39m[90m─[39m[90m─[39m[90m─[39m[90m─[39m[90m─[39m[90m─[39m[90m─[39m[90m─[39m[90m─[39m[90m─[39m[90m─[39m[90m─[39m[90m─[39m[90m─[39m[90m─[39m[90m─[39m[90m─[39m[90m─[39m[90m─[39m[90m─[39m[90m─[39m[90m─[39m[90m─[39m[90m─[39m[90m─[39m[90m─[39m[90m┤[39m
Admin UI E2E (4, chrome)	Run Cypress	2024-12-12T08:37:09.4365257Z [90m  │[39m [32m✔[39m  [0mrealm_settings_client_profiles_test[0m      [90m01:28[39m       [0m23[0m       [32m23[39m        [90m-[39m        [90m-[39m        [90m-[39m [90m│[39m
Admin UI E2E (4, chrome)	Run Cypress	2024-12-12T08:37:09.4366942Z [90m  │[39m    [0m.spec.ts[0m                                                                                    [90m│[39m
Admin UI E2E (4, chrome)	Run Cypress	2024-12-12T08:37:09.4398630Z [90m  ├[39m[90m─[39m[90m─[39m[90m─[39m[90m─[39m[90m─[39m[90m─[39m[90m─[39m[90m─[39m[90m─[39m[90m─[39m[90m─[39m[90m─[39m[90m─[39m[90m─[39m[90m─[39m[90m─[39m[90m─[39m[90m─[39m[90m─[39m[90m─[39m[90m─[39m[90m─[39m[90m─[39m[90m─[39m[90m─[39m[90m─[39m[90m─[39m[90m─[39m[90m─[39m[90m─[39m[90m─[39m[90m─[39m[90m─[39m[90m─[39m[90m─[39m[90m─[39m[90m─[39m[90m─[39m[90m─[39m[90m─[39m[90m─[39m[90m─[39m[90m─[39m[90m─[39m[90m─[39m[90m─[39m[90m─[39m[90m─[39m[90m─[39m[90m─[39m[90m─[39m[90m─[39m[90m─[39m[90m─[39m[90m─[39m[90m─[39m[90m─[39m[90m─[39m[90m─[39m[90m─[39m[90m─[39m[90m─[39m[90m─[39m[90m─[39m[90m─[39m[90m─[39m[90m─[39m[90m─[39m[90m─[39m[90m─[39m[90m─[39m[90m─[39m[90m─[39m[90m─[39m[90m─[39m[90m─[39m[90m─[39m[90m─[39m[90m─[39m[90m─[39m[90m─[39m[90m─[39m[90m─[39m[90m─[39m[90m─[39m[90m─[39m[90m─[39m[90m─[39m[90m─[39m[90m─[39m[90m─[39m[90m─[39m[90m─[39m[90m─[39m[90m─[39m[90m─[39m[90m┤[39m
Admin UI E2E (4, chrome)	Run Cypress	2024-12-12T08:37:09.4404476Z [90m  │[39m [32m✔[39m  [0mrealm_settings_tabs_test.spec.ts[0m         [90m02:38[39m       [0m35[0m       [32m35[39m        [90m-[39m        [90m-[39m        [90m-[39m [90m│[39m
Admin UI E2E (4, chrome)	Run Cypress	2024-12-12T08:37:09.4411956Z [90m  ├[39m[90m─[39m[90m─[39m[90m─[39m[90m─[39m[90m─[39m[90m─[39m[90m─[39m[90m─[39m[90m─[39m[90m─[39m[90m─[39m[90m─[39m[90m─[39m[90m─[39m[90m─[39m[90m─[39m[90m─[39m[90m─[39m[90m─[39m[90m─[39m[90m─[39m[90m─[39m[90m─[39m[90m─[39m[90m─[39m[90m─[39m[90m─[39m[90m─[39m[90m─[39m[90m─[39m[90m─[39m[90m─[39m[90m─[39m[90m─[39m[90m─[39m[90m─[39m[90m─[39m[90m─[39m[90m─[39m[90m─[39m[90m─[39m[90m─[39m[90m─[39m[90m─[39m[90m─[39m[90m─[39m[90m─[39m[90m─[39m[90m─[39m[90m─[39m[90m─[39m[90m─[39m[90m─[39m[90m─[39m[90m─[39m[90m─[39m[90m─[39m[90m─[39m[90m─[39m[90m─[39m[90m─[39m[90m─[39m[90m─[39m[90m─[39m[90m─[39m[90m─[39m[90m─[39m[90m─[39m[90m─[39m[90m─[39m[90m─[39m[90m─[39m[90m─[39m[90m─[39m[90m─[39m[90m─[39m[90m─[39m[90m─[39m[90m─[39m[90m─[39m[90m─[39m[90m─[39m[90m─[39m[90m─[39m[90m─[39m[90m─[39m[90m─[39m[90m─[39m[90m─[39m[90m─[39m[90m─[39m[90m─[39m[90m─[39m[90m─[39m[90m─[39m[90m─[39m[90m┤[39m
Admin UI E2E (4, chrome)	Run Cypress	2024-12-12T08:37:09.4417201Z [90m  │[39m [32m✔[39m  [0mauthentication_test.spec.ts[0m              [90m01:46[39m       [0m36[0m       [32m35[39m        [90m-[39m        [36m1[39m        [90m-[39m [90m│[39m
Admin UI E2E (4, chrome)	Run Cypress	2024-12-12T08:37:09.4430947Z [90m  ├[39m[90m─[39m[90m─[39m[90m─[39m[90m─[39m[90m─[39m[90m─[39m[90m─[39m[90m─[39m[90m─[39m[90m─[39m[90m─[39m[90m─[39m[90m─[39m[90m─[39m[90m─[39m[90m─[39m[90m─[39m[90m─[39m[90m─[39m[90m─[39m[90m─[39m[90m─[39m[90m─[39m[90m─[39m[90m─[39m[90m─[39m[90m─[39m[90m─[39m[90m─[39m[90m─[39m[90m─[39m[90m─[39m[90m─[39m[90m─[39m[90m─[39m[90m─[39m[90m─[39m[90m─[39m[90m─[39m[90m─[39m[90m─[39m[90m─[39m[90m─[39m[90m─[39m[90m─[39m[90m─[39m[90m─[39m[90m─[39m[90m─[39m[90m─[39m[90m─[39m[90m─[39m[90m─[39m[90m─[39m[90m─[39m[90m─[39m[90m─[39m[90m─[39m[90m─[39m[90m─[39m[90m─[39m[90m─[39m[90m─[39m[90m─[39m[90m─[39m[90m─[39m[90m─[39m[90m─[39m[90m─[39m[90m─[39m[90m─[39m[90m─[39m[90m─[39m[90m─[39m[90m─[39m[90m─[39m[90m─[39m[90m─[39m[90m─[39m[90m─[39m[90m─[39m[90m─[39m[90m─[39m[90m─[39m[90m─[39m[90m─[39m[90m─[39m[90m─[39m[90m─[39m[90m─[39m[90m─[39m[90m─[39m[90m─[39m[90m─[39m[90m─[39m[90m─[39m[90m┤[39m
Admin UI E2E (4, chrome)	Run Cypress	2024-12-12T08:37:09.4450949Z [90m  │[39m [32m✔[39m  [0mrealm_roles_test.spec.ts[0m                 [90m01:11[39m       [0m22[0m       [32m22[39m        [90m-[39m        [90m-[39m        [90m-[39m [90m│[39m
Admin UI E2E (4, chrome)	Run Cypress	2024-12-12T08:37:09.4458443Z [90m  ├[39m[90m─[39m[90m─[39m[90m─[39m[90m─[39m[90m─[39m[90m─[39m[90m─[39m[90m─[39m[90m─[39m[90m─[39m[90m─[39m[90m─[39m[90m─[39m[90m─[39m[90m─[39m[90m─[39m[90m─[39m[90m─[39m[90m─[39m[90m─[39m[90m─[39m[90m─[39m[90m─[39m[90m─[39m[90m─[39m[90m─[39m[90m─[39m[90m─[39m[90m─[39m[90m─[39m[90m─[39m[90m─[39m[90m─[39m[90m─[39m[90m─[39m[90m─[39m[90m─[39m[90m─[39m[90m─[39m[90m─[39m[90m─[39m[90m─[39m[90m─[39m[90m─[39m[90m─[39m[90m─[39m[90m─[39m[90m─[39m[90m─[39m[90m─[39m[90m─[39m[90m─[39m[90m─[39m[90m─[39m[90m─[39m[90m─[39m[90m─[39m[90m─[39m[90m─[39m[90m─[39m[90m─[39m[90m─[39m[90m─[39m[90m─[39m[90m─[39m[90m─[39m[90m─[39m[90m─[39m[90m─[39m[90m─[39m[90m─[39m[90m─[39m[90m─[39m[90m─[39m[90m─[39m[90m─[39m[90m─[39m[90m─[39m[90m─[39m[90m─[39m[90m─[39m[90m─[39m[90m─[39m[90m─[39m[90m─[39m[90m─[39m[90m─[39m[90m─[39m[90m─[39m[90m─[39m[90m─[39m[90m─[39m[90m─[39m[90m─[39m[90m─[39m[90m─[39m[90m┤[39m
Admin UI E2E (4, chrome)	Run Cypress	2024-12-12T08:37:09.4463370Z [90m  │[39m [31m✖[39m  [0mclients_test.spec.ts[0m                     [90m04:51[39m       [0m24[0m       [32m23[39m        [31m1[39m        [90m-[39m        [90m-[39m [90m│[39m
Admin UI E2E (4, chrome)	Run Cypress	2024-12-12T08:37:09.4470643Z [90m  ├[39m[90m─[39m[90m─[39m[90m─[39m[90m─[39m[90m─[39m[90m─[39m[90m─[39m[90m─[39m[90m─[39m[90m─[39m[90m─[39m[90m─[39m[90m─[39m[90m─[39m[90m─[39m[90m─[39m[90m─[39m[90m─[39m[90m─[39m[90m─[39m[90m─[39m[90m─[39m[90m─[39m[90m─[39m[90m─[39m[90m─[39m[90m─[39m[90m─[39m[90m─[39m[90m─[39m[90m─[39m[90m─[39m[90m─[39m[90m─[39m[90m─[39m[90m─[39m[90m─[39m[90m─[39m[90m─[39m[90m─[39m[90m─[39m[90m─[39m[90m─[39m[90m─[39m[90m─[39m[90m─[39m[90m─[39m[90m─[39m[90m─[39m[90m─[39m[90m─[39m[90m─[39m[90m─[39m[90m─[39m[90m─[39m[90m─[39m[90m─[39m[90m─[39m[90m─[39m[90m─[39m[90m─[39m[90m─[39m[90m─[39m[90m─[39m[90m─[39m[90m─[39m[90m─[39m[90m─[39m[90m─[39m[90m─[39m[90m─[39m[90m─[39m[90m─[39m[90m─[39m[90m─[39m[90m─[39m[90m─[39m[90m─[39m[90m─[39m[90m─[39m[90m─[39m[90m─[39m[90m─[39m[90m─[39m[90m─[39m[90m─[39m[90m─[39m[90m─[39m[90m─[39m[90m─[39m[90m─[39m[90m─[39m[90m─[39m[90m─[39m[90m─[39m[90m─[39m[90m┤[39m
Admin UI E2E (4, chrome)	Run Cypress	2024-12-12T08:37:09.4475351Z [90m  │[39m [32m✔[39m  [0muser_fed_kerberos_test.spec.ts[0m           [90m00:54[39m       [0m14[0m       [32m13[39m        [90m-[39m        [36m1[39m        [90m-[39m [90m│[39m
Admin UI E2E (4, chrome)	Run Cypress	2024-12-12T08:37:09.4482784Z [90m  ├[39m[90m─[39m[90m─[39m[90m─[39m[90m─[39m[90m─[39m[90m─[39m[90m─[39m[90m─[39m[90m─[39m[90m─[39m[90m─[39m[90m─[39m[90m─[39m[90m─[39m[90m─[39m[90m─[39m[90m─[39m[90m─[39m[90m─[39m[90m─[39m[90m─[39m[90m─[39m[90m─[39m[90m─[39m[90m─[39m[90m─[39m[90m─[39m[90m─[39m[90m─[39m[90m─[39m[90m─[39m[90m─[39m[90m─[39m[90m─[39m[90m─[39m[90m─[39m[90m─[39m[90m─[39m[90m─[39m[90m─[39m[90m─[39m[90m─[39m[90m─[39m[90m─[39m[90m─[39m[90m─[39m[90m─[39m[90m─[39m[90m─[39m[90m─[39m[90m─[39m[90m─[39m[90m─[39m[90m─[39m[90m─[39m[90m─[39m[90m─[39m[90m─[39m[90m─[39m[90m─[39m[90m─[39m[90m─[39m[90m─[39m[90m─[39m[90m─[39m[90m─[39m[90m─[39m[90m─[39m[90m─[39m[90m─[39m[90m─[39m[90m─[39m[90m─[39m[90m─[39m[90m─[39m[90m─[39m[90m─[39m[90m─[39m[90m─[39m[90m─[39m[90m─[39m[90m─[39m[90m─[39m[90m─[39m[90m─[39m[90m─[39m[90m─[39m[90m─[39m[90m─[39m[90m─[39m[90m─[39m[90m─[39m[90m─[39m[90m─[39m[90m─[39m[90m─[39m[90m┤[39m
Admin UI E2E (4, chrome)	Run Cypress	2024-12-12T08:37:09.4486165Z [90m  │[39m [32m✔[39m  [0midentity_providers_oidc_test.spec.t[0m      [90m00:47[39m        [0m6[0m        [32m6[39m        [90m-[39m        [90m-[39m        [90m-[39m [90m│[39m
Admin UI E2E (4, chrome)	Run Cypress	2024-12-12T08:37:09.4486976Z [90m  │[39m    [0ms[0m                                                                                           [90m│[39m
Admin UI E2E (4, chrome)	Run Cypress	2024-12-12T08:37:09.4491808Z [90m  └[39m[90m─[39m[90m─[39m[90m─[39m[90m─[39m[90m─[39m[90m─[39m[90m─[39m[90m─[39m[90m─[39m[90m─[39m[90m─[39m[90m─[39m[90m─[39m[90m─[39m[90m─[39m[90m─[39m[90m─[39m[90m─[39m[90m─[39m[90m─[39m[90m─[39m[90m─[39m[90m─[39m[90m─[39m[90m─[39m[90m─[39m[90m─[39m[90m─[39m[90m─[39m[90m─[39m[90m─[39m[90m─[39m[90m─[39m[90m─[39m[90m─[39m[90m─[39m[90m─[39m[90m─[39m[90m─[39m[90m─[39m[90m─[39m[90m─[39m[90m─[39m[90m─[39m[90m─[39m[90m─[39m[90m─[39m[90m─[39m[90m─[39m[90m─[39m[90m─[39m[90m─[39m[90m─[39m[90m─[39m[90m─[39m[90m─[39m[90m─[39m[90m─[39m[90m─[39m[90m─[39m[90m─[39m[90m─[39m[90m─[39m[90m─[39m[90m─[39m[90m─[39m[90m─[39m[90m─[39m[90m─[39m[90m─[39m[90m─[39m[90m─[39m[90m─[39m[90m─[39m[90m─[39m[90m─[39m[90m─[39m[90m─[39m[90m─[39m[90m─[39m[90m─[39m[90m─[39m[90m─[39m[90m─[39m[90m─[39m[90m─[39m[90m─[39m[90m─[39m[90m─[39m[90m─[39m[90m─[39m[90m─[39m[90m─[39m[90m─[39m[90m─[39m[90m─[39m[90m┘[39m
Admin UI E2E (4, chrome)	Run Cypress	2024-12-12T08:37:09.4494526Z [90m   [39m [31m✖[39m  [31m1 of 8 failed (13%)[39m                      [90m14:06[39m      [0m165[0m      [32m162[39m        [31m1[39m        [36m2[39m        [90m-[39m [90m [39m
Admin UI E2E (4, chrome)	Run Cypress	2024-12-12T08:37:09.4494937Z 
Admin UI E2E (4, chrome)	Run Cypress	2024-12-12T08:37:09.5622548Z ##[error]Cypress tests: 1 failed
Status Check - Keycloak JavaScript CI	Run /./.github/actions/status-check	2024-12-12T08:47:05.6905925Z Prepare all required actions
Status Check - Keycloak JavaScript CI	Run /./.github/actions/status-check	2024-12-12T08:47:05.6985353Z ##[group]Run ./.github/actions/status-check
Status Check - Keycloak JavaScript CI	Run /./.github/actions/status-check	2024-12-12T08:47:05.6985928Z with:
Status Check - Keycloak JavaScript CI	Run /./.github/actions/status-check	2024-12-12T08:47:05.6987698Z   jobs: {
Status Check - Keycloak JavaScript CI	Run /./.github/actions/status-check	  "conditional": {
Status Check - Keycloak JavaScript CI	Run /./.github/actions/status-check	    "result": "success",
Status Check - Keycloak JavaScript CI	Run /./.github/actions/status-check	    "outputs": {
Status Check - Keycloak JavaScript CI	Run /./.github/actions/status-check	      "js-ci": "true"
Status Check - Keycloak JavaScript CI	Run /./.github/actions/status-check	    }
Status Check - Keycloak JavaScript CI	Run /./.github/actions/status-check	  },
Status Check - Keycloak JavaScript CI	Run /./.github/actions/status-check	  "build-keycloak": {
Status Check - Keycloak JavaScript CI	Run /./.github/actions/status-check	    "result": "success",
Status Check - Keycloak JavaScript CI	Run /./.github/actions/status-check	    "outputs": {}
Status Check - Keycloak JavaScript CI	Run /./.github/actions/status-check	  },
Status Check - Keycloak JavaScript CI	Run /./.github/actions/status-check	  "admin-client": {
Status Check - Keycloak JavaScript CI	Run /./.github/actions/status-check	    "result": "success",
Status Check - Keycloak JavaScript CI	Run /./.github/actions/status-check	    "outputs": {}
Status Check - Keycloak JavaScript CI	Run /./.github/actions/status-check	  },
Status Check - Keycloak JavaScript CI	Run /./.github/actions/status-check	  "ui-shared": {
Status Check - Keycloak JavaScript CI	Run /./.github/actions/status-check	    "result": "success",
Status Check - Keycloak JavaScript CI	Run /./.github/actions/status-check	    "outputs": {}
Status Check - Keycloak JavaScript CI	Run /./.github/actions/status-check	  },
Status Check - Keycloak JavaScript CI	Run /./.github/actions/status-check	  "account-ui": {
Status Check - Keycloak JavaScript CI	Run /./.github/actions/status-check	    "result": "success",
Status Check - Keycloak JavaScript CI	Run /./.github/actions/status-check	    "outputs": {}
Status Check - Keycloak JavaScript CI	Run /./.github/actions/status-check	  },
Status Check - Keycloak JavaScript CI	Run /./.github/actions/status-check	  "account-ui-e2e": {
Status Check - Keycloak JavaScript CI	Run /./.github/actions/status-check	    "result": "success",
Status Check - Keycloak JavaScript CI	Run /./.github/actions/status-check	    "outputs": {}
Status Check - Keycloak JavaScript CI	Run /./.github/actions/status-check	  },
Status Check - Keycloak JavaScript CI	Run /./.github/actions/status-check	  "admin-ui": {
Status Check - Keycloak JavaScript CI	Run /./.github/actions/status-check	    "result": "success",
Status Check - Keycloak JavaScript CI	Run /./.github/actions/status-check	    "outputs": {}
Status Check - Keycloak JavaScript CI	Run /./.github/actions/status-check	  },
Status Check - Keycloak JavaScript CI	Run /./.github/actions/status-check	  "admin-ui-e2e": {
Status Check - Keycloak JavaScript CI	Run /./.github/actions/status-check	    "result": "failure",
Status Check - Keycloak JavaScript CI	Run /./.github/actions/status-check	    "outputs": {}
Status Check - Keycloak JavaScript CI	Run /./.github/actions/status-check	  }
Status Check - Keycloak JavaScript CI	Run /./.github/actions/status-check	}
Status Check - Keycloak JavaScript CI	Run /./.github/actions/status-check	2024-12-12T08:47:05.6989580Z env:
Status Check - Keycloak JavaScript CI	Run /./.github/actions/status-check	2024-12-12T08:47:05.6990061Z   MAVEN_ARGS: -B -nsu -Daether.connector.http.connectionMaxTtl=25
Status Check - Keycloak JavaScript CI	Run /./.github/actions/status-check	2024-12-12T08:47:05.6990641Z ##[endgroup]
Status Check - Keycloak JavaScript CI	Run /./.github/actions/status-check	2024-12-12T08:47:05.7190865Z ##[group]Run JOBS='{
Status Check - Keycloak JavaScript CI	Run /./.github/actions/status-check	2024-12-12T08:47:05.7191422Z [36;1mJOBS='{[0m
Status Check - Keycloak JavaScript CI	Run /./.github/actions/status-check	2024-12-12T08:47:05.7192121Z [36;1m  "conditional": {[0m
Status Check - Keycloak JavaScript CI	Run /./.github/actions/status-check	2024-12-12T08:47:05.7192566Z [36;1m    "result": "success",[0m
Status Check - Keycloak JavaScript CI	Run /./.github/actions/status-check	2024-12-12T08:47:05.7193022Z [36;1m    "outputs": {[0m
Status Check - Keycloak JavaScript CI	Run /./.github/actions/status-check	2024-12-12T08:47:05.7193461Z [36;1m      "js-ci": "true"[0m
Status Check - Keycloak JavaScript CI	Run /./.github/actions/status-check	2024-12-12T08:47:05.7193885Z [36;1m    }[0m
Status Check - Keycloak JavaScript CI	Run /./.github/actions/status-check	2024-12-12T08:47:05.7194249Z [36;1m  },[0m
Status Check - Keycloak JavaScript CI	Run /./.github/actions/status-check	2024-12-12T08:47:05.7194631Z [36;1m  "build-keycloak": {[0m
Status Check - Keycloak JavaScript CI	Run /./.github/actions/status-check	2024-12-12T08:47:05.7195062Z [36;1m    "result": "success",[0m
Status Check - Keycloak JavaScript CI	Run /./.github/actions/status-check	2024-12-12T08:47:05.7195490Z [36;1m    "outputs": {}[0m
Status Check - Keycloak JavaScript CI	Run /./.github/actions/status-check	2024-12-12T08:47:05.7195860Z [36;1m  },[0m
Status Check - Keycloak JavaScript CI	Run /./.github/actions/status-check	2024-12-12T08:47:05.7196211Z [36;1m  "admin-client": {[0m
Status Check - Keycloak JavaScript CI	Run /./.github/actions/status-check	2024-12-12T08:47:05.7196617Z [36;1m    "result": "success",[0m
Status Check - Keycloak JavaScript CI	Run /./.github/actions/status-check	2024-12-12T08:47:05.7197025Z [36;1m    "outputs": {}[0m
Status Check - Keycloak JavaScript CI	Run /./.github/actions/status-check	2024-12-12T08:47:05.7197417Z [36;1m  },[0m
Status Check - Keycloak JavaScript CI	Run /./.github/actions/status-check	2024-12-12T08:47:05.7197765Z [36;1m  "ui-shared": {[0m
Status Check - Keycloak JavaScript CI	Run /./.github/actions/status-check	2024-12-12T08:47:05.7198152Z [36;1m    "result": "success",[0m
Status Check - Keycloak JavaScript CI	Run /./.github/actions/status-check	2024-12-12T08:47:05.7198563Z [36;1m    "outputs": {}[0m
Status Check - Keycloak JavaScript CI	Run /./.github/actions/status-check	2024-12-12T08:47:05.7198937Z [36;1m  },[0m
Status Check - Keycloak JavaScript CI	Run /./.github/actions/status-check	2024-12-12T08:47:05.7199289Z [36;1m  "account-ui": {[0m
Status Check - Keycloak JavaScript CI	Run /./.github/actions/status-check	2024-12-12T08:47:05.7199679Z [36;1m    "result": "success",[0m
Status Check - Keycloak JavaScript CI	Run /./.github/actions/status-check	2024-12-12T08:47:05.7200091Z [36;1m    "outputs": {}[0m
Status Check - Keycloak JavaScript CI	Run /./.github/actions/status-check	2024-12-12T08:47:05.7200463Z [36;1m  },[0m
Status Check - Keycloak JavaScript CI	Run /./.github/actions/status-check	2024-12-12T08:47:05.7200824Z [36;1m  "account-ui-e2e": {[0m
Status Check - Keycloak JavaScript CI	Run /./.github/actions/status-check	2024-12-12T08:47:05.7201237Z [36;1m    "result": "success",[0m
Status Check - Keycloak JavaScript CI	Run /./.github/actions/status-check	2024-12-12T08:47:05.7202073Z [36;1m    "outputs": {}[0m
Status Check - Keycloak JavaScript CI	Run /./.github/actions/status-check	2024-12-12T08:47:05.7202470Z [36;1m  },[0m
Status Check - Keycloak JavaScript CI	Run /./.github/actions/status-check	2024-12-12T08:47:05.7202810Z [36;1m  "admin-ui": {[0m
Status Check - Keycloak JavaScript CI	Run /./.github/actions/status-check	2024-12-12T08:47:05.7203209Z [36;1m    "result": "success",[0m
Status Check - Keycloak JavaScript CI	Run /./.github/actions/status-check	2024-12-12T08:47:05.7203637Z [36;1m    "outputs": {}[0m
Status Check - Keycloak JavaScript CI	Run /./.github/actions/status-check	2024-12-12T08:47:05.7204006Z [36;1m  },[0m
Status Check - Keycloak JavaScript CI	Run /./.github/actions/status-check	2024-12-12T08:47:05.7204359Z [36;1m  "admin-ui-e2e": {[0m
Status Check - Keycloak JavaScript CI	Run /./.github/actions/status-check	2024-12-12T08:47:05.7204784Z [36;1m    "result": "failure",[0m
Status Check - Keycloak JavaScript CI	Run /./.github/actions/status-check	2024-12-12T08:47:05.7205199Z [36;1m    "outputs": {}[0m
Status Check - Keycloak JavaScript CI	Run /./.github/actions/status-check	2024-12-12T08:47:05.7205584Z [36;1m  }[0m
Status Check - Keycloak JavaScript CI	Run /./.github/actions/status-check	2024-12-12T08:47:05.7205924Z [36;1m}'[0m
Status Check - Keycloak JavaScript CI	Run /./.github/actions/status-check	2024-12-12T08:47:05.7206258Z [36;1m[0m
Status Check - Keycloak JavaScript CI	Run /./.github/actions/status-check	2024-12-12T08:47:05.7206607Z [36;1mecho "Job status:"[0m
Status Check - Keycloak JavaScript CI	Run /./.github/actions/status-check	2024-12-12T08:47:05.7207175Z [36;1mecho $JOBS | jq -r 'to_entries[] | " - \(.key): \(.value.result)"'[0m
Status Check - Keycloak JavaScript CI	Run /./.github/actions/status-check	2024-12-12T08:47:05.7207710Z [36;1m[0m
Status Check - Keycloak JavaScript CI	Run /./.github/actions/status-check	2024-12-12T08:47:05.7208167Z [36;1mfor i in $(echo $JOBS | jq -r 'to_entries[] | .value.result'); do[0m
Status Check - Keycloak JavaScript CI	Run /./.github/actions/status-check	2024-12-12T08:47:05.7208775Z [36;1m  if [ "$i" != "success" ] && [ "$i" != "skipped" ]; then[0m
Status Check - Keycloak JavaScript CI	Run /./.github/actions/status-check	2024-12-12T08:47:05.7209267Z [36;1m    echo ""[0m
Status Check - Keycloak JavaScript CI	Run /./.github/actions/status-check	2024-12-12T08:47:05.7209735Z [36;1m    echo "Status check not okay!"[0m
Status Check - Keycloak JavaScript CI	Run /./.github/actions/status-check	2024-12-12T08:47:05.7210186Z [36;1m    exit 1[0m
Status Check - Keycloak JavaScript CI	Run /./.github/actions/status-check	2024-12-12T08:47:05.7210543Z [36;1m  fi[0m
Status Check - Keycloak JavaScript CI	Run /./.github/actions/status-check	2024-12-12T08:47:05.7210877Z [36;1mdone[0m
Status Check - Keycloak JavaScript CI	Run /./.github/actions/status-check	2024-12-12T08:47:05.7242970Z shell: /usr/bin/bash --noprofile --norc -e -o pipefail {0}
Status Check - Keycloak JavaScript CI	Run /./.github/actions/status-check	2024-12-12T08:47:05.7243786Z env:
Status Check - Keycloak JavaScript CI	Run /./.github/actions/status-check	2024-12-12T08:47:05.7244259Z   MAVEN_ARGS: -B -nsu -Daether.connector.http.connectionMaxTtl=25
Status Check - Keycloak JavaScript CI	Run /./.github/actions/status-check	2024-12-12T08:47:05.7244799Z ##[endgroup]
Status Check - Keycloak JavaScript CI	Run /./.github/actions/status-check	2024-12-12T08:47:05.7313513Z Job status:
Status Check - Keycloak JavaScript CI	Run /./.github/actions/status-check	2024-12-12T08:47:05.7614817Z  - conditional: success
Status Check - Keycloak JavaScript CI	Run /./.github/actions/status-check	2024-12-12T08:47:05.7615526Z  - build-keycloak: success
Status Check - Keycloak JavaScript CI	Run /./.github/actions/status-check	2024-12-12T08:47:05.7616543Z  - admin-client: success
Status Check - Keycloak JavaScript CI	Run /./.github/actions/status-check	2024-12-12T08:47:05.7617000Z  - ui-shared: success
Status Check - Keycloak JavaScript CI	Run /./.github/actions/status-check	2024-12-12T08:47:05.7617421Z  - account-ui: success
Status Check - Keycloak JavaScript CI	Run /./.github/actions/status-check	2024-12-12T08:47:05.7617842Z  - account-ui-e2e: success
Status Check - Keycloak JavaScript CI	Run /./.github/actions/status-check	2024-12-12T08:47:05.7618280Z  - admin-ui: success
Status Check - Keycloak JavaScript CI	Run /./.github/actions/status-check	2024-12-12T08:47:05.7618694Z  - admin-ui-e2e: failure
Status Check - Keycloak JavaScript CI	Run /./.github/actions/status-check	2024-12-12T08:47:05.7650995Z 
Status Check - Keycloak JavaScript CI	Run /./.github/actions/status-check	2024-12-12T08:47:05.7651385Z Status check not okay!
Status Check - Keycloak JavaScript CI	Run /./.github/actions/status-check	2024-12-12T08:47:05.7666778Z ##[error]Process completed with exit code 1.
