Admin UI E2E (1, chrome)	Run Cypress	2024-11-14T00:53:50.4215516Z ##[group]Run cypress-io/github-action@v6
Admin UI E2E (1, chrome)	Run Cypress	2024-11-14T00:53:50.4216142Z with:
Admin UI E2E (1, chrome)	Run Cypress	2024-11-14T00:53:50.4216511Z   install: false
Admin UI E2E (1, chrome)	Run Cypress	2024-11-14T00:53:50.4216918Z   browser: chrome
Admin UI E2E (1, chrome)	Run Cypress	2024-11-14T00:53:50.4217367Z   wait-on: http://localhost:8080
Admin UI E2E (1, chrome)	Run Cypress	2024-11-14T00:53:50.4217950Z   working-directory: js/apps/admin-ui
Admin UI E2E (1, chrome)	Run Cypress	2024-11-14T00:53:50.4218511Z   record: false
Admin UI E2E (1, chrome)	Run Cypress	2024-11-14T00:53:50.4218951Z   publish-summary: true
Admin UI E2E (1, chrome)	Run Cypress	2024-11-14T00:53:50.4219415Z   component: false
Admin UI E2E (1, chrome)	Run Cypress	2024-11-14T00:53:50.4219797Z env:
Admin UI E2E (1, chrome)	Run Cypress	2024-11-14T00:53:50.4220354Z   MAVEN_ARGS: -B -nsu -Daether.connector.http.connectionMaxTtl=25
Admin UI E2E (1, chrome)	Run Cypress	2024-11-14T00:53:50.4221159Z   WORKSPACE: keycloak-admin-ui
Admin UI E2E (1, chrome)	Run Cypress	2024-11-14T00:53:50.4221919Z   JAVA_HOME: /opt/hostedtoolcache/Java_Temurin-Hotspot_jdk/21.0.5-11/x64
Admin UI E2E (1, chrome)	Run Cypress	2024-11-14T00:53:50.4223009Z   JAVA_HOME_21_X64: /opt/hostedtoolcache/Java_Temurin-Hotspot_jdk/21.0.5-11/x64
Admin UI E2E (1, chrome)	Run Cypress	2024-11-14T00:53:50.4223831Z   SPLIT: 5
Admin UI E2E (1, chrome)	Run Cypress	2024-11-14T00:53:50.4224201Z   SPLIT_INDEX: 0
Admin UI E2E (1, chrome)	Run Cypress	2024-11-14T00:53:50.4224632Z   SPLIT_RANDOM_SEED: 85
Admin UI E2E (1, chrome)	Run Cypress	2024-11-14T00:53:50.4225092Z ##[endgroup]
Admin UI E2E (1, chrome)	Run Cypress	2024-11-14T00:53:50.7832092Z Skipping install because install parameter is false
Admin UI E2E (1, chrome)	Run Cypress	2024-11-14T00:53:50.7846098Z waiting on "http://localhost:8080" with timeout of 60 seconds
Admin UI E2E (1, chrome)	Run Cypress	2024-11-14T00:54:10.7942285Z It looks like this is your first time using Cypress: 13.15.2
Admin UI E2E (1, chrome)	Run Cypress	2024-11-14T00:54:10.7942758Z 
Admin UI E2E (1, chrome)	Run Cypress	2024-11-14T00:54:10.7965284Z [STARTED] Task without title.
Admin UI E2E (1, chrome)	Run Cypress	2024-11-14T00:54:14.4359923Z [SUCCESS] Task without title.
Admin UI E2E (1, chrome)	Run Cypress	2024-11-14T00:54:14.4363252Z 
Admin UI E2E (1, chrome)	Run Cypress	2024-11-14T00:54:14.4365852Z Opening Cypress...
Admin UI E2E (1, chrome)	Run Cypress	2024-11-14T00:54:15.0801664Z 
Admin UI E2E (1, chrome)	Run Cypress	2024-11-14T00:54:15.0803532Z DevTools listening on ws://127.0.0.1:45659/devtools/browser/97a7f0d0-fcf7-48ad-9b5a-6029feace49a
Admin UI E2E (1, chrome)	Run Cypress	2024-11-14T00:54:15.7877565Z (node:2595) ExperimentalWarning: `--experimental-loader` may be removed in the future; instead use `register()`:
Admin UI E2E (1, chrome)	Run Cypress	2024-11-14T00:54:15.7881753Z --import 'data:text/javascript,import { register } from "node:module"; import { pathToFileURL } from "node:url"; register("file%3A///home/runner/.cache/Cypress/13.15.2/Cypress/resources/app/node_modules/ts-node/esm/transpile-only.mjs", pathToFileURL("./"));'
Admin UI E2E (1, chrome)	Run Cypress	2024-11-14T00:54:15.7884133Z (Use `node --trace-warnings ...` to show where the warning was created)
Admin UI E2E (1, chrome)	Run Cypress	2024-11-14T00:54:22.5353298Z cypress-split: there are 37 found specs
Admin UI E2E (1, chrome)	Run Cypress	2024-11-14T00:54:22.5354215Z the first 5 specs
Admin UI E2E (1, chrome)	Run Cypress	2024-11-14T00:54:22.5355783Z - 1: /home/runner/work/keycloak/keycloak/js/apps/admin-ui/cypress/e2e/user_fed_kerberos_test.spec.ts
Admin UI E2E (1, chrome)	Run Cypress	2024-11-14T00:54:22.5358240Z - 2: /home/runner/work/keycloak/keycloak/js/apps/admin-ui/cypress/e2e/authentication_policies.spec.ts
Admin UI E2E (1, chrome)	Run Cypress	2024-11-14T00:54:22.5360272Z - 3: /home/runner/work/keycloak/keycloak/js/apps/admin-ui/cypress/e2e/client_authorization_test.spec.ts
Admin UI E2E (1, chrome)	Run Cypress	2024-11-14T00:54:22.5362932Z - 4: /home/runner/work/keycloak/keycloak/js/apps/admin-ui/cypress/e2e/clients_saml_advanced.spec.ts
Admin UI E2E (1, chrome)	Run Cypress	2024-11-14T00:54:22.5364713Z - 5: /home/runner/work/keycloak/keycloak/js/apps/admin-ui/cypress/e2e/i18n_test.spec.ts
Admin UI E2E (1, chrome)	Run Cypress	2024-11-14T00:54:22.5365797Z cypress-split: chunk 1 of 5
Admin UI E2E (1, chrome)	Run Cypress	2024-11-14T00:54:22.5372416Z k  spec                                               
Admin UI E2E (1, chrome)	Run Cypress	2024-11-14T00:54:22.5373349Z -  ---------------------------------------------------
Admin UI E2E (1, chrome)	Run Cypress	2024-11-14T00:54:22.5374223Z 1  cypress/e2e/user_fed_kerberos_test.spec.ts         
Admin UI E2E (1, chrome)	Run Cypress	2024-11-14T00:54:22.5375041Z 2  cypress/e2e/authentication_policies.spec.ts        
Admin UI E2E (1, chrome)	Run Cypress	2024-11-14T00:54:22.5375575Z 3  cypress/e2e/client_authorization_test.spec.ts      
Admin UI E2E (1, chrome)	Run Cypress	2024-11-14T00:54:22.5376112Z 4  cypress/e2e/clients_saml_advanced.spec.ts          
Admin UI E2E (1, chrome)	Run Cypress	2024-11-14T00:54:22.5376624Z 5  cypress/e2e/i18n_test.spec.ts                      
Admin UI E2E (1, chrome)	Run Cypress	2024-11-14T00:54:22.5377123Z 6  cypress/e2e/users_attribute_search_test.spec.ts    
Admin UI E2E (1, chrome)	Run Cypress	2024-11-14T00:54:22.5377635Z 7  cypress/e2e/realm_settings_general_tab_test.spec.ts
Admin UI E2E (1, chrome)	Run Cypress	2024-11-14T00:54:22.5378129Z 8  cypress/e2e/clients_saml_test.spec.ts              
Admin UI E2E (1, chrome)	Run Cypress	2024-11-14T00:54:22.5378420Z 
Admin UI E2E (1, chrome)	Run Cypress	2024-11-14T00:54:23.2824824Z 
Admin UI E2E (1, chrome)	Run Cypress	2024-11-14T00:54:23.3163071Z [90m====================================================================================================[39m
Admin UI E2E (1, chrome)	Run Cypress	2024-11-14T00:54:23.3163528Z 
Admin UI E2E (1, chrome)	Run Cypress	2024-11-14T00:54:23.3164792Z [0m  ([4m[1mRun Starting[22m[24m)[0m
Admin UI E2E (1, chrome)	Run Cypress	2024-11-14T00:54:23.3165263Z 
Admin UI E2E (1, chrome)	Run Cypress	2024-11-14T00:54:23.3275874Z [90m  ┌[39m[90m─[39m[90m─[39m[90m─[39m[90m─[39m[90m─[39m[90m─[39m[90m─[39m[90m─[39m[90m─[39m[90m─[39m[90m─[39m[90m─[39m[90m─[39m[90m─[39m[90m─[39m[90m─[39m[90m─[39m[90m─[39m[90m─[39m[90m─[39m[90m─[39m[90m─[39m[90m─[39m[90m─[39m[90m─[39m[90m─[39m[90m─[39m[90m─[39m[90m─[39m[90m─[39m[90m─[39m[90m─[39m[90m─[39m[90m─[39m[90m─[39m[90m─[39m[90m─[39m[90m─[39m[90m─[39m[90m─[39m[90m─[39m[90m─[39m[90m─[39m[90m─[39m[90m─[39m[90m─[39m[90m─[39m[90m─[39m[90m─[39m[90m─[39m[90m─[39m[90m─[39m[90m─[39m[90m─[39m[90m─[39m[90m─[39m[90m─[39m[90m─[39m[90m─[39m[90m─[39m[90m─[39m[90m─[39m[90m─[39m[90m─[39m[90m─[39m[90m─[39m[90m─[39m[90m─[39m[90m─[39m[90m─[39m[90m─[39m[90m─[39m[90m─[39m[90m─[39m[90m─[39m[90m─[39m[90m─[39m[90m─[39m[90m─[39m[90m─[39m[90m─[39m[90m─[39m[90m─[39m[90m─[39m[90m─[39m[90m─[39m[90m─[39m[90m─[39m[90m─[39m[90m─[39m[90m─[39m[90m─[39m[90m─[39m[90m─[39m[90m─[39m[90m─[39m[90m┐[39m
Admin UI E2E (1, chrome)	Run Cypress	2024-11-14T00:54:23.3283373Z [90m  │[39m [90mCypress:[39m        13.15.2                                                                        [90m│[39m
Admin UI E2E (1, chrome)	Run Cypress	2024-11-14T00:54:23.3285255Z [90m  │[39m [90mBrowser:[39m        Chrome 131 [90m(headless)[39m                                                          [90m│[39m
Admin UI E2E (1, chrome)	Run Cypress	2024-11-14T00:54:23.3287529Z [90m  │[39m [90mNode Version:[39m   [0mv20.13.1 [90m(/home/runner/runners/2.320.0/externals/node20/bin/node)[39m[0m              [90m│[39m
Admin UI E2E (1, chrome)	Run Cypress	2024-11-14T00:54:23.3289898Z [90m  │[39m [90mSpecs:[39m          [0m8 found (user_fed_kerberos_test.spec.ts, authentication_policies.spec.ts, clie[0m [90m│[39m
Admin UI E2E (1, chrome)	Run Cypress	2024-11-14T00:54:23.3292038Z [90m  │[39m                 [0mnt_authorization_test.spec.ts, clients_saml_advanced.spec.ts, i18n_test.spec.t[0m [90m│[39m
Admin UI E2E (1, chrome)	Run Cypress	2024-11-14T00:54:23.3294194Z [90m  │[39m                 [0ms, users_attribute_search_test.spec.ts, realm_settings_general_tab_test.spec.t[0m [90m│[39m
Admin UI E2E (1, chrome)	Run Cypress	2024-11-14T00:54:23.3296162Z [90m  │[39m                 [0ms, clients_saml_test.s...)[0m                                                     [90m│[39m
Admin UI E2E (1, chrome)	Run Cypress	2024-11-14T00:54:23.3298272Z [90m  │[39m [90mSearched:[39m       [0mcypress/e2e/user_fed_kerberos_test.spec.ts, cypress/e2e/authentication_policie[0m [90m│[39m
Admin UI E2E (1, chrome)	Run Cypress	2024-11-14T00:54:23.3300534Z [90m  │[39m                 [0ms.spec.ts, cypress/e2e/client_authorization_test.spec.ts, cypress/e2e/clients_[0m [90m│[39m
Admin UI E2E (1, chrome)	Run Cypress	2024-11-14T00:54:23.3302745Z [90m  │[39m                 [0msaml_advanced.spec.ts, cypress/e2e/i18n_test.spec.ts, cypress/e2e/users_attrib[0m [90m│[39m
Admin UI E2E (1, chrome)	Run Cypress	2024-11-14T00:54:23.3304909Z [90m  │[39m                 [0mute_search_test.spec.ts, cypress/e2e/realm_settings_general_tab_test.spec.ts, [0m [90m│[39m
Admin UI E2E (1, chrome)	Run Cypress	2024-11-14T00:54:23.3306343Z [90m  │[39m                 [0mcypress/e2e/clients_saml_test.spec.ts[0m                                          [90m│[39m
Admin UI E2E (1, chrome)	Run Cypress	2024-11-14T00:54:23.3307784Z [90m  │[39m [90mExperiments:[39m    experimentalMemoryManagement=true                                              [90m│[39m
Admin UI E2E (1, chrome)	Run Cypress	2024-11-14T00:54:23.3312625Z [90m  └[39m[90m─[39m[90m─[39m[90m─[39m[90m─[39m[90m─[39m[90m─[39m[90m─[39m[90m─[39m[90m─[39m[90m─[39m[90m─[39m[90m─[39m[90m─[39m[90m─[39m[90m─[39m[90m─[39m[90m─[39m[90m─[39m[90m─[39m[90m─[39m[90m─[39m[90m─[39m[90m─[39m[90m─[39m[90m─[39m[90m─[39m[90m─[39m[90m─[39m[90m─[39m[90m─[39m[90m─[39m[90m─[39m[90m─[39m[90m─[39m[90m─[39m[90m─[39m[90m─[39m[90m─[39m[90m─[39m[90m─[39m[90m─[39m[90m─[39m[90m─[39m[90m─[39m[90m─[39m[90m─[39m[90m─[39m[90m─[39m[90m─[39m[90m─[39m[90m─[39m[90m─[39m[90m─[39m[90m─[39m[90m─[39m[90m─[39m[90m─[39m[90m─[39m[90m─[39m[90m─[39m[90m─[39m[90m─[39m[90m─[39m[90m─[39m[90m─[39m[90m─[39m[90m─[39m[90m─[39m[90m─[39m[90m─[39m[90m─[39m[90m─[39m[90m─[39m[90m─[39m[90m─[39m[90m─[39m[90m─[39m[90m─[39m[90m─[39m[90m─[39m[90m─[39m[90m─[39m[90m─[39m[90m─[39m[90m─[39m[90m─[39m[90m─[39m[90m─[39m[90m─[39m[90m─[39m[90m─[39m[90m─[39m[90m─[39m[90m─[39m[90m─[39m[90m─[39m[90m┘[39m
Admin UI E2E (1, chrome)	Run Cypress	2024-11-14T00:54:23.3316038Z 
Admin UI E2E (1, chrome)	Run Cypress	2024-11-14T00:54:23.3316047Z 
Admin UI E2E (1, chrome)	Run Cypress	2024-11-14T00:54:23.3320388Z [90m─[39m[90m─[39m[90m─[39m[90m─[39m[90m─[39m[90m─[39m[90m─[39m[90m─[39m[90m─[39m[90m─[39m[90m─[39m[90m─[39m[90m─[39m[90m─[39m[90m─[39m[90m─[39m[90m─[39m[90m─[39m[90m─[39m[90m─[39m[90m─[39m[90m─[39m[90m─[39m[90m─[39m[90m─[39m[90m─[39m[90m─[39m[90m─[39m[90m─[39m[90m─[39m[90m─[39m[90m─[39m[90m─[39m[90m─[39m[90m─[39m[90m─[39m[90m─[39m[90m─[39m[90m─[39m[90m─[39m[90m─[39m[90m─[39m[90m─[39m[90m─[39m[90m─[39m[90m─[39m[90m─[39m[90m─[39m[90m─[39m[90m─[39m[90m─[39m[90m─[39m[90m─[39m[90m─[39m[90m─[39m[90m─[39m[90m─[39m[90m─[39m[90m─[39m[90m─[39m[90m─[39m[90m─[39m[90m─[39m[90m─[39m[90m─[39m[90m─[39m[90m─[39m[90m─[39m[90m─[39m[90m─[39m[90m─[39m[90m─[39m[90m─[39m[90m─[39m[90m─[39m[90m─[39m[90m─[39m[90m─[39m[90m─[39m[90m─[39m[90m─[39m[90m─[39m[90m─[39m[90m─[39m[90m─[39m[90m─[39m[90m─[39m[90m─[39m[90m─[39m[90m─[39m[90m─[39m[90m─[39m[90m─[39m[90m─[39m[90m─[39m[90m─[39m[90m─[39m[90m─[39m[90m─[39m[90m─[39m
Admin UI E2E (1, chrome)	Run Cypress	2024-11-14T00:54:23.3325913Z                                                                                                     
Admin UI E2E (1, chrome)	Run Cypress	2024-11-14T00:54:23.3327359Z   Running:  [90muser_fed_kerberos_test.spec.ts[39m                                                  [90m(1 of 8)[39m
Admin UI E2E (1, chrome)	Run Cypress	2024-11-14T00:54:28.8271377Z 
Admin UI E2E (1, chrome)	Run Cypress	2024-11-14T00:54:28.8279454Z [0m[0m
Admin UI E2E (1, chrome)	Run Cypress	2024-11-14T00:54:28.8289276Z [0m  User Fed Kerberos tests[0m
Admin UI E2E (1, chrome)	Run Cypress	2024-11-14T00:54:38.2069205Z   [32m  ✓[0m[90m Should create Kerberos provider from empty state[0m[90m (9348ms)[0m
Admin UI E2E (1, chrome)	Run Cypress	2024-11-14T00:54:43.1735969Z   [32m  ✓[0m[90m Should enable debug, password authentication, and first login[0m[90m (4881ms)[0m
Admin UI E2E (1, chrome)	Run Cypress	2024-11-14T00:54:49.0937469Z   [32m  ✓[0m[90m Should set cache policy to evict_daily[0m[90m (5835ms)[0m
Admin UI E2E (1, chrome)	Run Cypress	2024-11-14T00:54:53.8198848Z   [32m  ✓[0m[90m Should set cache policy to default[0m[90m (4653ms)[0m
Admin UI E2E (1, chrome)	Run Cypress	2024-11-14T00:54:59.1373403Z   [32m  ✓[0m[90m Should set cache policy to evict_weekly[0m[90m (5245ms)[0m
Admin UI E2E (1, chrome)	Run Cypress	2024-11-14T00:55:04.3549153Z   [32m  ✓[0m[90m Should set cache policy to max_lifespan[0m[90m (5150ms)[0m
Admin UI E2E (1, chrome)	Run Cypress	2024-11-14T00:55:08.7199592Z   [32m  ✓[0m[90m Should set cache policy to no_cache[0m[90m (4306ms)[0m
Admin UI E2E (1, chrome)	Run Cypress	2024-11-14T00:55:14.0890089Z   [32m  ✓[0m[90m Should edit existing Kerberos provider and cancel[0m[90m (5312ms)[0m
Admin UI E2E (1, chrome)	Run Cypress	2024-11-14T00:55:17.2108191Z   [32m  ✓[0m[90m Should disable an existing Kerberos provider[0m[90m (3089ms)[0m
Admin UI E2E (1, chrome)	Run Cypress	2024-11-14T00:55:20.0919342Z   [32m  ✓[0m[90m Should enable an existing previously-disabled Kerberos provider[0m[90m (2823ms)[0m
Admin UI E2E (1, chrome)	Run Cypress	2024-11-14T00:55:23.2962307Z   [32m  ✓[0m[90m Should create new Kerberos provider using the New Provider dropdown[0m[90m (3176ms)[0m
Admin UI E2E (1, chrome)	Run Cypress	2024-11-14T00:55:23.3094602Z   [36m  - Should change the priority order of Kerberos providers[0m
Admin UI E2E (1, chrome)	Run Cypress	2024-11-14T00:55:25.2718131Z   [32m  ✓[0m[90m Should delete a Kerberos provider from card view using the card's menu[0m[90m (1945ms)[0m
Admin UI E2E (1, chrome)	Run Cypress	2024-11-14T00:55:28.2317506Z   [32m  ✓[0m[90m Should delete a Kerberos provider using the Settings view's Action menu[0m[90m (2910ms)[0m
Admin UI E2E (1, chrome)	Run Cypress	2024-11-14T00:55:28.2319093Z 
Admin UI E2E (1, chrome)	Run Cypress	2024-11-14T00:55:28.2522847Z 
Admin UI E2E (1, chrome)	Run Cypress	2024-11-14T00:55:28.2524154Z [92m [0m[32m 13 passing[0m[90m (59s)[0m
Admin UI E2E (1, chrome)	Run Cypress	2024-11-14T00:55:28.2524981Z [36m [0m[36m 1 pending[0m
Admin UI E2E (1, chrome)	Run Cypress	2024-11-14T00:55:28.2525351Z 
Admin UI E2E (1, chrome)	Run Cypress	2024-11-14T00:55:29.2836682Z 
Admin UI E2E (1, chrome)	Run Cypress	2024-11-14T00:55:29.2838388Z [32m  ([4m[1mResults[22m[24m)[39m
Admin UI E2E (1, chrome)	Run Cypress	2024-11-14T00:55:29.2857014Z 
Admin UI E2E (1, chrome)	Run Cypress	2024-11-14T00:55:29.2874073Z [90m  ┌[39m[90m─[39m[90m─[39m[90m─[39m[90m─[39m[90m─[39m[90m─[39m[90m─[39m[90m─[39m[90m─[39m[90m─[39m[90m─[39m[90m─[39m[90m─[39m[90m─[39m[90m─[39m[90m─[39m[90m─[39m[90m─[39m[90m─[39m[90m─[39m[90m─[39m[90m─[39m[90m─[39m[90m─[39m[90m─[39m[90m─[39m[90m─[39m[90m─[39m[90m─[39m[90m─[39m[90m─[39m[90m─[39m[90m─[39m[90m─[39m[90m─[39m[90m─[39m[90m─[39m[90m─[39m[90m─[39m[90m─[39m[90m─[39m[90m─[39m[90m─[39m[90m─[39m[90m─[39m[90m─[39m[90m─[39m[90m─[39m[90m─[39m[90m─[39m[90m─[39m[90m─[39m[90m─[39m[90m─[39m[90m─[39m[90m─[39m[90m─[39m[90m─[39m[90m─[39m[90m─[39m[90m─[39m[90m─[39m[90m─[39m[90m─[39m[90m─[39m[90m─[39m[90m─[39m[90m─[39m[90m─[39m[90m─[39m[90m─[39m[90m─[39m[90m─[39m[90m─[39m[90m─[39m[90m─[39m[90m─[39m[90m─[39m[90m─[39m[90m─[39m[90m─[39m[90m─[39m[90m─[39m[90m─[39m[90m─[39m[90m─[39m[90m─[39m[90m─[39m[90m─[39m[90m─[39m[90m─[39m[90m─[39m[90m─[39m[90m─[39m[90m─[39m[90m─[39m[90m┐[39m
Admin UI E2E (1, chrome)	Run Cypress	2024-11-14T00:55:29.2878438Z [90m  │[39m [90mTests:[39m        [32m14[39m                                                                               [90m│[39m
Admin UI E2E (1, chrome)	Run Cypress	2024-11-14T00:55:29.2879647Z [90m  │[39m [90mPassing:[39m      [32m13[39m                                                                               [90m│[39m
Admin UI E2E (1, chrome)	Run Cypress	2024-11-14T00:55:29.2880590Z [90m  │[39m [90mFailing:[39m      [32m0[39m                                                                                [90m│[39m
Admin UI E2E (1, chrome)	Run Cypress	2024-11-14T00:55:29.2881554Z [90m  │[39m [90mPending:[39m      [32m1[39m                                                                                [90m│[39m
Admin UI E2E (1, chrome)	Run Cypress	2024-11-14T00:55:29.2882828Z [90m  │[39m [90mSkipped:[39m      [32m0[39m                                                                                [90m│[39m
Admin UI E2E (1, chrome)	Run Cypress	2024-11-14T00:55:29.2883808Z [90m  │[39m [90mScreenshots:[39m  [32m0[39m                                                                                [90m│[39m
Admin UI E2E (1, chrome)	Run Cypress	2024-11-14T00:55:29.2884760Z [90m  │[39m [90mVideo:[39m        [32mfalse[39m                                                                            [90m│[39m
Admin UI E2E (1, chrome)	Run Cypress	2024-11-14T00:55:29.2885740Z [90m  │[39m [90mDuration:[39m     [32m59 seconds[39m                                                                       [90m│[39m
Admin UI E2E (1, chrome)	Run Cypress	2024-11-14T00:55:29.2887323Z [90m  │[39m [90mSpec Ran:[39m     [32m[32muser_fed_kerberos_test.spec.ts[32m[39m                                                   [90m│[39m
Admin UI E2E (1, chrome)	Run Cypress	2024-11-14T00:55:29.2896434Z [90m  └[39m[90m─[39m[90m─[39m[90m─[39m[90m─[39m[90m─[39m[90m─[39m[90m─[39m[90m─[39m[90m─[39m[90m─[39m[90m─[39m[90m─[39m[90m─[39m[90m─[39m[90m─[39m[90m─[39m[90m─[39m[90m─[39m[90m─[39m[90m─[39m[90m─[39m[90m─[39m[90m─[39m[90m─[39m[90m─[39m[90m─[39m[90m─[39m[90m─[39m[90m─[39m[90m─[39m[90m─[39m[90m─[39m[90m─[39m[90m─[39m[90m─[39m[90m─[39m[90m─[39m[90m─[39m[90m─[39m[90m─[39m[90m─[39m[90m─[39m[90m─[39m[90m─[39m[90m─[39m[90m─[39m[90m─[39m[90m─[39m[90m─[39m[90m─[39m[90m─[39m[90m─[39m[90m─[39m[90m─[39m[90m─[39m[90m─[39m[90m─[39m[90m─[39m[90m─[39m[90m─[39m[90m─[39m[90m─[39m[90m─[39m[90m─[39m[90m─[39m[90m─[39m[90m─[39m[90m─[39m[90m─[39m[90m─[39m[90m─[39m[90m─[39m[90m─[39m[90m─[39m[90m─[39m[90m─[39m[90m─[39m[90m─[39m[90m─[39m[90m─[39m[90m─[39m[90m─[39m[90m─[39m[90m─[39m[90m─[39m[90m─[39m[90m─[39m[90m─[39m[90m─[39m[90m─[39m[90m─[39m[90m─[39m[90m─[39m[90m─[39m[90m─[39m[90m─[39m[90m┘[39m
Admin UI E2E (1, chrome)	Run Cypress	2024-11-14T00:55:29.2901969Z 
Admin UI E2E (1, chrome)	Run Cypress	2024-11-14T00:55:29.3244347Z 
Admin UI E2E (1, chrome)	Run Cypress	2024-11-14T00:55:29.3258126Z [90m─[39m[90m─[39m[90m─[39m[90m─[39m[90m─[39m[90m─[39m[90m─[39m[90m─[39m[90m─[39m[90m─[39m[90m─[39m[90m─[39m[90m─[39m[90m─[39m[90m─[39m[90m─[39m[90m─[39m[90m─[39m[90m─[39m[90m─[39m[90m─[39m[90m─[39m[90m─[39m[90m─[39m[90m─[39m[90m─[39m[90m─[39m[90m─[39m[90m─[39m[90m─[39m[90m─[39m[90m─[39m[90m─[39m[90m─[39m[90m─[39m[90m─[39m[90m─[39m[90m─[39m[90m─[39m[90m─[39m[90m─[39m[90m─[39m[90m─[39m[90m─[39m[90m─[39m[90m─[39m[90m─[39m[90m─[39m[90m─[39m[90m─[39m[90m─[39m[90m─[39m[90m─[39m[90m─[39m[90m─[39m[90m─[39m[90m─[39m[90m─[39m[90m─[39m[90m─[39m[90m─[39m[90m─[39m[90m─[39m[90m─[39m[90m─[39m[90m─[39m[90m─[39m[90m─[39m[90m─[39m[90m─[39m[90m─[39m[90m─[39m[90m─[39m[90m─[39m[90m─[39m[90m─[39m[90m─[39m[90m─[39m[90m─[39m[90m─[39m[90m─[39m[90m─[39m[90m─[39m[90m─[39m[90m─[39m[90m─[39m[90m─[39m[90m─[39m[90m─[39m[90m─[39m[90m─[39m[90m─[39m[90m─[39m[90m─[39m[90m─[39m[90m─[39m[90m─[39m[90m─[39m[90m─[39m[90m─[39m
Admin UI E2E (1, chrome)	Run Cypress	2024-11-14T00:55:29.3265133Z                                                                                                     
Admin UI E2E (1, chrome)	Run Cypress	2024-11-14T00:55:29.3266680Z   Running:  [90mauthentication_policies.spec.ts[39m                                                 [90m(2 of 8)[39m
Admin UI E2E (1, chrome)	Run Cypress	2024-11-14T00:55:32.1562394Z 
Admin UI E2E (1, chrome)	Run Cypress	2024-11-14T00:55:32.1563437Z [0m[0m
Admin UI E2E (1, chrome)	Run Cypress	2024-11-14T00:55:32.1655848Z [0m  Policies[0m
Admin UI E2E (1, chrome)	Run Cypress	2024-11-14T00:55:32.1657112Z [0m    OTP policies tab[0m
Admin UI E2E (1, chrome)	Run Cypress	2024-11-14T00:55:36.8598206Z     [32m  ✓[0m[90m should change to hotp[0m[90m (4646ms)[0m
Admin UI E2E (1, chrome)	Run Cypress	2024-11-14T00:55:36.8782446Z [0m    Webauthn policies tabs[0m
Admin UI E2E (1, chrome)	Run Cypress	2024-11-14T00:55:39.4397709Z     [32m  ✓[0m[90m should fill webauthn settings[0m[90m (2542ms)[0m
Admin UI E2E (1, chrome)	Run Cypress	2024-11-14T00:55:41.8672693Z     [32m  ✓[0m[90m should fill webauthn passwordless settings[0m[90m (2384ms)[0m
Admin UI E2E (1, chrome)	Run Cypress	2024-11-14T00:55:41.8682103Z 
Admin UI E2E (1, chrome)	Run Cypress	2024-11-14T00:55:41.9143799Z 
Admin UI E2E (1, chrome)	Run Cypress	2024-11-14T00:55:41.9145358Z [92m [0m[32m 3 passing[0m[90m (10s)[0m
Admin UI E2E (1, chrome)	Run Cypress	2024-11-14T00:55:41.9146282Z 
Admin UI E2E (1, chrome)	Run Cypress	2024-11-14T00:55:42.9297029Z 
Admin UI E2E (1, chrome)	Run Cypress	2024-11-14T00:55:42.9298937Z [32m  ([4m[1mResults[22m[24m)[39m
Admin UI E2E (1, chrome)	Run Cypress	2024-11-14T00:55:42.9302755Z 
Admin UI E2E (1, chrome)	Run Cypress	2024-11-14T00:55:42.9320473Z [90m  ┌[39m[90m─[39m[90m─[39m[90m─[39m[90m─[39m[90m─[39m[90m─[39m[90m─[39m[90m─[39m[90m─[39m[90m─[39m[90m─[39m[90m─[39m[90m─[39m[90m─[39m[90m─[39m[90m─[39m[90m─[39m[90m─[39m[90m─[39m[90m─[39m[90m─[39m[90m─[39m[90m─[39m[90m─[39m[90m─[39m[90m─[39m[90m─[39m[90m─[39m[90m─[39m[90m─[39m[90m─[39m[90m─[39m[90m─[39m[90m─[39m[90m─[39m[90m─[39m[90m─[39m[90m─[39m[90m─[39m[90m─[39m[90m─[39m[90m─[39m[90m─[39m[90m─[39m[90m─[39m[90m─[39m[90m─[39m[90m─[39m[90m─[39m[90m─[39m[90m─[39m[90m─[39m[90m─[39m[90m─[39m[90m─[39m[90m─[39m[90m─[39m[90m─[39m[90m─[39m[90m─[39m[90m─[39m[90m─[39m[90m─[39m[90m─[39m[90m─[39m[90m─[39m[90m─[39m[90m─[39m[90m─[39m[90m─[39m[90m─[39m[90m─[39m[90m─[39m[90m─[39m[90m─[39m[90m─[39m[90m─[39m[90m─[39m[90m─[39m[90m─[39m[90m─[39m[90m─[39m[90m─[39m[90m─[39m[90m─[39m[90m─[39m[90m─[39m[90m─[39m[90m─[39m[90m─[39m[90m─[39m[90m─[39m[90m─[39m[90m─[39m[90m─[39m[90m─[39m[90m┐[39m
Admin UI E2E (1, chrome)	Run Cypress	2024-11-14T00:55:42.9326591Z [90m  │[39m [90mTests:[39m        [32m3[39m                                                                                [90m│[39m
Admin UI E2E (1, chrome)	Run Cypress	2024-11-14T00:55:42.9328722Z [90m  │[39m [90mPassing:[39m      [32m3[39m                                                                                [90m│[39m
Admin UI E2E (1, chrome)	Run Cypress	2024-11-14T00:55:42.9330338Z [90m  │[39m [90mFailing:[39m      [32m0[39m                                                                                [90m│[39m
Admin UI E2E (1, chrome)	Run Cypress	2024-11-14T00:55:42.9331965Z [90m  │[39m [90mPending:[39m      [32m0[39m                                                                                [90m│[39m
Admin UI E2E (1, chrome)	Run Cypress	2024-11-14T00:55:42.9333513Z [90m  │[39m [90mSkipped:[39m      [32m0[39m                                                                                [90m│[39m
Admin UI E2E (1, chrome)	Run Cypress	2024-11-14T00:55:42.9335018Z [90m  │[39m [90mScreenshots:[39m  [32m0[39m                                                                                [90m│[39m
Admin UI E2E (1, chrome)	Run Cypress	2024-11-14T00:55:42.9336649Z [90m  │[39m [90mVideo:[39m        [32mfalse[39m                                                                            [90m│[39m
Admin UI E2E (1, chrome)	Run Cypress	2024-11-14T00:55:42.9339510Z [90m  │[39m [90mDuration:[39m     [32m9 seconds[39m                                                                        [90m│[39m
Admin UI E2E (1, chrome)	Run Cypress	2024-11-14T00:55:42.9341442Z [90m  │[39m [90mSpec Ran:[39m     [32m[32mauthentication_policies.spec.ts[32m[39m                                                  [90m│[39m
Admin UI E2E (1, chrome)	Run Cypress	2024-11-14T00:55:42.9350250Z [90m  └[39m[90m─[39m[90m─[39m[90m─[39m[90m─[39m[90m─[39m[90m─[39m[90m─[39m[90m─[39m[90m─[39m[90m─[39m[90m─[39m[90m─[39m[90m─[39m[90m─[39m[90m─[39m[90m─[39m[90m─[39m[90m─[39m[90m─[39m[90m─[39m[90m─[39m[90m─[39m[90m─[39m[90m─[39m[90m─[39m[90m─[39m[90m─[39m[90m─[39m[90m─[39m[90m─[39m[90m─[39m[90m─[39m[90m─[39m[90m─[39m[90m─[39m[90m─[39m[90m─[39m[90m─[39m[90m─[39m[90m─[39m[90m─[39m[90m─[39m[90m─[39m[90m─[39m[90m─[39m[90m─[39m[90m─[39m[90m─[39m[90m─[39m[90m─[39m[90m─[39m[90m─[39m[90m─[39m[90m─[39m[90m─[39m[90m─[39m[90m─[39m[90m─[39m[90m─[39m[90m─[39m[90m─[39m[90m─[39m[90m─[39m[90m─[39m[90m─[39m[90m─[39m[90m─[39m[90m─[39m[90m─[39m[90m─[39m[90m─[39m[90m─[39m[90m─[39m[90m─[39m[90m─[39m[90m─[39m[90m─[39m[90m─[39m[90m─[39m[90m─[39m[90m─[39m[90m─[39m[90m─[39m[90m─[39m[90m─[39m[90m─[39m[90m─[39m[90m─[39m[90m─[39m[90m─[39m[90m─[39m[90m─[39m[90m─[39m[90m─[39m[90m─[39m[90m─[39m[90m┘[39m
Admin UI E2E (1, chrome)	Run Cypress	2024-11-14T00:55:42.9355640Z 
Admin UI E2E (1, chrome)	Run Cypress	2024-11-14T00:55:42.9716335Z 
Admin UI E2E (1, chrome)	Run Cypress	2024-11-14T00:55:42.9731993Z [90m─[39m[90m─[39m[90m─[39m[90m─[39m[90m─[39m[90m─[39m[90m─[39m[90m─[39m[90m─[39m[90m─[39m[90m─[39m[90m─[39m[90m─[39m[90m─[39m[90m─[39m[90m─[39m[90m─[39m[90m─[39m[90m─[39m[90m─[39m[90m─[39m[90m─[39m[90m─[39m[90m─[39m[90m─[39m[90m─[39m[90m─[39m[90m─[39m[90m─[39m[90m─[39m[90m─[39m[90m─[39m[90m─[39m[90m─[39m[90m─[39m[90m─[39m[90m─[39m[90m─[39m[90m─[39m[90m─[39m[90m─[39m[90m─[39m[90m─[39m[90m─[39m[90m─[39m[90m─[39m[90m─[39m[90m─[39m[90m─[39m[90m─[39m[90m─[39m[90m─[39m[90m─[39m[90m─[39m[90m─[39m[90m─[39m[90m─[39m[90m─[39m[90m─[39m[90m─[39m[90m─[39m[90m─[39m[90m─[39m[90m─[39m[90m─[39m[90m─[39m[90m─[39m[90m─[39m[90m─[39m[90m─[39m[90m─[39m[90m─[39m[90m─[39m[90m─[39m[90m─[39m[90m─[39m[90m─[39m[90m─[39m[90m─[39m[90m─[39m[90m─[39m[90m─[39m[90m─[39m[90m─[39m[90m─[39m[90m─[39m[90m─[39m[90m─[39m[90m─[39m[90m─[39m[90m─[39m[90m─[39m[90m─[39m[90m─[39m[90m─[39m[90m─[39m[90m─[39m[90m─[39m[90m─[39m[90m─[39m
Admin UI E2E (1, chrome)	Run Cypress	2024-11-14T00:55:42.9735522Z                                                                                                     
Admin UI E2E (1, chrome)	Run Cypress	2024-11-14T00:55:42.9736363Z   Running:  [90mclient_authorization_test.spec.ts[39m                                               [90m(3 of 8)[39m
Admin UI E2E (1, chrome)	Run Cypress	2024-11-14T00:55:47.9666576Z 
Admin UI E2E (1, chrome)	Run Cypress	2024-11-14T00:55:47.9668187Z [0m[0m
Admin UI E2E (1, chrome)	Run Cypress	2024-11-14T00:55:47.9692897Z [0m  Client authentication subtab[0m
Admin UI E2E (1, chrome)	Run Cypress	2024-11-14T00:55:54.3069621Z   [32m  ✓[0m[90m Should update the resource server settings[0m[90m (6312ms)[0m
Admin UI E2E (1, chrome)	Run Cypress	2024-11-14T00:56:00.9152225Z   [32m  ✓[0m[90m Should create a resource[0m[90m (6507ms)[0m
Admin UI E2E (1, chrome)	Run Cypress	2024-11-14T00:56:04.6444240Z   [32m  ✓[0m[90m Edit a resource[0m[90m (3680ms)[0m
Admin UI E2E (1, chrome)	Run Cypress	2024-11-14T00:56:08.8645059Z   [32m  ✓[0m[90m Should create a scope[0m[90m (4194ms)[0m
Admin UI E2E (1, chrome)	Run Cypress	2024-11-14T00:56:13.4328829Z   [32m  ✓[0m[90m Should create a policy[0m[90m (4532ms)[0m
Admin UI E2E (1, chrome)	Run Cypress	2024-11-14T00:56:16.8448555Z   [32m  ✓[0m[90m Should delete a policy[0m[90m (3379ms)[0m
Admin UI E2E (1, chrome)	Run Cypress	2024-11-14T00:56:21.2118897Z   [32m  ✓[0m[90m Should create a client policy[0m[90m (4337ms)[0m
Admin UI E2E (1, chrome)	Run Cypress	2024-11-14T00:56:25.7818555Z   [32m  ✓[0m[90m Should create a permission[0m[90m (4516ms)[0m
Admin UI E2E (1, chrome)	Run Cypress	2024-11-14T00:56:25.7962421Z   [36m  - Should copy auth details[0m
Admin UI E2E (1, chrome)	Run Cypress	2024-11-14T00:56:29.6857262Z   [32m  ✓[0m[90m Should export auth details[0m[90m (3872ms)[0m
Admin UI E2E (1, chrome)	Run Cypress	2024-11-14T00:56:29.7238824Z [0m    Client authorization tab access for view-realm-authorization[0m
Admin UI E2E (1, chrome)	Run Cypress	2024-11-14T00:56:48.8076320Z     [32m  ✓[0m[90m Should view autorization tab[0m[90m (17474ms)[0m
Admin UI E2E (1, chrome)	Run Cypress	2024-11-14T00:56:48.8309769Z [0m    Accessibility tests for client authorization[0m
Admin UI E2E (1, chrome)	Run Cypress	2024-11-14T00:56:58.9210602Z     [32m  ✓[0m[90m Check a11y violations on load/ client authorization[0m[90m (10045ms)[0m
Admin UI E2E (1, chrome)	Run Cypress	2024-11-14T00:56:58.9211501Z 
Admin UI E2E (1, chrome)	Run Cypress	2024-11-14T00:56:58.9944985Z 
Admin UI E2E (1, chrome)	Run Cypress	2024-11-14T00:56:58.9946391Z [92m [0m[32m 11 passing[0m[90m (1m)[0m
Admin UI E2E (1, chrome)	Run Cypress	2024-11-14T00:56:58.9948069Z [36m [0m[36m 1 pending[0m
Admin UI E2E (1, chrome)	Run Cypress	2024-11-14T00:56:58.9948629Z 
Admin UI E2E (1, chrome)	Run Cypress	2024-11-14T00:57:00.0151520Z 
Admin UI E2E (1, chrome)	Run Cypress	2024-11-14T00:57:00.0154328Z [32m  ([4m[1mResults[22m[24m)[39m
Admin UI E2E (1, chrome)	Run Cypress	2024-11-14T00:57:00.0172607Z 
Admin UI E2E (1, chrome)	Run Cypress	2024-11-14T00:57:00.0190005Z [90m  ┌[39m[90m─[39m[90m─[39m[90m─[39m[90m─[39m[90m─[39m[90m─[39m[90m─[39m[90m─[39m[90m─[39m[90m─[39m[90m─[39m[90m─[39m[90m─[39m[90m─[39m[90m─[39m[90m─[39m[90m─[39m[90m─[39m[90m─[39m[90m─[39m[90m─[39m[90m─[39m[90m─[39m[90m─[39m[90m─[39m[90m─[39m[90m─[39m[90m─[39m[90m─[39m[90m─[39m[90m─[39m[90m─[39m[90m─[39m[90m─[39m[90m─[39m[90m─[39m[90m─[39m[90m─[39m[90m─[39m[90m─[39m[90m─[39m[90m─[39m[90m─[39m[90m─[39m[90m─[39m[90m─[39m[90m─[39m[90m─[39m[90m─[39m[90m─[39m[90m─[39m[90m─[39m[90m─[39m[90m─[39m[90m─[39m[90m─[39m[90m─[39m[90m─[39m[90m─[39m[90m─[39m[90m─[39m[90m─[39m[90m─[39m[90m─[39m[90m─[39m[90m─[39m[90m─[39m[90m─[39m[90m─[39m[90m─[39m[90m─[39m[90m─[39m[90m─[39m[90m─[39m[90m─[39m[90m─[39m[90m─[39m[90m─[39m[90m─[39m[90m─[39m[90m─[39m[90m─[39m[90m─[39m[90m─[39m[90m─[39m[90m─[39m[90m─[39m[90m─[39m[90m─[39m[90m─[39m[90m─[39m[90m─[39m[90m─[39m[90m─[39m[90m─[39m[90m─[39m[90m┐[39m
Admin UI E2E (1, chrome)	Run Cypress	2024-11-14T00:57:00.0196668Z [90m  │[39m [90mTests:[39m        [32m12[39m                                                                               [90m│[39m
Admin UI E2E (1, chrome)	Run Cypress	2024-11-14T00:57:00.0198648Z [90m  │[39m [90mPassing:[39m      [32m11[39m                                                                               [90m│[39m
Admin UI E2E (1, chrome)	Run Cypress	2024-11-14T00:57:00.0200361Z [90m  │[39m [90mFailing:[39m      [32m0[39m                                                                                [90m│[39m
Admin UI E2E (1, chrome)	Run Cypress	2024-11-14T00:57:00.0201969Z [90m  │[39m [90mPending:[39m      [32m1[39m                                                                                [90m│[39m
Admin UI E2E (1, chrome)	Run Cypress	2024-11-14T00:57:00.0203497Z [90m  │[39m [90mSkipped:[39m      [32m0[39m                                                                                [90m│[39m
Admin UI E2E (1, chrome)	Run Cypress	2024-11-14T00:57:00.0205012Z [90m  │[39m [90mScreenshots:[39m  [32m0[39m                                                                                [90m│[39m
Admin UI E2E (1, chrome)	Run Cypress	2024-11-14T00:57:00.0206586Z [90m  │[39m [90mVideo:[39m        [32mfalse[39m                                                                            [90m│[39m
Admin UI E2E (1, chrome)	Run Cypress	2024-11-14T00:57:00.0208292Z [90m  │[39m [90mDuration:[39m     [32m1 minute, 11 seconds[39m                                                             [90m│[39m
Admin UI E2E (1, chrome)	Run Cypress	2024-11-14T00:57:00.0210652Z [90m  │[39m [90mSpec Ran:[39m     [32m[32mclient_authorization_test.spec.ts[32m[39m                                                [90m│[39m
Admin UI E2E (1, chrome)	Run Cypress	2024-11-14T00:57:00.0219165Z [90m  └[39m[90m─[39m[90m─[39m[90m─[39m[90m─[39m[90m─[39m[90m─[39m[90m─[39m[90m─[39m[90m─[39m[90m─[39m[90m─[39m[90m─[39m[90m─[39m[90m─[39m[90m─[39m[90m─[39m[90m─[39m[90m─[39m[90m─[39m[90m─[39m[90m─[39m[90m─[39m[90m─[39m[90m─[39m[90m─[39m[90m─[39m[90m─[39m[90m─[39m[90m─[39m[90m─[39m[90m─[39m[90m─[39m[90m─[39m[90m─[39m[90m─[39m[90m─[39m[90m─[39m[90m─[39m[90m─[39m[90m─[39m[90m─[39m[90m─[39m[90m─[39m[90m─[39m[90m─[39m[90m─[39m[90m─[39m[90m─[39m[90m─[39m[90m─[39m[90m─[39m[90m─[39m[90m─[39m[90m─[39m[90m─[39m[90m─[39m[90m─[39m[90m─[39m[90m─[39m[90m─[39m[90m─[39m[90m─[39m[90m─[39m[90m─[39m[90m─[39m[90m─[39m[90m─[39m[90m─[39m[90m─[39m[90m─[39m[90m─[39m[90m─[39m[90m─[39m[90m─[39m[90m─[39m[90m─[39m[90m─[39m[90m─[39m[90m─[39m[90m─[39m[90m─[39m[90m─[39m[90m─[39m[90m─[39m[90m─[39m[90m─[39m[90m─[39m[90m─[39m[90m─[39m[90m─[39m[90m─[39m[90m─[39m[90m─[39m[90m─[39m[90m─[39m[90m─[39m[90m┘[39m
Admin UI E2E (1, chrome)	Run Cypress	2024-11-14T00:57:00.0224265Z 
Admin UI E2E (1, chrome)	Run Cypress	2024-11-14T00:57:00.0577341Z 
Admin UI E2E (1, chrome)	Run Cypress	2024-11-14T00:57:00.0588961Z [90m─[39m[90m─[39m[90m─[39m[90m─[39m[90m─[39m[90m─[39m[90m─[39m[90m─[39m[90m─[39m[90m─[39m[90m─[39m[90m─[39m[90m─[39m[90m─[39m[90m─[39m[90m─[39m[90m─[39m[90m─[39m[90m─[39m[90m─[39m[90m─[39m[90m─[39m[90m─[39m[90m─[39m[90m─[39m[90m─[39m[90m─[39m[90m─[39m[90m─[39m[90m─[39m[90m─[39m[90m─[39m[90m─[39m[90m─[39m[90m─[39m[90m─[39m[90m─[39m[90m─[39m[90m─[39m[90m─[39m[90m─[39m[90m─[39m[90m─[39m[90m─[39m[90m─[39m[90m─[39m[90m─[39m[90m─[39m[90m─[39m[90m─[39m[90m─[39m[90m─[39m[90m─[39m[90m─[39m[90m─[39m[90m─[39m[90m─[39m[90m─[39m[90m─[39m[90m─[39m[90m─[39m[90m─[39m[90m─[39m[90m─[39m[90m─[39m[90m─[39m[90m─[39m[90m─[39m[90m─[39m[90m─[39m[90m─[39m[90m─[39m[90m─[39m[90m─[39m[90m─[39m[90m─[39m[90m─[39m[90m─[39m[90m─[39m[90m─[39m[90m─[39m[90m─[39m[90m─[39m[90m─[39m[90m─[39m[90m─[39m[90m─[39m[90m─[39m[90m─[39m[90m─[39m[90m─[39m[90m─[39m[90m─[39m[90m─[39m[90m─[39m[90m─[39m[90m─[39m[90m─[39m[90m─[39m[90m─[39m
Admin UI E2E (1, chrome)	Run Cypress	2024-11-14T00:57:00.0592505Z                                                                                                     
Admin UI E2E (1, chrome)	Run Cypress	2024-11-14T00:57:00.0593352Z   Running:  [90mclients_saml_advanced.spec.ts[39m                                                   [90m(4 of 8)[39m
Admin UI E2E (1, chrome)	Run Cypress	2024-11-14T00:57:04.4469884Z 
Admin UI E2E (1, chrome)	Run Cypress	2024-11-14T00:57:04.4470738Z [0m[0m
Admin UI E2E (1, chrome)	Run Cypress	2024-11-14T00:57:04.4497622Z [0m  Clients Saml advanced tab[0m
Admin UI E2E (1, chrome)	Run Cypress	2024-11-14T00:57:04.4499005Z [0m    Fine Grain SAML Endpoint Configuration[0m
Admin UI E2E (1, chrome)	Run Cypress	2024-11-14T00:57:10.8873809Z     [32m  ✓[0m[90m Should Terms of service URL[0m[90m (6395ms)[0m
Admin UI E2E (1, chrome)	Run Cypress	2024-11-14T00:57:13.6923816Z     [32m  ✓[0m[90m Invalid terms of service URL[0m[90m (2751ms)[0m
Admin UI E2E (1, chrome)	Run Cypress	2024-11-14T00:57:13.6924780Z 
Admin UI E2E (1, chrome)	Run Cypress	2024-11-14T00:57:13.7097437Z 
Admin UI E2E (1, chrome)	Run Cypress	2024-11-14T00:57:13.7098958Z [92m [0m[32m 2 passing[0m[90m (9s)[0m
Admin UI E2E (1, chrome)	Run Cypress	2024-11-14T00:57:13.7099725Z 
Admin UI E2E (1, chrome)	Run Cypress	2024-11-14T00:57:14.7234347Z 
Admin UI E2E (1, chrome)	Run Cypress	2024-11-14T00:57:14.7235505Z [32m  ([4m[1mResults[22m[24m)[39m
Admin UI E2E (1, chrome)	Run Cypress	2024-11-14T00:57:14.7238476Z 
Admin UI E2E (1, chrome)	Run Cypress	2024-11-14T00:57:14.7251915Z [90m  ┌[39m[90m─[39m[90m─[39m[90m─[39m[90m─[39m[90m─[39m[90m─[39m[90m─[39m[90m─[39m[90m─[39m[90m─[39m[90m─[39m[90m─[39m[90m─[39m[90m─[39m[90m─[39m[90m─[39m[90m─[39m[90m─[39m[90m─[39m[90m─[39m[90m─[39m[90m─[39m[90m─[39m[90m─[39m[90m─[39m[90m─[39m[90m─[39m[90m─[39m[90m─[39m[90m─[39m[90m─[39m[90m─[39m[90m─[39m[90m─[39m[90m─[39m[90m─[39m[90m─[39m[90m─[39m[90m─[39m[90m─[39m[90m─[39m[90m─[39m[90m─[39m[90m─[39m[90m─[39m[90m─[39m[90m─[39m[90m─[39m[90m─[39m[90m─[39m[90m─[39m[90m─[39m[90m─[39m[90m─[39m[90m─[39m[90m─[39m[90m─[39m[90m─[39m[90m─[39m[90m─[39m[90m─[39m[90m─[39m[90m─[39m[90m─[39m[90m─[39m[90m─[39m[90m─[39m[90m─[39m[90m─[39m[90m─[39m[90m─[39m[90m─[39m[90m─[39m[90m─[39m[90m─[39m[90m─[39m[90m─[39m[90m─[39m[90m─[39m[90m─[39m[90m─[39m[90m─[39m[90m─[39m[90m─[39m[90m─[39m[90m─[39m[90m─[39m[90m─[39m[90m─[39m[90m─[39m[90m─[39m[90m─[39m[90m─[39m[90m─[39m[90m─[39m[90m─[39m[90m┐[39m
Admin UI E2E (1, chrome)	Run Cypress	2024-11-14T00:57:14.7258329Z [90m  │[39m [90mTests:[39m        [32m2[39m                                                                                [90m│[39m
Admin UI E2E (1, chrome)	Run Cypress	2024-11-14T00:57:14.7259867Z [90m  │[39m [90mPassing:[39m      [32m2[39m                                                                                [90m│[39m
Admin UI E2E (1, chrome)	Run Cypress	2024-11-14T00:57:14.7261404Z [90m  │[39m [90mFailing:[39m      [32m0[39m                                                                                [90m│[39m
Admin UI E2E (1, chrome)	Run Cypress	2024-11-14T00:57:14.7263100Z [90m  │[39m [90mPending:[39m      [32m0[39m                                                                                [90m│[39m
Admin UI E2E (1, chrome)	Run Cypress	2024-11-14T00:57:14.7264653Z [90m  │[39m [90mSkipped:[39m      [32m0[39m                                                                                [90m│[39m
Admin UI E2E (1, chrome)	Run Cypress	2024-11-14T00:57:14.7266137Z [90m  │[39m [90mScreenshots:[39m  [32m0[39m                                                                                [90m│[39m
Admin UI E2E (1, chrome)	Run Cypress	2024-11-14T00:57:14.7267997Z [90m  │[39m [90mVideo:[39m        [32mfalse[39m                                                                            [90m│[39m
Admin UI E2E (1, chrome)	Run Cypress	2024-11-14T00:57:14.7269617Z [90m  │[39m [90mDuration:[39m     [32m9 seconds[39m                                                                        [90m│[39m
Admin UI E2E (1, chrome)	Run Cypress	2024-11-14T00:57:14.7271547Z [90m  │[39m [90mSpec Ran:[39m     [32m[32mclients_saml_advanced.spec.ts[32m[39m                                                    [90m│[39m
Admin UI E2E (1, chrome)	Run Cypress	2024-11-14T00:57:14.7280555Z [90m  └[39m[90m─[39m[90m─[39m[90m─[39m[90m─[39m[90m─[39m[90m─[39m[90m─[39m[90m─[39m[90m─[39m[90m─[39m[90m─[39m[90m─[39m[90m─[39m[90m─[39m[90m─[39m[90m─[39m[90m─[39m[90m─[39m[90m─[39m[90m─[39m[90m─[39m[90m─[39m[90m─[39m[90m─[39m[90m─[39m[90m─[39m[90m─[39m[90m─[39m[90m─[39m[90m─[39m[90m─[39m[90m─[39m[90m─[39m[90m─[39m[90m─[39m[90m─[39m[90m─[39m[90m─[39m[90m─[39m[90m─[39m[90m─[39m[90m─[39m[90m─[39m[90m─[39m[90m─[39m[90m─[39m[90m─[39m[90m─[39m[90m─[39m[90m─[39m[90m─[39m[90m─[39m[90m─[39m[90m─[39m[90m─[39m[90m─[39m[90m─[39m[90m─[39m[90m─[39m[90m─[39m[90m─[39m[90m─[39m[90m─[39m[90m─[39m[90m─[39m[90m─[39m[90m─[39m[90m─[39m[90m─[39m[90m─[39m[90m─[39m[90m─[39m[90m─[39m[90m─[39m[90m─[39m[90m─[39m[90m─[39m[90m─[39m[90m─[39m[90m─[39m[90m─[39m[90m─[39m[90m─[39m[90m─[39m[90m─[39m[90m─[39m[90m─[39m[90m─[39m[90m─[39m[90m─[39m[90m─[39m[90m─[39m[90m─[39m[90m─[39m[90m─[39m[90m─[39m[90m┘[39m
Admin UI E2E (1, chrome)	Run Cypress	2024-11-14T00:57:14.7285984Z 
Admin UI E2E (1, chrome)	Run Cypress	2024-11-14T00:57:14.7742779Z 
Admin UI E2E (1, chrome)	Run Cypress	2024-11-14T00:57:14.7751605Z [90m─[39m[90m─[39m[90m─[39m[90m─[39m[90m─[39m[90m─[39m[90m─[39m[90m─[39m[90m─[39m[90m─[39m[90m─[39m[90m─[39m[90m─[39m[90m─[39m[90m─[39m[90m─[39m[90m─[39m[90m─[39m[90m─[39m[90m─[39m[90m─[39m[90m─[39m[90m─[39m[90m─[39m[90m─[39m[90m─[39m[90m─[39m[90m─[39m[90m─[39m[90m─[39m[90m─[39m[90m─[39m[90m─[39m[90m─[39m[90m─[39m[90m─[39m[90m─[39m[90m─[39m[90m─[39m[90m─[39m[90m─[39m[90m─[39m[90m─[39m[90m─[39m[90m─[39m[90m─[39m[90m─[39m[90m─[39m[90m─[39m[90m─[39m[90m─[39m[90m─[39m[90m─[39m[90m─[39m[90m─[39m[90m─[39m[90m─[39m[90m─[39m[90m─[39m[90m─[39m[90m─[39m[90m─[39m[90m─[39m[90m─[39m[90m─[39m[90m─[39m[90m─[39m[90m─[39m[90m─[39m[90m─[39m[90m─[39m[90m─[39m[90m─[39m[90m─[39m[90m─[39m[90m─[39m[90m─[39m[90m─[39m[90m─[39m[90m─[39m[90m─[39m[90m─[39m[90m─[39m[90m─[39m[90m─[39m[90m─[39m[90m─[39m[90m─[39m[90m─[39m[90m─[39m[90m─[39m[90m─[39m[90m─[39m[90m─[39m[90m─[39m[90m─[39m[90m─[39m[90m─[39m[90m─[39m[90m─[39m
Admin UI E2E (1, chrome)	Run Cypress	2024-11-14T00:57:14.7757443Z                                                                                                     
Admin UI E2E (1, chrome)	Run Cypress	2024-11-14T00:57:14.7758872Z   Running:  [90mi18n_test.spec.ts[39m                                                               [90m(5 of 8)[39m
Admin UI E2E (1, chrome)	Run Cypress	2024-11-14T00:57:18.0700540Z 
Admin UI E2E (1, chrome)	Run Cypress	2024-11-14T00:57:18.0702064Z [0m[0m
Admin UI E2E (1, chrome)	Run Cypress	2024-11-14T00:57:18.0730653Z [0m  i18n tests[0m
Admin UI E2E (1, chrome)	Run Cypress	2024-11-14T00:57:22.6584305Z   [32m  ✓[0m[90m should use THEME localization for fallback (en) when language without theme localization is requested and no realm localization exists[0m[90m (4465ms)[0m
Admin UI E2E (1, chrome)	Run Cypress	2024-11-14T00:57:24.0998293Z   [32m  ✓[0m[90m should use THEME localization for language when language with theme localization is requested and no realm localization exists[0m[90m (1299ms)[0m
Admin UI E2E (1, chrome)	Run Cypress	2024-11-14T00:57:26.3273581Z   [32m  ✓[0m[90m should use REALM localization for fallback (en) when language without theme localization is requested and realm localization exists for fallback (en)[0m[90m (2027ms)[0m
Admin UI E2E (1, chrome)	Run Cypress	2024-11-14T00:57:28.1089873Z   [32m  ✓[0m[90m should use THEME localization for language when language with theme localization is requested and realm localization exists for fallback (en) only[0m[90m (1620ms)[0m
Admin UI E2E (1, chrome)	Run Cypress	2024-11-14T00:57:29.7743029Z   [32m  ✓[0m[90m should use REALM localization for language when language is requested and realm localization exists for language[0m[90m (1523ms)[0m
Admin UI E2E (1, chrome)	Run Cypress	2024-11-14T00:57:29.7855597Z   [36m  - should use REALM localization for region when region is requested and realm localization exists for region[0m
Admin UI E2E (1, chrome)	Run Cypress	2024-11-14T00:57:31.9443457Z   [32m  ✓[0m[90m should use REALM localization for language when language is requested and realm localization exists for fallback (en), language, region[0m[90m (1977ms)[0m
Admin UI E2E (1, chrome)	Run Cypress	2024-11-14T00:57:33.8831631Z   [32m  ✓[0m[90m should use REALM localization for language when region is requested and realm localization exists for fallback (en), language[0m[90m (1778ms)[0m
Admin UI E2E (1, chrome)	Run Cypress	2024-11-14T00:57:35.3688345Z   [32m  ✓[0m[90m should apply plurals and interpolation for THEME localization[0m[90m (1351ms)[0m
Admin UI E2E (1, chrome)	Run Cypress	2024-11-14T00:57:37.4543025Z   [32m  ✓[0m[90m should apply plurals and interpolation for REALM localization[0m[90m (1553ms)[0m
Admin UI E2E (1, chrome)	Run Cypress	2024-11-14T00:57:37.4546549Z 
Admin UI E2E (1, chrome)	Run Cypress	2024-11-14T00:57:37.4752844Z 
Admin UI E2E (1, chrome)	Run Cypress	2024-11-14T00:57:37.4754154Z [92m [0m[32m 9 passing[0m[90m (19s)[0m
Admin UI E2E (1, chrome)	Run Cypress	2024-11-14T00:57:37.4755858Z [36m [0m[36m 1 pending[0m
Admin UI E2E (1, chrome)	Run Cypress	2024-11-14T00:57:37.4756427Z 
Admin UI E2E (1, chrome)	Run Cypress	2024-11-14T00:57:38.4913961Z 
Admin UI E2E (1, chrome)	Run Cypress	2024-11-14T00:57:38.4915562Z [32m  ([4m[1mResults[22m[24m)[39m
Admin UI E2E (1, chrome)	Run Cypress	2024-11-14T00:57:38.4919893Z 
Admin UI E2E (1, chrome)	Run Cypress	2024-11-14T00:57:38.4934097Z [90m  ┌[39m[90m─[39m[90m─[39m[90m─[39m[90m─[39m[90m─[39m[90m─[39m[90m─[39m[90m─[39m[90m─[39m[90m─[39m[90m─[39m[90m─[39m[90m─[39m[90m─[39m[90m─[39m[90m─[39m[90m─[39m[90m─[39m[90m─[39m[90m─[39m[90m─[39m[90m─[39m[90m─[39m[90m─[39m[90m─[39m[90m─[39m[90m─[39m[90m─[39m[90m─[39m[90m─[39m[90m─[39m[90m─[39m[90m─[39m[90m─[39m[90m─[39m[90m─[39m[90m─[39m[90m─[39m[90m─[39m[90m─[39m[90m─[39m[90m─[39m[90m─[39m[90m─[39m[90m─[39m[90m─[39m[90m─[39m[90m─[39m[90m─[39m[90m─[39m[90m─[39m[90m─[39m[90m─[39m[90m─[39m[90m─[39m[90m─[39m[90m─[39m[90m─[39m[90m─[39m[90m─[39m[90m─[39m[90m─[39m[90m─[39m[90m─[39m[90m─[39m[90m─[39m[90m─[39m[90m─[39m[90m─[39m[90m─[39m[90m─[39m[90m─[39m[90m─[39m[90m─[39m[90m─[39m[90m─[39m[90m─[39m[90m─[39m[90m─[39m[90m─[39m[90m─[39m[90m─[39m[90m─[39m[90m─[39m[90m─[39m[90m─[39m[90m─[39m[90m─[39m[90m─[39m[90m─[39m[90m─[39m[90m─[39m[90m─[39m[90m─[39m[90m─[39m[90m─[39m[90m┐[39m
Admin UI E2E (1, chrome)	Run Cypress	2024-11-14T00:57:38.4940539Z [90m  │[39m [90mTests:[39m        [32m10[39m                                                                               [90m│[39m
Admin UI E2E (1, chrome)	Run Cypress	2024-11-14T00:57:38.4942075Z [90m  │[39m [90mPassing:[39m      [32m9[39m                                                                                [90m│[39m
Admin UI E2E (1, chrome)	Run Cypress	2024-11-14T00:57:38.4943593Z [90m  │[39m [90mFailing:[39m      [32m0[39m                                                                                [90m│[39m
Admin UI E2E (1, chrome)	Run Cypress	2024-11-14T00:57:38.4945196Z [90m  │[39m [90mPending:[39m      [32m1[39m                                                                                [90m│[39m
Admin UI E2E (1, chrome)	Run Cypress	2024-11-14T00:57:38.5059638Z [90m  │[39m [90mSkipped:[39m      [32m0[39m                                                                                [90m│[39m
Admin UI E2E (1, chrome)	Run Cypress	2024-11-14T00:57:38.5061448Z [90m  │[39m [90mScreenshots:[39m  [32m0[39m                                                                                [90m│[39m
Admin UI E2E (1, chrome)	Run Cypress	2024-11-14T00:57:38.5063208Z [90m  │[39m [90mVideo:[39m        [32mfalse[39m                                                                            [90m│[39m
Admin UI E2E (1, chrome)	Run Cypress	2024-11-14T00:57:38.5064950Z [90m  │[39m [90mDuration:[39m     [32m19 seconds[39m                                                                       [90m│[39m
Admin UI E2E (1, chrome)	Run Cypress	2024-11-14T00:57:38.5066857Z [90m  │[39m [90mSpec Ran:[39m     [32m[32mi18n_test.spec.ts[32m[39m                                                                [90m│[39m
Admin UI E2E (1, chrome)	Run Cypress	2024-11-14T00:57:38.5077273Z [90m  └[39m[90m─[39m[90m─[39m[90m─[39m[90m─[39m[90m─[39m[90m─[39m[90m─[39m[90m─[39m[90m─[39m[90m─[39m[90m─[39m[90m─[39m[90m─[39m[90m─[39m[90m─[39m[90m─[39m[90m─[39m[90m─[39m[90m─[39m[90m─[39m[90m─[39m[90m─[39m[90m─[39m[90m─[39m[90m─[39m[90m─[39m[90m─[39m[90m─[39m[90m─[39m[90m─[39m[90m─[39m[90m─[39m[90m─[39m[90m─[39m[90m─[39m[90m─[39m[90m─[39m[90m─[39m[90m─[39m[90m─[39m[90m─[39m[90m─[39m[90m─[39m[90m─[39m[90m─[39m[90m─[39m[90m─[39m[90m─[39m[90m─[39m[90m─[39m[90m─[39m[90m─[39m[90m─[39m[90m─[39m[90m─[39m[90m─[39m[90m─[39m[90m─[39m[90m─[39m[90m─[39m[90m─[39m[90m─[39m[90m─[39m[90m─[39m[90m─[39m[90m─[39m[90m─[39m[90m─[39m[90m─[39m[90m─[39m[90m─[39m[90m─[39m[90m─[39m[90m─[39m[90m─[39m[90m─[39m[90m─[39m[90m─[39m[90m─[39m[90m─[39m[90m─[39m[90m─[39m[90m─[39m[90m─[39m[90m─[39m[90m─[39m[90m─[39m[90m─[39m[90m─[39m[90m─[39m[90m─[39m[90m─[39m[90m─[39m[90m─[39m[90m─[39m[90m─[39m[90m┘[39m
Admin UI E2E (1, chrome)	Run Cypress	2024-11-14T00:57:38.5083825Z 
Admin UI E2E (1, chrome)	Run Cypress	2024-11-14T00:57:38.5358605Z 
Admin UI E2E (1, chrome)	Run Cypress	2024-11-14T00:57:38.5371611Z [90m─[39m[90m─[39m[90m─[39m[90m─[39m[90m─[39m[90m─[39m[90m─[39m[90m─[39m[90m─[39m[90m─[39m[90m─[39m[90m─[39m[90m─[39m[90m─[39m[90m─[39m[90m─[39m[90m─[39m[90m─[39m[90m─[39m[90m─[39m[90m─[39m[90m─[39m[90m─[39m[90m─[39m[90m─[39m[90m─[39m[90m─[39m[90m─[39m[90m─[39m[90m─[39m[90m─[39m[90m─[39m[90m─[39m[90m─[39m[90m─[39m[90m─[39m[90m─[39m[90m─[39m[90m─[39m[90m─[39m[90m─[39m[90m─[39m[90m─[39m[90m─[39m[90m─[39m[90m─[39m[90m─[39m[90m─[39m[90m─[39m[90m─[39m[90m─[39m[90m─[39m[90m─[39m[90m─[39m[90m─[39m[90m─[39m[90m─[39m[90m─[39m[90m─[39m[90m─[39m[90m─[39m[90m─[39m[90m─[39m[90m─[39m[90m─[39m[90m─[39m[90m─[39m[90m─[39m[90m─[39m[90m─[39m[90m─[39m[90m─[39m[90m─[39m[90m─[39m[90m─[39m[90m─[39m[90m─[39m[90m─[39m[90m─[39m[90m─[39m[90m─[39m[90m─[39m[90m─[39m[90m─[39m[90m─[39m[90m─[39m[90m─[39m[90m─[39m[90m─[39m[90m─[39m[90m─[39m[90m─[39m[90m─[39m[90m─[39m[90m─[39m[90m─[39m[90m─[39m[90m─[39m[90m─[39m[90m─[39m
Admin UI E2E (1, chrome)	Run Cypress	2024-11-14T00:57:38.5378392Z                                                                                                     
Admin UI E2E (1, chrome)	Run Cypress	2024-11-14T00:57:38.5379839Z   Running:  [90musers_attribute_search_test.spec.ts[39m                                             [90m(6 of 8)[39m
Admin UI E2E (1, chrome)	Run Cypress	2024-11-14T00:57:41.8279708Z 
Admin UI E2E (1, chrome)	Run Cypress	2024-11-14T00:57:41.8280818Z [0m[0m
Admin UI E2E (1, chrome)	Run Cypress	2024-11-14T00:57:41.8308477Z [0m  Query by user attributes[0m
Admin UI E2E (1, chrome)	Run Cypress	2024-11-14T00:57:47.2926024Z   [32m  ✓[0m[90m Query with one attribute condition[0m[90m (5405ms)[0m
Admin UI E2E (1, chrome)	Run Cypress	2024-11-14T00:57:50.3582125Z   [32m  ✓[0m[90m Query with two attribute conditions[0m[90m (2766ms)[0m
Admin UI E2E (1, chrome)	Run Cypress	2024-11-14T00:57:50.3583205Z 
Admin UI E2E (1, chrome)	Run Cypress	2024-11-14T00:57:50.3721596Z 
Admin UI E2E (1, chrome)	Run Cypress	2024-11-14T00:57:50.3723200Z [92m [0m[32m 2 passing[0m[90m (9s)[0m
Admin UI E2E (1, chrome)	Run Cypress	2024-11-14T00:57:50.3724066Z 
Admin UI E2E (1, chrome)	Run Cypress	2024-11-14T00:57:51.8581473Z 
Admin UI E2E (1, chrome)	Run Cypress	2024-11-14T00:57:51.8583233Z [32m  ([4m[1mResults[22m[24m)[39m
Admin UI E2E (1, chrome)	Run Cypress	2024-11-14T00:57:51.8589585Z 
Admin UI E2E (1, chrome)	Run Cypress	2024-11-14T00:57:51.8604407Z [90m  ┌[39m[90m─[39m[90m─[39m[90m─[39m[90m─[39m[90m─[39m[90m─[39m[90m─[39m[90m─[39m[90m─[39m[90m─[39m[90m─[39m[90m─[39m[90m─[39m[90m─[39m[90m─[39m[90m─[39m[90m─[39m[90m─[39m[90m─[39m[90m─[39m[90m─[39m[90m─[39m[90m─[39m[90m─[39m[90m─[39m[90m─[39m[90m─[39m[90m─[39m[90m─[39m[90m─[39m[90m─[39m[90m─[39m[90m─[39m[90m─[39m[90m─[39m[90m─[39m[90m─[39m[90m─[39m[90m─[39m[90m─[39m[90m─[39m[90m─[39m[90m─[39m[90m─[39m[90m─[39m[90m─[39m[90m─[39m[90m─[39m[90m─[39m[90m─[39m[90m─[39m[90m─[39m[90m─[39m[90m─[39m[90m─[39m[90m─[39m[90m─[39m[90m─[39m[90m─[39m[90m─[39m[90m─[39m[90m─[39m[90m─[39m[90m─[39m[90m─[39m[90m─[39m[90m─[39m[90m─[39m[90m─[39m[90m─[39m[90m─[39m[90m─[39m[90m─[39m[90m─[39m[90m─[39m[90m─[39m[90m─[39m[90m─[39m[90m─[39m[90m─[39m[90m─[39m[90m─[39m[90m─[39m[90m─[39m[90m─[39m[90m─[39m[90m─[39m[90m─[39m[90m─[39m[90m─[39m[90m─[39m[90m─[39m[90m─[39m[90m─[39m[90m─[39m[90m─[39m[90m┐[39m
Admin UI E2E (1, chrome)	Run Cypress	2024-11-14T00:57:51.8610553Z [90m  │[39m [90mTests:[39m        [32m2[39m                                                                                [90m│[39m
Admin UI E2E (1, chrome)	Run Cypress	2024-11-14T00:57:51.8612084Z [90m  │[39m [90mPassing:[39m      [32m2[39m                                                                                [90m│[39m
Admin UI E2E (1, chrome)	Run Cypress	2024-11-14T00:57:51.8614123Z [90m  │[39m [90mFailing:[39m      [32m0[39m                                                                                [90m│[39m
Admin UI E2E (1, chrome)	Run Cypress	2024-11-14T00:57:51.8615758Z [90m  │[39m [90mPending:[39m      [32m0[39m                                                                                [90m│[39m
Admin UI E2E (1, chrome)	Run Cypress	2024-11-14T00:57:51.8617318Z [90m  │[39m [90mSkipped:[39m      [32m0[39m                                                                                [90m│[39m
Admin UI E2E (1, chrome)	Run Cypress	2024-11-14T00:57:51.8618804Z [90m  │[39m [90mScreenshots:[39m  [32m0[39m                                                                                [90m│[39m
Admin UI E2E (1, chrome)	Run Cypress	2024-11-14T00:57:51.8620399Z [90m  │[39m [90mVideo:[39m        [32mfalse[39m                                                                            [90m│[39m
Admin UI E2E (1, chrome)	Run Cypress	2024-11-14T00:57:51.8622106Z [90m  │[39m [90mDuration:[39m     [32m8 seconds[39m                                                                        [90m│[39m
Admin UI E2E (1, chrome)	Run Cypress	2024-11-14T00:57:51.8625596Z [90m  │[39m [90mSpec Ran:[39m     [32m[32musers_attribute_search_test.spec.ts[32m[39m                                              [90m│[39m
Admin UI E2E (1, chrome)	Run Cypress	2024-11-14T00:57:51.8634229Z [90m  └[39m[90m─[39m[90m─[39m[90m─[39m[90m─[39m[90m─[39m[90m─[39m[90m─[39m[90m─[39m[90m─[39m[90m─[39m[90m─[39m[90m─[39m[90m─[39m[90m─[39m[90m─[39m[90m─[39m[90m─[39m[90m─[39m[90m─[39m[90m─[39m[90m─[39m[90m─[39m[90m─[39m[90m─[39m[90m─[39m[90m─[39m[90m─[39m[90m─[39m[90m─[39m[90m─[39m[90m─[39m[90m─[39m[90m─[39m[90m─[39m[90m─[39m[90m─[39m[90m─[39m[90m─[39m[90m─[39m[90m─[39m[90m─[39m[90m─[39m[90m─[39m[90m─[39m[90m─[39m[90m─[39m[90m─[39m[90m─[39m[90m─[39m[90m─[39m[90m─[39m[90m─[39m[90m─[39m[90m─[39m[90m─[39m[90m─[39m[90m─[39m[90m─[39m[90m─[39m[90m─[39m[90m─[39m[90m─[39m[90m─[39m[90m─[39m[90m─[39m[90m─[39m[90m─[39m[90m─[39m[90m─[39m[90m─[39m[90m─[39m[90m─[39m[90m─[39m[90m─[39m[90m─[39m[90m─[39m[90m─[39m[90m─[39m[90m─[39m[90m─[39m[90m─[39m[90m─[39m[90m─[39m[90m─[39m[90m─[39m[90m─[39m[90m─[39m[90m─[39m[90m─[39m[90m─[39m[90m─[39m[90m─[39m[90m─[39m[90m─[39m[90m─[39m[90m─[39m[90m┘[39m
Admin UI E2E (1, chrome)	Run Cypress	2024-11-14T00:57:51.8639642Z 
Admin UI E2E (1, chrome)	Run Cypress	2024-11-14T00:57:51.9028964Z 
Admin UI E2E (1, chrome)	Run Cypress	2024-11-14T00:57:51.9040402Z [90m─[39m[90m─[39m[90m─[39m[90m─[39m[90m─[39m[90m─[39m[90m─[39m[90m─[39m[90m─[39m[90m─[39m[90m─[39m[90m─[39m[90m─[39m[90m─[39m[90m─[39m[90m─[39m[90m─[39m[90m─[39m[90m─[39m[90m─[39m[90m─[39m[90m─[39m[90m─[39m[90m─[39m[90m─[39m[90m─[39m[90m─[39m[90m─[39m[90m─[39m[90m─[39m[90m─[39m[90m─[39m[90m─[39m[90m─[39m[90m─[39m[90m─[39m[90m─[39m[90m─[39m[90m─[39m[90m─[39m[90m─[39m[90m─[39m[90m─[39m[90m─[39m[90m─[39m[90m─[39m[90m─[39m[90m─[39m[90m─[39m[90m─[39m[90m─[39m[90m─[39m[90m─[39m[90m─[39m[90m─[39m[90m─[39m[90m─[39m[90m─[39m[90m─[39m[90m─[39m[90m─[39m[90m─[39m[90m─[39m[90m─[39m[90m─[39m[90m─[39m[90m─[39m[90m─[39m[90m─[39m[90m─[39m[90m─[39m[90m─[39m[90m─[39m[90m─[39m[90m─[39m[90m─[39m[90m─[39m[90m─[39m[90m─[39m[90m─[39m[90m─[39m[90m─[39m[90m─[39m[90m─[39m[90m─[39m[90m─[39m[90m─[39m[90m─[39m[90m─[39m[90m─[39m[90m─[39m[90m─[39m[90m─[39m[90m─[39m[90m─[39m[90m─[39m[90m─[39m[90m─[39m[90m─[39m[90m─[39m
Admin UI E2E (1, chrome)	Run Cypress	2024-11-14T00:57:51.9044709Z                                                                                                     
Admin UI E2E (1, chrome)	Run Cypress	2024-11-14T00:57:51.9045755Z   Running:  [90mrealm_settings_general_tab_test.spec.ts[39m                                         [90m(7 of 8)[39m
Admin UI E2E (1, chrome)	Run Cypress	2024-11-14T00:57:55.3846039Z 
Admin UI E2E (1, chrome)	Run Cypress	2024-11-14T00:57:55.3847396Z [0m[0m
Admin UI E2E (1, chrome)	Run Cypress	2024-11-14T00:57:55.3871570Z [0m  Realm settings general tab tests[0m
Admin UI E2E (1, chrome)	Run Cypress	2024-11-14T00:58:32.1274057Z     [33m(Attempt 1 of 4)[0m Test all general tab switches
Admin UI E2E (1, chrome)	Run Cypress	2024-11-14T00:59:06.4082105Z     [33m(Attempt 2 of 4)[0m Test all general tab switches
Admin UI E2E (1, chrome)	Run Cypress	2024-11-14T00:59:41.8906974Z     [33m(Attempt 3 of 4)[0m Test all general tab switches
Admin UI E2E (1, chrome)	Run Cypress	2024-11-14T01:00:18.2728085Z   [31m  1) Test all general tab switches[0m
Admin UI E2E (1, chrome)	Run Cypress	2024-11-14T01:00:20.4877170Z   [32m  ✓[0m[90m Fail to set Realm ID to empty[0m[90m (2061ms)[0m
Admin UI E2E (1, chrome)	Run Cypress	2024-11-14T01:00:22.8083306Z   [32m  ✓[0m[90m Modify Display name[0m[90m (2260ms)[0m
Admin UI E2E (1, chrome)	Run Cypress	2024-11-14T01:00:24.4104710Z   [32m  ✓[0m[90m Check Display name value[0m[90m (1547ms)[0m
Admin UI E2E (1, chrome)	Run Cypress	2024-11-14T01:00:26.5053655Z   [32m  ✓[0m[90m Modify front end URL[0m[90m (2056ms)[0m
Admin UI E2E (1, chrome)	Run Cypress	2024-11-14T01:00:28.6895190Z   [32m  ✓[0m[90m Select SSL all requests[0m[90m (2116ms)[0m
Admin UI E2E (1, chrome)	Run Cypress	2024-11-14T01:00:30.4477824Z   [32m  ✓[0m[90m Verify SSL all requests displays[0m[90m (1706ms)[0m
Admin UI E2E (1, chrome)	Run Cypress	2024-11-14T01:00:32.4662110Z   [32m  ✓[0m[90m Select SSL external requests[0m[90m (1974ms)[0m
Admin UI E2E (1, chrome)	Run Cypress	2024-11-14T01:00:34.0652365Z   [32m  ✓[0m[90m Verify SSL external requests displays[0m[90m (1562ms)[0m
Admin UI E2E (1, chrome)	Run Cypress	2024-11-14T01:00:36.1524391Z   [32m  ✓[0m[90m Select SSL None[0m[90m (2038ms)[0m
Admin UI E2E (1, chrome)	Run Cypress	2024-11-14T01:00:37.7866133Z   [32m  ✓[0m[90m Verify SSL None displays[0m[90m (1598ms)[0m
Admin UI E2E (1, chrome)	Run Cypress	2024-11-14T01:00:39.4824657Z   [32m  ✓[0m[90m Check Access Endpoints OpenID Endpoint Configuration link[0m[90m (1658ms)[0m
Admin UI E2E (1, chrome)	Run Cypress	2024-11-14T01:00:41.2669100Z   [32m  ✓[0m[90m Access Endpoints OpenID Endpoint Configuration link[0m[90m (1761ms)[0m
Admin UI E2E (1, chrome)	Run Cypress	2024-11-14T01:00:42.9023051Z   [32m  ✓[0m[90m Check if Access Endpoints SAML 2.0 Identity Provider Metadata link exists[0m[90m (1582ms)[0m
Admin UI E2E (1, chrome)	Run Cypress	2024-11-14T01:00:44.5733363Z   [32m  ✓[0m[90m Access Endpoints SAML 2.0 Identity Provider Metadata link[0m[90m (1632ms)[0m
Admin UI E2E (1, chrome)	Run Cypress	2024-11-14T01:00:47.3737643Z   [32m  ✓[0m[90m Verify 'Revert' button works[0m[90m (2154ms)[0m
Admin UI E2E (1, chrome)	Run Cypress	2024-11-14T01:00:47.3747853Z 
Admin UI E2E (1, chrome)	Run Cypress	2024-11-14T01:00:47.4063823Z 
Admin UI E2E (1, chrome)	Run Cypress	2024-11-14T01:00:47.4065088Z [92m [0m[32m 15 passing[0m[90m (3m)[0m
Admin UI E2E (1, chrome)	Run Cypress	2024-11-14T01:00:47.4065856Z [31m  1 failing[0m
Admin UI E2E (1, chrome)	Run Cypress	2024-11-14T01:00:47.4066161Z 
Admin UI E2E (1, chrome)	Run Cypress	2024-11-14T01:00:47.4066521Z [0m  1) Realm settings general tab tests
Admin UI E2E (1, chrome)	Run Cypress	2024-11-14T01:00:47.4067424Z        Test all general tab switches:
Admin UI E2E (1, chrome)	Run Cypress	2024-11-14T01:00:47.4068909Z [0m[31m     AssertionError: Timed out retrying after 30000ms: Unable to find an element by: [data-testid="last-alert"]
Admin UI E2E (1, chrome)	Run Cypress	2024-11-14T01:00:47.4069864Z 
Admin UI E2E (1, chrome)	Run Cypress	2024-11-14T01:00:47.4136565Z Ignored nodes: comments, script, style
Admin UI E2E (1, chrome)	Run Cypress	2024-11-14T01:00:47.4138219Z <html
Admin UI E2E (1, chrome)	Run Cypress	2024-11-14T01:00:47.4139561Z   lang="en"
Admin UI E2E (1, chrome)	Run Cypress	2024-11-14T01:00:47.4141129Z >
Admin UI E2E (1, chrome)	Run Cypress	2024-11-14T01:00:47.4141565Z   <head>
Admin UI E2E (1, chrome)	Run Cypress	2024-11-14T01:00:47.4144222Z      
Admin UI E2E (1, chrome)	Run Cypress	2024-11-14T01:00:47.4147978Z     
Admin UI E2E (1, chrome)	Run Cypress	2024-11-14T01:00:47.4151349Z     
Admin UI E2E (1, chrome)	Run Cypress	2024-11-14T01:00:47.4154674Z     <meta
Admin UI E2E (1, chrome)	Run Cypress	2024-11-14T01:00:47.4158233Z       charset="utf-8"
Admin UI E2E (1, chrome)	Run Cypress	2024-11-14T01:00:47.4161729Z     />
Admin UI E2E (1, chrome)	Run Cypress	2024-11-14T01:00:47.4165041Z     
Admin UI E2E (1, chrome)	Run Cypress	2024-11-14T01:00:47.4168360Z     
Admin UI E2E (1, chrome)	Run Cypress	2024-11-14T01:00:47.4171687Z     <base
Admin UI E2E (1, chrome)	Run Cypress	2024-11-14T01:00:47.4175188Z       href="/resources/adqsl/admin/keycloak.v2/"
Admin UI E2E (1, chrome)	Run Cypress	2024-11-14T01:00:47.4178756Z     />
Admin UI E2E (1, chrome)	Run Cypress	2024-11-14T01:00:47.4182055Z     
Admin UI E2E (1, chrome)	Run Cypress	2024-11-14T01:00:47.4185347Z     
Admin UI E2E (1, chrome)	Run Cypress	2024-11-14T01:00:47.4191898Z     <link
Admin UI E2E (1, chrome)	Run Cypress	2024-11-14T01:00:47.4195826Z       href="/resources/adqsl/admin/keycloak.v2/favicon.svg"
Admin UI E2E (1, chrome)	Run Cypress	2024-11-14T01:00:47.4199548Z       rel="icon"
Admin UI E2E (1, chrome)	Run Cypress	2024-11-14T01:00:47.4203052Z       type="image/svg+xml"
Admin UI E2E (1, chrome)	Run Cypress	2024-11-14T01:00:47.4206525Z     />
Admin UI E2E (1, chrome)	Run Cypress	2024-11-14T01:00:47.4209892Z     
Admin UI E2E (1, chrome)	Run Cypress	2024-11-14T01:00:47.4215848Z     
Admin UI E2E (1, chrome)	Run Cypress	2024-11-14T01:00:47.4217322Z     <meta
Admin UI E2E (1, chrome)	Run Cypress	2024-11-14T01:00:47.4219255Z       content="width=device-width, initial-scale=1"
Admin UI E2E (1, chrome)	Run Cypress	2024-11-14T01:00:47.4221042Z       name="viewport"
Admin UI E2E (1, chrome)	Run Cypress	2024-11-14T01:00:47.4222581Z     />
Admin UI E2E (1, chrome)	Run Cypress	2024-11-14T01:00:47.4224024Z     
Admin UI E2E (1, chrome)	Run Cypress	2024-11-14T01:00:47.4225477Z     
Admin UI E2E (1, chrome)	Run Cypress	2024-11-14T01:00:47.4226952Z     <meta
Admin UI E2E (1, chrome)	Run Cypress	2024-11-14T01:00:47.4227902Z       content="light dark"
Admin UI E2E (1, chrome)	Run Cypress	2024-11-14T01:00:47.4228797Z       name="color-scheme"
Admin UI E2E (1, chrome)	Run Cypress	2024-11-14T01:00:47.4229317Z     />
Admin UI E2E (1, chrome)	Run Cypress	2024-11-14T01:00:47.4232043Z     
Admin UI E2E (1, chrome)	Run Cypress	2024-11-14T01:00:47.4235402Z     
Admin UI E2E (1, chrome)	Run Cypress	2024-11-14T01:00:47.4238752Z     <meta
Admin UI E2E (1, chrome)	Run Cypress	2024-11-14T01:00:47.4242852Z       content="The Keycloak Administration Console is a web-based interface for managing Keycloak."
Admin UI E2E (1, chrome)	Run Cypress	2024-11-14T01:00:47.4246914Z       name="description"
Admin UI E2E (1, chrome)	Run Cypress	2024-11-14T01:00:47.4250830Z     />
Admin UI E2E (1, chrome)	Run Cypress	2024-11-14T01:00:47.4254201Z     
Admin UI E2E (1, chrome)	Run Cypress	2024-11-14T01:00:47.4257521Z     
Admin UI E2E (1, chrome)	Run Cypress	2024-11-14T01:00:47.4259782Z     <title>
Admin UI E2E (1, chrome)	Run Cypress	2024-11-14T01:00:47.4260572Z       Keycloak Administration Console
Admin UI E2E (1, chrome)	Run Cypress	2024-11-14T01:00:47.4261394Z     </title>
Admin UI E2E (1, chrome)	Run Cypress	2024-11-14T01:00:47.4261966Z     
Admin UI E2E (1, chrome)	Run Cypress	2024-11-14T01:00:47.4262496Z     
Admin UI E2E (1, chrome)	Run Cypress	2024-11-14T01:00:47.4263033Z     
Admin UI E2E (1, chrome)	Run Cypress	2024-11-14T01:00:47.4263562Z     
Admin UI E2E (1, chrome)	Run Cypress	2024-11-14T01:00:47.4264061Z     
Admin UI E2E (1, chrome)	Run Cypress	2024-11-14T01:00:47.4264580Z       
Admin UI E2E (1, chrome)	Run Cypress	2024-11-14T01:00:47.4265108Z     
Admin UI E2E (1, chrome)	Run Cypress	2024-11-14T01:00:47.4265643Z         
Admin UI E2E (1, chrome)	Run Cypress	2024-11-14T01:00:47.4266187Z     <link
Admin UI E2E (1, chrome)	Run Cypress	2024-11-14T01:00:47.4267363Z       href="/resources/adqsl/admin/keycloak.v2/assets/main-wMKQVhxG.css"
Admin UI E2E (1, chrome)	Run Cypress	2024-11-14T01:00:47.4273753Z       rel="stylesheet"
Admin UI E2E (1, chrome)	Run Cypress	2024-11-14T01:00:47.4274190Z     />
Admin UI E2E (1, chrome)	Run Cypress	2024-11-14T01:00:47.4274514Z     
Admin UI E2E (1, chrome)	Run Cypress	2024-11-14T01:00:47.4274825Z       
Admin UI E2E (1, chrome)	Run Cypress	2024-11-14T01:00:47.4275148Z     
Admin UI E2E (1, chrome)	Run Cypress	2024-11-14T01:00:47.4275460Z   
Admin UI E2E (1, chrome)	Run Cypress	2024-11-14T01:00:47.4275780Z     <link
Admin UI E2E (1, chrome)	Run Cypress	2024-11-14T01:00:47.4276136Z       crossorigin=""
Admin UI E2E (1, chrome)	Run Cypress	2024-11-14T01:00:47.4277348Z       href="http://localhost:8080/resources/adqsl/admin/keycloak.v2/assets/CodeEditor-vnn8gnex.css"
Admin UI E2E (1, chrome)	Run Cypress	2024-11-14T01:00:47.4278330Z       rel="stylesheet"
Admin UI E2E (1, chrome)	Run Cypress	2024-11-14T01:00:47.4278730Z     />
Admin UI E2E (1, chrome)	Run Cypress	2024-11-14T01:00:47.4279052Z     <link
Admin UI E2E (1, chrome)	Run Cypress	2024-11-14T01:00:47.4279401Z       crossorigin=""
Admin UI E2E (1, chrome)	Run Cypress	2024-11-14T01:00:47.4280558Z       href="http://localhost:8080/resources/adqsl/admin/keycloak.v2/assets/DataListItemRow-0rnekGZx.css"
Admin UI E2E (1, chrome)	Run Cypress	2024-11-14T01:00:47.4281587Z       rel="stylesheet"
Admin UI E2E (1, chrome)	Run Cypress	2024-11-14T01:00:47.4281980Z     />
Admin UI E2E (1, chrome)	Run Cypress	2024-11-14T01:00:47.4282302Z     <link
Admin UI E2E (1, chrome)	Run Cypress	2024-11-14T01:00:47.4282638Z       crossorigin=""
Admin UI E2E (1, chrome)	Run Cypress	2024-11-14T01:00:47.4283784Z       href="http://localhost:8080/resources/adqsl/admin/keycloak.v2/assets/GroupPickerDialog-Dl_Lyzxi.css"
Admin UI E2E (1, chrome)	Run Cypress	2024-11-14T01:00:47.4300624Z       rel="stylesheet"
Admin UI E2E (1, chrome)	Run Cypress	2024-11-14T01:00:47.4301132Z     />
Admin UI E2E (1, chrome)	Run Cypress	2024-11-14T01:00:47.4301579Z     <link
Admin UI E2E (1, chrome)	Run Cypress	2024-11-14T01:00:47.4301983Z       crossorigin=""
Admin UI E2E (1, chrome)	Run Cypress	2024-11-14T01:00:47.4303209Z       href="http://localhost:8080/resources/adqsl/admin/keycloak.v2/assets/KeySelect-BJe01BGx.css"
Admin UI E2E (1, chrome)	Run Cypress	2024-11-14T01:00:47.4304279Z       rel="stylesheet"
Admin UI E2E (1, chrome)	Run Cypress	2024-11-14T01:00:47.4304745Z     />
Admin UI E2E (1, chrome)	Run Cypress	2024-11-14T01:00:47.4305124Z     <link
Admin UI E2E (1, chrome)	Run Cypress	2024-11-14T01:00:47.4305525Z       crossorigin=""
Admin UI E2E (1, chrome)	Run Cypress	2024-11-14T01:00:47.4306887Z       href="http://localhost:8080/resources/adqsl/admin/keycloak.v2/assets/AddRoleMappingModal-Cz6tDcfR.css"
Admin UI E2E (1, chrome)	Run Cypress	2024-11-14T01:00:47.4308371Z       rel="stylesheet"
Admin UI E2E (1, chrome)	Run Cypress	2024-11-14T01:00:47.4308827Z     />
Admin UI E2E (1, chrome)	Run Cypress	2024-11-14T01:00:47.4309177Z     <link
Admin UI E2E (1, chrome)	Run Cypress	2024-11-14T01:00:47.4309543Z       crossorigin=""
Admin UI E2E (1, chrome)	Run Cypress	2024-11-14T01:00:47.4311290Z       href="http://localhost:8080/resources/adqsl/admin/keycloak.v2/assets/DynamicComponents-DniN0CZn.css"
Admin UI E2E (1, chrome)	Run Cypress	2024-11-14T01:00:47.4315521Z       rel="stylesheet"
Admin UI E2E (1, chrome)	Run Cypress	2024-11-14T01:00:47.4315990Z     />
Admin UI E2E (1, chrome)	Run Cypress	2024-11-14T01:00:47.4316408Z     <link
Admin UI E2E (1, chrome)	Run Cypress	2024-11-14T01:00:47.4316794Z       crossorigin=""
Admin UI E2E (1, chrome)	Run Cypress	2024-11-14T01:00:47.4317927Z       href="http://localhost:8080/resources/adqsl/admin/keycloak.v2/assets/Tabs-ViNVmBYo.css"
Admin UI E2E (1, chrome)	Run Cypress	2024-11-14T01:00:47.4318937Z       rel="stylesheet"
Admin UI E2E (1, chrome)	Run Cypress	2024-11-14T01:00:47.4319800Z     />
Admin UI E2E (1, chrome)	Run Cypress	2024-11-14T01:00:47.4320184Z     <link
Admin UI E2E (1, chrome)	Run Cypress	2024-11-14T01:00:47.4320591Z       crossorigin=""
Admin UI E2E (1, chrome)	Run Cypress	2024-11-14T01:00:47.4321871Z       href="http://localhost:8080/resources/adqsl/admin/keycloak.v2/assets/ExpandableSection-Bbwii8N8.css"
Admin UI E2E (1, chrome)	Run Cypress	2024-11-14T01:00:47.4323250Z       rel="stylesheet"
Admin UI E2E (1, chrome)	Run Cypress	2024-11-14T01:00:47.4323725Z     />
Admin UI E2E (1, chrome)	Run Cypress	2024-11-14T01:00:47.4324098Z     <link
Admin UI E2E (1, chrome)	Run Cypress	2024-11-14T01:00:47.4324476Z       crossorigin=""
Admin UI E2E (1, chrome)	Run Cypress	2024-11-14T01:00:47.4325901Z       href="http://localhost:8080/resources/adqsl/admin/keycloak.v2/assets/DescriptionListTerm-DesQLGah.css"
Admin UI E2E (1, chrome)	Run Cypress	2024-11-14T01:00:47.4327050Z       rel="stylesheet"
Admin UI E2E (1, chrome)	Run Cypress	2024-11-14T01:00:47.4327492Z     />
Admin UI E2E (1, chrome)	Run Cypress	2024-11-14T01:00:47.4327847Z     <link
Admin UI E2E (1, chrome)	Run Cypress	2024-11-14T01:00:47.4328225Z       crossorigin=""
Admin UI E2E (1, chrome)	Run Cypress	2024-11-14T01:00:47.4329385Z       href="http://localhost:8080/resources/adqsl/admin/keycloak.v2/assets/Dashboard-D322USTx.css"
Admin UI E2E (1, chrome)	Run Cypress	2024-11-14T01:00:47.4330439Z       rel="stylesheet"
Admin UI E2E (1, chrome)	Run Cypress	2024-11-14T01:00:47.4330879Z     />
Admin UI E2E (1, chrome)	Run Cypress	2024-11-14T01:00:47.4331234Z     <link
Admin UI E2E (1, chrome)	Run Cypress	2024-11-14T01:00:47.4331643Z       crossorigin=""
Admin UI E2E (1, chrome)	Run Cypress	2024-11-14T01:00:47.4333108Z       href="http://localhost:8080/resources/adqsl/admin/keycloak.v2/assets/ViewHeader-BI0nMf5o.css"
Admin UI E2E (1, chrome)	Run Cypress	2024-11-14T01:00:47.4334228Z       rel="stylesheet"
Admin UI E2E (1, chrome)	Run Cypress	2024-11-14T01:00:47.4334733Z     />
Admin UI E2E (1, chrome)	Run Cypress	2024-11-14T01:00:47.4335102Z     <link
Admin UI E2E (1, chrome)	Run Cypress	2024-11-14T01:00:47.4335478Z       crossorigin=""
Admin UI E2E (1, chrome)	Run Cypress	2024-11-14T01:00:47.4336764Z       href="http://localhost:8080/resources/adqsl/admin/keycloak.v2/assets/FormAccess-DVHJguuf.css"
Admin UI E2E (1, chrome)	Run Cypress	2024-11-14T01:00:47.4337831Z       rel="stylesheet"
Admin UI E2E (1, chrome)	Run Cypress	2024-11-14T01:00:47.4338269Z     />
Admin UI E2E (1, chrome)	Run Cypress	2024-11-14T01:00:47.4338608Z     <link
Admin UI E2E (1, chrome)	Run Cypress	2024-11-14T01:00:47.4338983Z       crossorigin=""
Admin UI E2E (1, chrome)	Run Cypress	2024-11-14T01:00:47.4340194Z       href="http://localhost:8080/resources/adqsl/admin/keycloak.v2/assets/DropdownPanel-Dur9M3jN.css"
Admin UI E2E (1, chrome)	Run Cypress	2024-11-14T01:00:47.4341292Z       rel="stylesheet"
Admin UI E2E (1, chrome)	Run Cypress	2024-11-14T01:00:47.4341735Z     />
Admin UI E2E (1, chrome)	Run Cypress	2024-11-14T01:00:47.4342091Z     <link
Admin UI E2E (1, chrome)	Run Cypress	2024-11-14T01:00:47.4342472Z       crossorigin=""
Admin UI E2E (1, chrome)	Run Cypress	2024-11-14T01:00:47.4343762Z       href="http://localhost:8080/resources/adqsl/admin/keycloak.v2/assets/RealmSettingsSection-p83T4jkl.css"
Admin UI E2E (1, chrome)	Run Cypress	2024-11-14T01:00:47.4344924Z       rel="stylesheet"
Admin UI E2E (1, chrome)	Run Cypress	2024-11-14T01:00:47.4345359Z     />
Admin UI E2E (1, chrome)	Run Cypress	2024-11-14T01:00:47.4345735Z     <link
Admin UI E2E (1, chrome)	Run Cypress	2024-11-14T01:00:47.4346127Z       crossorigin=""
Admin UI E2E (1, chrome)	Run Cypress	2024-11-14T01:00:47.4347764Z       href="http://localhost:8080/resources/adqsl/admin/keycloak.v2/assets/realm-settings-section-CanJfOWk.css"
Admin UI E2E (1, chrome)	Run Cypress	2024-11-14T01:00:47.4350366Z       rel="stylesheet"
Admin UI E2E (1, chrome)	Run Cypress	2024-11-14T01:00:47.4350829Z     />
Admin UI E2E (1, chrome)	Run Cypress	2024-11-14T01:00:47.4351191Z   </head>
Admin UI E2E (1, chrome)	Run Cypress	2024-11-14T01:00:47.4351562Z   
Admin UI E2E (1, chrome)	Run Cypress	2024-11-14T01:00:47.4351913Z   
Admin UI E2E (1, chrome)	Run Cypress	2024-11-14T01:00:47.4352260Z   <body
Admin UI E2E (1, chrome)	Run Cypress	2024-11-14T01:00:47.4352605Z     class=""
Admin UI E2E (1, chrome)	Run Cypress	2024-11-14T01:00:47.4352967Z   >
Admin UI E2E (1, chrome)	Run Cypress	2024-11-14T01:00:47.4353313Z     
Admin UI E2E (1, chrome)	Run Cypress	2024-11-14T01:00:47.4353661Z     
Admin UI E2E (1, chrome)	Run Cypress	2024-11-14T01:00:47.4354006Z     <div
Admin UI E2E (1, chrome)	Run Cypress	2024-11-14T01:00:47.4354342Z       id="app"
Admin UI E2E (1, chrome)	Run Cypress	2024-11-14T01:00:47.4354702Z     >
Admin UI E2E (1, chrome)	Run Cypress	2024-11-14T01:00:47.4355035Z       <div
Admin UI E2E (1, chrome)	Run Cypress	2024-11-14T01:00:47.4355619Z         class="pf-v5-c-banner pf-m-gold pf-m-sticky"
Admin UI E2E (1, chrome)	Run Cypress	2024-11-14T01:00:47.4356280Z       >
Admin UI E2E (1, chrome)	Run Cypress	2024-11-14T01:00:47.4356677Z         <span
Admin UI E2E (1, chrome)	Run Cypress	2024-11-14T01:00:47.4357295Z           class="pf-v5-screen-reader"
Admin UI E2E (1, chrome)	Run Cypress	2024-11-14T01:00:47.4357869Z         >
Admin UI E2E (1, chrome)	Run Cypress	2024-11-14T01:00:47.4359113Z           You are logged in as a temporary admin user. To harden security, create a permanent admin account and delete the temporary one.
Admin UI E2E (1, chrome)	Run Cypress	2024-11-14T01:00:47.4360373Z         </span>
Admin UI E2E (1, chrome)	Run Cypress	2024-11-14T01:00:47.4360783Z         <div
Admin UI E2E (1, chrome)	Run Cypress	2024-11-14T01:00:47.4361517Z           class="pf-v5-l-flex pf-m-space-items-sm pf-m-wrap"
Admin UI E2E (1, chrome)	Run Cypress	2024-11-14T01:00:47.4362226Z         >
Admin UI E2E (1, chrome)	Run Cypress	2024-11-14T01:00:47.4362678Z           <div
Admin UI E2E (1, chrome)	Run Cypress	2024-11-14T01:00:47.4363084Z             class=""
Admin UI E2E (1, chrome)	Run Cypress	2024-11-14T01:00:47.4363730Z             style="white-space: normal;"
Admin UI E2E (1, chrome)	Run Cypress	2024-11-14T01:00:47.4364303Z           >
Admin UI E2E (1, chrome)	Run Cypress	2024-11-14T01:00:47.4364679Z             <svg
Admin UI E2E (1, chrome)	Run Cypress	2024-11-14T01:00:47.4365214Z               aria-hidden="true"
Admin UI E2E (1, chrome)	Run Cypress	2024-11-14T01:00:47.4365869Z               class="pf-v5-svg"
Admin UI E2E (1, chrome)	Run Cypress	2024-11-14T01:00:47.4366467Z               fill="currentColor"
Admin UI E2E (1, chrome)	Run Cypress	2024-11-14T01:00:47.4367018Z               height="1em"
Admin UI E2E (1, chrome)	Run Cypress	2024-11-14T01:00:47.4367880Z               role="img"
Admin UI E2E (1, chrome)	Run Cypress	2024-11-14T01:00:47.4368544Z               style="margin-right: 0.3rem;"
Admin UI E2E (1, chrome)	Run Cypress	2024-11-14T01:00:47.4369213Z               viewBox="0 0 576 512"
Admin UI E2E (1, chrome)	Run Cypress	2024-11-14T01:00:47.4369765Z               width="1em"
Admin UI E2E (1, chrome)	Run Cypress	2024-11-14T01:00:47.4370216Z             >
Admin UI E2E (1, chrome)	Run Cypress	2024-11-14T01:00:47.4370651Z               <path
Admin UI E2E (1, chrome)	Run Cypress	2024-11-14T01:00:47.4374926Z                 d="M569.517 440.013C587.975 472.007 564.806 512 527.94 512H48.054c-36.937 0-59.999-40.055-41.577-71.987L246.423 23.985c18.467-32.009 64.72-31.951 83.154 0l239.94 416.028zM288 354c-25.405 0-46 20.595-46 46s20.595 46 46 46 46-20.595 46-46-20.595-46-46-46zm-43.673-165.346l7.418 136c.347 6.364 5.609 11.346 11.982 11.346h48.546c6.373 0 11.635-4.982 11.982-11.346l7.418-136c.375-6.874-5.098-12.654-11.982-12.654h-63.383c-6.884 0-12.356 5.78-11.981 12.654z"
Admin UI E2E (1, chrome)	Run Cypress	2024-11-14T01:00:47.4378261Z               />
Admin UI E2E (1, chrome)	Run Cypress	2024-11-14T01:00:47.4378692Z             </svg>
Admin UI E2E (1, chrome)	Run Cypress	2024-11-14T01:00:47.4380048Z             You are logged in as a temporary admin user. To harden security, create a permanent admin account and delete the temporary one.
Admin UI E2E (1, chrome)	Run Cypress	2024-11-14T01:00:47.4381684Z           </div>
Admin UI E2E (1, chrome)	Run Cypress	2024-11-14T01:00:47.4382127Z         </div>
Admin UI E2E (1, chrome)	Run Cypress	2024-11-14T01:00:47.4382511Z       </div>
Admin UI E2E (1, chrome)	Run Cypress	2024-11-14T01:00:47.4382893Z       <div
Admin UI E2E (1, chrome)	Run Cypress	2024-11-14T01:00:47.4384007Z         class="pf-v5-c-page pf-m-resize-observer pf-m-breakpoint-2xl pf-m-height-breakpoint-2xl"
Admin UI E2E (1, chrome)	Run Cypress	2024-11-14T01:00:47.4385181Z       >
Admin UI E2E (1, chrome)	Run Cypress	2024-11-14T01:00:47.4385564Z         <header
Admin UI E2E (1, chrome)	Run Cypress	2024-11-14T01:00:47.4386248Z           class="pf-v5-c-masthead pf-m-display-inline"
Admin UI E2E (1, chrome)	Run Cypress	2024-11-14T01:00:47.4386895Z         >
Admin UI E2E (1, chrome)	Run Cypress	2024-11-14T01:00:47.4387525Z           <span
Admin UI E2E (1, chrome)	Run Cypress	2024-11-14T01:00:47.4388091Z             class="pf-v5-c-masthead__toggle"
Admin UI E2E (1, chrome)	Run Cypress	2024-11-14T01:00:47.4388629Z           >
Admin UI E2E (1, chrome)	Run Cypress	2024-11-14T01:00:47.4388981Z             <button
Admin UI E2E (1, chrome)	Run Cypress	2024-11-14T01:00:47.4389481Z               aria-disabled="false"
Admin UI E2E (1, chrome)	Run Cypress	2024-11-14T01:00:47.4390089Z               aria-expanded="true"
Admin UI E2E (1, chrome)	Run Cypress	2024-11-14T01:00:47.4390691Z               aria-label="navigation"
Admin UI E2E (1, chrome)	Run Cypress	2024-11-14T01:00:47.4391444Z               class="pf-v5-c-button pf-m-plain"
Admin UI E2E (1, chrome)	Run Cypress	2024-11-14T01:00:47.4392436Z               data-ouia-component-id="OUIA-Generated-Button-plain-1"
Admin UI E2E (1, chrome)	Run Cypress	2024-11-14T01:00:47.4393424Z               data-ouia-component-type="PF5/Button"
Admin UI E2E (1, chrome)	Run Cypress	2024-11-14T01:00:47.4394201Z               data-ouia-safe="true"
Admin UI E2E (1, chrome)	Run Cypress	2024-11-14T01:00:47.4394854Z               id="nav-toggle"
Admin UI E2E (1, chrome)	Run Cypress	2024-11-14T01:00:47.4395363Z               type="button"
Admin UI E2E (1, chrome)	Run Cypress	2024-11-14T01:00:47.4395821Z             >
Admin UI E2E (1, chrome)	Run Cypress	2024-11-14T01:00:47.4396197Z               <svg
Admin UI E2E (1, chrome)	Run Cypress	2024-11-14T01:00:47.4396752Z                 aria-hidden="true"
Admin UI E2E (1, chrome)	Run Cypress	2024-11-14T01:00:47.4397420Z                 class="pf-v5-svg"
Admin UI E2E (1, chrome)	Run Cypress	2024-11-14T01:00:47.4397997Z                 fill="currentColor"
Admin UI E2E (1, chrome)	Run Cypress	2024-11-14T01:00:47.4398554Z                 height="1em"
Admin UI E2E (1, chrome)	Run Cypress	2024-11-14T01:00:47.4399032Z                 role="img"
Admin UI E2E (1, chrome)	Run Cypress	2024-11-14T01:00:47.4399542Z                 viewBox="0 0 448 512"
Admin UI E2E (1, chrome)	Run Cypress	2024-11-14T01:00:47.4400072Z                 width="1em"
Admin UI E2E (1, chrome)	Run Cypress	2024-11-14T01:00:47.4400519Z               >
Admin UI E2E (1, chrome)	Run Cypress	2024-11-14T01:00:47.4400907Z                 <path
Admin UI E2E (1, chrome)	Run Cypress	2024-11-14T01:00:47.4404171Z                   d="M16 132h416c8.837 0 16-7.163 16-16V76c0-8.837-7.163-16-16-16H16C7.163 60 0 67.163 0 76v40c0 8.837 7.163 16 16 16zm0 160h416c8.837 0 16-7.163 16-16v-40c0-8.837-7.163-16-16-16H16c-8.837 0-16 7.163-16 16v40c0 8.837 7.163 16 16 16zm0 160h416c8.837 0 16-7.163 16-16v-40c0-8.837-7.163-16-16-16H16c-8.837 0-16 7.163-16 16v40c0 8.837 7.163 16 16 16z"
Admin UI E2E (1, chrome)	Run Cypress	2024-11-14T01:00:47.4409038Z                 />
Admin UI E2E (1, chrome)	Run Cypress	2024-11-14T01:00:47.4409461Z               </svg>
Admin UI E2E (1, chrome)	Run Cypress	2024-11-14T01:00:47.4409877Z             </button>
Admin UI E2E (1, chrome)	Run Cypress	2024-11-14T01:00:47.4410293Z           </span>
Admin UI E2E (1, chrome)	Run Cypress	2024-11-14T01:00:47.4410678Z           <a
Admin UI E2E (1, chrome)	Run Cypress	2024-11-14T01:00:47.4411252Z             class="pf-v5-c-masthead__brand"
Admin UI E2E (1, chrome)	Run Cypress	2024-11-14T01:00:47.4412529Z             href="http://localhost:8080/admin/master/console/#/Realm_b76b9ae1-a99a-43d5-b991-ac5f1f9814b0"
Admin UI E2E (1, chrome)	Run Cypress	2024-11-14T01:00:47.4413515Z             tabindex="0"
Admin UI E2E (1, chrome)	Run Cypress	2024-11-14T01:00:47.4413942Z           >
Admin UI E2E (1, chrome)	Run Cypress	2024-11-14T01:00:47.4414291Z             <img
Admin UI E2E (1, chrome)	Run Cypress	2024-11-14T01:00:47.4414685Z               alt="Logo"
Admin UI E2E (1, chrome)	Run Cypress	2024-11-14T01:00:47.4415543Z               aria-label="Logo"
Admin UI E2E (1, chrome)	Run Cypress	2024-11-14T01:00:47.4416146Z               class="keycloak__pageheader_brand"
Admin UI E2E (1, chrome)	Run Cypress	2024-11-14T01:00:47.4416838Z               id="masthead-logo"
Admin UI E2E (1, chrome)	Run Cypress	2024-11-14T01:00:47.4417503Z               src="/resources/adqsl/admin/keycloak.v2/logo.svg"
Admin UI E2E (1, chrome)	Run Cypress	2024-11-14T01:00:47.4418145Z             />
Admin UI E2E (1, chrome)	Run Cypress	2024-11-14T01:00:47.4418518Z           </a>
Admin UI E2E (1, chrome)	Run Cypress	2024-11-14T01:00:47.4418886Z           <div
Admin UI E2E (1, chrome)	Run Cypress	2024-11-14T01:00:47.4419428Z             class="pf-v5-c-masthead__content"
Admin UI E2E (1, chrome)	Run Cypress	2024-11-14T01:00:47.4419990Z           >
Admin UI E2E (1, chrome)	Run Cypress	2024-11-14T01:00:47.4420347Z             <div
Admin UI E2E (1, chrome)	Run Cypress	2024-11-14T01:00:47.4420866Z               class="pf-v5-c-toolbar"
Admin UI E2E (1, chrome)	Run Cypress	2024-11-14T01:00:47.4421688Z               data-ouia-component-id="OUIA-Generated-Toolbar-1"
Admin UI E2E (1, chrome)	Run Cypress	2024-11-14T01:00:47.4422580Z               data-ouia-component-type="PF5/Toolbar"
Admin UI E2E (1, chrome)	Run Cypress	2024-11-14T01:00:47.4423220Z         ...[0m[90m
Admin UI E2E (1, chrome)	Run Cypress	2024-11-14T01:00:47.4424645Z       at Masthead.checkNotificationMessage (webpack://@keycloak/keycloak-admin-ui/./cypress/support/pages/admin-ui/Masthead.ts:87:0)
Admin UI E2E (1, chrome)	Run Cypress	2024-11-14T01:00:47.4426936Z       at Context.eval (webpack://@keycloak/keycloak-admin-ui/./cypress/e2e/realm_settings_general_tab_test.spec.ts:45:0)
Admin UI E2E (1, chrome)	Run Cypress	2024-11-14T01:00:47.4428442Z [0m
Admin UI E2E (1, chrome)	Run Cypress	2024-11-14T01:00:47.4428660Z 
Admin UI E2E (1, chrome)	Run Cypress	2024-11-14T01:00:47.4428672Z 
Admin UI E2E (1, chrome)	Run Cypress	2024-11-14T01:00:48.4918472Z 
Admin UI E2E (1, chrome)	Run Cypress	2024-11-14T01:00:48.4920365Z [31m  ([4m[1mResults[22m[24m)[39m
Admin UI E2E (1, chrome)	Run Cypress	2024-11-14T01:00:48.4926131Z 
Admin UI E2E (1, chrome)	Run Cypress	2024-11-14T01:00:48.4942961Z [90m  ┌[39m[90m─[39m[90m─[39m[90m─[39m[90m─[39m[90m─[39m[90m─[39m[90m─[39m[90m─[39m[90m─[39m[90m─[39m[90m─[39m[90m─[39m[90m─[39m[90m─[39m[90m─[39m[90m─[39m[90m─[39m[90m─[39m[90m─[39m[90m─[39m[90m─[39m[90m─[39m[90m─[39m[90m─[39m[90m─[39m[90m─[39m[90m─[39m[90m─[39m[90m─[39m[90m─[39m[90m─[39m[90m─[39m[90m─[39m[90m─[39m[90m─[39m[90m─[39m[90m─[39m[90m─[39m[90m─[39m[90m─[39m[90m─[39m[90m─[39m[90m─[39m[90m─[39m[90m─[39m[90m─[39m[90m─[39m[90m─[39m[90m─[39m[90m─[39m[90m─[39m[90m─[39m[90m─[39m[90m─[39m[90m─[39m[90m─[39m[90m─[39m[90m─[39m[90m─[39m[90m─[39m[90m─[39m[90m─[39m[90m─[39m[90m─[39m[90m─[39m[90m─[39m[90m─[39m[90m─[39m[90m─[39m[90m─[39m[90m─[39m[90m─[39m[90m─[39m[90m─[39m[90m─[39m[90m─[39m[90m─[39m[90m─[39m[90m─[39m[90m─[39m[90m─[39m[90m─[39m[90m─[39m[90m─[39m[90m─[39m[90m─[39m[90m─[39m[90m─[39m[90m─[39m[90m─[39m[90m─[39m[90m─[39m[90m─[39m[90m─[39m[90m─[39m[90m─[39m[90m┐[39m
Admin UI E2E (1, chrome)	Run Cypress	2024-11-14T01:00:48.4950368Z [90m  │[39m [90mTests:[39m        [31m16[39m                                                                               [90m│[39m
Admin UI E2E (1, chrome)	Run Cypress	2024-11-14T01:00:48.4952024Z [90m  │[39m [90mPassing:[39m      [31m15[39m                                                                               [90m│[39m
Admin UI E2E (1, chrome)	Run Cypress	2024-11-14T01:00:48.4953056Z [90m  │[39m [90mFailing:[39m      [31m1[39m                                                                                [90m│[39m
Admin UI E2E (1, chrome)	Run Cypress	2024-11-14T01:00:48.4954011Z [90m  │[39m [90mPending:[39m      [31m0[39m                                                                                [90m│[39m
Admin UI E2E (1, chrome)	Run Cypress	2024-11-14T01:00:48.4954947Z [90m  │[39m [90mSkipped:[39m      [31m0[39m                                                                                [90m│[39m
Admin UI E2E (1, chrome)	Run Cypress	2024-11-14T01:00:48.4956184Z [90m  │[39m [90mScreenshots:[39m  [31m4[39m                                                                                [90m│[39m
Admin UI E2E (1, chrome)	Run Cypress	2024-11-14T01:00:48.4957415Z [90m  │[39m [90mVideo:[39m        [31mtrue[39m                                                                             [90m│[39m
Admin UI E2E (1, chrome)	Run Cypress	2024-11-14T01:00:48.4958495Z [90m  │[39m [90mDuration:[39m     [31m2 minutes, 52 seconds[39m                                                            [90m│[39m
Admin UI E2E (1, chrome)	Run Cypress	2024-11-14T01:00:48.4959728Z [90m  │[39m [90mSpec Ran:[39m     [31m[31mrealm_settings_general_tab_test.spec.ts[31m[39m                                          [90m│[39m
Admin UI E2E (1, chrome)	Run Cypress	2024-11-14T01:00:48.4966451Z [90m  └[39m[90m─[39m[90m─[39m[90m─[39m[90m─[39m[90m─[39m[90m─[39m[90m─[39m[90m─[39m[90m─[39m[90m─[39m[90m─[39m[90m─[39m[90m─[39m[90m─[39m[90m─[39m[90m─[39m[90m─[39m[90m─[39m[90m─[39m[90m─[39m[90m─[39m[90m─[39m[90m─[39m[90m─[39m[90m─[39m[90m─[39m[90m─[39m[90m─[39m[90m─[39m[90m─[39m[90m─[39m[90m─[39m[90m─[39m[90m─[39m[90m─[39m[90m─[39m[90m─[39m[90m─[39m[90m─[39m[90m─[39m[90m─[39m[90m─[39m[90m─[39m[90m─[39m[90m─[39m[90m─[39m[90m─[39m[90m─[39m[90m─[39m[90m─[39m[90m─[39m[90m─[39m[90m─[39m[90m─[39m[90m─[39m[90m─[39m[90m─[39m[90m─[39m[90m─[39m[90m─[39m[90m─[39m[90m─[39m[90m─[39m[90m─[39m[90m─[39m[90m─[39m[90m─[39m[90m─[39m[90m─[39m[90m─[39m[90m─[39m[90m─[39m[90m─[39m[90m─[39m[90m─[39m[90m─[39m[90m─[39m[90m─[39m[90m─[39m[90m─[39m[90m─[39m[90m─[39m[90m─[39m[90m─[39m[90m─[39m[90m─[39m[90m─[39m[90m─[39m[90m─[39m[90m─[39m[90m─[39m[90m─[39m[90m─[39m[90m─[39m[90m─[39m[90m─[39m[90m┘[39m
Admin UI E2E (1, chrome)	Run Cypress	2024-11-14T01:00:48.4971467Z 
Admin UI E2E (1, chrome)	Run Cypress	2024-11-14T01:00:48.4971632Z 
Admin UI E2E (1, chrome)	Run Cypress	2024-11-14T01:00:48.4972045Z [33m  ([4m[1mScreenshots[22m[24m)[39m
Admin UI E2E (1, chrome)	Run Cypress	2024-11-14T01:00:48.4972350Z 
Admin UI E2E (1, chrome)	Run Cypress	2024-11-14T01:00:48.4974224Z [90m [39m -  [0m/home/runner/work/keycloak/keycloak/js/apps/admin-ui/cypress/screenshots/realm_s[0m     [90m[90m(1280x581)[90m[39m
Admin UI E2E (1, chrome)	Run Cypress	2024-11-14T01:00:48.4976182Z [90m [39m    [0mettings_general_tab_test.spec.ts/Realm settings general tab tests -- Test all ge[0m               
Admin UI E2E (1, chrome)	Run Cypress	2024-11-14T01:00:48.4977242Z [90m [39m    [0mneral tab switches (failed).png[0m                                                                
Admin UI E2E (1, chrome)	Run Cypress	2024-11-14T01:00:48.4978828Z [90m [39m -  [0m/home/runner/work/keycloak/keycloak/js/apps/admin-ui/cypress/screenshots/realm_s[0m     [90m[90m(1280x581)[90m[39m
Admin UI E2E (1, chrome)	Run Cypress	2024-11-14T01:00:48.4980669Z [90m [39m    [0mettings_general_tab_test.spec.ts/Realm settings general tab tests -- Test all ge[0m               
Admin UI E2E (1, chrome)	Run Cypress	2024-11-14T01:00:48.4982535Z [90m [39m    [0mneral tab switches (failed) (attempt 2).png[0m                                                    
Admin UI E2E (1, chrome)	Run Cypress	2024-11-14T01:00:48.4984013Z [90m [39m -  [0m/home/runner/work/keycloak/keycloak/js/apps/admin-ui/cypress/screenshots/realm_s[0m     [90m[90m(1280x581)[90m[39m
Admin UI E2E (1, chrome)	Run Cypress	2024-11-14T01:00:48.4985568Z [90m [39m    [0mettings_general_tab_test.spec.ts/Realm settings general tab tests -- Test all ge[0m               
Admin UI E2E (1, chrome)	Run Cypress	2024-11-14T01:00:48.4987536Z [90m [39m    [0mneral tab switches (failed) (attempt 3).png[0m                                                    
Admin UI E2E (1, chrome)	Run Cypress	2024-11-14T01:00:48.4989767Z [90m [39m -  [0m/home/runner/work/keycloak/keycloak/js/apps/admin-ui/cypress/screenshots/realm_s[0m     [90m[90m(1280x581)[90m[39m
Admin UI E2E (1, chrome)	Run Cypress	2024-11-14T01:00:48.4992026Z [90m [39m    [0mettings_general_tab_test.spec.ts/Realm settings general tab tests -- Test all ge[0m               
Admin UI E2E (1, chrome)	Run Cypress	2024-11-14T01:00:48.4993750Z [90m [39m    [0mneral tab switches (failed) (attempt 4).png[0m                                                    
Admin UI E2E (1, chrome)	Run Cypress	2024-11-14T01:00:48.4994520Z 
Admin UI E2E (1, chrome)	Run Cypress	2024-11-14T01:00:48.5371503Z 
Admin UI E2E (1, chrome)	Run Cypress	2024-11-14T01:00:48.5372895Z [36m  ([4m[1mVideo[22m[24m)[39m
Admin UI E2E (1, chrome)	Run Cypress	2024-11-14T01:00:48.5373894Z 
Admin UI E2E (1, chrome)	Run Cypress	2024-11-14T01:00:48.5375646Z   -  Video output: [36m/home/runner/work/keycloak/keycloak/js/apps/admin-ui/cypress/videos/realm_settings_general_tab_test.spec.ts.mp4[39m
Admin UI E2E (1, chrome)	Run Cypress	2024-11-14T01:00:48.5377119Z 
Admin UI E2E (1, chrome)	Run Cypress	2024-11-14T01:00:48.5377226Z 
Admin UI E2E (1, chrome)	Run Cypress	2024-11-14T01:00:48.5388265Z [90m─[39m[90m─[39m[90m─[39m[90m─[39m[90m─[39m[90m─[39m[90m─[39m[90m─[39m[90m─[39m[90m─[39m[90m─[39m[90m─[39m[90m─[39m[90m─[39m[90m─[39m[90m─[39m[90m─[39m[90m─[39m[90m─[39m[90m─[39m[90m─[39m[90m─[39m[90m─[39m[90m─[39m[90m─[39m[90m─[39m[90m─[39m[90m─[39m[90m─[39m[90m─[39m[90m─[39m[90m─[39m[90m─[39m[90m─[39m[90m─[39m[90m─[39m[90m─[39m[90m─[39m[90m─[39m[90m─[39m[90m─[39m[90m─[39m[90m─[39m[90m─[39m[90m─[39m[90m─[39m[90m─[39m[90m─[39m[90m─[39m[90m─[39m[90m─[39m[90m─[39m[90m─[39m[90m─[39m[90m─[39m[90m─[39m[90m─[39m[90m─[39m[90m─[39m[90m─[39m[90m─[39m[90m─[39m[90m─[39m[90m─[39m[90m─[39m[90m─[39m[90m─[39m[90m─[39m[90m─[39m[90m─[39m[90m─[39m[90m─[39m[90m─[39m[90m─[39m[90m─[39m[90m─[39m[90m─[39m[90m─[39m[90m─[39m[90m─[39m[90m─[39m[90m─[39m[90m─[39m[90m─[39m[90m─[39m[90m─[39m[90m─[39m[90m─[39m[90m─[39m[90m─[39m[90m─[39m[90m─[39m[90m─[39m[90m─[39m[90m─[39m[90m─[39m[90m─[39m[90m─[39m[90m─[39m[90m─[39m
Admin UI E2E (1, chrome)	Run Cypress	2024-11-14T01:00:48.5394306Z                                                                                                     
Admin UI E2E (1, chrome)	Run Cypress	2024-11-14T01:00:48.5395597Z   Running:  [90mclients_saml_test.spec.ts[39m                                                       [90m(8 of 8)[39m
Admin UI E2E (1, chrome)	Run Cypress	2024-11-14T01:00:52.4938850Z 
Admin UI E2E (1, chrome)	Run Cypress	2024-11-14T01:00:52.4940320Z [0m[0m
Admin UI E2E (1, chrome)	Run Cypress	2024-11-14T01:00:52.4971828Z [0m  Clients SAML tests[0m
Admin UI E2E (1, chrome)	Run Cypress	2024-11-14T01:00:52.4972791Z [0m    SAML test[0m
Admin UI E2E (1, chrome)	Run Cypress	2024-11-14T01:00:56.8418881Z     [32m  ✓[0m[90m should display the saml sections on details screen[0m[90m (4313ms)[0m
Admin UI E2E (1, chrome)	Run Cypress	2024-11-14T01:00:58.9879817Z     [32m  ✓[0m[90m should save force name id format[0m[90m (2088ms)[0m
Admin UI E2E (1, chrome)	Run Cypress	2024-11-14T01:00:58.9981705Z [0m    SAML keys tab[0m
Admin UI E2E (1, chrome)	Run Cypress	2024-11-14T01:01:01.5897151Z     [32m  ✓[0m[90m should doesn't disable signature when cancel[0m[90m (2569ms)[0m
Admin UI E2E (1, chrome)	Run Cypress	2024-11-14T01:01:04.0507000Z     [32m  ✓[0m[90m should disable client signature[0m[90m (2433ms)[0m
Admin UI E2E (1, chrome)	Run Cypress	2024-11-14T01:01:06.7510978Z     [32m  ✓[0m[90m should enable Encryption keys config[0m[90m (2656ms)[0m
Admin UI E2E (1, chrome)	Run Cypress	2024-11-14T01:01:06.7614940Z [0m    SAML settings tab[0m
Admin UI E2E (1, chrome)	Run Cypress	2024-11-14T01:01:10.4178511Z     [32m  ✓[0m[90m should check SAML capabilities[0m[90m (3634ms)[0m
Admin UI E2E (1, chrome)	Run Cypress	2024-11-14T01:01:14.8227732Z     [32m  ✓[0m[90m should check signature and encryption[0m[90m (4373ms)[0m
Admin UI E2E (1, chrome)	Run Cypress	2024-11-14T01:01:22.3955887Z     [32m  ✓[0m[90m should check access settings[0m[90m (7517ms)[0m
Admin UI E2E (1, chrome)	Run Cypress	2024-11-14T01:01:25.3724747Z     [32m  ✓[0m[90m should check login settings[0m[90m (2931ms)[0m
Admin UI E2E (1, chrome)	Run Cypress	2024-11-14T01:01:25.3730292Z 
Admin UI E2E (1, chrome)	Run Cypress	2024-11-14T01:01:25.3960765Z 
Admin UI E2E (1, chrome)	Run Cypress	2024-11-14T01:01:25.3965831Z [92m [0m[32m 9 passing[0m[90m (33s)[0m
Admin UI E2E (1, chrome)	Run Cypress	2024-11-14T01:01:25.3971012Z 
Admin UI E2E (1, chrome)	Run Cypress	2024-11-14T01:01:26.4203625Z 
Admin UI E2E (1, chrome)	Run Cypress	2024-11-14T01:01:26.4205400Z [32m  ([4m[1mResults[22m[24m)[39m
Admin UI E2E (1, chrome)	Run Cypress	2024-11-14T01:01:26.4211387Z 
Admin UI E2E (1, chrome)	Run Cypress	2024-11-14T01:01:26.4227339Z [90m  ┌[39m[90m─[39m[90m─[39m[90m─[39m[90m─[39m[90m─[39m[90m─[39m[90m─[39m[90m─[39m[90m─[39m[90m─[39m[90m─[39m[90m─[39m[90m─[39m[90m─[39m[90m─[39m[90m─[39m[90m─[39m[90m─[39m[90m─[39m[90m─[39m[90m─[39m[90m─[39m[90m─[39m[90m─[39m[90m─[39m[90m─[39m[90m─[39m[90m─[39m[90m─[39m[90m─[39m[90m─[39m[90m─[39m[90m─[39m[90m─[39m[90m─[39m[90m─[39m[90m─[39m[90m─[39m[90m─[39m[90m─[39m[90m─[39m[90m─[39m[90m─[39m[90m─[39m[90m─[39m[90m─[39m[90m─[39m[90m─[39m[90m─[39m[90m─[39m[90m─[39m[90m─[39m[90m─[39m[90m─[39m[90m─[39m[90m─[39m[90m─[39m[90m─[39m[90m─[39m[90m─[39m[90m─[39m[90m─[39m[90m─[39m[90m─[39m[90m─[39m[90m─[39m[90m─[39m[90m─[39m[90m─[39m[90m─[39m[90m─[39m[90m─[39m[90m─[39m[90m─[39m[90m─[39m[90m─[39m[90m─[39m[90m─[39m[90m─[39m[90m─[39m[90m─[39m[90m─[39m[90m─[39m[90m─[39m[90m─[39m[90m─[39m[90m─[39m[90m─[39m[90m─[39m[90m─[39m[90m─[39m[90m─[39m[90m─[39m[90m─[39m[90m─[39m[90m─[39m[90m┐[39m
Admin UI E2E (1, chrome)	Run Cypress	2024-11-14T01:01:26.4234504Z [90m  │[39m [90mTests:[39m        [32m9[39m                                                                                [90m│[39m
Admin UI E2E (1, chrome)	Run Cypress	2024-11-14T01:01:26.4236219Z [90m  │[39m [90mPassing:[39m      [32m9[39m                                                                                [90m│[39m
Admin UI E2E (1, chrome)	Run Cypress	2024-11-14T01:01:26.4237910Z [90m  │[39m [90mFailing:[39m      [32m0[39m                                                                                [90m│[39m
Admin UI E2E (1, chrome)	Run Cypress	2024-11-14T01:01:26.4239487Z [90m  │[39m [90mPending:[39m      [32m0[39m                                                                                [90m│[39m
Admin UI E2E (1, chrome)	Run Cypress	2024-11-14T01:01:26.4241602Z [90m  │[39m [90mSkipped:[39m      [32m0[39m                                                                                [90m│[39m
Admin UI E2E (1, chrome)	Run Cypress	2024-11-14T01:01:26.4243367Z [90m  │[39m [90mScreenshots:[39m  [32m0[39m                                                                                [90m│[39m
Admin UI E2E (1, chrome)	Run Cypress	2024-11-14T01:01:26.4245134Z [90m  │[39m [90mVideo:[39m        [32mfalse[39m                                                                            [90m│[39m
Admin UI E2E (1, chrome)	Run Cypress	2024-11-14T01:01:26.4246867Z [90m  │[39m [90mDuration:[39m     [32m32 seconds[39m                                                                       [90m│[39m
Admin UI E2E (1, chrome)	Run Cypress	2024-11-14T01:01:26.4248828Z [90m  │[39m [90mSpec Ran:[39m     [32m[32mclients_saml_test.spec.ts[32m[39m                                                        [90m│[39m
Admin UI E2E (1, chrome)	Run Cypress	2024-11-14T01:01:26.4257469Z [90m  └[39m[90m─[39m[90m─[39m[90m─[39m[90m─[39m[90m─[39m[90m─[39m[90m─[39m[90m─[39m[90m─[39m[90m─[39m[90m─[39m[90m─[39m[90m─[39m[90m─[39m[90m─[39m[90m─[39m[90m─[39m[90m─[39m[90m─[39m[90m─[39m[90m─[39m[90m─[39m[90m─[39m[90m─[39m[90m─[39m[90m─[39m[90m─[39m[90m─[39m[90m─[39m[90m─[39m[90m─[39m[90m─[39m[90m─[39m[90m─[39m[90m─[39m[90m─[39m[90m─[39m[90m─[39m[90m─[39m[90m─[39m[90m─[39m[90m─[39m[90m─[39m[90m─[39m[90m─[39m[90m─[39m[90m─[39m[90m─[39m[90m─[39m[90m─[39m[90m─[39m[90m─[39m[90m─[39m[90m─[39m[90m─[39m[90m─[39m[90m─[39m[90m─[39m[90m─[39m[90m─[39m[90m─[39m[90m─[39m[90m─[39m[90m─[39m[90m─[39m[90m─[39m[90m─[39m[90m─[39m[90m─[39m[90m─[39m[90m─[39m[90m─[39m[90m─[39m[90m─[39m[90m─[39m[90m─[39m[90m─[39m[90m─[39m[90m─[39m[90m─[39m[90m─[39m[90m─[39m[90m─[39m[90m─[39m[90m─[39m[90m─[39m[90m─[39m[90m─[39m[90m─[39m[90m─[39m[90m─[39m[90m─[39m[90m─[39m[90m─[39m[90m─[39m[90m─[39m[90m┘[39m
Admin UI E2E (1, chrome)	Run Cypress	2024-11-14T01:01:26.4263049Z 
Admin UI E2E (1, chrome)	Run Cypress	2024-11-14T01:01:26.4304042Z 
Admin UI E2E (1, chrome)	Run Cypress	2024-11-14T01:01:26.4925090Z [90m====================================================================================================[39m
Admin UI E2E (1, chrome)	Run Cypress	2024-11-14T01:01:26.4925820Z 
Admin UI E2E (1, chrome)	Run Cypress	2024-11-14T01:01:26.4926225Z [0m  ([4m[1mRun Finished[22m[24m)[0m
Admin UI E2E (1, chrome)	Run Cypress	2024-11-14T01:01:26.4943984Z 
Admin UI E2E (1, chrome)	Run Cypress	2024-11-14T01:01:26.4944115Z 
Admin UI E2E (1, chrome)	Run Cypress	2024-11-14T01:01:26.4980698Z [90m   [39m    [90mSpec[39m                                              [90mTests[39m  [90mPassing[39m  [90mFailing[39m  [90mPending[39m  [90mSkipped[39m [90m [39m
Admin UI E2E (1, chrome)	Run Cypress	2024-11-14T01:01:26.4993741Z [90m  ┌[39m[90m─[39m[90m─[39m[90m─[39m[90m─[39m[90m─[39m[90m─[39m[90m─[39m[90m─[39m[90m─[39m[90m─[39m[90m─[39m[90m─[39m[90m─[39m[90m─[39m[90m─[39m[90m─[39m[90m─[39m[90m─[39m[90m─[39m[90m─[39m[90m─[39m[90m─[39m[90m─[39m[90m─[39m[90m─[39m[90m─[39m[90m─[39m[90m─[39m[90m─[39m[90m─[39m[90m─[39m[90m─[39m[90m─[39m[90m─[39m[90m─[39m[90m─[39m[90m─[39m[90m─[39m[90m─[39m[90m─[39m[90m─[39m[90m─[39m[90m─[39m[90m─[39m[90m─[39m[90m─[39m[90m─[39m[90m─[39m[90m─[39m[90m─[39m[90m─[39m[90m─[39m[90m─[39m[90m─[39m[90m─[39m[90m─[39m[90m─[39m[90m─[39m[90m─[39m[90m─[39m[90m─[39m[90m─[39m[90m─[39m[90m─[39m[90m─[39m[90m─[39m[90m─[39m[90m─[39m[90m─[39m[90m─[39m[90m─[39m[90m─[39m[90m─[39m[90m─[39m[90m─[39m[90m─[39m[90m─[39m[90m─[39m[90m─[39m[90m─[39m[90m─[39m[90m─[39m[90m─[39m[90m─[39m[90m─[39m[90m─[39m[90m─[39m[90m─[39m[90m─[39m[90m─[39m[90m─[39m[90m─[39m[90m─[39m[90m─[39m[90m─[39m[90m─[39m[90m┐[39m
Admin UI E2E (1, chrome)	Run Cypress	2024-11-14T01:01:26.5001541Z [90m  │[39m [32m✔[39m  [0muser_fed_kerberos_test.spec.ts[0m           [90m00:59[39m       [0m14[0m       [32m13[39m        [90m-[39m        [36m1[39m        [90m-[39m [90m│[39m
Admin UI E2E (1, chrome)	Run Cypress	2024-11-14T01:01:26.5010597Z [90m  ├[39m[90m─[39m[90m─[39m[90m─[39m[90m─[39m[90m─[39m[90m─[39m[90m─[39m[90m─[39m[90m─[39m[90m─[39m[90m─[39m[90m─[39m[90m─[39m[90m─[39m[90m─[39m[90m─[39m[90m─[39m[90m─[39m[90m─[39m[90m─[39m[90m─[39m[90m─[39m[90m─[39m[90m─[39m[90m─[39m[90m─[39m[90m─[39m[90m─[39m[90m─[39m[90m─[39m[90m─[39m[90m─[39m[90m─[39m[90m─[39m[90m─[39m[90m─[39m[90m─[39m[90m─[39m[90m─[39m[90m─[39m[90m─[39m[90m─[39m[90m─[39m[90m─[39m[90m─[39m[90m─[39m[90m─[39m[90m─[39m[90m─[39m[90m─[39m[90m─[39m[90m─[39m[90m─[39m[90m─[39m[90m─[39m[90m─[39m[90m─[39m[90m─[39m[90m─[39m[90m─[39m[90m─[39m[90m─[39m[90m─[39m[90m─[39m[90m─[39m[90m─[39m[90m─[39m[90m─[39m[90m─[39m[90m─[39m[90m─[39m[90m─[39m[90m─[39m[90m─[39m[90m─[39m[90m─[39m[90m─[39m[90m─[39m[90m─[39m[90m─[39m[90m─[39m[90m─[39m[90m─[39m[90m─[39m[90m─[39m[90m─[39m[90m─[39m[90m─[39m[90m─[39m[90m─[39m[90m─[39m[90m─[39m[90m─[39m[90m─[39m[90m─[39m[90m─[39m[90m┤[39m
Admin UI E2E (1, chrome)	Run Cypress	2024-11-14T01:01:26.5063056Z [90m  │[39m [32m✔[39m  [0mauthentication_policies.spec.ts[0m          [90m00:09[39m        [0m3[0m        [32m3[39m        [90m-[39m        [90m-[39m        [90m-[39m [90m│[39m
Admin UI E2E (1, chrome)	Run Cypress	2024-11-14T01:01:26.5072180Z [90m  ├[39m[90m─[39m[90m─[39m[90m─[39m[90m─[39m[90m─[39m[90m─[39m[90m─[39m[90m─[39m[90m─[39m[90m─[39m[90m─[39m[90m─[39m[90m─[39m[90m─[39m[90m─[39m[90m─[39m[90m─[39m[90m─[39m[90m─[39m[90m─[39m[90m─[39m[90m─[39m[90m─[39m[90m─[39m[90m─[39m[90m─[39m[90m─[39m[90m─[39m[90m─[39m[90m─[39m[90m─[39m[90m─[39m[90m─[39m[90m─[39m[90m─[39m[90m─[39m[90m─[39m[90m─[39m[90m─[39m[90m─[39m[90m─[39m[90m─[39m[90m─[39m[90m─[39m[90m─[39m[90m─[39m[90m─[39m[90m─[39m[90m─[39m[90m─[39m[90m─[39m[90m─[39m[90m─[39m[90m─[39m[90m─[39m[90m─[39m[90m─[39m[90m─[39m[90m─[39m[90m─[39m[90m─[39m[90m─[39m[90m─[39m[90m─[39m[90m─[39m[90m─[39m[90m─[39m[90m─[39m[90m─[39m[90m─[39m[90m─[39m[90m─[39m[90m─[39m[90m─[39m[90m─[39m[90m─[39m[90m─[39m[90m─[39m[90m─[39m[90m─[39m[90m─[39m[90m─[39m[90m─[39m[90m─[39m[90m─[39m[90m─[39m[90m─[39m[90m─[39m[90m─[39m[90m─[39m[90m─[39m[90m─[39m[90m─[39m[90m─[39m[90m─[39m[90m─[39m[90m┤[39m
Admin UI E2E (1, chrome)	Run Cypress	2024-11-14T01:01:26.5080066Z [90m  │[39m [32m✔[39m  [0mclient_authorization_test.spec.ts[0m        [90m01:11[39m       [0m12[0m       [32m11[39m        [90m-[39m        [36m1[39m        [90m-[39m [90m│[39m
Admin UI E2E (1, chrome)	Run Cypress	2024-11-14T01:01:26.5089225Z [90m  ├[39m[90m─[39m[90m─[39m[90m─[39m[90m─[39m[90m─[39m[90m─[39m[90m─[39m[90m─[39m[90m─[39m[90m─[39m[90m─[39m[90m─[39m[90m─[39m[90m─[39m[90m─[39m[90m─[39m[90m─[39m[90m─[39m[90m─[39m[90m─[39m[90m─[39m[90m─[39m[90m─[39m[90m─[39m[90m─[39m[90m─[39m[90m─[39m[90m─[39m[90m─[39m[90m─[39m[90m─[39m[90m─[39m[90m─[39m[90m─[39m[90m─[39m[90m─[39m[90m─[39m[90m─[39m[90m─[39m[90m─[39m[90m─[39m[90m─[39m[90m─[39m[90m─[39m[90m─[39m[90m─[39m[90m─[39m[90m─[39m[90m─[39m[90m─[39m[90m─[39m[90m─[39m[90m─[39m[90m─[39m[90m─[39m[90m─[39m[90m─[39m[90m─[39m[90m─[39m[90m─[39m[90m─[39m[90m─[39m[90m─[39m[90m─[39m[90m─[39m[90m─[39m[90m─[39m[90m─[39m[90m─[39m[90m─[39m[90m─[39m[90m─[39m[90m─[39m[90m─[39m[90m─[39m[90m─[39m[90m─[39m[90m─[39m[90m─[39m[90m─[39m[90m─[39m[90m─[39m[90m─[39m[90m─[39m[90m─[39m[90m─[39m[90m─[39m[90m─[39m[90m─[39m[90m─[39m[90m─[39m[90m─[39m[90m─[39m[90m─[39m[90m─[39m[90m─[39m[90m┤[39m
Admin UI E2E (1, chrome)	Run Cypress	2024-11-14T01:01:26.5096557Z [90m  │[39m [32m✔[39m  [0mclients_saml_advanced.spec.ts[0m            [90m00:09[39m        [0m2[0m        [32m2[39m        [90m-[39m        [90m-[39m        [90m-[39m [90m│[39m
Admin UI E2E (1, chrome)	Run Cypress	2024-11-14T01:01:26.5106361Z [90m  ├[39m[90m─[39m[90m─[39m[90m─[39m[90m─[39m[90m─[39m[90m─[39m[90m─[39m[90m─[39m[90m─[39m[90m─[39m[90m─[39m[90m─[39m[90m─[39m[90m─[39m[90m─[39m[90m─[39m[90m─[39m[90m─[39m[90m─[39m[90m─[39m[90m─[39m[90m─[39m[90m─[39m[90m─[39m[90m─[39m[90m─[39m[90m─[39m[90m─[39m[90m─[39m[90m─[39m[90m─[39m[90m─[39m[90m─[39m[90m─[39m[90m─[39m[90m─[39m[90m─[39m[90m─[39m[90m─[39m[90m─[39m[90m─[39m[90m─[39m[90m─[39m[90m─[39m[90m─[39m[90m─[39m[90m─[39m[90m─[39m[90m─[39m[90m─[39m[90m─[39m[90m─[39m[90m─[39m[90m─[39m[90m─[39m[90m─[39m[90m─[39m[90m─[39m[90m─[39m[90m─[39m[90m─[39m[90m─[39m[90m─[39m[90m─[39m[90m─[39m[90m─[39m[90m─[39m[90m─[39m[90m─[39m[90m─[39m[90m─[39m[90m─[39m[90m─[39m[90m─[39m[90m─[39m[90m─[39m[90m─[39m[90m─[39m[90m─[39m[90m─[39m[90m─[39m[90m─[39m[90m─[39m[90m─[39m[90m─[39m[90m─[39m[90m─[39m[90m─[39m[90m─[39m[90m─[39m[90m─[39m[90m─[39m[90m─[39m[90m─[39m[90m─[39m[90m─[39m[90m┤[39m
Admin UI E2E (1, chrome)	Run Cypress	2024-11-14T01:01:26.5116562Z [90m  │[39m [32m✔[39m  [0mi18n_test.spec.ts[0m                        [90m00:19[39m       [0m10[0m        [32m9[39m        [90m-[39m        [36m1[39m        [90m-[39m [90m│[39m
Admin UI E2E (1, chrome)	Run Cypress	2024-11-14T01:01:26.5129894Z [90m  ├[39m[90m─[39m[90m─[39m[90m─[39m[90m─[39m[90m─[39m[90m─[39m[90m─[39m[90m─[39m[90m─[39m[90m─[39m[90m─[39m[90m─[39m[90m─[39m[90m─[39m[90m─[39m[90m─[39m[90m─[39m[90m─[39m[90m─[39m[90m─[39m[90m─[39m[90m─[39m[90m─[39m[90m─[39m[90m─[39m[90m─[39m[90m─[39m[90m─[39m[90m─[39m[90m─[39m[90m─[39m[90m─[39m[90m─[39m[90m─[39m[90m─[39m[90m─[39m[90m─[39m[90m─[39m[90m─[39m[90m─[39m[90m─[39m[90m─[39m[90m─[39m[90m─[39m[90m─[39m[90m─[39m[90m─[39m[90m─[39m[90m─[39m[90m─[39m[90m─[39m[90m─[39m[90m─[39m[90m─[39m[90m─[39m[90m─[39m[90m─[39m[90m─[39m[90m─[39m[90m─[39m[90m─[39m[90m─[39m[90m─[39m[90m─[39m[90m─[39m[90m─[39m[90m─[39m[90m─[39m[90m─[39m[90m─[39m[90m─[39m[90m─[39m[90m─[39m[90m─[39m[90m─[39m[90m─[39m[90m─[39m[90m─[39m[90m─[39m[90m─[39m[90m─[39m[90m─[39m[90m─[39m[90m─[39m[90m─[39m[90m─[39m[90m─[39m[90m─[39m[90m─[39m[90m─[39m[90m─[39m[90m─[39m[90m─[39m[90m─[39m[90m─[39m[90m─[39m[90m┤[39m
Admin UI E2E (1, chrome)	Run Cypress	2024-11-14T01:01:26.5138017Z [90m  │[39m [32m✔[39m  [0musers_attribute_search_test.spec.ts[0m      [90m00:08[39m        [0m2[0m        [32m2[39m        [90m-[39m        [90m-[39m        [90m-[39m [90m│[39m
Admin UI E2E (1, chrome)	Run Cypress	2024-11-14T01:01:26.5147845Z [90m  ├[39m[90m─[39m[90m─[39m[90m─[39m[90m─[39m[90m─[39m[90m─[39m[90m─[39m[90m─[39m[90m─[39m[90m─[39m[90m─[39m[90m─[39m[90m─[39m[90m─[39m[90m─[39m[90m─[39m[90m─[39m[90m─[39m[90m─[39m[90m─[39m[90m─[39m[90m─[39m[90m─[39m[90m─[39m[90m─[39m[90m─[39m[90m─[39m[90m─[39m[90m─[39m[90m─[39m[90m─[39m[90m─[39m[90m─[39m[90m─[39m[90m─[39m[90m─[39m[90m─[39m[90m─[39m[90m─[39m[90m─[39m[90m─[39m[90m─[39m[90m─[39m[90m─[39m[90m─[39m[90m─[39m[90m─[39m[90m─[39m[90m─[39m[90m─[39m[90m─[39m[90m─[39m[90m─[39m[90m─[39m[90m─[39m[90m─[39m[90m─[39m[90m─[39m[90m─[39m[90m─[39m[90m─[39m[90m─[39m[90m─[39m[90m─[39m[90m─[39m[90m─[39m[90m─[39m[90m─[39m[90m─[39m[90m─[39m[90m─[39m[90m─[39m[90m─[39m[90m─[39m[90m─[39m[90m─[39m[90m─[39m[90m─[39m[90m─[39m[90m─[39m[90m─[39m[90m─[39m[90m─[39m[90m─[39m[90m─[39m[90m─[39m[90m─[39m[90m─[39m[90m─[39m[90m─[39m[90m─[39m[90m─[39m[90m─[39m[90m─[39m[90m─[39m[90m─[39m[90m┤[39m
Admin UI E2E (1, chrome)	Run Cypress	2024-11-14T01:01:26.5155604Z [90m  │[39m [31m✖[39m  [0mrealm_settings_general_tab_test.spe[0m      [90m02:52[39m       [0m16[0m       [32m15[39m        [31m1[39m        [90m-[39m        [90m-[39m [90m│[39m
Admin UI E2E (1, chrome)	Run Cypress	2024-11-14T01:01:26.5157432Z [90m  │[39m    [0mc.ts[0m                                                                                        [90m│[39m
Admin UI E2E (1, chrome)	Run Cypress	2024-11-14T01:01:26.5165660Z [90m  ├[39m[90m─[39m[90m─[39m[90m─[39m[90m─[39m[90m─[39m[90m─[39m[90m─[39m[90m─[39m[90m─[39m[90m─[39m[90m─[39m[90m─[39m[90m─[39m[90m─[39m[90m─[39m[90m─[39m[90m─[39m[90m─[39m[90m─[39m[90m─[39m[90m─[39m[90m─[39m[90m─[39m[90m─[39m[90m─[39m[90m─[39m[90m─[39m[90m─[39m[90m─[39m[90m─[39m[90m─[39m[90m─[39m[90m─[39m[90m─[39m[90m─[39m[90m─[39m[90m─[39m[90m─[39m[90m─[39m[90m─[39m[90m─[39m[90m─[39m[90m─[39m[90m─[39m[90m─[39m[90m─[39m[90m─[39m[90m─[39m[90m─[39m[90m─[39m[90m─[39m[90m─[39m[90m─[39m[90m─[39m[90m─[39m[90m─[39m[90m─[39m[90m─[39m[90m─[39m[90m─[39m[90m─[39m[90m─[39m[90m─[39m[90m─[39m[90m─[39m[90m─[39m[90m─[39m[90m─[39m[90m─[39m[90m─[39m[90m─[39m[90m─[39m[90m─[39m[90m─[39m[90m─[39m[90m─[39m[90m─[39m[90m─[39m[90m─[39m[90m─[39m[90m─[39m[90m─[39m[90m─[39m[90m─[39m[90m─[39m[90m─[39m[90m─[39m[90m─[39m[90m─[39m[90m─[39m[90m─[39m[90m─[39m[90m─[39m[90m─[39m[90m─[39m[90m─[39m[90m┤[39m
Admin UI E2E (1, chrome)	Run Cypress	2024-11-14T01:01:26.5172777Z [90m  │[39m [32m✔[39m  [0mclients_saml_test.spec.ts[0m                [90m00:32[39m        [0m9[0m        [32m9[39m        [90m-[39m        [90m-[39m        [90m-[39m [90m│[39m
Admin UI E2E (1, chrome)	Run Cypress	2024-11-14T01:01:26.5181948Z [90m  └[39m[90m─[39m[90m─[39m[90m─[39m[90m─[39m[90m─[39m[90m─[39m[90m─[39m[90m─[39m[90m─[39m[90m─[39m[90m─[39m[90m─[39m[90m─[39m[90m─[39m[90m─[39m[90m─[39m[90m─[39m[90m─[39m[90m─[39m[90m─[39m[90m─[39m[90m─[39m[90m─[39m[90m─[39m[90m─[39m[90m─[39m[90m─[39m[90m─[39m[90m─[39m[90m─[39m[90m─[39m[90m─[39m[90m─[39m[90m─[39m[90m─[39m[90m─[39m[90m─[39m[90m─[39m[90m─[39m[90m─[39m[90m─[39m[90m─[39m[90m─[39m[90m─[39m[90m─[39m[90m─[39m[90m─[39m[90m─[39m[90m─[39m[90m─[39m[90m─[39m[90m─[39m[90m─[39m[90m─[39m[90m─[39m[90m─[39m[90m─[39m[90m─[39m[90m─[39m[90m─[39m[90m─[39m[90m─[39m[90m─[39m[90m─[39m[90m─[39m[90m─[39m[90m─[39m[90m─[39m[90m─[39m[90m─[39m[90m─[39m[90m─[39m[90m─[39m[90m─[39m[90m─[39m[90m─[39m[90m─[39m[90m─[39m[90m─[39m[90m─[39m[90m─[39m[90m─[39m[90m─[39m[90m─[39m[90m─[39m[90m─[39m[90m─[39m[90m─[39m[90m─[39m[90m─[39m[90m─[39m[90m─[39m[90m─[39m[90m─[39m[90m─[39m[90m─[39m[90m┘[39m
Admin UI E2E (1, chrome)	Run Cypress	2024-11-14T01:01:26.5189543Z [90m   [39m [31m✖[39m  [31m1 of 8 failed (13%)[39m                      [90m06:22[39m       [0m68[0m       [32m64[39m        [31m1[39m        [36m3[39m        [90m-[39m [90m [39m
Admin UI E2E (1, chrome)	Run Cypress	2024-11-14T01:01:26.5190562Z 
Admin UI E2E (1, chrome)	Run Cypress	2024-11-14T01:01:26.5997939Z ##[error]Cypress tests: 1 failed
Status Check - Keycloak JavaScript CI	Run /./.github/actions/status-check	2024-11-14T01:05:50.2381948Z Prepare all required actions
Status Check - Keycloak JavaScript CI	Run /./.github/actions/status-check	2024-11-14T01:05:50.2474696Z ##[group]Run ./.github/actions/status-check
Status Check - Keycloak JavaScript CI	Run /./.github/actions/status-check	2024-11-14T01:05:50.2475318Z with:
Status Check - Keycloak JavaScript CI	Run /./.github/actions/status-check	2024-11-14T01:05:50.2476972Z   jobs: {
Status Check - Keycloak JavaScript CI	Run /./.github/actions/status-check	  "conditional": {
Status Check - Keycloak JavaScript CI	Run /./.github/actions/status-check	    "result": "success",
Status Check - Keycloak JavaScript CI	Run /./.github/actions/status-check	    "outputs": {
Status Check - Keycloak JavaScript CI	Run /./.github/actions/status-check	      "js-ci": "true"
Status Check - Keycloak JavaScript CI	Run /./.github/actions/status-check	    }
Status Check - Keycloak JavaScript CI	Run /./.github/actions/status-check	  },
Status Check - Keycloak JavaScript CI	Run /./.github/actions/status-check	  "build-keycloak": {
Status Check - Keycloak JavaScript CI	Run /./.github/actions/status-check	    "result": "success",
Status Check - Keycloak JavaScript CI	Run /./.github/actions/status-check	    "outputs": {}
Status Check - Keycloak JavaScript CI	Run /./.github/actions/status-check	  },
Status Check - Keycloak JavaScript CI	Run /./.github/actions/status-check	  "admin-client": {
Status Check - Keycloak JavaScript CI	Run /./.github/actions/status-check	    "result": "success",
Status Check - Keycloak JavaScript CI	Run /./.github/actions/status-check	    "outputs": {}
Status Check - Keycloak JavaScript CI	Run /./.github/actions/status-check	  },
Status Check - Keycloak JavaScript CI	Run /./.github/actions/status-check	  "ui-shared": {
Status Check - Keycloak JavaScript CI	Run /./.github/actions/status-check	    "result": "success",
Status Check - Keycloak JavaScript CI	Run /./.github/actions/status-check	    "outputs": {}
Status Check - Keycloak JavaScript CI	Run /./.github/actions/status-check	  },
Status Check - Keycloak JavaScript CI	Run /./.github/actions/status-check	  "account-ui": {
Status Check - Keycloak JavaScript CI	Run /./.github/actions/status-check	    "result": "success",
Status Check - Keycloak JavaScript CI	Run /./.github/actions/status-check	    "outputs": {}
Status Check - Keycloak JavaScript CI	Run /./.github/actions/status-check	  },
Status Check - Keycloak JavaScript CI	Run /./.github/actions/status-check	  "account-ui-e2e": {
Status Check - Keycloak JavaScript CI	Run /./.github/actions/status-check	    "result": "success",
Status Check - Keycloak JavaScript CI	Run /./.github/actions/status-check	    "outputs": {}
Status Check - Keycloak JavaScript CI	Run /./.github/actions/status-check	  },
Status Check - Keycloak JavaScript CI	Run /./.github/actions/status-check	  "admin-ui": {
Status Check - Keycloak JavaScript CI	Run /./.github/actions/status-check	    "result": "success",
Status Check - Keycloak JavaScript CI	Run /./.github/actions/status-check	    "outputs": {}
Status Check - Keycloak JavaScript CI	Run /./.github/actions/status-check	  },
Status Check - Keycloak JavaScript CI	Run /./.github/actions/status-check	  "admin-ui-e2e": {
Status Check - Keycloak JavaScript CI	Run /./.github/actions/status-check	    "result": "failure",
Status Check - Keycloak JavaScript CI	Run /./.github/actions/status-check	    "outputs": {}
Status Check - Keycloak JavaScript CI	Run /./.github/actions/status-check	  }
Status Check - Keycloak JavaScript CI	Run /./.github/actions/status-check	}
Status Check - Keycloak JavaScript CI	Run /./.github/actions/status-check	2024-11-14T01:05:50.2478810Z env:
Status Check - Keycloak JavaScript CI	Run /./.github/actions/status-check	2024-11-14T01:05:50.2479239Z   MAVEN_ARGS: -B -nsu -Daether.connector.http.connectionMaxTtl=25
Status Check - Keycloak JavaScript CI	Run /./.github/actions/status-check	2024-11-14T01:05:50.2479772Z ##[endgroup]
Status Check - Keycloak JavaScript CI	Run /./.github/actions/status-check	2024-11-14T01:05:50.2739948Z ##[group]Run JOBS='{
Status Check - Keycloak JavaScript CI	Run /./.github/actions/status-check	2024-11-14T01:05:50.2740444Z [36;1mJOBS='{[0m
Status Check - Keycloak JavaScript CI	Run /./.github/actions/status-check	2024-11-14T01:05:50.2741103Z [36;1m  "conditional": {[0m
Status Check - Keycloak JavaScript CI	Run /./.github/actions/status-check	2024-11-14T01:05:50.2741491Z [36;1m    "result": "success",[0m
Status Check - Keycloak JavaScript CI	Run /./.github/actions/status-check	2024-11-14T01:05:50.2742040Z [36;1m    "outputs": {[0m
Status Check - Keycloak JavaScript CI	Run /./.github/actions/status-check	2024-11-14T01:05:50.2742412Z [36;1m      "js-ci": "true"[0m
Status Check - Keycloak JavaScript CI	Run /./.github/actions/status-check	2024-11-14T01:05:50.2742751Z [36;1m    }[0m
Status Check - Keycloak JavaScript CI	Run /./.github/actions/status-check	2024-11-14T01:05:50.2743145Z [36;1m  },[0m
Status Check - Keycloak JavaScript CI	Run /./.github/actions/status-check	2024-11-14T01:05:50.2743478Z [36;1m  "build-keycloak": {[0m
Status Check - Keycloak JavaScript CI	Run /./.github/actions/status-check	2024-11-14T01:05:50.2743833Z [36;1m    "result": "success",[0m
Status Check - Keycloak JavaScript CI	Run /./.github/actions/status-check	2024-11-14T01:05:50.2744310Z [36;1m    "outputs": {}[0m
Status Check - Keycloak JavaScript CI	Run /./.github/actions/status-check	2024-11-14T01:05:50.2744667Z [36;1m  },[0m
Status Check - Keycloak JavaScript CI	Run /./.github/actions/status-check	2024-11-14T01:05:50.2744969Z [36;1m  "admin-client": {[0m
Status Check - Keycloak JavaScript CI	Run /./.github/actions/status-check	2024-11-14T01:05:50.2745413Z [36;1m    "result": "success",[0m
Status Check - Keycloak JavaScript CI	Run /./.github/actions/status-check	2024-11-14T01:05:50.2745801Z [36;1m    "outputs": {}[0m
Status Check - Keycloak JavaScript CI	Run /./.github/actions/status-check	2024-11-14T01:05:50.2746143Z [36;1m  },[0m
Status Check - Keycloak JavaScript CI	Run /./.github/actions/status-check	2024-11-14T01:05:50.2746584Z [36;1m  "ui-shared": {[0m
Status Check - Keycloak JavaScript CI	Run /./.github/actions/status-check	2024-11-14T01:05:50.2746953Z [36;1m    "result": "success",[0m
Status Check - Keycloak JavaScript CI	Run /./.github/actions/status-check	2024-11-14T01:05:50.2747354Z [36;1m    "outputs": {}[0m
Status Check - Keycloak JavaScript CI	Run /./.github/actions/status-check	2024-11-14T01:05:50.2747737Z [36;1m  },[0m
Status Check - Keycloak JavaScript CI	Run /./.github/actions/status-check	2024-11-14T01:05:50.2748067Z [36;1m  "account-ui": {[0m
Status Check - Keycloak JavaScript CI	Run /./.github/actions/status-check	2024-11-14T01:05:50.2748416Z [36;1m    "result": "success",[0m
Status Check - Keycloak JavaScript CI	Run /./.github/actions/status-check	2024-11-14T01:05:50.2748862Z [36;1m    "outputs": {}[0m
Status Check - Keycloak JavaScript CI	Run /./.github/actions/status-check	2024-11-14T01:05:50.2749224Z [36;1m  },[0m
Status Check - Keycloak JavaScript CI	Run /./.github/actions/status-check	2024-11-14T01:05:50.2749506Z [36;1m  "account-ui-e2e": {[0m
Status Check - Keycloak JavaScript CI	Run /./.github/actions/status-check	2024-11-14T01:05:50.2749944Z [36;1m    "result": "success",[0m
Status Check - Keycloak JavaScript CI	Run /./.github/actions/status-check	2024-11-14T01:05:50.2750343Z [36;1m    "outputs": {}[0m
Status Check - Keycloak JavaScript CI	Run /./.github/actions/status-check	2024-11-14T01:05:50.2750689Z [36;1m  },[0m
Status Check - Keycloak JavaScript CI	Run /./.github/actions/status-check	2024-11-14T01:05:50.2751104Z [36;1m  "admin-ui": {[0m
Status Check - Keycloak JavaScript CI	Run /./.github/actions/status-check	2024-11-14T01:05:50.2751481Z [36;1m    "result": "success",[0m
Status Check - Keycloak JavaScript CI	Run /./.github/actions/status-check	2024-11-14T01:05:50.2751862Z [36;1m    "outputs": {}[0m
Status Check - Keycloak JavaScript CI	Run /./.github/actions/status-check	2024-11-14T01:05:50.2752234Z [36;1m  },[0m
Status Check - Keycloak JavaScript CI	Run /./.github/actions/status-check	2024-11-14T01:05:50.2752565Z [36;1m  "admin-ui-e2e": {[0m
Status Check - Keycloak JavaScript CI	Run /./.github/actions/status-check	2024-11-14T01:05:50.2752939Z [36;1m    "result": "failure",[0m
Status Check - Keycloak JavaScript CI	Run /./.github/actions/status-check	2024-11-14T01:05:50.2753350Z [36;1m    "outputs": {}[0m
Status Check - Keycloak JavaScript CI	Run /./.github/actions/status-check	2024-11-14T01:05:50.2753717Z [36;1m  }[0m
Status Check - Keycloak JavaScript CI	Run /./.github/actions/status-check	2024-11-14T01:05:50.2754016Z [36;1m}'[0m
Status Check - Keycloak JavaScript CI	Run /./.github/actions/status-check	2024-11-14T01:05:50.2754338Z [36;1m[0m
Status Check - Keycloak JavaScript CI	Run /./.github/actions/status-check	2024-11-14T01:05:50.2754668Z [36;1mecho "Job status:"[0m
Status Check - Keycloak JavaScript CI	Run /./.github/actions/status-check	2024-11-14T01:05:50.2755265Z [36;1mecho $JOBS | jq -r 'to_entries[] | " - \(.key): \(.value.result)"'[0m
Status Check - Keycloak JavaScript CI	Run /./.github/actions/status-check	2024-11-14T01:05:50.2755850Z [36;1m[0m
Status Check - Keycloak JavaScript CI	Run /./.github/actions/status-check	2024-11-14T01:05:50.2756310Z [36;1mfor i in $(echo $JOBS | jq -r 'to_entries[] | .value.result'); do[0m
Status Check - Keycloak JavaScript CI	Run /./.github/actions/status-check	2024-11-14T01:05:50.2756954Z [36;1m  if [ "$i" != "success" ] && [ "$i" != "skipped" ]; then[0m
Status Check - Keycloak JavaScript CI	Run /./.github/actions/status-check	2024-11-14T01:05:50.2757489Z [36;1m    echo ""[0m
Status Check - Keycloak JavaScript CI	Run /./.github/actions/status-check	2024-11-14T01:05:50.2757874Z [36;1m    echo "Status check not okay!"[0m
Status Check - Keycloak JavaScript CI	Run /./.github/actions/status-check	2024-11-14T01:05:50.2758303Z [36;1m    exit 1[0m
Status Check - Keycloak JavaScript CI	Run /./.github/actions/status-check	2024-11-14T01:05:50.2758677Z [36;1m  fi[0m
Status Check - Keycloak JavaScript CI	Run /./.github/actions/status-check	2024-11-14T01:05:50.2758986Z [36;1mdone[0m
Status Check - Keycloak JavaScript CI	Run /./.github/actions/status-check	2024-11-14T01:05:50.2859663Z shell: /usr/bin/bash --noprofile --norc -e -o pipefail {0}
Status Check - Keycloak JavaScript CI	Run /./.github/actions/status-check	2024-11-14T01:05:50.2860480Z env:
Status Check - Keycloak JavaScript CI	Run /./.github/actions/status-check	2024-11-14T01:05:50.2860946Z   MAVEN_ARGS: -B -nsu -Daether.connector.http.connectionMaxTtl=25
Status Check - Keycloak JavaScript CI	Run /./.github/actions/status-check	2024-11-14T01:05:50.2861547Z ##[endgroup]
Status Check - Keycloak JavaScript CI	Run /./.github/actions/status-check	2024-11-14T01:05:50.3009832Z Job status:
Status Check - Keycloak JavaScript CI	Run /./.github/actions/status-check	2024-11-14T01:05:50.3234652Z  - conditional: success
Status Check - Keycloak JavaScript CI	Run /./.github/actions/status-check	2024-11-14T01:05:50.3235422Z  - build-keycloak: success
Status Check - Keycloak JavaScript CI	Run /./.github/actions/status-check	2024-11-14T01:05:50.3236523Z  - admin-client: success
Status Check - Keycloak JavaScript CI	Run /./.github/actions/status-check	2024-11-14T01:05:50.3237044Z  - ui-shared: success
Status Check - Keycloak JavaScript CI	Run /./.github/actions/status-check	2024-11-14T01:05:50.3237609Z  - account-ui: success
Status Check - Keycloak JavaScript CI	Run /./.github/actions/status-check	2024-11-14T01:05:50.3238205Z  - account-ui-e2e: success
Status Check - Keycloak JavaScript CI	Run /./.github/actions/status-check	2024-11-14T01:05:50.3238569Z  - admin-ui: success
Status Check - Keycloak JavaScript CI	Run /./.github/actions/status-check	2024-11-14T01:05:50.3239029Z  - admin-ui-e2e: failure
Status Check - Keycloak JavaScript CI	Run /./.github/actions/status-check	2024-11-14T01:05:50.3445566Z 
Status Check - Keycloak JavaScript CI	Run /./.github/actions/status-check	2024-11-14T01:05:50.3446019Z Status check not okay!
Status Check - Keycloak JavaScript CI	Run /./.github/actions/status-check	2024-11-14T01:05:50.3462143Z ##[error]Process completed with exit code 1.
