Test remote (slow)	Test operator running in cluster	2025-04-28T08:49:46.0507358Z ##[group]Run declare -A PARAMS
Test remote (slow)	Test operator running in cluster	2025-04-28T08:49:46.0507885Z [36;1mdeclare -A PARAMS[0m
Test remote (slow)	Test operator running in cluster	2025-04-28T08:49:46.0508273Z [36;1mPARAMS["slow"]="-Dkc.quarkus.tests.groups=slow"[0m
Test remote (slow)	Test operator running in cluster	2025-04-28T08:49:46.0508667Z [36;1mPARAMS["fast"]='-Dkc.quarkus.tests.groups=!slow'[0m
Test remote (slow)	Test operator running in cluster	2025-04-28T08:49:46.0508976Z [36;1m[0m
Test remote (slow)	Test operator running in cluster	2025-04-28T08:49:46.0509205Z [36;1meval $(minikube -p minikube docker-env)[0m
Test remote (slow)	Test operator running in cluster	2025-04-28T08:49:46.0509582Z [36;1m./mvnw install -Poperator -pl :keycloak-operator -am \[0m
Test remote (slow)	Test operator running in cluster	2025-04-28T08:49:46.0509973Z [36;1m    -Dquarkus.container-image.build=true \[0m
Test remote (slow)	Test operator running in cluster	2025-04-28T08:49:46.0510368Z [36;1m    -Dquarkus.kubernetes.image-pull-policy=IfNotPresent \[0m
Test remote (slow)	Test operator running in cluster	2025-04-28T08:49:46.0510779Z [36;1m    -Dkc.operator.keycloak.image=keycloak:0.0.1-6c908d \[0m
Test remote (slow)	Test operator running in cluster	2025-04-28T08:49:46.0511336Z [36;1m    -Dquarkus.kubernetes.env.vars.kc-operator-keycloak-image-pull-policy=Never \[0m
Test remote (slow)	Test operator running in cluster	2025-04-28T08:49:46.0511876Z [36;1m    -Dtest.operator.custom.image=custom-keycloak:0.0.1-6c908d \[0m
Test remote (slow)	Test operator running in cluster	2025-04-28T08:49:46.0512372Z [36;1m    --no-transfer-progress -Dtest.operator.deployment=remote ${PARAMS["slow"]}[0m
Test remote (slow)	Test operator running in cluster	2025-04-28T08:49:46.0543090Z shell: /usr/bin/bash --noprofile --norc -e -o pipefail {0}
Test remote (slow)	Test operator running in cluster	2025-04-28T08:49:46.0543434Z env:
Test remote (slow)	Test operator running in cluster	2025-04-28T08:49:46.0543732Z   MAVEN_ARGS: -B -nsu -Daether.connector.http.connectionMaxTtl=25
Test remote (slow)	Test operator running in cluster	2025-04-28T08:49:46.0544094Z   MINIKUBE_VERSION: v1.32.0
Test remote (slow)	Test operator running in cluster	2025-04-28T08:49:46.0544336Z   KUBERNETES_VERSION: v1.27.10
Test remote (slow)	Test operator running in cluster	2025-04-28T08:49:46.0544573Z   MINIKUBE_MEMORY: 4096
Test remote (slow)	Test operator running in cluster	2025-04-28T08:49:46.0544791Z   version_remote: 0.0.1-6c908d
Test remote (slow)	Test operator running in cluster	2025-04-28T08:49:46.0545128Z   JAVA_HOME: /opt/hostedtoolcache/Java_Temurin-Hotspot_jdk/21.0.7-6/x64
Test remote (slow)	Test operator running in cluster	2025-04-28T08:49:46.0545592Z   JAVA_HOME_21_X64: /opt/hostedtoolcache/Java_Temurin-Hotspot_jdk/21.0.7-6/x64
Test remote (slow)	Test operator running in cluster	2025-04-28T08:49:46.0545984Z   MINIKUBE_HOME: /home/runner/work/_temp
Test remote (slow)	Test operator running in cluster	2025-04-28T08:49:46.0546240Z ##[endgroup]
Test remote (slow)	Test operator running in cluster	2025-04-28T08:49:49.6259513Z [INFO] Loading cache configuration from /home/runner/work/keycloak/keycloak/.mvn/maven-build-cache-config.xml
Test remote (slow)	Test operator running in cluster	2025-04-28T08:49:49.6438045Z [INFO] Scanning for projects...
Test remote (slow)	Test operator running in cluster	2025-04-28T08:49:50.5548742Z [INFO] ------------------------------------------------------------------------
Test remote (slow)	Test operator running in cluster	2025-04-28T08:49:50.5550042Z [INFO] Reactor Build Order:
Test remote (slow)	Test operator running in cluster	2025-04-28T08:49:50.5550661Z [INFO] 
Test remote (slow)	Test operator running in cluster	2025-04-28T08:49:50.5551295Z [INFO] Keycloak                                                           [pom]
Test remote (slow)	Test operator running in cluster	2025-04-28T08:49:50.5552206Z [INFO] Keycloak Common                                                    [jar]
Test remote (slow)	Test operator running in cluster	2025-04-28T08:49:50.5553164Z [INFO] Keycloak Core                                                      [jar]
Test remote (slow)	Test operator running in cluster	2025-04-28T08:49:50.5554109Z [INFO] Keycloak Operator                                                  [jar]
Test remote (slow)	Test operator running in cluster	2025-04-28T08:49:50.5600084Z [INFO] 
Test remote (slow)	Test operator running in cluster	2025-04-28T08:49:50.5606184Z [INFO] --------------------< org.keycloak:keycloak-parent >--------------------
Test remote (slow)	Test operator running in cluster	2025-04-28T08:49:50.5612484Z [INFO] Building Keycloak 999.0.0-SNAPSHOT                                 [1/4]
Test remote (slow)	Test operator running in cluster	2025-04-28T08:49:50.5613645Z [INFO]   from pom.xml
Test remote (slow)	Test operator running in cluster	2025-04-28T08:49:50.5614374Z [INFO] --------------------------------[ pom ]---------------------------------
Test remote (slow)	Test operator running in cluster	2025-04-28T08:49:51.9522903Z [INFO] 
Test remote (slow)	Test operator running in cluster	2025-04-28T08:49:51.9524013Z [INFO] --- enforcer:3.0.0-M3:enforce (enforce-java-version) @ keycloak-parent ---
Test remote (slow)	Test operator running in cluster	2025-04-28T08:49:59.5395544Z [INFO] 
Test remote (slow)	Test operator running in cluster	2025-04-28T08:49:59.5396383Z [INFO] --- enforcer:3.0.0-M3:enforce (enforce-maven-version) @ keycloak-parent ---
Test remote (slow)	Test operator running in cluster	2025-04-28T08:49:59.5411232Z [INFO] 
Test remote (slow)	Test operator running in cluster	2025-04-28T08:49:59.5412169Z [INFO] --- buildnumber:1.4:create (get-scm-revision) @ keycloak-parent ---
Test remote (slow)	Test operator running in cluster	2025-04-28T08:50:12.1211456Z [INFO] Executing: /bin/sh -c cd '/home/runner/work/keycloak/keycloak' && 'git' 'rev-parse' '--verify' 'HEAD'
Test remote (slow)	Test operator running in cluster	2025-04-28T08:50:12.1215770Z [INFO] Working directory: /home/runner/work/keycloak/keycloak
Test remote (slow)	Test operator running in cluster	2025-04-28T08:50:12.1370006Z [INFO] Storing buildNumber: 6c908d2c6bc0438df586f345007dd6d797fd8d77 at timestamp: 1745830212106
Test remote (slow)	Test operator running in cluster	2025-04-28T08:50:12.1417398Z [WARNING] Cannot get the branch information from the git repository: 
Test remote (slow)	Test operator running in cluster	2025-04-28T08:50:12.1418881Z Detecting the current branch failed: fatal: ref HEAD is not a symbolic ref
Test remote (slow)	Test operator running in cluster	2025-04-28T08:50:12.1426218Z 
Test remote (slow)	Test operator running in cluster	2025-04-28T08:50:12.1427458Z [INFO] Executing: /bin/sh -c cd '/home/runner/work/keycloak/keycloak' && 'git' 'rev-parse' '--verify' 'HEAD'
Test remote (slow)	Test operator running in cluster	2025-04-28T08:50:12.1428589Z [INFO] Working directory: /home/runner/work/keycloak/keycloak
Test remote (slow)	Test operator running in cluster	2025-04-28T08:50:12.1461752Z [INFO] Storing buildScmBranch: UNKNOWN
Test remote (slow)	Test operator running in cluster	2025-04-28T08:50:12.1463230Z [INFO] 
Test remote (slow)	Test operator running in cluster	2025-04-28T08:50:12.1467792Z [INFO] --- source:3.1.0:jar-no-fork (attach-sources) @ keycloak-parent ---
Test remote (slow)	Test operator running in cluster	2025-04-28T08:50:13.5311838Z [INFO] 
Test remote (slow)	Test operator running in cluster	2025-04-28T08:50:13.5312815Z [INFO] --- install:2.5.2:install (default-install) @ keycloak-parent ---
Test remote (slow)	Test operator running in cluster	2025-04-28T08:50:14.3938838Z [INFO] Installing /home/runner/work/keycloak/keycloak/pom.xml to /home/runner/.m2/repository/org/keycloak/keycloak-parent/999.0.0-SNAPSHOT/keycloak-parent-999.0.0-SNAPSHOT.pom
Test remote (slow)	Test operator running in cluster	2025-04-28T08:50:14.4034940Z [INFO] 
Test remote (slow)	Test operator running in cluster	2025-04-28T08:50:14.4035857Z [INFO] --------------------< org.keycloak:keycloak-common >--------------------
Test remote (slow)	Test operator running in cluster	2025-04-28T08:50:14.4037692Z [INFO] Building Keycloak Common 999.0.0-SNAPSHOT                          [2/4]
Test remote (slow)	Test operator running in cluster	2025-04-28T08:50:14.4039151Z [INFO]   from common/pom.xml
Test remote (slow)	Test operator running in cluster	2025-04-28T08:50:14.4040000Z [INFO] --------------------------------[ jar ]---------------------------------
Test remote (slow)	Test operator running in cluster	2025-04-28T08:50:15.5594235Z [INFO] 
Test remote (slow)	Test operator running in cluster	2025-04-28T08:50:15.5595332Z [INFO] --- enforcer:3.0.0-M3:enforce (enforce-java-version) @ keycloak-common ---
Test remote (slow)	Test operator running in cluster	2025-04-28T08:50:15.5614589Z [INFO] 
Test remote (slow)	Test operator running in cluster	2025-04-28T08:50:15.5627795Z [INFO] --- enforcer:3.0.0-M3:enforce (enforce-maven-version) @ keycloak-common ---
Test remote (slow)	Test operator running in cluster	2025-04-28T08:50:15.5629046Z [INFO] 
Test remote (slow)	Test operator running in cluster	2025-04-28T08:50:15.5630002Z [INFO] --- buildnumber:1.4:create (get-scm-revision) @ keycloak-common ---
Test remote (slow)	Test operator running in cluster	2025-04-28T08:50:15.5649017Z [INFO] 
Test remote (slow)	Test operator running in cluster	2025-04-28T08:50:15.5653066Z [INFO] --- resources:3.2.0:resources (default-resources) @ keycloak-common ---
Test remote (slow)	Test operator running in cluster	2025-04-28T08:50:20.5031662Z [INFO] Using 'UTF-8' encoding to copy filtered resources.
Test remote (slow)	Test operator running in cluster	2025-04-28T08:50:20.5033613Z [INFO] Using 'UTF-8' encoding to copy filtered properties files.
Test remote (slow)	Test operator running in cluster	2025-04-28T08:50:20.5041494Z [INFO] Copying 1 resource
Test remote (slow)	Test operator running in cluster	2025-04-28T08:50:20.5194571Z [INFO] The encoding used to copy filtered properties files have not been set. This means that the same encoding will be used to copy filtered properties files as when copying other filtered resources. This might not be what you want! Run your build with --debug to see which files might be affected. Read more at https://maven.apache.org/plugins/maven-resources-plugin/examples/filtering-properties-files.html
Test remote (slow)	Test operator running in cluster	2025-04-28T08:50:20.5197534Z [INFO] 
Test remote (slow)	Test operator running in cluster	2025-04-28T08:50:20.5198194Z [INFO] --- compiler:3.8.1:compile (default-compile) @ keycloak-common ---
Test remote (slow)	Test operator running in cluster	2025-04-28T08:50:22.1041239Z [INFO] Changes detected - recompiling the module!
Test remote (slow)	Test operator running in cluster	2025-04-28T08:50:22.1067419Z [INFO] Compiling 71 source files to /home/runner/work/keycloak/keycloak/common/target/classes
Test remote (slow)	Test operator running in cluster	2025-04-28T08:50:23.9471367Z [WARNING] source value 8 is obsolete and will be removed in a future release
Test remote (slow)	Test operator running in cluster	2025-04-28T08:50:23.9479559Z [WARNING] target value 8 is obsolete and will be removed in a future release
Test remote (slow)	Test operator running in cluster	2025-04-28T08:50:23.9481641Z [WARNING] To suppress warnings about obsolete options, use -Xlint:-options.
Test remote (slow)	Test operator running in cluster	2025-04-28T08:50:23.9485504Z [WARNING] /home/runner/work/keycloak/keycloak/common/src/main/java/org/keycloak/common/util/reflections/Types.java:[84,38] unchecked call to isAssignableFrom(java.lang.Class<?>) as a member of the raw type java.lang.Class
Test remote (slow)	Test operator running in cluster	2025-04-28T08:50:23.9488584Z [WARNING] /home/runner/work/keycloak/keycloak/common/src/main/java/org/keycloak/common/util/reflections/Types.java:[172,44] unchecked call to isAssignableFrom(java.lang.Class<?>) as a member of the raw type java.lang.Class
Test remote (slow)	Test operator running in cluster	2025-04-28T08:50:23.9491526Z [WARNING] /home/runner/work/keycloak/keycloak/common/src/main/java/org/keycloak/common/util/reflections/Types.java:[233,35] unchecked call to getMethod(java.lang.String,java.lang.Class<?>...) as a member of the raw type java.lang.Class
Test remote (slow)	Test operator running in cluster	2025-04-28T08:50:23.9494675Z [WARNING] /home/runner/work/keycloak/keycloak/common/src/main/java/org/keycloak/common/util/reflections/Types.java:[241,41] unchecked call to getMethod(java.lang.String,java.lang.Class<?>...) as a member of the raw type java.lang.Class
Test remote (slow)	Test operator running in cluster	2025-04-28T08:50:23.9497469Z [WARNING] /home/runner/work/keycloak/keycloak/common/src/main/java/org/keycloak/common/util/reflections/Reflections.java:[267,48] unchecked cast
Test remote (slow)	Test operator running in cluster	2025-04-28T08:50:23.9507770Z   required: java.lang.Class<T>
Test remote (slow)	Test operator running in cluster	2025-04-28T08:50:23.9508266Z   found:    java.lang.Class<capture#1 of ?>
Test remote (slow)	Test operator running in cluster	2025-04-28T08:50:23.9509687Z [WARNING] /home/runner/work/keycloak/keycloak/common/src/main/java/org/keycloak/common/util/reflections/Reflections.java:[269,48] unchecked cast
Test remote (slow)	Test operator running in cluster	2025-04-28T08:50:23.9511517Z   required: java.lang.Class<T>
Test remote (slow)	Test operator running in cluster	2025-04-28T08:50:23.9511995Z   found:    java.lang.Class<capture#2 of ?>
Test remote (slow)	Test operator running in cluster	2025-04-28T08:50:23.9513251Z [WARNING] /home/runner/work/keycloak/keycloak/common/src/main/java/org/keycloak/common/util/reflections/Reflections.java:[274,52] unchecked cast
Test remote (slow)	Test operator running in cluster	2025-04-28T08:50:23.9514489Z   required: java.lang.Class<T>
Test remote (slow)	Test operator running in cluster	2025-04-28T08:50:23.9514949Z   found:    java.lang.Class<capture#3 of ?>
Test remote (slow)	Test operator running in cluster	2025-04-28T08:50:23.9516112Z [WARNING] /home/runner/work/keycloak/keycloak/common/src/main/java/org/keycloak/common/util/reflections/Reflections.java:[1013,86] unchecked cast
Test remote (slow)	Test operator running in cluster	2025-04-28T08:50:23.9516869Z   required: T
Test remote (slow)	Test operator running in cluster	2025-04-28T08:50:23.9517372Z   found:    java.lang.Object
Test remote (slow)	Test operator running in cluster	2025-04-28T08:50:23.9518769Z [WARNING] /home/runner/work/keycloak/keycloak/common/src/main/java/org/keycloak/common/util/MultivaluedMap.java:[34,34] Possible heap pollution from parameterized vararg type V
Test remote (slow)	Test operator running in cluster	2025-04-28T08:50:23.9521171Z [WARNING] /home/runner/work/keycloak/keycloak/common/src/main/java/org/keycloak/common/util/Encode.java:[210,48] encode(java.lang.String) in java.net.URLEncoder has been deprecated
Test remote (slow)	Test operator running in cluster	2025-04-28T08:50:23.9523263Z [WARNING] /home/runner/work/keycloak/keycloak/common/src/main/java/org/keycloak/common/util/Resteasy.java:[48,44] unchecked cast
Test remote (slow)	Test operator running in cluster	2025-04-28T08:50:23.9524361Z   required: R
Test remote (slow)	Test operator running in cluster	2025-04-28T08:50:23.9524713Z   found:    java.lang.Object
Test remote (slow)	Test operator running in cluster	2025-04-28T08:50:23.9525757Z [WARNING] /home/runner/work/keycloak/keycloak/common/src/main/java/org/keycloak/common/util/Resteasy.java:[67,44] unchecked cast
Test remote (slow)	Test operator running in cluster	2025-04-28T08:50:23.9526833Z   required: R
Test remote (slow)	Test operator running in cluster	2025-04-28T08:50:23.9527330Z   found:    java.lang.Object
Test remote (slow)	Test operator running in cluster	2025-04-28T08:50:23.9529040Z [WARNING] /home/runner/work/keycloak/keycloak/common/src/main/java/org/keycloak/common/util/Resteasy.java:[78,20] unchecked method invocation: method pushContext in class org.keycloak.common.util.Resteasy is applied to given types
Test remote (slow)	Test operator running in cluster	2025-04-28T08:50:23.9530753Z   required: java.lang.Class<R>,R
Test remote (slow)	Test operator running in cluster	2025-04-28T08:50:23.9531230Z   found:    java.lang.Class,java.lang.Object
Test remote (slow)	Test operator running in cluster	2025-04-28T08:50:23.9537735Z [WARNING] /home/runner/work/keycloak/keycloak/common/src/main/java/org/keycloak/common/util/Resteasy.java:[78,21] unchecked conversion
Test remote (slow)	Test operator running in cluster	2025-04-28T08:50:23.9538931Z   required: java.lang.Class<R>
Test remote (slow)	Test operator running in cluster	2025-04-28T08:50:23.9539354Z   found:    java.lang.Class
Test remote (slow)	Test operator running in cluster	2025-04-28T08:50:23.9539728Z [INFO] 
Test remote (slow)	Test operator running in cluster	2025-04-28T08:50:23.9540288Z [INFO] --- resources:3.2.0:testResources (default-testResources) @ keycloak-common ---
Test remote (slow)	Test operator running in cluster	2025-04-28T08:50:23.9556646Z [INFO] Using 'UTF-8' encoding to copy filtered resources.
Test remote (slow)	Test operator running in cluster	2025-04-28T08:50:23.9559165Z [INFO] Using 'UTF-8' encoding to copy filtered properties files.
Test remote (slow)	Test operator running in cluster	2025-04-28T08:50:23.9561336Z [INFO] skip non existing resourceDirectory /home/runner/work/keycloak/keycloak/common/src/test/resources
Test remote (slow)	Test operator running in cluster	2025-04-28T08:50:23.9567546Z [INFO] 
Test remote (slow)	Test operator running in cluster	2025-04-28T08:50:23.9568130Z [INFO] --- compiler:3.8.1:testCompile (default-testCompile) @ keycloak-common ---
Test remote (slow)	Test operator running in cluster	2025-04-28T08:50:23.9596801Z [INFO] Changes detected - recompiling the module!
Test remote (slow)	Test operator running in cluster	2025-04-28T08:50:23.9600530Z [INFO] Compiling 15 source files to /home/runner/work/keycloak/keycloak/common/target/test-classes
Test remote (slow)	Test operator running in cluster	2025-04-28T08:50:24.2489672Z [WARNING] source value 8 is obsolete and will be removed in a future release
Test remote (slow)	Test operator running in cluster	2025-04-28T08:50:24.2497403Z [WARNING] target value 8 is obsolete and will be removed in a future release
Test remote (slow)	Test operator running in cluster	2025-04-28T08:50:24.2498333Z [WARNING] To suppress warnings about obsolete options, use -Xlint:-options.
Test remote (slow)	Test operator running in cluster	2025-04-28T08:50:24.2498996Z [INFO] 
Test remote (slow)	Test operator running in cluster	2025-04-28T08:50:24.2499742Z [INFO] --- surefire:3.0.0-M7:test (default-test) @ keycloak-common ---
Test remote (slow)	Test operator running in cluster	2025-04-28T08:50:28.7372828Z [INFO] Using auto detected provider org.apache.maven.surefire.junit4.JUnit4Provider
Test remote (slow)	Test operator running in cluster	2025-04-28T08:50:29.9900187Z [INFO] 
Test remote (slow)	Test operator running in cluster	2025-04-28T08:50:29.9900708Z [INFO] -------------------------------------------------------
Test remote (slow)	Test operator running in cluster	2025-04-28T08:50:29.9903190Z [INFO]  T E S T S
Test remote (slow)	Test operator running in cluster	2025-04-28T08:50:29.9903881Z [INFO] -------------------------------------------------------
Test remote (slow)	Test operator running in cluster	2025-04-28T08:50:30.2020995Z [INFO] Running org.keycloak.common.ProfileTest
Test remote (slow)	Test operator running in cluster	2025-04-28T08:50:30.3781467Z Apr 28, 2025 8:50:30 AM org.keycloak.common.Profile logUnsupportedFeatures
Test remote (slow)	Test operator running in cluster	2025-04-28T08:50:30.3782940Z INFO: Preview features enabled: token-exchange:v1
Test remote (slow)	Test operator running in cluster	2025-04-28T08:50:30.3784582Z Apr 28, 2025 8:50:30 AM org.keycloak.common.Profile logUnsupportedFeatures
Test remote (slow)	Test operator running in cluster	2025-04-28T08:50:30.3792756Z WARN: Experimental features enabled: dynamic-scopes:v1
Test remote (slow)	Test operator running in cluster	2025-04-28T08:50:30.3793537Z Apr 28, 2025 8:50:30 AM org.keycloak.common.Profile logUnsupportedFeatures
Test remote (slow)	Test operator running in cluster	2025-04-28T08:50:30.3794283Z WARN: Deprecated features enabled: login:v1
Test remote (slow)	Test operator running in cluster	2025-04-28T08:50:30.3912630Z Apr 28, 2025 8:50:30 AM org.keycloak.common.Profile logUnsupportedFeatures
Test remote (slow)	Test operator running in cluster	2025-04-28T08:50:30.3914286Z INFO: Preview features enabled: client-secret-rotation:v1, dpop:v1, passkeys:v1, recovery-codes:v1, scripts:v1, token-exchange:v1, update-email:v1
Test remote (slow)	Test operator running in cluster	2025-04-28T08:50:30.3969258Z Apr 28, 2025 8:50:30 AM org.keycloak.common.Profile logUnsupportedFeatures
Test remote (slow)	Test operator running in cluster	2025-04-28T08:50:30.3970348Z INFO: Preview features enabled: token-exchange:v1
Test remote (slow)	Test operator running in cluster	2025-04-28T08:50:30.3971342Z Apr 28, 2025 8:50:30 AM org.keycloak.common.Profile logUnsupportedFeatures
Test remote (slow)	Test operator running in cluster	2025-04-28T08:50:30.3972340Z WARN: Experimental features enabled: dynamic-scopes:v1
Test remote (slow)	Test operator running in cluster	2025-04-28T08:50:30.3986230Z Apr 28, 2025 8:50:30 AM org.keycloak.common.Profile logUnsupportedFeatures
Test remote (slow)	Test operator running in cluster	2025-04-28T08:50:30.3987797Z WARN: Deprecated features enabled: login:v1
Test remote (slow)	Test operator running in cluster	2025-04-28T08:50:30.4042086Z Apr 28, 2025 8:50:30 AM org.keycloak.common.Profile logUnsupportedFeatures
Test remote (slow)	Test operator running in cluster	2025-04-28T08:50:30.4043188Z INFO: Preview features enabled: token-exchange:v1
Test remote (slow)	Test operator running in cluster	2025-04-28T08:50:30.4068414Z Apr 28, 2025 8:50:30 AM org.keycloak.common.Profile logUnsupportedFeatures
Test remote (slow)	Test operator running in cluster	2025-04-28T08:50:30.4070009Z INFO: Preview features enabled: client-secret-rotation:v1, dpop:v1, passkeys:v1, recovery-codes:v1, scripts:v1, token-exchange:v1, update-email:v1
Test remote (slow)	Test operator running in cluster	2025-04-28T08:50:30.4149837Z Apr 28, 2025 8:50:30 AM org.keycloak.common.util.KerberosJdkProvider isKerberosAvailable
Test remote (slow)	Test operator running in cluster	2025-04-28T08:50:30.4151428Z WARN: Kerberos feature not supported by JDK. Check security providers for your JDK in java.security. Supported mechanisms: []
Test remote (slow)	Test operator running in cluster	2025-04-28T08:50:30.4153051Z Apr 28, 2025 8:50:30 AM org.keycloak.common.util.KerberosJdkProvider isKerberosAvailable
Test remote (slow)	Test operator running in cluster	2025-04-28T08:50:30.4154551Z WARN: Kerberos feature not supported by JDK. Check security providers for your JDK in java.security. Supported mechanisms: []
Test remote (slow)	Test operator running in cluster	2025-04-28T08:50:30.4156069Z Apr 28, 2025 8:50:30 AM org.keycloak.common.util.KerberosJdkProvider isKerberosAvailable
Test remote (slow)	Test operator running in cluster	2025-04-28T08:50:30.4157853Z WARN: Kerberos feature not supported by JDK. Check security providers for your JDK in java.security. Supported mechanisms: []
Test remote (slow)	Test operator running in cluster	2025-04-28T08:50:30.4159097Z Apr 28, 2025 8:50:30 AM org.keycloak.common.util.KerberosJdkProvider isKerberosAvailable
Test remote (slow)	Test operator running in cluster	2025-04-28T08:50:30.4160252Z WARN: Kerberos feature not supported by JDK. Check security providers for your JDK in java.security. Supported mechanisms: []
Test remote (slow)	Test operator running in cluster	2025-04-28T08:50:30.4206378Z Apr 28, 2025 8:50:30 AM org.keycloak.common.Profile logUnsupportedFeatures
Test remote (slow)	Test operator running in cluster	2025-04-28T08:50:30.4207652Z INFO: Preview features enabled: token-exchange:v1
Test remote (slow)	Test operator running in cluster	2025-04-28T08:50:30.4213294Z Apr 28, 2025 8:50:30 AM org.keycloak.common.Profile logUnsupportedFeatures
Test remote (slow)	Test operator running in cluster	2025-04-28T08:50:30.4214353Z WARN: Experimental features enabled: dynamic-scopes:v1
Test remote (slow)	Test operator running in cluster	2025-04-28T08:50:30.4221276Z Apr 28, 2025 8:50:30 AM org.keycloak.common.Profile logUnsupportedFeatures
Test remote (slow)	Test operator running in cluster	2025-04-28T08:50:30.4222271Z WARN: Deprecated features enabled: login:v1
Test remote (slow)	Test operator running in cluster	2025-04-28T08:50:30.4606165Z [INFO] Tests run: 16, Failures: 0, Errors: 0, Skipped: 0, Time elapsed: 0.232 s - in org.keycloak.common.ProfileTest
Test remote (slow)	Test operator running in cluster	2025-04-28T08:50:30.4651983Z [INFO] Running org.keycloak.common.crypto.CryptoIntegrationTest
Test remote (slow)	Test operator running in cluster	2025-04-28T08:50:30.4660283Z [INFO] Tests run: 1, Failures: 0, Errors: 0, Skipped: 0, Time elapsed: 0 s - in org.keycloak.common.crypto.CryptoIntegrationTest
Test remote (slow)	Test operator running in cluster	2025-04-28T08:50:30.4661406Z [INFO] Running org.keycloak.common.enums.SslRequiredTest
Test remote (slow)	Test operator running in cluster	2025-04-28T08:50:30.4719107Z [INFO] Tests run: 1, Failures: 0, Errors: 0, Skipped: 0, Time elapsed: 0.001 s - in org.keycloak.common.enums.SslRequiredTest
Test remote (slow)	Test operator running in cluster	2025-04-28T08:50:30.4720324Z [INFO] Running org.keycloak.common.util.Base64DecodeTest
Test remote (slow)	Test operator running in cluster	2025-04-28T08:50:30.4777728Z [INFO] Tests run: 5, Failures: 0, Errors: 0, Skipped: 0, Time elapsed: 0.001 s - in org.keycloak.common.util.Base64DecodeTest
Test remote (slow)	Test operator running in cluster	2025-04-28T08:50:30.4778894Z [INFO] Running org.keycloak.common.util.CollectionUtilTest
Test remote (slow)	Test operator running in cluster	2025-04-28T08:50:30.4857488Z [INFO] Tests run: 6, Failures: 0, Errors: 0, Skipped: 0, Time elapsed: 0 s - in org.keycloak.common.util.CollectionUtilTest
Test remote (slow)	Test operator running in cluster	2025-04-28T08:50:30.4858764Z [INFO] Running org.keycloak.common.util.HtmlUtilsTest
Test remote (slow)	Test operator running in cluster	2025-04-28T08:50:30.4972668Z [INFO] Tests run: 1, Failures: 0, Errors: 0, Skipped: 0, Time elapsed: 0 s - in org.keycloak.common.util.HtmlUtilsTest
Test remote (slow)	Test operator running in cluster	2025-04-28T08:50:30.4983436Z [INFO] Running org.keycloak.common.util.KeyUtilsTest
Test remote (slow)	Test operator running in cluster	2025-04-28T08:50:30.4998028Z [INFO] Tests run: 1, Failures: 0, Errors: 0, Skipped: 0, Time elapsed: 0 s - in org.keycloak.common.util.KeyUtilsTest
Test remote (slow)	Test operator running in cluster	2025-04-28T08:50:30.4999432Z [INFO] Running org.keycloak.common.util.KeycloakUriBuilderTest
Test remote (slow)	Test operator running in cluster	2025-04-28T08:50:30.5053408Z [INFO] Tests run: 5, Failures: 0, Errors: 0, Skipped: 0, Time elapsed: 0.002 s - in org.keycloak.common.util.KeycloakUriBuilderTest
Test remote (slow)	Test operator running in cluster	2025-04-28T08:50:30.5055026Z [INFO] Running org.keycloak.common.util.KeystoreUtilTest
Test remote (slow)	Test operator running in cluster	2025-04-28T08:50:30.5082009Z [INFO] Tests run: 2, Failures: 0, Errors: 0, Skipped: 0, Time elapsed: 0 s - in org.keycloak.common.util.KeystoreUtilTest
Test remote (slow)	Test operator running in cluster	2025-04-28T08:50:30.5088453Z [INFO] Running org.keycloak.common.util.MultivaluedHashMapTest
Test remote (slow)	Test operator running in cluster	2025-04-28T08:50:30.5113950Z [INFO] Tests run: 5, Failures: 0, Errors: 0, Skipped: 0, Time elapsed: 0.001 s - in org.keycloak.common.util.MultivaluedHashMapTest
Test remote (slow)	Test operator running in cluster	2025-04-28T08:50:30.5115729Z [INFO] Running org.keycloak.common.util.PaddingUtilsTest
Test remote (slow)	Test operator running in cluster	2025-04-28T08:50:30.5280154Z [INFO] Tests run: 1, Failures: 0, Errors: 0, Skipped: 0, Time elapsed: 0.009 s - in org.keycloak.common.util.PaddingUtilsTest
Test remote (slow)	Test operator running in cluster	2025-04-28T08:50:30.5281836Z [INFO] Running org.keycloak.common.util.PathMatcherTest
Test remote (slow)	Test operator running in cluster	2025-04-28T08:50:30.5325778Z [INFO] Tests run: 1, Failures: 0, Errors: 0, Skipped: 0, Time elapsed: 0.001 s - in org.keycloak.common.util.PathMatcherTest
Test remote (slow)	Test operator running in cluster	2025-04-28T08:50:30.5327364Z [INFO] Running org.keycloak.common.util.StringPropertyReplacerTest
Test remote (slow)	Test operator running in cluster	2025-04-28T08:50:30.5583172Z [INFO] Tests run: 3, Failures: 0, Errors: 0, Skipped: 0, Time elapsed: 0.024 s - in org.keycloak.common.util.StringPropertyReplacerTest
Test remote (slow)	Test operator running in cluster	2025-04-28T08:50:30.5584708Z [INFO] Running org.keycloak.common.util.StringSerializationTest
Test remote (slow)	Test operator running in cluster	2025-04-28T08:50:30.5705813Z [INFO] Tests run: 3, Failures: 0, Errors: 0, Skipped: 0, Time elapsed: 0.01 s - in org.keycloak.common.util.StringSerializationTest
Test remote (slow)	Test operator running in cluster	2025-04-28T08:50:30.5718776Z [INFO] Running org.keycloak.common.util.URLEncodingTest
Test remote (slow)	Test operator running in cluster	2025-04-28T08:50:30.5749462Z [INFO] Tests run: 2, Failures: 0, Errors: 0, Skipped: 0, Time elapsed: 0 s - in org.keycloak.common.util.URLEncodingTest
Test remote (slow)	Test operator running in cluster	2025-04-28T08:50:30.5982844Z [INFO] 
Test remote (slow)	Test operator running in cluster	2025-04-28T08:50:30.5983231Z [INFO] Results:
Test remote (slow)	Test operator running in cluster	2025-04-28T08:50:30.5983576Z [INFO] 
Test remote (slow)	Test operator running in cluster	2025-04-28T08:50:30.5985631Z [INFO] Tests run: 53, Failures: 0, Errors: 0, Skipped: 0
Test remote (slow)	Test operator running in cluster	2025-04-28T08:50:30.5986345Z [INFO] 
Test remote (slow)	Test operator running in cluster	2025-04-28T08:50:30.6003641Z [INFO] 
Test remote (slow)	Test operator running in cluster	2025-04-28T08:50:30.6004108Z [INFO] --- jar:3.1.2:jar (default-jar) @ keycloak-common ---
Test remote (slow)	Test operator running in cluster	2025-04-28T08:50:32.0738446Z [INFO] Building jar: /home/runner/work/keycloak/keycloak/common/target/keycloak-common-999.0.0-SNAPSHOT.jar
Test remote (slow)	Test operator running in cluster	2025-04-28T08:50:32.1376350Z [INFO] 
Test remote (slow)	Test operator running in cluster	2025-04-28T08:50:32.1380989Z [INFO] --- source:3.1.0:jar-no-fork (attach-sources) @ keycloak-common ---
Test remote (slow)	Test operator running in cluster	2025-04-28T08:50:32.2381605Z [INFO] Building jar: /home/runner/work/keycloak/keycloak/common/target/keycloak-common-999.0.0-SNAPSHOT-sources.jar
Test remote (slow)	Test operator running in cluster	2025-04-28T08:50:32.3033621Z [INFO] 
Test remote (slow)	Test operator running in cluster	2025-04-28T08:50:32.3055088Z [INFO] --- install:2.5.2:install (default-install) @ keycloak-common ---
Test remote (slow)	Test operator running in cluster	2025-04-28T08:50:32.3080578Z [INFO] Installing /home/runner/work/keycloak/keycloak/common/target/keycloak-common-999.0.0-SNAPSHOT.jar to /home/runner/.m2/repository/org/keycloak/keycloak-common/999.0.0-SNAPSHOT/keycloak-common-999.0.0-SNAPSHOT.jar
Test remote (slow)	Test operator running in cluster	2025-04-28T08:50:32.3102457Z [INFO] Installing /home/runner/work/keycloak/keycloak/common/pom.xml to /home/runner/.m2/repository/org/keycloak/keycloak-common/999.0.0-SNAPSHOT/keycloak-common-999.0.0-SNAPSHOT.pom
Test remote (slow)	Test operator running in cluster	2025-04-28T08:50:32.3138900Z [INFO] Installing /home/runner/work/keycloak/keycloak/common/target/keycloak-common-999.0.0-SNAPSHOT-sources.jar to /home/runner/.m2/repository/org/keycloak/keycloak-common/999.0.0-SNAPSHOT/keycloak-common-999.0.0-SNAPSHOT-sources.jar
Test remote (slow)	Test operator running in cluster	2025-04-28T08:50:32.3216679Z [INFO] 
Test remote (slow)	Test operator running in cluster	2025-04-28T08:50:32.3217688Z [INFO] ---------------------< org.keycloak:keycloak-core >---------------------
Test remote (slow)	Test operator running in cluster	2025-04-28T08:50:32.3218813Z [INFO] Building Keycloak Core 999.0.0-SNAPSHOT                            [3/4]
Test remote (slow)	Test operator running in cluster	2025-04-28T08:50:32.3219714Z [INFO]   from core/pom.xml
Test remote (slow)	Test operator running in cluster	2025-04-28T08:50:32.3220470Z [INFO] --------------------------------[ jar ]---------------------------------
Test remote (slow)	Test operator running in cluster	2025-04-28T08:50:32.4184341Z [INFO] 
Test remote (slow)	Test operator running in cluster	2025-04-28T08:50:32.4189100Z [INFO] --- enforcer:3.0.0-M3:enforce (enforce-java-version) @ keycloak-core ---
Test remote (slow)	Test operator running in cluster	2025-04-28T08:50:32.4202934Z [INFO] 
Test remote (slow)	Test operator running in cluster	2025-04-28T08:50:32.4209019Z [INFO] --- enforcer:3.0.0-M3:enforce (enforce-maven-version) @ keycloak-core ---
Test remote (slow)	Test operator running in cluster	2025-04-28T08:50:32.4210463Z [INFO] 
Test remote (slow)	Test operator running in cluster	2025-04-28T08:50:32.4211267Z [INFO] --- buildnumber:1.4:create (get-scm-revision) @ keycloak-core ---
Test remote (slow)	Test operator running in cluster	2025-04-28T08:50:32.4218901Z [INFO] 
Test remote (slow)	Test operator running in cluster	2025-04-28T08:50:32.4219944Z [INFO] --- resources:3.2.0:resources (default-resources) @ keycloak-core ---
Test remote (slow)	Test operator running in cluster	2025-04-28T08:50:32.4230200Z [INFO] Using 'UTF-8' encoding to copy filtered resources.
Test remote (slow)	Test operator running in cluster	2025-04-28T08:50:32.4234608Z [INFO] Using 'UTF-8' encoding to copy filtered properties files.
Test remote (slow)	Test operator running in cluster	2025-04-28T08:50:32.4238858Z [INFO] Copying 1 resource
Test remote (slow)	Test operator running in cluster	2025-04-28T08:50:32.4255402Z [INFO] 
Test remote (slow)	Test operator running in cluster	2025-04-28T08:50:32.4260039Z [INFO] --- compiler:3.8.1:compile (default-compile) @ keycloak-core ---
Test remote (slow)	Test operator running in cluster	2025-04-28T08:50:32.4661831Z [INFO] Changes detected - recompiling the module!
Test remote (slow)	Test operator running in cluster	2025-04-28T08:50:32.4668016Z [INFO] Compiling 302 source files to /home/runner/work/keycloak/keycloak/core/target/classes
Test remote (slow)	Test operator running in cluster	2025-04-28T08:50:33.8117666Z [WARNING] source value 8 is obsolete and will be removed in a future release
Test remote (slow)	Test operator running in cluster	2025-04-28T08:50:33.8132791Z [WARNING] target value 8 is obsolete and will be removed in a future release
Test remote (slow)	Test operator running in cluster	2025-04-28T08:50:33.8138575Z [WARNING] To suppress warnings about obsolete options, use -Xlint:-options.
Test remote (slow)	Test operator running in cluster	2025-04-28T08:50:33.8140401Z [WARNING] /home/runner/work/keycloak/keycloak/core/src/main/java/org/keycloak/jose/jws/crypto/HMACProvider.java:[22,29] org.keycloak.jose.jws.Algorithm in org.keycloak.jose.jws has been deprecated
Test remote (slow)	Test operator running in cluster	2025-04-28T08:50:33.8143107Z [WARNING] /home/runner/work/keycloak/keycloak/core/src/main/java/org/keycloak/jose/jws/crypto/RSAProvider.java:[22,29] org.keycloak.jose.jws.Algorithm in org.keycloak.jose.jws has been deprecated
Test remote (slow)	Test operator running in cluster	2025-04-28T08:50:33.8146073Z [WARNING] /home/runner/work/keycloak/keycloak/core/src/main/java/org/keycloak/TokenVerifier.java:[360,28] unchecked generic array creation for varargs parameter of type org.keycloak.TokenVerifier.Predicate<org.keycloak.representations.JsonWebToken>[]
Test remote (slow)	Test operator running in cluster	2025-04-28T08:50:33.8149283Z [WARNING] /home/runner/work/keycloak/keycloak/core/src/main/java/org/keycloak/jose/jws/JWSInput.java:[82,22] getHeader() in org.keycloak.jose.jws.JWSInput implements <H>getHeader() in org.keycloak.jose.JOSE
Test remote (slow)	Test operator running in cluster	2025-04-28T08:50:33.8151503Z   return type requires unchecked conversion from org.keycloak.jose.jws.JWSHeader to H
Test remote (slow)	Test operator running in cluster	2025-04-28T08:50:33.8153317Z [WARNING] /home/runner/work/keycloak/keycloak/core/src/main/java/org/keycloak/jose/jws/JWSHeader.java:[39,13] org.keycloak.jose.jws.Algorithm in org.keycloak.jose.jws has been deprecated
Test remote (slow)	Test operator running in cluster	2025-04-28T08:50:33.8156119Z [WARNING] /home/runner/work/keycloak/keycloak/core/src/main/java/org/keycloak/jose/jws/JWSHeader.java:[59,22] org.keycloak.jose.jws.Algorithm in org.keycloak.jose.jws has been deprecated
Test remote (slow)	Test operator running in cluster	2025-04-28T08:50:33.8159129Z [WARNING] /home/runner/work/keycloak/keycloak/core/src/main/java/org/keycloak/jose/jws/JWSHeader.java:[65,22] org.keycloak.jose.jws.Algorithm in org.keycloak.jose.jws has been deprecated
Test remote (slow)	Test operator running in cluster	2025-04-28T08:50:33.8164526Z [WARNING] /home/runner/work/keycloak/keycloak/core/src/main/java/org/keycloak/jose/jws/JWSHeader.java:[72,12] org.keycloak.jose.jws.Algorithm in org.keycloak.jose.jws has been deprecated
Test remote (slow)	Test operator running in cluster	2025-04-28T08:50:33.8167268Z [WARNING] /home/runner/work/keycloak/keycloak/core/src/main/java/org/keycloak/jose/jwe/JWE.java:[61,23] getHeader() in org.keycloak.jose.jwe.JWE implements <H>getHeader() in org.keycloak.jose.JOSE
Test remote (slow)	Test operator running in cluster	2025-04-28T08:50:33.8169126Z   return type requires unchecked conversion from org.keycloak.jose.JOSEHeader to H
Test remote (slow)	Test operator running in cluster	2025-04-28T08:50:33.8170952Z [WARNING] /home/runner/work/keycloak/keycloak/core/src/main/java/org/keycloak/representations/idm/authorization/PolicyRepresentation.java:[27,42] unchecked conversion
Test remote (slow)	Test operator running in cluster	2025-04-28T08:50:33.8172556Z   required: java.util.Map<java.lang.String,java.lang.String>
Test remote (slow)	Test operator running in cluster	2025-04-28T08:50:33.8173231Z   found:    java.util.HashMap
Test remote (slow)	Test operator running in cluster	2025-04-28T08:50:33.8174425Z [WARNING] /home/runner/work/keycloak/keycloak/core/src/main/java/org/keycloak/representations/ClaimsRepresentation.java:[103,62] unchecked cast
Test remote (slow)	Test operator running in cluster	2025-04-28T08:50:33.8175988Z   required: org.keycloak.representations.ClaimsRepresentation.ClaimValue<CLAIM_TYPE>
Test remote (slow)	Test operator running in cluster	2025-04-28T08:50:33.8177220Z   found:    org.keycloak.representations.ClaimsRepresentation.ClaimValue
Test remote (slow)	Test operator running in cluster	2025-04-28T08:50:33.8178739Z [WARNING] /home/runner/work/keycloak/keycloak/core/src/main/java/org/keycloak/representations/ClaimsRepresentation.java:[105,63] unchecked cast
Test remote (slow)	Test operator running in cluster	2025-04-28T08:50:33.8180368Z   required: org.keycloak.representations.ClaimsRepresentation.ClaimValue<CLAIM_TYPE>
Test remote (slow)	Test operator running in cluster	2025-04-28T08:50:33.8181450Z   found:    org.keycloak.representations.ClaimsRepresentation.ClaimValue
Test remote (slow)	Test operator running in cluster	2025-04-28T08:50:33.8183212Z [WARNING] /home/runner/work/keycloak/keycloak/core/src/main/java/org/keycloak/jose/jws/JWSBuilder.java:[143,27] org.keycloak.jose.jws.Algorithm in org.keycloak.jose.jws has been deprecated
Test remote (slow)	Test operator running in cluster	2025-04-28T08:50:33.8185744Z [WARNING] /home/runner/work/keycloak/keycloak/core/src/main/java/org/keycloak/jose/jws/JWSBuilder.java:[177,20] org.keycloak.jose.jws.Algorithm in org.keycloak.jose.jws has been deprecated
Test remote (slow)	Test operator running in cluster	2025-04-28T08:50:33.8188457Z [WARNING] /home/runner/work/keycloak/keycloak/core/src/main/java/org/keycloak/representations/AuthorizationDetailsJSONRepresentation.java:[131,73] unchecked cast
Test remote (slow)	Test operator running in cluster	2025-04-28T08:50:33.8189913Z   required: java.util.List<java.lang.String>
Test remote (slow)	Test operator running in cluster	2025-04-28T08:50:33.8190412Z   found:    java.lang.Object
Test remote (slow)	Test operator running in cluster	2025-04-28T08:50:33.8191837Z [WARNING] /home/runner/work/keycloak/keycloak/core/src/main/java/org/keycloak/protocol/oidc/client/authentication/JWTClientCredentialsProvider.java:[114,57] unchecked cast
Test remote (slow)	Test operator running in cluster	2025-04-28T08:50:33.8193508Z   required: java.util.Map<java.lang.String,java.lang.Object>
Test remote (slow)	Test operator running in cluster	2025-04-28T08:50:33.8194123Z   found:    java.lang.Object
Test remote (slow)	Test operator running in cluster	2025-04-28T08:50:33.8195669Z [WARNING] /home/runner/work/keycloak/keycloak/core/src/main/java/org/keycloak/protocol/oidc/client/authentication/JWTClientSecretCredentialsProvider.java:[61,57] unchecked cast
Test remote (slow)	Test operator running in cluster	2025-04-28T08:50:33.8197543Z   required: java.util.Map<java.lang.String,java.lang.Object>
Test remote (slow)	Test operator running in cluster	2025-04-28T08:50:33.8198164Z   found:    java.lang.Object
Test remote (slow)	Test operator running in cluster	2025-04-28T08:50:33.8200321Z [WARNING] /home/runner/work/keycloak/keycloak/core/src/main/java/org/keycloak/protocol/oidc/client/authentication/JWTClientSecretCredentialsProvider.java:[115,67] hmac512(javax.crypto.SecretKey) in org.keycloak.jose.jws.JWSBuilder.EncodingBuilder has been deprecated
Test remote (slow)	Test operator running in cluster	2025-04-28T08:50:33.8204437Z [WARNING] /home/runner/work/keycloak/keycloak/core/src/main/java/org/keycloak/protocol/oidc/client/authentication/JWTClientSecretCredentialsProvider.java:[117,67] hmac384(javax.crypto.SecretKey) in org.keycloak.jose.jws.JWSBuilder.EncodingBuilder has been deprecated
Test remote (slow)	Test operator running in cluster	2025-04-28T08:50:33.8209249Z [WARNING] /home/runner/work/keycloak/keycloak/core/src/main/java/org/keycloak/protocol/oidc/client/authentication/JWTClientSecretCredentialsProvider.java:[119,67] hmac256(javax.crypto.SecretKey) in org.keycloak.jose.jws.JWSBuilder.EncodingBuilder has been deprecated
Test remote (slow)	Test operator running in cluster	2025-04-28T08:50:33.8213177Z [WARNING] /home/runner/work/keycloak/keycloak/core/src/main/java/org/keycloak/representations/idm/authorization/PermissionRequest.java:[51,20] non-varargs call of varargs method with inexact argument type for last parameter;
Test remote (slow)	Test operator running in cluster	2025-04-28T08:50:33.8215111Z   cast to java.lang.String for a varargs call
Test remote (slow)	Test operator running in cluster	2025-04-28T08:50:33.8215827Z   cast to java.lang.String[] for a non-varargs call and to suppress this warning
Test remote (slow)	Test operator running in cluster	2025-04-28T08:50:33.8217801Z [WARNING] /home/runner/work/keycloak/keycloak/core/src/main/java/org/keycloak/AbstractOAuthClient.java:[131,58] non-varargs call of varargs method with inexact argument type for last parameter;
Test remote (slow)	Test operator running in cluster	2025-04-28T08:50:33.8219380Z   cast to java.lang.Object for a varargs call
Test remote (slow)	Test operator running in cluster	2025-04-28T08:50:33.8220082Z   cast to java.lang.Object[] for a non-varargs call and to suppress this warning
Test remote (slow)	Test operator running in cluster	2025-04-28T08:50:33.8221790Z [WARNING] /home/runner/work/keycloak/keycloak/core/src/main/java/org/keycloak/AbstractOAuthClient.java:[132,59] non-varargs call of varargs method with inexact argument type for last parameter;
Test remote (slow)	Test operator running in cluster	2025-04-28T08:50:33.8225586Z   cast to java.lang.Object for a varargs call
Test remote (slow)	Test operator running in cluster	2025-04-28T08:50:33.8226344Z   cast to java.lang.Object[] for a non-varargs call and to suppress this warning
Test remote (slow)	Test operator running in cluster	2025-04-28T08:50:33.8228325Z [WARNING] /home/runner/work/keycloak/keycloak/core/src/main/java/org/keycloak/jose/jws/crypto/HMACProvider.java:[38,44] org.keycloak.jose.jws.Algorithm in org.keycloak.jose.jws has been deprecated
Test remote (slow)	Test operator running in cluster	2025-04-28T08:50:33.8230964Z [WARNING] /home/runner/work/keycloak/keycloak/core/src/main/java/org/keycloak/jose/jws/crypto/HMACProvider.java:[51,37] org.keycloak.jose.jws.Algorithm in org.keycloak.jose.jws has been deprecated
Test remote (slow)	Test operator running in cluster	2025-04-28T08:50:33.8233599Z [WARNING] /home/runner/work/keycloak/keycloak/core/src/main/java/org/keycloak/jose/jws/crypto/HMACProvider.java:[62,44] org.keycloak.jose.jws.Algorithm in org.keycloak.jose.jws has been deprecated
Test remote (slow)	Test operator running in cluster	2025-04-28T08:50:33.8236304Z [WARNING] /home/runner/work/keycloak/keycloak/core/src/main/java/org/keycloak/jose/jws/crypto/HMACProvider.java:[73,44] org.keycloak.jose.jws.Algorithm in org.keycloak.jose.jws has been deprecated
Test remote (slow)	Test operator running in cluster	2025-04-28T08:50:33.8239101Z [WARNING] /home/runner/work/keycloak/keycloak/core/src/main/java/org/keycloak/jose/jws/crypto/RSAProvider.java:[36,43] org.keycloak.jose.jws.Algorithm in org.keycloak.jose.jws has been deprecated
Test remote (slow)	Test operator running in cluster	2025-04-28T08:50:33.8241764Z [WARNING] /home/runner/work/keycloak/keycloak/core/src/main/java/org/keycloak/jose/jws/crypto/RSAProvider.java:[49,42] org.keycloak.jose.jws.Algorithm in org.keycloak.jose.jws has been deprecated
Test remote (slow)	Test operator running in cluster	2025-04-28T08:50:33.8244430Z [WARNING] /home/runner/work/keycloak/keycloak/core/src/main/java/org/keycloak/jose/jws/crypto/RSAProvider.java:[57,44] org.keycloak.jose.jws.Algorithm in org.keycloak.jose.jws has been deprecated
Test remote (slow)	Test operator running in cluster	2025-04-28T08:50:33.8247661Z [WARNING] /home/runner/work/keycloak/keycloak/core/src/main/java/org/keycloak/KeyPairVerifier.java:[50,72] rsa256(java.security.PrivateKey) in org.keycloak.jose.jws.JWSBuilder.EncodingBuilder has been deprecated
Test remote (slow)	Test operator running in cluster	2025-04-28T08:50:33.8250895Z [WARNING] /home/runner/work/keycloak/keycloak/core/src/main/java/org/keycloak/representations/idm/RealmRepresentation.java:[277,17] org.keycloak.representations.idm.ApplicationRepresentation in org.keycloak.representations.idm has been deprecated
Test remote (slow)	Test operator running in cluster	2025-04-28T08:50:33.8253977Z [WARNING] /home/runner/work/keycloak/keycloak/core/src/main/java/org/keycloak/representations/idm/RealmRepresentation.java:[1474,38] unchecked cast
Test remote (slow)	Test operator running in cluster	2025-04-28T08:50:33.8255455Z   required: java.util.Map<java.lang.String,java.lang.String>
Test remote (slow)	Test operator running in cluster	2025-04-28T08:50:33.8256533Z   found:    java.util.Map<? extends java.lang.Object,? extends java.lang.Object>
Test remote (slow)	Test operator running in cluster	2025-04-28T08:50:33.8257414Z [INFO] 
Test remote (slow)	Test operator running in cluster	2025-04-28T08:50:33.8257935Z [INFO] --- compiler:3.8.1:compile (compile-java15) @ keycloak-core ---
Test remote (slow)	Test operator running in cluster	2025-04-28T08:50:33.8258899Z [WARNING]  Parameter 'compileSourceRoots' is read-only, must not be used in configuration
Test remote (slow)	Test operator running in cluster	2025-04-28T08:50:33.8259734Z [INFO] Changes detected - recompiling the module!
Test remote (slow)	Test operator running in cluster	2025-04-28T08:50:33.8260560Z [INFO] Compiling 1 source file to /home/runner/work/keycloak/keycloak/core/target/classes
Test remote (slow)	Test operator running in cluster	2025-04-28T08:50:33.9257715Z [INFO] 
Test remote (slow)	Test operator running in cluster	2025-04-28T08:50:33.9261627Z [INFO] --- resources:3.2.0:testResources (default-testResources) @ keycloak-core ---
Test remote (slow)	Test operator running in cluster	2025-04-28T08:50:33.9270959Z [INFO] Using 'UTF-8' encoding to copy filtered resources.
Test remote (slow)	Test operator running in cluster	2025-04-28T08:50:33.9273819Z [INFO] Using 'UTF-8' encoding to copy filtered properties files.
Test remote (slow)	Test operator running in cluster	2025-04-28T08:50:33.9297712Z [INFO] Copying 50 resources
Test remote (slow)	Test operator running in cluster	2025-04-28T08:50:33.9407779Z [INFO] 
Test remote (slow)	Test operator running in cluster	2025-04-28T08:50:33.9412278Z [INFO] --- compiler:3.8.1:testCompile (default-testCompile) @ keycloak-core ---
Test remote (slow)	Test operator running in cluster	2025-04-28T08:50:33.9458399Z [INFO] Changes detected - recompiling the module!
Test remote (slow)	Test operator running in cluster	2025-04-28T08:50:33.9466421Z [INFO] Compiling 41 source files to /home/runner/work/keycloak/keycloak/core/target/test-classes
Test remote (slow)	Test operator running in cluster	2025-04-28T08:50:34.4188366Z [WARNING] source value 8 is obsolete and will be removed in a future release
Test remote (slow)	Test operator running in cluster	2025-04-28T08:50:34.4189446Z [WARNING] target value 8 is obsolete and will be removed in a future release
Test remote (slow)	Test operator running in cluster	2025-04-28T08:50:34.4198114Z [WARNING] To suppress warnings about obsolete options, use -Xlint:-options.
Test remote (slow)	Test operator running in cluster	2025-04-28T08:50:34.4199764Z [WARNING] /home/runner/work/keycloak/keycloak/core/src/test/java/org/keycloak/JsonParserTest.java:[94,64] unchecked cast
Test remote (slow)	Test operator running in cluster	2025-04-28T08:50:34.4208575Z   required: java.util.Map<java.lang.String,java.lang.String>
Test remote (slow)	Test operator running in cluster	2025-04-28T08:50:34.4209216Z   found:    java.lang.Object
Test remote (slow)	Test operator running in cluster	2025-04-28T08:50:34.4210261Z [WARNING] /home/runner/work/keycloak/keycloak/core/src/test/java/org/keycloak/JsonParserTest.java:[156,35] unchecked conversion
Test remote (slow)	Test operator running in cluster	2025-04-28T08:50:34.4211409Z   required: java.util.Collection<java.lang.String>
Test remote (slow)	Test operator running in cluster	2025-04-28T08:50:34.4211951Z   found:    java.util.Collection
Test remote (slow)	Test operator running in cluster	2025-04-28T08:50:34.4212976Z [WARNING] /home/runner/work/keycloak/keycloak/core/src/test/java/org/keycloak/JsonParserTest.java:[165,16] unchecked conversion
Test remote (slow)	Test operator running in cluster	2025-04-28T08:50:34.4214105Z   required: java.util.Collection<java.lang.String>
Test remote (slow)	Test operator running in cluster	2025-04-28T08:50:34.4214641Z   found:    java.util.Collection
Test remote (slow)	Test operator running in cluster	2025-04-28T08:50:34.4215728Z [WARNING] /home/runner/work/keycloak/keycloak/core/src/test/java/org/keycloak/JsonParserTest.java:[173,43] unchecked conversion
Test remote (slow)	Test operator running in cluster	2025-04-28T08:50:34.4216951Z   required: java.util.Map<java.lang.String,java.lang.Object>
Test remote (slow)	Test operator running in cluster	2025-04-28T08:50:34.4217726Z   found:    java.util.Map
Test remote (slow)	Test operator running in cluster	2025-04-28T08:50:34.4219019Z [WARNING] /home/runner/work/keycloak/keycloak/core/src/test/java/org/keycloak/JsonParserTest.java:[228,74] Possible heap pollution from parameterized vararg type T
Test remote (slow)	Test operator running in cluster	2025-04-28T08:50:34.4221663Z [WARNING] /home/runner/work/keycloak/keycloak/core/src/test/java/org/keycloak/SkeletonKeyTokenTest.java:[65,17] rsa256(java.security.PrivateKey) in org.keycloak.jose.jws.JWSBuilder.EncodingBuilder has been deprecated
Test remote (slow)	Test operator running in cluster	2025-04-28T08:50:34.4224725Z [WARNING] /home/runner/work/keycloak/keycloak/core/src/test/java/org/keycloak/SkeletonKeyTokenTest.java:[85,17] rsa256(java.security.PrivateKey) in org.keycloak.jose.jws.JWSBuilder.EncodingBuilder has been deprecated
Test remote (slow)	Test operator running in cluster	2025-04-28T08:50:34.4234708Z [WARNING] /home/runner/work/keycloak/keycloak/core/src/test/java/org/keycloak/SkeletonKeyTokenTest.java:[88,17] rsa256(java.security.PrivateKey) in org.keycloak.jose.jws.JWSBuilder.EncodingBuilder has been deprecated
Test remote (slow)	Test operator running in cluster	2025-04-28T08:50:34.4238611Z [WARNING] /home/runner/work/keycloak/keycloak/core/src/test/java/org/keycloak/SkeletonKeyTokenTest.java:[91,39] unchecked call to KeycloakPrincipal(java.lang.String,T) as a member of the raw type org.keycloak.KeycloakPrincipal
Test remote (slow)	Test operator running in cluster	2025-04-28T08:50:34.4247809Z [WARNING] /home/runner/work/keycloak/keycloak/core/src/test/java/org/keycloak/jose/HmacTest.java:[59,17] hmac256(javax.crypto.SecretKey) in org.keycloak.jose.jws.JWSBuilder.EncodingBuilder has been deprecated
Test remote (slow)	Test operator running in cluster	2025-04-28T08:50:34.4250899Z [WARNING] /home/runner/work/keycloak/keycloak/core/src/test/java/org/keycloak/RSAVerifierTest.java:[81,17] rsa256(java.security.PrivateKey) in org.keycloak.jose.jws.JWSBuilder.EncodingBuilder has been deprecated
Test remote (slow)	Test operator running in cluster	2025-04-28T08:50:34.4253739Z [WARNING] /home/runner/work/keycloak/keycloak/core/src/test/java/org/keycloak/RSAVerifierTest.java:[102,17] rsa256(java.security.PrivateKey) in org.keycloak.jose.jws.JWSBuilder.EncodingBuilder has been deprecated
Test remote (slow)	Test operator running in cluster	2025-04-28T08:50:34.4256330Z [WARNING] /home/runner/work/keycloak/keycloak/core/src/test/java/org/keycloak/RSAVerifierTest.java:[117,16] org.keycloak.RSATokenVerifier in org.keycloak has been deprecated
Test remote (slow)	Test operator running in cluster	2025-04-28T08:50:34.4259073Z [WARNING] /home/runner/work/keycloak/keycloak/core/src/test/java/org/keycloak/RSAVerifierTest.java:[130,21] rsa256(java.security.PrivateKey) in org.keycloak.jose.jws.JWSBuilder.EncodingBuilder has been deprecated
Test remote (slow)	Test operator running in cluster	2025-04-28T08:50:34.4261778Z [WARNING] /home/runner/work/keycloak/keycloak/core/src/test/java/org/keycloak/RSAVerifierTest.java:[144,17] rsa256(java.security.PrivateKey) in org.keycloak.jose.jws.JWSBuilder.EncodingBuilder has been deprecated
Test remote (slow)	Test operator running in cluster	2025-04-28T08:50:34.4264641Z [WARNING] /home/runner/work/keycloak/keycloak/core/src/test/java/org/keycloak/RSAVerifierTest.java:[160,17] rsa256(java.security.PrivateKey) in org.keycloak.jose.jws.JWSBuilder.EncodingBuilder has been deprecated
Test remote (slow)	Test operator running in cluster	2025-04-28T08:50:34.4267643Z [WARNING] /home/runner/work/keycloak/keycloak/core/src/test/java/org/keycloak/RSAVerifierTest.java:[176,17] rsa256(java.security.PrivateKey) in org.keycloak.jose.jws.JWSBuilder.EncodingBuilder has been deprecated
Test remote (slow)	Test operator running in cluster	2025-04-28T08:50:34.4270512Z [WARNING] /home/runner/work/keycloak/keycloak/core/src/test/java/org/keycloak/RSAVerifierTest.java:[193,17] rsa256(java.security.PrivateKey) in org.keycloak.jose.jws.JWSBuilder.EncodingBuilder has been deprecated
Test remote (slow)	Test operator running in cluster	2025-04-28T08:50:34.4273418Z [WARNING] /home/runner/work/keycloak/keycloak/core/src/test/java/org/keycloak/RSAVerifierTest.java:[209,17] rsa256(java.security.PrivateKey) in org.keycloak.jose.jws.JWSBuilder.EncodingBuilder has been deprecated
Test remote (slow)	Test operator running in cluster	2025-04-28T08:50:34.4276218Z [WARNING] /home/runner/work/keycloak/keycloak/core/src/test/java/org/keycloak/RSAVerifierTest.java:[229,17] rsa256(java.security.PrivateKey) in org.keycloak.jose.jws.JWSBuilder.EncodingBuilder has been deprecated
Test remote (slow)	Test operator running in cluster	2025-04-28T08:50:34.4279146Z [WARNING] /home/runner/work/keycloak/keycloak/core/src/test/java/org/keycloak/RSAVerifierTest.java:[248,17] rsa256(java.security.PrivateKey) in org.keycloak.jose.jws.JWSBuilder.EncodingBuilder has been deprecated
Test remote (slow)	Test operator running in cluster	2025-04-28T08:50:34.4281699Z [WARNING] /home/runner/work/keycloak/keycloak/core/src/test/java/org/keycloak/RSAVerifierTest.java:[271,22] realmUrl(java.lang.String) in org.keycloak.TokenVerifier has been deprecated
Test remote (slow)	Test operator running in cluster	2025-04-28T08:50:34.4283084Z [INFO] 
Test remote (slow)	Test operator running in cluster	2025-04-28T08:50:34.4283554Z [INFO] --- surefire:3.0.0-M7:test (default-test) @ keycloak-core ---
Test remote (slow)	Test operator running in cluster	2025-04-28T08:50:34.4286295Z [INFO] Using auto detected provider org.apache.maven.surefire.junit4.JUnit4Provider
Test remote (slow)	Test operator running in cluster	2025-04-28T08:50:34.4323065Z [INFO] 
Test remote (slow)	Test operator running in cluster	2025-04-28T08:50:34.4326091Z [INFO] -------------------------------------------------------
Test remote (slow)	Test operator running in cluster	2025-04-28T08:50:34.4330725Z [INFO]  T E S T S
Test remote (slow)	Test operator running in cluster	2025-04-28T08:50:34.4335015Z [INFO] -------------------------------------------------------
Test remote (slow)	Test operator running in cluster	2025-04-28T08:50:34.6582595Z [INFO] Running org.keycloak.AtHashTest
Test remote (slow)	Test operator running in cluster	2025-04-28T08:50:34.7191440Z [INFO] Tests run: 2, Failures: 0, Errors: 0, Skipped: 0, Time elapsed: 0.059 s - in org.keycloak.AtHashTest
Test remote (slow)	Test operator running in cluster	2025-04-28T08:50:34.7194251Z [INFO] Running org.keycloak.HashTest
Test remote (slow)	Test operator running in cluster	2025-04-28T08:50:34.7266670Z [INFO] Tests run: 1, Failures: 0, Errors: 0, Skipped: 0, Time elapsed: 0.002 s - in org.keycloak.HashTest
Test remote (slow)	Test operator running in cluster	2025-04-28T08:50:34.7267699Z [INFO] Running org.keycloak.JsonParserTest
Test remote (slow)	Test operator running in cluster	2025-04-28T08:50:34.9725075Z GROUP: ALIAS
Test remote (slow)	Test operator running in cluster	2025-04-28T08:50:34.9727859Z GROUP: CRAP
Test remote (slow)	Test operator running in cluster	2025-04-28T08:50:34.9728536Z ALIAS.CRAP
Test remote (slow)	Test operator running in cluster	2025-04-28T08:50:35.0301172Z .pdf no match
Test remote (slow)	Test operator running in cluster	2025-04-28T08:50:35.0311908Z foo.txt matches
Test remote (slow)	Test operator running in cluster	2025-04-28T08:50:35.0470908Z java.lang.Double
Test remote (slow)	Test operator running in cluster	2025-04-28T08:50:35.0471374Z java.lang.Boolean
Test remote (slow)	Test operator running in cluster	2025-04-28T08:50:35.0471821Z java.lang.Integer
Test remote (slow)	Test operator running in cluster	2025-04-28T08:50:35.0473084Z java.util.ArrayList
Test remote (slow)	Test operator running in cluster	2025-04-28T08:50:35.0630782Z {
Test remote (slow)	Test operator running in cluster	2025-04-28T08:50:35.0631442Z   "email_verified" : "true",
Test remote (slow)	Test operator running in cluster	2025-04-28T08:50:35.0631986Z   "yo" : "true",
Test remote (slow)	Test operator running in cluster	2025-04-28T08:50:35.0632352Z   "phone_number" : "978-666-0000",
Test remote (slow)	Test operator running in cluster	2025-04-28T08:50:35.0632765Z   "nested" : {
Test remote (slow)	Test operator running in cluster	2025-04-28T08:50:35.0633080Z     "foo" : "bar"
Test remote (slow)	Test operator running in cluster	2025-04-28T08:50:35.0633392Z   }
Test remote (slow)	Test operator running in cluster	2025-04-28T08:50:35.0633669Z }
Test remote (slow)	Test operator running in cluster	2025-04-28T08:50:35.0633983Z email_verified property: true
Test remote (slow)	Test operator running in cluster	2025-04-28T08:50:35.0634424Z property: 978-666-0000
Test remote (slow)	Test operator running in cluster	2025-04-28T08:50:35.0634784Z map: null
Test remote (slow)	Test operator running in cluster	2025-04-28T08:50:35.0684196Z [INFO] Tests run: 10, Failures: 0, Errors: 0, Skipped: 0, Time elapsed: 0.34 s - in org.keycloak.JsonParserTest
Test remote (slow)	Test operator running in cluster	2025-04-28T08:50:35.0692337Z [INFO] Running org.keycloak.SkeletonKeyTokenTest
Test remote (slow)	Test operator running in cluster	2025-04-28T08:50:35.4682599Z Apr 28, 2025 8:50:35 AM org.keycloak.common.util.DelegatingSerializationFilter createOnJavaAfter8Adapter
Test remote (slow)	Test operator running in cluster	2025-04-28T08:50:35.4686831Z Size of serialized principal: 1502
Test remote (slow)	Test operator running in cluster	2025-04-28T08:50:35.4687812Z INFO: Using OnJavaAfter8 serialization filter adapter
Test remote (slow)	Test operator running in cluster	2025-04-28T08:50:35.4688929Z Apr 28, 2025 8:50:35 AM org.keycloak.common.util.DelegatingSerializationFilter$OnJavaAfter8 setObjectInputFilter
Test remote (slow)	Test operator running in cluster	2025-04-28T08:50:35.4689915Z WARN: Could not set ObjectFilter: null
Test remote (slow)	Test operator running in cluster	2025-04-28T08:50:35.4690854Z Apr 28, 2025 8:50:35 AM org.keycloak.common.util.DelegatingSerializationFilter$OnJavaAfter8 setObjectInputFilter
Test remote (slow)	Test operator running in cluster	2025-04-28T08:50:35.4691815Z WARN: Could not set ObjectFilter: null
Test remote (slow)	Test operator running in cluster	2025-04-28T08:50:35.6979128Z [INFO] Tests run: 5, Failures: 0, Errors: 0, Skipped: 0, Time elapsed: 0.624 s - in org.keycloak.SkeletonKeyTokenTest
Test remote (slow)	Test operator running in cluster	2025-04-28T08:50:35.6981578Z [INFO] Running org.keycloak.jose.JsonWebTokenTest
Test remote (slow)	Test operator running in cluster	2025-04-28T08:50:35.7184146Z [INFO] Tests run: 9, Failures: 0, Errors: 0, Skipped: 0, Time elapsed: 0.017 s - in org.keycloak.jose.JsonWebTokenTest
Test remote (slow)	Test operator running in cluster	2025-04-28T08:50:35.7185687Z [INFO] Running org.keycloak.jose.jwk.JWKUtilTest
Test remote (slow)	Test operator running in cluster	2025-04-28T08:50:35.7304179Z [INFO] Tests run: 6, Failures: 0, Errors: 0, Skipped: 0, Time elapsed: 0.012 s - in org.keycloak.jose.jwk.JWKUtilTest
Test remote (slow)	Test operator running in cluster	2025-04-28T08:50:35.7305386Z [INFO] Running org.keycloak.json.StringListMapDeserializerTest
Test remote (slow)	Test operator running in cluster	2025-04-28T08:50:35.7440761Z [INFO] Tests run: 4, Failures: 0, Errors: 0, Skipped: 0, Time elapsed: 0.012 s - in org.keycloak.json.StringListMapDeserializerTest
Test remote (slow)	Test operator running in cluster	2025-04-28T08:50:35.7445429Z [INFO] Running org.keycloak.sdjwt.ArrayElementDisclosureTest
Test remote (slow)	Test operator running in cluster	2025-04-28T08:50:35.7825941Z [INFO] Tests run: 2, Failures: 0, Errors: 0, Skipped: 0, Time elapsed: 0.037 s - in org.keycloak.sdjwt.ArrayElementDisclosureTest
Test remote (slow)	Test operator running in cluster	2025-04-28T08:50:35.7834228Z [INFO] Running org.keycloak.sdjwt.ArrayElementSerializationTest
Test remote (slow)	Test operator running in cluster	2025-04-28T08:50:35.7888977Z [INFO] Tests run: 1, Failures: 0, Errors: 0, Skipped: 0, Time elapsed: 0.005 s - in org.keycloak.sdjwt.ArrayElementSerializationTest
Test remote (slow)	Test operator running in cluster	2025-04-28T08:50:35.7890161Z [INFO] Running org.keycloak.sdjwt.DisclosureRedListTest
Test remote (slow)	Test operator running in cluster	2025-04-28T08:50:35.7938757Z [INFO] Tests run: 7, Failures: 0, Errors: 0, Skipped: 0, Time elapsed: 0.003 s - in org.keycloak.sdjwt.DisclosureRedListTest
Test remote (slow)	Test operator running in cluster	2025-04-28T08:50:35.7939839Z [INFO] Running org.keycloak.sdjwt.IssuerSignedJWTTest
Test remote (slow)	Test operator running in cluster	2025-04-28T08:50:35.8173982Z [INFO] Tests run: 4, Failures: 0, Errors: 0, Skipped: 0, Time elapsed: 0.019 s - in org.keycloak.sdjwt.IssuerSignedJWTTest
Test remote (slow)	Test operator running in cluster	2025-04-28T08:50:35.8175018Z [INFO] Running org.keycloak.sdjwt.JsonClaimsetTest
Test remote (slow)	Test operator running in cluster	2025-04-28T08:50:35.8198579Z [INFO] Tests run: 1, Failures: 0, Errors: 0, Skipped: 0, Time elapsed: 0 s - in org.keycloak.sdjwt.JsonClaimsetTest
Test remote (slow)	Test operator running in cluster	2025-04-28T08:50:35.8201519Z [INFO] Running org.keycloak.sdjwt.JsonNodeComparisonTest
Test remote (slow)	Test operator running in cluster	2025-04-28T08:50:35.8235333Z [INFO] Tests run: 1, Failures: 0, Errors: 0, Skipped: 0, Time elapsed: 0 s - in org.keycloak.sdjwt.JsonNodeComparisonTest
Test remote (slow)	Test operator running in cluster	2025-04-28T08:50:35.8237687Z [INFO] Running org.keycloak.sdjwt.SdJWTSamplesTest
Test remote (slow)	Test operator running in cluster	2025-04-28T08:50:35.8355562Z [INFO] Tests run: 4, Failures: 0, Errors: 0, Skipped: 0, Time elapsed: 0.01 s - in org.keycloak.sdjwt.SdJWTSamplesTest
Test remote (slow)	Test operator running in cluster	2025-04-28T08:50:35.8360222Z [INFO] Running org.keycloak.sdjwt.SdJwtTest
Test remote (slow)	Test operator running in cluster	2025-04-28T08:50:35.9588351Z [INFO] Tests run: 2, Failures: 0, Errors: 0, Skipped: 0, Time elapsed: 0.119 s - in org.keycloak.sdjwt.SdJwtTest
Test remote (slow)	Test operator running in cluster	2025-04-28T08:50:35.9589631Z [INFO] Running org.keycloak.sdjwt.SdJwtUtilsTest
Test remote (slow)	Test operator running in cluster	2025-04-28T08:50:35.9615212Z [INFO] Tests run: 6, Failures: 0, Errors: 0, Skipped: 0, Time elapsed: 0.003 s - in org.keycloak.sdjwt.SdJwtUtilsTest
Test remote (slow)	Test operator running in cluster	2025-04-28T08:50:35.9617502Z [INFO] Running org.keycloak.sdjwt.UndisclosedClaimTest
Test remote (slow)	Test operator running in cluster	2025-04-28T08:50:35.9708136Z [INFO] Tests run: 1, Failures: 0, Errors: 0, Skipped: 0, Time elapsed: 0.006 s - in org.keycloak.sdjwt.UndisclosedClaimTest
Test remote (slow)	Test operator running in cluster	2025-04-28T08:50:35.9709630Z [INFO] Running org.keycloak.sdjwt.consumer.SimplePresentationDefinitionTest
Test remote (slow)	Test operator running in cluster	2025-04-28T08:50:35.9855836Z [INFO] Tests run: 3, Failures: 0, Errors: 0, Skipped: 0, Time elapsed: 0.015 s - in org.keycloak.sdjwt.consumer.SimplePresentationDefinitionTest
Test remote (slow)	Test operator running in cluster	2025-04-28T08:50:35.9865261Z [INFO] Running org.keycloak.sdjwt.sdjwtvp.KeyBindingJwtVerificationOptsTest
Test remote (slow)	Test operator running in cluster	2025-04-28T08:50:35.9945403Z [INFO] Tests run: 3, Failures: 0, Errors: 0, Skipped: 0, Time elapsed: 0.004 s - in org.keycloak.sdjwt.sdjwtvp.KeyBindingJwtVerificationOptsTest
Test remote (slow)	Test operator running in cluster	2025-04-28T08:50:35.9946591Z [INFO] Running org.keycloak.util.BasicAuthHelperTest
Test remote (slow)	Test operator running in cluster	2025-04-28T08:50:35.9963726Z [INFO] Tests run: 4, Failures: 0, Errors: 0, Skipped: 0, Time elapsed: 0.002 s - in org.keycloak.util.BasicAuthHelperTest
Test remote (slow)	Test operator running in cluster	2025-04-28T08:50:35.9966233Z [INFO] Running org.keycloak.util.UriUtilsTest
Test remote (slow)	Test operator running in cluster	2025-04-28T08:50:36.0037368Z [INFO] Tests run: 2, Failures: 0, Errors: 0, Skipped: 0, Time elapsed: 0.006 s - in org.keycloak.util.UriUtilsTest
Test remote (slow)	Test operator running in cluster	2025-04-28T08:50:36.0252944Z [INFO] 
Test remote (slow)	Test operator running in cluster	2025-04-28T08:50:36.0253615Z [INFO] Results:
Test remote (slow)	Test operator running in cluster	2025-04-28T08:50:36.0254004Z [INFO] 
Test remote (slow)	Test operator running in cluster	2025-04-28T08:50:36.0254430Z [INFO] Tests run: 78, Failures: 0, Errors: 0, Skipped: 0
Test remote (slow)	Test operator running in cluster	2025-04-28T08:50:36.0254944Z [INFO] 
Test remote (slow)	Test operator running in cluster	2025-04-28T08:50:36.0261598Z [INFO] 
Test remote (slow)	Test operator running in cluster	2025-04-28T08:50:36.0262152Z [INFO] --- jar:3.1.2:jar (default-jar) @ keycloak-core ---
Test remote (slow)	Test operator running in cluster	2025-04-28T08:50:36.0606071Z [INFO] Building jar: /home/runner/work/keycloak/keycloak/core/target/keycloak-core-999.0.0-SNAPSHOT.jar
Test remote (slow)	Test operator running in cluster	2025-04-28T08:50:36.1008742Z [INFO] 
Test remote (slow)	Test operator running in cluster	2025-04-28T08:50:36.1017887Z [INFO] --- source:3.1.0:jar-no-fork (attach-sources) @ keycloak-core ---
Test remote (slow)	Test operator running in cluster	2025-04-28T08:50:36.1821144Z [INFO] Building jar: /home/runner/work/keycloak/keycloak/core/target/keycloak-core-999.0.0-SNAPSHOT-sources.jar
Test remote (slow)	Test operator running in cluster	2025-04-28T08:50:36.2170917Z [INFO] 
Test remote (slow)	Test operator running in cluster	2025-04-28T08:50:36.2178537Z [INFO] --- jar:3.1.2:test-jar (default) @ keycloak-core ---
Test remote (slow)	Test operator running in cluster	2025-04-28T08:50:36.2293859Z [INFO] Building jar: /home/runner/work/keycloak/keycloak/core/target/keycloak-core-999.0.0-SNAPSHOT-tests.jar
Test remote (slow)	Test operator running in cluster	2025-04-28T08:50:36.2605027Z [INFO] 
Test remote (slow)	Test operator running in cluster	2025-04-28T08:50:36.2606238Z [INFO] --- install:2.5.2:install (default-install) @ keycloak-core ---
Test remote (slow)	Test operator running in cluster	2025-04-28T08:50:36.2628989Z [INFO] Installing /home/runner/work/keycloak/keycloak/core/target/keycloak-core-999.0.0-SNAPSHOT.jar to /home/runner/.m2/repository/org/keycloak/keycloak-core/999.0.0-SNAPSHOT/keycloak-core-999.0.0-SNAPSHOT.jar
Test remote (slow)	Test operator running in cluster	2025-04-28T08:50:36.2650014Z [INFO] Installing /home/runner/work/keycloak/keycloak/core/pom.xml to /home/runner/.m2/repository/org/keycloak/keycloak-core/999.0.0-SNAPSHOT/keycloak-core-999.0.0-SNAPSHOT.pom
Test remote (slow)	Test operator running in cluster	2025-04-28T08:50:36.2685621Z [INFO] Installing /home/runner/work/keycloak/keycloak/core/target/keycloak-core-999.0.0-SNAPSHOT-sources.jar to /home/runner/.m2/repository/org/keycloak/keycloak-core/999.0.0-SNAPSHOT/keycloak-core-999.0.0-SNAPSHOT-sources.jar
Test remote (slow)	Test operator running in cluster	2025-04-28T08:50:36.2722975Z [INFO] Installing /home/runner/work/keycloak/keycloak/core/target/keycloak-core-999.0.0-SNAPSHOT-tests.jar to /home/runner/.m2/repository/org/keycloak/keycloak-core/999.0.0-SNAPSHOT/keycloak-core-999.0.0-SNAPSHOT-tests.jar
Test remote (slow)	Test operator running in cluster	2025-04-28T08:50:36.2747690Z [INFO] 
Test remote (slow)	Test operator running in cluster	2025-04-28T08:50:36.2752088Z [INFO] -------------------< org.keycloak:keycloak-operator >-------------------
Test remote (slow)	Test operator running in cluster	2025-04-28T08:50:36.2753408Z [INFO] Building Keycloak Operator 999.0.0-SNAPSHOT                        [4/4]
Test remote (slow)	Test operator running in cluster	2025-04-28T08:50:36.2754459Z [INFO]   from operator/pom.xml
Test remote (slow)	Test operator running in cluster	2025-04-28T08:50:36.2755118Z [INFO] --------------------------------[ jar ]---------------------------------
Test remote (slow)	Test operator running in cluster	2025-04-28T08:50:40.1485832Z [INFO] 
Test remote (slow)	Test operator running in cluster	2025-04-28T08:50:40.1489752Z [INFO] --- enforcer:3.0.0-M3:enforce (enforce-java-version) @ keycloak-operator ---
Test remote (slow)	Test operator running in cluster	2025-04-28T08:50:40.1509438Z [INFO] 
Test remote (slow)	Test operator running in cluster	2025-04-28T08:50:40.1511414Z [INFO] --- enforcer:3.0.0-M3:enforce (enforce-maven-version) @ keycloak-operator ---
Test remote (slow)	Test operator running in cluster	2025-04-28T08:50:40.1514492Z [INFO] 
Test remote (slow)	Test operator running in cluster	2025-04-28T08:50:40.1515541Z [INFO] --- resources:3.2.0:copy-resources (copy-resources) @ keycloak-operator ---
Test remote (slow)	Test operator running in cluster	2025-04-28T08:50:40.1573637Z [INFO] Using 'UTF-8' encoding to copy filtered resources.
Test remote (slow)	Test operator running in cluster	2025-04-28T08:50:40.1582952Z [INFO] Using 'UTF-8' encoding to copy filtered properties files.
Test remote (slow)	Test operator running in cluster	2025-04-28T08:50:40.1585015Z [INFO] Copying 3 resources
Test remote (slow)	Test operator running in cluster	2025-04-28T08:50:40.1597620Z [INFO] 
Test remote (slow)	Test operator running in cluster	2025-04-28T08:50:40.1599778Z [INFO] --- resources:3.2.0:copy-resources (copy-ubi-null) @ keycloak-operator ---
Test remote (slow)	Test operator running in cluster	2025-04-28T08:50:40.1607639Z [INFO] Using 'UTF-8' encoding to copy filtered resources.
Test remote (slow)	Test operator running in cluster	2025-04-28T08:50:40.1612236Z [INFO] Using 'UTF-8' encoding to copy filtered properties files.
Test remote (slow)	Test operator running in cluster	2025-04-28T08:50:40.1616202Z [INFO] Copying 1 resource
Test remote (slow)	Test operator running in cluster	2025-04-28T08:50:40.1616632Z [INFO] 
Test remote (slow)	Test operator running in cluster	2025-04-28T08:50:40.1617383Z [INFO] --- buildnumber:1.4:create (get-scm-revision) @ keycloak-operator ---
Test remote (slow)	Test operator running in cluster	2025-04-28T08:50:40.1628014Z [INFO] 
Test remote (slow)	Test operator running in cluster	2025-04-28T08:50:40.1629758Z [INFO] --- build-helper:3.2.0:add-source (default) @ keycloak-operator ---
Test remote (slow)	Test operator running in cluster	2025-04-28T08:50:40.9358272Z [INFO] Source directory: /home/runner/work/keycloak/keycloak/operator/target/generated-sources/java added.
Test remote (slow)	Test operator running in cluster	2025-04-28T08:50:40.9387503Z [INFO] 
Test remote (slow)	Test operator running in cluster	2025-04-28T08:50:40.9388423Z [INFO] --- resources:3.2.0:resources (default-resources) @ keycloak-operator ---
Test remote (slow)	Test operator running in cluster	2025-04-28T08:50:40.9389586Z [INFO] Using 'UTF-8' encoding to copy filtered resources.
Test remote (slow)	Test operator running in cluster	2025-04-28T08:50:40.9390582Z [INFO] Using 'UTF-8' encoding to copy filtered properties files.
Test remote (slow)	Test operator running in cluster	2025-04-28T08:50:40.9391397Z [INFO] Copying 3 resources
Test remote (slow)	Test operator running in cluster	2025-04-28T08:50:40.9391946Z [INFO] 
Test remote (slow)	Test operator running in cluster	2025-04-28T08:50:40.9392644Z [INFO] --- compiler:3.8.1:compile (default-compile) @ keycloak-operator ---
Test remote (slow)	Test operator running in cluster	2025-04-28T08:50:40.9475940Z [INFO] Changes detected - recompiling the module!
Test remote (slow)	Test operator running in cluster	2025-04-28T08:50:40.9480968Z [INFO] Compiling 57 source files to /home/runner/work/keycloak/keycloak/operator/target/classes
Test remote (slow)	Test operator running in cluster	2025-04-28T08:50:43.6236505Z   0% Generating: io.fabric8.kubernetes.api.model.PodTemplateSpec
Test remote (slow)	Test operator running in cluster	2025-04-28T08:50:43.6577811Z   4% Generating: org.keycloak.operator.crds.v2alpha1.deployment.spec.BootstrapAdminSpec
Test remote (slow)	Test operator running in cluster	2025-04-28T08:50:43.6968357Z   8% Generating: org.keycloak.operator.crds.v2alpha1.deployment.spec.TransactionsSpec
Test remote (slow)	Test operator running in cluster	2025-04-28T08:50:43.7356348Z  12% Generating: org.keycloak.operator.crds.v2alpha1.realmimport.KeycloakRealmImport
Test remote (slow)	Test operator running in cluster	2025-04-28T08:50:43.8155592Z  15% Generating: org.keycloak.operator.crds.v2alpha1.deployment.spec.SchedulingSpec
Test remote (slow)	Test operator running in cluster	2025-04-28T08:50:43.8298349Z  19% Generating: io.fabric8.kubernetes.client.CustomResource
Test remote (slow)	Test operator running in cluster	2025-04-28T08:50:43.8438042Z  23% Generating: org.keycloak.operator.crds.v2alpha1.deployment.spec.TruststoreSource
Test remote (slow)	Test operator running in cluster	2025-04-28T08:50:43.8789367Z  27% Generating: io.fabric8.kubernetes.api.model.ObjectMeta
Test remote (slow)	Test operator running in cluster	2025-04-28T08:50:43.8931963Z  31% Generating: org.keycloak.operator.crds.v2alpha1.deployment.spec.ProxySpec
Test remote (slow)	Test operator running in cluster	2025-04-28T08:50:43.9129773Z  35% Generating: org.keycloak.operator.crds.v2alpha1.deployment.spec.UpdateSpec
Test remote (slow)	Test operator running in cluster	2025-04-28T08:50:43.9357912Z  38% Generating: org.keycloak.operator.crds.v2alpha1.deployment.spec.HttpSpec
Test remote (slow)	Test operator running in cluster	2025-04-28T08:50:43.9593943Z  42% Generating: org.keycloak.operator.crds.v2alpha1.deployment.spec.HostnameSpec
Test remote (slow)	Test operator running in cluster	2025-04-28T08:50:43.9805825Z  46% Generating: org.keycloak.operator.crds.v2alpha1.realmimport.KeycloakRealmImportSpec
Test remote (slow)	Test operator running in cluster	2025-04-28T08:50:44.1326629Z  50% Generating: org.keycloak.operator.crds.v2alpha1.deployment.KeycloakSpec
Test remote (slow)	Test operator running in cluster	2025-04-28T08:50:44.1522012Z  54% Generating: org.keycloak.operator.crds.v2alpha1.deployment.Keycloak
Test remote (slow)	Test operator running in cluster	2025-04-28T08:50:44.1700438Z  58% Generating: org.keycloak.operator.crds.v2alpha1.deployment.spec.DatabaseSpec
Test remote (slow)	Test operator running in cluster	2025-04-28T08:50:44.1848187Z  62% Generating: org.keycloak.operator.crds.v2alpha1.deployment.KeycloakStatus
Test remote (slow)	Test operator running in cluster	2025-04-28T08:50:44.1943250Z  65% Generating: org.keycloak.operator.crds.v2alpha1.deployment.spec.UnsupportedSpec
Test remote (slow)	Test operator running in cluster	2025-04-28T08:50:44.2013572Z  69% Generating: org.keycloak.operator.crds.v2alpha1.realmimport.Placeholder
Test remote (slow)	Test operator running in cluster	2025-04-28T08:50:44.2164547Z  73% Generating: org.keycloak.operator.crds.v2alpha1.deployment.spec.TracingSpec
Test remote (slow)	Test operator running in cluster	2025-04-28T08:50:44.2241899Z  77% Generating: org.keycloak.operator.crds.v2alpha1.deployment.spec.IngressSpec
Test remote (slow)	Test operator running in cluster	2025-04-28T08:50:44.2303058Z  81% Generating: org.keycloak.operator.crds.v2alpha1.deployment.spec.CacheSpec
Test remote (slow)	Test operator running in cluster	2025-04-28T08:50:44.2408928Z  85% Generating: org.keycloak.operator.crds.v2alpha1.deployment.spec.Truststore
Test remote (slow)	Test operator running in cluster	2025-04-28T08:50:44.2467571Z  88% Generating: org.keycloak.operator.crds.v2alpha1.deployment.spec.HttpManagementSpec
Test remote (slow)	Test operator running in cluster	2025-04-28T08:50:44.2623525Z  92% Generating: org.keycloak.operator.crds.v2alpha1.deployment.spec.FeatureSpec
Test remote (slow)	Test operator running in cluster	2025-04-28T08:50:45.2338888Z [INFO] Annotation processing is enabled because one or more processors were found
Test remote (slow)	Test operator running in cluster	2025-04-28T08:50:45.2344241Z   on the class path. A future release of javac may disable annotation processing
Test remote (slow)	Test operator running in cluster	2025-04-28T08:50:45.2347777Z   unless at least one processor is specified by name (-processor), or a search
Test remote (slow)	Test operator running in cluster	2025-04-28T08:50:45.2350500Z   path is specified (--processor-path, --processor-module-path), or annotation
Test remote (slow)	Test operator running in cluster	2025-04-28T08:50:45.2361688Z   processing is enabled explicitly (-proc:only, -proc:full).
Test remote (slow)	Test operator running in cluster	2025-04-28T08:50:45.2362392Z   Use -Xlint:-options to suppress this message.
Test remote (slow)	Test operator running in cluster	2025-04-28T08:50:45.2363016Z   Use -proc:none to disable annotation processing.
Test remote (slow)	Test operator running in cluster	2025-04-28T08:50:45.2363838Z [INFO] 100%: Builder generation complete.                                                                                      
Test remote (slow)	Test operator running in cluster	2025-04-28T08:50:45.2365916Z [WARNING] /home/runner/work/keycloak/keycloak/operator/src/main/java/org/keycloak/operator/controllers/KeycloakSharedCsvMetadata.java:[24,5] name() in io.quarkiverse.operatorsdk.annotations.CSVMetadata has been deprecated
Test remote (slow)	Test operator running in cluster	2025-04-28T08:50:45.2369165Z [WARNING] /home/runner/work/keycloak/keycloak/operator/src/main/java/org/keycloak/operator/controllers/KeycloakSharedCsvMetadata.java:[24,5] name() in io.quarkiverse.operatorsdk.annotations.CSVMetadata has been deprecated
Test remote (slow)	Test operator running in cluster	2025-04-28T08:50:45.2372238Z [WARNING] /home/runner/work/keycloak/keycloak/operator/src/main/java/org/keycloak/operator/controllers/KeycloakSharedCsvMetadata.java:[24,5] name() in io.quarkiverse.operatorsdk.annotations.CSVMetadata has been deprecated
Test remote (slow)	Test operator running in cluster	2025-04-28T08:50:45.2375369Z [WARNING] /home/runner/work/keycloak/keycloak/operator/src/main/java/org/keycloak/operator/controllers/KeycloakSharedCsvMetadata.java:[24,5] name() in io.quarkiverse.operatorsdk.annotations.CSVMetadata has been deprecated
Test remote (slow)	Test operator running in cluster	2025-04-28T08:50:45.2377265Z [INFO] 
Test remote (slow)	Test operator running in cluster	2025-04-28T08:50:45.2377865Z [INFO] --- resources:3.2.0:testResources (default-testResources) @ keycloak-operator ---
Test remote (slow)	Test operator running in cluster	2025-04-28T08:50:45.2379196Z [INFO] Using 'UTF-8' encoding to copy filtered resources.
Test remote (slow)	Test operator running in cluster	2025-04-28T08:50:45.2380402Z [INFO] Using 'UTF-8' encoding to copy filtered properties files.
Test remote (slow)	Test operator running in cluster	2025-04-28T08:50:45.2386488Z [INFO] Copying 18 resources
Test remote (slow)	Test operator running in cluster	2025-04-28T08:50:45.2427964Z [INFO] 
Test remote (slow)	Test operator running in cluster	2025-04-28T08:50:45.2431529Z [INFO] --- compiler:3.8.1:testCompile (default-testCompile) @ keycloak-operator ---
Test remote (slow)	Test operator running in cluster	2025-04-28T08:50:45.2482690Z [INFO] Changes detected - recompiling the module!
Test remote (slow)	Test operator running in cluster	2025-04-28T08:50:45.2491886Z [INFO] Compiling 27 source files to /home/runner/work/keycloak/keycloak/operator/target/test-classes
Test remote (slow)	Test operator running in cluster	2025-04-28T08:50:46.5235913Z [INFO] Annotation processing is enabled because one or more processors were found
Test remote (slow)	Test operator running in cluster	2025-04-28T08:50:46.5243181Z   on the class path. A future release of javac may disable annotation processing
Test remote (slow)	Test operator running in cluster	2025-04-28T08:50:46.5246884Z   unless at least one processor is specified by name (-processor), or a search
Test remote (slow)	Test operator running in cluster	2025-04-28T08:50:46.5251161Z   path is specified (--processor-path, --processor-module-path), or annotation
Test remote (slow)	Test operator running in cluster	2025-04-28T08:50:46.5255059Z   processing is enabled explicitly (-proc:only, -proc:full).
Test remote (slow)	Test operator running in cluster	2025-04-28T08:50:46.5260960Z   Use -Xlint:-options to suppress this message.
Test remote (slow)	Test operator running in cluster	2025-04-28T08:50:46.5263584Z   Use -proc:none to disable annotation processing.
Test remote (slow)	Test operator running in cluster	2025-04-28T08:50:46.5264940Z [WARNING] /home/runner/work/keycloak/keycloak/operator/src/test/java/org/keycloak/operator/testsuite/unit/PodTemplateTest.java:[114,49] unchecked conversion
Test remote (slow)	Test operator running in cluster	2025-04-28T08:50:46.5266866Z   required: io.javaoperatorsdk.operator.api.reconciler.Context<org.keycloak.operator.crds.v2alpha1.deployment.Keycloak>
Test remote (slow)	Test operator running in cluster	2025-04-28T08:50:46.5295951Z   found:    io.javaoperatorsdk.operator.api.reconciler.Context
Test remote (slow)	Test operator running in cluster	2025-04-28T08:50:46.5311504Z [WARNING] /home/runner/work/keycloak/keycloak/operator/src/test/java/org/keycloak/operator/testsuite/unit/KeycloakControllerTest.java:[47,53] unchecked conversion
Test remote (slow)	Test operator running in cluster	2025-04-28T08:50:46.5313582Z   required: io.javaoperatorsdk.operator.api.reconciler.Context<org.keycloak.operator.crds.v2alpha1.deployment.Keycloak>
Test remote (slow)	Test operator running in cluster	2025-04-28T08:50:46.5314863Z   found:    io.javaoperatorsdk.operator.api.reconciler.Context
Test remote (slow)	Test operator running in cluster	2025-04-28T08:50:46.5317198Z [WARNING] /home/runner/work/keycloak/keycloak/operator/src/test/java/org/keycloak/operator/testsuite/unit/KeycloakControllerTest.java:[51,102] unchecked method invocation: method thenReturn in interface org.mockito.stubbing.OngoingStubbing is applied to given types
Test remote (slow)	Test operator running in cluster	2025-04-28T08:50:46.5319232Z   required: T
Test remote (slow)	Test operator running in cluster	2025-04-28T08:50:46.5319667Z   found:    io.fabric8.kubernetes.client.dsl.Resource
Test remote (slow)	Test operator running in cluster	2025-04-28T08:50:46.5321135Z [WARNING] /home/runner/work/keycloak/keycloak/operator/src/test/java/org/keycloak/operator/testsuite/unit/KeycloakControllerTest.java:[51,103] unchecked conversion
Test remote (slow)	Test operator running in cluster	2025-04-28T08:50:46.5322530Z   required: T
Test remote (slow)	Test operator running in cluster	2025-04-28T08:50:46.5322994Z   found:    io.fabric8.kubernetes.client.dsl.Resource
Test remote (slow)	Test operator running in cluster	2025-04-28T08:50:46.5324908Z [WARNING] /home/runner/work/keycloak/keycloak/operator/src/test/java/org/keycloak/operator/testsuite/integration/ClusteringTest.java:[326,57] jsonMapper() in io.fabric8.kubernetes.client.utils.Serialization has been deprecated
Test remote (slow)	Test operator running in cluster	2025-04-28T08:50:46.5328269Z [WARNING] /home/runner/work/keycloak/keycloak/operator/src/test/java/org/keycloak/operator/testsuite/integration/ClusteringTest.java:[337,48] jsonMapper() in io.fabric8.kubernetes.client.utils.Serialization has been deprecated
Test remote (slow)	Test operator running in cluster	2025-04-28T08:50:46.5330025Z [INFO] 
Test remote (slow)	Test operator running in cluster	2025-04-28T08:50:46.5330465Z [INFO] --- jar:3.1.2:jar (default-jar) @ keycloak-operator ---
Test remote (slow)	Test operator running in cluster	2025-04-28T08:50:46.5399618Z [INFO] Building jar: /home/runner/work/keycloak/keycloak/operator/target/keycloak-operator-999.0.0-SNAPSHOT.jar
Test remote (slow)	Test operator running in cluster	2025-04-28T08:50:46.5669608Z [INFO] 
Test remote (slow)	Test operator running in cluster	2025-04-28T08:50:46.5671914Z [INFO] --- source:3.1.0:jar-no-fork (attach-sources) @ keycloak-operator ---
Test remote (slow)	Test operator running in cluster	2025-04-28T08:50:46.6472810Z [INFO] Building jar: /home/runner/work/keycloak/keycloak/operator/target/keycloak-operator-999.0.0-SNAPSHOT-sources.jar
Test remote (slow)	Test operator running in cluster	2025-04-28T08:50:46.7485828Z [INFO] 
Test remote (slow)	Test operator running in cluster	2025-04-28T08:50:46.7538172Z [INFO] --- quarkus:3.20.0:build (default) @ keycloak-operator ---
Test remote (slow)	Test operator running in cluster	2025-04-28T08:50:52.7059855Z [INFO] [io.quarkiverse.operatorsdk.deployment.VersionAlignmentCheckingStep] QOSDK: 7.1.1 (commit: 7805667) built on Thu Mar 13 19:06:46 UTC 2025
Test remote (slow)	Test operator running in cluster	2025-04-28T08:50:52.7099801Z [INFO] [io.quarkiverse.operatorsdk.deployment.VersionAlignmentCheckingStep] JOSDK: 5.0.4 (commit: a8a15b1) built on Wed Mar 12 11:07:58 UTC 2025
Test remote (slow)	Test operator running in cluster	2025-04-28T08:50:52.7170994Z [INFO] [io.quarkiverse.operatorsdk.deployment.VersionAlignmentCheckingStep] Fabric8 (effective): 7.1.0
Test remote (slow)	Test operator running in cluster	2025-04-28T08:50:52.7173409Z [WARNING] [io.quarkus.config] Unrecognized configuration key "quarkus.operator-sdk.bundle.package-name" was provided; it will be ignored; verify that the dependency extension for this configuration is set or that you did not make a typo
Test remote (slow)	Test operator running in cluster	2025-04-28T08:50:52.7241256Z [WARNING] [io.quarkiverse.operatorsdk.deployment.VersionAlignmentCheckingStep] Mismatched Quarkus version found: "3.20.0", expected: "3.19.3" by at least a minor version and things might not work as expected.
Test remote (slow)	Test operator running in cluster	2025-04-28T08:50:52.7291672Z [INFO] [io.quarkiverse.operatorsdk.deployment.VersionAlignmentCheckingStep] Fabric8 (JOSDK-defined): 7.1.0
Test remote (slow)	Test operator running in cluster	2025-04-28T08:50:52.7293533Z [INFO] [io.quarkiverse.operatorsdk.deployment.VersionAlignmentCheckingStep] Fabric8 (Quarkus): 7.1.0
Test remote (slow)	Test operator running in cluster	2025-04-28T08:50:54.2616914Z [INFO] [io.quarkiverse.operatorsdk.deployment.OperatorSDKProcessor] Registered 'io.javaoperatorsdk.operator.processing.retry.GenericRetry' for reflection
Test remote (slow)	Test operator running in cluster	2025-04-28T08:50:54.2657360Z [INFO] [io.quarkiverse.operatorsdk.deployment.OperatorSDKProcessor] Registered 'io.javaoperatorsdk.operator.processing.event.rate.LinearRateLimiter' for reflection
Test remote (slow)	Test operator running in cluster	2025-04-28T08:50:54.2660336Z [INFO] [io.quarkiverse.operatorsdk.deployment.OperatorSDKProcessor] Registered 'io.quarkiverse.operatorsdk.runtime.QuarkusControllerConfiguration$DefaultRateLimiter' for reflection
Test remote (slow)	Test operator running in cluster	2025-04-28T08:50:54.2663322Z [INFO] [io.quarkiverse.operatorsdk.deployment.OperatorSDKProcessor] Registered 'io.javaoperatorsdk.operator.processing.dependent.kubernetes.KubernetesDependentResourceConfig' for reflection
Test remote (slow)	Test operator running in cluster	2025-04-28T08:50:54.4620463Z [INFO] Generating 'keycloakrealmimports.k8s.keycloak.org' version 'v2alpha1' with org.keycloak.operator.crds.v2alpha1.realmimport.KeycloakRealmImport (spec: org.keycloak.operator.crds.v2alpha1.realmimport.KeycloakRealmImportSpec / status org.keycloak.operator.crds.v2alpha1.realmimport.KeycloakRealmImportStatus)...
Test remote (slow)	Test operator running in cluster	2025-04-28T08:50:54.7753316Z [WARNING] [io.quarkus.deployment.steps.ReflectiveHierarchyStep] Unable to properly register the hierarchy of the following classes for reflection as they are not in the Jandex index:
Test remote (slow)	Test operator running in cluster	2025-04-28T08:50:54.7758207Z 	- org.keycloak.representations.idm.RealmRepresentation (source: KubernetesClientProcessor > org.keycloak.operator.crds.v2alpha1.realmimport.KeycloakRealmImportSpec > org.keycloak.operator.crds.v2alpha1.realmimport.KeycloakRealmImportSpec > org.keycloak.representations.idm.RealmRepresentation)
Test remote (slow)	Test operator running in cluster	2025-04-28T08:50:54.7766142Z Consider adding them to the index either by creating a Jandex index for your dependency via the Maven plugin, an empty META-INF/beans.xml or quarkus.index-dependency properties.
Test remote (slow)	Test operator running in cluster	2025-04-28T08:50:54.9977190Z [INFO] Generating 'keycloaks.k8s.keycloak.org' version 'v2alpha1' with org.keycloak.operator.crds.v2alpha1.deployment.Keycloak (spec: org.keycloak.operator.crds.v2alpha1.deployment.KeycloakSpec / status org.keycloak.operator.crds.v2alpha1.deployment.KeycloakStatus)...
Test remote (slow)	Test operator running in cluster	2025-04-28T08:50:55.4924793Z [INFO] [io.quarkiverse.operatorsdk.deployment.CRDGeneratorV2] Generated keycloakrealmimports.k8s.keycloak.org CRD:
Test remote (slow)	Test operator running in cluster	2025-04-28T08:50:55.4928626Z [INFO] [io.quarkiverse.operatorsdk.deployment.CRDGeneratorV2]   - v1 -> /home/runner/work/keycloak/keycloak/operator/target/kubernetes/keycloakrealmimports.k8s.keycloak.org-v1.yml
Test remote (slow)	Test operator running in cluster	2025-04-28T08:50:55.4933020Z [INFO] [io.quarkiverse.operatorsdk.deployment.CRDGeneratorV2] Generated keycloaks.k8s.keycloak.org CRD:
Test remote (slow)	Test operator running in cluster	2025-04-28T08:50:55.4935059Z [INFO] [io.quarkiverse.operatorsdk.deployment.CRDGeneratorV2]   - v1 -> /home/runner/work/keycloak/keycloak/operator/target/kubernetes/keycloaks.k8s.keycloak.org-v1.yml
Test remote (slow)	Test operator running in cluster	2025-04-28T08:50:55.5103280Z [INFO] [io.quarkiverse.operatorsdk.deployment.QuarkusControllerConfigurationBuildStep] Processed 'org.keycloak.operator.controllers.KeycloakRealmImportController' reconciler named 'keycloakrealmimportcontroller' for 'keycloakrealmimports.k8s.keycloak.org' resource (version 'k8s.keycloak.org/v2alpha1')
Test remote (slow)	Test operator running in cluster	2025-04-28T08:50:55.5150761Z [INFO] [io.quarkiverse.operatorsdk.deployment.QuarkusControllerConfigurationBuildStep] Processed 'org.keycloak.operator.controllers.KeycloakController' reconciler named 'keycloakcontroller' for 'keycloaks.k8s.keycloak.org' resource (version 'k8s.keycloak.org/v2alpha1')
Test remote (slow)	Test operator running in cluster	2025-04-28T08:50:55.5429068Z [INFO] [io.quarkiverse.operatorsdk.deployment.RoleBindings] Creating 'keycloakrealmimportcontroller-role-binding' RoleBinding to be applied to current namespace
Test remote (slow)	Test operator running in cluster	2025-04-28T08:50:55.5458403Z [INFO] [io.quarkiverse.operatorsdk.deployment.RoleBindings] Creating 'keycloakcontroller-role-binding' RoleBinding to be applied to current namespace
Test remote (slow)	Test operator running in cluster	2025-04-28T08:50:56.2182298Z [INFO] [io.quarkus.kubernetes.deployment.PropertyUtil] Kubernetes manifests are generated with 'The container port http' having default value '8080'. The app and manifests will get out of sync if the property 'quarkus.http.port' is changed at runtime.
Test remote (slow)	Test operator running in cluster	2025-04-28T08:50:56.4818734Z Invalid AnsiLogger Stream -> Swapping to default sdt out logger.
Test remote (slow)	Test operator running in cluster	2025-04-28T08:50:56.4850471Z [[34;1mINFO[m] Adding existing Role with name: keycloak-operator-role.
Test remote (slow)	Test operator running in cluster	2025-04-28T08:50:56.4857566Z [[34;1mINFO[m] Adding existing ClusterRole with name: keycloak-operator-clusterrole.
Test remote (slow)	Test operator running in cluster	2025-04-28T08:50:56.4859185Z [[34;1mINFO[m] Adding existing RoleBinding with name: keycloak-operator-role-binding.
Test remote (slow)	Test operator running in cluster	2025-04-28T08:50:56.4860730Z [[34;1mINFO[m] Adding existing ClusterRoleBinding with name: keycloak-operator-clusterrole-binding.
Test remote (slow)	Test operator running in cluster	2025-04-28T08:50:56.7790921Z [INFO] [io.quarkiverse.operatorsdk.bundle.deployment.BundleProcessor] Assigning 'keycloakcontroller' reconciler to default bundle automatically named 'keycloak-operator'
Test remote (slow)	Test operator running in cluster	2025-04-28T08:50:56.7793606Z [INFO] [io.quarkiverse.operatorsdk.bundle.deployment.BundleProcessor] Assigning 'keycloakrealmimportcontroller' reconciler to default bundle automatically named 'keycloak-operator'
Test remote (slow)	Test operator running in cluster	2025-04-28T08:50:56.7974365Z [INFO] Testcontainers version: 1.20.6
Test remote (slow)	Test operator running in cluster	2025-04-28T08:50:57.4055788Z [INFO] [io.quarkiverse.operatorsdk.bundle.deployment.BundleProcessor] Processing CSV for 'keycloak-operator' controller -> /home/runner/work/keycloak/keycloak/operator/target/bundle/keycloak-operator/manifests/keycloak-operator.clusterserviceversion.yaml
Test remote (slow)	Test operator running in cluster	2025-04-28T08:50:57.4071729Z [INFO] [io.quarkiverse.operatorsdk.bundle.deployment.BundleProcessor] Processing annotations for 'keycloak-operator' controller -> /home/runner/work/keycloak/keycloak/operator/target/bundle/keycloak-operator/metadata/annotations.yaml
Test remote (slow)	Test operator running in cluster	2025-04-28T08:50:57.4079993Z [INFO] [io.quarkiverse.operatorsdk.bundle.deployment.BundleProcessor] Processing bundle for 'keycloak-operator' controller -> /home/runner/work/keycloak/keycloak/operator/target/bundle/keycloak-operator/bundle.Dockerfile
Test remote (slow)	Test operator running in cluster	2025-04-28T08:50:57.4085545Z [INFO] [io.quarkiverse.operatorsdk.bundle.deployment.BundleProcessor] Processing Custom Resource Definition for 'keycloak-operator' controller -> /home/runner/work/keycloak/keycloak/operator/target/bundle/keycloak-operator/manifests/keycloakrealmimports.k8s.keycloak.org-v1.crd.yml
Test remote (slow)	Test operator running in cluster	2025-04-28T08:50:57.4091029Z [INFO] [io.quarkiverse.operatorsdk.bundle.deployment.BundleProcessor] Processing Custom Resource Definition for 'keycloak-operator' controller -> /home/runner/work/keycloak/keycloak/operator/target/bundle/keycloak-operator/manifests/keycloaks.k8s.keycloak.org-v1.crd.yml
Test remote (slow)	Test operator running in cluster	2025-04-28T08:50:57.5353264Z [INFO] Found Docker environment with Environment variables, system properties and defaults. Resolved dockerHost=tcp://192.168.49.2:2376
Test remote (slow)	Test operator running in cluster	2025-04-28T08:50:57.5363636Z [INFO] Docker host IP address is 192.168.49.2
Test remote (slow)	Test operator running in cluster	2025-04-28T08:50:57.5537986Z [INFO] Connected to docker: 
Test remote (slow)	Test operator running in cluster	2025-04-28T08:50:57.5538534Z   Server Version: 24.0.7
Test remote (slow)	Test operator running in cluster	2025-04-28T08:50:57.5538928Z   API Version: 1.43
Test remote (slow)	Test operator running in cluster	2025-04-28T08:50:57.5539310Z   Operating System: Ubuntu 22.04.3 LTS
Test remote (slow)	Test operator running in cluster	2025-04-28T08:50:57.5539771Z   Total Memory: 15989 MB
Test remote (slow)	Test operator running in cluster	2025-04-28T08:50:57.5540142Z   Labels: 
Test remote (slow)	Test operator running in cluster	2025-04-28T08:50:57.5540465Z     provider=docker
Test remote (slow)	Test operator running in cluster	2025-04-28T08:50:57.5646041Z [INFO] Image pull policy will be performed by: DefaultPullPolicy()
Test remote (slow)	Test operator running in cluster	2025-04-28T08:50:57.5666047Z [INFO] Image name substitution will be performed by: DefaultImageNameSubstitutor (composite of 'ConfigurationFileImageNameSubstitutor' and 'PrefixingImageNameSubstitutor')
Test remote (slow)	Test operator running in cluster	2025-04-28T08:50:57.5701724Z [INFO] Checking the system...
Test remote (slow)	Test operator running in cluster	2025-04-28T08:50:57.5708749Z [INFO] ✔︎ Docker server version should be at least 1.6.0
Test remote (slow)	Test operator running in cluster	2025-04-28T08:50:57.5999572Z [INFO] [io.quarkus.container.image.docker.common.deployment.CommonProcessor] Starting (local) container image build for jar using docker
Test remote (slow)	Test operator running in cluster	2025-04-28T08:50:57.6746338Z [INFO] [io.quarkus.container.image.docker.common.deployment.CommonProcessor] Executing the following command to build image: 'docker build -f /home/runner/work/keycloak/keycloak/operator/Dockerfile --build-arg KEYCLOAK_VERSION=999.0.0-SNAPSHOT -t docker.io/keycloak/keycloak-operator:999.0.0-SNAPSHOT /home/runner/work/keycloak/keycloak/operator'
Test remote (slow)	Test operator running in cluster	2025-04-28T08:50:58.0460157Z [INFO] [io.quarkus.deployment.util.ExecUtil] #0 building with "default" instance using docker driver
Test remote (slow)	Test operator running in cluster	2025-04-28T08:50:58.0461101Z [INFO] [io.quarkus.deployment.util.ExecUtil] 
Test remote (slow)	Test operator running in cluster	2025-04-28T08:50:58.0461651Z [INFO] [io.quarkus.deployment.util.ExecUtil] #1 [internal] load .dockerignore
Test remote (slow)	Test operator running in cluster	2025-04-28T08:50:58.0462171Z [INFO] [io.quarkus.deployment.util.ExecUtil] #1 transferring context: 2B done
Test remote (slow)	Test operator running in cluster	2025-04-28T08:50:58.0462643Z [INFO] [io.quarkus.deployment.util.ExecUtil] #1 DONE 0.0s
Test remote (slow)	Test operator running in cluster	2025-04-28T08:50:58.0462999Z [INFO] [io.quarkus.deployment.util.ExecUtil] 
Test remote (slow)	Test operator running in cluster	2025-04-28T08:50:58.0463469Z [INFO] [io.quarkus.deployment.util.ExecUtil] #2 [internal] load build definition from Dockerfile
Test remote (slow)	Test operator running in cluster	2025-04-28T08:50:58.0464054Z [INFO] [io.quarkus.deployment.util.ExecUtil] #2 transferring dockerfile: 2.12kB done
Test remote (slow)	Test operator running in cluster	2025-04-28T08:50:58.0464695Z [INFO] [io.quarkus.deployment.util.ExecUtil] #2 DONE 0.0s
Test remote (slow)	Test operator running in cluster	2025-04-28T08:50:58.0465141Z [INFO] [io.quarkus.deployment.util.ExecUtil] 
Test remote (slow)	Test operator running in cluster	2025-04-28T08:50:58.0465663Z [INFO] [io.quarkus.deployment.util.ExecUtil] #3 [internal] load metadata for registry.access.redhat.com/ubi9:latest
Test remote (slow)	Test operator running in cluster	2025-04-28T08:50:58.1389712Z [INFO] [io.quarkus.deployment.util.ExecUtil] #3 ...
Test remote (slow)	Test operator running in cluster	2025-04-28T08:50:58.1390499Z [INFO] [io.quarkus.deployment.util.ExecUtil] 
Test remote (slow)	Test operator running in cluster	2025-04-28T08:50:58.1391420Z [INFO] [io.quarkus.deployment.util.ExecUtil] #4 [internal] load metadata for registry.access.redhat.com/ubi9-micro:latest
Test remote (slow)	Test operator running in cluster	2025-04-28T08:50:58.1393009Z [INFO] [io.quarkus.deployment.util.ExecUtil] #4 ERROR: pulling from host registry.access.redhat.com failed with status code [manifests latest]: 502 Bad Gateway
Test remote (slow)	Test operator running in cluster	2025-04-28T08:50:58.1484169Z [INFO] [io.quarkus.deployment.util.ExecUtil] 
Test remote (slow)	Test operator running in cluster	2025-04-28T08:50:58.1485477Z [INFO] [io.quarkus.deployment.util.ExecUtil] #3 [internal] load metadata for registry.access.redhat.com/ubi9:latest
Test remote (slow)	Test operator running in cluster	2025-04-28T08:50:58.1486509Z [INFO] [io.quarkus.deployment.util.ExecUtil] #3 CANCELED
Test remote (slow)	Test operator running in cluster	2025-04-28T08:50:58.1487389Z [INFO] [io.quarkus.deployment.util.ExecUtil] ------
Test remote (slow)	Test operator running in cluster	2025-04-28T08:50:58.1488414Z [INFO] [io.quarkus.deployment.util.ExecUtil]  > [internal] load metadata for registry.access.redhat.com/ubi9-micro:latest:
Test remote (slow)	Test operator running in cluster	2025-04-28T08:50:58.1489459Z [INFO] [io.quarkus.deployment.util.ExecUtil] ------
Test remote (slow)	Test operator running in cluster	2025-04-28T08:50:58.1540280Z [INFO] [io.quarkus.deployment.util.ExecUtil] Dockerfile:6
Test remote (slow)	Test operator running in cluster	2025-04-28T08:50:58.1541335Z [INFO] [io.quarkus.deployment.util.ExecUtil] --------------------
Test remote (slow)	Test operator running in cluster	2025-04-28T08:50:58.1543826Z [INFO] [io.quarkus.deployment.util.ExecUtil]    4 |     RUN bash /tmp/ubi-null.sh java-21-openjdk-headless glibc-langpack-en
Test remote (slow)	Test operator running in cluster	2025-04-28T08:50:58.1544884Z [INFO] [io.quarkus.deployment.util.ExecUtil]    5 |     
Test remote (slow)	Test operator running in cluster	2025-04-28T08:50:58.1545789Z [INFO] [io.quarkus.deployment.util.ExecUtil]    6 | >>> FROM registry.access.redhat.com/ubi9-micro
Test remote (slow)	Test operator running in cluster	2025-04-28T08:50:58.1546819Z [INFO] [io.quarkus.deployment.util.ExecUtil]    7 |     ENV LANG en_US.UTF-8
Test remote (slow)	Test operator running in cluster	2025-04-28T08:50:58.1547994Z [INFO] [io.quarkus.deployment.util.ExecUtil]    8 |     
Test remote (slow)	Test operator running in cluster	2025-04-28T08:50:58.1548751Z [INFO] [io.quarkus.deployment.util.ExecUtil] --------------------
Test remote (slow)	Test operator running in cluster	2025-04-28T08:50:58.1550372Z [INFO] [io.quarkus.deployment.util.ExecUtil] ERROR: failed to solve: registry.access.redhat.com/ubi9-micro: pulling from host registry.access.redhat.com failed with status code [manifests latest]: 502 Bad Gateway
Test remote (slow)	Test operator running in cluster	2025-04-28T08:50:58.1915537Z [INFO] ------------------------------------------------------------------------
Test remote (slow)	Test operator running in cluster	2025-04-28T08:50:58.1951210Z [INFO] Reactor Summary for Keycloak 999.0.0-SNAPSHOT:
Test remote (slow)	Test operator running in cluster	2025-04-28T08:50:58.1952475Z [INFO] 
Test remote (slow)	Test operator running in cluster	2025-04-28T08:50:58.1953021Z [INFO] Keycloak ........................................... SUCCESS [ 23.844 s]
Test remote (slow)	Test operator running in cluster	2025-04-28T08:50:58.1953770Z [INFO] Keycloak Common .................................... SUCCESS [ 17.916 s]
Test remote (slow)	Test operator running in cluster	2025-04-28T08:50:58.1954460Z [INFO] Keycloak Core ...................................... SUCCESS [  3.954 s]
Test remote (slow)	Test operator running in cluster	2025-04-28T08:50:58.1955477Z [INFO] Keycloak Operator .................................. FAILURE [ 21.916 s]
Test remote (slow)	Test operator running in cluster	2025-04-28T08:50:58.1956223Z [INFO] ------------------------------------------------------------------------
Test remote (slow)	Test operator running in cluster	2025-04-28T08:50:58.1956773Z [INFO] BUILD FAILURE
Test remote (slow)	Test operator running in cluster	2025-04-28T08:50:58.1957445Z [INFO] ------------------------------------------------------------------------
Test remote (slow)	Test operator running in cluster	2025-04-28T08:50:58.1958001Z [INFO] Total time:  01:08 min
Test remote (slow)	Test operator running in cluster	2025-04-28T08:50:58.1958443Z [INFO] Finished at: 2025-04-28T08:50:58Z
Test remote (slow)	Test operator running in cluster	2025-04-28T08:50:58.1959013Z [INFO] ------------------------------------------------------------------------
Test remote (slow)	Test operator running in cluster	2025-04-28T08:50:58.1965024Z [ERROR] Failed to execute goal io.quarkus:quarkus-maven-plugin:3.20.0:build (default) on project keycloak-operator: Failed to build quarkus application: io.quarkus.builder.BuildException: Build failure: Build failed due to errors
Test remote (slow)	Test operator running in cluster	2025-04-28T08:50:58.1973131Z [ERROR] 	[error]: Build step io.quarkus.container.image.docker.deployment.DockerProcessor#dockerBuildFromJar threw an exception: java.lang.RuntimeException: Execution of 'docker build -f /home/runner/work/keycloak/keycloak/operator/Dockerfile --build-arg KEYCLOAK_VERSION=999.0.0-SNAPSHOT -t docker.io/keycloak/keycloak-operator:999.0.0-SNAPSHOT /home/runner/work/keycloak/keycloak/operator' failed. See docker output for more details
Test remote (slow)	Test operator running in cluster	2025-04-28T08:50:58.1976901Z [ERROR] 	at io.quarkus.container.image.docker.common.deployment.CommonProcessor.containerRuntimeException(CommonProcessor.java:261)
Test remote (slow)	Test operator running in cluster	2025-04-28T08:50:58.1996297Z [ERROR] 	at io.quarkus.container.image.docker.common.deployment.CommonProcessor.buildImage(CommonProcessor.java:249)
Test remote (slow)	Test operator running in cluster	2025-04-28T08:50:58.2006772Z [ERROR] 	at io.quarkus.container.image.docker.deployment.DockerProcessor.createContainerImage(DockerProcessor.java:125)
Test remote (slow)	Test operator running in cluster	2025-04-28T08:50:58.2008840Z [ERROR] 	at io.quarkus.container.image.docker.deployment.DockerProcessor.createContainerImage(DockerProcessor.java:31)
Test remote (slow)	Test operator running in cluster	2025-04-28T08:50:58.2010618Z [ERROR] 	at io.quarkus.container.image.docker.common.deployment.CommonProcessor.buildFromJar(CommonProcessor.java:87)
Test remote (slow)	Test operator running in cluster	2025-04-28T08:50:58.2012318Z [ERROR] 	at io.quarkus.container.image.docker.deployment.DockerProcessor.dockerBuildFromJar(DockerProcessor.java:62)
Test remote (slow)	Test operator running in cluster	2025-04-28T08:50:58.2013810Z [ERROR] 	at java.base/java.lang.invoke.MethodHandle.invokeWithArguments(MethodHandle.java:733)
Test remote (slow)	Test operator running in cluster	2025-04-28T08:50:58.2014951Z [ERROR] 	at io.quarkus.deployment.ExtensionLoader$3.execute(ExtensionLoader.java:856)
Test remote (slow)	Test operator running in cluster	2025-04-28T08:50:58.2015918Z [ERROR] 	at io.quarkus.builder.BuildContext.run(BuildContext.java:255)
Test remote (slow)	Test operator running in cluster	2025-04-28T08:50:58.2016797Z [ERROR] 	at org.jboss.threads.ContextHandler$1.runWith(ContextHandler.java:18)
Test remote (slow)	Test operator running in cluster	2025-04-28T08:50:58.2018104Z [ERROR] 	at org.jboss.threads.EnhancedQueueExecutor$Task.doRunWith(EnhancedQueueExecutor.java:2675)
Test remote (slow)	Test operator running in cluster	2025-04-28T08:50:58.2019374Z [ERROR] 	at org.jboss.threads.EnhancedQueueExecutor$Task.run(EnhancedQueueExecutor.java:2654)
Test remote (slow)	Test operator running in cluster	2025-04-28T08:50:58.2020641Z [ERROR] 	at org.jboss.threads.EnhancedQueueExecutor.runThreadBody(EnhancedQueueExecutor.java:1627)
Test remote (slow)	Test operator running in cluster	2025-04-28T08:50:58.2021949Z [ERROR] 	at org.jboss.threads.EnhancedQueueExecutor$ThreadBody.run(EnhancedQueueExecutor.java:1594)
Test remote (slow)	Test operator running in cluster	2025-04-28T08:50:58.2022914Z [ERROR] 	at java.base/java.lang.Thread.run(Thread.java:1583)
Test remote (slow)	Test operator running in cluster	2025-04-28T08:50:58.2023668Z [ERROR] 	at org.jboss.threads.JBossThread.run(JBossThread.java:499)
Test remote (slow)	Test operator running in cluster	2025-04-28T08:50:58.2024309Z [ERROR] -> [Help 1]
Test remote (slow)	Test operator running in cluster	2025-04-28T08:50:58.2024655Z [ERROR] 
Test remote (slow)	Test operator running in cluster	2025-04-28T08:50:58.2025197Z [ERROR] To see the full stack trace of the errors, re-run Maven with the -e switch.
Test remote (slow)	Test operator running in cluster	2025-04-28T08:50:58.2026020Z [ERROR] Re-run Maven using the -X switch to enable full debug logging.
Test remote (slow)	Test operator running in cluster	2025-04-28T08:50:58.2026633Z [ERROR] 
Test remote (slow)	Test operator running in cluster	2025-04-28T08:50:58.2027857Z [ERROR] For more information about the errors and possible solutions, please read the following articles:
Test remote (slow)	Test operator running in cluster	2025-04-28T08:50:58.2028998Z [ERROR] [Help 1] http://cwiki.apache.org/confluence/display/MAVEN/MojoExecutionException
Test remote (slow)	Test operator running in cluster	2025-04-28T08:50:58.2029728Z [ERROR] 
Test remote (slow)	Test operator running in cluster	2025-04-28T08:50:58.2031590Z [ERROR] After correcting the problems, you can resume the build with the command
Test remote (slow)	Test operator running in cluster	2025-04-28T08:50:58.2032804Z [ERROR]   mvn <args> -rf :keycloak-operator
Test remote (slow)	Test operator running in cluster	2025-04-28T08:50:58.2525452Z  96% Generating: org.keycloak.operator.crds.v2alpha1.deployment.spec.NetworkPolicySpec
Test remote (slow)	Test operator running in cluster	2025-04-28T08:50:58.2539022Z ##[error]Process completed with exit code 1.
Status Check - Keycloak Operator CI	Run /./.github/actions/status-check	2025-04-28T09:00:55.1736692Z Prepare all required actions
Status Check - Keycloak Operator CI	Run /./.github/actions/status-check	2025-04-28T09:00:55.1893182Z ##[group]Run ./.github/actions/status-check
Status Check - Keycloak Operator CI	Run /./.github/actions/status-check	2025-04-28T09:00:55.1893573Z with:
Status Check - Keycloak Operator CI	Run /./.github/actions/status-check	2025-04-28T09:00:55.1894475Z   jobs: {
Status Check - Keycloak Operator CI	Run /./.github/actions/status-check	  "conditional": {
Status Check - Keycloak Operator CI	Run /./.github/actions/status-check	    "result": "success",
Status Check - Keycloak Operator CI	Run /./.github/actions/status-check	    "outputs": {
Status Check - Keycloak Operator CI	Run /./.github/actions/status-check	      "operator": "true"
Status Check - Keycloak Operator CI	Run /./.github/actions/status-check	    }
Status Check - Keycloak Operator CI	Run /./.github/actions/status-check	  },
Status Check - Keycloak Operator CI	Run /./.github/actions/status-check	  "build": {
Status Check - Keycloak Operator CI	Run /./.github/actions/status-check	    "result": "success",
Status Check - Keycloak Operator CI	Run /./.github/actions/status-check	    "outputs": {}
Status Check - Keycloak Operator CI	Run /./.github/actions/status-check	  },
Status Check - Keycloak Operator CI	Run /./.github/actions/status-check	  "test-local-apiserver": {
Status Check - Keycloak Operator CI	Run /./.github/actions/status-check	    "result": "success",
Status Check - Keycloak Operator CI	Run /./.github/actions/status-check	    "outputs": {}
Status Check - Keycloak Operator CI	Run /./.github/actions/status-check	  },
Status Check - Keycloak Operator CI	Run /./.github/actions/status-check	  "test-remote": {
Status Check - Keycloak Operator CI	Run /./.github/actions/status-check	    "result": "failure",
Status Check - Keycloak Operator CI	Run /./.github/actions/status-check	    "outputs": {}
Status Check - Keycloak Operator CI	Run /./.github/actions/status-check	  },
Status Check - Keycloak Operator CI	Run /./.github/actions/status-check	  "test-olm": {
Status Check - Keycloak Operator CI	Run /./.github/actions/status-check	    "result": "success",
Status Check - Keycloak Operator CI	Run /./.github/actions/status-check	    "outputs": {}
Status Check - Keycloak Operator CI	Run /./.github/actions/status-check	  }
Status Check - Keycloak Operator CI	Run /./.github/actions/status-check	}
Status Check - Keycloak Operator CI	Run /./.github/actions/status-check	2025-04-28T09:00:55.1895477Z env:
Status Check - Keycloak Operator CI	Run /./.github/actions/status-check	2025-04-28T09:00:55.1895801Z   MAVEN_ARGS: -B -nsu -Daether.connector.http.connectionMaxTtl=25
Status Check - Keycloak Operator CI	Run /./.github/actions/status-check	2025-04-28T09:00:55.1896180Z   MINIKUBE_VERSION: v1.32.0
Status Check - Keycloak Operator CI	Run /./.github/actions/status-check	2025-04-28T09:00:55.1896509Z   KUBERNETES_VERSION: v1.27.10
Status Check - Keycloak Operator CI	Run /./.github/actions/status-check	2025-04-28T09:00:55.1896792Z   MINIKUBE_MEMORY: 4096
Status Check - Keycloak Operator CI	Run /./.github/actions/status-check	2025-04-28T09:00:55.1897062Z ##[endgroup]
Status Check - Keycloak Operator CI	Run /./.github/actions/status-check	2025-04-28T09:00:55.2003310Z ##[group]Run JOBS='{
Status Check - Keycloak Operator CI	Run /./.github/actions/status-check	2025-04-28T09:00:55.2003688Z [36;1mJOBS='{[0m
Status Check - Keycloak Operator CI	Run /./.github/actions/status-check	2025-04-28T09:00:55.2003942Z [36;1m  "conditional": {[0m
Status Check - Keycloak Operator CI	Run /./.github/actions/status-check	2025-04-28T09:00:55.2004289Z [36;1m    "result": "success",[0m
Status Check - Keycloak Operator CI	Run /./.github/actions/status-check	2025-04-28T09:00:55.2004577Z [36;1m    "outputs": {[0m
Status Check - Keycloak Operator CI	Run /./.github/actions/status-check	2025-04-28T09:00:55.2004846Z [36;1m      "operator": "true"[0m
Status Check - Keycloak Operator CI	Run /./.github/actions/status-check	2025-04-28T09:00:55.2005112Z [36;1m    }[0m
Status Check - Keycloak Operator CI	Run /./.github/actions/status-check	2025-04-28T09:00:55.2005331Z [36;1m  },[0m
Status Check - Keycloak Operator CI	Run /./.github/actions/status-check	2025-04-28T09:00:55.2005553Z [36;1m  "build": {[0m
Status Check - Keycloak Operator CI	Run /./.github/actions/status-check	2025-04-28T09:00:55.2005796Z [36;1m    "result": "success",[0m
Status Check - Keycloak Operator CI	Run /./.github/actions/status-check	2025-04-28T09:00:55.2006074Z [36;1m    "outputs": {}[0m
Status Check - Keycloak Operator CI	Run /./.github/actions/status-check	2025-04-28T09:00:55.2006325Z [36;1m  },[0m
Status Check - Keycloak Operator CI	Run /./.github/actions/status-check	2025-04-28T09:00:55.2006563Z [36;1m  "test-local-apiserver": {[0m
Status Check - Keycloak Operator CI	Run /./.github/actions/status-check	2025-04-28T09:00:55.2006853Z [36;1m    "result": "success",[0m
Status Check - Keycloak Operator CI	Run /./.github/actions/status-check	2025-04-28T09:00:55.2007117Z [36;1m    "outputs": {}[0m
Status Check - Keycloak Operator CI	Run /./.github/actions/status-check	2025-04-28T09:00:55.2007368Z [36;1m  },[0m
Status Check - Keycloak Operator CI	Run /./.github/actions/status-check	2025-04-28T09:00:55.2007593Z [36;1m  "test-remote": {[0m
Status Check - Keycloak Operator CI	Run /./.github/actions/status-check	2025-04-28T09:00:55.2007859Z [36;1m    "result": "failure",[0m
Status Check - Keycloak Operator CI	Run /./.github/actions/status-check	2025-04-28T09:00:55.2008146Z [36;1m    "outputs": {}[0m
Status Check - Keycloak Operator CI	Run /./.github/actions/status-check	2025-04-28T09:00:55.2008387Z [36;1m  },[0m
Status Check - Keycloak Operator CI	Run /./.github/actions/status-check	2025-04-28T09:00:55.2008611Z [36;1m  "test-olm": {[0m
Status Check - Keycloak Operator CI	Run /./.github/actions/status-check	2025-04-28T09:00:55.2008866Z [36;1m    "result": "success",[0m
Status Check - Keycloak Operator CI	Run /./.github/actions/status-check	2025-04-28T09:00:55.2009924Z [36;1m    "outputs": {}[0m
Status Check - Keycloak Operator CI	Run /./.github/actions/status-check	2025-04-28T09:00:55.2010192Z [36;1m  }[0m
Status Check - Keycloak Operator CI	Run /./.github/actions/status-check	2025-04-28T09:00:55.2010399Z [36;1m}'[0m
Status Check - Keycloak Operator CI	Run /./.github/actions/status-check	2025-04-28T09:00:55.2010609Z [36;1m[0m
Status Check - Keycloak Operator CI	Run /./.github/actions/status-check	2025-04-28T09:00:55.2010827Z [36;1mecho "Job status:"[0m
Status Check - Keycloak Operator CI	Run /./.github/actions/status-check	2025-04-28T09:00:55.2011220Z [36;1mecho $JOBS | jq -r 'to_entries[] | " - \(.key): \(.value.result)"'[0m
Status Check - Keycloak Operator CI	Run /./.github/actions/status-check	2025-04-28T09:00:55.2011588Z [36;1m[0m
Status Check - Keycloak Operator CI	Run /./.github/actions/status-check	2025-04-28T09:00:55.2011878Z [36;1mfor i in $(echo $JOBS | jq -r 'to_entries[] | .value.result'); do[0m
Status Check - Keycloak Operator CI	Run /./.github/actions/status-check	2025-04-28T09:00:55.2012285Z [36;1m  if [ "$i" != "success" ] && [ "$i" != "skipped" ]; then[0m
Status Check - Keycloak Operator CI	Run /./.github/actions/status-check	2025-04-28T09:00:55.2012603Z [36;1m    echo ""[0m
Status Check - Keycloak Operator CI	Run /./.github/actions/status-check	2025-04-28T09:00:55.2012857Z [36;1m    echo "Status check not okay!"[0m
Status Check - Keycloak Operator CI	Run /./.github/actions/status-check	2025-04-28T09:00:55.2013143Z [36;1m    exit 1[0m
Status Check - Keycloak Operator CI	Run /./.github/actions/status-check	2025-04-28T09:00:55.2013382Z [36;1m  fi[0m
Status Check - Keycloak Operator CI	Run /./.github/actions/status-check	2025-04-28T09:00:55.2013597Z [36;1mdone[0m
Status Check - Keycloak Operator CI	Run /./.github/actions/status-check	2025-04-28T09:00:55.2050312Z shell: /usr/bin/bash --noprofile --norc -e -o pipefail {0}
Status Check - Keycloak Operator CI	Run /./.github/actions/status-check	2025-04-28T09:00:55.2050726Z env:
Status Check - Keycloak Operator CI	Run /./.github/actions/status-check	2025-04-28T09:00:55.2051051Z   MAVEN_ARGS: -B -nsu -Daether.connector.http.connectionMaxTtl=25
Status Check - Keycloak Operator CI	Run /./.github/actions/status-check	2025-04-28T09:00:55.2051454Z   MINIKUBE_VERSION: v1.32.0
Status Check - Keycloak Operator CI	Run /./.github/actions/status-check	2025-04-28T09:00:55.2051736Z   KUBERNETES_VERSION: v1.27.10
Status Check - Keycloak Operator CI	Run /./.github/actions/status-check	2025-04-28T09:00:55.2052038Z   MINIKUBE_MEMORY: 4096
Status Check - Keycloak Operator CI	Run /./.github/actions/status-check	2025-04-28T09:00:55.2052319Z ##[endgroup]
Status Check - Keycloak Operator CI	Run /./.github/actions/status-check	2025-04-28T09:00:55.2127612Z Job status:
Status Check - Keycloak Operator CI	Run /./.github/actions/status-check	2025-04-28T09:00:55.2398133Z  - conditional: success
Status Check - Keycloak Operator CI	Run /./.github/actions/status-check	2025-04-28T09:00:55.2398580Z  - build: success
Status Check - Keycloak Operator CI	Run /./.github/actions/status-check	2025-04-28T09:00:55.2398877Z  - test-local-apiserver: success
Status Check - Keycloak Operator CI	Run /./.github/actions/status-check	2025-04-28T09:00:55.2399458Z  - test-remote: failure
Status Check - Keycloak Operator CI	Run /./.github/actions/status-check	2025-04-28T09:00:55.2399747Z  - test-olm: success
Status Check - Keycloak Operator CI	Run /./.github/actions/status-check	2025-04-28T09:00:55.2433898Z 
Status Check - Keycloak Operator CI	Run /./.github/actions/status-check	2025-04-28T09:00:55.2434213Z Status check not okay!
Status Check - Keycloak Operator CI	Run /./.github/actions/status-check	2025-04-28T09:00:55.2449795Z ##[error]Process completed with exit code 1.
