Quarkus UT (windows-latest)	Integration test setup	2024-04-05T02:09:03.0866201Z Prepare all required actions
Quarkus UT (windows-latest)	Integration test setup	2024-04-05T02:09:03.0866764Z Getting action download info
Quarkus UT (windows-latest)	Integration test setup	2024-04-05T02:09:03.1737063Z Download action repository 'actions/download-artifact@v3' (SHA:9bc31d5ccc31df68ecc42ccf4149144866c47d8a)
Quarkus UT (windows-latest)	Integration test setup	2024-04-05T02:09:03.3674764Z ##[group]Run ./.github/actions/integration-test-setup
Quarkus UT (windows-latest)	Integration test setup	2024-04-05T02:09:03.3675143Z with:
Quarkus UT (windows-latest)	Integration test setup	2024-04-05T02:09:03.3675325Z   jdk-dist: temurin
Quarkus UT (windows-latest)	Integration test setup	2024-04-05T02:09:03.3675552Z   jdk-version: 17
Quarkus UT (windows-latest)	Integration test setup	2024-04-05T02:09:03.3675757Z env:
Quarkus UT (windows-latest)	Integration test setup	2024-04-05T02:09:03.3676076Z   MAVEN_ARGS: -B -nsu -Daether.connector.http.connectionMaxTtl=25
Quarkus UT (windows-latest)	Integration test setup	2024-04-05T02:09:03.3676534Z   SUREFIRE_RERUN_FAILING_COUNT: 2
Quarkus UT (windows-latest)	Integration test setup	2024-04-05T02:09:03.3676892Z   SUREFIRE_RETRY: -Dsurefire.rerunFailingTestsCount=2
Quarkus UT (windows-latest)	Integration test setup	2024-04-05T02:09:03.3677249Z ##[endgroup]
Quarkus UT (windows-latest)	Integration test setup	2024-04-05T02:09:03.3950469Z Prepare all required actions
Quarkus UT (windows-latest)	Integration test setup	2024-04-05T02:09:03.3950809Z Getting action download info
Quarkus UT (windows-latest)	Integration test setup	2024-04-05T02:09:03.4863808Z Download action repository 'actions/setup-java@v4' (SHA:99b8673ff64fbf99d8d325f52d9a5bdedb8483e9)
Quarkus UT (windows-latest)	Integration test setup	2024-04-05T02:09:03.7332687Z ##[group]Run ./.github/actions/java-setup
Quarkus UT (windows-latest)	Integration test setup	2024-04-05T02:09:03.7333012Z with:
Quarkus UT (windows-latest)	Integration test setup	2024-04-05T02:09:03.7333212Z   distribution: temurin
Quarkus UT (windows-latest)	Integration test setup	2024-04-05T02:09:03.7333458Z   java-version: 17
Quarkus UT (windows-latest)	Integration test setup	2024-04-05T02:09:03.7333653Z env:
Quarkus UT (windows-latest)	Integration test setup	2024-04-05T02:09:03.7333973Z   MAVEN_ARGS: -B -nsu -Daether.connector.http.connectionMaxTtl=25
Quarkus UT (windows-latest)	Integration test setup	2024-04-05T02:09:03.7334412Z   SUREFIRE_RERUN_FAILING_COUNT: 2
Quarkus UT (windows-latest)	Integration test setup	2024-04-05T02:09:03.7334765Z   SUREFIRE_RETRY: -Dsurefire.rerunFailingTestsCount=2
Quarkus UT (windows-latest)	Integration test setup	2024-04-05T02:09:03.7335129Z ##[endgroup]
Quarkus UT (windows-latest)	Integration test setup	2024-04-05T02:09:03.7503210Z ##[group]Run actions/setup-java@v4
Quarkus UT (windows-latest)	Integration test setup	2024-04-05T02:09:03.7503497Z with:
Quarkus UT (windows-latest)	Integration test setup	2024-04-05T02:09:03.7503686Z   distribution: temurin
Quarkus UT (windows-latest)	Integration test setup	2024-04-05T02:09:03.7503921Z   java-version: 17
Quarkus UT (windows-latest)	Integration test setup	2024-04-05T02:09:03.7504129Z   java-package: jdk
Quarkus UT (windows-latest)	Integration test setup	2024-04-05T02:09:03.7504350Z   check-latest: false
Quarkus UT (windows-latest)	Integration test setup	2024-04-05T02:09:03.7504577Z   server-id: github
Quarkus UT (windows-latest)	Integration test setup	2024-04-05T02:09:03.7504803Z   server-username: GITHUB_ACTOR
Quarkus UT (windows-latest)	Integration test setup	2024-04-05T02:09:03.7505086Z   server-password: GITHUB_TOKEN
Quarkus UT (windows-latest)	Integration test setup	2024-04-05T02:09:03.7505387Z   overwrite-settings: true
Quarkus UT (windows-latest)	Integration test setup	2024-04-05T02:09:03.7505634Z   job-status: success
Quarkus UT (windows-latest)	Integration test setup	2024-04-05T02:09:03.7505998Z   token: ***
Quarkus UT (windows-latest)	Integration test setup	2024-04-05T02:09:03.7506187Z env:
Quarkus UT (windows-latest)	Integration test setup	2024-04-05T02:09:03.7506500Z   MAVEN_ARGS: -B -nsu -Daether.connector.http.connectionMaxTtl=25
Quarkus UT (windows-latest)	Integration test setup	2024-04-05T02:09:03.7506947Z   SUREFIRE_RERUN_FAILING_COUNT: 2
Quarkus UT (windows-latest)	Integration test setup	2024-04-05T02:09:03.7507306Z   SUREFIRE_RETRY: -Dsurefire.rerunFailingTestsCount=2
Quarkus UT (windows-latest)	Integration test setup	2024-04-05T02:09:03.7507666Z ##[endgroup]
Quarkus UT (windows-latest)	Integration test setup	2024-04-05T02:09:04.0862839Z ##[group]Installed distributions
Quarkus UT (windows-latest)	Integration test setup	2024-04-05T02:09:04.1393281Z Resolved Java 17.0.10+7 from tool-cache
Quarkus UT (windows-latest)	Integration test setup	2024-04-05T02:09:04.1393931Z Setting Java 17.0.10+7 as the default
Quarkus UT (windows-latest)	Integration test setup	2024-04-05T02:09:04.1439646Z Creating toolchains.xml for JDK version 17 from temurin
Quarkus UT (windows-latest)	Integration test setup	2024-04-05T02:09:04.1583490Z Writing to C:\Users\runneradmin\.m2\toolchains.xml
Quarkus UT (windows-latest)	Integration test setup	2024-04-05T02:09:04.1588536Z 
Quarkus UT (windows-latest)	Integration test setup	2024-04-05T02:09:04.1590164Z Java configuration:
Quarkus UT (windows-latest)	Integration test setup	2024-04-05T02:09:04.1590579Z   Distribution: temurin
Quarkus UT (windows-latest)	Integration test setup	2024-04-05T02:09:04.1590955Z   Version: 17.0.10+7
Quarkus UT (windows-latest)	Integration test setup	2024-04-05T02:09:04.1591788Z   Path: C:\hostedtoolcache\windows\Java_Temurin-Hotspot_jdk\17.0.10-7\x64
Quarkus UT (windows-latest)	Integration test setup	2024-04-05T02:09:04.1592381Z 
Quarkus UT (windows-latest)	Integration test setup	2024-04-05T02:09:04.1592808Z ##[endgroup]
Quarkus UT (windows-latest)	Integration test setup	2024-04-05T02:09:04.1615094Z Creating settings.xml with server-id: github
Quarkus UT (windows-latest)	Integration test setup	2024-04-05T02:09:04.1627262Z Writing to C:\Users\runneradmin\.m2\settings.xml
Quarkus UT (windows-latest)	Integration test setup	2024-04-05T02:09:04.1892125Z Prepare all required actions
Quarkus UT (windows-latest)	Integration test setup	2024-04-05T02:09:04.1892472Z Getting action download info
Quarkus UT (windows-latest)	Integration test setup	2024-04-05T02:09:04.2754044Z Download action repository 'actions/cache@v4' (SHA:0c45773b623bea8c8e75f6c82b208c3cf94ea4f9)
Quarkus UT (windows-latest)	Integration test setup	2024-04-05T02:09:04.4905666Z ##[group]Run ./.github/actions/maven-cache
Quarkus UT (windows-latest)	Integration test setup	2024-04-05T02:09:04.4905976Z with:
Quarkus UT (windows-latest)	Integration test setup	2024-04-05T02:09:04.4906201Z   create-cache-if-it-doesnt-exist: false
Quarkus UT (windows-latest)	Integration test setup	2024-04-05T02:09:04.4906506Z env:
Quarkus UT (windows-latest)	Integration test setup	2024-04-05T02:09:04.4906823Z   MAVEN_ARGS: -B -nsu -Daether.connector.http.connectionMaxTtl=25
Quarkus UT (windows-latest)	Integration test setup	2024-04-05T02:09:04.4907270Z   SUREFIRE_RERUN_FAILING_COUNT: 2
Quarkus UT (windows-latest)	Integration test setup	2024-04-05T02:09:04.4907629Z   SUREFIRE_RETRY: -Dsurefire.rerunFailingTestsCount=2
Quarkus UT (windows-latest)	Integration test setup	2024-04-05T02:09:04.4909893Z   JAVA_HOME: C:\hostedtoolcache\windows\Java_Temurin-Hotspot_jdk\17.0.10-7\x64
Quarkus UT (windows-latest)	Integration test setup	2024-04-05T02:09:04.4910558Z   JAVA_HOME_17_X64: C:\hostedtoolcache\windows\Java_Temurin-Hotspot_jdk\17.0.10-7\x64
Quarkus UT (windows-latest)	Integration test setup	2024-04-05T02:09:04.4911033Z ##[endgroup]
Quarkus UT (windows-latest)	Integration test setup	2024-04-05T02:09:04.5065513Z ##[group]Run echo "key=mvn-`date -u "+%Y-%U"`" >> $GITHUB_OUTPUT
Quarkus UT (windows-latest)	Integration test setup	2024-04-05T02:09:04.5066106Z [36;1mecho "key=mvn-`date -u "+%Y-%U"`" >> $GITHUB_OUTPUT[0m
Quarkus UT (windows-latest)	Integration test setup	2024-04-05T02:09:04.7398444Z shell: C:\Program Files\Git\bin\bash.EXE --noprofile --norc -e -o pipefail {0}
Quarkus UT (windows-latest)	Integration test setup	2024-04-05T02:09:04.7399051Z env:
Quarkus UT (windows-latest)	Integration test setup	2024-04-05T02:09:04.7399457Z   MAVEN_ARGS: -B -nsu -Daether.connector.http.connectionMaxTtl=25
Quarkus UT (windows-latest)	Integration test setup	2024-04-05T02:09:04.7399971Z   SUREFIRE_RERUN_FAILING_COUNT: 2
Quarkus UT (windows-latest)	Integration test setup	2024-04-05T02:09:04.7400344Z   SUREFIRE_RETRY: -Dsurefire.rerunFailingTestsCount=2
Quarkus UT (windows-latest)	Integration test setup	2024-04-05T02:09:04.7400888Z   JAVA_HOME: C:\hostedtoolcache\windows\Java_Temurin-Hotspot_jdk\17.0.10-7\x64
Quarkus UT (windows-latest)	Integration test setup	2024-04-05T02:09:04.7401523Z   JAVA_HOME_17_X64: C:\hostedtoolcache\windows\Java_Temurin-Hotspot_jdk\17.0.10-7\x64
Quarkus UT (windows-latest)	Integration test setup	2024-04-05T02:09:04.7402015Z ##[endgroup]
Quarkus UT (windows-latest)	Integration test setup	2024-04-05T02:09:05.2502443Z ##[group]Run actions/cache/restore@v4
Quarkus UT (windows-latest)	Integration test setup	2024-04-05T02:09:05.2502789Z with:
Quarkus UT (windows-latest)	Integration test setup	2024-04-05T02:09:05.2503132Z   path: ~/.m2/repository/*/*
Quarkus UT (windows-latest)	Integration test setup	!~/.m2/repository/org/keycloak
Quarkus UT (windows-latest)	Integration test setup	
Quarkus UT (windows-latest)	Integration test setup	2024-04-05T02:09:05.2503572Z   key: mvn-2024-13
Quarkus UT (windows-latest)	Integration test setup	2024-04-05T02:09:05.2503830Z   enableCrossOsArchive: false
Quarkus UT (windows-latest)	Integration test setup	2024-04-05T02:09:05.2504144Z   fail-on-cache-miss: false
Quarkus UT (windows-latest)	Integration test setup	2024-04-05T02:09:05.2504443Z   lookup-only: false
Quarkus UT (windows-latest)	Integration test setup	2024-04-05T02:09:05.2504680Z env:
Quarkus UT (windows-latest)	Integration test setup	2024-04-05T02:09:05.2505031Z   MAVEN_ARGS: -B -nsu -Daether.connector.http.connectionMaxTtl=25
Quarkus UT (windows-latest)	Integration test setup	2024-04-05T02:09:05.2505536Z   SUREFIRE_RERUN_FAILING_COUNT: 2
Quarkus UT (windows-latest)	Integration test setup	2024-04-05T02:09:05.2505939Z   SUREFIRE_RETRY: -Dsurefire.rerunFailingTestsCount=2
Quarkus UT (windows-latest)	Integration test setup	2024-04-05T02:09:05.2506545Z   JAVA_HOME: C:\hostedtoolcache\windows\Java_Temurin-Hotspot_jdk\17.0.10-7\x64
Quarkus UT (windows-latest)	Integration test setup	2024-04-05T02:09:05.2507275Z   JAVA_HOME_17_X64: C:\hostedtoolcache\windows\Java_Temurin-Hotspot_jdk\17.0.10-7\x64
Quarkus UT (windows-latest)	Integration test setup	2024-04-05T02:09:05.2507828Z ##[endgroup]
Quarkus UT (windows-latest)	Integration test setup	2024-04-05T02:09:05.8757545Z Cache not found for input keys: mvn-2024-13
Quarkus UT (windows-latest)	Integration test setup	2024-04-05T02:09:09.6116979Z ##[group]Run actions/cache@v4
Quarkus UT (windows-latest)	Integration test setup	2024-04-05T02:09:09.6117257Z with:
Quarkus UT (windows-latest)	Integration test setup	2024-04-05T02:09:09.6117478Z   path: .mvn/wrapper/maven-wrapper.jar
Quarkus UT (windows-latest)	Integration test setup	2024-04-05T02:09:09.6118092Z   key: Windows-maven-wrapper-db5015c2176d64b892779c28302a749b4178b22232e5d60376c0d9b53e804ed1
Quarkus UT (windows-latest)	Integration test setup	2024-04-05T02:09:09.6118704Z   restore-keys: Windows-maven-wrapper-
Quarkus UT (windows-latest)	Integration test setup	2024-04-05T02:09:09.6119028Z   enableCrossOsArchive: false
Quarkus UT (windows-latest)	Integration test setup	2024-04-05T02:09:09.6119308Z   fail-on-cache-miss: false
Quarkus UT (windows-latest)	Integration test setup	2024-04-05T02:09:09.6119561Z   lookup-only: false
Quarkus UT (windows-latest)	Integration test setup	2024-04-05T02:09:09.6119789Z   save-always: false
Quarkus UT (windows-latest)	Integration test setup	2024-04-05T02:09:09.6120002Z env:
Quarkus UT (windows-latest)	Integration test setup	2024-04-05T02:09:09.6120316Z   MAVEN_ARGS: -B -nsu -Daether.connector.http.connectionMaxTtl=25
Quarkus UT (windows-latest)	Integration test setup	2024-04-05T02:09:09.6120759Z   SUREFIRE_RERUN_FAILING_COUNT: 2
Quarkus UT (windows-latest)	Integration test setup	2024-04-05T02:09:09.6121125Z   SUREFIRE_RETRY: -Dsurefire.rerunFailingTestsCount=2
Quarkus UT (windows-latest)	Integration test setup	2024-04-05T02:09:09.6121654Z   JAVA_HOME: C:\hostedtoolcache\windows\Java_Temurin-Hotspot_jdk\17.0.10-7\x64
Quarkus UT (windows-latest)	Integration test setup	2024-04-05T02:09:09.6122331Z   JAVA_HOME_17_X64: C:\hostedtoolcache\windows\Java_Temurin-Hotspot_jdk\17.0.10-7\x64
Quarkus UT (windows-latest)	Integration test setup	2024-04-05T02:09:09.6122803Z ##[endgroup]
Quarkus UT (windows-latest)	Integration test setup	2024-04-05T02:09:09.9196469Z Cache not found for input keys: Windows-maven-wrapper-db5015c2176d64b892779c28302a749b4178b22232e5d60376c0d9b53e804ed1, Windows-maven-wrapper-
Quarkus UT (windows-latest)	Integration test setup	2024-04-05T02:09:09.9380358Z Prepare all required actions
Quarkus UT (windows-latest)	Integration test setup	2024-04-05T02:09:09.9380712Z Getting action download info
Quarkus UT (windows-latest)	Integration test setup	2024-04-05T02:09:10.0460514Z ##[group]Run ./.github/actions/phantomjs-cache
Quarkus UT (windows-latest)	Integration test setup	2024-04-05T02:09:10.0460846Z with:
Quarkus UT (windows-latest)	Integration test setup	2024-04-05T02:09:10.0461031Z   version: 2.1.1
Quarkus UT (windows-latest)	Integration test setup	2024-04-05T02:09:10.0461225Z env:
Quarkus UT (windows-latest)	Integration test setup	2024-04-05T02:09:10.0461542Z   MAVEN_ARGS: -B -nsu -Daether.connector.http.connectionMaxTtl=25
Quarkus UT (windows-latest)	Integration test setup	2024-04-05T02:09:10.0461979Z   SUREFIRE_RERUN_FAILING_COUNT: 2
Quarkus UT (windows-latest)	Integration test setup	2024-04-05T02:09:10.0462343Z   SUREFIRE_RETRY: -Dsurefire.rerunFailingTestsCount=2
Quarkus UT (windows-latest)	Integration test setup	2024-04-05T02:09:10.0462884Z   JAVA_HOME: C:\hostedtoolcache\windows\Java_Temurin-Hotspot_jdk\17.0.10-7\x64
Quarkus UT (windows-latest)	Integration test setup	2024-04-05T02:09:10.0464782Z   JAVA_HOME_17_X64: C:\hostedtoolcache\windows\Java_Temurin-Hotspot_jdk\17.0.10-7\x64
Quarkus UT (windows-latest)	Integration test setup	2024-04-05T02:09:10.0465261Z ##[endgroup]
Quarkus UT (windows-latest)	Integration test setup	2024-04-05T02:09:10.0579813Z ##[group]Run actions/cache@v4
Quarkus UT (windows-latest)	Integration test setup	2024-04-05T02:09:10.0580145Z with:
Quarkus UT (windows-latest)	Integration test setup	2024-04-05T02:09:10.0580418Z   path: ~/.arquillian/drone
Quarkus UT (windows-latest)	Integration test setup	2024-04-05T02:09:10.0580723Z   key: phantomjs-2.1.1
Quarkus UT (windows-latest)	Integration test setup	2024-04-05T02:09:10.0581041Z   enableCrossOsArchive: false
Quarkus UT (windows-latest)	Integration test setup	2024-04-05T02:09:10.0581401Z   fail-on-cache-miss: false
Quarkus UT (windows-latest)	Integration test setup	2024-04-05T02:09:10.0581695Z   lookup-only: false
Quarkus UT (windows-latest)	Integration test setup	2024-04-05T02:09:10.0581999Z   save-always: false
Quarkus UT (windows-latest)	Integration test setup	2024-04-05T02:09:10.0582310Z env:
Quarkus UT (windows-latest)	Integration test setup	2024-04-05T02:09:10.0582667Z   MAVEN_ARGS: -B -nsu -Daether.connector.http.connectionMaxTtl=25
Quarkus UT (windows-latest)	Integration test setup	2024-04-05T02:09:10.0583161Z   SUREFIRE_RERUN_FAILING_COUNT: 2
Quarkus UT (windows-latest)	Integration test setup	2024-04-05T02:09:10.0583590Z   SUREFIRE_RETRY: -Dsurefire.rerunFailingTestsCount=2
Quarkus UT (windows-latest)	Integration test setup	2024-04-05T02:09:10.0584188Z   JAVA_HOME: C:\hostedtoolcache\windows\Java_Temurin-Hotspot_jdk\17.0.10-7\x64
Quarkus UT (windows-latest)	Integration test setup	2024-04-05T02:09:10.0584871Z   JAVA_HOME_17_X64: C:\hostedtoolcache\windows\Java_Temurin-Hotspot_jdk\17.0.10-7\x64
Quarkus UT (windows-latest)	Integration test setup	2024-04-05T02:09:10.0585426Z ##[endgroup]
Quarkus UT (windows-latest)	Integration test setup	2024-04-05T02:09:10.6110238Z Cache Size: ~22 MB (23368317 B)
Quarkus UT (windows-latest)	Integration test setup	2024-04-05T02:09:10.6174694Z [command]"C:\Program Files\Git\usr\bin\tar.exe" -xf D:/a/_temp/5f643a31-1134-4388-95c3-5d8658260411/cache.tzst -P -C D:/a/keycloak/keycloak --force-local --use-compress-program "zstd -d"
Quarkus UT (windows-latest)	Integration test setup	2024-04-05T02:09:10.9247101Z Cache restored successfully
Quarkus UT (windows-latest)	Integration test setup	2024-04-05T02:09:11.7467695Z Cache restored from key: phantomjs-2.1.1
Quarkus UT (windows-latest)	Integration test setup	2024-04-05T02:09:11.7687453Z Prepare all required actions
Quarkus UT (windows-latest)	Integration test setup	2024-04-05T02:09:11.7687803Z Getting action download info
Quarkus UT (windows-latest)	Integration test setup	2024-04-05T02:09:11.8923026Z ##[group]Run ./.github/actions/frontend-plugin-cache
Quarkus UT (windows-latest)	Integration test setup	2024-04-05T02:09:11.8923494Z env:
Quarkus UT (windows-latest)	Integration test setup	2024-04-05T02:09:11.8923840Z   MAVEN_ARGS: -B -nsu -Daether.connector.http.connectionMaxTtl=25
Quarkus UT (windows-latest)	Integration test setup	2024-04-05T02:09:11.8924299Z   SUREFIRE_RERUN_FAILING_COUNT: 2
Quarkus UT (windows-latest)	Integration test setup	2024-04-05T02:09:11.8924663Z   SUREFIRE_RETRY: -Dsurefire.rerunFailingTestsCount=2
Quarkus UT (windows-latest)	Integration test setup	2024-04-05T02:09:11.8925232Z   JAVA_HOME: C:\hostedtoolcache\windows\Java_Temurin-Hotspot_jdk\17.0.10-7\x64
Quarkus UT (windows-latest)	Integration test setup	2024-04-05T02:09:11.8925880Z   JAVA_HOME_17_X64: C:\hostedtoolcache\windows\Java_Temurin-Hotspot_jdk\17.0.10-7\x64
Quarkus UT (windows-latest)	Integration test setup	2024-04-05T02:09:11.8926353Z ##[endgroup]
Quarkus UT (windows-latest)	Integration test setup	2024-04-05T02:09:11.9029149Z ##[group]Run echo "version=$(mvn help:evaluate -Dexpression=pnpm.version -q -DforceStdout)" >> $GITHUB_OUTPUT
Quarkus UT (windows-latest)	Integration test setup	2024-04-05T02:09:11.9030279Z [36;1mecho "version=$(mvn help:evaluate -Dexpression=pnpm.version -q -DforceStdout)" >> $GITHUB_OUTPUT[0m
Quarkus UT (windows-latest)	Integration test setup	2024-04-05T02:09:11.9043664Z shell: C:\Program Files\Git\bin\bash.EXE --noprofile --norc -e -o pipefail {0}
Quarkus UT (windows-latest)	Integration test setup	2024-04-05T02:09:11.9044172Z env:
Quarkus UT (windows-latest)	Integration test setup	2024-04-05T02:09:11.9044509Z   MAVEN_ARGS: -B -nsu -Daether.connector.http.connectionMaxTtl=25
Quarkus UT (windows-latest)	Integration test setup	2024-04-05T02:09:11.9044955Z   SUREFIRE_RERUN_FAILING_COUNT: 2
Quarkus UT (windows-latest)	Integration test setup	2024-04-05T02:09:11.9045318Z   SUREFIRE_RETRY: -Dsurefire.rerunFailingTestsCount=2
Quarkus UT (windows-latest)	Integration test setup	2024-04-05T02:09:11.9045868Z   JAVA_HOME: C:\hostedtoolcache\windows\Java_Temurin-Hotspot_jdk\17.0.10-7\x64
Quarkus UT (windows-latest)	Integration test setup	2024-04-05T02:09:11.9046526Z   JAVA_HOME_17_X64: C:\hostedtoolcache\windows\Java_Temurin-Hotspot_jdk\17.0.10-7\x64
Quarkus UT (windows-latest)	Integration test setup	2024-04-05T02:09:11.9046998Z ##[endgroup]
Quarkus UT (windows-latest)	Integration test setup	2024-04-05T02:10:35.3645088Z ##[group]Run actions/cache@v4
Quarkus UT (windows-latest)	Integration test setup	2024-04-05T02:10:35.3645383Z with:
Quarkus UT (windows-latest)	Integration test setup	2024-04-05T02:10:35.3645799Z   path: ~/.local/share/pnpm/store
Quarkus UT (windows-latest)	Integration test setup	~/AppData/Local/pnpm/store
Quarkus UT (windows-latest)	Integration test setup	~/Library/pnpm/store
Quarkus UT (windows-latest)	Integration test setup	
Quarkus UT (windows-latest)	Integration test setup	2024-04-05T02:10:35.3646746Z   key: Windows-frontend-plugin-pnpm-store-8.15.5-ead7c6a24ebb93bbbaa054f565fd30bf467e532af34d56f09b55545901f5cbe1
Quarkus UT (windows-latest)	Integration test setup	2024-04-05T02:10:35.3647496Z   enableCrossOsArchive: false
Quarkus UT (windows-latest)	Integration test setup	2024-04-05T02:10:35.3647796Z   fail-on-cache-miss: false
Quarkus UT (windows-latest)	Integration test setup	2024-04-05T02:10:35.3648069Z   lookup-only: false
Quarkus UT (windows-latest)	Integration test setup	2024-04-05T02:10:35.3648302Z   save-always: false
Quarkus UT (windows-latest)	Integration test setup	2024-04-05T02:10:35.3648526Z env:
Quarkus UT (windows-latest)	Integration test setup	2024-04-05T02:10:35.3648854Z   MAVEN_ARGS: -B -nsu -Daether.connector.http.connectionMaxTtl=25
Quarkus UT (windows-latest)	Integration test setup	2024-04-05T02:10:35.3649302Z   SUREFIRE_RERUN_FAILING_COUNT: 2
Quarkus UT (windows-latest)	Integration test setup	2024-04-05T02:10:35.3649671Z   SUREFIRE_RETRY: -Dsurefire.rerunFailingTestsCount=2
Quarkus UT (windows-latest)	Integration test setup	2024-04-05T02:10:35.3650478Z   JAVA_HOME: C:\hostedtoolcache\windows\Java_Temurin-Hotspot_jdk\17.0.10-7\x64
Quarkus UT (windows-latest)	Integration test setup	2024-04-05T02:10:35.3651131Z   JAVA_HOME_17_X64: C:\hostedtoolcache\windows\Java_Temurin-Hotspot_jdk\17.0.10-7\x64
Quarkus UT (windows-latest)	Integration test setup	2024-04-05T02:10:35.3651624Z ##[endgroup]
Quarkus UT (windows-latest)	Integration test setup	2024-04-05T02:10:35.6649381Z Cache not found for input keys: Windows-frontend-plugin-pnpm-store-8.15.5-ead7c6a24ebb93bbbaa054f565fd30bf467e532af34d56f09b55545901f5cbe1
Quarkus UT (windows-latest)	Integration test setup	2024-04-05T02:10:35.6843045Z ##[group]Run actions/download-artifact@v3
Quarkus UT (windows-latest)	Integration test setup	2024-04-05T02:10:35.6843394Z with:
Quarkus UT (windows-latest)	Integration test setup	2024-04-05T02:10:35.6843596Z   name: m2-keycloak.tzts
Quarkus UT (windows-latest)	Integration test setup	2024-04-05T02:10:35.6843834Z env:
Quarkus UT (windows-latest)	Integration test setup	2024-04-05T02:10:35.6844159Z   MAVEN_ARGS: -B -nsu -Daether.connector.http.connectionMaxTtl=25
Quarkus UT (windows-latest)	Integration test setup	2024-04-05T02:10:35.6844610Z   SUREFIRE_RERUN_FAILING_COUNT: 2
Quarkus UT (windows-latest)	Integration test setup	2024-04-05T02:10:35.6844978Z   SUREFIRE_RETRY: -Dsurefire.rerunFailingTestsCount=2
Quarkus UT (windows-latest)	Integration test setup	2024-04-05T02:10:35.6845527Z   JAVA_HOME: C:\hostedtoolcache\windows\Java_Temurin-Hotspot_jdk\17.0.10-7\x64
Quarkus UT (windows-latest)	Integration test setup	2024-04-05T02:10:35.6846164Z   JAVA_HOME_17_X64: C:\hostedtoolcache\windows\Java_Temurin-Hotspot_jdk\17.0.10-7\x64
Quarkus UT (windows-latest)	Integration test setup	2024-04-05T02:10:35.6846665Z ##[endgroup]
Quarkus UT (windows-latest)	Integration test setup	2024-04-05T02:10:35.7783121Z Starting download for m2-keycloak.tzts
Quarkus UT (windows-latest)	Integration test setup	2024-04-05T02:10:36.0990876Z Directory structure has been setup for the artifact
Quarkus UT (windows-latest)	Integration test setup	2024-04-05T02:10:36.0993472Z Total number of files that will be downloaded: 1
Quarkus UT (windows-latest)	Integration test setup	2024-04-05T02:10:37.0995176Z Total file count: 1 ---- Processed file #0 (0.0%)
Quarkus UT (windows-latest)	Integration test setup	2024-04-05T02:10:38.0990900Z Total file count: 1 ---- Processed file #0 (0.0%)
Quarkus UT (windows-latest)	Integration test setup	2024-04-05T02:10:39.0990873Z Total file count: 1 ---- Processed file #0 (0.0%)
Quarkus UT (windows-latest)	Integration test setup	2024-04-05T02:10:40.0990674Z Total file count: 1 ---- Processed file #0 (0.0%)
Quarkus UT (windows-latest)	Integration test setup	2024-04-05T02:10:41.1119646Z Total file count: 1 ---- Processed file #0 (0.0%)
Quarkus UT (windows-latest)	Integration test setup	2024-04-05T02:10:42.1110972Z Total file count: 1 ---- Processed file #0 (0.0%)
Quarkus UT (windows-latest)	Integration test setup	2024-04-05T02:10:43.1235617Z Total file count: 1 ---- Processed file #0 (0.0%)
Quarkus UT (windows-latest)	Integration test setup	2024-04-05T02:10:44.1283513Z Total file count: 1 ---- Processed file #0 (0.0%)
Quarkus UT (windows-latest)	Integration test setup	2024-04-05T02:10:45.1279861Z Total file count: 1 ---- Processed file #0 (0.0%)
Quarkus UT (windows-latest)	Integration test setup	2024-04-05T02:10:46.1325779Z Total file count: 1 ---- Processed file #0 (0.0%)
Quarkus UT (windows-latest)	Integration test setup	2024-04-05T02:10:47.1320457Z Total file count: 1 ---- Processed file #0 (0.0%)
Quarkus UT (windows-latest)	Integration test setup	2024-04-05T02:10:48.1358234Z Total file count: 1 ---- Processed file #0 (0.0%)
Quarkus UT (windows-latest)	Integration test setup	2024-04-05T02:10:49.1349856Z Total file count: 1 ---- Processed file #0 (0.0%)
Quarkus UT (windows-latest)	Integration test setup	2024-04-05T02:10:50.1349957Z Total file count: 1 ---- Processed file #0 (0.0%)
Quarkus UT (windows-latest)	Integration test setup	2024-04-05T02:10:51.1424831Z Total file count: 1 ---- Processed file #0 (0.0%)
Quarkus UT (windows-latest)	Integration test setup	2024-04-05T02:10:52.0627386Z Artifact m2-keycloak.tzts was downloaded to D:\a\keycloak\keycloak
Quarkus UT (windows-latest)	Integration test setup	2024-04-05T02:10:52.0638869Z Artifact download has finished successfully
Quarkus UT (windows-latest)	Integration test setup	2024-04-05T02:10:52.0834451Z ##[group]Run if [ "$RUNNER_OS" == "Windows" ]; then
Quarkus UT (windows-latest)	Integration test setup	2024-04-05T02:10:52.0834869Z [36;1mif [ "$RUNNER_OS" == "Windows" ]; then[0m
Quarkus UT (windows-latest)	Integration test setup	2024-04-05T02:10:52.0835223Z [36;1m  choco install zstandard[0m
Quarkus UT (windows-latest)	Integration test setup	2024-04-05T02:10:52.0835505Z [36;1mfi[0m
Quarkus UT (windows-latest)	Integration test setup	2024-04-05T02:10:52.0835852Z [36;1mtar -C ~/ --use-compress-program="zstd -d" -xf m2-keycloak.tzts[0m
Quarkus UT (windows-latest)	Integration test setup	2024-04-05T02:10:52.0847578Z shell: C:\Program Files\Git\bin\bash.EXE --noprofile --norc -e -o pipefail {0}
Quarkus UT (windows-latest)	Integration test setup	2024-04-05T02:10:52.0848078Z env:
Quarkus UT (windows-latest)	Integration test setup	2024-04-05T02:10:52.0848416Z   MAVEN_ARGS: -B -nsu -Daether.connector.http.connectionMaxTtl=25
Quarkus UT (windows-latest)	Integration test setup	2024-04-05T02:10:52.0848852Z   SUREFIRE_RERUN_FAILING_COUNT: 2
Quarkus UT (windows-latest)	Integration test setup	2024-04-05T02:10:52.0849218Z   SUREFIRE_RETRY: -Dsurefire.rerunFailingTestsCount=2
Quarkus UT (windows-latest)	Integration test setup	2024-04-05T02:10:52.0849775Z   JAVA_HOME: C:\hostedtoolcache\windows\Java_Temurin-Hotspot_jdk\17.0.10-7\x64
Quarkus UT (windows-latest)	Integration test setup	2024-04-05T02:10:52.0850427Z   JAVA_HOME_17_X64: C:\hostedtoolcache\windows\Java_Temurin-Hotspot_jdk\17.0.10-7\x64
Quarkus UT (windows-latest)	Integration test setup	2024-04-05T02:10:52.0850914Z ##[endgroup]
Quarkus UT (windows-latest)	Integration test setup	2024-04-05T02:10:57.2259380Z Chocolatey v2.2.2
Quarkus UT (windows-latest)	Integration test setup	2024-04-05T02:10:57.8805755Z Installing the following packages:
Quarkus UT (windows-latest)	Integration test setup	2024-04-05T02:10:57.8812629Z zstandard
Quarkus UT (windows-latest)	Integration test setup	2024-04-05T02:10:57.8817868Z By installing, you accept licenses for the packages.
Quarkus UT (windows-latest)	Integration test setup	2024-04-05T02:11:41.5987996Z Unable to connect to source 'https://community.chocolatey.org/api/v2/':
Quarkus UT (windows-latest)	Integration test setup	2024-04-05T02:11:41.5991215Z  Failed to fetch results from V2 feed at 'https://community.chocolatey.org/api/v2/Packages()?$filter=(tolower(Id)%20eq%20'zstandard')%20and%20IsLatestVersion&semVerLevel=2.0.0' with following message : Response status code does not indicate success: 499 ().
Quarkus UT (windows-latest)	Integration test setup	2024-04-05T02:11:41.5994093Z zstandard not installed. The package was not found with the source(s) listed.
Quarkus UT (windows-latest)	Integration test setup	2024-04-05T02:11:41.5995389Z  Source(s): 'https://community.chocolatey.org/api/v2/'
Quarkus UT (windows-latest)	Integration test setup	2024-04-05T02:11:41.5996453Z  NOTE: When you specify explicit sources, it overrides default sources.
Quarkus UT (windows-latest)	Integration test setup	2024-04-05T02:11:41.5997854Z If the package version is a prerelease and you didn't specify `--pre`,
Quarkus UT (windows-latest)	Integration test setup	2024-04-05T02:11:41.5998790Z  the package may not be found.
Quarkus UT (windows-latest)	Integration test setup	2024-04-05T02:11:41.5999685Z Please see https://docs.chocolatey.org/en-us/troubleshooting for more
Quarkus UT (windows-latest)	Integration test setup	2024-04-05T02:11:41.6000485Z  assistance.
Quarkus UT (windows-latest)	Integration test setup	2024-04-05T02:11:41.6080080Z 
Quarkus UT (windows-latest)	Integration test setup	2024-04-05T02:11:41.6080486Z Chocolatey installed 0/1 packages. 1 packages failed.
Quarkus UT (windows-latest)	Integration test setup	2024-04-05T02:11:41.6081109Z  See the log for details (C:\ProgramData\chocolatey\logs\chocolatey.log).
Quarkus UT (windows-latest)	Integration test setup	2024-04-05T02:11:41.6085807Z 
Quarkus UT (windows-latest)	Integration test setup	2024-04-05T02:11:41.6090683Z Failures
Quarkus UT (windows-latest)	Integration test setup	2024-04-05T02:11:41.6098858Z  - zstandard - zstandard not installed. The package was not found with the source(s) listed.
Quarkus UT (windows-latest)	Integration test setup	2024-04-05T02:11:41.6100737Z  Source(s): 'https://community.chocolatey.org/api/v2/'
Quarkus UT (windows-latest)	Integration test setup	2024-04-05T02:11:41.6101682Z  NOTE: When you specify explicit sources, it overrides default sources.
Quarkus UT (windows-latest)	Integration test setup	2024-04-05T02:11:41.6102882Z If the package version is a prerelease and you didn't specify `--pre`,
Quarkus UT (windows-latest)	Integration test setup	2024-04-05T02:11:41.6103854Z  the package may not be found.
Quarkus UT (windows-latest)	Integration test setup	2024-04-05T02:11:41.6104710Z Please see https://docs.chocolatey.org/en-us/troubleshooting for more
Quarkus UT (windows-latest)	Integration test setup	2024-04-05T02:11:41.6105673Z  assistance.
Quarkus UT (windows-latest)	Integration test setup	2024-04-05T02:11:41.6108810Z 
Quarkus UT (windows-latest)	Integration test setup	2024-04-05T02:11:41.6109285Z Enjoy using Chocolatey? Explore more amazing features to take your
Quarkus UT (windows-latest)	Integration test setup	2024-04-05T02:11:41.6110016Z experience to the next level at
Quarkus UT (windows-latest)	Integration test setup	2024-04-05T02:11:41.6110351Z  https://chocolatey.org/compare
Quarkus UT (windows-latest)	Integration test setup	2024-04-05T02:11:41.6648505Z ##[error]Process completed with exit code 1.
Java Distribution IT (windows-latest, temurin, 19)	Integration test setup	2024-04-05T02:09:00.2787177Z Prepare all required actions
Java Distribution IT (windows-latest, temurin, 19)	Integration test setup	2024-04-05T02:09:00.2787875Z Getting action download info
Java Distribution IT (windows-latest, temurin, 19)	Integration test setup	2024-04-05T02:09:00.4302020Z Download action repository 'actions/download-artifact@v3' (SHA:9bc31d5ccc31df68ecc42ccf4149144866c47d8a)
Java Distribution IT (windows-latest, temurin, 19)	Integration test setup	2024-04-05T02:09:01.3776377Z ##[group]Run ./.github/actions/integration-test-setup
Java Distribution IT (windows-latest, temurin, 19)	Integration test setup	2024-04-05T02:09:01.3776839Z with:
Java Distribution IT (windows-latest, temurin, 19)	Integration test setup	2024-04-05T02:09:01.3777073Z   jdk-dist: temurin
Java Distribution IT (windows-latest, temurin, 19)	Integration test setup	2024-04-05T02:09:01.3777355Z   jdk-version: 19
Java Distribution IT (windows-latest, temurin, 19)	Integration test setup	2024-04-05T02:09:01.3777601Z env:
Java Distribution IT (windows-latest, temurin, 19)	Integration test setup	2024-04-05T02:09:01.3777996Z   MAVEN_ARGS: -B -nsu -Daether.connector.http.connectionMaxTtl=25
Java Distribution IT (windows-latest, temurin, 19)	Integration test setup	2024-04-05T02:09:01.3778535Z   SUREFIRE_RERUN_FAILING_COUNT: 2
Java Distribution IT (windows-latest, temurin, 19)	Integration test setup	2024-04-05T02:09:01.3778960Z   SUREFIRE_RETRY: -Dsurefire.rerunFailingTestsCount=2
Java Distribution IT (windows-latest, temurin, 19)	Integration test setup	2024-04-05T02:09:01.3779320Z ##[endgroup]
Java Distribution IT (windows-latest, temurin, 19)	Integration test setup	2024-04-05T02:09:01.4050026Z Prepare all required actions
Java Distribution IT (windows-latest, temurin, 19)	Integration test setup	2024-04-05T02:09:01.4050393Z Getting action download info
Java Distribution IT (windows-latest, temurin, 19)	Integration test setup	2024-04-05T02:09:01.5421243Z Download action repository 'actions/setup-java@v4' (SHA:99b8673ff64fbf99d8d325f52d9a5bdedb8483e9)
Java Distribution IT (windows-latest, temurin, 19)	Integration test setup	2024-04-05T02:09:02.7066169Z ##[group]Run ./.github/actions/java-setup
Java Distribution IT (windows-latest, temurin, 19)	Integration test setup	2024-04-05T02:09:02.7066514Z with:
Java Distribution IT (windows-latest, temurin, 19)	Integration test setup	2024-04-05T02:09:02.7066716Z   distribution: temurin
Java Distribution IT (windows-latest, temurin, 19)	Integration test setup	2024-04-05T02:09:02.7066963Z   java-version: 19
Java Distribution IT (windows-latest, temurin, 19)	Integration test setup	2024-04-05T02:09:02.7067164Z env:
Java Distribution IT (windows-latest, temurin, 19)	Integration test setup	2024-04-05T02:09:02.7067487Z   MAVEN_ARGS: -B -nsu -Daether.connector.http.connectionMaxTtl=25
Java Distribution IT (windows-latest, temurin, 19)	Integration test setup	2024-04-05T02:09:02.7067942Z   SUREFIRE_RERUN_FAILING_COUNT: 2
Java Distribution IT (windows-latest, temurin, 19)	Integration test setup	2024-04-05T02:09:02.7068308Z   SUREFIRE_RETRY: -Dsurefire.rerunFailingTestsCount=2
Java Distribution IT (windows-latest, temurin, 19)	Integration test setup	2024-04-05T02:09:02.7068681Z ##[endgroup]
Java Distribution IT (windows-latest, temurin, 19)	Integration test setup	2024-04-05T02:09:02.7231709Z ##[group]Run actions/setup-java@v4
Java Distribution IT (windows-latest, temurin, 19)	Integration test setup	2024-04-05T02:09:02.7232082Z with:
Java Distribution IT (windows-latest, temurin, 19)	Integration test setup	2024-04-05T02:09:02.7232358Z   distribution: temurin
Java Distribution IT (windows-latest, temurin, 19)	Integration test setup	2024-04-05T02:09:02.7232655Z   java-version: 19
Java Distribution IT (windows-latest, temurin, 19)	Integration test setup	2024-04-05T02:09:02.7232950Z   java-package: jdk
Java Distribution IT (windows-latest, temurin, 19)	Integration test setup	2024-04-05T02:09:02.7233254Z   check-latest: false
Java Distribution IT (windows-latest, temurin, 19)	Integration test setup	2024-04-05T02:09:02.7233535Z   server-id: github
Java Distribution IT (windows-latest, temurin, 19)	Integration test setup	2024-04-05T02:09:02.7233836Z   server-username: GITHUB_ACTOR
Java Distribution IT (windows-latest, temurin, 19)	Integration test setup	2024-04-05T02:09:02.7234208Z   server-password: GITHUB_TOKEN
Java Distribution IT (windows-latest, temurin, 19)	Integration test setup	2024-04-05T02:09:02.7234551Z   overwrite-settings: true
Java Distribution IT (windows-latest, temurin, 19)	Integration test setup	2024-04-05T02:09:02.7234879Z   job-status: success
Java Distribution IT (windows-latest, temurin, 19)	Integration test setup	2024-04-05T02:09:02.7235317Z   token: ***
Java Distribution IT (windows-latest, temurin, 19)	Integration test setup	2024-04-05T02:09:02.7235555Z env:
Java Distribution IT (windows-latest, temurin, 19)	Integration test setup	2024-04-05T02:09:02.7235943Z   MAVEN_ARGS: -B -nsu -Daether.connector.http.connectionMaxTtl=25
Java Distribution IT (windows-latest, temurin, 19)	Integration test setup	2024-04-05T02:09:02.7236470Z   SUREFIRE_RERUN_FAILING_COUNT: 2
Java Distribution IT (windows-latest, temurin, 19)	Integration test setup	2024-04-05T02:09:02.7236875Z   SUREFIRE_RETRY: -Dsurefire.rerunFailingTestsCount=2
Java Distribution IT (windows-latest, temurin, 19)	Integration test setup	2024-04-05T02:09:02.7237308Z ##[endgroup]
Java Distribution IT (windows-latest, temurin, 19)	Integration test setup	2024-04-05T02:09:03.0168752Z ##[group]Installed distributions
Java Distribution IT (windows-latest, temurin, 19)	Integration test setup	2024-04-05T02:09:03.0434946Z Trying to resolve the latest version from remote
Java Distribution IT (windows-latest, temurin, 19)	Integration test setup	2024-04-05T02:09:04.5597475Z Resolved latest version as 19.0.2+7
Java Distribution IT (windows-latest, temurin, 19)	Integration test setup	2024-04-05T02:09:04.5598237Z Trying to download...
Java Distribution IT (windows-latest, temurin, 19)	Integration test setup	2024-04-05T02:09:04.5599964Z Downloading Java 19.0.2+7 (Temurin-Hotspot) from https://github.com/adoptium/temurin19-binaries/releases/download/jdk-19.0.2%2B7/OpenJDK19U-jdk_x64_windows_hotspot_19.0.2_7.zip ...
Java Distribution IT (windows-latest, temurin, 19)	Integration test setup	2024-04-05T02:09:06.3375860Z Extracting Java archive...
Java Distribution IT (windows-latest, temurin, 19)	Integration test setup	2024-04-05T02:09:06.4163212Z [command]"C:\Program Files\PowerShell\7\pwsh.exe" -NoLogo -NoProfile -NonInteractive -ExecutionPolicy Unrestricted -Command "$ErrorActionPreference = 'Stop' ; try { Add-Type -AssemblyName System.IO.Compression.ZipFile } catch { } ; try { [System.IO.Compression.ZipFile]::ExtractToDirectory('D:\a\_temp\8195b94a-6762-4e10-b1d1-ced969732e10', 'D:\a\_temp\9e1d077f-4621-4e52-bae5-2649973b4ff5', $true) } catch { if (($_.Exception.GetType().FullName -eq 'System.Management.Automation.MethodException') -or ($_.Exception.GetType().FullName -eq 'System.Management.Automation.RuntimeException') ){ Expand-Archive -LiteralPath 'D:\a\_temp\8195b94a-6762-4e10-b1d1-ced969732e10' -DestinationPath 'D:\a\_temp\9e1d077f-4621-4e52-bae5-2649973b4ff5' -Force } else { throw $_ } } ;"
Java Distribution IT (windows-latest, temurin, 19)	Integration test setup	2024-04-05T02:09:09.0784064Z Java 19.0.2+7 was downloaded
Java Distribution IT (windows-latest, temurin, 19)	Integration test setup	2024-04-05T02:09:09.0784656Z Setting Java 19.0.2+7 as the default
Java Distribution IT (windows-latest, temurin, 19)	Integration test setup	2024-04-05T02:09:09.0809657Z Creating toolchains.xml for JDK version 19 from temurin
Java Distribution IT (windows-latest, temurin, 19)	Integration test setup	2024-04-05T02:09:09.0947032Z Writing to C:\Users\runneradmin\.m2\toolchains.xml
Java Distribution IT (windows-latest, temurin, 19)	Integration test setup	2024-04-05T02:09:09.0988950Z 
Java Distribution IT (windows-latest, temurin, 19)	Integration test setup	2024-04-05T02:09:09.0989497Z Java configuration:
Java Distribution IT (windows-latest, temurin, 19)	Integration test setup	2024-04-05T02:09:09.0990275Z   Distribution: temurin
Java Distribution IT (windows-latest, temurin, 19)	Integration test setup	2024-04-05T02:09:09.0991095Z   Version: 19.0.2+7
Java Distribution IT (windows-latest, temurin, 19)	Integration test setup	2024-04-05T02:09:09.0992436Z   Path: C:\hostedtoolcache\windows\Java_Temurin-Hotspot_jdk\19.0.2-7\x64
Java Distribution IT (windows-latest, temurin, 19)	Integration test setup	2024-04-05T02:09:09.0993453Z 
Java Distribution IT (windows-latest, temurin, 19)	Integration test setup	2024-04-05T02:09:09.0994279Z ##[endgroup]
Java Distribution IT (windows-latest, temurin, 19)	Integration test setup	2024-04-05T02:09:09.1008474Z Creating settings.xml with server-id: github
Java Distribution IT (windows-latest, temurin, 19)	Integration test setup	2024-04-05T02:09:09.1013644Z Writing to C:\Users\runneradmin\.m2\settings.xml
Java Distribution IT (windows-latest, temurin, 19)	Integration test setup	2024-04-05T02:09:09.1350461Z Prepare all required actions
Java Distribution IT (windows-latest, temurin, 19)	Integration test setup	2024-04-05T02:09:09.1350907Z Getting action download info
Java Distribution IT (windows-latest, temurin, 19)	Integration test setup	2024-04-05T02:09:09.2749926Z Download action repository 'actions/cache@v4' (SHA:0c45773b623bea8c8e75f6c82b208c3cf94ea4f9)
Java Distribution IT (windows-latest, temurin, 19)	Integration test setup	2024-04-05T02:09:09.6244976Z ##[group]Run ./.github/actions/maven-cache
Java Distribution IT (windows-latest, temurin, 19)	Integration test setup	2024-04-05T02:09:09.6245302Z with:
Java Distribution IT (windows-latest, temurin, 19)	Integration test setup	2024-04-05T02:09:09.6245528Z   create-cache-if-it-doesnt-exist: false
Java Distribution IT (windows-latest, temurin, 19)	Integration test setup	2024-04-05T02:09:09.6245828Z env:
Java Distribution IT (windows-latest, temurin, 19)	Integration test setup	2024-04-05T02:09:09.6246142Z   MAVEN_ARGS: -B -nsu -Daether.connector.http.connectionMaxTtl=25
Java Distribution IT (windows-latest, temurin, 19)	Integration test setup	2024-04-05T02:09:09.6246599Z   SUREFIRE_RERUN_FAILING_COUNT: 2
Java Distribution IT (windows-latest, temurin, 19)	Integration test setup	2024-04-05T02:09:09.6246958Z   SUREFIRE_RETRY: -Dsurefire.rerunFailingTestsCount=2
Java Distribution IT (windows-latest, temurin, 19)	Integration test setup	2024-04-05T02:09:09.6247492Z   JAVA_HOME: C:\hostedtoolcache\windows\Java_Temurin-Hotspot_jdk\19.0.2-7\x64
Java Distribution IT (windows-latest, temurin, 19)	Integration test setup	2024-04-05T02:09:09.6248130Z   JAVA_HOME_19_X64: C:\hostedtoolcache\windows\Java_Temurin-Hotspot_jdk\19.0.2-7\x64
Java Distribution IT (windows-latest, temurin, 19)	Integration test setup	2024-04-05T02:09:09.6248596Z ##[endgroup]
Java Distribution IT (windows-latest, temurin, 19)	Integration test setup	2024-04-05T02:09:09.6395426Z ##[group]Run echo "key=mvn-`date -u "+%Y-%U"`" >> $GITHUB_OUTPUT
Java Distribution IT (windows-latest, temurin, 19)	Integration test setup	2024-04-05T02:09:09.6396007Z [36;1mecho "key=mvn-`date -u "+%Y-%U"`" >> $GITHUB_OUTPUT[0m
Java Distribution IT (windows-latest, temurin, 19)	Integration test setup	2024-04-05T02:09:09.6433447Z shell: C:\Program Files\Git\bin\bash.EXE --noprofile --norc -e -o pipefail {0}
Java Distribution IT (windows-latest, temurin, 19)	Integration test setup	2024-04-05T02:09:09.6433960Z env:
Java Distribution IT (windows-latest, temurin, 19)	Integration test setup	2024-04-05T02:09:09.6434297Z   MAVEN_ARGS: -B -nsu -Daether.connector.http.connectionMaxTtl=25
Java Distribution IT (windows-latest, temurin, 19)	Integration test setup	2024-04-05T02:09:09.6434752Z   SUREFIRE_RERUN_FAILING_COUNT: 2
Java Distribution IT (windows-latest, temurin, 19)	Integration test setup	2024-04-05T02:09:09.6435108Z   SUREFIRE_RETRY: -Dsurefire.rerunFailingTestsCount=2
Java Distribution IT (windows-latest, temurin, 19)	Integration test setup	2024-04-05T02:09:09.6435674Z   JAVA_HOME: C:\hostedtoolcache\windows\Java_Temurin-Hotspot_jdk\19.0.2-7\x64
Java Distribution IT (windows-latest, temurin, 19)	Integration test setup	2024-04-05T02:09:09.6436315Z   JAVA_HOME_19_X64: C:\hostedtoolcache\windows\Java_Temurin-Hotspot_jdk\19.0.2-7\x64
Java Distribution IT (windows-latest, temurin, 19)	Integration test setup	2024-04-05T02:09:09.6436783Z ##[endgroup]
Java Distribution IT (windows-latest, temurin, 19)	Integration test setup	2024-04-05T02:09:09.8889270Z ##[group]Run actions/cache/restore@v4
Java Distribution IT (windows-latest, temurin, 19)	Integration test setup	2024-04-05T02:09:09.8889582Z with:
Java Distribution IT (windows-latest, temurin, 19)	Integration test setup	2024-04-05T02:09:09.8889894Z   path: ~/.m2/repository/*/*
Java Distribution IT (windows-latest, temurin, 19)	Integration test setup	!~/.m2/repository/org/keycloak
Java Distribution IT (windows-latest, temurin, 19)	Integration test setup	
Java Distribution IT (windows-latest, temurin, 19)	Integration test setup	2024-04-05T02:09:09.8890288Z   key: mvn-2024-13
Java Distribution IT (windows-latest, temurin, 19)	Integration test setup	2024-04-05T02:09:09.8890519Z   enableCrossOsArchive: false
Java Distribution IT (windows-latest, temurin, 19)	Integration test setup	2024-04-05T02:09:09.8890802Z   fail-on-cache-miss: false
Java Distribution IT (windows-latest, temurin, 19)	Integration test setup	2024-04-05T02:09:09.8891060Z   lookup-only: false
Java Distribution IT (windows-latest, temurin, 19)	Integration test setup	2024-04-05T02:09:09.8891266Z env:
Java Distribution IT (windows-latest, temurin, 19)	Integration test setup	2024-04-05T02:09:09.8891583Z   MAVEN_ARGS: -B -nsu -Daether.connector.http.connectionMaxTtl=25
Java Distribution IT (windows-latest, temurin, 19)	Integration test setup	2024-04-05T02:09:09.8892019Z   SUREFIRE_RERUN_FAILING_COUNT: 2
Java Distribution IT (windows-latest, temurin, 19)	Integration test setup	2024-04-05T02:09:09.8892370Z   SUREFIRE_RETRY: -Dsurefire.rerunFailingTestsCount=2
Java Distribution IT (windows-latest, temurin, 19)	Integration test setup	2024-04-05T02:09:09.8892905Z   JAVA_HOME: C:\hostedtoolcache\windows\Java_Temurin-Hotspot_jdk\19.0.2-7\x64
Java Distribution IT (windows-latest, temurin, 19)	Integration test setup	2024-04-05T02:09:09.8893577Z   JAVA_HOME_19_X64: C:\hostedtoolcache\windows\Java_Temurin-Hotspot_jdk\19.0.2-7\x64
Java Distribution IT (windows-latest, temurin, 19)	Integration test setup	2024-04-05T02:09:09.8894044Z ##[endgroup]
Java Distribution IT (windows-latest, temurin, 19)	Integration test setup	2024-04-05T02:09:10.4819537Z Cache not found for input keys: mvn-2024-13
Java Distribution IT (windows-latest, temurin, 19)	Integration test setup	2024-04-05T02:09:12.9540391Z ##[group]Run actions/cache@v4
Java Distribution IT (windows-latest, temurin, 19)	Integration test setup	2024-04-05T02:09:12.9540675Z with:
Java Distribution IT (windows-latest, temurin, 19)	Integration test setup	2024-04-05T02:09:12.9540903Z   path: .mvn/wrapper/maven-wrapper.jar
Java Distribution IT (windows-latest, temurin, 19)	Integration test setup	2024-04-05T02:09:12.9541518Z   key: Windows-maven-wrapper-db5015c2176d64b892779c28302a749b4178b22232e5d60376c0d9b53e804ed1
Java Distribution IT (windows-latest, temurin, 19)	Integration test setup	2024-04-05T02:09:12.9542130Z   restore-keys: Windows-maven-wrapper-
Java Distribution IT (windows-latest, temurin, 19)	Integration test setup	2024-04-05T02:09:12.9542466Z   enableCrossOsArchive: false
Java Distribution IT (windows-latest, temurin, 19)	Integration test setup	2024-04-05T02:09:12.9542753Z   fail-on-cache-miss: false
Java Distribution IT (windows-latest, temurin, 19)	Integration test setup	2024-04-05T02:09:12.9543014Z   lookup-only: false
Java Distribution IT (windows-latest, temurin, 19)	Integration test setup	2024-04-05T02:09:12.9543249Z   save-always: false
Java Distribution IT (windows-latest, temurin, 19)	Integration test setup	2024-04-05T02:09:12.9543466Z env:
Java Distribution IT (windows-latest, temurin, 19)	Integration test setup	2024-04-05T02:09:12.9543779Z   MAVEN_ARGS: -B -nsu -Daether.connector.http.connectionMaxTtl=25
Java Distribution IT (windows-latest, temurin, 19)	Integration test setup	2024-04-05T02:09:12.9545293Z   SUREFIRE_RERUN_FAILING_COUNT: 2
Java Distribution IT (windows-latest, temurin, 19)	Integration test setup	2024-04-05T02:09:12.9546333Z   SUREFIRE_RETRY: -Dsurefire.rerunFailingTestsCount=2
Java Distribution IT (windows-latest, temurin, 19)	Integration test setup	2024-04-05T02:09:12.9546880Z   JAVA_HOME: C:\hostedtoolcache\windows\Java_Temurin-Hotspot_jdk\19.0.2-7\x64
Java Distribution IT (windows-latest, temurin, 19)	Integration test setup	2024-04-05T02:09:12.9547531Z   JAVA_HOME_19_X64: C:\hostedtoolcache\windows\Java_Temurin-Hotspot_jdk\19.0.2-7\x64
Java Distribution IT (windows-latest, temurin, 19)	Integration test setup	2024-04-05T02:09:12.9548024Z ##[endgroup]
Java Distribution IT (windows-latest, temurin, 19)	Integration test setup	2024-04-05T02:09:13.5317706Z Cache not found for input keys: Windows-maven-wrapper-db5015c2176d64b892779c28302a749b4178b22232e5d60376c0d9b53e804ed1, Windows-maven-wrapper-
Java Distribution IT (windows-latest, temurin, 19)	Integration test setup	2024-04-05T02:09:13.5521994Z Prepare all required actions
Java Distribution IT (windows-latest, temurin, 19)	Integration test setup	2024-04-05T02:09:13.5522375Z Getting action download info
Java Distribution IT (windows-latest, temurin, 19)	Integration test setup	2024-04-05T02:09:13.6962554Z ##[group]Run ./.github/actions/phantomjs-cache
Java Distribution IT (windows-latest, temurin, 19)	Integration test setup	2024-04-05T02:09:13.6962904Z with:
Java Distribution IT (windows-latest, temurin, 19)	Integration test setup	2024-04-05T02:09:13.6963089Z   version: 2.1.1
Java Distribution IT (windows-latest, temurin, 19)	Integration test setup	2024-04-05T02:09:13.6963283Z env:
Java Distribution IT (windows-latest, temurin, 19)	Integration test setup	2024-04-05T02:09:13.6963609Z   MAVEN_ARGS: -B -nsu -Daether.connector.http.connectionMaxTtl=25
Java Distribution IT (windows-latest, temurin, 19)	Integration test setup	2024-04-05T02:09:13.6964061Z   SUREFIRE_RERUN_FAILING_COUNT: 2
Java Distribution IT (windows-latest, temurin, 19)	Integration test setup	2024-04-05T02:09:13.6964443Z   SUREFIRE_RETRY: -Dsurefire.rerunFailingTestsCount=2
Java Distribution IT (windows-latest, temurin, 19)	Integration test setup	2024-04-05T02:09:13.6964976Z   JAVA_HOME: C:\hostedtoolcache\windows\Java_Temurin-Hotspot_jdk\19.0.2-7\x64
Java Distribution IT (windows-latest, temurin, 19)	Integration test setup	2024-04-05T02:09:13.6965611Z   JAVA_HOME_19_X64: C:\hostedtoolcache\windows\Java_Temurin-Hotspot_jdk\19.0.2-7\x64
Java Distribution IT (windows-latest, temurin, 19)	Integration test setup	2024-04-05T02:09:13.6966070Z ##[endgroup]
Java Distribution IT (windows-latest, temurin, 19)	Integration test setup	2024-04-05T02:09:13.7084640Z ##[group]Run actions/cache@v4
Java Distribution IT (windows-latest, temurin, 19)	Integration test setup	2024-04-05T02:09:13.7084918Z with:
Java Distribution IT (windows-latest, temurin, 19)	Integration test setup	2024-04-05T02:09:13.7085112Z   path: ~/.arquillian/drone
Java Distribution IT (windows-latest, temurin, 19)	Integration test setup	2024-04-05T02:09:13.7085375Z   key: phantomjs-2.1.1
Java Distribution IT (windows-latest, temurin, 19)	Integration test setup	2024-04-05T02:09:13.7116969Z   enableCrossOsArchive: false
Java Distribution IT (windows-latest, temurin, 19)	Integration test setup	2024-04-05T02:09:13.7117798Z   fail-on-cache-miss: false
Java Distribution IT (windows-latest, temurin, 19)	Integration test setup	2024-04-05T02:09:13.7118241Z   lookup-only: false
Java Distribution IT (windows-latest, temurin, 19)	Integration test setup	2024-04-05T02:09:13.7118602Z   save-always: false
Java Distribution IT (windows-latest, temurin, 19)	Integration test setup	2024-04-05T02:09:13.7118820Z env:
Java Distribution IT (windows-latest, temurin, 19)	Integration test setup	2024-04-05T02:09:13.7119150Z   MAVEN_ARGS: -B -nsu -Daether.connector.http.connectionMaxTtl=25
Java Distribution IT (windows-latest, temurin, 19)	Integration test setup	2024-04-05T02:09:13.7119612Z   SUREFIRE_RERUN_FAILING_COUNT: 2
Java Distribution IT (windows-latest, temurin, 19)	Integration test setup	2024-04-05T02:09:13.7119983Z   SUREFIRE_RETRY: -Dsurefire.rerunFailingTestsCount=2
Java Distribution IT (windows-latest, temurin, 19)	Integration test setup	2024-04-05T02:09:13.7120533Z   JAVA_HOME: C:\hostedtoolcache\windows\Java_Temurin-Hotspot_jdk\19.0.2-7\x64
Java Distribution IT (windows-latest, temurin, 19)	Integration test setup	2024-04-05T02:09:13.7121184Z   JAVA_HOME_19_X64: C:\hostedtoolcache\windows\Java_Temurin-Hotspot_jdk\19.0.2-7\x64
Java Distribution IT (windows-latest, temurin, 19)	Integration test setup	2024-04-05T02:09:13.7121650Z ##[endgroup]
Java Distribution IT (windows-latest, temurin, 19)	Integration test setup	2024-04-05T02:09:15.5385214Z Received 4194304 of 23368317 (17.9%), 4.0 MBs/sec
Java Distribution IT (windows-latest, temurin, 19)	Integration test setup	2024-04-05T02:09:15.7550648Z Cache Size: ~22 MB (23368317 B)
Java Distribution IT (windows-latest, temurin, 19)	Integration test setup	2024-04-05T02:09:15.7592309Z [command]"C:\Program Files\Git\usr\bin\tar.exe" -xf D:/a/_temp/6a2a8b3a-ffde-40c2-b838-576622e2c6b6/cache.tzst -P -C D:/a/keycloak/keycloak --force-local --use-compress-program "zstd -d"
Java Distribution IT (windows-latest, temurin, 19)	Integration test setup	2024-04-05T02:09:15.9243131Z Cache restored successfully
Java Distribution IT (windows-latest, temurin, 19)	Integration test setup	2024-04-05T02:09:16.6327991Z Cache restored from key: phantomjs-2.1.1
Java Distribution IT (windows-latest, temurin, 19)	Integration test setup	2024-04-05T02:09:16.6620873Z Prepare all required actions
Java Distribution IT (windows-latest, temurin, 19)	Integration test setup	2024-04-05T02:09:16.6621253Z Getting action download info
Java Distribution IT (windows-latest, temurin, 19)	Integration test setup	2024-04-05T02:09:16.8098990Z ##[group]Run ./.github/actions/frontend-plugin-cache
Java Distribution IT (windows-latest, temurin, 19)	Integration test setup	2024-04-05T02:09:16.8099387Z env:
Java Distribution IT (windows-latest, temurin, 19)	Integration test setup	2024-04-05T02:09:16.8099737Z   MAVEN_ARGS: -B -nsu -Daether.connector.http.connectionMaxTtl=25
Java Distribution IT (windows-latest, temurin, 19)	Integration test setup	2024-04-05T02:09:16.8100198Z   SUREFIRE_RERUN_FAILING_COUNT: 2
Java Distribution IT (windows-latest, temurin, 19)	Integration test setup	2024-04-05T02:09:16.8100566Z   SUREFIRE_RETRY: -Dsurefire.rerunFailingTestsCount=2
Java Distribution IT (windows-latest, temurin, 19)	Integration test setup	2024-04-05T02:09:16.8101117Z   JAVA_HOME: C:\hostedtoolcache\windows\Java_Temurin-Hotspot_jdk\19.0.2-7\x64
Java Distribution IT (windows-latest, temurin, 19)	Integration test setup	2024-04-05T02:09:16.8101771Z   JAVA_HOME_19_X64: C:\hostedtoolcache\windows\Java_Temurin-Hotspot_jdk\19.0.2-7\x64
Java Distribution IT (windows-latest, temurin, 19)	Integration test setup	2024-04-05T02:09:16.8102253Z ##[endgroup]
Java Distribution IT (windows-latest, temurin, 19)	Integration test setup	2024-04-05T02:09:16.8218006Z ##[group]Run echo "version=$(mvn help:evaluate -Dexpression=pnpm.version -q -DforceStdout)" >> $GITHUB_OUTPUT
Java Distribution IT (windows-latest, temurin, 19)	Integration test setup	2024-04-05T02:09:16.8219557Z [36;1mecho "version=$(mvn help:evaluate -Dexpression=pnpm.version -q -DforceStdout)" >> $GITHUB_OUTPUT[0m
Java Distribution IT (windows-latest, temurin, 19)	Integration test setup	2024-04-05T02:09:16.8234719Z shell: C:\Program Files\Git\bin\bash.EXE --noprofile --norc -e -o pipefail {0}
Java Distribution IT (windows-latest, temurin, 19)	Integration test setup	2024-04-05T02:09:16.8235231Z env:
Java Distribution IT (windows-latest, temurin, 19)	Integration test setup	2024-04-05T02:09:16.8235574Z   MAVEN_ARGS: -B -nsu -Daether.connector.http.connectionMaxTtl=25
Java Distribution IT (windows-latest, temurin, 19)	Integration test setup	2024-04-05T02:09:16.8236295Z   SUREFIRE_RERUN_FAILING_COUNT: 2
Java Distribution IT (windows-latest, temurin, 19)	Integration test setup	2024-04-05T02:09:16.8236670Z   SUREFIRE_RETRY: -Dsurefire.rerunFailingTestsCount=2
Java Distribution IT (windows-latest, temurin, 19)	Integration test setup	2024-04-05T02:09:16.8237219Z   JAVA_HOME: C:\hostedtoolcache\windows\Java_Temurin-Hotspot_jdk\19.0.2-7\x64
Java Distribution IT (windows-latest, temurin, 19)	Integration test setup	2024-04-05T02:09:16.8237870Z   JAVA_HOME_19_X64: C:\hostedtoolcache\windows\Java_Temurin-Hotspot_jdk\19.0.2-7\x64
Java Distribution IT (windows-latest, temurin, 19)	Integration test setup	2024-04-05T02:09:16.8238354Z ##[endgroup]
Java Distribution IT (windows-latest, temurin, 19)	Integration test setup	2024-04-05T02:10:49.5510479Z ##[group]Run actions/cache@v4
Java Distribution IT (windows-latest, temurin, 19)	Integration test setup	2024-04-05T02:10:49.5510772Z with:
Java Distribution IT (windows-latest, temurin, 19)	Integration test setup	2024-04-05T02:10:49.5511189Z   path: ~/.local/share/pnpm/store
Java Distribution IT (windows-latest, temurin, 19)	Integration test setup	~/AppData/Local/pnpm/store
Java Distribution IT (windows-latest, temurin, 19)	Integration test setup	~/Library/pnpm/store
Java Distribution IT (windows-latest, temurin, 19)	Integration test setup	
Java Distribution IT (windows-latest, temurin, 19)	Integration test setup	2024-04-05T02:10:49.5512123Z   key: Windows-frontend-plugin-pnpm-store-8.15.5-ead7c6a24ebb93bbbaa054f565fd30bf467e532af34d56f09b55545901f5cbe1
Java Distribution IT (windows-latest, temurin, 19)	Integration test setup	2024-04-05T02:10:49.5512869Z   enableCrossOsArchive: false
Java Distribution IT (windows-latest, temurin, 19)	Integration test setup	2024-04-05T02:10:49.5513169Z   fail-on-cache-miss: false
Java Distribution IT (windows-latest, temurin, 19)	Integration test setup	2024-04-05T02:10:49.5513446Z   lookup-only: false
Java Distribution IT (windows-latest, temurin, 19)	Integration test setup	2024-04-05T02:10:49.5513678Z   save-always: false
Java Distribution IT (windows-latest, temurin, 19)	Integration test setup	2024-04-05T02:10:49.5513915Z env:
Java Distribution IT (windows-latest, temurin, 19)	Integration test setup	2024-04-05T02:10:49.5514256Z   MAVEN_ARGS: -B -nsu -Daether.connector.http.connectionMaxTtl=25
Java Distribution IT (windows-latest, temurin, 19)	Integration test setup	2024-04-05T02:10:49.5514706Z   SUREFIRE_RERUN_FAILING_COUNT: 2
Java Distribution IT (windows-latest, temurin, 19)	Integration test setup	2024-04-05T02:10:49.5515080Z   SUREFIRE_RETRY: -Dsurefire.rerunFailingTestsCount=2
Java Distribution IT (windows-latest, temurin, 19)	Integration test setup	2024-04-05T02:10:49.5515618Z   JAVA_HOME: C:\hostedtoolcache\windows\Java_Temurin-Hotspot_jdk\19.0.2-7\x64
Java Distribution IT (windows-latest, temurin, 19)	Integration test setup	2024-04-05T02:10:49.5516267Z   JAVA_HOME_19_X64: C:\hostedtoolcache\windows\Java_Temurin-Hotspot_jdk\19.0.2-7\x64
Java Distribution IT (windows-latest, temurin, 19)	Integration test setup	2024-04-05T02:10:49.5516749Z ##[endgroup]
Java Distribution IT (windows-latest, temurin, 19)	Integration test setup	2024-04-05T02:10:50.1236881Z Cache not found for input keys: Windows-frontend-plugin-pnpm-store-8.15.5-ead7c6a24ebb93bbbaa054f565fd30bf467e532af34d56f09b55545901f5cbe1
Java Distribution IT (windows-latest, temurin, 19)	Integration test setup	2024-04-05T02:10:50.1434262Z ##[group]Run actions/download-artifact@v3
Java Distribution IT (windows-latest, temurin, 19)	Integration test setup	2024-04-05T02:10:50.1434612Z with:
Java Distribution IT (windows-latest, temurin, 19)	Integration test setup	2024-04-05T02:10:50.1434814Z   name: m2-keycloak.tzts
Java Distribution IT (windows-latest, temurin, 19)	Integration test setup	2024-04-05T02:10:50.1435065Z env:
Java Distribution IT (windows-latest, temurin, 19)	Integration test setup	2024-04-05T02:10:50.1435394Z   MAVEN_ARGS: -B -nsu -Daether.connector.http.connectionMaxTtl=25
Java Distribution IT (windows-latest, temurin, 19)	Integration test setup	2024-04-05T02:10:50.1435870Z   SUREFIRE_RERUN_FAILING_COUNT: 2
Java Distribution IT (windows-latest, temurin, 19)	Integration test setup	2024-04-05T02:10:50.1436251Z   SUREFIRE_RETRY: -Dsurefire.rerunFailingTestsCount=2
Java Distribution IT (windows-latest, temurin, 19)	Integration test setup	2024-04-05T02:10:50.1436790Z   JAVA_HOME: C:\hostedtoolcache\windows\Java_Temurin-Hotspot_jdk\19.0.2-7\x64
Java Distribution IT (windows-latest, temurin, 19)	Integration test setup	2024-04-05T02:10:50.1437449Z   JAVA_HOME_19_X64: C:\hostedtoolcache\windows\Java_Temurin-Hotspot_jdk\19.0.2-7\x64
Java Distribution IT (windows-latest, temurin, 19)	Integration test setup	2024-04-05T02:10:50.1437939Z ##[endgroup]
Java Distribution IT (windows-latest, temurin, 19)	Integration test setup	2024-04-05T02:10:50.2256076Z Starting download for m2-keycloak.tzts
Java Distribution IT (windows-latest, temurin, 19)	Integration test setup	2024-04-05T02:10:50.8786935Z Directory structure has been setup for the artifact
Java Distribution IT (windows-latest, temurin, 19)	Integration test setup	2024-04-05T02:10:50.8789312Z Total number of files that will be downloaded: 1
Java Distribution IT (windows-latest, temurin, 19)	Integration test setup	2024-04-05T02:10:51.8787300Z Total file count: 1 ---- Processed file #0 (0.0%)
Java Distribution IT (windows-latest, temurin, 19)	Integration test setup	2024-04-05T02:10:52.8808066Z Total file count: 1 ---- Processed file #0 (0.0%)
Java Distribution IT (windows-latest, temurin, 19)	Integration test setup	2024-04-05T02:10:53.8821614Z Total file count: 1 ---- Processed file #0 (0.0%)
Java Distribution IT (windows-latest, temurin, 19)	Integration test setup	2024-04-05T02:10:54.8814284Z Total file count: 1 ---- Processed file #0 (0.0%)
Java Distribution IT (windows-latest, temurin, 19)	Integration test setup	2024-04-05T02:10:55.8922231Z Total file count: 1 ---- Processed file #0 (0.0%)
Java Distribution IT (windows-latest, temurin, 19)	Integration test setup	2024-04-05T02:10:56.8913406Z Total file count: 1 ---- Processed file #0 (0.0%)
Java Distribution IT (windows-latest, temurin, 19)	Integration test setup	2024-04-05T02:10:57.8917561Z Total file count: 1 ---- Processed file #0 (0.0%)
Java Distribution IT (windows-latest, temurin, 19)	Integration test setup	2024-04-05T02:10:58.8960044Z Total file count: 1 ---- Processed file #0 (0.0%)
Java Distribution IT (windows-latest, temurin, 19)	Integration test setup	2024-04-05T02:10:59.8953711Z Total file count: 1 ---- Processed file #0 (0.0%)
Java Distribution IT (windows-latest, temurin, 19)	Integration test setup	2024-04-05T02:11:00.8962138Z Total file count: 1 ---- Processed file #0 (0.0%)
Java Distribution IT (windows-latest, temurin, 19)	Integration test setup	2024-04-05T02:11:01.8963636Z Total file count: 1 ---- Processed file #0 (0.0%)
Java Distribution IT (windows-latest, temurin, 19)	Integration test setup	2024-04-05T02:11:02.8969507Z Total file count: 1 ---- Processed file #0 (0.0%)
Java Distribution IT (windows-latest, temurin, 19)	Integration test setup	2024-04-05T02:11:03.9036458Z Total file count: 1 ---- Processed file #0 (0.0%)
Java Distribution IT (windows-latest, temurin, 19)	Integration test setup	2024-04-05T02:11:04.9035230Z Total file count: 1 ---- Processed file #0 (0.0%)
Java Distribution IT (windows-latest, temurin, 19)	Integration test setup	2024-04-05T02:11:05.9135958Z Total file count: 1 ---- Processed file #0 (0.0%)
Java Distribution IT (windows-latest, temurin, 19)	Integration test setup	2024-04-05T02:11:06.9136886Z Total file count: 1 ---- Processed file #0 (0.0%)
Java Distribution IT (windows-latest, temurin, 19)	Integration test setup	2024-04-05T02:11:07.9142585Z Total file count: 1 ---- Processed file #0 (0.0%)
Java Distribution IT (windows-latest, temurin, 19)	Integration test setup	2024-04-05T02:11:08.9133551Z Total file count: 1 ---- Processed file #0 (0.0%)
Java Distribution IT (windows-latest, temurin, 19)	Integration test setup	2024-04-05T02:11:09.9133763Z Total file count: 1 ---- Processed file #0 (0.0%)
Java Distribution IT (windows-latest, temurin, 19)	Integration test setup	2024-04-05T02:11:10.9183368Z Total file count: 1 ---- Processed file #0 (0.0%)
Java Distribution IT (windows-latest, temurin, 19)	Integration test setup	2024-04-05T02:11:11.6098468Z Artifact m2-keycloak.tzts was downloaded to D:\a\keycloak\keycloak
Java Distribution IT (windows-latest, temurin, 19)	Integration test setup	2024-04-05T02:11:11.6155365Z Artifact download has finished successfully
Java Distribution IT (windows-latest, temurin, 19)	Integration test setup	2024-04-05T02:11:11.6326432Z ##[group]Run if [ "$RUNNER_OS" == "Windows" ]; then
Java Distribution IT (windows-latest, temurin, 19)	Integration test setup	2024-04-05T02:11:11.6326864Z [36;1mif [ "$RUNNER_OS" == "Windows" ]; then[0m
Java Distribution IT (windows-latest, temurin, 19)	Integration test setup	2024-04-05T02:11:11.6327225Z [36;1m  choco install zstandard[0m
Java Distribution IT (windows-latest, temurin, 19)	Integration test setup	2024-04-05T02:11:11.6327520Z [36;1mfi[0m
Java Distribution IT (windows-latest, temurin, 19)	Integration test setup	2024-04-05T02:11:11.6327885Z [36;1mtar -C ~/ --use-compress-program="zstd -d" -xf m2-keycloak.tzts[0m
Java Distribution IT (windows-latest, temurin, 19)	Integration test setup	2024-04-05T02:11:11.6339440Z shell: C:\Program Files\Git\bin\bash.EXE --noprofile --norc -e -o pipefail {0}
Java Distribution IT (windows-latest, temurin, 19)	Integration test setup	2024-04-05T02:11:11.6339947Z env:
Java Distribution IT (windows-latest, temurin, 19)	Integration test setup	2024-04-05T02:11:11.6340288Z   MAVEN_ARGS: -B -nsu -Daether.connector.http.connectionMaxTtl=25
Java Distribution IT (windows-latest, temurin, 19)	Integration test setup	2024-04-05T02:11:11.6340755Z   SUREFIRE_RERUN_FAILING_COUNT: 2
Java Distribution IT (windows-latest, temurin, 19)	Integration test setup	2024-04-05T02:11:11.6341158Z   SUREFIRE_RETRY: -Dsurefire.rerunFailingTestsCount=2
Java Distribution IT (windows-latest, temurin, 19)	Integration test setup	2024-04-05T02:11:11.6341713Z   JAVA_HOME: C:\hostedtoolcache\windows\Java_Temurin-Hotspot_jdk\19.0.2-7\x64
Java Distribution IT (windows-latest, temurin, 19)	Integration test setup	2024-04-05T02:11:11.6342357Z   JAVA_HOME_19_X64: C:\hostedtoolcache\windows\Java_Temurin-Hotspot_jdk\19.0.2-7\x64
Java Distribution IT (windows-latest, temurin, 19)	Integration test setup	2024-04-05T02:11:11.6342830Z ##[endgroup]
Java Distribution IT (windows-latest, temurin, 19)	Integration test setup	2024-04-05T02:11:14.5195623Z Chocolatey v2.2.2
Java Distribution IT (windows-latest, temurin, 19)	Integration test setup	2024-04-05T02:11:15.1169533Z Installing the following packages:
Java Distribution IT (windows-latest, temurin, 19)	Integration test setup	2024-04-05T02:11:15.1178118Z zstandard
Java Distribution IT (windows-latest, temurin, 19)	Integration test setup	2024-04-05T02:11:15.1183540Z By installing, you accept licenses for the packages.
Java Distribution IT (windows-latest, temurin, 19)	Integration test setup	2024-04-05T02:11:32.0744947Z Unable to connect to source 'https://community.chocolatey.org/api/v2/':
Java Distribution IT (windows-latest, temurin, 19)	Integration test setup	2024-04-05T02:11:32.0746815Z  Failed to fetch results from V2 feed at 'https://community.chocolatey.org/api/v2/Packages()?$filter=(tolower(Id)%20eq%20'zstandard')%20and%20IsLatestVersion&semVerLevel=2.0.0' with following message : Response status code does not indicate success: 499 ().
Java Distribution IT (windows-latest, temurin, 19)	Integration test setup	2024-04-05T02:11:32.0752017Z zstandard not installed. The package was not found with the source(s) listed.
Java Distribution IT (windows-latest, temurin, 19)	Integration test setup	2024-04-05T02:11:32.0753697Z  Source(s): 'https://community.chocolatey.org/api/v2/'
Java Distribution IT (windows-latest, temurin, 19)	Integration test setup	2024-04-05T02:11:32.0754634Z  NOTE: When you specify explicit sources, it overrides default sources.
Java Distribution IT (windows-latest, temurin, 19)	Integration test setup	2024-04-05T02:11:32.0755926Z If the package version is a prerelease and you didn't specify `--pre`,
Java Distribution IT (windows-latest, temurin, 19)	Integration test setup	2024-04-05T02:11:32.0756686Z  the package may not be found.
Java Distribution IT (windows-latest, temurin, 19)	Integration test setup	2024-04-05T02:11:32.0757479Z Please see https://docs.chocolatey.org/en-us/troubleshooting for more
Java Distribution IT (windows-latest, temurin, 19)	Integration test setup	2024-04-05T02:11:32.0757965Z  assistance.
Java Distribution IT (windows-latest, temurin, 19)	Integration test setup	2024-04-05T02:11:32.0837849Z 
Java Distribution IT (windows-latest, temurin, 19)	Integration test setup	2024-04-05T02:11:32.0838368Z Chocolatey installed 0/1 packages. 1 packages failed.
Java Distribution IT (windows-latest, temurin, 19)	Integration test setup	2024-04-05T02:11:32.0839411Z  See the log for details (C:\ProgramData\chocolatey\logs\chocolatey.log).
Java Distribution IT (windows-latest, temurin, 19)	Integration test setup	2024-04-05T02:11:32.0843744Z 
Java Distribution IT (windows-latest, temurin, 19)	Integration test setup	2024-04-05T02:11:32.0848366Z Failures
Java Distribution IT (windows-latest, temurin, 19)	Integration test setup	2024-04-05T02:11:32.0855768Z  - zstandard - zstandard not installed. The package was not found with the source(s) listed.
Java Distribution IT (windows-latest, temurin, 19)	Integration test setup	2024-04-05T02:11:32.0856847Z  Source(s): 'https://community.chocolatey.org/api/v2/'
Java Distribution IT (windows-latest, temurin, 19)	Integration test setup	2024-04-05T02:11:32.0857456Z  NOTE: When you specify explicit sources, it overrides default sources.
Java Distribution IT (windows-latest, temurin, 19)	Integration test setup	2024-04-05T02:11:32.0858181Z If the package version is a prerelease and you didn't specify `--pre`,
Java Distribution IT (windows-latest, temurin, 19)	Integration test setup	2024-04-05T02:11:32.0858686Z  the package may not be found.
Java Distribution IT (windows-latest, temurin, 19)	Integration test setup	2024-04-05T02:11:32.0859225Z Please see https://docs.chocolatey.org/en-us/troubleshooting for more
Java Distribution IT (windows-latest, temurin, 19)	Integration test setup	2024-04-05T02:11:32.0859706Z  assistance.
Java Distribution IT (windows-latest, temurin, 19)	Integration test setup	2024-04-05T02:11:32.1112313Z ##[error]Process completed with exit code 1.
Status Check - Keycloak CI	Run /./.github/actions/status-check	2024-04-05T03:05:47.2757075Z Prepare all required actions
Status Check - Keycloak CI	Run /./.github/actions/status-check	2024-04-05T03:05:47.2850147Z ##[group]Run ./.github/actions/status-check
Status Check - Keycloak CI	Run /./.github/actions/status-check	2024-04-05T03:05:47.2850671Z with:
Status Check - Keycloak CI	Run /./.github/actions/status-check	2024-04-05T03:05:47.2855145Z   jobs: {
Status Check - Keycloak CI	Run /./.github/actions/status-check	  "conditional": {
Status Check - Keycloak CI	Run /./.github/actions/status-check	    "result": "success",
Status Check - Keycloak CI	Run /./.github/actions/status-check	    "outputs": {
Status Check - Keycloak CI	Run /./.github/actions/status-check	      "ci": "true",
Status Check - Keycloak CI	Run /./.github/actions/status-check	      "ci-sssd": "false",
Status Check - Keycloak CI	Run /./.github/actions/status-check	      "ci-store": "false",
Status Check - Keycloak CI	Run /./.github/actions/status-check	      "ci-store-matrix": "[\"postgres\",\"mysql\",\"oracle\",\"mssql\",\"mariadb\"]"
Status Check - Keycloak CI	Run /./.github/actions/status-check	    }
Status Check - Keycloak CI	Run /./.github/actions/status-check	  },
Status Check - Keycloak CI	Run /./.github/actions/status-check	  "build": {
Status Check - Keycloak CI	Run /./.github/actions/status-check	    "result": "success",
Status Check - Keycloak CI	Run /./.github/actions/status-check	    "outputs": {}
Status Check - Keycloak CI	Run /./.github/actions/status-check	  },
Status Check - Keycloak CI	Run /./.github/actions/status-check	  "unit-tests": {
Status Check - Keycloak CI	Run /./.github/actions/status-check	    "result": "success",
Status Check - Keycloak CI	Run /./.github/actions/status-check	    "outputs": {}
Status Check - Keycloak CI	Run /./.github/actions/status-check	  },
Status Check - Keycloak CI	Run /./.github/actions/status-check	  "base-integration-tests": {
Status Check - Keycloak CI	Run /./.github/actions/status-check	    "result": "success",
Status Check - Keycloak CI	Run /./.github/actions/status-check	    "outputs": {}
Status Check - Keycloak CI	Run /./.github/actions/status-check	  },
Status Check - Keycloak CI	Run /./.github/actions/status-check	  "adapter-integration-tests": {
Status Check - Keycloak CI	Run /./.github/actions/status-check	    "result": "success",
Status Check - Keycloak CI	Run /./.github/actions/status-check	    "outputs": {}
Status Check - Keycloak CI	Run /./.github/actions/status-check	  },
Status Check - Keycloak CI	Run /./.github/actions/status-check	  "quarkus-unit-tests": {
Status Check - Keycloak CI	Run /./.github/actions/status-check	    "result": "failure",
Status Check - Keycloak CI	Run /./.github/actions/status-check	    "outputs": {}
Status Check - Keycloak CI	Run /./.github/actions/status-check	  },
Status Check - Keycloak CI	Run /./.github/actions/status-check	  "quarkus-integration-tests": {
Status Check - Keycloak CI	Run /./.github/actions/status-check	    "result": "success",
Status Check - Keycloak CI	Run /./.github/actions/status-check	    "outputs": {}
Status Check - Keycloak CI	Run /./.github/actions/status-check	  },
Status Check - Keycloak CI	Run /./.github/actions/status-check	  "jdk-integration-tests": {
Status Check - Keycloak CI	Run /./.github/actions/status-check	    "result": "failure",
Status Check - Keycloak CI	Run /./.github/actions/status-check	    "outputs": {}
Status Check - Keycloak CI	Run /./.github/actions/status-check	  },
Status Check - Keycloak CI	Run /./.github/actions/status-check	  "store-integration-tests": {
Status Check - Keycloak CI	Run /./.github/actions/status-check	    "result": "skipped",
Status Check - Keycloak CI	Run /./.github/actions/status-check	    "outputs": {}
Status Check - Keycloak CI	Run /./.github/actions/status-check	  },
Status Check - Keycloak CI	Run /./.github/actions/status-check	  "persistent-sessions-tests": {
Status Check - Keycloak CI	Run /./.github/actions/status-check	    "result": "skipped",
Status Check - Keycloak CI	Run /./.github/actions/status-check	    "outputs": {}
Status Check - Keycloak CI	Run /./.github/actions/status-check	  },
Status Check - Keycloak CI	Run /./.github/actions/status-check	  "store-model-tests": {
Status Check - Keycloak CI	Run /./.github/actions/status-check	    "result": "skipped",
Status Check - Keycloak CI	Run /./.github/actions/status-check	    "outputs": {}
Status Check - Keycloak CI	Run /./.github/actions/status-check	  },
Status Check - Keycloak CI	Run /./.github/actions/status-check	  "clustering-integration-tests": {
Status Check - Keycloak CI	Run /./.github/actions/status-check	    "result": "success",
Status Check - Keycloak CI	Run /./.github/actions/status-check	    "outputs": {}
Status Check - Keycloak CI	Run /./.github/actions/status-check	  },
Status Check - Keycloak CI	Run /./.github/actions/status-check	  "fips-unit-tests": {
Status Check - Keycloak CI	Run /./.github/actions/status-check	    "result": "success",
Status Check - Keycloak CI	Run /./.github/actions/status-check	    "outputs": {}
Status Check - Keycloak CI	Run /./.github/actions/status-check	  },
Status Check - Keycloak CI	Run /./.github/actions/status-check	  "fips-integration-tests": {
Status Check - Keycloak CI	Run /./.github/actions/status-check	    "result": "success",
Status Check - Keycloak CI	Run /./.github/actions/status-check	    "outputs": {}
Status Check - Keycloak CI	Run /./.github/actions/status-check	  },
Status Check - Keycloak CI	Run /./.github/actions/status-check	  "forms-integration-tests": {
Status Check - Keycloak CI	Run /./.github/actions/status-check	    "result": "success",
Status Check - Keycloak CI	Run /./.github/actions/status-check	    "outputs": {}
Status Check - Keycloak CI	Run /./.github/actions/status-check	  },
Status Check - Keycloak CI	Run /./.github/actions/status-check	  "webauthn-integration-tests": {
Status Check - Keycloak CI	Run /./.github/actions/status-check	    "result": "success",
Status Check - Keycloak CI	Run /./.github/actions/status-check	    "outputs": {}
Status Check - Keycloak CI	Run /./.github/actions/status-check	  },
Status Check - Keycloak CI	Run /./.github/actions/status-check	  "sssd-unit-tests": {
Status Check - Keycloak CI	Run /./.github/actions/status-check	    "result": "skipped",
Status Check - Keycloak CI	Run /./.github/actions/status-check	    "outputs": {}
Status Check - Keycloak CI	Run /./.github/actions/status-check	  },
Status Check - Keycloak CI	Run /./.github/actions/status-check	  "migration-tests": {
Status Check - Keycloak CI	Run /./.github/actions/status-check	    "result": "success",
Status Check - Keycloak CI	Run /./.github/actions/status-check	    "outputs": {}
Status Check - Keycloak CI	Run /./.github/actions/status-check	  }
Status Check - Keycloak CI	Run /./.github/actions/status-check	}
Status Check - Keycloak CI	Run /./.github/actions/status-check	2024-04-05T03:05:47.2860172Z env:
Status Check - Keycloak CI	Run /./.github/actions/status-check	2024-04-05T03:05:47.2860633Z   MAVEN_ARGS: -B -nsu -Daether.connector.http.connectionMaxTtl=25
Status Check - Keycloak CI	Run /./.github/actions/status-check	2024-04-05T03:05:47.2861202Z   SUREFIRE_RERUN_FAILING_COUNT: 2
Status Check - Keycloak CI	Run /./.github/actions/status-check	2024-04-05T03:05:47.2861732Z   SUREFIRE_RETRY: -Dsurefire.rerunFailingTestsCount=2
Status Check - Keycloak CI	Run /./.github/actions/status-check	2024-04-05T03:05:47.2862233Z ##[endgroup]
Status Check - Keycloak CI	Run /./.github/actions/status-check	2024-04-05T03:05:47.3119273Z ##[group]Run JOBS='{
Status Check - Keycloak CI	Run /./.github/actions/status-check	2024-04-05T03:05:47.3119831Z [36;1mJOBS='{[0m
Status Check - Keycloak CI	Run /./.github/actions/status-check	2024-04-05T03:05:47.3120322Z [36;1m  "conditional": {[0m
Status Check - Keycloak CI	Run /./.github/actions/status-check	2024-04-05T03:05:47.3120709Z [36;1m    "result": "success",[0m
Status Check - Keycloak CI	Run /./.github/actions/status-check	2024-04-05T03:05:47.3121121Z [36;1m    "outputs": {[0m
Status Check - Keycloak CI	Run /./.github/actions/status-check	2024-04-05T03:05:47.3121563Z [36;1m      "ci": "true",[0m
Status Check - Keycloak CI	Run /./.github/actions/status-check	2024-04-05T03:05:47.3121924Z [36;1m      "ci-sssd": "false",[0m
Status Check - Keycloak CI	Run /./.github/actions/status-check	2024-04-05T03:05:47.3122338Z [36;1m      "ci-store": "false",[0m
Status Check - Keycloak CI	Run /./.github/actions/status-check	2024-04-05T03:05:47.3123069Z [36;1m      "ci-store-matrix": "[\"postgres\",\"mysql\",\"oracle\",\"mssql\",\"mariadb\"]"[0m
Status Check - Keycloak CI	Run /./.github/actions/status-check	2024-04-05T03:05:47.3123654Z [36;1m    }[0m
Status Check - Keycloak CI	Run /./.github/actions/status-check	2024-04-05T03:05:47.3123970Z [36;1m  },[0m
Status Check - Keycloak CI	Run /./.github/actions/status-check	2024-04-05T03:05:47.3124374Z [36;1m  "build": {[0m
Status Check - Keycloak CI	Run /./.github/actions/status-check	2024-04-05T03:05:47.3124700Z [36;1m    "result": "success",[0m
Status Check - Keycloak CI	Run /./.github/actions/status-check	2024-04-05T03:05:47.3125096Z [36;1m    "outputs": {}[0m
Status Check - Keycloak CI	Run /./.github/actions/status-check	2024-04-05T03:05:47.3125530Z [36;1m  },[0m
Status Check - Keycloak CI	Run /./.github/actions/status-check	2024-04-05T03:05:47.3125822Z [36;1m  "unit-tests": {[0m
Status Check - Keycloak CI	Run /./.github/actions/status-check	2024-04-05T03:05:47.3126187Z [36;1m    "result": "success",[0m
Status Check - Keycloak CI	Run /./.github/actions/status-check	2024-04-05T03:05:47.3126656Z [36;1m    "outputs": {}[0m
Status Check - Keycloak CI	Run /./.github/actions/status-check	2024-04-05T03:05:47.3126978Z [36;1m  },[0m
Status Check - Keycloak CI	Run /./.github/actions/status-check	2024-04-05T03:05:47.3127327Z [36;1m  "base-integration-tests": {[0m
Status Check - Keycloak CI	Run /./.github/actions/status-check	2024-04-05T03:05:47.3127828Z [36;1m    "result": "success",[0m
Status Check - Keycloak CI	Run /./.github/actions/status-check	2024-04-05T03:05:47.3128228Z [36;1m    "outputs": {}[0m
Status Check - Keycloak CI	Run /./.github/actions/status-check	2024-04-05T03:05:47.3128541Z [36;1m  },[0m
Status Check - Keycloak CI	Run /./.github/actions/status-check	2024-04-05T03:05:47.3128969Z [36;1m  "adapter-integration-tests": {[0m
Status Check - Keycloak CI	Run /./.github/actions/status-check	2024-04-05T03:05:47.3129403Z [36;1m    "result": "success",[0m
Status Check - Keycloak CI	Run /./.github/actions/status-check	2024-04-05T03:05:47.3129767Z [36;1m    "outputs": {}[0m
Status Check - Keycloak CI	Run /./.github/actions/status-check	2024-04-05T03:05:47.3130414Z [36;1m  },[0m
Status Check - Keycloak CI	Run /./.github/actions/status-check	2024-04-05T03:05:47.3130750Z [36;1m  "quarkus-unit-tests": {[0m
Status Check - Keycloak CI	Run /./.github/actions/status-check	2024-04-05T03:05:47.3131137Z [36;1m    "result": "failure",[0m
Status Check - Keycloak CI	Run /./.github/actions/status-check	2024-04-05T03:05:47.3131587Z [36;1m    "outputs": {}[0m
Status Check - Keycloak CI	Run /./.github/actions/status-check	2024-04-05T03:05:47.3131935Z [36;1m  },[0m
Status Check - Keycloak CI	Run /./.github/actions/status-check	2024-04-05T03:05:47.3132261Z [36;1m  "quarkus-integration-tests": {[0m
Status Check - Keycloak CI	Run /./.github/actions/status-check	2024-04-05T03:05:47.3133009Z [36;1m    "result": "success",[0m
Status Check - Keycloak CI	Run /./.github/actions/status-check	2024-04-05T03:05:47.3133419Z [36;1m    "outputs": {}[0m
Status Check - Keycloak CI	Run /./.github/actions/status-check	2024-04-05T03:05:47.3133734Z [36;1m  },[0m
Status Check - Keycloak CI	Run /./.github/actions/status-check	2024-04-05T03:05:47.3134341Z [36;1m  "jdk-integration-tests": {[0m
Status Check - Keycloak CI	Run /./.github/actions/status-check	2024-04-05T03:05:47.3134776Z [36;1m    "result": "failure",[0m
Status Check - Keycloak CI	Run /./.github/actions/status-check	2024-04-05T03:05:47.3135127Z [36;1m    "outputs": {}[0m
Status Check - Keycloak CI	Run /./.github/actions/status-check	2024-04-05T03:05:47.3135535Z [36;1m  },[0m
Status Check - Keycloak CI	Run /./.github/actions/status-check	2024-04-05T03:05:47.3135889Z [36;1m  "store-integration-tests": {[0m
Status Check - Keycloak CI	Run /./.github/actions/status-check	2024-04-05T03:05:47.3136277Z [36;1m    "result": "skipped",[0m
Status Check - Keycloak CI	Run /./.github/actions/status-check	2024-04-05T03:05:47.3136732Z [36;1m    "outputs": {}[0m
Status Check - Keycloak CI	Run /./.github/actions/status-check	2024-04-05T03:05:47.3137075Z [36;1m  },[0m
Status Check - Keycloak CI	Run /./.github/actions/status-check	2024-04-05T03:05:47.3137387Z [36;1m  "persistent-sessions-tests": {[0m
Status Check - Keycloak CI	Run /./.github/actions/status-check	2024-04-05T03:05:47.3137917Z [36;1m    "result": "skipped",[0m
Status Check - Keycloak CI	Run /./.github/actions/status-check	2024-04-05T03:05:47.3138342Z [36;1m    "outputs": {}[0m
Status Check - Keycloak CI	Run /./.github/actions/status-check	2024-04-05T03:05:47.3138654Z [36;1m  },[0m
Status Check - Keycloak CI	Run /./.github/actions/status-check	2024-04-05T03:05:47.3139058Z [36;1m  "store-model-tests": {[0m
Status Check - Keycloak CI	Run /./.github/actions/status-check	2024-04-05T03:05:47.3139447Z [36;1m    "result": "skipped",[0m
Status Check - Keycloak CI	Run /./.github/actions/status-check	2024-04-05T03:05:47.3139801Z [36;1m    "outputs": {}[0m
Status Check - Keycloak CI	Run /./.github/actions/status-check	2024-04-05T03:05:47.3140224Z [36;1m  },[0m
Status Check - Keycloak CI	Run /./.github/actions/status-check	2024-04-05T03:05:47.3140584Z [36;1m  "clustering-integration-tests": {[0m
Status Check - Keycloak CI	Run /./.github/actions/status-check	2024-04-05T03:05:47.3140996Z [36;1m    "result": "success",[0m
Status Check - Keycloak CI	Run /./.github/actions/status-check	2024-04-05T03:05:47.3141451Z [36;1m    "outputs": {}[0m
Status Check - Keycloak CI	Run /./.github/actions/status-check	2024-04-05T03:05:47.3141795Z [36;1m  },[0m
Status Check - Keycloak CI	Run /./.github/actions/status-check	2024-04-05T03:05:47.3142080Z [36;1m  "fips-unit-tests": {[0m
Status Check - Keycloak CI	Run /./.github/actions/status-check	2024-04-05T03:05:47.3142635Z [36;1m    "result": "success",[0m
Status Check - Keycloak CI	Run /./.github/actions/status-check	2024-04-05T03:05:47.3143022Z [36;1m    "outputs": {}[0m
Status Check - Keycloak CI	Run /./.github/actions/status-check	2024-04-05T03:05:47.3143380Z [36;1m  },[0m
Status Check - Keycloak CI	Run /./.github/actions/status-check	2024-04-05T03:05:47.3143748Z [36;1m  "fips-integration-tests": {[0m
Status Check - Keycloak CI	Run /./.github/actions/status-check	2024-04-05T03:05:47.3144166Z [36;1m    "result": "success",[0m
Status Check - Keycloak CI	Run /./.github/actions/status-check	2024-04-05T03:05:47.3144556Z [36;1m    "outputs": {}[0m
Status Check - Keycloak CI	Run /./.github/actions/status-check	2024-04-05T03:05:47.3144924Z [36;1m  },[0m
Status Check - Keycloak CI	Run /./.github/actions/status-check	2024-04-05T03:05:47.3145259Z [36;1m  "forms-integration-tests": {[0m
Status Check - Keycloak CI	Run /./.github/actions/status-check	2024-04-05T03:05:47.3145700Z [36;1m    "result": "success",[0m
Status Check - Keycloak CI	Run /./.github/actions/status-check	2024-04-05T03:05:47.3146115Z [36;1m    "outputs": {}[0m
Status Check - Keycloak CI	Run /./.github/actions/status-check	2024-04-05T03:05:47.3146456Z [36;1m  },[0m
Status Check - Keycloak CI	Run /./.github/actions/status-check	2024-04-05T03:05:47.3146839Z [36;1m  "webauthn-integration-tests": {[0m
Status Check - Keycloak CI	Run /./.github/actions/status-check	2024-04-05T03:05:47.3147299Z [36;1m    "result": "success",[0m
Status Check - Keycloak CI	Run /./.github/actions/status-check	2024-04-05T03:05:47.3147705Z [36;1m    "outputs": {}[0m
Status Check - Keycloak CI	Run /./.github/actions/status-check	2024-04-05T03:05:47.3148046Z [36;1m  },[0m
Status Check - Keycloak CI	Run /./.github/actions/status-check	2024-04-05T03:05:47.3148386Z [36;1m  "sssd-unit-tests": {[0m
Status Check - Keycloak CI	Run /./.github/actions/status-check	2024-04-05T03:05:47.3148790Z [36;1m    "result": "skipped",[0m
Status Check - Keycloak CI	Run /./.github/actions/status-check	2024-04-05T03:05:47.3149168Z [36;1m    "outputs": {}[0m
Status Check - Keycloak CI	Run /./.github/actions/status-check	2024-04-05T03:05:47.3149532Z [36;1m  },[0m
Status Check - Keycloak CI	Run /./.github/actions/status-check	2024-04-05T03:05:47.3149864Z [36;1m  "migration-tests": {[0m
Status Check - Keycloak CI	Run /./.github/actions/status-check	2024-04-05T03:05:47.3150247Z [36;1m    "result": "success",[0m
Status Check - Keycloak CI	Run /./.github/actions/status-check	2024-04-05T03:05:47.3150654Z [36;1m    "outputs": {}[0m
Status Check - Keycloak CI	Run /./.github/actions/status-check	2024-04-05T03:05:47.3151012Z [36;1m  }[0m
Status Check - Keycloak CI	Run /./.github/actions/status-check	2024-04-05T03:05:47.3151320Z [36;1m}'[0m
Status Check - Keycloak CI	Run /./.github/actions/status-check	2024-04-05T03:05:47.3151651Z [36;1m[0m
Status Check - Keycloak CI	Run /./.github/actions/status-check	2024-04-05T03:05:47.3151977Z [36;1mecho "Job status:"[0m
Status Check - Keycloak CI	Run /./.github/actions/status-check	2024-04-05T03:05:47.3152493Z [36;1mecho $JOBS | jq -r 'to_entries[] | " - \(.key): \(.value.result)"'[0m
Status Check - Keycloak CI	Run /./.github/actions/status-check	2024-04-05T03:05:47.3153059Z [36;1m[0m
Status Check - Keycloak CI	Run /./.github/actions/status-check	2024-04-05T03:05:47.3153523Z [36;1mfor i in $(echo $JOBS | jq -r 'to_entries[] | .value.result'); do[0m
Status Check - Keycloak CI	Run /./.github/actions/status-check	2024-04-05T03:05:47.3154165Z [36;1m  if [ "$i" != "success" ] && [ "$i" != "skipped" ]; then[0m
Status Check - Keycloak CI	Run /./.github/actions/status-check	2024-04-05T03:05:47.3154704Z [36;1m    echo ""[0m
Status Check - Keycloak CI	Run /./.github/actions/status-check	2024-04-05T03:05:47.3155083Z [36;1m    echo "Status check not okay!"[0m
Status Check - Keycloak CI	Run /./.github/actions/status-check	2024-04-05T03:05:47.3155502Z [36;1m    exit 1[0m
Status Check - Keycloak CI	Run /./.github/actions/status-check	2024-04-05T03:05:47.3155867Z [36;1m  fi[0m
Status Check - Keycloak CI	Run /./.github/actions/status-check	2024-04-05T03:05:47.3156169Z [36;1mdone[0m
Status Check - Keycloak CI	Run /./.github/actions/status-check	2024-04-05T03:05:47.3196120Z shell: /usr/bin/bash --noprofile --norc -e -o pipefail {0}
Status Check - Keycloak CI	Run /./.github/actions/status-check	2024-04-05T03:05:47.3196641Z env:
Status Check - Keycloak CI	Run /./.github/actions/status-check	2024-04-05T03:05:47.3197229Z   MAVEN_ARGS: -B -nsu -Daether.connector.http.connectionMaxTtl=25
Status Check - Keycloak CI	Run /./.github/actions/status-check	2024-04-05T03:05:47.3197820Z   SUREFIRE_RERUN_FAILING_COUNT: 2
Status Check - Keycloak CI	Run /./.github/actions/status-check	2024-04-05T03:05:47.3198264Z   SUREFIRE_RETRY: -Dsurefire.rerunFailingTestsCount=2
Status Check - Keycloak CI	Run /./.github/actions/status-check	2024-04-05T03:05:47.3198818Z ##[endgroup]
Status Check - Keycloak CI	Run /./.github/actions/status-check	2024-04-05T03:05:47.3315957Z Job status:
Status Check - Keycloak CI	Run /./.github/actions/status-check	2024-04-05T03:05:47.3529802Z  - conditional: success
Status Check - Keycloak CI	Run /./.github/actions/status-check	2024-04-05T03:05:47.3530895Z  - build: success
Status Check - Keycloak CI	Run /./.github/actions/status-check	2024-04-05T03:05:47.3531725Z  - unit-tests: success
Status Check - Keycloak CI	Run /./.github/actions/status-check	2024-04-05T03:05:47.3532137Z  - base-integration-tests: success
Status Check - Keycloak CI	Run /./.github/actions/status-check	2024-04-05T03:05:47.3532729Z  - adapter-integration-tests: success
Status Check - Keycloak CI	Run /./.github/actions/status-check	2024-04-05T03:05:47.3533602Z  - quarkus-unit-tests: failure
Status Check - Keycloak CI	Run /./.github/actions/status-check	2024-04-05T03:05:47.3534035Z  - quarkus-integration-tests: success
Status Check - Keycloak CI	Run /./.github/actions/status-check	2024-04-05T03:05:47.3534596Z  - jdk-integration-tests: failure
Status Check - Keycloak CI	Run /./.github/actions/status-check	2024-04-05T03:05:47.3535066Z  - store-integration-tests: skipped
Status Check - Keycloak CI	Run /./.github/actions/status-check	2024-04-05T03:05:47.3535499Z  - persistent-sessions-tests: skipped
Status Check - Keycloak CI	Run /./.github/actions/status-check	2024-04-05T03:05:47.3536040Z  - store-model-tests: skipped
Status Check - Keycloak CI	Run /./.github/actions/status-check	2024-04-05T03:05:47.3536490Z  - clustering-integration-tests: success
Status Check - Keycloak CI	Run /./.github/actions/status-check	2024-04-05T03:05:47.3536916Z  - fips-unit-tests: success
Status Check - Keycloak CI	Run /./.github/actions/status-check	2024-04-05T03:05:47.3537518Z  - fips-integration-tests: success
Status Check - Keycloak CI	Run /./.github/actions/status-check	2024-04-05T03:05:47.3538300Z  - forms-integration-tests: success
Status Check - Keycloak CI	Run /./.github/actions/status-check	2024-04-05T03:05:47.3539051Z  - webauthn-integration-tests: success
Status Check - Keycloak CI	Run /./.github/actions/status-check	2024-04-05T03:05:47.3540288Z  - sssd-unit-tests: skipped
Status Check - Keycloak CI	Run /./.github/actions/status-check	2024-04-05T03:05:47.3541071Z  - migration-tests: success
Status Check - Keycloak CI	Run /./.github/actions/status-check	2024-04-05T03:05:47.3742257Z 
Status Check - Keycloak CI	Run /./.github/actions/status-check	2024-04-05T03:05:47.3742691Z Status check not okay!
Status Check - Keycloak CI	Run /./.github/actions/status-check	2024-04-05T03:05:47.3755695Z ##[error]Process completed with exit code 1.
