Test OLM installation	Arrange OLM test installation	2025-06-04T12:38:32.7549560Z ##[group]Run eval $(minikube -p minikube docker-env)
Test OLM installation	Arrange OLM test installation	2025-06-04T12:38:32.7550236Z [36;1meval $(minikube -p minikube docker-env)[0m
Test OLM installation	Arrange OLM test installation	2025-06-04T12:38:32.7550794Z [36;1m./scripts/olm-testing.sh ${GITHUB_SHA::6}[0m
Test OLM installation	Arrange OLM test installation	2025-06-04T12:38:32.7622018Z shell: /usr/bin/bash --noprofile --norc -e -o pipefail {0}
Test OLM installation	Arrange OLM test installation	2025-06-04T12:38:32.7622579Z env:
Test OLM installation	Arrange OLM test installation	2025-06-04T12:38:32.7623103Z   MAVEN_ARGS: -B -nsu -Daether.connector.http.connectionMaxTtl=25
Test OLM installation	Arrange OLM test installation	2025-06-04T12:38:32.7623729Z   MINIKUBE_VERSION: v1.32.0
Test OLM installation	Arrange OLM test installation	2025-06-04T12:38:32.7624191Z   KUBERNETES_VERSION: v1.27.10
Test OLM installation	Arrange OLM test installation	2025-06-04T12:38:32.7624596Z   MINIKUBE_MEMORY: 4096
Test OLM installation	Arrange OLM test installation	2025-06-04T12:38:32.7625027Z   JAVA_HOME: /opt/hostedtoolcache/Java_Temurin-Hotspot_jdk/21.0.7-6/x64
Test OLM installation	Arrange OLM test installation	2025-06-04T12:38:32.7625759Z   JAVA_HOME_21_X64: /opt/hostedtoolcache/Java_Temurin-Hotspot_jdk/21.0.7-6/x64
Test OLM installation	Arrange OLM test installation	2025-06-04T12:38:32.7626436Z   MINIKUBE_HOME: /home/runner/work/_temp
Test OLM installation	Arrange OLM test installation	2025-06-04T12:38:32.7626887Z ##[endgroup]
Test OLM installation	Arrange OLM test installation	2025-06-04T12:38:33.1641013Z + UUID=03be67
Test OLM installation	Arrange OLM test installation	2025-06-04T12:38:33.1647890Z + INSTALL_NAMESPACE=default
Test OLM installation	Arrange OLM test installation	2025-06-04T12:38:33.1648579Z + TARGET_NAMESPACES=default
Test OLM installation	Arrange OLM test installation	2025-06-04T12:38:33.1648990Z +++ dirname -- ./scripts/olm-testing.sh
Test OLM installation	Arrange OLM test installation	2025-06-04T12:38:33.1678230Z ++ cd -- ./scripts
Test OLM installation	Arrange OLM test installation	2025-06-04T12:38:33.1678678Z ++ pwd
Test OLM installation	Arrange OLM test installation	2025-06-04T12:38:33.1679208Z + SCRIPT_DIR=/home/runner/work/keycloak/keycloak/operator/scripts
Test OLM installation	Arrange OLM test installation	2025-06-04T12:38:33.1679847Z + VERSION=86400000.0.0
Test OLM installation	Arrange OLM test installation	2025-06-04T12:38:33.1686938Z + cd /home/runner/work/keycloak/keycloak/operator/scripts/../../quarkus/container
Test OLM installation	Arrange OLM test installation	2025-06-04T12:38:33.1697237Z ++ ls keycloak-999.0.0-SNAPSHOT.tar.gz
Test OLM installation	Arrange OLM test installation	2025-06-04T12:38:33.1711620Z + docker build --build-arg KEYCLOAK_DIST=keycloak-999.0.0-SNAPSHOT.tar.gz . -t ttl.sh/03be67keycloak:86400000.0.0
Test OLM installation	Arrange OLM test installation	2025-06-04T12:38:33.8306673Z #0 building with "default" instance using docker driver
Test OLM installation	Arrange OLM test installation	2025-06-04T12:38:33.8307142Z 
Test OLM installation	Arrange OLM test installation	2025-06-04T12:38:33.8307529Z #1 [internal] load .dockerignore
Test OLM installation	Arrange OLM test installation	2025-06-04T12:38:33.8307857Z #1 transferring context: 2B done
Test OLM installation	Arrange OLM test installation	2025-06-04T12:38:33.8308109Z #1 DONE 0.0s
Test OLM installation	Arrange OLM test installation	2025-06-04T12:38:33.8308225Z 
Test OLM installation	Arrange OLM test installation	2025-06-04T12:38:33.8308359Z #2 [internal] load build definition from Dockerfile
Test OLM installation	Arrange OLM test installation	2025-06-04T12:38:33.8308722Z #2 transferring dockerfile: 2.72kB done
Test OLM installation	Arrange OLM test installation	2025-06-04T12:38:33.8308987Z #2 DONE 0.0s
Test OLM installation	Arrange OLM test installation	2025-06-04T12:38:33.8309096Z 
Test OLM installation	Arrange OLM test installation	2025-06-04T12:38:33.8309294Z #3 [internal] load metadata for registry.access.redhat.com/ubi9:latest
Test OLM installation	Arrange OLM test installation	2025-06-04T12:38:34.0731957Z #3 DONE 0.4s
Test OLM installation	Arrange OLM test installation	2025-06-04T12:38:34.0732358Z 
Test OLM installation	Arrange OLM test installation	2025-06-04T12:38:34.0732794Z #4 [internal] load metadata for registry.access.redhat.com/ubi9-micro:latest
Test OLM installation	Arrange OLM test installation	2025-06-04T12:38:36.2646800Z #4 DONE 2.6s
Test OLM installation	Arrange OLM test installation	2025-06-04T12:38:36.3757920Z 
Test OLM installation	Arrange OLM test installation	2025-06-04T12:38:36.3759175Z #5 [stage-1 1/4] FROM registry.access.redhat.com/ubi9-micro@sha256:955512628a9104d74f7b3b0a91db27a6bbecdd6a1975ce0f1b2658d3cd060b98
Test OLM installation	Arrange OLM test installation	2025-06-04T12:38:36.3760638Z #5 resolve registry.access.redhat.com/ubi9-micro@sha256:955512628a9104d74f7b3b0a91db27a6bbecdd6a1975ce0f1b2658d3cd060b98 done
Test OLM installation	Arrange OLM test installation	2025-06-04T12:38:36.3761986Z #5 sha256:955512628a9104d74f7b3b0a91db27a6bbecdd6a1975ce0f1b2658d3cd060b98 897B / 897B done
Test OLM installation	Arrange OLM test installation	2025-06-04T12:38:36.3762800Z #5 sha256:bc049e6e35c145513e3ec226faf3f929337ea2337fa5c9f7e00375aef4b801e8 504B / 504B done
Test OLM installation	Arrange OLM test installation	2025-06-04T12:38:36.3763470Z #5 sha256:352e1e8e3c437ad6bd352f164df8bdf7018df09f730362546276fe3df62ffd8c 4.00kB / 4.00kB done
Test OLM installation	Arrange OLM test installation	2025-06-04T12:38:36.3764060Z #5 sha256:cd2f3f69481dffe63a3071ea43aeeab2a4af254e96b065c35b2d7ce2534e0383 0B / 7.27MB 0.1s
Test OLM installation	Arrange OLM test installation	2025-06-04T12:38:36.5776718Z #5 sha256:cd2f3f69481dffe63a3071ea43aeeab2a4af254e96b065c35b2d7ce2534e0383 7.27MB / 7.27MB 0.3s done
Test OLM installation	Arrange OLM test installation	2025-06-04T12:38:36.5778485Z #5 extracting sha256:cd2f3f69481dffe63a3071ea43aeeab2a4af254e96b065c35b2d7ce2534e0383
Test OLM installation	Arrange OLM test installation	2025-06-04T12:38:37.2332232Z #5 extracting sha256:cd2f3f69481dffe63a3071ea43aeeab2a4af254e96b065c35b2d7ce2534e0383 0.6s done
Test OLM installation	Arrange OLM test installation	2025-06-04T12:38:37.2334860Z #5 DONE 1.0s
Test OLM installation	Arrange OLM test installation	2025-06-04T12:38:37.2336749Z 
Test OLM installation	Arrange OLM test installation	2025-06-04T12:38:37.2337768Z #6 [ubi-micro-build 1/8] FROM registry.access.redhat.com/ubi9@sha256:304b50df1ea4db9706d8a30f4bbf26f582936ebc80c7e075c72ff2af99292a54
Test OLM installation	Arrange OLM test installation	2025-06-04T12:38:37.2339243Z #6 resolve registry.access.redhat.com/ubi9@sha256:304b50df1ea4db9706d8a30f4bbf26f582936ebc80c7e075c72ff2af99292a54 done
Test OLM installation	Arrange OLM test installation	2025-06-04T12:38:37.2342791Z #6 sha256:304b50df1ea4db9706d8a30f4bbf26f582936ebc80c7e075c72ff2af99292a54 897B / 897B done
Test OLM installation	Arrange OLM test installation	2025-06-04T12:38:37.2343951Z #6 sha256:62fb429dc6b93ab5ade55d1c8e6b08735f00224d3081d58f161eb5f55eeb3d7d 505B / 505B done
Test OLM installation	Arrange OLM test installation	2025-06-04T12:38:37.2345023Z #6 sha256:83c48939c2c8782580d44062545386358defd2d5cc748b9b963bdb8a78046a46 5.06kB / 5.06kB done
Test OLM installation	Arrange OLM test installation	2025-06-04T12:38:37.2346247Z #6 sha256:92efcdccd1058003df257e9cbdf756ff6b10bd276551590536a5a1678e099aaf 79.59MB / 79.59MB 0.7s done
Test OLM installation	Arrange OLM test installation	2025-06-04T12:38:37.2347211Z #6 extracting sha256:92efcdccd1058003df257e9cbdf756ff6b10bd276551590536a5a1678e099aaf 0.2s
Test OLM installation	Arrange OLM test installation	2025-06-04T12:38:37.5772567Z #6 ...
Test OLM installation	Arrange OLM test installation	2025-06-04T12:38:37.5772789Z 
Test OLM installation	Arrange OLM test installation	2025-06-04T12:38:37.5772967Z #7 [internal] load build context
Test OLM installation	Arrange OLM test installation	2025-06-04T12:38:37.5773424Z #7 transferring context: 155.11MB 1.1s done
Test OLM installation	Arrange OLM test installation	2025-06-04T12:38:37.5773859Z #7 DONE 1.1s
Test OLM installation	Arrange OLM test installation	2025-06-04T12:38:37.5774037Z 
Test OLM installation	Arrange OLM test installation	2025-06-04T12:38:37.5774746Z #6 [ubi-micro-build 1/8] FROM registry.access.redhat.com/ubi9@sha256:304b50df1ea4db9706d8a30f4bbf26f582936ebc80c7e075c72ff2af99292a54
Test OLM installation	Arrange OLM test installation	2025-06-04T12:38:40.7399651Z #6 extracting sha256:92efcdccd1058003df257e9cbdf756ff6b10bd276551590536a5a1678e099aaf 3.7s done
Test OLM installation	Arrange OLM test installation	2025-06-04T12:38:40.7400376Z #6 DONE 4.5s
Test OLM installation	Arrange OLM test installation	2025-06-04T12:38:40.8914102Z 
Test OLM installation	Arrange OLM test installation	2025-06-04T12:38:40.8914714Z #8 [ubi-micro-build 2/8] RUN dnf install -y tar gzip
Test OLM installation	Arrange OLM test installation	2025-06-04T12:38:41.0800860Z #8 0.339 Updating Subscription Management repositories.
Test OLM installation	Arrange OLM test installation	2025-06-04T12:38:41.2342796Z #8 0.339 Unable to read consumer identity
Test OLM installation	Arrange OLM test installation	2025-06-04T12:38:41.2343359Z #8 0.343 
Test OLM installation	Arrange OLM test installation	2025-06-04T12:38:41.2344063Z #8 0.343 This system is not registered with an entitlement server. You can use subscription-manager to register.
Test OLM installation	Arrange OLM test installation	2025-06-04T12:38:41.2344865Z #8 0.343 
Test OLM installation	Arrange OLM test installation	2025-06-04T12:38:41.2528424Z #8 0.512 Red Hat Universal Base Image 9 (RPMs) - BaseOS  4.3 MB/s | 587 kB     00:00    
Test OLM installation	Arrange OLM test installation	2025-06-04T12:38:41.4072990Z #8 0.666 Red Hat Universal Base Image 9 (RPMs) - AppStre  35 MB/s | 2.4 MB     00:00    
Test OLM installation	Arrange OLM test installation	2025-06-04T12:38:41.8321043Z #8 1.091 Red Hat Universal Base Image 9 (RPMs) - CodeRea 5.3 MB/s | 284 kB     00:00    
Test OLM installation	Arrange OLM test installation	2025-06-04T12:38:41.9665218Z #8 1.226 Package tar-2:1.34-7.el9.x86_64 is already installed.
Test OLM installation	Arrange OLM test installation	2025-06-04T12:38:42.1312835Z #8 1.226 Package gzip-1.12-1.el9.x86_64 is already installed.
Test OLM installation	Arrange OLM test installation	2025-06-04T12:38:42.1313264Z #8 1.239 Dependencies resolved.
Test OLM installation	Arrange OLM test installation	2025-06-04T12:38:42.1313522Z #8 1.240 Nothing to do.
Test OLM installation	Arrange OLM test installation	2025-06-04T12:38:42.1313766Z #8 1.240 Complete!
Test OLM installation	Arrange OLM test installation	2025-06-04T12:38:42.2657929Z #8 DONE 1.5s
Test OLM installation	Arrange OLM test installation	2025-06-04T12:38:42.4169611Z 
Test OLM installation	Arrange OLM test installation	2025-06-04T12:38:42.4170384Z #9 [ubi-micro-build 3/8] ADD keycloak-999.0.0-SNAPSHOT.tar.gz /tmp/keycloak/
Test OLM installation	Arrange OLM test installation	2025-06-04T12:38:43.1597147Z #9 DONE 0.9s
Test OLM installation	Arrange OLM test installation	2025-06-04T12:38:43.2605489Z 
Test OLM installation	Arrange OLM test installation	2025-06-04T12:38:43.2606578Z #10 [ubi-micro-build 4/8] RUN (cd /tmp/keycloak &&     tar -xvf /tmp/keycloak/keycloak-*.tar.gz &&     rm /tmp/keycloak/keycloak-*.tar.gz) || true
Test OLM installation	Arrange OLM test installation	2025-06-04T12:38:43.2607762Z #10 0.100 tar: /tmp/keycloak/keycloak-*.tar.gz: Cannot open: No such file or directory
Test OLM installation	Arrange OLM test installation	2025-06-04T12:38:43.2608462Z #10 0.100 tar: Error is not recoverable: exiting now
Test OLM installation	Arrange OLM test installation	2025-06-04T12:38:43.4179909Z #10 DONE 0.1s
Test OLM installation	Arrange OLM test installation	2025-06-04T12:38:43.4180198Z 
Test OLM installation	Arrange OLM test installation	2025-06-04T12:38:43.4180701Z #11 [ubi-micro-build 5/8] RUN mv /tmp/keycloak/keycloak-* /opt/keycloak && mkdir -p /opt/keycloak/data
Test OLM installation	Arrange OLM test installation	2025-06-04T12:38:43.4283299Z #11 DONE 0.2s
Test OLM installation	Arrange OLM test installation	2025-06-04T12:38:43.5794646Z 
Test OLM installation	Arrange OLM test installation	2025-06-04T12:38:43.5795280Z #12 [ubi-micro-build 6/8] RUN chmod -R g+rwX /opt/keycloak
Test OLM installation	Arrange OLM test installation	2025-06-04T12:38:44.0712733Z #12 DONE 0.6s
Test OLM installation	Arrange OLM test installation	2025-06-04T12:38:44.2028547Z 
Test OLM installation	Arrange OLM test installation	2025-06-04T12:38:44.2029186Z #13 [ubi-micro-build 7/8] ADD ubi-null.sh /tmp/
Test OLM installation	Arrange OLM test installation	2025-06-04T12:38:44.2029733Z #13 DONE 0.0s
Test OLM installation	Arrange OLM test installation	2025-06-04T12:38:44.2029931Z 
Test OLM installation	Arrange OLM test installation	2025-06-04T12:38:44.2030439Z #14 [ubi-micro-build 8/8] RUN bash /tmp/ubi-null.sh java-21-openjdk-headless glibc-langpack-en findutils
Test OLM installation	Arrange OLM test installation	2025-06-04T12:38:44.2031336Z #14 0.113 ==> Installing packages into chroot
Test OLM installation	Arrange OLM test installation	2025-06-04T12:38:44.2031938Z #14 0.113 + dnf install -y findutils diffutils
Test OLM installation	Arrange OLM test installation	2025-06-04T12:38:44.4407023Z #14 0.350 Updating Subscription Management repositories.
Test OLM installation	Arrange OLM test installation	2025-06-04T12:38:44.5504146Z #14 0.351 Unable to read consumer identity
Test OLM installation	Arrange OLM test installation	2025-06-04T12:38:44.5506810Z #14 0.354 
Test OLM installation	Arrange OLM test installation	2025-06-04T12:38:44.5507594Z #14 0.354 This system is not registered with an entitlement server. You can use subscription-manager to register.
Test OLM installation	Arrange OLM test installation	2025-06-04T12:38:44.5508228Z #14 0.354 
Test OLM installation	Arrange OLM test installation	2025-06-04T12:38:44.5508621Z #14 0.393 Last metadata expiration check: 0:00:03 ago on Wed Jun  4 12:38:41 2025.
Test OLM installation	Arrange OLM test installation	2025-06-04T12:38:44.5509191Z #14 0.415 Package findutils-1:4.8.0-7.el9.x86_64 is already installed.
Test OLM installation	Arrange OLM test installation	2025-06-04T12:38:44.5509595Z #14 0.429 Dependencies resolved.
Test OLM installation	Arrange OLM test installation	2025-06-04T12:38:44.5509909Z #14 0.429 ================================================================================
Test OLM installation	Arrange OLM test installation	2025-06-04T12:38:44.5510472Z #14 0.429  Package         Architecture Version             Repository               Size
Test OLM installation	Arrange OLM test installation	2025-06-04T12:38:44.5511227Z #14 0.429 ================================================================================
Test OLM installation	Arrange OLM test installation	2025-06-04T12:38:44.5511782Z #14 0.429 Installing:
Test OLM installation	Arrange OLM test installation	2025-06-04T12:38:44.5512359Z #14 0.429  diffutils       x86_64       3.7-12.el9          ubi-9-baseos-rpms       402 k
Test OLM installation	Arrange OLM test installation	2025-06-04T12:38:44.5513017Z #14 0.429 
Test OLM installation	Arrange OLM test installation	2025-06-04T12:38:44.5513370Z #14 0.429 Transaction Summary
Test OLM installation	Arrange OLM test installation	2025-06-04T12:38:44.5513866Z #14 0.429 ================================================================================
Test OLM installation	Arrange OLM test installation	2025-06-04T12:38:44.5514316Z #14 0.429 Install  1 Package
Test OLM installation	Arrange OLM test installation	2025-06-04T12:38:44.5514704Z #14 0.429 
Test OLM installation	Arrange OLM test installation	2025-06-04T12:38:44.5515053Z #14 0.430 Total download size: 402 k
Test OLM installation	Arrange OLM test installation	2025-06-04T12:38:44.5515550Z #14 0.430 Installed size: 1.4 M
Test OLM installation	Arrange OLM test installation	2025-06-04T12:38:44.5515991Z #14 0.430 Downloading Packages:
Test OLM installation	Arrange OLM test installation	2025-06-04T12:38:44.5516624Z #14 0.460 diffutils-3.7-12.el9.x86_64.rpm                  14 MB/s | 402 kB     00:00    
Test OLM installation	Arrange OLM test installation	2025-06-04T12:38:44.6590200Z #14 0.461 --------------------------------------------------------------------------------
Test OLM installation	Arrange OLM test installation	2025-06-04T12:38:44.6590893Z #14 0.462 Total                                            13 MB/s | 402 kB     00:00     
Test OLM installation	Arrange OLM test installation	2025-06-04T12:38:44.6591384Z #14 0.473 Running transaction check
Test OLM installation	Arrange OLM test installation	2025-06-04T12:38:44.6591811Z #14 0.477 Transaction check succeeded.
Test OLM installation	Arrange OLM test installation	2025-06-04T12:38:44.6592292Z #14 0.477 Running transaction test
Test OLM installation	Arrange OLM test installation	2025-06-04T12:38:44.6592726Z #14 0.502 Transaction test succeeded.
Test OLM installation	Arrange OLM test installation	2025-06-04T12:38:44.6593173Z #14 0.502 Running transaction
Test OLM installation	Arrange OLM test installation	2025-06-04T12:38:44.6593769Z #14 0.523   Preparing        :                                                        1/1 
Test OLM installation	Arrange OLM test installation	2025-06-04T12:38:44.6594500Z #14 0.558   Installing       : diffutils-3.7-12.el9.x86_64                            1/1 
Test OLM installation	Arrange OLM test installation	2025-06-04T12:38:44.8021779Z #14 0.569   Running scriptlet: diffutils-3.7-12.el9.x86_64                            1/1 
Test OLM installation	Arrange OLM test installation	2025-06-04T12:38:44.8022584Z #14 0.606   Verifying        : diffutils-3.7-12.el9.x86_64                            1/1 
Test OLM installation	Arrange OLM test installation	2025-06-04T12:38:44.8023007Z #14 0.655 Installed products updated.
Test OLM installation	Arrange OLM test installation	2025-06-04T12:38:44.8023281Z #14 0.663 
Test OLM installation	Arrange OLM test installation	2025-06-04T12:38:44.8023469Z #14 0.663 Installed:
Test OLM installation	Arrange OLM test installation	2025-06-04T12:38:44.8023798Z #14 0.663   diffutils-3.7-12.el9.x86_64                                                   
Test OLM installation	Arrange OLM test installation	2025-06-04T12:38:44.8024172Z #14 0.663 
Test OLM installation	Arrange OLM test installation	2025-06-04T12:38:44.8024357Z #14 0.663 Complete!
Test OLM installation	Arrange OLM test installation	2025-06-04T12:38:44.8024600Z #14 0.712 ++ realpath rootfs
Test OLM installation	Arrange OLM test installation	2025-06-04T12:38:44.9556766Z #14 0.713 + rootfs=/tmp/null/rootfs
Test OLM installation	Arrange OLM test installation	2025-06-04T12:38:44.9557507Z #14 0.713 + mkdir -p /tmp/null/rootfs
Test OLM installation	Arrange OLM test installation	2025-06-04T12:38:44.9558097Z #14 0.715 + xargs dnf install -y --installroot /tmp/null/rootfs --releasever 9 --setopt install_weak_deps=false --nodocs
Test OLM installation	Arrange OLM test installation	2025-06-04T12:38:45.0342424Z #14 0.944 Updating Subscription Management repositories.
Test OLM installation	Arrange OLM test installation	2025-06-04T12:38:45.2668249Z #14 0.944 Unable to read consumer identity
Test OLM installation	Arrange OLM test installation	2025-06-04T12:38:45.2668916Z #14 0.946 
Test OLM installation	Arrange OLM test installation	2025-06-04T12:38:45.2669676Z #14 0.946 This system is not registered with an entitlement server. You can use subscription-manager to register.
Test OLM installation	Arrange OLM test installation	2025-06-04T12:38:45.2670310Z #14 0.946 
Test OLM installation	Arrange OLM test installation	2025-06-04T12:38:45.2670662Z #14 1.026 Red Hat Universal Base Image 9 (RPMs) - BaseOS  9.4 MB/s | 587 kB     00:00    
Test OLM installation	Arrange OLM test installation	2025-06-04T12:38:45.2813251Z #14 1.191 Red Hat Universal Base Image 9 (RPMs) - AppStre  31 MB/s | 2.4 MB     00:00    
Test OLM installation	Arrange OLM test installation	2025-06-04T12:38:45.7080140Z #14 1.618 Red Hat Universal Base Image 9 (RPMs) - CodeRea 5.3 MB/s | 284 kB     00:00    
Test OLM installation	Arrange OLM test installation	2025-06-04T12:38:45.8509169Z #14 1.760 Dependencies resolved.
Test OLM installation	Arrange OLM test installation	2025-06-04T12:38:45.9551344Z #14 1.768 =============================================================================================
Test OLM installation	Arrange OLM test installation	2025-06-04T12:38:45.9552155Z #14 1.768  Package                    Arch    Version                       Repository             Size
Test OLM installation	Arrange OLM test installation	2025-06-04T12:38:45.9552859Z #14 1.768 =============================================================================================
Test OLM installation	Arrange OLM test installation	2025-06-04T12:38:45.9553337Z #14 1.768 Installing:
Test OLM installation	Arrange OLM test installation	2025-06-04T12:38:45.9553817Z #14 1.768  bash                       x86_64  5.1.8-9.el9                   ubi-9-baseos-rpms     1.7 M
Test OLM installation	Arrange OLM test installation	2025-06-04T12:38:45.9554537Z #14 1.768  coreutils-single           x86_64  8.32-39.el9                   ubi-9-baseos-rpms     625 k
Test OLM installation	Arrange OLM test installation	2025-06-04T12:38:45.9555310Z #14 1.768  findutils                  x86_64  1:4.8.0-7.el9                 ubi-9-baseos-rpms     550 k
Test OLM installation	Arrange OLM test installation	2025-06-04T12:38:45.9556306Z #14 1.768  glibc-langpack-en          x86_64  2.34-168.el9_6.14             ubi-9-baseos-rpms     657 k
Test OLM installation	Arrange OLM test installation	2025-06-04T12:38:45.9556913Z #14 1.768  java-21-openjdk-headless   x86_64  1:21.0.7.0.6-1.el9            ubi-9-appstream-rpms   49 M
Test OLM installation	Arrange OLM test installation	2025-06-04T12:38:45.9557662Z #14 1.768 Installing dependencies:
Test OLM installation	Arrange OLM test installation	2025-06-04T12:38:45.9558045Z #14 1.768  alsa-lib                   x86_64  1.2.13-2.el9                  ubi-9-appstream-rpms  530 k
Test OLM installation	Arrange OLM test installation	2025-06-04T12:38:45.9558667Z #14 1.768  alternatives               x86_64  1.24-2.el9                    ubi-9-baseos-rpms      42 k
Test OLM installation	Arrange OLM test installation	2025-06-04T12:38:45.9559144Z #14 1.768  avahi-libs                 x86_64  0.8-22.el9_6                  ubi-9-baseos-rpms      67 k
Test OLM installation	Arrange OLM test installation	2025-06-04T12:38:45.9559670Z #14 1.768  basesystem                 noarch  11-13.el9                     ubi-9-baseos-rpms     8.0 k
Test OLM installation	Arrange OLM test installation	2025-06-04T12:38:45.9560403Z #14 1.768  bzip2-libs                 x86_64  1.0.8-10.el9_5                ubi-9-baseos-rpms      42 k
Test OLM installation	Arrange OLM test installation	2025-06-04T12:38:45.9561123Z #14 1.768  ca-certificates            noarch  2024.2.69_v8.0.303-91.4.el9_4 ubi-9-baseos-rpms     1.0 M
Test OLM installation	Arrange OLM test installation	2025-06-04T12:38:45.9561986Z #14 1.768  copy-jdk-configs           noarch  4.0-3.el9                     ubi-9-appstream-rpms   29 k
Test OLM installation	Arrange OLM test installation	2025-06-04T12:38:45.9562955Z #14 1.768  crypto-policies            noarch  20250128-1.git5269e22.el9     ubi-9-baseos-rpms      90 k
Test OLM installation	Arrange OLM test installation	2025-06-04T12:38:45.9563984Z #14 1.768  crypto-policies-scripts    noarch  20250128-1.git5269e22.el9     ubi-9-baseos-rpms     101 k
Test OLM installation	Arrange OLM test installation	2025-06-04T12:38:45.9565011Z #14 1.768  cups-libs                  x86_64  1:2.3.3op2-33.el9             ubi-9-baseos-rpms     265 k
Test OLM installation	Arrange OLM test installation	2025-06-04T12:38:45.9565517Z #14 1.768  dbus-libs                  x86_64  1:1.12.20-8.el9               ubi-9-baseos-rpms     154 k
Test OLM installation	Arrange OLM test installation	2025-06-04T12:38:45.9565936Z #14 1.768  expat                      x86_64  2.5.0-5.el9_6                 ubi-9-baseos-rpms     119 k
Test OLM installation	Arrange OLM test installation	2025-06-04T12:38:45.9566356Z #14 1.768  filesystem                 x86_64  3.16-5.el9                    ubi-9-baseos-rpms     4.8 M
Test OLM installation	Arrange OLM test installation	2025-06-04T12:38:45.9566767Z #14 1.768  gawk                       x86_64  5.1.0-6.el9                   ubi-9-baseos-rpms     1.0 M
Test OLM installation	Arrange OLM test installation	2025-06-04T12:38:45.9567175Z #14 1.768  gdbm-libs                  x86_64  1:1.23-1.el9                  ubi-9-baseos-rpms      59 k
Test OLM installation	Arrange OLM test installation	2025-06-04T12:38:45.9567844Z #14 1.768  glibc                      x86_64  2.34-168.el9_6.14             ubi-9-baseos-rpms     2.0 M
Test OLM installation	Arrange OLM test installation	2025-06-04T12:38:45.9568552Z #14 1.768  glibc-common               x86_64  2.34-168.el9_6.14             ubi-9-baseos-rpms     304 k
Test OLM installation	Arrange OLM test installation	2025-06-04T12:38:45.9568969Z #14 1.768  gmp                        x86_64  1:6.2.0-13.el9                ubi-9-baseos-rpms     319 k
Test OLM installation	Arrange OLM test installation	2025-06-04T12:38:45.9569360Z #14 1.768  gnutls                     x86_64  3.8.3-6.el9                   ubi-9-baseos-rpms     1.1 M
Test OLM installation	Arrange OLM test installation	2025-06-04T12:38:45.9569811Z #14 1.768  grep                       x86_64  3.6-5.el9                     ubi-9-baseos-rpms     273 k
Test OLM installation	Arrange OLM test installation	2025-06-04T12:38:45.9570274Z #14 1.768  javapackages-filesystem    noarch  6.4.0-1.el9                   ubi-9-appstream-rpms   17 k
Test OLM installation	Arrange OLM test installation	2025-06-04T12:38:45.9570922Z #14 1.768  keyutils-libs              x86_64  1.6.3-1.el9                   ubi-9-baseos-rpms      34 k
Test OLM installation	Arrange OLM test installation	2025-06-04T12:38:45.9571353Z #14 1.768  krb5-libs                  x86_64  1.21.1-6.el9                  ubi-9-baseos-rpms     770 k
Test OLM installation	Arrange OLM test installation	2025-06-04T12:38:45.9571770Z #14 1.768  libacl                     x86_64  2.3.1-4.el9                   ubi-9-baseos-rpms      24 k
Test OLM installation	Arrange OLM test installation	2025-06-04T12:38:45.9572181Z #14 1.768  libattr                    x86_64  2.5.1-3.el9                   ubi-9-baseos-rpms      20 k
Test OLM installation	Arrange OLM test installation	2025-06-04T12:38:45.9572588Z #14 1.768  libcap                     x86_64  2.48-9.el9_2                  ubi-9-baseos-rpms      74 k
Test OLM installation	Arrange OLM test installation	2025-06-04T12:38:45.9573009Z #14 1.768  libcom_err                 x86_64  1.46.5-7.el9                  ubi-9-baseos-rpms      28 k
Test OLM installation	Arrange OLM test installation	2025-06-04T12:38:45.9573444Z #14 1.768  libevent                   x86_64  2.1.12-8.el9_4                ubi-9-baseos-rpms     266 k
Test OLM installation	Arrange OLM test installation	2025-06-04T12:38:45.9573974Z #14 1.768  libffi                     x86_64  3.4.2-8.el9                   ubi-9-baseos-rpms      40 k
Test OLM installation	Arrange OLM test installation	2025-06-04T12:38:45.9574714Z #14 1.768  libgcc                     x86_64  11.5.0-5.el9_5                ubi-9-baseos-rpms      88 k
Test OLM installation	Arrange OLM test installation	2025-06-04T12:38:45.9575581Z #14 1.768  libgcrypt                  x86_64  1.10.0-11.el9                 ubi-9-baseos-rpms     510 k
Test OLM installation	Arrange OLM test installation	2025-06-04T12:38:45.9576413Z #14 1.768  libgpg-error               x86_64  1.42-5.el9                    ubi-9-baseos-rpms     220 k
Test OLM installation	Arrange OLM test installation	2025-06-04T12:38:45.9577202Z #14 1.768  libidn2                    x86_64  2.3.0-7.el9                   ubi-9-baseos-rpms     105 k
Test OLM installation	Arrange OLM test installation	2025-06-04T12:38:45.9577920Z #14 1.768  libselinux                 x86_64  3.6-3.el9                     ubi-9-baseos-rpms      88 k
Test OLM installation	Arrange OLM test installation	2025-06-04T12:38:45.9578630Z #14 1.768  libsepol                   x86_64  3.6-2.el9                     ubi-9-baseos-rpms     331 k
Test OLM installation	Arrange OLM test installation	2025-06-04T12:38:45.9579407Z #14 1.768  libsigsegv                 x86_64  2.13-4.el9                    ubi-9-baseos-rpms      30 k
Test OLM installation	Arrange OLM test installation	2025-06-04T12:38:45.9579974Z #14 1.768  libtasn1                   x86_64  4.16.0-9.el9                  ubi-9-baseos-rpms      77 k
Test OLM installation	Arrange OLM test installation	2025-06-04T12:38:45.9580473Z #14 1.768  libunistring               x86_64  0.9.10-15.el9                 ubi-9-baseos-rpms     499 k
Test OLM installation	Arrange OLM test installation	2025-06-04T12:38:45.9580908Z #14 1.768  libuuid                    x86_64  2.37.4-21.el9                 ubi-9-baseos-rpms      30 k
Test OLM installation	Arrange OLM test installation	2025-06-04T12:38:45.9581327Z #14 1.768  libverto                   x86_64  0.3.2-3.el9                   ubi-9-baseos-rpms      24 k
Test OLM installation	Arrange OLM test installation	2025-06-04T12:38:45.9581802Z #14 1.768  libxcrypt                  x86_64  4.4.18-3.el9                  ubi-9-baseos-rpms     120 k
Test OLM installation	Arrange OLM test installation	2025-06-04T12:38:45.9582594Z #14 1.768  libzstd                    x86_64  1.5.5-1.el9                   ubi-9-baseos-rpms     297 k
Test OLM installation	Arrange OLM test installation	2025-06-04T12:38:45.9583354Z #14 1.768  lksctp-tools               x86_64  1.0.19-3.el9_4                ubi-9-baseos-rpms     104 k
Test OLM installation	Arrange OLM test installation	2025-06-04T12:38:45.9584103Z #14 1.768  lua                        x86_64  5.4.4-4.el9                   ubi-9-appstream-rpms  192 k
Test OLM installation	Arrange OLM test installation	2025-06-04T12:38:45.9584632Z #14 1.768  lua-libs                   x86_64  5.4.4-4.el9                   ubi-9-baseos-rpms     132 k
Test OLM installation	Arrange OLM test installation	2025-06-04T12:38:45.9585066Z #14 1.768  lua-posix                  x86_64  35.0-8.el9                    ubi-9-appstream-rpms  155 k
Test OLM installation	Arrange OLM test installation	2025-06-04T12:38:45.9585626Z #14 1.768  lz4-libs                   x86_64  1.9.3-5.el9                   ubi-9-baseos-rpms      69 k
Test OLM installation	Arrange OLM test installation	2025-06-04T12:38:45.9586570Z #14 1.768  mpfr                       x86_64  4.1.0-7.el9                   ubi-9-baseos-rpms     329 k
Test OLM installation	Arrange OLM test installation	2025-06-04T12:38:45.9587494Z #14 1.768  ncurses-base               noarch  6.2-10.20210508.el9           ubi-9-baseos-rpms      99 k
Test OLM installation	Arrange OLM test installation	2025-06-04T12:38:45.9588336Z #14 1.768  ncurses-libs               x86_64  6.2-10.20210508.el9           ubi-9-baseos-rpms     332 k
Test OLM installation	Arrange OLM test installation	2025-06-04T12:38:45.9589120Z #14 1.768  nettle                     x86_64  3.10.1-1.el9                  ubi-9-baseos-rpms     568 k
Test OLM installation	Arrange OLM test installation	2025-06-04T12:38:45.9589912Z #14 1.768  nspr                       x86_64  4.35.0-17.el9_2               ubi-9-appstream-rpms  137 k
Test OLM installation	Arrange OLM test installation	2025-06-04T12:38:45.9590916Z #14 1.768  nss                        x86_64  3.101.0-10.el9_2              ubi-9-appstream-rpms  720 k
Test OLM installation	Arrange OLM test installation	2025-06-04T12:38:45.9591930Z #14 1.768  nss-softokn                x86_64  3.101.0-10.el9_2              ubi-9-appstream-rpms  393 k
Test OLM installation	Arrange OLM test installation	2025-06-04T12:38:45.9592872Z #14 1.768  nss-softokn-freebl         x86_64  3.101.0-10.el9_2              ubi-9-appstream-rpms  313 k
Test OLM installation	Arrange OLM test installation	2025-06-04T12:38:45.9593733Z #14 1.768  nss-sysinit                x86_64  3.101.0-10.el9_2              ubi-9-appstream-rpms   21 k
Test OLM installation	Arrange OLM test installation	2025-06-04T12:38:45.9594411Z #14 1.768  nss-util                   x86_64  3.101.0-10.el9_2              ubi-9-appstream-rpms   92 k
Test OLM installation	Arrange OLM test installation	2025-06-04T12:38:45.9594896Z #14 1.768  openssl-fips-provider      x86_64  3.0.7-6.el9_5                 ubi-9-baseos-rpms     9.4 k
Test OLM installation	Arrange OLM test installation	2025-06-04T12:38:45.9595517Z #14 1.768  openssl-fips-provider-so   x86_64  3.0.7-6.el9_5                 ubi-9-baseos-rpms     577 k
Test OLM installation	Arrange OLM test installation	2025-06-04T12:38:45.9596152Z #14 1.768  openssl-libs               x86_64  1:3.2.2-6.el9_5.1             ubi-9-baseos-rpms     2.1 M
Test OLM installation	Arrange OLM test installation	2025-06-04T12:38:45.9596928Z #14 1.768  p11-kit                    x86_64  0.25.3-3.el9_5                ubi-9-baseos-rpms     536 k
Test OLM installation	Arrange OLM test installation	2025-06-04T12:38:45.9597867Z #14 1.768  p11-kit-trust              x86_64  0.25.3-3.el9_5                ubi-9-baseos-rpms     144 k
Test OLM installation	Arrange OLM test installation	2025-06-04T12:38:45.9598627Z #14 1.768  pcre                       x86_64  8.44-4.el9                    ubi-9-baseos-rpms     200 k
Test OLM installation	Arrange OLM test installation	2025-06-04T12:38:45.9599326Z #14 1.768  pcre2                      x86_64  10.40-6.el9                   ubi-9-baseos-rpms     236 k
Test OLM installation	Arrange OLM test installation	2025-06-04T12:38:45.9600050Z #14 1.768  pcre2-syntax               noarch  10.40-6.el9                   ubi-9-baseos-rpms     144 k
Test OLM installation	Arrange OLM test installation	2025-06-04T12:38:45.9600501Z #14 1.768  python3                    x86_64  3.9.21-2.el9                  ubi-9-baseos-rpms      30 k
Test OLM installation	Arrange OLM test installation	2025-06-04T12:38:45.9601148Z #14 1.768  python3-libs               x86_64  3.9.21-2.el9                  ubi-9-baseos-rpms     8.1 M
Test OLM installation	Arrange OLM test installation	2025-06-04T12:38:45.9601976Z #14 1.768  python3-pip-wheel          noarch  21.3.1-1.el9                  ubi-9-baseos-rpms     1.1 M
Test OLM installation	Arrange OLM test installation	2025-06-04T12:38:45.9603026Z #14 1.768  python3-setuptools-wheel   noarch  53.0.0-13.el9                 ubi-9-baseos-rpms     469 k
Test OLM installation	Arrange OLM test installation	2025-06-04T12:38:45.9604013Z #14 1.768  readline                   x86_64  8.1-4.el9                     ubi-9-baseos-rpms     215 k
Test OLM installation	Arrange OLM test installation	2025-06-04T12:38:45.9604801Z #14 1.768  redhat-release             x86_64  9.6-0.1.el9                   ubi-9-baseos-rpms      44 k
Test OLM installation	Arrange OLM test installation	2025-06-04T12:38:45.9605613Z #14 1.768  sed                        x86_64  4.8-9.el9                     ubi-9-baseos-rpms     309 k
Test OLM installation	Arrange OLM test installation	2025-06-04T12:38:45.9606386Z #14 1.768  setup                      noarch  2.13.7-10.el9                 ubi-9-baseos-rpms     150 k
Test OLM installation	Arrange OLM test installation	2025-06-04T12:38:45.9607142Z #14 1.768  sqlite-libs                x86_64  3.34.1-7.el9_3                ubi-9-baseos-rpms     622 k
Test OLM installation	Arrange OLM test installation	2025-06-04T12:38:45.9608137Z #14 1.768  systemd-libs               x86_64  252-51.el9                    ubi-9-baseos-rpms     684 k
Test OLM installation	Arrange OLM test installation	2025-06-04T12:38:45.9608943Z #14 1.768  tzdata                     noarch  2025b-1.el9                   ubi-9-baseos-rpms     842 k
Test OLM installation	Arrange OLM test installation	2025-06-04T12:38:45.9609810Z #14 1.768  tzdata-java                noarch  2025b-1.el9                   ubi-9-appstream-rpms  228 k
Test OLM installation	Arrange OLM test installation	2025-06-04T12:38:45.9610659Z #14 1.768  xz-libs                    x86_64  5.2.5-8.el9_0                 ubi-9-baseos-rpms      94 k
Test OLM installation	Arrange OLM test installation	2025-06-04T12:38:45.9611654Z #14 1.768  zlib                       x86_64  1.2.11-40.el9                 ubi-9-baseos-rpms      93 k
Test OLM installation	Arrange OLM test installation	2025-06-04T12:38:45.9612201Z #14 1.768 
Test OLM installation	Arrange OLM test installation	2025-06-04T12:38:45.9612511Z #14 1.768 Transaction Summary
Test OLM installation	Arrange OLM test installation	2025-06-04T12:38:45.9612958Z #14 1.768 =============================================================================================
Test OLM installation	Arrange OLM test installation	2025-06-04T12:38:45.9613458Z #14 1.768 Install  84 Packages
Test OLM installation	Arrange OLM test installation	2025-06-04T12:38:45.9613832Z #14 1.768 
Test OLM installation	Arrange OLM test installation	2025-06-04T12:38:45.9614018Z #14 1.772 Total download size: 89 M
Test OLM installation	Arrange OLM test installation	2025-06-04T12:38:45.9614264Z #14 1.772 Installed size: 319 M
Test OLM installation	Arrange OLM test installation	2025-06-04T12:38:45.9614704Z #14 1.772 Downloading Packages:
Test OLM installation	Arrange OLM test installation	2025-06-04T12:38:45.9615055Z #14 1.808 (1/84): basesystem-11-13.el9.noarch.rpm         303 kB/s | 8.0 kB     00:00    
Test OLM installation	Arrange OLM test installation	2025-06-04T12:38:45.9615693Z #14 1.810 (2/84): avahi-libs-0.8-22.el9_6.x86_64.rpm      2.3 MB/s |  67 kB     00:00    
Test OLM installation	Arrange OLM test installation	2025-06-04T12:38:45.9616473Z #14 1.812 (3/84): alternatives-1.24-2.el9.x86_64.rpm      1.4 MB/s |  42 kB     00:00    
Test OLM installation	Arrange OLM test installation	2025-06-04T12:38:45.9617254Z #14 1.814 (4/84): bzip2-libs-1.0.8-10.el9_5.x86_64.rpm     12 MB/s |  42 kB     00:00    
Test OLM installation	Arrange OLM test installation	2025-06-04T12:38:45.9618217Z #14 1.828 (5/84): coreutils-single-8.32-39.el9.x86_64.rpm  45 MB/s | 625 kB     00:00    
Test OLM installation	Arrange OLM test installation	2025-06-04T12:38:45.9619059Z #14 1.833 (6/84): ca-certificates-2024.2.69_v8.0.303-91.4  48 MB/s | 1.0 MB     00:00    
Test OLM installation	Arrange OLM test installation	2025-06-04T12:38:45.9619825Z #14 1.835 (7/84): crypto-policies-20250128-1.git5269e22.e  13 MB/s |  90 kB     00:00    
Test OLM installation	Arrange OLM test installation	2025-06-04T12:38:45.9620406Z #14 1.838 (8/84): crypto-policies-scripts-20250128-1.git5  24 MB/s | 101 kB     00:00    
Test OLM installation	Arrange OLM test installation	2025-06-04T12:38:45.9621258Z #14 1.843 (9/84): bash-5.1.8-9.el9.x86_64.rpm              49 MB/s | 1.7 MB     00:00    
Test OLM installation	Arrange OLM test installation	2025-06-04T12:38:45.9622010Z #14 1.845 (10/84): cups-libs-2.3.3op2-33.el9.x86_64.rpm    26 MB/s | 265 kB     00:00    
Test OLM installation	Arrange OLM test installation	2025-06-04T12:38:45.9622785Z #14 1.847 (11/84): dbus-libs-1.12.20-8.el9.x86_64.rpm      17 MB/s | 154 kB     00:00    
Test OLM installation	Arrange OLM test installation	2025-06-04T12:38:45.9623520Z #14 1.849 (12/84): expat-2.5.0-5.el9_6.x86_64.rpm          22 MB/s | 119 kB     00:00    
Test OLM installation	Arrange OLM test installation	2025-06-04T12:38:45.9624196Z #14 1.858 (13/84): findutils-4.8.0-7.el9.x86_64.rpm        48 MB/s | 550 kB     00:00    
Test OLM installation	Arrange OLM test installation	2025-06-04T12:38:45.9624705Z #14 1.865 (14/84): gawk-5.1.0-6.el9.x86_64.rpm             65 MB/s | 1.0 MB     00:00    
Test OLM installation	Arrange OLM test installation	2025-06-04T12:38:46.0563562Z #14 1.866 (15/84): gdbm-libs-1.23-1.el9.x86_64.rpm        7.8 MB/s |  59 kB     00:00    
Test OLM installation	Arrange OLM test installation	2025-06-04T12:38:46.0564597Z #14 1.879 (16/84): glibc-common-2.34-168.el9_6.14.x86_64.  24 MB/s | 304 kB     00:00    
Test OLM installation	Arrange OLM test installation	2025-06-04T12:38:46.0565515Z #14 1.888 (17/84): glibc-2.34-168.el9_6.14.x86_64.rpm      85 MB/s | 2.0 MB     00:00    
Test OLM installation	Arrange OLM test installation	2025-06-04T12:38:46.0566123Z #14 1.893 (18/84): glibc-langpack-en-2.34-168.el9_6.14.x8  47 MB/s | 657 kB     00:00    
Test OLM installation	Arrange OLM test installation	2025-06-04T12:38:46.0566688Z #14 1.897 (19/84): gmp-6.2.0-13.el9.x86_64.rpm             39 MB/s | 319 kB     00:00    
Test OLM installation	Arrange OLM test installation	2025-06-04T12:38:46.0567242Z #14 1.908 (20/84): filesystem-3.16-5.el9.x86_64.rpm        76 MB/s | 4.8 MB     00:00    
Test OLM installation	Arrange OLM test installation	2025-06-04T12:38:46.0568207Z #14 1.912 (21/84): grep-3.6-5.el9.x86_64.rpm               18 MB/s | 273 kB     00:00    
Test OLM installation	Arrange OLM test installation	2025-06-04T12:38:46.0568782Z #14 1.913 (22/84): keyutils-libs-1.6.3-1.el9.x86_64.rpm   7.9 MB/s |  34 kB     00:00    
Test OLM installation	Arrange OLM test installation	2025-06-04T12:38:46.0569425Z #14 1.918 (23/84): gnutls-3.8.3-6.el9.x86_64.rpm           45 MB/s | 1.1 MB     00:00    
Test OLM installation	Arrange OLM test installation	2025-06-04T12:38:46.0569969Z #14 1.919 (24/84): libacl-2.3.1-4.el9.x86_64.rpm          4.3 MB/s |  24 kB     00:00    
Test OLM installation	Arrange OLM test installation	2025-06-04T12:38:46.0570514Z #14 1.922 (25/84): libattr-2.5.1-3.el9.x86_64.rpm         5.6 MB/s |  20 kB     00:00    
Test OLM installation	Arrange OLM test installation	2025-06-04T12:38:46.0571064Z #14 1.923 (26/84): libcap-2.48-9.el9_2.x86_64.rpm          19 MB/s |  74 kB     00:00    
Test OLM installation	Arrange OLM test installation	2025-06-04T12:38:46.0571618Z #14 1.925 (27/84): libcom_err-1.46.5-7.el9.x86_64.rpm     8.1 MB/s |  28 kB     00:00    
Test OLM installation	Arrange OLM test installation	2025-06-04T12:38:46.0572175Z #14 1.928 (28/84): libevent-2.1.12-8.el9_4.x86_64.rpm      54 MB/s | 266 kB     00:00    
Test OLM installation	Arrange OLM test installation	2025-06-04T12:38:46.0572868Z #14 1.930 (29/84): libffi-3.4.2-8.el9.x86_64.rpm          8.4 MB/s |  40 kB     00:00    
Test OLM installation	Arrange OLM test installation	2025-06-04T12:38:46.0573670Z #14 1.932 (30/84): libgcc-11.5.0-5.el9_5.x86_64.rpm        24 MB/s |  88 kB     00:00    
Test OLM installation	Arrange OLM test installation	2025-06-04T12:38:46.0574163Z #14 1.937 (31/84): krb5-libs-1.21.1-6.el9.x86_64.rpm       31 MB/s | 770 kB     00:00    
Test OLM installation	Arrange OLM test installation	2025-06-04T12:38:46.0574597Z #14 1.940 (32/84): libgpg-error-1.42-5.el9.x86_64.rpm      30 MB/s | 220 kB     00:00    
Test OLM installation	Arrange OLM test installation	2025-06-04T12:38:46.0575038Z #14 1.942 (33/84): libidn2-2.3.0-7.el9.x86_64.rpm          22 MB/s | 105 kB     00:00    
Test OLM installation	Arrange OLM test installation	2025-06-04T12:38:46.0575488Z #14 1.945 (34/84): libgcrypt-1.10.0-11.el9.x86_64.rpm      35 MB/s | 510 kB     00:00    
Test OLM installation	Arrange OLM test installation	2025-06-04T12:38:46.0576063Z #14 1.946 (35/84): libselinux-3.6-3.el9.x86_64.rpm         15 MB/s |  88 kB     00:00    
Test OLM installation	Arrange OLM test installation	2025-06-04T12:38:46.0576494Z #14 1.949 (36/84): libsepol-3.6-2.el9.x86_64.rpm           47 MB/s | 331 kB     00:00    
Test OLM installation	Arrange OLM test installation	2025-06-04T12:38:46.0576955Z #14 1.950 (37/84): libsigsegv-2.13-4.el9.x86_64.rpm       5.7 MB/s |  30 kB     00:00    
Test OLM installation	Arrange OLM test installation	2025-06-04T12:38:46.0577831Z #14 1.952 (38/84): libtasn1-4.16.0-9.el9.x86_64.rpm        15 MB/s |  77 kB     00:00    
Test OLM installation	Arrange OLM test installation	2025-06-04T12:38:46.0578265Z #14 1.954 (39/84): libuuid-2.37.4-21.el9.x86_64.rpm       8.5 MB/s |  30 kB     00:00    
Test OLM installation	Arrange OLM test installation	2025-06-04T12:38:46.0578803Z #14 1.956 (40/84): libverto-0.3.2-3.el9.x86_64.rpm        6.8 MB/s |  24 kB     00:00    
Test OLM installation	Arrange OLM test installation	2025-06-04T12:38:46.0579241Z #14 1.959 (41/84): libunistring-0.9.10-15.el9.x86_64.rpm   53 MB/s | 499 kB     00:00    
Test OLM installation	Arrange OLM test installation	2025-06-04T12:38:46.0579672Z #14 1.961 (42/84): libxcrypt-4.4.18-3.el9.x86_64.rpm       19 MB/s | 120 kB     00:00    
Test OLM installation	Arrange OLM test installation	2025-06-04T12:38:46.0580095Z #14 1.966 (43/84): libzstd-1.5.5-1.el9.x86_64.rpm          28 MB/s | 297 kB     00:00    
Test OLM installation	Arrange OLM test installation	2025-06-04T12:38:46.1594664Z #14 1.968 (44/84): lksctp-tools-1.0.19-3.el9_4.x86_64.rpm  11 MB/s | 104 kB     00:00    
Test OLM installation	Arrange OLM test installation	2025-06-04T12:38:46.1595666Z #14 1.970 (45/84): lua-libs-5.4.4-4.el9.x86_64.rpm         15 MB/s | 132 kB     00:00    
Test OLM installation	Arrange OLM test installation	2025-06-04T12:38:46.1596480Z #14 1.974 (46/84): mpfr-4.1.0-7.el9.x86_64.rpm             55 MB/s | 329 kB     00:00    
Test OLM installation	Arrange OLM test installation	2025-06-04T12:38:46.1597544Z #14 1.980 (47/84): ncurses-base-6.2-10.20210508.el9.noarc 9.9 MB/s |  99 kB     00:00    
Test OLM installation	Arrange OLM test installation	2025-06-04T12:38:46.1598335Z #14 1.981 (48/84): lz4-libs-1.9.3-5.el9.x86_64.rpm        4.6 MB/s |  69 kB     00:00    
Test OLM installation	Arrange OLM test installation	2025-06-04T12:38:46.1599097Z #14 1.983 (49/84): ncurses-libs-6.2-10.20210508.el9.x86_6  38 MB/s | 332 kB     00:00    
Test OLM installation	Arrange OLM test installation	2025-06-04T12:38:46.1599908Z #14 1.985 (50/84): openssl-fips-provider-3.0.7-6.el9_5.x8 2.9 MB/s | 9.4 kB     00:00    
Test OLM installation	Arrange OLM test installation	2025-06-04T12:38:46.1600620Z #14 1.989 (51/84): nettle-3.10.1-1.el9.x86_64.rpm          62 MB/s | 568 kB     00:00    
Test OLM installation	Arrange OLM test installation	2025-06-04T12:38:46.1601068Z #14 1.995 (52/84): openssl-fips-provider-so-3.0.7-6.el9_5  52 MB/s | 577 kB     00:00    
Test OLM installation	Arrange OLM test installation	2025-06-04T12:38:46.1601536Z #14 2.000 (53/84): p11-kit-0.25.3-3.el9_5.x86_64.rpm       51 MB/s | 536 kB     00:00    
Test OLM installation	Arrange OLM test installation	2025-06-04T12:38:46.1601972Z #14 2.003 (54/84): p11-kit-trust-0.25.3-3.el9_5.x86_64.rp  18 MB/s | 144 kB     00:00    
Test OLM installation	Arrange OLM test installation	2025-06-04T12:38:46.1602416Z #14 2.005 (55/84): pcre-8.44-4.el9.x86_64.rpm              39 MB/s | 200 kB     00:00    
Test OLM installation	Arrange OLM test installation	2025-06-04T12:38:46.1602839Z #14 2.009 (56/84): pcre2-10.40-6.el9.x86_64.rpm            42 MB/s | 236 kB     00:00    
Test OLM installation	Arrange OLM test installation	2025-06-04T12:38:46.1603269Z #14 2.011 (57/84): pcre2-syntax-10.40-6.el9.noarch.rpm     27 MB/s | 144 kB     00:00    
Test OLM installation	Arrange OLM test installation	2025-06-04T12:38:46.1603705Z #14 2.013 (58/84): python3-3.9.21-2.el9.x86_64.rpm        8.1 MB/s |  30 kB     00:00    
Test OLM installation	Arrange OLM test installation	2025-06-04T12:38:46.1604130Z #14 2.019 (59/84): openssl-libs-3.2.2-6.el9_5.1.x86_64.rp  63 MB/s | 2.1 MB     00:00    
Test OLM installation	Arrange OLM test installation	2025-06-04T12:38:46.1604578Z #14 2.029 (60/84): python3-pip-wheel-21.3.1-1.el9.noarch.  70 MB/s | 1.1 MB     00:00    
Test OLM installation	Arrange OLM test installation	2025-06-04T12:38:46.1605050Z #14 2.038 (61/84): python3-setuptools-wheel-53.0.0-13.el9  25 MB/s | 469 kB     00:00    
Test OLM installation	Arrange OLM test installation	2025-06-04T12:38:46.1605511Z #14 2.043 (62/84): redhat-release-9.6-0.1.el9.x86_64.rpm   11 MB/s |  44 kB     00:00    
Test OLM installation	Arrange OLM test installation	2025-06-04T12:38:46.1605943Z #14 2.045 (63/84): readline-8.1-4.el9.x86_64.rpm           14 MB/s | 215 kB     00:00    
Test OLM installation	Arrange OLM test installation	2025-06-04T12:38:46.1606637Z #14 2.049 (64/84): sed-4.8-9.el9.x86_64.rpm                49 MB/s | 309 kB     00:00    
Test OLM installation	Arrange OLM test installation	2025-06-04T12:38:46.1607131Z #14 2.051 (65/84): setup-2.13.7-10.el9.noarch.rpm          24 MB/s | 150 kB     00:00    
Test OLM installation	Arrange OLM test installation	2025-06-04T12:38:46.1607814Z #14 2.060 (66/84): sqlite-libs-3.34.1-7.el9_3.x86_64.rpm   59 MB/s | 622 kB     00:00    
Test OLM installation	Arrange OLM test installation	2025-06-04T12:38:46.1608260Z #14 2.064 (67/84): systemd-libs-252-51.el9.x86_64.rpm      53 MB/s | 684 kB     00:00    
Test OLM installation	Arrange OLM test installation	2025-06-04T12:38:46.1608689Z #14 2.069 (68/84): xz-libs-5.2.5-8.el9_0.x86_64.rpm        20 MB/s |  94 kB     00:00    
Test OLM installation	Arrange OLM test installation	2025-06-04T12:38:46.3903878Z #14 2.075 (69/84): tzdata-2025b-1.el9.noarch.rpm           55 MB/s | 842 kB     00:00    
Test OLM installation	Arrange OLM test installation	2025-06-04T12:38:46.3905137Z #14 2.077 (70/84): zlib-1.2.11-40.el9.x86_64.rpm           12 MB/s |  93 kB     00:00    
Test OLM installation	Arrange OLM test installation	2025-06-04T12:38:46.3905900Z #14 2.079 (71/84): copy-jdk-configs-4.0-3.el9.noarch.rpm  8.3 MB/s |  29 kB     00:00    
Test OLM installation	Arrange OLM test installation	2025-06-04T12:38:46.3906636Z #14 2.083 (72/84): lua-5.4.4-4.el9.x86_64.rpm              32 MB/s | 192 kB     00:00    
Test OLM installation	Arrange OLM test installation	2025-06-04T12:38:46.3907561Z #14 2.085 (73/84): lua-posix-35.0-8.el9.x86_64.rpm         26 MB/s | 155 kB     00:00    
Test OLM installation	Arrange OLM test installation	2025-06-04T12:38:46.3908290Z #14 2.094 (74/84): alsa-lib-1.2.13-2.el9.x86_64.rpm        53 MB/s | 530 kB     00:00    
Test OLM installation	Arrange OLM test installation	2025-06-04T12:38:46.3909077Z #14 2.098 (75/84): javapackages-filesystem-6.4.0-1.el9.no 4.0 MB/s |  17 kB     00:00    
Test OLM installation	Arrange OLM test installation	2025-06-04T12:38:46.3909846Z #14 2.104 (76/84): nspr-4.35.0-17.el9_2.x86_64.rpm         26 MB/s | 137 kB     00:00    
Test OLM installation	Arrange OLM test installation	2025-06-04T12:38:46.3910554Z #14 2.119 (77/84): python3-libs-3.9.21-2.el9.x86_64.rpm    75 MB/s | 8.1 MB     00:00    
Test OLM installation	Arrange OLM test installation	2025-06-04T12:38:46.3911266Z #14 2.127 (78/84): nss-3.101.0-10.el9_2.x86_64.rpm         31 MB/s | 720 kB     00:00    
Test OLM installation	Arrange OLM test installation	2025-06-04T12:38:46.3911985Z #14 2.134 (79/84): nss-softokn-freebl-3.101.0-10.el9_2.x8  44 MB/s | 313 kB     00:00    
Test OLM installation	Arrange OLM test installation	2025-06-04T12:38:46.3912755Z #14 2.138 (80/84): nss-sysinit-3.101.0-10.el9_2.x86_64.rp 5.4 MB/s |  21 kB     00:00    
Test OLM installation	Arrange OLM test installation	2025-06-04T12:38:46.3913472Z #14 2.144 (81/84): nss-util-3.101.0-10.el9_2.x86_64.rpm    18 MB/s |  92 kB     00:00    
Test OLM installation	Arrange OLM test installation	2025-06-04T12:38:46.3914179Z #14 2.146 (82/84): nss-softokn-3.101.0-10.el9_2.x86_64.rp  15 MB/s | 393 kB     00:00    
Test OLM installation	Arrange OLM test installation	2025-06-04T12:38:46.3914929Z #14 2.149 (83/84): tzdata-java-2025b-1.el9.noarch.rpm      42 MB/s | 228 kB     00:00    
Test OLM installation	Arrange OLM test installation	2025-06-04T12:38:46.4601830Z #14 2.370 (84/84): java-21-openjdk-headless-21.0.7.0.6-1. 173 MB/s |  49 MB     00:00    
Test OLM installation	Arrange OLM test installation	2025-06-04T12:38:46.6947612Z #14 2.373 --------------------------------------------------------------------------------
Test OLM installation	Arrange OLM test installation	2025-06-04T12:38:46.6948269Z #14 2.374 Total                                           148 MB/s |  89 MB     00:00     
Test OLM installation	Arrange OLM test installation	2025-06-04T12:38:46.6948755Z #14 2.385 Red Hat Universal Base Image 9 (RPMs) - BaseOS  3.5 MB/s | 3.6 kB     00:00    
Test OLM installation	Arrange OLM test installation	2025-06-04T12:38:46.6949142Z #14 2.450 Importing GPG key 0xFD431D51:
Test OLM installation	Arrange OLM test installation	2025-06-04T12:38:46.6949479Z #14 2.450  Userid     : "Red Hat, Inc. (release key 2) <security@redhat.com>"
Test OLM installation	Arrange OLM test installation	2025-06-04T12:38:46.6949887Z #14 2.450  Fingerprint: 567E 347A D004 4ADE 55BA 8A5F 199E 2F91 FD43 1D51
Test OLM installation	Arrange OLM test installation	2025-06-04T12:38:46.6950341Z #14 2.450  From       : /etc/pki/rpm-gpg/RPM-GPG-KEY-redhat-release
Test OLM installation	Arrange OLM test installation	2025-06-04T12:38:46.6950664Z #14 2.453 Key imported successfully
Test OLM installation	Arrange OLM test installation	2025-06-04T12:38:46.6950920Z #14 2.453 Importing GPG key 0x5A6340B3:
Test OLM installation	Arrange OLM test installation	2025-06-04T12:38:46.6951254Z #14 2.453  Userid     : "Red Hat, Inc. (auxiliary key 3) <security@redhat.com>"
Test OLM installation	Arrange OLM test installation	2025-06-04T12:38:46.6951672Z #14 2.453  Fingerprint: 7E46 2425 8C40 6535 D56D 6F13 5054 E4A4 5A63 40B3
Test OLM installation	Arrange OLM test installation	2025-06-04T12:38:46.6952049Z #14 2.453  From       : /etc/pki/rpm-gpg/RPM-GPG-KEY-redhat-release
Test OLM installation	Arrange OLM test installation	2025-06-04T12:38:46.6952357Z #14 2.454 Key imported successfully
Test OLM installation	Arrange OLM test installation	2025-06-04T12:38:47.5989352Z #14 3.509 Running transaction check
Test OLM installation	Arrange OLM test installation	2025-06-04T12:38:47.8030088Z #14 3.562 Transaction check succeeded.
Test OLM installation	Arrange OLM test installation	2025-06-04T12:38:47.8030657Z #14 3.562 Running transaction test
Test OLM installation	Arrange OLM test installation	2025-06-04T12:38:48.4625728Z #14 4.372 Transaction test succeeded.
Test OLM installation	Arrange OLM test installation	2025-06-04T12:38:48.6135961Z #14 4.373 Running transaction
Test OLM installation	Arrange OLM test installation	2025-06-04T12:38:49.0949831Z #14 4.852   Running scriptlet: filesystem-3.16-5.el9.x86_64                           1/1 
Test OLM installation	Arrange OLM test installation	2025-06-04T12:38:49.0950844Z #14 4.853   Running scriptlet: copy-jdk-configs-4.0-3.el9.noarch                      1/1 
Test OLM installation	Arrange OLM test installation	2025-06-04T12:38:49.2133116Z #14 4.854   Running scriptlet: java-21-openjdk-headless-1:21.0.7.0.6-1.el9.x86_64     1/1 
Test OLM installation	Arrange OLM test installation	2025-06-04T12:38:49.3721910Z #14 5.123   Preparing        :                                                        1/1 
Test OLM installation	Arrange OLM test installation	2025-06-04T12:38:49.3722776Z #14 5.129   Installing       : libgcc-11.5.0-5.el9_5.x86_64                          1/84 
Test OLM installation	Arrange OLM test installation	2025-06-04T12:38:49.4058995Z #14 5.131   Running scriptlet: libgcc-11.5.0-5.el9_5.x86_64                          1/84 
Test OLM installation	Arrange OLM test installation	2025-06-04T12:38:49.5164817Z #14 5.316   Installing       : tzdata-2025b-1.el9.noarch                             2/84 
Test OLM installation	Arrange OLM test installation	2025-06-04T12:38:49.5165833Z #14 5.361   Installing       : tzdata-java-2025b-1.el9.noarch                        3/84 
Test OLM installation	Arrange OLM test installation	2025-06-04T12:38:49.5166774Z #14 5.367   Installing       : javapackages-filesystem-6.4.0-1.el9.noarch            4/84 
Test OLM installation	Arrange OLM test installation	2025-06-04T12:38:49.5167879Z #14 5.373   Installing       : redhat-release-9.6-0.1.el9.x86_64                     5/84 
Test OLM installation	Arrange OLM test installation	2025-06-04T12:38:49.5168446Z #14 5.381   Installing       : setup-2.13.7-10.el9.noarch                            6/84 
Test OLM installation	Arrange OLM test installation	2025-06-04T12:38:49.5169008Z #14 5.382   Running scriptlet: setup-2.13.7-10.el9.noarch                            6/84 
Test OLM installation	Arrange OLM test installation	2025-06-04T12:38:49.6567716Z #14 5.426   Installing       : filesystem-3.16-5.el9.x86_64                          7/84 
Test OLM installation	Arrange OLM test installation	2025-06-04T12:38:49.6568565Z #14 5.473   Installing       : basesystem-11-13.el9.noarch                           8/84 
Test OLM installation	Arrange OLM test installation	2025-06-04T12:38:49.6569214Z #14 5.476   Installing       : python3-setuptools-wheel-53.0.0-13.el9.noarch         9/84 
Test OLM installation	Arrange OLM test installation	2025-06-04T12:38:49.6569739Z #14 5.479   Installing       : pcre2-syntax-10.40-6.el9.noarch                      10/84 
Test OLM installation	Arrange OLM test installation	2025-06-04T12:38:49.6570206Z #14 5.499   Installing       : ncurses-base-6.2-10.20210508.el9.noarch              11/84 
Test OLM installation	Arrange OLM test installation	2025-06-04T12:38:49.8576849Z #14 5.566   Installing       : glibc-langpack-en-2.34-168.el9_6.14.x86_64           12/84 
Test OLM installation	Arrange OLM test installation	2025-06-04T12:38:49.8577989Z #14 5.580   Installing       : glibc-common-2.34-168.el9_6.14.x86_64                13/84 
Test OLM installation	Arrange OLM test installation	2025-06-04T12:38:49.8578781Z #14 5.583   Running scriptlet: glibc-2.34-168.el9_6.14.x86_64                       14/84 
Test OLM installation	Arrange OLM test installation	2025-06-04T12:38:49.8579532Z #14 5.614   Installing       : glibc-2.34-168.el9_6.14.x86_64                       14/84 
Test OLM installation	Arrange OLM test installation	2025-06-04T12:38:50.2005620Z #14 5.617   Running scriptlet: glibc-2.34-168.el9_6.14.x86_64                       14/84 
Test OLM installation	Arrange OLM test installation	2025-06-04T12:38:50.3008474Z #14 6.110   Installing       : ncurses-libs-6.2-10.20210508.el9.x86_64              15/84 
Test OLM installation	Arrange OLM test installation	2025-06-04T12:38:50.3009421Z #14 6.126   Installing       : bash-5.1.8-9.el9.x86_64                              16/84 
Test OLM installation	Arrange OLM test installation	2025-06-04T12:38:50.3010234Z #14 6.129   Running scriptlet: bash-5.1.8-9.el9.x86_64                              16/84 
Test OLM installation	Arrange OLM test installation	2025-06-04T12:38:50.3011106Z #14 6.145   Installing       : crypto-policies-20250128-1.git5269e22.el9.noarch     17/84 
Test OLM installation	Arrange OLM test installation	2025-06-04T12:38:50.3012115Z #14 6.147   Running scriptlet: crypto-policies-20250128-1.git5269e22.el9.noarch     17/84 
Test OLM installation	Arrange OLM test installation	2025-06-04T12:38:50.3012991Z #14 6.151   Installing       : nspr-4.35.0-17.el9_2.x86_64                          18/84 
Test OLM installation	Arrange OLM test installation	2025-06-04T12:38:50.3013765Z #14 6.154   Installing       : nss-util-3.101.0-10.el9_2.x86_64                     19/84 
Test OLM installation	Arrange OLM test installation	2025-06-04T12:38:50.3014528Z #14 6.158   Installing       : zlib-1.2.11-40.el9.x86_64                            20/84 
Test OLM installation	Arrange OLM test installation	2025-06-04T12:38:50.3015302Z #14 6.162   Installing       : readline-8.1-4.el9.x86_64                            21/84 
Test OLM installation	Arrange OLM test installation	2025-06-04T12:38:50.3016097Z #14 6.166   Installing       : libtasn1-4.16.0-9.el9.x86_64                         22/84 
Test OLM installation	Arrange OLM test installation	2025-06-04T12:38:50.3016913Z #14 6.170   Installing       : libxcrypt-4.4.18-3.el9.x86_64                        23/84 
Test OLM installation	Arrange OLM test installation	2025-06-04T12:38:50.3017942Z #14 6.176   Installing       : sqlite-libs-3.34.1-7.el9_3.x86_64                    24/84 
Test OLM installation	Arrange OLM test installation	2025-06-04T12:38:50.3018751Z #14 6.179   Installing       : alternatives-1.24-2.el9.x86_64                       25/84 
Test OLM installation	Arrange OLM test installation	2025-06-04T12:38:50.3021892Z #14 6.185   Installing       : gmp-1:6.2.0-13.el9.x86_64                            26/84 
Test OLM installation	Arrange OLM test installation	2025-06-04T12:38:50.3022671Z #14 6.188   Installing       : libattr-2.5.1-3.el9.x86_64                           27/84 
Test OLM installation	Arrange OLM test installation	2025-06-04T12:38:50.3023270Z #14 6.191   Installing       : libacl-2.3.1-4.el9.x86_64                            28/84 
Test OLM installation	Arrange OLM test installation	2025-06-04T12:38:50.3023710Z #14 6.196   Installing       : libcap-2.48-9.el9_2.x86_64                           29/84 
Test OLM installation	Arrange OLM test installation	2025-06-04T12:38:50.3024146Z #14 6.199   Installing       : libffi-3.4.2-8.el9.x86_64                            30/84 
Test OLM installation	Arrange OLM test installation	2025-06-04T12:38:50.4593216Z #14 6.211   Installing       : p11-kit-0.25.3-3.el9_5.x86_64                        31/84 
Test OLM installation	Arrange OLM test installation	2025-06-04T12:38:50.4594082Z #14 6.217   Installing       : p11-kit-trust-0.25.3-3.el9_5.x86_64                  32/84 
Test OLM installation	Arrange OLM test installation	2025-06-04T12:38:50.5562939Z #14 6.218   Running scriptlet: p11-kit-trust-0.25.3-3.el9_5.x86_64                  32/84 
Test OLM installation	Arrange OLM test installation	2025-06-04T12:38:50.6590588Z #14 6.466   Installing       : libsigsegv-2.13-4.el9.x86_64                         33/84 
Test OLM installation	Arrange OLM test installation	2025-06-04T12:38:50.6591231Z #14 6.474   Installing       : libunistring-0.9.10-15.el9.x86_64                    34/84 
Test OLM installation	Arrange OLM test installation	2025-06-04T12:38:50.6591716Z #14 6.478   Installing       : lua-libs-5.4.4-4.el9.x86_64                          35/84 
Test OLM installation	Arrange OLM test installation	2025-06-04T12:38:50.6592162Z #14 6.482   Installing       : xz-libs-5.2.5-8.el9_0.x86_64                         36/84 
Test OLM installation	Arrange OLM test installation	2025-06-04T12:38:50.6592583Z #14 6.486   Installing       : lua-5.4.4-4.el9.x86_64                               37/84 
Test OLM installation	Arrange OLM test installation	2025-06-04T12:38:50.6593024Z #14 6.500   Installing       : lua-posix-35.0-8.el9.x86_64                          38/84 
Test OLM installation	Arrange OLM test installation	2025-06-04T12:38:50.6593499Z #14 6.505   Installing       : libidn2-2.3.0-7.el9.x86_64                           39/84 
Test OLM installation	Arrange OLM test installation	2025-06-04T12:38:50.6593923Z #14 6.511   Installing       : mpfr-4.1.0-7.el9.x86_64                              40/84 
Test OLM installation	Arrange OLM test installation	2025-06-04T12:38:50.6594338Z #14 6.525   Installing       : gawk-5.1.0-6.el9.x86_64                              41/84 
Test OLM installation	Arrange OLM test installation	2025-06-04T12:38:50.6594787Z #14 6.532   Installing       : nss-softokn-freebl-3.101.0-10.el9_2.x86_64           42/84 
Test OLM installation	Arrange OLM test installation	2025-06-04T12:38:50.6595235Z #14 6.541   Installing       : nss-softokn-3.101.0-10.el9_2.x86_64                  43/84 
Test OLM installation	Arrange OLM test installation	2025-06-04T12:38:50.6595676Z #14 6.547   Installing       : lksctp-tools-1.0.19-3.el9_4.x86_64                   44/84 
Test OLM installation	Arrange OLM test installation	2025-06-04T12:38:50.6596111Z #14 6.550   Installing       : bzip2-libs-1.0.8-10.el9_5.x86_64                     45/84 
Test OLM installation	Arrange OLM test installation	2025-06-04T12:38:50.6596531Z #14 6.554   Installing       : expat-2.5.0-5.el9_6.x86_64                           46/84 
Test OLM installation	Arrange OLM test installation	2025-06-04T12:38:50.6596957Z #14 6.558   Installing       : gdbm-libs-1:1.23-1.el9.x86_64                        47/84 
Test OLM installation	Arrange OLM test installation	2025-06-04T12:38:50.6597550Z #14 6.561   Installing       : keyutils-libs-1.6.3-1.el9.x86_64                     48/84 
Test OLM installation	Arrange OLM test installation	2025-06-04T12:38:50.6597998Z #14 6.563   Installing       : libcom_err-1.46.5-7.el9.x86_64                       49/84 
Test OLM installation	Arrange OLM test installation	2025-06-04T12:38:50.9030939Z #14 6.569   Installing       : libgpg-error-1.42-5.el9.x86_64                       50/84 
Test OLM installation	Arrange OLM test installation	2025-06-04T12:38:50.9031817Z #14 6.576   Installing       : libgcrypt-1.10.0-11.el9.x86_64                       51/84 
Test OLM installation	Arrange OLM test installation	2025-06-04T12:38:50.9032447Z #14 6.582   Installing       : libsepol-3.6-2.el9.x86_64                            52/84 
Test OLM installation	Arrange OLM test installation	2025-06-04T12:38:50.9033034Z #14 6.585   Installing       : libuuid-2.37.4-21.el9.x86_64                         53/84 
Test OLM installation	Arrange OLM test installation	2025-06-04T12:38:50.9033589Z #14 6.588   Installing       : libverto-0.3.2-3.el9.x86_64                          54/84 
Test OLM installation	Arrange OLM test installation	2025-06-04T12:38:50.9034129Z #14 6.593   Installing       : libzstd-1.5.5-1.el9.x86_64                           55/84 
Test OLM installation	Arrange OLM test installation	2025-06-04T12:38:50.9034755Z #14 6.596   Installing       : lz4-libs-1.9.3-5.el9.x86_64                          56/84 
Test OLM installation	Arrange OLM test installation	2025-06-04T12:38:50.9035246Z #14 6.603   Installing       : nettle-3.10.1-1.el9.x86_64                           57/84 
Test OLM installation	Arrange OLM test installation	2025-06-04T12:38:50.9035732Z #14 6.615   Installing       : gnutls-3.8.3-6.el9.x86_64                            58/84 
Test OLM installation	Arrange OLM test installation	2025-06-04T12:38:50.9036550Z #14 6.620   Installing       : pcre-8.44-4.el9.x86_64                               59/84 
Test OLM installation	Arrange OLM test installation	2025-06-04T12:38:50.9037038Z #14 6.625   Installing       : grep-3.6-5.el9.x86_64                                60/84 
Test OLM installation	Arrange OLM test installation	2025-06-04T12:38:50.9037820Z #14 6.631   Installing       : pcre2-10.40-6.el9.x86_64                             61/84 
Test OLM installation	Arrange OLM test installation	2025-06-04T12:38:50.9038319Z #14 6.634   Installing       : libselinux-3.6-3.el9.x86_64                          62/84 
Test OLM installation	Arrange OLM test installation	2025-06-04T12:38:50.9038833Z #14 6.654   Installing       : coreutils-single-8.32-39.el9.x86_64                  63/84 
Test OLM installation	Arrange OLM test installation	2025-06-04T12:38:50.9039508Z #14 6.659   Installing       : sed-4.8-9.el9.x86_64                                 64/84 
Test OLM installation	Arrange OLM test installation	2025-06-04T12:38:51.0083379Z #14 6.662   Running scriptlet: ca-certificates-2024.2.69_v8.0.303-91.4.el9_4.noar   65/84 
Test OLM installation	Arrange OLM test installation	2025-06-04T12:38:51.1624848Z #14 6.918   Installing       : ca-certificates-2024.2.69_v8.0.303-91.4.el9_4.noar   65/84 
Test OLM installation	Arrange OLM test installation	2025-06-04T12:38:52.1465047Z #14 6.922   Running scriptlet: ca-certificates-2024.2.69_v8.0.303-91.4.el9_4.noar   65/84 
Test OLM installation	Arrange OLM test installation	2025-06-04T12:38:52.3626241Z #14 8.056   Installing       : python3-pip-wheel-21.3.1-1.el9.noarch                66/84 
Test OLM installation	Arrange OLM test installation	2025-06-04T12:38:52.3627447Z #14 8.064   Installing       : openssl-fips-provider-so-3.0.7-6.el9_5.x86_64        67/84 
Test OLM installation	Arrange OLM test installation	2025-06-04T12:38:52.3628386Z #14 8.066   Installing       : openssl-fips-provider-3.0.7-6.el9_5.x86_64           68/84 
Test OLM installation	Arrange OLM test installation	2025-06-04T12:38:52.3629191Z #14 8.092   Installing       : openssl-libs-1:3.2.2-6.el9_5.1.x86_64                69/84 
Test OLM installation	Arrange OLM test installation	2025-06-04T12:38:52.3629729Z #14 8.108   Installing       : krb5-libs-1.21.1-6.el9.x86_64                        70/84 
Test OLM installation	Arrange OLM test installation	2025-06-04T12:38:52.3630289Z #14 8.118   Installing       : libevent-2.1.12-8.el9_4.x86_64                       71/84 
Test OLM installation	Arrange OLM test installation	2025-06-04T12:38:52.5570673Z #14 8.122   Installing       : python3-3.9.21-2.el9.x86_64                          72/84 
Test OLM installation	Arrange OLM test installation	2025-06-04T12:38:52.7447763Z #14 8.467   Installing       : python3-libs-3.9.21-2.el9.x86_64                     73/84 
Test OLM installation	Arrange OLM test installation	2025-06-04T12:38:52.7448753Z #14 8.488   Installing       : crypto-policies-scripts-20250128-1.git5269e22.el9.   74/84 
Test OLM installation	Arrange OLM test installation	2025-06-04T12:38:52.7449581Z #14 8.492   Installing       : nss-sysinit-3.101.0-10.el9_2.x86_64                  75/84 
Test OLM installation	Arrange OLM test installation	2025-06-04T12:38:52.7450312Z #14 8.502   Installing       : nss-3.101.0-10.el9_2.x86_64                          76/84 
Test OLM installation	Arrange OLM test installation	2025-06-04T12:38:52.8458696Z #14 8.504   Running scriptlet: nss-3.101.0-10.el9_2.x86_64                          76/84 
Test OLM installation	Arrange OLM test installation	2025-06-04T12:38:52.9995175Z #14 8.756   Installing       : systemd-libs-252-51.el9.x86_64                       77/84 
Test OLM installation	Arrange OLM test installation	2025-06-04T12:38:53.1125640Z #14 8.759   Running scriptlet: systemd-libs-252-51.el9.x86_64                       77/84 
Test OLM installation	Arrange OLM test installation	2025-06-04T12:38:53.2998245Z #14 9.022   Installing       : dbus-libs-1:1.12.20-8.el9.x86_64                     78/84 
Test OLM installation	Arrange OLM test installation	2025-06-04T12:38:53.2999256Z #14 9.027   Installing       : avahi-libs-0.8-22.el9_6.x86_64                       79/84 
Test OLM installation	Arrange OLM test installation	2025-06-04T12:38:53.3000105Z #14 9.033   Installing       : cups-libs-1:2.3.3op2-33.el9.x86_64                   80/84 
Test OLM installation	Arrange OLM test installation	2025-06-04T12:38:53.3000877Z #14 9.039   Installing       : findutils-1:4.8.0-7.el9.x86_64                       81/84 
Test OLM installation	Arrange OLM test installation	2025-06-04T12:38:53.3001663Z #14 9.043   Installing       : copy-jdk-configs-4.0-3.el9.noarch                    82/84 
Test OLM installation	Arrange OLM test installation	2025-06-04T12:38:53.8649457Z #14 9.059   Installing       : alsa-lib-1.2.13-2.el9.x86_64                         83/84 
Test OLM installation	Arrange OLM test installation	2025-06-04T12:38:54.0216216Z #14 9.775   Installing       : java-21-openjdk-headless-1:21.0.7.0.6-1.el9.x86_64   84/84 
Test OLM installation	Arrange OLM test installation	2025-06-04T12:38:54.1302026Z #14 9.781   Running scriptlet: java-21-openjdk-headless-1:21.0.7.0.6-1.el9.x86_64   84/84 
Test OLM installation	Arrange OLM test installation	2025-06-04T12:38:54.3763620Z #14 10.04   Running scriptlet: filesystem-3.16-5.el9.x86_64                         84/84 
Test OLM installation	Arrange OLM test installation	2025-06-04T12:38:55.4783328Z #14 10.29   Running scriptlet: ca-certificates-2024.2.69_v8.0.303-91.4.el9_4.noar   84/84 
Test OLM installation	Arrange OLM test installation	2025-06-04T12:38:56.0675967Z #14 11.39   Running scriptlet: crypto-policies-scripts-20250128-1.git5269e22.el9.   84/84 
Test OLM installation	Arrange OLM test installation	2025-06-04T12:38:56.6488097Z #14 11.98   Running scriptlet: nss-3.101.0-10.el9_2.x86_64                          84/84 
Test OLM installation	Arrange OLM test installation	2025-06-04T12:38:56.8938591Z #14 12.56   Running scriptlet: copy-jdk-configs-4.0-3.el9.noarch                    84/84 
Test OLM installation	Arrange OLM test installation	2025-06-04T12:38:57.4347516Z #14 12.80   Running scriptlet: java-21-openjdk-headless-1:21.0.7.0.6-1.el9.x86_64   84/84 
Test OLM installation	Arrange OLM test installation	2025-06-04T12:38:57.4348664Z #14 13.34   Verifying        : alternatives-1.24-2.el9.x86_64                        1/84 
Test OLM installation	Arrange OLM test installation	2025-06-04T12:38:57.6241566Z #14 13.34   Verifying        : avahi-libs-0.8-22.el9_6.x86_64                        2/84 
Test OLM installation	Arrange OLM test installation	2025-06-04T12:38:57.6242967Z #14 13.34   Verifying        : basesystem-11-13.el9.noarch                           3/84 
Test OLM installation	Arrange OLM test installation	2025-06-04T12:38:57.6243859Z #14 13.34   Verifying        : bash-5.1.8-9.el9.x86_64                               4/84 
Test OLM installation	Arrange OLM test installation	2025-06-04T12:38:57.6244633Z #14 13.34   Verifying        : bzip2-libs-1.0.8-10.el9_5.x86_64                      5/84 
Test OLM installation	Arrange OLM test installation	2025-06-04T12:38:57.6245444Z #14 13.34   Verifying        : ca-certificates-2024.2.69_v8.0.303-91.4.el9_4.noar    6/84 
Test OLM installation	Arrange OLM test installation	2025-06-04T12:38:57.6246334Z #14 13.34   Verifying        : coreutils-single-8.32-39.el9.x86_64                   7/84 
Test OLM installation	Arrange OLM test installation	2025-06-04T12:38:57.6247132Z #14 13.34   Verifying        : crypto-policies-20250128-1.git5269e22.el9.noarch      8/84 
Test OLM installation	Arrange OLM test installation	2025-06-04T12:38:57.6247982Z #14 13.34   Verifying        : crypto-policies-scripts-20250128-1.git5269e22.el9.    9/84 
Test OLM installation	Arrange OLM test installation	2025-06-04T12:38:57.6248519Z #14 13.35   Verifying        : cups-libs-1:2.3.3op2-33.el9.x86_64                   10/84 
Test OLM installation	Arrange OLM test installation	2025-06-04T12:38:57.6249166Z #14 13.35   Verifying        : dbus-libs-1:1.12.20-8.el9.x86_64                     11/84 
Test OLM installation	Arrange OLM test installation	2025-06-04T12:38:57.6249653Z #14 13.35   Verifying        : expat-2.5.0-5.el9_6.x86_64                           12/84 
Test OLM installation	Arrange OLM test installation	2025-06-04T12:38:57.6250134Z #14 13.35   Verifying        : filesystem-3.16-5.el9.x86_64                         13/84 
Test OLM installation	Arrange OLM test installation	2025-06-04T12:38:57.6250623Z #14 13.35   Verifying        : findutils-1:4.8.0-7.el9.x86_64                       14/84 
Test OLM installation	Arrange OLM test installation	2025-06-04T12:38:57.6251107Z #14 13.35   Verifying        : gawk-5.1.0-6.el9.x86_64                              15/84 
Test OLM installation	Arrange OLM test installation	2025-06-04T12:38:57.6251571Z #14 13.35   Verifying        : gdbm-libs-1:1.23-1.el9.x86_64                        16/84 
Test OLM installation	Arrange OLM test installation	2025-06-04T12:38:57.6251992Z #14 13.35   Verifying        : glibc-2.34-168.el9_6.14.x86_64                       17/84 
Test OLM installation	Arrange OLM test installation	2025-06-04T12:38:57.6252412Z #14 13.35   Verifying        : glibc-common-2.34-168.el9_6.14.x86_64                18/84 
Test OLM installation	Arrange OLM test installation	2025-06-04T12:38:57.6265334Z #14 13.35   Verifying        : glibc-langpack-en-2.34-168.el9_6.14.x86_64           19/84 
Test OLM installation	Arrange OLM test installation	2025-06-04T12:38:57.6265964Z #14 13.35   Verifying        : gmp-1:6.2.0-13.el9.x86_64                            20/84 
Test OLM installation	Arrange OLM test installation	2025-06-04T12:38:57.6266639Z #14 13.35   Verifying        : gnutls-3.8.3-6.el9.x86_64                            21/84 
Test OLM installation	Arrange OLM test installation	2025-06-04T12:38:57.6267458Z #14 13.35   Verifying        : grep-3.6-5.el9.x86_64                                22/84 
Test OLM installation	Arrange OLM test installation	2025-06-04T12:38:57.6268169Z #14 13.35   Verifying        : keyutils-libs-1.6.3-1.el9.x86_64                     23/84 
Test OLM installation	Arrange OLM test installation	2025-06-04T12:38:57.6268808Z #14 13.35   Verifying        : krb5-libs-1.21.1-6.el9.x86_64                        24/84 
Test OLM installation	Arrange OLM test installation	2025-06-04T12:38:57.6269252Z #14 13.35   Verifying        : libacl-2.3.1-4.el9.x86_64                            25/84 
Test OLM installation	Arrange OLM test installation	2025-06-04T12:38:57.6269671Z #14 13.35   Verifying        : libattr-2.5.1-3.el9.x86_64                           26/84 
Test OLM installation	Arrange OLM test installation	2025-06-04T12:38:57.6270095Z #14 13.35   Verifying        : libcap-2.48-9.el9_2.x86_64                           27/84 
Test OLM installation	Arrange OLM test installation	2025-06-04T12:38:57.6270527Z #14 13.35   Verifying        : libcom_err-1.46.5-7.el9.x86_64                       28/84 
Test OLM installation	Arrange OLM test installation	2025-06-04T12:38:57.6270964Z #14 13.35   Verifying        : libevent-2.1.12-8.el9_4.x86_64                       29/84 
Test OLM installation	Arrange OLM test installation	2025-06-04T12:38:57.6271379Z #14 13.35   Verifying        : libffi-3.4.2-8.el9.x86_64                            30/84 
Test OLM installation	Arrange OLM test installation	2025-06-04T12:38:57.6271951Z #14 13.35   Verifying        : libgcc-11.5.0-5.el9_5.x86_64                         31/84 
Test OLM installation	Arrange OLM test installation	2025-06-04T12:38:57.6272794Z #14 13.35   Verifying        : libgcrypt-1.10.0-11.el9.x86_64                       32/84 
Test OLM installation	Arrange OLM test installation	2025-06-04T12:38:57.6273251Z #14 13.35   Verifying        : libgpg-error-1.42-5.el9.x86_64                       33/84 
Test OLM installation	Arrange OLM test installation	2025-06-04T12:38:57.6273677Z #14 13.35   Verifying        : libidn2-2.3.0-7.el9.x86_64                           34/84 
Test OLM installation	Arrange OLM test installation	2025-06-04T12:38:57.6274098Z #14 13.35   Verifying        : libselinux-3.6-3.el9.x86_64                          35/84 
Test OLM installation	Arrange OLM test installation	2025-06-04T12:38:57.6274522Z #14 13.35   Verifying        : libsepol-3.6-2.el9.x86_64                            36/84 
Test OLM installation	Arrange OLM test installation	2025-06-04T12:38:57.6274942Z #14 13.35   Verifying        : libsigsegv-2.13-4.el9.x86_64                         37/84 
Test OLM installation	Arrange OLM test installation	2025-06-04T12:38:57.6275498Z #14 13.35   Verifying        : libtasn1-4.16.0-9.el9.x86_64                         38/84 
Test OLM installation	Arrange OLM test installation	2025-06-04T12:38:57.6275935Z #14 13.35   Verifying        : libunistring-0.9.10-15.el9.x86_64                    39/84 
Test OLM installation	Arrange OLM test installation	2025-06-04T12:38:57.6276361Z #14 13.35   Verifying        : libuuid-2.37.4-21.el9.x86_64                         40/84 
Test OLM installation	Arrange OLM test installation	2025-06-04T12:38:57.6276913Z #14 13.35   Verifying        : libverto-0.3.2-3.el9.x86_64                          41/84 
Test OLM installation	Arrange OLM test installation	2025-06-04T12:38:57.6277587Z #14 13.35   Verifying        : libxcrypt-4.4.18-3.el9.x86_64                        42/84 
Test OLM installation	Arrange OLM test installation	2025-06-04T12:38:57.6278031Z #14 13.35   Verifying        : libzstd-1.5.5-1.el9.x86_64                           43/84 
Test OLM installation	Arrange OLM test installation	2025-06-04T12:38:57.6278719Z #14 13.35   Verifying        : lksctp-tools-1.0.19-3.el9_4.x86_64                   44/84 
Test OLM installation	Arrange OLM test installation	2025-06-04T12:38:57.6279240Z #14 13.35   Verifying        : lua-libs-5.4.4-4.el9.x86_64                          45/84 
Test OLM installation	Arrange OLM test installation	2025-06-04T12:38:57.6279800Z #14 13.35   Verifying        : lz4-libs-1.9.3-5.el9.x86_64                          46/84 
Test OLM installation	Arrange OLM test installation	2025-06-04T12:38:57.6280335Z #14 13.35   Verifying        : mpfr-4.1.0-7.el9.x86_64                              47/84 
Test OLM installation	Arrange OLM test installation	2025-06-04T12:38:57.6280765Z #14 13.35   Verifying        : ncurses-base-6.2-10.20210508.el9.noarch              48/84 
Test OLM installation	Arrange OLM test installation	2025-06-04T12:38:57.6281212Z #14 13.35   Verifying        : ncurses-libs-6.2-10.20210508.el9.x86_64              49/84 
Test OLM installation	Arrange OLM test installation	2025-06-04T12:38:57.6281646Z #14 13.35   Verifying        : nettle-3.10.1-1.el9.x86_64                           50/84 
Test OLM installation	Arrange OLM test installation	2025-06-04T12:38:57.6282083Z #14 13.35   Verifying        : openssl-fips-provider-3.0.7-6.el9_5.x86_64           51/84 
Test OLM installation	Arrange OLM test installation	2025-06-04T12:38:57.6282547Z #14 13.35   Verifying        : openssl-fips-provider-so-3.0.7-6.el9_5.x86_64        52/84 
Test OLM installation	Arrange OLM test installation	2025-06-04T12:38:57.6283191Z #14 13.35   Verifying        : openssl-libs-1:3.2.2-6.el9_5.1.x86_64                53/84 
Test OLM installation	Arrange OLM test installation	2025-06-04T12:38:57.6283773Z #14 13.35   Verifying        : p11-kit-0.25.3-3.el9_5.x86_64                        54/84 
Test OLM installation	Arrange OLM test installation	2025-06-04T12:38:57.6284198Z #14 13.35   Verifying        : p11-kit-trust-0.25.3-3.el9_5.x86_64                  55/84 
Test OLM installation	Arrange OLM test installation	2025-06-04T12:38:57.6284608Z #14 13.35   Verifying        : pcre-8.44-4.el9.x86_64                               56/84 
Test OLM installation	Arrange OLM test installation	2025-06-04T12:38:57.6285015Z #14 13.35   Verifying        : pcre2-10.40-6.el9.x86_64                             57/84 
Test OLM installation	Arrange OLM test installation	2025-06-04T12:38:57.6285440Z #14 13.35   Verifying        : pcre2-syntax-10.40-6.el9.noarch                      58/84 
Test OLM installation	Arrange OLM test installation	2025-06-04T12:38:57.6285866Z #14 13.35   Verifying        : python3-3.9.21-2.el9.x86_64                          59/84 
Test OLM installation	Arrange OLM test installation	2025-06-04T12:38:57.6286283Z #14 13.35   Verifying        : python3-libs-3.9.21-2.el9.x86_64                     60/84 
Test OLM installation	Arrange OLM test installation	2025-06-04T12:38:57.6286721Z #14 13.35   Verifying        : python3-pip-wheel-21.3.1-1.el9.noarch                61/84 
Test OLM installation	Arrange OLM test installation	2025-06-04T12:38:57.6287179Z #14 13.35   Verifying        : python3-setuptools-wheel-53.0.0-13.el9.noarch        62/84 
Test OLM installation	Arrange OLM test installation	2025-06-04T12:38:57.6287868Z #14 13.35   Verifying        : readline-8.1-4.el9.x86_64                            63/84 
Test OLM installation	Arrange OLM test installation	2025-06-04T12:38:57.6288303Z #14 13.35   Verifying        : redhat-release-9.6-0.1.el9.x86_64                    64/84 
Test OLM installation	Arrange OLM test installation	2025-06-04T12:38:57.6288724Z #14 13.35   Verifying        : sed-4.8-9.el9.x86_64                                 65/84 
Test OLM installation	Arrange OLM test installation	2025-06-04T12:38:57.6289293Z #14 13.35   Verifying        : setup-2.13.7-10.el9.noarch                           66/84 
Test OLM installation	Arrange OLM test installation	2025-06-04T12:38:57.6289717Z #14 13.35   Verifying        : sqlite-libs-3.34.1-7.el9_3.x86_64                    67/84 
Test OLM installation	Arrange OLM test installation	2025-06-04T12:38:57.6290143Z #14 13.35   Verifying        : systemd-libs-252-51.el9.x86_64                       68/84 
Test OLM installation	Arrange OLM test installation	2025-06-04T12:38:57.6290574Z #14 13.35   Verifying        : tzdata-2025b-1.el9.noarch                            69/84 
Test OLM installation	Arrange OLM test installation	2025-06-04T12:38:57.6290993Z #14 13.35   Verifying        : xz-libs-5.2.5-8.el9_0.x86_64                         70/84 
Test OLM installation	Arrange OLM test installation	2025-06-04T12:38:57.6291398Z #14 13.35   Verifying        : zlib-1.2.11-40.el9.x86_64                            71/84 
Test OLM installation	Arrange OLM test installation	2025-06-04T12:38:57.6291973Z #14 13.35   Verifying        : copy-jdk-configs-4.0-3.el9.noarch                    72/84 
Test OLM installation	Arrange OLM test installation	2025-06-04T12:38:57.6292395Z #14 13.35   Verifying        : lua-5.4.4-4.el9.x86_64                               73/84 
Test OLM installation	Arrange OLM test installation	2025-06-04T12:38:57.6292800Z #14 13.35   Verifying        : lua-posix-35.0-8.el9.x86_64                          74/84 
Test OLM installation	Arrange OLM test installation	2025-06-04T12:38:57.6293222Z #14 13.35   Verifying        : alsa-lib-1.2.13-2.el9.x86_64                         75/84 
Test OLM installation	Arrange OLM test installation	2025-06-04T12:38:57.6293646Z #14 13.35   Verifying        : java-21-openjdk-headless-1:21.0.7.0.6-1.el9.x86_64   76/84 
Test OLM installation	Arrange OLM test installation	2025-06-04T12:38:57.6294095Z #14 13.35   Verifying        : javapackages-filesystem-6.4.0-1.el9.noarch           77/84 
Test OLM installation	Arrange OLM test installation	2025-06-04T12:38:57.6294530Z #14 13.35   Verifying        : nspr-4.35.0-17.el9_2.x86_64                          78/84 
Test OLM installation	Arrange OLM test installation	2025-06-04T12:38:57.6294929Z #14 13.35   Verifying        : nss-3.101.0-10.el9_2.x86_64                          79/84 
Test OLM installation	Arrange OLM test installation	2025-06-04T12:38:57.6295350Z #14 13.35   Verifying        : nss-softokn-3.101.0-10.el9_2.x86_64                  80/84 
Test OLM installation	Arrange OLM test installation	2025-06-04T12:38:57.6295780Z #14 13.35   Verifying        : nss-softokn-freebl-3.101.0-10.el9_2.x86_64           81/84 
Test OLM installation	Arrange OLM test installation	2025-06-04T12:38:57.6296212Z #14 13.35   Verifying        : nss-sysinit-3.101.0-10.el9_2.x86_64                  82/84 
Test OLM installation	Arrange OLM test installation	2025-06-04T12:38:57.6296638Z #14 13.35   Verifying        : nss-util-3.101.0-10.el9_2.x86_64                     83/84 
Test OLM installation	Arrange OLM test installation	2025-06-04T12:38:57.6297069Z #14 13.35   Verifying        : tzdata-java-2025b-1.el9.noarch                       84/84 
Test OLM installation	Arrange OLM test installation	2025-06-04T12:38:57.6297556Z #14 13.42 Installed products updated.
Test OLM installation	Arrange OLM test installation	2025-06-04T12:38:57.6297805Z #14 13.43 
Test OLM installation	Arrange OLM test installation	2025-06-04T12:38:57.6297975Z #14 13.43 Installed:
Test OLM installation	Arrange OLM test installation	2025-06-04T12:38:57.6298261Z #14 13.43   alsa-lib-1.2.13-2.el9.x86_64                                                  
Test OLM installation	Arrange OLM test installation	2025-06-04T12:38:57.6298678Z #14 13.43   alternatives-1.24-2.el9.x86_64                                                
Test OLM installation	Arrange OLM test installation	2025-06-04T12:38:57.6299099Z #14 13.43   avahi-libs-0.8-22.el9_6.x86_64                                                
Test OLM installation	Arrange OLM test installation	2025-06-04T12:38:57.6299514Z #14 13.43   basesystem-11-13.el9.noarch                                                   
Test OLM installation	Arrange OLM test installation	2025-06-04T12:38:57.6299909Z #14 13.43   bash-5.1.8-9.el9.x86_64                                                       
Test OLM installation	Arrange OLM test installation	2025-06-04T12:38:57.6300301Z #14 13.43   bzip2-libs-1.0.8-10.el9_5.x86_64                                              
Test OLM installation	Arrange OLM test installation	2025-06-04T12:38:57.6300743Z #14 13.43   ca-certificates-2024.2.69_v8.0.303-91.4.el9_4.noarch                          
Test OLM installation	Arrange OLM test installation	2025-06-04T12:38:57.6301380Z #14 13.43   copy-jdk-configs-4.0-3.el9.noarch                                             
Test OLM installation	Arrange OLM test installation	2025-06-04T12:38:57.6302037Z #14 13.43   coreutils-single-8.32-39.el9.x86_64                                           
Test OLM installation	Arrange OLM test installation	2025-06-04T12:38:57.6302522Z #14 13.43   crypto-policies-20250128-1.git5269e22.el9.noarch                              
Test OLM installation	Arrange OLM test installation	2025-06-04T12:38:57.6303052Z #14 13.43   crypto-policies-scripts-20250128-1.git5269e22.el9.noarch                      
Test OLM installation	Arrange OLM test installation	2025-06-04T12:38:57.6303541Z #14 13.43   cups-libs-1:2.3.3op2-33.el9.x86_64                                            
Test OLM installation	Arrange OLM test installation	2025-06-04T12:38:57.6303953Z #14 13.43   dbus-libs-1:1.12.20-8.el9.x86_64                                              
Test OLM installation	Arrange OLM test installation	2025-06-04T12:38:57.6304345Z #14 13.43   expat-2.5.0-5.el9_6.x86_64                                                    
Test OLM installation	Arrange OLM test installation	2025-06-04T12:38:57.6304884Z #14 13.43   filesystem-3.16-5.el9.x86_64                                                  
Test OLM installation	Arrange OLM test installation	2025-06-04T12:38:57.6305285Z #14 13.43   findutils-1:4.8.0-7.el9.x86_64                                                
Test OLM installation	Arrange OLM test installation	2025-06-04T12:38:57.6305668Z #14 13.43   gawk-5.1.0-6.el9.x86_64                                                       
Test OLM installation	Arrange OLM test installation	2025-06-04T12:38:57.6306047Z #14 13.43   gdbm-libs-1:1.23-1.el9.x86_64                                                 
Test OLM installation	Arrange OLM test installation	2025-06-04T12:38:57.6306437Z #14 13.43   glibc-2.34-168.el9_6.14.x86_64                                                
Test OLM installation	Arrange OLM test installation	2025-06-04T12:38:57.6306846Z #14 13.43   glibc-common-2.34-168.el9_6.14.x86_64                                         
Test OLM installation	Arrange OLM test installation	2025-06-04T12:38:57.6307514Z #14 13.43   glibc-langpack-en-2.34-168.el9_6.14.x86_64                                    
Test OLM installation	Arrange OLM test installation	2025-06-04T12:38:57.6307928Z #14 13.43   gmp-1:6.2.0-13.el9.x86_64                                                     
Test OLM installation	Arrange OLM test installation	2025-06-04T12:38:57.6308305Z #14 13.43   gnutls-3.8.3-6.el9.x86_64                                                     
Test OLM installation	Arrange OLM test installation	2025-06-04T12:38:57.6308683Z #14 13.43   grep-3.6-5.el9.x86_64                                                         
Test OLM installation	Arrange OLM test installation	2025-06-04T12:38:57.6309097Z #14 13.43   java-21-openjdk-headless-1:21.0.7.0.6-1.el9.x86_64                            
Test OLM installation	Arrange OLM test installation	2025-06-04T12:38:57.6309578Z #14 13.43   javapackages-filesystem-6.4.0-1.el9.noarch                                    
Test OLM installation	Arrange OLM test installation	2025-06-04T12:38:57.6310040Z #14 13.43   keyutils-libs-1.6.3-1.el9.x86_64                                              
Test OLM installation	Arrange OLM test installation	2025-06-04T12:38:57.6310443Z #14 13.43   krb5-libs-1.21.1-6.el9.x86_64                                                 
Test OLM installation	Arrange OLM test installation	2025-06-04T12:38:57.6310833Z #14 13.43   libacl-2.3.1-4.el9.x86_64                                                     
Test OLM installation	Arrange OLM test installation	2025-06-04T12:38:57.6311216Z #14 13.43   libattr-2.5.1-3.el9.x86_64                                                    
Test OLM installation	Arrange OLM test installation	2025-06-04T12:38:57.6311605Z #14 13.43   libcap-2.48-9.el9_2.x86_64                                                    
Test OLM installation	Arrange OLM test installation	2025-06-04T12:38:57.6312008Z #14 13.43   libcom_err-1.46.5-7.el9.x86_64                                                
Test OLM installation	Arrange OLM test installation	2025-06-04T12:38:57.6312711Z #14 13.43   libevent-2.1.12-8.el9_4.x86_64                                                
Test OLM installation	Arrange OLM test installation	2025-06-04T12:38:57.6313153Z #14 13.43   libffi-3.4.2-8.el9.x86_64                                                     
Test OLM installation	Arrange OLM test installation	2025-06-04T12:38:57.6313541Z #14 13.43   libgcc-11.5.0-5.el9_5.x86_64                                                  
Test OLM installation	Arrange OLM test installation	2025-06-04T12:38:57.6313936Z #14 13.43   libgcrypt-1.10.0-11.el9.x86_64                                                
Test OLM installation	Arrange OLM test installation	2025-06-04T12:38:57.6314347Z #14 13.43   libgpg-error-1.42-5.el9.x86_64                                                
Test OLM installation	Arrange OLM test installation	2025-06-04T12:38:57.6314747Z #14 13.43   libidn2-2.3.0-7.el9.x86_64                                                    
Test OLM installation	Arrange OLM test installation	2025-06-04T12:38:57.6315144Z #14 13.43   libselinux-3.6-3.el9.x86_64                                                   
Test OLM installation	Arrange OLM test installation	2025-06-04T12:38:57.6315541Z #14 13.43   libsepol-3.6-2.el9.x86_64                                                     
Test OLM installation	Arrange OLM test installation	2025-06-04T12:38:57.6315946Z #14 13.43   libsigsegv-2.13-4.el9.x86_64                                                  
Test OLM installation	Arrange OLM test installation	2025-06-04T12:38:57.6316347Z #14 13.43   libtasn1-4.16.0-9.el9.x86_64                                                  
Test OLM installation	Arrange OLM test installation	2025-06-04T12:38:57.6316760Z #14 13.43   libunistring-0.9.10-15.el9.x86_64                                             
Test OLM installation	Arrange OLM test installation	2025-06-04T12:38:57.6317197Z #14 13.43   libuuid-2.37.4-21.el9.x86_64                                                  
Test OLM installation	Arrange OLM test installation	2025-06-04T12:38:57.6318007Z #14 13.43   libverto-0.3.2-3.el9.x86_64                                                   
Test OLM installation	Arrange OLM test installation	2025-06-04T12:38:57.6318418Z #14 13.43   libxcrypt-4.4.18-3.el9.x86_64                                                 
Test OLM installation	Arrange OLM test installation	2025-06-04T12:38:57.6318818Z #14 13.43   libzstd-1.5.5-1.el9.x86_64                                                    
Test OLM installation	Arrange OLM test installation	2025-06-04T12:38:57.6319224Z #14 13.43   lksctp-tools-1.0.19-3.el9_4.x86_64                                            
Test OLM installation	Arrange OLM test installation	2025-06-04T12:38:57.6319776Z #14 13.43   lua-5.4.4-4.el9.x86_64                                                        
Test OLM installation	Arrange OLM test installation	2025-06-04T12:38:57.6320150Z #14 13.43   lua-libs-5.4.4-4.el9.x86_64                                                   
Test OLM installation	Arrange OLM test installation	2025-06-04T12:38:57.6320541Z #14 13.43   lua-posix-35.0-8.el9.x86_64                                                   
Test OLM installation	Arrange OLM test installation	2025-06-04T12:38:57.6320930Z #14 13.43   lz4-libs-1.9.3-5.el9.x86_64                                                   
Test OLM installation	Arrange OLM test installation	2025-06-04T12:38:57.6321308Z #14 13.43   mpfr-4.1.0-7.el9.x86_64                                                       
Test OLM installation	Arrange OLM test installation	2025-06-04T12:38:57.6321721Z #14 13.43   ncurses-base-6.2-10.20210508.el9.noarch                                       
Test OLM installation	Arrange OLM test installation	2025-06-04T12:38:57.6322278Z #14 13.43   ncurses-libs-6.2-10.20210508.el9.x86_64                                       
Test OLM installation	Arrange OLM test installation	2025-06-04T12:38:57.6322693Z #14 13.43   nettle-3.10.1-1.el9.x86_64                                                    
Test OLM installation	Arrange OLM test installation	2025-06-04T12:38:57.6323322Z #14 13.43   nspr-4.35.0-17.el9_2.x86_64                                                   
Test OLM installation	Arrange OLM test installation	2025-06-04T12:38:57.6323861Z #14 13.43   nss-3.101.0-10.el9_2.x86_64                                                   
Test OLM installation	Arrange OLM test installation	2025-06-04T12:38:57.6324274Z #14 13.43   nss-softokn-3.101.0-10.el9_2.x86_64                                           
Test OLM installation	Arrange OLM test installation	2025-06-04T12:38:57.6324709Z #14 13.43   nss-softokn-freebl-3.101.0-10.el9_2.x86_64                                    
Test OLM installation	Arrange OLM test installation	2025-06-04T12:38:57.6325140Z #14 13.43   nss-sysinit-3.101.0-10.el9_2.x86_64                                           
Test OLM installation	Arrange OLM test installation	2025-06-04T12:38:57.6325547Z #14 13.43   nss-util-3.101.0-10.el9_2.x86_64                                              
Test OLM installation	Arrange OLM test installation	2025-06-04T12:38:57.6325990Z #14 13.43   openssl-fips-provider-3.0.7-6.el9_5.x86_64                                    
Test OLM installation	Arrange OLM test installation	2025-06-04T12:38:57.6326467Z #14 13.43   openssl-fips-provider-so-3.0.7-6.el9_5.x86_64                                 
Test OLM installation	Arrange OLM test installation	2025-06-04T12:38:57.6326914Z #14 13.43   openssl-libs-1:3.2.2-6.el9_5.1.x86_64                                         
Test OLM installation	Arrange OLM test installation	2025-06-04T12:38:57.6327525Z #14 13.43   p11-kit-0.25.3-3.el9_5.x86_64                                                 
Test OLM installation	Arrange OLM test installation	2025-06-04T12:38:57.6327934Z #14 13.43   p11-kit-trust-0.25.3-3.el9_5.x86_64                                           
Test OLM installation	Arrange OLM test installation	2025-06-04T12:38:57.6328322Z #14 13.43   pcre-8.44-4.el9.x86_64                                                        
Test OLM installation	Arrange OLM test installation	2025-06-04T12:38:57.6328691Z #14 13.43   pcre2-10.40-6.el9.x86_64                                                      
Test OLM installation	Arrange OLM test installation	2025-06-04T12:38:57.6329095Z #14 13.43   pcre2-syntax-10.40-6.el9.noarch                                               
Test OLM installation	Arrange OLM test installation	2025-06-04T12:38:57.6329507Z #14 13.43   python3-3.9.21-2.el9.x86_64                                                   
Test OLM installation	Arrange OLM test installation	2025-06-04T12:38:57.6329917Z #14 13.43   python3-libs-3.9.21-2.el9.x86_64                                              
Test OLM installation	Arrange OLM test installation	2025-06-04T12:38:57.6330353Z #14 13.43   python3-pip-wheel-21.3.1-1.el9.noarch                                         
Test OLM installation	Arrange OLM test installation	2025-06-04T12:38:57.6330832Z #14 13.43   python3-setuptools-wheel-53.0.0-13.el9.noarch                                 
Test OLM installation	Arrange OLM test installation	2025-06-04T12:38:57.6331283Z #14 13.43   readline-8.1-4.el9.x86_64                                                     
Test OLM installation	Arrange OLM test installation	2025-06-04T12:38:57.6331694Z #14 13.43   redhat-release-9.6-0.1.el9.x86_64                                             
Test OLM installation	Arrange OLM test installation	2025-06-04T12:38:57.6332081Z #14 13.43   sed-4.8-9.el9.x86_64                                                          
Test OLM installation	Arrange OLM test installation	2025-06-04T12:38:57.6332457Z #14 13.43   setup-2.13.7-10.el9.noarch                                                    
Test OLM installation	Arrange OLM test installation	2025-06-04T12:38:57.6332853Z #14 13.43   sqlite-libs-3.34.1-7.el9_3.x86_64                                             
Test OLM installation	Arrange OLM test installation	2025-06-04T12:38:57.6333272Z #14 13.43   systemd-libs-252-51.el9.x86_64                                                
Test OLM installation	Arrange OLM test installation	2025-06-04T12:38:57.6333689Z #14 13.43   tzdata-2025b-1.el9.noarch                                                     
Test OLM installation	Arrange OLM test installation	2025-06-04T12:38:57.6334111Z #14 13.43   tzdata-java-2025b-1.el9.noarch                                                
Test OLM installation	Arrange OLM test installation	2025-06-04T12:38:57.6334658Z #14 13.43   xz-libs-5.2.5-8.el9_0.x86_64                                                  
Test OLM installation	Arrange OLM test installation	2025-06-04T12:38:57.6335035Z #14 13.43   zlib-1.2.11-40.el9.x86_64                                                     
Test OLM installation	Arrange OLM test installation	2025-06-04T12:38:57.6335337Z #14 13.43 
Test OLM installation	Arrange OLM test installation	2025-06-04T12:38:57.6335506Z #14 13.43 Complete!
Test OLM installation	Arrange OLM test installation	2025-06-04T12:38:57.6335746Z #14 13.53 + dnf --installroot /tmp/null/rootfs clean all
Test OLM installation	Arrange OLM test installation	2025-06-04T12:38:57.8502765Z #14 13.76 Updating Subscription Management repositories.
Test OLM installation	Arrange OLM test installation	2025-06-04T12:38:58.0498308Z #14 13.76 Unable to read consumer identity
Test OLM installation	Arrange OLM test installation	2025-06-04T12:38:58.0498839Z #14 13.76 
Test OLM installation	Arrange OLM test installation	2025-06-04T12:38:58.0499394Z #14 13.76 This system is not registered with an entitlement server. You can use subscription-manager to register.
Test OLM installation	Arrange OLM test installation	2025-06-04T12:38:58.0500346Z #14 13.76 
Test OLM installation	Arrange OLM test installation	2025-06-04T12:38:58.0500554Z #14 13.77 26 files removed
Test OLM installation	Arrange OLM test installation	2025-06-04T12:38:58.0501664Z #14 13.81 + rm -rf /tmp/null/rootfs/var/cache/bpf /tmp/null/rootfs/var/cache/dnf /tmp/null/rootfs/var/cache/ldconfig /tmp/null/rootfs/var/log/dnf.librepo.log /tmp/null/rootfs/var/log/dnf.log /tmp/null/rootfs/var/log/dnf.rpm.log '/tmp/null/rootfs/var/log/yum.*'
Test OLM installation	Arrange OLM test installation	2025-06-04T12:38:58.0502923Z #14 13.81 ==> Building dependency tree
Test OLM installation	Arrange OLM test installation	2025-06-04T12:38:58.2889028Z #14 14.20 ==> 42 packages to erase:
Test OLM installation	Arrange OLM test installation	2025-06-04T12:38:58.4443130Z #14 14.20 alsa-lib
Test OLM installation	Arrange OLM test installation	2025-06-04T12:38:58.4443954Z #14 14.20 avahi-libs
Test OLM installation	Arrange OLM test installation	2025-06-04T12:38:58.4444350Z #14 14.20 bzip2-libs
Test OLM installation	Arrange OLM test installation	2025-06-04T12:38:58.4444712Z #14 14.20 copy-jdk-configs
Test OLM installation	Arrange OLM test installation	2025-06-04T12:38:58.4445098Z #14 14.20 cups-libs
Test OLM installation	Arrange OLM test installation	2025-06-04T12:38:58.4445416Z #14 14.20 dbus-libs
Test OLM installation	Arrange OLM test installation	2025-06-04T12:38:58.4445716Z #14 14.20 expat
Test OLM installation	Arrange OLM test installation	2025-06-04T12:38:58.4446021Z #14 14.20 gawk
Test OLM installation	Arrange OLM test installation	2025-06-04T12:38:58.4446354Z #14 14.20 gdbm-libs
Test OLM installation	Arrange OLM test installation	2025-06-04T12:38:58.4446663Z #14 14.20 gmp
Test OLM installation	Arrange OLM test installation	2025-06-04T12:38:58.4446962Z #14 14.20 gnutls
Test OLM installation	Arrange OLM test installation	2025-06-04T12:38:58.4447538Z #14 14.20 gpg-pubkey
Test OLM installation	Arrange OLM test installation	2025-06-04T12:38:58.4447899Z #14 14.20 keyutils-libs
Test OLM installation	Arrange OLM test installation	2025-06-04T12:38:58.4448237Z #14 14.20 krb5-libs
Test OLM installation	Arrange OLM test installation	2025-06-04T12:38:58.4448545Z #14 14.20 libcom_err
Test OLM installation	Arrange OLM test installation	2025-06-04T12:38:58.4448858Z #14 14.20 libevent
Test OLM installation	Arrange OLM test installation	2025-06-04T12:38:58.4449181Z #14 14.20 libffi
Test OLM installation	Arrange OLM test installation	2025-06-04T12:38:58.4449481Z #14 14.20 libgcrypt
Test OLM installation	Arrange OLM test installation	2025-06-04T12:38:58.4449795Z #14 14.20 libgpg-error
Test OLM installation	Arrange OLM test installation	2025-06-04T12:38:58.4450121Z #14 14.20 libidn2
Test OLM installation	Arrange OLM test installation	2025-06-04T12:38:58.4450424Z #14 14.20 libunistring
Test OLM installation	Arrange OLM test installation	2025-06-04T12:38:58.4450746Z #14 14.20 libuuid
Test OLM installation	Arrange OLM test installation	2025-06-04T12:38:58.4451040Z #14 14.20 libverto
Test OLM installation	Arrange OLM test installation	2025-06-04T12:38:58.4451347Z #14 14.20 libxcrypt
Test OLM installation	Arrange OLM test installation	2025-06-04T12:38:58.4451646Z #14 14.20 libzstd
Test OLM installation	Arrange OLM test installation	2025-06-04T12:38:58.4451941Z #14 14.20 lua
Test OLM installation	Arrange OLM test installation	2025-06-04T12:38:58.4452229Z #14 14.20 lua-libs
Test OLM installation	Arrange OLM test installation	2025-06-04T12:38:58.4452538Z #14 14.20 lua-posix
Test OLM installation	Arrange OLM test installation	2025-06-04T12:38:58.4452844Z #14 14.20 lz4-libs
Test OLM installation	Arrange OLM test installation	2025-06-04T12:38:58.4453141Z #14 14.20 mpfr
Test OLM installation	Arrange OLM test installation	2025-06-04T12:38:58.4453443Z #14 14.20 nettle
Test OLM installation	Arrange OLM test installation	2025-06-04T12:38:58.4453783Z #14 14.20 openssl-fips-provider
Test OLM installation	Arrange OLM test installation	2025-06-04T12:38:58.4454213Z #14 14.20 openssl-fips-provider-so
Test OLM installation	Arrange OLM test installation	2025-06-04T12:38:58.4454634Z #14 14.20 openssl-libs
Test OLM installation	Arrange OLM test installation	2025-06-04T12:38:58.4454959Z #14 14.20 p11-kit
Test OLM installation	Arrange OLM test installation	2025-06-04T12:38:58.4455254Z #14 14.20 python3
Test OLM installation	Arrange OLM test installation	2025-06-04T12:38:58.4455566Z #14 14.20 python3-libs
Test OLM installation	Arrange OLM test installation	2025-06-04T12:38:58.4455927Z #14 14.20 python3-pip-wheel
Test OLM installation	Arrange OLM test installation	2025-06-04T12:38:58.4456327Z #14 14.20 python3-setuptools-wheel
Test OLM installation	Arrange OLM test installation	2025-06-04T12:38:58.4456728Z #14 14.20 readline
Test OLM installation	Arrange OLM test installation	2025-06-04T12:38:58.4457040Z #14 14.20 systemd-libs
Test OLM installation	Arrange OLM test installation	2025-06-04T12:38:58.4457548Z #14 14.20 xz-libs
Test OLM installation	Arrange OLM test installation	2025-06-04T12:38:58.4457881Z #14 14.20 ==> 43 packages to keep:
Test OLM installation	Arrange OLM test installation	2025-06-04T12:38:58.4458280Z #14 14.20 alternatives
Test OLM installation	Arrange OLM test installation	2025-06-04T12:38:58.4458613Z #14 14.20 basesystem
Test OLM installation	Arrange OLM test installation	2025-06-04T12:38:58.4458932Z #14 14.20 bash
Test OLM installation	Arrange OLM test installation	2025-06-04T12:38:58.4459235Z #14 14.20 ca-certificates
Test OLM installation	Arrange OLM test installation	2025-06-04T12:38:58.4459590Z #14 14.20 coreutils-single
Test OLM installation	Arrange OLM test installation	2025-06-04T12:38:58.4459962Z #14 14.20 crypto-policies
Test OLM installation	Arrange OLM test installation	2025-06-04T12:38:58.4460351Z #14 14.20 crypto-policies-scripts
Test OLM installation	Arrange OLM test installation	2025-06-04T12:38:58.4460744Z #14 14.20 filesystem
Test OLM installation	Arrange OLM test installation	2025-06-04T12:38:58.4461056Z #14 14.20 findutils
Test OLM installation	Arrange OLM test installation	2025-06-04T12:38:58.4461355Z #14 14.20 glibc
Test OLM installation	Arrange OLM test installation	2025-06-04T12:38:58.4461664Z #14 14.20 glibc-common
Test OLM installation	Arrange OLM test installation	2025-06-04T12:38:58.4462009Z #14 14.20 glibc-langpack-en
Test OLM installation	Arrange OLM test installation	2025-06-04T12:38:58.4462367Z #14 14.20 grep
Test OLM installation	Arrange OLM test installation	2025-06-04T12:38:58.4463009Z #14 14.20 java-21-openjdk-headless
Test OLM installation	Arrange OLM test installation	2025-06-04T12:38:58.4463442Z #14 14.20 javapackages-filesystem
Test OLM installation	Arrange OLM test installation	2025-06-04T12:38:58.4463834Z #14 14.20 libacl
Test OLM installation	Arrange OLM test installation	2025-06-04T12:38:58.4464133Z #14 14.20 libattr
Test OLM installation	Arrange OLM test installation	2025-06-04T12:38:58.4464423Z #14 14.20 libcap
Test OLM installation	Arrange OLM test installation	2025-06-04T12:38:58.4464717Z #14 14.20 libgcc
Test OLM installation	Arrange OLM test installation	2025-06-04T12:38:58.4465018Z #14 14.20 libselinux
Test OLM installation	Arrange OLM test installation	2025-06-04T12:38:58.4465332Z #14 14.20 libsepol
Test OLM installation	Arrange OLM test installation	2025-06-04T12:38:58.4465645Z #14 14.20 libsigsegv
Test OLM installation	Arrange OLM test installation	2025-06-04T12:38:58.4465949Z #14 14.20 libtasn1
Test OLM installation	Arrange OLM test installation	2025-06-04T12:38:58.4466265Z #14 14.20 lksctp-tools
Test OLM installation	Arrange OLM test installation	2025-06-04T12:38:58.4466596Z #14 14.20 ncurses-base
Test OLM installation	Arrange OLM test installation	2025-06-04T12:38:58.4466933Z #14 14.20 ncurses-libs
Test OLM installation	Arrange OLM test installation	2025-06-04T12:38:58.4467658Z #14 14.20 nspr
Test OLM installation	Arrange OLM test installation	2025-06-04T12:38:58.4467963Z #14 14.20 nss
Test OLM installation	Arrange OLM test installation	2025-06-04T12:38:58.4468256Z #14 14.20 nss-softokn
Test OLM installation	Arrange OLM test installation	2025-06-04T12:38:58.4468603Z #14 14.20 nss-softokn-freebl
Test OLM installation	Arrange OLM test installation	2025-06-04T12:38:58.4468978Z #14 14.20 nss-sysinit
Test OLM installation	Arrange OLM test installation	2025-06-04T12:38:58.4469287Z #14 14.20 nss-util
Test OLM installation	Arrange OLM test installation	2025-06-04T12:38:58.4469576Z #14 14.20 p11-kit-trust
Test OLM installation	Arrange OLM test installation	2025-06-04T12:38:58.4469884Z #14 14.20 pcre
Test OLM installation	Arrange OLM test installation	2025-06-04T12:38:58.4470160Z #14 14.20 pcre2
Test OLM installation	Arrange OLM test installation	2025-06-04T12:38:58.4470447Z #14 14.20 pcre2-syntax
Test OLM installation	Arrange OLM test installation	2025-06-04T12:38:58.4470773Z #14 14.20 redhat-release
Test OLM installation	Arrange OLM test installation	2025-06-04T12:38:58.4471108Z #14 14.20 sed
Test OLM installation	Arrange OLM test installation	2025-06-04T12:38:58.4471396Z #14 14.20 setup
Test OLM installation	Arrange OLM test installation	2025-06-04T12:38:58.4471697Z #14 14.20 sqlite-libs
Test OLM installation	Arrange OLM test installation	2025-06-04T12:38:58.4472011Z #14 14.20 tzdata
Test OLM installation	Arrange OLM test installation	2025-06-04T12:38:58.4472320Z #14 14.20 tzdata-java
Test OLM installation	Arrange OLM test installation	2025-06-04T12:38:58.4472639Z #14 14.20 zlib
Test OLM installation	Arrange OLM test installation	2025-06-04T12:38:58.4472925Z #14 14.20 
Test OLM installation	Arrange OLM test installation	2025-06-04T12:38:58.4473226Z #14 14.20 ==> Erasing packages
Test OLM installation	Arrange OLM test installation	2025-06-04T12:38:58.4473735Z #14 14.20 + xargs rpm -r /tmp/null/rootfs --erase --nodeps --allmatches
Test OLM installation	Arrange OLM test installation	2025-06-04T12:38:58.6854205Z #14 14.57 
Test OLM installation	Arrange OLM test installation	2025-06-04T12:38:58.6854661Z #14 14.57 ==> Packages erased ok!
Test OLM installation	Arrange OLM test installation	2025-06-04T12:38:58.8849514Z #14 DONE 14.6s
Test OLM installation	Arrange OLM test installation	2025-06-04T12:39:00.3066407Z 
Test OLM installation	Arrange OLM test installation	2025-06-04T12:39:00.3067112Z #15 [stage-1 2/4] COPY --from=ubi-micro-build /tmp/null/rootfs/ /
Test OLM installation	Arrange OLM test installation	2025-06-04T12:39:01.4907019Z #15 DONE 1.2s
Test OLM installation	Arrange OLM test installation	2025-06-04T12:39:01.6458864Z 
Test OLM installation	Arrange OLM test installation	2025-06-04T12:39:01.6459847Z #16 [stage-1 3/4] COPY --from=ubi-micro-build --chown=1000:0 /opt/keycloak /opt/keycloak
Test OLM installation	Arrange OLM test installation	2025-06-04T12:39:01.9015705Z #16 DONE 0.4s
Test OLM installation	Arrange OLM test installation	2025-06-04T12:39:02.0093931Z 
Test OLM installation	Arrange OLM test installation	2025-06-04T12:39:02.0095041Z #17 [stage-1 4/4] RUN echo "keycloak:x:0:root" >> /etc/group &&     echo "keycloak:x:1000:0:keycloak user:/opt/keycloak:/sbin/nologin" >> /etc/passwd
Test OLM installation	Arrange OLM test installation	2025-06-04T12:39:02.0096071Z #17 DONE 0.1s
Test OLM installation	Arrange OLM test installation	2025-06-04T12:39:02.1609520Z 
Test OLM installation	Arrange OLM test installation	2025-06-04T12:39:02.1610039Z #18 exporting to image
Test OLM installation	Arrange OLM test installation	2025-06-04T12:39:02.1610496Z #18 exporting layers
Test OLM installation	Arrange OLM test installation	2025-06-04T12:39:03.4436345Z #18 exporting layers 1.4s done
Test OLM installation	Arrange OLM test installation	2025-06-04T12:39:03.4595060Z #18 writing image sha256:32474292e4c788dbe7821727486a4fb2e3fe062d4d1aee5dc5e6f3aefe46ad77 done
Test OLM installation	Arrange OLM test installation	2025-06-04T12:39:03.4595964Z #18 naming to ttl.sh/03be67keycloak:86400000.0.0 done
Test OLM installation	Arrange OLM test installation	2025-06-04T12:39:03.4596269Z #18 DONE 1.4s
Test OLM installation	Arrange OLM test installation	2025-06-04T12:39:03.4649588Z + docker push ttl.sh/03be67keycloak:86400000.0.0
Test OLM installation	Arrange OLM test installation	2025-06-04T12:39:03.6746072Z The push refers to repository [ttl.sh/03be67keycloak]
Test OLM installation	Arrange OLM test installation	2025-06-04T12:39:03.7484424Z ae254691327b: Preparing
Test OLM installation	Arrange OLM test installation	2025-06-04T12:39:03.7485090Z d9cd1a0297ef: Preparing
Test OLM installation	Arrange OLM test installation	2025-06-04T12:39:03.7485506Z 8344c74e3ed9: Preparing
Test OLM installation	Arrange OLM test installation	2025-06-04T12:39:03.7485868Z ef3cb51dff21: Preparing
Test OLM installation	Arrange OLM test installation	2025-06-04T12:39:06.8963654Z ae254691327b: Pushed
Test OLM installation	Arrange OLM test installation	2025-06-04T12:39:18.9315710Z ef3cb51dff21: Pushed
Test OLM installation	Arrange OLM test installation	2025-06-04T12:40:34.2983118Z error parsing HTTP 499 response body: invalid character '<' looking for beginning of value: "<!DOCTYPE html>\n<html>\n  <head>\n    <meta name=\"viewport\" content=\"width=device-width, initial-scale=1\">\n    <meta charset=\"utf-8\">\n    <title>Application Error</title>\n    <style media=\"screen\">\n      html,body,iframe {\n        margin: 0;\n        padding: 0;\n      }\n\n      html,body {\n        height: 100%;\n        overflow: hidden;\n      }\n\n      iframe {\n        width: 100%;\n        height: 100%;\n        border: 0;\n      }\n    </style>\n  </head>\n  <body>\n    <iframe src=\"https://www.herokucdn.com/error-pages/application-error.html\"></iframe>\n  </body>\n</html>"
Test OLM installation	Arrange OLM test installation	2025-06-04T12:40:34.3004984Z ##[error]Process completed with exit code 1.
Status Check - Keycloak Operator CI	Run /./.github/actions/status-check	2025-06-04T13:15:40.8303302Z Prepare all required actions
Status Check - Keycloak Operator CI	Run /./.github/actions/status-check	2025-06-04T13:15:40.8372485Z ##[group]Run ./.github/actions/status-check
Status Check - Keycloak Operator CI	Run /./.github/actions/status-check	2025-06-04T13:15:40.8372848Z with:
Status Check - Keycloak Operator CI	Run /./.github/actions/status-check	2025-06-04T13:15:40.8373656Z   jobs: {
Status Check - Keycloak Operator CI	Run /./.github/actions/status-check	  "conditional": {
Status Check - Keycloak Operator CI	Run /./.github/actions/status-check	    "result": "success",
Status Check - Keycloak Operator CI	Run /./.github/actions/status-check	    "outputs": {
Status Check - Keycloak Operator CI	Run /./.github/actions/status-check	      "operator": "true"
Status Check - Keycloak Operator CI	Run /./.github/actions/status-check	    }
Status Check - Keycloak Operator CI	Run /./.github/actions/status-check	  },
Status Check - Keycloak Operator CI	Run /./.github/actions/status-check	  "build": {
Status Check - Keycloak Operator CI	Run /./.github/actions/status-check	    "result": "success",
Status Check - Keycloak Operator CI	Run /./.github/actions/status-check	    "outputs": {}
Status Check - Keycloak Operator CI	Run /./.github/actions/status-check	  },
Status Check - Keycloak Operator CI	Run /./.github/actions/status-check	  "test-local": {
Status Check - Keycloak Operator CI	Run /./.github/actions/status-check	    "result": "success",
Status Check - Keycloak Operator CI	Run /./.github/actions/status-check	    "outputs": {}
Status Check - Keycloak Operator CI	Run /./.github/actions/status-check	  },
Status Check - Keycloak Operator CI	Run /./.github/actions/status-check	  "test-remote": {
Status Check - Keycloak Operator CI	Run /./.github/actions/status-check	    "result": "success",
Status Check - Keycloak Operator CI	Run /./.github/actions/status-check	    "outputs": {}
Status Check - Keycloak Operator CI	Run /./.github/actions/status-check	  },
Status Check - Keycloak Operator CI	Run /./.github/actions/status-check	  "test-olm": {
Status Check - Keycloak Operator CI	Run /./.github/actions/status-check	    "result": "failure",
Status Check - Keycloak Operator CI	Run /./.github/actions/status-check	    "outputs": {}
Status Check - Keycloak Operator CI	Run /./.github/actions/status-check	  }
Status Check - Keycloak Operator CI	Run /./.github/actions/status-check	}
Status Check - Keycloak Operator CI	Run /./.github/actions/status-check	2025-06-04T13:15:40.8374542Z env:
Status Check - Keycloak Operator CI	Run /./.github/actions/status-check	2025-06-04T13:15:40.8374859Z   MAVEN_ARGS: -B -nsu -Daether.connector.http.connectionMaxTtl=25
Status Check - Keycloak Operator CI	Run /./.github/actions/status-check	2025-06-04T13:15:40.8375276Z   MINIKUBE_VERSION: v1.32.0
Status Check - Keycloak Operator CI	Run /./.github/actions/status-check	2025-06-04T13:15:40.8375569Z   KUBERNETES_VERSION: v1.27.10
Status Check - Keycloak Operator CI	Run /./.github/actions/status-check	2025-06-04T13:15:40.8375839Z   MINIKUBE_MEMORY: 4096
Status Check - Keycloak Operator CI	Run /./.github/actions/status-check	2025-06-04T13:15:40.8376078Z ##[endgroup]
Status Check - Keycloak Operator CI	Run /./.github/actions/status-check	2025-06-04T13:15:40.8581354Z ##[group]Run JOBS='{
Status Check - Keycloak Operator CI	Run /./.github/actions/status-check	2025-06-04T13:15:40.8582020Z [36;1mJOBS='{[0m
Status Check - Keycloak Operator CI	Run /./.github/actions/status-check	2025-06-04T13:15:40.8582280Z [36;1m  "conditional": {[0m
Status Check - Keycloak Operator CI	Run /./.github/actions/status-check	2025-06-04T13:15:40.8582612Z [36;1m    "result": "success",[0m
Status Check - Keycloak Operator CI	Run /./.github/actions/status-check	2025-06-04T13:15:40.8582891Z [36;1m    "outputs": {[0m
Status Check - Keycloak Operator CI	Run /./.github/actions/status-check	2025-06-04T13:15:40.8583151Z [36;1m      "operator": "true"[0m
Status Check - Keycloak Operator CI	Run /./.github/actions/status-check	2025-06-04T13:15:40.8583413Z [36;1m    }[0m
Status Check - Keycloak Operator CI	Run /./.github/actions/status-check	2025-06-04T13:15:40.8583627Z [36;1m  },[0m
Status Check - Keycloak Operator CI	Run /./.github/actions/status-check	2025-06-04T13:15:40.8583843Z [36;1m  "build": {[0m
Status Check - Keycloak Operator CI	Run /./.github/actions/status-check	2025-06-04T13:15:40.8584080Z [36;1m    "result": "success",[0m
Status Check - Keycloak Operator CI	Run /./.github/actions/status-check	2025-06-04T13:15:40.8584353Z [36;1m    "outputs": {}[0m
Status Check - Keycloak Operator CI	Run /./.github/actions/status-check	2025-06-04T13:15:40.8584597Z [36;1m  },[0m
Status Check - Keycloak Operator CI	Run /./.github/actions/status-check	2025-06-04T13:15:40.8584817Z [36;1m  "test-local": {[0m
Status Check - Keycloak Operator CI	Run /./.github/actions/status-check	2025-06-04T13:15:40.8585072Z [36;1m    "result": "success",[0m
Status Check - Keycloak Operator CI	Run /./.github/actions/status-check	2025-06-04T13:15:40.8585336Z [36;1m    "outputs": {}[0m
Status Check - Keycloak Operator CI	Run /./.github/actions/status-check	2025-06-04T13:15:40.8585586Z [36;1m  },[0m
Status Check - Keycloak Operator CI	Run /./.github/actions/status-check	2025-06-04T13:15:40.8585807Z [36;1m  "test-remote": {[0m
Status Check - Keycloak Operator CI	Run /./.github/actions/status-check	2025-06-04T13:15:40.8586069Z [36;1m    "result": "success",[0m
Status Check - Keycloak Operator CI	Run /./.github/actions/status-check	2025-06-04T13:15:40.8586337Z [36;1m    "outputs": {}[0m
Status Check - Keycloak Operator CI	Run /./.github/actions/status-check	2025-06-04T13:15:40.8586575Z [36;1m  },[0m
Status Check - Keycloak Operator CI	Run /./.github/actions/status-check	2025-06-04T13:15:40.8586796Z [36;1m  "test-olm": {[0m
Status Check - Keycloak Operator CI	Run /./.github/actions/status-check	2025-06-04T13:15:40.8587050Z [36;1m    "result": "failure",[0m
Status Check - Keycloak Operator CI	Run /./.github/actions/status-check	2025-06-04T13:15:40.8587315Z [36;1m    "outputs": {}[0m
Status Check - Keycloak Operator CI	Run /./.github/actions/status-check	2025-06-04T13:15:40.8587550Z [36;1m  }[0m
Status Check - Keycloak Operator CI	Run /./.github/actions/status-check	2025-06-04T13:15:40.8587750Z [36;1m}'[0m
Status Check - Keycloak Operator CI	Run /./.github/actions/status-check	2025-06-04T13:15:40.8587971Z [36;1m[0m
Status Check - Keycloak Operator CI	Run /./.github/actions/status-check	2025-06-04T13:15:40.8588194Z [36;1mecho "Job status:"[0m
Status Check - Keycloak Operator CI	Run /./.github/actions/status-check	2025-06-04T13:15:40.8588581Z [36;1mecho $JOBS | jq -r 'to_entries[] | " - \(.key): \(.value.result)"'[0m
Status Check - Keycloak Operator CI	Run /./.github/actions/status-check	2025-06-04T13:15:40.8588955Z [36;1m[0m
Status Check - Keycloak Operator CI	Run /./.github/actions/status-check	2025-06-04T13:15:40.8589244Z [36;1mfor i in $(echo $JOBS | jq -r 'to_entries[] | .value.result'); do[0m
Status Check - Keycloak Operator CI	Run /./.github/actions/status-check	2025-06-04T13:15:40.8589654Z [36;1m  if [ "$i" != "success" ] && [ "$i" != "skipped" ]; then[0m
Status Check - Keycloak Operator CI	Run /./.github/actions/status-check	2025-06-04T13:15:40.8589982Z [36;1m    echo ""[0m
Status Check - Keycloak Operator CI	Run /./.github/actions/status-check	2025-06-04T13:15:40.8590236Z [36;1m    echo "Status check not okay!"[0m
Status Check - Keycloak Operator CI	Run /./.github/actions/status-check	2025-06-04T13:15:40.8590516Z [36;1m    exit 1[0m
Status Check - Keycloak Operator CI	Run /./.github/actions/status-check	2025-06-04T13:15:40.8590734Z [36;1m  fi[0m
Status Check - Keycloak Operator CI	Run /./.github/actions/status-check	2025-06-04T13:15:40.8590950Z [36;1mdone[0m
Status Check - Keycloak Operator CI	Run /./.github/actions/status-check	2025-06-04T13:15:40.8783113Z shell: /usr/bin/bash --noprofile --norc -e -o pipefail {0}
Status Check - Keycloak Operator CI	Run /./.github/actions/status-check	2025-06-04T13:15:40.8783568Z env:
Status Check - Keycloak Operator CI	Run /./.github/actions/status-check	2025-06-04T13:15:40.8783911Z   MAVEN_ARGS: -B -nsu -Daether.connector.http.connectionMaxTtl=25
Status Check - Keycloak Operator CI	Run /./.github/actions/status-check	2025-06-04T13:15:40.8784327Z   MINIKUBE_VERSION: v1.32.0
Status Check - Keycloak Operator CI	Run /./.github/actions/status-check	2025-06-04T13:15:40.8784611Z   KUBERNETES_VERSION: v1.27.10
Status Check - Keycloak Operator CI	Run /./.github/actions/status-check	2025-06-04T13:15:40.8784961Z   MINIKUBE_MEMORY: 4096
Status Check - Keycloak Operator CI	Run /./.github/actions/status-check	2025-06-04T13:15:40.8785212Z ##[endgroup]
Status Check - Keycloak Operator CI	Run /./.github/actions/status-check	2025-06-04T13:15:40.8880655Z Job status:
Status Check - Keycloak Operator CI	Run /./.github/actions/status-check	2025-06-04T13:15:40.8930709Z  - conditional: success
Status Check - Keycloak Operator CI	Run /./.github/actions/status-check	2025-06-04T13:15:40.8931280Z  - build: success
Status Check - Keycloak Operator CI	Run /./.github/actions/status-check	2025-06-04T13:15:40.8931882Z  - test-local: success
Status Check - Keycloak Operator CI	Run /./.github/actions/status-check	2025-06-04T13:15:40.8932247Z  - test-remote: success
Status Check - Keycloak Operator CI	Run /./.github/actions/status-check	2025-06-04T13:15:40.8932681Z  - test-olm: failure
Status Check - Keycloak Operator CI	Run /./.github/actions/status-check	2025-06-04T13:15:40.8965155Z 
Status Check - Keycloak Operator CI	Run /./.github/actions/status-check	2025-06-04T13:15:40.8965704Z Status check not okay!
Status Check - Keycloak Operator CI	Run /./.github/actions/status-check	2025-06-04T13:15:40.8979251Z ##[error]Process completed with exit code 1.
