Admin UI E2E (chrome)	Run Playwright tests	2025-04-03T09:46:22.9351800Z ##[group]Run pnpm --fail-if-no-match --filter keycloak-admin-ui test:integration
Admin UI E2E (chrome)	Run Playwright tests	2025-04-03T09:46:22.9352931Z [36;1mpnpm --fail-if-no-match --filter keycloak-admin-ui test:integration[0m
Admin UI E2E (chrome)	Run Playwright tests	2025-04-03T09:46:22.9404809Z shell: /usr/bin/bash --noprofile --norc -e -o pipefail {0}
Admin UI E2E (chrome)	Run Playwright tests	2025-04-03T09:46:22.9405145Z env:
Admin UI E2E (chrome)	Run Playwright tests	2025-04-03T09:46:22.9405611Z   MAVEN_ARGS: -B -nsu -Daether.connector.http.connectionMaxTtl=25
Admin UI E2E (chrome)	Run Playwright tests	2025-04-03T09:46:22.9405963Z   RETRY_COUNT: 3
Admin UI E2E (chrome)	Run Playwright tests	2025-04-03T09:46:22.9406245Z   WORKSPACE: keycloak-admin-ui
Admin UI E2E (chrome)	Run Playwright tests	2025-04-03T09:46:22.9406783Z   JAVA_HOME: /opt/hostedtoolcache/Java_Temurin-Hotspot_jdk/21.0.6-7/x64
Admin UI E2E (chrome)	Run Playwright tests	2025-04-03T09:46:22.9407233Z   JAVA_HOME_21_X64: /opt/hostedtoolcache/Java_Temurin-Hotspot_jdk/21.0.6-7/x64
Admin UI E2E (chrome)	Run Playwright tests	2025-04-03T09:46:22.9407573Z ##[endgroup]
Admin UI E2E (chrome)	Run Playwright tests	2025-04-03T09:46:23.2806144Z 
Admin UI E2E (chrome)	Run Playwright tests	2025-04-03T09:46:23.2807327Z > @keycloak/keycloak-admin-ui@999.0.0-SNAPSHOT test:integration /home/runner/work/keycloak/keycloak/js/apps/admin-ui
Admin UI E2E (chrome)	Run Playwright tests	2025-04-03T09:46:23.2808251Z > playwright test
Admin UI E2E (chrome)	Run Playwright tests	2025-04-03T09:46:23.2808469Z 
Admin UI E2E (chrome)	Run Playwright tests	2025-04-03T09:46:56.0040647Z 
Admin UI E2E (chrome)	Run Playwright tests	2025-04-03T09:46:56.0041313Z Running 343 tests using 1 worker
Admin UI E2E (chrome)	Run Playwright tests	2025-04-03T09:49:49.5152901Z Â·Â·Â·Â·Â·Â·Â·Â·Â·Â·Â·Â·Â·Â·Â·Â·Â·Â·Â·Â·Â·Â·Â·Â·Â·Â·Â·Â·Â·Â·Â·Â·Â·Â·Â·Â·Â·Â·Â·Â·Â·Â·Â·Â·Â·Â·Â·Â·Â·Â·Â·Â·Â·Â·Â·Â·Â·Â·Â·Â·Â·Â·Â·Â·Â·Â·Â·Â·Â·Â·Â·Â·Â·Â·Â·Â·Â·Â·Â·Â·
Admin UI E2E (chrome)	Run Playwright tests	2025-04-03T09:52:29.2574464Z Â·Â·Â·Â·Â·Â·Â·Â·Â·Â·Â·Â·Â·Â·Â°Â·Â·Â·Â·Â·Â·Â·Â·Â·Â·Â·Â·Â·Â·Â·Â·Â·Â·Â·Â·Â·Â·Â·Â·Â·Â·Â·Â·Â·Â·Â·Â·Â·Â·Â·Â·Â·Â·Â·Â·Â·Â·Â·Â·Â·Â·Â·Â·Â·Â·Â·Â·Â·Â·Â·Â·Â·Â·Â·Â·Â·Â·Â·Â·Â·
Admin UI E2E (chrome)	Run Playwright tests	2025-04-03T09:55:16.6822046Z Â·Â·Â·Â·Â·Â·Â·Â·Â·Â·Â·Â·Â·Â·Â·Â·Â·Â°Â°Â·Â·Â·Â·Â·Â·Â·Â·Â·Â·Â·Ã—Ã—FÂ·Â·Â·Â·Â·Â·Â·Â·Â·Â·Â·Â·Â·Â·Â·Â·Â·Â·Â·Â·Â·Â·Â·Â·Â·Â·Â·Â·Â·Â·Â·Â·Â·Â·Â·Â·Â·Â·Â·Â·Â·Â·Â·Â·Â·Â·Â·
Admin UI E2E (chrome)	Run Playwright tests	2025-04-03T09:57:42.6540380Z Â·Â·Â·Â·Â·Â·Â·Â·Â·Â·Â·Â·Â·Â·Â·Â·Â·Â·Â·Â·Â·Â·Â·Â·Â·Â·Â·Â·Â·Â·Â·Â·Â·Â·Â·Â·Â·Â·Â·Â·Â·Â·Â·Â·Â·Â·Â·Â·Â·Â·Â·Â·Â·Â·Â·Â·Â·Â·Â·Â·Â·Â·Â·Â·Â·Â·Â·Â·Â·Â·Â·Â·Â·Â·Â·Â·Â·Â·Â·Â·
Admin UI E2E (chrome)	Run Playwright tests	2025-04-03T09:58:28.6838393Z Â·Â·Â·Â·Â·Â·Â·Â·Â·Â·Â·Â·Â·Â·Â·Â·Â·Â·Â·Â·Â·Â·Â·Â·Â·
Admin UI E2E (chrome)	Run Playwright tests	2025-04-03T09:58:28.6848649Z 
Admin UI E2E (chrome)	Run Playwright tests	2025-04-03T09:58:28.6863266Z   1) [chromium] â€º test/realm-roles/main.spec.ts:123:3 â€º Realm roles test â€º Add associated roles test 
Admin UI E2E (chrome)	Run Playwright tests	2025-04-03T09:58:28.6863889Z 
Admin UI E2E (chrome)	Run Playwright tests	2025-04-03T09:58:28.6864392Z     Error: Row accountmanage-account not found: ,offline_access,False,role_offline-access,
Admin UI E2E (chrome)	Run Playwright tests	2025-04-03T09:58:28.6865441Z 
Admin UI E2E (chrome)	Run Playwright tests	2025-04-03T09:58:28.6865585Z        at utils/table.ts:103
Admin UI E2E (chrome)	Run Playwright tests	2025-04-03T09:58:28.6865824Z 
Admin UI E2E (chrome)	Run Playwright tests	2025-04-03T09:58:28.6866214Z       101 |     const rowIndex = rows.findIndex((r) => r.includes(row as string));
Admin UI E2E (chrome)	Run Playwright tests	2025-04-03T09:58:28.6866853Z       102 |     if (rowIndex === -1) {
Admin UI E2E (chrome)	Run Playwright tests	2025-04-03T09:58:28.6867426Z     > 103 |       throw new Error(`Row ${row} not found: ${rows}`);
Admin UI E2E (chrome)	Run Playwright tests	2025-04-03T09:58:28.6867915Z           |             ^
Admin UI E2E (chrome)	Run Playwright tests	2025-04-03T09:58:28.6868246Z       104 |     }
Admin UI E2E (chrome)	Run Playwright tests	2025-04-03T09:58:28.6868594Z       105 |     row = rowIndex;
Admin UI E2E (chrome)	Run Playwright tests	2025-04-03T09:58:28.6868953Z       106 |   }
Admin UI E2E (chrome)	Run Playwright tests	2025-04-03T09:58:28.6869723Z         at clickSelectRow (/home/runner/work/keycloak/keycloak/js/apps/admin-ui/test/utils/table.ts:103:13)
Admin UI E2E (chrome)	Run Playwright tests	2025-04-03T09:58:28.6870880Z         at pickRole (/home/runner/work/keycloak/keycloak/js/apps/admin-ui/test/utils/roles.ts:32:3)
Admin UI E2E (chrome)	Run Playwright tests	2025-04-03T09:58:28.6871977Z         at /home/runner/work/keycloak/keycloak/js/apps/admin-ui/test/realm-roles/main.spec.ts:143:5
Admin UI E2E (chrome)	Run Playwright tests	2025-04-03T09:58:28.6872749Z 
Admin UI E2E (chrome)	Run Playwright tests	2025-04-03T09:58:28.6873309Z     Retry #1 â”€â”€â”€â”€â”€â”€â”€â”€â”€â”€â”€â”€â”€â”€â”€â”€â”€â”€â”€â”€â”€â”€â”€â”€â”€â”€â”€â”€â”€â”€â”€â”€â”€â”€â”€â”€â”€â”€â”€â”€â”€â”€â”€â”€â”€â”€â”€â”€â”€â”€â”€â”€â”€â”€â”€â”€â”€â”€â”€â”€â”€â”€â”€â”€â”€â”€â”€â”€â”€â”€â”€â”€â”€â”€â”€â”€â”€â”€â”€â”€â”€â”€â”€â”€â”€â”€â”€
Admin UI E2E (chrome)	Run Playwright tests	2025-04-03T09:58:28.6873716Z 
Admin UI E2E (chrome)	Run Playwright tests	2025-04-03T09:58:28.6874515Z     Error: locator.waitFor: Error: strict mode violation: getByLabel('Associated roles', { exact: true }).locator('tbody') resolved to 2 elements:
Admin UI E2E (chrome)	Run Playwright tests	2025-04-03T09:58:28.6876189Z         1) <tbody role="rowgroup" class="pf-v5-c-table__tbody">â€¦</tbody> aka getByTestId('assigned-roles').locator('tbody')
Admin UI E2E (chrome)	Run Playwright tests	2025-04-03T09:58:28.6877837Z         2) <tbody role="rowgroup" class="pf-v5-c-table__tbody">â€¦</tbody> aka getByText('accountdelete-accountrole_delete-accountaccountmanage-accountrole_manage-')
Admin UI E2E (chrome)	Run Playwright tests	2025-04-03T09:58:28.6878793Z 
Admin UI E2E (chrome)	Run Playwright tests	2025-04-03T09:58:28.6878922Z     Call log:
Admin UI E2E (chrome)	Run Playwright tests	2025-04-03T09:58:28.6879803Z     [2m  - waiting for getByLabel('Associated roles', { exact: true }).locator('tbody') to be visible[22m
Admin UI E2E (chrome)	Run Playwright tests	2025-04-03T09:58:28.6880400Z 
Admin UI E2E (chrome)	Run Playwright tests	2025-04-03T09:58:28.6880410Z 
Admin UI E2E (chrome)	Run Playwright tests	2025-04-03T09:58:28.6880567Z        at utils/table.ts:71
Admin UI E2E (chrome)	Run Playwright tests	2025-04-03T09:58:28.6880837Z 
Admin UI E2E (chrome)	Run Playwright tests	2025-04-03T09:58:28.6881224Z       69 | export async function getTableData(page: Page, name: string) {
Admin UI E2E (chrome)	Run Playwright tests	2025-04-03T09:58:28.6882472Z       70 |   const table = page.getByLabel(name, { exact: true });
Admin UI E2E (chrome)	Run Playwright tests	2025-04-03T09:58:28.6883124Z     > 71 |   await table.locator("tbody").waitFor();
Admin UI E2E (chrome)	Run Playwright tests	2025-04-03T09:58:28.6883640Z          |                                ^
Admin UI E2E (chrome)	Run Playwright tests	2025-04-03T09:58:28.6884165Z       72 |   const rows = await table.locator("tbody tr").elementHandles();
Admin UI E2E (chrome)	Run Playwright tests	2025-04-03T09:58:28.6884501Z       73 |
Admin UI E2E (chrome)	Run Playwright tests	2025-04-03T09:58:28.6884739Z       74 |   const tableData = await Promise.all(
Admin UI E2E (chrome)	Run Playwright tests	2025-04-03T09:58:28.6885282Z         at getTableData (/home/runner/work/keycloak/keycloak/js/apps/admin-ui/test/utils/table.ts:71:32)
Admin UI E2E (chrome)	Run Playwright tests	2025-04-03T09:58:28.6886009Z         at clickSelectRow (/home/runner/work/keycloak/keycloak/js/apps/admin-ui/test/utils/table.ts:100:24)
Admin UI E2E (chrome)	Run Playwright tests	2025-04-03T09:58:28.6886712Z         at pickRole (/home/runner/work/keycloak/keycloak/js/apps/admin-ui/test/utils/roles.ts:32:9)
Admin UI E2E (chrome)	Run Playwright tests	2025-04-03T09:58:28.6887387Z         at /home/runner/work/keycloak/keycloak/js/apps/admin-ui/test/realm-roles/main.spec.ts:143:11
Admin UI E2E (chrome)	Run Playwright tests	2025-04-03T09:58:28.6887744Z 
Admin UI E2E (chrome)	Run Playwright tests	2025-04-03T09:58:28.6888141Z     attachment #2: trace (application/zip) â”€â”€â”€â”€â”€â”€â”€â”€â”€â”€â”€â”€â”€â”€â”€â”€â”€â”€â”€â”€â”€â”€â”€â”€â”€â”€â”€â”€â”€â”€â”€â”€â”€â”€â”€â”€â”€â”€â”€â”€â”€â”€â”€â”€â”€â”€â”€â”€â”€â”€â”€â”€â”€â”€â”€â”€â”€
Admin UI E2E (chrome)	Run Playwright tests	2025-04-03T09:58:28.6888833Z     test-results/realm-roles-main-Realm-roles-test-Add-associated-roles-test-chromium-retry1/trace.zip
Admin UI E2E (chrome)	Run Playwright tests	2025-04-03T09:58:28.6889330Z     Usage:
Admin UI E2E (chrome)	Run Playwright tests	2025-04-03T09:58:28.6889429Z 
Admin UI E2E (chrome)	Run Playwright tests	2025-04-03T09:58:28.6889943Z         pnpm exec playwright show-trace test-results/realm-roles-main-Realm-roles-test-Add-associated-roles-test-chromium-retry1/trace.zip
Admin UI E2E (chrome)	Run Playwright tests	2025-04-03T09:58:28.6890467Z 
Admin UI E2E (chrome)	Run Playwright tests	2025-04-03T09:58:28.6890762Z     â”€â”€â”€â”€â”€â”€â”€â”€â”€â”€â”€â”€â”€â”€â”€â”€â”€â”€â”€â”€â”€â”€â”€â”€â”€â”€â”€â”€â”€â”€â”€â”€â”€â”€â”€â”€â”€â”€â”€â”€â”€â”€â”€â”€â”€â”€â”€â”€â”€â”€â”€â”€â”€â”€â”€â”€â”€â”€â”€â”€â”€â”€â”€â”€â”€â”€â”€â”€â”€â”€â”€â”€â”€â”€â”€â”€â”€â”€â”€â”€â”€â”€â”€â”€â”€â”€â”€â”€â”€â”€â”€â”€â”€â”€â”€â”€
Admin UI E2E (chrome)	Run Playwright tests	2025-04-03T09:58:28.6890983Z 
Admin UI E2E (chrome)	Run Playwright tests	2025-04-03T09:58:28.6891282Z     Retry #2 â”€â”€â”€â”€â”€â”€â”€â”€â”€â”€â”€â”€â”€â”€â”€â”€â”€â”€â”€â”€â”€â”€â”€â”€â”€â”€â”€â”€â”€â”€â”€â”€â”€â”€â”€â”€â”€â”€â”€â”€â”€â”€â”€â”€â”€â”€â”€â”€â”€â”€â”€â”€â”€â”€â”€â”€â”€â”€â”€â”€â”€â”€â”€â”€â”€â”€â”€â”€â”€â”€â”€â”€â”€â”€â”€â”€â”€â”€â”€â”€â”€â”€â”€â”€â”€â”€â”€
Admin UI E2E (chrome)	Run Playwright tests	2025-04-03T09:58:28.6891512Z 
Admin UI E2E (chrome)	Run Playwright tests	2025-04-03T09:58:28.6891794Z     Error: Row accountmanage-account not found: ,offline_access,False,role_offline-access,
Admin UI E2E (chrome)	Run Playwright tests	2025-04-03T09:58:28.6892516Z 
Admin UI E2E (chrome)	Run Playwright tests	2025-04-03T09:58:28.6892654Z        at utils/table.ts:103
Admin UI E2E (chrome)	Run Playwright tests	2025-04-03T09:58:28.6892810Z 
Admin UI E2E (chrome)	Run Playwright tests	2025-04-03T09:58:28.6893040Z       101 |     const rowIndex = rows.findIndex((r) => r.includes(row as string));
Admin UI E2E (chrome)	Run Playwright tests	2025-04-03T09:58:28.6893418Z       102 |     if (rowIndex === -1) {
Admin UI E2E (chrome)	Run Playwright tests	2025-04-03T09:58:28.6893758Z     > 103 |       throw new Error(`Row ${row} not found: ${rows}`);
Admin UI E2E (chrome)	Run Playwright tests	2025-04-03T09:58:28.6894045Z           |             ^
Admin UI E2E (chrome)	Run Playwright tests	2025-04-03T09:58:28.6894244Z       104 |     }
Admin UI E2E (chrome)	Run Playwright tests	2025-04-03T09:58:28.6894454Z       105 |     row = rowIndex;
Admin UI E2E (chrome)	Run Playwright tests	2025-04-03T09:58:28.6894681Z       106 |   }
Admin UI E2E (chrome)	Run Playwright tests	2025-04-03T09:58:28.6895144Z         at clickSelectRow (/home/runner/work/keycloak/keycloak/js/apps/admin-ui/test/utils/table.ts:103:13)
Admin UI E2E (chrome)	Run Playwright tests	2025-04-03T09:58:28.6895835Z         at pickRole (/home/runner/work/keycloak/keycloak/js/apps/admin-ui/test/utils/roles.ts:32:3)
Admin UI E2E (chrome)	Run Playwright tests	2025-04-03T09:58:28.6896496Z         at /home/runner/work/keycloak/keycloak/js/apps/admin-ui/test/realm-roles/main.spec.ts:143:5
Admin UI E2E (chrome)	Run Playwright tests	2025-04-03T09:58:28.6896859Z 
Admin UI E2E (chrome)	Run Playwright tests	2025-04-03T09:58:28.6896935Z   1 failed
Admin UI E2E (chrome)	Run Playwright tests	2025-04-03T09:58:28.6897426Z     [chromium] â€º test/realm-roles/main.spec.ts:123:3 â€º Realm roles test â€º Add associated roles test 
Admin UI E2E (chrome)	Run Playwright tests	2025-04-03T09:58:28.6897822Z   3 skipped
Admin UI E2E (chrome)	Run Playwright tests	2025-04-03T09:58:28.6898002Z   339 passed (12.1m)
Admin UI E2E (chrome)	Run Playwright tests	2025-04-03T09:58:28.6936167Z ##[error]  1) [chromium] â€º test/realm-roles/main.spec.ts:123:3 â€º Realm roles test â€º Add associated roles test 
Admin UI E2E (chrome)	Run Playwright tests	    Error: Row accountmanage-account not found: ,offline_access,False,role_offline-access,
Admin UI E2E (chrome)	Run Playwright tests	
Admin UI E2E (chrome)	Run Playwright tests	       at utils/table.ts:103
Admin UI E2E (chrome)	Run Playwright tests	
Admin UI E2E (chrome)	Run Playwright tests	      101 |     const rowIndex = rows.findIndex((r) => r.includes(row as string));
Admin UI E2E (chrome)	Run Playwright tests	      102 |     if (rowIndex === -1) {
Admin UI E2E (chrome)	Run Playwright tests	    > 103 |       throw new Error(`Row ${row} not found: ${rows}`);
Admin UI E2E (chrome)	Run Playwright tests	          |             ^
Admin UI E2E (chrome)	Run Playwright tests	      104 |     }
Admin UI E2E (chrome)	Run Playwright tests	      105 |     row = rowIndex;
Admin UI E2E (chrome)	Run Playwright tests	      106 |   }
Admin UI E2E (chrome)	Run Playwright tests	        at clickSelectRow (/home/runner/work/keycloak/keycloak/js/apps/admin-ui/test/utils/table.ts:103:13)
Admin UI E2E (chrome)	Run Playwright tests	        at pickRole (/home/runner/work/keycloak/keycloak/js/apps/admin-ui/test/utils/roles.ts:32:3)
Admin UI E2E (chrome)	Run Playwright tests	        at /home/runner/work/keycloak/keycloak/js/apps/admin-ui/test/realm-roles/main.spec.ts:143:5
Admin UI E2E (chrome)	Run Playwright tests	2025-04-03T09:58:28.6956499Z ##[error]  1) [chromium] â€º test/realm-roles/main.spec.ts:123:3 â€º Realm roles test â€º Add associated roles test 
Admin UI E2E (chrome)	Run Playwright tests	
Admin UI E2E (chrome)	Run Playwright tests	    Retry #1 â”€â”€â”€â”€â”€â”€â”€â”€â”€â”€â”€â”€â”€â”€â”€â”€â”€â”€â”€â”€â”€â”€â”€â”€â”€â”€â”€â”€â”€â”€â”€â”€â”€â”€â”€â”€â”€â”€â”€â”€â”€â”€â”€â”€â”€â”€â”€â”€â”€â”€â”€â”€â”€â”€â”€â”€â”€â”€â”€â”€â”€â”€â”€â”€â”€â”€â”€â”€â”€â”€â”€â”€â”€â”€â”€â”€â”€â”€â”€â”€â”€â”€â”€â”€â”€â”€â”€
Admin UI E2E (chrome)	Run Playwright tests	    Error: locator.waitFor: Error: strict mode violation: getByLabel('Associated roles', { exact: true }).locator('tbody') resolved to 2 elements:
Admin UI E2E (chrome)	Run Playwright tests	        1) <tbody role="rowgroup" class="pf-v5-c-table__tbody">â€¦</tbody> aka getByTestId('assigned-roles').locator('tbody')
Admin UI E2E (chrome)	Run Playwright tests	        2) <tbody role="rowgroup" class="pf-v5-c-table__tbody">â€¦</tbody> aka getByText('accountdelete-accountrole_delete-accountaccountmanage-accountrole_manage-')
Admin UI E2E (chrome)	Run Playwright tests	
Admin UI E2E (chrome)	Run Playwright tests	    Call log:
Admin UI E2E (chrome)	Run Playwright tests	      - waiting for getByLabel('Associated roles', { exact: true }).locator('tbody') to be visible
Admin UI E2E (chrome)	Run Playwright tests	
Admin UI E2E (chrome)	Run Playwright tests	
Admin UI E2E (chrome)	Run Playwright tests	       at utils/table.ts:71
Admin UI E2E (chrome)	Run Playwright tests	
Admin UI E2E (chrome)	Run Playwright tests	      69 | export async function getTableData(page: Page, name: string) {
Admin UI E2E (chrome)	Run Playwright tests	      70 |   const table = page.getByLabel(name, { exact: true });
Admin UI E2E (chrome)	Run Playwright tests	    > 71 |   await table.locator("tbody").waitFor();
Admin UI E2E (chrome)	Run Playwright tests	         |                                ^
Admin UI E2E (chrome)	Run Playwright tests	      72 |   const rows = await table.locator("tbody tr").elementHandles();
Admin UI E2E (chrome)	Run Playwright tests	      73 |
Admin UI E2E (chrome)	Run Playwright tests	      74 |   const tableData = await Promise.all(
Admin UI E2E (chrome)	Run Playwright tests	        at getTableData (/home/runner/work/keycloak/keycloak/js/apps/admin-ui/test/utils/table.ts:71:32)
Admin UI E2E (chrome)	Run Playwright tests	        at clickSelectRow (/home/runner/work/keycloak/keycloak/js/apps/admin-ui/test/utils/table.ts:100:24)
Admin UI E2E (chrome)	Run Playwright tests	        at pickRole (/home/runner/work/keycloak/keycloak/js/apps/admin-ui/test/utils/roles.ts:32:9)
Admin UI E2E (chrome)	Run Playwright tests	        at /home/runner/work/keycloak/keycloak/js/apps/admin-ui/test/realm-roles/main.spec.ts:143:11
Admin UI E2E (chrome)	Run Playwright tests	2025-04-03T09:58:28.6966847Z ##[error]  1) [chromium] â€º test/realm-roles/main.spec.ts:123:3 â€º Realm roles test â€º Add associated roles test 
Admin UI E2E (chrome)	Run Playwright tests	
Admin UI E2E (chrome)	Run Playwright tests	    Retry #2 â”€â”€â”€â”€â”€â”€â”€â”€â”€â”€â”€â”€â”€â”€â”€â”€â”€â”€â”€â”€â”€â”€â”€â”€â”€â”€â”€â”€â”€â”€â”€â”€â”€â”€â”€â”€â”€â”€â”€â”€â”€â”€â”€â”€â”€â”€â”€â”€â”€â”€â”€â”€â”€â”€â”€â”€â”€â”€â”€â”€â”€â”€â”€â”€â”€â”€â”€â”€â”€â”€â”€â”€â”€â”€â”€â”€â”€â”€â”€â”€â”€â”€â”€â”€â”€â”€â”€
Admin UI E2E (chrome)	Run Playwright tests	    Error: Row accountmanage-account not found: ,offline_access,False,role_offline-access,
Admin UI E2E (chrome)	Run Playwright tests	
Admin UI E2E (chrome)	Run Playwright tests	       at utils/table.ts:103
Admin UI E2E (chrome)	Run Playwright tests	
Admin UI E2E (chrome)	Run Playwright tests	      101 |     const rowIndex = rows.findIndex((r) => r.includes(row as string));
Admin UI E2E (chrome)	Run Playwright tests	      102 |     if (rowIndex === -1) {
Admin UI E2E (chrome)	Run Playwright tests	    > 103 |       throw new Error(`Row ${row} not found: ${rows}`);
Admin UI E2E (chrome)	Run Playwright tests	          |             ^
Admin UI E2E (chrome)	Run Playwright tests	      104 |     }
Admin UI E2E (chrome)	Run Playwright tests	      105 |     row = rowIndex;
Admin UI E2E (chrome)	Run Playwright tests	      106 |   }
Admin UI E2E (chrome)	Run Playwright tests	        at clickSelectRow (/home/runner/work/keycloak/keycloak/js/apps/admin-ui/test/utils/table.ts:103:13)
Admin UI E2E (chrome)	Run Playwright tests	        at pickRole (/home/runner/work/keycloak/keycloak/js/apps/admin-ui/test/utils/roles.ts:32:3)
Admin UI E2E (chrome)	Run Playwright tests	        at /home/runner/work/keycloak/keycloak/js/apps/admin-ui/test/realm-roles/main.spec.ts:143:5
Admin UI E2E (chrome)	Run Playwright tests	2025-04-03T09:58:28.6971718Z ##[notice]  1 failed
Admin UI E2E (chrome)	Run Playwright tests	    [chromium] â€º test/realm-roles/main.spec.ts:123:3 â€º Realm roles test â€º Add associated roles test 
Admin UI E2E (chrome)	Run Playwright tests	  3 skipped
Admin UI E2E (chrome)	Run Playwright tests	  339 passed (12.1m)
Admin UI E2E (chrome)	Run Playwright tests	2025-04-03T09:58:28.9527130Z /home/runner/work/keycloak/keycloak/js/apps/admin-ui:
Admin UI E2E (chrome)	Run Playwright tests	2025-04-03T09:58:28.9529120Z â€‰ERR_PNPM_RECURSIVE_RUN_FIRST_FAILâ€‰ @keycloak/keycloak-admin-ui@999.0.0-SNAPSHOT test:integration: `playwright test`
Admin UI E2E (chrome)	Run Playwright tests	2025-04-03T09:58:28.9530116Z Exit status 1
Admin UI E2E (chrome)	Run Playwright tests	2025-04-03T09:58:28.9706698Z ##[error]Process completed with exit code 1.
Status Check - Keycloak JavaScript CI	Run /./.github/actions/status-check	2025-04-03T10:01:46.3288410Z Prepare all required actions
Status Check - Keycloak JavaScript CI	Run /./.github/actions/status-check	2025-04-03T10:01:46.3361905Z ##[group]Run ./.github/actions/status-check
Status Check - Keycloak JavaScript CI	Run /./.github/actions/status-check	2025-04-03T10:01:46.3362246Z with:
Status Check - Keycloak JavaScript CI	Run /./.github/actions/status-check	2025-04-03T10:01:46.3363577Z   jobs: {
Status Check - Keycloak JavaScript CI	Run /./.github/actions/status-check	  "conditional": {
Status Check - Keycloak JavaScript CI	Run /./.github/actions/status-check	    "result": "success",
Status Check - Keycloak JavaScript CI	Run /./.github/actions/status-check	    "outputs": {
Status Check - Keycloak JavaScript CI	Run /./.github/actions/status-check	      "js-ci": "true"
Status Check - Keycloak JavaScript CI	Run /./.github/actions/status-check	    }
Status Check - Keycloak JavaScript CI	Run /./.github/actions/status-check	  },
Status Check - Keycloak JavaScript CI	Run /./.github/actions/status-check	  "build-keycloak": {
Status Check - Keycloak JavaScript CI	Run /./.github/actions/status-check	    "result": "success",
Status Check - Keycloak JavaScript CI	Run /./.github/actions/status-check	    "outputs": {}
Status Check - Keycloak JavaScript CI	Run /./.github/actions/status-check	  },
Status Check - Keycloak JavaScript CI	Run /./.github/actions/status-check	  "admin-client": {
Status Check - Keycloak JavaScript CI	Run /./.github/actions/status-check	    "result": "success",
Status Check - Keycloak JavaScript CI	Run /./.github/actions/status-check	    "outputs": {}
Status Check - Keycloak JavaScript CI	Run /./.github/actions/status-check	  },
Status Check - Keycloak JavaScript CI	Run /./.github/actions/status-check	  "ui-shared": {
Status Check - Keycloak JavaScript CI	Run /./.github/actions/status-check	    "result": "success",
Status Check - Keycloak JavaScript CI	Run /./.github/actions/status-check	    "outputs": {}
Status Check - Keycloak JavaScript CI	Run /./.github/actions/status-check	  },
Status Check - Keycloak JavaScript CI	Run /./.github/actions/status-check	  "account-ui": {
Status Check - Keycloak JavaScript CI	Run /./.github/actions/status-check	    "result": "success",
Status Check - Keycloak JavaScript CI	Run /./.github/actions/status-check	    "outputs": {}
Status Check - Keycloak JavaScript CI	Run /./.github/actions/status-check	  },
Status Check - Keycloak JavaScript CI	Run /./.github/actions/status-check	  "account-ui-e2e": {
Status Check - Keycloak JavaScript CI	Run /./.github/actions/status-check	    "result": "success",
Status Check - Keycloak JavaScript CI	Run /./.github/actions/status-check	    "outputs": {}
Status Check - Keycloak JavaScript CI	Run /./.github/actions/status-check	  },
Status Check - Keycloak JavaScript CI	Run /./.github/actions/status-check	  "admin-ui": {
Status Check - Keycloak JavaScript CI	Run /./.github/actions/status-check	    "result": "success",
Status Check - Keycloak JavaScript CI	Run /./.github/actions/status-check	    "outputs": {}
Status Check - Keycloak JavaScript CI	Run /./.github/actions/status-check	  },
Status Check - Keycloak JavaScript CI	Run /./.github/actions/status-check	  "admin-ui-e2e": {
Status Check - Keycloak JavaScript CI	Run /./.github/actions/status-check	    "result": "failure",
Status Check - Keycloak JavaScript CI	Run /./.github/actions/status-check	    "outputs": {}
Status Check - Keycloak JavaScript CI	Run /./.github/actions/status-check	  }
Status Check - Keycloak JavaScript CI	Run /./.github/actions/status-check	}
Status Check - Keycloak JavaScript CI	Run /./.github/actions/status-check	2025-04-03T10:01:46.3364850Z env:
Status Check - Keycloak JavaScript CI	Run /./.github/actions/status-check	2025-04-03T10:01:46.3365134Z   MAVEN_ARGS: -B -nsu -Daether.connector.http.connectionMaxTtl=25
Status Check - Keycloak JavaScript CI	Run /./.github/actions/status-check	2025-04-03T10:01:46.3365475Z   RETRY_COUNT: 3
Status Check - Keycloak JavaScript CI	Run /./.github/actions/status-check	2025-04-03T10:01:46.3365717Z ##[endgroup]
Status Check - Keycloak JavaScript CI	Run /./.github/actions/status-check	2025-04-03T10:01:46.3570140Z ##[group]Run JOBS='{
Status Check - Keycloak JavaScript CI	Run /./.github/actions/status-check	2025-04-03T10:01:46.3570582Z [36;1mJOBS='{[0m
Status Check - Keycloak JavaScript CI	Run /./.github/actions/status-check	2025-04-03T10:01:46.3570807Z [36;1m  "conditional": {[0m
Status Check - Keycloak JavaScript CI	Run /./.github/actions/status-check	2025-04-03T10:01:46.3571052Z [36;1m    "result": "success",[0m
Status Check - Keycloak JavaScript CI	Run /./.github/actions/status-check	2025-04-03T10:01:46.3571308Z [36;1m    "outputs": {[0m
Status Check - Keycloak JavaScript CI	Run /./.github/actions/status-check	2025-04-03T10:01:46.3571545Z [36;1m      "js-ci": "true"[0m
Status Check - Keycloak JavaScript CI	Run /./.github/actions/status-check	2025-04-03T10:01:46.3571770Z [36;1m    }[0m
Status Check - Keycloak JavaScript CI	Run /./.github/actions/status-check	2025-04-03T10:01:46.3571953Z [36;1m  },[0m
Status Check - Keycloak JavaScript CI	Run /./.github/actions/status-check	2025-04-03T10:01:46.3572150Z [36;1m  "build-keycloak": {[0m
Status Check - Keycloak JavaScript CI	Run /./.github/actions/status-check	2025-04-03T10:01:46.3572389Z [36;1m    "result": "success",[0m
Status Check - Keycloak JavaScript CI	Run /./.github/actions/status-check	2025-04-03T10:01:46.3572630Z [36;1m    "outputs": {}[0m
Status Check - Keycloak JavaScript CI	Run /./.github/actions/status-check	2025-04-03T10:01:46.3572842Z [36;1m  },[0m
Status Check - Keycloak JavaScript CI	Run /./.github/actions/status-check	2025-04-03T10:01:46.3573036Z [36;1m  "admin-client": {[0m
Status Check - Keycloak JavaScript CI	Run /./.github/actions/status-check	2025-04-03T10:01:46.3573416Z [36;1m    "result": "success",[0m
Status Check - Keycloak JavaScript CI	Run /./.github/actions/status-check	2025-04-03T10:01:46.3573659Z [36;1m    "outputs": {}[0m
Status Check - Keycloak JavaScript CI	Run /./.github/actions/status-check	2025-04-03T10:01:46.3573872Z [36;1m  },[0m
Status Check - Keycloak JavaScript CI	Run /./.github/actions/status-check	2025-04-03T10:01:46.3574059Z [36;1m  "ui-shared": {[0m
Status Check - Keycloak JavaScript CI	Run /./.github/actions/status-check	2025-04-03T10:01:46.3574279Z [36;1m    "result": "success",[0m
Status Check - Keycloak JavaScript CI	Run /./.github/actions/status-check	2025-04-03T10:01:46.3574513Z [36;1m    "outputs": {}[0m
Status Check - Keycloak JavaScript CI	Run /./.github/actions/status-check	2025-04-03T10:01:46.3574733Z [36;1m  },[0m
Status Check - Keycloak JavaScript CI	Run /./.github/actions/status-check	2025-04-03T10:01:46.3574924Z [36;1m  "account-ui": {[0m
Status Check - Keycloak JavaScript CI	Run /./.github/actions/status-check	2025-04-03T10:01:46.3575156Z [36;1m    "result": "success",[0m
Status Check - Keycloak JavaScript CI	Run /./.github/actions/status-check	2025-04-03T10:01:46.3575391Z [36;1m    "outputs": {}[0m
Status Check - Keycloak JavaScript CI	Run /./.github/actions/status-check	2025-04-03T10:01:46.3575598Z [36;1m  },[0m
Status Check - Keycloak JavaScript CI	Run /./.github/actions/status-check	2025-04-03T10:01:46.3575782Z [36;1m  "account-ui-e2e": {[0m
Status Check - Keycloak JavaScript CI	Run /./.github/actions/status-check	2025-04-03T10:01:46.3576014Z [36;1m    "result": "success",[0m
Status Check - Keycloak JavaScript CI	Run /./.github/actions/status-check	2025-04-03T10:01:46.3576241Z [36;1m    "outputs": {}[0m
Status Check - Keycloak JavaScript CI	Run /./.github/actions/status-check	2025-04-03T10:01:46.3576454Z [36;1m  },[0m
Status Check - Keycloak JavaScript CI	Run /./.github/actions/status-check	2025-04-03T10:01:46.3576640Z [36;1m  "admin-ui": {[0m
Status Check - Keycloak JavaScript CI	Run /./.github/actions/status-check	2025-04-03T10:01:46.3576855Z [36;1m    "result": "success",[0m
Status Check - Keycloak JavaScript CI	Run /./.github/actions/status-check	2025-04-03T10:01:46.3577093Z [36;1m    "outputs": {}[0m
Status Check - Keycloak JavaScript CI	Run /./.github/actions/status-check	2025-04-03T10:01:46.3577306Z [36;1m  },[0m
Status Check - Keycloak JavaScript CI	Run /./.github/actions/status-check	2025-04-03T10:01:46.3577501Z [36;1m  "admin-ui-e2e": {[0m
Status Check - Keycloak JavaScript CI	Run /./.github/actions/status-check	2025-04-03T10:01:46.3577735Z [36;1m    "result": "failure",[0m
Status Check - Keycloak JavaScript CI	Run /./.github/actions/status-check	2025-04-03T10:01:46.3577963Z [36;1m    "outputs": {}[0m
Status Check - Keycloak JavaScript CI	Run /./.github/actions/status-check	2025-04-03T10:01:46.3578175Z [36;1m  }[0m
Status Check - Keycloak JavaScript CI	Run /./.github/actions/status-check	2025-04-03T10:01:46.3578357Z [36;1m}'[0m
Status Check - Keycloak JavaScript CI	Run /./.github/actions/status-check	2025-04-03T10:01:46.3578546Z [36;1m[0m
Status Check - Keycloak JavaScript CI	Run /./.github/actions/status-check	2025-04-03T10:01:46.3578739Z [36;1mecho "Job status:"[0m
Status Check - Keycloak JavaScript CI	Run /./.github/actions/status-check	2025-04-03T10:01:46.3579094Z [36;1mecho $JOBS | jq -r 'to_entries[] | " - \(.key): \(.value.result)"'[0m
Status Check - Keycloak JavaScript CI	Run /./.github/actions/status-check	2025-04-03T10:01:46.3579426Z [36;1m[0m
Status Check - Keycloak JavaScript CI	Run /./.github/actions/status-check	2025-04-03T10:01:46.3579688Z [36;1mfor i in $(echo $JOBS | jq -r 'to_entries[] | .value.result'); do[0m
Status Check - Keycloak JavaScript CI	Run /./.github/actions/status-check	2025-04-03T10:01:46.3580058Z [36;1m  if [ "$i" != "success" ] && [ "$i" != "skipped" ]; then[0m
Status Check - Keycloak JavaScript CI	Run /./.github/actions/status-check	2025-04-03T10:01:46.3580391Z [36;1m    echo ""[0m
Status Check - Keycloak JavaScript CI	Run /./.github/actions/status-check	2025-04-03T10:01:46.3580663Z [36;1m    echo "Status check not okay!"[0m
Status Check - Keycloak JavaScript CI	Run /./.github/actions/status-check	2025-04-03T10:01:46.3580914Z [36;1m    exit 1[0m
Status Check - Keycloak JavaScript CI	Run /./.github/actions/status-check	2025-04-03T10:01:46.3581109Z [36;1m  fi[0m
Status Check - Keycloak JavaScript CI	Run /./.github/actions/status-check	2025-04-03T10:01:46.3581292Z [36;1mdone[0m
Status Check - Keycloak JavaScript CI	Run /./.github/actions/status-check	2025-04-03T10:01:46.3635446Z shell: /usr/bin/bash --noprofile --norc -e -o pipefail {0}
Status Check - Keycloak JavaScript CI	Run /./.github/actions/status-check	2025-04-03T10:01:46.3635820Z env:
Status Check - Keycloak JavaScript CI	Run /./.github/actions/status-check	2025-04-03T10:01:46.3636107Z   MAVEN_ARGS: -B -nsu -Daether.connector.http.connectionMaxTtl=25
Status Check - Keycloak JavaScript CI	Run /./.github/actions/status-check	2025-04-03T10:01:46.3636462Z   RETRY_COUNT: 3
Status Check - Keycloak JavaScript CI	Run /./.github/actions/status-check	2025-04-03T10:01:46.3636666Z ##[endgroup]
Status Check - Keycloak JavaScript CI	Run /./.github/actions/status-check	2025-04-03T10:01:46.3731189Z Job status:
Status Check - Keycloak JavaScript CI	Run /./.github/actions/status-check	2025-04-03T10:01:46.3913757Z  - conditional: success
Status Check - Keycloak JavaScript CI	Run /./.github/actions/status-check	2025-04-03T10:01:46.3914310Z  - build-keycloak: success
Status Check - Keycloak JavaScript CI	Run /./.github/actions/status-check	2025-04-03T10:01:46.3914671Z  - admin-client: success
Status Check - Keycloak JavaScript CI	Run /./.github/actions/status-check	2025-04-03T10:01:46.3914980Z  - ui-shared: success
Status Check - Keycloak JavaScript CI	Run /./.github/actions/status-check	2025-04-03T10:01:46.3915283Z  - account-ui: success
Status Check - Keycloak JavaScript CI	Run /./.github/actions/status-check	2025-04-03T10:01:46.3915563Z  - account-ui-e2e: success
Status Check - Keycloak JavaScript CI	Run /./.github/actions/status-check	2025-04-03T10:01:46.3915898Z  - admin-ui: success
Status Check - Keycloak JavaScript CI	Run /./.github/actions/status-check	2025-04-03T10:01:46.3916222Z  - admin-ui-e2e: failure
Status Check - Keycloak JavaScript CI	Run /./.github/actions/status-check	2025-04-03T10:01:46.3951292Z 
Status Check - Keycloak JavaScript CI	Run /./.github/actions/status-check	2025-04-03T10:01:46.3954684Z Status check not okay!
Status Check - Keycloak JavaScript CI	Run /./.github/actions/status-check	2025-04-03T10:01:46.3968083Z ##[error]Process completed with exit code 1.
