Store IT (mssql)	UNKNOWN STEP	ï»¿2025-08-12T09:12:56.9375751Z Current runner version: '2.327.1'
Store IT (mssql)	UNKNOWN STEP	2025-08-12T09:12:56.9401280Z ##[group]Runner Image Provisioner
Store IT (mssql)	UNKNOWN STEP	2025-08-12T09:12:56.9402052Z Hosted Compute Agent
Store IT (mssql)	UNKNOWN STEP	2025-08-12T09:12:56.9402665Z Version: 20250711.363
Store IT (mssql)	UNKNOWN STEP	2025-08-12T09:12:56.9403588Z Commit: 6785254374ce925a23743850c1cb91912ce5c14c
Store IT (mssql)	UNKNOWN STEP	2025-08-12T09:12:56.9404243Z Build Date: 2025-07-11T20:04:25Z
Store IT (mssql)	UNKNOWN STEP	2025-08-12T09:12:56.9404905Z ##[endgroup]
Store IT (mssql)	UNKNOWN STEP	2025-08-12T09:12:56.9405395Z ##[group]Operating System
Store IT (mssql)	UNKNOWN STEP	2025-08-12T09:12:56.9405988Z Ubuntu
Store IT (mssql)	UNKNOWN STEP	2025-08-12T09:12:56.9406517Z 24.04.2
Store IT (mssql)	UNKNOWN STEP	2025-08-12T09:12:56.9406954Z LTS
Store IT (mssql)	UNKNOWN STEP	2025-08-12T09:12:56.9407443Z ##[endgroup]
Store IT (mssql)	UNKNOWN STEP	2025-08-12T09:12:56.9407968Z ##[group]Runner Image
Store IT (mssql)	UNKNOWN STEP	2025-08-12T09:12:56.9408590Z Image: ubuntu-24.04
Store IT (mssql)	UNKNOWN STEP	2025-08-12T09:12:56.9409097Z Version: 20250804.2.0
Store IT (mssql)	UNKNOWN STEP	2025-08-12T09:12:56.9410121Z Included Software: https://github.com/actions/runner-images/blob/ubuntu24/20250804.2/images/ubuntu/Ubuntu2404-Readme.md
Store IT (mssql)	UNKNOWN STEP	2025-08-12T09:12:56.9411652Z Image Release: https://github.com/actions/runner-images/releases/tag/ubuntu24%2F20250804.2
Store IT (mssql)	UNKNOWN STEP	2025-08-12T09:12:56.9412895Z ##[endgroup]
Store IT (mssql)	UNKNOWN STEP	2025-08-12T09:12:56.9413888Z ##[group]GITHUB_TOKEN Permissions
Store IT (mssql)	UNKNOWN STEP	2025-08-12T09:12:56.9415906Z Contents: read
Store IT (mssql)	UNKNOWN STEP	2025-08-12T09:12:56.9416637Z Metadata: read
Store IT (mssql)	UNKNOWN STEP	2025-08-12T09:12:56.9417114Z ##[endgroup]
Store IT (mssql)	UNKNOWN STEP	2025-08-12T09:12:56.9419070Z Secret source: None
Store IT (mssql)	UNKNOWN STEP	2025-08-12T09:12:56.9420140Z Prepare workflow directory
Store IT (mssql)	UNKNOWN STEP	2025-08-12T09:12:56.9808409Z Prepare all required actions
Store IT (mssql)	UNKNOWN STEP	2025-08-12T09:12:56.9846345Z Getting action download info
Store IT (mssql)	UNKNOWN STEP	2025-08-12T09:12:57.2664127Z Download action repository 'actions/checkout@11bd71901bbe5b1630ceea73d27597364c9af683' (SHA:11bd71901bbe5b1630ceea73d27597364c9af683)
Store IT (mssql)	UNKNOWN STEP	2025-08-12T09:12:57.4439209Z Complete job name: Store IT (mssql)
Store IT (mssql)	UNKNOWN STEP	2025-08-12T09:12:57.5125552Z ##[group]Run actions/checkout@11bd71901bbe5b1630ceea73d27597364c9af683
Store IT (mssql)	UNKNOWN STEP	2025-08-12T09:12:57.5126528Z with:
Store IT (mssql)	UNKNOWN STEP	2025-08-12T09:12:57.5126930Z   repository: keycloak/keycloak
Store IT (mssql)	UNKNOWN STEP	2025-08-12T09:12:57.5127562Z   token: ***
Store IT (mssql)	UNKNOWN STEP	2025-08-12T09:12:57.5127941Z   ssh-strict: true
Store IT (mssql)	UNKNOWN STEP	2025-08-12T09:12:57.5128335Z   ssh-user: git
Store IT (mssql)	UNKNOWN STEP	2025-08-12T09:12:57.5128723Z   persist-credentials: true
Store IT (mssql)	UNKNOWN STEP	2025-08-12T09:12:57.5129191Z   clean: true
Store IT (mssql)	UNKNOWN STEP	2025-08-12T09:12:57.5129581Z   sparse-checkout-cone-mode: true
Store IT (mssql)	UNKNOWN STEP	2025-08-12T09:12:57.5130044Z   fetch-depth: 1
Store IT (mssql)	UNKNOWN STEP	2025-08-12T09:12:57.5130425Z   fetch-tags: false
Store IT (mssql)	UNKNOWN STEP	2025-08-12T09:12:57.5130829Z   show-progress: true
Store IT (mssql)	UNKNOWN STEP	2025-08-12T09:12:57.5131219Z   lfs: false
Store IT (mssql)	UNKNOWN STEP	2025-08-12T09:12:57.5131582Z   submodules: false
Store IT (mssql)	UNKNOWN STEP	2025-08-12T09:12:57.5131975Z   set-safe-directory: true
Store IT (mssql)	UNKNOWN STEP	2025-08-12T09:12:57.5132586Z env:
Store IT (mssql)	UNKNOWN STEP	2025-08-12T09:12:57.5133356Z   MAVEN_ARGS: -B -nsu -Daether.connector.http.connectionMaxTtl=25
Store IT (mssql)	UNKNOWN STEP	2025-08-12T09:12:57.5134004Z   SUREFIRE_RERUN_FAILING_COUNT: 2
Store IT (mssql)	UNKNOWN STEP	2025-08-12T09:12:57.5134589Z   SUREFIRE_RETRY: -Dsurefire.rerunFailingTestsCount=2
Store IT (mssql)	UNKNOWN STEP	2025-08-12T09:12:57.5135155Z ##[endgroup]
Store IT (mssql)	UNKNOWN STEP	2025-08-12T09:12:57.6190604Z Syncing repository: keycloak/keycloak
Store IT (mssql)	UNKNOWN STEP	2025-08-12T09:12:57.6192245Z ##[group]Getting Git version info
Store IT (mssql)	UNKNOWN STEP	2025-08-12T09:12:57.6193252Z Working directory is '/home/runner/work/keycloak/keycloak'
Store IT (mssql)	UNKNOWN STEP	2025-08-12T09:12:57.6194230Z [command]/usr/bin/git version
Store IT (mssql)	UNKNOWN STEP	2025-08-12T09:12:57.6319758Z git version 2.50.1
Store IT (mssql)	UNKNOWN STEP	2025-08-12T09:12:57.6346500Z ##[endgroup]
Store IT (mssql)	UNKNOWN STEP	2025-08-12T09:12:57.6362074Z Temporarily overriding HOME='/home/runner/work/_temp/48dfce53-7b1f-4853-81e2-10a1da75020c' before making global git config changes
Store IT (mssql)	UNKNOWN STEP	2025-08-12T09:12:57.6364645Z Adding repository directory to the temporary git global config as a safe directory
Store IT (mssql)	UNKNOWN STEP	2025-08-12T09:12:57.6368645Z [command]/usr/bin/git config --global --add safe.directory /home/runner/work/keycloak/keycloak
Store IT (mssql)	UNKNOWN STEP	2025-08-12T09:12:57.6406591Z Deleting the contents of '/home/runner/work/keycloak/keycloak'
Store IT (mssql)	UNKNOWN STEP	2025-08-12T09:12:57.6410414Z ##[group]Initializing the repository
Store IT (mssql)	UNKNOWN STEP	2025-08-12T09:12:57.6415347Z [command]/usr/bin/git init /home/runner/work/keycloak/keycloak
Store IT (mssql)	UNKNOWN STEP	2025-08-12T09:12:57.6512643Z hint: Using 'master' as the name for the initial branch. This default branch name
Store IT (mssql)	UNKNOWN STEP	2025-08-12T09:12:57.6514170Z hint: is subject to change. To configure the initial branch name to use in all
Store IT (mssql)	UNKNOWN STEP	2025-08-12T09:12:57.6515072Z hint: of your new repositories, which will suppress this warning, call:
Store IT (mssql)	UNKNOWN STEP	2025-08-12T09:12:57.6516005Z hint:
Store IT (mssql)	UNKNOWN STEP	2025-08-12T09:12:57.6516473Z hint: 	git config --global init.defaultBranch <name>
Store IT (mssql)	UNKNOWN STEP	2025-08-12T09:12:57.6517020Z hint:
Store IT (mssql)	UNKNOWN STEP	2025-08-12T09:12:57.6517681Z hint: Names commonly chosen instead of 'master' are 'main', 'trunk' and
Store IT (mssql)	UNKNOWN STEP	2025-08-12T09:12:57.6518536Z hint: 'development'. The just-created branch can be renamed via this command:
Store IT (mssql)	UNKNOWN STEP	2025-08-12T09:12:57.6519208Z hint:
Store IT (mssql)	UNKNOWN STEP	2025-08-12T09:12:57.6519863Z hint: 	git branch -m <name>
Store IT (mssql)	UNKNOWN STEP	2025-08-12T09:12:57.6520634Z hint:
Store IT (mssql)	UNKNOWN STEP	2025-08-12T09:12:57.6521251Z hint: Disable this message with "git config set advice.defaultBranchName false"
Store IT (mssql)	UNKNOWN STEP	2025-08-12T09:12:57.6522996Z Initialized empty Git repository in /home/runner/work/keycloak/keycloak/.git/
Store IT (mssql)	UNKNOWN STEP	2025-08-12T09:12:57.6533547Z [command]/usr/bin/git remote add origin https://github.com/keycloak/keycloak
Store IT (mssql)	UNKNOWN STEP	2025-08-12T09:12:57.6591621Z ##[endgroup]
Store IT (mssql)	UNKNOWN STEP	2025-08-12T09:12:57.6593014Z ##[group]Disabling automatic garbage collection
Store IT (mssql)	UNKNOWN STEP	2025-08-12T09:12:57.6596686Z [command]/usr/bin/git config --local gc.auto 0
Store IT (mssql)	UNKNOWN STEP	2025-08-12T09:12:57.6626955Z ##[endgroup]
Store IT (mssql)	UNKNOWN STEP	2025-08-12T09:12:57.6628144Z ##[group]Setting up auth
Store IT (mssql)	UNKNOWN STEP	2025-08-12T09:12:57.6634468Z [command]/usr/bin/git config --local --name-only --get-regexp core\.sshCommand
Store IT (mssql)	UNKNOWN STEP	2025-08-12T09:12:57.6665490Z [command]/usr/bin/git submodule foreach --recursive sh -c "git config --local --name-only --get-regexp 'core\.sshCommand' && git config --local --unset-all 'core.sshCommand' || :"
Store IT (mssql)	UNKNOWN STEP	2025-08-12T09:12:57.6998978Z [command]/usr/bin/git config --local --name-only --get-regexp http\.https\:\/\/github\.com\/\.extraheader
Store IT (mssql)	UNKNOWN STEP	2025-08-12T09:12:57.7031885Z [command]/usr/bin/git submodule foreach --recursive sh -c "git config --local --name-only --get-regexp 'http\.https\:\/\/github\.com\/\.extraheader' && git config --local --unset-all 'http.https://github.com/.extraheader' || :"
Store IT (mssql)	UNKNOWN STEP	2025-08-12T09:12:57.7251312Z [command]/usr/bin/git config --local http.https://github.com/.extraheader AUTHORIZATION: basic ***
Store IT (mssql)	UNKNOWN STEP	2025-08-12T09:12:57.7285360Z ##[endgroup]
Store IT (mssql)	UNKNOWN STEP	2025-08-12T09:12:57.7286164Z ##[group]Fetching the repository
Store IT (mssql)	UNKNOWN STEP	2025-08-12T09:12:57.7294721Z [command]/usr/bin/git -c protocol.version=2 fetch --no-tags --prune --no-recurse-submodules --depth=1 origin +e8cca658027d50ff6b5a69e0c2a37885c7c4ba64:refs/remotes/pull/41660/merge
Store IT (mssql)	UNKNOWN STEP	2025-08-12T09:13:00.9289062Z From https://github.com/keycloak/keycloak
Store IT (mssql)	UNKNOWN STEP	2025-08-12T09:13:00.9290487Z  * [new ref]         e8cca658027d50ff6b5a69e0c2a37885c7c4ba64 -> pull/41660/merge
Store IT (mssql)	UNKNOWN STEP	2025-08-12T09:13:00.9316496Z ##[endgroup]
Store IT (mssql)	UNKNOWN STEP	2025-08-12T09:13:00.9317780Z ##[group]Determining the checkout info
Store IT (mssql)	UNKNOWN STEP	2025-08-12T09:13:00.9319212Z ##[endgroup]
Store IT (mssql)	UNKNOWN STEP	2025-08-12T09:13:00.9323459Z [command]/usr/bin/git sparse-checkout disable
Store IT (mssql)	UNKNOWN STEP	2025-08-12T09:13:00.9362511Z [command]/usr/bin/git config --local --unset-all extensions.worktreeConfig
Store IT (mssql)	UNKNOWN STEP	2025-08-12T09:13:00.9390252Z ##[group]Checking out the ref
Store IT (mssql)	UNKNOWN STEP	2025-08-12T09:13:00.9393219Z [command]/usr/bin/git checkout --progress --force refs/remotes/pull/41660/merge
Store IT (mssql)	UNKNOWN STEP	2025-08-12T09:13:01.7271033Z Note: switching to 'refs/remotes/pull/41660/merge'.
Store IT (mssql)	UNKNOWN STEP	2025-08-12T09:13:01.7271885Z 
Store IT (mssql)	UNKNOWN STEP	2025-08-12T09:13:01.7272314Z You are in 'detached HEAD' state. You can look around, make experimental
Store IT (mssql)	UNKNOWN STEP	2025-08-12T09:13:01.7273331Z changes and commit them, and you can discard any commits you make in this
Store IT (mssql)	UNKNOWN STEP	2025-08-12T09:13:01.7274108Z state without impacting any branches by switching back to a branch.
Store IT (mssql)	UNKNOWN STEP	2025-08-12T09:13:01.7274563Z 
Store IT (mssql)	UNKNOWN STEP	2025-08-12T09:13:01.7274877Z If you want to create a new branch to retain commits you create, you may
Store IT (mssql)	UNKNOWN STEP	2025-08-12T09:13:01.7275569Z do so (now or later) by using -c with the switch command. Example:
Store IT (mssql)	UNKNOWN STEP	2025-08-12T09:13:01.7275961Z 
Store IT (mssql)	UNKNOWN STEP	2025-08-12T09:13:01.7276148Z   git switch -c <new-branch-name>
Store IT (mssql)	UNKNOWN STEP	2025-08-12T09:13:01.7276436Z 
Store IT (mssql)	UNKNOWN STEP	2025-08-12T09:13:01.7277609Z Or undo this operation with:
Store IT (mssql)	UNKNOWN STEP	2025-08-12T09:13:01.7277898Z 
Store IT (mssql)	UNKNOWN STEP	2025-08-12T09:13:01.7278077Z   git switch -
Store IT (mssql)	UNKNOWN STEP	2025-08-12T09:13:01.7278316Z 
Store IT (mssql)	UNKNOWN STEP	2025-08-12T09:13:01.7278730Z Turn off this advice by setting config variable advice.detachedHead to false
Store IT (mssql)	UNKNOWN STEP	2025-08-12T09:13:01.7279201Z 
Store IT (mssql)	UNKNOWN STEP	2025-08-12T09:13:01.7279795Z HEAD is now at e8cca65 Merge c56d85e02ba18777cc2c11b151ddc6b58c192767 into 7d8144f433d35d91a3abc61b89fc5286f391070b
Store IT (mssql)	UNKNOWN STEP	2025-08-12T09:13:01.7307716Z ##[endgroup]
Store IT (mssql)	UNKNOWN STEP	2025-08-12T09:13:01.7352318Z [command]/usr/bin/git log -1 --format=%H
Store IT (mssql)	UNKNOWN STEP	2025-08-12T09:13:01.7376226Z e8cca658027d50ff6b5a69e0c2a37885c7c4ba64
Store IT (mssql)	UNKNOWN STEP	2025-08-12T09:13:01.7625797Z Prepare all required actions
Store IT (mssql)	UNKNOWN STEP	2025-08-12T09:13:01.7626515Z Getting action download info
Store IT (mssql)	UNKNOWN STEP	2025-08-12T09:13:01.9157151Z Download action repository 'actions/download-artifact@d3f86a106a0bac45b974a628896c90dbdf5c8093' (SHA:d3f86a106a0bac45b974a628896c90dbdf5c8093)
Store IT (mssql)	UNKNOWN STEP	2025-08-12T09:13:02.2126510Z ##[group]Run ./.github/actions/integration-test-setup
Store IT (mssql)	UNKNOWN STEP	2025-08-12T09:13:02.2126861Z with:
Store IT (mssql)	UNKNOWN STEP	2025-08-12T09:13:02.2127071Z   jdk-dist: temurin
Store IT (mssql)	UNKNOWN STEP	2025-08-12T09:13:02.2127289Z   jdk-version: 21
Store IT (mssql)	UNKNOWN STEP	2025-08-12T09:13:02.2127517Z env:
Store IT (mssql)	UNKNOWN STEP	2025-08-12T09:13:02.2127804Z   MAVEN_ARGS: -B -nsu -Daether.connector.http.connectionMaxTtl=25
Store IT (mssql)	UNKNOWN STEP	2025-08-12T09:13:02.2128183Z   SUREFIRE_RERUN_FAILING_COUNT: 2
Store IT (mssql)	UNKNOWN STEP	2025-08-12T09:13:02.2128500Z   SUREFIRE_RETRY: -Dsurefire.rerunFailingTestsCount=2
Store IT (mssql)	UNKNOWN STEP	2025-08-12T09:13:02.2128836Z ##[endgroup]
Store IT (mssql)	UNKNOWN STEP	2025-08-12T09:13:02.2216408Z Prepare all required actions
Store IT (mssql)	UNKNOWN STEP	2025-08-12T09:13:02.2252028Z ##[group]Run ./.github/actions/update-hosts
Store IT (mssql)	UNKNOWN STEP	2025-08-12T09:13:02.2252333Z env:
Store IT (mssql)	UNKNOWN STEP	2025-08-12T09:13:02.2252670Z   MAVEN_ARGS: -B -nsu -Daether.connector.http.connectionMaxTtl=25
Store IT (mssql)	UNKNOWN STEP	2025-08-12T09:13:02.2253199Z   SUREFIRE_RERUN_FAILING_COUNT: 2
Store IT (mssql)	UNKNOWN STEP	2025-08-12T09:13:02.2253518Z   SUREFIRE_RETRY: -Dsurefire.rerunFailingTestsCount=2
Store IT (mssql)	UNKNOWN STEP	2025-08-12T09:13:02.2253830Z ##[endgroup]
Store IT (mssql)	UNKNOWN STEP	2025-08-12T09:13:02.2371745Z ##[group]Run printf "\n\n$(cat .github/actions/update-hosts/hosts)" | sudo tee -a /etc/hosts
Store IT (mssql)	UNKNOWN STEP	2025-08-12T09:13:02.2372468Z [36;1mprintf "\n\n$(cat .github/actions/update-hosts/hosts)" | sudo tee -a /etc/hosts[0m
Store IT (mssql)	UNKNOWN STEP	2025-08-12T09:13:02.2453304Z shell: /usr/bin/bash --noprofile --norc -e -o pipefail {0}
Store IT (mssql)	UNKNOWN STEP	2025-08-12T09:13:02.2453682Z env:
Store IT (mssql)	UNKNOWN STEP	2025-08-12T09:13:02.2453989Z   MAVEN_ARGS: -B -nsu -Daether.connector.http.connectionMaxTtl=25
Store IT (mssql)	UNKNOWN STEP	2025-08-12T09:13:02.2454369Z   SUREFIRE_RERUN_FAILING_COUNT: 2
Store IT (mssql)	UNKNOWN STEP	2025-08-12T09:13:02.2454711Z   SUREFIRE_RETRY: -Dsurefire.rerunFailingTestsCount=2
Store IT (mssql)	UNKNOWN STEP	2025-08-12T09:13:02.2455021Z ##[endgroup]
Store IT (mssql)	UNKNOWN STEP	2025-08-12T09:13:02.2603276Z 
Store IT (mssql)	UNKNOWN STEP	2025-08-12T09:13:02.2614561Z 
Store IT (mssql)	UNKNOWN STEP	2025-08-12T09:13:02.2615470Z 127.0.0.1 localtest.me admin.localtest.me localhost-myapp.localtest.me localhost-sso.localtest.me realmFrontend.localtest.me proxy.kc.localtest.me
Store IT (mssql)	UNKNOWN STEP	2025-08-12T09:13:02.2619541Z ::1 localtest.me admin.localtest.me localhost-myapp.localtest.me localhost-sso.localtest.me realmFrontend.localtest.me proxy.kc.localtest.me
Store IT (mssql)	UNKNOWN STEP	2025-08-12T09:13:02.2667352Z Prepare all required actions
Store IT (mssql)	UNKNOWN STEP	2025-08-12T09:13:02.2667666Z Getting action download info
Store IT (mssql)	UNKNOWN STEP	2025-08-12T09:13:02.3954303Z Download action repository 'actions/setup-java@c5195efecf7bdfc987ee8bae7a71cb8b11521c00' (SHA:c5195efecf7bdfc987ee8bae7a71cb8b11521c00)
Store IT (mssql)	UNKNOWN STEP	2025-08-12T09:13:02.8376270Z ##[group]Run ./.github/actions/java-setup
Store IT (mssql)	UNKNOWN STEP	2025-08-12T09:13:02.8376535Z with:
Store IT (mssql)	UNKNOWN STEP	2025-08-12T09:13:02.8376708Z   distribution: temurin
Store IT (mssql)	UNKNOWN STEP	2025-08-12T09:13:02.8376892Z   java-version: 21
Store IT (mssql)	UNKNOWN STEP	2025-08-12T09:13:02.8377072Z env:
Store IT (mssql)	UNKNOWN STEP	2025-08-12T09:13:02.8377321Z   MAVEN_ARGS: -B -nsu -Daether.connector.http.connectionMaxTtl=25
Store IT (mssql)	UNKNOWN STEP	2025-08-12T09:13:02.8377656Z   SUREFIRE_RERUN_FAILING_COUNT: 2
Store IT (mssql)	UNKNOWN STEP	2025-08-12T09:13:02.8377947Z   SUREFIRE_RETRY: -Dsurefire.rerunFailingTestsCount=2
Store IT (mssql)	UNKNOWN STEP	2025-08-12T09:13:02.8378226Z ##[endgroup]
Store IT (mssql)	UNKNOWN STEP	2025-08-12T09:13:02.8454480Z ##[group]Run actions/setup-java@c5195efecf7bdfc987ee8bae7a71cb8b11521c00
Store IT (mssql)	UNKNOWN STEP	2025-08-12T09:13:02.8454816Z with:
Store IT (mssql)	UNKNOWN STEP	2025-08-12T09:13:02.8454985Z   distribution: temurin
Store IT (mssql)	UNKNOWN STEP	2025-08-12T09:13:02.8455169Z   java-version: 21
Store IT (mssql)	UNKNOWN STEP	2025-08-12T09:13:02.8455347Z   java-package: jdk
Store IT (mssql)	UNKNOWN STEP	2025-08-12T09:13:02.8455539Z   check-latest: false
Store IT (mssql)	UNKNOWN STEP	2025-08-12T09:13:02.8455731Z   server-id: github
Store IT (mssql)	UNKNOWN STEP	2025-08-12T09:13:02.8455914Z   server-username: GITHUB_ACTOR
Store IT (mssql)	UNKNOWN STEP	2025-08-12T09:13:02.8456134Z   server-password: GITHUB_TOKEN
Store IT (mssql)	UNKNOWN STEP	2025-08-12T09:13:02.8456353Z   overwrite-settings: true
Store IT (mssql)	UNKNOWN STEP	2025-08-12T09:13:02.8456549Z   job-status: success
Store IT (mssql)	UNKNOWN STEP	2025-08-12T09:13:02.8456838Z   token: ***
Store IT (mssql)	UNKNOWN STEP	2025-08-12T09:13:02.8456991Z env:
Store IT (mssql)	UNKNOWN STEP	2025-08-12T09:13:02.8457404Z   MAVEN_ARGS: -B -nsu -Daether.connector.http.connectionMaxTtl=25
Store IT (mssql)	UNKNOWN STEP	2025-08-12T09:13:02.8457727Z   SUREFIRE_RERUN_FAILING_COUNT: 2
Store IT (mssql)	UNKNOWN STEP	2025-08-12T09:13:02.8458003Z   SUREFIRE_RETRY: -Dsurefire.rerunFailingTestsCount=2
Store IT (mssql)	UNKNOWN STEP	2025-08-12T09:13:02.8458457Z ##[endgroup]
Store IT (mssql)	UNKNOWN STEP	2025-08-12T09:13:03.0442649Z ##[group]Installed distributions
Store IT (mssql)	UNKNOWN STEP	2025-08-12T09:13:03.0505964Z Resolved Java 21.0.8+9 from tool-cache
Store IT (mssql)	UNKNOWN STEP	2025-08-12T09:13:03.0506439Z Setting Java 21.0.8+9 as the default
Store IT (mssql)	UNKNOWN STEP	2025-08-12T09:13:03.0527000Z Creating toolchains.xml for JDK version 21 from temurin
Store IT (mssql)	UNKNOWN STEP	2025-08-12T09:13:03.0652652Z Writing to /home/runner/.m2/toolchains.xml
Store IT (mssql)	UNKNOWN STEP	2025-08-12T09:13:03.0653832Z 
Store IT (mssql)	UNKNOWN STEP	2025-08-12T09:13:03.0654089Z Java configuration:
Store IT (mssql)	UNKNOWN STEP	2025-08-12T09:13:03.0654506Z   Distribution: temurin
Store IT (mssql)	UNKNOWN STEP	2025-08-12T09:13:03.0654913Z   Version: 21.0.8+9
Store IT (mssql)	UNKNOWN STEP	2025-08-12T09:13:03.0655495Z   Path: /opt/hostedtoolcache/Java_Temurin-Hotspot_jdk/21.0.8-9/x64
Store IT (mssql)	UNKNOWN STEP	2025-08-12T09:13:03.0663817Z 
Store IT (mssql)	UNKNOWN STEP	2025-08-12T09:13:03.0664308Z ##[endgroup]
Store IT (mssql)	UNKNOWN STEP	2025-08-12T09:13:03.0675565Z Creating settings.xml with server-id: github
Store IT (mssql)	UNKNOWN STEP	2025-08-12T09:13:03.0682380Z Writing to /home/runner/.m2/settings.xml
Store IT (mssql)	UNKNOWN STEP	2025-08-12T09:13:03.0813265Z Prepare all required actions
Store IT (mssql)	UNKNOWN STEP	2025-08-12T09:13:03.0813560Z Getting action download info
Store IT (mssql)	UNKNOWN STEP	2025-08-12T09:13:03.2665273Z Download action repository 'actions/cache@5a3ec84eff668545956fd18022155c47e93e2684' (SHA:5a3ec84eff668545956fd18022155c47e93e2684)
Store IT (mssql)	UNKNOWN STEP	2025-08-12T09:13:03.4378880Z ##[group]Run ./.github/actions/maven-cache
Store IT (mssql)	UNKNOWN STEP	2025-08-12T09:13:03.4379143Z with:
Store IT (mssql)	UNKNOWN STEP	2025-08-12T09:13:03.4379333Z   create-cache-if-it-doesnt-exist: false
Store IT (mssql)	UNKNOWN STEP	2025-08-12T09:13:03.4379575Z env:
Store IT (mssql)	UNKNOWN STEP	2025-08-12T09:13:03.4379825Z   MAVEN_ARGS: -B -nsu -Daether.connector.http.connectionMaxTtl=25
Store IT (mssql)	UNKNOWN STEP	2025-08-12T09:13:03.4380163Z   SUREFIRE_RERUN_FAILING_COUNT: 2
Store IT (mssql)	UNKNOWN STEP	2025-08-12T09:13:03.4380442Z   SUREFIRE_RETRY: -Dsurefire.rerunFailingTestsCount=2
Store IT (mssql)	UNKNOWN STEP	2025-08-12T09:13:03.4380821Z   JAVA_HOME: /opt/hostedtoolcache/Java_Temurin-Hotspot_jdk/21.0.8-9/x64
Store IT (mssql)	UNKNOWN STEP	2025-08-12T09:13:03.4381250Z   JAVA_HOME_21_X64: /opt/hostedtoolcache/Java_Temurin-Hotspot_jdk/21.0.8-9/x64
Store IT (mssql)	UNKNOWN STEP	2025-08-12T09:13:03.4381590Z ##[endgroup]
Store IT (mssql)	UNKNOWN STEP	2025-08-12T09:13:03.4400372Z ##[group]Run echo "key=mvn-`date -u "+%Y-%U"`" >> $GITHUB_OUTPUT
Store IT (mssql)	UNKNOWN STEP	2025-08-12T09:13:03.4400800Z [36;1mecho "key=mvn-`date -u "+%Y-%U"`" >> $GITHUB_OUTPUT[0m
Store IT (mssql)	UNKNOWN STEP	2025-08-12T09:13:03.4444517Z shell: /usr/bin/bash --noprofile --norc -e -o pipefail {0}
Store IT (mssql)	UNKNOWN STEP	2025-08-12T09:13:03.4444835Z env:
Store IT (mssql)	UNKNOWN STEP	2025-08-12T09:13:03.4445096Z   MAVEN_ARGS: -B -nsu -Daether.connector.http.connectionMaxTtl=25
Store IT (mssql)	UNKNOWN STEP	2025-08-12T09:13:03.4445441Z   SUREFIRE_RERUN_FAILING_COUNT: 2
Store IT (mssql)	UNKNOWN STEP	2025-08-12T09:13:03.4445720Z   SUREFIRE_RETRY: -Dsurefire.rerunFailingTestsCount=2
Store IT (mssql)	UNKNOWN STEP	2025-08-12T09:13:03.4446102Z   JAVA_HOME: /opt/hostedtoolcache/Java_Temurin-Hotspot_jdk/21.0.8-9/x64
Store IT (mssql)	UNKNOWN STEP	2025-08-12T09:13:03.4446537Z   JAVA_HOME_21_X64: /opt/hostedtoolcache/Java_Temurin-Hotspot_jdk/21.0.8-9/x64
Store IT (mssql)	UNKNOWN STEP	2025-08-12T09:13:03.4446865Z ##[endgroup]
Store IT (mssql)	UNKNOWN STEP	2025-08-12T09:13:03.4566642Z ##[group]Run actions/cache/restore@5a3ec84eff668545956fd18022155c47e93e2684
Store IT (mssql)	UNKNOWN STEP	2025-08-12T09:13:03.4566986Z with:
Store IT (mssql)	UNKNOWN STEP	2025-08-12T09:13:03.4567219Z   path: ~/.m2/repository/*/*
Store IT (mssql)	UNKNOWN STEP	!~/.m2/repository/org/keycloak
Store IT (mssql)	UNKNOWN STEP	
Store IT (mssql)	UNKNOWN STEP	2025-08-12T09:13:03.4592110Z   key: mvn-2025-32
Store IT (mssql)	UNKNOWN STEP	2025-08-12T09:13:03.4592460Z   enableCrossOsArchive: true
Store IT (mssql)	UNKNOWN STEP	2025-08-12T09:13:03.4593017Z   fail-on-cache-miss: false
Store IT (mssql)	UNKNOWN STEP	2025-08-12T09:13:03.4593301Z   lookup-only: false
Store IT (mssql)	UNKNOWN STEP	2025-08-12T09:13:03.4593514Z env:
Store IT (mssql)	UNKNOWN STEP	2025-08-12T09:13:03.4593798Z   MAVEN_ARGS: -B -nsu -Daether.connector.http.connectionMaxTtl=25
Store IT (mssql)	UNKNOWN STEP	2025-08-12T09:13:03.4594152Z   SUREFIRE_RERUN_FAILING_COUNT: 2
Store IT (mssql)	UNKNOWN STEP	2025-08-12T09:13:03.4594437Z   SUREFIRE_RETRY: -Dsurefire.rerunFailingTestsCount=2
Store IT (mssql)	UNKNOWN STEP	2025-08-12T09:13:03.4594846Z   JAVA_HOME: /opt/hostedtoolcache/Java_Temurin-Hotspot_jdk/21.0.8-9/x64
Store IT (mssql)	UNKNOWN STEP	2025-08-12T09:13:03.4595295Z   JAVA_HOME_21_X64: /opt/hostedtoolcache/Java_Temurin-Hotspot_jdk/21.0.8-9/x64
Store IT (mssql)	UNKNOWN STEP	2025-08-12T09:13:03.4595628Z ##[endgroup]
Store IT (mssql)	UNKNOWN STEP	2025-08-12T09:13:03.6618636Z Cache hit for: mvn-2025-32
Store IT (mssql)	UNKNOWN STEP	2025-08-12T09:13:04.7176571Z Received 222298112 of 676827099 (32.8%), 211.6 MBs/sec
Store IT (mssql)	UNKNOWN STEP	2025-08-12T09:13:05.7195032Z Received 478150656 of 676827099 (70.6%), 227.7 MBs/sec
Store IT (mssql)	UNKNOWN STEP	2025-08-12T09:13:06.5365618Z Received 676827099 of 676827099 (100.0%), 228.8 MBs/sec
Store IT (mssql)	UNKNOWN STEP	2025-08-12T09:13:06.5368363Z Cache Size: ~645 MB (676827099 B)
Store IT (mssql)	UNKNOWN STEP	2025-08-12T09:13:06.5408938Z [command]/usr/bin/tar -xf /home/runner/work/_temp/da08f8e1-0009-4450-bf2b-e94111630fb3/cache.tzst -P -C /home/runner/work/keycloak/keycloak --use-compress-program unzstd
Store IT (mssql)	UNKNOWN STEP	2025-08-12T09:13:08.4781285Z Cache restored successfully
Store IT (mssql)	UNKNOWN STEP	2025-08-12T09:13:08.6133604Z Cache restored from key: mvn-2025-32
Store IT (mssql)	UNKNOWN STEP	2025-08-12T09:13:08.6308995Z Prepare all required actions
Store IT (mssql)	UNKNOWN STEP	2025-08-12T09:13:08.6309437Z Getting action download info
Store IT (mssql)	UNKNOWN STEP	2025-08-12T09:13:08.7712254Z ##[group]Run ./.github/actions/node-cache
Store IT (mssql)	UNKNOWN STEP	2025-08-12T09:13:08.7712513Z env:
Store IT (mssql)	UNKNOWN STEP	2025-08-12T09:13:08.7712919Z   MAVEN_ARGS: -B -nsu -Daether.connector.http.connectionMaxTtl=25
Store IT (mssql)	UNKNOWN STEP	2025-08-12T09:13:08.7713258Z   SUREFIRE_RERUN_FAILING_COUNT: 2
Store IT (mssql)	UNKNOWN STEP	2025-08-12T09:13:08.7713544Z   SUREFIRE_RETRY: -Dsurefire.rerunFailingTestsCount=2
Store IT (mssql)	UNKNOWN STEP	2025-08-12T09:13:08.7713940Z   JAVA_HOME: /opt/hostedtoolcache/Java_Temurin-Hotspot_jdk/21.0.8-9/x64
Store IT (mssql)	UNKNOWN STEP	2025-08-12T09:13:08.7714380Z   JAVA_HOME_21_X64: /opt/hostedtoolcache/Java_Temurin-Hotspot_jdk/21.0.8-9/x64
Store IT (mssql)	UNKNOWN STEP	2025-08-12T09:13:08.7714711Z ##[endgroup]
Store IT (mssql)	UNKNOWN STEP	2025-08-12T09:13:08.7735630Z ##[group]Run echo "node=$(cat js/pom.xml | grep '<node.version>' | cut -d '>' -f 2 | cut -d '<' -f 1 | cut -c 2-)" >> $GITHUB_OUTPUT
Store IT (mssql)	UNKNOWN STEP	2025-08-12T09:13:08.7736309Z [36;1mecho "node=$(cat js/pom.xml | grep '<node.version>' | cut -d '>' -f 2 | cut -d '<' -f 1 | cut -c 2-)" >> $GITHUB_OUTPUT[0m
Store IT (mssql)	UNKNOWN STEP	2025-08-12T09:13:08.7736897Z [36;1mecho "pnpm=$(cat js/pom.xml | grep '<pnpm.version>' | cut -d '>' -f 2 | cut -d '<' -f 1 | cut -c 1-)" >> $GITHUB_OUTPUT[0m
Store IT (mssql)	UNKNOWN STEP	2025-08-12T09:13:08.7776250Z shell: /usr/bin/bash --noprofile --norc -e -o pipefail {0}
Store IT (mssql)	UNKNOWN STEP	2025-08-12T09:13:08.7776552Z env:
Store IT (mssql)	UNKNOWN STEP	2025-08-12T09:13:08.7776803Z   MAVEN_ARGS: -B -nsu -Daether.connector.http.connectionMaxTtl=25
Store IT (mssql)	UNKNOWN STEP	2025-08-12T09:13:08.7777136Z   SUREFIRE_RERUN_FAILING_COUNT: 2
Store IT (mssql)	UNKNOWN STEP	2025-08-12T09:13:08.7777413Z   SUREFIRE_RETRY: -Dsurefire.rerunFailingTestsCount=2
Store IT (mssql)	UNKNOWN STEP	2025-08-12T09:13:08.7777798Z   JAVA_HOME: /opt/hostedtoolcache/Java_Temurin-Hotspot_jdk/21.0.8-9/x64
Store IT (mssql)	UNKNOWN STEP	2025-08-12T09:13:08.7778239Z   JAVA_HOME_21_X64: /opt/hostedtoolcache/Java_Temurin-Hotspot_jdk/21.0.8-9/x64
Store IT (mssql)	UNKNOWN STEP	2025-08-12T09:13:08.7778567Z ##[endgroup]
Store IT (mssql)	UNKNOWN STEP	2025-08-12T09:13:08.7968703Z ##[group]Run actions/cache@5a3ec84eff668545956fd18022155c47e93e2684
Store IT (mssql)	UNKNOWN STEP	2025-08-12T09:13:08.7969031Z with:
Store IT (mssql)	UNKNOWN STEP	2025-08-12T09:13:08.7969377Z   path: ~/.m2/repository/com/github/eirslett/node
Store IT (mssql)	UNKNOWN STEP	~/.m2/repository/com/github/eirslett/pnpm
Store IT (mssql)	UNKNOWN STEP	
Store IT (mssql)	UNKNOWN STEP	2025-08-12T09:13:08.7969853Z   key: Linux-frontend-plugin-artifacts-22.18.0-10.14.0
Store IT (mssql)	UNKNOWN STEP	2025-08-12T09:13:08.7970158Z   enableCrossOsArchive: false
Store IT (mssql)	UNKNOWN STEP	2025-08-12T09:13:08.7970393Z   fail-on-cache-miss: false
Store IT (mssql)	UNKNOWN STEP	2025-08-12T09:13:08.7970592Z   lookup-only: false
Store IT (mssql)	UNKNOWN STEP	2025-08-12T09:13:08.7970774Z   save-always: false
Store IT (mssql)	UNKNOWN STEP	2025-08-12T09:13:08.7970948Z env:
Store IT (mssql)	UNKNOWN STEP	2025-08-12T09:13:08.7971194Z   MAVEN_ARGS: -B -nsu -Daether.connector.http.connectionMaxTtl=25
Store IT (mssql)	UNKNOWN STEP	2025-08-12T09:13:08.7971523Z   SUREFIRE_RERUN_FAILING_COUNT: 2
Store IT (mssql)	UNKNOWN STEP	2025-08-12T09:13:08.7971799Z   SUREFIRE_RETRY: -Dsurefire.rerunFailingTestsCount=2
Store IT (mssql)	UNKNOWN STEP	2025-08-12T09:13:08.7972188Z   JAVA_HOME: /opt/hostedtoolcache/Java_Temurin-Hotspot_jdk/21.0.8-9/x64
Store IT (mssql)	UNKNOWN STEP	2025-08-12T09:13:08.7972608Z   JAVA_HOME_21_X64: /opt/hostedtoolcache/Java_Temurin-Hotspot_jdk/21.0.8-9/x64
Store IT (mssql)	UNKNOWN STEP	2025-08-12T09:13:08.7973191Z ##[endgroup]
Store IT (mssql)	UNKNOWN STEP	2025-08-12T09:13:09.0316532Z Cache hit for: Linux-frontend-plugin-artifacts-22.18.0-10.14.0
Store IT (mssql)	UNKNOWN STEP	2025-08-12T09:13:10.0421425Z Received 177528333 of 177528333 (100.0%), 177.8 MBs/sec
Store IT (mssql)	UNKNOWN STEP	2025-08-12T09:13:10.0422264Z Cache Size: ~169 MB (177528333 B)
Store IT (mssql)	UNKNOWN STEP	2025-08-12T09:13:10.0459357Z [command]/usr/bin/tar -xf /home/runner/work/_temp/790de480-33a6-4057-a94b-7f7ca7040229/cache.tzst -P -C /home/runner/work/keycloak/keycloak --use-compress-program unzstd
Store IT (mssql)	UNKNOWN STEP	2025-08-12T09:13:10.5775703Z Cache restored successfully
Store IT (mssql)	UNKNOWN STEP	2025-08-12T09:13:10.6229684Z Cache restored from key: Linux-frontend-plugin-artifacts-22.18.0-10.14.0
Store IT (mssql)	UNKNOWN STEP	2025-08-12T09:13:10.6369852Z Prepare all required actions
Store IT (mssql)	UNKNOWN STEP	2025-08-12T09:13:10.6370306Z Getting action download info
Store IT (mssql)	UNKNOWN STEP	2025-08-12T09:13:10.8487920Z ##[group]Run ./.github/actions/pnpm-store-cache
Store IT (mssql)	UNKNOWN STEP	2025-08-12T09:13:10.8488650Z env:
Store IT (mssql)	UNKNOWN STEP	2025-08-12T09:13:10.8489106Z   MAVEN_ARGS: -B -nsu -Daether.connector.http.connectionMaxTtl=25
Store IT (mssql)	UNKNOWN STEP	2025-08-12T09:13:10.8489704Z   SUREFIRE_RERUN_FAILING_COUNT: 2
Store IT (mssql)	UNKNOWN STEP	2025-08-12T09:13:10.8490410Z   SUREFIRE_RETRY: -Dsurefire.rerunFailingTestsCount=2
Store IT (mssql)	UNKNOWN STEP	2025-08-12T09:13:10.8491132Z   JAVA_HOME: /opt/hostedtoolcache/Java_Temurin-Hotspot_jdk/21.0.8-9/x64
Store IT (mssql)	UNKNOWN STEP	2025-08-12T09:13:10.8491917Z   JAVA_HOME_21_X64: /opt/hostedtoolcache/Java_Temurin-Hotspot_jdk/21.0.8-9/x64
Store IT (mssql)	UNKNOWN STEP	2025-08-12T09:13:10.8492498Z ##[endgroup]
Store IT (mssql)	UNKNOWN STEP	2025-08-12T09:13:10.8517421Z ##[group]Run echo "key=pnpm-store-`date -u "+%Y-%U"`" >> $GITHUB_OUTPUT
Store IT (mssql)	UNKNOWN STEP	2025-08-12T09:13:10.8518201Z [36;1mecho "key=pnpm-store-`date -u "+%Y-%U"`" >> $GITHUB_OUTPUT[0m
Store IT (mssql)	UNKNOWN STEP	2025-08-12T09:13:10.8575748Z shell: /usr/bin/bash --noprofile --norc -e -o pipefail {0}
Store IT (mssql)	UNKNOWN STEP	2025-08-12T09:13:10.8576313Z env:
Store IT (mssql)	UNKNOWN STEP	2025-08-12T09:13:10.8576800Z   MAVEN_ARGS: -B -nsu -Daether.connector.http.connectionMaxTtl=25
Store IT (mssql)	UNKNOWN STEP	2025-08-12T09:13:10.8577424Z   SUREFIRE_RERUN_FAILING_COUNT: 2
Store IT (mssql)	UNKNOWN STEP	2025-08-12T09:13:10.8577974Z   SUREFIRE_RETRY: -Dsurefire.rerunFailingTestsCount=2
Store IT (mssql)	UNKNOWN STEP	2025-08-12T09:13:10.8578688Z   JAVA_HOME: /opt/hostedtoolcache/Java_Temurin-Hotspot_jdk/21.0.8-9/x64
Store IT (mssql)	UNKNOWN STEP	2025-08-12T09:13:10.8579491Z   JAVA_HOME_21_X64: /opt/hostedtoolcache/Java_Temurin-Hotspot_jdk/21.0.8-9/x64
Store IT (mssql)	UNKNOWN STEP	2025-08-12T09:13:10.8580116Z ##[endgroup]
Store IT (mssql)	UNKNOWN STEP	2025-08-12T09:13:10.8719600Z ##[group]Run actions/cache@5a3ec84eff668545956fd18022155c47e93e2684
Store IT (mssql)	UNKNOWN STEP	2025-08-12T09:13:10.8720121Z with:
Store IT (mssql)	UNKNOWN STEP	2025-08-12T09:13:10.8720626Z   path: ~/.local/share/pnpm/store
Store IT (mssql)	UNKNOWN STEP	~/AppData/Local/pnpm/store
Store IT (mssql)	UNKNOWN STEP	~/Library/pnpm/store
Store IT (mssql)	UNKNOWN STEP	
Store IT (mssql)	UNKNOWN STEP	2025-08-12T09:13:10.8721274Z   key: Linux-pnpm-store-2025-32
Store IT (mssql)	UNKNOWN STEP	2025-08-12T09:13:10.8721671Z   enableCrossOsArchive: false
Store IT (mssql)	UNKNOWN STEP	2025-08-12T09:13:10.8722055Z   fail-on-cache-miss: false
Store IT (mssql)	UNKNOWN STEP	2025-08-12T09:13:10.8722409Z   lookup-only: false
Store IT (mssql)	UNKNOWN STEP	2025-08-12T09:13:10.8722888Z   save-always: false
Store IT (mssql)	UNKNOWN STEP	2025-08-12T09:13:10.8723196Z env:
Store IT (mssql)	UNKNOWN STEP	2025-08-12T09:13:10.8723626Z   MAVEN_ARGS: -B -nsu -Daether.connector.http.connectionMaxTtl=25
Store IT (mssql)	UNKNOWN STEP	2025-08-12T09:13:10.8724202Z   SUREFIRE_RERUN_FAILING_COUNT: 2
Store IT (mssql)	UNKNOWN STEP	2025-08-12T09:13:10.8724684Z   SUREFIRE_RETRY: -Dsurefire.rerunFailingTestsCount=2
Store IT (mssql)	UNKNOWN STEP	2025-08-12T09:13:10.8725343Z   JAVA_HOME: /opt/hostedtoolcache/Java_Temurin-Hotspot_jdk/21.0.8-9/x64
Store IT (mssql)	UNKNOWN STEP	2025-08-12T09:13:10.8726101Z   JAVA_HOME_21_X64: /opt/hostedtoolcache/Java_Temurin-Hotspot_jdk/21.0.8-9/x64
Store IT (mssql)	UNKNOWN STEP	2025-08-12T09:13:10.8726676Z ##[endgroup]
Store IT (mssql)	UNKNOWN STEP	2025-08-12T09:13:11.0778838Z Cache hit for: Linux-pnpm-store-2025-32
Store IT (mssql)	UNKNOWN STEP	2025-08-12T09:13:11.9045767Z Received 135389552 of 135389552 (100.0%), 166.8 MBs/sec
Store IT (mssql)	UNKNOWN STEP	2025-08-12T09:13:11.9047014Z Cache Size: ~129 MB (135389552 B)
Store IT (mssql)	UNKNOWN STEP	2025-08-12T09:13:11.9077873Z [command]/usr/bin/tar -xf /home/runner/work/_temp/a82a6baf-e2ce-4d10-8d09-006a0b6ca031/cache.tzst -P -C /home/runner/work/keycloak/keycloak --use-compress-program unzstd
Store IT (mssql)	UNKNOWN STEP	2025-08-12T09:13:14.7248665Z Cache restored successfully
Store IT (mssql)	UNKNOWN STEP	2025-08-12T09:13:14.7580165Z Cache restored from key: Linux-pnpm-store-2025-32
Store IT (mssql)	UNKNOWN STEP	2025-08-12T09:13:14.7723239Z ##[group]Run actions/download-artifact@d3f86a106a0bac45b974a628896c90dbdf5c8093
Store IT (mssql)	UNKNOWN STEP	2025-08-12T09:13:14.7723646Z with:
Store IT (mssql)	UNKNOWN STEP	2025-08-12T09:13:14.7723828Z   name: m2-keycloak.tzts
Store IT (mssql)	UNKNOWN STEP	2025-08-12T09:13:14.7724051Z   merge-multiple: false
Store IT (mssql)	UNKNOWN STEP	2025-08-12T09:13:14.7724267Z   repository: keycloak/keycloak
Store IT (mssql)	UNKNOWN STEP	2025-08-12T09:13:14.7724500Z   run-id: 16807448679
Store IT (mssql)	UNKNOWN STEP	2025-08-12T09:13:14.7724687Z env:
Store IT (mssql)	UNKNOWN STEP	2025-08-12T09:13:14.7724956Z   MAVEN_ARGS: -B -nsu -Daether.connector.http.connectionMaxTtl=25
Store IT (mssql)	UNKNOWN STEP	2025-08-12T09:13:14.7725312Z   SUREFIRE_RERUN_FAILING_COUNT: 2
Store IT (mssql)	UNKNOWN STEP	2025-08-12T09:13:14.7725604Z   SUREFIRE_RETRY: -Dsurefire.rerunFailingTestsCount=2
Store IT (mssql)	UNKNOWN STEP	2025-08-12T09:13:14.7726012Z   JAVA_HOME: /opt/hostedtoolcache/Java_Temurin-Hotspot_jdk/21.0.8-9/x64
Store IT (mssql)	UNKNOWN STEP	2025-08-12T09:13:14.7726464Z   JAVA_HOME_21_X64: /opt/hostedtoolcache/Java_Temurin-Hotspot_jdk/21.0.8-9/x64
Store IT (mssql)	UNKNOWN STEP	2025-08-12T09:13:14.7726806Z ##[endgroup]
Store IT (mssql)	UNKNOWN STEP	2025-08-12T09:13:14.9673225Z Downloading single artifact
Store IT (mssql)	UNKNOWN STEP	2025-08-12T09:13:15.1497955Z ##[error]Unable to download artifact(s): Artifact not found for name: m2-keycloak.tzts
Store IT (mssql)	UNKNOWN STEP	        Please ensure that your artifact is not expired and the artifact was uploaded using a compatible version of toolkit/upload-artifact.
Store IT (mssql)	UNKNOWN STEP	        For more information, visit the GitHub Artifacts FAQ: https://github.com/actions/toolkit/blob/main/packages/artifact/docs/faq.md
Store IT (mssql)	UNKNOWN STEP	2025-08-12T09:13:15.1602623Z Prepare all required actions
Store IT (mssql)	UNKNOWN STEP	2025-08-12T09:13:15.1603221Z Getting action download info
Store IT (mssql)	UNKNOWN STEP	2025-08-12T09:13:15.3495788Z Download action repository 'actions/upload-artifact@ea165f8d65b6e75b540449e92b4886f43607fa02' (SHA:ea165f8d65b6e75b540449e92b4886f43607fa02)
Store IT (mssql)	UNKNOWN STEP	2025-08-12T09:13:15.5008131Z ##[group]Run ./.github/actions/upload-heapdumps
Store IT (mssql)	UNKNOWN STEP	2025-08-12T09:13:15.5008416Z env:
Store IT (mssql)	UNKNOWN STEP	2025-08-12T09:13:15.5008699Z   MAVEN_ARGS: -B -nsu -Daether.connector.http.connectionMaxTtl=25
Store IT (mssql)	UNKNOWN STEP	2025-08-12T09:13:15.5009058Z   SUREFIRE_RERUN_FAILING_COUNT: 2
Store IT (mssql)	UNKNOWN STEP	2025-08-12T09:13:15.5009365Z   SUREFIRE_RETRY: -Dsurefire.rerunFailingTestsCount=2
Store IT (mssql)	UNKNOWN STEP	2025-08-12T09:13:15.5009781Z   JAVA_HOME: /opt/hostedtoolcache/Java_Temurin-Hotspot_jdk/21.0.8-9/x64
Store IT (mssql)	UNKNOWN STEP	2025-08-12T09:13:15.5010238Z   JAVA_HOME_21_X64: /opt/hostedtoolcache/Java_Temurin-Hotspot_jdk/21.0.8-9/x64
Store IT (mssql)	UNKNOWN STEP	2025-08-12T09:13:15.5010611Z ##[endgroup]
Store IT (mssql)	UNKNOWN STEP	2025-08-12T09:13:15.5039592Z ##[group]Run actions/upload-artifact@ea165f8d65b6e75b540449e92b4886f43607fa02
Store IT (mssql)	UNKNOWN STEP	2025-08-12T09:13:15.5039991Z with:
Store IT (mssql)	UNKNOWN STEP	2025-08-12T09:13:15.5040173Z   name: jvm-heap-dumps
Store IT (mssql)	UNKNOWN STEP	2025-08-12T09:13:15.5040414Z   path: '**/java_pid*.hprof'
Store IT (mssql)	UNKNOWN STEP	!distribution/**
Store IT (mssql)	UNKNOWN STEP	
Store IT (mssql)	UNKNOWN STEP	2025-08-12T09:13:15.5040696Z   if-no-files-found: ignore
Store IT (mssql)	UNKNOWN STEP	2025-08-12T09:13:15.5040927Z   compression-level: 6
Store IT (mssql)	UNKNOWN STEP	2025-08-12T09:13:15.5041133Z   overwrite: false
Store IT (mssql)	UNKNOWN STEP	2025-08-12T09:13:15.5041339Z   include-hidden-files: false
Store IT (mssql)	UNKNOWN STEP	2025-08-12T09:13:15.5041562Z env:
Store IT (mssql)	UNKNOWN STEP	2025-08-12T09:13:15.5041853Z   MAVEN_ARGS: -B -nsu -Daether.connector.http.connectionMaxTtl=25
Store IT (mssql)	UNKNOWN STEP	2025-08-12T09:13:15.5042201Z   SUREFIRE_RERUN_FAILING_COUNT: 2
Store IT (mssql)	UNKNOWN STEP	2025-08-12T09:13:15.5042491Z   SUREFIRE_RETRY: -Dsurefire.rerunFailingTestsCount=2
Store IT (mssql)	UNKNOWN STEP	2025-08-12T09:13:15.5043152Z   JAVA_HOME: /opt/hostedtoolcache/Java_Temurin-Hotspot_jdk/21.0.8-9/x64
Store IT (mssql)	UNKNOWN STEP	2025-08-12T09:13:15.5043617Z   JAVA_HOME_21_X64: /opt/hostedtoolcache/Java_Temurin-Hotspot_jdk/21.0.8-9/x64
Store IT (mssql)	UNKNOWN STEP	2025-08-12T09:13:15.5043966Z ##[endgroup]
Store IT (mssql)	UNKNOWN STEP	2025-08-12T09:13:15.7248943Z No files were found with the provided path: '**/java_pid*.hprof'
Store IT (mssql)	UNKNOWN STEP	2025-08-12T09:13:15.7249700Z !distribution/**. No artifacts will be uploaded.
Store IT (mssql)	UNKNOWN STEP	2025-08-12T09:13:15.7369986Z Prepare all required actions
Store IT (mssql)	UNKNOWN STEP	2025-08-12T09:13:15.7370348Z Getting action download info
Store IT (mssql)	UNKNOWN STEP	2025-08-12T09:13:15.8520636Z ##[group]Run ./.github/actions/archive-surefire-reports
Store IT (mssql)	UNKNOWN STEP	2025-08-12T09:13:15.8521054Z with:
Store IT (mssql)	UNKNOWN STEP	2025-08-12T09:13:15.8521380Z   job-id: store-integration-tests-mssql
Store IT (mssql)	UNKNOWN STEP	2025-08-12T09:13:15.8521933Z   release-branches: ["refs/heads/release/22.0","refs/heads/release/24.0","refs/heads/release/26.0"]
Store IT (mssql)	UNKNOWN STEP	2025-08-12T09:13:15.8522448Z   keep-days: 1
Store IT (mssql)	UNKNOWN STEP	2025-08-12T09:13:15.8522897Z env:
Store IT (mssql)	UNKNOWN STEP	2025-08-12T09:13:15.8523302Z   MAVEN_ARGS: -B -nsu -Daether.connector.http.connectionMaxTtl=25
Store IT (mssql)	UNKNOWN STEP	2025-08-12T09:13:15.8523769Z   SUREFIRE_RERUN_FAILING_COUNT: 2
Store IT (mssql)	UNKNOWN STEP	2025-08-12T09:13:15.8524193Z   SUREFIRE_RETRY: -Dsurefire.rerunFailingTestsCount=2
Store IT (mssql)	UNKNOWN STEP	2025-08-12T09:13:15.8524726Z   JAVA_HOME: /opt/hostedtoolcache/Java_Temurin-Hotspot_jdk/21.0.8-9/x64
Store IT (mssql)	UNKNOWN STEP	2025-08-12T09:13:15.8525312Z   JAVA_HOME_21_X64: /opt/hostedtoolcache/Java_Temurin-Hotspot_jdk/21.0.8-9/x64
Store IT (mssql)	UNKNOWN STEP	2025-08-12T09:13:15.8525777Z ##[endgroup]
Store IT (mssql)	UNKNOWN STEP	2025-08-12T09:13:15.8542018Z ##[group]Run echo "dirs<<EOF" >> $GITHUB_OUTPUT
Store IT (mssql)	UNKNOWN STEP	2025-08-12T09:13:15.8542360Z [36;1mecho "dirs<<EOF" >> $GITHUB_OUTPUT[0m
Store IT (mssql)	UNKNOWN STEP	2025-08-12T09:13:15.8542922Z [36;1mecho "$(find ~+ -type d -not -empty -name surefire-reports*)" >> $GITHUB_OUTPUT [0m
Store IT (mssql)	UNKNOWN STEP	2025-08-12T09:13:15.8543315Z [36;1mecho "EOF" >> $GITHUB_OUTPUT[0m
Store IT (mssql)	UNKNOWN STEP	2025-08-12T09:13:15.8582367Z shell: /usr/bin/bash --noprofile --norc -e -o pipefail {0}
Store IT (mssql)	UNKNOWN STEP	2025-08-12T09:13:15.8582785Z env:
Store IT (mssql)	UNKNOWN STEP	2025-08-12T09:13:15.8583072Z   MAVEN_ARGS: -B -nsu -Daether.connector.http.connectionMaxTtl=25
Store IT (mssql)	UNKNOWN STEP	2025-08-12T09:13:15.8583427Z   SUREFIRE_RERUN_FAILING_COUNT: 2
Store IT (mssql)	UNKNOWN STEP	2025-08-12T09:13:15.8583725Z   SUREFIRE_RETRY: -Dsurefire.rerunFailingTestsCount=2
Store IT (mssql)	UNKNOWN STEP	2025-08-12T09:13:15.8584138Z   JAVA_HOME: /opt/hostedtoolcache/Java_Temurin-Hotspot_jdk/21.0.8-9/x64
Store IT (mssql)	UNKNOWN STEP	2025-08-12T09:13:15.8584776Z   JAVA_HOME_21_X64: /opt/hostedtoolcache/Java_Temurin-Hotspot_jdk/21.0.8-9/x64
Store IT (mssql)	UNKNOWN STEP	2025-08-12T09:13:15.8585133Z ##[endgroup]
Store IT (mssql)	UNKNOWN STEP	2025-08-12T09:13:15.9277386Z Post job cleanup.
Store IT (mssql)	UNKNOWN STEP	2025-08-12T09:13:15.9321813Z Post job cleanup.
Store IT (mssql)	UNKNOWN STEP	2025-08-12T09:13:16.1037318Z Post job cleanup.
Store IT (mssql)	UNKNOWN STEP	2025-08-12T09:13:16.1994968Z [command]/usr/bin/git version
Store IT (mssql)	UNKNOWN STEP	2025-08-12T09:13:16.2042968Z git version 2.50.1
Store IT (mssql)	UNKNOWN STEP	2025-08-12T09:13:16.2087241Z Temporarily overriding HOME='/home/runner/work/_temp/2156aa35-1359-4741-a5ac-4b089ebd38e4' before making global git config changes
Store IT (mssql)	UNKNOWN STEP	2025-08-12T09:13:16.2088520Z Adding repository directory to the temporary git global config as a safe directory
Store IT (mssql)	UNKNOWN STEP	2025-08-12T09:13:16.2093363Z [command]/usr/bin/git config --global --add safe.directory /home/runner/work/keycloak/keycloak
Store IT (mssql)	UNKNOWN STEP	2025-08-12T09:13:16.2129426Z [command]/usr/bin/git config --local --name-only --get-regexp core\.sshCommand
Store IT (mssql)	UNKNOWN STEP	2025-08-12T09:13:16.2164459Z [command]/usr/bin/git submodule foreach --recursive sh -c "git config --local --name-only --get-regexp 'core\.sshCommand' && git config --local --unset-all 'core.sshCommand' || :"
Store IT (mssql)	UNKNOWN STEP	2025-08-12T09:13:16.2428674Z [command]/usr/bin/git config --local --name-only --get-regexp http\.https\:\/\/github\.com\/\.extraheader
Store IT (mssql)	UNKNOWN STEP	2025-08-12T09:13:16.2452117Z http.https://github.com/.extraheader
Store IT (mssql)	UNKNOWN STEP	2025-08-12T09:13:16.2465637Z [command]/usr/bin/git config --local --unset-all http.https://github.com/.extraheader
Store IT (mssql)	UNKNOWN STEP	2025-08-12T09:13:16.2497714Z [command]/usr/bin/git submodule foreach --recursive sh -c "git config --local --name-only --get-regexp 'http\.https\:\/\/github\.com\/\.extraheader' && git config --local --unset-all 'http.https://github.com/.extraheader' || :"
Store IT (mssql)	UNKNOWN STEP	2025-08-12T09:13:16.2844982Z Cleaning up orphan processes
Status Check - Keycloak CI	UNKNOWN STEP	ï»¿2025-08-12T09:17:04.4340070Z Current runner version: '2.327.1'
Status Check - Keycloak CI	UNKNOWN STEP	2025-08-12T09:17:04.4364499Z ##[group]Runner Image Provisioner
Status Check - Keycloak CI	UNKNOWN STEP	2025-08-12T09:17:04.4365361Z Hosted Compute Agent
Status Check - Keycloak CI	UNKNOWN STEP	2025-08-12T09:17:04.4365875Z Version: 20250711.363
Status Check - Keycloak CI	UNKNOWN STEP	2025-08-12T09:17:04.4366509Z Commit: 6785254374ce925a23743850c1cb91912ce5c14c
Status Check - Keycloak CI	UNKNOWN STEP	2025-08-12T09:17:04.4367567Z Build Date: 2025-07-11T20:04:25Z
Status Check - Keycloak CI	UNKNOWN STEP	2025-08-12T09:17:04.4368176Z ##[endgroup]
Status Check - Keycloak CI	UNKNOWN STEP	2025-08-12T09:17:04.4368734Z ##[group]Operating System
Status Check - Keycloak CI	UNKNOWN STEP	2025-08-12T09:17:04.4369310Z Ubuntu
Status Check - Keycloak CI	UNKNOWN STEP	2025-08-12T09:17:04.4369803Z 24.04.2
Status Check - Keycloak CI	UNKNOWN STEP	2025-08-12T09:17:04.4370217Z LTS
Status Check - Keycloak CI	UNKNOWN STEP	2025-08-12T09:17:04.4370710Z ##[endgroup]
Status Check - Keycloak CI	UNKNOWN STEP	2025-08-12T09:17:04.4371219Z ##[group]Runner Image
Status Check - Keycloak CI	UNKNOWN STEP	2025-08-12T09:17:04.4371818Z Image: ubuntu-24.04
Status Check - Keycloak CI	UNKNOWN STEP	2025-08-12T09:17:04.4372370Z Version: 20250804.2.0
Status Check - Keycloak CI	UNKNOWN STEP	2025-08-12T09:17:04.4373384Z Included Software: https://github.com/actions/runner-images/blob/ubuntu24/20250804.2/images/ubuntu/Ubuntu2404-Readme.md
Status Check - Keycloak CI	UNKNOWN STEP	2025-08-12T09:17:04.4374943Z Image Release: https://github.com/actions/runner-images/releases/tag/ubuntu24%2F20250804.2
Status Check - Keycloak CI	UNKNOWN STEP	2025-08-12T09:17:04.4375968Z ##[endgroup]
Status Check - Keycloak CI	UNKNOWN STEP	2025-08-12T09:17:04.4377050Z ##[group]GITHUB_TOKEN Permissions
Status Check - Keycloak CI	UNKNOWN STEP	2025-08-12T09:17:04.4379060Z Contents: read
Status Check - Keycloak CI	UNKNOWN STEP	2025-08-12T09:17:04.4379574Z Metadata: read
Status Check - Keycloak CI	UNKNOWN STEP	2025-08-12T09:17:04.4380149Z ##[endgroup]
Status Check - Keycloak CI	UNKNOWN STEP	2025-08-12T09:17:04.4382093Z Secret source: None
Status Check - Keycloak CI	UNKNOWN STEP	2025-08-12T09:17:04.4382796Z Prepare workflow directory
Status Check - Keycloak CI	UNKNOWN STEP	2025-08-12T09:17:04.4773526Z Prepare all required actions
Status Check - Keycloak CI	UNKNOWN STEP	2025-08-12T09:17:04.4810816Z Getting action download info
Status Check - Keycloak CI	UNKNOWN STEP	2025-08-12T09:17:04.7456034Z Download action repository 'actions/checkout@11bd71901bbe5b1630ceea73d27597364c9af683' (SHA:11bd71901bbe5b1630ceea73d27597364c9af683)
Status Check - Keycloak CI	UNKNOWN STEP	2025-08-12T09:17:04.8876364Z Complete job name: Status Check - Keycloak CI
Status Check - Keycloak CI	UNKNOWN STEP	2025-08-12T09:17:04.9729958Z ##[group]Run actions/checkout@11bd71901bbe5b1630ceea73d27597364c9af683
Status Check - Keycloak CI	UNKNOWN STEP	2025-08-12T09:17:04.9731080Z with:
Status Check - Keycloak CI	UNKNOWN STEP	2025-08-12T09:17:04.9731532Z   repository: keycloak/keycloak
Status Check - Keycloak CI	UNKNOWN STEP	2025-08-12T09:17:04.9732210Z   token: ***
Status Check - Keycloak CI	UNKNOWN STEP	2025-08-12T09:17:04.9732588Z   ssh-strict: true
Status Check - Keycloak CI	UNKNOWN STEP	2025-08-12T09:17:04.9732985Z   ssh-user: git
Status Check - Keycloak CI	UNKNOWN STEP	2025-08-12T09:17:04.9733401Z   persist-credentials: true
Status Check - Keycloak CI	UNKNOWN STEP	2025-08-12T09:17:04.9733853Z   clean: true
Status Check - Keycloak CI	UNKNOWN STEP	2025-08-12T09:17:04.9734286Z   sparse-checkout-cone-mode: true
Status Check - Keycloak CI	UNKNOWN STEP	2025-08-12T09:17:04.9734783Z   fetch-depth: 1
Status Check - Keycloak CI	UNKNOWN STEP	2025-08-12T09:17:04.9735166Z   fetch-tags: false
Status Check - Keycloak CI	UNKNOWN STEP	2025-08-12T09:17:04.9735565Z   show-progress: true
Status Check - Keycloak CI	UNKNOWN STEP	2025-08-12T09:17:04.9735962Z   lfs: false
Status Check - Keycloak CI	UNKNOWN STEP	2025-08-12T09:17:04.9736326Z   submodules: false
Status Check - Keycloak CI	UNKNOWN STEP	2025-08-12T09:17:04.9736726Z   set-safe-directory: true
Status Check - Keycloak CI	UNKNOWN STEP	2025-08-12T09:17:04.9737626Z env:
Status Check - Keycloak CI	UNKNOWN STEP	2025-08-12T09:17:04.9738195Z   MAVEN_ARGS: -B -nsu -Daether.connector.http.connectionMaxTtl=25
Status Check - Keycloak CI	UNKNOWN STEP	2025-08-12T09:17:04.9738865Z   SUREFIRE_RERUN_FAILING_COUNT: 2
Status Check - Keycloak CI	UNKNOWN STEP	2025-08-12T09:17:04.9739469Z   SUREFIRE_RETRY: -Dsurefire.rerunFailingTestsCount=2
Status Check - Keycloak CI	UNKNOWN STEP	2025-08-12T09:17:04.9740054Z ##[endgroup]
Status Check - Keycloak CI	UNKNOWN STEP	2025-08-12T09:17:05.0844120Z Syncing repository: keycloak/keycloak
Status Check - Keycloak CI	UNKNOWN STEP	2025-08-12T09:17:05.0845872Z ##[group]Getting Git version info
Status Check - Keycloak CI	UNKNOWN STEP	2025-08-12T09:17:05.0846584Z Working directory is '/home/runner/work/keycloak/keycloak'
Status Check - Keycloak CI	UNKNOWN STEP	2025-08-12T09:17:05.0847886Z [command]/usr/bin/git version
Status Check - Keycloak CI	UNKNOWN STEP	2025-08-12T09:17:05.2034538Z git version 2.50.1
Status Check - Keycloak CI	UNKNOWN STEP	2025-08-12T09:17:05.2061139Z ##[endgroup]
Status Check - Keycloak CI	UNKNOWN STEP	2025-08-12T09:17:05.2075207Z Temporarily overriding HOME='/home/runner/work/_temp/7d04f478-2edb-45c9-a6ef-f14deb738229' before making global git config changes
Status Check - Keycloak CI	UNKNOWN STEP	2025-08-12T09:17:05.2076703Z Adding repository directory to the temporary git global config as a safe directory
Status Check - Keycloak CI	UNKNOWN STEP	2025-08-12T09:17:05.2080292Z [command]/usr/bin/git config --global --add safe.directory /home/runner/work/keycloak/keycloak
Status Check - Keycloak CI	UNKNOWN STEP	2025-08-12T09:17:05.2115362Z Deleting the contents of '/home/runner/work/keycloak/keycloak'
Status Check - Keycloak CI	UNKNOWN STEP	2025-08-12T09:17:05.2119296Z ##[group]Initializing the repository
Status Check - Keycloak CI	UNKNOWN STEP	2025-08-12T09:17:05.2122973Z [command]/usr/bin/git init /home/runner/work/keycloak/keycloak
Status Check - Keycloak CI	UNKNOWN STEP	2025-08-12T09:17:05.2218748Z hint: Using 'master' as the name for the initial branch. This default branch name
Status Check - Keycloak CI	UNKNOWN STEP	2025-08-12T09:17:05.2220117Z hint: is subject to change. To configure the initial branch name to use in all
Status Check - Keycloak CI	UNKNOWN STEP	2025-08-12T09:17:05.2221545Z hint: of your new repositories, which will suppress this warning, call:
Status Check - Keycloak CI	UNKNOWN STEP	2025-08-12T09:17:05.2222881Z hint:
Status Check - Keycloak CI	UNKNOWN STEP	2025-08-12T09:17:05.2223800Z hint: 	git config --global init.defaultBranch <name>
Status Check - Keycloak CI	UNKNOWN STEP	2025-08-12T09:17:05.2225232Z hint:
Status Check - Keycloak CI	UNKNOWN STEP	2025-08-12T09:17:05.2226273Z hint: Names commonly chosen instead of 'master' are 'main', 'trunk' and
Status Check - Keycloak CI	UNKNOWN STEP	2025-08-12T09:17:05.2228264Z hint: 'development'. The just-created branch can be renamed via this command:
Status Check - Keycloak CI	UNKNOWN STEP	2025-08-12T09:17:05.2229623Z hint:
Status Check - Keycloak CI	UNKNOWN STEP	2025-08-12T09:17:05.2230371Z hint: 	git branch -m <name>
Status Check - Keycloak CI	UNKNOWN STEP	2025-08-12T09:17:05.2231220Z hint:
Status Check - Keycloak CI	UNKNOWN STEP	2025-08-12T09:17:05.2232353Z hint: Disable this message with "git config set advice.defaultBranchName false"
Status Check - Keycloak CI	UNKNOWN STEP	2025-08-12T09:17:05.2234230Z Initialized empty Git repository in /home/runner/work/keycloak/keycloak/.git/
Status Check - Keycloak CI	UNKNOWN STEP	2025-08-12T09:17:05.2237031Z [command]/usr/bin/git remote add origin https://github.com/keycloak/keycloak
Status Check - Keycloak CI	UNKNOWN STEP	2025-08-12T09:17:05.2270876Z ##[endgroup]
Status Check - Keycloak CI	UNKNOWN STEP	2025-08-12T09:17:05.2272067Z ##[group]Disabling automatic garbage collection
Status Check - Keycloak CI	UNKNOWN STEP	2025-08-12T09:17:05.2275775Z [command]/usr/bin/git config --local gc.auto 0
Status Check - Keycloak CI	UNKNOWN STEP	2025-08-12T09:17:05.2304339Z ##[endgroup]
Status Check - Keycloak CI	UNKNOWN STEP	2025-08-12T09:17:05.2305528Z ##[group]Setting up auth
Status Check - Keycloak CI	UNKNOWN STEP	2025-08-12T09:17:05.2311639Z [command]/usr/bin/git config --local --name-only --get-regexp core\.sshCommand
Status Check - Keycloak CI	UNKNOWN STEP	2025-08-12T09:17:05.2341829Z [command]/usr/bin/git submodule foreach --recursive sh -c "git config --local --name-only --get-regexp 'core\.sshCommand' && git config --local --unset-all 'core.sshCommand' || :"
Status Check - Keycloak CI	UNKNOWN STEP	2025-08-12T09:17:05.2603698Z [command]/usr/bin/git config --local --name-only --get-regexp http\.https\:\/\/github\.com\/\.extraheader
Status Check - Keycloak CI	UNKNOWN STEP	2025-08-12T09:17:05.2633633Z [command]/usr/bin/git submodule foreach --recursive sh -c "git config --local --name-only --get-regexp 'http\.https\:\/\/github\.com\/\.extraheader' && git config --local --unset-all 'http.https://github.com/.extraheader' || :"
Status Check - Keycloak CI	UNKNOWN STEP	2025-08-12T09:17:05.2855155Z [command]/usr/bin/git config --local http.https://github.com/.extraheader AUTHORIZATION: basic ***
Status Check - Keycloak CI	UNKNOWN STEP	2025-08-12T09:17:05.2897895Z ##[endgroup]
Status Check - Keycloak CI	UNKNOWN STEP	2025-08-12T09:17:05.2899006Z ##[group]Fetching the repository
Status Check - Keycloak CI	UNKNOWN STEP	2025-08-12T09:17:05.2906309Z [command]/usr/bin/git -c protocol.version=2 fetch --no-tags --prune --no-recurse-submodules --depth=1 origin +e8cca658027d50ff6b5a69e0c2a37885c7c4ba64:refs/remotes/pull/41660/merge
Status Check - Keycloak CI	UNKNOWN STEP	2025-08-12T09:17:08.2811275Z From https://github.com/keycloak/keycloak
Status Check - Keycloak CI	UNKNOWN STEP	2025-08-12T09:17:08.2813111Z  * [new ref]         e8cca658027d50ff6b5a69e0c2a37885c7c4ba64 -> pull/41660/merge
Status Check - Keycloak CI	UNKNOWN STEP	2025-08-12T09:17:08.2842937Z ##[endgroup]
Status Check - Keycloak CI	UNKNOWN STEP	2025-08-12T09:17:08.2844059Z ##[group]Determining the checkout info
Status Check - Keycloak CI	UNKNOWN STEP	2025-08-12T09:17:08.2846682Z ##[endgroup]
Status Check - Keycloak CI	UNKNOWN STEP	2025-08-12T09:17:08.2853161Z [command]/usr/bin/git sparse-checkout disable
Status Check - Keycloak CI	UNKNOWN STEP	2025-08-12T09:17:08.2895533Z [command]/usr/bin/git config --local --unset-all extensions.worktreeConfig
Status Check - Keycloak CI	UNKNOWN STEP	2025-08-12T09:17:08.2925932Z ##[group]Checking out the ref
Status Check - Keycloak CI	UNKNOWN STEP	2025-08-12T09:17:08.2930664Z [command]/usr/bin/git checkout --progress --force refs/remotes/pull/41660/merge
Status Check - Keycloak CI	UNKNOWN STEP	2025-08-12T09:17:09.0844392Z Note: switching to 'refs/remotes/pull/41660/merge'.
Status Check - Keycloak CI	UNKNOWN STEP	2025-08-12T09:17:09.0845078Z 
Status Check - Keycloak CI	UNKNOWN STEP	2025-08-12T09:17:09.0845477Z You are in 'detached HEAD' state. You can look around, make experimental
Status Check - Keycloak CI	UNKNOWN STEP	2025-08-12T09:17:09.0846345Z changes and commit them, and you can discard any commits you make in this
Status Check - Keycloak CI	UNKNOWN STEP	2025-08-12T09:17:09.0847531Z state without impacting any branches by switching back to a branch.
Status Check - Keycloak CI	UNKNOWN STEP	2025-08-12T09:17:09.0848017Z 
Status Check - Keycloak CI	UNKNOWN STEP	2025-08-12T09:17:09.0848317Z If you want to create a new branch to retain commits you create, you may
Status Check - Keycloak CI	UNKNOWN STEP	2025-08-12T09:17:09.0848970Z do so (now or later) by using -c with the switch command. Example:
Status Check - Keycloak CI	UNKNOWN STEP	2025-08-12T09:17:09.0849326Z 
Status Check - Keycloak CI	UNKNOWN STEP	2025-08-12T09:17:09.0849491Z   git switch -c <new-branch-name>
Status Check - Keycloak CI	UNKNOWN STEP	2025-08-12T09:17:09.0849771Z 
Status Check - Keycloak CI	UNKNOWN STEP	2025-08-12T09:17:09.0849955Z Or undo this operation with:
Status Check - Keycloak CI	UNKNOWN STEP	2025-08-12T09:17:09.0850192Z 
Status Check - Keycloak CI	UNKNOWN STEP	2025-08-12T09:17:09.0850324Z   git switch -
Status Check - Keycloak CI	UNKNOWN STEP	2025-08-12T09:17:09.0850542Z 
Status Check - Keycloak CI	UNKNOWN STEP	2025-08-12T09:17:09.0850900Z Turn off this advice by setting config variable advice.detachedHead to false
Status Check - Keycloak CI	UNKNOWN STEP	2025-08-12T09:17:09.0851349Z 
Status Check - Keycloak CI	UNKNOWN STEP	2025-08-12T09:17:09.0851838Z HEAD is now at e8cca65 Merge c56d85e02ba18777cc2c11b151ddc6b58c192767 into 7d8144f433d35d91a3abc61b89fc5286f391070b
Status Check - Keycloak CI	UNKNOWN STEP	2025-08-12T09:17:09.0878727Z ##[endgroup]
Status Check - Keycloak CI	UNKNOWN STEP	2025-08-12T09:17:09.0918535Z [command]/usr/bin/git log -1 --format=%H
Status Check - Keycloak CI	UNKNOWN STEP	2025-08-12T09:17:09.0942735Z e8cca658027d50ff6b5a69e0c2a37885c7c4ba64
Status Check - Keycloak CI	UNKNOWN STEP	2025-08-12T09:17:09.1185706Z Prepare all required actions
Status Check - Keycloak CI	UNKNOWN STEP	2025-08-12T09:17:09.1262349Z ##[group]Run ./.github/actions/status-check
Status Check - Keycloak CI	UNKNOWN STEP	2025-08-12T09:17:09.1262740Z with:
Status Check - Keycloak CI	UNKNOWN STEP	2025-08-12T09:17:09.1267810Z   jobs: {
Status Check - Keycloak CI	UNKNOWN STEP	  "conditional": {
Status Check - Keycloak CI	UNKNOWN STEP	    "result": "success",
Status Check - Keycloak CI	UNKNOWN STEP	    "outputs": {
Status Check - Keycloak CI	UNKNOWN STEP	      "ci": "true",
Status Check - Keycloak CI	UNKNOWN STEP	      "ci-quarkus": "false",
Status Check - Keycloak CI	UNKNOWN STEP	      "ci-store": "false",
Status Check - Keycloak CI	UNKNOWN STEP	      "ci-sssd": "false",
Status Check - Keycloak CI	UNKNOWN STEP	      "ci-webauthn": "true",
Status Check - Keycloak CI	UNKNOWN STEP	      "ci-aurora": "false"
Status Check - Keycloak CI	UNKNOWN STEP	    }
Status Check - Keycloak CI	UNKNOWN STEP	  },
Status Check - Keycloak CI	UNKNOWN STEP	  "build": {
Status Check - Keycloak CI	UNKNOWN STEP	    "result": "success",
Status Check - Keycloak CI	UNKNOWN STEP	    "outputs": {}
Status Check - Keycloak CI	UNKNOWN STEP	  },
Status Check - Keycloak CI	UNKNOWN STEP	  "unit-tests": {
Status Check - Keycloak CI	UNKNOWN STEP	    "result": "success",
Status Check - Keycloak CI	UNKNOWN STEP	    "outputs": {}
Status Check - Keycloak CI	UNKNOWN STEP	  },
Status Check - Keycloak CI	UNKNOWN STEP	  "base-integration-tests": {
Status Check - Keycloak CI	UNKNOWN STEP	    "result": "success",
Status Check - Keycloak CI	UNKNOWN STEP	    "outputs": {}
Status Check - Keycloak CI	UNKNOWN STEP	  },
Status Check - Keycloak CI	UNKNOWN STEP	  "adapter-integration-tests": {
Status Check - Keycloak CI	UNKNOWN STEP	    "result": "success",
Status Check - Keycloak CI	UNKNOWN STEP	    "outputs": {}
Status Check - Keycloak CI	UNKNOWN STEP	  },
Status Check - Keycloak CI	UNKNOWN STEP	  "adapter-integration-tests-strict-cookies": {
Status Check - Keycloak CI	UNKNOWN STEP	    "result": "success",
Status Check - Keycloak CI	UNKNOWN STEP	    "outputs": {}
Status Check - Keycloak CI	UNKNOWN STEP	  },
Status Check - Keycloak CI	UNKNOWN STEP	  "quarkus-unit-tests": {
Status Check - Keycloak CI	UNKNOWN STEP	    "result": "skipped",
Status Check - Keycloak CI	UNKNOWN STEP	    "outputs": {}
Status Check - Keycloak CI	UNKNOWN STEP	  },
Status Check - Keycloak CI	UNKNOWN STEP	  "quarkus-integration-tests": {
Status Check - Keycloak CI	UNKNOWN STEP	    "result": "success",
Status Check - Keycloak CI	UNKNOWN STEP	    "outputs": {}
Status Check - Keycloak CI	UNKNOWN STEP	  },
Status Check - Keycloak CI	UNKNOWN STEP	  "jdk-integration-tests": {
Status Check - Keycloak CI	UNKNOWN STEP	    "result": "success",
Status Check - Keycloak CI	UNKNOWN STEP	    "outputs": {}
Status Check - Keycloak CI	UNKNOWN STEP	  },
Status Check - Keycloak CI	UNKNOWN STEP	  "store-integration-tests": {
Status Check - Keycloak CI	UNKNOWN STEP	    "result": "failure",
Status Check - Keycloak CI	UNKNOWN STEP	    "outputs": {}
Status Check - Keycloak CI	UNKNOWN STEP	  },
Status Check - Keycloak CI	UNKNOWN STEP	  "volatile-sessions-tests": {
Status Check - Keycloak CI	UNKNOWN STEP	    "result": "skipped",
Status Check - Keycloak CI	UNKNOWN STEP	    "outputs": {}
Status Check - Keycloak CI	UNKNOWN STEP	  },
Status Check - Keycloak CI	UNKNOWN STEP	  "store-model-tests": {
Status Check - Keycloak CI	UNKNOWN STEP	    "result": "skipped",
Status Check - Keycloak CI	UNKNOWN STEP	    "outputs": {}
Status Check - Keycloak CI	UNKNOWN STEP	  },
Status Check - Keycloak CI	UNKNOWN STEP	  "clustering-integration-tests": {
Status Check - Keycloak CI	UNKNOWN STEP	    "result": "success",
Status Check - Keycloak CI	UNKNOWN STEP	    "outputs": {}
Status Check - Keycloak CI	UNKNOWN STEP	  },
Status Check - Keycloak CI	UNKNOWN STEP	  "fips-unit-tests": {
Status Check - Keycloak CI	UNKNOWN STEP	    "result": "success",
Status Check - Keycloak CI	UNKNOWN STEP	    "outputs": {}
Status Check - Keycloak CI	UNKNOWN STEP	  },
Status Check - Keycloak CI	UNKNOWN STEP	  "fips-integration-tests": {
Status Check - Keycloak CI	UNKNOWN STEP	    "result": "success",
Status Check - Keycloak CI	UNKNOWN STEP	    "outputs": {}
Status Check - Keycloak CI	UNKNOWN STEP	  },
Status Check - Keycloak CI	UNKNOWN STEP	  "forms-integration-tests": {
Status Check - Keycloak CI	UNKNOWN STEP	    "result": "success",
Status Check - Keycloak CI	UNKNOWN STEP	    "outputs": {}
Status Check - Keycloak CI	UNKNOWN STEP	  },
Status Check - Keycloak CI	UNKNOWN STEP	  "webauthn-integration-tests": {
Status Check - Keycloak CI	UNKNOWN STEP	    "result": "success",
Status Check - Keycloak CI	UNKNOWN STEP	    "outputs": {}
Status Check - Keycloak CI	UNKNOWN STEP	  },
Status Check - Keycloak CI	UNKNOWN STEP	  "sssd-unit-tests": {
Status Check - Keycloak CI	UNKNOWN STEP	    "result": "skipped",
Status Check - Keycloak CI	UNKNOWN STEP	    "outputs": {}
Status Check - Keycloak CI	UNKNOWN STEP	  },
Status Check - Keycloak CI	UNKNOWN STEP	  "migration-tests": {
Status Check - Keycloak CI	UNKNOWN STEP	    "result": "success",
Status Check - Keycloak CI	UNKNOWN STEP	    "outputs": {}
Status Check - Keycloak CI	UNKNOWN STEP	  },
Status Check - Keycloak CI	UNKNOWN STEP	  "external-infinispan-tests": {
Status Check - Keycloak CI	UNKNOWN STEP	    "result": "skipped",
Status Check - Keycloak CI	UNKNOWN STEP	    "outputs": {}
Status Check - Keycloak CI	UNKNOWN STEP	  },
Status Check - Keycloak CI	UNKNOWN STEP	  "test-framework": {
Status Check - Keycloak CI	UNKNOWN STEP	    "result": "success",
Status Check - Keycloak CI	UNKNOWN STEP	    "outputs": {}
Status Check - Keycloak CI	UNKNOWN STEP	  },
Status Check - Keycloak CI	UNKNOWN STEP	  "base-new-integration-tests": {
Status Check - Keycloak CI	UNKNOWN STEP	    "result": "success",
Status Check - Keycloak CI	UNKNOWN STEP	    "outputs": {}
Status Check - Keycloak CI	UNKNOWN STEP	  },
Status Check - Keycloak CI	UNKNOWN STEP	  "mixed-cluster-compatibility-tests": {
Status Check - Keycloak CI	UNKNOWN STEP	    "result": "skipped",
Status Check - Keycloak CI	UNKNOWN STEP	    "outputs": {}
Status Check - Keycloak CI	UNKNOWN STEP	  }
Status Check - Keycloak CI	UNKNOWN STEP	}
Status Check - Keycloak CI	UNKNOWN STEP	2025-08-12T09:17:09.1272908Z env:
Status Check - Keycloak CI	UNKNOWN STEP	2025-08-12T09:17:09.1273277Z   MAVEN_ARGS: -B -nsu -Daether.connector.http.connectionMaxTtl=25
Status Check - Keycloak CI	UNKNOWN STEP	2025-08-12T09:17:09.1273724Z   SUREFIRE_RERUN_FAILING_COUNT: 2
Status Check - Keycloak CI	UNKNOWN STEP	2025-08-12T09:17:09.1274123Z   SUREFIRE_RETRY: -Dsurefire.rerunFailingTestsCount=2
Status Check - Keycloak CI	UNKNOWN STEP	2025-08-12T09:17:09.1274499Z ##[endgroup]
Status Check - Keycloak CI	UNKNOWN STEP	2025-08-12T09:17:09.1379788Z ##[group]Run JOBS='{
Status Check - Keycloak CI	UNKNOWN STEP	2025-08-12T09:17:09.1380217Z [36;1mJOBS='{[0m
Status Check - Keycloak CI	UNKNOWN STEP	2025-08-12T09:17:09.1380498Z [36;1m  "conditional": {[0m
Status Check - Keycloak CI	UNKNOWN STEP	2025-08-12T09:17:09.1380807Z [36;1m    "result": "success",[0m
Status Check - Keycloak CI	UNKNOWN STEP	2025-08-12T09:17:09.1381131Z [36;1m    "outputs": {[0m
Status Check - Keycloak CI	UNKNOWN STEP	2025-08-12T09:17:09.1381411Z [36;1m      "ci": "true",[0m
Status Check - Keycloak CI	UNKNOWN STEP	2025-08-12T09:17:09.1381740Z [36;1m      "ci-quarkus": "false",[0m
Status Check - Keycloak CI	UNKNOWN STEP	2025-08-12T09:17:09.1382063Z [36;1m      "ci-store": "false",[0m
Status Check - Keycloak CI	UNKNOWN STEP	2025-08-12T09:17:09.1382370Z [36;1m      "ci-sssd": "false",[0m
Status Check - Keycloak CI	UNKNOWN STEP	2025-08-12T09:17:09.1382682Z [36;1m      "ci-webauthn": "true",[0m
Status Check - Keycloak CI	UNKNOWN STEP	2025-08-12T09:17:09.1383001Z [36;1m      "ci-aurora": "false"[0m
Status Check - Keycloak CI	UNKNOWN STEP	2025-08-12T09:17:09.1383293Z [36;1m    }[0m
Status Check - Keycloak CI	UNKNOWN STEP	2025-08-12T09:17:09.1383530Z [36;1m  },[0m
Status Check - Keycloak CI	UNKNOWN STEP	2025-08-12T09:17:09.1383776Z [36;1m  "build": {[0m
Status Check - Keycloak CI	UNKNOWN STEP	2025-08-12T09:17:09.1384043Z [36;1m    "result": "success",[0m
Status Check - Keycloak CI	UNKNOWN STEP	2025-08-12T09:17:09.1384345Z [36;1m    "outputs": {}[0m
Status Check - Keycloak CI	UNKNOWN STEP	2025-08-12T09:17:09.1384612Z [36;1m  },[0m
Status Check - Keycloak CI	UNKNOWN STEP	2025-08-12T09:17:09.1384867Z [36;1m  "unit-tests": {[0m
Status Check - Keycloak CI	UNKNOWN STEP	2025-08-12T09:17:09.1385159Z [36;1m    "result": "success",[0m
Status Check - Keycloak CI	UNKNOWN STEP	2025-08-12T09:17:09.1385455Z [36;1m    "outputs": {}[0m
Status Check - Keycloak CI	UNKNOWN STEP	2025-08-12T09:17:09.1385723Z [36;1m  },[0m
Status Check - Keycloak CI	UNKNOWN STEP	2025-08-12T09:17:09.1385982Z [36;1m  "base-integration-tests": {[0m
Status Check - Keycloak CI	UNKNOWN STEP	2025-08-12T09:17:09.1386355Z [36;1m    "result": "success",[0m
Status Check - Keycloak CI	UNKNOWN STEP	2025-08-12T09:17:09.1386850Z [36;1m    "outputs": {}[0m
Status Check - Keycloak CI	UNKNOWN STEP	2025-08-12T09:17:09.1387366Z [36;1m  },[0m
Status Check - Keycloak CI	UNKNOWN STEP	2025-08-12T09:17:09.1387642Z [36;1m  "adapter-integration-tests": {[0m
Status Check - Keycloak CI	UNKNOWN STEP	2025-08-12T09:17:09.1387979Z [36;1m    "result": "success",[0m
Status Check - Keycloak CI	UNKNOWN STEP	2025-08-12T09:17:09.1388469Z [36;1m    "outputs": {}[0m
Status Check - Keycloak CI	UNKNOWN STEP	2025-08-12T09:17:09.1388753Z [36;1m  },[0m
Status Check - Keycloak CI	UNKNOWN STEP	2025-08-12T09:17:09.1389118Z [36;1m  "adapter-integration-tests-strict-cookies": {[0m
Status Check - Keycloak CI	UNKNOWN STEP	2025-08-12T09:17:09.1389504Z [36;1m    "result": "success",[0m
Status Check - Keycloak CI	UNKNOWN STEP	2025-08-12T09:17:09.1389823Z [36;1m    "outputs": {}[0m
Status Check - Keycloak CI	UNKNOWN STEP	2025-08-12T09:17:09.1390095Z [36;1m  },[0m
Status Check - Keycloak CI	UNKNOWN STEP	2025-08-12T09:17:09.1390346Z [36;1m  "quarkus-unit-tests": {[0m
Status Check - Keycloak CI	UNKNOWN STEP	2025-08-12T09:17:09.1390661Z [36;1m    "result": "skipped",[0m
Status Check - Keycloak CI	UNKNOWN STEP	2025-08-12T09:17:09.1390963Z [36;1m    "outputs": {}[0m
Status Check - Keycloak CI	UNKNOWN STEP	2025-08-12T09:17:09.1391232Z [36;1m  },[0m
Status Check - Keycloak CI	UNKNOWN STEP	2025-08-12T09:17:09.1391509Z [36;1m  "quarkus-integration-tests": {[0m
Status Check - Keycloak CI	UNKNOWN STEP	2025-08-12T09:17:09.1391844Z [36;1m    "result": "success",[0m
Status Check - Keycloak CI	UNKNOWN STEP	2025-08-12T09:17:09.1392136Z [36;1m    "outputs": {}[0m
Status Check - Keycloak CI	UNKNOWN STEP	2025-08-12T09:17:09.1392414Z [36;1m  },[0m
Status Check - Keycloak CI	UNKNOWN STEP	2025-08-12T09:17:09.1392675Z [36;1m  "jdk-integration-tests": {[0m
Status Check - Keycloak CI	UNKNOWN STEP	2025-08-12T09:17:09.1393072Z [36;1m    "result": "success",[0m
Status Check - Keycloak CI	UNKNOWN STEP	2025-08-12T09:17:09.1393370Z [36;1m    "outputs": {}[0m
Status Check - Keycloak CI	UNKNOWN STEP	2025-08-12T09:17:09.1393636Z [36;1m  },[0m
Status Check - Keycloak CI	UNKNOWN STEP	2025-08-12T09:17:09.1393903Z [36;1m  "store-integration-tests": {[0m
Status Check - Keycloak CI	UNKNOWN STEP	2025-08-12T09:17:09.1394238Z [36;1m    "result": "failure",[0m
Status Check - Keycloak CI	UNKNOWN STEP	2025-08-12T09:17:09.1394528Z [36;1m    "outputs": {}[0m
Status Check - Keycloak CI	UNKNOWN STEP	2025-08-12T09:17:09.1394788Z [36;1m  },[0m
Status Check - Keycloak CI	UNKNOWN STEP	2025-08-12T09:17:09.1395050Z [36;1m  "volatile-sessions-tests": {[0m
Status Check - Keycloak CI	UNKNOWN STEP	2025-08-12T09:17:09.1395372Z [36;1m    "result": "skipped",[0m
Status Check - Keycloak CI	UNKNOWN STEP	2025-08-12T09:17:09.1395669Z [36;1m    "outputs": {}[0m
Status Check - Keycloak CI	UNKNOWN STEP	2025-08-12T09:17:09.1395934Z [36;1m  },[0m
Status Check - Keycloak CI	UNKNOWN STEP	2025-08-12T09:17:09.1396189Z [36;1m  "store-model-tests": {[0m
Status Check - Keycloak CI	UNKNOWN STEP	2025-08-12T09:17:09.1396492Z [36;1m    "result": "skipped",[0m
Status Check - Keycloak CI	UNKNOWN STEP	2025-08-12T09:17:09.1396792Z [36;1m    "outputs": {}[0m
Status Check - Keycloak CI	UNKNOWN STEP	2025-08-12T09:17:09.1397055Z [36;1m  },[0m
Status Check - Keycloak CI	UNKNOWN STEP	2025-08-12T09:17:09.1397460Z [36;1m  "clustering-integration-tests": {[0m
Status Check - Keycloak CI	UNKNOWN STEP	2025-08-12T09:17:09.1397808Z [36;1m    "result": "success",[0m
Status Check - Keycloak CI	UNKNOWN STEP	2025-08-12T09:17:09.1398106Z [36;1m    "outputs": {}[0m
Status Check - Keycloak CI	UNKNOWN STEP	2025-08-12T09:17:09.1398367Z [36;1m  },[0m
Status Check - Keycloak CI	UNKNOWN STEP	2025-08-12T09:17:09.1398617Z [36;1m  "fips-unit-tests": {[0m
Status Check - Keycloak CI	UNKNOWN STEP	2025-08-12T09:17:09.1398922Z [36;1m    "result": "success",[0m
Status Check - Keycloak CI	UNKNOWN STEP	2025-08-12T09:17:09.1399205Z [36;1m    "outputs": {}[0m
Status Check - Keycloak CI	UNKNOWN STEP	2025-08-12T09:17:09.1399469Z [36;1m  },[0m
Status Check - Keycloak CI	UNKNOWN STEP	2025-08-12T09:17:09.1399726Z [36;1m  "fips-integration-tests": {[0m
Status Check - Keycloak CI	UNKNOWN STEP	2025-08-12T09:17:09.1400051Z [36;1m    "result": "success",[0m
Status Check - Keycloak CI	UNKNOWN STEP	2025-08-12T09:17:09.1400339Z [36;1m    "outputs": {}[0m
Status Check - Keycloak CI	UNKNOWN STEP	2025-08-12T09:17:09.1400603Z [36;1m  },[0m
Status Check - Keycloak CI	UNKNOWN STEP	2025-08-12T09:17:09.1400864Z [36;1m  "forms-integration-tests": {[0m
Status Check - Keycloak CI	UNKNOWN STEP	2025-08-12T09:17:09.1401184Z [36;1m    "result": "success",[0m
Status Check - Keycloak CI	UNKNOWN STEP	2025-08-12T09:17:09.1401476Z [36;1m    "outputs": {}[0m
Status Check - Keycloak CI	UNKNOWN STEP	2025-08-12T09:17:09.1401733Z [36;1m  },[0m
Status Check - Keycloak CI	UNKNOWN STEP	2025-08-12T09:17:09.1402004Z [36;1m  "webauthn-integration-tests": {[0m
Status Check - Keycloak CI	UNKNOWN STEP	2025-08-12T09:17:09.1402331Z [36;1m    "result": "success",[0m
Status Check - Keycloak CI	UNKNOWN STEP	2025-08-12T09:17:09.1402623Z [36;1m    "outputs": {}[0m
Status Check - Keycloak CI	UNKNOWN STEP	2025-08-12T09:17:09.1402878Z [36;1m  },[0m
Status Check - Keycloak CI	UNKNOWN STEP	2025-08-12T09:17:09.1403127Z [36;1m  "sssd-unit-tests": {[0m
Status Check - Keycloak CI	UNKNOWN STEP	2025-08-12T09:17:09.1403423Z [36;1m    "result": "skipped",[0m
Status Check - Keycloak CI	UNKNOWN STEP	2025-08-12T09:17:09.1403712Z [36;1m    "outputs": {}[0m
Status Check - Keycloak CI	UNKNOWN STEP	2025-08-12T09:17:09.1403978Z [36;1m  },[0m
Status Check - Keycloak CI	UNKNOWN STEP	2025-08-12T09:17:09.1404222Z [36;1m  "migration-tests": {[0m
Status Check - Keycloak CI	UNKNOWN STEP	2025-08-12T09:17:09.1404520Z [36;1m    "result": "success",[0m
Status Check - Keycloak CI	UNKNOWN STEP	2025-08-12T09:17:09.1404805Z [36;1m    "outputs": {}[0m
Status Check - Keycloak CI	UNKNOWN STEP	2025-08-12T09:17:09.1405067Z [36;1m  },[0m
Status Check - Keycloak CI	UNKNOWN STEP	2025-08-12T09:17:09.1405328Z [36;1m  "external-infinispan-tests": {[0m
Status Check - Keycloak CI	UNKNOWN STEP	2025-08-12T09:17:09.1405657Z [36;1m    "result": "skipped",[0m
Status Check - Keycloak CI	UNKNOWN STEP	2025-08-12T09:17:09.1405946Z [36;1m    "outputs": {}[0m
Status Check - Keycloak CI	UNKNOWN STEP	2025-08-12T09:17:09.1406208Z [36;1m  },[0m
Status Check - Keycloak CI	UNKNOWN STEP	2025-08-12T09:17:09.1406459Z [36;1m  "test-framework": {[0m
Status Check - Keycloak CI	UNKNOWN STEP	2025-08-12T09:17:09.1406753Z [36;1m    "result": "success",[0m
Status Check - Keycloak CI	UNKNOWN STEP	2025-08-12T09:17:09.1407046Z [36;1m    "outputs": {}[0m
Status Check - Keycloak CI	UNKNOWN STEP	2025-08-12T09:17:09.1407564Z [36;1m  },[0m
Status Check - Keycloak CI	UNKNOWN STEP	2025-08-12T09:17:09.1407843Z [36;1m  "base-new-integration-tests": {[0m
Status Check - Keycloak CI	UNKNOWN STEP	2025-08-12T09:17:09.1408171Z [36;1m    "result": "success",[0m
Status Check - Keycloak CI	UNKNOWN STEP	2025-08-12T09:17:09.1408460Z [36;1m    "outputs": {}[0m
Status Check - Keycloak CI	UNKNOWN STEP	2025-08-12T09:17:09.1408831Z [36;1m  },[0m
Status Check - Keycloak CI	UNKNOWN STEP	2025-08-12T09:17:09.1409128Z [36;1m  "mixed-cluster-compatibility-tests": {[0m
Status Check - Keycloak CI	UNKNOWN STEP	2025-08-12T09:17:09.1409484Z [36;1m    "result": "skipped",[0m
Status Check - Keycloak CI	UNKNOWN STEP	2025-08-12T09:17:09.1409778Z [36;1m    "outputs": {}[0m
Status Check - Keycloak CI	UNKNOWN STEP	2025-08-12T09:17:09.1410045Z [36;1m  }[0m
Status Check - Keycloak CI	UNKNOWN STEP	2025-08-12T09:17:09.1410270Z [36;1m}'[0m
Status Check - Keycloak CI	UNKNOWN STEP	2025-08-12T09:17:09.1410512Z [36;1m[0m
Status Check - Keycloak CI	UNKNOWN STEP	2025-08-12T09:17:09.1410742Z [36;1mecho "Job status:"[0m
Status Check - Keycloak CI	UNKNOWN STEP	2025-08-12T09:17:09.1411136Z [36;1mecho $JOBS | jq -r 'to_entries[] | " - \(.key): \(.value.result)"'[0m
Status Check - Keycloak CI	UNKNOWN STEP	2025-08-12T09:17:09.1411520Z [36;1m[0m
Status Check - Keycloak CI	UNKNOWN STEP	2025-08-12T09:17:09.1411849Z [36;1mfor i in $(echo $JOBS | jq -r 'to_entries[] | .value.result'); do[0m
Status Check - Keycloak CI	UNKNOWN STEP	2025-08-12T09:17:09.1412299Z [36;1m  if [ "$i" != "success" ] && [ "$i" != "skipped" ]; then[0m
Status Check - Keycloak CI	UNKNOWN STEP	2025-08-12T09:17:09.1412653Z [36;1m    echo ""[0m
Status Check - Keycloak CI	UNKNOWN STEP	2025-08-12T09:17:09.1412934Z [36;1m    echo "Status check not okay!"[0m
Status Check - Keycloak CI	UNKNOWN STEP	2025-08-12T09:17:09.1413242Z [36;1m    exit 1[0m
Status Check - Keycloak CI	UNKNOWN STEP	2025-08-12T09:17:09.1413489Z [36;1m  fi[0m
Status Check - Keycloak CI	UNKNOWN STEP	2025-08-12T09:17:09.1413715Z [36;1mdone[0m
Status Check - Keycloak CI	UNKNOWN STEP	2025-08-12T09:17:09.1482825Z shell: /usr/bin/bash --noprofile --norc -e -o pipefail {0}
Status Check - Keycloak CI	UNKNOWN STEP	2025-08-12T09:17:09.1483284Z env:
Status Check - Keycloak CI	UNKNOWN STEP	2025-08-12T09:17:09.1483652Z   MAVEN_ARGS: -B -nsu -Daether.connector.http.connectionMaxTtl=25
Status Check - Keycloak CI	UNKNOWN STEP	2025-08-12T09:17:09.1484091Z   SUREFIRE_RERUN_FAILING_COUNT: 2
Status Check - Keycloak CI	UNKNOWN STEP	2025-08-12T09:17:09.1484465Z   SUREFIRE_RETRY: -Dsurefire.rerunFailingTestsCount=2
Status Check - Keycloak CI	UNKNOWN STEP	2025-08-12T09:17:09.1484846Z ##[endgroup]
Status Check - Keycloak CI	UNKNOWN STEP	2025-08-12T09:17:09.1569405Z Job status:
Status Check - Keycloak CI	UNKNOWN STEP	2025-08-12T09:17:09.1604729Z  - conditional: success
Status Check - Keycloak CI	UNKNOWN STEP	2025-08-12T09:17:09.1605085Z  - build: success
Status Check - Keycloak CI	UNKNOWN STEP	2025-08-12T09:17:09.1605395Z  - unit-tests: success
Status Check - Keycloak CI	UNKNOWN STEP	2025-08-12T09:17:09.1605769Z  - base-integration-tests: success
Status Check - Keycloak CI	UNKNOWN STEP	2025-08-12T09:17:09.1606179Z  - adapter-integration-tests: success
Status Check - Keycloak CI	UNKNOWN STEP	2025-08-12T09:17:09.1606635Z  - adapter-integration-tests-strict-cookies: success
Status Check - Keycloak CI	UNKNOWN STEP	2025-08-12T09:17:09.1607400Z  - quarkus-unit-tests: skipped
Status Check - Keycloak CI	UNKNOWN STEP	2025-08-12T09:17:09.1607811Z  - quarkus-integration-tests: success
Status Check - Keycloak CI	UNKNOWN STEP	2025-08-12T09:17:09.1608200Z  - jdk-integration-tests: success
Status Check - Keycloak CI	UNKNOWN STEP	2025-08-12T09:17:09.1608589Z  - store-integration-tests: failure
Status Check - Keycloak CI	UNKNOWN STEP	2025-08-12T09:17:09.1608967Z  - volatile-sessions-tests: skipped
Status Check - Keycloak CI	UNKNOWN STEP	2025-08-12T09:17:09.1609357Z  - store-model-tests: skipped
Status Check - Keycloak CI	UNKNOWN STEP	2025-08-12T09:17:09.1609726Z  - clustering-integration-tests: success
Status Check - Keycloak CI	UNKNOWN STEP	2025-08-12T09:17:09.1610121Z  - fips-unit-tests: success
Status Check - Keycloak CI	UNKNOWN STEP	2025-08-12T09:17:09.1610471Z  - fips-integration-tests: success
Status Check - Keycloak CI	UNKNOWN STEP	2025-08-12T09:17:09.1610851Z  - forms-integration-tests: success
Status Check - Keycloak CI	UNKNOWN STEP	2025-08-12T09:17:09.1611237Z  - webauthn-integration-tests: success
Status Check - Keycloak CI	UNKNOWN STEP	2025-08-12T09:17:09.1611608Z  - sssd-unit-tests: skipped
Status Check - Keycloak CI	UNKNOWN STEP	2025-08-12T09:17:09.1612172Z  - migration-tests: success
Status Check - Keycloak CI	UNKNOWN STEP	2025-08-12T09:17:09.1612757Z  - external-infinispan-tests: skipped
Status Check - Keycloak CI	UNKNOWN STEP	2025-08-12T09:17:09.1613395Z  - test-framework: success
Status Check - Keycloak CI	UNKNOWN STEP	2025-08-12T09:17:09.1613972Z  - base-new-integration-tests: success
Status Check - Keycloak CI	UNKNOWN STEP	2025-08-12T09:17:09.1614634Z  - mixed-cluster-compatibility-tests: skipped
Status Check - Keycloak CI	UNKNOWN STEP	2025-08-12T09:17:09.1647920Z 
Status Check - Keycloak CI	UNKNOWN STEP	2025-08-12T09:17:09.1648203Z Status check not okay!
Status Check - Keycloak CI	UNKNOWN STEP	2025-08-12T09:17:09.1661526Z ##[error]Process completed with exit code 1.
Status Check - Keycloak CI	UNKNOWN STEP	2025-08-12T09:17:09.1864149Z Post job cleanup.
Status Check - Keycloak CI	UNKNOWN STEP	2025-08-12T09:17:09.2810450Z [command]/usr/bin/git version
Status Check - Keycloak CI	UNKNOWN STEP	2025-08-12T09:17:09.2846618Z git version 2.50.1
Status Check - Keycloak CI	UNKNOWN STEP	2025-08-12T09:17:09.2897441Z Temporarily overriding HOME='/home/runner/work/_temp/280f86df-1e95-46c9-8291-f6b213439c53' before making global git config changes
Status Check - Keycloak CI	UNKNOWN STEP	2025-08-12T09:17:09.2898573Z Adding repository directory to the temporary git global config as a safe directory
Status Check - Keycloak CI	UNKNOWN STEP	2025-08-12T09:17:09.2902522Z [command]/usr/bin/git config --global --add safe.directory /home/runner/work/keycloak/keycloak
Status Check - Keycloak CI	UNKNOWN STEP	2025-08-12T09:17:09.2937766Z [command]/usr/bin/git config --local --name-only --get-regexp core\.sshCommand
Status Check - Keycloak CI	UNKNOWN STEP	2025-08-12T09:17:09.2971197Z [command]/usr/bin/git submodule foreach --recursive sh -c "git config --local --name-only --get-regexp 'core\.sshCommand' && git config --local --unset-all 'core.sshCommand' || :"
Status Check - Keycloak CI	UNKNOWN STEP	2025-08-12T09:17:09.3221561Z [command]/usr/bin/git config --local --name-only --get-regexp http\.https\:\/\/github\.com\/\.extraheader
Status Check - Keycloak CI	UNKNOWN STEP	2025-08-12T09:17:09.3245731Z http.https://github.com/.extraheader
Status Check - Keycloak CI	UNKNOWN STEP	2025-08-12T09:17:09.3258268Z [command]/usr/bin/git config --local --unset-all http.https://github.com/.extraheader
Status Check - Keycloak CI	UNKNOWN STEP	2025-08-12T09:17:09.3289920Z [command]/usr/bin/git submodule foreach --recursive sh -c "git config --local --name-only --get-regexp 'http\.https\:\/\/github\.com\/\.extraheader' && git config --local --unset-all 'http.https://github.com/.extraheader' || :"
Status Check - Keycloak CI	UNKNOWN STEP	2025-08-12T09:17:09.3639147Z Cleaning up orphan processes
