Test remote (slow)	UNKNOWN STEP	ï»¿2025-08-26T05:13:36.3977797Z Current runner version: '2.328.0'
Test remote (slow)	UNKNOWN STEP	2025-08-26T05:13:36.4002541Z ##[group]Runner Image Provisioner
Test remote (slow)	UNKNOWN STEP	2025-08-26T05:13:36.4003303Z Hosted Compute Agent
Test remote (slow)	UNKNOWN STEP	2025-08-26T05:13:36.4003964Z Version: 20250818.377
Test remote (slow)	UNKNOWN STEP	2025-08-26T05:13:36.4004616Z Commit: 3c593e9f75fe0b87e893bca80d6e12ba089c61fc
Test remote (slow)	UNKNOWN STEP	2025-08-26T05:13:36.4005307Z Build Date: 2025-08-18T14:52:18Z
Test remote (slow)	UNKNOWN STEP	2025-08-26T05:13:36.4005972Z ##[endgroup]
Test remote (slow)	UNKNOWN STEP	2025-08-26T05:13:36.4006538Z ##[group]Operating System
Test remote (slow)	UNKNOWN STEP	2025-08-26T05:13:36.4007121Z Ubuntu
Test remote (slow)	UNKNOWN STEP	2025-08-26T05:13:36.4007775Z 24.04.2
Test remote (slow)	UNKNOWN STEP	2025-08-26T05:13:36.4008307Z LTS
Test remote (slow)	UNKNOWN STEP	2025-08-26T05:13:36.4008751Z ##[endgroup]
Test remote (slow)	UNKNOWN STEP	2025-08-26T05:13:36.4009311Z ##[group]Runner Image
Test remote (slow)	UNKNOWN STEP	2025-08-26T05:13:36.4009922Z Image: ubuntu-24.04
Test remote (slow)	UNKNOWN STEP	2025-08-26T05:13:36.4010413Z Version: 20250818.1.0
Test remote (slow)	UNKNOWN STEP	2025-08-26T05:13:36.4011487Z Included Software: https://github.com/actions/runner-images/blob/ubuntu24/20250818.1/images/ubuntu/Ubuntu2404-Readme.md
Test remote (slow)	UNKNOWN STEP	2025-08-26T05:13:36.4013022Z Image Release: https://github.com/actions/runner-images/releases/tag/ubuntu24%2F20250818.1
Test remote (slow)	UNKNOWN STEP	2025-08-26T05:13:36.4014041Z ##[endgroup]
Test remote (slow)	UNKNOWN STEP	2025-08-26T05:13:36.4015091Z ##[group]GITHUB_TOKEN Permissions
Test remote (slow)	UNKNOWN STEP	2025-08-26T05:13:36.4017048Z Contents: read
Test remote (slow)	UNKNOWN STEP	2025-08-26T05:13:36.4017854Z Metadata: read
Test remote (slow)	UNKNOWN STEP	2025-08-26T05:13:36.4018368Z ##[endgroup]
Test remote (slow)	UNKNOWN STEP	2025-08-26T05:13:36.4020552Z Secret source: None
Test remote (slow)	UNKNOWN STEP	2025-08-26T05:13:36.4021290Z Prepare workflow directory
Test remote (slow)	UNKNOWN STEP	2025-08-26T05:13:36.4420905Z Prepare all required actions
Test remote (slow)	UNKNOWN STEP	2025-08-26T05:13:36.4459770Z Getting action download info
Test remote (slow)	UNKNOWN STEP	2025-08-26T05:13:36.7596595Z Download action repository 'actions/checkout@11bd71901bbe5b1630ceea73d27597364c9af683' (SHA:11bd71901bbe5b1630ceea73d27597364c9af683)
Test remote (slow)	UNKNOWN STEP	2025-08-26T05:13:36.8686243Z Download action repository 'manusa/actions-setup-minikube@b589f2d61bf96695c546929c72b38563e856059d' (SHA:b589f2d61bf96695c546929c72b38563e856059d)
Test remote (slow)	UNKNOWN STEP	2025-08-26T05:13:37.2962402Z Download action repository 'actions/download-artifact@d3f86a106a0bac45b974a628896c90dbdf5c8093' (SHA:d3f86a106a0bac45b974a628896c90dbdf5c8093)
Test remote (slow)	UNKNOWN STEP	2025-08-26T05:13:37.6157895Z Complete job name: Test remote (slow)
Test remote (slow)	UNKNOWN STEP	2025-08-26T05:13:37.6830640Z ##[group]Run actions/checkout@11bd71901bbe5b1630ceea73d27597364c9af683
Test remote (slow)	UNKNOWN STEP	2025-08-26T05:13:37.6831708Z with:
Test remote (slow)	UNKNOWN STEP	2025-08-26T05:13:37.6832145Z   repository: keycloak/keycloak
Test remote (slow)	UNKNOWN STEP	2025-08-26T05:13:37.6832846Z   token: ***
Test remote (slow)	UNKNOWN STEP	2025-08-26T05:13:37.6833269Z   ssh-strict: true
Test remote (slow)	UNKNOWN STEP	2025-08-26T05:13:37.6833695Z   ssh-user: git
Test remote (slow)	UNKNOWN STEP	2025-08-26T05:13:37.6834134Z   persist-credentials: true
Test remote (slow)	UNKNOWN STEP	2025-08-26T05:13:37.6834625Z   clean: true
Test remote (slow)	UNKNOWN STEP	2025-08-26T05:13:37.6835064Z   sparse-checkout-cone-mode: true
Test remote (slow)	UNKNOWN STEP	2025-08-26T05:13:37.6835583Z   fetch-depth: 1
Test remote (slow)	UNKNOWN STEP	2025-08-26T05:13:37.6835996Z   fetch-tags: false
Test remote (slow)	UNKNOWN STEP	2025-08-26T05:13:37.6836423Z   show-progress: true
Test remote (slow)	UNKNOWN STEP	2025-08-26T05:13:37.6836867Z   lfs: false
Test remote (slow)	UNKNOWN STEP	2025-08-26T05:13:37.6837265Z   submodules: false
Test remote (slow)	UNKNOWN STEP	2025-08-26T05:13:37.6837863Z   set-safe-directory: true
Test remote (slow)	UNKNOWN STEP	2025-08-26T05:13:37.6838572Z env:
Test remote (slow)	UNKNOWN STEP	2025-08-26T05:13:37.6839157Z   MAVEN_ARGS: -B -nsu -Daether.connector.http.connectionMaxTtl=25
Test remote (slow)	UNKNOWN STEP	2025-08-26T05:13:37.6839838Z   MINIKUBE_VERSION: v1.32.0
Test remote (slow)	UNKNOWN STEP	2025-08-26T05:13:37.6840380Z   KUBERNETES_VERSION: v1.27.10
Test remote (slow)	UNKNOWN STEP	2025-08-26T05:13:37.6840879Z   MINIKUBE_MEMORY: 4096
Test remote (slow)	UNKNOWN STEP	2025-08-26T05:13:37.6841322Z ##[endgroup]
Test remote (slow)	UNKNOWN STEP	2025-08-26T05:13:37.7912822Z Syncing repository: keycloak/keycloak
Test remote (slow)	UNKNOWN STEP	2025-08-26T05:13:37.7915061Z ##[group]Getting Git version info
Test remote (slow)	UNKNOWN STEP	2025-08-26T05:13:37.7915786Z Working directory is '/home/runner/work/keycloak/keycloak'
Test remote (slow)	UNKNOWN STEP	2025-08-26T05:13:37.7916868Z [command]/usr/bin/git version
Test remote (slow)	UNKNOWN STEP	2025-08-26T05:13:37.7964423Z git version 2.51.0
Test remote (slow)	UNKNOWN STEP	2025-08-26T05:13:37.7991022Z ##[endgroup]
Test remote (slow)	UNKNOWN STEP	2025-08-26T05:13:37.8005345Z Temporarily overriding HOME='/home/runner/work/_temp/e967ea7c-edb1-4838-9d70-73834791f5d9' before making global git config changes
Test remote (slow)	UNKNOWN STEP	2025-08-26T05:13:37.8006681Z Adding repository directory to the temporary git global config as a safe directory
Test remote (slow)	UNKNOWN STEP	2025-08-26T05:13:37.8010662Z [command]/usr/bin/git config --global --add safe.directory /home/runner/work/keycloak/keycloak
Test remote (slow)	UNKNOWN STEP	2025-08-26T05:13:37.8044774Z Deleting the contents of '/home/runner/work/keycloak/keycloak'
Test remote (slow)	UNKNOWN STEP	2025-08-26T05:13:37.8048248Z ##[group]Initializing the repository
Test remote (slow)	UNKNOWN STEP	2025-08-26T05:13:37.8052369Z [command]/usr/bin/git init /home/runner/work/keycloak/keycloak
Test remote (slow)	UNKNOWN STEP	2025-08-26T05:13:37.8117313Z hint: Using 'master' as the name for the initial branch. This default branch name
Test remote (slow)	UNKNOWN STEP	2025-08-26T05:13:37.8119067Z hint: is subject to change. To configure the initial branch name to use in all
Test remote (slow)	UNKNOWN STEP	2025-08-26T05:13:37.8120519Z hint: of your new repositories, which will suppress this warning, call:
Test remote (slow)	UNKNOWN STEP	2025-08-26T05:13:37.8121898Z hint:
Test remote (slow)	UNKNOWN STEP	2025-08-26T05:13:37.8122899Z hint: 	git config --global init.defaultBranch <name>
Test remote (slow)	UNKNOWN STEP	2025-08-26T05:13:37.8124097Z hint:
Test remote (slow)	UNKNOWN STEP	2025-08-26T05:13:37.8125382Z hint: Names commonly chosen instead of 'master' are 'main', 'trunk' and
Test remote (slow)	UNKNOWN STEP	2025-08-26T05:13:37.8127215Z hint: 'development'. The just-created branch can be renamed via this command:
Test remote (slow)	UNKNOWN STEP	2025-08-26T05:13:37.8128783Z hint:
Test remote (slow)	UNKNOWN STEP	2025-08-26T05:13:37.8129664Z hint: 	git branch -m <name>
Test remote (slow)	UNKNOWN STEP	2025-08-26T05:13:37.8130595Z hint:
Test remote (slow)	UNKNOWN STEP	2025-08-26T05:13:37.8131787Z hint: Disable this message with "git config set advice.defaultBranchName false"
Test remote (slow)	UNKNOWN STEP	2025-08-26T05:13:37.8133985Z Initialized empty Git repository in /home/runner/work/keycloak/keycloak/.git/
Test remote (slow)	UNKNOWN STEP	2025-08-26T05:13:37.8136779Z [command]/usr/bin/git remote add origin https://github.com/keycloak/keycloak
Test remote (slow)	UNKNOWN STEP	2025-08-26T05:13:37.8166891Z ##[endgroup]
Test remote (slow)	UNKNOWN STEP	2025-08-26T05:13:37.8168673Z ##[group]Disabling automatic garbage collection
Test remote (slow)	UNKNOWN STEP	2025-08-26T05:13:37.8171833Z [command]/usr/bin/git config --local gc.auto 0
Test remote (slow)	UNKNOWN STEP	2025-08-26T05:13:37.8200209Z ##[endgroup]
Test remote (slow)	UNKNOWN STEP	2025-08-26T05:13:37.8201651Z ##[group]Setting up auth
Test remote (slow)	UNKNOWN STEP	2025-08-26T05:13:37.8207931Z [command]/usr/bin/git config --local --name-only --get-regexp core\.sshCommand
Test remote (slow)	UNKNOWN STEP	2025-08-26T05:13:37.8238546Z [command]/usr/bin/git submodule foreach --recursive sh -c "git config --local --name-only --get-regexp 'core\.sshCommand' && git config --local --unset-all 'core.sshCommand' || :"
Test remote (slow)	UNKNOWN STEP	2025-08-26T05:13:37.8503812Z [command]/usr/bin/git config --local --name-only --get-regexp http\.https\:\/\/github\.com\/\.extraheader
Test remote (slow)	UNKNOWN STEP	2025-08-26T05:13:37.8535172Z [command]/usr/bin/git submodule foreach --recursive sh -c "git config --local --name-only --get-regexp 'http\.https\:\/\/github\.com\/\.extraheader' && git config --local --unset-all 'http.https://github.com/.extraheader' || :"
Test remote (slow)	UNKNOWN STEP	2025-08-26T05:13:37.8756351Z [command]/usr/bin/git config --local http.https://github.com/.extraheader AUTHORIZATION: basic ***
Test remote (slow)	UNKNOWN STEP	2025-08-26T05:13:37.8790618Z ##[endgroup]
Test remote (slow)	UNKNOWN STEP	2025-08-26T05:13:37.8791528Z ##[group]Fetching the repository
Test remote (slow)	UNKNOWN STEP	2025-08-26T05:13:37.8799593Z [command]/usr/bin/git -c protocol.version=2 fetch --no-tags --prune --no-recurse-submodules --depth=1 origin +cc174c4377c10fec5399540a1adfdbbba49387e4:refs/remotes/pull/42080/merge
Test remote (slow)	UNKNOWN STEP	2025-08-26T05:13:40.7640838Z From https://github.com/keycloak/keycloak
Test remote (slow)	UNKNOWN STEP	2025-08-26T05:13:40.7644501Z  * [new ref]         cc174c4377c10fec5399540a1adfdbbba49387e4 -> pull/42080/merge
Test remote (slow)	UNKNOWN STEP	2025-08-26T05:13:40.7674276Z ##[endgroup]
Test remote (slow)	UNKNOWN STEP	2025-08-26T05:13:40.7674978Z ##[group]Determining the checkout info
Test remote (slow)	UNKNOWN STEP	2025-08-26T05:13:40.7676414Z ##[endgroup]
Test remote (slow)	UNKNOWN STEP	2025-08-26T05:13:40.7681924Z [command]/usr/bin/git sparse-checkout disable
Test remote (slow)	UNKNOWN STEP	2025-08-26T05:13:40.7719886Z [command]/usr/bin/git config --local --unset-all extensions.worktreeConfig
Test remote (slow)	UNKNOWN STEP	2025-08-26T05:13:40.7748821Z ##[group]Checking out the ref
Test remote (slow)	UNKNOWN STEP	2025-08-26T05:13:40.7753193Z [command]/usr/bin/git checkout --progress --force refs/remotes/pull/42080/merge
Test remote (slow)	UNKNOWN STEP	2025-08-26T05:13:41.5777285Z Note: switching to 'refs/remotes/pull/42080/merge'.
Test remote (slow)	UNKNOWN STEP	2025-08-26T05:13:41.5778194Z 
Test remote (slow)	UNKNOWN STEP	2025-08-26T05:13:41.5783027Z You are in 'detached HEAD' state. You can look around, make experimental
Test remote (slow)	UNKNOWN STEP	2025-08-26T05:13:41.5783974Z changes and commit them, and you can discard any commits you make in this
Test remote (slow)	UNKNOWN STEP	2025-08-26T05:13:41.5784676Z state without impacting any branches by switching back to a branch.
Test remote (slow)	UNKNOWN STEP	2025-08-26T05:13:41.5785032Z 
Test remote (slow)	UNKNOWN STEP	2025-08-26T05:13:41.5785384Z If you want to create a new branch to retain commits you create, you may
Test remote (slow)	UNKNOWN STEP	2025-08-26T05:13:41.5786042Z do so (now or later) by using -c with the switch command. Example:
Test remote (slow)	UNKNOWN STEP	2025-08-26T05:13:41.5786409Z 
Test remote (slow)	UNKNOWN STEP	2025-08-26T05:13:41.5786577Z   git switch -c <new-branch-name>
Test remote (slow)	UNKNOWN STEP	2025-08-26T05:13:41.5787179Z 
Test remote (slow)	UNKNOWN STEP	2025-08-26T05:13:41.5787441Z Or undo this operation with:
Test remote (slow)	UNKNOWN STEP	2025-08-26T05:13:41.5787906Z 
Test remote (slow)	UNKNOWN STEP	2025-08-26T05:13:41.5788108Z   git switch -
Test remote (slow)	UNKNOWN STEP	2025-08-26T05:13:41.5788367Z 
Test remote (slow)	UNKNOWN STEP	2025-08-26T05:13:41.5788702Z Turn off this advice by setting config variable advice.detachedHead to false
Test remote (slow)	UNKNOWN STEP	2025-08-26T05:13:41.5789113Z 
Test remote (slow)	UNKNOWN STEP	2025-08-26T05:13:41.5789632Z HEAD is now at cc174c4 Merge 017a4ff6bed4d0b234a1e01decb67770b3b45f9d into ee771fe8a0252c31afb60b6e107b419113bae8df
Test remote (slow)	UNKNOWN STEP	2025-08-26T05:13:41.5811084Z ##[endgroup]
Test remote (slow)	UNKNOWN STEP	2025-08-26T05:13:41.5850246Z [command]/usr/bin/git log -1 --format=%H
Test remote (slow)	UNKNOWN STEP	2025-08-26T05:13:41.5872776Z cc174c4377c10fec5399540a1adfdbbba49387e4
Test remote (slow)	UNKNOWN STEP	2025-08-26T05:13:41.6063042Z ##[group]Run echo "version_remote=0.0.1-${GITHUB_SHA::6}" >> $GITHUB_ENV
Test remote (slow)	UNKNOWN STEP	2025-08-26T05:13:41.6063773Z [36;1mecho "version_remote=0.0.1-${GITHUB_SHA::6}" >> $GITHUB_ENV[0m
Test remote (slow)	UNKNOWN STEP	2025-08-26T05:13:41.6135525Z shell: /usr/bin/bash --noprofile --norc -e -o pipefail {0}
Test remote (slow)	UNKNOWN STEP	2025-08-26T05:13:41.6136012Z env:
Test remote (slow)	UNKNOWN STEP	2025-08-26T05:13:41.6136424Z   MAVEN_ARGS: -B -nsu -Daether.connector.http.connectionMaxTtl=25
Test remote (slow)	UNKNOWN STEP	2025-08-26T05:13:41.6137013Z   MINIKUBE_VERSION: v1.32.0
Test remote (slow)	UNKNOWN STEP	2025-08-26T05:13:41.6137396Z   KUBERNETES_VERSION: v1.27.10
Test remote (slow)	UNKNOWN STEP	2025-08-26T05:13:41.6137990Z   MINIKUBE_MEMORY: 4096
Test remote (slow)	UNKNOWN STEP	2025-08-26T05:13:41.6138445Z ##[endgroup]
Test remote (slow)	UNKNOWN STEP	2025-08-26T05:13:41.6399130Z Prepare all required actions
Test remote (slow)	UNKNOWN STEP	2025-08-26T05:13:41.6399742Z Getting action download info
Test remote (slow)	UNKNOWN STEP	2025-08-26T05:13:41.8040110Z Download action repository 'actions/setup-java@c5195efecf7bdfc987ee8bae7a71cb8b11521c00' (SHA:c5195efecf7bdfc987ee8bae7a71cb8b11521c00)
Test remote (slow)	UNKNOWN STEP	2025-08-26T05:13:42.0833832Z ##[group]Run ./.github/actions/java-setup
Test remote (slow)	UNKNOWN STEP	2025-08-26T05:13:42.0834126Z with:
Test remote (slow)	UNKNOWN STEP	2025-08-26T05:13:42.0834312Z   distribution: temurin
Test remote (slow)	UNKNOWN STEP	2025-08-26T05:13:42.0834510Z   java-version: 21
Test remote (slow)	UNKNOWN STEP	2025-08-26T05:13:42.0834684Z env:
Test remote (slow)	UNKNOWN STEP	2025-08-26T05:13:42.0834933Z   MAVEN_ARGS: -B -nsu -Daether.connector.http.connectionMaxTtl=25
Test remote (slow)	UNKNOWN STEP	2025-08-26T05:13:42.0835265Z   MINIKUBE_VERSION: v1.32.0
Test remote (slow)	UNKNOWN STEP	2025-08-26T05:13:42.0835488Z   KUBERNETES_VERSION: v1.27.10
Test remote (slow)	UNKNOWN STEP	2025-08-26T05:13:42.0835698Z   MINIKUBE_MEMORY: 4096
Test remote (slow)	UNKNOWN STEP	2025-08-26T05:13:42.0835916Z   version_remote: 0.0.1-cc174c
Test remote (slow)	UNKNOWN STEP	2025-08-26T05:13:42.0836123Z ##[endgroup]
Test remote (slow)	UNKNOWN STEP	2025-08-26T05:13:42.0976326Z ##[group]Run actions/setup-java@c5195efecf7bdfc987ee8bae7a71cb8b11521c00
Test remote (slow)	UNKNOWN STEP	2025-08-26T05:13:42.0976729Z with:
Test remote (slow)	UNKNOWN STEP	2025-08-26T05:13:42.0976922Z   distribution: temurin
Test remote (slow)	UNKNOWN STEP	2025-08-26T05:13:42.0977133Z   java-version: 21
Test remote (slow)	UNKNOWN STEP	2025-08-26T05:13:42.0977313Z   java-package: jdk
Test remote (slow)	UNKNOWN STEP	2025-08-26T05:13:42.0977504Z   check-latest: false
Test remote (slow)	UNKNOWN STEP	2025-08-26T05:13:42.0978186Z   server-id: github
Test remote (slow)	UNKNOWN STEP	2025-08-26T05:13:42.0978413Z   server-username: GITHUB_ACTOR
Test remote (slow)	UNKNOWN STEP	2025-08-26T05:13:42.0978649Z   server-password: GITHUB_TOKEN
Test remote (slow)	UNKNOWN STEP	2025-08-26T05:13:42.0978880Z   overwrite-settings: true
Test remote (slow)	UNKNOWN STEP	2025-08-26T05:13:42.0979091Z   job-status: success
Test remote (slow)	UNKNOWN STEP	2025-08-26T05:13:42.0979402Z   token: ***
Test remote (slow)	UNKNOWN STEP	2025-08-26T05:13:42.0979581Z env:
Test remote (slow)	UNKNOWN STEP	2025-08-26T05:13:42.0979837Z   MAVEN_ARGS: -B -nsu -Daether.connector.http.connectionMaxTtl=25
Test remote (slow)	UNKNOWN STEP	2025-08-26T05:13:42.0980183Z   MINIKUBE_VERSION: v1.32.0
Test remote (slow)	UNKNOWN STEP	2025-08-26T05:13:42.0980450Z   KUBERNETES_VERSION: v1.27.10
Test remote (slow)	UNKNOWN STEP	2025-08-26T05:13:42.0980698Z   MINIKUBE_MEMORY: 4096
Test remote (slow)	UNKNOWN STEP	2025-08-26T05:13:42.0980910Z   version_remote: 0.0.1-cc174c
Test remote (slow)	UNKNOWN STEP	2025-08-26T05:13:42.0981142Z ##[endgroup]
Test remote (slow)	UNKNOWN STEP	2025-08-26T05:13:42.2909841Z ##[group]Installed distributions
Test remote (slow)	UNKNOWN STEP	2025-08-26T05:13:42.3139195Z Resolved Java 21.0.8+9 from tool-cache
Test remote (slow)	UNKNOWN STEP	2025-08-26T05:13:42.3139696Z Setting Java 21.0.8+9 as the default
Test remote (slow)	UNKNOWN STEP	2025-08-26T05:13:42.3160535Z Creating toolchains.xml for JDK version 21 from temurin
Test remote (slow)	UNKNOWN STEP	2025-08-26T05:13:42.3286444Z Writing to /home/runner/.m2/toolchains.xml
Test remote (slow)	UNKNOWN STEP	2025-08-26T05:13:42.3287208Z 
Test remote (slow)	UNKNOWN STEP	2025-08-26T05:13:42.3287425Z Java configuration:
Test remote (slow)	UNKNOWN STEP	2025-08-26T05:13:42.3287996Z   Distribution: temurin
Test remote (slow)	UNKNOWN STEP	2025-08-26T05:13:42.3288356Z   Version: 21.0.8+9
Test remote (slow)	UNKNOWN STEP	2025-08-26T05:13:42.3289187Z   Path: /opt/hostedtoolcache/Java_Temurin-Hotspot_jdk/21.0.8-9/x64
Test remote (slow)	UNKNOWN STEP	2025-08-26T05:13:42.3289686Z 
Test remote (slow)	UNKNOWN STEP	2025-08-26T05:13:42.3292034Z ##[endgroup]
Test remote (slow)	UNKNOWN STEP	2025-08-26T05:13:42.3308536Z Creating settings.xml with server-id: github
Test remote (slow)	UNKNOWN STEP	2025-08-26T05:13:42.3316512Z Writing to /home/runner/.m2/settings.xml
Test remote (slow)	UNKNOWN STEP	2025-08-26T05:13:42.3487332Z ##[group]Run manusa/actions-setup-minikube@b589f2d61bf96695c546929c72b38563e856059d
Test remote (slow)	UNKNOWN STEP	2025-08-26T05:13:42.3488121Z with:
Test remote (slow)	UNKNOWN STEP	2025-08-26T05:13:42.3488318Z   minikube version: v1.32.0
Test remote (slow)	UNKNOWN STEP	2025-08-26T05:13:42.3488551Z   kubernetes version: v1.27.10
Test remote (slow)	UNKNOWN STEP	2025-08-26T05:13:42.3489008Z   github token: ***
Test remote (slow)	UNKNOWN STEP	2025-08-26T05:13:42.3489201Z   driver: docker
Test remote (slow)	UNKNOWN STEP	2025-08-26T05:13:42.3489478Z   start args: --addons=ingress --memory=4096 --cni cilium --cpus=max
Test remote (slow)	UNKNOWN STEP	2025-08-26T05:13:42.3489801Z env:
Test remote (slow)	UNKNOWN STEP	2025-08-26T05:13:42.3490061Z   MAVEN_ARGS: -B -nsu -Daether.connector.http.connectionMaxTtl=25
Test remote (slow)	UNKNOWN STEP	2025-08-26T05:13:42.3490390Z   MINIKUBE_VERSION: v1.32.0
Test remote (slow)	UNKNOWN STEP	2025-08-26T05:13:42.3490611Z   KUBERNETES_VERSION: v1.27.10
Test remote (slow)	UNKNOWN STEP	2025-08-26T05:13:42.3490822Z   MINIKUBE_MEMORY: 4096
Test remote (slow)	UNKNOWN STEP	2025-08-26T05:13:42.3491020Z   version_remote: 0.0.1-cc174c
Test remote (slow)	UNKNOWN STEP	2025-08-26T05:13:42.3491337Z   JAVA_HOME: /opt/hostedtoolcache/Java_Temurin-Hotspot_jdk/21.0.8-9/x64
Test remote (slow)	UNKNOWN STEP	2025-08-26T05:13:42.3491809Z   JAVA_HOME_21_X64: /opt/hostedtoolcache/Java_Temurin-Hotspot_jdk/21.0.8-9/x64
Test remote (slow)	UNKNOWN STEP	2025-08-26T05:13:42.3492156Z ##[endgroup]
Test remote (slow)	UNKNOWN STEP	2025-08-26T05:13:42.4715926Z Loading input variables
Test remote (slow)	UNKNOWN STEP	2025-08-26T05:13:42.4719051Z Updating Environment configuration to support Minikube
Test remote (slow)	UNKNOWN STEP	2025-08-26T05:13:42.4903841Z 
Test remote (slow)	UNKNOWN STEP	2025-08-26T05:13:42.4904425Z WARNING: apt does not have a stable CLI interface. Use with caution in scripts.
Test remote (slow)	UNKNOWN STEP	2025-08-26T05:13:42.4904801Z 
Test remote (slow)	UNKNOWN STEP	2025-08-26T05:13:42.6171692Z Get:1 file:/etc/apt/apt-mirrors.txt Mirrorlist [144 B]
Test remote (slow)	UNKNOWN STEP	2025-08-26T05:13:42.6699350Z Hit:6 https://packages.microsoft.com/repos/azure-cli noble InRelease
Test remote (slow)	UNKNOWN STEP	2025-08-26T05:13:42.6700580Z Hit:2 http://azure.archive.ubuntu.com/ubuntu noble InRelease
Test remote (slow)	UNKNOWN STEP	2025-08-26T05:13:42.6703278Z Get:7 https://packages.microsoft.com/ubuntu/24.04/prod noble InRelease [3600 B]
Test remote (slow)	UNKNOWN STEP	2025-08-26T05:13:42.6735600Z Get:3 http://azure.archive.ubuntu.com/ubuntu noble-updates InRelease [126 kB]
Test remote (slow)	UNKNOWN STEP	2025-08-26T05:13:42.6782593Z Get:4 http://azure.archive.ubuntu.com/ubuntu noble-backports InRelease [126 kB]
Test remote (slow)	UNKNOWN STEP	2025-08-26T05:13:42.6810865Z Get:5 http://azure.archive.ubuntu.com/ubuntu noble-security InRelease [126 kB]
Test remote (slow)	UNKNOWN STEP	2025-08-26T05:13:42.9723314Z Get:8 http://azure.archive.ubuntu.com/ubuntu noble-updates/main amd64 Packages [1352 kB]
Test remote (slow)	UNKNOWN STEP	2025-08-26T05:13:42.9774792Z Get:18 https://packages.microsoft.com/ubuntu/24.04/prod noble/main amd64 Packages [49.3 kB]
Test remote (slow)	UNKNOWN STEP	2025-08-26T05:13:42.9885349Z Get:9 http://azure.archive.ubuntu.com/ubuntu noble-updates/main Translation-en [269 kB]
Test remote (slow)	UNKNOWN STEP	2025-08-26T05:13:42.9910557Z Get:10 http://azure.archive.ubuntu.com/ubuntu noble-updates/main amd64 Components [175 kB]
Test remote (slow)	UNKNOWN STEP	2025-08-26T05:13:42.9930781Z Get:11 http://azure.archive.ubuntu.com/ubuntu noble-updates/universe amd64 Packages [1123 kB]
Test remote (slow)	UNKNOWN STEP	2025-08-26T05:13:43.0014765Z Get:19 https://packages.microsoft.com/ubuntu/24.04/prod noble/main armhf Packages [9870 B]
Test remote (slow)	UNKNOWN STEP	2025-08-26T05:13:43.0039277Z Get:12 http://azure.archive.ubuntu.com/ubuntu noble-updates/universe Translation-en [288 kB]
Test remote (slow)	UNKNOWN STEP	2025-08-26T05:13:43.0067486Z Get:13 http://azure.archive.ubuntu.com/ubuntu noble-updates/universe amd64 Components [377 kB]
Test remote (slow)	UNKNOWN STEP	2025-08-26T05:13:43.0103648Z Get:14 http://azure.archive.ubuntu.com/ubuntu noble-updates/restricted amd64 Packages [1731 kB]
Test remote (slow)	UNKNOWN STEP	2025-08-26T05:13:43.0183447Z Get:20 https://packages.microsoft.com/ubuntu/24.04/prod noble/main arm64 Packages [33.3 kB]
Test remote (slow)	UNKNOWN STEP	2025-08-26T05:13:43.0242037Z Get:15 http://azure.archive.ubuntu.com/ubuntu noble-updates/restricted Translation-en [384 kB]
Test remote (slow)	UNKNOWN STEP	2025-08-26T05:13:43.0248759Z Get:16 http://azure.archive.ubuntu.com/ubuntu noble-updates/restricted amd64 Components [212 B]
Test remote (slow)	UNKNOWN STEP	2025-08-26T05:13:43.0255718Z Get:17 http://azure.archive.ubuntu.com/ubuntu noble-updates/multiverse amd64 Components [940 B]
Test remote (slow)	UNKNOWN STEP	2025-08-26T05:13:43.0682011Z Get:21 http://azure.archive.ubuntu.com/ubuntu noble-backports/main amd64 Components [7088 B]
Test remote (slow)	UNKNOWN STEP	2025-08-26T05:13:43.0691859Z Get:22 http://azure.archive.ubuntu.com/ubuntu noble-backports/universe amd64 Components [19.2 kB]
Test remote (slow)	UNKNOWN STEP	2025-08-26T05:13:43.0700356Z Get:23 http://azure.archive.ubuntu.com/ubuntu noble-backports/restricted amd64 Components [216 B]
Test remote (slow)	UNKNOWN STEP	2025-08-26T05:13:43.0707989Z Get:24 http://azure.archive.ubuntu.com/ubuntu noble-backports/multiverse amd64 Components [212 B]
Test remote (slow)	UNKNOWN STEP	2025-08-26T05:13:43.0810673Z Get:25 http://azure.archive.ubuntu.com/ubuntu noble-security/main amd64 Packages [1083 kB]
Test remote (slow)	UNKNOWN STEP	2025-08-26T05:13:43.0897318Z Get:26 http://azure.archive.ubuntu.com/ubuntu noble-security/main Translation-en [187 kB]
Test remote (slow)	UNKNOWN STEP	2025-08-26T05:13:43.0919130Z Get:27 http://azure.archive.ubuntu.com/ubuntu noble-security/main amd64 Components [21.5 kB]
Test remote (slow)	UNKNOWN STEP	2025-08-26T05:13:43.0942012Z Get:28 http://azure.archive.ubuntu.com/ubuntu noble-security/universe amd64 Packages [881 kB]
Test remote (slow)	UNKNOWN STEP	2025-08-26T05:13:43.1001655Z Get:29 http://azure.archive.ubuntu.com/ubuntu noble-security/universe Translation-en [195 kB]
Test remote (slow)	UNKNOWN STEP	2025-08-26T05:13:43.1024559Z Get:30 http://azure.archive.ubuntu.com/ubuntu noble-security/universe amd64 Components [52.3 kB]
Test remote (slow)	UNKNOWN STEP	2025-08-26T05:13:43.1036483Z Get:31 http://azure.archive.ubuntu.com/ubuntu noble-security/restricted amd64 Packages [1631 kB]
Test remote (slow)	UNKNOWN STEP	2025-08-26T05:13:43.1162111Z Get:32 http://azure.archive.ubuntu.com/ubuntu noble-security/restricted Translation-en [361 kB]
Test remote (slow)	UNKNOWN STEP	2025-08-26T05:13:43.1195336Z Get:33 http://azure.archive.ubuntu.com/ubuntu noble-security/restricted amd64 Components [212 B]
Test remote (slow)	UNKNOWN STEP	2025-08-26T05:13:43.1202822Z Get:34 http://azure.archive.ubuntu.com/ubuntu noble-security/multiverse amd64 Components [208 B]
Test remote (slow)	UNKNOWN STEP	2025-08-26T05:13:50.5625156Z Fetched 10.6 MB in 1s (7206 kB/s)
Test remote (slow)	UNKNOWN STEP	2025-08-26T05:13:51.3103165Z Reading package lists...
Test remote (slow)	UNKNOWN STEP	2025-08-26T05:13:51.4820309Z Building dependency tree...
Test remote (slow)	UNKNOWN STEP	2025-08-26T05:13:51.4827876Z Reading state information...
Test remote (slow)	UNKNOWN STEP	2025-08-26T05:13:51.4998907Z 27 packages can be upgraded. Run 'apt list --upgradable' to see them.
Test remote (slow)	UNKNOWN STEP	2025-08-26T05:13:51.5304697Z Reading package lists...
Test remote (slow)	UNKNOWN STEP	2025-08-26T05:13:51.7349392Z Building dependency tree...
Test remote (slow)	UNKNOWN STEP	2025-08-26T05:13:51.7356742Z Reading state information...
Test remote (slow)	UNKNOWN STEP	2025-08-26T05:13:51.9322023Z The following NEW packages will be installed:
Test remote (slow)	UNKNOWN STEP	2025-08-26T05:13:51.9331324Z   conntrack
Test remote (slow)	UNKNOWN STEP	2025-08-26T05:13:51.9509110Z 0 upgraded, 1 newly installed, 0 to remove and 27 not upgraded.
Test remote (slow)	UNKNOWN STEP	2025-08-26T05:13:51.9509781Z Need to get 37.9 kB of archives.
Test remote (slow)	UNKNOWN STEP	2025-08-26T05:13:51.9510239Z After this operation, 119 kB of additional disk space will be used.
Test remote (slow)	UNKNOWN STEP	2025-08-26T05:13:51.9510629Z Get:1 file:/etc/apt/apt-mirrors.txt Mirrorlist [144 B]
Test remote (slow)	UNKNOWN STEP	2025-08-26T05:13:51.9829354Z Get:2 http://azure.archive.ubuntu.com/ubuntu noble/main amd64 conntrack amd64 1:1.4.8-1ubuntu1 [37.9 kB]
Test remote (slow)	UNKNOWN STEP	2025-08-26T05:13:52.2485167Z Fetched 37.9 kB in 0s (861 kB/s)
Test remote (slow)	UNKNOWN STEP	2025-08-26T05:13:52.2769354Z Selecting previously unselected package conntrack.
Test remote (slow)	UNKNOWN STEP	2025-08-26T05:13:52.3060109Z (Reading database ... 
Test remote (slow)	UNKNOWN STEP	2025-08-26T05:13:52.3060659Z (Reading database ... 5%
Test remote (slow)	UNKNOWN STEP	2025-08-26T05:13:52.3061108Z (Reading database ... 10%
Test remote (slow)	UNKNOWN STEP	2025-08-26T05:13:52.3061511Z (Reading database ... 15%
Test remote (slow)	UNKNOWN STEP	2025-08-26T05:13:52.3061781Z (Reading database ... 20%
Test remote (slow)	UNKNOWN STEP	2025-08-26T05:13:52.3062063Z (Reading database ... 25%
Test remote (slow)	UNKNOWN STEP	2025-08-26T05:13:52.3062326Z (Reading database ... 30%
Test remote (slow)	UNKNOWN STEP	2025-08-26T05:13:52.3062601Z (Reading database ... 35%
Test remote (slow)	UNKNOWN STEP	2025-08-26T05:13:52.3062879Z (Reading database ... 40%
Test remote (slow)	UNKNOWN STEP	2025-08-26T05:13:52.3063198Z (Reading database ... 45%
Test remote (slow)	UNKNOWN STEP	2025-08-26T05:13:52.3063583Z (Reading database ... 50%
Test remote (slow)	UNKNOWN STEP	2025-08-26T05:13:52.4093563Z (Reading database ... 55%
Test remote (slow)	UNKNOWN STEP	2025-08-26T05:13:52.5601190Z (Reading database ... 60%
Test remote (slow)	UNKNOWN STEP	2025-08-26T05:13:52.7652621Z (Reading database ... 65%
Test remote (slow)	UNKNOWN STEP	2025-08-26T05:13:52.9146681Z (Reading database ... 70%
Test remote (slow)	UNKNOWN STEP	2025-08-26T05:13:53.0126003Z (Reading database ... 75%
Test remote (slow)	UNKNOWN STEP	2025-08-26T05:13:53.4293970Z (Reading database ... 80%
Test remote (slow)	UNKNOWN STEP	2025-08-26T05:13:54.3380924Z (Reading database ... 85%
Test remote (slow)	UNKNOWN STEP	2025-08-26T05:13:55.1177274Z (Reading database ... 90%
Test remote (slow)	UNKNOWN STEP	2025-08-26T05:13:55.9112067Z (Reading database ... 95%
Test remote (slow)	UNKNOWN STEP	2025-08-26T05:13:55.9112417Z (Reading database ... 100%
Test remote (slow)	UNKNOWN STEP	2025-08-26T05:13:55.9112792Z (Reading database ... 219830 files and directories currently installed.)
Test remote (slow)	UNKNOWN STEP	2025-08-26T05:13:55.9158702Z Preparing to unpack .../conntrack_1%3a1.4.8-1ubuntu1_amd64.deb ...
Test remote (slow)	UNKNOWN STEP	2025-08-26T05:13:55.9183666Z Unpacking conntrack (1:1.4.8-1ubuntu1) ...
Test remote (slow)	UNKNOWN STEP	2025-08-26T05:13:55.9605969Z Setting up conntrack (1:1.4.8-1ubuntu1) ...
Test remote (slow)	UNKNOWN STEP	2025-08-26T05:13:55.9646255Z Processing triggers for man-db (2.12.0-4build2) ...
Test remote (slow)	UNKNOWN STEP	2025-08-26T05:13:59.3320044Z 
Test remote (slow)	UNKNOWN STEP	2025-08-26T05:13:59.3321399Z Running kernel seems to be up-to-date.
Test remote (slow)	UNKNOWN STEP	2025-08-26T05:13:59.3321755Z 
Test remote (slow)	UNKNOWN STEP	2025-08-26T05:13:59.3321882Z Restarting services...
Test remote (slow)	UNKNOWN STEP	2025-08-26T05:13:59.3405317Z 
Test remote (slow)	UNKNOWN STEP	2025-08-26T05:13:59.3405700Z Service restarts being deferred:
Test remote (slow)	UNKNOWN STEP	2025-08-26T05:13:59.3407879Z  systemctl restart hosted-compute-agent.service
Test remote (slow)	UNKNOWN STEP	2025-08-26T05:13:59.3408551Z 
Test remote (slow)	UNKNOWN STEP	2025-08-26T05:13:59.3408724Z No containers need to be restarted.
Test remote (slow)	UNKNOWN STEP	2025-08-26T05:13:59.3409004Z 
Test remote (slow)	UNKNOWN STEP	2025-08-26T05:13:59.3409189Z No user sessions are running outdated binaries.
Test remote (slow)	UNKNOWN STEP	2025-08-26T05:13:59.3409500Z 
Test remote (slow)	UNKNOWN STEP	2025-08-26T05:13:59.3409792Z No VM guests are running outdated hypervisor (qemu) binaries on this host.
Test remote (slow)	UNKNOWN STEP	2025-08-26T05:14:00.2588359Z fs.protected_regular = 0
Test remote (slow)	UNKNOWN STEP	2025-08-26T05:14:00.2598258Z Waiting for Docker to be ready
Test remote (slow)	UNKNOWN STEP	2025-08-26T05:14:00.3514150Z 28.0.4 - 28.0.4
Test remote (slow)	UNKNOWN STEP	2025-08-26T05:14:00.3530661Z Docker daemon is ready
Test remote (slow)	UNKNOWN STEP	2025-08-26T05:14:00.3535110Z Downloading Minikube  v1.32.0
Test remote (slow)	UNKNOWN STEP	2025-08-26T05:14:00.5632281Z Downloading from: https://github.com/kubernetes/minikube/releases/download/v1.32.0/minikube-linux-amd64
Test remote (slow)	UNKNOWN STEP	2025-08-26T05:14:01.2204832Z Installing Minikube
Test remote (slow)	UNKNOWN STEP	2025-08-26T05:14:01.2653297Z * minikube v1.32.0 on Ubuntu 24.04
Test remote (slow)	UNKNOWN STEP	2025-08-26T05:14:01.2660534Z   - MINIKUBE_VERSION=v1.32.0
Test remote (slow)	UNKNOWN STEP	2025-08-26T05:14:01.2665441Z   - MINIKUBE_MEMORY=4096
Test remote (slow)	UNKNOWN STEP	2025-08-26T05:14:01.2670803Z   - MINIKUBE_HOME=/home/runner/work/_temp
Test remote (slow)	UNKNOWN STEP	2025-08-26T05:14:01.3189451Z * minikube 1.36.0 is available! Download it: https://github.com/kubernetes/minikube/releases/tag/v1.36.0
Test remote (slow)	UNKNOWN STEP	2025-08-26T05:14:01.3199124Z * To disable this notice, run: 'minikube config set WantUpdateNotification false'
Test remote (slow)	UNKNOWN STEP	2025-08-26T05:14:01.3199696Z 
Test remote (slow)	UNKNOWN STEP	2025-08-26T05:14:04.0305468Z * Using the docker driver based on user configuration
Test remote (slow)	UNKNOWN STEP	2025-08-26T05:14:04.0838277Z * Using Docker driver with root privileges
Test remote (slow)	UNKNOWN STEP	2025-08-26T05:14:04.0851198Z * Starting control plane node minikube in cluster minikube
Test remote (slow)	UNKNOWN STEP	2025-08-26T05:14:04.0859869Z * Pulling base image ...
Test remote (slow)	UNKNOWN STEP	2025-08-26T05:14:04.1174659Z * Downloading Kubernetes v1.27.10 preload ...
Test remote (slow)	UNKNOWN STEP	2025-08-26T05:14:17.0001195Z * Creating docker container (CPUs=4, Memory=4096MB) ...
Test remote (slow)	UNKNOWN STEP	2025-08-26T05:14:28.8370200Z * Preparing Kubernetes v1.27.10 on Docker 24.0.7 ...
Test remote (slow)	UNKNOWN STEP	2025-08-26T05:14:39.8814001Z   - Generating certificates and keys ...
Test remote (slow)	UNKNOWN STEP	2025-08-26T05:14:39.8890552Z   - Booting up control plane ...
Test remote (slow)	UNKNOWN STEP	2025-08-26T05:14:39.8902481Z   - Configuring RBAC rules ...
Test remote (slow)	UNKNOWN STEP	2025-08-26T05:14:39.8940679Z * Configuring Cilium (Container Networking Interface) ...
Test remote (slow)	UNKNOWN STEP	2025-08-26T05:14:40.6949236Z   - Using image registry.k8s.io/ingress-nginx/kube-webhook-certgen:v20231011-8b53cabe0
Test remote (slow)	UNKNOWN STEP	2025-08-26T05:14:40.6956607Z   - Using image registry.k8s.io/ingress-nginx/controller:v1.9.4
Test remote (slow)	UNKNOWN STEP	2025-08-26T05:14:40.6960725Z   - Using image registry.k8s.io/ingress-nginx/kube-webhook-certgen:v20231011-8b53cabe0
Test remote (slow)	UNKNOWN STEP	2025-08-26T05:14:40.7043227Z   - Using image gcr.io/k8s-minikube/storage-provisioner:v5
Test remote (slow)	UNKNOWN STEP	2025-08-26T05:14:40.7081390Z * Verifying Kubernetes components...
Test remote (slow)	UNKNOWN STEP	2025-08-26T05:14:41.6723059Z * Verifying ingress addon...
Test remote (slow)	UNKNOWN STEP	2025-08-26T05:16:02.6818426Z * Enabled addons: storage-provisioner, default-storageclass, ingress
Test remote (slow)	UNKNOWN STEP	2025-08-26T05:16:06.4124331Z 
Test remote (slow)	UNKNOWN STEP	2025-08-26T05:16:06.4134738Z     > gcr.io/k8s-minikube/kicbase...:  1.62 KiB / 453.90 MiB [>_] 0.00% ? p/s ?    > gcr.io/k8s-minikube/kicbase...:  65.75 KiB / 453.90 MiB [>] 0.01% ? p/s ?    > gcr.io/k8s-minikube/kicbase...:  25.80 MiB / 453.90 MiB [>] 5.68% ? p/s ?    > gcr.io/k8s-minikube/kicbase...:  48.66 MiB / 453.90 MiB  10.72% 81.08 MiB    > gcr.io/k8s-minikube/kicbase...:  73.50 MiB / 453.90 MiB  16.19% 81.08 MiB    > gcr.io/k8s-minikube/kicbase...:  98.55 MiB / 453.90 MiB  21.71% 81.08 MiB    > gcr.io/k8s-minikube/kicbase...:  122.91 MiB / 453.90 MiB  27.08% 83.84 Mi    > gcr.io/k8s-minikube/kicbase...:  146.53 MiB / 453.90 MiB  32.28% 83.84 Mi    > gcr.io/k8s-minikube/kicbase...:  171.25 MiB / 453.90 MiB  37.73% 83.84 Mi    > gcr.io/k8s-minikube/kicbase...:  199.16 MiB / 453.90 MiB  43.88% 86.62 Mi    > gcr.io/k8s-minikube/kicbase...:  223.66 MiB / 453.90 MiB  49.28% 86.62 Mi    > gcr.io/k8s-minikube/kicbase...:  252.08 MiB / 453.90 MiB  55.54% 86.62 Mi    > gcr.io/k8s-minikube/kicbase...:  279.81 MiB / 453.90 MiB  61.65% 89.71 Mi    > gcr.io/k8s-minikube/kicbase...:  304.85 MiB / 453.90 MiB  67.16% 89.71 Mi    > gcr.io/k8s-minikube/kicbase...:  331.10 MiB / 453.90 MiB  72.94% 89.71 Mi    > gcr.io/k8s-minikube/kicbase...:  360.47 MiB / 453.90 MiB  79.42% 92.59 Mi    > gcr.io/k8s-minikube/kicbase...:  388.25 MiB / 453.90 MiB  85.54% 92.59 Mi    > gcr.io/k8s-minikube/kicbase...:  415.64 MiB / 453.90 MiB  91.57% 92.59 Mi    > gcr.io/k8s-minikube/kicbase...:  441.64 MiB / 453.90 MiB  97.30% 95.34 Mi    > gcr.io/k8s-minikube/kicbase...:  453.90 MiB / 453.90 MiB  100.00% 122.42 ! /usr/bin/kubectl is version 1.33.4, which may have incompatibilities with Kubernetes 1.27.10.
Test remote (slow)	UNKNOWN STEP	2025-08-26T05:16:06.4142406Z   - Want kubectl v1.27.10? Try 'minikube kubectl -- get pods -A'
Test remote (slow)	UNKNOWN STEP	2025-08-26T05:16:06.4146696Z * Done! kubectl is now configured to use "minikube" cluster and "default" namespace by default
Test remote (slow)	UNKNOWN STEP	2025-08-26T05:16:06.5045199Z minikube version: v1.32.0commit: 8220a6eb95f0a4d75f7f2d7b14cef975f050512d installed successfully
Test remote (slow)	UNKNOWN STEP	2025-08-26T05:16:06.5270078Z ##[group]Run actions/download-artifact@d3f86a106a0bac45b974a628896c90dbdf5c8093
Test remote (slow)	UNKNOWN STEP	2025-08-26T05:16:06.5270469Z with:
Test remote (slow)	UNKNOWN STEP	2025-08-26T05:16:06.5270633Z   name: keycloak-dist
Test remote (slow)	UNKNOWN STEP	2025-08-26T05:16:06.5270829Z   path: quarkus/container
Test remote (slow)	UNKNOWN STEP	2025-08-26T05:16:06.5271024Z   merge-multiple: false
Test remote (slow)	UNKNOWN STEP	2025-08-26T05:16:06.5271224Z   repository: keycloak/keycloak
Test remote (slow)	UNKNOWN STEP	2025-08-26T05:16:06.5271423Z   run-id: 17228537089
Test remote (slow)	UNKNOWN STEP	2025-08-26T05:16:06.5271588Z env:
Test remote (slow)	UNKNOWN STEP	2025-08-26T05:16:06.5271835Z   MAVEN_ARGS: -B -nsu -Daether.connector.http.connectionMaxTtl=25
Test remote (slow)	UNKNOWN STEP	2025-08-26T05:16:06.5272144Z   MINIKUBE_VERSION: v1.32.0
Test remote (slow)	UNKNOWN STEP	2025-08-26T05:16:06.5272356Z   KUBERNETES_VERSION: v1.27.10
Test remote (slow)	UNKNOWN STEP	2025-08-26T05:16:06.5272560Z   MINIKUBE_MEMORY: 4096
Test remote (slow)	UNKNOWN STEP	2025-08-26T05:16:06.5272749Z   version_remote: 0.0.1-cc174c
Test remote (slow)	UNKNOWN STEP	2025-08-26T05:16:06.5273045Z   JAVA_HOME: /opt/hostedtoolcache/Java_Temurin-Hotspot_jdk/21.0.8-9/x64
Test remote (slow)	UNKNOWN STEP	2025-08-26T05:16:06.5273471Z   JAVA_HOME_21_X64: /opt/hostedtoolcache/Java_Temurin-Hotspot_jdk/21.0.8-9/x64
Test remote (slow)	UNKNOWN STEP	2025-08-26T05:16:06.5273852Z   MINIKUBE_HOME: /home/runner/work/_temp
Test remote (slow)	UNKNOWN STEP	2025-08-26T05:16:06.5274076Z ##[endgroup]
Test remote (slow)	UNKNOWN STEP	2025-08-26T05:16:06.7472924Z Downloading single artifact
Test remote (slow)	UNKNOWN STEP	2025-08-26T05:16:06.8496132Z Preparing to download the following artifacts:
Test remote (slow)	UNKNOWN STEP	2025-08-26T05:16:06.8497464Z - keycloak-dist (ID: 3850106180, Size: 158750584, Expected Digest: sha256:6d98fe91090f209bac920c663b3e824d12fdce48bd2144e88a2bc11abada9633)
Test remote (slow)	UNKNOWN STEP	2025-08-26T05:16:06.9133831Z Redirecting to blob download url: https://productionresultssa18.blob.core.windows.net/actions-results/15f800d1-ebae-4ca9-9425-ae227bf96f31/workflow-job-run-73528e12-bf2b-575c-997a-5f4af65fde60/artifacts/8ec452859fe416bcecd39b267c69bfe76c7634fb13c33b71d912d2a8c0986080.zip
Test remote (slow)	UNKNOWN STEP	2025-08-26T05:16:06.9136198Z Starting download of artifact to: /home/runner/work/keycloak/keycloak/quarkus/container
Test remote (slow)	UNKNOWN STEP	2025-08-26T05:16:07.0180062Z (node:12925) [DEP0005] DeprecationWarning: Buffer() is deprecated due to security and usability issues. Please use the Buffer.alloc(), Buffer.allocUnsafe(), or Buffer.from() methods instead.
Test remote (slow)	UNKNOWN STEP	2025-08-26T05:16:07.0181311Z (Use `node --trace-deprecation ...` to show where the warning was created)
Test remote (slow)	UNKNOWN STEP	2025-08-26T05:16:09.0378407Z SHA256 digest of downloaded artifact is 6d98fe91090f209bac920c663b3e824d12fdce48bd2144e88a2bc11abada9633
Test remote (slow)	UNKNOWN STEP	2025-08-26T05:16:09.0379298Z Artifact download completed successfully.
Test remote (slow)	UNKNOWN STEP	2025-08-26T05:16:09.0379747Z Total of 1 artifact(s) downloaded
Test remote (slow)	UNKNOWN STEP	2025-08-26T05:16:09.0386055Z Download artifact has finished successfully
Test remote (slow)	UNKNOWN STEP	2025-08-26T05:16:09.0529669Z ##[group]Run eval $(minikube -p minikube docker-env)
Test remote (slow)	UNKNOWN STEP	2025-08-26T05:16:09.0530344Z [36;1meval $(minikube -p minikube docker-env)[0m
Test remote (slow)	UNKNOWN STEP	2025-08-26T05:16:09.0531261Z [36;1m(cd quarkus/container && docker build --build-arg KEYCLOAK_DIST=$(ls keycloak-*.tar.gz) . -t keycloak:0.0.1-cc174c)[0m
Test remote (slow)	UNKNOWN STEP	2025-08-26T05:16:09.0532496Z [36;1m(cd operator && ./scripts/build-testing-docker-images.sh 0.0.1-cc174c keycloak custom-keycloak)[0m
Test remote (slow)	UNKNOWN STEP	2025-08-26T05:16:09.0595461Z shell: /usr/bin/bash --noprofile --norc -e -o pipefail {0}
Test remote (slow)	UNKNOWN STEP	2025-08-26T05:16:09.0596311Z env:
Test remote (slow)	UNKNOWN STEP	2025-08-26T05:16:09.0596770Z   MAVEN_ARGS: -B -nsu -Daether.connector.http.connectionMaxTtl=25
Test remote (slow)	UNKNOWN STEP	2025-08-26T05:16:09.0597368Z   MINIKUBE_VERSION: v1.32.0
Test remote (slow)	UNKNOWN STEP	2025-08-26T05:16:09.0598009Z   KUBERNETES_VERSION: v1.27.10
Test remote (slow)	UNKNOWN STEP	2025-08-26T05:16:09.0598399Z   MINIKUBE_MEMORY: 4096
Test remote (slow)	UNKNOWN STEP	2025-08-26T05:16:09.0599036Z   version_remote: 0.0.1-cc174c
Test remote (slow)	UNKNOWN STEP	2025-08-26T05:16:09.0599634Z   JAVA_HOME: /opt/hostedtoolcache/Java_Temurin-Hotspot_jdk/21.0.8-9/x64
Test remote (slow)	UNKNOWN STEP	2025-08-26T05:16:09.0600499Z   JAVA_HOME_21_X64: /opt/hostedtoolcache/Java_Temurin-Hotspot_jdk/21.0.8-9/x64
Test remote (slow)	UNKNOWN STEP	2025-08-26T05:16:09.0601180Z   MINIKUBE_HOME: /home/runner/work/_temp
Test remote (slow)	UNKNOWN STEP	2025-08-26T05:16:09.0601612Z ##[endgroup]
Test remote (slow)	UNKNOWN STEP	2025-08-26T05:16:09.8557441Z #0 building with "default" instance using docker driver
Test remote (slow)	UNKNOWN STEP	2025-08-26T05:16:09.8558092Z 
Test remote (slow)	UNKNOWN STEP	2025-08-26T05:16:09.8558254Z #1 [internal] load .dockerignore
Test remote (slow)	UNKNOWN STEP	2025-08-26T05:16:09.8558647Z #1 transferring context:
Test remote (slow)	UNKNOWN STEP	2025-08-26T05:16:10.0169777Z #1 transferring context: 2B done
Test remote (slow)	UNKNOWN STEP	2025-08-26T05:16:10.0170368Z #1 DONE 0.1s
Test remote (slow)	UNKNOWN STEP	2025-08-26T05:16:10.0170655Z 
Test remote (slow)	UNKNOWN STEP	2025-08-26T05:16:10.0170848Z #2 [internal] load build definition from Dockerfile
Test remote (slow)	UNKNOWN STEP	2025-08-26T05:16:10.0171252Z #2 transferring dockerfile: 2.72kB done
Test remote (slow)	UNKNOWN STEP	2025-08-26T05:16:10.0171691Z #2 DONE 0.1s
Test remote (slow)	UNKNOWN STEP	2025-08-26T05:16:10.0171855Z 
Test remote (slow)	UNKNOWN STEP	2025-08-26T05:16:10.0172184Z #3 [internal] load metadata for registry.access.redhat.com/ubi9:latest
Test remote (slow)	UNKNOWN STEP	2025-08-26T05:16:10.2915043Z #3 ...
Test remote (slow)	UNKNOWN STEP	2025-08-26T05:16:10.2915285Z 
Test remote (slow)	UNKNOWN STEP	2025-08-26T05:16:10.2915695Z #4 [internal] load metadata for registry.access.redhat.com/ubi9-micro:latest
Test remote (slow)	UNKNOWN STEP	2025-08-26T05:16:10.2916304Z #4 DONE 0.4s
Test remote (slow)	UNKNOWN STEP	2025-08-26T05:16:10.4419143Z 
Test remote (slow)	UNKNOWN STEP	2025-08-26T05:16:10.4419765Z #3 [internal] load metadata for registry.access.redhat.com/ubi9:latest
Test remote (slow)	UNKNOWN STEP	2025-08-26T05:16:19.9746453Z #3 ERROR: pulling from host registry.access.redhat.com failed with status code [manifests latest]: 504 Gateway Timeout
Test remote (slow)	UNKNOWN STEP	2025-08-26T05:16:19.9910138Z ------
Test remote (slow)	UNKNOWN STEP	2025-08-26T05:16:19.9910814Z  > [internal] load metadata for registry.access.redhat.com/ubi9:latest:
Test remote (slow)	UNKNOWN STEP	2025-08-26T05:16:19.9911518Z ------
Test remote (slow)	UNKNOWN STEP	2025-08-26T05:16:19.9968431Z Dockerfile:1
Test remote (slow)	UNKNOWN STEP	2025-08-26T05:16:19.9968772Z --------------------
Test remote (slow)	UNKNOWN STEP	2025-08-26T05:16:19.9969262Z    1 | >>> FROM registry.access.redhat.com/ubi9 AS ubi-micro-build
Test remote (slow)	UNKNOWN STEP	2025-08-26T05:16:19.9969813Z    2 |     
Test remote (slow)	UNKNOWN STEP	2025-08-26T05:16:19.9970170Z    3 |     ARG KEYCLOAK_VERSION=999.0.0-SNAPSHOT
Test remote (slow)	UNKNOWN STEP	2025-08-26T05:16:19.9970686Z --------------------
Test remote (slow)	UNKNOWN STEP	2025-08-26T05:16:19.9972198Z ERROR: failed to build: failed to solve: registry.access.redhat.com/ubi9: pulling from host registry.access.redhat.com failed with status code [manifests latest]: 504 Gateway Timeout
Test remote (slow)	UNKNOWN STEP	2025-08-26T05:16:20.0027216Z ##[error]Process completed with exit code 1.
Test remote (slow)	UNKNOWN STEP	2025-08-26T05:16:20.0089341Z Post job cleanup.
Test remote (slow)	UNKNOWN STEP	2025-08-26T05:16:20.0133394Z Post job cleanup.
Test remote (slow)	UNKNOWN STEP	2025-08-26T05:16:20.1977367Z Post job cleanup.
Test remote (slow)	UNKNOWN STEP	2025-08-26T05:16:20.2977506Z [command]/usr/bin/git version
Test remote (slow)	UNKNOWN STEP	2025-08-26T05:16:20.3018897Z git version 2.51.0
Test remote (slow)	UNKNOWN STEP	2025-08-26T05:16:20.3087045Z Temporarily overriding HOME='/home/runner/work/_temp/a861555b-e762-418b-b5f9-c6bfe0669afb' before making global git config changes
Test remote (slow)	UNKNOWN STEP	2025-08-26T05:16:20.3088587Z Adding repository directory to the temporary git global config as a safe directory
Test remote (slow)	UNKNOWN STEP	2025-08-26T05:16:20.3093863Z [command]/usr/bin/git config --global --add safe.directory /home/runner/work/keycloak/keycloak
Test remote (slow)	UNKNOWN STEP	2025-08-26T05:16:20.3136856Z [command]/usr/bin/git config --local --name-only --get-regexp core\.sshCommand
Test remote (slow)	UNKNOWN STEP	2025-08-26T05:16:20.3172801Z [command]/usr/bin/git submodule foreach --recursive sh -c "git config --local --name-only --get-regexp 'core\.sshCommand' && git config --local --unset-all 'core.sshCommand' || :"
Test remote (slow)	UNKNOWN STEP	2025-08-26T05:16:20.3461151Z [command]/usr/bin/git config --local --name-only --get-regexp http\.https\:\/\/github\.com\/\.extraheader
Test remote (slow)	UNKNOWN STEP	2025-08-26T05:16:20.3487189Z http.https://github.com/.extraheader
Test remote (slow)	UNKNOWN STEP	2025-08-26T05:16:20.3501666Z [command]/usr/bin/git config --local --unset-all http.https://github.com/.extraheader
Test remote (slow)	UNKNOWN STEP	2025-08-26T05:16:20.3538767Z [command]/usr/bin/git submodule foreach --recursive sh -c "git config --local --name-only --get-regexp 'http\.https\:\/\/github\.com\/\.extraheader' && git config --local --unset-all 'http.https://github.com/.extraheader' || :"
Test remote (slow)	UNKNOWN STEP	2025-08-26T05:16:20.3938530Z Cleaning up orphan processes
Status Check - Keycloak Operator CI	UNKNOWN STEP	ï»¿2025-08-26T05:22:44.8348981Z Current runner version: '2.328.0'
Status Check - Keycloak Operator CI	UNKNOWN STEP	2025-08-26T05:22:44.8374133Z ##[group]Runner Image Provisioner
Status Check - Keycloak Operator CI	UNKNOWN STEP	2025-08-26T05:22:44.8374983Z Hosted Compute Agent
Status Check - Keycloak Operator CI	UNKNOWN STEP	2025-08-26T05:22:44.8375616Z Version: 20250818.377
Status Check - Keycloak Operator CI	UNKNOWN STEP	2025-08-26T05:22:44.8376189Z Commit: 3c593e9f75fe0b87e893bca80d6e12ba089c61fc
Status Check - Keycloak Operator CI	UNKNOWN STEP	2025-08-26T05:22:44.8376872Z Build Date: 2025-08-18T14:52:18Z
Status Check - Keycloak Operator CI	UNKNOWN STEP	2025-08-26T05:22:44.8377467Z ##[endgroup]
Status Check - Keycloak Operator CI	UNKNOWN STEP	2025-08-26T05:22:44.8378044Z ##[group]Operating System
Status Check - Keycloak Operator CI	UNKNOWN STEP	2025-08-26T05:22:44.8378563Z Ubuntu
Status Check - Keycloak Operator CI	UNKNOWN STEP	2025-08-26T05:22:44.8379367Z 24.04.2
Status Check - Keycloak Operator CI	UNKNOWN STEP	2025-08-26T05:22:44.8379908Z LTS
Status Check - Keycloak Operator CI	UNKNOWN STEP	2025-08-26T05:22:44.8380360Z ##[endgroup]
Status Check - Keycloak Operator CI	UNKNOWN STEP	2025-08-26T05:22:44.8380796Z ##[group]Runner Image
Status Check - Keycloak Operator CI	UNKNOWN STEP	2025-08-26T05:22:44.8381450Z Image: ubuntu-24.04
Status Check - Keycloak Operator CI	UNKNOWN STEP	2025-08-26T05:22:44.8381944Z Version: 20250818.1.0
Status Check - Keycloak Operator CI	UNKNOWN STEP	2025-08-26T05:22:44.8382874Z Included Software: https://github.com/actions/runner-images/blob/ubuntu24/20250818.1/images/ubuntu/Ubuntu2404-Readme.md
Status Check - Keycloak Operator CI	UNKNOWN STEP	2025-08-26T05:22:44.8384498Z Image Release: https://github.com/actions/runner-images/releases/tag/ubuntu24%2F20250818.1
Status Check - Keycloak Operator CI	UNKNOWN STEP	2025-08-26T05:22:44.8385504Z ##[endgroup]
Status Check - Keycloak Operator CI	UNKNOWN STEP	2025-08-26T05:22:44.8386538Z ##[group]GITHUB_TOKEN Permissions
Status Check - Keycloak Operator CI	UNKNOWN STEP	2025-08-26T05:22:44.8388705Z Contents: read
Status Check - Keycloak Operator CI	UNKNOWN STEP	2025-08-26T05:22:44.8389553Z Metadata: read
Status Check - Keycloak Operator CI	UNKNOWN STEP	2025-08-26T05:22:44.8390044Z ##[endgroup]
Status Check - Keycloak Operator CI	UNKNOWN STEP	2025-08-26T05:22:44.8392180Z Secret source: None
Status Check - Keycloak Operator CI	UNKNOWN STEP	2025-08-26T05:22:44.8392964Z Prepare workflow directory
Status Check - Keycloak Operator CI	UNKNOWN STEP	2025-08-26T05:22:44.8976397Z Prepare all required actions
Status Check - Keycloak Operator CI	UNKNOWN STEP	2025-08-26T05:22:44.9033853Z Getting action download info
Status Check - Keycloak Operator CI	UNKNOWN STEP	2025-08-26T05:22:45.1848335Z Download action repository 'actions/checkout@11bd71901bbe5b1630ceea73d27597364c9af683' (SHA:11bd71901bbe5b1630ceea73d27597364c9af683)
Status Check - Keycloak Operator CI	UNKNOWN STEP	2025-08-26T05:22:45.3370933Z Complete job name: Status Check - Keycloak Operator CI
Status Check - Keycloak Operator CI	UNKNOWN STEP	2025-08-26T05:22:45.4079003Z ##[group]Run actions/checkout@11bd71901bbe5b1630ceea73d27597364c9af683
Status Check - Keycloak Operator CI	UNKNOWN STEP	2025-08-26T05:22:45.4080288Z with:
Status Check - Keycloak Operator CI	UNKNOWN STEP	2025-08-26T05:22:45.4080701Z   repository: keycloak/keycloak
Status Check - Keycloak Operator CI	UNKNOWN STEP	2025-08-26T05:22:45.4081383Z   token: ***
Status Check - Keycloak Operator CI	UNKNOWN STEP	2025-08-26T05:22:45.4081761Z   ssh-strict: true
Status Check - Keycloak Operator CI	UNKNOWN STEP	2025-08-26T05:22:45.4082142Z   ssh-user: git
Status Check - Keycloak Operator CI	UNKNOWN STEP	2025-08-26T05:22:45.4082557Z   persist-credentials: true
Status Check - Keycloak Operator CI	UNKNOWN STEP	2025-08-26T05:22:45.4082983Z   clean: true
Status Check - Keycloak Operator CI	UNKNOWN STEP	2025-08-26T05:22:45.4083377Z   sparse-checkout-cone-mode: true
Status Check - Keycloak Operator CI	UNKNOWN STEP	2025-08-26T05:22:45.4083841Z   fetch-depth: 1
Status Check - Keycloak Operator CI	UNKNOWN STEP	2025-08-26T05:22:45.4084213Z   fetch-tags: false
Status Check - Keycloak Operator CI	UNKNOWN STEP	2025-08-26T05:22:45.4084606Z   show-progress: true
Status Check - Keycloak Operator CI	UNKNOWN STEP	2025-08-26T05:22:45.4085010Z   lfs: false
Status Check - Keycloak Operator CI	UNKNOWN STEP	2025-08-26T05:22:45.4085368Z   submodules: false
Status Check - Keycloak Operator CI	UNKNOWN STEP	2025-08-26T05:22:45.4085758Z   set-safe-directory: true
Status Check - Keycloak Operator CI	UNKNOWN STEP	2025-08-26T05:22:45.4086399Z env:
Status Check - Keycloak Operator CI	UNKNOWN STEP	2025-08-26T05:22:45.4086934Z   MAVEN_ARGS: -B -nsu -Daether.connector.http.connectionMaxTtl=25
Status Check - Keycloak Operator CI	UNKNOWN STEP	2025-08-26T05:22:45.4087568Z   MINIKUBE_VERSION: v1.32.0
Status Check - Keycloak Operator CI	UNKNOWN STEP	2025-08-26T05:22:45.4088060Z   KUBERNETES_VERSION: v1.27.10
Status Check - Keycloak Operator CI	UNKNOWN STEP	2025-08-26T05:22:45.4088508Z   MINIKUBE_MEMORY: 4096
Status Check - Keycloak Operator CI	UNKNOWN STEP	2025-08-26T05:22:45.4088936Z ##[endgroup]
Status Check - Keycloak Operator CI	UNKNOWN STEP	2025-08-26T05:22:45.5271984Z Syncing repository: keycloak/keycloak
Status Check - Keycloak Operator CI	UNKNOWN STEP	2025-08-26T05:22:45.5274208Z ##[group]Getting Git version info
Status Check - Keycloak Operator CI	UNKNOWN STEP	2025-08-26T05:22:45.5275411Z Working directory is '/home/runner/work/keycloak/keycloak'
Status Check - Keycloak Operator CI	UNKNOWN STEP	2025-08-26T05:22:45.5277168Z [command]/usr/bin/git version
Status Check - Keycloak Operator CI	UNKNOWN STEP	2025-08-26T05:22:45.5306465Z git version 2.51.0
Status Check - Keycloak Operator CI	UNKNOWN STEP	2025-08-26T05:22:45.5334433Z ##[endgroup]
Status Check - Keycloak Operator CI	UNKNOWN STEP	2025-08-26T05:22:45.5351419Z Temporarily overriding HOME='/home/runner/work/_temp/8101591f-cccf-44ef-8a77-e841902641ea' before making global git config changes
Status Check - Keycloak Operator CI	UNKNOWN STEP	2025-08-26T05:22:45.5353767Z Adding repository directory to the temporary git global config as a safe directory
Status Check - Keycloak Operator CI	UNKNOWN STEP	2025-08-26T05:22:45.5358459Z [command]/usr/bin/git config --global --add safe.directory /home/runner/work/keycloak/keycloak
Status Check - Keycloak Operator CI	UNKNOWN STEP	2025-08-26T05:22:45.5397036Z Deleting the contents of '/home/runner/work/keycloak/keycloak'
Status Check - Keycloak Operator CI	UNKNOWN STEP	2025-08-26T05:22:45.5401449Z ##[group]Initializing the repository
Status Check - Keycloak Operator CI	UNKNOWN STEP	2025-08-26T05:22:45.5406331Z [command]/usr/bin/git init /home/runner/work/keycloak/keycloak
Status Check - Keycloak Operator CI	UNKNOWN STEP	2025-08-26T05:22:45.5463981Z hint: Using 'master' as the name for the initial branch. This default branch name
Status Check - Keycloak Operator CI	UNKNOWN STEP	2025-08-26T05:22:45.5465717Z hint: is subject to change. To configure the initial branch name to use in all
Status Check - Keycloak Operator CI	UNKNOWN STEP	2025-08-26T05:22:45.5466681Z hint: of your new repositories, which will suppress this warning, call:
Status Check - Keycloak Operator CI	UNKNOWN STEP	2025-08-26T05:22:45.5468313Z hint:
Status Check - Keycloak Operator CI	UNKNOWN STEP	2025-08-26T05:22:45.5469403Z hint: 	git config --global init.defaultBranch <name>
Status Check - Keycloak Operator CI	UNKNOWN STEP	2025-08-26T05:22:45.5470481Z hint:
Status Check - Keycloak Operator CI	UNKNOWN STEP	2025-08-26T05:22:45.5471559Z hint: Names commonly chosen instead of 'master' are 'main', 'trunk' and
Status Check - Keycloak Operator CI	UNKNOWN STEP	2025-08-26T05:22:45.5473135Z hint: 'development'. The just-created branch can be renamed via this command:
Status Check - Keycloak Operator CI	UNKNOWN STEP	2025-08-26T05:22:45.5474374Z hint:
Status Check - Keycloak Operator CI	UNKNOWN STEP	2025-08-26T05:22:45.5475003Z hint: 	git branch -m <name>
Status Check - Keycloak Operator CI	UNKNOWN STEP	2025-08-26T05:22:45.5475715Z hint:
Status Check - Keycloak Operator CI	UNKNOWN STEP	2025-08-26T05:22:45.5476657Z hint: Disable this message with "git config set advice.defaultBranchName false"
Status Check - Keycloak Operator CI	UNKNOWN STEP	2025-08-26T05:22:45.5478339Z Initialized empty Git repository in /home/runner/work/keycloak/keycloak/.git/
Status Check - Keycloak Operator CI	UNKNOWN STEP	2025-08-26T05:22:45.5481394Z [command]/usr/bin/git remote add origin https://github.com/keycloak/keycloak
Status Check - Keycloak Operator CI	UNKNOWN STEP	2025-08-26T05:22:45.5518598Z ##[endgroup]
Status Check - Keycloak Operator CI	UNKNOWN STEP	2025-08-26T05:22:45.5519972Z ##[group]Disabling automatic garbage collection
Status Check - Keycloak Operator CI	UNKNOWN STEP	2025-08-26T05:22:45.5524129Z [command]/usr/bin/git config --local gc.auto 0
Status Check - Keycloak Operator CI	UNKNOWN STEP	2025-08-26T05:22:45.5556150Z ##[endgroup]
Status Check - Keycloak Operator CI	UNKNOWN STEP	2025-08-26T05:22:45.5557348Z ##[group]Setting up auth
Status Check - Keycloak Operator CI	UNKNOWN STEP	2025-08-26T05:22:45.5564477Z [command]/usr/bin/git config --local --name-only --get-regexp core\.sshCommand
Status Check - Keycloak Operator CI	UNKNOWN STEP	2025-08-26T05:22:45.5597896Z [command]/usr/bin/git submodule foreach --recursive sh -c "git config --local --name-only --get-regexp 'core\.sshCommand' && git config --local --unset-all 'core.sshCommand' || :"
Status Check - Keycloak Operator CI	UNKNOWN STEP	2025-08-26T05:22:45.5867923Z [command]/usr/bin/git config --local --name-only --get-regexp http\.https\:\/\/github\.com\/\.extraheader
Status Check - Keycloak Operator CI	UNKNOWN STEP	2025-08-26T05:22:45.5901586Z [command]/usr/bin/git submodule foreach --recursive sh -c "git config --local --name-only --get-regexp 'http\.https\:\/\/github\.com\/\.extraheader' && git config --local --unset-all 'http.https://github.com/.extraheader' || :"
Status Check - Keycloak Operator CI	UNKNOWN STEP	2025-08-26T05:22:45.6135178Z [command]/usr/bin/git config --local http.https://github.com/.extraheader AUTHORIZATION: basic ***
Status Check - Keycloak Operator CI	UNKNOWN STEP	2025-08-26T05:22:45.6174754Z ##[endgroup]
Status Check - Keycloak Operator CI	UNKNOWN STEP	2025-08-26T05:22:45.6176095Z ##[group]Fetching the repository
Status Check - Keycloak Operator CI	UNKNOWN STEP	2025-08-26T05:22:45.6185360Z [command]/usr/bin/git -c protocol.version=2 fetch --no-tags --prune --no-recurse-submodules --depth=1 origin +cc174c4377c10fec5399540a1adfdbbba49387e4:refs/remotes/pull/42080/merge
Status Check - Keycloak Operator CI	UNKNOWN STEP	2025-08-26T05:22:48.8530319Z From https://github.com/keycloak/keycloak
Status Check - Keycloak Operator CI	UNKNOWN STEP	2025-08-26T05:22:48.8532455Z  * [new ref]         cc174c4377c10fec5399540a1adfdbbba49387e4 -> pull/42080/merge
Status Check - Keycloak Operator CI	UNKNOWN STEP	2025-08-26T05:22:48.8566679Z ##[endgroup]
Status Check - Keycloak Operator CI	UNKNOWN STEP	2025-08-26T05:22:48.8568686Z ##[group]Determining the checkout info
Status Check - Keycloak Operator CI	UNKNOWN STEP	2025-08-26T05:22:48.8570759Z ##[endgroup]
Status Check - Keycloak Operator CI	UNKNOWN STEP	2025-08-26T05:22:48.8573523Z [command]/usr/bin/git sparse-checkout disable
Status Check - Keycloak Operator CI	UNKNOWN STEP	2025-08-26T05:22:48.8614764Z [command]/usr/bin/git config --local --unset-all extensions.worktreeConfig
Status Check - Keycloak Operator CI	UNKNOWN STEP	2025-08-26T05:22:48.8645450Z ##[group]Checking out the ref
Status Check - Keycloak Operator CI	UNKNOWN STEP	2025-08-26T05:22:48.8648993Z [command]/usr/bin/git checkout --progress --force refs/remotes/pull/42080/merge
Status Check - Keycloak Operator CI	UNKNOWN STEP	2025-08-26T05:22:49.6816793Z Note: switching to 'refs/remotes/pull/42080/merge'.
Status Check - Keycloak Operator CI	UNKNOWN STEP	2025-08-26T05:22:49.6818046Z 
Status Check - Keycloak Operator CI	UNKNOWN STEP	2025-08-26T05:22:49.6818312Z You are in 'detached HEAD' state. You can look around, make experimental
Status Check - Keycloak Operator CI	UNKNOWN STEP	2025-08-26T05:22:49.6818836Z changes and commit them, and you can discard any commits you make in this
Status Check - Keycloak Operator CI	UNKNOWN STEP	2025-08-26T05:22:49.6819603Z state without impacting any branches by switching back to a branch.
Status Check - Keycloak Operator CI	UNKNOWN STEP	2025-08-26T05:22:49.6819905Z 
Status Check - Keycloak Operator CI	UNKNOWN STEP	2025-08-26T05:22:49.6820112Z If you want to create a new branch to retain commits you create, you may
Status Check - Keycloak Operator CI	UNKNOWN STEP	2025-08-26T05:22:49.6820581Z do so (now or later) by using -c with the switch command. Example:
Status Check - Keycloak Operator CI	UNKNOWN STEP	2025-08-26T05:22:49.6820835Z 
Status Check - Keycloak Operator CI	UNKNOWN STEP	2025-08-26T05:22:49.6820955Z   git switch -c <new-branch-name>
Status Check - Keycloak Operator CI	UNKNOWN STEP	2025-08-26T05:22:49.6821163Z 
Status Check - Keycloak Operator CI	UNKNOWN STEP	2025-08-26T05:22:49.6821289Z Or undo this operation with:
Status Check - Keycloak Operator CI	UNKNOWN STEP	2025-08-26T05:22:49.6821455Z 
Status Check - Keycloak Operator CI	UNKNOWN STEP	2025-08-26T05:22:49.6821570Z   git switch -
Status Check - Keycloak Operator CI	UNKNOWN STEP	2025-08-26T05:22:49.6821715Z 
Status Check - Keycloak Operator CI	UNKNOWN STEP	2025-08-26T05:22:49.6821962Z Turn off this advice by setting config variable advice.detachedHead to false
Status Check - Keycloak Operator CI	UNKNOWN STEP	2025-08-26T05:22:49.6822277Z 
Status Check - Keycloak Operator CI	UNKNOWN STEP	2025-08-26T05:22:49.6822628Z HEAD is now at cc174c4 Merge 017a4ff6bed4d0b234a1e01decb67770b3b45f9d into ee771fe8a0252c31afb60b6e107b419113bae8df
Status Check - Keycloak Operator CI	UNKNOWN STEP	2025-08-26T05:22:49.6850086Z ##[endgroup]
Status Check - Keycloak Operator CI	UNKNOWN STEP	2025-08-26T05:22:49.6889512Z [command]/usr/bin/git log -1 --format=%H
Status Check - Keycloak Operator CI	UNKNOWN STEP	2025-08-26T05:22:49.6913035Z cc174c4377c10fec5399540a1adfdbbba49387e4
Status Check - Keycloak Operator CI	UNKNOWN STEP	2025-08-26T05:22:49.7160792Z Prepare all required actions
Status Check - Keycloak Operator CI	UNKNOWN STEP	2025-08-26T05:22:49.7235578Z ##[group]Run ./.github/actions/status-check
Status Check - Keycloak Operator CI	UNKNOWN STEP	2025-08-26T05:22:49.7235927Z with:
Status Check - Keycloak Operator CI	UNKNOWN STEP	2025-08-26T05:22:49.7236779Z   jobs: {
Status Check - Keycloak Operator CI	UNKNOWN STEP	  "conditional": {
Status Check - Keycloak Operator CI	UNKNOWN STEP	    "result": "success",
Status Check - Keycloak Operator CI	UNKNOWN STEP	    "outputs": {
Status Check - Keycloak Operator CI	UNKNOWN STEP	      "operator": "true"
Status Check - Keycloak Operator CI	UNKNOWN STEP	    }
Status Check - Keycloak Operator CI	UNKNOWN STEP	  },
Status Check - Keycloak Operator CI	UNKNOWN STEP	  "build": {
Status Check - Keycloak Operator CI	UNKNOWN STEP	    "result": "success",
Status Check - Keycloak Operator CI	UNKNOWN STEP	    "outputs": {}
Status Check - Keycloak Operator CI	UNKNOWN STEP	  },
Status Check - Keycloak Operator CI	UNKNOWN STEP	  "test-local-apiserver": {
Status Check - Keycloak Operator CI	UNKNOWN STEP	    "result": "success",
Status Check - Keycloak Operator CI	UNKNOWN STEP	    "outputs": {}
Status Check - Keycloak Operator CI	UNKNOWN STEP	  },
Status Check - Keycloak Operator CI	UNKNOWN STEP	  "test-remote": {
Status Check - Keycloak Operator CI	UNKNOWN STEP	    "result": "failure",
Status Check - Keycloak Operator CI	UNKNOWN STEP	    "outputs": {}
Status Check - Keycloak Operator CI	UNKNOWN STEP	  },
Status Check - Keycloak Operator CI	UNKNOWN STEP	  "test-olm": {
Status Check - Keycloak Operator CI	UNKNOWN STEP	    "result": "success",
Status Check - Keycloak Operator CI	UNKNOWN STEP	    "outputs": {}
Status Check - Keycloak Operator CI	UNKNOWN STEP	  }
Status Check - Keycloak Operator CI	UNKNOWN STEP	}
Status Check - Keycloak Operator CI	UNKNOWN STEP	2025-08-26T05:22:49.7237681Z env:
Status Check - Keycloak Operator CI	UNKNOWN STEP	2025-08-26T05:22:49.7238044Z   MAVEN_ARGS: -B -nsu -Daether.connector.http.connectionMaxTtl=25
Status Check - Keycloak Operator CI	UNKNOWN STEP	2025-08-26T05:22:49.7238448Z   MINIKUBE_VERSION: v1.32.0
Status Check - Keycloak Operator CI	UNKNOWN STEP	2025-08-26T05:22:49.7238750Z   KUBERNETES_VERSION: v1.27.10
Status Check - Keycloak Operator CI	UNKNOWN STEP	2025-08-26T05:22:49.7238998Z   MINIKUBE_MEMORY: 4096
Status Check - Keycloak Operator CI	UNKNOWN STEP	2025-08-26T05:22:49.7239386Z ##[endgroup]
Status Check - Keycloak Operator CI	UNKNOWN STEP	2025-08-26T05:22:49.7347896Z ##[group]Run JOBS='{
Status Check - Keycloak Operator CI	UNKNOWN STEP	2025-08-26T05:22:49.7348265Z [36;1mJOBS='{[0m
Status Check - Keycloak Operator CI	UNKNOWN STEP	2025-08-26T05:22:49.7348565Z [36;1m  "conditional": {[0m
Status Check - Keycloak Operator CI	UNKNOWN STEP	2025-08-26T05:22:49.7348826Z [36;1m    "result": "success",[0m
Status Check - Keycloak Operator CI	UNKNOWN STEP	2025-08-26T05:22:49.7349101Z [36;1m    "outputs": {[0m
Status Check - Keycloak Operator CI	UNKNOWN STEP	2025-08-26T05:22:49.7349497Z [36;1m      "operator": "true"[0m
Status Check - Keycloak Operator CI	UNKNOWN STEP	2025-08-26T05:22:49.7349757Z [36;1m    }[0m
Status Check - Keycloak Operator CI	UNKNOWN STEP	2025-08-26T05:22:49.7349963Z [36;1m  },[0m
Status Check - Keycloak Operator CI	UNKNOWN STEP	2025-08-26T05:22:49.7350178Z [36;1m  "build": {[0m
Status Check - Keycloak Operator CI	UNKNOWN STEP	2025-08-26T05:22:49.7350409Z [36;1m    "result": "success",[0m
Status Check - Keycloak Operator CI	UNKNOWN STEP	2025-08-26T05:22:49.7350682Z [36;1m    "outputs": {}[0m
Status Check - Keycloak Operator CI	UNKNOWN STEP	2025-08-26T05:22:49.7350919Z [36;1m  },[0m
Status Check - Keycloak Operator CI	UNKNOWN STEP	2025-08-26T05:22:49.7351137Z [36;1m  "test-local-apiserver": {[0m
Status Check - Keycloak Operator CI	UNKNOWN STEP	2025-08-26T05:22:49.7351411Z [36;1m    "result": "success",[0m
Status Check - Keycloak Operator CI	UNKNOWN STEP	2025-08-26T05:22:49.7351662Z [36;1m    "outputs": {}[0m
Status Check - Keycloak Operator CI	UNKNOWN STEP	2025-08-26T05:22:49.7351911Z [36;1m  },[0m
Status Check - Keycloak Operator CI	UNKNOWN STEP	2025-08-26T05:22:49.7352123Z [36;1m  "test-remote": {[0m
Status Check - Keycloak Operator CI	UNKNOWN STEP	2025-08-26T05:22:49.7352378Z [36;1m    "result": "failure",[0m
Status Check - Keycloak Operator CI	UNKNOWN STEP	2025-08-26T05:22:49.7352636Z [36;1m    "outputs": {}[0m
Status Check - Keycloak Operator CI	UNKNOWN STEP	2025-08-26T05:22:49.7352869Z [36;1m  },[0m
Status Check - Keycloak Operator CI	UNKNOWN STEP	2025-08-26T05:22:49.7353090Z [36;1m  "test-olm": {[0m
Status Check - Keycloak Operator CI	UNKNOWN STEP	2025-08-26T05:22:49.7353327Z [36;1m    "result": "success",[0m
Status Check - Keycloak Operator CI	UNKNOWN STEP	2025-08-26T05:22:49.7353581Z [36;1m    "outputs": {}[0m
Status Check - Keycloak Operator CI	UNKNOWN STEP	2025-08-26T05:22:49.7353811Z [36;1m  }[0m
Status Check - Keycloak Operator CI	UNKNOWN STEP	2025-08-26T05:22:49.7354014Z [36;1m}'[0m
Status Check - Keycloak Operator CI	UNKNOWN STEP	2025-08-26T05:22:49.7354221Z [36;1m[0m
Status Check - Keycloak Operator CI	UNKNOWN STEP	2025-08-26T05:22:49.7354431Z [36;1mecho "Job status:"[0m
Status Check - Keycloak Operator CI	UNKNOWN STEP	2025-08-26T05:22:49.7354797Z [36;1mecho $JOBS | jq -r 'to_entries[] | " - \(.key): \(.value.result)"'[0m
Status Check - Keycloak Operator CI	UNKNOWN STEP	2025-08-26T05:22:49.7355144Z [36;1m[0m
Status Check - Keycloak Operator CI	UNKNOWN STEP	2025-08-26T05:22:49.7355412Z [36;1mfor i in $(echo $JOBS | jq -r 'to_entries[] | .value.result'); do[0m
Status Check - Keycloak Operator CI	UNKNOWN STEP	2025-08-26T05:22:49.7355810Z [36;1m  if [ "$i" != "success" ] && [ "$i" != "skipped" ]; then[0m
Status Check - Keycloak Operator CI	UNKNOWN STEP	2025-08-26T05:22:49.7356167Z [36;1m    echo ""[0m
Status Check - Keycloak Operator CI	UNKNOWN STEP	2025-08-26T05:22:49.7356409Z [36;1m    echo "Status check not okay!"[0m
Status Check - Keycloak Operator CI	UNKNOWN STEP	2025-08-26T05:22:49.7356682Z [36;1m    exit 1[0m
Status Check - Keycloak Operator CI	UNKNOWN STEP	2025-08-26T05:22:49.7356884Z [36;1m  fi[0m
Status Check - Keycloak Operator CI	UNKNOWN STEP	2025-08-26T05:22:49.7357102Z [36;1mdone[0m
Status Check - Keycloak Operator CI	UNKNOWN STEP	2025-08-26T05:22:49.7428460Z shell: /usr/bin/bash --noprofile --norc -e -o pipefail {0}
Status Check - Keycloak Operator CI	UNKNOWN STEP	2025-08-26T05:22:49.7428878Z env:
Status Check - Keycloak Operator CI	UNKNOWN STEP	2025-08-26T05:22:49.7429548Z   MAVEN_ARGS: -B -nsu -Daether.connector.http.connectionMaxTtl=25
Status Check - Keycloak Operator CI	UNKNOWN STEP	2025-08-26T05:22:49.7429938Z   MINIKUBE_VERSION: v1.32.0
Status Check - Keycloak Operator CI	UNKNOWN STEP	2025-08-26T05:22:49.7430209Z   KUBERNETES_VERSION: v1.27.10
Status Check - Keycloak Operator CI	UNKNOWN STEP	2025-08-26T05:22:49.7430551Z   MINIKUBE_MEMORY: 4096
Status Check - Keycloak Operator CI	UNKNOWN STEP	2025-08-26T05:22:49.7430790Z ##[endgroup]
Status Check - Keycloak Operator CI	UNKNOWN STEP	2025-08-26T05:22:49.7520888Z Job status:
Status Check - Keycloak Operator CI	UNKNOWN STEP	2025-08-26T05:22:49.7555700Z  - conditional: success
Status Check - Keycloak Operator CI	UNKNOWN STEP	2025-08-26T05:22:49.7556166Z  - build: success
Status Check - Keycloak Operator CI	UNKNOWN STEP	2025-08-26T05:22:49.7556560Z  - test-local-apiserver: success
Status Check - Keycloak Operator CI	UNKNOWN STEP	2025-08-26T05:22:49.7556863Z  - test-remote: failure
Status Check - Keycloak Operator CI	UNKNOWN STEP	2025-08-26T05:22:49.7557107Z  - test-olm: success
Status Check - Keycloak Operator CI	UNKNOWN STEP	2025-08-26T05:22:49.7591950Z 
Status Check - Keycloak Operator CI	UNKNOWN STEP	2025-08-26T05:22:49.7592625Z Status check not okay!
Status Check - Keycloak Operator CI	UNKNOWN STEP	2025-08-26T05:22:49.7606677Z ##[error]Process completed with exit code 1.
Status Check - Keycloak Operator CI	UNKNOWN STEP	2025-08-26T05:22:49.7731475Z Post job cleanup.
Status Check - Keycloak Operator CI	UNKNOWN STEP	2025-08-26T05:22:49.8695258Z [command]/usr/bin/git version
Status Check - Keycloak Operator CI	UNKNOWN STEP	2025-08-26T05:22:49.8733703Z git version 2.51.0
Status Check - Keycloak Operator CI	UNKNOWN STEP	2025-08-26T05:22:49.8785389Z Temporarily overriding HOME='/home/runner/work/_temp/c1b30438-cc6d-447d-897d-874bcfc9e32a' before making global git config changes
Status Check - Keycloak Operator CI	UNKNOWN STEP	2025-08-26T05:22:49.8786402Z Adding repository directory to the temporary git global config as a safe directory
Status Check - Keycloak Operator CI	UNKNOWN STEP	2025-08-26T05:22:49.8791111Z [command]/usr/bin/git config --global --add safe.directory /home/runner/work/keycloak/keycloak
Status Check - Keycloak Operator CI	UNKNOWN STEP	2025-08-26T05:22:49.8828182Z [command]/usr/bin/git config --local --name-only --get-regexp core\.sshCommand
Status Check - Keycloak Operator CI	UNKNOWN STEP	2025-08-26T05:22:49.8861795Z [command]/usr/bin/git submodule foreach --recursive sh -c "git config --local --name-only --get-regexp 'core\.sshCommand' && git config --local --unset-all 'core.sshCommand' || :"
Status Check - Keycloak Operator CI	UNKNOWN STEP	2025-08-26T05:22:49.9112458Z [command]/usr/bin/git config --local --name-only --get-regexp http\.https\:\/\/github\.com\/\.extraheader
Status Check - Keycloak Operator CI	UNKNOWN STEP	2025-08-26T05:22:49.9134954Z http.https://github.com/.extraheader
Status Check - Keycloak Operator CI	UNKNOWN STEP	2025-08-26T05:22:49.9147759Z [command]/usr/bin/git config --local --unset-all http.https://github.com/.extraheader
Status Check - Keycloak Operator CI	UNKNOWN STEP	2025-08-26T05:22:49.9179506Z [command]/usr/bin/git submodule foreach --recursive sh -c "git config --local --name-only --get-regexp 'http\.https\:\/\/github\.com\/\.extraheader' && git config --local --unset-all 'http.https://github.com/.extraheader' || :"
Status Check - Keycloak Operator CI	UNKNOWN STEP	2025-08-26T05:22:49.9601709Z Cleaning up orphan processes
