Base IT (6)	Run base tests	2024-12-27T00:51:17.7621776Z ##[group]Run TESTS=`testsuite/integration-arquillian/tests/base/testsuites/base-suite.sh 6`
Base IT (6)	Run base tests	2024-12-27T00:51:17.7622463Z [36;1mTESTS=`testsuite/integration-arquillian/tests/base/testsuites/base-suite.sh 6`[0m
Base IT (6)	Run base tests	2024-12-27T00:51:17.7622889Z [36;1mecho "Tests: $TESTS"[0m
Base IT (6)	Run base tests	2024-12-27T00:51:17.7623543Z [36;1m./mvnw test -Dsurefire.rerunFailingTestsCount=2 -Pauth-server-quarkus -Dtest=$TESTS -pl testsuite/integration-arquillian/tests/base 2>&1 | misc/log/trimmer.sh[0m
Base IT (6)	Run base tests	2024-12-27T00:51:17.7650449Z shell: /usr/bin/bash --noprofile --norc -e -o pipefail {0}
Base IT (6)	Run base tests	2024-12-27T00:51:17.7650766Z env:
Base IT (6)	Run base tests	2024-12-27T00:51:17.7651029Z   MAVEN_ARGS: -B -nsu -Daether.connector.http.connectionMaxTtl=25
Base IT (6)	Run base tests	2024-12-27T00:51:17.7651371Z   SUREFIRE_RERUN_FAILING_COUNT: 2
Base IT (6)	Run base tests	2024-12-27T00:51:17.7651663Z   SUREFIRE_RETRY: -Dsurefire.rerunFailingTestsCount=2
Base IT (6)	Run base tests	2024-12-27T00:51:17.7652064Z   JAVA_HOME: /opt/hostedtoolcache/Java_Temurin-Hotspot_jdk/21.0.5-11/x64
Base IT (6)	Run base tests	2024-12-27T00:51:17.7652534Z   JAVA_HOME_21_X64: /opt/hostedtoolcache/Java_Temurin-Hotspot_jdk/21.0.5-11/x64
Base IT (6)	Run base tests	2024-12-27T00:51:17.7652919Z ##[endgroup]
Base IT (6)	Run base tests	2024-12-27T00:51:18.0799562Z Tests: org.keycloak.testsuite.model.**,org.keycloak.testsuite.oauth.**,org.keycloak.testsuite.oid4vc.**,org.keycloak.testsuite.oidc.**,org.keycloak.testsuite.policy.**,org.keycloak.testsuite.runonserver.**,org.keycloak.testsuite.saml.**,org.keycloak.testsuite.script.**,org.keycloak.testsuite.session.**,org.keycloak.testsuite.sessionlimits.**,org.keycloak.testsuite.ssl.**,org.keycloak.testsuite.theme.**,org.keycloak.testsuite.transactions.**,org.keycloak.testsuite.url.**,org.keycloak.testsuite.validation.**
Base IT (6)	Run base tests	2024-12-27T00:51:26.5846183Z -- wget: Failed to fetch https://repo.maven.apache.org/maven2/org/apache/maven/apache-maven/3.9.8/apache-maven-3.9.8-bin.zip
Base IT (6)	Run base tests	2024-12-27T00:51:26.5908865Z ##[error]Process completed with exit code 1.
Status Check - Keycloak CI	Run /./.github/actions/status-check	2024-12-27T01:27:36.8119575Z Prepare all required actions
Status Check - Keycloak CI	Run /./.github/actions/status-check	2024-12-27T01:27:36.8190348Z ##[group]Run ./.github/actions/status-check
Status Check - Keycloak CI	Run /./.github/actions/status-check	2024-12-27T01:27:36.8190696Z with:
Status Check - Keycloak CI	Run /./.github/actions/status-check	2024-12-27T01:27:36.8194690Z   jobs: {
Status Check - Keycloak CI	Run /./.github/actions/status-check	  "conditional": {
Status Check - Keycloak CI	Run /./.github/actions/status-check	    "result": "success",
Status Check - Keycloak CI	Run /./.github/actions/status-check	    "outputs": {
Status Check - Keycloak CI	Run /./.github/actions/status-check	      "ci": "true",
Status Check - Keycloak CI	Run /./.github/actions/status-check	      "ci-aurora": "false",
Status Check - Keycloak CI	Run /./.github/actions/status-check	      "ci-quarkus": "false",
Status Check - Keycloak CI	Run /./.github/actions/status-check	      "ci-sssd": "false",
Status Check - Keycloak CI	Run /./.github/actions/status-check	      "ci-store": "false",
Status Check - Keycloak CI	Run /./.github/actions/status-check	      "ci-webauthn": "true"
Status Check - Keycloak CI	Run /./.github/actions/status-check	    }
Status Check - Keycloak CI	Run /./.github/actions/status-check	  },
Status Check - Keycloak CI	Run /./.github/actions/status-check	  "build": {
Status Check - Keycloak CI	Run /./.github/actions/status-check	    "result": "success",
Status Check - Keycloak CI	Run /./.github/actions/status-check	    "outputs": {}
Status Check - Keycloak CI	Run /./.github/actions/status-check	  },
Status Check - Keycloak CI	Run /./.github/actions/status-check	  "unit-tests": {
Status Check - Keycloak CI	Run /./.github/actions/status-check	    "result": "success",
Status Check - Keycloak CI	Run /./.github/actions/status-check	    "outputs": {}
Status Check - Keycloak CI	Run /./.github/actions/status-check	  },
Status Check - Keycloak CI	Run /./.github/actions/status-check	  "base-integration-tests": {
Status Check - Keycloak CI	Run /./.github/actions/status-check	    "result": "failure",
Status Check - Keycloak CI	Run /./.github/actions/status-check	    "outputs": {}
Status Check - Keycloak CI	Run /./.github/actions/status-check	  },
Status Check - Keycloak CI	Run /./.github/actions/status-check	  "adapter-integration-tests": {
Status Check - Keycloak CI	Run /./.github/actions/status-check	    "result": "success",
Status Check - Keycloak CI	Run /./.github/actions/status-check	    "outputs": {}
Status Check - Keycloak CI	Run /./.github/actions/status-check	  },
Status Check - Keycloak CI	Run /./.github/actions/status-check	  "adapter-integration-tests-strict-cookies": {
Status Check - Keycloak CI	Run /./.github/actions/status-check	    "result": "success",
Status Check - Keycloak CI	Run /./.github/actions/status-check	    "outputs": {}
Status Check - Keycloak CI	Run /./.github/actions/status-check	  },
Status Check - Keycloak CI	Run /./.github/actions/status-check	  "quarkus-unit-tests": {
Status Check - Keycloak CI	Run /./.github/actions/status-check	    "result": "skipped",
Status Check - Keycloak CI	Run /./.github/actions/status-check	    "outputs": {}
Status Check - Keycloak CI	Run /./.github/actions/status-check	  },
Status Check - Keycloak CI	Run /./.github/actions/status-check	  "quarkus-integration-tests": {
Status Check - Keycloak CI	Run /./.github/actions/status-check	    "result": "success",
Status Check - Keycloak CI	Run /./.github/actions/status-check	    "outputs": {}
Status Check - Keycloak CI	Run /./.github/actions/status-check	  },
Status Check - Keycloak CI	Run /./.github/actions/status-check	  "jdk-integration-tests": {
Status Check - Keycloak CI	Run /./.github/actions/status-check	    "result": "success",
Status Check - Keycloak CI	Run /./.github/actions/status-check	    "outputs": {}
Status Check - Keycloak CI	Run /./.github/actions/status-check	  },
Status Check - Keycloak CI	Run /./.github/actions/status-check	  "store-integration-tests": {
Status Check - Keycloak CI	Run /./.github/actions/status-check	    "result": "success",
Status Check - Keycloak CI	Run /./.github/actions/status-check	    "outputs": {}
Status Check - Keycloak CI	Run /./.github/actions/status-check	  },
Status Check - Keycloak CI	Run /./.github/actions/status-check	  "volatile-sessions-tests": {
Status Check - Keycloak CI	Run /./.github/actions/status-check	    "result": "skipped",
Status Check - Keycloak CI	Run /./.github/actions/status-check	    "outputs": {}
Status Check - Keycloak CI	Run /./.github/actions/status-check	  },
Status Check - Keycloak CI	Run /./.github/actions/status-check	  "store-model-tests": {
Status Check - Keycloak CI	Run /./.github/actions/status-check	    "result": "skipped",
Status Check - Keycloak CI	Run /./.github/actions/status-check	    "outputs": {}
Status Check - Keycloak CI	Run /./.github/actions/status-check	  },
Status Check - Keycloak CI	Run /./.github/actions/status-check	  "clustering-integration-tests": {
Status Check - Keycloak CI	Run /./.github/actions/status-check	    "result": "success",
Status Check - Keycloak CI	Run /./.github/actions/status-check	    "outputs": {}
Status Check - Keycloak CI	Run /./.github/actions/status-check	  },
Status Check - Keycloak CI	Run /./.github/actions/status-check	  "fips-unit-tests": {
Status Check - Keycloak CI	Run /./.github/actions/status-check	    "result": "success",
Status Check - Keycloak CI	Run /./.github/actions/status-check	    "outputs": {}
Status Check - Keycloak CI	Run /./.github/actions/status-check	  },
Status Check - Keycloak CI	Run /./.github/actions/status-check	  "fips-integration-tests": {
Status Check - Keycloak CI	Run /./.github/actions/status-check	    "result": "success",
Status Check - Keycloak CI	Run /./.github/actions/status-check	    "outputs": {}
Status Check - Keycloak CI	Run /./.github/actions/status-check	  },
Status Check - Keycloak CI	Run /./.github/actions/status-check	  "forms-integration-tests": {
Status Check - Keycloak CI	Run /./.github/actions/status-check	    "result": "success",
Status Check - Keycloak CI	Run /./.github/actions/status-check	    "outputs": {}
Status Check - Keycloak CI	Run /./.github/actions/status-check	  },
Status Check - Keycloak CI	Run /./.github/actions/status-check	  "webauthn-integration-tests": {
Status Check - Keycloak CI	Run /./.github/actions/status-check	    "result": "success",
Status Check - Keycloak CI	Run /./.github/actions/status-check	    "outputs": {}
Status Check - Keycloak CI	Run /./.github/actions/status-check	  },
Status Check - Keycloak CI	Run /./.github/actions/status-check	  "sssd-unit-tests": {
Status Check - Keycloak CI	Run /./.github/actions/status-check	    "result": "skipped",
Status Check - Keycloak CI	Run /./.github/actions/status-check	    "outputs": {}
Status Check - Keycloak CI	Run /./.github/actions/status-check	  },
Status Check - Keycloak CI	Run /./.github/actions/status-check	  "migration-tests": {
Status Check - Keycloak CI	Run /./.github/actions/status-check	    "result": "success",
Status Check - Keycloak CI	Run /./.github/actions/status-check	    "outputs": {}
Status Check - Keycloak CI	Run /./.github/actions/status-check	  },
Status Check - Keycloak CI	Run /./.github/actions/status-check	  "external-infinispan-tests": {
Status Check - Keycloak CI	Run /./.github/actions/status-check	    "result": "skipped",
Status Check - Keycloak CI	Run /./.github/actions/status-check	    "outputs": {}
Status Check - Keycloak CI	Run /./.github/actions/status-check	  },
Status Check - Keycloak CI	Run /./.github/actions/status-check	  "test-framework": {
Status Check - Keycloak CI	Run /./.github/actions/status-check	    "result": "success",
Status Check - Keycloak CI	Run /./.github/actions/status-check	    "outputs": {}
Status Check - Keycloak CI	Run /./.github/actions/status-check	  },
Status Check - Keycloak CI	Run /./.github/actions/status-check	  "base-new-integration-tests": {
Status Check - Keycloak CI	Run /./.github/actions/status-check	    "result": "success",
Status Check - Keycloak CI	Run /./.github/actions/status-check	    "outputs": {}
Status Check - Keycloak CI	Run /./.github/actions/status-check	  }
Status Check - Keycloak CI	Run /./.github/actions/status-check	}
Status Check - Keycloak CI	Run /./.github/actions/status-check	2024-12-27T01:27:36.8199027Z env:
Status Check - Keycloak CI	Run /./.github/actions/status-check	2024-12-27T01:27:36.8199332Z   MAVEN_ARGS: -B -nsu -Daether.connector.http.connectionMaxTtl=25
Status Check - Keycloak CI	Run /./.github/actions/status-check	2024-12-27T01:27:36.8199712Z   SUREFIRE_RERUN_FAILING_COUNT: 2
Status Check - Keycloak CI	Run /./.github/actions/status-check	2024-12-27T01:27:36.8200046Z   SUREFIRE_RETRY: -Dsurefire.rerunFailingTestsCount=2
Status Check - Keycloak CI	Run /./.github/actions/status-check	2024-12-27T01:27:36.8200366Z ##[endgroup]
Status Check - Keycloak CI	Run /./.github/actions/status-check	2024-12-27T01:27:36.8385977Z ##[group]Run JOBS='{
Status Check - Keycloak CI	Run /./.github/actions/status-check	2024-12-27T01:27:36.8386381Z [36;1mJOBS='{[0m
Status Check - Keycloak CI	Run /./.github/actions/status-check	2024-12-27T01:27:36.8386632Z [36;1m  "conditional": {[0m
Status Check - Keycloak CI	Run /./.github/actions/status-check	2024-12-27T01:27:36.8386899Z [36;1m    "result": "success",[0m
Status Check - Keycloak CI	Run /./.github/actions/status-check	2024-12-27T01:27:36.8387169Z [36;1m    "outputs": {[0m
Status Check - Keycloak CI	Run /./.github/actions/status-check	2024-12-27T01:27:36.8387411Z [36;1m      "ci": "true",[0m
Status Check - Keycloak CI	Run /./.github/actions/status-check	2024-12-27T01:27:36.8387704Z [36;1m      "ci-aurora": "false",[0m
Status Check - Keycloak CI	Run /./.github/actions/status-check	2024-12-27T01:27:36.8387975Z [36;1m      "ci-quarkus": "false",[0m
Status Check - Keycloak CI	Run /./.github/actions/status-check	2024-12-27T01:27:36.8388246Z [36;1m      "ci-sssd": "false",[0m
Status Check - Keycloak CI	Run /./.github/actions/status-check	2024-12-27T01:27:36.8388503Z [36;1m      "ci-store": "false",[0m
Status Check - Keycloak CI	Run /./.github/actions/status-check	2024-12-27T01:27:36.8388762Z [36;1m      "ci-webauthn": "true"[0m
Status Check - Keycloak CI	Run /./.github/actions/status-check	2024-12-27T01:27:36.8389014Z [36;1m    }[0m
Status Check - Keycloak CI	Run /./.github/actions/status-check	2024-12-27T01:27:36.8389223Z [36;1m  },[0m
Status Check - Keycloak CI	Run /./.github/actions/status-check	2024-12-27T01:27:36.8389425Z [36;1m  "build": {[0m
Status Check - Keycloak CI	Run /./.github/actions/status-check	2024-12-27T01:27:36.8389656Z [36;1m    "result": "success",[0m
Status Check - Keycloak CI	Run /./.github/actions/status-check	2024-12-27T01:27:36.8389912Z [36;1m    "outputs": {}[0m
Status Check - Keycloak CI	Run /./.github/actions/status-check	2024-12-27T01:27:36.8390141Z [36;1m  },[0m
Status Check - Keycloak CI	Run /./.github/actions/status-check	2024-12-27T01:27:36.8390345Z [36;1m  "unit-tests": {[0m
Status Check - Keycloak CI	Run /./.github/actions/status-check	2024-12-27T01:27:36.8390581Z [36;1m    "result": "success",[0m
Status Check - Keycloak CI	Run /./.github/actions/status-check	2024-12-27T01:27:36.8390838Z [36;1m    "outputs": {}[0m
Status Check - Keycloak CI	Run /./.github/actions/status-check	2024-12-27T01:27:36.8391071Z [36;1m  },[0m
Status Check - Keycloak CI	Run /./.github/actions/status-check	2024-12-27T01:27:36.8391296Z [36;1m  "base-integration-tests": {[0m
Status Check - Keycloak CI	Run /./.github/actions/status-check	2024-12-27T01:27:36.8391577Z [36;1m    "result": "failure",[0m
Status Check - Keycloak CI	Run /./.github/actions/status-check	2024-12-27T01:27:36.8392034Z [36;1m    "outputs": {}[0m
Status Check - Keycloak CI	Run /./.github/actions/status-check	2024-12-27T01:27:36.8392263Z [36;1m  },[0m
Status Check - Keycloak CI	Run /./.github/actions/status-check	2024-12-27T01:27:36.8392498Z [36;1m  "adapter-integration-tests": {[0m
Status Check - Keycloak CI	Run /./.github/actions/status-check	2024-12-27T01:27:36.8392935Z [36;1m    "result": "success",[0m
Status Check - Keycloak CI	Run /./.github/actions/status-check	2024-12-27T01:27:36.8393207Z [36;1m    "outputs": {}[0m
Status Check - Keycloak CI	Run /./.github/actions/status-check	2024-12-27T01:27:36.8393451Z [36;1m  },[0m
Status Check - Keycloak CI	Run /./.github/actions/status-check	2024-12-27T01:27:36.8393755Z [36;1m  "adapter-integration-tests-strict-cookies": {[0m
Status Check - Keycloak CI	Run /./.github/actions/status-check	2024-12-27T01:27:36.8394271Z [36;1m    "result": "success",[0m
Status Check - Keycloak CI	Run /./.github/actions/status-check	2024-12-27T01:27:36.8394538Z [36;1m    "outputs": {}[0m
Status Check - Keycloak CI	Run /./.github/actions/status-check	2024-12-27T01:27:36.8394772Z [36;1m  },[0m
Status Check - Keycloak CI	Run /./.github/actions/status-check	2024-12-27T01:27:36.8394988Z [36;1m  "quarkus-unit-tests": {[0m
Status Check - Keycloak CI	Run /./.github/actions/status-check	2024-12-27T01:27:36.8395259Z [36;1m    "result": "skipped",[0m
Status Check - Keycloak CI	Run /./.github/actions/status-check	2024-12-27T01:27:36.8395519Z [36;1m    "outputs": {}[0m
Status Check - Keycloak CI	Run /./.github/actions/status-check	2024-12-27T01:27:36.8395746Z [36;1m  },[0m
Status Check - Keycloak CI	Run /./.github/actions/status-check	2024-12-27T01:27:36.8395976Z [36;1m  "quarkus-integration-tests": {[0m
Status Check - Keycloak CI	Run /./.github/actions/status-check	2024-12-27T01:27:36.8396265Z [36;1m    "result": "success",[0m
Status Check - Keycloak CI	Run /./.github/actions/status-check	2024-12-27T01:27:36.8396523Z [36;1m    "outputs": {}[0m
Status Check - Keycloak CI	Run /./.github/actions/status-check	2024-12-27T01:27:36.8396767Z [36;1m  },[0m
Status Check - Keycloak CI	Run /./.github/actions/status-check	2024-12-27T01:27:36.8396985Z [36;1m  "jdk-integration-tests": {[0m
Status Check - Keycloak CI	Run /./.github/actions/status-check	2024-12-27T01:27:36.8397275Z [36;1m    "result": "success",[0m
Status Check - Keycloak CI	Run /./.github/actions/status-check	2024-12-27T01:27:36.8397524Z [36;1m    "outputs": {}[0m
Status Check - Keycloak CI	Run /./.github/actions/status-check	2024-12-27T01:27:36.8397759Z [36;1m  },[0m
Status Check - Keycloak CI	Run /./.github/actions/status-check	2024-12-27T01:27:36.8397983Z [36;1m  "store-integration-tests": {[0m
Status Check - Keycloak CI	Run /./.github/actions/status-check	2024-12-27T01:27:36.8398261Z [36;1m    "result": "success",[0m
Status Check - Keycloak CI	Run /./.github/actions/status-check	2024-12-27T01:27:36.8398527Z [36;1m    "outputs": {}[0m
Status Check - Keycloak CI	Run /./.github/actions/status-check	2024-12-27T01:27:36.8398756Z [36;1m  },[0m
Status Check - Keycloak CI	Run /./.github/actions/status-check	2024-12-27T01:27:36.8398973Z [36;1m  "volatile-sessions-tests": {[0m
Status Check - Keycloak CI	Run /./.github/actions/status-check	2024-12-27T01:27:36.8399256Z [36;1m    "result": "skipped",[0m
Status Check - Keycloak CI	Run /./.github/actions/status-check	2024-12-27T01:27:36.8399507Z [36;1m    "outputs": {}[0m
Status Check - Keycloak CI	Run /./.github/actions/status-check	2024-12-27T01:27:36.8399732Z [36;1m  },[0m
Status Check - Keycloak CI	Run /./.github/actions/status-check	2024-12-27T01:27:36.8399946Z [36;1m  "store-model-tests": {[0m
Status Check - Keycloak CI	Run /./.github/actions/status-check	2024-12-27T01:27:36.8400207Z [36;1m    "result": "skipped",[0m
Status Check - Keycloak CI	Run /./.github/actions/status-check	2024-12-27T01:27:36.8400456Z [36;1m    "outputs": {}[0m
Status Check - Keycloak CI	Run /./.github/actions/status-check	2024-12-27T01:27:36.8400685Z [36;1m  },[0m
Status Check - Keycloak CI	Run /./.github/actions/status-check	2024-12-27T01:27:36.8400922Z [36;1m  "clustering-integration-tests": {[0m
Status Check - Keycloak CI	Run /./.github/actions/status-check	2024-12-27T01:27:36.8401212Z [36;1m    "result": "success",[0m
Status Check - Keycloak CI	Run /./.github/actions/status-check	2024-12-27T01:27:36.8401464Z [36;1m    "outputs": {}[0m
Status Check - Keycloak CI	Run /./.github/actions/status-check	2024-12-27T01:27:36.8401696Z [36;1m  },[0m
Status Check - Keycloak CI	Run /./.github/actions/status-check	2024-12-27T01:27:36.8401906Z [36;1m  "fips-unit-tests": {[0m
Status Check - Keycloak CI	Run /./.github/actions/status-check	2024-12-27T01:27:36.8402168Z [36;1m    "result": "success",[0m
Status Check - Keycloak CI	Run /./.github/actions/status-check	2024-12-27T01:27:36.8402420Z [36;1m    "outputs": {}[0m
Status Check - Keycloak CI	Run /./.github/actions/status-check	2024-12-27T01:27:36.8402839Z [36;1m  },[0m
Status Check - Keycloak CI	Run /./.github/actions/status-check	2024-12-27T01:27:36.8403104Z [36;1m  "fips-integration-tests": {[0m
Status Check - Keycloak CI	Run /./.github/actions/status-check	2024-12-27T01:27:36.8403391Z [36;1m    "result": "success",[0m
Status Check - Keycloak CI	Run /./.github/actions/status-check	2024-12-27T01:27:36.8403642Z [36;1m    "outputs": {}[0m
Status Check - Keycloak CI	Run /./.github/actions/status-check	2024-12-27T01:27:36.8403869Z [36;1m  },[0m
Status Check - Keycloak CI	Run /./.github/actions/status-check	2024-12-27T01:27:36.8404090Z [36;1m  "forms-integration-tests": {[0m
Status Check - Keycloak CI	Run /./.github/actions/status-check	2024-12-27T01:27:36.8404369Z [36;1m    "result": "success",[0m
Status Check - Keycloak CI	Run /./.github/actions/status-check	2024-12-27T01:27:36.8404622Z [36;1m    "outputs": {}[0m
Status Check - Keycloak CI	Run /./.github/actions/status-check	2024-12-27T01:27:36.8404847Z [36;1m  },[0m
Status Check - Keycloak CI	Run /./.github/actions/status-check	2024-12-27T01:27:36.8405079Z [36;1m  "webauthn-integration-tests": {[0m
Status Check - Keycloak CI	Run /./.github/actions/status-check	2024-12-27T01:27:36.8405381Z [36;1m    "result": "success",[0m
Status Check - Keycloak CI	Run /./.github/actions/status-check	2024-12-27T01:27:36.8405626Z [36;1m    "outputs": {}[0m
Status Check - Keycloak CI	Run /./.github/actions/status-check	2024-12-27T01:27:36.8405852Z [36;1m  },[0m
Status Check - Keycloak CI	Run /./.github/actions/status-check	2024-12-27T01:27:36.8406061Z [36;1m  "sssd-unit-tests": {[0m
Status Check - Keycloak CI	Run /./.github/actions/status-check	2024-12-27T01:27:36.8406315Z [36;1m    "result": "skipped",[0m
Status Check - Keycloak CI	Run /./.github/actions/status-check	2024-12-27T01:27:36.8406563Z [36;1m    "outputs": {}[0m
Status Check - Keycloak CI	Run /./.github/actions/status-check	2024-12-27T01:27:36.8406793Z [36;1m  },[0m
Status Check - Keycloak CI	Run /./.github/actions/status-check	2024-12-27T01:27:36.8407001Z [36;1m  "migration-tests": {[0m
Status Check - Keycloak CI	Run /./.github/actions/status-check	2024-12-27T01:27:36.8407260Z [36;1m    "result": "success",[0m
Status Check - Keycloak CI	Run /./.github/actions/status-check	2024-12-27T01:27:36.8407507Z [36;1m    "outputs": {}[0m
Status Check - Keycloak CI	Run /./.github/actions/status-check	2024-12-27T01:27:36.8407730Z [36;1m  },[0m
Status Check - Keycloak CI	Run /./.github/actions/status-check	2024-12-27T01:27:36.8407954Z [36;1m  "external-infinispan-tests": {[0m
Status Check - Keycloak CI	Run /./.github/actions/status-check	2024-12-27T01:27:36.8408241Z [36;1m    "result": "skipped",[0m
Status Check - Keycloak CI	Run /./.github/actions/status-check	2024-12-27T01:27:36.8408486Z [36;1m    "outputs": {}[0m
Status Check - Keycloak CI	Run /./.github/actions/status-check	2024-12-27T01:27:36.8408717Z [36;1m  },[0m
Status Check - Keycloak CI	Run /./.github/actions/status-check	2024-12-27T01:27:36.8408928Z [36;1m  "test-framework": {[0m
Status Check - Keycloak CI	Run /./.github/actions/status-check	2024-12-27T01:27:36.8409177Z [36;1m    "result": "success",[0m
Status Check - Keycloak CI	Run /./.github/actions/status-check	2024-12-27T01:27:36.8409430Z [36;1m    "outputs": {}[0m
Status Check - Keycloak CI	Run /./.github/actions/status-check	2024-12-27T01:27:36.8409795Z [36;1m  },[0m
Status Check - Keycloak CI	Run /./.github/actions/status-check	2024-12-27T01:27:36.8410019Z [36;1m  "base-new-integration-tests": {[0m
Status Check - Keycloak CI	Run /./.github/actions/status-check	2024-12-27T01:27:36.8410300Z [36;1m    "result": "success",[0m
Status Check - Keycloak CI	Run /./.github/actions/status-check	2024-12-27T01:27:36.8410546Z [36;1m    "outputs": {}[0m
Status Check - Keycloak CI	Run /./.github/actions/status-check	2024-12-27T01:27:36.8410766Z [36;1m  }[0m
Status Check - Keycloak CI	Run /./.github/actions/status-check	2024-12-27T01:27:36.8410960Z [36;1m}'[0m
Status Check - Keycloak CI	Run /./.github/actions/status-check	2024-12-27T01:27:36.8411159Z [36;1m[0m
Status Check - Keycloak CI	Run /./.github/actions/status-check	2024-12-27T01:27:36.8411359Z [36;1mecho "Job status:"[0m
Status Check - Keycloak CI	Run /./.github/actions/status-check	2024-12-27T01:27:36.8411819Z [36;1mecho $JOBS | jq -r 'to_entries[] | " - \(.key): \(.value.result)"'[0m
Status Check - Keycloak CI	Run /./.github/actions/status-check	2024-12-27T01:27:36.8412170Z [36;1m[0m
Status Check - Keycloak CI	Run /./.github/actions/status-check	2024-12-27T01:27:36.8412442Z [36;1mfor i in $(echo $JOBS | jq -r 'to_entries[] | .value.result'); do[0m
Status Check - Keycloak CI	Run /./.github/actions/status-check	2024-12-27T01:27:36.8413328Z [36;1m  if [ "$i" != "success" ] && [ "$i" != "skipped" ]; then[0m
Status Check - Keycloak CI	Run /./.github/actions/status-check	2024-12-27T01:27:36.8413641Z [36;1m    echo ""[0m
Status Check - Keycloak CI	Run /./.github/actions/status-check	2024-12-27T01:27:36.8413878Z [36;1m    echo "Status check not okay!"[0m
Status Check - Keycloak CI	Run /./.github/actions/status-check	2024-12-27T01:27:36.8414153Z [36;1m    exit 1[0m
Status Check - Keycloak CI	Run /./.github/actions/status-check	2024-12-27T01:27:36.8414373Z [36;1m  fi[0m
Status Check - Keycloak CI	Run /./.github/actions/status-check	2024-12-27T01:27:36.8414589Z [36;1mdone[0m
Status Check - Keycloak CI	Run /./.github/actions/status-check	2024-12-27T01:27:36.8446309Z shell: /usr/bin/bash --noprofile --norc -e -o pipefail {0}
Status Check - Keycloak CI	Run /./.github/actions/status-check	2024-12-27T01:27:36.8446702Z env:
Status Check - Keycloak CI	Run /./.github/actions/status-check	2024-12-27T01:27:36.8447010Z   MAVEN_ARGS: -B -nsu -Daether.connector.http.connectionMaxTtl=25
Status Check - Keycloak CI	Run /./.github/actions/status-check	2024-12-27T01:27:36.8447379Z   SUREFIRE_RERUN_FAILING_COUNT: 2
Status Check - Keycloak CI	Run /./.github/actions/status-check	2024-12-27T01:27:36.8447705Z   SUREFIRE_RETRY: -Dsurefire.rerunFailingTestsCount=2
Status Check - Keycloak CI	Run /./.github/actions/status-check	2024-12-27T01:27:36.8448054Z ##[endgroup]
Status Check - Keycloak CI	Run /./.github/actions/status-check	2024-12-27T01:27:36.8514921Z Job status:
Status Check - Keycloak CI	Run /./.github/actions/status-check	2024-12-27T01:27:36.8927307Z  - conditional: success
Status Check - Keycloak CI	Run /./.github/actions/status-check	2024-12-27T01:27:36.8927833Z  - build: success
Status Check - Keycloak CI	Run /./.github/actions/status-check	2024-12-27T01:27:36.8928247Z  - unit-tests: success
Status Check - Keycloak CI	Run /./.github/actions/status-check	2024-12-27T01:27:36.8928623Z  - base-integration-tests: failure
Status Check - Keycloak CI	Run /./.github/actions/status-check	2024-12-27T01:27:36.8929054Z  - adapter-integration-tests: success
Status Check - Keycloak CI	Run /./.github/actions/status-check	2024-12-27T01:27:36.8929524Z  - adapter-integration-tests-strict-cookies: success
Status Check - Keycloak CI	Run /./.github/actions/status-check	2024-12-27T01:27:36.8929968Z  - quarkus-unit-tests: skipped
Status Check - Keycloak CI	Run /./.github/actions/status-check	2024-12-27T01:27:36.8930327Z  - quarkus-integration-tests: success
Status Check - Keycloak CI	Run /./.github/actions/status-check	2024-12-27T01:27:36.8930687Z  - jdk-integration-tests: success
Status Check - Keycloak CI	Run /./.github/actions/status-check	2024-12-27T01:27:36.8931072Z  - store-integration-tests: success
Status Check - Keycloak CI	Run /./.github/actions/status-check	2024-12-27T01:27:36.8931455Z  - volatile-sessions-tests: skipped
Status Check - Keycloak CI	Run /./.github/actions/status-check	2024-12-27T01:27:36.8931809Z  - store-model-tests: skipped
Status Check - Keycloak CI	Run /./.github/actions/status-check	2024-12-27T01:27:36.8932164Z  - clustering-integration-tests: success
Status Check - Keycloak CI	Run /./.github/actions/status-check	2024-12-27T01:27:36.8932533Z  - fips-unit-tests: success
Status Check - Keycloak CI	Run /./.github/actions/status-check	2024-12-27T01:27:36.8933276Z  - fips-integration-tests: success
Status Check - Keycloak CI	Run /./.github/actions/status-check	2024-12-27T01:27:36.8933671Z  - forms-integration-tests: success
Status Check - Keycloak CI	Run /./.github/actions/status-check	2024-12-27T01:27:36.8934140Z  - webauthn-integration-tests: success
Status Check - Keycloak CI	Run /./.github/actions/status-check	2024-12-27T01:27:36.8934755Z  - sssd-unit-tests: skipped
Status Check - Keycloak CI	Run /./.github/actions/status-check	2024-12-27T01:27:36.8935301Z  - migration-tests: success
Status Check - Keycloak CI	Run /./.github/actions/status-check	2024-12-27T01:27:36.8935894Z  - external-infinispan-tests: skipped
Status Check - Keycloak CI	Run /./.github/actions/status-check	2024-12-27T01:27:36.8936519Z  - test-framework: success
Status Check - Keycloak CI	Run /./.github/actions/status-check	2024-12-27T01:27:36.8937103Z  - base-new-integration-tests: success
Status Check - Keycloak CI	Run /./.github/actions/status-check	2024-12-27T01:27:36.8963047Z 
Status Check - Keycloak CI	Run /./.github/actions/status-check	2024-12-27T01:27:36.8963297Z Status check not okay!
Status Check - Keycloak CI	Run /./.github/actions/status-check	2024-12-27T01:27:36.8976179Z ##[error]Process completed with exit code 1.
