Test OLM installation	Arrange OLM test installation	2025-06-04T12:37:33.1924955Z ##[group]Run eval $(minikube -p minikube docker-env)
Test OLM installation	Arrange OLM test installation	2025-06-04T12:37:33.1925596Z [36;1meval $(minikube -p minikube docker-env)[0m
Test OLM installation	Arrange OLM test installation	2025-06-04T12:37:33.1926117Z [36;1m./scripts/olm-testing.sh ${GITHUB_SHA::6}[0m
Test OLM installation	Arrange OLM test installation	2025-06-04T12:37:33.2004331Z shell: /usr/bin/bash --noprofile --norc -e -o pipefail {0}
Test OLM installation	Arrange OLM test installation	2025-06-04T12:37:33.2004986Z env:
Test OLM installation	Arrange OLM test installation	2025-06-04T12:37:33.2005504Z   MAVEN_ARGS: -B -nsu -Daether.connector.http.connectionMaxTtl=25
Test OLM installation	Arrange OLM test installation	2025-06-04T12:37:33.2006111Z   MINIKUBE_VERSION: v1.32.0
Test OLM installation	Arrange OLM test installation	2025-06-04T12:37:33.2006524Z   KUBERNETES_VERSION: v1.27.10
Test OLM installation	Arrange OLM test installation	2025-06-04T12:37:33.2006922Z   MINIKUBE_MEMORY: 4096
Test OLM installation	Arrange OLM test installation	2025-06-04T12:37:33.2007456Z   JAVA_HOME: /opt/hostedtoolcache/Java_Temurin-Hotspot_jdk/21.0.7-6/x64
Test OLM installation	Arrange OLM test installation	2025-06-04T12:37:33.2008421Z   JAVA_HOME_21_X64: /opt/hostedtoolcache/Java_Temurin-Hotspot_jdk/21.0.7-6/x64
Test OLM installation	Arrange OLM test installation	2025-06-04T12:37:33.2009091Z   MINIKUBE_HOME: /home/runner/work/_temp
Test OLM installation	Arrange OLM test installation	2025-06-04T12:37:33.2009542Z ##[endgroup]
Test OLM installation	Arrange OLM test installation	2025-06-04T12:37:33.7580233Z + UUID=89164d
Test OLM installation	Arrange OLM test installation	2025-06-04T12:37:33.7580682Z + INSTALL_NAMESPACE=default
Test OLM installation	Arrange OLM test installation	2025-06-04T12:37:33.7586358Z + TARGET_NAMESPACES=default
Test OLM installation	Arrange OLM test installation	2025-06-04T12:37:33.7591059Z +++ dirname -- ./scripts/olm-testing.sh
Test OLM installation	Arrange OLM test installation	2025-06-04T12:37:33.7593976Z ++ cd -- ./scripts
Test OLM installation	Arrange OLM test installation	2025-06-04T12:37:33.7595748Z ++ pwd
Test OLM installation	Arrange OLM test installation	2025-06-04T12:37:33.7598313Z + SCRIPT_DIR=/home/runner/work/keycloak/keycloak/operator/scripts
Test OLM installation	Arrange OLM test installation	2025-06-04T12:37:33.7607304Z + VERSION=86400000.0.0
Test OLM installation	Arrange OLM test installation	2025-06-04T12:37:33.7609693Z + cd /home/runner/work/keycloak/keycloak/operator/scripts/../../quarkus/container
Test OLM installation	Arrange OLM test installation	2025-06-04T12:37:33.7610486Z ++ ls keycloak-999.0.0-SNAPSHOT.tar.gz
Test OLM installation	Arrange OLM test installation	2025-06-04T12:37:33.7648313Z + docker build --build-arg KEYCLOAK_DIST=keycloak-999.0.0-SNAPSHOT.tar.gz . -t ttl.sh/89164dkeycloak:86400000.0.0
Test OLM installation	Arrange OLM test installation	2025-06-04T12:37:34.6452520Z #0 building with "default" instance using docker driver
Test OLM installation	Arrange OLM test installation	2025-06-04T12:37:34.6478256Z 
Test OLM installation	Arrange OLM test installation	2025-06-04T12:37:34.6478832Z #1 [internal] load .dockerignore
Test OLM installation	Arrange OLM test installation	2025-06-04T12:37:34.6479939Z #1 transferring context: 2B done
Test OLM installation	Arrange OLM test installation	2025-06-04T12:37:34.6481348Z #1 DONE 0.0s
Test OLM installation	Arrange OLM test installation	2025-06-04T12:37:34.6481555Z 
Test OLM installation	Arrange OLM test installation	2025-06-04T12:37:34.6481781Z #2 [internal] load build definition from Dockerfile
Test OLM installation	Arrange OLM test installation	2025-06-04T12:37:34.6482361Z #2 transferring dockerfile: 2.72kB done
Test OLM installation	Arrange OLM test installation	2025-06-04T12:37:34.6482936Z #2 DONE 0.0s
Test OLM installation	Arrange OLM test installation	2025-06-04T12:37:34.6483136Z 
Test OLM installation	Arrange OLM test installation	2025-06-04T12:37:34.6483462Z #3 [internal] load metadata for registry.access.redhat.com/ubi9:latest
Test OLM installation	Arrange OLM test installation	2025-06-04T12:37:35.3171466Z #3 DONE 0.8s
Test OLM installation	Arrange OLM test installation	2025-06-04T12:37:35.3172275Z 
Test OLM installation	Arrange OLM test installation	2025-06-04T12:37:35.3172793Z #4 [internal] load metadata for registry.access.redhat.com/ubi9-micro:latest
Test OLM installation	Arrange OLM test installation	2025-06-04T12:37:35.4565496Z #4 DONE 0.8s
Test OLM installation	Arrange OLM test installation	2025-06-04T12:37:35.4565995Z 
Test OLM installation	Arrange OLM test installation	2025-06-04T12:37:35.4567200Z #5 [ubi-micro-build 1/8] FROM registry.access.redhat.com/ubi9@sha256:304b50df1ea4db9706d8a30f4bbf26f582936ebc80c7e075c72ff2af99292a54
Test OLM installation	Arrange OLM test installation	2025-06-04T12:37:35.4569389Z #5 resolve registry.access.redhat.com/ubi9@sha256:304b50df1ea4db9706d8a30f4bbf26f582936ebc80c7e075c72ff2af99292a54 0.0s done
Test OLM installation	Arrange OLM test installation	2025-06-04T12:37:35.4570916Z #5 sha256:304b50df1ea4db9706d8a30f4bbf26f582936ebc80c7e075c72ff2af99292a54 897B / 897B done
Test OLM installation	Arrange OLM test installation	2025-06-04T12:37:35.4572135Z #5 sha256:62fb429dc6b93ab5ade55d1c8e6b08735f00224d3081d58f161eb5f55eeb3d7d 505B / 505B done
Test OLM installation	Arrange OLM test installation	2025-06-04T12:37:35.4574306Z #5 sha256:83c48939c2c8782580d44062545386358defd2d5cc748b9b963bdb8a78046a46 5.06kB / 5.06kB done
Test OLM installation	Arrange OLM test installation	2025-06-04T12:37:35.4575348Z #5 sha256:92efcdccd1058003df257e9cbdf756ff6b10bd276551590536a5a1678e099aaf 0B / 79.59MB 0.1s
Test OLM installation	Arrange OLM test installation	2025-06-04T12:37:35.6809436Z #5 sha256:92efcdccd1058003df257e9cbdf756ff6b10bd276551590536a5a1678e099aaf 4.19MB / 79.59MB 0.3s
Test OLM installation	Arrange OLM test installation	2025-06-04T12:37:35.9555607Z #5 sha256:92efcdccd1058003df257e9cbdf756ff6b10bd276551590536a5a1678e099aaf 10.35MB / 79.59MB 0.6s
Test OLM installation	Arrange OLM test installation	2025-06-04T12:37:36.1885929Z #5 sha256:92efcdccd1058003df257e9cbdf756ff6b10bd276551590536a5a1678e099aaf 14.68MB / 79.59MB 0.8s
Test OLM installation	Arrange OLM test installation	2025-06-04T12:37:36.4124566Z #5 sha256:92efcdccd1058003df257e9cbdf756ff6b10bd276551590536a5a1678e099aaf 19.86MB / 79.59MB 1.0s
Test OLM installation	Arrange OLM test installation	2025-06-04T12:37:36.5639251Z #5 sha256:92efcdccd1058003df257e9cbdf756ff6b10bd276551590536a5a1678e099aaf 28.77MB / 79.59MB 1.2s
Test OLM installation	Arrange OLM test installation	2025-06-04T12:37:36.6958533Z #5 sha256:92efcdccd1058003df257e9cbdf756ff6b10bd276551590536a5a1678e099aaf 33.55MB / 79.59MB 1.3s
Test OLM installation	Arrange OLM test installation	2025-06-04T12:37:36.7959245Z #5 sha256:92efcdccd1058003df257e9cbdf756ff6b10bd276551590536a5a1678e099aaf 44.04MB / 79.59MB 1.4s
Test OLM installation	Arrange OLM test installation	2025-06-04T12:37:36.9000119Z #5 sha256:92efcdccd1058003df257e9cbdf756ff6b10bd276551590536a5a1678e099aaf 49.28MB / 79.59MB 1.5s
Test OLM installation	Arrange OLM test installation	2025-06-04T12:37:37.0369041Z #5 ...
Test OLM installation	Arrange OLM test installation	2025-06-04T12:37:37.0370468Z 
Test OLM installation	Arrange OLM test installation	2025-06-04T12:37:37.0371359Z #6 [stage-1 1/4] FROM registry.access.redhat.com/ubi9-micro@sha256:955512628a9104d74f7b3b0a91db27a6bbecdd6a1975ce0f1b2658d3cd060b98
Test OLM installation	Arrange OLM test installation	2025-06-04T12:37:37.0374989Z #6 resolve registry.access.redhat.com/ubi9-micro@sha256:955512628a9104d74f7b3b0a91db27a6bbecdd6a1975ce0f1b2658d3cd060b98 0.0s done
Test OLM installation	Arrange OLM test installation	2025-06-04T12:37:37.0378305Z #6 sha256:cd2f3f69481dffe63a3071ea43aeeab2a4af254e96b065c35b2d7ce2534e0383 7.27MB / 7.27MB 0.2s done
Test OLM installation	Arrange OLM test installation	2025-06-04T12:37:37.0380954Z #6 sha256:955512628a9104d74f7b3b0a91db27a6bbecdd6a1975ce0f1b2658d3cd060b98 897B / 897B done
Test OLM installation	Arrange OLM test installation	2025-06-04T12:37:37.0381992Z #6 sha256:bc049e6e35c145513e3ec226faf3f929337ea2337fa5c9f7e00375aef4b801e8 504B / 504B done
Test OLM installation	Arrange OLM test installation	2025-06-04T12:37:37.0384039Z #6 sha256:352e1e8e3c437ad6bd352f164df8bdf7018df09f730362546276fe3df62ffd8c 4.00kB / 4.00kB done
Test OLM installation	Arrange OLM test installation	2025-06-04T12:37:37.0385136Z #6 extracting sha256:cd2f3f69481dffe63a3071ea43aeeab2a4af254e96b065c35b2d7ce2534e0383 1.3s done
Test OLM installation	Arrange OLM test installation	2025-06-04T12:37:37.0385885Z #6 DONE 1.7s
Test OLM installation	Arrange OLM test installation	2025-06-04T12:37:37.0386056Z 
Test OLM installation	Arrange OLM test installation	2025-06-04T12:37:37.0386719Z #5 [ubi-micro-build 1/8] FROM registry.access.redhat.com/ubi9@sha256:304b50df1ea4db9706d8a30f4bbf26f582936ebc80c7e075c72ff2af99292a54
Test OLM installation	Arrange OLM test installation	2025-06-04T12:37:37.0388150Z #5 sha256:92efcdccd1058003df257e9cbdf756ff6b10bd276551590536a5a1678e099aaf 54.53MB / 79.59MB 1.6s
Test OLM installation	Arrange OLM test installation	2025-06-04T12:37:37.1561271Z #5 sha256:92efcdccd1058003df257e9cbdf756ff6b10bd276551590536a5a1678e099aaf 63.96MB / 79.59MB 1.8s
Test OLM installation	Arrange OLM test installation	2025-06-04T12:37:37.3692788Z #5 sha256:92efcdccd1058003df257e9cbdf756ff6b10bd276551590536a5a1678e099aaf 68.16MB / 79.59MB 2.0s
Test OLM installation	Arrange OLM test installation	2025-06-04T12:37:37.7764470Z #5 sha256:92efcdccd1058003df257e9cbdf756ff6b10bd276551590536a5a1678e099aaf 72.35MB / 79.59MB 2.4s
Test OLM installation	Arrange OLM test installation	2025-06-04T12:37:38.0040717Z #5 sha256:92efcdccd1058003df257e9cbdf756ff6b10bd276551590536a5a1678e099aaf 76.55MB / 79.59MB 2.6s
Test OLM installation	Arrange OLM test installation	2025-06-04T12:37:38.1776629Z #5 sha256:92efcdccd1058003df257e9cbdf756ff6b10bd276551590536a5a1678e099aaf 79.59MB / 79.59MB 2.6s done
Test OLM installation	Arrange OLM test installation	2025-06-04T12:37:38.1785414Z #5 extracting sha256:92efcdccd1058003df257e9cbdf756ff6b10bd276551590536a5a1678e099aaf 0.1s
Test OLM installation	Arrange OLM test installation	2025-06-04T12:37:38.2783611Z #5 ...
Test OLM installation	Arrange OLM test installation	2025-06-04T12:37:38.2783879Z 
Test OLM installation	Arrange OLM test installation	2025-06-04T12:37:38.2785595Z #7 [internal] load build context
Test OLM installation	Arrange OLM test installation	2025-06-04T12:37:38.2786599Z #7 transferring context: 155.23MB 2.9s done
Test OLM installation	Arrange OLM test installation	2025-06-04T12:37:38.2787199Z #7 DONE 2.9s
Test OLM installation	Arrange OLM test installation	2025-06-04T12:37:38.2787389Z 
Test OLM installation	Arrange OLM test installation	2025-06-04T12:37:38.2788225Z #5 [ubi-micro-build 1/8] FROM registry.access.redhat.com/ubi9@sha256:304b50df1ea4db9706d8a30f4bbf26f582936ebc80c7e075c72ff2af99292a54
Test OLM installation	Arrange OLM test installation	2025-06-04T12:37:41.2172162Z #5 extracting sha256:92efcdccd1058003df257e9cbdf756ff6b10bd276551590536a5a1678e099aaf 3.1s done
Test OLM installation	Arrange OLM test installation	2025-06-04T12:37:41.2172768Z #5 DONE 5.9s
Test OLM installation	Arrange OLM test installation	2025-06-04T12:37:41.3684771Z 
Test OLM installation	Arrange OLM test installation	2025-06-04T12:37:41.3685438Z #8 [ubi-micro-build 2/8] RUN dnf install -y tar gzip
Test OLM installation	Arrange OLM test installation	2025-06-04T12:37:41.5585881Z #8 0.340 Updating Subscription Management repositories.
Test OLM installation	Arrange OLM test installation	2025-06-04T12:37:41.7122950Z #8 0.341 Unable to read consumer identity
Test OLM installation	Arrange OLM test installation	2025-06-04T12:37:41.7123449Z #8 0.344 
Test OLM installation	Arrange OLM test installation	2025-06-04T12:37:41.7124560Z #8 0.344 This system is not registered with an entitlement server. You can use subscription-manager to register.
Test OLM installation	Arrange OLM test installation	2025-06-04T12:37:41.7125058Z #8 0.344 
Test OLM installation	Arrange OLM test installation	2025-06-04T12:37:41.7378013Z #8 0.520 Red Hat Universal Base Image 9 (RPMs) - BaseOS  4.0 MB/s | 587 kB     00:00    
Test OLM installation	Arrange OLM test installation	2025-06-04T12:37:41.9107911Z #8 0.693 Red Hat Universal Base Image 9 (RPMs) - AppStre  29 MB/s | 2.4 MB     00:00    
Test OLM installation	Arrange OLM test installation	2025-06-04T12:37:42.3402632Z #8 1.122 Red Hat Universal Base Image 9 (RPMs) - CodeRea 4.4 MB/s | 284 kB     00:00    
Test OLM installation	Arrange OLM test installation	2025-06-04T12:37:42.4770298Z #8 1.259 Package tar-2:1.34-7.el9.x86_64 is already installed.
Test OLM installation	Arrange OLM test installation	2025-06-04T12:37:42.6432095Z #8 1.259 Package gzip-1.12-1.el9.x86_64 is already installed.
Test OLM installation	Arrange OLM test installation	2025-06-04T12:37:42.6432958Z #8 1.274 Dependencies resolved.
Test OLM installation	Arrange OLM test installation	2025-06-04T12:37:42.6433203Z #8 1.275 Nothing to do.
Test OLM installation	Arrange OLM test installation	2025-06-04T12:37:42.6433396Z #8 1.275 Complete!
Test OLM installation	Arrange OLM test installation	2025-06-04T12:37:42.9606820Z #8 DONE 1.7s
Test OLM installation	Arrange OLM test installation	2025-06-04T12:37:43.1118285Z 
Test OLM installation	Arrange OLM test installation	2025-06-04T12:37:43.1119649Z #9 [ubi-micro-build 3/8] ADD keycloak-999.0.0-SNAPSHOT.tar.gz /tmp/keycloak/
Test OLM installation	Arrange OLM test installation	2025-06-04T12:37:43.8171513Z #9 DONE 0.9s
Test OLM installation	Arrange OLM test installation	2025-06-04T12:37:43.9174301Z 
Test OLM installation	Arrange OLM test installation	2025-06-04T12:37:43.9175375Z #10 [ubi-micro-build 4/8] RUN (cd /tmp/keycloak &&     tar -xvf /tmp/keycloak/keycloak-*.tar.gz &&     rm /tmp/keycloak/keycloak-*.tar.gz) || true
Test OLM installation	Arrange OLM test installation	2025-06-04T12:37:43.9176624Z #10 0.099 tar: /tmp/keycloak/keycloak-*.tar.gz: Cannot open: No such file or directory
Test OLM installation	Arrange OLM test installation	2025-06-04T12:37:43.9177438Z #10 0.099 tar: Error is not recoverable: exiting now
Test OLM installation	Arrange OLM test installation	2025-06-04T12:37:44.0590381Z #10 DONE 0.1s
Test OLM installation	Arrange OLM test installation	2025-06-04T12:37:44.0590819Z 
Test OLM installation	Arrange OLM test installation	2025-06-04T12:37:44.0591332Z #11 [ubi-micro-build 5/8] RUN mv /tmp/keycloak/keycloak-* /opt/keycloak && mkdir -p /opt/keycloak/data
Test OLM installation	Arrange OLM test installation	2025-06-04T12:37:44.0592110Z #11 DONE 0.1s
Test OLM installation	Arrange OLM test installation	2025-06-04T12:37:44.2101378Z 
Test OLM installation	Arrange OLM test installation	2025-06-04T12:37:44.2102157Z #12 [ubi-micro-build 6/8] RUN chmod -R g+rwX /opt/keycloak
Test OLM installation	Arrange OLM test installation	2025-06-04T12:37:44.6587306Z #12 DONE 0.6s
Test OLM installation	Arrange OLM test installation	2025-06-04T12:37:44.8333933Z 
Test OLM installation	Arrange OLM test installation	2025-06-04T12:37:44.8334501Z #13 [ubi-micro-build 7/8] ADD ubi-null.sh /tmp/
Test OLM installation	Arrange OLM test installation	2025-06-04T12:37:44.8335038Z #13 DONE 0.0s
Test OLM installation	Arrange OLM test installation	2025-06-04T12:37:44.8335151Z 
Test OLM installation	Arrange OLM test installation	2025-06-04T12:37:44.8335457Z #14 [ubi-micro-build 8/8] RUN bash /tmp/ubi-null.sh java-21-openjdk-headless glibc-langpack-en findutils
Test OLM installation	Arrange OLM test installation	2025-06-04T12:37:44.8405176Z #14 0.158 ==> Installing packages into chroot
Test OLM installation	Arrange OLM test installation	2025-06-04T12:37:44.8408144Z #14 0.158 + dnf install -y findutils diffutils
Test OLM installation	Arrange OLM test installation	2025-06-04T12:37:45.0978541Z #14 0.415 Updating Subscription Management repositories.
Test OLM installation	Arrange OLM test installation	2025-06-04T12:37:45.2062892Z #14 0.415 Unable to read consumer identity
Test OLM installation	Arrange OLM test installation	2025-06-04T12:37:45.2063428Z #14 0.418 
Test OLM installation	Arrange OLM test installation	2025-06-04T12:37:45.2064080Z #14 0.418 This system is not registered with an entitlement server. You can use subscription-manager to register.
Test OLM installation	Arrange OLM test installation	2025-06-04T12:37:45.2064805Z #14 0.418 
Test OLM installation	Arrange OLM test installation	2025-06-04T12:37:45.2065269Z #14 0.456 Last metadata expiration check: 0:00:03 ago on Wed Jun  4 12:37:42 2025.
Test OLM installation	Arrange OLM test installation	2025-06-04T12:37:45.2066035Z #14 0.477 Package findutils-1:4.8.0-7.el9.x86_64 is already installed.
Test OLM installation	Arrange OLM test installation	2025-06-04T12:37:45.2066591Z #14 0.491 Dependencies resolved.
Test OLM installation	Arrange OLM test installation	2025-06-04T12:37:45.2067044Z #14 0.492 ================================================================================
Test OLM installation	Arrange OLM test installation	2025-06-04T12:37:45.2068166Z #14 0.492  Package         Architecture Version             Repository               Size
Test OLM installation	Arrange OLM test installation	2025-06-04T12:37:45.2069097Z #14 0.492 ================================================================================
Test OLM installation	Arrange OLM test installation	2025-06-04T12:37:45.2069801Z #14 0.492 Installing:
Test OLM installation	Arrange OLM test installation	2025-06-04T12:37:45.2070328Z #14 0.492  diffutils       x86_64       3.7-12.el9          ubi-9-baseos-rpms       402 k
Test OLM installation	Arrange OLM test installation	2025-06-04T12:37:45.2071138Z #14 0.492 
Test OLM installation	Arrange OLM test installation	2025-06-04T12:37:45.2071662Z #14 0.492 Transaction Summary
Test OLM installation	Arrange OLM test installation	2025-06-04T12:37:45.2072375Z #14 0.492 ================================================================================
Test OLM installation	Arrange OLM test installation	2025-06-04T12:37:45.2072882Z #14 0.492 Install  1 Package
Test OLM installation	Arrange OLM test installation	2025-06-04T12:37:45.2073486Z #14 0.492 
Test OLM installation	Arrange OLM test installation	2025-06-04T12:37:45.2074273Z #14 0.492 Total download size: 402 k
Test OLM installation	Arrange OLM test installation	2025-06-04T12:37:45.2075079Z #14 0.493 Installed size: 1.4 M
Test OLM installation	Arrange OLM test installation	2025-06-04T12:37:45.2075703Z #14 0.493 Downloading Packages:
Test OLM installation	Arrange OLM test installation	2025-06-04T12:37:45.2078315Z #14 0.523 diffutils-3.7-12.el9.x86_64.rpm                  13 MB/s | 402 kB     00:00    
Test OLM installation	Arrange OLM test installation	2025-06-04T12:37:45.3083633Z #14 0.525 --------------------------------------------------------------------------------
Test OLM installation	Arrange OLM test installation	2025-06-04T12:37:45.3084350Z #14 0.525 Total                                            12 MB/s | 402 kB     00:00     
Test OLM installation	Arrange OLM test installation	2025-06-04T12:37:45.3084725Z #14 0.538 Running transaction check
Test OLM installation	Arrange OLM test installation	2025-06-04T12:37:45.3085161Z #14 0.542 Transaction check succeeded.
Test OLM installation	Arrange OLM test installation	2025-06-04T12:37:45.3085436Z #14 0.542 Running transaction test
Test OLM installation	Arrange OLM test installation	2025-06-04T12:37:45.3085802Z #14 0.567 Transaction test succeeded.
Test OLM installation	Arrange OLM test installation	2025-06-04T12:37:45.3086099Z #14 0.567 Running transaction
Test OLM installation	Arrange OLM test installation	2025-06-04T12:37:45.3086400Z #14 0.589   Preparing        :                                                        1/1 
Test OLM installation	Arrange OLM test installation	2025-06-04T12:37:45.4121876Z #14 0.625   Installing       : diffutils-3.7-12.el9.x86_64                            1/1 
Test OLM installation	Arrange OLM test installation	2025-06-04T12:37:45.4122858Z #14 0.636   Running scriptlet: diffutils-3.7-12.el9.x86_64                            1/1 
Test OLM installation	Arrange OLM test installation	2025-06-04T12:37:45.4123586Z #14 0.674   Verifying        : diffutils-3.7-12.el9.x86_64                            1/1 
Test OLM installation	Arrange OLM test installation	2025-06-04T12:37:45.4124141Z #14 0.722 Installed products updated.
Test OLM installation	Arrange OLM test installation	2025-06-04T12:37:45.4124423Z #14 0.729 
Test OLM installation	Arrange OLM test installation	2025-06-04T12:37:45.4124618Z #14 0.729 Installed:
Test OLM installation	Arrange OLM test installation	2025-06-04T12:37:45.4124948Z #14 0.729   diffutils-3.7-12.el9.x86_64                                                   
Test OLM installation	Arrange OLM test installation	2025-06-04T12:37:45.4125318Z #14 0.729 
Test OLM installation	Arrange OLM test installation	2025-06-04T12:37:45.4125506Z #14 0.729 Complete!
Test OLM installation	Arrange OLM test installation	2025-06-04T12:37:45.6184576Z #14 0.782 ++ realpath rootfs
Test OLM installation	Arrange OLM test installation	2025-06-04T12:37:45.6184926Z #14 0.784 + rootfs=/tmp/null/rootfs
Test OLM installation	Arrange OLM test installation	2025-06-04T12:37:45.6185232Z #14 0.784 + mkdir -p /tmp/null/rootfs
Test OLM installation	Arrange OLM test installation	2025-06-04T12:37:45.6185764Z #14 0.785 + xargs dnf install -y --installroot /tmp/null/rootfs --releasever 9 --setopt install_weak_deps=false --nodocs
Test OLM installation	Arrange OLM test installation	2025-06-04T12:37:45.7002925Z #14 1.017 Updating Subscription Management repositories.
Test OLM installation	Arrange OLM test installation	2025-06-04T12:37:45.9416988Z #14 1.018 Unable to read consumer identity
Test OLM installation	Arrange OLM test installation	2025-06-04T12:37:45.9417494Z #14 1.019 
Test OLM installation	Arrange OLM test installation	2025-06-04T12:37:45.9418284Z #14 1.019 This system is not registered with an entitlement server. You can use subscription-manager to register.
Test OLM installation	Arrange OLM test installation	2025-06-04T12:37:45.9418799Z #14 1.019 
Test OLM installation	Arrange OLM test installation	2025-06-04T12:37:45.9419147Z #14 1.108 Red Hat Universal Base Image 9 (RPMs) - BaseOS  8.7 MB/s | 587 kB     00:00    
Test OLM installation	Arrange OLM test installation	2025-06-04T12:37:45.9532025Z #14 1.270 Red Hat Universal Base Image 9 (RPMs) - AppStre  33 MB/s | 2.4 MB     00:00    
Test OLM installation	Arrange OLM test installation	2025-06-04T12:37:46.3931286Z #14 1.710 Red Hat Universal Base Image 9 (RPMs) - CodeRea 4.1 MB/s | 284 kB     00:00    
Test OLM installation	Arrange OLM test installation	2025-06-04T12:37:46.5366910Z #14 1.854 Dependencies resolved.
Test OLM installation	Arrange OLM test installation	2025-06-04T12:37:46.6441955Z #14 1.859 =============================================================================================
Test OLM installation	Arrange OLM test installation	2025-06-04T12:37:46.6442920Z #14 1.859  Package                    Arch    Version                       Repository             Size
Test OLM installation	Arrange OLM test installation	2025-06-04T12:37:46.6443745Z #14 1.859 =============================================================================================
Test OLM installation	Arrange OLM test installation	2025-06-04T12:37:46.6444282Z #14 1.859 Installing:
Test OLM installation	Arrange OLM test installation	2025-06-04T12:37:46.6444797Z #14 1.859  bash                       x86_64  5.1.8-9.el9                   ubi-9-baseos-rpms     1.7 M
Test OLM installation	Arrange OLM test installation	2025-06-04T12:37:46.6445601Z #14 1.859  coreutils-single           x86_64  8.32-39.el9                   ubi-9-baseos-rpms     625 k
Test OLM installation	Arrange OLM test installation	2025-06-04T12:37:46.6446404Z #14 1.859  findutils                  x86_64  1:4.8.0-7.el9                 ubi-9-baseos-rpms     550 k
Test OLM installation	Arrange OLM test installation	2025-06-04T12:37:46.6447070Z #14 1.859  glibc-langpack-en          x86_64  2.34-168.el9_6.14             ubi-9-baseos-rpms     657 k
Test OLM installation	Arrange OLM test installation	2025-06-04T12:37:46.6448221Z #14 1.859  java-21-openjdk-headless   x86_64  1:21.0.7.0.6-1.el9            ubi-9-appstream-rpms   49 M
Test OLM installation	Arrange OLM test installation	2025-06-04T12:37:46.6448936Z #14 1.859 Installing dependencies:
Test OLM installation	Arrange OLM test installation	2025-06-04T12:37:46.6449524Z #14 1.859  alsa-lib                   x86_64  1.2.13-2.el9                  ubi-9-appstream-rpms  530 k
Test OLM installation	Arrange OLM test installation	2025-06-04T12:37:46.6450340Z #14 1.859  alternatives               x86_64  1.24-2.el9                    ubi-9-baseos-rpms      42 k
Test OLM installation	Arrange OLM test installation	2025-06-04T12:37:46.6451421Z #14 1.859  avahi-libs                 x86_64  0.8-22.el9_6                  ubi-9-baseos-rpms      67 k
Test OLM installation	Arrange OLM test installation	2025-06-04T12:37:46.6451973Z #14 1.859  basesystem                 noarch  11-13.el9                     ubi-9-baseos-rpms     8.0 k
Test OLM installation	Arrange OLM test installation	2025-06-04T12:37:46.6452432Z #14 1.859  bzip2-libs                 x86_64  1.0.8-10.el9_5                ubi-9-baseos-rpms      42 k
Test OLM installation	Arrange OLM test installation	2025-06-04T12:37:46.6452910Z #14 1.859  ca-certificates            noarch  2024.2.69_v8.0.303-91.4.el9_4 ubi-9-baseos-rpms     1.0 M
Test OLM installation	Arrange OLM test installation	2025-06-04T12:37:46.6453406Z #14 1.859  copy-jdk-configs           noarch  4.0-3.el9                     ubi-9-appstream-rpms   29 k
Test OLM installation	Arrange OLM test installation	2025-06-04T12:37:46.6453923Z #14 1.859  crypto-policies            noarch  20250128-1.git5269e22.el9     ubi-9-baseos-rpms      90 k
Test OLM installation	Arrange OLM test installation	2025-06-04T12:37:46.6454689Z #14 1.859  crypto-policies-scripts    noarch  20250128-1.git5269e22.el9     ubi-9-baseos-rpms     101 k
Test OLM installation	Arrange OLM test installation	2025-06-04T12:37:46.6455197Z #14 1.859  cups-libs                  x86_64  1:2.3.3op2-33.el9             ubi-9-baseos-rpms     265 k
Test OLM installation	Arrange OLM test installation	2025-06-04T12:37:46.6455629Z #14 1.859  dbus-libs                  x86_64  1:1.12.20-8.el9               ubi-9-baseos-rpms     154 k
Test OLM installation	Arrange OLM test installation	2025-06-04T12:37:46.6456045Z #14 1.859  expat                      x86_64  2.5.0-5.el9_6                 ubi-9-baseos-rpms     119 k
Test OLM installation	Arrange OLM test installation	2025-06-04T12:37:46.6456468Z #14 1.859  filesystem                 x86_64  3.16-5.el9                    ubi-9-baseos-rpms     4.8 M
Test OLM installation	Arrange OLM test installation	2025-06-04T12:37:46.6456888Z #14 1.859  gawk                       x86_64  5.1.0-6.el9                   ubi-9-baseos-rpms     1.0 M
Test OLM installation	Arrange OLM test installation	2025-06-04T12:37:46.6457298Z #14 1.859  gdbm-libs                  x86_64  1:1.23-1.el9                  ubi-9-baseos-rpms      59 k
Test OLM installation	Arrange OLM test installation	2025-06-04T12:37:46.6457968Z #14 1.859  glibc                      x86_64  2.34-168.el9_6.14             ubi-9-baseos-rpms     2.0 M
Test OLM installation	Arrange OLM test installation	2025-06-04T12:37:46.6458417Z #14 1.859  glibc-common               x86_64  2.34-168.el9_6.14             ubi-9-baseos-rpms     304 k
Test OLM installation	Arrange OLM test installation	2025-06-04T12:37:46.6458838Z #14 1.859  gmp                        x86_64  1:6.2.0-13.el9                ubi-9-baseos-rpms     319 k
Test OLM installation	Arrange OLM test installation	2025-06-04T12:37:46.6459247Z #14 1.859  gnutls                     x86_64  3.8.3-6.el9                   ubi-9-baseos-rpms     1.1 M
Test OLM installation	Arrange OLM test installation	2025-06-04T12:37:46.6459653Z #14 1.859  grep                       x86_64  3.6-5.el9                     ubi-9-baseos-rpms     273 k
Test OLM installation	Arrange OLM test installation	2025-06-04T12:37:46.6460122Z #14 1.859  javapackages-filesystem    noarch  6.4.0-1.el9                   ubi-9-appstream-rpms   17 k
Test OLM installation	Arrange OLM test installation	2025-06-04T12:37:46.6460619Z #14 1.859  keyutils-libs              x86_64  1.6.3-1.el9                   ubi-9-baseos-rpms      34 k
Test OLM installation	Arrange OLM test installation	2025-06-04T12:37:46.6461054Z #14 1.859  krb5-libs                  x86_64  1.21.1-6.el9                  ubi-9-baseos-rpms     770 k
Test OLM installation	Arrange OLM test installation	2025-06-04T12:37:46.6461473Z #14 1.859  libacl                     x86_64  2.3.1-4.el9                   ubi-9-baseos-rpms      24 k
Test OLM installation	Arrange OLM test installation	2025-06-04T12:37:46.6461899Z #14 1.859  libattr                    x86_64  2.5.1-3.el9                   ubi-9-baseos-rpms      20 k
Test OLM installation	Arrange OLM test installation	2025-06-04T12:37:46.6462555Z #14 1.859  libcap                     x86_64  2.48-9.el9_2                  ubi-9-baseos-rpms      74 k
Test OLM installation	Arrange OLM test installation	2025-06-04T12:37:46.6463057Z #14 1.859  libcom_err                 x86_64  1.46.5-7.el9                  ubi-9-baseos-rpms      28 k
Test OLM installation	Arrange OLM test installation	2025-06-04T12:37:46.6463486Z #14 1.859  libevent                   x86_64  2.1.12-8.el9_4                ubi-9-baseos-rpms     266 k
Test OLM installation	Arrange OLM test installation	2025-06-04T12:37:46.6463991Z #14 1.859  libffi                     x86_64  3.4.2-8.el9                   ubi-9-baseos-rpms      40 k
Test OLM installation	Arrange OLM test installation	2025-06-04T12:37:46.6464403Z #14 1.859  libgcc                     x86_64  11.5.0-5.el9_5                ubi-9-baseos-rpms      88 k
Test OLM installation	Arrange OLM test installation	2025-06-04T12:37:46.6464827Z #14 1.859  libgcrypt                  x86_64  1.10.0-11.el9                 ubi-9-baseos-rpms     510 k
Test OLM installation	Arrange OLM test installation	2025-06-04T12:37:46.6465274Z #14 1.859  libgpg-error               x86_64  1.42-5.el9                    ubi-9-baseos-rpms     220 k
Test OLM installation	Arrange OLM test installation	2025-06-04T12:37:46.6465706Z #14 1.859  libidn2                    x86_64  2.3.0-7.el9                   ubi-9-baseos-rpms     105 k
Test OLM installation	Arrange OLM test installation	2025-06-04T12:37:46.6466297Z #14 1.859  libselinux                 x86_64  3.6-3.el9                     ubi-9-baseos-rpms      88 k
Test OLM installation	Arrange OLM test installation	2025-06-04T12:37:46.6466724Z #14 1.859  libsepol                   x86_64  3.6-2.el9                     ubi-9-baseos-rpms     331 k
Test OLM installation	Arrange OLM test installation	2025-06-04T12:37:46.6467148Z #14 1.859  libsigsegv                 x86_64  2.13-4.el9                    ubi-9-baseos-rpms      30 k
Test OLM installation	Arrange OLM test installation	2025-06-04T12:37:46.6467579Z #14 1.859  libtasn1                   x86_64  4.16.0-9.el9                  ubi-9-baseos-rpms      77 k
Test OLM installation	Arrange OLM test installation	2025-06-04T12:37:46.6468224Z #14 1.859  libunistring               x86_64  0.9.10-15.el9                 ubi-9-baseos-rpms     499 k
Test OLM installation	Arrange OLM test installation	2025-06-04T12:37:46.6468661Z #14 1.859  libuuid                    x86_64  2.37.4-21.el9                 ubi-9-baseos-rpms      30 k
Test OLM installation	Arrange OLM test installation	2025-06-04T12:37:46.6469255Z #14 1.859  libverto                   x86_64  0.3.2-3.el9                   ubi-9-baseos-rpms      24 k
Test OLM installation	Arrange OLM test installation	2025-06-04T12:37:46.6469685Z #14 1.859  libxcrypt                  x86_64  4.4.18-3.el9                  ubi-9-baseos-rpms     120 k
Test OLM installation	Arrange OLM test installation	2025-06-04T12:37:46.6470108Z #14 1.859  libzstd                    x86_64  1.5.5-1.el9                   ubi-9-baseos-rpms     297 k
Test OLM installation	Arrange OLM test installation	2025-06-04T12:37:46.6470549Z #14 1.859  lksctp-tools               x86_64  1.0.19-3.el9_4                ubi-9-baseos-rpms     104 k
Test OLM installation	Arrange OLM test installation	2025-06-04T12:37:46.6471017Z #14 1.859  lua                        x86_64  5.4.4-4.el9                   ubi-9-appstream-rpms  192 k
Test OLM installation	Arrange OLM test installation	2025-06-04T12:37:46.6471423Z #14 1.859  lua-libs                   x86_64  5.4.4-4.el9                   ubi-9-baseos-rpms     132 k
Test OLM installation	Arrange OLM test installation	2025-06-04T12:37:46.6471849Z #14 1.859  lua-posix                  x86_64  35.0-8.el9                    ubi-9-appstream-rpms  155 k
Test OLM installation	Arrange OLM test installation	2025-06-04T12:37:46.6472300Z #14 1.859  lz4-libs                   x86_64  1.9.3-5.el9                   ubi-9-baseos-rpms      69 k
Test OLM installation	Arrange OLM test installation	2025-06-04T12:37:46.6472725Z #14 1.859  mpfr                       x86_64  4.1.0-7.el9                   ubi-9-baseos-rpms     329 k
Test OLM installation	Arrange OLM test installation	2025-06-04T12:37:46.6473173Z #14 1.859  ncurses-base               noarch  6.2-10.20210508.el9           ubi-9-baseos-rpms      99 k
Test OLM installation	Arrange OLM test installation	2025-06-04T12:37:46.6473680Z #14 1.859  ncurses-libs               x86_64  6.2-10.20210508.el9           ubi-9-baseos-rpms     332 k
Test OLM installation	Arrange OLM test installation	2025-06-04T12:37:46.6474279Z #14 1.859  nettle                     x86_64  3.10.1-1.el9                  ubi-9-baseos-rpms     568 k
Test OLM installation	Arrange OLM test installation	2025-06-04T12:37:46.6474701Z #14 1.859  nspr                       x86_64  4.35.0-17.el9_2               ubi-9-appstream-rpms  137 k
Test OLM installation	Arrange OLM test installation	2025-06-04T12:37:46.6475112Z #14 1.859  nss                        x86_64  3.101.0-10.el9_2              ubi-9-appstream-rpms  720 k
Test OLM installation	Arrange OLM test installation	2025-06-04T12:37:46.6475610Z #14 1.859  nss-softokn                x86_64  3.101.0-10.el9_2              ubi-9-appstream-rpms  393 k
Test OLM installation	Arrange OLM test installation	2025-06-04T12:37:46.6476137Z #14 1.859  nss-softokn-freebl         x86_64  3.101.0-10.el9_2              ubi-9-appstream-rpms  313 k
Test OLM installation	Arrange OLM test installation	2025-06-04T12:37:46.6476622Z #14 1.859  nss-sysinit                x86_64  3.101.0-10.el9_2              ubi-9-appstream-rpms   21 k
Test OLM installation	Arrange OLM test installation	2025-06-04T12:37:46.6477075Z #14 1.859  nss-util                   x86_64  3.101.0-10.el9_2              ubi-9-appstream-rpms   92 k
Test OLM installation	Arrange OLM test installation	2025-06-04T12:37:46.6477560Z #14 1.859  openssl-fips-provider      x86_64  3.0.7-6.el9_5                 ubi-9-baseos-rpms     9.4 k
Test OLM installation	Arrange OLM test installation	2025-06-04T12:37:46.6478311Z #14 1.859  openssl-fips-provider-so   x86_64  3.0.7-6.el9_5                 ubi-9-baseos-rpms     577 k
Test OLM installation	Arrange OLM test installation	2025-06-04T12:37:46.6478832Z #14 1.859  openssl-libs               x86_64  1:3.2.2-6.el9_5.1             ubi-9-baseos-rpms     2.1 M
Test OLM installation	Arrange OLM test installation	2025-06-04T12:37:46.6479279Z #14 1.859  p11-kit                    x86_64  0.25.3-3.el9_5                ubi-9-baseos-rpms     536 k
Test OLM installation	Arrange OLM test installation	2025-06-04T12:37:46.6479721Z #14 1.859  p11-kit-trust              x86_64  0.25.3-3.el9_5                ubi-9-baseos-rpms     144 k
Test OLM installation	Arrange OLM test installation	2025-06-04T12:37:46.6480157Z #14 1.859  pcre                       x86_64  8.44-4.el9                    ubi-9-baseos-rpms     200 k
Test OLM installation	Arrange OLM test installation	2025-06-04T12:37:46.6480559Z #14 1.859  pcre2                      x86_64  10.40-6.el9                   ubi-9-baseos-rpms     236 k
Test OLM installation	Arrange OLM test installation	2025-06-04T12:37:46.6481136Z #14 1.859  pcre2-syntax               noarch  10.40-6.el9                   ubi-9-baseos-rpms     144 k
Test OLM installation	Arrange OLM test installation	2025-06-04T12:37:46.6481584Z #14 1.859  python3                    x86_64  3.9.21-2.el9                  ubi-9-baseos-rpms      30 k
Test OLM installation	Arrange OLM test installation	2025-06-04T12:37:46.6482022Z #14 1.859  python3-libs               x86_64  3.9.21-2.el9                  ubi-9-baseos-rpms     8.1 M
Test OLM installation	Arrange OLM test installation	2025-06-04T12:37:46.6482500Z #14 1.859  python3-pip-wheel          noarch  21.3.1-1.el9                  ubi-9-baseos-rpms     1.1 M
Test OLM installation	Arrange OLM test installation	2025-06-04T12:37:46.6483118Z #14 1.859  python3-setuptools-wheel   noarch  53.0.0-13.el9                 ubi-9-baseos-rpms     469 k
Test OLM installation	Arrange OLM test installation	2025-06-04T12:37:46.6483611Z #14 1.859  readline                   x86_64  8.1-4.el9                     ubi-9-baseos-rpms     215 k
Test OLM installation	Arrange OLM test installation	2025-06-04T12:37:46.6484177Z #14 1.859  redhat-release             x86_64  9.6-0.1.el9                   ubi-9-baseos-rpms      44 k
Test OLM installation	Arrange OLM test installation	2025-06-04T12:37:46.6484605Z #14 1.859  sed                        x86_64  4.8-9.el9                     ubi-9-baseos-rpms     309 k
Test OLM installation	Arrange OLM test installation	2025-06-04T12:37:46.6485016Z #14 1.859  setup                      noarch  2.13.7-10.el9                 ubi-9-baseos-rpms     150 k
Test OLM installation	Arrange OLM test installation	2025-06-04T12:37:46.6485555Z #14 1.859  sqlite-libs                x86_64  3.34.1-7.el9_3                ubi-9-baseos-rpms     622 k
Test OLM installation	Arrange OLM test installation	2025-06-04T12:37:46.6486205Z #14 1.859  systemd-libs               x86_64  252-51.el9                    ubi-9-baseos-rpms     684 k
Test OLM installation	Arrange OLM test installation	2025-06-04T12:37:46.6486650Z #14 1.859  tzdata                     noarch  2025b-1.el9                   ubi-9-baseos-rpms     842 k
Test OLM installation	Arrange OLM test installation	2025-06-04T12:37:46.6487102Z #14 1.859  tzdata-java                noarch  2025b-1.el9                   ubi-9-appstream-rpms  228 k
Test OLM installation	Arrange OLM test installation	2025-06-04T12:37:46.6487552Z #14 1.859  xz-libs                    x86_64  5.2.5-8.el9_0                 ubi-9-baseos-rpms      94 k
Test OLM installation	Arrange OLM test installation	2025-06-04T12:37:46.6488135Z #14 1.859  zlib                       x86_64  1.2.11-40.el9                 ubi-9-baseos-rpms      93 k
Test OLM installation	Arrange OLM test installation	2025-06-04T12:37:46.6488466Z #14 1.859 
Test OLM installation	Arrange OLM test installation	2025-06-04T12:37:46.6488662Z #14 1.859 Transaction Summary
Test OLM installation	Arrange OLM test installation	2025-06-04T12:37:46.6488930Z #14 1.859 =============================================================================================
Test OLM installation	Arrange OLM test installation	2025-06-04T12:37:46.6489227Z #14 1.859 Install  84 Packages
Test OLM installation	Arrange OLM test installation	2025-06-04T12:37:46.6489450Z #14 1.859 
Test OLM installation	Arrange OLM test installation	2025-06-04T12:37:46.6489641Z #14 1.862 Total download size: 89 M
Test OLM installation	Arrange OLM test installation	2025-06-04T12:37:46.6489892Z #14 1.862 Installed size: 319 M
Test OLM installation	Arrange OLM test installation	2025-06-04T12:37:46.6490131Z #14 1.862 Downloading Packages:
Test OLM installation	Arrange OLM test installation	2025-06-04T12:37:46.6490483Z #14 1.899 (1/84): alternatives-1.24-2.el9.x86_64.rpm      1.3 MB/s |  42 kB     00:00    
Test OLM installation	Arrange OLM test installation	2025-06-04T12:37:46.6490954Z #14 1.901 (2/84): avahi-libs-0.8-22.el9_6.x86_64.rpm      2.0 MB/s |  67 kB     00:00    
Test OLM installation	Arrange OLM test installation	2025-06-04T12:37:46.6491421Z #14 1.902 (3/84): basesystem-11-13.el9.noarch.rpm         237 kB/s | 8.0 kB     00:00    
Test OLM installation	Arrange OLM test installation	2025-06-04T12:37:46.6491874Z #14 1.909 (4/84): bzip2-libs-1.0.8-10.el9_5.x86_64.rpm    5.5 MB/s |  42 kB     00:00    
Test OLM installation	Arrange OLM test installation	2025-06-04T12:37:46.6492330Z #14 1.927 (5/84): coreutils-single-8.32-39.el9.x86_64.rpm  36 MB/s | 625 kB     00:00    
Test OLM installation	Arrange OLM test installation	2025-06-04T12:37:46.6492778Z #14 1.932 (6/84): bash-5.1.8-9.el9.x86_64.rpm              52 MB/s | 1.7 MB     00:00    
Test OLM installation	Arrange OLM test installation	2025-06-04T12:37:46.6493231Z #14 1.934 (7/84): crypto-policies-20250128-1.git5269e22.e  12 MB/s |  90 kB     00:00    
Test OLM installation	Arrange OLM test installation	2025-06-04T12:37:46.6493722Z #14 1.938 (8/84): crypto-policies-scripts-20250128-1.git5  21 MB/s | 101 kB     00:00    
Test OLM installation	Arrange OLM test installation	2025-06-04T12:37:46.6494200Z #14 1.944 (9/84): cups-libs-2.3.3op2-33.el9.x86_64.rpm     27 MB/s | 265 kB     00:00    
Test OLM installation	Arrange OLM test installation	2025-06-04T12:37:46.6494656Z #14 1.947 (10/84): ca-certificates-2024.2.69_v8.0.303-91.  22 MB/s | 1.0 MB     00:00    
Test OLM installation	Arrange OLM test installation	2025-06-04T12:37:46.6495113Z #14 1.949 (11/84): dbus-libs-1.12.20-8.el9.x86_64.rpm      13 MB/s | 154 kB     00:00    
Test OLM installation	Arrange OLM test installation	2025-06-04T12:37:46.6495541Z #14 1.951 (12/84): expat-2.5.0-5.el9_6.x86_64.rpm          18 MB/s | 119 kB     00:00    
Test OLM installation	Arrange OLM test installation	2025-06-04T12:37:46.6495970Z #14 1.961 (13/84): findutils-4.8.0-7.el9.x86_64.rpm        46 MB/s | 550 kB     00:00    
Test OLM installation	Arrange OLM test installation	2025-06-04T12:37:46.7467497Z #14 1.968 (14/84): gdbm-libs-1.23-1.el9.x86_64.rpm        9.8 MB/s |  59 kB     00:00    
Test OLM installation	Arrange OLM test installation	2025-06-04T12:37:46.7468584Z #14 1.979 (15/84): gawk-5.1.0-6.el9.x86_64.rpm             36 MB/s | 1.0 MB     00:00    
Test OLM installation	Arrange OLM test installation	2025-06-04T12:37:46.7469304Z #14 1.990 (16/84): glibc-common-2.34-168.el9_6.14.x86_64.  28 MB/s | 304 kB     00:00    
Test OLM installation	Arrange OLM test installation	2025-06-04T12:37:46.7469824Z #14 1.999 (17/84): glibc-2.34-168.el9_6.14.x86_64.rpm      64 MB/s | 2.0 MB     00:00    
Test OLM installation	Arrange OLM test installation	2025-06-04T12:37:46.7470325Z #14 2.018 (18/84): filesystem-3.16-5.el9.x86_64.rpm        68 MB/s | 4.8 MB     00:00    
Test OLM installation	Arrange OLM test installation	2025-06-04T12:37:46.7470849Z #14 2.021 (19/84): gmp-6.2.0-13.el9.x86_64.rpm             14 MB/s | 319 kB     00:00    
Test OLM installation	Arrange OLM test installation	2025-06-04T12:37:46.7471697Z #14 2.025 (20/84): glibc-langpack-en-2.34-168.el9_6.14.x8  18 MB/s | 657 kB     00:00    
Test OLM installation	Arrange OLM test installation	2025-06-04T12:37:46.7472185Z #14 2.030 (21/84): grep-3.6-5.el9.x86_64.rpm               30 MB/s | 273 kB     00:00    
Test OLM installation	Arrange OLM test installation	2025-06-04T12:37:46.7472651Z #14 2.036 (22/84): gnutls-3.8.3-6.el9.x86_64.rpm           62 MB/s | 1.1 MB     00:00    
Test OLM installation	Arrange OLM test installation	2025-06-04T12:37:46.7473150Z #14 2.038 (23/84): keyutils-libs-1.6.3-1.el9.x86_64.rpm   2.7 MB/s |  34 kB     00:00    
Test OLM installation	Arrange OLM test installation	2025-06-04T12:37:46.7473675Z #14 2.041 (24/84): libacl-2.3.1-4.el9.x86_64.rpm          5.4 MB/s |  24 kB     00:00    
Test OLM installation	Arrange OLM test installation	2025-06-04T12:37:46.7474135Z #14 2.044 (25/84): krb5-libs-1.21.1-6.el9.x86_64.rpm       55 MB/s | 770 kB     00:00    
Test OLM installation	Arrange OLM test installation	2025-06-04T12:37:46.7474652Z #14 2.046 (26/84): libcap-2.48-9.el9_2.x86_64.rpm          15 MB/s |  74 kB     00:00    
Test OLM installation	Arrange OLM test installation	2025-06-04T12:37:46.7475095Z #14 2.048 (27/84): libattr-2.5.1-3.el9.x86_64.rpm         2.0 MB/s |  20 kB     00:00    
Test OLM installation	Arrange OLM test installation	2025-06-04T12:37:46.7475688Z #14 2.057 (28/84): libcom_err-1.46.5-7.el9.x86_64.rpm     2.2 MB/s |  28 kB     00:00    
Test OLM installation	Arrange OLM test installation	2025-06-04T12:37:46.7476330Z #14 2.064 (29/84): libgcc-11.5.0-5.el9_5.x86_64.rpm        13 MB/s |  88 kB     00:00    
Test OLM installation	Arrange OLM test installation	2025-06-04T12:37:46.8605377Z #14 2.069 (30/84): libevent-2.1.12-8.el9_4.x86_64.rpm      11 MB/s | 266 kB     00:00    
Test OLM installation	Arrange OLM test installation	2025-06-04T12:37:46.8608125Z #14 2.073 (31/84): libgcrypt-1.10.0-11.el9.x86_64.rpm      54 MB/s | 510 kB     00:00    
Test OLM installation	Arrange OLM test installation	2025-06-04T12:37:46.8609013Z #14 2.075 (32/84): libffi-3.4.2-8.el9.x86_64.rpm          1.5 MB/s |  40 kB     00:00    
Test OLM installation	Arrange OLM test installation	2025-06-04T12:37:46.8609831Z #14 2.078 (33/84): libidn2-2.3.0-7.el9.x86_64.rpm          22 MB/s | 105 kB     00:00    
Test OLM installation	Arrange OLM test installation	2025-06-04T12:37:46.8610643Z #14 2.083 (34/84): libselinux-3.6-3.el9.x86_64.rpm         11 MB/s |  88 kB     00:00    
Test OLM installation	Arrange OLM test installation	2025-06-04T12:37:46.8611166Z #14 2.086 (35/84): libsepol-3.6-2.el9.x86_64.rpm           43 MB/s | 331 kB     00:00    
Test OLM installation	Arrange OLM test installation	2025-06-04T12:37:46.8611710Z #14 2.089 (36/84): libsigsegv-2.13-4.el9.x86_64.rpm       5.2 MB/s |  30 kB     00:00    
Test OLM installation	Arrange OLM test installation	2025-06-04T12:37:46.8612236Z #14 2.091 (37/84): libtasn1-4.16.0-9.el9.x86_64.rpm        17 MB/s |  77 kB     00:00    
Test OLM installation	Arrange OLM test installation	2025-06-04T12:37:46.8612775Z #14 2.094 (38/84): libgpg-error-1.42-5.el9.x86_64.rpm     8.9 MB/s | 220 kB     00:00    
Test OLM installation	Arrange OLM test installation	2025-06-04T12:37:46.8613302Z #14 2.096 (39/84): libuuid-2.37.4-21.el9.x86_64.rpm       7.5 MB/s |  30 kB     00:00    
Test OLM installation	Arrange OLM test installation	2025-06-04T12:37:46.8613838Z #14 2.100 (40/84): libunistring-0.9.10-15.el9.x86_64.rpm   47 MB/s | 499 kB     00:00    
Test OLM installation	Arrange OLM test installation	2025-06-04T12:37:46.8614465Z #14 2.101 (41/84): libverto-0.3.2-3.el9.x86_64.rpm        3.8 MB/s |  24 kB     00:00    
Test OLM installation	Arrange OLM test installation	2025-06-04T12:37:46.8614993Z #14 2.102 (42/84): libxcrypt-4.4.18-3.el9.x86_64.rpm       18 MB/s | 120 kB     00:00    
Test OLM installation	Arrange OLM test installation	2025-06-04T12:37:46.8615523Z #14 2.106 (43/84): lksctp-tools-1.0.19-3.el9_4.x86_64.rpm  20 MB/s | 104 kB     00:00    
Test OLM installation	Arrange OLM test installation	2025-06-04T12:37:46.8616070Z #14 2.108 (44/84): lua-libs-5.4.4-4.el9.x86_64.rpm         23 MB/s | 132 kB     00:00    
Test OLM installation	Arrange OLM test installation	2025-06-04T12:37:46.8616580Z #14 2.111 (45/84): libzstd-1.5.5-1.el9.x86_64.rpm          25 MB/s | 297 kB     00:00    
Test OLM installation	Arrange OLM test installation	2025-06-04T12:37:46.8617096Z #14 2.113 (46/84): lz4-libs-1.9.3-5.el9.x86_64.rpm         11 MB/s |  69 kB     00:00    
Test OLM installation	Arrange OLM test installation	2025-06-04T12:37:46.8617587Z #14 2.116 (47/84): mpfr-4.1.0-7.el9.x86_64.rpm             45 MB/s | 329 kB     00:00    
Test OLM installation	Arrange OLM test installation	2025-06-04T12:37:46.8618288Z #14 2.121 (48/84): ncurses-libs-6.2-10.20210508.el9.x86_6  43 MB/s | 332 kB     00:00    
Test OLM installation	Arrange OLM test installation	2025-06-04T12:37:46.8619154Z #14 2.126 (49/84): nettle-3.10.1-1.el9.x86_64.rpm          60 MB/s | 568 kB     00:00    
Test OLM installation	Arrange OLM test installation	2025-06-04T12:37:46.8619964Z #14 2.131 (50/84): ncurses-base-6.2-10.20210508.el9.noarc 5.0 MB/s |  99 kB     00:00    
Test OLM installation	Arrange OLM test installation	2025-06-04T12:37:46.8620760Z #14 2.132 (51/84): openssl-fips-provider-3.0.7-6.el9_5.x8 869 kB/s | 9.4 kB     00:00    
Test OLM installation	Arrange OLM test installation	2025-06-04T12:37:46.8621686Z #14 2.138 (52/84): openssl-fips-provider-so-3.0.7-6.el9_5  48 MB/s | 577 kB     00:00    
Test OLM installation	Arrange OLM test installation	2025-06-04T12:37:46.8622285Z #14 2.143 (53/84): p11-kit-0.25.3-3.el9_5.x86_64.rpm       52 MB/s | 536 kB     00:00    
Test OLM installation	Arrange OLM test installation	2025-06-04T12:37:46.8622927Z #14 2.145 (54/84): p11-kit-trust-0.25.3-3.el9_5.x86_64.rp  20 MB/s | 144 kB     00:00    
Test OLM installation	Arrange OLM test installation	2025-06-04T12:37:46.8624031Z #14 2.151 (55/84): pcre2-10.40-6.el9.x86_64.rpm            40 MB/s | 236 kB     00:00    
Test OLM installation	Arrange OLM test installation	2025-06-04T12:37:46.8624661Z #14 2.159 (56/84): openssl-libs-3.2.2-6.el9_5.1.x86_64.rp  78 MB/s | 2.1 MB     00:00    
Test OLM installation	Arrange OLM test installation	2025-06-04T12:37:46.8625217Z #14 2.161 (57/84): pcre2-syntax-10.40-6.el9.noarch.rpm     15 MB/s | 144 kB     00:00    
Test OLM installation	Arrange OLM test installation	2025-06-04T12:37:46.8625763Z #14 2.163 (58/84): pcre-8.44-4.el9.x86_64.rpm              10 MB/s | 200 kB     00:00    
Test OLM installation	Arrange OLM test installation	2025-06-04T12:37:46.8626571Z #14 2.177 (59/84): python3-pip-wheel-21.3.1-1.el9.noarch.  78 MB/s | 1.1 MB     00:00    
Test OLM installation	Arrange OLM test installation	2025-06-04T12:37:46.9692061Z #14 2.188 (60/84): python3-setuptools-wheel-53.0.0-13.el9  46 MB/s | 469 kB     00:00    
Test OLM installation	Arrange OLM test installation	2025-06-04T12:37:46.9693544Z #14 2.194 (61/84): readline-8.1-4.el9.x86_64.rpm           33 MB/s | 215 kB     00:00    
Test OLM installation	Arrange OLM test installation	2025-06-04T12:37:46.9694517Z #14 2.199 (62/84): redhat-release-9.6-0.1.el9.x86_64.rpm  9.1 MB/s |  44 kB     00:00    
Test OLM installation	Arrange OLM test installation	2025-06-04T12:37:46.9695386Z #14 2.207 (63/84): sed-4.8-9.el9.x86_64.rpm                44 MB/s | 309 kB     00:00    
Test OLM installation	Arrange OLM test installation	2025-06-04T12:37:46.9697253Z #14 2.212 (64/84): setup-2.13.7-10.el9.noarch.rpm          27 MB/s | 150 kB     00:00    
Test OLM installation	Arrange OLM test installation	2025-06-04T12:37:46.9699376Z #14 2.224 (65/84): sqlite-libs-3.34.1-7.el9_3.x86_64.rpm   54 MB/s | 622 kB     00:00    
Test OLM installation	Arrange OLM test installation	2025-06-04T12:37:46.9700460Z #14 2.236 (66/84): systemd-libs-252-51.el9.x86_64.rpm      58 MB/s | 684 kB     00:00    
Test OLM installation	Arrange OLM test installation	2025-06-04T12:37:46.9701544Z #14 2.242 (67/84): python3-3.9.21-2.el9.x86_64.rpm        357 kB/s |  30 kB     00:00    
Test OLM installation	Arrange OLM test installation	2025-06-04T12:37:46.9702986Z #14 2.254 (68/84): tzdata-2025b-1.el9.noarch.rpm           46 MB/s | 842 kB     00:00    
Test OLM installation	Arrange OLM test installation	2025-06-04T12:37:46.9703709Z #14 2.259 (69/84): zlib-1.2.11-40.el9.x86_64.rpm           18 MB/s |  93 kB     00:00    
Test OLM installation	Arrange OLM test installation	2025-06-04T12:37:46.9704325Z #14 2.265 (70/84): copy-jdk-configs-4.0-3.el9.noarch.rpm  6.0 MB/s |  29 kB     00:00    
Test OLM installation	Arrange OLM test installation	2025-06-04T12:37:46.9704923Z #14 2.271 (71/84): lua-5.4.4-4.el9.x86_64.rpm              31 MB/s | 192 kB     00:00    
Test OLM installation	Arrange OLM test installation	2025-06-04T12:37:46.9708608Z #14 2.272 (72/84): xz-libs-5.2.5-8.el9_0.x86_64.rpm       3.1 MB/s |  94 kB     00:00    
Test OLM installation	Arrange OLM test installation	2025-06-04T12:37:46.9709225Z #14 2.286 (73/84): alsa-lib-1.2.13-2.el9.x86_64.rpm        39 MB/s | 530 kB     00:00    
Test OLM installation	Arrange OLM test installation	2025-06-04T12:37:47.1884968Z #14 2.311 (74/84): python3-libs-3.9.21-2.el9.x86_64.rpm    54 MB/s | 8.1 MB     00:00    
Test OLM installation	Arrange OLM test installation	2025-06-04T12:37:47.1885841Z #14 2.313 (75/84): lua-posix-35.0-8.el9.x86_64.rpm        3.6 MB/s | 155 kB     00:00    
Test OLM installation	Arrange OLM test installation	2025-06-04T12:37:47.1886470Z #14 2.316 (76/84): javapackages-filesystem-6.4.0-1.el9.no 3.6 MB/s |  17 kB     00:00    
Test OLM installation	Arrange OLM test installation	2025-06-04T12:37:47.1887013Z #14 2.329 (77/84): nss-3.101.0-10.el9_2.x86_64.rpm         54 MB/s | 720 kB     00:00    
Test OLM installation	Arrange OLM test installation	2025-06-04T12:37:47.1887489Z #14 2.331 (78/84): nspr-4.35.0-17.el9_2.x86_64.rpm        7.8 MB/s | 137 kB     00:00    
Test OLM installation	Arrange OLM test installation	2025-06-04T12:37:47.1888260Z #14 2.341 (79/84): nss-softokn-3.101.0-10.el9_2.x86_64.rp  34 MB/s | 393 kB     00:00    
Test OLM installation	Arrange OLM test installation	2025-06-04T12:37:47.1888782Z #14 2.344 (80/84): nss-softokn-freebl-3.101.0-10.el9_2.x8  25 MB/s | 313 kB     00:00    
Test OLM installation	Arrange OLM test installation	2025-06-04T12:37:47.1889325Z #14 2.347 (81/84): nss-sysinit-3.101.0-10.el9_2.x86_64.rp 3.5 MB/s |  21 kB     00:00    
Test OLM installation	Arrange OLM test installation	2025-06-04T12:37:47.1889812Z #14 2.350 (82/84): nss-util-3.101.0-10.el9_2.x86_64.rpm    15 MB/s |  92 kB     00:00    
Test OLM installation	Arrange OLM test installation	2025-06-04T12:37:47.1890749Z #14 2.355 (83/84): tzdata-java-2025b-1.el9.noarch.rpm      34 MB/s | 228 kB     00:00    
Test OLM installation	Arrange OLM test installation	2025-06-04T12:37:47.2946361Z #14 2.612 (84/84): java-21-openjdk-headless-21.0.7.0.6-1. 151 MB/s |  49 MB     00:00    
Test OLM installation	Arrange OLM test installation	2025-06-04T12:37:47.5323343Z #14 2.615 --------------------------------------------------------------------------------
Test OLM installation	Arrange OLM test installation	2025-06-04T12:37:47.5324156Z #14 2.616 Total                                           118 MB/s |  89 MB     00:00     
Test OLM installation	Arrange OLM test installation	2025-06-04T12:37:47.5324890Z #14 2.627 Red Hat Universal Base Image 9 (RPMs) - BaseOS  3.5 MB/s | 3.6 kB     00:00    
Test OLM installation	Arrange OLM test installation	2025-06-04T12:37:47.5325440Z #14 2.694 Importing GPG key 0xFD431D51:
Test OLM installation	Arrange OLM test installation	2025-06-04T12:37:47.5325941Z #14 2.694  Userid     : "Red Hat, Inc. (release key 2) <security@redhat.com>"
Test OLM installation	Arrange OLM test installation	2025-06-04T12:37:47.5326865Z #14 2.694  Fingerprint: 567E 347A D004 4ADE 55BA 8A5F 199E 2F91 FD43 1D51
Test OLM installation	Arrange OLM test installation	2025-06-04T12:37:47.5327441Z #14 2.694  From       : /etc/pki/rpm-gpg/RPM-GPG-KEY-redhat-release
Test OLM installation	Arrange OLM test installation	2025-06-04T12:37:47.5328197Z #14 2.697 Key imported successfully
Test OLM installation	Arrange OLM test installation	2025-06-04T12:37:47.5328625Z #14 2.698 Importing GPG key 0x5A6340B3:
Test OLM installation	Arrange OLM test installation	2025-06-04T12:37:47.5329097Z #14 2.698  Userid     : "Red Hat, Inc. (auxiliary key 3) <security@redhat.com>"
Test OLM installation	Arrange OLM test installation	2025-06-04T12:37:47.5329660Z #14 2.698  Fingerprint: 7E46 2425 8C40 6535 D56D 6F13 5054 E4A4 5A63 40B3
Test OLM installation	Arrange OLM test installation	2025-06-04T12:37:47.5330193Z #14 2.698  From       : /etc/pki/rpm-gpg/RPM-GPG-KEY-redhat-release
Test OLM installation	Arrange OLM test installation	2025-06-04T12:37:47.5330637Z #14 2.699 Key imported successfully
Test OLM installation	Arrange OLM test installation	2025-06-04T12:37:48.5822967Z #14 3.899 Running transaction check
Test OLM installation	Arrange OLM test installation	2025-06-04T12:37:48.7835009Z #14 3.950 Transaction check succeeded.
Test OLM installation	Arrange OLM test installation	2025-06-04T12:37:48.7835573Z #14 3.950 Running transaction test
Test OLM installation	Arrange OLM test installation	2025-06-04T12:37:49.2715908Z #14 4.589 Transaction test succeeded.
Test OLM installation	Arrange OLM test installation	2025-06-04T12:37:49.4226628Z #14 4.589 Running transaction
Test OLM installation	Arrange OLM test installation	2025-06-04T12:37:49.9249678Z #14 5.089   Running scriptlet: filesystem-3.16-5.el9.x86_64                           1/1 
Test OLM installation	Arrange OLM test installation	2025-06-04T12:37:49.9250411Z #14 5.090   Running scriptlet: copy-jdk-configs-4.0-3.el9.noarch                      1/1 
Test OLM installation	Arrange OLM test installation	2025-06-04T12:37:50.0428701Z #14 5.092   Running scriptlet: java-21-openjdk-headless-1:21.0.7.0.6-1.el9.x86_64     1/1 
Test OLM installation	Arrange OLM test installation	2025-06-04T12:37:50.2021971Z #14 5.360   Preparing        :                                                        1/1 
Test OLM installation	Arrange OLM test installation	2025-06-04T12:37:50.2022622Z #14 5.367   Installing       : libgcc-11.5.0-5.el9_5.x86_64                          1/84 
Test OLM installation	Arrange OLM test installation	2025-06-04T12:37:50.2384144Z #14 5.369   Running scriptlet: libgcc-11.5.0-5.el9_5.x86_64                          1/84 
Test OLM installation	Arrange OLM test installation	2025-06-04T12:37:50.3457260Z #14 5.555   Installing       : tzdata-2025b-1.el9.noarch                             2/84 
Test OLM installation	Arrange OLM test installation	2025-06-04T12:37:50.3458472Z #14 5.601   Installing       : tzdata-java-2025b-1.el9.noarch                        3/84 
Test OLM installation	Arrange OLM test installation	2025-06-04T12:37:50.3459360Z #14 5.607   Installing       : javapackages-filesystem-6.4.0-1.el9.noarch            4/84 
Test OLM installation	Arrange OLM test installation	2025-06-04T12:37:50.3460192Z #14 5.614   Installing       : redhat-release-9.6-0.1.el9.x86_64                     5/84 
Test OLM installation	Arrange OLM test installation	2025-06-04T12:37:50.3460968Z #14 5.622   Installing       : setup-2.13.7-10.el9.noarch                            6/84 
Test OLM installation	Arrange OLM test installation	2025-06-04T12:37:50.3461751Z #14 5.623   Running scriptlet: setup-2.13.7-10.el9.noarch                            6/84 
Test OLM installation	Arrange OLM test installation	2025-06-04T12:37:50.4863129Z #14 5.663   Installing       : filesystem-3.16-5.el9.x86_64                          7/84 
Test OLM installation	Arrange OLM test installation	2025-06-04T12:37:50.4864206Z #14 5.711   Installing       : basesystem-11-13.el9.noarch                           8/84 
Test OLM installation	Arrange OLM test installation	2025-06-04T12:37:50.4865164Z #14 5.715   Installing       : python3-setuptools-wheel-53.0.0-13.el9.noarch         9/84 
Test OLM installation	Arrange OLM test installation	2025-06-04T12:37:50.4866132Z #14 5.717   Installing       : pcre2-syntax-10.40-6.el9.noarch                      10/84 
Test OLM installation	Arrange OLM test installation	2025-06-04T12:37:50.4866966Z #14 5.737   Installing       : ncurses-base-6.2-10.20210508.el9.noarch              11/84 
Test OLM installation	Arrange OLM test installation	2025-06-04T12:37:50.6931592Z #14 5.803   Installing       : glibc-langpack-en-2.34-168.el9_6.14.x86_64           12/84 
Test OLM installation	Arrange OLM test installation	2025-06-04T12:37:50.6932265Z #14 5.822   Installing       : glibc-common-2.34-168.el9_6.14.x86_64                13/84 
Test OLM installation	Arrange OLM test installation	2025-06-04T12:37:50.6933282Z #14 5.825   Running scriptlet: glibc-2.34-168.el9_6.14.x86_64                       14/84 
Test OLM installation	Arrange OLM test installation	2025-06-04T12:37:50.6933847Z #14 5.857   Installing       : glibc-2.34-168.el9_6.14.x86_64                       14/84 
Test OLM installation	Arrange OLM test installation	2025-06-04T12:37:51.0339350Z #14 5.860   Running scriptlet: glibc-2.34-168.el9_6.14.x86_64                       14/84 
Test OLM installation	Arrange OLM test installation	2025-06-04T12:37:51.1361844Z #14 6.351   Installing       : ncurses-libs-6.2-10.20210508.el9.x86_64              15/84 
Test OLM installation	Arrange OLM test installation	2025-06-04T12:37:51.1362764Z #14 6.367   Installing       : bash-5.1.8-9.el9.x86_64                              16/84 
Test OLM installation	Arrange OLM test installation	2025-06-04T12:37:51.1363563Z #14 6.370   Running scriptlet: bash-5.1.8-9.el9.x86_64                              16/84 
Test OLM installation	Arrange OLM test installation	2025-06-04T12:37:51.1364380Z #14 6.385   Installing       : crypto-policies-20250128-1.git5269e22.el9.noarch     17/84 
Test OLM installation	Arrange OLM test installation	2025-06-04T12:37:51.1364918Z #14 6.388   Running scriptlet: crypto-policies-20250128-1.git5269e22.el9.noarch     17/84 
Test OLM installation	Arrange OLM test installation	2025-06-04T12:37:51.1365396Z #14 6.392   Installing       : nspr-4.35.0-17.el9_2.x86_64                          18/84 
Test OLM installation	Arrange OLM test installation	2025-06-04T12:37:51.1365838Z #14 6.395   Installing       : nss-util-3.101.0-10.el9_2.x86_64                     19/84 
Test OLM installation	Arrange OLM test installation	2025-06-04T12:37:51.1366257Z #14 6.399   Installing       : zlib-1.2.11-40.el9.x86_64                            20/84 
Test OLM installation	Arrange OLM test installation	2025-06-04T12:37:51.1366674Z #14 6.404   Installing       : readline-8.1-4.el9.x86_64                            21/84 
Test OLM installation	Arrange OLM test installation	2025-06-04T12:37:51.1367095Z #14 6.407   Installing       : libtasn1-4.16.0-9.el9.x86_64                         22/84 
Test OLM installation	Arrange OLM test installation	2025-06-04T12:37:51.1367518Z #14 6.411   Installing       : libxcrypt-4.4.18-3.el9.x86_64                        23/84 
Test OLM installation	Arrange OLM test installation	2025-06-04T12:37:51.1368180Z #14 6.418   Installing       : sqlite-libs-3.34.1-7.el9_3.x86_64                    24/84 
Test OLM installation	Arrange OLM test installation	2025-06-04T12:37:51.1368623Z #14 6.421   Installing       : alternatives-1.24-2.el9.x86_64                       25/84 
Test OLM installation	Arrange OLM test installation	2025-06-04T12:37:51.1369048Z #14 6.426   Installing       : gmp-1:6.2.0-13.el9.x86_64                            26/84 
Test OLM installation	Arrange OLM test installation	2025-06-04T12:37:51.1369462Z #14 6.429   Installing       : libattr-2.5.1-3.el9.x86_64                           27/84 
Test OLM installation	Arrange OLM test installation	2025-06-04T12:37:51.1369877Z #14 6.432   Installing       : libacl-2.3.1-4.el9.x86_64                            28/84 
Test OLM installation	Arrange OLM test installation	2025-06-04T12:37:51.1370295Z #14 6.437   Installing       : libcap-2.48-9.el9_2.x86_64                           29/84 
Test OLM installation	Arrange OLM test installation	2025-06-04T12:37:51.1370706Z #14 6.441   Installing       : libffi-3.4.2-8.el9.x86_64                            30/84 
Test OLM installation	Arrange OLM test installation	2025-06-04T12:37:51.2936160Z #14 6.453   Installing       : p11-kit-0.25.3-3.el9_5.x86_64                        31/84 
Test OLM installation	Arrange OLM test installation	2025-06-04T12:37:51.2937861Z #14 6.459   Installing       : p11-kit-trust-0.25.3-3.el9_5.x86_64                  32/84 
Test OLM installation	Arrange OLM test installation	2025-06-04T12:37:51.3889904Z #14 6.460   Running scriptlet: p11-kit-trust-0.25.3-3.el9_5.x86_64                  32/84 
Test OLM installation	Arrange OLM test installation	2025-06-04T12:37:51.4925766Z #14 6.706   Installing       : libsigsegv-2.13-4.el9.x86_64                         33/84 
Test OLM installation	Arrange OLM test installation	2025-06-04T12:37:51.4926929Z #14 6.716   Installing       : libunistring-0.9.10-15.el9.x86_64                    34/84 
Test OLM installation	Arrange OLM test installation	2025-06-04T12:37:51.4928249Z #14 6.720   Installing       : lua-libs-5.4.4-4.el9.x86_64                          35/84 
Test OLM installation	Arrange OLM test installation	2025-06-04T12:37:51.4928895Z #14 6.723   Installing       : xz-libs-5.2.5-8.el9_0.x86_64                         36/84 
Test OLM installation	Arrange OLM test installation	2025-06-04T12:37:51.4929402Z #14 6.727   Installing       : lua-5.4.4-4.el9.x86_64                               37/84 
Test OLM installation	Arrange OLM test installation	2025-06-04T12:37:51.4929904Z #14 6.741   Installing       : lua-posix-35.0-8.el9.x86_64                          38/84 
Test OLM installation	Arrange OLM test installation	2025-06-04T12:37:51.4930401Z #14 6.746   Installing       : libidn2-2.3.0-7.el9.x86_64                           39/84 
Test OLM installation	Arrange OLM test installation	2025-06-04T12:37:51.4930882Z #14 6.752   Installing       : mpfr-4.1.0-7.el9.x86_64                              40/84 
Test OLM installation	Arrange OLM test installation	2025-06-04T12:37:51.4931369Z #14 6.766   Installing       : gawk-5.1.0-6.el9.x86_64                              41/84 
Test OLM installation	Arrange OLM test installation	2025-06-04T12:37:51.4931869Z #14 6.773   Installing       : nss-softokn-freebl-3.101.0-10.el9_2.x86_64           42/84 
Test OLM installation	Arrange OLM test installation	2025-06-04T12:37:51.4932670Z #14 6.782   Installing       : nss-softokn-3.101.0-10.el9_2.x86_64                  43/84 
Test OLM installation	Arrange OLM test installation	2025-06-04T12:37:51.4933186Z #14 6.787   Installing       : lksctp-tools-1.0.19-3.el9_4.x86_64                   44/84 
Test OLM installation	Arrange OLM test installation	2025-06-04T12:37:51.4933697Z #14 6.790   Installing       : bzip2-libs-1.0.8-10.el9_5.x86_64                     45/84 
Test OLM installation	Arrange OLM test installation	2025-06-04T12:37:51.4934311Z #14 6.795   Installing       : expat-2.5.0-5.el9_6.x86_64                           46/84 
Test OLM installation	Arrange OLM test installation	2025-06-04T12:37:51.4934904Z #14 6.798   Installing       : gdbm-libs-1:1.23-1.el9.x86_64                        47/84 
Test OLM installation	Arrange OLM test installation	2025-06-04T12:37:51.4935511Z #14 6.801   Installing       : keyutils-libs-1.6.3-1.el9.x86_64                     48/84 
Test OLM installation	Arrange OLM test installation	2025-06-04T12:37:51.4936473Z #14 6.804   Installing       : libcom_err-1.46.5-7.el9.x86_64                       49/84 
Test OLM installation	Arrange OLM test installation	2025-06-04T12:37:51.7410429Z #14 6.810   Installing       : libgpg-error-1.42-5.el9.x86_64                       50/84 
Test OLM installation	Arrange OLM test installation	2025-06-04T12:37:51.7411336Z #14 6.818   Installing       : libgcrypt-1.10.0-11.el9.x86_64                       51/84 
Test OLM installation	Arrange OLM test installation	2025-06-04T12:37:51.7412173Z #14 6.824   Installing       : libsepol-3.6-2.el9.x86_64                            52/84 
Test OLM installation	Arrange OLM test installation	2025-06-04T12:37:51.7412932Z #14 6.827   Installing       : libuuid-2.37.4-21.el9.x86_64                         53/84 
Test OLM installation	Arrange OLM test installation	2025-06-04T12:37:51.7413682Z #14 6.830   Installing       : libverto-0.3.2-3.el9.x86_64                          54/84 
Test OLM installation	Arrange OLM test installation	2025-06-04T12:37:51.7414427Z #14 6.836   Installing       : libzstd-1.5.5-1.el9.x86_64                           55/84 
Test OLM installation	Arrange OLM test installation	2025-06-04T12:37:51.7415165Z #14 6.839   Installing       : lz4-libs-1.9.3-5.el9.x86_64                          56/84 
Test OLM installation	Arrange OLM test installation	2025-06-04T12:37:51.7415894Z #14 6.846   Installing       : nettle-3.10.1-1.el9.x86_64                           57/84 
Test OLM installation	Arrange OLM test installation	2025-06-04T12:37:51.7416636Z #14 6.858   Installing       : gnutls-3.8.3-6.el9.x86_64                            58/84 
Test OLM installation	Arrange OLM test installation	2025-06-04T12:37:51.7417367Z #14 6.864   Installing       : pcre-8.44-4.el9.x86_64                               59/84 
Test OLM installation	Arrange OLM test installation	2025-06-04T12:37:51.7418348Z #14 6.869   Installing       : grep-3.6-5.el9.x86_64                                60/84 
Test OLM installation	Arrange OLM test installation	2025-06-04T12:37:51.7419082Z #14 6.875   Installing       : pcre2-10.40-6.el9.x86_64                             61/84 
Test OLM installation	Arrange OLM test installation	2025-06-04T12:37:51.7419829Z #14 6.878   Installing       : libselinux-3.6-3.el9.x86_64                          62/84 
Test OLM installation	Arrange OLM test installation	2025-06-04T12:37:51.7420613Z #14 6.899   Installing       : coreutils-single-8.32-39.el9.x86_64                  63/84 
Test OLM installation	Arrange OLM test installation	2025-06-04T12:37:51.7421368Z #14 6.904   Installing       : sed-4.8-9.el9.x86_64                                 64/84 
Test OLM installation	Arrange OLM test installation	2025-06-04T12:37:51.8465661Z #14 6.908   Running scriptlet: ca-certificates-2024.2.69_v8.0.303-91.4.el9_4.noar   65/84 
Test OLM installation	Arrange OLM test installation	2025-06-04T12:37:52.0007336Z #14 7.164   Installing       : ca-certificates-2024.2.69_v8.0.303-91.4.el9_4.noar   65/84 
Test OLM installation	Arrange OLM test installation	2025-06-04T12:37:52.9664084Z #14 7.167   Running scriptlet: ca-certificates-2024.2.69_v8.0.303-91.4.el9_4.noar   65/84 
Test OLM installation	Arrange OLM test installation	2025-06-04T12:37:53.1791644Z #14 8.283   Installing       : python3-pip-wheel-21.3.1-1.el9.noarch                66/84 
Test OLM installation	Arrange OLM test installation	2025-06-04T12:37:53.1792717Z #14 8.291   Installing       : openssl-fips-provider-so-3.0.7-6.el9_5.x86_64        67/84 
Test OLM installation	Arrange OLM test installation	2025-06-04T12:37:53.1793594Z #14 8.293   Installing       : openssl-fips-provider-3.0.7-6.el9_5.x86_64           68/84 
Test OLM installation	Arrange OLM test installation	2025-06-04T12:37:53.1794461Z #14 8.318   Installing       : openssl-libs-1:3.2.2-6.el9_5.1.x86_64                69/84 
Test OLM installation	Arrange OLM test installation	2025-06-04T12:37:53.1795249Z #14 8.333   Installing       : krb5-libs-1.21.1-6.el9.x86_64                        70/84 
Test OLM installation	Arrange OLM test installation	2025-06-04T12:37:53.1796048Z #14 8.342   Installing       : libevent-2.1.12-8.el9_4.x86_64                       71/84 
Test OLM installation	Arrange OLM test installation	2025-06-04T12:37:53.3756873Z #14 8.346   Installing       : python3-3.9.21-2.el9.x86_64                          72/84 
Test OLM installation	Arrange OLM test installation	2025-06-04T12:37:53.5643069Z #14 8.693   Installing       : python3-libs-3.9.21-2.el9.x86_64                     73/84 
Test OLM installation	Arrange OLM test installation	2025-06-04T12:37:53.5643692Z #14 8.714   Installing       : crypto-policies-scripts-20250128-1.git5269e22.el9.   74/84 
Test OLM installation	Arrange OLM test installation	2025-06-04T12:37:53.5644664Z #14 8.718   Installing       : nss-sysinit-3.101.0-10.el9_2.x86_64                  75/84 
Test OLM installation	Arrange OLM test installation	2025-06-04T12:37:53.5645158Z #14 8.728   Installing       : nss-3.101.0-10.el9_2.x86_64                          76/84 
Test OLM installation	Arrange OLM test installation	2025-06-04T12:37:53.6713392Z #14 8.731   Running scriptlet: nss-3.101.0-10.el9_2.x86_64                          76/84 
Test OLM installation	Arrange OLM test installation	2025-06-04T12:37:53.8270277Z #14 8.988   Installing       : systemd-libs-252-51.el9.x86_64                       77/84 
Test OLM installation	Arrange OLM test installation	2025-06-04T12:37:53.9323255Z #14 8.994   Running scriptlet: systemd-libs-252-51.el9.x86_64                       77/84 
Test OLM installation	Arrange OLM test installation	2025-06-04T12:37:54.1197328Z #14 9.249   Installing       : dbus-libs-1:1.12.20-8.el9.x86_64                     78/84 
Test OLM installation	Arrange OLM test installation	2025-06-04T12:37:54.1198386Z #14 9.254   Installing       : avahi-libs-0.8-22.el9_6.x86_64                       79/84 
Test OLM installation	Arrange OLM test installation	2025-06-04T12:37:54.1199241Z #14 9.260   Installing       : cups-libs-1:2.3.3op2-33.el9.x86_64                   80/84 
Test OLM installation	Arrange OLM test installation	2025-06-04T12:37:54.1199762Z #14 9.266   Installing       : findutils-1:4.8.0-7.el9.x86_64                       81/84 
Test OLM installation	Arrange OLM test installation	2025-06-04T12:37:54.1200302Z #14 9.270   Installing       : copy-jdk-configs-4.0-3.el9.noarch                    82/84 
Test OLM installation	Arrange OLM test installation	2025-06-04T12:37:56.6629485Z #14 9.286   Installing       : alsa-lib-1.2.13-2.el9.x86_64                         83/84 
Test OLM installation	Arrange OLM test installation	2025-06-04T12:37:56.8190767Z #14 11.98   Installing       : java-21-openjdk-headless-1:21.0.7.0.6-1.el9.x86_64   84/84 
Test OLM installation	Arrange OLM test installation	2025-06-04T12:37:56.9235117Z #14 11.99   Running scriptlet: java-21-openjdk-headless-1:21.0.7.0.6-1.el9.x86_64   84/84 
Test OLM installation	Arrange OLM test installation	2025-06-04T12:37:57.1709369Z #14 12.24   Running scriptlet: filesystem-3.16-5.el9.x86_64                         84/84 
Test OLM installation	Arrange OLM test installation	2025-06-04T12:37:58.2854774Z #14 12.49   Running scriptlet: ca-certificates-2024.2.69_v8.0.303-91.4.el9_4.noar   84/84 
Test OLM installation	Arrange OLM test installation	2025-06-04T12:37:58.9989665Z #14 13.60   Running scriptlet: crypto-policies-scripts-20250128-1.git5269e22.el9.   84/84 
Test OLM installation	Arrange OLM test installation	2025-06-04T12:37:59.5900735Z #14 14.32   Running scriptlet: nss-3.101.0-10.el9_2.x86_64                          84/84 
Test OLM installation	Arrange OLM test installation	2025-06-04T12:37:59.8355522Z #14 14.91   Running scriptlet: copy-jdk-configs-4.0-3.el9.noarch                    84/84 
Test OLM installation	Arrange OLM test installation	2025-06-04T12:38:00.3811471Z #14 15.15   Running scriptlet: java-21-openjdk-headless-1:21.0.7.0.6-1.el9.x86_64   84/84 
Test OLM installation	Arrange OLM test installation	2025-06-04T12:38:00.3812668Z #14 15.70   Verifying        : alternatives-1.24-2.el9.x86_64                        1/84 
Test OLM installation	Arrange OLM test installation	2025-06-04T12:38:00.5732725Z #14 15.70   Verifying        : avahi-libs-0.8-22.el9_6.x86_64                        2/84 
Test OLM installation	Arrange OLM test installation	2025-06-04T12:38:00.5733590Z #14 15.70   Verifying        : basesystem-11-13.el9.noarch                           3/84 
Test OLM installation	Arrange OLM test installation	2025-06-04T12:38:00.5734080Z #14 15.70   Verifying        : bash-5.1.8-9.el9.x86_64                               4/84 
Test OLM installation	Arrange OLM test installation	2025-06-04T12:38:00.5734520Z #14 15.70   Verifying        : bzip2-libs-1.0.8-10.el9_5.x86_64                      5/84 
Test OLM installation	Arrange OLM test installation	2025-06-04T12:38:00.5735009Z #14 15.70   Verifying        : ca-certificates-2024.2.69_v8.0.303-91.4.el9_4.noar    6/84 
Test OLM installation	Arrange OLM test installation	2025-06-04T12:38:00.5735476Z #14 15.70   Verifying        : coreutils-single-8.32-39.el9.x86_64                   7/84 
Test OLM installation	Arrange OLM test installation	2025-06-04T12:38:00.5736157Z #14 15.70   Verifying        : crypto-policies-20250128-1.git5269e22.el9.noarch      8/84 
Test OLM installation	Arrange OLM test installation	2025-06-04T12:38:00.5736991Z #14 15.70   Verifying        : crypto-policies-scripts-20250128-1.git5269e22.el9.    9/84 
Test OLM installation	Arrange OLM test installation	2025-06-04T12:38:00.5737558Z #14 15.70   Verifying        : cups-libs-1:2.3.3op2-33.el9.x86_64                   10/84 
Test OLM installation	Arrange OLM test installation	2025-06-04T12:38:00.5738176Z #14 15.70   Verifying        : dbus-libs-1:1.12.20-8.el9.x86_64                     11/84 
Test OLM installation	Arrange OLM test installation	2025-06-04T12:38:00.5738587Z #14 15.70   Verifying        : expat-2.5.0-5.el9_6.x86_64                           12/84 
Test OLM installation	Arrange OLM test installation	2025-06-04T12:38:00.5739031Z #14 15.70   Verifying        : filesystem-3.16-5.el9.x86_64                         13/84 
Test OLM installation	Arrange OLM test installation	2025-06-04T12:38:00.5739483Z #14 15.70   Verifying        : findutils-1:4.8.0-7.el9.x86_64                       14/84 
Test OLM installation	Arrange OLM test installation	2025-06-04T12:38:00.5740084Z #14 15.70   Verifying        : gawk-5.1.0-6.el9.x86_64                              15/84 
Test OLM installation	Arrange OLM test installation	2025-06-04T12:38:00.5740869Z #14 15.70   Verifying        : gdbm-libs-1:1.23-1.el9.x86_64                        16/84 
Test OLM installation	Arrange OLM test installation	2025-06-04T12:38:00.5741274Z #14 15.70   Verifying        : glibc-2.34-168.el9_6.14.x86_64                       17/84 
Test OLM installation	Arrange OLM test installation	2025-06-04T12:38:00.5741684Z #14 15.70   Verifying        : glibc-common-2.34-168.el9_6.14.x86_64                18/84 
Test OLM installation	Arrange OLM test installation	2025-06-04T12:38:00.5742107Z #14 15.70   Verifying        : glibc-langpack-en-2.34-168.el9_6.14.x86_64           19/84 
Test OLM installation	Arrange OLM test installation	2025-06-04T12:38:00.5742516Z #14 15.70   Verifying        : gmp-1:6.2.0-13.el9.x86_64                            20/84 
Test OLM installation	Arrange OLM test installation	2025-06-04T12:38:00.5742912Z #14 15.70   Verifying        : gnutls-3.8.3-6.el9.x86_64                            21/84 
Test OLM installation	Arrange OLM test installation	2025-06-04T12:38:00.5743309Z #14 15.70   Verifying        : grep-3.6-5.el9.x86_64                                22/84 
Test OLM installation	Arrange OLM test installation	2025-06-04T12:38:00.5743877Z #14 15.70   Verifying        : keyutils-libs-1.6.3-1.el9.x86_64                     23/84 
Test OLM installation	Arrange OLM test installation	2025-06-04T12:38:00.5744294Z #14 15.70   Verifying        : krb5-libs-1.21.1-6.el9.x86_64                        24/84 
Test OLM installation	Arrange OLM test installation	2025-06-04T12:38:00.5744703Z #14 15.70   Verifying        : libacl-2.3.1-4.el9.x86_64                            25/84 
Test OLM installation	Arrange OLM test installation	2025-06-04T12:38:00.5745107Z #14 15.70   Verifying        : libattr-2.5.1-3.el9.x86_64                           26/84 
Test OLM installation	Arrange OLM test installation	2025-06-04T12:38:00.5745508Z #14 15.70   Verifying        : libcap-2.48-9.el9_2.x86_64                           27/84 
Test OLM installation	Arrange OLM test installation	2025-06-04T12:38:00.5745923Z #14 15.70   Verifying        : libcom_err-1.46.5-7.el9.x86_64                       28/84 
Test OLM installation	Arrange OLM test installation	2025-06-04T12:38:00.5746373Z #14 15.70   Verifying        : libevent-2.1.12-8.el9_4.x86_64                       29/84 
Test OLM installation	Arrange OLM test installation	2025-06-04T12:38:00.5746916Z #14 15.70   Verifying        : libffi-3.4.2-8.el9.x86_64                            30/84 
Test OLM installation	Arrange OLM test installation	2025-06-04T12:38:00.5747328Z #14 15.70   Verifying        : libgcc-11.5.0-5.el9_5.x86_64                         31/84 
Test OLM installation	Arrange OLM test installation	2025-06-04T12:38:00.5747942Z #14 15.70   Verifying        : libgcrypt-1.10.0-11.el9.x86_64                       32/84 
Test OLM installation	Arrange OLM test installation	2025-06-04T12:38:00.5748573Z #14 15.70   Verifying        : libgpg-error-1.42-5.el9.x86_64                       33/84 
Test OLM installation	Arrange OLM test installation	2025-06-04T12:38:00.5749015Z #14 15.70   Verifying        : libidn2-2.3.0-7.el9.x86_64                           34/84 
Test OLM installation	Arrange OLM test installation	2025-06-04T12:38:00.5749433Z #14 15.70   Verifying        : libselinux-3.6-3.el9.x86_64                          35/84 
Test OLM installation	Arrange OLM test installation	2025-06-04T12:38:00.5749853Z #14 15.70   Verifying        : libsepol-3.6-2.el9.x86_64                            36/84 
Test OLM installation	Arrange OLM test installation	2025-06-04T12:38:00.5750276Z #14 15.70   Verifying        : libsigsegv-2.13-4.el9.x86_64                         37/84 
Test OLM installation	Arrange OLM test installation	2025-06-04T12:38:00.5750907Z #14 15.70   Verifying        : libtasn1-4.16.0-9.el9.x86_64                         38/84 
Test OLM installation	Arrange OLM test installation	2025-06-04T12:38:00.5751421Z #14 15.70   Verifying        : libunistring-0.9.10-15.el9.x86_64                    39/84 
Test OLM installation	Arrange OLM test installation	2025-06-04T12:38:00.5751862Z #14 15.70   Verifying        : libuuid-2.37.4-21.el9.x86_64                         40/84 
Test OLM installation	Arrange OLM test installation	2025-06-04T12:38:00.5752280Z #14 15.70   Verifying        : libverto-0.3.2-3.el9.x86_64                          41/84 
Test OLM installation	Arrange OLM test installation	2025-06-04T12:38:00.5752712Z #14 15.70   Verifying        : libxcrypt-4.4.18-3.el9.x86_64                        42/84 
Test OLM installation	Arrange OLM test installation	2025-06-04T12:38:00.5753124Z #14 15.70   Verifying        : libzstd-1.5.5-1.el9.x86_64                           43/84 
Test OLM installation	Arrange OLM test installation	2025-06-04T12:38:00.5753537Z #14 15.70   Verifying        : lksctp-tools-1.0.19-3.el9_4.x86_64                   44/84 
Test OLM installation	Arrange OLM test installation	2025-06-04T12:38:00.5753946Z #14 15.70   Verifying        : lua-libs-5.4.4-4.el9.x86_64                          45/84 
Test OLM installation	Arrange OLM test installation	2025-06-04T12:38:00.5754347Z #14 15.70   Verifying        : lz4-libs-1.9.3-5.el9.x86_64                          46/84 
Test OLM installation	Arrange OLM test installation	2025-06-04T12:38:00.5754741Z #14 15.70   Verifying        : mpfr-4.1.0-7.el9.x86_64                              47/84 
Test OLM installation	Arrange OLM test installation	2025-06-04T12:38:00.5755163Z #14 15.70   Verifying        : ncurses-base-6.2-10.20210508.el9.noarch              48/84 
Test OLM installation	Arrange OLM test installation	2025-06-04T12:38:00.5755592Z #14 15.70   Verifying        : ncurses-libs-6.2-10.20210508.el9.x86_64              49/84 
Test OLM installation	Arrange OLM test installation	2025-06-04T12:38:00.5756004Z #14 15.70   Verifying        : nettle-3.10.1-1.el9.x86_64                           50/84 
Test OLM installation	Arrange OLM test installation	2025-06-04T12:38:00.5756590Z #14 15.70   Verifying        : openssl-fips-provider-3.0.7-6.el9_5.x86_64           51/84 
Test OLM installation	Arrange OLM test installation	2025-06-04T12:38:00.5757040Z #14 15.70   Verifying        : openssl-fips-provider-so-3.0.7-6.el9_5.x86_64        52/84 
Test OLM installation	Arrange OLM test installation	2025-06-04T12:38:00.5757471Z #14 15.70   Verifying        : openssl-libs-1:3.2.2-6.el9_5.1.x86_64                53/84 
Test OLM installation	Arrange OLM test installation	2025-06-04T12:38:00.5758090Z #14 15.70   Verifying        : p11-kit-0.25.3-3.el9_5.x86_64                        54/84 
Test OLM installation	Arrange OLM test installation	2025-06-04T12:38:00.5758510Z #14 15.70   Verifying        : p11-kit-trust-0.25.3-3.el9_5.x86_64                  55/84 
Test OLM installation	Arrange OLM test installation	2025-06-04T12:38:00.5759076Z #14 15.70   Verifying        : pcre-8.44-4.el9.x86_64                               56/84 
Test OLM installation	Arrange OLM test installation	2025-06-04T12:38:00.5759755Z #14 15.70   Verifying        : pcre2-10.40-6.el9.x86_64                             57/84 
Test OLM installation	Arrange OLM test installation	2025-06-04T12:38:00.5760176Z #14 15.70   Verifying        : pcre2-syntax-10.40-6.el9.noarch                      58/84 
Test OLM installation	Arrange OLM test installation	2025-06-04T12:38:00.5760619Z #14 15.70   Verifying        : python3-3.9.21-2.el9.x86_64                          59/84 
Test OLM installation	Arrange OLM test installation	2025-06-04T12:38:00.5761046Z #14 15.70   Verifying        : python3-libs-3.9.21-2.el9.x86_64                     60/84 
Test OLM installation	Arrange OLM test installation	2025-06-04T12:38:00.5761484Z #14 15.70   Verifying        : python3-pip-wheel-21.3.1-1.el9.noarch                61/84 
Test OLM installation	Arrange OLM test installation	2025-06-04T12:38:00.5761973Z #14 15.70   Verifying        : python3-setuptools-wheel-53.0.0-13.el9.noarch        62/84 
Test OLM installation	Arrange OLM test installation	2025-06-04T12:38:00.5762420Z #14 15.70   Verifying        : readline-8.1-4.el9.x86_64                            63/84 
Test OLM installation	Arrange OLM test installation	2025-06-04T12:38:00.5762840Z #14 15.70   Verifying        : redhat-release-9.6-0.1.el9.x86_64                    64/84 
Test OLM installation	Arrange OLM test installation	2025-06-04T12:38:00.5763252Z #14 15.70   Verifying        : sed-4.8-9.el9.x86_64                                 65/84 
Test OLM installation	Arrange OLM test installation	2025-06-04T12:38:00.5763651Z #14 15.70   Verifying        : setup-2.13.7-10.el9.noarch                           66/84 
Test OLM installation	Arrange OLM test installation	2025-06-04T12:38:00.5764064Z #14 15.70   Verifying        : sqlite-libs-3.34.1-7.el9_3.x86_64                    67/84 
Test OLM installation	Arrange OLM test installation	2025-06-04T12:38:00.5764484Z #14 15.70   Verifying        : systemd-libs-252-51.el9.x86_64                       68/84 
Test OLM installation	Arrange OLM test installation	2025-06-04T12:38:00.5764907Z #14 15.70   Verifying        : tzdata-2025b-1.el9.noarch                            69/84 
Test OLM installation	Arrange OLM test installation	2025-06-04T12:38:00.5765320Z #14 15.70   Verifying        : xz-libs-5.2.5-8.el9_0.x86_64                         70/84 
Test OLM installation	Arrange OLM test installation	2025-06-04T12:38:00.5765718Z #14 15.70   Verifying        : zlib-1.2.11-40.el9.x86_64                            71/84 
Test OLM installation	Arrange OLM test installation	2025-06-04T12:38:00.5766134Z #14 15.70   Verifying        : copy-jdk-configs-4.0-3.el9.noarch                    72/84 
Test OLM installation	Arrange OLM test installation	2025-06-04T12:38:00.5766550Z #14 15.70   Verifying        : lua-5.4.4-4.el9.x86_64                               73/84 
Test OLM installation	Arrange OLM test installation	2025-06-04T12:38:00.5766955Z #14 15.70   Verifying        : lua-posix-35.0-8.el9.x86_64                          74/84 
Test OLM installation	Arrange OLM test installation	2025-06-04T12:38:00.5767591Z #14 15.70   Verifying        : alsa-lib-1.2.13-2.el9.x86_64                         75/84 
Test OLM installation	Arrange OLM test installation	2025-06-04T12:38:00.5768271Z #14 15.70   Verifying        : java-21-openjdk-headless-1:21.0.7.0.6-1.el9.x86_64   76/84 
Test OLM installation	Arrange OLM test installation	2025-06-04T12:38:00.5768723Z #14 15.71   Verifying        : javapackages-filesystem-6.4.0-1.el9.noarch           77/84 
Test OLM installation	Arrange OLM test installation	2025-06-04T12:38:00.5769160Z #14 15.71   Verifying        : nspr-4.35.0-17.el9_2.x86_64                          78/84 
Test OLM installation	Arrange OLM test installation	2025-06-04T12:38:00.5769555Z #14 15.71   Verifying        : nss-3.101.0-10.el9_2.x86_64                          79/84 
Test OLM installation	Arrange OLM test installation	2025-06-04T12:38:00.5770254Z #14 15.71   Verifying        : nss-softokn-3.101.0-10.el9_2.x86_64                  80/84 
Test OLM installation	Arrange OLM test installation	2025-06-04T12:38:00.5770698Z #14 15.71   Verifying        : nss-softokn-freebl-3.101.0-10.el9_2.x86_64           81/84 
Test OLM installation	Arrange OLM test installation	2025-06-04T12:38:00.5771144Z #14 15.71   Verifying        : nss-sysinit-3.101.0-10.el9_2.x86_64                  82/84 
Test OLM installation	Arrange OLM test installation	2025-06-04T12:38:00.5771554Z #14 15.71   Verifying        : nss-util-3.101.0-10.el9_2.x86_64                     83/84 
Test OLM installation	Arrange OLM test installation	2025-06-04T12:38:00.5771970Z #14 15.71   Verifying        : tzdata-java-2025b-1.el9.noarch                       84/84 
Test OLM installation	Arrange OLM test installation	2025-06-04T12:38:00.5772481Z #14 15.78 Installed products updated.
Test OLM installation	Arrange OLM test installation	2025-06-04T12:38:00.5772723Z #14 15.79 
Test OLM installation	Arrange OLM test installation	2025-06-04T12:38:00.5772893Z #14 15.79 Installed:
Test OLM installation	Arrange OLM test installation	2025-06-04T12:38:00.5773174Z #14 15.79   alsa-lib-1.2.13-2.el9.x86_64                                                  
Test OLM installation	Arrange OLM test installation	2025-06-04T12:38:00.5773577Z #14 15.79   alternatives-1.24-2.el9.x86_64                                                
Test OLM installation	Arrange OLM test installation	2025-06-04T12:38:00.5773981Z #14 15.79   avahi-libs-0.8-22.el9_6.x86_64                                                
Test OLM installation	Arrange OLM test installation	2025-06-04T12:38:00.5774387Z #14 15.79   basesystem-11-13.el9.noarch                                                   
Test OLM installation	Arrange OLM test installation	2025-06-04T12:38:00.5774778Z #14 15.79   bash-5.1.8-9.el9.x86_64                                                       
Test OLM installation	Arrange OLM test installation	2025-06-04T12:38:00.5775274Z #14 15.79   bzip2-libs-1.0.8-10.el9_5.x86_64                                              
Test OLM installation	Arrange OLM test installation	2025-06-04T12:38:00.5775705Z #14 15.79   ca-certificates-2024.2.69_v8.0.303-91.4.el9_4.noarch                          
Test OLM installation	Arrange OLM test installation	2025-06-04T12:38:00.5776161Z #14 15.79   copy-jdk-configs-4.0-3.el9.noarch                                             
Test OLM installation	Arrange OLM test installation	2025-06-04T12:38:00.5776601Z #14 15.79   coreutils-single-8.32-39.el9.x86_64                                           
Test OLM installation	Arrange OLM test installation	2025-06-04T12:38:00.5777070Z #14 15.79   crypto-policies-20250128-1.git5269e22.el9.noarch                              
Test OLM installation	Arrange OLM test installation	2025-06-04T12:38:00.5777573Z #14 15.79   crypto-policies-scripts-20250128-1.git5269e22.el9.noarch                      
Test OLM installation	Arrange OLM test installation	2025-06-04T12:38:00.5778272Z #14 15.79   cups-libs-1:2.3.3op2-33.el9.x86_64                                            
Test OLM installation	Arrange OLM test installation	2025-06-04T12:38:00.5778675Z #14 15.79   dbus-libs-1:1.12.20-8.el9.x86_64                                              
Test OLM installation	Arrange OLM test installation	2025-06-04T12:38:00.5779062Z #14 15.79   expat-2.5.0-5.el9_6.x86_64                                                    
Test OLM installation	Arrange OLM test installation	2025-06-04T12:38:00.5779448Z #14 15.79   filesystem-3.16-5.el9.x86_64                                                  
Test OLM installation	Arrange OLM test installation	2025-06-04T12:38:00.5779850Z #14 15.79   findutils-1:4.8.0-7.el9.x86_64                                                
Test OLM installation	Arrange OLM test installation	2025-06-04T12:38:00.5780225Z #14 15.79   gawk-5.1.0-6.el9.x86_64                                                       
Test OLM installation	Arrange OLM test installation	2025-06-04T12:38:00.5780673Z #14 15.79   gdbm-libs-1:1.23-1.el9.x86_64                                                 
Test OLM installation	Arrange OLM test installation	2025-06-04T12:38:00.5781262Z #14 15.79   glibc-2.34-168.el9_6.14.x86_64                                                
Test OLM installation	Arrange OLM test installation	2025-06-04T12:38:00.5781669Z #14 15.79   glibc-common-2.34-168.el9_6.14.x86_64                                         
Test OLM installation	Arrange OLM test installation	2025-06-04T12:38:00.5782102Z #14 15.79   glibc-langpack-en-2.34-168.el9_6.14.x86_64                                    
Test OLM installation	Arrange OLM test installation	2025-06-04T12:38:00.5782501Z #14 15.79   gmp-1:6.2.0-13.el9.x86_64                                                     
Test OLM installation	Arrange OLM test installation	2025-06-04T12:38:00.5782873Z #14 15.79   gnutls-3.8.3-6.el9.x86_64                                                     
Test OLM installation	Arrange OLM test installation	2025-06-04T12:38:00.5783242Z #14 15.79   grep-3.6-5.el9.x86_64                                                         
Test OLM installation	Arrange OLM test installation	2025-06-04T12:38:00.5783652Z #14 15.79   java-21-openjdk-headless-1:21.0.7.0.6-1.el9.x86_64                            
Test OLM installation	Arrange OLM test installation	2025-06-04T12:38:00.5784124Z #14 15.79   javapackages-filesystem-6.4.0-1.el9.noarch                                    
Test OLM installation	Arrange OLM test installation	2025-06-04T12:38:00.5784580Z #14 15.79   keyutils-libs-1.6.3-1.el9.x86_64                                              
Test OLM installation	Arrange OLM test installation	2025-06-04T12:38:00.5784993Z #14 15.79   krb5-libs-1.21.1-6.el9.x86_64                                                 
Test OLM installation	Arrange OLM test installation	2025-06-04T12:38:00.5785375Z #14 15.79   libacl-2.3.1-4.el9.x86_64                                                     
Test OLM installation	Arrange OLM test installation	2025-06-04T12:38:00.5785754Z #14 15.79   libattr-2.5.1-3.el9.x86_64                                                    
Test OLM installation	Arrange OLM test installation	2025-06-04T12:38:00.5786143Z #14 15.79   libcap-2.48-9.el9_2.x86_64                                                    
Test OLM installation	Arrange OLM test installation	2025-06-04T12:38:00.5786524Z #14 15.79   libcom_err-1.46.5-7.el9.x86_64                                                
Test OLM installation	Arrange OLM test installation	2025-06-04T12:38:00.5786914Z #14 15.79   libevent-2.1.12-8.el9_4.x86_64                                                
Test OLM installation	Arrange OLM test installation	2025-06-04T12:38:00.5787446Z #14 15.79   libffi-3.4.2-8.el9.x86_64                                                     
Test OLM installation	Arrange OLM test installation	2025-06-04T12:38:00.5788010Z #14 15.79   libgcc-11.5.0-5.el9_5.x86_64                                                  
Test OLM installation	Arrange OLM test installation	2025-06-04T12:38:00.5788407Z #14 15.79   libgcrypt-1.10.0-11.el9.x86_64                                                
Test OLM installation	Arrange OLM test installation	2025-06-04T12:38:00.5788827Z #14 15.79   libgpg-error-1.42-5.el9.x86_64                                                
Test OLM installation	Arrange OLM test installation	2025-06-04T12:38:00.5789225Z #14 15.79   libidn2-2.3.0-7.el9.x86_64                                                    
Test OLM installation	Arrange OLM test installation	2025-06-04T12:38:00.5789620Z #14 15.79   libselinux-3.6-3.el9.x86_64                                                   
Test OLM installation	Arrange OLM test installation	2025-06-04T12:38:00.5790172Z #14 15.79   libsepol-3.6-2.el9.x86_64                                                     
Test OLM installation	Arrange OLM test installation	2025-06-04T12:38:00.5790560Z #14 15.79   libsigsegv-2.13-4.el9.x86_64                                                  
Test OLM installation	Arrange OLM test installation	2025-06-04T12:38:00.5790993Z #14 15.79   libtasn1-4.16.0-9.el9.x86_64                                                  
Test OLM installation	Arrange OLM test installation	2025-06-04T12:38:00.5791409Z #14 15.79   libunistring-0.9.10-15.el9.x86_64                                             
Test OLM installation	Arrange OLM test installation	2025-06-04T12:38:00.5792096Z #14 15.79   libuuid-2.37.4-21.el9.x86_64                                                  
Test OLM installation	Arrange OLM test installation	2025-06-04T12:38:00.5792493Z #14 15.79   libverto-0.3.2-3.el9.x86_64                                                   
Test OLM installation	Arrange OLM test installation	2025-06-04T12:38:00.5792890Z #14 15.79   libxcrypt-4.4.18-3.el9.x86_64                                                 
Test OLM installation	Arrange OLM test installation	2025-06-04T12:38:00.5793277Z #14 15.79   libzstd-1.5.5-1.el9.x86_64                                                    
Test OLM installation	Arrange OLM test installation	2025-06-04T12:38:00.5793678Z #14 15.79   lksctp-tools-1.0.19-3.el9_4.x86_64                                            
Test OLM installation	Arrange OLM test installation	2025-06-04T12:38:00.5794060Z #14 15.79   lua-5.4.4-4.el9.x86_64                                                        
Test OLM installation	Arrange OLM test installation	2025-06-04T12:38:00.5794435Z #14 15.79   lua-libs-5.4.4-4.el9.x86_64                                                   
Test OLM installation	Arrange OLM test installation	2025-06-04T12:38:00.5794830Z #14 15.79   lua-posix-35.0-8.el9.x86_64                                                   
Test OLM installation	Arrange OLM test installation	2025-06-04T12:38:00.5795213Z #14 15.79   lz4-libs-1.9.3-5.el9.x86_64                                                   
Test OLM installation	Arrange OLM test installation	2025-06-04T12:38:00.5795582Z #14 15.79   mpfr-4.1.0-7.el9.x86_64                                                       
Test OLM installation	Arrange OLM test installation	2025-06-04T12:38:00.5795985Z #14 15.79   ncurses-base-6.2-10.20210508.el9.noarch                                       
Test OLM installation	Arrange OLM test installation	2025-06-04T12:38:00.5796433Z #14 15.79   ncurses-libs-6.2-10.20210508.el9.x86_64                                       
Test OLM installation	Arrange OLM test installation	2025-06-04T12:38:00.5796841Z #14 15.79   nettle-3.10.1-1.el9.x86_64                                                    
Test OLM installation	Arrange OLM test installation	2025-06-04T12:38:00.5797217Z #14 15.79   nspr-4.35.0-17.el9_2.x86_64                                                   
Test OLM installation	Arrange OLM test installation	2025-06-04T12:38:00.5797595Z #14 15.79   nss-3.101.0-10.el9_2.x86_64                                                   
Test OLM installation	Arrange OLM test installation	2025-06-04T12:38:00.5798178Z #14 15.79   nss-softokn-3.101.0-10.el9_2.x86_64                                           
Test OLM installation	Arrange OLM test installation	2025-06-04T12:38:00.5798610Z #14 15.79   nss-softokn-freebl-3.101.0-10.el9_2.x86_64                                    
Test OLM installation	Arrange OLM test installation	2025-06-04T12:38:00.5799040Z #14 15.79   nss-sysinit-3.101.0-10.el9_2.x86_64                                           
Test OLM installation	Arrange OLM test installation	2025-06-04T12:38:00.5799441Z #14 15.79   nss-util-3.101.0-10.el9_2.x86_64                                              
Test OLM installation	Arrange OLM test installation	2025-06-04T12:38:00.5799870Z #14 15.79   openssl-fips-provider-3.0.7-6.el9_5.x86_64                                    
Test OLM installation	Arrange OLM test installation	2025-06-04T12:38:00.5800335Z #14 15.79   openssl-fips-provider-so-3.0.7-6.el9_5.x86_64                                 
Test OLM installation	Arrange OLM test installation	2025-06-04T12:38:00.5800784Z #14 15.79   openssl-libs-1:3.2.2-6.el9_5.1.x86_64                                         
Test OLM installation	Arrange OLM test installation	2025-06-04T12:38:00.5801175Z #14 15.79   p11-kit-0.25.3-3.el9_5.x86_64                                                 
Test OLM installation	Arrange OLM test installation	2025-06-04T12:38:00.5801565Z #14 15.79   p11-kit-trust-0.25.3-3.el9_5.x86_64                                           
Test OLM installation	Arrange OLM test installation	2025-06-04T12:38:00.5802089Z #14 15.79   pcre-8.44-4.el9.x86_64                                                        
Test OLM installation	Arrange OLM test installation	2025-06-04T12:38:00.5802626Z #14 15.79   pcre2-10.40-6.el9.x86_64                                                      
Test OLM installation	Arrange OLM test installation	2025-06-04T12:38:00.5803154Z #14 15.79   pcre2-syntax-10.40-6.el9.noarch                                               
Test OLM installation	Arrange OLM test installation	2025-06-04T12:38:00.5803565Z #14 15.79   python3-3.9.21-2.el9.x86_64                                                   
Test OLM installation	Arrange OLM test installation	2025-06-04T12:38:00.5803959Z #14 15.79   python3-libs-3.9.21-2.el9.x86_64                                              
Test OLM installation	Arrange OLM test installation	2025-06-04T12:38:00.5804425Z #14 15.79   python3-pip-wheel-21.3.1-1.el9.noarch                                         
Test OLM installation	Arrange OLM test installation	2025-06-04T12:38:00.5805053Z #14 15.79   python3-setuptools-wheel-53.0.0-13.el9.noarch                                 
Test OLM installation	Arrange OLM test installation	2025-06-04T12:38:00.5805499Z #14 15.79   readline-8.1-4.el9.x86_64                                                     
Test OLM installation	Arrange OLM test installation	2025-06-04T12:38:00.5805907Z #14 15.79   redhat-release-9.6-0.1.el9.x86_64                                             
Test OLM installation	Arrange OLM test installation	2025-06-04T12:38:00.5806291Z #14 15.79   sed-4.8-9.el9.x86_64                                                          
Test OLM installation	Arrange OLM test installation	2025-06-04T12:38:00.5806664Z #14 15.79   setup-2.13.7-10.el9.noarch                                                    
Test OLM installation	Arrange OLM test installation	2025-06-04T12:38:00.5807063Z #14 15.79   sqlite-libs-3.34.1-7.el9_3.x86_64                                             
Test OLM installation	Arrange OLM test installation	2025-06-04T12:38:00.5807469Z #14 15.79   systemd-libs-252-51.el9.x86_64                                                
Test OLM installation	Arrange OLM test installation	2025-06-04T12:38:00.5808205Z #14 15.79   tzdata-2025b-1.el9.noarch                                                     
Test OLM installation	Arrange OLM test installation	2025-06-04T12:38:00.5808626Z #14 15.79   tzdata-java-2025b-1.el9.noarch                                                
Test OLM installation	Arrange OLM test installation	2025-06-04T12:38:00.5809041Z #14 15.79   xz-libs-5.2.5-8.el9_0.x86_64                                                  
Test OLM installation	Arrange OLM test installation	2025-06-04T12:38:00.5809414Z #14 15.79   zlib-1.2.11-40.el9.x86_64                                                     
Test OLM installation	Arrange OLM test installation	2025-06-04T12:38:00.5809708Z #14 15.79 
Test OLM installation	Arrange OLM test installation	2025-06-04T12:38:00.5809873Z #14 15.79 Complete!
Test OLM installation	Arrange OLM test installation	2025-06-04T12:38:00.5810114Z #14 15.89 + dnf --installroot /tmp/null/rootfs clean all
Test OLM installation	Arrange OLM test installation	2025-06-04T12:38:00.8062516Z #14 16.12 Updating Subscription Management repositories.
Test OLM installation	Arrange OLM test installation	2025-06-04T12:38:01.0109561Z #14 16.12 Unable to read consumer identity
Test OLM installation	Arrange OLM test installation	2025-06-04T12:38:01.0110154Z #14 16.13 
Test OLM installation	Arrange OLM test installation	2025-06-04T12:38:01.0110818Z #14 16.13 This system is not registered with an entitlement server. You can use subscription-manager to register.
Test OLM installation	Arrange OLM test installation	2025-06-04T12:38:01.0111559Z #14 16.13 
Test OLM installation	Arrange OLM test installation	2025-06-04T12:38:01.0111845Z #14 16.13 26 files removed
Test OLM installation	Arrange OLM test installation	2025-06-04T12:38:01.0113512Z #14 16.17 + rm -rf /tmp/null/rootfs/var/cache/bpf /tmp/null/rootfs/var/cache/dnf /tmp/null/rootfs/var/cache/ldconfig /tmp/null/rootfs/var/log/dnf.librepo.log /tmp/null/rootfs/var/log/dnf.log /tmp/null/rootfs/var/log/dnf.rpm.log '/tmp/null/rootfs/var/log/yum.*'
Test OLM installation	Arrange OLM test installation	2025-06-04T12:38:01.0115298Z #14 16.18 ==> Building dependency tree
Test OLM installation	Arrange OLM test installation	2025-06-04T12:38:01.2656053Z #14 16.58 ==> 42 packages to erase:
Test OLM installation	Arrange OLM test installation	2025-06-04T12:38:01.4213432Z #14 16.58 alsa-lib
Test OLM installation	Arrange OLM test installation	2025-06-04T12:38:01.4213894Z #14 16.58 avahi-libs
Test OLM installation	Arrange OLM test installation	2025-06-04T12:38:01.4214240Z #14 16.58 bzip2-libs
Test OLM installation	Arrange OLM test installation	2025-06-04T12:38:01.4214584Z #14 16.58 copy-jdk-configs
Test OLM installation	Arrange OLM test installation	2025-06-04T12:38:01.4214953Z #14 16.58 cups-libs
Test OLM installation	Arrange OLM test installation	2025-06-04T12:38:01.4215263Z #14 16.58 dbus-libs
Test OLM installation	Arrange OLM test installation	2025-06-04T12:38:01.4215563Z #14 16.58 expat
Test OLM installation	Arrange OLM test installation	2025-06-04T12:38:01.4215861Z #14 16.58 gawk
Test OLM installation	Arrange OLM test installation	2025-06-04T12:38:01.4216162Z #14 16.58 gdbm-libs
Test OLM installation	Arrange OLM test installation	2025-06-04T12:38:01.4216459Z #14 16.58 gmp
Test OLM installation	Arrange OLM test installation	2025-06-04T12:38:01.4216742Z #14 16.58 gnutls
Test OLM installation	Arrange OLM test installation	2025-06-04T12:38:01.4217051Z #14 16.58 gpg-pubkey
Test OLM installation	Arrange OLM test installation	2025-06-04T12:38:01.4217383Z #14 16.58 keyutils-libs
Test OLM installation	Arrange OLM test installation	2025-06-04T12:38:01.4217917Z #14 16.58 krb5-libs
Test OLM installation	Arrange OLM test installation	2025-06-04T12:38:01.4218266Z #14 16.58 libcom_err
Test OLM installation	Arrange OLM test installation	2025-06-04T12:38:01.4218566Z #14 16.58 libevent
Test OLM installation	Arrange OLM test installation	2025-06-04T12:38:01.4218868Z #14 16.58 libffi
Test OLM installation	Arrange OLM test installation	2025-06-04T12:38:01.4219164Z #14 16.58 libgcrypt
Test OLM installation	Arrange OLM test installation	2025-06-04T12:38:01.4219473Z #14 16.58 libgpg-error
Test OLM installation	Arrange OLM test installation	2025-06-04T12:38:01.4220147Z #14 16.58 libidn2
Test OLM installation	Arrange OLM test installation	2025-06-04T12:38:01.4220466Z #14 16.58 libunistring
Test OLM installation	Arrange OLM test installation	2025-06-04T12:38:01.4220782Z #14 16.58 libuuid
Test OLM installation	Arrange OLM test installation	2025-06-04T12:38:01.4221083Z #14 16.58 libverto
Test OLM installation	Arrange OLM test installation	2025-06-04T12:38:01.4221388Z #14 16.58 libxcrypt
Test OLM installation	Arrange OLM test installation	2025-06-04T12:38:01.4221691Z #14 16.58 libzstd
Test OLM installation	Arrange OLM test installation	2025-06-04T12:38:01.4221983Z #14 16.58 lua
Test OLM installation	Arrange OLM test installation	2025-06-04T12:38:01.4222272Z #14 16.58 lua-libs
Test OLM installation	Arrange OLM test installation	2025-06-04T12:38:01.4222575Z #14 16.58 lua-posix
Test OLM installation	Arrange OLM test installation	2025-06-04T12:38:01.4222882Z #14 16.58 lz4-libs
Test OLM installation	Arrange OLM test installation	2025-06-04T12:38:01.4223170Z #14 16.58 mpfr
Test OLM installation	Arrange OLM test installation	2025-06-04T12:38:01.4223453Z #14 16.58 nettle
Test OLM installation	Arrange OLM test installation	2025-06-04T12:38:01.4223787Z #14 16.58 openssl-fips-provider
Test OLM installation	Arrange OLM test installation	2025-06-04T12:38:01.4224218Z #14 16.58 openssl-fips-provider-so
Test OLM installation	Arrange OLM test installation	2025-06-04T12:38:01.4224623Z #14 16.58 openssl-libs
Test OLM installation	Arrange OLM test installation	2025-06-04T12:38:01.4224941Z #14 16.58 p11-kit
Test OLM installation	Arrange OLM test installation	2025-06-04T12:38:01.4225479Z #14 16.58 python3
Test OLM installation	Arrange OLM test installation	2025-06-04T12:38:01.4225783Z #14 16.58 python3-libs
Test OLM installation	Arrange OLM test installation	2025-06-04T12:38:01.4226127Z #14 16.58 python3-pip-wheel
Test OLM installation	Arrange OLM test installation	2025-06-04T12:38:01.4226649Z #14 16.58 python3-setuptools-wheel
Test OLM installation	Arrange OLM test installation	2025-06-04T12:38:01.4227058Z #14 16.58 readline
Test OLM installation	Arrange OLM test installation	2025-06-04T12:38:01.4227379Z #14 16.58 systemd-libs
Test OLM installation	Arrange OLM test installation	2025-06-04T12:38:01.4227913Z #14 16.58 xz-libs
Test OLM installation	Arrange OLM test installation	2025-06-04T12:38:01.4228252Z #14 16.59 ==> 43 packages to keep:
Test OLM installation	Arrange OLM test installation	2025-06-04T12:38:01.4228643Z #14 16.59 alternatives
Test OLM installation	Arrange OLM test installation	2025-06-04T12:38:01.4229003Z #14 16.59 basesystem
Test OLM installation	Arrange OLM test installation	2025-06-04T12:38:01.4229320Z #14 16.59 bash
Test OLM installation	Arrange OLM test installation	2025-06-04T12:38:01.4229627Z #14 16.59 ca-certificates
Test OLM installation	Arrange OLM test installation	2025-06-04T12:38:01.4229979Z #14 16.59 coreutils-single
Test OLM installation	Arrange OLM test installation	2025-06-04T12:38:01.4230340Z #14 16.59 crypto-policies
Test OLM installation	Arrange OLM test installation	2025-06-04T12:38:01.4230717Z #14 16.59 crypto-policies-scripts
Test OLM installation	Arrange OLM test installation	2025-06-04T12:38:01.4231110Z #14 16.59 filesystem
Test OLM installation	Arrange OLM test installation	2025-06-04T12:38:01.4231421Z #14 16.59 findutils
Test OLM installation	Arrange OLM test installation	2025-06-04T12:38:01.4231722Z #14 16.59 glibc
Test OLM installation	Arrange OLM test installation	2025-06-04T12:38:01.4232018Z #14 16.59 glibc-common
Test OLM installation	Arrange OLM test installation	2025-06-04T12:38:01.4232378Z #14 16.59 glibc-langpack-en
Test OLM installation	Arrange OLM test installation	2025-06-04T12:38:01.4232729Z #14 16.59 grep
Test OLM installation	Arrange OLM test installation	2025-06-04T12:38:01.4233055Z #14 16.59 java-21-openjdk-headless
Test OLM installation	Arrange OLM test installation	2025-06-04T12:38:01.4233471Z #14 16.59 javapackages-filesystem
Test OLM installation	Arrange OLM test installation	2025-06-04T12:38:01.4233854Z #14 16.59 libacl
Test OLM installation	Arrange OLM test installation	2025-06-04T12:38:01.4234181Z #14 16.59 libattr
Test OLM installation	Arrange OLM test installation	2025-06-04T12:38:01.4234476Z #14 16.59 libcap
Test OLM installation	Arrange OLM test installation	2025-06-04T12:38:01.4234761Z #14 16.59 libgcc
Test OLM installation	Arrange OLM test installation	2025-06-04T12:38:01.4235058Z #14 16.59 libselinux
Test OLM installation	Arrange OLM test installation	2025-06-04T12:38:01.4235364Z #14 16.59 libsepol
Test OLM installation	Arrange OLM test installation	2025-06-04T12:38:01.4235667Z #14 16.59 libsigsegv
Test OLM installation	Arrange OLM test installation	2025-06-04T12:38:01.4235973Z #14 16.59 libtasn1
Test OLM installation	Arrange OLM test installation	2025-06-04T12:38:01.4236280Z #14 16.59 lksctp-tools
Test OLM installation	Arrange OLM test installation	2025-06-04T12:38:01.4236602Z #14 16.59 ncurses-base
Test OLM installation	Arrange OLM test installation	2025-06-04T12:38:01.4236927Z #14 16.59 ncurses-libs
Test OLM installation	Arrange OLM test installation	2025-06-04T12:38:01.4237235Z #14 16.59 nspr
Test OLM installation	Arrange OLM test installation	2025-06-04T12:38:01.4237509Z #14 16.59 nss
Test OLM installation	Arrange OLM test installation	2025-06-04T12:38:01.4237955Z #14 16.59 nss-softokn
Test OLM installation	Arrange OLM test installation	2025-06-04T12:38:01.4238297Z #14 16.59 nss-softokn-freebl
Test OLM installation	Arrange OLM test installation	2025-06-04T12:38:01.4238666Z #14 16.59 nss-sysinit
Test OLM installation	Arrange OLM test installation	2025-06-04T12:38:01.4238989Z #14 16.59 nss-util
Test OLM installation	Arrange OLM test installation	2025-06-04T12:38:01.4239290Z #14 16.59 p11-kit-trust
Test OLM installation	Arrange OLM test installation	2025-06-04T12:38:01.4239612Z #14 16.59 pcre
Test OLM installation	Arrange OLM test installation	2025-06-04T12:38:01.4239901Z #14 16.59 pcre2
Test OLM installation	Arrange OLM test installation	2025-06-04T12:38:01.4240210Z #14 16.59 pcre2-syntax
Test OLM installation	Arrange OLM test installation	2025-06-04T12:38:01.4240541Z #14 16.59 redhat-release
Test OLM installation	Arrange OLM test installation	2025-06-04T12:38:01.4240876Z #14 16.59 sed
Test OLM installation	Arrange OLM test installation	2025-06-04T12:38:01.4241163Z #14 16.59 setup
Test OLM installation	Arrange OLM test installation	2025-06-04T12:38:01.4241455Z #14 16.59 sqlite-libs
Test OLM installation	Arrange OLM test installation	2025-06-04T12:38:01.4241761Z #14 16.59 tzdata
Test OLM installation	Arrange OLM test installation	2025-06-04T12:38:01.4242060Z #14 16.59 tzdata-java
Test OLM installation	Arrange OLM test installation	2025-06-04T12:38:01.4242375Z #14 16.59 zlib
Test OLM installation	Arrange OLM test installation	2025-06-04T12:38:01.4242660Z #14 16.59 
Test OLM installation	Arrange OLM test installation	2025-06-04T12:38:01.4242962Z #14 16.59 ==> Erasing packages
Test OLM installation	Arrange OLM test installation	2025-06-04T12:38:01.4243501Z #14 16.59 + xargs rpm -r /tmp/null/rootfs --erase --nodeps --allmatches
Test OLM installation	Arrange OLM test installation	2025-06-04T12:38:01.5687325Z #14 16.89 
Test OLM installation	Arrange OLM test installation	2025-06-04T12:38:01.5687915Z #14 16.89 ==> Packages erased ok!
Test OLM installation	Arrange OLM test installation	2025-06-04T12:38:01.7457560Z #14 DONE 16.9s
Test OLM installation	Arrange OLM test installation	2025-06-04T12:38:03.0333971Z 
Test OLM installation	Arrange OLM test installation	2025-06-04T12:38:03.0334647Z #15 [stage-1 2/4] COPY --from=ubi-micro-build /tmp/null/rootfs/ /
Test OLM installation	Arrange OLM test installation	2025-06-04T12:38:04.1833740Z #15 DONE 1.1s
Test OLM installation	Arrange OLM test installation	2025-06-04T12:38:04.3337139Z 
Test OLM installation	Arrange OLM test installation	2025-06-04T12:38:04.3338057Z #16 [stage-1 3/4] COPY --from=ubi-micro-build --chown=1000:0 /opt/keycloak /opt/keycloak
Test OLM installation	Arrange OLM test installation	2025-06-04T12:38:04.6248066Z #16 DONE 0.4s
Test OLM installation	Arrange OLM test installation	2025-06-04T12:38:04.7387903Z 
Test OLM installation	Arrange OLM test installation	2025-06-04T12:38:04.7389240Z #17 [stage-1 4/4] RUN echo "keycloak:x:0:root" >> /etc/group &&     echo "keycloak:x:1000:0:keycloak user:/opt/keycloak:/sbin/nologin" >> /etc/passwd
Test OLM installation	Arrange OLM test installation	2025-06-04T12:38:04.7390178Z #17 DONE 0.1s
Test OLM installation	Arrange OLM test installation	2025-06-04T12:38:04.8912699Z 
Test OLM installation	Arrange OLM test installation	2025-06-04T12:38:04.8913243Z #18 exporting to image
Test OLM installation	Arrange OLM test installation	2025-06-04T12:38:04.8913841Z #18 exporting layers
Test OLM installation	Arrange OLM test installation	2025-06-04T12:38:06.1563459Z #18 exporting layers 1.4s done
Test OLM installation	Arrange OLM test installation	2025-06-04T12:38:06.1705949Z #18 writing image sha256:7c54b8e8e7663f68972ddefd49be96b82f830b72b52a3a0b689054c0332e6efb done
Test OLM installation	Arrange OLM test installation	2025-06-04T12:38:06.1706856Z #18 naming to ttl.sh/89164dkeycloak:86400000.0.0 done
Test OLM installation	Arrange OLM test installation	2025-06-04T12:38:06.1707363Z #18 DONE 1.4s
Test OLM installation	Arrange OLM test installation	2025-06-04T12:38:06.1754502Z + docker push ttl.sh/89164dkeycloak:86400000.0.0
Test OLM installation	Arrange OLM test installation	2025-06-04T12:38:06.2395449Z The push refers to repository [ttl.sh/89164dkeycloak]
Test OLM installation	Arrange OLM test installation	2025-06-04T12:38:06.3161963Z 33f7cc81be54: Preparing
Test OLM installation	Arrange OLM test installation	2025-06-04T12:38:06.3162418Z b6d1a25f3c18: Preparing
Test OLM installation	Arrange OLM test installation	2025-06-04T12:38:06.3162763Z 2f3dcc377b49: Preparing
Test OLM installation	Arrange OLM test installation	2025-06-04T12:38:06.3163122Z ef3cb51dff21: Preparing
Test OLM installation	Arrange OLM test installation	2025-06-04T12:38:09.5074765Z 33f7cc81be54: Pushed
Test OLM installation	Arrange OLM test installation	2025-06-04T12:38:21.7100821Z ef3cb51dff21: Pushed
Test OLM installation	Arrange OLM test installation	2025-06-04T12:39:36.9400995Z error parsing HTTP 499 response body: invalid character '<' looking for beginning of value: "<!DOCTYPE html>\n<html>\n  <head>\n    <meta name=\"viewport\" content=\"width=device-width, initial-scale=1\">\n    <meta charset=\"utf-8\">\n    <title>Application Error</title>\n    <style media=\"screen\">\n      html,body,iframe {\n        margin: 0;\n        padding: 0;\n      }\n\n      html,body {\n        height: 100%;\n        overflow: hidden;\n      }\n\n      iframe {\n        width: 100%;\n        height: 100%;\n        border: 0;\n      }\n    </style>\n  </head>\n  <body>\n    <iframe src=\"https://www.herokucdn.com/error-pages/application-error.html\"></iframe>\n  </body>\n</html>"
Test OLM installation	Arrange OLM test installation	2025-06-04T12:39:36.9424366Z ##[error]Process completed with exit code 1.
Status Check - Keycloak Operator CI	Run /./.github/actions/status-check	2025-06-04T12:39:52.0261658Z Prepare all required actions
Status Check - Keycloak Operator CI	Run /./.github/actions/status-check	2025-06-04T12:39:52.0330472Z ##[group]Run ./.github/actions/status-check
Status Check - Keycloak Operator CI	Run /./.github/actions/status-check	2025-06-04T12:39:52.0330785Z with:
Status Check - Keycloak Operator CI	Run /./.github/actions/status-check	2025-06-04T12:39:52.0331624Z   jobs: {
Status Check - Keycloak Operator CI	Run /./.github/actions/status-check	  "conditional": {
Status Check - Keycloak Operator CI	Run /./.github/actions/status-check	    "result": "success",
Status Check - Keycloak Operator CI	Run /./.github/actions/status-check	    "outputs": {
Status Check - Keycloak Operator CI	Run /./.github/actions/status-check	      "operator": "true"
Status Check - Keycloak Operator CI	Run /./.github/actions/status-check	    }
Status Check - Keycloak Operator CI	Run /./.github/actions/status-check	  },
Status Check - Keycloak Operator CI	Run /./.github/actions/status-check	  "build": {
Status Check - Keycloak Operator CI	Run /./.github/actions/status-check	    "result": "success",
Status Check - Keycloak Operator CI	Run /./.github/actions/status-check	    "outputs": {}
Status Check - Keycloak Operator CI	Run /./.github/actions/status-check	  },
Status Check - Keycloak Operator CI	Run /./.github/actions/status-check	  "test-local-apiserver": {
Status Check - Keycloak Operator CI	Run /./.github/actions/status-check	    "result": "success",
Status Check - Keycloak Operator CI	Run /./.github/actions/status-check	    "outputs": {}
Status Check - Keycloak Operator CI	Run /./.github/actions/status-check	  },
Status Check - Keycloak Operator CI	Run /./.github/actions/status-check	  "test-remote": {
Status Check - Keycloak Operator CI	Run /./.github/actions/status-check	    "result": "success",
Status Check - Keycloak Operator CI	Run /./.github/actions/status-check	    "outputs": {}
Status Check - Keycloak Operator CI	Run /./.github/actions/status-check	  },
Status Check - Keycloak Operator CI	Run /./.github/actions/status-check	  "test-olm": {
Status Check - Keycloak Operator CI	Run /./.github/actions/status-check	    "result": "failure",
Status Check - Keycloak Operator CI	Run /./.github/actions/status-check	    "outputs": {}
Status Check - Keycloak Operator CI	Run /./.github/actions/status-check	  }
Status Check - Keycloak Operator CI	Run /./.github/actions/status-check	}
Status Check - Keycloak Operator CI	Run /./.github/actions/status-check	2025-06-04T12:39:52.0332555Z env:
Status Check - Keycloak Operator CI	Run /./.github/actions/status-check	2025-06-04T12:39:52.0332841Z   MAVEN_ARGS: -B -nsu -Daether.connector.http.connectionMaxTtl=25
Status Check - Keycloak Operator CI	Run /./.github/actions/status-check	2025-06-04T12:39:52.0333228Z   MINIKUBE_VERSION: v1.32.0
Status Check - Keycloak Operator CI	Run /./.github/actions/status-check	2025-06-04T12:39:52.0333500Z   KUBERNETES_VERSION: v1.27.10
Status Check - Keycloak Operator CI	Run /./.github/actions/status-check	2025-06-04T12:39:52.0333748Z   MINIKUBE_MEMORY: 4096
Status Check - Keycloak Operator CI	Run /./.github/actions/status-check	2025-06-04T12:39:52.0333959Z ##[endgroup]
Status Check - Keycloak Operator CI	Run /./.github/actions/status-check	2025-06-04T12:39:52.0517252Z ##[group]Run JOBS='{
Status Check - Keycloak Operator CI	Run /./.github/actions/status-check	2025-06-04T12:39:52.0517592Z [36;1mJOBS='{[0m
Status Check - Keycloak Operator CI	Run /./.github/actions/status-check	2025-06-04T12:39:52.0517815Z [36;1m  "conditional": {[0m
Status Check - Keycloak Operator CI	Run /./.github/actions/status-check	2025-06-04T12:39:52.0518109Z [36;1m    "result": "success",[0m
Status Check - Keycloak Operator CI	Run /./.github/actions/status-check	2025-06-04T12:39:52.0518361Z [36;1m    "outputs": {[0m
Status Check - Keycloak Operator CI	Run /./.github/actions/status-check	2025-06-04T12:39:52.0518593Z [36;1m      "operator": "true"[0m
Status Check - Keycloak Operator CI	Run /./.github/actions/status-check	2025-06-04T12:39:52.0519036Z [36;1m    }[0m
Status Check - Keycloak Operator CI	Run /./.github/actions/status-check	2025-06-04T12:39:52.0519233Z [36;1m  },[0m
Status Check - Keycloak Operator CI	Run /./.github/actions/status-check	2025-06-04T12:39:52.0519419Z [36;1m  "build": {[0m
Status Check - Keycloak Operator CI	Run /./.github/actions/status-check	2025-06-04T12:39:52.0519629Z [36;1m    "result": "success",[0m
Status Check - Keycloak Operator CI	Run /./.github/actions/status-check	2025-06-04T12:39:52.0519867Z [36;1m    "outputs": {}[0m
Status Check - Keycloak Operator CI	Run /./.github/actions/status-check	2025-06-04T12:39:52.0520077Z [36;1m  },[0m
Status Check - Keycloak Operator CI	Run /./.github/actions/status-check	2025-06-04T12:39:52.0520285Z [36;1m  "test-local-apiserver": {[0m
Status Check - Keycloak Operator CI	Run /./.github/actions/status-check	2025-06-04T12:39:52.0520543Z [36;1m    "result": "success",[0m
Status Check - Keycloak Operator CI	Run /./.github/actions/status-check	2025-06-04T12:39:52.0520794Z [36;1m    "outputs": {}[0m
Status Check - Keycloak Operator CI	Run /./.github/actions/status-check	2025-06-04T12:39:52.0521007Z [36;1m  },[0m
Status Check - Keycloak Operator CI	Run /./.github/actions/status-check	2025-06-04T12:39:52.0521201Z [36;1m  "test-remote": {[0m
Status Check - Keycloak Operator CI	Run /./.github/actions/status-check	2025-06-04T12:39:52.0521438Z [36;1m    "result": "success",[0m
Status Check - Keycloak Operator CI	Run /./.github/actions/status-check	2025-06-04T12:39:52.0521686Z [36;1m    "outputs": {}[0m
Status Check - Keycloak Operator CI	Run /./.github/actions/status-check	2025-06-04T12:39:52.0521900Z [36;1m  },[0m
Status Check - Keycloak Operator CI	Run /./.github/actions/status-check	2025-06-04T12:39:52.0522094Z [36;1m  "test-olm": {[0m
Status Check - Keycloak Operator CI	Run /./.github/actions/status-check	2025-06-04T12:39:52.0522326Z [36;1m    "result": "failure",[0m
Status Check - Keycloak Operator CI	Run /./.github/actions/status-check	2025-06-04T12:39:52.0522566Z [36;1m    "outputs": {}[0m
Status Check - Keycloak Operator CI	Run /./.github/actions/status-check	2025-06-04T12:39:52.0522776Z [36;1m  }[0m
Status Check - Keycloak Operator CI	Run /./.github/actions/status-check	2025-06-04T12:39:52.0522951Z [36;1m}'[0m
Status Check - Keycloak Operator CI	Run /./.github/actions/status-check	2025-06-04T12:39:52.0523129Z [36;1m[0m
Status Check - Keycloak Operator CI	Run /./.github/actions/status-check	2025-06-04T12:39:52.0523321Z [36;1mecho "Job status:"[0m
Status Check - Keycloak Operator CI	Run /./.github/actions/status-check	2025-06-04T12:39:52.0523678Z [36;1mecho $JOBS | jq -r 'to_entries[] | " - \(.key): \(.value.result)"'[0m
Status Check - Keycloak Operator CI	Run /./.github/actions/status-check	2025-06-04T12:39:52.0524024Z [36;1m[0m
Status Check - Keycloak Operator CI	Run /./.github/actions/status-check	2025-06-04T12:39:52.0524296Z [36;1mfor i in $(echo $JOBS | jq -r 'to_entries[] | .value.result'); do[0m
Status Check - Keycloak Operator CI	Run /./.github/actions/status-check	2025-06-04T12:39:52.0524681Z [36;1m  if [ "$i" != "success" ] && [ "$i" != "skipped" ]; then[0m
Status Check - Keycloak Operator CI	Run /./.github/actions/status-check	2025-06-04T12:39:52.0524977Z [36;1m    echo ""[0m
Status Check - Keycloak Operator CI	Run /./.github/actions/status-check	2025-06-04T12:39:52.0525211Z [36;1m    echo "Status check not okay!"[0m
Status Check - Keycloak Operator CI	Run /./.github/actions/status-check	2025-06-04T12:39:52.0525470Z [36;1m    exit 1[0m
Status Check - Keycloak Operator CI	Run /./.github/actions/status-check	2025-06-04T12:39:52.0525665Z [36;1m  fi[0m
Status Check - Keycloak Operator CI	Run /./.github/actions/status-check	2025-06-04T12:39:52.0525844Z [36;1mdone[0m
Status Check - Keycloak Operator CI	Run /./.github/actions/status-check	2025-06-04T12:39:52.0691882Z shell: /usr/bin/bash --noprofile --norc -e -o pipefail {0}
Status Check - Keycloak Operator CI	Run /./.github/actions/status-check	2025-06-04T12:39:52.0692273Z env:
Status Check - Keycloak Operator CI	Run /./.github/actions/status-check	2025-06-04T12:39:52.0692570Z   MAVEN_ARGS: -B -nsu -Daether.connector.http.connectionMaxTtl=25
Status Check - Keycloak Operator CI	Run /./.github/actions/status-check	2025-06-04T12:39:52.0692945Z   MINIKUBE_VERSION: v1.32.0
Status Check - Keycloak Operator CI	Run /./.github/actions/status-check	2025-06-04T12:39:52.0693195Z   KUBERNETES_VERSION: v1.27.10
Status Check - Keycloak Operator CI	Run /./.github/actions/status-check	2025-06-04T12:39:52.0693455Z   MINIKUBE_MEMORY: 4096
Status Check - Keycloak Operator CI	Run /./.github/actions/status-check	2025-06-04T12:39:52.0693695Z ##[endgroup]
Status Check - Keycloak Operator CI	Run /./.github/actions/status-check	2025-06-04T12:39:52.0782589Z Job status:
Status Check - Keycloak Operator CI	Run /./.github/actions/status-check	2025-06-04T12:39:52.0825023Z  - conditional: success
Status Check - Keycloak Operator CI	Run /./.github/actions/status-check	2025-06-04T12:39:52.0825450Z  - build: success
Status Check - Keycloak Operator CI	Run /./.github/actions/status-check	2025-06-04T12:39:52.0825848Z  - test-local-apiserver: success
Status Check - Keycloak Operator CI	Run /./.github/actions/status-check	2025-06-04T12:39:52.0826161Z  - test-remote: success
Status Check - Keycloak Operator CI	Run /./.github/actions/status-check	2025-06-04T12:39:52.0826401Z  - test-olm: failure
Status Check - Keycloak Operator CI	Run /./.github/actions/status-check	2025-06-04T12:39:52.0859465Z 
Status Check - Keycloak Operator CI	Run /./.github/actions/status-check	2025-06-04T12:39:52.0859872Z Status check not okay!
Status Check - Keycloak Operator CI	Run /./.github/actions/status-check	2025-06-04T12:39:52.0872193Z ##[error]Process completed with exit code 1.
