Test OLM installation	Arrange OLM test installation	2025-06-06T09:08:34.3433259Z ##[group]Run eval $(minikube -p minikube docker-env)
Test OLM installation	Arrange OLM test installation	2025-06-06T09:08:34.3433714Z [36;1meval $(minikube -p minikube docker-env)[0m
Test OLM installation	Arrange OLM test installation	2025-06-06T09:08:34.3434049Z [36;1m./scripts/olm-testing.sh ${GITHUB_SHA::6}[0m
Test OLM installation	Arrange OLM test installation	2025-06-06T09:08:34.3491849Z shell: /usr/bin/bash --noprofile --norc -e -o pipefail {0}
Test OLM installation	Arrange OLM test installation	2025-06-06T09:08:34.3492178Z env:
Test OLM installation	Arrange OLM test installation	2025-06-06T09:08:34.3492455Z   MAVEN_ARGS: -B -nsu -Daether.connector.http.connectionMaxTtl=25
Test OLM installation	Arrange OLM test installation	2025-06-06T09:08:34.3492809Z   MINIKUBE_VERSION: v1.32.0
Test OLM installation	Arrange OLM test installation	2025-06-06T09:08:34.3493045Z   KUBERNETES_VERSION: v1.27.10
Test OLM installation	Arrange OLM test installation	2025-06-06T09:08:34.3493272Z   MINIKUBE_MEMORY: 4096
Test OLM installation	Arrange OLM test installation	2025-06-06T09:08:34.3493735Z   JAVA_HOME: /opt/hostedtoolcache/Java_Temurin-Hotspot_jdk/21.0.7-6/x64
Test OLM installation	Arrange OLM test installation	2025-06-06T09:08:34.3494212Z   JAVA_HOME_21_X64: /opt/hostedtoolcache/Java_Temurin-Hotspot_jdk/21.0.7-6/x64
Test OLM installation	Arrange OLM test installation	2025-06-06T09:08:34.3494578Z   MINIKUBE_HOME: /home/runner/work/_temp
Test OLM installation	Arrange OLM test installation	2025-06-06T09:08:34.3494920Z ##[endgroup]
Test OLM installation	Arrange OLM test installation	2025-06-06T09:08:34.6571609Z + UUID=7731f6
Test OLM installation	Arrange OLM test installation	2025-06-06T09:08:34.6574022Z + INSTALL_NAMESPACE=default
Test OLM installation	Arrange OLM test installation	2025-06-06T09:08:34.6574535Z + TARGET_NAMESPACES=default
Test OLM installation	Arrange OLM test installation	2025-06-06T09:08:34.6577023Z +++ dirname -- ./scripts/olm-testing.sh
Test OLM installation	Arrange OLM test installation	2025-06-06T09:08:34.6583483Z ++ cd -- ./scripts
Test OLM installation	Arrange OLM test installation	2025-06-06T09:08:34.6584114Z ++ pwd
Test OLM installation	Arrange OLM test installation	2025-06-06T09:08:34.6584835Z + SCRIPT_DIR=/home/runner/work/keycloak/keycloak/operator/scripts
Test OLM installation	Arrange OLM test installation	2025-06-06T09:08:34.6585618Z + VERSION=86400000.0.0
Test OLM installation	Arrange OLM test installation	2025-06-06T09:08:34.6591677Z + cd /home/runner/work/keycloak/keycloak/operator/scripts/../../quarkus/container
Test OLM installation	Arrange OLM test installation	2025-06-06T09:08:34.6594966Z ++ ls keycloak-999.0.0-SNAPSHOT.tar.gz
Test OLM installation	Arrange OLM test installation	2025-06-06T09:08:34.6610325Z + docker build --build-arg KEYCLOAK_DIST=keycloak-999.0.0-SNAPSHOT.tar.gz . -t ttl.sh/7731f6keycloak:86400000.0.0
Test OLM installation	Arrange OLM test installation	2025-06-06T09:08:35.1127427Z #0 building with "default" instance using docker driver
Test OLM installation	Arrange OLM test installation	2025-06-06T09:08:35.1127908Z 
Test OLM installation	Arrange OLM test installation	2025-06-06T09:08:35.1128096Z #1 [internal] load build definition from Dockerfile
Test OLM installation	Arrange OLM test installation	2025-06-06T09:08:35.1128593Z #1 transferring dockerfile: 2.72kB done
Test OLM installation	Arrange OLM test installation	2025-06-06T09:08:35.1129134Z #1 DONE 0.0s
Test OLM installation	Arrange OLM test installation	2025-06-06T09:08:35.1129305Z 
Test OLM installation	Arrange OLM test installation	2025-06-06T09:08:35.1129472Z #2 [internal] load .dockerignore
Test OLM installation	Arrange OLM test installation	2025-06-06T09:08:35.1129842Z #2 transferring context: 2B done
Test OLM installation	Arrange OLM test installation	2025-06-06T09:08:35.1130186Z #2 DONE 0.0s
Test OLM installation	Arrange OLM test installation	2025-06-06T09:08:35.1130354Z 
Test OLM installation	Arrange OLM test installation	2025-06-06T09:08:35.1130639Z #3 [internal] load metadata for registry.access.redhat.com/ubi9:latest
Test OLM installation	Arrange OLM test installation	2025-06-06T09:08:35.5332019Z #3 DONE 0.6s
Test OLM installation	Arrange OLM test installation	2025-06-06T09:08:35.5332315Z 
Test OLM installation	Arrange OLM test installation	2025-06-06T09:08:35.5332695Z #4 [internal] load metadata for registry.access.redhat.com/ubi9-micro:latest
Test OLM installation	Arrange OLM test installation	2025-06-06T09:08:35.7472552Z #4 DONE 0.8s
Test OLM installation	Arrange OLM test installation	2025-06-06T09:08:35.8597242Z 
Test OLM installation	Arrange OLM test installation	2025-06-06T09:08:35.8598816Z #5 [stage-1 1/4] FROM registry.access.redhat.com/ubi9-micro@sha256:955512628a9104d74f7b3b0a91db27a6bbecdd6a1975ce0f1b2658d3cd060b98
Test OLM installation	Arrange OLM test installation	2025-06-06T09:08:35.8601901Z #5 resolve registry.access.redhat.com/ubi9-micro@sha256:955512628a9104d74f7b3b0a91db27a6bbecdd6a1975ce0f1b2658d3cd060b98 done
Test OLM installation	Arrange OLM test installation	2025-06-06T09:08:35.8607511Z #5 sha256:955512628a9104d74f7b3b0a91db27a6bbecdd6a1975ce0f1b2658d3cd060b98 897B / 897B done
Test OLM installation	Arrange OLM test installation	2025-06-06T09:08:35.8608587Z #5 sha256:bc049e6e35c145513e3ec226faf3f929337ea2337fa5c9f7e00375aef4b801e8 504B / 504B done
Test OLM installation	Arrange OLM test installation	2025-06-06T09:08:35.8609846Z #5 sha256:352e1e8e3c437ad6bd352f164df8bdf7018df09f730362546276fe3df62ffd8c 4.00kB / 4.00kB done
Test OLM installation	Arrange OLM test installation	2025-06-06T09:08:35.8610912Z #5 sha256:cd2f3f69481dffe63a3071ea43aeeab2a4af254e96b065c35b2d7ce2534e0383 0B / 7.27MB 0.1s
Test OLM installation	Arrange OLM test installation	2025-06-06T09:08:36.1664870Z #5 sha256:cd2f3f69481dffe63a3071ea43aeeab2a4af254e96b065c35b2d7ce2534e0383 7.27MB / 7.27MB 0.4s
Test OLM installation	Arrange OLM test installation	2025-06-06T09:08:36.2696021Z #5 sha256:cd2f3f69481dffe63a3071ea43aeeab2a4af254e96b065c35b2d7ce2534e0383 7.27MB / 7.27MB 0.4s done
Test OLM installation	Arrange OLM test installation	2025-06-06T09:08:36.2700133Z #5 extracting sha256:cd2f3f69481dffe63a3071ea43aeeab2a4af254e96b065c35b2d7ce2534e0383
Test OLM installation	Arrange OLM test installation	2025-06-06T09:08:37.0722757Z #5 extracting sha256:cd2f3f69481dffe63a3071ea43aeeab2a4af254e96b065c35b2d7ce2534e0383 0.8s done
Test OLM installation	Arrange OLM test installation	2025-06-06T09:08:37.0727303Z #5 DONE 1.3s
Test OLM installation	Arrange OLM test installation	2025-06-06T09:08:37.0727531Z 
Test OLM installation	Arrange OLM test installation	2025-06-06T09:08:37.0728422Z #6 [ubi-micro-build 1/8] FROM registry.access.redhat.com/ubi9@sha256:304b50df1ea4db9706d8a30f4bbf26f582936ebc80c7e075c72ff2af99292a54
Test OLM installation	Arrange OLM test installation	2025-06-06T09:08:37.0730725Z #6 resolve registry.access.redhat.com/ubi9@sha256:304b50df1ea4db9706d8a30f4bbf26f582936ebc80c7e075c72ff2af99292a54 done
Test OLM installation	Arrange OLM test installation	2025-06-06T09:08:37.0749410Z #6 sha256:83c48939c2c8782580d44062545386358defd2d5cc748b9b963bdb8a78046a46 5.06kB / 5.06kB done
Test OLM installation	Arrange OLM test installation	2025-06-06T09:08:37.0750668Z #6 sha256:92efcdccd1058003df257e9cbdf756ff6b10bd276551590536a5a1678e099aaf 79.59MB / 79.59MB 0.8s done
Test OLM installation	Arrange OLM test installation	2025-06-06T09:08:37.0752626Z #6 sha256:304b50df1ea4db9706d8a30f4bbf26f582936ebc80c7e075c72ff2af99292a54 897B / 897B done
Test OLM installation	Arrange OLM test installation	2025-06-06T09:08:37.0753819Z #6 sha256:62fb429dc6b93ab5ade55d1c8e6b08735f00224d3081d58f161eb5f55eeb3d7d 505B / 505B done
Test OLM installation	Arrange OLM test installation	2025-06-06T09:08:37.0754999Z #6 extracting sha256:92efcdccd1058003df257e9cbdf756ff6b10bd276551590536a5a1678e099aaf 0.3s
Test OLM installation	Arrange OLM test installation	2025-06-06T09:08:37.2037186Z #6 ...
Test OLM installation	Arrange OLM test installation	2025-06-06T09:08:37.2039336Z 
Test OLM installation	Arrange OLM test installation	2025-06-06T09:08:37.2041977Z #7 [internal] load build context
Test OLM installation	Arrange OLM test installation	2025-06-06T09:08:37.2043927Z #7 transferring context: 155.27MB 1.4s done
Test OLM installation	Arrange OLM test installation	2025-06-06T09:08:37.2045723Z #7 DONE 1.4s
Test OLM installation	Arrange OLM test installation	2025-06-06T09:08:37.2047189Z 
Test OLM installation	Arrange OLM test installation	2025-06-06T09:08:37.2051526Z #6 [ubi-micro-build 1/8] FROM registry.access.redhat.com/ubi9@sha256:304b50df1ea4db9706d8a30f4bbf26f582936ebc80c7e075c72ff2af99292a54
Test OLM installation	Arrange OLM test installation	2025-06-06T09:08:40.1453614Z #6 extracting sha256:92efcdccd1058003df257e9cbdf756ff6b10bd276551590536a5a1678e099aaf 3.5s done
Test OLM installation	Arrange OLM test installation	2025-06-06T09:08:40.3207791Z #6 DONE 4.4s
Test OLM installation	Arrange OLM test installation	2025-06-06T09:08:40.3208016Z 
Test OLM installation	Arrange OLM test installation	2025-06-06T09:08:40.3208182Z #8 [ubi-micro-build 2/8] RUN dnf install -y tar gzip
Test OLM installation	Arrange OLM test installation	2025-06-06T09:08:40.5126832Z #8 0.342 Updating Subscription Management repositories.
Test OLM installation	Arrange OLM test installation	2025-06-06T09:08:40.6671426Z #8 0.343 Unable to read consumer identity
Test OLM installation	Arrange OLM test installation	2025-06-06T09:08:40.6673520Z #8 0.346 
Test OLM installation	Arrange OLM test installation	2025-06-06T09:08:40.6674602Z #8 0.346 This system is not registered with an entitlement server. You can use subscription-manager to register.
Test OLM installation	Arrange OLM test installation	2025-06-06T09:08:40.6675502Z #8 0.346 
Test OLM installation	Arrange OLM test installation	2025-06-06T09:08:40.8465478Z #8 0.676 Red Hat Universal Base Image 9 (RPMs) - BaseOS  1.9 MB/s | 587 kB     00:00    
Test OLM installation	Arrange OLM test installation	2025-06-06T09:08:41.4909424Z #8 1.320 Red Hat Universal Base Image 9 (RPMs) - AppStre 4.3 MB/s | 2.4 MB     00:00    
Test OLM installation	Arrange OLM test installation	2025-06-06T09:08:42.0282652Z #8 1.858 Red Hat Universal Base Image 9 (RPMs) - CodeRea 1.7 MB/s | 284 kB     00:00    
Test OLM installation	Arrange OLM test installation	2025-06-06T09:08:42.1648685Z #8 1.994 Package tar-2:1.34-7.el9.x86_64 is already installed.
Test OLM installation	Arrange OLM test installation	2025-06-06T09:08:42.3897102Z #8 1.995 Package gzip-1.12-1.el9.x86_64 is already installed.
Test OLM installation	Arrange OLM test installation	2025-06-06T09:08:42.3897754Z #8 2.009 Dependencies resolved.
Test OLM installation	Arrange OLM test installation	2025-06-06T09:08:42.3898141Z #8 2.010 Nothing to do.
Test OLM installation	Arrange OLM test installation	2025-06-06T09:08:42.3898474Z #8 2.010 Complete!
Test OLM installation	Arrange OLM test installation	2025-06-06T09:08:42.3898797Z #8 DONE 2.1s
Test OLM installation	Arrange OLM test installation	2025-06-06T09:08:42.3899626Z 
Test OLM installation	Arrange OLM test installation	2025-06-06T09:08:42.3899998Z #9 [ubi-micro-build 3/8] ADD keycloak-999.0.0-SNAPSHOT.tar.gz /tmp/keycloak/
Test OLM installation	Arrange OLM test installation	2025-06-06T09:08:43.3167859Z #9 DONE 1.1s
Test OLM installation	Arrange OLM test installation	2025-06-06T09:08:43.4174628Z 
Test OLM installation	Arrange OLM test installation	2025-06-06T09:08:43.4176004Z #10 [ubi-micro-build 4/8] RUN (cd /tmp/keycloak &&     tar -xvf /tmp/keycloak/keycloak-*.tar.gz &&     rm /tmp/keycloak/keycloak-*.tar.gz) || true
Test OLM installation	Arrange OLM test installation	2025-06-06T09:08:43.4176971Z #10 0.100 tar: /tmp/keycloak/keycloak-*.tar.gz: Cannot open: No such file or directory
Test OLM installation	Arrange OLM test installation	2025-06-06T09:08:43.4177654Z #10 0.100 tar: Error is not recoverable: exiting now
Test OLM installation	Arrange OLM test installation	2025-06-06T09:08:43.5740802Z #10 DONE 0.1s
Test OLM installation	Arrange OLM test installation	2025-06-06T09:08:43.5741249Z 
Test OLM installation	Arrange OLM test installation	2025-06-06T09:08:43.5741588Z #11 [ubi-micro-build 5/8] RUN mv /tmp/keycloak/keycloak-* /opt/keycloak && mkdir -p /opt/keycloak/data
Test OLM installation	Arrange OLM test installation	2025-06-06T09:08:43.5815581Z #11 DONE 0.2s
Test OLM installation	Arrange OLM test installation	2025-06-06T09:08:43.7328473Z 
Test OLM installation	Arrange OLM test installation	2025-06-06T09:08:43.7329197Z #12 [ubi-micro-build 6/8] RUN chmod -R g+rwX /opt/keycloak
Test OLM installation	Arrange OLM test installation	2025-06-06T09:08:44.2440649Z #12 DONE 0.7s
Test OLM installation	Arrange OLM test installation	2025-06-06T09:08:44.3677924Z 
Test OLM installation	Arrange OLM test installation	2025-06-06T09:08:44.3678715Z #13 [ubi-micro-build 7/8] ADD ubi-null.sh /tmp/
Test OLM installation	Arrange OLM test installation	2025-06-06T09:08:44.3679918Z #13 DONE 0.0s
Test OLM installation	Arrange OLM test installation	2025-06-06T09:08:44.3680105Z 
Test OLM installation	Arrange OLM test installation	2025-06-06T09:08:44.3680592Z #14 [ubi-micro-build 8/8] RUN bash /tmp/ubi-null.sh java-21-openjdk-headless glibc-langpack-en findutils
Test OLM installation	Arrange OLM test installation	2025-06-06T09:08:44.3681265Z #14 0.107 ==> Installing packages into chroot
Test OLM installation	Arrange OLM test installation	2025-06-06T09:08:44.3681782Z #14 0.108 + dnf install -y findutils diffutils
Test OLM installation	Arrange OLM test installation	2025-06-06T09:08:44.6156526Z #14 0.355 Updating Subscription Management repositories.
Test OLM installation	Arrange OLM test installation	2025-06-06T09:08:44.8022718Z #14 0.356 Unable to read consumer identity
Test OLM installation	Arrange OLM test installation	2025-06-06T09:08:44.8023281Z #14 0.359 
Test OLM installation	Arrange OLM test installation	2025-06-06T09:08:44.8023980Z #14 0.359 This system is not registered with an entitlement server. You can use subscription-manager to register.
Test OLM installation	Arrange OLM test installation	2025-06-06T09:08:44.8024642Z #14 0.359 
Test OLM installation	Arrange OLM test installation	2025-06-06T09:08:44.8024990Z #14 0.397 Last metadata expiration check: 0:00:03 ago on Fri Jun  6 09:08:41 2025.
Test OLM installation	Arrange OLM test installation	2025-06-06T09:08:44.8025514Z #14 0.418 Package findutils-1:4.8.0-7.el9.x86_64 is already installed.
Test OLM installation	Arrange OLM test installation	2025-06-06T09:08:44.8025910Z #14 0.434 Dependencies resolved.
Test OLM installation	Arrange OLM test installation	2025-06-06T09:08:44.8026254Z #14 0.434 ================================================================================
Test OLM installation	Arrange OLM test installation	2025-06-06T09:08:44.8026716Z #14 0.434  Package         Architecture Version             Repository               Size
Test OLM installation	Arrange OLM test installation	2025-06-06T09:08:44.8027171Z #14 0.434 ================================================================================
Test OLM installation	Arrange OLM test installation	2025-06-06T09:08:44.8027491Z #14 0.434 Installing:
Test OLM installation	Arrange OLM test installation	2025-06-06T09:08:44.8027825Z #14 0.434  diffutils       x86_64       3.7-12.el9          ubi-9-baseos-rpms       402 k
Test OLM installation	Arrange OLM test installation	2025-06-06T09:08:44.8028198Z #14 0.434 
Test OLM installation	Arrange OLM test installation	2025-06-06T09:08:44.8028398Z #14 0.434 Transaction Summary
Test OLM installation	Arrange OLM test installation	2025-06-06T09:08:44.8028684Z #14 0.434 ================================================================================
Test OLM installation	Arrange OLM test installation	2025-06-06T09:08:44.8029297Z #14 0.434 Install  1 Package
Test OLM installation	Arrange OLM test installation	2025-06-06T09:08:44.8029538Z #14 0.434 
Test OLM installation	Arrange OLM test installation	2025-06-06T09:08:44.8029739Z #14 0.435 Total download size: 402 k
Test OLM installation	Arrange OLM test installation	2025-06-06T09:08:44.8030125Z #14 0.435 Installed size: 1.4 M
Test OLM installation	Arrange OLM test installation	2025-06-06T09:08:44.8030614Z #14 0.435 Downloading Packages:
Test OLM installation	Arrange OLM test installation	2025-06-06T09:08:44.8031285Z #14 0.542 diffutils-3.7-12.el9.x86_64.rpm                 3.7 MB/s | 402 kB     00:00    
Test OLM installation	Arrange OLM test installation	2025-06-06T09:08:44.9078017Z #14 0.543 --------------------------------------------------------------------------------
Test OLM installation	Arrange OLM test installation	2025-06-06T09:08:44.9078850Z #14 0.544 Total                                           3.6 MB/s | 402 kB     00:00     
Test OLM installation	Arrange OLM test installation	2025-06-06T09:08:44.9079511Z #14 0.557 Running transaction check
Test OLM installation	Arrange OLM test installation	2025-06-06T09:08:44.9079972Z #14 0.562 Transaction check succeeded.
Test OLM installation	Arrange OLM test installation	2025-06-06T09:08:44.9080292Z #14 0.562 Running transaction test
Test OLM installation	Arrange OLM test installation	2025-06-06T09:08:44.9080580Z #14 0.590 Transaction test succeeded.
Test OLM installation	Arrange OLM test installation	2025-06-06T09:08:44.9080873Z #14 0.590 Running transaction
Test OLM installation	Arrange OLM test installation	2025-06-06T09:08:44.9081208Z #14 0.612   Preparing        :                                                        1/1 
Test OLM installation	Arrange OLM test installation	2025-06-06T09:08:45.0106594Z #14 0.647   Installing       : diffutils-3.7-12.el9.x86_64                            1/1 
Test OLM installation	Arrange OLM test installation	2025-06-06T09:08:45.0107536Z #14 0.658   Running scriptlet: diffutils-3.7-12.el9.x86_64                            1/1 
Test OLM installation	Arrange OLM test installation	2025-06-06T09:08:45.0108424Z #14 0.696   Verifying        : diffutils-3.7-12.el9.x86_64                            1/1 
Test OLM installation	Arrange OLM test installation	2025-06-06T09:08:45.0109305Z #14 0.743 Installed products updated.
Test OLM installation	Arrange OLM test installation	2025-06-06T09:08:45.0109735Z #14 0.750 
Test OLM installation	Arrange OLM test installation	2025-06-06T09:08:45.0110030Z #14 0.750 Installed:
Test OLM installation	Arrange OLM test installation	2025-06-06T09:08:45.0111105Z #14 0.750   diffutils-3.7-12.el9.x86_64                                                   
Test OLM installation	Arrange OLM test installation	2025-06-06T09:08:45.0111988Z #14 0.750 
Test OLM installation	Arrange OLM test installation	2025-06-06T09:08:45.0112279Z #14 0.750 Complete!
Test OLM installation	Arrange OLM test installation	2025-06-06T09:08:45.2133594Z #14 0.800 ++ realpath rootfs
Test OLM installation	Arrange OLM test installation	2025-06-06T09:08:45.2134277Z #14 0.801 + rootfs=/tmp/null/rootfs
Test OLM installation	Arrange OLM test installation	2025-06-06T09:08:45.2134750Z #14 0.801 + mkdir -p /tmp/null/rootfs
Test OLM installation	Arrange OLM test installation	2025-06-06T09:08:45.2135614Z #14 0.803 + xargs dnf install -y --installroot /tmp/null/rootfs --releasever 9 --setopt install_weak_deps=false --nodocs
Test OLM installation	Arrange OLM test installation	2025-06-06T09:08:45.2936670Z #14 1.033 Updating Subscription Management repositories.
Test OLM installation	Arrange OLM test installation	2025-06-06T09:08:45.4457100Z #14 1.034 Unable to read consumer identity
Test OLM installation	Arrange OLM test installation	2025-06-06T09:08:45.4458624Z #14 1.035 
Test OLM installation	Arrange OLM test installation	2025-06-06T09:08:45.4459577Z #14 1.035 This system is not registered with an entitlement server. You can use subscription-manager to register.
Test OLM installation	Arrange OLM test installation	2025-06-06T09:08:45.4460425Z #14 1.035 
Test OLM installation	Arrange OLM test installation	2025-06-06T09:08:45.4631761Z #14 1.203 Red Hat Universal Base Image 9 (RPMs) - BaseOS  3.9 MB/s | 587 kB     00:00    
Test OLM installation	Arrange OLM test installation	2025-06-06T09:08:45.7089884Z #14 1.449 Red Hat Universal Base Image 9 (RPMs) - AppStre  15 MB/s | 2.4 MB     00:00    
Test OLM installation	Arrange OLM test installation	2025-06-06T09:08:46.2231402Z #14 1.963 Red Hat Universal Base Image 9 (RPMs) - CodeRea 2.0 MB/s | 284 kB     00:00    
Test OLM installation	Arrange OLM test installation	2025-06-06T09:08:46.3668808Z #14 2.106 Dependencies resolved.
Test OLM installation	Arrange OLM test installation	2025-06-06T09:08:46.4704914Z #14 2.112 =============================================================================================
Test OLM installation	Arrange OLM test installation	2025-06-06T09:08:46.4705836Z #14 2.112  Package                    Arch    Version                       Repository             Size
Test OLM installation	Arrange OLM test installation	2025-06-06T09:08:46.4706400Z #14 2.112 =============================================================================================
Test OLM installation	Arrange OLM test installation	2025-06-06T09:08:46.4706813Z #14 2.112 Installing:
Test OLM installation	Arrange OLM test installation	2025-06-06T09:08:46.4707305Z #14 2.112  bash                       x86_64  5.1.8-9.el9                   ubi-9-baseos-rpms     1.7 M
Test OLM installation	Arrange OLM test installation	2025-06-06T09:08:46.4707934Z #14 2.112  coreutils-single           x86_64  8.32-39.el9                   ubi-9-baseos-rpms     625 k
Test OLM installation	Arrange OLM test installation	2025-06-06T09:08:46.4708576Z #14 2.112  findutils                  x86_64  1:4.8.0-7.el9                 ubi-9-baseos-rpms     550 k
Test OLM installation	Arrange OLM test installation	2025-06-06T09:08:46.4709523Z #14 2.112  glibc-langpack-en          x86_64  2.34-168.el9_6.14             ubi-9-baseos-rpms     657 k
Test OLM installation	Arrange OLM test installation	2025-06-06T09:08:46.4710271Z #14 2.112  java-21-openjdk-headless   x86_64  1:21.0.7.0.6-1.el9            ubi-9-appstream-rpms   49 M
Test OLM installation	Arrange OLM test installation	2025-06-06T09:08:46.4710810Z #14 2.112 Installing dependencies:
Test OLM installation	Arrange OLM test installation	2025-06-06T09:08:46.4711699Z #14 2.112  alsa-lib                   x86_64  1.2.13-2.el9                  ubi-9-appstream-rpms  530 k
Test OLM installation	Arrange OLM test installation	2025-06-06T09:08:46.4712368Z #14 2.112  alternatives               x86_64  1.24-2.el9                    ubi-9-baseos-rpms      42 k
Test OLM installation	Arrange OLM test installation	2025-06-06T09:08:46.4712951Z #14 2.112  avahi-libs                 x86_64  0.8-22.el9_6                  ubi-9-baseos-rpms      67 k
Test OLM installation	Arrange OLM test installation	2025-06-06T09:08:46.4713417Z #14 2.112  basesystem                 noarch  11-13.el9                     ubi-9-baseos-rpms     8.0 k
Test OLM installation	Arrange OLM test installation	2025-06-06T09:08:46.4713868Z #14 2.112  bzip2-libs                 x86_64  1.0.8-10.el9_5                ubi-9-baseos-rpms      42 k
Test OLM installation	Arrange OLM test installation	2025-06-06T09:08:46.4714342Z #14 2.112  ca-certificates            noarch  2024.2.69_v8.0.303-91.4.el9_4 ubi-9-baseos-rpms     1.0 M
Test OLM installation	Arrange OLM test installation	2025-06-06T09:08:46.4714831Z #14 2.112  copy-jdk-configs           noarch  4.0-3.el9                     ubi-9-appstream-rpms   29 k
Test OLM installation	Arrange OLM test installation	2025-06-06T09:08:46.4715372Z #14 2.112  crypto-policies            noarch  20250128-1.git5269e22.el9     ubi-9-baseos-rpms      90 k
Test OLM installation	Arrange OLM test installation	2025-06-06T09:08:46.4715987Z #14 2.112  crypto-policies-scripts    noarch  20250128-1.git5269e22.el9     ubi-9-baseos-rpms     101 k
Test OLM installation	Arrange OLM test installation	2025-06-06T09:08:46.4716543Z #14 2.112  cups-libs                  x86_64  1:2.3.3op2-33.el9             ubi-9-baseos-rpms     265 k
Test OLM installation	Arrange OLM test installation	2025-06-06T09:08:46.4717071Z #14 2.112  dbus-libs                  x86_64  1:1.12.20-8.el9               ubi-9-baseos-rpms     154 k
Test OLM installation	Arrange OLM test installation	2025-06-06T09:08:46.4717529Z #14 2.112  expat                      x86_64  2.5.0-5.el9_6                 ubi-9-baseos-rpms     119 k
Test OLM installation	Arrange OLM test installation	2025-06-06T09:08:46.4717951Z #14 2.112  filesystem                 x86_64  3.16-5.el9                    ubi-9-baseos-rpms     4.8 M
Test OLM installation	Arrange OLM test installation	2025-06-06T09:08:46.4718363Z #14 2.112  gawk                       x86_64  5.1.0-6.el9                   ubi-9-baseos-rpms     1.0 M
Test OLM installation	Arrange OLM test installation	2025-06-06T09:08:46.4718764Z #14 2.112  gdbm-libs                  x86_64  1:1.23-1.el9                  ubi-9-baseos-rpms      59 k
Test OLM installation	Arrange OLM test installation	2025-06-06T09:08:46.4719812Z #14 2.112  glibc                      x86_64  2.34-168.el9_6.14             ubi-9-baseos-rpms     2.0 M
Test OLM installation	Arrange OLM test installation	2025-06-06T09:08:46.4720323Z #14 2.112  glibc-common               x86_64  2.34-168.el9_6.14             ubi-9-baseos-rpms     304 k
Test OLM installation	Arrange OLM test installation	2025-06-06T09:08:46.4721235Z #14 2.112  gmp                        x86_64  1:6.2.0-13.el9                ubi-9-baseos-rpms     319 k
Test OLM installation	Arrange OLM test installation	2025-06-06T09:08:46.4721754Z #14 2.112  gnutls                     x86_64  3.8.3-6.el9                   ubi-9-baseos-rpms     1.1 M
Test OLM installation	Arrange OLM test installation	2025-06-06T09:08:46.4722156Z #14 2.112  grep                       x86_64  3.6-5.el9                     ubi-9-baseos-rpms     273 k
Test OLM installation	Arrange OLM test installation	2025-06-06T09:08:46.4722797Z #14 2.112  javapackages-filesystem    noarch  6.4.0-1.el9                   ubi-9-appstream-rpms   17 k
Test OLM installation	Arrange OLM test installation	2025-06-06T09:08:46.4723295Z #14 2.112  keyutils-libs              x86_64  1.6.3-1.el9                   ubi-9-baseos-rpms      34 k
Test OLM installation	Arrange OLM test installation	2025-06-06T09:08:46.4723733Z #14 2.112  krb5-libs                  x86_64  1.21.1-6.el9                  ubi-9-baseos-rpms     770 k
Test OLM installation	Arrange OLM test installation	2025-06-06T09:08:46.4724139Z #14 2.112  libacl                     x86_64  2.3.1-4.el9                   ubi-9-baseos-rpms      24 k
Test OLM installation	Arrange OLM test installation	2025-06-06T09:08:46.4724542Z #14 2.112  libattr                    x86_64  2.5.1-3.el9                   ubi-9-baseos-rpms      20 k
Test OLM installation	Arrange OLM test installation	2025-06-06T09:08:46.4725070Z #14 2.112  libcap                     x86_64  2.48-9.el9_2                  ubi-9-baseos-rpms      74 k
Test OLM installation	Arrange OLM test installation	2025-06-06T09:08:46.4725516Z #14 2.112  libcom_err                 x86_64  1.46.5-7.el9                  ubi-9-baseos-rpms      28 k
Test OLM installation	Arrange OLM test installation	2025-06-06T09:08:46.4726483Z #14 2.112  libevent                   x86_64  2.1.12-8.el9_4                ubi-9-baseos-rpms     266 k
Test OLM installation	Arrange OLM test installation	2025-06-06T09:08:46.4727038Z #14 2.112  libffi                     x86_64  3.4.2-8.el9                   ubi-9-baseos-rpms      40 k
Test OLM installation	Arrange OLM test installation	2025-06-06T09:08:46.4727459Z #14 2.112  libgcc                     x86_64  11.5.0-5.el9_5                ubi-9-baseos-rpms      88 k
Test OLM installation	Arrange OLM test installation	2025-06-06T09:08:46.4727884Z #14 2.112  libgcrypt                  x86_64  1.10.0-11.el9                 ubi-9-baseos-rpms     510 k
Test OLM installation	Arrange OLM test installation	2025-06-06T09:08:46.4728322Z #14 2.112  libgpg-error               x86_64  1.42-5.el9                    ubi-9-baseos-rpms     220 k
Test OLM installation	Arrange OLM test installation	2025-06-06T09:08:46.4728748Z #14 2.112  libidn2                    x86_64  2.3.0-7.el9                   ubi-9-baseos-rpms     105 k
Test OLM installation	Arrange OLM test installation	2025-06-06T09:08:46.4729380Z #14 2.112  libselinux                 x86_64  3.6-3.el9                     ubi-9-baseos-rpms      88 k
Test OLM installation	Arrange OLM test installation	2025-06-06T09:08:46.4729799Z #14 2.112  libsepol                   x86_64  3.6-2.el9                     ubi-9-baseos-rpms     331 k
Test OLM installation	Arrange OLM test installation	2025-06-06T09:08:46.4730222Z #14 2.112  libsigsegv                 x86_64  2.13-4.el9                    ubi-9-baseos-rpms      30 k
Test OLM installation	Arrange OLM test installation	2025-06-06T09:08:46.4730648Z #14 2.112  libtasn1                   x86_64  4.16.0-9.el9                  ubi-9-baseos-rpms      77 k
Test OLM installation	Arrange OLM test installation	2025-06-06T09:08:46.4731079Z #14 2.112  libunistring               x86_64  0.9.10-15.el9                 ubi-9-baseos-rpms     499 k
Test OLM installation	Arrange OLM test installation	2025-06-06T09:08:46.4731504Z #14 2.112  libuuid                    x86_64  2.37.4-21.el9                 ubi-9-baseos-rpms      30 k
Test OLM installation	Arrange OLM test installation	2025-06-06T09:08:46.4731918Z #14 2.112  libverto                   x86_64  0.3.2-3.el9                   ubi-9-baseos-rpms      24 k
Test OLM installation	Arrange OLM test installation	2025-06-06T09:08:46.4732472Z #14 2.112  libxcrypt                  x86_64  4.4.18-3.el9                  ubi-9-baseos-rpms     120 k
Test OLM installation	Arrange OLM test installation	2025-06-06T09:08:46.4733263Z #14 2.112  libzstd                    x86_64  1.5.5-1.el9                   ubi-9-baseos-rpms     297 k
Test OLM installation	Arrange OLM test installation	2025-06-06T09:08:46.4734515Z #14 2.112  lksctp-tools               x86_64  1.0.19-3.el9_4                ubi-9-baseos-rpms     104 k
Test OLM installation	Arrange OLM test installation	2025-06-06T09:08:46.4735417Z #14 2.112  lua                        x86_64  5.4.4-4.el9                   ubi-9-appstream-rpms  192 k
Test OLM installation	Arrange OLM test installation	2025-06-06T09:08:46.4736174Z #14 2.112  lua-libs                   x86_64  5.4.4-4.el9                   ubi-9-baseos-rpms     132 k
Test OLM installation	Arrange OLM test installation	2025-06-06T09:08:46.4736633Z #14 2.112  lua-posix                  x86_64  35.0-8.el9                    ubi-9-appstream-rpms  155 k
Test OLM installation	Arrange OLM test installation	2025-06-06T09:08:46.4737058Z #14 2.112  lz4-libs                   x86_64  1.9.3-5.el9                   ubi-9-baseos-rpms      69 k
Test OLM installation	Arrange OLM test installation	2025-06-06T09:08:46.4737457Z #14 2.112  mpfr                       x86_64  4.1.0-7.el9                   ubi-9-baseos-rpms     329 k
Test OLM installation	Arrange OLM test installation	2025-06-06T09:08:46.4738060Z #14 2.112  ncurses-base               noarch  6.2-10.20210508.el9           ubi-9-baseos-rpms      99 k
Test OLM installation	Arrange OLM test installation	2025-06-06T09:08:46.4738528Z #14 2.112  ncurses-libs               x86_64  6.2-10.20210508.el9           ubi-9-baseos-rpms     332 k
Test OLM installation	Arrange OLM test installation	2025-06-06T09:08:46.4739182Z #14 2.112  nettle                     x86_64  3.10.1-1.el9                  ubi-9-baseos-rpms     568 k
Test OLM installation	Arrange OLM test installation	2025-06-06T09:08:46.4739718Z #14 2.112  nspr                       x86_64  4.35.0-17.el9_2               ubi-9-appstream-rpms  137 k
Test OLM installation	Arrange OLM test installation	2025-06-06T09:08:46.4740121Z #14 2.112  nss                        x86_64  3.101.0-10.el9_2              ubi-9-appstream-rpms  720 k
Test OLM installation	Arrange OLM test installation	2025-06-06T09:08:46.4740612Z #14 2.112  nss-softokn                x86_64  3.101.0-10.el9_2              ubi-9-appstream-rpms  393 k
Test OLM installation	Arrange OLM test installation	2025-06-06T09:08:46.4741116Z #14 2.112  nss-softokn-freebl         x86_64  3.101.0-10.el9_2              ubi-9-appstream-rpms  313 k
Test OLM installation	Arrange OLM test installation	2025-06-06T09:08:46.4742510Z #14 2.112  nss-sysinit                x86_64  3.101.0-10.el9_2              ubi-9-appstream-rpms   21 k
Test OLM installation	Arrange OLM test installation	2025-06-06T09:08:46.4743369Z #14 2.112  nss-util                   x86_64  3.101.0-10.el9_2              ubi-9-appstream-rpms   92 k
Test OLM installation	Arrange OLM test installation	2025-06-06T09:08:46.4744265Z #14 2.112  openssl-fips-provider      x86_64  3.0.7-6.el9_5                 ubi-9-baseos-rpms     9.4 k
Test OLM installation	Arrange OLM test installation	2025-06-06T09:08:46.4745014Z #14 2.112  openssl-fips-provider-so   x86_64  3.0.7-6.el9_5                 ubi-9-baseos-rpms     577 k
Test OLM installation	Arrange OLM test installation	2025-06-06T09:08:46.4745520Z #14 2.112  openssl-libs               x86_64  1:3.2.2-6.el9_5.1             ubi-9-baseos-rpms     2.1 M
Test OLM installation	Arrange OLM test installation	2025-06-06T09:08:46.4745962Z #14 2.112  p11-kit                    x86_64  0.25.3-3.el9_5                ubi-9-baseos-rpms     536 k
Test OLM installation	Arrange OLM test installation	2025-06-06T09:08:46.4746396Z #14 2.112  p11-kit-trust              x86_64  0.25.3-3.el9_5                ubi-9-baseos-rpms     144 k
Test OLM installation	Arrange OLM test installation	2025-06-06T09:08:46.4746819Z #14 2.112  pcre                       x86_64  8.44-4.el9                    ubi-9-baseos-rpms     200 k
Test OLM installation	Arrange OLM test installation	2025-06-06T09:08:46.4747207Z #14 2.112  pcre2                      x86_64  10.40-6.el9                   ubi-9-baseos-rpms     236 k
Test OLM installation	Arrange OLM test installation	2025-06-06T09:08:46.4747640Z #14 2.112  pcre2-syntax               noarch  10.40-6.el9                   ubi-9-baseos-rpms     144 k
Test OLM installation	Arrange OLM test installation	2025-06-06T09:08:46.4748157Z #14 2.112  python3                    x86_64  3.9.21-2.el9                  ubi-9-baseos-rpms      30 k
Test OLM installation	Arrange OLM test installation	2025-06-06T09:08:46.4749381Z #14 2.112  python3-libs               x86_64  3.9.21-2.el9                  ubi-9-baseos-rpms     8.1 M
Test OLM installation	Arrange OLM test installation	2025-06-06T09:08:46.4750336Z #14 2.112  python3-pip-wheel          noarch  21.3.1-1.el9                  ubi-9-baseos-rpms     1.1 M
Test OLM installation	Arrange OLM test installation	2025-06-06T09:08:46.4751472Z #14 2.112  python3-setuptools-wheel   noarch  53.0.0-13.el9                 ubi-9-baseos-rpms     469 k
Test OLM installation	Arrange OLM test installation	2025-06-06T09:08:46.4752099Z #14 2.112  readline                   x86_64  8.1-4.el9                     ubi-9-baseos-rpms     215 k
Test OLM installation	Arrange OLM test installation	2025-06-06T09:08:46.4752558Z #14 2.112  redhat-release             x86_64  9.6-0.1.el9                   ubi-9-baseos-rpms      44 k
Test OLM installation	Arrange OLM test installation	2025-06-06T09:08:46.4753498Z #14 2.112  sed                        x86_64  4.8-9.el9                     ubi-9-baseos-rpms     309 k
Test OLM installation	Arrange OLM test installation	2025-06-06T09:08:46.4754171Z #14 2.112  setup                      noarch  2.13.7-10.el9                 ubi-9-baseos-rpms     150 k
Test OLM installation	Arrange OLM test installation	2025-06-06T09:08:46.4754681Z #14 2.112  sqlite-libs                x86_64  3.34.1-7.el9_3                ubi-9-baseos-rpms     622 k
Test OLM installation	Arrange OLM test installation	2025-06-06T09:08:46.4755136Z #14 2.112  systemd-libs               x86_64  252-51.el9                    ubi-9-baseos-rpms     684 k
Test OLM installation	Arrange OLM test installation	2025-06-06T09:08:46.4755576Z #14 2.112  tzdata                     noarch  2025b-1.el9                   ubi-9-baseos-rpms     842 k
Test OLM installation	Arrange OLM test installation	2025-06-06T09:08:46.4756028Z #14 2.112  tzdata-java                noarch  2025b-1.el9                   ubi-9-appstream-rpms  228 k
Test OLM installation	Arrange OLM test installation	2025-06-06T09:08:46.4756464Z #14 2.112  xz-libs                    x86_64  5.2.5-8.el9_0                 ubi-9-baseos-rpms      94 k
Test OLM installation	Arrange OLM test installation	2025-06-06T09:08:46.4756861Z #14 2.112  zlib                       x86_64  1.2.11-40.el9                 ubi-9-baseos-rpms      93 k
Test OLM installation	Arrange OLM test installation	2025-06-06T09:08:46.4757348Z #14 2.112 
Test OLM installation	Arrange OLM test installation	2025-06-06T09:08:46.4757594Z #14 2.112 Transaction Summary
Test OLM installation	Arrange OLM test installation	2025-06-06T09:08:46.4758062Z #14 2.112 =============================================================================================
Test OLM installation	Arrange OLM test installation	2025-06-06T09:08:46.4758577Z #14 2.112 Install  84 Packages
Test OLM installation	Arrange OLM test installation	2025-06-06T09:08:46.4759117Z #14 2.112 
Test OLM installation	Arrange OLM test installation	2025-06-06T09:08:46.4759670Z #14 2.115 Total download size: 89 M
Test OLM installation	Arrange OLM test installation	2025-06-06T09:08:46.4760170Z #14 2.115 Installed size: 319 M
Test OLM installation	Arrange OLM test installation	2025-06-06T09:08:46.4761167Z #14 2.115 Downloading Packages:
Test OLM installation	Arrange OLM test installation	2025-06-06T09:08:46.4761831Z #14 2.163 (1/84): basesystem-11-13.el9.noarch.rpm         194 kB/s | 8.0 kB     00:00    
Test OLM installation	Arrange OLM test installation	2025-06-06T09:08:46.4762764Z #14 2.187 (2/84): alternatives-1.24-2.el9.x86_64.rpm      642 kB/s |  42 kB     00:00    
Test OLM installation	Arrange OLM test installation	2025-06-06T09:08:46.4763604Z #14 2.210 (3/84): bzip2-libs-1.0.8-10.el9_5.x86_64.rpm    1.8 MB/s |  42 kB     00:00    
Test OLM installation	Arrange OLM test installation	2025-06-06T09:08:46.5712081Z #14 2.221 (4/84): avahi-libs-0.8-22.el9_6.x86_64.rpm      675 kB/s |  67 kB     00:00    
Test OLM installation	Arrange OLM test installation	2025-06-06T09:08:46.5713208Z #14 2.236 (5/84): bash-5.1.8-9.el9.x86_64.rpm              23 MB/s | 1.7 MB     00:00    
Test OLM installation	Arrange OLM test installation	2025-06-06T09:08:46.5714090Z #14 2.248 (6/84): crypto-policies-20250128-1.git5269e22.e 7.2 MB/s |  90 kB     00:00    
Test OLM installation	Arrange OLM test installation	2025-06-06T09:08:46.5715051Z #14 2.261 (7/84): crypto-policies-scripts-20250128-1.git5 7.9 MB/s | 101 kB     00:00    
Test OLM installation	Arrange OLM test installation	2025-06-06T09:08:46.5715988Z #14 2.275 (8/84): cups-libs-2.3.3op2-33.el9.x86_64.rpm     19 MB/s | 265 kB     00:00    
Test OLM installation	Arrange OLM test installation	2025-06-06T09:08:46.5716900Z #14 2.278 (9/84): ca-certificates-2024.2.69_v8.0.303-91.4  15 MB/s | 1.0 MB     00:00    
Test OLM installation	Arrange OLM test installation	2025-06-06T09:08:46.5717806Z #14 2.287 (10/84): coreutils-single-8.32-39.el9.x86_64.rp 9.3 MB/s | 625 kB     00:00    
Test OLM installation	Arrange OLM test installation	2025-06-06T09:08:46.5718462Z #14 2.294 (11/84): dbus-libs-1.12.20-8.el9.x86_64.rpm     8.3 MB/s | 154 kB     00:00    
Test OLM installation	Arrange OLM test installation	2025-06-06T09:08:46.5719229Z #14 2.295 (12/84): expat-2.5.0-5.el9_6.x86_64.rpm         7.1 MB/s | 119 kB     00:00    
Test OLM installation	Arrange OLM test installation	2025-06-06T09:08:46.5719889Z #14 2.311 (13/84): findutils-4.8.0-7.el9.x86_64.rpm        32 MB/s | 550 kB     00:00    
Test OLM installation	Arrange OLM test installation	2025-06-06T09:08:46.6732482Z #14 2.323 (14/84): gawk-5.1.0-6.el9.x86_64.rpm             37 MB/s | 1.0 MB     00:00    
Test OLM installation	Arrange OLM test installation	2025-06-06T09:08:46.6733414Z #14 2.325 (15/84): gdbm-libs-1.23-1.el9.x86_64.rpm        4.3 MB/s |  59 kB     00:00    
Test OLM installation	Arrange OLM test installation	2025-06-06T09:08:46.6734118Z #14 2.340 (16/84): glibc-common-2.34-168.el9_6.14.x86_64.  20 MB/s | 304 kB     00:00    
Test OLM installation	Arrange OLM test installation	2025-06-06T09:08:46.6734680Z #14 2.360 (17/84): glibc-langpack-en-2.34-168.el9_6.14.x8  34 MB/s | 657 kB     00:00    
Test OLM installation	Arrange OLM test installation	2025-06-06T09:08:46.6735181Z #14 2.367 (18/84): glibc-2.34-168.el9_6.14.x86_64.rpm      45 MB/s | 2.0 MB     00:00    
Test OLM installation	Arrange OLM test installation	2025-06-06T09:08:46.6735670Z #14 2.378 (19/84): filesystem-3.16-5.el9.x86_64.rpm        53 MB/s | 4.8 MB     00:00    
Test OLM installation	Arrange OLM test installation	2025-06-06T09:08:46.6736177Z #14 2.382 (20/84): gmp-6.2.0-13.el9.x86_64.rpm             14 MB/s | 319 kB     00:00    
Test OLM installation	Arrange OLM test installation	2025-06-06T09:08:46.6736688Z #14 2.392 (21/84): gnutls-3.8.3-6.el9.x86_64.rpm           43 MB/s | 1.1 MB     00:00    
Test OLM installation	Arrange OLM test installation	2025-06-06T09:08:46.6737266Z #14 2.394 (22/84): keyutils-libs-1.6.3-1.el9.x86_64.rpm   2.8 MB/s |  34 kB     00:00    
Test OLM installation	Arrange OLM test installation	2025-06-06T09:08:46.6737794Z #14 2.398 (23/84): grep-3.6-5.el9.x86_64.rpm               14 MB/s | 273 kB     00:00    
Test OLM installation	Arrange OLM test installation	2025-06-06T09:08:46.6738290Z #14 2.407 (24/84): libacl-2.3.1-4.el9.x86_64.rpm          1.8 MB/s |  24 kB     00:00    
Test OLM installation	Arrange OLM test installation	2025-06-06T09:08:46.6738805Z #14 2.413 (25/84): krb5-libs-1.21.1-6.el9.x86_64.rpm       37 MB/s | 770 kB     00:00    
Test OLM installation	Arrange OLM test installation	2025-06-06T09:08:46.7798411Z #14 2.415 (26/84): libattr-2.5.1-3.el9.x86_64.rpm         1.1 MB/s |  20 kB     00:00    
Test OLM installation	Arrange OLM test installation	2025-06-06T09:08:46.7800505Z #14 2.421 (27/84): libcap-2.48-9.el9_2.x86_64.rpm         5.3 MB/s |  74 kB     00:00    
Test OLM installation	Arrange OLM test installation	2025-06-06T09:08:46.7801998Z #14 2.435 (28/84): libffi-3.4.2-8.el9.x86_64.rpm          3.0 MB/s |  40 kB     00:00    
Test OLM installation	Arrange OLM test installation	2025-06-06T09:08:46.7802834Z #14 2.437 (29/84): libevent-2.1.12-8.el9_4.x86_64.rpm      12 MB/s | 266 kB     00:00    
Test OLM installation	Arrange OLM test installation	2025-06-06T09:08:46.7803652Z #14 2.441 (30/84): libcom_err-1.46.5-7.el9.x86_64.rpm     1.0 MB/s |  28 kB     00:00    
Test OLM installation	Arrange OLM test installation	2025-06-06T09:08:46.7804792Z #14 2.449 (31/84): libgcc-11.5.0-5.el9_5.x86_64.rpm       6.1 MB/s |  88 kB     00:00    
Test OLM installation	Arrange OLM test installation	2025-06-06T09:08:46.7805605Z #14 2.459 (32/84): libgpg-error-1.42-5.el9.x86_64.rpm      13 MB/s | 220 kB     00:00    
Test OLM installation	Arrange OLM test installation	2025-06-06T09:08:46.7806428Z #14 2.461 (33/84): libgcrypt-1.10.0-11.el9.x86_64.rpm      21 MB/s | 510 kB     00:00    
Test OLM installation	Arrange OLM test installation	2025-06-06T09:08:46.7807480Z #14 2.462 (34/84): libidn2-2.3.0-7.el9.x86_64.rpm         7.8 MB/s | 105 kB     00:00    
Test OLM installation	Arrange OLM test installation	2025-06-06T09:08:46.7808273Z #14 2.474 (35/84): libselinux-3.6-3.el9.x86_64.rpm        5.8 MB/s |  88 kB     00:00    
Test OLM installation	Arrange OLM test installation	2025-06-06T09:08:46.7809312Z #14 2.475 (36/84): libsigsegv-2.13-4.el9.x86_64.rpm       2.3 MB/s |  30 kB     00:00    
Test OLM installation	Arrange OLM test installation	2025-06-06T09:08:46.7810132Z #14 2.481 (37/84): libsepol-3.6-2.el9.x86_64.rpm           16 MB/s | 331 kB     00:00    
Test OLM installation	Arrange OLM test installation	2025-06-06T09:08:46.7810923Z #14 2.490 (38/84): libtasn1-4.16.0-9.el9.x86_64.rpm       4.8 MB/s |  77 kB     00:00    
Test OLM installation	Arrange OLM test installation	2025-06-06T09:08:46.7811690Z #14 2.492 (39/84): libunistring-0.9.10-15.el9.x86_64.rpm   29 MB/s | 499 kB     00:00    
Test OLM installation	Arrange OLM test installation	2025-06-06T09:08:46.7812428Z #14 2.499 (40/84): libuuid-2.37.4-21.el9.x86_64.rpm       1.7 MB/s |  30 kB     00:00    
Test OLM installation	Arrange OLM test installation	2025-06-06T09:08:46.7813143Z #14 2.505 (41/84): libxcrypt-4.4.18-3.el9.x86_64.rpm      9.6 MB/s | 120 kB     00:00    
Test OLM installation	Arrange OLM test installation	2025-06-06T09:08:46.7813855Z #14 2.506 (42/84): libverto-0.3.2-3.el9.x86_64.rpm        1.5 MB/s |  24 kB     00:00    
Test OLM installation	Arrange OLM test installation	2025-06-06T09:08:46.7814590Z #14 2.520 (43/84): lksctp-tools-1.0.19-3.el9_4.x86_64.rpm 6.9 MB/s | 104 kB     00:00    
Test OLM installation	Arrange OLM test installation	2025-06-06T09:08:46.8924314Z #14 2.522 (44/84): libzstd-1.5.5-1.el9.x86_64.rpm          12 MB/s | 297 kB     00:00    
Test OLM installation	Arrange OLM test installation	2025-06-06T09:08:46.8925180Z #14 2.524 (45/84): lua-libs-5.4.4-4.el9.x86_64.rpm        7.3 MB/s | 132 kB     00:00    
Test OLM installation	Arrange OLM test installation	2025-06-06T09:08:46.8926015Z #14 2.532 (46/84): lz4-libs-1.9.3-5.el9.x86_64.rpm        5.5 MB/s |  69 kB     00:00    
Test OLM installation	Arrange OLM test installation	2025-06-06T09:08:46.8926868Z #14 2.543 (47/84): ncurses-base-6.2-10.20210508.el9.noarc 5.1 MB/s |  99 kB     00:00    
Test OLM installation	Arrange OLM test installation	2025-06-06T09:08:46.8927649Z #14 2.547 (48/84): mpfr-4.1.0-7.el9.x86_64.rpm             14 MB/s | 329 kB     00:00    
Test OLM installation	Arrange OLM test installation	2025-06-06T09:08:46.8928214Z #14 2.549 (49/84): ncurses-libs-6.2-10.20210508.el9.x86_6  20 MB/s | 332 kB     00:00    
Test OLM installation	Arrange OLM test installation	2025-06-06T09:08:46.8928747Z #14 2.565 (50/84): nettle-3.10.1-1.el9.x86_64.rpm          27 MB/s | 568 kB     00:00    
Test OLM installation	Arrange OLM test installation	2025-06-06T09:08:46.8929464Z #14 2.566 (51/84): openssl-fips-provider-3.0.7-6.el9_5.x8 492 kB/s | 9.4 kB     00:00    
Test OLM installation	Arrange OLM test installation	2025-06-06T09:08:46.8930090Z #14 2.570 (52/84): openssl-fips-provider-so-3.0.7-6.el9_5  26 MB/s | 577 kB     00:00    
Test OLM installation	Arrange OLM test installation	2025-06-06T09:08:46.8930655Z #14 2.583 (53/84): p11-kit-trust-0.25.3-3.el9_5.x86_64.rp  11 MB/s | 144 kB     00:00    
Test OLM installation	Arrange OLM test installation	2025-06-06T09:08:46.8931134Z #14 2.589 (54/84): p11-kit-0.25.3-3.el9_5.x86_64.rpm       23 MB/s | 536 kB     00:00    
Test OLM installation	Arrange OLM test installation	2025-06-06T09:08:46.8931672Z #14 2.597 (55/84): pcre-8.44-4.el9.x86_64.rpm              15 MB/s | 200 kB     00:00    
Test OLM installation	Arrange OLM test installation	2025-06-06T09:08:46.8932417Z #14 2.603 (56/84): openssl-libs-3.2.2-6.el9_5.1.x86_64.rp  56 MB/s | 2.1 MB     00:00    
Test OLM installation	Arrange OLM test installation	2025-06-06T09:08:46.8933170Z #14 2.609 (57/84): pcre2-10.40-6.el9.x86_64.rpm            12 MB/s | 236 kB     00:00    
Test OLM installation	Arrange OLM test installation	2025-06-06T09:08:46.8933935Z #14 2.611 (58/84): pcre2-syntax-10.40-6.el9.noarch.rpm     10 MB/s | 144 kB     00:00    
Test OLM installation	Arrange OLM test installation	2025-06-06T09:08:46.8934498Z #14 2.618 (59/84): python3-3.9.21-2.el9.x86_64.rpm        2.0 MB/s |  30 kB     00:00    
Test OLM installation	Arrange OLM test installation	2025-06-06T09:08:46.8934955Z #14 2.632 (60/84): python3-pip-wheel-21.3.1-1.el9.noarch.  53 MB/s | 1.1 MB     00:00    
Test OLM installation	Arrange OLM test installation	2025-06-06T09:08:47.0005924Z #14 2.638 (61/84): python3-setuptools-wheel-53.0.0-13.el9  24 MB/s | 469 kB     00:00    
Test OLM installation	Arrange OLM test installation	2025-06-06T09:08:47.0008031Z #14 2.646 (62/84): readline-8.1-4.el9.x86_64.rpm           16 MB/s | 215 kB     00:00    
Test OLM installation	Arrange OLM test installation	2025-06-06T09:08:47.0009193Z #14 2.656 (63/84): redhat-release-9.6-0.1.el9.x86_64.rpm  2.4 MB/s |  44 kB     00:00    
Test OLM installation	Arrange OLM test installation	2025-06-06T09:08:47.0010024Z #14 2.661 (64/84): sed-4.8-9.el9.x86_64.rpm                21 MB/s | 309 kB     00:00    
Test OLM installation	Arrange OLM test installation	2025-06-06T09:08:47.0011041Z #14 2.673 (65/84): setup-2.13.7-10.el9.noarch.rpm         9.1 MB/s | 150 kB     00:00    
Test OLM installation	Arrange OLM test installation	2025-06-06T09:08:47.0011764Z #14 2.687 (66/84): sqlite-libs-3.34.1-7.el9_3.x86_64.rpm   24 MB/s | 622 kB     00:00    
Test OLM installation	Arrange OLM test installation	2025-06-06T09:08:47.0012512Z #14 2.704 (67/84): python3-libs-3.9.21-2.el9.x86_64.rpm    85 MB/s | 8.1 MB     00:00    
Test OLM installation	Arrange OLM test installation	2025-06-06T09:08:47.0013254Z #14 2.708 (68/84): systemd-libs-252-51.el9.x86_64.rpm      19 MB/s | 684 kB     00:00    
Test OLM installation	Arrange OLM test installation	2025-06-06T09:08:47.0014059Z #14 2.714 (69/84): tzdata-2025b-1.el9.noarch.rpm           31 MB/s | 842 kB     00:00    
Test OLM installation	Arrange OLM test installation	2025-06-06T09:08:47.0014487Z #14 2.724 (70/84): zlib-1.2.11-40.el9.x86_64.rpm          5.8 MB/s |  93 kB     00:00    
Test OLM installation	Arrange OLM test installation	2025-06-06T09:08:47.0014941Z #14 2.726 (71/84): copy-jdk-configs-4.0-3.el9.noarch.rpm  2.4 MB/s |  29 kB     00:00    
Test OLM installation	Arrange OLM test installation	2025-06-06T09:08:47.0015600Z #14 2.728 (72/84): xz-libs-5.2.5-8.el9_0.x86_64.rpm       4.0 MB/s |  94 kB     00:00    
Test OLM installation	Arrange OLM test installation	2025-06-06T09:08:47.0016031Z #14 2.740 (73/84): lua-posix-35.0-8.el9.x86_64.rpm         11 MB/s | 155 kB     00:00    
Test OLM installation	Arrange OLM test installation	2025-06-06T09:08:47.2412117Z #14 2.742 (74/84): lua-5.4.4-4.el9.x86_64.rpm              11 MB/s | 192 kB     00:00    
Test OLM installation	Arrange OLM test installation	2025-06-06T09:08:47.2412932Z #14 2.751 (75/84): alsa-lib-1.2.13-2.el9.x86_64.rpm        22 MB/s | 530 kB     00:00    
Test OLM installation	Arrange OLM test installation	2025-06-06T09:08:47.2413710Z #14 2.763 (76/84): javapackages-filesystem-6.4.0-1.el9.no 826 kB/s |  17 kB     00:00    
Test OLM installation	Arrange OLM test installation	2025-06-06T09:08:47.2414508Z #14 2.771 (77/84): nspr-4.35.0-17.el9_2.x86_64.rpm        6.7 MB/s | 137 kB     00:00    
Test OLM installation	Arrange OLM test installation	2025-06-06T09:08:47.2415183Z #14 2.786 (78/84): nss-3.101.0-10.el9_2.x86_64.rpm         31 MB/s | 720 kB     00:00    
Test OLM installation	Arrange OLM test installation	2025-06-06T09:08:47.2415883Z #14 2.794 (79/84): nss-softokn-3.101.0-10.el9_2.x86_64.rp  18 MB/s | 393 kB     00:00    
Test OLM installation	Arrange OLM test installation	2025-06-06T09:08:47.2416631Z #14 2.804 (80/84): nss-softokn-freebl-3.101.0-10.el9_2.x8  18 MB/s | 313 kB     00:00    
Test OLM installation	Arrange OLM test installation	2025-06-06T09:08:47.2417381Z #14 2.811 (81/84): nss-sysinit-3.101.0-10.el9_2.x86_64.rp 1.2 MB/s |  21 kB     00:00    
Test OLM installation	Arrange OLM test installation	2025-06-06T09:08:47.2418095Z #14 2.822 (82/84): nss-util-3.101.0-10.el9_2.x86_64.rpm   5.1 MB/s |  92 kB     00:00    
Test OLM installation	Arrange OLM test installation	2025-06-06T09:08:47.2418847Z #14 2.830 (83/84): tzdata-java-2025b-1.el9.noarch.rpm      12 MB/s | 228 kB     00:00    
Test OLM installation	Arrange OLM test installation	2025-06-06T09:08:47.2785345Z #14 3.018 (84/84): java-21-openjdk-headless-21.0.7.0.6-1. 177 MB/s |  49 MB     00:00    
Test OLM installation	Arrange OLM test installation	2025-06-06T09:08:47.5186470Z #14 3.021 --------------------------------------------------------------------------------
Test OLM installation	Arrange OLM test installation	2025-06-06T09:08:47.5186992Z #14 3.022 Total                                            98 MB/s |  89 MB     00:00     
Test OLM installation	Arrange OLM test installation	2025-06-06T09:08:47.5187432Z #14 3.033 Red Hat Universal Base Image 9 (RPMs) - BaseOS  3.5 MB/s | 3.6 kB     00:00    
Test OLM installation	Arrange OLM test installation	2025-06-06T09:08:47.5187815Z #14 3.104 Importing GPG key 0xFD431D51:
Test OLM installation	Arrange OLM test installation	2025-06-06T09:08:47.5188171Z #14 3.104  Userid     : "Red Hat, Inc. (release key 2) <security@redhat.com>"
Test OLM installation	Arrange OLM test installation	2025-06-06T09:08:47.5188583Z #14 3.104  Fingerprint: 567E 347A D004 4ADE 55BA 8A5F 199E 2F91 FD43 1D51
Test OLM installation	Arrange OLM test installation	2025-06-06T09:08:47.5189450Z #14 3.104  From       : /etc/pki/rpm-gpg/RPM-GPG-KEY-redhat-release
Test OLM installation	Arrange OLM test installation	2025-06-06T09:08:47.5189797Z #14 3.107 Key imported successfully
Test OLM installation	Arrange OLM test installation	2025-06-06T09:08:47.5190048Z #14 3.107 Importing GPG key 0x5A6340B3:
Test OLM installation	Arrange OLM test installation	2025-06-06T09:08:47.5190379Z #14 3.107  Userid     : "Red Hat, Inc. (auxiliary key 3) <security@redhat.com>"
Test OLM installation	Arrange OLM test installation	2025-06-06T09:08:47.5190793Z #14 3.107  Fingerprint: 7E46 2425 8C40 6535 D56D 6F13 5054 E4A4 5A63 40B3
Test OLM installation	Arrange OLM test installation	2025-06-06T09:08:47.5191177Z #14 3.107  From       : /etc/pki/rpm-gpg/RPM-GPG-KEY-redhat-release
Test OLM installation	Arrange OLM test installation	2025-06-06T09:08:47.5191481Z #14 3.108 Key imported successfully
Test OLM installation	Arrange OLM test installation	2025-06-06T09:08:48.4357037Z #14 4.175 Running transaction check
Test OLM installation	Arrange OLM test installation	2025-06-06T09:08:48.6366128Z #14 4.226 Transaction check succeeded.
Test OLM installation	Arrange OLM test installation	2025-06-06T09:08:48.6366712Z #14 4.226 Running transaction test
Test OLM installation	Arrange OLM test installation	2025-06-06T09:08:49.1231628Z #14 4.863 Transaction test succeeded.
Test OLM installation	Arrange OLM test installation	2025-06-06T09:08:49.2741845Z #14 4.864 Running transaction
Test OLM installation	Arrange OLM test installation	2025-06-06T09:08:49.7658747Z #14 5.352   Running scriptlet: filesystem-3.16-5.el9.x86_64                           1/1 
Test OLM installation	Arrange OLM test installation	2025-06-06T09:08:49.7659843Z #14 5.354   Running scriptlet: copy-jdk-configs-4.0-3.el9.noarch                      1/1 
Test OLM installation	Arrange OLM test installation	2025-06-06T09:08:49.8806983Z #14 5.355   Running scriptlet: java-21-openjdk-headless-1:21.0.7.0.6-1.el9.x86_64     1/1 
Test OLM installation	Arrange OLM test installation	2025-06-06T09:08:50.0400106Z #14 5.620   Preparing        :                                                        1/1 
Test OLM installation	Arrange OLM test installation	2025-06-06T09:08:50.0400935Z #14 5.627   Installing       : libgcc-11.5.0-5.el9_5.x86_64                          1/84 
Test OLM installation	Arrange OLM test installation	2025-06-06T09:08:50.0805148Z #14 5.630   Running scriptlet: libgcc-11.5.0-5.el9_5.x86_64                          1/84 
Test OLM installation	Arrange OLM test installation	2025-06-06T09:08:50.1913254Z #14 5.820   Installing       : tzdata-2025b-1.el9.noarch                             2/84 
Test OLM installation	Arrange OLM test installation	2025-06-06T09:08:50.1914149Z #14 5.867   Installing       : tzdata-java-2025b-1.el9.noarch                        3/84 
Test OLM installation	Arrange OLM test installation	2025-06-06T09:08:50.1914945Z #14 5.875   Installing       : javapackages-filesystem-6.4.0-1.el9.noarch            4/84 
Test OLM installation	Arrange OLM test installation	2025-06-06T09:08:50.1915735Z #14 5.881   Installing       : redhat-release-9.6-0.1.el9.x86_64                     5/84 
Test OLM installation	Arrange OLM test installation	2025-06-06T09:08:50.1916497Z #14 5.888   Installing       : setup-2.13.7-10.el9.noarch                            6/84 
Test OLM installation	Arrange OLM test installation	2025-06-06T09:08:50.1917462Z #14 5.890   Running scriptlet: setup-2.13.7-10.el9.noarch                            6/84 
Test OLM installation	Arrange OLM test installation	2025-06-06T09:08:50.3356275Z #14 5.931   Installing       : filesystem-3.16-5.el9.x86_64                          7/84 
Test OLM installation	Arrange OLM test installation	2025-06-06T09:08:50.3357210Z #14 5.980   Installing       : basesystem-11-13.el9.noarch                           8/84 
Test OLM installation	Arrange OLM test installation	2025-06-06T09:08:50.3358103Z #14 5.984   Installing       : python3-setuptools-wheel-53.0.0-13.el9.noarch         9/84 
Test OLM installation	Arrange OLM test installation	2025-06-06T09:08:50.3359199Z #14 5.986   Installing       : pcre2-syntax-10.40-6.el9.noarch                      10/84 
Test OLM installation	Arrange OLM test installation	2025-06-06T09:08:50.3359883Z #14 6.007   Installing       : ncurses-base-6.2-10.20210508.el9.noarch              11/84 
Test OLM installation	Arrange OLM test installation	2025-06-06T09:08:50.5450533Z #14 6.075   Installing       : glibc-langpack-en-2.34-168.el9_6.14.x86_64           12/84 
Test OLM installation	Arrange OLM test installation	2025-06-06T09:08:50.5451422Z #14 6.095   Installing       : glibc-common-2.34-168.el9_6.14.x86_64                13/84 
Test OLM installation	Arrange OLM test installation	2025-06-06T09:08:50.5452254Z #14 6.098   Running scriptlet: glibc-2.34-168.el9_6.14.x86_64                       14/84 
Test OLM installation	Arrange OLM test installation	2025-06-06T09:08:50.5453012Z #14 6.131   Installing       : glibc-2.34-168.el9_6.14.x86_64                       14/84 
Test OLM installation	Arrange OLM test installation	2025-06-06T09:08:50.8903893Z #14 6.134   Running scriptlet: glibc-2.34-168.el9_6.14.x86_64                       14/84 
Test OLM installation	Arrange OLM test installation	2025-06-06T09:08:50.9996052Z #14 6.630   Installing       : ncurses-libs-6.2-10.20210508.el9.x86_64              15/84 
Test OLM installation	Arrange OLM test installation	2025-06-06T09:08:50.9996952Z #14 6.647   Installing       : bash-5.1.8-9.el9.x86_64                              16/84 
Test OLM installation	Arrange OLM test installation	2025-06-06T09:08:50.9997751Z #14 6.650   Running scriptlet: bash-5.1.8-9.el9.x86_64                              16/84 
Test OLM installation	Arrange OLM test installation	2025-06-06T09:08:50.9998600Z #14 6.671   Installing       : crypto-policies-20250128-1.git5269e22.el9.noarch     17/84 
Test OLM installation	Arrange OLM test installation	2025-06-06T09:08:50.9999603Z #14 6.674   Running scriptlet: crypto-policies-20250128-1.git5269e22.el9.noarch     17/84 
Test OLM installation	Arrange OLM test installation	2025-06-06T09:08:51.0000394Z #14 6.678   Installing       : nspr-4.35.0-17.el9_2.x86_64                          18/84 
Test OLM installation	Arrange OLM test installation	2025-06-06T09:08:51.0001021Z #14 6.682   Installing       : nss-util-3.101.0-10.el9_2.x86_64                     19/84 
Test OLM installation	Arrange OLM test installation	2025-06-06T09:08:51.0001554Z #14 6.685   Installing       : zlib-1.2.11-40.el9.x86_64                            20/84 
Test OLM installation	Arrange OLM test installation	2025-06-06T09:08:51.0002134Z #14 6.690   Installing       : readline-8.1-4.el9.x86_64                            21/84 
Test OLM installation	Arrange OLM test installation	2025-06-06T09:08:51.0002808Z #14 6.693   Installing       : libtasn1-4.16.0-9.el9.x86_64                         22/84 
Test OLM installation	Arrange OLM test installation	2025-06-06T09:08:51.0003439Z #14 6.697   Installing       : libxcrypt-4.4.18-3.el9.x86_64                        23/84 
Test OLM installation	Arrange OLM test installation	2025-06-06T09:08:51.0003966Z #14 6.704   Installing       : sqlite-libs-3.34.1-7.el9_3.x86_64                    24/84 
Test OLM installation	Arrange OLM test installation	2025-06-06T09:08:51.0004594Z #14 6.707   Installing       : alternatives-1.24-2.el9.x86_64                       25/84 
Test OLM installation	Arrange OLM test installation	2025-06-06T09:08:51.0005300Z #14 6.713   Installing       : gmp-1:6.2.0-13.el9.x86_64                            26/84 
Test OLM installation	Arrange OLM test installation	2025-06-06T09:08:51.0006074Z #14 6.716   Installing       : libattr-2.5.1-3.el9.x86_64                           27/84 
Test OLM installation	Arrange OLM test installation	2025-06-06T09:08:51.0006577Z #14 6.719   Installing       : libacl-2.3.1-4.el9.x86_64                            28/84 
Test OLM installation	Arrange OLM test installation	2025-06-06T09:08:51.1575055Z #14 6.725   Installing       : libcap-2.48-9.el9_2.x86_64                           29/84 
Test OLM installation	Arrange OLM test installation	2025-06-06T09:08:51.1576132Z #14 6.728   Installing       : libffi-3.4.2-8.el9.x86_64                            30/84 
Test OLM installation	Arrange OLM test installation	2025-06-06T09:08:51.1576656Z #14 6.739   Installing       : p11-kit-0.25.3-3.el9_5.x86_64                        31/84 
Test OLM installation	Arrange OLM test installation	2025-06-06T09:08:51.1577160Z #14 6.745   Installing       : p11-kit-trust-0.25.3-3.el9_5.x86_64                  32/84 
Test OLM installation	Arrange OLM test installation	2025-06-06T09:08:51.2516594Z #14 6.747   Running scriptlet: p11-kit-trust-0.25.3-3.el9_5.x86_64                  32/84 
Test OLM installation	Arrange OLM test installation	2025-06-06T09:08:51.3520957Z #14 6.991   Installing       : libsigsegv-2.13-4.el9.x86_64                         33/84 
Test OLM installation	Arrange OLM test installation	2025-06-06T09:08:51.3521946Z #14 7.000   Installing       : libunistring-0.9.10-15.el9.x86_64                    34/84 
Test OLM installation	Arrange OLM test installation	2025-06-06T09:08:51.3522736Z #14 7.005   Installing       : lua-libs-5.4.4-4.el9.x86_64                          35/84 
Test OLM installation	Arrange OLM test installation	2025-06-06T09:08:51.3523478Z #14 7.009   Installing       : xz-libs-5.2.5-8.el9_0.x86_64                         36/84 
Test OLM installation	Arrange OLM test installation	2025-06-06T09:08:51.3524155Z #14 7.013   Installing       : lua-5.4.4-4.el9.x86_64                               37/84 
Test OLM installation	Arrange OLM test installation	2025-06-06T09:08:51.3524644Z #14 7.027   Installing       : lua-posix-35.0-8.el9.x86_64                          38/84 
Test OLM installation	Arrange OLM test installation	2025-06-06T09:08:51.3525150Z #14 7.032   Installing       : libidn2-2.3.0-7.el9.x86_64                           39/84 
Test OLM installation	Arrange OLM test installation	2025-06-06T09:08:51.3525608Z #14 7.038   Installing       : mpfr-4.1.0-7.el9.x86_64                              40/84 
Test OLM installation	Arrange OLM test installation	2025-06-06T09:08:51.3526063Z #14 7.052   Installing       : gawk-5.1.0-6.el9.x86_64                              41/84 
Test OLM installation	Arrange OLM test installation	2025-06-06T09:08:51.3526544Z #14 7.060   Installing       : nss-softokn-freebl-3.101.0-10.el9_2.x86_64           42/84 
Test OLM installation	Arrange OLM test installation	2025-06-06T09:08:51.3527038Z #14 7.069   Installing       : nss-softokn-3.101.0-10.el9_2.x86_64                  43/84 
Test OLM installation	Arrange OLM test installation	2025-06-06T09:08:51.3527516Z #14 7.074   Installing       : lksctp-tools-1.0.19-3.el9_4.x86_64                   44/84 
Test OLM installation	Arrange OLM test installation	2025-06-06T09:08:51.3527986Z #14 7.078   Installing       : bzip2-libs-1.0.8-10.el9_5.x86_64                     45/84 
Test OLM installation	Arrange OLM test installation	2025-06-06T09:08:51.3528702Z #14 7.082   Installing       : expat-2.5.0-5.el9_6.x86_64                           46/84 
Test OLM installation	Arrange OLM test installation	2025-06-06T09:08:51.3529458Z #14 7.086   Installing       : gdbm-libs-1:1.23-1.el9.x86_64                        47/84 
Test OLM installation	Arrange OLM test installation	2025-06-06T09:08:51.4569216Z #14 7.092   Installing       : keyutils-libs-1.6.3-1.el9.x86_64                     48/84 
Test OLM installation	Arrange OLM test installation	2025-06-06T09:08:51.4570142Z #14 7.095   Installing       : libcom_err-1.46.5-7.el9.x86_64                       49/84 
Test OLM installation	Arrange OLM test installation	2025-06-06T09:08:51.4570757Z #14 7.101   Installing       : libgpg-error-1.42-5.el9.x86_64                       50/84 
Test OLM installation	Arrange OLM test installation	2025-06-06T09:08:51.4571309Z #14 7.108   Installing       : libgcrypt-1.10.0-11.el9.x86_64                       51/84 
Test OLM installation	Arrange OLM test installation	2025-06-06T09:08:51.4571798Z #14 7.114   Installing       : libsepol-3.6-2.el9.x86_64                            52/84 
Test OLM installation	Arrange OLM test installation	2025-06-06T09:08:51.4572266Z #14 7.117   Installing       : libuuid-2.37.4-21.el9.x86_64                         53/84 
Test OLM installation	Arrange OLM test installation	2025-06-06T09:08:51.4572731Z #14 7.120   Installing       : libverto-0.3.2-3.el9.x86_64                          54/84 
Test OLM installation	Arrange OLM test installation	2025-06-06T09:08:51.4573205Z #14 7.126   Installing       : libzstd-1.5.5-1.el9.x86_64                           55/84 
Test OLM installation	Arrange OLM test installation	2025-06-06T09:08:51.4573661Z #14 7.129   Installing       : lz4-libs-1.9.3-5.el9.x86_64                          56/84 
Test OLM installation	Arrange OLM test installation	2025-06-06T09:08:51.4574117Z #14 7.136   Installing       : nettle-3.10.1-1.el9.x86_64                           57/84 
Test OLM installation	Arrange OLM test installation	2025-06-06T09:08:51.4574569Z #14 7.149   Installing       : gnutls-3.8.3-6.el9.x86_64                            58/84 
Test OLM installation	Arrange OLM test installation	2025-06-06T09:08:51.4575024Z #14 7.155   Installing       : pcre-8.44-4.el9.x86_64                               59/84 
Test OLM installation	Arrange OLM test installation	2025-06-06T09:08:51.4575755Z #14 7.160   Installing       : grep-3.6-5.el9.x86_64                                60/84 
Test OLM installation	Arrange OLM test installation	2025-06-06T09:08:51.4576213Z #14 7.166   Installing       : pcre2-10.40-6.el9.x86_64                             61/84 
Test OLM installation	Arrange OLM test installation	2025-06-06T09:08:51.4576680Z #14 7.170   Installing       : libselinux-3.6-3.el9.x86_64                          62/84 
Test OLM installation	Arrange OLM test installation	2025-06-06T09:08:51.4577311Z #14 7.191   Installing       : coreutils-single-8.32-39.el9.x86_64                  63/84 
Test OLM installation	Arrange OLM test installation	2025-06-06T09:08:51.6106076Z #14 7.197   Installing       : sed-4.8-9.el9.x86_64                                 64/84 
Test OLM installation	Arrange OLM test installation	2025-06-06T09:08:51.7125287Z #14 7.200   Running scriptlet: ca-certificates-2024.2.69_v8.0.303-91.4.el9_4.noar   65/84 
Test OLM installation	Arrange OLM test installation	2025-06-06T09:08:51.8666532Z #14 7.452   Installing       : ca-certificates-2024.2.69_v8.0.303-91.4.el9_4.noar   65/84 
Test OLM installation	Arrange OLM test installation	2025-06-06T09:08:52.8097017Z #14 7.456   Running scriptlet: ca-certificates-2024.2.69_v8.0.303-91.4.el9_4.noar   65/84 
Test OLM installation	Arrange OLM test installation	2025-06-06T09:08:53.0226796Z #14 8.549   Installing       : python3-pip-wheel-21.3.1-1.el9.noarch                66/84 
Test OLM installation	Arrange OLM test installation	2025-06-06T09:08:53.0228152Z #14 8.557   Installing       : openssl-fips-provider-so-3.0.7-6.el9_5.x86_64        67/84 
Test OLM installation	Arrange OLM test installation	2025-06-06T09:08:53.0231347Z #14 8.559   Installing       : openssl-fips-provider-3.0.7-6.el9_5.x86_64           68/84 
Test OLM installation	Arrange OLM test installation	2025-06-06T09:08:53.0232215Z #14 8.584   Installing       : openssl-libs-1:3.2.2-6.el9_5.1.x86_64                69/84 
Test OLM installation	Arrange OLM test installation	2025-06-06T09:08:53.0233021Z #14 8.599   Installing       : krb5-libs-1.21.1-6.el9.x86_64                        70/84 
Test OLM installation	Arrange OLM test installation	2025-06-06T09:08:53.0233788Z #14 8.608   Installing       : libevent-2.1.12-8.el9_4.x86_64                       71/84 
Test OLM installation	Arrange OLM test installation	2025-06-06T09:08:53.4101820Z #14 8.612   Installing       : python3-3.9.21-2.el9.x86_64                          72/84 
Test OLM installation	Arrange OLM test installation	2025-06-06T09:08:53.5986259Z #14 9.145   Installing       : python3-libs-3.9.21-2.el9.x86_64                     73/84 
Test OLM installation	Arrange OLM test installation	2025-06-06T09:08:53.5987207Z #14 9.166   Installing       : crypto-policies-scripts-20250128-1.git5269e22.el9.   74/84 
Test OLM installation	Arrange OLM test installation	2025-06-06T09:08:53.5988065Z #14 9.174   Installing       : nss-sysinit-3.101.0-10.el9_2.x86_64                  75/84 
Test OLM installation	Arrange OLM test installation	2025-06-06T09:08:53.5988806Z #14 9.185   Installing       : nss-3.101.0-10.el9_2.x86_64                          76/84 
Test OLM installation	Arrange OLM test installation	2025-06-06T09:08:53.7013000Z #14 9.188   Running scriptlet: nss-3.101.0-10.el9_2.x86_64                          76/84 
Test OLM installation	Arrange OLM test installation	2025-06-06T09:08:53.8544975Z #14 9.441   Installing       : systemd-libs-252-51.el9.x86_64                       77/84 
Test OLM installation	Arrange OLM test installation	2025-06-06T09:08:53.9564048Z #14 9.444   Running scriptlet: systemd-libs-252-51.el9.x86_64                       77/84 
Test OLM installation	Arrange OLM test installation	2025-06-06T09:08:54.1462192Z #14 9.696   Installing       : dbus-libs-1:1.12.20-8.el9.x86_64                     78/84 
Test OLM installation	Arrange OLM test installation	2025-06-06T09:08:54.1463276Z #14 9.701   Installing       : avahi-libs-0.8-22.el9_6.x86_64                       79/84 
Test OLM installation	Arrange OLM test installation	2025-06-06T09:08:54.1464280Z #14 9.707   Installing       : cups-libs-1:2.3.3op2-33.el9.x86_64                   80/84 
Test OLM installation	Arrange OLM test installation	2025-06-06T09:08:54.1465254Z #14 9.714   Installing       : findutils-1:4.8.0-7.el9.x86_64                       81/84 
Test OLM installation	Arrange OLM test installation	2025-06-06T09:08:54.1465990Z #14 9.719   Installing       : copy-jdk-configs-4.0-3.el9.noarch                    82/84 
Test OLM installation	Arrange OLM test installation	2025-06-06T09:08:54.6597171Z #14 9.735   Installing       : alsa-lib-1.2.13-2.el9.x86_64                         83/84 
Test OLM installation	Arrange OLM test installation	2025-06-06T09:08:54.8159831Z #14 10.40   Installing       : java-21-openjdk-headless-1:21.0.7.0.6-1.el9.x86_64   84/84 
Test OLM installation	Arrange OLM test installation	2025-06-06T09:08:54.9228336Z #14 10.41   Running scriptlet: java-21-openjdk-headless-1:21.0.7.0.6-1.el9.x86_64   84/84 
Test OLM installation	Arrange OLM test installation	2025-06-06T09:08:55.1820246Z #14 10.66   Running scriptlet: filesystem-3.16-5.el9.x86_64                         84/84 
Test OLM installation	Arrange OLM test installation	2025-06-06T09:08:58.6625158Z #14 10.92   Running scriptlet: ca-certificates-2024.2.69_v8.0.303-91.4.el9_4.noar   84/84 
Test OLM installation	Arrange OLM test installation	2025-06-06T09:08:59.5373898Z #14 14.40   Running scriptlet: crypto-policies-scripts-20250128-1.git5269e22.el9.   84/84 
Test OLM installation	Arrange OLM test installation	2025-06-06T09:09:00.3306350Z #14 15.28   Running scriptlet: nss-3.101.0-10.el9_2.x86_64                          84/84 
Test OLM installation	Arrange OLM test installation	2025-06-06T09:09:00.5829803Z #14 16.07   Running scriptlet: copy-jdk-configs-4.0-3.el9.noarch                    84/84 
Test OLM installation	Arrange OLM test installation	2025-06-06T09:09:01.1301640Z #14 16.32   Running scriptlet: java-21-openjdk-headless-1:21.0.7.0.6-1.el9.x86_64   84/84 
Test OLM installation	Arrange OLM test installation	2025-06-06T09:09:01.1322711Z #14 16.87   Verifying        : alternatives-1.24-2.el9.x86_64                        1/84 
Test OLM installation	Arrange OLM test installation	2025-06-06T09:09:01.3157856Z #14 16.87   Verifying        : avahi-libs-0.8-22.el9_6.x86_64                        2/84 
Test OLM installation	Arrange OLM test installation	2025-06-06T09:09:01.3159178Z #14 16.87   Verifying        : basesystem-11-13.el9.noarch                           3/84 
Test OLM installation	Arrange OLM test installation	2025-06-06T09:09:01.3159951Z #14 16.87   Verifying        : bash-5.1.8-9.el9.x86_64                               4/84 
Test OLM installation	Arrange OLM test installation	2025-06-06T09:09:01.3160665Z #14 16.87   Verifying        : bzip2-libs-1.0.8-10.el9_5.x86_64                      5/84 
Test OLM installation	Arrange OLM test installation	2025-06-06T09:09:01.3161442Z #14 16.87   Verifying        : ca-certificates-2024.2.69_v8.0.303-91.4.el9_4.noar    6/84 
Test OLM installation	Arrange OLM test installation	2025-06-06T09:09:01.3162256Z #14 16.87   Verifying        : coreutils-single-8.32-39.el9.x86_64                   7/84 
Test OLM installation	Arrange OLM test installation	2025-06-06T09:09:01.3163209Z #14 16.87   Verifying        : crypto-policies-20250128-1.git5269e22.el9.noarch      8/84 
Test OLM installation	Arrange OLM test installation	2025-06-06T09:09:01.3163939Z #14 16.87   Verifying        : crypto-policies-scripts-20250128-1.git5269e22.el9.    9/84 
Test OLM installation	Arrange OLM test installation	2025-06-06T09:09:01.3164422Z #14 16.87   Verifying        : cups-libs-1:2.3.3op2-33.el9.x86_64                   10/84 
Test OLM installation	Arrange OLM test installation	2025-06-06T09:09:01.3164883Z #14 16.87   Verifying        : dbus-libs-1:1.12.20-8.el9.x86_64                     11/84 
Test OLM installation	Arrange OLM test installation	2025-06-06T09:09:01.3165308Z #14 16.87   Verifying        : expat-2.5.0-5.el9_6.x86_64                           12/84 
Test OLM installation	Arrange OLM test installation	2025-06-06T09:09:01.3165737Z #14 16.87   Verifying        : filesystem-3.16-5.el9.x86_64                         13/84 
Test OLM installation	Arrange OLM test installation	2025-06-06T09:09:01.3166166Z #14 16.87   Verifying        : findutils-1:4.8.0-7.el9.x86_64                       14/84 
Test OLM installation	Arrange OLM test installation	2025-06-06T09:09:01.3166576Z #14 16.87   Verifying        : gawk-5.1.0-6.el9.x86_64                              15/84 
Test OLM installation	Arrange OLM test installation	2025-06-06T09:09:01.3166996Z #14 16.87   Verifying        : gdbm-libs-1:1.23-1.el9.x86_64                        16/84 
Test OLM installation	Arrange OLM test installation	2025-06-06T09:09:01.3167433Z #14 16.87   Verifying        : glibc-2.34-168.el9_6.14.x86_64                       17/84 
Test OLM installation	Arrange OLM test installation	2025-06-06T09:09:01.3167857Z #14 16.87   Verifying        : glibc-common-2.34-168.el9_6.14.x86_64                18/84 
Test OLM installation	Arrange OLM test installation	2025-06-06T09:09:01.3168301Z #14 16.87   Verifying        : glibc-langpack-en-2.34-168.el9_6.14.x86_64           19/84 
Test OLM installation	Arrange OLM test installation	2025-06-06T09:09:01.3168723Z #14 16.87   Verifying        : gmp-1:6.2.0-13.el9.x86_64                            20/84 
Test OLM installation	Arrange OLM test installation	2025-06-06T09:09:01.3169385Z #14 16.87   Verifying        : gnutls-3.8.3-6.el9.x86_64                            21/84 
Test OLM installation	Arrange OLM test installation	2025-06-06T09:09:01.3169802Z #14 16.87   Verifying        : grep-3.6-5.el9.x86_64                                22/84 
Test OLM installation	Arrange OLM test installation	2025-06-06T09:09:01.3170228Z #14 16.87   Verifying        : keyutils-libs-1.6.3-1.el9.x86_64                     23/84 
Test OLM installation	Arrange OLM test installation	2025-06-06T09:09:01.3170657Z #14 16.87   Verifying        : krb5-libs-1.21.1-6.el9.x86_64                        24/84 
Test OLM installation	Arrange OLM test installation	2025-06-06T09:09:01.3171079Z #14 16.87   Verifying        : libacl-2.3.1-4.el9.x86_64                            25/84 
Test OLM installation	Arrange OLM test installation	2025-06-06T09:09:01.3171492Z #14 16.87   Verifying        : libattr-2.5.1-3.el9.x86_64                           26/84 
Test OLM installation	Arrange OLM test installation	2025-06-06T09:09:01.3171905Z #14 16.87   Verifying        : libcap-2.48-9.el9_2.x86_64                           27/84 
Test OLM installation	Arrange OLM test installation	2025-06-06T09:09:01.3172324Z #14 16.87   Verifying        : libcom_err-1.46.5-7.el9.x86_64                       28/84 
Test OLM installation	Arrange OLM test installation	2025-06-06T09:09:01.3172744Z #14 16.87   Verifying        : libevent-2.1.12-8.el9_4.x86_64                       29/84 
Test OLM installation	Arrange OLM test installation	2025-06-06T09:09:01.3173162Z #14 16.87   Verifying        : libffi-3.4.2-8.el9.x86_64                            30/84 
Test OLM installation	Arrange OLM test installation	2025-06-06T09:09:01.3173570Z #14 16.87   Verifying        : libgcc-11.5.0-5.el9_5.x86_64                         31/84 
Test OLM installation	Arrange OLM test installation	2025-06-06T09:09:01.3173994Z #14 16.87   Verifying        : libgcrypt-1.10.0-11.el9.x86_64                       32/84 
Test OLM installation	Arrange OLM test installation	2025-06-06T09:09:01.3174803Z #14 16.87   Verifying        : libgpg-error-1.42-5.el9.x86_64                       33/84 
Test OLM installation	Arrange OLM test installation	2025-06-06T09:09:01.3175257Z #14 16.87   Verifying        : libidn2-2.3.0-7.el9.x86_64                           34/84 
Test OLM installation	Arrange OLM test installation	2025-06-06T09:09:01.3175684Z #14 16.87   Verifying        : libselinux-3.6-3.el9.x86_64                          35/84 
Test OLM installation	Arrange OLM test installation	2025-06-06T09:09:01.3176112Z #14 16.87   Verifying        : libsepol-3.6-2.el9.x86_64                            36/84 
Test OLM installation	Arrange OLM test installation	2025-06-06T09:09:01.3176683Z #14 16.87   Verifying        : libsigsegv-2.13-4.el9.x86_64                         37/84 
Test OLM installation	Arrange OLM test installation	2025-06-06T09:09:01.3177108Z #14 16.87   Verifying        : libtasn1-4.16.0-9.el9.x86_64                         38/84 
Test OLM installation	Arrange OLM test installation	2025-06-06T09:09:01.3177537Z #14 16.87   Verifying        : libunistring-0.9.10-15.el9.x86_64                    39/84 
Test OLM installation	Arrange OLM test installation	2025-06-06T09:09:01.3177978Z #14 16.87   Verifying        : libuuid-2.37.4-21.el9.x86_64                         40/84 
Test OLM installation	Arrange OLM test installation	2025-06-06T09:09:01.3178407Z #14 16.87   Verifying        : libverto-0.3.2-3.el9.x86_64                          41/84 
Test OLM installation	Arrange OLM test installation	2025-06-06T09:09:01.3178841Z #14 16.87   Verifying        : libxcrypt-4.4.18-3.el9.x86_64                        42/84 
Test OLM installation	Arrange OLM test installation	2025-06-06T09:09:01.3179602Z #14 16.87   Verifying        : libzstd-1.5.5-1.el9.x86_64                           43/84 
Test OLM installation	Arrange OLM test installation	2025-06-06T09:09:01.3180048Z #14 16.87   Verifying        : lksctp-tools-1.0.19-3.el9_4.x86_64                   44/84 
Test OLM installation	Arrange OLM test installation	2025-06-06T09:09:01.3180489Z #14 16.87   Verifying        : lua-libs-5.4.4-4.el9.x86_64                          45/84 
Test OLM installation	Arrange OLM test installation	2025-06-06T09:09:01.3180904Z #14 16.87   Verifying        : lz4-libs-1.9.3-5.el9.x86_64                          46/84 
Test OLM installation	Arrange OLM test installation	2025-06-06T09:09:01.3181317Z #14 16.87   Verifying        : mpfr-4.1.0-7.el9.x86_64                              47/84 
Test OLM installation	Arrange OLM test installation	2025-06-06T09:09:01.3181747Z #14 16.87   Verifying        : ncurses-base-6.2-10.20210508.el9.noarch              48/84 
Test OLM installation	Arrange OLM test installation	2025-06-06T09:09:01.3182184Z #14 16.87   Verifying        : ncurses-libs-6.2-10.20210508.el9.x86_64              49/84 
Test OLM installation	Arrange OLM test installation	2025-06-06T09:09:01.3182608Z #14 16.87   Verifying        : nettle-3.10.1-1.el9.x86_64                           50/84 
Test OLM installation	Arrange OLM test installation	2025-06-06T09:09:01.3183050Z #14 16.87   Verifying        : openssl-fips-provider-3.0.7-6.el9_5.x86_64           51/84 
Test OLM installation	Arrange OLM test installation	2025-06-06T09:09:01.3183514Z #14 16.87   Verifying        : openssl-fips-provider-so-3.0.7-6.el9_5.x86_64        52/84 
Test OLM installation	Arrange OLM test installation	2025-06-06T09:09:01.3183958Z #14 16.87   Verifying        : openssl-libs-1:3.2.2-6.el9_5.1.x86_64                53/84 
Test OLM installation	Arrange OLM test installation	2025-06-06T09:09:01.3184385Z #14 16.87   Verifying        : p11-kit-0.25.3-3.el9_5.x86_64                        54/84 
Test OLM installation	Arrange OLM test installation	2025-06-06T09:09:01.3184800Z #14 16.87   Verifying        : p11-kit-trust-0.25.3-3.el9_5.x86_64                  55/84 
Test OLM installation	Arrange OLM test installation	2025-06-06T09:09:01.3185218Z #14 16.87   Verifying        : pcre-8.44-4.el9.x86_64                               56/84 
Test OLM installation	Arrange OLM test installation	2025-06-06T09:09:01.3185627Z #14 16.87   Verifying        : pcre2-10.40-6.el9.x86_64                             57/84 
Test OLM installation	Arrange OLM test installation	2025-06-06T09:09:01.3186207Z #14 16.87   Verifying        : pcre2-syntax-10.40-6.el9.noarch                      58/84 
Test OLM installation	Arrange OLM test installation	2025-06-06T09:09:01.3186654Z #14 16.87   Verifying        : python3-3.9.21-2.el9.x86_64                          59/84 
Test OLM installation	Arrange OLM test installation	2025-06-06T09:09:01.3187206Z #14 16.87   Verifying        : python3-libs-3.9.21-2.el9.x86_64                     60/84 
Test OLM installation	Arrange OLM test installation	2025-06-06T09:09:01.3187767Z #14 16.87   Verifying        : python3-pip-wheel-21.3.1-1.el9.noarch                61/84 
Test OLM installation	Arrange OLM test installation	2025-06-06T09:09:01.3188252Z #14 16.87   Verifying        : python3-setuptools-wheel-53.0.0-13.el9.noarch        62/84 
Test OLM installation	Arrange OLM test installation	2025-06-06T09:09:01.3188806Z #14 16.87   Verifying        : readline-8.1-4.el9.x86_64                            63/84 
Test OLM installation	Arrange OLM test installation	2025-06-06T09:09:01.3189514Z #14 16.87   Verifying        : redhat-release-9.6-0.1.el9.x86_64                    64/84 
Test OLM installation	Arrange OLM test installation	2025-06-06T09:09:01.3190153Z #14 16.88   Verifying        : sed-4.8-9.el9.x86_64                                 65/84 
Test OLM installation	Arrange OLM test installation	2025-06-06T09:09:01.3190632Z #14 16.88   Verifying        : setup-2.13.7-10.el9.noarch                           66/84 
Test OLM installation	Arrange OLM test installation	2025-06-06T09:09:01.3191217Z #14 16.88   Verifying        : sqlite-libs-3.34.1-7.el9_3.x86_64                    67/84 
Test OLM installation	Arrange OLM test installation	2025-06-06T09:09:01.3191649Z #14 16.88   Verifying        : systemd-libs-252-51.el9.x86_64                       68/84 
Test OLM installation	Arrange OLM test installation	2025-06-06T09:09:01.3192085Z #14 16.88   Verifying        : tzdata-2025b-1.el9.noarch                            69/84 
Test OLM installation	Arrange OLM test installation	2025-06-06T09:09:01.3192515Z #14 16.88   Verifying        : xz-libs-5.2.5-8.el9_0.x86_64                         70/84 
Test OLM installation	Arrange OLM test installation	2025-06-06T09:09:01.3193059Z #14 16.88   Verifying        : zlib-1.2.11-40.el9.x86_64                            71/84 
Test OLM installation	Arrange OLM test installation	2025-06-06T09:09:01.3193498Z #14 16.88   Verifying        : copy-jdk-configs-4.0-3.el9.noarch                    72/84 
Test OLM installation	Arrange OLM test installation	2025-06-06T09:09:01.3193924Z #14 16.88   Verifying        : lua-5.4.4-4.el9.x86_64                               73/84 
Test OLM installation	Arrange OLM test installation	2025-06-06T09:09:01.3194338Z #14 16.88   Verifying        : lua-posix-35.0-8.el9.x86_64                          74/84 
Test OLM installation	Arrange OLM test installation	2025-06-06T09:09:01.3194758Z #14 16.88   Verifying        : alsa-lib-1.2.13-2.el9.x86_64                         75/84 
Test OLM installation	Arrange OLM test installation	2025-06-06T09:09:01.3195193Z #14 16.88   Verifying        : java-21-openjdk-headless-1:21.0.7.0.6-1.el9.x86_64   76/84 
Test OLM installation	Arrange OLM test installation	2025-06-06T09:09:01.3195650Z #14 16.88   Verifying        : javapackages-filesystem-6.4.0-1.el9.noarch           77/84 
Test OLM installation	Arrange OLM test installation	2025-06-06T09:09:01.3196095Z #14 16.88   Verifying        : nspr-4.35.0-17.el9_2.x86_64                          78/84 
Test OLM installation	Arrange OLM test installation	2025-06-06T09:09:01.3196503Z #14 16.88   Verifying        : nss-3.101.0-10.el9_2.x86_64                          79/84 
Test OLM installation	Arrange OLM test installation	2025-06-06T09:09:01.3196922Z #14 16.88   Verifying        : nss-softokn-3.101.0-10.el9_2.x86_64                  80/84 
Test OLM installation	Arrange OLM test installation	2025-06-06T09:09:01.3197362Z #14 16.88   Verifying        : nss-softokn-freebl-3.101.0-10.el9_2.x86_64           81/84 
Test OLM installation	Arrange OLM test installation	2025-06-06T09:09:01.3197796Z #14 16.88   Verifying        : nss-sysinit-3.101.0-10.el9_2.x86_64                  82/84 
Test OLM installation	Arrange OLM test installation	2025-06-06T09:09:01.3198216Z #14 16.88   Verifying        : nss-util-3.101.0-10.el9_2.x86_64                     83/84 
Test OLM installation	Arrange OLM test installation	2025-06-06T09:09:01.3198648Z #14 16.88   Verifying        : tzdata-java-2025b-1.el9.noarch                       84/84 
Test OLM installation	Arrange OLM test installation	2025-06-06T09:09:01.3199391Z #14 16.94 Installed products updated.
Test OLM installation	Arrange OLM test installation	2025-06-06T09:09:01.3199646Z #14 16.95 
Test OLM installation	Arrange OLM test installation	2025-06-06T09:09:01.3199819Z #14 16.95 Installed:
Test OLM installation	Arrange OLM test installation	2025-06-06T09:09:01.3200111Z #14 16.95   alsa-lib-1.2.13-2.el9.x86_64                                                  
Test OLM installation	Arrange OLM test installation	2025-06-06T09:09:01.3200541Z #14 16.95   alternatives-1.24-2.el9.x86_64                                                
Test OLM installation	Arrange OLM test installation	2025-06-06T09:09:01.3201078Z #14 16.95   avahi-libs-0.8-22.el9_6.x86_64                                                
Test OLM installation	Arrange OLM test installation	2025-06-06T09:09:01.3201698Z #14 16.95   basesystem-11-13.el9.noarch                                                   
Test OLM installation	Arrange OLM test installation	2025-06-06T09:09:01.3202101Z #14 16.95   bash-5.1.8-9.el9.x86_64                                                       
Test OLM installation	Arrange OLM test installation	2025-06-06T09:09:01.3202494Z #14 16.95   bzip2-libs-1.0.8-10.el9_5.x86_64                                              
Test OLM installation	Arrange OLM test installation	2025-06-06T09:09:01.3202940Z #14 16.95   ca-certificates-2024.2.69_v8.0.303-91.4.el9_4.noarch                          
Test OLM installation	Arrange OLM test installation	2025-06-06T09:09:01.3203402Z #14 16.95   copy-jdk-configs-4.0-3.el9.noarch                                             
Test OLM installation	Arrange OLM test installation	2025-06-06T09:09:01.3203852Z #14 16.95   coreutils-single-8.32-39.el9.x86_64                                           
Test OLM installation	Arrange OLM test installation	2025-06-06T09:09:01.3204327Z #14 16.95   crypto-policies-20250128-1.git5269e22.el9.noarch                              
Test OLM installation	Arrange OLM test installation	2025-06-06T09:09:01.3204843Z #14 16.95   crypto-policies-scripts-20250128-1.git5269e22.el9.noarch                      
Test OLM installation	Arrange OLM test installation	2025-06-06T09:09:01.3205316Z #14 16.95   cups-libs-1:2.3.3op2-33.el9.x86_64                                            
Test OLM installation	Arrange OLM test installation	2025-06-06T09:09:01.3205722Z #14 16.95   dbus-libs-1:1.12.20-8.el9.x86_64                                              
Test OLM installation	Arrange OLM test installation	2025-06-06T09:09:01.3206113Z #14 16.95   expat-2.5.0-5.el9_6.x86_64                                                    
Test OLM installation	Arrange OLM test installation	2025-06-06T09:09:01.3206509Z #14 16.95   filesystem-3.16-5.el9.x86_64                                                  
Test OLM installation	Arrange OLM test installation	2025-06-06T09:09:01.3207060Z #14 16.95   findutils-1:4.8.0-7.el9.x86_64                                                
Test OLM installation	Arrange OLM test installation	2025-06-06T09:09:01.3207449Z #14 16.95   gawk-5.1.0-6.el9.x86_64                                                       
Test OLM installation	Arrange OLM test installation	2025-06-06T09:09:01.3207826Z #14 16.95   gdbm-libs-1:1.23-1.el9.x86_64                                                 
Test OLM installation	Arrange OLM test installation	2025-06-06T09:09:01.3208328Z #14 16.95   glibc-2.34-168.el9_6.14.x86_64                                                
Test OLM installation	Arrange OLM test installation	2025-06-06T09:09:01.3208738Z #14 16.95   glibc-common-2.34-168.el9_6.14.x86_64                                         
Test OLM installation	Arrange OLM test installation	2025-06-06T09:09:01.3209483Z #14 16.95   glibc-langpack-en-2.34-168.el9_6.14.x86_64                                    
Test OLM installation	Arrange OLM test installation	2025-06-06T09:09:01.3209899Z #14 16.95   gmp-1:6.2.0-13.el9.x86_64                                                     
Test OLM installation	Arrange OLM test installation	2025-06-06T09:09:01.3210272Z #14 16.95   gnutls-3.8.3-6.el9.x86_64                                                     
Test OLM installation	Arrange OLM test installation	2025-06-06T09:09:01.3210647Z #14 16.95   grep-3.6-5.el9.x86_64                                                         
Test OLM installation	Arrange OLM test installation	2025-06-06T09:09:01.3211072Z #14 16.95   java-21-openjdk-headless-1:21.0.7.0.6-1.el9.x86_64                            
Test OLM installation	Arrange OLM test installation	2025-06-06T09:09:01.3211554Z #14 16.95   javapackages-filesystem-6.4.0-1.el9.noarch                                    
Test OLM installation	Arrange OLM test installation	2025-06-06T09:09:01.3212015Z #14 16.95   keyutils-libs-1.6.3-1.el9.x86_64                                              
Test OLM installation	Arrange OLM test installation	2025-06-06T09:09:01.3212427Z #14 16.95   krb5-libs-1.21.1-6.el9.x86_64                                                 
Test OLM installation	Arrange OLM test installation	2025-06-06T09:09:01.3212820Z #14 16.95   libacl-2.3.1-4.el9.x86_64                                                     
Test OLM installation	Arrange OLM test installation	2025-06-06T09:09:01.3213201Z #14 16.95   libattr-2.5.1-3.el9.x86_64                                                    
Test OLM installation	Arrange OLM test installation	2025-06-06T09:09:01.3213586Z #14 16.95   libcap-2.48-9.el9_2.x86_64                                                    
Test OLM installation	Arrange OLM test installation	2025-06-06T09:09:01.3213965Z #14 16.95   libcom_err-1.46.5-7.el9.x86_64                                                
Test OLM installation	Arrange OLM test installation	2025-06-06T09:09:01.3214365Z #14 16.95   libevent-2.1.12-8.el9_4.x86_64                                                
Test OLM installation	Arrange OLM test installation	2025-06-06T09:09:01.3214752Z #14 16.95   libffi-3.4.2-8.el9.x86_64                                                     
Test OLM installation	Arrange OLM test installation	2025-06-06T09:09:01.3215219Z #14 16.95   libgcc-11.5.0-5.el9_5.x86_64                                                  
Test OLM installation	Arrange OLM test installation	2025-06-06T09:09:01.3215685Z #14 16.95   libgcrypt-1.10.0-11.el9.x86_64                                                
Test OLM installation	Arrange OLM test installation	2025-06-06T09:09:01.3216219Z #14 16.95   libgpg-error-1.42-5.el9.x86_64                                                
Test OLM installation	Arrange OLM test installation	2025-06-06T09:09:01.3216659Z #14 16.95   libidn2-2.3.0-7.el9.x86_64                                                    
Test OLM installation	Arrange OLM test installation	2025-06-06T09:09:01.3217161Z #14 16.95   libselinux-3.6-3.el9.x86_64                                                   
Test OLM installation	Arrange OLM test installation	2025-06-06T09:09:01.3217563Z #14 16.95   libsepol-3.6-2.el9.x86_64                                                     
Test OLM installation	Arrange OLM test installation	2025-06-06T09:09:01.3218075Z #14 16.95   libsigsegv-2.13-4.el9.x86_64                                                  
Test OLM installation	Arrange OLM test installation	2025-06-06T09:09:01.3218597Z #14 16.95   libtasn1-4.16.0-9.el9.x86_64                                                  
Test OLM installation	Arrange OLM test installation	2025-06-06T09:09:01.3219235Z #14 16.95   libunistring-0.9.10-15.el9.x86_64                                             
Test OLM installation	Arrange OLM test installation	2025-06-06T09:09:01.3219651Z #14 16.95   libuuid-2.37.4-21.el9.x86_64                                                  
Test OLM installation	Arrange OLM test installation	2025-06-06T09:09:01.3220164Z #14 16.95   libverto-0.3.2-3.el9.x86_64                                                   
Test OLM installation	Arrange OLM test installation	2025-06-06T09:09:01.3220573Z #14 16.95   libxcrypt-4.4.18-3.el9.x86_64                                                 
Test OLM installation	Arrange OLM test installation	2025-06-06T09:09:01.3221069Z #14 16.95   libzstd-1.5.5-1.el9.x86_64                                                    
Test OLM installation	Arrange OLM test installation	2025-06-06T09:09:01.3221560Z #14 16.95   lksctp-tools-1.0.19-3.el9_4.x86_64                                            
Test OLM installation	Arrange OLM test installation	2025-06-06T09:09:01.3221973Z #14 16.95   lua-5.4.4-4.el9.x86_64                                                        
Test OLM installation	Arrange OLM test installation	2025-06-06T09:09:01.3222724Z #14 16.95   lua-libs-5.4.4-4.el9.x86_64                                                   
Test OLM installation	Arrange OLM test installation	2025-06-06T09:09:01.3223387Z #14 16.95   lua-posix-35.0-8.el9.x86_64                                                   
Test OLM installation	Arrange OLM test installation	2025-06-06T09:09:01.3223790Z #14 16.95   lz4-libs-1.9.3-5.el9.x86_64                                                   
Test OLM installation	Arrange OLM test installation	2025-06-06T09:09:01.3224171Z #14 16.95   mpfr-4.1.0-7.el9.x86_64                                                       
Test OLM installation	Arrange OLM test installation	2025-06-06T09:09:01.3224724Z #14 16.95   ncurses-base-6.2-10.20210508.el9.noarch                                       
Test OLM installation	Arrange OLM test installation	2025-06-06T09:09:01.3225177Z #14 16.95   ncurses-libs-6.2-10.20210508.el9.x86_64                                       
Test OLM installation	Arrange OLM test installation	2025-06-06T09:09:01.3225596Z #14 16.95   nettle-3.10.1-1.el9.x86_64                                                    
Test OLM installation	Arrange OLM test installation	2025-06-06T09:09:01.3225979Z #14 16.95   nspr-4.35.0-17.el9_2.x86_64                                                   
Test OLM installation	Arrange OLM test installation	2025-06-06T09:09:01.3226353Z #14 16.95   nss-3.101.0-10.el9_2.x86_64                                                   
Test OLM installation	Arrange OLM test installation	2025-06-06T09:09:01.3226887Z #14 16.95   nss-softokn-3.101.0-10.el9_2.x86_64                                           
Test OLM installation	Arrange OLM test installation	2025-06-06T09:09:01.3227418Z #14 16.95   nss-softokn-freebl-3.101.0-10.el9_2.x86_64                                    
Test OLM installation	Arrange OLM test installation	2025-06-06T09:09:01.3227878Z #14 16.95   nss-sysinit-3.101.0-10.el9_2.x86_64                                           
Test OLM installation	Arrange OLM test installation	2025-06-06T09:09:01.3228394Z #14 16.95   nss-util-3.101.0-10.el9_2.x86_64                                              
Test OLM installation	Arrange OLM test installation	2025-06-06T09:09:01.3228836Z #14 16.95   openssl-fips-provider-3.0.7-6.el9_5.x86_64                                    
Test OLM installation	Arrange OLM test installation	2025-06-06T09:09:01.3229523Z #14 16.95   openssl-fips-provider-so-3.0.7-6.el9_5.x86_64                                 
Test OLM installation	Arrange OLM test installation	2025-06-06T09:09:01.3230105Z #14 16.95   openssl-libs-1:3.2.2-6.el9_5.1.x86_64                                         
Test OLM installation	Arrange OLM test installation	2025-06-06T09:09:01.3230514Z #14 16.95   p11-kit-0.25.3-3.el9_5.x86_64                                                 
Test OLM installation	Arrange OLM test installation	2025-06-06T09:09:01.3231029Z #14 16.95   p11-kit-trust-0.25.3-3.el9_5.x86_64                                           
Test OLM installation	Arrange OLM test installation	2025-06-06T09:09:01.3231424Z #14 16.95   pcre-8.44-4.el9.x86_64                                                        
Test OLM installation	Arrange OLM test installation	2025-06-06T09:09:01.3231912Z #14 16.95   pcre2-10.40-6.el9.x86_64                                                      
Test OLM installation	Arrange OLM test installation	2025-06-06T09:09:01.3232386Z #14 16.95   pcre2-syntax-10.40-6.el9.noarch                                               
Test OLM installation	Arrange OLM test installation	2025-06-06T09:09:01.3232852Z #14 16.95   python3-3.9.21-2.el9.x86_64                                                   
Test OLM installation	Arrange OLM test installation	2025-06-06T09:09:01.3233384Z #14 16.95   python3-libs-3.9.21-2.el9.x86_64                                              
Test OLM installation	Arrange OLM test installation	2025-06-06T09:09:01.3234119Z #14 16.95   python3-pip-wheel-21.3.1-1.el9.noarch                                         
Test OLM installation	Arrange OLM test installation	2025-06-06T09:09:01.3234631Z #14 16.95   python3-setuptools-wheel-53.0.0-13.el9.noarch                                 
Test OLM installation	Arrange OLM test installation	2025-06-06T09:09:01.3235077Z #14 16.95   readline-8.1-4.el9.x86_64                                                     
Test OLM installation	Arrange OLM test installation	2025-06-06T09:09:01.3235509Z #14 16.95   redhat-release-9.6-0.1.el9.x86_64                                             
Test OLM installation	Arrange OLM test installation	2025-06-06T09:09:01.3235907Z #14 16.95   sed-4.8-9.el9.x86_64                                                          
Test OLM installation	Arrange OLM test installation	2025-06-06T09:09:01.3236283Z #14 16.95   setup-2.13.7-10.el9.noarch                                                    
Test OLM installation	Arrange OLM test installation	2025-06-06T09:09:01.3236698Z #14 16.95   sqlite-libs-3.34.1-7.el9_3.x86_64                                             
Test OLM installation	Arrange OLM test installation	2025-06-06T09:09:01.3237111Z #14 16.95   systemd-libs-252-51.el9.x86_64                                                
Test OLM installation	Arrange OLM test installation	2025-06-06T09:09:01.3237529Z #14 16.95   tzdata-2025b-1.el9.noarch                                                     
Test OLM installation	Arrange OLM test installation	2025-06-06T09:09:01.3237958Z #14 16.95   tzdata-java-2025b-1.el9.noarch                                                
Test OLM installation	Arrange OLM test installation	2025-06-06T09:09:01.3238372Z #14 16.95   xz-libs-5.2.5-8.el9_0.x86_64                                                  
Test OLM installation	Arrange OLM test installation	2025-06-06T09:09:01.3239059Z #14 16.95   zlib-1.2.11-40.el9.x86_64                                                     
Test OLM installation	Arrange OLM test installation	2025-06-06T09:09:01.3239369Z #14 16.95 
Test OLM installation	Arrange OLM test installation	2025-06-06T09:09:01.3239540Z #14 16.95 Complete!
Test OLM installation	Arrange OLM test installation	2025-06-06T09:09:01.3239792Z #14 17.06 + dnf --installroot /tmp/null/rootfs clean all
Test OLM installation	Arrange OLM test installation	2025-06-06T09:09:01.5468079Z #14 17.29 Updating Subscription Management repositories.
Test OLM installation	Arrange OLM test installation	2025-06-06T09:09:01.7481709Z #14 17.29 Unable to read consumer identity
Test OLM installation	Arrange OLM test installation	2025-06-06T09:09:01.7482436Z #14 17.29 
Test OLM installation	Arrange OLM test installation	2025-06-06T09:09:01.7483005Z #14 17.29 This system is not registered with an entitlement server. You can use subscription-manager to register.
Test OLM installation	Arrange OLM test installation	2025-06-06T09:09:01.7483497Z #14 17.29 
Test OLM installation	Arrange OLM test installation	2025-06-06T09:09:01.7483688Z #14 17.30 26 files removed
Test OLM installation	Arrange OLM test installation	2025-06-06T09:09:01.7484725Z #14 17.33 + rm -rf /tmp/null/rootfs/var/cache/bpf /tmp/null/rootfs/var/cache/dnf /tmp/null/rootfs/var/cache/ldconfig /tmp/null/rootfs/var/log/dnf.librepo.log /tmp/null/rootfs/var/log/dnf.log /tmp/null/rootfs/var/log/dnf.rpm.log '/tmp/null/rootfs/var/log/yum.*'
Test OLM installation	Arrange OLM test installation	2025-06-06T09:09:01.7485920Z #14 17.34 ==> Building dependency tree
Test OLM installation	Arrange OLM test installation	2025-06-06T09:09:01.9874407Z #14 17.73 ==> 42 packages to erase:
Test OLM installation	Arrange OLM test installation	2025-06-06T09:09:02.1426771Z #14 17.73 alsa-lib
Test OLM installation	Arrange OLM test installation	2025-06-06T09:09:02.1427246Z #14 17.73 avahi-libs
Test OLM installation	Arrange OLM test installation	2025-06-06T09:09:02.1427551Z #14 17.73 bzip2-libs
Test OLM installation	Arrange OLM test installation	2025-06-06T09:09:02.1427786Z #14 17.73 copy-jdk-configs
Test OLM installation	Arrange OLM test installation	2025-06-06T09:09:02.1428035Z #14 17.73 cups-libs
Test OLM installation	Arrange OLM test installation	2025-06-06T09:09:02.1428247Z #14 17.73 dbus-libs
Test OLM installation	Arrange OLM test installation	2025-06-06T09:09:02.1428479Z #14 17.73 expat
Test OLM installation	Arrange OLM test installation	2025-06-06T09:09:02.1428675Z #14 17.73 gawk
Test OLM installation	Arrange OLM test installation	2025-06-06T09:09:02.1429032Z #14 17.73 gdbm-libs
Test OLM installation	Arrange OLM test installation	2025-06-06T09:09:02.1429283Z #14 17.73 gmp
Test OLM installation	Arrange OLM test installation	2025-06-06T09:09:02.1429477Z #14 17.73 gnutls
Test OLM installation	Arrange OLM test installation	2025-06-06T09:09:02.1429681Z #14 17.73 gpg-pubkey
Test OLM installation	Arrange OLM test installation	2025-06-06T09:09:02.1429899Z #14 17.73 keyutils-libs
Test OLM installation	Arrange OLM test installation	2025-06-06T09:09:02.1430115Z #14 17.73 krb5-libs
Test OLM installation	Arrange OLM test installation	2025-06-06T09:09:02.1430313Z #14 17.73 libcom_err
Test OLM installation	Arrange OLM test installation	2025-06-06T09:09:02.1430513Z #14 17.73 libevent
Test OLM installation	Arrange OLM test installation	2025-06-06T09:09:02.1430708Z #14 17.73 libffi
Test OLM installation	Arrange OLM test installation	2025-06-06T09:09:02.1430905Z #14 17.73 libgcrypt
Test OLM installation	Arrange OLM test installation	2025-06-06T09:09:02.1431110Z #14 17.73 libgpg-error
Test OLM installation	Arrange OLM test installation	2025-06-06T09:09:02.1431335Z #14 17.73 libidn2
Test OLM installation	Arrange OLM test installation	2025-06-06T09:09:02.1431534Z #14 17.73 libunistring
Test OLM installation	Arrange OLM test installation	2025-06-06T09:09:02.1431739Z #14 17.73 libuuid
Test OLM installation	Arrange OLM test installation	2025-06-06T09:09:02.1431937Z #14 17.73 libverto
Test OLM installation	Arrange OLM test installation	2025-06-06T09:09:02.1432142Z #14 17.73 libxcrypt
Test OLM installation	Arrange OLM test installation	2025-06-06T09:09:02.1432344Z #14 17.73 libzstd
Test OLM installation	Arrange OLM test installation	2025-06-06T09:09:02.1432541Z #14 17.73 lua
Test OLM installation	Arrange OLM test installation	2025-06-06T09:09:02.1432731Z #14 17.73 lua-libs
Test OLM installation	Arrange OLM test installation	2025-06-06T09:09:02.1432934Z #14 17.73 lua-posix
Test OLM installation	Arrange OLM test installation	2025-06-06T09:09:02.1433132Z #14 17.73 lz4-libs
Test OLM installation	Arrange OLM test installation	2025-06-06T09:09:02.1433324Z #14 17.73 mpfr
Test OLM installation	Arrange OLM test installation	2025-06-06T09:09:02.1433513Z #14 17.73 nettle
Test OLM installation	Arrange OLM test installation	2025-06-06T09:09:02.1433732Z #14 17.73 openssl-fips-provider
Test OLM installation	Arrange OLM test installation	2025-06-06T09:09:02.1434010Z #14 17.73 openssl-fips-provider-so
Test OLM installation	Arrange OLM test installation	2025-06-06T09:09:02.1434276Z #14 17.73 openssl-libs
Test OLM installation	Arrange OLM test installation	2025-06-06T09:09:02.1434495Z #14 17.73 p11-kit
Test OLM installation	Arrange OLM test installation	2025-06-06T09:09:02.1434692Z #14 17.73 python3
Test OLM installation	Arrange OLM test installation	2025-06-06T09:09:02.1434898Z #14 17.73 python3-libs
Test OLM installation	Arrange OLM test installation	2025-06-06T09:09:02.1435124Z #14 17.73 python3-pip-wheel
Test OLM installation	Arrange OLM test installation	2025-06-06T09:09:02.1435384Z #14 17.73 python3-setuptools-wheel
Test OLM installation	Arrange OLM test installation	2025-06-06T09:09:02.1435647Z #14 17.73 readline
Test OLM installation	Arrange OLM test installation	2025-06-06T09:09:02.1435847Z #14 17.73 systemd-libs
Test OLM installation	Arrange OLM test installation	2025-06-06T09:09:02.1436057Z #14 17.73 xz-libs
Test OLM installation	Arrange OLM test installation	2025-06-06T09:09:02.1436264Z #14 17.73 ==> 43 packages to keep:
Test OLM installation	Arrange OLM test installation	2025-06-06T09:09:02.1436516Z #14 17.73 alternatives
Test OLM installation	Arrange OLM test installation	2025-06-06T09:09:02.1436726Z #14 17.73 basesystem
Test OLM installation	Arrange OLM test installation	2025-06-06T09:09:02.1436929Z #14 17.73 bash
Test OLM installation	Arrange OLM test installation	2025-06-06T09:09:02.1437130Z #14 17.73 ca-certificates
Test OLM installation	Arrange OLM test installation	2025-06-06T09:09:02.1437381Z #14 17.73 coreutils-single
Test OLM installation	Arrange OLM test installation	2025-06-06T09:09:02.1437623Z #14 17.73 crypto-policies
Test OLM installation	Arrange OLM test installation	2025-06-06T09:09:02.1437867Z #14 17.73 crypto-policies-scripts
Test OLM installation	Arrange OLM test installation	2025-06-06T09:09:02.1438128Z #14 17.73 filesystem
Test OLM installation	Arrange OLM test installation	2025-06-06T09:09:02.1438332Z #14 17.73 findutils
Test OLM installation	Arrange OLM test installation	2025-06-06T09:09:02.1438531Z #14 17.73 glibc
Test OLM installation	Arrange OLM test installation	2025-06-06T09:09:02.1438728Z #14 17.73 glibc-common
Test OLM installation	Arrange OLM test installation	2025-06-06T09:09:02.1439139Z #14 17.73 glibc-langpack-en
Test OLM installation	Arrange OLM test installation	2025-06-06T09:09:02.1439374Z #14 17.73 grep
Test OLM installation	Arrange OLM test installation	2025-06-06T09:09:02.1439566Z #14 17.73 java-21-openjdk-headless
Test OLM installation	Arrange OLM test installation	2025-06-06T09:09:02.1439807Z #14 17.73 javapackages-filesystem
Test OLM installation	Arrange OLM test installation	2025-06-06T09:09:02.1440319Z #14 17.73 libacl
Test OLM installation	Arrange OLM test installation	2025-06-06T09:09:02.1440495Z #14 17.73 libattr
Test OLM installation	Arrange OLM test installation	2025-06-06T09:09:02.1440665Z #14 17.73 libcap
Test OLM installation	Arrange OLM test installation	2025-06-06T09:09:02.1440833Z #14 17.73 libgcc
Test OLM installation	Arrange OLM test installation	2025-06-06T09:09:02.1441006Z #14 17.73 libselinux
Test OLM installation	Arrange OLM test installation	2025-06-06T09:09:02.1441188Z #14 17.73 libsepol
Test OLM installation	Arrange OLM test installation	2025-06-06T09:09:02.1441366Z #14 17.73 libsigsegv
Test OLM installation	Arrange OLM test installation	2025-06-06T09:09:02.1441542Z #14 17.73 libtasn1
Test OLM installation	Arrange OLM test installation	2025-06-06T09:09:02.1441866Z #14 17.73 lksctp-tools
Test OLM installation	Arrange OLM test installation	2025-06-06T09:09:02.1442051Z #14 17.73 ncurses-base
Test OLM installation	Arrange OLM test installation	2025-06-06T09:09:02.1442234Z #14 17.73 ncurses-libs
Test OLM installation	Arrange OLM test installation	2025-06-06T09:09:02.1442412Z #14 17.73 nspr
Test OLM installation	Arrange OLM test installation	2025-06-06T09:09:02.1442575Z #14 17.73 nss
Test OLM installation	Arrange OLM test installation	2025-06-06T09:09:02.1442742Z #14 17.73 nss-softokn
Test OLM installation	Arrange OLM test installation	2025-06-06T09:09:02.1442940Z #14 17.73 nss-softokn-freebl
Test OLM installation	Arrange OLM test installation	2025-06-06T09:09:02.1443149Z #14 17.73 nss-sysinit
Test OLM installation	Arrange OLM test installation	2025-06-06T09:09:02.1443329Z #14 17.73 nss-util
Test OLM installation	Arrange OLM test installation	2025-06-06T09:09:02.1443508Z #14 17.73 p11-kit-trust
Test OLM installation	Arrange OLM test installation	2025-06-06T09:09:02.1443700Z #14 17.73 pcre
Test OLM installation	Arrange OLM test installation	2025-06-06T09:09:02.1443866Z #14 17.73 pcre2
Test OLM installation	Arrange OLM test installation	2025-06-06T09:09:02.1444039Z #14 17.73 pcre2-syntax
Test OLM installation	Arrange OLM test installation	2025-06-06T09:09:02.1444233Z #14 17.73 redhat-release
Test OLM installation	Arrange OLM test installation	2025-06-06T09:09:02.1444424Z #14 17.73 sed
Test OLM installation	Arrange OLM test installation	2025-06-06T09:09:02.1444582Z #14 17.73 setup
Test OLM installation	Arrange OLM test installation	2025-06-06T09:09:02.1444750Z #14 17.73 sqlite-libs
Test OLM installation	Arrange OLM test installation	2025-06-06T09:09:02.1444929Z #14 17.73 tzdata
Test OLM installation	Arrange OLM test installation	2025-06-06T09:09:02.1445101Z #14 17.73 tzdata-java
Test OLM installation	Arrange OLM test installation	2025-06-06T09:09:02.1445279Z #14 17.73 zlib
Test OLM installation	Arrange OLM test installation	2025-06-06T09:09:02.1445444Z #14 17.73 
Test OLM installation	Arrange OLM test installation	2025-06-06T09:09:02.1445619Z #14 17.73 ==> Erasing packages
Test OLM installation	Arrange OLM test installation	2025-06-06T09:09:02.1445945Z #14 17.73 + xargs rpm -r /tmp/null/rootfs --erase --nodeps --allmatches
Test OLM installation	Arrange OLM test installation	2025-06-06T09:09:02.2804808Z #14 18.02 
Test OLM installation	Arrange OLM test installation	2025-06-06T09:09:02.2805283Z #14 18.02 ==> Packages erased ok!
Test OLM installation	Arrange OLM test installation	2025-06-06T09:09:02.4545010Z #14 DONE 18.0s
Test OLM installation	Arrange OLM test installation	2025-06-06T09:09:04.0344285Z 
Test OLM installation	Arrange OLM test installation	2025-06-06T09:09:04.0345166Z #15 [stage-1 2/4] COPY --from=ubi-micro-build /tmp/null/rootfs/ /
Test OLM installation	Arrange OLM test installation	2025-06-06T09:09:05.2064923Z #15 DONE 1.2s
Test OLM installation	Arrange OLM test installation	2025-06-06T09:09:05.3607673Z 
Test OLM installation	Arrange OLM test installation	2025-06-06T09:09:05.3608461Z #16 [stage-1 3/4] COPY --from=ubi-micro-build --chown=1000:0 /opt/keycloak /opt/keycloak
Test OLM installation	Arrange OLM test installation	2025-06-06T09:09:05.6446792Z #16 DONE 0.4s
Test OLM installation	Arrange OLM test installation	2025-06-06T09:09:05.7536488Z 
Test OLM installation	Arrange OLM test installation	2025-06-06T09:09:05.7537463Z #17 [stage-1 4/4] RUN echo "keycloak:x:0:root" >> /etc/group &&     echo "keycloak:x:1000:0:keycloak user:/opt/keycloak:/sbin/nologin" >> /etc/passwd
Test OLM installation	Arrange OLM test installation	2025-06-06T09:09:05.7538393Z #17 DONE 0.1s
Test OLM installation	Arrange OLM test installation	2025-06-06T09:09:05.9053745Z 
Test OLM installation	Arrange OLM test installation	2025-06-06T09:09:05.9055002Z #18 exporting to image
Test OLM installation	Arrange OLM test installation	2025-06-06T09:09:05.9057208Z #18 exporting layers
Test OLM installation	Arrange OLM test installation	2025-06-06T09:09:07.1445358Z #18 exporting layers 1.4s done
Test OLM installation	Arrange OLM test installation	2025-06-06T09:09:07.1617645Z #18 writing image sha256:e391128ed176c93c49d29fc18a41e64530dafe5abce80afa7599826bc1d66112 done
Test OLM installation	Arrange OLM test installation	2025-06-06T09:09:07.1618710Z #18 naming to ttl.sh/7731f6keycloak:86400000.0.0 done
Test OLM installation	Arrange OLM test installation	2025-06-06T09:09:07.1619498Z #18 DONE 1.4s
Test OLM installation	Arrange OLM test installation	2025-06-06T09:09:07.1669935Z + docker push ttl.sh/7731f6keycloak:86400000.0.0
Test OLM installation	Arrange OLM test installation	2025-06-06T09:09:07.5099158Z The push refers to repository [ttl.sh/7731f6keycloak]
Test OLM installation	Arrange OLM test installation	2025-06-06T09:09:07.6884454Z 956b249bb3e6: Preparing
Test OLM installation	Arrange OLM test installation	2025-06-06T09:09:07.6884912Z b32f348aecea: Preparing
Test OLM installation	Arrange OLM test installation	2025-06-06T09:09:07.6885267Z ff23f7bb3517: Preparing
Test OLM installation	Arrange OLM test installation	2025-06-06T09:09:07.6885640Z ef3cb51dff21: Preparing
Test OLM installation	Arrange OLM test installation	2025-06-06T09:09:10.9584796Z 956b249bb3e6: Pushed
Test OLM installation	Arrange OLM test installation	2025-06-06T09:09:27.0572495Z ef3cb51dff21: Pushed
Test OLM installation	Arrange OLM test installation	2025-06-06T09:10:01.9710051Z ff23f7bb3517: Pushed
Test OLM installation	Arrange OLM test installation	2025-06-06T09:10:38.3459795Z error parsing HTTP 499 response body: invalid character '<' looking for beginning of value: "<!DOCTYPE html>\n<html>\n  <head>\n    <meta name=\"viewport\" content=\"width=device-width, initial-scale=1\">\n    <meta charset=\"utf-8\">\n    <title>Application Error</title>\n    <style media=\"screen\">\n      html,body,iframe {\n        margin: 0;\n        padding: 0;\n      }\n\n      html,body {\n        height: 100%;\n        overflow: hidden;\n      }\n\n      iframe {\n        width: 100%;\n        height: 100%;\n        border: 0;\n      }\n    </style>\n  </head>\n  <body>\n    <iframe src=\"https://www.herokucdn.com/error-pages/application-error.html\"></iframe>\n  </body>\n</html>"
Test OLM installation	Arrange OLM test installation	2025-06-06T09:10:38.3480239Z ##[error]Process completed with exit code 1.
Status Check - Keycloak Operator CI	Run /./.github/actions/status-check	2025-06-06T09:10:53.3926627Z Prepare all required actions
Status Check - Keycloak Operator CI	Run /./.github/actions/status-check	2025-06-06T09:10:53.3997930Z ##[group]Run ./.github/actions/status-check
Status Check - Keycloak Operator CI	Run /./.github/actions/status-check	2025-06-06T09:10:53.3998291Z with:
Status Check - Keycloak Operator CI	Run /./.github/actions/status-check	2025-06-06T09:10:53.3999141Z   jobs: {
Status Check - Keycloak Operator CI	Run /./.github/actions/status-check	  "conditional": {
Status Check - Keycloak Operator CI	Run /./.github/actions/status-check	    "result": "success",
Status Check - Keycloak Operator CI	Run /./.github/actions/status-check	    "outputs": {
Status Check - Keycloak Operator CI	Run /./.github/actions/status-check	      "operator": "true"
Status Check - Keycloak Operator CI	Run /./.github/actions/status-check	    }
Status Check - Keycloak Operator CI	Run /./.github/actions/status-check	  },
Status Check - Keycloak Operator CI	Run /./.github/actions/status-check	  "build": {
Status Check - Keycloak Operator CI	Run /./.github/actions/status-check	    "result": "success",
Status Check - Keycloak Operator CI	Run /./.github/actions/status-check	    "outputs": {}
Status Check - Keycloak Operator CI	Run /./.github/actions/status-check	  },
Status Check - Keycloak Operator CI	Run /./.github/actions/status-check	  "test-local-apiserver": {
Status Check - Keycloak Operator CI	Run /./.github/actions/status-check	    "result": "success",
Status Check - Keycloak Operator CI	Run /./.github/actions/status-check	    "outputs": {}
Status Check - Keycloak Operator CI	Run /./.github/actions/status-check	  },
Status Check - Keycloak Operator CI	Run /./.github/actions/status-check	  "test-remote": {
Status Check - Keycloak Operator CI	Run /./.github/actions/status-check	    "result": "success",
Status Check - Keycloak Operator CI	Run /./.github/actions/status-check	    "outputs": {}
Status Check - Keycloak Operator CI	Run /./.github/actions/status-check	  },
Status Check - Keycloak Operator CI	Run /./.github/actions/status-check	  "test-olm": {
Status Check - Keycloak Operator CI	Run /./.github/actions/status-check	    "result": "failure",
Status Check - Keycloak Operator CI	Run /./.github/actions/status-check	    "outputs": {}
Status Check - Keycloak Operator CI	Run /./.github/actions/status-check	  }
Status Check - Keycloak Operator CI	Run /./.github/actions/status-check	}
Status Check - Keycloak Operator CI	Run /./.github/actions/status-check	2025-06-06T09:10:53.4000356Z env:
Status Check - Keycloak Operator CI	Run /./.github/actions/status-check	2025-06-06T09:10:53.4000682Z   MAVEN_ARGS: -B -nsu -Daether.connector.http.connectionMaxTtl=25
Status Check - Keycloak Operator CI	Run /./.github/actions/status-check	2025-06-06T09:10:53.4001059Z   MINIKUBE_VERSION: v1.32.0
Status Check - Keycloak Operator CI	Run /./.github/actions/status-check	2025-06-06T09:10:53.4001429Z   KUBERNETES_VERSION: v1.27.10
Status Check - Keycloak Operator CI	Run /./.github/actions/status-check	2025-06-06T09:10:53.4001696Z   MINIKUBE_MEMORY: 4096
Status Check - Keycloak Operator CI	Run /./.github/actions/status-check	2025-06-06T09:10:53.4001950Z ##[endgroup]
Status Check - Keycloak Operator CI	Run /./.github/actions/status-check	2025-06-06T09:10:53.4195661Z ##[group]Run JOBS='{
Status Check - Keycloak Operator CI	Run /./.github/actions/status-check	2025-06-06T09:10:53.4196081Z [36;1mJOBS='{[0m
Status Check - Keycloak Operator CI	Run /./.github/actions/status-check	2025-06-06T09:10:53.4196330Z [36;1m  "conditional": {[0m
Status Check - Keycloak Operator CI	Run /./.github/actions/status-check	2025-06-06T09:10:53.4196662Z [36;1m    "result": "success",[0m
Status Check - Keycloak Operator CI	Run /./.github/actions/status-check	2025-06-06T09:10:53.4196941Z [36;1m    "outputs": {[0m
Status Check - Keycloak Operator CI	Run /./.github/actions/status-check	2025-06-06T09:10:53.4197200Z [36;1m      "operator": "true"[0m
Status Check - Keycloak Operator CI	Run /./.github/actions/status-check	2025-06-06T09:10:53.4197463Z [36;1m    }[0m
Status Check - Keycloak Operator CI	Run /./.github/actions/status-check	2025-06-06T09:10:53.4197670Z [36;1m  },[0m
Status Check - Keycloak Operator CI	Run /./.github/actions/status-check	2025-06-06T09:10:53.4197879Z [36;1m  "build": {[0m
Status Check - Keycloak Operator CI	Run /./.github/actions/status-check	2025-06-06T09:10:53.4198116Z [36;1m    "result": "success",[0m
Status Check - Keycloak Operator CI	Run /./.github/actions/status-check	2025-06-06T09:10:53.4198383Z [36;1m    "outputs": {}[0m
Status Check - Keycloak Operator CI	Run /./.github/actions/status-check	2025-06-06T09:10:53.4198625Z [36;1m  },[0m
Status Check - Keycloak Operator CI	Run /./.github/actions/status-check	2025-06-06T09:10:53.4198857Z [36;1m  "test-local-apiserver": {[0m
Status Check - Keycloak Operator CI	Run /./.github/actions/status-check	2025-06-06T09:10:53.4199143Z [36;1m    "result": "success",[0m
Status Check - Keycloak Operator CI	Run /./.github/actions/status-check	2025-06-06T09:10:53.4199647Z [36;1m    "outputs": {}[0m
Status Check - Keycloak Operator CI	Run /./.github/actions/status-check	2025-06-06T09:10:53.4199906Z [36;1m  },[0m
Status Check - Keycloak Operator CI	Run /./.github/actions/status-check	2025-06-06T09:10:53.4200135Z [36;1m  "test-remote": {[0m
Status Check - Keycloak Operator CI	Run /./.github/actions/status-check	2025-06-06T09:10:53.4200398Z [36;1m    "result": "success",[0m
Status Check - Keycloak Operator CI	Run /./.github/actions/status-check	2025-06-06T09:10:53.4200676Z [36;1m    "outputs": {}[0m
Status Check - Keycloak Operator CI	Run /./.github/actions/status-check	2025-06-06T09:10:53.4200920Z [36;1m  },[0m
Status Check - Keycloak Operator CI	Run /./.github/actions/status-check	2025-06-06T09:10:53.4201139Z [36;1m  "test-olm": {[0m
Status Check - Keycloak Operator CI	Run /./.github/actions/status-check	2025-06-06T09:10:53.4201393Z [36;1m    "result": "failure",[0m
Status Check - Keycloak Operator CI	Run /./.github/actions/status-check	2025-06-06T09:10:53.4201661Z [36;1m    "outputs": {}[0m
Status Check - Keycloak Operator CI	Run /./.github/actions/status-check	2025-06-06T09:10:53.4201895Z [36;1m  }[0m
Status Check - Keycloak Operator CI	Run /./.github/actions/status-check	2025-06-06T09:10:53.4202100Z [36;1m}'[0m
Status Check - Keycloak Operator CI	Run /./.github/actions/status-check	2025-06-06T09:10:53.4202329Z [36;1m[0m
Status Check - Keycloak Operator CI	Run /./.github/actions/status-check	2025-06-06T09:10:53.4202554Z [36;1mecho "Job status:"[0m
Status Check - Keycloak Operator CI	Run /./.github/actions/status-check	2025-06-06T09:10:53.4202936Z [36;1mecho $JOBS | jq -r 'to_entries[] | " - \(.key): \(.value.result)"'[0m
Status Check - Keycloak Operator CI	Run /./.github/actions/status-check	2025-06-06T09:10:53.4203298Z [36;1m[0m
Status Check - Keycloak Operator CI	Run /./.github/actions/status-check	2025-06-06T09:10:53.4203589Z [36;1mfor i in $(echo $JOBS | jq -r 'to_entries[] | .value.result'); do[0m
Status Check - Keycloak Operator CI	Run /./.github/actions/status-check	2025-06-06T09:10:53.4203992Z [36;1m  if [ "$i" != "success" ] && [ "$i" != "skipped" ]; then[0m
Status Check - Keycloak Operator CI	Run /./.github/actions/status-check	2025-06-06T09:10:53.4204315Z [36;1m    echo ""[0m
Status Check - Keycloak Operator CI	Run /./.github/actions/status-check	2025-06-06T09:10:53.4204564Z [36;1m    echo "Status check not okay!"[0m
Status Check - Keycloak Operator CI	Run /./.github/actions/status-check	2025-06-06T09:10:53.4204846Z [36;1m    exit 1[0m
Status Check - Keycloak Operator CI	Run /./.github/actions/status-check	2025-06-06T09:10:53.4205073Z [36;1m  fi[0m
Status Check - Keycloak Operator CI	Run /./.github/actions/status-check	2025-06-06T09:10:53.4205294Z [36;1mdone[0m
Status Check - Keycloak Operator CI	Run /./.github/actions/status-check	2025-06-06T09:10:53.4411678Z shell: /usr/bin/bash --noprofile --norc -e -o pipefail {0}
Status Check - Keycloak Operator CI	Run /./.github/actions/status-check	2025-06-06T09:10:53.4412147Z env:
Status Check - Keycloak Operator CI	Run /./.github/actions/status-check	2025-06-06T09:10:53.4412472Z   MAVEN_ARGS: -B -nsu -Daether.connector.http.connectionMaxTtl=25
Status Check - Keycloak Operator CI	Run /./.github/actions/status-check	2025-06-06T09:10:53.4412857Z   MINIKUBE_VERSION: v1.32.0
Status Check - Keycloak Operator CI	Run /./.github/actions/status-check	2025-06-06T09:10:53.4413130Z   KUBERNETES_VERSION: v1.27.10
Status Check - Keycloak Operator CI	Run /./.github/actions/status-check	2025-06-06T09:10:53.4413471Z   MINIKUBE_MEMORY: 4096
Status Check - Keycloak Operator CI	Run /./.github/actions/status-check	2025-06-06T09:10:53.4413710Z ##[endgroup]
Status Check - Keycloak Operator CI	Run /./.github/actions/status-check	2025-06-06T09:10:53.4507754Z Job status:
Status Check - Keycloak Operator CI	Run /./.github/actions/status-check	2025-06-06T09:10:53.4547874Z  - conditional: success
Status Check - Keycloak Operator CI	Run /./.github/actions/status-check	2025-06-06T09:10:53.4548211Z  - build: success
Status Check - Keycloak Operator CI	Run /./.github/actions/status-check	2025-06-06T09:10:53.4548495Z  - test-local-apiserver: success
Status Check - Keycloak Operator CI	Run /./.github/actions/status-check	2025-06-06T09:10:53.4548805Z  - test-remote: success
Status Check - Keycloak Operator CI	Run /./.github/actions/status-check	2025-06-06T09:10:53.4549055Z  - test-olm: failure
Status Check - Keycloak Operator CI	Run /./.github/actions/status-check	2025-06-06T09:10:53.4582040Z 
Status Check - Keycloak Operator CI	Run /./.github/actions/status-check	2025-06-06T09:10:53.4582305Z Status check not okay!
Status Check - Keycloak Operator CI	Run /./.github/actions/status-check	2025-06-06T09:10:53.4597206Z ##[error]Process completed with exit code 1.
