FIPS IT (strict)	Run base tests	2025-04-22T09:14:25.2847629Z ##[group]Run docker run --rm --workdir /github/workspace -e "SUREFIRE_RERUN_FAILING_COUNT" -v "/home/runner/work/keycloak/keycloak":"/github/workspace" -v "$HOME/.m2":"/root/.m2" registry.access.redhat.com/ubi8/ubi:latest .github/scripts/run-fips-it.sh strict
FIPS IT (strict)	Run base tests	2025-04-22T09:14:25.2849389Z [36;1mdocker run --rm --workdir /github/workspace -e "SUREFIRE_RERUN_FAILING_COUNT" -v "/home/runner/work/keycloak/keycloak":"/github/workspace" -v "$HOME/.m2":"/root/.m2" registry.access.redhat.com/ubi8/ubi:latest .github/scripts/run-fips-it.sh strict[0m
FIPS IT (strict)	Run base tests	2025-04-22T09:14:25.2880276Z shell: /usr/bin/bash --noprofile --norc -e -o pipefail {0}
FIPS IT (strict)	Run base tests	2025-04-22T09:14:25.2880612Z env:
FIPS IT (strict)	Run base tests	2025-04-22T09:14:25.2880901Z   MAVEN_ARGS: -B -nsu -Daether.connector.http.connectionMaxTtl=25
FIPS IT (strict)	Run base tests	2025-04-22T09:14:25.2881493Z   SUREFIRE_RERUN_FAILING_COUNT: 2
FIPS IT (strict)	Run base tests	2025-04-22T09:14:25.2881802Z   SUREFIRE_RETRY: -Dsurefire.rerunFailingTestsCount=2
FIPS IT (strict)	Run base tests	2025-04-22T09:14:25.2882461Z   JAVA_HOME: /opt/hostedtoolcache/Java_Temurin-Hotspot_jdk/21.0.7-6/x64
FIPS IT (strict)	Run base tests	2025-04-22T09:14:25.2882963Z   JAVA_HOME_21_X64: /opt/hostedtoolcache/Java_Temurin-Hotspot_jdk/21.0.7-6/x64
FIPS IT (strict)	Run base tests	2025-04-22T09:14:25.2883331Z ##[endgroup]
FIPS IT (strict)	Run base tests	2025-04-22T09:14:25.4762408Z Unable to find image 'registry.access.redhat.com/ubi8/ubi:latest' locally
FIPS IT (strict)	Run base tests	2025-04-22T09:14:25.8867000Z latest: Pulling from ubi8/ubi
FIPS IT (strict)	Run base tests	2025-04-22T09:14:25.9962532Z 11102654476d: Pulling fs layer
FIPS IT (strict)	Run base tests	2025-04-22T09:14:26.7161967Z 11102654476d: Verifying Checksum
FIPS IT (strict)	Run base tests	2025-04-22T09:14:26.7162843Z 11102654476d: Download complete
FIPS IT (strict)	Run base tests	2025-04-22T09:14:29.5006808Z 11102654476d: Pull complete
FIPS IT (strict)	Run base tests	2025-04-22T09:14:29.5044049Z Digest: sha256:8bd1b6306f8164de7fb0974031a0f903bd3ab3e6bcab835854d3d9a1a74ea5db
FIPS IT (strict)	Run base tests	2025-04-22T09:14:29.5053811Z Status: Downloaded newer image for registry.access.redhat.com/ubi8/ubi:latest
FIPS IT (strict)	Run base tests	2025-04-22T09:14:33.1410981Z + dnf install -y java-21-openjdk-devel
FIPS IT (strict)	Run base tests	2025-04-22T09:14:33.4260996Z Updating Subscription Management repositories.
FIPS IT (strict)	Run base tests	2025-04-22T09:14:33.4261925Z Unable to read consumer identity
FIPS IT (strict)	Run base tests	2025-04-22T09:14:33.4307524Z 
FIPS IT (strict)	Run base tests	2025-04-22T09:14:33.4308257Z This system is not registered with an entitlement server. You can use subscription-manager to register.
FIPS IT (strict)	Run base tests	2025-04-22T09:14:33.4309229Z 
FIPS IT (strict)	Run base tests	2025-04-22T09:14:33.8450439Z Red Hat Universal Base Image 8 (RPMs) - BaseOS  1.9 MB/s | 732 kB     00:00    
FIPS IT (strict)	Run base tests	2025-04-22T09:14:34.1571226Z Red Hat Universal Base Image 8 (RPMs) - AppStre  17 MB/s | 3.4 MB     00:00    
FIPS IT (strict)	Run base tests	2025-04-22T09:14:34.7890044Z Red Hat Universal Base Image 8 (RPMs) - CodeRea 3.1 MB/s | 187 kB     00:00    
FIPS IT (strict)	Run base tests	2025-04-22T09:14:35.0568504Z Dependencies resolved.
FIPS IT (strict)	Run base tests	2025-04-22T09:14:35.0643793Z =================================================================================================
FIPS IT (strict)	Run base tests	2025-04-22T09:14:35.0644859Z  Package                     Arch    Version                          Repository             Size
FIPS IT (strict)	Run base tests	2025-04-22T09:14:35.0645750Z =================================================================================================
FIPS IT (strict)	Run base tests	2025-04-22T09:14:35.0646419Z Installing:
FIPS IT (strict)	Run base tests	2025-04-22T09:14:35.0647300Z  java-21-openjdk-devel       x86_64  1:21.0.7.0.6-1.el8               ubi-8-appstream-rpms  5.2 M
FIPS IT (strict)	Run base tests	2025-04-22T09:14:35.0648341Z Installing dependencies:
FIPS IT (strict)	Run base tests	2025-04-22T09:14:35.0649222Z  adwaita-cursor-theme        noarch  3.28.0-3.el8                     ubi-8-appstream-rpms  647 k
FIPS IT (strict)	Run base tests	2025-04-22T09:14:35.0650469Z  adwaita-icon-theme          noarch  3.28.0-3.el8                     ubi-8-appstream-rpms   11 M
FIPS IT (strict)	Run base tests	2025-04-22T09:14:35.0651659Z  alsa-lib                    x86_64  1.2.10-2.el8                     ubi-8-appstream-rpms  501 k
FIPS IT (strict)	Run base tests	2025-04-22T09:14:35.0652738Z  at-spi2-atk                 x86_64  2.26.2-1.el8                     ubi-8-appstream-rpms   89 k
FIPS IT (strict)	Run base tests	2025-04-22T09:14:35.0653614Z  at-spi2-core                x86_64  2.28.0-1.el8                     ubi-8-appstream-rpms  169 k
FIPS IT (strict)	Run base tests	2025-04-22T09:14:35.0654436Z  atk                         x86_64  2.28.1-1.el8                     ubi-8-appstream-rpms  272 k
FIPS IT (strict)	Run base tests	2025-04-22T09:14:35.0655213Z  avahi-libs                  x86_64  0.7-27.el8_10.1                  ubi-8-baseos-rpms      62 k
FIPS IT (strict)	Run base tests	2025-04-22T09:14:35.0655961Z  cairo                       x86_64  1.15.12-6.el8                    ubi-8-appstream-rpms  719 k
FIPS IT (strict)	Run base tests	2025-04-22T09:14:35.0656920Z  cairo-gobject               x86_64  1.15.12-6.el8                    ubi-8-appstream-rpms   33 k
FIPS IT (strict)	Run base tests	2025-04-22T09:14:35.0657611Z  colord-libs                 x86_64  1.4.2-1.el8                      ubi-8-appstream-rpms  236 k
FIPS IT (strict)	Run base tests	2025-04-22T09:14:35.0658316Z  copy-jdk-configs            noarch  4.0-2.el8                        ubi-8-appstream-rpms   31 k
FIPS IT (strict)	Run base tests	2025-04-22T09:14:35.0659015Z  cups-libs                   x86_64  1:2.2.6-62.el8_10                ubi-8-baseos-rpms     438 k
FIPS IT (strict)	Run base tests	2025-04-22T09:14:35.0659719Z  dejavu-fonts-common         noarch  2.35-7.el8                       ubi-8-baseos-rpms      74 k
FIPS IT (strict)	Run base tests	2025-04-22T09:14:35.0660664Z  dejavu-sans-mono-fonts      noarch  2.35-7.el8                       ubi-8-baseos-rpms     447 k
FIPS IT (strict)	Run base tests	2025-04-22T09:14:35.0661387Z  fontconfig                  x86_64  2.13.1-4.el8                     ubi-8-baseos-rpms     274 k
FIPS IT (strict)	Run base tests	2025-04-22T09:14:35.0662323Z  fontpackages-filesystem     noarch  1.44-22.el8                      ubi-8-baseos-rpms      16 k
FIPS IT (strict)	Run base tests	2025-04-22T09:14:35.0662891Z  freetype                    x86_64  2.9.1-10.el8_10                  ubi-8-baseos-rpms     394 k
FIPS IT (strict)	Run base tests	2025-04-22T09:14:35.0663338Z  fribidi                     x86_64  1.0.4-9.el8                      ubi-8-appstream-rpms   89 k
FIPS IT (strict)	Run base tests	2025-04-22T09:14:35.0663822Z  gdk-pixbuf2                 x86_64  2.36.12-6.el8_10                 ubi-8-baseos-rpms     466 k
FIPS IT (strict)	Run base tests	2025-04-22T09:14:35.0664320Z  gdk-pixbuf2-modules         x86_64  2.36.12-6.el8_10                 ubi-8-appstream-rpms  109 k
FIPS IT (strict)	Run base tests	2025-04-22T09:14:35.0664828Z  glib-networking             x86_64  2.56.1-1.1.el8                   ubi-8-baseos-rpms     155 k
FIPS IT (strict)	Run base tests	2025-04-22T09:14:35.0665321Z  graphite2                   x86_64  1.3.10-10.el8                    ubi-8-appstream-rpms  122 k
FIPS IT (strict)	Run base tests	2025-04-22T09:14:35.0665871Z  gsettings-desktop-schemas   x86_64  3.32.0-6.el8                     ubi-8-baseos-rpms     633 k
FIPS IT (strict)	Run base tests	2025-04-22T09:14:35.0666434Z  gtk-update-icon-cache       x86_64  3.22.30-12.el8_10                ubi-8-appstream-rpms   32 k
FIPS IT (strict)	Run base tests	2025-04-22T09:14:35.0666941Z  harfbuzz                    x86_64  1.7.5-4.el8                      ubi-8-appstream-rpms  296 k
FIPS IT (strict)	Run base tests	2025-04-22T09:14:35.0678007Z  hicolor-icon-theme          noarch  0.17-2.el8                       ubi-8-appstream-rpms   48 k
FIPS IT (strict)	Run base tests	2025-04-22T09:14:35.0678931Z  jasper-libs                 x86_64  2.0.14-6.el8_10                  ubi-8-appstream-rpms  167 k
FIPS IT (strict)	Run base tests	2025-04-22T09:14:35.0679803Z  java-21-openjdk             x86_64  1:21.0.7.0.6-1.el8               ubi-8-appstream-rpms  419 k
FIPS IT (strict)	Run base tests	2025-04-22T09:14:35.0680729Z  java-21-openjdk-headless    x86_64  1:21.0.7.0.6-1.el8               ubi-8-appstream-rpms   50 M
FIPS IT (strict)	Run base tests	2025-04-22T09:14:35.0681790Z  javapackages-filesystem     noarch  5.3.0-1.module+el8+2447+6f56d9a6 ubi-8-appstream-rpms   30 k
FIPS IT (strict)	Run base tests	2025-04-22T09:14:35.0682983Z  jbigkit-libs                x86_64  2.1-14.el8                       ubi-8-appstream-rpms   55 k
FIPS IT (strict)	Run base tests	2025-04-22T09:14:35.0683810Z  lcms2                       x86_64  2.9-2.el8                        ubi-8-appstream-rpms  165 k
FIPS IT (strict)	Run base tests	2025-04-22T09:14:35.0684597Z  libX11                      x86_64  1.6.8-9.el8_10                   ubi-8-appstream-rpms  612 k
FIPS IT (strict)	Run base tests	2025-04-22T09:14:35.0685447Z  libX11-common               noarch  1.6.8-9.el8_10                   ubi-8-appstream-rpms  159 k
FIPS IT (strict)	Run base tests	2025-04-22T09:14:35.0686278Z  libXau                      x86_64  1.0.9-3.el8                      ubi-8-appstream-rpms   37 k
FIPS IT (strict)	Run base tests	2025-04-22T09:14:35.0687097Z  libXcomposite               x86_64  0.4.4-14.el8                     ubi-8-appstream-rpms   29 k
FIPS IT (strict)	Run base tests	2025-04-22T09:14:35.0687957Z  libXcursor                  x86_64  1.1.15-3.el8                     ubi-8-appstream-rpms   36 k
FIPS IT (strict)	Run base tests	2025-04-22T09:14:35.0688839Z  libXdamage                  x86_64  1.1.4-14.el8                     ubi-8-appstream-rpms   27 k
FIPS IT (strict)	Run base tests	2025-04-22T09:14:35.0689698Z  libXext                     x86_64  1.3.4-1.el8                      ubi-8-appstream-rpms   45 k
FIPS IT (strict)	Run base tests	2025-04-22T09:14:35.0690517Z  libXfixes                   x86_64  5.0.3-7.el8                      ubi-8-appstream-rpms   25 k
FIPS IT (strict)	Run base tests	2025-04-22T09:14:35.0691717Z  libXft                      x86_64  2.3.3-1.el8                      ubi-8-appstream-rpms   67 k
FIPS IT (strict)	Run base tests	2025-04-22T09:14:35.0692717Z  libXi                       x86_64  1.7.10-1.el8                     ubi-8-appstream-rpms   49 k
FIPS IT (strict)	Run base tests	2025-04-22T09:14:35.0693561Z  libXinerama                 x86_64  1.1.4-1.el8                      ubi-8-appstream-rpms   16 k
FIPS IT (strict)	Run base tests	2025-04-22T09:14:35.0694419Z  libXrandr                   x86_64  1.5.2-1.el8                      ubi-8-appstream-rpms   34 k
FIPS IT (strict)	Run base tests	2025-04-22T09:14:35.0695253Z  libXrender                  x86_64  0.9.10-7.el8                     ubi-8-appstream-rpms   33 k
FIPS IT (strict)	Run base tests	2025-04-22T09:14:35.0696338Z  libXtst                     x86_64  1.2.3-7.el8                      ubi-8-appstream-rpms   22 k
FIPS IT (strict)	Run base tests	2025-04-22T09:14:35.0697175Z  libdatrie                   x86_64  0.2.9-7.el8                      ubi-8-appstream-rpms   33 k
FIPS IT (strict)	Run base tests	2025-04-22T09:14:35.0698010Z  libepoxy                    x86_64  1.5.8-1.el8                      ubi-8-appstream-rpms  225 k
FIPS IT (strict)	Run base tests	2025-04-22T09:14:35.0698817Z  libfontenc                  x86_64  1.1.3-8.el8                      ubi-8-appstream-rpms   37 k
FIPS IT (strict)	Run base tests	2025-04-22T09:14:35.0699612Z  libgusb                     x86_64  0.3.0-1.el8                      ubi-8-baseos-rpms      49 k
FIPS IT (strict)	Run base tests	2025-04-22T09:14:35.0700463Z  libjpeg-turbo               x86_64  1.5.3-12.el8                     ubi-8-appstream-rpms  157 k
FIPS IT (strict)	Run base tests	2025-04-22T09:14:35.0701298Z  libmodman                   x86_64  2.0.1-17.el8                     ubi-8-baseos-rpms      36 k
FIPS IT (strict)	Run base tests	2025-04-22T09:14:35.0702331Z  libpkgconf                  x86_64  1.4.2-1.el8                      ubi-8-baseos-rpms      35 k
FIPS IT (strict)	Run base tests	2025-04-22T09:14:35.0703165Z  libpng                      x86_64  2:1.6.34-5.el8                   ubi-8-baseos-rpms     126 k
FIPS IT (strict)	Run base tests	2025-04-22T09:14:35.0703961Z  libproxy                    x86_64  0.4.15-5.5.el8_10                ubi-8-baseos-rpms      73 k
FIPS IT (strict)	Run base tests	2025-04-22T09:14:35.0704754Z  libsoup                     x86_64  2.62.3-7.el8_10                  ubi-8-baseos-rpms     426 k
FIPS IT (strict)	Run base tests	2025-04-22T09:14:35.0705551Z  libthai                     x86_64  0.1.27-2.el8                     ubi-8-appstream-rpms  203 k
FIPS IT (strict)	Run base tests	2025-04-22T09:14:35.0706372Z  libtiff                     x86_64  4.0.9-33.el8_10                  ubi-8-appstream-rpms  190 k
FIPS IT (strict)	Run base tests	2025-04-22T09:14:35.0707284Z  libwayland-client           x86_64  1.21.0-1.el8                     ubi-8-appstream-rpms   41 k
FIPS IT (strict)	Run base tests	2025-04-22T09:14:35.0708278Z  libwayland-cursor           x86_64  1.21.0-1.el8                     ubi-8-appstream-rpms   26 k
FIPS IT (strict)	Run base tests	2025-04-22T09:14:35.0709199Z  libwayland-egl              x86_64  1.21.0-1.el8                     ubi-8-appstream-rpms   20 k
FIPS IT (strict)	Run base tests	2025-04-22T09:14:35.0710054Z  libxcb                      x86_64  1.13.1-1.el8                     ubi-8-appstream-rpms  229 k
FIPS IT (strict)	Run base tests	2025-04-22T09:14:35.0710903Z  libxkbcommon                x86_64  0.9.1-1.el8                      ubi-8-appstream-rpms  116 k
FIPS IT (strict)	Run base tests	2025-04-22T09:14:35.0711756Z  lksctp-tools                x86_64  1.0.18-3.el8                     ubi-8-baseos-rpms     100 k
FIPS IT (strict)	Run base tests	2025-04-22T09:14:35.0712816Z  lua                         x86_64  5.3.4-12.el8                     ubi-8-appstream-rpms  192 k
FIPS IT (strict)	Run base tests	2025-04-22T09:14:35.0713558Z  nspr                        x86_64  4.35.0-1.el8_8                   ubi-8-appstream-rpms  143 k
FIPS IT (strict)	Run base tests	2025-04-22T09:14:35.0714323Z  nss                         x86_64  3.101.0-11.el8_8                 ubi-8-appstream-rpms  766 k
FIPS IT (strict)	Run base tests	2025-04-22T09:14:35.0715123Z  nss-softokn                 x86_64  3.101.0-11.el8_8                 ubi-8-appstream-rpms  532 k
FIPS IT (strict)	Run base tests	2025-04-22T09:14:35.0716027Z  nss-softokn-freebl          x86_64  3.101.0-11.el8_8                 ubi-8-appstream-rpms  392 k
FIPS IT (strict)	Run base tests	2025-04-22T09:14:35.0716956Z  nss-sysinit                 x86_64  3.101.0-11.el8_8                 ubi-8-appstream-rpms   77 k
FIPS IT (strict)	Run base tests	2025-04-22T09:14:35.0717824Z  nss-util                    x86_64  3.101.0-11.el8_8                 ubi-8-appstream-rpms  143 k
FIPS IT (strict)	Run base tests	2025-04-22T09:14:35.0718657Z  pango                       x86_64  1.42.4-8.el8                     ubi-8-appstream-rpms  297 k
FIPS IT (strict)	Run base tests	2025-04-22T09:14:35.0719724Z  pixman                      x86_64  0.38.4-4.el8                     ubi-8-appstream-rpms  258 k
FIPS IT (strict)	Run base tests	2025-04-22T09:14:35.0720503Z  pkgconf                     x86_64  1.4.2-1.el8                      ubi-8-baseos-rpms      38 k
FIPS IT (strict)	Run base tests	2025-04-22T09:14:35.0721320Z  pkgconf-m4                  noarch  1.4.2-1.el8                      ubi-8-baseos-rpms      17 k
FIPS IT (strict)	Run base tests	2025-04-22T09:14:35.0722400Z  pkgconf-pkg-config          x86_64  1.4.2-1.el8                      ubi-8-baseos-rpms      15 k
FIPS IT (strict)	Run base tests	2025-04-22T09:14:35.0723270Z  rest                        x86_64  0.8.1-2.el8                      ubi-8-appstream-rpms   71 k
FIPS IT (strict)	Run base tests	2025-04-22T09:14:35.0724145Z  shared-mime-info            x86_64  1.9-4.el8                        ubi-8-baseos-rpms     329 k
FIPS IT (strict)	Run base tests	2025-04-22T09:14:35.0725366Z  ttmkfdir                    x86_64  3.0.9-54.el8                     ubi-8-appstream-rpms   62 k
FIPS IT (strict)	Run base tests	2025-04-22T09:14:35.0726240Z  tzdata-java                 noarch  2025b-1.el8                      ubi-8-appstream-rpms  187 k
FIPS IT (strict)	Run base tests	2025-04-22T09:14:35.0727198Z  xkeyboard-config            noarch  2.28-1.el8                       ubi-8-appstream-rpms  782 k
FIPS IT (strict)	Run base tests	2025-04-22T09:14:35.0728160Z  xorg-x11-font-utils         x86_64  1:7.5-41.el8                     ubi-8-appstream-rpms  104 k
FIPS IT (strict)	Run base tests	2025-04-22T09:14:35.0729126Z  xorg-x11-fonts-Type1        noarch  7.5-19.el8                       ubi-8-appstream-rpms  522 k
FIPS IT (strict)	Run base tests	2025-04-22T09:14:35.0729890Z Installing weak dependencies:
FIPS IT (strict)	Run base tests	2025-04-22T09:14:35.0730702Z  abattis-cantarell-fonts     noarch  0.0.25-6.el8                     ubi-8-appstream-rpms  156 k
FIPS IT (strict)	Run base tests	2025-04-22T09:14:35.0731396Z  dconf                       x86_64  0.28.0-4.el8                     ubi-8-appstream-rpms  108 k
FIPS IT (strict)	Run base tests	2025-04-22T09:14:35.0731839Z  gtk3                        x86_64  3.22.30-12.el8_10                ubi-8-appstream-rpms  4.5 M
FIPS IT (strict)	Run base tests	2025-04-22T09:14:35.0732428Z Enabling module streams:
FIPS IT (strict)	Run base tests	2025-04-22T09:14:35.0732808Z  javapackages-runtime                201801                                                      
FIPS IT (strict)	Run base tests	2025-04-22T09:14:35.0733125Z 
FIPS IT (strict)	Run base tests	2025-04-22T09:14:35.0733227Z Transaction Summary
FIPS IT (strict)	Run base tests	2025-04-22T09:14:35.0733493Z =================================================================================================
FIPS IT (strict)	Run base tests	2025-04-22T09:14:35.0733807Z Install  87 Packages
FIPS IT (strict)	Run base tests	2025-04-22T09:14:35.0733967Z 
FIPS IT (strict)	Run base tests	2025-04-22T09:14:35.0734087Z Total download size: 87 M
FIPS IT (strict)	Run base tests	2025-04-22T09:14:35.0734343Z Installed size: 312 M
FIPS IT (strict)	Run base tests	2025-04-22T09:14:35.0734591Z Downloading Packages:
FIPS IT (strict)	Run base tests	2025-04-22T09:14:35.1021469Z (1/87): avahi-libs-0.7-27.el8_10.1.x86_64.rpm   2.4 MB/s |  62 kB     00:00    
FIPS IT (strict)	Run base tests	2025-04-22T09:14:35.1070234Z (2/87): dejavu-fonts-common-2.35-7.el8.noarch.r 2.4 MB/s |  74 kB     00:00    
FIPS IT (strict)	Run base tests	2025-04-22T09:14:35.1114634Z (3/87): cups-libs-2.2.6-62.el8_10.x86_64.rpm     12 MB/s | 438 kB     00:00    
FIPS IT (strict)	Run base tests	2025-04-22T09:14:35.1144409Z (4/87): dejavu-sans-mono-fonts-2.35-7.el8.noarc  37 MB/s | 447 kB     00:00    
FIPS IT (strict)	Run base tests	2025-04-22T09:14:35.1154471Z (5/87): fontpackages-filesystem-1.44-22.el8.noa 4.5 MB/s |  16 kB     00:00    
FIPS IT (strict)	Run base tests	2025-04-22T09:14:35.1179226Z (6/87): fontconfig-2.13.1-4.el8.x86_64.rpm       26 MB/s | 274 kB     00:00    
FIPS IT (strict)	Run base tests	2025-04-22T09:14:35.1219829Z (7/87): freetype-2.9.1-10.el8_10.x86_64.rpm      53 MB/s | 394 kB     00:00    
FIPS IT (strict)	Run base tests	2025-04-22T09:14:35.1243727Z (8/87): glib-networking-2.56.1-1.1.el8.x86_64.r  24 MB/s | 155 kB     00:00    
FIPS IT (strict)	Run base tests	2025-04-22T09:14:35.1270754Z (9/87): gdk-pixbuf2-2.36.12-6.el8_10.x86_64.rpm  41 MB/s | 466 kB     00:00    
FIPS IT (strict)	Run base tests	2025-04-22T09:14:35.1289717Z (10/87): libgusb-0.3.0-1.el8.x86_64.rpm          11 MB/s |  49 kB     00:00    
FIPS IT (strict)	Run base tests	2025-04-22T09:14:35.1308593Z (11/87): libmodman-2.0.1-17.el8.x86_64.rpm       10 MB/s |  36 kB     00:00    
FIPS IT (strict)	Run base tests	2025-04-22T09:14:35.1329204Z (12/87): libpkgconf-1.4.2-1.el8.x86_64.rpm      9.4 MB/s |  35 kB     00:00    
FIPS IT (strict)	Run base tests	2025-04-22T09:14:35.1355623Z (13/87): gsettings-desktop-schemas-3.32.0-6.el8  47 MB/s | 633 kB     00:00    
FIPS IT (strict)	Run base tests	2025-04-22T09:14:35.1376222Z (14/87): libpng-1.6.34-5.el8.x86_64.rpm          19 MB/s | 126 kB     00:00    
FIPS IT (strict)	Run base tests	2025-04-22T09:14:35.1389736Z (15/87): libproxy-0.4.15-5.5.el8_10.x86_64.rpm   13 MB/s |  73 kB     00:00    
FIPS IT (strict)	Run base tests	2025-04-22T09:14:35.1431249Z (16/87): libsoup-2.62.3-7.el8_10.x86_64.rpm      58 MB/s | 426 kB     00:00    
FIPS IT (strict)	Run base tests	2025-04-22T09:14:35.1444745Z (17/87): lksctp-tools-1.0.18-3.el8.x86_64.rpm    15 MB/s | 100 kB     00:00    
FIPS IT (strict)	Run base tests	2025-04-22T09:14:35.1454568Z (18/87): pkgconf-1.4.2-1.el8.x86_64.rpm         6.1 MB/s |  38 kB     00:00    
FIPS IT (strict)	Run base tests	2025-04-22T09:14:35.1467058Z (19/87): pkgconf-m4-1.4.2-1.el8.noarch.rpm      5.3 MB/s |  17 kB     00:00    
FIPS IT (strict)	Run base tests	2025-04-22T09:14:35.1480518Z (20/87): pkgconf-pkg-config-1.4.2-1.el8.x86_64. 4.6 MB/s |  15 kB     00:00    
FIPS IT (strict)	Run base tests	2025-04-22T09:14:35.1517092Z (21/87): abattis-cantarell-fonts-0.0.25-6.el8.n  33 MB/s | 156 kB     00:00    
FIPS IT (strict)	Run base tests	2025-04-22T09:14:35.1542785Z (22/87): shared-mime-info-1.9-4.el8.x86_64.rpm   38 MB/s | 329 kB     00:00    
FIPS IT (strict)	Run base tests	2025-04-22T09:14:35.1616450Z (23/87): adwaita-cursor-theme-3.28.0-3.el8.noar  48 MB/s | 647 kB     00:00    
FIPS IT (strict)	Run base tests	2025-04-22T09:14:35.1631954Z (24/87): at-spi2-atk-2.26.2-1.el8.x86_64.rpm     10 MB/s |  89 kB     00:00    
FIPS IT (strict)	Run base tests	2025-04-22T09:14:35.1674665Z (25/87): at-spi2-core-2.28.0-1.el8.x86_64.rpm    31 MB/s | 169 kB     00:00    
FIPS IT (strict)	Run base tests	2025-04-22T09:14:35.1711890Z (26/87): atk-2.28.1-1.el8.x86_64.rpm             35 MB/s | 272 kB     00:00    
FIPS IT (strict)	Run base tests	2025-04-22T09:14:35.1767336Z (27/87): cairo-gobject-1.15.12-6.el8.x86_64.rpm 6.3 MB/s |  33 kB     00:00    
FIPS IT (strict)	Run base tests	2025-04-22T09:14:35.1805201Z (28/87): cairo-1.15.12-6.el8.x86_64.rpm          55 MB/s | 719 kB     00:00    
FIPS IT (strict)	Run base tests	2025-04-22T09:14:35.1836555Z (29/87): colord-libs-1.4.2-1.el8.x86_64.rpm      36 MB/s | 236 kB     00:00    
FIPS IT (strict)	Run base tests	2025-04-22T09:14:35.1847833Z (30/87): copy-jdk-configs-4.0-2.el8.noarch.rpm  7.8 MB/s |  31 kB     00:00    
FIPS IT (strict)	Run base tests	2025-04-22T09:14:35.1889325Z (31/87): dconf-0.28.0-4.el8.x86_64.rpm           22 MB/s | 108 kB     00:00    
FIPS IT (strict)	Run base tests	2025-04-22T09:14:35.1912643Z (32/87): graphite2-1.3.10-10.el8.x86_64.rpm      20 MB/s | 122 kB     00:00    
FIPS IT (strict)	Run base tests	2025-04-22T09:14:35.1930937Z (33/87): hicolor-icon-theme-0.17-2.el8.noarch.r  13 MB/s |  48 kB     00:00    
FIPS IT (strict)	Run base tests	2025-04-22T09:14:35.1951864Z (34/87): javapackages-filesystem-5.3.0-1.module 8.2 MB/s |  30 kB     00:00    
FIPS IT (strict)	Run base tests	2025-04-22T09:14:35.1971150Z (35/87): jbigkit-libs-2.1-14.el8.x86_64.rpm      14 MB/s |  55 kB     00:00    
FIPS IT (strict)	Run base tests	2025-04-22T09:14:35.2006992Z (36/87): lcms2-2.9-2.el8.x86_64.rpm              31 MB/s | 165 kB     00:00    
FIPS IT (strict)	Run base tests	2025-04-22T09:14:35.2021899Z (37/87): libXau-1.0.9-3.el8.x86_64.rpm          7.8 MB/s |  37 kB     00:00    
FIPS IT (strict)	Run base tests	2025-04-22T09:14:35.2052494Z (38/87): libXcomposite-0.4.4-14.el8.x86_64.rpm  6.9 MB/s |  29 kB     00:00    
FIPS IT (strict)	Run base tests	2025-04-22T09:14:35.2066994Z (39/87): libXcursor-1.1.15-3.el8.x86_64.rpm     8.4 MB/s |  36 kB     00:00    
FIPS IT (strict)	Run base tests	2025-04-22T09:14:35.2093086Z (40/87): libXdamage-1.1.4-14.el8.x86_64.rpm     7.3 MB/s |  27 kB     00:00    
FIPS IT (strict)	Run base tests	2025-04-22T09:14:35.2108351Z (41/87): libXext-1.3.4-1.el8.x86_64.rpm          12 MB/s |  45 kB     00:00    
FIPS IT (strict)	Run base tests	2025-04-22T09:14:35.2133149Z (42/87): libXfixes-5.0.3-7.el8.x86_64.rpm       6.6 MB/s |  25 kB     00:00    
FIPS IT (strict)	Run base tests	2025-04-22T09:14:35.2157988Z (43/87): libXft-2.3.3-1.el8.x86_64.rpm           14 MB/s |  67 kB     00:00    
FIPS IT (strict)	Run base tests	2025-04-22T09:14:35.2173213Z (44/87): libXi-1.7.10-1.el8.x86_64.rpm           13 MB/s |  49 kB     00:00    
FIPS IT (strict)	Run base tests	2025-04-22T09:14:35.2197161Z (45/87): libXinerama-1.1.4-1.el8.x86_64.rpm     4.2 MB/s |  16 kB     00:00    
FIPS IT (strict)	Run base tests	2025-04-22T09:14:35.2212599Z (46/87): libXrandr-1.5.2-1.el8.x86_64.rpm       9.2 MB/s |  34 kB     00:00    
FIPS IT (strict)	Run base tests	2025-04-22T09:14:35.2237868Z (47/87): libXrender-0.9.10-7.el8.x86_64.rpm     8.6 MB/s |  33 kB     00:00    
FIPS IT (strict)	Run base tests	2025-04-22T09:14:35.2281833Z (48/87): libdatrie-0.2.9-7.el8.x86_64.rpm       8.1 MB/s |  33 kB     00:00    
FIPS IT (strict)	Run base tests	2025-04-22T09:14:35.2295463Z (49/87): libXtst-1.2.3-7.el8.x86_64.rpm         2.7 MB/s |  22 kB     00:00    
FIPS IT (strict)	Run base tests	2025-04-22T09:14:35.2342509Z (50/87): libfontenc-1.1.3-8.el8.x86_64.rpm      8.3 MB/s |  37 kB     00:00    
FIPS IT (strict)	Run base tests	2025-04-22T09:14:35.2359903Z (51/87): libepoxy-1.5.8-1.el8.x86_64.rpm         30 MB/s | 225 kB     00:00    
FIPS IT (strict)	Run base tests	2025-04-22T09:14:35.2394119Z (52/87): libjpeg-turbo-1.5.3-12.el8.x86_64.rpm   33 MB/s | 157 kB     00:00    
FIPS IT (strict)	Run base tests	2025-04-22T09:14:35.2431189Z (53/87): libthai-0.1.27-2.el8.x86_64.rpm         29 MB/s | 203 kB     00:00    
FIPS IT (strict)	Run base tests	2025-04-22T09:14:35.2475911Z (54/87): libxcb-1.13.1-1.el8.x86_64.rpm          29 MB/s | 229 kB     00:00    
FIPS IT (strict)	Run base tests	2025-04-22T09:14:35.2507496Z (55/87): libxkbcommon-0.9.1-1.el8.x86_64.rpm     16 MB/s | 116 kB     00:00    
FIPS IT (strict)	Run base tests	2025-04-22T09:14:35.2547095Z (56/87): lua-5.3.4-12.el8.x86_64.rpm             29 MB/s | 192 kB     00:00    
FIPS IT (strict)	Run base tests	2025-04-22T09:14:35.2606753Z (57/87): pango-1.42.4-8.el8.x86_64.rpm           31 MB/s | 297 kB     00:00    
FIPS IT (strict)	Run base tests	2025-04-22T09:14:35.2616014Z (58/87): rest-0.8.1-2.el8.x86_64.rpm             11 MB/s |  71 kB     00:00    
FIPS IT (strict)	Run base tests	2025-04-22T09:14:35.2671961Z (59/87): ttmkfdir-3.0.9-54.el8.x86_64.rpm        12 MB/s |  62 kB     00:00    
FIPS IT (strict)	Run base tests	2025-04-22T09:14:35.2725362Z (60/87): xorg-x11-font-utils-7.5-41.el8.x86_64.  21 MB/s | 104 kB     00:00    
FIPS IT (strict)	Run base tests	2025-04-22T09:14:35.2771477Z (61/87): xkeyboard-config-2.28-1.el8.noarch.rpm  52 MB/s | 782 kB     00:00    
FIPS IT (strict)	Run base tests	2025-04-22T09:14:35.2832380Z (62/87): xorg-x11-fonts-Type1-7.5-19.el8.noarch  49 MB/s | 522 kB     00:00    
FIPS IT (strict)	Run base tests	2025-04-22T09:14:35.2878883Z (63/87): alsa-lib-1.2.10-2.el8.x86_64.rpm        48 MB/s | 501 kB     00:00    
FIPS IT (strict)	Run base tests	2025-04-22T09:14:35.2895581Z (64/87): fribidi-1.0.4-9.el8.x86_64.rpm          15 MB/s |  89 kB     00:00    
FIPS IT (strict)	Run base tests	2025-04-22T09:14:35.2927368Z (65/87): gdk-pixbuf2-modules-2.36.12-6.el8_10.x  24 MB/s | 109 kB     00:00    
FIPS IT (strict)	Run base tests	2025-04-22T09:14:35.2965304Z (66/87): harfbuzz-1.7.5-4.el8.x86_64.rpm         45 MB/s | 296 kB     00:00    
FIPS IT (strict)	Run base tests	2025-04-22T09:14:35.3248185Z (67/87): adwaita-icon-theme-3.28.0-3.el8.noarch  66 MB/s |  11 MB     00:00    
FIPS IT (strict)	Run base tests	2025-04-22T09:14:35.3270207Z (68/87): libX11-common-1.6.8-9.el8_10.noarch.rp 5.1 MB/s | 159 kB     00:00    
FIPS IT (strict)	Run base tests	2025-04-22T09:14:35.3296539Z (69/87): libX11-1.6.8-9.el8_10.x86_64.rpm        16 MB/s | 612 kB     00:00    
FIPS IT (strict)	Run base tests	2025-04-22T09:14:35.3308112Z (70/87): libwayland-cursor-1.21.0-1.el8.x86_64. 7.2 MB/s |  26 kB     00:00    
FIPS IT (strict)	Run base tests	2025-04-22T09:14:35.3319061Z (71/87): libwayland-client-1.21.0-1.el8.x86_64. 5.9 MB/s |  41 kB     00:00    
FIPS IT (strict)	Run base tests	2025-04-22T09:14:35.3335230Z (72/87): libwayland-egl-1.21.0-1.el8.x86_64.rpm 5.4 MB/s |  20 kB     00:00    
FIPS IT (strict)	Run base tests	2025-04-22T09:14:35.3361611Z (73/87): nspr-4.35.0-1.el8_8.x86_64.rpm          28 MB/s | 143 kB     00:00    
FIPS IT (strict)	Run base tests	2025-04-22T09:14:35.3375211Z (74/87): gtk-update-icon-cache-3.22.30-12.el8_1 8.6 MB/s |  32 kB     00:00    
FIPS IT (strict)	Run base tests	2025-04-22T09:14:35.3397911Z (75/87): pixman-0.38.4-4.el8.x86_64.rpm          33 MB/s | 258 kB     00:00    
FIPS IT (strict)	Run base tests	2025-04-22T09:14:35.3434198Z (76/87): jasper-libs-2.0.14-6.el8_10.x86_64.rpm  30 MB/s | 167 kB     00:00    
FIPS IT (strict)	Run base tests	2025-04-22T09:14:35.3493969Z (77/87): java-21-openjdk-21.0.7.0.6-1.el8.x86_6  44 MB/s | 419 kB     00:00    
FIPS IT (strict)	Run base tests	2025-04-22T09:14:35.3948476Z (78/87): gtk3-3.22.30-12.el8_10.x86_64.rpm       77 MB/s | 4.5 MB     00:00    
FIPS IT (strict)	Run base tests	2025-04-22T09:14:35.4009202Z (79/87): libtiff-4.0.9-33.el8_10.x86_64.rpm      33 MB/s | 190 kB     00:00    
FIPS IT (strict)	Run base tests	2025-04-22T09:14:35.4201872Z (80/87): java-21-openjdk-devel-21.0.7.0.6-1.el8  68 MB/s | 5.2 MB     00:00    
FIPS IT (strict)	Run base tests	2025-04-22T09:14:35.4260765Z (81/87): nss-3.101.0-11.el8_8.x86_64.rpm         30 MB/s | 766 kB     00:00    
FIPS IT (strict)	Run base tests	2025-04-22T09:14:35.4328959Z (82/87): nss-softokn-3.101.0-11.el8_8.x86_64.rp  42 MB/s | 532 kB     00:00    
FIPS IT (strict)	Run base tests	2025-04-22T09:14:35.4362830Z (83/87): nss-softokn-freebl-3.101.0-11.el8_8.x8  39 MB/s | 392 kB     00:00    
FIPS IT (strict)	Run base tests	2025-04-22T09:14:35.4380182Z (84/87): nss-sysinit-3.101.0-11.el8_8.x86_64.rp  16 MB/s |  77 kB     00:00    
FIPS IT (strict)	Run base tests	2025-04-22T09:14:35.4420545Z (85/87): nss-util-3.101.0-11.el8_8.x86_64.rpm    26 MB/s | 143 kB     00:00    
FIPS IT (strict)	Run base tests	2025-04-22T09:14:35.4444641Z (86/87): tzdata-java-2025b-1.el8.noarch.rpm      30 MB/s | 187 kB     00:00    
FIPS IT (strict)	Run base tests	2025-04-22T09:14:35.6735371Z (87/87): java-21-openjdk-headless-21.0.7.0.6-1. 156 MB/s |  50 MB     00:00    
FIPS IT (strict)	Run base tests	2025-04-22T09:14:35.6768700Z --------------------------------------------------------------------------------
FIPS IT (strict)	Run base tests	2025-04-22T09:14:35.6770799Z Total                                           143 MB/s |  87 MB     00:00     
FIPS IT (strict)	Run base tests	2025-04-22T09:14:36.7013509Z Running transaction check
FIPS IT (strict)	Run base tests	2025-04-22T09:14:36.7473363Z Transaction check succeeded.
FIPS IT (strict)	Run base tests	2025-04-22T09:14:36.7474335Z Running transaction test
FIPS IT (strict)	Run base tests	2025-04-22T09:14:37.0946564Z Transaction test succeeded.
FIPS IT (strict)	Run base tests	2025-04-22T09:14:37.0965657Z Running transaction
FIPS IT (strict)	Run base tests	2025-04-22T09:14:37.5198472Z   Running scriptlet: copy-jdk-configs-4.0-2.el8.noarch                      1/1 
FIPS IT (strict)	Run base tests	2025-04-22T09:14:37.5467779Z   Running scriptlet: java-21-openjdk-headless-1:21.0.7.0.6-1.el8.x86_64     1/1 
FIPS IT (strict)	Run base tests	2025-04-22T09:14:37.5823008Z   Preparing        :                                                        1/1 
FIPS IT (strict)	Run base tests	2025-04-22T09:14:37.5855356Z   Installing       : nspr-4.35.0-1.el8_8.x86_64                            1/87 
FIPS IT (strict)	Run base tests	2025-04-22T09:14:37.6104364Z   Running scriptlet: nspr-4.35.0-1.el8_8.x86_64                            1/87 
FIPS IT (strict)	Run base tests	2025-04-22T09:14:37.6400004Z   Installing       : libpng-2:1.6.34-5.el8.x86_64                          2/87 
FIPS IT (strict)	Run base tests	2025-04-22T09:14:37.6506164Z   Installing       : freetype-2.9.1-10.el8_10.x86_64                       3/87 
FIPS IT (strict)	Run base tests	2025-04-22T09:14:37.6664585Z   Installing       : nss-util-3.101.0-11.el8_8.x86_64                      4/87 
FIPS IT (strict)	Run base tests	2025-04-22T09:14:37.6716086Z   Installing       : libjpeg-turbo-1.5.3-12.el8.x86_64                     5/87 
FIPS IT (strict)	Run base tests	2025-04-22T09:14:37.6919929Z   Installing       : fontpackages-filesystem-1.44-22.el8.noarch            6/87 
FIPS IT (strict)	Run base tests	2025-04-22T09:14:37.6985242Z   Installing       : pixman-0.38.4-4.el8.x86_64                            7/87 
FIPS IT (strict)	Run base tests	2025-04-22T09:14:37.7230448Z   Installing       : libwayland-client-1.21.0-1.el8.x86_64                 8/87 
FIPS IT (strict)	Run base tests	2025-04-22T09:14:37.7287985Z   Installing       : atk-2.28.1-1.el8.x86_64                               9/87 
FIPS IT (strict)	Run base tests	2025-04-22T09:14:37.7373392Z   Installing       : libwayland-cursor-1.21.0-1.el8.x86_64                10/87 
FIPS IT (strict)	Run base tests	2025-04-22T09:14:37.7700860Z   Installing       : dejavu-fonts-common-2.35-7.el8.noarch                11/87 
FIPS IT (strict)	Run base tests	2025-04-22T09:14:37.8055138Z   Installing       : dejavu-sans-mono-fonts-2.35-7.el8.noarch             12/87 
FIPS IT (strict)	Run base tests	2025-04-22T09:14:37.8100100Z   Installing       : fontconfig-2.13.1-4.el8.x86_64                       13/87 
FIPS IT (strict)	Run base tests	2025-04-22T09:14:38.8444278Z   Running scriptlet: fontconfig-2.13.1-4.el8.x86_64                       13/87 
FIPS IT (strict)	Run base tests	2025-04-22T09:14:38.8996831Z   Installing       : abattis-cantarell-fonts-0.0.25-6.el8.noarch          14/87 
FIPS IT (strict)	Run base tests	2025-04-22T09:14:38.9156365Z   Installing       : gsettings-desktop-schemas-3.32.0-6.el8.x86_64        15/87 
FIPS IT (strict)	Run base tests	2025-04-22T09:14:38.9440682Z   Installing       : jasper-libs-2.0.14-6.el8_10.x86_64                   16/87 
FIPS IT (strict)	Run base tests	2025-04-22T09:14:38.9903583Z   Installing       : nss-softokn-freebl-3.101.0-11.el8_8.x86_64           17/87 
FIPS IT (strict)	Run base tests	2025-04-22T09:14:39.0473216Z   Installing       : nss-softokn-3.101.0-11.el8_8.x86_64                  18/87 
FIPS IT (strict)	Run base tests	2025-04-22T09:14:39.0543868Z   Installing       : nss-3.101.0-11.el8_8.x86_64                          19/87 
FIPS IT (strict)	Run base tests	2025-04-22T09:14:39.0626627Z   Installing       : nss-sysinit-3.101.0-11.el8_8.x86_64                  20/87 
FIPS IT (strict)	Run base tests	2025-04-22T09:14:39.1151379Z   Installing       : ttmkfdir-3.0.9-54.el8.x86_64                         21/87 
FIPS IT (strict)	Run base tests	2025-04-22T09:14:39.1213726Z   Installing       : tzdata-java-2025b-1.el8.noarch                       22/87 
FIPS IT (strict)	Run base tests	2025-04-22T09:14:39.1722595Z   Installing       : libwayland-egl-1.21.0-1.el8.x86_64                   23/87 
FIPS IT (strict)	Run base tests	2025-04-22T09:14:39.1857545Z   Installing       : libX11-common-1.6.8-9.el8_10.noarch                  24/87 
FIPS IT (strict)	Run base tests	2025-04-22T09:14:39.2351150Z   Installing       : fribidi-1.0.4-9.el8.x86_64                           25/87 
FIPS IT (strict)	Run base tests	2025-04-22T09:14:39.2394482Z   Installing       : alsa-lib-1.2.10-2.el8.x86_64                         26/87 
FIPS IT (strict)	Run base tests	2025-04-22T09:14:39.3581682Z   Running scriptlet: alsa-lib-1.2.10-2.el8.x86_64                         26/87 
FIPS IT (strict)	Run base tests	2025-04-22T09:14:39.3727106Z   Installing       : xkeyboard-config-2.28-1.el8.noarch                   27/87 
FIPS IT (strict)	Run base tests	2025-04-22T09:14:39.3916422Z   Installing       : libxkbcommon-0.9.1-1.el8.x86_64                      28/87 
FIPS IT (strict)	Run base tests	2025-04-22T09:14:39.3964795Z   Installing       : lua-5.3.4-12.el8.x86_64                              29/87 
FIPS IT (strict)	Run base tests	2025-04-22T09:14:39.4017993Z   Installing       : copy-jdk-configs-4.0-2.el8.noarch                    30/87 
FIPS IT (strict)	Run base tests	2025-04-22T09:14:39.4257736Z   Installing       : libfontenc-1.1.3-8.el8.x86_64                        31/87 
FIPS IT (strict)	Run base tests	2025-04-22T09:14:39.4318248Z   Installing       : libepoxy-1.5.8-1.el8.x86_64                          32/87 
FIPS IT (strict)	Run base tests	2025-04-22T09:14:39.4344203Z   Installing       : libdatrie-0.2.9-7.el8.x86_64                         33/87 
FIPS IT (strict)	Run base tests	2025-04-22T09:14:39.4636690Z   Running scriptlet: libdatrie-0.2.9-7.el8.x86_64                         33/87 
FIPS IT (strict)	Run base tests	2025-04-22T09:14:39.4664219Z   Installing       : libthai-0.1.27-2.el8.x86_64                          34/87 
FIPS IT (strict)	Run base tests	2025-04-22T09:14:39.4814450Z   Running scriptlet: libthai-0.1.27-2.el8.x86_64                          34/87 
FIPS IT (strict)	Run base tests	2025-04-22T09:14:39.5192106Z   Installing       : libXau-1.0.9-3.el8.x86_64                            35/87 
FIPS IT (strict)	Run base tests	2025-04-22T09:14:39.5648066Z   Installing       : libxcb-1.13.1-1.el8.x86_64                           36/87 
FIPS IT (strict)	Run base tests	2025-04-22T09:14:39.5713197Z   Installing       : libX11-1.6.8-9.el8_10.x86_64                         37/87 
FIPS IT (strict)	Run base tests	2025-04-22T09:14:39.5771347Z   Installing       : libXext-1.3.4-1.el8.x86_64                           38/87 
FIPS IT (strict)	Run base tests	2025-04-22T09:14:39.6295000Z   Installing       : libXrender-0.9.10-7.el8.x86_64                       39/87 
FIPS IT (strict)	Run base tests	2025-04-22T09:14:39.6375695Z   Installing       : cairo-1.15.12-6.el8.x86_64                           40/87 
FIPS IT (strict)	Run base tests	2025-04-22T09:14:39.6425117Z   Installing       : libXi-1.7.10-1.el8.x86_64                            41/87 
FIPS IT (strict)	Run base tests	2025-04-22T09:14:39.6473966Z   Installing       : libXfixes-5.0.3-7.el8.x86_64                         42/87 
FIPS IT (strict)	Run base tests	2025-04-22T09:14:39.6525589Z   Installing       : libXtst-1.2.3-7.el8.x86_64                           43/87 
FIPS IT (strict)	Run base tests	2025-04-22T09:14:39.6720965Z   Installing       : libXcomposite-0.4.4-14.el8.x86_64                    44/87 
FIPS IT (strict)	Run base tests	2025-04-22T09:14:39.6763929Z   Installing       : at-spi2-core-2.28.0-1.el8.x86_64                     45/87 
FIPS IT (strict)	Run base tests	2025-04-22T09:14:39.6982692Z   Running scriptlet: at-spi2-core-2.28.0-1.el8.x86_64                     45/87 
FIPS IT (strict)	Run base tests	2025-04-22T09:14:39.7014092Z   Installing       : at-spi2-atk-2.26.2-1.el8.x86_64                      46/87 
FIPS IT (strict)	Run base tests	2025-04-22T09:14:39.7163062Z   Running scriptlet: at-spi2-atk-2.26.2-1.el8.x86_64                      46/87 
FIPS IT (strict)	Run base tests	2025-04-22T09:14:39.7222412Z   Installing       : libXcursor-1.1.15-3.el8.x86_64                       47/87 
FIPS IT (strict)	Run base tests	2025-04-22T09:14:39.7270017Z   Installing       : libXdamage-1.1.4-14.el8.x86_64                       48/87 
FIPS IT (strict)	Run base tests	2025-04-22T09:14:39.7357495Z   Installing       : cairo-gobject-1.15.12-6.el8.x86_64                   49/87 
FIPS IT (strict)	Run base tests	2025-04-22T09:14:39.7413912Z   Installing       : libXft-2.3.3-1.el8.x86_64                            50/87 
FIPS IT (strict)	Run base tests	2025-04-22T09:14:39.7462467Z   Installing       : libXrandr-1.5.2-1.el8.x86_64                         51/87 
FIPS IT (strict)	Run base tests	2025-04-22T09:14:39.7613105Z   Installing       : libXinerama-1.1.4-1.el8.x86_64                       52/87 
FIPS IT (strict)	Run base tests	2025-04-22T09:14:39.7644318Z   Installing       : lcms2-2.9-2.el8.x86_64                               53/87 
FIPS IT (strict)	Run base tests	2025-04-22T09:14:39.7831321Z   Running scriptlet: lcms2-2.9-2.el8.x86_64                               53/87 
FIPS IT (strict)	Run base tests	2025-04-22T09:14:39.7861459Z   Installing       : jbigkit-libs-2.1-14.el8.x86_64                       54/87 
FIPS IT (strict)	Run base tests	2025-04-22T09:14:39.8124115Z   Running scriptlet: jbigkit-libs-2.1-14.el8.x86_64                       54/87 
FIPS IT (strict)	Run base tests	2025-04-22T09:14:39.8196285Z   Installing       : libtiff-4.0.9-33.el8_10.x86_64                       55/87 
FIPS IT (strict)	Run base tests	2025-04-22T09:14:39.8587600Z   Installing       : javapackages-filesystem-5.3.0-1.module+el8+2447+6f   56/87 
FIPS IT (strict)	Run base tests	2025-04-22T09:14:39.8769623Z   Installing       : hicolor-icon-theme-0.17-2.el8.noarch                 57/87 
FIPS IT (strict)	Run base tests	2025-04-22T09:14:39.9014221Z   Installing       : graphite2-1.3.10-10.el8.x86_64                       58/87 
FIPS IT (strict)	Run base tests	2025-04-22T09:14:39.9048205Z   Installing       : harfbuzz-1.7.5-4.el8.x86_64                          59/87 
FIPS IT (strict)	Run base tests	2025-04-22T09:14:39.9426191Z   Running scriptlet: harfbuzz-1.7.5-4.el8.x86_64                          59/87 
FIPS IT (strict)	Run base tests	2025-04-22T09:14:39.9477959Z   Installing       : pango-1.42.4-8.el8.x86_64                            60/87 
FIPS IT (strict)	Run base tests	2025-04-22T09:14:39.9764417Z   Running scriptlet: pango-1.42.4-8.el8.x86_64                            60/87 
FIPS IT (strict)	Run base tests	2025-04-22T09:14:40.0884994Z   Installing       : dconf-0.28.0-4.el8.x86_64                            61/87 
FIPS IT (strict)	Run base tests	2025-04-22T09:14:41.3119539Z   Installing       : adwaita-cursor-theme-3.28.0-3.el8.noarch             62/87 
FIPS IT (strict)	Run base tests	2025-04-22T09:14:41.3688498Z   Installing       : adwaita-icon-theme-3.28.0-3.el8.noarch               63/87 
FIPS IT (strict)	Run base tests	2025-04-22T09:14:41.3718097Z   Installing       : shared-mime-info-1.9-4.el8.x86_64                    64/87 
FIPS IT (strict)	Run base tests	2025-04-22T09:14:41.4185088Z   Running scriptlet: shared-mime-info-1.9-4.el8.x86_64                    64/87 
FIPS IT (strict)	Run base tests	2025-04-22T09:14:41.4236921Z   Installing       : gdk-pixbuf2-2.36.12-6.el8_10.x86_64                  65/87 
FIPS IT (strict)	Run base tests	2025-04-22T09:14:41.4542045Z   Running scriptlet: gdk-pixbuf2-2.36.12-6.el8_10.x86_64                  65/87 
FIPS IT (strict)	Run base tests	2025-04-22T09:14:41.4612444Z   Installing       : gdk-pixbuf2-modules-2.36.12-6.el8_10.x86_64          66/87 
FIPS IT (strict)	Run base tests	2025-04-22T09:14:41.4655697Z   Installing       : gtk-update-icon-cache-3.22.30-12.el8_10.x86_64       67/87 
FIPS IT (strict)	Run base tests	2025-04-22T09:14:41.4794985Z   Installing       : pkgconf-m4-1.4.2-1.el8.noarch                        68/87 
FIPS IT (strict)	Run base tests	2025-04-22T09:14:41.4827547Z   Installing       : lksctp-tools-1.0.18-3.el8.x86_64                     69/87 
FIPS IT (strict)	Run base tests	2025-04-22T09:14:41.4978599Z   Running scriptlet: lksctp-tools-1.0.18-3.el8.x86_64                     69/87 
FIPS IT (strict)	Run base tests	2025-04-22T09:14:41.5050408Z   Installing       : libpkgconf-1.4.2-1.el8.x86_64                        70/87 
FIPS IT (strict)	Run base tests	2025-04-22T09:14:41.5092555Z   Installing       : pkgconf-1.4.2-1.el8.x86_64                           71/87 
FIPS IT (strict)	Run base tests	2025-04-22T09:14:41.5263519Z   Installing       : pkgconf-pkg-config-1.4.2-1.el8.x86_64                72/87 
FIPS IT (strict)	Run base tests	2025-04-22T09:14:41.5655827Z   Installing       : xorg-x11-font-utils-1:7.5-41.el8.x86_64              73/87 
FIPS IT (strict)	Run base tests	2025-04-22T09:14:41.5685180Z   Installing       : xorg-x11-fonts-Type1-7.5-19.el8.noarch               74/87 
FIPS IT (strict)	Run base tests	2025-04-22T09:14:41.6200174Z   Running scriptlet: xorg-x11-fonts-Type1-7.5-19.el8.noarch               74/87 
FIPS IT (strict)	Run base tests	2025-04-22T09:14:41.6233271Z   Installing       : libmodman-2.0.1-17.el8.x86_64                        75/87 
FIPS IT (strict)	Run base tests	2025-04-22T09:14:41.6414488Z   Running scriptlet: libmodman-2.0.1-17.el8.x86_64                        75/87 
FIPS IT (strict)	Run base tests	2025-04-22T09:14:41.6448742Z   Installing       : libproxy-0.4.15-5.5.el8_10.x86_64                    76/87 
FIPS IT (strict)	Run base tests	2025-04-22T09:14:41.6704581Z   Running scriptlet: libproxy-0.4.15-5.5.el8_10.x86_64                    76/87 
FIPS IT (strict)	Run base tests	2025-04-22T09:14:41.7078368Z   Installing       : glib-networking-2.56.1-1.1.el8.x86_64                77/87 
FIPS IT (strict)	Run base tests	2025-04-22T09:14:41.7197847Z   Installing       : libsoup-2.62.3-7.el8_10.x86_64                       78/87 
FIPS IT (strict)	Run base tests	2025-04-22T09:14:41.7231844Z   Installing       : rest-0.8.1-2.el8.x86_64                              79/87 
FIPS IT (strict)	Run base tests	2025-04-22T09:14:41.7409569Z   Running scriptlet: rest-0.8.1-2.el8.x86_64                              79/87 
FIPS IT (strict)	Run base tests	2025-04-22T09:14:41.7646636Z   Installing       : libgusb-0.3.0-1.el8.x86_64                           80/87 
FIPS IT (strict)	Run base tests	2025-04-22T09:14:41.7737506Z   Installing       : colord-libs-1.4.2-1.el8.x86_64                       81/87 
FIPS IT (strict)	Run base tests	2025-04-22T09:14:41.8043908Z   Installing       : avahi-libs-0.7-27.el8_10.1.x86_64                    82/87 
FIPS IT (strict)	Run base tests	2025-04-22T09:14:45.6679161Z   Installing       : cups-libs-1:2.2.6-62.el8_10.x86_64                   83/87 
FIPS IT (strict)	Run base tests	2025-04-22T09:14:45.6762526Z   Installing       : java-21-openjdk-headless-1:21.0.7.0.6-1.el8.x86_64   84/87 
FIPS IT (strict)	Run base tests	2025-04-22T09:14:46.0178139Z   Running scriptlet: java-21-openjdk-headless-1:21.0.7.0.6-1.el8.x86_64   84/87 
FIPS IT (strict)	Run base tests	2025-04-22T09:14:46.0551137Z   Installing       : gtk3-3.22.30-12.el8_10.x86_64                        85/87 
FIPS IT (strict)	Run base tests	2025-04-22T09:14:46.0600317Z   Installing       : java-21-openjdk-1:21.0.7.0.6-1.el8.x86_64            86/87 
FIPS IT (strict)	Run base tests	2025-04-22T09:14:46.4463643Z   Running scriptlet: java-21-openjdk-1:21.0.7.0.6-1.el8.x86_64            86/87 
FIPS IT (strict)	Run base tests	2025-04-22T09:14:46.4516283Z   Installing       : java-21-openjdk-devel-1:21.0.7.0.6-1.el8.x86_64      87/87 
FIPS IT (strict)	Run base tests	2025-04-22T09:14:46.4601646Z   Running scriptlet: java-21-openjdk-devel-1:21.0.7.0.6-1.el8.x86_64      87/87 
FIPS IT (strict)	Run base tests	2025-04-22T09:14:46.5509602Z   Running scriptlet: nss-3.101.0-11.el8_8.x86_64                          87/87 
FIPS IT (strict)	Run base tests	2025-04-22T09:14:46.5588359Z   Running scriptlet: copy-jdk-configs-4.0-2.el8.noarch                    87/87 
FIPS IT (strict)	Run base tests	2025-04-22T09:14:46.5701637Z   Running scriptlet: dconf-0.28.0-4.el8.x86_64                            87/87 
FIPS IT (strict)	Run base tests	2025-04-22T09:14:46.5822659Z   Running scriptlet: java-21-openjdk-headless-1:21.0.7.0.6-1.el8.x86_64   87/87 
FIPS IT (strict)	Run base tests	2025-04-22T09:14:46.6016704Z   Running scriptlet: java-21-openjdk-1:21.0.7.0.6-1.el8.x86_64            87/87 
FIPS IT (strict)	Run base tests	2025-04-22T09:14:46.6719908Z   Running scriptlet: java-21-openjdk-devel-1:21.0.7.0.6-1.el8.x86_64      87/87 
FIPS IT (strict)	Run base tests	2025-04-22T09:14:46.6909816Z   Running scriptlet: fontconfig-2.13.1-4.el8.x86_64                       87/87 
FIPS IT (strict)	Run base tests	2025-04-22T09:14:46.7132068Z   Running scriptlet: hicolor-icon-theme-0.17-2.el8.noarch                 87/87 
FIPS IT (strict)	Run base tests	2025-04-22T09:14:46.7880032Z   Running scriptlet: adwaita-icon-theme-3.28.0-3.el8.noarch               87/87 
FIPS IT (strict)	Run base tests	2025-04-22T09:14:47.4319026Z   Running scriptlet: shared-mime-info-1.9-4.el8.x86_64                    87/87 
FIPS IT (strict)	Run base tests	2025-04-22T09:14:47.4788842Z   Running scriptlet: gdk-pixbuf2-2.36.12-6.el8_10.x86_64                  87/87 
FIPS IT (strict)	Run base tests	2025-04-22T09:14:47.4790033Z   Verifying        : avahi-libs-0.7-27.el8_10.1.x86_64                     1/87 
FIPS IT (strict)	Run base tests	2025-04-22T09:14:47.4791094Z   Verifying        : cups-libs-1:2.2.6-62.el8_10.x86_64                    2/87 
FIPS IT (strict)	Run base tests	2025-04-22T09:14:47.4792386Z   Verifying        : dejavu-fonts-common-2.35-7.el8.noarch                 3/87 
FIPS IT (strict)	Run base tests	2025-04-22T09:14:47.4793138Z   Verifying        : dejavu-sans-mono-fonts-2.35-7.el8.noarch              4/87 
FIPS IT (strict)	Run base tests	2025-04-22T09:14:47.4793832Z   Verifying        : fontconfig-2.13.1-4.el8.x86_64                        5/87 
FIPS IT (strict)	Run base tests	2025-04-22T09:14:47.4794503Z   Verifying        : fontpackages-filesystem-1.44-22.el8.noarch            6/87 
FIPS IT (strict)	Run base tests	2025-04-22T09:14:47.4797860Z   Verifying        : freetype-2.9.1-10.el8_10.x86_64                       7/87 
FIPS IT (strict)	Run base tests	2025-04-22T09:14:47.4799097Z   Verifying        : gdk-pixbuf2-2.36.12-6.el8_10.x86_64                   8/87 
FIPS IT (strict)	Run base tests	2025-04-22T09:14:47.4800174Z   Verifying        : glib-networking-2.56.1-1.1.el8.x86_64                 9/87 
FIPS IT (strict)	Run base tests	2025-04-22T09:14:47.4801341Z   Verifying        : gsettings-desktop-schemas-3.32.0-6.el8.x86_64        10/87 
FIPS IT (strict)	Run base tests	2025-04-22T09:14:47.4802800Z   Verifying        : libgusb-0.3.0-1.el8.x86_64                           11/87 
FIPS IT (strict)	Run base tests	2025-04-22T09:14:47.4803928Z   Verifying        : libmodman-2.0.1-17.el8.x86_64                        12/87 
FIPS IT (strict)	Run base tests	2025-04-22T09:14:47.4805219Z   Verifying        : libpkgconf-1.4.2-1.el8.x86_64                        13/87 
FIPS IT (strict)	Run base tests	2025-04-22T09:14:47.4806370Z   Verifying        : libpng-2:1.6.34-5.el8.x86_64                         14/87 
FIPS IT (strict)	Run base tests	2025-04-22T09:14:47.4807338Z   Verifying        : libproxy-0.4.15-5.5.el8_10.x86_64                    15/87 
FIPS IT (strict)	Run base tests	2025-04-22T09:14:47.4808301Z   Verifying        : libsoup-2.62.3-7.el8_10.x86_64                       16/87 
FIPS IT (strict)	Run base tests	2025-04-22T09:14:47.4809466Z   Verifying        : lksctp-tools-1.0.18-3.el8.x86_64                     17/87 
FIPS IT (strict)	Run base tests	2025-04-22T09:14:47.4810418Z   Verifying        : pkgconf-1.4.2-1.el8.x86_64                           18/87 
FIPS IT (strict)	Run base tests	2025-04-22T09:14:47.4811470Z   Verifying        : pkgconf-m4-1.4.2-1.el8.noarch                        19/87 
FIPS IT (strict)	Run base tests	2025-04-22T09:14:47.4812818Z   Verifying        : pkgconf-pkg-config-1.4.2-1.el8.x86_64                20/87 
FIPS IT (strict)	Run base tests	2025-04-22T09:14:47.4814921Z   Verifying        : shared-mime-info-1.9-4.el8.x86_64                    21/87 
FIPS IT (strict)	Run base tests	2025-04-22T09:14:47.4815781Z   Verifying        : abattis-cantarell-fonts-0.0.25-6.el8.noarch          22/87 
FIPS IT (strict)	Run base tests	2025-04-22T09:14:47.4816278Z   Verifying        : adwaita-cursor-theme-3.28.0-3.el8.noarch             23/87 
FIPS IT (strict)	Run base tests	2025-04-22T09:14:47.4816754Z   Verifying        : adwaita-icon-theme-3.28.0-3.el8.noarch               24/87 
FIPS IT (strict)	Run base tests	2025-04-22T09:14:47.4817194Z   Verifying        : at-spi2-atk-2.26.2-1.el8.x86_64                      25/87 
FIPS IT (strict)	Run base tests	2025-04-22T09:14:47.4817633Z   Verifying        : at-spi2-core-2.28.0-1.el8.x86_64                     26/87 
FIPS IT (strict)	Run base tests	2025-04-22T09:14:47.4818305Z   Verifying        : atk-2.28.1-1.el8.x86_64                              27/87 
FIPS IT (strict)	Run base tests	2025-04-22T09:14:47.4818903Z   Verifying        : cairo-1.15.12-6.el8.x86_64                           28/87 
FIPS IT (strict)	Run base tests	2025-04-22T09:14:47.4820188Z   Verifying        : cairo-gobject-1.15.12-6.el8.x86_64                   29/87 
FIPS IT (strict)	Run base tests	2025-04-22T09:14:47.4821009Z   Verifying        : colord-libs-1.4.2-1.el8.x86_64                       30/87 
FIPS IT (strict)	Run base tests	2025-04-22T09:14:47.4821819Z   Verifying        : copy-jdk-configs-4.0-2.el8.noarch                    31/87 
FIPS IT (strict)	Run base tests	2025-04-22T09:14:47.4822643Z   Verifying        : dconf-0.28.0-4.el8.x86_64                            32/87 
FIPS IT (strict)	Run base tests	2025-04-22T09:14:47.4823750Z   Verifying        : graphite2-1.3.10-10.el8.x86_64                       33/87 
FIPS IT (strict)	Run base tests	2025-04-22T09:14:47.4824593Z   Verifying        : hicolor-icon-theme-0.17-2.el8.noarch                 34/87 
FIPS IT (strict)	Run base tests	2025-04-22T09:14:47.4825393Z   Verifying        : javapackages-filesystem-5.3.0-1.module+el8+2447+6f   35/87 
FIPS IT (strict)	Run base tests	2025-04-22T09:14:47.4826184Z   Verifying        : jbigkit-libs-2.1-14.el8.x86_64                       36/87 
FIPS IT (strict)	Run base tests	2025-04-22T09:14:47.4826893Z   Verifying        : lcms2-2.9-2.el8.x86_64                               37/87 
FIPS IT (strict)	Run base tests	2025-04-22T09:14:47.4827660Z   Verifying        : libXau-1.0.9-3.el8.x86_64                            38/87 
FIPS IT (strict)	Run base tests	2025-04-22T09:14:47.4828436Z   Verifying        : libXcomposite-0.4.4-14.el8.x86_64                    39/87 
FIPS IT (strict)	Run base tests	2025-04-22T09:14:47.4829067Z   Verifying        : libXcursor-1.1.15-3.el8.x86_64                       40/87 
FIPS IT (strict)	Run base tests	2025-04-22T09:14:47.4829866Z   Verifying        : libXdamage-1.1.4-14.el8.x86_64                       41/87 
FIPS IT (strict)	Run base tests	2025-04-22T09:14:47.4830644Z   Verifying        : libXext-1.3.4-1.el8.x86_64                           42/87 
FIPS IT (strict)	Run base tests	2025-04-22T09:14:47.4831445Z   Verifying        : libXfixes-5.0.3-7.el8.x86_64                         43/87 
FIPS IT (strict)	Run base tests	2025-04-22T09:14:47.4832381Z   Verifying        : libXft-2.3.3-1.el8.x86_64                            44/87 
FIPS IT (strict)	Run base tests	2025-04-22T09:14:47.4833105Z   Verifying        : libXi-1.7.10-1.el8.x86_64                            45/87 
FIPS IT (strict)	Run base tests	2025-04-22T09:14:47.4833890Z   Verifying        : libXinerama-1.1.4-1.el8.x86_64                       46/87 
FIPS IT (strict)	Run base tests	2025-04-22T09:14:47.4834706Z   Verifying        : libXrandr-1.5.2-1.el8.x86_64                         47/87 
FIPS IT (strict)	Run base tests	2025-04-22T09:14:47.4835507Z   Verifying        : libXrender-0.9.10-7.el8.x86_64                       48/87 
FIPS IT (strict)	Run base tests	2025-04-22T09:14:47.4836300Z   Verifying        : libXtst-1.2.3-7.el8.x86_64                           49/87 
FIPS IT (strict)	Run base tests	2025-04-22T09:14:47.4837086Z   Verifying        : libdatrie-0.2.9-7.el8.x86_64                         50/87 
FIPS IT (strict)	Run base tests	2025-04-22T09:14:47.4837878Z   Verifying        : libepoxy-1.5.8-1.el8.x86_64                          51/87 
FIPS IT (strict)	Run base tests	2025-04-22T09:14:47.4838694Z   Verifying        : libfontenc-1.1.3-8.el8.x86_64                        52/87 
FIPS IT (strict)	Run base tests	2025-04-22T09:14:47.4839507Z   Verifying        : libjpeg-turbo-1.5.3-12.el8.x86_64                    53/87 
FIPS IT (strict)	Run base tests	2025-04-22T09:14:47.4840417Z   Verifying        : libthai-0.1.27-2.el8.x86_64                          54/87 
FIPS IT (strict)	Run base tests	2025-04-22T09:14:47.4841214Z   Verifying        : libxcb-1.13.1-1.el8.x86_64                           55/87 
FIPS IT (strict)	Run base tests	2025-04-22T09:14:47.4841993Z   Verifying        : libxkbcommon-0.9.1-1.el8.x86_64                      56/87 
FIPS IT (strict)	Run base tests	2025-04-22T09:14:47.4842919Z   Verifying        : lua-5.3.4-12.el8.x86_64                              57/87 
FIPS IT (strict)	Run base tests	2025-04-22T09:14:47.4843394Z   Verifying        : pango-1.42.4-8.el8.x86_64                            58/87 
FIPS IT (strict)	Run base tests	2025-04-22T09:14:47.4843967Z   Verifying        : rest-0.8.1-2.el8.x86_64                              59/87 
FIPS IT (strict)	Run base tests	2025-04-22T09:14:47.4844387Z   Verifying        : ttmkfdir-3.0.9-54.el8.x86_64                         60/87 
FIPS IT (strict)	Run base tests	2025-04-22T09:14:47.4844836Z   Verifying        : xkeyboard-config-2.28-1.el8.noarch                   61/87 
FIPS IT (strict)	Run base tests	2025-04-22T09:14:47.4845292Z   Verifying        : xorg-x11-font-utils-1:7.5-41.el8.x86_64              62/87 
FIPS IT (strict)	Run base tests	2025-04-22T09:14:47.4845738Z   Verifying        : xorg-x11-fonts-Type1-7.5-19.el8.noarch               63/87 
FIPS IT (strict)	Run base tests	2025-04-22T09:14:47.4848560Z   Verifying        : alsa-lib-1.2.10-2.el8.x86_64                         64/87 
FIPS IT (strict)	Run base tests	2025-04-22T09:14:47.4849320Z   Verifying        : fribidi-1.0.4-9.el8.x86_64                           65/87 
FIPS IT (strict)	Run base tests	2025-04-22T09:14:47.4850058Z   Verifying        : gdk-pixbuf2-modules-2.36.12-6.el8_10.x86_64          66/87 
FIPS IT (strict)	Run base tests	2025-04-22T09:14:47.4850777Z   Verifying        : harfbuzz-1.7.5-4.el8.x86_64                          67/87 
FIPS IT (strict)	Run base tests	2025-04-22T09:14:47.4851466Z   Verifying        : libX11-1.6.8-9.el8_10.x86_64                         68/87 
FIPS IT (strict)	Run base tests	2025-04-22T09:14:47.4852376Z   Verifying        : libX11-common-1.6.8-9.el8_10.noarch                  69/87 
FIPS IT (strict)	Run base tests	2025-04-22T09:14:47.4853388Z   Verifying        : libwayland-client-1.21.0-1.el8.x86_64                70/87 
FIPS IT (strict)	Run base tests	2025-04-22T09:14:47.4854163Z   Verifying        : libwayland-cursor-1.21.0-1.el8.x86_64                71/87 
FIPS IT (strict)	Run base tests	2025-04-22T09:14:47.4854905Z   Verifying        : libwayland-egl-1.21.0-1.el8.x86_64                   72/87 
FIPS IT (strict)	Run base tests	2025-04-22T09:14:47.4855818Z   Verifying        : nspr-4.35.0-1.el8_8.x86_64                           73/87 
FIPS IT (strict)	Run base tests	2025-04-22T09:14:47.4856602Z   Verifying        : pixman-0.38.4-4.el8.x86_64                           74/87 
FIPS IT (strict)	Run base tests	2025-04-22T09:14:47.4857430Z   Verifying        : gtk-update-icon-cache-3.22.30-12.el8_10.x86_64       75/87 
FIPS IT (strict)	Run base tests	2025-04-22T09:14:47.4858196Z   Verifying        : gtk3-3.22.30-12.el8_10.x86_64                        76/87 
FIPS IT (strict)	Run base tests	2025-04-22T09:14:47.4858883Z   Verifying        : jasper-libs-2.0.14-6.el8_10.x86_64                   77/87 
FIPS IT (strict)	Run base tests	2025-04-22T09:14:47.4859649Z   Verifying        : java-21-openjdk-1:21.0.7.0.6-1.el8.x86_64            78/87 
FIPS IT (strict)	Run base tests	2025-04-22T09:14:47.4860284Z   Verifying        : java-21-openjdk-devel-1:21.0.7.0.6-1.el8.x86_64      79/87 
FIPS IT (strict)	Run base tests	2025-04-22T09:14:47.4861096Z   Verifying        : java-21-openjdk-headless-1:21.0.7.0.6-1.el8.x86_64   80/87 
FIPS IT (strict)	Run base tests	2025-04-22T09:14:47.4861881Z   Verifying        : libtiff-4.0.9-33.el8_10.x86_64                       81/87 
FIPS IT (strict)	Run base tests	2025-04-22T09:14:47.4862580Z   Verifying        : nss-3.101.0-11.el8_8.x86_64                          82/87 
FIPS IT (strict)	Run base tests	2025-04-22T09:14:47.4863024Z   Verifying        : nss-softokn-3.101.0-11.el8_8.x86_64                  83/87 
FIPS IT (strict)	Run base tests	2025-04-22T09:14:47.4863469Z   Verifying        : nss-softokn-freebl-3.101.0-11.el8_8.x86_64           84/87 
FIPS IT (strict)	Run base tests	2025-04-22T09:14:47.4863911Z   Verifying        : nss-sysinit-3.101.0-11.el8_8.x86_64                  85/87 
FIPS IT (strict)	Run base tests	2025-04-22T09:14:47.4864326Z   Verifying        : nss-util-3.101.0-11.el8_8.x86_64                     86/87 
FIPS IT (strict)	Run base tests	2025-04-22T09:14:47.5907470Z   Verifying        : tzdata-java-2025b-1.el8.noarch                       87/87 
FIPS IT (strict)	Run base tests	2025-04-22T09:14:47.5908334Z Installed products updated.
FIPS IT (strict)	Run base tests	2025-04-22T09:14:47.6134008Z 
FIPS IT (strict)	Run base tests	2025-04-22T09:14:47.6134389Z Installed:
FIPS IT (strict)	Run base tests	2025-04-22T09:14:47.6135017Z   abattis-cantarell-fonts-0.0.25-6.el8.noarch                                   
FIPS IT (strict)	Run base tests	2025-04-22T09:14:47.6135920Z   adwaita-cursor-theme-3.28.0-3.el8.noarch                                      
FIPS IT (strict)	Run base tests	2025-04-22T09:14:47.6136824Z   adwaita-icon-theme-3.28.0-3.el8.noarch                                        
FIPS IT (strict)	Run base tests	2025-04-22T09:14:47.6137608Z   alsa-lib-1.2.10-2.el8.x86_64                                                  
FIPS IT (strict)	Run base tests	2025-04-22T09:14:47.6138285Z   at-spi2-atk-2.26.2-1.el8.x86_64                                               
FIPS IT (strict)	Run base tests	2025-04-22T09:14:47.6138974Z   at-spi2-core-2.28.0-1.el8.x86_64                                              
FIPS IT (strict)	Run base tests	2025-04-22T09:14:47.6139660Z   atk-2.28.1-1.el8.x86_64                                                       
FIPS IT (strict)	Run base tests	2025-04-22T09:14:47.6140374Z   avahi-libs-0.7-27.el8_10.1.x86_64                                             
FIPS IT (strict)	Run base tests	2025-04-22T09:14:47.6141158Z   cairo-1.15.12-6.el8.x86_64                                                    
FIPS IT (strict)	Run base tests	2025-04-22T09:14:47.6141925Z   cairo-gobject-1.15.12-6.el8.x86_64                                            
FIPS IT (strict)	Run base tests	2025-04-22T09:14:47.6142893Z   colord-libs-1.4.2-1.el8.x86_64                                                
FIPS IT (strict)	Run base tests	2025-04-22T09:14:47.6143677Z   copy-jdk-configs-4.0-2.el8.noarch                                             
FIPS IT (strict)	Run base tests	2025-04-22T09:14:47.6144752Z   cups-libs-1:2.2.6-62.el8_10.x86_64                                            
FIPS IT (strict)	Run base tests	2025-04-22T09:14:47.6145471Z   dconf-0.28.0-4.el8.x86_64                                                     
FIPS IT (strict)	Run base tests	2025-04-22T09:14:47.6146238Z   dejavu-fonts-common-2.35-7.el8.noarch                                         
FIPS IT (strict)	Run base tests	2025-04-22T09:14:47.6147107Z   dejavu-sans-mono-fonts-2.35-7.el8.noarch                                      
FIPS IT (strict)	Run base tests	2025-04-22T09:14:47.6147915Z   fontconfig-2.13.1-4.el8.x86_64                                                
FIPS IT (strict)	Run base tests	2025-04-22T09:14:47.6148744Z   fontpackages-filesystem-1.44-22.el8.noarch                                    
FIPS IT (strict)	Run base tests	2025-04-22T09:14:47.6149845Z   freetype-2.9.1-10.el8_10.x86_64                                               
FIPS IT (strict)	Run base tests	2025-04-22T09:14:47.6150573Z   fribidi-1.0.4-9.el8.x86_64                                                    
FIPS IT (strict)	Run base tests	2025-04-22T09:14:47.6151287Z   gdk-pixbuf2-2.36.12-6.el8_10.x86_64                                           
FIPS IT (strict)	Run base tests	2025-04-22T09:14:47.6152075Z   gdk-pixbuf2-modules-2.36.12-6.el8_10.x86_64                                   
FIPS IT (strict)	Run base tests	2025-04-22T09:14:47.6153136Z   glib-networking-2.56.1-1.1.el8.x86_64                                         
FIPS IT (strict)	Run base tests	2025-04-22T09:14:47.6153893Z   graphite2-1.3.10-10.el8.x86_64                                                
FIPS IT (strict)	Run base tests	2025-04-22T09:14:47.6154663Z   gsettings-desktop-schemas-3.32.0-6.el8.x86_64                                 
FIPS IT (strict)	Run base tests	2025-04-22T09:14:47.6155499Z   gtk-update-icon-cache-3.22.30-12.el8_10.x86_64                                
FIPS IT (strict)	Run base tests	2025-04-22T09:14:47.6156286Z   gtk3-3.22.30-12.el8_10.x86_64                                                 
FIPS IT (strict)	Run base tests	2025-04-22T09:14:47.6156971Z   harfbuzz-1.7.5-4.el8.x86_64                                                   
FIPS IT (strict)	Run base tests	2025-04-22T09:14:47.6157788Z   hicolor-icon-theme-0.17-2.el8.noarch                                          
FIPS IT (strict)	Run base tests	2025-04-22T09:14:47.6158563Z   jasper-libs-2.0.14-6.el8_10.x86_64                                            
FIPS IT (strict)	Run base tests	2025-04-22T09:14:47.6159333Z   java-21-openjdk-1:21.0.7.0.6-1.el8.x86_64                                     
FIPS IT (strict)	Run base tests	2025-04-22T09:14:47.6160114Z   java-21-openjdk-devel-1:21.0.7.0.6-1.el8.x86_64                               
FIPS IT (strict)	Run base tests	2025-04-22T09:14:47.6160910Z   java-21-openjdk-headless-1:21.0.7.0.6-1.el8.x86_64                            
FIPS IT (strict)	Run base tests	2025-04-22T09:14:47.6161796Z   javapackages-filesystem-5.3.0-1.module+el8+2447+6f56d9a6.noarch               
FIPS IT (strict)	Run base tests	2025-04-22T09:14:47.6162815Z   jbigkit-libs-2.1-14.el8.x86_64                                                
FIPS IT (strict)	Run base tests	2025-04-22T09:14:47.6163463Z   lcms2-2.9-2.el8.x86_64                                                        
FIPS IT (strict)	Run base tests	2025-04-22T09:14:47.6164089Z   libX11-1.6.8-9.el8_10.x86_64                                                  
FIPS IT (strict)	Run base tests	2025-04-22T09:14:47.6164774Z   libX11-common-1.6.8-9.el8_10.noarch                                           
FIPS IT (strict)	Run base tests	2025-04-22T09:14:47.6165449Z   libXau-1.0.9-3.el8.x86_64                                                     
FIPS IT (strict)	Run base tests	2025-04-22T09:14:47.6166191Z   libXcomposite-0.4.4-14.el8.x86_64                                             
FIPS IT (strict)	Run base tests	2025-04-22T09:14:47.6166899Z   libXcursor-1.1.15-3.el8.x86_64                                                
FIPS IT (strict)	Run base tests	2025-04-22T09:14:47.6167588Z   libXdamage-1.1.4-14.el8.x86_64                                                
FIPS IT (strict)	Run base tests	2025-04-22T09:14:47.6168250Z   libXext-1.3.4-1.el8.x86_64                                                    
FIPS IT (strict)	Run base tests	2025-04-22T09:14:47.6168931Z   libXfixes-5.0.3-7.el8.x86_64                                                  
FIPS IT (strict)	Run base tests	2025-04-22T09:14:47.6169595Z   libXft-2.3.3-1.el8.x86_64                                                     
FIPS IT (strict)	Run base tests	2025-04-22T09:14:47.6170220Z   libXi-1.7.10-1.el8.x86_64                                                     
FIPS IT (strict)	Run base tests	2025-04-22T09:14:47.6170896Z   libXinerama-1.1.4-1.el8.x86_64                                                
FIPS IT (strict)	Run base tests	2025-04-22T09:14:47.6171582Z   libXrandr-1.5.2-1.el8.x86_64                                                  
FIPS IT (strict)	Run base tests	2025-04-22T09:14:47.6172418Z   libXrender-0.9.10-7.el8.x86_64                                                
FIPS IT (strict)	Run base tests	2025-04-22T09:14:47.6173368Z   libXtst-1.2.3-7.el8.x86_64                                                    
FIPS IT (strict)	Run base tests	2025-04-22T09:14:47.6174078Z   libdatrie-0.2.9-7.el8.x86_64                                                  
FIPS IT (strict)	Run base tests	2025-04-22T09:14:47.6174810Z   libepoxy-1.5.8-1.el8.x86_64                                                   
FIPS IT (strict)	Run base tests	2025-04-22T09:14:47.6175563Z   libfontenc-1.1.3-8.el8.x86_64                                                 
FIPS IT (strict)	Run base tests	2025-04-22T09:14:47.6176300Z   libgusb-0.3.0-1.el8.x86_64                                                    
FIPS IT (strict)	Run base tests	2025-04-22T09:14:47.6177041Z   libjpeg-turbo-1.5.3-12.el8.x86_64                                             
FIPS IT (strict)	Run base tests	2025-04-22T09:14:47.6177783Z   libmodman-2.0.1-17.el8.x86_64                                                 
FIPS IT (strict)	Run base tests	2025-04-22T09:14:47.6178661Z   libpkgconf-1.4.2-1.el8.x86_64                                                 
FIPS IT (strict)	Run base tests	2025-04-22T09:14:47.6179347Z   libpng-2:1.6.34-5.el8.x86_64                                                  
FIPS IT (strict)	Run base tests	2025-04-22T09:14:47.6180016Z   libproxy-0.4.15-5.5.el8_10.x86_64                                             
FIPS IT (strict)	Run base tests	2025-04-22T09:14:47.6180700Z   libsoup-2.62.3-7.el8_10.x86_64                                                
FIPS IT (strict)	Run base tests	2025-04-22T09:14:47.6181375Z   libthai-0.1.27-2.el8.x86_64                                                   
FIPS IT (strict)	Run base tests	2025-04-22T09:14:47.6182043Z   libtiff-4.0.9-33.el8_10.x86_64                                                
FIPS IT (strict)	Run base tests	2025-04-22T09:14:47.6182957Z   libwayland-client-1.21.0-1.el8.x86_64                                         
FIPS IT (strict)	Run base tests	2025-04-22T09:14:47.6183742Z   libwayland-cursor-1.21.0-1.el8.x86_64                                         
FIPS IT (strict)	Run base tests	2025-04-22T09:14:47.6184501Z   libwayland-egl-1.21.0-1.el8.x86_64                                            
FIPS IT (strict)	Run base tests	2025-04-22T09:14:47.6185212Z   libxcb-1.13.1-1.el8.x86_64                                                    
FIPS IT (strict)	Run base tests	2025-04-22T09:14:47.6185902Z   libxkbcommon-0.9.1-1.el8.x86_64                                               
FIPS IT (strict)	Run base tests	2025-04-22T09:14:47.6186621Z   lksctp-tools-1.0.18-3.el8.x86_64                                              
FIPS IT (strict)	Run base tests	2025-04-22T09:14:47.6187285Z   lua-5.3.4-12.el8.x86_64                                                       
FIPS IT (strict)	Run base tests	2025-04-22T09:14:47.6187903Z   nspr-4.35.0-1.el8_8.x86_64                                                    
FIPS IT (strict)	Run base tests	2025-04-22T09:14:47.6188530Z   nss-3.101.0-11.el8_8.x86_64                                                   
FIPS IT (strict)	Run base tests	2025-04-22T09:14:47.6189202Z   nss-softokn-3.101.0-11.el8_8.x86_64                                           
FIPS IT (strict)	Run base tests	2025-04-22T09:14:47.6189945Z   nss-softokn-freebl-3.101.0-11.el8_8.x86_64                                    
FIPS IT (strict)	Run base tests	2025-04-22T09:14:47.6190688Z   nss-sysinit-3.101.0-11.el8_8.x86_64                                           
FIPS IT (strict)	Run base tests	2025-04-22T09:14:47.6191388Z   nss-util-3.101.0-11.el8_8.x86_64                                              
FIPS IT (strict)	Run base tests	2025-04-22T09:14:47.6192055Z   pango-1.42.4-8.el8.x86_64                                                     
FIPS IT (strict)	Run base tests	2025-04-22T09:14:47.6192874Z   pixman-0.38.4-4.el8.x86_64                                                    
FIPS IT (strict)	Run base tests	2025-04-22T09:14:47.6193544Z   pkgconf-1.4.2-1.el8.x86_64                                                    
FIPS IT (strict)	Run base tests	2025-04-22T09:14:47.6194238Z   pkgconf-m4-1.4.2-1.el8.noarch                                                 
FIPS IT (strict)	Run base tests	2025-04-22T09:14:47.6194978Z   pkgconf-pkg-config-1.4.2-1.el8.x86_64                                         
FIPS IT (strict)	Run base tests	2025-04-22T09:14:47.6195682Z   rest-0.8.1-2.el8.x86_64                                                       
FIPS IT (strict)	Run base tests	2025-04-22T09:14:47.6196368Z   shared-mime-info-1.9-4.el8.x86_64                                             
FIPS IT (strict)	Run base tests	2025-04-22T09:14:47.6197086Z   ttmkfdir-3.0.9-54.el8.x86_64                                                  
FIPS IT (strict)	Run base tests	2025-04-22T09:14:47.6197800Z   tzdata-java-2025b-1.el8.noarch                                                
FIPS IT (strict)	Run base tests	2025-04-22T09:14:47.6198578Z   xkeyboard-config-2.28-1.el8.noarch                                            
FIPS IT (strict)	Run base tests	2025-04-22T09:14:47.6199358Z   xorg-x11-font-utils-1:7.5-41.el8.x86_64                                       
FIPS IT (strict)	Run base tests	2025-04-22T09:14:47.6200290Z   xorg-x11-fonts-Type1-7.5-19.el8.noarch                                        
FIPS IT (strict)	Run base tests	2025-04-22T09:14:47.6200775Z 
FIPS IT (strict)	Run base tests	2025-04-22T09:14:47.6200914Z Complete!
FIPS IT (strict)	Run base tests	2025-04-22T09:14:47.6894036Z + fips-mode-setup --enable --no-bootcfg
FIPS IT (strict)	Run base tests	2025-04-22T09:14:47.7795577Z Setting system policy to FIPS
FIPS IT (strict)	Run base tests	2025-04-22T09:14:47.7796384Z Note: System-wide crypto policies are applied on application start-up.
FIPS IT (strict)	Run base tests	2025-04-22T09:14:47.7797168Z It is recommended to restart the system for the change of policies
FIPS IT (strict)	Run base tests	2025-04-22T09:14:47.7797731Z to fully take place.
FIPS IT (strict)	Run base tests	2025-04-22T09:14:47.7885564Z The grubby command is missing, please configure the bootloader manually.
FIPS IT (strict)	Run base tests	2025-04-22T09:14:47.7890396Z FIPS mode will be enabled.
FIPS IT (strict)	Run base tests	2025-04-22T09:14:47.7891378Z Now you need to configure the bootloader to add kernel options "fips=1"
FIPS IT (strict)	Run base tests	2025-04-22T09:14:47.7891944Z and reboot the system for the setting to take effect.
FIPS IT (strict)	Run base tests	2025-04-22T09:14:47.7895127Z + fips-mode-setup --is-enabled
FIPS IT (strict)	Run base tests	2025-04-22T09:14:47.7932007Z cat: /proc/sys/crypto/fips_enabled: No such file or directory
FIPS IT (strict)	Run base tests	2025-04-22T09:14:47.7941505Z + '[' 2 -ne 0 ']'
FIPS IT (strict)	Run base tests	2025-04-22T09:14:47.7941876Z + exit 1
FIPS IT (strict)	Run base tests	2025-04-22T09:14:48.7122941Z ##[error]Process completed with exit code 1.
Status Check - Keycloak CI	Run /./.github/actions/status-check	2025-04-22T09:15:05.5268892Z Prepare all required actions
Status Check - Keycloak CI	Run /./.github/actions/status-check	2025-04-22T09:15:05.5340188Z ##[group]Run ./.github/actions/status-check
Status Check - Keycloak CI	Run /./.github/actions/status-check	2025-04-22T09:15:05.5340775Z with:
Status Check - Keycloak CI	Run /./.github/actions/status-check	2025-04-22T09:15:05.5344656Z   jobs: {
Status Check - Keycloak CI	Run /./.github/actions/status-check	  "conditional": {
Status Check - Keycloak CI	Run /./.github/actions/status-check	    "result": "success",
Status Check - Keycloak CI	Run /./.github/actions/status-check	    "outputs": {
Status Check - Keycloak CI	Run /./.github/actions/status-check	      "ci": "true",
Status Check - Keycloak CI	Run /./.github/actions/status-check	      "ci-aurora": "false",
Status Check - Keycloak CI	Run /./.github/actions/status-check	      "ci-quarkus": "true",
Status Check - Keycloak CI	Run /./.github/actions/status-check	      "ci-sssd": "true",
Status Check - Keycloak CI	Run /./.github/actions/status-check	      "ci-store": "true",
Status Check - Keycloak CI	Run /./.github/actions/status-check	      "ci-webauthn": "true"
Status Check - Keycloak CI	Run /./.github/actions/status-check	    }
Status Check - Keycloak CI	Run /./.github/actions/status-check	  },
Status Check - Keycloak CI	Run /./.github/actions/status-check	  "build": {
Status Check - Keycloak CI	Run /./.github/actions/status-check	    "result": "success",
Status Check - Keycloak CI	Run /./.github/actions/status-check	    "outputs": {}
Status Check - Keycloak CI	Run /./.github/actions/status-check	  },
Status Check - Keycloak CI	Run /./.github/actions/status-check	  "unit-tests": {
Status Check - Keycloak CI	Run /./.github/actions/status-check	    "result": "success",
Status Check - Keycloak CI	Run /./.github/actions/status-check	    "outputs": {}
Status Check - Keycloak CI	Run /./.github/actions/status-check	  },
Status Check - Keycloak CI	Run /./.github/actions/status-check	  "base-integration-tests": {
Status Check - Keycloak CI	Run /./.github/actions/status-check	    "result": "success",
Status Check - Keycloak CI	Run /./.github/actions/status-check	    "outputs": {}
Status Check - Keycloak CI	Run /./.github/actions/status-check	  },
Status Check - Keycloak CI	Run /./.github/actions/status-check	  "adapter-integration-tests": {
Status Check - Keycloak CI	Run /./.github/actions/status-check	    "result": "success",
Status Check - Keycloak CI	Run /./.github/actions/status-check	    "outputs": {}
Status Check - Keycloak CI	Run /./.github/actions/status-check	  },
Status Check - Keycloak CI	Run /./.github/actions/status-check	  "adapter-integration-tests-strict-cookies": {
Status Check - Keycloak CI	Run /./.github/actions/status-check	    "result": "success",
Status Check - Keycloak CI	Run /./.github/actions/status-check	    "outputs": {}
Status Check - Keycloak CI	Run /./.github/actions/status-check	  },
Status Check - Keycloak CI	Run /./.github/actions/status-check	  "quarkus-unit-tests": {
Status Check - Keycloak CI	Run /./.github/actions/status-check	    "result": "success",
Status Check - Keycloak CI	Run /./.github/actions/status-check	    "outputs": {}
Status Check - Keycloak CI	Run /./.github/actions/status-check	  },
Status Check - Keycloak CI	Run /./.github/actions/status-check	  "quarkus-integration-tests": {
Status Check - Keycloak CI	Run /./.github/actions/status-check	    "result": "success",
Status Check - Keycloak CI	Run /./.github/actions/status-check	    "outputs": {}
Status Check - Keycloak CI	Run /./.github/actions/status-check	  },
Status Check - Keycloak CI	Run /./.github/actions/status-check	  "jdk-integration-tests": {
Status Check - Keycloak CI	Run /./.github/actions/status-check	    "result": "success",
Status Check - Keycloak CI	Run /./.github/actions/status-check	    "outputs": {}
Status Check - Keycloak CI	Run /./.github/actions/status-check	  },
Status Check - Keycloak CI	Run /./.github/actions/status-check	  "store-integration-tests": {
Status Check - Keycloak CI	Run /./.github/actions/status-check	    "result": "success",
Status Check - Keycloak CI	Run /./.github/actions/status-check	    "outputs": {}
Status Check - Keycloak CI	Run /./.github/actions/status-check	  },
Status Check - Keycloak CI	Run /./.github/actions/status-check	  "volatile-sessions-tests": {
Status Check - Keycloak CI	Run /./.github/actions/status-check	    "result": "success",
Status Check - Keycloak CI	Run /./.github/actions/status-check	    "outputs": {}
Status Check - Keycloak CI	Run /./.github/actions/status-check	  },
Status Check - Keycloak CI	Run /./.github/actions/status-check	  "store-model-tests": {
Status Check - Keycloak CI	Run /./.github/actions/status-check	    "result": "success",
Status Check - Keycloak CI	Run /./.github/actions/status-check	    "outputs": {}
Status Check - Keycloak CI	Run /./.github/actions/status-check	  },
Status Check - Keycloak CI	Run /./.github/actions/status-check	  "clustering-integration-tests": {
Status Check - Keycloak CI	Run /./.github/actions/status-check	    "result": "success",
Status Check - Keycloak CI	Run /./.github/actions/status-check	    "outputs": {}
Status Check - Keycloak CI	Run /./.github/actions/status-check	  },
Status Check - Keycloak CI	Run /./.github/actions/status-check	  "fips-unit-tests": {
Status Check - Keycloak CI	Run /./.github/actions/status-check	    "result": "success",
Status Check - Keycloak CI	Run /./.github/actions/status-check	    "outputs": {}
Status Check - Keycloak CI	Run /./.github/actions/status-check	  },
Status Check - Keycloak CI	Run /./.github/actions/status-check	  "fips-integration-tests": {
Status Check - Keycloak CI	Run /./.github/actions/status-check	    "result": "failure",
Status Check - Keycloak CI	Run /./.github/actions/status-check	    "outputs": {}
Status Check - Keycloak CI	Run /./.github/actions/status-check	  },
Status Check - Keycloak CI	Run /./.github/actions/status-check	  "forms-integration-tests": {
Status Check - Keycloak CI	Run /./.github/actions/status-check	    "result": "success",
Status Check - Keycloak CI	Run /./.github/actions/status-check	    "outputs": {}
Status Check - Keycloak CI	Run /./.github/actions/status-check	  },
Status Check - Keycloak CI	Run /./.github/actions/status-check	  "webauthn-integration-tests": {
Status Check - Keycloak CI	Run /./.github/actions/status-check	    "result": "success",
Status Check - Keycloak CI	Run /./.github/actions/status-check	    "outputs": {}
Status Check - Keycloak CI	Run /./.github/actions/status-check	  },
Status Check - Keycloak CI	Run /./.github/actions/status-check	  "sssd-unit-tests": {
Status Check - Keycloak CI	Run /./.github/actions/status-check	    "result": "success",
Status Check - Keycloak CI	Run /./.github/actions/status-check	    "outputs": {}
Status Check - Keycloak CI	Run /./.github/actions/status-check	  },
Status Check - Keycloak CI	Run /./.github/actions/status-check	  "migration-tests": {
Status Check - Keycloak CI	Run /./.github/actions/status-check	    "result": "success",
Status Check - Keycloak CI	Run /./.github/actions/status-check	    "outputs": {}
Status Check - Keycloak CI	Run /./.github/actions/status-check	  },
Status Check - Keycloak CI	Run /./.github/actions/status-check	  "external-infinispan-tests": {
Status Check - Keycloak CI	Run /./.github/actions/status-check	    "result": "success",
Status Check - Keycloak CI	Run /./.github/actions/status-check	    "outputs": {}
Status Check - Keycloak CI	Run /./.github/actions/status-check	  },
Status Check - Keycloak CI	Run /./.github/actions/status-check	  "test-framework": {
Status Check - Keycloak CI	Run /./.github/actions/status-check	    "result": "success",
Status Check - Keycloak CI	Run /./.github/actions/status-check	    "outputs": {}
Status Check - Keycloak CI	Run /./.github/actions/status-check	  },
Status Check - Keycloak CI	Run /./.github/actions/status-check	  "base-new-integration-tests": {
Status Check - Keycloak CI	Run /./.github/actions/status-check	    "result": "success",
Status Check - Keycloak CI	Run /./.github/actions/status-check	    "outputs": {}
Status Check - Keycloak CI	Run /./.github/actions/status-check	  }
Status Check - Keycloak CI	Run /./.github/actions/status-check	}
Status Check - Keycloak CI	Run /./.github/actions/status-check	2025-04-22T09:15:05.5348920Z env:
Status Check - Keycloak CI	Run /./.github/actions/status-check	2025-04-22T09:15:05.5349232Z   MAVEN_ARGS: -B -nsu -Daether.connector.http.connectionMaxTtl=25
Status Check - Keycloak CI	Run /./.github/actions/status-check	2025-04-22T09:15:05.5349633Z   SUREFIRE_RERUN_FAILING_COUNT: 2
Status Check - Keycloak CI	Run /./.github/actions/status-check	2025-04-22T09:15:05.5350014Z   SUREFIRE_RETRY: -Dsurefire.rerunFailingTestsCount=2
Status Check - Keycloak CI	Run /./.github/actions/status-check	2025-04-22T09:15:05.5350332Z ##[endgroup]
Status Check - Keycloak CI	Run /./.github/actions/status-check	2025-04-22T09:15:05.5536757Z ##[group]Run JOBS='{
Status Check - Keycloak CI	Run /./.github/actions/status-check	2025-04-22T09:15:05.5537171Z [36;1mJOBS='{[0m
Status Check - Keycloak CI	Run /./.github/actions/status-check	2025-04-22T09:15:05.5537414Z [36;1m  "conditional": {[0m
Status Check - Keycloak CI	Run /./.github/actions/status-check	2025-04-22T09:15:05.5537688Z [36;1m    "result": "success",[0m
Status Check - Keycloak CI	Run /./.github/actions/status-check	2025-04-22T09:15:05.5537964Z [36;1m    "outputs": {[0m
Status Check - Keycloak CI	Run /./.github/actions/status-check	2025-04-22T09:15:05.5538212Z [36;1m      "ci": "true",[0m
Status Check - Keycloak CI	Run /./.github/actions/status-check	2025-04-22T09:15:05.5538474Z [36;1m      "ci-aurora": "false",[0m
Status Check - Keycloak CI	Run /./.github/actions/status-check	2025-04-22T09:15:05.5538761Z [36;1m      "ci-quarkus": "true",[0m
Status Check - Keycloak CI	Run /./.github/actions/status-check	2025-04-22T09:15:05.5539038Z [36;1m      "ci-sssd": "true",[0m
Status Check - Keycloak CI	Run /./.github/actions/status-check	2025-04-22T09:15:05.5539312Z [36;1m      "ci-store": "true",[0m
Status Check - Keycloak CI	Run /./.github/actions/status-check	2025-04-22T09:15:05.5539604Z [36;1m      "ci-webauthn": "true"[0m
Status Check - Keycloak CI	Run /./.github/actions/status-check	2025-04-22T09:15:05.5539866Z [36;1m    }[0m
Status Check - Keycloak CI	Run /./.github/actions/status-check	2025-04-22T09:15:05.5540087Z [36;1m  },[0m
Status Check - Keycloak CI	Run /./.github/actions/status-check	2025-04-22T09:15:05.5540307Z [36;1m  "build": {[0m
Status Check - Keycloak CI	Run /./.github/actions/status-check	2025-04-22T09:15:05.5540807Z [36;1m    "result": "success",[0m
Status Check - Keycloak CI	Run /./.github/actions/status-check	2025-04-22T09:15:05.5541103Z [36;1m    "outputs": {}[0m
Status Check - Keycloak CI	Run /./.github/actions/status-check	2025-04-22T09:15:05.5541350Z [36;1m  },[0m
Status Check - Keycloak CI	Run /./.github/actions/status-check	2025-04-22T09:15:05.5541578Z [36;1m  "unit-tests": {[0m
Status Check - Keycloak CI	Run /./.github/actions/status-check	2025-04-22T09:15:05.5541832Z [36;1m    "result": "success",[0m
Status Check - Keycloak CI	Run /./.github/actions/status-check	2025-04-22T09:15:05.5542093Z [36;1m    "outputs": {}[0m
Status Check - Keycloak CI	Run /./.github/actions/status-check	2025-04-22T09:15:05.5542329Z [36;1m  },[0m
Status Check - Keycloak CI	Run /./.github/actions/status-check	2025-04-22T09:15:05.5542564Z [36;1m  "base-integration-tests": {[0m
Status Check - Keycloak CI	Run /./.github/actions/status-check	2025-04-22T09:15:05.5542849Z [36;1m    "result": "success",[0m
Status Check - Keycloak CI	Run /./.github/actions/status-check	2025-04-22T09:15:05.5543119Z [36;1m    "outputs": {}[0m
Status Check - Keycloak CI	Run /./.github/actions/status-check	2025-04-22T09:15:05.5543369Z [36;1m  },[0m
Status Check - Keycloak CI	Run /./.github/actions/status-check	2025-04-22T09:15:05.5543608Z [36;1m  "adapter-integration-tests": {[0m
Status Check - Keycloak CI	Run /./.github/actions/status-check	2025-04-22T09:15:05.5543914Z [36;1m    "result": "success",[0m
Status Check - Keycloak CI	Run /./.github/actions/status-check	2025-04-22T09:15:05.5544180Z [36;1m    "outputs": {}[0m
Status Check - Keycloak CI	Run /./.github/actions/status-check	2025-04-22T09:15:05.5544639Z [36;1m  },[0m
Status Check - Keycloak CI	Run /./.github/actions/status-check	2025-04-22T09:15:05.5544958Z [36;1m  "adapter-integration-tests-strict-cookies": {[0m
Status Check - Keycloak CI	Run /./.github/actions/status-check	2025-04-22T09:15:05.5545474Z [36;1m    "result": "success",[0m
Status Check - Keycloak CI	Run /./.github/actions/status-check	2025-04-22T09:15:05.5545735Z [36;1m    "outputs": {}[0m
Status Check - Keycloak CI	Run /./.github/actions/status-check	2025-04-22T09:15:05.5545978Z [36;1m  },[0m
Status Check - Keycloak CI	Run /./.github/actions/status-check	2025-04-22T09:15:05.5546206Z [36;1m  "quarkus-unit-tests": {[0m
Status Check - Keycloak CI	Run /./.github/actions/status-check	2025-04-22T09:15:05.5546485Z [36;1m    "result": "success",[0m
Status Check - Keycloak CI	Run /./.github/actions/status-check	2025-04-22T09:15:05.5546752Z [36;1m    "outputs": {}[0m
Status Check - Keycloak CI	Run /./.github/actions/status-check	2025-04-22T09:15:05.5546986Z [36;1m  },[0m
Status Check - Keycloak CI	Run /./.github/actions/status-check	2025-04-22T09:15:05.5547222Z [36;1m  "quarkus-integration-tests": {[0m
Status Check - Keycloak CI	Run /./.github/actions/status-check	2025-04-22T09:15:05.5547516Z [36;1m    "result": "success",[0m
Status Check - Keycloak CI	Run /./.github/actions/status-check	2025-04-22T09:15:05.5547779Z [36;1m    "outputs": {}[0m
Status Check - Keycloak CI	Run /./.github/actions/status-check	2025-04-22T09:15:05.5548018Z [36;1m  },[0m
Status Check - Keycloak CI	Run /./.github/actions/status-check	2025-04-22T09:15:05.5548242Z [36;1m  "jdk-integration-tests": {[0m
Status Check - Keycloak CI	Run /./.github/actions/status-check	2025-04-22T09:15:05.5548597Z [36;1m    "result": "success",[0m
Status Check - Keycloak CI	Run /./.github/actions/status-check	2025-04-22T09:15:05.5548861Z [36;1m    "outputs": {}[0m
Status Check - Keycloak CI	Run /./.github/actions/status-check	2025-04-22T09:15:05.5549103Z [36;1m  },[0m
Status Check - Keycloak CI	Run /./.github/actions/status-check	2025-04-22T09:15:05.5549351Z [36;1m  "store-integration-tests": {[0m
Status Check - Keycloak CI	Run /./.github/actions/status-check	2025-04-22T09:15:05.5549639Z [36;1m    "result": "success",[0m
Status Check - Keycloak CI	Run /./.github/actions/status-check	2025-04-22T09:15:05.5549903Z [36;1m    "outputs": {}[0m
Status Check - Keycloak CI	Run /./.github/actions/status-check	2025-04-22T09:15:05.5550145Z [36;1m  },[0m
Status Check - Keycloak CI	Run /./.github/actions/status-check	2025-04-22T09:15:05.5550377Z [36;1m  "volatile-sessions-tests": {[0m
Status Check - Keycloak CI	Run /./.github/actions/status-check	2025-04-22T09:15:05.5551316Z [36;1m    "result": "success",[0m
Status Check - Keycloak CI	Run /./.github/actions/status-check	2025-04-22T09:15:05.5551601Z [36;1m    "outputs": {}[0m
Status Check - Keycloak CI	Run /./.github/actions/status-check	2025-04-22T09:15:05.5551833Z [36;1m  },[0m
Status Check - Keycloak CI	Run /./.github/actions/status-check	2025-04-22T09:15:05.5552060Z [36;1m  "store-model-tests": {[0m
Status Check - Keycloak CI	Run /./.github/actions/status-check	2025-04-22T09:15:05.5552339Z [36;1m    "result": "success",[0m
Status Check - Keycloak CI	Run /./.github/actions/status-check	2025-04-22T09:15:05.5552604Z [36;1m    "outputs": {}[0m
Status Check - Keycloak CI	Run /./.github/actions/status-check	2025-04-22T09:15:05.5552838Z [36;1m  },[0m
Status Check - Keycloak CI	Run /./.github/actions/status-check	2025-04-22T09:15:05.5553080Z [36;1m  "clustering-integration-tests": {[0m
Status Check - Keycloak CI	Run /./.github/actions/status-check	2025-04-22T09:15:05.5553389Z [36;1m    "result": "success",[0m
Status Check - Keycloak CI	Run /./.github/actions/status-check	2025-04-22T09:15:05.5553652Z [36;1m    "outputs": {}[0m
Status Check - Keycloak CI	Run /./.github/actions/status-check	2025-04-22T09:15:05.5553893Z [36;1m  },[0m
Status Check - Keycloak CI	Run /./.github/actions/status-check	2025-04-22T09:15:05.5554118Z [36;1m  "fips-unit-tests": {[0m
Status Check - Keycloak CI	Run /./.github/actions/status-check	2025-04-22T09:15:05.5554392Z [36;1m    "result": "success",[0m
Status Check - Keycloak CI	Run /./.github/actions/status-check	2025-04-22T09:15:05.5554658Z [36;1m    "outputs": {}[0m
Status Check - Keycloak CI	Run /./.github/actions/status-check	2025-04-22T09:15:05.5554895Z [36;1m  },[0m
Status Check - Keycloak CI	Run /./.github/actions/status-check	2025-04-22T09:15:05.5555128Z [36;1m  "fips-integration-tests": {[0m
Status Check - Keycloak CI	Run /./.github/actions/status-check	2025-04-22T09:15:05.5555418Z [36;1m    "result": "failure",[0m
Status Check - Keycloak CI	Run /./.github/actions/status-check	2025-04-22T09:15:05.5555675Z [36;1m    "outputs": {}[0m
Status Check - Keycloak CI	Run /./.github/actions/status-check	2025-04-22T09:15:05.5555909Z [36;1m  },[0m
Status Check - Keycloak CI	Run /./.github/actions/status-check	2025-04-22T09:15:05.5556139Z [36;1m  "forms-integration-tests": {[0m
Status Check - Keycloak CI	Run /./.github/actions/status-check	2025-04-22T09:15:05.5556426Z [36;1m    "result": "success",[0m
Status Check - Keycloak CI	Run /./.github/actions/status-check	2025-04-22T09:15:05.5556686Z [36;1m    "outputs": {}[0m
Status Check - Keycloak CI	Run /./.github/actions/status-check	2025-04-22T09:15:05.5556912Z [36;1m  },[0m
Status Check - Keycloak CI	Run /./.github/actions/status-check	2025-04-22T09:15:05.5557148Z [36;1m  "webauthn-integration-tests": {[0m
Status Check - Keycloak CI	Run /./.github/actions/status-check	2025-04-22T09:15:05.5557441Z [36;1m    "result": "success",[0m
Status Check - Keycloak CI	Run /./.github/actions/status-check	2025-04-22T09:15:05.5557704Z [36;1m    "outputs": {}[0m
Status Check - Keycloak CI	Run /./.github/actions/status-check	2025-04-22T09:15:05.5557940Z [36;1m  },[0m
Status Check - Keycloak CI	Run /./.github/actions/status-check	2025-04-22T09:15:05.5558157Z [36;1m  "sssd-unit-tests": {[0m
Status Check - Keycloak CI	Run /./.github/actions/status-check	2025-04-22T09:15:05.5558425Z [36;1m    "result": "success",[0m
Status Check - Keycloak CI	Run /./.github/actions/status-check	2025-04-22T09:15:05.5558691Z [36;1m    "outputs": {}[0m
Status Check - Keycloak CI	Run /./.github/actions/status-check	2025-04-22T09:15:05.5558926Z [36;1m  },[0m
Status Check - Keycloak CI	Run /./.github/actions/status-check	2025-04-22T09:15:05.5559148Z [36;1m  "migration-tests": {[0m
Status Check - Keycloak CI	Run /./.github/actions/status-check	2025-04-22T09:15:05.5559408Z [36;1m    "result": "success",[0m
Status Check - Keycloak CI	Run /./.github/actions/status-check	2025-04-22T09:15:05.5559664Z [36;1m    "outputs": {}[0m
Status Check - Keycloak CI	Run /./.github/actions/status-check	2025-04-22T09:15:05.5559902Z [36;1m  },[0m
Status Check - Keycloak CI	Run /./.github/actions/status-check	2025-04-22T09:15:05.5560132Z [36;1m  "external-infinispan-tests": {[0m
Status Check - Keycloak CI	Run /./.github/actions/status-check	2025-04-22T09:15:05.5560422Z [36;1m    "result": "success",[0m
Status Check - Keycloak CI	Run /./.github/actions/status-check	2025-04-22T09:15:05.5560872Z [36;1m    "outputs": {}[0m
Status Check - Keycloak CI	Run /./.github/actions/status-check	2025-04-22T09:15:05.5561111Z [36;1m  },[0m
Status Check - Keycloak CI	Run /./.github/actions/status-check	2025-04-22T09:15:05.5561338Z [36;1m  "test-framework": {[0m
Status Check - Keycloak CI	Run /./.github/actions/status-check	2025-04-22T09:15:05.5561603Z [36;1m    "result": "success",[0m
Status Check - Keycloak CI	Run /./.github/actions/status-check	2025-04-22T09:15:05.5561859Z [36;1m    "outputs": {}[0m
Status Check - Keycloak CI	Run /./.github/actions/status-check	2025-04-22T09:15:05.5562087Z [36;1m  },[0m
Status Check - Keycloak CI	Run /./.github/actions/status-check	2025-04-22T09:15:05.5562324Z [36;1m  "base-new-integration-tests": {[0m
Status Check - Keycloak CI	Run /./.github/actions/status-check	2025-04-22T09:15:05.5562619Z [36;1m    "result": "success",[0m
Status Check - Keycloak CI	Run /./.github/actions/status-check	2025-04-22T09:15:05.5562882Z [36;1m    "outputs": {}[0m
Status Check - Keycloak CI	Run /./.github/actions/status-check	2025-04-22T09:15:05.5563122Z [36;1m  }[0m
Status Check - Keycloak CI	Run /./.github/actions/status-check	2025-04-22T09:15:05.5563479Z [36;1m}'[0m
Status Check - Keycloak CI	Run /./.github/actions/status-check	2025-04-22T09:15:05.5563704Z [36;1m[0m
Status Check - Keycloak CI	Run /./.github/actions/status-check	2025-04-22T09:15:05.5563919Z [36;1mecho "Job status:"[0m
Status Check - Keycloak CI	Run /./.github/actions/status-check	2025-04-22T09:15:05.5564389Z [36;1mecho $JOBS | jq -r 'to_entries[] | " - \(.key): \(.value.result)"'[0m
Status Check - Keycloak CI	Run /./.github/actions/status-check	2025-04-22T09:15:05.5564748Z [36;1m[0m
Status Check - Keycloak CI	Run /./.github/actions/status-check	2025-04-22T09:15:05.5565028Z [36;1mfor i in $(echo $JOBS | jq -r 'to_entries[] | .value.result'); do[0m
Status Check - Keycloak CI	Run /./.github/actions/status-check	2025-04-22T09:15:05.5565429Z [36;1m  if [ "$i" != "success" ] && [ "$i" != "skipped" ]; then[0m
Status Check - Keycloak CI	Run /./.github/actions/status-check	2025-04-22T09:15:05.5565754Z [36;1m    echo ""[0m
Status Check - Keycloak CI	Run /./.github/actions/status-check	2025-04-22T09:15:05.5566013Z [36;1m    echo "Status check not okay!"[0m
Status Check - Keycloak CI	Run /./.github/actions/status-check	2025-04-22T09:15:05.5566296Z [36;1m    exit 1[0m
Status Check - Keycloak CI	Run /./.github/actions/status-check	2025-04-22T09:15:05.5566517Z [36;1m  fi[0m
Status Check - Keycloak CI	Run /./.github/actions/status-check	2025-04-22T09:15:05.5566719Z [36;1mdone[0m
Status Check - Keycloak CI	Run /./.github/actions/status-check	2025-04-22T09:15:05.5618341Z shell: /usr/bin/bash --noprofile --norc -e -o pipefail {0}
Status Check - Keycloak CI	Run /./.github/actions/status-check	2025-04-22T09:15:05.5618729Z env:
Status Check - Keycloak CI	Run /./.github/actions/status-check	2025-04-22T09:15:05.5619042Z   MAVEN_ARGS: -B -nsu -Daether.connector.http.connectionMaxTtl=25
Status Check - Keycloak CI	Run /./.github/actions/status-check	2025-04-22T09:15:05.5619425Z   SUREFIRE_RERUN_FAILING_COUNT: 2
Status Check - Keycloak CI	Run /./.github/actions/status-check	2025-04-22T09:15:05.5619773Z   SUREFIRE_RETRY: -Dsurefire.rerunFailingTestsCount=2
Status Check - Keycloak CI	Run /./.github/actions/status-check	2025-04-22T09:15:05.5620116Z ##[endgroup]
Status Check - Keycloak CI	Run /./.github/actions/status-check	2025-04-22T09:15:05.5707157Z Job status:
Status Check - Keycloak CI	Run /./.github/actions/status-check	2025-04-22T09:15:05.5753804Z  - conditional: success
Status Check - Keycloak CI	Run /./.github/actions/status-check	2025-04-22T09:15:05.5754278Z  - build: success
Status Check - Keycloak CI	Run /./.github/actions/status-check	2025-04-22T09:15:05.5754635Z  - unit-tests: success
Status Check - Keycloak CI	Run /./.github/actions/status-check	2025-04-22T09:15:05.5754931Z  - base-integration-tests: success
Status Check - Keycloak CI	Run /./.github/actions/status-check	2025-04-22T09:15:05.5755350Z  - adapter-integration-tests: success
Status Check - Keycloak CI	Run /./.github/actions/status-check	2025-04-22T09:15:05.5755974Z  - adapter-integration-tests-strict-cookies: success
Status Check - Keycloak CI	Run /./.github/actions/status-check	2025-04-22T09:15:05.5756586Z  - quarkus-unit-tests: success
Status Check - Keycloak CI	Run /./.github/actions/status-check	2025-04-22T09:15:05.5757067Z  - quarkus-integration-tests: success
Status Check - Keycloak CI	Run /./.github/actions/status-check	2025-04-22T09:15:05.5757606Z  - jdk-integration-tests: success
Status Check - Keycloak CI	Run /./.github/actions/status-check	2025-04-22T09:15:05.5757917Z  - store-integration-tests: success
Status Check - Keycloak CI	Run /./.github/actions/status-check	2025-04-22T09:15:05.5758215Z  - volatile-sessions-tests: success
Status Check - Keycloak CI	Run /./.github/actions/status-check	2025-04-22T09:15:05.5758524Z  - store-model-tests: success
Status Check - Keycloak CI	Run /./.github/actions/status-check	2025-04-22T09:15:05.5758818Z  - clustering-integration-tests: success
Status Check - Keycloak CI	Run /./.github/actions/status-check	2025-04-22T09:15:05.5759167Z  - fips-unit-tests: success
Status Check - Keycloak CI	Run /./.github/actions/status-check	2025-04-22T09:15:05.5759480Z  - fips-integration-tests: failure
Status Check - Keycloak CI	Run /./.github/actions/status-check	2025-04-22T09:15:05.5759789Z  - forms-integration-tests: success
Status Check - Keycloak CI	Run /./.github/actions/status-check	2025-04-22T09:15:05.5760094Z  - webauthn-integration-tests: success
Status Check - Keycloak CI	Run /./.github/actions/status-check	2025-04-22T09:15:05.5760395Z  - sssd-unit-tests: success
Status Check - Keycloak CI	Run /./.github/actions/status-check	2025-04-22T09:15:05.5760929Z  - migration-tests: success
Status Check - Keycloak CI	Run /./.github/actions/status-check	2025-04-22T09:15:05.5761421Z  - external-infinispan-tests: success
Status Check - Keycloak CI	Run /./.github/actions/status-check	2025-04-22T09:15:05.5761911Z  - test-framework: success
Status Check - Keycloak CI	Run /./.github/actions/status-check	2025-04-22T09:15:05.5762385Z  - base-new-integration-tests: success
Status Check - Keycloak CI	Run /./.github/actions/status-check	2025-04-22T09:15:05.5789783Z 
Status Check - Keycloak CI	Run /./.github/actions/status-check	2025-04-22T09:15:05.5790051Z Status check not okay!
Status Check - Keycloak CI	Run /./.github/actions/status-check	2025-04-22T09:15:05.5802766Z ##[error]Process completed with exit code 1.
