Test OLM installation	UNKNOWN STEP	ï»¿2025-06-27T11:31:13.1311322Z Current runner version: '2.325.0'
Test OLM installation	UNKNOWN STEP	2025-06-27T11:31:13.1346798Z ##[group]Runner Image Provisioner
Test OLM installation	UNKNOWN STEP	2025-06-27T11:31:13.1348200Z Hosted Compute Agent
Test OLM installation	UNKNOWN STEP	2025-06-27T11:31:13.1349165Z Version: 20250620.352
Test OLM installation	UNKNOWN STEP	2025-06-27T11:31:13.1350355Z Commit: f262f3aba23b10ea191b2a62bdee1ca4c3d344da
Test OLM installation	UNKNOWN STEP	2025-06-27T11:31:13.1351901Z Build Date: 2025-06-20T19:27:17Z
Test OLM installation	UNKNOWN STEP	2025-06-27T11:31:13.1352900Z ##[endgroup]
Test OLM installation	UNKNOWN STEP	2025-06-27T11:31:13.1354004Z ##[group]Operating System
Test OLM installation	UNKNOWN STEP	2025-06-27T11:31:13.1354938Z Ubuntu
Test OLM installation	UNKNOWN STEP	2025-06-27T11:31:13.1355766Z 24.04.2
Test OLM installation	UNKNOWN STEP	2025-06-27T11:31:13.1356578Z LTS
Test OLM installation	UNKNOWN STEP	2025-06-27T11:31:13.1357364Z ##[endgroup]
Test OLM installation	UNKNOWN STEP	2025-06-27T11:31:13.1358123Z ##[group]Runner Image
Test OLM installation	UNKNOWN STEP	2025-06-27T11:31:13.1359247Z Image: ubuntu-24.04
Test OLM installation	UNKNOWN STEP	2025-06-27T11:31:13.1360105Z Version: 20250622.1.0
Test OLM installation	UNKNOWN STEP	2025-06-27T11:31:13.1362046Z Included Software: https://github.com/actions/runner-images/blob/ubuntu24/20250622.1/images/ubuntu/Ubuntu2404-Readme.md
Test OLM installation	UNKNOWN STEP	2025-06-27T11:31:13.1364834Z Image Release: https://github.com/actions/runner-images/releases/tag/ubuntu24%2F20250622.1
Test OLM installation	UNKNOWN STEP	2025-06-27T11:31:13.1366665Z ##[endgroup]
Test OLM installation	UNKNOWN STEP	2025-06-27T11:31:13.1371223Z ##[group]GITHUB_TOKEN Permissions
Test OLM installation	UNKNOWN STEP	2025-06-27T11:31:13.1374627Z Actions: read
Test OLM installation	UNKNOWN STEP	2025-06-27T11:31:13.1375650Z Attestations: read
Test OLM installation	UNKNOWN STEP	2025-06-27T11:31:13.1376576Z Checks: read
Test OLM installation	UNKNOWN STEP	2025-06-27T11:31:13.1377354Z Contents: read
Test OLM installation	UNKNOWN STEP	2025-06-27T11:31:13.1378370Z Deployments: read
Test OLM installation	UNKNOWN STEP	2025-06-27T11:31:13.1379188Z Discussions: read
Test OLM installation	UNKNOWN STEP	2025-06-27T11:31:13.1379996Z Issues: read
Test OLM installation	UNKNOWN STEP	2025-06-27T11:31:13.1380939Z Metadata: read
Test OLM installation	UNKNOWN STEP	2025-06-27T11:31:13.1382014Z Models: read
Test OLM installation	UNKNOWN STEP	2025-06-27T11:31:13.1382911Z Packages: read
Test OLM installation	UNKNOWN STEP	2025-06-27T11:31:13.1383832Z Pages: read
Test OLM installation	UNKNOWN STEP	2025-06-27T11:31:13.1384694Z PullRequests: read
Test OLM installation	UNKNOWN STEP	2025-06-27T11:31:13.1385548Z RepositoryProjects: read
Test OLM installation	UNKNOWN STEP	2025-06-27T11:31:13.1386564Z SecurityEvents: read
Test OLM installation	UNKNOWN STEP	2025-06-27T11:31:13.1387612Z Statuses: read
Test OLM installation	UNKNOWN STEP	2025-06-27T11:31:13.1388368Z ##[endgroup]
Test OLM installation	UNKNOWN STEP	2025-06-27T11:31:13.1392128Z Secret source: None
Test OLM installation	UNKNOWN STEP	2025-06-27T11:31:13.1393278Z Prepare workflow directory
Test OLM installation	UNKNOWN STEP	2025-06-27T11:31:13.1849097Z Prepare all required actions
Test OLM installation	UNKNOWN STEP	2025-06-27T11:31:13.1887691Z Getting action download info
Test OLM installation	UNKNOWN STEP	2025-06-27T11:31:13.5762481Z ##[group]Download immutable action package 'actions/checkout@v4'
Test OLM installation	UNKNOWN STEP	2025-06-27T11:31:13.5763580Z Version: 4.2.2
Test OLM installation	UNKNOWN STEP	2025-06-27T11:31:13.5764599Z Digest: sha256:ccb2698953eaebd21c7bf6268a94f9c26518a7e38e27e0b83c1fe1ad049819b1
Test OLM installation	UNKNOWN STEP	2025-06-27T11:31:13.5765966Z Source commit SHA: 11bd71901bbe5b1630ceea73d27597364c9af683
Test OLM installation	UNKNOWN STEP	2025-06-27T11:31:13.5766736Z ##[endgroup]
Test OLM installation	UNKNOWN STEP	2025-06-27T11:31:13.6663558Z Download action repository 'manusa/actions-setup-minikube@v2.13.0' (SHA:0e8062ceff873bd77979f39cf8fd3621416afe4d)
Test OLM installation	UNKNOWN STEP	2025-06-27T11:31:14.3137497Z Download action repository 'redhat-actions/openshift-tools-installer@v1' (SHA:144527c7d98999f2652264c048c7a9bd103f8a82)
Test OLM installation	UNKNOWN STEP	2025-06-27T11:31:14.8993564Z ##[group]Download immutable action package 'actions/download-artifact@v4'
Test OLM installation	UNKNOWN STEP	2025-06-27T11:31:14.8994877Z Version: 4.3.0
Test OLM installation	UNKNOWN STEP	2025-06-27T11:31:14.8996055Z Digest: sha256:552a5b9ad918f62ec0c2e8f42f3c694d4ebd1b4036b18c39b14168fcdfc0e4f2
Test OLM installation	UNKNOWN STEP	2025-06-27T11:31:14.8997691Z Source commit SHA: d3f86a106a0bac45b974a628896c90dbdf5c8093
Test OLM installation	UNKNOWN STEP	2025-06-27T11:31:14.8998802Z ##[endgroup]
Test OLM installation	UNKNOWN STEP	2025-06-27T11:31:15.3263144Z Complete job name: Test OLM installation
Test OLM installation	UNKNOWN STEP	2025-06-27T11:31:15.4111782Z ##[group]Run actions/checkout@v4
Test OLM installation	UNKNOWN STEP	2025-06-27T11:31:15.4113187Z with:
Test OLM installation	UNKNOWN STEP	2025-06-27T11:31:15.4114171Z   repository: keycloak/keycloak
Test OLM installation	UNKNOWN STEP	2025-06-27T11:31:15.4115418Z   token: ***
Test OLM installation	UNKNOWN STEP	2025-06-27T11:31:15.4116252Z   ssh-strict: true
Test OLM installation	UNKNOWN STEP	2025-06-27T11:31:15.4117173Z   ssh-user: git
Test OLM installation	UNKNOWN STEP	2025-06-27T11:31:15.4118121Z   persist-credentials: true
Test OLM installation	UNKNOWN STEP	2025-06-27T11:31:15.4119079Z   clean: true
Test OLM installation	UNKNOWN STEP	2025-06-27T11:31:15.4120006Z   sparse-checkout-cone-mode: true
Test OLM installation	UNKNOWN STEP	2025-06-27T11:31:15.4121071Z   fetch-depth: 1
Test OLM installation	UNKNOWN STEP	2025-06-27T11:31:15.4122153Z   fetch-tags: false
Test OLM installation	UNKNOWN STEP	2025-06-27T11:31:15.4123125Z   show-progress: true
Test OLM installation	UNKNOWN STEP	2025-06-27T11:31:15.4124027Z   lfs: false
Test OLM installation	UNKNOWN STEP	2025-06-27T11:31:15.4124858Z   submodules: false
Test OLM installation	UNKNOWN STEP	2025-06-27T11:31:15.4125765Z   set-safe-directory: true
Test OLM installation	UNKNOWN STEP	2025-06-27T11:31:15.4127071Z env:
Test OLM installation	UNKNOWN STEP	2025-06-27T11:31:15.4128304Z   MAVEN_ARGS: -B -nsu -Daether.connector.http.connectionMaxTtl=25
Test OLM installation	UNKNOWN STEP	2025-06-27T11:31:15.4129757Z   MINIKUBE_VERSION: v1.32.0
Test OLM installation	UNKNOWN STEP	2025-06-27T11:31:15.4131077Z   KUBERNETES_VERSION: v1.27.10
Test OLM installation	UNKNOWN STEP	2025-06-27T11:31:15.4132309Z   MINIKUBE_MEMORY: 4096
Test OLM installation	UNKNOWN STEP	2025-06-27T11:31:15.4133295Z ##[endgroup]
Test OLM installation	UNKNOWN STEP	2025-06-27T11:31:15.5232523Z Syncing repository: keycloak/keycloak
Test OLM installation	UNKNOWN STEP	2025-06-27T11:31:15.5236570Z ##[group]Getting Git version info
Test OLM installation	UNKNOWN STEP	2025-06-27T11:31:15.5238296Z Working directory is '/home/runner/work/keycloak/keycloak'
Test OLM installation	UNKNOWN STEP	2025-06-27T11:31:15.5240542Z [command]/usr/bin/git version
Test OLM installation	UNKNOWN STEP	2025-06-27T11:31:15.5263091Z git version 2.49.0
Test OLM installation	UNKNOWN STEP	2025-06-27T11:31:15.5290286Z ##[endgroup]
Test OLM installation	UNKNOWN STEP	2025-06-27T11:31:15.5303839Z Temporarily overriding HOME='/home/runner/work/_temp/3ffb8caf-5f70-4e1c-8b80-e8f140720278' before making global git config changes
Test OLM installation	UNKNOWN STEP	2025-06-27T11:31:15.5306650Z Adding repository directory to the temporary git global config as a safe directory
Test OLM installation	UNKNOWN STEP	2025-06-27T11:31:15.5309372Z [command]/usr/bin/git config --global --add safe.directory /home/runner/work/keycloak/keycloak
Test OLM installation	UNKNOWN STEP	2025-06-27T11:31:15.5342642Z Deleting the contents of '/home/runner/work/keycloak/keycloak'
Test OLM installation	UNKNOWN STEP	2025-06-27T11:31:15.5346262Z ##[group]Initializing the repository
Test OLM installation	UNKNOWN STEP	2025-06-27T11:31:15.5350270Z [command]/usr/bin/git init /home/runner/work/keycloak/keycloak
Test OLM installation	UNKNOWN STEP	2025-06-27T11:31:15.5427638Z hint: Using 'master' as the name for the initial branch. This default branch name
Test OLM installation	UNKNOWN STEP	2025-06-27T11:31:15.5430041Z hint: is subject to change. To configure the initial branch name to use in all
Test OLM installation	UNKNOWN STEP	2025-06-27T11:31:15.5432617Z hint: of your new repositories, which will suppress this warning, call:
Test OLM installation	UNKNOWN STEP	2025-06-27T11:31:15.5434478Z hint:
Test OLM installation	UNKNOWN STEP	2025-06-27T11:31:15.5436295Z hint: 	git config --global init.defaultBranch <name>
Test OLM installation	UNKNOWN STEP	2025-06-27T11:31:15.5438371Z hint:
Test OLM installation	UNKNOWN STEP	2025-06-27T11:31:15.5440373Z hint: Names commonly chosen instead of 'master' are 'main', 'trunk' and
Test OLM installation	UNKNOWN STEP	2025-06-27T11:31:15.5444075Z hint: 'development'. The just-created branch can be renamed via this command:
Test OLM installation	UNKNOWN STEP	2025-06-27T11:31:15.5446676Z hint:
Test OLM installation	UNKNOWN STEP	2025-06-27T11:31:15.5448083Z hint: 	git branch -m <name>
Test OLM installation	UNKNOWN STEP	2025-06-27T11:31:15.5450395Z Initialized empty Git repository in /home/runner/work/keycloak/keycloak/.git/
Test OLM installation	UNKNOWN STEP	2025-06-27T11:31:15.5454777Z [command]/usr/bin/git remote add origin https://github.com/keycloak/keycloak
Test OLM installation	UNKNOWN STEP	2025-06-27T11:31:15.5482210Z ##[endgroup]
Test OLM installation	UNKNOWN STEP	2025-06-27T11:31:15.5484801Z ##[group]Disabling automatic garbage collection
Test OLM installation	UNKNOWN STEP	2025-06-27T11:31:15.5487241Z [command]/usr/bin/git config --local gc.auto 0
Test OLM installation	UNKNOWN STEP	2025-06-27T11:31:15.5516180Z ##[endgroup]
Test OLM installation	UNKNOWN STEP	2025-06-27T11:31:15.5518583Z ##[group]Setting up auth
Test OLM installation	UNKNOWN STEP	2025-06-27T11:31:15.5523483Z [command]/usr/bin/git config --local --name-only --get-regexp core\.sshCommand
Test OLM installation	UNKNOWN STEP	2025-06-27T11:31:15.5555643Z [command]/usr/bin/git submodule foreach --recursive sh -c "git config --local --name-only --get-regexp 'core\.sshCommand' && git config --local --unset-all 'core.sshCommand' || :"
Test OLM installation	UNKNOWN STEP	2025-06-27T11:31:15.5816232Z [command]/usr/bin/git config --local --name-only --get-regexp http\.https\:\/\/github\.com\/\.extraheader
Test OLM installation	UNKNOWN STEP	2025-06-27T11:31:15.5844696Z [command]/usr/bin/git submodule foreach --recursive sh -c "git config --local --name-only --get-regexp 'http\.https\:\/\/github\.com\/\.extraheader' && git config --local --unset-all 'http.https://github.com/.extraheader' || :"
Test OLM installation	UNKNOWN STEP	2025-06-27T11:31:15.6059265Z [command]/usr/bin/git config --local http.https://github.com/.extraheader AUTHORIZATION: basic ***
Test OLM installation	UNKNOWN STEP	2025-06-27T11:31:15.6101921Z ##[endgroup]
Test OLM installation	UNKNOWN STEP	2025-06-27T11:31:15.6103501Z ##[group]Fetching the repository
Test OLM installation	UNKNOWN STEP	2025-06-27T11:31:15.6113286Z [command]/usr/bin/git -c protocol.version=2 fetch --no-tags --prune --no-recurse-submodules --depth=1 origin +9b1f5175db13f1da0b3c51e56d655f5780ecd27f:refs/remotes/pull/40750/merge
Test OLM installation	UNKNOWN STEP	2025-06-27T11:31:18.4511343Z From https://github.com/keycloak/keycloak
Test OLM installation	UNKNOWN STEP	2025-06-27T11:31:18.4512326Z  * [new ref]         9b1f5175db13f1da0b3c51e56d655f5780ecd27f -> pull/40750/merge
Test OLM installation	UNKNOWN STEP	2025-06-27T11:31:18.4564141Z ##[endgroup]
Test OLM installation	UNKNOWN STEP	2025-06-27T11:31:18.4566049Z ##[group]Determining the checkout info
Test OLM installation	UNKNOWN STEP	2025-06-27T11:31:18.4566754Z ##[endgroup]
Test OLM installation	UNKNOWN STEP	2025-06-27T11:31:18.4572334Z [command]/usr/bin/git sparse-checkout disable
Test OLM installation	UNKNOWN STEP	2025-06-27T11:31:18.4611931Z [command]/usr/bin/git config --local --unset-all extensions.worktreeConfig
Test OLM installation	UNKNOWN STEP	2025-06-27T11:31:18.4638050Z ##[group]Checking out the ref
Test OLM installation	UNKNOWN STEP	2025-06-27T11:31:18.4642406Z [command]/usr/bin/git checkout --progress --force refs/remotes/pull/40750/merge
Test OLM installation	UNKNOWN STEP	2025-06-27T11:31:19.1974042Z Note: switching to 'refs/remotes/pull/40750/merge'.
Test OLM installation	UNKNOWN STEP	2025-06-27T11:31:19.1974654Z 
Test OLM installation	UNKNOWN STEP	2025-06-27T11:31:19.1975043Z You are in 'detached HEAD' state. You can look around, make experimental
Test OLM installation	UNKNOWN STEP	2025-06-27T11:31:19.1975696Z changes and commit them, and you can discard any commits you make in this
Test OLM installation	UNKNOWN STEP	2025-06-27T11:31:19.1976376Z state without impacting any branches by switching back to a branch.
Test OLM installation	UNKNOWN STEP	2025-06-27T11:31:19.1976802Z 
Test OLM installation	UNKNOWN STEP	2025-06-27T11:31:19.1977080Z If you want to create a new branch to retain commits you create, you may
Test OLM installation	UNKNOWN STEP	2025-06-27T11:31:19.1977705Z do so (now or later) by using -c with the switch command. Example:
Test OLM installation	UNKNOWN STEP	2025-06-27T11:31:19.1978079Z 
Test OLM installation	UNKNOWN STEP	2025-06-27T11:31:19.1978255Z   git switch -c <new-branch-name>
Test OLM installation	UNKNOWN STEP	2025-06-27T11:31:19.1978561Z 
Test OLM installation	UNKNOWN STEP	2025-06-27T11:31:19.1978739Z Or undo this operation with:
Test OLM installation	UNKNOWN STEP	2025-06-27T11:31:19.1979047Z 
Test OLM installation	UNKNOWN STEP	2025-06-27T11:31:19.1979178Z   git switch -
Test OLM installation	UNKNOWN STEP	2025-06-27T11:31:19.1979432Z 
Test OLM installation	UNKNOWN STEP	2025-06-27T11:31:19.1979794Z Turn off this advice by setting config variable advice.detachedHead to false
Test OLM installation	UNKNOWN STEP	2025-06-27T11:31:19.1981022Z 
Test OLM installation	UNKNOWN STEP	2025-06-27T11:31:19.1981812Z HEAD is now at 9b1f517 Merge da01255b58f8c851489c6e949a8caf31a9c3da87 into 718505eadb5f197eab285ea9055a951b8ffa2421
Test OLM installation	UNKNOWN STEP	2025-06-27T11:31:19.2006817Z ##[endgroup]
Test OLM installation	UNKNOWN STEP	2025-06-27T11:31:19.2052493Z [command]/usr/bin/git log -1 --format=%H
Test OLM installation	UNKNOWN STEP	2025-06-27T11:31:19.2076108Z 9b1f5175db13f1da0b3c51e56d655f5780ecd27f
Test OLM installation	UNKNOWN STEP	2025-06-27T11:31:19.2298433Z Prepare all required actions
Test OLM installation	UNKNOWN STEP	2025-06-27T11:31:19.2298857Z Getting action download info
Test OLM installation	UNKNOWN STEP	2025-06-27T11:31:19.3454750Z ##[group]Download immutable action package 'actions/setup-java@v4'
Test OLM installation	UNKNOWN STEP	2025-06-27T11:31:19.3455276Z Version: 4.7.1
Test OLM installation	UNKNOWN STEP	2025-06-27T11:31:19.3455733Z Digest: sha256:23223d64943473efb4336f60463c0429cd4f422cd5fc6c48a5cf0d5907c1aeac
Test OLM installation	UNKNOWN STEP	2025-06-27T11:31:19.3456365Z Source commit SHA: c5195efecf7bdfc987ee8bae7a71cb8b11521c00
Test OLM installation	UNKNOWN STEP	2025-06-27T11:31:19.3456813Z ##[endgroup]
Test OLM installation	UNKNOWN STEP	2025-06-27T11:31:19.7526343Z ##[group]Run ./.github/actions/java-setup
Test OLM installation	UNKNOWN STEP	2025-06-27T11:31:19.7526619Z with:
Test OLM installation	UNKNOWN STEP	2025-06-27T11:31:19.7526783Z   distribution: temurin
Test OLM installation	UNKNOWN STEP	2025-06-27T11:31:19.7526979Z   java-version: 21
Test OLM installation	UNKNOWN STEP	2025-06-27T11:31:19.7527144Z env:
Test OLM installation	UNKNOWN STEP	2025-06-27T11:31:19.7527398Z   MAVEN_ARGS: -B -nsu -Daether.connector.http.connectionMaxTtl=25
Test OLM installation	UNKNOWN STEP	2025-06-27T11:31:19.7527728Z   MINIKUBE_VERSION: v1.32.0
Test OLM installation	UNKNOWN STEP	2025-06-27T11:31:19.7527945Z   KUBERNETES_VERSION: v1.27.10
Test OLM installation	UNKNOWN STEP	2025-06-27T11:31:19.7528150Z   MINIKUBE_MEMORY: 4096
Test OLM installation	UNKNOWN STEP	2025-06-27T11:31:19.7528375Z ##[endgroup]
Test OLM installation	UNKNOWN STEP	2025-06-27T11:31:19.7665808Z ##[group]Run actions/setup-java@v4
Test OLM installation	UNKNOWN STEP	2025-06-27T11:31:19.7666051Z with:
Test OLM installation	UNKNOWN STEP	2025-06-27T11:31:19.7666223Z   distribution: temurin
Test OLM installation	UNKNOWN STEP	2025-06-27T11:31:19.7666413Z   java-version: 21
Test OLM installation	UNKNOWN STEP	2025-06-27T11:31:19.7666596Z   java-package: jdk
Test OLM installation	UNKNOWN STEP	2025-06-27T11:31:19.7666776Z   check-latest: false
Test OLM installation	UNKNOWN STEP	2025-06-27T11:31:19.7666961Z   server-id: github
Test OLM installation	UNKNOWN STEP	2025-06-27T11:31:19.7667146Z   server-username: GITHUB_ACTOR
Test OLM installation	UNKNOWN STEP	2025-06-27T11:31:19.7667369Z   server-password: GITHUB_TOKEN
Test OLM installation	UNKNOWN STEP	2025-06-27T11:31:19.7667610Z   overwrite-settings: true
Test OLM installation	UNKNOWN STEP	2025-06-27T11:31:19.7667804Z   job-status: success
Test OLM installation	UNKNOWN STEP	2025-06-27T11:31:19.7668147Z   token: ***
Test OLM installation	UNKNOWN STEP	2025-06-27T11:31:19.7668312Z env:
Test OLM installation	UNKNOWN STEP	2025-06-27T11:31:19.7668566Z   MAVEN_ARGS: -B -nsu -Daether.connector.http.connectionMaxTtl=25
Test OLM installation	UNKNOWN STEP	2025-06-27T11:31:19.7668898Z   MINIKUBE_VERSION: v1.32.0
Test OLM installation	UNKNOWN STEP	2025-06-27T11:31:19.7669121Z   KUBERNETES_VERSION: v1.27.10
Test OLM installation	UNKNOWN STEP	2025-06-27T11:31:19.7669348Z   MINIKUBE_MEMORY: 4096
Test OLM installation	UNKNOWN STEP	2025-06-27T11:31:19.7669529Z ##[endgroup]
Test OLM installation	UNKNOWN STEP	2025-06-27T11:31:19.9642156Z ##[group]Installed distributions
Test OLM installation	UNKNOWN STEP	2025-06-27T11:31:20.0535703Z Resolved Java 21.0.7+6 from tool-cache
Test OLM installation	UNKNOWN STEP	2025-06-27T11:31:20.0536184Z Setting Java 21.0.7+6 as the default
Test OLM installation	UNKNOWN STEP	2025-06-27T11:31:20.0549836Z Creating toolchains.xml for JDK version 21 from temurin
Test OLM installation	UNKNOWN STEP	2025-06-27T11:31:20.0627462Z Writing to /home/runner/.m2/toolchains.xml
Test OLM installation	UNKNOWN STEP	2025-06-27T11:31:20.0628594Z 
Test OLM installation	UNKNOWN STEP	2025-06-27T11:31:20.0628760Z Java configuration:
Test OLM installation	UNKNOWN STEP	2025-06-27T11:31:20.0629118Z   Distribution: temurin
Test OLM installation	UNKNOWN STEP	2025-06-27T11:31:20.0629801Z   Version: 21.0.7+6
Test OLM installation	UNKNOWN STEP	2025-06-27T11:31:20.0630350Z   Path: /opt/hostedtoolcache/Java_Temurin-Hotspot_jdk/21.0.7-6/x64
Test OLM installation	UNKNOWN STEP	2025-06-27T11:31:20.0630821Z 
Test OLM installation	UNKNOWN STEP	2025-06-27T11:31:20.0632553Z ##[endgroup]
Test OLM installation	UNKNOWN STEP	2025-06-27T11:31:20.0649621Z Creating settings.xml with server-id: github
Test OLM installation	UNKNOWN STEP	2025-06-27T11:31:20.0655707Z Writing to /home/runner/.m2/settings.xml
Test OLM installation	UNKNOWN STEP	2025-06-27T11:31:20.0815780Z ##[group]Run manusa/actions-setup-minikube@v2.13.0
Test OLM installation	UNKNOWN STEP	2025-06-27T11:31:20.0816074Z with:
Test OLM installation	UNKNOWN STEP	2025-06-27T11:31:20.0816248Z   minikube version: v1.32.0
Test OLM installation	UNKNOWN STEP	2025-06-27T11:31:20.0816471Z   kubernetes version: v1.27.10
Test OLM installation	UNKNOWN STEP	2025-06-27T11:31:20.0816913Z   github token: ***
Test OLM installation	UNKNOWN STEP	2025-06-27T11:31:20.0817092Z   driver: docker
Test OLM installation	UNKNOWN STEP	2025-06-27T11:31:20.0817280Z   start args: --memory=4096
Test OLM installation	UNKNOWN STEP	2025-06-27T11:31:20.0817475Z env:
Test OLM installation	UNKNOWN STEP	2025-06-27T11:31:20.0817728Z   MAVEN_ARGS: -B -nsu -Daether.connector.http.connectionMaxTtl=25
Test OLM installation	UNKNOWN STEP	2025-06-27T11:31:20.0818058Z   MINIKUBE_VERSION: v1.32.0
Test OLM installation	UNKNOWN STEP	2025-06-27T11:31:20.0818267Z   KUBERNETES_VERSION: v1.27.10
Test OLM installation	UNKNOWN STEP	2025-06-27T11:31:20.0818475Z   MINIKUBE_MEMORY: 4096
Test OLM installation	UNKNOWN STEP	2025-06-27T11:31:20.0818776Z   JAVA_HOME: /opt/hostedtoolcache/Java_Temurin-Hotspot_jdk/21.0.7-6/x64
Test OLM installation	UNKNOWN STEP	2025-06-27T11:31:20.0819209Z   JAVA_HOME_21_X64: /opt/hostedtoolcache/Java_Temurin-Hotspot_jdk/21.0.7-6/x64
Test OLM installation	UNKNOWN STEP	2025-06-27T11:31:20.0819534Z ##[endgroup]
Test OLM installation	UNKNOWN STEP	2025-06-27T11:31:20.2046879Z Loading input variables
Test OLM installation	UNKNOWN STEP	2025-06-27T11:31:20.2049335Z Updating Environment configuration to support Minikube
Test OLM installation	UNKNOWN STEP	2025-06-27T11:31:20.2287380Z 
Test OLM installation	UNKNOWN STEP	2025-06-27T11:31:20.2287934Z WARNING: apt does not have a stable CLI interface. Use with caution in scripts.
Test OLM installation	UNKNOWN STEP	2025-06-27T11:31:20.2288508Z 
Test OLM installation	UNKNOWN STEP	2025-06-27T11:31:20.4034526Z Get:1 file:/etc/apt/apt-mirrors.txt Mirrorlist [144 B]
Test OLM installation	UNKNOWN STEP	2025-06-27T11:31:20.4624779Z Hit:2 http://azure.archive.ubuntu.com/ubuntu noble InRelease
Test OLM installation	UNKNOWN STEP	2025-06-27T11:31:20.4636582Z Get:3 http://azure.archive.ubuntu.com/ubuntu noble-updates InRelease [126 kB]
Test OLM installation	UNKNOWN STEP	2025-06-27T11:31:20.5046754Z Get:4 http://azure.archive.ubuntu.com/ubuntu noble-backports InRelease [126 kB]
Test OLM installation	UNKNOWN STEP	2025-06-27T11:31:20.5239558Z Get:5 http://azure.archive.ubuntu.com/ubuntu noble-security InRelease [126 kB]
Test OLM installation	UNKNOWN STEP	2025-06-27T11:31:20.5602698Z Hit:6 https://packages.microsoft.com/repos/azure-cli noble InRelease
Test OLM installation	UNKNOWN STEP	2025-06-27T11:31:20.5603345Z Get:7 https://packages.microsoft.com/ubuntu/24.04/prod noble InRelease [3600 B]
Test OLM installation	UNKNOWN STEP	2025-06-27T11:31:20.7345563Z Get:8 http://azure.archive.ubuntu.com/ubuntu noble-updates/main amd64 Packages [1168 kB]
Test OLM installation	UNKNOWN STEP	2025-06-27T11:31:20.7567768Z Get:9 http://azure.archive.ubuntu.com/ubuntu noble-updates/main Translation-en [246 kB]
Test OLM installation	UNKNOWN STEP	2025-06-27T11:31:20.7591657Z Get:10 http://azure.archive.ubuntu.com/ubuntu noble-updates/main amd64 Components [161 kB]
Test OLM installation	UNKNOWN STEP	2025-06-27T11:31:20.7611799Z Get:11 http://azure.archive.ubuntu.com/ubuntu noble-updates/universe amd64 Packages [1092 kB]
Test OLM installation	UNKNOWN STEP	2025-06-27T11:31:20.7672635Z Get:12 http://azure.archive.ubuntu.com/ubuntu noble-updates/universe Translation-en [278 kB]
Test OLM installation	UNKNOWN STEP	2025-06-27T11:31:20.7699858Z Get:13 http://azure.archive.ubuntu.com/ubuntu noble-updates/universe amd64 Components [376 kB]
Test OLM installation	UNKNOWN STEP	2025-06-27T11:31:20.7732545Z Get:14 http://azure.archive.ubuntu.com/ubuntu noble-updates/restricted amd64 Packages [1274 kB]
Test OLM installation	UNKNOWN STEP	2025-06-27T11:31:20.7800846Z Get:15 http://azure.archive.ubuntu.com/ubuntu noble-updates/restricted Translation-en [271 kB]
Test OLM installation	UNKNOWN STEP	2025-06-27T11:31:20.7859705Z Get:16 http://azure.archive.ubuntu.com/ubuntu noble-updates/restricted amd64 Components [212 B]
Test OLM installation	UNKNOWN STEP	2025-06-27T11:31:20.7861006Z Get:17 http://azure.archive.ubuntu.com/ubuntu noble-updates/multiverse amd64 Packages [22.1 kB]
Test OLM installation	UNKNOWN STEP	2025-06-27T11:31:20.8264752Z Get:18 http://azure.archive.ubuntu.com/ubuntu noble-updates/multiverse Translation-en [4972 B]
Test OLM installation	UNKNOWN STEP	2025-06-27T11:31:20.8273840Z Get:19 http://azure.archive.ubuntu.com/ubuntu noble-updates/multiverse amd64 Components [940 B]
Test OLM installation	UNKNOWN STEP	2025-06-27T11:31:20.8283203Z Get:20 http://azure.archive.ubuntu.com/ubuntu noble-backports/main amd64 Components [7096 B]
Test OLM installation	UNKNOWN STEP	2025-06-27T11:31:20.8294693Z Get:21 http://azure.archive.ubuntu.com/ubuntu noble-backports/universe amd64 Components [16.4 kB]
Test OLM installation	UNKNOWN STEP	2025-06-27T11:31:20.8305365Z Get:22 http://azure.archive.ubuntu.com/ubuntu noble-backports/restricted amd64 Components [216 B]
Test OLM installation	UNKNOWN STEP	2025-06-27T11:31:20.8315337Z Get:23 http://azure.archive.ubuntu.com/ubuntu noble-backports/multiverse amd64 Components [212 B]
Test OLM installation	UNKNOWN STEP	2025-06-27T11:31:20.8388710Z Get:24 http://azure.archive.ubuntu.com/ubuntu noble-security/main amd64 Packages [920 kB]
Test OLM installation	UNKNOWN STEP	2025-06-27T11:31:20.8444739Z Get:25 http://azure.archive.ubuntu.com/ubuntu noble-security/main Translation-en [169 kB]
Test OLM installation	UNKNOWN STEP	2025-06-27T11:31:20.8462550Z Get:26 http://azure.archive.ubuntu.com/ubuntu noble-security/main amd64 Components [21.6 kB]
Test OLM installation	UNKNOWN STEP	2025-06-27T11:31:20.8572084Z Get:27 http://azure.archive.ubuntu.com/ubuntu noble-security/universe amd64 Packages [860 kB]
Test OLM installation	UNKNOWN STEP	2025-06-27T11:31:20.8619485Z Get:28 http://azure.archive.ubuntu.com/ubuntu noble-security/universe Translation-en [188 kB]
Test OLM installation	UNKNOWN STEP	2025-06-27T11:31:20.8646394Z Get:29 http://azure.archive.ubuntu.com/ubuntu noble-security/universe amd64 Components [52.3 kB]
Test OLM installation	UNKNOWN STEP	2025-06-27T11:31:20.8660031Z Get:30 http://azure.archive.ubuntu.com/ubuntu noble-security/restricted amd64 Packages [1235 kB]
Test OLM installation	UNKNOWN STEP	2025-06-27T11:31:20.8739116Z Get:31 http://azure.archive.ubuntu.com/ubuntu noble-security/restricted Translation-en [263 kB]
Test OLM installation	UNKNOWN STEP	2025-06-27T11:31:20.9222674Z Get:32 http://azure.archive.ubuntu.com/ubuntu noble-security/restricted amd64 Components [212 B]
Test OLM installation	UNKNOWN STEP	2025-06-27T11:31:20.9232299Z Get:33 http://azure.archive.ubuntu.com/ubuntu noble-security/multiverse amd64 Components [212 B]
Test OLM installation	UNKNOWN STEP	2025-06-27T11:31:21.0418247Z Get:34 https://packages.microsoft.com/ubuntu/24.04/prod noble/main arm64 Packages [24.0 kB]
Test OLM installation	UNKNOWN STEP	2025-06-27T11:31:21.0660334Z Get:35 https://packages.microsoft.com/ubuntu/24.04/prod noble/main amd64 Packages [36.7 kB]
Test OLM installation	UNKNOWN STEP	2025-06-27T11:31:21.0886820Z Get:36 https://packages.microsoft.com/ubuntu/24.04/prod noble/main armhf Packages [8721 B]
Test OLM installation	UNKNOWN STEP	2025-06-27T11:31:32.7226960Z Fetched 9078 kB in 1s (6810 kB/s)
Test OLM installation	UNKNOWN STEP	2025-06-27T11:31:33.3800897Z Reading package lists...
Test OLM installation	UNKNOWN STEP	2025-06-27T11:31:33.5283036Z Building dependency tree...
Test OLM installation	UNKNOWN STEP	2025-06-27T11:31:33.5289478Z Reading state information...
Test OLM installation	UNKNOWN STEP	2025-06-27T11:31:33.5419794Z 33 packages can be upgraded. Run 'apt list --upgradable' to see them.
Test OLM installation	UNKNOWN STEP	2025-06-27T11:31:33.5674473Z Reading package lists...
Test OLM installation	UNKNOWN STEP	2025-06-27T11:31:33.7387195Z Building dependency tree...
Test OLM installation	UNKNOWN STEP	2025-06-27T11:31:33.7395152Z Reading state information...
Test OLM installation	UNKNOWN STEP	2025-06-27T11:31:33.9504111Z The following NEW packages will be installed:
Test OLM installation	UNKNOWN STEP	2025-06-27T11:31:33.9509691Z   conntrack
Test OLM installation	UNKNOWN STEP	2025-06-27T11:31:33.9675625Z 0 upgraded, 1 newly installed, 0 to remove and 33 not upgraded.
Test OLM installation	UNKNOWN STEP	2025-06-27T11:31:33.9676016Z Need to get 37.9 kB of archives.
Test OLM installation	UNKNOWN STEP	2025-06-27T11:31:33.9676331Z After this operation, 119 kB of additional disk space will be used.
Test OLM installation	UNKNOWN STEP	2025-06-27T11:31:33.9676702Z Get:1 file:/etc/apt/apt-mirrors.txt Mirrorlist [144 B]
Test OLM installation	UNKNOWN STEP	2025-06-27T11:31:34.0259850Z Get:2 http://azure.archive.ubuntu.com/ubuntu noble/main amd64 conntrack amd64 1:1.4.8-1ubuntu1 [37.9 kB]
Test OLM installation	UNKNOWN STEP	2025-06-27T11:31:34.3611710Z Fetched 37.9 kB in 0s (548 kB/s)
Test OLM installation	UNKNOWN STEP	2025-06-27T11:31:34.4141869Z Selecting previously unselected package conntrack.
Test OLM installation	UNKNOWN STEP	2025-06-27T11:31:34.7383382Z (Reading database ... 
Test OLM installation	UNKNOWN STEP	2025-06-27T11:31:34.7383805Z (Reading database ... 5%
Test OLM installation	UNKNOWN STEP	2025-06-27T11:31:34.7384214Z (Reading database ... 10%
Test OLM installation	UNKNOWN STEP	2025-06-27T11:31:34.7384591Z (Reading database ... 15%
Test OLM installation	UNKNOWN STEP	2025-06-27T11:31:34.7384952Z (Reading database ... 20%
Test OLM installation	UNKNOWN STEP	2025-06-27T11:31:34.7385319Z (Reading database ... 25%
Test OLM installation	UNKNOWN STEP	2025-06-27T11:31:34.7385668Z (Reading database ... 30%
Test OLM installation	UNKNOWN STEP	2025-06-27T11:31:34.7385902Z (Reading database ... 35%
Test OLM installation	UNKNOWN STEP	2025-06-27T11:31:34.7386113Z (Reading database ... 40%
Test OLM installation	UNKNOWN STEP	2025-06-27T11:31:34.7386338Z (Reading database ... 45%
Test OLM installation	UNKNOWN STEP	2025-06-27T11:31:34.7386544Z (Reading database ... 50%
Test OLM installation	UNKNOWN STEP	2025-06-27T11:31:35.0674028Z (Reading database ... 55%
Test OLM installation	UNKNOWN STEP	2025-06-27T11:31:35.5564644Z (Reading database ... 60%
Test OLM installation	UNKNOWN STEP	2025-06-27T11:31:36.1336818Z (Reading database ... 65%
Test OLM installation	UNKNOWN STEP	2025-06-27T11:31:36.6888554Z (Reading database ... 70%
Test OLM installation	UNKNOWN STEP	2025-06-27T11:31:37.3377698Z (Reading database ... 75%
Test OLM installation	UNKNOWN STEP	2025-06-27T11:31:38.8690215Z (Reading database ... 80%
Test OLM installation	UNKNOWN STEP	2025-06-27T11:31:40.6163896Z (Reading database ... 85%
Test OLM installation	UNKNOWN STEP	2025-06-27T11:31:42.0019773Z (Reading database ... 90%
Test OLM installation	UNKNOWN STEP	2025-06-27T11:31:43.9460356Z (Reading database ... 95%
Test OLM installation	UNKNOWN STEP	2025-06-27T11:31:43.9461306Z (Reading database ... 100%
Test OLM installation	UNKNOWN STEP	2025-06-27T11:31:43.9462056Z (Reading database ... 219349 files and directories currently installed.)
Test OLM installation	UNKNOWN STEP	2025-06-27T11:31:43.9506444Z Preparing to unpack .../conntrack_1%3a1.4.8-1ubuntu1_amd64.deb ...
Test OLM installation	UNKNOWN STEP	2025-06-27T11:31:43.9579641Z Unpacking conntrack (1:1.4.8-1ubuntu1) ...
Test OLM installation	UNKNOWN STEP	2025-06-27T11:31:44.0512573Z Setting up conntrack (1:1.4.8-1ubuntu1) ...
Test OLM installation	UNKNOWN STEP	2025-06-27T11:31:44.0543238Z Processing triggers for man-db (2.12.0-4build2) ...
Test OLM installation	UNKNOWN STEP	2025-06-27T11:31:48.4171647Z 
Test OLM installation	UNKNOWN STEP	2025-06-27T11:31:48.4172083Z Running kernel seems to be up-to-date.
Test OLM installation	UNKNOWN STEP	2025-06-27T11:31:48.4172433Z 
Test OLM installation	UNKNOWN STEP	2025-06-27T11:31:48.4172562Z Restarting services...
Test OLM installation	UNKNOWN STEP	2025-06-27T11:31:48.4240691Z 
Test OLM installation	UNKNOWN STEP	2025-06-27T11:31:48.4240875Z Service restarts being deferred:
Test OLM installation	UNKNOWN STEP	2025-06-27T11:31:48.4243598Z  systemctl restart hosted-compute-agent.service
Test OLM installation	UNKNOWN STEP	2025-06-27T11:31:48.4243960Z 
Test OLM installation	UNKNOWN STEP	2025-06-27T11:31:48.4244115Z No containers need to be restarted.
Test OLM installation	UNKNOWN STEP	2025-06-27T11:31:48.4244353Z 
Test OLM installation	UNKNOWN STEP	2025-06-27T11:31:48.4244477Z No user sessions are running outdated binaries.
Test OLM installation	UNKNOWN STEP	2025-06-27T11:31:48.4244682Z 
Test OLM installation	UNKNOWN STEP	2025-06-27T11:31:48.4244859Z No VM guests are running outdated hypervisor (qemu) binaries on this host.
Test OLM installation	UNKNOWN STEP	2025-06-27T11:31:49.3176546Z fs.protected_regular = 0
Test OLM installation	UNKNOWN STEP	2025-06-27T11:31:49.3186816Z Waiting for Docker to be ready
Test OLM installation	UNKNOWN STEP	2025-06-27T11:31:49.3688339Z 28.0.4 - 28.0.4
Test OLM installation	UNKNOWN STEP	2025-06-27T11:31:49.3705818Z Docker daemon is ready
Test OLM installation	UNKNOWN STEP	2025-06-27T11:31:49.3710146Z Downloading Minikube  v1.32.0
Test OLM installation	UNKNOWN STEP	2025-06-27T11:31:49.6246223Z Downloading from: https://github.com/kubernetes/minikube/releases/download/v1.32.0/minikube-linux-amd64
Test OLM installation	UNKNOWN STEP	2025-06-27T11:31:50.6815176Z Installing Minikube
Test OLM installation	UNKNOWN STEP	2025-06-27T11:31:50.7244947Z * minikube v1.32.0 on Ubuntu 24.04
Test OLM installation	UNKNOWN STEP	2025-06-27T11:31:50.7254421Z   - MINIKUBE_VERSION=v1.32.0
Test OLM installation	UNKNOWN STEP	2025-06-27T11:31:50.7258137Z   - MINIKUBE_MEMORY=4096
Test OLM installation	UNKNOWN STEP	2025-06-27T11:31:50.7262297Z   - MINIKUBE_HOME=/home/runner/work/_temp
Test OLM installation	UNKNOWN STEP	2025-06-27T11:31:50.8672547Z * minikube 1.36.0 is available! Download it: https://github.com/kubernetes/minikube/releases/tag/v1.36.0
Test OLM installation	UNKNOWN STEP	2025-06-27T11:31:50.8675656Z * To disable this notice, run: 'minikube config set WantUpdateNotification false'
Test OLM installation	UNKNOWN STEP	2025-06-27T11:31:50.8676209Z 
Test OLM installation	UNKNOWN STEP	2025-06-27T11:31:54.8481089Z * Using the docker driver based on user configuration
Test OLM installation	UNKNOWN STEP	2025-06-27T11:31:54.9257659Z * Using Docker driver with root privileges
Test OLM installation	UNKNOWN STEP	2025-06-27T11:31:54.9270143Z * Starting control plane node minikube in cluster minikube
Test OLM installation	UNKNOWN STEP	2025-06-27T11:31:54.9284030Z * Pulling base image ...
Test OLM installation	UNKNOWN STEP	2025-06-27T11:31:54.9785773Z * Downloading Kubernetes v1.27.10 preload ...
Test OLM installation	UNKNOWN STEP	2025-06-27T11:32:07.9444544Z * Creating docker container (CPUs=2, Memory=4096MB) ...
Test OLM installation	UNKNOWN STEP	2025-06-27T11:32:22.9294413Z * Preparing Kubernetes v1.27.10 on Docker 24.0.7 ...
Test OLM installation	UNKNOWN STEP	2025-06-27T11:32:35.0862946Z   - Generating certificates and keys ...
Test OLM installation	UNKNOWN STEP	2025-06-27T11:32:35.0884954Z   - Booting up control plane ...
Test OLM installation	UNKNOWN STEP	2025-06-27T11:32:35.0912723Z   - Configuring RBAC rules ...
Test OLM installation	UNKNOWN STEP	2025-06-27T11:32:35.0948032Z * Configuring bridge CNI (Container Networking Interface) ...
Test OLM installation	UNKNOWN STEP	2025-06-27T11:32:35.2564544Z   - Using image gcr.io/k8s-minikube/storage-provisioner:v5
Test OLM installation	UNKNOWN STEP	2025-06-27T11:32:35.2600452Z * Verifying Kubernetes components...
Test OLM installation	UNKNOWN STEP	2025-06-27T11:32:36.0465737Z * Enabled addons: storage-provisioner, default-storageclass
Test OLM installation	UNKNOWN STEP	2025-06-27T11:32:39.6366291Z 
Test OLM installation	UNKNOWN STEP	2025-06-27T11:32:39.6376878Z     > gcr.io/k8s-minikube/kicbase...:  1.62 KiB / 453.90 MiB [>_] 0.00% ? p/s ?    > gcr.io/k8s-minikube/kicbase...:  1.62 KiB / 453.90 MiB [>_] 0.00% ? p/s ?    > gcr.io/k8s-minikube/kicbase...:  8.75 MiB / 453.90 MiB [>_] 1.93% ? p/s ?    > gcr.io/k8s-minikube/kicbase...:  41.71 MiB / 453.90 MiB  9.19% 69.63 MiB     > gcr.io/k8s-minikube/kicbase...:  68.35 MiB / 453.90 MiB  15.06% 69.63 MiB    > gcr.io/k8s-minikube/kicbase...:  88.00 MiB / 453.90 MiB  19.39% 69.63 MiB    > gcr.io/k8s-minikube/kicbase...:  99.53 MiB / 453.90 MiB  21.93% 71.35 MiB    > gcr.io/k8s-minikube/kicbase...:  124.00 MiB / 453.90 MiB  27.32% 71.35 Mi    > gcr.io/k8s-minikube/kicbase...:  144.00 MiB / 453.90 MiB  31.73% 71.35 Mi    > gcr.io/k8s-minikube/kicbase...:  164.00 MiB / 453.90 MiB  36.13% 73.68 Mi    > gcr.io/k8s-minikube/kicbase...:  186.42 MiB / 453.90 MiB  41.07% 73.68 Mi    > gcr.io/k8s-minikube/kicbase...:  214.92 MiB / 453.90 MiB  47.35% 73.68 Mi    > gcr.io/k8s-minikube/kicbase...:  248.35 MiB / 453.90 MiB  54.71% 78.00 Mi    > gcr.io/k8s-minikube/kicbase...:  272.55 MiB / 453.90 MiB  60.05% 78.00 Mi    > gcr.io/k8s-minikube/kicbase...:  288.17 MiB / 453.90 MiB  63.49% 78.00 Mi    > gcr.io/k8s-minikube/kicbase...:  315.77 MiB / 453.90 MiB  69.57% 80.21 Mi    > gcr.io/k8s-minikube/kicbase...:  348.58 MiB / 453.90 MiB  76.80% 80.21 Mi    > gcr.io/k8s-minikube/kicbase...:  382.75 MiB / 453.90 MiB  84.33% 80.21 Mi    > gcr.io/k8s-minikube/kicbase...:  416.22 MiB / 453.90 MiB  91.70% 85.83 Mi    > gcr.io/k8s-minikube/kicbase...:  437.77 MiB / 453.90 MiB  96.45% 85.83 Mi    > gcr.io/k8s-minikube/kicbase...:  453.90 MiB / 453.90 MiB  100.00% 116.59 ! /usr/bin/kubectl is version 1.33.2, which may have incompatibilities with Kubernetes 1.27.10.
Test OLM installation	UNKNOWN STEP	2025-06-27T11:32:39.6381111Z   - Want kubectl v1.27.10? Try 'minikube kubectl -- get pods -A'
Test OLM installation	UNKNOWN STEP	2025-06-27T11:32:39.6383708Z * Done! kubectl is now configured to use "minikube" cluster and "default" namespace by default
Test OLM installation	UNKNOWN STEP	2025-06-27T11:32:39.7143440Z minikube version: v1.32.0commit: 8220a6eb95f0a4d75f7f2d7b14cef975f050512d installed successfully
Test OLM installation	UNKNOWN STEP	2025-06-27T11:32:39.7300197Z ##[group]Run redhat-actions/openshift-tools-installer@v1
Test OLM installation	UNKNOWN STEP	2025-06-27T11:32:39.7300500Z with:
Test OLM installation	UNKNOWN STEP	2025-06-27T11:32:39.7300663Z   source: github
Test OLM installation	UNKNOWN STEP	2025-06-27T11:32:39.7300828Z   opm: 1.21.0
Test OLM installation	UNKNOWN STEP	2025-06-27T11:32:39.7301110Z   github_pat: ***
Test OLM installation	UNKNOWN STEP	2025-06-27T11:32:39.7301289Z   skip_cache: false
Test OLM installation	UNKNOWN STEP	2025-06-27T11:32:39.7301633Z env:
Test OLM installation	UNKNOWN STEP	2025-06-27T11:32:39.7301888Z   MAVEN_ARGS: -B -nsu -Daether.connector.http.connectionMaxTtl=25
Test OLM installation	UNKNOWN STEP	2025-06-27T11:32:39.7302201Z   MINIKUBE_VERSION: v1.32.0
Test OLM installation	UNKNOWN STEP	2025-06-27T11:32:39.7302409Z   KUBERNETES_VERSION: v1.27.10
Test OLM installation	UNKNOWN STEP	2025-06-27T11:32:39.7302610Z   MINIKUBE_MEMORY: 4096
Test OLM installation	UNKNOWN STEP	2025-06-27T11:32:39.7302900Z   JAVA_HOME: /opt/hostedtoolcache/Java_Temurin-Hotspot_jdk/21.0.7-6/x64
Test OLM installation	UNKNOWN STEP	2025-06-27T11:32:39.7303325Z   JAVA_HOME_21_X64: /opt/hostedtoolcache/Java_Temurin-Hotspot_jdk/21.0.7-6/x64
Test OLM installation	UNKNOWN STEP	2025-06-27T11:32:39.7303679Z   MINIKUBE_HOME: /home/runner/work/_temp
Test OLM installation	UNKNOWN STEP	2025-06-27T11:32:39.7303905Z ##[endgroup]
Test OLM installation	UNKNOWN STEP	2025-06-27T11:32:39.8962130Z Installing opm matching version "1.21.0"
Test OLM installation	UNKNOWN STEP	2025-06-27T11:32:39.8983705Z â¹ï¸ Tools will be installed from "github".
Test OLM installation	UNKNOWN STEP	2025-06-27T11:32:39.8985396Z 
Test OLM installation	UNKNOWN STEP	2025-06-27T11:32:39.8986140Z ð Searching for a version of opm satisfying the range "1.21.0" that was input as "1.21.0"
Test OLM installation	UNKNOWN STEP	2025-06-27T11:32:41.4238107Z Max opm version satisfying 1.21.0 is 1.21.0
Test OLM installation	UNKNOWN STEP	2025-06-27T11:32:41.4239212Z Download path of opm is https://github.com/operator-framework/operator-registry/releases
Test OLM installation	UNKNOWN STEP	2025-06-27T11:32:41.6316780Z Current operating system is linux
Test OLM installation	UNKNOWN STEP	2025-06-27T11:32:41.6320076Z Current architecture is amd64
Test OLM installation	UNKNOWN STEP	2025-06-27T11:32:41.6322317Z Selecting linux-amd64-opm
Test OLM installation	UNKNOWN STEP	2025-06-27T11:32:41.6325374Z Using temporary directory for storage
Test OLM installation	UNKNOWN STEP	2025-06-27T11:32:41.6338416Z ð CLIs will be downloaded to /home/runner/work/_temp/openshift-bin
Test OLM installation	UNKNOWN STEP	2025-06-27T11:32:41.6341109Z Added /home/runner/work/_temp/openshift-bin to PATH
Test OLM installation	UNKNOWN STEP	2025-06-27T11:32:41.6341818Z Checking the cache for opm v1.21.0...
Test OLM installation	UNKNOWN STEP	2025-06-27T11:32:51.7372956Z ##[warning]Failed to check cache for opm v1.21.0: Error: getCacheEntry failed: Cache service responded with 503
Test OLM installation	UNKNOWN STEP	2025-06-27T11:32:52.0955113Z â¬ï¸ Downloading 45.03MB https://github.com/operator-framework/operator-registry/releases/download/v1.21.0/linux-amd64-opm ...
Test OLM installation	UNKNOWN STEP	2025-06-27T11:32:52.7447670Z Downloaded linux-amd64-opm in 0.6s
Test OLM installation	UNKNOWN STEP	2025-06-27T11:32:52.7451992Z Download path of opm is https://github.com/operator-framework/operator-registry/releases
Test OLM installation	UNKNOWN STEP	2025-06-27T11:32:52.9839292Z â¬ï¸ Downloading hash file https://github.com/operator-framework/operator-registry/releases/download/v1.21.0/checksums.txt
Test OLM installation	UNKNOWN STEP	2025-06-27T11:32:53.4372083Z sha256 verification of linux-amd64-opm succeeded.
Test OLM installation	UNKNOWN STEP	2025-06-27T11:32:53.4382250Z opm installed into /home/runner/work/_temp/openshift-bin/opm
Test OLM installation	UNKNOWN STEP	2025-06-27T11:32:53.4412699Z [command]/home/runner/work/_temp/openshift-bin/opm version
Test OLM installation	UNKNOWN STEP	2025-06-27T11:32:53.4626139Z Version: version.Version{OpmVersion:"v1.21.0", GitCommit:"9999f796", BuildDate:"2022-03-03T21:23:12Z", GoOs:"linux", GoArch:"amd64"}
Test OLM installation	UNKNOWN STEP	2025-06-27T11:32:53.4646777Z ð¾ Saving opm v1.21.0 into the cache
Test OLM installation	UNKNOWN STEP	2025-06-27T11:33:03.5534103Z ##[warning]Failed to cache opm v1.21.0: Error: reserveCache failed: Cache service responded with 503
Test OLM installation	UNKNOWN STEP	2025-06-27T11:33:03.5536552Z â Successfully installed opm v1.21.0.
Test OLM installation	UNKNOWN STEP	2025-06-27T11:33:03.5536842Z 
Test OLM installation	UNKNOWN STEP	2025-06-27T11:33:03.5537053Z â Successfully installed 1/1 client:
Test OLM installation	UNKNOWN STEP	2025-06-27T11:33:03.5537453Z   - opm v1.21.0
Test OLM installation	UNKNOWN STEP	2025-06-27T11:33:03.5551730Z Wrote out installed versions to /home/runner/work/_temp/openshift-bin/openshift-clients-installed.json
Test OLM installation	UNKNOWN STEP	2025-06-27T11:33:03.5674265Z ##[group]Run sudo snap install yq
Test OLM installation	UNKNOWN STEP	2025-06-27T11:33:03.5674607Z [36;1msudo snap install yq[0m
Test OLM installation	UNKNOWN STEP	2025-06-27T11:33:03.5764141Z shell: /usr/bin/bash --noprofile --norc -e -o pipefail {0}
Test OLM installation	UNKNOWN STEP	2025-06-27T11:33:03.5764465Z env:
Test OLM installation	UNKNOWN STEP	2025-06-27T11:33:03.5764729Z   MAVEN_ARGS: -B -nsu -Daether.connector.http.connectionMaxTtl=25
Test OLM installation	UNKNOWN STEP	2025-06-27T11:33:03.5765080Z   MINIKUBE_VERSION: v1.32.0
Test OLM installation	UNKNOWN STEP	2025-06-27T11:33:03.5765321Z   KUBERNETES_VERSION: v1.27.10
Test OLM installation	UNKNOWN STEP	2025-06-27T11:33:03.5765540Z   MINIKUBE_MEMORY: 4096
Test OLM installation	UNKNOWN STEP	2025-06-27T11:33:03.5765836Z   JAVA_HOME: /opt/hostedtoolcache/Java_Temurin-Hotspot_jdk/21.0.7-6/x64
Test OLM installation	UNKNOWN STEP	2025-06-27T11:33:03.5766290Z   JAVA_HOME_21_X64: /opt/hostedtoolcache/Java_Temurin-Hotspot_jdk/21.0.7-6/x64
Test OLM installation	UNKNOWN STEP	2025-06-27T11:33:03.5766656Z   MINIKUBE_HOME: /home/runner/work/_temp
Test OLM installation	UNKNOWN STEP	2025-06-27T11:33:03.5766891Z ##[endgroup]
Test OLM installation	UNKNOWN STEP	2025-06-27T11:33:07.9902959Z 2025-06-27T11:33:07Z INFO Waiting for automatic snapd restart...
Test OLM installation	UNKNOWN STEP	2025-06-27T11:33:19.3179427Z yq v4.44.5 from Mike Farah (mikefarah) installed
Test OLM installation	UNKNOWN STEP	2025-06-27T11:33:19.3233711Z ##[group]Run ./scripts/install-olm.sh
Test OLM installation	UNKNOWN STEP	2025-06-27T11:33:19.3234026Z [36;1m./scripts/install-olm.sh[0m
Test OLM installation	UNKNOWN STEP	2025-06-27T11:33:19.3292448Z shell: /usr/bin/bash --noprofile --norc -e -o pipefail {0}
Test OLM installation	UNKNOWN STEP	2025-06-27T11:33:19.3292751Z env:
Test OLM installation	UNKNOWN STEP	2025-06-27T11:33:19.3293012Z   MAVEN_ARGS: -B -nsu -Daether.connector.http.connectionMaxTtl=25
Test OLM installation	UNKNOWN STEP	2025-06-27T11:33:19.3293342Z   MINIKUBE_VERSION: v1.32.0
Test OLM installation	UNKNOWN STEP	2025-06-27T11:33:19.3293589Z   KUBERNETES_VERSION: v1.27.10
Test OLM installation	UNKNOWN STEP	2025-06-27T11:33:19.3293935Z   MINIKUBE_MEMORY: 4096
Test OLM installation	UNKNOWN STEP	2025-06-27T11:33:19.3294235Z   JAVA_HOME: /opt/hostedtoolcache/Java_Temurin-Hotspot_jdk/21.0.7-6/x64
Test OLM installation	UNKNOWN STEP	2025-06-27T11:33:19.3294672Z   JAVA_HOME_21_X64: /opt/hostedtoolcache/Java_Temurin-Hotspot_jdk/21.0.7-6/x64
Test OLM installation	UNKNOWN STEP	2025-06-27T11:33:19.3295032Z   MINIKUBE_HOME: /home/runner/work/_temp
Test OLM installation	UNKNOWN STEP	2025-06-27T11:33:19.3295273Z ##[endgroup]
Test OLM installation	UNKNOWN STEP	2025-06-27T11:33:19.3380303Z + mkdir -p /tmp/olm/
Test OLM installation	UNKNOWN STEP	2025-06-27T11:33:19.3395078Z + curl -f -L https://github.com/operator-framework/operator-lifecycle-manager/releases/download/v0.26.0/install.sh -o /tmp/olm/install.sh
Test OLM installation	UNKNOWN STEP	2025-06-27T11:33:19.3445199Z   % Total    % Received % Xferd  Average Speed   Time    Time     Time  Current
Test OLM installation	UNKNOWN STEP	2025-06-27T11:33:19.3445804Z                                  Dload  Upload   Total   Spent    Left  Speed
Test OLM installation	UNKNOWN STEP	2025-06-27T11:33:19.3446083Z 
Test OLM installation	UNKNOWN STEP	2025-06-27T11:33:19.5127497Z   0     0    0     0    0     0      0      0 --:--:-- --:--:-- --:--:--     0
Test OLM installation	UNKNOWN STEP	2025-06-27T11:33:19.5127968Z   0     0    0     0    0     0      0      0 --:--:-- --:--:-- --:--:--     0
Test OLM installation	UNKNOWN STEP	2025-06-27T11:33:19.7241774Z 
Test OLM installation	UNKNOWN STEP	2025-06-27T11:33:19.7242362Z 100  1886  100  1886    0     0   4966      0 --:--:-- --:--:-- --:--:--  4966
Test OLM installation	UNKNOWN STEP	2025-06-27T11:33:19.7243041Z 100  1886  100  1886    0     0   4965      0 --:--:-- --:--:-- --:--:--     0
Test OLM installation	UNKNOWN STEP	2025-06-27T11:33:19.7277375Z + chmod +x /tmp/olm/install.sh
Test OLM installation	UNKNOWN STEP	2025-06-27T11:33:19.7289658Z + /tmp/olm/install.sh v0.26.0
Test OLM installation	UNKNOWN STEP	2025-06-27T11:33:20.6897749Z customresourcedefinition.apiextensions.k8s.io/catalogsources.operators.coreos.com created
Test OLM installation	UNKNOWN STEP	2025-06-27T11:33:20.8292025Z customresourcedefinition.apiextensions.k8s.io/clusterserviceversions.operators.coreos.com created
Test OLM installation	UNKNOWN STEP	2025-06-27T11:33:20.8385987Z customresourcedefinition.apiextensions.k8s.io/installplans.operators.coreos.com created
Test OLM installation	UNKNOWN STEP	2025-06-27T11:33:20.8468936Z customresourcedefinition.apiextensions.k8s.io/olmconfigs.operators.coreos.com created
Test OLM installation	UNKNOWN STEP	2025-06-27T11:33:20.8745382Z customresourcedefinition.apiextensions.k8s.io/operatorconditions.operators.coreos.com created
Test OLM installation	UNKNOWN STEP	2025-06-27T11:33:20.9084162Z customresourcedefinition.apiextensions.k8s.io/operatorgroups.operators.coreos.com created
Test OLM installation	UNKNOWN STEP	2025-06-27T11:33:20.9333604Z customresourcedefinition.apiextensions.k8s.io/operators.operators.coreos.com created
Test OLM installation	UNKNOWN STEP	2025-06-27T11:33:20.9873339Z customresourcedefinition.apiextensions.k8s.io/subscriptions.operators.coreos.com created
Test OLM installation	UNKNOWN STEP	2025-06-27T11:33:21.5046749Z customresourcedefinition.apiextensions.k8s.io/catalogsources.operators.coreos.com condition met
Test OLM installation	UNKNOWN STEP	2025-06-27T11:33:21.6630604Z customresourcedefinition.apiextensions.k8s.io/clusterserviceversions.operators.coreos.com condition met
Test OLM installation	UNKNOWN STEP	2025-06-27T11:33:21.7683694Z customresourcedefinition.apiextensions.k8s.io/installplans.operators.coreos.com condition met
Test OLM installation	UNKNOWN STEP	2025-06-27T11:33:21.8724133Z customresourcedefinition.apiextensions.k8s.io/olmconfigs.operators.coreos.com condition met
Test OLM installation	UNKNOWN STEP	2025-06-27T11:33:21.9799717Z customresourcedefinition.apiextensions.k8s.io/operatorconditions.operators.coreos.com condition met
Test OLM installation	UNKNOWN STEP	2025-06-27T11:33:22.0855210Z customresourcedefinition.apiextensions.k8s.io/operatorgroups.operators.coreos.com condition met
Test OLM installation	UNKNOWN STEP	2025-06-27T11:33:22.1903471Z customresourcedefinition.apiextensions.k8s.io/operators.operators.coreos.com condition met
Test OLM installation	UNKNOWN STEP	2025-06-27T11:33:22.3118510Z customresourcedefinition.apiextensions.k8s.io/subscriptions.operators.coreos.com condition met
Test OLM installation	UNKNOWN STEP	2025-06-27T11:33:22.7836654Z namespace/olm created
Test OLM installation	UNKNOWN STEP	2025-06-27T11:33:22.8159568Z namespace/operators created
Test OLM installation	UNKNOWN STEP	2025-06-27T11:33:22.8482592Z serviceaccount/olm-operator-serviceaccount created
Test OLM installation	UNKNOWN STEP	2025-06-27T11:33:22.8611825Z clusterrole.rbac.authorization.k8s.io/system:controller:operator-lifecycle-manager created
Test OLM installation	UNKNOWN STEP	2025-06-27T11:33:22.8678473Z clusterrolebinding.rbac.authorization.k8s.io/olm-operator-binding-olm created
Test OLM installation	UNKNOWN STEP	2025-06-27T11:33:24.8964909Z olmconfig.operators.coreos.com/cluster created
Test OLM installation	UNKNOWN STEP	2025-06-27T11:33:24.9335253Z deployment.apps/olm-operator created
Test OLM installation	UNKNOWN STEP	2025-06-27T11:33:24.9660772Z deployment.apps/catalog-operator created
Test OLM installation	UNKNOWN STEP	2025-06-27T11:33:24.9800971Z clusterrole.rbac.authorization.k8s.io/aggregate-olm-edit created
Test OLM installation	UNKNOWN STEP	2025-06-27T11:33:25.0092195Z clusterrole.rbac.authorization.k8s.io/aggregate-olm-view created
Test OLM installation	UNKNOWN STEP	2025-06-27T11:33:25.0492460Z operatorgroup.operators.coreos.com/global-operators created
Test OLM installation	UNKNOWN STEP	2025-06-27T11:33:25.0564118Z operatorgroup.operators.coreos.com/olm-operators created
Test OLM installation	UNKNOWN STEP	2025-06-27T11:33:25.1300201Z clusterserviceversion.operators.coreos.com/packageserver created
Test OLM installation	UNKNOWN STEP	2025-06-27T11:33:25.1594251Z catalogsource.operators.coreos.com/operatorhubio-catalog created
Test OLM installation	UNKNOWN STEP	2025-06-27T11:33:25.2147160Z Waiting for deployment "olm-operator" rollout to finish: 0 of 1 updated replicas are available...
Test OLM installation	UNKNOWN STEP	2025-06-27T11:33:31.2621711Z deployment "olm-operator" successfully rolled out
Test OLM installation	UNKNOWN STEP	2025-06-27T11:33:31.3633196Z deployment "catalog-operator" successfully rolled out
Test OLM installation	UNKNOWN STEP	2025-06-27T11:33:31.4583000Z Package server phase: Installing
Test OLM installation	UNKNOWN STEP	2025-06-27T11:33:41.5323595Z Package server phase: Succeeded
Test OLM installation	UNKNOWN STEP	2025-06-27T11:33:41.5959256Z deployment "packageserver" successfully rolled out
Test OLM installation	UNKNOWN STEP	2025-06-27T11:33:41.6042235Z ##[group]Run actions/download-artifact@v4
Test OLM installation	UNKNOWN STEP	2025-06-27T11:33:41.6042523Z with:
Test OLM installation	UNKNOWN STEP	2025-06-27T11:33:41.6042692Z   name: keycloak-dist
Test OLM installation	UNKNOWN STEP	2025-06-27T11:33:41.6042891Z   path: quarkus/container
Test OLM installation	UNKNOWN STEP	2025-06-27T11:33:41.6043100Z   merge-multiple: false
Test OLM installation	UNKNOWN STEP	2025-06-27T11:33:41.6043293Z   repository: keycloak/keycloak
Test OLM installation	UNKNOWN STEP	2025-06-27T11:33:41.6043497Z   run-id: 15921210362
Test OLM installation	UNKNOWN STEP	2025-06-27T11:33:41.6043662Z env:
Test OLM installation	UNKNOWN STEP	2025-06-27T11:33:41.6043916Z   MAVEN_ARGS: -B -nsu -Daether.connector.http.connectionMaxTtl=25
Test OLM installation	UNKNOWN STEP	2025-06-27T11:33:41.6044238Z   MINIKUBE_VERSION: v1.32.0
Test OLM installation	UNKNOWN STEP	2025-06-27T11:33:41.6044446Z   KUBERNETES_VERSION: v1.27.10
Test OLM installation	UNKNOWN STEP	2025-06-27T11:33:41.6044653Z   MINIKUBE_MEMORY: 4096
Test OLM installation	UNKNOWN STEP	2025-06-27T11:33:41.6044932Z   JAVA_HOME: /opt/hostedtoolcache/Java_Temurin-Hotspot_jdk/21.0.7-6/x64
Test OLM installation	UNKNOWN STEP	2025-06-27T11:33:41.6045362Z   JAVA_HOME_21_X64: /opt/hostedtoolcache/Java_Temurin-Hotspot_jdk/21.0.7-6/x64
Test OLM installation	UNKNOWN STEP	2025-06-27T11:33:41.6045710Z   MINIKUBE_HOME: /home/runner/work/_temp
Test OLM installation	UNKNOWN STEP	2025-06-27T11:33:41.6045936Z ##[endgroup]
Test OLM installation	UNKNOWN STEP	2025-06-27T11:33:41.8394849Z Downloading single artifact
Test OLM installation	UNKNOWN STEP	2025-06-27T11:33:42.0133049Z Preparing to download the following artifacts:
Test OLM installation	UNKNOWN STEP	2025-06-27T11:33:42.0133952Z - keycloak-dist (ID: 3417145031, Size: 150554783, Expected Digest: sha256:2b0bcbd86770a191038cb84fc0a47cd7f3b4c3b0d14b9141067d4fb493c94511)
Test OLM installation	UNKNOWN STEP	2025-06-27T11:33:42.1178320Z Redirecting to blob download url: https://productionresultssa19.blob.core.windows.net/actions-results/e6f6f555-d5d7-4a2f-8a84-d6642609a464/workflow-job-run-dddc4fbf-055d-5d48-9c05-50819e154165/artifacts/8ec452859fe416bcecd39b267c69bfe76c7634fb13c33b71d912d2a8c0986080.zip
Test OLM installation	UNKNOWN STEP	2025-06-27T11:33:42.1180143Z Starting download of artifact to: /home/runner/work/keycloak/keycloak/quarkus/container
Test OLM installation	UNKNOWN STEP	2025-06-27T11:33:42.3924382Z (node:8742) [DEP0005] DeprecationWarning: Buffer() is deprecated due to security and usability issues. Please use the Buffer.alloc(), Buffer.allocUnsafe(), or Buffer.from() methods instead.
Test OLM installation	UNKNOWN STEP	2025-06-27T11:33:42.3925930Z (Use `node --trace-deprecation ...` to show where the warning was created)
Test OLM installation	UNKNOWN STEP	2025-06-27T11:33:46.3151818Z SHA256 digest of downloaded artifact is 2b0bcbd86770a191038cb84fc0a47cd7f3b4c3b0d14b9141067d4fb493c94511
Test OLM installation	UNKNOWN STEP	2025-06-27T11:33:46.3152819Z Artifact download completed successfully.
Test OLM installation	UNKNOWN STEP	2025-06-27T11:33:46.3153338Z Total of 1 artifact(s) downloaded
Test OLM installation	UNKNOWN STEP	2025-06-27T11:33:46.3160984Z Download artifact has finished successfully
Test OLM installation	UNKNOWN STEP	2025-06-27T11:33:46.3286510Z ##[group]Run eval $(minikube -p minikube docker-env)
Test OLM installation	UNKNOWN STEP	2025-06-27T11:33:46.3287152Z [36;1meval $(minikube -p minikube docker-env)[0m
Test OLM installation	UNKNOWN STEP	2025-06-27T11:33:46.3287710Z [36;1m./scripts/olm-testing.sh ${GITHUB_SHA::6}[0m
Test OLM installation	UNKNOWN STEP	2025-06-27T11:33:46.3347919Z shell: /usr/bin/bash --noprofile --norc -e -o pipefail {0}
Test OLM installation	UNKNOWN STEP	2025-06-27T11:33:46.3348337Z env:
Test OLM installation	UNKNOWN STEP	2025-06-27T11:33:46.3348618Z   MAVEN_ARGS: -B -nsu -Daether.connector.http.connectionMaxTtl=25
Test OLM installation	UNKNOWN STEP	2025-06-27T11:33:46.3349106Z   MINIKUBE_VERSION: v1.32.0
Test OLM installation	UNKNOWN STEP	2025-06-27T11:33:46.3349483Z   KUBERNETES_VERSION: v1.27.10
Test OLM installation	UNKNOWN STEP	2025-06-27T11:33:46.3349706Z   MINIKUBE_MEMORY: 4096
Test OLM installation	UNKNOWN STEP	2025-06-27T11:33:46.3350122Z   JAVA_HOME: /opt/hostedtoolcache/Java_Temurin-Hotspot_jdk/21.0.7-6/x64
Test OLM installation	UNKNOWN STEP	2025-06-27T11:33:46.3350670Z   JAVA_HOME_21_X64: /opt/hostedtoolcache/Java_Temurin-Hotspot_jdk/21.0.7-6/x64
Test OLM installation	UNKNOWN STEP	2025-06-27T11:33:46.3351151Z   MINIKUBE_HOME: /home/runner/work/_temp
Test OLM installation	UNKNOWN STEP	2025-06-27T11:33:46.3351548Z ##[endgroup]
Test OLM installation	UNKNOWN STEP	2025-06-27T11:33:46.7539340Z + UUID=9b1f51
Test OLM installation	UNKNOWN STEP	2025-06-27T11:33:46.7549538Z + INSTALL_NAMESPACE=default
Test OLM installation	UNKNOWN STEP	2025-06-27T11:33:46.7552091Z + TARGET_NAMESPACES=default
Test OLM installation	UNKNOWN STEP	2025-06-27T11:33:46.7577578Z +++ dirname -- ./scripts/olm-testing.sh
Test OLM installation	UNKNOWN STEP	2025-06-27T11:33:46.7579435Z ++ cd -- ./scripts
Test OLM installation	UNKNOWN STEP	2025-06-27T11:33:46.7581659Z ++ pwd
Test OLM installation	UNKNOWN STEP	2025-06-27T11:33:46.7586188Z + SCRIPT_DIR=/home/runner/work/keycloak/keycloak/operator/scripts
Test OLM installation	UNKNOWN STEP	2025-06-27T11:33:46.7586762Z + VERSION=86400000.0.0
Test OLM installation	UNKNOWN STEP	2025-06-27T11:33:46.7587353Z + cd /home/runner/work/keycloak/keycloak/operator/scripts/../../quarkus/container
Test OLM installation	UNKNOWN STEP	2025-06-27T11:33:46.7590112Z ++ ls keycloak-999.0.0-SNAPSHOT.tar.gz
Test OLM installation	UNKNOWN STEP	2025-06-27T11:33:46.7597142Z + docker build --build-arg KEYCLOAK_DIST=keycloak-999.0.0-SNAPSHOT.tar.gz . -t ttl.sh/9b1f51keycloak:86400000.0.0
Test OLM installation	UNKNOWN STEP	2025-06-27T11:33:47.3487571Z #0 building with "default" instance using docker driver
Test OLM installation	UNKNOWN STEP	2025-06-27T11:33:47.3488052Z 
Test OLM installation	UNKNOWN STEP	2025-06-27T11:33:47.3488309Z #1 [internal] load build definition from Dockerfile
Test OLM installation	UNKNOWN STEP	2025-06-27T11:33:47.3488809Z #1 transferring dockerfile: 2.72kB done
Test OLM installation	UNKNOWN STEP	2025-06-27T11:33:47.3489245Z #1 DONE 0.0s
Test OLM installation	UNKNOWN STEP	2025-06-27T11:33:47.3489406Z 
Test OLM installation	UNKNOWN STEP	2025-06-27T11:33:47.3489522Z #2 [internal] load .dockerignore
Test OLM installation	UNKNOWN STEP	2025-06-27T11:33:47.3489847Z #2 transferring context: 2B done
Test OLM installation	UNKNOWN STEP	2025-06-27T11:33:47.3490217Z #2 DONE 0.0s
Test OLM installation	UNKNOWN STEP	2025-06-27T11:33:47.3490347Z 
Test OLM installation	UNKNOWN STEP	2025-06-27T11:33:47.3490577Z #3 [internal] load metadata for registry.access.redhat.com/ubi9:latest
Test OLM installation	UNKNOWN STEP	2025-06-27T11:33:47.7807310Z #3 DONE 0.6s
Test OLM installation	UNKNOWN STEP	2025-06-27T11:33:47.7807511Z 
Test OLM installation	UNKNOWN STEP	2025-06-27T11:33:47.7807877Z #4 [internal] load metadata for registry.access.redhat.com/ubi9-micro:latest
Test OLM installation	UNKNOWN STEP	2025-06-27T11:33:47.9041589Z #4 DONE 0.6s
Test OLM installation	UNKNOWN STEP	2025-06-27T11:33:47.9044898Z 
Test OLM installation	UNKNOWN STEP	2025-06-27T11:33:47.9045603Z #5 [stage-1 1/4] FROM registry.access.redhat.com/ubi9-micro@sha256:c2f11c487861612f877e624f092d991aa271cb2c1a5a001a95007a3ea8761140
Test OLM installation	UNKNOWN STEP	2025-06-27T11:33:47.9059815Z #5 resolve registry.access.redhat.com/ubi9-micro@sha256:c2f11c487861612f877e624f092d991aa271cb2c1a5a001a95007a3ea8761140 done
Test OLM installation	UNKNOWN STEP	2025-06-27T11:33:47.9061100Z #5 sha256:cdc0112e7a73d83000b227bec20f84209066184de6a19fc8b973d0e8cca1ad5c 504B / 504B done
Test OLM installation	UNKNOWN STEP	2025-06-27T11:33:47.9062487Z #5 sha256:8eae05a0d24718e702bb406da5efa76ed4b2c7cc640520e6a9435ae0fca5f3fa 4.00kB / 4.00kB done
Test OLM installation	UNKNOWN STEP	2025-06-27T11:33:47.9063559Z #5 sha256:a58adea1f07f03d6954fa0e969c54708e8f2d434c668cdb9f024006f71868eb0 0B / 7.24MB 0.1s
Test OLM installation	UNKNOWN STEP	2025-06-27T11:33:47.9064542Z #5 sha256:c2f11c487861612f877e624f092d991aa271cb2c1a5a001a95007a3ea8761140 897B / 897B done
Test OLM installation	UNKNOWN STEP	2025-06-27T11:33:48.1121548Z #5 sha256:a58adea1f07f03d6954fa0e969c54708e8f2d434c668cdb9f024006f71868eb0 4.19MB / 7.24MB 0.3s
Test OLM installation	UNKNOWN STEP	2025-06-27T11:33:48.2099595Z #5 sha256:a58adea1f07f03d6954fa0e969c54708e8f2d434c668cdb9f024006f71868eb0 7.24MB / 7.24MB 0.3s done
Test OLM installation	UNKNOWN STEP	2025-06-27T11:33:48.2103991Z #5 extracting sha256:a58adea1f07f03d6954fa0e969c54708e8f2d434c668cdb9f024006f71868eb0
Test OLM installation	UNKNOWN STEP	2025-06-27T11:33:48.8134676Z #5 extracting sha256:a58adea1f07f03d6954fa0e969c54708e8f2d434c668cdb9f024006f71868eb0 0.6s done
Test OLM installation	UNKNOWN STEP	2025-06-27T11:33:48.8136429Z #5 DONE 1.0s
Test OLM installation	UNKNOWN STEP	2025-06-27T11:33:48.8136607Z 
Test OLM installation	UNKNOWN STEP	2025-06-27T11:33:48.8137897Z #6 [ubi-micro-build 1/8] FROM registry.access.redhat.com/ubi9@sha256:7a4818cdb8e0461d75d4bdfa42a355d3725bcc8cc0cc5d467021119d5962ce6b
Test OLM installation	UNKNOWN STEP	2025-06-27T11:33:48.8139340Z #6 resolve registry.access.redhat.com/ubi9@sha256:7a4818cdb8e0461d75d4bdfa42a355d3725bcc8cc0cc5d467021119d5962ce6b done
Test OLM installation	UNKNOWN STEP	2025-06-27T11:33:48.8140506Z #6 sha256:7a4818cdb8e0461d75d4bdfa42a355d3725bcc8cc0cc5d467021119d5962ce6b 897B / 897B done
Test OLM installation	UNKNOWN STEP	2025-06-27T11:33:48.8141678Z #6 sha256:3cd72dd4045dfbaa800a8f0917a712c0fc40a6551697259d932022b3b43cdba3 505B / 505B done
Test OLM installation	UNKNOWN STEP	2025-06-27T11:33:48.8142730Z #6 sha256:5c8f58cc08c14c8e21a15d835fe53e98464abb2210c5a2d590703e6abac8b421 5.06kB / 5.06kB done
Test OLM installation	UNKNOWN STEP	2025-06-27T11:33:48.8143762Z #6 sha256:24431058b73728c387089e7665e6f7171089f9bc580b84b9be8d28f8923b96b6 65.01MB / 79.61MB 1.0s
Test OLM installation	UNKNOWN STEP	2025-06-27T11:33:48.9854329Z #6 ...
Test OLM installation	UNKNOWN STEP	2025-06-27T11:33:48.9854707Z 
Test OLM installation	UNKNOWN STEP	2025-06-27T11:33:48.9854941Z #7 [internal] load build context
Test OLM installation	UNKNOWN STEP	2025-06-27T11:33:48.9855420Z #7 transferring context: 150.54MB 1.0s done
Test OLM installation	UNKNOWN STEP	2025-06-27T11:33:48.9855750Z #7 DONE 1.0s
Test OLM installation	UNKNOWN STEP	2025-06-27T11:33:48.9855917Z 
Test OLM installation	UNKNOWN STEP	2025-06-27T11:33:48.9856649Z #6 [ubi-micro-build 1/8] FROM registry.access.redhat.com/ubi9@sha256:7a4818cdb8e0461d75d4bdfa42a355d3725bcc8cc0cc5d467021119d5962ce6b
Test OLM installation	UNKNOWN STEP	2025-06-27T11:33:48.9857878Z #6 sha256:24431058b73728c387089e7665e6f7171089f9bc580b84b9be8d28f8923b96b6 75.50MB / 79.61MB 1.1s
Test OLM installation	UNKNOWN STEP	2025-06-27T11:33:48.9858833Z #6 extracting sha256:24431058b73728c387089e7665e6f7171089f9bc580b84b9be8d28f8923b96b6
Test OLM installation	UNKNOWN STEP	2025-06-27T11:33:49.1058426Z #6 sha256:24431058b73728c387089e7665e6f7171089f9bc580b84b9be8d28f8923b96b6 79.61MB / 79.61MB 1.1s done
Test OLM installation	UNKNOWN STEP	2025-06-27T11:33:52.0329446Z #6 extracting sha256:24431058b73728c387089e7665e6f7171089f9bc580b84b9be8d28f8923b96b6 3.0s done
Test OLM installation	UNKNOWN STEP	2025-06-27T11:33:52.2046148Z #6 DONE 4.3s
Test OLM installation	UNKNOWN STEP	2025-06-27T11:33:52.2046383Z 
Test OLM installation	UNKNOWN STEP	2025-06-27T11:33:52.2046626Z #8 [ubi-micro-build 2/8] RUN dnf install -y tar gzip
Test OLM installation	UNKNOWN STEP	2025-06-27T11:33:52.3934625Z #8 0.339 Updating Subscription Management repositories.
Test OLM installation	UNKNOWN STEP	2025-06-27T11:33:52.5475520Z #8 0.339 Unable to read consumer identity
Test OLM installation	UNKNOWN STEP	2025-06-27T11:33:52.5475839Z #8 0.343 
Test OLM installation	UNKNOWN STEP	2025-06-27T11:33:52.5476246Z #8 0.343 This system is not registered with an entitlement server. You can use subscription-manager to register.
Test OLM installation	UNKNOWN STEP	2025-06-27T11:33:52.5476678Z #8 0.343 
Test OLM installation	UNKNOWN STEP	2025-06-27T11:33:52.7531325Z #8 0.699 Red Hat Universal Base Image 9 (RPMs) - BaseOS  1.8 MB/s | 587 kB     00:00    
Test OLM installation	UNKNOWN STEP	2025-06-27T11:33:53.3618329Z #8 1.307 Red Hat Universal Base Image 9 (RPMs) - AppStre 4.5 MB/s | 2.4 MB     00:00    
Test OLM installation	UNKNOWN STEP	2025-06-27T11:33:54.1217377Z #8 2.067 Red Hat Universal Base Image 9 (RPMs) - CodeRea 977 kB/s | 285 kB     00:00    
Test OLM installation	UNKNOWN STEP	2025-06-27T11:33:54.2574346Z #8 2.203 Package tar-2:1.34-7.el9.x86_64 is already installed.
Test OLM installation	UNKNOWN STEP	2025-06-27T11:33:54.4748807Z #8 2.203 Package gzip-1.12-1.el9.x86_64 is already installed.
Test OLM installation	UNKNOWN STEP	2025-06-27T11:33:54.4750594Z #8 2.217 Dependencies resolved.
Test OLM installation	UNKNOWN STEP	2025-06-27T11:33:54.4751364Z #8 2.218 Nothing to do.
Test OLM installation	UNKNOWN STEP	2025-06-27T11:33:54.4751884Z #8 2.218 Complete!
Test OLM installation	UNKNOWN STEP	2025-06-27T11:33:54.4752143Z #8 DONE 2.3s
Test OLM installation	UNKNOWN STEP	2025-06-27T11:33:54.4752249Z 
Test OLM installation	UNKNOWN STEP	2025-06-27T11:33:54.4752555Z #9 [ubi-micro-build 3/8] ADD keycloak-999.0.0-SNAPSHOT.tar.gz /tmp/keycloak/
Test OLM installation	UNKNOWN STEP	2025-06-27T11:33:55.1589971Z #9 DONE 0.8s
Test OLM installation	UNKNOWN STEP	2025-06-27T11:33:55.2682303Z 
Test OLM installation	UNKNOWN STEP	2025-06-27T11:33:55.2683286Z #10 [ubi-micro-build 4/8] RUN (cd /tmp/keycloak &&     tar -xvf /tmp/keycloak/keycloak-*.tar.gz &&     rm /tmp/keycloak/keycloak-*.tar.gz) || true
Test OLM installation	UNKNOWN STEP	2025-06-27T11:33:55.2684431Z #10 0.109 tar: /tmp/keycloak/keycloak-*.tar.gz: Cannot open: No such file or directory
Test OLM installation	UNKNOWN STEP	2025-06-27T11:33:55.2685116Z #10 0.109 tar: Error is not recoverable: exiting now
Test OLM installation	UNKNOWN STEP	2025-06-27T11:33:55.4249875Z #10 DONE 0.1s
Test OLM installation	UNKNOWN STEP	2025-06-27T11:33:55.4250332Z 
Test OLM installation	UNKNOWN STEP	2025-06-27T11:33:55.4251105Z #11 [ubi-micro-build 5/8] RUN mv /tmp/keycloak/keycloak-* /opt/keycloak && mkdir -p /opt/keycloak/data
Test OLM installation	UNKNOWN STEP	2025-06-27T11:33:55.4252303Z #11 DONE 0.2s
Test OLM installation	UNKNOWN STEP	2025-06-27T11:33:55.5762838Z 
Test OLM installation	UNKNOWN STEP	2025-06-27T11:33:55.5764073Z #12 [ubi-micro-build 6/8] RUN chmod -R g+rwX /opt/keycloak
Test OLM installation	UNKNOWN STEP	2025-06-27T11:33:56.5492883Z #12 DONE 1.1s
Test OLM installation	UNKNOWN STEP	2025-06-27T11:33:56.7152861Z 
Test OLM installation	UNKNOWN STEP	2025-06-27T11:33:56.7153343Z #13 [ubi-micro-build 7/8] ADD ubi-null.sh /tmp/
Test OLM installation	UNKNOWN STEP	2025-06-27T11:33:56.7153915Z #13 DONE 0.0s
Test OLM installation	UNKNOWN STEP	2025-06-27T11:33:56.7154131Z 
Test OLM installation	UNKNOWN STEP	2025-06-27T11:33:56.7154861Z #14 [ubi-micro-build 8/8] RUN bash /tmp/ubi-null.sh java-21-openjdk-headless glibc-langpack-en findutils
Test OLM installation	UNKNOWN STEP	2025-06-27T11:33:56.7408748Z #14 0.176 ==> Installing packages into chroot
Test OLM installation	UNKNOWN STEP	2025-06-27T11:33:56.8917451Z #14 0.176 + dnf install -y findutils diffutils
Test OLM installation	UNKNOWN STEP	2025-06-27T11:33:57.0400251Z #14 0.474 Updating Subscription Management repositories.
Test OLM installation	UNKNOWN STEP	2025-06-27T11:33:57.0401898Z #14 0.474 Unable to read consumer identity
Test OLM installation	UNKNOWN STEP	2025-06-27T11:33:57.1653334Z #14 0.485 
Test OLM installation	UNKNOWN STEP	2025-06-27T11:33:57.1655170Z #14 0.485 This system is not registered with an entitlement server. You can use subscription-manager to register.
Test OLM installation	UNKNOWN STEP	2025-06-27T11:33:57.1657085Z #14 0.485 
Test OLM installation	UNKNOWN STEP	2025-06-27T11:33:57.1675246Z #14 0.554 Last metadata expiration check: 0:00:03 ago on Fri Jun 27 11:33:54 2025.
Test OLM installation	UNKNOWN STEP	2025-06-27T11:33:57.1676306Z #14 0.600 Package findutils-1:4.8.0-7.el9.x86_64 is already installed.
Test OLM installation	UNKNOWN STEP	2025-06-27T11:33:57.3376773Z #14 0.622 Dependencies resolved.
Test OLM installation	UNKNOWN STEP	2025-06-27T11:33:57.3378479Z #14 0.622 ================================================================================
Test OLM installation	UNKNOWN STEP	2025-06-27T11:33:57.3381917Z #14 0.622  Package         Architecture Version             Repository               Size
Test OLM installation	UNKNOWN STEP	2025-06-27T11:33:57.3382698Z #14 0.622 ================================================================================
Test OLM installation	UNKNOWN STEP	2025-06-27T11:33:57.3383539Z #14 0.622 Installing:
Test OLM installation	UNKNOWN STEP	2025-06-27T11:33:57.3412717Z #14 0.622  diffutils       x86_64       3.7-12.el9          ubi-9-baseos-rpms       402 k
Test OLM installation	UNKNOWN STEP	2025-06-27T11:33:57.3413330Z #14 0.622 
Test OLM installation	UNKNOWN STEP	2025-06-27T11:33:57.3413605Z #14 0.622 Transaction Summary
Test OLM installation	UNKNOWN STEP	2025-06-27T11:33:57.3414012Z #14 0.622 ================================================================================
Test OLM installation	UNKNOWN STEP	2025-06-27T11:33:57.3414439Z #14 0.622 Install  1 Package
Test OLM installation	UNKNOWN STEP	2025-06-27T11:33:57.3414770Z #14 0.622 
Test OLM installation	UNKNOWN STEP	2025-06-27T11:33:57.3415056Z #14 0.622 Total download size: 402 k
Test OLM installation	UNKNOWN STEP	2025-06-27T11:33:57.3415427Z #14 0.622 Installed size: 1.4 M
Test OLM installation	UNKNOWN STEP	2025-06-27T11:33:57.3415782Z #14 0.622 Downloading Packages:
Test OLM installation	UNKNOWN STEP	2025-06-27T11:33:57.3965283Z #14 0.831 diffutils-3.7-12.el9.x86_64.rpm                 1.8 MB/s | 402 kB     00:00    
Test OLM installation	UNKNOWN STEP	2025-06-27T11:33:57.5356208Z #14 0.833 --------------------------------------------------------------------------------
Test OLM installation	UNKNOWN STEP	2025-06-27T11:33:57.5360792Z #14 0.834 Total                                           1.8 MB/s | 402 kB     00:00     
Test OLM installation	UNKNOWN STEP	2025-06-27T11:33:57.5361337Z #14 0.849 Running transaction check
Test OLM installation	UNKNOWN STEP	2025-06-27T11:33:57.5361996Z #14 0.853 Transaction check succeeded.
Test OLM installation	UNKNOWN STEP	2025-06-27T11:33:57.5362704Z #14 0.853 Running transaction test
Test OLM installation	UNKNOWN STEP	2025-06-27T11:33:57.5363648Z #14 0.888 Transaction test succeeded.
Test OLM installation	UNKNOWN STEP	2025-06-27T11:33:57.5365082Z #14 0.888 Running transaction
Test OLM installation	UNKNOWN STEP	2025-06-27T11:33:57.5367977Z #14 0.917   Preparing        :                                                        1/1 
Test OLM installation	UNKNOWN STEP	2025-06-27T11:33:57.6580932Z #14 0.971   Installing       : diffutils-3.7-12.el9.x86_64                            1/1 
Test OLM installation	UNKNOWN STEP	2025-06-27T11:33:57.6606216Z #14 0.987   Running scriptlet: diffutils-3.7-12.el9.x86_64                            1/1 
Test OLM installation	UNKNOWN STEP	2025-06-27T11:33:57.6607079Z #14 1.044   Verifying        : diffutils-3.7-12.el9.x86_64                            1/1 
Test OLM installation	UNKNOWN STEP	2025-06-27T11:33:57.6607676Z #14 1.093 Installed products updated.
Test OLM installation	UNKNOWN STEP	2025-06-27T11:33:57.8676813Z #14 1.183 
Test OLM installation	UNKNOWN STEP	2025-06-27T11:33:57.8677659Z #14 1.183 Installed:
Test OLM installation	UNKNOWN STEP	2025-06-27T11:33:57.8678322Z #14 1.183   diffutils-3.7-12.el9.x86_64                                                   
Test OLM installation	UNKNOWN STEP	2025-06-27T11:33:57.8679647Z #14 1.183 
Test OLM installation	UNKNOWN STEP	2025-06-27T11:33:57.8680398Z #14 1.183 Complete!
Test OLM installation	UNKNOWN STEP	2025-06-27T11:33:57.8680749Z #14 1.303 ++ realpath rootfs
Test OLM installation	UNKNOWN STEP	2025-06-27T11:33:58.0291236Z #14 1.304 + rootfs=/tmp/null/rootfs
Test OLM installation	UNKNOWN STEP	2025-06-27T11:33:58.0292181Z #14 1.304 + mkdir -p /tmp/null/rootfs
Test OLM installation	UNKNOWN STEP	2025-06-27T11:33:58.0293120Z #14 1.313 + xargs dnf install -y --installroot /tmp/null/rootfs --releasever 9 --setopt install_weak_deps=false --nodocs
Test OLM installation	UNKNOWN STEP	2025-06-27T11:33:58.2355398Z #14 1.671 Updating Subscription Management repositories.
Test OLM installation	UNKNOWN STEP	2025-06-27T11:33:58.3887439Z #14 1.672 Unable to read consumer identity
Test OLM installation	UNKNOWN STEP	2025-06-27T11:33:58.3889670Z #14 1.673 
Test OLM installation	UNKNOWN STEP	2025-06-27T11:33:58.3890661Z #14 1.673 This system is not registered with an entitlement server. You can use subscription-manager to register.
Test OLM installation	UNKNOWN STEP	2025-06-27T11:33:58.3891594Z #14 1.673 
Test OLM installation	UNKNOWN STEP	2025-06-27T11:33:58.5897260Z #14 2.025 Red Hat Universal Base Image 9 (RPMs) - BaseOS  1.8 MB/s | 587 kB     00:00    
Test OLM installation	UNKNOWN STEP	2025-06-27T11:33:59.1254674Z #14 2.561 Red Hat Universal Base Image 9 (RPMs) - AppStre 5.9 MB/s | 2.4 MB     00:00    
Test OLM installation	UNKNOWN STEP	2025-06-27T11:33:59.9851727Z #14 3.420 Red Hat Universal Base Image 9 (RPMs) - CodeRea 973 kB/s | 285 kB     00:00    
Test OLM installation	UNKNOWN STEP	2025-06-27T11:34:00.2352075Z #14 3.670 Dependencies resolved.
Test OLM installation	UNKNOWN STEP	2025-06-27T11:34:00.3932536Z #14 3.679 =============================================================================================
Test OLM installation	UNKNOWN STEP	2025-06-27T11:34:00.3938139Z #14 3.679  Package                    Arch    Version                       Repository             Size
Test OLM installation	UNKNOWN STEP	2025-06-27T11:34:00.3942797Z #14 3.679 =============================================================================================
Test OLM installation	UNKNOWN STEP	2025-06-27T11:34:00.3943327Z #14 3.679 Installing:
Test OLM installation	UNKNOWN STEP	2025-06-27T11:34:00.3943867Z #14 3.679  bash                       x86_64  5.1.8-9.el9                   ubi-9-baseos-rpms     1.7 M
Test OLM installation	UNKNOWN STEP	2025-06-27T11:34:00.3944656Z #14 3.679  coreutils-single           x86_64  8.32-39.el9                   ubi-9-baseos-rpms     625 k
Test OLM installation	UNKNOWN STEP	2025-06-27T11:34:00.3945456Z #14 3.679  findutils                  x86_64  1:4.8.0-7.el9                 ubi-9-baseos-rpms     550 k
Test OLM installation	UNKNOWN STEP	2025-06-27T11:34:00.3946287Z #14 3.679  glibc-langpack-en          x86_64  2.34-168.el9_6.19             ubi-9-baseos-rpms     657 k
Test OLM installation	UNKNOWN STEP	2025-06-27T11:34:00.3947154Z #14 3.679  java-21-openjdk-headless   x86_64  1:21.0.7.0.6-1.el9            ubi-9-appstream-rpms   49 M
Test OLM installation	UNKNOWN STEP	2025-06-27T11:34:00.3947809Z #14 3.679 Installing dependencies:
Test OLM installation	UNKNOWN STEP	2025-06-27T11:34:00.3948333Z #14 3.679  alsa-lib                   x86_64  1.2.13-2.el9                  ubi-9-appstream-rpms  530 k
Test OLM installation	UNKNOWN STEP	2025-06-27T11:34:00.3949068Z #14 3.679  alternatives               x86_64  1.24-2.el9                    ubi-9-baseos-rpms      42 k
Test OLM installation	UNKNOWN STEP	2025-06-27T11:34:00.3949800Z #14 3.679  avahi-libs                 x86_64  0.8-22.el9_6                  ubi-9-baseos-rpms      67 k
Test OLM installation	UNKNOWN STEP	2025-06-27T11:34:00.3950526Z #14 3.679  basesystem                 noarch  11-13.el9                     ubi-9-baseos-rpms     8.0 k
Test OLM installation	UNKNOWN STEP	2025-06-27T11:34:00.3951245Z #14 3.679  bzip2-libs                 x86_64  1.0.8-10.el9_5                ubi-9-baseos-rpms      42 k
Test OLM installation	UNKNOWN STEP	2025-06-27T11:34:00.3953418Z #14 3.679  ca-certificates            noarch  2024.2.69_v8.0.303-91.4.el9_4 ubi-9-baseos-rpms     1.0 M
Test OLM installation	UNKNOWN STEP	2025-06-27T11:34:00.3954253Z #14 3.679  copy-jdk-configs           noarch  4.0-3.el9                     ubi-9-appstream-rpms   29 k
Test OLM installation	UNKNOWN STEP	2025-06-27T11:34:00.3955109Z #14 3.679  crypto-policies            noarch  20250128-1.git5269e22.el9     ubi-9-baseos-rpms      90 k
Test OLM installation	UNKNOWN STEP	2025-06-27T11:34:00.3956369Z #14 3.679  crypto-policies-scripts    noarch  20250128-1.git5269e22.el9     ubi-9-baseos-rpms     101 k
Test OLM installation	UNKNOWN STEP	2025-06-27T11:34:00.3957221Z #14 3.679  cups-libs                  x86_64  1:2.3.3op2-33.el9             ubi-9-baseos-rpms     265 k
Test OLM installation	UNKNOWN STEP	2025-06-27T11:34:00.3957941Z #14 3.679  dbus-libs                  x86_64  1:1.12.20-8.el9               ubi-9-baseos-rpms     154 k
Test OLM installation	UNKNOWN STEP	2025-06-27T11:34:00.3958623Z #14 3.679  expat                      x86_64  2.5.0-5.el9_6                 ubi-9-baseos-rpms     119 k
Test OLM installation	UNKNOWN STEP	2025-06-27T11:34:00.3959328Z #14 3.679  filesystem                 x86_64  3.16-5.el9                    ubi-9-baseos-rpms     4.8 M
Test OLM installation	UNKNOWN STEP	2025-06-27T11:34:00.3960023Z #14 3.679  gawk                       x86_64  5.1.0-6.el9                   ubi-9-baseos-rpms     1.0 M
Test OLM installation	UNKNOWN STEP	2025-06-27T11:34:00.3960693Z #14 3.679  gdbm-libs                  x86_64  1:1.23-1.el9                  ubi-9-baseos-rpms      59 k
Test OLM installation	UNKNOWN STEP	2025-06-27T11:34:00.3961370Z #14 3.679  glibc                      x86_64  2.34-168.el9_6.19             ubi-9-baseos-rpms     2.0 M
Test OLM installation	UNKNOWN STEP	2025-06-27T11:34:00.3962244Z #14 3.679  glibc-common               x86_64  2.34-168.el9_6.19             ubi-9-baseos-rpms     303 k
Test OLM installation	UNKNOWN STEP	2025-06-27T11:34:00.3962947Z #14 3.679  gmp                        x86_64  1:6.2.0-13.el9                ubi-9-baseos-rpms     319 k
Test OLM installation	UNKNOWN STEP	2025-06-27T11:34:00.3963880Z #14 3.679  gnutls                     x86_64  3.8.3-6.el9                   ubi-9-baseos-rpms     1.1 M
Test OLM installation	UNKNOWN STEP	2025-06-27T11:34:00.3964533Z #14 3.679  grep                       x86_64  3.6-5.el9                     ubi-9-baseos-rpms     273 k
Test OLM installation	UNKNOWN STEP	2025-06-27T11:34:00.3965308Z #14 3.679  javapackages-filesystem    noarch  6.4.0-1.el9                   ubi-9-appstream-rpms   17 k
Test OLM installation	UNKNOWN STEP	2025-06-27T11:34:00.3966135Z #14 3.679  keyutils-libs              x86_64  1.6.3-1.el9                   ubi-9-baseos-rpms      34 k
Test OLM installation	UNKNOWN STEP	2025-06-27T11:34:00.3966851Z #14 3.679  krb5-libs                  x86_64  1.21.1-8.el9_6                ubi-9-baseos-rpms     766 k
Test OLM installation	UNKNOWN STEP	2025-06-27T11:34:00.3967519Z #14 3.679  libacl                     x86_64  2.3.1-4.el9                   ubi-9-baseos-rpms      24 k
Test OLM installation	UNKNOWN STEP	2025-06-27T11:34:00.3968196Z #14 3.679  libattr                    x86_64  2.5.1-3.el9                   ubi-9-baseos-rpms      20 k
Test OLM installation	UNKNOWN STEP	2025-06-27T11:34:00.3968872Z #14 3.679  libcap                     x86_64  2.48-9.el9_2                  ubi-9-baseos-rpms      74 k
Test OLM installation	UNKNOWN STEP	2025-06-27T11:34:00.3969551Z #14 3.679  libcom_err                 x86_64  1.46.5-7.el9                  ubi-9-baseos-rpms      28 k
Test OLM installation	UNKNOWN STEP	2025-06-27T11:34:00.3970275Z #14 3.679  libevent                   x86_64  2.1.12-8.el9_4                ubi-9-baseos-rpms     266 k
Test OLM installation	UNKNOWN STEP	2025-06-27T11:34:00.3970974Z #14 3.679  libffi                     x86_64  3.4.2-8.el9                   ubi-9-baseos-rpms      40 k
Test OLM installation	UNKNOWN STEP	2025-06-27T11:34:00.3971786Z #14 3.679  libgcc                     x86_64  11.5.0-5.el9_5                ubi-9-baseos-rpms      88 k
Test OLM installation	UNKNOWN STEP	2025-06-27T11:34:00.3972479Z #14 3.679  libgcrypt                  x86_64  1.10.0-11.el9                 ubi-9-baseos-rpms     510 k
Test OLM installation	UNKNOWN STEP	2025-06-27T11:34:00.3973213Z #14 3.679  libgpg-error               x86_64  1.42-5.el9                    ubi-9-baseos-rpms     220 k
Test OLM installation	UNKNOWN STEP	2025-06-27T11:34:00.3973918Z #14 3.679  libidn2                    x86_64  2.3.0-7.el9                   ubi-9-baseos-rpms     105 k
Test OLM installation	UNKNOWN STEP	2025-06-27T11:34:00.3974623Z #14 3.679  libselinux                 x86_64  3.6-3.el9                     ubi-9-baseos-rpms      88 k
Test OLM installation	UNKNOWN STEP	2025-06-27T11:34:00.3975318Z #14 3.679  libsepol                   x86_64  3.6-2.el9                     ubi-9-baseos-rpms     331 k
Test OLM installation	UNKNOWN STEP	2025-06-27T11:34:00.3976022Z #14 3.679  libsigsegv                 x86_64  2.13-4.el9                    ubi-9-baseos-rpms      30 k
Test OLM installation	UNKNOWN STEP	2025-06-27T11:34:00.3976728Z #14 3.679  libtasn1                   x86_64  4.16.0-9.el9                  ubi-9-baseos-rpms      77 k
Test OLM installation	UNKNOWN STEP	2025-06-27T11:34:00.3977452Z #14 3.679  libunistring               x86_64  0.9.10-15.el9                 ubi-9-baseos-rpms     499 k
Test OLM installation	UNKNOWN STEP	2025-06-27T11:34:00.3978166Z #14 3.679  libuuid                    x86_64  2.37.4-21.el9                 ubi-9-baseos-rpms      30 k
Test OLM installation	UNKNOWN STEP	2025-06-27T11:34:00.3979053Z #14 3.679  libverto                   x86_64  0.3.2-3.el9                   ubi-9-baseos-rpms      24 k
Test OLM installation	UNKNOWN STEP	2025-06-27T11:34:00.3979764Z #14 3.679  libxcrypt                  x86_64  4.4.18-3.el9                  ubi-9-baseos-rpms     120 k
Test OLM installation	UNKNOWN STEP	2025-06-27T11:34:00.3980463Z #14 3.679  libzstd                    x86_64  1.5.5-1.el9                   ubi-9-baseos-rpms     297 k
Test OLM installation	UNKNOWN STEP	2025-06-27T11:34:00.3981188Z #14 3.679  lksctp-tools               x86_64  1.0.19-3.el9_4                ubi-9-baseos-rpms     104 k
Test OLM installation	UNKNOWN STEP	2025-06-27T11:34:00.3989474Z #14 3.679  lua                        x86_64  5.4.4-4.el9                   ubi-9-appstream-rpms  192 k
Test OLM installation	UNKNOWN STEP	2025-06-27T11:34:00.3990208Z #14 3.679  lua-libs                   x86_64  5.4.4-4.el9                   ubi-9-baseos-rpms     132 k
Test OLM installation	UNKNOWN STEP	2025-06-27T11:34:00.3990914Z #14 3.679  lua-posix                  x86_64  35.0-8.el9                    ubi-9-appstream-rpms  155 k
Test OLM installation	UNKNOWN STEP	2025-06-27T11:34:00.3992014Z #14 3.679  lz4-libs                   x86_64  1.9.3-5.el9                   ubi-9-baseos-rpms      69 k
Test OLM installation	UNKNOWN STEP	2025-06-27T11:34:00.3992852Z #14 3.679  mpfr                       x86_64  4.1.0-7.el9                   ubi-9-baseos-rpms     329 k
Test OLM installation	UNKNOWN STEP	2025-06-27T11:34:00.3993761Z #14 3.679  ncurses-base               noarch  6.2-10.20210508.el9           ubi-9-baseos-rpms      99 k
Test OLM installation	UNKNOWN STEP	2025-06-27T11:34:00.3994548Z #14 3.679  ncurses-libs               x86_64  6.2-10.20210508.el9           ubi-9-baseos-rpms     332 k
Test OLM installation	UNKNOWN STEP	2025-06-27T11:34:00.3995263Z #14 3.679  nettle                     x86_64  3.10.1-1.el9                  ubi-9-baseos-rpms     568 k
Test OLM installation	UNKNOWN STEP	2025-06-27T11:34:00.3995940Z #14 3.679  nspr                       x86_64  4.35.0-17.el9_2               ubi-9-appstream-rpms  137 k
Test OLM installation	UNKNOWN STEP	2025-06-27T11:34:00.3996597Z #14 3.679  nss                        x86_64  3.101.0-10.el9_2              ubi-9-appstream-rpms  720 k
Test OLM installation	UNKNOWN STEP	2025-06-27T11:34:00.3997292Z #14 3.679  nss-softokn                x86_64  3.101.0-10.el9_2              ubi-9-appstream-rpms  393 k
Test OLM installation	UNKNOWN STEP	2025-06-27T11:34:00.3998072Z #14 3.679  nss-softokn-freebl         x86_64  3.101.0-10.el9_2              ubi-9-appstream-rpms  313 k
Test OLM installation	UNKNOWN STEP	2025-06-27T11:34:00.3999139Z #14 3.679  nss-sysinit                x86_64  3.101.0-10.el9_2              ubi-9-appstream-rpms   21 k
Test OLM installation	UNKNOWN STEP	2025-06-27T11:34:00.4000051Z #14 3.679  nss-util                   x86_64  3.101.0-10.el9_2              ubi-9-appstream-rpms   92 k
Test OLM installation	UNKNOWN STEP	2025-06-27T11:34:00.4001096Z #14 3.679  openssl-fips-provider      x86_64  3.0.7-6.el9_5                 ubi-9-baseos-rpms     9.4 k
Test OLM installation	UNKNOWN STEP	2025-06-27T11:34:00.4002553Z #14 3.679  openssl-fips-provider-so   x86_64  3.0.7-6.el9_5                 ubi-9-baseos-rpms     577 k
Test OLM installation	UNKNOWN STEP	2025-06-27T11:34:00.4004416Z #14 3.679  openssl-libs               x86_64  1:3.2.2-6.el9_5.1             ubi-9-baseos-rpms     2.1 M
Test OLM installation	UNKNOWN STEP	2025-06-27T11:34:00.4005146Z #14 3.679  p11-kit                    x86_64  0.25.3-3.el9_5                ubi-9-baseos-rpms     536 k
Test OLM installation	UNKNOWN STEP	2025-06-27T11:34:00.4005862Z #14 3.679  p11-kit-trust              x86_64  0.25.3-3.el9_5                ubi-9-baseos-rpms     144 k
Test OLM installation	UNKNOWN STEP	2025-06-27T11:34:00.4006559Z #14 3.679  pcre                       x86_64  8.44-4.el9                    ubi-9-baseos-rpms     200 k
Test OLM installation	UNKNOWN STEP	2025-06-27T11:34:00.4007210Z #14 3.679  pcre2                      x86_64  10.40-6.el9                   ubi-9-baseos-rpms     236 k
Test OLM installation	UNKNOWN STEP	2025-06-27T11:34:00.4007923Z #14 3.679  pcre2-syntax               noarch  10.40-6.el9                   ubi-9-baseos-rpms     144 k
Test OLM installation	UNKNOWN STEP	2025-06-27T11:34:00.4008645Z #14 3.679  python3                    x86_64  3.9.21-2.el9                  ubi-9-baseos-rpms      30 k
Test OLM installation	UNKNOWN STEP	2025-06-27T11:34:00.4009351Z #14 3.679  python3-libs               x86_64  3.9.21-2.el9                  ubi-9-baseos-rpms     8.1 M
Test OLM installation	UNKNOWN STEP	2025-06-27T11:34:00.4010129Z #14 3.679  python3-pip-wheel          noarch  21.3.1-1.el9                  ubi-9-baseos-rpms     1.1 M
Test OLM installation	UNKNOWN STEP	2025-06-27T11:34:00.4011000Z #14 3.679  python3-setuptools-wheel   noarch  53.0.0-13.el9                 ubi-9-baseos-rpms     469 k
Test OLM installation	UNKNOWN STEP	2025-06-27T11:34:00.4012049Z #14 3.679  readline                   x86_64  8.1-4.el9                     ubi-9-baseos-rpms     215 k
Test OLM installation	UNKNOWN STEP	2025-06-27T11:34:00.4013075Z #14 3.679  redhat-release             x86_64  9.6-0.1.el9                   ubi-9-baseos-rpms      44 k
Test OLM installation	UNKNOWN STEP	2025-06-27T11:34:00.4013780Z #14 3.679  sed                        x86_64  4.8-9.el9                     ubi-9-baseos-rpms     309 k
Test OLM installation	UNKNOWN STEP	2025-06-27T11:34:00.4014437Z #14 3.679  setup                      noarch  2.13.7-10.el9                 ubi-9-baseos-rpms     150 k
Test OLM installation	UNKNOWN STEP	2025-06-27T11:34:00.4015144Z #14 3.679  sqlite-libs                x86_64  3.34.1-7.el9_3                ubi-9-baseos-rpms     622 k
Test OLM installation	UNKNOWN STEP	2025-06-27T11:34:00.4015885Z #14 3.679  systemd-libs               x86_64  252-51.el9_6.1                ubi-9-baseos-rpms     675 k
Test OLM installation	UNKNOWN STEP	2025-06-27T11:34:00.4016624Z #14 3.679  tzdata                     noarch  2025b-1.el9                   ubi-9-baseos-rpms     842 k
Test OLM installation	UNKNOWN STEP	2025-06-27T11:34:00.4017374Z #14 3.679  tzdata-java                noarch  2025b-1.el9                   ubi-9-appstream-rpms  228 k
Test OLM installation	UNKNOWN STEP	2025-06-27T11:34:00.4018099Z #14 3.679  xz-libs                    x86_64  5.2.5-8.el9_0                 ubi-9-baseos-rpms      94 k
Test OLM installation	UNKNOWN STEP	2025-06-27T11:34:00.4018762Z #14 3.679  zlib                       x86_64  1.2.11-40.el9                 ubi-9-baseos-rpms      93 k
Test OLM installation	UNKNOWN STEP	2025-06-27T11:34:00.4019269Z #14 3.679 
Test OLM installation	UNKNOWN STEP	2025-06-27T11:34:00.4019711Z #14 3.679 Transaction Summary
Test OLM installation	UNKNOWN STEP	2025-06-27T11:34:00.4020114Z #14 3.679 =============================================================================================
Test OLM installation	UNKNOWN STEP	2025-06-27T11:34:00.4020568Z #14 3.679 Install  84 Packages
Test OLM installation	UNKNOWN STEP	2025-06-27T11:34:00.4020896Z #14 3.679 
Test OLM installation	UNKNOWN STEP	2025-06-27T11:34:00.4021170Z #14 3.684 Total download size: 89 M
Test OLM installation	UNKNOWN STEP	2025-06-27T11:34:00.4030317Z #14 3.684 Installed size: 319 M
Test OLM installation	UNKNOWN STEP	2025-06-27T11:34:00.4030746Z #14 3.685 Downloading Packages:
Test OLM installation	UNKNOWN STEP	2025-06-27T11:34:00.4031355Z #14 3.828 (1/84): basesystem-11-13.el9.noarch.rpm          61 kB/s | 8.0 kB     00:00    
Test OLM installation	UNKNOWN STEP	2025-06-27T11:34:00.5558956Z #14 3.829 (2/84): alternatives-1.24-2.el9.x86_64.rpm      313 kB/s |  42 kB     00:00    
Test OLM installation	UNKNOWN STEP	2025-06-27T11:34:00.5565186Z #14 3.861 (3/84): avahi-libs-0.8-22.el9_6.x86_64.rpm      409 kB/s |  67 kB     00:00    
Test OLM installation	UNKNOWN STEP	2025-06-27T11:34:00.5565974Z #14 3.890 (4/84): bzip2-libs-1.0.8-10.el9_5.x86_64.rpm    734 kB/s |  42 kB     00:00    
Test OLM installation	UNKNOWN STEP	2025-06-27T11:34:00.5566666Z #14 3.991 (5/84): bash-5.1.8-9.el9.x86_64.rpm              11 MB/s | 1.7 MB     00:00    
Test OLM installation	UNKNOWN STEP	2025-06-27T11:34:00.6632635Z #14 3.999 (6/84): ca-certificates-2024.2.69_v8.0.303-91.4 7.1 MB/s | 1.0 MB     00:00    
Test OLM installation	UNKNOWN STEP	2025-06-27T11:34:00.6634260Z #14 4.015 (7/84): crypto-policies-20250128-1.git5269e22.e 3.2 MB/s |  90 kB     00:00    
Test OLM installation	UNKNOWN STEP	2025-06-27T11:34:00.6637370Z #14 4.019 (8/84): coreutils-single-8.32-39.el9.x86_64.rpm 4.7 MB/s | 625 kB     00:00    
Test OLM installation	UNKNOWN STEP	2025-06-27T11:34:00.6638215Z #14 4.030 (9/84): crypto-policies-scripts-20250128-1.git5 3.3 MB/s | 101 kB     00:00    
Test OLM installation	UNKNOWN STEP	2025-06-27T11:34:00.6639017Z #14 4.044 (10/84): cups-libs-2.3.3op2-33.el9.x86_64.rpm   9.1 MB/s | 265 kB     00:00    
Test OLM installation	UNKNOWN STEP	2025-06-27T11:34:00.6639741Z #14 4.051 (11/84): dbus-libs-1.12.20-8.el9.x86_64.rpm     4.7 MB/s | 154 kB     00:00    
Test OLM installation	UNKNOWN STEP	2025-06-27T11:34:00.6640458Z #14 4.060 (12/84): expat-2.5.0-5.el9_6.x86_64.rpm         3.9 MB/s | 119 kB     00:00    
Test OLM installation	UNKNOWN STEP	2025-06-27T11:34:00.6641159Z #14 4.098 (13/84): findutils-4.8.0-7.el9.x86_64.rpm        12 MB/s | 550 kB     00:00    
Test OLM installation	UNKNOWN STEP	2025-06-27T11:34:00.7736451Z #14 4.111 (14/84): gawk-5.1.0-6.el9.x86_64.rpm             20 MB/s | 1.0 MB     00:00    
Test OLM installation	UNKNOWN STEP	2025-06-27T11:34:00.7737156Z #14 4.129 (15/84): filesystem-3.16-5.el9.x86_64.rpm        56 MB/s | 4.8 MB     00:00    
Test OLM installation	UNKNOWN STEP	2025-06-27T11:34:00.7737740Z #14 4.131 (16/84): gdbm-libs-1.23-1.el9.x86_64.rpm        1.8 MB/s |  59 kB     00:00    
Test OLM installation	UNKNOWN STEP	2025-06-27T11:34:00.7738300Z #14 4.157 (17/84): glibc-common-2.34-168.el9_6.19.x86_64.  11 MB/s | 303 kB     00:00    
Test OLM installation	UNKNOWN STEP	2025-06-27T11:34:00.7738848Z #14 4.172 (18/84): glibc-2.34-168.el9_6.19.x86_64.rpm      32 MB/s | 2.0 MB     00:00    
Test OLM installation	UNKNOWN STEP	2025-06-27T11:34:00.7739398Z #14 4.175 (19/84): glibc-langpack-en-2.34-168.el9_6.19.x8  15 MB/s | 657 kB     00:00    
Test OLM installation	UNKNOWN STEP	2025-06-27T11:34:00.7739934Z #14 4.190 (20/84): gmp-6.2.0-13.el9.x86_64.rpm            9.8 MB/s | 319 kB     00:00    
Test OLM installation	UNKNOWN STEP	2025-06-27T11:34:00.7740706Z #14 4.209 (21/84): grep-3.6-5.el9.x86_64.rpm              7.9 MB/s | 273 kB     00:00    
Test OLM installation	UNKNOWN STEP	2025-06-27T11:34:00.8750404Z #14 4.215 (22/84): keyutils-libs-1.6.3-1.el9.x86_64.rpm   1.3 MB/s |  34 kB     00:00    
Test OLM installation	UNKNOWN STEP	2025-06-27T11:34:00.8751335Z #14 4.218 (23/84): gnutls-3.8.3-6.el9.x86_64.rpm           24 MB/s | 1.1 MB     00:00    
Test OLM installation	UNKNOWN STEP	2025-06-27T11:34:00.8752115Z #14 4.243 (24/84): libacl-2.3.1-4.el9.x86_64.rpm          881 kB/s |  24 kB     00:00    
Test OLM installation	UNKNOWN STEP	2025-06-27T11:34:00.8752622Z #14 4.252 (25/84): libattr-2.5.1-3.el9.x86_64.rpm         603 kB/s |  20 kB     00:00    
Test OLM installation	UNKNOWN STEP	2025-06-27T11:34:00.8753122Z #14 4.255 (26/84): krb5-libs-1.21.1-8.el9_6.x86_64.rpm     16 MB/s | 766 kB     00:00    
Test OLM installation	UNKNOWN STEP	2025-06-27T11:34:00.8753611Z #14 4.273 (27/84): libcap-2.48-9.el9_2.x86_64.rpm         2.5 MB/s |  74 kB     00:00    
Test OLM installation	UNKNOWN STEP	2025-06-27T11:34:00.8754097Z #14 4.281 (28/84): libcom_err-1.46.5-7.el9.x86_64.rpm     978 kB/s |  28 kB     00:00    
Test OLM installation	UNKNOWN STEP	2025-06-27T11:34:00.8754600Z #14 4.287 (29/84): libevent-2.1.12-8.el9_4.x86_64.rpm     8.1 MB/s | 266 kB     00:00    
Test OLM installation	UNKNOWN STEP	2025-06-27T11:34:00.8755085Z #14 4.298 (30/84): libffi-3.4.2-8.el9.x86_64.rpm          1.5 MB/s |  40 kB     00:00    
Test OLM installation	UNKNOWN STEP	2025-06-27T11:34:00.8755815Z #14 4.310 (31/84): libgcc-11.5.0-5.el9_5.x86_64.rpm       2.9 MB/s |  88 kB     00:00    
Test OLM installation	UNKNOWN STEP	2025-06-27T11:34:00.9936932Z #14 4.325 (32/84): libgcrypt-1.10.0-11.el9.x86_64.rpm      13 MB/s | 510 kB     00:00    
Test OLM installation	UNKNOWN STEP	2025-06-27T11:34:00.9937958Z #14 4.327 (33/84): libgpg-error-1.42-5.el9.x86_64.rpm     7.6 MB/s | 220 kB     00:00    
Test OLM installation	UNKNOWN STEP	2025-06-27T11:34:00.9938775Z #14 4.340 (34/84): libidn2-2.3.0-7.el9.x86_64.rpm         3.5 MB/s | 105 kB     00:00    
Test OLM installation	UNKNOWN STEP	2025-06-27T11:34:00.9939568Z #14 4.354 (35/84): libsepol-3.6-2.el9.x86_64.rpm           12 MB/s | 331 kB     00:00    
Test OLM installation	UNKNOWN STEP	2025-06-27T11:34:00.9940388Z #14 4.358 (36/84): libselinux-3.6-3.el9.x86_64.rpm        2.6 MB/s |  88 kB     00:00    
Test OLM installation	UNKNOWN STEP	2025-06-27T11:34:00.9941217Z #14 4.371 (37/84): libsigsegv-2.13-4.el9.x86_64.rpm       976 kB/s |  30 kB     00:00    
Test OLM installation	UNKNOWN STEP	2025-06-27T11:34:00.9942260Z #14 4.380 (38/84): libtasn1-4.16.0-9.el9.x86_64.rpm       3.0 MB/s |  77 kB     00:00    
Test OLM installation	UNKNOWN STEP	2025-06-27T11:34:00.9943060Z #14 4.397 (39/84): libunistring-0.9.10-15.el9.x86_64.rpm   12 MB/s | 499 kB     00:00    
Test OLM installation	UNKNOWN STEP	2025-06-27T11:34:00.9943749Z #14 4.399 (40/84): libuuid-2.37.4-21.el9.x86_64.rpm       1.0 MB/s |  30 kB     00:00    
Test OLM installation	UNKNOWN STEP	2025-06-27T11:34:00.9944331Z #14 4.405 (41/84): libverto-0.3.2-3.el9.x86_64.rpm        973 kB/s |  24 kB     00:00    
Test OLM installation	UNKNOWN STEP	2025-06-27T11:34:00.9944906Z #14 4.429 (42/84): libxcrypt-4.4.18-3.el9.x86_64.rpm      3.7 MB/s | 120 kB     00:00    
Test OLM installation	UNKNOWN STEP	2025-06-27T11:34:01.1098502Z #14 4.433 (43/84): lksctp-tools-1.0.19-3.el9_4.x86_64.rpm 3.7 MB/s | 104 kB     00:00    
Test OLM installation	UNKNOWN STEP	2025-06-27T11:34:01.1099370Z #14 4.434 (44/84): libzstd-1.5.5-1.el9.x86_64.rpm         8.3 MB/s | 297 kB     00:00    
Test OLM installation	UNKNOWN STEP	2025-06-27T11:34:01.1100223Z #14 4.458 (45/84): lz4-libs-1.9.3-5.el9.x86_64.rpm        2.6 MB/s |  69 kB     00:00    
Test OLM installation	UNKNOWN STEP	2025-06-27T11:34:01.1100986Z #14 4.471 (46/84): lua-libs-5.4.4-4.el9.x86_64.rpm        3.1 MB/s | 132 kB     00:00    
Test OLM installation	UNKNOWN STEP	2025-06-27T11:34:01.1101921Z #14 4.480 (47/84): mpfr-4.1.0-7.el9.x86_64.rpm            7.1 MB/s | 329 kB     00:00    
Test OLM installation	UNKNOWN STEP	2025-06-27T11:34:01.1102464Z #14 4.485 (48/84): ncurses-base-6.2-10.20210508.el9.noarc 3.7 MB/s |  99 kB     00:00    
Test OLM installation	UNKNOWN STEP	2025-06-27T11:34:01.1102997Z #14 4.506 (49/84): ncurses-libs-6.2-10.20210508.el9.x86_6 9.5 MB/s | 332 kB     00:00    
Test OLM installation	UNKNOWN STEP	2025-06-27T11:34:01.1103552Z #14 4.510 (50/84): openssl-fips-provider-3.0.7-6.el9_5.x8 389 kB/s | 9.4 kB     00:00    
Test OLM installation	UNKNOWN STEP	2025-06-27T11:34:01.1104084Z #14 4.513 (51/84): nettle-3.10.1-1.el9.x86_64.rpm          17 MB/s | 568 kB     00:00    
Test OLM installation	UNKNOWN STEP	2025-06-27T11:34:01.1104614Z #14 4.545 (52/84): openssl-fips-provider-so-3.0.7-6.el9_5  14 MB/s | 577 kB     00:00    
Test OLM installation	UNKNOWN STEP	2025-06-27T11:34:01.2228820Z #14 4.549 (53/84): p11-kit-0.25.3-3.el9_5.x86_64.rpm       15 MB/s | 536 kB     00:00    
Test OLM installation	UNKNOWN STEP	2025-06-27T11:34:01.2230859Z #14 4.555 (54/84): openssl-libs-3.2.2-6.el9_5.1.x86_64.rp  47 MB/s | 2.1 MB     00:00    
Test OLM installation	UNKNOWN STEP	2025-06-27T11:34:01.2232962Z #14 4.576 (55/84): p11-kit-trust-0.25.3-3.el9_5.x86_64.rp 4.6 MB/s | 144 kB     00:00    
Test OLM installation	UNKNOWN STEP	2025-06-27T11:34:01.2233419Z #14 4.579 (56/84): pcre-8.44-4.el9.x86_64.rpm             6.7 MB/s | 200 kB     00:00    
Test OLM installation	UNKNOWN STEP	2025-06-27T11:34:01.2234253Z #14 4.584 (57/84): pcre2-10.40-6.el9.x86_64.rpm           8.1 MB/s | 236 kB     00:00    
Test OLM installation	UNKNOWN STEP	2025-06-27T11:34:01.2234695Z #14 4.607 (58/84): pcre2-syntax-10.40-6.el9.noarch.rpm    4.7 MB/s | 144 kB     00:00    
Test OLM installation	UNKNOWN STEP	2025-06-27T11:34:01.2235290Z #14 4.608 (59/84): python3-3.9.21-2.el9.x86_64.rpm        1.0 MB/s |  30 kB     00:00    
Test OLM installation	UNKNOWN STEP	2025-06-27T11:34:01.2235744Z #14 4.642 (60/84): python3-setuptools-wheel-53.0.0-13.el9  14 MB/s | 469 kB     00:00    
Test OLM installation	UNKNOWN STEP	2025-06-27T11:34:01.2236251Z #14 4.658 (61/84): python3-pip-wheel-21.3.1-1.el9.noarch.  22 MB/s | 1.1 MB     00:00    
Test OLM installation	UNKNOWN STEP	2025-06-27T11:34:01.3228940Z #14 4.680 (62/84): python3-libs-3.9.21-2.el9.x86_64.rpm    85 MB/s | 8.1 MB     00:00    
Test OLM installation	UNKNOWN STEP	2025-06-27T11:34:01.3229736Z #14 4.682 (63/84): readline-8.1-4.el9.x86_64.rpm          5.3 MB/s | 215 kB     00:00    
Test OLM installation	UNKNOWN STEP	2025-06-27T11:34:01.3230310Z #14 4.688 (64/84): redhat-release-9.6-0.1.el9.x86_64.rpm  1.5 MB/s |  44 kB     00:00    
Test OLM installation	UNKNOWN STEP	2025-06-27T11:34:01.3230832Z #14 4.714 (65/84): setup-2.13.7-10.el9.noarch.rpm         4.7 MB/s | 150 kB     00:00    
Test OLM installation	UNKNOWN STEP	2025-06-27T11:34:01.3235622Z #14 4.717 (66/84): sed-4.8-9.el9.x86_64.rpm               8.2 MB/s | 309 kB     00:00    
Test OLM installation	UNKNOWN STEP	2025-06-27T11:34:01.3236427Z #14 4.726 (67/84): sqlite-libs-3.34.1-7.el9_3.x86_64.rpm   16 MB/s | 622 kB     00:00    
Test OLM installation	UNKNOWN STEP	2025-06-27T11:34:01.3237065Z #14 4.753 (68/84): systemd-libs-252-51.el9_6.1.x86_64.rpm  17 MB/s | 675 kB     00:00    
Test OLM installation	UNKNOWN STEP	2025-06-27T11:34:01.3237545Z #14 4.756 (69/84): tzdata-2025b-1.el9.noarch.rpm           21 MB/s | 842 kB     00:00    
Test OLM installation	UNKNOWN STEP	2025-06-27T11:34:01.3237985Z #14 4.758 (70/84): xz-libs-5.2.5-8.el9_0.x86_64.rpm       2.9 MB/s |  94 kB     00:00    
Test OLM installation	UNKNOWN STEP	2025-06-27T11:34:01.4399056Z #14 4.783 (71/84): zlib-1.2.11-40.el9.x86_64.rpm          3.1 MB/s |  93 kB     00:00    
Test OLM installation	UNKNOWN STEP	2025-06-27T11:34:01.4399955Z #14 4.785 (72/84): copy-jdk-configs-4.0-3.el9.noarch.rpm  1.0 MB/s |  29 kB     00:00    
Test OLM installation	UNKNOWN STEP	2025-06-27T11:34:01.4400488Z #14 4.791 (73/84): lua-5.4.4-4.el9.x86_64.rpm             5.7 MB/s | 192 kB     00:00    
Test OLM installation	UNKNOWN STEP	2025-06-27T11:34:01.4400997Z #14 4.814 (74/84): lua-posix-35.0-8.el9.x86_64.rpm        5.0 MB/s | 155 kB     00:00    
Test OLM installation	UNKNOWN STEP	2025-06-27T11:34:01.4401773Z #14 4.817 (75/84): alsa-lib-1.2.13-2.el9.x86_64.rpm        17 MB/s | 530 kB     00:00    
Test OLM installation	UNKNOWN STEP	2025-06-27T11:34:01.4402242Z #14 4.843 (76/84): javapackages-filesystem-6.4.0-1.el9.no 585 kB/s |  17 kB     00:00    
Test OLM installation	UNKNOWN STEP	2025-06-27T11:34:01.4402684Z #14 4.846 (77/84): nspr-4.35.0-17.el9_2.x86_64.rpm        4.7 MB/s | 137 kB     00:00    
Test OLM installation	UNKNOWN STEP	2025-06-27T11:34:01.4403086Z #14 4.875 (78/84): nss-softokn-3.101.0-10.el9_2.x86_64.rp  13 MB/s | 393 kB     00:00    
Test OLM installation	UNKNOWN STEP	2025-06-27T11:34:01.5428366Z #14 4.883 (79/84): nss-3.101.0-10.el9_2.x86_64.rpm         18 MB/s | 720 kB     00:00    
Test OLM installation	UNKNOWN STEP	2025-06-27T11:34:01.5428904Z #14 4.909 (80/84): nss-softokn-freebl-3.101.0-10.el9_2.x8 9.0 MB/s | 313 kB     00:00    
Test OLM installation	UNKNOWN STEP	2025-06-27T11:34:01.5429395Z #14 4.913 (81/84): nss-sysinit-3.101.0-10.el9_2.x86_64.rp 711 kB/s |  21 kB     00:00    
Test OLM installation	UNKNOWN STEP	2025-06-27T11:34:01.5429858Z #14 4.944 (82/84): tzdata-java-2025b-1.el9.noarch.rpm     7.2 MB/s | 228 kB     00:00    
Test OLM installation	UNKNOWN STEP	2025-06-27T11:34:01.5430314Z #14 4.978 (83/84): nss-util-3.101.0-10.el9_2.x86_64.rpm   1.3 MB/s |  92 kB     00:00    
Test OLM installation	UNKNOWN STEP	2025-06-27T11:34:01.9357588Z #14 5.371 (84/84): java-21-openjdk-headless-21.0.7.0.6-1.  85 MB/s |  49 MB     00:00    
Test OLM installation	UNKNOWN STEP	2025-06-27T11:34:02.1737844Z #14 5.374 --------------------------------------------------------------------------------
Test OLM installation	UNKNOWN STEP	2025-06-27T11:34:02.1738516Z #14 5.375 Total                                            53 MB/s |  89 MB     00:01     
Test OLM installation	UNKNOWN STEP	2025-06-27T11:34:02.1739122Z #14 5.386 Red Hat Universal Base Image 9 (RPMs) - BaseOS  3.5 MB/s | 3.6 kB     00:00    
Test OLM installation	UNKNOWN STEP	2025-06-27T11:34:02.1739494Z #14 5.454 Importing GPG key 0xFD431D51:
Test OLM installation	UNKNOWN STEP	2025-06-27T11:34:02.1739835Z #14 5.454  Userid     : "Red Hat, Inc. (release key 2) <security@redhat.com>"
Test OLM installation	UNKNOWN STEP	2025-06-27T11:34:02.1740586Z #14 5.454  Fingerprint: 567E 347A D004 4ADE 55BA 8A5F 199E 2F91 FD43 1D51
Test OLM installation	UNKNOWN STEP	2025-06-27T11:34:02.1741230Z #14 5.454  From       : /etc/pki/rpm-gpg/RPM-GPG-KEY-redhat-release
Test OLM installation	UNKNOWN STEP	2025-06-27T11:34:02.1741777Z #14 5.457 Key imported successfully
Test OLM installation	UNKNOWN STEP	2025-06-27T11:34:02.1742031Z #14 5.457 Importing GPG key 0x5A6340B3:
Test OLM installation	UNKNOWN STEP	2025-06-27T11:34:02.1742350Z #14 5.457  Userid     : "Red Hat, Inc. (auxiliary key 3) <security@redhat.com>"
Test OLM installation	UNKNOWN STEP	2025-06-27T11:34:02.1742737Z #14 5.457  Fingerprint: 7E46 2425 8C40 6535 D56D 6F13 5054 E4A4 5A63 40B3
Test OLM installation	UNKNOWN STEP	2025-06-27T11:34:02.1743116Z #14 5.457  From       : /etc/pki/rpm-gpg/RPM-GPG-KEY-redhat-release
Test OLM installation	UNKNOWN STEP	2025-06-27T11:34:02.1743406Z #14 5.459 Key imported successfully
Test OLM installation	UNKNOWN STEP	2025-06-27T11:34:03.0775072Z #14 6.513 Running transaction check
Test OLM installation	UNKNOWN STEP	2025-06-27T11:34:03.2783339Z #14 6.563 Transaction check succeeded.
Test OLM installation	UNKNOWN STEP	2025-06-27T11:34:03.2783905Z #14 6.563 Running transaction test
Test OLM installation	UNKNOWN STEP	2025-06-27T11:34:03.7649295Z #14 7.200 Transaction test succeeded.
Test OLM installation	UNKNOWN STEP	2025-06-27T11:34:03.9159396Z #14 7.201 Running transaction
Test OLM installation	UNKNOWN STEP	2025-06-27T11:34:04.4066840Z #14 7.689   Running scriptlet: filesystem-3.16-5.el9.x86_64                           1/1 
Test OLM installation	UNKNOWN STEP	2025-06-27T11:34:04.4067728Z #14 7.690   Running scriptlet: copy-jdk-configs-4.0-3.el9.noarch                      1/1 
Test OLM installation	UNKNOWN STEP	2025-06-27T11:34:04.5253513Z #14 7.692   Running scriptlet: java-21-openjdk-headless-1:21.0.7.0.6-1.el9.x86_64     1/1 
Test OLM installation	UNKNOWN STEP	2025-06-27T11:34:04.6844660Z #14 7.961   Preparing        :                                                        1/1 
Test OLM installation	UNKNOWN STEP	2025-06-27T11:34:04.6845389Z #14 7.967   Installing       : libgcc-11.5.0-5.el9_5.x86_64                          1/84 
Test OLM installation	UNKNOWN STEP	2025-06-27T11:34:04.7193591Z #14 7.969   Running scriptlet: libgcc-11.5.0-5.el9_5.x86_64                          1/84 
Test OLM installation	UNKNOWN STEP	2025-06-27T11:34:04.8269924Z #14 8.155   Installing       : tzdata-2025b-1.el9.noarch                             2/84 
Test OLM installation	UNKNOWN STEP	2025-06-27T11:34:04.8271370Z #14 8.201   Installing       : tzdata-java-2025b-1.el9.noarch                        3/84 
Test OLM installation	UNKNOWN STEP	2025-06-27T11:34:04.8272393Z #14 8.207   Installing       : javapackages-filesystem-6.4.0-1.el9.noarch            4/84 
Test OLM installation	UNKNOWN STEP	2025-06-27T11:34:04.8273199Z #14 8.212   Installing       : redhat-release-9.6-0.1.el9.x86_64                     5/84 
Test OLM installation	UNKNOWN STEP	2025-06-27T11:34:04.8273917Z #14 8.220   Installing       : setup-2.13.7-10.el9.noarch                            6/84 
Test OLM installation	UNKNOWN STEP	2025-06-27T11:34:04.8274817Z #14 8.221   Running scriptlet: setup-2.13.7-10.el9.noarch                            6/84 
Test OLM installation	UNKNOWN STEP	2025-06-27T11:34:04.9700021Z #14 8.262   Installing       : filesystem-3.16-5.el9.x86_64                          7/84 
Test OLM installation	UNKNOWN STEP	2025-06-27T11:34:04.9701035Z #14 8.310   Installing       : basesystem-11-13.el9.noarch                           8/84 
Test OLM installation	UNKNOWN STEP	2025-06-27T11:34:04.9702135Z #14 8.314   Installing       : python3-setuptools-wheel-53.0.0-13.el9.noarch         9/84 
Test OLM installation	UNKNOWN STEP	2025-06-27T11:34:04.9702770Z #14 8.316   Installing       : pcre2-syntax-10.40-6.el9.noarch                      10/84 
Test OLM installation	UNKNOWN STEP	2025-06-27T11:34:04.9703359Z #14 8.336   Installing       : ncurses-base-6.2-10.20210508.el9.noarch              11/84 
Test OLM installation	UNKNOWN STEP	2025-06-27T11:34:05.1709479Z #14 8.405   Installing       : glibc-langpack-en-2.34-168.el9_6.19.x86_64           12/84 
Test OLM installation	UNKNOWN STEP	2025-06-27T11:34:05.1710321Z #14 8.419   Installing       : glibc-common-2.34-168.el9_6.19.x86_64                13/84 
Test OLM installation	UNKNOWN STEP	2025-06-27T11:34:05.1711115Z #14 8.422   Running scriptlet: glibc-2.34-168.el9_6.19.x86_64                       14/84 
Test OLM installation	UNKNOWN STEP	2025-06-27T11:34:05.1712070Z #14 8.453   Installing       : glibc-2.34-168.el9_6.19.x86_64                       14/84 
Test OLM installation	UNKNOWN STEP	2025-06-27T11:34:05.5174188Z #14 8.456   Running scriptlet: glibc-2.34-168.el9_6.19.x86_64                       14/84 
Test OLM installation	UNKNOWN STEP	2025-06-27T11:34:05.6206142Z #14 8.953   Installing       : ncurses-libs-6.2-10.20210508.el9.x86_64              15/84 
Test OLM installation	UNKNOWN STEP	2025-06-27T11:34:05.6208095Z #14 8.969   Installing       : bash-5.1.8-9.el9.x86_64                              16/84 
Test OLM installation	UNKNOWN STEP	2025-06-27T11:34:05.6208934Z #14 8.971   Running scriptlet: bash-5.1.8-9.el9.x86_64                              16/84 
Test OLM installation	UNKNOWN STEP	2025-06-27T11:34:05.6209774Z #14 8.989   Installing       : crypto-policies-20250128-1.git5269e22.el9.noarch     17/84 
Test OLM installation	UNKNOWN STEP	2025-06-27T11:34:05.6211028Z #14 8.992   Running scriptlet: crypto-policies-20250128-1.git5269e22.el9.noarch     17/84 
Test OLM installation	UNKNOWN STEP	2025-06-27T11:34:05.6212166Z #14 8.996   Installing       : nspr-4.35.0-17.el9_2.x86_64                          18/84 
Test OLM installation	UNKNOWN STEP	2025-06-27T11:34:05.6212925Z #14 8.999   Installing       : nss-util-3.101.0-10.el9_2.x86_64                     19/84 
Test OLM installation	UNKNOWN STEP	2025-06-27T11:34:05.6213683Z #14 9.002   Installing       : zlib-1.2.11-40.el9.x86_64                            20/84 
Test OLM installation	UNKNOWN STEP	2025-06-27T11:34:05.6214468Z #14 9.007   Installing       : readline-8.1-4.el9.x86_64                            21/84 
Test OLM installation	UNKNOWN STEP	2025-06-27T11:34:05.6215245Z #14 9.011   Installing       : libtasn1-4.16.0-9.el9.x86_64                         22/84 
Test OLM installation	UNKNOWN STEP	2025-06-27T11:34:05.6216016Z #14 9.015   Installing       : libxcrypt-4.4.18-3.el9.x86_64                        23/84 
Test OLM installation	UNKNOWN STEP	2025-06-27T11:34:05.6216779Z #14 9.021   Installing       : sqlite-libs-3.34.1-7.el9_3.x86_64                    24/84 
Test OLM installation	UNKNOWN STEP	2025-06-27T11:34:05.6217566Z #14 9.024   Installing       : alternatives-1.24-2.el9.x86_64                       25/84 
Test OLM installation	UNKNOWN STEP	2025-06-27T11:34:05.6218312Z #14 9.030   Installing       : gmp-1:6.2.0-13.el9.x86_64                            26/84 
Test OLM installation	UNKNOWN STEP	2025-06-27T11:34:05.6219240Z #14 9.033   Installing       : libattr-2.5.1-3.el9.x86_64                           27/84 
Test OLM installation	UNKNOWN STEP	2025-06-27T11:34:05.6219983Z #14 9.036   Installing       : libacl-2.3.1-4.el9.x86_64                            28/84 
Test OLM installation	UNKNOWN STEP	2025-06-27T11:34:05.6220706Z #14 9.041   Installing       : libcap-2.48-9.el9_2.x86_64                           29/84 
Test OLM installation	UNKNOWN STEP	2025-06-27T11:34:05.6221139Z #14 9.045   Installing       : libffi-3.4.2-8.el9.x86_64                            30/84 
Test OLM installation	UNKNOWN STEP	2025-06-27T11:34:05.7791979Z #14 9.056   Installing       : p11-kit-0.25.3-3.el9_5.x86_64                        31/84 
Test OLM installation	UNKNOWN STEP	2025-06-27T11:34:05.7792568Z #14 9.062   Installing       : p11-kit-trust-0.25.3-3.el9_5.x86_64                  32/84 
Test OLM installation	UNKNOWN STEP	2025-06-27T11:34:05.8734063Z #14 9.064   Running scriptlet: p11-kit-trust-0.25.3-3.el9_5.x86_64                  32/84 
Test OLM installation	UNKNOWN STEP	2025-06-27T11:34:05.9762726Z #14 9.309   Installing       : libsigsegv-2.13-4.el9.x86_64                         33/84 
Test OLM installation	UNKNOWN STEP	2025-06-27T11:34:05.9763881Z #14 9.317   Installing       : libunistring-0.9.10-15.el9.x86_64                    34/84 
Test OLM installation	UNKNOWN STEP	2025-06-27T11:34:05.9764881Z #14 9.321   Installing       : lua-libs-5.4.4-4.el9.x86_64                          35/84 
Test OLM installation	UNKNOWN STEP	2025-06-27T11:34:05.9765757Z #14 9.324   Installing       : xz-libs-5.2.5-8.el9_0.x86_64                         36/84 
Test OLM installation	UNKNOWN STEP	2025-06-27T11:34:05.9766611Z #14 9.329   Installing       : lua-5.4.4-4.el9.x86_64                               37/84 
Test OLM installation	UNKNOWN STEP	2025-06-27T11:34:05.9767383Z #14 9.343   Installing       : lua-posix-35.0-8.el9.x86_64                          38/84 
Test OLM installation	UNKNOWN STEP	2025-06-27T11:34:05.9767951Z #14 9.348   Installing       : libidn2-2.3.0-7.el9.x86_64                           39/84 
Test OLM installation	UNKNOWN STEP	2025-06-27T11:34:05.9768507Z #14 9.354   Installing       : mpfr-4.1.0-7.el9.x86_64                              40/84 
Test OLM installation	UNKNOWN STEP	2025-06-27T11:34:05.9769049Z #14 9.369   Installing       : gawk-5.1.0-6.el9.x86_64                              41/84 
Test OLM installation	UNKNOWN STEP	2025-06-27T11:34:05.9769613Z #14 9.376   Installing       : nss-softokn-freebl-3.101.0-10.el9_2.x86_64           42/84 
Test OLM installation	UNKNOWN STEP	2025-06-27T11:34:05.9770197Z #14 9.384   Installing       : nss-softokn-3.101.0-10.el9_2.x86_64                  43/84 
Test OLM installation	UNKNOWN STEP	2025-06-27T11:34:05.9770882Z #14 9.389   Installing       : lksctp-tools-1.0.19-3.el9_4.x86_64                   44/84 
Test OLM installation	UNKNOWN STEP	2025-06-27T11:34:05.9771734Z #14 9.393   Installing       : bzip2-libs-1.0.8-10.el9_5.x86_64                     45/84 
Test OLM installation	UNKNOWN STEP	2025-06-27T11:34:05.9772488Z #14 9.397   Installing       : expat-2.5.0-5.el9_6.x86_64                           46/84 
Test OLM installation	UNKNOWN STEP	2025-06-27T11:34:05.9773224Z #14 9.400   Installing       : gdbm-libs-1:1.23-1.el9.x86_64                        47/84 
Test OLM installation	UNKNOWN STEP	2025-06-27T11:34:05.9774148Z #14 9.403   Installing       : keyutils-libs-1.6.3-1.el9.x86_64                     48/84 
Test OLM installation	UNKNOWN STEP	2025-06-27T11:34:05.9775520Z #14 9.406   Installing       : libcom_err-1.46.5-7.el9.x86_64                       49/84 
Test OLM installation	UNKNOWN STEP	2025-06-27T11:34:06.2236741Z #14 9.412   Installing       : libgpg-error-1.42-5.el9.x86_64                       50/84 
Test OLM installation	UNKNOWN STEP	2025-06-27T11:34:06.2237647Z #14 9.420   Installing       : libgcrypt-1.10.0-11.el9.x86_64                       51/84 
Test OLM installation	UNKNOWN STEP	2025-06-27T11:34:06.2238264Z #14 9.425   Installing       : libsepol-3.6-2.el9.x86_64                            52/84 
Test OLM installation	UNKNOWN STEP	2025-06-27T11:34:06.2238869Z #14 9.428   Installing       : libuuid-2.37.4-21.el9.x86_64                         53/84 
Test OLM installation	UNKNOWN STEP	2025-06-27T11:34:06.2239396Z #14 9.431   Installing       : libverto-0.3.2-3.el9.x86_64                          54/84 
Test OLM installation	UNKNOWN STEP	2025-06-27T11:34:06.2239906Z #14 9.437   Installing       : libzstd-1.5.5-1.el9.x86_64                           55/84 
Test OLM installation	UNKNOWN STEP	2025-06-27T11:34:06.2240405Z #14 9.439   Installing       : lz4-libs-1.9.3-5.el9.x86_64                          56/84 
Test OLM installation	UNKNOWN STEP	2025-06-27T11:34:06.2240908Z #14 9.447   Installing       : nettle-3.10.1-1.el9.x86_64                           57/84 
Test OLM installation	UNKNOWN STEP	2025-06-27T11:34:06.2241656Z #14 9.459   Installing       : gnutls-3.8.3-6.el9.x86_64                            58/84 
Test OLM installation	UNKNOWN STEP	2025-06-27T11:34:06.2242181Z #14 9.464   Installing       : pcre-8.44-4.el9.x86_64                               59/84 
Test OLM installation	UNKNOWN STEP	2025-06-27T11:34:06.2243034Z #14 9.470   Installing       : grep-3.6-5.el9.x86_64                                60/84 
Test OLM installation	UNKNOWN STEP	2025-06-27T11:34:06.2243541Z #14 9.475   Installing       : pcre2-10.40-6.el9.x86_64                             61/84 
Test OLM installation	UNKNOWN STEP	2025-06-27T11:34:06.2244056Z #14 9.479   Installing       : libselinux-3.6-3.el9.x86_64                          62/84 
Test OLM installation	UNKNOWN STEP	2025-06-27T11:34:06.2244585Z #14 9.500   Installing       : coreutils-single-8.32-39.el9.x86_64                  63/84 
Test OLM installation	UNKNOWN STEP	2025-06-27T11:34:06.2245098Z #14 9.505   Installing       : sed-4.8-9.el9.x86_64                                 64/84 
Test OLM installation	UNKNOWN STEP	2025-06-27T11:34:06.3262826Z #14 9.509   Running scriptlet: ca-certificates-2024.2.69_v8.0.303-91.4.el9_4.noar   65/84 
Test OLM installation	UNKNOWN STEP	2025-06-27T11:34:06.4804652Z #14 9.761   Installing       : ca-certificates-2024.2.69_v8.0.303-91.4.el9_4.noar   65/84 
Test OLM installation	UNKNOWN STEP	2025-06-27T11:34:07.4213446Z #14 9.765   Running scriptlet: ca-certificates-2024.2.69_v8.0.303-91.4.el9_4.noar   65/84 
Test OLM installation	UNKNOWN STEP	2025-06-27T11:34:07.5275133Z #14 10.86   Installing       : python3-pip-wheel-21.3.1-1.el9.noarch                66/84 
Test OLM installation	UNKNOWN STEP	2025-06-27T11:34:07.5276495Z #14 10.87   Installing       : openssl-fips-provider-so-3.0.7-6.el9_5.x86_64        67/84 
Test OLM installation	UNKNOWN STEP	2025-06-27T11:34:07.5278462Z #14 10.87   Installing       : openssl-fips-provider-3.0.7-6.el9_5.x86_64           68/84 
Test OLM installation	UNKNOWN STEP	2025-06-27T11:34:07.5279266Z #14 10.92   Installing       : openssl-libs-1:3.2.2-6.el9_5.1.x86_64                69/84 
Test OLM installation	UNKNOWN STEP	2025-06-27T11:34:07.7058364Z #14 10.96   Installing       : krb5-libs-1.21.1-8.el9_6.x86_64                      70/84 
Test OLM installation	UNKNOWN STEP	2025-06-27T11:34:07.7059825Z #14 10.98   Installing       : libevent-2.1.12-8.el9_4.x86_64                       71/84 
Test OLM installation	UNKNOWN STEP	2025-06-27T11:34:07.9970614Z #14 10.98   Installing       : python3-3.9.21-2.el9.x86_64                          72/84 
Test OLM installation	UNKNOWN STEP	2025-06-27T11:34:08.1841679Z #14 11.43   Installing       : python3-libs-3.9.21-2.el9.x86_64                     73/84 
Test OLM installation	UNKNOWN STEP	2025-06-27T11:34:08.1842526Z #14 11.45   Installing       : crypto-policies-scripts-20250128-1.git5269e22.el9.   74/84 
Test OLM installation	UNKNOWN STEP	2025-06-27T11:34:08.1843137Z #14 11.46   Installing       : nss-sysinit-3.101.0-10.el9_2.x86_64                  75/84 
Test OLM installation	UNKNOWN STEP	2025-06-27T11:34:08.1843640Z #14 11.47   Installing       : nss-3.101.0-10.el9_2.x86_64                          76/84 
Test OLM installation	UNKNOWN STEP	2025-06-27T11:34:08.2849397Z #14 11.47   Running scriptlet: nss-3.101.0-10.el9_2.x86_64                          76/84 
Test OLM installation	UNKNOWN STEP	2025-06-27T11:34:08.4381691Z #14 11.72   Installing       : systemd-libs-252-51.el9_6.1.x86_64                   77/84 
Test OLM installation	UNKNOWN STEP	2025-06-27T11:34:08.5419423Z #14 11.72   Running scriptlet: systemd-libs-252-51.el9_6.1.x86_64                   77/84 
Test OLM installation	UNKNOWN STEP	2025-06-27T11:34:08.7304384Z #14 11.98   Installing       : dbus-libs-1:1.12.20-8.el9.x86_64                     78/84 
Test OLM installation	UNKNOWN STEP	2025-06-27T11:34:08.7305198Z #14 11.98   Installing       : avahi-libs-0.8-22.el9_6.x86_64                       79/84 
Test OLM installation	UNKNOWN STEP	2025-06-27T11:34:08.7306314Z #14 11.99   Installing       : cups-libs-1:2.3.3op2-33.el9.x86_64                   80/84 
Test OLM installation	UNKNOWN STEP	2025-06-27T11:34:08.7307072Z #14 12.00   Installing       : findutils-1:4.8.0-7.el9.x86_64                       81/84 
Test OLM installation	UNKNOWN STEP	2025-06-27T11:34:08.7307877Z #14 12.00   Installing       : copy-jdk-configs-4.0-3.el9.noarch                    82/84 
Test OLM installation	UNKNOWN STEP	2025-06-27T11:34:11.2555797Z #14 12.02   Installing       : alsa-lib-1.2.13-2.el9.x86_64                         83/84 
Test OLM installation	UNKNOWN STEP	2025-06-27T11:34:11.4115241Z #14 14.69   Installing       : java-21-openjdk-headless-1:21.0.7.0.6-1.el9.x86_64   84/84 
Test OLM installation	UNKNOWN STEP	2025-06-27T11:34:11.5236572Z #14 14.70   Running scriptlet: java-21-openjdk-headless-1:21.0.7.0.6-1.el9.x86_64   84/84 
Test OLM installation	UNKNOWN STEP	2025-06-27T11:34:11.7719883Z #14 14.96   Running scriptlet: filesystem-3.16-5.el9.x86_64                         84/84 
Test OLM installation	UNKNOWN STEP	2025-06-27T11:34:12.8690433Z #14 15.21   Running scriptlet: ca-certificates-2024.2.69_v8.0.303-91.4.el9_4.noar   84/84 
Test OLM installation	UNKNOWN STEP	2025-06-27T11:34:13.4722769Z #14 16.30   Running scriptlet: crypto-policies-scripts-20250128-1.git5269e22.el9.   84/84 
Test OLM installation	UNKNOWN STEP	2025-06-27T11:34:14.0513428Z #14 16.91   Running scriptlet: nss-3.101.0-10.el9_2.x86_64                          84/84 
Test OLM installation	UNKNOWN STEP	2025-06-27T11:34:14.2960232Z #14 17.49   Running scriptlet: copy-jdk-configs-4.0-3.el9.noarch                    84/84 
Test OLM installation	UNKNOWN STEP	2025-06-27T11:34:14.8332026Z #14 17.73   Running scriptlet: java-21-openjdk-headless-1:21.0.7.0.6-1.el9.x86_64   84/84 
Test OLM installation	UNKNOWN STEP	2025-06-27T11:34:15.0327706Z #14 18.27   Verifying        : alternatives-1.24-2.el9.x86_64                        1/84 
Test OLM installation	UNKNOWN STEP	2025-06-27T11:34:15.0330453Z #14 18.27   Verifying        : avahi-libs-0.8-22.el9_6.x86_64                        2/84 
Test OLM installation	UNKNOWN STEP	2025-06-27T11:34:15.0331144Z #14 18.27   Verifying        : basesystem-11-13.el9.noarch                           3/84 
Test OLM installation	UNKNOWN STEP	2025-06-27T11:34:15.0331917Z #14 18.27   Verifying        : bash-5.1.8-9.el9.x86_64                               4/84 
Test OLM installation	UNKNOWN STEP	2025-06-27T11:34:15.0332423Z #14 18.27   Verifying        : bzip2-libs-1.0.8-10.el9_5.x86_64                      5/84 
Test OLM installation	UNKNOWN STEP	2025-06-27T11:34:15.0333109Z #14 18.27   Verifying        : ca-certificates-2024.2.69_v8.0.303-91.4.el9_4.noar    6/84 
Test OLM installation	UNKNOWN STEP	2025-06-27T11:34:15.0333756Z #14 18.27   Verifying        : coreutils-single-8.32-39.el9.x86_64                   7/84 
Test OLM installation	UNKNOWN STEP	2025-06-27T11:34:15.0334330Z #14 18.27   Verifying        : crypto-policies-20250128-1.git5269e22.el9.noarch      8/84 
Test OLM installation	UNKNOWN STEP	2025-06-27T11:34:15.0334841Z #14 18.27   Verifying        : crypto-policies-scripts-20250128-1.git5269e22.el9.    9/84 
Test OLM installation	UNKNOWN STEP	2025-06-27T11:34:15.0335284Z #14 18.27   Verifying        : cups-libs-1:2.3.3op2-33.el9.x86_64                   10/84 
Test OLM installation	UNKNOWN STEP	2025-06-27T11:34:15.0335693Z #14 18.27   Verifying        : dbus-libs-1:1.12.20-8.el9.x86_64                     11/84 
Test OLM installation	UNKNOWN STEP	2025-06-27T11:34:15.0336121Z #14 18.27   Verifying        : expat-2.5.0-5.el9_6.x86_64                           12/84 
Test OLM installation	UNKNOWN STEP	2025-06-27T11:34:15.0336524Z #14 18.27   Verifying        : filesystem-3.16-5.el9.x86_64                         13/84 
Test OLM installation	UNKNOWN STEP	2025-06-27T11:34:15.0336941Z #14 18.27   Verifying        : findutils-1:4.8.0-7.el9.x86_64                       14/84 
Test OLM installation	UNKNOWN STEP	2025-06-27T11:34:15.0337344Z #14 18.27   Verifying        : gawk-5.1.0-6.el9.x86_64                              15/84 
Test OLM installation	UNKNOWN STEP	2025-06-27T11:34:15.0337748Z #14 18.27   Verifying        : gdbm-libs-1:1.23-1.el9.x86_64                        16/84 
Test OLM installation	UNKNOWN STEP	2025-06-27T11:34:15.0338146Z #14 18.27   Verifying        : glibc-2.34-168.el9_6.19.x86_64                       17/84 
Test OLM installation	UNKNOWN STEP	2025-06-27T11:34:15.0338551Z #14 18.27   Verifying        : glibc-common-2.34-168.el9_6.19.x86_64                18/84 
Test OLM installation	UNKNOWN STEP	2025-06-27T11:34:15.0338975Z #14 18.27   Verifying        : glibc-langpack-en-2.34-168.el9_6.19.x86_64           19/84 
Test OLM installation	UNKNOWN STEP	2025-06-27T11:34:15.0339386Z #14 18.27   Verifying        : gmp-1:6.2.0-13.el9.x86_64                            20/84 
Test OLM installation	UNKNOWN STEP	2025-06-27T11:34:15.0339773Z #14 18.27   Verifying        : gnutls-3.8.3-6.el9.x86_64                            21/84 
Test OLM installation	UNKNOWN STEP	2025-06-27T11:34:15.0340168Z #14 18.27   Verifying        : grep-3.6-5.el9.x86_64                                22/84 
Test OLM installation	UNKNOWN STEP	2025-06-27T11:34:15.0340937Z #14 18.27   Verifying        : keyutils-libs-1.6.3-1.el9.x86_64                     23/84 
Test OLM installation	UNKNOWN STEP	2025-06-27T11:34:15.0341365Z #14 18.27   Verifying        : krb5-libs-1.21.1-8.el9_6.x86_64                      24/84 
Test OLM installation	UNKNOWN STEP	2025-06-27T11:34:15.0342031Z #14 18.27   Verifying        : libacl-2.3.1-4.el9.x86_64                            25/84 
Test OLM installation	UNKNOWN STEP	2025-06-27T11:34:15.0342436Z #14 18.27   Verifying        : libattr-2.5.1-3.el9.x86_64                           26/84 
Test OLM installation	UNKNOWN STEP	2025-06-27T11:34:15.0342836Z #14 18.27   Verifying        : libcap-2.48-9.el9_2.x86_64                           27/84 
Test OLM installation	UNKNOWN STEP	2025-06-27T11:34:15.0343233Z #14 18.27   Verifying        : libcom_err-1.46.5-7.el9.x86_64                       28/84 
Test OLM installation	UNKNOWN STEP	2025-06-27T11:34:15.0343643Z #14 18.27   Verifying        : libevent-2.1.12-8.el9_4.x86_64                       29/84 
Test OLM installation	UNKNOWN STEP	2025-06-27T11:34:15.0344258Z #14 18.27   Verifying        : libffi-3.4.2-8.el9.x86_64                            30/84 
Test OLM installation	UNKNOWN STEP	2025-06-27T11:34:15.0344673Z #14 18.27   Verifying        : libgcc-11.5.0-5.el9_5.x86_64                         31/84 
Test OLM installation	UNKNOWN STEP	2025-06-27T11:34:15.0345089Z #14 18.27   Verifying        : libgcrypt-1.10.0-11.el9.x86_64                       32/84 
Test OLM installation	UNKNOWN STEP	2025-06-27T11:34:15.0345680Z #14 18.27   Verifying        : libgpg-error-1.42-5.el9.x86_64                       33/84 
Test OLM installation	UNKNOWN STEP	2025-06-27T11:34:15.0346101Z #14 18.27   Verifying        : libidn2-2.3.0-7.el9.x86_64                           34/84 
Test OLM installation	UNKNOWN STEP	2025-06-27T11:34:15.0346509Z #14 18.27   Verifying        : libselinux-3.6-3.el9.x86_64                          35/84 
Test OLM installation	UNKNOWN STEP	2025-06-27T11:34:15.0346940Z #14 18.27   Verifying        : libsepol-3.6-2.el9.x86_64                            36/84 
Test OLM installation	UNKNOWN STEP	2025-06-27T11:34:15.0347353Z #14 18.27   Verifying        : libsigsegv-2.13-4.el9.x86_64                         37/84 
Test OLM installation	UNKNOWN STEP	2025-06-27T11:34:15.0347765Z #14 18.27   Verifying        : libtasn1-4.16.0-9.el9.x86_64                         38/84 
Test OLM installation	UNKNOWN STEP	2025-06-27T11:34:15.0348182Z #14 18.27   Verifying        : libunistring-0.9.10-15.el9.x86_64                    39/84 
Test OLM installation	UNKNOWN STEP	2025-06-27T11:34:15.0348600Z #14 18.27   Verifying        : libuuid-2.37.4-21.el9.x86_64                         40/84 
Test OLM installation	UNKNOWN STEP	2025-06-27T11:34:15.0349006Z #14 18.27   Verifying        : libverto-0.3.2-3.el9.x86_64                          41/84 
Test OLM installation	UNKNOWN STEP	2025-06-27T11:34:15.0349425Z #14 18.27   Verifying        : libxcrypt-4.4.18-3.el9.x86_64                        42/84 
Test OLM installation	UNKNOWN STEP	2025-06-27T11:34:15.0349833Z #14 18.27   Verifying        : libzstd-1.5.5-1.el9.x86_64                           43/84 
Test OLM installation	UNKNOWN STEP	2025-06-27T11:34:15.0350244Z #14 18.27   Verifying        : lksctp-tools-1.0.19-3.el9_4.x86_64                   44/84 
Test OLM installation	UNKNOWN STEP	2025-06-27T11:34:15.0350654Z #14 18.27   Verifying        : lua-libs-5.4.4-4.el9.x86_64                          45/84 
Test OLM installation	UNKNOWN STEP	2025-06-27T11:34:15.0351051Z #14 18.27   Verifying        : lz4-libs-1.9.3-5.el9.x86_64                          46/84 
Test OLM installation	UNKNOWN STEP	2025-06-27T11:34:15.0351701Z #14 18.27   Verifying        : mpfr-4.1.0-7.el9.x86_64                              47/84 
Test OLM installation	UNKNOWN STEP	2025-06-27T11:34:15.0352150Z #14 18.27   Verifying        : ncurses-base-6.2-10.20210508.el9.noarch              48/84 
Test OLM installation	UNKNOWN STEP	2025-06-27T11:34:15.0352757Z #14 18.27   Verifying        : ncurses-libs-6.2-10.20210508.el9.x86_64              49/84 
Test OLM installation	UNKNOWN STEP	2025-06-27T11:34:15.0353450Z #14 18.27   Verifying        : nettle-3.10.1-1.el9.x86_64                           50/84 
Test OLM installation	UNKNOWN STEP	2025-06-27T11:34:15.0354081Z #14 18.27   Verifying        : openssl-fips-provider-3.0.7-6.el9_5.x86_64           51/84 
Test OLM installation	UNKNOWN STEP	2025-06-27T11:34:15.0354538Z #14 18.27   Verifying        : openssl-fips-provider-so-3.0.7-6.el9_5.x86_64        52/84 
Test OLM installation	UNKNOWN STEP	2025-06-27T11:34:15.0354971Z #14 18.27   Verifying        : openssl-libs-1:3.2.2-6.el9_5.1.x86_64                53/84 
Test OLM installation	UNKNOWN STEP	2025-06-27T11:34:15.0355376Z #14 18.27   Verifying        : p11-kit-0.25.3-3.el9_5.x86_64                        54/84 
Test OLM installation	UNKNOWN STEP	2025-06-27T11:34:15.0355775Z #14 18.27   Verifying        : p11-kit-trust-0.25.3-3.el9_5.x86_64                  55/84 
Test OLM installation	UNKNOWN STEP	2025-06-27T11:34:15.0356181Z #14 18.27   Verifying        : pcre-8.44-4.el9.x86_64                               56/84 
Test OLM installation	UNKNOWN STEP	2025-06-27T11:34:15.0356729Z #14 18.27   Verifying        : pcre2-10.40-6.el9.x86_64                             57/84 
Test OLM installation	UNKNOWN STEP	2025-06-27T11:34:15.0357138Z #14 18.27   Verifying        : pcre2-syntax-10.40-6.el9.noarch                      58/84 
Test OLM installation	UNKNOWN STEP	2025-06-27T11:34:15.0357564Z #14 18.27   Verifying        : python3-3.9.21-2.el9.x86_64                          59/84 
Test OLM installation	UNKNOWN STEP	2025-06-27T11:34:15.0357981Z #14 18.27   Verifying        : python3-libs-3.9.21-2.el9.x86_64                     60/84 
Test OLM installation	UNKNOWN STEP	2025-06-27T11:34:15.0358412Z #14 18.27   Verifying        : python3-pip-wheel-21.3.1-1.el9.noarch                61/84 
Test OLM installation	UNKNOWN STEP	2025-06-27T11:34:15.0358859Z #14 18.27   Verifying        : python3-setuptools-wheel-53.0.0-13.el9.noarch        62/84 
Test OLM installation	UNKNOWN STEP	2025-06-27T11:34:15.0359295Z #14 18.27   Verifying        : readline-8.1-4.el9.x86_64                            63/84 
Test OLM installation	UNKNOWN STEP	2025-06-27T11:34:15.0359716Z #14 18.27   Verifying        : redhat-release-9.6-0.1.el9.x86_64                    64/84 
Test OLM installation	UNKNOWN STEP	2025-06-27T11:34:15.0360121Z #14 18.27   Verifying        : sed-4.8-9.el9.x86_64                                 65/84 
Test OLM installation	UNKNOWN STEP	2025-06-27T11:34:15.0360519Z #14 18.27   Verifying        : setup-2.13.7-10.el9.noarch                           66/84 
Test OLM installation	UNKNOWN STEP	2025-06-27T11:34:15.0360930Z #14 18.27   Verifying        : sqlite-libs-3.34.1-7.el9_3.x86_64                    67/84 
Test OLM installation	UNKNOWN STEP	2025-06-27T11:34:15.0361641Z #14 18.27   Verifying        : systemd-libs-252-51.el9_6.1.x86_64                   68/84 
Test OLM installation	UNKNOWN STEP	2025-06-27T11:34:15.0362148Z #14 18.27   Verifying        : tzdata-2025b-1.el9.noarch                            69/84 
Test OLM installation	UNKNOWN STEP	2025-06-27T11:34:15.0362557Z #14 18.27   Verifying        : xz-libs-5.2.5-8.el9_0.x86_64                         70/84 
Test OLM installation	UNKNOWN STEP	2025-06-27T11:34:15.0362954Z #14 18.28   Verifying        : zlib-1.2.11-40.el9.x86_64                            71/84 
Test OLM installation	UNKNOWN STEP	2025-06-27T11:34:15.0363367Z #14 18.28   Verifying        : copy-jdk-configs-4.0-3.el9.noarch                    72/84 
Test OLM installation	UNKNOWN STEP	2025-06-27T11:34:15.0363771Z #14 18.28   Verifying        : lua-5.4.4-4.el9.x86_64                               73/84 
Test OLM installation	UNKNOWN STEP	2025-06-27T11:34:15.0364185Z #14 18.28   Verifying        : lua-posix-35.0-8.el9.x86_64                          74/84 
Test OLM installation	UNKNOWN STEP	2025-06-27T11:34:15.0364592Z #14 18.28   Verifying        : alsa-lib-1.2.13-2.el9.x86_64                         75/84 
Test OLM installation	UNKNOWN STEP	2025-06-27T11:34:15.0365007Z #14 18.28   Verifying        : java-21-openjdk-headless-1:21.0.7.0.6-1.el9.x86_64   76/84 
Test OLM installation	UNKNOWN STEP	2025-06-27T11:34:15.0365455Z #14 18.28   Verifying        : javapackages-filesystem-6.4.0-1.el9.noarch           77/84 
Test OLM installation	UNKNOWN STEP	2025-06-27T11:34:15.0365884Z #14 18.28   Verifying        : nspr-4.35.0-17.el9_2.x86_64                          78/84 
Test OLM installation	UNKNOWN STEP	2025-06-27T11:34:15.0366278Z #14 18.28   Verifying        : nss-3.101.0-10.el9_2.x86_64                          79/84 
Test OLM installation	UNKNOWN STEP	2025-06-27T11:34:15.0366681Z #14 18.28   Verifying        : nss-softokn-3.101.0-10.el9_2.x86_64                  80/84 
Test OLM installation	UNKNOWN STEP	2025-06-27T11:34:15.0367103Z #14 18.28   Verifying        : nss-softokn-freebl-3.101.0-10.el9_2.x86_64           81/84 
Test OLM installation	UNKNOWN STEP	2025-06-27T11:34:15.0367530Z #14 18.28   Verifying        : nss-sysinit-3.101.0-10.el9_2.x86_64                  82/84 
Test OLM installation	UNKNOWN STEP	2025-06-27T11:34:15.0367944Z #14 18.28   Verifying        : nss-util-3.101.0-10.el9_2.x86_64                     83/84 
Test OLM installation	UNKNOWN STEP	2025-06-27T11:34:15.0368359Z #14 18.28   Verifying        : tzdata-java-2025b-1.el9.noarch                       84/84 
Test OLM installation	UNKNOWN STEP	2025-06-27T11:34:15.0368705Z #14 18.34 Installed products updated.
Test OLM installation	UNKNOWN STEP	2025-06-27T11:34:15.0368940Z #14 18.36 
Test OLM installation	UNKNOWN STEP	2025-06-27T11:34:15.0369101Z #14 18.36 Installed:
Test OLM installation	UNKNOWN STEP	2025-06-27T11:34:15.0369464Z #14 18.36   alsa-lib-1.2.13-2.el9.x86_64                                                  
Test OLM installation	UNKNOWN STEP	2025-06-27T11:34:15.0369864Z #14 18.36   alternatives-1.24-2.el9.x86_64                                                
Test OLM installation	UNKNOWN STEP	2025-06-27T11:34:15.0370273Z #14 18.36   avahi-libs-0.8-22.el9_6.x86_64                                                
Test OLM installation	UNKNOWN STEP	2025-06-27T11:34:15.0370680Z #14 18.36   basesystem-11-13.el9.noarch                                                   
Test OLM installation	UNKNOWN STEP	2025-06-27T11:34:15.0371063Z #14 18.36   bash-5.1.8-9.el9.x86_64                                                       
Test OLM installation	UNKNOWN STEP	2025-06-27T11:34:15.0371832Z #14 18.36   bzip2-libs-1.0.8-10.el9_5.x86_64                                              
Test OLM installation	UNKNOWN STEP	2025-06-27T11:34:15.0372272Z #14 18.36   ca-certificates-2024.2.69_v8.0.303-91.4.el9_4.noarch                          
Test OLM installation	UNKNOWN STEP	2025-06-27T11:34:15.0372719Z #14 18.36   copy-jdk-configs-4.0-3.el9.noarch                                             
Test OLM installation	UNKNOWN STEP	2025-06-27T11:34:15.0373158Z #14 18.36   coreutils-single-8.32-39.el9.x86_64                                           
Test OLM installation	UNKNOWN STEP	2025-06-27T11:34:15.0373641Z #14 18.36   crypto-policies-20250128-1.git5269e22.el9.noarch                              
Test OLM installation	UNKNOWN STEP	2025-06-27T11:34:15.0374166Z #14 18.36   crypto-policies-scripts-20250128-1.git5269e22.el9.noarch                      
Test OLM installation	UNKNOWN STEP	2025-06-27T11:34:15.0374652Z #14 18.36   cups-libs-1:2.3.3op2-33.el9.x86_64                                            
Test OLM installation	UNKNOWN STEP	2025-06-27T11:34:15.0375050Z #14 18.36   dbus-libs-1:1.12.20-8.el9.x86_64                                              
Test OLM installation	UNKNOWN STEP	2025-06-27T11:34:15.0375461Z #14 18.36   expat-2.5.0-5.el9_6.x86_64                                                    
Test OLM installation	UNKNOWN STEP	2025-06-27T11:34:15.0375961Z #14 18.36   filesystem-3.16-5.el9.x86_64                                                  
Test OLM installation	UNKNOWN STEP	2025-06-27T11:34:15.0376479Z #14 18.36   findutils-1:4.8.0-7.el9.x86_64                                                
Test OLM installation	UNKNOWN STEP	2025-06-27T11:34:15.0376862Z #14 18.36   gawk-5.1.0-6.el9.x86_64                                                       
Test OLM installation	UNKNOWN STEP	2025-06-27T11:34:15.0377231Z #14 18.36   gdbm-libs-1:1.23-1.el9.x86_64                                                 
Test OLM installation	UNKNOWN STEP	2025-06-27T11:34:15.0377610Z #14 18.36   glibc-2.34-168.el9_6.19.x86_64                                                
Test OLM installation	UNKNOWN STEP	2025-06-27T11:34:15.0378007Z #14 18.36   glibc-common-2.34-168.el9_6.19.x86_64                                         
Test OLM installation	UNKNOWN STEP	2025-06-27T11:34:15.0378447Z #14 18.36   glibc-langpack-en-2.34-168.el9_6.19.x86_64                                    
Test OLM installation	UNKNOWN STEP	2025-06-27T11:34:15.0378853Z #14 18.36   gmp-1:6.2.0-13.el9.x86_64                                                     
Test OLM installation	UNKNOWN STEP	2025-06-27T11:34:15.0379218Z #14 18.36   gnutls-3.8.3-6.el9.x86_64                                                     
Test OLM installation	UNKNOWN STEP	2025-06-27T11:34:15.0379582Z #14 18.36   grep-3.6-5.el9.x86_64                                                         
Test OLM installation	UNKNOWN STEP	2025-06-27T11:34:15.0379995Z #14 18.36   java-21-openjdk-headless-1:21.0.7.0.6-1.el9.x86_64                            
Test OLM installation	UNKNOWN STEP	2025-06-27T11:34:15.0380472Z #14 18.36   javapackages-filesystem-6.4.0-1.el9.noarch                                    
Test OLM installation	UNKNOWN STEP	2025-06-27T11:34:15.0380919Z #14 18.36   keyutils-libs-1.6.3-1.el9.x86_64                                              
Test OLM installation	UNKNOWN STEP	2025-06-27T11:34:15.0381322Z #14 18.36   krb5-libs-1.21.1-8.el9_6.x86_64                                               
Test OLM installation	UNKNOWN STEP	2025-06-27T11:34:15.0381880Z #14 18.36   libacl-2.3.1-4.el9.x86_64                                                     
Test OLM installation	UNKNOWN STEP	2025-06-27T11:34:15.0382257Z #14 18.36   libattr-2.5.1-3.el9.x86_64                                                    
Test OLM installation	UNKNOWN STEP	2025-06-27T11:34:15.0382629Z #14 18.36   libcap-2.48-9.el9_2.x86_64                                                    
Test OLM installation	UNKNOWN STEP	2025-06-27T11:34:15.0383012Z #14 18.36   libcom_err-1.46.5-7.el9.x86_64                                                
Test OLM installation	UNKNOWN STEP	2025-06-27T11:34:15.0383403Z #14 18.36   libevent-2.1.12-8.el9_4.x86_64                                                
Test OLM installation	UNKNOWN STEP	2025-06-27T11:34:15.0383781Z #14 18.36   libffi-3.4.2-8.el9.x86_64                                                     
Test OLM installation	UNKNOWN STEP	2025-06-27T11:34:15.0384156Z #14 18.36   libgcc-11.5.0-5.el9_5.x86_64                                                  
Test OLM installation	UNKNOWN STEP	2025-06-27T11:34:15.0384543Z #14 18.36   libgcrypt-1.10.0-11.el9.x86_64                                                
Test OLM installation	UNKNOWN STEP	2025-06-27T11:34:15.0384946Z #14 18.36   libgpg-error-1.42-5.el9.x86_64                                                
Test OLM installation	UNKNOWN STEP	2025-06-27T11:34:15.0385335Z #14 18.36   libidn2-2.3.0-7.el9.x86_64                                                    
Test OLM installation	UNKNOWN STEP	2025-06-27T11:34:15.0385722Z #14 18.36   libselinux-3.6-3.el9.x86_64                                                   
Test OLM installation	UNKNOWN STEP	2025-06-27T11:34:15.0386366Z #14 18.36   libsepol-3.6-2.el9.x86_64                                                     
Test OLM installation	UNKNOWN STEP	2025-06-27T11:34:15.0386960Z #14 18.36   libsigsegv-2.13-4.el9.x86_64                                                  
Test OLM installation	UNKNOWN STEP	2025-06-27T11:34:15.0387401Z #14 18.36   libtasn1-4.16.0-9.el9.x86_64                                                  
Test OLM installation	UNKNOWN STEP	2025-06-27T11:34:15.0387810Z #14 18.36   libunistring-0.9.10-15.el9.x86_64                                             
Test OLM installation	UNKNOWN STEP	2025-06-27T11:34:15.0388207Z #14 18.36   libuuid-2.37.4-21.el9.x86_64                                                  
Test OLM installation	UNKNOWN STEP	2025-06-27T11:34:15.0388591Z #14 18.36   libverto-0.3.2-3.el9.x86_64                                                   
Test OLM installation	UNKNOWN STEP	2025-06-27T11:34:15.0388982Z #14 18.36   libxcrypt-4.4.18-3.el9.x86_64                                                 
Test OLM installation	UNKNOWN STEP	2025-06-27T11:34:15.0389368Z #14 18.36   libzstd-1.5.5-1.el9.x86_64                                                    
Test OLM installation	UNKNOWN STEP	2025-06-27T11:34:15.0389759Z #14 18.36   lksctp-tools-1.0.19-3.el9_4.x86_64                                            
Test OLM installation	UNKNOWN STEP	2025-06-27T11:34:15.0390143Z #14 18.36   lua-5.4.4-4.el9.x86_64                                                        
Test OLM installation	UNKNOWN STEP	2025-06-27T11:34:15.0390507Z #14 18.36   lua-libs-5.4.4-4.el9.x86_64                                                   
Test OLM installation	UNKNOWN STEP	2025-06-27T11:34:15.0391018Z #14 18.36   lua-posix-35.0-8.el9.x86_64                                                   
Test OLM installation	UNKNOWN STEP	2025-06-27T11:34:15.0391603Z #14 18.36   lz4-libs-1.9.3-5.el9.x86_64                                                   
Test OLM installation	UNKNOWN STEP	2025-06-27T11:34:15.0391977Z #14 18.36   mpfr-4.1.0-7.el9.x86_64                                                       
Test OLM installation	UNKNOWN STEP	2025-06-27T11:34:15.0392385Z #14 18.36   ncurses-base-6.2-10.20210508.el9.noarch                                       
Test OLM installation	UNKNOWN STEP	2025-06-27T11:34:15.0392826Z #14 18.36   ncurses-libs-6.2-10.20210508.el9.x86_64                                       
Test OLM installation	UNKNOWN STEP	2025-06-27T11:34:15.0393236Z #14 18.36   nettle-3.10.1-1.el9.x86_64                                                    
Test OLM installation	UNKNOWN STEP	2025-06-27T11:34:15.0393615Z #14 18.36   nspr-4.35.0-17.el9_2.x86_64                                                   
Test OLM installation	UNKNOWN STEP	2025-06-27T11:34:15.0393986Z #14 18.36   nss-3.101.0-10.el9_2.x86_64                                                   
Test OLM installation	UNKNOWN STEP	2025-06-27T11:34:15.0394383Z #14 18.36   nss-softokn-3.101.0-10.el9_2.x86_64                                           
Test OLM installation	UNKNOWN STEP	2025-06-27T11:34:15.0394811Z #14 18.36   nss-softokn-freebl-3.101.0-10.el9_2.x86_64                                    
Test OLM installation	UNKNOWN STEP	2025-06-27T11:34:15.0395236Z #14 18.36   nss-sysinit-3.101.0-10.el9_2.x86_64                                           
Test OLM installation	UNKNOWN STEP	2025-06-27T11:34:15.0395657Z #14 18.36   nss-util-3.101.0-10.el9_2.x86_64                                              
Test OLM installation	UNKNOWN STEP	2025-06-27T11:34:15.0396078Z #14 18.36   openssl-fips-provider-3.0.7-6.el9_5.x86_64                                    
Test OLM installation	UNKNOWN STEP	2025-06-27T11:34:15.0396548Z #14 18.36   openssl-fips-provider-so-3.0.7-6.el9_5.x86_64                                 
Test OLM installation	UNKNOWN STEP	2025-06-27T11:34:15.0396990Z #14 18.36   openssl-libs-1:3.2.2-6.el9_5.1.x86_64                                         
Test OLM installation	UNKNOWN STEP	2025-06-27T11:34:15.0397383Z #14 18.36   p11-kit-0.25.3-3.el9_5.x86_64                                                 
Test OLM installation	UNKNOWN STEP	2025-06-27T11:34:15.0397765Z #14 18.36   p11-kit-trust-0.25.3-3.el9_5.x86_64                                           
Test OLM installation	UNKNOWN STEP	2025-06-27T11:34:15.0398147Z #14 18.36   pcre-8.44-4.el9.x86_64                                                        
Test OLM installation	UNKNOWN STEP	2025-06-27T11:34:15.0398613Z #14 18.36   pcre2-10.40-6.el9.x86_64                                                      
Test OLM installation	UNKNOWN STEP	2025-06-27T11:34:15.0399043Z #14 18.36   pcre2-syntax-10.40-6.el9.noarch                                               
Test OLM installation	UNKNOWN STEP	2025-06-27T11:34:15.0399450Z #14 18.36   python3-3.9.21-2.el9.x86_64                                                   
Test OLM installation	UNKNOWN STEP	2025-06-27T11:34:15.0399852Z #14 18.36   python3-libs-3.9.21-2.el9.x86_64                                              
Test OLM installation	UNKNOWN STEP	2025-06-27T11:34:15.0400286Z #14 18.36   python3-pip-wheel-21.3.1-1.el9.noarch                                         
Test OLM installation	UNKNOWN STEP	2025-06-27T11:34:15.0400886Z #14 18.36   python3-setuptools-wheel-53.0.0-13.el9.noarch                                 
Test OLM installation	UNKNOWN STEP	2025-06-27T11:34:15.0401328Z #14 18.36   readline-8.1-4.el9.x86_64                                                     
Test OLM installation	UNKNOWN STEP	2025-06-27T11:34:15.0401978Z #14 18.36   redhat-release-9.6-0.1.el9.x86_64                                             
Test OLM installation	UNKNOWN STEP	2025-06-27T11:34:15.0402371Z #14 18.36   sed-4.8-9.el9.x86_64                                                          
Test OLM installation	UNKNOWN STEP	2025-06-27T11:34:15.0402735Z #14 18.36   setup-2.13.7-10.el9.noarch                                                    
Test OLM installation	UNKNOWN STEP	2025-06-27T11:34:15.0403141Z #14 18.36   sqlite-libs-3.34.1-7.el9_3.x86_64                                             
Test OLM installation	UNKNOWN STEP	2025-06-27T11:34:15.0403551Z #14 18.36   systemd-libs-252-51.el9_6.1.x86_64                                            
Test OLM installation	UNKNOWN STEP	2025-06-27T11:34:15.0403964Z #14 18.36   tzdata-2025b-1.el9.noarch                                                     
Test OLM installation	UNKNOWN STEP	2025-06-27T11:34:15.0404375Z #14 18.36   tzdata-java-2025b-1.el9.noarch                                                
Test OLM installation	UNKNOWN STEP	2025-06-27T11:34:15.0404783Z #14 18.36   xz-libs-5.2.5-8.el9_0.x86_64                                                  
Test OLM installation	UNKNOWN STEP	2025-06-27T11:34:15.0405177Z #14 18.36   zlib-1.2.11-40.el9.x86_64                                                     
Test OLM installation	UNKNOWN STEP	2025-06-27T11:34:15.0405597Z #14 18.36 
Test OLM installation	UNKNOWN STEP	2025-06-27T11:34:15.0405762Z #14 18.36 Complete!
Test OLM installation	UNKNOWN STEP	2025-06-27T11:34:15.0406005Z #14 18.47 + dnf --installroot /tmp/null/rootfs clean all
Test OLM installation	UNKNOWN STEP	2025-06-27T11:34:15.2674168Z #14 18.70 Updating Subscription Management repositories.
Test OLM installation	UNKNOWN STEP	2025-06-27T11:34:15.4684038Z #14 18.70 Unable to read consumer identity
Test OLM installation	UNKNOWN STEP	2025-06-27T11:34:15.4684514Z #14 18.71 
Test OLM installation	UNKNOWN STEP	2025-06-27T11:34:15.4684929Z #14 18.71 This system is not registered with an entitlement server. You can use subscription-manager to register.
Test OLM installation	UNKNOWN STEP	2025-06-27T11:34:15.4685380Z #14 18.71 
Test OLM installation	UNKNOWN STEP	2025-06-27T11:34:15.4685542Z #14 18.71 26 files removed
Test OLM installation	UNKNOWN STEP	2025-06-27T11:34:15.4686521Z #14 18.75 + rm -rf /tmp/null/rootfs/var/cache/bpf /tmp/null/rootfs/var/cache/dnf /tmp/null/rootfs/var/cache/ldconfig /tmp/null/rootfs/var/log/dnf.librepo.log /tmp/null/rootfs/var/log/dnf.log /tmp/null/rootfs/var/log/dnf.rpm.log '/tmp/null/rootfs/var/log/yum.*'
Test OLM installation	UNKNOWN STEP	2025-06-27T11:34:15.4687558Z #14 18.75 ==> Building dependency tree
Test OLM installation	UNKNOWN STEP	2025-06-27T11:34:15.7147811Z #14 19.15 ==> 42 packages to erase:
Test OLM installation	UNKNOWN STEP	2025-06-27T11:34:15.8699045Z #14 19.15 alsa-lib
Test OLM installation	UNKNOWN STEP	2025-06-27T11:34:15.8699547Z #14 19.15 avahi-libs
Test OLM installation	UNKNOWN STEP	2025-06-27T11:34:15.8699909Z #14 19.15 bzip2-libs
Test OLM installation	UNKNOWN STEP	2025-06-27T11:34:15.8700185Z #14 19.15 copy-jdk-configs
Test OLM installation	UNKNOWN STEP	2025-06-27T11:34:15.8700443Z #14 19.15 cups-libs
Test OLM installation	UNKNOWN STEP	2025-06-27T11:34:15.8700645Z #14 19.15 dbus-libs
Test OLM installation	UNKNOWN STEP	2025-06-27T11:34:15.8700846Z #14 19.15 expat
Test OLM installation	UNKNOWN STEP	2025-06-27T11:34:15.8701044Z #14 19.15 gawk
Test OLM installation	UNKNOWN STEP	2025-06-27T11:34:15.8701235Z #14 19.15 gdbm-libs
Test OLM installation	UNKNOWN STEP	2025-06-27T11:34:15.8701699Z #14 19.15 gmp
Test OLM installation	UNKNOWN STEP	2025-06-27T11:34:15.8701897Z #14 19.15 gnutls
Test OLM installation	UNKNOWN STEP	2025-06-27T11:34:15.8702096Z #14 19.15 gpg-pubkey
Test OLM installation	UNKNOWN STEP	2025-06-27T11:34:15.8702323Z #14 19.15 keyutils-libs
Test OLM installation	UNKNOWN STEP	2025-06-27T11:34:15.8702540Z #14 19.15 krb5-libs
Test OLM installation	UNKNOWN STEP	2025-06-27T11:34:15.8702735Z #14 19.15 libcom_err
Test OLM installation	UNKNOWN STEP	2025-06-27T11:34:15.8702955Z #14 19.15 libevent
Test OLM installation	UNKNOWN STEP	2025-06-27T11:34:15.8703152Z #14 19.15 libffi
Test OLM installation	UNKNOWN STEP	2025-06-27T11:34:15.8703345Z #14 19.15 libgcrypt
Test OLM installation	UNKNOWN STEP	2025-06-27T11:34:15.8703552Z #14 19.15 libgpg-error
Test OLM installation	UNKNOWN STEP	2025-06-27T11:34:15.8703764Z #14 19.15 libidn2
Test OLM installation	UNKNOWN STEP	2025-06-27T11:34:15.8703959Z #14 19.15 libunistring
Test OLM installation	UNKNOWN STEP	2025-06-27T11:34:15.8704176Z #14 19.15 libuuid
Test OLM installation	UNKNOWN STEP	2025-06-27T11:34:15.8704370Z #14 19.15 libverto
Test OLM installation	UNKNOWN STEP	2025-06-27T11:34:15.8704571Z #14 19.15 libxcrypt
Test OLM installation	UNKNOWN STEP	2025-06-27T11:34:15.8704761Z #14 19.15 libzstd
Test OLM installation	UNKNOWN STEP	2025-06-27T11:34:15.8704954Z #14 19.15 lua
Test OLM installation	UNKNOWN STEP	2025-06-27T11:34:15.8705143Z #14 19.15 lua-libs
Test OLM installation	UNKNOWN STEP	2025-06-27T11:34:15.8705338Z #14 19.15 lua-posix
Test OLM installation	UNKNOWN STEP	2025-06-27T11:34:15.8705539Z #14 19.15 lz4-libs
Test OLM installation	UNKNOWN STEP	2025-06-27T11:34:15.8705735Z #14 19.15 mpfr
Test OLM installation	UNKNOWN STEP	2025-06-27T11:34:15.8705919Z #14 19.15 nettle
Test OLM installation	UNKNOWN STEP	2025-06-27T11:34:15.8706137Z #14 19.15 openssl-fips-provider
Test OLM installation	UNKNOWN STEP	2025-06-27T11:34:15.8706415Z #14 19.15 openssl-fips-provider-so
Test OLM installation	UNKNOWN STEP	2025-06-27T11:34:15.8706683Z #14 19.15 openssl-libs
Test OLM installation	UNKNOWN STEP	2025-06-27T11:34:15.8706897Z #14 19.15 p11-kit
Test OLM installation	UNKNOWN STEP	2025-06-27T11:34:15.8707347Z #14 19.15 python3
Test OLM installation	UNKNOWN STEP	2025-06-27T11:34:15.8707543Z #14 19.15 python3-libs
Test OLM installation	UNKNOWN STEP	2025-06-27T11:34:15.8707769Z #14 19.15 python3-pip-wheel
Test OLM installation	UNKNOWN STEP	2025-06-27T11:34:15.8708029Z #14 19.15 python3-setuptools-wheel
Test OLM installation	UNKNOWN STEP	2025-06-27T11:34:15.8708283Z #14 19.15 readline
Test OLM installation	UNKNOWN STEP	2025-06-27T11:34:15.8708490Z #14 19.15 systemd-libs
Test OLM installation	UNKNOWN STEP	2025-06-27T11:34:15.8708708Z #14 19.15 xz-libs
Test OLM installation	UNKNOWN STEP	2025-06-27T11:34:15.8708918Z #14 19.15 ==> 43 packages to keep:
Test OLM installation	UNKNOWN STEP	2025-06-27T11:34:15.8709167Z #14 19.15 alternatives
Test OLM installation	UNKNOWN STEP	2025-06-27T11:34:15.8709376Z #14 19.15 basesystem
Test OLM installation	UNKNOWN STEP	2025-06-27T11:34:15.8709577Z #14 19.15 bash
Test OLM installation	UNKNOWN STEP	2025-06-27T11:34:15.8709774Z #14 19.15 ca-certificates
Test OLM installation	UNKNOWN STEP	2025-06-27T11:34:15.8710029Z #14 19.15 coreutils-single
Test OLM installation	UNKNOWN STEP	2025-06-27T11:34:15.8710270Z #14 19.15 crypto-policies
Test OLM installation	UNKNOWN STEP	2025-06-27T11:34:15.8710506Z #14 19.15 crypto-policies-scripts
Test OLM installation	UNKNOWN STEP	2025-06-27T11:34:15.8710721Z #14 19.15 filesystem
Test OLM installation	UNKNOWN STEP	2025-06-27T11:34:15.8710890Z #14 19.15 findutils
Test OLM installation	UNKNOWN STEP	2025-06-27T11:34:15.8711046Z #14 19.15 glibc
Test OLM installation	UNKNOWN STEP	2025-06-27T11:34:15.8711214Z #14 19.15 glibc-common
Test OLM installation	UNKNOWN STEP	2025-06-27T11:34:15.8711585Z #14 19.15 glibc-langpack-en
Test OLM installation	UNKNOWN STEP	2025-06-27T11:34:15.8711847Z #14 19.15 grep
Test OLM installation	UNKNOWN STEP	2025-06-27T11:34:15.8712024Z #14 19.15 java-21-openjdk-headless
Test OLM installation	UNKNOWN STEP	2025-06-27T11:34:15.8712252Z #14 19.15 javapackages-filesystem
Test OLM installation	UNKNOWN STEP	2025-06-27T11:34:15.8712457Z #14 19.15 libacl
Test OLM installation	UNKNOWN STEP	2025-06-27T11:34:15.8712611Z #14 19.15 libattr
Test OLM installation	UNKNOWN STEP	2025-06-27T11:34:15.8712930Z #14 19.15 libcap
Test OLM installation	UNKNOWN STEP	2025-06-27T11:34:15.8713102Z #14 19.15 libgcc
Test OLM installation	UNKNOWN STEP	2025-06-27T11:34:15.8713259Z #14 19.15 libselinux
Test OLM installation	UNKNOWN STEP	2025-06-27T11:34:15.8713426Z #14 19.15 libsepol
Test OLM installation	UNKNOWN STEP	2025-06-27T11:34:15.8713588Z #14 19.15 libsigsegv
Test OLM installation	UNKNOWN STEP	2025-06-27T11:34:15.8713748Z #14 19.15 libtasn1
Test OLM installation	UNKNOWN STEP	2025-06-27T11:34:15.8713916Z #14 19.15 lksctp-tools
Test OLM installation	UNKNOWN STEP	2025-06-27T11:34:15.8714091Z #14 19.15 ncurses-base
Test OLM installation	UNKNOWN STEP	2025-06-27T11:34:15.8714257Z #14 19.15 ncurses-libs
Test OLM installation	UNKNOWN STEP	2025-06-27T11:34:15.8714424Z #14 19.15 nspr
Test OLM installation	UNKNOWN STEP	2025-06-27T11:34:15.8714579Z #14 19.15 nss
Test OLM installation	UNKNOWN STEP	2025-06-27T11:34:15.8714731Z #14 19.15 nss-softokn
Test OLM installation	UNKNOWN STEP	2025-06-27T11:34:15.8714914Z #14 19.15 nss-softokn-freebl
Test OLM installation	UNKNOWN STEP	2025-06-27T11:34:15.8715114Z #14 19.15 nss-sysinit
Test OLM installation	UNKNOWN STEP	2025-06-27T11:34:15.8715280Z #14 19.15 nss-util
Test OLM installation	UNKNOWN STEP	2025-06-27T11:34:15.8715449Z #14 19.15 p11-kit-trust
Test OLM installation	UNKNOWN STEP	2025-06-27T11:34:15.8715624Z #14 19.15 pcre
Test OLM installation	UNKNOWN STEP	2025-06-27T11:34:15.8715779Z #14 19.15 pcre2
Test OLM installation	UNKNOWN STEP	2025-06-27T11:34:15.8715937Z #14 19.15 pcre2-syntax
Test OLM installation	UNKNOWN STEP	2025-06-27T11:34:15.8716112Z #14 19.15 redhat-release
Test OLM installation	UNKNOWN STEP	2025-06-27T11:34:15.8716292Z #14 19.15 sed
Test OLM installation	UNKNOWN STEP	2025-06-27T11:34:15.8716444Z #14 19.15 setup
Test OLM installation	UNKNOWN STEP	2025-06-27T11:34:15.8716605Z #14 19.15 sqlite-libs
Test OLM installation	UNKNOWN STEP	2025-06-27T11:34:15.8716770Z #14 19.15 tzdata
Test OLM installation	UNKNOWN STEP	2025-06-27T11:34:15.8716924Z #14 19.15 tzdata-java
Test OLM installation	UNKNOWN STEP	2025-06-27T11:34:15.8717087Z #14 19.15 zlib
Test OLM installation	UNKNOWN STEP	2025-06-27T11:34:15.8717239Z #14 19.15 
Test OLM installation	UNKNOWN STEP	2025-06-27T11:34:15.8717398Z #14 19.15 ==> Erasing packages
Test OLM installation	UNKNOWN STEP	2025-06-27T11:34:15.8717700Z #14 19.15 + xargs rpm -r /tmp/null/rootfs --erase --nodeps --allmatches
Test OLM installation	UNKNOWN STEP	2025-06-27T11:34:16.0215874Z #14 19.46 
Test OLM installation	UNKNOWN STEP	2025-06-27T11:34:16.0216243Z #14 19.46 ==> Packages erased ok!
Test OLM installation	UNKNOWN STEP	2025-06-27T11:34:16.1944243Z #14 DONE 19.5s
Test OLM installation	UNKNOWN STEP	2025-06-27T11:34:17.4745712Z 
Test OLM installation	UNKNOWN STEP	2025-06-27T11:34:17.4746406Z #15 [stage-1 2/4] COPY --from=ubi-micro-build /tmp/null/rootfs/ /
Test OLM installation	UNKNOWN STEP	2025-06-27T11:34:18.6414970Z #15 DONE 1.2s
Test OLM installation	UNKNOWN STEP	2025-06-27T11:34:18.7930352Z 
Test OLM installation	UNKNOWN STEP	2025-06-27T11:34:18.7931007Z #16 [stage-1 3/4] COPY --from=ubi-micro-build --chown=1000:0 /opt/keycloak /opt/keycloak
Test OLM installation	UNKNOWN STEP	2025-06-27T11:34:19.0566726Z #16 DONE 0.4s
Test OLM installation	UNKNOWN STEP	2025-06-27T11:34:19.1719154Z 
Test OLM installation	UNKNOWN STEP	2025-06-27T11:34:19.1720179Z #17 [stage-1 4/4] RUN echo "keycloak:x:0:root" >> /etc/group &&     echo "keycloak:x:1000:0:keycloak user:/opt/keycloak:/sbin/nologin" >> /etc/passwd
Test OLM installation	UNKNOWN STEP	2025-06-27T11:34:19.1721276Z #17 DONE 0.1s
Test OLM installation	UNKNOWN STEP	2025-06-27T11:34:19.3238041Z 
Test OLM installation	UNKNOWN STEP	2025-06-27T11:34:19.3242081Z #18 exporting to image
Test OLM installation	UNKNOWN STEP	2025-06-27T11:34:19.3243061Z #18 exporting layers
Test OLM installation	UNKNOWN STEP	2025-06-27T11:34:20.5905855Z #18 exporting layers 1.4s done
Test OLM installation	UNKNOWN STEP	2025-06-27T11:34:20.6057857Z #18 writing image sha256:91db18ddec439d0db43d7e3fb95fc5cbe189b92e3bf74f95842249239b18dbe6 done
Test OLM installation	UNKNOWN STEP	2025-06-27T11:34:20.6058846Z #18 naming to ttl.sh/9b1f51keycloak:86400000.0.0 done
Test OLM installation	UNKNOWN STEP	2025-06-27T11:34:20.6059357Z #18 DONE 1.4s
Test OLM installation	UNKNOWN STEP	2025-06-27T11:34:20.6110124Z + docker push ttl.sh/9b1f51keycloak:86400000.0.0
Test OLM installation	UNKNOWN STEP	2025-06-27T11:34:20.7636889Z The push refers to repository [ttl.sh/9b1f51keycloak]
Test OLM installation	UNKNOWN STEP	2025-06-27T11:34:20.8840491Z 5e4ac72e1a88: Preparing
Test OLM installation	UNKNOWN STEP	2025-06-27T11:34:20.8841206Z 279e2c67cf85: Preparing
Test OLM installation	UNKNOWN STEP	2025-06-27T11:34:20.8841786Z e6e3e724a780: Preparing
Test OLM installation	UNKNOWN STEP	2025-06-27T11:34:20.8842184Z 2edc1404446e: Preparing
Test OLM installation	UNKNOWN STEP	2025-06-27T11:34:24.6194024Z 5e4ac72e1a88: Pushed
Test OLM installation	UNKNOWN STEP	2025-06-27T11:34:38.1247539Z 2edc1404446e: Pushed
Test OLM installation	UNKNOWN STEP	2025-06-27T11:35:50.9176358Z e6e3e724a780: Pushed
Test OLM installation	UNKNOWN STEP	2025-06-27T11:35:51.5897135Z error parsing HTTP 499 response body: invalid character '<' looking for beginning of value: "<!DOCTYPE html>\n<html>\n  <head>\n    <meta name=\"viewport\" content=\"width=device-width, initial-scale=1\">\n    <meta charset=\"utf-8\">\n    <title>Application Error</title>\n    <style media=\"screen\">\n      html,body,iframe {\n        margin: 0;\n        padding: 0;\n      }\n\n      html,body {\n        height: 100%;\n        overflow: hidden;\n      }\n\n      iframe {\n        width: 100%;\n        height: 100%;\n        border: 0;\n      }\n    </style>\n  </head>\n  <body>\n    <iframe src=\"https://www.herokucdn.com/error-pages/application-error.html\"></iframe>\n  </body>\n</html>"
Test OLM installation	UNKNOWN STEP	2025-06-27T11:35:51.5923419Z ##[error]Process completed with exit code 1.
Test OLM installation	UNKNOWN STEP	2025-06-27T11:35:51.5990598Z Post job cleanup.
Test OLM installation	UNKNOWN STEP	2025-06-27T11:35:51.6032045Z Post job cleanup.
Test OLM installation	UNKNOWN STEP	2025-06-27T11:35:51.7788286Z Post job cleanup.
Test OLM installation	UNKNOWN STEP	2025-06-27T11:35:51.8725420Z [command]/usr/bin/git version
Test OLM installation	UNKNOWN STEP	2025-06-27T11:35:51.8761773Z git version 2.49.0
Test OLM installation	UNKNOWN STEP	2025-06-27T11:35:51.8813038Z Temporarily overriding HOME='/home/runner/work/_temp/a9121f7a-598a-4bc5-8706-9ed0a6dbf163' before making global git config changes
Test OLM installation	UNKNOWN STEP	2025-06-27T11:35:51.8814350Z Adding repository directory to the temporary git global config as a safe directory
Test OLM installation	UNKNOWN STEP	2025-06-27T11:35:51.8819795Z [command]/usr/bin/git config --global --add safe.directory /home/runner/work/keycloak/keycloak
Test OLM installation	UNKNOWN STEP	2025-06-27T11:35:51.8854872Z [command]/usr/bin/git config --local --name-only --get-regexp core\.sshCommand
Test OLM installation	UNKNOWN STEP	2025-06-27T11:35:51.8887826Z [command]/usr/bin/git submodule foreach --recursive sh -c "git config --local --name-only --get-regexp 'core\.sshCommand' && git config --local --unset-all 'core.sshCommand' || :"
Test OLM installation	UNKNOWN STEP	2025-06-27T11:35:51.9166318Z [command]/usr/bin/git config --local --name-only --get-regexp http\.https\:\/\/github\.com\/\.extraheader
Test OLM installation	UNKNOWN STEP	2025-06-27T11:35:51.9190503Z http.https://github.com/.extraheader
Test OLM installation	UNKNOWN STEP	2025-06-27T11:35:51.9206257Z [command]/usr/bin/git config --local --unset-all http.https://github.com/.extraheader
Test OLM installation	UNKNOWN STEP	2025-06-27T11:35:51.9239889Z [command]/usr/bin/git submodule foreach --recursive sh -c "git config --local --name-only --get-regexp 'http\.https\:\/\/github\.com\/\.extraheader' && git config --local --unset-all 'http.https://github.com/.extraheader' || :"
Test OLM installation	UNKNOWN STEP	2025-06-27T11:35:51.9619501Z Cleaning up orphan processes
Status Check - Keycloak Operator CI	UNKNOWN STEP	ï»¿2025-06-27T11:36:00.0638175Z Current runner version: '2.325.0'
Status Check - Keycloak Operator CI	UNKNOWN STEP	2025-06-27T11:36:00.0661143Z ##[group]Runner Image Provisioner
Status Check - Keycloak Operator CI	UNKNOWN STEP	2025-06-27T11:36:00.0662017Z Hosted Compute Agent
Status Check - Keycloak Operator CI	UNKNOWN STEP	2025-06-27T11:36:00.0662528Z Version: 20250620.352
Status Check - Keycloak Operator CI	UNKNOWN STEP	2025-06-27T11:36:00.0663203Z Commit: f262f3aba23b10ea191b2a62bdee1ca4c3d344da
Status Check - Keycloak Operator CI	UNKNOWN STEP	2025-06-27T11:36:00.0663845Z Build Date: 2025-06-20T19:27:17Z
Status Check - Keycloak Operator CI	UNKNOWN STEP	2025-06-27T11:36:00.0664423Z ##[endgroup]
Status Check - Keycloak Operator CI	UNKNOWN STEP	2025-06-27T11:36:00.0664968Z ##[group]Operating System
Status Check - Keycloak Operator CI	UNKNOWN STEP	2025-06-27T11:36:00.0665553Z Ubuntu
Status Check - Keycloak Operator CI	UNKNOWN STEP	2025-06-27T11:36:00.0666340Z 24.04.2
Status Check - Keycloak Operator CI	UNKNOWN STEP	2025-06-27T11:36:00.0666852Z LTS
Status Check - Keycloak Operator CI	UNKNOWN STEP	2025-06-27T11:36:00.0667333Z ##[endgroup]
Status Check - Keycloak Operator CI	UNKNOWN STEP	2025-06-27T11:36:00.0667788Z ##[group]Runner Image
Status Check - Keycloak Operator CI	UNKNOWN STEP	2025-06-27T11:36:00.0668376Z Image: ubuntu-24.04
Status Check - Keycloak Operator CI	UNKNOWN STEP	2025-06-27T11:36:00.0668851Z Version: 20250622.1.0
Status Check - Keycloak Operator CI	UNKNOWN STEP	2025-06-27T11:36:00.0669822Z Included Software: https://github.com/actions/runner-images/blob/ubuntu24/20250622.1/images/ubuntu/Ubuntu2404-Readme.md
Status Check - Keycloak Operator CI	UNKNOWN STEP	2025-06-27T11:36:00.0671354Z Image Release: https://github.com/actions/runner-images/releases/tag/ubuntu24%2F20250622.1
Status Check - Keycloak Operator CI	UNKNOWN STEP	2025-06-27T11:36:00.0672288Z ##[endgroup]
Status Check - Keycloak Operator CI	UNKNOWN STEP	2025-06-27T11:36:00.0674596Z ##[group]GITHUB_TOKEN Permissions
Status Check - Keycloak Operator CI	UNKNOWN STEP	2025-06-27T11:36:00.0676965Z Actions: read
Status Check - Keycloak Operator CI	UNKNOWN STEP	2025-06-27T11:36:00.0677462Z Attestations: read
Status Check - Keycloak Operator CI	UNKNOWN STEP	2025-06-27T11:36:00.0678078Z Checks: read
Status Check - Keycloak Operator CI	UNKNOWN STEP	2025-06-27T11:36:00.0678525Z Contents: read
Status Check - Keycloak Operator CI	UNKNOWN STEP	2025-06-27T11:36:00.0678988Z Deployments: read
Status Check - Keycloak Operator CI	UNKNOWN STEP	2025-06-27T11:36:00.0679513Z Discussions: read
Status Check - Keycloak Operator CI	UNKNOWN STEP	2025-06-27T11:36:00.0680036Z Issues: read
Status Check - Keycloak Operator CI	UNKNOWN STEP	2025-06-27T11:36:00.0680469Z Metadata: read
Status Check - Keycloak Operator CI	UNKNOWN STEP	2025-06-27T11:36:00.0680982Z Models: read
Status Check - Keycloak Operator CI	UNKNOWN STEP	2025-06-27T11:36:00.0681455Z Packages: read
Status Check - Keycloak Operator CI	UNKNOWN STEP	2025-06-27T11:36:00.0681897Z Pages: read
Status Check - Keycloak Operator CI	UNKNOWN STEP	2025-06-27T11:36:00.0682444Z PullRequests: read
Status Check - Keycloak Operator CI	UNKNOWN STEP	2025-06-27T11:36:00.0682981Z RepositoryProjects: read
Status Check - Keycloak Operator CI	UNKNOWN STEP	2025-06-27T11:36:00.0683523Z SecurityEvents: read
Status Check - Keycloak Operator CI	UNKNOWN STEP	2025-06-27T11:36:00.0684110Z Statuses: read
Status Check - Keycloak Operator CI	UNKNOWN STEP	2025-06-27T11:36:00.0684612Z ##[endgroup]
Status Check - Keycloak Operator CI	UNKNOWN STEP	2025-06-27T11:36:00.0686859Z Secret source: None
Status Check - Keycloak Operator CI	UNKNOWN STEP	2025-06-27T11:36:00.0687620Z Prepare workflow directory
Status Check - Keycloak Operator CI	UNKNOWN STEP	2025-06-27T11:36:00.1094170Z Prepare all required actions
Status Check - Keycloak Operator CI	UNKNOWN STEP	2025-06-27T11:36:00.1131376Z Getting action download info
Status Check - Keycloak Operator CI	UNKNOWN STEP	2025-06-27T11:36:00.5689470Z ##[group]Download immutable action package 'actions/checkout@v4'
Status Check - Keycloak Operator CI	UNKNOWN STEP	2025-06-27T11:36:00.5690447Z Version: 4.2.2
Status Check - Keycloak Operator CI	UNKNOWN STEP	2025-06-27T11:36:00.5691497Z Digest: sha256:ccb2698953eaebd21c7bf6268a94f9c26518a7e38e27e0b83c1fe1ad049819b1
Status Check - Keycloak Operator CI	UNKNOWN STEP	2025-06-27T11:36:00.5692619Z Source commit SHA: 11bd71901bbe5b1630ceea73d27597364c9af683
Status Check - Keycloak Operator CI	UNKNOWN STEP	2025-06-27T11:36:00.5693330Z ##[endgroup]
Status Check - Keycloak Operator CI	UNKNOWN STEP	2025-06-27T11:36:00.7397621Z Complete job name: Status Check - Keycloak Operator CI
Status Check - Keycloak Operator CI	UNKNOWN STEP	2025-06-27T11:36:00.8036864Z ##[group]Run actions/checkout@v4
Status Check - Keycloak Operator CI	UNKNOWN STEP	2025-06-27T11:36:00.8037691Z with:
Status Check - Keycloak Operator CI	UNKNOWN STEP	2025-06-27T11:36:00.8038076Z   repository: keycloak/keycloak
Status Check - Keycloak Operator CI	UNKNOWN STEP	2025-06-27T11:36:00.8038693Z   token: ***
Status Check - Keycloak Operator CI	UNKNOWN STEP	2025-06-27T11:36:00.8039069Z   ssh-strict: true
Status Check - Keycloak Operator CI	UNKNOWN STEP	2025-06-27T11:36:00.8039451Z   ssh-user: git
Status Check - Keycloak Operator CI	UNKNOWN STEP	2025-06-27T11:36:00.8039858Z   persist-credentials: true
Status Check - Keycloak Operator CI	UNKNOWN STEP	2025-06-27T11:36:00.8040279Z   clean: true
Status Check - Keycloak Operator CI	UNKNOWN STEP	2025-06-27T11:36:00.8040669Z   sparse-checkout-cone-mode: true
Status Check - Keycloak Operator CI	UNKNOWN STEP	2025-06-27T11:36:00.8041126Z   fetch-depth: 1
Status Check - Keycloak Operator CI	UNKNOWN STEP	2025-06-27T11:36:00.8041546Z   fetch-tags: false
Status Check - Keycloak Operator CI	UNKNOWN STEP	2025-06-27T11:36:00.8041974Z   show-progress: true
Status Check - Keycloak Operator CI	UNKNOWN STEP	2025-06-27T11:36:00.8042365Z   lfs: false
Status Check - Keycloak Operator CI	UNKNOWN STEP	2025-06-27T11:36:00.8042764Z   submodules: false
Status Check - Keycloak Operator CI	UNKNOWN STEP	2025-06-27T11:36:00.8043205Z   set-safe-directory: true
Status Check - Keycloak Operator CI	UNKNOWN STEP	2025-06-27T11:36:00.8043862Z env:
Status Check - Keycloak Operator CI	UNKNOWN STEP	2025-06-27T11:36:00.8044421Z   MAVEN_ARGS: -B -nsu -Daether.connector.http.connectionMaxTtl=25
Status Check - Keycloak Operator CI	UNKNOWN STEP	2025-06-27T11:36:00.8045055Z   MINIKUBE_VERSION: v1.32.0
Status Check - Keycloak Operator CI	UNKNOWN STEP	2025-06-27T11:36:00.8045487Z   KUBERNETES_VERSION: v1.27.10
Status Check - Keycloak Operator CI	UNKNOWN STEP	2025-06-27T11:36:00.8046179Z   MINIKUBE_MEMORY: 4096
Status Check - Keycloak Operator CI	UNKNOWN STEP	2025-06-27T11:36:00.8046580Z ##[endgroup]
Status Check - Keycloak Operator CI	UNKNOWN STEP	2025-06-27T11:36:00.9138818Z Syncing repository: keycloak/keycloak
Status Check - Keycloak Operator CI	UNKNOWN STEP	2025-06-27T11:36:00.9140661Z ##[group]Getting Git version info
Status Check - Keycloak Operator CI	UNKNOWN STEP	2025-06-27T11:36:00.9141773Z Working directory is '/home/runner/work/keycloak/keycloak'
Status Check - Keycloak Operator CI	UNKNOWN STEP	2025-06-27T11:36:00.9143426Z [command]/usr/bin/git version
Status Check - Keycloak Operator CI	UNKNOWN STEP	2025-06-27T11:36:00.9194278Z git version 2.49.0
Status Check - Keycloak Operator CI	UNKNOWN STEP	2025-06-27T11:36:00.9220850Z ##[endgroup]
Status Check - Keycloak Operator CI	UNKNOWN STEP	2025-06-27T11:36:00.9236506Z Temporarily overriding HOME='/home/runner/work/_temp/56c9f36e-a62d-42a5-95e0-7ddf9ea1c4f6' before making global git config changes
Status Check - Keycloak Operator CI	UNKNOWN STEP	2025-06-27T11:36:00.9239193Z Adding repository directory to the temporary git global config as a safe directory
Status Check - Keycloak Operator CI	UNKNOWN STEP	2025-06-27T11:36:00.9242739Z [command]/usr/bin/git config --global --add safe.directory /home/runner/work/keycloak/keycloak
Status Check - Keycloak Operator CI	UNKNOWN STEP	2025-06-27T11:36:00.9276954Z Deleting the contents of '/home/runner/work/keycloak/keycloak'
Status Check - Keycloak Operator CI	UNKNOWN STEP	2025-06-27T11:36:00.9280715Z ##[group]Initializing the repository
Status Check - Keycloak Operator CI	UNKNOWN STEP	2025-06-27T11:36:00.9285195Z [command]/usr/bin/git init /home/runner/work/keycloak/keycloak
Status Check - Keycloak Operator CI	UNKNOWN STEP	2025-06-27T11:36:00.9370205Z hint: Using 'master' as the name for the initial branch. This default branch name
Status Check - Keycloak Operator CI	UNKNOWN STEP	2025-06-27T11:36:00.9371510Z hint: is subject to change. To configure the initial branch name to use in all
Status Check - Keycloak Operator CI	UNKNOWN STEP	2025-06-27T11:36:00.9372546Z hint: of your new repositories, which will suppress this warning, call:
Status Check - Keycloak Operator CI	UNKNOWN STEP	2025-06-27T11:36:00.9373189Z hint:
Status Check - Keycloak Operator CI	UNKNOWN STEP	2025-06-27T11:36:00.9373664Z hint: 	git config --global init.defaultBranch <name>
Status Check - Keycloak Operator CI	UNKNOWN STEP	2025-06-27T11:36:00.9374225Z hint:
Status Check - Keycloak Operator CI	UNKNOWN STEP	2025-06-27T11:36:00.9374755Z hint: Names commonly chosen instead of 'master' are 'main', 'trunk' and
Status Check - Keycloak Operator CI	UNKNOWN STEP	2025-06-27T11:36:00.9375630Z hint: 'development'. The just-created branch can be renamed via this command:
Status Check - Keycloak Operator CI	UNKNOWN STEP	2025-06-27T11:36:00.9377149Z hint:
Status Check - Keycloak Operator CI	UNKNOWN STEP	2025-06-27T11:36:00.9377808Z hint: 	git branch -m <name>
Status Check - Keycloak Operator CI	UNKNOWN STEP	2025-06-27T11:36:00.9380705Z Initialized empty Git repository in /home/runner/work/keycloak/keycloak/.git/
Status Check - Keycloak Operator CI	UNKNOWN STEP	2025-06-27T11:36:00.9391415Z [command]/usr/bin/git remote add origin https://github.com/keycloak/keycloak
Status Check - Keycloak Operator CI	UNKNOWN STEP	2025-06-27T11:36:00.9430829Z ##[endgroup]
Status Check - Keycloak Operator CI	UNKNOWN STEP	2025-06-27T11:36:00.9431518Z ##[group]Disabling automatic garbage collection
Status Check - Keycloak Operator CI	UNKNOWN STEP	2025-06-27T11:36:00.9434794Z [command]/usr/bin/git config --local gc.auto 0
Status Check - Keycloak Operator CI	UNKNOWN STEP	2025-06-27T11:36:00.9462970Z ##[endgroup]
Status Check - Keycloak Operator CI	UNKNOWN STEP	2025-06-27T11:36:00.9463625Z ##[group]Setting up auth
Status Check - Keycloak Operator CI	UNKNOWN STEP	2025-06-27T11:36:00.9469735Z [command]/usr/bin/git config --local --name-only --get-regexp core\.sshCommand
Status Check - Keycloak Operator CI	UNKNOWN STEP	2025-06-27T11:36:00.9499483Z [command]/usr/bin/git submodule foreach --recursive sh -c "git config --local --name-only --get-regexp 'core\.sshCommand' && git config --local --unset-all 'core.sshCommand' || :"
Status Check - Keycloak Operator CI	UNKNOWN STEP	2025-06-27T11:36:00.9781006Z [command]/usr/bin/git config --local --name-only --get-regexp http\.https\:\/\/github\.com\/\.extraheader
Status Check - Keycloak Operator CI	UNKNOWN STEP	2025-06-27T11:36:00.9810748Z [command]/usr/bin/git submodule foreach --recursive sh -c "git config --local --name-only --get-regexp 'http\.https\:\/\/github\.com\/\.extraheader' && git config --local --unset-all 'http.https://github.com/.extraheader' || :"
Status Check - Keycloak Operator CI	UNKNOWN STEP	2025-06-27T11:36:01.0025583Z [command]/usr/bin/git config --local http.https://github.com/.extraheader AUTHORIZATION: basic ***
Status Check - Keycloak Operator CI	UNKNOWN STEP	2025-06-27T11:36:01.0067286Z ##[endgroup]
Status Check - Keycloak Operator CI	UNKNOWN STEP	2025-06-27T11:36:01.0068567Z ##[group]Fetching the repository
Status Check - Keycloak Operator CI	UNKNOWN STEP	2025-06-27T11:36:01.0077211Z [command]/usr/bin/git -c protocol.version=2 fetch --no-tags --prune --no-recurse-submodules --depth=1 origin +9b1f5175db13f1da0b3c51e56d655f5780ecd27f:refs/remotes/pull/40750/merge
Status Check - Keycloak Operator CI	UNKNOWN STEP	2025-06-27T11:36:04.3843242Z From https://github.com/keycloak/keycloak
Status Check - Keycloak Operator CI	UNKNOWN STEP	2025-06-27T11:36:04.3846870Z  * [new ref]         9b1f5175db13f1da0b3c51e56d655f5780ecd27f -> pull/40750/merge
Status Check - Keycloak Operator CI	UNKNOWN STEP	2025-06-27T11:36:04.3898259Z ##[endgroup]
Status Check - Keycloak Operator CI	UNKNOWN STEP	2025-06-27T11:36:04.3899441Z ##[group]Determining the checkout info
Status Check - Keycloak Operator CI	UNKNOWN STEP	2025-06-27T11:36:04.3900943Z ##[endgroup]
Status Check - Keycloak Operator CI	UNKNOWN STEP	2025-06-27T11:36:04.3905002Z [command]/usr/bin/git sparse-checkout disable
Status Check - Keycloak Operator CI	UNKNOWN STEP	2025-06-27T11:36:04.3942922Z [command]/usr/bin/git config --local --unset-all extensions.worktreeConfig
Status Check - Keycloak Operator CI	UNKNOWN STEP	2025-06-27T11:36:04.3969657Z ##[group]Checking out the ref
Status Check - Keycloak Operator CI	UNKNOWN STEP	2025-06-27T11:36:04.3973639Z [command]/usr/bin/git checkout --progress --force refs/remotes/pull/40750/merge
Status Check - Keycloak Operator CI	UNKNOWN STEP	2025-06-27T11:36:05.1348963Z Note: switching to 'refs/remotes/pull/40750/merge'.
Status Check - Keycloak Operator CI	UNKNOWN STEP	2025-06-27T11:36:05.1349535Z 
Status Check - Keycloak Operator CI	UNKNOWN STEP	2025-06-27T11:36:05.1349954Z You are in 'detached HEAD' state. You can look around, make experimental
Status Check - Keycloak Operator CI	UNKNOWN STEP	2025-06-27T11:36:05.1350871Z changes and commit them, and you can discard any commits you make in this
Status Check - Keycloak Operator CI	UNKNOWN STEP	2025-06-27T11:36:05.1351767Z state without impacting any branches by switching back to a branch.
Status Check - Keycloak Operator CI	UNKNOWN STEP	2025-06-27T11:36:05.1352238Z 
Status Check - Keycloak Operator CI	UNKNOWN STEP	2025-06-27T11:36:05.1352800Z If you want to create a new branch to retain commits you create, you may
Status Check - Keycloak Operator CI	UNKNOWN STEP	2025-06-27T11:36:05.1353275Z do so (now or later) by using -c with the switch command. Example:
Status Check - Keycloak Operator CI	UNKNOWN STEP	2025-06-27T11:36:05.1353528Z 
Status Check - Keycloak Operator CI	UNKNOWN STEP	2025-06-27T11:36:05.1353656Z   git switch -c <new-branch-name>
Status Check - Keycloak Operator CI	UNKNOWN STEP	2025-06-27T11:36:05.1353863Z 
Status Check - Keycloak Operator CI	UNKNOWN STEP	2025-06-27T11:36:05.1353991Z Or undo this operation with:
Status Check - Keycloak Operator CI	UNKNOWN STEP	2025-06-27T11:36:05.1354191Z 
Status Check - Keycloak Operator CI	UNKNOWN STEP	2025-06-27T11:36:05.1354289Z   git switch -
Status Check - Keycloak Operator CI	UNKNOWN STEP	2025-06-27T11:36:05.1354457Z 
Status Check - Keycloak Operator CI	UNKNOWN STEP	2025-06-27T11:36:05.1354702Z Turn off this advice by setting config variable advice.detachedHead to false
Status Check - Keycloak Operator CI	UNKNOWN STEP	2025-06-27T11:36:05.1355014Z 
Status Check - Keycloak Operator CI	UNKNOWN STEP	2025-06-27T11:36:05.1355352Z HEAD is now at 9b1f517 Merge da01255b58f8c851489c6e949a8caf31a9c3da87 into 718505eadb5f197eab285ea9055a951b8ffa2421
Status Check - Keycloak Operator CI	UNKNOWN STEP	2025-06-27T11:36:05.1381105Z ##[endgroup]
Status Check - Keycloak Operator CI	UNKNOWN STEP	2025-06-27T11:36:05.1419467Z [command]/usr/bin/git log -1 --format=%H
Status Check - Keycloak Operator CI	UNKNOWN STEP	2025-06-27T11:36:05.1441441Z 9b1f5175db13f1da0b3c51e56d655f5780ecd27f
Status Check - Keycloak Operator CI	UNKNOWN STEP	2025-06-27T11:36:05.1672271Z Prepare all required actions
Status Check - Keycloak Operator CI	UNKNOWN STEP	2025-06-27T11:36:05.1741245Z ##[group]Run ./.github/actions/status-check
Status Check - Keycloak Operator CI	UNKNOWN STEP	2025-06-27T11:36:05.1741649Z with:
Status Check - Keycloak Operator CI	UNKNOWN STEP	2025-06-27T11:36:05.1742520Z   jobs: {
Status Check - Keycloak Operator CI	UNKNOWN STEP	  "conditional": {
Status Check - Keycloak Operator CI	UNKNOWN STEP	    "result": "success",
Status Check - Keycloak Operator CI	UNKNOWN STEP	    "outputs": {
Status Check - Keycloak Operator CI	UNKNOWN STEP	      "operator": "true"
Status Check - Keycloak Operator CI	UNKNOWN STEP	    }
Status Check - Keycloak Operator CI	UNKNOWN STEP	  },
Status Check - Keycloak Operator CI	UNKNOWN STEP	  "build": {
Status Check - Keycloak Operator CI	UNKNOWN STEP	    "result": "success",
Status Check - Keycloak Operator CI	UNKNOWN STEP	    "outputs": {}
Status Check - Keycloak Operator CI	UNKNOWN STEP	  },
Status Check - Keycloak Operator CI	UNKNOWN STEP	  "test-local": {
Status Check - Keycloak Operator CI	UNKNOWN STEP	    "result": "success",
Status Check - Keycloak Operator CI	UNKNOWN STEP	    "outputs": {}
Status Check - Keycloak Operator CI	UNKNOWN STEP	  },
Status Check - Keycloak Operator CI	UNKNOWN STEP	  "test-remote": {
Status Check - Keycloak Operator CI	UNKNOWN STEP	    "result": "success",
Status Check - Keycloak Operator CI	UNKNOWN STEP	    "outputs": {}
Status Check - Keycloak Operator CI	UNKNOWN STEP	  },
Status Check - Keycloak Operator CI	UNKNOWN STEP	  "test-olm": {
Status Check - Keycloak Operator CI	UNKNOWN STEP	    "result": "failure",
Status Check - Keycloak Operator CI	UNKNOWN STEP	    "outputs": {}
Status Check - Keycloak Operator CI	UNKNOWN STEP	  }
Status Check - Keycloak Operator CI	UNKNOWN STEP	}
Status Check - Keycloak Operator CI	UNKNOWN STEP	2025-06-27T11:36:05.1743456Z env:
Status Check - Keycloak Operator CI	UNKNOWN STEP	2025-06-27T11:36:05.1743762Z   MAVEN_ARGS: -B -nsu -Daether.connector.http.connectionMaxTtl=25
Status Check - Keycloak Operator CI	UNKNOWN STEP	2025-06-27T11:36:05.1744152Z   MINIKUBE_VERSION: v1.32.0
Status Check - Keycloak Operator CI	UNKNOWN STEP	2025-06-27T11:36:05.1744429Z   KUBERNETES_VERSION: v1.27.10
Status Check - Keycloak Operator CI	UNKNOWN STEP	2025-06-27T11:36:05.1744702Z   MINIKUBE_MEMORY: 4096
Status Check - Keycloak Operator CI	UNKNOWN STEP	2025-06-27T11:36:05.1744925Z ##[endgroup]
Status Check - Keycloak Operator CI	UNKNOWN STEP	2025-06-27T11:36:05.1843809Z ##[group]Run JOBS='{
Status Check - Keycloak Operator CI	UNKNOWN STEP	2025-06-27T11:36:05.1844137Z [36;1mJOBS='{[0m
Status Check - Keycloak Operator CI	UNKNOWN STEP	2025-06-27T11:36:05.1844448Z [36;1m  "conditional": {[0m
Status Check - Keycloak Operator CI	UNKNOWN STEP	2025-06-27T11:36:05.1844713Z [36;1m    "result": "success",[0m
Status Check - Keycloak Operator CI	UNKNOWN STEP	2025-06-27T11:36:05.1844990Z [36;1m    "outputs": {[0m
Status Check - Keycloak Operator CI	UNKNOWN STEP	2025-06-27T11:36:05.1845226Z [36;1m      "operator": "true"[0m
Status Check - Keycloak Operator CI	UNKNOWN STEP	2025-06-27T11:36:05.1845472Z [36;1m    }[0m
Status Check - Keycloak Operator CI	UNKNOWN STEP	2025-06-27T11:36:05.1845665Z [36;1m  },[0m
Status Check - Keycloak Operator CI	UNKNOWN STEP	2025-06-27T11:36:05.1846092Z [36;1m  "build": {[0m
Status Check - Keycloak Operator CI	UNKNOWN STEP	2025-06-27T11:36:05.1846319Z [36;1m    "result": "success",[0m
Status Check - Keycloak Operator CI	UNKNOWN STEP	2025-06-27T11:36:05.1846574Z [36;1m    "outputs": {}[0m
Status Check - Keycloak Operator CI	UNKNOWN STEP	2025-06-27T11:36:05.1846804Z [36;1m  },[0m
Status Check - Keycloak Operator CI	UNKNOWN STEP	2025-06-27T11:36:05.1847003Z [36;1m  "test-local": {[0m
Status Check - Keycloak Operator CI	UNKNOWN STEP	2025-06-27T11:36:05.1847241Z [36;1m    "result": "success",[0m
Status Check - Keycloak Operator CI	UNKNOWN STEP	2025-06-27T11:36:05.1847490Z [36;1m    "outputs": {}[0m
Status Check - Keycloak Operator CI	UNKNOWN STEP	2025-06-27T11:36:05.1847718Z [36;1m  },[0m
Status Check - Keycloak Operator CI	UNKNOWN STEP	2025-06-27T11:36:05.1847923Z [36;1m  "test-remote": {[0m
Status Check - Keycloak Operator CI	UNKNOWN STEP	2025-06-27T11:36:05.1848176Z [36;1m    "result": "success",[0m
Status Check - Keycloak Operator CI	UNKNOWN STEP	2025-06-27T11:36:05.1848422Z [36;1m    "outputs": {}[0m
Status Check - Keycloak Operator CI	UNKNOWN STEP	2025-06-27T11:36:05.1848646Z [36;1m  },[0m
Status Check - Keycloak Operator CI	UNKNOWN STEP	2025-06-27T11:36:05.1848849Z [36;1m  "test-olm": {[0m
Status Check - Keycloak Operator CI	UNKNOWN STEP	2025-06-27T11:36:05.1849087Z [36;1m    "result": "failure",[0m
Status Check - Keycloak Operator CI	UNKNOWN STEP	2025-06-27T11:36:05.1849342Z [36;1m    "outputs": {}[0m
Status Check - Keycloak Operator CI	UNKNOWN STEP	2025-06-27T11:36:05.1849562Z [36;1m  }[0m
Status Check - Keycloak Operator CI	UNKNOWN STEP	2025-06-27T11:36:05.1849754Z [36;1m}'[0m
Status Check - Keycloak Operator CI	UNKNOWN STEP	2025-06-27T11:36:05.1849949Z [36;1m[0m
Status Check - Keycloak Operator CI	UNKNOWN STEP	2025-06-27T11:36:05.1850156Z [36;1mecho "Job status:"[0m
Status Check - Keycloak Operator CI	UNKNOWN STEP	2025-06-27T11:36:05.1850513Z [36;1mecho $JOBS | jq -r 'to_entries[] | " - \(.key): \(.value.result)"'[0m
Status Check - Keycloak Operator CI	UNKNOWN STEP	2025-06-27T11:36:05.1850859Z [36;1m[0m
Status Check - Keycloak Operator CI	UNKNOWN STEP	2025-06-27T11:36:05.1851131Z [36;1mfor i in $(echo $JOBS | jq -r 'to_entries[] | .value.result'); do[0m
Status Check - Keycloak Operator CI	UNKNOWN STEP	2025-06-27T11:36:05.1851525Z [36;1m  if [ "$i" != "success" ] && [ "$i" != "skipped" ]; then[0m
Status Check - Keycloak Operator CI	UNKNOWN STEP	2025-06-27T11:36:05.1851825Z [36;1m    echo ""[0m
Status Check - Keycloak Operator CI	UNKNOWN STEP	2025-06-27T11:36:05.1852058Z [36;1m    echo "Status check not okay!"[0m
Status Check - Keycloak Operator CI	UNKNOWN STEP	2025-06-27T11:36:05.1852330Z [36;1m    exit 1[0m
Status Check - Keycloak Operator CI	UNKNOWN STEP	2025-06-27T11:36:05.1852539Z [36;1m  fi[0m
Status Check - Keycloak Operator CI	UNKNOWN STEP	2025-06-27T11:36:05.1852750Z [36;1mdone[0m
Status Check - Keycloak Operator CI	UNKNOWN STEP	2025-06-27T11:36:05.1948713Z shell: /usr/bin/bash --noprofile --norc -e -o pipefail {0}
Status Check - Keycloak Operator CI	UNKNOWN STEP	2025-06-27T11:36:05.1949088Z env:
Status Check - Keycloak Operator CI	UNKNOWN STEP	2025-06-27T11:36:05.1949398Z   MAVEN_ARGS: -B -nsu -Daether.connector.http.connectionMaxTtl=25
Status Check - Keycloak Operator CI	UNKNOWN STEP	2025-06-27T11:36:05.1949960Z   MINIKUBE_VERSION: v1.32.0
Status Check - Keycloak Operator CI	UNKNOWN STEP	2025-06-27T11:36:05.1950221Z   KUBERNETES_VERSION: v1.27.10
Status Check - Keycloak Operator CI	UNKNOWN STEP	2025-06-27T11:36:05.1950529Z   MINIKUBE_MEMORY: 4096
Status Check - Keycloak Operator CI	UNKNOWN STEP	2025-06-27T11:36:05.1950751Z ##[endgroup]
Status Check - Keycloak Operator CI	UNKNOWN STEP	2025-06-27T11:36:05.2042678Z Job status:
Status Check - Keycloak Operator CI	UNKNOWN STEP	2025-06-27T11:36:05.2154819Z  - conditional: success
Status Check - Keycloak Operator CI	UNKNOWN STEP	2025-06-27T11:36:05.2155160Z  - build: success
Status Check - Keycloak Operator CI	UNKNOWN STEP	2025-06-27T11:36:05.2155409Z  - test-local: success
Status Check - Keycloak Operator CI	UNKNOWN STEP	2025-06-27T11:36:05.2155680Z  - test-remote: success
Status Check - Keycloak Operator CI	UNKNOWN STEP	2025-06-27T11:36:05.2156127Z  - test-olm: failure
Status Check - Keycloak Operator CI	UNKNOWN STEP	2025-06-27T11:36:05.2188560Z 
Status Check - Keycloak Operator CI	UNKNOWN STEP	2025-06-27T11:36:05.2188779Z Status check not okay!
Status Check - Keycloak Operator CI	UNKNOWN STEP	2025-06-27T11:36:05.2200591Z ##[error]Process completed with exit code 1.
Status Check - Keycloak Operator CI	UNKNOWN STEP	2025-06-27T11:36:05.2314520Z Post job cleanup.
Status Check - Keycloak Operator CI	UNKNOWN STEP	2025-06-27T11:36:05.3231223Z [command]/usr/bin/git version
Status Check - Keycloak Operator CI	UNKNOWN STEP	2025-06-27T11:36:05.3266308Z git version 2.49.0
Status Check - Keycloak Operator CI	UNKNOWN STEP	2025-06-27T11:36:05.3315655Z Temporarily overriding HOME='/home/runner/work/_temp/d65a2981-d721-4f18-8192-fba842b3b3e1' before making global git config changes
Status Check - Keycloak Operator CI	UNKNOWN STEP	2025-06-27T11:36:05.3316703Z Adding repository directory to the temporary git global config as a safe directory
Status Check - Keycloak Operator CI	UNKNOWN STEP	2025-06-27T11:36:05.3320760Z [command]/usr/bin/git config --global --add safe.directory /home/runner/work/keycloak/keycloak
Status Check - Keycloak Operator CI	UNKNOWN STEP	2025-06-27T11:36:05.3353199Z [command]/usr/bin/git config --local --name-only --get-regexp core\.sshCommand
Status Check - Keycloak Operator CI	UNKNOWN STEP	2025-06-27T11:36:05.3385574Z [command]/usr/bin/git submodule foreach --recursive sh -c "git config --local --name-only --get-regexp 'core\.sshCommand' && git config --local --unset-all 'core.sshCommand' || :"
Status Check - Keycloak Operator CI	UNKNOWN STEP	2025-06-27T11:36:05.3626404Z [command]/usr/bin/git config --local --name-only --get-regexp http\.https\:\/\/github\.com\/\.extraheader
Status Check - Keycloak Operator CI	UNKNOWN STEP	2025-06-27T11:36:05.3646488Z http.https://github.com/.extraheader
Status Check - Keycloak Operator CI	UNKNOWN STEP	2025-06-27T11:36:05.3659497Z [command]/usr/bin/git config --local --unset-all http.https://github.com/.extraheader
Status Check - Keycloak Operator CI	UNKNOWN STEP	2025-06-27T11:36:05.3689358Z [command]/usr/bin/git submodule foreach --recursive sh -c "git config --local --name-only --get-regexp 'http\.https\:\/\/github\.com\/\.extraheader' && git config --local --unset-all 'http.https://github.com/.extraheader' || :"
Status Check - Keycloak Operator CI	UNKNOWN STEP	2025-06-27T11:36:05.4085059Z Cleaning up orphan processes
