Admin UI E2E (2, chrome)	Run Cypress	2024-10-22T16:09:29.0632855Z ##[group]Run cypress-io/github-action@v6
Admin UI E2E (2, chrome)	Run Cypress	2024-10-22T16:09:29.0633470Z with:
Admin UI E2E (2, chrome)	Run Cypress	2024-10-22T16:09:29.0633819Z   install: false
Admin UI E2E (2, chrome)	Run Cypress	2024-10-22T16:09:29.0634209Z   browser: chrome
Admin UI E2E (2, chrome)	Run Cypress	2024-10-22T16:09:29.0634664Z   wait-on: http://localhost:8080
Admin UI E2E (2, chrome)	Run Cypress	2024-10-22T16:09:29.0635223Z   working-directory: js/apps/admin-ui
Admin UI E2E (2, chrome)	Run Cypress	2024-10-22T16:09:29.0635773Z   record: false
Admin UI E2E (2, chrome)	Run Cypress	2024-10-22T16:09:29.0636181Z   publish-summary: true
Admin UI E2E (2, chrome)	Run Cypress	2024-10-22T16:09:29.0636637Z   component: false
Admin UI E2E (2, chrome)	Run Cypress	2024-10-22T16:09:29.0637023Z env:
Admin UI E2E (2, chrome)	Run Cypress	2024-10-22T16:09:29.0637597Z   MAVEN_ARGS: -B -nsu -Daether.connector.http.connectionMaxTtl=25
Admin UI E2E (2, chrome)	Run Cypress	2024-10-22T16:09:29.0638396Z   WORKSPACE: keycloak-admin-ui
Admin UI E2E (2, chrome)	Run Cypress	2024-10-22T16:09:29.0639138Z   JAVA_HOME: /opt/hostedtoolcache/Java_Temurin-Hotspot_jdk/21.0.4-7/x64
Admin UI E2E (2, chrome)	Run Cypress	2024-10-22T16:09:29.0640226Z   JAVA_HOME_21_X64: /opt/hostedtoolcache/Java_Temurin-Hotspot_jdk/21.0.4-7/x64
Admin UI E2E (2, chrome)	Run Cypress	2024-10-22T16:09:29.0641053Z   SPLIT: 5
Admin UI E2E (2, chrome)	Run Cypress	2024-10-22T16:09:29.0641418Z   SPLIT_INDEX: 1
Admin UI E2E (2, chrome)	Run Cypress	2024-10-22T16:09:29.0641817Z   SPLIT_RANDOM_SEED: 54
Admin UI E2E (2, chrome)	Run Cypress	2024-10-22T16:09:29.0642241Z ##[endgroup]
Admin UI E2E (2, chrome)	Run Cypress	2024-10-22T16:09:29.2659723Z Skipping install because install parameter is false
Admin UI E2E (2, chrome)	Run Cypress	2024-10-22T16:09:29.2691204Z waiting on "http://localhost:8080" with timeout of 60 seconds
Admin UI E2E (2, chrome)	Run Cypress	2024-10-22T16:09:48.2900848Z It looks like this is your first time using Cypress: 13.15.0
Admin UI E2E (2, chrome)	Run Cypress	2024-10-22T16:09:48.2901639Z 
Admin UI E2E (2, chrome)	Run Cypress	2024-10-22T16:09:48.2924273Z [STARTED] Task without title.
Admin UI E2E (2, chrome)	Run Cypress	2024-10-22T16:09:49.7965413Z [SUCCESS] Task without title.
Admin UI E2E (2, chrome)	Run Cypress	2024-10-22T16:09:49.7968544Z 
Admin UI E2E (2, chrome)	Run Cypress	2024-10-22T16:09:49.7968822Z Opening Cypress...
Admin UI E2E (2, chrome)	Run Cypress	2024-10-22T16:09:50.4249291Z 
Admin UI E2E (2, chrome)	Run Cypress	2024-10-22T16:09:50.4253774Z DevTools listening on ws://127.0.0.1:34513/devtools/browser/c7f23908-21cb-4101-a2aa-dace50e02c99
Admin UI E2E (2, chrome)	Run Cypress	2024-10-22T16:09:51.0206063Z (node:2660) ExperimentalWarning: `--experimental-loader` may be removed in the future; instead use `register()`:
Admin UI E2E (2, chrome)	Run Cypress	2024-10-22T16:09:51.0208264Z --import 'data:text/javascript,import { register } from "node:module"; import { pathToFileURL } from "node:url"; register("file%3A///home/runner/.cache/Cypress/13.15.0/Cypress/resources/app/node_modules/ts-node/esm/transpile-only.mjs", pathToFileURL("./"));'
Admin UI E2E (2, chrome)	Run Cypress	2024-10-22T16:09:51.0210127Z (Use `node --trace-warnings ...` to show where the warning was created)
Admin UI E2E (2, chrome)	Run Cypress	2024-10-22T16:09:55.7177428Z cypress-split: there are 37 found specs
Admin UI E2E (2, chrome)	Run Cypress	2024-10-22T16:09:55.7178708Z the first 5 specs
Admin UI E2E (2, chrome)	Run Cypress	2024-10-22T16:09:55.7180583Z - 1: /home/runner/work/keycloak/keycloak/js/apps/admin-ui/cypress/e2e/user_fed_ldap_mapper_test.spec.ts
Admin UI E2E (2, chrome)	Run Cypress	2024-10-22T16:09:55.7182783Z - 2: /home/runner/work/keycloak/keycloak/js/apps/admin-ui/cypress/e2e/user_fed_ldap_test.spec.ts
Admin UI E2E (2, chrome)	Run Cypress	2024-10-22T16:09:55.7184658Z - 3: /home/runner/work/keycloak/keycloak/js/apps/admin-ui/cypress/e2e/masthead_test.spec.ts
Admin UI E2E (2, chrome)	Run Cypress	2024-10-22T16:09:55.7186530Z - 4: /home/runner/work/keycloak/keycloak/js/apps/admin-ui/cypress/e2e/partial_import_test.spec.ts
Admin UI E2E (2, chrome)	Run Cypress	2024-10-22T16:09:55.7189058Z - 5: /home/runner/work/keycloak/keycloak/js/apps/admin-ui/cypress/e2e/users_enable_disable.spec.ts
Admin UI E2E (2, chrome)	Run Cypress	2024-10-22T16:09:55.7190298Z cypress-split: chunk 2 of 5
Admin UI E2E (2, chrome)	Run Cypress	2024-10-22T16:09:55.7195361Z k  spec                                                   
Admin UI E2E (2, chrome)	Run Cypress	2024-10-22T16:09:55.7196614Z -  -------------------------------------------------------
Admin UI E2E (2, chrome)	Run Cypress	2024-10-22T16:09:55.7197670Z 1  cypress/e2e/client_scopes_test.spec.ts                 
Admin UI E2E (2, chrome)	Run Cypress	2024-10-22T16:09:55.7198912Z 2  cypress/e2e/clients_test.spec.ts                       
Admin UI E2E (2, chrome)	Run Cypress	2024-10-22T16:09:55.7199982Z 3  cypress/e2e/authentication_policies_ciba.spec.ts       
Admin UI E2E (2, chrome)	Run Cypress	2024-10-22T16:09:55.7201046Z 4  cypress/e2e/realm_roles_test.spec.ts                   
Admin UI E2E (2, chrome)	Run Cypress	2024-10-22T16:09:55.7202097Z 5  cypress/e2e/realm_settings_client_profiles_test.spec.ts
Admin UI E2E (2, chrome)	Run Cypress	2024-10-22T16:09:55.7203169Z 6  cypress/e2e/authentication_test.spec.ts                
Admin UI E2E (2, chrome)	Run Cypress	2024-10-22T16:09:55.7204212Z 7  cypress/e2e/clients_saml_advanced.spec.ts              
Admin UI E2E (2, chrome)	Run Cypress	2024-10-22T16:09:55.7205301Z 8  cypress/e2e/realm_settings_user_profile_enabled.spec.ts
Admin UI E2E (2, chrome)	Run Cypress	2024-10-22T16:09:55.7205896Z 
Admin UI E2E (2, chrome)	Run Cypress	2024-10-22T16:09:56.4291469Z 
Admin UI E2E (2, chrome)	Run Cypress	2024-10-22T16:09:56.4617829Z [90m====================================================================================================[39m
Admin UI E2E (2, chrome)	Run Cypress	2024-10-22T16:09:56.4618890Z 
Admin UI E2E (2, chrome)	Run Cypress	2024-10-22T16:09:56.4621169Z [0m  ([4m[1mRun Starting[22m[24m)[0m
Admin UI E2E (2, chrome)	Run Cypress	2024-10-22T16:09:56.4621612Z 
Admin UI E2E (2, chrome)	Run Cypress	2024-10-22T16:09:56.4696001Z [90m  ┌[39m[90m─[39m[90m─[39m[90m─[39m[90m─[39m[90m─[39m[90m─[39m[90m─[39m[90m─[39m[90m─[39m[90m─[39m[90m─[39m[90m─[39m[90m─[39m[90m─[39m[90m─[39m[90m─[39m[90m─[39m[90m─[39m[90m─[39m[90m─[39m[90m─[39m[90m─[39m[90m─[39m[90m─[39m[90m─[39m[90m─[39m[90m─[39m[90m─[39m[90m─[39m[90m─[39m[90m─[39m[90m─[39m[90m─[39m[90m─[39m[90m─[39m[90m─[39m[90m─[39m[90m─[39m[90m─[39m[90m─[39m[90m─[39m[90m─[39m[90m─[39m[90m─[39m[90m─[39m[90m─[39m[90m─[39m[90m─[39m[90m─[39m[90m─[39m[90m─[39m[90m─[39m[90m─[39m[90m─[39m[90m─[39m[90m─[39m[90m─[39m[90m─[39m[90m─[39m[90m─[39m[90m─[39m[90m─[39m[90m─[39m[90m─[39m[90m─[39m[90m─[39m[90m─[39m[90m─[39m[90m─[39m[90m─[39m[90m─[39m[90m─[39m[90m─[39m[90m─[39m[90m─[39m[90m─[39m[90m─[39m[90m─[39m[90m─[39m[90m─[39m[90m─[39m[90m─[39m[90m─[39m[90m─[39m[90m─[39m[90m─[39m[90m─[39m[90m─[39m[90m─[39m[90m─[39m[90m─[39m[90m─[39m[90m─[39m[90m─[39m[90m─[39m[90m─[39m[90m┐[39m
Admin UI E2E (2, chrome)	Run Cypress	2024-10-22T16:09:56.4703750Z [90m  │[39m [90mCypress:[39m        13.15.0                                                                        [90m│[39m
Admin UI E2E (2, chrome)	Run Cypress	2024-10-22T16:09:56.4705748Z [90m  │[39m [90mBrowser:[39m        Chrome 130 [90m(headless)[39m                                                          [90m│[39m
Admin UI E2E (2, chrome)	Run Cypress	2024-10-22T16:09:56.4708183Z [90m  │[39m [90mNode Version:[39m   [0mv20.13.1 [90m(/home/runner/runners/2.320.0/externals/node20/bin/node)[39m[0m              [90m│[39m
Admin UI E2E (2, chrome)	Run Cypress	2024-10-22T16:09:56.4710042Z [90m  │[39m [90mSpecs:[39m          [0m8 found (client_scopes_test.spec.ts, clients_test.spec.ts, authentication_poli[0m [90m│[39m
Admin UI E2E (2, chrome)	Run Cypress	2024-10-22T16:09:56.4711215Z [90m  │[39m                 [0mcies_ciba.spec.ts, realm_roles_test.spec.ts, realm_settings_client_profiles_te[0m [90m│[39m
Admin UI E2E (2, chrome)	Run Cypress	2024-10-22T16:09:56.4712309Z [90m  │[39m                 [0mst.spec.ts, authentication_test.spec.ts, clients_saml_advanced.spec.ts, realm_[0m [90m│[39m
Admin UI E2E (2, chrome)	Run Cypress	2024-10-22T16:09:56.4713296Z [90m  │[39m                 [0msettings_user_profile_...)[0m                                                     [90m│[39m
Admin UI E2E (2, chrome)	Run Cypress	2024-10-22T16:09:56.4714387Z [90m  │[39m [90mSearched:[39m       [0mcypress/e2e/client_scopes_test.spec.ts, cypress/e2e/clients_test.spec.ts, cypr[0m [90m│[39m
Admin UI E2E (2, chrome)	Run Cypress	2024-10-22T16:09:56.4715568Z [90m  │[39m                 [0mess/e2e/authentication_policies_ciba.spec.ts, cypress/e2e/realm_roles_test.spe[0m [90m│[39m
Admin UI E2E (2, chrome)	Run Cypress	2024-10-22T16:09:56.4716651Z [90m  │[39m                 [0mc.ts, cypress/e2e/realm_settings_client_profiles_test.spec.ts, cypress/e2e/aut[0m [90m│[39m
Admin UI E2E (2, chrome)	Run Cypress	2024-10-22T16:09:56.4717990Z [90m  │[39m                 [0mhentication_test.spec.ts, cypress/e2e/clients_saml_advanced.spec.ts, cypress/e[0m [90m│[39m
Admin UI E2E (2, chrome)	Run Cypress	2024-10-22T16:09:56.4719044Z [90m  │[39m                 [0m2e/realm_settings_user_profile_enabled.spec.ts[0m                                 [90m│[39m
Admin UI E2E (2, chrome)	Run Cypress	2024-10-22T16:09:56.4720138Z [90m  │[39m [90mExperiments:[39m    experimentalMemoryManagement=true                                              [90m│[39m
Admin UI E2E (2, chrome)	Run Cypress	2024-10-22T16:09:56.4725392Z [90m  └[39m[90m─[39m[90m─[39m[90m─[39m[90m─[39m[90m─[39m[90m─[39m[90m─[39m[90m─[39m[90m─[39m[90m─[39m[90m─[39m[90m─[39m[90m─[39m[90m─[39m[90m─[39m[90m─[39m[90m─[39m[90m─[39m[90m─[39m[90m─[39m[90m─[39m[90m─[39m[90m─[39m[90m─[39m[90m─[39m[90m─[39m[90m─[39m[90m─[39m[90m─[39m[90m─[39m[90m─[39m[90m─[39m[90m─[39m[90m─[39m[90m─[39m[90m─[39m[90m─[39m[90m─[39m[90m─[39m[90m─[39m[90m─[39m[90m─[39m[90m─[39m[90m─[39m[90m─[39m[90m─[39m[90m─[39m[90m─[39m[90m─[39m[90m─[39m[90m─[39m[90m─[39m[90m─[39m[90m─[39m[90m─[39m[90m─[39m[90m─[39m[90m─[39m[90m─[39m[90m─[39m[90m─[39m[90m─[39m[90m─[39m[90m─[39m[90m─[39m[90m─[39m[90m─[39m[90m─[39m[90m─[39m[90m─[39m[90m─[39m[90m─[39m[90m─[39m[90m─[39m[90m─[39m[90m─[39m[90m─[39m[90m─[39m[90m─[39m[90m─[39m[90m─[39m[90m─[39m[90m─[39m[90m─[39m[90m─[39m[90m─[39m[90m─[39m[90m─[39m[90m─[39m[90m─[39m[90m─[39m[90m─[39m[90m─[39m[90m─[39m[90m─[39m[90m─[39m[90m┘[39m
Admin UI E2E (2, chrome)	Run Cypress	2024-10-22T16:09:56.4728750Z 
Admin UI E2E (2, chrome)	Run Cypress	2024-10-22T16:09:56.4728760Z 
Admin UI E2E (2, chrome)	Run Cypress	2024-10-22T16:09:56.4734873Z [90m─[39m[90m─[39m[90m─[39m[90m─[39m[90m─[39m[90m─[39m[90m─[39m[90m─[39m[90m─[39m[90m─[39m[90m─[39m[90m─[39m[90m─[39m[90m─[39m[90m─[39m[90m─[39m[90m─[39m[90m─[39m[90m─[39m[90m─[39m[90m─[39m[90m─[39m[90m─[39m[90m─[39m[90m─[39m[90m─[39m[90m─[39m[90m─[39m[90m─[39m[90m─[39m[90m─[39m[90m─[39m[90m─[39m[90m─[39m[90m─[39m[90m─[39m[90m─[39m[90m─[39m[90m─[39m[90m─[39m[90m─[39m[90m─[39m[90m─[39m[90m─[39m[90m─[39m[90m─[39m[90m─[39m[90m─[39m[90m─[39m[90m─[39m[90m─[39m[90m─[39m[90m─[39m[90m─[39m[90m─[39m[90m─[39m[90m─[39m[90m─[39m[90m─[39m[90m─[39m[90m─[39m[90m─[39m[90m─[39m[90m─[39m[90m─[39m[90m─[39m[90m─[39m[90m─[39m[90m─[39m[90m─[39m[90m─[39m[90m─[39m[90m─[39m[90m─[39m[90m─[39m[90m─[39m[90m─[39m[90m─[39m[90m─[39m[90m─[39m[90m─[39m[90m─[39m[90m─[39m[90m─[39m[90m─[39m[90m─[39m[90m─[39m[90m─[39m[90m─[39m[90m─[39m[90m─[39m[90m─[39m[90m─[39m[90m─[39m[90m─[39m[90m─[39m[90m─[39m[90m─[39m[90m─[39m[90m─[39m
Admin UI E2E (2, chrome)	Run Cypress	2024-10-22T16:09:56.4738278Z                                                                                                     
Admin UI E2E (2, chrome)	Run Cypress	2024-10-22T16:09:56.4739065Z   Running:  [90mclient_scopes_test.spec.ts[39m                                                      [90m(1 of 8)[39m
Admin UI E2E (2, chrome)	Run Cypress	2024-10-22T16:10:07.8117095Z 
Admin UI E2E (2, chrome)	Run Cypress	2024-10-22T16:10:07.8120389Z [0m[0m
Admin UI E2E (2, chrome)	Run Cypress	2024-10-22T16:10:07.8191729Z [0m  Client Scopes test[0m
Admin UI E2E (2, chrome)	Run Cypress	2024-10-22T16:10:09.5631225Z [0m    Client Scope filter list items[0m
Admin UI E2E (2, chrome)	Run Cypress	2024-10-22T16:10:17.4740456Z     [32m  ✓[0m[90m should filter item by name[0m[90m (9602ms)[0m
Admin UI E2E (2, chrome)	Run Cypress	2024-10-22T16:10:19.7428180Z     [32m  ✓[0m[90m should filter items by Assigned type All types[0m[90m (2202ms)[0m
Admin UI E2E (2, chrome)	Run Cypress	2024-10-22T16:10:21.5912154Z     [32m  ✓[0m[90m should filter items by Assigned type Default[0m[90m (1808ms)[0m
Admin UI E2E (2, chrome)	Run Cypress	2024-10-22T16:10:23.3385105Z     [32m  ✓[0m[90m should filter items by Assigned type Optional[0m[90m (1713ms)[0m
Admin UI E2E (2, chrome)	Run Cypress	2024-10-22T16:10:25.1033014Z     [32m  ✓[0m[90m should filter items by Protocol All[0m[90m (1735ms)[0m
Admin UI E2E (2, chrome)	Run Cypress	2024-10-22T16:10:26.8198356Z     [32m  ✓[0m[90m should filter items by Protocol SAML[0m[90m (1676ms)[0m
Admin UI E2E (2, chrome)	Run Cypress	2024-10-22T16:10:28.5955200Z     [32m  ✓[0m[90m should filter items by Protocol OpenID[0m[90m (1743ms)[0m
Admin UI E2E (2, chrome)	Run Cypress	2024-10-22T16:10:30.0943088Z     [32m  ✓[0m[90m should show items on next page are more than 11[0m[90m (1460ms)[0m
Admin UI E2E (2, chrome)	Run Cypress	2024-10-22T16:10:30.1071009Z [0m    Client Scope modify list items[0m
Admin UI E2E (2, chrome)	Run Cypress	2024-10-22T16:10:31.7501514Z     [32m  ✓[0m[90m should modify selected item type to Default from search bar[0m[90m (1618ms)[0m
Admin UI E2E (2, chrome)	Run Cypress	2024-10-22T16:10:33.8281858Z     [32m  ✓[0m[90m should modify selected item type to Optional from search bar[0m[90m (2036ms)[0m
Admin UI E2E (2, chrome)	Run Cypress	2024-10-22T16:10:40.3445264Z     [32m  ✓[0m[90m should modify item client-scope-test0 AssignedType to Default from item bar[0m[90m (6398ms)[0m
Admin UI E2E (2, chrome)	Run Cypress	2024-10-22T16:10:45.3265067Z     [32m  ✓[0m[90m should modify item client-scope-test0 AssignedType to Optional from item bar[0m[90m (4899ms)[0m
Admin UI E2E (2, chrome)	Run Cypress	2024-10-22T16:10:50.0238200Z     [32m  ✓[0m[90m should modify item client-scope-test0 AssignedType to None from item bar[0m[90m (4613ms)[0m
Admin UI E2E (2, chrome)	Run Cypress	2024-10-22T16:10:52.2007596Z     [32m  ✓[0m[90m should not allow to modify item AssignedType from search bar when no item selected[0m[90m (2133ms)[0m
Admin UI E2E (2, chrome)	Run Cypress	2024-10-22T16:10:52.2149330Z [0m    Client Scope delete list items [0m
Admin UI E2E (2, chrome)	Run Cypress	2024-10-22T16:10:54.0044485Z     [32m  ✓[0m[90m should delete item from item bar[0m[90m (1770ms)[0m
Admin UI E2E (2, chrome)	Run Cypress	2024-10-22T16:10:55.6693310Z     [32m  ✓[0m[90m should delete selected item from search bar[0m[90m (1632ms)[0m
Admin UI E2E (2, chrome)	Run Cypress	2024-10-22T16:10:57.6333155Z     [32m  ✓[0m[90m should delete multiple selected items from search bar[0m[90m (1909ms)[0m
Admin UI E2E (2, chrome)	Run Cypress	2024-10-22T16:10:57.6449832Z [0m    Client Scope creation[0m
Admin UI E2E (2, chrome)	Run Cypress	2024-10-22T16:10:59.5723548Z     [32m  ✓[0m[90m should fail creating client scope[0m[90m (1909ms)[0m
Admin UI E2E (2, chrome)	Run Cypress	2024-10-22T16:11:01.0567055Z     [32m  ✓[0m[90m hides 'consent text' field when 'display consent' switch is disabled[0m[90m (1451ms)[0m
Admin UI E2E (2, chrome)	Run Cypress	2024-10-22T16:11:04.9556646Z     [32m  ✓[0m[90m Client scope CRUD test[0m[90m (3862ms)[0m
Admin UI E2E (2, chrome)	Run Cypress	2024-10-22T16:11:04.9687135Z [0m    Scope tab test[0m
Admin UI E2E (2, chrome)	Run Cypress	2024-10-22T16:11:07.5737671Z     [32m  ✓[0m[90m Assign and unassign role[0m[90m (2578ms)[0m
Admin UI E2E (2, chrome)	Run Cypress	2024-10-22T16:11:07.5867239Z [0m    Mappers tab test[0m
Admin UI E2E (2, chrome)	Run Cypress	2024-10-22T16:11:15.9109639Z     [32m  ✓[0m[90m CRUD mappers[0m[90m (8293ms)[0m
Admin UI E2E (2, chrome)	Run Cypress	2024-10-22T16:11:15.9278243Z [0m    Accessibility tests for client scopes[0m
Admin UI E2E (2, chrome)	Run Cypress	2024-10-22T16:11:17.5281537Z     [32m  ✓[0m[90m Check a11y violations on load/ client scopes[0m[90m (1592ms)[0m
Admin UI E2E (2, chrome)	Run Cypress	2024-10-22T16:11:19.2029689Z     [32m  ✓[0m[90m Check a11y violations on empty client scope[0m[90m (1629ms)[0m
Admin UI E2E (2, chrome)	Run Cypress	2024-10-22T16:11:25.8998077Z     [32m  ✓[0m[90m Check a11y violations on client scope details[0m[90m (5815ms)[0m
Admin UI E2E (2, chrome)	Run Cypress	2024-10-22T16:11:25.9004044Z 
Admin UI E2E (2, chrome)	Run Cypress	2024-10-22T16:11:25.9200551Z 
Admin UI E2E (2, chrome)	Run Cypress	2024-10-22T16:11:25.9205773Z [92m [0m[32m 25 passing[0m[90m (1m)[0m
Admin UI E2E (2, chrome)	Run Cypress	2024-10-22T16:11:25.9208186Z 
Admin UI E2E (2, chrome)	Run Cypress	2024-10-22T16:11:26.9395581Z 
Admin UI E2E (2, chrome)	Run Cypress	2024-10-22T16:11:26.9396869Z [32m  ([4m[1mResults[22m[24m)[39m
Admin UI E2E (2, chrome)	Run Cypress	2024-10-22T16:11:26.9414655Z 
Admin UI E2E (2, chrome)	Run Cypress	2024-10-22T16:11:26.9431123Z [90m  ┌[39m[90m─[39m[90m─[39m[90m─[39m[90m─[39m[90m─[39m[90m─[39m[90m─[39m[90m─[39m[90m─[39m[90m─[39m[90m─[39m[90m─[39m[90m─[39m[90m─[39m[90m─[39m[90m─[39m[90m─[39m[90m─[39m[90m─[39m[90m─[39m[90m─[39m[90m─[39m[90m─[39m[90m─[39m[90m─[39m[90m─[39m[90m─[39m[90m─[39m[90m─[39m[90m─[39m[90m─[39m[90m─[39m[90m─[39m[90m─[39m[90m─[39m[90m─[39m[90m─[39m[90m─[39m[90m─[39m[90m─[39m[90m─[39m[90m─[39m[90m─[39m[90m─[39m[90m─[39m[90m─[39m[90m─[39m[90m─[39m[90m─[39m[90m─[39m[90m─[39m[90m─[39m[90m─[39m[90m─[39m[90m─[39m[90m─[39m[90m─[39m[90m─[39m[90m─[39m[90m─[39m[90m─[39m[90m─[39m[90m─[39m[90m─[39m[90m─[39m[90m─[39m[90m─[39m[90m─[39m[90m─[39m[90m─[39m[90m─[39m[90m─[39m[90m─[39m[90m─[39m[90m─[39m[90m─[39m[90m─[39m[90m─[39m[90m─[39m[90m─[39m[90m─[39m[90m─[39m[90m─[39m[90m─[39m[90m─[39m[90m─[39m[90m─[39m[90m─[39m[90m─[39m[90m─[39m[90m─[39m[90m─[39m[90m─[39m[90m─[39m[90m─[39m[90m─[39m[90m┐[39m
Admin UI E2E (2, chrome)	Run Cypress	2024-10-22T16:11:26.9437885Z [90m  │[39m [90mTests:[39m        [32m25[39m                                                                               [90m│[39m
Admin UI E2E (2, chrome)	Run Cypress	2024-10-22T16:11:26.9439419Z [90m  │[39m [90mPassing:[39m      [32m25[39m                                                                               [90m│[39m
Admin UI E2E (2, chrome)	Run Cypress	2024-10-22T16:11:26.9441005Z [90m  │[39m [90mFailing:[39m      [32m0[39m                                                                                [90m│[39m
Admin UI E2E (2, chrome)	Run Cypress	2024-10-22T16:11:26.9442591Z [90m  │[39m [90mPending:[39m      [32m0[39m                                                                                [90m│[39m
Admin UI E2E (2, chrome)	Run Cypress	2024-10-22T16:11:26.9444263Z [90m  │[39m [90mSkipped:[39m      [32m0[39m                                                                                [90m│[39m
Admin UI E2E (2, chrome)	Run Cypress	2024-10-22T16:11:26.9446053Z [90m  │[39m [90mScreenshots:[39m  [32m0[39m                                                                                [90m│[39m
Admin UI E2E (2, chrome)	Run Cypress	2024-10-22T16:11:26.9447743Z [90m  │[39m [90mVideo:[39m        [32mfalse[39m                                                                            [90m│[39m
Admin UI E2E (2, chrome)	Run Cypress	2024-10-22T16:11:26.9449589Z [90m  │[39m [90mDuration:[39m     [32m1 minute, 18 seconds[39m                                                             [90m│[39m
Admin UI E2E (2, chrome)	Run Cypress	2024-10-22T16:11:26.9452247Z [90m  │[39m [90mSpec Ran:[39m     [32m[32mclient_scopes_test.spec.ts[32m[39m                                                       [90m│[39m
Admin UI E2E (2, chrome)	Run Cypress	2024-10-22T16:11:26.9461201Z [90m  └[39m[90m─[39m[90m─[39m[90m─[39m[90m─[39m[90m─[39m[90m─[39m[90m─[39m[90m─[39m[90m─[39m[90m─[39m[90m─[39m[90m─[39m[90m─[39m[90m─[39m[90m─[39m[90m─[39m[90m─[39m[90m─[39m[90m─[39m[90m─[39m[90m─[39m[90m─[39m[90m─[39m[90m─[39m[90m─[39m[90m─[39m[90m─[39m[90m─[39m[90m─[39m[90m─[39m[90m─[39m[90m─[39m[90m─[39m[90m─[39m[90m─[39m[90m─[39m[90m─[39m[90m─[39m[90m─[39m[90m─[39m[90m─[39m[90m─[39m[90m─[39m[90m─[39m[90m─[39m[90m─[39m[90m─[39m[90m─[39m[90m─[39m[90m─[39m[90m─[39m[90m─[39m[90m─[39m[90m─[39m[90m─[39m[90m─[39m[90m─[39m[90m─[39m[90m─[39m[90m─[39m[90m─[39m[90m─[39m[90m─[39m[90m─[39m[90m─[39m[90m─[39m[90m─[39m[90m─[39m[90m─[39m[90m─[39m[90m─[39m[90m─[39m[90m─[39m[90m─[39m[90m─[39m[90m─[39m[90m─[39m[90m─[39m[90m─[39m[90m─[39m[90m─[39m[90m─[39m[90m─[39m[90m─[39m[90m─[39m[90m─[39m[90m─[39m[90m─[39m[90m─[39m[90m─[39m[90m─[39m[90m─[39m[90m─[39m[90m─[39m[90m─[39m[90m─[39m[90m┘[39m
Admin UI E2E (2, chrome)	Run Cypress	2024-10-22T16:11:26.9467246Z 
Admin UI E2E (2, chrome)	Run Cypress	2024-10-22T16:11:26.9844908Z 
Admin UI E2E (2, chrome)	Run Cypress	2024-10-22T16:11:26.9857297Z [90m─[39m[90m─[39m[90m─[39m[90m─[39m[90m─[39m[90m─[39m[90m─[39m[90m─[39m[90m─[39m[90m─[39m[90m─[39m[90m─[39m[90m─[39m[90m─[39m[90m─[39m[90m─[39m[90m─[39m[90m─[39m[90m─[39m[90m─[39m[90m─[39m[90m─[39m[90m─[39m[90m─[39m[90m─[39m[90m─[39m[90m─[39m[90m─[39m[90m─[39m[90m─[39m[90m─[39m[90m─[39m[90m─[39m[90m─[39m[90m─[39m[90m─[39m[90m─[39m[90m─[39m[90m─[39m[90m─[39m[90m─[39m[90m─[39m[90m─[39m[90m─[39m[90m─[39m[90m─[39m[90m─[39m[90m─[39m[90m─[39m[90m─[39m[90m─[39m[90m─[39m[90m─[39m[90m─[39m[90m─[39m[90m─[39m[90m─[39m[90m─[39m[90m─[39m[90m─[39m[90m─[39m[90m─[39m[90m─[39m[90m─[39m[90m─[39m[90m─[39m[90m─[39m[90m─[39m[90m─[39m[90m─[39m[90m─[39m[90m─[39m[90m─[39m[90m─[39m[90m─[39m[90m─[39m[90m─[39m[90m─[39m[90m─[39m[90m─[39m[90m─[39m[90m─[39m[90m─[39m[90m─[39m[90m─[39m[90m─[39m[90m─[39m[90m─[39m[90m─[39m[90m─[39m[90m─[39m[90m─[39m[90m─[39m[90m─[39m[90m─[39m[90m─[39m[90m─[39m[90m─[39m[90m─[39m[90m─[39m
Admin UI E2E (2, chrome)	Run Cypress	2024-10-22T16:11:26.9862211Z                                                                                                     
Admin UI E2E (2, chrome)	Run Cypress	2024-10-22T16:11:26.9863659Z   Running:  [90mclients_test.spec.ts[39m                                                            [90m(2 of 8)[39m
Admin UI E2E (2, chrome)	Run Cypress	2024-10-22T16:11:31.6318743Z 
Admin UI E2E (2, chrome)	Run Cypress	2024-10-22T16:11:31.6319870Z [0m[0m
Admin UI E2E (2, chrome)	Run Cypress	2024-10-22T16:11:31.6448109Z [0m  Clients test[0m
Admin UI E2E (2, chrome)	Run Cypress	2024-10-22T16:11:33.1955887Z [0m    Client details - Client scopes subtab[0m
Admin UI E2E (2, chrome)	Run Cypress	2024-10-22T16:11:44.6315844Z     [32m  ✓[0m[90m Should check temporary admin service label (non)existence[0m[90m (12894ms)[0m
Admin UI E2E (2, chrome)	Run Cypress	2024-10-22T16:11:47.4301406Z     [32m  ✓[0m[90m Should list client scopes[0m[90m (2742ms)[0m
Admin UI E2E (2, chrome)	Run Cypress	2024-10-22T16:11:50.7274915Z     [32m  ✓[0m[90m Should search existing client scope by name[0m[90m (3261ms)[0m
Admin UI E2E (2, chrome)	Run Cypress	2024-10-22T16:11:53.8259804Z     [32m  ✓[0m[90m Should search non-existent client scope by name[0m[90m (3056ms)[0m
Admin UI E2E (2, chrome)	Run Cypress	2024-10-22T16:11:57.3500254Z     [32m  ✓[0m[90m Should search existing client scope by assigned type[0m[90m (3475ms)[0m
Admin UI E2E (2, chrome)	Run Cypress	2024-10-22T16:12:01.3452987Z     [32m  ✓[0m[90m Should add client scope client-scope-test-optional-type with Optional assigned type[0m[90m (3957ms)[0m
Admin UI E2E (2, chrome)	Run Cypress	2024-10-22T16:12:05.2533032Z     [32m  ✓[0m[90m Should add client scope client-scope-test-default-type with Default assigned type[0m[90m (3872ms)[0m
Admin UI E2E (2, chrome)	Run Cypress	2024-10-22T16:12:09.3746709Z     [32m  ✓[0m[90m Should change item client-scope-test0 AssignedType to Optional from search bar[0m[90m (4078ms)[0m
Admin UI E2E (2, chrome)	Run Cypress	2024-10-22T16:12:13.7941223Z     [32m  ✓[0m[90m Should change item client-scope-test0 AssignedType to Default from search bar[0m[90m (4378ms)[0m
Admin UI E2E (2, chrome)	Run Cypress	2024-10-22T16:12:16.7631127Z     [32m  ✓[0m[90m Should show items on next page are more than 11[0m[90m (2904ms)[0m
Admin UI E2E (2, chrome)	Run Cypress	2024-10-22T16:12:20.9233562Z     [32m  ✓[0m[90m Should remove client scope from item bar[0m[90m (4112ms)[0m
Admin UI E2E (2, chrome)	Run Cypress	2024-10-22T16:12:29.3134284Z     [32m  ✓[0m[90m Should remove multiple client scopes from search bar[0m[90m (8326ms)[0m
Admin UI E2E (2, chrome)	Run Cypress	2024-10-22T16:12:33.1875744Z     [31m  1) "after all" hook for "Should show initial items after filtering"[0m
Admin UI E2E (2, chrome)	Run Cypress	2024-10-22T16:12:33.2450851Z [0m    Client scopes evaluate subtab[0m
Admin UI E2E (2, chrome)	Run Cypress	2024-10-22T16:12:36.1917019Z     [32m  ✓[0m[90m check effective protocol mappers list is not empty and find effective protocol mapper locale[0m[90m (2861ms)[0m
Admin UI E2E (2, chrome)	Run Cypress	2024-10-22T16:12:38.7023753Z     [32m  ✓[0m[90m check role scope mappings list list is not empty and find role scope mapping admin[0m[90m (2459ms)[0m
Admin UI E2E (2, chrome)	Run Cypress	2024-10-22T16:12:42.1081364Z     [32m  ✓[0m[90m check generated id token and user info[0m[90m (3190ms)[0m
Admin UI E2E (2, chrome)	Run Cypress	2024-10-22T16:12:42.1165061Z [0m    Client creation[0m
Admin UI E2E (2, chrome)	Run Cypress	2024-10-22T16:12:44.1057206Z     [32m  ✓[0m[90m Should cancel creating client[0m[90m (1951ms)[0m
Admin UI E2E (2, chrome)	Run Cypress	2024-10-22T16:12:48.5039662Z     [32m  ✓[0m[90m Should check settings elements[0m[90m (4339ms)[0m
Admin UI E2E (2, chrome)	Run Cypress	2024-10-22T16:12:50.8531159Z     [32m  ✓[0m[90m Should navigate to previous using 'back' button[0m[90m (2298ms)[0m
Admin UI E2E (2, chrome)	Run Cypress	2024-10-22T16:12:53.3732765Z     [32m  ✓[0m[90m Should fail creating client[0m[90m (2478ms)[0m
Admin UI E2E (2, chrome)	Run Cypress	2024-10-22T16:12:59.0451962Z     [32m  ✓[0m[90m Client CRUD test[0m[90m (5627ms)[0m
Admin UI E2E (2, chrome)	Run Cypress	2024-10-22T16:13:00.9679402Z     [32m  ✓[0m[90m Initial access token can't be created with 0 days and count[0m[90m (1881ms)[0m
Admin UI E2E (2, chrome)	Run Cypress	2024-10-22T16:13:05.6479200Z     [32m  ✓[0m[90m Initial access token[0m[90m (4631ms)[0m
Admin UI E2E (2, chrome)	Run Cypress	2024-10-22T16:13:07.3926572Z     [32m  ✓[0m[90m Should fail to create imported client with empty ID[0m[90m (1698ms)[0m
Admin UI E2E (2, chrome)	Run Cypress	2024-10-22T16:13:11.6704056Z     [32m  ✓[0m[90m Should fail to create client with same ID[0m[90m (4235ms)[0m
Admin UI E2E (2, chrome)	Run Cypress	2024-10-22T16:13:13.2392877Z     [32m  ✓[0m[90m should delete 'identical' client id[0m[90m (1504ms)[0m
Admin UI E2E (2, chrome)	Run Cypress	2024-10-22T16:13:13.2554512Z [0m    Roles tab test[0m
Admin UI E2E (2, chrome)	Run Cypress	2024-10-22T16:13:16.5182326Z     [32m  ✓[0m[90m Should fail to create client role with empty name[0m[90m (3221ms)[0m
Admin UI E2E (2, chrome)	Run Cypress	2024-10-22T16:13:20.3507981Z     [32m  ✓[0m[90m Should create client role[0m[90m (3784ms)[0m
Admin UI E2E (2, chrome)	Run Cypress	2024-10-22T16:13:24.7629814Z     [32m  ✓[0m[90m Should update client role description[0m[90m (4356ms)[0m
Admin UI E2E (2, chrome)	Run Cypress	2024-10-22T16:13:30.2686412Z     [32m  ✓[0m[90m Should add attribute to client role[0m[90m (5444ms)[0m
Admin UI E2E (2, chrome)	Run Cypress	2024-10-22T16:13:33.4767221Z     [32m  ✓[0m[90m Should delete attribute from client role[0m[90m (3146ms)[0m
Admin UI E2E (2, chrome)	Run Cypress	2024-10-22T16:13:37.0353618Z     [32m  ✓[0m[90m Should create client role to be deleted[0m[90m (3515ms)[0m
Admin UI E2E (2, chrome)	Run Cypress	2024-10-22T16:13:40.7799005Z     [32m  ✓[0m[90m Should fail to create duplicate client role[0m[90m (3696ms)[0m
Admin UI E2E (2, chrome)	Run Cypress	2024-10-22T16:13:44.4163161Z     [32m  ✓[0m[90m Should search existing client role[0m[90m (3594ms)[0m
Admin UI E2E (2, chrome)	Run Cypress	2024-10-22T16:13:47.4522845Z     [32m  ✓[0m[90m Should search non-existing role test[0m[90m (2988ms)[0m
Admin UI E2E (2, chrome)	Run Cypress	2024-10-22T16:13:50.4807002Z     [32m  ✓[0m[90m roles empty search test[0m[90m (2978ms)[0m
Admin UI E2E (2, chrome)	Run Cypress	2024-10-22T16:13:55.9313122Z     [32m  ✓[0m[90m Add associated roles test[0m[90m (5399ms)[0m
Admin UI E2E (2, chrome)	Run Cypress	2024-10-22T16:13:59.6446813Z     [32m  ✓[0m[90m Should hide inherited roles test[0m[90m (3658ms)[0m
Admin UI E2E (2, chrome)	Run Cypress	2024-10-22T16:14:03.9363804Z     [32m  ✓[0m[90m Should delete associated roles test[0m[90m (4246ms)[0m
Admin UI E2E (2, chrome)	Run Cypress	2024-10-22T16:14:07.9507264Z     [32m  ✓[0m[90m Should delete associated role from search bar test[0m[90m (3960ms)[0m
Admin UI E2E (2, chrome)	Run Cypress	2024-10-22T16:14:10.9486753Z     [32m  ✓[0m[90m Should delete client role test[0m[90m (2916ms)[0m
Admin UI E2E (2, chrome)	Run Cypress	2024-10-22T16:14:14.9759474Z     [32m  ✓[0m[90m Should delete client role from role details test[0m[90m (3712ms)[0m
Admin UI E2E (2, chrome)	Run Cypress	2024-10-22T16:14:14.9880734Z [0m    Advanced tab test[0m
Admin UI E2E (2, chrome)	Run Cypress	2024-10-22T16:14:19.1406611Z     [32m  ✓[0m[90m Clustering[0m[90m (3920ms)[0m
Admin UI E2E (2, chrome)	Run Cypress	2024-10-22T16:14:22.9431636Z     [32m  ✓[0m[90m Fine grain OpenID connect configuration[0m[90m (3603ms)[0m
Admin UI E2E (2, chrome)	Run Cypress	2024-10-22T16:14:26.9826037Z     [32m  ✓[0m[90m OIDC Compatibility Modes configuration[0m[90m (3871ms)[0m
Admin UI E2E (2, chrome)	Run Cypress	2024-10-22T16:14:33.5596528Z     [32m  ✓[0m[90m Client Offline Session Max[0m[90m (6388ms)[0m
Admin UI E2E (2, chrome)	Run Cypress	2024-10-22T16:14:38.0185946Z     [32m  ✓[0m[90m Advanced settings[0m[90m (4282ms)[0m
Admin UI E2E (2, chrome)	Run Cypress	2024-10-22T16:14:42.7930713Z     [32m  ✓[0m[90m Authentication flow override[0m[90m (4601ms)[0m
Admin UI E2E (2, chrome)	Run Cypress	2024-10-22T16:14:42.8064569Z [0m    Service account tab test[0m
Admin UI E2E (2, chrome)	Run Cypress	2024-10-22T16:14:46.5628827Z     [32m  ✓[0m[90m List[0m[90m (3711ms)[0m
Admin UI E2E (2, chrome)	Run Cypress	2024-10-22T16:14:51.1854041Z     [32m  ✓[0m[90m Assign[0m[90m (4294ms)[0m
Admin UI E2E (2, chrome)	Run Cypress	2024-10-22T16:14:51.1935568Z [0m    Mapping tab[0m
Admin UI E2E (2, chrome)	Run Cypress	2024-10-22T16:14:54.4864982Z     [32m  ✓[0m[90m Add mapping to openid client[0m[90m (3088ms)[0m
Admin UI E2E (2, chrome)	Run Cypress	2024-10-22T16:14:54.5032356Z [0m    Keys tab test[0m
Admin UI E2E (2, chrome)	Run Cypress	2024-10-22T16:14:58.2092907Z     [32m  ✓[0m[90m Generate new keys[0m[90m (3482ms)[0m
Admin UI E2E (2, chrome)	Run Cypress	2024-10-22T16:14:58.2261609Z [0m    Realm client[0m
Admin UI E2E (2, chrome)	Run Cypress	2024-10-22T16:15:02.9256951Z     [32m  ✓[0m[90m Displays the correct tabs[0m[90m (4492ms)[0m
Admin UI E2E (2, chrome)	Run Cypress	2024-10-22T16:15:05.4106544Z     [32m  ✓[0m[90m Hides the delete action[0m[90m (2425ms)[0m
Admin UI E2E (2, chrome)	Run Cypress	2024-10-22T16:15:05.4226551Z [0m    ***
Admin UI E2E (2, chrome)	Run Cypress	2024-10-22T16:15:07.6899775Z     [32m  ✓[0m[90m Shows an explainer text for bearer only clients[0m[90m (2240ms)[0m
Admin UI E2E (2, chrome)	Run Cypress	2024-10-22T16:15:09.9125446Z     [32m  ✓[0m[90m Hides the capability config section[0m[90m (2046ms)[0m
Admin UI E2E (2, chrome)	Run Cypress	2024-10-22T16:15:09.9236764Z [0m    Generated home URLs for built-in clients[0m
Admin UI E2E (2, chrome)	Run Cypress	2024-10-22T16:15:11.4064838Z     [32m  ✓[0m[90m Check account-console Home URL[0m[90m (1454ms)[0m
Admin UI E2E (2, chrome)	Run Cypress	2024-10-22T16:15:12.7999249Z     [32m  ✓[0m[90m Check security-admin-console Home URL[0m[90m (1341ms)[0m
Admin UI E2E (2, chrome)	Run Cypress	2024-10-22T16:15:12.8103761Z [0m    Accessibility tests for clients[0m
Admin UI E2E (2, chrome)	Run Cypress	2024-10-22T16:15:14.4965026Z     [32m  ✓[0m[90m Check a11y violations on load/ clients list tab[0m[90m (1656ms)[0m
Admin UI E2E (2, chrome)	Run Cypress	2024-10-22T16:15:17.1191922Z     [32m  ✓[0m[90m Check a11y violations on create client page[0m[90m (2588ms)[0m
Admin UI E2E (2, chrome)	Run Cypress	2024-10-22T16:15:24.0607050Z     [32m  ✓[0m[90m Check a11y violations on client details page[0m[90m (6904ms)[0m
Admin UI E2E (2, chrome)	Run Cypress	2024-10-22T16:15:26.3901349Z     [32m  ✓[0m[90m Check a11y violations in delete dialog[0m[90m (2288ms)[0m
Admin UI E2E (2, chrome)	Run Cypress	2024-10-22T16:15:28.3857245Z     [32m  ✓[0m[90m Check a11y violations on import client[0m[90m (1811ms)[0m
Admin UI E2E (2, chrome)	Run Cypress	2024-10-22T16:15:30.0635888Z     [32m  ✓[0m[90m Check a11y violations on initial access token[0m[90m (1633ms)[0m
Admin UI E2E (2, chrome)	Run Cypress	2024-10-22T16:15:31.8715611Z     [32m  ✓[0m[90m Check a11y violations on client registration/ anonymous access policies tab[0m[90m (1769ms)[0m
Admin UI E2E (2, chrome)	Run Cypress	2024-10-22T16:15:34.5306602Z     [32m  ✓[0m[90m Check a11y violations on client registration/ authenticated access policies tab[0m[90m (1852ms)[0m
Admin UI E2E (2, chrome)	Run Cypress	2024-10-22T16:15:34.5308177Z 
Admin UI E2E (2, chrome)	Run Cypress	2024-10-22T16:15:34.5553198Z 
Admin UI E2E (2, chrome)	Run Cypress	2024-10-22T16:15:34.5555481Z [92m [0m[32m 65 passing[0m[90m (4m)[0m
Admin UI E2E (2, chrome)	Run Cypress	2024-10-22T16:15:34.5556583Z [31m  1 failing[0m
Admin UI E2E (2, chrome)	Run Cypress	2024-10-22T16:15:34.5556993Z 
Admin UI E2E (2, chrome)	Run Cypress	2024-10-22T16:15:34.5557327Z [0m  1) Clients test
Admin UI E2E (2, chrome)	Run Cypress	2024-10-22T16:15:34.5557970Z        Client details - Client scopes subtab
Admin UI E2E (2, chrome)	Run Cypress	2024-10-22T16:15:34.5560040Z          "after all" hook for "Should show initial items after filtering":
Admin UI E2E (2, chrome)	Run Cypress	2024-10-22T16:15:34.5561396Z [0m[31m     Error: Could not find client scope
Admin UI E2E (2, chrome)	Run Cypress	2024-10-22T16:15:34.5562076Z 
Admin UI E2E (2, chrome)	Run Cypress	2024-10-22T16:15:34.5563826Z Because this error occurred during a `after all` hook we are skipping the remaining tests in the current suite: `Client details - Client sco...`
Admin UI E2E (2, chrome)	Run Cypress	2024-10-22T16:15:34.5565314Z 
Admin UI E2E (2, chrome)	Run Cypress	2024-10-22T16:15:34.5566765Z Although you have test retries enabled, we do not retry tests when `before all` or `after all` hooks fail[0m[90m
Admin UI E2E (2, chrome)	Run Cypress	2024-10-22T16:15:34.5568666Z       at fetchWithError (http://localhost:8080/__cypress/tests?p=cypress/e2e/clients_test.spec.ts:8857:11)
Admin UI E2E (2, chrome)	Run Cypress	2024-10-22T16:15:34.5570969Z       at async Agent._requestWithParams (http://localhost:8080/__cypress/tests?p=cypress/e2e/clients_test.spec.ts:6134:17)
Admin UI E2E (2, chrome)	Run Cypress	2024-10-22T16:15:34.5572407Z [0m
Admin UI E2E (2, chrome)	Run Cypress	2024-10-22T16:15:34.5572781Z 
Admin UI E2E (2, chrome)	Run Cypress	2024-10-22T16:15:34.5573127Z 
Admin UI E2E (2, chrome)	Run Cypress	2024-10-22T16:15:35.5682574Z 
Admin UI E2E (2, chrome)	Run Cypress	2024-10-22T16:15:35.5683729Z [31m  ([4m[1mResults[22m[24m)[39m
Admin UI E2E (2, chrome)	Run Cypress	2024-10-22T16:15:35.5701144Z 
Admin UI E2E (2, chrome)	Run Cypress	2024-10-22T16:15:35.5713072Z [90m  ┌[39m[90m─[39m[90m─[39m[90m─[39m[90m─[39m[90m─[39m[90m─[39m[90m─[39m[90m─[39m[90m─[39m[90m─[39m[90m─[39m[90m─[39m[90m─[39m[90m─[39m[90m─[39m[90m─[39m[90m─[39m[90m─[39m[90m─[39m[90m─[39m[90m─[39m[90m─[39m[90m─[39m[90m─[39m[90m─[39m[90m─[39m[90m─[39m[90m─[39m[90m─[39m[90m─[39m[90m─[39m[90m─[39m[90m─[39m[90m─[39m[90m─[39m[90m─[39m[90m─[39m[90m─[39m[90m─[39m[90m─[39m[90m─[39m[90m─[39m[90m─[39m[90m─[39m[90m─[39m[90m─[39m[90m─[39m[90m─[39m[90m─[39m[90m─[39m[90m─[39m[90m─[39m[90m─[39m[90m─[39m[90m─[39m[90m─[39m[90m─[39m[90m─[39m[90m─[39m[90m─[39m[90m─[39m[90m─[39m[90m─[39m[90m─[39m[90m─[39m[90m─[39m[90m─[39m[90m─[39m[90m─[39m[90m─[39m[90m─[39m[90m─[39m[90m─[39m[90m─[39m[90m─[39m[90m─[39m[90m─[39m[90m─[39m[90m─[39m[90m─[39m[90m─[39m[90m─[39m[90m─[39m[90m─[39m[90m─[39m[90m─[39m[90m─[39m[90m─[39m[90m─[39m[90m─[39m[90m─[39m[90m─[39m[90m─[39m[90m─[39m[90m─[39m[90m─[39m[90m┐[39m
Admin UI E2E (2, chrome)	Run Cypress	2024-10-22T16:15:35.5716866Z [90m  │[39m [90mTests:[39m        [31m66[39m                                                                               [90m│[39m
Admin UI E2E (2, chrome)	Run Cypress	2024-10-22T16:15:35.5718484Z [90m  │[39m [90mPassing:[39m      [31m65[39m                                                                               [90m│[39m
Admin UI E2E (2, chrome)	Run Cypress	2024-10-22T16:15:35.5720535Z [90m  │[39m [90mFailing:[39m      [31m1[39m                                                                                [90m│[39m
Admin UI E2E (2, chrome)	Run Cypress	2024-10-22T16:15:35.5722338Z [90m  │[39m [90mPending:[39m      [31m0[39m                                                                                [90m│[39m
Admin UI E2E (2, chrome)	Run Cypress	2024-10-22T16:15:35.5724043Z [90m  │[39m [90mSkipped:[39m      [31m0[39m                                                                                [90m│[39m
Admin UI E2E (2, chrome)	Run Cypress	2024-10-22T16:15:35.5725712Z [90m  │[39m [90mScreenshots:[39m  [31m1[39m                                                                                [90m│[39m
Admin UI E2E (2, chrome)	Run Cypress	2024-10-22T16:15:35.5727468Z [90m  │[39m [90mVideo:[39m        [31mtrue[39m                                                                             [90m│[39m
Admin UI E2E (2, chrome)	Run Cypress	2024-10-22T16:15:35.5729243Z [90m  │[39m [90mDuration:[39m     [31m4 minutes, 2 seconds[39m                                                             [90m│[39m
Admin UI E2E (2, chrome)	Run Cypress	2024-10-22T16:15:35.5731626Z [90m  │[39m [90mSpec Ran:[39m     [31m[31mclients_test.spec.ts[31m[39m                                                             [90m│[39m
Admin UI E2E (2, chrome)	Run Cypress	2024-10-22T16:15:35.5740326Z [90m  └[39m[90m─[39m[90m─[39m[90m─[39m[90m─[39m[90m─[39m[90m─[39m[90m─[39m[90m─[39m[90m─[39m[90m─[39m[90m─[39m[90m─[39m[90m─[39m[90m─[39m[90m─[39m[90m─[39m[90m─[39m[90m─[39m[90m─[39m[90m─[39m[90m─[39m[90m─[39m[90m─[39m[90m─[39m[90m─[39m[90m─[39m[90m─[39m[90m─[39m[90m─[39m[90m─[39m[90m─[39m[90m─[39m[90m─[39m[90m─[39m[90m─[39m[90m─[39m[90m─[39m[90m─[39m[90m─[39m[90m─[39m[90m─[39m[90m─[39m[90m─[39m[90m─[39m[90m─[39m[90m─[39m[90m─[39m[90m─[39m[90m─[39m[90m─[39m[90m─[39m[90m─[39m[90m─[39m[90m─[39m[90m─[39m[90m─[39m[90m─[39m[90m─[39m[90m─[39m[90m─[39m[90m─[39m[90m─[39m[90m─[39m[90m─[39m[90m─[39m[90m─[39m[90m─[39m[90m─[39m[90m─[39m[90m─[39m[90m─[39m[90m─[39m[90m─[39m[90m─[39m[90m─[39m[90m─[39m[90m─[39m[90m─[39m[90m─[39m[90m─[39m[90m─[39m[90m─[39m[90m─[39m[90m─[39m[90m─[39m[90m─[39m[90m─[39m[90m─[39m[90m─[39m[90m─[39m[90m─[39m[90m─[39m[90m─[39m[90m─[39m[90m─[39m[90m─[39m[90m┘[39m
Admin UI E2E (2, chrome)	Run Cypress	2024-10-22T16:15:35.5747227Z 
Admin UI E2E (2, chrome)	Run Cypress	2024-10-22T16:15:35.5747765Z 
Admin UI E2E (2, chrome)	Run Cypress	2024-10-22T16:15:35.5748300Z [33m  ([4m[1mScreenshots[22m[24m)[39m
Admin UI E2E (2, chrome)	Run Cypress	2024-10-22T16:15:35.5748755Z 
Admin UI E2E (2, chrome)	Run Cypress	2024-10-22T16:15:35.5750140Z [90m [39m -  [0m/home/runner/work/keycloak/keycloak/js/apps/admin-ui/cypress/screenshots/clients[0m     [90m[90m(1280x581)[90m[39m
Admin UI E2E (2, chrome)	Run Cypress	2024-10-22T16:15:35.5752515Z [90m [39m    [0m_test.spec.ts/Clients test -- Client details - Client scopes subtab -- Should sh[0m               
Admin UI E2E (2, chrome)	Run Cypress	2024-10-22T16:15:35.5754374Z [90m [39m    [0mow initial items after filtering -- after all hook (failed).png[0m                                
Admin UI E2E (2, chrome)	Run Cypress	2024-10-22T16:15:35.5755173Z 
Admin UI E2E (2, chrome)	Run Cypress	2024-10-22T16:15:35.6109465Z 
Admin UI E2E (2, chrome)	Run Cypress	2024-10-22T16:15:35.6110674Z [36m  ([4m[1mVideo[22m[24m)[39m
Admin UI E2E (2, chrome)	Run Cypress	2024-10-22T16:15:35.6113126Z 
Admin UI E2E (2, chrome)	Run Cypress	2024-10-22T16:15:35.6114436Z   -  Video output: [36m/home/runner/work/keycloak/keycloak/js/apps/admin-ui/cypress/videos/clients_test.spec.ts.mp4[39m
Admin UI E2E (2, chrome)	Run Cypress	2024-10-22T16:15:35.6115470Z 
Admin UI E2E (2, chrome)	Run Cypress	2024-10-22T16:15:35.6115689Z 
Admin UI E2E (2, chrome)	Run Cypress	2024-10-22T16:15:35.6126388Z [90m─[39m[90m─[39m[90m─[39m[90m─[39m[90m─[39m[90m─[39m[90m─[39m[90m─[39m[90m─[39m[90m─[39m[90m─[39m[90m─[39m[90m─[39m[90m─[39m[90m─[39m[90m─[39m[90m─[39m[90m─[39m[90m─[39m[90m─[39m[90m─[39m[90m─[39m[90m─[39m[90m─[39m[90m─[39m[90m─[39m[90m─[39m[90m─[39m[90m─[39m[90m─[39m[90m─[39m[90m─[39m[90m─[39m[90m─[39m[90m─[39m[90m─[39m[90m─[39m[90m─[39m[90m─[39m[90m─[39m[90m─[39m[90m─[39m[90m─[39m[90m─[39m[90m─[39m[90m─[39m[90m─[39m[90m─[39m[90m─[39m[90m─[39m[90m─[39m[90m─[39m[90m─[39m[90m─[39m[90m─[39m[90m─[39m[90m─[39m[90m─[39m[90m─[39m[90m─[39m[90m─[39m[90m─[39m[90m─[39m[90m─[39m[90m─[39m[90m─[39m[90m─[39m[90m─[39m[90m─[39m[90m─[39m[90m─[39m[90m─[39m[90m─[39m[90m─[39m[90m─[39m[90m─[39m[90m─[39m[90m─[39m[90m─[39m[90m─[39m[90m─[39m[90m─[39m[90m─[39m[90m─[39m[90m─[39m[90m─[39m[90m─[39m[90m─[39m[90m─[39m[90m─[39m[90m─[39m[90m─[39m[90m─[39m[90m─[39m[90m─[39m[90m─[39m[90m─[39m[90m─[39m[90m─[39m[90m─[39m
Admin UI E2E (2, chrome)	Run Cypress	2024-10-22T16:15:35.6132919Z                                                                                                     
Admin UI E2E (2, chrome)	Run Cypress	2024-10-22T16:15:35.6134212Z   Running:  [90mauthentication_policies_ciba.spec.ts[39m                                            [90m(3 of 8)[39m
Admin UI E2E (2, chrome)	Run Cypress	2024-10-22T16:15:39.2831542Z 
Admin UI E2E (2, chrome)	Run Cypress	2024-10-22T16:15:39.2832376Z [0m[0m
Admin UI E2E (2, chrome)	Run Cypress	2024-10-22T16:15:39.2856237Z [0m  Authentication - Policies - CIBA[0m
Admin UI E2E (2, chrome)	Run Cypress	2024-10-22T16:15:43.6972227Z   [32m  ✓[0m[90m displays the initial state[0m[90m (4380ms)[0m
Admin UI E2E (2, chrome)	Run Cypress	2024-10-22T16:15:46.4425988Z   [32m  ✓[0m[90m validates the fields[0m[90m (2714ms)[0m
Admin UI E2E (2, chrome)	Run Cypress	2024-10-22T16:15:49.4148952Z   [32m  ✓[0m[90m saves the form[0m[90m (2312ms)[0m
Admin UI E2E (2, chrome)	Run Cypress	2024-10-22T16:15:49.4150185Z 
Admin UI E2E (2, chrome)	Run Cypress	2024-10-22T16:15:49.4512899Z 
Admin UI E2E (2, chrome)	Run Cypress	2024-10-22T16:15:49.4514311Z [92m [0m[32m 3 passing[0m[90m (10s)[0m
Admin UI E2E (2, chrome)	Run Cypress	2024-10-22T16:15:49.4514929Z 
Admin UI E2E (2, chrome)	Run Cypress	2024-10-22T16:15:50.4669116Z 
Admin UI E2E (2, chrome)	Run Cypress	2024-10-22T16:15:50.4670551Z [32m  ([4m[1mResults[22m[24m)[39m
Admin UI E2E (2, chrome)	Run Cypress	2024-10-22T16:15:50.4674586Z 
Admin UI E2E (2, chrome)	Run Cypress	2024-10-22T16:15:50.4687015Z [90m  ┌[39m[90m─[39m[90m─[39m[90m─[39m[90m─[39m[90m─[39m[90m─[39m[90m─[39m[90m─[39m[90m─[39m[90m─[39m[90m─[39m[90m─[39m[90m─[39m[90m─[39m[90m─[39m[90m─[39m[90m─[39m[90m─[39m[90m─[39m[90m─[39m[90m─[39m[90m─[39m[90m─[39m[90m─[39m[90m─[39m[90m─[39m[90m─[39m[90m─[39m[90m─[39m[90m─[39m[90m─[39m[90m─[39m[90m─[39m[90m─[39m[90m─[39m[90m─[39m[90m─[39m[90m─[39m[90m─[39m[90m─[39m[90m─[39m[90m─[39m[90m─[39m[90m─[39m[90m─[39m[90m─[39m[90m─[39m[90m─[39m[90m─[39m[90m─[39m[90m─[39m[90m─[39m[90m─[39m[90m─[39m[90m─[39m[90m─[39m[90m─[39m[90m─[39m[90m─[39m[90m─[39m[90m─[39m[90m─[39m[90m─[39m[90m─[39m[90m─[39m[90m─[39m[90m─[39m[90m─[39m[90m─[39m[90m─[39m[90m─[39m[90m─[39m[90m─[39m[90m─[39m[90m─[39m[90m─[39m[90m─[39m[90m─[39m[90m─[39m[90m─[39m[90m─[39m[90m─[39m[90m─[39m[90m─[39m[90m─[39m[90m─[39m[90m─[39m[90m─[39m[90m─[39m[90m─[39m[90m─[39m[90m─[39m[90m─[39m[90m─[39m[90m─[39m[90m─[39m[90m┐[39m
Admin UI E2E (2, chrome)	Run Cypress	2024-10-22T16:15:50.4691519Z [90m  │[39m [90mTests:[39m        [32m3[39m                                                                                [90m│[39m
Admin UI E2E (2, chrome)	Run Cypress	2024-10-22T16:15:50.4692651Z [90m  │[39m [90mPassing:[39m      [32m3[39m                                                                                [90m│[39m
Admin UI E2E (2, chrome)	Run Cypress	2024-10-22T16:15:50.4693921Z [90m  │[39m [90mFailing:[39m      [32m0[39m                                                                                [90m│[39m
Admin UI E2E (2, chrome)	Run Cypress	2024-10-22T16:15:50.4695445Z [90m  │[39m [90mPending:[39m      [32m0[39m                                                                                [90m│[39m
Admin UI E2E (2, chrome)	Run Cypress	2024-10-22T16:15:50.4697134Z [90m  │[39m [90mSkipped:[39m      [32m0[39m                                                                                [90m│[39m
Admin UI E2E (2, chrome)	Run Cypress	2024-10-22T16:15:50.4698619Z [90m  │[39m [90mScreenshots:[39m  [32m0[39m                                                                                [90m│[39m
Admin UI E2E (2, chrome)	Run Cypress	2024-10-22T16:15:50.4699666Z [90m  │[39m [90mVideo:[39m        [32mfalse[39m                                                                            [90m│[39m
Admin UI E2E (2, chrome)	Run Cypress	2024-10-22T16:15:50.4701098Z [90m  │[39m [90mDuration:[39m     [32m10 seconds[39m                                                                       [90m│[39m
Admin UI E2E (2, chrome)	Run Cypress	2024-10-22T16:15:50.4702357Z [90m  │[39m [90mSpec Ran:[39m     [32m[32mauthentication_policies_ciba.spec.ts[32m[39m                                             [90m│[39m
Admin UI E2E (2, chrome)	Run Cypress	2024-10-22T16:15:50.4708753Z [90m  └[39m[90m─[39m[90m─[39m[90m─[39m[90m─[39m[90m─[39m[90m─[39m[90m─[39m[90m─[39m[90m─[39m[90m─[39m[90m─[39m[90m─[39m[90m─[39m[90m─[39m[90m─[39m[90m─[39m[90m─[39m[90m─[39m[90m─[39m[90m─[39m[90m─[39m[90m─[39m[90m─[39m[90m─[39m[90m─[39m[90m─[39m[90m─[39m[90m─[39m[90m─[39m[90m─[39m[90m─[39m[90m─[39m[90m─[39m[90m─[39m[90m─[39m[90m─[39m[90m─[39m[90m─[39m[90m─[39m[90m─[39m[90m─[39m[90m─[39m[90m─[39m[90m─[39m[90m─[39m[90m─[39m[90m─[39m[90m─[39m[90m─[39m[90m─[39m[90m─[39m[90m─[39m[90m─[39m[90m─[39m[90m─[39m[90m─[39m[90m─[39m[90m─[39m[90m─[39m[90m─[39m[90m─[39m[90m─[39m[90m─[39m[90m─[39m[90m─[39m[90m─[39m[90m─[39m[90m─[39m[90m─[39m[90m─[39m[90m─[39m[90m─[39m[90m─[39m[90m─[39m[90m─[39m[90m─[39m[90m─[39m[90m─[39m[90m─[39m[90m─[39m[90m─[39m[90m─[39m[90m─[39m[90m─[39m[90m─[39m[90m─[39m[90m─[39m[90m─[39m[90m─[39m[90m─[39m[90m─[39m[90m─[39m[90m─[39m[90m─[39m[90m─[39m[90m─[39m[90m┘[39m
Admin UI E2E (2, chrome)	Run Cypress	2024-10-22T16:15:50.4713616Z 
Admin UI E2E (2, chrome)	Run Cypress	2024-10-22T16:15:50.5041871Z 
Admin UI E2E (2, chrome)	Run Cypress	2024-10-22T16:15:50.5054791Z [90m─[39m[90m─[39m[90m─[39m[90m─[39m[90m─[39m[90m─[39m[90m─[39m[90m─[39m[90m─[39m[90m─[39m[90m─[39m[90m─[39m[90m─[39m[90m─[39m[90m─[39m[90m─[39m[90m─[39m[90m─[39m[90m─[39m[90m─[39m[90m─[39m[90m─[39m[90m─[39m[90m─[39m[90m─[39m[90m─[39m[90m─[39m[90m─[39m[90m─[39m[90m─[39m[90m─[39m[90m─[39m[90m─[39m[90m─[39m[90m─[39m[90m─[39m[90m─[39m[90m─[39m[90m─[39m[90m─[39m[90m─[39m[90m─[39m[90m─[39m[90m─[39m[90m─[39m[90m─[39m[90m─[39m[90m─[39m[90m─[39m[90m─[39m[90m─[39m[90m─[39m[90m─[39m[90m─[39m[90m─[39m[90m─[39m[90m─[39m[90m─[39m[90m─[39m[90m─[39m[90m─[39m[90m─[39m[90m─[39m[90m─[39m[90m─[39m[90m─[39m[90m─[39m[90m─[39m[90m─[39m[90m─[39m[90m─[39m[90m─[39m[90m─[39m[90m─[39m[90m─[39m[90m─[39m[90m─[39m[90m─[39m[90m─[39m[90m─[39m[90m─[39m[90m─[39m[90m─[39m[90m─[39m[90m─[39m[90m─[39m[90m─[39m[90m─[39m[90m─[39m[90m─[39m[90m─[39m[90m─[39m[90m─[39m[90m─[39m[90m─[39m[90m─[39m[90m─[39m[90m─[39m[90m─[39m[90m─[39m
Admin UI E2E (2, chrome)	Run Cypress	2024-10-22T16:15:50.5059964Z                                                                                                     
Admin UI E2E (2, chrome)	Run Cypress	2024-10-22T16:15:50.5060872Z   Running:  [90mrealm_roles_test.spec.ts[39m                                                        [90m(4 of 8)[39m
Admin UI E2E (2, chrome)	Run Cypress	2024-10-22T16:15:53.8399860Z 
Admin UI E2E (2, chrome)	Run Cypress	2024-10-22T16:15:53.8400975Z [0m[0m
Admin UI E2E (2, chrome)	Run Cypress	2024-10-22T16:15:53.8433324Z [0m  Realm roles test[0m
Admin UI E2E (2, chrome)	Run Cypress	2024-10-22T16:15:57.3970659Z   [32m  ✓[0m[90m should fail creating realm role[0m[90m (3540ms)[0m
Admin UI E2E (2, chrome)	Run Cypress	2024-10-22T16:15:58.8377042Z   [32m  ✓[0m[90m shouldn't create a realm role based with only whitespace name[0m[90m (1404ms)[0m
Admin UI E2E (2, chrome)	Run Cypress	2024-10-22T16:16:01.4661007Z   [32m  ✓[0m[90m Realm role CRUD test[0m[90m (2601ms)[0m
Admin UI E2E (2, chrome)	Run Cypress	2024-10-22T16:16:04.0268014Z   [32m  ✓[0m[90m should delete role from details action[0m[90m (2515ms)[0m
Admin UI E2E (2, chrome)	Run Cypress	2024-10-22T16:16:05.3343851Z   [32m  ✓[0m[90m should not be able to delete default role[0m[90m (1279ms)[0m
Admin UI E2E (2, chrome)	Run Cypress	2024-10-22T16:16:10.4023651Z   [32m  ✓[0m[90m Add associated roles test[0m[90m (5041ms)[0m
Admin UI E2E (2, chrome)	Run Cypress	2024-10-22T16:16:12.5097832Z   [32m  ✓[0m[90m should search existing associated role by name and go to it[0m[90m (2078ms)[0m
Admin UI E2E (2, chrome)	Run Cypress	2024-10-22T16:16:14.0891778Z   [32m  ✓[0m[90m should go to default-roles-master link role name and check assign roles table is not empty[0m[90m (1548ms)[0m
Admin UI E2E (2, chrome)	Run Cypress	2024-10-22T16:16:15.7436175Z   [32m  ✓[0m[90m Should search non-existent associated role by name[0m[90m (1624ms)[0m
Admin UI E2E (2, chrome)	Run Cypress	2024-10-22T16:16:17.9002683Z   [32m  ✓[0m[90m Should hide inherited roles test[0m[90m (2116ms)[0m
Admin UI E2E (2, chrome)	Run Cypress	2024-10-22T16:16:20.1016643Z   [32m  ✓[0m[90m Should fail to remove role when all unchecked from search bar[0m[90m (2159ms)[0m
Admin UI E2E (2, chrome)	Run Cypress	2024-10-22T16:16:22.5592554Z   [32m  ✓[0m[90m Should delete single non-inherited role item[0m[90m (2428ms)[0m
Admin UI E2E (2, chrome)	Run Cypress	2024-10-22T16:16:25.0633979Z   [32m  ✓[0m[90m Should delete all roles from search bar[0m[90m (2476ms)[0m
Admin UI E2E (2, chrome)	Run Cypress	2024-10-22T16:16:29.2718214Z   [32m  ✓[0m[90m Should delete associated roles from list test[0m[90m (4176ms)[0m
Admin UI E2E (2, chrome)	Run Cypress	2024-10-22T16:16:29.2843993Z [0m    edit role details[0m
Admin UI E2E (2, chrome)	Run Cypress	2024-10-22T16:16:31.1823618Z     [32m  ✓[0m[90m should edit realm role details[0m[90m (1879ms)[0m
Admin UI E2E (2, chrome)	Run Cypress	2024-10-22T16:16:32.9285128Z     [32m  ✓[0m[90m should add attribute[0m[90m (1710ms)[0m
Admin UI E2E (2, chrome)	Run Cypress	2024-10-22T16:16:35.0356234Z     [32m  ✓[0m[90m should add attribute multiple[0m[90m (2073ms)[0m
Admin UI E2E (2, chrome)	Run Cypress	2024-10-22T16:16:36.6604376Z     [32m  ✓[0m[90m should delete attribute[0m[90m (1479ms)[0m
Admin UI E2E (2, chrome)	Run Cypress	2024-10-22T16:16:36.6711640Z [0m    Accessibility tests for realm roles[0m
Admin UI E2E (2, chrome)	Run Cypress	2024-10-22T16:16:39.3029398Z     [32m  ✓[0m[90m Check a11y violations on load/ realm roles[0m[90m (2616ms)[0m
Admin UI E2E (2, chrome)	Run Cypress	2024-10-22T16:16:42.1114574Z     [32m  ✓[0m[90m Check a11y violations on default-roles-master default tab and default roles tabs[0m[90m (2774ms)[0m
Admin UI E2E (2, chrome)	Run Cypress	2024-10-22T16:16:44.5459150Z     [32m  ✓[0m[90m Check a11y violations on empty create role form[0m[90m (2412ms)[0m
Admin UI E2E (2, chrome)	Run Cypress	2024-10-22T16:16:48.6873234Z     [32m  ✓[0m[90m Check a11y violations on role details[0m[90m (4082ms)[0m
Admin UI E2E (2, chrome)	Run Cypress	2024-10-22T16:16:48.6884783Z 
Admin UI E2E (2, chrome)	Run Cypress	2024-10-22T16:16:48.7098439Z 
Admin UI E2E (2, chrome)	Run Cypress	2024-10-22T16:16:48.7099941Z [92m [0m[32m 22 passing[0m[90m (55s)[0m
Admin UI E2E (2, chrome)	Run Cypress	2024-10-22T16:16:48.7101257Z 
Admin UI E2E (2, chrome)	Run Cypress	2024-10-22T16:16:49.7299362Z 
Admin UI E2E (2, chrome)	Run Cypress	2024-10-22T16:16:49.7300873Z [32m  ([4m[1mResults[22m[24m)[39m
Admin UI E2E (2, chrome)	Run Cypress	2024-10-22T16:16:49.7317664Z 
Admin UI E2E (2, chrome)	Run Cypress	2024-10-22T16:16:49.7333504Z [90m  ┌[39m[90m─[39m[90m─[39m[90m─[39m[90m─[39m[90m─[39m[90m─[39m[90m─[39m[90m─[39m[90m─[39m[90m─[39m[90m─[39m[90m─[39m[90m─[39m[90m─[39m[90m─[39m[90m─[39m[90m─[39m[90m─[39m[90m─[39m[90m─[39m[90m─[39m[90m─[39m[90m─[39m[90m─[39m[90m─[39m[90m─[39m[90m─[39m[90m─[39m[90m─[39m[90m─[39m[90m─[39m[90m─[39m[90m─[39m[90m─[39m[90m─[39m[90m─[39m[90m─[39m[90m─[39m[90m─[39m[90m─[39m[90m─[39m[90m─[39m[90m─[39m[90m─[39m[90m─[39m[90m─[39m[90m─[39m[90m─[39m[90m─[39m[90m─[39m[90m─[39m[90m─[39m[90m─[39m[90m─[39m[90m─[39m[90m─[39m[90m─[39m[90m─[39m[90m─[39m[90m─[39m[90m─[39m[90m─[39m[90m─[39m[90m─[39m[90m─[39m[90m─[39m[90m─[39m[90m─[39m[90m─[39m[90m─[39m[90m─[39m[90m─[39m[90m─[39m[90m─[39m[90m─[39m[90m─[39m[90m─[39m[90m─[39m[90m─[39m[90m─[39m[90m─[39m[90m─[39m[90m─[39m[90m─[39m[90m─[39m[90m─[39m[90m─[39m[90m─[39m[90m─[39m[90m─[39m[90m─[39m[90m─[39m[90m─[39m[90m─[39m[90m─[39m[90m─[39m[90m┐[39m
Admin UI E2E (2, chrome)	Run Cypress	2024-10-22T16:16:49.7340020Z [90m  │[39m [90mTests:[39m        [32m22[39m                                                                               [90m│[39m
Admin UI E2E (2, chrome)	Run Cypress	2024-10-22T16:16:49.7341849Z [90m  │[39m [90mPassing:[39m      [32m22[39m                                                                               [90m│[39m
Admin UI E2E (2, chrome)	Run Cypress	2024-10-22T16:16:49.7343771Z [90m  │[39m [90mFailing:[39m      [32m0[39m                                                                                [90m│[39m
Admin UI E2E (2, chrome)	Run Cypress	2024-10-22T16:16:49.7346046Z [90m  │[39m [90mPending:[39m      [32m0[39m                                                                                [90m│[39m
Admin UI E2E (2, chrome)	Run Cypress	2024-10-22T16:16:49.7347760Z [90m  │[39m [90mSkipped:[39m      [32m0[39m                                                                                [90m│[39m
Admin UI E2E (2, chrome)	Run Cypress	2024-10-22T16:16:49.7349548Z [90m  │[39m [90mScreenshots:[39m  [32m0[39m                                                                                [90m│[39m
Admin UI E2E (2, chrome)	Run Cypress	2024-10-22T16:16:49.7351365Z [90m  │[39m [90mVideo:[39m        [32mfalse[39m                                                                            [90m│[39m
Admin UI E2E (2, chrome)	Run Cypress	2024-10-22T16:16:49.7353141Z [90m  │[39m [90mDuration:[39m     [32m54 seconds[39m                                                                       [90m│[39m
Admin UI E2E (2, chrome)	Run Cypress	2024-10-22T16:16:49.7355256Z [90m  │[39m [90mSpec Ran:[39m     [32m[32mrealm_roles_test.spec.ts[32m[39m                                                         [90m│[39m
Admin UI E2E (2, chrome)	Run Cypress	2024-10-22T16:16:49.7363715Z [90m  └[39m[90m─[39m[90m─[39m[90m─[39m[90m─[39m[90m─[39m[90m─[39m[90m─[39m[90m─[39m[90m─[39m[90m─[39m[90m─[39m[90m─[39m[90m─[39m[90m─[39m[90m─[39m[90m─[39m[90m─[39m[90m─[39m[90m─[39m[90m─[39m[90m─[39m[90m─[39m[90m─[39m[90m─[39m[90m─[39m[90m─[39m[90m─[39m[90m─[39m[90m─[39m[90m─[39m[90m─[39m[90m─[39m[90m─[39m[90m─[39m[90m─[39m[90m─[39m[90m─[39m[90m─[39m[90m─[39m[90m─[39m[90m─[39m[90m─[39m[90m─[39m[90m─[39m[90m─[39m[90m─[39m[90m─[39m[90m─[39m[90m─[39m[90m─[39m[90m─[39m[90m─[39m[90m─[39m[90m─[39m[90m─[39m[90m─[39m[90m─[39m[90m─[39m[90m─[39m[90m─[39m[90m─[39m[90m─[39m[90m─[39m[90m─[39m[90m─[39m[90m─[39m[90m─[39m[90m─[39m[90m─[39m[90m─[39m[90m─[39m[90m─[39m[90m─[39m[90m─[39m[90m─[39m[90m─[39m[90m─[39m[90m─[39m[90m─[39m[90m─[39m[90m─[39m[90m─[39m[90m─[39m[90m─[39m[90m─[39m[90m─[39m[90m─[39m[90m─[39m[90m─[39m[90m─[39m[90m─[39m[90m─[39m[90m─[39m[90m─[39m[90m─[39m[90m─[39m[90m┘[39m
Admin UI E2E (2, chrome)	Run Cypress	2024-10-22T16:16:49.7369759Z 
Admin UI E2E (2, chrome)	Run Cypress	2024-10-22T16:16:49.7759617Z 
Admin UI E2E (2, chrome)	Run Cypress	2024-10-22T16:16:49.7769501Z [90m─[39m[90m─[39m[90m─[39m[90m─[39m[90m─[39m[90m─[39m[90m─[39m[90m─[39m[90m─[39m[90m─[39m[90m─[39m[90m─[39m[90m─[39m[90m─[39m[90m─[39m[90m─[39m[90m─[39m[90m─[39m[90m─[39m[90m─[39m[90m─[39m[90m─[39m[90m─[39m[90m─[39m[90m─[39m[90m─[39m[90m─[39m[90m─[39m[90m─[39m[90m─[39m[90m─[39m[90m─[39m[90m─[39m[90m─[39m[90m─[39m[90m─[39m[90m─[39m[90m─[39m[90m─[39m[90m─[39m[90m─[39m[90m─[39m[90m─[39m[90m─[39m[90m─[39m[90m─[39m[90m─[39m[90m─[39m[90m─[39m[90m─[39m[90m─[39m[90m─[39m[90m─[39m[90m─[39m[90m─[39m[90m─[39m[90m─[39m[90m─[39m[90m─[39m[90m─[39m[90m─[39m[90m─[39m[90m─[39m[90m─[39m[90m─[39m[90m─[39m[90m─[39m[90m─[39m[90m─[39m[90m─[39m[90m─[39m[90m─[39m[90m─[39m[90m─[39m[90m─[39m[90m─[39m[90m─[39m[90m─[39m[90m─[39m[90m─[39m[90m─[39m[90m─[39m[90m─[39m[90m─[39m[90m─[39m[90m─[39m[90m─[39m[90m─[39m[90m─[39m[90m─[39m[90m─[39m[90m─[39m[90m─[39m[90m─[39m[90m─[39m[90m─[39m[90m─[39m[90m─[39m[90m─[39m[90m─[39m
Admin UI E2E (2, chrome)	Run Cypress	2024-10-22T16:16:49.7774956Z                                                                                                     
Admin UI E2E (2, chrome)	Run Cypress	2024-10-22T16:16:49.7776607Z   Running:  [90mrealm_settings_client_profiles_test.spec.ts[39m                                     [90m(5 of 8)[39m
Admin UI E2E (2, chrome)	Run Cypress	2024-10-22T16:16:53.7741817Z 
Admin UI E2E (2, chrome)	Run Cypress	2024-10-22T16:16:53.7743697Z [0m[0m
Admin UI E2E (2, chrome)	Run Cypress	2024-10-22T16:16:53.7768779Z [0m  Realm settings client profiles tab tests[0m
Admin UI E2E (2, chrome)	Run Cypress	2024-10-22T16:16:58.0845952Z   [32m  ✓[0m[90m Go to client policies profiles tab[0m[90m (4252ms)[0m
Admin UI E2E (2, chrome)	Run Cypress	2024-10-22T16:16:59.8102600Z   [32m  ✓[0m[90m Check new client form is displaying[0m[90m (1688ms)[0m
Admin UI E2E (2, chrome)	Run Cypress	2024-10-22T16:17:02.4167150Z   [32m  ✓[0m[90m Complete new client form and cancel[0m[90m (2578ms)[0m
Admin UI E2E (2, chrome)	Run Cypress	2024-10-22T16:17:04.7130061Z   [32m  ✓[0m[90m Complete new client form and submit[0m[90m (2266ms)[0m
Admin UI E2E (2, chrome)	Run Cypress	2024-10-22T16:17:06.6539443Z   [32m  ✓[0m[90m Should perform client profile search by profile name[0m[90m (1909ms)[0m
Admin UI E2E (2, chrome)	Run Cypress	2024-10-22T16:17:08.8699867Z   [32m  ✓[0m[90m Should search non-existent client profile[0m[90m (2191ms)[0m
Admin UI E2E (2, chrome)	Run Cypress	2024-10-22T16:17:10.8635480Z   [32m  ✓[0m[90m Should navigate to client profile[0m[90m (1963ms)[0m
Admin UI E2E (2, chrome)	Run Cypress	2024-10-22T16:17:12.8398724Z   [32m  ✓[0m[90m Check navigating between Form View and JSON editor[0m[90m (1857ms)[0m
Admin UI E2E (2, chrome)	Run Cypress	2024-10-22T16:17:18.1830948Z   [32m  ✓[0m[90m Check saving changed JSON profiles[0m[90m (5295ms)[0m
Admin UI E2E (2, chrome)	Run Cypress	2024-10-22T16:17:21.4269259Z   [32m  ✓[0m[90m Should not create duplicate client profile[0m[90m (3200ms)[0m
Admin UI E2E (2, chrome)	Run Cypress	2024-10-22T16:17:23.7957000Z   [32m  ✓[0m[90m Should edit client profile[0m[90m (2339ms)[0m
Admin UI E2E (2, chrome)	Run Cypress	2024-10-22T16:17:25.6543248Z   [32m  ✓[0m[90m Should check that edited client profile is now listed[0m[90m (1828ms)[0m
Admin UI E2E (2, chrome)	Run Cypress	2024-10-22T16:17:27.5493573Z   [32m  ✓[0m[90m Should show error when client profile left blank[0m[90m (1869ms)[0m
Admin UI E2E (2, chrome)	Run Cypress	2024-10-22T16:17:29.6997858Z   [32m  ✓[0m[90m Should revert back to the previous profile name[0m[90m (2122ms)[0m
Admin UI E2E (2, chrome)	Run Cypress	2024-10-22T16:17:31.4556886Z   [32m  ✓[0m[90m Should not have executors configured by default[0m[90m (1728ms)[0m
Admin UI E2E (2, chrome)	Run Cypress	2024-10-22T16:17:33.4373179Z   [32m  ✓[0m[90m Should cancel adding a new executor to a client profile[0m[90m (1953ms)[0m
Admin UI E2E (2, chrome)	Run Cypress	2024-10-22T16:17:35.4381459Z   [32m  ✓[0m[90m Should add a new executor to a client profile[0m[90m (1974ms)[0m
Admin UI E2E (2, chrome)	Run Cypress	2024-10-22T16:17:37.2891278Z   [32m  ✓[0m[90m Should cancel deleting executor from a client profile[0m[90m (1824ms)[0m
Admin UI E2E (2, chrome)	Run Cypress	2024-10-22T16:17:39.4968860Z   [32m  ✓[0m[90m Should cancel editing executor[0m[90m (2186ms)[0m
Admin UI E2E (2, chrome)	Run Cypress	2024-10-22T16:17:41.7789814Z   [32m  ✓[0m[90m Should edit executor[0m[90m (2260ms)[0m
Admin UI E2E (2, chrome)	Run Cypress	2024-10-22T16:17:43.7644944Z   [32m  ✓[0m[90m Should delete executor from a client profile[0m[90m (1958ms)[0m
Admin UI E2E (2, chrome)	Run Cypress	2024-10-22T16:17:45.9236194Z   [32m  ✓[0m[90m Check cancelling the client profile deletion[0m[90m (2132ms)[0m
Admin UI E2E (2, chrome)	Run Cypress	2024-10-22T16:17:48.6003323Z   [32m  ✓[0m[90m Check deleting the client profile[0m[90m (2117ms)[0m
Admin UI E2E (2, chrome)	Run Cypress	2024-10-22T16:17:48.6004797Z 
Admin UI E2E (2, chrome)	Run Cypress	2024-10-22T16:17:48.6145774Z 
Admin UI E2E (2, chrome)	Run Cypress	2024-10-22T16:17:48.6146789Z [92m [0m[32m 23 passing[0m[90m (55s)[0m
Admin UI E2E (2, chrome)	Run Cypress	2024-10-22T16:17:48.6147413Z 
Admin UI E2E (2, chrome)	Run Cypress	2024-10-22T16:17:49.6327026Z 
Admin UI E2E (2, chrome)	Run Cypress	2024-10-22T16:17:49.6328649Z [32m  ([4m[1mResults[22m[24m)[39m
Admin UI E2E (2, chrome)	Run Cypress	2024-10-22T16:17:49.6334090Z 
Admin UI E2E (2, chrome)	Run Cypress	2024-10-22T16:17:49.6349682Z [90m  ┌[39m[90m─[39m[90m─[39m[90m─[39m[90m─[39m[90m─[39m[90m─[39m[90m─[39m[90m─[39m[90m─[39m[90m─[39m[90m─[39m[90m─[39m[90m─[39m[90m─[39m[90m─[39m[90m─[39m[90m─[39m[90m─[39m[90m─[39m[90m─[39m[90m─[39m[90m─[39m[90m─[39m[90m─[39m[90m─[39m[90m─[39m[90m─[39m[90m─[39m[90m─[39m[90m─[39m[90m─[39m[90m─[39m[90m─[39m[90m─[39m[90m─[39m[90m─[39m[90m─[39m[90m─[39m[90m─[39m[90m─[39m[90m─[39m[90m─[39m[90m─[39m[90m─[39m[90m─[39m[90m─[39m[90m─[39m[90m─[39m[90m─[39m[90m─[39m[90m─[39m[90m─[39m[90m─[39m[90m─[39m[90m─[39m[90m─[39m[90m─[39m[90m─[39m[90m─[39m[90m─[39m[90m─[39m[90m─[39m[90m─[39m[90m─[39m[90m─[39m[90m─[39m[90m─[39m[90m─[39m[90m─[39m[90m─[39m[90m─[39m[90m─[39m[90m─[39m[90m─[39m[90m─[39m[90m─[39m[90m─[39m[90m─[39m[90m─[39m[90m─[39m[90m─[39m[90m─[39m[90m─[39m[90m─[39m[90m─[39m[90m─[39m[90m─[39m[90m─[39m[90m─[39m[90m─[39m[90m─[39m[90m─[39m[90m─[39m[90m─[39m[90m─[39m[90m─[39m[90m┐[39m
Admin UI E2E (2, chrome)	Run Cypress	2024-10-22T16:17:49.6357059Z [90m  │[39m [90mTests:[39m        [32m23[39m                                                                               [90m│[39m
Admin UI E2E (2, chrome)	Run Cypress	2024-10-22T16:17:49.6358875Z [90m  │[39m [90mPassing:[39m      [32m23[39m                                                                               [90m│[39m
Admin UI E2E (2, chrome)	Run Cypress	2024-10-22T16:17:49.6360886Z [90m  │[39m [90mFailing:[39m      [32m0[39m                                                                                [90m│[39m
Admin UI E2E (2, chrome)	Run Cypress	2024-10-22T16:17:49.6362743Z [90m  │[39m [90mPending:[39m      [32m0[39m                                                                                [90m│[39m
Admin UI E2E (2, chrome)	Run Cypress	2024-10-22T16:17:49.6364757Z [90m  │[39m [90mSkipped:[39m      [32m0[39m                                                                                [90m│[39m
Admin UI E2E (2, chrome)	Run Cypress	2024-10-22T16:17:49.6366699Z [90m  │[39m [90mScreenshots:[39m  [32m0[39m                                                                                [90m│[39m
Admin UI E2E (2, chrome)	Run Cypress	2024-10-22T16:17:49.6368482Z [90m  │[39m [90mVideo:[39m        [32mfalse[39m                                                                            [90m│[39m
Admin UI E2E (2, chrome)	Run Cypress	2024-10-22T16:17:49.6370613Z [90m  │[39m [90mDuration:[39m     [32m54 seconds[39m                                                                       [90m│[39m
Admin UI E2E (2, chrome)	Run Cypress	2024-10-22T16:17:49.6372954Z [90m  │[39m [90mSpec Ran:[39m     [32m[32mrealm_settings_client_profiles_test.spec.ts[32m[39m                                      [90m│[39m
Admin UI E2E (2, chrome)	Run Cypress	2024-10-22T16:17:49.6381579Z [90m  └[39m[90m─[39m[90m─[39m[90m─[39m[90m─[39m[90m─[39m[90m─[39m[90m─[39m[90m─[39m[90m─[39m[90m─[39m[90m─[39m[90m─[39m[90m─[39m[90m─[39m[90m─[39m[90m─[39m[90m─[39m[90m─[39m[90m─[39m[90m─[39m[90m─[39m[90m─[39m[90m─[39m[90m─[39m[90m─[39m[90m─[39m[90m─[39m[90m─[39m[90m─[39m[90m─[39m[90m─[39m[90m─[39m[90m─[39m[90m─[39m[90m─[39m[90m─[39m[90m─[39m[90m─[39m[90m─[39m[90m─[39m[90m─[39m[90m─[39m[90m─[39m[90m─[39m[90m─[39m[90m─[39m[90m─[39m[90m─[39m[90m─[39m[90m─[39m[90m─[39m[90m─[39m[90m─[39m[90m─[39m[90m─[39m[90m─[39m[90m─[39m[90m─[39m[90m─[39m[90m─[39m[90m─[39m[90m─[39m[90m─[39m[90m─[39m[90m─[39m[90m─[39m[90m─[39m[90m─[39m[90m─[39m[90m─[39m[90m─[39m[90m─[39m[90m─[39m[90m─[39m[90m─[39m[90m─[39m[90m─[39m[90m─[39m[90m─[39m[90m─[39m[90m─[39m[90m─[39m[90m─[39m[90m─[39m[90m─[39m[90m─[39m[90m─[39m[90m─[39m[90m─[39m[90m─[39m[90m─[39m[90m─[39m[90m─[39m[90m─[39m[90m─[39m[90m─[39m[90m┘[39m
Admin UI E2E (2, chrome)	Run Cypress	2024-10-22T16:17:49.6387788Z 
Admin UI E2E (2, chrome)	Run Cypress	2024-10-22T16:17:49.6747404Z 
Admin UI E2E (2, chrome)	Run Cypress	2024-10-22T16:17:49.6761551Z [90m─[39m[90m─[39m[90m─[39m[90m─[39m[90m─[39m[90m─[39m[90m─[39m[90m─[39m[90m─[39m[90m─[39m[90m─[39m[90m─[39m[90m─[39m[90m─[39m[90m─[39m[90m─[39m[90m─[39m[90m─[39m[90m─[39m[90m─[39m[90m─[39m[90m─[39m[90m─[39m[90m─[39m[90m─[39m[90m─[39m[90m─[39m[90m─[39m[90m─[39m[90m─[39m[90m─[39m[90m─[39m[90m─[39m[90m─[39m[90m─[39m[90m─[39m[90m─[39m[90m─[39m[90m─[39m[90m─[39m[90m─[39m[90m─[39m[90m─[39m[90m─[39m[90m─[39m[90m─[39m[90m─[39m[90m─[39m[90m─[39m[90m─[39m[90m─[39m[90m─[39m[90m─[39m[90m─[39m[90m─[39m[90m─[39m[90m─[39m[90m─[39m[90m─[39m[90m─[39m[90m─[39m[90m─[39m[90m─[39m[90m─[39m[90m─[39m[90m─[39m[90m─[39m[90m─[39m[90m─[39m[90m─[39m[90m─[39m[90m─[39m[90m─[39m[90m─[39m[90m─[39m[90m─[39m[90m─[39m[90m─[39m[90m─[39m[90m─[39m[90m─[39m[90m─[39m[90m─[39m[90m─[39m[90m─[39m[90m─[39m[90m─[39m[90m─[39m[90m─[39m[90m─[39m[90m─[39m[90m─[39m[90m─[39m[90m─[39m[90m─[39m[90m─[39m[90m─[39m[90m─[39m[90m─[39m[90m─[39m
Admin UI E2E (2, chrome)	Run Cypress	2024-10-22T16:17:49.6766051Z                                                                                                     
Admin UI E2E (2, chrome)	Run Cypress	2024-10-22T16:17:49.6767194Z   Running:  [90mauthentication_test.spec.ts[39m                                                     [90m(6 of 8)[39m
Admin UI E2E (2, chrome)	Run Cypress	2024-10-22T16:17:53.7755508Z 
Admin UI E2E (2, chrome)	Run Cypress	2024-10-22T16:17:53.7756621Z [0m[0m
Admin UI E2E (2, chrome)	Run Cypress	2024-10-22T16:17:53.7766014Z [0m  Authentication test[0m
Admin UI E2E (2, chrome)	Run Cypress	2024-10-22T16:17:58.1099392Z   [32m  ✓[0m[90m authentication empty search test[0m[90m (4307ms)[0m
Admin UI E2E (2, chrome)	Run Cypress	2024-10-22T16:17:59.9444473Z   [32m  ✓[0m[90m authentication search flow[0m[90m (1798ms)[0m
Admin UI E2E (2, chrome)	Run Cypress	2024-10-22T16:18:02.3578445Z   [32m  ✓[0m[90m should create duplicate of existing flow[0m[90m (2365ms)[0m
Admin UI E2E (2, chrome)	Run Cypress	2024-10-22T16:18:04.1403677Z   [32m  ✓[0m[90m Should fail duplicate with empty flow name[0m[90m (1740ms)[0m
Admin UI E2E (2, chrome)	Run Cypress	2024-10-22T16:18:06.1580177Z   [32m  ✓[0m[90m Should fail duplicate with duplicated name[0m[90m (1984ms)[0m
Admin UI E2E (2, chrome)	Run Cypress	2024-10-22T16:18:07.7593597Z   [32m  ✓[0m[90m Should show the details of a flow as a table[0m[90m (1565ms)[0m
Admin UI E2E (2, chrome)	Run Cypress	2024-10-22T16:18:07.7724503Z   [36m  - Should move kerberos down[0m
Admin UI E2E (2, chrome)	Run Cypress	2024-10-22T16:18:10.3517064Z   [32m  ✓[0m[90m Should edit flow details[0m[90m (2556ms)[0m
Admin UI E2E (2, chrome)	Run Cypress	2024-10-22T16:18:12.1691715Z   [32m  ✓[0m[90m Should change requirement of cookie[0m[90m (1788ms)[0m
Admin UI E2E (2, chrome)	Run Cypress	2024-10-22T16:18:13.7749292Z   [32m  ✓[0m[90m Should switch to diagram mode[0m[90m (1580ms)[0m
Admin UI E2E (2, chrome)	Run Cypress	2024-10-22T16:18:15.8057810Z   [32m  ✓[0m[90m Should add a execution[0m[90m (1989ms)[0m
Admin UI E2E (2, chrome)	Run Cypress	2024-10-22T16:18:17.8846897Z   [32m  ✓[0m[90m should add a condition[0m[90m (2052ms)[0m
Admin UI E2E (2, chrome)	Run Cypress	2024-10-22T16:18:20.0726051Z   [32m  ✓[0m[90m Should add a sub-flow[0m[90m (2155ms)[0m
Admin UI E2E (2, chrome)	Run Cypress	2024-10-22T16:18:21.9412919Z   [32m  ✓[0m[90m Should remove an execution[0m[90m (1835ms)[0m
Admin UI E2E (2, chrome)	Run Cypress	2024-10-22T16:18:23.8382748Z   [32m  ✓[0m[90m Should set as default in action menu[0m[90m (1867ms)[0m
Admin UI E2E (2, chrome)	Run Cypress	2024-10-22T16:18:27.5821969Z   [32m  ✓[0m[90m should create flow from scratch[0m[90m (3717ms)[0m
Admin UI E2E (2, chrome)	Run Cypress	2024-10-22T16:18:29.2311749Z   [32m  ✓[0m[90m Should delete a flow from action menu[0m[90m (1614ms)[0m
Admin UI E2E (2, chrome)	Run Cypress	2024-10-22T16:18:32.1238341Z   [32m  ✓[0m[90m add webauthn authentication to browserflow[0m[90m (2864ms)[0m
Admin UI E2E (2, chrome)	Run Cypress	2024-10-22T16:18:34.6262939Z   [32m  ✓[0m[90m Should display the default browser flow diagram[0m[90m (1995ms)[0m
Admin UI E2E (2, chrome)	Run Cypress	2024-10-22T16:18:34.6502506Z 
Admin UI E2E (2, chrome)	Run Cypress	2024-10-22T16:18:34.6503927Z [0m  Required actions[0m
Admin UI E2E (2, chrome)	Run Cypress	2024-10-22T16:18:37.0840061Z   [32m  ✓[0m[90m should enable delete account[0m[90m (2409ms)[0m
Admin UI E2E (2, chrome)	Run Cypress	2024-10-22T16:18:38.7782485Z   [32m  ✓[0m[90m should register an unregistered action[0m[90m (1666ms)[0m
Admin UI E2E (2, chrome)	Run Cypress	2024-10-22T16:18:40.4465191Z   [32m  ✓[0m[90m should set action as default[0m[90m (1636ms)[0m
Admin UI E2E (2, chrome)	Run Cypress	2024-10-22T16:18:42.6597022Z   [32m  ✓[0m[90m should reorder required actions[0m[90m (1757ms)[0m
Admin UI E2E (2, chrome)	Run Cypress	2024-10-22T16:18:42.6720371Z 
Admin UI E2E (2, chrome)	Run Cypress	2024-10-22T16:18:42.6724136Z [0m  Password policies tab[0m
Admin UI E2E (2, chrome)	Run Cypress	2024-10-22T16:18:44.3336260Z   [32m  ✓[0m[90m should add password policies[0m[90m (1640ms)[0m
Admin UI E2E (2, chrome)	Run Cypress	2024-10-22T16:18:45.9573861Z   [32m  ✓[0m[90m should remove password policies[0m[90m (1594ms)[0m
Admin UI E2E (2, chrome)	Run Cypress	2024-10-22T16:18:45.9676742Z 
Admin UI E2E (2, chrome)	Run Cypress	2024-10-22T16:18:45.9678411Z [0m  Accessibility tests for authentication[0m
Admin UI E2E (2, chrome)	Run Cypress	2024-10-22T16:18:48.5030580Z   [32m  ✓[0m[90m Check a11y violations on load/ authentication tab/ flows sub tab[0m[90m (2517ms)[0m
Admin UI E2E (2, chrome)	Run Cypress	2024-10-22T16:18:50.4733713Z   [32m  ✓[0m[90m Check a11y violations on load/ authentication tab/ flows sub tab/ creating flow form[0m[90m (1934ms)[0m
Admin UI E2E (2, chrome)	Run Cypress	2024-10-22T16:18:53.3051392Z   [32m  ✓[0m[90m Check a11y violations on load/ authentication tab/ flows sub tab/ creating flow[0m[90m (2794ms)[0m
Admin UI E2E (2, chrome)	Run Cypress	2024-10-22T16:18:55.0631173Z   [32m  ✓[0m[90m Check a11y violations on load/ authentication tab/ flows sub tab/ creating flow form[0m[90m (1719ms)[0m
Admin UI E2E (2, chrome)	Run Cypress	2024-10-22T16:18:57.0324192Z   [32m  ✓[0m[90m Check a11y violations on load/ authentication tab/ required actions sub tab[0m[90m (1943ms)[0m
Admin UI E2E (2, chrome)	Run Cypress	2024-10-22T16:18:58.8278589Z   [32m  ✓[0m[90m Check a11y violations on load/ policies tab/ password policy sub tab[0m[90m (1774ms)[0m
Admin UI E2E (2, chrome)	Run Cypress	2024-10-22T16:19:00.8225695Z   [32m  ✓[0m[90m Check a11y violations on load/ authentication tab/ policies sub tab/ adding policy[0m[90m (1976ms)[0m
Admin UI E2E (2, chrome)	Run Cypress	2024-10-22T16:19:02.7621277Z   [32m  ✓[0m[90m Check a11y violations on load/ policies tab/ otp policy sub tab[0m[90m (1917ms)[0m
Admin UI E2E (2, chrome)	Run Cypress	2024-10-22T16:19:04.8159612Z   [32m  ✓[0m[90m Check a11y violations on load/ policies tab/ WebAuthn Policies sub tab[0m[90m (2032ms)[0m
Admin UI E2E (2, chrome)	Run Cypress	2024-10-22T16:19:06.8323769Z   [32m  ✓[0m[90m Check a11y violations on load/ policies tab/ WebAuthn Passwordless Policies sub tab[0m[90m (1993ms)[0m
Admin UI E2E (2, chrome)	Run Cypress	2024-10-22T16:19:09.1705379Z   [32m  ✓[0m[90m Check a11y violations on load/ policies tab/ CIBA Policy sub tab[0m[90m (1897ms)[0m
Admin UI E2E (2, chrome)	Run Cypress	2024-10-22T16:19:09.1706690Z 
Admin UI E2E (2, chrome)	Run Cypress	2024-10-22T16:19:09.2021506Z 
Admin UI E2E (2, chrome)	Run Cypress	2024-10-22T16:19:09.2023373Z [92m [0m[32m 35 passing[0m[90m (1m)[0m
Admin UI E2E (2, chrome)	Run Cypress	2024-10-22T16:19:09.2024497Z [36m [0m[36m 1 pending[0m
Admin UI E2E (2, chrome)	Run Cypress	2024-10-22T16:19:09.2025223Z 
Admin UI E2E (2, chrome)	Run Cypress	2024-10-22T16:19:10.2207597Z 
Admin UI E2E (2, chrome)	Run Cypress	2024-10-22T16:19:10.2208627Z [32m  ([4m[1mResults[22m[24m)[39m
Admin UI E2E (2, chrome)	Run Cypress	2024-10-22T16:19:10.2213039Z 
Admin UI E2E (2, chrome)	Run Cypress	2024-10-22T16:19:10.2227334Z [90m  ┌[39m[90m─[39m[90m─[39m[90m─[39m[90m─[39m[90m─[39m[90m─[39m[90m─[39m[90m─[39m[90m─[39m[90m─[39m[90m─[39m[90m─[39m[90m─[39m[90m─[39m[90m─[39m[90m─[39m[90m─[39m[90m─[39m[90m─[39m[90m─[39m[90m─[39m[90m─[39m[90m─[39m[90m─[39m[90m─[39m[90m─[39m[90m─[39m[90m─[39m[90m─[39m[90m─[39m[90m─[39m[90m─[39m[90m─[39m[90m─[39m[90m─[39m[90m─[39m[90m─[39m[90m─[39m[90m─[39m[90m─[39m[90m─[39m[90m─[39m[90m─[39m[90m─[39m[90m─[39m[90m─[39m[90m─[39m[90m─[39m[90m─[39m[90m─[39m[90m─[39m[90m─[39m[90m─[39m[90m─[39m[90m─[39m[90m─[39m[90m─[39m[90m─[39m[90m─[39m[90m─[39m[90m─[39m[90m─[39m[90m─[39m[90m─[39m[90m─[39m[90m─[39m[90m─[39m[90m─[39m[90m─[39m[90m─[39m[90m─[39m[90m─[39m[90m─[39m[90m─[39m[90m─[39m[90m─[39m[90m─[39m[90m─[39m[90m─[39m[90m─[39m[90m─[39m[90m─[39m[90m─[39m[90m─[39m[90m─[39m[90m─[39m[90m─[39m[90m─[39m[90m─[39m[90m─[39m[90m─[39m[90m─[39m[90m─[39m[90m─[39m[90m─[39m[90m─[39m[90m┐[39m
Admin UI E2E (2, chrome)	Run Cypress	2024-10-22T16:19:10.2232456Z [90m  │[39m [90mTests:[39m        [32m36[39m                                                                               [90m│[39m
Admin UI E2E (2, chrome)	Run Cypress	2024-10-22T16:19:10.2233630Z [90m  │[39m [90mPassing:[39m      [32m35[39m                                                                               [90m│[39m
Admin UI E2E (2, chrome)	Run Cypress	2024-10-22T16:19:10.2234793Z [90m  │[39m [90mFailing:[39m      [32m0[39m                                                                                [90m│[39m
Admin UI E2E (2, chrome)	Run Cypress	2024-10-22T16:19:10.2236939Z [90m  │[39m [90mPending:[39m      [32m1[39m                                                                                [90m│[39m
Admin UI E2E (2, chrome)	Run Cypress	2024-10-22T16:19:10.2238726Z [90m  │[39m [90mSkipped:[39m      [32m0[39m                                                                                [90m│[39m
Admin UI E2E (2, chrome)	Run Cypress	2024-10-22T16:19:10.2240529Z [90m  │[39m [90mScreenshots:[39m  [32m0[39m                                                                                [90m│[39m
Admin UI E2E (2, chrome)	Run Cypress	2024-10-22T16:19:10.2242343Z [90m  │[39m [90mVideo:[39m        [32mfalse[39m                                                                            [90m│[39m
Admin UI E2E (2, chrome)	Run Cypress	2024-10-22T16:19:10.2244355Z [90m  │[39m [90mDuration:[39m     [32m1 minute, 15 seconds[39m                                                             [90m│[39m
Admin UI E2E (2, chrome)	Run Cypress	2024-10-22T16:19:10.2246402Z [90m  │[39m [90mSpec Ran:[39m     [32m[32mauthentication_test.spec.ts[32m[39m                                                      [90m│[39m
Admin UI E2E (2, chrome)	Run Cypress	2024-10-22T16:19:10.2255730Z [90m  └[39m[90m─[39m[90m─[39m[90m─[39m[90m─[39m[90m─[39m[90m─[39m[90m─[39m[90m─[39m[90m─[39m[90m─[39m[90m─[39m[90m─[39m[90m─[39m[90m─[39m[90m─[39m[90m─[39m[90m─[39m[90m─[39m[90m─[39m[90m─[39m[90m─[39m[90m─[39m[90m─[39m[90m─[39m[90m─[39m[90m─[39m[90m─[39m[90m─[39m[90m─[39m[90m─[39m[90m─[39m[90m─[39m[90m─[39m[90m─[39m[90m─[39m[90m─[39m[90m─[39m[90m─[39m[90m─[39m[90m─[39m[90m─[39m[90m─[39m[90m─[39m[90m─[39m[90m─[39m[90m─[39m[90m─[39m[90m─[39m[90m─[39m[90m─[39m[90m─[39m[90m─[39m[90m─[39m[90m─[39m[90m─[39m[90m─[39m[90m─[39m[90m─[39m[90m─[39m[90m─[39m[90m─[39m[90m─[39m[90m─[39m[90m─[39m[90m─[39m[90m─[39m[90m─[39m[90m─[39m[90m─[39m[90m─[39m[90m─[39m[90m─[39m[90m─[39m[90m─[39m[90m─[39m[90m─[39m[90m─[39m[90m─[39m[90m─[39m[90m─[39m[90m─[39m[90m─[39m[90m─[39m[90m─[39m[90m─[39m[90m─[39m[90m─[39m[90m─[39m[90m─[39m[90m─[39m[90m─[39m[90m─[39m[90m─[39m[90m─[39m[90m─[39m[90m─[39m[90m┘[39m
Admin UI E2E (2, chrome)	Run Cypress	2024-10-22T16:19:10.2262064Z 
Admin UI E2E (2, chrome)	Run Cypress	2024-10-22T16:19:10.2668328Z 
Admin UI E2E (2, chrome)	Run Cypress	2024-10-22T16:19:10.2679796Z [90m─[39m[90m─[39m[90m─[39m[90m─[39m[90m─[39m[90m─[39m[90m─[39m[90m─[39m[90m─[39m[90m─[39m[90m─[39m[90m─[39m[90m─[39m[90m─[39m[90m─[39m[90m─[39m[90m─[39m[90m─[39m[90m─[39m[90m─[39m[90m─[39m[90m─[39m[90m─[39m[90m─[39m[90m─[39m[90m─[39m[90m─[39m[90m─[39m[90m─[39m[90m─[39m[90m─[39m[90m─[39m[90m─[39m[90m─[39m[90m─[39m[90m─[39m[90m─[39m[90m─[39m[90m─[39m[90m─[39m[90m─[39m[90m─[39m[90m─[39m[90m─[39m[90m─[39m[90m─[39m[90m─[39m[90m─[39m[90m─[39m[90m─[39m[90m─[39m[90m─[39m[90m─[39m[90m─[39m[90m─[39m[90m─[39m[90m─[39m[90m─[39m[90m─[39m[90m─[39m[90m─[39m[90m─[39m[90m─[39m[90m─[39m[90m─[39m[90m─[39m[90m─[39m[90m─[39m[90m─[39m[90m─[39m[90m─[39m[90m─[39m[90m─[39m[90m─[39m[90m─[39m[90m─[39m[90m─[39m[90m─[39m[90m─[39m[90m─[39m[90m─[39m[90m─[39m[90m─[39m[90m─[39m[90m─[39m[90m─[39m[90m─[39m[90m─[39m[90m─[39m[90m─[39m[90m─[39m[90m─[39m[90m─[39m[90m─[39m[90m─[39m[90m─[39m[90m─[39m[90m─[39m[90m─[39m[90m─[39m
Admin UI E2E (2, chrome)	Run Cypress	2024-10-22T16:19:10.2684549Z                                                                                                     
Admin UI E2E (2, chrome)	Run Cypress	2024-10-22T16:19:10.2686261Z   Running:  [90mclients_saml_advanced.spec.ts[39m                                                   [90m(7 of 8)[39m
Admin UI E2E (2, chrome)	Run Cypress	2024-10-22T16:19:14.4056569Z 
Admin UI E2E (2, chrome)	Run Cypress	2024-10-22T16:19:14.4057648Z [0m[0m
Admin UI E2E (2, chrome)	Run Cypress	2024-10-22T16:19:14.4095299Z [0m  Clients Saml advanced tab[0m
Admin UI E2E (2, chrome)	Run Cypress	2024-10-22T16:19:14.4096945Z [0m    Fine Grain SAML Endpoint Configuration[0m
Admin UI E2E (2, chrome)	Run Cypress	2024-10-22T16:19:20.0940441Z     [32m  ✓[0m[90m Should Terms of service URL[0m[90m (5644ms)[0m
Admin UI E2E (2, chrome)	Run Cypress	2024-10-22T16:19:22.6569463Z     [32m  ✓[0m[90m Invalid terms of service URL[0m[90m (2508ms)[0m
Admin UI E2E (2, chrome)	Run Cypress	2024-10-22T16:19:22.6571381Z 
Admin UI E2E (2, chrome)	Run Cypress	2024-10-22T16:19:22.6996179Z 
Admin UI E2E (2, chrome)	Run Cypress	2024-10-22T16:19:22.6998125Z [92m [0m[32m 2 passing[0m[90m (8s)[0m
Admin UI E2E (2, chrome)	Run Cypress	2024-10-22T16:19:22.6998728Z 
Admin UI E2E (2, chrome)	Run Cypress	2024-10-22T16:19:23.7103391Z 
Admin UI E2E (2, chrome)	Run Cypress	2024-10-22T16:19:23.7105264Z [32m  ([4m[1mResults[22m[24m)[39m
Admin UI E2E (2, chrome)	Run Cypress	2024-10-22T16:19:23.7110082Z 
Admin UI E2E (2, chrome)	Run Cypress	2024-10-22T16:19:23.7126619Z [90m  ┌[39m[90m─[39m[90m─[39m[90m─[39m[90m─[39m[90m─[39m[90m─[39m[90m─[39m[90m─[39m[90m─[39m[90m─[39m[90m─[39m[90m─[39m[90m─[39m[90m─[39m[90m─[39m[90m─[39m[90m─[39m[90m─[39m[90m─[39m[90m─[39m[90m─[39m[90m─[39m[90m─[39m[90m─[39m[90m─[39m[90m─[39m[90m─[39m[90m─[39m[90m─[39m[90m─[39m[90m─[39m[90m─[39m[90m─[39m[90m─[39m[90m─[39m[90m─[39m[90m─[39m[90m─[39m[90m─[39m[90m─[39m[90m─[39m[90m─[39m[90m─[39m[90m─[39m[90m─[39m[90m─[39m[90m─[39m[90m─[39m[90m─[39m[90m─[39m[90m─[39m[90m─[39m[90m─[39m[90m─[39m[90m─[39m[90m─[39m[90m─[39m[90m─[39m[90m─[39m[90m─[39m[90m─[39m[90m─[39m[90m─[39m[90m─[39m[90m─[39m[90m─[39m[90m─[39m[90m─[39m[90m─[39m[90m─[39m[90m─[39m[90m─[39m[90m─[39m[90m─[39m[90m─[39m[90m─[39m[90m─[39m[90m─[39m[90m─[39m[90m─[39m[90m─[39m[90m─[39m[90m─[39m[90m─[39m[90m─[39m[90m─[39m[90m─[39m[90m─[39m[90m─[39m[90m─[39m[90m─[39m[90m─[39m[90m─[39m[90m─[39m[90m─[39m[90m─[39m[90m┐[39m
Admin UI E2E (2, chrome)	Run Cypress	2024-10-22T16:19:23.7133849Z [90m  │[39m [90mTests:[39m        [32m2[39m                                                                                [90m│[39m
Admin UI E2E (2, chrome)	Run Cypress	2024-10-22T16:19:23.7135836Z [90m  │[39m [90mPassing:[39m      [32m2[39m                                                                                [90m│[39m
Admin UI E2E (2, chrome)	Run Cypress	2024-10-22T16:19:23.7137760Z [90m  │[39m [90mFailing:[39m      [32m0[39m                                                                                [90m│[39m
Admin UI E2E (2, chrome)	Run Cypress	2024-10-22T16:19:23.7139525Z [90m  │[39m [90mPending:[39m      [32m0[39m                                                                                [90m│[39m
Admin UI E2E (2, chrome)	Run Cypress	2024-10-22T16:19:23.7141355Z [90m  │[39m [90mSkipped:[39m      [32m0[39m                                                                                [90m│[39m
Admin UI E2E (2, chrome)	Run Cypress	2024-10-22T16:19:23.7143104Z [90m  │[39m [90mScreenshots:[39m  [32m0[39m                                                                                [90m│[39m
Admin UI E2E (2, chrome)	Run Cypress	2024-10-22T16:19:23.7144873Z [90m  │[39m [90mVideo:[39m        [32mfalse[39m                                                                            [90m│[39m
Admin UI E2E (2, chrome)	Run Cypress	2024-10-22T16:19:23.7146869Z [90m  │[39m [90mDuration:[39m     [32m8 seconds[39m                                                                        [90m│[39m
Admin UI E2E (2, chrome)	Run Cypress	2024-10-22T16:19:23.7148947Z [90m  │[39m [90mSpec Ran:[39m     [32m[32mclients_saml_advanced.spec.ts[32m[39m                                                    [90m│[39m
Admin UI E2E (2, chrome)	Run Cypress	2024-10-22T16:19:23.7157837Z [90m  └[39m[90m─[39m[90m─[39m[90m─[39m[90m─[39m[90m─[39m[90m─[39m[90m─[39m[90m─[39m[90m─[39m[90m─[39m[90m─[39m[90m─[39m[90m─[39m[90m─[39m[90m─[39m[90m─[39m[90m─[39m[90m─[39m[90m─[39m[90m─[39m[90m─[39m[90m─[39m[90m─[39m[90m─[39m[90m─[39m[90m─[39m[90m─[39m[90m─[39m[90m─[39m[90m─[39m[90m─[39m[90m─[39m[90m─[39m[90m─[39m[90m─[39m[90m─[39m[90m─[39m[90m─[39m[90m─[39m[90m─[39m[90m─[39m[90m─[39m[90m─[39m[90m─[39m[90m─[39m[90m─[39m[90m─[39m[90m─[39m[90m─[39m[90m─[39m[90m─[39m[90m─[39m[90m─[39m[90m─[39m[90m─[39m[90m─[39m[90m─[39m[90m─[39m[90m─[39m[90m─[39m[90m─[39m[90m─[39m[90m─[39m[90m─[39m[90m─[39m[90m─[39m[90m─[39m[90m─[39m[90m─[39m[90m─[39m[90m─[39m[90m─[39m[90m─[39m[90m─[39m[90m─[39m[90m─[39m[90m─[39m[90m─[39m[90m─[39m[90m─[39m[90m─[39m[90m─[39m[90m─[39m[90m─[39m[90m─[39m[90m─[39m[90m─[39m[90m─[39m[90m─[39m[90m─[39m[90m─[39m[90m─[39m[90m─[39m[90m─[39m[90m─[39m[90m─[39m[90m┘[39m
Admin UI E2E (2, chrome)	Run Cypress	2024-10-22T16:19:23.7163575Z 
Admin UI E2E (2, chrome)	Run Cypress	2024-10-22T16:19:23.7478084Z 
Admin UI E2E (2, chrome)	Run Cypress	2024-10-22T16:19:23.7491091Z [90m─[39m[90m─[39m[90m─[39m[90m─[39m[90m─[39m[90m─[39m[90m─[39m[90m─[39m[90m─[39m[90m─[39m[90m─[39m[90m─[39m[90m─[39m[90m─[39m[90m─[39m[90m─[39m[90m─[39m[90m─[39m[90m─[39m[90m─[39m[90m─[39m[90m─[39m[90m─[39m[90m─[39m[90m─[39m[90m─[39m[90m─[39m[90m─[39m[90m─[39m[90m─[39m[90m─[39m[90m─[39m[90m─[39m[90m─[39m[90m─[39m[90m─[39m[90m─[39m[90m─[39m[90m─[39m[90m─[39m[90m─[39m[90m─[39m[90m─[39m[90m─[39m[90m─[39m[90m─[39m[90m─[39m[90m─[39m[90m─[39m[90m─[39m[90m─[39m[90m─[39m[90m─[39m[90m─[39m[90m─[39m[90m─[39m[90m─[39m[90m─[39m[90m─[39m[90m─[39m[90m─[39m[90m─[39m[90m─[39m[90m─[39m[90m─[39m[90m─[39m[90m─[39m[90m─[39m[90m─[39m[90m─[39m[90m─[39m[90m─[39m[90m─[39m[90m─[39m[90m─[39m[90m─[39m[90m─[39m[90m─[39m[90m─[39m[90m─[39m[90m─[39m[90m─[39m[90m─[39m[90m─[39m[90m─[39m[90m─[39m[90m─[39m[90m─[39m[90m─[39m[90m─[39m[90m─[39m[90m─[39m[90m─[39m[90m─[39m[90m─[39m[90m─[39m[90m─[39m[90m─[39m[90m─[39m[90m─[39m
Admin UI E2E (2, chrome)	Run Cypress	2024-10-22T16:19:23.7498291Z                                                                                                     
Admin UI E2E (2, chrome)	Run Cypress	2024-10-22T16:19:23.7499927Z   Running:  [90mrealm_settings_user_profile_enabled.spec.ts[39m                                     [90m(8 of 8)[39m
Admin UI E2E (2, chrome)	Run Cypress	2024-10-22T16:19:27.3626283Z 
Admin UI E2E (2, chrome)	Run Cypress	2024-10-22T16:19:27.3629797Z [0m[0m
Admin UI E2E (2, chrome)	Run Cypress	2024-10-22T16:19:27.3650727Z [0m  User profile tabs[0m
Admin UI E2E (2, chrome)	Run Cypress	2024-10-22T16:19:28.3320166Z [0m    Attributes sub tab tests[0m
Admin UI E2E (2, chrome)	Run Cypress	2024-10-22T16:19:32.1947598Z     [32m  ✓[0m[90m Goes to create attribute page[0m[90m (4791ms)[0m
Admin UI E2E (2, chrome)	Run Cypress	2024-10-22T16:19:34.6675321Z     [32m  ✓[0m[90m Completes new attribute form and performs cancel[0m[90m (2401ms)[0m
Admin UI E2E (2, chrome)	Run Cypress	2024-10-22T16:19:37.1514710Z     [32m  ✓[0m[90m Completes new attribute form and performs submit[0m[90m (2451ms)[0m
Admin UI E2E (2, chrome)	Run Cypress	2024-10-22T16:19:40.7628823Z     [32m  ✓[0m[90m Modifies existing attribute and performs save[0m[90m (3571ms)[0m
Admin UI E2E (2, chrome)	Run Cypress	2024-10-22T16:19:43.5220653Z     [32m  ✓[0m[90m Adds and removes validator to/from existing attribute and performs save[0m[90m (2724ms)[0m
Admin UI E2E (2, chrome)	Run Cypress	2024-10-22T16:19:43.5340075Z [0m    Attribute groups sub tab tests[0m
Admin UI E2E (2, chrome)	Run Cypress	2024-10-22T16:19:45.6925115Z     [32m  ✓[0m[90m Deletes an attributes group[0m[90m (2132ms)[0m
Admin UI E2E (2, chrome)	Run Cypress	2024-10-22T16:19:45.7053363Z [0m    Check attributes are displayed and editable on user create/edit[0m
Admin UI E2E (2, chrome)	Run Cypress	2024-10-22T16:19:53.8915547Z     [32m  ✓[0m[90m Checks that not required attribute is not present when user is created with email as username and edit username set to disabled[0m[90m (8102ms)[0m
Admin UI E2E (2, chrome)	Run Cypress	2024-10-22T16:20:03.5369212Z     [32m  ✓[0m[90m Checks that not required attribute is not present when user is created/edited with email as username enabled[0m[90m (9574ms)[0m
Admin UI E2E (2, chrome)	Run Cypress	2024-10-22T16:20:11.5870345Z     [32m  ✓[0m[90m Checks that not required attribute with permissions to view/edit is present when user is created[0m[90m (7983ms)[0m
Admin UI E2E (2, chrome)	Run Cypress	2024-10-22T16:20:16.5178552Z     [32m  ✓[0m[90m Checks that required attribute with permissions to view/edit is present and required when user is created[0m[90m (4886ms)[0m
Admin UI E2E (2, chrome)	Run Cypress	2024-10-22T16:20:21.6056245Z     [32m  ✓[0m[90m Checks that required attribute with permissions to view/edit is accepted when user is created[0m[90m (5056ms)[0m
Admin UI E2E (2, chrome)	Run Cypress	2024-10-22T16:20:26.6021488Z     [32m  ✓[0m[90m Checks that attribute group is visible when user with existing attribute is created[0m[90m (4963ms)[0m
Admin UI E2E (2, chrome)	Run Cypress	2024-10-22T16:20:33.8711183Z     [32m  ✓[0m[90m Checks that attribute group is visible when user with a new attribute is created[0m[90m (7237ms)[0m
Admin UI E2E (2, chrome)	Run Cypress	2024-10-22T16:20:39.8338379Z     [32m  ✓[0m[90m Checks that attribute with select-annotation is displayed and editable when user is created/edited[0m[90m (5499ms)[0m
Admin UI E2E (2, chrome)	Run Cypress	2024-10-22T16:20:39.8341103Z 
Admin UI E2E (2, chrome)	Run Cypress	2024-10-22T16:20:39.8674509Z 
Admin UI E2E (2, chrome)	Run Cypress	2024-10-22T16:20:39.8676689Z [92m [0m[32m 14 passing[0m[90m (1m)[0m
Admin UI E2E (2, chrome)	Run Cypress	2024-10-22T16:20:39.8677518Z 
Admin UI E2E (2, chrome)	Run Cypress	2024-10-22T16:20:40.8857646Z 
Admin UI E2E (2, chrome)	Run Cypress	2024-10-22T16:20:40.8859357Z [32m  ([4m[1mResults[22m[24m)[39m
Admin UI E2E (2, chrome)	Run Cypress	2024-10-22T16:20:40.8864721Z 
Admin UI E2E (2, chrome)	Run Cypress	2024-10-22T16:20:40.8879797Z [90m  ┌[39m[90m─[39m[90m─[39m[90m─[39m[90m─[39m[90m─[39m[90m─[39m[90m─[39m[90m─[39m[90m─[39m[90m─[39m[90m─[39m[90m─[39m[90m─[39m[90m─[39m[90m─[39m[90m─[39m[90m─[39m[90m─[39m[90m─[39m[90m─[39m[90m─[39m[90m─[39m[90m─[39m[90m─[39m[90m─[39m[90m─[39m[90m─[39m[90m─[39m[90m─[39m[90m─[39m[90m─[39m[90m─[39m[90m─[39m[90m─[39m[90m─[39m[90m─[39m[90m─[39m[90m─[39m[90m─[39m[90m─[39m[90m─[39m[90m─[39m[90m─[39m[90m─[39m[90m─[39m[90m─[39m[90m─[39m[90m─[39m[90m─[39m[90m─[39m[90m─[39m[90m─[39m[90m─[39m[90m─[39m[90m─[39m[90m─[39m[90m─[39m[90m─[39m[90m─[39m[90m─[39m[90m─[39m[90m─[39m[90m─[39m[90m─[39m[90m─[39m[90m─[39m[90m─[39m[90m─[39m[90m─[39m[90m─[39m[90m─[39m[90m─[39m[90m─[39m[90m─[39m[90m─[39m[90m─[39m[90m─[39m[90m─[39m[90m─[39m[90m─[39m[90m─[39m[90m─[39m[90m─[39m[90m─[39m[90m─[39m[90m─[39m[90m─[39m[90m─[39m[90m─[39m[90m─[39m[90m─[39m[90m─[39m[90m─[39m[90m─[39m[90m─[39m[90m─[39m[90m┐[39m
Admin UI E2E (2, chrome)	Run Cypress	2024-10-22T16:20:40.8887416Z [90m  │[39m [90mTests:[39m        [32m14[39m                                                                               [90m│[39m
Admin UI E2E (2, chrome)	Run Cypress	2024-10-22T16:20:40.8889251Z [90m  │[39m [90mPassing:[39m      [32m14[39m                                                                               [90m│[39m
Admin UI E2E (2, chrome)	Run Cypress	2024-10-22T16:20:40.8891485Z [90m  │[39m [90mFailing:[39m      [32m0[39m                                                                                [90m│[39m
Admin UI E2E (2, chrome)	Run Cypress	2024-10-22T16:20:40.8893389Z [90m  │[39m [90mPending:[39m      [32m0[39m                                                                                [90m│[39m
Admin UI E2E (2, chrome)	Run Cypress	2024-10-22T16:20:40.8895159Z [90m  │[39m [90mSkipped:[39m      [32m0[39m                                                                                [90m│[39m
Admin UI E2E (2, chrome)	Run Cypress	2024-10-22T16:20:40.8896943Z [90m  │[39m [90mScreenshots:[39m  [32m0[39m                                                                                [90m│[39m
Admin UI E2E (2, chrome)	Run Cypress	2024-10-22T16:20:40.8898786Z [90m  │[39m [90mVideo:[39m        [32mfalse[39m                                                                            [90m│[39m
Admin UI E2E (2, chrome)	Run Cypress	2024-10-22T16:20:40.8900653Z [90m  │[39m [90mDuration:[39m     [32m1 minute, 12 seconds[39m                                                             [90m│[39m
Admin UI E2E (2, chrome)	Run Cypress	2024-10-22T16:20:40.8902951Z [90m  │[39m [90mSpec Ran:[39m     [32m[32mrealm_settings_user_profile_enabled.spec.ts[32m[39m                                      [90m│[39m
Admin UI E2E (2, chrome)	Run Cypress	2024-10-22T16:20:40.8912396Z [90m  └[39m[90m─[39m[90m─[39m[90m─[39m[90m─[39m[90m─[39m[90m─[39m[90m─[39m[90m─[39m[90m─[39m[90m─[39m[90m─[39m[90m─[39m[90m─[39m[90m─[39m[90m─[39m[90m─[39m[90m─[39m[90m─[39m[90m─[39m[90m─[39m[90m─[39m[90m─[39m[90m─[39m[90m─[39m[90m─[39m[90m─[39m[90m─[39m[90m─[39m[90m─[39m[90m─[39m[90m─[39m[90m─[39m[90m─[39m[90m─[39m[90m─[39m[90m─[39m[90m─[39m[90m─[39m[90m─[39m[90m─[39m[90m─[39m[90m─[39m[90m─[39m[90m─[39m[90m─[39m[90m─[39m[90m─[39m[90m─[39m[90m─[39m[90m─[39m[90m─[39m[90m─[39m[90m─[39m[90m─[39m[90m─[39m[90m─[39m[90m─[39m[90m─[39m[90m─[39m[90m─[39m[90m─[39m[90m─[39m[90m─[39m[90m─[39m[90m─[39m[90m─[39m[90m─[39m[90m─[39m[90m─[39m[90m─[39m[90m─[39m[90m─[39m[90m─[39m[90m─[39m[90m─[39m[90m─[39m[90m─[39m[90m─[39m[90m─[39m[90m─[39m[90m─[39m[90m─[39m[90m─[39m[90m─[39m[90m─[39m[90m─[39m[90m─[39m[90m─[39m[90m─[39m[90m─[39m[90m─[39m[90m─[39m[90m─[39m[90m─[39m[90m─[39m[90m─[39m[90m┘[39m
Admin UI E2E (2, chrome)	Run Cypress	2024-10-22T16:20:40.8918180Z 
Admin UI E2E (2, chrome)	Run Cypress	2024-10-22T16:20:40.8998007Z 
Admin UI E2E (2, chrome)	Run Cypress	2024-10-22T16:20:40.9571649Z [90m====================================================================================================[39m
Admin UI E2E (2, chrome)	Run Cypress	2024-10-22T16:20:40.9572164Z 
Admin UI E2E (2, chrome)	Run Cypress	2024-10-22T16:20:40.9572494Z [0m  ([4m[1mRun Finished[22m[24m)[0m
Admin UI E2E (2, chrome)	Run Cypress	2024-10-22T16:20:40.9591386Z 
Admin UI E2E (2, chrome)	Run Cypress	2024-10-22T16:20:40.9591424Z 
Admin UI E2E (2, chrome)	Run Cypress	2024-10-22T16:20:40.9629216Z [90m   [39m    [90mSpec[39m                                              [90mTests[39m  [90mPassing[39m  [90mFailing[39m  [90mPending[39m  [90mSkipped[39m [90m [39m
Admin UI E2E (2, chrome)	Run Cypress	2024-10-22T16:20:40.9635742Z [90m  ┌[39m[90m─[39m[90m─[39m[90m─[39m[90m─[39m[90m─[39m[90m─[39m[90m─[39m[90m─[39m[90m─[39m[90m─[39m[90m─[39m[90m─[39m[90m─[39m[90m─[39m[90m─[39m[90m─[39m[90m─[39m[90m─[39m[90m─[39m[90m─[39m[90m─[39m[90m─[39m[90m─[39m[90m─[39m[90m─[39m[90m─[39m[90m─[39m[90m─[39m[90m─[39m[90m─[39m[90m─[39m[90m─[39m[90m─[39m[90m─[39m[90m─[39m[90m─[39m[90m─[39m[90m─[39m[90m─[39m[90m─[39m[90m─[39m[90m─[39m[90m─[39m[90m─[39m[90m─[39m[90m─[39m[90m─[39m[90m─[39m[90m─[39m[90m─[39m[90m─[39m[90m─[39m[90m─[39m[90m─[39m[90m─[39m[90m─[39m[90m─[39m[90m─[39m[90m─[39m[90m─[39m[90m─[39m[90m─[39m[90m─[39m[90m─[39m[90m─[39m[90m─[39m[90m─[39m[90m─[39m[90m─[39m[90m─[39m[90m─[39m[90m─[39m[90m─[39m[90m─[39m[90m─[39m[90m─[39m[90m─[39m[90m─[39m[90m─[39m[90m─[39m[90m─[39m[90m─[39m[90m─[39m[90m─[39m[90m─[39m[90m─[39m[90m─[39m[90m─[39m[90m─[39m[90m─[39m[90m─[39m[90m─[39m[90m─[39m[90m─[39m[90m─[39m[90m─[39m[90m┐[39m
Admin UI E2E (2, chrome)	Run Cypress	2024-10-22T16:20:40.9641114Z [90m  │[39m [32m✔[39m  [0mclient_scopes_test.spec.ts[0m               [90m01:18[39m       [0m25[0m       [32m25[39m        [90m-[39m        [90m-[39m        [90m-[39m [90m│[39m
Admin UI E2E (2, chrome)	Run Cypress	2024-10-22T16:20:40.9646588Z [90m  ├[39m[90m─[39m[90m─[39m[90m─[39m[90m─[39m[90m─[39m[90m─[39m[90m─[39m[90m─[39m[90m─[39m[90m─[39m[90m─[39m[90m─[39m[90m─[39m[90m─[39m[90m─[39m[90m─[39m[90m─[39m[90m─[39m[90m─[39m[90m─[39m[90m─[39m[90m─[39m[90m─[39m[90m─[39m[90m─[39m[90m─[39m[90m─[39m[90m─[39m[90m─[39m[90m─[39m[90m─[39m[90m─[39m[90m─[39m[90m─[39m[90m─[39m[90m─[39m[90m─[39m[90m─[39m[90m─[39m[90m─[39m[90m─[39m[90m─[39m[90m─[39m[90m─[39m[90m─[39m[90m─[39m[90m─[39m[90m─[39m[90m─[39m[90m─[39m[90m─[39m[90m─[39m[90m─[39m[90m─[39m[90m─[39m[90m─[39m[90m─[39m[90m─[39m[90m─[39m[90m─[39m[90m─[39m[90m─[39m[90m─[39m[90m─[39m[90m─[39m[90m─[39m[90m─[39m[90m─[39m[90m─[39m[90m─[39m[90m─[39m[90m─[39m[90m─[39m[90m─[39m[90m─[39m[90m─[39m[90m─[39m[90m─[39m[90m─[39m[90m─[39m[90m─[39m[90m─[39m[90m─[39m[90m─[39m[90m─[39m[90m─[39m[90m─[39m[90m─[39m[90m─[39m[90m─[39m[90m─[39m[90m─[39m[90m─[39m[90m─[39m[90m─[39m[90m─[39m[90m┤[39m
Admin UI E2E (2, chrome)	Run Cypress	2024-10-22T16:20:40.9652865Z [90m  │[39m [31m✖[39m  [0mclients_test.spec.ts[0m                     [90m04:02[39m       [0m66[0m       [32m65[39m        [31m1[39m        [90m-[39m        [90m-[39m [90m│[39m
Admin UI E2E (2, chrome)	Run Cypress	2024-10-22T16:20:40.9662793Z [90m  ├[39m[90m─[39m[90m─[39m[90m─[39m[90m─[39m[90m─[39m[90m─[39m[90m─[39m[90m─[39m[90m─[39m[90m─[39m[90m─[39m[90m─[39m[90m─[39m[90m─[39m[90m─[39m[90m─[39m[90m─[39m[90m─[39m[90m─[39m[90m─[39m[90m─[39m[90m─[39m[90m─[39m[90m─[39m[90m─[39m[90m─[39m[90m─[39m[90m─[39m[90m─[39m[90m─[39m[90m─[39m[90m─[39m[90m─[39m[90m─[39m[90m─[39m[90m─[39m[90m─[39m[90m─[39m[90m─[39m[90m─[39m[90m─[39m[90m─[39m[90m─[39m[90m─[39m[90m─[39m[90m─[39m[90m─[39m[90m─[39m[90m─[39m[90m─[39m[90m─[39m[90m─[39m[90m─[39m[90m─[39m[90m─[39m[90m─[39m[90m─[39m[90m─[39m[90m─[39m[90m─[39m[90m─[39m[90m─[39m[90m─[39m[90m─[39m[90m─[39m[90m─[39m[90m─[39m[90m─[39m[90m─[39m[90m─[39m[90m─[39m[90m─[39m[90m─[39m[90m─[39m[90m─[39m[90m─[39m[90m─[39m[90m─[39m[90m─[39m[90m─[39m[90m─[39m[90m─[39m[90m─[39m[90m─[39m[90m─[39m[90m─[39m[90m─[39m[90m─[39m[90m─[39m[90m─[39m[90m─[39m[90m─[39m[90m─[39m[90m─[39m[90m─[39m[90m─[39m[90m┤[39m
Admin UI E2E (2, chrome)	Run Cypress	2024-10-22T16:20:40.9685537Z [90m  │[39m [32m✔[39m  [0mauthentication_policies_ciba.spec.t[0m      [90m00:10[39m        [0m3[0m        [32m3[39m        [90m-[39m        [90m-[39m        [90m-[39m [90m│[39m
Admin UI E2E (2, chrome)	Run Cypress	2024-10-22T16:20:40.9687521Z [90m  │[39m    [0ms[0m                                                                                           [90m│[39m
Admin UI E2E (2, chrome)	Run Cypress	2024-10-22T16:20:40.9696611Z [90m  ├[39m[90m─[39m[90m─[39m[90m─[39m[90m─[39m[90m─[39m[90m─[39m[90m─[39m[90m─[39m[90m─[39m[90m─[39m[90m─[39m[90m─[39m[90m─[39m[90m─[39m[90m─[39m[90m─[39m[90m─[39m[90m─[39m[90m─[39m[90m─[39m[90m─[39m[90m─[39m[90m─[39m[90m─[39m[90m─[39m[90m─[39m[90m─[39m[90m─[39m[90m─[39m[90m─[39m[90m─[39m[90m─[39m[90m─[39m[90m─[39m[90m─[39m[90m─[39m[90m─[39m[90m─[39m[90m─[39m[90m─[39m[90m─[39m[90m─[39m[90m─[39m[90m─[39m[90m─[39m[90m─[39m[90m─[39m[90m─[39m[90m─[39m[90m─[39m[90m─[39m[90m─[39m[90m─[39m[90m─[39m[90m─[39m[90m─[39m[90m─[39m[90m─[39m[90m─[39m[90m─[39m[90m─[39m[90m─[39m[90m─[39m[90m─[39m[90m─[39m[90m─[39m[90m─[39m[90m─[39m[90m─[39m[90m─[39m[90m─[39m[90m─[39m[90m─[39m[90m─[39m[90m─[39m[90m─[39m[90m─[39m[90m─[39m[90m─[39m[90m─[39m[90m─[39m[90m─[39m[90m─[39m[90m─[39m[90m─[39m[90m─[39m[90m─[39m[90m─[39m[90m─[39m[90m─[39m[90m─[39m[90m─[39m[90m─[39m[90m─[39m[90m─[39m[90m─[39m[90m┤[39m
Admin UI E2E (2, chrome)	Run Cypress	2024-10-22T16:20:40.9704128Z [90m  │[39m [32m✔[39m  [0mrealm_roles_test.spec.ts[0m                 [90m00:54[39m       [0m22[0m       [32m22[39m        [90m-[39m        [90m-[39m        [90m-[39m [90m│[39m
Admin UI E2E (2, chrome)	Run Cypress	2024-10-22T16:20:40.9716115Z [90m  ├[39m[90m─[39m[90m─[39m[90m─[39m[90m─[39m[90m─[39m[90m─[39m[90m─[39m[90m─[39m[90m─[39m[90m─[39m[90m─[39m[90m─[39m[90m─[39m[90m─[39m[90m─[39m[90m─[39m[90m─[39m[90m─[39m[90m─[39m[90m─[39m[90m─[39m[90m─[39m[90m─[39m[90m─[39m[90m─[39m[90m─[39m[90m─[39m[90m─[39m[90m─[39m[90m─[39m[90m─[39m[90m─[39m[90m─[39m[90m─[39m[90m─[39m[90m─[39m[90m─[39m[90m─[39m[90m─[39m[90m─[39m[90m─[39m[90m─[39m[90m─[39m[90m─[39m[90m─[39m[90m─[39m[90m─[39m[90m─[39m[90m─[39m[90m─[39m[90m─[39m[90m─[39m[90m─[39m[90m─[39m[90m─[39m[90m─[39m[90m─[39m[90m─[39m[90m─[39m[90m─[39m[90m─[39m[90m─[39m[90m─[39m[90m─[39m[90m─[39m[90m─[39m[90m─[39m[90m─[39m[90m─[39m[90m─[39m[90m─[39m[90m─[39m[90m─[39m[90m─[39m[90m─[39m[90m─[39m[90m─[39m[90m─[39m[90m─[39m[90m─[39m[90m─[39m[90m─[39m[90m─[39m[90m─[39m[90m─[39m[90m─[39m[90m─[39m[90m─[39m[90m─[39m[90m─[39m[90m─[39m[90m─[39m[90m─[39m[90m─[39m[90m─[39m[90m─[39m[90m┤[39m
Admin UI E2E (2, chrome)	Run Cypress	2024-10-22T16:20:40.9724705Z [90m  │[39m [32m✔[39m  [0mrealm_settings_client_profiles_test[0m      [90m00:54[39m       [0m23[0m       [32m23[39m        [90m-[39m        [90m-[39m        [90m-[39m [90m│[39m
Admin UI E2E (2, chrome)	Run Cypress	2024-10-22T16:20:40.9726959Z [90m  │[39m    [0m.spec.ts[0m                                                                                    [90m│[39m
Admin UI E2E (2, chrome)	Run Cypress	2024-10-22T16:20:40.9736406Z [90m  ├[39m[90m─[39m[90m─[39m[90m─[39m[90m─[39m[90m─[39m[90m─[39m[90m─[39m[90m─[39m[90m─[39m[90m─[39m[90m─[39m[90m─[39m[90m─[39m[90m─[39m[90m─[39m[90m─[39m[90m─[39m[90m─[39m[90m─[39m[90m─[39m[90m─[39m[90m─[39m[90m─[39m[90m─[39m[90m─[39m[90m─[39m[90m─[39m[90m─[39m[90m─[39m[90m─[39m[90m─[39m[90m─[39m[90m─[39m[90m─[39m[90m─[39m[90m─[39m[90m─[39m[90m─[39m[90m─[39m[90m─[39m[90m─[39m[90m─[39m[90m─[39m[90m─[39m[90m─[39m[90m─[39m[90m─[39m[90m─[39m[90m─[39m[90m─[39m[90m─[39m[90m─[39m[90m─[39m[90m─[39m[90m─[39m[90m─[39m[90m─[39m[90m─[39m[90m─[39m[90m─[39m[90m─[39m[90m─[39m[90m─[39m[90m─[39m[90m─[39m[90m─[39m[90m─[39m[90m─[39m[90m─[39m[90m─[39m[90m─[39m[90m─[39m[90m─[39m[90m─[39m[90m─[39m[90m─[39m[90m─[39m[90m─[39m[90m─[39m[90m─[39m[90m─[39m[90m─[39m[90m─[39m[90m─[39m[90m─[39m[90m─[39m[90m─[39m[90m─[39m[90m─[39m[90m─[39m[90m─[39m[90m─[39m[90m─[39m[90m─[39m[90m─[39m[90m─[39m[90m┤[39m
Admin UI E2E (2, chrome)	Run Cypress	2024-10-22T16:20:40.9744867Z [90m  │[39m [32m✔[39m  [0mauthentication_test.spec.ts[0m              [90m01:15[39m       [0m36[0m       [32m35[39m        [90m-[39m        [36m1[39m        [90m-[39m [90m│[39m
Admin UI E2E (2, chrome)	Run Cypress	2024-10-22T16:20:40.9754144Z [90m  ├[39m[90m─[39m[90m─[39m[90m─[39m[90m─[39m[90m─[39m[90m─[39m[90m─[39m[90m─[39m[90m─[39m[90m─[39m[90m─[39m[90m─[39m[90m─[39m[90m─[39m[90m─[39m[90m─[39m[90m─[39m[90m─[39m[90m─[39m[90m─[39m[90m─[39m[90m─[39m[90m─[39m[90m─[39m[90m─[39m[90m─[39m[90m─[39m[90m─[39m[90m─[39m[90m─[39m[90m─[39m[90m─[39m[90m─[39m[90m─[39m[90m─[39m[90m─[39m[90m─[39m[90m─[39m[90m─[39m[90m─[39m[90m─[39m[90m─[39m[90m─[39m[90m─[39m[90m─[39m[90m─[39m[90m─[39m[90m─[39m[90m─[39m[90m─[39m[90m─[39m[90m─[39m[90m─[39m[90m─[39m[90m─[39m[90m─[39m[90m─[39m[90m─[39m[90m─[39m[90m─[39m[90m─[39m[90m─[39m[90m─[39m[90m─[39m[90m─[39m[90m─[39m[90m─[39m[90m─[39m[90m─[39m[90m─[39m[90m─[39m[90m─[39m[90m─[39m[90m─[39m[90m─[39m[90m─[39m[90m─[39m[90m─[39m[90m─[39m[90m─[39m[90m─[39m[90m─[39m[90m─[39m[90m─[39m[90m─[39m[90m─[39m[90m─[39m[90m─[39m[90m─[39m[90m─[39m[90m─[39m[90m─[39m[90m─[39m[90m─[39m[90m─[39m[90m─[39m[90m┤[39m
Admin UI E2E (2, chrome)	Run Cypress	2024-10-22T16:20:40.9761654Z [90m  │[39m [32m✔[39m  [0mclients_saml_advanced.spec.ts[0m            [90m00:08[39m        [0m2[0m        [32m2[39m        [90m-[39m        [90m-[39m        [90m-[39m [90m│[39m
Admin UI E2E (2, chrome)	Run Cypress	2024-10-22T16:20:40.9770742Z [90m  ├[39m[90m─[39m[90m─[39m[90m─[39m[90m─[39m[90m─[39m[90m─[39m[90m─[39m[90m─[39m[90m─[39m[90m─[39m[90m─[39m[90m─[39m[90m─[39m[90m─[39m[90m─[39m[90m─[39m[90m─[39m[90m─[39m[90m─[39m[90m─[39m[90m─[39m[90m─[39m[90m─[39m[90m─[39m[90m─[39m[90m─[39m[90m─[39m[90m─[39m[90m─[39m[90m─[39m[90m─[39m[90m─[39m[90m─[39m[90m─[39m[90m─[39m[90m─[39m[90m─[39m[90m─[39m[90m─[39m[90m─[39m[90m─[39m[90m─[39m[90m─[39m[90m─[39m[90m─[39m[90m─[39m[90m─[39m[90m─[39m[90m─[39m[90m─[39m[90m─[39m[90m─[39m[90m─[39m[90m─[39m[90m─[39m[90m─[39m[90m─[39m[90m─[39m[90m─[39m[90m─[39m[90m─[39m[90m─[39m[90m─[39m[90m─[39m[90m─[39m[90m─[39m[90m─[39m[90m─[39m[90m─[39m[90m─[39m[90m─[39m[90m─[39m[90m─[39m[90m─[39m[90m─[39m[90m─[39m[90m─[39m[90m─[39m[90m─[39m[90m─[39m[90m─[39m[90m─[39m[90m─[39m[90m─[39m[90m─[39m[90m─[39m[90m─[39m[90m─[39m[90m─[39m[90m─[39m[90m─[39m[90m─[39m[90m─[39m[90m─[39m[90m─[39m[90m─[39m[90m┤[39m
Admin UI E2E (2, chrome)	Run Cypress	2024-10-22T16:20:40.9780886Z [90m  │[39m [32m✔[39m  [0mrealm_settings_user_profile_enabled[0m      [90m01:12[39m       [0m14[0m       [32m14[39m        [90m-[39m        [90m-[39m        [90m-[39m [90m│[39m
Admin UI E2E (2, chrome)	Run Cypress	2024-10-22T16:20:40.9782161Z [90m  │[39m    [0m.spec.ts[0m                                                                                    [90m│[39m
Admin UI E2E (2, chrome)	Run Cypress	2024-10-22T16:20:40.9787459Z [90m  └[39m[90m─[39m[90m─[39m[90m─[39m[90m─[39m[90m─[39m[90m─[39m[90m─[39m[90m─[39m[90m─[39m[90m─[39m[90m─[39m[90m─[39m[90m─[39m[90m─[39m[90m─[39m[90m─[39m[90m─[39m[90m─[39m[90m─[39m[90m─[39m[90m─[39m[90m─[39m[90m─[39m[90m─[39m[90m─[39m[90m─[39m[90m─[39m[90m─[39m[90m─[39m[90m─[39m[90m─[39m[90m─[39m[90m─[39m[90m─[39m[90m─[39m[90m─[39m[90m─[39m[90m─[39m[90m─[39m[90m─[39m[90m─[39m[90m─[39m[90m─[39m[90m─[39m[90m─[39m[90m─[39m[90m─[39m[90m─[39m[90m─[39m[90m─[39m[90m─[39m[90m─[39m[90m─[39m[90m─[39m[90m─[39m[90m─[39m[90m─[39m[90m─[39m[90m─[39m[90m─[39m[90m─[39m[90m─[39m[90m─[39m[90m─[39m[90m─[39m[90m─[39m[90m─[39m[90m─[39m[90m─[39m[90m─[39m[90m─[39m[90m─[39m[90m─[39m[90m─[39m[90m─[39m[90m─[39m[90m─[39m[90m─[39m[90m─[39m[90m─[39m[90m─[39m[90m─[39m[90m─[39m[90m─[39m[90m─[39m[90m─[39m[90m─[39m[90m─[39m[90m─[39m[90m─[39m[90m─[39m[90m─[39m[90m─[39m[90m─[39m[90m─[39m[90m─[39m[90m┘[39m
Admin UI E2E (2, chrome)	Run Cypress	2024-10-22T16:20:40.9795378Z [90m   [39m [31m✖[39m  [31m1 of 8 failed (13%)[39m                      [90m09:57[39m      [0m191[0m      [32m189[39m        [31m1[39m        [36m1[39m        [90m-[39m [90m [39m
Admin UI E2E (2, chrome)	Run Cypress	2024-10-22T16:20:40.9796502Z 
Admin UI E2E (2, chrome)	Run Cypress	2024-10-22T16:20:41.0578405Z ##[error]Cypress tests: 1 failed
Status Check - Keycloak JavaScript CI	Run /./.github/actions/status-check	2024-10-22T16:21:00.7893422Z Prepare all required actions
Status Check - Keycloak JavaScript CI	Run /./.github/actions/status-check	2024-10-22T16:21:00.7990833Z ##[group]Run ./.github/actions/status-check
Status Check - Keycloak JavaScript CI	Run /./.github/actions/status-check	2024-10-22T16:21:00.7991458Z with:
Status Check - Keycloak JavaScript CI	Run /./.github/actions/status-check	2024-10-22T16:21:00.7993257Z   jobs: {
Status Check - Keycloak JavaScript CI	Run /./.github/actions/status-check	  "conditional": {
Status Check - Keycloak JavaScript CI	Run /./.github/actions/status-check	    "result": "success",
Status Check - Keycloak JavaScript CI	Run /./.github/actions/status-check	    "outputs": {
Status Check - Keycloak JavaScript CI	Run /./.github/actions/status-check	      "js-ci": "true"
Status Check - Keycloak JavaScript CI	Run /./.github/actions/status-check	    }
Status Check - Keycloak JavaScript CI	Run /./.github/actions/status-check	  },
Status Check - Keycloak JavaScript CI	Run /./.github/actions/status-check	  "build-keycloak": {
Status Check - Keycloak JavaScript CI	Run /./.github/actions/status-check	    "result": "success",
Status Check - Keycloak JavaScript CI	Run /./.github/actions/status-check	    "outputs": {}
Status Check - Keycloak JavaScript CI	Run /./.github/actions/status-check	  },
Status Check - Keycloak JavaScript CI	Run /./.github/actions/status-check	  "admin-client": {
Status Check - Keycloak JavaScript CI	Run /./.github/actions/status-check	    "result": "success",
Status Check - Keycloak JavaScript CI	Run /./.github/actions/status-check	    "outputs": {}
Status Check - Keycloak JavaScript CI	Run /./.github/actions/status-check	  },
Status Check - Keycloak JavaScript CI	Run /./.github/actions/status-check	  "ui-shared": {
Status Check - Keycloak JavaScript CI	Run /./.github/actions/status-check	    "result": "success",
Status Check - Keycloak JavaScript CI	Run /./.github/actions/status-check	    "outputs": {}
Status Check - Keycloak JavaScript CI	Run /./.github/actions/status-check	  },
Status Check - Keycloak JavaScript CI	Run /./.github/actions/status-check	  "account-ui": {
Status Check - Keycloak JavaScript CI	Run /./.github/actions/status-check	    "result": "success",
Status Check - Keycloak JavaScript CI	Run /./.github/actions/status-check	    "outputs": {}
Status Check - Keycloak JavaScript CI	Run /./.github/actions/status-check	  },
Status Check - Keycloak JavaScript CI	Run /./.github/actions/status-check	  "account-ui-e2e": {
Status Check - Keycloak JavaScript CI	Run /./.github/actions/status-check	    "result": "success",
Status Check - Keycloak JavaScript CI	Run /./.github/actions/status-check	    "outputs": {}
Status Check - Keycloak JavaScript CI	Run /./.github/actions/status-check	  },
Status Check - Keycloak JavaScript CI	Run /./.github/actions/status-check	  "admin-ui": {
Status Check - Keycloak JavaScript CI	Run /./.github/actions/status-check	    "result": "success",
Status Check - Keycloak JavaScript CI	Run /./.github/actions/status-check	    "outputs": {}
Status Check - Keycloak JavaScript CI	Run /./.github/actions/status-check	  },
Status Check - Keycloak JavaScript CI	Run /./.github/actions/status-check	  "admin-ui-e2e": {
Status Check - Keycloak JavaScript CI	Run /./.github/actions/status-check	    "result": "failure",
Status Check - Keycloak JavaScript CI	Run /./.github/actions/status-check	    "outputs": {}
Status Check - Keycloak JavaScript CI	Run /./.github/actions/status-check	  }
Status Check - Keycloak JavaScript CI	Run /./.github/actions/status-check	}
Status Check - Keycloak JavaScript CI	Run /./.github/actions/status-check	2024-10-22T16:21:00.7995089Z env:
Status Check - Keycloak JavaScript CI	Run /./.github/actions/status-check	2024-10-22T16:21:00.7995507Z   MAVEN_ARGS: -B -nsu -Daether.connector.http.connectionMaxTtl=25
Status Check - Keycloak JavaScript CI	Run /./.github/actions/status-check	2024-10-22T16:21:00.7996063Z ##[endgroup]
Status Check - Keycloak JavaScript CI	Run /./.github/actions/status-check	2024-10-22T16:21:00.8266112Z ##[group]Run JOBS='{
Status Check - Keycloak JavaScript CI	Run /./.github/actions/status-check	2024-10-22T16:21:00.8266647Z [36;1mJOBS='{[0m
Status Check - Keycloak JavaScript CI	Run /./.github/actions/status-check	2024-10-22T16:21:00.8267220Z [36;1m  "conditional": {[0m
Status Check - Keycloak JavaScript CI	Run /./.github/actions/status-check	2024-10-22T16:21:00.8267632Z [36;1m    "result": "success",[0m
Status Check - Keycloak JavaScript CI	Run /./.github/actions/status-check	2024-10-22T16:21:00.8268088Z [36;1m    "outputs": {[0m
Status Check - Keycloak JavaScript CI	Run /./.github/actions/status-check	2024-10-22T16:21:00.8268511Z [36;1m      "js-ci": "true"[0m
Status Check - Keycloak JavaScript CI	Run /./.github/actions/status-check	2024-10-22T16:21:00.8268893Z [36;1m    }[0m
Status Check - Keycloak JavaScript CI	Run /./.github/actions/status-check	2024-10-22T16:21:00.8269225Z [36;1m  },[0m
Status Check - Keycloak JavaScript CI	Run /./.github/actions/status-check	2024-10-22T16:21:00.8269650Z [36;1m  "build-keycloak": {[0m
Status Check - Keycloak JavaScript CI	Run /./.github/actions/status-check	2024-10-22T16:21:00.8270049Z [36;1m    "result": "success",[0m
Status Check - Keycloak JavaScript CI	Run /./.github/actions/status-check	2024-10-22T16:21:00.8270472Z [36;1m    "outputs": {}[0m
Status Check - Keycloak JavaScript CI	Run /./.github/actions/status-check	2024-10-22T16:21:00.8270901Z [36;1m  },[0m
Status Check - Keycloak JavaScript CI	Run /./.github/actions/status-check	2024-10-22T16:21:00.8271195Z [36;1m  "admin-client": {[0m
Status Check - Keycloak JavaScript CI	Run /./.github/actions/status-check	2024-10-22T16:21:00.8271592Z [36;1m    "result": "success",[0m
Status Check - Keycloak JavaScript CI	Run /./.github/actions/status-check	2024-10-22T16:21:00.8272060Z [36;1m    "outputs": {}[0m
Status Check - Keycloak JavaScript CI	Run /./.github/actions/status-check	2024-10-22T16:21:00.8272398Z [36;1m  },[0m
Status Check - Keycloak JavaScript CI	Run /./.github/actions/status-check	2024-10-22T16:21:00.8272735Z [36;1m  "ui-shared": {[0m
Status Check - Keycloak JavaScript CI	Run /./.github/actions/status-check	2024-10-22T16:21:00.8273223Z [36;1m    "result": "success",[0m
Status Check - Keycloak JavaScript CI	Run /./.github/actions/status-check	2024-10-22T16:21:00.8273600Z [36;1m    "outputs": {}[0m
Status Check - Keycloak JavaScript CI	Run /./.github/actions/status-check	2024-10-22T16:21:00.8273958Z [36;1m  },[0m
Status Check - Keycloak JavaScript CI	Run /./.github/actions/status-check	2024-10-22T16:21:00.8274415Z [36;1m  "account-ui": {[0m
Status Check - Keycloak JavaScript CI	Run /./.github/actions/status-check	2024-10-22T16:21:00.8274768Z [36;1m    "result": "success",[0m
Status Check - Keycloak JavaScript CI	Run /./.github/actions/status-check	2024-10-22T16:21:00.8275159Z [36;1m    "outputs": {}[0m
Status Check - Keycloak JavaScript CI	Run /./.github/actions/status-check	2024-10-22T16:21:00.8275570Z [36;1m  },[0m
Status Check - Keycloak JavaScript CI	Run /./.github/actions/status-check	2024-10-22T16:21:00.8275878Z [36;1m  "account-ui-e2e": {[0m
Status Check - Keycloak JavaScript CI	Run /./.github/actions/status-check	2024-10-22T16:21:00.8276262Z [36;1m    "result": "success",[0m
Status Check - Keycloak JavaScript CI	Run /./.github/actions/status-check	2024-10-22T16:21:00.8276727Z [36;1m    "outputs": {}[0m
Status Check - Keycloak JavaScript CI	Run /./.github/actions/status-check	2024-10-22T16:21:00.8277066Z [36;1m  },[0m
Status Check - Keycloak JavaScript CI	Run /./.github/actions/status-check	2024-10-22T16:21:00.8277384Z [36;1m  "admin-ui": {[0m
Status Check - Keycloak JavaScript CI	Run /./.github/actions/status-check	2024-10-22T16:21:00.8277828Z [36;1m    "result": "success",[0m
Status Check - Keycloak JavaScript CI	Run /./.github/actions/status-check	2024-10-22T16:21:00.8278188Z [36;1m    "outputs": {}[0m
Status Check - Keycloak JavaScript CI	Run /./.github/actions/status-check	2024-10-22T16:21:00.8278536Z [36;1m  },[0m
Status Check - Keycloak JavaScript CI	Run /./.github/actions/status-check	2024-10-22T16:21:00.8279098Z [36;1m  "admin-ui-e2e": {[0m
Status Check - Keycloak JavaScript CI	Run /./.github/actions/status-check	2024-10-22T16:21:00.8279460Z [36;1m    "result": "failure",[0m
Status Check - Keycloak JavaScript CI	Run /./.github/actions/status-check	2024-10-22T16:21:00.8279860Z [36;1m    "outputs": {}[0m
Status Check - Keycloak JavaScript CI	Run /./.github/actions/status-check	2024-10-22T16:21:00.8280299Z [36;1m  }[0m
Status Check - Keycloak JavaScript CI	Run /./.github/actions/status-check	2024-10-22T16:21:00.8280574Z [36;1m}'[0m
Status Check - Keycloak JavaScript CI	Run /./.github/actions/status-check	2024-10-22T16:21:00.8280876Z [36;1m[0m
Status Check - Keycloak JavaScript CI	Run /./.github/actions/status-check	2024-10-22T16:21:00.8281260Z [36;1mecho "Job status:"[0m
Status Check - Keycloak JavaScript CI	Run /./.github/actions/status-check	2024-10-22T16:21:00.8281773Z [36;1mecho $JOBS | jq -r 'to_entries[] | " - \(.key): \(.value.result)"'[0m
Status Check - Keycloak JavaScript CI	Run /./.github/actions/status-check	2024-10-22T16:21:00.8282314Z [36;1m[0m
Status Check - Keycloak JavaScript CI	Run /./.github/actions/status-check	2024-10-22T16:21:00.8282839Z [36;1mfor i in $(echo $JOBS | jq -r 'to_entries[] | .value.result'); do[0m
Status Check - Keycloak JavaScript CI	Run /./.github/actions/status-check	2024-10-22T16:21:00.8283454Z [36;1m  if [ "$i" != "success" ] && [ "$i" != "skipped" ]; then[0m
Status Check - Keycloak JavaScript CI	Run /./.github/actions/status-check	2024-10-22T16:21:00.8283947Z [36;1m    echo ""[0m
Status Check - Keycloak JavaScript CI	Run /./.github/actions/status-check	2024-10-22T16:21:00.8284480Z [36;1m    echo "Status check not okay!"[0m
Status Check - Keycloak JavaScript CI	Run /./.github/actions/status-check	2024-10-22T16:21:00.8284878Z [36;1m    exit 1[0m
Status Check - Keycloak JavaScript CI	Run /./.github/actions/status-check	2024-10-22T16:21:00.8285224Z [36;1m  fi[0m
Status Check - Keycloak JavaScript CI	Run /./.github/actions/status-check	2024-10-22T16:21:00.8285593Z [36;1mdone[0m
Status Check - Keycloak JavaScript CI	Run /./.github/actions/status-check	2024-10-22T16:21:00.8379287Z shell: /usr/bin/bash --noprofile --norc -e -o pipefail {0}
Status Check - Keycloak JavaScript CI	Run /./.github/actions/status-check	2024-10-22T16:21:00.8380290Z env:
Status Check - Keycloak JavaScript CI	Run /./.github/actions/status-check	2024-10-22T16:21:00.8380754Z   MAVEN_ARGS: -B -nsu -Daether.connector.http.connectionMaxTtl=25
Status Check - Keycloak JavaScript CI	Run /./.github/actions/status-check	2024-10-22T16:21:00.8381364Z ##[endgroup]
Status Check - Keycloak JavaScript CI	Run /./.github/actions/status-check	2024-10-22T16:21:00.8540889Z Job status:
Status Check - Keycloak JavaScript CI	Run /./.github/actions/status-check	2024-10-22T16:21:00.8764800Z  - conditional: success
Status Check - Keycloak JavaScript CI	Run /./.github/actions/status-check	2024-10-22T16:21:00.8765672Z  - build-keycloak: success
Status Check - Keycloak JavaScript CI	Run /./.github/actions/status-check	2024-10-22T16:21:00.8766876Z  - admin-client: success
Status Check - Keycloak JavaScript CI	Run /./.github/actions/status-check	2024-10-22T16:21:00.8767328Z  - ui-shared: success
Status Check - Keycloak JavaScript CI	Run /./.github/actions/status-check	2024-10-22T16:21:00.8767706Z  - account-ui: success
Status Check - Keycloak JavaScript CI	Run /./.github/actions/status-check	2024-10-22T16:21:00.8768343Z  - account-ui-e2e: success
Status Check - Keycloak JavaScript CI	Run /./.github/actions/status-check	2024-10-22T16:21:00.8768761Z  - admin-ui: success
Status Check - Keycloak JavaScript CI	Run /./.github/actions/status-check	2024-10-22T16:21:00.8769132Z  - admin-ui-e2e: failure
Status Check - Keycloak JavaScript CI	Run /./.github/actions/status-check	2024-10-22T16:21:00.8977599Z 
Status Check - Keycloak JavaScript CI	Run /./.github/actions/status-check	2024-10-22T16:21:00.8978260Z Status check not okay!
Status Check - Keycloak JavaScript CI	Run /./.github/actions/status-check	2024-10-22T16:21:00.8993929Z ##[error]Process completed with exit code 1.
