Test remote (fast)	UNKNOWN STEP	﻿2025-07-28T16:15:26.5379062Z Current runner version: '2.326.0'
Test remote (fast)	UNKNOWN STEP	2025-07-28T16:15:26.5414842Z ##[group]Runner Image Provisioner
Test remote (fast)	UNKNOWN STEP	2025-07-28T16:15:26.5416050Z Hosted Compute Agent
Test remote (fast)	UNKNOWN STEP	2025-07-28T16:15:26.5416968Z Version: 20250711.363
Test remote (fast)	UNKNOWN STEP	2025-07-28T16:15:26.5418116Z Commit: 6785254374ce925a23743850c1cb91912ce5c14c
Test remote (fast)	UNKNOWN STEP	2025-07-28T16:15:26.5419295Z Build Date: 2025-07-11T20:04:25Z
Test remote (fast)	UNKNOWN STEP	2025-07-28T16:15:26.5420255Z ##[endgroup]
Test remote (fast)	UNKNOWN STEP	2025-07-28T16:15:26.5421469Z ##[group]Operating System
Test remote (fast)	UNKNOWN STEP	2025-07-28T16:15:26.5422414Z Ubuntu
Test remote (fast)	UNKNOWN STEP	2025-07-28T16:15:26.5423172Z 24.04.2
Test remote (fast)	UNKNOWN STEP	2025-07-28T16:15:26.5424050Z LTS
Test remote (fast)	UNKNOWN STEP	2025-07-28T16:15:26.5424780Z ##[endgroup]
Test remote (fast)	UNKNOWN STEP	2025-07-28T16:15:26.5425697Z ##[group]Runner Image
Test remote (fast)	UNKNOWN STEP	2025-07-28T16:15:26.5426700Z Image: ubuntu-24.04
Test remote (fast)	UNKNOWN STEP	2025-07-28T16:15:26.5427583Z Version: 20250720.1.0
Test remote (fast)	UNKNOWN STEP	2025-07-28T16:15:26.5429190Z Included Software: https://github.com/actions/runner-images/blob/ubuntu24/20250720.1/images/ubuntu/Ubuntu2404-Readme.md
Test remote (fast)	UNKNOWN STEP	2025-07-28T16:15:26.5432004Z Image Release: https://github.com/actions/runner-images/releases/tag/ubuntu24%2F20250720.1
Test remote (fast)	UNKNOWN STEP	2025-07-28T16:15:26.5433751Z ##[endgroup]
Test remote (fast)	UNKNOWN STEP	2025-07-28T16:15:26.5435465Z ##[group]GITHUB_TOKEN Permissions
Test remote (fast)	UNKNOWN STEP	2025-07-28T16:15:26.5438590Z Contents: read
Test remote (fast)	UNKNOWN STEP	2025-07-28T16:15:26.5439667Z Metadata: read
Test remote (fast)	UNKNOWN STEP	2025-07-28T16:15:26.5440742Z ##[endgroup]
Test remote (fast)	UNKNOWN STEP	2025-07-28T16:15:26.5444332Z Secret source: None
Test remote (fast)	UNKNOWN STEP	2025-07-28T16:15:26.5445426Z Prepare workflow directory
Test remote (fast)	UNKNOWN STEP	2025-07-28T16:15:26.6020924Z Prepare all required actions
Test remote (fast)	UNKNOWN STEP	2025-07-28T16:15:26.6077150Z Getting action download info
Test remote (fast)	UNKNOWN STEP	2025-07-28T16:15:26.9590751Z Download action repository 'actions/checkout@11bd71901bbe5b1630ceea73d27597364c9af683' (SHA:11bd71901bbe5b1630ceea73d27597364c9af683)
Test remote (fast)	UNKNOWN STEP	2025-07-28T16:15:27.0651252Z Download action repository 'manusa/actions-setup-minikube@b589f2d61bf96695c546929c72b38563e856059d' (SHA:b589f2d61bf96695c546929c72b38563e856059d)
Test remote (fast)	UNKNOWN STEP	2025-07-28T16:15:27.4350256Z Download action repository 'actions/download-artifact@d3f86a106a0bac45b974a628896c90dbdf5c8093' (SHA:d3f86a106a0bac45b974a628896c90dbdf5c8093)
Test remote (fast)	UNKNOWN STEP	2025-07-28T16:15:27.6589817Z ##[warning]Failed to download action 'https://api.github.com/repos/actions/download-artifact/tarball/d3f86a106a0bac45b974a628896c90dbdf5c8093'. Error: Response status code does not indicate success: 429 (Too Many Requests). 9001:3E4C16:262ED9:30D426:6887A21F
Test remote (fast)	UNKNOWN STEP	2025-07-28T16:15:27.6606330Z ##[warning]Back off 19.966 seconds before retry.
Test remote (fast)	UNKNOWN STEP	2025-07-28T16:15:47.7848011Z ##[warning]Failed to download action 'https://api.github.com/repos/actions/download-artifact/tarball/d3f86a106a0bac45b974a628896c90dbdf5c8093'. Error: Response status code does not indicate success: 429 (Too Many Requests). 9000:2AF1BA:4DCFB:6290E:6887A233
Test remote (fast)	UNKNOWN STEP	2025-07-28T16:15:47.7850741Z ##[warning]Back off 24.123 seconds before retry.
Test remote (fast)	UNKNOWN STEP	2025-07-28T16:16:12.0517513Z ##[error]Response status code does not indicate success: 429 (Too Many Requests).
Test OLM installation	UNKNOWN STEP	﻿2025-07-28T16:15:24.6203223Z Current runner version: '2.326.0'
Test OLM installation	UNKNOWN STEP	2025-07-28T16:15:24.6236032Z ##[group]Runner Image Provisioner
Test OLM installation	UNKNOWN STEP	2025-07-28T16:15:24.6237329Z Hosted Compute Agent
Test OLM installation	UNKNOWN STEP	2025-07-28T16:15:24.6238119Z Version: 20250711.363
Test OLM installation	UNKNOWN STEP	2025-07-28T16:15:24.6239029Z Commit: 6785254374ce925a23743850c1cb91912ce5c14c
Test OLM installation	UNKNOWN STEP	2025-07-28T16:15:24.6240210Z Build Date: 2025-07-11T20:04:25Z
Test OLM installation	UNKNOWN STEP	2025-07-28T16:15:24.6241381Z ##[endgroup]
Test OLM installation	UNKNOWN STEP	2025-07-28T16:15:24.6242139Z ##[group]Operating System
Test OLM installation	UNKNOWN STEP	2025-07-28T16:15:24.6243135Z Ubuntu
Test OLM installation	UNKNOWN STEP	2025-07-28T16:15:24.6243856Z 24.04.2
Test OLM installation	UNKNOWN STEP	2025-07-28T16:15:24.6244632Z LTS
Test OLM installation	UNKNOWN STEP	2025-07-28T16:15:24.6245466Z ##[endgroup]
Test OLM installation	UNKNOWN STEP	2025-07-28T16:15:24.6246249Z ##[group]Runner Image
Test OLM installation	UNKNOWN STEP	2025-07-28T16:15:24.6247075Z Image: ubuntu-24.04
Test OLM installation	UNKNOWN STEP	2025-07-28T16:15:24.6247767Z Version: 20250720.1.0
Test OLM installation	UNKNOWN STEP	2025-07-28T16:15:24.6249542Z Included Software: https://github.com/actions/runner-images/blob/ubuntu24/20250720.1/images/ubuntu/Ubuntu2404-Readme.md
Test OLM installation	UNKNOWN STEP	2025-07-28T16:15:24.6252258Z Image Release: https://github.com/actions/runner-images/releases/tag/ubuntu24%2F20250720.1
Test OLM installation	UNKNOWN STEP	2025-07-28T16:15:24.6254026Z ##[endgroup]
Test OLM installation	UNKNOWN STEP	2025-07-28T16:15:24.6255537Z ##[group]GITHUB_TOKEN Permissions
Test OLM installation	UNKNOWN STEP	2025-07-28T16:15:24.6258067Z Contents: read
Test OLM installation	UNKNOWN STEP	2025-07-28T16:15:24.6258939Z Metadata: read
Test OLM installation	UNKNOWN STEP	2025-07-28T16:15:24.6259792Z ##[endgroup]
Test OLM installation	UNKNOWN STEP	2025-07-28T16:15:24.6262930Z Secret source: None
Test OLM installation	UNKNOWN STEP	2025-07-28T16:15:24.6263884Z Prepare workflow directory
Test OLM installation	UNKNOWN STEP	2025-07-28T16:15:24.6844855Z Prepare all required actions
Test OLM installation	UNKNOWN STEP	2025-07-28T16:15:24.6899916Z Getting action download info
Test OLM installation	UNKNOWN STEP	2025-07-28T16:15:25.0224624Z Download action repository 'actions/checkout@11bd71901bbe5b1630ceea73d27597364c9af683' (SHA:11bd71901bbe5b1630ceea73d27597364c9af683)
Test OLM installation	UNKNOWN STEP	2025-07-28T16:15:25.1148176Z Download action repository 'manusa/actions-setup-minikube@b589f2d61bf96695c546929c72b38563e856059d' (SHA:b589f2d61bf96695c546929c72b38563e856059d)
Test OLM installation	UNKNOWN STEP	2025-07-28T16:15:25.5170064Z Download action repository 'redhat-actions/openshift-tools-installer@144527c7d98999f2652264c048c7a9bd103f8a82' (SHA:144527c7d98999f2652264c048c7a9bd103f8a82)
Test OLM installation	UNKNOWN STEP	2025-07-28T16:15:25.8061325Z Download action repository 'actions/download-artifact@d3f86a106a0bac45b974a628896c90dbdf5c8093' (SHA:d3f86a106a0bac45b974a628896c90dbdf5c8093)
Test OLM installation	UNKNOWN STEP	2025-07-28T16:15:25.9766945Z ##[warning]Failed to download action 'https://api.github.com/repos/actions/download-artifact/tarball/d3f86a106a0bac45b974a628896c90dbdf5c8093'. Error: Response status code does not indicate success: 429 (Too Many Requests). 0402:25899:468D9C:66C837:6887A21D
Test OLM installation	UNKNOWN STEP	2025-07-28T16:15:25.9786995Z ##[warning]Back off 18.695 seconds before retry.
Test OLM installation	UNKNOWN STEP	2025-07-28T16:15:44.8105194Z ##[warning]Failed to download action 'https://api.github.com/repos/actions/download-artifact/tarball/d3f86a106a0bac45b974a628896c90dbdf5c8093'. Error: Response status code does not indicate success: 429 (Too Many Requests). 0400:B6C4D:460BCC:6647B6:6887A230
Test OLM installation	UNKNOWN STEP	2025-07-28T16:15:44.8107599Z ##[warning]Back off 23.756 seconds before retry.
Test OLM installation	UNKNOWN STEP	2025-07-28T16:16:08.6786316Z ##[error]Response status code does not indicate success: 429 (Too Many Requests).
Status Check - Keycloak Operator CI	UNKNOWN STEP	﻿2025-07-28T16:22:56.3166892Z Current runner version: '2.326.0'
Status Check - Keycloak Operator CI	UNKNOWN STEP	2025-07-28T16:22:56.3190227Z ##[group]Runner Image Provisioner
Status Check - Keycloak Operator CI	UNKNOWN STEP	2025-07-28T16:22:56.3190987Z Hosted Compute Agent
Status Check - Keycloak Operator CI	UNKNOWN STEP	2025-07-28T16:22:56.3191616Z Version: 20250711.363
Status Check - Keycloak Operator CI	UNKNOWN STEP	2025-07-28T16:22:56.3192196Z Commit: 6785254374ce925a23743850c1cb91912ce5c14c
Status Check - Keycloak Operator CI	UNKNOWN STEP	2025-07-28T16:22:56.3192923Z Build Date: 2025-07-11T20:04:25Z
Status Check - Keycloak Operator CI	UNKNOWN STEP	2025-07-28T16:22:56.3193469Z ##[endgroup]
Status Check - Keycloak Operator CI	UNKNOWN STEP	2025-07-28T16:22:56.3194087Z ##[group]Operating System
Status Check - Keycloak Operator CI	UNKNOWN STEP	2025-07-28T16:22:56.3194666Z Ubuntu
Status Check - Keycloak Operator CI	UNKNOWN STEP	2025-07-28T16:22:56.3195097Z 24.04.2
Status Check - Keycloak Operator CI	UNKNOWN STEP	2025-07-28T16:22:56.3195627Z LTS
Status Check - Keycloak Operator CI	UNKNOWN STEP	2025-07-28T16:22:56.3196076Z ##[endgroup]
Status Check - Keycloak Operator CI	UNKNOWN STEP	2025-07-28T16:22:56.3196847Z ##[group]Runner Image
Status Check - Keycloak Operator CI	UNKNOWN STEP	2025-07-28T16:22:56.3197463Z Image: ubuntu-24.04
Status Check - Keycloak Operator CI	UNKNOWN STEP	2025-07-28T16:22:56.3197982Z Version: 20250720.1.0
Status Check - Keycloak Operator CI	UNKNOWN STEP	2025-07-28T16:22:56.3198950Z Included Software: https://github.com/actions/runner-images/blob/ubuntu24/20250720.1/images/ubuntu/Ubuntu2404-Readme.md
Status Check - Keycloak Operator CI	UNKNOWN STEP	2025-07-28T16:22:56.3200580Z Image Release: https://github.com/actions/runner-images/releases/tag/ubuntu24%2F20250720.1
Status Check - Keycloak Operator CI	UNKNOWN STEP	2025-07-28T16:22:56.3201602Z ##[endgroup]
Status Check - Keycloak Operator CI	UNKNOWN STEP	2025-07-28T16:22:56.3202530Z ##[group]GITHUB_TOKEN Permissions
Status Check - Keycloak Operator CI	UNKNOWN STEP	2025-07-28T16:22:56.3204263Z Contents: read
Status Check - Keycloak Operator CI	UNKNOWN STEP	2025-07-28T16:22:56.3204928Z Metadata: read
Status Check - Keycloak Operator CI	UNKNOWN STEP	2025-07-28T16:22:56.3205430Z ##[endgroup]
Status Check - Keycloak Operator CI	UNKNOWN STEP	2025-07-28T16:22:56.3207917Z Secret source: None
Status Check - Keycloak Operator CI	UNKNOWN STEP	2025-07-28T16:22:56.3209113Z Prepare workflow directory
Status Check - Keycloak Operator CI	UNKNOWN STEP	2025-07-28T16:22:56.3606693Z Prepare all required actions
Status Check - Keycloak Operator CI	UNKNOWN STEP	2025-07-28T16:22:56.3643882Z Getting action download info
Status Check - Keycloak Operator CI	UNKNOWN STEP	2025-07-28T16:22:56.6209988Z Download action repository 'actions/checkout@11bd71901bbe5b1630ceea73d27597364c9af683' (SHA:11bd71901bbe5b1630ceea73d27597364c9af683)
Status Check - Keycloak Operator CI	UNKNOWN STEP	2025-07-28T16:22:56.7838672Z Complete job name: Status Check - Keycloak Operator CI
Status Check - Keycloak Operator CI	UNKNOWN STEP	2025-07-28T16:22:56.8581862Z ##[group]Run actions/checkout@11bd71901bbe5b1630ceea73d27597364c9af683
Status Check - Keycloak Operator CI	UNKNOWN STEP	2025-07-28T16:22:56.8582844Z with:
Status Check - Keycloak Operator CI	UNKNOWN STEP	2025-07-28T16:22:56.8583231Z   repository: keycloak/keycloak
Status Check - Keycloak Operator CI	UNKNOWN STEP	2025-07-28T16:22:56.8583834Z   token: ***
Status Check - Keycloak Operator CI	UNKNOWN STEP	2025-07-28T16:22:56.8584210Z   ssh-strict: true
Status Check - Keycloak Operator CI	UNKNOWN STEP	2025-07-28T16:22:56.8584582Z   ssh-user: git
Status Check - Keycloak Operator CI	UNKNOWN STEP	2025-07-28T16:22:56.8584991Z   persist-credentials: true
Status Check - Keycloak Operator CI	UNKNOWN STEP	2025-07-28T16:22:56.8585420Z   clean: true
Status Check - Keycloak Operator CI	UNKNOWN STEP	2025-07-28T16:22:56.8585817Z   sparse-checkout-cone-mode: true
Status Check - Keycloak Operator CI	UNKNOWN STEP	2025-07-28T16:22:56.8586277Z   fetch-depth: 1
Status Check - Keycloak Operator CI	UNKNOWN STEP	2025-07-28T16:22:56.8587072Z   fetch-tags: false
Status Check - Keycloak Operator CI	UNKNOWN STEP	2025-07-28T16:22:56.8587476Z   show-progress: true
Status Check - Keycloak Operator CI	UNKNOWN STEP	2025-07-28T16:22:56.8587876Z   lfs: false
Status Check - Keycloak Operator CI	UNKNOWN STEP	2025-07-28T16:22:56.8588228Z   submodules: false
Status Check - Keycloak Operator CI	UNKNOWN STEP	2025-07-28T16:22:56.8588617Z   set-safe-directory: true
Status Check - Keycloak Operator CI	UNKNOWN STEP	2025-07-28T16:22:56.8589326Z env:
Status Check - Keycloak Operator CI	UNKNOWN STEP	2025-07-28T16:22:56.8589842Z   MAVEN_ARGS: -B -nsu -Daether.connector.http.connectionMaxTtl=25
Status Check - Keycloak Operator CI	UNKNOWN STEP	2025-07-28T16:22:56.8590473Z   MINIKUBE_VERSION: v1.32.0
Status Check - Keycloak Operator CI	UNKNOWN STEP	2025-07-28T16:22:56.8590955Z   KUBERNETES_VERSION: v1.27.10
Status Check - Keycloak Operator CI	UNKNOWN STEP	2025-07-28T16:22:56.8591399Z   MINIKUBE_MEMORY: 4096
Status Check - Keycloak Operator CI	UNKNOWN STEP	2025-07-28T16:22:56.8591807Z ##[endgroup]
Status Check - Keycloak Operator CI	UNKNOWN STEP	2025-07-28T16:22:56.9652686Z Syncing repository: keycloak/keycloak
Status Check - Keycloak Operator CI	UNKNOWN STEP	2025-07-28T16:22:56.9654463Z ##[group]Getting Git version info
Status Check - Keycloak Operator CI	UNKNOWN STEP	2025-07-28T16:22:56.9655148Z Working directory is '/home/runner/work/keycloak/keycloak'
Status Check - Keycloak Operator CI	UNKNOWN STEP	2025-07-28T16:22:56.9656095Z [command]/usr/bin/git version
Status Check - Keycloak Operator CI	UNKNOWN STEP	2025-07-28T16:22:56.9758382Z git version 2.50.1
Status Check - Keycloak Operator CI	UNKNOWN STEP	2025-07-28T16:22:56.9783673Z ##[endgroup]
Status Check - Keycloak Operator CI	UNKNOWN STEP	2025-07-28T16:22:56.9797527Z Temporarily overriding HOME='/home/runner/work/_temp/83da6f3e-16fc-40b8-ab89-b191e3216579' before making global git config changes
Status Check - Keycloak Operator CI	UNKNOWN STEP	2025-07-28T16:22:56.9799894Z Adding repository directory to the temporary git global config as a safe directory
Status Check - Keycloak Operator CI	UNKNOWN STEP	2025-07-28T16:22:56.9801964Z [command]/usr/bin/git config --global --add safe.directory /home/runner/work/keycloak/keycloak
Status Check - Keycloak Operator CI	UNKNOWN STEP	2025-07-28T16:22:56.9837173Z Deleting the contents of '/home/runner/work/keycloak/keycloak'
Status Check - Keycloak Operator CI	UNKNOWN STEP	2025-07-28T16:22:56.9840758Z ##[group]Initializing the repository
Status Check - Keycloak Operator CI	UNKNOWN STEP	2025-07-28T16:22:56.9844352Z [command]/usr/bin/git init /home/runner/work/keycloak/keycloak
Status Check - Keycloak Operator CI	UNKNOWN STEP	2025-07-28T16:22:56.9913780Z hint: Using 'master' as the name for the initial branch. This default branch name
Status Check - Keycloak Operator CI	UNKNOWN STEP	2025-07-28T16:22:56.9915369Z hint: is subject to change. To configure the initial branch name to use in all
Status Check - Keycloak Operator CI	UNKNOWN STEP	2025-07-28T16:22:56.9916902Z hint: of your new repositories, which will suppress this warning, call:
Status Check - Keycloak Operator CI	UNKNOWN STEP	2025-07-28T16:22:56.9917921Z hint:
Status Check - Keycloak Operator CI	UNKNOWN STEP	2025-07-28T16:22:56.9918483Z hint: 	git config --global init.defaultBranch <name>
Status Check - Keycloak Operator CI	UNKNOWN STEP	2025-07-28T16:22:56.9919463Z hint:
Status Check - Keycloak Operator CI	UNKNOWN STEP	2025-07-28T16:22:56.9920463Z hint: Names commonly chosen instead of 'master' are 'main', 'trunk' and
Status Check - Keycloak Operator CI	UNKNOWN STEP	2025-07-28T16:22:56.9922124Z hint: 'development'. The just-created branch can be renamed via this command:
Status Check - Keycloak Operator CI	UNKNOWN STEP	2025-07-28T16:22:56.9923028Z hint:
Status Check - Keycloak Operator CI	UNKNOWN STEP	2025-07-28T16:22:56.9923457Z hint: 	git branch -m <name>
Status Check - Keycloak Operator CI	UNKNOWN STEP	2025-07-28T16:22:56.9924103Z hint:
Status Check - Keycloak Operator CI	UNKNOWN STEP	2025-07-28T16:22:56.9924892Z hint: Disable this message with "git config set advice.defaultBranchName false"
Status Check - Keycloak Operator CI	UNKNOWN STEP	2025-07-28T16:22:56.9926080Z Initialized empty Git repository in /home/runner/work/keycloak/keycloak/.git/
Status Check - Keycloak Operator CI	UNKNOWN STEP	2025-07-28T16:22:56.9930273Z [command]/usr/bin/git remote add origin https://github.com/keycloak/keycloak
Status Check - Keycloak Operator CI	UNKNOWN STEP	2025-07-28T16:22:56.9963393Z ##[endgroup]
Status Check - Keycloak Operator CI	UNKNOWN STEP	2025-07-28T16:22:56.9964097Z ##[group]Disabling automatic garbage collection
Status Check - Keycloak Operator CI	UNKNOWN STEP	2025-07-28T16:22:56.9967300Z [command]/usr/bin/git config --local gc.auto 0
Status Check - Keycloak Operator CI	UNKNOWN STEP	2025-07-28T16:22:56.9994195Z ##[endgroup]
Status Check - Keycloak Operator CI	UNKNOWN STEP	2025-07-28T16:22:56.9994874Z ##[group]Setting up auth
Status Check - Keycloak Operator CI	UNKNOWN STEP	2025-07-28T16:22:57.0000932Z [command]/usr/bin/git config --local --name-only --get-regexp core\.sshCommand
Status Check - Keycloak Operator CI	UNKNOWN STEP	2025-07-28T16:22:57.0029483Z [command]/usr/bin/git submodule foreach --recursive sh -c "git config --local --name-only --get-regexp 'core\.sshCommand' && git config --local --unset-all 'core.sshCommand' || :"
Status Check - Keycloak Operator CI	UNKNOWN STEP	2025-07-28T16:22:57.0346862Z [command]/usr/bin/git config --local --name-only --get-regexp http\.https\:\/\/github\.com\/\.extraheader
Status Check - Keycloak Operator CI	UNKNOWN STEP	2025-07-28T16:22:57.0375136Z [command]/usr/bin/git submodule foreach --recursive sh -c "git config --local --name-only --get-regexp 'http\.https\:\/\/github\.com\/\.extraheader' && git config --local --unset-all 'http.https://github.com/.extraheader' || :"
Status Check - Keycloak Operator CI	UNKNOWN STEP	2025-07-28T16:22:57.0592878Z [command]/usr/bin/git config --local http.https://github.com/.extraheader AUTHORIZATION: basic ***
Status Check - Keycloak Operator CI	UNKNOWN STEP	2025-07-28T16:22:57.0633963Z ##[endgroup]
Status Check - Keycloak Operator CI	UNKNOWN STEP	2025-07-28T16:22:57.0634776Z ##[group]Fetching the repository
Status Check - Keycloak Operator CI	UNKNOWN STEP	2025-07-28T16:22:57.0642652Z [command]/usr/bin/git -c protocol.version=2 fetch --no-tags --prune --no-recurse-submodules --depth=1 origin +2a2fc4c489c568640cd6e7f1e59442066c08e499:refs/remotes/pull/41389/merge
Status Check - Keycloak Operator CI	UNKNOWN STEP	2025-07-28T16:22:59.7838955Z From https://github.com/keycloak/keycloak
Status Check - Keycloak Operator CI	UNKNOWN STEP	2025-07-28T16:22:59.7841584Z  * [new ref]         2a2fc4c489c568640cd6e7f1e59442066c08e499 -> pull/41389/merge
Status Check - Keycloak Operator CI	UNKNOWN STEP	2025-07-28T16:22:59.7867072Z ##[endgroup]
Status Check - Keycloak Operator CI	UNKNOWN STEP	2025-07-28T16:22:59.7868739Z ##[group]Determining the checkout info
Status Check - Keycloak Operator CI	UNKNOWN STEP	2025-07-28T16:22:59.7870539Z ##[endgroup]
Status Check - Keycloak Operator CI	UNKNOWN STEP	2025-07-28T16:22:59.7873091Z [command]/usr/bin/git sparse-checkout disable
Status Check - Keycloak Operator CI	UNKNOWN STEP	2025-07-28T16:22:59.7914412Z [command]/usr/bin/git config --local --unset-all extensions.worktreeConfig
Status Check - Keycloak Operator CI	UNKNOWN STEP	2025-07-28T16:22:59.7942185Z ##[group]Checking out the ref
Status Check - Keycloak Operator CI	UNKNOWN STEP	2025-07-28T16:22:59.7944686Z [command]/usr/bin/git checkout --progress --force refs/remotes/pull/41389/merge
Status Check - Keycloak Operator CI	UNKNOWN STEP	2025-07-28T16:23:00.6124062Z Note: switching to 'refs/remotes/pull/41389/merge'.
Status Check - Keycloak Operator CI	UNKNOWN STEP	2025-07-28T16:23:00.6125148Z 
Status Check - Keycloak Operator CI	UNKNOWN STEP	2025-07-28T16:23:00.6125514Z You are in 'detached HEAD' state. You can look around, make experimental
Status Check - Keycloak Operator CI	UNKNOWN STEP	2025-07-28T16:23:00.6126315Z changes and commit them, and you can discard any commits you make in this
Status Check - Keycloak Operator CI	UNKNOWN STEP	2025-07-28T16:23:00.6127369Z state without impacting any branches by switching back to a branch.
Status Check - Keycloak Operator CI	UNKNOWN STEP	2025-07-28T16:23:00.6127820Z 
Status Check - Keycloak Operator CI	UNKNOWN STEP	2025-07-28T16:23:00.6128141Z If you want to create a new branch to retain commits you create, you may
Status Check - Keycloak Operator CI	UNKNOWN STEP	2025-07-28T16:23:00.6128824Z do so (now or later) by using -c with the switch command. Example:
Status Check - Keycloak Operator CI	UNKNOWN STEP	2025-07-28T16:23:00.6129245Z 
Status Check - Keycloak Operator CI	UNKNOWN STEP	2025-07-28T16:23:00.6129443Z   git switch -c <new-branch-name>
Status Check - Keycloak Operator CI	UNKNOWN STEP	2025-07-28T16:23:00.6129747Z 
Status Check - Keycloak Operator CI	UNKNOWN STEP	2025-07-28T16:23:00.6129936Z Or undo this operation with:
Status Check - Keycloak Operator CI	UNKNOWN STEP	2025-07-28T16:23:00.6130214Z 
Status Check - Keycloak Operator CI	UNKNOWN STEP	2025-07-28T16:23:00.6130389Z   git switch -
Status Check - Keycloak Operator CI	UNKNOWN STEP	2025-07-28T16:23:00.6130618Z 
Status Check - Keycloak Operator CI	UNKNOWN STEP	2025-07-28T16:23:00.6131025Z Turn off this advice by setting config variable advice.detachedHead to false
Status Check - Keycloak Operator CI	UNKNOWN STEP	2025-07-28T16:23:00.6131533Z 
Status Check - Keycloak Operator CI	UNKNOWN STEP	2025-07-28T16:23:00.6132092Z HEAD is now at 2a2fc4c Merge df910efc0fb4641711d11d4a821245e69e54e180 into f81e42ada547f8e9acbb5e40b6a981178e3832e6
Status Check - Keycloak Operator CI	UNKNOWN STEP	2025-07-28T16:23:00.6159593Z ##[endgroup]
Status Check - Keycloak Operator CI	UNKNOWN STEP	2025-07-28T16:23:00.6198146Z [command]/usr/bin/git log -1 --format=%H
Status Check - Keycloak Operator CI	UNKNOWN STEP	2025-07-28T16:23:00.6220475Z 2a2fc4c489c568640cd6e7f1e59442066c08e499
Status Check - Keycloak Operator CI	UNKNOWN STEP	2025-07-28T16:23:00.6462966Z Prepare all required actions
Status Check - Keycloak Operator CI	UNKNOWN STEP	2025-07-28T16:23:00.6532458Z ##[group]Run ./.github/actions/status-check
Status Check - Keycloak Operator CI	UNKNOWN STEP	2025-07-28T16:23:00.6532784Z with:
Status Check - Keycloak Operator CI	UNKNOWN STEP	2025-07-28T16:23:00.6533680Z   jobs: {
Status Check - Keycloak Operator CI	UNKNOWN STEP	  "conditional": {
Status Check - Keycloak Operator CI	UNKNOWN STEP	    "result": "success",
Status Check - Keycloak Operator CI	UNKNOWN STEP	    "outputs": {
Status Check - Keycloak Operator CI	UNKNOWN STEP	      "operator": "true"
Status Check - Keycloak Operator CI	UNKNOWN STEP	    }
Status Check - Keycloak Operator CI	UNKNOWN STEP	  },
Status Check - Keycloak Operator CI	UNKNOWN STEP	  "build": {
Status Check - Keycloak Operator CI	UNKNOWN STEP	    "result": "success",
Status Check - Keycloak Operator CI	UNKNOWN STEP	    "outputs": {}
Status Check - Keycloak Operator CI	UNKNOWN STEP	  },
Status Check - Keycloak Operator CI	UNKNOWN STEP	  "test-local-apiserver": {
Status Check - Keycloak Operator CI	UNKNOWN STEP	    "result": "success",
Status Check - Keycloak Operator CI	UNKNOWN STEP	    "outputs": {}
Status Check - Keycloak Operator CI	UNKNOWN STEP	  },
Status Check - Keycloak Operator CI	UNKNOWN STEP	  "test-remote": {
Status Check - Keycloak Operator CI	UNKNOWN STEP	    "result": "failure",
Status Check - Keycloak Operator CI	UNKNOWN STEP	    "outputs": {}
Status Check - Keycloak Operator CI	UNKNOWN STEP	  },
Status Check - Keycloak Operator CI	UNKNOWN STEP	  "test-olm": {
Status Check - Keycloak Operator CI	UNKNOWN STEP	    "result": "failure",
Status Check - Keycloak Operator CI	UNKNOWN STEP	    "outputs": {}
Status Check - Keycloak Operator CI	UNKNOWN STEP	  }
Status Check - Keycloak Operator CI	UNKNOWN STEP	}
Status Check - Keycloak Operator CI	UNKNOWN STEP	2025-07-28T16:23:00.6534624Z env:
Status Check - Keycloak Operator CI	UNKNOWN STEP	2025-07-28T16:23:00.6534944Z   MAVEN_ARGS: -B -nsu -Daether.connector.http.connectionMaxTtl=25
Status Check - Keycloak Operator CI	UNKNOWN STEP	2025-07-28T16:23:00.6535354Z   MINIKUBE_VERSION: v1.32.0
Status Check - Keycloak Operator CI	UNKNOWN STEP	2025-07-28T16:23:00.6535691Z   KUBERNETES_VERSION: v1.27.10
Status Check - Keycloak Operator CI	UNKNOWN STEP	2025-07-28T16:23:00.6535969Z   MINIKUBE_MEMORY: 4096
Status Check - Keycloak Operator CI	UNKNOWN STEP	2025-07-28T16:23:00.6536198Z ##[endgroup]
Status Check - Keycloak Operator CI	UNKNOWN STEP	2025-07-28T16:23:00.6636184Z ##[group]Run JOBS='{
Status Check - Keycloak Operator CI	UNKNOWN STEP	2025-07-28T16:23:00.6636674Z [36;1mJOBS='{[0m
Status Check - Keycloak Operator CI	UNKNOWN STEP	2025-07-28T16:23:00.6636975Z [36;1m  "conditional": {[0m
Status Check - Keycloak Operator CI	UNKNOWN STEP	2025-07-28T16:23:00.6637244Z [36;1m    "result": "success",[0m
Status Check - Keycloak Operator CI	UNKNOWN STEP	2025-07-28T16:23:00.6637533Z [36;1m    "outputs": {[0m
Status Check - Keycloak Operator CI	UNKNOWN STEP	2025-07-28T16:23:00.6637809Z [36;1m      "operator": "true"[0m
Status Check - Keycloak Operator CI	UNKNOWN STEP	2025-07-28T16:23:00.6638082Z [36;1m    }[0m
Status Check - Keycloak Operator CI	UNKNOWN STEP	2025-07-28T16:23:00.6638291Z [36;1m  },[0m
Status Check - Keycloak Operator CI	UNKNOWN STEP	2025-07-28T16:23:00.6638504Z [36;1m  "build": {[0m
Status Check - Keycloak Operator CI	UNKNOWN STEP	2025-07-28T16:23:00.6638739Z [36;1m    "result": "success",[0m
Status Check - Keycloak Operator CI	UNKNOWN STEP	2025-07-28T16:23:00.6639006Z [36;1m    "outputs": {}[0m
Status Check - Keycloak Operator CI	UNKNOWN STEP	2025-07-28T16:23:00.6639251Z [36;1m  },[0m
Status Check - Keycloak Operator CI	UNKNOWN STEP	2025-07-28T16:23:00.6639478Z [36;1m  "test-local-apiserver": {[0m
Status Check - Keycloak Operator CI	UNKNOWN STEP	2025-07-28T16:23:00.6639764Z [36;1m    "result": "success",[0m
Status Check - Keycloak Operator CI	UNKNOWN STEP	2025-07-28T16:23:00.6640024Z [36;1m    "outputs": {}[0m
Status Check - Keycloak Operator CI	UNKNOWN STEP	2025-07-28T16:23:00.6640278Z [36;1m  },[0m
Status Check - Keycloak Operator CI	UNKNOWN STEP	2025-07-28T16:23:00.6640488Z [36;1m  "test-remote": {[0m
Status Check - Keycloak Operator CI	UNKNOWN STEP	2025-07-28T16:23:00.6640745Z [36;1m    "result": "failure",[0m
Status Check - Keycloak Operator CI	UNKNOWN STEP	2025-07-28T16:23:00.6641005Z [36;1m    "outputs": {}[0m
Status Check - Keycloak Operator CI	UNKNOWN STEP	2025-07-28T16:23:00.6641243Z [36;1m  },[0m
Status Check - Keycloak Operator CI	UNKNOWN STEP	2025-07-28T16:23:00.6641463Z [36;1m  "test-olm": {[0m
Status Check - Keycloak Operator CI	UNKNOWN STEP	2025-07-28T16:23:00.6641704Z [36;1m    "result": "failure",[0m
Status Check - Keycloak Operator CI	UNKNOWN STEP	2025-07-28T16:23:00.6641962Z [36;1m    "outputs": {}[0m
Status Check - Keycloak Operator CI	UNKNOWN STEP	2025-07-28T16:23:00.6642190Z [36;1m  }[0m
Status Check - Keycloak Operator CI	UNKNOWN STEP	2025-07-28T16:23:00.6642389Z [36;1m}'[0m
Status Check - Keycloak Operator CI	UNKNOWN STEP	2025-07-28T16:23:00.6642588Z [36;1m[0m
Status Check - Keycloak Operator CI	UNKNOWN STEP	2025-07-28T16:23:00.6642835Z [36;1mecho "Job status:"[0m
Status Check - Keycloak Operator CI	UNKNOWN STEP	2025-07-28T16:23:00.6643204Z [36;1mecho $JOBS | jq -r 'to_entries[] | " - \(.key): \(.value.result)"'[0m
Status Check - Keycloak Operator CI	UNKNOWN STEP	2025-07-28T16:23:00.6643565Z [36;1m[0m
Status Check - Keycloak Operator CI	UNKNOWN STEP	2025-07-28T16:23:00.6643849Z [36;1mfor i in $(echo $JOBS | jq -r 'to_entries[] | .value.result'); do[0m
Status Check - Keycloak Operator CI	UNKNOWN STEP	2025-07-28T16:23:00.6644258Z [36;1m  if [ "$i" != "success" ] && [ "$i" != "skipped" ]; then[0m
Status Check - Keycloak Operator CI	UNKNOWN STEP	2025-07-28T16:23:00.6644581Z [36;1m    echo ""[0m
Status Check - Keycloak Operator CI	UNKNOWN STEP	2025-07-28T16:23:00.6644821Z [36;1m    echo "Status check not okay!"[0m
Status Check - Keycloak Operator CI	UNKNOWN STEP	2025-07-28T16:23:00.6645100Z [36;1m    exit 1[0m
Status Check - Keycloak Operator CI	UNKNOWN STEP	2025-07-28T16:23:00.6645307Z [36;1m  fi[0m
Status Check - Keycloak Operator CI	UNKNOWN STEP	2025-07-28T16:23:00.6645507Z [36;1mdone[0m
Status Check - Keycloak Operator CI	UNKNOWN STEP	2025-07-28T16:23:00.6678177Z shell: /usr/bin/bash --noprofile --norc -e -o pipefail {0}
Status Check - Keycloak Operator CI	UNKNOWN STEP	2025-07-28T16:23:00.6678553Z env:
Status Check - Keycloak Operator CI	UNKNOWN STEP	2025-07-28T16:23:00.6678864Z   MAVEN_ARGS: -B -nsu -Daether.connector.http.connectionMaxTtl=25
Status Check - Keycloak Operator CI	UNKNOWN STEP	2025-07-28T16:23:00.6679232Z   MINIKUBE_VERSION: v1.32.0
Status Check - Keycloak Operator CI	UNKNOWN STEP	2025-07-28T16:23:00.6679494Z   KUBERNETES_VERSION: v1.27.10
Status Check - Keycloak Operator CI	UNKNOWN STEP	2025-07-28T16:23:00.6679812Z   MINIKUBE_MEMORY: 4096
Status Check - Keycloak Operator CI	UNKNOWN STEP	2025-07-28T16:23:00.6680038Z ##[endgroup]
Status Check - Keycloak Operator CI	UNKNOWN STEP	2025-07-28T16:23:00.6748870Z Job status:
Status Check - Keycloak Operator CI	UNKNOWN STEP	2025-07-28T16:23:00.6901724Z  - conditional: success
Status Check - Keycloak Operator CI	UNKNOWN STEP	2025-07-28T16:23:00.6902267Z  - build: success
Status Check - Keycloak Operator CI	UNKNOWN STEP	2025-07-28T16:23:00.6902643Z  - test-local-apiserver: success
Status Check - Keycloak Operator CI	UNKNOWN STEP	2025-07-28T16:23:00.6937354Z  - test-remote: failure
Status Check - Keycloak Operator CI	UNKNOWN STEP	2025-07-28T16:23:00.6937841Z  - test-olm: failure
Status Check - Keycloak Operator CI	UNKNOWN STEP	2025-07-28T16:23:00.6938036Z 
Status Check - Keycloak Operator CI	UNKNOWN STEP	2025-07-28T16:23:00.6938512Z Status check not okay!
Status Check - Keycloak Operator CI	UNKNOWN STEP	2025-07-28T16:23:00.6951649Z ##[error]Process completed with exit code 1.
Status Check - Keycloak Operator CI	UNKNOWN STEP	2025-07-28T16:23:00.7072519Z Post job cleanup.
Status Check - Keycloak Operator CI	UNKNOWN STEP	2025-07-28T16:23:00.8011084Z [command]/usr/bin/git version
Status Check - Keycloak Operator CI	UNKNOWN STEP	2025-07-28T16:23:00.8048140Z git version 2.50.1
Status Check - Keycloak Operator CI	UNKNOWN STEP	2025-07-28T16:23:00.8090416Z Temporarily overriding HOME='/home/runner/work/_temp/e73ff650-4469-4710-8ed0-19eefe33cda4' before making global git config changes
Status Check - Keycloak Operator CI	UNKNOWN STEP	2025-07-28T16:23:00.8091489Z Adding repository directory to the temporary git global config as a safe directory
Status Check - Keycloak Operator CI	UNKNOWN STEP	2025-07-28T16:23:00.8103997Z [command]/usr/bin/git config --global --add safe.directory /home/runner/work/keycloak/keycloak
Status Check - Keycloak Operator CI	UNKNOWN STEP	2025-07-28T16:23:00.8137880Z [command]/usr/bin/git config --local --name-only --get-regexp core\.sshCommand
Status Check - Keycloak Operator CI	UNKNOWN STEP	2025-07-28T16:23:00.8169508Z [command]/usr/bin/git submodule foreach --recursive sh -c "git config --local --name-only --get-regexp 'core\.sshCommand' && git config --local --unset-all 'core.sshCommand' || :"
Status Check - Keycloak Operator CI	UNKNOWN STEP	2025-07-28T16:23:00.8414327Z [command]/usr/bin/git config --local --name-only --get-regexp http\.https\:\/\/github\.com\/\.extraheader
Status Check - Keycloak Operator CI	UNKNOWN STEP	2025-07-28T16:23:00.8435324Z http.https://github.com/.extraheader
Status Check - Keycloak Operator CI	UNKNOWN STEP	2025-07-28T16:23:00.8448209Z [command]/usr/bin/git config --local --unset-all http.https://github.com/.extraheader
Status Check - Keycloak Operator CI	UNKNOWN STEP	2025-07-28T16:23:00.8477395Z [command]/usr/bin/git submodule foreach --recursive sh -c "git config --local --name-only --get-regexp 'http\.https\:\/\/github\.com\/\.extraheader' && git config --local --unset-all 'http.https://github.com/.extraheader' || :"
Status Check - Keycloak Operator CI	UNKNOWN STEP	2025-07-28T16:23:00.8824192Z Cleaning up orphan processes
