Admin UI E2E (4, chrome)	Run Cypress	2024-10-28T23:38:27.7718954Z ##[group]Run cypress-io/github-action@v6
Admin UI E2E (4, chrome)	Run Cypress	2024-10-28T23:38:27.7719643Z with:
Admin UI E2E (4, chrome)	Run Cypress	2024-10-28T23:38:27.7720285Z   install: false
Admin UI E2E (4, chrome)	Run Cypress	2024-10-28T23:38:27.7720810Z   browser: chrome
Admin UI E2E (4, chrome)	Run Cypress	2024-10-28T23:38:27.7721386Z   wait-on: http://localhost:8080
Admin UI E2E (4, chrome)	Run Cypress	2024-10-28T23:38:27.7722211Z   working-directory: js/apps/admin-ui
Admin UI E2E (4, chrome)	Run Cypress	2024-10-28T23:38:27.7722833Z   record: false
Admin UI E2E (4, chrome)	Run Cypress	2024-10-28T23:38:27.7723384Z   publish-summary: true
Admin UI E2E (4, chrome)	Run Cypress	2024-10-28T23:38:27.7724086Z   component: false
Admin UI E2E (4, chrome)	Run Cypress	2024-10-28T23:38:27.7724584Z env:
Admin UI E2E (4, chrome)	Run Cypress	2024-10-28T23:38:27.7725283Z   MAVEN_ARGS: -B -nsu -Daether.connector.http.connectionMaxTtl=25
Admin UI E2E (4, chrome)	Run Cypress	2024-10-28T23:38:27.7726315Z   WORKSPACE: keycloak-admin-ui
Admin UI E2E (4, chrome)	Run Cypress	2024-10-28T23:38:27.7727176Z   JAVA_HOME: /opt/hostedtoolcache/Java_Temurin-Hotspot_jdk/21.0.4-7/x64
Admin UI E2E (4, chrome)	Run Cypress	2024-10-28T23:38:27.7728465Z   JAVA_HOME_21_X64: /opt/hostedtoolcache/Java_Temurin-Hotspot_jdk/21.0.4-7/x64
Admin UI E2E (4, chrome)	Run Cypress	2024-10-28T23:38:27.7729404Z   SPLIT: 5
Admin UI E2E (4, chrome)	Run Cypress	2024-10-28T23:38:27.7729890Z   SPLIT_INDEX: 3
Admin UI E2E (4, chrome)	Run Cypress	2024-10-28T23:38:27.7730490Z   SPLIT_RANDOM_SEED: 50
Admin UI E2E (4, chrome)	Run Cypress	2024-10-28T23:38:27.7731032Z ##[endgroup]
Admin UI E2E (4, chrome)	Run Cypress	2024-10-28T23:38:27.9871263Z Skipping install because install parameter is false
Admin UI E2E (4, chrome)	Run Cypress	2024-10-28T23:38:27.9892585Z waiting on "http://localhost:8080" with timeout of 60 seconds
Admin UI E2E (4, chrome)	Run Cypress	2024-10-28T23:38:44.9176214Z It looks like this is your first time using Cypress: 13.15.1
Admin UI E2E (4, chrome)	Run Cypress	2024-10-28T23:38:44.9197060Z 
Admin UI E2E (4, chrome)	Run Cypress	2024-10-28T23:38:44.9197425Z [STARTED] Task without title.
Admin UI E2E (4, chrome)	Run Cypress	2024-10-28T23:38:46.4240239Z [SUCCESS] Task without title.
Admin UI E2E (4, chrome)	Run Cypress	2024-10-28T23:38:46.4243667Z 
Admin UI E2E (4, chrome)	Run Cypress	2024-10-28T23:38:46.4244466Z Opening Cypress...
Admin UI E2E (4, chrome)	Run Cypress	2024-10-28T23:38:47.0470925Z 
Admin UI E2E (4, chrome)	Run Cypress	2024-10-28T23:38:47.0474551Z DevTools listening on ws://127.0.0.1:38757/devtools/browser/558ea5e8-aa4c-4fbf-8bdc-2764cf6b766b
Admin UI E2E (4, chrome)	Run Cypress	2024-10-28T23:38:47.6545238Z (node:2614) ExperimentalWarning: `--experimental-loader` may be removed in the future; instead use `register()`:
Admin UI E2E (4, chrome)	Run Cypress	2024-10-28T23:38:47.6549572Z --import 'data:text/javascript,import { register } from "node:module"; import { pathToFileURL } from "node:url"; register("file%3A///home/runner/.cache/Cypress/13.15.1/Cypress/resources/app/node_modules/ts-node/esm/transpile-only.mjs", pathToFileURL("./"));'
Admin UI E2E (4, chrome)	Run Cypress	2024-10-28T23:38:47.6551538Z (Use `node --trace-warnings ...` to show where the warning was created)
Admin UI E2E (4, chrome)	Run Cypress	2024-10-28T23:38:48.3589279Z cypress-split: there are 37 found specs
Admin UI E2E (4, chrome)	Run Cypress	2024-10-28T23:38:48.3590438Z the first 5 specs
Admin UI E2E (4, chrome)	Run Cypress	2024-10-28T23:38:48.3592387Z - 1: /home/runner/work/keycloak/keycloak/js/apps/admin-ui/cypress/e2e/user_fed_kerberos_test.spec.ts
Admin UI E2E (4, chrome)	Run Cypress	2024-10-28T23:38:48.3595437Z - 2: /home/runner/work/keycloak/keycloak/js/apps/admin-ui/cypress/e2e/realm_settings_client_profiles_test.spec.ts
Admin UI E2E (4, chrome)	Run Cypress	2024-10-28T23:38:48.3597953Z - 3: /home/runner/work/keycloak/keycloak/js/apps/admin-ui/cypress/e2e/authentication_policies.spec.ts
Admin UI E2E (4, chrome)	Run Cypress	2024-10-28T23:38:48.3599304Z - 4: /home/runner/work/keycloak/keycloak/js/apps/admin-ui/cypress/e2e/partial_import_test.spec.ts
Admin UI E2E (4, chrome)	Run Cypress	2024-10-28T23:38:48.3600658Z - 5: /home/runner/work/keycloak/keycloak/js/apps/admin-ui/cypress/e2e/i18n_test.spec.ts
Admin UI E2E (4, chrome)	Run Cypress	2024-10-28T23:38:48.3601829Z cypress-split: chunk 4 of 5
Admin UI E2E (4, chrome)	Run Cypress	2024-10-28T23:38:48.3611077Z k  spec                                                   
Admin UI E2E (4, chrome)	Run Cypress	2024-10-28T23:38:48.3612380Z -  -------------------------------------------------------
Admin UI E2E (4, chrome)	Run Cypress	2024-10-28T23:38:48.3613349Z 1  cypress/e2e/user_fed_ldap_hardcoded_mapper_test.spec.ts
Admin UI E2E (4, chrome)	Run Cypress	2024-10-28T23:38:48.3614485Z 2  cypress/e2e/realm_test.spec.ts                         
Admin UI E2E (4, chrome)	Run Cypress	2024-10-28T23:38:48.3615398Z 3  cypress/e2e/realm_settings_tabs_test.spec.ts           
Admin UI E2E (4, chrome)	Run Cypress	2024-10-28T23:38:48.3616077Z 4  cypress/e2e/clients_test.spec.ts                       
Admin UI E2E (4, chrome)	Run Cypress	2024-10-28T23:38:48.3616835Z 5  cypress/e2e/realm_user_registration.spec.ts            
Admin UI E2E (4, chrome)	Run Cypress	2024-10-28T23:38:48.3617498Z 6  cypress/e2e/identity_providers_test.spec.ts            
Admin UI E2E (4, chrome)	Run Cypress	2024-10-28T23:38:48.3618159Z 7  cypress/e2e/user_fed_test.spec.ts                      
Admin UI E2E (4, chrome)	Run Cypress	2024-10-28T23:38:48.3618492Z 
Admin UI E2E (4, chrome)	Run Cypress	2024-10-28T23:38:49.0420713Z 
Admin UI E2E (4, chrome)	Run Cypress	2024-10-28T23:38:49.0763315Z [90m====================================================================================================[39m
Admin UI E2E (4, chrome)	Run Cypress	2024-10-28T23:38:49.0764204Z 
Admin UI E2E (4, chrome)	Run Cypress	2024-10-28T23:38:49.0767562Z [0m  ([4m[1mRun Starting[22m[24m)[0m
Admin UI E2E (4, chrome)	Run Cypress	2024-10-28T23:38:49.0768361Z 
Admin UI E2E (4, chrome)	Run Cypress	2024-10-28T23:38:49.0841534Z [90m  ┌[39m[90m─[39m[90m─[39m[90m─[39m[90m─[39m[90m─[39m[90m─[39m[90m─[39m[90m─[39m[90m─[39m[90m─[39m[90m─[39m[90m─[39m[90m─[39m[90m─[39m[90m─[39m[90m─[39m[90m─[39m[90m─[39m[90m─[39m[90m─[39m[90m─[39m[90m─[39m[90m─[39m[90m─[39m[90m─[39m[90m─[39m[90m─[39m[90m─[39m[90m─[39m[90m─[39m[90m─[39m[90m─[39m[90m─[39m[90m─[39m[90m─[39m[90m─[39m[90m─[39m[90m─[39m[90m─[39m[90m─[39m[90m─[39m[90m─[39m[90m─[39m[90m─[39m[90m─[39m[90m─[39m[90m─[39m[90m─[39m[90m─[39m[90m─[39m[90m─[39m[90m─[39m[90m─[39m[90m─[39m[90m─[39m[90m─[39m[90m─[39m[90m─[39m[90m─[39m[90m─[39m[90m─[39m[90m─[39m[90m─[39m[90m─[39m[90m─[39m[90m─[39m[90m─[39m[90m─[39m[90m─[39m[90m─[39m[90m─[39m[90m─[39m[90m─[39m[90m─[39m[90m─[39m[90m─[39m[90m─[39m[90m─[39m[90m─[39m[90m─[39m[90m─[39m[90m─[39m[90m─[39m[90m─[39m[90m─[39m[90m─[39m[90m─[39m[90m─[39m[90m─[39m[90m─[39m[90m─[39m[90m─[39m[90m─[39m[90m─[39m[90m─[39m[90m─[39m[90m┐[39m
Admin UI E2E (4, chrome)	Run Cypress	2024-10-28T23:38:49.0848950Z [90m  │[39m [90mCypress:[39m        13.15.1                                                                        [90m│[39m
Admin UI E2E (4, chrome)	Run Cypress	2024-10-28T23:38:49.0851259Z [90m  │[39m [90mBrowser:[39m        Chrome 130 [90m(headless)[39m                                                          [90m│[39m
Admin UI E2E (4, chrome)	Run Cypress	2024-10-28T23:38:49.0852811Z [90m  │[39m [90mNode Version:[39m   [0mv20.13.1 [90m(/home/runner/runners/2.320.0/externals/node20/bin/node)[39m[0m              [90m│[39m
Admin UI E2E (4, chrome)	Run Cypress	2024-10-28T23:38:49.0854229Z [90m  │[39m [90mSpecs:[39m          [0m7 found (user_fed_ldap_hardcoded_mapper_test.spec.ts, realm_test.spec.ts, real[0m [90m│[39m
Admin UI E2E (4, chrome)	Run Cypress	2024-10-28T23:38:49.0855496Z [90m  │[39m                 [0mm_settings_tabs_test.spec.ts, clients_test.spec.ts, realm_user_registration.sp[0m [90m│[39m
Admin UI E2E (4, chrome)	Run Cypress	2024-10-28T23:38:49.0856791Z [90m  │[39m                 [0mec.ts, identity_providers_test.spec.ts, user_fed_test.spec.ts)[0m                 [90m│[39m
Admin UI E2E (4, chrome)	Run Cypress	2024-10-28T23:38:49.0858522Z [90m  │[39m [90mSearched:[39m       [0mcypress/e2e/user_fed_ldap_hardcoded_mapper_test.spec.ts, cypress/e2e/realm_tes[0m [90m│[39m
Admin UI E2E (4, chrome)	Run Cypress	2024-10-28T23:38:49.0859957Z [90m  │[39m                 [0mt.spec.ts, cypress/e2e/realm_settings_tabs_test.spec.ts, cypress/e2e/clients_t[0m [90m│[39m
Admin UI E2E (4, chrome)	Run Cypress	2024-10-28T23:38:49.0861653Z [90m  │[39m                 [0mest.spec.ts, cypress/e2e/realm_user_registration.spec.ts, cypress/e2e/identity[0m [90m│[39m
Admin UI E2E (4, chrome)	Run Cypress	2024-10-28T23:38:49.0863236Z [90m  │[39m                 [0m_providers_test.spec.ts, cypress/e2e/user_fed_test.spec.ts[0m                     [90m│[39m
Admin UI E2E (4, chrome)	Run Cypress	2024-10-28T23:38:49.0865246Z [90m  │[39m [90mExperiments:[39m    experimentalMemoryManagement=true                                              [90m│[39m
Admin UI E2E (4, chrome)	Run Cypress	2024-10-28T23:38:49.0870957Z [90m  └[39m[90m─[39m[90m─[39m[90m─[39m[90m─[39m[90m─[39m[90m─[39m[90m─[39m[90m─[39m[90m─[39m[90m─[39m[90m─[39m[90m─[39m[90m─[39m[90m─[39m[90m─[39m[90m─[39m[90m─[39m[90m─[39m[90m─[39m[90m─[39m[90m─[39m[90m─[39m[90m─[39m[90m─[39m[90m─[39m[90m─[39m[90m─[39m[90m─[39m[90m─[39m[90m─[39m[90m─[39m[90m─[39m[90m─[39m[90m─[39m[90m─[39m[90m─[39m[90m─[39m[90m─[39m[90m─[39m[90m─[39m[90m─[39m[90m─[39m[90m─[39m[90m─[39m[90m─[39m[90m─[39m[90m─[39m[90m─[39m[90m─[39m[90m─[39m[90m─[39m[90m─[39m[90m─[39m[90m─[39m[90m─[39m[90m─[39m[90m─[39m[90m─[39m[90m─[39m[90m─[39m[90m─[39m[90m─[39m[90m─[39m[90m─[39m[90m─[39m[90m─[39m[90m─[39m[90m─[39m[90m─[39m[90m─[39m[90m─[39m[90m─[39m[90m─[39m[90m─[39m[90m─[39m[90m─[39m[90m─[39m[90m─[39m[90m─[39m[90m─[39m[90m─[39m[90m─[39m[90m─[39m[90m─[39m[90m─[39m[90m─[39m[90m─[39m[90m─[39m[90m─[39m[90m─[39m[90m─[39m[90m─[39m[90m─[39m[90m─[39m[90m─[39m[90m─[39m[90m┘[39m
Admin UI E2E (4, chrome)	Run Cypress	2024-10-28T23:38:49.0874918Z 
Admin UI E2E (4, chrome)	Run Cypress	2024-10-28T23:38:49.0875606Z 
Admin UI E2E (4, chrome)	Run Cypress	2024-10-28T23:38:49.0880528Z [90m─[39m[90m─[39m[90m─[39m[90m─[39m[90m─[39m[90m─[39m[90m─[39m[90m─[39m[90m─[39m[90m─[39m[90m─[39m[90m─[39m[90m─[39m[90m─[39m[90m─[39m[90m─[39m[90m─[39m[90m─[39m[90m─[39m[90m─[39m[90m─[39m[90m─[39m[90m─[39m[90m─[39m[90m─[39m[90m─[39m[90m─[39m[90m─[39m[90m─[39m[90m─[39m[90m─[39m[90m─[39m[90m─[39m[90m─[39m[90m─[39m[90m─[39m[90m─[39m[90m─[39m[90m─[39m[90m─[39m[90m─[39m[90m─[39m[90m─[39m[90m─[39m[90m─[39m[90m─[39m[90m─[39m[90m─[39m[90m─[39m[90m─[39m[90m─[39m[90m─[39m[90m─[39m[90m─[39m[90m─[39m[90m─[39m[90m─[39m[90m─[39m[90m─[39m[90m─[39m[90m─[39m[90m─[39m[90m─[39m[90m─[39m[90m─[39m[90m─[39m[90m─[39m[90m─[39m[90m─[39m[90m─[39m[90m─[39m[90m─[39m[90m─[39m[90m─[39m[90m─[39m[90m─[39m[90m─[39m[90m─[39m[90m─[39m[90m─[39m[90m─[39m[90m─[39m[90m─[39m[90m─[39m[90m─[39m[90m─[39m[90m─[39m[90m─[39m[90m─[39m[90m─[39m[90m─[39m[90m─[39m[90m─[39m[90m─[39m[90m─[39m[90m─[39m[90m─[39m[90m─[39m[90m─[39m[90m─[39m
Admin UI E2E (4, chrome)	Run Cypress	2024-10-28T23:38:49.0884246Z                                                                                                     
Admin UI E2E (4, chrome)	Run Cypress	2024-10-28T23:38:49.0885250Z   Running:  [90muser_fed_ldap_hardcoded_mapper_test.spec.ts[39m                                     [90m(1 of 7)[39m
Admin UI E2E (4, chrome)	Run Cypress	2024-10-28T23:38:54.5181298Z 
Admin UI E2E (4, chrome)	Run Cypress	2024-10-28T23:38:54.5188637Z [0m[0m
Admin UI E2E (4, chrome)	Run Cypress	2024-10-28T23:38:54.5198422Z [0m  User Fed LDAP mapper tests[0m
Admin UI E2E (4, chrome)	Run Cypress	2024-10-28T23:39:07.4640604Z   [32m  ✓[0m[90m Create LDAP provider from empty state[0m[90m (12935ms)[0m
Admin UI E2E (4, chrome)	Run Cypress	2024-10-28T23:39:10.0244812Z   [32m  ✓[0m[90m Create group[0m[90m (2510ms)[0m
Admin UI E2E (4, chrome)	Run Cypress	2024-10-28T23:39:19.6628363Z   [32m  ✓[0m[90m Create client and role[0m[90m (9530ms)[0m
Admin UI E2E (4, chrome)	Run Cypress	2024-10-28T23:39:27.4491740Z   [32m  ✓[0m[90m Delete default mappers[0m[90m (7699ms)[0m
Admin UI E2E (4, chrome)	Run Cypress	2024-10-28T23:39:33.0625458Z   [32m  ✓[0m[90m Create hardcoded attribute mapper[0m[90m (5564ms)[0m
Admin UI E2E (4, chrome)	Run Cypress	2024-10-28T23:39:38.3924165Z   [32m  ✓[0m[90m Create hardcoded ldap group mapper[0m[90m (5273ms)[0m
Admin UI E2E (4, chrome)	Run Cypress	2024-10-28T23:39:43.8788616Z   [32m  ✓[0m[90m Create hardcoded ldap attribute mapper[0m[90m (5438ms)[0m
Admin UI E2E (4, chrome)	Run Cypress	2024-10-28T23:39:48.8874747Z   [32m  ✓[0m[90m Create hardcoded ldap role mapper[0m[90m (4955ms)[0m
Admin UI E2E (4, chrome)	Run Cypress	2024-10-28T23:39:54.2814692Z   [32m  ✓[0m[90m Create role ldap mapper[0m[90m (5330ms)[0m
Admin UI E2E (4, chrome)	Run Cypress	2024-10-28T23:39:57.3224031Z   [32m  ✓[0m[90m Cleanup - delete LDAP provider[0m[90m (2979ms)[0m
Admin UI E2E (4, chrome)	Run Cypress	2024-10-28T23:39:59.0834056Z   [32m  ✓[0m[90m Cleanup - delete group[0m[90m (1727ms)[0m
Admin UI E2E (4, chrome)	Run Cypress	2024-10-28T23:40:00.8321476Z   [32m  ✓[0m[90m Cleanup - delete client[0m[90m (1712ms)[0m
Admin UI E2E (4, chrome)	Run Cypress	2024-10-28T23:40:00.8322911Z 
Admin UI E2E (4, chrome)	Run Cypress	2024-10-28T23:40:00.8489890Z 
Admin UI E2E (4, chrome)	Run Cypress	2024-10-28T23:40:00.8494688Z [92m [0m[32m 12 passing[0m[90m (1m)[0m
Admin UI E2E (4, chrome)	Run Cypress	2024-10-28T23:40:00.8496730Z 
Admin UI E2E (4, chrome)	Run Cypress	2024-10-28T23:40:01.8685244Z 
Admin UI E2E (4, chrome)	Run Cypress	2024-10-28T23:40:01.8686539Z [32m  ([4m[1mResults[22m[24m)[39m
Admin UI E2E (4, chrome)	Run Cypress	2024-10-28T23:40:01.8704977Z 
Admin UI E2E (4, chrome)	Run Cypress	2024-10-28T23:40:01.8722166Z [90m  ┌[39m[90m─[39m[90m─[39m[90m─[39m[90m─[39m[90m─[39m[90m─[39m[90m─[39m[90m─[39m[90m─[39m[90m─[39m[90m─[39m[90m─[39m[90m─[39m[90m─[39m[90m─[39m[90m─[39m[90m─[39m[90m─[39m[90m─[39m[90m─[39m[90m─[39m[90m─[39m[90m─[39m[90m─[39m[90m─[39m[90m─[39m[90m─[39m[90m─[39m[90m─[39m[90m─[39m[90m─[39m[90m─[39m[90m─[39m[90m─[39m[90m─[39m[90m─[39m[90m─[39m[90m─[39m[90m─[39m[90m─[39m[90m─[39m[90m─[39m[90m─[39m[90m─[39m[90m─[39m[90m─[39m[90m─[39m[90m─[39m[90m─[39m[90m─[39m[90m─[39m[90m─[39m[90m─[39m[90m─[39m[90m─[39m[90m─[39m[90m─[39m[90m─[39m[90m─[39m[90m─[39m[90m─[39m[90m─[39m[90m─[39m[90m─[39m[90m─[39m[90m─[39m[90m─[39m[90m─[39m[90m─[39m[90m─[39m[90m─[39m[90m─[39m[90m─[39m[90m─[39m[90m─[39m[90m─[39m[90m─[39m[90m─[39m[90m─[39m[90m─[39m[90m─[39m[90m─[39m[90m─[39m[90m─[39m[90m─[39m[90m─[39m[90m─[39m[90m─[39m[90m─[39m[90m─[39m[90m─[39m[90m─[39m[90m─[39m[90m─[39m[90m─[39m[90m─[39m[90m┐[39m
Admin UI E2E (4, chrome)	Run Cypress	2024-10-28T23:40:01.8728694Z [90m  │[39m [90mTests:[39m        [32m12[39m                                                                               [90m│[39m
Admin UI E2E (4, chrome)	Run Cypress	2024-10-28T23:40:01.8730202Z [90m  │[39m [90mPassing:[39m      [32m12[39m                                                                               [90m│[39m
Admin UI E2E (4, chrome)	Run Cypress	2024-10-28T23:40:01.8731708Z [90m  │[39m [90mFailing:[39m      [32m0[39m                                                                                [90m│[39m
Admin UI E2E (4, chrome)	Run Cypress	2024-10-28T23:40:01.8733241Z [90m  │[39m [90mPending:[39m      [32m0[39m                                                                                [90m│[39m
Admin UI E2E (4, chrome)	Run Cypress	2024-10-28T23:40:01.8734782Z [90m  │[39m [90mSkipped:[39m      [32m0[39m                                                                                [90m│[39m
Admin UI E2E (4, chrome)	Run Cypress	2024-10-28T23:40:01.8736443Z [90m  │[39m [90mScreenshots:[39m  [32m0[39m                                                                                [90m│[39m
Admin UI E2E (4, chrome)	Run Cypress	2024-10-28T23:40:01.8738215Z [90m  │[39m [90mVideo:[39m        [32mfalse[39m                                                                            [90m│[39m
Admin UI E2E (4, chrome)	Run Cypress	2024-10-28T23:40:01.8739914Z [90m  │[39m [90mDuration:[39m     [32m1 minute, 6 seconds[39m                                                              [90m│[39m
Admin UI E2E (4, chrome)	Run Cypress	2024-10-28T23:40:01.8741752Z [90m  │[39m [90mSpec Ran:[39m     [32m[32muser_fed_ldap_hardcoded_mapper_test.spec.ts[32m[39m                                      [90m│[39m
Admin UI E2E (4, chrome)	Run Cypress	2024-10-28T23:40:01.8750545Z [90m  └[39m[90m─[39m[90m─[39m[90m─[39m[90m─[39m[90m─[39m[90m─[39m[90m─[39m[90m─[39m[90m─[39m[90m─[39m[90m─[39m[90m─[39m[90m─[39m[90m─[39m[90m─[39m[90m─[39m[90m─[39m[90m─[39m[90m─[39m[90m─[39m[90m─[39m[90m─[39m[90m─[39m[90m─[39m[90m─[39m[90m─[39m[90m─[39m[90m─[39m[90m─[39m[90m─[39m[90m─[39m[90m─[39m[90m─[39m[90m─[39m[90m─[39m[90m─[39m[90m─[39m[90m─[39m[90m─[39m[90m─[39m[90m─[39m[90m─[39m[90m─[39m[90m─[39m[90m─[39m[90m─[39m[90m─[39m[90m─[39m[90m─[39m[90m─[39m[90m─[39m[90m─[39m[90m─[39m[90m─[39m[90m─[39m[90m─[39m[90m─[39m[90m─[39m[90m─[39m[90m─[39m[90m─[39m[90m─[39m[90m─[39m[90m─[39m[90m─[39m[90m─[39m[90m─[39m[90m─[39m[90m─[39m[90m─[39m[90m─[39m[90m─[39m[90m─[39m[90m─[39m[90m─[39m[90m─[39m[90m─[39m[90m─[39m[90m─[39m[90m─[39m[90m─[39m[90m─[39m[90m─[39m[90m─[39m[90m─[39m[90m─[39m[90m─[39m[90m─[39m[90m─[39m[90m─[39m[90m─[39m[90m─[39m[90m─[39m[90m─[39m[90m─[39m[90m─[39m[90m┘[39m
Admin UI E2E (4, chrome)	Run Cypress	2024-10-28T23:40:01.8756923Z 
Admin UI E2E (4, chrome)	Run Cypress	2024-10-28T23:40:01.9164307Z 
Admin UI E2E (4, chrome)	Run Cypress	2024-10-28T23:40:01.9173936Z [90m─[39m[90m─[39m[90m─[39m[90m─[39m[90m─[39m[90m─[39m[90m─[39m[90m─[39m[90m─[39m[90m─[39m[90m─[39m[90m─[39m[90m─[39m[90m─[39m[90m─[39m[90m─[39m[90m─[39m[90m─[39m[90m─[39m[90m─[39m[90m─[39m[90m─[39m[90m─[39m[90m─[39m[90m─[39m[90m─[39m[90m─[39m[90m─[39m[90m─[39m[90m─[39m[90m─[39m[90m─[39m[90m─[39m[90m─[39m[90m─[39m[90m─[39m[90m─[39m[90m─[39m[90m─[39m[90m─[39m[90m─[39m[90m─[39m[90m─[39m[90m─[39m[90m─[39m[90m─[39m[90m─[39m[90m─[39m[90m─[39m[90m─[39m[90m─[39m[90m─[39m[90m─[39m[90m─[39m[90m─[39m[90m─[39m[90m─[39m[90m─[39m[90m─[39m[90m─[39m[90m─[39m[90m─[39m[90m─[39m[90m─[39m[90m─[39m[90m─[39m[90m─[39m[90m─[39m[90m─[39m[90m─[39m[90m─[39m[90m─[39m[90m─[39m[90m─[39m[90m─[39m[90m─[39m[90m─[39m[90m─[39m[90m─[39m[90m─[39m[90m─[39m[90m─[39m[90m─[39m[90m─[39m[90m─[39m[90m─[39m[90m─[39m[90m─[39m[90m─[39m[90m─[39m[90m─[39m[90m─[39m[90m─[39m[90m─[39m[90m─[39m[90m─[39m[90m─[39m[90m─[39m[90m─[39m[90m─[39m
Admin UI E2E (4, chrome)	Run Cypress	2024-10-28T23:40:01.9177911Z                                                                                                     
Admin UI E2E (4, chrome)	Run Cypress	2024-10-28T23:40:01.9179100Z   Running:  [90mrealm_test.spec.ts[39m                                                              [90m(2 of 7)[39m
Admin UI E2E (4, chrome)	Run Cypress	2024-10-28T23:40:06.4640651Z 
Admin UI E2E (4, chrome)	Run Cypress	2024-10-28T23:40:06.4641480Z [0m[0m
Admin UI E2E (4, chrome)	Run Cypress	2024-10-28T23:40:06.4720237Z [0m  Realm tests[0m
Admin UI E2E (4, chrome)	Run Cypress	2024-10-28T23:40:10.9569263Z   [32m  ✓[0m[90m should fail creating duplicated or empty name realm[0m[90m (4477ms)[0m
Admin UI E2E (4, chrome)	Run Cypress	2024-10-28T23:40:14.6829348Z   [32m  ✓[0m[90m should create Test realm[0m[90m (3687ms)[0m
Admin UI E2E (4, chrome)	Run Cypress	2024-10-28T23:40:25.4733770Z   [32m  ✓[0m[90m CRUD test of Disabled realm[0m[90m (10743ms)[0m
Admin UI E2E (4, chrome)	Run Cypress	2024-10-28T23:40:32.0547639Z   [32m  ✓[0m[90m should create realm from new a realm[0m[90m (6549ms)[0m
Admin UI E2E (4, chrome)	Run Cypress	2024-10-28T23:40:33.6315556Z   [32m  ✓[0m[90m should change to Test realm[0m[90m (1543ms)[0m
Admin UI E2E (4, chrome)	Run Cypress	2024-10-28T23:41:06.1579617Z     [33m(Attempt 1 of 4)[0m should create realm with special characters
Admin UI E2E (4, chrome)	Run Cypress	2024-10-28T23:41:11.0547892Z   [32m  ✓[0m[90m should create realm with special characters[0m[90m (3297ms)[0m
Admin UI E2E (4, chrome)	Run Cypress	2024-10-28T23:41:11.0555578Z 
Admin UI E2E (4, chrome)	Run Cypress	2024-10-28T23:41:11.1208528Z 
Admin UI E2E (4, chrome)	Run Cypress	2024-10-28T23:41:11.1210692Z [92m [0m[32m 6 passing[0m[90m (1m)[0m
Admin UI E2E (4, chrome)	Run Cypress	2024-10-28T23:41:11.1211210Z 
Admin UI E2E (4, chrome)	Run Cypress	2024-10-28T23:41:12.1931779Z 
Admin UI E2E (4, chrome)	Run Cypress	2024-10-28T23:41:12.1933138Z [32m  ([4m[1mResults[22m[24m)[39m
Admin UI E2E (4, chrome)	Run Cypress	2024-10-28T23:41:12.1951500Z 
Admin UI E2E (4, chrome)	Run Cypress	2024-10-28T23:41:12.1969623Z [90m  ┌[39m[90m─[39m[90m─[39m[90m─[39m[90m─[39m[90m─[39m[90m─[39m[90m─[39m[90m─[39m[90m─[39m[90m─[39m[90m─[39m[90m─[39m[90m─[39m[90m─[39m[90m─[39m[90m─[39m[90m─[39m[90m─[39m[90m─[39m[90m─[39m[90m─[39m[90m─[39m[90m─[39m[90m─[39m[90m─[39m[90m─[39m[90m─[39m[90m─[39m[90m─[39m[90m─[39m[90m─[39m[90m─[39m[90m─[39m[90m─[39m[90m─[39m[90m─[39m[90m─[39m[90m─[39m[90m─[39m[90m─[39m[90m─[39m[90m─[39m[90m─[39m[90m─[39m[90m─[39m[90m─[39m[90m─[39m[90m─[39m[90m─[39m[90m─[39m[90m─[39m[90m─[39m[90m─[39m[90m─[39m[90m─[39m[90m─[39m[90m─[39m[90m─[39m[90m─[39m[90m─[39m[90m─[39m[90m─[39m[90m─[39m[90m─[39m[90m─[39m[90m─[39m[90m─[39m[90m─[39m[90m─[39m[90m─[39m[90m─[39m[90m─[39m[90m─[39m[90m─[39m[90m─[39m[90m─[39m[90m─[39m[90m─[39m[90m─[39m[90m─[39m[90m─[39m[90m─[39m[90m─[39m[90m─[39m[90m─[39m[90m─[39m[90m─[39m[90m─[39m[90m─[39m[90m─[39m[90m─[39m[90m─[39m[90m─[39m[90m─[39m[90m─[39m[90m─[39m[90m┐[39m
Admin UI E2E (4, chrome)	Run Cypress	2024-10-28T23:41:12.1976694Z [90m  │[39m [90mTests:[39m        [32m6[39m                                                                                [90m│[39m
Admin UI E2E (4, chrome)	Run Cypress	2024-10-28T23:41:12.1978211Z [90m  │[39m [90mPassing:[39m      [32m6[39m                                                                                [90m│[39m
Admin UI E2E (4, chrome)	Run Cypress	2024-10-28T23:41:12.1979850Z [90m  │[39m [90mFailing:[39m      [32m0[39m                                                                                [90m│[39m
Admin UI E2E (4, chrome)	Run Cypress	2024-10-28T23:41:12.1981397Z [90m  │[39m [90mPending:[39m      [32m0[39m                                                                                [90m│[39m
Admin UI E2E (4, chrome)	Run Cypress	2024-10-28T23:41:12.1983114Z [90m  │[39m [90mSkipped:[39m      [32m0[39m                                                                                [90m│[39m
Admin UI E2E (4, chrome)	Run Cypress	2024-10-28T23:41:12.1984956Z [90m  │[39m [90mScreenshots:[39m  [32m1[39m                                                                                [90m│[39m
Admin UI E2E (4, chrome)	Run Cypress	2024-10-28T23:41:12.1986481Z [90m  │[39m [90mVideo:[39m        [32mtrue[39m                                                                             [90m│[39m
Admin UI E2E (4, chrome)	Run Cypress	2024-10-28T23:41:12.1988094Z [90m  │[39m [90mDuration:[39m     [32m1 minute, 4 seconds[39m                                                              [90m│[39m
Admin UI E2E (4, chrome)	Run Cypress	2024-10-28T23:41:12.1989983Z [90m  │[39m [90mSpec Ran:[39m     [32m[32mrealm_test.spec.ts[32m[39m                                                               [90m│[39m
Admin UI E2E (4, chrome)	Run Cypress	2024-10-28T23:41:12.2001574Z [90m  └[39m[90m─[39m[90m─[39m[90m─[39m[90m─[39m[90m─[39m[90m─[39m[90m─[39m[90m─[39m[90m─[39m[90m─[39m[90m─[39m[90m─[39m[90m─[39m[90m─[39m[90m─[39m[90m─[39m[90m─[39m[90m─[39m[90m─[39m[90m─[39m[90m─[39m[90m─[39m[90m─[39m[90m─[39m[90m─[39m[90m─[39m[90m─[39m[90m─[39m[90m─[39m[90m─[39m[90m─[39m[90m─[39m[90m─[39m[90m─[39m[90m─[39m[90m─[39m[90m─[39m[90m─[39m[90m─[39m[90m─[39m[90m─[39m[90m─[39m[90m─[39m[90m─[39m[90m─[39m[90m─[39m[90m─[39m[90m─[39m[90m─[39m[90m─[39m[90m─[39m[90m─[39m[90m─[39m[90m─[39m[90m─[39m[90m─[39m[90m─[39m[90m─[39m[90m─[39m[90m─[39m[90m─[39m[90m─[39m[90m─[39m[90m─[39m[90m─[39m[90m─[39m[90m─[39m[90m─[39m[90m─[39m[90m─[39m[90m─[39m[90m─[39m[90m─[39m[90m─[39m[90m─[39m[90m─[39m[90m─[39m[90m─[39m[90m─[39m[90m─[39m[90m─[39m[90m─[39m[90m─[39m[90m─[39m[90m─[39m[90m─[39m[90m─[39m[90m─[39m[90m─[39m[90m─[39m[90m─[39m[90m─[39m[90m─[39m[90m─[39m[90m─[39m[90m─[39m[90m┘[39m
Admin UI E2E (4, chrome)	Run Cypress	2024-10-28T23:41:12.2008632Z 
Admin UI E2E (4, chrome)	Run Cypress	2024-10-28T23:41:12.2008656Z 
Admin UI E2E (4, chrome)	Run Cypress	2024-10-28T23:41:12.2009079Z [33m  ([4m[1mScreenshots[22m[24m)[39m
Admin UI E2E (4, chrome)	Run Cypress	2024-10-28T23:41:12.2009511Z 
Admin UI E2E (4, chrome)	Run Cypress	2024-10-28T23:41:12.2010732Z [90m [39m -  [0m/home/runner/work/keycloak/keycloak/js/apps/admin-ui/cypress/screenshots/realm_t[0m     [90m[90m(1280x581)[90m[39m
Admin UI E2E (4, chrome)	Run Cypress	2024-10-28T23:41:12.2012794Z [90m [39m    [0mest.spec.ts/Realm tests -- should create realm with special characters (failed).[0m               
Admin UI E2E (4, chrome)	Run Cypress	2024-10-28T23:41:12.2014423Z [90m [39m    [0mpng[0m                                                                                            
Admin UI E2E (4, chrome)	Run Cypress	2024-10-28T23:41:12.2015050Z 
Admin UI E2E (4, chrome)	Run Cypress	2024-10-28T23:41:12.2361660Z 
Admin UI E2E (4, chrome)	Run Cypress	2024-10-28T23:41:12.2363470Z [36m  ([4m[1mVideo[22m[24m)[39m
Admin UI E2E (4, chrome)	Run Cypress	2024-10-28T23:41:12.2364344Z 
Admin UI E2E (4, chrome)	Run Cypress	2024-10-28T23:41:12.2365822Z   -  Video output: [36m/home/runner/work/keycloak/keycloak/js/apps/admin-ui/cypress/videos/realm_test.spec.ts.mp4[39m
Admin UI E2E (4, chrome)	Run Cypress	2024-10-28T23:41:12.2366881Z 
Admin UI E2E (4, chrome)	Run Cypress	2024-10-28T23:41:12.2366895Z 
Admin UI E2E (4, chrome)	Run Cypress	2024-10-28T23:41:12.2382334Z [90m─[39m[90m─[39m[90m─[39m[90m─[39m[90m─[39m[90m─[39m[90m─[39m[90m─[39m[90m─[39m[90m─[39m[90m─[39m[90m─[39m[90m─[39m[90m─[39m[90m─[39m[90m─[39m[90m─[39m[90m─[39m[90m─[39m[90m─[39m[90m─[39m[90m─[39m[90m─[39m[90m─[39m[90m─[39m[90m─[39m[90m─[39m[90m─[39m[90m─[39m[90m─[39m[90m─[39m[90m─[39m[90m─[39m[90m─[39m[90m─[39m[90m─[39m[90m─[39m[90m─[39m[90m─[39m[90m─[39m[90m─[39m[90m─[39m[90m─[39m[90m─[39m[90m─[39m[90m─[39m[90m─[39m[90m─[39m[90m─[39m[90m─[39m[90m─[39m[90m─[39m[90m─[39m[90m─[39m[90m─[39m[90m─[39m[90m─[39m[90m─[39m[90m─[39m[90m─[39m[90m─[39m[90m─[39m[90m─[39m[90m─[39m[90m─[39m[90m─[39m[90m─[39m[90m─[39m[90m─[39m[90m─[39m[90m─[39m[90m─[39m[90m─[39m[90m─[39m[90m─[39m[90m─[39m[90m─[39m[90m─[39m[90m─[39m[90m─[39m[90m─[39m[90m─[39m[90m─[39m[90m─[39m[90m─[39m[90m─[39m[90m─[39m[90m─[39m[90m─[39m[90m─[39m[90m─[39m[90m─[39m[90m─[39m[90m─[39m[90m─[39m[90m─[39m[90m─[39m[90m─[39m[90m─[39m[90m─[39m
Admin UI E2E (4, chrome)	Run Cypress	2024-10-28T23:41:12.2389132Z                                                                                                     
Admin UI E2E (4, chrome)	Run Cypress	2024-10-28T23:41:12.2390855Z   Running:  [90mrealm_settings_tabs_test.spec.ts[39m                                                [90m(3 of 7)[39m
Admin UI E2E (4, chrome)	Run Cypress	2024-10-28T23:41:16.5635755Z 
Admin UI E2E (4, chrome)	Run Cypress	2024-10-28T23:41:16.5636878Z [0m[0m
Admin UI E2E (4, chrome)	Run Cypress	2024-10-28T23:41:16.5740025Z [0m  Realm settings tabs tests[0m
Admin UI E2E (4, chrome)	Run Cypress	2024-10-28T23:41:21.3499551Z   [32m  ✓[0m[90m shows the 'user profile' tab[0m[90m (4749ms)[0m
Admin UI E2E (4, chrome)	Run Cypress	2024-10-28T23:41:25.4437981Z   [32m  ✓[0m[90m Go to login tab[0m[90m (4055ms)[0m
Admin UI E2E (4, chrome)	Run Cypress	2024-10-28T23:41:30.3202120Z   [32m  ✓[0m[90m Go to email tab[0m[90m (4850ms)[0m
Admin UI E2E (4, chrome)	Run Cypress	2024-10-28T23:41:32.6865218Z   [32m  ✓[0m[90m Go to themes tab[0m[90m (2325ms)[0m
Admin UI E2E (4, chrome)	Run Cypress	2024-10-28T23:41:32.7052096Z [0m    Go to security defenses tab[0m
Admin UI E2E (4, chrome)	Run Cypress	2024-10-28T23:41:35.0591275Z     [32m  ✓[0m[90m Realm header settings- update single input[0m[90m (2315ms)[0m
Admin UI E2E (4, chrome)	Run Cypress	2024-10-28T23:41:39.6487288Z     [32m  ✓[0m[90m Realm header settings- update all inputs[0m[90m (4538ms)[0m
Admin UI E2E (4, chrome)	Run Cypress	2024-10-28T23:41:42.5880523Z     [32m  ✓[0m[90m Brute force detection- update values[0m[90m (2875ms)[0m
Admin UI E2E (4, chrome)	Run Cypress	2024-10-28T23:41:42.6073459Z [0m    Go to localization tab[0m
Admin UI E2E (4, chrome)	Run Cypress	2024-10-28T23:41:45.0238582Z     [32m  ✓[0m[90m Locales tab - Add locale[0m[90m (2394ms)[0m
Admin UI E2E (4, chrome)	Run Cypress	2024-10-28T23:41:47.7349045Z     [32m  ✓[0m[90m Realm Overrides - Add and delete bundle[0m[90m (2680ms)[0m
Admin UI E2E (4, chrome)	Run Cypress	2024-10-28T23:41:50.7642591Z     [32m  ✓[0m[90m Realm Overrides - Search for and delete bundle[0m[90m (2995ms)[0m
Admin UI E2E (4, chrome)	Run Cypress	2024-10-28T23:41:54.3148458Z     [32m  ✓[0m[90m Realm Overrides - Edit and cancel edit message bundle[0m[90m (3502ms)[0m
Admin UI E2E (4, chrome)	Run Cypress	2024-10-28T23:41:56.1445903Z     [32m  ✓[0m[90m Effective Message Bundles - Check before search message[0m[90m (1768ms)[0m
Admin UI E2E (4, chrome)	Run Cypress	2024-10-28T23:41:56.1575437Z [0m    Accessibility tests for realm settings[0m
Admin UI E2E (4, chrome)	Run Cypress	2024-10-28T23:41:59.1890515Z     [32m  ✓[0m[90m Check a11y violations on load/ realm settings/ general tab[0m[90m (3019ms)[0m
Admin UI E2E (4, chrome)	Run Cypress	2024-10-28T23:42:02.4293913Z     [32m  ✓[0m[90m Check a11y violations on login tab[0m[90m (3216ms)[0m
Admin UI E2E (4, chrome)	Run Cypress	2024-10-28T23:42:05.7567022Z     [32m  ✓[0m[90m Check a11y violations on email tab[0m[90m (3309ms)[0m
Admin UI E2E (4, chrome)	Run Cypress	2024-10-28T23:42:08.8240202Z     [32m  ✓[0m[90m Check a11y violations on themes tab[0m[90m (3029ms)[0m
Admin UI E2E (4, chrome)	Run Cypress	2024-10-28T23:42:11.8479859Z     [32m  ✓[0m[90m Check a11y violations on keys tab/ keys list sub tab[0m[90m (3004ms)[0m
Admin UI E2E (4, chrome)	Run Cypress	2024-10-28T23:42:15.0297673Z     [32m  ✓[0m[90m Check a11y violations on keys tab/ providers sub tab[0m[90m (3157ms)[0m
Admin UI E2E (4, chrome)	Run Cypress	2024-10-28T23:42:18.5023015Z     [32m  ✓[0m[90m Check a11y violations on keys tab/ providers sub tab / adding provider[0m[90m (3454ms)[0m
Admin UI E2E (4, chrome)	Run Cypress	2024-10-28T23:42:21.7581036Z     [32m  ✓[0m[90m Check a11y violations on events tab/ event listeners sub tab[0m[90m (3229ms)[0m
Admin UI E2E (4, chrome)	Run Cypress	2024-10-28T23:42:25.4863144Z     [32m  ✓[0m[90m Check a11y violations on events tab/ user events settings sub tab[0m[90m (3708ms)[0m
Admin UI E2E (4, chrome)	Run Cypress	2024-10-28T23:42:28.8653720Z     [32m  ✓[0m[90m Check a11y violations on events tab/ admin events settings sub tab[0m[90m (3353ms)[0m
Admin UI E2E (4, chrome)	Run Cypress	2024-10-28T23:42:32.0810002Z     [32m  ✓[0m[90m Check a11y violations on localization locales sub tab[0m[90m (3194ms)[0m
Admin UI E2E (4, chrome)	Run Cypress	2024-10-28T23:42:35.3490751Z     [32m  ✓[0m[90m Check a11y violations on localization realm overrides sub tab[0m[90m (3242ms)[0m
Admin UI E2E (4, chrome)	Run Cypress	2024-10-28T23:42:38.7529306Z     [32m  ✓[0m[90m Check a11y violations on localization realm overrides sub tab/ adding message bundle[0m[90m (3385ms)[0m
Admin UI E2E (4, chrome)	Run Cypress	2024-10-28T23:42:42.0111162Z     [32m  ✓[0m[90m Check a11y violations on localization effective message bundles sub tab[0m[90m (3238ms)[0m
Admin UI E2E (4, chrome)	Run Cypress	2024-10-28T23:42:45.2372391Z     [32m  ✓[0m[90m Check a11y violations on security defenses tab[0m[90m (3200ms)[0m
Admin UI E2E (4, chrome)	Run Cypress	2024-10-28T23:42:48.3882367Z     [32m  ✓[0m[90m Check a11y violations on sessions tab[0m[90m (3124ms)[0m
Admin UI E2E (4, chrome)	Run Cypress	2024-10-28T23:42:51.6915157Z     [32m  ✓[0m[90m Check a11y violations on tokens tab[0m[90m (3283ms)[0m
Admin UI E2E (4, chrome)	Run Cypress	2024-10-28T23:42:54.9458553Z     [32m  ✓[0m[90m Check a11y violations on client policies tab/ profiles sub tab[0m[90m (3231ms)[0m
Admin UI E2E (4, chrome)	Run Cypress	2024-10-28T23:42:58.2413108Z     [32m  ✓[0m[90m Check a11y violations on client policies tab/ creating profile[0m[90m (3265ms)[0m
Admin UI E2E (4, chrome)	Run Cypress	2024-10-28T23:43:01.4052691Z     [32m  ✓[0m[90m Check a11y violations on client policies tab/ policies sub tab[0m[90m (3126ms)[0m
Admin UI E2E (4, chrome)	Run Cypress	2024-10-28T23:43:04.5711886Z     [32m  ✓[0m[90m Check a11y violations on client policies tab/ creating policy[0m[90m (3125ms)[0m
Admin UI E2E (4, chrome)	Run Cypress	2024-10-28T23:43:07.4926280Z     [32m  ✓[0m[90m Check a11y violations on user registration tab/ default roles sub tab[0m[90m (2884ms)[0m
Admin UI E2E (4, chrome)	Run Cypress	2024-10-28T23:43:11.4712210Z     [32m  ✓[0m[90m Check a11y violations on user registration tab/ default roles sub tab/ assigning role[0m[90m (3279ms)[0m
Admin UI E2E (4, chrome)	Run Cypress	2024-10-28T23:43:11.4713892Z 
Admin UI E2E (4, chrome)	Run Cypress	2024-10-28T23:43:11.5269911Z 
Admin UI E2E (4, chrome)	Run Cypress	2024-10-28T23:43:11.5271316Z [92m [0m[32m 35 passing[0m[90m (2m)[0m
Admin UI E2E (4, chrome)	Run Cypress	2024-10-28T23:43:11.5272210Z 
Admin UI E2E (4, chrome)	Run Cypress	2024-10-28T23:43:12.5464985Z 
Admin UI E2E (4, chrome)	Run Cypress	2024-10-28T23:43:12.5467172Z [32m  ([4m[1mResults[22m[24m)[39m
Admin UI E2E (4, chrome)	Run Cypress	2024-10-28T23:43:12.5485178Z 
Admin UI E2E (4, chrome)	Run Cypress	2024-10-28T23:43:12.5500222Z [90m  ┌[39m[90m─[39m[90m─[39m[90m─[39m[90m─[39m[90m─[39m[90m─[39m[90m─[39m[90m─[39m[90m─[39m[90m─[39m[90m─[39m[90m─[39m[90m─[39m[90m─[39m[90m─[39m[90m─[39m[90m─[39m[90m─[39m[90m─[39m[90m─[39m[90m─[39m[90m─[39m[90m─[39m[90m─[39m[90m─[39m[90m─[39m[90m─[39m[90m─[39m[90m─[39m[90m─[39m[90m─[39m[90m─[39m[90m─[39m[90m─[39m[90m─[39m[90m─[39m[90m─[39m[90m─[39m[90m─[39m[90m─[39m[90m─[39m[90m─[39m[90m─[39m[90m─[39m[90m─[39m[90m─[39m[90m─[39m[90m─[39m[90m─[39m[90m─[39m[90m─[39m[90m─[39m[90m─[39m[90m─[39m[90m─[39m[90m─[39m[90m─[39m[90m─[39m[90m─[39m[90m─[39m[90m─[39m[90m─[39m[90m─[39m[90m─[39m[90m─[39m[90m─[39m[90m─[39m[90m─[39m[90m─[39m[90m─[39m[90m─[39m[90m─[39m[90m─[39m[90m─[39m[90m─[39m[90m─[39m[90m─[39m[90m─[39m[90m─[39m[90m─[39m[90m─[39m[90m─[39m[90m─[39m[90m─[39m[90m─[39m[90m─[39m[90m─[39m[90m─[39m[90m─[39m[90m─[39m[90m─[39m[90m─[39m[90m─[39m[90m─[39m[90m─[39m[90m─[39m[90m┐[39m
Admin UI E2E (4, chrome)	Run Cypress	2024-10-28T23:43:12.5505583Z [90m  │[39m [90mTests:[39m        [32m35[39m                                                                               [90m│[39m
Admin UI E2E (4, chrome)	Run Cypress	2024-10-28T23:43:12.5507132Z [90m  │[39m [90mPassing:[39m      [32m35[39m                                                                               [90m│[39m
Admin UI E2E (4, chrome)	Run Cypress	2024-10-28T23:43:12.5508293Z [90m  │[39m [90mFailing:[39m      [32m0[39m                                                                                [90m│[39m
Admin UI E2E (4, chrome)	Run Cypress	2024-10-28T23:43:12.5509826Z [90m  │[39m [90mPending:[39m      [32m0[39m                                                                                [90m│[39m
Admin UI E2E (4, chrome)	Run Cypress	2024-10-28T23:43:12.5511396Z [90m  │[39m [90mSkipped:[39m      [32m0[39m                                                                                [90m│[39m
Admin UI E2E (4, chrome)	Run Cypress	2024-10-28T23:43:12.5513481Z [90m  │[39m [90mScreenshots:[39m  [32m0[39m                                                                                [90m│[39m
Admin UI E2E (4, chrome)	Run Cypress	2024-10-28T23:43:12.5515151Z [90m  │[39m [90mVideo:[39m        [32mfalse[39m                                                                            [90m│[39m
Admin UI E2E (4, chrome)	Run Cypress	2024-10-28T23:43:12.5517084Z [90m  │[39m [90mDuration:[39m     [32m1 minute, 54 seconds[39m                                                             [90m│[39m
Admin UI E2E (4, chrome)	Run Cypress	2024-10-28T23:43:12.5519118Z [90m  │[39m [90mSpec Ran:[39m     [32m[32mrealm_settings_tabs_test.spec.ts[32m[39m                                                 [90m│[39m
Admin UI E2E (4, chrome)	Run Cypress	2024-10-28T23:43:12.5527863Z [90m  └[39m[90m─[39m[90m─[39m[90m─[39m[90m─[39m[90m─[39m[90m─[39m[90m─[39m[90m─[39m[90m─[39m[90m─[39m[90m─[39m[90m─[39m[90m─[39m[90m─[39m[90m─[39m[90m─[39m[90m─[39m[90m─[39m[90m─[39m[90m─[39m[90m─[39m[90m─[39m[90m─[39m[90m─[39m[90m─[39m[90m─[39m[90m─[39m[90m─[39m[90m─[39m[90m─[39m[90m─[39m[90m─[39m[90m─[39m[90m─[39m[90m─[39m[90m─[39m[90m─[39m[90m─[39m[90m─[39m[90m─[39m[90m─[39m[90m─[39m[90m─[39m[90m─[39m[90m─[39m[90m─[39m[90m─[39m[90m─[39m[90m─[39m[90m─[39m[90m─[39m[90m─[39m[90m─[39m[90m─[39m[90m─[39m[90m─[39m[90m─[39m[90m─[39m[90m─[39m[90m─[39m[90m─[39m[90m─[39m[90m─[39m[90m─[39m[90m─[39m[90m─[39m[90m─[39m[90m─[39m[90m─[39m[90m─[39m[90m─[39m[90m─[39m[90m─[39m[90m─[39m[90m─[39m[90m─[39m[90m─[39m[90m─[39m[90m─[39m[90m─[39m[90m─[39m[90m─[39m[90m─[39m[90m─[39m[90m─[39m[90m─[39m[90m─[39m[90m─[39m[90m─[39m[90m─[39m[90m─[39m[90m─[39m[90m─[39m[90m─[39m[90m─[39m[90m─[39m[90m┘[39m
Admin UI E2E (4, chrome)	Run Cypress	2024-10-28T23:43:12.5533592Z 
Admin UI E2E (4, chrome)	Run Cypress	2024-10-28T23:43:12.5964422Z 
Admin UI E2E (4, chrome)	Run Cypress	2024-10-28T23:43:12.5982548Z [90m─[39m[90m─[39m[90m─[39m[90m─[39m[90m─[39m[90m─[39m[90m─[39m[90m─[39m[90m─[39m[90m─[39m[90m─[39m[90m─[39m[90m─[39m[90m─[39m[90m─[39m[90m─[39m[90m─[39m[90m─[39m[90m─[39m[90m─[39m[90m─[39m[90m─[39m[90m─[39m[90m─[39m[90m─[39m[90m─[39m[90m─[39m[90m─[39m[90m─[39m[90m─[39m[90m─[39m[90m─[39m[90m─[39m[90m─[39m[90m─[39m[90m─[39m[90m─[39m[90m─[39m[90m─[39m[90m─[39m[90m─[39m[90m─[39m[90m─[39m[90m─[39m[90m─[39m[90m─[39m[90m─[39m[90m─[39m[90m─[39m[90m─[39m[90m─[39m[90m─[39m[90m─[39m[90m─[39m[90m─[39m[90m─[39m[90m─[39m[90m─[39m[90m─[39m[90m─[39m[90m─[39m[90m─[39m[90m─[39m[90m─[39m[90m─[39m[90m─[39m[90m─[39m[90m─[39m[90m─[39m[90m─[39m[90m─[39m[90m─[39m[90m─[39m[90m─[39m[90m─[39m[90m─[39m[90m─[39m[90m─[39m[90m─[39m[90m─[39m[90m─[39m[90m─[39m[90m─[39m[90m─[39m[90m─[39m[90m─[39m[90m─[39m[90m─[39m[90m─[39m[90m─[39m[90m─[39m[90m─[39m[90m─[39m[90m─[39m[90m─[39m[90m─[39m[90m─[39m[90m─[39m[90m─[39m[90m─[39m
Admin UI E2E (4, chrome)	Run Cypress	2024-10-28T23:43:12.5988707Z                                                                                                     
Admin UI E2E (4, chrome)	Run Cypress	2024-10-28T23:43:12.5989969Z   Running:  [90mclients_test.spec.ts[39m                                                            [90m(4 of 7)[39m
Admin UI E2E (4, chrome)	Run Cypress	2024-10-28T23:43:17.4638205Z 
Admin UI E2E (4, chrome)	Run Cypress	2024-10-28T23:43:17.4641509Z [0m[0m
Admin UI E2E (4, chrome)	Run Cypress	2024-10-28T23:43:17.4768257Z [0m  Clients test[0m
Admin UI E2E (4, chrome)	Run Cypress	2024-10-28T23:43:18.3010303Z [0m    Client details - Client scopes subtab[0m
Admin UI E2E (4, chrome)	Run Cypress	2024-10-28T23:43:29.1742872Z     [32m  ✓[0m[90m Should check temporary admin service label (non)existence[0m[90m (11576ms)[0m
Admin UI E2E (4, chrome)	Run Cypress	2024-10-28T23:43:32.0242370Z     [32m  ✓[0m[90m Should list client scopes[0m[90m (2792ms)[0m
Admin UI E2E (4, chrome)	Run Cypress	2024-10-28T23:43:35.1481586Z     [32m  ✓[0m[90m Should search existing client scope by name[0m[90m (3087ms)[0m
Admin UI E2E (4, chrome)	Run Cypress	2024-10-28T23:43:38.1741071Z     [32m  ✓[0m[90m Should search non-existent client scope by name[0m[90m (2981ms)[0m
Admin UI E2E (4, chrome)	Run Cypress	2024-10-28T23:43:41.6923569Z     [32m  ✓[0m[90m Should search existing client scope by assigned type[0m[90m (3463ms)[0m
Admin UI E2E (4, chrome)	Run Cypress	2024-10-28T23:43:45.4791438Z     [32m  ✓[0m[90m Should add client scope client-scope-test-optional-type with Optional assigned type[0m[90m (3754ms)[0m
Admin UI E2E (4, chrome)	Run Cypress	2024-10-28T23:43:49.1550675Z     [32m  ✓[0m[90m Should add client scope client-scope-test-default-type with Default assigned type[0m[90m (3639ms)[0m
Admin UI E2E (4, chrome)	Run Cypress	2024-10-28T23:43:53.1371788Z     [32m  ✓[0m[90m Should change item client-scope-test0 AssignedType to Optional from search bar[0m[90m (3947ms)[0m
Admin UI E2E (4, chrome)	Run Cypress	2024-10-28T23:43:57.2198812Z     [32m  ✓[0m[90m Should change item client-scope-test0 AssignedType to Default from search bar[0m[90m (4048ms)[0m
Admin UI E2E (4, chrome)	Run Cypress	2024-10-28T23:43:59.8628099Z     [32m  ✓[0m[90m Should show items on next page are more than 11[0m[90m (2590ms)[0m
Admin UI E2E (4, chrome)	Run Cypress	2024-10-28T23:44:04.0289429Z     [32m  ✓[0m[90m Should remove client scope from item bar[0m[90m (4130ms)[0m
Admin UI E2E (4, chrome)	Run Cypress	2024-10-28T23:44:12.4376898Z     [32m  ✓[0m[90m Should remove multiple client scopes from search bar[0m[90m (8365ms)[0m
Admin UI E2E (4, chrome)	Run Cypress	2024-10-28T23:44:15.8856927Z     [31m  1) "after all" hook for "Should show initial items after filtering"[0m
Admin UI E2E (4, chrome)	Run Cypress	2024-10-28T23:44:15.9095809Z [0m    Client scopes evaluate subtab[0m
Admin UI E2E (4, chrome)	Run Cypress	2024-10-28T23:44:18.8726040Z     [32m  ✓[0m[90m check effective protocol mappers list is not empty and find effective protocol mapper locale[0m[90m (2879ms)[0m
Admin UI E2E (4, chrome)	Run Cypress	2024-10-28T23:44:21.5279984Z     [32m  ✓[0m[90m check role scope mappings list list is not empty and find role scope mapping admin[0m[90m (2582ms)[0m
Admin UI E2E (4, chrome)	Run Cypress	2024-10-28T23:44:24.9255772Z     [32m  ✓[0m[90m check generated id token and user info[0m[90m (3240ms)[0m
Admin UI E2E (4, chrome)	Run Cypress	2024-10-28T23:44:24.9347889Z [0m    Client creation[0m
Admin UI E2E (4, chrome)	Run Cypress	2024-10-28T23:44:26.9412028Z     [32m  ✓[0m[90m Should cancel creating client[0m[90m (1966ms)[0m
Admin UI E2E (4, chrome)	Run Cypress	2024-10-28T23:44:31.3477978Z     [32m  ✓[0m[90m Should check settings elements[0m[90m (4361ms)[0m
Admin UI E2E (4, chrome)	Run Cypress	2024-10-28T23:44:33.7560476Z     [32m  ✓[0m[90m Should navigate to previous using 'back' button[0m[90m (2359ms)[0m
Admin UI E2E (4, chrome)	Run Cypress	2024-10-28T23:44:36.5018518Z     [32m  ✓[0m[90m Should fail creating client[0m[90m (2702ms)[0m
Admin UI E2E (4, chrome)	Run Cypress	2024-10-28T23:44:42.2706766Z     [32m  ✓[0m[90m Client CRUD test[0m[90m (5726ms)[0m
Admin UI E2E (4, chrome)	Run Cypress	2024-10-28T23:44:44.2252004Z     [32m  ✓[0m[90m Initial access token can't be created with 0 days and count[0m[90m (1905ms)[0m
Admin UI E2E (4, chrome)	Run Cypress	2024-10-28T23:44:48.9293491Z     [32m  ✓[0m[90m Initial access token[0m[90m (4652ms)[0m
Admin UI E2E (4, chrome)	Run Cypress	2024-10-28T23:44:52.9391395Z     [32m  ✓[0m[90m Should fail to create imported client with empty ID[0m[90m (3923ms)[0m
Admin UI E2E (4, chrome)	Run Cypress	2024-10-28T23:44:57.2323324Z     [32m  ✓[0m[90m Should fail to create client with same ID[0m[90m (4220ms)[0m
Admin UI E2E (4, chrome)	Run Cypress	2024-10-28T23:44:58.8004447Z     [32m  ✓[0m[90m should delete 'identical' client id[0m[90m (1510ms)[0m
Admin UI E2E (4, chrome)	Run Cypress	2024-10-28T23:44:58.8159987Z [0m    Roles tab test[0m
Admin UI E2E (4, chrome)	Run Cypress	2024-10-28T23:45:02.0619467Z     [32m  ✓[0m[90m Should fail to create client role with empty name[0m[90m (3207ms)[0m
Admin UI E2E (4, chrome)	Run Cypress	2024-10-28T23:45:05.8133566Z     [32m  ✓[0m[90m Should create client role[0m[90m (3702ms)[0m
Admin UI E2E (4, chrome)	Run Cypress	2024-10-28T23:45:10.0827111Z     [32m  ✓[0m[90m Should update client role description[0m[90m (4220ms)[0m
Admin UI E2E (4, chrome)	Run Cypress	2024-10-28T23:45:15.7473531Z     [32m  ✓[0m[90m Should add attribute to client role[0m[90m (5589ms)[0m
Admin UI E2E (4, chrome)	Run Cypress	2024-10-28T23:45:19.0316900Z     [32m  ✓[0m[90m Should delete attribute from client role[0m[90m (3230ms)[0m
Admin UI E2E (4, chrome)	Run Cypress	2024-10-28T23:45:22.6714096Z     [32m  ✓[0m[90m Should create client role to be deleted[0m[90m (3593ms)[0m
Admin UI E2E (4, chrome)	Run Cypress	2024-10-28T23:45:26.4941097Z     [32m  ✓[0m[90m Should fail to create duplicate client role[0m[90m (3742ms)[0m
Admin UI E2E (4, chrome)	Run Cypress	2024-10-28T23:45:30.0089536Z     [32m  ✓[0m[90m Should search existing client role[0m[90m (3485ms)[0m
Admin UI E2E (4, chrome)	Run Cypress	2024-10-28T23:45:33.3425629Z     [32m  ✓[0m[90m Should search non-existing role test[0m[90m (3282ms)[0m
Admin UI E2E (4, chrome)	Run Cypress	2024-10-28T23:45:36.3160032Z     [32m  ✓[0m[90m roles empty search test[0m[90m (2926ms)[0m
Admin UI E2E (4, chrome)	Run Cypress	2024-10-28T23:45:41.5530984Z     [32m  ✓[0m[90m Add associated roles test[0m[90m (5196ms)[0m
Admin UI E2E (4, chrome)	Run Cypress	2024-10-28T23:45:45.6128769Z     [32m  ✓[0m[90m Should hide inherited roles test[0m[90m (3977ms)[0m
Admin UI E2E (4, chrome)	Run Cypress	2024-10-28T23:45:50.0012955Z     [32m  ✓[0m[90m Should delete associated roles test[0m[90m (4355ms)[0m
Admin UI E2E (4, chrome)	Run Cypress	2024-10-28T23:45:54.1137126Z     [32m  ✓[0m[90m Should delete associated role from search bar test[0m[90m (4072ms)[0m
Admin UI E2E (4, chrome)	Run Cypress	2024-10-28T23:45:57.0181709Z     [32m  ✓[0m[90m Should delete client role test[0m[90m (2850ms)[0m
Admin UI E2E (4, chrome)	Run Cypress	2024-10-28T23:46:01.1646565Z     [32m  ✓[0m[90m Should delete client role from role details test[0m[90m (3790ms)[0m
Admin UI E2E (4, chrome)	Run Cypress	2024-10-28T23:46:01.1750426Z [0m    Advanced tab test[0m
Admin UI E2E (4, chrome)	Run Cypress	2024-10-28T23:46:05.2176356Z     [32m  ✓[0m[90m Clustering[0m[90m (3885ms)[0m
Admin UI E2E (4, chrome)	Run Cypress	2024-10-28T23:46:09.0421865Z     [32m  ✓[0m[90m Fine grain OpenID connect configuration[0m[90m (3638ms)[0m
Admin UI E2E (4, chrome)	Run Cypress	2024-10-28T23:46:13.1965357Z     [32m  ✓[0m[90m OIDC Compatibility Modes configuration[0m[90m (3977ms)[0m
Admin UI E2E (4, chrome)	Run Cypress	2024-10-28T23:46:19.6845658Z     [32m  ✓[0m[90m Client Offline Session Max[0m[90m (6208ms)[0m
Admin UI E2E (4, chrome)	Run Cypress	2024-10-28T23:46:24.4333555Z     [32m  ✓[0m[90m Advanced settings[0m[90m (4554ms)[0m
Admin UI E2E (4, chrome)	Run Cypress	2024-10-28T23:46:29.1271946Z     [32m  ✓[0m[90m Authentication flow override[0m[90m (4440ms)[0m
Admin UI E2E (4, chrome)	Run Cypress	2024-10-28T23:46:29.1450667Z [0m    Service account tab test[0m
Admin UI E2E (4, chrome)	Run Cypress	2024-10-28T23:46:32.8034927Z     [32m  ✓[0m[90m List[0m[90m (3625ms)[0m
Admin UI E2E (4, chrome)	Run Cypress	2024-10-28T23:46:37.3231009Z     [32m  ✓[0m[90m Assign[0m[90m (4203ms)[0m
Admin UI E2E (4, chrome)	Run Cypress	2024-10-28T23:46:37.3324786Z [0m    Mapping tab[0m
Admin UI E2E (4, chrome)	Run Cypress	2024-10-28T23:46:40.4692690Z     [32m  ✓[0m[90m Add mapping to openid client[0m[90m (2965ms)[0m
Admin UI E2E (4, chrome)	Run Cypress	2024-10-28T23:46:40.4782599Z [0m    Keys tab test[0m
Admin UI E2E (4, chrome)	Run Cypress	2024-10-28T23:46:44.7052316Z     [32m  ✓[0m[90m Generate new keys[0m[90m (4021ms)[0m
Admin UI E2E (4, chrome)	Run Cypress	2024-10-28T23:46:44.7191055Z [0m    Realm client[0m
Admin UI E2E (4, chrome)	Run Cypress	2024-10-28T23:46:49.3182578Z     [32m  ✓[0m[90m Displays the correct tabs[0m[90m (4381ms)[0m
Admin UI E2E (4, chrome)	Run Cypress	2024-10-28T23:46:52.0734623Z     [32m  ✓[0m[90m Hides the delete action[0m[90m (2695ms)[0m
Admin UI E2E (4, chrome)	Run Cypress	2024-10-28T23:46:52.1066538Z [0m    ***
Admin UI E2E (4, chrome)	Run Cypress	2024-10-28T23:46:54.3731070Z     [32m  ✓[0m[90m Shows an explainer text for bearer only clients[0m[90m (2247ms)[0m
Admin UI E2E (4, chrome)	Run Cypress	2024-10-28T23:46:56.7026701Z     [32m  ✓[0m[90m Hides the capability config section[0m[90m (2151ms)[0m
Admin UI E2E (4, chrome)	Run Cypress	2024-10-28T23:46:56.7109331Z [0m    Generated home URLs for built-in clients[0m
Admin UI E2E (4, chrome)	Run Cypress	2024-10-28T23:46:58.0789495Z     [32m  ✓[0m[90m Check account-console Home URL[0m[90m (1341ms)[0m
Admin UI E2E (4, chrome)	Run Cypress	2024-10-28T23:46:59.5740609Z     [32m  ✓[0m[90m Check security-admin-console Home URL[0m[90m (1448ms)[0m
Admin UI E2E (4, chrome)	Run Cypress	2024-10-28T23:46:59.5838850Z [0m    Accessibility tests for clients[0m
Admin UI E2E (4, chrome)	Run Cypress	2024-10-28T23:47:01.4657687Z     [32m  ✓[0m[90m Check a11y violations on load/ clients list tab[0m[90m (1857ms)[0m
Admin UI E2E (4, chrome)	Run Cypress	2024-10-28T23:47:04.1435469Z     [32m  ✓[0m[90m Check a11y violations on create client page[0m[90m (2646ms)[0m
Admin UI E2E (4, chrome)	Run Cypress	2024-10-28T23:47:11.0586267Z     [32m  ✓[0m[90m Check a11y violations on client details page[0m[90m (6878ms)[0m
Admin UI E2E (4, chrome)	Run Cypress	2024-10-28T23:47:13.5279510Z     [32m  ✓[0m[90m Check a11y violations in delete dialog[0m[90m (2402ms)[0m
Admin UI E2E (4, chrome)	Run Cypress	2024-10-28T23:47:15.4016609Z     [32m  ✓[0m[90m Check a11y violations on import client[0m[90m (1808ms)[0m
Admin UI E2E (4, chrome)	Run Cypress	2024-10-28T23:47:17.0646050Z     [32m  ✓[0m[90m Check a11y violations on initial access token[0m[90m (1621ms)[0m
Admin UI E2E (4, chrome)	Run Cypress	2024-10-28T23:47:18.9100220Z     [32m  ✓[0m[90m Check a11y violations on client registration/ anonymous access policies tab[0m[90m (1810ms)[0m
Admin UI E2E (4, chrome)	Run Cypress	2024-10-28T23:47:21.3835799Z     [32m  ✓[0m[90m Check a11y violations on client registration/ authenticated access policies tab[0m[90m (1946ms)[0m
Admin UI E2E (4, chrome)	Run Cypress	2024-10-28T23:47:21.3837835Z 
Admin UI E2E (4, chrome)	Run Cypress	2024-10-28T23:47:21.4064798Z 
Admin UI E2E (4, chrome)	Run Cypress	2024-10-28T23:47:21.4066089Z [92m [0m[32m 65 passing[0m[90m (4m)[0m
Admin UI E2E (4, chrome)	Run Cypress	2024-10-28T23:47:21.4138822Z [31m  1 failing[0m
Admin UI E2E (4, chrome)	Run Cypress	2024-10-28T23:47:21.4139300Z 
Admin UI E2E (4, chrome)	Run Cypress	2024-10-28T23:47:21.4139560Z [0m  1) Clients test
Admin UI E2E (4, chrome)	Run Cypress	2024-10-28T23:47:21.4140211Z        Client details - Client scopes subtab
Admin UI E2E (4, chrome)	Run Cypress	2024-10-28T23:47:21.4141158Z          "after all" hook for "Should show initial items after filtering":
Admin UI E2E (4, chrome)	Run Cypress	2024-10-28T23:47:21.4142182Z [0m[31m     Error: Could not find client scope
Admin UI E2E (4, chrome)	Run Cypress	2024-10-28T23:47:21.4142682Z 
Admin UI E2E (4, chrome)	Run Cypress	2024-10-28T23:47:21.4144067Z Because this error occurred during a `after all` hook we are skipping the remaining tests in the current suite: `Client details - Client sco...`
Admin UI E2E (4, chrome)	Run Cypress	2024-10-28T23:47:21.4145667Z 
Admin UI E2E (4, chrome)	Run Cypress	2024-10-28T23:47:21.4146756Z Although you have test retries enabled, we do not retry tests when `before all` or `after all` hooks fail[0m[90m
Admin UI E2E (4, chrome)	Run Cypress	2024-10-28T23:47:21.4148552Z       at fetchWithError (http://localhost:8080/__cypress/tests?p=cypress/e2e/clients_test.spec.ts:8857:11)
Admin UI E2E (4, chrome)	Run Cypress	2024-10-28T23:47:21.4150261Z       at async Agent._requestWithParams (http://localhost:8080/__cypress/tests?p=cypress/e2e/clients_test.spec.ts:6134:17)
Admin UI E2E (4, chrome)	Run Cypress	2024-10-28T23:47:21.4151400Z [0m
Admin UI E2E (4, chrome)	Run Cypress	2024-10-28T23:47:21.4151601Z 
Admin UI E2E (4, chrome)	Run Cypress	2024-10-28T23:47:21.4151612Z 
Admin UI E2E (4, chrome)	Run Cypress	2024-10-28T23:47:22.4234120Z 
Admin UI E2E (4, chrome)	Run Cypress	2024-10-28T23:47:22.4236372Z [31m  ([4m[1mResults[22m[24m)[39m
Admin UI E2E (4, chrome)	Run Cypress	2024-10-28T23:47:22.4255365Z 
Admin UI E2E (4, chrome)	Run Cypress	2024-10-28T23:47:22.4272517Z [90m  ┌[39m[90m─[39m[90m─[39m[90m─[39m[90m─[39m[90m─[39m[90m─[39m[90m─[39m[90m─[39m[90m─[39m[90m─[39m[90m─[39m[90m─[39m[90m─[39m[90m─[39m[90m─[39m[90m─[39m[90m─[39m[90m─[39m[90m─[39m[90m─[39m[90m─[39m[90m─[39m[90m─[39m[90m─[39m[90m─[39m[90m─[39m[90m─[39m[90m─[39m[90m─[39m[90m─[39m[90m─[39m[90m─[39m[90m─[39m[90m─[39m[90m─[39m[90m─[39m[90m─[39m[90m─[39m[90m─[39m[90m─[39m[90m─[39m[90m─[39m[90m─[39m[90m─[39m[90m─[39m[90m─[39m[90m─[39m[90m─[39m[90m─[39m[90m─[39m[90m─[39m[90m─[39m[90m─[39m[90m─[39m[90m─[39m[90m─[39m[90m─[39m[90m─[39m[90m─[39m[90m─[39m[90m─[39m[90m─[39m[90m─[39m[90m─[39m[90m─[39m[90m─[39m[90m─[39m[90m─[39m[90m─[39m[90m─[39m[90m─[39m[90m─[39m[90m─[39m[90m─[39m[90m─[39m[90m─[39m[90m─[39m[90m─[39m[90m─[39m[90m─[39m[90m─[39m[90m─[39m[90m─[39m[90m─[39m[90m─[39m[90m─[39m[90m─[39m[90m─[39m[90m─[39m[90m─[39m[90m─[39m[90m─[39m[90m─[39m[90m─[39m[90m─[39m[90m─[39m[90m┐[39m
Admin UI E2E (4, chrome)	Run Cypress	2024-10-28T23:47:22.4279117Z [90m  │[39m [90mTests:[39m        [31m66[39m                                                                               [90m│[39m
Admin UI E2E (4, chrome)	Run Cypress	2024-10-28T23:47:22.4280755Z [90m  │[39m [90mPassing:[39m      [31m65[39m                                                                               [90m│[39m
Admin UI E2E (4, chrome)	Run Cypress	2024-10-28T23:47:22.4282296Z [90m  │[39m [90mFailing:[39m      [31m1[39m                                                                                [90m│[39m
Admin UI E2E (4, chrome)	Run Cypress	2024-10-28T23:47:22.4283875Z [90m  │[39m [90mPending:[39m      [31m0[39m                                                                                [90m│[39m
Admin UI E2E (4, chrome)	Run Cypress	2024-10-28T23:47:22.4285533Z [90m  │[39m [90mSkipped:[39m      [31m0[39m                                                                                [90m│[39m
Admin UI E2E (4, chrome)	Run Cypress	2024-10-28T23:47:22.4287084Z [90m  │[39m [90mScreenshots:[39m  [31m1[39m                                                                                [90m│[39m
Admin UI E2E (4, chrome)	Run Cypress	2024-10-28T23:47:22.4288725Z [90m  │[39m [90mVideo:[39m        [31mtrue[39m                                                                             [90m│[39m
Admin UI E2E (4, chrome)	Run Cypress	2024-10-28T23:47:22.4291003Z [90m  │[39m [90mDuration:[39m     [31m4 minutes, 3 seconds[39m                                                             [90m│[39m
Admin UI E2E (4, chrome)	Run Cypress	2024-10-28T23:47:22.4293055Z [90m  │[39m [90mSpec Ran:[39m     [31m[31mclients_test.spec.ts[31m[39m                                                             [90m│[39m
Admin UI E2E (4, chrome)	Run Cypress	2024-10-28T23:47:22.4301334Z [90m  └[39m[90m─[39m[90m─[39m[90m─[39m[90m─[39m[90m─[39m[90m─[39m[90m─[39m[90m─[39m[90m─[39m[90m─[39m[90m─[39m[90m─[39m[90m─[39m[90m─[39m[90m─[39m[90m─[39m[90m─[39m[90m─[39m[90m─[39m[90m─[39m[90m─[39m[90m─[39m[90m─[39m[90m─[39m[90m─[39m[90m─[39m[90m─[39m[90m─[39m[90m─[39m[90m─[39m[90m─[39m[90m─[39m[90m─[39m[90m─[39m[90m─[39m[90m─[39m[90m─[39m[90m─[39m[90m─[39m[90m─[39m[90m─[39m[90m─[39m[90m─[39m[90m─[39m[90m─[39m[90m─[39m[90m─[39m[90m─[39m[90m─[39m[90m─[39m[90m─[39m[90m─[39m[90m─[39m[90m─[39m[90m─[39m[90m─[39m[90m─[39m[90m─[39m[90m─[39m[90m─[39m[90m─[39m[90m─[39m[90m─[39m[90m─[39m[90m─[39m[90m─[39m[90m─[39m[90m─[39m[90m─[39m[90m─[39m[90m─[39m[90m─[39m[90m─[39m[90m─[39m[90m─[39m[90m─[39m[90m─[39m[90m─[39m[90m─[39m[90m─[39m[90m─[39m[90m─[39m[90m─[39m[90m─[39m[90m─[39m[90m─[39m[90m─[39m[90m─[39m[90m─[39m[90m─[39m[90m─[39m[90m─[39m[90m─[39m[90m─[39m[90m─[39m[90m─[39m[90m┘[39m
Admin UI E2E (4, chrome)	Run Cypress	2024-10-28T23:47:22.4307249Z 
Admin UI E2E (4, chrome)	Run Cypress	2024-10-28T23:47:22.4307272Z 
Admin UI E2E (4, chrome)	Run Cypress	2024-10-28T23:47:22.4307731Z [33m  ([4m[1mScreenshots[22m[24m)[39m
Admin UI E2E (4, chrome)	Run Cypress	2024-10-28T23:47:22.4308178Z 
Admin UI E2E (4, chrome)	Run Cypress	2024-10-28T23:47:22.4309510Z [90m [39m -  [0m/home/runner/work/keycloak/keycloak/js/apps/admin-ui/cypress/screenshots/clients[0m     [90m[90m(1280x581)[90m[39m
Admin UI E2E (4, chrome)	Run Cypress	2024-10-28T23:47:22.4311546Z [90m [39m    [0m_test.spec.ts/Clients test -- Client details - Client scopes subtab -- Should sh[0m               
Admin UI E2E (4, chrome)	Run Cypress	2024-10-28T23:47:22.4313243Z [90m [39m    [0mow initial items after filtering -- after all hook (failed).png[0m                                
Admin UI E2E (4, chrome)	Run Cypress	2024-10-28T23:47:22.4314126Z 
Admin UI E2E (4, chrome)	Run Cypress	2024-10-28T23:47:22.4651635Z 
Admin UI E2E (4, chrome)	Run Cypress	2024-10-28T23:47:22.4653205Z [36m  ([4m[1mVideo[22m[24m)[39m
Admin UI E2E (4, chrome)	Run Cypress	2024-10-28T23:47:22.4654155Z 
Admin UI E2E (4, chrome)	Run Cypress	2024-10-28T23:47:22.4655641Z   -  Video output: [36m/home/runner/work/keycloak/keycloak/js/apps/admin-ui/cypress/videos/clients_test.spec.ts.mp4[39m
Admin UI E2E (4, chrome)	Run Cypress	2024-10-28T23:47:22.4657069Z 
Admin UI E2E (4, chrome)	Run Cypress	2024-10-28T23:47:22.4657376Z 
Admin UI E2E (4, chrome)	Run Cypress	2024-10-28T23:47:22.4667819Z [90m─[39m[90m─[39m[90m─[39m[90m─[39m[90m─[39m[90m─[39m[90m─[39m[90m─[39m[90m─[39m[90m─[39m[90m─[39m[90m─[39m[90m─[39m[90m─[39m[90m─[39m[90m─[39m[90m─[39m[90m─[39m[90m─[39m[90m─[39m[90m─[39m[90m─[39m[90m─[39m[90m─[39m[90m─[39m[90m─[39m[90m─[39m[90m─[39m[90m─[39m[90m─[39m[90m─[39m[90m─[39m[90m─[39m[90m─[39m[90m─[39m[90m─[39m[90m─[39m[90m─[39m[90m─[39m[90m─[39m[90m─[39m[90m─[39m[90m─[39m[90m─[39m[90m─[39m[90m─[39m[90m─[39m[90m─[39m[90m─[39m[90m─[39m[90m─[39m[90m─[39m[90m─[39m[90m─[39m[90m─[39m[90m─[39m[90m─[39m[90m─[39m[90m─[39m[90m─[39m[90m─[39m[90m─[39m[90m─[39m[90m─[39m[90m─[39m[90m─[39m[90m─[39m[90m─[39m[90m─[39m[90m─[39m[90m─[39m[90m─[39m[90m─[39m[90m─[39m[90m─[39m[90m─[39m[90m─[39m[90m─[39m[90m─[39m[90m─[39m[90m─[39m[90m─[39m[90m─[39m[90m─[39m[90m─[39m[90m─[39m[90m─[39m[90m─[39m[90m─[39m[90m─[39m[90m─[39m[90m─[39m[90m─[39m[90m─[39m[90m─[39m[90m─[39m[90m─[39m[90m─[39m[90m─[39m[90m─[39m
Admin UI E2E (4, chrome)	Run Cypress	2024-10-28T23:47:22.4671544Z                                                                                                     
Admin UI E2E (4, chrome)	Run Cypress	2024-10-28T23:47:22.4672367Z   Running:  [90mrealm_user_registration.spec.ts[39m                                                 [90m(5 of 7)[39m
Admin UI E2E (4, chrome)	Run Cypress	2024-10-28T23:47:26.3722438Z 
Admin UI E2E (4, chrome)	Run Cypress	2024-10-28T23:47:26.3723749Z [0m[0m
Admin UI E2E (4, chrome)	Run Cypress	2024-10-28T23:47:26.3748840Z [0m  Realm settings - User registration tab[0m
Admin UI E2E (4, chrome)	Run Cypress	2024-10-28T23:47:31.8309916Z   [32m  ✓[0m[90m Add admin role[0m[90m (5421ms)[0m
Admin UI E2E (4, chrome)	Run Cypress	2024-10-28T23:47:33.4930286Z   [32m  ✓[0m[90m Remove admin role[0m[90m (1623ms)[0m
Admin UI E2E (4, chrome)	Run Cypress	2024-10-28T23:47:35.4465184Z   [32m  ✓[0m[90m Add default group[0m[90m (1708ms)[0m
Admin UI E2E (4, chrome)	Run Cypress	2024-10-28T23:47:35.4466170Z 
Admin UI E2E (4, chrome)	Run Cypress	2024-10-28T23:47:35.4720429Z 
Admin UI E2E (4, chrome)	Run Cypress	2024-10-28T23:47:35.4721750Z [92m [0m[32m 3 passing[0m[90m (9s)[0m
Admin UI E2E (4, chrome)	Run Cypress	2024-10-28T23:47:35.4722284Z 
Admin UI E2E (4, chrome)	Run Cypress	2024-10-28T23:47:36.4846725Z 
Admin UI E2E (4, chrome)	Run Cypress	2024-10-28T23:47:36.4848280Z [32m  ([4m[1mResults[22m[24m)[39m
Admin UI E2E (4, chrome)	Run Cypress	2024-10-28T23:47:36.4851445Z 
Admin UI E2E (4, chrome)	Run Cypress	2024-10-28T23:47:36.4865799Z [90m  ┌[39m[90m─[39m[90m─[39m[90m─[39m[90m─[39m[90m─[39m[90m─[39m[90m─[39m[90m─[39m[90m─[39m[90m─[39m[90m─[39m[90m─[39m[90m─[39m[90m─[39m[90m─[39m[90m─[39m[90m─[39m[90m─[39m[90m─[39m[90m─[39m[90m─[39m[90m─[39m[90m─[39m[90m─[39m[90m─[39m[90m─[39m[90m─[39m[90m─[39m[90m─[39m[90m─[39m[90m─[39m[90m─[39m[90m─[39m[90m─[39m[90m─[39m[90m─[39m[90m─[39m[90m─[39m[90m─[39m[90m─[39m[90m─[39m[90m─[39m[90m─[39m[90m─[39m[90m─[39m[90m─[39m[90m─[39m[90m─[39m[90m─[39m[90m─[39m[90m─[39m[90m─[39m[90m─[39m[90m─[39m[90m─[39m[90m─[39m[90m─[39m[90m─[39m[90m─[39m[90m─[39m[90m─[39m[90m─[39m[90m─[39m[90m─[39m[90m─[39m[90m─[39m[90m─[39m[90m─[39m[90m─[39m[90m─[39m[90m─[39m[90m─[39m[90m─[39m[90m─[39m[90m─[39m[90m─[39m[90m─[39m[90m─[39m[90m─[39m[90m─[39m[90m─[39m[90m─[39m[90m─[39m[90m─[39m[90m─[39m[90m─[39m[90m─[39m[90m─[39m[90m─[39m[90m─[39m[90m─[39m[90m─[39m[90m─[39m[90m─[39m[90m─[39m[90m─[39m[90m┐[39m
Admin UI E2E (4, chrome)	Run Cypress	2024-10-28T23:47:36.4871920Z [90m  │[39m [90mTests:[39m        [32m3[39m                                                                                [90m│[39m
Admin UI E2E (4, chrome)	Run Cypress	2024-10-28T23:47:36.4873449Z [90m  │[39m [90mPassing:[39m      [32m3[39m                                                                                [90m│[39m
Admin UI E2E (4, chrome)	Run Cypress	2024-10-28T23:47:36.4875119Z [90m  │[39m [90mFailing:[39m      [32m0[39m                                                                                [90m│[39m
Admin UI E2E (4, chrome)	Run Cypress	2024-10-28T23:47:36.4877375Z [90m  │[39m [90mPending:[39m      [32m0[39m                                                                                [90m│[39m
Admin UI E2E (4, chrome)	Run Cypress	2024-10-28T23:47:36.4879122Z [90m  │[39m [90mSkipped:[39m      [32m0[39m                                                                                [90m│[39m
Admin UI E2E (4, chrome)	Run Cypress	2024-10-28T23:47:36.4880720Z [90m  │[39m [90mScreenshots:[39m  [32m0[39m                                                                                [90m│[39m
Admin UI E2E (4, chrome)	Run Cypress	2024-10-28T23:47:36.4882263Z [90m  │[39m [90mVideo:[39m        [32mfalse[39m                                                                            [90m│[39m
Admin UI E2E (4, chrome)	Run Cypress	2024-10-28T23:47:36.4883834Z [90m  │[39m [90mDuration:[39m     [32m9 seconds[39m                                                                        [90m│[39m
Admin UI E2E (4, chrome)	Run Cypress	2024-10-28T23:47:36.4886650Z [90m  │[39m [90mSpec Ran:[39m     [32m[32mrealm_user_registration.spec.ts[32m[39m                                                  [90m│[39m
Admin UI E2E (4, chrome)	Run Cypress	2024-10-28T23:47:36.4895171Z [90m  └[39m[90m─[39m[90m─[39m[90m─[39m[90m─[39m[90m─[39m[90m─[39m[90m─[39m[90m─[39m[90m─[39m[90m─[39m[90m─[39m[90m─[39m[90m─[39m[90m─[39m[90m─[39m[90m─[39m[90m─[39m[90m─[39m[90m─[39m[90m─[39m[90m─[39m[90m─[39m[90m─[39m[90m─[39m[90m─[39m[90m─[39m[90m─[39m[90m─[39m[90m─[39m[90m─[39m[90m─[39m[90m─[39m[90m─[39m[90m─[39m[90m─[39m[90m─[39m[90m─[39m[90m─[39m[90m─[39m[90m─[39m[90m─[39m[90m─[39m[90m─[39m[90m─[39m[90m─[39m[90m─[39m[90m─[39m[90m─[39m[90m─[39m[90m─[39m[90m─[39m[90m─[39m[90m─[39m[90m─[39m[90m─[39m[90m─[39m[90m─[39m[90m─[39m[90m─[39m[90m─[39m[90m─[39m[90m─[39m[90m─[39m[90m─[39m[90m─[39m[90m─[39m[90m─[39m[90m─[39m[90m─[39m[90m─[39m[90m─[39m[90m─[39m[90m─[39m[90m─[39m[90m─[39m[90m─[39m[90m─[39m[90m─[39m[90m─[39m[90m─[39m[90m─[39m[90m─[39m[90m─[39m[90m─[39m[90m─[39m[90m─[39m[90m─[39m[90m─[39m[90m─[39m[90m─[39m[90m─[39m[90m─[39m[90m─[39m[90m─[39m[90m─[39m[90m─[39m[90m┘[39m
Admin UI E2E (4, chrome)	Run Cypress	2024-10-28T23:47:36.4900742Z 
Admin UI E2E (4, chrome)	Run Cypress	2024-10-28T23:47:36.5239070Z 
Admin UI E2E (4, chrome)	Run Cypress	2024-10-28T23:47:36.5253229Z [90m─[39m[90m─[39m[90m─[39m[90m─[39m[90m─[39m[90m─[39m[90m─[39m[90m─[39m[90m─[39m[90m─[39m[90m─[39m[90m─[39m[90m─[39m[90m─[39m[90m─[39m[90m─[39m[90m─[39m[90m─[39m[90m─[39m[90m─[39m[90m─[39m[90m─[39m[90m─[39m[90m─[39m[90m─[39m[90m─[39m[90m─[39m[90m─[39m[90m─[39m[90m─[39m[90m─[39m[90m─[39m[90m─[39m[90m─[39m[90m─[39m[90m─[39m[90m─[39m[90m─[39m[90m─[39m[90m─[39m[90m─[39m[90m─[39m[90m─[39m[90m─[39m[90m─[39m[90m─[39m[90m─[39m[90m─[39m[90m─[39m[90m─[39m[90m─[39m[90m─[39m[90m─[39m[90m─[39m[90m─[39m[90m─[39m[90m─[39m[90m─[39m[90m─[39m[90m─[39m[90m─[39m[90m─[39m[90m─[39m[90m─[39m[90m─[39m[90m─[39m[90m─[39m[90m─[39m[90m─[39m[90m─[39m[90m─[39m[90m─[39m[90m─[39m[90m─[39m[90m─[39m[90m─[39m[90m─[39m[90m─[39m[90m─[39m[90m─[39m[90m─[39m[90m─[39m[90m─[39m[90m─[39m[90m─[39m[90m─[39m[90m─[39m[90m─[39m[90m─[39m[90m─[39m[90m─[39m[90m─[39m[90m─[39m[90m─[39m[90m─[39m[90m─[39m[90m─[39m[90m─[39m[90m─[39m[90m─[39m
Admin UI E2E (4, chrome)	Run Cypress	2024-10-28T23:47:36.5259633Z                                                                                                     
Admin UI E2E (4, chrome)	Run Cypress	2024-10-28T23:47:36.5261136Z   Running:  [90midentity_providers_test.spec.ts[39m                                                 [90m(6 of 7)[39m
Admin UI E2E (4, chrome)	Run Cypress	2024-10-28T23:47:40.0584189Z 
Admin UI E2E (4, chrome)	Run Cypress	2024-10-28T23:47:40.0585028Z [0m[0m
Admin UI E2E (4, chrome)	Run Cypress	2024-10-28T23:47:40.0668850Z [0m  Identity provider test[0m
Admin UI E2E (4, chrome)	Run Cypress	2024-10-28T23:47:40.0673364Z [0m    Identity provider creation[0m
Admin UI E2E (4, chrome)	Run Cypress	2024-10-28T23:47:44.8873717Z     [32m  ✓[0m[90m should create github provider[0m[90m (4781ms)[0m
Admin UI E2E (4, chrome)	Run Cypress	2024-10-28T23:47:46.8192214Z     [32m  ✓[0m[90m fail to make duplicate github provider[0m[90m (1891ms)[0m
Admin UI E2E (4, chrome)	Run Cypress	2024-10-28T23:47:49.3014886Z     [32m  ✓[0m[90m should create facebook provider[0m[90m (2425ms)[0m
Admin UI E2E (4, chrome)	Run Cypress	2024-10-28T23:47:50.8021995Z     [32m  ✓[0m[90m search for existing provider by name[0m[90m (1449ms)[0m
Admin UI E2E (4, chrome)	Run Cypress	2024-10-28T23:47:52.5768316Z     [32m  ✓[0m[90m search for non-existing provider by name[0m[90m (1737ms)[0m
Admin UI E2E (4, chrome)	Run Cypress	2024-10-28T23:47:55.2651460Z     [32m  ✓[0m[90m create and delete provider by item details[0m[90m (2655ms)[0m
Admin UI E2E (4, chrome)	Run Cypress	2024-10-28T23:47:55.2776061Z     [36m  - should change order of providers[0m
Admin UI E2E (4, chrome)	Run Cypress	2024-10-28T23:47:56.7264507Z     [32m  ✓[0m[90m should delete provider[0m[90m (1426ms)[0m
Admin UI E2E (4, chrome)	Run Cypress	2024-10-28T23:48:00.2689600Z     [32m  ✓[0m[90m should add facebook social mapper[0m[90m (3511ms)[0m
Admin UI E2E (4, chrome)	Run Cypress	2024-10-28T23:48:03.8633927Z     [32m  ✓[0m[90m should add Social mapper of type Attribute Importer[0m[90m (3539ms)[0m
Admin UI E2E (4, chrome)	Run Cypress	2024-10-28T23:48:06.8043573Z     [32m  ✓[0m[90m should edit facebook mapper[0m[90m (2911ms)[0m
Admin UI E2E (4, chrome)	Run Cypress	2024-10-28T23:48:08.6183982Z     [32m  ✓[0m[90m should delete facebook mapper[0m[90m (1774ms)[0m
Admin UI E2E (4, chrome)	Run Cypress	2024-10-28T23:48:10.1807494Z     [32m  ✓[0m[90m clean up providers[0m[90m (1529ms)[0m
Admin UI E2E (4, chrome)	Run Cypress	2024-10-28T23:48:10.1903442Z [0m      Custom fields tests[0m
Admin UI E2E (4, chrome)	Run Cypress	2024-10-28T23:48:12.9053118Z       [32m  ✓[0m[90m should create social login provider Bitbucket with custom fields[0m[90m (2673ms)[0m
Admin UI E2E (4, chrome)	Run Cypress	2024-10-28T23:48:16.3946120Z       [32m  ✓[0m[90m should create social login provider Facebook with custom fields[0m[90m (3428ms)[0m
Admin UI E2E (4, chrome)	Run Cypress	2024-10-28T23:48:20.2027040Z       [32m  ✓[0m[90m should create social login provider Github with custom fields[0m[90m (3756ms)[0m
Admin UI E2E (4, chrome)	Run Cypress	2024-10-28T23:48:22.9686681Z       [32m  ✓[0m[90m should create social login provider Gitlab with custom fields[0m[90m (2709ms)[0m
Admin UI E2E (4, chrome)	Run Cypress	2024-10-28T23:48:26.3955568Z       [32m  ✓[0m[90m should create social login provider Google with custom fields[0m[90m (3382ms)[0m
Admin UI E2E (4, chrome)	Run Cypress	2024-10-28T23:48:29.3546013Z       [32m  ✓[0m[90m should create social login provider Instagram with custom fields[0m[90m (2896ms)[0m
Admin UI E2E (4, chrome)	Run Cypress	2024-10-28T23:48:32.3256908Z       [32m  ✓[0m[90m should create social login provider LinkedIn with custom fields[0m[90m (2908ms)[0m
Admin UI E2E (4, chrome)	Run Cypress	2024-10-28T23:48:35.7962889Z       [32m  ✓[0m[90m should create social login provider Microsoft with custom fields[0m[90m (3405ms)[0m
Admin UI E2E (4, chrome)	Run Cypress	2024-10-28T23:48:39.3139840Z       [32m  ✓[0m[90m should create social login provider Openshift-v3 with custom fields[0m[90m (3460ms)[0m
Admin UI E2E (4, chrome)	Run Cypress	2024-10-28T23:48:42.9470447Z       [32m  ✓[0m[90m should create social login provider Openshift-v4 with custom fields[0m[90m (3580ms)[0m
Admin UI E2E (4, chrome)	Run Cypress	2024-10-28T23:48:45.8702981Z       [32m  ✓[0m[90m should create social login provider Paypal with custom fields[0m[90m (2880ms)[0m
Admin UI E2E (4, chrome)	Run Cypress	2024-10-28T23:48:49.3149221Z       [32m  ✓[0m[90m should create social login provider Stackoverflow with custom fields[0m[90m (3402ms)[0m
Admin UI E2E (4, chrome)	Run Cypress	2024-10-28T23:48:53.0576595Z       [32m  ✓[0m[90m should create social login provider Twitter with custom fields[0m[90m (2764ms)[0m
Admin UI E2E (4, chrome)	Run Cypress	2024-10-28T23:48:53.0733760Z [0m    should check provider details[0m
Admin UI E2E (4, chrome)	Run Cypress	2024-10-28T23:48:55.2988625Z     [32m  ✓[0m[90m creating github provider[0m[90m (2192ms)[0m
Admin UI E2E (4, chrome)	Run Cypress	2024-10-28T23:48:58.5944451Z     [32m  ✓[0m[90m should check general settings[0m[90m (3258ms)[0m
Admin UI E2E (4, chrome)	Run Cypress	2024-10-28T23:49:01.7959213Z     [32m  ✓[0m[90m should check input switches and inputs[0m[90m (3169ms)[0m
Admin UI E2E (4, chrome)	Run Cypress	2024-10-28T23:49:03.6843781Z     [32m  ✓[0m[90m should revert and save options[0m[90m (1860ms)[0m
Admin UI E2E (4, chrome)	Run Cypress	2024-10-28T23:49:05.1840645Z     [32m  ✓[0m[90m should delete providers[0m[90m (1461ms)[0m
Admin UI E2E (4, chrome)	Run Cypress	2024-10-28T23:49:05.1939426Z [0m    Accessibility tests for identity providers[0m
Admin UI E2E (4, chrome)	Run Cypress	2024-10-28T23:49:08.0038304Z     [32m  ✓[0m[90m Check a11y violations on load/ identity providers[0m[90m (2789ms)[0m
Admin UI E2E (4, chrome)	Run Cypress	2024-10-28T23:49:08.0047605Z 
Admin UI E2E (4, chrome)	Run Cypress	2024-10-28T23:49:08.0221860Z 
Admin UI E2E (4, chrome)	Run Cypress	2024-10-28T23:49:08.0223264Z [92m [0m[32m 31 passing[0m[90m (1m)[0m
Admin UI E2E (4, chrome)	Run Cypress	2024-10-28T23:49:08.0224288Z [36m [0m[36m 1 pending[0m
Admin UI E2E (4, chrome)	Run Cypress	2024-10-28T23:49:08.0224837Z 
Admin UI E2E (4, chrome)	Run Cypress	2024-10-28T23:49:09.0389500Z 
Admin UI E2E (4, chrome)	Run Cypress	2024-10-28T23:49:09.0391169Z [32m  ([4m[1mResults[22m[24m)[39m
Admin UI E2E (4, chrome)	Run Cypress	2024-10-28T23:49:09.0396152Z 
Admin UI E2E (4, chrome)	Run Cypress	2024-10-28T23:49:09.0408425Z [90m  ┌[39m[90m─[39m[90m─[39m[90m─[39m[90m─[39m[90m─[39m[90m─[39m[90m─[39m[90m─[39m[90m─[39m[90m─[39m[90m─[39m[90m─[39m[90m─[39m[90m─[39m[90m─[39m[90m─[39m[90m─[39m[90m─[39m[90m─[39m[90m─[39m[90m─[39m[90m─[39m[90m─[39m[90m─[39m[90m─[39m[90m─[39m[90m─[39m[90m─[39m[90m─[39m[90m─[39m[90m─[39m[90m─[39m[90m─[39m[90m─[39m[90m─[39m[90m─[39m[90m─[39m[90m─[39m[90m─[39m[90m─[39m[90m─[39m[90m─[39m[90m─[39m[90m─[39m[90m─[39m[90m─[39m[90m─[39m[90m─[39m[90m─[39m[90m─[39m[90m─[39m[90m─[39m[90m─[39m[90m─[39m[90m─[39m[90m─[39m[90m─[39m[90m─[39m[90m─[39m[90m─[39m[90m─[39m[90m─[39m[90m─[39m[90m─[39m[90m─[39m[90m─[39m[90m─[39m[90m─[39m[90m─[39m[90m─[39m[90m─[39m[90m─[39m[90m─[39m[90m─[39m[90m─[39m[90m─[39m[90m─[39m[90m─[39m[90m─[39m[90m─[39m[90m─[39m[90m─[39m[90m─[39m[90m─[39m[90m─[39m[90m─[39m[90m─[39m[90m─[39m[90m─[39m[90m─[39m[90m─[39m[90m─[39m[90m─[39m[90m─[39m[90m─[39m[90m─[39m[90m┐[39m
Admin UI E2E (4, chrome)	Run Cypress	2024-10-28T23:49:09.0413507Z [90m  │[39m [90mTests:[39m        [32m32[39m                                                                               [90m│[39m
Admin UI E2E (4, chrome)	Run Cypress	2024-10-28T23:49:09.0414858Z [90m  │[39m [90mPassing:[39m      [32m31[39m                                                                               [90m│[39m
Admin UI E2E (4, chrome)	Run Cypress	2024-10-28T23:49:09.0416150Z [90m  │[39m [90mFailing:[39m      [32m0[39m                                                                                [90m│[39m
Admin UI E2E (4, chrome)	Run Cypress	2024-10-28T23:49:09.0417706Z [90m  │[39m [90mPending:[39m      [32m1[39m                                                                                [90m│[39m
Admin UI E2E (4, chrome)	Run Cypress	2024-10-28T23:49:09.0421966Z [90m  │[39m [90mSkipped:[39m      [32m0[39m                                                                                [90m│[39m
Admin UI E2E (4, chrome)	Run Cypress	2024-10-28T23:49:09.0423730Z [90m  │[39m [90mScreenshots:[39m  [32m0[39m                                                                                [90m│[39m
Admin UI E2E (4, chrome)	Run Cypress	2024-10-28T23:49:09.0425537Z [90m  │[39m [90mVideo:[39m        [32mfalse[39m                                                                            [90m│[39m
Admin UI E2E (4, chrome)	Run Cypress	2024-10-28T23:49:09.0427316Z [90m  │[39m [90mDuration:[39m     [32m1 minute, 27 seconds[39m                                                             [90m│[39m
Admin UI E2E (4, chrome)	Run Cypress	2024-10-28T23:49:09.0429511Z [90m  │[39m [90mSpec Ran:[39m     [32m[32midentity_providers_test.spec.ts[32m[39m                                                  [90m│[39m
Admin UI E2E (4, chrome)	Run Cypress	2024-10-28T23:49:09.0439153Z [90m  └[39m[90m─[39m[90m─[39m[90m─[39m[90m─[39m[90m─[39m[90m─[39m[90m─[39m[90m─[39m[90m─[39m[90m─[39m[90m─[39m[90m─[39m[90m─[39m[90m─[39m[90m─[39m[90m─[39m[90m─[39m[90m─[39m[90m─[39m[90m─[39m[90m─[39m[90m─[39m[90m─[39m[90m─[39m[90m─[39m[90m─[39m[90m─[39m[90m─[39m[90m─[39m[90m─[39m[90m─[39m[90m─[39m[90m─[39m[90m─[39m[90m─[39m[90m─[39m[90m─[39m[90m─[39m[90m─[39m[90m─[39m[90m─[39m[90m─[39m[90m─[39m[90m─[39m[90m─[39m[90m─[39m[90m─[39m[90m─[39m[90m─[39m[90m─[39m[90m─[39m[90m─[39m[90m─[39m[90m─[39m[90m─[39m[90m─[39m[90m─[39m[90m─[39m[90m─[39m[90m─[39m[90m─[39m[90m─[39m[90m─[39m[90m─[39m[90m─[39m[90m─[39m[90m─[39m[90m─[39m[90m─[39m[90m─[39m[90m─[39m[90m─[39m[90m─[39m[90m─[39m[90m─[39m[90m─[39m[90m─[39m[90m─[39m[90m─[39m[90m─[39m[90m─[39m[90m─[39m[90m─[39m[90m─[39m[90m─[39m[90m─[39m[90m─[39m[90m─[39m[90m─[39m[90m─[39m[90m─[39m[90m─[39m[90m─[39m[90m─[39m[90m─[39m[90m─[39m[90m┘[39m
Admin UI E2E (4, chrome)	Run Cypress	2024-10-28T23:49:09.0444844Z 
Admin UI E2E (4, chrome)	Run Cypress	2024-10-28T23:49:09.0744892Z 
Admin UI E2E (4, chrome)	Run Cypress	2024-10-28T23:49:09.0758155Z [90m─[39m[90m─[39m[90m─[39m[90m─[39m[90m─[39m[90m─[39m[90m─[39m[90m─[39m[90m─[39m[90m─[39m[90m─[39m[90m─[39m[90m─[39m[90m─[39m[90m─[39m[90m─[39m[90m─[39m[90m─[39m[90m─[39m[90m─[39m[90m─[39m[90m─[39m[90m─[39m[90m─[39m[90m─[39m[90m─[39m[90m─[39m[90m─[39m[90m─[39m[90m─[39m[90m─[39m[90m─[39m[90m─[39m[90m─[39m[90m─[39m[90m─[39m[90m─[39m[90m─[39m[90m─[39m[90m─[39m[90m─[39m[90m─[39m[90m─[39m[90m─[39m[90m─[39m[90m─[39m[90m─[39m[90m─[39m[90m─[39m[90m─[39m[90m─[39m[90m─[39m[90m─[39m[90m─[39m[90m─[39m[90m─[39m[90m─[39m[90m─[39m[90m─[39m[90m─[39m[90m─[39m[90m─[39m[90m─[39m[90m─[39m[90m─[39m[90m─[39m[90m─[39m[90m─[39m[90m─[39m[90m─[39m[90m─[39m[90m─[39m[90m─[39m[90m─[39m[90m─[39m[90m─[39m[90m─[39m[90m─[39m[90m─[39m[90m─[39m[90m─[39m[90m─[39m[90m─[39m[90m─[39m[90m─[39m[90m─[39m[90m─[39m[90m─[39m[90m─[39m[90m─[39m[90m─[39m[90m─[39m[90m─[39m[90m─[39m[90m─[39m[90m─[39m[90m─[39m[90m─[39m[90m─[39m[90m─[39m
Admin UI E2E (4, chrome)	Run Cypress	2024-10-28T23:49:09.0762918Z                                                                                                     
Admin UI E2E (4, chrome)	Run Cypress	2024-10-28T23:49:09.0764137Z   Running:  [90muser_fed_test.spec.ts[39m                                                           [90m(7 of 7)[39m
Admin UI E2E (4, chrome)	Run Cypress	2024-10-28T23:49:11.6888574Z 
Admin UI E2E (4, chrome)	Run Cypress	2024-10-28T23:49:11.6889715Z [0m[0m
Admin UI E2E (4, chrome)	Run Cypress	2024-10-28T23:49:11.6918987Z [0m  Accessibility tests for user federation[0m
Admin UI E2E (4, chrome)	Run Cypress	2024-10-28T23:49:14.9262097Z   [32m  ✓[0m[90m Check a11y violations on load/ user federation[0m[90m (3227ms)[0m
Admin UI E2E (4, chrome)	Run Cypress	2024-10-28T23:49:14.9263221Z 
Admin UI E2E (4, chrome)	Run Cypress	2024-10-28T23:49:14.9402690Z 
Admin UI E2E (4, chrome)	Run Cypress	2024-10-28T23:49:14.9403611Z [92m [0m[32m 1 passing[0m[90m (3s)[0m
Admin UI E2E (4, chrome)	Run Cypress	2024-10-28T23:49:14.9405356Z 
Admin UI E2E (4, chrome)	Run Cypress	2024-10-28T23:49:16.1799901Z 
Admin UI E2E (4, chrome)	Run Cypress	2024-10-28T23:49:16.1802074Z [32m  ([4m[1mResults[22m[24m)[39m
Admin UI E2E (4, chrome)	Run Cypress	2024-10-28T23:49:16.1804795Z 
Admin UI E2E (4, chrome)	Run Cypress	2024-10-28T23:49:16.1821622Z [90m  ┌[39m[90m─[39m[90m─[39m[90m─[39m[90m─[39m[90m─[39m[90m─[39m[90m─[39m[90m─[39m[90m─[39m[90m─[39m[90m─[39m[90m─[39m[90m─[39m[90m─[39m[90m─[39m[90m─[39m[90m─[39m[90m─[39m[90m─[39m[90m─[39m[90m─[39m[90m─[39m[90m─[39m[90m─[39m[90m─[39m[90m─[39m[90m─[39m[90m─[39m[90m─[39m[90m─[39m[90m─[39m[90m─[39m[90m─[39m[90m─[39m[90m─[39m[90m─[39m[90m─[39m[90m─[39m[90m─[39m[90m─[39m[90m─[39m[90m─[39m[90m─[39m[90m─[39m[90m─[39m[90m─[39m[90m─[39m[90m─[39m[90m─[39m[90m─[39m[90m─[39m[90m─[39m[90m─[39m[90m─[39m[90m─[39m[90m─[39m[90m─[39m[90m─[39m[90m─[39m[90m─[39m[90m─[39m[90m─[39m[90m─[39m[90m─[39m[90m─[39m[90m─[39m[90m─[39m[90m─[39m[90m─[39m[90m─[39m[90m─[39m[90m─[39m[90m─[39m[90m─[39m[90m─[39m[90m─[39m[90m─[39m[90m─[39m[90m─[39m[90m─[39m[90m─[39m[90m─[39m[90m─[39m[90m─[39m[90m─[39m[90m─[39m[90m─[39m[90m─[39m[90m─[39m[90m─[39m[90m─[39m[90m─[39m[90m─[39m[90m─[39m[90m─[39m[90m─[39m[90m┐[39m
Admin UI E2E (4, chrome)	Run Cypress	2024-10-28T23:49:16.1828661Z [90m  │[39m [90mTests:[39m        [32m1[39m                                                                                [90m│[39m
Admin UI E2E (4, chrome)	Run Cypress	2024-10-28T23:49:16.1881994Z [90m  │[39m [90mPassing:[39m      [32m1[39m                                                                                [90m│[39m
Admin UI E2E (4, chrome)	Run Cypress	2024-10-28T23:49:16.1883772Z [90m  │[39m [90mFailing:[39m      [32m0[39m                                                                                [90m│[39m
Admin UI E2E (4, chrome)	Run Cypress	2024-10-28T23:49:16.1885489Z [90m  │[39m [90mPending:[39m      [32m0[39m                                                                                [90m│[39m
Admin UI E2E (4, chrome)	Run Cypress	2024-10-28T23:49:16.1887122Z [90m  │[39m [90mSkipped:[39m      [32m0[39m                                                                                [90m│[39m
Admin UI E2E (4, chrome)	Run Cypress	2024-10-28T23:49:16.1888887Z [90m  │[39m [90mScreenshots:[39m  [32m0[39m                                                                                [90m│[39m
Admin UI E2E (4, chrome)	Run Cypress	2024-10-28T23:49:16.1890611Z [90m  │[39m [90mVideo:[39m        [32mfalse[39m                                                                            [90m│[39m
Admin UI E2E (4, chrome)	Run Cypress	2024-10-28T23:49:16.1892747Z [90m  │[39m [90mDuration:[39m     [32m3 seconds[39m                                                                        [90m│[39m
Admin UI E2E (4, chrome)	Run Cypress	2024-10-28T23:49:16.1894668Z [90m  │[39m [90mSpec Ran:[39m     [32m[32muser_fed_test.spec.ts[32m[39m                                                            [90m│[39m
Admin UI E2E (4, chrome)	Run Cypress	2024-10-28T23:49:16.1904339Z [90m  └[39m[90m─[39m[90m─[39m[90m─[39m[90m─[39m[90m─[39m[90m─[39m[90m─[39m[90m─[39m[90m─[39m[90m─[39m[90m─[39m[90m─[39m[90m─[39m[90m─[39m[90m─[39m[90m─[39m[90m─[39m[90m─[39m[90m─[39m[90m─[39m[90m─[39m[90m─[39m[90m─[39m[90m─[39m[90m─[39m[90m─[39m[90m─[39m[90m─[39m[90m─[39m[90m─[39m[90m─[39m[90m─[39m[90m─[39m[90m─[39m[90m─[39m[90m─[39m[90m─[39m[90m─[39m[90m─[39m[90m─[39m[90m─[39m[90m─[39m[90m─[39m[90m─[39m[90m─[39m[90m─[39m[90m─[39m[90m─[39m[90m─[39m[90m─[39m[90m─[39m[90m─[39m[90m─[39m[90m─[39m[90m─[39m[90m─[39m[90m─[39m[90m─[39m[90m─[39m[90m─[39m[90m─[39m[90m─[39m[90m─[39m[90m─[39m[90m─[39m[90m─[39m[90m─[39m[90m─[39m[90m─[39m[90m─[39m[90m─[39m[90m─[39m[90m─[39m[90m─[39m[90m─[39m[90m─[39m[90m─[39m[90m─[39m[90m─[39m[90m─[39m[90m─[39m[90m─[39m[90m─[39m[90m─[39m[90m─[39m[90m─[39m[90m─[39m[90m─[39m[90m─[39m[90m─[39m[90m─[39m[90m─[39m[90m─[39m[90m─[39m[90m─[39m[90m─[39m[90m┘[39m
Admin UI E2E (4, chrome)	Run Cypress	2024-10-28T23:49:16.1910598Z 
Admin UI E2E (4, chrome)	Run Cypress	2024-10-28T23:49:16.1934866Z 
Admin UI E2E (4, chrome)	Run Cypress	2024-10-28T23:49:16.2495114Z [90m====================================================================================================[39m
Admin UI E2E (4, chrome)	Run Cypress	2024-10-28T23:49:16.2495574Z 
Admin UI E2E (4, chrome)	Run Cypress	2024-10-28T23:49:16.2495816Z [0m  ([4m[1mRun Finished[22m[24m)[0m
Admin UI E2E (4, chrome)	Run Cypress	2024-10-28T23:49:16.2512005Z 
Admin UI E2E (4, chrome)	Run Cypress	2024-10-28T23:49:16.2512095Z 
Admin UI E2E (4, chrome)	Run Cypress	2024-10-28T23:49:16.2537260Z [90m   [39m    [90mSpec[39m                                              [90mTests[39m  [90mPassing[39m  [90mFailing[39m  [90mPending[39m  [90mSkipped[39m [90m [39m
Admin UI E2E (4, chrome)	Run Cypress	2024-10-28T23:49:16.2545837Z [90m  ┌[39m[90m─[39m[90m─[39m[90m─[39m[90m─[39m[90m─[39m[90m─[39m[90m─[39m[90m─[39m[90m─[39m[90m─[39m[90m─[39m[90m─[39m[90m─[39m[90m─[39m[90m─[39m[90m─[39m[90m─[39m[90m─[39m[90m─[39m[90m─[39m[90m─[39m[90m─[39m[90m─[39m[90m─[39m[90m─[39m[90m─[39m[90m─[39m[90m─[39m[90m─[39m[90m─[39m[90m─[39m[90m─[39m[90m─[39m[90m─[39m[90m─[39m[90m─[39m[90m─[39m[90m─[39m[90m─[39m[90m─[39m[90m─[39m[90m─[39m[90m─[39m[90m─[39m[90m─[39m[90m─[39m[90m─[39m[90m─[39m[90m─[39m[90m─[39m[90m─[39m[90m─[39m[90m─[39m[90m─[39m[90m─[39m[90m─[39m[90m─[39m[90m─[39m[90m─[39m[90m─[39m[90m─[39m[90m─[39m[90m─[39m[90m─[39m[90m─[39m[90m─[39m[90m─[39m[90m─[39m[90m─[39m[90m─[39m[90m─[39m[90m─[39m[90m─[39m[90m─[39m[90m─[39m[90m─[39m[90m─[39m[90m─[39m[90m─[39m[90m─[39m[90m─[39m[90m─[39m[90m─[39m[90m─[39m[90m─[39m[90m─[39m[90m─[39m[90m─[39m[90m─[39m[90m─[39m[90m─[39m[90m─[39m[90m─[39m[90m─[39m[90m─[39m[90m─[39m[90m┐[39m
Admin UI E2E (4, chrome)	Run Cypress	2024-10-28T23:49:16.2553529Z [90m  │[39m [32m✔[39m  [0muser_fed_ldap_hardcoded_mapper_test[0m      [90m01:06[39m       [0m12[0m       [32m12[39m        [90m-[39m        [90m-[39m        [90m-[39m [90m│[39m
Admin UI E2E (4, chrome)	Run Cypress	2024-10-28T23:49:16.2555517Z [90m  │[39m    [0m.spec.ts[0m                                                                                    [90m│[39m
Admin UI E2E (4, chrome)	Run Cypress	2024-10-28T23:49:16.2563940Z [90m  ├[39m[90m─[39m[90m─[39m[90m─[39m[90m─[39m[90m─[39m[90m─[39m[90m─[39m[90m─[39m[90m─[39m[90m─[39m[90m─[39m[90m─[39m[90m─[39m[90m─[39m[90m─[39m[90m─[39m[90m─[39m[90m─[39m[90m─[39m[90m─[39m[90m─[39m[90m─[39m[90m─[39m[90m─[39m[90m─[39m[90m─[39m[90m─[39m[90m─[39m[90m─[39m[90m─[39m[90m─[39m[90m─[39m[90m─[39m[90m─[39m[90m─[39m[90m─[39m[90m─[39m[90m─[39m[90m─[39m[90m─[39m[90m─[39m[90m─[39m[90m─[39m[90m─[39m[90m─[39m[90m─[39m[90m─[39m[90m─[39m[90m─[39m[90m─[39m[90m─[39m[90m─[39m[90m─[39m[90m─[39m[90m─[39m[90m─[39m[90m─[39m[90m─[39m[90m─[39m[90m─[39m[90m─[39m[90m─[39m[90m─[39m[90m─[39m[90m─[39m[90m─[39m[90m─[39m[90m─[39m[90m─[39m[90m─[39m[90m─[39m[90m─[39m[90m─[39m[90m─[39m[90m─[39m[90m─[39m[90m─[39m[90m─[39m[90m─[39m[90m─[39m[90m─[39m[90m─[39m[90m─[39m[90m─[39m[90m─[39m[90m─[39m[90m─[39m[90m─[39m[90m─[39m[90m─[39m[90m─[39m[90m─[39m[90m─[39m[90m─[39m[90m─[39m[90m─[39m[90m┤[39m
Admin UI E2E (4, chrome)	Run Cypress	2024-10-28T23:49:16.2576060Z [90m  │[39m [32m✔[39m  [0mrealm_test.spec.ts[0m                       [90m01:04[39m        [0m6[0m        [32m6[39m        [90m-[39m        [90m-[39m        [90m-[39m [90m│[39m
Admin UI E2E (4, chrome)	Run Cypress	2024-10-28T23:49:16.2595324Z [90m  ├[39m[90m─[39m[90m─[39m[90m─[39m[90m─[39m[90m─[39m[90m─[39m[90m─[39m[90m─[39m[90m─[39m[90m─[39m[90m─[39m[90m─[39m[90m─[39m[90m─[39m[90m─[39m[90m─[39m[90m─[39m[90m─[39m[90m─[39m[90m─[39m[90m─[39m[90m─[39m[90m─[39m[90m─[39m[90m─[39m[90m─[39m[90m─[39m[90m─[39m[90m─[39m[90m─[39m[90m─[39m[90m─[39m[90m─[39m[90m─[39m[90m─[39m[90m─[39m[90m─[39m[90m─[39m[90m─[39m[90m─[39m[90m─[39m[90m─[39m[90m─[39m[90m─[39m[90m─[39m[90m─[39m[90m─[39m[90m─[39m[90m─[39m[90m─[39m[90m─[39m[90m─[39m[90m─[39m[90m─[39m[90m─[39m[90m─[39m[90m─[39m[90m─[39m[90m─[39m[90m─[39m[90m─[39m[90m─[39m[90m─[39m[90m─[39m[90m─[39m[90m─[39m[90m─[39m[90m─[39m[90m─[39m[90m─[39m[90m─[39m[90m─[39m[90m─[39m[90m─[39m[90m─[39m[90m─[39m[90m─[39m[90m─[39m[90m─[39m[90m─[39m[90m─[39m[90m─[39m[90m─[39m[90m─[39m[90m─[39m[90m─[39m[90m─[39m[90m─[39m[90m─[39m[90m─[39m[90m─[39m[90m─[39m[90m─[39m[90m─[39m[90m─[39m[90m─[39m[90m┤[39m
Admin UI E2E (4, chrome)	Run Cypress	2024-10-28T23:49:16.2602819Z [90m  │[39m [32m✔[39m  [0mrealm_settings_tabs_test.spec.ts[0m         [90m01:54[39m       [0m35[0m       [32m35[39m        [90m-[39m        [90m-[39m        [90m-[39m [90m│[39m
Admin UI E2E (4, chrome)	Run Cypress	2024-10-28T23:49:16.2611519Z [90m  ├[39m[90m─[39m[90m─[39m[90m─[39m[90m─[39m[90m─[39m[90m─[39m[90m─[39m[90m─[39m[90m─[39m[90m─[39m[90m─[39m[90m─[39m[90m─[39m[90m─[39m[90m─[39m[90m─[39m[90m─[39m[90m─[39m[90m─[39m[90m─[39m[90m─[39m[90m─[39m[90m─[39m[90m─[39m[90m─[39m[90m─[39m[90m─[39m[90m─[39m[90m─[39m[90m─[39m[90m─[39m[90m─[39m[90m─[39m[90m─[39m[90m─[39m[90m─[39m[90m─[39m[90m─[39m[90m─[39m[90m─[39m[90m─[39m[90m─[39m[90m─[39m[90m─[39m[90m─[39m[90m─[39m[90m─[39m[90m─[39m[90m─[39m[90m─[39m[90m─[39m[90m─[39m[90m─[39m[90m─[39m[90m─[39m[90m─[39m[90m─[39m[90m─[39m[90m─[39m[90m─[39m[90m─[39m[90m─[39m[90m─[39m[90m─[39m[90m─[39m[90m─[39m[90m─[39m[90m─[39m[90m─[39m[90m─[39m[90m─[39m[90m─[39m[90m─[39m[90m─[39m[90m─[39m[90m─[39m[90m─[39m[90m─[39m[90m─[39m[90m─[39m[90m─[39m[90m─[39m[90m─[39m[90m─[39m[90m─[39m[90m─[39m[90m─[39m[90m─[39m[90m─[39m[90m─[39m[90m─[39m[90m─[39m[90m─[39m[90m─[39m[90m─[39m[90m─[39m[90m┤[39m
Admin UI E2E (4, chrome)	Run Cypress	2024-10-28T23:49:16.2619525Z [90m  │[39m [31m✖[39m  [0mclients_test.spec.ts[0m                     [90m04:03[39m       [0m66[0m       [32m65[39m        [31m1[39m        [90m-[39m        [90m-[39m [90m│[39m
Admin UI E2E (4, chrome)	Run Cypress	2024-10-28T23:49:16.2628662Z [90m  ├[39m[90m─[39m[90m─[39m[90m─[39m[90m─[39m[90m─[39m[90m─[39m[90m─[39m[90m─[39m[90m─[39m[90m─[39m[90m─[39m[90m─[39m[90m─[39m[90m─[39m[90m─[39m[90m─[39m[90m─[39m[90m─[39m[90m─[39m[90m─[39m[90m─[39m[90m─[39m[90m─[39m[90m─[39m[90m─[39m[90m─[39m[90m─[39m[90m─[39m[90m─[39m[90m─[39m[90m─[39m[90m─[39m[90m─[39m[90m─[39m[90m─[39m[90m─[39m[90m─[39m[90m─[39m[90m─[39m[90m─[39m[90m─[39m[90m─[39m[90m─[39m[90m─[39m[90m─[39m[90m─[39m[90m─[39m[90m─[39m[90m─[39m[90m─[39m[90m─[39m[90m─[39m[90m─[39m[90m─[39m[90m─[39m[90m─[39m[90m─[39m[90m─[39m[90m─[39m[90m─[39m[90m─[39m[90m─[39m[90m─[39m[90m─[39m[90m─[39m[90m─[39m[90m─[39m[90m─[39m[90m─[39m[90m─[39m[90m─[39m[90m─[39m[90m─[39m[90m─[39m[90m─[39m[90m─[39m[90m─[39m[90m─[39m[90m─[39m[90m─[39m[90m─[39m[90m─[39m[90m─[39m[90m─[39m[90m─[39m[90m─[39m[90m─[39m[90m─[39m[90m─[39m[90m─[39m[90m─[39m[90m─[39m[90m─[39m[90m─[39m[90m─[39m[90m─[39m[90m┤[39m
Admin UI E2E (4, chrome)	Run Cypress	2024-10-28T23:49:16.2636469Z [90m  │[39m [32m✔[39m  [0mrealm_user_registration.spec.ts[0m          [90m00:09[39m        [0m3[0m        [32m3[39m        [90m-[39m        [90m-[39m        [90m-[39m [90m│[39m
Admin UI E2E (4, chrome)	Run Cypress	2024-10-28T23:49:16.2645782Z [90m  ├[39m[90m─[39m[90m─[39m[90m─[39m[90m─[39m[90m─[39m[90m─[39m[90m─[39m[90m─[39m[90m─[39m[90m─[39m[90m─[39m[90m─[39m[90m─[39m[90m─[39m[90m─[39m[90m─[39m[90m─[39m[90m─[39m[90m─[39m[90m─[39m[90m─[39m[90m─[39m[90m─[39m[90m─[39m[90m─[39m[90m─[39m[90m─[39m[90m─[39m[90m─[39m[90m─[39m[90m─[39m[90m─[39m[90m─[39m[90m─[39m[90m─[39m[90m─[39m[90m─[39m[90m─[39m[90m─[39m[90m─[39m[90m─[39m[90m─[39m[90m─[39m[90m─[39m[90m─[39m[90m─[39m[90m─[39m[90m─[39m[90m─[39m[90m─[39m[90m─[39m[90m─[39m[90m─[39m[90m─[39m[90m─[39m[90m─[39m[90m─[39m[90m─[39m[90m─[39m[90m─[39m[90m─[39m[90m─[39m[90m─[39m[90m─[39m[90m─[39m[90m─[39m[90m─[39m[90m─[39m[90m─[39m[90m─[39m[90m─[39m[90m─[39m[90m─[39m[90m─[39m[90m─[39m[90m─[39m[90m─[39m[90m─[39m[90m─[39m[90m─[39m[90m─[39m[90m─[39m[90m─[39m[90m─[39m[90m─[39m[90m─[39m[90m─[39m[90m─[39m[90m─[39m[90m─[39m[90m─[39m[90m─[39m[90m─[39m[90m─[39m[90m─[39m[90m─[39m[90m┤[39m
Admin UI E2E (4, chrome)	Run Cypress	2024-10-28T23:49:16.2652998Z [90m  │[39m [32m✔[39m  [0midentity_providers_test.spec.ts[0m          [90m01:27[39m       [0m32[0m       [32m31[39m        [90m-[39m        [36m1[39m        [90m-[39m [90m│[39m
Admin UI E2E (4, chrome)	Run Cypress	2024-10-28T23:49:16.2664680Z [90m  ├[39m[90m─[39m[90m─[39m[90m─[39m[90m─[39m[90m─[39m[90m─[39m[90m─[39m[90m─[39m[90m─[39m[90m─[39m[90m─[39m[90m─[39m[90m─[39m[90m─[39m[90m─[39m[90m─[39m[90m─[39m[90m─[39m[90m─[39m[90m─[39m[90m─[39m[90m─[39m[90m─[39m[90m─[39m[90m─[39m[90m─[39m[90m─[39m[90m─[39m[90m─[39m[90m─[39m[90m─[39m[90m─[39m[90m─[39m[90m─[39m[90m─[39m[90m─[39m[90m─[39m[90m─[39m[90m─[39m[90m─[39m[90m─[39m[90m─[39m[90m─[39m[90m─[39m[90m─[39m[90m─[39m[90m─[39m[90m─[39m[90m─[39m[90m─[39m[90m─[39m[90m─[39m[90m─[39m[90m─[39m[90m─[39m[90m─[39m[90m─[39m[90m─[39m[90m─[39m[90m─[39m[90m─[39m[90m─[39m[90m─[39m[90m─[39m[90m─[39m[90m─[39m[90m─[39m[90m─[39m[90m─[39m[90m─[39m[90m─[39m[90m─[39m[90m─[39m[90m─[39m[90m─[39m[90m─[39m[90m─[39m[90m─[39m[90m─[39m[90m─[39m[90m─[39m[90m─[39m[90m─[39m[90m─[39m[90m─[39m[90m─[39m[90m─[39m[90m─[39m[90m─[39m[90m─[39m[90m─[39m[90m─[39m[90m─[39m[90m─[39m[90m─[39m[90m─[39m[90m┤[39m
Admin UI E2E (4, chrome)	Run Cypress	2024-10-28T23:49:16.2672576Z [90m  │[39m [32m✔[39m  [0muser_fed_test.spec.ts[0m                    [90m00:03[39m        [0m1[0m        [32m1[39m        [90m-[39m        [90m-[39m        [90m-[39m [90m│[39m
Admin UI E2E (4, chrome)	Run Cypress	2024-10-28T23:49:16.2681678Z [90m  └[39m[90m─[39m[90m─[39m[90m─[39m[90m─[39m[90m─[39m[90m─[39m[90m─[39m[90m─[39m[90m─[39m[90m─[39m[90m─[39m[90m─[39m[90m─[39m[90m─[39m[90m─[39m[90m─[39m[90m─[39m[90m─[39m[90m─[39m[90m─[39m[90m─[39m[90m─[39m[90m─[39m[90m─[39m[90m─[39m[90m─[39m[90m─[39m[90m─[39m[90m─[39m[90m─[39m[90m─[39m[90m─[39m[90m─[39m[90m─[39m[90m─[39m[90m─[39m[90m─[39m[90m─[39m[90m─[39m[90m─[39m[90m─[39m[90m─[39m[90m─[39m[90m─[39m[90m─[39m[90m─[39m[90m─[39m[90m─[39m[90m─[39m[90m─[39m[90m─[39m[90m─[39m[90m─[39m[90m─[39m[90m─[39m[90m─[39m[90m─[39m[90m─[39m[90m─[39m[90m─[39m[90m─[39m[90m─[39m[90m─[39m[90m─[39m[90m─[39m[90m─[39m[90m─[39m[90m─[39m[90m─[39m[90m─[39m[90m─[39m[90m─[39m[90m─[39m[90m─[39m[90m─[39m[90m─[39m[90m─[39m[90m─[39m[90m─[39m[90m─[39m[90m─[39m[90m─[39m[90m─[39m[90m─[39m[90m─[39m[90m─[39m[90m─[39m[90m─[39m[90m─[39m[90m─[39m[90m─[39m[90m─[39m[90m─[39m[90m─[39m[90m─[39m[90m─[39m[90m┘[39m
Admin UI E2E (4, chrome)	Run Cypress	2024-10-28T23:49:16.2688867Z [90m   [39m [31m✖[39m  [31m1 of 7 failed (14%)[39m                      [90m09:50[39m      [0m155[0m      [32m153[39m        [31m1[39m        [36m1[39m        [90m-[39m [90m [39m
Admin UI E2E (4, chrome)	Run Cypress	2024-10-28T23:49:16.2689943Z 
Admin UI E2E (4, chrome)	Run Cypress	2024-10-28T23:49:16.3998578Z ##[error]Cypress tests: 1 failed
Status Check - Keycloak JavaScript CI	Run /./.github/actions/status-check	2024-10-28T23:49:30.7058413Z Prepare all required actions
Status Check - Keycloak JavaScript CI	Run /./.github/actions/status-check	2024-10-28T23:49:30.7153707Z ##[group]Run ./.github/actions/status-check
Status Check - Keycloak JavaScript CI	Run /./.github/actions/status-check	2024-10-28T23:49:30.7154185Z with:
Status Check - Keycloak JavaScript CI	Run /./.github/actions/status-check	2024-10-28T23:49:30.7155957Z   jobs: {
Status Check - Keycloak JavaScript CI	Run /./.github/actions/status-check	  "conditional": {
Status Check - Keycloak JavaScript CI	Run /./.github/actions/status-check	    "result": "success",
Status Check - Keycloak JavaScript CI	Run /./.github/actions/status-check	    "outputs": {
Status Check - Keycloak JavaScript CI	Run /./.github/actions/status-check	      "js-ci": "true"
Status Check - Keycloak JavaScript CI	Run /./.github/actions/status-check	    }
Status Check - Keycloak JavaScript CI	Run /./.github/actions/status-check	  },
Status Check - Keycloak JavaScript CI	Run /./.github/actions/status-check	  "build-keycloak": {
Status Check - Keycloak JavaScript CI	Run /./.github/actions/status-check	    "result": "success",
Status Check - Keycloak JavaScript CI	Run /./.github/actions/status-check	    "outputs": {}
Status Check - Keycloak JavaScript CI	Run /./.github/actions/status-check	  },
Status Check - Keycloak JavaScript CI	Run /./.github/actions/status-check	  "admin-client": {
Status Check - Keycloak JavaScript CI	Run /./.github/actions/status-check	    "result": "success",
Status Check - Keycloak JavaScript CI	Run /./.github/actions/status-check	    "outputs": {}
Status Check - Keycloak JavaScript CI	Run /./.github/actions/status-check	  },
Status Check - Keycloak JavaScript CI	Run /./.github/actions/status-check	  "ui-shared": {
Status Check - Keycloak JavaScript CI	Run /./.github/actions/status-check	    "result": "success",
Status Check - Keycloak JavaScript CI	Run /./.github/actions/status-check	    "outputs": {}
Status Check - Keycloak JavaScript CI	Run /./.github/actions/status-check	  },
Status Check - Keycloak JavaScript CI	Run /./.github/actions/status-check	  "account-ui": {
Status Check - Keycloak JavaScript CI	Run /./.github/actions/status-check	    "result": "success",
Status Check - Keycloak JavaScript CI	Run /./.github/actions/status-check	    "outputs": {}
Status Check - Keycloak JavaScript CI	Run /./.github/actions/status-check	  },
Status Check - Keycloak JavaScript CI	Run /./.github/actions/status-check	  "account-ui-e2e": {
Status Check - Keycloak JavaScript CI	Run /./.github/actions/status-check	    "result": "success",
Status Check - Keycloak JavaScript CI	Run /./.github/actions/status-check	    "outputs": {}
Status Check - Keycloak JavaScript CI	Run /./.github/actions/status-check	  },
Status Check - Keycloak JavaScript CI	Run /./.github/actions/status-check	  "admin-ui": {
Status Check - Keycloak JavaScript CI	Run /./.github/actions/status-check	    "result": "success",
Status Check - Keycloak JavaScript CI	Run /./.github/actions/status-check	    "outputs": {}
Status Check - Keycloak JavaScript CI	Run /./.github/actions/status-check	  },
Status Check - Keycloak JavaScript CI	Run /./.github/actions/status-check	  "admin-ui-e2e": {
Status Check - Keycloak JavaScript CI	Run /./.github/actions/status-check	    "result": "failure",
Status Check - Keycloak JavaScript CI	Run /./.github/actions/status-check	    "outputs": {}
Status Check - Keycloak JavaScript CI	Run /./.github/actions/status-check	  }
Status Check - Keycloak JavaScript CI	Run /./.github/actions/status-check	}
Status Check - Keycloak JavaScript CI	Run /./.github/actions/status-check	2024-10-28T23:49:30.7157698Z env:
Status Check - Keycloak JavaScript CI	Run /./.github/actions/status-check	2024-10-28T23:49:30.7158159Z   MAVEN_ARGS: -B -nsu -Daether.connector.http.connectionMaxTtl=25
Status Check - Keycloak JavaScript CI	Run /./.github/actions/status-check	2024-10-28T23:49:30.7158724Z ##[endgroup]
Status Check - Keycloak JavaScript CI	Run /./.github/actions/status-check	2024-10-28T23:49:30.7415590Z ##[group]Run JOBS='{
Status Check - Keycloak JavaScript CI	Run /./.github/actions/status-check	2024-10-28T23:49:30.7416078Z [36;1mJOBS='{[0m
Status Check - Keycloak JavaScript CI	Run /./.github/actions/status-check	2024-10-28T23:49:30.7416686Z [36;1m  "conditional": {[0m
Status Check - Keycloak JavaScript CI	Run /./.github/actions/status-check	2024-10-28T23:49:30.7417063Z [36;1m    "result": "success",[0m
Status Check - Keycloak JavaScript CI	Run /./.github/actions/status-check	2024-10-28T23:49:30.7417493Z [36;1m    "outputs": {[0m
Status Check - Keycloak JavaScript CI	Run /./.github/actions/status-check	2024-10-28T23:49:30.7417942Z [36;1m      "js-ci": "true"[0m
Status Check - Keycloak JavaScript CI	Run /./.github/actions/status-check	2024-10-28T23:49:30.7418285Z [36;1m    }[0m
Status Check - Keycloak JavaScript CI	Run /./.github/actions/status-check	2024-10-28T23:49:30.7418617Z [36;1m  },[0m
Status Check - Keycloak JavaScript CI	Run /./.github/actions/status-check	2024-10-28T23:49:30.7419026Z [36;1m  "build-keycloak": {[0m
Status Check - Keycloak JavaScript CI	Run /./.github/actions/status-check	2024-10-28T23:49:30.7419384Z [36;1m    "result": "success",[0m
Status Check - Keycloak JavaScript CI	Run /./.github/actions/status-check	2024-10-28T23:49:30.7419795Z [36;1m    "outputs": {}[0m
Status Check - Keycloak JavaScript CI	Run /./.github/actions/status-check	2024-10-28T23:49:30.7420263Z [36;1m  },[0m
Status Check - Keycloak JavaScript CI	Run /./.github/actions/status-check	2024-10-28T23:49:30.7420553Z [36;1m  "admin-client": {[0m
Status Check - Keycloak JavaScript CI	Run /./.github/actions/status-check	2024-10-28T23:49:30.7420947Z [36;1m    "result": "success",[0m
Status Check - Keycloak JavaScript CI	Run /./.github/actions/status-check	2024-10-28T23:49:30.7421403Z [36;1m    "outputs": {}[0m
Status Check - Keycloak JavaScript CI	Run /./.github/actions/status-check	2024-10-28T23:49:30.7421729Z [36;1m  },[0m
Status Check - Keycloak JavaScript CI	Run /./.github/actions/status-check	2024-10-28T23:49:30.7422063Z [36;1m  "ui-shared": {[0m
Status Check - Keycloak JavaScript CI	Run /./.github/actions/status-check	2024-10-28T23:49:30.7422492Z [36;1m    "result": "success",[0m
Status Check - Keycloak JavaScript CI	Run /./.github/actions/status-check	2024-10-28T23:49:30.7422845Z [36;1m    "outputs": {}[0m
Status Check - Keycloak JavaScript CI	Run /./.github/actions/status-check	2024-10-28T23:49:30.7423211Z [36;1m  },[0m
Status Check - Keycloak JavaScript CI	Run /./.github/actions/status-check	2024-10-28T23:49:30.7423591Z [36;1m  "account-ui": {[0m
Status Check - Keycloak JavaScript CI	Run /./.github/actions/status-check	2024-10-28T23:49:30.7423937Z [36;1m    "result": "success",[0m
Status Check - Keycloak JavaScript CI	Run /./.github/actions/status-check	2024-10-28T23:49:30.7424319Z [36;1m    "outputs": {}[0m
Status Check - Keycloak JavaScript CI	Run /./.github/actions/status-check	2024-10-28T23:49:30.7424777Z [36;1m  },[0m
Status Check - Keycloak JavaScript CI	Run /./.github/actions/status-check	2024-10-28T23:49:30.7425082Z [36;1m  "account-ui-e2e": {[0m
Status Check - Keycloak JavaScript CI	Run /./.github/actions/status-check	2024-10-28T23:49:30.7425463Z [36;1m    "result": "success",[0m
Status Check - Keycloak JavaScript CI	Run /./.github/actions/status-check	2024-10-28T23:49:30.7425906Z [36;1m    "outputs": {}[0m
Status Check - Keycloak JavaScript CI	Run /./.github/actions/status-check	2024-10-28T23:49:30.7426233Z [36;1m  },[0m
Status Check - Keycloak JavaScript CI	Run /./.github/actions/status-check	2024-10-28T23:49:30.7426544Z [36;1m  "admin-ui": {[0m
Status Check - Keycloak JavaScript CI	Run /./.github/actions/status-check	2024-10-28T23:49:30.7426970Z [36;1m    "result": "success",[0m
Status Check - Keycloak JavaScript CI	Run /./.github/actions/status-check	2024-10-28T23:49:30.7427336Z [36;1m    "outputs": {}[0m
Status Check - Keycloak JavaScript CI	Run /./.github/actions/status-check	2024-10-28T23:49:30.7427693Z [36;1m  },[0m
Status Check - Keycloak JavaScript CI	Run /./.github/actions/status-check	2024-10-28T23:49:30.7428096Z [36;1m  "admin-ui-e2e": {[0m
Status Check - Keycloak JavaScript CI	Run /./.github/actions/status-check	2024-10-28T23:49:30.7428444Z [36;1m    "result": "failure",[0m
Status Check - Keycloak JavaScript CI	Run /./.github/actions/status-check	2024-10-28T23:49:30.7428837Z [36;1m    "outputs": {}[0m
Status Check - Keycloak JavaScript CI	Run /./.github/actions/status-check	2024-10-28T23:49:30.7429322Z [36;1m  }[0m
Status Check - Keycloak JavaScript CI	Run /./.github/actions/status-check	2024-10-28T23:49:30.7429589Z [36;1m}'[0m
Status Check - Keycloak JavaScript CI	Run /./.github/actions/status-check	2024-10-28T23:49:30.7429888Z [36;1m[0m
Status Check - Keycloak JavaScript CI	Run /./.github/actions/status-check	2024-10-28T23:49:30.7430274Z [36;1mecho "Job status:"[0m
Status Check - Keycloak JavaScript CI	Run /./.github/actions/status-check	2024-10-28T23:49:30.7430779Z [36;1mecho $JOBS | jq -r 'to_entries[] | " - \(.key): \(.value.result)"'[0m
Status Check - Keycloak JavaScript CI	Run /./.github/actions/status-check	2024-10-28T23:49:30.7431320Z [36;1m[0m
Status Check - Keycloak JavaScript CI	Run /./.github/actions/status-check	2024-10-28T23:49:30.7431844Z [36;1mfor i in $(echo $JOBS | jq -r 'to_entries[] | .value.result'); do[0m
Status Check - Keycloak JavaScript CI	Run /./.github/actions/status-check	2024-10-28T23:49:30.7432756Z [36;1m  if [ "$i" != "success" ] && [ "$i" != "skipped" ]; then[0m
Status Check - Keycloak JavaScript CI	Run /./.github/actions/status-check	2024-10-28T23:49:30.7433234Z [36;1m    echo ""[0m
Status Check - Keycloak JavaScript CI	Run /./.github/actions/status-check	2024-10-28T23:49:30.7433799Z [36;1m    echo "Status check not okay!"[0m
Status Check - Keycloak JavaScript CI	Run /./.github/actions/status-check	2024-10-28T23:49:30.7434236Z [36;1m    exit 1[0m
Status Check - Keycloak JavaScript CI	Run /./.github/actions/status-check	2024-10-28T23:49:30.7434530Z [36;1m  fi[0m
Status Check - Keycloak JavaScript CI	Run /./.github/actions/status-check	2024-10-28T23:49:30.7434981Z [36;1mdone[0m
Status Check - Keycloak JavaScript CI	Run /./.github/actions/status-check	2024-10-28T23:49:30.7529674Z shell: /usr/bin/bash --noprofile --norc -e -o pipefail {0}
Status Check - Keycloak JavaScript CI	Run /./.github/actions/status-check	2024-10-28T23:49:30.7530612Z env:
Status Check - Keycloak JavaScript CI	Run /./.github/actions/status-check	2024-10-28T23:49:30.7531100Z   MAVEN_ARGS: -B -nsu -Daether.connector.http.connectionMaxTtl=25
Status Check - Keycloak JavaScript CI	Run /./.github/actions/status-check	2024-10-28T23:49:30.7531605Z ##[endgroup]
Status Check - Keycloak JavaScript CI	Run /./.github/actions/status-check	2024-10-28T23:49:30.7675680Z Job status:
Status Check - Keycloak JavaScript CI	Run /./.github/actions/status-check	2024-10-28T23:49:30.7902167Z  - conditional: success
Status Check - Keycloak JavaScript CI	Run /./.github/actions/status-check	2024-10-28T23:49:30.7902782Z  - build-keycloak: success
Status Check - Keycloak JavaScript CI	Run /./.github/actions/status-check	2024-10-28T23:49:30.7904244Z  - admin-client: success
Status Check - Keycloak JavaScript CI	Run /./.github/actions/status-check	2024-10-28T23:49:30.7905024Z  - ui-shared: success
Status Check - Keycloak JavaScript CI	Run /./.github/actions/status-check	2024-10-28T23:49:30.7905813Z  - account-ui: success
Status Check - Keycloak JavaScript CI	Run /./.github/actions/status-check	2024-10-28T23:49:30.7906695Z  - account-ui-e2e: success
Status Check - Keycloak JavaScript CI	Run /./.github/actions/status-check	2024-10-28T23:49:30.7907163Z  - admin-ui: success
Status Check - Keycloak JavaScript CI	Run /./.github/actions/status-check	2024-10-28T23:49:30.7907632Z  - admin-ui-e2e: failure
Status Check - Keycloak JavaScript CI	Run /./.github/actions/status-check	2024-10-28T23:49:30.8110980Z 
Status Check - Keycloak JavaScript CI	Run /./.github/actions/status-check	2024-10-28T23:49:30.8111310Z Status check not okay!
Status Check - Keycloak JavaScript CI	Run /./.github/actions/status-check	2024-10-28T23:49:30.8127119Z ##[error]Process completed with exit code 1.
