FIPS UT	Run crypto tests	2023-12-12T14:41:27.6027444Z ##[group]Run docker run --rm --workdir /github/workspace -v "/home/runner/work/keycloak/keycloak":"/github/workspace" -v "$HOME/.m2":"/root/.m2" registry.access.redhat.com/ubi8/ubi:latest .github/scripts/run-fips-ut.sh
FIPS UT	Run crypto tests	2023-12-12T14:41:27.6029532Z [36;1mdocker run --rm --workdir /github/workspace -v "/home/runner/work/keycloak/keycloak":"/github/workspace" -v "$HOME/.m2":"/root/.m2" registry.access.redhat.com/ubi8/ubi:latest .github/scripts/run-fips-ut.sh[0m
FIPS UT	Run crypto tests	2023-12-12T14:41:27.6081259Z shell: /usr/bin/bash --noprofile --norc -e -o pipefail {0}
FIPS UT	Run crypto tests	2023-12-12T14:41:27.6081777Z env:
FIPS UT	Run crypto tests	2023-12-12T14:41:27.6082322Z   MAVEN_ARGS: -B -nsu -Daether.connector.http.connectionMaxTtl=25
FIPS UT	Run crypto tests	2023-12-12T14:41:27.6082890Z   SUREFIRE_RERUN_FAILING_COUNT: 2
FIPS UT	Run crypto tests	2023-12-12T14:41:27.6083393Z   SUREFIRE_RETRY: -Dsurefire.rerunFailingTestsCount=2
FIPS UT	Run crypto tests	2023-12-12T14:41:27.6084094Z   JAVA_HOME: /opt/hostedtoolcache/Java_Temurin-Hotspot_jdk/17.0.9-9/x64
FIPS UT	Run crypto tests	2023-12-12T14:41:27.6084812Z   JAVA_HOME_17_X64: /opt/hostedtoolcache/Java_Temurin-Hotspot_jdk/17.0.9-9/x64
FIPS UT	Run crypto tests	2023-12-12T14:41:27.6085550Z ##[endgroup]
FIPS UT	Run crypto tests	2023-12-12T14:41:27.6591190Z Unable to find image 'registry.access.redhat.com/ubi8/ubi:latest' locally
FIPS UT	Run crypto tests	2023-12-12T14:41:28.7579567Z docker: Error response from daemon: received unexpected HTTP status: 502 Bad Gateway.
FIPS UT	Run crypto tests	2023-12-12T14:41:28.7580971Z See 'docker run --help'.
FIPS UT	Run crypto tests	2023-12-12T14:41:28.7607438Z ##[error]Process completed with exit code 125.
Status Check - Keycloak CI	Run /./.github/actions/status-check	2023-12-12T15:37:31.5861523Z Prepare all required actions
Status Check - Keycloak CI	Run /./.github/actions/status-check	2023-12-12T15:37:31.5956651Z ##[group]Run ./.github/actions/status-check
Status Check - Keycloak CI	Run /./.github/actions/status-check	2023-12-12T15:37:31.5957231Z with:
Status Check - Keycloak CI	Run /./.github/actions/status-check	2023-12-12T15:37:31.5961113Z   jobs: {
Status Check - Keycloak CI	Run /./.github/actions/status-check	  "conditional": {
Status Check - Keycloak CI	Run /./.github/actions/status-check	    "result": "success",
Status Check - Keycloak CI	Run /./.github/actions/status-check	    "outputs": {
Status Check - Keycloak CI	Run /./.github/actions/status-check	      "ci": "true",
Status Check - Keycloak CI	Run /./.github/actions/status-check	      "ci-sssd": "false",
Status Check - Keycloak CI	Run /./.github/actions/status-check	      "ci-store": "false"
Status Check - Keycloak CI	Run /./.github/actions/status-check	    }
Status Check - Keycloak CI	Run /./.github/actions/status-check	  },
Status Check - Keycloak CI	Run /./.github/actions/status-check	  "unit-tests": {
Status Check - Keycloak CI	Run /./.github/actions/status-check	    "result": "success",
Status Check - Keycloak CI	Run /./.github/actions/status-check	    "outputs": {}
Status Check - Keycloak CI	Run /./.github/actions/status-check	  },
Status Check - Keycloak CI	Run /./.github/actions/status-check	  "base-integration-tests": {
Status Check - Keycloak CI	Run /./.github/actions/status-check	    "result": "success",
Status Check - Keycloak CI	Run /./.github/actions/status-check	    "outputs": {}
Status Check - Keycloak CI	Run /./.github/actions/status-check	  },
Status Check - Keycloak CI	Run /./.github/actions/status-check	  "quarkus-unit-tests": {
Status Check - Keycloak CI	Run /./.github/actions/status-check	    "result": "success",
Status Check - Keycloak CI	Run /./.github/actions/status-check	    "outputs": {}
Status Check - Keycloak CI	Run /./.github/actions/status-check	  },
Status Check - Keycloak CI	Run /./.github/actions/status-check	  "quarkus-integration-tests": {
Status Check - Keycloak CI	Run /./.github/actions/status-check	    "result": "success",
Status Check - Keycloak CI	Run /./.github/actions/status-check	    "outputs": {}
Status Check - Keycloak CI	Run /./.github/actions/status-check	  },
Status Check - Keycloak CI	Run /./.github/actions/status-check	  "jdk-integration-tests": {
Status Check - Keycloak CI	Run /./.github/actions/status-check	    "result": "success",
Status Check - Keycloak CI	Run /./.github/actions/status-check	    "outputs": {}
Status Check - Keycloak CI	Run /./.github/actions/status-check	  },
Status Check - Keycloak CI	Run /./.github/actions/status-check	  "legacy-store-integration-tests": {
Status Check - Keycloak CI	Run /./.github/actions/status-check	    "result": "skipped",
Status Check - Keycloak CI	Run /./.github/actions/status-check	    "outputs": {}
Status Check - Keycloak CI	Run /./.github/actions/status-check	  },
Status Check - Keycloak CI	Run /./.github/actions/status-check	  "store-model-tests": {
Status Check - Keycloak CI	Run /./.github/actions/status-check	    "result": "skipped",
Status Check - Keycloak CI	Run /./.github/actions/status-check	    "outputs": {}
Status Check - Keycloak CI	Run /./.github/actions/status-check	  },
Status Check - Keycloak CI	Run /./.github/actions/status-check	  "clustering-integration-tests": {
Status Check - Keycloak CI	Run /./.github/actions/status-check	    "result": "success",
Status Check - Keycloak CI	Run /./.github/actions/status-check	    "outputs": {}
Status Check - Keycloak CI	Run /./.github/actions/status-check	  },
Status Check - Keycloak CI	Run /./.github/actions/status-check	  "fips-unit-tests": {
Status Check - Keycloak CI	Run /./.github/actions/status-check	    "result": "failure",
Status Check - Keycloak CI	Run /./.github/actions/status-check	    "outputs": {}
Status Check - Keycloak CI	Run /./.github/actions/status-check	  },
Status Check - Keycloak CI	Run /./.github/actions/status-check	  "fips-integration-tests": {
Status Check - Keycloak CI	Run /./.github/actions/status-check	    "result": "success",
Status Check - Keycloak CI	Run /./.github/actions/status-check	    "outputs": {}
Status Check - Keycloak CI	Run /./.github/actions/status-check	  },
Status Check - Keycloak CI	Run /./.github/actions/status-check	  "account-console-integration-tests": {
Status Check - Keycloak CI	Run /./.github/actions/status-check	    "result": "success",
Status Check - Keycloak CI	Run /./.github/actions/status-check	    "outputs": {}
Status Check - Keycloak CI	Run /./.github/actions/status-check	  },
Status Check - Keycloak CI	Run /./.github/actions/status-check	  "forms-integration-tests": {
Status Check - Keycloak CI	Run /./.github/actions/status-check	    "result": "success",
Status Check - Keycloak CI	Run /./.github/actions/status-check	    "outputs": {}
Status Check - Keycloak CI	Run /./.github/actions/status-check	  },
Status Check - Keycloak CI	Run /./.github/actions/status-check	  "webauthn-integration-tests": {
Status Check - Keycloak CI	Run /./.github/actions/status-check	    "result": "success",
Status Check - Keycloak CI	Run /./.github/actions/status-check	    "outputs": {}
Status Check - Keycloak CI	Run /./.github/actions/status-check	  },
Status Check - Keycloak CI	Run /./.github/actions/status-check	  "sssd-unit-tests": {
Status Check - Keycloak CI	Run /./.github/actions/status-check	    "result": "skipped",
Status Check - Keycloak CI	Run /./.github/actions/status-check	    "outputs": {}
Status Check - Keycloak CI	Run /./.github/actions/status-check	  },
Status Check - Keycloak CI	Run /./.github/actions/status-check	  "migration-tests": {
Status Check - Keycloak CI	Run /./.github/actions/status-check	    "result": "success",
Status Check - Keycloak CI	Run /./.github/actions/status-check	    "outputs": {}
Status Check - Keycloak CI	Run /./.github/actions/status-check	  }
Status Check - Keycloak CI	Run /./.github/actions/status-check	}
Status Check - Keycloak CI	Run /./.github/actions/status-check	2023-12-12T15:37:31.5965554Z env:
Status Check - Keycloak CI	Run /./.github/actions/status-check	2023-12-12T15:37:31.5966031Z   MAVEN_ARGS: -B -nsu -Daether.connector.http.connectionMaxTtl=25
Status Check - Keycloak CI	Run /./.github/actions/status-check	2023-12-12T15:37:31.5966574Z   SUREFIRE_RERUN_FAILING_COUNT: 2
Status Check - Keycloak CI	Run /./.github/actions/status-check	2023-12-12T15:37:31.5967132Z   SUREFIRE_RETRY: -Dsurefire.rerunFailingTestsCount=2
Status Check - Keycloak CI	Run /./.github/actions/status-check	2023-12-12T15:37:31.5967610Z ##[endgroup]
Status Check - Keycloak CI	Run /./.github/actions/status-check	2023-12-12T15:37:31.6227803Z ##[group]Run JOBS='{
Status Check - Keycloak CI	Run /./.github/actions/status-check	2023-12-12T15:37:31.6228381Z [36;1mJOBS='{[0m
Status Check - Keycloak CI	Run /./.github/actions/status-check	2023-12-12T15:37:31.6228960Z [36;1m  "conditional": {[0m
Status Check - Keycloak CI	Run /./.github/actions/status-check	2023-12-12T15:37:31.6229349Z [36;1m    "result": "success",[0m
Status Check - Keycloak CI	Run /./.github/actions/status-check	2023-12-12T15:37:31.6229776Z [36;1m    "outputs": {[0m
Status Check - Keycloak CI	Run /./.github/actions/status-check	2023-12-12T15:37:31.6230231Z [36;1m      "ci": "true",[0m
Status Check - Keycloak CI	Run /./.github/actions/status-check	2023-12-12T15:37:31.6230601Z [36;1m      "ci-sssd": "false",[0m
Status Check - Keycloak CI	Run /./.github/actions/status-check	2023-12-12T15:37:31.6231021Z [36;1m      "ci-store": "false"[0m
Status Check - Keycloak CI	Run /./.github/actions/status-check	2023-12-12T15:37:31.6231495Z [36;1m    }[0m
Status Check - Keycloak CI	Run /./.github/actions/status-check	2023-12-12T15:37:31.6231781Z [36;1m  },[0m
Status Check - Keycloak CI	Run /./.github/actions/status-check	2023-12-12T15:37:31.6232105Z [36;1m  "unit-tests": {[0m
Status Check - Keycloak CI	Run /./.github/actions/status-check	2023-12-12T15:37:31.6232563Z [36;1m    "result": "success",[0m
Status Check - Keycloak CI	Run /./.github/actions/status-check	2023-12-12T15:37:31.6232930Z [36;1m    "outputs": {}[0m
Status Check - Keycloak CI	Run /./.github/actions/status-check	2023-12-12T15:37:31.6233286Z [36;1m  },[0m
Status Check - Keycloak CI	Run /./.github/actions/status-check	2023-12-12T15:37:31.6233780Z [36;1m  "base-integration-tests": {[0m
Status Check - Keycloak CI	Run /./.github/actions/status-check	2023-12-12T15:37:31.6234175Z [36;1m    "result": "success",[0m
Status Check - Keycloak CI	Run /./.github/actions/status-check	2023-12-12T15:37:31.6234567Z [36;1m    "outputs": {}[0m
Status Check - Keycloak CI	Run /./.github/actions/status-check	2023-12-12T15:37:31.6235212Z [36;1m  },[0m
Status Check - Keycloak CI	Run /./.github/actions/status-check	2023-12-12T15:37:31.6235530Z [36;1m  "quarkus-unit-tests": {[0m
Status Check - Keycloak CI	Run /./.github/actions/status-check	2023-12-12T15:37:31.6235959Z [36;1m    "result": "success",[0m
Status Check - Keycloak CI	Run /./.github/actions/status-check	2023-12-12T15:37:31.6236464Z [36;1m    "outputs": {}[0m
Status Check - Keycloak CI	Run /./.github/actions/status-check	2023-12-12T15:37:31.6236787Z [36;1m  },[0m
Status Check - Keycloak CI	Run /./.github/actions/status-check	2023-12-12T15:37:31.6237146Z [36;1m  "quarkus-integration-tests": {[0m
Status Check - Keycloak CI	Run /./.github/actions/status-check	2023-12-12T15:37:31.6237669Z [36;1m    "result": "success",[0m
Status Check - Keycloak CI	Run /./.github/actions/status-check	2023-12-12T15:37:31.6238028Z [36;1m    "outputs": {}[0m
Status Check - Keycloak CI	Run /./.github/actions/status-check	2023-12-12T15:37:31.6238457Z [36;1m  },[0m
Status Check - Keycloak CI	Run /./.github/actions/status-check	2023-12-12T15:37:31.6238855Z [36;1m  "jdk-integration-tests": {[0m
Status Check - Keycloak CI	Run /./.github/actions/status-check	2023-12-12T15:37:31.6239241Z [36;1m    "result": "success",[0m
Status Check - Keycloak CI	Run /./.github/actions/status-check	2023-12-12T15:37:31.6239648Z [36;1m    "outputs": {}[0m
Status Check - Keycloak CI	Run /./.github/actions/status-check	2023-12-12T15:37:31.6240062Z [36;1m  },[0m
Status Check - Keycloak CI	Run /./.github/actions/status-check	2023-12-12T15:37:31.6240406Z [36;1m  "legacy-store-integration-tests": {[0m
Status Check - Keycloak CI	Run /./.github/actions/status-check	2023-12-12T15:37:31.6240888Z [36;1m    "result": "skipped",[0m
Status Check - Keycloak CI	Run /./.github/actions/status-check	2023-12-12T15:37:31.6241355Z [36;1m    "outputs": {}[0m
Status Check - Keycloak CI	Run /./.github/actions/status-check	2023-12-12T15:37:31.6241682Z [36;1m  },[0m
Status Check - Keycloak CI	Run /./.github/actions/status-check	2023-12-12T15:37:31.6242032Z [36;1m  "store-model-tests": {[0m
Status Check - Keycloak CI	Run /./.github/actions/status-check	2023-12-12T15:37:31.6242501Z [36;1m    "result": "skipped",[0m
Status Check - Keycloak CI	Run /./.github/actions/status-check	2023-12-12T15:37:31.6242860Z [36;1m    "outputs": {}[0m
Status Check - Keycloak CI	Run /./.github/actions/status-check	2023-12-12T15:37:31.6243531Z [36;1m  },[0m
Status Check - Keycloak CI	Run /./.github/actions/status-check	2023-12-12T15:37:31.6243989Z [36;1m  "clustering-integration-tests": {[0m
Status Check - Keycloak CI	Run /./.github/actions/status-check	2023-12-12T15:37:31.6244662Z [36;1m    "result": "success",[0m
Status Check - Keycloak CI	Run /./.github/actions/status-check	2023-12-12T15:37:31.6245058Z [36;1m    "outputs": {}[0m
Status Check - Keycloak CI	Run /./.github/actions/status-check	2023-12-12T15:37:31.6245504Z [36;1m  },[0m
Status Check - Keycloak CI	Run /./.github/actions/status-check	2023-12-12T15:37:31.6245801Z [36;1m  "fips-unit-tests": {[0m
Status Check - Keycloak CI	Run /./.github/actions/status-check	2023-12-12T15:37:31.6246199Z [36;1m    "result": "failure",[0m
Status Check - Keycloak CI	Run /./.github/actions/status-check	2023-12-12T15:37:31.6246668Z [36;1m    "outputs": {}[0m
Status Check - Keycloak CI	Run /./.github/actions/status-check	2023-12-12T15:37:31.6246984Z [36;1m  },[0m
Status Check - Keycloak CI	Run /./.github/actions/status-check	2023-12-12T15:37:31.6247327Z [36;1m  "fips-integration-tests": {[0m
Status Check - Keycloak CI	Run /./.github/actions/status-check	2023-12-12T15:37:31.6247839Z [36;1m    "result": "success",[0m
Status Check - Keycloak CI	Run /./.github/actions/status-check	2023-12-12T15:37:31.6248257Z [36;1m    "outputs": {}[0m
Status Check - Keycloak CI	Run /./.github/actions/status-check	2023-12-12T15:37:31.6248609Z [36;1m  },[0m
Status Check - Keycloak CI	Run /./.github/actions/status-check	2023-12-12T15:37:31.6249069Z [36;1m  "account-console-integration-tests": {[0m
Status Check - Keycloak CI	Run /./.github/actions/status-check	2023-12-12T15:37:31.6249508Z [36;1m    "result": "success",[0m
Status Check - Keycloak CI	Run /./.github/actions/status-check	2023-12-12T15:37:31.6249899Z [36;1m    "outputs": {}[0m
Status Check - Keycloak CI	Run /./.github/actions/status-check	2023-12-12T15:37:31.6250329Z [36;1m  },[0m
Status Check - Keycloak CI	Run /./.github/actions/status-check	2023-12-12T15:37:31.6250652Z [36;1m  "forms-integration-tests": {[0m
Status Check - Keycloak CI	Run /./.github/actions/status-check	2023-12-12T15:37:31.6251078Z [36;1m    "result": "success",[0m
Status Check - Keycloak CI	Run /./.github/actions/status-check	2023-12-12T15:37:31.6251627Z [36;1m    "outputs": {}[0m
Status Check - Keycloak CI	Run /./.github/actions/status-check	2023-12-12T15:37:31.6251985Z [36;1m  },[0m
Status Check - Keycloak CI	Run /./.github/actions/status-check	2023-12-12T15:37:31.6252323Z [36;1m  "webauthn-integration-tests": {[0m
Status Check - Keycloak CI	Run /./.github/actions/status-check	2023-12-12T15:37:31.6253014Z [36;1m    "result": "success",[0m
Status Check - Keycloak CI	Run /./.github/actions/status-check	2023-12-12T15:37:31.6253617Z [36;1m    "outputs": {}[0m
Status Check - Keycloak CI	Run /./.github/actions/status-check	2023-12-12T15:37:31.6253960Z [36;1m  },[0m
Status Check - Keycloak CI	Run /./.github/actions/status-check	2023-12-12T15:37:31.6254382Z [36;1m  "sssd-unit-tests": {[0m
Status Check - Keycloak CI	Run /./.github/actions/status-check	2023-12-12T15:37:31.6254776Z [36;1m    "result": "skipped",[0m
Status Check - Keycloak CI	Run /./.github/actions/status-check	2023-12-12T15:37:31.6255142Z [36;1m    "outputs": {}[0m
Status Check - Keycloak CI	Run /./.github/actions/status-check	2023-12-12T15:37:31.6255554Z [36;1m  },[0m
Status Check - Keycloak CI	Run /./.github/actions/status-check	2023-12-12T15:37:31.6255879Z [36;1m  "migration-tests": {[0m
Status Check - Keycloak CI	Run /./.github/actions/status-check	2023-12-12T15:37:31.6256247Z [36;1m    "result": "success",[0m
Status Check - Keycloak CI	Run /./.github/actions/status-check	2023-12-12T15:37:31.6256693Z [36;1m    "outputs": {}[0m
Status Check - Keycloak CI	Run /./.github/actions/status-check	2023-12-12T15:37:31.6257057Z [36;1m  }[0m
Status Check - Keycloak CI	Run /./.github/actions/status-check	2023-12-12T15:37:31.6257326Z [36;1m}'[0m
Status Check - Keycloak CI	Run /./.github/actions/status-check	2023-12-12T15:37:31.6257716Z [36;1m[0m
Status Check - Keycloak CI	Run /./.github/actions/status-check	2023-12-12T15:37:31.6258093Z [36;1mecho "Job status:"[0m
Status Check - Keycloak CI	Run /./.github/actions/status-check	2023-12-12T15:37:31.6258595Z [36;1mecho $JOBS | jq -r 'to_entries[] | " - \(.key): \(.value.result)"'[0m
Status Check - Keycloak CI	Run /./.github/actions/status-check	2023-12-12T15:37:31.6259208Z [36;1m[0m
Status Check - Keycloak CI	Run /./.github/actions/status-check	2023-12-12T15:37:31.6259674Z [36;1mfor i in $(echo $JOBS | jq -r 'to_entries[] | .value.result'); do[0m
Status Check - Keycloak CI	Run /./.github/actions/status-check	2023-12-12T15:37:31.6260371Z [36;1m  if [ "$i" != "success" ] && [ "$i" != "skipped" ]; then[0m
Status Check - Keycloak CI	Run /./.github/actions/status-check	2023-12-12T15:37:31.6260830Z [36;1m    echo ""[0m
Status Check - Keycloak CI	Run /./.github/actions/status-check	2023-12-12T15:37:31.6261226Z [36;1m    echo "Status check not okay!"[0m
Status Check - Keycloak CI	Run /./.github/actions/status-check	2023-12-12T15:37:31.6261712Z [36;1m    exit 1[0m
Status Check - Keycloak CI	Run /./.github/actions/status-check	2023-12-12T15:37:31.6262011Z [36;1m  fi[0m
Status Check - Keycloak CI	Run /./.github/actions/status-check	2023-12-12T15:37:31.6262339Z [36;1mdone[0m
Status Check - Keycloak CI	Run /./.github/actions/status-check	2023-12-12T15:37:31.6323281Z shell: /usr/bin/bash --noprofile --norc -e -o pipefail {0}
Status Check - Keycloak CI	Run /./.github/actions/status-check	2023-12-12T15:37:31.6323860Z env:
Status Check - Keycloak CI	Run /./.github/actions/status-check	2023-12-12T15:37:31.6324471Z   MAVEN_ARGS: -B -nsu -Daether.connector.http.connectionMaxTtl=25
Status Check - Keycloak CI	Run /./.github/actions/status-check	2023-12-12T15:37:31.6325049Z   SUREFIRE_RERUN_FAILING_COUNT: 2
Status Check - Keycloak CI	Run /./.github/actions/status-check	2023-12-12T15:37:31.6325524Z   SUREFIRE_RETRY: -Dsurefire.rerunFailingTestsCount=2
Status Check - Keycloak CI	Run /./.github/actions/status-check	2023-12-12T15:37:31.6326100Z ##[endgroup]
Status Check - Keycloak CI	Run /./.github/actions/status-check	2023-12-12T15:37:31.6469489Z Job status:
Status Check - Keycloak CI	Run /./.github/actions/status-check	2023-12-12T15:37:31.7802051Z  - conditional: success
Status Check - Keycloak CI	Run /./.github/actions/status-check	2023-12-12T15:37:31.7803054Z  - unit-tests: success
Status Check - Keycloak CI	Run /./.github/actions/status-check	2023-12-12T15:37:31.7803576Z  - base-integration-tests: success
Status Check - Keycloak CI	Run /./.github/actions/status-check	2023-12-12T15:37:31.7804175Z  - quarkus-unit-tests: success
Status Check - Keycloak CI	Run /./.github/actions/status-check	2023-12-12T15:37:31.7804853Z  - quarkus-integration-tests: success
Status Check - Keycloak CI	Run /./.github/actions/status-check	2023-12-12T15:37:31.7805419Z  - jdk-integration-tests: success
Status Check - Keycloak CI	Run /./.github/actions/status-check	2023-12-12T15:37:31.7806051Z  - legacy-store-integration-tests: skipped
Status Check - Keycloak CI	Run /./.github/actions/status-check	2023-12-12T15:37:31.7806751Z  - store-model-tests: skipped
Status Check - Keycloak CI	Run /./.github/actions/status-check	2023-12-12T15:37:31.7807283Z  - clustering-integration-tests: success
Status Check - Keycloak CI	Run /./.github/actions/status-check	2023-12-12T15:37:31.7807898Z  - fips-unit-tests: failure
Status Check - Keycloak CI	Run /./.github/actions/status-check	2023-12-12T15:37:31.7808510Z  - fips-integration-tests: success
Status Check - Keycloak CI	Run /./.github/actions/status-check	2023-12-12T15:37:31.7809176Z  - account-console-integration-tests: success
Status Check - Keycloak CI	Run /./.github/actions/status-check	2023-12-12T15:37:31.7810230Z  - forms-integration-tests: success
Status Check - Keycloak CI	Run /./.github/actions/status-check	2023-12-12T15:37:31.7811443Z  - webauthn-integration-tests: success
Status Check - Keycloak CI	Run /./.github/actions/status-check	2023-12-12T15:37:31.7813055Z  - sssd-unit-tests: skipped
Status Check - Keycloak CI	Run /./.github/actions/status-check	2023-12-12T15:37:31.7814103Z  - migration-tests: success
Status Check - Keycloak CI	Run /./.github/actions/status-check	2023-12-12T15:37:31.8018298Z 
Status Check - Keycloak CI	Run /./.github/actions/status-check	2023-12-12T15:37:31.8018662Z Status check not okay!
Status Check - Keycloak CI	Run /./.github/actions/status-check	2023-12-12T15:37:31.8033991Z ##[error]Process completed with exit code 1.
