Test OLM installation	UNKNOWN STEP	ï»¿2025-06-03T09:40:27.5905552Z Current runner version: '2.324.0'
Test OLM installation	UNKNOWN STEP	2025-06-03T09:40:27.5931587Z ##[group]Runner Image Provisioner
Test OLM installation	UNKNOWN STEP	2025-06-03T09:40:27.5932511Z Hosted Compute Agent
Test OLM installation	UNKNOWN STEP	2025-06-03T09:40:27.5933050Z Version: 20250508.323
Test OLM installation	UNKNOWN STEP	2025-06-03T09:40:27.5933641Z Commit: 81b259f29879f73b4213d199e42d8c3465dae986
Test OLM installation	UNKNOWN STEP	2025-06-03T09:40:27.5934369Z Build Date: 2025-05-08T19:40:08Z
Test OLM installation	UNKNOWN STEP	2025-06-03T09:40:27.5934947Z ##[endgroup]
Test OLM installation	UNKNOWN STEP	2025-06-03T09:40:27.5935799Z ##[group]Operating System
Test OLM installation	UNKNOWN STEP	2025-06-03T09:40:27.5936337Z Ubuntu
Test OLM installation	UNKNOWN STEP	2025-06-03T09:40:27.5936900Z 24.04.2
Test OLM installation	UNKNOWN STEP	2025-06-03T09:40:27.5937332Z LTS
Test OLM installation	UNKNOWN STEP	2025-06-03T09:40:27.5937773Z ##[endgroup]
Test OLM installation	UNKNOWN STEP	2025-06-03T09:40:27.5938284Z ##[group]Runner Image
Test OLM installation	UNKNOWN STEP	2025-06-03T09:40:27.5938850Z Image: ubuntu-24.04
Test OLM installation	UNKNOWN STEP	2025-06-03T09:40:27.5939311Z Version: 20250511.1.0
Test OLM installation	UNKNOWN STEP	2025-06-03T09:40:27.5940370Z Included Software: https://github.com/actions/runner-images/blob/ubuntu24/20250511.1/images/ubuntu/Ubuntu2404-Readme.md
Test OLM installation	UNKNOWN STEP	2025-06-03T09:40:27.5941880Z Image Release: https://github.com/actions/runner-images/releases/tag/ubuntu24%2F20250511.1
Test OLM installation	UNKNOWN STEP	2025-06-03T09:40:27.5943043Z ##[endgroup]
Test OLM installation	UNKNOWN STEP	2025-06-03T09:40:27.5944254Z ##[group]GITHUB_TOKEN Permissions
Test OLM installation	UNKNOWN STEP	2025-06-03T09:40:27.5946544Z Contents: read
Test OLM installation	UNKNOWN STEP	2025-06-03T09:40:27.5947068Z Metadata: read
Test OLM installation	UNKNOWN STEP	2025-06-03T09:40:27.5947653Z ##[endgroup]
Test OLM installation	UNKNOWN STEP	2025-06-03T09:40:27.5949699Z Secret source: None
Test OLM installation	UNKNOWN STEP	2025-06-03T09:40:27.5950628Z Prepare workflow directory
Test OLM installation	UNKNOWN STEP	2025-06-03T09:40:27.6370818Z Prepare all required actions
Test OLM installation	UNKNOWN STEP	2025-06-03T09:40:27.6408189Z Getting action download info
Test OLM installation	UNKNOWN STEP	2025-06-03T09:40:28.0600888Z ##[group]Download immutable action package 'actions/checkout@v4'
Test OLM installation	UNKNOWN STEP	2025-06-03T09:40:28.0601968Z Version: 4.2.2
Test OLM installation	UNKNOWN STEP	2025-06-03T09:40:28.0603156Z Digest: sha256:ccb2698953eaebd21c7bf6268a94f9c26518a7e38e27e0b83c1fe1ad049819b1
Test OLM installation	UNKNOWN STEP	2025-06-03T09:40:28.0604445Z Source commit SHA: 11bd71901bbe5b1630ceea73d27597364c9af683
Test OLM installation	UNKNOWN STEP	2025-06-03T09:40:28.0605586Z ##[endgroup]
Test OLM installation	UNKNOWN STEP	2025-06-03T09:40:28.1344637Z Download action repository 'manusa/actions-setup-minikube@v2.13.1' (SHA:5d9440a1b535e8b4f541eaac559681a9022df29d)
Test OLM installation	UNKNOWN STEP	2025-06-03T09:40:28.7041309Z Download action repository 'redhat-actions/openshift-tools-installer@v1' (SHA:144527c7d98999f2652264c048c7a9bd103f8a82)
Test OLM installation	UNKNOWN STEP	2025-06-03T09:40:29.1666583Z ##[group]Download immutable action package 'actions/download-artifact@v4'
Test OLM installation	UNKNOWN STEP	2025-06-03T09:40:29.1667854Z Version: 4.3.0
Test OLM installation	UNKNOWN STEP	2025-06-03T09:40:29.1668928Z Digest: sha256:552a5b9ad918f62ec0c2e8f42f3c694d4ebd1b4036b18c39b14168fcdfc0e4f2
Test OLM installation	UNKNOWN STEP	2025-06-03T09:40:29.1670408Z Source commit SHA: d3f86a106a0bac45b974a628896c90dbdf5c8093
Test OLM installation	UNKNOWN STEP	2025-06-03T09:40:29.1671470Z ##[endgroup]
Test OLM installation	UNKNOWN STEP	2025-06-03T09:40:29.5355340Z Complete job name: Test OLM installation
Test OLM installation	UNKNOWN STEP	2025-06-03T09:40:29.6226942Z ##[group]Run actions/checkout@v4
Test OLM installation	UNKNOWN STEP	2025-06-03T09:40:29.6228472Z with:
Test OLM installation	UNKNOWN STEP	2025-06-03T09:40:29.6229340Z   repository: keycloak/keycloak
Test OLM installation	UNKNOWN STEP	2025-06-03T09:40:29.6230644Z   token: ***
Test OLM installation	UNKNOWN STEP	2025-06-03T09:40:29.6231563Z   ssh-strict: true
Test OLM installation	UNKNOWN STEP	2025-06-03T09:40:29.6232389Z   ssh-user: git
Test OLM installation	UNKNOWN STEP	2025-06-03T09:40:29.6233307Z   persist-credentials: true
Test OLM installation	UNKNOWN STEP	2025-06-03T09:40:29.6234329Z   clean: true
Test OLM installation	UNKNOWN STEP	2025-06-03T09:40:29.6235338Z   sparse-checkout-cone-mode: true
Test OLM installation	UNKNOWN STEP	2025-06-03T09:40:29.6236396Z   fetch-depth: 1
Test OLM installation	UNKNOWN STEP	2025-06-03T09:40:29.6237308Z   fetch-tags: false
Test OLM installation	UNKNOWN STEP	2025-06-03T09:40:29.6238193Z   show-progress: true
Test OLM installation	UNKNOWN STEP	2025-06-03T09:40:29.6239114Z   lfs: false
Test OLM installation	UNKNOWN STEP	2025-06-03T09:40:29.6239962Z   submodules: false
Test OLM installation	UNKNOWN STEP	2025-06-03T09:40:29.6240833Z   set-safe-directory: true
Test OLM installation	UNKNOWN STEP	2025-06-03T09:40:29.6242113Z env:
Test OLM installation	UNKNOWN STEP	2025-06-03T09:40:29.6243369Z   MAVEN_ARGS: -B -nsu -Daether.connector.http.connectionMaxTtl=25
Test OLM installation	UNKNOWN STEP	2025-06-03T09:40:29.6244857Z   MINIKUBE_VERSION: v1.32.0
Test OLM installation	UNKNOWN STEP	2025-06-03T09:40:29.6246099Z   KUBERNETES_VERSION: v1.27.10
Test OLM installation	UNKNOWN STEP	2025-06-03T09:40:29.6247301Z   MINIKUBE_MEMORY: 4096
Test OLM installation	UNKNOWN STEP	2025-06-03T09:40:29.6248165Z ##[endgroup]
Test OLM installation	UNKNOWN STEP	2025-06-03T09:40:29.7357459Z Syncing repository: keycloak/keycloak
Test OLM installation	UNKNOWN STEP	2025-06-03T09:40:29.7361584Z ##[group]Getting Git version info
Test OLM installation	UNKNOWN STEP	2025-06-03T09:40:29.7363775Z Working directory is '/home/runner/work/keycloak/keycloak'
Test OLM installation	UNKNOWN STEP	2025-06-03T09:40:29.7366294Z [command]/usr/bin/git version
Test OLM installation	UNKNOWN STEP	2025-06-03T09:40:29.7388240Z git version 2.49.0
Test OLM installation	UNKNOWN STEP	2025-06-03T09:40:29.7414713Z ##[endgroup]
Test OLM installation	UNKNOWN STEP	2025-06-03T09:40:29.7429572Z Temporarily overriding HOME='/home/runner/work/_temp/7c287bcc-c940-4708-afcc-144a587f31be' before making global git config changes
Test OLM installation	UNKNOWN STEP	2025-06-03T09:40:29.7433195Z Adding repository directory to the temporary git global config as a safe directory
Test OLM installation	UNKNOWN STEP	2025-06-03T09:40:29.7435680Z [command]/usr/bin/git config --global --add safe.directory /home/runner/work/keycloak/keycloak
Test OLM installation	UNKNOWN STEP	2025-06-03T09:40:29.7470656Z Deleting the contents of '/home/runner/work/keycloak/keycloak'
Test OLM installation	UNKNOWN STEP	2025-06-03T09:40:29.7475082Z ##[group]Initializing the repository
Test OLM installation	UNKNOWN STEP	2025-06-03T09:40:29.7480498Z [command]/usr/bin/git init /home/runner/work/keycloak/keycloak
Test OLM installation	UNKNOWN STEP	2025-06-03T09:40:29.7546331Z hint: Using 'master' as the name for the initial branch. This default branch name
Test OLM installation	UNKNOWN STEP	2025-06-03T09:40:29.7549563Z hint: is subject to change. To configure the initial branch name to use in all
Test OLM installation	UNKNOWN STEP	2025-06-03T09:40:29.7552675Z hint: of your new repositories, which will suppress this warning, call:
Test OLM installation	UNKNOWN STEP	2025-06-03T09:40:29.7554271Z hint:
Test OLM installation	UNKNOWN STEP	2025-06-03T09:40:29.7556090Z hint: 	git config --global init.defaultBranch <name>
Test OLM installation	UNKNOWN STEP	2025-06-03T09:40:29.7557415Z hint:
Test OLM installation	UNKNOWN STEP	2025-06-03T09:40:29.7558780Z hint: Names commonly chosen instead of 'master' are 'main', 'trunk' and
Test OLM installation	UNKNOWN STEP	2025-06-03T09:40:29.7561144Z hint: 'development'. The just-created branch can be renamed via this command:
Test OLM installation	UNKNOWN STEP	2025-06-03T09:40:29.7562716Z hint:
Test OLM installation	UNKNOWN STEP	2025-06-03T09:40:29.7563521Z hint: 	git branch -m <name>
Test OLM installation	UNKNOWN STEP	2025-06-03T09:40:29.7564958Z Initialized empty Git repository in /home/runner/work/keycloak/keycloak/.git/
Test OLM installation	UNKNOWN STEP	2025-06-03T09:40:29.7568474Z [command]/usr/bin/git remote add origin https://github.com/keycloak/keycloak
Test OLM installation	UNKNOWN STEP	2025-06-03T09:40:29.7595403Z ##[endgroup]
Test OLM installation	UNKNOWN STEP	2025-06-03T09:40:29.7596900Z ##[group]Disabling automatic garbage collection
Test OLM installation	UNKNOWN STEP	2025-06-03T09:40:29.7598750Z [command]/usr/bin/git config --local gc.auto 0
Test OLM installation	UNKNOWN STEP	2025-06-03T09:40:29.7627942Z ##[endgroup]
Test OLM installation	UNKNOWN STEP	2025-06-03T09:40:29.7629396Z ##[group]Setting up auth
Test OLM installation	UNKNOWN STEP	2025-06-03T09:40:29.7634106Z [command]/usr/bin/git config --local --name-only --get-regexp core\.sshCommand
Test OLM installation	UNKNOWN STEP	2025-06-03T09:40:29.7664807Z [command]/usr/bin/git submodule foreach --recursive sh -c "git config --local --name-only --get-regexp 'core\.sshCommand' && git config --local --unset-all 'core.sshCommand' || :"
Test OLM installation	UNKNOWN STEP	2025-06-03T09:40:29.7938336Z [command]/usr/bin/git config --local --name-only --get-regexp http\.https\:\/\/github\.com\/\.extraheader
Test OLM installation	UNKNOWN STEP	2025-06-03T09:40:29.7968244Z [command]/usr/bin/git submodule foreach --recursive sh -c "git config --local --name-only --get-regexp 'http\.https\:\/\/github\.com\/\.extraheader' && git config --local --unset-all 'http.https://github.com/.extraheader' || :"
Test OLM installation	UNKNOWN STEP	2025-06-03T09:40:29.8199077Z [command]/usr/bin/git config --local http.https://github.com/.extraheader AUTHORIZATION: basic ***
Test OLM installation	UNKNOWN STEP	2025-06-03T09:40:29.8243334Z ##[endgroup]
Test OLM installation	UNKNOWN STEP	2025-06-03T09:40:29.8244951Z ##[group]Fetching the repository
Test OLM installation	UNKNOWN STEP	2025-06-03T09:40:29.8254508Z [command]/usr/bin/git -c protocol.version=2 fetch --no-tags --prune --no-recurse-submodules --depth=1 origin +e7a3897b57ba8614a1fd6d840dd9cd7424239137:refs/remotes/pull/40181/merge
Test OLM installation	UNKNOWN STEP	2025-06-03T09:40:31.3906496Z From https://github.com/keycloak/keycloak
Test OLM installation	UNKNOWN STEP	2025-06-03T09:40:31.3907519Z  * [new ref]         e7a3897b57ba8614a1fd6d840dd9cd7424239137 -> pull/40181/merge
Test OLM installation	UNKNOWN STEP	2025-06-03T09:40:31.3977364Z ##[endgroup]
Test OLM installation	UNKNOWN STEP	2025-06-03T09:40:31.3979138Z ##[group]Determining the checkout info
Test OLM installation	UNKNOWN STEP	2025-06-03T09:40:31.3980146Z ##[endgroup]
Test OLM installation	UNKNOWN STEP	2025-06-03T09:40:31.3983769Z [command]/usr/bin/git sparse-checkout disable
Test OLM installation	UNKNOWN STEP	2025-06-03T09:40:31.4034349Z [command]/usr/bin/git config --local --unset-all extensions.worktreeConfig
Test OLM installation	UNKNOWN STEP	2025-06-03T09:40:31.4058440Z ##[group]Checking out the ref
Test OLM installation	UNKNOWN STEP	2025-06-03T09:40:31.4064158Z [command]/usr/bin/git checkout --progress --force refs/remotes/pull/40181/merge
Test OLM installation	UNKNOWN STEP	2025-06-03T09:40:32.2076617Z Note: switching to 'refs/remotes/pull/40181/merge'.
Test OLM installation	UNKNOWN STEP	2025-06-03T09:40:32.2077300Z 
Test OLM installation	UNKNOWN STEP	2025-06-03T09:40:32.2077659Z You are in 'detached HEAD' state. You can look around, make experimental
Test OLM installation	UNKNOWN STEP	2025-06-03T09:40:32.2078433Z changes and commit them, and you can discard any commits you make in this
Test OLM installation	UNKNOWN STEP	2025-06-03T09:40:32.2079202Z state without impacting any branches by switching back to a branch.
Test OLM installation	UNKNOWN STEP	2025-06-03T09:40:32.2080313Z 
Test OLM installation	UNKNOWN STEP	2025-06-03T09:40:32.2080693Z If you want to create a new branch to retain commits you create, you may
Test OLM installation	UNKNOWN STEP	2025-06-03T09:40:32.2081531Z do so (now or later) by using -c with the switch command. Example:
Test OLM installation	UNKNOWN STEP	2025-06-03T09:40:32.2081971Z 
Test OLM installation	UNKNOWN STEP	2025-06-03T09:40:32.2082166Z   git switch -c <new-branch-name>
Test OLM installation	UNKNOWN STEP	2025-06-03T09:40:32.2082481Z 
Test OLM installation	UNKNOWN STEP	2025-06-03T09:40:32.2082624Z Or undo this operation with:
Test OLM installation	UNKNOWN STEP	2025-06-03T09:40:32.2082867Z 
Test OLM installation	UNKNOWN STEP	2025-06-03T09:40:32.2083003Z   git switch -
Test OLM installation	UNKNOWN STEP	2025-06-03T09:40:32.2083294Z 
Test OLM installation	UNKNOWN STEP	2025-06-03T09:40:32.2083653Z Turn off this advice by setting config variable advice.detachedHead to false
Test OLM installation	UNKNOWN STEP	2025-06-03T09:40:32.2084113Z 
Test OLM installation	UNKNOWN STEP	2025-06-03T09:40:32.2084607Z HEAD is now at e7a3897 Merge 8dabf09fdebef9a863b3ab40d410169761a52361 into d656aa747f54845abd976e85cd644d7590432e0f
Test OLM installation	UNKNOWN STEP	2025-06-03T09:40:32.2086556Z ##[endgroup]
Test OLM installation	UNKNOWN STEP	2025-06-03T09:40:32.2087586Z [command]/usr/bin/git log -1 --format=%H
Test OLM installation	UNKNOWN STEP	2025-06-03T09:40:32.2107976Z e7a3897b57ba8614a1fd6d840dd9cd7424239137
Test OLM installation	UNKNOWN STEP	2025-06-03T09:40:32.2329515Z Prepare all required actions
Test OLM installation	UNKNOWN STEP	2025-06-03T09:40:32.2329987Z Getting action download info
Test OLM installation	UNKNOWN STEP	2025-06-03T09:40:32.4020684Z ##[group]Download immutable action package 'actions/setup-java@v4'
Test OLM installation	UNKNOWN STEP	2025-06-03T09:40:32.4021290Z Version: 4.7.1
Test OLM installation	UNKNOWN STEP	2025-06-03T09:40:32.4021756Z Digest: sha256:23223d64943473efb4336f60463c0429cd4f422cd5fc6c48a5cf0d5907c1aeac
Test OLM installation	UNKNOWN STEP	2025-06-03T09:40:32.4022347Z Source commit SHA: c5195efecf7bdfc987ee8bae7a71cb8b11521c00
Test OLM installation	UNKNOWN STEP	2025-06-03T09:40:32.4022872Z ##[endgroup]
Test OLM installation	UNKNOWN STEP	2025-06-03T09:40:33.2991151Z ##[group]Run ./.github/actions/java-setup
Test OLM installation	UNKNOWN STEP	2025-06-03T09:40:33.2991423Z with:
Test OLM installation	UNKNOWN STEP	2025-06-03T09:40:33.2991591Z   distribution: temurin
Test OLM installation	UNKNOWN STEP	2025-06-03T09:40:33.2991792Z   java-version: 21
Test OLM installation	UNKNOWN STEP	2025-06-03T09:40:33.2991966Z env:
Test OLM installation	UNKNOWN STEP	2025-06-03T09:40:33.2992228Z   MAVEN_ARGS: -B -nsu -Daether.connector.http.connectionMaxTtl=25
Test OLM installation	UNKNOWN STEP	2025-06-03T09:40:33.2992555Z   MINIKUBE_VERSION: v1.32.0
Test OLM installation	UNKNOWN STEP	2025-06-03T09:40:33.2992776Z   KUBERNETES_VERSION: v1.27.10
Test OLM installation	UNKNOWN STEP	2025-06-03T09:40:33.2992987Z   MINIKUBE_MEMORY: 4096
Test OLM installation	UNKNOWN STEP	2025-06-03T09:40:33.2993221Z ##[endgroup]
Test OLM installation	UNKNOWN STEP	2025-06-03T09:40:33.3134610Z ##[group]Run actions/setup-java@v4
Test OLM installation	UNKNOWN STEP	2025-06-03T09:40:33.3134848Z with:
Test OLM installation	UNKNOWN STEP	2025-06-03T09:40:33.3135016Z   distribution: temurin
Test OLM installation	UNKNOWN STEP	2025-06-03T09:40:33.3135396Z   java-version: 21
Test OLM installation	UNKNOWN STEP	2025-06-03T09:40:33.3135576Z   java-package: jdk
Test OLM installation	UNKNOWN STEP	2025-06-03T09:40:33.3135758Z   check-latest: false
Test OLM installation	UNKNOWN STEP	2025-06-03T09:40:33.3135943Z   server-id: github
Test OLM installation	UNKNOWN STEP	2025-06-03T09:40:33.3136127Z   server-username: GITHUB_ACTOR
Test OLM installation	UNKNOWN STEP	2025-06-03T09:40:33.3136347Z   server-password: GITHUB_TOKEN
Test OLM installation	UNKNOWN STEP	2025-06-03T09:40:33.3136569Z   overwrite-settings: true
Test OLM installation	UNKNOWN STEP	2025-06-03T09:40:33.3136764Z   job-status: success
Test OLM installation	UNKNOWN STEP	2025-06-03T09:40:33.3137101Z   token: ***
Test OLM installation	UNKNOWN STEP	2025-06-03T09:40:33.3137258Z env:
Test OLM installation	UNKNOWN STEP	2025-06-03T09:40:33.3137514Z   MAVEN_ARGS: -B -nsu -Daether.connector.http.connectionMaxTtl=25
Test OLM installation	UNKNOWN STEP	2025-06-03T09:40:33.3137841Z   MINIKUBE_VERSION: v1.32.0
Test OLM installation	UNKNOWN STEP	2025-06-03T09:40:33.3138053Z   KUBERNETES_VERSION: v1.27.10
Test OLM installation	UNKNOWN STEP	2025-06-03T09:40:33.3138271Z   MINIKUBE_MEMORY: 4096
Test OLM installation	UNKNOWN STEP	2025-06-03T09:40:33.3138448Z ##[endgroup]
Test OLM installation	UNKNOWN STEP	2025-06-03T09:40:33.5091640Z ##[group]Installed distributions
Test OLM installation	UNKNOWN STEP	2025-06-03T09:40:33.5196605Z Resolved Java 21.0.7+6 from tool-cache
Test OLM installation	UNKNOWN STEP	2025-06-03T09:40:33.5197274Z Setting Java 21.0.7+6 as the default
Test OLM installation	UNKNOWN STEP	2025-06-03T09:40:33.5211101Z Creating toolchains.xml for JDK version 21 from temurin
Test OLM installation	UNKNOWN STEP	2025-06-03T09:40:33.5289661Z Writing to /home/runner/.m2/toolchains.xml
Test OLM installation	UNKNOWN STEP	2025-06-03T09:40:33.5290184Z 
Test OLM installation	UNKNOWN STEP	2025-06-03T09:40:33.5290648Z Java configuration:
Test OLM installation	UNKNOWN STEP	2025-06-03T09:40:33.5291097Z   Distribution: temurin
Test OLM installation	UNKNOWN STEP	2025-06-03T09:40:33.5291515Z   Version: 21.0.7+6
Test OLM installation	UNKNOWN STEP	2025-06-03T09:40:33.5292992Z   Path: /opt/hostedtoolcache/Java_Temurin-Hotspot_jdk/21.0.7-6/x64
Test OLM installation	UNKNOWN STEP	2025-06-03T09:40:33.5293541Z 
Test OLM installation	UNKNOWN STEP	2025-06-03T09:40:33.5294004Z ##[endgroup]
Test OLM installation	UNKNOWN STEP	2025-06-03T09:40:33.5311316Z Creating settings.xml with server-id: github
Test OLM installation	UNKNOWN STEP	2025-06-03T09:40:33.5317972Z Writing to /home/runner/.m2/settings.xml
Test OLM installation	UNKNOWN STEP	2025-06-03T09:40:33.5479438Z ##[group]Run manusa/actions-setup-minikube@v2.13.1
Test OLM installation	UNKNOWN STEP	2025-06-03T09:40:33.5479744Z with:
Test OLM installation	UNKNOWN STEP	2025-06-03T09:40:33.5479918Z   minikube version: v1.32.0
Test OLM installation	UNKNOWN STEP	2025-06-03T09:40:33.5480143Z   kubernetes version: v1.27.10
Test OLM installation	UNKNOWN STEP	2025-06-03T09:40:33.5480777Z   github token: ***
Test OLM installation	UNKNOWN STEP	2025-06-03T09:40:33.5480958Z   driver: docker
Test OLM installation	UNKNOWN STEP	2025-06-03T09:40:33.5481142Z   start args: --memory=4096
Test OLM installation	UNKNOWN STEP	2025-06-03T09:40:33.5481334Z env:
Test OLM installation	UNKNOWN STEP	2025-06-03T09:40:33.5481588Z   MAVEN_ARGS: -B -nsu -Daether.connector.http.connectionMaxTtl=25
Test OLM installation	UNKNOWN STEP	2025-06-03T09:40:33.5481925Z   MINIKUBE_VERSION: v1.32.0
Test OLM installation	UNKNOWN STEP	2025-06-03T09:40:33.5482134Z   KUBERNETES_VERSION: v1.27.10
Test OLM installation	UNKNOWN STEP	2025-06-03T09:40:33.5482344Z   MINIKUBE_MEMORY: 4096
Test OLM installation	UNKNOWN STEP	2025-06-03T09:40:33.5482640Z   JAVA_HOME: /opt/hostedtoolcache/Java_Temurin-Hotspot_jdk/21.0.7-6/x64
Test OLM installation	UNKNOWN STEP	2025-06-03T09:40:33.5483093Z   JAVA_HOME_21_X64: /opt/hostedtoolcache/Java_Temurin-Hotspot_jdk/21.0.7-6/x64
Test OLM installation	UNKNOWN STEP	2025-06-03T09:40:33.5483425Z ##[endgroup]
Test OLM installation	UNKNOWN STEP	2025-06-03T09:40:33.6670944Z Loading input variables
Test OLM installation	UNKNOWN STEP	2025-06-03T09:40:33.6673719Z Updating Environment configuration to support Minikube
Test OLM installation	UNKNOWN STEP	2025-06-03T09:40:33.6806709Z 
Test OLM installation	UNKNOWN STEP	2025-06-03T09:40:33.6807142Z WARNING: apt does not have a stable CLI interface. Use with caution in scripts.
Test OLM installation	UNKNOWN STEP	2025-06-03T09:40:33.6807523Z 
Test OLM installation	UNKNOWN STEP	2025-06-03T09:40:33.7440795Z Get:1 file:/etc/apt/apt-mirrors.txt Mirrorlist [144 B]
Test OLM installation	UNKNOWN STEP	2025-06-03T09:40:33.7877670Z Get:6 https://packages.microsoft.com/repos/azure-cli noble InRelease [3564 B]
Test OLM installation	UNKNOWN STEP	2025-06-03T09:40:33.7981273Z Hit:2 http://azure.archive.ubuntu.com/ubuntu noble InRelease
Test OLM installation	UNKNOWN STEP	2025-06-03T09:40:33.7992542Z Get:7 https://packages.microsoft.com/ubuntu/24.04/prod noble InRelease [3600 B]
Test OLM installation	UNKNOWN STEP	2025-06-03T09:40:33.8007408Z Get:3 http://azure.archive.ubuntu.com/ubuntu noble-updates InRelease [126 kB]
Test OLM installation	UNKNOWN STEP	2025-06-03T09:40:33.8106697Z Get:4 http://azure.archive.ubuntu.com/ubuntu noble-backports InRelease [126 kB]
Test OLM installation	UNKNOWN STEP	2025-06-03T09:40:33.8159094Z Get:5 http://azure.archive.ubuntu.com/ubuntu noble-security InRelease [126 kB]
Test OLM installation	UNKNOWN STEP	2025-06-03T09:40:33.8794120Z Get:8 https://packages.microsoft.com/repos/azure-cli noble/main amd64 Packages [1377 B]
Test OLM installation	UNKNOWN STEP	2025-06-03T09:40:33.9917207Z Get:9 https://packages.microsoft.com/ubuntu/24.04/prod noble/main arm64 Packages [20.7 kB]
Test OLM installation	UNKNOWN STEP	2025-06-03T09:40:33.9994311Z Get:10 https://packages.microsoft.com/ubuntu/24.04/prod noble/main amd64 Packages [33.4 kB]
Test OLM installation	UNKNOWN STEP	2025-06-03T09:40:34.0027540Z Get:11 https://packages.microsoft.com/ubuntu/24.04/prod noble/main armhf Packages [8426 B]
Test OLM installation	UNKNOWN STEP	2025-06-03T09:40:34.0494982Z Get:12 http://azure.archive.ubuntu.com/ubuntu noble-updates/main amd64 Packages [1110 kB]
Test OLM installation	UNKNOWN STEP	2025-06-03T09:40:34.0610964Z Get:13 http://azure.archive.ubuntu.com/ubuntu noble-updates/main Translation-en [235 kB]
Test OLM installation	UNKNOWN STEP	2025-06-03T09:40:34.0649969Z Get:14 http://azure.archive.ubuntu.com/ubuntu noble-updates/main amd64 Components [161 kB]
Test OLM installation	UNKNOWN STEP	2025-06-03T09:40:34.0677643Z Get:15 http://azure.archive.ubuntu.com/ubuntu noble-updates/universe amd64 Packages [1068 kB]
Test OLM installation	UNKNOWN STEP	2025-06-03T09:40:34.0745643Z Get:16 http://azure.archive.ubuntu.com/ubuntu noble-updates/universe Translation-en [271 kB]
Test OLM installation	UNKNOWN STEP	2025-06-03T09:40:34.0776910Z Get:17 http://azure.archive.ubuntu.com/ubuntu noble-updates/universe amd64 Components [376 kB]
Test OLM installation	UNKNOWN STEP	2025-06-03T09:40:34.0816418Z Get:18 http://azure.archive.ubuntu.com/ubuntu noble-updates/restricted amd64 Packages [1174 kB]
Test OLM installation	UNKNOWN STEP	2025-06-03T09:40:34.0907852Z Get:19 http://azure.archive.ubuntu.com/ubuntu noble-updates/restricted Translation-en [243 kB]
Test OLM installation	UNKNOWN STEP	2025-06-03T09:40:34.0938363Z Get:20 http://azure.archive.ubuntu.com/ubuntu noble-updates/restricted amd64 Components [212 B]
Test OLM installation	UNKNOWN STEP	2025-06-03T09:40:34.0950703Z Get:21 http://azure.archive.ubuntu.com/ubuntu noble-updates/multiverse amd64 Components [940 B]
Test OLM installation	UNKNOWN STEP	2025-06-03T09:40:34.1637093Z Get:22 http://azure.archive.ubuntu.com/ubuntu noble-backports/main amd64 Packages [39.2 kB]
Test OLM installation	UNKNOWN STEP	2025-06-03T09:40:34.1656564Z Get:23 http://azure.archive.ubuntu.com/ubuntu noble-backports/main amd64 Components [7076 B]
Test OLM installation	UNKNOWN STEP	2025-06-03T09:40:34.1668530Z Get:24 http://azure.archive.ubuntu.com/ubuntu noble-backports/universe amd64 Packages [27.1 kB]
Test OLM installation	UNKNOWN STEP	2025-06-03T09:40:34.1682195Z Get:25 http://azure.archive.ubuntu.com/ubuntu noble-backports/universe amd64 Components [16.4 kB]
Test OLM installation	UNKNOWN STEP	2025-06-03T09:40:34.1695417Z Get:26 http://azure.archive.ubuntu.com/ubuntu noble-backports/restricted amd64 Components [216 B]
Test OLM installation	UNKNOWN STEP	2025-06-03T09:40:34.1707575Z Get:27 http://azure.archive.ubuntu.com/ubuntu noble-backports/multiverse amd64 Components [212 B]
Test OLM installation	UNKNOWN STEP	2025-06-03T09:40:34.1830367Z Get:28 http://azure.archive.ubuntu.com/ubuntu noble-security/main amd64 Packages [864 kB]
Test OLM installation	UNKNOWN STEP	2025-06-03T09:40:34.1903018Z Get:29 http://azure.archive.ubuntu.com/ubuntu noble-security/main Translation-en [159 kB]
Test OLM installation	UNKNOWN STEP	2025-06-03T09:40:34.1922472Z Get:30 http://azure.archive.ubuntu.com/ubuntu noble-security/main amd64 Components [21.5 kB]
Test OLM installation	UNKNOWN STEP	2025-06-03T09:40:34.1940967Z Get:31 http://azure.archive.ubuntu.com/ubuntu noble-security/universe amd64 Packages [845 kB]
Test OLM installation	UNKNOWN STEP	2025-06-03T09:40:34.1993316Z Get:32 http://azure.archive.ubuntu.com/ubuntu noble-security/universe Translation-en [185 kB]
Test OLM installation	UNKNOWN STEP	2025-06-03T09:40:34.2012393Z Get:33 http://azure.archive.ubuntu.com/ubuntu noble-security/universe amd64 Components [52.3 kB]
Test OLM installation	UNKNOWN STEP	2025-06-03T09:40:34.2027551Z Get:34 http://azure.archive.ubuntu.com/ubuntu noble-security/restricted amd64 Packages [1138 kB]
Test OLM installation	UNKNOWN STEP	2025-06-03T09:40:34.2097667Z Get:35 http://azure.archive.ubuntu.com/ubuntu noble-security/restricted Translation-en [236 kB]
Test OLM installation	UNKNOWN STEP	2025-06-03T09:40:34.2592938Z Get:36 http://azure.archive.ubuntu.com/ubuntu noble-security/restricted amd64 Components [212 B]
Test OLM installation	UNKNOWN STEP	2025-06-03T09:40:34.2604342Z Get:37 http://azure.archive.ubuntu.com/ubuntu noble-security/multiverse amd64 Components [208 B]
Test OLM installation	UNKNOWN STEP	2025-06-03T09:40:39.1308754Z Fetched 8681 kB in 1s (7193 kB/s)
Test OLM installation	UNKNOWN STEP	2025-06-03T09:40:39.8294424Z Reading package lists...
Test OLM installation	UNKNOWN STEP	2025-06-03T09:40:40.0217482Z Building dependency tree...
Test OLM installation	UNKNOWN STEP	2025-06-03T09:40:40.0226669Z Reading state information...
Test OLM installation	UNKNOWN STEP	2025-06-03T09:40:40.0503092Z 50 packages can be upgraded. Run 'apt list --upgradable' to see them.
Test OLM installation	UNKNOWN STEP	2025-06-03T09:40:40.0764900Z Reading package lists...
Test OLM installation	UNKNOWN STEP	2025-06-03T09:40:40.2593653Z Building dependency tree...
Test OLM installation	UNKNOWN STEP	2025-06-03T09:40:40.2601356Z Reading state information...
Test OLM installation	UNKNOWN STEP	2025-06-03T09:40:40.4298029Z The following NEW packages will be installed:
Test OLM installation	UNKNOWN STEP	2025-06-03T09:40:40.4304109Z   conntrack
Test OLM installation	UNKNOWN STEP	2025-06-03T09:40:40.4474970Z 0 upgraded, 1 newly installed, 0 to remove and 50 not upgraded.
Test OLM installation	UNKNOWN STEP	2025-06-03T09:40:40.4475735Z Need to get 37.9 kB of archives.
Test OLM installation	UNKNOWN STEP	2025-06-03T09:40:40.4476278Z After this operation, 119 kB of additional disk space will be used.
Test OLM installation	UNKNOWN STEP	2025-06-03T09:40:40.4476894Z Get:1 file:/etc/apt/apt-mirrors.txt Mirrorlist [144 B]
Test OLM installation	UNKNOWN STEP	2025-06-03T09:41:10.5361286Z Get:2 http://azure.archive.ubuntu.com/ubuntu noble/main amd64 conntrack amd64 1:1.4.8-1ubuntu1 [37.9 kB]
Test OLM installation	UNKNOWN STEP	2025-06-03T09:41:10.7922877Z Fetched 37.9 kB in 30s (1257 B/s)
Test OLM installation	UNKNOWN STEP	2025-06-03T09:41:10.8134688Z Selecting previously unselected package conntrack.
Test OLM installation	UNKNOWN STEP	2025-06-03T09:41:10.8330945Z (Reading database ... 
Test OLM installation	UNKNOWN STEP	2025-06-03T09:41:10.8331501Z (Reading database ... 5%
Test OLM installation	UNKNOWN STEP	2025-06-03T09:41:10.8331891Z (Reading database ... 10%
Test OLM installation	UNKNOWN STEP	2025-06-03T09:41:10.8332425Z (Reading database ... 15%
Test OLM installation	UNKNOWN STEP	2025-06-03T09:41:10.8332960Z (Reading database ... 20%
Test OLM installation	UNKNOWN STEP	2025-06-03T09:41:10.8334823Z (Reading database ... 25%
Test OLM installation	UNKNOWN STEP	2025-06-03T09:41:10.8336157Z (Reading database ... 30%
Test OLM installation	UNKNOWN STEP	2025-06-03T09:41:10.8336590Z (Reading database ... 35%
Test OLM installation	UNKNOWN STEP	2025-06-03T09:41:10.8337005Z (Reading database ... 40%
Test OLM installation	UNKNOWN STEP	2025-06-03T09:41:10.8337407Z (Reading database ... 45%
Test OLM installation	UNKNOWN STEP	2025-06-03T09:41:10.8337847Z (Reading database ... 50%
Test OLM installation	UNKNOWN STEP	2025-06-03T09:41:10.8448346Z (Reading database ... 55%
Test OLM installation	UNKNOWN STEP	2025-06-03T09:41:10.8845003Z (Reading database ... 60%
Test OLM installation	UNKNOWN STEP	2025-06-03T09:41:10.9041587Z (Reading database ... 65%
Test OLM installation	UNKNOWN STEP	2025-06-03T09:41:10.9233885Z (Reading database ... 70%
Test OLM installation	UNKNOWN STEP	2025-06-03T09:41:10.9400609Z (Reading database ... 75%
Test OLM installation	UNKNOWN STEP	2025-06-03T09:41:10.9836949Z (Reading database ... 80%
Test OLM installation	UNKNOWN STEP	2025-06-03T09:41:11.0182629Z (Reading database ... 85%
Test OLM installation	UNKNOWN STEP	2025-06-03T09:41:11.0753080Z (Reading database ... 90%
Test OLM installation	UNKNOWN STEP	2025-06-03T09:41:11.1119065Z (Reading database ... 95%
Test OLM installation	UNKNOWN STEP	2025-06-03T09:41:11.1119637Z (Reading database ... 100%
Test OLM installation	UNKNOWN STEP	2025-06-03T09:41:11.1120377Z (Reading database ... 222694 files and directories currently installed.)
Test OLM installation	UNKNOWN STEP	2025-06-03T09:41:11.1165707Z Preparing to unpack .../conntrack_1%3a1.4.8-1ubuntu1_amd64.deb ...
Test OLM installation	UNKNOWN STEP	2025-06-03T09:41:11.1189829Z Unpacking conntrack (1:1.4.8-1ubuntu1) ...
Test OLM installation	UNKNOWN STEP	2025-06-03T09:41:11.1846096Z Setting up conntrack (1:1.4.8-1ubuntu1) ...
Test OLM installation	UNKNOWN STEP	2025-06-03T09:41:11.1883688Z Processing triggers for man-db (2.12.0-4build2) ...
Test OLM installation	UNKNOWN STEP	2025-06-03T09:41:13.7800419Z 
Test OLM installation	UNKNOWN STEP	2025-06-03T09:41:13.7801036Z Running kernel seems to be up-to-date.
Test OLM installation	UNKNOWN STEP	2025-06-03T09:41:13.7801280Z 
Test OLM installation	UNKNOWN STEP	2025-06-03T09:41:13.7801369Z Restarting services...
Test OLM installation	UNKNOWN STEP	2025-06-03T09:41:13.7868741Z 
Test OLM installation	UNKNOWN STEP	2025-06-03T09:41:13.7869079Z Service restarts being deferred:
Test OLM installation	UNKNOWN STEP	2025-06-03T09:41:13.7871257Z  systemctl restart hosted-compute-agent.service
Test OLM installation	UNKNOWN STEP	2025-06-03T09:41:13.7871548Z 
Test OLM installation	UNKNOWN STEP	2025-06-03T09:41:13.7871806Z No containers need to be restarted.
Test OLM installation	UNKNOWN STEP	2025-06-03T09:41:13.7872091Z 
Test OLM installation	UNKNOWN STEP	2025-06-03T09:41:13.7872216Z No user sessions are running outdated binaries.
Test OLM installation	UNKNOWN STEP	2025-06-03T09:41:13.7872411Z 
Test OLM installation	UNKNOWN STEP	2025-06-03T09:41:13.7872597Z No VM guests are running outdated hypervisor (qemu) binaries on this host.
Test OLM installation	UNKNOWN STEP	2025-06-03T09:41:14.5837589Z fs.protected_regular = 0
Test OLM installation	UNKNOWN STEP	2025-06-03T09:41:14.5848429Z Waiting for Docker to be ready
Test OLM installation	UNKNOWN STEP	2025-06-03T09:41:14.6330779Z 28.0.4 - 28.0.4
Test OLM installation	UNKNOWN STEP	2025-06-03T09:41:14.6346584Z Docker daemon is ready
Test OLM installation	UNKNOWN STEP	2025-06-03T09:41:14.6351437Z Downloading Minikube  v1.32.0
Test OLM installation	UNKNOWN STEP	2025-06-03T09:41:14.9099183Z Downloading from: https://github.com/kubernetes/minikube/releases/download/v1.32.0/minikube-linux-amd64
Test OLM installation	UNKNOWN STEP	2025-06-03T09:41:15.8059312Z Installing Minikube
Test OLM installation	UNKNOWN STEP	2025-06-03T09:41:15.8504975Z * minikube v1.32.0 on Ubuntu 24.04
Test OLM installation	UNKNOWN STEP	2025-06-03T09:41:15.8511887Z   - MINIKUBE_VERSION=v1.32.0
Test OLM installation	UNKNOWN STEP	2025-06-03T09:41:15.8516969Z   - MINIKUBE_MEMORY=4096
Test OLM installation	UNKNOWN STEP	2025-06-03T09:41:15.8524178Z   - MINIKUBE_HOME=/home/runner/work/_temp
Test OLM installation	UNKNOWN STEP	2025-06-03T09:41:15.9084376Z * minikube 1.36.0 is available! Download it: https://github.com/kubernetes/minikube/releases/tag/v1.36.0
Test OLM installation	UNKNOWN STEP	2025-06-03T09:41:15.9089942Z * To disable this notice, run: 'minikube config set WantUpdateNotification false'
Test OLM installation	UNKNOWN STEP	2025-06-03T09:41:15.9090742Z 
Test OLM installation	UNKNOWN STEP	2025-06-03T09:41:18.8506072Z * Using the docker driver based on user configuration
Test OLM installation	UNKNOWN STEP	2025-06-03T09:41:18.9075811Z * Using Docker driver with root privileges
Test OLM installation	UNKNOWN STEP	2025-06-03T09:41:18.9087226Z * Starting control plane node minikube in cluster minikube
Test OLM installation	UNKNOWN STEP	2025-06-03T09:41:18.9096491Z * Pulling base image ...
Test OLM installation	UNKNOWN STEP	2025-06-03T09:41:18.9870464Z * Downloading Kubernetes v1.27.10 preload ...
Test OLM installation	UNKNOWN STEP	2025-06-03T09:41:31.5024407Z * Creating docker container (CPUs=2, Memory=4096MB) ...
Test OLM installation	UNKNOWN STEP	2025-06-03T09:41:43.0412181Z * Preparing Kubernetes v1.27.10 on Docker 24.0.7 ...
Test OLM installation	UNKNOWN STEP	2025-06-03T09:41:45.7937424Z   - Generating certificates and keys ...
Test OLM installation	UNKNOWN STEP	2025-06-03T09:41:47.7150674Z   - Booting up control plane ...
Test OLM installation	UNKNOWN STEP	2025-06-03T09:41:52.7517079Z   - Configuring RBAC rules ...
Test OLM installation	UNKNOWN STEP	2025-06-03T09:41:53.1745853Z * Configuring bridge CNI (Container Networking Interface) ...
Test OLM installation	UNKNOWN STEP	2025-06-03T09:41:53.3408253Z   - Using image gcr.io/k8s-minikube/storage-provisioner:v5
Test OLM installation	UNKNOWN STEP	2025-06-03T09:41:53.3449487Z * Verifying Kubernetes components...
Test OLM installation	UNKNOWN STEP	2025-06-03T09:41:54.1314611Z * Enabled addons: storage-provisioner, default-storageclass
Test OLM installation	UNKNOWN STEP	2025-06-03T09:41:57.7025351Z 
Test OLM installation	UNKNOWN STEP	2025-06-03T09:41:57.7035885Z     > gcr.io/k8s-minikube/kicbase...:  0 B [_______________________] ?% ? p/s ?    > gcr.io/k8s-minikube/kicbase...:  1.62 KiB / 453.90 MiB [>_] 0.00% ? p/s ?    > gcr.io/k8s-minikube/kicbase...:  2.39 MiB / 453.90 MiB [>_] 0.53% ? p/s ?    > gcr.io/k8s-minikube/kicbase...:  34.05 MiB / 453.90 MiB  7.50% 56.76 MiB     > gcr.io/k8s-minikube/kicbase...:  64.00 MiB / 453.90 MiB  14.10% 56.76 MiB    > gcr.io/k8s-minikube/kicbase...:  94.85 MiB / 453.90 MiB  20.90% 56.76 MiB    > gcr.io/k8s-minikube/kicbase...:  127.91 MiB / 453.90 MiB  28.18% 63.19 Mi    > gcr.io/k8s-minikube/kicbase...:  160.67 MiB / 453.90 MiB  35.40% 63.19 Mi    > gcr.io/k8s-minikube/kicbase...:  188.53 MiB / 453.90 MiB  41.54% 63.19 Mi    > gcr.io/k8s-minikube/kicbase...:  221.78 MiB / 453.90 MiB  48.86% 69.21 Mi    > gcr.io/k8s-minikube/kicbase...:  255.42 MiB / 453.90 MiB  56.27% 69.21 Mi    > gcr.io/k8s-minikube/kicbase...:  288.11 MiB / 453.90 MiB  63.47% 69.21 Mi    > gcr.io/k8s-minikube/kicbase...:  321.66 MiB / 453.90 MiB  70.87% 75.48 Mi    > gcr.io/k8s-minikube/kicbase...:  354.97 MiB / 453.90 MiB  78.20% 75.48 Mi    > gcr.io/k8s-minikube/kicbase...:  388.36 MiB / 453.90 MiB  85.56% 75.48 Mi    > gcr.io/k8s-minikube/kicbase...:  421.80 MiB / 453.90 MiB  92.93% 81.38 Mi    > gcr.io/k8s-minikube/kicbase...:  453.90 MiB / 453.90 MiB  100.00% 142.26 ! /usr/bin/kubectl is version 1.33.0, which may have incompatibilities with Kubernetes 1.27.10.
Test OLM installation	UNKNOWN STEP	2025-06-03T09:41:57.7040276Z   - Want kubectl v1.27.10? Try 'minikube kubectl -- get pods -A'
Test OLM installation	UNKNOWN STEP	2025-06-03T09:41:57.7041303Z * Done! kubectl is now configured to use "minikube" cluster and "default" namespace by default
Test OLM installation	UNKNOWN STEP	2025-06-03T09:41:57.7839656Z minikube version: v1.32.0commit: 8220a6eb95f0a4d75f7f2d7b14cef975f050512d installed successfully
Test OLM installation	UNKNOWN STEP	2025-06-03T09:41:57.7973885Z ##[group]Run redhat-actions/openshift-tools-installer@v1
Test OLM installation	UNKNOWN STEP	2025-06-03T09:41:57.7974204Z with:
Test OLM installation	UNKNOWN STEP	2025-06-03T09:41:57.7974369Z   source: github
Test OLM installation	UNKNOWN STEP	2025-06-03T09:41:57.7974538Z   opm: 1.21.0
Test OLM installation	UNKNOWN STEP	2025-06-03T09:41:57.7996158Z   github_pat: ***
Test OLM installation	UNKNOWN STEP	2025-06-03T09:41:57.7996451Z   skip_cache: false
Test OLM installation	UNKNOWN STEP	2025-06-03T09:41:57.7996733Z env:
Test OLM installation	UNKNOWN STEP	2025-06-03T09:41:57.7997132Z   MAVEN_ARGS: -B -nsu -Daether.connector.http.connectionMaxTtl=25
Test OLM installation	UNKNOWN STEP	2025-06-03T09:41:57.7997661Z   MINIKUBE_VERSION: v1.32.0
Test OLM installation	UNKNOWN STEP	2025-06-03T09:41:57.7997981Z   KUBERNETES_VERSION: v1.27.10
Test OLM installation	UNKNOWN STEP	2025-06-03T09:41:57.7998211Z   MINIKUBE_MEMORY: 4096
Test OLM installation	UNKNOWN STEP	2025-06-03T09:41:57.7998506Z   JAVA_HOME: /opt/hostedtoolcache/Java_Temurin-Hotspot_jdk/21.0.7-6/x64
Test OLM installation	UNKNOWN STEP	2025-06-03T09:41:57.7998939Z   JAVA_HOME_21_X64: /opt/hostedtoolcache/Java_Temurin-Hotspot_jdk/21.0.7-6/x64
Test OLM installation	UNKNOWN STEP	2025-06-03T09:41:57.7999279Z   MINIKUBE_HOME: /home/runner/work/_temp
Test OLM installation	UNKNOWN STEP	2025-06-03T09:41:57.7999511Z ##[endgroup]
Test OLM installation	UNKNOWN STEP	2025-06-03T09:41:57.9660421Z Installing opm matching version "1.21.0"
Test OLM installation	UNKNOWN STEP	2025-06-03T09:41:57.9679688Z â¹ï¸ Tools will be installed from "github".
Test OLM installation	UNKNOWN STEP	2025-06-03T09:41:57.9681331Z 
Test OLM installation	UNKNOWN STEP	2025-06-03T09:41:57.9681958Z ð Searching for a version of opm satisfying the range "1.21.0" that was input as "1.21.0"
Test OLM installation	UNKNOWN STEP	2025-06-03T09:41:59.6616703Z Max opm version satisfying 1.21.0 is 1.21.0
Test OLM installation	UNKNOWN STEP	2025-06-03T09:41:59.6617879Z Download path of opm is https://github.com/operator-framework/operator-registry/releases
Test OLM installation	UNKNOWN STEP	2025-06-03T09:41:59.8422448Z Current operating system is linux
Test OLM installation	UNKNOWN STEP	2025-06-03T09:41:59.8425549Z Current architecture is amd64
Test OLM installation	UNKNOWN STEP	2025-06-03T09:41:59.8426325Z Selecting linux-amd64-opm
Test OLM installation	UNKNOWN STEP	2025-06-03T09:41:59.8430594Z Using temporary directory for storage
Test OLM installation	UNKNOWN STEP	2025-06-03T09:41:59.8443216Z ð CLIs will be downloaded to /home/runner/work/_temp/openshift-bin
Test OLM installation	UNKNOWN STEP	2025-06-03T09:41:59.8446630Z Added /home/runner/work/_temp/openshift-bin to PATH
Test OLM installation	UNKNOWN STEP	2025-06-03T09:41:59.8447123Z Checking the cache for opm v1.21.0...
Test OLM installation	UNKNOWN STEP	2025-06-03T09:42:19.8763337Z ##[warning]Failed to check cache for opm v1.21.0: Error: getCacheEntry failed: Request timeout: /tCOJJILWkex8UDNVB9Z9q2wVTEo6XuQmvYC4WF5xSHs8KTS3Kx/_apis/artifactcache/cache?keys=opm_v1.21.0_linux_amd64_github&version=8b32b49210c8cf4c3e3edd31ba24546ebd2f9bbb4a71c43aadd293997aa68499
Test OLM installation	UNKNOWN STEP	2025-06-03T09:42:20.1773962Z â¬ï¸ Downloading 45.03MB https://github.com/operator-framework/operator-registry/releases/download/v1.21.0/linux-amd64-opm ...
Test OLM installation	UNKNOWN STEP	2025-06-03T09:42:20.6596523Z Downloaded linux-amd64-opm in 0.5s
Test OLM installation	UNKNOWN STEP	2025-06-03T09:42:20.6599594Z Download path of opm is https://github.com/operator-framework/operator-registry/releases
Test OLM installation	UNKNOWN STEP	2025-06-03T09:42:20.8616143Z â¬ï¸ Downloading hash file https://github.com/operator-framework/operator-registry/releases/download/v1.21.0/checksums.txt
Test OLM installation	UNKNOWN STEP	2025-06-03T09:42:21.1517979Z sha256 verification of linux-amd64-opm succeeded.
Test OLM installation	UNKNOWN STEP	2025-06-03T09:42:21.1534704Z opm installed into /home/runner/work/_temp/openshift-bin/opm
Test OLM installation	UNKNOWN STEP	2025-06-03T09:42:21.1609858Z [command]/home/runner/work/_temp/openshift-bin/opm version
Test OLM installation	UNKNOWN STEP	2025-06-03T09:42:21.1819453Z Version: version.Version{OpmVersion:"v1.21.0", GitCommit:"9999f796", BuildDate:"2022-03-03T21:23:12Z", GoOs:"linux", GoArch:"amd64"}
Test OLM installation	UNKNOWN STEP	2025-06-03T09:42:21.1837976Z ð¾ Saving opm v1.21.0 into the cache
Test OLM installation	UNKNOWN STEP	2025-06-03T09:42:41.2584020Z ##[warning]Failed to cache opm v1.21.0: Error: reserveCache failed: Request timeout: /tCOJJILWkex8UDNVB9Z9q2wVTEo6XuQmvYC4WF5xSHs8KTS3Kx/_apis/artifactcache/caches
Test OLM installation	UNKNOWN STEP	2025-06-03T09:42:41.2586873Z â Successfully installed opm v1.21.0.
Test OLM installation	UNKNOWN STEP	2025-06-03T09:42:41.2587209Z 
Test OLM installation	UNKNOWN STEP	2025-06-03T09:42:41.2587440Z â Successfully installed 1/1 client:
Test OLM installation	UNKNOWN STEP	2025-06-03T09:42:41.2587878Z   - opm v1.21.0
Test OLM installation	UNKNOWN STEP	2025-06-03T09:42:41.2601141Z Wrote out installed versions to /home/runner/work/_temp/openshift-bin/openshift-clients-installed.json
Test OLM installation	UNKNOWN STEP	2025-06-03T09:44:46.3068184Z ##[group]Run sudo snap install yq
Test OLM installation	UNKNOWN STEP	2025-06-03T09:44:46.3068529Z [36;1msudo snap install yq[0m
Test OLM installation	UNKNOWN STEP	2025-06-03T09:44:46.3235045Z shell: /usr/bin/bash --noprofile --norc -e -o pipefail {0}
Test OLM installation	UNKNOWN STEP	2025-06-03T09:44:46.3235774Z env:
Test OLM installation	UNKNOWN STEP	2025-06-03T09:44:46.3236140Z   MAVEN_ARGS: -B -nsu -Daether.connector.http.connectionMaxTtl=25
Test OLM installation	UNKNOWN STEP	2025-06-03T09:44:46.3236589Z   MINIKUBE_VERSION: v1.32.0
Test OLM installation	UNKNOWN STEP	2025-06-03T09:44:46.3236850Z   KUBERNETES_VERSION: v1.27.10
Test OLM installation	UNKNOWN STEP	2025-06-03T09:44:46.3237104Z   MINIKUBE_MEMORY: 4096
Test OLM installation	UNKNOWN STEP	2025-06-03T09:44:46.3237450Z   JAVA_HOME: /opt/hostedtoolcache/Java_Temurin-Hotspot_jdk/21.0.7-6/x64
Test OLM installation	UNKNOWN STEP	2025-06-03T09:44:46.3237972Z   JAVA_HOME_21_X64: /opt/hostedtoolcache/Java_Temurin-Hotspot_jdk/21.0.7-6/x64
Test OLM installation	UNKNOWN STEP	2025-06-03T09:44:46.3238387Z   MINIKUBE_HOME: /home/runner/work/_temp
Test OLM installation	UNKNOWN STEP	2025-06-03T09:44:46.3238663Z ##[endgroup]
Test OLM installation	UNKNOWN STEP	2025-06-03T09:44:51.5958478Z 2025-06-03T09:44:51Z INFO Waiting for automatic snapd restart...
Test OLM installation	UNKNOWN STEP	2025-06-03T09:45:00.9274636Z yq v4.44.5 from Mike Farah (mikefarah) installed
Test OLM installation	UNKNOWN STEP	2025-06-03T09:45:00.9331230Z ##[group]Run ./scripts/install-olm.sh
Test OLM installation	UNKNOWN STEP	2025-06-03T09:45:00.9331548Z [36;1m./scripts/install-olm.sh[0m
Test OLM installation	UNKNOWN STEP	2025-06-03T09:45:00.9384689Z shell: /usr/bin/bash --noprofile --norc -e -o pipefail {0}
Test OLM installation	UNKNOWN STEP	2025-06-03T09:45:00.9385085Z env:
Test OLM installation	UNKNOWN STEP	2025-06-03T09:45:00.9385567Z   MAVEN_ARGS: -B -nsu -Daether.connector.http.connectionMaxTtl=25
Test OLM installation	UNKNOWN STEP	2025-06-03T09:45:00.9385933Z   MINIKUBE_VERSION: v1.32.0
Test OLM installation	UNKNOWN STEP	2025-06-03T09:45:00.9386179Z   KUBERNETES_VERSION: v1.27.10
Test OLM installation	UNKNOWN STEP	2025-06-03T09:45:00.9386411Z   MINIKUBE_MEMORY: 4096
Test OLM installation	UNKNOWN STEP	2025-06-03T09:45:00.9386738Z   JAVA_HOME: /opt/hostedtoolcache/Java_Temurin-Hotspot_jdk/21.0.7-6/x64
Test OLM installation	UNKNOWN STEP	2025-06-03T09:45:00.9387218Z   JAVA_HOME_21_X64: /opt/hostedtoolcache/Java_Temurin-Hotspot_jdk/21.0.7-6/x64
Test OLM installation	UNKNOWN STEP	2025-06-03T09:45:00.9387614Z   MINIKUBE_HOME: /home/runner/work/_temp
Test OLM installation	UNKNOWN STEP	2025-06-03T09:45:00.9387872Z ##[endgroup]
Test OLM installation	UNKNOWN STEP	2025-06-03T09:45:00.9472821Z + mkdir -p /tmp/olm/
Test OLM installation	UNKNOWN STEP	2025-06-03T09:45:00.9487793Z + curl -f -L https://github.com/operator-framework/operator-lifecycle-manager/releases/download/v0.26.0/install.sh -o /tmp/olm/install.sh
Test OLM installation	UNKNOWN STEP	2025-06-03T09:45:00.9554427Z   % Total    % Received % Xferd  Average Speed   Time    Time     Time  Current
Test OLM installation	UNKNOWN STEP	2025-06-03T09:45:00.9555387Z                                  Dload  Upload   Total   Spent    Left  Speed
Test OLM installation	UNKNOWN STEP	2025-06-03T09:45:00.9555793Z 
Test OLM installation	UNKNOWN STEP	2025-06-03T09:45:01.1561486Z   0     0    0     0    0     0      0      0 --:--:-- --:--:-- --:--:--     0
Test OLM installation	UNKNOWN STEP	2025-06-03T09:45:01.1562033Z   0     0    0     0    0     0      0      0 --:--:-- --:--:-- --:--:--     0
Test OLM installation	UNKNOWN STEP	2025-06-03T09:45:01.3122752Z 
Test OLM installation	UNKNOWN STEP	2025-06-03T09:45:01.3123498Z 100  1886  100  1886    0     0   5282      0 --:--:-- --:--:-- --:--:--  5282
Test OLM installation	UNKNOWN STEP	2025-06-03T09:45:01.3160743Z + chmod +x /tmp/olm/install.sh
Test OLM installation	UNKNOWN STEP	2025-06-03T09:45:01.3173567Z + /tmp/olm/install.sh v0.26.0
Test OLM installation	UNKNOWN STEP	2025-06-03T09:45:02.0343935Z customresourcedefinition.apiextensions.k8s.io/catalogsources.operators.coreos.com created
Test OLM installation	UNKNOWN STEP	2025-06-03T09:45:02.1727697Z customresourcedefinition.apiextensions.k8s.io/clusterserviceversions.operators.coreos.com created
Test OLM installation	UNKNOWN STEP	2025-06-03T09:45:02.1874683Z customresourcedefinition.apiextensions.k8s.io/installplans.operators.coreos.com created
Test OLM installation	UNKNOWN STEP	2025-06-03T09:45:02.1978048Z customresourcedefinition.apiextensions.k8s.io/olmconfigs.operators.coreos.com created
Test OLM installation	UNKNOWN STEP	2025-06-03T09:45:02.2139271Z customresourcedefinition.apiextensions.k8s.io/operatorconditions.operators.coreos.com created
Test OLM installation	UNKNOWN STEP	2025-06-03T09:45:02.2311719Z customresourcedefinition.apiextensions.k8s.io/operatorgroups.operators.coreos.com created
Test OLM installation	UNKNOWN STEP	2025-06-03T09:45:02.2430017Z customresourcedefinition.apiextensions.k8s.io/operators.operators.coreos.com created
Test OLM installation	UNKNOWN STEP	2025-06-03T09:45:02.3533770Z customresourcedefinition.apiextensions.k8s.io/subscriptions.operators.coreos.com created
Test OLM installation	UNKNOWN STEP	2025-06-03T09:45:02.8503954Z customresourcedefinition.apiextensions.k8s.io/catalogsources.operators.coreos.com condition met
Test OLM installation	UNKNOWN STEP	2025-06-03T09:45:03.0108009Z customresourcedefinition.apiextensions.k8s.io/clusterserviceversions.operators.coreos.com condition met
Test OLM installation	UNKNOWN STEP	2025-06-03T09:45:03.1172984Z customresourcedefinition.apiextensions.k8s.io/installplans.operators.coreos.com condition met
Test OLM installation	UNKNOWN STEP	2025-06-03T09:45:03.2220658Z customresourcedefinition.apiextensions.k8s.io/olmconfigs.operators.coreos.com condition met
Test OLM installation	UNKNOWN STEP	2025-06-03T09:45:03.3291342Z customresourcedefinition.apiextensions.k8s.io/operatorconditions.operators.coreos.com condition met
Test OLM installation	UNKNOWN STEP	2025-06-03T09:45:03.4349605Z customresourcedefinition.apiextensions.k8s.io/operatorgroups.operators.coreos.com condition met
Test OLM installation	UNKNOWN STEP	2025-06-03T09:45:03.5398514Z customresourcedefinition.apiextensions.k8s.io/operators.operators.coreos.com condition met
Test OLM installation	UNKNOWN STEP	2025-06-03T09:45:03.6618598Z customresourcedefinition.apiextensions.k8s.io/subscriptions.operators.coreos.com condition met
Test OLM installation	UNKNOWN STEP	2025-06-03T09:45:04.0821350Z namespace/olm created
Test OLM installation	UNKNOWN STEP	2025-06-03T09:45:04.1183661Z namespace/operators created
Test OLM installation	UNKNOWN STEP	2025-06-03T09:45:04.1514054Z serviceaccount/olm-operator-serviceaccount created
Test OLM installation	UNKNOWN STEP	2025-06-03T09:45:04.1646287Z clusterrole.rbac.authorization.k8s.io/system:controller:operator-lifecycle-manager created
Test OLM installation	UNKNOWN STEP	2025-06-03T09:45:04.1721421Z clusterrolebinding.rbac.authorization.k8s.io/olm-operator-binding-olm created
Test OLM installation	UNKNOWN STEP	2025-06-03T09:45:04.1997471Z olmconfig.operators.coreos.com/cluster created
Test OLM installation	UNKNOWN STEP	2025-06-03T09:45:04.2265059Z deployment.apps/olm-operator created
Test OLM installation	UNKNOWN STEP	2025-06-03T09:45:04.2676267Z deployment.apps/catalog-operator created
Test OLM installation	UNKNOWN STEP	2025-06-03T09:45:04.2828781Z clusterrole.rbac.authorization.k8s.io/aggregate-olm-edit created
Test OLM installation	UNKNOWN STEP	2025-06-03T09:45:04.3079227Z clusterrole.rbac.authorization.k8s.io/aggregate-olm-view created
Test OLM installation	UNKNOWN STEP	2025-06-03T09:45:04.3606985Z operatorgroup.operators.coreos.com/global-operators created
Test OLM installation	UNKNOWN STEP	2025-06-03T09:45:04.3690818Z operatorgroup.operators.coreos.com/olm-operators created
Test OLM installation	UNKNOWN STEP	2025-06-03T09:45:04.4187847Z clusterserviceversion.operators.coreos.com/packageserver created
Test OLM installation	UNKNOWN STEP	2025-06-03T09:45:04.4557402Z catalogsource.operators.coreos.com/operatorhubio-catalog created
Test OLM installation	UNKNOWN STEP	2025-06-03T09:45:04.5105597Z Waiting for deployment "olm-operator" rollout to finish: 0 of 1 updated replicas are available...
Test OLM installation	UNKNOWN STEP	2025-06-03T09:45:11.9432038Z deployment "olm-operator" successfully rolled out
Test OLM installation	UNKNOWN STEP	2025-06-03T09:45:12.0099733Z deployment "catalog-operator" successfully rolled out
Test OLM installation	UNKNOWN STEP	2025-06-03T09:45:12.0644377Z Package server phase: Installing
Test OLM installation	UNKNOWN STEP	2025-06-03T09:45:22.1680385Z Package server phase: Succeeded
Test OLM installation	UNKNOWN STEP	2025-06-03T09:45:22.2707521Z deployment "packageserver" successfully rolled out
Test OLM installation	UNKNOWN STEP	2025-06-03T09:45:22.2792858Z ##[group]Run actions/download-artifact@v4
Test OLM installation	UNKNOWN STEP	2025-06-03T09:45:22.2793139Z with:
Test OLM installation	UNKNOWN STEP	2025-06-03T09:45:22.2793314Z   name: keycloak-dist
Test OLM installation	UNKNOWN STEP	2025-06-03T09:45:22.2793515Z   path: quarkus/container
Test OLM installation	UNKNOWN STEP	2025-06-03T09:45:22.2793733Z   merge-multiple: false
Test OLM installation	UNKNOWN STEP	2025-06-03T09:45:22.2793939Z   repository: keycloak/keycloak
Test OLM installation	UNKNOWN STEP	2025-06-03T09:45:22.2794162Z   run-id: 15413776756
Test OLM installation	UNKNOWN STEP	2025-06-03T09:45:22.2794334Z env:
Test OLM installation	UNKNOWN STEP	2025-06-03T09:45:22.2794641Z   MAVEN_ARGS: -B -nsu -Daether.connector.http.connectionMaxTtl=25
Test OLM installation	UNKNOWN STEP	2025-06-03T09:45:22.2795250Z   MINIKUBE_VERSION: v1.32.0
Test OLM installation	UNKNOWN STEP	2025-06-03T09:45:22.2795475Z   KUBERNETES_VERSION: v1.27.10
Test OLM installation	UNKNOWN STEP	2025-06-03T09:45:22.2795694Z   MINIKUBE_MEMORY: 4096
Test OLM installation	UNKNOWN STEP	2025-06-03T09:45:22.2796008Z   JAVA_HOME: /opt/hostedtoolcache/Java_Temurin-Hotspot_jdk/21.0.7-6/x64
Test OLM installation	UNKNOWN STEP	2025-06-03T09:45:22.2796481Z   JAVA_HOME_21_X64: /opt/hostedtoolcache/Java_Temurin-Hotspot_jdk/21.0.7-6/x64
Test OLM installation	UNKNOWN STEP	2025-06-03T09:45:22.2796854Z   MINIKUBE_HOME: /home/runner/work/_temp
Test OLM installation	UNKNOWN STEP	2025-06-03T09:45:22.2797102Z ##[endgroup]
Test OLM installation	UNKNOWN STEP	2025-06-03T09:45:22.5412034Z Downloading single artifact
Test OLM installation	UNKNOWN STEP	2025-06-03T09:45:22.6938823Z Preparing to download the following artifacts:
Test OLM installation	UNKNOWN STEP	2025-06-03T09:45:22.6939978Z - keycloak-dist (ID: 3248497435, Size: 155238945, Expected Digest: sha256:ab7bd94e7381fc4934054b0b173c90a696438bcfbce6b145bf16ca6d567a7592)
Test OLM installation	UNKNOWN STEP	2025-06-03T09:45:22.8043121Z Redirecting to blob download url: https://productionresultssa8.blob.core.windows.net/actions-results/8a6e79e5-9433-4a95-a644-676617dca62c/workflow-job-run-a74a1d5d-c0da-5a56-91ab-5db1e9e3eb85/artifacts/8ec452859fe416bcecd39b267c69bfe76c7634fb13c33b71d912d2a8c0986080.zip
Test OLM installation	UNKNOWN STEP	2025-06-03T09:45:22.8045688Z Starting download of artifact to: /home/runner/work/keycloak/keycloak/quarkus/container
Test OLM installation	UNKNOWN STEP	2025-06-03T09:45:22.9984384Z (node:10387) [DEP0005] DeprecationWarning: Buffer() is deprecated due to security and usability issues. Please use the Buffer.alloc(), Buffer.allocUnsafe(), or Buffer.from() methods instead.
Test OLM installation	UNKNOWN STEP	2025-06-03T09:45:22.9986190Z (Use `node --trace-deprecation ...` to show where the warning was created)
Test OLM installation	UNKNOWN STEP	2025-06-03T09:45:25.7444720Z SHA256 digest of downloaded artifact is ab7bd94e7381fc4934054b0b173c90a696438bcfbce6b145bf16ca6d567a7592
Test OLM installation	UNKNOWN STEP	2025-06-03T09:45:25.7445877Z Artifact download completed successfully.
Test OLM installation	UNKNOWN STEP	2025-06-03T09:45:25.7446351Z Total of 1 artifact(s) downloaded
Test OLM installation	UNKNOWN STEP	2025-06-03T09:45:25.7452580Z Download artifact has finished successfully
Test OLM installation	UNKNOWN STEP	2025-06-03T09:45:25.7589768Z ##[group]Run eval $(minikube -p minikube docker-env)
Test OLM installation	UNKNOWN STEP	2025-06-03T09:45:25.7590422Z [36;1meval $(minikube -p minikube docker-env)[0m
Test OLM installation	UNKNOWN STEP	2025-06-03T09:45:25.7591011Z [36;1m./scripts/olm-testing.sh ${GITHUB_SHA::6}[0m
Test OLM installation	UNKNOWN STEP	2025-06-03T09:45:25.7646837Z shell: /usr/bin/bash --noprofile --norc -e -o pipefail {0}
Test OLM installation	UNKNOWN STEP	2025-06-03T09:45:25.7647175Z env:
Test OLM installation	UNKNOWN STEP	2025-06-03T09:45:25.7647454Z   MAVEN_ARGS: -B -nsu -Daether.connector.http.connectionMaxTtl=25
Test OLM installation	UNKNOWN STEP	2025-06-03T09:45:25.7647785Z   MINIKUBE_VERSION: v1.32.0
Test OLM installation	UNKNOWN STEP	2025-06-03T09:45:25.7648012Z   KUBERNETES_VERSION: v1.27.10
Test OLM installation	UNKNOWN STEP	2025-06-03T09:45:25.7648230Z   MINIKUBE_MEMORY: 4096
Test OLM installation	UNKNOWN STEP	2025-06-03T09:45:25.7648532Z   JAVA_HOME: /opt/hostedtoolcache/Java_Temurin-Hotspot_jdk/21.0.7-6/x64
Test OLM installation	UNKNOWN STEP	2025-06-03T09:45:25.7648968Z   JAVA_HOME_21_X64: /opt/hostedtoolcache/Java_Temurin-Hotspot_jdk/21.0.7-6/x64
Test OLM installation	UNKNOWN STEP	2025-06-03T09:45:25.7649318Z   MINIKUBE_HOME: /home/runner/work/_temp
Test OLM installation	UNKNOWN STEP	2025-06-03T09:45:25.7649552Z ##[endgroup]
Test OLM installation	UNKNOWN STEP	2025-06-03T09:45:26.0571419Z + UUID=e7a389
Test OLM installation	UNKNOWN STEP	2025-06-03T09:45:26.0572126Z + INSTALL_NAMESPACE=default
Test OLM installation	UNKNOWN STEP	2025-06-03T09:45:26.0576410Z + TARGET_NAMESPACES=default
Test OLM installation	UNKNOWN STEP	2025-06-03T09:45:26.0578089Z +++ dirname -- ./scripts/olm-testing.sh
Test OLM installation	UNKNOWN STEP	2025-06-03T09:45:26.0588401Z ++ cd -- ./scripts
Test OLM installation	UNKNOWN STEP	2025-06-03T09:45:26.0588867Z ++ pwd
Test OLM installation	UNKNOWN STEP	2025-06-03T09:45:26.0591559Z + SCRIPT_DIR=/home/runner/work/keycloak/keycloak/operator/scripts
Test OLM installation	UNKNOWN STEP	2025-06-03T09:45:26.0592145Z + VERSION=86400000.0.0
Test OLM installation	UNKNOWN STEP	2025-06-03T09:45:26.0594702Z + cd /home/runner/work/keycloak/keycloak/operator/scripts/../../quarkus/container
Test OLM installation	UNKNOWN STEP	2025-06-03T09:45:26.0598200Z ++ ls keycloak-999.0.0-SNAPSHOT.tar.gz
Test OLM installation	UNKNOWN STEP	2025-06-03T09:45:26.0611578Z + docker build --build-arg KEYCLOAK_DIST=keycloak-999.0.0-SNAPSHOT.tar.gz . -t ttl.sh/e7a389keycloak:86400000.0.0
Test OLM installation	UNKNOWN STEP	2025-06-03T09:45:26.4674524Z #0 building with "default" instance using docker driver
Test OLM installation	UNKNOWN STEP	2025-06-03T09:45:26.4674973Z 
Test OLM installation	UNKNOWN STEP	2025-06-03T09:45:26.4675472Z #1 [internal] load build definition from Dockerfile
Test OLM installation	UNKNOWN STEP	2025-06-03T09:45:26.4676027Z #1 transferring dockerfile: 2.72kB done
Test OLM installation	UNKNOWN STEP	2025-06-03T09:45:26.4676462Z #1 DONE 0.0s
Test OLM installation	UNKNOWN STEP	2025-06-03T09:45:26.4676681Z 
Test OLM installation	UNKNOWN STEP	2025-06-03T09:45:26.4676835Z #2 [internal] load .dockerignore
Test OLM installation	UNKNOWN STEP	2025-06-03T09:45:26.4677269Z #2 transferring context: 2B done
Test OLM installation	UNKNOWN STEP	2025-06-03T09:45:26.4677593Z #2 DONE 0.0s
Test OLM installation	UNKNOWN STEP	2025-06-03T09:45:26.4677714Z 
Test OLM installation	UNKNOWN STEP	2025-06-03T09:45:26.4677925Z #3 [internal] load metadata for registry.access.redhat.com/ubi9:latest
Test OLM installation	UNKNOWN STEP	2025-06-03T09:45:26.8809793Z #3 DONE 0.6s
Test OLM installation	UNKNOWN STEP	2025-06-03T09:45:26.8810067Z 
Test OLM installation	UNKNOWN STEP	2025-06-03T09:45:26.8810460Z #4 [internal] load metadata for registry.access.redhat.com/ubi9-micro:latest
Test OLM installation	UNKNOWN STEP	2025-06-03T09:45:27.1005840Z #4 DONE 0.6s
Test OLM installation	UNKNOWN STEP	2025-06-03T09:45:27.1006095Z 
Test OLM installation	UNKNOWN STEP	2025-06-03T09:45:27.1006266Z #5 [internal] load build context
Test OLM installation	UNKNOWN STEP	2025-06-03T09:45:27.1006652Z #5 DONE 0.0s
Test OLM installation	UNKNOWN STEP	2025-06-03T09:45:27.1006832Z 
Test OLM installation	UNKNOWN STEP	2025-06-03T09:45:27.1007537Z #6 [ubi-micro-build 1/8] FROM registry.access.redhat.com/ubi9@sha256:304b50df1ea4db9706d8a30f4bbf26f582936ebc80c7e075c72ff2af99292a54
Test OLM installation	UNKNOWN STEP	2025-06-03T09:45:27.1008980Z #6 resolve registry.access.redhat.com/ubi9@sha256:304b50df1ea4db9706d8a30f4bbf26f582936ebc80c7e075c72ff2af99292a54 0.2s done
Test OLM installation	UNKNOWN STEP	2025-06-03T09:45:27.1009911Z #6 DONE 0.2s
Test OLM installation	UNKNOWN STEP	2025-06-03T09:45:27.1010090Z 
Test OLM installation	UNKNOWN STEP	2025-06-03T09:45:27.1010728Z #7 [stage-1 1/4] FROM registry.access.redhat.com/ubi9-micro@sha256:955512628a9104d74f7b3b0a91db27a6bbecdd6a1975ce0f1b2658d3cd060b98
Test OLM installation	UNKNOWN STEP	2025-06-03T09:45:27.1012172Z #7 resolve registry.access.redhat.com/ubi9-micro@sha256:955512628a9104d74f7b3b0a91db27a6bbecdd6a1975ce0f1b2658d3cd060b98 0.2s done
Test OLM installation	UNKNOWN STEP	2025-06-03T09:45:27.1013453Z #7 DONE 0.2s
Test OLM installation	UNKNOWN STEP	2025-06-03T09:45:27.2018392Z 
Test OLM installation	UNKNOWN STEP	2025-06-03T09:45:27.2020612Z #6 [ubi-micro-build 1/8] FROM registry.access.redhat.com/ubi9@sha256:304b50df1ea4db9706d8a30f4bbf26f582936ebc80c7e075c72ff2af99292a54
Test OLM installation	UNKNOWN STEP	2025-06-03T09:45:27.2026437Z #6 sha256:304b50df1ea4db9706d8a30f4bbf26f582936ebc80c7e075c72ff2af99292a54 897B / 897B done
Test OLM installation	UNKNOWN STEP	2025-06-03T09:45:27.2027504Z #6 sha256:62fb429dc6b93ab5ade55d1c8e6b08735f00224d3081d58f161eb5f55eeb3d7d 505B / 505B done
Test OLM installation	UNKNOWN STEP	2025-06-03T09:45:27.2028526Z #6 sha256:83c48939c2c8782580d44062545386358defd2d5cc748b9b963bdb8a78046a46 5.06kB / 5.06kB done
Test OLM installation	UNKNOWN STEP	2025-06-03T09:45:27.2036362Z #6 sha256:92efcdccd1058003df257e9cbdf756ff6b10bd276551590536a5a1678e099aaf 0B / 79.59MB 0.1s
Test OLM installation	UNKNOWN STEP	2025-06-03T09:45:27.5400063Z #6 sha256:92efcdccd1058003df257e9cbdf756ff6b10bd276551590536a5a1678e099aaf 5.24MB / 79.59MB 0.4s
Test OLM installation	UNKNOWN STEP	2025-06-03T09:45:27.7528607Z #6 sha256:92efcdccd1058003df257e9cbdf756ff6b10bd276551590536a5a1678e099aaf 13.63MB / 79.59MB 0.6s
Test OLM installation	UNKNOWN STEP	2025-06-03T09:45:27.9999286Z #6 ...
Test OLM installation	UNKNOWN STEP	2025-06-03T09:45:27.9999826Z 
Test OLM installation	UNKNOWN STEP	2025-06-03T09:45:28.0003997Z #7 [stage-1 1/4] FROM registry.access.redhat.com/ubi9-micro@sha256:955512628a9104d74f7b3b0a91db27a6bbecdd6a1975ce0f1b2658d3cd060b98
Test OLM installation	UNKNOWN STEP	2025-06-03T09:45:28.0006610Z #7 sha256:bc049e6e35c145513e3ec226faf3f929337ea2337fa5c9f7e00375aef4b801e8 504B / 504B done
Test OLM installation	UNKNOWN STEP	2025-06-03T09:45:28.0007748Z #7 sha256:352e1e8e3c437ad6bd352f164df8bdf7018df09f730362546276fe3df62ffd8c 4.00kB / 4.00kB done
Test OLM installation	UNKNOWN STEP	2025-06-03T09:45:28.0008899Z #7 sha256:cd2f3f69481dffe63a3071ea43aeeab2a4af254e96b065c35b2d7ce2534e0383 7.27MB / 7.27MB 0.2s done
Test OLM installation	UNKNOWN STEP	2025-06-03T09:45:28.0010047Z #7 sha256:955512628a9104d74f7b3b0a91db27a6bbecdd6a1975ce0f1b2658d3cd060b98 897B / 897B done
Test OLM installation	UNKNOWN STEP	2025-06-03T09:45:28.0011164Z #7 extracting sha256:cd2f3f69481dffe63a3071ea43aeeab2a4af254e96b065c35b2d7ce2534e0383 0.5s done
Test OLM installation	UNKNOWN STEP	2025-06-03T09:45:28.0011993Z #7 DONE 1.0s
Test OLM installation	UNKNOWN STEP	2025-06-03T09:45:28.0012181Z 
Test OLM installation	UNKNOWN STEP	2025-06-03T09:45:28.0012863Z #6 [ubi-micro-build 1/8] FROM registry.access.redhat.com/ubi9@sha256:304b50df1ea4db9706d8a30f4bbf26f582936ebc80c7e075c72ff2af99292a54
Test OLM installation	UNKNOWN STEP	2025-06-03T09:45:28.0014259Z #6 sha256:92efcdccd1058003df257e9cbdf756ff6b10bd276551590536a5a1678e099aaf 20.97MB / 79.59MB 0.9s
Test OLM installation	UNKNOWN STEP	2025-06-03T09:45:28.1525692Z #6 sha256:92efcdccd1058003df257e9cbdf756ff6b10bd276551590536a5a1678e099aaf 25.17MB / 79.59MB 1.0s
Test OLM installation	UNKNOWN STEP	2025-06-03T09:45:28.2991208Z #6 ...
Test OLM installation	UNKNOWN STEP	2025-06-03T09:45:28.2991420Z 
Test OLM installation	UNKNOWN STEP	2025-06-03T09:45:28.2991537Z #5 [internal] load build context
Test OLM installation	UNKNOWN STEP	2025-06-03T09:45:28.2991879Z #5 transferring context: 155.22MB 1.1s done
Test OLM installation	UNKNOWN STEP	2025-06-03T09:45:28.2992176Z #5 DONE 1.1s
Test OLM installation	UNKNOWN STEP	2025-06-03T09:45:28.2992295Z 
Test OLM installation	UNKNOWN STEP	2025-06-03T09:45:28.2992808Z #6 [ubi-micro-build 1/8] FROM registry.access.redhat.com/ubi9@sha256:304b50df1ea4db9706d8a30f4bbf26f582936ebc80c7e075c72ff2af99292a54
Test OLM installation	UNKNOWN STEP	2025-06-03T09:45:28.2993723Z #6 sha256:92efcdccd1058003df257e9cbdf756ff6b10bd276551590536a5a1678e099aaf 30.41MB / 79.59MB 1.2s
Test OLM installation	UNKNOWN STEP	2025-06-03T09:45:28.5993484Z #6 sha256:92efcdccd1058003df257e9cbdf756ff6b10bd276551590536a5a1678e099aaf 34.60MB / 79.59MB 1.5s
Test OLM installation	UNKNOWN STEP	2025-06-03T09:45:28.7986357Z #6 sha256:92efcdccd1058003df257e9cbdf756ff6b10bd276551590536a5a1678e099aaf 42.99MB / 79.59MB 1.7s
Test OLM installation	UNKNOWN STEP	2025-06-03T09:45:28.8987816Z #6 sha256:92efcdccd1058003df257e9cbdf756ff6b10bd276551590536a5a1678e099aaf 48.23MB / 79.59MB 1.8s
Test OLM installation	UNKNOWN STEP	2025-06-03T09:45:29.0989452Z #6 sha256:92efcdccd1058003df257e9cbdf756ff6b10bd276551590536a5a1678e099aaf 53.48MB / 79.59MB 2.0s
Test OLM installation	UNKNOWN STEP	2025-06-03T09:45:29.1990020Z #6 sha256:92efcdccd1058003df257e9cbdf756ff6b10bd276551590536a5a1678e099aaf 57.67MB / 79.59MB 2.1s
Test OLM installation	UNKNOWN STEP	2025-06-03T09:45:29.4015982Z #6 sha256:92efcdccd1058003df257e9cbdf756ff6b10bd276551590536a5a1678e099aaf 75.50MB / 79.59MB 2.3s
Test OLM installation	UNKNOWN STEP	2025-06-03T09:45:29.5340708Z #6 sha256:92efcdccd1058003df257e9cbdf756ff6b10bd276551590536a5a1678e099aaf 79.59MB / 79.59MB 2.4s
Test OLM installation	UNKNOWN STEP	2025-06-03T09:45:29.5342728Z #6 extracting sha256:92efcdccd1058003df257e9cbdf756ff6b10bd276551590536a5a1678e099aaf
Test OLM installation	UNKNOWN STEP	2025-06-03T09:45:29.6550186Z #6 sha256:92efcdccd1058003df257e9cbdf756ff6b10bd276551590536a5a1678e099aaf 79.59MB / 79.59MB 2.4s done
Test OLM installation	UNKNOWN STEP	2025-06-03T09:45:32.6952626Z #6 extracting sha256:92efcdccd1058003df257e9cbdf756ff6b10bd276551590536a5a1678e099aaf 3.2s done
Test OLM installation	UNKNOWN STEP	2025-06-03T09:45:32.8691998Z #6 DONE 5.8s
Test OLM installation	UNKNOWN STEP	2025-06-03T09:45:32.8692254Z 
Test OLM installation	UNKNOWN STEP	2025-06-03T09:45:32.8692505Z #8 [ubi-micro-build 2/8] RUN dnf install -y tar gzip
Test OLM installation	UNKNOWN STEP	2025-06-03T09:45:33.0780817Z #8 0.359 Updating Subscription Management repositories.
Test OLM installation	UNKNOWN STEP	2025-06-03T09:45:33.2319783Z #8 0.359 Unable to read consumer identity
Test OLM installation	UNKNOWN STEP	2025-06-03T09:45:33.2320168Z #8 0.363 
Test OLM installation	UNKNOWN STEP	2025-06-03T09:45:33.2320694Z #8 0.363 This system is not registered with an entitlement server. You can use subscription-manager to register.
Test OLM installation	UNKNOWN STEP	2025-06-03T09:45:33.2321286Z #8 0.363 
Test OLM installation	UNKNOWN STEP	2025-06-03T09:45:33.2492739Z #8 0.530 Red Hat Universal Base Image 9 (RPMs) - BaseOS  4.4 MB/s | 587 kB     00:00    
Test OLM installation	UNKNOWN STEP	2025-06-03T09:45:33.4183489Z #8 0.699 Red Hat Universal Base Image 9 (RPMs) - AppStre  32 MB/s | 2.4 MB     00:00    
Test OLM installation	UNKNOWN STEP	2025-06-03T09:45:33.8599249Z #8 1.141 Red Hat Universal Base Image 9 (RPMs) - CodeRea 4.6 MB/s | 284 kB     00:00    
Test OLM installation	UNKNOWN STEP	2025-06-03T09:45:33.9973836Z #8 1.278 Package tar-2:1.34-7.el9.x86_64 is already installed.
Test OLM installation	UNKNOWN STEP	2025-06-03T09:45:34.1637851Z #8 1.279 Package gzip-1.12-1.el9.x86_64 is already installed.
Test OLM installation	UNKNOWN STEP	2025-06-03T09:45:34.1638477Z #8 1.293 Dependencies resolved.
Test OLM installation	UNKNOWN STEP	2025-06-03T09:45:34.1639157Z #8 1.295 Nothing to do.
Test OLM installation	UNKNOWN STEP	2025-06-03T09:45:34.1639555Z #8 1.295 Complete!
Test OLM installation	UNKNOWN STEP	2025-06-03T09:45:34.4150338Z #8 DONE 1.7s
Test OLM installation	UNKNOWN STEP	2025-06-03T09:45:34.5713535Z 
Test OLM installation	UNKNOWN STEP	2025-06-03T09:45:34.5714588Z #9 [ubi-micro-build 3/8] ADD keycloak-999.0.0-SNAPSHOT.tar.gz /tmp/keycloak/
Test OLM installation	UNKNOWN STEP	2025-06-03T09:45:35.2626266Z #9 DONE 0.8s
Test OLM installation	UNKNOWN STEP	2025-06-03T09:45:35.3690506Z 
Test OLM installation	UNKNOWN STEP	2025-06-03T09:45:35.3692540Z #10 [ubi-micro-build 4/8] RUN (cd /tmp/keycloak &&     tar -xvf /tmp/keycloak/keycloak-*.tar.gz &&     rm /tmp/keycloak/keycloak-*.tar.gz) || true
Test OLM installation	UNKNOWN STEP	2025-06-03T09:45:35.3713456Z #10 0.106 tar: /tmp/keycloak/keycloak-*.tar.gz: Cannot open: No such file or directory
Test OLM installation	UNKNOWN STEP	2025-06-03T09:45:35.3714141Z #10 0.106 tar: Error is not recoverable: exiting now
Test OLM installation	UNKNOWN STEP	2025-06-03T09:45:35.4889065Z #10 DONE 0.1s
Test OLM installation	UNKNOWN STEP	2025-06-03T09:45:35.4890624Z 
Test OLM installation	UNKNOWN STEP	2025-06-03T09:45:35.4891147Z #11 [ubi-micro-build 5/8] RUN mv /tmp/keycloak/keycloak-* /opt/keycloak && mkdir -p /opt/keycloak/data
Test OLM installation	UNKNOWN STEP	2025-06-03T09:45:35.4891913Z #11 DONE 0.1s
Test OLM installation	UNKNOWN STEP	2025-06-03T09:45:35.6399102Z 
Test OLM installation	UNKNOWN STEP	2025-06-03T09:45:35.6399707Z #12 [ubi-micro-build 6/8] RUN chmod -R g+rwX /opt/keycloak
Test OLM installation	UNKNOWN STEP	2025-06-03T09:45:36.1949476Z #12 DONE 0.7s
Test OLM installation	UNKNOWN STEP	2025-06-03T09:45:36.3697474Z 
Test OLM installation	UNKNOWN STEP	2025-06-03T09:45:36.3697991Z #13 [ubi-micro-build 7/8] ADD ubi-null.sh /tmp/
Test OLM installation	UNKNOWN STEP	2025-06-03T09:45:36.3698502Z #13 DONE 0.0s
Test OLM installation	UNKNOWN STEP	2025-06-03T09:45:36.3698684Z 
Test OLM installation	UNKNOWN STEP	2025-06-03T09:45:36.3699161Z #14 [ubi-micro-build 8/8] RUN bash /tmp/ubi-null.sh java-21-openjdk-headless glibc-langpack-en findutils
Test OLM installation	UNKNOWN STEP	2025-06-03T09:45:36.3699980Z #14 0.151 ==> Installing packages into chroot
Test OLM installation	UNKNOWN STEP	2025-06-03T09:45:36.5207177Z #14 0.151 + dnf install -y findutils diffutils
Test OLM installation	UNKNOWN STEP	2025-06-03T09:45:36.7822225Z #14 0.563 Updating Subscription Management repositories.
Test OLM installation	UNKNOWN STEP	2025-06-03T09:45:36.7822888Z #14 0.563 Unable to read consumer identity
Test OLM installation	UNKNOWN STEP	2025-06-03T09:45:36.9053200Z #14 0.575 
Test OLM installation	UNKNOWN STEP	2025-06-03T09:45:36.9054119Z #14 0.575 This system is not registered with an entitlement server. You can use subscription-manager to register.
Test OLM installation	UNKNOWN STEP	2025-06-03T09:45:36.9054903Z #14 0.575 
Test OLM installation	UNKNOWN STEP	2025-06-03T09:45:36.9055533Z #14 0.643 Last metadata expiration check: 0:00:03 ago on Tue Jun  3 09:45:33 2025.
Test OLM installation	UNKNOWN STEP	2025-06-03T09:45:36.9056281Z #14 0.687 Package findutils-1:4.8.0-7.el9.x86_64 is already installed.
Test OLM installation	UNKNOWN STEP	2025-06-03T09:45:37.0132140Z #14 0.714 Dependencies resolved.
Test OLM installation	UNKNOWN STEP	2025-06-03T09:45:37.0132643Z #14 0.715 ================================================================================
Test OLM installation	UNKNOWN STEP	2025-06-03T09:45:37.0133330Z #14 0.715  Package         Architecture Version             Repository               Size
Test OLM installation	UNKNOWN STEP	2025-06-03T09:45:37.0134022Z #14 0.715 ================================================================================
Test OLM installation	UNKNOWN STEP	2025-06-03T09:45:37.0134474Z #14 0.715 Installing:
Test OLM installation	UNKNOWN STEP	2025-06-03T09:45:37.0134954Z #14 0.715  diffutils       x86_64       3.7-12.el9          ubi-9-baseos-rpms       402 k
Test OLM installation	UNKNOWN STEP	2025-06-03T09:45:37.0135709Z #14 0.715 
Test OLM installation	UNKNOWN STEP	2025-06-03T09:45:37.0136003Z #14 0.715 Transaction Summary
Test OLM installation	UNKNOWN STEP	2025-06-03T09:45:37.0136805Z #14 0.715 ================================================================================
Test OLM installation	UNKNOWN STEP	2025-06-03T09:45:37.0137275Z #14 0.715 Install  1 Package
Test OLM installation	UNKNOWN STEP	2025-06-03T09:45:37.0137590Z #14 0.715 
Test OLM installation	UNKNOWN STEP	2025-06-03T09:45:37.0137874Z #14 0.715 Total download size: 402 k
Test OLM installation	UNKNOWN STEP	2025-06-03T09:45:37.0138283Z #14 0.716 Installed size: 1.4 M
Test OLM installation	UNKNOWN STEP	2025-06-03T09:45:37.0138666Z #14 0.717 Downloading Packages:
Test OLM installation	UNKNOWN STEP	2025-06-03T09:45:37.0139208Z #14 0.770 diffutils-3.7-12.el9.x86_64.rpm                 8.1 MB/s | 402 kB     00:00    
Test OLM installation	UNKNOWN STEP	2025-06-03T09:45:37.0139954Z #14 0.772 --------------------------------------------------------------------------------
Test OLM installation	UNKNOWN STEP	2025-06-03T09:45:37.0140804Z #14 0.772 Total                                           7.1 MB/s | 402 kB     00:00     
Test OLM installation	UNKNOWN STEP	2025-06-03T09:45:37.0141364Z #14 0.795 Running transaction check
Test OLM installation	UNKNOWN STEP	2025-06-03T09:45:37.1729037Z #14 0.805 Transaction check succeeded.
Test OLM installation	UNKNOWN STEP	2025-06-03T09:45:37.1733722Z #14 0.806 Running transaction test
Test OLM installation	UNKNOWN STEP	2025-06-03T09:45:37.1735612Z #14 0.855 Transaction test succeeded.
Test OLM installation	UNKNOWN STEP	2025-06-03T09:45:37.1736134Z #14 0.855 Running transaction
Test OLM installation	UNKNOWN STEP	2025-06-03T09:45:37.1738638Z #14 0.893   Preparing        :                                                        1/1 
Test OLM installation	UNKNOWN STEP	2025-06-03T09:45:37.3416964Z #14 0.954   Installing       : diffutils-3.7-12.el9.x86_64                            1/1 
Test OLM installation	UNKNOWN STEP	2025-06-03T09:45:37.3418195Z #14 0.973   Running scriptlet: diffutils-3.7-12.el9.x86_64                            1/1 
Test OLM installation	UNKNOWN STEP	2025-06-03T09:45:37.3420761Z #14 1.037   Verifying        : diffutils-3.7-12.el9.x86_64                            1/1 
Test OLM installation	UNKNOWN STEP	2025-06-03T09:45:37.3421396Z #14 1.123 Installed products updated.
Test OLM installation	UNKNOWN STEP	2025-06-03T09:45:37.5088730Z #14 1.139 
Test OLM installation	UNKNOWN STEP	2025-06-03T09:45:37.5089485Z #14 1.139 Installed:
Test OLM installation	UNKNOWN STEP	2025-06-03T09:45:37.5090130Z #14 1.139   diffutils-3.7-12.el9.x86_64                                                   
Test OLM installation	UNKNOWN STEP	2025-06-03T09:45:37.5090693Z #14 1.139 
Test OLM installation	UNKNOWN STEP	2025-06-03T09:45:37.5090964Z #14 1.139 Complete!
Test OLM installation	UNKNOWN STEP	2025-06-03T09:45:37.5204086Z #14 1.301 ++ realpath rootfs
Test OLM installation	UNKNOWN STEP	2025-06-03T09:45:37.5205521Z #14 1.301 + rootfs=/tmp/null/rootfs
Test OLM installation	UNKNOWN STEP	2025-06-03T09:45:37.5206667Z #14 1.301 + mkdir -p /tmp/null/rootfs
Test OLM installation	UNKNOWN STEP	2025-06-03T09:45:37.5207603Z #14 1.301 + xargs dnf install -y --installroot /tmp/null/rootfs --releasever 9 --setopt install_weak_deps=false --nodocs
Test OLM installation	UNKNOWN STEP	2025-06-03T09:45:37.9846534Z #14 1.764 Updating Subscription Management repositories.
Test OLM installation	UNKNOWN STEP	2025-06-03T09:45:37.9847916Z #14 1.764 Unable to read consumer identity
Test OLM installation	UNKNOWN STEP	2025-06-03T09:45:37.9849597Z #14 1.764 
Test OLM installation	UNKNOWN STEP	2025-06-03T09:45:37.9850353Z #14 1.764 This system is not registered with an entitlement server. You can use subscription-manager to register.
Test OLM installation	UNKNOWN STEP	2025-06-03T09:45:37.9851179Z #14 1.764 
Test OLM installation	UNKNOWN STEP	2025-06-03T09:45:38.1669855Z #14 1.945 Red Hat Universal Base Image 9 (RPMs) - BaseOS  4.9 MB/s | 587 kB     00:00    
Test OLM installation	UNKNOWN STEP	2025-06-03T09:45:38.5972284Z #14 2.378 Red Hat Universal Base Image 9 (RPMs) - AppStre  12 MB/s | 2.4 MB     00:00    
Test OLM installation	UNKNOWN STEP	2025-06-03T09:45:39.4065508Z #14 3.188 Red Hat Universal Base Image 9 (RPMs) - CodeRea 2.4 MB/s | 284 kB     00:00    
Test OLM installation	UNKNOWN STEP	2025-06-03T09:45:39.6446342Z #14 3.426 Dependencies resolved.
Test OLM installation	UNKNOWN STEP	2025-06-03T09:45:39.7593528Z #14 3.439 =============================================================================================
Test OLM installation	UNKNOWN STEP	2025-06-03T09:45:39.7599263Z #14 3.439  Package                    Arch    Version                       Repository             Size
Test OLM installation	UNKNOWN STEP	2025-06-03T09:45:39.7599958Z #14 3.439 =============================================================================================
Test OLM installation	UNKNOWN STEP	2025-06-03T09:45:39.7600447Z #14 3.439 Installing:
Test OLM installation	UNKNOWN STEP	2025-06-03T09:45:39.7600950Z #14 3.439  bash                       x86_64  5.1.8-9.el9                   ubi-9-baseos-rpms     1.7 M
Test OLM installation	UNKNOWN STEP	2025-06-03T09:45:39.7601834Z #14 3.439  coreutils-single           x86_64  8.32-39.el9                   ubi-9-baseos-rpms     625 k
Test OLM installation	UNKNOWN STEP	2025-06-03T09:45:39.7602596Z #14 3.439  findutils                  x86_64  1:4.8.0-7.el9                 ubi-9-baseos-rpms     550 k
Test OLM installation	UNKNOWN STEP	2025-06-03T09:45:39.7603386Z #14 3.439  glibc-langpack-en          x86_64  2.34-168.el9_6.14             ubi-9-baseos-rpms     657 k
Test OLM installation	UNKNOWN STEP	2025-06-03T09:45:39.7604248Z #14 3.439  java-21-openjdk-headless   x86_64  1:21.0.7.0.6-1.el9            ubi-9-appstream-rpms   49 M
Test OLM installation	UNKNOWN STEP	2025-06-03T09:45:39.7605535Z #14 3.439 Installing dependencies:
Test OLM installation	UNKNOWN STEP	2025-06-03T09:45:39.7606215Z #14 3.439  alsa-lib                   x86_64  1.2.13-2.el9                  ubi-9-appstream-rpms  530 k
Test OLM installation	UNKNOWN STEP	2025-06-03T09:45:39.7606995Z #14 3.439  alternatives               x86_64  1.24-2.el9                    ubi-9-baseos-rpms      42 k
Test OLM installation	UNKNOWN STEP	2025-06-03T09:45:39.7607798Z #14 3.439  avahi-libs                 x86_64  0.8-22.el9_6                  ubi-9-baseos-rpms      67 k
Test OLM installation	UNKNOWN STEP	2025-06-03T09:45:39.7608859Z #14 3.439  basesystem                 noarch  11-13.el9                     ubi-9-baseos-rpms     8.0 k
Test OLM installation	UNKNOWN STEP	2025-06-03T09:45:39.7609734Z #14 3.439  bzip2-libs                 x86_64  1.0.8-10.el9_5                ubi-9-baseos-rpms      42 k
Test OLM installation	UNKNOWN STEP	2025-06-03T09:45:39.7610612Z #14 3.439  ca-certificates            noarch  2024.2.69_v8.0.303-91.4.el9_4 ubi-9-baseos-rpms     1.0 M
Test OLM installation	UNKNOWN STEP	2025-06-03T09:45:39.7611620Z #14 3.439  copy-jdk-configs           noarch  4.0-3.el9                     ubi-9-appstream-rpms   29 k
Test OLM installation	UNKNOWN STEP	2025-06-03T09:45:39.7612576Z #14 3.439  crypto-policies            noarch  20250128-1.git5269e22.el9     ubi-9-baseos-rpms      90 k
Test OLM installation	UNKNOWN STEP	2025-06-03T09:45:39.7613680Z #14 3.439  crypto-policies-scripts    noarch  20250128-1.git5269e22.el9     ubi-9-baseos-rpms     101 k
Test OLM installation	UNKNOWN STEP	2025-06-03T09:45:39.7614699Z #14 3.439  cups-libs                  x86_64  1:2.3.3op2-33.el9             ubi-9-baseos-rpms     265 k
Test OLM installation	UNKNOWN STEP	2025-06-03T09:45:39.7616581Z #14 3.439  dbus-libs                  x86_64  1:1.12.20-8.el9               ubi-9-baseos-rpms     154 k
Test OLM installation	UNKNOWN STEP	2025-06-03T09:45:39.7617370Z #14 3.439  expat                      x86_64  2.5.0-5.el9_6                 ubi-9-baseos-rpms     119 k
Test OLM installation	UNKNOWN STEP	2025-06-03T09:45:39.7618145Z #14 3.439  filesystem                 x86_64  3.16-5.el9                    ubi-9-baseos-rpms     4.8 M
Test OLM installation	UNKNOWN STEP	2025-06-03T09:45:39.7618911Z #14 3.439  gawk                       x86_64  5.1.0-6.el9                   ubi-9-baseos-rpms     1.0 M
Test OLM installation	UNKNOWN STEP	2025-06-03T09:45:39.7619648Z #14 3.439  gdbm-libs                  x86_64  1:1.23-1.el9                  ubi-9-baseos-rpms      59 k
Test OLM installation	UNKNOWN STEP	2025-06-03T09:45:39.7620394Z #14 3.439  glibc                      x86_64  2.34-168.el9_6.14             ubi-9-baseos-rpms     2.0 M
Test OLM installation	UNKNOWN STEP	2025-06-03T09:45:39.7621253Z #14 3.439  glibc-common               x86_64  2.34-168.el9_6.14             ubi-9-baseos-rpms     304 k
Test OLM installation	UNKNOWN STEP	2025-06-03T09:45:39.7622008Z #14 3.439  gmp                        x86_64  1:6.2.0-13.el9                ubi-9-baseos-rpms     319 k
Test OLM installation	UNKNOWN STEP	2025-06-03T09:45:39.7622704Z #14 3.439  gnutls                     x86_64  3.8.3-6.el9                   ubi-9-baseos-rpms     1.1 M
Test OLM installation	UNKNOWN STEP	2025-06-03T09:45:39.7623425Z #14 3.439  grep                       x86_64  3.6-5.el9                     ubi-9-baseos-rpms     273 k
Test OLM installation	UNKNOWN STEP	2025-06-03T09:45:39.7624291Z #14 3.439  javapackages-filesystem    noarch  6.4.0-1.el9                   ubi-9-appstream-rpms   17 k
Test OLM installation	UNKNOWN STEP	2025-06-03T09:45:39.7625414Z #14 3.439  keyutils-libs              x86_64  1.6.3-1.el9                   ubi-9-baseos-rpms      34 k
Test OLM installation	UNKNOWN STEP	2025-06-03T09:45:39.7627964Z #14 3.439  krb5-libs                  x86_64  1.21.1-6.el9                  ubi-9-baseos-rpms     770 k
Test OLM installation	UNKNOWN STEP	2025-06-03T09:45:39.7628738Z #14 3.439  libacl                     x86_64  2.3.1-4.el9                   ubi-9-baseos-rpms      24 k
Test OLM installation	UNKNOWN STEP	2025-06-03T09:45:39.7629482Z #14 3.439  libattr                    x86_64  2.5.1-3.el9                   ubi-9-baseos-rpms      20 k
Test OLM installation	UNKNOWN STEP	2025-06-03T09:45:39.7630216Z #14 3.439  libcap                     x86_64  2.48-9.el9_2                  ubi-9-baseos-rpms      74 k
Test OLM installation	UNKNOWN STEP	2025-06-03T09:45:39.7630937Z #14 3.439  libcom_err                 x86_64  1.46.5-7.el9                  ubi-9-baseos-rpms      28 k
Test OLM installation	UNKNOWN STEP	2025-06-03T09:45:39.7631687Z #14 3.439  libevent                   x86_64  2.1.12-8.el9_4                ubi-9-baseos-rpms     266 k
Test OLM installation	UNKNOWN STEP	2025-06-03T09:45:39.7632406Z #14 3.439  libffi                     x86_64  3.4.2-8.el9                   ubi-9-baseos-rpms      40 k
Test OLM installation	UNKNOWN STEP	2025-06-03T09:45:39.7633117Z #14 3.439  libgcc                     x86_64  11.5.0-5.el9_5                ubi-9-baseos-rpms      88 k
Test OLM installation	UNKNOWN STEP	2025-06-03T09:45:39.7634091Z #14 3.439  libgcrypt                  x86_64  1.10.0-11.el9                 ubi-9-baseos-rpms     510 k
Test OLM installation	UNKNOWN STEP	2025-06-03T09:45:39.7634856Z #14 3.439  libgpg-error               x86_64  1.42-5.el9                    ubi-9-baseos-rpms     220 k
Test OLM installation	UNKNOWN STEP	2025-06-03T09:45:39.7635865Z #14 3.439  libidn2                    x86_64  2.3.0-7.el9                   ubi-9-baseos-rpms     105 k
Test OLM installation	UNKNOWN STEP	2025-06-03T09:45:39.7636600Z #14 3.439  libselinux                 x86_64  3.6-3.el9                     ubi-9-baseos-rpms      88 k
Test OLM installation	UNKNOWN STEP	2025-06-03T09:45:39.7637575Z #14 3.439  libsepol                   x86_64  3.6-2.el9                     ubi-9-baseos-rpms     331 k
Test OLM installation	UNKNOWN STEP	2025-06-03T09:45:39.7638391Z #14 3.439  libsigsegv                 x86_64  2.13-4.el9                    ubi-9-baseos-rpms      30 k
Test OLM installation	UNKNOWN STEP	2025-06-03T09:45:39.7639185Z #14 3.439  libtasn1                   x86_64  4.16.0-9.el9                  ubi-9-baseos-rpms      77 k
Test OLM installation	UNKNOWN STEP	2025-06-03T09:45:39.7640002Z #14 3.439  libunistring               x86_64  0.9.10-15.el9                 ubi-9-baseos-rpms     499 k
Test OLM installation	UNKNOWN STEP	2025-06-03T09:45:39.7640800Z #14 3.439  libuuid                    x86_64  2.37.4-21.el9                 ubi-9-baseos-rpms      30 k
Test OLM installation	UNKNOWN STEP	2025-06-03T09:45:39.7641570Z #14 3.439  libverto                   x86_64  0.3.2-3.el9                   ubi-9-baseos-rpms      24 k
Test OLM installation	UNKNOWN STEP	2025-06-03T09:45:39.7642368Z #14 3.439  libxcrypt                  x86_64  4.4.18-3.el9                  ubi-9-baseos-rpms     120 k
Test OLM installation	UNKNOWN STEP	2025-06-03T09:45:39.7643136Z #14 3.439  libzstd                    x86_64  1.5.5-1.el9                   ubi-9-baseos-rpms     297 k
Test OLM installation	UNKNOWN STEP	2025-06-03T09:45:39.7643925Z #14 3.439  lksctp-tools               x86_64  1.0.19-3.el9_4                ubi-9-baseos-rpms     104 k
Test OLM installation	UNKNOWN STEP	2025-06-03T09:45:39.7644697Z #14 3.439  lua                        x86_64  5.4.4-4.el9                   ubi-9-appstream-rpms  192 k
Test OLM installation	UNKNOWN STEP	2025-06-03T09:45:39.7650094Z #14 3.439  lua-libs                   x86_64  5.4.4-4.el9                   ubi-9-baseos-rpms     132 k
Test OLM installation	UNKNOWN STEP	2025-06-03T09:45:39.7651167Z #14 3.439  lua-posix                  x86_64  35.0-8.el9                    ubi-9-appstream-rpms  155 k
Test OLM installation	UNKNOWN STEP	2025-06-03T09:45:39.7652404Z #14 3.439  lz4-libs                   x86_64  1.9.3-5.el9                   ubi-9-baseos-rpms      69 k
Test OLM installation	UNKNOWN STEP	2025-06-03T09:45:39.7653164Z #14 3.439  mpfr                       x86_64  4.1.0-7.el9                   ubi-9-baseos-rpms     329 k
Test OLM installation	UNKNOWN STEP	2025-06-03T09:45:39.7653968Z #14 3.439  ncurses-base               noarch  6.2-10.20210508.el9           ubi-9-baseos-rpms      99 k
Test OLM installation	UNKNOWN STEP	2025-06-03T09:45:39.7654841Z #14 3.439  ncurses-libs               x86_64  6.2-10.20210508.el9           ubi-9-baseos-rpms     332 k
Test OLM installation	UNKNOWN STEP	2025-06-03T09:45:39.7655871Z #14 3.439  nettle                     x86_64  3.10.1-1.el9                  ubi-9-baseos-rpms     568 k
Test OLM installation	UNKNOWN STEP	2025-06-03T09:45:39.7656618Z #14 3.439  nspr                       x86_64  4.35.0-17.el9_2               ubi-9-appstream-rpms  137 k
Test OLM installation	UNKNOWN STEP	2025-06-03T09:45:39.7657747Z #14 3.439  nss                        x86_64  3.101.0-10.el9_2              ubi-9-appstream-rpms  720 k
Test OLM installation	UNKNOWN STEP	2025-06-03T09:45:39.7658537Z #14 3.439  nss-softokn                x86_64  3.101.0-10.el9_2              ubi-9-appstream-rpms  393 k
Test OLM installation	UNKNOWN STEP	2025-06-03T09:45:39.7659633Z #14 3.439  nss-softokn-freebl         x86_64  3.101.0-10.el9_2              ubi-9-appstream-rpms  313 k
Test OLM installation	UNKNOWN STEP	2025-06-03T09:45:39.7660604Z #14 3.439  nss-sysinit                x86_64  3.101.0-10.el9_2              ubi-9-appstream-rpms   21 k
Test OLM installation	UNKNOWN STEP	2025-06-03T09:45:39.7661423Z #14 3.439  nss-util                   x86_64  3.101.0-10.el9_2              ubi-9-appstream-rpms   92 k
Test OLM installation	UNKNOWN STEP	2025-06-03T09:45:39.7662261Z #14 3.439  openssl-fips-provider      x86_64  3.0.7-6.el9_5                 ubi-9-baseos-rpms     9.4 k
Test OLM installation	UNKNOWN STEP	2025-06-03T09:45:39.7663188Z #14 3.439  openssl-fips-provider-so   x86_64  3.0.7-6.el9_5                 ubi-9-baseos-rpms     577 k
Test OLM installation	UNKNOWN STEP	2025-06-03T09:45:39.7664036Z #14 3.439  openssl-libs               x86_64  1:3.2.2-6.el9_5.1             ubi-9-baseos-rpms     2.1 M
Test OLM installation	UNKNOWN STEP	2025-06-03T09:45:39.7664758Z #14 3.439  p11-kit                    x86_64  0.25.3-3.el9_5                ubi-9-baseos-rpms     536 k
Test OLM installation	UNKNOWN STEP	2025-06-03T09:45:39.7666003Z #14 3.439  p11-kit-trust              x86_64  0.25.3-3.el9_5                ubi-9-baseos-rpms     144 k
Test OLM installation	UNKNOWN STEP	2025-06-03T09:45:39.7666776Z #14 3.439  pcre                       x86_64  8.44-4.el9                    ubi-9-baseos-rpms     200 k
Test OLM installation	UNKNOWN STEP	2025-06-03T09:45:39.7667459Z #14 3.439  pcre2                      x86_64  10.40-6.el9                   ubi-9-baseos-rpms     236 k
Test OLM installation	UNKNOWN STEP	2025-06-03T09:45:39.7668207Z #14 3.439  pcre2-syntax               noarch  10.40-6.el9                   ubi-9-baseos-rpms     144 k
Test OLM installation	UNKNOWN STEP	2025-06-03T09:45:39.7669205Z #14 3.439  python3                    x86_64  3.9.21-2.el9                  ubi-9-baseos-rpms      30 k
Test OLM installation	UNKNOWN STEP	2025-06-03T09:45:39.7670005Z #14 3.439  python3-libs               x86_64  3.9.21-2.el9                  ubi-9-baseos-rpms     8.1 M
Test OLM installation	UNKNOWN STEP	2025-06-03T09:45:39.7670879Z #14 3.439  python3-pip-wheel          noarch  21.3.1-1.el9                  ubi-9-baseos-rpms     1.1 M
Test OLM installation	UNKNOWN STEP	2025-06-03T09:45:39.7671853Z #14 3.439  python3-setuptools-wheel   noarch  53.0.0-13.el9                 ubi-9-baseos-rpms     469 k
Test OLM installation	UNKNOWN STEP	2025-06-03T09:45:39.7672727Z #14 3.439  readline                   x86_64  8.1-4.el9                     ubi-9-baseos-rpms     215 k
Test OLM installation	UNKNOWN STEP	2025-06-03T09:45:39.7673573Z #14 3.439  redhat-release             x86_64  9.6-0.1.el9                   ubi-9-baseos-rpms      44 k
Test OLM installation	UNKNOWN STEP	2025-06-03T09:45:39.7674237Z #14 3.439  sed                        x86_64  4.8-9.el9                     ubi-9-baseos-rpms     309 k
Test OLM installation	UNKNOWN STEP	2025-06-03T09:45:39.7674852Z #14 3.439  setup                      noarch  2.13.7-10.el9                 ubi-9-baseos-rpms     150 k
Test OLM installation	UNKNOWN STEP	2025-06-03T09:45:39.7681155Z #14 3.439  sqlite-libs                x86_64  3.34.1-7.el9_3                ubi-9-baseos-rpms     622 k
Test OLM installation	UNKNOWN STEP	2025-06-03T09:45:39.7682058Z #14 3.439  systemd-libs               x86_64  252-51.el9                    ubi-9-baseos-rpms     684 k
Test OLM installation	UNKNOWN STEP	2025-06-03T09:45:39.7682898Z #14 3.439  tzdata                     noarch  2025b-1.el9                   ubi-9-baseos-rpms     842 k
Test OLM installation	UNKNOWN STEP	2025-06-03T09:45:39.7683760Z #14 3.439  tzdata-java                noarch  2025b-1.el9                   ubi-9-appstream-rpms  228 k
Test OLM installation	UNKNOWN STEP	2025-06-03T09:45:39.7684553Z #14 3.439  xz-libs                    x86_64  5.2.5-8.el9_0                 ubi-9-baseos-rpms      94 k
Test OLM installation	UNKNOWN STEP	2025-06-03T09:45:39.7685442Z #14 3.439  zlib                       x86_64  1.2.11-40.el9                 ubi-9-baseos-rpms      93 k
Test OLM installation	UNKNOWN STEP	2025-06-03T09:45:39.7686014Z #14 3.439 
Test OLM installation	UNKNOWN STEP	2025-06-03T09:45:39.7686360Z #14 3.439 Transaction Summary
Test OLM installation	UNKNOWN STEP	2025-06-03T09:45:39.7686850Z #14 3.439 =============================================================================================
Test OLM installation	UNKNOWN STEP	2025-06-03T09:45:39.7687372Z #14 3.439 Install  84 Packages
Test OLM installation	UNKNOWN STEP	2025-06-03T09:45:39.7687752Z #14 3.439 
Test OLM installation	UNKNOWN STEP	2025-06-03T09:45:39.7688067Z #14 3.445 Total download size: 89 M
Test OLM installation	UNKNOWN STEP	2025-06-03T09:45:39.7688475Z #14 3.445 Installed size: 319 M
Test OLM installation	UNKNOWN STEP	2025-06-03T09:45:39.7688870Z #14 3.448 Downloading Packages:
Test OLM installation	UNKNOWN STEP	2025-06-03T09:45:39.7689459Z #14 3.524 (1/84): avahi-libs-0.8-22.el9_6.x86_64.rpm      1.0 MB/s |  67 kB     00:00    
Test OLM installation	UNKNOWN STEP	2025-06-03T09:45:39.7690299Z #14 3.525 (2/84): alternatives-1.24-2.el9.x86_64.rpm      620 kB/s |  42 kB     00:00    
Test OLM installation	UNKNOWN STEP	2025-06-03T09:45:39.7691097Z #14 3.540 (3/84): bzip2-libs-1.0.8-10.el9_5.x86_64.rpm    3.8 MB/s |  42 kB     00:00    
Test OLM installation	UNKNOWN STEP	2025-06-03T09:45:39.8647636Z #14 3.559 (4/84): bash-5.1.8-9.el9.x86_64.rpm              47 MB/s | 1.7 MB     00:00    
Test OLM installation	UNKNOWN STEP	2025-06-03T09:45:39.8662270Z #14 3.573 (5/84): ca-certificates-2024.2.69_v8.0.303-91.4  30 MB/s | 1.0 MB     00:00    
Test OLM installation	UNKNOWN STEP	2025-06-03T09:45:39.8664324Z #14 3.580 (6/84): basesystem-11-13.el9.noarch.rpm          65 kB/s | 8.0 kB     00:00    
Test OLM installation	UNKNOWN STEP	2025-06-03T09:45:39.8665578Z #14 3.585 (7/84): coreutils-single-8.32-39.el9.x86_64.rpm  24 MB/s | 625 kB     00:00    
Test OLM installation	UNKNOWN STEP	2025-06-03T09:45:39.8666417Z #14 3.586 (8/84): crypto-policies-20250128-1.git5269e22.e 7.0 MB/s |  90 kB     00:00    
Test OLM installation	UNKNOWN STEP	2025-06-03T09:45:39.8667381Z #14 3.597 (9/84): crypto-policies-scripts-20250128-1.git5 7.2 MB/s | 101 kB     00:00    
Test OLM installation	UNKNOWN STEP	2025-06-03T09:45:39.8668196Z #14 3.602 (10/84): cups-libs-2.3.3op2-33.el9.x86_64.rpm    19 MB/s | 265 kB     00:00    
Test OLM installation	UNKNOWN STEP	2025-06-03T09:45:39.8669364Z #14 3.609 (11/84): dbus-libs-1.12.20-8.el9.x86_64.rpm     8.2 MB/s | 154 kB     00:00    
Test OLM installation	UNKNOWN STEP	2025-06-03T09:45:39.8670089Z #14 3.615 (12/84): expat-2.5.0-5.el9_6.x86_64.rpm         5.8 MB/s | 119 kB     00:00    
Test OLM installation	UNKNOWN STEP	2025-06-03T09:45:39.8670830Z #14 3.632 (13/84): findutils-4.8.0-7.el9.x86_64.rpm        21 MB/s | 550 kB     00:00    
Test OLM installation	UNKNOWN STEP	2025-06-03T09:45:39.8671580Z #14 3.646 (14/84): gdbm-libs-1.23-1.el9.x86_64.rpm        5.5 MB/s |  59 kB     00:00    
Test OLM installation	UNKNOWN STEP	2025-06-03T09:45:39.9656264Z #14 3.656 (15/84): gawk-5.1.0-6.el9.x86_64.rpm             25 MB/s | 1.0 MB     00:00    
Test OLM installation	UNKNOWN STEP	2025-06-03T09:45:39.9667829Z #14 3.673 (16/84): glibc-common-2.34-168.el9_6.14.x86_64.  20 MB/s | 304 kB     00:00    
Test OLM installation	UNKNOWN STEP	2025-06-03T09:45:39.9670914Z #14 3.697 (17/84): glibc-2.34-168.el9_6.14.x86_64.rpm      37 MB/s | 2.0 MB     00:00    
Test OLM installation	UNKNOWN STEP	2025-06-03T09:45:39.9671735Z #14 3.719 (18/84): filesystem-3.16-5.el9.x86_64.rpm        40 MB/s | 4.8 MB     00:00    
Test OLM installation	UNKNOWN STEP	2025-06-03T09:45:39.9672519Z #14 3.724 (19/84): gmp-6.2.0-13.el9.x86_64.rpm             12 MB/s | 319 kB     00:00    
Test OLM installation	UNKNOWN STEP	2025-06-03T09:45:39.9673279Z #14 3.733 (20/84): glibc-langpack-en-2.34-168.el9_6.14.x8  11 MB/s | 657 kB     00:00    
Test OLM installation	UNKNOWN STEP	2025-06-03T09:45:39.9674037Z #14 3.738 (21/84): grep-3.6-5.el9.x86_64.rpm               21 MB/s | 273 kB     00:00    
Test OLM installation	UNKNOWN STEP	2025-06-03T09:45:39.9674796Z #14 3.740 (22/84): keyutils-libs-1.6.3-1.el9.x86_64.rpm   5.0 MB/s |  34 kB     00:00    
Test OLM installation	UNKNOWN STEP	2025-06-03T09:45:39.9675761Z #14 3.747 (23/84): libacl-2.3.1-4.el9.x86_64.rpm          3.8 MB/s |  24 kB     00:00    
Test OLM installation	UNKNOWN STEP	2025-06-03T09:45:40.0690261Z #14 3.754 (24/84): gnutls-3.8.3-6.el9.x86_64.rpm           32 MB/s | 1.1 MB     00:00    
Test OLM installation	UNKNOWN STEP	2025-06-03T09:45:40.0691082Z #14 3.759 (25/84): krb5-libs-1.21.1-6.el9.x86_64.rpm       36 MB/s | 770 kB     00:00    
Test OLM installation	UNKNOWN STEP	2025-06-03T09:45:40.0695459Z #14 3.764 (26/84): libcap-2.48-9.el9_2.x86_64.rpm         7.7 MB/s |  74 kB     00:00    
Test OLM installation	UNKNOWN STEP	2025-06-03T09:45:40.0698283Z #14 3.767 (27/84): libattr-2.5.1-3.el9.x86_64.rpm         1.1 MB/s |  20 kB     00:00    
Test OLM installation	UNKNOWN STEP	2025-06-03T09:45:40.0699099Z #14 3.768 (28/84): libcom_err-1.46.5-7.el9.x86_64.rpm     3.5 MB/s |  28 kB     00:00    
Test OLM installation	UNKNOWN STEP	2025-06-03T09:45:40.0699876Z #14 3.775 (29/84): libevent-2.1.12-8.el9_4.x86_64.rpm      24 MB/s | 266 kB     00:00    
Test OLM installation	UNKNOWN STEP	2025-06-03T09:45:40.0700642Z #14 3.777 (30/84): libgcc-11.5.0-5.el9_5.x86_64.rpm       9.8 MB/s |  88 kB     00:00    
Test OLM installation	UNKNOWN STEP	2025-06-03T09:45:40.0701435Z #14 3.787 (31/84): libgpg-error-1.42-5.el9.x86_64.rpm      23 MB/s | 220 kB     00:00    
Test OLM installation	UNKNOWN STEP	2025-06-03T09:45:40.0702209Z #14 3.791 (32/84): libffi-3.4.2-8.el9.x86_64.rpm          1.7 MB/s |  40 kB     00:00    
Test OLM installation	UNKNOWN STEP	2025-06-03T09:45:40.0702985Z #14 3.794 (33/84): libgcrypt-1.10.0-11.el9.x86_64.rpm      28 MB/s | 510 kB     00:00    
Test OLM installation	UNKNOWN STEP	2025-06-03T09:45:40.0703758Z #14 3.796 (34/84): libidn2-2.3.0-7.el9.x86_64.rpm          12 MB/s | 105 kB     00:00    
Test OLM installation	UNKNOWN STEP	2025-06-03T09:45:40.0704533Z #14 3.798 (35/84): libselinux-3.6-3.el9.x86_64.rpm         11 MB/s |  88 kB     00:00    
Test OLM installation	UNKNOWN STEP	2025-06-03T09:45:40.0705547Z #14 3.803 (36/84): libsigsegv-2.13-4.el9.x86_64.rpm       4.4 MB/s |  30 kB     00:00    
Test OLM installation	UNKNOWN STEP	2025-06-03T09:45:40.0706355Z #14 3.806 (37/84): libsepol-3.6-2.el9.x86_64.rpm           28 MB/s | 331 kB     00:00    
Test OLM installation	UNKNOWN STEP	2025-06-03T09:45:40.0707142Z #14 3.808 (38/84): libtasn1-4.16.0-9.el9.x86_64.rpm       8.4 MB/s |  77 kB     00:00    
Test OLM installation	UNKNOWN STEP	2025-06-03T09:45:40.0707909Z #14 3.813 (39/84): libuuid-2.37.4-21.el9.x86_64.rpm       4.4 MB/s |  30 kB     00:00    
Test OLM installation	UNKNOWN STEP	2025-06-03T09:45:40.0708663Z #14 3.815 (40/84): libverto-0.3.2-3.el9.x86_64.rpm        3.7 MB/s |  24 kB     00:00    
Test OLM installation	UNKNOWN STEP	2025-06-03T09:45:40.0709456Z #14 3.818 (41/84): libunistring-0.9.10-15.el9.x86_64.rpm   34 MB/s | 499 kB     00:00    
Test OLM installation	UNKNOWN STEP	2025-06-03T09:45:40.0710244Z #14 3.821 (42/84): libxcrypt-4.4.18-3.el9.x86_64.rpm       16 MB/s | 120 kB     00:00    
Test OLM installation	UNKNOWN STEP	2025-06-03T09:45:40.0710994Z #14 3.826 (43/84): libzstd-1.5.5-1.el9.x86_64.rpm          27 MB/s | 297 kB     00:00    
Test OLM installation	UNKNOWN STEP	2025-06-03T09:45:40.0711755Z #14 3.829 (44/84): lksctp-tools-1.0.19-3.el9_4.x86_64.rpm 9.9 MB/s | 104 kB     00:00    
Test OLM installation	UNKNOWN STEP	2025-06-03T09:45:40.0712879Z #14 3.831 (45/84): lua-libs-5.4.4-4.el9.x86_64.rpm         13 MB/s | 132 kB     00:00    
Test OLM installation	UNKNOWN STEP	2025-06-03T09:45:40.0713621Z #14 3.840 (46/84): lz4-libs-1.9.3-5.el9.x86_64.rpm        4.9 MB/s |  69 kB     00:00    
Test OLM installation	UNKNOWN STEP	2025-06-03T09:45:40.0714376Z #14 3.841 (47/84): ncurses-base-6.2-10.20210508.el9.noarc  10 MB/s |  99 kB     00:00    
Test OLM installation	UNKNOWN STEP	2025-06-03T09:45:40.0715304Z #14 3.845 (48/84): mpfr-4.1.0-7.el9.x86_64.rpm             21 MB/s | 329 kB     00:00    
Test OLM installation	UNKNOWN STEP	2025-06-03T09:45:40.0716103Z #14 3.850 (49/84): ncurses-libs-6.2-10.20210508.el9.x86_6  33 MB/s | 332 kB     00:00    
Test OLM installation	UNKNOWN STEP	2025-06-03T09:45:40.1763687Z #14 3.852 (50/84): openssl-fips-provider-3.0.7-6.el9_5.x8 1.5 MB/s | 9.4 kB     00:00    
Test OLM installation	UNKNOWN STEP	2025-06-03T09:45:40.1773728Z #14 3.856 (51/84): nettle-3.10.1-1.el9.x86_64.rpm          40 MB/s | 568 kB     00:00    
Test OLM installation	UNKNOWN STEP	2025-06-03T09:45:40.1774667Z #14 3.867 (52/84): openssl-fips-provider-so-3.0.7-6.el9_5  35 MB/s | 577 kB     00:00    
Test OLM installation	UNKNOWN STEP	2025-06-03T09:45:40.1775747Z #14 3.875 (53/84): p11-kit-trust-0.25.3-3.el9_5.x86_64.rp  20 MB/s | 144 kB     00:00    
Test OLM installation	UNKNOWN STEP	2025-06-03T09:45:40.1776739Z #14 3.879 (54/84): p11-kit-0.25.3-3.el9_5.x86_64.rpm       23 MB/s | 536 kB     00:00    
Test OLM installation	UNKNOWN STEP	2025-06-03T09:45:40.1777692Z #14 3.887 (55/84): pcre-8.44-4.el9.x86_64.rpm              18 MB/s | 200 kB     00:00    
Test OLM installation	UNKNOWN STEP	2025-06-03T09:45:40.1778403Z #14 3.889 (56/84): pcre2-10.40-6.el9.x86_64.rpm            24 MB/s | 236 kB     00:00    
Test OLM installation	UNKNOWN STEP	2025-06-03T09:45:40.1779084Z #14 3.896 (57/84): python3-3.9.21-2.el9.x86_64.rpm        4.2 MB/s |  30 kB     00:00    
Test OLM installation	UNKNOWN STEP	2025-06-03T09:45:40.1779827Z #14 3.899 (58/84): pcre2-syntax-10.40-6.el9.noarch.rpm     12 MB/s | 144 kB     00:00    
Test OLM installation	UNKNOWN STEP	2025-06-03T09:45:40.1780624Z #14 3.910 (59/84): openssl-libs-3.2.2-6.el9_5.1.x86_64.rp  39 MB/s | 2.1 MB     00:00    
Test OLM installation	UNKNOWN STEP	2025-06-03T09:45:40.1781434Z #14 3.928 (60/84): python3-pip-wheel-21.3.1-1.el9.noarch.  39 MB/s | 1.1 MB     00:00    
Test OLM installation	UNKNOWN STEP	2025-06-03T09:45:40.1782305Z #14 3.940 (61/84): python3-setuptools-wheel-53.0.0-13.el9  14 MB/s | 469 kB     00:00    
Test OLM installation	UNKNOWN STEP	2025-06-03T09:45:40.1783117Z #14 3.946 (62/84): readline-8.1-4.el9.x86_64.rpm           13 MB/s | 215 kB     00:00    
Test OLM installation	UNKNOWN STEP	2025-06-03T09:45:40.1783900Z #14 3.949 (63/84): redhat-release-9.6-0.1.el9.x86_64.rpm  5.9 MB/s |  44 kB     00:00    
Test OLM installation	UNKNOWN STEP	2025-06-03T09:45:40.1784597Z #14 3.958 (64/84): sed-4.8-9.el9.x86_64.rpm                27 MB/s | 309 kB     00:00    
Test OLM installation	UNKNOWN STEP	2025-06-03T09:45:40.2813259Z #14 3.963 (65/84): setup-2.13.7-10.el9.noarch.rpm          11 MB/s | 150 kB     00:00    
Test OLM installation	UNKNOWN STEP	2025-06-03T09:45:40.2822669Z #14 3.975 (66/84): sqlite-libs-3.34.1-7.el9_3.x86_64.rpm   41 MB/s | 622 kB     00:00    
Test OLM installation	UNKNOWN STEP	2025-06-03T09:45:40.2823573Z #14 3.989 (67/84): systemd-libs-252-51.el9.x86_64.rpm      26 MB/s | 684 kB     00:00    
Test OLM installation	UNKNOWN STEP	2025-06-03T09:45:40.2824402Z #14 4.004 (68/84): tzdata-2025b-1.el9.noarch.rpm           28 MB/s | 842 kB     00:00    
Test OLM installation	UNKNOWN STEP	2025-06-03T09:45:40.2825367Z #14 4.007 (69/84): xz-libs-5.2.5-8.el9_0.x86_64.rpm       5.3 MB/s |  94 kB     00:00    
Test OLM installation	UNKNOWN STEP	2025-06-03T09:45:40.2826180Z #14 4.016 (70/84): zlib-1.2.11-40.el9.x86_64.rpm          8.2 MB/s |  93 kB     00:00    
Test OLM installation	UNKNOWN STEP	2025-06-03T09:45:40.2826990Z #14 4.018 (71/84): copy-jdk-configs-4.0-3.el9.noarch.rpm  2.8 MB/s |  29 kB     00:00    
Test OLM installation	UNKNOWN STEP	2025-06-03T09:45:40.2829423Z #14 4.030 (72/84): lua-5.4.4-4.el9.x86_64.rpm              17 MB/s | 192 kB     00:00    
Test OLM installation	UNKNOWN STEP	2025-06-03T09:45:40.2830188Z #14 4.043 (73/84): lua-posix-35.0-8.el9.x86_64.rpm        6.9 MB/s | 155 kB     00:00    
Test OLM installation	UNKNOWN STEP	2025-06-03T09:45:40.2830960Z #14 4.051 (74/84): alsa-lib-1.2.13-2.el9.x86_64.rpm        24 MB/s | 530 kB     00:00    
Test OLM installation	UNKNOWN STEP	2025-06-03T09:45:40.2831797Z #14 4.063 (75/84): javapackages-filesystem-6.4.0-1.el9.no 1.9 MB/s |  17 kB     00:00    
Test OLM installation	UNKNOWN STEP	2025-06-03T09:45:40.5031358Z #14 4.072 (76/84): nspr-4.35.0-17.el9_2.x86_64.rpm         16 MB/s | 137 kB     00:00    
Test OLM installation	UNKNOWN STEP	2025-06-03T09:45:40.5040045Z #14 4.102 (77/84): python3-libs-3.9.21-2.el9.x86_64.rpm    39 MB/s | 8.1 MB     00:00    
Test OLM installation	UNKNOWN STEP	2025-06-03T09:45:40.5040819Z #14 4.114 (78/84): nss-3.101.0-10.el9_2.x86_64.rpm         19 MB/s | 720 kB     00:00    
Test OLM installation	UNKNOWN STEP	2025-06-03T09:45:40.5042137Z #14 4.121 (79/84): nss-softokn-3.101.0-10.el9_2.x86_64.rp  24 MB/s | 393 kB     00:00    
Test OLM installation	UNKNOWN STEP	2025-06-03T09:45:40.5042838Z #14 4.123 (80/84): nss-softokn-freebl-3.101.0-10.el9_2.x8  26 MB/s | 313 kB     00:00    
Test OLM installation	UNKNOWN STEP	2025-06-03T09:45:40.5043608Z #14 4.124 (81/84): nss-sysinit-3.101.0-10.el9_2.x86_64.rp 4.1 MB/s |  21 kB     00:00    
Test OLM installation	UNKNOWN STEP	2025-06-03T09:45:40.5044303Z #14 4.130 (82/84): nss-util-3.101.0-10.el9_2.x86_64.rpm    11 MB/s |  92 kB     00:00    
Test OLM installation	UNKNOWN STEP	2025-06-03T09:45:40.5045026Z #14 4.134 (83/84): tzdata-java-2025b-1.el9.noarch.rpm      25 MB/s | 228 kB     00:00    
Test OLM installation	UNKNOWN STEP	2025-06-03T09:45:40.6984688Z #14 4.480 (84/84): java-21-openjdk-headless-21.0.7.0.6-1. 113 MB/s |  49 MB     00:00    
Test OLM installation	UNKNOWN STEP	2025-06-03T09:45:40.8633708Z #14 4.488 --------------------------------------------------------------------------------
Test OLM installation	UNKNOWN STEP	2025-06-03T09:45:40.8634406Z #14 4.488 Total                                            86 MB/s |  89 MB     00:01     
Test OLM installation	UNKNOWN STEP	2025-06-03T09:45:40.8635082Z #14 4.504 Red Hat Universal Base Image 9 (RPMs) - BaseOS  3.5 MB/s | 3.6 kB     00:00    
Test OLM installation	UNKNOWN STEP	2025-06-03T09:45:40.8635952Z #14 4.644 Importing GPG key 0xFD431D51:
Test OLM installation	UNKNOWN STEP	2025-06-03T09:45:40.8636487Z #14 4.644  Userid     : "Red Hat, Inc. (release key 2) <security@redhat.com>"
Test OLM installation	UNKNOWN STEP	2025-06-03T09:45:40.8637143Z #14 4.644  Fingerprint: 567E 347A D004 4ADE 55BA 8A5F 199E 2F91 FD43 1D51
Test OLM installation	UNKNOWN STEP	2025-06-03T09:45:40.8637816Z #14 4.644  From       : /etc/pki/rpm-gpg/RPM-GPG-KEY-redhat-release
Test OLM installation	UNKNOWN STEP	2025-06-03T09:45:41.0229822Z #14 4.649 Key imported successfully
Test OLM installation	UNKNOWN STEP	2025-06-03T09:45:41.0230373Z #14 4.649 Importing GPG key 0x5A6340B3:
Test OLM installation	UNKNOWN STEP	2025-06-03T09:45:41.0230963Z #14 4.649  Userid     : "Red Hat, Inc. (auxiliary key 3) <security@redhat.com>"
Test OLM installation	UNKNOWN STEP	2025-06-03T09:45:41.0231722Z #14 4.649  Fingerprint: 7E46 2425 8C40 6535 D56D 6F13 5054 E4A4 5A63 40B3
Test OLM installation	UNKNOWN STEP	2025-06-03T09:45:41.0232416Z #14 4.649  From       : /etc/pki/rpm-gpg/RPM-GPG-KEY-redhat-release
Test OLM installation	UNKNOWN STEP	2025-06-03T09:45:41.0232945Z #14 4.654 Key imported successfully
Test OLM installation	UNKNOWN STEP	2025-06-03T09:45:41.9828778Z #14 5.764 Running transaction check
Test OLM installation	UNKNOWN STEP	2025-06-03T09:45:42.1843784Z #14 5.815 Transaction check succeeded.
Test OLM installation	UNKNOWN STEP	2025-06-03T09:45:42.1844236Z #14 5.816 Running transaction test
Test OLM installation	UNKNOWN STEP	2025-06-03T09:45:42.6765445Z #14 6.458 Transaction test succeeded.
Test OLM installation	UNKNOWN STEP	2025-06-03T09:45:42.8275579Z #14 6.459 Running transaction
Test OLM installation	UNKNOWN STEP	2025-06-03T09:45:43.3363106Z #14 6.965   Running scriptlet: filesystem-3.16-5.el9.x86_64                           1/1 
Test OLM installation	UNKNOWN STEP	2025-06-03T09:45:43.3363958Z #14 6.966   Running scriptlet: copy-jdk-configs-4.0-3.el9.noarch                      1/1 
Test OLM installation	UNKNOWN STEP	2025-06-03T09:45:43.4630425Z #14 6.967   Running scriptlet: java-21-openjdk-headless-1:21.0.7.0.6-1.el9.x86_64     1/1 
Test OLM installation	UNKNOWN STEP	2025-06-03T09:45:43.6231115Z #14 7.244   Preparing        :                                                        1/1 
Test OLM installation	UNKNOWN STEP	2025-06-03T09:45:43.6231872Z #14 7.251   Installing       : libgcc-11.5.0-5.el9_5.x86_64                          1/84 
Test OLM installation	UNKNOWN STEP	2025-06-03T09:45:43.6616314Z #14 7.254   Running scriptlet: libgcc-11.5.0-5.el9_5.x86_64                          1/84 
Test OLM installation	UNKNOWN STEP	2025-06-03T09:45:43.7737360Z #14 7.443   Installing       : tzdata-2025b-1.el9.noarch                             2/84 
Test OLM installation	UNKNOWN STEP	2025-06-03T09:45:43.7738107Z #14 7.490   Installing       : tzdata-java-2025b-1.el9.noarch                        3/84 
Test OLM installation	UNKNOWN STEP	2025-06-03T09:45:43.7738655Z #14 7.497   Installing       : javapackages-filesystem-6.4.0-1.el9.noarch            4/84 
Test OLM installation	UNKNOWN STEP	2025-06-03T09:45:43.7739190Z #14 7.503   Installing       : redhat-release-9.6-0.1.el9.x86_64                     5/84 
Test OLM installation	UNKNOWN STEP	2025-06-03T09:45:43.7739680Z #14 7.511   Installing       : setup-2.13.7-10.el9.noarch                            6/84 
Test OLM installation	UNKNOWN STEP	2025-06-03T09:45:43.7740184Z #14 7.512   Running scriptlet: setup-2.13.7-10.el9.noarch                            6/84 
Test OLM installation	UNKNOWN STEP	2025-06-03T09:45:43.9161658Z #14 7.555   Installing       : filesystem-3.16-5.el9.x86_64                          7/84 
Test OLM installation	UNKNOWN STEP	2025-06-03T09:45:43.9162857Z #14 7.602   Installing       : basesystem-11-13.el9.noarch                           8/84 
Test OLM installation	UNKNOWN STEP	2025-06-03T09:45:43.9163567Z #14 7.605   Installing       : python3-setuptools-wheel-53.0.0-13.el9.noarch         9/84 
Test OLM installation	UNKNOWN STEP	2025-06-03T09:45:43.9164255Z #14 7.608   Installing       : pcre2-syntax-10.40-6.el9.noarch                      10/84 
Test OLM installation	UNKNOWN STEP	2025-06-03T09:45:43.9165500Z #14 7.629   Installing       : ncurses-base-6.2-10.20210508.el9.noarch              11/84 
Test OLM installation	UNKNOWN STEP	2025-06-03T09:45:44.1195703Z #14 7.697   Installing       : glibc-langpack-en-2.34-168.el9_6.14.x86_64           12/84 
Test OLM installation	UNKNOWN STEP	2025-06-03T09:45:44.1196458Z #14 7.711   Installing       : glibc-common-2.34-168.el9_6.14.x86_64                13/84 
Test OLM installation	UNKNOWN STEP	2025-06-03T09:45:44.1197079Z #14 7.715   Running scriptlet: glibc-2.34-168.el9_6.14.x86_64                       14/84 
Test OLM installation	UNKNOWN STEP	2025-06-03T09:45:44.1198103Z #14 7.747   Installing       : glibc-2.34-168.el9_6.14.x86_64                       14/84 
Test OLM installation	UNKNOWN STEP	2025-06-03T09:45:44.4643909Z #14 7.751   Running scriptlet: glibc-2.34-168.el9_6.14.x86_64                       14/84 
Test OLM installation	UNKNOWN STEP	2025-06-03T09:45:44.5656587Z #14 8.246   Installing       : ncurses-libs-6.2-10.20210508.el9.x86_64              15/84 
Test OLM installation	UNKNOWN STEP	2025-06-03T09:45:44.5657523Z #14 8.263   Installing       : bash-5.1.8-9.el9.x86_64                              16/84 
Test OLM installation	UNKNOWN STEP	2025-06-03T09:45:44.5658107Z #14 8.265   Running scriptlet: bash-5.1.8-9.el9.x86_64                              16/84 
Test OLM installation	UNKNOWN STEP	2025-06-03T09:45:44.5658694Z #14 8.281   Installing       : crypto-policies-20250128-1.git5269e22.el9.noarch     17/84 
Test OLM installation	UNKNOWN STEP	2025-06-03T09:45:44.5659308Z #14 8.284   Running scriptlet: crypto-policies-20250128-1.git5269e22.el9.noarch     17/84 
Test OLM installation	UNKNOWN STEP	2025-06-03T09:45:44.5659869Z #14 8.288   Installing       : nspr-4.35.0-17.el9_2.x86_64                          18/84 
Test OLM installation	UNKNOWN STEP	2025-06-03T09:45:44.5660370Z #14 8.291   Installing       : nss-util-3.101.0-10.el9_2.x86_64                     19/84 
Test OLM installation	UNKNOWN STEP	2025-06-03T09:45:44.5660891Z #14 8.294   Installing       : zlib-1.2.11-40.el9.x86_64                            20/84 
Test OLM installation	UNKNOWN STEP	2025-06-03T09:45:44.5661400Z #14 8.299   Installing       : readline-8.1-4.el9.x86_64                            21/84 
Test OLM installation	UNKNOWN STEP	2025-06-03T09:45:44.5661919Z #14 8.302   Installing       : libtasn1-4.16.0-9.el9.x86_64                         22/84 
Test OLM installation	UNKNOWN STEP	2025-06-03T09:45:44.5662440Z #14 8.306   Installing       : libxcrypt-4.4.18-3.el9.x86_64                        23/84 
Test OLM installation	UNKNOWN STEP	2025-06-03T09:45:44.5662972Z #14 8.313   Installing       : sqlite-libs-3.34.1-7.el9_3.x86_64                    24/84 
Test OLM installation	UNKNOWN STEP	2025-06-03T09:45:44.5663506Z #14 8.316   Installing       : alternatives-1.24-2.el9.x86_64                       25/84 
Test OLM installation	UNKNOWN STEP	2025-06-03T09:45:44.5664107Z #14 8.322   Installing       : gmp-1:6.2.0-13.el9.x86_64                            26/84 
Test OLM installation	UNKNOWN STEP	2025-06-03T09:45:44.5664842Z #14 8.325   Installing       : libattr-2.5.1-3.el9.x86_64                           27/84 
Test OLM installation	UNKNOWN STEP	2025-06-03T09:45:44.5665603Z #14 8.327   Installing       : libacl-2.3.1-4.el9.x86_64                            28/84 
Test OLM installation	UNKNOWN STEP	2025-06-03T09:45:44.5666132Z #14 8.333   Installing       : libcap-2.48-9.el9_2.x86_64                           29/84 
Test OLM installation	UNKNOWN STEP	2025-06-03T09:45:44.5666640Z #14 8.336   Installing       : libffi-3.4.2-8.el9.x86_64                            30/84 
Test OLM installation	UNKNOWN STEP	2025-06-03T09:45:44.7234354Z #14 8.347   Installing       : p11-kit-0.25.3-3.el9_5.x86_64                        31/84 
Test OLM installation	UNKNOWN STEP	2025-06-03T09:45:44.7235017Z #14 8.353   Installing       : p11-kit-trust-0.25.3-3.el9_5.x86_64                  32/84 
Test OLM installation	UNKNOWN STEP	2025-06-03T09:45:44.8200246Z #14 8.354   Running scriptlet: p11-kit-trust-0.25.3-3.el9_5.x86_64                  32/84 
Test OLM installation	UNKNOWN STEP	2025-06-03T09:45:44.9241590Z #14 8.601   Installing       : libsigsegv-2.13-4.el9.x86_64                         33/84 
Test OLM installation	UNKNOWN STEP	2025-06-03T09:45:44.9243968Z #14 8.610   Installing       : libunistring-0.9.10-15.el9.x86_64                    34/84 
Test OLM installation	UNKNOWN STEP	2025-06-03T09:45:44.9245003Z #14 8.615   Installing       : lua-libs-5.4.4-4.el9.x86_64                          35/84 
Test OLM installation	UNKNOWN STEP	2025-06-03T09:45:44.9245797Z #14 8.618   Installing       : xz-libs-5.2.5-8.el9_0.x86_64                         36/84 
Test OLM installation	UNKNOWN STEP	2025-06-03T09:45:44.9246479Z #14 8.623   Installing       : lua-5.4.4-4.el9.x86_64                               37/84 
Test OLM installation	UNKNOWN STEP	2025-06-03T09:45:44.9247040Z #14 8.637   Installing       : lua-posix-35.0-8.el9.x86_64                          38/84 
Test OLM installation	UNKNOWN STEP	2025-06-03T09:45:44.9247622Z #14 8.642   Installing       : libidn2-2.3.0-7.el9.x86_64                           39/84 
Test OLM installation	UNKNOWN STEP	2025-06-03T09:45:44.9248484Z #14 8.647   Installing       : mpfr-4.1.0-7.el9.x86_64                              40/84 
Test OLM installation	UNKNOWN STEP	2025-06-03T09:45:44.9249023Z #14 8.662   Installing       : gawk-5.1.0-6.el9.x86_64                              41/84 
Test OLM installation	UNKNOWN STEP	2025-06-03T09:45:44.9249597Z #14 8.670   Installing       : nss-softokn-freebl-3.101.0-10.el9_2.x86_64           42/84 
Test OLM installation	UNKNOWN STEP	2025-06-03T09:45:44.9250273Z #14 8.679   Installing       : nss-softokn-3.101.0-10.el9_2.x86_64                  43/84 
Test OLM installation	UNKNOWN STEP	2025-06-03T09:45:44.9251099Z #14 8.684   Installing       : lksctp-tools-1.0.19-3.el9_4.x86_64                   44/84 
Test OLM installation	UNKNOWN STEP	2025-06-03T09:45:44.9251968Z #14 8.687   Installing       : bzip2-libs-1.0.8-10.el9_5.x86_64                     45/84 
Test OLM installation	UNKNOWN STEP	2025-06-03T09:45:44.9252728Z #14 8.691   Installing       : expat-2.5.0-5.el9_6.x86_64                           46/84 
Test OLM installation	UNKNOWN STEP	2025-06-03T09:45:44.9253484Z #14 8.695   Installing       : gdbm-libs-1:1.23-1.el9.x86_64                        47/84 
Test OLM installation	UNKNOWN STEP	2025-06-03T09:45:44.9254069Z #14 8.698   Installing       : keyutils-libs-1.6.3-1.el9.x86_64                     48/84 
Test OLM installation	UNKNOWN STEP	2025-06-03T09:45:44.9254643Z #14 8.701   Installing       : libcom_err-1.46.5-7.el9.x86_64                       49/84 
Test OLM installation	UNKNOWN STEP	2025-06-03T09:45:45.1713856Z #14 8.706   Installing       : libgpg-error-1.42-5.el9.x86_64                       50/84 
Test OLM installation	UNKNOWN STEP	2025-06-03T09:45:45.1714699Z #14 8.714   Installing       : libgcrypt-1.10.0-11.el9.x86_64                       51/84 
Test OLM installation	UNKNOWN STEP	2025-06-03T09:45:45.1715709Z #14 8.719   Installing       : libsepol-3.6-2.el9.x86_64                            52/84 
Test OLM installation	UNKNOWN STEP	2025-06-03T09:45:45.1716469Z #14 8.722   Installing       : libuuid-2.37.4-21.el9.x86_64                         53/84 
Test OLM installation	UNKNOWN STEP	2025-06-03T09:45:45.1717196Z #14 8.725   Installing       : libverto-0.3.2-3.el9.x86_64                          54/84 
Test OLM installation	UNKNOWN STEP	2025-06-03T09:45:45.1717912Z #14 8.730   Installing       : libzstd-1.5.5-1.el9.x86_64                           55/84 
Test OLM installation	UNKNOWN STEP	2025-06-03T09:45:45.1718611Z #14 8.733   Installing       : lz4-libs-1.9.3-5.el9.x86_64                          56/84 
Test OLM installation	UNKNOWN STEP	2025-06-03T09:45:45.1719333Z #14 8.740   Installing       : nettle-3.10.1-1.el9.x86_64                           57/84 
Test OLM installation	UNKNOWN STEP	2025-06-03T09:45:45.1720035Z #14 8.752   Installing       : gnutls-3.8.3-6.el9.x86_64                            58/84 
Test OLM installation	UNKNOWN STEP	2025-06-03T09:45:45.1720736Z #14 8.758   Installing       : pcre-8.44-4.el9.x86_64                               59/84 
Test OLM installation	UNKNOWN STEP	2025-06-03T09:45:45.1721425Z #14 8.763   Installing       : grep-3.6-5.el9.x86_64                                60/84 
Test OLM installation	UNKNOWN STEP	2025-06-03T09:45:45.1722128Z #14 8.769   Installing       : pcre2-10.40-6.el9.x86_64                             61/84 
Test OLM installation	UNKNOWN STEP	2025-06-03T09:45:45.1722851Z #14 8.772   Installing       : libselinux-3.6-3.el9.x86_64                          62/84 
Test OLM installation	UNKNOWN STEP	2025-06-03T09:45:45.1723599Z #14 8.793   Installing       : coreutils-single-8.32-39.el9.x86_64                  63/84 
Test OLM installation	UNKNOWN STEP	2025-06-03T09:45:45.1724316Z #14 8.799   Installing       : sed-4.8-9.el9.x86_64                                 64/84 
Test OLM installation	UNKNOWN STEP	2025-06-03T09:45:45.2770903Z #14 8.802   Running scriptlet: ca-certificates-2024.2.69_v8.0.303-91.4.el9_4.noar   65/84 
Test OLM installation	UNKNOWN STEP	2025-06-03T09:45:45.4321177Z #14 9.059   Installing       : ca-certificates-2024.2.69_v8.0.303-91.4.el9_4.noar   65/84 
Test OLM installation	UNKNOWN STEP	2025-06-03T09:45:46.3853424Z #14 9.063   Running scriptlet: ca-certificates-2024.2.69_v8.0.303-91.4.el9_4.noar   65/84 
Test OLM installation	UNKNOWN STEP	2025-06-03T09:45:46.5979592Z #14 10.17   Installing       : python3-pip-wheel-21.3.1-1.el9.noarch                66/84 
Test OLM installation	UNKNOWN STEP	2025-06-03T09:45:46.5980586Z #14 10.17   Installing       : openssl-fips-provider-so-3.0.7-6.el9_5.x86_64        67/84 
Test OLM installation	UNKNOWN STEP	2025-06-03T09:45:46.5981487Z #14 10.18   Installing       : openssl-fips-provider-3.0.7-6.el9_5.x86_64           68/84 
Test OLM installation	UNKNOWN STEP	2025-06-03T09:45:46.5982331Z #14 10.20   Installing       : openssl-libs-1:3.2.2-6.el9_5.1.x86_64                69/84 
Test OLM installation	UNKNOWN STEP	2025-06-03T09:45:46.5983064Z #14 10.22   Installing       : krb5-libs-1.21.1-6.el9.x86_64                        70/84 
Test OLM installation	UNKNOWN STEP	2025-06-03T09:45:46.5983805Z #14 10.23   Installing       : libevent-2.1.12-8.el9_4.x86_64                       71/84 
Test OLM installation	UNKNOWN STEP	2025-06-03T09:45:46.8026921Z #14 10.23   Installing       : python3-3.9.21-2.el9.x86_64                          72/84 
Test OLM installation	UNKNOWN STEP	2025-06-03T09:45:46.9901073Z #14 10.58   Installing       : python3-libs-3.9.21-2.el9.x86_64                     73/84 
Test OLM installation	UNKNOWN STEP	2025-06-03T09:45:46.9902585Z #14 10.61   Installing       : crypto-policies-scripts-20250128-1.git5269e22.el9.   74/84 
Test OLM installation	UNKNOWN STEP	2025-06-03T09:45:46.9903396Z #14 10.61   Installing       : nss-sysinit-3.101.0-10.el9_2.x86_64                  75/84 
Test OLM installation	UNKNOWN STEP	2025-06-03T09:45:46.9904109Z #14 10.62   Installing       : nss-3.101.0-10.el9_2.x86_64                          76/84 
Test OLM installation	UNKNOWN STEP	2025-06-03T09:45:47.0976609Z #14 10.62   Running scriptlet: nss-3.101.0-10.el9_2.x86_64                          76/84 
Test OLM installation	UNKNOWN STEP	2025-06-03T09:45:47.2515669Z #14 10.88   Installing       : systemd-libs-252-51.el9.x86_64                       77/84 
Test OLM installation	UNKNOWN STEP	2025-06-03T09:45:47.3726485Z #14 10.88   Running scriptlet: systemd-libs-252-51.el9.x86_64                       77/84 
Test OLM installation	UNKNOWN STEP	2025-06-03T09:45:47.5680256Z #14 11.15   Installing       : dbus-libs-1:1.12.20-8.el9.x86_64                     78/84 
Test OLM installation	UNKNOWN STEP	2025-06-03T09:45:47.5680860Z #14 11.16   Installing       : avahi-libs-0.8-22.el9_6.x86_64                       79/84 
Test OLM installation	UNKNOWN STEP	2025-06-03T09:45:47.5681396Z #14 11.17   Installing       : cups-libs-1:2.3.3op2-33.el9.x86_64                   80/84 
Test OLM installation	UNKNOWN STEP	2025-06-03T09:45:47.5681932Z #14 11.18   Installing       : findutils-1:4.8.0-7.el9.x86_64                       81/84 
Test OLM installation	UNKNOWN STEP	2025-06-03T09:45:48.1186391Z #14 11.18   Installing       : copy-jdk-configs-4.0-3.el9.noarch                    82/84 
Test OLM installation	UNKNOWN STEP	2025-06-03T09:45:48.1187332Z #14 11.20   Installing       : alsa-lib-1.2.13-2.el9.x86_64                         83/84 
Test OLM installation	UNKNOWN STEP	2025-06-03T09:45:48.2745611Z #14 11.90   Installing       : java-21-openjdk-headless-1:21.0.7.0.6-1.el9.x86_64   84/84 
Test OLM installation	UNKNOWN STEP	2025-06-03T09:45:48.3800821Z #14 11.91   Running scriptlet: java-21-openjdk-headless-1:21.0.7.0.6-1.el9.x86_64   84/84 
Test OLM installation	UNKNOWN STEP	2025-06-03T09:45:48.6612439Z #14 12.16   Running scriptlet: filesystem-3.16-5.el9.x86_64                         84/84 
Test OLM installation	UNKNOWN STEP	2025-06-03T09:45:49.8858394Z #14 12.44   Running scriptlet: ca-certificates-2024.2.69_v8.0.303-91.4.el9_4.noar   84/84 
Test OLM installation	UNKNOWN STEP	2025-06-03T09:45:50.4734846Z #14 13.67   Running scriptlet: crypto-policies-scripts-20250128-1.git5269e22.el9.   84/84 
Test OLM installation	UNKNOWN STEP	2025-06-03T09:45:51.0577710Z #14 14.25   Running scriptlet: nss-3.101.0-10.el9_2.x86_64                          84/84 
Test OLM installation	UNKNOWN STEP	2025-06-03T09:45:51.3030719Z #14 14.84   Running scriptlet: copy-jdk-configs-4.0-3.el9.noarch                    84/84 
Test OLM installation	UNKNOWN STEP	2025-06-03T09:45:51.8486539Z #14 15.08   Running scriptlet: java-21-openjdk-headless-1:21.0.7.0.6-1.el9.x86_64   84/84 
Test OLM installation	UNKNOWN STEP	2025-06-03T09:45:51.9491599Z #14 15.63   Verifying        : alternatives-1.24-2.el9.x86_64                        1/84 
Test OLM installation	UNKNOWN STEP	2025-06-03T09:45:51.9493806Z #14 15.63   Verifying        : avahi-libs-0.8-22.el9_6.x86_64                        2/84 
Test OLM installation	UNKNOWN STEP	2025-06-03T09:45:51.9495063Z #14 15.63   Verifying        : basesystem-11-13.el9.noarch                           3/84 
Test OLM installation	UNKNOWN STEP	2025-06-03T09:45:51.9496397Z #14 15.63   Verifying        : bash-5.1.8-9.el9.x86_64                               4/84 
Test OLM installation	UNKNOWN STEP	2025-06-03T09:45:51.9497276Z #14 15.63   Verifying        : bzip2-libs-1.0.8-10.el9_5.x86_64                      5/84 
Test OLM installation	UNKNOWN STEP	2025-06-03T09:45:51.9498180Z #14 15.63   Verifying        : ca-certificates-2024.2.69_v8.0.303-91.4.el9_4.noar    6/84 
Test OLM installation	UNKNOWN STEP	2025-06-03T09:45:51.9499157Z #14 15.63   Verifying        : coreutils-single-8.32-39.el9.x86_64                   7/84 
Test OLM installation	UNKNOWN STEP	2025-06-03T09:45:51.9500128Z #14 15.63   Verifying        : crypto-policies-20250128-1.git5269e22.el9.noarch      8/84 
Test OLM installation	UNKNOWN STEP	2025-06-03T09:45:51.9501133Z #14 15.63   Verifying        : crypto-policies-scripts-20250128-1.git5269e22.el9.    9/84 
Test OLM installation	UNKNOWN STEP	2025-06-03T09:45:51.9502071Z #14 15.63   Verifying        : cups-libs-1:2.3.3op2-33.el9.x86_64                   10/84 
Test OLM installation	UNKNOWN STEP	2025-06-03T09:45:51.9503076Z #14 15.63   Verifying        : dbus-libs-1:1.12.20-8.el9.x86_64                     11/84 
Test OLM installation	UNKNOWN STEP	2025-06-03T09:45:51.9503628Z #14 15.63   Verifying        : expat-2.5.0-5.el9_6.x86_64                           12/84 
Test OLM installation	UNKNOWN STEP	2025-06-03T09:45:51.9504466Z #14 15.63   Verifying        : filesystem-3.16-5.el9.x86_64                         13/84 
Test OLM installation	UNKNOWN STEP	2025-06-03T09:45:51.9505054Z #14 15.63   Verifying        : findutils-1:4.8.0-7.el9.x86_64                       14/84 
Test OLM installation	UNKNOWN STEP	2025-06-03T09:45:51.9505897Z #14 15.63   Verifying        : gawk-5.1.0-6.el9.x86_64                              15/84 
Test OLM installation	UNKNOWN STEP	2025-06-03T09:45:51.9506452Z #14 15.63   Verifying        : gdbm-libs-1:1.23-1.el9.x86_64                        16/84 
Test OLM installation	UNKNOWN STEP	2025-06-03T09:45:51.9506948Z #14 15.63   Verifying        : glibc-2.34-168.el9_6.14.x86_64                       17/84 
Test OLM installation	UNKNOWN STEP	2025-06-03T09:45:51.9507528Z #14 15.63   Verifying        : glibc-common-2.34-168.el9_6.14.x86_64                18/84 
Test OLM installation	UNKNOWN STEP	2025-06-03T09:45:51.9507970Z #14 15.63   Verifying        : glibc-langpack-en-2.34-168.el9_6.14.x86_64           19/84 
Test OLM installation	UNKNOWN STEP	2025-06-03T09:45:51.9508421Z #14 15.63   Verifying        : gmp-1:6.2.0-13.el9.x86_64                            20/84 
Test OLM installation	UNKNOWN STEP	2025-06-03T09:45:51.9508824Z #14 15.63   Verifying        : gnutls-3.8.3-6.el9.x86_64                            21/84 
Test OLM installation	UNKNOWN STEP	2025-06-03T09:45:51.9509224Z #14 15.63   Verifying        : grep-3.6-5.el9.x86_64                                22/84 
Test OLM installation	UNKNOWN STEP	2025-06-03T09:45:51.9509629Z #14 15.63   Verifying        : keyutils-libs-1.6.3-1.el9.x86_64                     23/84 
Test OLM installation	UNKNOWN STEP	2025-06-03T09:45:51.9510045Z #14 15.63   Verifying        : krb5-libs-1.21.1-6.el9.x86_64                        24/84 
Test OLM installation	UNKNOWN STEP	2025-06-03T09:45:51.9510438Z #14 15.63   Verifying        : libacl-2.3.1-4.el9.x86_64                            25/84 
Test OLM installation	UNKNOWN STEP	2025-06-03T09:45:51.9510838Z #14 15.63   Verifying        : libattr-2.5.1-3.el9.x86_64                           26/84 
Test OLM installation	UNKNOWN STEP	2025-06-03T09:45:51.9511243Z #14 15.63   Verifying        : libcap-2.48-9.el9_2.x86_64                           27/84 
Test OLM installation	UNKNOWN STEP	2025-06-03T09:45:51.9511644Z #14 15.63   Verifying        : libcom_err-1.46.5-7.el9.x86_64                       28/84 
Test OLM installation	UNKNOWN STEP	2025-06-03T09:45:51.9512044Z #14 15.63   Verifying        : libevent-2.1.12-8.el9_4.x86_64                       29/84 
Test OLM installation	UNKNOWN STEP	2025-06-03T09:45:51.9512446Z #14 15.63   Verifying        : libffi-3.4.2-8.el9.x86_64                            30/84 
Test OLM installation	UNKNOWN STEP	2025-06-03T09:45:51.9512841Z #14 15.63   Verifying        : libgcc-11.5.0-5.el9_5.x86_64                         31/84 
Test OLM installation	UNKNOWN STEP	2025-06-03T09:45:51.9513497Z #14 15.63   Verifying        : libgcrypt-1.10.0-11.el9.x86_64                       32/84 
Test OLM installation	UNKNOWN STEP	2025-06-03T09:45:51.9513915Z #14 15.63   Verifying        : libgpg-error-1.42-5.el9.x86_64                       33/84 
Test OLM installation	UNKNOWN STEP	2025-06-03T09:45:51.9514323Z #14 15.63   Verifying        : libidn2-2.3.0-7.el9.x86_64                           34/84 
Test OLM installation	UNKNOWN STEP	2025-06-03T09:45:51.9514732Z #14 15.63   Verifying        : libselinux-3.6-3.el9.x86_64                          35/84 
Test OLM installation	UNKNOWN STEP	2025-06-03T09:45:51.9515311Z #14 15.63   Verifying        : libsepol-3.6-2.el9.x86_64                            36/84 
Test OLM installation	UNKNOWN STEP	2025-06-03T09:45:51.9515768Z #14 15.63   Verifying        : libsigsegv-2.13-4.el9.x86_64                         37/84 
Test OLM installation	UNKNOWN STEP	2025-06-03T09:45:51.9516202Z #14 15.63   Verifying        : libtasn1-4.16.0-9.el9.x86_64                         38/84 
Test OLM installation	UNKNOWN STEP	2025-06-03T09:45:51.9516643Z #14 15.63   Verifying        : libunistring-0.9.10-15.el9.x86_64                    39/84 
Test OLM installation	UNKNOWN STEP	2025-06-03T09:45:51.9517063Z #14 15.63   Verifying        : libuuid-2.37.4-21.el9.x86_64                         40/84 
Test OLM installation	UNKNOWN STEP	2025-06-03T09:45:51.9517476Z #14 15.63   Verifying        : libverto-0.3.2-3.el9.x86_64                          41/84 
Test OLM installation	UNKNOWN STEP	2025-06-03T09:45:51.9517890Z #14 15.63   Verifying        : libxcrypt-4.4.18-3.el9.x86_64                        42/84 
Test OLM installation	UNKNOWN STEP	2025-06-03T09:45:51.9518307Z #14 15.63   Verifying        : libzstd-1.5.5-1.el9.x86_64                           43/84 
Test OLM installation	UNKNOWN STEP	2025-06-03T09:45:51.9518716Z #14 15.63   Verifying        : lksctp-tools-1.0.19-3.el9_4.x86_64                   44/84 
Test OLM installation	UNKNOWN STEP	2025-06-03T09:45:51.9519128Z #14 15.63   Verifying        : lua-libs-5.4.4-4.el9.x86_64                          45/84 
Test OLM installation	UNKNOWN STEP	2025-06-03T09:45:51.9519525Z #14 15.63   Verifying        : lz4-libs-1.9.3-5.el9.x86_64                          46/84 
Test OLM installation	UNKNOWN STEP	2025-06-03T09:45:51.9520111Z #14 15.63   Verifying        : mpfr-4.1.0-7.el9.x86_64                              47/84 
Test OLM installation	UNKNOWN STEP	2025-06-03T09:45:51.9520523Z #14 15.63   Verifying        : ncurses-base-6.2-10.20210508.el9.noarch              48/84 
Test OLM installation	UNKNOWN STEP	2025-06-03T09:45:51.9520954Z #14 15.63   Verifying        : ncurses-libs-6.2-10.20210508.el9.x86_64              49/84 
Test OLM installation	UNKNOWN STEP	2025-06-03T09:45:51.9521367Z #14 15.63   Verifying        : nettle-3.10.1-1.el9.x86_64                           50/84 
Test OLM installation	UNKNOWN STEP	2025-06-03T09:45:51.9521791Z #14 15.63   Verifying        : openssl-fips-provider-3.0.7-6.el9_5.x86_64           51/84 
Test OLM installation	UNKNOWN STEP	2025-06-03T09:45:51.9522348Z #14 15.63   Verifying        : openssl-fips-provider-so-3.0.7-6.el9_5.x86_64        52/84 
Test OLM installation	UNKNOWN STEP	2025-06-03T09:45:51.9523114Z #14 15.63   Verifying        : openssl-libs-1:3.2.2-6.el9_5.1.x86_64                53/84 
Test OLM installation	UNKNOWN STEP	2025-06-03T09:45:51.9523595Z #14 15.64   Verifying        : p11-kit-0.25.3-3.el9_5.x86_64                        54/84 
Test OLM installation	UNKNOWN STEP	2025-06-03T09:45:51.9524222Z #14 15.64   Verifying        : p11-kit-trust-0.25.3-3.el9_5.x86_64                  55/84 
Test OLM installation	UNKNOWN STEP	2025-06-03T09:45:51.9524742Z #14 15.64   Verifying        : pcre-8.44-4.el9.x86_64                               56/84 
Test OLM installation	UNKNOWN STEP	2025-06-03T09:45:51.9525330Z #14 15.64   Verifying        : pcre2-10.40-6.el9.x86_64                             57/84 
Test OLM installation	UNKNOWN STEP	2025-06-03T09:45:51.9525772Z #14 15.64   Verifying        : pcre2-syntax-10.40-6.el9.noarch                      58/84 
Test OLM installation	UNKNOWN STEP	2025-06-03T09:45:51.9526194Z #14 15.64   Verifying        : python3-3.9.21-2.el9.x86_64                          59/84 
Test OLM installation	UNKNOWN STEP	2025-06-03T09:45:51.9526612Z #14 15.64   Verifying        : python3-libs-3.9.21-2.el9.x86_64                     60/84 
Test OLM installation	UNKNOWN STEP	2025-06-03T09:45:51.9527051Z #14 15.64   Verifying        : python3-pip-wheel-21.3.1-1.el9.noarch                61/84 
Test OLM installation	UNKNOWN STEP	2025-06-03T09:45:51.9527503Z #14 15.64   Verifying        : python3-setuptools-wheel-53.0.0-13.el9.noarch        62/84 
Test OLM installation	UNKNOWN STEP	2025-06-03T09:45:51.9527943Z #14 15.64   Verifying        : readline-8.1-4.el9.x86_64                            63/84 
Test OLM installation	UNKNOWN STEP	2025-06-03T09:45:51.9528370Z #14 15.64   Verifying        : redhat-release-9.6-0.1.el9.x86_64                    64/84 
Test OLM installation	UNKNOWN STEP	2025-06-03T09:45:51.9528778Z #14 15.64   Verifying        : sed-4.8-9.el9.x86_64                                 65/84 
Test OLM installation	UNKNOWN STEP	2025-06-03T09:45:51.9529171Z #14 15.64   Verifying        : setup-2.13.7-10.el9.noarch                           66/84 
Test OLM installation	UNKNOWN STEP	2025-06-03T09:45:51.9529588Z #14 15.64   Verifying        : sqlite-libs-3.34.1-7.el9_3.x86_64                    67/84 
Test OLM installation	UNKNOWN STEP	2025-06-03T09:45:51.9530011Z #14 15.64   Verifying        : systemd-libs-252-51.el9.x86_64                       68/84 
Test OLM installation	UNKNOWN STEP	2025-06-03T09:45:51.9530436Z #14 15.64   Verifying        : tzdata-2025b-1.el9.noarch                            69/84 
Test OLM installation	UNKNOWN STEP	2025-06-03T09:45:51.9530840Z #14 15.64   Verifying        : xz-libs-5.2.5-8.el9_0.x86_64                         70/84 
Test OLM installation	UNKNOWN STEP	2025-06-03T09:45:51.9531238Z #14 15.64   Verifying        : zlib-1.2.11-40.el9.x86_64                            71/84 
Test OLM installation	UNKNOWN STEP	2025-06-03T09:45:51.9531650Z #14 15.64   Verifying        : copy-jdk-configs-4.0-3.el9.noarch                    72/84 
Test OLM installation	UNKNOWN STEP	2025-06-03T09:45:51.9532068Z #14 15.64   Verifying        : lua-5.4.4-4.el9.x86_64                               73/84 
Test OLM installation	UNKNOWN STEP	2025-06-03T09:45:51.9532460Z #14 15.64   Verifying        : lua-posix-35.0-8.el9.x86_64                          74/84 
Test OLM installation	UNKNOWN STEP	2025-06-03T09:45:51.9532868Z #14 15.64   Verifying        : alsa-lib-1.2.13-2.el9.x86_64                         75/84 
Test OLM installation	UNKNOWN STEP	2025-06-03T09:45:51.9533281Z #14 15.64   Verifying        : java-21-openjdk-headless-1:21.0.7.0.6-1.el9.x86_64   76/84 
Test OLM installation	UNKNOWN STEP	2025-06-03T09:45:51.9533716Z #14 15.64   Verifying        : javapackages-filesystem-6.4.0-1.el9.noarch           77/84 
Test OLM installation	UNKNOWN STEP	2025-06-03T09:45:51.9534318Z #14 15.64   Verifying        : nspr-4.35.0-17.el9_2.x86_64                          78/84 
Test OLM installation	UNKNOWN STEP	2025-06-03T09:45:51.9534715Z #14 15.64   Verifying        : nss-3.101.0-10.el9_2.x86_64                          79/84 
Test OLM installation	UNKNOWN STEP	2025-06-03T09:45:51.9535502Z #14 15.64   Verifying        : nss-softokn-3.101.0-10.el9_2.x86_64                  80/84 
Test OLM installation	UNKNOWN STEP	2025-06-03T09:45:51.9536159Z #14 15.64   Verifying        : nss-softokn-freebl-3.101.0-10.el9_2.x86_64           81/84 
Test OLM installation	UNKNOWN STEP	2025-06-03T09:45:51.9536588Z #14 15.64   Verifying        : nss-sysinit-3.101.0-10.el9_2.x86_64                  82/84 
Test OLM installation	UNKNOWN STEP	2025-06-03T09:45:51.9537000Z #14 15.64   Verifying        : nss-util-3.101.0-10.el9_2.x86_64                     83/84 
Test OLM installation	UNKNOWN STEP	2025-06-03T09:45:51.9537420Z #14 15.64   Verifying        : tzdata-java-2025b-1.el9.noarch                       84/84 
Test OLM installation	UNKNOWN STEP	2025-06-03T09:45:51.9537765Z #14 15.72 Installed products updated.
Test OLM installation	UNKNOWN STEP	2025-06-03T09:45:51.9538007Z #14 15.73 
Test OLM installation	UNKNOWN STEP	2025-06-03T09:45:51.9538170Z #14 15.73 Installed:
Test OLM installation	UNKNOWN STEP	2025-06-03T09:45:51.9538554Z #14 15.73   alsa-lib-1.2.13-2.el9.x86_64                                                  
Test OLM installation	UNKNOWN STEP	2025-06-03T09:45:51.9538983Z #14 15.73   alternatives-1.24-2.el9.x86_64                                                
Test OLM installation	UNKNOWN STEP	2025-06-03T09:45:51.9539399Z #14 15.73   avahi-libs-0.8-22.el9_6.x86_64                                                
Test OLM installation	UNKNOWN STEP	2025-06-03T09:45:51.9539811Z #14 15.73   basesystem-11-13.el9.noarch                                                   
Test OLM installation	UNKNOWN STEP	2025-06-03T09:45:51.9540194Z #14 15.73   bash-5.1.8-9.el9.x86_64                                                       
Test OLM installation	UNKNOWN STEP	2025-06-03T09:45:51.9540582Z #14 15.73   bzip2-libs-1.0.8-10.el9_5.x86_64                                              
Test OLM installation	UNKNOWN STEP	2025-06-03T09:45:51.9541009Z #14 15.73   ca-certificates-2024.2.69_v8.0.303-91.4.el9_4.noarch                          
Test OLM installation	UNKNOWN STEP	2025-06-03T09:45:51.9541454Z #14 15.73   copy-jdk-configs-4.0-3.el9.noarch                                             
Test OLM installation	UNKNOWN STEP	2025-06-03T09:45:51.9541889Z #14 15.73   coreutils-single-8.32-39.el9.x86_64                                           
Test OLM installation	UNKNOWN STEP	2025-06-03T09:45:51.9542352Z #14 15.73   crypto-policies-20250128-1.git5269e22.el9.noarch                              
Test OLM installation	UNKNOWN STEP	2025-06-03T09:45:51.9542855Z #14 15.73   crypto-policies-scripts-20250128-1.git5269e22.el9.noarch                      
Test OLM installation	UNKNOWN STEP	2025-06-03T09:45:51.9543306Z #14 15.73   cups-libs-1:2.3.3op2-33.el9.x86_64                                            
Test OLM installation	UNKNOWN STEP	2025-06-03T09:45:51.9543705Z #14 15.73   dbus-libs-1:1.12.20-8.el9.x86_64                                              
Test OLM installation	UNKNOWN STEP	2025-06-03T09:45:51.9544084Z #14 15.73   expat-2.5.0-5.el9_6.x86_64                                                    
Test OLM installation	UNKNOWN STEP	2025-06-03T09:45:51.9544469Z #14 15.73   filesystem-3.16-5.el9.x86_64                                                  
Test OLM installation	UNKNOWN STEP	2025-06-03T09:45:51.9544854Z #14 15.73   findutils-1:4.8.0-7.el9.x86_64                                                
Test OLM installation	UNKNOWN STEP	2025-06-03T09:45:51.9545446Z #14 15.73   gawk-5.1.0-6.el9.x86_64                                                       
Test OLM installation	UNKNOWN STEP	2025-06-03T09:45:51.9545823Z #14 15.73   gdbm-libs-1:1.23-1.el9.x86_64                                                 
Test OLM installation	UNKNOWN STEP	2025-06-03T09:45:51.9546202Z #14 15.73   glibc-2.34-168.el9_6.14.x86_64                                                
Test OLM installation	UNKNOWN STEP	2025-06-03T09:45:51.9546750Z #14 15.73   glibc-common-2.34-168.el9_6.14.x86_64                                         
Test OLM installation	UNKNOWN STEP	2025-06-03T09:45:51.9547183Z #14 15.73   glibc-langpack-en-2.34-168.el9_6.14.x86_64                                    
Test OLM installation	UNKNOWN STEP	2025-06-03T09:45:51.9547578Z #14 15.73   gmp-1:6.2.0-13.el9.x86_64                                                     
Test OLM installation	UNKNOWN STEP	2025-06-03T09:45:51.9547936Z #14 15.73   gnutls-3.8.3-6.el9.x86_64                                                     
Test OLM installation	UNKNOWN STEP	2025-06-03T09:45:51.9548293Z #14 15.73   grep-3.6-5.el9.x86_64                                                         
Test OLM installation	UNKNOWN STEP	2025-06-03T09:45:51.9548704Z #14 15.73   java-21-openjdk-headless-1:21.0.7.0.6-1.el9.x86_64                            
Test OLM installation	UNKNOWN STEP	2025-06-03T09:45:51.9549174Z #14 15.73   javapackages-filesystem-6.4.0-1.el9.noarch                                    
Test OLM installation	UNKNOWN STEP	2025-06-03T09:45:51.9549619Z #14 15.73   keyutils-libs-1.6.3-1.el9.x86_64                                              
Test OLM installation	UNKNOWN STEP	2025-06-03T09:45:51.9550015Z #14 15.73   krb5-libs-1.21.1-6.el9.x86_64                                                 
Test OLM installation	UNKNOWN STEP	2025-06-03T09:45:51.9550386Z #14 15.73   libacl-2.3.1-4.el9.x86_64                                                     
Test OLM installation	UNKNOWN STEP	2025-06-03T09:45:51.9550920Z #14 15.73   libattr-2.5.1-3.el9.x86_64                                                    
Test OLM installation	UNKNOWN STEP	2025-06-03T09:45:51.9551299Z #14 15.73   libcap-2.48-9.el9_2.x86_64                                                    
Test OLM installation	UNKNOWN STEP	2025-06-03T09:45:51.9551692Z #14 15.73   libcom_err-1.46.5-7.el9.x86_64                                                
Test OLM installation	UNKNOWN STEP	2025-06-03T09:45:51.9552206Z #14 15.73   libevent-2.1.12-8.el9_4.x86_64                                                
Test OLM installation	UNKNOWN STEP	2025-06-03T09:45:51.9552670Z #14 15.73   libffi-3.4.2-8.el9.x86_64                                                     
Test OLM installation	UNKNOWN STEP	2025-06-03T09:45:51.9553164Z #14 15.73   libgcc-11.5.0-5.el9_5.x86_64                                                  
Test OLM installation	UNKNOWN STEP	2025-06-03T09:45:51.9553572Z #14 15.73   libgcrypt-1.10.0-11.el9.x86_64                                                
Test OLM installation	UNKNOWN STEP	2025-06-03T09:45:51.9553980Z #14 15.73   libgpg-error-1.42-5.el9.x86_64                                                
Test OLM installation	UNKNOWN STEP	2025-06-03T09:45:51.9554396Z #14 15.73   libidn2-2.3.0-7.el9.x86_64                                                    
Test OLM installation	UNKNOWN STEP	2025-06-03T09:45:51.9554790Z #14 15.73   libselinux-3.6-3.el9.x86_64                                                   
Test OLM installation	UNKNOWN STEP	2025-06-03T09:45:51.9555380Z #14 15.73   libsepol-3.6-2.el9.x86_64                                                     
Test OLM installation	UNKNOWN STEP	2025-06-03T09:45:51.9555820Z #14 15.73   libsigsegv-2.13-4.el9.x86_64                                                  
Test OLM installation	UNKNOWN STEP	2025-06-03T09:45:51.9556243Z #14 15.73   libtasn1-4.16.0-9.el9.x86_64                                                  
Test OLM installation	UNKNOWN STEP	2025-06-03T09:45:51.9556651Z #14 15.73   libunistring-0.9.10-15.el9.x86_64                                             
Test OLM installation	UNKNOWN STEP	2025-06-03T09:45:51.9557045Z #14 15.73   libuuid-2.37.4-21.el9.x86_64                                                  
Test OLM installation	UNKNOWN STEP	2025-06-03T09:45:51.9557647Z #14 15.73   libverto-0.3.2-3.el9.x86_64                                                   
Test OLM installation	UNKNOWN STEP	2025-06-03T09:45:51.9558041Z #14 15.73   libxcrypt-4.4.18-3.el9.x86_64                                                 
Test OLM installation	UNKNOWN STEP	2025-06-03T09:45:51.9558431Z #14 15.73   libzstd-1.5.5-1.el9.x86_64                                                    
Test OLM installation	UNKNOWN STEP	2025-06-03T09:45:51.9558823Z #14 15.73   lksctp-tools-1.0.19-3.el9_4.x86_64                                            
Test OLM installation	UNKNOWN STEP	2025-06-03T09:45:51.9559200Z #14 15.73   lua-5.4.4-4.el9.x86_64                                                        
Test OLM installation	UNKNOWN STEP	2025-06-03T09:45:51.9559559Z #14 15.73   lua-libs-5.4.4-4.el9.x86_64                                                   
Test OLM installation	UNKNOWN STEP	2025-06-03T09:45:51.9559940Z #14 15.73   lua-posix-35.0-8.el9.x86_64                                                   
Test OLM installation	UNKNOWN STEP	2025-06-03T09:45:51.9560321Z #14 15.73   lz4-libs-1.9.3-5.el9.x86_64                                                   
Test OLM installation	UNKNOWN STEP	2025-06-03T09:45:51.9560677Z #14 15.73   mpfr-4.1.0-7.el9.x86_64                                                       
Test OLM installation	UNKNOWN STEP	2025-06-03T09:45:51.9561078Z #14 15.73   ncurses-base-6.2-10.20210508.el9.noarch                                       
Test OLM installation	UNKNOWN STEP	2025-06-03T09:45:51.9561533Z #14 15.73   ncurses-libs-6.2-10.20210508.el9.x86_64                                       
Test OLM installation	UNKNOWN STEP	2025-06-03T09:45:51.9561954Z #14 15.73   nettle-3.10.1-1.el9.x86_64                                                    
Test OLM installation	UNKNOWN STEP	2025-06-03T09:45:51.9562327Z #14 15.73   nspr-4.35.0-17.el9_2.x86_64                                                   
Test OLM installation	UNKNOWN STEP	2025-06-03T09:45:51.9562698Z #14 15.73   nss-3.101.0-10.el9_2.x86_64                                                   
Test OLM installation	UNKNOWN STEP	2025-06-03T09:45:51.9563084Z #14 15.73   nss-softokn-3.101.0-10.el9_2.x86_64                                           
Test OLM installation	UNKNOWN STEP	2025-06-03T09:45:51.9563502Z #14 15.73   nss-softokn-freebl-3.101.0-10.el9_2.x86_64                                    
Test OLM installation	UNKNOWN STEP	2025-06-03T09:45:51.9563929Z #14 15.73   nss-sysinit-3.101.0-10.el9_2.x86_64                                           
Test OLM installation	UNKNOWN STEP	2025-06-03T09:45:51.9564328Z #14 15.73   nss-util-3.101.0-10.el9_2.x86_64                                              
Test OLM installation	UNKNOWN STEP	2025-06-03T09:45:51.9564757Z #14 15.73   openssl-fips-provider-3.0.7-6.el9_5.x86_64                                    
Test OLM installation	UNKNOWN STEP	2025-06-03T09:45:51.9565562Z #14 15.73   openssl-fips-provider-so-3.0.7-6.el9_5.x86_64                                 
Test OLM installation	UNKNOWN STEP	2025-06-03T09:45:51.9566161Z #14 15.73   openssl-libs-1:3.2.2-6.el9_5.1.x86_64                                         
Test OLM installation	UNKNOWN STEP	2025-06-03T09:45:51.9566723Z #14 15.73   p11-kit-0.25.3-3.el9_5.x86_64                                                 
Test OLM installation	UNKNOWN STEP	2025-06-03T09:45:51.9567125Z #14 15.73   p11-kit-trust-0.25.3-3.el9_5.x86_64                                           
Test OLM installation	UNKNOWN STEP	2025-06-03T09:45:51.9567505Z #14 15.73   pcre-8.44-4.el9.x86_64                                                        
Test OLM installation	UNKNOWN STEP	2025-06-03T09:45:51.9568006Z #14 15.73   pcre2-10.40-6.el9.x86_64                                                      
Test OLM installation	UNKNOWN STEP	2025-06-03T09:45:51.9568430Z #14 15.73   pcre2-syntax-10.40-6.el9.noarch                                               
Test OLM installation	UNKNOWN STEP	2025-06-03T09:45:51.9568837Z #14 15.73   python3-3.9.21-2.el9.x86_64                                                   
Test OLM installation	UNKNOWN STEP	2025-06-03T09:45:51.9569229Z #14 15.73   python3-libs-3.9.21-2.el9.x86_64                                              
Test OLM installation	UNKNOWN STEP	2025-06-03T09:45:51.9569668Z #14 15.73   python3-pip-wheel-21.3.1-1.el9.noarch                                         
Test OLM installation	UNKNOWN STEP	2025-06-03T09:45:51.9570148Z #14 15.73   python3-setuptools-wheel-53.0.0-13.el9.noarch                                 
Test OLM installation	UNKNOWN STEP	2025-06-03T09:45:51.9570580Z #14 15.73   readline-8.1-4.el9.x86_64                                                     
Test OLM installation	UNKNOWN STEP	2025-06-03T09:45:51.9570982Z #14 15.73   redhat-release-9.6-0.1.el9.x86_64                                             
Test OLM installation	UNKNOWN STEP	2025-06-03T09:45:51.9571368Z #14 15.73   sed-4.8-9.el9.x86_64                                                          
Test OLM installation	UNKNOWN STEP	2025-06-03T09:45:51.9571740Z #14 15.73   setup-2.13.7-10.el9.noarch                                                    
Test OLM installation	UNKNOWN STEP	2025-06-03T09:45:51.9572133Z #14 15.73   sqlite-libs-3.34.1-7.el9_3.x86_64                                             
Test OLM installation	UNKNOWN STEP	2025-06-03T09:45:51.9572541Z #14 15.73   systemd-libs-252-51.el9.x86_64                                                
Test OLM installation	UNKNOWN STEP	2025-06-03T09:45:51.9572961Z #14 15.73   tzdata-2025b-1.el9.noarch                                                     
Test OLM installation	UNKNOWN STEP	2025-06-03T09:45:51.9573376Z #14 15.73   tzdata-java-2025b-1.el9.noarch                                                
Test OLM installation	UNKNOWN STEP	2025-06-03T09:45:51.9573770Z #14 15.73   xz-libs-5.2.5-8.el9_0.x86_64                                                  
Test OLM installation	UNKNOWN STEP	2025-06-03T09:45:51.9574142Z #14 15.73   zlib-1.2.11-40.el9.x86_64                                                     
Test OLM installation	UNKNOWN STEP	2025-06-03T09:45:51.9574430Z #14 15.73 
Test OLM installation	UNKNOWN STEP	2025-06-03T09:45:51.9574589Z #14 15.73 Complete!
Test OLM installation	UNKNOWN STEP	2025-06-03T09:45:52.0541743Z #14 15.84 + dnf --installroot /tmp/null/rootfs clean all
Test OLM installation	UNKNOWN STEP	2025-06-03T09:45:52.3060553Z #14 16.09 Updating Subscription Management repositories.
Test OLM installation	UNKNOWN STEP	2025-06-03T09:45:52.5111951Z #14 16.09 Unable to read consumer identity
Test OLM installation	UNKNOWN STEP	2025-06-03T09:45:52.5112316Z #14 16.09 
Test OLM installation	UNKNOWN STEP	2025-06-03T09:45:52.5112825Z #14 16.09 This system is not registered with an entitlement server. You can use subscription-manager to register.
Test OLM installation	UNKNOWN STEP	2025-06-03T09:45:52.5113430Z #14 16.09 
Test OLM installation	UNKNOWN STEP	2025-06-03T09:45:52.5113642Z #14 16.10 26 files removed
Test OLM installation	UNKNOWN STEP	2025-06-03T09:45:52.5114926Z #14 16.14 + rm -rf /tmp/null/rootfs/var/cache/bpf /tmp/null/rootfs/var/cache/dnf /tmp/null/rootfs/var/cache/ldconfig /tmp/null/rootfs/var/log/dnf.librepo.log /tmp/null/rootfs/var/log/dnf.log /tmp/null/rootfs/var/log/dnf.rpm.log '/tmp/null/rootfs/var/log/yum.*'
Test OLM installation	UNKNOWN STEP	2025-06-03T09:45:52.5116666Z #14 16.14 ==> Building dependency tree
Test OLM installation	UNKNOWN STEP	2025-06-03T09:45:52.7645982Z #14 16.55 ==> 42 packages to erase:
Test OLM installation	UNKNOWN STEP	2025-06-03T09:45:52.9198828Z #14 16.55 alsa-lib
Test OLM installation	UNKNOWN STEP	2025-06-03T09:45:52.9202389Z #14 16.55 avahi-libs
Test OLM installation	UNKNOWN STEP	2025-06-03T09:45:52.9202883Z #14 16.55 bzip2-libs
Test OLM installation	UNKNOWN STEP	2025-06-03T09:45:52.9204112Z #14 16.55 copy-jdk-configs
Test OLM installation	UNKNOWN STEP	2025-06-03T09:45:52.9204514Z #14 16.55 cups-libs
Test OLM installation	UNKNOWN STEP	2025-06-03T09:45:52.9204934Z #14 16.55 dbus-libs
Test OLM installation	UNKNOWN STEP	2025-06-03T09:45:52.9205714Z #14 16.55 expat
Test OLM installation	UNKNOWN STEP	2025-06-03T09:45:52.9206040Z #14 16.55 gawk
Test OLM installation	UNKNOWN STEP	2025-06-03T09:45:52.9206335Z #14 16.55 gdbm-libs
Test OLM installation	UNKNOWN STEP	2025-06-03T09:45:52.9206626Z #14 16.55 gmp
Test OLM installation	UNKNOWN STEP	2025-06-03T09:45:52.9206898Z #14 16.55 gnutls
Test OLM installation	UNKNOWN STEP	2025-06-03T09:45:52.9207575Z #14 16.55 gpg-pubkey
Test OLM installation	UNKNOWN STEP	2025-06-03T09:45:52.9207895Z #14 16.55 keyutils-libs
Test OLM installation	UNKNOWN STEP	2025-06-03T09:45:52.9208213Z #14 16.55 krb5-libs
Test OLM installation	UNKNOWN STEP	2025-06-03T09:45:52.9208503Z #14 16.55 libcom_err
Test OLM installation	UNKNOWN STEP	2025-06-03T09:45:52.9208790Z #14 16.55 libevent
Test OLM installation	UNKNOWN STEP	2025-06-03T09:45:52.9209079Z #14 16.55 libffi
Test OLM installation	UNKNOWN STEP	2025-06-03T09:45:52.9209361Z #14 16.55 libgcrypt
Test OLM installation	UNKNOWN STEP	2025-06-03T09:45:52.9209661Z #14 16.55 libgpg-error
Test OLM installation	UNKNOWN STEP	2025-06-03T09:45:52.9210005Z #14 16.55 libidn2
Test OLM installation	UNKNOWN STEP	2025-06-03T09:45:52.9210295Z #14 16.55 libunistring
Test OLM installation	UNKNOWN STEP	2025-06-03T09:45:52.9210588Z #14 16.55 libuuid
Test OLM installation	UNKNOWN STEP	2025-06-03T09:45:52.9210867Z #14 16.55 libverto
Test OLM installation	UNKNOWN STEP	2025-06-03T09:45:52.9211148Z #14 16.55 libxcrypt
Test OLM installation	UNKNOWN STEP	2025-06-03T09:45:52.9211635Z #14 16.55 libzstd
Test OLM installation	UNKNOWN STEP	2025-06-03T09:45:52.9211918Z #14 16.55 lua
Test OLM installation	UNKNOWN STEP	2025-06-03T09:45:52.9212190Z #14 16.55 lua-libs
Test OLM installation	UNKNOWN STEP	2025-06-03T09:45:52.9212478Z #14 16.55 lua-posix
Test OLM installation	UNKNOWN STEP	2025-06-03T09:45:52.9212759Z #14 16.55 lz4-libs
Test OLM installation	UNKNOWN STEP	2025-06-03T09:45:52.9213035Z #14 16.55 mpfr
Test OLM installation	UNKNOWN STEP	2025-06-03T09:45:52.9213307Z #14 16.55 nettle
Test OLM installation	UNKNOWN STEP	2025-06-03T09:45:52.9213786Z #14 16.55 openssl-fips-provider
Test OLM installation	UNKNOWN STEP	2025-06-03T09:45:52.9214204Z #14 16.55 openssl-fips-provider-so
Test OLM installation	UNKNOWN STEP	2025-06-03T09:45:52.9214601Z #14 16.55 openssl-libs
Test OLM installation	UNKNOWN STEP	2025-06-03T09:45:52.9214905Z #14 16.55 p11-kit
Test OLM installation	UNKNOWN STEP	2025-06-03T09:45:52.9215347Z #14 16.55 python3
Test OLM installation	UNKNOWN STEP	2025-06-03T09:45:52.9215643Z #14 16.55 python3-libs
Test OLM installation	UNKNOWN STEP	2025-06-03T09:45:52.9215996Z #14 16.55 python3-pip-wheel
Test OLM installation	UNKNOWN STEP	2025-06-03T09:45:52.9216364Z #14 16.55 python3-setuptools-wheel
Test OLM installation	UNKNOWN STEP	2025-06-03T09:45:52.9216751Z #14 16.55 readline
Test OLM installation	UNKNOWN STEP	2025-06-03T09:45:52.9217048Z #14 16.55 systemd-libs
Test OLM installation	UNKNOWN STEP	2025-06-03T09:45:52.9217338Z #14 16.55 xz-libs
Test OLM installation	UNKNOWN STEP	2025-06-03T09:45:52.9217643Z #14 16.55 ==> 43 packages to keep:
Test OLM installation	UNKNOWN STEP	2025-06-03T09:45:52.9218009Z #14 16.55 alternatives
Test OLM installation	UNKNOWN STEP	2025-06-03T09:45:52.9218315Z #14 16.55 basesystem
Test OLM installation	UNKNOWN STEP	2025-06-03T09:45:52.9218610Z #14 16.55 bash
Test OLM installation	UNKNOWN STEP	2025-06-03T09:45:52.9218904Z #14 16.55 ca-certificates
Test OLM installation	UNKNOWN STEP	2025-06-03T09:45:52.9219237Z #14 16.55 coreutils-single
Test OLM installation	UNKNOWN STEP	2025-06-03T09:45:52.9219583Z #14 16.55 crypto-policies
Test OLM installation	UNKNOWN STEP	2025-06-03T09:45:52.9219948Z #14 16.55 crypto-policies-scripts
Test OLM installation	UNKNOWN STEP	2025-06-03T09:45:52.9220315Z #14 16.55 filesystem
Test OLM installation	UNKNOWN STEP	2025-06-03T09:45:52.9220620Z #14 16.55 findutils
Test OLM installation	UNKNOWN STEP	2025-06-03T09:45:52.9220906Z #14 16.55 glibc
Test OLM installation	UNKNOWN STEP	2025-06-03T09:45:52.9221181Z #14 16.55 glibc-common
Test OLM installation	UNKNOWN STEP	2025-06-03T09:45:52.9221505Z #14 16.55 glibc-langpack-en
Test OLM installation	UNKNOWN STEP	2025-06-03T09:45:52.9221852Z #14 16.55 grep
Test OLM installation	UNKNOWN STEP	2025-06-03T09:45:52.9222154Z #14 16.55 java-21-openjdk-headless
Test OLM installation	UNKNOWN STEP	2025-06-03T09:45:52.9222534Z #14 16.55 javapackages-filesystem
Test OLM installation	UNKNOWN STEP	2025-06-03T09:45:52.9222889Z #14 16.55 libacl
Test OLM installation	UNKNOWN STEP	2025-06-03T09:45:52.9223156Z #14 16.55 libattr
Test OLM installation	UNKNOWN STEP	2025-06-03T09:45:52.9223414Z #14 16.55 libcap
Test OLM installation	UNKNOWN STEP	2025-06-03T09:45:52.9223663Z #14 16.55 libgcc
Test OLM installation	UNKNOWN STEP	2025-06-03T09:45:52.9223925Z #14 16.55 libselinux
Test OLM installation	UNKNOWN STEP	2025-06-03T09:45:52.9224201Z #14 16.55 libsepol
Test OLM installation	UNKNOWN STEP	2025-06-03T09:45:52.9224487Z #14 16.55 libsigsegv
Test OLM installation	UNKNOWN STEP	2025-06-03T09:45:52.9224766Z #14 16.55 libtasn1
Test OLM installation	UNKNOWN STEP	2025-06-03T09:45:52.9225036Z #14 16.55 lksctp-tools
Test OLM installation	UNKNOWN STEP	2025-06-03T09:45:52.9225929Z #14 16.55 ncurses-base
Test OLM installation	UNKNOWN STEP	2025-06-03T09:45:52.9226251Z #14 16.55 ncurses-libs
Test OLM installation	UNKNOWN STEP	2025-06-03T09:45:52.9226547Z #14 16.55 nspr
Test OLM installation	UNKNOWN STEP	2025-06-03T09:45:52.9226819Z #14 16.55 nss
Test OLM installation	UNKNOWN STEP	2025-06-03T09:45:52.9227105Z #14 16.55 nss-softokn
Test OLM installation	UNKNOWN STEP	2025-06-03T09:45:52.9227421Z #14 16.55 nss-softokn-freebl
Test OLM installation	UNKNOWN STEP	2025-06-03T09:45:52.9227768Z #14 16.55 nss-sysinit
Test OLM installation	UNKNOWN STEP	2025-06-03T09:45:52.9228067Z #14 16.55 nss-util
Test OLM installation	UNKNOWN STEP	2025-06-03T09:45:52.9228355Z #14 16.55 p11-kit-trust
Test OLM installation	UNKNOWN STEP	2025-06-03T09:45:52.9228667Z #14 16.55 pcre
Test OLM installation	UNKNOWN STEP	2025-06-03T09:45:52.9228935Z #14 16.55 pcre2
Test OLM installation	UNKNOWN STEP	2025-06-03T09:45:52.9229221Z #14 16.55 pcre2-syntax
Test OLM installation	UNKNOWN STEP	2025-06-03T09:45:52.9229523Z #14 16.55 redhat-release
Test OLM installation	UNKNOWN STEP	2025-06-03T09:45:52.9229836Z #14 16.55 sed
Test OLM installation	UNKNOWN STEP	2025-06-03T09:45:52.9230102Z #14 16.55 setup
Test OLM installation	UNKNOWN STEP	2025-06-03T09:45:52.9230370Z #14 16.55 sqlite-libs
Test OLM installation	UNKNOWN STEP	2025-06-03T09:45:52.9230670Z #14 16.55 tzdata
Test OLM installation	UNKNOWN STEP	2025-06-03T09:45:52.9230947Z #14 16.55 tzdata-java
Test OLM installation	UNKNOWN STEP	2025-06-03T09:45:52.9231245Z #14 16.55 zlib
Test OLM installation	UNKNOWN STEP	2025-06-03T09:45:52.9231514Z #14 16.55 
Test OLM installation	UNKNOWN STEP	2025-06-03T09:45:52.9231796Z #14 16.55 ==> Erasing packages
Test OLM installation	UNKNOWN STEP	2025-06-03T09:45:52.9232292Z #14 16.55 + xargs rpm -r /tmp/null/rootfs --erase --nodeps --allmatches
Test OLM installation	UNKNOWN STEP	2025-06-03T09:45:53.0764703Z #14 16.86 
Test OLM installation	UNKNOWN STEP	2025-06-03T09:45:53.0765525Z #14 16.86 ==> Packages erased ok!
Test OLM installation	UNKNOWN STEP	2025-06-03T09:45:53.2433887Z #14 DONE 16.9s
Test OLM installation	UNKNOWN STEP	2025-06-03T09:45:54.5469806Z 
Test OLM installation	UNKNOWN STEP	2025-06-03T09:45:54.5470491Z #15 [stage-1 2/4] COPY --from=ubi-micro-build /tmp/null/rootfs/ /
Test OLM installation	UNKNOWN STEP	2025-06-03T09:45:55.7156345Z #15 DONE 1.2s
Test OLM installation	UNKNOWN STEP	2025-06-03T09:45:55.8701584Z 
Test OLM installation	UNKNOWN STEP	2025-06-03T09:45:55.8702264Z #16 [stage-1 3/4] COPY --from=ubi-micro-build --chown=1000:0 /opt/keycloak /opt/keycloak
Test OLM installation	UNKNOWN STEP	2025-06-03T09:45:56.1797219Z #16 DONE 0.5s
Test OLM installation	UNKNOWN STEP	2025-06-03T09:45:56.2938650Z 
Test OLM installation	UNKNOWN STEP	2025-06-03T09:45:56.2939705Z #17 [stage-1 4/4] RUN echo "keycloak:x:0:root" >> /etc/group &&     echo "keycloak:x:1000:0:keycloak user:/opt/keycloak:/sbin/nologin" >> /etc/passwd
Test OLM installation	UNKNOWN STEP	2025-06-03T09:45:56.2940571Z #17 DONE 0.1s
Test OLM installation	UNKNOWN STEP	2025-06-03T09:45:56.4467786Z 
Test OLM installation	UNKNOWN STEP	2025-06-03T09:45:56.4468947Z #18 exporting to image
Test OLM installation	UNKNOWN STEP	2025-06-03T09:45:56.4469401Z #18 exporting layers
Test OLM installation	UNKNOWN STEP	2025-06-03T09:45:57.7127739Z #18 exporting layers 1.4s done
Test OLM installation	UNKNOWN STEP	2025-06-03T09:45:57.7261067Z #18 writing image sha256:1be834868b45e7e2b90d2447e149eb560f6f536f6a4322bc83c022f11d094165 done
Test OLM installation	UNKNOWN STEP	2025-06-03T09:45:57.7262004Z #18 naming to ttl.sh/e7a389keycloak:86400000.0.0 done
Test OLM installation	UNKNOWN STEP	2025-06-03T09:45:57.7262550Z #18 DONE 1.4s
Test OLM installation	UNKNOWN STEP	2025-06-03T09:45:57.7311109Z + docker push ttl.sh/e7a389keycloak:86400000.0.0
Test OLM installation	UNKNOWN STEP	2025-06-03T09:45:57.9586061Z The push refers to repository [ttl.sh/e7a389keycloak]
Test OLM installation	UNKNOWN STEP	2025-06-03T09:45:58.0529193Z 2ab2254b0c23: Preparing
Test OLM installation	UNKNOWN STEP	2025-06-03T09:45:58.0530015Z bcb3871809fa: Preparing
Test OLM installation	UNKNOWN STEP	2025-06-03T09:45:58.0530635Z d0b32e4f6284: Preparing
Test OLM installation	UNKNOWN STEP	2025-06-03T09:45:58.0531142Z ef3cb51dff21: Preparing
Test OLM installation	UNKNOWN STEP	2025-06-03T09:46:01.3871592Z 2ab2254b0c23: Pushed
Test OLM installation	UNKNOWN STEP	2025-06-03T09:46:02.6679767Z ef3cb51dff21: Pushed
Test OLM installation	UNKNOWN STEP	2025-06-03T09:47:28.8238499Z error parsing HTTP 499 response body: invalid character '<' looking for beginning of value: "<!DOCTYPE html>\n<html>\n  <head>\n    <meta name=\"viewport\" content=\"width=device-width, initial-scale=1\">\n    <meta charset=\"utf-8\">\n    <title>Application Error</title>\n    <style media=\"screen\">\n      html,body,iframe {\n        margin: 0;\n        padding: 0;\n      }\n\n      html,body {\n        height: 100%;\n        overflow: hidden;\n      }\n\n      iframe {\n        width: 100%;\n        height: 100%;\n        border: 0;\n      }\n    </style>\n  </head>\n  <body>\n    <iframe src=\"https://www.herokucdn.com/error-pages/application-error.html\"></iframe>\n  </body>\n</html>"
Test OLM installation	UNKNOWN STEP	2025-06-03T09:47:28.8263198Z ##[error]Process completed with exit code 1.
Test OLM installation	UNKNOWN STEP	2025-06-03T09:47:28.8314526Z Post job cleanup.
Test OLM installation	UNKNOWN STEP	2025-06-03T09:47:28.8354086Z Post job cleanup.
Test OLM installation	UNKNOWN STEP	2025-06-03T09:47:29.0077515Z Post job cleanup.
Test OLM installation	UNKNOWN STEP	2025-06-03T09:47:29.1392192Z [command]/usr/bin/git version
Test OLM installation	UNKNOWN STEP	2025-06-03T09:47:29.1443350Z git version 2.49.0
Test OLM installation	UNKNOWN STEP	2025-06-03T09:47:29.1503484Z Temporarily overriding HOME='/home/runner/work/_temp/d7f27694-1186-4440-8a1b-36e9641af643' before making global git config changes
Test OLM installation	UNKNOWN STEP	2025-06-03T09:47:29.1505605Z Adding repository directory to the temporary git global config as a safe directory
Test OLM installation	UNKNOWN STEP	2025-06-03T09:47:29.1521061Z [command]/usr/bin/git config --global --add safe.directory /home/runner/work/keycloak/keycloak
Test OLM installation	UNKNOWN STEP	2025-06-03T09:47:29.1562364Z [command]/usr/bin/git config --local --name-only --get-regexp core\.sshCommand
Test OLM installation	UNKNOWN STEP	2025-06-03T09:47:29.1600206Z [command]/usr/bin/git submodule foreach --recursive sh -c "git config --local --name-only --get-regexp 'core\.sshCommand' && git config --local --unset-all 'core.sshCommand' || :"
Test OLM installation	UNKNOWN STEP	2025-06-03T09:47:29.1870220Z [command]/usr/bin/git config --local --name-only --get-regexp http\.https\:\/\/github\.com\/\.extraheader
Test OLM installation	UNKNOWN STEP	2025-06-03T09:47:29.1894016Z http.https://github.com/.extraheader
Test OLM installation	UNKNOWN STEP	2025-06-03T09:47:29.1910297Z [command]/usr/bin/git config --local --unset-all http.https://github.com/.extraheader
Test OLM installation	UNKNOWN STEP	2025-06-03T09:47:29.1943424Z [command]/usr/bin/git submodule foreach --recursive sh -c "git config --local --name-only --get-regexp 'http\.https\:\/\/github\.com\/\.extraheader' && git config --local --unset-all 'http.https://github.com/.extraheader' || :"
Test OLM installation	UNKNOWN STEP	2025-06-03T09:47:29.2306218Z Cleaning up orphan processes
Status Check - Keycloak Operator CI	UNKNOWN STEP	ï»¿2025-06-03T10:10:46.0645779Z Current runner version: '2.324.0'
Status Check - Keycloak Operator CI	UNKNOWN STEP	2025-06-03T10:10:46.0669186Z ##[group]Runner Image Provisioner
Status Check - Keycloak Operator CI	UNKNOWN STEP	2025-06-03T10:10:46.0670299Z Hosted Compute Agent
Status Check - Keycloak Operator CI	UNKNOWN STEP	2025-06-03T10:10:46.0670970Z Version: 20250508.323
Status Check - Keycloak Operator CI	UNKNOWN STEP	2025-06-03T10:10:46.0671521Z Commit: 81b259f29879f73b4213d199e42d8c3465dae986
Status Check - Keycloak Operator CI	UNKNOWN STEP	2025-06-03T10:10:46.0672186Z Build Date: 2025-05-08T19:40:08Z
Status Check - Keycloak Operator CI	UNKNOWN STEP	2025-06-03T10:10:46.0672805Z ##[endgroup]
Status Check - Keycloak Operator CI	UNKNOWN STEP	2025-06-03T10:10:46.0673362Z ##[group]Operating System
Status Check - Keycloak Operator CI	UNKNOWN STEP	2025-06-03T10:10:46.0673917Z Ubuntu
Status Check - Keycloak Operator CI	UNKNOWN STEP	2025-06-03T10:10:46.0674422Z 24.04.2
Status Check - Keycloak Operator CI	UNKNOWN STEP	2025-06-03T10:10:46.0674891Z LTS
Status Check - Keycloak Operator CI	UNKNOWN STEP	2025-06-03T10:10:46.0675302Z ##[endgroup]
Status Check - Keycloak Operator CI	UNKNOWN STEP	2025-06-03T10:10:46.0675832Z ##[group]Runner Image
Status Check - Keycloak Operator CI	UNKNOWN STEP	2025-06-03T10:10:46.0676361Z Image: ubuntu-24.04
Status Check - Keycloak Operator CI	UNKNOWN STEP	2025-06-03T10:10:46.0676892Z Version: 20250511.1.0
Status Check - Keycloak Operator CI	UNKNOWN STEP	2025-06-03T10:10:46.0677896Z Included Software: https://github.com/actions/runner-images/blob/ubuntu24/20250511.1/images/ubuntu/Ubuntu2404-Readme.md
Status Check - Keycloak Operator CI	UNKNOWN STEP	2025-06-03T10:10:46.0679449Z Image Release: https://github.com/actions/runner-images/releases/tag/ubuntu24%2F20250511.1
Status Check - Keycloak Operator CI	UNKNOWN STEP	2025-06-03T10:10:46.0681138Z ##[endgroup]
Status Check - Keycloak Operator CI	UNKNOWN STEP	2025-06-03T10:10:46.0682131Z ##[group]GITHUB_TOKEN Permissions
Status Check - Keycloak Operator CI	UNKNOWN STEP	2025-06-03T10:10:46.0684240Z Contents: read
Status Check - Keycloak Operator CI	UNKNOWN STEP	2025-06-03T10:10:46.0684768Z Metadata: read
Status Check - Keycloak Operator CI	UNKNOWN STEP	2025-06-03T10:10:46.0685264Z ##[endgroup]
Status Check - Keycloak Operator CI	UNKNOWN STEP	2025-06-03T10:10:46.0687343Z Secret source: None
Status Check - Keycloak Operator CI	UNKNOWN STEP	2025-06-03T10:10:46.0688052Z Prepare workflow directory
Status Check - Keycloak Operator CI	UNKNOWN STEP	2025-06-03T10:10:46.1090643Z Prepare all required actions
Status Check - Keycloak Operator CI	UNKNOWN STEP	2025-06-03T10:10:46.1145746Z Getting action download info
Status Check - Keycloak Operator CI	UNKNOWN STEP	2025-06-03T10:10:46.5307937Z ##[group]Download immutable action package 'actions/checkout@v4'
Status Check - Keycloak Operator CI	UNKNOWN STEP	2025-06-03T10:10:46.5309136Z Version: 4.2.2
Status Check - Keycloak Operator CI	UNKNOWN STEP	2025-06-03T10:10:46.5310416Z Digest: sha256:ccb2698953eaebd21c7bf6268a94f9c26518a7e38e27e0b83c1fe1ad049819b1
Status Check - Keycloak Operator CI	UNKNOWN STEP	2025-06-03T10:10:46.5311601Z Source commit SHA: 11bd71901bbe5b1630ceea73d27597364c9af683
Status Check - Keycloak Operator CI	UNKNOWN STEP	2025-06-03T10:10:46.5312366Z ##[endgroup]
Status Check - Keycloak Operator CI	UNKNOWN STEP	2025-06-03T10:10:46.6665520Z Complete job name: Status Check - Keycloak Operator CI
Status Check - Keycloak Operator CI	UNKNOWN STEP	2025-06-03T10:10:46.7323590Z ##[group]Run actions/checkout@v4
Status Check - Keycloak Operator CI	UNKNOWN STEP	2025-06-03T10:10:46.7324409Z with:
Status Check - Keycloak Operator CI	UNKNOWN STEP	2025-06-03T10:10:46.7324799Z   repository: keycloak/keycloak
Status Check - Keycloak Operator CI	UNKNOWN STEP	2025-06-03T10:10:46.7325435Z   token: ***
Status Check - Keycloak Operator CI	UNKNOWN STEP	2025-06-03T10:10:46.7325833Z   ssh-strict: true
Status Check - Keycloak Operator CI	UNKNOWN STEP	2025-06-03T10:10:46.7326217Z   ssh-user: git
Status Check - Keycloak Operator CI	UNKNOWN STEP	2025-06-03T10:10:46.7326617Z   persist-credentials: true
Status Check - Keycloak Operator CI	UNKNOWN STEP	2025-06-03T10:10:46.7327050Z   clean: true
Status Check - Keycloak Operator CI	UNKNOWN STEP	2025-06-03T10:10:46.7327438Z   sparse-checkout-cone-mode: true
Status Check - Keycloak Operator CI	UNKNOWN STEP	2025-06-03T10:10:46.7327910Z   fetch-depth: 1
Status Check - Keycloak Operator CI	UNKNOWN STEP	2025-06-03T10:10:46.7328291Z   fetch-tags: false
Status Check - Keycloak Operator CI	UNKNOWN STEP	2025-06-03T10:10:46.7328688Z   show-progress: true
Status Check - Keycloak Operator CI	UNKNOWN STEP	2025-06-03T10:10:46.7329084Z   lfs: false
Status Check - Keycloak Operator CI	UNKNOWN STEP	2025-06-03T10:10:46.7329445Z   submodules: false
Status Check - Keycloak Operator CI	UNKNOWN STEP	2025-06-03T10:10:46.7330008Z   set-safe-directory: true
Status Check - Keycloak Operator CI	UNKNOWN STEP	2025-06-03T10:10:46.7330668Z env:
Status Check - Keycloak Operator CI	UNKNOWN STEP	2025-06-03T10:10:46.7331180Z   MAVEN_ARGS: -B -nsu -Daether.connector.http.connectionMaxTtl=25
Status Check - Keycloak Operator CI	UNKNOWN STEP	2025-06-03T10:10:46.7331825Z   MINIKUBE_VERSION: v1.32.0
Status Check - Keycloak Operator CI	UNKNOWN STEP	2025-06-03T10:10:46.7332296Z   KUBERNETES_VERSION: v1.27.10
Status Check - Keycloak Operator CI	UNKNOWN STEP	2025-06-03T10:10:46.7332780Z   MINIKUBE_MEMORY: 4096
Status Check - Keycloak Operator CI	UNKNOWN STEP	2025-06-03T10:10:46.7333181Z ##[endgroup]
Status Check - Keycloak Operator CI	UNKNOWN STEP	2025-06-03T10:10:46.8442010Z Syncing repository: keycloak/keycloak
Status Check - Keycloak Operator CI	UNKNOWN STEP	2025-06-03T10:10:46.8443659Z ##[group]Getting Git version info
Status Check - Keycloak Operator CI	UNKNOWN STEP	2025-06-03T10:10:46.8444337Z Working directory is '/home/runner/work/keycloak/keycloak'
Status Check - Keycloak Operator CI	UNKNOWN STEP	2025-06-03T10:10:46.8445245Z [command]/usr/bin/git version
Status Check - Keycloak Operator CI	UNKNOWN STEP	2025-06-03T10:10:46.8505267Z git version 2.49.0
Status Check - Keycloak Operator CI	UNKNOWN STEP	2025-06-03T10:10:46.8531927Z ##[endgroup]
Status Check - Keycloak Operator CI	UNKNOWN STEP	2025-06-03T10:10:46.8545847Z Temporarily overriding HOME='/home/runner/work/_temp/23ae59b7-6fac-4344-84c6-49e630a2ecdd' before making global git config changes
Status Check - Keycloak Operator CI	UNKNOWN STEP	2025-06-03T10:10:46.8548253Z Adding repository directory to the temporary git global config as a safe directory
Status Check - Keycloak Operator CI	UNKNOWN STEP	2025-06-03T10:10:46.8550711Z [command]/usr/bin/git config --global --add safe.directory /home/runner/work/keycloak/keycloak
Status Check - Keycloak Operator CI	UNKNOWN STEP	2025-06-03T10:10:46.8585669Z Deleting the contents of '/home/runner/work/keycloak/keycloak'
Status Check - Keycloak Operator CI	UNKNOWN STEP	2025-06-03T10:10:46.8589240Z ##[group]Initializing the repository
Status Check - Keycloak Operator CI	UNKNOWN STEP	2025-06-03T10:10:46.8593257Z [command]/usr/bin/git init /home/runner/work/keycloak/keycloak
Status Check - Keycloak Operator CI	UNKNOWN STEP	2025-06-03T10:10:46.8665498Z hint: Using 'master' as the name for the initial branch. This default branch name
Status Check - Keycloak Operator CI	UNKNOWN STEP	2025-06-03T10:10:46.8667413Z hint: is subject to change. To configure the initial branch name to use in all
Status Check - Keycloak Operator CI	UNKNOWN STEP	2025-06-03T10:10:46.8669043Z hint: of your new repositories, which will suppress this warning, call:
Status Check - Keycloak Operator CI	UNKNOWN STEP	2025-06-03T10:10:46.8670324Z hint:
Status Check - Keycloak Operator CI	UNKNOWN STEP	2025-06-03T10:10:46.8670972Z hint: 	git config --global init.defaultBranch <name>
Status Check - Keycloak Operator CI	UNKNOWN STEP	2025-06-03T10:10:46.8671922Z hint:
Status Check - Keycloak Operator CI	UNKNOWN STEP	2025-06-03T10:10:46.8672833Z hint: Names commonly chosen instead of 'master' are 'main', 'trunk' and
Status Check - Keycloak Operator CI	UNKNOWN STEP	2025-06-03T10:10:46.8674399Z hint: 'development'. The just-created branch can be renamed via this command:
Status Check - Keycloak Operator CI	UNKNOWN STEP	2025-06-03T10:10:46.8675593Z hint:
Status Check - Keycloak Operator CI	UNKNOWN STEP	2025-06-03T10:10:46.8676073Z hint: 	git branch -m <name>
Status Check - Keycloak Operator CI	UNKNOWN STEP	2025-06-03T10:10:46.8677290Z Initialized empty Git repository in /home/runner/work/keycloak/keycloak/.git/
Status Check - Keycloak Operator CI	UNKNOWN STEP	2025-06-03T10:10:46.8686071Z [command]/usr/bin/git remote add origin https://github.com/keycloak/keycloak
Status Check - Keycloak Operator CI	UNKNOWN STEP	2025-06-03T10:10:46.8719075Z ##[endgroup]
Status Check - Keycloak Operator CI	UNKNOWN STEP	2025-06-03T10:10:46.8720356Z ##[group]Disabling automatic garbage collection
Status Check - Keycloak Operator CI	UNKNOWN STEP	2025-06-03T10:10:46.8723525Z [command]/usr/bin/git config --local gc.auto 0
Status Check - Keycloak Operator CI	UNKNOWN STEP	2025-06-03T10:10:46.8753424Z ##[endgroup]
Status Check - Keycloak Operator CI	UNKNOWN STEP	2025-06-03T10:10:46.8754506Z ##[group]Setting up auth
Status Check - Keycloak Operator CI	UNKNOWN STEP	2025-06-03T10:10:46.8761205Z [command]/usr/bin/git config --local --name-only --get-regexp core\.sshCommand
Status Check - Keycloak Operator CI	UNKNOWN STEP	2025-06-03T10:10:46.8794078Z [command]/usr/bin/git submodule foreach --recursive sh -c "git config --local --name-only --get-regexp 'core\.sshCommand' && git config --local --unset-all 'core.sshCommand' || :"
Status Check - Keycloak Operator CI	UNKNOWN STEP	2025-06-03T10:10:46.9102232Z [command]/usr/bin/git config --local --name-only --get-regexp http\.https\:\/\/github\.com\/\.extraheader
Status Check - Keycloak Operator CI	UNKNOWN STEP	2025-06-03T10:10:46.9134301Z [command]/usr/bin/git submodule foreach --recursive sh -c "git config --local --name-only --get-regexp 'http\.https\:\/\/github\.com\/\.extraheader' && git config --local --unset-all 'http.https://github.com/.extraheader' || :"
Status Check - Keycloak Operator CI	UNKNOWN STEP	2025-06-03T10:10:46.9363722Z [command]/usr/bin/git config --local http.https://github.com/.extraheader AUTHORIZATION: basic ***
Status Check - Keycloak Operator CI	UNKNOWN STEP	2025-06-03T10:10:46.9404690Z ##[endgroup]
Status Check - Keycloak Operator CI	UNKNOWN STEP	2025-06-03T10:10:46.9405746Z ##[group]Fetching the repository
Status Check - Keycloak Operator CI	UNKNOWN STEP	2025-06-03T10:10:46.9414761Z [command]/usr/bin/git -c protocol.version=2 fetch --no-tags --prune --no-recurse-submodules --depth=1 origin +e7a3897b57ba8614a1fd6d840dd9cd7424239137:refs/remotes/pull/40181/merge
Status Check - Keycloak Operator CI	UNKNOWN STEP	2025-06-03T10:10:50.6748168Z From https://github.com/keycloak/keycloak
Status Check - Keycloak Operator CI	UNKNOWN STEP	2025-06-03T10:10:50.6749333Z  * [new ref]         e7a3897b57ba8614a1fd6d840dd9cd7424239137 -> pull/40181/merge
Status Check - Keycloak Operator CI	UNKNOWN STEP	2025-06-03T10:10:50.6813644Z ##[endgroup]
Status Check - Keycloak Operator CI	UNKNOWN STEP	2025-06-03T10:10:50.6815096Z ##[group]Determining the checkout info
Status Check - Keycloak Operator CI	UNKNOWN STEP	2025-06-03T10:10:50.6816592Z ##[endgroup]
Status Check - Keycloak Operator CI	UNKNOWN STEP	2025-06-03T10:10:50.6821497Z [command]/usr/bin/git sparse-checkout disable
Status Check - Keycloak Operator CI	UNKNOWN STEP	2025-06-03T10:10:50.6867871Z [command]/usr/bin/git config --local --unset-all extensions.worktreeConfig
Status Check - Keycloak Operator CI	UNKNOWN STEP	2025-06-03T10:10:50.6895736Z ##[group]Checking out the ref
Status Check - Keycloak Operator CI	UNKNOWN STEP	2025-06-03T10:10:50.6900504Z [command]/usr/bin/git checkout --progress --force refs/remotes/pull/40181/merge
Status Check - Keycloak Operator CI	UNKNOWN STEP	2025-06-03T10:10:51.4743982Z Note: switching to 'refs/remotes/pull/40181/merge'.
Status Check - Keycloak Operator CI	UNKNOWN STEP	2025-06-03T10:10:51.4744975Z 
Status Check - Keycloak Operator CI	UNKNOWN STEP	2025-06-03T10:10:51.4745673Z You are in 'detached HEAD' state. You can look around, make experimental
Status Check - Keycloak Operator CI	UNKNOWN STEP	2025-06-03T10:10:51.4747267Z changes and commit them, and you can discard any commits you make in this
Status Check - Keycloak Operator CI	UNKNOWN STEP	2025-06-03T10:10:51.4748901Z state without impacting any branches by switching back to a branch.
Status Check - Keycloak Operator CI	UNKNOWN STEP	2025-06-03T10:10:51.4750121Z 
Status Check - Keycloak Operator CI	UNKNOWN STEP	2025-06-03T10:10:51.4750693Z If you want to create a new branch to retain commits you create, you may
Status Check - Keycloak Operator CI	UNKNOWN STEP	2025-06-03T10:10:51.4751916Z do so (now or later) by using -c with the switch command. Example:
Status Check - Keycloak Operator CI	UNKNOWN STEP	2025-06-03T10:10:51.4752599Z 
Status Check - Keycloak Operator CI	UNKNOWN STEP	2025-06-03T10:10:51.4752986Z   git switch -c <new-branch-name>
Status Check - Keycloak Operator CI	UNKNOWN STEP	2025-06-03T10:10:51.4753475Z 
Status Check - Keycloak Operator CI	UNKNOWN STEP	2025-06-03T10:10:51.4753777Z Or undo this operation with:
Status Check - Keycloak Operator CI	UNKNOWN STEP	2025-06-03T10:10:51.4754225Z 
Status Check - Keycloak Operator CI	UNKNOWN STEP	2025-06-03T10:10:51.4754452Z   git switch -
Status Check - Keycloak Operator CI	UNKNOWN STEP	2025-06-03T10:10:51.4754925Z 
Status Check - Keycloak Operator CI	UNKNOWN STEP	2025-06-03T10:10:51.4755525Z Turn off this advice by setting config variable advice.detachedHead to false
Status Check - Keycloak Operator CI	UNKNOWN STEP	2025-06-03T10:10:51.4756657Z 
Status Check - Keycloak Operator CI	UNKNOWN STEP	2025-06-03T10:10:51.4757602Z HEAD is now at e7a3897 Merge 8dabf09fdebef9a863b3ab40d410169761a52361 into d656aa747f54845abd976e85cd644d7590432e0f
Status Check - Keycloak Operator CI	UNKNOWN STEP	2025-06-03T10:10:51.4776331Z ##[endgroup]
Status Check - Keycloak Operator CI	UNKNOWN STEP	2025-06-03T10:10:51.4821067Z [command]/usr/bin/git log -1 --format=%H
Status Check - Keycloak Operator CI	UNKNOWN STEP	2025-06-03T10:10:51.4846041Z e7a3897b57ba8614a1fd6d840dd9cd7424239137
Status Check - Keycloak Operator CI	UNKNOWN STEP	2025-06-03T10:10:51.5082036Z Prepare all required actions
Status Check - Keycloak Operator CI	UNKNOWN STEP	2025-06-03T10:10:51.5152170Z ##[group]Run ./.github/actions/status-check
Status Check - Keycloak Operator CI	UNKNOWN STEP	2025-06-03T10:10:51.5152538Z with:
Status Check - Keycloak Operator CI	UNKNOWN STEP	2025-06-03T10:10:51.5153530Z   jobs: {
Status Check - Keycloak Operator CI	UNKNOWN STEP	  "conditional": {
Status Check - Keycloak Operator CI	UNKNOWN STEP	    "result": "success",
Status Check - Keycloak Operator CI	UNKNOWN STEP	    "outputs": {
Status Check - Keycloak Operator CI	UNKNOWN STEP	      "operator": "true"
Status Check - Keycloak Operator CI	UNKNOWN STEP	    }
Status Check - Keycloak Operator CI	UNKNOWN STEP	  },
Status Check - Keycloak Operator CI	UNKNOWN STEP	  "build": {
Status Check - Keycloak Operator CI	UNKNOWN STEP	    "result": "success",
Status Check - Keycloak Operator CI	UNKNOWN STEP	    "outputs": {}
Status Check - Keycloak Operator CI	UNKNOWN STEP	  },
Status Check - Keycloak Operator CI	UNKNOWN STEP	  "test-local-apiserver": {
Status Check - Keycloak Operator CI	UNKNOWN STEP	    "result": "success",
Status Check - Keycloak Operator CI	UNKNOWN STEP	    "outputs": {}
Status Check - Keycloak Operator CI	UNKNOWN STEP	  },
Status Check - Keycloak Operator CI	UNKNOWN STEP	  "test-remote": {
Status Check - Keycloak Operator CI	UNKNOWN STEP	    "result": "success",
Status Check - Keycloak Operator CI	UNKNOWN STEP	    "outputs": {}
Status Check - Keycloak Operator CI	UNKNOWN STEP	  },
Status Check - Keycloak Operator CI	UNKNOWN STEP	  "test-olm": {
Status Check - Keycloak Operator CI	UNKNOWN STEP	    "result": "failure",
Status Check - Keycloak Operator CI	UNKNOWN STEP	    "outputs": {}
Status Check - Keycloak Operator CI	UNKNOWN STEP	  }
Status Check - Keycloak Operator CI	UNKNOWN STEP	}
Status Check - Keycloak Operator CI	UNKNOWN STEP	2025-06-03T10:10:51.5154557Z env:
Status Check - Keycloak Operator CI	UNKNOWN STEP	2025-06-03T10:10:51.5154945Z   MAVEN_ARGS: -B -nsu -Daether.connector.http.connectionMaxTtl=25
Status Check - Keycloak Operator CI	UNKNOWN STEP	2025-06-03T10:10:51.5155402Z   MINIKUBE_VERSION: v1.32.0
Status Check - Keycloak Operator CI	UNKNOWN STEP	2025-06-03T10:10:51.5155723Z   KUBERNETES_VERSION: v1.27.10
Status Check - Keycloak Operator CI	UNKNOWN STEP	2025-06-03T10:10:51.5156090Z   MINIKUBE_MEMORY: 4096
Status Check - Keycloak Operator CI	UNKNOWN STEP	2025-06-03T10:10:51.5156349Z ##[endgroup]
Status Check - Keycloak Operator CI	UNKNOWN STEP	2025-06-03T10:10:51.5256708Z ##[group]Run JOBS='{
Status Check - Keycloak Operator CI	UNKNOWN STEP	2025-06-03T10:10:51.5257071Z [36;1mJOBS='{[0m
Status Check - Keycloak Operator CI	UNKNOWN STEP	2025-06-03T10:10:51.5257390Z [36;1m  "conditional": {[0m
Status Check - Keycloak Operator CI	UNKNOWN STEP	2025-06-03T10:10:51.5257691Z [36;1m    "result": "success",[0m
Status Check - Keycloak Operator CI	UNKNOWN STEP	2025-06-03T10:10:51.5258012Z [36;1m    "outputs": {[0m
Status Check - Keycloak Operator CI	UNKNOWN STEP	2025-06-03T10:10:51.5258300Z [36;1m      "operator": "true"[0m
Status Check - Keycloak Operator CI	UNKNOWN STEP	2025-06-03T10:10:51.5258602Z [36;1m    }[0m
Status Check - Keycloak Operator CI	UNKNOWN STEP	2025-06-03T10:10:51.5258864Z [36;1m  },[0m
Status Check - Keycloak Operator CI	UNKNOWN STEP	2025-06-03T10:10:51.5259106Z [36;1m  "build": {[0m
Status Check - Keycloak Operator CI	UNKNOWN STEP	2025-06-03T10:10:51.5259371Z [36;1m    "result": "success",[0m
Status Check - Keycloak Operator CI	UNKNOWN STEP	2025-06-03T10:10:51.5259877Z [36;1m    "outputs": {}[0m
Status Check - Keycloak Operator CI	UNKNOWN STEP	2025-06-03T10:10:51.5260147Z [36;1m  },[0m
Status Check - Keycloak Operator CI	UNKNOWN STEP	2025-06-03T10:10:51.5260409Z [36;1m  "test-local-apiserver": {[0m
Status Check - Keycloak Operator CI	UNKNOWN STEP	2025-06-03T10:10:51.5260727Z [36;1m    "result": "success",[0m
Status Check - Keycloak Operator CI	UNKNOWN STEP	2025-06-03T10:10:51.5261024Z [36;1m    "outputs": {}[0m
Status Check - Keycloak Operator CI	UNKNOWN STEP	2025-06-03T10:10:51.5261289Z [36;1m  },[0m
Status Check - Keycloak Operator CI	UNKNOWN STEP	2025-06-03T10:10:51.5261530Z [36;1m  "test-remote": {[0m
Status Check - Keycloak Operator CI	UNKNOWN STEP	2025-06-03T10:10:51.5261819Z [36;1m    "result": "success",[0m
Status Check - Keycloak Operator CI	UNKNOWN STEP	2025-06-03T10:10:51.5262110Z [36;1m    "outputs": {}[0m
Status Check - Keycloak Operator CI	UNKNOWN STEP	2025-06-03T10:10:51.5262377Z [36;1m  },[0m
Status Check - Keycloak Operator CI	UNKNOWN STEP	2025-06-03T10:10:51.5262629Z [36;1m  "test-olm": {[0m
Status Check - Keycloak Operator CI	UNKNOWN STEP	2025-06-03T10:10:51.5262902Z [36;1m    "result": "failure",[0m
Status Check - Keycloak Operator CI	UNKNOWN STEP	2025-06-03T10:10:51.5263200Z [36;1m    "outputs": {}[0m
Status Check - Keycloak Operator CI	UNKNOWN STEP	2025-06-03T10:10:51.5263565Z [36;1m  }[0m
Status Check - Keycloak Operator CI	UNKNOWN STEP	2025-06-03T10:10:51.5263793Z [36;1m}'[0m
Status Check - Keycloak Operator CI	UNKNOWN STEP	2025-06-03T10:10:51.5264019Z [36;1m[0m
Status Check - Keycloak Operator CI	UNKNOWN STEP	2025-06-03T10:10:51.5264259Z [36;1mecho "Job status:"[0m
Status Check - Keycloak Operator CI	UNKNOWN STEP	2025-06-03T10:10:51.5264665Z [36;1mecho $JOBS | jq -r 'to_entries[] | " - \(.key): \(.value.result)"'[0m
Status Check - Keycloak Operator CI	UNKNOWN STEP	2025-06-03T10:10:51.5265066Z [36;1m[0m
Status Check - Keycloak Operator CI	UNKNOWN STEP	2025-06-03T10:10:51.5265377Z [36;1mfor i in $(echo $JOBS | jq -r 'to_entries[] | .value.result'); do[0m
Status Check - Keycloak Operator CI	UNKNOWN STEP	2025-06-03T10:10:51.5265830Z [36;1m  if [ "$i" != "success" ] && [ "$i" != "skipped" ]; then[0m
Status Check - Keycloak Operator CI	UNKNOWN STEP	2025-06-03T10:10:51.5266203Z [36;1m    echo ""[0m
Status Check - Keycloak Operator CI	UNKNOWN STEP	2025-06-03T10:10:51.5266476Z [36;1m    echo "Status check not okay!"[0m
Status Check - Keycloak Operator CI	UNKNOWN STEP	2025-06-03T10:10:51.5266788Z [36;1m    exit 1[0m
Status Check - Keycloak Operator CI	UNKNOWN STEP	2025-06-03T10:10:51.5267025Z [36;1m  fi[0m
Status Check - Keycloak Operator CI	UNKNOWN STEP	2025-06-03T10:10:51.5267253Z [36;1mdone[0m
Status Check - Keycloak Operator CI	UNKNOWN STEP	2025-06-03T10:10:51.5472443Z shell: /usr/bin/bash --noprofile --norc -e -o pipefail {0}
Status Check - Keycloak Operator CI	UNKNOWN STEP	2025-06-03T10:10:51.5472872Z env:
Status Check - Keycloak Operator CI	UNKNOWN STEP	2025-06-03T10:10:51.5473242Z   MAVEN_ARGS: -B -nsu -Daether.connector.http.connectionMaxTtl=25
Status Check - Keycloak Operator CI	UNKNOWN STEP	2025-06-03T10:10:51.5473689Z   MINIKUBE_VERSION: v1.32.0
Status Check - Keycloak Operator CI	UNKNOWN STEP	2025-06-03T10:10:51.5474002Z   KUBERNETES_VERSION: v1.27.10
Status Check - Keycloak Operator CI	UNKNOWN STEP	2025-06-03T10:10:51.5474334Z   MINIKUBE_MEMORY: 4096
Status Check - Keycloak Operator CI	UNKNOWN STEP	2025-06-03T10:10:51.5474600Z ##[endgroup]
Status Check - Keycloak Operator CI	UNKNOWN STEP	2025-06-03T10:10:51.5563413Z Job status:
Status Check - Keycloak Operator CI	UNKNOWN STEP	2025-06-03T10:10:51.5651937Z  - conditional: success
Status Check - Keycloak Operator CI	UNKNOWN STEP	2025-06-03T10:10:51.5652283Z  - build: success
Status Check - Keycloak Operator CI	UNKNOWN STEP	2025-06-03T10:10:51.5652568Z  - test-local-apiserver: success
Status Check - Keycloak Operator CI	UNKNOWN STEP	2025-06-03T10:10:51.5652896Z  - test-remote: success
Status Check - Keycloak Operator CI	UNKNOWN STEP	2025-06-03T10:10:51.5653163Z  - test-olm: failure
Status Check - Keycloak Operator CI	UNKNOWN STEP	2025-06-03T10:10:51.5686587Z 
Status Check - Keycloak Operator CI	UNKNOWN STEP	2025-06-03T10:10:51.5686755Z Status check not okay!
Status Check - Keycloak Operator CI	UNKNOWN STEP	2025-06-03T10:10:51.5699229Z ##[error]Process completed with exit code 1.
Status Check - Keycloak Operator CI	UNKNOWN STEP	2025-06-03T10:10:51.5817215Z Post job cleanup.
Status Check - Keycloak Operator CI	UNKNOWN STEP	2025-06-03T10:10:51.6753466Z [command]/usr/bin/git version
Status Check - Keycloak Operator CI	UNKNOWN STEP	2025-06-03T10:10:51.6789039Z git version 2.49.0
Status Check - Keycloak Operator CI	UNKNOWN STEP	2025-06-03T10:10:51.6832486Z Temporarily overriding HOME='/home/runner/work/_temp/996f81c0-9dc8-43d6-9d88-9de8850e9075' before making global git config changes
Status Check - Keycloak Operator CI	UNKNOWN STEP	2025-06-03T10:10:51.6833666Z Adding repository directory to the temporary git global config as a safe directory
Status Check - Keycloak Operator CI	UNKNOWN STEP	2025-06-03T10:10:51.6845151Z [command]/usr/bin/git config --global --add safe.directory /home/runner/work/keycloak/keycloak
Status Check - Keycloak Operator CI	UNKNOWN STEP	2025-06-03T10:10:51.6880672Z [command]/usr/bin/git config --local --name-only --get-regexp core\.sshCommand
Status Check - Keycloak Operator CI	UNKNOWN STEP	2025-06-03T10:10:51.6913044Z [command]/usr/bin/git submodule foreach --recursive sh -c "git config --local --name-only --get-regexp 'core\.sshCommand' && git config --local --unset-all 'core.sshCommand' || :"
Status Check - Keycloak Operator CI	UNKNOWN STEP	2025-06-03T10:10:51.7157647Z [command]/usr/bin/git config --local --name-only --get-regexp http\.https\:\/\/github\.com\/\.extraheader
Status Check - Keycloak Operator CI	UNKNOWN STEP	2025-06-03T10:10:51.7177777Z http.https://github.com/.extraheader
Status Check - Keycloak Operator CI	UNKNOWN STEP	2025-06-03T10:10:51.7190568Z [command]/usr/bin/git config --local --unset-all http.https://github.com/.extraheader
Status Check - Keycloak Operator CI	UNKNOWN STEP	2025-06-03T10:10:51.7219589Z [command]/usr/bin/git submodule foreach --recursive sh -c "git config --local --name-only --get-regexp 'http\.https\:\/\/github\.com\/\.extraheader' && git config --local --unset-all 'http.https://github.com/.extraheader' || :"
Status Check - Keycloak Operator CI	UNKNOWN STEP	2025-06-03T10:10:51.7566292Z Cleaning up orphan processes
