Admin UI E2E (1, chrome)	Download Keycloak server	2024-11-04T01:03:25.5255380Z ##[group]Run actions/download-artifact@v4
Admin UI E2E (1, chrome)	Download Keycloak server	2024-11-04T01:03:25.5255810Z with:
Admin UI E2E (1, chrome)	Download Keycloak server	2024-11-04T01:03:25.5256237Z   name: keycloak
Admin UI E2E (1, chrome)	Download Keycloak server	2024-11-04T01:03:25.5256588Z   merge-multiple: false
Admin UI E2E (1, chrome)	Download Keycloak server	2024-11-04T01:03:25.5257046Z   repository: keycloak/keycloak
Admin UI E2E (1, chrome)	Download Keycloak server	2024-11-04T01:03:25.5257447Z   run-id: 11656265789
Admin UI E2E (1, chrome)	Download Keycloak server	2024-11-04T01:03:25.5257746Z env:
Admin UI E2E (1, chrome)	Download Keycloak server	2024-11-04T01:03:25.5258270Z   MAVEN_ARGS: -B -nsu -Daether.connector.http.connectionMaxTtl=25
Admin UI E2E (1, chrome)	Download Keycloak server	2024-11-04T01:03:25.5258827Z   WORKSPACE: keycloak-admin-ui
Admin UI E2E (1, chrome)	Download Keycloak server	2024-11-04T01:03:25.5259214Z ##[endgroup]
Admin UI E2E (1, chrome)	Download Keycloak server	2024-11-04T01:03:25.7158948Z Downloading single artifact
Admin UI E2E (1, chrome)	Download Keycloak server	2024-11-04T01:03:30.7500928Z Attempt 1 of 5 failed with error: Request timeout: /twirp/github.actions.results.api.v1.ArtifactService/ListArtifacts. Retrying request in 3000 ms...
Admin UI E2E (1, chrome)	Download Keycloak server	2024-11-04T01:03:38.7590249Z Attempt 2 of 5 failed with error: Request timeout: /twirp/github.actions.results.api.v1.ArtifactService/ListArtifacts. Retrying request in 6373 ms...
Admin UI E2E (1, chrome)	Download Keycloak server	2024-11-04T01:03:50.1420264Z Attempt 3 of 5 failed with error: Request timeout: /twirp/github.actions.results.api.v1.ArtifactService/ListArtifacts. Retrying request in 8208 ms...
Admin UI E2E (1, chrome)	Download Keycloak server	2024-11-04T01:04:03.3633559Z Attempt 4 of 5 failed with error: Request timeout: /twirp/github.actions.results.api.v1.ArtifactService/ListArtifacts. Retrying request in 12972 ms...
Admin UI E2E (1, chrome)	Download Keycloak server	2024-11-04T01:04:21.3488544Z ##[error]Unable to download artifact(s): Failed to ListArtifacts: Failed to make request after 5 attempts: Request timeout: /twirp/github.actions.results.api.v1.ArtifactService/ListArtifacts
Status Check - Keycloak JavaScript CI	Run /./.github/actions/status-check	2024-11-04T01:13:27.2203313Z Prepare all required actions
Status Check - Keycloak JavaScript CI	Run /./.github/actions/status-check	2024-11-04T01:13:27.2297101Z ##[group]Run ./.github/actions/status-check
Status Check - Keycloak JavaScript CI	Run /./.github/actions/status-check	2024-11-04T01:13:27.2297564Z with:
Status Check - Keycloak JavaScript CI	Run /./.github/actions/status-check	2024-11-04T01:13:27.2299261Z   jobs: {
Status Check - Keycloak JavaScript CI	Run /./.github/actions/status-check	  "conditional": {
Status Check - Keycloak JavaScript CI	Run /./.github/actions/status-check	    "result": "success",
Status Check - Keycloak JavaScript CI	Run /./.github/actions/status-check	    "outputs": {
Status Check - Keycloak JavaScript CI	Run /./.github/actions/status-check	      "js-ci": "true"
Status Check - Keycloak JavaScript CI	Run /./.github/actions/status-check	    }
Status Check - Keycloak JavaScript CI	Run /./.github/actions/status-check	  },
Status Check - Keycloak JavaScript CI	Run /./.github/actions/status-check	  "build-keycloak": {
Status Check - Keycloak JavaScript CI	Run /./.github/actions/status-check	    "result": "success",
Status Check - Keycloak JavaScript CI	Run /./.github/actions/status-check	    "outputs": {}
Status Check - Keycloak JavaScript CI	Run /./.github/actions/status-check	  },
Status Check - Keycloak JavaScript CI	Run /./.github/actions/status-check	  "admin-client": {
Status Check - Keycloak JavaScript CI	Run /./.github/actions/status-check	    "result": "success",
Status Check - Keycloak JavaScript CI	Run /./.github/actions/status-check	    "outputs": {}
Status Check - Keycloak JavaScript CI	Run /./.github/actions/status-check	  },
Status Check - Keycloak JavaScript CI	Run /./.github/actions/status-check	  "ui-shared": {
Status Check - Keycloak JavaScript CI	Run /./.github/actions/status-check	    "result": "success",
Status Check - Keycloak JavaScript CI	Run /./.github/actions/status-check	    "outputs": {}
Status Check - Keycloak JavaScript CI	Run /./.github/actions/status-check	  },
Status Check - Keycloak JavaScript CI	Run /./.github/actions/status-check	  "account-ui": {
Status Check - Keycloak JavaScript CI	Run /./.github/actions/status-check	    "result": "success",
Status Check - Keycloak JavaScript CI	Run /./.github/actions/status-check	    "outputs": {}
Status Check - Keycloak JavaScript CI	Run /./.github/actions/status-check	  },
Status Check - Keycloak JavaScript CI	Run /./.github/actions/status-check	  "account-ui-e2e": {
Status Check - Keycloak JavaScript CI	Run /./.github/actions/status-check	    "result": "success",
Status Check - Keycloak JavaScript CI	Run /./.github/actions/status-check	    "outputs": {}
Status Check - Keycloak JavaScript CI	Run /./.github/actions/status-check	  },
Status Check - Keycloak JavaScript CI	Run /./.github/actions/status-check	  "admin-ui": {
Status Check - Keycloak JavaScript CI	Run /./.github/actions/status-check	    "result": "success",
Status Check - Keycloak JavaScript CI	Run /./.github/actions/status-check	    "outputs": {}
Status Check - Keycloak JavaScript CI	Run /./.github/actions/status-check	  },
Status Check - Keycloak JavaScript CI	Run /./.github/actions/status-check	  "admin-ui-e2e": {
Status Check - Keycloak JavaScript CI	Run /./.github/actions/status-check	    "result": "failure",
Status Check - Keycloak JavaScript CI	Run /./.github/actions/status-check	    "outputs": {}
Status Check - Keycloak JavaScript CI	Run /./.github/actions/status-check	  }
Status Check - Keycloak JavaScript CI	Run /./.github/actions/status-check	}
Status Check - Keycloak JavaScript CI	Run /./.github/actions/status-check	2024-11-04T01:13:27.2301129Z env:
Status Check - Keycloak JavaScript CI	Run /./.github/actions/status-check	2024-11-04T01:13:27.2301598Z   MAVEN_ARGS: -B -nsu -Daether.connector.http.connectionMaxTtl=25
Status Check - Keycloak JavaScript CI	Run /./.github/actions/status-check	2024-11-04T01:13:27.2302098Z ##[endgroup]
Status Check - Keycloak JavaScript CI	Run /./.github/actions/status-check	2024-11-04T01:13:27.2558136Z ##[group]Run JOBS='{
Status Check - Keycloak JavaScript CI	Run /./.github/actions/status-check	2024-11-04T01:13:27.2558822Z [36;1mJOBS='{[0m
Status Check - Keycloak JavaScript CI	Run /./.github/actions/status-check	2024-11-04T01:13:27.2559300Z [36;1m  "conditional": {[0m
Status Check - Keycloak JavaScript CI	Run /./.github/actions/status-check	2024-11-04T01:13:27.2559782Z [36;1m    "result": "success",[0m
Status Check - Keycloak JavaScript CI	Run /./.github/actions/status-check	2024-11-04T01:13:27.2560224Z [36;1m    "outputs": {[0m
Status Check - Keycloak JavaScript CI	Run /./.github/actions/status-check	2024-11-04T01:13:27.2560576Z [36;1m      "js-ci": "true"[0m
Status Check - Keycloak JavaScript CI	Run /./.github/actions/status-check	2024-11-04T01:13:27.2561015Z [36;1m    }[0m
Status Check - Keycloak JavaScript CI	Run /./.github/actions/status-check	2024-11-04T01:13:27.2561351Z [36;1m  },[0m
Status Check - Keycloak JavaScript CI	Run /./.github/actions/status-check	2024-11-04T01:13:27.2561646Z [36;1m  "build-keycloak": {[0m
Status Check - Keycloak JavaScript CI	Run /./.github/actions/status-check	2024-11-04T01:13:27.2562097Z [36;1m    "result": "success",[0m
Status Check - Keycloak JavaScript CI	Run /./.github/actions/status-check	2024-11-04T01:13:27.2562512Z [36;1m    "outputs": {}[0m
Status Check - Keycloak JavaScript CI	Run /./.github/actions/status-check	2024-11-04T01:13:27.2562831Z [36;1m  },[0m
Status Check - Keycloak JavaScript CI	Run /./.github/actions/status-check	2024-11-04T01:13:27.2563267Z [36;1m  "admin-client": {[0m
Status Check - Keycloak JavaScript CI	Run /./.github/actions/status-check	2024-11-04T01:13:27.2563669Z [36;1m    "result": "success",[0m
Status Check - Keycloak JavaScript CI	Run /./.github/actions/status-check	2024-11-04T01:13:27.2564034Z [36;1m    "outputs": {}[0m
Status Check - Keycloak JavaScript CI	Run /./.github/actions/status-check	2024-11-04T01:13:27.2564467Z [36;1m  },[0m
Status Check - Keycloak JavaScript CI	Run /./.github/actions/status-check	2024-11-04T01:13:27.2564806Z [36;1m  "ui-shared": {[0m
Status Check - Keycloak JavaScript CI	Run /./.github/actions/status-check	2024-11-04T01:13:27.2565143Z [36;1m    "result": "success",[0m
Status Check - Keycloak JavaScript CI	Run /./.github/actions/status-check	2024-11-04T01:13:27.2565623Z [36;1m    "outputs": {}[0m
Status Check - Keycloak JavaScript CI	Run /./.github/actions/status-check	2024-11-04T01:13:27.2565972Z [36;1m  },[0m
Status Check - Keycloak JavaScript CI	Run /./.github/actions/status-check	2024-11-04T01:13:27.2566265Z [36;1m  "account-ui": {[0m
Status Check - Keycloak JavaScript CI	Run /./.github/actions/status-check	2024-11-04T01:13:27.2566709Z [36;1m    "result": "success",[0m
Status Check - Keycloak JavaScript CI	Run /./.github/actions/status-check	2024-11-04T01:13:27.2567095Z [36;1m    "outputs": {}[0m
Status Check - Keycloak JavaScript CI	Run /./.github/actions/status-check	2024-11-04T01:13:27.2567408Z [36;1m  },[0m
Status Check - Keycloak JavaScript CI	Run /./.github/actions/status-check	2024-11-04T01:13:27.2567846Z [36;1m  "account-ui-e2e": {[0m
Status Check - Keycloak JavaScript CI	Run /./.github/actions/status-check	2024-11-04T01:13:27.2568230Z [36;1m    "result": "success",[0m
Status Check - Keycloak JavaScript CI	Run /./.github/actions/status-check	2024-11-04T01:13:27.2568582Z [36;1m    "outputs": {}[0m
Status Check - Keycloak JavaScript CI	Run /./.github/actions/status-check	2024-11-04T01:13:27.2569004Z [36;1m  },[0m
Status Check - Keycloak JavaScript CI	Run /./.github/actions/status-check	2024-11-04T01:13:27.2569318Z [36;1m  "admin-ui": {[0m
Status Check - Keycloak JavaScript CI	Run /./.github/actions/status-check	2024-11-04T01:13:27.2569647Z [36;1m    "result": "success",[0m
Status Check - Keycloak JavaScript CI	Run /./.github/actions/status-check	2024-11-04T01:13:27.2570108Z [36;1m    "outputs": {}[0m
Status Check - Keycloak JavaScript CI	Run /./.github/actions/status-check	2024-11-04T01:13:27.2570458Z [36;1m  },[0m
Status Check - Keycloak JavaScript CI	Run /./.github/actions/status-check	2024-11-04T01:13:27.2570743Z [36;1m  "admin-ui-e2e": {[0m
Status Check - Keycloak JavaScript CI	Run /./.github/actions/status-check	2024-11-04T01:13:27.2571203Z [36;1m    "result": "failure",[0m
Status Check - Keycloak JavaScript CI	Run /./.github/actions/status-check	2024-11-04T01:13:27.2571595Z [36;1m    "outputs": {}[0m
Status Check - Keycloak JavaScript CI	Run /./.github/actions/status-check	2024-11-04T01:13:27.2571921Z [36;1m  }[0m
Status Check - Keycloak JavaScript CI	Run /./.github/actions/status-check	2024-11-04T01:13:27.2572523Z [36;1m}'[0m
Status Check - Keycloak JavaScript CI	Run /./.github/actions/status-check	2024-11-04T01:13:27.2572850Z [36;1m[0m
Status Check - Keycloak JavaScript CI	Run /./.github/actions/status-check	2024-11-04T01:13:27.2573151Z [36;1mecho "Job status:"[0m
Status Check - Keycloak JavaScript CI	Run /./.github/actions/status-check	2024-11-04T01:13:27.2573761Z [36;1mecho $JOBS | jq -r 'to_entries[] | " - \(.key): \(.value.result)"'[0m
Status Check - Keycloak JavaScript CI	Run /./.github/actions/status-check	2024-11-04T01:13:27.2574343Z [36;1m[0m
Status Check - Keycloak JavaScript CI	Run /./.github/actions/status-check	2024-11-04T01:13:27.2574780Z [36;1mfor i in $(echo $JOBS | jq -r 'to_entries[] | .value.result'); do[0m
Status Check - Keycloak JavaScript CI	Run /./.github/actions/status-check	2024-11-04T01:13:27.2575484Z [36;1m  if [ "$i" != "success" ] && [ "$i" != "skipped" ]; then[0m
Status Check - Keycloak JavaScript CI	Run /./.github/actions/status-check	2024-11-04T01:13:27.2575979Z [36;1m    echo ""[0m
Status Check - Keycloak JavaScript CI	Run /./.github/actions/status-check	2024-11-04T01:13:27.2576343Z [36;1m    echo "Status check not okay!"[0m
Status Check - Keycloak JavaScript CI	Run /./.github/actions/status-check	2024-11-04T01:13:27.2576842Z [36;1m    exit 1[0m
Status Check - Keycloak JavaScript CI	Run /./.github/actions/status-check	2024-11-04T01:13:27.2577187Z [36;1m  fi[0m
Status Check - Keycloak JavaScript CI	Run /./.github/actions/status-check	2024-11-04T01:13:27.2577460Z [36;1mdone[0m
Status Check - Keycloak JavaScript CI	Run /./.github/actions/status-check	2024-11-04T01:13:27.2679284Z shell: /usr/bin/bash --noprofile --norc -e -o pipefail {0}
Status Check - Keycloak JavaScript CI	Run /./.github/actions/status-check	2024-11-04T01:13:27.2680052Z env:
Status Check - Keycloak JavaScript CI	Run /./.github/actions/status-check	2024-11-04T01:13:27.2680658Z   MAVEN_ARGS: -B -nsu -Daether.connector.http.connectionMaxTtl=25
Status Check - Keycloak JavaScript CI	Run /./.github/actions/status-check	2024-11-04T01:13:27.2681240Z ##[endgroup]
Status Check - Keycloak JavaScript CI	Run /./.github/actions/status-check	2024-11-04T01:13:27.2824157Z Job status:
Status Check - Keycloak JavaScript CI	Run /./.github/actions/status-check	2024-11-04T01:13:27.3047799Z  - conditional: success
Status Check - Keycloak JavaScript CI	Run /./.github/actions/status-check	2024-11-04T01:13:27.3048679Z  - build-keycloak: success
Status Check - Keycloak JavaScript CI	Run /./.github/actions/status-check	2024-11-04T01:13:27.3049612Z  - admin-client: success
Status Check - Keycloak JavaScript CI	Run /./.github/actions/status-check	2024-11-04T01:13:27.3050132Z  - ui-shared: success
Status Check - Keycloak JavaScript CI	Run /./.github/actions/status-check	2024-11-04T01:13:27.3050503Z  - account-ui: success
Status Check - Keycloak JavaScript CI	Run /./.github/actions/status-check	2024-11-04T01:13:27.3050987Z  - account-ui-e2e: success
Status Check - Keycloak JavaScript CI	Run /./.github/actions/status-check	2024-11-04T01:13:27.3051465Z  - admin-ui: success
Status Check - Keycloak JavaScript CI	Run /./.github/actions/status-check	2024-11-04T01:13:27.3051861Z  - admin-ui-e2e: failure
Status Check - Keycloak JavaScript CI	Run /./.github/actions/status-check	2024-11-04T01:13:27.3255256Z 
Status Check - Keycloak JavaScript CI	Run /./.github/actions/status-check	2024-11-04T01:13:27.3255500Z Status check not okay!
Status Check - Keycloak JavaScript CI	Run /./.github/actions/status-check	2024-11-04T01:13:27.3269222Z ##[error]Process completed with exit code 1.
