Test remote (fast)	Build Keycloak Docker images	2025-04-14T19:00:21.9348498Z ##[group]Run eval $(minikube -p minikube docker-env)
Test remote (fast)	Build Keycloak Docker images	2025-04-14T19:00:21.9348945Z [36;1meval $(minikube -p minikube docker-env)[0m
Test remote (fast)	Build Keycloak Docker images	2025-04-14T19:00:21.9349529Z [36;1m(cd quarkus/container && docker build --build-arg KEYCLOAK_DIST=$(ls keycloak-*.tar.gz) . -t keycloak:0.0.1-8fd856)[0m
Test remote (fast)	Build Keycloak Docker images	2025-04-14T19:00:21.9350279Z [36;1m(cd operator && ./scripts/build-testing-docker-images.sh 0.0.1-8fd856 keycloak custom-keycloak)[0m
Test remote (fast)	Build Keycloak Docker images	2025-04-14T19:00:21.9400389Z shell: /usr/bin/bash --noprofile --norc -e -o pipefail {0}
Test remote (fast)	Build Keycloak Docker images	2025-04-14T19:00:21.9400736Z env:
Test remote (fast)	Build Keycloak Docker images	2025-04-14T19:00:21.9401020Z   MAVEN_ARGS: -B -nsu -Daether.connector.http.connectionMaxTtl=25
Test remote (fast)	Build Keycloak Docker images	2025-04-14T19:00:21.9401384Z   MINIKUBE_VERSION: v1.32.0
Test remote (fast)	Build Keycloak Docker images	2025-04-14T19:00:21.9401627Z   KUBERNETES_VERSION: v1.27.10
Test remote (fast)	Build Keycloak Docker images	2025-04-14T19:00:21.9401860Z   MINIKUBE_MEMORY: 4096
Test remote (fast)	Build Keycloak Docker images	2025-04-14T19:00:21.9402067Z   version_remote: 0.0.1-8fd856
Test remote (fast)	Build Keycloak Docker images	2025-04-14T19:00:21.9402404Z   JAVA_HOME: /opt/hostedtoolcache/Java_Temurin-Hotspot_jdk/21.0.6-7/x64
Test remote (fast)	Build Keycloak Docker images	2025-04-14T19:00:21.9402883Z   JAVA_HOME_21_X64: /opt/hostedtoolcache/Java_Temurin-Hotspot_jdk/21.0.6-7/x64
Test remote (fast)	Build Keycloak Docker images	2025-04-14T19:00:21.9403314Z   MINIKUBE_HOME: /home/runner/work/_temp
Test remote (fast)	Build Keycloak Docker images	2025-04-14T19:00:21.9403571Z ##[endgroup]
Test remote (fast)	Build Keycloak Docker images	2025-04-14T19:00:22.5636372Z #0 building with "default" instance using docker driver
Test remote (fast)	Build Keycloak Docker images	2025-04-14T19:00:22.5636952Z 
Test remote (fast)	Build Keycloak Docker images	2025-04-14T19:00:22.5637132Z #1 [internal] load build definition from Dockerfile
Test remote (fast)	Build Keycloak Docker images	2025-04-14T19:00:22.5637563Z #1 transferring dockerfile: 2.72kB done
Test remote (fast)	Build Keycloak Docker images	2025-04-14T19:00:22.5637881Z #1 DONE 0.0s
Test remote (fast)	Build Keycloak Docker images	2025-04-14T19:00:22.5638019Z 
Test remote (fast)	Build Keycloak Docker images	2025-04-14T19:00:22.5638131Z #2 [internal] load .dockerignore
Test remote (fast)	Build Keycloak Docker images	2025-04-14T19:00:22.5638433Z #2 transferring context: 2B done
Test remote (fast)	Build Keycloak Docker images	2025-04-14T19:00:22.5638704Z #2 DONE 0.0s
Test remote (fast)	Build Keycloak Docker images	2025-04-14T19:00:22.5638830Z 
Test remote (fast)	Build Keycloak Docker images	2025-04-14T19:00:22.5639062Z #3 [internal] load metadata for registry.access.redhat.com/ubi9:latest
Test remote (fast)	Build Keycloak Docker images	2025-04-14T19:00:22.8404708Z #3 ...
Test remote (fast)	Build Keycloak Docker images	2025-04-14T19:00:22.8404969Z 
Test remote (fast)	Build Keycloak Docker images	2025-04-14T19:00:22.8405370Z #4 [internal] load metadata for registry.access.redhat.com/ubi9-micro:latest
Test remote (fast)	Build Keycloak Docker images	2025-04-14T19:00:22.8406563Z #4 ERROR: failed to copy: httpReadSeeker: failed open: unexpected status code https://registry.access.redhat.com/v2/ubi9-micro/manifests/sha256:dca8bc186bb579f36414c6ad28f1dbeda33e5cf0bd5fc1c51430cc578e25f819: 502 Bad Gateway
Test remote (fast)	Build Keycloak Docker images	2025-04-14T19:00:22.8620669Z 
Test remote (fast)	Build Keycloak Docker images	2025-04-14T19:00:22.8621490Z #3 [internal] load metadata for registry.access.redhat.com/ubi9:latest
Test remote (fast)	Build Keycloak Docker images	2025-04-14T19:00:22.8623149Z #3 CANCELED
Test remote (fast)	Build Keycloak Docker images	2025-04-14T19:00:22.8623442Z ------
Test remote (fast)	Build Keycloak Docker images	2025-04-14T19:00:22.8623949Z  > [internal] load metadata for registry.access.redhat.com/ubi9-micro:latest:
Test remote (fast)	Build Keycloak Docker images	2025-04-14T19:00:22.8625143Z ------
Test remote (fast)	Build Keycloak Docker images	2025-04-14T19:00:22.8633954Z Dockerfile:22
Test remote (fast)	Build Keycloak Docker images	2025-04-14T19:00:22.8634543Z --------------------
Test remote (fast)	Build Keycloak Docker images	2025-04-14T19:00:22.8635192Z   20 |     RUN bash /tmp/ubi-null.sh java-21-openjdk-headless glibc-langpack-en findutils
Test remote (fast)	Build Keycloak Docker images	2025-04-14T19:00:22.8635890Z   21 |     
Test remote (fast)	Build Keycloak Docker images	2025-04-14T19:00:22.8636267Z   22 | >>> FROM registry.access.redhat.com/ubi9-micro
Test remote (fast)	Build Keycloak Docker images	2025-04-14T19:00:22.8636790Z   23 |     ENV LANG en_US.UTF-8
Test remote (fast)	Build Keycloak Docker images	2025-04-14T19:00:22.8637181Z   24 |     
Test remote (fast)	Build Keycloak Docker images	2025-04-14T19:00:22.8637484Z --------------------
Test remote (fast)	Build Keycloak Docker images	2025-04-14T19:00:22.8639461Z ERROR: failed to solve: registry.access.redhat.com/ubi9-micro: failed to copy: httpReadSeeker: failed open: unexpected status code https://registry.access.redhat.com/v2/ubi9-micro/manifests/sha256:dca8bc186bb579f36414c6ad28f1dbeda33e5cf0bd5fc1c51430cc578e25f819: 502 Bad Gateway
Test remote (fast)	Build Keycloak Docker images	2025-04-14T19:00:22.8692061Z ##[error]Process completed with exit code 1.
Status Check - Keycloak Operator CI	Run /./.github/actions/status-check	2025-04-14T19:45:05.1355427Z Prepare all required actions
Status Check - Keycloak Operator CI	Run /./.github/actions/status-check	2025-04-14T19:45:05.1427750Z ##[group]Run ./.github/actions/status-check
Status Check - Keycloak Operator CI	Run /./.github/actions/status-check	2025-04-14T19:45:05.1428139Z with:
Status Check - Keycloak Operator CI	Run /./.github/actions/status-check	2025-04-14T19:45:05.1428962Z   jobs: {
Status Check - Keycloak Operator CI	Run /./.github/actions/status-check	  "conditional": {
Status Check - Keycloak Operator CI	Run /./.github/actions/status-check	    "result": "success",
Status Check - Keycloak Operator CI	Run /./.github/actions/status-check	    "outputs": {
Status Check - Keycloak Operator CI	Run /./.github/actions/status-check	      "operator": "true"
Status Check - Keycloak Operator CI	Run /./.github/actions/status-check	    }
Status Check - Keycloak Operator CI	Run /./.github/actions/status-check	  },
Status Check - Keycloak Operator CI	Run /./.github/actions/status-check	  "build": {
Status Check - Keycloak Operator CI	Run /./.github/actions/status-check	    "result": "success",
Status Check - Keycloak Operator CI	Run /./.github/actions/status-check	    "outputs": {}
Status Check - Keycloak Operator CI	Run /./.github/actions/status-check	  },
Status Check - Keycloak Operator CI	Run /./.github/actions/status-check	  "test-local": {
Status Check - Keycloak Operator CI	Run /./.github/actions/status-check	    "result": "success",
Status Check - Keycloak Operator CI	Run /./.github/actions/status-check	    "outputs": {}
Status Check - Keycloak Operator CI	Run /./.github/actions/status-check	  },
Status Check - Keycloak Operator CI	Run /./.github/actions/status-check	  "test-remote": {
Status Check - Keycloak Operator CI	Run /./.github/actions/status-check	    "result": "failure",
Status Check - Keycloak Operator CI	Run /./.github/actions/status-check	    "outputs": {}
Status Check - Keycloak Operator CI	Run /./.github/actions/status-check	  },
Status Check - Keycloak Operator CI	Run /./.github/actions/status-check	  "test-olm": {
Status Check - Keycloak Operator CI	Run /./.github/actions/status-check	    "result": "success",
Status Check - Keycloak Operator CI	Run /./.github/actions/status-check	    "outputs": {}
Status Check - Keycloak Operator CI	Run /./.github/actions/status-check	  }
Status Check - Keycloak Operator CI	Run /./.github/actions/status-check	}
Status Check - Keycloak Operator CI	Run /./.github/actions/status-check	2025-04-14T19:45:05.1430080Z env:
Status Check - Keycloak Operator CI	Run /./.github/actions/status-check	2025-04-14T19:45:05.1430394Z   MAVEN_ARGS: -B -nsu -Daether.connector.http.connectionMaxTtl=25
Status Check - Keycloak Operator CI	Run /./.github/actions/status-check	2025-04-14T19:45:05.1430789Z   MINIKUBE_VERSION: v1.32.0
Status Check - Keycloak Operator CI	Run /./.github/actions/status-check	2025-04-14T19:45:05.1431080Z   KUBERNETES_VERSION: v1.27.10
Status Check - Keycloak Operator CI	Run /./.github/actions/status-check	2025-04-14T19:45:05.1431353Z   MINIKUBE_MEMORY: 4096
Status Check - Keycloak Operator CI	Run /./.github/actions/status-check	2025-04-14T19:45:05.1431596Z ##[endgroup]
Status Check - Keycloak Operator CI	Run /./.github/actions/status-check	2025-04-14T19:45:05.1632387Z ##[group]Run JOBS='{
Status Check - Keycloak Operator CI	Run /./.github/actions/status-check	2025-04-14T19:45:05.1632828Z [36;1mJOBS='{[0m
Status Check - Keycloak Operator CI	Run /./.github/actions/status-check	2025-04-14T19:45:05.1633076Z [36;1m  "conditional": {[0m
Status Check - Keycloak Operator CI	Run /./.github/actions/status-check	2025-04-14T19:45:05.1633398Z [36;1m    "result": "success",[0m
Status Check - Keycloak Operator CI	Run /./.github/actions/status-check	2025-04-14T19:45:05.1633672Z [36;1m    "outputs": {[0m
Status Check - Keycloak Operator CI	Run /./.github/actions/status-check	2025-04-14T19:45:05.1633931Z [36;1m      "operator": "true"[0m
Status Check - Keycloak Operator CI	Run /./.github/actions/status-check	2025-04-14T19:45:05.1634202Z [36;1m    }[0m
Status Check - Keycloak Operator CI	Run /./.github/actions/status-check	2025-04-14T19:45:05.1634418Z [36;1m  },[0m
Status Check - Keycloak Operator CI	Run /./.github/actions/status-check	2025-04-14T19:45:05.1634635Z [36;1m  "build": {[0m
Status Check - Keycloak Operator CI	Run /./.github/actions/status-check	2025-04-14T19:45:05.1634870Z [36;1m    "result": "success",[0m
Status Check - Keycloak Operator CI	Run /./.github/actions/status-check	2025-04-14T19:45:05.1635140Z [36;1m    "outputs": {}[0m
Status Check - Keycloak Operator CI	Run /./.github/actions/status-check	2025-04-14T19:45:05.1635384Z [36;1m  },[0m
Status Check - Keycloak Operator CI	Run /./.github/actions/status-check	2025-04-14T19:45:05.1635612Z [36;1m  "test-local": {[0m
Status Check - Keycloak Operator CI	Run /./.github/actions/status-check	2025-04-14T19:45:05.1635869Z [36;1m    "result": "success",[0m
Status Check - Keycloak Operator CI	Run /./.github/actions/status-check	2025-04-14T19:45:05.1636131Z [36;1m    "outputs": {}[0m
Status Check - Keycloak Operator CI	Run /./.github/actions/status-check	2025-04-14T19:45:05.1636368Z [36;1m  },[0m
Status Check - Keycloak Operator CI	Run /./.github/actions/status-check	2025-04-14T19:45:05.1636592Z [36;1m  "test-remote": {[0m
Status Check - Keycloak Operator CI	Run /./.github/actions/status-check	2025-04-14T19:45:05.1636852Z [36;1m    "result": "failure",[0m
Status Check - Keycloak Operator CI	Run /./.github/actions/status-check	2025-04-14T19:45:05.1637129Z [36;1m    "outputs": {}[0m
Status Check - Keycloak Operator CI	Run /./.github/actions/status-check	2025-04-14T19:45:05.1637375Z [36;1m  },[0m
Status Check - Keycloak Operator CI	Run /./.github/actions/status-check	2025-04-14T19:45:05.1637612Z [36;1m  "test-olm": {[0m
Status Check - Keycloak Operator CI	Run /./.github/actions/status-check	2025-04-14T19:45:05.1637877Z [36;1m    "result": "success",[0m
Status Check - Keycloak Operator CI	Run /./.github/actions/status-check	2025-04-14T19:45:05.1638151Z [36;1m    "outputs": {}[0m
Status Check - Keycloak Operator CI	Run /./.github/actions/status-check	2025-04-14T19:45:05.1638393Z [36;1m  }[0m
Status Check - Keycloak Operator CI	Run /./.github/actions/status-check	2025-04-14T19:45:05.1638595Z [36;1m}'[0m
Status Check - Keycloak Operator CI	Run /./.github/actions/status-check	2025-04-14T19:45:05.1638823Z [36;1m[0m
Status Check - Keycloak Operator CI	Run /./.github/actions/status-check	2025-04-14T19:45:05.1639046Z [36;1mecho "Job status:"[0m
Status Check - Keycloak Operator CI	Run /./.github/actions/status-check	2025-04-14T19:45:05.1639665Z [36;1mecho $JOBS | jq -r 'to_entries[] | " - \(.key): \(.value.result)"'[0m
Status Check - Keycloak Operator CI	Run /./.github/actions/status-check	2025-04-14T19:45:05.1640064Z [36;1m[0m
Status Check - Keycloak Operator CI	Run /./.github/actions/status-check	2025-04-14T19:45:05.1640356Z [36;1mfor i in $(echo $JOBS | jq -r 'to_entries[] | .value.result'); do[0m
Status Check - Keycloak Operator CI	Run /./.github/actions/status-check	2025-04-14T19:45:05.1640767Z [36;1m  if [ "$i" != "success" ] && [ "$i" != "skipped" ]; then[0m
Status Check - Keycloak Operator CI	Run /./.github/actions/status-check	2025-04-14T19:45:05.1641086Z [36;1m    echo ""[0m
Status Check - Keycloak Operator CI	Run /./.github/actions/status-check	2025-04-14T19:45:05.1641342Z [36;1m    echo "Status check not okay!"[0m
Status Check - Keycloak Operator CI	Run /./.github/actions/status-check	2025-04-14T19:45:05.1641628Z [36;1m    exit 1[0m
Status Check - Keycloak Operator CI	Run /./.github/actions/status-check	2025-04-14T19:45:05.1641850Z [36;1m  fi[0m
Status Check - Keycloak Operator CI	Run /./.github/actions/status-check	2025-04-14T19:45:05.1642076Z [36;1mdone[0m
Status Check - Keycloak Operator CI	Run /./.github/actions/status-check	2025-04-14T19:45:05.1695067Z shell: /usr/bin/bash --noprofile --norc -e -o pipefail {0}
Status Check - Keycloak Operator CI	Run /./.github/actions/status-check	2025-04-14T19:45:05.1695502Z env:
Status Check - Keycloak Operator CI	Run /./.github/actions/status-check	2025-04-14T19:45:05.1695837Z   MAVEN_ARGS: -B -nsu -Daether.connector.http.connectionMaxTtl=25
Status Check - Keycloak Operator CI	Run /./.github/actions/status-check	2025-04-14T19:45:05.1696247Z   MINIKUBE_VERSION: v1.32.0
Status Check - Keycloak Operator CI	Run /./.github/actions/status-check	2025-04-14T19:45:05.1696536Z   KUBERNETES_VERSION: v1.27.10
Status Check - Keycloak Operator CI	Run /./.github/actions/status-check	2025-04-14T19:45:05.1696818Z   MINIKUBE_MEMORY: 4096
Status Check - Keycloak Operator CI	Run /./.github/actions/status-check	2025-04-14T19:45:05.1697058Z ##[endgroup]
Status Check - Keycloak Operator CI	Run /./.github/actions/status-check	2025-04-14T19:45:05.1784861Z Job status:
Status Check - Keycloak Operator CI	Run /./.github/actions/status-check	2025-04-14T19:45:05.1819611Z  - conditional: success
Status Check - Keycloak Operator CI	Run /./.github/actions/status-check	2025-04-14T19:45:05.1819954Z  - build: success
Status Check - Keycloak Operator CI	Run /./.github/actions/status-check	2025-04-14T19:45:05.1820235Z  - test-local: success
Status Check - Keycloak Operator CI	Run /./.github/actions/status-check	2025-04-14T19:45:05.1820511Z  - test-remote: failure
Status Check - Keycloak Operator CI	Run /./.github/actions/status-check	2025-04-14T19:45:05.1820769Z  - test-olm: success
Status Check - Keycloak Operator CI	Run /./.github/actions/status-check	2025-04-14T19:45:05.1854154Z 
Status Check - Keycloak Operator CI	Run /./.github/actions/status-check	2025-04-14T19:45:05.1854632Z Status check not okay!
Status Check - Keycloak Operator CI	Run /./.github/actions/status-check	2025-04-14T19:45:05.1867851Z ##[error]Process completed with exit code 1.
