Test OLM installation	UNKNOWN STEP	ï»¿2025-06-05T15:09:55.7519694Z Current runner version: '2.325.0'
Test OLM installation	UNKNOWN STEP	2025-06-05T15:09:55.7542732Z ##[group]Runner Image Provisioner
Test OLM installation	UNKNOWN STEP	2025-06-05T15:09:55.7543646Z Hosted Compute Agent
Test OLM installation	UNKNOWN STEP	2025-06-05T15:09:55.7544194Z Version: 20250508.323
Test OLM installation	UNKNOWN STEP	2025-06-05T15:09:55.7544782Z Commit: 81b259f29879f73b4213d199e42d8c3465dae986
Test OLM installation	UNKNOWN STEP	2025-06-05T15:09:55.7545969Z Build Date: 2025-05-08T19:40:08Z
Test OLM installation	UNKNOWN STEP	2025-06-05T15:09:55.7546581Z ##[endgroup]
Test OLM installation	UNKNOWN STEP	2025-06-05T15:09:55.7547123Z ##[group]Operating System
Test OLM installation	UNKNOWN STEP	2025-06-05T15:09:55.7547771Z Ubuntu
Test OLM installation	UNKNOWN STEP	2025-06-05T15:09:55.7548214Z 24.04.2
Test OLM installation	UNKNOWN STEP	2025-06-05T15:09:55.7548672Z LTS
Test OLM installation	UNKNOWN STEP	2025-06-05T15:09:55.7549130Z ##[endgroup]
Test OLM installation	UNKNOWN STEP	2025-06-05T15:09:55.7549674Z ##[group]Runner Image
Test OLM installation	UNKNOWN STEP	2025-06-05T15:09:55.7550200Z Image: ubuntu-24.04
Test OLM installation	UNKNOWN STEP	2025-06-05T15:09:55.7550700Z Version: 20250511.1.0
Test OLM installation	UNKNOWN STEP	2025-06-05T15:09:55.7551725Z Included Software: https://github.com/actions/runner-images/blob/ubuntu24/20250511.1/images/ubuntu/Ubuntu2404-Readme.md
Test OLM installation	UNKNOWN STEP	2025-06-05T15:09:55.7553237Z Image Release: https://github.com/actions/runner-images/releases/tag/ubuntu24%2F20250511.1
Test OLM installation	UNKNOWN STEP	2025-06-05T15:09:55.7554281Z ##[endgroup]
Test OLM installation	UNKNOWN STEP	2025-06-05T15:09:55.7555222Z ##[group]GITHUB_TOKEN Permissions
Test OLM installation	UNKNOWN STEP	2025-06-05T15:09:55.7557259Z Contents: read
Test OLM installation	UNKNOWN STEP	2025-06-05T15:09:55.7557809Z Metadata: read
Test OLM installation	UNKNOWN STEP	2025-06-05T15:09:55.7558248Z ##[endgroup]
Test OLM installation	UNKNOWN STEP	2025-06-05T15:09:55.7560324Z Secret source: None
Test OLM installation	UNKNOWN STEP	2025-06-05T15:09:55.7560957Z Prepare workflow directory
Test OLM installation	UNKNOWN STEP	2025-06-05T15:09:55.7967897Z Prepare all required actions
Test OLM installation	UNKNOWN STEP	2025-06-05T15:09:55.8006024Z Getting action download info
Test OLM installation	UNKNOWN STEP	2025-06-05T15:09:56.1754780Z Download action repository 'actions/checkout@11bd71901bbe5b1630ceea73d27597364c9af683' (SHA:11bd71901bbe5b1630ceea73d27597364c9af683)
Test OLM installation	UNKNOWN STEP	2025-06-05T15:09:56.2446000Z Download action repository 'manusa/actions-setup-minikube@5d9440a1b535e8b4f541eaac559681a9022df29d' (SHA:5d9440a1b535e8b4f541eaac559681a9022df29d)
Test OLM installation	UNKNOWN STEP	2025-06-05T15:09:57.1573727Z Download action repository 'redhat-actions/openshift-tools-installer@144527c7d98999f2652264c048c7a9bd103f8a82' (SHA:144527c7d98999f2652264c048c7a9bd103f8a82)
Test OLM installation	UNKNOWN STEP	2025-06-05T15:09:57.7145922Z Download action repository 'actions/download-artifact@d3f86a106a0bac45b974a628896c90dbdf5c8093' (SHA:d3f86a106a0bac45b974a628896c90dbdf5c8093)
Test OLM installation	UNKNOWN STEP	2025-06-05T15:09:58.2537112Z Complete job name: Test OLM installation
Test OLM installation	UNKNOWN STEP	2025-06-05T15:09:58.3383128Z ##[group]Run actions/checkout@11bd71901bbe5b1630ceea73d27597364c9af683
Test OLM installation	UNKNOWN STEP	2025-06-05T15:09:58.3384793Z with:
Test OLM installation	UNKNOWN STEP	2025-06-05T15:09:58.3385756Z   repository: keycloak/keycloak
Test OLM installation	UNKNOWN STEP	2025-06-05T15:09:58.3387000Z   token: ***
Test OLM installation	UNKNOWN STEP	2025-06-05T15:09:58.3387743Z   ssh-strict: true
Test OLM installation	UNKNOWN STEP	2025-06-05T15:09:58.3388496Z   ssh-user: git
Test OLM installation	UNKNOWN STEP	2025-06-05T15:09:58.3389276Z   persist-credentials: true
Test OLM installation	UNKNOWN STEP	2025-06-05T15:09:58.3390155Z   clean: true
Test OLM installation	UNKNOWN STEP	2025-06-05T15:09:58.3390931Z   sparse-checkout-cone-mode: true
Test OLM installation	UNKNOWN STEP	2025-06-05T15:09:58.3391869Z   fetch-depth: 1
Test OLM installation	UNKNOWN STEP	2025-06-05T15:09:58.3392630Z   fetch-tags: false
Test OLM installation	UNKNOWN STEP	2025-06-05T15:09:58.3393406Z   show-progress: true
Test OLM installation	UNKNOWN STEP	2025-06-05T15:09:58.3394198Z   lfs: false
Test OLM installation	UNKNOWN STEP	2025-06-05T15:09:58.3394910Z   submodules: false
Test OLM installation	UNKNOWN STEP	2025-06-05T15:09:58.3395824Z   set-safe-directory: true
Test OLM installation	UNKNOWN STEP	2025-06-05T15:09:58.3396935Z env:
Test OLM installation	UNKNOWN STEP	2025-06-05T15:09:58.3397997Z   MAVEN_ARGS: -B -nsu -Daether.connector.http.connectionMaxTtl=25
Test OLM installation	UNKNOWN STEP	2025-06-05T15:09:58.3399283Z   MINIKUBE_VERSION: v1.32.0
Test OLM installation	UNKNOWN STEP	2025-06-05T15:09:58.3400213Z   KUBERNETES_VERSION: v1.27.10
Test OLM installation	UNKNOWN STEP	2025-06-05T15:09:58.3401107Z   MINIKUBE_MEMORY: 4096
Test OLM installation	UNKNOWN STEP	2025-06-05T15:09:58.3401905Z ##[endgroup]
Test OLM installation	UNKNOWN STEP	2025-06-05T15:09:58.4487098Z Syncing repository: keycloak/keycloak
Test OLM installation	UNKNOWN STEP	2025-06-05T15:09:58.4490001Z ##[group]Getting Git version info
Test OLM installation	UNKNOWN STEP	2025-06-05T15:09:58.4491359Z Working directory is '/home/runner/work/keycloak/keycloak'
Test OLM installation	UNKNOWN STEP	2025-06-05T15:09:58.4493564Z [command]/usr/bin/git version
Test OLM installation	UNKNOWN STEP	2025-06-05T15:09:58.4510038Z git version 2.49.0
Test OLM installation	UNKNOWN STEP	2025-06-05T15:09:58.4537044Z ##[endgroup]
Test OLM installation	UNKNOWN STEP	2025-06-05T15:09:58.4550941Z Temporarily overriding HOME='/home/runner/work/_temp/8e33af0b-bb42-4d95-b8a3-4d66f6358ba3' before making global git config changes
Test OLM installation	UNKNOWN STEP	2025-06-05T15:09:58.4554740Z Adding repository directory to the temporary git global config as a safe directory
Test OLM installation	UNKNOWN STEP	2025-06-05T15:09:58.4557913Z [command]/usr/bin/git config --global --add safe.directory /home/runner/work/keycloak/keycloak
Test OLM installation	UNKNOWN STEP	2025-06-05T15:09:58.4591119Z Deleting the contents of '/home/runner/work/keycloak/keycloak'
Test OLM installation	UNKNOWN STEP	2025-06-05T15:09:58.4595041Z ##[group]Initializing the repository
Test OLM installation	UNKNOWN STEP	2025-06-05T15:09:58.4600253Z [command]/usr/bin/git init /home/runner/work/keycloak/keycloak
Test OLM installation	UNKNOWN STEP	2025-06-05T15:09:58.4657859Z hint: Using 'master' as the name for the initial branch. This default branch name
Test OLM installation	UNKNOWN STEP	2025-06-05T15:09:58.4660138Z hint: is subject to change. To configure the initial branch name to use in all
Test OLM installation	UNKNOWN STEP	2025-06-05T15:09:58.4662533Z hint: of your new repositories, which will suppress this warning, call:
Test OLM installation	UNKNOWN STEP	2025-06-05T15:09:58.4663950Z hint:
Test OLM installation	UNKNOWN STEP	2025-06-05T15:09:58.4665006Z hint: 	git config --global init.defaultBranch <name>
Test OLM installation	UNKNOWN STEP	2025-06-05T15:09:58.4666653Z hint:
Test OLM installation	UNKNOWN STEP	2025-06-05T15:09:58.4667814Z hint: Names commonly chosen instead of 'master' are 'main', 'trunk' and
Test OLM installation	UNKNOWN STEP	2025-06-05T15:09:58.4669845Z hint: 'development'. The just-created branch can be renamed via this command:
Test OLM installation	UNKNOWN STEP	2025-06-05T15:09:58.4671669Z hint:
Test OLM installation	UNKNOWN STEP	2025-06-05T15:09:58.4672467Z hint: 	git branch -m <name>
Test OLM installation	UNKNOWN STEP	2025-06-05T15:09:58.4673996Z Initialized empty Git repository in /home/runner/work/keycloak/keycloak/.git/
Test OLM installation	UNKNOWN STEP	2025-06-05T15:09:58.4677454Z [command]/usr/bin/git remote add origin https://github.com/keycloak/keycloak
Test OLM installation	UNKNOWN STEP	2025-06-05T15:09:58.4709554Z ##[endgroup]
Test OLM installation	UNKNOWN STEP	2025-06-05T15:09:58.4711939Z ##[group]Disabling automatic garbage collection
Test OLM installation	UNKNOWN STEP	2025-06-05T15:09:58.4714163Z [command]/usr/bin/git config --local gc.auto 0
Test OLM installation	UNKNOWN STEP	2025-06-05T15:09:58.4740817Z ##[endgroup]
Test OLM installation	UNKNOWN STEP	2025-06-05T15:09:58.4743270Z ##[group]Setting up auth
Test OLM installation	UNKNOWN STEP	2025-06-05T15:09:58.4748563Z [command]/usr/bin/git config --local --name-only --get-regexp core\.sshCommand
Test OLM installation	UNKNOWN STEP	2025-06-05T15:09:58.4781451Z [command]/usr/bin/git submodule foreach --recursive sh -c "git config --local --name-only --get-regexp 'core\.sshCommand' && git config --local --unset-all 'core.sshCommand' || :"
Test OLM installation	UNKNOWN STEP	2025-06-05T15:09:58.5029685Z [command]/usr/bin/git config --local --name-only --get-regexp http\.https\:\/\/github\.com\/\.extraheader
Test OLM installation	UNKNOWN STEP	2025-06-05T15:09:58.5061920Z [command]/usr/bin/git submodule foreach --recursive sh -c "git config --local --name-only --get-regexp 'http\.https\:\/\/github\.com\/\.extraheader' && git config --local --unset-all 'http.https://github.com/.extraheader' || :"
Test OLM installation	UNKNOWN STEP	2025-06-05T15:09:58.5282024Z [command]/usr/bin/git config --local http.https://github.com/.extraheader AUTHORIZATION: basic ***
Test OLM installation	UNKNOWN STEP	2025-06-05T15:09:58.5380947Z ##[endgroup]
Test OLM installation	UNKNOWN STEP	2025-06-05T15:09:58.5382551Z ##[group]Fetching the repository
Test OLM installation	UNKNOWN STEP	2025-06-05T15:09:58.5385213Z [command]/usr/bin/git -c protocol.version=2 fetch --no-tags --prune --no-recurse-submodules --depth=1 origin +14586667d74cd7e37688964868736d082937ea82:refs/remotes/pull/39725/merge
Test OLM installation	UNKNOWN STEP	2025-06-05T15:10:01.7297415Z From https://github.com/keycloak/keycloak
Test OLM installation	UNKNOWN STEP	2025-06-05T15:10:01.7299360Z  * [new ref]         14586667d74cd7e37688964868736d082937ea82 -> pull/39725/merge
Test OLM installation	UNKNOWN STEP	2025-06-05T15:10:01.7348697Z ##[endgroup]
Test OLM installation	UNKNOWN STEP	2025-06-05T15:10:01.7349232Z ##[group]Determining the checkout info
Test OLM installation	UNKNOWN STEP	2025-06-05T15:10:01.7350979Z ##[endgroup]
Test OLM installation	UNKNOWN STEP	2025-06-05T15:10:01.7356071Z [command]/usr/bin/git sparse-checkout disable
Test OLM installation	UNKNOWN STEP	2025-06-05T15:10:01.7393113Z [command]/usr/bin/git config --local --unset-all extensions.worktreeConfig
Test OLM installation	UNKNOWN STEP	2025-06-05T15:10:01.7422454Z ##[group]Checking out the ref
Test OLM installation	UNKNOWN STEP	2025-06-05T15:10:01.7423107Z [command]/usr/bin/git checkout --progress --force refs/remotes/pull/39725/merge
Test OLM installation	UNKNOWN STEP	2025-06-05T15:10:02.5253723Z Note: switching to 'refs/remotes/pull/39725/merge'.
Test OLM installation	UNKNOWN STEP	2025-06-05T15:10:02.5254514Z 
Test OLM installation	UNKNOWN STEP	2025-06-05T15:10:02.5255044Z You are in 'detached HEAD' state. You can look around, make experimental
Test OLM installation	UNKNOWN STEP	2025-06-05T15:10:02.5256411Z changes and commit them, and you can discard any commits you make in this
Test OLM installation	UNKNOWN STEP	2025-06-05T15:10:02.5257483Z state without impacting any branches by switching back to a branch.
Test OLM installation	UNKNOWN STEP	2025-06-05T15:10:02.5258110Z 
Test OLM installation	UNKNOWN STEP	2025-06-05T15:10:02.5258540Z If you want to create a new branch to retain commits you create, you may
Test OLM installation	UNKNOWN STEP	2025-06-05T15:10:02.5259510Z do so (now or later) by using -c with the switch command. Example:
Test OLM installation	UNKNOWN STEP	2025-06-05T15:10:02.5260123Z 
Test OLM installation	UNKNOWN STEP	2025-06-05T15:10:02.5260378Z   git switch -c <new-branch-name>
Test OLM installation	UNKNOWN STEP	2025-06-05T15:10:02.5261350Z 
Test OLM installation	UNKNOWN STEP	2025-06-05T15:10:02.5261650Z Or undo this operation with:
Test OLM installation	UNKNOWN STEP	2025-06-05T15:10:02.5262051Z 
Test OLM installation	UNKNOWN STEP	2025-06-05T15:10:02.5262273Z   git switch -
Test OLM installation	UNKNOWN STEP	2025-06-05T15:10:02.5262612Z 
Test OLM installation	UNKNOWN STEP	2025-06-05T15:10:02.5264438Z Turn off this advice by setting config variable advice.detachedHead to false
Test OLM installation	UNKNOWN STEP	2025-06-05T15:10:02.5265142Z 
Test OLM installation	UNKNOWN STEP	2025-06-05T15:10:02.5266126Z HEAD is now at 1458666 Merge 3d1c509b0e59507b5a2a6ec6af84bf248de91f24 into 0c62bd0878ef7a25c7530122eb28efab9b4476b5
Test OLM installation	UNKNOWN STEP	2025-06-05T15:10:02.5286691Z ##[endgroup]
Test OLM installation	UNKNOWN STEP	2025-06-05T15:10:02.5326037Z [command]/usr/bin/git log -1 --format=%H
Test OLM installation	UNKNOWN STEP	2025-06-05T15:10:02.5347676Z 14586667d74cd7e37688964868736d082937ea82
Test OLM installation	UNKNOWN STEP	2025-06-05T15:10:02.5581478Z Prepare all required actions
Test OLM installation	UNKNOWN STEP	2025-06-05T15:10:02.5581909Z Getting action download info
Test OLM installation	UNKNOWN STEP	2025-06-05T15:10:02.7143114Z Download action repository 'actions/setup-java@c5195efecf7bdfc987ee8bae7a71cb8b11521c00' (SHA:c5195efecf7bdfc987ee8bae7a71cb8b11521c00)
Test OLM installation	UNKNOWN STEP	2025-06-05T15:10:03.3059597Z ##[group]Run ./.github/actions/java-setup
Test OLM installation	UNKNOWN STEP	2025-06-05T15:10:03.3059889Z with:
Test OLM installation	UNKNOWN STEP	2025-06-05T15:10:03.3060056Z   distribution: temurin
Test OLM installation	UNKNOWN STEP	2025-06-05T15:10:03.3060250Z   java-version: 21
Test OLM installation	UNKNOWN STEP	2025-06-05T15:10:03.3060422Z env:
Test OLM installation	UNKNOWN STEP	2025-06-05T15:10:03.3060680Z   MAVEN_ARGS: -B -nsu -Daether.connector.http.connectionMaxTtl=25
Test OLM installation	UNKNOWN STEP	2025-06-05T15:10:03.3061010Z   MINIKUBE_VERSION: v1.32.0
Test OLM installation	UNKNOWN STEP	2025-06-05T15:10:03.3061233Z   KUBERNETES_VERSION: v1.27.10
Test OLM installation	UNKNOWN STEP	2025-06-05T15:10:03.3061437Z   MINIKUBE_MEMORY: 4096
Test OLM installation	UNKNOWN STEP	2025-06-05T15:10:03.3061626Z ##[endgroup]
Test OLM installation	UNKNOWN STEP	2025-06-05T15:10:03.3206316Z ##[group]Run actions/setup-java@c5195efecf7bdfc987ee8bae7a71cb8b11521c00
Test OLM installation	UNKNOWN STEP	2025-06-05T15:10:03.3206658Z with:
Test OLM installation	UNKNOWN STEP	2025-06-05T15:10:03.3206833Z   distribution: temurin
Test OLM installation	UNKNOWN STEP	2025-06-05T15:10:03.3207077Z   java-version: 21
Test OLM installation	UNKNOWN STEP	2025-06-05T15:10:03.3207261Z   java-package: jdk
Test OLM installation	UNKNOWN STEP	2025-06-05T15:10:03.3207458Z   check-latest: false
Test OLM installation	UNKNOWN STEP	2025-06-05T15:10:03.3207636Z   server-id: github
Test OLM installation	UNKNOWN STEP	2025-06-05T15:10:03.3207820Z   server-username: GITHUB_ACTOR
Test OLM installation	UNKNOWN STEP	2025-06-05T15:10:03.3208043Z   server-password: GITHUB_TOKEN
Test OLM installation	UNKNOWN STEP	2025-06-05T15:10:03.3208269Z   overwrite-settings: true
Test OLM installation	UNKNOWN STEP	2025-06-05T15:10:03.3208488Z   job-status: success
Test OLM installation	UNKNOWN STEP	2025-06-05T15:10:03.3208797Z   token: ***
Test OLM installation	UNKNOWN STEP	2025-06-05T15:10:03.3208963Z env:
Test OLM installation	UNKNOWN STEP	2025-06-05T15:10:03.3209209Z   MAVEN_ARGS: -B -nsu -Daether.connector.http.connectionMaxTtl=25
Test OLM installation	UNKNOWN STEP	2025-06-05T15:10:03.3209536Z   MINIKUBE_VERSION: v1.32.0
Test OLM installation	UNKNOWN STEP	2025-06-05T15:10:03.3209750Z   KUBERNETES_VERSION: v1.27.10
Test OLM installation	UNKNOWN STEP	2025-06-05T15:10:03.3209961Z   MINIKUBE_MEMORY: 4096
Test OLM installation	UNKNOWN STEP	2025-06-05T15:10:03.3210143Z ##[endgroup]
Test OLM installation	UNKNOWN STEP	2025-06-05T15:10:03.5467346Z ##[group]Installed distributions
Test OLM installation	UNKNOWN STEP	2025-06-05T15:10:03.5516223Z Resolved Java 21.0.7+6 from tool-cache
Test OLM installation	UNKNOWN STEP	2025-06-05T15:10:03.5517175Z Setting Java 21.0.7+6 as the default
Test OLM installation	UNKNOWN STEP	2025-06-05T15:10:03.5529945Z Creating toolchains.xml for JDK version 21 from temurin
Test OLM installation	UNKNOWN STEP	2025-06-05T15:10:03.5607678Z Writing to /home/runner/.m2/toolchains.xml
Test OLM installation	UNKNOWN STEP	2025-06-05T15:10:03.5608573Z 
Test OLM installation	UNKNOWN STEP	2025-06-05T15:10:03.5608732Z Java configuration:
Test OLM installation	UNKNOWN STEP	2025-06-05T15:10:03.5609058Z   Distribution: temurin
Test OLM installation	UNKNOWN STEP	2025-06-05T15:10:03.5609406Z   Version: 21.0.7+6
Test OLM installation	UNKNOWN STEP	2025-06-05T15:10:03.5610095Z   Path: /opt/hostedtoolcache/Java_Temurin-Hotspot_jdk/21.0.7-6/x64
Test OLM installation	UNKNOWN STEP	2025-06-05T15:10:03.5610580Z 
Test OLM installation	UNKNOWN STEP	2025-06-05T15:10:03.5611863Z ##[endgroup]
Test OLM installation	UNKNOWN STEP	2025-06-05T15:10:03.5628059Z Creating settings.xml with server-id: github
Test OLM installation	UNKNOWN STEP	2025-06-05T15:10:03.5635174Z Writing to /home/runner/.m2/settings.xml
Test OLM installation	UNKNOWN STEP	2025-06-05T15:10:03.5792303Z ##[group]Run manusa/actions-setup-minikube@5d9440a1b535e8b4f541eaac559681a9022df29d
Test OLM installation	UNKNOWN STEP	2025-06-05T15:10:03.5792698Z with:
Test OLM installation	UNKNOWN STEP	2025-06-05T15:10:03.5792868Z   minikube version: v1.32.0
Test OLM installation	UNKNOWN STEP	2025-06-05T15:10:03.5793089Z   kubernetes version: v1.27.10
Test OLM installation	UNKNOWN STEP	2025-06-05T15:10:03.5793531Z   github token: ***
Test OLM installation	UNKNOWN STEP	2025-06-05T15:10:03.5793714Z   driver: docker
Test OLM installation	UNKNOWN STEP	2025-06-05T15:10:03.5793902Z   start args: --memory=4096
Test OLM installation	UNKNOWN STEP	2025-06-05T15:10:03.5794100Z env:
Test OLM installation	UNKNOWN STEP	2025-06-05T15:10:03.5794357Z   MAVEN_ARGS: -B -nsu -Daether.connector.http.connectionMaxTtl=25
Test OLM installation	UNKNOWN STEP	2025-06-05T15:10:03.5794672Z   MINIKUBE_VERSION: v1.32.0
Test OLM installation	UNKNOWN STEP	2025-06-05T15:10:03.5794887Z   KUBERNETES_VERSION: v1.27.10
Test OLM installation	UNKNOWN STEP	2025-06-05T15:10:03.5795091Z   MINIKUBE_MEMORY: 4096
Test OLM installation	UNKNOWN STEP	2025-06-05T15:10:03.5795601Z   JAVA_HOME: /opt/hostedtoolcache/Java_Temurin-Hotspot_jdk/21.0.7-6/x64
Test OLM installation	UNKNOWN STEP	2025-06-05T15:10:03.5796235Z   JAVA_HOME_21_X64: /opt/hostedtoolcache/Java_Temurin-Hotspot_jdk/21.0.7-6/x64
Test OLM installation	UNKNOWN STEP	2025-06-05T15:10:03.5796558Z ##[endgroup]
Test OLM installation	UNKNOWN STEP	2025-06-05T15:10:03.6980785Z Loading input variables
Test OLM installation	UNKNOWN STEP	2025-06-05T15:10:03.6983146Z Updating Environment configuration to support Minikube
Test OLM installation	UNKNOWN STEP	2025-06-05T15:10:03.7111913Z 
Test OLM installation	UNKNOWN STEP	2025-06-05T15:10:03.7112396Z WARNING: apt does not have a stable CLI interface. Use with caution in scripts.
Test OLM installation	UNKNOWN STEP	2025-06-05T15:10:03.7112851Z 
Test OLM installation	UNKNOWN STEP	2025-06-05T15:10:03.7746403Z Get:1 file:/etc/apt/apt-mirrors.txt Mirrorlist [144 B]
Test OLM installation	UNKNOWN STEP	2025-06-05T15:10:03.8164066Z Hit:2 http://azure.archive.ubuntu.com/ubuntu noble InRelease
Test OLM installation	UNKNOWN STEP	2025-06-05T15:10:03.8184032Z Get:3 http://azure.archive.ubuntu.com/ubuntu noble-updates InRelease [126 kB]
Test OLM installation	UNKNOWN STEP	2025-06-05T15:10:03.8236820Z Get:6 https://packages.microsoft.com/repos/azure-cli noble InRelease [3564 B]
Test OLM installation	UNKNOWN STEP	2025-06-05T15:10:03.8298016Z Get:7 https://packages.microsoft.com/ubuntu/24.04/prod noble InRelease [3600 B]
Test OLM installation	UNKNOWN STEP	2025-06-05T15:10:03.8308800Z Get:4 http://azure.archive.ubuntu.com/ubuntu noble-backports InRelease [126 kB]
Test OLM installation	UNKNOWN STEP	2025-06-05T15:10:03.8321533Z Get:5 http://azure.archive.ubuntu.com/ubuntu noble-security InRelease [126 kB]
Test OLM installation	UNKNOWN STEP	2025-06-05T15:10:03.9596710Z Get:8 http://azure.archive.ubuntu.com/ubuntu noble-updates/main amd64 Packages [1112 kB]
Test OLM installation	UNKNOWN STEP	2025-06-05T15:10:03.9766576Z Get:9 http://azure.archive.ubuntu.com/ubuntu noble-updates/main Translation-en [237 kB]
Test OLM installation	UNKNOWN STEP	2025-06-05T15:10:03.9807240Z Get:10 http://azure.archive.ubuntu.com/ubuntu noble-updates/main amd64 Components [161 kB]
Test OLM installation	UNKNOWN STEP	2025-06-05T15:10:03.9818321Z Get:11 http://azure.archive.ubuntu.com/ubuntu noble-updates/universe amd64 Packages [1070 kB]
Test OLM installation	UNKNOWN STEP	2025-06-05T15:10:03.9887946Z Get:12 http://azure.archive.ubuntu.com/ubuntu noble-updates/universe Translation-en [273 kB]
Test OLM installation	UNKNOWN STEP	2025-06-05T15:10:03.9915237Z Get:13 http://azure.archive.ubuntu.com/ubuntu noble-updates/universe amd64 Components [376 kB]
Test OLM installation	UNKNOWN STEP	2025-06-05T15:10:03.9947226Z Get:14 http://azure.archive.ubuntu.com/ubuntu noble-updates/restricted amd64 Packages [1174 kB]
Test OLM installation	UNKNOWN STEP	2025-06-05T15:10:04.0027925Z Get:15 http://azure.archive.ubuntu.com/ubuntu noble-updates/restricted Translation-en [243 kB]
Test OLM installation	UNKNOWN STEP	2025-06-05T15:10:04.0053747Z Get:16 http://azure.archive.ubuntu.com/ubuntu noble-updates/restricted amd64 Components [212 B]
Test OLM installation	UNKNOWN STEP	2025-06-05T15:10:04.0063827Z Get:17 http://azure.archive.ubuntu.com/ubuntu noble-updates/multiverse amd64 Components [940 B]
Test OLM installation	UNKNOWN STEP	2025-06-05T15:10:04.0190185Z Get:18 https://packages.microsoft.com/repos/azure-cli noble/main amd64 Packages [1377 B]
Test OLM installation	UNKNOWN STEP	2025-06-05T15:10:04.0769517Z Get:19 https://packages.microsoft.com/ubuntu/24.04/prod noble/main armhf Packages [8426 B]
Test OLM installation	UNKNOWN STEP	2025-06-05T15:10:04.0801566Z Get:20 https://packages.microsoft.com/ubuntu/24.04/prod noble/main arm64 Packages [20.9 kB]
Test OLM installation	UNKNOWN STEP	2025-06-05T15:10:04.0865103Z Get:21 https://packages.microsoft.com/ubuntu/24.04/prod noble/main amd64 Packages [33.7 kB]
Test OLM installation	UNKNOWN STEP	2025-06-05T15:10:04.1816685Z Get:22 http://azure.archive.ubuntu.com/ubuntu noble-backports/main amd64 Packages [39.2 kB]
Test OLM installation	UNKNOWN STEP	2025-06-05T15:10:04.1829081Z Get:23 http://azure.archive.ubuntu.com/ubuntu noble-backports/main amd64 Components [7096 B]
Test OLM installation	UNKNOWN STEP	2025-06-05T15:10:04.1840143Z Get:24 http://azure.archive.ubuntu.com/ubuntu noble-backports/universe amd64 Packages [27.1 kB]
Test OLM installation	UNKNOWN STEP	2025-06-05T15:10:04.1851638Z Get:25 http://azure.archive.ubuntu.com/ubuntu noble-backports/universe amd64 Components [16.4 kB]
Test OLM installation	UNKNOWN STEP	2025-06-05T15:10:04.1862885Z Get:26 http://azure.archive.ubuntu.com/ubuntu noble-backports/restricted amd64 Components [216 B]
Test OLM installation	UNKNOWN STEP	2025-06-05T15:10:04.1873452Z Get:27 http://azure.archive.ubuntu.com/ubuntu noble-backports/multiverse amd64 Components [212 B]
Test OLM installation	UNKNOWN STEP	2025-06-05T15:10:04.1886050Z Get:28 http://azure.archive.ubuntu.com/ubuntu noble-security/main amd64 Packages [864 kB]
Test OLM installation	UNKNOWN STEP	2025-06-05T15:10:04.1937762Z Get:29 http://azure.archive.ubuntu.com/ubuntu noble-security/main Translation-en [159 kB]
Test OLM installation	UNKNOWN STEP	2025-06-05T15:10:04.1957775Z Get:30 http://azure.archive.ubuntu.com/ubuntu noble-security/main amd64 Components [21.6 kB]
Test OLM installation	UNKNOWN STEP	2025-06-05T15:10:04.1971057Z Get:31 http://azure.archive.ubuntu.com/ubuntu noble-security/universe amd64 Packages [846 kB]
Test OLM installation	UNKNOWN STEP	2025-06-05T15:10:04.2023629Z Get:32 http://azure.archive.ubuntu.com/ubuntu noble-security/universe Translation-en [185 kB]
Test OLM installation	UNKNOWN STEP	2025-06-05T15:10:04.2045549Z Get:33 http://azure.archive.ubuntu.com/ubuntu noble-security/universe amd64 Components [52.2 kB]
Test OLM installation	UNKNOWN STEP	2025-06-05T15:10:04.2058053Z Get:34 http://azure.archive.ubuntu.com/ubuntu noble-security/restricted amd64 Packages [1138 kB]
Test OLM installation	UNKNOWN STEP	2025-06-05T15:10:04.2119760Z Get:35 http://azure.archive.ubuntu.com/ubuntu noble-security/restricted Translation-en [236 kB]
Test OLM installation	UNKNOWN STEP	2025-06-05T15:10:04.2577327Z Get:36 http://azure.archive.ubuntu.com/ubuntu noble-security/restricted amd64 Components [212 B]
Test OLM installation	UNKNOWN STEP	2025-06-05T15:10:04.2589533Z Get:37 http://azure.archive.ubuntu.com/ubuntu noble-security/multiverse amd64 Components [212 B]
Test OLM installation	UNKNOWN STEP	2025-06-05T15:10:07.7632962Z Fetched 8690 kB in 1s (7891 kB/s)
Test OLM installation	UNKNOWN STEP	2025-06-05T15:10:08.4162803Z Reading package lists...
Test OLM installation	UNKNOWN STEP	2025-06-05T15:10:08.5579165Z Building dependency tree...
Test OLM installation	UNKNOWN STEP	2025-06-05T15:10:08.5586480Z Reading state information...
Test OLM installation	UNKNOWN STEP	2025-06-05T15:10:08.5717943Z 52 packages can be upgraded. Run 'apt list --upgradable' to see them.
Test OLM installation	UNKNOWN STEP	2025-06-05T15:10:08.5971738Z Reading package lists...
Test OLM installation	UNKNOWN STEP	2025-06-05T15:10:08.7553464Z Building dependency tree...
Test OLM installation	UNKNOWN STEP	2025-06-05T15:10:08.7561305Z Reading state information...
Test OLM installation	UNKNOWN STEP	2025-06-05T15:10:08.9129741Z The following NEW packages will be installed:
Test OLM installation	UNKNOWN STEP	2025-06-05T15:10:08.9135711Z   conntrack
Test OLM installation	UNKNOWN STEP	2025-06-05T15:10:08.9301346Z 0 upgraded, 1 newly installed, 0 to remove and 52 not upgraded.
Test OLM installation	UNKNOWN STEP	2025-06-05T15:10:08.9301917Z Need to get 37.9 kB of archives.
Test OLM installation	UNKNOWN STEP	2025-06-05T15:10:08.9302450Z After this operation, 119 kB of additional disk space will be used.
Test OLM installation	UNKNOWN STEP	2025-06-05T15:10:08.9302879Z Get:1 file:/etc/apt/apt-mirrors.txt Mirrorlist [144 B]
Test OLM installation	UNKNOWN STEP	2025-06-05T15:10:08.9899252Z Get:2 http://azure.archive.ubuntu.com/ubuntu noble/main amd64 conntrack amd64 1:1.4.8-1ubuntu1 [37.9 kB]
Test OLM installation	UNKNOWN STEP	2025-06-05T15:10:09.2423463Z Fetched 37.9 kB in 0s (529 kB/s)
Test OLM installation	UNKNOWN STEP	2025-06-05T15:10:09.2619444Z Selecting previously unselected package conntrack.
Test OLM installation	UNKNOWN STEP	2025-06-05T15:10:09.2804382Z (Reading database ... 
Test OLM installation	UNKNOWN STEP	2025-06-05T15:10:09.2804887Z (Reading database ... 5%
Test OLM installation	UNKNOWN STEP	2025-06-05T15:10:09.2805429Z (Reading database ... 10%
Test OLM installation	UNKNOWN STEP	2025-06-05T15:10:09.2805798Z (Reading database ... 15%
Test OLM installation	UNKNOWN STEP	2025-06-05T15:10:09.2806145Z (Reading database ... 20%
Test OLM installation	UNKNOWN STEP	2025-06-05T15:10:09.2806480Z (Reading database ... 25%
Test OLM installation	UNKNOWN STEP	2025-06-05T15:10:09.2806813Z (Reading database ... 30%
Test OLM installation	UNKNOWN STEP	2025-06-05T15:10:09.2807151Z (Reading database ... 35%
Test OLM installation	UNKNOWN STEP	2025-06-05T15:10:09.2807472Z (Reading database ... 40%
Test OLM installation	UNKNOWN STEP	2025-06-05T15:10:09.2807798Z (Reading database ... 45%
Test OLM installation	UNKNOWN STEP	2025-06-05T15:10:09.2808126Z (Reading database ... 50%
Test OLM installation	UNKNOWN STEP	2025-06-05T15:10:09.2880159Z (Reading database ... 55%
Test OLM installation	UNKNOWN STEP	2025-06-05T15:10:09.3125684Z (Reading database ... 60%
Test OLM installation	UNKNOWN STEP	2025-06-05T15:10:09.3265048Z (Reading database ... 65%
Test OLM installation	UNKNOWN STEP	2025-06-05T15:10:09.3451766Z (Reading database ... 70%
Test OLM installation	UNKNOWN STEP	2025-06-05T15:10:09.3588936Z (Reading database ... 75%
Test OLM installation	UNKNOWN STEP	2025-06-05T15:10:09.3998850Z (Reading database ... 80%
Test OLM installation	UNKNOWN STEP	2025-06-05T15:10:09.4270203Z (Reading database ... 85%
Test OLM installation	UNKNOWN STEP	2025-06-05T15:10:09.4791445Z (Reading database ... 90%
Test OLM installation	UNKNOWN STEP	2025-06-05T15:10:09.5124567Z (Reading database ... 95%
Test OLM installation	UNKNOWN STEP	2025-06-05T15:10:09.5125068Z (Reading database ... 100%
Test OLM installation	UNKNOWN STEP	2025-06-05T15:10:09.5125976Z (Reading database ... 222694 files and directories currently installed.)
Test OLM installation	UNKNOWN STEP	2025-06-05T15:10:09.5170140Z Preparing to unpack .../conntrack_1%3a1.4.8-1ubuntu1_amd64.deb ...
Test OLM installation	UNKNOWN STEP	2025-06-05T15:10:09.5192480Z Unpacking conntrack (1:1.4.8-1ubuntu1) ...
Test OLM installation	UNKNOWN STEP	2025-06-05T15:10:09.5592081Z Setting up conntrack (1:1.4.8-1ubuntu1) ...
Test OLM installation	UNKNOWN STEP	2025-06-05T15:10:09.5621493Z Processing triggers for man-db (2.12.0-4build2) ...
Test OLM installation	UNKNOWN STEP	2025-06-05T15:10:11.1469151Z 
Test OLM installation	UNKNOWN STEP	2025-06-05T15:10:11.1469671Z Running kernel seems to be up-to-date.
Test OLM installation	UNKNOWN STEP	2025-06-05T15:10:11.1470039Z 
Test OLM installation	UNKNOWN STEP	2025-06-05T15:10:11.1470186Z Restarting services...
Test OLM installation	UNKNOWN STEP	2025-06-05T15:10:11.1541433Z 
Test OLM installation	UNKNOWN STEP	2025-06-05T15:10:11.1541748Z Service restarts being deferred:
Test OLM installation	UNKNOWN STEP	2025-06-05T15:10:11.1543166Z  systemctl restart hosted-compute-agent.service
Test OLM installation	UNKNOWN STEP	2025-06-05T15:10:11.1543486Z 
Test OLM installation	UNKNOWN STEP	2025-06-05T15:10:11.1543693Z No containers need to be restarted.
Test OLM installation	UNKNOWN STEP	2025-06-05T15:10:11.1544329Z 
Test OLM installation	UNKNOWN STEP	2025-06-05T15:10:11.1544466Z No user sessions are running outdated binaries.
Test OLM installation	UNKNOWN STEP	2025-06-05T15:10:11.1544697Z 
Test OLM installation	UNKNOWN STEP	2025-06-05T15:10:11.1544915Z No VM guests are running outdated hypervisor (qemu) binaries on this host.
Test OLM installation	UNKNOWN STEP	2025-06-05T15:10:12.0377281Z fs.protected_regular = 0
Test OLM installation	UNKNOWN STEP	2025-06-05T15:10:12.0387870Z Waiting for Docker to be ready
Test OLM installation	UNKNOWN STEP	2025-06-05T15:10:12.0986953Z 28.0.4 - 28.0.4
Test OLM installation	UNKNOWN STEP	2025-06-05T15:10:12.1003882Z Docker daemon is ready
Test OLM installation	UNKNOWN STEP	2025-06-05T15:10:12.1008624Z Downloading Minikube  v1.32.0
Test OLM installation	UNKNOWN STEP	2025-06-05T15:10:12.3177479Z Downloading from: https://github.com/kubernetes/minikube/releases/download/v1.32.0/minikube-linux-amd64
Test OLM installation	UNKNOWN STEP	2025-06-05T15:10:13.3000359Z Installing Minikube
Test OLM installation	UNKNOWN STEP	2025-06-05T15:10:13.3446117Z * minikube v1.32.0 on Ubuntu 24.04
Test OLM installation	UNKNOWN STEP	2025-06-05T15:10:13.3456576Z   - MINIKUBE_VERSION=v1.32.0
Test OLM installation	UNKNOWN STEP	2025-06-05T15:10:13.3459770Z   - MINIKUBE_MEMORY=4096
Test OLM installation	UNKNOWN STEP	2025-06-05T15:10:13.3463810Z   - MINIKUBE_HOME=/home/runner/work/_temp
Test OLM installation	UNKNOWN STEP	2025-06-05T15:10:13.4824965Z * minikube 1.36.0 is available! Download it: https://github.com/kubernetes/minikube/releases/tag/v1.36.0
Test OLM installation	UNKNOWN STEP	2025-06-05T15:10:13.4830004Z * To disable this notice, run: 'minikube config set WantUpdateNotification false'
Test OLM installation	UNKNOWN STEP	2025-06-05T15:10:13.4830563Z 
Test OLM installation	UNKNOWN STEP	2025-06-05T15:10:13.5051303Z * Using the docker driver based on user configuration
Test OLM installation	UNKNOWN STEP	2025-06-05T15:10:13.5449213Z * Using Docker driver with root privileges
Test OLM installation	UNKNOWN STEP	2025-06-05T15:10:13.5459879Z * Starting control plane node minikube in cluster minikube
Test OLM installation	UNKNOWN STEP	2025-06-05T15:10:13.5467408Z * Pulling base image ...
Test OLM installation	UNKNOWN STEP	2025-06-05T15:10:13.6061451Z * Downloading Kubernetes v1.27.10 preload ...
Test OLM installation	UNKNOWN STEP	2025-06-05T15:10:26.2580829Z * Creating docker container (CPUs=2, Memory=4096MB) ...
Test OLM installation	UNKNOWN STEP	2025-06-05T15:10:38.4068878Z * Preparing Kubernetes v1.27.10 on Docker 24.0.7 ...
Test OLM installation	UNKNOWN STEP	2025-06-05T15:10:49.8192105Z   - Generating certificates and keys ...
Test OLM installation	UNKNOWN STEP	2025-06-05T15:10:49.8236643Z   - Booting up control plane ...
Test OLM installation	UNKNOWN STEP	2025-06-05T15:10:49.8269034Z   - Configuring RBAC rules ...
Test OLM installation	UNKNOWN STEP	2025-06-05T15:10:49.8336515Z * Configuring bridge CNI (Container Networking Interface) ...
Test OLM installation	UNKNOWN STEP	2025-06-05T15:10:49.9954604Z   - Using image gcr.io/k8s-minikube/storage-provisioner:v5
Test OLM installation	UNKNOWN STEP	2025-06-05T15:10:49.9965482Z * Verifying Kubernetes components...
Test OLM installation	UNKNOWN STEP	2025-06-05T15:10:50.7624039Z * Enabled addons: storage-provisioner, default-storageclass
Test OLM installation	UNKNOWN STEP	2025-06-05T15:10:52.1802485Z 
Test OLM installation	UNKNOWN STEP	2025-06-05T15:10:52.1813681Z     > gcr.io/k8s-minikube/kicbase...:  1.62 KiB / 453.90 MiB [>_] 0.00% ? p/s ?    > gcr.io/k8s-minikube/kicbase...:  49.77 KiB / 453.90 MiB [>] 0.01% ? p/s ?    > gcr.io/k8s-minikube/kicbase...:  13.80 MiB / 453.90 MiB [>] 3.04% ? p/s ?    > gcr.io/k8s-minikube/kicbase...:  43.82 MiB / 453.90 MiB  9.65% 73.08 MiB     > gcr.io/k8s-minikube/kicbase...:  68.88 MiB / 453.90 MiB  15.17% 73.08 MiB    > gcr.io/k8s-minikube/kicbase...:  96.00 MiB / 453.90 MiB  21.15% 73.08 MiB    > gcr.io/k8s-minikube/kicbase...:  120.46 MiB / 453.90 MiB  26.54% 76.60 Mi    > gcr.io/k8s-minikube/kicbase...:  152.14 MiB / 453.90 MiB  33.52% 76.60 Mi    > gcr.io/k8s-minikube/kicbase...:  184.02 MiB / 453.90 MiB  40.54% 76.60 Mi    > gcr.io/k8s-minikube/kicbase...:  215.30 MiB / 453.90 MiB  47.43% 81.86 Mi    > gcr.io/k8s-minikube/kicbase...:  247.38 MiB / 453.90 MiB  54.50% 81.86 Mi    > gcr.io/k8s-minikube/kicbase...:  267.31 MiB / 453.90 MiB  58.89% 81.86 Mi    > gcr.io/k8s-minikube/kicbase...:  298.13 MiB / 453.90 MiB  65.68% 85.48 Mi    > gcr.io/k8s-minikube/kicbase...:  329.80 MiB / 453.90 MiB  72.66% 85.48 Mi    > gcr.io/k8s-minikube/kicbase...:  361.94 MiB / 453.90 MiB  79.74% 85.48 Mi    > gcr.io/k8s-minikube/kicbase...:  384.00 MiB / 453.90 MiB  84.60% 89.19 Mi    > gcr.io/k8s-minikube/kicbase...:  411.02 MiB / 453.90 MiB  90.55% 89.19 Mi    > gcr.io/k8s-minikube/kicbase...:  442.89 MiB / 453.90 MiB  97.58% 89.19 Mi    > gcr.io/k8s-minikube/kicbase...:  453.90 MiB / 453.90 MiB  100.00% 130.66 ! /usr/bin/kubectl is version 1.33.0, which may have incompatibilities with Kubernetes 1.27.10.
Test OLM installation	UNKNOWN STEP	2025-06-05T15:10:52.1821264Z   - Want kubectl v1.27.10? Try 'minikube kubectl -- get pods -A'
Test OLM installation	UNKNOWN STEP	2025-06-05T15:10:52.1822086Z * Done! kubectl is now configured to use "minikube" cluster and "default" namespace by default
Test OLM installation	UNKNOWN STEP	2025-06-05T15:10:52.2602878Z minikube version: v1.32.0commit: 8220a6eb95f0a4d75f7f2d7b14cef975f050512d installed successfully
Test OLM installation	UNKNOWN STEP	2025-06-05T15:10:52.2771242Z ##[group]Run redhat-actions/openshift-tools-installer@144527c7d98999f2652264c048c7a9bd103f8a82
Test OLM installation	UNKNOWN STEP	2025-06-05T15:10:52.2771685Z with:
Test OLM installation	UNKNOWN STEP	2025-06-05T15:10:52.2771857Z   source: github
Test OLM installation	UNKNOWN STEP	2025-06-05T15:10:52.2772037Z   opm: 1.21.0
Test OLM installation	UNKNOWN STEP	2025-06-05T15:10:52.2772349Z   github_pat: ***
Test OLM installation	UNKNOWN STEP	2025-06-05T15:10:52.2772539Z   skip_cache: false
Test OLM installation	UNKNOWN STEP	2025-06-05T15:10:52.2772718Z env:
Test OLM installation	UNKNOWN STEP	2025-06-05T15:10:52.2772978Z   MAVEN_ARGS: -B -nsu -Daether.connector.http.connectionMaxTtl=25
Test OLM installation	UNKNOWN STEP	2025-06-05T15:10:52.2773305Z   MINIKUBE_VERSION: v1.32.0
Test OLM installation	UNKNOWN STEP	2025-06-05T15:10:52.2773528Z   KUBERNETES_VERSION: v1.27.10
Test OLM installation	UNKNOWN STEP	2025-06-05T15:10:52.2773737Z   MINIKUBE_MEMORY: 4096
Test OLM installation	UNKNOWN STEP	2025-06-05T15:10:52.2774031Z   JAVA_HOME: /opt/hostedtoolcache/Java_Temurin-Hotspot_jdk/21.0.7-6/x64
Test OLM installation	UNKNOWN STEP	2025-06-05T15:10:52.2774463Z   JAVA_HOME_21_X64: /opt/hostedtoolcache/Java_Temurin-Hotspot_jdk/21.0.7-6/x64
Test OLM installation	UNKNOWN STEP	2025-06-05T15:10:52.2774826Z   MINIKUBE_HOME: /home/runner/work/_temp
Test OLM installation	UNKNOWN STEP	2025-06-05T15:10:52.2775058Z ##[endgroup]
Test OLM installation	UNKNOWN STEP	2025-06-05T15:10:52.4400823Z Installing opm matching version "1.21.0"
Test OLM installation	UNKNOWN STEP	2025-06-05T15:10:52.4419631Z â¹ï¸ Tools will be installed from "github".
Test OLM installation	UNKNOWN STEP	2025-06-05T15:10:52.4421350Z 
Test OLM installation	UNKNOWN STEP	2025-06-05T15:10:52.4421931Z ð Searching for a version of opm satisfying the range "1.21.0" that was input as "1.21.0"
Test OLM installation	UNKNOWN STEP	2025-06-05T15:10:54.4873850Z Max opm version satisfying 1.21.0 is 1.21.0
Test OLM installation	UNKNOWN STEP	2025-06-05T15:10:54.4875109Z Download path of opm is https://github.com/operator-framework/operator-registry/releases
Test OLM installation	UNKNOWN STEP	2025-06-05T15:10:54.6930408Z Current operating system is linux
Test OLM installation	UNKNOWN STEP	2025-06-05T15:10:54.6932909Z Current architecture is amd64
Test OLM installation	UNKNOWN STEP	2025-06-05T15:10:54.6935689Z Selecting linux-amd64-opm
Test OLM installation	UNKNOWN STEP	2025-06-05T15:10:54.6937831Z Using temporary directory for storage
Test OLM installation	UNKNOWN STEP	2025-06-05T15:10:54.6943718Z ð CLIs will be downloaded to /home/runner/work/_temp/openshift-bin
Test OLM installation	UNKNOWN STEP	2025-06-05T15:10:54.6946811Z Added /home/runner/work/_temp/openshift-bin to PATH
Test OLM installation	UNKNOWN STEP	2025-06-05T15:10:54.6947523Z Checking the cache for opm v1.21.0...
Test OLM installation	UNKNOWN STEP	2025-06-05T15:11:14.7592414Z ##[warning]Failed to check cache for opm v1.21.0: Error: getCacheEntry failed: Request timeout: /tCOJJILWkex8UDNVB9Z9q2wVTEo6XuQmvYC4WF5xSHs8KTS3Kx/_apis/artifactcache/cache?keys=opm_v1.21.0_linux_amd64_github&version=8b32b49210c8cf4c3e3edd31ba24546ebd2f9bbb4a71c43aadd293997aa68499
Test OLM installation	UNKNOWN STEP	2025-06-05T15:11:15.1488397Z â¬ï¸ Downloading 45.03MB https://github.com/operator-framework/operator-registry/releases/download/v1.21.0/linux-amd64-opm ...
Test OLM installation	UNKNOWN STEP	2025-06-05T15:11:15.7994559Z Downloaded linux-amd64-opm in 0.7s
Test OLM installation	UNKNOWN STEP	2025-06-05T15:11:15.7997779Z Download path of opm is https://github.com/operator-framework/operator-registry/releases
Test OLM installation	UNKNOWN STEP	2025-06-05T15:11:16.0326346Z â¬ï¸ Downloading hash file https://github.com/operator-framework/operator-registry/releases/download/v1.21.0/checksums.txt
Test OLM installation	UNKNOWN STEP	2025-06-05T15:11:16.4755828Z sha256 verification of linux-amd64-opm succeeded.
Test OLM installation	UNKNOWN STEP	2025-06-05T15:11:16.4806268Z opm installed into /home/runner/work/_temp/openshift-bin/opm
Test OLM installation	UNKNOWN STEP	2025-06-05T15:11:16.4832782Z [command]/home/runner/work/_temp/openshift-bin/opm version
Test OLM installation	UNKNOWN STEP	2025-06-05T15:11:16.5023124Z Version: version.Version{OpmVersion:"v1.21.0", GitCommit:"9999f796", BuildDate:"2022-03-03T21:23:12Z", GoOs:"linux", GoArch:"amd64"}
Test OLM installation	UNKNOWN STEP	2025-06-05T15:11:16.5042582Z ð¾ Saving opm v1.21.0 into the cache
Test OLM installation	UNKNOWN STEP	2025-06-05T15:11:36.5366188Z ##[warning]Failed to cache opm v1.21.0: Error: reserveCache failed: Request timeout: /tCOJJILWkex8UDNVB9Z9q2wVTEo6XuQmvYC4WF5xSHs8KTS3Kx/_apis/artifactcache/caches
Test OLM installation	UNKNOWN STEP	2025-06-05T15:11:36.5369996Z â Successfully installed opm v1.21.0.
Test OLM installation	UNKNOWN STEP	2025-06-05T15:11:36.5370348Z 
Test OLM installation	UNKNOWN STEP	2025-06-05T15:11:36.5370598Z â Successfully installed 1/1 client:
Test OLM installation	UNKNOWN STEP	2025-06-05T15:11:36.5371051Z   - opm v1.21.0
Test OLM installation	UNKNOWN STEP	2025-06-05T15:11:36.5382688Z Wrote out installed versions to /home/runner/work/_temp/openshift-bin/openshift-clients-installed.json
Test OLM installation	UNKNOWN STEP	2025-06-05T15:13:39.0807598Z ##[group]Run sudo snap install yq
Test OLM installation	UNKNOWN STEP	2025-06-05T15:13:39.0807924Z [36;1msudo snap install yq[0m
Test OLM installation	UNKNOWN STEP	2025-06-05T15:13:39.0958330Z shell: /usr/bin/bash --noprofile --norc -e -o pipefail {0}
Test OLM installation	UNKNOWN STEP	2025-06-05T15:13:39.0958900Z env:
Test OLM installation	UNKNOWN STEP	2025-06-05T15:13:39.0959185Z   MAVEN_ARGS: -B -nsu -Daether.connector.http.connectionMaxTtl=25
Test OLM installation	UNKNOWN STEP	2025-06-05T15:13:39.0959540Z   MINIKUBE_VERSION: v1.32.0
Test OLM installation	UNKNOWN STEP	2025-06-05T15:13:39.0959814Z   KUBERNETES_VERSION: v1.27.10
Test OLM installation	UNKNOWN STEP	2025-06-05T15:13:39.0960189Z   MINIKUBE_MEMORY: 4096
Test OLM installation	UNKNOWN STEP	2025-06-05T15:13:39.0960636Z   JAVA_HOME: /opt/hostedtoolcache/Java_Temurin-Hotspot_jdk/21.0.7-6/x64
Test OLM installation	UNKNOWN STEP	2025-06-05T15:13:39.0961119Z   JAVA_HOME_21_X64: /opt/hostedtoolcache/Java_Temurin-Hotspot_jdk/21.0.7-6/x64
Test OLM installation	UNKNOWN STEP	2025-06-05T15:13:39.0961510Z   MINIKUBE_HOME: /home/runner/work/_temp
Test OLM installation	UNKNOWN STEP	2025-06-05T15:13:39.0961779Z ##[endgroup]
Test OLM installation	UNKNOWN STEP	2025-06-05T15:13:43.4318880Z 2025-06-05T15:13:43Z INFO Waiting for automatic snapd restart...
Test OLM installation	UNKNOWN STEP	2025-06-05T15:13:54.0901570Z yq v4.44.5 from Mike Farah (mikefarah) installed
Test OLM installation	UNKNOWN STEP	2025-06-05T15:13:54.0961140Z ##[group]Run ./scripts/install-olm.sh
Test OLM installation	UNKNOWN STEP	2025-06-05T15:13:54.0961441Z [36;1m./scripts/install-olm.sh[0m
Test OLM installation	UNKNOWN STEP	2025-06-05T15:13:54.1014275Z shell: /usr/bin/bash --noprofile --norc -e -o pipefail {0}
Test OLM installation	UNKNOWN STEP	2025-06-05T15:13:54.1014626Z env:
Test OLM installation	UNKNOWN STEP	2025-06-05T15:13:54.1014895Z   MAVEN_ARGS: -B -nsu -Daether.connector.http.connectionMaxTtl=25
Test OLM installation	UNKNOWN STEP	2025-06-05T15:13:54.1015258Z   MINIKUBE_VERSION: v1.32.0
Test OLM installation	UNKNOWN STEP	2025-06-05T15:13:54.1015717Z   KUBERNETES_VERSION: v1.27.10
Test OLM installation	UNKNOWN STEP	2025-06-05T15:13:54.1015946Z   MINIKUBE_MEMORY: 4096
Test OLM installation	UNKNOWN STEP	2025-06-05T15:13:54.1016255Z   JAVA_HOME: /opt/hostedtoolcache/Java_Temurin-Hotspot_jdk/21.0.7-6/x64
Test OLM installation	UNKNOWN STEP	2025-06-05T15:13:54.1016716Z   JAVA_HOME_21_X64: /opt/hostedtoolcache/Java_Temurin-Hotspot_jdk/21.0.7-6/x64
Test OLM installation	UNKNOWN STEP	2025-06-05T15:13:54.1017085Z   MINIKUBE_HOME: /home/runner/work/_temp
Test OLM installation	UNKNOWN STEP	2025-06-05T15:13:54.1017329Z ##[endgroup]
Test OLM installation	UNKNOWN STEP	2025-06-05T15:13:54.1104566Z + mkdir -p /tmp/olm/
Test OLM installation	UNKNOWN STEP	2025-06-05T15:13:54.1120486Z + curl -f -L https://github.com/operator-framework/operator-lifecycle-manager/releases/download/v0.26.0/install.sh -o /tmp/olm/install.sh
Test OLM installation	UNKNOWN STEP	2025-06-05T15:13:54.1184593Z   % Total    % Received % Xferd  Average Speed   Time    Time     Time  Current
Test OLM installation	UNKNOWN STEP	2025-06-05T15:13:54.1185542Z                                  Dload  Upload   Total   Spent    Left  Speed
Test OLM installation	UNKNOWN STEP	2025-06-05T15:13:54.1185943Z 
Test OLM installation	UNKNOWN STEP	2025-06-05T15:13:54.2628642Z   0     0    0     0    0     0      0      0 --:--:-- --:--:-- --:--:--     0
Test OLM installation	UNKNOWN STEP	2025-06-05T15:13:54.2629047Z   0     0    0     0    0     0      0      0 --:--:-- --:--:-- --:--:--     0
Test OLM installation	UNKNOWN STEP	2025-06-05T15:13:54.3221152Z 
Test OLM installation	UNKNOWN STEP	2025-06-05T15:13:54.4673729Z   0     0    0     0    0     0      0      0 --:--:-- --:--:-- --:--:--     0
Test OLM installation	UNKNOWN STEP	2025-06-05T15:13:54.4674349Z 100  1886  100  1886    0     0   5405      0 --:--:-- --:--:-- --:--:-- 13006
Test OLM installation	UNKNOWN STEP	2025-06-05T15:13:54.4709318Z + chmod +x /tmp/olm/install.sh
Test OLM installation	UNKNOWN STEP	2025-06-05T15:13:54.4722921Z + /tmp/olm/install.sh v0.26.0
Test OLM installation	UNKNOWN STEP	2025-06-05T15:13:55.1572349Z customresourcedefinition.apiextensions.k8s.io/catalogsources.operators.coreos.com created
Test OLM installation	UNKNOWN STEP	2025-06-05T15:13:55.2942658Z customresourcedefinition.apiextensions.k8s.io/clusterserviceversions.operators.coreos.com created
Test OLM installation	UNKNOWN STEP	2025-06-05T15:13:55.3073862Z customresourcedefinition.apiextensions.k8s.io/installplans.operators.coreos.com created
Test OLM installation	UNKNOWN STEP	2025-06-05T15:13:55.3159651Z customresourcedefinition.apiextensions.k8s.io/olmconfigs.operators.coreos.com created
Test OLM installation	UNKNOWN STEP	2025-06-05T15:13:55.3326627Z customresourcedefinition.apiextensions.k8s.io/operatorconditions.operators.coreos.com created
Test OLM installation	UNKNOWN STEP	2025-06-05T15:13:55.3447604Z customresourcedefinition.apiextensions.k8s.io/operatorgroups.operators.coreos.com created
Test OLM installation	UNKNOWN STEP	2025-06-05T15:13:55.3594277Z customresourcedefinition.apiextensions.k8s.io/operators.operators.coreos.com created
Test OLM installation	UNKNOWN STEP	2025-06-05T15:13:55.4660164Z customresourcedefinition.apiextensions.k8s.io/subscriptions.operators.coreos.com created
Test OLM installation	UNKNOWN STEP	2025-06-05T15:13:55.9945012Z customresourcedefinition.apiextensions.k8s.io/catalogsources.operators.coreos.com condition met
Test OLM installation	UNKNOWN STEP	2025-06-05T15:13:56.1547675Z customresourcedefinition.apiextensions.k8s.io/clusterserviceversions.operators.coreos.com condition met
Test OLM installation	UNKNOWN STEP	2025-06-05T15:13:56.2602705Z customresourcedefinition.apiextensions.k8s.io/installplans.operators.coreos.com condition met
Test OLM installation	UNKNOWN STEP	2025-06-05T15:13:56.3646351Z customresourcedefinition.apiextensions.k8s.io/olmconfigs.operators.coreos.com condition met
Test OLM installation	UNKNOWN STEP	2025-06-05T15:13:56.4723380Z customresourcedefinition.apiextensions.k8s.io/operatorconditions.operators.coreos.com condition met
Test OLM installation	UNKNOWN STEP	2025-06-05T15:13:56.5788778Z customresourcedefinition.apiextensions.k8s.io/operatorgroups.operators.coreos.com condition met
Test OLM installation	UNKNOWN STEP	2025-06-05T15:13:56.6832784Z customresourcedefinition.apiextensions.k8s.io/operators.operators.coreos.com condition met
Test OLM installation	UNKNOWN STEP	2025-06-05T15:13:56.8048958Z customresourcedefinition.apiextensions.k8s.io/subscriptions.operators.coreos.com condition met
Test OLM installation	UNKNOWN STEP	2025-06-05T15:13:57.2477705Z namespace/olm created
Test OLM installation	UNKNOWN STEP	2025-06-05T15:13:57.2858312Z namespace/operators created
Test OLM installation	UNKNOWN STEP	2025-06-05T15:13:57.3259711Z serviceaccount/olm-operator-serviceaccount created
Test OLM installation	UNKNOWN STEP	2025-06-05T15:13:57.3379977Z clusterrole.rbac.authorization.k8s.io/system:controller:operator-lifecycle-manager created
Test OLM installation	UNKNOWN STEP	2025-06-05T15:13:57.3469125Z clusterrolebinding.rbac.authorization.k8s.io/olm-operator-binding-olm created
Test OLM installation	UNKNOWN STEP	2025-06-05T15:13:57.3746166Z olmconfig.operators.coreos.com/cluster created
Test OLM installation	UNKNOWN STEP	2025-06-05T15:13:57.4010845Z deployment.apps/olm-operator created
Test OLM installation	UNKNOWN STEP	2025-06-05T15:13:57.4457266Z deployment.apps/catalog-operator created
Test OLM installation	UNKNOWN STEP	2025-06-05T15:13:57.4667027Z clusterrole.rbac.authorization.k8s.io/aggregate-olm-edit created
Test OLM installation	UNKNOWN STEP	2025-06-05T15:13:57.4917986Z clusterrole.rbac.authorization.k8s.io/aggregate-olm-view created
Test OLM installation	UNKNOWN STEP	2025-06-05T15:13:57.5376020Z operatorgroup.operators.coreos.com/global-operators created
Test OLM installation	UNKNOWN STEP	2025-06-05T15:13:57.5451363Z operatorgroup.operators.coreos.com/olm-operators created
Test OLM installation	UNKNOWN STEP	2025-06-05T15:13:57.5915603Z clusterserviceversion.operators.coreos.com/packageserver created
Test OLM installation	UNKNOWN STEP	2025-06-05T15:13:57.6241531Z catalogsource.operators.coreos.com/operatorhubio-catalog created
Test OLM installation	UNKNOWN STEP	2025-06-05T15:13:57.6808018Z Waiting for deployment "olm-operator" rollout to finish: 0 of 1 updated replicas are available...
Test OLM installation	UNKNOWN STEP	2025-06-05T15:14:02.5685013Z deployment "olm-operator" successfully rolled out
Test OLM installation	UNKNOWN STEP	2025-06-05T15:14:02.6457733Z Waiting for deployment "catalog-operator" rollout to finish: 0 of 1 updated replicas are available...
Test OLM installation	UNKNOWN STEP	2025-06-05T15:14:03.6949417Z deployment "catalog-operator" successfully rolled out
Test OLM installation	UNKNOWN STEP	2025-06-05T15:14:03.7707011Z Package server phase: Installing
Test OLM installation	UNKNOWN STEP	2025-06-05T15:14:13.8671818Z Package server phase: Succeeded
Test OLM installation	UNKNOWN STEP	2025-06-05T15:14:13.9706828Z deployment "packageserver" successfully rolled out
Test OLM installation	UNKNOWN STEP	2025-06-05T15:14:13.9817085Z ##[group]Run actions/download-artifact@d3f86a106a0bac45b974a628896c90dbdf5c8093
Test OLM installation	UNKNOWN STEP	2025-06-05T15:14:13.9817725Z with:
Test OLM installation	UNKNOWN STEP	2025-06-05T15:14:13.9818008Z   name: keycloak-dist
Test OLM installation	UNKNOWN STEP	2025-06-05T15:14:13.9818341Z   path: quarkus/container
Test OLM installation	UNKNOWN STEP	2025-06-05T15:14:13.9818694Z   merge-multiple: false
Test OLM installation	UNKNOWN STEP	2025-06-05T15:14:13.9819034Z   repository: keycloak/keycloak
Test OLM installation	UNKNOWN STEP	2025-06-05T15:14:13.9819395Z   run-id: 15470560730
Test OLM installation	UNKNOWN STEP	2025-06-05T15:14:13.9819680Z env:
Test OLM installation	UNKNOWN STEP	2025-06-05T15:14:13.9820106Z   MAVEN_ARGS: -B -nsu -Daether.connector.http.connectionMaxTtl=25
Test OLM installation	UNKNOWN STEP	2025-06-05T15:14:13.9820658Z   MINIKUBE_VERSION: v1.32.0
Test OLM installation	UNKNOWN STEP	2025-06-05T15:14:13.9821010Z   KUBERNETES_VERSION: v1.27.10
Test OLM installation	UNKNOWN STEP	2025-06-05T15:14:13.9821380Z   MINIKUBE_MEMORY: 4096
Test OLM installation	UNKNOWN STEP	2025-06-05T15:14:13.9821893Z   JAVA_HOME: /opt/hostedtoolcache/Java_Temurin-Hotspot_jdk/21.0.7-6/x64
Test OLM installation	UNKNOWN STEP	2025-06-05T15:14:13.9822686Z   JAVA_HOME_21_X64: /opt/hostedtoolcache/Java_Temurin-Hotspot_jdk/21.0.7-6/x64
Test OLM installation	UNKNOWN STEP	2025-06-05T15:14:13.9823285Z   MINIKUBE_HOME: /home/runner/work/_temp
Test OLM installation	UNKNOWN STEP	2025-06-05T15:14:13.9823704Z ##[endgroup]
Test OLM installation	UNKNOWN STEP	2025-06-05T15:14:14.1932072Z Downloading single artifact
Test OLM installation	UNKNOWN STEP	2025-06-05T15:14:14.3864043Z Preparing to download the following artifacts:
Test OLM installation	UNKNOWN STEP	2025-06-05T15:14:14.3865119Z - keycloak-dist (ID: 3268823035, Size: 155281042, Expected Digest: sha256:7a545e672705740e7d2b59d7c9455c618f701a78482e6d2bc4f3a4c2ac810359)
Test OLM installation	UNKNOWN STEP	2025-06-05T15:14:14.5165254Z Redirecting to blob download url: https://productionresultssa6.blob.core.windows.net/actions-results/bb83de2b-07ef-416b-b449-5a3283c659ba/workflow-job-run-2ba5b76d-62d0-5fc8-90d3-2d6264cf1c9c/artifacts/8ec452859fe416bcecd39b267c69bfe76c7634fb13c33b71d912d2a8c0986080.zip
Test OLM installation	UNKNOWN STEP	2025-06-05T15:14:14.5167178Z Starting download of artifact to: /home/runner/work/keycloak/keycloak/quarkus/container
Test OLM installation	UNKNOWN STEP	2025-06-05T15:14:14.6900883Z (node:10515) [DEP0005] DeprecationWarning: Buffer() is deprecated due to security and usability issues. Please use the Buffer.alloc(), Buffer.allocUnsafe(), or Buffer.from() methods instead.
Test OLM installation	UNKNOWN STEP	2025-06-05T15:14:14.6902139Z (Use `node --trace-deprecation ...` to show where the warning was created)
Test OLM installation	UNKNOWN STEP	2025-06-05T15:14:17.5755908Z SHA256 digest of downloaded artifact is 7a545e672705740e7d2b59d7c9455c618f701a78482e6d2bc4f3a4c2ac810359
Test OLM installation	UNKNOWN STEP	2025-06-05T15:14:17.5756583Z Artifact download completed successfully.
Test OLM installation	UNKNOWN STEP	2025-06-05T15:14:17.5757055Z Total of 1 artifact(s) downloaded
Test OLM installation	UNKNOWN STEP	2025-06-05T15:14:17.5762737Z Download artifact has finished successfully
Test OLM installation	UNKNOWN STEP	2025-06-05T15:14:17.5877762Z ##[group]Run eval $(minikube -p minikube docker-env)
Test OLM installation	UNKNOWN STEP	2025-06-05T15:14:17.5878158Z [36;1meval $(minikube -p minikube docker-env)[0m
Test OLM installation	UNKNOWN STEP	2025-06-05T15:14:17.5878483Z [36;1m./scripts/olm-testing.sh ${GITHUB_SHA::6}[0m
Test OLM installation	UNKNOWN STEP	2025-06-05T15:14:17.5930474Z shell: /usr/bin/bash --noprofile --norc -e -o pipefail {0}
Test OLM installation	UNKNOWN STEP	2025-06-05T15:14:17.5930830Z env:
Test OLM installation	UNKNOWN STEP	2025-06-05T15:14:17.5931097Z   MAVEN_ARGS: -B -nsu -Daether.connector.http.connectionMaxTtl=25
Test OLM installation	UNKNOWN STEP	2025-06-05T15:14:17.5931438Z   MINIKUBE_VERSION: v1.32.0
Test OLM installation	UNKNOWN STEP	2025-06-05T15:14:17.5931667Z   KUBERNETES_VERSION: v1.27.10
Test OLM installation	UNKNOWN STEP	2025-06-05T15:14:17.5931886Z   MINIKUBE_MEMORY: 4096
Test OLM installation	UNKNOWN STEP	2025-06-05T15:14:17.5932186Z   JAVA_HOME: /opt/hostedtoolcache/Java_Temurin-Hotspot_jdk/21.0.7-6/x64
Test OLM installation	UNKNOWN STEP	2025-06-05T15:14:17.5932627Z   JAVA_HOME_21_X64: /opt/hostedtoolcache/Java_Temurin-Hotspot_jdk/21.0.7-6/x64
Test OLM installation	UNKNOWN STEP	2025-06-05T15:14:17.5932993Z   MINIKUBE_HOME: /home/runner/work/_temp
Test OLM installation	UNKNOWN STEP	2025-06-05T15:14:17.5933230Z ##[endgroup]
Test OLM installation	UNKNOWN STEP	2025-06-05T15:14:17.8527532Z + UUID=145866
Test OLM installation	UNKNOWN STEP	2025-06-05T15:14:17.8528396Z + INSTALL_NAMESPACE=default
Test OLM installation	UNKNOWN STEP	2025-06-05T15:14:17.8529019Z + TARGET_NAMESPACES=default
Test OLM installation	UNKNOWN STEP	2025-06-05T15:14:17.8534013Z +++ dirname -- ./scripts/olm-testing.sh
Test OLM installation	UNKNOWN STEP	2025-06-05T15:14:17.8544266Z ++ cd -- ./scripts
Test OLM installation	UNKNOWN STEP	2025-06-05T15:14:17.8544788Z ++ pwd
Test OLM installation	UNKNOWN STEP	2025-06-05T15:14:17.8547061Z + SCRIPT_DIR=/home/runner/work/keycloak/keycloak/operator/scripts
Test OLM installation	UNKNOWN STEP	2025-06-05T15:14:17.8547828Z + VERSION=86400000.0.0
Test OLM installation	UNKNOWN STEP	2025-06-05T15:14:17.8549923Z + cd /home/runner/work/keycloak/keycloak/operator/scripts/../../quarkus/container
Test OLM installation	UNKNOWN STEP	2025-06-05T15:14:17.8552814Z ++ ls keycloak-999.0.0-SNAPSHOT.tar.gz
Test OLM installation	UNKNOWN STEP	2025-06-05T15:14:17.8566354Z + docker build --build-arg KEYCLOAK_DIST=keycloak-999.0.0-SNAPSHOT.tar.gz . -t ttl.sh/145866keycloak:86400000.0.0
Test OLM installation	UNKNOWN STEP	2025-06-05T15:14:18.2312452Z #0 building with "default" instance using docker driver
Test OLM installation	UNKNOWN STEP	2025-06-05T15:14:18.2312838Z 
Test OLM installation	UNKNOWN STEP	2025-06-05T15:14:18.2313221Z #1 [internal] load .dockerignore
Test OLM installation	UNKNOWN STEP	2025-06-05T15:14:18.2313643Z #1 transferring context: 2B done
Test OLM installation	UNKNOWN STEP	2025-06-05T15:14:18.2313978Z #1 DONE 0.0s
Test OLM installation	UNKNOWN STEP	2025-06-05T15:14:18.2314160Z 
Test OLM installation	UNKNOWN STEP	2025-06-05T15:14:18.2314427Z #2 [internal] load build definition from Dockerfile
Test OLM installation	UNKNOWN STEP	2025-06-05T15:14:18.2314913Z #2 transferring dockerfile: 2.72kB done
Test OLM installation	UNKNOWN STEP	2025-06-05T15:14:18.2315584Z #2 DONE 0.0s
Test OLM installation	UNKNOWN STEP	2025-06-05T15:14:18.2315782Z 
Test OLM installation	UNKNOWN STEP	2025-06-05T15:14:18.2316100Z #3 [internal] load metadata for registry.access.redhat.com/ubi9:latest
Test OLM installation	UNKNOWN STEP	2025-06-05T15:14:18.8137972Z #3 DONE 0.7s
Test OLM installation	UNKNOWN STEP	2025-06-05T15:14:18.8138196Z 
Test OLM installation	UNKNOWN STEP	2025-06-05T15:14:18.8138696Z #4 [internal] load metadata for registry.access.redhat.com/ubi9-micro:latest
Test OLM installation	UNKNOWN STEP	2025-06-05T15:14:19.2759849Z #4 DONE 1.2s
Test OLM installation	UNKNOWN STEP	2025-06-05T15:14:19.3901862Z 
Test OLM installation	UNKNOWN STEP	2025-06-05T15:14:19.3903049Z #5 [ubi-micro-build 1/8] FROM registry.access.redhat.com/ubi9@sha256:304b50df1ea4db9706d8a30f4bbf26f582936ebc80c7e075c72ff2af99292a54
Test OLM installation	UNKNOWN STEP	2025-06-05T15:14:19.3904950Z #5 resolve registry.access.redhat.com/ubi9@sha256:304b50df1ea4db9706d8a30f4bbf26f582936ebc80c7e075c72ff2af99292a54 done
Test OLM installation	UNKNOWN STEP	2025-06-05T15:14:19.3908934Z #5 sha256:304b50df1ea4db9706d8a30f4bbf26f582936ebc80c7e075c72ff2af99292a54 897B / 897B done
Test OLM installation	UNKNOWN STEP	2025-06-05T15:14:19.3909774Z #5 sha256:62fb429dc6b93ab5ade55d1c8e6b08735f00224d3081d58f161eb5f55eeb3d7d 505B / 505B done
Test OLM installation	UNKNOWN STEP	2025-06-05T15:14:19.3910627Z #5 sha256:83c48939c2c8782580d44062545386358defd2d5cc748b9b963bdb8a78046a46 5.06kB / 5.06kB done
Test OLM installation	UNKNOWN STEP	2025-06-05T15:14:19.3911514Z #5 sha256:92efcdccd1058003df257e9cbdf756ff6b10bd276551590536a5a1678e099aaf 0B / 79.59MB 0.1s
Test OLM installation	UNKNOWN STEP	2025-06-05T15:14:19.4907496Z #5 sha256:92efcdccd1058003df257e9cbdf756ff6b10bd276551590536a5a1678e099aaf 9.44MB / 79.59MB 0.2s
Test OLM installation	UNKNOWN STEP	2025-06-05T15:14:19.5905648Z #5 sha256:92efcdccd1058003df257e9cbdf756ff6b10bd276551590536a5a1678e099aaf 23.07MB / 79.59MB 0.3s
Test OLM installation	UNKNOWN STEP	2025-06-05T15:14:19.6953960Z #5 sha256:92efcdccd1058003df257e9cbdf756ff6b10bd276551590536a5a1678e099aaf 37.75MB / 79.59MB 0.4s
Test OLM installation	UNKNOWN STEP	2025-06-05T15:14:19.7966451Z #5 sha256:92efcdccd1058003df257e9cbdf756ff6b10bd276551590536a5a1678e099aaf 52.43MB / 79.59MB 0.5s
Test OLM installation	UNKNOWN STEP	2025-06-05T15:14:19.9901580Z #5 sha256:92efcdccd1058003df257e9cbdf756ff6b10bd276551590536a5a1678e099aaf 78.64MB / 79.59MB 0.7s
Test OLM installation	UNKNOWN STEP	2025-06-05T15:14:20.0960559Z #5 sha256:92efcdccd1058003df257e9cbdf756ff6b10bd276551590536a5a1678e099aaf 79.59MB / 79.59MB 0.7s done
Test OLM installation	UNKNOWN STEP	2025-06-05T15:14:20.2124443Z #5 ...
Test OLM installation	UNKNOWN STEP	2025-06-05T15:14:20.2128962Z 
Test OLM installation	UNKNOWN STEP	2025-06-05T15:14:20.2134688Z #6 [stage-1 1/4] FROM registry.access.redhat.com/ubi9-micro@sha256:955512628a9104d74f7b3b0a91db27a6bbecdd6a1975ce0f1b2658d3cd060b98
Test OLM installation	UNKNOWN STEP	2025-06-05T15:14:20.2136994Z #6 resolve registry.access.redhat.com/ubi9-micro@sha256:955512628a9104d74f7b3b0a91db27a6bbecdd6a1975ce0f1b2658d3cd060b98 done
Test OLM installation	UNKNOWN STEP	2025-06-05T15:14:20.2138435Z #6 sha256:bc049e6e35c145513e3ec226faf3f929337ea2337fa5c9f7e00375aef4b801e8 504B / 504B done
Test OLM installation	UNKNOWN STEP	2025-06-05T15:14:20.2139732Z #6 sha256:352e1e8e3c437ad6bd352f164df8bdf7018df09f730362546276fe3df62ffd8c 4.00kB / 4.00kB done
Test OLM installation	UNKNOWN STEP	2025-06-05T15:14:20.2141330Z #6 sha256:cd2f3f69481dffe63a3071ea43aeeab2a4af254e96b065c35b2d7ce2534e0383 7.27MB / 7.27MB 0.3s done
Test OLM installation	UNKNOWN STEP	2025-06-05T15:14:20.2142647Z #6 sha256:955512628a9104d74f7b3b0a91db27a6bbecdd6a1975ce0f1b2658d3cd060b98 897B / 897B done
Test OLM installation	UNKNOWN STEP	2025-06-05T15:14:20.2143860Z #6 extracting sha256:cd2f3f69481dffe63a3071ea43aeeab2a4af254e96b065c35b2d7ce2534e0383 0.6s done
Test OLM installation	UNKNOWN STEP	2025-06-05T15:14:20.2144938Z #6 DONE 0.9s
Test OLM installation	UNKNOWN STEP	2025-06-05T15:14:20.2145174Z 
Test OLM installation	UNKNOWN STEP	2025-06-05T15:14:20.2146149Z #5 [ubi-micro-build 1/8] FROM registry.access.redhat.com/ubi9@sha256:304b50df1ea4db9706d8a30f4bbf26f582936ebc80c7e075c72ff2af99292a54
Test OLM installation	UNKNOWN STEP	2025-06-05T15:14:20.2147579Z #5 extracting sha256:92efcdccd1058003df257e9cbdf756ff6b10bd276551590536a5a1678e099aaf
Test OLM installation	UNKNOWN STEP	2025-06-05T15:14:20.4596004Z #5 ...
Test OLM installation	UNKNOWN STEP	2025-06-05T15:14:20.4613169Z 
Test OLM installation	UNKNOWN STEP	2025-06-05T15:14:20.4613280Z #7 [internal] load build context
Test OLM installation	UNKNOWN STEP	2025-06-05T15:14:20.4613573Z #7 transferring context: 155.27MB 1.1s done
Test OLM installation	UNKNOWN STEP	2025-06-05T15:14:20.4613834Z #7 DONE 1.1s
Test OLM installation	UNKNOWN STEP	2025-06-05T15:14:20.4613941Z 
Test OLM installation	UNKNOWN STEP	2025-06-05T15:14:20.4614328Z #5 [ubi-micro-build 1/8] FROM registry.access.redhat.com/ubi9@sha256:304b50df1ea4db9706d8a30f4bbf26f582936ebc80c7e075c72ff2af99292a54
Test OLM installation	UNKNOWN STEP	2025-06-05T15:14:23.2522031Z #5 extracting sha256:92efcdccd1058003df257e9cbdf756ff6b10bd276551590536a5a1678e099aaf 3.2s done
Test OLM installation	UNKNOWN STEP	2025-06-05T15:14:23.4240886Z #5 DONE 4.0s
Test OLM installation	UNKNOWN STEP	2025-06-05T15:14:23.4241370Z 
Test OLM installation	UNKNOWN STEP	2025-06-05T15:14:23.4241664Z #8 [ubi-micro-build 2/8] RUN dnf install -y tar gzip
Test OLM installation	UNKNOWN STEP	2025-06-05T15:14:23.6307210Z #8 0.357 Updating Subscription Management repositories.
Test OLM installation	UNKNOWN STEP	2025-06-05T15:14:23.7864099Z #8 0.357 Unable to read consumer identity
Test OLM installation	UNKNOWN STEP	2025-06-05T15:14:23.7864596Z #8 0.363 
Test OLM installation	UNKNOWN STEP	2025-06-05T15:14:23.7865525Z #8 0.363 This system is not registered with an entitlement server. You can use subscription-manager to register.
Test OLM installation	UNKNOWN STEP	2025-06-05T15:14:23.7866353Z #8 0.363 
Test OLM installation	UNKNOWN STEP	2025-06-05T15:14:23.9575804Z #8 0.684 Red Hat Universal Base Image 9 (RPMs) - BaseOS  2.1 MB/s | 587 kB     00:00    
Test OLM installation	UNKNOWN STEP	2025-06-05T15:14:24.7453118Z #8 1.472 Red Hat Universal Base Image 9 (RPMs) - AppStre 3.9 MB/s | 2.4 MB     00:00    
Test OLM installation	UNKNOWN STEP	2025-06-05T15:14:25.2960895Z #8 2.022 Red Hat Universal Base Image 9 (RPMs) - CodeRea 1.6 MB/s | 284 kB     00:00    
Test OLM installation	UNKNOWN STEP	2025-06-05T15:14:25.4315677Z #8 2.158 Package tar-2:1.34-7.el9.x86_64 is already installed.
Test OLM installation	UNKNOWN STEP	2025-06-05T15:14:25.6601636Z #8 2.158 Package gzip-1.12-1.el9.x86_64 is already installed.
Test OLM installation	UNKNOWN STEP	2025-06-05T15:14:25.6602313Z #8 2.172 Dependencies resolved.
Test OLM installation	UNKNOWN STEP	2025-06-05T15:14:25.6602728Z #8 2.173 Nothing to do.
Test OLM installation	UNKNOWN STEP	2025-06-05T15:14:25.6603042Z #8 2.173 Complete!
Test OLM installation	UNKNOWN STEP	2025-06-05T15:14:25.6603318Z #8 DONE 2.2s
Test OLM installation	UNKNOWN STEP	2025-06-05T15:14:25.6603452Z 
Test OLM installation	UNKNOWN STEP	2025-06-05T15:14:25.6603801Z #9 [ubi-micro-build 3/8] ADD keycloak-999.0.0-SNAPSHOT.tar.gz /tmp/keycloak/
Test OLM installation	UNKNOWN STEP	2025-06-05T15:14:26.3642975Z #9 DONE 0.9s
Test OLM installation	UNKNOWN STEP	2025-06-05T15:14:26.4724572Z 
Test OLM installation	UNKNOWN STEP	2025-06-05T15:14:26.4725911Z #10 [ubi-micro-build 4/8] RUN (cd /tmp/keycloak &&     tar -xvf /tmp/keycloak/keycloak-*.tar.gz &&     rm /tmp/keycloak/keycloak-*.tar.gz) || true
Test OLM installation	UNKNOWN STEP	2025-06-05T15:14:26.4727057Z #10 0.107 tar: /tmp/keycloak/keycloak-*.tar.gz: Cannot open: No such file or directory
Test OLM installation	UNKNOWN STEP	2025-06-05T15:14:26.4728035Z #10 0.107 tar: Error is not recoverable: exiting now
Test OLM installation	UNKNOWN STEP	2025-06-05T15:14:26.6262082Z #10 DONE 0.1s
Test OLM installation	UNKNOWN STEP	2025-06-05T15:14:26.6262553Z 
Test OLM installation	UNKNOWN STEP	2025-06-05T15:14:26.6263230Z #11 [ubi-micro-build 5/8] RUN mv /tmp/keycloak/keycloak-* /opt/keycloak && mkdir -p /opt/keycloak/data
Test OLM installation	UNKNOWN STEP	2025-06-05T15:14:26.6265661Z #11 DONE 0.1s
Test OLM installation	UNKNOWN STEP	2025-06-05T15:14:26.7773271Z 
Test OLM installation	UNKNOWN STEP	2025-06-05T15:14:26.7773822Z #12 [ubi-micro-build 6/8] RUN chmod -R g+rwX /opt/keycloak
Test OLM installation	UNKNOWN STEP	2025-06-05T15:14:27.1692169Z #12 DONE 0.5s
Test OLM installation	UNKNOWN STEP	2025-06-05T15:14:27.3356518Z 
Test OLM installation	UNKNOWN STEP	2025-06-05T15:14:27.3356984Z #13 [ubi-micro-build 7/8] ADD ubi-null.sh /tmp/
Test OLM installation	UNKNOWN STEP	2025-06-05T15:14:27.3357454Z #13 DONE 0.0s
Test OLM installation	UNKNOWN STEP	2025-06-05T15:14:27.3357605Z 
Test OLM installation	UNKNOWN STEP	2025-06-05T15:14:27.3357931Z #14 [ubi-micro-build 8/8] RUN bash /tmp/ubi-null.sh java-21-openjdk-headless glibc-langpack-en findutils
Test OLM installation	UNKNOWN STEP	2025-06-05T15:14:27.3394864Z #14 0.154 ==> Installing packages into chroot
Test OLM installation	UNKNOWN STEP	2025-06-05T15:14:27.3395698Z #14 0.154 + dnf install -y findutils diffutils
Test OLM installation	UNKNOWN STEP	2025-06-05T15:14:27.5830903Z #14 0.398 Updating Subscription Management repositories.
Test OLM installation	UNKNOWN STEP	2025-06-05T15:14:27.7688055Z #14 0.398 Unable to read consumer identity
Test OLM installation	UNKNOWN STEP	2025-06-05T15:14:27.7688600Z #14 0.401 
Test OLM installation	UNKNOWN STEP	2025-06-05T15:14:27.7689343Z #14 0.401 This system is not registered with an entitlement server. You can use subscription-manager to register.
Test OLM installation	UNKNOWN STEP	2025-06-05T15:14:27.7690361Z #14 0.401 
Test OLM installation	UNKNOWN STEP	2025-06-05T15:14:27.7690944Z #14 0.440 Last metadata expiration check: 0:00:02 ago on Thu Jun  5 15:14:25 2025.
Test OLM installation	UNKNOWN STEP	2025-06-05T15:14:27.7692166Z #14 0.461 Package findutils-1:4.8.0-7.el9.x86_64 is already installed.
Test OLM installation	UNKNOWN STEP	2025-06-05T15:14:27.7692832Z #14 0.475 Dependencies resolved.
Test OLM installation	UNKNOWN STEP	2025-06-05T15:14:27.7693356Z #14 0.476 ================================================================================
Test OLM installation	UNKNOWN STEP	2025-06-05T15:14:27.7694170Z #14 0.476  Package         Architecture Version             Repository               Size
Test OLM installation	UNKNOWN STEP	2025-06-05T15:14:27.7694922Z #14 0.476 ================================================================================
Test OLM installation	UNKNOWN STEP	2025-06-05T15:14:27.7695575Z #14 0.476 Installing:
Test OLM installation	UNKNOWN STEP	2025-06-05T15:14:27.7696096Z #14 0.476  diffutils       x86_64       3.7-12.el9          ubi-9-baseos-rpms       402 k
Test OLM installation	UNKNOWN STEP	2025-06-05T15:14:27.7696710Z #14 0.476 
Test OLM installation	UNKNOWN STEP	2025-06-05T15:14:27.7697011Z #14 0.476 Transaction Summary
Test OLM installation	UNKNOWN STEP	2025-06-05T15:14:27.7697417Z #14 0.476 ================================================================================
Test OLM installation	UNKNOWN STEP	2025-06-05T15:14:27.7697894Z #14 0.476 Install  1 Package
Test OLM installation	UNKNOWN STEP	2025-06-05T15:14:27.7698237Z #14 0.476 
Test OLM installation	UNKNOWN STEP	2025-06-05T15:14:27.7698521Z #14 0.476 Total download size: 402 k
Test OLM installation	UNKNOWN STEP	2025-06-05T15:14:27.7698938Z #14 0.476 Installed size: 1.4 M
Test OLM installation	UNKNOWN STEP	2025-06-05T15:14:27.7699330Z #14 0.476 Downloading Packages:
Test OLM installation	UNKNOWN STEP	2025-06-05T15:14:27.7699888Z #14 0.584 diffutils-3.7-12.el9.x86_64.rpm                 3.7 MB/s | 402 kB     00:00    
Test OLM installation	UNKNOWN STEP	2025-06-05T15:14:27.8691635Z #14 0.585 --------------------------------------------------------------------------------
Test OLM installation	UNKNOWN STEP	2025-06-05T15:14:27.8692343Z #14 0.585 Total                                           3.6 MB/s | 402 kB     00:00     
Test OLM installation	UNKNOWN STEP	2025-06-05T15:14:27.8692796Z #14 0.597 Running transaction check
Test OLM installation	UNKNOWN STEP	2025-06-05T15:14:27.8693138Z #14 0.601 Transaction check succeeded.
Test OLM installation	UNKNOWN STEP	2025-06-05T15:14:27.8693420Z #14 0.601 Running transaction test
Test OLM installation	UNKNOWN STEP	2025-06-05T15:14:27.8693801Z #14 0.626 Transaction test succeeded.
Test OLM installation	UNKNOWN STEP	2025-06-05T15:14:27.8694042Z #14 0.627 Running transaction
Test OLM installation	UNKNOWN STEP	2025-06-05T15:14:27.8694356Z #14 0.649   Preparing        :                                                        1/1 
Test OLM installation	UNKNOWN STEP	2025-06-05T15:14:27.9713572Z #14 0.684   Installing       : diffutils-3.7-12.el9.x86_64                            1/1 
Test OLM installation	UNKNOWN STEP	2025-06-05T15:14:27.9714445Z #14 0.694   Running scriptlet: diffutils-3.7-12.el9.x86_64                            1/1 
Test OLM installation	UNKNOWN STEP	2025-06-05T15:14:27.9715221Z #14 0.730   Verifying        : diffutils-3.7-12.el9.x86_64                            1/1 
Test OLM installation	UNKNOWN STEP	2025-06-05T15:14:27.9716402Z #14 0.776 Installed products updated.
Test OLM installation	UNKNOWN STEP	2025-06-05T15:14:27.9716660Z #14 0.786 
Test OLM installation	UNKNOWN STEP	2025-06-05T15:14:27.9716826Z #14 0.786 Installed:
Test OLM installation	UNKNOWN STEP	2025-06-05T15:14:27.9717115Z #14 0.786   diffutils-3.7-12.el9.x86_64                                                   
Test OLM installation	UNKNOWN STEP	2025-06-05T15:14:27.9717434Z #14 0.786 
Test OLM installation	UNKNOWN STEP	2025-06-05T15:14:27.9717593Z #14 0.786 Complete!
Test OLM installation	UNKNOWN STEP	2025-06-05T15:14:28.1749668Z #14 0.837 ++ realpath rootfs
Test OLM installation	UNKNOWN STEP	2025-06-05T15:14:28.1750174Z #14 0.838 + rootfs=/tmp/null/rootfs
Test OLM installation	UNKNOWN STEP	2025-06-05T15:14:28.1750647Z #14 0.838 + mkdir -p /tmp/null/rootfs
Test OLM installation	UNKNOWN STEP	2025-06-05T15:14:28.1752049Z #14 0.840 + xargs dnf install -y --installroot /tmp/null/rootfs --releasever 9 --setopt install_weak_deps=false --nodocs
Test OLM installation	UNKNOWN STEP	2025-06-05T15:14:28.2538116Z #14 1.068 Updating Subscription Management repositories.
Test OLM installation	UNKNOWN STEP	2025-06-05T15:14:28.4058603Z #14 1.069 Unable to read consumer identity
Test OLM installation	UNKNOWN STEP	2025-06-05T15:14:28.4059101Z #14 1.070 
Test OLM installation	UNKNOWN STEP	2025-06-05T15:14:28.4059614Z #14 1.070 This system is not registered with an entitlement server. You can use subscription-manager to register.
Test OLM installation	UNKNOWN STEP	2025-06-05T15:14:28.4060172Z #14 1.070 
Test OLM installation	UNKNOWN STEP	2025-06-05T15:14:28.4481299Z #14 1.262 Red Hat Universal Base Image 9 (RPMs) - BaseOS  3.3 MB/s | 587 kB     00:00    
Test OLM installation	UNKNOWN STEP	2025-06-05T15:14:28.7216281Z #14 1.536 Red Hat Universal Base Image 9 (RPMs) - AppStre  13 MB/s | 2.4 MB     00:00    
Test OLM installation	UNKNOWN STEP	2025-06-05T15:14:29.2637054Z #14 2.078 Red Hat Universal Base Image 9 (RPMs) - CodeRea 1.6 MB/s | 284 kB     00:00    
Test OLM installation	UNKNOWN STEP	2025-06-05T15:14:29.4074026Z #14 2.222 Dependencies resolved.
Test OLM installation	UNKNOWN STEP	2025-06-05T15:14:29.5129295Z #14 2.228 =============================================================================================
Test OLM installation	UNKNOWN STEP	2025-06-05T15:14:29.5131319Z #14 2.228  Package                    Arch    Version                       Repository             Size
Test OLM installation	UNKNOWN STEP	2025-06-05T15:14:29.5132005Z #14 2.228 =============================================================================================
Test OLM installation	UNKNOWN STEP	2025-06-05T15:14:29.5132496Z #14 2.228 Installing:
Test OLM installation	UNKNOWN STEP	2025-06-05T15:14:29.5133025Z #14 2.228  bash                       x86_64  5.1.8-9.el9                   ubi-9-baseos-rpms     1.7 M
Test OLM installation	UNKNOWN STEP	2025-06-05T15:14:29.5133717Z #14 2.228  coreutils-single           x86_64  8.32-39.el9                   ubi-9-baseos-rpms     625 k
Test OLM installation	UNKNOWN STEP	2025-06-05T15:14:29.5134432Z #14 2.228  findutils                  x86_64  1:4.8.0-7.el9                 ubi-9-baseos-rpms     550 k
Test OLM installation	UNKNOWN STEP	2025-06-05T15:14:29.5135200Z #14 2.228  glibc-langpack-en          x86_64  2.34-168.el9_6.14             ubi-9-baseos-rpms     657 k
Test OLM installation	UNKNOWN STEP	2025-06-05T15:14:29.5136412Z #14 2.228  java-21-openjdk-headless   x86_64  1:21.0.7.0.6-1.el9            ubi-9-appstream-rpms   49 M
Test OLM installation	UNKNOWN STEP	2025-06-05T15:14:29.5137176Z #14 2.228 Installing dependencies:
Test OLM installation	UNKNOWN STEP	2025-06-05T15:14:29.5137740Z #14 2.228  alsa-lib                   x86_64  1.2.13-2.el9                  ubi-9-appstream-rpms  530 k
Test OLM installation	UNKNOWN STEP	2025-06-05T15:14:29.5138524Z #14 2.228  alternatives               x86_64  1.24-2.el9                    ubi-9-baseos-rpms      42 k
Test OLM installation	UNKNOWN STEP	2025-06-05T15:14:29.5139296Z #14 2.228  avahi-libs                 x86_64  0.8-22.el9_6                  ubi-9-baseos-rpms      67 k
Test OLM installation	UNKNOWN STEP	2025-06-05T15:14:29.5140027Z #14 2.228  basesystem                 noarch  11-13.el9                     ubi-9-baseos-rpms     8.0 k
Test OLM installation	UNKNOWN STEP	2025-06-05T15:14:29.5140771Z #14 2.228  bzip2-libs                 x86_64  1.0.8-10.el9_5                ubi-9-baseos-rpms      42 k
Test OLM installation	UNKNOWN STEP	2025-06-05T15:14:29.5141526Z #14 2.228  ca-certificates            noarch  2024.2.69_v8.0.303-91.4.el9_4 ubi-9-baseos-rpms     1.0 M
Test OLM installation	UNKNOWN STEP	2025-06-05T15:14:29.5142251Z #14 2.228  copy-jdk-configs           noarch  4.0-3.el9                     ubi-9-appstream-rpms   29 k
Test OLM installation	UNKNOWN STEP	2025-06-05T15:14:29.5142771Z #14 2.228  crypto-policies            noarch  20250128-1.git5269e22.el9     ubi-9-baseos-rpms      90 k
Test OLM installation	UNKNOWN STEP	2025-06-05T15:14:29.5143310Z #14 2.228  crypto-policies-scripts    noarch  20250128-1.git5269e22.el9     ubi-9-baseos-rpms     101 k
Test OLM installation	UNKNOWN STEP	2025-06-05T15:14:29.5143812Z #14 2.228  cups-libs                  x86_64  1:2.3.3op2-33.el9             ubi-9-baseos-rpms     265 k
Test OLM installation	UNKNOWN STEP	2025-06-05T15:14:29.5144549Z #14 2.228  dbus-libs                  x86_64  1:1.12.20-8.el9               ubi-9-baseos-rpms     154 k
Test OLM installation	UNKNOWN STEP	2025-06-05T15:14:29.5144969Z #14 2.228  expat                      x86_64  2.5.0-5.el9_6                 ubi-9-baseos-rpms     119 k
Test OLM installation	UNKNOWN STEP	2025-06-05T15:14:29.5145646Z #14 2.228  filesystem                 x86_64  3.16-5.el9                    ubi-9-baseos-rpms     4.8 M
Test OLM installation	UNKNOWN STEP	2025-06-05T15:14:29.5146400Z #14 2.228  gawk                       x86_64  5.1.0-6.el9                   ubi-9-baseos-rpms     1.0 M
Test OLM installation	UNKNOWN STEP	2025-06-05T15:14:29.5146906Z #14 2.228  gdbm-libs                  x86_64  1:1.23-1.el9                  ubi-9-baseos-rpms      59 k
Test OLM installation	UNKNOWN STEP	2025-06-05T15:14:29.5147837Z #14 2.228  glibc                      x86_64  2.34-168.el9_6.14             ubi-9-baseos-rpms     2.0 M
Test OLM installation	UNKNOWN STEP	2025-06-05T15:14:29.5148338Z #14 2.228  glibc-common               x86_64  2.34-168.el9_6.14             ubi-9-baseos-rpms     304 k
Test OLM installation	UNKNOWN STEP	2025-06-05T15:14:29.5148786Z #14 2.228  gmp                        x86_64  1:6.2.0-13.el9                ubi-9-baseos-rpms     319 k
Test OLM installation	UNKNOWN STEP	2025-06-05T15:14:29.5149192Z #14 2.228  gnutls                     x86_64  3.8.3-6.el9                   ubi-9-baseos-rpms     1.1 M
Test OLM installation	UNKNOWN STEP	2025-06-05T15:14:29.5149586Z #14 2.228  grep                       x86_64  3.6-5.el9                     ubi-9-baseos-rpms     273 k
Test OLM installation	UNKNOWN STEP	2025-06-05T15:14:29.5150045Z #14 2.228  javapackages-filesystem    noarch  6.4.0-1.el9                   ubi-9-appstream-rpms   17 k
Test OLM installation	UNKNOWN STEP	2025-06-05T15:14:29.5150548Z #14 2.228  keyutils-libs              x86_64  1.6.3-1.el9                   ubi-9-baseos-rpms      34 k
Test OLM installation	UNKNOWN STEP	2025-06-05T15:14:29.5150973Z #14 2.228  krb5-libs                  x86_64  1.21.1-6.el9                  ubi-9-baseos-rpms     770 k
Test OLM installation	UNKNOWN STEP	2025-06-05T15:14:29.5151365Z #14 2.228  libacl                     x86_64  2.3.1-4.el9                   ubi-9-baseos-rpms      24 k
Test OLM installation	UNKNOWN STEP	2025-06-05T15:14:29.5151795Z #14 2.228  libattr                    x86_64  2.5.1-3.el9                   ubi-9-baseos-rpms      20 k
Test OLM installation	UNKNOWN STEP	2025-06-05T15:14:29.5152192Z #14 2.228  libcap                     x86_64  2.48-9.el9_2                  ubi-9-baseos-rpms      74 k
Test OLM installation	UNKNOWN STEP	2025-06-05T15:14:29.5152599Z #14 2.228  libcom_err                 x86_64  1.46.5-7.el9                  ubi-9-baseos-rpms      28 k
Test OLM installation	UNKNOWN STEP	2025-06-05T15:14:29.5153005Z #14 2.228  libevent                   x86_64  2.1.12-8.el9_4                ubi-9-baseos-rpms     266 k
Test OLM installation	UNKNOWN STEP	2025-06-05T15:14:29.5153407Z #14 2.228  libffi                     x86_64  3.4.2-8.el9                   ubi-9-baseos-rpms      40 k
Test OLM installation	UNKNOWN STEP	2025-06-05T15:14:29.5153796Z #14 2.228  libgcc                     x86_64  11.5.0-5.el9_5                ubi-9-baseos-rpms      88 k
Test OLM installation	UNKNOWN STEP	2025-06-05T15:14:29.5154205Z #14 2.228  libgcrypt                  x86_64  1.10.0-11.el9                 ubi-9-baseos-rpms     510 k
Test OLM installation	UNKNOWN STEP	2025-06-05T15:14:29.5154625Z #14 2.228  libgpg-error               x86_64  1.42-5.el9                    ubi-9-baseos-rpms     220 k
Test OLM installation	UNKNOWN STEP	2025-06-05T15:14:29.5155454Z #14 2.228  libidn2                    x86_64  2.3.0-7.el9                   ubi-9-baseos-rpms     105 k
Test OLM installation	UNKNOWN STEP	2025-06-05T15:14:29.5155892Z #14 2.228  libselinux                 x86_64  3.6-3.el9                     ubi-9-baseos-rpms      88 k
Test OLM installation	UNKNOWN STEP	2025-06-05T15:14:29.5156486Z #14 2.228  libsepol                   x86_64  3.6-2.el9                     ubi-9-baseos-rpms     331 k
Test OLM installation	UNKNOWN STEP	2025-06-05T15:14:29.5157109Z #14 2.228  libsigsegv                 x86_64  2.13-4.el9                    ubi-9-baseos-rpms      30 k
Test OLM installation	UNKNOWN STEP	2025-06-05T15:14:29.5157529Z #14 2.228  libtasn1                   x86_64  4.16.0-9.el9                  ubi-9-baseos-rpms      77 k
Test OLM installation	UNKNOWN STEP	2025-06-05T15:14:29.5157948Z #14 2.228  libunistring               x86_64  0.9.10-15.el9                 ubi-9-baseos-rpms     499 k
Test OLM installation	UNKNOWN STEP	2025-06-05T15:14:29.5158391Z #14 2.228  libuuid                    x86_64  2.37.4-21.el9                 ubi-9-baseos-rpms      30 k
Test OLM installation	UNKNOWN STEP	2025-06-05T15:14:29.5158796Z #14 2.228  libverto                   x86_64  0.3.2-3.el9                   ubi-9-baseos-rpms      24 k
Test OLM installation	UNKNOWN STEP	2025-06-05T15:14:29.5159201Z #14 2.228  libxcrypt                  x86_64  4.4.18-3.el9                  ubi-9-baseos-rpms     120 k
Test OLM installation	UNKNOWN STEP	2025-06-05T15:14:29.5159762Z #14 2.228  libzstd                    x86_64  1.5.5-1.el9                   ubi-9-baseos-rpms     297 k
Test OLM installation	UNKNOWN STEP	2025-06-05T15:14:29.5160316Z #14 2.228  lksctp-tools               x86_64  1.0.19-3.el9_4                ubi-9-baseos-rpms     104 k
Test OLM installation	UNKNOWN STEP	2025-06-05T15:14:29.5161007Z #14 2.228  lua                        x86_64  5.4.4-4.el9                   ubi-9-appstream-rpms  192 k
Test OLM installation	UNKNOWN STEP	2025-06-05T15:14:29.5161398Z #14 2.228  lua-libs                   x86_64  5.4.4-4.el9                   ubi-9-baseos-rpms     132 k
Test OLM installation	UNKNOWN STEP	2025-06-05T15:14:29.5161801Z #14 2.228  lua-posix                  x86_64  35.0-8.el9                    ubi-9-appstream-rpms  155 k
Test OLM installation	UNKNOWN STEP	2025-06-05T15:14:29.5162335Z #14 2.228  lz4-libs                   x86_64  1.9.3-5.el9                   ubi-9-baseos-rpms      69 k
Test OLM installation	UNKNOWN STEP	2025-06-05T15:14:29.5162718Z #14 2.228  mpfr                       x86_64  4.1.0-7.el9                   ubi-9-baseos-rpms     329 k
Test OLM installation	UNKNOWN STEP	2025-06-05T15:14:29.5163136Z #14 2.228  ncurses-base               noarch  6.2-10.20210508.el9           ubi-9-baseos-rpms      99 k
Test OLM installation	UNKNOWN STEP	2025-06-05T15:14:29.5163593Z #14 2.228  ncurses-libs               x86_64  6.2-10.20210508.el9           ubi-9-baseos-rpms     332 k
Test OLM installation	UNKNOWN STEP	2025-06-05T15:14:29.5164014Z #14 2.228  nettle                     x86_64  3.10.1-1.el9                  ubi-9-baseos-rpms     568 k
Test OLM installation	UNKNOWN STEP	2025-06-05T15:14:29.5164566Z #14 2.228  nspr                       x86_64  4.35.0-17.el9_2               ubi-9-appstream-rpms  137 k
Test OLM installation	UNKNOWN STEP	2025-06-05T15:14:29.5165472Z #14 2.228  nss                        x86_64  3.101.0-10.el9_2              ubi-9-appstream-rpms  720 k
Test OLM installation	UNKNOWN STEP	2025-06-05T15:14:29.5166090Z #14 2.228  nss-softokn                x86_64  3.101.0-10.el9_2              ubi-9-appstream-rpms  393 k
Test OLM installation	UNKNOWN STEP	2025-06-05T15:14:29.5166547Z #14 2.228  nss-softokn-freebl         x86_64  3.101.0-10.el9_2              ubi-9-appstream-rpms  313 k
Test OLM installation	UNKNOWN STEP	2025-06-05T15:14:29.5167092Z #14 2.228  nss-sysinit                x86_64  3.101.0-10.el9_2              ubi-9-appstream-rpms   21 k
Test OLM installation	UNKNOWN STEP	2025-06-05T15:14:29.5167545Z #14 2.228  nss-util                   x86_64  3.101.0-10.el9_2              ubi-9-appstream-rpms   92 k
Test OLM installation	UNKNOWN STEP	2025-06-05T15:14:29.5168006Z #14 2.228  openssl-fips-provider      x86_64  3.0.7-6.el9_5                 ubi-9-baseos-rpms     9.4 k
Test OLM installation	UNKNOWN STEP	2025-06-05T15:14:29.5168506Z #14 2.228  openssl-fips-provider-so   x86_64  3.0.7-6.el9_5                 ubi-9-baseos-rpms     577 k
Test OLM installation	UNKNOWN STEP	2025-06-05T15:14:29.5168996Z #14 2.228  openssl-libs               x86_64  1:3.2.2-6.el9_5.1             ubi-9-baseos-rpms     2.1 M
Test OLM installation	UNKNOWN STEP	2025-06-05T15:14:29.5169762Z #14 2.228  p11-kit                    x86_64  0.25.3-3.el9_5                ubi-9-baseos-rpms     536 k
Test OLM installation	UNKNOWN STEP	2025-06-05T15:14:29.5170348Z #14 2.228  p11-kit-trust              x86_64  0.25.3-3.el9_5                ubi-9-baseos-rpms     144 k
Test OLM installation	UNKNOWN STEP	2025-06-05T15:14:29.5170756Z #14 2.228  pcre                       x86_64  8.44-4.el9                    ubi-9-baseos-rpms     200 k
Test OLM installation	UNKNOWN STEP	2025-06-05T15:14:29.5171134Z #14 2.228  pcre2                      x86_64  10.40-6.el9                   ubi-9-baseos-rpms     236 k
Test OLM installation	UNKNOWN STEP	2025-06-05T15:14:29.5171544Z #14 2.228  pcre2-syntax               noarch  10.40-6.el9                   ubi-9-baseos-rpms     144 k
Test OLM installation	UNKNOWN STEP	2025-06-05T15:14:29.5171972Z #14 2.228  python3                    x86_64  3.9.21-2.el9                  ubi-9-baseos-rpms      30 k
Test OLM installation	UNKNOWN STEP	2025-06-05T15:14:29.5172382Z #14 2.228  python3-libs               x86_64  3.9.21-2.el9                  ubi-9-baseos-rpms     8.1 M
Test OLM installation	UNKNOWN STEP	2025-06-05T15:14:29.5172831Z #14 2.228  python3-pip-wheel          noarch  21.3.1-1.el9                  ubi-9-baseos-rpms     1.1 M
Test OLM installation	UNKNOWN STEP	2025-06-05T15:14:29.5173332Z #14 2.228  python3-setuptools-wheel   noarch  53.0.0-13.el9                 ubi-9-baseos-rpms     469 k
Test OLM installation	UNKNOWN STEP	2025-06-05T15:14:29.5173801Z #14 2.228  readline                   x86_64  8.1-4.el9                     ubi-9-baseos-rpms     215 k
Test OLM installation	UNKNOWN STEP	2025-06-05T15:14:29.5174700Z #14 2.228  redhat-release             x86_64  9.6-0.1.el9                   ubi-9-baseos-rpms      44 k
Test OLM installation	UNKNOWN STEP	2025-06-05T15:14:29.5175642Z #14 2.228  sed                        x86_64  4.8-9.el9                     ubi-9-baseos-rpms     309 k
Test OLM installation	UNKNOWN STEP	2025-06-05T15:14:29.5176635Z #14 2.228  setup                      noarch  2.13.7-10.el9                 ubi-9-baseos-rpms     150 k
Test OLM installation	UNKNOWN STEP	2025-06-05T15:14:29.5177326Z #14 2.228  sqlite-libs                x86_64  3.34.1-7.el9_3                ubi-9-baseos-rpms     622 k
Test OLM installation	UNKNOWN STEP	2025-06-05T15:14:29.5177785Z #14 2.228  systemd-libs               x86_64  252-51.el9                    ubi-9-baseos-rpms     684 k
Test OLM installation	UNKNOWN STEP	2025-06-05T15:14:29.5178340Z #14 2.228  tzdata                     noarch  2025b-1.el9                   ubi-9-baseos-rpms     842 k
Test OLM installation	UNKNOWN STEP	2025-06-05T15:14:29.5179433Z #14 2.228  tzdata-java                noarch  2025b-1.el9                   ubi-9-appstream-rpms  228 k
Test OLM installation	UNKNOWN STEP	2025-06-05T15:14:29.5179952Z #14 2.228  xz-libs                    x86_64  5.2.5-8.el9_0                 ubi-9-baseos-rpms      94 k
Test OLM installation	UNKNOWN STEP	2025-06-05T15:14:29.5180353Z #14 2.228  zlib                       x86_64  1.2.11-40.el9                 ubi-9-baseos-rpms      93 k
Test OLM installation	UNKNOWN STEP	2025-06-05T15:14:29.5180648Z #14 2.228 
Test OLM installation	UNKNOWN STEP	2025-06-05T15:14:29.5180827Z #14 2.228 Transaction Summary
Test OLM installation	UNKNOWN STEP	2025-06-05T15:14:29.5181077Z #14 2.228 =============================================================================================
Test OLM installation	UNKNOWN STEP	2025-06-05T15:14:29.5181360Z #14 2.228 Install  84 Packages
Test OLM installation	UNKNOWN STEP	2025-06-05T15:14:29.5181562Z #14 2.228 
Test OLM installation	UNKNOWN STEP	2025-06-05T15:14:29.5181735Z #14 2.231 Total download size: 89 M
Test OLM installation	UNKNOWN STEP	2025-06-05T15:14:29.5181964Z #14 2.231 Installed size: 319 M
Test OLM installation	UNKNOWN STEP	2025-06-05T15:14:29.5182178Z #14 2.231 Downloading Packages:
Test OLM installation	UNKNOWN STEP	2025-06-05T15:14:29.5182517Z #14 2.292 (1/84): alternatives-1.24-2.el9.x86_64.rpm      761 kB/s |  42 kB     00:00    
Test OLM installation	UNKNOWN STEP	2025-06-05T15:14:29.5182985Z #14 2.296 (2/84): basesystem-11-13.el9.noarch.rpm         137 kB/s | 8.0 kB     00:00    
Test OLM installation	UNKNOWN STEP	2025-06-05T15:14:29.5183555Z #14 2.313 (3/84): avahi-libs-0.8-22.el9_6.x86_64.rpm      888 kB/s |  67 kB     00:00    
Test OLM installation	UNKNOWN STEP	2025-06-05T15:14:29.5184040Z #14 2.328 (4/84): bzip2-libs-1.0.8-10.el9_5.x86_64.rpm    1.3 MB/s |  42 kB     00:00    
Test OLM installation	UNKNOWN STEP	2025-06-05T15:14:29.6240083Z #14 2.362 (5/84): bash-5.1.8-9.el9.x86_64.rpm              24 MB/s | 1.7 MB     00:00    
Test OLM installation	UNKNOWN STEP	2025-06-05T15:14:29.6240975Z #14 2.377 (6/84): crypto-policies-20250128-1.git5269e22.e 6.1 MB/s |  90 kB     00:00    
Test OLM installation	UNKNOWN STEP	2025-06-05T15:14:29.6241669Z #14 2.380 (7/84): ca-certificates-2024.2.69_v8.0.303-91.4  15 MB/s | 1.0 MB     00:00    
Test OLM installation	UNKNOWN STEP	2025-06-05T15:14:29.6242474Z #14 2.391 (8/84): coreutils-single-8.32-39.el9.x86_64.rpm 9.7 MB/s | 625 kB     00:00    
Test OLM installation	UNKNOWN STEP	2025-06-05T15:14:29.6243223Z #14 2.393 (9/84): crypto-policies-scripts-20250128-1.git5 6.7 MB/s | 101 kB     00:00    
Test OLM installation	UNKNOWN STEP	2025-06-05T15:14:29.6243685Z #14 2.402 (10/84): cups-libs-2.3.3op2-33.el9.x86_64.rpm    12 MB/s | 265 kB     00:00    
Test OLM installation	UNKNOWN STEP	2025-06-05T15:14:29.6244103Z #14 2.407 (11/84): expat-2.5.0-5.el9_6.x86_64.rpm         8.3 MB/s | 119 kB     00:00    
Test OLM installation	UNKNOWN STEP	2025-06-05T15:14:29.6244529Z #14 2.409 (12/84): dbus-libs-1.12.20-8.el9.x86_64.rpm     8.6 MB/s | 154 kB     00:00    
Test OLM installation	UNKNOWN STEP	2025-06-05T15:14:29.6244964Z #14 2.425 (13/84): findutils-4.8.0-7.el9.x86_64.rpm        30 MB/s | 550 kB     00:00    
Test OLM installation	UNKNOWN STEP	2025-06-05T15:14:29.6246606Z #14 2.439 (14/84): gdbm-libs-1.23-1.el9.x86_64.rpm        4.4 MB/s |  59 kB     00:00    
Test OLM installation	UNKNOWN STEP	2025-06-05T15:14:29.7247285Z #14 2.443 (15/84): gawk-5.1.0-6.el9.x86_64.rpm             30 MB/s | 1.0 MB     00:00    
Test OLM installation	UNKNOWN STEP	2025-06-05T15:14:29.7248233Z #14 2.464 (16/84): filesystem-3.16-5.el9.x86_64.rpm        77 MB/s | 4.8 MB     00:00    
Test OLM installation	UNKNOWN STEP	2025-06-05T15:14:29.7248987Z #14 2.468 (17/84): glibc-common-2.34-168.el9_6.14.x86_64.  12 MB/s | 304 kB     00:00    
Test OLM installation	UNKNOWN STEP	2025-06-05T15:14:29.7249571Z #14 2.476 (18/84): glibc-2.34-168.el9_6.14.x86_64.rpm      53 MB/s | 2.0 MB     00:00    
Test OLM installation	UNKNOWN STEP	2025-06-05T15:14:29.7250010Z #14 2.485 (19/84): glibc-langpack-en-2.34-168.el9_6.14.x8  32 MB/s | 657 kB     00:00    
Test OLM installation	UNKNOWN STEP	2025-06-05T15:14:29.7250456Z #14 2.488 (20/84): gmp-6.2.0-13.el9.x86_64.rpm             16 MB/s | 319 kB     00:00    
Test OLM installation	UNKNOWN STEP	2025-06-05T15:14:29.7250848Z #14 2.497 (21/84): gnutls-3.8.3-6.el9.x86_64.rpm           54 MB/s | 1.1 MB     00:00    
Test OLM installation	UNKNOWN STEP	2025-06-05T15:14:29.7251234Z #14 2.502 (22/84): grep-3.6-5.el9.x86_64.rpm               17 MB/s | 273 kB     00:00    
Test OLM installation	UNKNOWN STEP	2025-06-05T15:14:29.7251929Z #14 2.503 (23/84): keyutils-libs-1.6.3-1.el9.x86_64.rpm   2.2 MB/s |  34 kB     00:00    
Test OLM installation	UNKNOWN STEP	2025-06-05T15:14:29.7252343Z #14 2.518 (24/84): krb5-libs-1.21.1-6.el9.x86_64.rpm       37 MB/s | 770 kB     00:00    
Test OLM installation	UNKNOWN STEP	2025-06-05T15:14:29.7252742Z #14 2.519 (25/84): libattr-2.5.1-3.el9.x86_64.rpm         1.3 MB/s |  20 kB     00:00    
Test OLM installation	UNKNOWN STEP	2025-06-05T15:14:29.7253130Z #14 2.520 (26/84): libacl-2.3.1-4.el9.x86_64.rpm          1.3 MB/s |  24 kB     00:00    
Test OLM installation	UNKNOWN STEP	2025-06-05T15:14:29.7253526Z #14 2.531 (27/84): libcap-2.48-9.el9_2.x86_64.rpm         5.5 MB/s |  74 kB     00:00    
Test OLM installation	UNKNOWN STEP	2025-06-05T15:14:29.7254064Z #14 2.537 (28/84): libevent-2.1.12-8.el9_4.x86_64.rpm      15 MB/s | 266 kB     00:00    
Test OLM installation	UNKNOWN STEP	2025-06-05T15:14:29.7254474Z #14 2.540 (29/84): libcom_err-1.46.5-7.el9.x86_64.rpm     1.3 MB/s |  28 kB     00:00    
Test OLM installation	UNKNOWN STEP	2025-06-05T15:14:29.8249028Z #14 2.543 (30/84): libffi-3.4.2-8.el9.x86_64.rpm          3.3 MB/s |  40 kB     00:00    
Test OLM installation	UNKNOWN STEP	2025-06-05T15:14:29.8249867Z #14 2.553 (31/84): libgcc-11.5.0-5.el9_5.x86_64.rpm       5.4 MB/s |  88 kB     00:00    
Test OLM installation	UNKNOWN STEP	2025-06-05T15:14:29.8250684Z #14 2.559 (32/84): libgpg-error-1.42-5.el9.x86_64.rpm      14 MB/s | 220 kB     00:00    
Test OLM installation	UNKNOWN STEP	2025-06-05T15:14:29.8251464Z #14 2.562 (33/84): libgcrypt-1.10.0-11.el9.x86_64.rpm      23 MB/s | 510 kB     00:00    
Test OLM installation	UNKNOWN STEP	2025-06-05T15:14:29.8252196Z #14 2.569 (34/84): libidn2-2.3.0-7.el9.x86_64.rpm         6.5 MB/s | 105 kB     00:00    
Test OLM installation	UNKNOWN STEP	2025-06-05T15:14:29.8252609Z #14 2.572 (35/84): libselinux-3.6-3.el9.x86_64.rpm        6.8 MB/s |  88 kB     00:00    
Test OLM installation	UNKNOWN STEP	2025-06-05T15:14:29.8253356Z #14 2.578 (36/84): libsepol-3.6-2.el9.x86_64.rpm           20 MB/s | 331 kB     00:00    
Test OLM installation	UNKNOWN STEP	2025-06-05T15:14:29.8254018Z #14 2.585 (37/84): libtasn1-4.16.0-9.el9.x86_64.rpm       5.8 MB/s |  77 kB     00:00    
Test OLM installation	UNKNOWN STEP	2025-06-05T15:14:29.8254498Z #14 2.586 (38/84): libsigsegv-2.13-4.el9.x86_64.rpm       1.8 MB/s |  30 kB     00:00    
Test OLM installation	UNKNOWN STEP	2025-06-05T15:14:29.8254940Z #14 2.596 (39/84): libunistring-0.9.10-15.el9.x86_64.rpm   28 MB/s | 499 kB     00:00    
Test OLM installation	UNKNOWN STEP	2025-06-05T15:14:29.8255613Z #14 2.597 (40/84): libuuid-2.37.4-21.el9.x86_64.rpm       2.4 MB/s |  30 kB     00:00    
Test OLM installation	UNKNOWN STEP	2025-06-05T15:14:29.8256042Z #14 2.601 (41/84): libverto-0.3.2-3.el9.x86_64.rpm        1.6 MB/s |  24 kB     00:00    
Test OLM installation	UNKNOWN STEP	2025-06-05T15:14:29.8256447Z #14 2.612 (42/84): libzstd-1.5.5-1.el9.x86_64.rpm          21 MB/s | 297 kB     00:00    
Test OLM installation	UNKNOWN STEP	2025-06-05T15:14:29.8256851Z #14 2.613 (43/84): libxcrypt-4.4.18-3.el9.x86_64.rpm      7.0 MB/s | 120 kB     00:00    
Test OLM installation	UNKNOWN STEP	2025-06-05T15:14:29.8257270Z #14 2.617 (44/84): lksctp-tools-1.0.19-3.el9_4.x86_64.rpm 6.6 MB/s | 104 kB     00:00    
Test OLM installation	UNKNOWN STEP	2025-06-05T15:14:29.8257688Z #14 2.626 (45/84): lua-libs-5.4.4-4.el9.x86_64.rpm        9.5 MB/s | 132 kB     00:00    
Test OLM installation	UNKNOWN STEP	2025-06-05T15:14:29.8258083Z #14 2.630 (46/84): lz4-libs-1.9.3-5.el9.x86_64.rpm        4.2 MB/s |  69 kB     00:00    
Test OLM installation	UNKNOWN STEP	2025-06-05T15:14:29.8258465Z #14 2.637 (47/84): mpfr-4.1.0-7.el9.x86_64.rpm             16 MB/s | 329 kB     00:00    
Test OLM installation	UNKNOWN STEP	2025-06-05T15:14:29.8258870Z #14 2.640 (48/84): ncurses-base-6.2-10.20210508.el9.noarc 7.2 MB/s |  99 kB     00:00    
Test OLM installation	UNKNOWN STEP	2025-06-05T15:14:29.9285187Z #14 2.651 (49/84): openssl-fips-provider-3.0.7-6.el9_5.x8 840 kB/s | 9.4 kB     00:00    
Test OLM installation	UNKNOWN STEP	2025-06-05T15:14:29.9286426Z #14 2.657 (50/84): ncurses-libs-6.2-10.20210508.el9.x86_6  12 MB/s | 332 kB     00:00    
Test OLM installation	UNKNOWN STEP	2025-06-05T15:14:29.9287364Z #14 2.660 (51/84): nettle-3.10.1-1.el9.x86_64.rpm          26 MB/s | 568 kB     00:00    
Test OLM installation	UNKNOWN STEP	2025-06-05T15:14:29.9288208Z #14 2.668 (52/84): openssl-fips-provider-so-3.0.7-6.el9_5  34 MB/s | 577 kB     00:00    
Test OLM installation	UNKNOWN STEP	2025-06-05T15:14:29.9288836Z #14 2.681 (53/84): p11-kit-0.25.3-3.el9_5.x86_64.rpm       25 MB/s | 536 kB     00:00    
Test OLM installation	UNKNOWN STEP	2025-06-05T15:14:29.9289504Z #14 2.683 (54/84): p11-kit-trust-0.25.3-3.el9_5.x86_64.rp 9.4 MB/s | 144 kB     00:00    
Test OLM installation	UNKNOWN STEP	2025-06-05T15:14:29.9290075Z #14 2.691 (55/84): openssl-libs-3.2.2-6.el9_5.1.x86_64.rp  64 MB/s | 2.1 MB     00:00    
Test OLM installation	UNKNOWN STEP	2025-06-05T15:14:29.9290620Z #14 2.696 (56/84): pcre2-10.40-6.el9.x86_64.rpm            18 MB/s | 236 kB     00:00    
Test OLM installation	UNKNOWN STEP	2025-06-05T15:14:29.9291142Z #14 2.699 (57/84): pcre-8.44-4.el9.x86_64.rpm              11 MB/s | 200 kB     00:00    
Test OLM installation	UNKNOWN STEP	2025-06-05T15:14:29.9291988Z #14 2.706 (58/84): pcre2-syntax-10.40-6.el9.noarch.rpm    9.4 MB/s | 144 kB     00:00    
Test OLM installation	UNKNOWN STEP	2025-06-05T15:14:29.9292549Z #14 2.708 (59/84): python3-3.9.21-2.el9.x86_64.rpm        2.5 MB/s |  30 kB     00:00    
Test OLM installation	UNKNOWN STEP	2025-06-05T15:14:29.9293137Z #14 2.731 (60/84): python3-setuptools-wheel-53.0.0-13.el9  21 MB/s | 469 kB     00:00    
Test OLM installation	UNKNOWN STEP	2025-06-05T15:14:29.9293753Z #14 2.743 (61/84): python3-pip-wheel-21.3.1-1.el9.noarch.  31 MB/s | 1.1 MB     00:00    
Test OLM installation	UNKNOWN STEP	2025-06-05T15:14:30.0314895Z #14 2.747 (62/84): readline-8.1-4.el9.x86_64.rpm           14 MB/s | 215 kB     00:00    
Test OLM installation	UNKNOWN STEP	2025-06-05T15:14:30.0316092Z #14 2.759 (63/84): redhat-release-9.6-0.1.el9.x86_64.rpm  2.9 MB/s |  44 kB     00:00    
Test OLM installation	UNKNOWN STEP	2025-06-05T15:14:30.0316537Z #14 2.767 (64/84): sed-4.8-9.el9.x86_64.rpm                15 MB/s | 309 kB     00:00    
Test OLM installation	UNKNOWN STEP	2025-06-05T15:14:30.0316937Z #14 2.775 (65/84): setup-2.13.7-10.el9.noarch.rpm         9.0 MB/s | 150 kB     00:00    
Test OLM installation	UNKNOWN STEP	2025-06-05T15:14:30.0317355Z #14 2.787 (66/84): sqlite-libs-3.34.1-7.el9_3.x86_64.rpm   32 MB/s | 622 kB     00:00    
Test OLM installation	UNKNOWN STEP	2025-06-05T15:14:30.0317772Z #14 2.803 (67/84): python3-libs-3.9.21-2.el9.x86_64.rpm    77 MB/s | 8.1 MB     00:00    
Test OLM installation	UNKNOWN STEP	2025-06-05T15:14:30.0318201Z #14 2.810 (68/84): systemd-libs-252-51.el9.x86_64.rpm      19 MB/s | 684 kB     00:00    
Test OLM installation	UNKNOWN STEP	2025-06-05T15:14:30.0318623Z #14 2.813 (69/84): tzdata-2025b-1.el9.noarch.rpm           31 MB/s | 842 kB     00:00    
Test OLM installation	UNKNOWN STEP	2025-06-05T15:14:30.0319025Z #14 2.821 (70/84): xz-libs-5.2.5-8.el9_0.x86_64.rpm       5.4 MB/s |  94 kB     00:00    
Test OLM installation	UNKNOWN STEP	2025-06-05T15:14:30.0319454Z #14 2.826 (71/84): copy-jdk-configs-4.0-3.el9.noarch.rpm  2.3 MB/s |  29 kB     00:00    
Test OLM installation	UNKNOWN STEP	2025-06-05T15:14:30.0319870Z #14 2.827 (72/84): zlib-1.2.11-40.el9.x86_64.rpm          5.3 MB/s |  93 kB     00:00    
Test OLM installation	UNKNOWN STEP	2025-06-05T15:14:30.0320284Z #14 2.838 (73/84): lua-5.4.4-4.el9.x86_64.rpm              11 MB/s | 192 kB     00:00    
Test OLM installation	UNKNOWN STEP	2025-06-05T15:14:30.0320685Z #14 2.840 (74/84): lua-posix-35.0-8.el9.x86_64.rpm         11 MB/s | 155 kB     00:00    
Test OLM installation	UNKNOWN STEP	2025-06-05T15:14:30.0321103Z #14 2.846 (75/84): alsa-lib-1.2.13-2.el9.x86_64.rpm        28 MB/s | 530 kB     00:00    
Test OLM installation	UNKNOWN STEP	2025-06-05T15:14:30.2577264Z #14 2.852 (76/84): javapackages-filesystem-6.4.0-1.el9.no 1.4 MB/s |  17 kB     00:00    
Test OLM installation	UNKNOWN STEP	2025-06-05T15:14:30.2578180Z #14 2.869 (77/84): nspr-4.35.0-17.el9_2.x86_64.rpm        5.9 MB/s | 137 kB     00:00    
Test OLM installation	UNKNOWN STEP	2025-06-05T15:14:30.2578915Z #14 2.881 (78/84): nss-3.101.0-10.el9_2.x86_64.rpm         25 MB/s | 720 kB     00:00    
Test OLM installation	UNKNOWN STEP	2025-06-05T15:14:30.3832566Z #14 2.889 (79/84): nss-softokn-3.101.0-10.el9_2.x86_64.rp  21 MB/s | 393 kB     00:00    
Test OLM installation	UNKNOWN STEP	2025-06-05T15:14:30.3833386Z #14 2.897 (80/84): nss-softokn-freebl-3.101.0-10.el9_2.x8  19 MB/s | 313 kB     00:00    
Test OLM installation	UNKNOWN STEP	2025-06-05T15:14:30.3833857Z #14 2.903 (81/84): nss-sysinit-3.101.0-10.el9_2.x86_64.rp 1.4 MB/s |  21 kB     00:00    
Test OLM installation	UNKNOWN STEP	2025-06-05T15:14:30.3834363Z #14 2.910 (82/84): nss-util-3.101.0-10.el9_2.x86_64.rpm   7.2 MB/s |  92 kB     00:00    
Test OLM installation	UNKNOWN STEP	2025-06-05T15:14:30.3834832Z #14 2.922 (83/84): tzdata-java-2025b-1.el9.noarch.rpm      12 MB/s | 228 kB     00:00    
Test OLM installation	UNKNOWN STEP	2025-06-05T15:14:30.3835486Z #14 3.198 (84/84): java-21-openjdk-headless-21.0.7.0.6-1. 137 MB/s |  49 MB     00:00    
Test OLM installation	UNKNOWN STEP	2025-06-05T15:14:30.6186395Z #14 3.202 --------------------------------------------------------------------------------
Test OLM installation	UNKNOWN STEP	2025-06-05T15:14:30.6187091Z #14 3.202 Total                                            92 MB/s |  89 MB     00:00     
Test OLM installation	UNKNOWN STEP	2025-06-05T15:14:30.6187617Z #14 3.213 Red Hat Universal Base Image 9 (RPMs) - BaseOS  3.5 MB/s | 3.6 kB     00:00    
Test OLM installation	UNKNOWN STEP	2025-06-05T15:14:30.6188004Z #14 3.279 Importing GPG key 0xFD431D51:
Test OLM installation	UNKNOWN STEP	2025-06-05T15:14:30.6188385Z #14 3.279  Userid     : "Red Hat, Inc. (release key 2) <security@redhat.com>"
Test OLM installation	UNKNOWN STEP	2025-06-05T15:14:30.6188822Z #14 3.279  Fingerprint: 567E 347A D004 4ADE 55BA 8A5F 199E 2F91 FD43 1D51
Test OLM installation	UNKNOWN STEP	2025-06-05T15:14:30.6189263Z #14 3.279  From       : /etc/pki/rpm-gpg/RPM-GPG-KEY-redhat-release
Test OLM installation	UNKNOWN STEP	2025-06-05T15:14:30.6189613Z #14 3.282 Key imported successfully
Test OLM installation	UNKNOWN STEP	2025-06-05T15:14:30.6190342Z #14 3.282 Importing GPG key 0x5A6340B3:
Test OLM installation	UNKNOWN STEP	2025-06-05T15:14:30.6190692Z #14 3.282  Userid     : "Red Hat, Inc. (auxiliary key 3) <security@redhat.com>"
Test OLM installation	UNKNOWN STEP	2025-06-05T15:14:30.6191116Z #14 3.282  Fingerprint: 7E46 2425 8C40 6535 D56D 6F13 5054 E4A4 5A63 40B3
Test OLM installation	UNKNOWN STEP	2025-06-05T15:14:30.6191523Z #14 3.282  From       : /etc/pki/rpm-gpg/RPM-GPG-KEY-redhat-release
Test OLM installation	UNKNOWN STEP	2025-06-05T15:14:30.6191845Z #14 3.283 Key imported successfully
Test OLM installation	UNKNOWN STEP	2025-06-05T15:14:31.6757885Z #14 4.490 Running transaction check
Test OLM installation	UNKNOWN STEP	2025-06-05T15:14:31.9104616Z #14 4.575 Transaction check succeeded.
Test OLM installation	UNKNOWN STEP	2025-06-05T15:14:31.9105461Z #14 4.575 Running transaction test
Test OLM installation	UNKNOWN STEP	2025-06-05T15:14:32.7258479Z #14 5.540 Transaction test succeeded.
Test OLM installation	UNKNOWN STEP	2025-06-05T15:14:32.8768388Z #14 5.541 Running transaction
Test OLM installation	UNKNOWN STEP	2025-06-05T15:14:33.6182927Z #14 6.268   Running scriptlet: filesystem-3.16-5.el9.x86_64                           1/1 
Test OLM installation	UNKNOWN STEP	2025-06-05T15:14:33.6184028Z #14 6.282   Running scriptlet: copy-jdk-configs-4.0-3.el9.noarch                      1/1 
Test OLM installation	UNKNOWN STEP	2025-06-05T15:14:34.0244010Z #14 6.282   Running scriptlet: java-21-openjdk-headless-1:21.0.7.0.6-1.el9.x86_64     1/1 
Test OLM installation	UNKNOWN STEP	2025-06-05T15:14:34.1901898Z #14 6.839   Preparing        :                                                        1/1 
Test OLM installation	UNKNOWN STEP	2025-06-05T15:14:34.1903363Z #14 6.850   Installing       : libgcc-11.5.0-5.el9_5.x86_64                          1/84 
Test OLM installation	UNKNOWN STEP	2025-06-05T15:14:34.2925593Z #14 6.854   Running scriptlet: libgcc-11.5.0-5.el9_5.x86_64                          1/84 
Test OLM installation	UNKNOWN STEP	2025-06-05T15:14:34.4366290Z #14 7.107   Installing       : tzdata-2025b-1.el9.noarch                             2/84 
Test OLM installation	UNKNOWN STEP	2025-06-05T15:14:34.4367742Z #14 7.170   Installing       : tzdata-java-2025b-1.el9.noarch                        3/84 
Test OLM installation	UNKNOWN STEP	2025-06-05T15:14:34.4369362Z #14 7.177   Installing       : javapackages-filesystem-6.4.0-1.el9.noarch            4/84 
Test OLM installation	UNKNOWN STEP	2025-06-05T15:14:34.4370168Z #14 7.185   Installing       : redhat-release-9.6-0.1.el9.x86_64                     5/84 
Test OLM installation	UNKNOWN STEP	2025-06-05T15:14:34.4370911Z #14 7.194   Installing       : setup-2.13.7-10.el9.noarch                            6/84 
Test OLM installation	UNKNOWN STEP	2025-06-05T15:14:34.4371681Z #14 7.196   Running scriptlet: setup-2.13.7-10.el9.noarch                            6/84 
Test OLM installation	UNKNOWN STEP	2025-06-05T15:14:34.6253684Z #14 7.251   Installing       : filesystem-3.16-5.el9.x86_64                          7/84 
Test OLM installation	UNKNOWN STEP	2025-06-05T15:14:34.6256103Z #14 7.310   Installing       : basesystem-11-13.el9.noarch                           8/84 
Test OLM installation	UNKNOWN STEP	2025-06-05T15:14:34.6257047Z #14 7.314   Installing       : python3-setuptools-wheel-53.0.0-13.el9.noarch         9/84 
Test OLM installation	UNKNOWN STEP	2025-06-05T15:14:34.6257849Z #14 7.316   Installing       : pcre2-syntax-10.40-6.el9.noarch                      10/84 
Test OLM installation	UNKNOWN STEP	2025-06-05T15:14:34.6258640Z #14 7.340   Installing       : ncurses-base-6.2-10.20210508.el9.noarch              11/84 
Test OLM installation	UNKNOWN STEP	2025-06-05T15:14:34.8484580Z #14 7.440   Installing       : glibc-langpack-en-2.34-168.el9_6.14.x86_64           12/84 
Test OLM installation	UNKNOWN STEP	2025-06-05T15:14:34.8486083Z #14 7.459   Installing       : glibc-common-2.34-168.el9_6.14.x86_64                13/84 
Test OLM installation	UNKNOWN STEP	2025-06-05T15:14:34.8487423Z #14 7.463   Running scriptlet: glibc-2.34-168.el9_6.14.x86_64                       14/84 
Test OLM installation	UNKNOWN STEP	2025-06-05T15:14:34.8488604Z #14 7.507   Installing       : glibc-2.34-168.el9_6.14.x86_64                       14/84 
Test OLM installation	UNKNOWN STEP	2025-06-05T15:14:35.5712171Z #14 7.511   Running scriptlet: glibc-2.34-168.el9_6.14.x86_64                       14/84 
Test OLM installation	UNKNOWN STEP	2025-06-05T15:14:35.6802908Z #14 8.386   Installing       : ncurses-libs-6.2-10.20210508.el9.x86_64              15/84 
Test OLM installation	UNKNOWN STEP	2025-06-05T15:14:35.6804050Z #14 8.449   Installing       : bash-5.1.8-9.el9.x86_64                              16/84 
Test OLM installation	UNKNOWN STEP	2025-06-05T15:14:35.6807085Z #14 8.452   Running scriptlet: bash-5.1.8-9.el9.x86_64                              16/84 
Test OLM installation	UNKNOWN STEP	2025-06-05T15:14:35.7867517Z #14 8.495   Installing       : crypto-policies-20250128-1.git5269e22.el9.noarch     17/84 
Test OLM installation	UNKNOWN STEP	2025-06-05T15:14:35.7868476Z #14 8.499   Running scriptlet: crypto-policies-20250128-1.git5269e22.el9.noarch     17/84 
Test OLM installation	UNKNOWN STEP	2025-06-05T15:14:35.7869312Z #14 8.506   Installing       : nspr-4.35.0-17.el9_2.x86_64                          18/84 
Test OLM installation	UNKNOWN STEP	2025-06-05T15:14:35.7870380Z #14 8.512   Installing       : nss-util-3.101.0-10.el9_2.x86_64                     19/84 
Test OLM installation	UNKNOWN STEP	2025-06-05T15:14:35.7871094Z #14 8.516   Installing       : zlib-1.2.11-40.el9.x86_64                            20/84 
Test OLM installation	UNKNOWN STEP	2025-06-05T15:14:35.7871811Z #14 8.524   Installing       : readline-8.1-4.el9.x86_64                            21/84 
Test OLM installation	UNKNOWN STEP	2025-06-05T15:14:35.7872818Z #14 8.531   Installing       : libtasn1-4.16.0-9.el9.x86_64                         22/84 
Test OLM installation	UNKNOWN STEP	2025-06-05T15:14:35.7873565Z #14 8.540   Installing       : libxcrypt-4.4.18-3.el9.x86_64                        23/84 
Test OLM installation	UNKNOWN STEP	2025-06-05T15:14:35.7874773Z #14 8.559   Installing       : sqlite-libs-3.34.1-7.el9_3.x86_64                    24/84 
Test OLM installation	UNKNOWN STEP	2025-06-05T15:14:35.7875825Z #14 8.565   Installing       : alternatives-1.24-2.el9.x86_64                       25/84 
Test OLM installation	UNKNOWN STEP	2025-06-05T15:14:35.7876577Z #14 8.575   Installing       : gmp-1:6.2.0-13.el9.x86_64                            26/84 
Test OLM installation	UNKNOWN STEP	2025-06-05T15:14:35.7877301Z #14 8.579   Installing       : libattr-2.5.1-3.el9.x86_64                           27/84 
Test OLM installation	UNKNOWN STEP	2025-06-05T15:14:35.7878066Z #14 8.586   Installing       : libacl-2.3.1-4.el9.x86_64                            28/84 
Test OLM installation	UNKNOWN STEP	2025-06-05T15:14:35.7878806Z #14 8.594   Installing       : libcap-2.48-9.el9_2.x86_64                           29/84 
Test OLM installation	UNKNOWN STEP	2025-06-05T15:14:35.9731453Z #14 8.601   Installing       : libffi-3.4.2-8.el9.x86_64                            30/84 
Test OLM installation	UNKNOWN STEP	2025-06-05T15:14:35.9732249Z #14 8.621   Installing       : p11-kit-0.25.3-3.el9_5.x86_64                        31/84 
Test OLM installation	UNKNOWN STEP	2025-06-05T15:14:35.9733007Z #14 8.636   Installing       : p11-kit-trust-0.25.3-3.el9_5.x86_64                  32/84 
Test OLM installation	UNKNOWN STEP	2025-06-05T15:14:36.1013598Z #14 8.637   Running scriptlet: p11-kit-trust-0.25.3-3.el9_5.x86_64                  32/84 
Test OLM installation	UNKNOWN STEP	2025-06-05T15:14:36.2033878Z #14 8.916   Installing       : libsigsegv-2.13-4.el9.x86_64                         33/84 
Test OLM installation	UNKNOWN STEP	2025-06-05T15:14:36.2034788Z #14 8.925   Installing       : libunistring-0.9.10-15.el9.x86_64                    34/84 
Test OLM installation	UNKNOWN STEP	2025-06-05T15:14:36.2035897Z #14 8.928   Installing       : lua-libs-5.4.4-4.el9.x86_64                          35/84 
Test OLM installation	UNKNOWN STEP	2025-06-05T15:14:36.2036687Z #14 8.932   Installing       : xz-libs-5.2.5-8.el9_0.x86_64                         36/84 
Test OLM installation	UNKNOWN STEP	2025-06-05T15:14:36.2037432Z #14 8.936   Installing       : lua-5.4.4-4.el9.x86_64                               37/84 
Test OLM installation	UNKNOWN STEP	2025-06-05T15:14:36.2038187Z #14 8.950   Installing       : lua-posix-35.0-8.el9.x86_64                          38/84 
Test OLM installation	UNKNOWN STEP	2025-06-05T15:14:36.2038941Z #14 8.955   Installing       : libidn2-2.3.0-7.el9.x86_64                           39/84 
Test OLM installation	UNKNOWN STEP	2025-06-05T15:14:36.2039686Z #14 8.961   Installing       : mpfr-4.1.0-7.el9.x86_64                              40/84 
Test OLM installation	UNKNOWN STEP	2025-06-05T15:14:36.2040408Z #14 8.975   Installing       : gawk-5.1.0-6.el9.x86_64                              41/84 
Test OLM installation	UNKNOWN STEP	2025-06-05T15:14:36.2041170Z #14 8.982   Installing       : nss-softokn-freebl-3.101.0-10.el9_2.x86_64           42/84 
Test OLM installation	UNKNOWN STEP	2025-06-05T15:14:36.2041955Z #14 8.991   Installing       : nss-softokn-3.101.0-10.el9_2.x86_64                  43/84 
Test OLM installation	UNKNOWN STEP	2025-06-05T15:14:36.2042731Z #14 8.996   Installing       : lksctp-tools-1.0.19-3.el9_4.x86_64                   44/84 
Test OLM installation	UNKNOWN STEP	2025-06-05T15:14:36.2043227Z #14 8.999   Installing       : bzip2-libs-1.0.8-10.el9_5.x86_64                     45/84 
Test OLM installation	UNKNOWN STEP	2025-06-05T15:14:36.2043658Z #14 9.003   Installing       : expat-2.5.0-5.el9_6.x86_64                           46/84 
Test OLM installation	UNKNOWN STEP	2025-06-05T15:14:36.2044088Z #14 9.007   Installing       : gdbm-libs-1:1.23-1.el9.x86_64                        47/84 
Test OLM installation	UNKNOWN STEP	2025-06-05T15:14:36.2044525Z #14 9.010   Installing       : keyutils-libs-1.6.3-1.el9.x86_64                     48/84 
Test OLM installation	UNKNOWN STEP	2025-06-05T15:14:36.2045426Z #14 9.013   Installing       : libcom_err-1.46.5-7.el9.x86_64                       49/84 
Test OLM installation	UNKNOWN STEP	2025-06-05T15:14:36.4494888Z #14 9.018   Installing       : libgpg-error-1.42-5.el9.x86_64                       50/84 
Test OLM installation	UNKNOWN STEP	2025-06-05T15:14:36.4496106Z #14 9.026   Installing       : libgcrypt-1.10.0-11.el9.x86_64                       51/84 
Test OLM installation	UNKNOWN STEP	2025-06-05T15:14:36.4497203Z #14 9.031   Installing       : libsepol-3.6-2.el9.x86_64                            52/84 
Test OLM installation	UNKNOWN STEP	2025-06-05T15:14:36.4497818Z #14 9.034   Installing       : libuuid-2.37.4-21.el9.x86_64                         53/84 
Test OLM installation	UNKNOWN STEP	2025-06-05T15:14:36.4498438Z #14 9.037   Installing       : libverto-0.3.2-3.el9.x86_64                          54/84 
Test OLM installation	UNKNOWN STEP	2025-06-05T15:14:36.4499042Z #14 9.042   Installing       : libzstd-1.5.5-1.el9.x86_64                           55/84 
Test OLM installation	UNKNOWN STEP	2025-06-05T15:14:36.4499656Z #14 9.045   Installing       : lz4-libs-1.9.3-5.el9.x86_64                          56/84 
Test OLM installation	UNKNOWN STEP	2025-06-05T15:14:36.4500493Z #14 9.053   Installing       : nettle-3.10.1-1.el9.x86_64                           57/84 
Test OLM installation	UNKNOWN STEP	2025-06-05T15:14:36.4501110Z #14 9.065   Installing       : gnutls-3.8.3-6.el9.x86_64                            58/84 
Test OLM installation	UNKNOWN STEP	2025-06-05T15:14:36.4501723Z #14 9.070   Installing       : pcre-8.44-4.el9.x86_64                               59/84 
Test OLM installation	UNKNOWN STEP	2025-06-05T15:14:36.4502325Z #14 9.076   Installing       : grep-3.6-5.el9.x86_64                                60/84 
Test OLM installation	UNKNOWN STEP	2025-06-05T15:14:36.4502938Z #14 9.082   Installing       : pcre2-10.40-6.el9.x86_64                             61/84 
Test OLM installation	UNKNOWN STEP	2025-06-05T15:14:36.4503558Z #14 9.085   Installing       : libselinux-3.6-3.el9.x86_64                          62/84 
Test OLM installation	UNKNOWN STEP	2025-06-05T15:14:36.4504209Z #14 9.106   Installing       : coreutils-single-8.32-39.el9.x86_64                  63/84 
Test OLM installation	UNKNOWN STEP	2025-06-05T15:14:36.4504831Z #14 9.111   Installing       : sed-4.8-9.el9.x86_64                                 64/84 
Test OLM installation	UNKNOWN STEP	2025-06-05T15:14:36.5526335Z #14 9.114   Running scriptlet: ca-certificates-2024.2.69_v8.0.303-91.4.el9_4.noar   65/84 
Test OLM installation	UNKNOWN STEP	2025-06-05T15:14:36.7068854Z #14 9.367   Installing       : ca-certificates-2024.2.69_v8.0.303-91.4.el9_4.noar   65/84 
Test OLM installation	UNKNOWN STEP	2025-06-05T15:14:37.6550901Z #14 9.371   Running scriptlet: ca-certificates-2024.2.69_v8.0.303-91.4.el9_4.noar   65/84 
Test OLM installation	UNKNOWN STEP	2025-06-05T15:14:37.8678122Z #14 10.47   Installing       : python3-pip-wheel-21.3.1-1.el9.noarch                66/84 
Test OLM installation	UNKNOWN STEP	2025-06-05T15:14:37.8679144Z #14 10.48   Installing       : openssl-fips-provider-so-3.0.7-6.el9_5.x86_64        67/84 
Test OLM installation	UNKNOWN STEP	2025-06-05T15:14:37.8679845Z #14 10.48   Installing       : openssl-fips-provider-3.0.7-6.el9_5.x86_64           68/84 
Test OLM installation	UNKNOWN STEP	2025-06-05T15:14:37.8680498Z #14 10.50   Installing       : openssl-libs-1:3.2.2-6.el9_5.1.x86_64                69/84 
Test OLM installation	UNKNOWN STEP	2025-06-05T15:14:37.8681109Z #14 10.52   Installing       : krb5-libs-1.21.1-6.el9.x86_64                        70/84 
Test OLM installation	UNKNOWN STEP	2025-06-05T15:14:37.8681720Z #14 10.53   Installing       : libevent-2.1.12-8.el9_4.x86_64                       71/84 
Test OLM installation	UNKNOWN STEP	2025-06-05T15:14:38.0671471Z #14 10.53   Installing       : python3-3.9.21-2.el9.x86_64                          72/84 
Test OLM installation	UNKNOWN STEP	2025-06-05T15:14:38.2544590Z #14 10.88   Installing       : python3-libs-3.9.21-2.el9.x86_64                     73/84 
Test OLM installation	UNKNOWN STEP	2025-06-05T15:14:38.2545490Z #14 10.90   Installing       : crypto-policies-scripts-20250128-1.git5269e22.el9.   74/84 
Test OLM installation	UNKNOWN STEP	2025-06-05T15:14:38.2546125Z #14 10.91   Installing       : nss-sysinit-3.101.0-10.el9_2.x86_64                  75/84 
Test OLM installation	UNKNOWN STEP	2025-06-05T15:14:38.2546635Z #14 10.92   Installing       : nss-3.101.0-10.el9_2.x86_64                          76/84 
Test OLM installation	UNKNOWN STEP	2025-06-05T15:14:38.3558408Z #14 10.92   Running scriptlet: nss-3.101.0-10.el9_2.x86_64                          76/84 
Test OLM installation	UNKNOWN STEP	2025-06-05T15:14:38.5090717Z #14 11.17   Installing       : systemd-libs-252-51.el9.x86_64                       77/84 
Test OLM installation	UNKNOWN STEP	2025-06-05T15:14:38.6135615Z #14 11.17   Running scriptlet: systemd-libs-252-51.el9.x86_64                       77/84 
Test OLM installation	UNKNOWN STEP	2025-06-05T15:14:38.8010303Z #14 11.43   Installing       : dbus-libs-1:1.12.20-8.el9.x86_64                     78/84 
Test OLM installation	UNKNOWN STEP	2025-06-05T15:14:38.8011168Z #14 11.43   Installing       : avahi-libs-0.8-22.el9_6.x86_64                       79/84 
Test OLM installation	UNKNOWN STEP	2025-06-05T15:14:38.8011939Z #14 11.44   Installing       : cups-libs-1:2.3.3op2-33.el9.x86_64                   80/84 
Test OLM installation	UNKNOWN STEP	2025-06-05T15:14:38.8012735Z #14 11.45   Installing       : findutils-1:4.8.0-7.el9.x86_64                       81/84 
Test OLM installation	UNKNOWN STEP	2025-06-05T15:14:38.8013802Z #14 11.45   Installing       : copy-jdk-configs-4.0-3.el9.noarch                    82/84 
Test OLM installation	UNKNOWN STEP	2025-06-05T15:14:41.3613418Z #14 11.47   Installing       : alsa-lib-1.2.13-2.el9.x86_64                         83/84 
Test OLM installation	UNKNOWN STEP	2025-06-05T15:14:41.5185702Z #14 14.18   Installing       : java-21-openjdk-headless-1:21.0.7.0.6-1.el9.x86_64   84/84 
Test OLM installation	UNKNOWN STEP	2025-06-05T15:14:41.6344825Z #14 14.18   Running scriptlet: java-21-openjdk-headless-1:21.0.7.0.6-1.el9.x86_64   84/84 
Test OLM installation	UNKNOWN STEP	2025-06-05T15:14:41.8824301Z #14 14.45   Running scriptlet: filesystem-3.16-5.el9.x86_64                         84/84 
Test OLM installation	UNKNOWN STEP	2025-06-05T15:14:42.9796482Z #14 14.70   Running scriptlet: ca-certificates-2024.2.69_v8.0.303-91.4.el9_4.noar   84/84 
Test OLM installation	UNKNOWN STEP	2025-06-05T15:14:43.5655656Z #14 15.79   Running scriptlet: crypto-policies-scripts-20250128-1.git5269e22.el9.   84/84 
Test OLM installation	UNKNOWN STEP	2025-06-05T15:14:44.1596763Z #14 16.38   Running scriptlet: nss-3.101.0-10.el9_2.x86_64                          84/84 
Test OLM installation	UNKNOWN STEP	2025-06-05T15:14:44.4056111Z #14 16.97   Running scriptlet: copy-jdk-configs-4.0-3.el9.noarch                    84/84 
Test OLM installation	UNKNOWN STEP	2025-06-05T15:14:44.9734400Z #14 17.22   Running scriptlet: java-21-openjdk-headless-1:21.0.7.0.6-1.el9.x86_64   84/84 
Test OLM installation	UNKNOWN STEP	2025-06-05T15:14:45.1641203Z #14 17.79   Verifying        : alternatives-1.24-2.el9.x86_64                        1/84 
Test OLM installation	UNKNOWN STEP	2025-06-05T15:14:45.1642193Z #14 17.79   Verifying        : avahi-libs-0.8-22.el9_6.x86_64                        2/84 
Test OLM installation	UNKNOWN STEP	2025-06-05T15:14:45.1643257Z #14 17.79   Verifying        : basesystem-11-13.el9.noarch                           3/84 
Test OLM installation	UNKNOWN STEP	2025-06-05T15:14:45.1644155Z #14 17.79   Verifying        : bash-5.1.8-9.el9.x86_64                               4/84 
Test OLM installation	UNKNOWN STEP	2025-06-05T15:14:45.1645115Z #14 17.79   Verifying        : bzip2-libs-1.0.8-10.el9_5.x86_64                      5/84 
Test OLM installation	UNKNOWN STEP	2025-06-05T15:14:45.1646248Z #14 17.79   Verifying        : ca-certificates-2024.2.69_v8.0.303-91.4.el9_4.noar    6/84 
Test OLM installation	UNKNOWN STEP	2025-06-05T15:14:45.1647110Z #14 17.79   Verifying        : coreutils-single-8.32-39.el9.x86_64                   7/84 
Test OLM installation	UNKNOWN STEP	2025-06-05T15:14:45.1648004Z #14 17.79   Verifying        : crypto-policies-20250128-1.git5269e22.el9.noarch      8/84 
Test OLM installation	UNKNOWN STEP	2025-06-05T15:14:45.1648982Z #14 17.79   Verifying        : crypto-policies-scripts-20250128-1.git5269e22.el9.    9/84 
Test OLM installation	UNKNOWN STEP	2025-06-05T15:14:45.1649898Z #14 17.79   Verifying        : cups-libs-1:2.3.3op2-33.el9.x86_64                   10/84 
Test OLM installation	UNKNOWN STEP	2025-06-05T15:14:45.1650780Z #14 17.79   Verifying        : dbus-libs-1:1.12.20-8.el9.x86_64                     11/84 
Test OLM installation	UNKNOWN STEP	2025-06-05T15:14:45.1651681Z #14 17.79   Verifying        : expat-2.5.0-5.el9_6.x86_64                           12/84 
Test OLM installation	UNKNOWN STEP	2025-06-05T15:14:45.1652591Z #14 17.79   Verifying        : filesystem-3.16-5.el9.x86_64                         13/84 
Test OLM installation	UNKNOWN STEP	2025-06-05T15:14:45.1653347Z #14 17.79   Verifying        : findutils-1:4.8.0-7.el9.x86_64                       14/84 
Test OLM installation	UNKNOWN STEP	2025-06-05T15:14:45.1654162Z #14 17.79   Verifying        : gawk-5.1.0-6.el9.x86_64                              15/84 
Test OLM installation	UNKNOWN STEP	2025-06-05T15:14:45.1654894Z #14 17.79   Verifying        : gdbm-libs-1:1.23-1.el9.x86_64                        16/84 
Test OLM installation	UNKNOWN STEP	2025-06-05T15:14:45.1655926Z #14 17.79   Verifying        : glibc-2.34-168.el9_6.14.x86_64                       17/84 
Test OLM installation	UNKNOWN STEP	2025-06-05T15:14:45.1656674Z #14 17.79   Verifying        : glibc-common-2.34-168.el9_6.14.x86_64                18/84 
Test OLM installation	UNKNOWN STEP	2025-06-05T15:14:45.1657457Z #14 17.79   Verifying        : glibc-langpack-en-2.34-168.el9_6.14.x86_64           19/84 
Test OLM installation	UNKNOWN STEP	2025-06-05T15:14:45.1658202Z #14 17.79   Verifying        : gmp-1:6.2.0-13.el9.x86_64                            20/84 
Test OLM installation	UNKNOWN STEP	2025-06-05T15:14:45.1658934Z #14 17.79   Verifying        : gnutls-3.8.3-6.el9.x86_64                            21/84 
Test OLM installation	UNKNOWN STEP	2025-06-05T15:14:45.1659668Z #14 17.79   Verifying        : grep-3.6-5.el9.x86_64                                22/84 
Test OLM installation	UNKNOWN STEP	2025-06-05T15:14:45.1660417Z #14 17.79   Verifying        : keyutils-libs-1.6.3-1.el9.x86_64                     23/84 
Test OLM installation	UNKNOWN STEP	2025-06-05T15:14:45.1661181Z #14 17.79   Verifying        : krb5-libs-1.21.1-6.el9.x86_64                        24/84 
Test OLM installation	UNKNOWN STEP	2025-06-05T15:14:45.1662409Z #14 17.79   Verifying        : libacl-2.3.1-4.el9.x86_64                            25/84 
Test OLM installation	UNKNOWN STEP	2025-06-05T15:14:45.1663140Z #14 17.79   Verifying        : libattr-2.5.1-3.el9.x86_64                           26/84 
Test OLM installation	UNKNOWN STEP	2025-06-05T15:14:45.1663864Z #14 17.79   Verifying        : libcap-2.48-9.el9_2.x86_64                           27/84 
Test OLM installation	UNKNOWN STEP	2025-06-05T15:14:45.1664609Z #14 17.79   Verifying        : libcom_err-1.46.5-7.el9.x86_64                       28/84 
Test OLM installation	UNKNOWN STEP	2025-06-05T15:14:45.1665502Z #14 17.79   Verifying        : libevent-2.1.12-8.el9_4.x86_64                       29/84 
Test OLM installation	UNKNOWN STEP	2025-06-05T15:14:45.1666476Z #14 17.79   Verifying        : libffi-3.4.2-8.el9.x86_64                            30/84 
Test OLM installation	UNKNOWN STEP	2025-06-05T15:14:45.1667242Z #14 17.79   Verifying        : libgcc-11.5.0-5.el9_5.x86_64                         31/84 
Test OLM installation	UNKNOWN STEP	2025-06-05T15:14:45.1668001Z #14 17.79   Verifying        : libgcrypt-1.10.0-11.el9.x86_64                       32/84 
Test OLM installation	UNKNOWN STEP	2025-06-05T15:14:45.1668769Z #14 17.79   Verifying        : libgpg-error-1.42-5.el9.x86_64                       33/84 
Test OLM installation	UNKNOWN STEP	2025-06-05T15:14:45.1669547Z #14 17.79   Verifying        : libidn2-2.3.0-7.el9.x86_64                           34/84 
Test OLM installation	UNKNOWN STEP	2025-06-05T15:14:45.1670335Z #14 17.79   Verifying        : libselinux-3.6-3.el9.x86_64                          35/84 
Test OLM installation	UNKNOWN STEP	2025-06-05T15:14:45.1671119Z #14 17.79   Verifying        : libsepol-3.6-2.el9.x86_64                            36/84 
Test OLM installation	UNKNOWN STEP	2025-06-05T15:14:45.1671888Z #14 17.79   Verifying        : libsigsegv-2.13-4.el9.x86_64                         37/84 
Test OLM installation	UNKNOWN STEP	2025-06-05T15:14:45.1672668Z #14 17.79   Verifying        : libtasn1-4.16.0-9.el9.x86_64                         38/84 
Test OLM installation	UNKNOWN STEP	2025-06-05T15:14:45.1673449Z #14 17.79   Verifying        : libunistring-0.9.10-15.el9.x86_64                    39/84 
Test OLM installation	UNKNOWN STEP	2025-06-05T15:14:45.1674226Z #14 17.79   Verifying        : libuuid-2.37.4-21.el9.x86_64                         40/84 
Test OLM installation	UNKNOWN STEP	2025-06-05T15:14:45.1674971Z #14 17.79   Verifying        : libverto-0.3.2-3.el9.x86_64                          41/84 
Test OLM installation	UNKNOWN STEP	2025-06-05T15:14:45.1675967Z #14 17.79   Verifying        : libxcrypt-4.4.18-3.el9.x86_64                        42/84 
Test OLM installation	UNKNOWN STEP	2025-06-05T15:14:45.1676753Z #14 17.79   Verifying        : libzstd-1.5.5-1.el9.x86_64                           43/84 
Test OLM installation	UNKNOWN STEP	2025-06-05T15:14:45.1677509Z #14 17.79   Verifying        : lksctp-tools-1.0.19-3.el9_4.x86_64                   44/84 
Test OLM installation	UNKNOWN STEP	2025-06-05T15:14:45.1678257Z #14 17.79   Verifying        : lua-libs-5.4.4-4.el9.x86_64                          45/84 
Test OLM installation	UNKNOWN STEP	2025-06-05T15:14:45.1679000Z #14 17.79   Verifying        : lz4-libs-1.9.3-5.el9.x86_64                          46/84 
Test OLM installation	UNKNOWN STEP	2025-06-05T15:14:45.1679789Z #14 17.79   Verifying        : mpfr-4.1.0-7.el9.x86_64                              47/84 
Test OLM installation	UNKNOWN STEP	2025-06-05T15:14:45.1680552Z #14 17.79   Verifying        : ncurses-base-6.2-10.20210508.el9.noarch              48/84 
Test OLM installation	UNKNOWN STEP	2025-06-05T15:14:45.1681329Z #14 17.79   Verifying        : ncurses-libs-6.2-10.20210508.el9.x86_64              49/84 
Test OLM installation	UNKNOWN STEP	2025-06-05T15:14:45.1682102Z #14 17.79   Verifying        : nettle-3.10.1-1.el9.x86_64                           50/84 
Test OLM installation	UNKNOWN STEP	2025-06-05T15:14:45.1682905Z #14 17.79   Verifying        : openssl-fips-provider-3.0.7-6.el9_5.x86_64           51/84 
Test OLM installation	UNKNOWN STEP	2025-06-05T15:14:45.1683736Z #14 17.79   Verifying        : openssl-fips-provider-so-3.0.7-6.el9_5.x86_64        52/84 
Test OLM installation	UNKNOWN STEP	2025-06-05T15:14:45.1684554Z #14 17.79   Verifying        : openssl-libs-1:3.2.2-6.el9_5.1.x86_64                53/84 
Test OLM installation	UNKNOWN STEP	2025-06-05T15:14:45.1685501Z #14 17.79   Verifying        : p11-kit-0.25.3-3.el9_5.x86_64                        54/84 
Test OLM installation	UNKNOWN STEP	2025-06-05T15:14:45.1686288Z #14 17.79   Verifying        : p11-kit-trust-0.25.3-3.el9_5.x86_64                  55/84 
Test OLM installation	UNKNOWN STEP	2025-06-05T15:14:45.1687035Z #14 17.79   Verifying        : pcre-8.44-4.el9.x86_64                               56/84 
Test OLM installation	UNKNOWN STEP	2025-06-05T15:14:45.1687732Z #14 17.79   Verifying        : pcre2-10.40-6.el9.x86_64                             57/84 
Test OLM installation	UNKNOWN STEP	2025-06-05T15:14:45.1688510Z #14 17.79   Verifying        : pcre2-syntax-10.40-6.el9.noarch                      58/84 
Test OLM installation	UNKNOWN STEP	2025-06-05T15:14:45.1689286Z #14 17.79   Verifying        : python3-3.9.21-2.el9.x86_64                          59/84 
Test OLM installation	UNKNOWN STEP	2025-06-05T15:14:45.1690325Z #14 17.79   Verifying        : python3-libs-3.9.21-2.el9.x86_64                     60/84 
Test OLM installation	UNKNOWN STEP	2025-06-05T15:14:45.1691168Z #14 17.79   Verifying        : python3-pip-wheel-21.3.1-1.el9.noarch                61/84 
Test OLM installation	UNKNOWN STEP	2025-06-05T15:14:45.1692046Z #14 17.79   Verifying        : python3-setuptools-wheel-53.0.0-13.el9.noarch        62/84 
Test OLM installation	UNKNOWN STEP	2025-06-05T15:14:45.1692880Z #14 17.79   Verifying        : readline-8.1-4.el9.x86_64                            63/84 
Test OLM installation	UNKNOWN STEP	2025-06-05T15:14:45.1693861Z #14 17.79   Verifying        : redhat-release-9.6-0.1.el9.x86_64                    64/84 
Test OLM installation	UNKNOWN STEP	2025-06-05T15:14:45.1694666Z #14 17.79   Verifying        : sed-4.8-9.el9.x86_64                                 65/84 
Test OLM installation	UNKNOWN STEP	2025-06-05T15:14:45.1695618Z #14 17.79   Verifying        : setup-2.13.7-10.el9.noarch                           66/84 
Test OLM installation	UNKNOWN STEP	2025-06-05T15:14:45.1696394Z #14 17.79   Verifying        : sqlite-libs-3.34.1-7.el9_3.x86_64                    67/84 
Test OLM installation	UNKNOWN STEP	2025-06-05T15:14:45.1697214Z #14 17.79   Verifying        : systemd-libs-252-51.el9.x86_64                       68/84 
Test OLM installation	UNKNOWN STEP	2025-06-05T15:14:45.1697973Z #14 17.79   Verifying        : tzdata-2025b-1.el9.noarch                            69/84 
Test OLM installation	UNKNOWN STEP	2025-06-05T15:14:45.1698739Z #14 17.79   Verifying        : xz-libs-5.2.5-8.el9_0.x86_64                         70/84 
Test OLM installation	UNKNOWN STEP	2025-06-05T15:14:45.1699502Z #14 17.79   Verifying        : zlib-1.2.11-40.el9.x86_64                            71/84 
Test OLM installation	UNKNOWN STEP	2025-06-05T15:14:45.1700294Z #14 17.79   Verifying        : copy-jdk-configs-4.0-3.el9.noarch                    72/84 
Test OLM installation	UNKNOWN STEP	2025-06-05T15:14:45.1701086Z #14 17.79   Verifying        : lua-5.4.4-4.el9.x86_64                               73/84 
Test OLM installation	UNKNOWN STEP	2025-06-05T15:14:45.1701861Z #14 17.79   Verifying        : lua-posix-35.0-8.el9.x86_64                          74/84 
Test OLM installation	UNKNOWN STEP	2025-06-05T15:14:45.1702647Z #14 17.79   Verifying        : alsa-lib-1.2.13-2.el9.x86_64                         75/84 
Test OLM installation	UNKNOWN STEP	2025-06-05T15:14:45.1703424Z #14 17.79   Verifying        : java-21-openjdk-headless-1:21.0.7.0.6-1.el9.x86_64   76/84 
Test OLM installation	UNKNOWN STEP	2025-06-05T15:14:45.1704277Z #14 17.79   Verifying        : javapackages-filesystem-6.4.0-1.el9.noarch           77/84 
Test OLM installation	UNKNOWN STEP	2025-06-05T15:14:45.1705083Z #14 17.79   Verifying        : nspr-4.35.0-17.el9_2.x86_64                          78/84 
Test OLM installation	UNKNOWN STEP	2025-06-05T15:14:45.1706178Z #14 17.79   Verifying        : nss-3.101.0-10.el9_2.x86_64                          79/84 
Test OLM installation	UNKNOWN STEP	2025-06-05T15:14:45.1706976Z #14 17.79   Verifying        : nss-softokn-3.101.0-10.el9_2.x86_64                  80/84 
Test OLM installation	UNKNOWN STEP	2025-06-05T15:14:45.1707793Z #14 17.79   Verifying        : nss-softokn-freebl-3.101.0-10.el9_2.x86_64           81/84 
Test OLM installation	UNKNOWN STEP	2025-06-05T15:14:45.1708611Z #14 17.79   Verifying        : nss-sysinit-3.101.0-10.el9_2.x86_64                  82/84 
Test OLM installation	UNKNOWN STEP	2025-06-05T15:14:45.1709398Z #14 17.79   Verifying        : nss-util-3.101.0-10.el9_2.x86_64                     83/84 
Test OLM installation	UNKNOWN STEP	2025-06-05T15:14:45.1710209Z #14 17.79   Verifying        : tzdata-java-2025b-1.el9.noarch                       84/84 
Test OLM installation	UNKNOWN STEP	2025-06-05T15:14:45.1710886Z #14 17.86 Installed products updated.
Test OLM installation	UNKNOWN STEP	2025-06-05T15:14:45.1711303Z #14 17.87 
Test OLM installation	UNKNOWN STEP	2025-06-05T15:14:45.1711594Z #14 17.87 Installed:
Test OLM installation	UNKNOWN STEP	2025-06-05T15:14:45.1712091Z #14 17.87   alsa-lib-1.2.13-2.el9.x86_64                                                  
Test OLM installation	UNKNOWN STEP	2025-06-05T15:14:45.1712854Z #14 17.87   alternatives-1.24-2.el9.x86_64                                                
Test OLM installation	UNKNOWN STEP	2025-06-05T15:14:45.1713601Z #14 17.87   avahi-libs-0.8-22.el9_6.x86_64                                                
Test OLM installation	UNKNOWN STEP	2025-06-05T15:14:45.1714366Z #14 17.87   basesystem-11-13.el9.noarch                                                   
Test OLM installation	UNKNOWN STEP	2025-06-05T15:14:45.1715123Z #14 17.87   bash-5.1.8-9.el9.x86_64                                                       
Test OLM installation	UNKNOWN STEP	2025-06-05T15:14:45.1716058Z #14 17.87   bzip2-libs-1.0.8-10.el9_5.x86_64                                              
Test OLM installation	UNKNOWN STEP	2025-06-05T15:14:45.1716884Z #14 17.87   ca-certificates-2024.2.69_v8.0.303-91.4.el9_4.noarch                          
Test OLM installation	UNKNOWN STEP	2025-06-05T15:14:45.1717967Z #14 17.87   copy-jdk-configs-4.0-3.el9.noarch                                             
Test OLM installation	UNKNOWN STEP	2025-06-05T15:14:45.1718819Z #14 17.87   coreutils-single-8.32-39.el9.x86_64                                           
Test OLM installation	UNKNOWN STEP	2025-06-05T15:14:45.1719702Z #14 17.87   crypto-policies-20250128-1.git5269e22.el9.noarch                              
Test OLM installation	UNKNOWN STEP	2025-06-05T15:14:45.1720654Z #14 17.87   crypto-policies-scripts-20250128-1.git5269e22.el9.noarch                      
Test OLM installation	UNKNOWN STEP	2025-06-05T15:14:45.1721523Z #14 17.87   cups-libs-1:2.3.3op2-33.el9.x86_64                                            
Test OLM installation	UNKNOWN STEP	2025-06-05T15:14:45.1722495Z #14 17.87   dbus-libs-1:1.12.20-8.el9.x86_64                                              
Test OLM installation	UNKNOWN STEP	2025-06-05T15:14:45.1723253Z #14 17.87   expat-2.5.0-5.el9_6.x86_64                                                    
Test OLM installation	UNKNOWN STEP	2025-06-05T15:14:45.1723969Z #14 17.87   filesystem-3.16-5.el9.x86_64                                                  
Test OLM installation	UNKNOWN STEP	2025-06-05T15:14:45.1724707Z #14 17.87   findutils-1:4.8.0-7.el9.x86_64                                                
Test OLM installation	UNKNOWN STEP	2025-06-05T15:14:45.1725591Z #14 17.87   gawk-5.1.0-6.el9.x86_64                                                       
Test OLM installation	UNKNOWN STEP	2025-06-05T15:14:45.1726292Z #14 17.87   gdbm-libs-1:1.23-1.el9.x86_64                                                 
Test OLM installation	UNKNOWN STEP	2025-06-05T15:14:45.1727025Z #14 17.87   glibc-2.34-168.el9_6.14.x86_64                                                
Test OLM installation	UNKNOWN STEP	2025-06-05T15:14:45.1727770Z #14 17.87   glibc-common-2.34-168.el9_6.14.x86_64                                         
Test OLM installation	UNKNOWN STEP	2025-06-05T15:14:45.1728560Z #14 17.87   glibc-langpack-en-2.34-168.el9_6.14.x86_64                                    
Test OLM installation	UNKNOWN STEP	2025-06-05T15:14:45.1729304Z #14 17.87   gmp-1:6.2.0-13.el9.x86_64                                                     
Test OLM installation	UNKNOWN STEP	2025-06-05T15:14:45.1729992Z #14 17.87   gnutls-3.8.3-6.el9.x86_64                                                     
Test OLM installation	UNKNOWN STEP	2025-06-05T15:14:45.1730664Z #14 17.87   grep-3.6-5.el9.x86_64                                                         
Test OLM installation	UNKNOWN STEP	2025-06-05T15:14:45.1731432Z #14 17.87   java-21-openjdk-headless-1:21.0.7.0.6-1.el9.x86_64                            
Test OLM installation	UNKNOWN STEP	2025-06-05T15:14:45.1732320Z #14 17.87   javapackages-filesystem-6.4.0-1.el9.noarch                                    
Test OLM installation	UNKNOWN STEP	2025-06-05T15:14:45.1733161Z #14 17.87   keyutils-libs-1.6.3-1.el9.x86_64                                              
Test OLM installation	UNKNOWN STEP	2025-06-05T15:14:45.1733887Z #14 17.87   krb5-libs-1.21.1-6.el9.x86_64                                                 
Test OLM installation	UNKNOWN STEP	2025-06-05T15:14:45.1734583Z #14 17.87   libacl-2.3.1-4.el9.x86_64                                                     
Test OLM installation	UNKNOWN STEP	2025-06-05T15:14:45.1735503Z #14 17.87   libattr-2.5.1-3.el9.x86_64                                                    
Test OLM installation	UNKNOWN STEP	2025-06-05T15:14:45.1736217Z #14 17.87   libcap-2.48-9.el9_2.x86_64                                                    
Test OLM installation	UNKNOWN STEP	2025-06-05T15:14:45.1736920Z #14 17.87   libcom_err-1.46.5-7.el9.x86_64                                                
Test OLM installation	UNKNOWN STEP	2025-06-05T15:14:45.1737640Z #14 17.87   libevent-2.1.12-8.el9_4.x86_64                                                
Test OLM installation	UNKNOWN STEP	2025-06-05T15:14:45.1738382Z #14 17.87   libffi-3.4.2-8.el9.x86_64                                                     
Test OLM installation	UNKNOWN STEP	2025-06-05T15:14:45.1739110Z #14 17.87   libgcc-11.5.0-5.el9_5.x86_64                                                  
Test OLM installation	UNKNOWN STEP	2025-06-05T15:14:45.1739848Z #14 17.87   libgcrypt-1.10.0-11.el9.x86_64                                                
Test OLM installation	UNKNOWN STEP	2025-06-05T15:14:45.1740616Z #14 17.87   libgpg-error-1.42-5.el9.x86_64                                                
Test OLM installation	UNKNOWN STEP	2025-06-05T15:14:45.1741369Z #14 17.87   libidn2-2.3.0-7.el9.x86_64                                                    
Test OLM installation	UNKNOWN STEP	2025-06-05T15:14:45.1742094Z #14 17.87   libselinux-3.6-3.el9.x86_64                                                   
Test OLM installation	UNKNOWN STEP	2025-06-05T15:14:45.1742804Z #14 17.87   libsepol-3.6-2.el9.x86_64                                                     
Test OLM installation	UNKNOWN STEP	2025-06-05T15:14:45.1743535Z #14 17.87   libsigsegv-2.13-4.el9.x86_64                                                  
Test OLM installation	UNKNOWN STEP	2025-06-05T15:14:45.1744641Z #14 17.87   libtasn1-4.16.0-9.el9.x86_64                                                  
Test OLM installation	UNKNOWN STEP	2025-06-05T15:14:45.1745611Z #14 17.87   libunistring-0.9.10-15.el9.x86_64                                             
Test OLM installation	UNKNOWN STEP	2025-06-05T15:14:45.1746379Z #14 17.87   libuuid-2.37.4-21.el9.x86_64                                                  
Test OLM installation	UNKNOWN STEP	2025-06-05T15:14:45.1747112Z #14 17.87   libverto-0.3.2-3.el9.x86_64                                                   
Test OLM installation	UNKNOWN STEP	2025-06-05T15:14:45.1747832Z #14 17.87   libxcrypt-4.4.18-3.el9.x86_64                                                 
Test OLM installation	UNKNOWN STEP	2025-06-05T15:14:45.1748734Z #14 17.87   libzstd-1.5.5-1.el9.x86_64                                                    
Test OLM installation	UNKNOWN STEP	2025-06-05T15:14:45.1749507Z #14 17.87   lksctp-tools-1.0.19-3.el9_4.x86_64                                            
Test OLM installation	UNKNOWN STEP	2025-06-05T15:14:45.1750250Z #14 17.87   lua-5.4.4-4.el9.x86_64                                                        
Test OLM installation	UNKNOWN STEP	2025-06-05T15:14:45.1750938Z #14 17.87   lua-libs-5.4.4-4.el9.x86_64                                                   
Test OLM installation	UNKNOWN STEP	2025-06-05T15:14:45.1751689Z #14 17.87   lua-posix-35.0-8.el9.x86_64                                                   
Test OLM installation	UNKNOWN STEP	2025-06-05T15:14:45.1752447Z #14 17.87   lz4-libs-1.9.3-5.el9.x86_64                                                   
Test OLM installation	UNKNOWN STEP	2025-06-05T15:14:45.1753145Z #14 17.87   mpfr-4.1.0-7.el9.x86_64                                                       
Test OLM installation	UNKNOWN STEP	2025-06-05T15:14:45.1753978Z #14 17.87   ncurses-base-6.2-10.20210508.el9.noarch                                       
Test OLM installation	UNKNOWN STEP	2025-06-05T15:14:45.1754823Z #14 17.87   ncurses-libs-6.2-10.20210508.el9.x86_64                                       
Test OLM installation	UNKNOWN STEP	2025-06-05T15:14:45.1755762Z #14 17.87   nettle-3.10.1-1.el9.x86_64                                                    
Test OLM installation	UNKNOWN STEP	2025-06-05T15:14:45.1756453Z #14 17.87   nspr-4.35.0-17.el9_2.x86_64                                                   
Test OLM installation	UNKNOWN STEP	2025-06-05T15:14:45.1757133Z #14 17.87   nss-3.101.0-10.el9_2.x86_64                                                   
Test OLM installation	UNKNOWN STEP	2025-06-05T15:14:45.1757874Z #14 17.87   nss-softokn-3.101.0-10.el9_2.x86_64                                           
Test OLM installation	UNKNOWN STEP	2025-06-05T15:14:45.1758702Z #14 17.87   nss-softokn-freebl-3.101.0-10.el9_2.x86_64                                    
Test OLM installation	UNKNOWN STEP	2025-06-05T15:14:45.1759508Z #14 17.87   nss-sysinit-3.101.0-10.el9_2.x86_64                                           
Test OLM installation	UNKNOWN STEP	2025-06-05T15:14:45.1760250Z #14 17.87   nss-util-3.101.0-10.el9_2.x86_64                                              
Test OLM installation	UNKNOWN STEP	2025-06-05T15:14:45.1761063Z #14 17.87   openssl-fips-provider-3.0.7-6.el9_5.x86_64                                    
Test OLM installation	UNKNOWN STEP	2025-06-05T15:14:45.1761937Z #14 17.87   openssl-fips-provider-so-3.0.7-6.el9_5.x86_64                                 
Test OLM installation	UNKNOWN STEP	2025-06-05T15:14:45.1762772Z #14 17.87   openssl-libs-1:3.2.2-6.el9_5.1.x86_64                                         
Test OLM installation	UNKNOWN STEP	2025-06-05T15:14:45.1763512Z #14 17.87   p11-kit-0.25.3-3.el9_5.x86_64                                                 
Test OLM installation	UNKNOWN STEP	2025-06-05T15:14:45.1764199Z #14 17.87   p11-kit-trust-0.25.3-3.el9_5.x86_64                                           
Test OLM installation	UNKNOWN STEP	2025-06-05T15:14:45.1764869Z #14 17.87   pcre-8.44-4.el9.x86_64                                                        
Test OLM installation	UNKNOWN STEP	2025-06-05T15:14:45.1765706Z #14 17.87   pcre2-10.40-6.el9.x86_64                                                      
Test OLM installation	UNKNOWN STEP	2025-06-05T15:14:45.1766392Z #14 17.87   pcre2-syntax-10.40-6.el9.noarch                                               
Test OLM installation	UNKNOWN STEP	2025-06-05T15:14:45.1767109Z #14 17.87   python3-3.9.21-2.el9.x86_64                                                   
Test OLM installation	UNKNOWN STEP	2025-06-05T15:14:45.1767810Z #14 17.87   python3-libs-3.9.21-2.el9.x86_64                                              
Test OLM installation	UNKNOWN STEP	2025-06-05T15:14:45.1768639Z #14 17.87   python3-pip-wheel-21.3.1-1.el9.noarch                                         
Test OLM installation	UNKNOWN STEP	2025-06-05T15:14:45.1769538Z #14 17.87   python3-setuptools-wheel-53.0.0-13.el9.noarch                                 
Test OLM installation	UNKNOWN STEP	2025-06-05T15:14:45.1770374Z #14 17.87   readline-8.1-4.el9.x86_64                                                     
Test OLM installation	UNKNOWN STEP	2025-06-05T15:14:45.1771130Z #14 17.87   redhat-release-9.6-0.1.el9.x86_64                                             
Test OLM installation	UNKNOWN STEP	2025-06-05T15:14:45.1772109Z #14 17.87   sed-4.8-9.el9.x86_64                                                          
Test OLM installation	UNKNOWN STEP	2025-06-05T15:14:45.1772823Z #14 17.87   setup-2.13.7-10.el9.noarch                                                    
Test OLM installation	UNKNOWN STEP	2025-06-05T15:14:45.1773572Z #14 17.87   sqlite-libs-3.34.1-7.el9_3.x86_64                                             
Test OLM installation	UNKNOWN STEP	2025-06-05T15:14:45.1774321Z #14 17.87   systemd-libs-252-51.el9.x86_64                                                
Test OLM installation	UNKNOWN STEP	2025-06-05T15:14:45.1775084Z #14 17.87   tzdata-2025b-1.el9.noarch                                                     
Test OLM installation	UNKNOWN STEP	2025-06-05T15:14:45.1776265Z #14 17.87   tzdata-java-2025b-1.el9.noarch                                                
Test OLM installation	UNKNOWN STEP	2025-06-05T15:14:45.1777047Z #14 17.87   xz-libs-5.2.5-8.el9_0.x86_64                                                  
Test OLM installation	UNKNOWN STEP	2025-06-05T15:14:45.1777732Z #14 17.87   zlib-1.2.11-40.el9.x86_64                                                     
Test OLM installation	UNKNOWN STEP	2025-06-05T15:14:45.1778289Z #14 17.87 
Test OLM installation	UNKNOWN STEP	2025-06-05T15:14:45.1778583Z #14 17.87 Complete!
Test OLM installation	UNKNOWN STEP	2025-06-05T15:14:45.1778995Z #14 17.98 + dnf --installroot /tmp/null/rootfs clean all
Test OLM installation	UNKNOWN STEP	2025-06-05T15:14:45.4012743Z #14 18.22 Updating Subscription Management repositories.
Test OLM installation	UNKNOWN STEP	2025-06-05T15:14:45.6033652Z #14 18.22 Unable to read consumer identity
Test OLM installation	UNKNOWN STEP	2025-06-05T15:14:45.6034154Z #14 18.22 
Test OLM installation	UNKNOWN STEP	2025-06-05T15:14:45.6034824Z #14 18.22 This system is not registered with an entitlement server. You can use subscription-manager to register.
Test OLM installation	UNKNOWN STEP	2025-06-05T15:14:45.6036199Z #14 18.22 
Test OLM installation	UNKNOWN STEP	2025-06-05T15:14:45.6036517Z #14 18.23 26 files removed
Test OLM installation	UNKNOWN STEP	2025-06-05T15:14:45.6038588Z #14 18.26 + rm -rf /tmp/null/rootfs/var/cache/bpf /tmp/null/rootfs/var/cache/dnf /tmp/null/rootfs/var/cache/ldconfig /tmp/null/rootfs/var/log/dnf.librepo.log /tmp/null/rootfs/var/log/dnf.log /tmp/null/rootfs/var/log/dnf.rpm.log '/tmp/null/rootfs/var/log/yum.*'
Test OLM installation	UNKNOWN STEP	2025-06-05T15:14:45.6040774Z #14 18.27 ==> Building dependency tree
Test OLM installation	UNKNOWN STEP	2025-06-05T15:14:46.0060477Z #14 18.81 ==> 42 packages to erase:
Test OLM installation	UNKNOWN STEP	2025-06-05T15:14:46.0061711Z #14 18.81 ==> 43 packages to keep:
Test OLM installation	UNKNOWN STEP	2025-06-05T15:14:46.0062692Z #14 18.81 
Test OLM installation	UNKNOWN STEP	2025-06-05T15:14:46.0063567Z #14 18.81 ==> Erasing packages
Test OLM installation	UNKNOWN STEP	2025-06-05T15:14:46.0064269Z #14 18.81 + xargs rpm -r /tmp/null/rootfs --erase --nodeps --allmatches
Test OLM installation	UNKNOWN STEP	2025-06-05T15:14:46.1574163Z #14 18.81 alsa-lib
Test OLM installation	UNKNOWN STEP	2025-06-05T15:14:46.1574532Z #14 18.81 avahi-libs
Test OLM installation	UNKNOWN STEP	2025-06-05T15:14:46.1574847Z #14 18.81 bzip2-libs
Test OLM installation	UNKNOWN STEP	2025-06-05T15:14:46.1575189Z #14 18.81 copy-jdk-configs
Test OLM installation	UNKNOWN STEP	2025-06-05T15:14:46.1575714Z #14 18.81 cups-libs
Test OLM installation	UNKNOWN STEP	2025-06-05T15:14:46.1576007Z #14 18.81 dbus-libs
Test OLM installation	UNKNOWN STEP	2025-06-05T15:14:46.1576280Z #14 18.81 expat
Test OLM installation	UNKNOWN STEP	2025-06-05T15:14:46.1576548Z #14 18.81 gawk
Test OLM installation	UNKNOWN STEP	2025-06-05T15:14:46.1576847Z #14 18.81 gdbm-libs
Test OLM installation	UNKNOWN STEP	2025-06-05T15:14:46.1577114Z #14 18.81 gmp
Test OLM installation	UNKNOWN STEP	2025-06-05T15:14:46.1577383Z #14 18.81 gnutls
Test OLM installation	UNKNOWN STEP	2025-06-05T15:14:46.1577670Z #14 18.81 gpg-pubkey
Test OLM installation	UNKNOWN STEP	2025-06-05T15:14:46.1577971Z #14 18.81 keyutils-libs
Test OLM installation	UNKNOWN STEP	2025-06-05T15:14:46.1578285Z #14 18.81 krb5-libs
Test OLM installation	UNKNOWN STEP	2025-06-05T15:14:46.1578566Z #14 18.81 libcom_err
Test OLM installation	UNKNOWN STEP	2025-06-05T15:14:46.1578865Z #14 18.81 libevent
Test OLM installation	UNKNOWN STEP	2025-06-05T15:14:46.1579134Z #14 18.81 libffi
Test OLM installation	UNKNOWN STEP	2025-06-05T15:14:46.1579409Z #14 18.81 libgcrypt
Test OLM installation	UNKNOWN STEP	2025-06-05T15:14:46.1579697Z #14 18.81 libgpg-error
Test OLM installation	UNKNOWN STEP	2025-06-05T15:14:46.1579991Z #14 18.81 libidn2
Test OLM installation	UNKNOWN STEP	2025-06-05T15:14:46.1580270Z #14 18.81 libunistring
Test OLM installation	UNKNOWN STEP	2025-06-05T15:14:46.1580562Z #14 18.81 libuuid
Test OLM installation	UNKNOWN STEP	2025-06-05T15:14:46.1580835Z #14 18.81 libverto
Test OLM installation	UNKNOWN STEP	2025-06-05T15:14:46.1581220Z #14 18.81 libxcrypt
Test OLM installation	UNKNOWN STEP	2025-06-05T15:14:46.1581498Z #14 18.81 libzstd
Test OLM installation	UNKNOWN STEP	2025-06-05T15:14:46.1581765Z #14 18.81 lua
Test OLM installation	UNKNOWN STEP	2025-06-05T15:14:46.1582027Z #14 18.81 lua-libs
Test OLM installation	UNKNOWN STEP	2025-06-05T15:14:46.1582307Z #14 18.81 lua-posix
Test OLM installation	UNKNOWN STEP	2025-06-05T15:14:46.1582577Z #14 18.81 lz4-libs
Test OLM installation	UNKNOWN STEP	2025-06-05T15:14:46.1582859Z #14 18.81 mpfr
Test OLM installation	UNKNOWN STEP	2025-06-05T15:14:46.1583126Z #14 18.81 nettle
Test OLM installation	UNKNOWN STEP	2025-06-05T15:14:46.1583429Z #14 18.81 openssl-fips-provider
Test OLM installation	UNKNOWN STEP	2025-06-05T15:14:46.1583818Z #14 18.81 openssl-fips-provider-so
Test OLM installation	UNKNOWN STEP	2025-06-05T15:14:46.1584225Z #14 18.81 openssl-libs
Test OLM installation	UNKNOWN STEP	2025-06-05T15:14:46.1584523Z #14 18.81 p11-kit
Test OLM installation	UNKNOWN STEP	2025-06-05T15:14:46.1584803Z #14 18.81 python3
Test OLM installation	UNKNOWN STEP	2025-06-05T15:14:46.1585621Z #14 18.81 python3-libs
Test OLM installation	UNKNOWN STEP	2025-06-05T15:14:46.1585946Z #14 18.81 python3-pip-wheel
Test OLM installation	UNKNOWN STEP	2025-06-05T15:14:46.1586306Z #14 18.81 python3-setuptools-wheel
Test OLM installation	UNKNOWN STEP	2025-06-05T15:14:46.1586672Z #14 18.81 readline
Test OLM installation	UNKNOWN STEP	2025-06-05T15:14:46.1586956Z #14 18.81 systemd-libs
Test OLM installation	UNKNOWN STEP	2025-06-05T15:14:46.1587244Z #14 18.81 xz-libs
Test OLM installation	UNKNOWN STEP	2025-06-05T15:14:46.1587523Z #14 18.81 alternatives
Test OLM installation	UNKNOWN STEP	2025-06-05T15:14:46.1587819Z #14 18.81 basesystem
Test OLM installation	UNKNOWN STEP	2025-06-05T15:14:46.1588097Z #14 18.81 bash
Test OLM installation	UNKNOWN STEP	2025-06-05T15:14:46.1588379Z #14 18.81 ca-certificates
Test OLM installation	UNKNOWN STEP	2025-06-05T15:14:46.1588714Z #14 18.81 coreutils-single
Test OLM installation	UNKNOWN STEP	2025-06-05T15:14:46.1589047Z #14 18.81 crypto-policies
Test OLM installation	UNKNOWN STEP	2025-06-05T15:14:46.1589602Z #14 18.81 crypto-policies-scripts
Test OLM installation	UNKNOWN STEP	2025-06-05T15:14:46.1589978Z #14 18.81 filesystem
Test OLM installation	UNKNOWN STEP	2025-06-05T15:14:46.1590269Z #14 18.81 findutils
Test OLM installation	UNKNOWN STEP	2025-06-05T15:14:46.1590544Z #14 18.81 glibc
Test OLM installation	UNKNOWN STEP	2025-06-05T15:14:46.1590824Z #14 18.81 glibc-common
Test OLM installation	UNKNOWN STEP	2025-06-05T15:14:46.1591136Z #14 18.81 glibc-langpack-en
Test OLM installation	UNKNOWN STEP	2025-06-05T15:14:46.1591463Z #14 18.81 grep
Test OLM installation	UNKNOWN STEP	2025-06-05T15:14:46.1591770Z #14 18.81 java-21-openjdk-headless
Test OLM installation	UNKNOWN STEP	2025-06-05T15:14:46.1592165Z #14 18.81 javapackages-filesystem
Test OLM installation	UNKNOWN STEP	2025-06-05T15:14:46.1592518Z #14 18.81 libacl
Test OLM installation	UNKNOWN STEP	2025-06-05T15:14:46.1592789Z #14 18.81 libattr
Test OLM installation	UNKNOWN STEP	2025-06-05T15:14:46.1593059Z #14 18.81 libcap
Test OLM installation	UNKNOWN STEP	2025-06-05T15:14:46.1593321Z #14 18.81 libgcc
Test OLM installation	UNKNOWN STEP	2025-06-05T15:14:46.1593592Z #14 18.81 libselinux
Test OLM installation	UNKNOWN STEP	2025-06-05T15:14:46.1593882Z #14 18.81 libsepol
Test OLM installation	UNKNOWN STEP	2025-06-05T15:14:46.1594157Z #14 18.81 libsigsegv
Test OLM installation	UNKNOWN STEP	2025-06-05T15:14:46.1594441Z #14 18.81 libtasn1
Test OLM installation	UNKNOWN STEP	2025-06-05T15:14:46.1594723Z #14 18.81 lksctp-tools
Test OLM installation	UNKNOWN STEP	2025-06-05T15:14:46.1595020Z #14 18.81 ncurses-base
Test OLM installation	UNKNOWN STEP	2025-06-05T15:14:46.1595449Z #14 18.81 ncurses-libs
Test OLM installation	UNKNOWN STEP	2025-06-05T15:14:46.1595744Z #14 18.81 nspr
Test OLM installation	UNKNOWN STEP	2025-06-05T15:14:46.1596011Z #14 18.81 nss
Test OLM installation	UNKNOWN STEP	2025-06-05T15:14:46.1596279Z #14 18.81 nss-softokn
Test OLM installation	UNKNOWN STEP	2025-06-05T15:14:46.1596594Z #14 18.81 nss-softokn-freebl
Test OLM installation	UNKNOWN STEP	2025-06-05T15:14:46.1596927Z #14 18.81 nss-sysinit
Test OLM installation	UNKNOWN STEP	2025-06-05T15:14:46.1597216Z #14 18.81 nss-util
Test OLM installation	UNKNOWN STEP	2025-06-05T15:14:46.1597500Z #14 18.81 p11-kit-trust
Test OLM installation	UNKNOWN STEP	2025-06-05T15:14:46.1597792Z #14 18.81 pcre
Test OLM installation	UNKNOWN STEP	2025-06-05T15:14:46.1598067Z #14 18.81 pcre2
Test OLM installation	UNKNOWN STEP	2025-06-05T15:14:46.1598345Z #14 18.81 pcre2-syntax
Test OLM installation	UNKNOWN STEP	2025-06-05T15:14:46.1598646Z #14 18.81 redhat-release
Test OLM installation	UNKNOWN STEP	2025-06-05T15:14:46.1598955Z #14 18.81 sed
Test OLM installation	UNKNOWN STEP	2025-06-05T15:14:46.1599216Z #14 18.81 setup
Test OLM installation	UNKNOWN STEP	2025-06-05T15:14:46.1599490Z #14 18.81 sqlite-libs
Test OLM installation	UNKNOWN STEP	2025-06-05T15:14:46.1599774Z #14 18.81 tzdata
Test OLM installation	UNKNOWN STEP	2025-06-05T15:14:46.1600058Z #14 18.81 tzdata-java
Test OLM installation	UNKNOWN STEP	2025-06-05T15:14:46.1600344Z #14 18.81 zlib
Test OLM installation	UNKNOWN STEP	2025-06-05T15:14:46.3213057Z #14 19.14 
Test OLM installation	UNKNOWN STEP	2025-06-05T15:14:46.3213870Z #14 19.14 ==> Packages erased ok!
Test OLM installation	UNKNOWN STEP	2025-06-05T15:14:46.4858639Z #14 DONE 19.2s
Test OLM installation	UNKNOWN STEP	2025-06-05T15:14:47.7993141Z 
Test OLM installation	UNKNOWN STEP	2025-06-05T15:14:47.7993844Z #15 [stage-1 2/4] COPY --from=ubi-micro-build /tmp/null/rootfs/ /
Test OLM installation	UNKNOWN STEP	2025-06-05T15:14:48.9089576Z #15 DONE 1.1s
Test OLM installation	UNKNOWN STEP	2025-06-05T15:14:49.0604671Z 
Test OLM installation	UNKNOWN STEP	2025-06-05T15:14:49.0605707Z #16 [stage-1 3/4] COPY --from=ubi-micro-build --chown=1000:0 /opt/keycloak /opt/keycloak
Test OLM installation	UNKNOWN STEP	2025-06-05T15:14:49.3537360Z #16 DONE 0.4s
Test OLM installation	UNKNOWN STEP	2025-06-05T15:14:49.4776177Z 
Test OLM installation	UNKNOWN STEP	2025-06-05T15:14:49.4777686Z #17 [stage-1 4/4] RUN echo "keycloak:x:0:root" >> /etc/group &&     echo "keycloak:x:1000:0:keycloak user:/opt/keycloak:/sbin/nologin" >> /etc/passwd
Test OLM installation	UNKNOWN STEP	2025-06-05T15:14:49.4778776Z #17 DONE 0.1s
Test OLM installation	UNKNOWN STEP	2025-06-05T15:14:49.6292043Z 
Test OLM installation	UNKNOWN STEP	2025-06-05T15:14:49.6293436Z #18 exporting to image
Test OLM installation	UNKNOWN STEP	2025-06-05T15:14:49.6294928Z #18 exporting layers
Test OLM installation	UNKNOWN STEP	2025-06-05T15:14:50.9122468Z #18 exporting layers 1.4s done
Test OLM installation	UNKNOWN STEP	2025-06-05T15:14:50.9245700Z #18 writing image sha256:fef1c6afdd46e49f4ac8783f2f7bdcc27ddd8982bc28167437d97073f82933e4 done
Test OLM installation	UNKNOWN STEP	2025-06-05T15:14:50.9246903Z #18 naming to ttl.sh/145866keycloak:86400000.0.0 done
Test OLM installation	UNKNOWN STEP	2025-06-05T15:14:50.9247485Z #18 DONE 1.4s
Test OLM installation	UNKNOWN STEP	2025-06-05T15:14:50.9298574Z + docker push ttl.sh/145866keycloak:86400000.0.0
Test OLM installation	UNKNOWN STEP	2025-06-05T15:14:51.1899488Z The push refers to repository [ttl.sh/145866keycloak]
Test OLM installation	UNKNOWN STEP	2025-06-05T15:14:51.3291530Z 72bde9ad7ee4: Preparing
Test OLM installation	UNKNOWN STEP	2025-06-05T15:14:51.3292056Z 2058103522a0: Preparing
Test OLM installation	UNKNOWN STEP	2025-06-05T15:14:51.3292444Z b1cecbbf223b: Preparing
Test OLM installation	UNKNOWN STEP	2025-06-05T15:14:51.3292813Z ef3cb51dff21: Preparing
Test OLM installation	UNKNOWN STEP	2025-06-05T15:14:54.9111917Z 72bde9ad7ee4: Pushed
Test OLM installation	UNKNOWN STEP	2025-06-05T15:14:59.8908726Z ef3cb51dff21: Pushed
Test OLM installation	UNKNOWN STEP	2025-06-05T15:15:36.2365986Z b1cecbbf223b: Pushed
Test OLM installation	UNKNOWN STEP	2025-06-05T15:16:22.1207456Z error parsing HTTP 499 response body: invalid character '<' looking for beginning of value: "<!DOCTYPE html>\n<html>\n  <head>\n    <meta name=\"viewport\" content=\"width=device-width, initial-scale=1\">\n    <meta charset=\"utf-8\">\n    <title>Application Error</title>\n    <style media=\"screen\">\n      html,body,iframe {\n        margin: 0;\n        padding: 0;\n      }\n\n      html,body {\n        height: 100%;\n        overflow: hidden;\n      }\n\n      iframe {\n        width: 100%;\n        height: 100%;\n        border: 0;\n      }\n    </style>\n  </head>\n  <body>\n    <iframe src=\"https://www.herokucdn.com/error-pages/application-error.html\"></iframe>\n  </body>\n</html>"
Test OLM installation	UNKNOWN STEP	2025-06-05T15:16:22.1235994Z ##[error]Process completed with exit code 1.
Test OLM installation	UNKNOWN STEP	2025-06-05T15:16:22.1294378Z Post job cleanup.
Test OLM installation	UNKNOWN STEP	2025-06-05T15:16:22.1334739Z Post job cleanup.
Test OLM installation	UNKNOWN STEP	2025-06-05T15:16:22.3073160Z Post job cleanup.
Test OLM installation	UNKNOWN STEP	2025-06-05T15:16:22.4043764Z [command]/usr/bin/git version
Test OLM installation	UNKNOWN STEP	2025-06-05T15:16:22.4097488Z git version 2.49.0
Test OLM installation	UNKNOWN STEP	2025-06-05T15:16:22.4158217Z Temporarily overriding HOME='/home/runner/work/_temp/5c9adeba-b436-4ad0-adc9-cd50f7da7f3c' before making global git config changes
Test OLM installation	UNKNOWN STEP	2025-06-05T15:16:22.4159116Z Adding repository directory to the temporary git global config as a safe directory
Test OLM installation	UNKNOWN STEP	2025-06-05T15:16:22.4165854Z [command]/usr/bin/git config --global --add safe.directory /home/runner/work/keycloak/keycloak
Test OLM installation	UNKNOWN STEP	2025-06-05T15:16:22.4209507Z [command]/usr/bin/git config --local --name-only --get-regexp core\.sshCommand
Test OLM installation	UNKNOWN STEP	2025-06-05T15:16:22.4247310Z [command]/usr/bin/git submodule foreach --recursive sh -c "git config --local --name-only --get-regexp 'core\.sshCommand' && git config --local --unset-all 'core.sshCommand' || :"
Test OLM installation	UNKNOWN STEP	2025-06-05T15:16:22.4624328Z [command]/usr/bin/git config --local --name-only --get-regexp http\.https\:\/\/github\.com\/\.extraheader
Test OLM installation	UNKNOWN STEP	2025-06-05T15:16:22.4657493Z http.https://github.com/.extraheader
Test OLM installation	UNKNOWN STEP	2025-06-05T15:16:22.4673423Z [command]/usr/bin/git config --local --unset-all http.https://github.com/.extraheader
Test OLM installation	UNKNOWN STEP	2025-06-05T15:16:22.4719510Z [command]/usr/bin/git submodule foreach --recursive sh -c "git config --local --name-only --get-regexp 'http\.https\:\/\/github\.com\/\.extraheader' && git config --local --unset-all 'http.https://github.com/.extraheader' || :"
Test OLM installation	UNKNOWN STEP	2025-06-05T15:16:22.5196981Z Cleaning up orphan processes
Status Check - Keycloak Operator CI	UNKNOWN STEP	ï»¿2025-06-05T15:37:54.9245613Z Current runner version: '2.325.0'
Status Check - Keycloak Operator CI	UNKNOWN STEP	2025-06-05T15:37:54.9267928Z ##[group]Runner Image Provisioner
Status Check - Keycloak Operator CI	UNKNOWN STEP	2025-06-05T15:37:54.9268783Z Hosted Compute Agent
Status Check - Keycloak Operator CI	UNKNOWN STEP	2025-06-05T15:37:54.9269337Z Version: 20250508.323
Status Check - Keycloak Operator CI	UNKNOWN STEP	2025-06-05T15:37:54.9269885Z Commit: 81b259f29879f73b4213d199e42d8c3465dae986
Status Check - Keycloak Operator CI	UNKNOWN STEP	2025-06-05T15:37:54.9270598Z Build Date: 2025-05-08T19:40:08Z
Status Check - Keycloak Operator CI	UNKNOWN STEP	2025-06-05T15:37:54.9271164Z ##[endgroup]
Status Check - Keycloak Operator CI	UNKNOWN STEP	2025-06-05T15:37:54.9271705Z ##[group]Operating System
Status Check - Keycloak Operator CI	UNKNOWN STEP	2025-06-05T15:37:54.9272205Z Ubuntu
Status Check - Keycloak Operator CI	UNKNOWN STEP	2025-06-05T15:37:54.9272746Z 24.04.2
Status Check - Keycloak Operator CI	UNKNOWN STEP	2025-06-05T15:37:54.9273170Z LTS
Status Check - Keycloak Operator CI	UNKNOWN STEP	2025-06-05T15:37:54.9273592Z ##[endgroup]
Status Check - Keycloak Operator CI	UNKNOWN STEP	2025-06-05T15:37:54.9274122Z ##[group]Runner Image
Status Check - Keycloak Operator CI	UNKNOWN STEP	2025-06-05T15:37:54.9274641Z Image: ubuntu-24.04
Status Check - Keycloak Operator CI	UNKNOWN STEP	2025-06-05T15:37:54.9275273Z Version: 20250511.1.0
Status Check - Keycloak Operator CI	UNKNOWN STEP	2025-06-05T15:37:54.9276287Z Included Software: https://github.com/actions/runner-images/blob/ubuntu24/20250511.1/images/ubuntu/Ubuntu2404-Readme.md
Status Check - Keycloak Operator CI	UNKNOWN STEP	2025-06-05T15:37:54.9277779Z Image Release: https://github.com/actions/runner-images/releases/tag/ubuntu24%2F20250511.1
Status Check - Keycloak Operator CI	UNKNOWN STEP	2025-06-05T15:37:54.9278787Z ##[endgroup]
Status Check - Keycloak Operator CI	UNKNOWN STEP	2025-06-05T15:37:54.9279742Z ##[group]GITHUB_TOKEN Permissions
Status Check - Keycloak Operator CI	UNKNOWN STEP	2025-06-05T15:37:54.9281578Z Contents: read
Status Check - Keycloak Operator CI	UNKNOWN STEP	2025-06-05T15:37:54.9282078Z Metadata: read
Status Check - Keycloak Operator CI	UNKNOWN STEP	2025-06-05T15:37:54.9282545Z ##[endgroup]
Status Check - Keycloak Operator CI	UNKNOWN STEP	2025-06-05T15:37:54.9284524Z Secret source: None
Status Check - Keycloak Operator CI	UNKNOWN STEP	2025-06-05T15:37:54.9285385Z Prepare workflow directory
Status Check - Keycloak Operator CI	UNKNOWN STEP	2025-06-05T15:37:54.9679657Z Prepare all required actions
Status Check - Keycloak Operator CI	UNKNOWN STEP	2025-06-05T15:37:54.9717186Z Getting action download info
Status Check - Keycloak Operator CI	UNKNOWN STEP	2025-06-05T15:37:55.2339696Z Download action repository 'actions/checkout@11bd71901bbe5b1630ceea73d27597364c9af683' (SHA:11bd71901bbe5b1630ceea73d27597364c9af683)
Status Check - Keycloak Operator CI	UNKNOWN STEP	2025-06-05T15:37:55.3736848Z Complete job name: Status Check - Keycloak Operator CI
Status Check - Keycloak Operator CI	UNKNOWN STEP	2025-06-05T15:37:55.4395822Z ##[group]Run actions/checkout@11bd71901bbe5b1630ceea73d27597364c9af683
Status Check - Keycloak Operator CI	UNKNOWN STEP	2025-06-05T15:37:55.4396863Z with:
Status Check - Keycloak Operator CI	UNKNOWN STEP	2025-06-05T15:37:55.4397240Z   repository: keycloak/keycloak
Status Check - Keycloak Operator CI	UNKNOWN STEP	2025-06-05T15:37:55.4397860Z   token: ***
Status Check - Keycloak Operator CI	UNKNOWN STEP	2025-06-05T15:37:55.4398229Z   ssh-strict: true
Status Check - Keycloak Operator CI	UNKNOWN STEP	2025-06-05T15:37:55.4398596Z   ssh-user: git
Status Check - Keycloak Operator CI	UNKNOWN STEP	2025-06-05T15:37:55.4398996Z   persist-credentials: true
Status Check - Keycloak Operator CI	UNKNOWN STEP	2025-06-05T15:37:55.4399414Z   clean: true
Status Check - Keycloak Operator CI	UNKNOWN STEP	2025-06-05T15:37:55.4399802Z   sparse-checkout-cone-mode: true
Status Check - Keycloak Operator CI	UNKNOWN STEP	2025-06-05T15:37:55.4400259Z   fetch-depth: 1
Status Check - Keycloak Operator CI	UNKNOWN STEP	2025-06-05T15:37:55.4400628Z   fetch-tags: false
Status Check - Keycloak Operator CI	UNKNOWN STEP	2025-06-05T15:37:55.4401005Z   show-progress: true
Status Check - Keycloak Operator CI	UNKNOWN STEP	2025-06-05T15:37:55.4401385Z   lfs: false
Status Check - Keycloak Operator CI	UNKNOWN STEP	2025-06-05T15:37:55.4401727Z   submodules: false
Status Check - Keycloak Operator CI	UNKNOWN STEP	2025-06-05T15:37:55.4402111Z   set-safe-directory: true
Status Check - Keycloak Operator CI	UNKNOWN STEP	2025-06-05T15:37:55.4402726Z env:
Status Check - Keycloak Operator CI	UNKNOWN STEP	2025-06-05T15:37:55.4403234Z   MAVEN_ARGS: -B -nsu -Daether.connector.http.connectionMaxTtl=25
Status Check - Keycloak Operator CI	UNKNOWN STEP	2025-06-05T15:37:55.4403867Z   MINIKUBE_VERSION: v1.32.0
Status Check - Keycloak Operator CI	UNKNOWN STEP	2025-06-05T15:37:55.4404348Z   KUBERNETES_VERSION: v1.27.10
Status Check - Keycloak Operator CI	UNKNOWN STEP	2025-06-05T15:37:55.4404783Z   MINIKUBE_MEMORY: 4096
Status Check - Keycloak Operator CI	UNKNOWN STEP	2025-06-05T15:37:55.4405349Z ##[endgroup]
Status Check - Keycloak Operator CI	UNKNOWN STEP	2025-06-05T15:37:55.5453547Z Syncing repository: keycloak/keycloak
Status Check - Keycloak Operator CI	UNKNOWN STEP	2025-06-05T15:37:55.5455789Z ##[group]Getting Git version info
Status Check - Keycloak Operator CI	UNKNOWN STEP	2025-06-05T15:37:55.5456499Z Working directory is '/home/runner/work/keycloak/keycloak'
Status Check - Keycloak Operator CI	UNKNOWN STEP	2025-06-05T15:37:55.5457452Z [command]/usr/bin/git version
Status Check - Keycloak Operator CI	UNKNOWN STEP	2025-06-05T15:37:55.5525032Z git version 2.49.0
Status Check - Keycloak Operator CI	UNKNOWN STEP	2025-06-05T15:37:55.5550212Z ##[endgroup]
Status Check - Keycloak Operator CI	UNKNOWN STEP	2025-06-05T15:37:55.5563580Z Temporarily overriding HOME='/home/runner/work/_temp/d32abe34-79c7-4458-9ee8-e6717c176279' before making global git config changes
Status Check - Keycloak Operator CI	UNKNOWN STEP	2025-06-05T15:37:55.5568686Z Adding repository directory to the temporary git global config as a safe directory
Status Check - Keycloak Operator CI	UNKNOWN STEP	2025-06-05T15:37:55.5569904Z [command]/usr/bin/git config --global --add safe.directory /home/runner/work/keycloak/keycloak
Status Check - Keycloak Operator CI	UNKNOWN STEP	2025-06-05T15:37:55.5602197Z Deleting the contents of '/home/runner/work/keycloak/keycloak'
Status Check - Keycloak Operator CI	UNKNOWN STEP	2025-06-05T15:37:55.5605641Z ##[group]Initializing the repository
Status Check - Keycloak Operator CI	UNKNOWN STEP	2025-06-05T15:37:55.5609532Z [command]/usr/bin/git init /home/runner/work/keycloak/keycloak
Status Check - Keycloak Operator CI	UNKNOWN STEP	2025-06-05T15:37:55.5678230Z hint: Using 'master' as the name for the initial branch. This default branch name
Status Check - Keycloak Operator CI	UNKNOWN STEP	2025-06-05T15:37:55.5679529Z hint: is subject to change. To configure the initial branch name to use in all
Status Check - Keycloak Operator CI	UNKNOWN STEP	2025-06-05T15:37:55.5680493Z hint: of your new repositories, which will suppress this warning, call:
Status Check - Keycloak Operator CI	UNKNOWN STEP	2025-06-05T15:37:55.5681407Z hint:
Status Check - Keycloak Operator CI	UNKNOWN STEP	2025-06-05T15:37:55.5681996Z hint: 	git config --global init.defaultBranch <name>
Status Check - Keycloak Operator CI	UNKNOWN STEP	2025-06-05T15:37:55.5683087Z hint:
Status Check - Keycloak Operator CI	UNKNOWN STEP	2025-06-05T15:37:55.5684025Z hint: Names commonly chosen instead of 'master' are 'main', 'trunk' and
Status Check - Keycloak Operator CI	UNKNOWN STEP	2025-06-05T15:37:55.5685674Z hint: 'development'. The just-created branch can be renamed via this command:
Status Check - Keycloak Operator CI	UNKNOWN STEP	2025-06-05T15:37:55.5686819Z hint:
Status Check - Keycloak Operator CI	UNKNOWN STEP	2025-06-05T15:37:55.5687404Z hint: 	git branch -m <name>
Status Check - Keycloak Operator CI	UNKNOWN STEP	2025-06-05T15:37:55.5688125Z Initialized empty Git repository in /home/runner/work/keycloak/keycloak/.git/
Status Check - Keycloak Operator CI	UNKNOWN STEP	2025-06-05T15:37:55.5697282Z [command]/usr/bin/git remote add origin https://github.com/keycloak/keycloak
Status Check - Keycloak Operator CI	UNKNOWN STEP	2025-06-05T15:37:55.5728850Z ##[endgroup]
Status Check - Keycloak Operator CI	UNKNOWN STEP	2025-06-05T15:37:55.5729544Z ##[group]Disabling automatic garbage collection
Status Check - Keycloak Operator CI	UNKNOWN STEP	2025-06-05T15:37:55.5732672Z [command]/usr/bin/git config --local gc.auto 0
Status Check - Keycloak Operator CI	UNKNOWN STEP	2025-06-05T15:37:55.5759958Z ##[endgroup]
Status Check - Keycloak Operator CI	UNKNOWN STEP	2025-06-05T15:37:55.5760592Z ##[group]Setting up auth
Status Check - Keycloak Operator CI	UNKNOWN STEP	2025-06-05T15:37:55.5766610Z [command]/usr/bin/git config --local --name-only --get-regexp core\.sshCommand
Status Check - Keycloak Operator CI	UNKNOWN STEP	2025-06-05T15:37:55.5795396Z [command]/usr/bin/git submodule foreach --recursive sh -c "git config --local --name-only --get-regexp 'core\.sshCommand' && git config --local --unset-all 'core.sshCommand' || :"
Status Check - Keycloak Operator CI	UNKNOWN STEP	2025-06-05T15:37:55.6086180Z [command]/usr/bin/git config --local --name-only --get-regexp http\.https\:\/\/github\.com\/\.extraheader
Status Check - Keycloak Operator CI	UNKNOWN STEP	2025-06-05T15:37:55.6116245Z [command]/usr/bin/git submodule foreach --recursive sh -c "git config --local --name-only --get-regexp 'http\.https\:\/\/github\.com\/\.extraheader' && git config --local --unset-all 'http.https://github.com/.extraheader' || :"
Status Check - Keycloak Operator CI	UNKNOWN STEP	2025-06-05T15:37:55.6333730Z [command]/usr/bin/git config --local http.https://github.com/.extraheader AUTHORIZATION: basic ***
Status Check - Keycloak Operator CI	UNKNOWN STEP	2025-06-05T15:37:55.6368537Z ##[endgroup]
Status Check - Keycloak Operator CI	UNKNOWN STEP	2025-06-05T15:37:55.6369242Z ##[group]Fetching the repository
Status Check - Keycloak Operator CI	UNKNOWN STEP	2025-06-05T15:37:55.6378517Z [command]/usr/bin/git -c protocol.version=2 fetch --no-tags --prune --no-recurse-submodules --depth=1 origin +14586667d74cd7e37688964868736d082937ea82:refs/remotes/pull/39725/merge
Status Check - Keycloak Operator CI	UNKNOWN STEP	2025-06-05T15:37:58.5067928Z From https://github.com/keycloak/keycloak
Status Check - Keycloak Operator CI	UNKNOWN STEP	2025-06-05T15:37:58.5069362Z  * [new ref]         14586667d74cd7e37688964868736d082937ea82 -> pull/39725/merge
Status Check - Keycloak Operator CI	UNKNOWN STEP	2025-06-05T15:37:58.5121153Z ##[endgroup]
Status Check - Keycloak Operator CI	UNKNOWN STEP	2025-06-05T15:37:58.5124430Z ##[group]Determining the checkout info
Status Check - Keycloak Operator CI	UNKNOWN STEP	2025-06-05T15:37:58.5125877Z ##[endgroup]
Status Check - Keycloak Operator CI	UNKNOWN STEP	2025-06-05T15:37:58.5128141Z [command]/usr/bin/git sparse-checkout disable
Status Check - Keycloak Operator CI	UNKNOWN STEP	2025-06-05T15:37:58.5169736Z [command]/usr/bin/git config --local --unset-all extensions.worktreeConfig
Status Check - Keycloak Operator CI	UNKNOWN STEP	2025-06-05T15:37:58.5196813Z ##[group]Checking out the ref
Status Check - Keycloak Operator CI	UNKNOWN STEP	2025-06-05T15:37:58.5199246Z [command]/usr/bin/git checkout --progress --force refs/remotes/pull/39725/merge
Status Check - Keycloak Operator CI	UNKNOWN STEP	2025-06-05T15:37:59.3047326Z Note: switching to 'refs/remotes/pull/39725/merge'.
Status Check - Keycloak Operator CI	UNKNOWN STEP	2025-06-05T15:37:59.3047884Z 
Status Check - Keycloak Operator CI	UNKNOWN STEP	2025-06-05T15:37:59.3048247Z You are in 'detached HEAD' state. You can look around, make experimental
Status Check - Keycloak Operator CI	UNKNOWN STEP	2025-06-05T15:37:59.3049129Z changes and commit them, and you can discard any commits you make in this
Status Check - Keycloak Operator CI	UNKNOWN STEP	2025-06-05T15:37:59.3049980Z state without impacting any branches by switching back to a branch.
Status Check - Keycloak Operator CI	UNKNOWN STEP	2025-06-05T15:37:59.3050452Z 
Status Check - Keycloak Operator CI	UNKNOWN STEP	2025-06-05T15:37:59.3050764Z If you want to create a new branch to retain commits you create, you may
Status Check - Keycloak Operator CI	UNKNOWN STEP	2025-06-05T15:37:59.3051486Z do so (now or later) by using -c with the switch command. Example:
Status Check - Keycloak Operator CI	UNKNOWN STEP	2025-06-05T15:37:59.3051888Z 
Status Check - Keycloak Operator CI	UNKNOWN STEP	2025-06-05T15:37:59.3052075Z   git switch -c <new-branch-name>
Status Check - Keycloak Operator CI	UNKNOWN STEP	2025-06-05T15:37:59.3052395Z 
Status Check - Keycloak Operator CI	UNKNOWN STEP	2025-06-05T15:37:59.3052605Z Or undo this operation with:
Status Check - Keycloak Operator CI	UNKNOWN STEP	2025-06-05T15:37:59.3052879Z 
Status Check - Keycloak Operator CI	UNKNOWN STEP	2025-06-05T15:37:59.3053058Z   git switch -
Status Check - Keycloak Operator CI	UNKNOWN STEP	2025-06-05T15:37:59.3053285Z 
Status Check - Keycloak Operator CI	UNKNOWN STEP	2025-06-05T15:37:59.3053696Z Turn off this advice by setting config variable advice.detachedHead to false
Status Check - Keycloak Operator CI	UNKNOWN STEP	2025-06-05T15:37:59.3054209Z 
Status Check - Keycloak Operator CI	UNKNOWN STEP	2025-06-05T15:37:59.3054815Z HEAD is now at 1458666 Merge 3d1c509b0e59507b5a2a6ec6af84bf248de91f24 into 0c62bd0878ef7a25c7530122eb28efab9b4476b5
Status Check - Keycloak Operator CI	UNKNOWN STEP	2025-06-05T15:37:59.3081603Z ##[endgroup]
Status Check - Keycloak Operator CI	UNKNOWN STEP	2025-06-05T15:37:59.3120795Z [command]/usr/bin/git log -1 --format=%H
Status Check - Keycloak Operator CI	UNKNOWN STEP	2025-06-05T15:37:59.3143635Z 14586667d74cd7e37688964868736d082937ea82
Status Check - Keycloak Operator CI	UNKNOWN STEP	2025-06-05T15:37:59.3378524Z Prepare all required actions
Status Check - Keycloak Operator CI	UNKNOWN STEP	2025-06-05T15:37:59.3449091Z ##[group]Run ./.github/actions/status-check
Status Check - Keycloak Operator CI	UNKNOWN STEP	2025-06-05T15:37:59.3449421Z with:
Status Check - Keycloak Operator CI	UNKNOWN STEP	2025-06-05T15:37:59.3450285Z   jobs: {
Status Check - Keycloak Operator CI	UNKNOWN STEP	  "conditional": {
Status Check - Keycloak Operator CI	UNKNOWN STEP	    "result": "success",
Status Check - Keycloak Operator CI	UNKNOWN STEP	    "outputs": {
Status Check - Keycloak Operator CI	UNKNOWN STEP	      "operator": "true"
Status Check - Keycloak Operator CI	UNKNOWN STEP	    }
Status Check - Keycloak Operator CI	UNKNOWN STEP	  },
Status Check - Keycloak Operator CI	UNKNOWN STEP	  "build": {
Status Check - Keycloak Operator CI	UNKNOWN STEP	    "result": "success",
Status Check - Keycloak Operator CI	UNKNOWN STEP	    "outputs": {}
Status Check - Keycloak Operator CI	UNKNOWN STEP	  },
Status Check - Keycloak Operator CI	UNKNOWN STEP	  "test-local-apiserver": {
Status Check - Keycloak Operator CI	UNKNOWN STEP	    "result": "success",
Status Check - Keycloak Operator CI	UNKNOWN STEP	    "outputs": {}
Status Check - Keycloak Operator CI	UNKNOWN STEP	  },
Status Check - Keycloak Operator CI	UNKNOWN STEP	  "test-remote": {
Status Check - Keycloak Operator CI	UNKNOWN STEP	    "result": "success",
Status Check - Keycloak Operator CI	UNKNOWN STEP	    "outputs": {}
Status Check - Keycloak Operator CI	UNKNOWN STEP	  },
Status Check - Keycloak Operator CI	UNKNOWN STEP	  "test-olm": {
Status Check - Keycloak Operator CI	UNKNOWN STEP	    "result": "failure",
Status Check - Keycloak Operator CI	UNKNOWN STEP	    "outputs": {}
Status Check - Keycloak Operator CI	UNKNOWN STEP	  }
Status Check - Keycloak Operator CI	UNKNOWN STEP	}
Status Check - Keycloak Operator CI	UNKNOWN STEP	2025-06-05T15:37:59.3451197Z env:
Status Check - Keycloak Operator CI	UNKNOWN STEP	2025-06-05T15:37:59.3451523Z   MAVEN_ARGS: -B -nsu -Daether.connector.http.connectionMaxTtl=25
Status Check - Keycloak Operator CI	UNKNOWN STEP	2025-06-05T15:37:59.3451908Z   MINIKUBE_VERSION: v1.32.0
Status Check - Keycloak Operator CI	UNKNOWN STEP	2025-06-05T15:37:59.3452194Z   KUBERNETES_VERSION: v1.27.10
Status Check - Keycloak Operator CI	UNKNOWN STEP	2025-06-05T15:37:59.3452453Z   MINIKUBE_MEMORY: 4096
Status Check - Keycloak Operator CI	UNKNOWN STEP	2025-06-05T15:37:59.3452708Z ##[endgroup]
Status Check - Keycloak Operator CI	UNKNOWN STEP	2025-06-05T15:37:59.3554399Z ##[group]Run JOBS='{
Status Check - Keycloak Operator CI	UNKNOWN STEP	2025-06-05T15:37:59.3554738Z [36;1mJOBS='{[0m
Status Check - Keycloak Operator CI	UNKNOWN STEP	2025-06-05T15:37:59.3555026Z [36;1m  "conditional": {[0m
Status Check - Keycloak Operator CI	UNKNOWN STEP	2025-06-05T15:37:59.3555444Z [36;1m    "result": "success",[0m
Status Check - Keycloak Operator CI	UNKNOWN STEP	2025-06-05T15:37:59.3555723Z [36;1m    "outputs": {[0m
Status Check - Keycloak Operator CI	UNKNOWN STEP	2025-06-05T15:37:59.3555967Z [36;1m      "operator": "true"[0m
Status Check - Keycloak Operator CI	UNKNOWN STEP	2025-06-05T15:37:59.3556226Z [36;1m    }[0m
Status Check - Keycloak Operator CI	UNKNOWN STEP	2025-06-05T15:37:59.3556427Z [36;1m  },[0m
Status Check - Keycloak Operator CI	UNKNOWN STEP	2025-06-05T15:37:59.3556633Z [36;1m  "build": {[0m
Status Check - Keycloak Operator CI	UNKNOWN STEP	2025-06-05T15:37:59.3556864Z [36;1m    "result": "success",[0m
Status Check - Keycloak Operator CI	UNKNOWN STEP	2025-06-05T15:37:59.3557132Z [36;1m    "outputs": {}[0m
Status Check - Keycloak Operator CI	UNKNOWN STEP	2025-06-05T15:37:59.3557370Z [36;1m  },[0m
Status Check - Keycloak Operator CI	UNKNOWN STEP	2025-06-05T15:37:59.3557587Z [36;1m  "test-local-apiserver": {[0m
Status Check - Keycloak Operator CI	UNKNOWN STEP	2025-06-05T15:37:59.3557870Z [36;1m    "result": "success",[0m
Status Check - Keycloak Operator CI	UNKNOWN STEP	2025-06-05T15:37:59.3558127Z [36;1m    "outputs": {}[0m
Status Check - Keycloak Operator CI	UNKNOWN STEP	2025-06-05T15:37:59.3558360Z [36;1m  },[0m
Status Check - Keycloak Operator CI	UNKNOWN STEP	2025-06-05T15:37:59.3558568Z [36;1m  "test-remote": {[0m
Status Check - Keycloak Operator CI	UNKNOWN STEP	2025-06-05T15:37:59.3558826Z [36;1m    "result": "success",[0m
Status Check - Keycloak Operator CI	UNKNOWN STEP	2025-06-05T15:37:59.3559089Z [36;1m    "outputs": {}[0m
Status Check - Keycloak Operator CI	UNKNOWN STEP	2025-06-05T15:37:59.3559318Z [36;1m  },[0m
Status Check - Keycloak Operator CI	UNKNOWN STEP	2025-06-05T15:37:59.3559532Z [36;1m  "test-olm": {[0m
Status Check - Keycloak Operator CI	UNKNOWN STEP	2025-06-05T15:37:59.3559769Z [36;1m    "result": "failure",[0m
Status Check - Keycloak Operator CI	UNKNOWN STEP	2025-06-05T15:37:59.3560021Z [36;1m    "outputs": {}[0m
Status Check - Keycloak Operator CI	UNKNOWN STEP	2025-06-05T15:37:59.3560244Z [36;1m  }[0m
Status Check - Keycloak Operator CI	UNKNOWN STEP	2025-06-05T15:37:59.3560440Z [36;1m}'[0m
Status Check - Keycloak Operator CI	UNKNOWN STEP	2025-06-05T15:37:59.3560639Z [36;1m[0m
Status Check - Keycloak Operator CI	UNKNOWN STEP	2025-06-05T15:37:59.3560853Z [36;1mecho "Job status:"[0m
Status Check - Keycloak Operator CI	UNKNOWN STEP	2025-06-05T15:37:59.3561217Z [36;1mecho $JOBS | jq -r 'to_entries[] | " - \(.key): \(.value.result)"'[0m
Status Check - Keycloak Operator CI	UNKNOWN STEP	2025-06-05T15:37:59.3561575Z [36;1m[0m
Status Check - Keycloak Operator CI	UNKNOWN STEP	2025-06-05T15:37:59.3561848Z [36;1mfor i in $(echo $JOBS | jq -r 'to_entries[] | .value.result'); do[0m
Status Check - Keycloak Operator CI	UNKNOWN STEP	2025-06-05T15:37:59.3562269Z [36;1m  if [ "$i" != "success" ] && [ "$i" != "skipped" ]; then[0m
Status Check - Keycloak Operator CI	UNKNOWN STEP	2025-06-05T15:37:59.3562587Z [36;1m    echo ""[0m
Status Check - Keycloak Operator CI	UNKNOWN STEP	2025-06-05T15:37:59.3562840Z [36;1m    echo "Status check not okay!"[0m
Status Check - Keycloak Operator CI	UNKNOWN STEP	2025-06-05T15:37:59.3563115Z [36;1m    exit 1[0m
Status Check - Keycloak Operator CI	UNKNOWN STEP	2025-06-05T15:37:59.3563341Z [36;1m  fi[0m
Status Check - Keycloak Operator CI	UNKNOWN STEP	2025-06-05T15:37:59.3563539Z [36;1mdone[0m
Status Check - Keycloak Operator CI	UNKNOWN STEP	2025-06-05T15:37:59.3749191Z shell: /usr/bin/bash --noprofile --norc -e -o pipefail {0}
Status Check - Keycloak Operator CI	UNKNOWN STEP	2025-06-05T15:37:59.3749570Z env:
Status Check - Keycloak Operator CI	UNKNOWN STEP	2025-06-05T15:37:59.3749871Z   MAVEN_ARGS: -B -nsu -Daether.connector.http.connectionMaxTtl=25
Status Check - Keycloak Operator CI	UNKNOWN STEP	2025-06-05T15:37:59.3750258Z   MINIKUBE_VERSION: v1.32.0
Status Check - Keycloak Operator CI	UNKNOWN STEP	2025-06-05T15:37:59.3750519Z   KUBERNETES_VERSION: v1.27.10
Status Check - Keycloak Operator CI	UNKNOWN STEP	2025-06-05T15:37:59.3750828Z   MINIKUBE_MEMORY: 4096
Status Check - Keycloak Operator CI	UNKNOWN STEP	2025-06-05T15:37:59.3751060Z ##[endgroup]
Status Check - Keycloak Operator CI	UNKNOWN STEP	2025-06-05T15:37:59.3842005Z Job status:
Status Check - Keycloak Operator CI	UNKNOWN STEP	2025-06-05T15:37:59.3879635Z  - conditional: success
Status Check - Keycloak Operator CI	UNKNOWN STEP	2025-06-05T15:37:59.3879967Z  - build: success
Status Check - Keycloak Operator CI	UNKNOWN STEP	2025-06-05T15:37:59.3880226Z  - test-local-apiserver: success
Status Check - Keycloak Operator CI	UNKNOWN STEP	2025-06-05T15:37:59.3880518Z  - test-remote: success
Status Check - Keycloak Operator CI	UNKNOWN STEP	2025-06-05T15:37:59.3880757Z  - test-olm: failure
Status Check - Keycloak Operator CI	UNKNOWN STEP	2025-06-05T15:37:59.3913515Z 
Status Check - Keycloak Operator CI	UNKNOWN STEP	2025-06-05T15:37:59.3913751Z Status check not okay!
Status Check - Keycloak Operator CI	UNKNOWN STEP	2025-06-05T15:37:59.3926046Z ##[error]Process completed with exit code 1.
Status Check - Keycloak Operator CI	UNKNOWN STEP	2025-06-05T15:37:59.4042744Z Post job cleanup.
Status Check - Keycloak Operator CI	UNKNOWN STEP	2025-06-05T15:37:59.4963410Z [command]/usr/bin/git version
Status Check - Keycloak Operator CI	UNKNOWN STEP	2025-06-05T15:37:59.5004925Z git version 2.49.0
Status Check - Keycloak Operator CI	UNKNOWN STEP	2025-06-05T15:37:59.5048346Z Temporarily overriding HOME='/home/runner/work/_temp/8b817c35-160e-44ea-9112-1fabd85e4f26' before making global git config changes
Status Check - Keycloak Operator CI	UNKNOWN STEP	2025-06-05T15:37:59.5049774Z Adding repository directory to the temporary git global config as a safe directory
Status Check - Keycloak Operator CI	UNKNOWN STEP	2025-06-05T15:37:59.5054512Z [command]/usr/bin/git config --global --add safe.directory /home/runner/work/keycloak/keycloak
Status Check - Keycloak Operator CI	UNKNOWN STEP	2025-06-05T15:37:59.5088281Z [command]/usr/bin/git config --local --name-only --get-regexp core\.sshCommand
Status Check - Keycloak Operator CI	UNKNOWN STEP	2025-06-05T15:37:59.5120660Z [command]/usr/bin/git submodule foreach --recursive sh -c "git config --local --name-only --get-regexp 'core\.sshCommand' && git config --local --unset-all 'core.sshCommand' || :"
Status Check - Keycloak Operator CI	UNKNOWN STEP	2025-06-05T15:37:59.5359249Z [command]/usr/bin/git config --local --name-only --get-regexp http\.https\:\/\/github\.com\/\.extraheader
Status Check - Keycloak Operator CI	UNKNOWN STEP	2025-06-05T15:37:59.5379180Z http.https://github.com/.extraheader
Status Check - Keycloak Operator CI	UNKNOWN STEP	2025-06-05T15:37:59.5391680Z [command]/usr/bin/git config --local --unset-all http.https://github.com/.extraheader
Status Check - Keycloak Operator CI	UNKNOWN STEP	2025-06-05T15:37:59.5421203Z [command]/usr/bin/git submodule foreach --recursive sh -c "git config --local --name-only --get-regexp 'http\.https\:\/\/github\.com\/\.extraheader' && git config --local --unset-all 'http.https://github.com/.extraheader' || :"
Status Check - Keycloak Operator CI	UNKNOWN STEP	2025-06-05T15:37:59.5820897Z Cleaning up orphan processes
