Java Distribution IT (windows-latest, temurin, 17)	Integration test setup	2024-08-26T08:11:21.7009898Z Prepare all required actions
Java Distribution IT (windows-latest, temurin, 17)	Integration test setup	2024-08-26T08:11:21.7010417Z Getting action download info
Java Distribution IT (windows-latest, temurin, 17)	Integration test setup	2024-08-26T08:11:21.8018797Z Download action repository 'actions/download-artifact@v4' (SHA:fa0a91b85d4f404e444e00e005971372dc801d16)
Java Distribution IT (windows-latest, temurin, 17)	Integration test setup	2024-08-26T08:11:22.1000823Z ##[group]Run ./.github/actions/integration-test-setup
Java Distribution IT (windows-latest, temurin, 17)	Integration test setup	2024-08-26T08:11:22.1001757Z with:
Java Distribution IT (windows-latest, temurin, 17)	Integration test setup	2024-08-26T08:11:22.1002385Z   jdk-dist: temurin
Java Distribution IT (windows-latest, temurin, 17)	Integration test setup	2024-08-26T08:11:22.1003126Z   jdk-version: 17
Java Distribution IT (windows-latest, temurin, 17)	Integration test setup	2024-08-26T08:11:22.1004231Z env:
Java Distribution IT (windows-latest, temurin, 17)	Integration test setup	2024-08-26T08:11:22.1005007Z   MAVEN_ARGS: -B -nsu -Daether.connector.http.connectionMaxTtl=25
Java Distribution IT (windows-latest, temurin, 17)	Integration test setup	2024-08-26T08:11:22.1009332Z   SUREFIRE_RERUN_FAILING_COUNT: 2
Java Distribution IT (windows-latest, temurin, 17)	Integration test setup	2024-08-26T08:11:22.1009914Z   SUREFIRE_RETRY: -Dsurefire.rerunFailingTestsCount=2
Java Distribution IT (windows-latest, temurin, 17)	Integration test setup	2024-08-26T08:11:22.1010321Z ##[endgroup]
Java Distribution IT (windows-latest, temurin, 17)	Integration test setup	2024-08-26T08:11:22.1306791Z Prepare all required actions
Java Distribution IT (windows-latest, temurin, 17)	Integration test setup	2024-08-26T08:11:22.1307149Z Getting action download info
Java Distribution IT (windows-latest, temurin, 17)	Integration test setup	2024-08-26T08:11:22.2264193Z Download action repository 'actions/setup-java@v4' (SHA:6a0805fcefea3d4657a47ac4c165951e33482018)
Java Distribution IT (windows-latest, temurin, 17)	Integration test setup	2024-08-26T08:11:22.4718104Z ##[group]Run ./.github/actions/java-setup
Java Distribution IT (windows-latest, temurin, 17)	Integration test setup	2024-08-26T08:11:22.4718420Z with:
Java Distribution IT (windows-latest, temurin, 17)	Integration test setup	2024-08-26T08:11:22.4718613Z   distribution: temurin
Java Distribution IT (windows-latest, temurin, 17)	Integration test setup	2024-08-26T08:11:22.4718850Z   java-version: 17
Java Distribution IT (windows-latest, temurin, 17)	Integration test setup	2024-08-26T08:11:22.4719042Z env:
Java Distribution IT (windows-latest, temurin, 17)	Integration test setup	2024-08-26T08:11:22.4719352Z   MAVEN_ARGS: -B -nsu -Daether.connector.http.connectionMaxTtl=25
Java Distribution IT (windows-latest, temurin, 17)	Integration test setup	2024-08-26T08:11:22.4719790Z   SUREFIRE_RERUN_FAILING_COUNT: 2
Java Distribution IT (windows-latest, temurin, 17)	Integration test setup	2024-08-26T08:11:22.4720147Z   SUREFIRE_RETRY: -Dsurefire.rerunFailingTestsCount=2
Java Distribution IT (windows-latest, temurin, 17)	Integration test setup	2024-08-26T08:11:22.4721087Z ##[endgroup]
Java Distribution IT (windows-latest, temurin, 17)	Integration test setup	2024-08-26T08:11:22.4880699Z ##[group]Run actions/setup-java@v4
Java Distribution IT (windows-latest, temurin, 17)	Integration test setup	2024-08-26T08:11:22.4881015Z with:
Java Distribution IT (windows-latest, temurin, 17)	Integration test setup	2024-08-26T08:11:22.4881221Z   distribution: temurin
Java Distribution IT (windows-latest, temurin, 17)	Integration test setup	2024-08-26T08:11:22.4881478Z   java-version: 17
Java Distribution IT (windows-latest, temurin, 17)	Integration test setup	2024-08-26T08:11:22.4881711Z   java-package: jdk
Java Distribution IT (windows-latest, temurin, 17)	Integration test setup	2024-08-26T08:11:22.4881956Z   check-latest: false
Java Distribution IT (windows-latest, temurin, 17)	Integration test setup	2024-08-26T08:11:22.4882212Z   server-id: github
Java Distribution IT (windows-latest, temurin, 17)	Integration test setup	2024-08-26T08:11:22.4882463Z   server-username: GITHUB_ACTOR
Java Distribution IT (windows-latest, temurin, 17)	Integration test setup	2024-08-26T08:11:22.4882774Z   server-password: GITHUB_TOKEN
Java Distribution IT (windows-latest, temurin, 17)	Integration test setup	2024-08-26T08:11:22.4883100Z   overwrite-settings: true
Java Distribution IT (windows-latest, temurin, 17)	Integration test setup	2024-08-26T08:11:22.4883366Z   job-status: success
Java Distribution IT (windows-latest, temurin, 17)	Integration test setup	2024-08-26T08:11:22.4883762Z   token: ***
Java Distribution IT (windows-latest, temurin, 17)	Integration test setup	2024-08-26T08:11:22.4883965Z env:
Java Distribution IT (windows-latest, temurin, 17)	Integration test setup	2024-08-26T08:11:22.4884293Z   MAVEN_ARGS: -B -nsu -Daether.connector.http.connectionMaxTtl=25
Java Distribution IT (windows-latest, temurin, 17)	Integration test setup	2024-08-26T08:11:22.4884761Z   SUREFIRE_RERUN_FAILING_COUNT: 2
Java Distribution IT (windows-latest, temurin, 17)	Integration test setup	2024-08-26T08:11:22.4885153Z   SUREFIRE_RETRY: -Dsurefire.rerunFailingTestsCount=2
Java Distribution IT (windows-latest, temurin, 17)	Integration test setup	2024-08-26T08:11:22.4885543Z ##[endgroup]
Java Distribution IT (windows-latest, temurin, 17)	Integration test setup	2024-08-26T08:11:22.7292120Z ##[group]Installed distributions
Java Distribution IT (windows-latest, temurin, 17)	Integration test setup	2024-08-26T08:11:22.7363915Z Resolved Java 17.0.12+7 from tool-cache
Java Distribution IT (windows-latest, temurin, 17)	Integration test setup	2024-08-26T08:11:22.7364821Z Setting Java 17.0.12+7 as the default
Java Distribution IT (windows-latest, temurin, 17)	Integration test setup	2024-08-26T08:11:22.7392407Z Creating toolchains.xml for JDK version 17 from temurin
Java Distribution IT (windows-latest, temurin, 17)	Integration test setup	2024-08-26T08:11:22.7495991Z Writing to C:\Users\runneradmin\.m2\toolchains.xml
Java Distribution IT (windows-latest, temurin, 17)	Integration test setup	2024-08-26T08:11:22.7499383Z 
Java Distribution IT (windows-latest, temurin, 17)	Integration test setup	2024-08-26T08:11:22.7499762Z Java configuration:
Java Distribution IT (windows-latest, temurin, 17)	Integration test setup	2024-08-26T08:11:22.7500214Z   Distribution: temurin
Java Distribution IT (windows-latest, temurin, 17)	Integration test setup	2024-08-26T08:11:22.7501090Z   Version: 17.0.12+7
Java Distribution IT (windows-latest, temurin, 17)	Integration test setup	2024-08-26T08:11:22.7504940Z   Path: C:\hostedtoolcache\windows\Java_Temurin-Hotspot_jdk\17.0.12-7\x64
Java Distribution IT (windows-latest, temurin, 17)	Integration test setup	2024-08-26T08:11:22.7505615Z 
Java Distribution IT (windows-latest, temurin, 17)	Integration test setup	2024-08-26T08:11:22.7506165Z ##[endgroup]
Java Distribution IT (windows-latest, temurin, 17)	Integration test setup	2024-08-26T08:11:22.7527866Z Creating settings.xml with server-id: github
Java Distribution IT (windows-latest, temurin, 17)	Integration test setup	2024-08-26T08:11:22.7529583Z Writing to C:\Users\runneradmin\.m2\settings.xml
Java Distribution IT (windows-latest, temurin, 17)	Integration test setup	2024-08-26T08:11:22.7800836Z Prepare all required actions
Java Distribution IT (windows-latest, temurin, 17)	Integration test setup	2024-08-26T08:11:22.7801192Z Getting action download info
Java Distribution IT (windows-latest, temurin, 17)	Integration test setup	2024-08-26T08:11:22.8711370Z Download action repository 'actions/cache@v4' (SHA:0c45773b623bea8c8e75f6c82b208c3cf94ea4f9)
Java Distribution IT (windows-latest, temurin, 17)	Integration test setup	2024-08-26T08:11:23.0687107Z ##[group]Run ./.github/actions/maven-cache
Java Distribution IT (windows-latest, temurin, 17)	Integration test setup	2024-08-26T08:11:23.0687502Z with:
Java Distribution IT (windows-latest, temurin, 17)	Integration test setup	2024-08-26T08:11:23.0687785Z   create-cache-if-it-doesnt-exist: false
Java Distribution IT (windows-latest, temurin, 17)	Integration test setup	2024-08-26T08:11:23.0688163Z env:
Java Distribution IT (windows-latest, temurin, 17)	Integration test setup	2024-08-26T08:11:23.0688544Z   MAVEN_ARGS: -B -nsu -Daether.connector.http.connectionMaxTtl=25
Java Distribution IT (windows-latest, temurin, 17)	Integration test setup	2024-08-26T08:11:23.0689086Z   SUREFIRE_RERUN_FAILING_COUNT: 2
Java Distribution IT (windows-latest, temurin, 17)	Integration test setup	2024-08-26T08:11:23.0689530Z   SUREFIRE_RETRY: -Dsurefire.rerunFailingTestsCount=2
Java Distribution IT (windows-latest, temurin, 17)	Integration test setup	2024-08-26T08:11:23.0692109Z   JAVA_HOME: C:\hostedtoolcache\windows\Java_Temurin-Hotspot_jdk\17.0.12-7\x64
Java Distribution IT (windows-latest, temurin, 17)	Integration test setup	2024-08-26T08:11:23.0692773Z   JAVA_HOME_17_X64: C:\hostedtoolcache\windows\Java_Temurin-Hotspot_jdk\17.0.12-7\x64
Java Distribution IT (windows-latest, temurin, 17)	Integration test setup	2024-08-26T08:11:23.0693251Z ##[endgroup]
Java Distribution IT (windows-latest, temurin, 17)	Integration test setup	2024-08-26T08:11:23.0823533Z ##[group]Run echo "key=mvn-`date -u "+%Y-%U"`" >> $GITHUB_OUTPUT
Java Distribution IT (windows-latest, temurin, 17)	Integration test setup	2024-08-26T08:11:23.0824136Z [36;1mecho "key=mvn-`date -u "+%Y-%U"`" >> $GITHUB_OUTPUT[0m
Java Distribution IT (windows-latest, temurin, 17)	Integration test setup	2024-08-26T08:11:23.3010572Z shell: C:\Program Files\Git\bin\bash.EXE --noprofile --norc -e -o pipefail {0}
Java Distribution IT (windows-latest, temurin, 17)	Integration test setup	2024-08-26T08:11:23.3011370Z env:
Java Distribution IT (windows-latest, temurin, 17)	Integration test setup	2024-08-26T08:11:23.3011738Z   MAVEN_ARGS: -B -nsu -Daether.connector.http.connectionMaxTtl=25
Java Distribution IT (windows-latest, temurin, 17)	Integration test setup	2024-08-26T08:11:23.3012248Z   SUREFIRE_RERUN_FAILING_COUNT: 2
Java Distribution IT (windows-latest, temurin, 17)	Integration test setup	2024-08-26T08:11:23.3012655Z   SUREFIRE_RETRY: -Dsurefire.rerunFailingTestsCount=2
Java Distribution IT (windows-latest, temurin, 17)	Integration test setup	2024-08-26T08:11:23.3013270Z   JAVA_HOME: C:\hostedtoolcache\windows\Java_Temurin-Hotspot_jdk\17.0.12-7\x64
Java Distribution IT (windows-latest, temurin, 17)	Integration test setup	2024-08-26T08:11:23.3014009Z   JAVA_HOME_17_X64: C:\hostedtoolcache\windows\Java_Temurin-Hotspot_jdk\17.0.12-7\x64
Java Distribution IT (windows-latest, temurin, 17)	Integration test setup	2024-08-26T08:11:23.3014576Z ##[endgroup]
Java Distribution IT (windows-latest, temurin, 17)	Integration test setup	2024-08-26T08:11:23.5987774Z ##[group]Run mkdir -p ../../../.m2/repository
Java Distribution IT (windows-latest, temurin, 17)	Integration test setup	2024-08-26T08:11:23.5988187Z [36;1mmkdir -p ../../../.m2/repository[0m
Java Distribution IT (windows-latest, temurin, 17)	Integration test setup	2024-08-26T08:11:23.5988637Z [36;1mcmd /c mklink /d $HOME\.m2\repository D:\.m2\repository[0m
Java Distribution IT (windows-latest, temurin, 17)	Integration test setup	2024-08-26T08:11:23.6018486Z shell: C:\Windows\System32\WindowsPowerShell\v1.0\powershell.EXE -command ". '{0}'"
Java Distribution IT (windows-latest, temurin, 17)	Integration test setup	2024-08-26T08:11:23.6019004Z env:
Java Distribution IT (windows-latest, temurin, 17)	Integration test setup	2024-08-26T08:11:23.6019329Z   MAVEN_ARGS: -B -nsu -Daether.connector.http.connectionMaxTtl=25
Java Distribution IT (windows-latest, temurin, 17)	Integration test setup	2024-08-26T08:11:23.6019788Z   SUREFIRE_RERUN_FAILING_COUNT: 2
Java Distribution IT (windows-latest, temurin, 17)	Integration test setup	2024-08-26T08:11:23.6020147Z   SUREFIRE_RETRY: -Dsurefire.rerunFailingTestsCount=2
Java Distribution IT (windows-latest, temurin, 17)	Integration test setup	2024-08-26T08:11:23.6020673Z   JAVA_HOME: C:\hostedtoolcache\windows\Java_Temurin-Hotspot_jdk\17.0.12-7\x64
Java Distribution IT (windows-latest, temurin, 17)	Integration test setup	2024-08-26T08:11:23.6021328Z   JAVA_HOME_17_X64: C:\hostedtoolcache\windows\Java_Temurin-Hotspot_jdk\17.0.12-7\x64
Java Distribution IT (windows-latest, temurin, 17)	Integration test setup	2024-08-26T08:11:23.6021801Z ##[endgroup]
Java Distribution IT (windows-latest, temurin, 17)	Integration test setup	2024-08-26T08:11:23.8504385Z 
Java Distribution IT (windows-latest, temurin, 17)	Integration test setup	2024-08-26T08:11:23.8504676Z 
Java Distribution IT (windows-latest, temurin, 17)	Integration test setup	2024-08-26T08:11:23.8508284Z     Directory: D:\.m2
Java Distribution IT (windows-latest, temurin, 17)	Integration test setup	2024-08-26T08:11:23.8508684Z 
Java Distribution IT (windows-latest, temurin, 17)	Integration test setup	2024-08-26T08:11:23.8508696Z 
Java Distribution IT (windows-latest, temurin, 17)	Integration test setup	2024-08-26T08:11:23.8520867Z Mode                 LastWriteTime         Length Name                                                                 
Java Distribution IT (windows-latest, temurin, 17)	Integration test setup	2024-08-26T08:11:23.8526580Z ----                 -------------         ------ ----                                                                 
Java Distribution IT (windows-latest, temurin, 17)	Integration test setup	2024-08-26T08:11:23.8537938Z d-----         8/26/2024   8:11 AM                repository                                                           
Java Distribution IT (windows-latest, temurin, 17)	Integration test setup	2024-08-26T08:11:23.8656876Z symbolic link created for C:\Users\runneradmin\.m2\repository <<===>> D:\.m2\repository
Java Distribution IT (windows-latest, temurin, 17)	Integration test setup	2024-08-26T08:11:23.8694400Z 
Java Distribution IT (windows-latest, temurin, 17)	Integration test setup	2024-08-26T08:11:23.8695445Z 
Java Distribution IT (windows-latest, temurin, 17)	Integration test setup	2024-08-26T08:11:23.8992679Z ##[group]Run actions/cache/restore@v4
Java Distribution IT (windows-latest, temurin, 17)	Integration test setup	2024-08-26T08:11:23.8992999Z with:
Java Distribution IT (windows-latest, temurin, 17)	Integration test setup	2024-08-26T08:11:23.8993303Z   path: ~/.m2/repository/*/*
Java Distribution IT (windows-latest, temurin, 17)	Integration test setup	!~/.m2/repository/org/keycloak
Java Distribution IT (windows-latest, temurin, 17)	Integration test setup	
Java Distribution IT (windows-latest, temurin, 17)	Integration test setup	2024-08-26T08:11:23.8993693Z   key: mvn-2024-34
Java Distribution IT (windows-latest, temurin, 17)	Integration test setup	2024-08-26T08:11:23.8993949Z   enableCrossOsArchive: true
Java Distribution IT (windows-latest, temurin, 17)	Integration test setup	2024-08-26T08:11:23.8994227Z   fail-on-cache-miss: false
Java Distribution IT (windows-latest, temurin, 17)	Integration test setup	2024-08-26T08:11:23.8994478Z   lookup-only: false
Java Distribution IT (windows-latest, temurin, 17)	Integration test setup	2024-08-26T08:11:23.8994693Z env:
Java Distribution IT (windows-latest, temurin, 17)	Integration test setup	2024-08-26T08:11:23.8995011Z   MAVEN_ARGS: -B -nsu -Daether.connector.http.connectionMaxTtl=25
Java Distribution IT (windows-latest, temurin, 17)	Integration test setup	2024-08-26T08:11:23.8995444Z   SUREFIRE_RERUN_FAILING_COUNT: 2
Java Distribution IT (windows-latest, temurin, 17)	Integration test setup	2024-08-26T08:11:23.8995804Z   SUREFIRE_RETRY: -Dsurefire.rerunFailingTestsCount=2
Java Distribution IT (windows-latest, temurin, 17)	Integration test setup	2024-08-26T08:11:23.8996337Z   JAVA_HOME: C:\hostedtoolcache\windows\Java_Temurin-Hotspot_jdk\17.0.12-7\x64
Java Distribution IT (windows-latest, temurin, 17)	Integration test setup	2024-08-26T08:11:23.8996991Z   JAVA_HOME_17_X64: C:\hostedtoolcache\windows\Java_Temurin-Hotspot_jdk\17.0.12-7\x64
Java Distribution IT (windows-latest, temurin, 17)	Integration test setup	2024-08-26T08:11:23.8997463Z ##[endgroup]
Java Distribution IT (windows-latest, temurin, 17)	Integration test setup	2024-08-26T08:11:25.4741315Z Received 310378496 of 567642795 (54.7%), 295.4 MBs/sec
Java Distribution IT (windows-latest, temurin, 17)	Integration test setup	2024-08-26T08:11:26.1442704Z Cache Size: ~541 MB (567642795 B)
Java Distribution IT (windows-latest, temurin, 17)	Integration test setup	2024-08-26T08:11:26.1550937Z [command]"C:\Program Files\Git\usr\bin\tar.exe" -xf D:/a/_temp/1a40a223-42f5-4780-b988-e8b099c4384a/cache.tzst -P -C D:/a/keycloak/keycloak --force-local --use-compress-program "zstd -d"
Java Distribution IT (windows-latest, temurin, 17)	Integration test setup	2024-08-26T08:11:26.4741076Z Received 567642795 of 567642795 (100.0%), 270.4 MBs/sec
Java Distribution IT (windows-latest, temurin, 17)	Integration test setup	2024-08-26T08:11:31.0898158Z Cache restored successfully
Java Distribution IT (windows-latest, temurin, 17)	Integration test setup	2024-08-26T08:11:31.1271625Z Cache restored from key: mvn-2024-34
Java Distribution IT (windows-latest, temurin, 17)	Integration test setup	2024-08-26T08:11:31.1509259Z Prepare all required actions
Java Distribution IT (windows-latest, temurin, 17)	Integration test setup	2024-08-26T08:11:31.1509639Z Getting action download info
Java Distribution IT (windows-latest, temurin, 17)	Integration test setup	2024-08-26T08:11:31.2592268Z ##[group]Run ./.github/actions/frontend-plugin-cache
Java Distribution IT (windows-latest, temurin, 17)	Integration test setup	2024-08-26T08:11:31.2592945Z env:
Java Distribution IT (windows-latest, temurin, 17)	Integration test setup	2024-08-26T08:11:31.2593554Z   MAVEN_ARGS: -B -nsu -Daether.connector.http.connectionMaxTtl=25
Java Distribution IT (windows-latest, temurin, 17)	Integration test setup	2024-08-26T08:11:31.2595153Z   SUREFIRE_RERUN_FAILING_COUNT: 2
Java Distribution IT (windows-latest, temurin, 17)	Integration test setup	2024-08-26T08:11:31.2595664Z   SUREFIRE_RETRY: -Dsurefire.rerunFailingTestsCount=2
Java Distribution IT (windows-latest, temurin, 17)	Integration test setup	2024-08-26T08:11:31.2596405Z   JAVA_HOME: C:\hostedtoolcache\windows\Java_Temurin-Hotspot_jdk\17.0.12-7\x64
Java Distribution IT (windows-latest, temurin, 17)	Integration test setup	2024-08-26T08:11:31.2597292Z   JAVA_HOME_17_X64: C:\hostedtoolcache\windows\Java_Temurin-Hotspot_jdk\17.0.12-7\x64
Java Distribution IT (windows-latest, temurin, 17)	Integration test setup	2024-08-26T08:11:31.2597945Z ##[endgroup]
Java Distribution IT (windows-latest, temurin, 17)	Integration test setup	2024-08-26T08:11:31.2693452Z ##[group]Run echo "version=$(mvn help:evaluate -Dexpression=pnpm.version -q -DforceStdout)" >> $GITHUB_OUTPUT
Java Distribution IT (windows-latest, temurin, 17)	Integration test setup	2024-08-26T08:11:31.2694431Z [36;1mecho "version=$(mvn help:evaluate -Dexpression=pnpm.version -q -DforceStdout)" >> $GITHUB_OUTPUT[0m
Java Distribution IT (windows-latest, temurin, 17)	Integration test setup	2024-08-26T08:11:31.2706168Z shell: C:\Program Files\Git\bin\bash.EXE --noprofile --norc -e -o pipefail {0}
Java Distribution IT (windows-latest, temurin, 17)	Integration test setup	2024-08-26T08:11:31.2706666Z env:
Java Distribution IT (windows-latest, temurin, 17)	Integration test setup	2024-08-26T08:11:31.2706995Z   MAVEN_ARGS: -B -nsu -Daether.connector.http.connectionMaxTtl=25
Java Distribution IT (windows-latest, temurin, 17)	Integration test setup	2024-08-26T08:11:31.2707438Z   SUREFIRE_RERUN_FAILING_COUNT: 2
Java Distribution IT (windows-latest, temurin, 17)	Integration test setup	2024-08-26T08:11:31.2707810Z   SUREFIRE_RETRY: -Dsurefire.rerunFailingTestsCount=2
Java Distribution IT (windows-latest, temurin, 17)	Integration test setup	2024-08-26T08:11:31.2708352Z   JAVA_HOME: C:\hostedtoolcache\windows\Java_Temurin-Hotspot_jdk\17.0.12-7\x64
Java Distribution IT (windows-latest, temurin, 17)	Integration test setup	2024-08-26T08:11:31.2709004Z   JAVA_HOME_17_X64: C:\hostedtoolcache\windows\Java_Temurin-Hotspot_jdk\17.0.12-7\x64
Java Distribution IT (windows-latest, temurin, 17)	Integration test setup	2024-08-26T08:11:31.2709486Z ##[endgroup]
Java Distribution IT (windows-latest, temurin, 17)	Integration test setup	2024-08-26T08:12:16.9470883Z ##[group]Run actions/cache@v4
Java Distribution IT (windows-latest, temurin, 17)	Integration test setup	2024-08-26T08:12:16.9471186Z with:
Java Distribution IT (windows-latest, temurin, 17)	Integration test setup	2024-08-26T08:12:16.9471617Z   path: ~/.local/share/pnpm/store
Java Distribution IT (windows-latest, temurin, 17)	Integration test setup	~/AppData/Local/pnpm/store
Java Distribution IT (windows-latest, temurin, 17)	Integration test setup	~/Library/pnpm/store
Java Distribution IT (windows-latest, temurin, 17)	Integration test setup	
Java Distribution IT (windows-latest, temurin, 17)	Integration test setup	2024-08-26T08:12:16.9472531Z   key: Windows-frontend-plugin-pnpm-store-9.1.0-013f71a5427f844e236134e763d88080a824c2101d781e88af805e2e6a561721
Java Distribution IT (windows-latest, temurin, 17)	Integration test setup	2024-08-26T08:12:16.9473252Z   enableCrossOsArchive: false
Java Distribution IT (windows-latest, temurin, 17)	Integration test setup	2024-08-26T08:12:16.9473539Z   fail-on-cache-miss: false
Java Distribution IT (windows-latest, temurin, 17)	Integration test setup	2024-08-26T08:12:16.9473815Z   lookup-only: false
Java Distribution IT (windows-latest, temurin, 17)	Integration test setup	2024-08-26T08:12:16.9474056Z   save-always: false
Java Distribution IT (windows-latest, temurin, 17)	Integration test setup	2024-08-26T08:12:16.9474279Z env:
Java Distribution IT (windows-latest, temurin, 17)	Integration test setup	2024-08-26T08:12:16.9474606Z   MAVEN_ARGS: -B -nsu -Daether.connector.http.connectionMaxTtl=25
Java Distribution IT (windows-latest, temurin, 17)	Integration test setup	2024-08-26T08:12:16.9475067Z   SUREFIRE_RERUN_FAILING_COUNT: 2
Java Distribution IT (windows-latest, temurin, 17)	Integration test setup	2024-08-26T08:12:16.9475447Z   SUREFIRE_RETRY: -Dsurefire.rerunFailingTestsCount=2
Java Distribution IT (windows-latest, temurin, 17)	Integration test setup	2024-08-26T08:12:16.9476003Z   JAVA_HOME: C:\hostedtoolcache\windows\Java_Temurin-Hotspot_jdk\17.0.12-7\x64
Java Distribution IT (windows-latest, temurin, 17)	Integration test setup	2024-08-26T08:12:16.9476668Z   JAVA_HOME_17_X64: C:\hostedtoolcache\windows\Java_Temurin-Hotspot_jdk\17.0.12-7\x64
Java Distribution IT (windows-latest, temurin, 17)	Integration test setup	2024-08-26T08:12:16.9477156Z ##[endgroup]
Java Distribution IT (windows-latest, temurin, 17)	Integration test setup	2024-08-26T08:12:17.2804641Z Cache not found for input keys: Windows-frontend-plugin-pnpm-store-9.1.0-013f71a5427f844e236134e763d88080a824c2101d781e88af805e2e6a561721
Java Distribution IT (windows-latest, temurin, 17)	Integration test setup	2024-08-26T08:12:17.2992665Z ##[group]Run actions/download-artifact@v4
Java Distribution IT (windows-latest, temurin, 17)	Integration test setup	2024-08-26T08:12:17.2992995Z with:
Java Distribution IT (windows-latest, temurin, 17)	Integration test setup	2024-08-26T08:12:17.2993199Z   name: m2-keycloak.tzts
Java Distribution IT (windows-latest, temurin, 17)	Integration test setup	2024-08-26T08:12:17.2993458Z   merge-multiple: false
Java Distribution IT (windows-latest, temurin, 17)	Integration test setup	2024-08-26T08:12:17.2993707Z   repository: keycloak/keycloak
Java Distribution IT (windows-latest, temurin, 17)	Integration test setup	2024-08-26T08:12:17.2993982Z   run-id: 10385694156
Java Distribution IT (windows-latest, temurin, 17)	Integration test setup	2024-08-26T08:12:17.2994203Z env:
Java Distribution IT (windows-latest, temurin, 17)	Integration test setup	2024-08-26T08:12:17.2994544Z   MAVEN_ARGS: -B -nsu -Daether.connector.http.connectionMaxTtl=25
Java Distribution IT (windows-latest, temurin, 17)	Integration test setup	2024-08-26T08:12:17.2994990Z   SUREFIRE_RERUN_FAILING_COUNT: 2
Java Distribution IT (windows-latest, temurin, 17)	Integration test setup	2024-08-26T08:12:17.2995347Z   SUREFIRE_RETRY: -Dsurefire.rerunFailingTestsCount=2
Java Distribution IT (windows-latest, temurin, 17)	Integration test setup	2024-08-26T08:12:17.2995887Z   JAVA_HOME: C:\hostedtoolcache\windows\Java_Temurin-Hotspot_jdk\17.0.12-7\x64
Java Distribution IT (windows-latest, temurin, 17)	Integration test setup	2024-08-26T08:12:17.2996537Z   JAVA_HOME_17_X64: C:\hostedtoolcache\windows\Java_Temurin-Hotspot_jdk\17.0.12-7\x64
Java Distribution IT (windows-latest, temurin, 17)	Integration test setup	2024-08-26T08:12:17.2997015Z ##[endgroup]
Java Distribution IT (windows-latest, temurin, 17)	Integration test setup	2024-08-26T08:12:17.5556073Z Downloading single artifact
Java Distribution IT (windows-latest, temurin, 17)	Integration test setup	2024-08-26T08:12:17.6528632Z ##[error]Unable to download artifact(s): Artifact not found for name: m2-keycloak.tzts
Java Distribution IT (windows-latest, temurin, 17)	Integration test setup	        Please ensure that your artifact is not expired and the artifact was uploaded using a compatible version of toolkit/upload-artifact.
Java Distribution IT (windows-latest, temurin, 17)	Integration test setup	        For more information, visit the GitHub Artifacts FAQ: https://github.com/actions/toolkit/blob/main/packages/artifact/docs/faq.md
Status Check - Keycloak CI	Run /./.github/actions/status-check	2024-08-26T08:12:31.4099931Z Prepare all required actions
Status Check - Keycloak CI	Run /./.github/actions/status-check	2024-08-26T08:12:31.4198715Z ##[group]Run ./.github/actions/status-check
Status Check - Keycloak CI	Run /./.github/actions/status-check	2024-08-26T08:12:31.4199211Z with:
Status Check - Keycloak CI	Run /./.github/actions/status-check	2024-08-26T08:12:31.4203919Z   jobs: {
Status Check - Keycloak CI	Run /./.github/actions/status-check	  "conditional": {
Status Check - Keycloak CI	Run /./.github/actions/status-check	    "result": "success",
Status Check - Keycloak CI	Run /./.github/actions/status-check	    "outputs": {
Status Check - Keycloak CI	Run /./.github/actions/status-check	      "ci": "true",
Status Check - Keycloak CI	Run /./.github/actions/status-check	      "ci-aurora": "false",
Status Check - Keycloak CI	Run /./.github/actions/status-check	      "ci-quarkus": "false",
Status Check - Keycloak CI	Run /./.github/actions/status-check	      "ci-sssd": "false",
Status Check - Keycloak CI	Run /./.github/actions/status-check	      "ci-store": "true",
Status Check - Keycloak CI	Run /./.github/actions/status-check	      "ci-test-poc": "false",
Status Check - Keycloak CI	Run /./.github/actions/status-check	      "ci-webauthn": "true"
Status Check - Keycloak CI	Run /./.github/actions/status-check	    }
Status Check - Keycloak CI	Run /./.github/actions/status-check	  },
Status Check - Keycloak CI	Run /./.github/actions/status-check	  "build": {
Status Check - Keycloak CI	Run /./.github/actions/status-check	    "result": "success",
Status Check - Keycloak CI	Run /./.github/actions/status-check	    "outputs": {}
Status Check - Keycloak CI	Run /./.github/actions/status-check	  },
Status Check - Keycloak CI	Run /./.github/actions/status-check	  "unit-tests": {
Status Check - Keycloak CI	Run /./.github/actions/status-check	    "result": "success",
Status Check - Keycloak CI	Run /./.github/actions/status-check	    "outputs": {}
Status Check - Keycloak CI	Run /./.github/actions/status-check	  },
Status Check - Keycloak CI	Run /./.github/actions/status-check	  "base-integration-tests": {
Status Check - Keycloak CI	Run /./.github/actions/status-check	    "result": "success",
Status Check - Keycloak CI	Run /./.github/actions/status-check	    "outputs": {}
Status Check - Keycloak CI	Run /./.github/actions/status-check	  },
Status Check - Keycloak CI	Run /./.github/actions/status-check	  "adapter-integration-tests": {
Status Check - Keycloak CI	Run /./.github/actions/status-check	    "result": "success",
Status Check - Keycloak CI	Run /./.github/actions/status-check	    "outputs": {}
Status Check - Keycloak CI	Run /./.github/actions/status-check	  },
Status Check - Keycloak CI	Run /./.github/actions/status-check	  "quarkus-unit-tests": {
Status Check - Keycloak CI	Run /./.github/actions/status-check	    "result": "skipped",
Status Check - Keycloak CI	Run /./.github/actions/status-check	    "outputs": {}
Status Check - Keycloak CI	Run /./.github/actions/status-check	  },
Status Check - Keycloak CI	Run /./.github/actions/status-check	  "quarkus-integration-tests": {
Status Check - Keycloak CI	Run /./.github/actions/status-check	    "result": "success",
Status Check - Keycloak CI	Run /./.github/actions/status-check	    "outputs": {}
Status Check - Keycloak CI	Run /./.github/actions/status-check	  },
Status Check - Keycloak CI	Run /./.github/actions/status-check	  "jdk-integration-tests": {
Status Check - Keycloak CI	Run /./.github/actions/status-check	    "result": "failure",
Status Check - Keycloak CI	Run /./.github/actions/status-check	    "outputs": {}
Status Check - Keycloak CI	Run /./.github/actions/status-check	  },
Status Check - Keycloak CI	Run /./.github/actions/status-check	  "store-integration-tests": {
Status Check - Keycloak CI	Run /./.github/actions/status-check	    "result": "success",
Status Check - Keycloak CI	Run /./.github/actions/status-check	    "outputs": {}
Status Check - Keycloak CI	Run /./.github/actions/status-check	  },
Status Check - Keycloak CI	Run /./.github/actions/status-check	  "persistent-sessions-tests": {
Status Check - Keycloak CI	Run /./.github/actions/status-check	    "result": "success",
Status Check - Keycloak CI	Run /./.github/actions/status-check	    "outputs": {}
Status Check - Keycloak CI	Run /./.github/actions/status-check	  },
Status Check - Keycloak CI	Run /./.github/actions/status-check	  "store-model-tests": {
Status Check - Keycloak CI	Run /./.github/actions/status-check	    "result": "success",
Status Check - Keycloak CI	Run /./.github/actions/status-check	    "outputs": {}
Status Check - Keycloak CI	Run /./.github/actions/status-check	  },
Status Check - Keycloak CI	Run /./.github/actions/status-check	  "clustering-integration-tests": {
Status Check - Keycloak CI	Run /./.github/actions/status-check	    "result": "success",
Status Check - Keycloak CI	Run /./.github/actions/status-check	    "outputs": {}
Status Check - Keycloak CI	Run /./.github/actions/status-check	  },
Status Check - Keycloak CI	Run /./.github/actions/status-check	  "fips-unit-tests": {
Status Check - Keycloak CI	Run /./.github/actions/status-check	    "result": "success",
Status Check - Keycloak CI	Run /./.github/actions/status-check	    "outputs": {}
Status Check - Keycloak CI	Run /./.github/actions/status-check	  },
Status Check - Keycloak CI	Run /./.github/actions/status-check	  "fips-integration-tests": {
Status Check - Keycloak CI	Run /./.github/actions/status-check	    "result": "success",
Status Check - Keycloak CI	Run /./.github/actions/status-check	    "outputs": {}
Status Check - Keycloak CI	Run /./.github/actions/status-check	  },
Status Check - Keycloak CI	Run /./.github/actions/status-check	  "forms-integration-tests": {
Status Check - Keycloak CI	Run /./.github/actions/status-check	    "result": "success",
Status Check - Keycloak CI	Run /./.github/actions/status-check	    "outputs": {}
Status Check - Keycloak CI	Run /./.github/actions/status-check	  },
Status Check - Keycloak CI	Run /./.github/actions/status-check	  "webauthn-integration-tests": {
Status Check - Keycloak CI	Run /./.github/actions/status-check	    "result": "success",
Status Check - Keycloak CI	Run /./.github/actions/status-check	    "outputs": {}
Status Check - Keycloak CI	Run /./.github/actions/status-check	  },
Status Check - Keycloak CI	Run /./.github/actions/status-check	  "sssd-unit-tests": {
Status Check - Keycloak CI	Run /./.github/actions/status-check	    "result": "skipped",
Status Check - Keycloak CI	Run /./.github/actions/status-check	    "outputs": {}
Status Check - Keycloak CI	Run /./.github/actions/status-check	  },
Status Check - Keycloak CI	Run /./.github/actions/status-check	  "migration-tests": {
Status Check - Keycloak CI	Run /./.github/actions/status-check	    "result": "success",
Status Check - Keycloak CI	Run /./.github/actions/status-check	    "outputs": {}
Status Check - Keycloak CI	Run /./.github/actions/status-check	  },
Status Check - Keycloak CI	Run /./.github/actions/status-check	  "external-infinispan-tests": {
Status Check - Keycloak CI	Run /./.github/actions/status-check	    "result": "success",
Status Check - Keycloak CI	Run /./.github/actions/status-check	    "outputs": {}
Status Check - Keycloak CI	Run /./.github/actions/status-check	  },
Status Check - Keycloak CI	Run /./.github/actions/status-check	  "test-poc": {
Status Check - Keycloak CI	Run /./.github/actions/status-check	    "result": "skipped",
Status Check - Keycloak CI	Run /./.github/actions/status-check	    "outputs": {}
Status Check - Keycloak CI	Run /./.github/actions/status-check	  }
Status Check - Keycloak CI	Run /./.github/actions/status-check	}
Status Check - Keycloak CI	Run /./.github/actions/status-check	2024-08-26T08:12:31.4209343Z env:
Status Check - Keycloak CI	Run /./.github/actions/status-check	2024-08-26T08:12:31.4209915Z   MAVEN_ARGS: -B -nsu -Daether.connector.http.connectionMaxTtl=25
Status Check - Keycloak CI	Run /./.github/actions/status-check	2024-08-26T08:12:31.4210474Z   SUREFIRE_RERUN_FAILING_COUNT: 2
Status Check - Keycloak CI	Run /./.github/actions/status-check	2024-08-26T08:12:31.4211024Z   SUREFIRE_RETRY: -Dsurefire.rerunFailingTestsCount=2
Status Check - Keycloak CI	Run /./.github/actions/status-check	2024-08-26T08:12:31.4211610Z ##[endgroup]
Status Check - Keycloak CI	Run /./.github/actions/status-check	2024-08-26T08:12:31.4476833Z ##[group]Run JOBS='{
Status Check - Keycloak CI	Run /./.github/actions/status-check	2024-08-26T08:12:31.4477417Z [36;1mJOBS='{[0m
Status Check - Keycloak CI	Run /./.github/actions/status-check	2024-08-26T08:12:31.4477902Z [36;1m  "conditional": {[0m
Status Check - Keycloak CI	Run /./.github/actions/status-check	2024-08-26T08:12:31.4478288Z [36;1m    "result": "success",[0m
Status Check - Keycloak CI	Run /./.github/actions/status-check	2024-08-26T08:12:31.4478695Z [36;1m    "outputs": {[0m
Status Check - Keycloak CI	Run /./.github/actions/status-check	2024-08-26T08:12:31.4479143Z [36;1m      "ci": "true",[0m
Status Check - Keycloak CI	Run /./.github/actions/status-check	2024-08-26T08:12:31.4479527Z [36;1m      "ci-aurora": "false",[0m
Status Check - Keycloak CI	Run /./.github/actions/status-check	2024-08-26T08:12:31.4479943Z [36;1m      "ci-quarkus": "false",[0m
Status Check - Keycloak CI	Run /./.github/actions/status-check	2024-08-26T08:12:31.4480474Z [36;1m      "ci-sssd": "false",[0m
Status Check - Keycloak CI	Run /./.github/actions/status-check	2024-08-26T08:12:31.4480860Z [36;1m      "ci-store": "true",[0m
Status Check - Keycloak CI	Run /./.github/actions/status-check	2024-08-26T08:12:31.4481286Z [36;1m      "ci-test-poc": "false",[0m
Status Check - Keycloak CI	Run /./.github/actions/status-check	2024-08-26T08:12:31.4481795Z [36;1m      "ci-webauthn": "true"[0m
Status Check - Keycloak CI	Run /./.github/actions/status-check	2024-08-26T08:12:31.4482167Z [36;1m    }[0m
Status Check - Keycloak CI	Run /./.github/actions/status-check	2024-08-26T08:12:31.4482480Z [36;1m  },[0m
Status Check - Keycloak CI	Run /./.github/actions/status-check	2024-08-26T08:12:31.4482873Z [36;1m  "build": {[0m
Status Check - Keycloak CI	Run /./.github/actions/status-check	2024-08-26T08:12:31.4483206Z [36;1m    "result": "success",[0m
Status Check - Keycloak CI	Run /./.github/actions/status-check	2024-08-26T08:12:31.4483599Z [36;1m    "outputs": {}[0m
Status Check - Keycloak CI	Run /./.github/actions/status-check	2024-08-26T08:12:31.4484033Z [36;1m  },[0m
Status Check - Keycloak CI	Run /./.github/actions/status-check	2024-08-26T08:12:31.4484322Z [36;1m  "unit-tests": {[0m
Status Check - Keycloak CI	Run /./.github/actions/status-check	2024-08-26T08:12:31.4484690Z [36;1m    "result": "success",[0m
Status Check - Keycloak CI	Run /./.github/actions/status-check	2024-08-26T08:12:31.4485156Z [36;1m    "outputs": {}[0m
Status Check - Keycloak CI	Run /./.github/actions/status-check	2024-08-26T08:12:31.4485470Z [36;1m  },[0m
Status Check - Keycloak CI	Run /./.github/actions/status-check	2024-08-26T08:12:31.4485824Z [36;1m  "base-integration-tests": {[0m
Status Check - Keycloak CI	Run /./.github/actions/status-check	2024-08-26T08:12:31.4486359Z [36;1m    "result": "success",[0m
Status Check - Keycloak CI	Run /./.github/actions/status-check	2024-08-26T08:12:31.4486722Z [36;1m    "outputs": {}[0m
Status Check - Keycloak CI	Run /./.github/actions/status-check	2024-08-26T08:12:31.4487328Z [36;1m  },[0m
Status Check - Keycloak CI	Run /./.github/actions/status-check	2024-08-26T08:12:31.4487761Z [36;1m  "adapter-integration-tests": {[0m
Status Check - Keycloak CI	Run /./.github/actions/status-check	2024-08-26T08:12:31.4488176Z [36;1m    "result": "success",[0m
Status Check - Keycloak CI	Run /./.github/actions/status-check	2024-08-26T08:12:31.4488578Z [36;1m    "outputs": {}[0m
Status Check - Keycloak CI	Run /./.github/actions/status-check	2024-08-26T08:12:31.4488993Z [36;1m  },[0m
Status Check - Keycloak CI	Run /./.github/actions/status-check	2024-08-26T08:12:31.4489299Z [36;1m  "quarkus-unit-tests": {[0m
Status Check - Keycloak CI	Run /./.github/actions/status-check	2024-08-26T08:12:31.4489725Z [36;1m    "result": "skipped",[0m
Status Check - Keycloak CI	Run /./.github/actions/status-check	2024-08-26T08:12:31.4490462Z [36;1m    "outputs": {}[0m
Status Check - Keycloak CI	Run /./.github/actions/status-check	2024-08-26T08:12:31.4490811Z [36;1m  },[0m
Status Check - Keycloak CI	Run /./.github/actions/status-check	2024-08-26T08:12:31.4491166Z [36;1m  "quarkus-integration-tests": {[0m
Status Check - Keycloak CI	Run /./.github/actions/status-check	2024-08-26T08:12:31.4491686Z [36;1m    "result": "success",[0m
Status Check - Keycloak CI	Run /./.github/actions/status-check	2024-08-26T08:12:31.4492065Z [36;1m    "outputs": {}[0m
Status Check - Keycloak CI	Run /./.github/actions/status-check	2024-08-26T08:12:31.4492415Z [36;1m  },[0m
Status Check - Keycloak CI	Run /./.github/actions/status-check	2024-08-26T08:12:31.4492813Z [36;1m  "jdk-integration-tests": {[0m
Status Check - Keycloak CI	Run /./.github/actions/status-check	2024-08-26T08:12:31.4493220Z [36;1m    "result": "failure",[0m
Status Check - Keycloak CI	Run /./.github/actions/status-check	2024-08-26T08:12:31.4493614Z [36;1m    "outputs": {}[0m
Status Check - Keycloak CI	Run /./.github/actions/status-check	2024-08-26T08:12:31.4494056Z [36;1m  },[0m
Status Check - Keycloak CI	Run /./.github/actions/status-check	2024-08-26T08:12:31.4494495Z [36;1m  "store-integration-tests": {[0m
Status Check - Keycloak CI	Run /./.github/actions/status-check	2024-08-26T08:12:31.4494911Z [36;1m    "result": "success",[0m
Status Check - Keycloak CI	Run /./.github/actions/status-check	2024-08-26T08:12:31.4495386Z [36;1m    "outputs": {}[0m
Status Check - Keycloak CI	Run /./.github/actions/status-check	2024-08-26T08:12:31.4495742Z [36;1m  },[0m
Status Check - Keycloak CI	Run /./.github/actions/status-check	2024-08-26T08:12:31.4496058Z [36;1m  "persistent-sessions-tests": {[0m
Status Check - Keycloak CI	Run /./.github/actions/status-check	2024-08-26T08:12:31.4496581Z [36;1m    "result": "success",[0m
Status Check - Keycloak CI	Run /./.github/actions/status-check	2024-08-26T08:12:31.4496968Z [36;1m    "outputs": {}[0m
Status Check - Keycloak CI	Run /./.github/actions/status-check	2024-08-26T08:12:31.4497282Z [36;1m  },[0m
Status Check - Keycloak CI	Run /./.github/actions/status-check	2024-08-26T08:12:31.4497687Z [36;1m  "store-model-tests": {[0m
Status Check - Keycloak CI	Run /./.github/actions/status-check	2024-08-26T08:12:31.4498082Z [36;1m    "result": "success",[0m
Status Check - Keycloak CI	Run /./.github/actions/status-check	2024-08-26T08:12:31.4498430Z [36;1m    "outputs": {}[0m
Status Check - Keycloak CI	Run /./.github/actions/status-check	2024-08-26T08:12:31.4498855Z [36;1m  },[0m
Status Check - Keycloak CI	Run /./.github/actions/status-check	2024-08-26T08:12:31.4499221Z [36;1m  "clustering-integration-tests": {[0m
Status Check - Keycloak CI	Run /./.github/actions/status-check	2024-08-26T08:12:31.4499631Z [36;1m    "result": "success",[0m
Status Check - Keycloak CI	Run /./.github/actions/status-check	2024-08-26T08:12:31.4500097Z [36;1m    "outputs": {}[0m
Status Check - Keycloak CI	Run /./.github/actions/status-check	2024-08-26T08:12:31.4500445Z [36;1m  },[0m
Status Check - Keycloak CI	Run /./.github/actions/status-check	2024-08-26T08:12:31.4500748Z [36;1m  "fips-unit-tests": {[0m
Status Check - Keycloak CI	Run /./.github/actions/status-check	2024-08-26T08:12:31.4501202Z [36;1m    "result": "success",[0m
Status Check - Keycloak CI	Run /./.github/actions/status-check	2024-08-26T08:12:31.4501592Z [36;1m    "outputs": {}[0m
Status Check - Keycloak CI	Run /./.github/actions/status-check	2024-08-26T08:12:31.4501920Z [36;1m  },[0m
Status Check - Keycloak CI	Run /./.github/actions/status-check	2024-08-26T08:12:31.4502329Z [36;1m  "fips-integration-tests": {[0m
Status Check - Keycloak CI	Run /./.github/actions/status-check	2024-08-26T08:12:31.4502748Z [36;1m    "result": "success",[0m
Status Check - Keycloak CI	Run /./.github/actions/status-check	2024-08-26T08:12:31.4503142Z [36;1m    "outputs": {}[0m
Status Check - Keycloak CI	Run /./.github/actions/status-check	2024-08-26T08:12:31.4503532Z [36;1m  },[0m
Status Check - Keycloak CI	Run /./.github/actions/status-check	2024-08-26T08:12:31.4503875Z [36;1m  "forms-integration-tests": {[0m
Status Check - Keycloak CI	Run /./.github/actions/status-check	2024-08-26T08:12:31.4504323Z [36;1m    "result": "success",[0m
Status Check - Keycloak CI	Run /./.github/actions/status-check	2024-08-26T08:12:31.4504741Z [36;1m    "outputs": {}[0m
Status Check - Keycloak CI	Run /./.github/actions/status-check	2024-08-26T08:12:31.4505103Z [36;1m  },[0m
Status Check - Keycloak CI	Run /./.github/actions/status-check	2024-08-26T08:12:31.4505455Z [36;1m  "webauthn-integration-tests": {[0m
Status Check - Keycloak CI	Run /./.github/actions/status-check	2024-08-26T08:12:31.4505925Z [36;1m    "result": "success",[0m
Status Check - Keycloak CI	Run /./.github/actions/status-check	2024-08-26T08:12:31.4506328Z [36;1m    "outputs": {}[0m
Status Check - Keycloak CI	Run /./.github/actions/status-check	2024-08-26T08:12:31.4506676Z [36;1m  },[0m
Status Check - Keycloak CI	Run /./.github/actions/status-check	2024-08-26T08:12:31.4507039Z [36;1m  "sssd-unit-tests": {[0m
Status Check - Keycloak CI	Run /./.github/actions/status-check	2024-08-26T08:12:31.4507451Z [36;1m    "result": "skipped",[0m
Status Check - Keycloak CI	Run /./.github/actions/status-check	2024-08-26T08:12:31.4507837Z [36;1m    "outputs": {}[0m
Status Check - Keycloak CI	Run /./.github/actions/status-check	2024-08-26T08:12:31.4508222Z [36;1m  },[0m
Status Check - Keycloak CI	Run /./.github/actions/status-check	2024-08-26T08:12:31.4508560Z [36;1m  "migration-tests": {[0m
Status Check - Keycloak CI	Run /./.github/actions/status-check	2024-08-26T08:12:31.4508948Z [36;1m    "result": "success",[0m
Status Check - Keycloak CI	Run /./.github/actions/status-check	2024-08-26T08:12:31.4509352Z [36;1m    "outputs": {}[0m
Status Check - Keycloak CI	Run /./.github/actions/status-check	2024-08-26T08:12:31.4509713Z [36;1m  },[0m
Status Check - Keycloak CI	Run /./.github/actions/status-check	2024-08-26T08:12:31.4510058Z [36;1m  "external-infinispan-tests": {[0m
Status Check - Keycloak CI	Run /./.github/actions/status-check	2024-08-26T08:12:31.4510514Z [36;1m    "result": "success",[0m
Status Check - Keycloak CI	Run /./.github/actions/status-check	2024-08-26T08:12:31.4510917Z [36;1m    "outputs": {}[0m
Status Check - Keycloak CI	Run /./.github/actions/status-check	2024-08-26T08:12:31.4511257Z [36;1m  },[0m
Status Check - Keycloak CI	Run /./.github/actions/status-check	2024-08-26T08:12:31.4511616Z [36;1m  "test-poc": {[0m
Status Check - Keycloak CI	Run /./.github/actions/status-check	2024-08-26T08:12:31.4511982Z [36;1m    "result": "skipped",[0m
Status Check - Keycloak CI	Run /./.github/actions/status-check	2024-08-26T08:12:31.4512366Z [36;1m    "outputs": {}[0m
Status Check - Keycloak CI	Run /./.github/actions/status-check	2024-08-26T08:12:31.4512765Z [36;1m  }[0m
Status Check - Keycloak CI	Run /./.github/actions/status-check	2024-08-26T08:12:31.4513063Z [36;1m}'[0m
Status Check - Keycloak CI	Run /./.github/actions/status-check	2024-08-26T08:12:31.4513364Z [36;1m[0m
Status Check - Keycloak CI	Run /./.github/actions/status-check	2024-08-26T08:12:31.4513717Z [36;1mecho "Job status:"[0m
Status Check - Keycloak CI	Run /./.github/actions/status-check	2024-08-26T08:12:31.4514260Z [36;1mecho $JOBS | jq -r 'to_entries[] | " - \(.key): \(.value.result)"'[0m
Status Check - Keycloak CI	Run /./.github/actions/status-check	2024-08-26T08:12:31.4514972Z [36;1m[0m
Status Check - Keycloak CI	Run /./.github/actions/status-check	2024-08-26T08:12:31.4515604Z [36;1mfor i in $(echo $JOBS | jq -r 'to_entries[] | .value.result'); do[0m
Status Check - Keycloak CI	Run /./.github/actions/status-check	2024-08-26T08:12:31.4516292Z [36;1m  if [ "$i" != "success" ] && [ "$i" != "skipped" ]; then[0m
Status Check - Keycloak CI	Run /./.github/actions/status-check	2024-08-26T08:12:31.4516800Z [36;1m    echo ""[0m
Status Check - Keycloak CI	Run /./.github/actions/status-check	2024-08-26T08:12:31.4517218Z [36;1m    echo "Status check not okay!"[0m
Status Check - Keycloak CI	Run /./.github/actions/status-check	2024-08-26T08:12:31.4517645Z [36;1m    exit 1[0m
Status Check - Keycloak CI	Run /./.github/actions/status-check	2024-08-26T08:12:31.4518221Z [36;1m  fi[0m
Status Check - Keycloak CI	Run /./.github/actions/status-check	2024-08-26T08:12:31.4518574Z [36;1mdone[0m
Status Check - Keycloak CI	Run /./.github/actions/status-check	2024-08-26T08:12:31.4930690Z shell: /usr/bin/bash --noprofile --norc -e -o pipefail {0}
Status Check - Keycloak CI	Run /./.github/actions/status-check	2024-08-26T08:12:31.4931481Z env:
Status Check - Keycloak CI	Run /./.github/actions/status-check	2024-08-26T08:12:31.4931982Z   MAVEN_ARGS: -B -nsu -Daether.connector.http.connectionMaxTtl=25
Status Check - Keycloak CI	Run /./.github/actions/status-check	2024-08-26T08:12:31.4932601Z   SUREFIRE_RERUN_FAILING_COUNT: 2
Status Check - Keycloak CI	Run /./.github/actions/status-check	2024-08-26T08:12:31.4933157Z   SUREFIRE_RETRY: -Dsurefire.rerunFailingTestsCount=2
Status Check - Keycloak CI	Run /./.github/actions/status-check	2024-08-26T08:12:31.4933760Z ##[endgroup]
Status Check - Keycloak CI	Run /./.github/actions/status-check	2024-08-26T08:12:31.5104350Z Job status:
Status Check - Keycloak CI	Run /./.github/actions/status-check	2024-08-26T08:12:31.5341928Z  - conditional: success
Status Check - Keycloak CI	Run /./.github/actions/status-check	2024-08-26T08:12:31.5342809Z  - build: success
Status Check - Keycloak CI	Run /./.github/actions/status-check	2024-08-26T08:12:31.5343218Z  - unit-tests: success
Status Check - Keycloak CI	Run /./.github/actions/status-check	2024-08-26T08:12:31.5343827Z  - base-integration-tests: success
Status Check - Keycloak CI	Run /./.github/actions/status-check	2024-08-26T08:12:31.5344321Z  - adapter-integration-tests: success
Status Check - Keycloak CI	Run /./.github/actions/status-check	2024-08-26T08:12:31.5344759Z  - quarkus-unit-tests: skipped
Status Check - Keycloak CI	Run /./.github/actions/status-check	2024-08-26T08:12:31.5345315Z  - quarkus-integration-tests: success
Status Check - Keycloak CI	Run /./.github/actions/status-check	2024-08-26T08:12:31.5345784Z  - jdk-integration-tests: failure
Status Check - Keycloak CI	Run /./.github/actions/status-check	2024-08-26T08:12:31.5346213Z  - store-integration-tests: success
Status Check - Keycloak CI	Run /./.github/actions/status-check	2024-08-26T08:12:31.5346774Z  - persistent-sessions-tests: success
Status Check - Keycloak CI	Run /./.github/actions/status-check	2024-08-26T08:12:31.5347235Z  - store-model-tests: success
Status Check - Keycloak CI	Run /./.github/actions/status-check	2024-08-26T08:12:31.5347666Z  - clustering-integration-tests: success
Status Check - Keycloak CI	Run /./.github/actions/status-check	2024-08-26T08:12:31.5348203Z  - fips-unit-tests: success
Status Check - Keycloak CI	Run /./.github/actions/status-check	2024-08-26T08:12:31.5348632Z  - fips-integration-tests: success
Status Check - Keycloak CI	Run /./.github/actions/status-check	2024-08-26T08:12:31.5349065Z  - forms-integration-tests: success
Status Check - Keycloak CI	Run /./.github/actions/status-check	2024-08-26T08:12:31.5349658Z  - webauthn-integration-tests: success
Status Check - Keycloak CI	Run /./.github/actions/status-check	2024-08-26T08:12:31.5350426Z  - sssd-unit-tests: skipped
Status Check - Keycloak CI	Run /./.github/actions/status-check	2024-08-26T08:12:31.5351067Z  - migration-tests: success
Status Check - Keycloak CI	Run /./.github/actions/status-check	2024-08-26T08:12:31.5351932Z  - external-infinispan-tests: success
Status Check - Keycloak CI	Run /./.github/actions/status-check	2024-08-26T08:12:31.5352673Z  - test-poc: skipped
Status Check - Keycloak CI	Run /./.github/actions/status-check	2024-08-26T08:12:31.5561540Z 
Status Check - Keycloak CI	Run /./.github/actions/status-check	2024-08-26T08:12:31.5561924Z Status check not okay!
Status Check - Keycloak CI	Run /./.github/actions/status-check	2024-08-26T08:12:31.5577428Z ##[error]Process completed with exit code 1.
