Admin UI E2E (2, chrome)	Run /./.github/actions/pnpm-setup	2025-02-06T15:54:37.0303461Z Prepare all required actions
Admin UI E2E (2, chrome)	Run /./.github/actions/pnpm-setup	2025-02-06T15:54:37.0303897Z Getting action download info
Admin UI E2E (2, chrome)	Run /./.github/actions/pnpm-setup	2025-02-06T15:54:37.1675817Z Download action repository 'actions/setup-node@v4' (SHA:1d0ff469b7ec7b3cb9d8673fde0c81c44821de2a)
Admin UI E2E (2, chrome)	Run /./.github/actions/pnpm-setup	2025-02-06T15:54:37.5994083Z ##[group]Run ./.github/actions/pnpm-setup
Admin UI E2E (2, chrome)	Run /./.github/actions/pnpm-setup	2025-02-06T15:54:37.5994367Z with:
Admin UI E2E (2, chrome)	Run /./.github/actions/pnpm-setup	2025-02-06T15:54:37.5994533Z   node-version: 22
Admin UI E2E (2, chrome)	Run /./.github/actions/pnpm-setup	2025-02-06T15:54:37.5994709Z env:
Admin UI E2E (2, chrome)	Run /./.github/actions/pnpm-setup	2025-02-06T15:54:37.5994962Z   MAVEN_ARGS: -B -nsu -Daether.connector.http.connectionMaxTtl=25
Admin UI E2E (2, chrome)	Run /./.github/actions/pnpm-setup	2025-02-06T15:54:37.5995300Z   RETRY_COUNT: 3
Admin UI E2E (2, chrome)	Run /./.github/actions/pnpm-setup	2025-02-06T15:54:37.5995488Z   COREPACK_INTEGRITY_KEYS: 0
Admin UI E2E (2, chrome)	Run /./.github/actions/pnpm-setup	2025-02-06T15:54:37.5995708Z   WORKSPACE: keycloak-admin-ui
Admin UI E2E (2, chrome)	Run /./.github/actions/pnpm-setup	2025-02-06T15:54:37.5995916Z ##[endgroup]
Admin UI E2E (2, chrome)	Run /./.github/actions/pnpm-setup	2025-02-06T15:54:37.6089807Z ##[group]Run actions/setup-node@v4
Admin UI E2E (2, chrome)	Run /./.github/actions/pnpm-setup	2025-02-06T15:54:37.6090046Z with:
Admin UI E2E (2, chrome)	Run /./.github/actions/pnpm-setup	2025-02-06T15:54:37.6090211Z   node-version: 22
Admin UI E2E (2, chrome)	Run /./.github/actions/pnpm-setup	2025-02-06T15:54:37.6090385Z   check-latest: true
Admin UI E2E (2, chrome)	Run /./.github/actions/pnpm-setup	2025-02-06T15:54:37.6090563Z   always-auth: false
Admin UI E2E (2, chrome)	Run /./.github/actions/pnpm-setup	2025-02-06T15:54:37.6090839Z   token: ***
Admin UI E2E (2, chrome)	Run /./.github/actions/pnpm-setup	2025-02-06T15:54:37.6091001Z env:
Admin UI E2E (2, chrome)	Run /./.github/actions/pnpm-setup	2025-02-06T15:54:37.6091289Z   MAVEN_ARGS: -B -nsu -Daether.connector.http.connectionMaxTtl=25
Admin UI E2E (2, chrome)	Run /./.github/actions/pnpm-setup	2025-02-06T15:54:37.6091604Z   RETRY_COUNT: 3
Admin UI E2E (2, chrome)	Run /./.github/actions/pnpm-setup	2025-02-06T15:54:37.6091785Z   COREPACK_INTEGRITY_KEYS: 0
Admin UI E2E (2, chrome)	Run /./.github/actions/pnpm-setup	2025-02-06T15:54:37.6092176Z   WORKSPACE: keycloak-admin-ui
Admin UI E2E (2, chrome)	Run /./.github/actions/pnpm-setup	2025-02-06T15:54:37.6092384Z ##[endgroup]
Admin UI E2E (2, chrome)	Run /./.github/actions/pnpm-setup	2025-02-06T15:54:37.7794773Z Attempt to resolve the latest version from manifest...
Admin UI E2E (2, chrome)	Run /./.github/actions/pnpm-setup	2025-02-06T15:54:38.1469481Z Resolved as '22.13.1'
Admin UI E2E (2, chrome)	Run /./.github/actions/pnpm-setup	2025-02-06T15:54:38.1477489Z Found in cache @ /opt/hostedtoolcache/node/22.13.1/x64
Admin UI E2E (2, chrome)	Run /./.github/actions/pnpm-setup	2025-02-06T15:54:38.1485353Z ##[group]Environment details
Admin UI E2E (2, chrome)	Run /./.github/actions/pnpm-setup	2025-02-06T15:54:38.4854150Z node: v22.13.1
Admin UI E2E (2, chrome)	Run /./.github/actions/pnpm-setup	2025-02-06T15:54:38.4854554Z npm: 10.9.2
Admin UI E2E (2, chrome)	Run /./.github/actions/pnpm-setup	2025-02-06T15:54:38.4854811Z yarn: 1.22.22
Admin UI E2E (2, chrome)	Run /./.github/actions/pnpm-setup	2025-02-06T15:54:38.4855318Z ##[endgroup]
Admin UI E2E (2, chrome)	Run /./.github/actions/pnpm-setup	2025-02-06T15:54:38.4974970Z ##[group]Run corepack enable
Admin UI E2E (2, chrome)	Run /./.github/actions/pnpm-setup	2025-02-06T15:54:38.4975286Z [36;1mcorepack enable[0m
Admin UI E2E (2, chrome)	Run /./.github/actions/pnpm-setup	2025-02-06T15:54:38.5006477Z shell: /usr/bin/bash --noprofile --norc -e -o pipefail {0}
Admin UI E2E (2, chrome)	Run /./.github/actions/pnpm-setup	2025-02-06T15:54:38.5006794Z env:
Admin UI E2E (2, chrome)	Run /./.github/actions/pnpm-setup	2025-02-06T15:54:38.5007407Z   MAVEN_ARGS: -B -nsu -Daether.connector.http.connectionMaxTtl=25
Admin UI E2E (2, chrome)	Run /./.github/actions/pnpm-setup	2025-02-06T15:54:38.5007862Z   RETRY_COUNT: 3
Admin UI E2E (2, chrome)	Run /./.github/actions/pnpm-setup	2025-02-06T15:54:38.5008135Z   COREPACK_INTEGRITY_KEYS: 0
Admin UI E2E (2, chrome)	Run /./.github/actions/pnpm-setup	2025-02-06T15:54:38.5008509Z   WORKSPACE: keycloak-admin-ui
Admin UI E2E (2, chrome)	Run /./.github/actions/pnpm-setup	2025-02-06T15:54:38.5008845Z ##[endgroup]
Admin UI E2E (2, chrome)	Run /./.github/actions/pnpm-setup	2025-02-06T15:54:38.6793777Z Prepare all required actions
Admin UI E2E (2, chrome)	Run /./.github/actions/pnpm-setup	2025-02-06T15:54:38.6794096Z Getting action download info
Admin UI E2E (2, chrome)	Run /./.github/actions/pnpm-setup	2025-02-06T15:54:38.8046595Z Download action repository 'actions/cache@v4' (SHA:1bd1e32a3bdc45362d1e726936510720a7c30a57)
Admin UI E2E (2, chrome)	Run /./.github/actions/pnpm-setup	2025-02-06T15:54:38.9120910Z ##[group]Run ./.github/actions/pnpm-store-cache
Admin UI E2E (2, chrome)	Run /./.github/actions/pnpm-setup	2025-02-06T15:54:38.9121194Z env:
Admin UI E2E (2, chrome)	Run /./.github/actions/pnpm-setup	2025-02-06T15:54:38.9121450Z   MAVEN_ARGS: -B -nsu -Daether.connector.http.connectionMaxTtl=25
Admin UI E2E (2, chrome)	Run /./.github/actions/pnpm-setup	2025-02-06T15:54:38.9121765Z   RETRY_COUNT: 3
Admin UI E2E (2, chrome)	Run /./.github/actions/pnpm-setup	2025-02-06T15:54:38.9121943Z   COREPACK_INTEGRITY_KEYS: 0
Admin UI E2E (2, chrome)	Run /./.github/actions/pnpm-setup	2025-02-06T15:54:38.9122162Z   WORKSPACE: keycloak-admin-ui
Admin UI E2E (2, chrome)	Run /./.github/actions/pnpm-setup	2025-02-06T15:54:38.9122374Z ##[endgroup]
Admin UI E2E (2, chrome)	Run /./.github/actions/pnpm-setup	2025-02-06T15:54:38.9137456Z ##[group]Run echo "key=pnpm-store-`date -u "+%Y-%U"`" >> $GITHUB_OUTPUT
Admin UI E2E (2, chrome)	Run /./.github/actions/pnpm-setup	2025-02-06T15:54:38.9137932Z [36;1mecho "key=pnpm-store-`date -u "+%Y-%U"`" >> $GITHUB_OUTPUT[0m
Admin UI E2E (2, chrome)	Run /./.github/actions/pnpm-setup	2025-02-06T15:54:38.9166261Z shell: /usr/bin/bash --noprofile --norc -e -o pipefail {0}
Admin UI E2E (2, chrome)	Run /./.github/actions/pnpm-setup	2025-02-06T15:54:38.9166578Z env:
Admin UI E2E (2, chrome)	Run /./.github/actions/pnpm-setup	2025-02-06T15:54:38.9166833Z   MAVEN_ARGS: -B -nsu -Daether.connector.http.connectionMaxTtl=25
Admin UI E2E (2, chrome)	Run /./.github/actions/pnpm-setup	2025-02-06T15:54:38.9167144Z   RETRY_COUNT: 3
Admin UI E2E (2, chrome)	Run /./.github/actions/pnpm-setup	2025-02-06T15:54:38.9167323Z   COREPACK_INTEGRITY_KEYS: 0
Admin UI E2E (2, chrome)	Run /./.github/actions/pnpm-setup	2025-02-06T15:54:38.9167540Z   WORKSPACE: keycloak-admin-ui
Admin UI E2E (2, chrome)	Run /./.github/actions/pnpm-setup	2025-02-06T15:54:38.9167751Z ##[endgroup]
Admin UI E2E (2, chrome)	Run /./.github/actions/pnpm-setup	2025-02-06T15:54:38.9300461Z ##[group]Run actions/cache@v4
Admin UI E2E (2, chrome)	Run /./.github/actions/pnpm-setup	2025-02-06T15:54:38.9300682Z with:
Admin UI E2E (2, chrome)	Run /./.github/actions/pnpm-setup	2025-02-06T15:54:38.9300983Z   path: ~/.local/share/pnpm/store
Admin UI E2E (2, chrome)	Run /./.github/actions/pnpm-setup	~/AppData/Local/pnpm/store
Admin UI E2E (2, chrome)	Run /./.github/actions/pnpm-setup	~/Library/pnpm/store
Admin UI E2E (2, chrome)	Run /./.github/actions/pnpm-setup	
Admin UI E2E (2, chrome)	Run /./.github/actions/pnpm-setup	2025-02-06T15:54:38.9301364Z   key: Linux-pnpm-store-2025-05
Admin UI E2E (2, chrome)	Run /./.github/actions/pnpm-setup	2025-02-06T15:54:38.9301596Z   enableCrossOsArchive: false
Admin UI E2E (2, chrome)	Run /./.github/actions/pnpm-setup	2025-02-06T15:54:38.9301817Z   fail-on-cache-miss: false
Admin UI E2E (2, chrome)	Run /./.github/actions/pnpm-setup	2025-02-06T15:54:38.9302028Z   lookup-only: false
Admin UI E2E (2, chrome)	Run /./.github/actions/pnpm-setup	2025-02-06T15:54:38.9302216Z   save-always: false
Admin UI E2E (2, chrome)	Run /./.github/actions/pnpm-setup	2025-02-06T15:54:38.9302383Z env:
Admin UI E2E (2, chrome)	Run /./.github/actions/pnpm-setup	2025-02-06T15:54:38.9302834Z   MAVEN_ARGS: -B -nsu -Daether.connector.http.connectionMaxTtl=25
Admin UI E2E (2, chrome)	Run /./.github/actions/pnpm-setup	2025-02-06T15:54:38.9303145Z   RETRY_COUNT: 3
Admin UI E2E (2, chrome)	Run /./.github/actions/pnpm-setup	2025-02-06T15:54:38.9303323Z   COREPACK_INTEGRITY_KEYS: 0
Admin UI E2E (2, chrome)	Run /./.github/actions/pnpm-setup	2025-02-06T15:54:38.9303550Z   WORKSPACE: keycloak-admin-ui
Admin UI E2E (2, chrome)	Run /./.github/actions/pnpm-setup	2025-02-06T15:54:38.9303752Z ##[endgroup]
Admin UI E2E (2, chrome)	Run /./.github/actions/pnpm-setup	2025-02-06T15:54:40.2840057Z Cache Size: ~153 MB (160137832 B)
Admin UI E2E (2, chrome)	Run /./.github/actions/pnpm-setup	2025-02-06T15:54:40.2891366Z [command]/usr/bin/tar -xf /home/runner/work/_temp/e3f14482-2c72-4e40-aaf7-761980856593/cache.tzst -P -C /home/runner/work/keycloak/keycloak --use-compress-program unzstd
Admin UI E2E (2, chrome)	Run /./.github/actions/pnpm-setup	2025-02-06T15:54:40.2961644Z Received 160137832 of 160137832 (100.0%), 152.6 MBs/sec
Admin UI E2E (2, chrome)	Run /./.github/actions/pnpm-setup	2025-02-06T15:54:43.2182818Z Cache restored successfully
Admin UI E2E (2, chrome)	Run /./.github/actions/pnpm-setup	2025-02-06T15:54:43.2657300Z Cache restored from key: Linux-pnpm-store-2025-05
Admin UI E2E (2, chrome)	Run /./.github/actions/pnpm-setup	2025-02-06T15:54:43.2783084Z Prepare all required actions
Admin UI E2E (2, chrome)	Run /./.github/actions/pnpm-setup	2025-02-06T15:54:43.2783406Z Getting action download info
Admin UI E2E (2, chrome)	Run /./.github/actions/pnpm-setup	2025-02-06T15:54:43.3913776Z ##[group]Run ./.github/actions/cypress-cache
Admin UI E2E (2, chrome)	Run /./.github/actions/pnpm-setup	2025-02-06T15:54:43.3914067Z env:
Admin UI E2E (2, chrome)	Run /./.github/actions/pnpm-setup	2025-02-06T15:54:43.3914346Z   MAVEN_ARGS: -B -nsu -Daether.connector.http.connectionMaxTtl=25
Admin UI E2E (2, chrome)	Run /./.github/actions/pnpm-setup	2025-02-06T15:54:43.3914671Z   RETRY_COUNT: 3
Admin UI E2E (2, chrome)	Run /./.github/actions/pnpm-setup	2025-02-06T15:54:43.3914863Z   COREPACK_INTEGRITY_KEYS: 0
Admin UI E2E (2, chrome)	Run /./.github/actions/pnpm-setup	2025-02-06T15:54:43.3915282Z   WORKSPACE: keycloak-admin-ui
Admin UI E2E (2, chrome)	Run /./.github/actions/pnpm-setup	2025-02-06T15:54:43.3915501Z ##[endgroup]
Admin UI E2E (2, chrome)	Run /./.github/actions/pnpm-setup	2025-02-06T15:54:43.3930095Z ##[group]Run echo "key=cypress-binary-$(jq -r '.devDependencies.cypress' js/apps/admin-ui/package.json)" >> $GITHUB_OUTPUT
Admin UI E2E (2, chrome)	Run /./.github/actions/pnpm-setup	2025-02-06T15:54:43.3930844Z [36;1mecho "key=cypress-binary-$(jq -r '.devDependencies.cypress' js/apps/admin-ui/package.json)" >> $GITHUB_OUTPUT[0m
Admin UI E2E (2, chrome)	Run /./.github/actions/pnpm-setup	2025-02-06T15:54:43.3958883Z shell: /usr/bin/bash --noprofile --norc -e -o pipefail {0}
Admin UI E2E (2, chrome)	Run /./.github/actions/pnpm-setup	2025-02-06T15:54:43.3959189Z env:
Admin UI E2E (2, chrome)	Run /./.github/actions/pnpm-setup	2025-02-06T15:54:43.3959563Z   MAVEN_ARGS: -B -nsu -Daether.connector.http.connectionMaxTtl=25
Admin UI E2E (2, chrome)	Run /./.github/actions/pnpm-setup	2025-02-06T15:54:43.3959897Z   RETRY_COUNT: 3
Admin UI E2E (2, chrome)	Run /./.github/actions/pnpm-setup	2025-02-06T15:54:43.3960089Z   COREPACK_INTEGRITY_KEYS: 0
Admin UI E2E (2, chrome)	Run /./.github/actions/pnpm-setup	2025-02-06T15:54:43.3960322Z   WORKSPACE: keycloak-admin-ui
Admin UI E2E (2, chrome)	Run /./.github/actions/pnpm-setup	2025-02-06T15:54:43.3960535Z ##[endgroup]
Admin UI E2E (2, chrome)	Run /./.github/actions/pnpm-setup	2025-02-06T15:54:43.4092863Z ##[group]Run actions/cache@v4
Admin UI E2E (2, chrome)	Run /./.github/actions/pnpm-setup	2025-02-06T15:54:43.4093084Z with:
Admin UI E2E (2, chrome)	Run /./.github/actions/pnpm-setup	2025-02-06T15:54:43.4093372Z   path: ~/.cache/Cypress
Admin UI E2E (2, chrome)	Run /./.github/actions/pnpm-setup	/AppData/Local/Cypress/Cache
Admin UI E2E (2, chrome)	Run /./.github/actions/pnpm-setup	~/Library/Caches/Cypress
Admin UI E2E (2, chrome)	Run /./.github/actions/pnpm-setup	
Admin UI E2E (2, chrome)	Run /./.github/actions/pnpm-setup	2025-02-06T15:54:43.4093771Z   key: Linux-cypress-binary-^14.0.2
Admin UI E2E (2, chrome)	Run /./.github/actions/pnpm-setup	2025-02-06T15:54:43.4094019Z   enableCrossOsArchive: false
Admin UI E2E (2, chrome)	Run /./.github/actions/pnpm-setup	2025-02-06T15:54:43.4094240Z   fail-on-cache-miss: false
Admin UI E2E (2, chrome)	Run /./.github/actions/pnpm-setup	2025-02-06T15:54:43.4094451Z   lookup-only: false
Admin UI E2E (2, chrome)	Run /./.github/actions/pnpm-setup	2025-02-06T15:54:43.4094629Z   save-always: false
Admin UI E2E (2, chrome)	Run /./.github/actions/pnpm-setup	2025-02-06T15:54:43.4094805Z env:
Admin UI E2E (2, chrome)	Run /./.github/actions/pnpm-setup	2025-02-06T15:54:43.4095052Z   MAVEN_ARGS: -B -nsu -Daether.connector.http.connectionMaxTtl=25
Admin UI E2E (2, chrome)	Run /./.github/actions/pnpm-setup	2025-02-06T15:54:43.4095360Z   RETRY_COUNT: 3
Admin UI E2E (2, chrome)	Run /./.github/actions/pnpm-setup	2025-02-06T15:54:43.4095540Z   COREPACK_INTEGRITY_KEYS: 0
Admin UI E2E (2, chrome)	Run /./.github/actions/pnpm-setup	2025-02-06T15:54:43.4095752Z   WORKSPACE: keycloak-admin-ui
Admin UI E2E (2, chrome)	Run /./.github/actions/pnpm-setup	2025-02-06T15:54:43.4095960Z ##[endgroup]
Admin UI E2E (2, chrome)	Run /./.github/actions/pnpm-setup	2025-02-06T15:54:44.7546588Z Received 142606336 of 178949520 (79.7%), 136.0 MBs/sec
Admin UI E2E (2, chrome)	Run /./.github/actions/pnpm-setup	2025-02-06T15:54:44.9155659Z Cache Size: ~171 MB (178949520 B)
Admin UI E2E (2, chrome)	Run /./.github/actions/pnpm-setup	2025-02-06T15:54:44.9197741Z [command]/usr/bin/tar -xf /home/runner/work/_temp/efbb7874-c223-4cde-8d29-fa20d2659c0d/cache.tzst -P -C /home/runner/work/keycloak/keycloak --use-compress-program unzstd
Admin UI E2E (2, chrome)	Run /./.github/actions/pnpm-setup	2025-02-06T15:54:45.7551871Z Received 178949520 of 178949520 (100.0%), 85.3 MBs/sec
Admin UI E2E (2, chrome)	Run /./.github/actions/pnpm-setup	2025-02-06T15:54:47.1691611Z Cache restored successfully
Admin UI E2E (2, chrome)	Run /./.github/actions/pnpm-setup	2025-02-06T15:54:47.2155878Z Cache restored from key: Linux-cypress-binary-^14.0.2
Admin UI E2E (2, chrome)	Run /./.github/actions/pnpm-setup	2025-02-06T15:54:47.2292585Z ##[group]Run pnpm install --prefer-offline --frozen-lockfile
Admin UI E2E (2, chrome)	Run /./.github/actions/pnpm-setup	2025-02-06T15:54:47.2293053Z [36;1mpnpm install --prefer-offline --frozen-lockfile[0m
Admin UI E2E (2, chrome)	Run /./.github/actions/pnpm-setup	2025-02-06T15:54:47.2320997Z shell: /usr/bin/bash --noprofile --norc -e -o pipefail {0}
Admin UI E2E (2, chrome)	Run /./.github/actions/pnpm-setup	2025-02-06T15:54:47.2321318Z env:
Admin UI E2E (2, chrome)	Run /./.github/actions/pnpm-setup	2025-02-06T15:54:47.2321579Z   MAVEN_ARGS: -B -nsu -Daether.connector.http.connectionMaxTtl=25
Admin UI E2E (2, chrome)	Run /./.github/actions/pnpm-setup	2025-02-06T15:54:47.2321895Z   RETRY_COUNT: 3
Admin UI E2E (2, chrome)	Run /./.github/actions/pnpm-setup	2025-02-06T15:54:47.2322086Z   COREPACK_INTEGRITY_KEYS: 0
Admin UI E2E (2, chrome)	Run /./.github/actions/pnpm-setup	2025-02-06T15:54:47.2322310Z   WORKSPACE: keycloak-admin-ui
Admin UI E2E (2, chrome)	Run /./.github/actions/pnpm-setup	2025-02-06T15:54:47.2322523Z ##[endgroup]
Admin UI E2E (2, chrome)	Run /./.github/actions/pnpm-setup	2025-02-06T15:54:50.3840526Z /opt/hostedtoolcache/node/22.13.1/x64/lib/node_modules/corepack/dist/lib/corepack.cjs:21609
Admin UI E2E (2, chrome)	Run /./.github/actions/pnpm-setup	2025-02-06T15:54:50.3842005Z     throw new Error(
Admin UI E2E (2, chrome)	Run /./.github/actions/pnpm-setup	2025-02-06T15:54:50.3842355Z           ^
Admin UI E2E (2, chrome)	Run /./.github/actions/pnpm-setup	2025-02-06T15:54:50.3842544Z 
Admin UI E2E (2, chrome)	Run /./.github/actions/pnpm-setup	2025-02-06T15:54:50.3843772Z Error: Error when performing the request to https://registry.npmjs.org/pnpm/latest; for troubleshooting help, see https://github.com/nodejs/corepack#troubleshooting
Admin UI E2E (2, chrome)	Run /./.github/actions/pnpm-setup	2025-02-06T15:54:50.3845512Z     at fetch (/opt/hostedtoolcache/node/22.13.1/x64/lib/node_modules/corepack/dist/lib/corepack.cjs:21609:11)
Admin UI E2E (2, chrome)	Run /./.github/actions/pnpm-setup	2025-02-06T15:54:50.3846737Z     at process.processTicksAndRejections (node:internal/process/task_queues:105:5)
Admin UI E2E (2, chrome)	Run /./.github/actions/pnpm-setup	2025-02-06T15:54:50.3848129Z     at async fetchAsJson (/opt/hostedtoolcache/node/22.13.1/x64/lib/node_modules/corepack/dist/lib/corepack.cjs:21623:20)
Admin UI E2E (2, chrome)	Run /./.github/actions/pnpm-setup	2025-02-06T15:54:50.3849170Z     ... 4 lines matching cause stack trace ...
Admin UI E2E (2, chrome)	Run /./.github/actions/pnpm-setup	2025-02-06T15:54:50.3850464Z     at async Object.runMain (/opt/hostedtoolcache/node/22.13.1/x64/lib/node_modules/corepack/dist/lib/corepack.cjs:23102:5) {
Admin UI E2E (2, chrome)	Run /./.github/actions/pnpm-setup	2025-02-06T15:54:50.3851490Z   [cause]: TypeError: fetch failed
Admin UI E2E (2, chrome)	Run /./.github/actions/pnpm-setup	2025-02-06T15:54:50.3852042Z       at node:internal/deps/undici/undici:13502:13
Admin UI E2E (2, chrome)	Run /./.github/actions/pnpm-setup	2025-02-06T15:54:50.3852900Z       at process.processTicksAndRejections (node:internal/process/task_queues:105:5)
Admin UI E2E (2, chrome)	Run /./.github/actions/pnpm-setup	2025-02-06T15:54:50.3854459Z       at async fetch (/opt/hostedtoolcache/node/22.13.1/x64/lib/node_modules/corepack/dist/lib/corepack.cjs:21603:16)
Admin UI E2E (2, chrome)	Run /./.github/actions/pnpm-setup	2025-02-06T15:54:50.3855934Z       at async fetchAsJson (/opt/hostedtoolcache/node/22.13.1/x64/lib/node_modules/corepack/dist/lib/corepack.cjs:21623:20)
Admin UI E2E (2, chrome)	Run /./.github/actions/pnpm-setup	2025-02-06T15:54:50.3857565Z       at async fetchLatestStableVersion (/opt/hostedtoolcache/node/22.13.1/x64/lib/node_modules/corepack/dist/lib/corepack.cjs:21550:20)
Admin UI E2E (2, chrome)	Run /./.github/actions/pnpm-setup	2025-02-06T15:54:50.3859518Z       at async fetchLatestStableVersion2 (/opt/hostedtoolcache/node/22.13.1/x64/lib/node_modules/corepack/dist/lib/corepack.cjs:21672:14)
Admin UI E2E (2, chrome)	Run /./.github/actions/pnpm-setup	2025-02-06T15:54:50.3861246Z       at async Engine.getDefaultVersion (/opt/hostedtoolcache/node/22.13.1/x64/lib/node_modules/corepack/dist/lib/corepack.cjs:22298:23)
Admin UI E2E (2, chrome)	Run /./.github/actions/pnpm-setup	2025-02-06T15:54:50.3863089Z       at async Engine.executePackageManagerRequest (/opt/hostedtoolcache/node/22.13.1/x64/lib/node_modules/corepack/dist/lib/corepack.cjs:22396:47)
Admin UI E2E (2, chrome)	Run /./.github/actions/pnpm-setup	2025-02-06T15:54:50.3864847Z       at async Object.runMain (/opt/hostedtoolcache/node/22.13.1/x64/lib/node_modules/corepack/dist/lib/corepack.cjs:23102:5) {
Admin UI E2E (2, chrome)	Run /./.github/actions/pnpm-setup	2025-02-06T15:54:50.3865870Z     [cause]: AggregateError [ETIMEDOUT]: 
Admin UI E2E (2, chrome)	Run /./.github/actions/pnpm-setup	2025-02-06T15:54:50.3866451Z         at internalConnectMultiple (node:net:1139:18)
Admin UI E2E (2, chrome)	Run /./.github/actions/pnpm-setup	2025-02-06T15:54:50.3867099Z         at internalConnectMultiple (node:net:1215:5)
Admin UI E2E (2, chrome)	Run /./.github/actions/pnpm-setup	2025-02-06T15:54:50.3867836Z         at Timeout.internalConnectMultipleTimeout (node:net:1739:5)
Admin UI E2E (2, chrome)	Run /./.github/actions/pnpm-setup	2025-02-06T15:54:50.3868553Z         at listOnTimeout (node:internal/timers:596:11)
Admin UI E2E (2, chrome)	Run /./.github/actions/pnpm-setup	2025-02-06T15:54:50.3869234Z         at process.processTimers (node:internal/timers:529:7) {
Admin UI E2E (2, chrome)	Run /./.github/actions/pnpm-setup	2025-02-06T15:54:50.3870016Z       code: 'ETIMEDOUT',
Admin UI E2E (2, chrome)	Run /./.github/actions/pnpm-setup	2025-02-06T15:54:50.3870387Z       [errors]: [
Admin UI E2E (2, chrome)	Run /./.github/actions/pnpm-setup	2025-02-06T15:54:50.3870814Z         Error: connect ETIMEDOUT 104.16.2.35:443
Admin UI E2E (2, chrome)	Run /./.github/actions/pnpm-setup	2025-02-06T15:54:50.3871400Z             at createConnectionError (node:net:1675:14)
Admin UI E2E (2, chrome)	Run /./.github/actions/pnpm-setup	2025-02-06T15:54:50.3872181Z             at Timeout.internalConnectMultipleTimeout (node:net:1734:38)
Admin UI E2E (2, chrome)	Run /./.github/actions/pnpm-setup	2025-02-06T15:54:50.3872936Z             at listOnTimeout (node:internal/timers:596:11)
Admin UI E2E (2, chrome)	Run /./.github/actions/pnpm-setup	2025-02-06T15:54:50.3873603Z             at process.processTimers (node:internal/timers:529:7) {
Admin UI E2E (2, chrome)	Run /./.github/actions/pnpm-setup	2025-02-06T15:54:50.3874153Z           errno: -110,
Admin UI E2E (2, chrome)	Run /./.github/actions/pnpm-setup	2025-02-06T15:54:50.3874518Z           code: 'ETIMEDOUT',
Admin UI E2E (2, chrome)	Run /./.github/actions/pnpm-setup	2025-02-06T15:54:50.3874904Z           syscall: 'connect',
Admin UI E2E (2, chrome)	Run /./.github/actions/pnpm-setup	2025-02-06T15:54:50.3875330Z           address: '104.16.2.35',
Admin UI E2E (2, chrome)	Run /./.github/actions/pnpm-setup	2025-02-06T15:54:50.3875715Z           port: 443
Admin UI E2E (2, chrome)	Run /./.github/actions/pnpm-setup	2025-02-06T15:54:50.3876026Z         },
Admin UI E2E (2, chrome)	Run /./.github/actions/pnpm-setup	2025-02-06T15:54:50.3876620Z         Error: connect ENETUNREACH 2606:4700::6810:1f22:443 - Local (:::0)
Admin UI E2E (2, chrome)	Run /./.github/actions/pnpm-setup	2025-02-06T15:54:50.3877350Z             at internalConnectMultiple (node:net:1211:16)
Admin UI E2E (2, chrome)	Run /./.github/actions/pnpm-setup	2025-02-06T15:54:50.3878091Z             at Timeout.internalConnectMultipleTimeout (node:net:1739:5)
Admin UI E2E (2, chrome)	Run /./.github/actions/pnpm-setup	2025-02-06T15:54:50.3878838Z             at listOnTimeout (node:internal/timers:596:11)
Admin UI E2E (2, chrome)	Run /./.github/actions/pnpm-setup	2025-02-06T15:54:50.3879695Z             at process.processTimers (node:internal/timers:529:7) {
Admin UI E2E (2, chrome)	Run /./.github/actions/pnpm-setup	2025-02-06T15:54:50.3880012Z           errno: -101,
Admin UI E2E (2, chrome)	Run /./.github/actions/pnpm-setup	2025-02-06T15:54:50.3880251Z           code: 'ENETUNREACH',
Admin UI E2E (2, chrome)	Run /./.github/actions/pnpm-setup	2025-02-06T15:54:50.3880476Z           syscall: 'connect',
Admin UI E2E (2, chrome)	Run /./.github/actions/pnpm-setup	2025-02-06T15:54:50.3880735Z           address: '2606:4700::6810:1f22',
Admin UI E2E (2, chrome)	Run /./.github/actions/pnpm-setup	2025-02-06T15:54:50.3880977Z           port: 443
Admin UI E2E (2, chrome)	Run /./.github/actions/pnpm-setup	2025-02-06T15:54:50.3881159Z         },
Admin UI E2E (2, chrome)	Run /./.github/actions/pnpm-setup	2025-02-06T15:54:50.3881377Z         Error: connect ETIMEDOUT 104.16.27.34:443
Admin UI E2E (2, chrome)	Run /./.github/actions/pnpm-setup	2025-02-06T15:54:50.3881698Z             at createConnectionError (node:net:1675:14)
Admin UI E2E (2, chrome)	Run /./.github/actions/pnpm-setup	2025-02-06T15:54:50.3882179Z             at Timeout.internalConnectMultipleTimeout (node:net:1734:38)
Admin UI E2E (2, chrome)	Run /./.github/actions/pnpm-setup	2025-02-06T15:54:50.3882573Z             at listOnTimeout (node:internal/timers:596:11)
Admin UI E2E (2, chrome)	Run /./.github/actions/pnpm-setup	2025-02-06T15:54:50.3882934Z             at process.processTimers (node:internal/timers:529:7) {
Admin UI E2E (2, chrome)	Run /./.github/actions/pnpm-setup	2025-02-06T15:54:50.3883239Z           errno: -110,
Admin UI E2E (2, chrome)	Run /./.github/actions/pnpm-setup	2025-02-06T15:54:50.3883439Z           code: 'ETIMEDOUT',
Admin UI E2E (2, chrome)	Run /./.github/actions/pnpm-setup	2025-02-06T15:54:50.3883663Z           syscall: 'connect',
Admin UI E2E (2, chrome)	Run /./.github/actions/pnpm-setup	2025-02-06T15:54:50.3883897Z           address: '104.16.27.34',
Admin UI E2E (2, chrome)	Run /./.github/actions/pnpm-setup	2025-02-06T15:54:50.3884120Z           port: 443
Admin UI E2E (2, chrome)	Run /./.github/actions/pnpm-setup	2025-02-06T15:54:50.3884445Z         },
Admin UI E2E (2, chrome)	Run /./.github/actions/pnpm-setup	2025-02-06T15:54:50.3884750Z         Error: connect ENETUNREACH 2606:4700::6810:1b22:443 - Local (:::0)
Admin UI E2E (2, chrome)	Run /./.github/actions/pnpm-setup	2025-02-06T15:54:50.3885145Z             at internalConnectMultiple (node:net:1211:16)
Admin UI E2E (2, chrome)	Run /./.github/actions/pnpm-setup	2025-02-06T15:54:50.3885563Z             at Timeout.internalConnectMultipleTimeout (node:net:1739:5)
Admin UI E2E (2, chrome)	Run /./.github/actions/pnpm-setup	2025-02-06T15:54:50.3885951Z             at listOnTimeout (node:internal/timers:596:11)
Admin UI E2E (2, chrome)	Run /./.github/actions/pnpm-setup	2025-02-06T15:54:50.3886310Z             at process.processTimers (node:internal/timers:529:7) {
Admin UI E2E (2, chrome)	Run /./.github/actions/pnpm-setup	2025-02-06T15:54:50.3886664Z           errno: -101,
Admin UI E2E (2, chrome)	Run /./.github/actions/pnpm-setup	2025-02-06T15:54:50.3886913Z           code: 'ENETUNREACH',
Admin UI E2E (2, chrome)	Run /./.github/actions/pnpm-setup	2025-02-06T15:54:50.3887135Z           syscall: 'connect',
Admin UI E2E (2, chrome)	Run /./.github/actions/pnpm-setup	2025-02-06T15:54:50.3887386Z           address: '2606:4700::6810:1b22',
Admin UI E2E (2, chrome)	Run /./.github/actions/pnpm-setup	2025-02-06T15:54:50.3887615Z           port: 443
Admin UI E2E (2, chrome)	Run /./.github/actions/pnpm-setup	2025-02-06T15:54:50.3887831Z         },
Admin UI E2E (2, chrome)	Run /./.github/actions/pnpm-setup	2025-02-06T15:54:50.3888047Z         Error: connect ETIMEDOUT 104.16.1.35:443
Admin UI E2E (2, chrome)	Run /./.github/actions/pnpm-setup	2025-02-06T15:54:50.3888360Z             at createConnectionError (node:net:1675:14)
Admin UI E2E (2, chrome)	Run /./.github/actions/pnpm-setup	2025-02-06T15:54:50.3888750Z             at Timeout.internalConnectMultipleTimeout (node:net:1734:38)
Admin UI E2E (2, chrome)	Run /./.github/actions/pnpm-setup	2025-02-06T15:54:50.3889138Z             at listOnTimeout (node:internal/timers:596:11)
Admin UI E2E (2, chrome)	Run /./.github/actions/pnpm-setup	2025-02-06T15:54:50.3889848Z             at process.processTimers (node:internal/timers:529:7) {
Admin UI E2E (2, chrome)	Run /./.github/actions/pnpm-setup	2025-02-06T15:54:50.3890318Z           errno: -110,
Admin UI E2E (2, chrome)	Run /./.github/actions/pnpm-setup	2025-02-06T15:54:50.3890528Z           code: 'ETIMEDOUT',
Admin UI E2E (2, chrome)	Run /./.github/actions/pnpm-setup	2025-02-06T15:54:50.3890744Z           syscall: 'connect',
Admin UI E2E (2, chrome)	Run /./.github/actions/pnpm-setup	2025-02-06T15:54:50.3890979Z           address: '104.16.1.35',
Admin UI E2E (2, chrome)	Run /./.github/actions/pnpm-setup	2025-02-06T15:54:50.3891212Z           port: 443
Admin UI E2E (2, chrome)	Run /./.github/actions/pnpm-setup	2025-02-06T15:54:50.3891391Z         },
Admin UI E2E (2, chrome)	Run /./.github/actions/pnpm-setup	2025-02-06T15:54:50.3891677Z         Error: connect ENETUNREACH 2606:4700::6810:323:443 - Local (:::0)
Admin UI E2E (2, chrome)	Run /./.github/actions/pnpm-setup	2025-02-06T15:54:50.3892063Z             at internalConnectMultiple (node:net:1211:16)
Admin UI E2E (2, chrome)	Run /./.github/actions/pnpm-setup	2025-02-06T15:54:50.3892454Z             at Timeout.internalConnectMultipleTimeout (node:net:1739:5)
Admin UI E2E (2, chrome)	Run /./.github/actions/pnpm-setup	2025-02-06T15:54:50.3892841Z             at listOnTimeout (node:internal/timers:596:11)
Admin UI E2E (2, chrome)	Run /./.github/actions/pnpm-setup	2025-02-06T15:54:50.3893202Z             at process.processTimers (node:internal/timers:529:7) {
Admin UI E2E (2, chrome)	Run /./.github/actions/pnpm-setup	2025-02-06T15:54:50.3893500Z           errno: -101,
Admin UI E2E (2, chrome)	Run /./.github/actions/pnpm-setup	2025-02-06T15:54:50.3893718Z           code: 'ENETUNREACH',
Admin UI E2E (2, chrome)	Run /./.github/actions/pnpm-setup	2025-02-06T15:54:50.3893944Z           syscall: 'connect',
Admin UI E2E (2, chrome)	Run /./.github/actions/pnpm-setup	2025-02-06T15:54:50.3894190Z           address: '2606:4700::6810:323',
Admin UI E2E (2, chrome)	Run /./.github/actions/pnpm-setup	2025-02-06T15:54:50.3894423Z           port: 443
Admin UI E2E (2, chrome)	Run /./.github/actions/pnpm-setup	2025-02-06T15:54:50.3894601Z         },
Admin UI E2E (2, chrome)	Run /./.github/actions/pnpm-setup	2025-02-06T15:54:50.3894818Z         Error: connect ETIMEDOUT 104.16.25.34:443
Admin UI E2E (2, chrome)	Run /./.github/actions/pnpm-setup	2025-02-06T15:54:50.3895133Z             at createConnectionError (node:net:1675:14)
Admin UI E2E (2, chrome)	Run /./.github/actions/pnpm-setup	2025-02-06T15:54:50.3895515Z             at Timeout.internalConnectMultipleTimeout (node:net:1734:38)
Admin UI E2E (2, chrome)	Run /./.github/actions/pnpm-setup	2025-02-06T15:54:50.3895889Z             at listOnTimeout (node:internal/timers:596:11)
Admin UI E2E (2, chrome)	Run /./.github/actions/pnpm-setup	2025-02-06T15:54:50.3896242Z             at process.processTimers (node:internal/timers:529:7) {
Admin UI E2E (2, chrome)	Run /./.github/actions/pnpm-setup	2025-02-06T15:54:50.3896680Z           errno: -110,
Admin UI E2E (2, chrome)	Run /./.github/actions/pnpm-setup	2025-02-06T15:54:50.3896877Z           code: 'ETIMEDOUT',
Admin UI E2E (2, chrome)	Run /./.github/actions/pnpm-setup	2025-02-06T15:54:50.3897089Z           syscall: 'connect',
Admin UI E2E (2, chrome)	Run /./.github/actions/pnpm-setup	2025-02-06T15:54:50.3897327Z           address: '104.16.25.34',
Admin UI E2E (2, chrome)	Run /./.github/actions/pnpm-setup	2025-02-06T15:54:50.3897545Z           port: 443
Admin UI E2E (2, chrome)	Run /./.github/actions/pnpm-setup	2025-02-06T15:54:50.3897719Z         },
Admin UI E2E (2, chrome)	Run /./.github/actions/pnpm-setup	2025-02-06T15:54:50.3898007Z         Error: connect ENETUNREACH 2606:4700::6810:1922:443 - Local (:::0)
Admin UI E2E (2, chrome)	Run /./.github/actions/pnpm-setup	2025-02-06T15:54:50.3898389Z             at internalConnectMultiple (node:net:1211:16)
Admin UI E2E (2, chrome)	Run /./.github/actions/pnpm-setup	2025-02-06T15:54:50.3898772Z             at Timeout.internalConnectMultipleTimeout (node:net:1739:5)
Admin UI E2E (2, chrome)	Run /./.github/actions/pnpm-setup	2025-02-06T15:54:50.3899149Z             at listOnTimeout (node:internal/timers:596:11)
Admin UI E2E (2, chrome)	Run /./.github/actions/pnpm-setup	2025-02-06T15:54:50.3899759Z             at process.processTimers (node:internal/timers:529:7) {
Admin UI E2E (2, chrome)	Run /./.github/actions/pnpm-setup	2025-02-06T15:54:50.3900059Z           errno: -101,
Admin UI E2E (2, chrome)	Run /./.github/actions/pnpm-setup	2025-02-06T15:54:50.3900278Z           code: 'ENETUNREACH',
Admin UI E2E (2, chrome)	Run /./.github/actions/pnpm-setup	2025-02-06T15:54:50.3900496Z           syscall: 'connect',
Admin UI E2E (2, chrome)	Run /./.github/actions/pnpm-setup	2025-02-06T15:54:50.3900748Z           address: '2606:4700::6810:1922',
Admin UI E2E (2, chrome)	Run /./.github/actions/pnpm-setup	2025-02-06T15:54:50.3900987Z           port: 443
Admin UI E2E (2, chrome)	Run /./.github/actions/pnpm-setup	2025-02-06T15:54:50.3901166Z         },
Admin UI E2E (2, chrome)	Run /./.github/actions/pnpm-setup	2025-02-06T15:54:50.3901385Z         Error: connect ETIMEDOUT 104.16.29.34:443
Admin UI E2E (2, chrome)	Run /./.github/actions/pnpm-setup	2025-02-06T15:54:50.3901828Z             at createConnectionError (node:net:1675:14)
Admin UI E2E (2, chrome)	Run /./.github/actions/pnpm-setup	2025-02-06T15:54:50.3902212Z             at Timeout.internalConnectMultipleTimeout (node:net:1734:38)
Admin UI E2E (2, chrome)	Run /./.github/actions/pnpm-setup	2025-02-06T15:54:50.3902595Z             at listOnTimeout (node:internal/timers:596:11)
Admin UI E2E (2, chrome)	Run /./.github/actions/pnpm-setup	2025-02-06T15:54:50.3902953Z             at process.processTimers (node:internal/timers:529:7) {
Admin UI E2E (2, chrome)	Run /./.github/actions/pnpm-setup	2025-02-06T15:54:50.3903246Z           errno: -110,
Admin UI E2E (2, chrome)	Run /./.github/actions/pnpm-setup	2025-02-06T15:54:50.3903445Z           code: 'ETIMEDOUT',
Admin UI E2E (2, chrome)	Run /./.github/actions/pnpm-setup	2025-02-06T15:54:50.3903658Z           syscall: 'connect',
Admin UI E2E (2, chrome)	Run /./.github/actions/pnpm-setup	2025-02-06T15:54:50.3903885Z           address: '104.16.29.34',
Admin UI E2E (2, chrome)	Run /./.github/actions/pnpm-setup	2025-02-06T15:54:50.3904107Z           port: 443
Admin UI E2E (2, chrome)	Run /./.github/actions/pnpm-setup	2025-02-06T15:54:50.3904285Z         },
Admin UI E2E (2, chrome)	Run /./.github/actions/pnpm-setup	2025-02-06T15:54:50.3904572Z         Error: connect ENETUNREACH 2606:4700::6810:23:443 - Local (:::0)
Admin UI E2E (2, chrome)	Run /./.github/actions/pnpm-setup	2025-02-06T15:54:50.3904945Z             at internalConnectMultiple (node:net:1211:16)
Admin UI E2E (2, chrome)	Run /./.github/actions/pnpm-setup	2025-02-06T15:54:50.3905333Z             at Timeout.internalConnectMultipleTimeout (node:net:1739:5)
Admin UI E2E (2, chrome)	Run /./.github/actions/pnpm-setup	2025-02-06T15:54:50.3905715Z             at listOnTimeout (node:internal/timers:596:11)
Admin UI E2E (2, chrome)	Run /./.github/actions/pnpm-setup	2025-02-06T15:54:50.3906079Z             at process.processTimers (node:internal/timers:529:7) {
Admin UI E2E (2, chrome)	Run /./.github/actions/pnpm-setup	2025-02-06T15:54:50.3906367Z           errno: -101,
Admin UI E2E (2, chrome)	Run /./.github/actions/pnpm-setup	2025-02-06T15:54:50.3906587Z           code: 'ENETUNREACH',
Admin UI E2E (2, chrome)	Run /./.github/actions/pnpm-setup	2025-02-06T15:54:50.3906805Z           syscall: 'connect',
Admin UI E2E (2, chrome)	Run /./.github/actions/pnpm-setup	2025-02-06T15:54:50.3907048Z           address: '2606:4700::6810:23',
Admin UI E2E (2, chrome)	Run /./.github/actions/pnpm-setup	2025-02-06T15:54:50.3907281Z           port: 443
Admin UI E2E (2, chrome)	Run /./.github/actions/pnpm-setup	2025-02-06T15:54:50.3907451Z         },
Admin UI E2E (2, chrome)	Run /./.github/actions/pnpm-setup	2025-02-06T15:54:50.3907667Z         Error: connect ETIMEDOUT 104.16.3.35:443
Admin UI E2E (2, chrome)	Run /./.github/actions/pnpm-setup	2025-02-06T15:54:50.3907980Z             at createConnectionError (node:net:1675:14)
Admin UI E2E (2, chrome)	Run /./.github/actions/pnpm-setup	2025-02-06T15:54:50.3908358Z             at Timeout.internalConnectMultipleTimeout (node:net:1734:38)
Admin UI E2E (2, chrome)	Run /./.github/actions/pnpm-setup	2025-02-06T15:54:50.3908739Z             at listOnTimeout (node:internal/timers:596:11)
Admin UI E2E (2, chrome)	Run /./.github/actions/pnpm-setup	2025-02-06T15:54:50.3909099Z             at process.processTimers (node:internal/timers:529:7) {
Admin UI E2E (2, chrome)	Run /./.github/actions/pnpm-setup	2025-02-06T15:54:50.3909576Z           errno: -110,
Admin UI E2E (2, chrome)	Run /./.github/actions/pnpm-setup	2025-02-06T15:54:50.3909784Z           code: 'ETIMEDOUT',
Admin UI E2E (2, chrome)	Run /./.github/actions/pnpm-setup	2025-02-06T15:54:50.3910005Z           syscall: 'connect',
Admin UI E2E (2, chrome)	Run /./.github/actions/pnpm-setup	2025-02-06T15:54:50.3910235Z           address: '104.16.3.35',
Admin UI E2E (2, chrome)	Run /./.github/actions/pnpm-setup	2025-02-06T15:54:50.3910453Z           port: 443
Admin UI E2E (2, chrome)	Run /./.github/actions/pnpm-setup	2025-02-06T15:54:50.3910627Z         },
Admin UI E2E (2, chrome)	Run /./.github/actions/pnpm-setup	2025-02-06T15:54:50.3910919Z         Error: connect ENETUNREACH 2606:4700::6810:1d22:443 - Local (:::0)
Admin UI E2E (2, chrome)	Run /./.github/actions/pnpm-setup	2025-02-06T15:54:50.3911296Z             at internalConnectMultiple (node:net:1211:16)
Admin UI E2E (2, chrome)	Run /./.github/actions/pnpm-setup	2025-02-06T15:54:50.3911680Z             at Timeout.internalConnectMultipleTimeout (node:net:1739:5)
Admin UI E2E (2, chrome)	Run /./.github/actions/pnpm-setup	2025-02-06T15:54:50.3912060Z             at listOnTimeout (node:internal/timers:596:11)
Admin UI E2E (2, chrome)	Run /./.github/actions/pnpm-setup	2025-02-06T15:54:50.3912413Z             at process.processTimers (node:internal/timers:529:7) {
Admin UI E2E (2, chrome)	Run /./.github/actions/pnpm-setup	2025-02-06T15:54:50.3912700Z           errno: -101,
Admin UI E2E (2, chrome)	Run /./.github/actions/pnpm-setup	2025-02-06T15:54:50.3912910Z           code: 'ENETUNREACH',
Admin UI E2E (2, chrome)	Run /./.github/actions/pnpm-setup	2025-02-06T15:54:50.3913270Z           syscall: 'connect',
Admin UI E2E (2, chrome)	Run /./.github/actions/pnpm-setup	2025-02-06T15:54:50.3913513Z           address: '2606:4700::6810:1d22',
Admin UI E2E (2, chrome)	Run /./.github/actions/pnpm-setup	2025-02-06T15:54:50.3913744Z           port: 443
Admin UI E2E (2, chrome)	Run /./.github/actions/pnpm-setup	2025-02-06T15:54:50.3913933Z         },
Admin UI E2E (2, chrome)	Run /./.github/actions/pnpm-setup	2025-02-06T15:54:50.3914157Z         Error: connect ETIMEDOUT 104.16.30.34:443
Admin UI E2E (2, chrome)	Run /./.github/actions/pnpm-setup	2025-02-06T15:54:50.3914480Z             at createConnectionError (node:net:1675:14)
Admin UI E2E (2, chrome)	Run /./.github/actions/pnpm-setup	2025-02-06T15:54:50.3914867Z             at Timeout.internalConnectMultipleTimeout (node:net:1734:38)
Admin UI E2E (2, chrome)	Run /./.github/actions/pnpm-setup	2025-02-06T15:54:50.3915259Z             at listOnTimeout (node:internal/timers:596:11)
Admin UI E2E (2, chrome)	Run /./.github/actions/pnpm-setup	2025-02-06T15:54:50.3915614Z             at process.processTimers (node:internal/timers:529:7) {
Admin UI E2E (2, chrome)	Run /./.github/actions/pnpm-setup	2025-02-06T15:54:50.3915914Z           errno: -110,
Admin UI E2E (2, chrome)	Run /./.github/actions/pnpm-setup	2025-02-06T15:54:50.3916117Z           code: 'ETIMEDOUT',
Admin UI E2E (2, chrome)	Run /./.github/actions/pnpm-setup	2025-02-06T15:54:50.3916331Z           syscall: 'connect',
Admin UI E2E (2, chrome)	Run /./.github/actions/pnpm-setup	2025-02-06T15:54:50.3916563Z           address: '104.16.30.34',
Admin UI E2E (2, chrome)	Run /./.github/actions/pnpm-setup	2025-02-06T15:54:50.3916788Z           port: 443
Admin UI E2E (2, chrome)	Run /./.github/actions/pnpm-setup	2025-02-06T15:54:50.3916965Z         },
Admin UI E2E (2, chrome)	Run /./.github/actions/pnpm-setup	2025-02-06T15:54:50.3917255Z         Error: connect ENETUNREACH 2606:4700::6810:223:443 - Local (:::0)
Admin UI E2E (2, chrome)	Run /./.github/actions/pnpm-setup	2025-02-06T15:54:50.3917643Z             at internalConnectMultiple (node:net:1211:16)
Admin UI E2E (2, chrome)	Run /./.github/actions/pnpm-setup	2025-02-06T15:54:50.3918033Z             at Timeout.internalConnectMultipleTimeout (node:net:1739:5)
Admin UI E2E (2, chrome)	Run /./.github/actions/pnpm-setup	2025-02-06T15:54:50.3918534Z             at listOnTimeout (node:internal/timers:596:11)
Admin UI E2E (2, chrome)	Run /./.github/actions/pnpm-setup	2025-02-06T15:54:50.3918889Z             at process.processTimers (node:internal/timers:529:7) {
Admin UI E2E (2, chrome)	Run /./.github/actions/pnpm-setup	2025-02-06T15:54:50.3919182Z           errno: -101,
Admin UI E2E (2, chrome)	Run /./.github/actions/pnpm-setup	2025-02-06T15:54:50.3919616Z           code: 'ENETUNREACH',
Admin UI E2E (2, chrome)	Run /./.github/actions/pnpm-setup	2025-02-06T15:54:50.3919851Z           syscall: 'connect',
Admin UI E2E (2, chrome)	Run /./.github/actions/pnpm-setup	2025-02-06T15:54:50.3920107Z           address: '2606:4700::6810:223',
Admin UI E2E (2, chrome)	Run /./.github/actions/pnpm-setup	2025-02-06T15:54:50.3920341Z           port: 443
Admin UI E2E (2, chrome)	Run /./.github/actions/pnpm-setup	2025-02-06T15:54:50.3920524Z         },
Admin UI E2E (2, chrome)	Run /./.github/actions/pnpm-setup	2025-02-06T15:54:50.3920744Z         Error: connect ETIMEDOUT 104.16.28.34:443
Admin UI E2E (2, chrome)	Run /./.github/actions/pnpm-setup	2025-02-06T15:54:50.3921064Z             at createConnectionError (node:net:1675:14)
Admin UI E2E (2, chrome)	Run /./.github/actions/pnpm-setup	2025-02-06T15:54:50.3921452Z             at Timeout.internalConnectMultipleTimeout (node:net:1734:38)
Admin UI E2E (2, chrome)	Run /./.github/actions/pnpm-setup	2025-02-06T15:54:50.3921844Z             at listOnTimeout (node:internal/timers:596:11)
Admin UI E2E (2, chrome)	Run /./.github/actions/pnpm-setup	2025-02-06T15:54:50.3922206Z             at process.processTimers (node:internal/timers:529:7) {
Admin UI E2E (2, chrome)	Run /./.github/actions/pnpm-setup	2025-02-06T15:54:50.3922505Z           errno: -110,
Admin UI E2E (2, chrome)	Run /./.github/actions/pnpm-setup	2025-02-06T15:54:50.3922706Z           code: 'ETIMEDOUT',
Admin UI E2E (2, chrome)	Run /./.github/actions/pnpm-setup	2025-02-06T15:54:50.3922920Z           syscall: 'connect',
Admin UI E2E (2, chrome)	Run /./.github/actions/pnpm-setup	2025-02-06T15:54:50.3923156Z           address: '104.16.28.34',
Admin UI E2E (2, chrome)	Run /./.github/actions/pnpm-setup	2025-02-06T15:54:50.3923372Z           port: 443
Admin UI E2E (2, chrome)	Run /./.github/actions/pnpm-setup	2025-02-06T15:54:50.3923544Z         },
Admin UI E2E (2, chrome)	Run /./.github/actions/pnpm-setup	2025-02-06T15:54:50.3923836Z         Error: connect ENETUNREACH 2606:4700::6810:1c22:443 - Local (:::0)
Admin UI E2E (2, chrome)	Run /./.github/actions/pnpm-setup	2025-02-06T15:54:50.3924237Z             at internalConnectMultiple (node:net:1211:16)
Admin UI E2E (2, chrome)	Run /./.github/actions/pnpm-setup	2025-02-06T15:54:50.3924630Z             at Timeout.internalConnectMultipleTimeout (node:net:1739:5)
Admin UI E2E (2, chrome)	Run /./.github/actions/pnpm-setup	2025-02-06T15:54:50.3925014Z             at listOnTimeout (node:internal/timers:596:11)
Admin UI E2E (2, chrome)	Run /./.github/actions/pnpm-setup	2025-02-06T15:54:50.3925376Z             at process.processTimers (node:internal/timers:529:7) {
Admin UI E2E (2, chrome)	Run /./.github/actions/pnpm-setup	2025-02-06T15:54:50.3925669Z           errno: -101,
Admin UI E2E (2, chrome)	Run /./.github/actions/pnpm-setup	2025-02-06T15:54:50.3925889Z           code: 'ENETUNREACH',
Admin UI E2E (2, chrome)	Run /./.github/actions/pnpm-setup	2025-02-06T15:54:50.3926102Z           syscall: 'connect',
Admin UI E2E (2, chrome)	Run /./.github/actions/pnpm-setup	2025-02-06T15:54:50.3926349Z           address: '2606:4700::6810:1c22',
Admin UI E2E (2, chrome)	Run /./.github/actions/pnpm-setup	2025-02-06T15:54:50.3926589Z           port: 443
Admin UI E2E (2, chrome)	Run /./.github/actions/pnpm-setup	2025-02-06T15:54:50.3926766Z         },
Admin UI E2E (2, chrome)	Run /./.github/actions/pnpm-setup	2025-02-06T15:54:50.3926983Z         Error: connect ETIMEDOUT 104.16.31.34:443
Admin UI E2E (2, chrome)	Run /./.github/actions/pnpm-setup	2025-02-06T15:54:50.3927297Z             at createConnectionError (node:net:1675:14)
Admin UI E2E (2, chrome)	Run /./.github/actions/pnpm-setup	2025-02-06T15:54:50.3927683Z             at Timeout.internalConnectMultipleTimeout (node:net:1734:38)
Admin UI E2E (2, chrome)	Run /./.github/actions/pnpm-setup	2025-02-06T15:54:50.3928064Z             at listOnTimeout (node:internal/timers:596:11)
Admin UI E2E (2, chrome)	Run /./.github/actions/pnpm-setup	2025-02-06T15:54:50.3928423Z             at process.processTimers (node:internal/timers:529:7) {
Admin UI E2E (2, chrome)	Run /./.github/actions/pnpm-setup	2025-02-06T15:54:50.3928714Z           errno: -110,
Admin UI E2E (2, chrome)	Run /./.github/actions/pnpm-setup	2025-02-06T15:54:50.3928911Z           code: 'ETIMEDOUT',
Admin UI E2E (2, chrome)	Run /./.github/actions/pnpm-setup	2025-02-06T15:54:50.3929125Z           syscall: 'connect',
Admin UI E2E (2, chrome)	Run /./.github/actions/pnpm-setup	2025-02-06T15:54:50.3929637Z           address: '104.16.31.34',
Admin UI E2E (2, chrome)	Run /./.github/actions/pnpm-setup	2025-02-06T15:54:50.3929869Z           port: 443
Admin UI E2E (2, chrome)	Run /./.github/actions/pnpm-setup	2025-02-06T15:54:50.3930192Z         },
Admin UI E2E (2, chrome)	Run /./.github/actions/pnpm-setup	2025-02-06T15:54:50.3930493Z         Error: connect ENETUNREACH 2606:4700::6810:123:443 - Local (:::0)
Admin UI E2E (2, chrome)	Run /./.github/actions/pnpm-setup	2025-02-06T15:54:50.3930882Z             at internalConnectMultiple (node:net:1211:16)
Admin UI E2E (2, chrome)	Run /./.github/actions/pnpm-setup	2025-02-06T15:54:50.3931280Z             at Timeout.internalConnectMultipleTimeout (node:net:1739:5)
Admin UI E2E (2, chrome)	Run /./.github/actions/pnpm-setup	2025-02-06T15:54:50.3931667Z             at listOnTimeout (node:internal/timers:596:11)
Admin UI E2E (2, chrome)	Run /./.github/actions/pnpm-setup	2025-02-06T15:54:50.3932029Z             at process.processTimers (node:internal/timers:529:7) {
Admin UI E2E (2, chrome)	Run /./.github/actions/pnpm-setup	2025-02-06T15:54:50.3932323Z           errno: -101,
Admin UI E2E (2, chrome)	Run /./.github/actions/pnpm-setup	2025-02-06T15:54:50.3932546Z           code: 'ENETUNREACH',
Admin UI E2E (2, chrome)	Run /./.github/actions/pnpm-setup	2025-02-06T15:54:50.3932770Z           syscall: 'connect',
Admin UI E2E (2, chrome)	Run /./.github/actions/pnpm-setup	2025-02-06T15:54:50.3933021Z           address: '2606:4700::6810:123',
Admin UI E2E (2, chrome)	Run /./.github/actions/pnpm-setup	2025-02-06T15:54:50.3933254Z           port: 443
Admin UI E2E (2, chrome)	Run /./.github/actions/pnpm-setup	2025-02-06T15:54:50.3933432Z         },
Admin UI E2E (2, chrome)	Run /./.github/actions/pnpm-setup	2025-02-06T15:54:50.3933651Z         Error: connect ETIMEDOUT 104.16.26.34:443
Admin UI E2E (2, chrome)	Run /./.github/actions/pnpm-setup	2025-02-06T15:54:50.3933969Z             at createConnectionError (node:net:1675:14)
Admin UI E2E (2, chrome)	Run /./.github/actions/pnpm-setup	2025-02-06T15:54:50.3934362Z             at Timeout.internalConnectMultipleTimeout (node:net:1734:38)
Admin UI E2E (2, chrome)	Run /./.github/actions/pnpm-setup	2025-02-06T15:54:50.3934744Z             at listOnTimeout (node:internal/timers:596:11)
Admin UI E2E (2, chrome)	Run /./.github/actions/pnpm-setup	2025-02-06T15:54:50.3935231Z             at process.processTimers (node:internal/timers:529:7) {
Admin UI E2E (2, chrome)	Run /./.github/actions/pnpm-setup	2025-02-06T15:54:50.3935522Z           errno: -110,
Admin UI E2E (2, chrome)	Run /./.github/actions/pnpm-setup	2025-02-06T15:54:50.3935722Z           code: 'ETIMEDOUT',
Admin UI E2E (2, chrome)	Run /./.github/actions/pnpm-setup	2025-02-06T15:54:50.3935936Z           syscall: 'connect',
Admin UI E2E (2, chrome)	Run /./.github/actions/pnpm-setup	2025-02-06T15:54:50.3936168Z           address: '104.16.26.34',
Admin UI E2E (2, chrome)	Run /./.github/actions/pnpm-setup	2025-02-06T15:54:50.3936388Z           port: 443
Admin UI E2E (2, chrome)	Run /./.github/actions/pnpm-setup	2025-02-06T15:54:50.3936567Z         },
Admin UI E2E (2, chrome)	Run /./.github/actions/pnpm-setup	2025-02-06T15:54:50.3936861Z         Error: connect ENETUNREACH 2606:4700::6810:1e22:443 - Local (:::0)
Admin UI E2E (2, chrome)	Run /./.github/actions/pnpm-setup	2025-02-06T15:54:50.3937245Z             at internalConnectMultiple (node:net:1211:16)
Admin UI E2E (2, chrome)	Run /./.github/actions/pnpm-setup	2025-02-06T15:54:50.3937634Z             at Timeout.internalConnectMultipleTimeout (node:net:1739:5)
Admin UI E2E (2, chrome)	Run /./.github/actions/pnpm-setup	2025-02-06T15:54:50.3938012Z             at listOnTimeout (node:internal/timers:596:11)
Admin UI E2E (2, chrome)	Run /./.github/actions/pnpm-setup	2025-02-06T15:54:50.3938365Z             at process.processTimers (node:internal/timers:529:7) {
Admin UI E2E (2, chrome)	Run /./.github/actions/pnpm-setup	2025-02-06T15:54:50.3938662Z           errno: -101,
Admin UI E2E (2, chrome)	Run /./.github/actions/pnpm-setup	2025-02-06T15:54:50.3938883Z           code: 'ENETUNREACH',
Admin UI E2E (2, chrome)	Run /./.github/actions/pnpm-setup	2025-02-06T15:54:50.3939103Z           syscall: 'connect',
Admin UI E2E (2, chrome)	Run /./.github/actions/pnpm-setup	2025-02-06T15:54:50.3939473Z           address: '2606:4700::6810:1e22',
Admin UI E2E (2, chrome)	Run /./.github/actions/pnpm-setup	2025-02-06T15:54:50.3939810Z           port: 443
Admin UI E2E (2, chrome)	Run /./.github/actions/pnpm-setup	2025-02-06T15:54:50.3939996Z         },
Admin UI E2E (2, chrome)	Run /./.github/actions/pnpm-setup	2025-02-06T15:54:50.3940213Z         Error: connect ETIMEDOUT 104.16.24.34:443
Admin UI E2E (2, chrome)	Run /./.github/actions/pnpm-setup	2025-02-06T15:54:50.3940532Z             at createConnectionError (node:net:1675:14)
Admin UI E2E (2, chrome)	Run /./.github/actions/pnpm-setup	2025-02-06T15:54:50.3940916Z             at Timeout.internalConnectMultipleTimeout (node:net:1734:38)
Admin UI E2E (2, chrome)	Run /./.github/actions/pnpm-setup	2025-02-06T15:54:50.3941294Z             at listOnTimeout (node:internal/timers:596:11)
Admin UI E2E (2, chrome)	Run /./.github/actions/pnpm-setup	2025-02-06T15:54:50.3941651Z             at process.processTimers (node:internal/timers:529:7) {
Admin UI E2E (2, chrome)	Run /./.github/actions/pnpm-setup	2025-02-06T15:54:50.3941943Z           errno: -110,
Admin UI E2E (2, chrome)	Run /./.github/actions/pnpm-setup	2025-02-06T15:54:50.3942141Z           code: 'ETIMEDOUT',
Admin UI E2E (2, chrome)	Run /./.github/actions/pnpm-setup	2025-02-06T15:54:50.3942359Z           syscall: 'connect',
Admin UI E2E (2, chrome)	Run /./.github/actions/pnpm-setup	2025-02-06T15:54:50.3942605Z           address: '104.16.24.34',
Admin UI E2E (2, chrome)	Run /./.github/actions/pnpm-setup	2025-02-06T15:54:50.3942835Z           port: 443
Admin UI E2E (2, chrome)	Run /./.github/actions/pnpm-setup	2025-02-06T15:54:50.3943019Z         },
Admin UI E2E (2, chrome)	Run /./.github/actions/pnpm-setup	2025-02-06T15:54:50.3943317Z         Error: connect ENETUNREACH 2606:4700::6810:1822:443 - Local (:::0)
Admin UI E2E (2, chrome)	Run /./.github/actions/pnpm-setup	2025-02-06T15:54:50.3943726Z             at internalConnectMultiple (node:net:1211:16)
Admin UI E2E (2, chrome)	Run /./.github/actions/pnpm-setup	2025-02-06T15:54:50.3944122Z             at Timeout.internalConnectMultipleTimeout (node:net:1739:5)
Admin UI E2E (2, chrome)	Run /./.github/actions/pnpm-setup	2025-02-06T15:54:50.3944514Z             at listOnTimeout (node:internal/timers:596:11)
Admin UI E2E (2, chrome)	Run /./.github/actions/pnpm-setup	2025-02-06T15:54:50.3944882Z             at process.processTimers (node:internal/timers:529:7) {
Admin UI E2E (2, chrome)	Run /./.github/actions/pnpm-setup	2025-02-06T15:54:50.3945181Z           errno: -101,
Admin UI E2E (2, chrome)	Run /./.github/actions/pnpm-setup	2025-02-06T15:54:50.3945406Z           code: 'ENETUNREACH',
Admin UI E2E (2, chrome)	Run /./.github/actions/pnpm-setup	2025-02-06T15:54:50.3945631Z           syscall: 'connect',
Admin UI E2E (2, chrome)	Run /./.github/actions/pnpm-setup	2025-02-06T15:54:50.3945885Z           address: '2606:4700::6810:1822',
Admin UI E2E (2, chrome)	Run /./.github/actions/pnpm-setup	2025-02-06T15:54:50.3946112Z           port: 443
Admin UI E2E (2, chrome)	Run /./.github/actions/pnpm-setup	2025-02-06T15:54:50.3946292Z         },
Admin UI E2E (2, chrome)	Run /./.github/actions/pnpm-setup	2025-02-06T15:54:50.3946512Z         Error: connect ETIMEDOUT 104.16.0.35:443
Admin UI E2E (2, chrome)	Run /./.github/actions/pnpm-setup	2025-02-06T15:54:50.3946959Z             at createConnectionError (node:net:1675:14)
Admin UI E2E (2, chrome)	Run /./.github/actions/pnpm-setup	2025-02-06T15:54:50.3947346Z             at Timeout.internalConnectMultipleTimeout (node:net:1734:38)
Admin UI E2E (2, chrome)	Run /./.github/actions/pnpm-setup	2025-02-06T15:54:50.3947735Z             at listOnTimeout (node:internal/timers:596:11)
Admin UI E2E (2, chrome)	Run /./.github/actions/pnpm-setup	2025-02-06T15:54:50.3948093Z             at process.processTimers (node:internal/timers:529:7) {
Admin UI E2E (2, chrome)	Run /./.github/actions/pnpm-setup	2025-02-06T15:54:50.3948386Z           errno: -110,
Admin UI E2E (2, chrome)	Run /./.github/actions/pnpm-setup	2025-02-06T15:54:50.3948586Z           code: 'ETIMEDOUT',
Admin UI E2E (2, chrome)	Run /./.github/actions/pnpm-setup	2025-02-06T15:54:50.3948802Z           syscall: 'connect',
Admin UI E2E (2, chrome)	Run /./.github/actions/pnpm-setup	2025-02-06T15:54:50.3949035Z           address: '104.16.0.35',
Admin UI E2E (2, chrome)	Run /./.github/actions/pnpm-setup	2025-02-06T15:54:50.3949358Z           port: 443
Admin UI E2E (2, chrome)	Run /./.github/actions/pnpm-setup	2025-02-06T15:54:50.3949533Z         },
Admin UI E2E (2, chrome)	Run /./.github/actions/pnpm-setup	2025-02-06T15:54:50.3949820Z         Error: connect ENETUNREACH 2606:4700::6810:1a22:443 - Local (:::0)
Admin UI E2E (2, chrome)	Run /./.github/actions/pnpm-setup	2025-02-06T15:54:50.3950202Z             at internalConnectMultiple (node:net:1211:16)
Admin UI E2E (2, chrome)	Run /./.github/actions/pnpm-setup	2025-02-06T15:54:50.3950588Z             at Timeout.internalConnectMultipleTimeout (node:net:1739:5)
Admin UI E2E (2, chrome)	Run /./.github/actions/pnpm-setup	2025-02-06T15:54:50.3950963Z             at listOnTimeout (node:internal/timers:596:11)
Admin UI E2E (2, chrome)	Run /./.github/actions/pnpm-setup	2025-02-06T15:54:50.3951325Z             at process.processTimers (node:internal/timers:529:7) {
Admin UI E2E (2, chrome)	Run /./.github/actions/pnpm-setup	2025-02-06T15:54:50.3951615Z           errno: -101,
Admin UI E2E (2, chrome)	Run /./.github/actions/pnpm-setup	2025-02-06T15:54:50.3951955Z           code: 'ENETUNREACH',
Admin UI E2E (2, chrome)	Run /./.github/actions/pnpm-setup	2025-02-06T15:54:50.3952174Z           syscall: 'connect',
Admin UI E2E (2, chrome)	Run /./.github/actions/pnpm-setup	2025-02-06T15:54:50.3952419Z           address: '2606:4700::6810:1a22',
Admin UI E2E (2, chrome)	Run /./.github/actions/pnpm-setup	2025-02-06T15:54:50.3952649Z           port: 443
Admin UI E2E (2, chrome)	Run /./.github/actions/pnpm-setup	2025-02-06T15:54:50.3952829Z         }
Admin UI E2E (2, chrome)	Run /./.github/actions/pnpm-setup	2025-02-06T15:54:50.3952990Z       ]
Admin UI E2E (2, chrome)	Run /./.github/actions/pnpm-setup	2025-02-06T15:54:50.3953149Z     }
Admin UI E2E (2, chrome)	Run /./.github/actions/pnpm-setup	2025-02-06T15:54:50.3953299Z   }
Admin UI E2E (2, chrome)	Run /./.github/actions/pnpm-setup	2025-02-06T15:54:50.3953486Z }
Admin UI E2E (2, chrome)	Run /./.github/actions/pnpm-setup	2025-02-06T15:54:50.3953583Z 
Admin UI E2E (2, chrome)	Run /./.github/actions/pnpm-setup	2025-02-06T15:54:50.3953667Z Node.js v22.13.1
Admin UI E2E (2, chrome)	Run /./.github/actions/pnpm-setup	2025-02-06T15:54:50.3961604Z ##[error]Process completed with exit code 1.
Status Check - Keycloak JavaScript CI	Run /./.github/actions/status-check	2025-02-06T16:09:18.4524788Z Prepare all required actions
Status Check - Keycloak JavaScript CI	Run /./.github/actions/status-check	2025-02-06T16:09:18.4595009Z ##[group]Run ./.github/actions/status-check
Status Check - Keycloak JavaScript CI	Run /./.github/actions/status-check	2025-02-06T16:09:18.4595365Z with:
Status Check - Keycloak JavaScript CI	Run /./.github/actions/status-check	2025-02-06T16:09:18.4596545Z   jobs: {
Status Check - Keycloak JavaScript CI	Run /./.github/actions/status-check	  "conditional": {
Status Check - Keycloak JavaScript CI	Run /./.github/actions/status-check	    "result": "success",
Status Check - Keycloak JavaScript CI	Run /./.github/actions/status-check	    "outputs": {
Status Check - Keycloak JavaScript CI	Run /./.github/actions/status-check	      "js-ci": "true"
Status Check - Keycloak JavaScript CI	Run /./.github/actions/status-check	    }
Status Check - Keycloak JavaScript CI	Run /./.github/actions/status-check	  },
Status Check - Keycloak JavaScript CI	Run /./.github/actions/status-check	  "build-keycloak": {
Status Check - Keycloak JavaScript CI	Run /./.github/actions/status-check	    "result": "success",
Status Check - Keycloak JavaScript CI	Run /./.github/actions/status-check	    "outputs": {}
Status Check - Keycloak JavaScript CI	Run /./.github/actions/status-check	  },
Status Check - Keycloak JavaScript CI	Run /./.github/actions/status-check	  "admin-client": {
Status Check - Keycloak JavaScript CI	Run /./.github/actions/status-check	    "result": "success",
Status Check - Keycloak JavaScript CI	Run /./.github/actions/status-check	    "outputs": {}
Status Check - Keycloak JavaScript CI	Run /./.github/actions/status-check	  },
Status Check - Keycloak JavaScript CI	Run /./.github/actions/status-check	  "ui-shared": {
Status Check - Keycloak JavaScript CI	Run /./.github/actions/status-check	    "result": "success",
Status Check - Keycloak JavaScript CI	Run /./.github/actions/status-check	    "outputs": {}
Status Check - Keycloak JavaScript CI	Run /./.github/actions/status-check	  },
Status Check - Keycloak JavaScript CI	Run /./.github/actions/status-check	  "account-ui": {
Status Check - Keycloak JavaScript CI	Run /./.github/actions/status-check	    "result": "success",
Status Check - Keycloak JavaScript CI	Run /./.github/actions/status-check	    "outputs": {}
Status Check - Keycloak JavaScript CI	Run /./.github/actions/status-check	  },
Status Check - Keycloak JavaScript CI	Run /./.github/actions/status-check	  "account-ui-e2e": {
Status Check - Keycloak JavaScript CI	Run /./.github/actions/status-check	    "result": "success",
Status Check - Keycloak JavaScript CI	Run /./.github/actions/status-check	    "outputs": {}
Status Check - Keycloak JavaScript CI	Run /./.github/actions/status-check	  },
Status Check - Keycloak JavaScript CI	Run /./.github/actions/status-check	  "admin-ui": {
Status Check - Keycloak JavaScript CI	Run /./.github/actions/status-check	    "result": "success",
Status Check - Keycloak JavaScript CI	Run /./.github/actions/status-check	    "outputs": {}
Status Check - Keycloak JavaScript CI	Run /./.github/actions/status-check	  },
Status Check - Keycloak JavaScript CI	Run /./.github/actions/status-check	  "admin-ui-e2e": {
Status Check - Keycloak JavaScript CI	Run /./.github/actions/status-check	    "result": "failure",
Status Check - Keycloak JavaScript CI	Run /./.github/actions/status-check	    "outputs": {}
Status Check - Keycloak JavaScript CI	Run /./.github/actions/status-check	  }
Status Check - Keycloak JavaScript CI	Run /./.github/actions/status-check	}
Status Check - Keycloak JavaScript CI	Run /./.github/actions/status-check	2025-02-06T16:09:18.4597862Z env:
Status Check - Keycloak JavaScript CI	Run /./.github/actions/status-check	2025-02-06T16:09:18.4598163Z   MAVEN_ARGS: -B -nsu -Daether.connector.http.connectionMaxTtl=25
Status Check - Keycloak JavaScript CI	Run /./.github/actions/status-check	2025-02-06T16:09:18.4598524Z   RETRY_COUNT: 3
Status Check - Keycloak JavaScript CI	Run /./.github/actions/status-check	2025-02-06T16:09:18.4599196Z   COREPACK_INTEGRITY_KEYS: 0
Status Check - Keycloak JavaScript CI	Run /./.github/actions/status-check	2025-02-06T16:09:18.4599460Z ##[endgroup]
Status Check - Keycloak JavaScript CI	Run /./.github/actions/status-check	2025-02-06T16:09:18.4790608Z ##[group]Run JOBS='{
Status Check - Keycloak JavaScript CI	Run /./.github/actions/status-check	2025-02-06T16:09:18.4790983Z [36;1mJOBS='{[0m
Status Check - Keycloak JavaScript CI	Run /./.github/actions/status-check	2025-02-06T16:09:18.4791221Z [36;1m  "conditional": {[0m
Status Check - Keycloak JavaScript CI	Run /./.github/actions/status-check	2025-02-06T16:09:18.4791500Z [36;1m    "result": "success",[0m
Status Check - Keycloak JavaScript CI	Run /./.github/actions/status-check	2025-02-06T16:09:18.4791782Z [36;1m    "outputs": {[0m
Status Check - Keycloak JavaScript CI	Run /./.github/actions/status-check	2025-02-06T16:09:18.4792062Z [36;1m      "js-ci": "true"[0m
Status Check - Keycloak JavaScript CI	Run /./.github/actions/status-check	2025-02-06T16:09:18.4792313Z [36;1m    }[0m
Status Check - Keycloak JavaScript CI	Run /./.github/actions/status-check	2025-02-06T16:09:18.4792511Z [36;1m  },[0m
Status Check - Keycloak JavaScript CI	Run /./.github/actions/status-check	2025-02-06T16:09:18.4792723Z [36;1m  "build-keycloak": {[0m
Status Check - Keycloak JavaScript CI	Run /./.github/actions/status-check	2025-02-06T16:09:18.4792975Z [36;1m    "result": "success",[0m
Status Check - Keycloak JavaScript CI	Run /./.github/actions/status-check	2025-02-06T16:09:18.4793230Z [36;1m    "outputs": {}[0m
Status Check - Keycloak JavaScript CI	Run /./.github/actions/status-check	2025-02-06T16:09:18.4793490Z [36;1m  },[0m
Status Check - Keycloak JavaScript CI	Run /./.github/actions/status-check	2025-02-06T16:09:18.4793698Z [36;1m  "admin-client": {[0m
Status Check - Keycloak JavaScript CI	Run /./.github/actions/status-check	2025-02-06T16:09:18.4793938Z [36;1m    "result": "success",[0m
Status Check - Keycloak JavaScript CI	Run /./.github/actions/status-check	2025-02-06T16:09:18.4794187Z [36;1m    "outputs": {}[0m
Status Check - Keycloak JavaScript CI	Run /./.github/actions/status-check	2025-02-06T16:09:18.4794412Z [36;1m  },[0m
Status Check - Keycloak JavaScript CI	Run /./.github/actions/status-check	2025-02-06T16:09:18.4794610Z [36;1m  "ui-shared": {[0m
Status Check - Keycloak JavaScript CI	Run /./.github/actions/status-check	2025-02-06T16:09:18.4794849Z [36;1m    "result": "success",[0m
Status Check - Keycloak JavaScript CI	Run /./.github/actions/status-check	2025-02-06T16:09:18.4795104Z [36;1m    "outputs": {}[0m
Status Check - Keycloak JavaScript CI	Run /./.github/actions/status-check	2025-02-06T16:09:18.4795328Z [36;1m  },[0m
Status Check - Keycloak JavaScript CI	Run /./.github/actions/status-check	2025-02-06T16:09:18.4795529Z [36;1m  "account-ui": {[0m
Status Check - Keycloak JavaScript CI	Run /./.github/actions/status-check	2025-02-06T16:09:18.4795762Z [36;1m    "result": "success",[0m
Status Check - Keycloak JavaScript CI	Run /./.github/actions/status-check	2025-02-06T16:09:18.4796009Z [36;1m    "outputs": {}[0m
Status Check - Keycloak JavaScript CI	Run /./.github/actions/status-check	2025-02-06T16:09:18.4796240Z [36;1m  },[0m
Status Check - Keycloak JavaScript CI	Run /./.github/actions/status-check	2025-02-06T16:09:18.4796452Z [36;1m  "account-ui-e2e": {[0m
Status Check - Keycloak JavaScript CI	Run /./.github/actions/status-check	2025-02-06T16:09:18.4796697Z [36;1m    "result": "success",[0m
Status Check - Keycloak JavaScript CI	Run /./.github/actions/status-check	2025-02-06T16:09:18.4796946Z [36;1m    "outputs": {}[0m
Status Check - Keycloak JavaScript CI	Run /./.github/actions/status-check	2025-02-06T16:09:18.4797171Z [36;1m  },[0m
Status Check - Keycloak JavaScript CI	Run /./.github/actions/status-check	2025-02-06T16:09:18.4797373Z [36;1m  "admin-ui": {[0m
Status Check - Keycloak JavaScript CI	Run /./.github/actions/status-check	2025-02-06T16:09:18.4797604Z [36;1m    "result": "success",[0m
Status Check - Keycloak JavaScript CI	Run /./.github/actions/status-check	2025-02-06T16:09:18.4797860Z [36;1m    "outputs": {}[0m
Status Check - Keycloak JavaScript CI	Run /./.github/actions/status-check	2025-02-06T16:09:18.4798095Z [36;1m  },[0m
Status Check - Keycloak JavaScript CI	Run /./.github/actions/status-check	2025-02-06T16:09:18.4798306Z [36;1m  "admin-ui-e2e": {[0m
Status Check - Keycloak JavaScript CI	Run /./.github/actions/status-check	2025-02-06T16:09:18.4798550Z [36;1m    "result": "failure",[0m
Status Check - Keycloak JavaScript CI	Run /./.github/actions/status-check	2025-02-06T16:09:18.4798999Z [36;1m    "outputs": {}[0m
Status Check - Keycloak JavaScript CI	Run /./.github/actions/status-check	2025-02-06T16:09:18.4799238Z [36;1m  }[0m
Status Check - Keycloak JavaScript CI	Run /./.github/actions/status-check	2025-02-06T16:09:18.4799434Z [36;1m}'[0m
Status Check - Keycloak JavaScript CI	Run /./.github/actions/status-check	2025-02-06T16:09:18.4799660Z [36;1m[0m
Status Check - Keycloak JavaScript CI	Run /./.github/actions/status-check	2025-02-06T16:09:18.4799874Z [36;1mecho "Job status:"[0m
Status Check - Keycloak JavaScript CI	Run /./.github/actions/status-check	2025-02-06T16:09:18.4800240Z [36;1mecho $JOBS | jq -r 'to_entries[] | " - \(.key): \(.value.result)"'[0m
Status Check - Keycloak JavaScript CI	Run /./.github/actions/status-check	2025-02-06T16:09:18.4800597Z [36;1m[0m
Status Check - Keycloak JavaScript CI	Run /./.github/actions/status-check	2025-02-06T16:09:18.4800879Z [36;1mfor i in $(echo $JOBS | jq -r 'to_entries[] | .value.result'); do[0m
Status Check - Keycloak JavaScript CI	Run /./.github/actions/status-check	2025-02-06T16:09:18.4801300Z [36;1m  if [ "$i" != "success" ] && [ "$i" != "skipped" ]; then[0m
Status Check - Keycloak JavaScript CI	Run /./.github/actions/status-check	2025-02-06T16:09:18.4801608Z [36;1m    echo ""[0m
Status Check - Keycloak JavaScript CI	Run /./.github/actions/status-check	2025-02-06T16:09:18.4801854Z [36;1m    echo "Status check not okay!"[0m
Status Check - Keycloak JavaScript CI	Run /./.github/actions/status-check	2025-02-06T16:09:18.4802132Z [36;1m    exit 1[0m
Status Check - Keycloak JavaScript CI	Run /./.github/actions/status-check	2025-02-06T16:09:18.4802564Z [36;1m  fi[0m
Status Check - Keycloak JavaScript CI	Run /./.github/actions/status-check	2025-02-06T16:09:18.4802767Z [36;1mdone[0m
Status Check - Keycloak JavaScript CI	Run /./.github/actions/status-check	2025-02-06T16:09:18.4836327Z shell: /usr/bin/bash --noprofile --norc -e -o pipefail {0}
Status Check - Keycloak JavaScript CI	Run /./.github/actions/status-check	2025-02-06T16:09:18.4836716Z env:
Status Check - Keycloak JavaScript CI	Run /./.github/actions/status-check	2025-02-06T16:09:18.4837017Z   MAVEN_ARGS: -B -nsu -Daether.connector.http.connectionMaxTtl=25
Status Check - Keycloak JavaScript CI	Run /./.github/actions/status-check	2025-02-06T16:09:18.4837395Z   RETRY_COUNT: 3
Status Check - Keycloak JavaScript CI	Run /./.github/actions/status-check	2025-02-06T16:09:18.4837625Z   COREPACK_INTEGRITY_KEYS: 0
Status Check - Keycloak JavaScript CI	Run /./.github/actions/status-check	2025-02-06T16:09:18.4838153Z ##[endgroup]
Status Check - Keycloak JavaScript CI	Run /./.github/actions/status-check	2025-02-06T16:09:18.4910364Z Job status:
Status Check - Keycloak JavaScript CI	Run /./.github/actions/status-check	2025-02-06T16:09:18.4951816Z  - conditional: success
Status Check - Keycloak JavaScript CI	Run /./.github/actions/status-check	2025-02-06T16:09:18.4952165Z  - build-keycloak: success
Status Check - Keycloak JavaScript CI	Run /./.github/actions/status-check	2025-02-06T16:09:18.4952451Z  - admin-client: success
Status Check - Keycloak JavaScript CI	Run /./.github/actions/status-check	2025-02-06T16:09:18.4952719Z  - ui-shared: success
Status Check - Keycloak JavaScript CI	Run /./.github/actions/status-check	2025-02-06T16:09:18.4952970Z  - account-ui: success
Status Check - Keycloak JavaScript CI	Run /./.github/actions/status-check	2025-02-06T16:09:18.4953216Z  - account-ui-e2e: success
Status Check - Keycloak JavaScript CI	Run /./.github/actions/status-check	2025-02-06T16:09:18.4953467Z  - admin-ui: success
Status Check - Keycloak JavaScript CI	Run /./.github/actions/status-check	2025-02-06T16:09:18.4953705Z  - admin-ui-e2e: failure
Status Check - Keycloak JavaScript CI	Run /./.github/actions/status-check	2025-02-06T16:09:18.4987011Z 
Status Check - Keycloak JavaScript CI	Run /./.github/actions/status-check	2025-02-06T16:09:18.4987248Z Status check not okay!
Status Check - Keycloak JavaScript CI	Run /./.github/actions/status-check	2025-02-06T16:09:18.4999810Z ##[error]Process completed with exit code 1.
