Base IT (1)	Integration test setup	2024-08-13T13:08:10.2386510Z Prepare all required actions
Base IT (1)	Integration test setup	2024-08-13T13:08:10.2387162Z Getting action download info
Base IT (1)	Integration test setup	2024-08-13T13:08:10.3330118Z Download action repository 'actions/download-artifact@v4' (SHA:fa0a91b85d4f404e444e00e005971372dc801d16)
Base IT (1)	Integration test setup	2024-08-13T13:08:21.3881095Z ##[warning]Failed to download action 'https://api.github.com/repos/actions/download-artifact/tarball/fa0a91b85d4f404e444e00e005971372dc801d16'. Error: Response status code does not indicate success: 504 (Gateway Timeout).
Base IT (1)	Integration test setup	2024-08-13T13:08:21.3890619Z ##[warning]Back off 26.472 seconds before retry.
Base IT (1)	Integration test setup	2024-08-13T13:08:52.5919935Z ##[group]Run ./.github/actions/integration-test-setup
Base IT (1)	Integration test setup	2024-08-13T13:08:52.5920483Z with:
Base IT (1)	Integration test setup	2024-08-13T13:08:52.5920924Z   jdk-dist: temurin
Base IT (1)	Integration test setup	2024-08-13T13:08:52.5921331Z   jdk-version: 21
Base IT (1)	Integration test setup	2024-08-13T13:08:52.5921661Z env:
Base IT (1)	Integration test setup	2024-08-13T13:08:52.5922131Z   MAVEN_ARGS: -B -nsu -Daether.connector.http.connectionMaxTtl=25
Base IT (1)	Integration test setup	2024-08-13T13:08:52.5922936Z   SUREFIRE_RERUN_FAILING_COUNT: 2
Base IT (1)	Integration test setup	2024-08-13T13:08:52.5923446Z   SUREFIRE_RETRY: -Dsurefire.rerunFailingTestsCount=2
Base IT (1)	Integration test setup	2024-08-13T13:08:52.5924066Z ##[endgroup]
Base IT (1)	Integration test setup	2024-08-13T13:08:52.6122454Z Prepare all required actions
Base IT (1)	Integration test setup	2024-08-13T13:08:52.6123090Z Getting action download info
Base IT (1)	Integration test setup	2024-08-13T13:08:52.6983608Z Download action repository 'actions/setup-java@v4' (SHA:6a0805fcefea3d4657a47ac4c165951e33482018)
Base IT (1)	Integration test setup	2024-08-13T13:08:56.7574171Z ##[warning]Failed to download action 'https://api.github.com/repos/actions/setup-java/tarball/6a0805fcefea3d4657a47ac4c165951e33482018'. Error: Response status code does not indicate success: 503 (Service Unavailable).
Base IT (1)	Integration test setup	2024-08-13T13:08:56.7575752Z ##[warning]Back off 22.193 seconds before retry.
Base IT (1)	Integration test setup	2024-08-13T13:09:29.9784862Z ##[warning]Failed to download action 'https://api.github.com/repos/actions/setup-java/tarball/6a0805fcefea3d4657a47ac4c165951e33482018'. Error: Response status code does not indicate success: 504 (Gateway Timeout).
Base IT (1)	Integration test setup	2024-08-13T13:09:29.9786538Z ##[warning]Back off 11.698 seconds before retry.
Base IT (1)	Integration test setup	2024-08-13T13:09:52.7041401Z ##[error]Response status code does not indicate success: 504 (Gateway Timeout).
Base IT (1)	Upload JVM Heapdumps	2024-08-13T13:09:52.7139657Z Prepare all required actions
Base IT (1)	Upload JVM Heapdumps	2024-08-13T13:09:52.7140040Z Getting action download info
Base IT (1)	Upload JVM Heapdumps	2024-08-13T13:09:52.7997190Z Download action repository 'actions/upload-artifact@v4' (SHA:834a144ee995460fba8ed112a2fc961b36a5ec5a)
Base IT (1)	Upload JVM Heapdumps	2024-08-13T13:09:53.4534199Z ##[warning]Failed to download action 'https://api.github.com/repos/actions/upload-artifact/tarball/834a144ee995460fba8ed112a2fc961b36a5ec5a'. Error: Response status code does not indicate success: 502 (Bad Gateway).
Base IT (1)	Upload JVM Heapdumps	2024-08-13T13:09:53.4537793Z ##[warning]Back off 17.588 seconds before retry.
Base IT (1)	Upload JVM Heapdumps	2024-08-13T13:10:15.0844220Z ##[warning]Failed to download action 'https://api.github.com/repos/actions/upload-artifact/tarball/834a144ee995460fba8ed112a2fc961b36a5ec5a'. Error: Response status code does not indicate success: 503 (Service Unavailable).
Base IT (1)	Upload JVM Heapdumps	2024-08-13T13:10:15.0846713Z ##[warning]Back off 23.766 seconds before retry.
Base IT (1)	Upload JVM Heapdumps	2024-08-13T13:10:42.8926995Z ##[error]Response status code does not indicate success: 503 (Service Unavailable).
Base IT (1)	Surefire reports	2024-08-13T13:10:42.8976258Z Prepare all required actions
Base IT (1)	Surefire reports	2024-08-13T13:10:42.8976641Z Getting action download info
Base IT (1)	Surefire reports	2024-08-13T13:10:42.9985408Z Download action repository 'actions/upload-artifact@v4' (SHA:834a144ee995460fba8ed112a2fc961b36a5ec5a)
Base IT (1)	Surefire reports	2024-08-13T13:10:47.0384148Z ##[warning]Failed to download action 'https://api.github.com/repos/actions/upload-artifact/tarball/834a144ee995460fba8ed112a2fc961b36a5ec5a'. Error: Response status code does not indicate success: 503 (Service Unavailable).
Base IT (1)	Surefire reports	2024-08-13T13:10:47.0386303Z ##[warning]Back off 26.529 seconds before retry.
Base IT (1)	Surefire reports	2024-08-13T13:11:17.6006355Z ##[warning]Failed to download action 'https://api.github.com/repos/actions/upload-artifact/tarball/834a144ee995460fba8ed112a2fc961b36a5ec5a'. Error: Response status code does not indicate success: 503 (Service Unavailable).
Base IT (1)	Surefire reports	2024-08-13T13:11:17.6008494Z ##[warning]Back off 17.618 seconds before retry.
Base IT (1)	Surefire reports	2024-08-13T13:11:43.8755582Z ##[error]Response status code does not indicate success: 502 (Bad Gateway).
Adapter IT	Integration test setup	2024-08-13T13:08:10.1650658Z Prepare all required actions
Adapter IT	Integration test setup	2024-08-13T13:08:10.1651280Z Getting action download info
Adapter IT	Integration test setup	2024-08-13T13:08:10.2392166Z Download action repository 'actions/download-artifact@v4' (SHA:fa0a91b85d4f404e444e00e005971372dc801d16)
Adapter IT	Integration test setup	2024-08-13T13:08:14.3076974Z ##[warning]Failed to download action 'https://api.github.com/repos/actions/download-artifact/tarball/fa0a91b85d4f404e444e00e005971372dc801d16'. Error: Response status code does not indicate success: 503 (Service Unavailable).
Adapter IT	Integration test setup	2024-08-13T13:08:14.3086254Z ##[warning]Back off 28.507 seconds before retry.
Adapter IT	Integration test setup	2024-08-13T13:08:42.8429001Z ##[warning]Failed to download action 'https://api.github.com/repos/actions/download-artifact/tarball/fa0a91b85d4f404e444e00e005971372dc801d16'. Error: Response status code does not indicate success: 502 (Bad Gateway).
Adapter IT	Integration test setup	2024-08-13T13:08:42.8431861Z ##[warning]Back off 19.882 seconds before retry.
Adapter IT	Integration test setup	2024-08-13T13:09:06.7618047Z ##[error]Response status code does not indicate success: 503 (Service Unavailable).
Quarkus UT (ubuntu-latest)	Integration test setup	2024-08-13T13:08:10.0935760Z Prepare all required actions
Quarkus UT (ubuntu-latest)	Integration test setup	2024-08-13T13:08:10.0936404Z Getting action download info
Quarkus UT (ubuntu-latest)	Integration test setup	2024-08-13T13:08:10.1660927Z Download action repository 'actions/download-artifact@v4' (SHA:fa0a91b85d4f404e444e00e005971372dc801d16)
Quarkus UT (ubuntu-latest)	Integration test setup	2024-08-13T13:08:14.2348806Z ##[warning]Failed to download action 'https://api.github.com/repos/actions/download-artifact/tarball/fa0a91b85d4f404e444e00e005971372dc801d16'. Error: Response status code does not indicate success: 503 (Service Unavailable).
Quarkus UT (ubuntu-latest)	Integration test setup	2024-08-13T13:08:14.2358122Z ##[warning]Back off 14.08 seconds before retry.
Quarkus UT (ubuntu-latest)	Integration test setup	2024-08-13T13:08:39.3491334Z ##[warning]Failed to download action 'https://api.github.com/repos/actions/download-artifact/tarball/fa0a91b85d4f404e444e00e005971372dc801d16'. Error: Response status code does not indicate success: 504 (Gateway Timeout).
Quarkus UT (ubuntu-latest)	Integration test setup	2024-08-13T13:08:39.3494573Z ##[warning]Back off 19.097 seconds before retry.
Quarkus UT (ubuntu-latest)	Integration test setup	2024-08-13T13:09:09.4750590Z ##[error]Response status code does not indicate success: 504 (Gateway Timeout).
Quarkus UT (ubuntu-latest)	Upload JVM Heapdumps	2024-08-13T13:09:09.4826639Z Prepare all required actions
Quarkus UT (ubuntu-latest)	Upload JVM Heapdumps	2024-08-13T13:09:09.4827123Z Getting action download info
Quarkus UT (ubuntu-latest)	Upload JVM Heapdumps	2024-08-13T13:09:09.6124954Z Download action repository 'actions/upload-artifact@v4' (SHA:834a144ee995460fba8ed112a2fc961b36a5ec5a)
Quarkus UT (ubuntu-latest)	Upload JVM Heapdumps	2024-08-13T13:09:20.6384301Z ##[warning]Failed to download action 'https://api.github.com/repos/actions/upload-artifact/tarball/834a144ee995460fba8ed112a2fc961b36a5ec5a'. Error: Response status code does not indicate success: 504 (Gateway Timeout).
Quarkus UT (ubuntu-latest)	Upload JVM Heapdumps	2024-08-13T13:09:20.6387236Z ##[warning]Back off 17.903 seconds before retry.
Quarkus UT (ubuntu-latest)	Upload JVM Heapdumps	2024-08-13T13:09:49.5650035Z ##[warning]Failed to download action 'https://api.github.com/repos/actions/upload-artifact/tarball/834a144ee995460fba8ed112a2fc961b36a5ec5a'. Error: Response status code does not indicate success: 504 (Gateway Timeout).
Quarkus UT (ubuntu-latest)	Upload JVM Heapdumps	2024-08-13T13:09:49.5652932Z ##[warning]Back off 28.896 seconds before retry.
Quarkus UT (ubuntu-latest)	Upload JVM Heapdumps	2024-08-13T13:10:22.5030923Z ##[error]Response status code does not indicate success: 503 (Service Unavailable).
Quarkus UT (ubuntu-latest)	Surefire reports	2024-08-13T13:10:22.5083612Z Prepare all required actions
Quarkus UT (ubuntu-latest)	Surefire reports	2024-08-13T13:10:22.5084091Z Getting action download info
Quarkus UT (ubuntu-latest)	Surefire reports	2024-08-13T13:10:22.5927956Z Download action repository 'actions/upload-artifact@v4' (SHA:834a144ee995460fba8ed112a2fc961b36a5ec5a)
Quarkus UT (ubuntu-latest)	Surefire reports	2024-08-13T13:10:33.6183156Z ##[warning]Failed to download action 'https://api.github.com/repos/actions/upload-artifact/tarball/834a144ee995460fba8ed112a2fc961b36a5ec5a'. Error: Response status code does not indicate success: 504 (Gateway Timeout).
Quarkus UT (ubuntu-latest)	Surefire reports	2024-08-13T13:10:33.6185558Z ##[warning]Back off 13.528 seconds before retry.
Quarkus UT (ubuntu-latest)	Surefire reports	2024-08-13T13:10:47.7711939Z ##[warning]Failed to download action 'https://api.github.com/repos/actions/upload-artifact/tarball/834a144ee995460fba8ed112a2fc961b36a5ec5a'. Error: Response status code does not indicate success: 502 (Bad Gateway).
Quarkus UT (ubuntu-latest)	Surefire reports	2024-08-13T13:10:47.7714735Z ##[warning]Back off 14.569 seconds before retry.
Quarkus UT (ubuntu-latest)	Surefire reports	2024-08-13T13:11:06.3847898Z ##[error]Response status code does not indicate success: 503 (Service Unavailable).
Base IT (2)	Integration test setup	2024-08-13T13:08:10.3635794Z Prepare all required actions
Base IT (2)	Integration test setup	2024-08-13T13:08:10.3636527Z Getting action download info
Base IT (2)	Integration test setup	2024-08-13T13:08:10.4754782Z Download action repository 'actions/download-artifact@v4' (SHA:fa0a91b85d4f404e444e00e005971372dc801d16)
Base IT (2)	Integration test setup	2024-08-13T13:08:10.6242886Z ##[warning]Failed to download action 'https://api.github.com/repos/actions/download-artifact/tarball/fa0a91b85d4f404e444e00e005971372dc801d16'. Error: Response status code does not indicate success: 503 (Service Unavailable).
Base IT (2)	Integration test setup	2024-08-13T13:08:10.6252673Z ##[warning]Back off 13.637 seconds before retry.
Base IT (2)	Integration test setup	2024-08-13T13:08:35.3298187Z ##[warning]Failed to download action 'https://api.github.com/repos/actions/download-artifact/tarball/fa0a91b85d4f404e444e00e005971372dc801d16'. Error: Response status code does not indicate success: 504 (Gateway Timeout).
Base IT (2)	Integration test setup	2024-08-13T13:08:35.3302858Z ##[warning]Back off 28.115 seconds before retry.
Base IT (2)	Integration test setup	2024-08-13T13:09:14.5354789Z ##[error]Response status code does not indicate success: 504 (Gateway Timeout).
Base IT (2)	Upload JVM Heapdumps	2024-08-13T13:09:14.5431595Z Prepare all required actions
Base IT (2)	Upload JVM Heapdumps	2024-08-13T13:09:14.5432193Z Getting action download info
Base IT (2)	Upload JVM Heapdumps	2024-08-13T13:09:14.6851202Z Download action repository 'actions/upload-artifact@v4' (SHA:834a144ee995460fba8ed112a2fc961b36a5ec5a)
Base IT (2)	Upload JVM Heapdumps	2024-08-13T13:09:25.7667694Z ##[warning]Failed to download action 'https://api.github.com/repos/actions/upload-artifact/tarball/834a144ee995460fba8ed112a2fc961b36a5ec5a'. Error: Response status code does not indicate success: 504 (Gateway Timeout).
Base IT (2)	Upload JVM Heapdumps	2024-08-13T13:09:25.7670325Z ##[warning]Back off 28.496 seconds before retry.
Base IT (2)	Upload JVM Heapdumps	2024-08-13T13:09:54.3313840Z ##[warning]Failed to download action 'https://api.github.com/repos/actions/upload-artifact/tarball/834a144ee995460fba8ed112a2fc961b36a5ec5a'. Error: Response status code does not indicate success: 502 (Bad Gateway).
Base IT (2)	Upload JVM Heapdumps	2024-08-13T13:09:54.3316130Z ##[warning]Back off 20.063 seconds before retry.
Base IT (2)	Upload JVM Heapdumps	2024-08-13T13:10:18.5088617Z ##[error]Response status code does not indicate success: 503 (Service Unavailable).
Base IT (2)	Surefire reports	2024-08-13T13:10:18.5144681Z Prepare all required actions
Base IT (2)	Surefire reports	2024-08-13T13:10:18.5145188Z Getting action download info
Base IT (2)	Surefire reports	2024-08-13T13:10:18.6302044Z Download action repository 'actions/upload-artifact@v4' (SHA:834a144ee995460fba8ed112a2fc961b36a5ec5a)
Base IT (2)	Surefire reports	2024-08-13T13:10:29.6872278Z ##[warning]Failed to download action 'https://api.github.com/repos/actions/upload-artifact/tarball/834a144ee995460fba8ed112a2fc961b36a5ec5a'. Error: Response status code does not indicate success: 504 (Gateway Timeout).
Base IT (2)	Surefire reports	2024-08-13T13:10:29.6874756Z ##[warning]Back off 23.184 seconds before retry.
Base IT (2)	Surefire reports	2024-08-13T13:10:56.9951846Z ##[warning]Failed to download action 'https://api.github.com/repos/actions/upload-artifact/tarball/834a144ee995460fba8ed112a2fc961b36a5ec5a'. Error: Response status code does not indicate success: 503 (Service Unavailable).
Base IT (2)	Surefire reports	2024-08-13T13:10:56.9954650Z ##[warning]Back off 17.386 seconds before retry.
Base IT (2)	Surefire reports	2024-08-13T13:11:25.4605120Z ##[error]Response status code does not indicate success: 504 (Gateway Timeout).
Quarkus UT (windows-latest)	Integration test setup	2024-08-13T13:08:27.7922868Z Prepare all required actions
Quarkus UT (windows-latest)	Integration test setup	2024-08-13T13:08:27.7923456Z Getting action download info
Quarkus UT (windows-latest)	Integration test setup	2024-08-13T13:08:27.9032213Z Download action repository 'actions/download-artifact@v4' (SHA:fa0a91b85d4f404e444e00e005971372dc801d16)
Quarkus UT (windows-latest)	Integration test setup	2024-08-13T13:08:31.9808674Z ##[warning]Failed to download action 'https://api.github.com/repos/actions/download-artifact/zipball/fa0a91b85d4f404e444e00e005971372dc801d16'. Error: Response status code does not indicate success: 503 (Service Unavailable).
Quarkus UT (windows-latest)	Integration test setup	2024-08-13T13:08:31.9817730Z ##[warning]Back off 14.447 seconds before retry.
Quarkus UT (windows-latest)	Integration test setup	2024-08-13T13:08:46.5066741Z ##[warning]Failed to download action 'https://api.github.com/repos/actions/download-artifact/zipball/fa0a91b85d4f404e444e00e005971372dc801d16'. Error: Response status code does not indicate success: 502 (Bad Gateway).
Quarkus UT (windows-latest)	Integration test setup	2024-08-13T13:08:46.5068748Z ##[warning]Back off 29.23 seconds before retry.
Quarkus UT (windows-latest)	Integration test setup	2024-08-13T13:09:26.7600053Z ##[error]Response status code does not indicate success: 504 (Gateway Timeout).
Quarkus UT (windows-latest)	Upload JVM Heapdumps	2024-08-13T13:09:26.7756272Z Prepare all required actions
Quarkus UT (windows-latest)	Upload JVM Heapdumps	2024-08-13T13:09:26.7756686Z Getting action download info
Quarkus UT (windows-latest)	Upload JVM Heapdumps	2024-08-13T13:09:26.8841824Z Download action repository 'actions/upload-artifact@v4' (SHA:834a144ee995460fba8ed112a2fc961b36a5ec5a)
Quarkus UT (windows-latest)	Upload JVM Heapdumps	2024-08-13T13:09:30.9244547Z ##[warning]Failed to download action 'https://api.github.com/repos/actions/upload-artifact/zipball/834a144ee995460fba8ed112a2fc961b36a5ec5a'. Error: Response status code does not indicate success: 503 (Service Unavailable).
Quarkus UT (windows-latest)	Upload JVM Heapdumps	2024-08-13T13:09:30.9246674Z ##[warning]Back off 20.135 seconds before retry.
Quarkus UT (windows-latest)	Upload JVM Heapdumps	2024-08-13T13:09:53.8132016Z ##[warning]Failed to download action 'https://api.github.com/repos/actions/upload-artifact/zipball/834a144ee995460fba8ed112a2fc961b36a5ec5a'. Error: Response status code does not indicate success: 502 (Bad Gateway).
Quarkus UT (windows-latest)	Upload JVM Heapdumps	2024-08-13T13:09:53.8134272Z ##[warning]Back off 15.965 seconds before retry.
Quarkus UT (windows-latest)	Upload JVM Heapdumps	2024-08-13T13:10:20.7940155Z ##[error]Response status code does not indicate success: 504 (Gateway Timeout).
Quarkus UT (windows-latest)	Surefire reports	2024-08-13T13:10:20.8069839Z Prepare all required actions
Quarkus UT (windows-latest)	Surefire reports	2024-08-13T13:10:20.8070383Z Getting action download info
Quarkus UT (windows-latest)	Surefire reports	2024-08-13T13:10:20.8945283Z Download action repository 'actions/upload-artifact@v4' (SHA:834a144ee995460fba8ed112a2fc961b36a5ec5a)
Quarkus UT (windows-latest)	Surefire reports	2024-08-13T13:10:31.9073663Z ##[warning]Failed to download action 'https://api.github.com/repos/actions/upload-artifact/zipball/834a144ee995460fba8ed112a2fc961b36a5ec5a'. Error: Response status code does not indicate success: 504 (Gateway Timeout).
Quarkus UT (windows-latest)	Surefire reports	2024-08-13T13:10:31.9075742Z ##[warning]Back off 19.252 seconds before retry.
Quarkus UT (windows-latest)	Surefire reports	2024-08-13T13:10:55.1852369Z ##[warning]Failed to download action 'https://api.github.com/repos/actions/upload-artifact/zipball/834a144ee995460fba8ed112a2fc961b36a5ec5a'. Error: Response status code does not indicate success: 503 (Service Unavailable).
Quarkus UT (windows-latest)	Surefire reports	2024-08-13T13:10:55.1854630Z ##[warning]Back off 24.655 seconds before retry.
Quarkus UT (windows-latest)	Surefire reports	2024-08-13T13:11:23.8593943Z ##[error]Response status code does not indicate success: 503 (Service Unavailable).
Base IT (3)	Integration test setup	2024-08-13T13:08:10.5405466Z Prepare all required actions
Base IT (3)	Integration test setup	2024-08-13T13:08:10.5406175Z Getting action download info
Base IT (3)	Integration test setup	2024-08-13T13:08:10.6859187Z Download action repository 'actions/download-artifact@v4' (SHA:fa0a91b85d4f404e444e00e005971372dc801d16)
Base IT (3)	Integration test setup	2024-08-13T13:08:21.9219902Z ##[warning]Failed to download action 'https://api.github.com/repos/actions/download-artifact/tarball/fa0a91b85d4f404e444e00e005971372dc801d16'. Error: Response status code does not indicate success: 504 (Gateway Timeout).
Base IT (3)	Integration test setup	2024-08-13T13:08:21.9229390Z ##[warning]Back off 12.67 seconds before retry.
Base IT (3)	Integration test setup	2024-08-13T13:08:35.2233257Z ##[group]Run ./.github/actions/integration-test-setup
Base IT (3)	Integration test setup	2024-08-13T13:08:35.2233760Z with:
Base IT (3)	Integration test setup	2024-08-13T13:08:35.2234175Z   jdk-dist: temurin
Base IT (3)	Integration test setup	2024-08-13T13:08:35.2234522Z   jdk-version: 21
Base IT (3)	Integration test setup	2024-08-13T13:08:35.2234822Z env:
Base IT (3)	Integration test setup	2024-08-13T13:08:35.2235339Z   MAVEN_ARGS: -B -nsu -Daether.connector.http.connectionMaxTtl=25
Base IT (3)	Integration test setup	2024-08-13T13:08:35.2236144Z   SUREFIRE_RERUN_FAILING_COUNT: 2
Base IT (3)	Integration test setup	2024-08-13T13:08:35.2236639Z   SUREFIRE_RETRY: -Dsurefire.rerunFailingTestsCount=2
Base IT (3)	Integration test setup	2024-08-13T13:08:35.2237290Z ##[endgroup]
Base IT (3)	Integration test setup	2024-08-13T13:08:35.2432881Z Prepare all required actions
Base IT (3)	Integration test setup	2024-08-13T13:08:35.2433345Z Getting action download info
Base IT (3)	Integration test setup	2024-08-13T13:08:35.3910374Z Download action repository 'actions/setup-java@v4' (SHA:6a0805fcefea3d4657a47ac4c165951e33482018)
Base IT (3)	Integration test setup	2024-08-13T13:08:40.2337184Z ##[warning]Failed to download action 'https://api.github.com/repos/actions/setup-java/tarball/6a0805fcefea3d4657a47ac4c165951e33482018'. Error: Response status code does not indicate success: 502 (Bad Gateway).
Base IT (3)	Integration test setup	2024-08-13T13:08:40.2339081Z ##[warning]Back off 29.289 seconds before retry.
Base IT (3)	Integration test setup	2024-08-13T13:09:20.7369983Z ##[warning]Failed to download action 'https://api.github.com/repos/actions/setup-java/tarball/6a0805fcefea3d4657a47ac4c165951e33482018'. Error: Response status code does not indicate success: 504 (Gateway Timeout).
Base IT (3)	Integration test setup	2024-08-13T13:09:20.7371917Z ##[warning]Back off 27.071 seconds before retry.
Base IT (3)	Integration test setup	2024-08-13T13:09:59.0174811Z ##[error]Response status code does not indicate success: 504 (Gateway Timeout).
Base IT (4)	Integration test setup	2024-08-13T13:08:09.6841163Z Prepare all required actions
Base IT (4)	Integration test setup	2024-08-13T13:08:09.6841649Z Getting action download info
Base IT (4)	Integration test setup	2024-08-13T13:08:09.7659027Z Download action repository 'actions/download-artifact@v4' (SHA:fa0a91b85d4f404e444e00e005971372dc801d16)
Base IT (4)	Integration test setup	2024-08-13T13:08:12.8409219Z ##[warning]Failed to download action 'https://api.github.com/repos/actions/download-artifact/tarball/fa0a91b85d4f404e444e00e005971372dc801d16'. Error: Response status code does not indicate success: 503 (Service Unavailable).
Base IT (4)	Integration test setup	2024-08-13T13:08:12.8418715Z ##[warning]Back off 25.336 seconds before retry.
Base IT (4)	Integration test setup	2024-08-13T13:08:49.2087166Z ##[warning]Failed to download action 'https://api.github.com/repos/actions/download-artifact/tarball/fa0a91b85d4f404e444e00e005971372dc801d16'. Error: Response status code does not indicate success: 504 (Gateway Timeout).
Base IT (4)	Integration test setup	2024-08-13T13:08:49.2091770Z ##[warning]Back off 22.829 seconds before retry.
Base IT (4)	Integration test setup	2024-08-13T13:09:23.0657531Z ##[error]Response status code does not indicate success: 504 (Gateway Timeout).
Base IT (4)	Upload JVM Heapdumps	2024-08-13T13:09:23.0734155Z Prepare all required actions
Base IT (4)	Upload JVM Heapdumps	2024-08-13T13:09:23.0734674Z Getting action download info
Base IT (4)	Upload JVM Heapdumps	2024-08-13T13:09:23.1537198Z Download action repository 'actions/upload-artifact@v4' (SHA:834a144ee995460fba8ed112a2fc961b36a5ec5a)
Base IT (4)	Upload JVM Heapdumps	2024-08-13T13:09:34.1813853Z ##[warning]Failed to download action 'https://api.github.com/repos/actions/upload-artifact/tarball/834a144ee995460fba8ed112a2fc961b36a5ec5a'. Error: Response status code does not indicate success: 504 (Gateway Timeout).
Base IT (4)	Upload JVM Heapdumps	2024-08-13T13:09:34.1816263Z ##[warning]Back off 11.175 seconds before retry.
Base IT (4)	Upload JVM Heapdumps	2024-08-13T13:09:56.3956025Z ##[warning]Failed to download action 'https://api.github.com/repos/actions/upload-artifact/tarball/834a144ee995460fba8ed112a2fc961b36a5ec5a'. Error: Response status code does not indicate success: 504 (Gateway Timeout).
Base IT (4)	Upload JVM Heapdumps	2024-08-13T13:09:56.3958482Z ##[warning]Back off 28.662 seconds before retry.
Base IT (4)	Upload JVM Heapdumps	2024-08-13T13:10:29.3156550Z ##[error]Response status code does not indicate success: 502 (Bad Gateway).
Base IT (4)	Surefire reports	2024-08-13T13:10:29.3211871Z Prepare all required actions
Base IT (4)	Surefire reports	2024-08-13T13:10:29.3212333Z Getting action download info
Base IT (4)	Surefire reports	2024-08-13T13:10:29.4153402Z Download action repository 'actions/upload-artifact@v4' (SHA:834a144ee995460fba8ed112a2fc961b36a5ec5a)
Base IT (4)	Surefire reports	2024-08-13T13:10:30.5873482Z ##[warning]Failed to download action 'https://api.github.com/repos/actions/upload-artifact/tarball/834a144ee995460fba8ed112a2fc961b36a5ec5a'. Error: Response status code does not indicate success: 502 (Bad Gateway).
Base IT (4)	Surefire reports	2024-08-13T13:10:30.5875920Z ##[warning]Back off 21.477 seconds before retry.
Base IT (4)	Surefire reports	2024-08-13T13:11:00.9211476Z ##[warning]Failed to download action 'https://api.github.com/repos/actions/upload-artifact/tarball/834a144ee995460fba8ed112a2fc961b36a5ec5a'. Error: Response status code does not indicate success: 502 (Bad Gateway).
Base IT (4)	Surefire reports	2024-08-13T13:11:00.9213895Z ##[warning]Back off 11.51 seconds before retry.
Base IT (4)	Surefire reports	2024-08-13T13:11:16.4835590Z ##[error]Response status code does not indicate success: 503 (Service Unavailable).
External Infinispan IT (remote-cache,multi-site)	Integration test setup	2024-08-13T13:08:11.5442973Z Prepare all required actions
External Infinispan IT (remote-cache,multi-site)	Integration test setup	2024-08-13T13:08:11.5443751Z Getting action download info
External Infinispan IT (remote-cache,multi-site)	Integration test setup	2024-08-13T13:08:11.6900710Z Download action repository 'actions/download-artifact@v4' (SHA:fa0a91b85d4f404e444e00e005971372dc801d16)
External Infinispan IT (remote-cache,multi-site)	Integration test setup	2024-08-13T13:08:16.0807364Z ##[warning]Failed to download action 'https://api.github.com/repos/actions/download-artifact/tarball/fa0a91b85d4f404e444e00e005971372dc801d16'. Error: Response status code does not indicate success: 503 (Service Unavailable).
External Infinispan IT (remote-cache,multi-site)	Integration test setup	2024-08-13T13:08:16.0817311Z ##[warning]Back off 16.602 seconds before retry.
External Infinispan IT (remote-cache,multi-site)	Integration test setup	2024-08-13T13:08:43.8833121Z ##[warning]Failed to download action 'https://api.github.com/repos/actions/download-artifact/tarball/fa0a91b85d4f404e444e00e005971372dc801d16'. Error: Response status code does not indicate success: 504 (Gateway Timeout).
External Infinispan IT (remote-cache,multi-site)	Integration test setup	2024-08-13T13:08:43.8835849Z ##[warning]Back off 29.183 seconds before retry.
External Infinispan IT (remote-cache,multi-site)	Integration test setup	2024-08-13T13:09:17.4466709Z ##[error]Response status code does not indicate success: 503 (Service Unavailable).
External Infinispan IT (remote-cache,multi-site)	Upload JVM Heapdumps	2024-08-13T13:09:17.4542947Z Prepare all required actions
External Infinispan IT (remote-cache,multi-site)	Upload JVM Heapdumps	2024-08-13T13:09:17.4543476Z Getting action download info
External Infinispan IT (remote-cache,multi-site)	Upload JVM Heapdumps	2024-08-13T13:09:17.5998284Z Download action repository 'actions/upload-artifact@v4' (SHA:834a144ee995460fba8ed112a2fc961b36a5ec5a)
External Infinispan IT (remote-cache,multi-site)	Upload JVM Heapdumps	2024-08-13T13:09:28.8240650Z ##[warning]Failed to download action 'https://api.github.com/repos/actions/upload-artifact/tarball/834a144ee995460fba8ed112a2fc961b36a5ec5a'. Error: Response status code does not indicate success: 504 (Gateway Timeout).
External Infinispan IT (remote-cache,multi-site)	Upload JVM Heapdumps	2024-08-13T13:09:28.8243581Z ##[warning]Back off 24.04 seconds before retry.
External Infinispan IT (remote-cache,multi-site)	Upload JVM Heapdumps	2024-08-13T13:10:04.0591641Z ##[warning]Failed to download action 'https://api.github.com/repos/actions/upload-artifact/tarball/834a144ee995460fba8ed112a2fc961b36a5ec5a'. Error: Response status code does not indicate success: 504 (Gateway Timeout).
External Infinispan IT (remote-cache,multi-site)	Upload JVM Heapdumps	2024-08-13T13:10:04.0594532Z ##[warning]Back off 27.505 seconds before retry.
External Infinispan IT (remote-cache,multi-site)	Upload JVM Heapdumps	2024-08-13T13:10:39.0483614Z ##[error]Response status code does not indicate success: 502 (Bad Gateway).
External Infinispan IT (remote-cache,multi-site)	Surefire reports	2024-08-13T13:10:39.0540692Z Prepare all required actions
External Infinispan IT (remote-cache,multi-site)	Surefire reports	2024-08-13T13:10:39.0541163Z Getting action download info
External Infinispan IT (remote-cache,multi-site)	Surefire reports	2024-08-13T13:10:39.2038152Z Download action repository 'actions/upload-artifact@v4' (SHA:834a144ee995460fba8ed112a2fc961b36a5ec5a)
External Infinispan IT (remote-cache,multi-site)	Surefire reports	2024-08-13T13:10:43.5659607Z ##[warning]Failed to download action 'https://api.github.com/repos/actions/upload-artifact/tarball/834a144ee995460fba8ed112a2fc961b36a5ec5a'. Error: Response status code does not indicate success: 503 (Service Unavailable).
External Infinispan IT (remote-cache,multi-site)	Surefire reports	2024-08-13T13:10:43.5662096Z ##[warning]Back off 11.559 seconds before retry.
External Infinispan IT (remote-cache,multi-site)	Surefire reports	2024-08-13T13:10:55.3538083Z ##[warning]Failed to download action 'https://api.github.com/repos/actions/upload-artifact/tarball/834a144ee995460fba8ed112a2fc961b36a5ec5a'. Error: Response status code does not indicate success: 502 (Bad Gateway).
External Infinispan IT (remote-cache,multi-site)	Surefire reports	2024-08-13T13:10:55.3541600Z ##[warning]Back off 29.078 seconds before retry.
External Infinispan IT (remote-cache,multi-site)	Surefire reports	2024-08-13T13:11:28.7712107Z ##[error]Response status code does not indicate success: 503 (Service Unavailable).
Base IT (5)	Integration test setup	2024-08-13T13:08:11.7156282Z Prepare all required actions
Base IT (5)	Integration test setup	2024-08-13T13:08:11.7156835Z Getting action download info
Base IT (5)	Integration test setup	2024-08-13T13:08:11.8732757Z Download action repository 'actions/download-artifact@v4' (SHA:fa0a91b85d4f404e444e00e005971372dc801d16)
Base IT (5)	Integration test setup	2024-08-13T13:08:23.1206861Z ##[warning]Failed to download action 'https://api.github.com/repos/actions/download-artifact/tarball/fa0a91b85d4f404e444e00e005971372dc801d16'. Error: Response status code does not indicate success: 504 (Gateway Timeout).
Base IT (5)	Integration test setup	2024-08-13T13:08:23.1216725Z ##[warning]Back off 27.462 seconds before retry.
Base IT (5)	Integration test setup	2024-08-13T13:08:50.7988826Z ##[warning]Failed to download action 'https://api.github.com/repos/actions/download-artifact/tarball/fa0a91b85d4f404e444e00e005971372dc801d16'. Error: Response status code does not indicate success: 502 (Bad Gateway).
Base IT (5)	Integration test setup	2024-08-13T13:08:50.7991403Z ##[warning]Back off 28.057 seconds before retry.
Base IT (5)	Integration test setup	2024-08-13T13:09:23.2078588Z ##[error]Response status code does not indicate success: 503 (Service Unavailable).
Base IT (5)	Upload JVM Heapdumps	2024-08-13T13:09:23.2157952Z Prepare all required actions
Base IT (5)	Upload JVM Heapdumps	2024-08-13T13:09:23.2158491Z Getting action download info
Base IT (5)	Upload JVM Heapdumps	2024-08-13T13:09:23.3636703Z Download action repository 'actions/upload-artifact@v4' (SHA:834a144ee995460fba8ed112a2fc961b36a5ec5a)
Base IT (5)	Upload JVM Heapdumps	2024-08-13T13:09:34.5803910Z ##[warning]Failed to download action 'https://api.github.com/repos/actions/upload-artifact/tarball/834a144ee995460fba8ed112a2fc961b36a5ec5a'. Error: Response status code does not indicate success: 504 (Gateway Timeout).
Base IT (5)	Upload JVM Heapdumps	2024-08-13T13:09:34.5806581Z ##[warning]Back off 13.469 seconds before retry.
Base IT (5)	Upload JVM Heapdumps	2024-08-13T13:09:59.2726872Z ##[warning]Failed to download action 'https://api.github.com/repos/actions/upload-artifact/tarball/834a144ee995460fba8ed112a2fc961b36a5ec5a'. Error: Response status code does not indicate success: 504 (Gateway Timeout).
Base IT (5)	Upload JVM Heapdumps	2024-08-13T13:09:59.2729719Z ##[warning]Back off 16.521 seconds before retry.
Base IT (5)	Upload JVM Heapdumps	2024-08-13T13:10:27.0099797Z ##[error]Response status code does not indicate success: 504 (Gateway Timeout).
FIPS IT (non-strict)	Integration test setup	2024-08-13T13:08:44.4872632Z Prepare all required actions
FIPS IT (non-strict)	Integration test setup	2024-08-13T13:08:44.4873300Z Getting action download info
FIPS IT (non-strict)	Integration test setup	2024-08-13T13:08:44.5673856Z Download action repository 'actions/download-artifact@v4' (SHA:fa0a91b85d4f404e444e00e005971372dc801d16)
FIPS IT (non-strict)	Integration test setup	2024-08-13T13:08:44.7482422Z ##[warning]Failed to download action 'https://api.github.com/repos/actions/download-artifact/tarball/fa0a91b85d4f404e444e00e005971372dc801d16'. Error: Response status code does not indicate success: 502 (Bad Gateway).
FIPS IT (non-strict)	Integration test setup	2024-08-13T13:08:44.7491446Z ##[warning]Back off 10.524 seconds before retry.
FIPS IT (non-strict)	Integration test setup	2024-08-13T13:09:06.2995971Z ##[warning]Failed to download action 'https://api.github.com/repos/actions/download-artifact/tarball/fa0a91b85d4f404e444e00e005971372dc801d16'. Error: Response status code does not indicate success: 504 (Gateway Timeout).
FIPS IT (non-strict)	Integration test setup	2024-08-13T13:09:06.2998519Z ##[warning]Back off 29.744 seconds before retry.
FIPS IT (non-strict)	Integration test setup	2024-08-13T13:09:40.0852313Z ##[error]Response status code does not indicate success: 503 (Service Unavailable).
FIPS IT (non-strict)	Upload JVM Heapdumps	2024-08-13T13:09:40.0937820Z Prepare all required actions
FIPS IT (non-strict)	Upload JVM Heapdumps	2024-08-13T13:09:40.0938268Z Getting action download info
FIPS IT (non-strict)	Upload JVM Heapdumps	2024-08-13T13:09:40.1775641Z Download action repository 'actions/upload-artifact@v4' (SHA:834a144ee995460fba8ed112a2fc961b36a5ec5a)
FIPS IT (non-strict)	Upload JVM Heapdumps	2024-08-13T13:09:51.2037965Z ##[warning]Failed to download action 'https://api.github.com/repos/actions/upload-artifact/tarball/834a144ee995460fba8ed112a2fc961b36a5ec5a'. Error: Response status code does not indicate success: 504 (Gateway Timeout).
FIPS IT (non-strict)	Upload JVM Heapdumps	2024-08-13T13:09:51.2040433Z ##[warning]Back off 19.72 seconds before retry.
FIPS IT (non-strict)	Upload JVM Heapdumps	2024-08-13T13:10:14.9688156Z ##[warning]Failed to download action 'https://api.github.com/repos/actions/upload-artifact/tarball/834a144ee995460fba8ed112a2fc961b36a5ec5a'. Error: Response status code does not indicate success: 503 (Service Unavailable).
FIPS IT (non-strict)	Upload JVM Heapdumps	2024-08-13T13:10:14.9690839Z ##[warning]Back off 27.497 seconds before retry.
FIPS IT (non-strict)	Upload JVM Heapdumps	2024-08-13T13:10:45.5763888Z ##[error]Response status code does not indicate success: 502 (Bad Gateway).
Base IT (6)	Integration test setup	2024-08-13T13:08:10.4474936Z Prepare all required actions
Base IT (6)	Integration test setup	2024-08-13T13:08:10.4475404Z Getting action download info
Base IT (6)	Integration test setup	2024-08-13T13:08:10.5346482Z Download action repository 'actions/download-artifact@v4' (SHA:fa0a91b85d4f404e444e00e005971372dc801d16)
Base IT (6)	Integration test setup	2024-08-13T13:08:21.5889406Z ##[warning]Failed to download action 'https://api.github.com/repos/actions/download-artifact/tarball/fa0a91b85d4f404e444e00e005971372dc801d16'. Error: Response status code does not indicate success: 504 (Gateway Timeout).
Base IT (6)	Integration test setup	2024-08-13T13:08:21.5898574Z ##[warning]Back off 17.335 seconds before retry.
Base IT (6)	Integration test setup	2024-08-13T13:08:39.9585429Z ##[warning]Failed to download action 'https://api.github.com/repos/actions/download-artifact/tarball/fa0a91b85d4f404e444e00e005971372dc801d16'. Error: Response status code does not indicate success: 502 (Bad Gateway).
Base IT (6)	Integration test setup	2024-08-13T13:08:39.9588849Z ##[warning]Back off 17.94 seconds before retry.
Base IT (6)	Integration test setup	2024-08-13T13:09:01.9428847Z ##[error]Response status code does not indicate success: 503 (Service Unavailable).
FIPS IT (strict)	Integration test setup	2024-08-13T13:08:14.9339191Z Prepare all required actions
FIPS IT (strict)	Integration test setup	2024-08-13T13:08:14.9339790Z Getting action download info
FIPS IT (strict)	Integration test setup	2024-08-13T13:08:15.0359843Z Download action repository 'actions/download-artifact@v4' (SHA:fa0a91b85d4f404e444e00e005971372dc801d16)
FIPS IT (strict)	Integration test setup	2024-08-13T13:08:26.0893889Z ##[warning]Failed to download action 'https://api.github.com/repos/actions/download-artifact/tarball/fa0a91b85d4f404e444e00e005971372dc801d16'. Error: Response status code does not indicate success: 504 (Gateway Timeout).
FIPS IT (strict)	Integration test setup	2024-08-13T13:08:26.0903251Z ##[warning]Back off 11.295 seconds before retry.
FIPS IT (strict)	Integration test setup	2024-08-13T13:08:39.4303750Z ##[warning]Failed to download action 'https://api.github.com/repos/actions/download-artifact/tarball/fa0a91b85d4f404e444e00e005971372dc801d16'. Error: Response status code does not indicate success: 502 (Bad Gateway).
FIPS IT (strict)	Integration test setup	2024-08-13T13:08:39.4306419Z ##[warning]Back off 10.984 seconds before retry.
FIPS IT (strict)	Integration test setup	2024-08-13T13:08:52.4644225Z ##[error]Response status code does not indicate success: 502 (Bad Gateway).
FIPS UT	Unit test setup	2024-08-13T13:08:14.1886157Z Prepare all required actions
FIPS UT	Unit test setup	2024-08-13T13:08:14.1886763Z Getting action download info
FIPS UT	Unit test setup	2024-08-13T13:08:14.1943440Z ##[group]Run ./.github/actions/unit-test-setup
FIPS UT	Unit test setup	2024-08-13T13:08:14.1943932Z env:
FIPS UT	Unit test setup	2024-08-13T13:08:14.1944497Z   MAVEN_ARGS: -B -nsu -Daether.connector.http.connectionMaxTtl=25
FIPS UT	Unit test setup	2024-08-13T13:08:14.1945064Z   SUREFIRE_RERUN_FAILING_COUNT: 2
FIPS UT	Unit test setup	2024-08-13T13:08:14.1945568Z   SUREFIRE_RETRY: -Dsurefire.rerunFailingTestsCount=2
FIPS UT	Unit test setup	2024-08-13T13:08:14.1946133Z ##[endgroup]
FIPS UT	Unit test setup	2024-08-13T13:08:14.2136913Z Prepare all required actions
FIPS UT	Unit test setup	2024-08-13T13:08:14.2137496Z Getting action download info
FIPS UT	Unit test setup	2024-08-13T13:08:14.3109333Z Download action repository 'actions/setup-java@v4' (SHA:6a0805fcefea3d4657a47ac4c165951e33482018)
FIPS UT	Unit test setup	2024-08-13T13:08:25.3553572Z ##[warning]Failed to download action 'https://api.github.com/repos/actions/setup-java/tarball/6a0805fcefea3d4657a47ac4c165951e33482018'. Error: Response status code does not indicate success: 504 (Gateway Timeout).
FIPS UT	Unit test setup	2024-08-13T13:08:25.3556895Z ##[warning]Back off 13.957 seconds before retry.
FIPS UT	Unit test setup	2024-08-13T13:08:50.3259942Z ##[warning]Failed to download action 'https://api.github.com/repos/actions/setup-java/tarball/6a0805fcefea3d4657a47ac4c165951e33482018'. Error: Response status code does not indicate success: 504 (Gateway Timeout).
FIPS UT	Unit test setup	2024-08-13T13:08:50.3261715Z ##[warning]Back off 21.36 seconds before retry.
FIPS UT	Unit test setup	2024-08-13T13:09:22.6983087Z ##[error]Response status code does not indicate success: 504 (Gateway Timeout).
Java Distribution IT (ubuntu-latest, temurin, 17)	Integration test setup	2024-08-13T13:08:12.3136824Z Prepare all required actions
Java Distribution IT (ubuntu-latest, temurin, 17)	Integration test setup	2024-08-13T13:08:12.3137337Z Getting action download info
Java Distribution IT (ubuntu-latest, temurin, 17)	Integration test setup	2024-08-13T13:08:12.4730911Z Download action repository 'actions/download-artifact@v4' (SHA:fa0a91b85d4f404e444e00e005971372dc801d16)
Java Distribution IT (ubuntu-latest, temurin, 17)	Integration test setup	2024-08-13T13:08:17.8446900Z ##[group]Run ./.github/actions/integration-test-setup
Java Distribution IT (ubuntu-latest, temurin, 17)	Integration test setup	2024-08-13T13:08:17.8447398Z with:
Java Distribution IT (ubuntu-latest, temurin, 17)	Integration test setup	2024-08-13T13:08:17.8447688Z   jdk-dist: temurin
Java Distribution IT (ubuntu-latest, temurin, 17)	Integration test setup	2024-08-13T13:08:17.8448137Z   jdk-version: 17
Java Distribution IT (ubuntu-latest, temurin, 17)	Integration test setup	2024-08-13T13:08:17.8448451Z env:
Java Distribution IT (ubuntu-latest, temurin, 17)	Integration test setup	2024-08-13T13:08:17.8448867Z   MAVEN_ARGS: -B -nsu -Daether.connector.http.connectionMaxTtl=25
Java Distribution IT (ubuntu-latest, temurin, 17)	Integration test setup	2024-08-13T13:08:17.8449523Z   SUREFIRE_RERUN_FAILING_COUNT: 2
Java Distribution IT (ubuntu-latest, temurin, 17)	Integration test setup	2024-08-13T13:08:17.8450013Z   SUREFIRE_RETRY: -Dsurefire.rerunFailingTestsCount=2
Java Distribution IT (ubuntu-latest, temurin, 17)	Integration test setup	2024-08-13T13:08:17.8450472Z ##[endgroup]
Java Distribution IT (ubuntu-latest, temurin, 17)	Integration test setup	2024-08-13T13:08:17.8634083Z Prepare all required actions
Java Distribution IT (ubuntu-latest, temurin, 17)	Integration test setup	2024-08-13T13:08:17.8634562Z Getting action download info
Java Distribution IT (ubuntu-latest, temurin, 17)	Integration test setup	2024-08-13T13:08:18.0191992Z Download action repository 'actions/setup-java@v4' (SHA:6a0805fcefea3d4657a47ac4c165951e33482018)
Java Distribution IT (ubuntu-latest, temurin, 17)	Integration test setup	2024-08-13T13:08:29.2457381Z ##[warning]Failed to download action 'https://api.github.com/repos/actions/setup-java/tarball/6a0805fcefea3d4657a47ac4c165951e33482018'. Error: Response status code does not indicate success: 504 (Gateway Timeout).
Java Distribution IT (ubuntu-latest, temurin, 17)	Integration test setup	2024-08-13T13:08:29.2460914Z ##[warning]Back off 23.514 seconds before retry.
Java Distribution IT (ubuntu-latest, temurin, 17)	Integration test setup	2024-08-13T13:08:52.9727709Z ##[warning]Failed to download action 'https://api.github.com/repos/actions/setup-java/tarball/6a0805fcefea3d4657a47ac4c165951e33482018'. Error: Response status code does not indicate success: 502 (Bad Gateway).
Java Distribution IT (ubuntu-latest, temurin, 17)	Integration test setup	2024-08-13T13:08:52.9731161Z ##[warning]Back off 10.81 seconds before retry.
Java Distribution IT (ubuntu-latest, temurin, 17)	Integration test setup	2024-08-13T13:09:08.1436960Z ##[error]Response status code does not indicate success: 503 (Service Unavailable).
Forms IT (firefox)	Integration test setup	2024-08-13T13:08:10.1484154Z Prepare all required actions
Forms IT (firefox)	Integration test setup	2024-08-13T13:08:10.1484768Z Getting action download info
Forms IT (firefox)	Integration test setup	2024-08-13T13:08:10.2473912Z Download action repository 'actions/download-artifact@v4' (SHA:fa0a91b85d4f404e444e00e005971372dc801d16)
Forms IT (firefox)	Integration test setup	2024-08-13T13:08:21.3009033Z ##[warning]Failed to download action 'https://api.github.com/repos/actions/download-artifact/tarball/fa0a91b85d4f404e444e00e005971372dc801d16'. Error: Response status code does not indicate success: 504 (Gateway Timeout).
Forms IT (firefox)	Integration test setup	2024-08-13T13:08:21.3018573Z ##[warning]Back off 21.557 seconds before retry.
Forms IT (firefox)	Integration test setup	2024-08-13T13:08:53.8875714Z ##[warning]Failed to download action 'https://api.github.com/repos/actions/download-artifact/tarball/fa0a91b85d4f404e444e00e005971372dc801d16'. Error: Response status code does not indicate success: 504 (Gateway Timeout).
Forms IT (firefox)	Integration test setup	2024-08-13T13:08:53.8878567Z ##[warning]Back off 11.662 seconds before retry.
Forms IT (firefox)	Integration test setup	2024-08-13T13:09:16.5825703Z ##[error]Response status code does not indicate success: 504 (Gateway Timeout).
Forms IT (firefox)	Upload JVM Heapdumps	2024-08-13T13:09:16.5903212Z Prepare all required actions
Forms IT (firefox)	Upload JVM Heapdumps	2024-08-13T13:09:16.5903756Z Getting action download info
Forms IT (firefox)	Upload JVM Heapdumps	2024-08-13T13:09:16.6758487Z Download action repository 'actions/upload-artifact@v4' (SHA:834a144ee995460fba8ed112a2fc961b36a5ec5a)
Forms IT (firefox)	Upload JVM Heapdumps	2024-08-13T13:09:27.7019101Z ##[warning]Failed to download action 'https://api.github.com/repos/actions/upload-artifact/tarball/834a144ee995460fba8ed112a2fc961b36a5ec5a'. Error: Response status code does not indicate success: 504 (Gateway Timeout).
Forms IT (firefox)	Upload JVM Heapdumps	2024-08-13T13:09:27.7022059Z ##[warning]Back off 21.737 seconds before retry.
Forms IT (firefox)	Upload JVM Heapdumps	2024-08-13T13:10:00.4648260Z ##[warning]Failed to download action 'https://api.github.com/repos/actions/upload-artifact/tarball/834a144ee995460fba8ed112a2fc961b36a5ec5a'. Error: Response status code does not indicate success: 504 (Gateway Timeout).
Forms IT (firefox)	Upload JVM Heapdumps	2024-08-13T13:10:00.4651374Z ##[warning]Back off 26.297 seconds before retry.
Forms IT (firefox)	Upload JVM Heapdumps	2024-08-13T13:10:37.7880011Z ##[error]Response status code does not indicate success: 504 (Gateway Timeout).
Forms IT (firefox)	Surefire reports	2024-08-13T13:10:37.7943056Z Prepare all required actions
Forms IT (firefox)	Surefire reports	2024-08-13T13:10:37.7943553Z Getting action download info
Forms IT (firefox)	Surefire reports	2024-08-13T13:10:37.8780438Z Download action repository 'actions/upload-artifact@v4' (SHA:834a144ee995460fba8ed112a2fc961b36a5ec5a)
Forms IT (firefox)	Surefire reports	2024-08-13T13:10:48.9032175Z ##[warning]Failed to download action 'https://api.github.com/repos/actions/upload-artifact/tarball/834a144ee995460fba8ed112a2fc961b36a5ec5a'. Error: Response status code does not indicate success: 504 (Gateway Timeout).
Forms IT (firefox)	Surefire reports	2024-08-13T13:10:48.9034604Z ##[warning]Back off 17.956 seconds before retry.
Forms IT (firefox)	Surefire reports	2024-08-13T13:11:17.8819486Z ##[warning]Failed to download action 'https://api.github.com/repos/actions/upload-artifact/tarball/834a144ee995460fba8ed112a2fc961b36a5ec5a'. Error: Response status code does not indicate success: 504 (Gateway Timeout).
Forms IT (firefox)	Surefire reports	2024-08-13T13:11:17.8822304Z ##[warning]Back off 18.943 seconds before retry.
Forms IT (firefox)	Surefire reports	2024-08-13T13:11:40.8676636Z ##[error]Response status code does not indicate success: 503 (Service Unavailable).
Persistent Sessions IT (pus-ec)	Set up job	2024-08-13T13:08:08.6424175Z Current runner version: '2.319.0'
Persistent Sessions IT (pus-ec)	Set up job	2024-08-13T13:08:08.6450088Z ##[group]Operating System
Persistent Sessions IT (pus-ec)	Set up job	2024-08-13T13:08:08.6450838Z Ubuntu
Persistent Sessions IT (pus-ec)	Set up job	2024-08-13T13:08:08.6451239Z 22.04.4
Persistent Sessions IT (pus-ec)	Set up job	2024-08-13T13:08:08.6451535Z LTS
Persistent Sessions IT (pus-ec)	Set up job	2024-08-13T13:08:08.6451971Z ##[endgroup]
Persistent Sessions IT (pus-ec)	Set up job	2024-08-13T13:08:08.6452369Z ##[group]Runner Image
Persistent Sessions IT (pus-ec)	Set up job	2024-08-13T13:08:08.6452801Z Image: ubuntu-22.04
Persistent Sessions IT (pus-ec)	Set up job	2024-08-13T13:08:08.6453234Z Version: 20240804.1.0
Persistent Sessions IT (pus-ec)	Set up job	2024-08-13T13:08:08.6454241Z Included Software: https://github.com/actions/runner-images/blob/ubuntu22/20240804.1/images/ubuntu/Ubuntu2204-Readme.md
Persistent Sessions IT (pus-ec)	Set up job	2024-08-13T13:08:08.6455702Z Image Release: https://github.com/actions/runner-images/releases/tag/ubuntu22%2F20240804.1
Persistent Sessions IT (pus-ec)	Set up job	2024-08-13T13:08:08.6456631Z ##[endgroup]
Persistent Sessions IT (pus-ec)	Set up job	2024-08-13T13:08:08.6457038Z ##[group]Runner Image Provisioner
Persistent Sessions IT (pus-ec)	Set up job	2024-08-13T13:08:08.6457514Z 2.0.374.1
Persistent Sessions IT (pus-ec)	Set up job	2024-08-13T13:08:08.6457912Z ##[endgroup]
Persistent Sessions IT (pus-ec)	Set up job	2024-08-13T13:08:08.6474301Z ##[group]GITHUB_TOKEN Permissions
Persistent Sessions IT (pus-ec)	Set up job	2024-08-13T13:08:08.6476112Z Actions: read
Persistent Sessions IT (pus-ec)	Set up job	2024-08-13T13:08:08.6476532Z Attestations: read
Persistent Sessions IT (pus-ec)	Set up job	2024-08-13T13:08:08.6477352Z Checks: read
Persistent Sessions IT (pus-ec)	Set up job	2024-08-13T13:08:08.6477729Z Contents: read
Persistent Sessions IT (pus-ec)	Set up job	2024-08-13T13:08:08.6478215Z Deployments: read
Persistent Sessions IT (pus-ec)	Set up job	2024-08-13T13:08:08.6478585Z Discussions: read
Persistent Sessions IT (pus-ec)	Set up job	2024-08-13T13:08:08.6478993Z Issues: read
Persistent Sessions IT (pus-ec)	Set up job	2024-08-13T13:08:08.6479479Z Metadata: read
Persistent Sessions IT (pus-ec)	Set up job	2024-08-13T13:08:08.6479823Z Packages: read
Persistent Sessions IT (pus-ec)	Set up job	2024-08-13T13:08:08.6480210Z Pages: read
Persistent Sessions IT (pus-ec)	Set up job	2024-08-13T13:08:08.6480638Z PullRequests: read
Persistent Sessions IT (pus-ec)	Set up job	2024-08-13T13:08:08.6481039Z RepositoryProjects: read
Persistent Sessions IT (pus-ec)	Set up job	2024-08-13T13:08:08.6481492Z SecurityEvents: read
Persistent Sessions IT (pus-ec)	Set up job	2024-08-13T13:08:08.6481977Z Statuses: read
Persistent Sessions IT (pus-ec)	Set up job	2024-08-13T13:08:08.6482339Z ##[endgroup]
Persistent Sessions IT (pus-ec)	Set up job	2024-08-13T13:08:08.6485482Z Secret source: None
Persistent Sessions IT (pus-ec)	Set up job	2024-08-13T13:08:08.6486206Z Prepare workflow directory
Persistent Sessions IT (pus-ec)	Set up job	2024-08-13T13:08:08.7298320Z Prepare all required actions
Persistent Sessions IT (pus-ec)	Set up job	2024-08-13T13:08:08.7470924Z Getting action download info
Persistent Sessions IT (pus-ec)	Set up job	2024-08-13T13:08:08.9640325Z Download action repository 'actions/checkout@v4' (SHA:692973e3d937129bcbf40652eb9f2f61becf3332)
Persistent Sessions IT (pus-ec)	Set up job	2024-08-13T13:08:09.0586020Z Download action repository 'actions/upload-artifact@v4' (SHA:834a144ee995460fba8ed112a2fc961b36a5ec5a)
Persistent Sessions IT (pus-ec)	Set up job	2024-08-13T13:08:20.3100033Z ##[warning]Failed to download action 'https://api.github.com/repos/actions/upload-artifact/tarball/834a144ee995460fba8ed112a2fc961b36a5ec5a'. Error: Response status code does not indicate success: 504 (Gateway Timeout).
Persistent Sessions IT (pus-ec)	Set up job	2024-08-13T13:08:20.3109754Z ##[warning]Back off 23.205 seconds before retry.
Persistent Sessions IT (pus-ec)	Set up job	2024-08-13T13:08:47.8817677Z ##[warning]Failed to download action 'https://api.github.com/repos/actions/upload-artifact/tarball/834a144ee995460fba8ed112a2fc961b36a5ec5a'. Error: Response status code does not indicate success: 503 (Service Unavailable).
Persistent Sessions IT (pus-ec)	Set up job	2024-08-13T13:08:47.8820330Z ##[warning]Back off 22.554 seconds before retry.
Persistent Sessions IT (pus-ec)	Set up job	2024-08-13T13:09:14.7835929Z ##[error]Response status code does not indicate success: 503 (Service Unavailable).
Java Distribution IT (windows-latest, temurin, 17)	Integration test setup	2024-08-13T13:08:19.2714889Z Prepare all required actions
Java Distribution IT (windows-latest, temurin, 17)	Integration test setup	2024-08-13T13:08:19.2715363Z Getting action download info
Java Distribution IT (windows-latest, temurin, 17)	Integration test setup	2024-08-13T13:08:19.4172855Z Download action repository 'actions/download-artifact@v4' (SHA:fa0a91b85d4f404e444e00e005971372dc801d16)
Java Distribution IT (windows-latest, temurin, 17)	Integration test setup	2024-08-13T13:08:23.8772934Z ##[warning]Failed to download action 'https://api.github.com/repos/actions/download-artifact/zipball/fa0a91b85d4f404e444e00e005971372dc801d16'. Error: Response status code does not indicate success: 503 (Service Unavailable).
Java Distribution IT (windows-latest, temurin, 17)	Integration test setup	2024-08-13T13:08:23.8782089Z ##[warning]Back off 22.578 seconds before retry.
Java Distribution IT (windows-latest, temurin, 17)	Integration test setup	2024-08-13T13:08:46.7377007Z ##[warning]Failed to download action 'https://api.github.com/repos/actions/download-artifact/zipball/fa0a91b85d4f404e444e00e005971372dc801d16'. Error: Response status code does not indicate success: 502 (Bad Gateway).
Java Distribution IT (windows-latest, temurin, 17)	Integration test setup	2024-08-13T13:08:46.7379210Z ##[warning]Back off 14.462 seconds before retry.
Java Distribution IT (windows-latest, temurin, 17)	Integration test setup	2024-08-13T13:09:04.7137901Z ##[error]Response status code does not indicate success: 502 (Bad Gateway).
Java Distribution IT (windows-latest, temurin, 17)	Upload JVM Heapdumps	2024-08-13T13:09:04.7301378Z Prepare all required actions
Java Distribution IT (windows-latest, temurin, 17)	Upload JVM Heapdumps	2024-08-13T13:09:04.7301840Z Getting action download info
Java Distribution IT (windows-latest, temurin, 17)	Upload JVM Heapdumps	2024-08-13T13:09:04.8760528Z Download action repository 'actions/upload-artifact@v4' (SHA:834a144ee995460fba8ed112a2fc961b36a5ec5a)
Java Distribution IT (windows-latest, temurin, 17)	Upload JVM Heapdumps	2024-08-13T13:09:09.3149137Z ##[warning]Failed to download action 'https://api.github.com/repos/actions/upload-artifact/zipball/834a144ee995460fba8ed112a2fc961b36a5ec5a'. Error: Response status code does not indicate success: 503 (Service Unavailable).
Java Distribution IT (windows-latest, temurin, 17)	Upload JVM Heapdumps	2024-08-13T13:09:09.3151820Z ##[warning]Back off 28.672 seconds before retry.
Java Distribution IT (windows-latest, temurin, 17)	Upload JVM Heapdumps	2024-08-13T13:09:40.2988169Z ##[warning]Failed to download action 'https://api.github.com/repos/actions/upload-artifact/zipball/834a144ee995460fba8ed112a2fc961b36a5ec5a'. Error: Response status code does not indicate success: 502 (Bad Gateway).
Java Distribution IT (windows-latest, temurin, 17)	Upload JVM Heapdumps	2024-08-13T13:09:40.2990671Z ##[warning]Back off 14.293 seconds before retry.
Java Distribution IT (windows-latest, temurin, 17)	Upload JVM Heapdumps	2024-08-13T13:10:05.8783012Z ##[error]Response status code does not indicate success: 504 (Gateway Timeout).
Persistent Sessions IT (pus-rc)	Set up job	2024-08-13T13:08:07.3604414Z Current runner version: '2.319.0'
Persistent Sessions IT (pus-rc)	Set up job	2024-08-13T13:08:07.3628159Z ##[group]Operating System
Persistent Sessions IT (pus-rc)	Set up job	2024-08-13T13:08:07.3628801Z Ubuntu
Persistent Sessions IT (pus-rc)	Set up job	2024-08-13T13:08:07.3629123Z 22.04.4
Persistent Sessions IT (pus-rc)	Set up job	2024-08-13T13:08:07.3629521Z LTS
Persistent Sessions IT (pus-rc)	Set up job	2024-08-13T13:08:07.3629868Z ##[endgroup]
Persistent Sessions IT (pus-rc)	Set up job	2024-08-13T13:08:07.3630235Z ##[group]Runner Image
Persistent Sessions IT (pus-rc)	Set up job	2024-08-13T13:08:07.3630729Z Image: ubuntu-22.04
Persistent Sessions IT (pus-rc)	Set up job	2024-08-13T13:08:07.3631148Z Version: 20240804.1.0
Persistent Sessions IT (pus-rc)	Set up job	2024-08-13T13:08:07.3632088Z Included Software: https://github.com/actions/runner-images/blob/ubuntu22/20240804.1/images/ubuntu/Ubuntu2204-Readme.md
Persistent Sessions IT (pus-rc)	Set up job	2024-08-13T13:08:07.3633573Z Image Release: https://github.com/actions/runner-images/releases/tag/ubuntu22%2F20240804.1
Persistent Sessions IT (pus-rc)	Set up job	2024-08-13T13:08:07.3634444Z ##[endgroup]
Persistent Sessions IT (pus-rc)	Set up job	2024-08-13T13:08:07.3634835Z ##[group]Runner Image Provisioner
Persistent Sessions IT (pus-rc)	Set up job	2024-08-13T13:08:07.3635341Z 2.0.374.1
Persistent Sessions IT (pus-rc)	Set up job	2024-08-13T13:08:07.3635693Z ##[endgroup]
Persistent Sessions IT (pus-rc)	Set up job	2024-08-13T13:08:07.3650126Z ##[group]GITHUB_TOKEN Permissions
Persistent Sessions IT (pus-rc)	Set up job	2024-08-13T13:08:07.3651785Z Actions: read
Persistent Sessions IT (pus-rc)	Set up job	2024-08-13T13:08:07.3652345Z Attestations: read
Persistent Sessions IT (pus-rc)	Set up job	2024-08-13T13:08:07.3652947Z Checks: read
Persistent Sessions IT (pus-rc)	Set up job	2024-08-13T13:08:07.3653436Z Contents: read
Persistent Sessions IT (pus-rc)	Set up job	2024-08-13T13:08:07.3653781Z Deployments: read
Persistent Sessions IT (pus-rc)	Set up job	2024-08-13T13:08:07.3654184Z Discussions: read
Persistent Sessions IT (pus-rc)	Set up job	2024-08-13T13:08:07.3654641Z Issues: read
Persistent Sessions IT (pus-rc)	Set up job	2024-08-13T13:08:07.3654967Z Metadata: read
Persistent Sessions IT (pus-rc)	Set up job	2024-08-13T13:08:07.3655348Z Packages: read
Persistent Sessions IT (pus-rc)	Set up job	2024-08-13T13:08:07.3655774Z Pages: read
Persistent Sessions IT (pus-rc)	Set up job	2024-08-13T13:08:07.3656117Z PullRequests: read
Persistent Sessions IT (pus-rc)	Set up job	2024-08-13T13:08:07.3656542Z RepositoryProjects: read
Persistent Sessions IT (pus-rc)	Set up job	2024-08-13T13:08:07.3657053Z SecurityEvents: read
Persistent Sessions IT (pus-rc)	Set up job	2024-08-13T13:08:07.3657430Z Statuses: read
Persistent Sessions IT (pus-rc)	Set up job	2024-08-13T13:08:07.3657812Z ##[endgroup]
Persistent Sessions IT (pus-rc)	Set up job	2024-08-13T13:08:07.3660760Z Secret source: None
Persistent Sessions IT (pus-rc)	Set up job	2024-08-13T13:08:07.3661299Z Prepare workflow directory
Persistent Sessions IT (pus-rc)	Set up job	2024-08-13T13:08:07.4427173Z Prepare all required actions
Persistent Sessions IT (pus-rc)	Set up job	2024-08-13T13:08:07.4583112Z Getting action download info
Persistent Sessions IT (pus-rc)	Set up job	2024-08-13T13:08:07.5973024Z Download action repository 'actions/checkout@v4' (SHA:692973e3d937129bcbf40652eb9f2f61becf3332)
Persistent Sessions IT (pus-rc)	Set up job	2024-08-13T13:08:07.6865132Z Download action repository 'actions/upload-artifact@v4' (SHA:834a144ee995460fba8ed112a2fc961b36a5ec5a)
Persistent Sessions IT (pus-rc)	Set up job	2024-08-13T13:08:18.7392696Z ##[warning]Failed to download action 'https://api.github.com/repos/actions/upload-artifact/tarball/834a144ee995460fba8ed112a2fc961b36a5ec5a'. Error: Response status code does not indicate success: 504 (Gateway Timeout).
Persistent Sessions IT (pus-rc)	Set up job	2024-08-13T13:08:18.7403140Z ##[warning]Back off 10.469 seconds before retry.
Persistent Sessions IT (pus-rc)	Set up job	2024-08-13T13:08:40.2378693Z ##[warning]Failed to download action 'https://api.github.com/repos/actions/upload-artifact/tarball/834a144ee995460fba8ed112a2fc961b36a5ec5a'. Error: Response status code does not indicate success: 504 (Gateway Timeout).
Persistent Sessions IT (pus-rc)	Set up job	2024-08-13T13:08:40.2383611Z ##[warning]Back off 10.959 seconds before retry.
Persistent Sessions IT (pus-rc)	Set up job	2024-08-13T13:08:51.2451030Z ##[error]Response status code does not indicate success: 502 (Bad Gateway).
Quarkus IT (ubuntu-latest, zip, true)	Unit test setup	2024-08-13T13:08:11.6751631Z Prepare all required actions
Quarkus IT (ubuntu-latest, zip, true)	Unit test setup	2024-08-13T13:08:11.6752210Z Getting action download info
Quarkus IT (ubuntu-latest, zip, true)	Unit test setup	2024-08-13T13:08:11.6810809Z ##[group]Run ./.github/actions/unit-test-setup
Quarkus IT (ubuntu-latest, zip, true)	Unit test setup	2024-08-13T13:08:11.6811305Z env:
Quarkus IT (ubuntu-latest, zip, true)	Unit test setup	2024-08-13T13:08:11.6811736Z   MAVEN_ARGS: -B -nsu -Daether.connector.http.connectionMaxTtl=25
Quarkus IT (ubuntu-latest, zip, true)	Unit test setup	2024-08-13T13:08:11.6812441Z   SUREFIRE_RERUN_FAILING_COUNT: 2
Quarkus IT (ubuntu-latest, zip, true)	Unit test setup	2024-08-13T13:08:11.6812938Z   SUREFIRE_RETRY: -Dsurefire.rerunFailingTestsCount=2
Quarkus IT (ubuntu-latest, zip, true)	Unit test setup	2024-08-13T13:08:11.6813430Z   MAVEN_OPTS: -Xmx1024m
Quarkus IT (ubuntu-latest, zip, true)	Unit test setup	2024-08-13T13:08:11.6813852Z ##[endgroup]
Quarkus IT (ubuntu-latest, zip, true)	Unit test setup	2024-08-13T13:08:11.7004094Z Prepare all required actions
Quarkus IT (ubuntu-latest, zip, true)	Unit test setup	2024-08-13T13:08:11.7004717Z Getting action download info
Quarkus IT (ubuntu-latest, zip, true)	Unit test setup	2024-08-13T13:08:11.8037377Z Download action repository 'actions/setup-java@v4' (SHA:6a0805fcefea3d4657a47ac4c165951e33482018)
Quarkus IT (ubuntu-latest, zip, true)	Unit test setup	2024-08-13T13:08:22.9055505Z ##[warning]Failed to download action 'https://api.github.com/repos/actions/setup-java/tarball/6a0805fcefea3d4657a47ac4c165951e33482018'. Error: Response status code does not indicate success: 504 (Gateway Timeout).
Quarkus IT (ubuntu-latest, zip, true)	Unit test setup	2024-08-13T13:08:22.9058893Z ##[warning]Back off 15.06 seconds before retry.
Quarkus IT (ubuntu-latest, zip, true)	Unit test setup	2024-08-13T13:08:39.0840544Z ##[warning]Failed to download action 'https://api.github.com/repos/actions/setup-java/tarball/6a0805fcefea3d4657a47ac4c165951e33482018'. Error: Response status code does not indicate success: 502 (Bad Gateway).
Quarkus IT (ubuntu-latest, zip, true)	Unit test setup	2024-08-13T13:08:39.0842265Z ##[warning]Back off 13.942 seconds before retry.
Quarkus IT (ubuntu-latest, zip, true)	Unit test setup	2024-08-13T13:08:53.1106753Z ##[error]Response status code does not indicate success: 502 (Bad Gateway).
Quarkus IT (ubuntu-latest, zip, true)	Upload JVM Heapdumps	2024-08-13T13:08:53.1198176Z Prepare all required actions
Quarkus IT (ubuntu-latest, zip, true)	Upload JVM Heapdumps	2024-08-13T13:08:53.1198686Z Getting action download info
Quarkus IT (ubuntu-latest, zip, true)	Upload JVM Heapdumps	2024-08-13T13:08:53.2454471Z Download action repository 'actions/upload-artifact@v4' (SHA:834a144ee995460fba8ed112a2fc961b36a5ec5a)
Quarkus IT (ubuntu-latest, zip, true)	Upload JVM Heapdumps	2024-08-13T13:08:57.3531206Z ##[warning]Failed to download action 'https://api.github.com/repos/actions/upload-artifact/tarball/834a144ee995460fba8ed112a2fc961b36a5ec5a'. Error: Response status code does not indicate success: 503 (Service Unavailable).
Quarkus IT (ubuntu-latest, zip, true)	Upload JVM Heapdumps	2024-08-13T13:08:57.3539995Z ##[warning]Back off 27.083 seconds before retry.
Quarkus IT (ubuntu-latest, zip, true)	Upload JVM Heapdumps	2024-08-13T13:09:35.5119797Z ##[warning]Failed to download action 'https://api.github.com/repos/actions/upload-artifact/tarball/834a144ee995460fba8ed112a2fc961b36a5ec5a'. Error: Response status code does not indicate success: 504 (Gateway Timeout).
Quarkus IT (ubuntu-latest, zip, true)	Upload JVM Heapdumps	2024-08-13T13:09:35.5122409Z ##[warning]Back off 19.367 seconds before retry.
Quarkus IT (ubuntu-latest, zip, true)	Upload JVM Heapdumps	2024-08-13T13:10:05.9381286Z ##[error]Response status code does not indicate success: 504 (Gateway Timeout).
Quarkus IT (ubuntu-latest, zip, true)	Surefire reports	2024-08-13T13:10:05.9441761Z Prepare all required actions
Quarkus IT (ubuntu-latest, zip, true)	Surefire reports	2024-08-13T13:10:05.9442300Z Getting action download info
Quarkus IT (ubuntu-latest, zip, true)	Surefire reports	2024-08-13T13:10:06.0460245Z Download action repository 'actions/upload-artifact@v4' (SHA:834a144ee995460fba8ed112a2fc961b36a5ec5a)
Quarkus IT (ubuntu-latest, zip, true)	Surefire reports	2024-08-13T13:10:17.1295894Z ##[warning]Failed to download action 'https://api.github.com/repos/actions/upload-artifact/tarball/834a144ee995460fba8ed112a2fc961b36a5ec5a'. Error: Response status code does not indicate success: 504 (Gateway Timeout).
Quarkus IT (ubuntu-latest, zip, true)	Surefire reports	2024-08-13T13:10:17.1298439Z ##[warning]Back off 29.889 seconds before retry.
Quarkus IT (ubuntu-latest, zip, true)	Surefire reports	2024-08-13T13:10:53.6639569Z ##[warning]Failed to download action 'https://api.github.com/repos/actions/upload-artifact/tarball/834a144ee995460fba8ed112a2fc961b36a5ec5a'. Error: Response status code does not indicate success: 502 (Bad Gateway).
Quarkus IT (ubuntu-latest, zip, true)	Surefire reports	2024-08-13T13:10:53.6643857Z ##[warning]Back off 13.732 seconds before retry.
Quarkus IT (ubuntu-latest, zip, true)	Surefire reports	2024-08-13T13:11:11.5273603Z ##[error]Response status code does not indicate success: 503 (Service Unavailable).
Store IT (postgres)	Integration test setup	2024-08-13T13:09:18.4998166Z Prepare all required actions
Store IT (postgres)	Integration test setup	2024-08-13T13:09:18.4998669Z Getting action download info
Store IT (postgres)	Integration test setup	2024-08-13T13:09:18.6610763Z Download action repository 'actions/download-artifact@v4' (SHA:fa0a91b85d4f404e444e00e005971372dc801d16)
Store IT (postgres)	Integration test setup	2024-08-13T13:09:23.0513977Z ##[warning]Failed to download action 'https://api.github.com/repos/actions/download-artifact/tarball/fa0a91b85d4f404e444e00e005971372dc801d16'. Error: Response status code does not indicate success: 503 (Service Unavailable).
Store IT (postgres)	Integration test setup	2024-08-13T13:09:23.0523538Z ##[warning]Back off 14.466 seconds before retry.
Store IT (postgres)	Integration test setup	2024-08-13T13:09:48.7368503Z ##[warning]Failed to download action 'https://api.github.com/repos/actions/download-artifact/tarball/fa0a91b85d4f404e444e00e005971372dc801d16'. Error: Response status code does not indicate success: 504 (Gateway Timeout).
Store IT (postgres)	Integration test setup	2024-08-13T13:09:48.7371266Z ##[warning]Back off 20.042 seconds before retry.
Store IT (postgres)	Integration test setup	2024-08-13T13:10:13.1152859Z ##[error]Response status code does not indicate success: 503 (Service Unavailable).
Store IT (postgres)	Upload JVM Heapdumps	2024-08-13T13:10:13.1228417Z Prepare all required actions
Store IT (postgres)	Upload JVM Heapdumps	2024-08-13T13:10:13.1229072Z Getting action download info
Store IT (postgres)	Upload JVM Heapdumps	2024-08-13T13:10:13.2714978Z Download action repository 'actions/upload-artifact@v4' (SHA:834a144ee995460fba8ed112a2fc961b36a5ec5a)
Store IT (postgres)	Upload JVM Heapdumps	2024-08-13T13:10:14.3633273Z ##[warning]Failed to download action 'https://api.github.com/repos/actions/upload-artifact/tarball/834a144ee995460fba8ed112a2fc961b36a5ec5a'. Error: Response status code does not indicate success: 502 (Bad Gateway).
Store IT (postgres)	Upload JVM Heapdumps	2024-08-13T13:10:14.3635574Z ##[warning]Back off 20.034 seconds before retry.
Store IT (postgres)	Upload JVM Heapdumps	2024-08-13T13:10:45.6154168Z ##[warning]Failed to download action 'https://api.github.com/repos/actions/upload-artifact/tarball/834a144ee995460fba8ed112a2fc961b36a5ec5a'. Error: Response status code does not indicate success: 504 (Gateway Timeout).
Store IT (postgres)	Upload JVM Heapdumps	2024-08-13T13:10:45.6156629Z ##[warning]Back off 16.822 seconds before retry.
Store IT (postgres)	Upload JVM Heapdumps	2024-08-13T13:11:13.6620940Z ##[error]Response status code does not indicate success: 504 (Gateway Timeout).
Store IT (postgres)	Surefire reports	2024-08-13T13:11:13.6677173Z Prepare all required actions
Store IT (postgres)	Surefire reports	2024-08-13T13:11:13.6677652Z Getting action download info
Store IT (postgres)	Surefire reports	2024-08-13T13:11:13.8196961Z Download action repository 'actions/upload-artifact@v4' (SHA:834a144ee995460fba8ed112a2fc961b36a5ec5a)
Store IT (postgres)	Surefire reports	2024-08-13T13:11:18.1755896Z ##[warning]Failed to download action 'https://api.github.com/repos/actions/upload-artifact/tarball/834a144ee995460fba8ed112a2fc961b36a5ec5a'. Error: Response status code does not indicate success: 503 (Service Unavailable).
Store IT (postgres)	Surefire reports	2024-08-13T13:11:18.1758313Z ##[warning]Back off 16.424 seconds before retry.
Store IT (postgres)	Surefire reports	2024-08-13T13:11:38.9408614Z ##[warning]Failed to download action 'https://api.github.com/repos/actions/upload-artifact/tarball/834a144ee995460fba8ed112a2fc961b36a5ec5a'. Error: Response status code does not indicate success: 503 (Service Unavailable).
Store IT (postgres)	Surefire reports	2024-08-13T13:11:38.9411189Z ##[warning]Back off 14.268 seconds before retry.
Store IT (postgres)	Surefire reports	2024-08-13T13:12:04.4164983Z ##[error]Response status code does not indicate success: 504 (Gateway Timeout).
Quarkus IT (ubuntu-latest, storage, true)	Unit test setup	2024-08-13T13:08:10.2654805Z Prepare all required actions
Quarkus IT (ubuntu-latest, storage, true)	Unit test setup	2024-08-13T13:08:10.2655328Z Getting action download info
Quarkus IT (ubuntu-latest, storage, true)	Unit test setup	2024-08-13T13:08:10.2715929Z ##[group]Run ./.github/actions/unit-test-setup
Quarkus IT (ubuntu-latest, storage, true)	Unit test setup	2024-08-13T13:08:10.2716531Z env:
Quarkus IT (ubuntu-latest, storage, true)	Unit test setup	2024-08-13T13:08:10.2717267Z   MAVEN_ARGS: -B -nsu -Daether.connector.http.connectionMaxTtl=25
Quarkus IT (ubuntu-latest, storage, true)	Unit test setup	2024-08-13T13:08:10.2717924Z   SUREFIRE_RERUN_FAILING_COUNT: 2
Quarkus IT (ubuntu-latest, storage, true)	Unit test setup	2024-08-13T13:08:10.2718774Z   SUREFIRE_RETRY: -Dsurefire.rerunFailingTestsCount=2
Quarkus IT (ubuntu-latest, storage, true)	Unit test setup	2024-08-13T13:08:10.2719348Z   MAVEN_OPTS: -Xmx1024m
Quarkus IT (ubuntu-latest, storage, true)	Unit test setup	2024-08-13T13:08:10.2719658Z ##[endgroup]
Quarkus IT (ubuntu-latest, storage, true)	Unit test setup	2024-08-13T13:08:10.2905359Z Prepare all required actions
Quarkus IT (ubuntu-latest, storage, true)	Unit test setup	2024-08-13T13:08:10.2905810Z Getting action download info
Quarkus IT (ubuntu-latest, storage, true)	Unit test setup	2024-08-13T13:08:10.3898279Z Download action repository 'actions/setup-java@v4' (SHA:6a0805fcefea3d4657a47ac4c165951e33482018)
Quarkus IT (ubuntu-latest, storage, true)	Unit test setup	2024-08-13T13:08:14.4569760Z ##[warning]Failed to download action 'https://api.github.com/repos/actions/setup-java/tarball/6a0805fcefea3d4657a47ac4c165951e33482018'. Error: Response status code does not indicate success: 503 (Service Unavailable).
Quarkus IT (ubuntu-latest, storage, true)	Unit test setup	2024-08-13T13:08:14.4573062Z ##[warning]Back off 20.289 seconds before retry.
Quarkus IT (ubuntu-latest, storage, true)	Unit test setup	2024-08-13T13:08:38.7827145Z ##[warning]Failed to download action 'https://api.github.com/repos/actions/setup-java/tarball/6a0805fcefea3d4657a47ac4c165951e33482018'. Error: Response status code does not indicate success: 503 (Service Unavailable).
Quarkus IT (ubuntu-latest, storage, true)	Unit test setup	2024-08-13T13:08:38.7830319Z ##[warning]Back off 23.092 seconds before retry.
Quarkus IT (ubuntu-latest, storage, true)	Unit test setup	2024-08-13T13:09:12.9007640Z ##[error]Response status code does not indicate success: 504 (Gateway Timeout).
Store Model Tests	Integration test setup	2024-08-13T13:08:11.1147591Z Prepare all required actions
Store Model Tests	Integration test setup	2024-08-13T13:08:11.1148104Z Getting action download info
Store Model Tests	Integration test setup	2024-08-13T13:08:11.2006640Z Download action repository 'actions/download-artifact@v4' (SHA:fa0a91b85d4f404e444e00e005971372dc801d16)
Store Model Tests	Integration test setup	2024-08-13T13:08:15.2692485Z ##[warning]Failed to download action 'https://api.github.com/repos/actions/download-artifact/tarball/fa0a91b85d4f404e444e00e005971372dc801d16'. Error: Response status code does not indicate success: 503 (Service Unavailable).
Store Model Tests	Integration test setup	2024-08-13T13:08:15.2701868Z ##[warning]Back off 26.243 seconds before retry.
Store Model Tests	Integration test setup	2024-08-13T13:08:52.5402889Z ##[warning]Failed to download action 'https://api.github.com/repos/actions/download-artifact/tarball/fa0a91b85d4f404e444e00e005971372dc801d16'. Error: Response status code does not indicate success: 504 (Gateway Timeout).
Store Model Tests	Integration test setup	2024-08-13T13:08:52.5407130Z ##[warning]Back off 14.781 seconds before retry.
Store Model Tests	Integration test setup	2024-08-13T13:09:18.3512798Z ##[error]Response status code does not indicate success: 504 (Gateway Timeout).
Store Model Tests	Upload JVM Heapdumps	2024-08-13T13:09:18.3590738Z Prepare all required actions
Store Model Tests	Upload JVM Heapdumps	2024-08-13T13:09:18.3591190Z Getting action download info
Store Model Tests	Upload JVM Heapdumps	2024-08-13T13:09:18.4353197Z Download action repository 'actions/upload-artifact@v4' (SHA:834a144ee995460fba8ed112a2fc961b36a5ec5a)
Store Model Tests	Upload JVM Heapdumps	2024-08-13T13:09:29.4607950Z ##[warning]Failed to download action 'https://api.github.com/repos/actions/upload-artifact/tarball/834a144ee995460fba8ed112a2fc961b36a5ec5a'. Error: Response status code does not indicate success: 504 (Gateway Timeout).
Store Model Tests	Upload JVM Heapdumps	2024-08-13T13:09:29.4610671Z ##[warning]Back off 22.143 seconds before retry.
Store Model Tests	Upload JVM Heapdumps	2024-08-13T13:10:02.6292367Z ##[warning]Failed to download action 'https://api.github.com/repos/actions/upload-artifact/tarball/834a144ee995460fba8ed112a2fc961b36a5ec5a'. Error: Response status code does not indicate success: 504 (Gateway Timeout).
Store Model Tests	Upload JVM Heapdumps	2024-08-13T13:10:02.6296361Z ##[warning]Back off 11.428 seconds before retry.
Store Model Tests	Upload JVM Heapdumps	2024-08-13T13:10:14.7657319Z ##[error]Response status code does not indicate success: 502 (Bad Gateway).
Store IT (mysql)	Integration test setup	2024-08-13T13:09:06.0108247Z Prepare all required actions
Store IT (mysql)	Integration test setup	2024-08-13T13:09:06.0108811Z Getting action download info
Store IT (mysql)	Integration test setup	2024-08-13T13:09:06.1156614Z Download action repository 'actions/download-artifact@v4' (SHA:fa0a91b85d4f404e444e00e005971372dc801d16)
Store IT (mysql)	Integration test setup	2024-08-13T13:09:07.6875033Z ##[group]Run ./.github/actions/integration-test-setup
Store IT (mysql)	Integration test setup	2024-08-13T13:09:07.6875689Z with:
Store IT (mysql)	Integration test setup	2024-08-13T13:09:07.6875963Z   jdk-dist: temurin
Store IT (mysql)	Integration test setup	2024-08-13T13:09:07.6876298Z   jdk-version: 21
Store IT (mysql)	Integration test setup	2024-08-13T13:09:07.6876703Z env:
Store IT (mysql)	Integration test setup	2024-08-13T13:09:07.6877099Z   MAVEN_ARGS: -B -nsu -Daether.connector.http.connectionMaxTtl=25
Store IT (mysql)	Integration test setup	2024-08-13T13:09:07.6877645Z   SUREFIRE_RERUN_FAILING_COUNT: 2
Store IT (mysql)	Integration test setup	2024-08-13T13:09:07.6878232Z   SUREFIRE_RETRY: -Dsurefire.rerunFailingTestsCount=2
Store IT (mysql)	Integration test setup	2024-08-13T13:09:07.6878668Z ##[endgroup]
Store IT (mysql)	Integration test setup	2024-08-13T13:09:07.7063258Z Prepare all required actions
Store IT (mysql)	Integration test setup	2024-08-13T13:09:07.7063732Z Getting action download info
Store IT (mysql)	Integration test setup	2024-08-13T13:09:07.7979789Z Download action repository 'actions/setup-java@v4' (SHA:6a0805fcefea3d4657a47ac4c165951e33482018)
Store IT (mysql)	Integration test setup	2024-08-13T13:09:18.8311464Z ##[warning]Failed to download action 'https://api.github.com/repos/actions/setup-java/tarball/6a0805fcefea3d4657a47ac4c165951e33482018'. Error: Response status code does not indicate success: 504 (Gateway Timeout).
Store IT (mysql)	Integration test setup	2024-08-13T13:09:18.8314864Z ##[warning]Back off 16.71 seconds before retry.
Store IT (mysql)	Integration test setup	2024-08-13T13:09:46.5702095Z ##[warning]Failed to download action 'https://api.github.com/repos/actions/setup-java/tarball/6a0805fcefea3d4657a47ac4c165951e33482018'. Error: Response status code does not indicate success: 504 (Gateway Timeout).
Store IT (mysql)	Integration test setup	2024-08-13T13:09:46.5704354Z ##[warning]Back off 27.297 seconds before retry.
Store IT (mysql)	Integration test setup	2024-08-13T13:10:17.9088599Z ##[error]Response status code does not indicate success: 503 (Service Unavailable).
Quarkus IT (windows-latest, win)	Unit test setup	2024-08-13T13:08:18.1652479Z Prepare all required actions
Quarkus IT (windows-latest, win)	Unit test setup	2024-08-13T13:08:18.1653060Z Getting action download info
Quarkus IT (windows-latest, win)	Unit test setup	2024-08-13T13:08:18.1786589Z ##[group]Run ./.github/actions/unit-test-setup
Quarkus IT (windows-latest, win)	Unit test setup	2024-08-13T13:08:18.1786941Z env:
Quarkus IT (windows-latest, win)	Unit test setup	2024-08-13T13:08:18.1787285Z   MAVEN_ARGS: -B -nsu -Daether.connector.http.connectionMaxTtl=25
Quarkus IT (windows-latest, win)	Unit test setup	2024-08-13T13:08:18.1787734Z   SUREFIRE_RERUN_FAILING_COUNT: 2
Quarkus IT (windows-latest, win)	Unit test setup	2024-08-13T13:08:18.1788108Z   SUREFIRE_RETRY: -Dsurefire.rerunFailingTestsCount=2
Quarkus IT (windows-latest, win)	Unit test setup	2024-08-13T13:08:18.1788659Z   MAVEN_OPTS: -Xmx1024m
Quarkus IT (windows-latest, win)	Unit test setup	2024-08-13T13:08:18.1788908Z ##[endgroup]
Quarkus IT (windows-latest, win)	Unit test setup	2024-08-13T13:08:18.2068157Z Prepare all required actions
Quarkus IT (windows-latest, win)	Unit test setup	2024-08-13T13:08:18.2068525Z Getting action download info
Quarkus IT (windows-latest, win)	Unit test setup	2024-08-13T13:08:18.3341761Z Download action repository 'actions/setup-java@v4' (SHA:6a0805fcefea3d4657a47ac4c165951e33482018)
Quarkus IT (windows-latest, win)	Unit test setup	2024-08-13T13:08:29.5190995Z ##[warning]Failed to download action 'https://api.github.com/repos/actions/setup-java/zipball/6a0805fcefea3d4657a47ac4c165951e33482018'. Error: Response status code does not indicate success: 504 (Gateway Timeout).
Quarkus IT (windows-latest, win)	Unit test setup	2024-08-13T13:08:29.5194069Z ##[warning]Back off 17.196 seconds before retry.
Quarkus IT (windows-latest, win)	Unit test setup	2024-08-13T13:08:46.8659785Z ##[warning]Failed to download action 'https://api.github.com/repos/actions/setup-java/zipball/6a0805fcefea3d4657a47ac4c165951e33482018'. Error: Response status code does not indicate success: 502 (Bad Gateway).
Quarkus IT (windows-latest, win)	Unit test setup	2024-08-13T13:08:46.8661330Z ##[warning]Back off 27.226 seconds before retry.
Quarkus IT (windows-latest, win)	Unit test setup	2024-08-13T13:09:18.2460919Z ##[error]Response status code does not indicate success: 503 (Service Unavailable).
Quarkus IT (windows-latest, win)	Upload JVM Heapdumps	2024-08-13T13:09:18.2637282Z Prepare all required actions
Quarkus IT (windows-latest, win)	Upload JVM Heapdumps	2024-08-13T13:09:18.2637735Z Getting action download info
Quarkus IT (windows-latest, win)	Upload JVM Heapdumps	2024-08-13T13:09:18.4477487Z Download action repository 'actions/upload-artifact@v4' (SHA:834a144ee995460fba8ed112a2fc961b36a5ec5a)
Quarkus IT (windows-latest, win)	Upload JVM Heapdumps	2024-08-13T13:09:29.5711582Z ##[warning]Failed to download action 'https://api.github.com/repos/actions/upload-artifact/zipball/834a144ee995460fba8ed112a2fc961b36a5ec5a'. Error: Response status code does not indicate success: 504 (Gateway Timeout).
Quarkus IT (windows-latest, win)	Upload JVM Heapdumps	2024-08-13T13:09:29.5720211Z ##[warning]Back off 27.466 seconds before retry.
Quarkus IT (windows-latest, win)	Upload JVM Heapdumps	2024-08-13T13:10:08.1380826Z ##[warning]Failed to download action 'https://api.github.com/repos/actions/upload-artifact/zipball/834a144ee995460fba8ed112a2fc961b36a5ec5a'. Error: Response status code does not indicate success: 504 (Gateway Timeout).
Quarkus IT (windows-latest, win)	Upload JVM Heapdumps	2024-08-13T13:10:08.1383011Z ##[warning]Back off 24.825 seconds before retry.
Quarkus IT (windows-latest, win)	Upload JVM Heapdumps	2024-08-13T13:10:44.1013892Z ##[error]Response status code does not indicate success: 504 (Gateway Timeout).
Quarkus IT (windows-latest, win)	Surefire reports	2024-08-13T13:10:44.1161823Z Prepare all required actions
Quarkus IT (windows-latest, win)	Surefire reports	2024-08-13T13:10:44.1162339Z Getting action download info
Quarkus IT (windows-latest, win)	Surefire reports	2024-08-13T13:10:44.2572458Z Download action repository 'actions/upload-artifact@v4' (SHA:834a144ee995460fba8ed112a2fc961b36a5ec5a)
Quarkus IT (windows-latest, win)	Surefire reports	2024-08-13T13:10:55.3686454Z ##[warning]Failed to download action 'https://api.github.com/repos/actions/upload-artifact/zipball/834a144ee995460fba8ed112a2fc961b36a5ec5a'. Error: Response status code does not indicate success: 504 (Gateway Timeout).
Quarkus IT (windows-latest, win)	Surefire reports	2024-08-13T13:10:55.3688880Z ##[warning]Back off 17.977 seconds before retry.
Quarkus IT (windows-latest, win)	Surefire reports	2024-08-13T13:11:14.5003454Z ##[warning]Failed to download action 'https://api.github.com/repos/actions/upload-artifact/zipball/834a144ee995460fba8ed112a2fc961b36a5ec5a'. Error: Response status code does not indicate success: 503 (Service Unavailable).
Quarkus IT (windows-latest, win)	Surefire reports	2024-08-13T13:11:14.5005918Z ##[warning]Back off 17.411 seconds before retry.
Quarkus IT (windows-latest, win)	Surefire reports	2024-08-13T13:11:36.0999358Z ##[error]Response status code does not indicate success: 503 (Service Unavailable).
Store IT (oracle)	Integration test setup	2024-08-13T13:09:09.7272101Z Prepare all required actions
Store IT (oracle)	Integration test setup	2024-08-13T13:09:09.7272765Z Getting action download info
Store IT (oracle)	Integration test setup	2024-08-13T13:09:09.8533102Z Download action repository 'actions/download-artifact@v4' (SHA:fa0a91b85d4f404e444e00e005971372dc801d16)
Store IT (oracle)	Integration test setup	2024-08-13T13:09:14.1776250Z ##[warning]Failed to download action 'https://api.github.com/repos/actions/download-artifact/tarball/fa0a91b85d4f404e444e00e005971372dc801d16'. Error: Response status code does not indicate success: 503 (Service Unavailable).
Store IT (oracle)	Integration test setup	2024-08-13T13:09:14.1786341Z ##[warning]Back off 12.392 seconds before retry.
Store IT (oracle)	Integration test setup	2024-08-13T13:09:27.4568335Z ##[group]Run ./.github/actions/integration-test-setup
Store IT (oracle)	Integration test setup	2024-08-13T13:09:27.4568925Z with:
Store IT (oracle)	Integration test setup	2024-08-13T13:09:27.4569264Z   jdk-dist: temurin
Store IT (oracle)	Integration test setup	2024-08-13T13:09:27.4569600Z   jdk-version: 21
Store IT (oracle)	Integration test setup	2024-08-13T13:09:27.4569963Z env:
Store IT (oracle)	Integration test setup	2024-08-13T13:09:27.4570398Z   MAVEN_ARGS: -B -nsu -Daether.connector.http.connectionMaxTtl=25
Store IT (oracle)	Integration test setup	2024-08-13T13:09:27.4570944Z   SUREFIRE_RERUN_FAILING_COUNT: 2
Store IT (oracle)	Integration test setup	2024-08-13T13:09:27.4571466Z   SUREFIRE_RETRY: -Dsurefire.rerunFailingTestsCount=2
Store IT (oracle)	Integration test setup	2024-08-13T13:09:27.4572014Z ##[endgroup]
Store IT (oracle)	Integration test setup	2024-08-13T13:09:27.4767901Z Prepare all required actions
Store IT (oracle)	Integration test setup	2024-08-13T13:09:27.4768379Z Getting action download info
Store IT (oracle)	Integration test setup	2024-08-13T13:09:27.6151641Z Download action repository 'actions/setup-java@v4' (SHA:6a0805fcefea3d4657a47ac4c165951e33482018)
Store IT (oracle)	Integration test setup	2024-08-13T13:09:38.7930288Z ##[warning]Failed to download action 'https://api.github.com/repos/actions/setup-java/tarball/6a0805fcefea3d4657a47ac4c165951e33482018'. Error: Response status code does not indicate success: 504 (Gateway Timeout).
Store IT (oracle)	Integration test setup	2024-08-13T13:09:38.7933569Z ##[warning]Back off 11.3 seconds before retry.
Store IT (oracle)	Integration test setup	2024-08-13T13:10:01.2743702Z ##[warning]Failed to download action 'https://api.github.com/repos/actions/setup-java/tarball/6a0805fcefea3d4657a47ac4c165951e33482018'. Error: Response status code does not indicate success: 504 (Gateway Timeout).
Store IT (oracle)	Integration test setup	2024-08-13T13:10:01.2745676Z ##[warning]Back off 27.349 seconds before retry.
Store IT (oracle)	Integration test setup	2024-08-13T13:10:32.9412468Z ##[error]Response status code does not indicate success: 503 (Service Unavailable).
Store IT (oracle)	Upload JVM Heapdumps	2024-08-13T13:10:32.9510232Z Prepare all required actions
Store IT (oracle)	Upload JVM Heapdumps	2024-08-13T13:10:32.9510621Z Getting action download info
Store IT (oracle)	Upload JVM Heapdumps	2024-08-13T13:10:33.0933228Z Download action repository 'actions/upload-artifact@v4' (SHA:834a144ee995460fba8ed112a2fc961b36a5ec5a)
Store IT (oracle)	Upload JVM Heapdumps	2024-08-13T13:10:44.2707553Z ##[warning]Failed to download action 'https://api.github.com/repos/actions/upload-artifact/tarball/834a144ee995460fba8ed112a2fc961b36a5ec5a'. Error: Response status code does not indicate success: 504 (Gateway Timeout).
Store IT (oracle)	Upload JVM Heapdumps	2024-08-13T13:10:44.2709846Z ##[warning]Back off 17.4 seconds before retry.
Store IT (oracle)	Upload JVM Heapdumps	2024-08-13T13:11:04.5113939Z ##[warning]Failed to download action 'https://api.github.com/repos/actions/upload-artifact/tarball/834a144ee995460fba8ed112a2fc961b36a5ec5a'. Error: Response status code does not indicate success: 502 (Bad Gateway).
Store IT (oracle)	Upload JVM Heapdumps	2024-08-13T13:11:04.5116149Z ##[warning]Back off 16.459 seconds before retry.
Store IT (oracle)	Upload JVM Heapdumps	2024-08-13T13:11:25.2635829Z ##[error]Response status code does not indicate success: 503 (Service Unavailable).
Store IT (mssql)	Integration test setup	2024-08-13T13:09:04.8519640Z Prepare all required actions
Store IT (mssql)	Integration test setup	2024-08-13T13:09:04.8520211Z Getting action download info
Store IT (mssql)	Integration test setup	2024-08-13T13:09:04.9626453Z Download action repository 'actions/download-artifact@v4' (SHA:fa0a91b85d4f404e444e00e005971372dc801d16)
Store IT (mssql)	Integration test setup	2024-08-13T13:09:09.1014390Z ##[warning]Failed to download action 'https://api.github.com/repos/actions/download-artifact/tarball/fa0a91b85d4f404e444e00e005971372dc801d16'. Error: Response status code does not indicate success: 503 (Service Unavailable).
Store IT (mssql)	Integration test setup	2024-08-13T13:09:09.1023983Z ##[warning]Back off 18.611 seconds before retry.
Store IT (mssql)	Integration test setup	2024-08-13T13:09:31.8203608Z ##[warning]Failed to download action 'https://api.github.com/repos/actions/download-artifact/tarball/fa0a91b85d4f404e444e00e005971372dc801d16'. Error: Response status code does not indicate success: 503 (Service Unavailable).
Store IT (mssql)	Integration test setup	2024-08-13T13:09:31.8206101Z ##[warning]Back off 18.058 seconds before retry.
Store IT (mssql)	Integration test setup	2024-08-13T13:10:00.9645794Z ##[error]Response status code does not indicate success: 504 (Gateway Timeout).
Store IT (mssql)	Upload JVM Heapdumps	2024-08-13T13:10:00.9723678Z Prepare all required actions
Store IT (mssql)	Upload JVM Heapdumps	2024-08-13T13:10:00.9724204Z Getting action download info
Store IT (mssql)	Upload JVM Heapdumps	2024-08-13T13:10:01.0883053Z Download action repository 'actions/upload-artifact@v4' (SHA:834a144ee995460fba8ed112a2fc961b36a5ec5a)
Store IT (mssql)	Upload JVM Heapdumps	2024-08-13T13:10:01.1696573Z ##[warning]Failed to download action 'https://api.github.com/repos/actions/upload-artifact/tarball/834a144ee995460fba8ed112a2fc961b36a5ec5a'. Error: Response status code does not indicate success: 502 (Bad Gateway).
Store IT (mssql)	Upload JVM Heapdumps	2024-08-13T13:10:01.1699950Z ##[warning]Back off 14.619 seconds before retry.
Store IT (mssql)	Upload JVM Heapdumps	2024-08-13T13:10:26.8583623Z ##[warning]Failed to download action 'https://api.github.com/repos/actions/upload-artifact/tarball/834a144ee995460fba8ed112a2fc961b36a5ec5a'. Error: Response status code does not indicate success: 504 (Gateway Timeout).
Store IT (mssql)	Upload JVM Heapdumps	2024-08-13T13:10:26.8586281Z ##[warning]Back off 17.926 seconds before retry.
Store IT (mssql)	Upload JVM Heapdumps	2024-08-13T13:10:55.8553629Z ##[error]Response status code does not indicate success: 504 (Gateway Timeout).
Store IT (mariadb)	Integration test setup	2024-08-13T13:08:13.0400769Z Prepare all required actions
Store IT (mariadb)	Integration test setup	2024-08-13T13:08:13.0401434Z Getting action download info
Store IT (mariadb)	Integration test setup	2024-08-13T13:08:13.1830036Z Download action repository 'actions/download-artifact@v4' (SHA:fa0a91b85d4f404e444e00e005971372dc801d16)
Store IT (mariadb)	Integration test setup	2024-08-13T13:08:17.5363090Z ##[warning]Failed to download action 'https://api.github.com/repos/actions/download-artifact/tarball/fa0a91b85d4f404e444e00e005971372dc801d16'. Error: Response status code does not indicate success: 503 (Service Unavailable).
Store IT (mariadb)	Integration test setup	2024-08-13T13:08:17.5372656Z ##[warning]Back off 28.001 seconds before retry.
Store IT (mariadb)	Integration test setup	2024-08-13T13:08:45.7727139Z ##[warning]Failed to download action 'https://api.github.com/repos/actions/download-artifact/tarball/fa0a91b85d4f404e444e00e005971372dc801d16'. Error: Response status code does not indicate success: 502 (Bad Gateway).
Store IT (mariadb)	Integration test setup	2024-08-13T13:08:45.7729706Z ##[warning]Back off 19.201 seconds before retry.
Store IT (mariadb)	Integration test setup	2024-08-13T13:09:09.3053606Z ##[error]Response status code does not indicate success: 503 (Service Unavailable).
Store IT (mariadb)	Upload JVM Heapdumps	2024-08-13T13:09:09.3130324Z Prepare all required actions
Store IT (mariadb)	Upload JVM Heapdumps	2024-08-13T13:09:09.3130775Z Getting action download info
Store IT (mariadb)	Upload JVM Heapdumps	2024-08-13T13:09:09.4583799Z Download action repository 'actions/upload-artifact@v4' (SHA:834a144ee995460fba8ed112a2fc961b36a5ec5a)
Store IT (mariadb)	Upload JVM Heapdumps	2024-08-13T13:09:13.7970546Z ##[warning]Failed to download action 'https://api.github.com/repos/actions/upload-artifact/tarball/834a144ee995460fba8ed112a2fc961b36a5ec5a'. Error: Response status code does not indicate success: 503 (Service Unavailable).
Store IT (mariadb)	Upload JVM Heapdumps	2024-08-13T13:09:13.7973576Z ##[warning]Back off 27.087 seconds before retry.
Store IT (mariadb)	Upload JVM Heapdumps	2024-08-13T13:09:52.1039340Z ##[warning]Failed to download action 'https://api.github.com/repos/actions/upload-artifact/tarball/834a144ee995460fba8ed112a2fc961b36a5ec5a'. Error: Response status code does not indicate success: 504 (Gateway Timeout).
Store IT (mariadb)	Upload JVM Heapdumps	2024-08-13T13:09:52.1043824Z ##[warning]Back off 26.689 seconds before retry.
Store IT (mariadb)	Upload JVM Heapdumps	2024-08-13T13:10:30.0128167Z ##[error]Response status code does not indicate success: 504 (Gateway Timeout).
Migration Tests (24.0.4, postgres)	Integration test setup	2024-08-13T13:08:13.4105676Z Prepare all required actions
Migration Tests (24.0.4, postgres)	Integration test setup	2024-08-13T13:08:13.4106210Z Getting action download info
Migration Tests (24.0.4, postgres)	Integration test setup	2024-08-13T13:08:13.5765654Z Download action repository 'actions/download-artifact@v4' (SHA:fa0a91b85d4f404e444e00e005971372dc801d16)
Migration Tests (24.0.4, postgres)	Integration test setup	2024-08-13T13:08:17.9032663Z ##[warning]Failed to download action 'https://api.github.com/repos/actions/download-artifact/tarball/fa0a91b85d4f404e444e00e005971372dc801d16'. Error: Response status code does not indicate success: 503 (Service Unavailable).
Migration Tests (24.0.4, postgres)	Integration test setup	2024-08-13T13:08:17.9043277Z ##[warning]Back off 12.326 seconds before retry.
Migration Tests (24.0.4, postgres)	Integration test setup	2024-08-13T13:08:41.4091492Z ##[warning]Failed to download action 'https://api.github.com/repos/actions/download-artifact/tarball/fa0a91b85d4f404e444e00e005971372dc801d16'. Error: Response status code does not indicate success: 504 (Gateway Timeout).
Migration Tests (24.0.4, postgres)	Integration test setup	2024-08-13T13:08:41.4096585Z ##[warning]Back off 19.14 seconds before retry.
Migration Tests (24.0.4, postgres)	Integration test setup	2024-08-13T13:09:03.7128840Z ##[error]Response status code does not indicate success: 502 (Bad Gateway).
Migration Tests (24.0.4, postgres)	Upload JVM Heapdumps	2024-08-13T13:09:03.7215651Z Prepare all required actions
Migration Tests (24.0.4, postgres)	Upload JVM Heapdumps	2024-08-13T13:09:03.7216267Z Getting action download info
Migration Tests (24.0.4, postgres)	Upload JVM Heapdumps	2024-08-13T13:09:03.8696585Z Download action repository 'actions/upload-artifact@v4' (SHA:834a144ee995460fba8ed112a2fc961b36a5ec5a)
Migration Tests (24.0.4, postgres)	Upload JVM Heapdumps	2024-08-13T13:09:08.1650582Z ##[warning]Failed to download action 'https://api.github.com/repos/actions/upload-artifact/tarball/834a144ee995460fba8ed112a2fc961b36a5ec5a'. Error: Response status code does not indicate success: 503 (Service Unavailable).
Migration Tests (24.0.4, postgres)	Upload JVM Heapdumps	2024-08-13T13:09:08.1653623Z ##[warning]Back off 28.193 seconds before retry.
Migration Tests (24.0.4, postgres)	Upload JVM Heapdumps	2024-08-13T13:09:47.5403212Z ##[warning]Failed to download action 'https://api.github.com/repos/actions/upload-artifact/tarball/834a144ee995460fba8ed112a2fc961b36a5ec5a'. Error: Response status code does not indicate success: 504 (Gateway Timeout).
Migration Tests (24.0.4, postgres)	Upload JVM Heapdumps	2024-08-13T13:09:47.5405698Z ##[warning]Back off 24.184 seconds before retry.
Migration Tests (24.0.4, postgres)	Upload JVM Heapdumps	2024-08-13T13:10:16.0193167Z ##[error]Response status code does not indicate success: 503 (Service Unavailable).
Migration Tests (24.0.4, postgres)	Surefire reports	2024-08-13T13:10:16.0254949Z Prepare all required actions
Migration Tests (24.0.4, postgres)	Surefire reports	2024-08-13T13:10:16.0255569Z Getting action download info
Migration Tests (24.0.4, postgres)	Surefire reports	2024-08-13T13:10:16.1646831Z Download action repository 'actions/upload-artifact@v4' (SHA:834a144ee995460fba8ed112a2fc961b36a5ec5a)
Migration Tests (24.0.4, postgres)	Surefire reports	2024-08-13T13:10:17.0442208Z ##[warning]Failed to download action 'https://api.github.com/repos/actions/upload-artifact/tarball/834a144ee995460fba8ed112a2fc961b36a5ec5a'. Error: Response status code does not indicate success: 502 (Bad Gateway).
Migration Tests (24.0.4, postgres)	Surefire reports	2024-08-13T13:10:17.0444645Z ##[warning]Back off 14.757 seconds before retry.
Migration Tests (24.0.4, postgres)	Surefire reports	2024-08-13T13:10:42.9794651Z ##[warning]Failed to download action 'https://api.github.com/repos/actions/upload-artifact/tarball/834a144ee995460fba8ed112a2fc961b36a5ec5a'. Error: Response status code does not indicate success: 504 (Gateway Timeout).
Migration Tests (24.0.4, postgres)	Surefire reports	2024-08-13T13:10:42.9797947Z ##[warning]Back off 11.291 seconds before retry.
Migration Tests (24.0.4, postgres)	Surefire reports	2024-08-13T13:11:05.4504193Z ##[error]Response status code does not indicate success: 504 (Gateway Timeout).
Migration Tests (24.0.4, mysql)	Integration test setup	2024-08-13T13:08:11.6180167Z Prepare all required actions
Migration Tests (24.0.4, mysql)	Integration test setup	2024-08-13T13:08:11.6180691Z Getting action download info
Migration Tests (24.0.4, mysql)	Integration test setup	2024-08-13T13:08:11.7047613Z Download action repository 'actions/download-artifact@v4' (SHA:fa0a91b85d4f404e444e00e005971372dc801d16)
Migration Tests (24.0.4, mysql)	Integration test setup	2024-08-13T13:08:22.7561458Z ##[warning]Failed to download action 'https://api.github.com/repos/actions/download-artifact/tarball/fa0a91b85d4f404e444e00e005971372dc801d16'. Error: Response status code does not indicate success: 504 (Gateway Timeout).
Migration Tests (24.0.4, mysql)	Integration test setup	2024-08-13T13:08:22.7570868Z ##[warning]Back off 10.872 seconds before retry.
Migration Tests (24.0.4, mysql)	Integration test setup	2024-08-13T13:08:44.6603099Z ##[warning]Failed to download action 'https://api.github.com/repos/actions/download-artifact/tarball/fa0a91b85d4f404e444e00e005971372dc801d16'. Error: Response status code does not indicate success: 504 (Gateway Timeout).
Migration Tests (24.0.4, mysql)	Integration test setup	2024-08-13T13:08:44.6605887Z ##[warning]Back off 16.269 seconds before retry.
Migration Tests (24.0.4, mysql)	Integration test setup	2024-08-13T13:09:04.9723369Z ##[error]Response status code does not indicate success: 503 (Service Unavailable).
Migration Tests (24.0.4, mysql)	Upload JVM Heapdumps	2024-08-13T13:09:04.9798388Z Prepare all required actions
Migration Tests (24.0.4, mysql)	Upload JVM Heapdumps	2024-08-13T13:09:04.9798838Z Getting action download info
Migration Tests (24.0.4, mysql)	Upload JVM Heapdumps	2024-08-13T13:09:05.0830534Z Download action repository 'actions/upload-artifact@v4' (SHA:834a144ee995460fba8ed112a2fc961b36a5ec5a)
Migration Tests (24.0.4, mysql)	Upload JVM Heapdumps	2024-08-13T13:09:16.1097159Z ##[warning]Failed to download action 'https://api.github.com/repos/actions/upload-artifact/tarball/834a144ee995460fba8ed112a2fc961b36a5ec5a'. Error: Response status code does not indicate success: 504 (Gateway Timeout).
Migration Tests (24.0.4, mysql)	Upload JVM Heapdumps	2024-08-13T13:09:16.1099885Z ##[warning]Back off 28.214 seconds before retry.
Migration Tests (24.0.4, mysql)	Upload JVM Heapdumps	2024-08-13T13:09:55.3517142Z ##[warning]Failed to download action 'https://api.github.com/repos/actions/upload-artifact/tarball/834a144ee995460fba8ed112a2fc961b36a5ec5a'. Error: Response status code does not indicate success: 504 (Gateway Timeout).
Migration Tests (24.0.4, mysql)	Upload JVM Heapdumps	2024-08-13T13:09:55.3519886Z ##[warning]Back off 25.284 seconds before retry.
Migration Tests (24.0.4, mysql)	Upload JVM Heapdumps	2024-08-13T13:10:31.6614427Z ##[error]Response status code does not indicate success: 504 (Gateway Timeout).
Migration Tests (24.0.4, mysql)	Surefire reports	2024-08-13T13:10:31.6671469Z Prepare all required actions
Migration Tests (24.0.4, mysql)	Surefire reports	2024-08-13T13:10:31.6672107Z Getting action download info
Migration Tests (24.0.4, mysql)	Surefire reports	2024-08-13T13:10:31.7572574Z Download action repository 'actions/upload-artifact@v4' (SHA:834a144ee995460fba8ed112a2fc961b36a5ec5a)
Migration Tests (24.0.4, mysql)	Surefire reports	2024-08-13T13:10:35.7969008Z ##[warning]Failed to download action 'https://api.github.com/repos/actions/upload-artifact/tarball/834a144ee995460fba8ed112a2fc961b36a5ec5a'. Error: Response status code does not indicate success: 503 (Service Unavailable).
Migration Tests (24.0.4, mysql)	Surefire reports	2024-08-13T13:10:35.7971603Z ##[warning]Back off 21.087 seconds before retry.
Migration Tests (24.0.4, mysql)	Surefire reports	2024-08-13T13:10:58.2559082Z ##[warning]Failed to download action 'https://api.github.com/repos/actions/upload-artifact/tarball/834a144ee995460fba8ed112a2fc961b36a5ec5a'. Error: Response status code does not indicate success: 502 (Bad Gateway).
Migration Tests (24.0.4, mysql)	Surefire reports	2024-08-13T13:10:58.2561385Z ##[warning]Back off 12.209 seconds before retry.
Migration Tests (24.0.4, mysql)	Surefire reports	2024-08-13T13:11:14.5063709Z ##[error]Response status code does not indicate success: 503 (Service Unavailable).
Migration Tests (24.0.4, oracle)	Integration test setup	2024-08-13T13:08:12.3463243Z Prepare all required actions
Migration Tests (24.0.4, oracle)	Integration test setup	2024-08-13T13:08:12.3463823Z Getting action download info
Migration Tests (24.0.4, oracle)	Integration test setup	2024-08-13T13:08:12.4915631Z Download action repository 'actions/download-artifact@v4' (SHA:fa0a91b85d4f404e444e00e005971372dc801d16)
Migration Tests (24.0.4, oracle)	Integration test setup	2024-08-13T13:08:16.8666750Z ##[warning]Failed to download action 'https://api.github.com/repos/actions/download-artifact/tarball/fa0a91b85d4f404e444e00e005971372dc801d16'. Error: Response status code does not indicate success: 503 (Service Unavailable).
Migration Tests (24.0.4, oracle)	Integration test setup	2024-08-13T13:08:16.8679581Z ##[warning]Back off 28.392 seconds before retry.
Migration Tests (24.0.4, oracle)	Integration test setup	2024-08-13T13:08:45.4641479Z ##[warning]Failed to download action 'https://api.github.com/repos/actions/download-artifact/tarball/fa0a91b85d4f404e444e00e005971372dc801d16'. Error: Response status code does not indicate success: 502 (Bad Gateway).
Migration Tests (24.0.4, oracle)	Integration test setup	2024-08-13T13:08:45.4644602Z ##[warning]Back off 13.108 seconds before retry.
Migration Tests (24.0.4, oracle)	Integration test setup	2024-08-13T13:09:02.9139418Z ##[error]Response status code does not indicate success: 503 (Service Unavailable).
Migration Tests (24.0.4, oracle)	Upload JVM Heapdumps	2024-08-13T13:09:02.9216641Z Prepare all required actions
Migration Tests (24.0.4, oracle)	Upload JVM Heapdumps	2024-08-13T13:09:02.9217108Z Getting action download info
Migration Tests (24.0.4, oracle)	Upload JVM Heapdumps	2024-08-13T13:09:03.0919197Z Download action repository 'actions/upload-artifact@v4' (SHA:834a144ee995460fba8ed112a2fc961b36a5ec5a)
Migration Tests (24.0.4, oracle)	Upload JVM Heapdumps	2024-08-13T13:09:06.3058274Z ##[warning]Failed to download action 'https://api.github.com/repos/actions/upload-artifact/tarball/834a144ee995460fba8ed112a2fc961b36a5ec5a'. Error: Response status code does not indicate success: 502 (Bad Gateway).
Migration Tests (24.0.4, oracle)	Upload JVM Heapdumps	2024-08-13T13:09:06.3060664Z ##[warning]Back off 20.242 seconds before retry.
Migration Tests (24.0.4, oracle)	Upload JVM Heapdumps	2024-08-13T13:09:29.8874870Z ##[warning]Failed to download action 'https://api.github.com/repos/actions/upload-artifact/tarball/834a144ee995460fba8ed112a2fc961b36a5ec5a'. Error: Response status code does not indicate success: 503 (Service Unavailable).
Migration Tests (24.0.4, oracle)	Upload JVM Heapdumps	2024-08-13T13:09:29.8877602Z ##[warning]Back off 12.144 seconds before retry.
Migration Tests (24.0.4, oracle)	Upload JVM Heapdumps	2024-08-13T13:09:53.2355743Z ##[error]Response status code does not indicate success: 504 (Gateway Timeout).
Migration Tests (24.0.4, oracle)	Surefire reports	2024-08-13T13:09:53.2419601Z Prepare all required actions
Migration Tests (24.0.4, oracle)	Surefire reports	2024-08-13T13:09:53.2420130Z Getting action download info
Migration Tests (24.0.4, oracle)	Surefire reports	2024-08-13T13:09:53.3953339Z Download action repository 'actions/upload-artifact@v4' (SHA:834a144ee995460fba8ed112a2fc961b36a5ec5a)
Migration Tests (24.0.4, oracle)	Surefire reports	2024-08-13T13:10:04.5934496Z ##[warning]Failed to download action 'https://api.github.com/repos/actions/upload-artifact/tarball/834a144ee995460fba8ed112a2fc961b36a5ec5a'. Error: Response status code does not indicate success: 504 (Gateway Timeout).
Migration Tests (24.0.4, oracle)	Surefire reports	2024-08-13T13:10:04.5937080Z ##[warning]Back off 14.569 seconds before retry.
Migration Tests (24.0.4, oracle)	Surefire reports	2024-08-13T13:10:23.5125853Z ##[warning]Failed to download action 'https://api.github.com/repos/actions/upload-artifact/tarball/834a144ee995460fba8ed112a2fc961b36a5ec5a'. Error: Response status code does not indicate success: 503 (Service Unavailable).
Migration Tests (24.0.4, oracle)	Surefire reports	2024-08-13T13:10:23.5128334Z ##[warning]Back off 12.664 seconds before retry.
Migration Tests (24.0.4, oracle)	Surefire reports	2024-08-13T13:10:40.5193377Z ##[error]Response status code does not indicate success: 503 (Service Unavailable).
Migration Tests (24.0.4, mssql)	Integration test setup	2024-08-13T13:08:10.7590478Z Prepare all required actions
Migration Tests (24.0.4, mssql)	Integration test setup	2024-08-13T13:08:10.7591026Z Getting action download info
Migration Tests (24.0.4, mssql)	Integration test setup	2024-08-13T13:08:10.8428435Z Download action repository 'actions/download-artifact@v4' (SHA:fa0a91b85d4f404e444e00e005971372dc801d16)
Migration Tests (24.0.4, mssql)	Integration test setup	2024-08-13T13:08:14.8981580Z ##[group]Run ./.github/actions/integration-test-setup
Migration Tests (24.0.4, mssql)	Integration test setup	2024-08-13T13:08:14.8982116Z with:
Migration Tests (24.0.4, mssql)	Integration test setup	2024-08-13T13:08:14.8982387Z   jdk-dist: temurin
Migration Tests (24.0.4, mssql)	Integration test setup	2024-08-13T13:08:14.8982823Z   jdk-version: 21
Migration Tests (24.0.4, mssql)	Integration test setup	2024-08-13T13:08:14.8983164Z env:
Migration Tests (24.0.4, mssql)	Integration test setup	2024-08-13T13:08:14.8983555Z   MAVEN_ARGS: -B -nsu -Daether.connector.http.connectionMaxTtl=25
Migration Tests (24.0.4, mssql)	Integration test setup	2024-08-13T13:08:14.8984165Z   SUREFIRE_RERUN_FAILING_COUNT: 2
Migration Tests (24.0.4, mssql)	Integration test setup	2024-08-13T13:08:14.8984681Z   SUREFIRE_RETRY: -Dsurefire.rerunFailingTestsCount=2
Migration Tests (24.0.4, mssql)	Integration test setup	2024-08-13T13:08:14.8985127Z ##[endgroup]
Migration Tests (24.0.4, mssql)	Integration test setup	2024-08-13T13:08:14.9192584Z Prepare all required actions
Migration Tests (24.0.4, mssql)	Integration test setup	2024-08-13T13:08:14.9193431Z Getting action download info
Migration Tests (24.0.4, mssql)	Integration test setup	2024-08-13T13:08:15.0527388Z Download action repository 'actions/setup-java@v4' (SHA:6a0805fcefea3d4657a47ac4c165951e33482018)
Migration Tests (24.0.4, mssql)	Integration test setup	2024-08-13T13:08:26.0736666Z ##[warning]Failed to download action 'https://api.github.com/repos/actions/setup-java/tarball/6a0805fcefea3d4657a47ac4c165951e33482018'. Error: Response status code does not indicate success: 504 (Gateway Timeout).
Migration Tests (24.0.4, mssql)	Integration test setup	2024-08-13T13:08:26.0740285Z ##[warning]Back off 20.461 seconds before retry.
Migration Tests (24.0.4, mssql)	Integration test setup	2024-08-13T13:08:57.5571841Z ##[warning]Failed to download action 'https://api.github.com/repos/actions/setup-java/tarball/6a0805fcefea3d4657a47ac4c165951e33482018'. Error: Response status code does not indicate success: 504 (Gateway Timeout).
Migration Tests (24.0.4, mssql)	Integration test setup	2024-08-13T13:08:57.5573897Z ##[warning]Back off 11.287 seconds before retry.
Migration Tests (24.0.4, mssql)	Integration test setup	2024-08-13T13:09:12.8717612Z ##[error]Response status code does not indicate success: 503 (Service Unavailable).
Migration Tests (24.0.4, mssql)	Upload JVM Heapdumps	2024-08-13T13:09:12.8812662Z Prepare all required actions
Migration Tests (24.0.4, mssql)	Upload JVM Heapdumps	2024-08-13T13:09:12.8813128Z Getting action download info
Migration Tests (24.0.4, mssql)	Upload JVM Heapdumps	2024-08-13T13:09:12.9725810Z Download action repository 'actions/upload-artifact@v4' (SHA:834a144ee995460fba8ed112a2fc961b36a5ec5a)
Migration Tests (24.0.4, mssql)	Upload JVM Heapdumps	2024-08-13T13:09:16.9899349Z ##[warning]Failed to download action 'https://api.github.com/repos/actions/upload-artifact/tarball/834a144ee995460fba8ed112a2fc961b36a5ec5a'. Error: Response status code does not indicate success: 503 (Service Unavailable).
Migration Tests (24.0.4, mssql)	Upload JVM Heapdumps	2024-08-13T13:09:16.9907823Z ##[warning]Back off 16.178 seconds before retry.
Migration Tests (24.0.4, mssql)	Upload JVM Heapdumps	2024-08-13T13:09:37.1881841Z ##[warning]Failed to download action 'https://api.github.com/repos/actions/upload-artifact/tarball/834a144ee995460fba8ed112a2fc961b36a5ec5a'. Error: Response status code does not indicate success: 503 (Service Unavailable).
Migration Tests (24.0.4, mssql)	Upload JVM Heapdumps	2024-08-13T13:09:37.1884105Z ##[warning]Back off 20.787 seconds before retry.
Migration Tests (24.0.4, mssql)	Upload JVM Heapdumps	2024-08-13T13:09:57.9908265Z ##[error]Response status code does not indicate success: 502 (Bad Gateway).
WebAuthn IT (chrome)	Integration test setup	2024-08-13T13:09:27.7458506Z Prepare all required actions
WebAuthn IT (chrome)	Integration test setup	2024-08-13T13:09:27.7459019Z Getting action download info
WebAuthn IT (chrome)	Integration test setup	2024-08-13T13:09:27.9804837Z Download action repository 'actions/download-artifact@v4' (SHA:fa0a91b85d4f404e444e00e005971372dc801d16)
WebAuthn IT (chrome)	Integration test setup	2024-08-13T13:09:32.3020477Z ##[warning]Failed to download action 'https://api.github.com/repos/actions/download-artifact/tarball/fa0a91b85d4f404e444e00e005971372dc801d16'. Error: Response status code does not indicate success: 503 (Service Unavailable).
WebAuthn IT (chrome)	Integration test setup	2024-08-13T13:09:32.3029713Z ##[warning]Back off 18.15 seconds before retry.
WebAuthn IT (chrome)	Integration test setup	2024-08-13T13:09:54.7453317Z ##[warning]Failed to download action 'https://api.github.com/repos/actions/download-artifact/tarball/fa0a91b85d4f404e444e00e005971372dc801d16'. Error: Response status code does not indicate success: 503 (Service Unavailable).
WebAuthn IT (chrome)	Integration test setup	2024-08-13T13:09:54.7457442Z ##[warning]Back off 22.855 seconds before retry.
WebAuthn IT (chrome)	Integration test setup	2024-08-13T13:10:23.7117737Z ##[group]Run ./.github/actions/integration-test-setup
WebAuthn IT (chrome)	Integration test setup	2024-08-13T13:10:23.7118255Z with:
WebAuthn IT (chrome)	Integration test setup	2024-08-13T13:10:23.7118620Z   jdk-dist: temurin
WebAuthn IT (chrome)	Integration test setup	2024-08-13T13:10:23.7119057Z   jdk-version: 21
WebAuthn IT (chrome)	Integration test setup	2024-08-13T13:10:23.7119368Z env:
WebAuthn IT (chrome)	Integration test setup	2024-08-13T13:10:23.7119765Z   MAVEN_ARGS: -B -nsu -Daether.connector.http.connectionMaxTtl=25
WebAuthn IT (chrome)	Integration test setup	2024-08-13T13:10:23.7120399Z   SUREFIRE_RERUN_FAILING_COUNT: 2
WebAuthn IT (chrome)	Integration test setup	2024-08-13T13:10:23.7120872Z   SUREFIRE_RETRY: -Dsurefire.rerunFailingTestsCount=2
WebAuthn IT (chrome)	Integration test setup	2024-08-13T13:10:23.7121355Z ##[endgroup]
WebAuthn IT (chrome)	Integration test setup	2024-08-13T13:10:23.7316385Z Prepare all required actions
WebAuthn IT (chrome)	Integration test setup	2024-08-13T13:10:23.7316923Z Getting action download info
WebAuthn IT (chrome)	Integration test setup	2024-08-13T13:10:23.8645053Z Download action repository 'actions/setup-java@v4' (SHA:6a0805fcefea3d4657a47ac4c165951e33482018)
WebAuthn IT (chrome)	Integration test setup	2024-08-13T13:10:35.0967734Z ##[warning]Failed to download action 'https://api.github.com/repos/actions/setup-java/tarball/6a0805fcefea3d4657a47ac4c165951e33482018'. Error: Response status code does not indicate success: 504 (Gateway Timeout).
WebAuthn IT (chrome)	Integration test setup	2024-08-13T13:10:35.0969825Z ##[warning]Back off 27.079 seconds before retry.
WebAuthn IT (chrome)	Integration test setup	2024-08-13T13:11:06.4973424Z ##[warning]Failed to download action 'https://api.github.com/repos/actions/setup-java/tarball/6a0805fcefea3d4657a47ac4c165951e33482018'. Error: Response status code does not indicate success: 503 (Service Unavailable).
WebAuthn IT (chrome)	Integration test setup	2024-08-13T13:11:06.4974974Z ##[warning]Back off 22.896 seconds before retry.
WebAuthn IT (chrome)	Integration test setup	2024-08-13T13:11:40.5724772Z ##[error]Response status code does not indicate success: 504 (Gateway Timeout).
Migration Tests (24.0.4, mariadb)	Integration test setup	2024-08-13T13:08:11.2292099Z Prepare all required actions
Migration Tests (24.0.4, mariadb)	Integration test setup	2024-08-13T13:08:11.2292634Z Getting action download info
Migration Tests (24.0.4, mariadb)	Integration test setup	2024-08-13T13:08:11.3247360Z Download action repository 'actions/download-artifact@v4' (SHA:fa0a91b85d4f404e444e00e005971372dc801d16)
Migration Tests (24.0.4, mariadb)	Integration test setup	2024-08-13T13:08:15.3928860Z ##[warning]Failed to download action 'https://api.github.com/repos/actions/download-artifact/tarball/fa0a91b85d4f404e444e00e005971372dc801d16'. Error: Response status code does not indicate success: 503 (Service Unavailable).
Migration Tests (24.0.4, mariadb)	Integration test setup	2024-08-13T13:08:15.3938233Z ##[warning]Back off 16.663 seconds before retry.
Migration Tests (24.0.4, mariadb)	Integration test setup	2024-08-13T13:08:36.0971563Z ##[warning]Failed to download action 'https://api.github.com/repos/actions/download-artifact/tarball/fa0a91b85d4f404e444e00e005971372dc801d16'. Error: Response status code does not indicate success: 503 (Service Unavailable).
Migration Tests (24.0.4, mariadb)	Integration test setup	2024-08-13T13:08:36.0976256Z ##[warning]Back off 20.39 seconds before retry.
Migration Tests (24.0.4, mariadb)	Integration test setup	2024-08-13T13:09:07.5177600Z ##[error]Response status code does not indicate success: 504 (Gateway Timeout).
Migration Tests (24.0.4, mariadb)	Upload JVM Heapdumps	2024-08-13T13:09:07.5256353Z Prepare all required actions
Migration Tests (24.0.4, mariadb)	Upload JVM Heapdumps	2024-08-13T13:09:07.5256865Z Getting action download info
Migration Tests (24.0.4, mariadb)	Upload JVM Heapdumps	2024-08-13T13:09:07.6552373Z Download action repository 'actions/upload-artifact@v4' (SHA:834a144ee995460fba8ed112a2fc961b36a5ec5a)
Migration Tests (24.0.4, mariadb)	Upload JVM Heapdumps	2024-08-13T13:09:11.6950638Z ##[warning]Failed to download action 'https://api.github.com/repos/actions/upload-artifact/tarball/834a144ee995460fba8ed112a2fc961b36a5ec5a'. Error: Response status code does not indicate success: 503 (Service Unavailable).
Migration Tests (24.0.4, mariadb)	Upload JVM Heapdumps	2024-08-13T13:09:11.6953077Z ##[warning]Back off 19.758 seconds before retry.
Migration Tests (24.0.4, mariadb)	Upload JVM Heapdumps	2024-08-13T13:09:35.4948178Z ##[warning]Failed to download action 'https://api.github.com/repos/actions/upload-artifact/tarball/834a144ee995460fba8ed112a2fc961b36a5ec5a'. Error: Response status code does not indicate success: 503 (Service Unavailable).
Migration Tests (24.0.4, mariadb)	Upload JVM Heapdumps	2024-08-13T13:09:35.4950973Z ##[warning]Back off 11.501 seconds before retry.
Migration Tests (24.0.4, mariadb)	Upload JVM Heapdumps	2024-08-13T13:09:48.8799860Z ##[error]Response status code does not indicate success: 502 (Bad Gateway).
Migration Tests (24.0.4, mariadb)	Surefire reports	2024-08-13T13:09:48.8857612Z Prepare all required actions
Migration Tests (24.0.4, mariadb)	Surefire reports	2024-08-13T13:09:48.8858216Z Getting action download info
Migration Tests (24.0.4, mariadb)	Surefire reports	2024-08-13T13:09:48.9814518Z Download action repository 'actions/upload-artifact@v4' (SHA:834a144ee995460fba8ed112a2fc961b36a5ec5a)
Migration Tests (24.0.4, mariadb)	Surefire reports	2024-08-13T13:09:54.6187357Z ##[warning]Failed to download action 'https://api.github.com/repos/actions/upload-artifact/tarball/834a144ee995460fba8ed112a2fc961b36a5ec5a'. Error: Response status code does not indicate success: 502 (Bad Gateway).
Migration Tests (24.0.4, mariadb)	Surefire reports	2024-08-13T13:09:54.6190361Z ##[warning]Back off 18.069 seconds before retry.
Migration Tests (24.0.4, mariadb)	Surefire reports	2024-08-13T13:10:16.7280007Z ##[warning]Failed to download action 'https://api.github.com/repos/actions/upload-artifact/tarball/834a144ee995460fba8ed112a2fc961b36a5ec5a'. Error: Response status code does not indicate success: 503 (Service Unavailable).
Migration Tests (24.0.4, mariadb)	Surefire reports	2024-08-13T13:10:16.7282606Z ##[warning]Back off 22.547 seconds before retry.
Migration Tests (24.0.4, mariadb)	Surefire reports	2024-08-13T13:10:50.3040225Z ##[error]Response status code does not indicate success: 504 (Gateway Timeout).
WebAuthn IT (firefox)	Integration test setup	2024-08-13T13:09:32.1113133Z Prepare all required actions
WebAuthn IT (firefox)	Integration test setup	2024-08-13T13:09:32.1113677Z Getting action download info
WebAuthn IT (firefox)	Integration test setup	2024-08-13T13:09:32.2014773Z Download action repository 'actions/download-artifact@v4' (SHA:fa0a91b85d4f404e444e00e005971372dc801d16)
WebAuthn IT (firefox)	Integration test setup	2024-08-13T13:09:36.2715199Z ##[warning]Failed to download action 'https://api.github.com/repos/actions/download-artifact/tarball/fa0a91b85d4f404e444e00e005971372dc801d16'. Error: Response status code does not indicate success: 503 (Service Unavailable).
WebAuthn IT (firefox)	Integration test setup	2024-08-13T13:09:36.2727559Z ##[warning]Back off 26.241 seconds before retry.
WebAuthn IT (firefox)	Integration test setup	2024-08-13T13:10:13.5235875Z ##[warning]Failed to download action 'https://api.github.com/repos/actions/download-artifact/tarball/fa0a91b85d4f404e444e00e005971372dc801d16'. Error: Response status code does not indicate success: 502 (Bad Gateway).
WebAuthn IT (firefox)	Integration test setup	2024-08-13T13:10:13.5240743Z ##[warning]Back off 22.048 seconds before retry.
WebAuthn IT (firefox)	Integration test setup	2024-08-13T13:10:39.6110174Z ##[error]Response status code does not indicate success: 503 (Service Unavailable).
WebAuthn IT (firefox)	Upload JVM Heapdumps	2024-08-13T13:10:39.6185540Z Prepare all required actions
WebAuthn IT (firefox)	Upload JVM Heapdumps	2024-08-13T13:10:39.6186151Z Getting action download info
WebAuthn IT (firefox)	Upload JVM Heapdumps	2024-08-13T13:10:39.7091903Z Download action repository 'actions/upload-artifact@v4' (SHA:834a144ee995460fba8ed112a2fc961b36a5ec5a)
WebAuthn IT (firefox)	Upload JVM Heapdumps	2024-08-13T13:10:41.4328792Z ##[warning]Failed to download action 'https://api.github.com/repos/actions/upload-artifact/tarball/834a144ee995460fba8ed112a2fc961b36a5ec5a'. Error: Response status code does not indicate success: 502 (Bad Gateway).
WebAuthn IT (firefox)	Upload JVM Heapdumps	2024-08-13T13:10:41.4331882Z ##[warning]Back off 22.104 seconds before retry.
WebAuthn IT (firefox)	Upload JVM Heapdumps	2024-08-13T13:11:14.5584503Z ##[warning]Failed to download action 'https://api.github.com/repos/actions/upload-artifact/tarball/834a144ee995460fba8ed112a2fc961b36a5ec5a'. Error: Response status code does not indicate success: 504 (Gateway Timeout).
WebAuthn IT (firefox)	Upload JVM Heapdumps	2024-08-13T13:11:14.5587300Z ##[warning]Back off 25.644 seconds before retry.
WebAuthn IT (firefox)	Upload JVM Heapdumps	2024-08-13T13:11:45.6813617Z ##[error]Response status code does not indicate success: 502 (Bad Gateway).
Status Check - Keycloak CI	Run /./.github/actions/status-check	2024-08-13T13:35:14.0105152Z Prepare all required actions
Status Check - Keycloak CI	Run /./.github/actions/status-check	2024-08-13T13:35:14.0202004Z ##[group]Run ./.github/actions/status-check
Status Check - Keycloak CI	Run /./.github/actions/status-check	2024-08-13T13:35:14.0202509Z with:
Status Check - Keycloak CI	Run /./.github/actions/status-check	2024-08-13T13:35:14.0207267Z   jobs: {
Status Check - Keycloak CI	Run /./.github/actions/status-check	  "conditional": {
Status Check - Keycloak CI	Run /./.github/actions/status-check	    "result": "success",
Status Check - Keycloak CI	Run /./.github/actions/status-check	    "outputs": {
Status Check - Keycloak CI	Run /./.github/actions/status-check	      "ci": "true",
Status Check - Keycloak CI	Run /./.github/actions/status-check	      "ci-aurora": "false",
Status Check - Keycloak CI	Run /./.github/actions/status-check	      "ci-quarkus": "true",
Status Check - Keycloak CI	Run /./.github/actions/status-check	      "ci-sssd": "false",
Status Check - Keycloak CI	Run /./.github/actions/status-check	      "ci-store": "true",
Status Check - Keycloak CI	Run /./.github/actions/status-check	      "ci-test-poc": "false",
Status Check - Keycloak CI	Run /./.github/actions/status-check	      "ci-webauthn": "true"
Status Check - Keycloak CI	Run /./.github/actions/status-check	    }
Status Check - Keycloak CI	Run /./.github/actions/status-check	  },
Status Check - Keycloak CI	Run /./.github/actions/status-check	  "build": {
Status Check - Keycloak CI	Run /./.github/actions/status-check	    "result": "success",
Status Check - Keycloak CI	Run /./.github/actions/status-check	    "outputs": {}
Status Check - Keycloak CI	Run /./.github/actions/status-check	  },
Status Check - Keycloak CI	Run /./.github/actions/status-check	  "unit-tests": {
Status Check - Keycloak CI	Run /./.github/actions/status-check	    "result": "success",
Status Check - Keycloak CI	Run /./.github/actions/status-check	    "outputs": {}
Status Check - Keycloak CI	Run /./.github/actions/status-check	  },
Status Check - Keycloak CI	Run /./.github/actions/status-check	  "base-integration-tests": {
Status Check - Keycloak CI	Run /./.github/actions/status-check	    "result": "failure",
Status Check - Keycloak CI	Run /./.github/actions/status-check	    "outputs": {}
Status Check - Keycloak CI	Run /./.github/actions/status-check	  },
Status Check - Keycloak CI	Run /./.github/actions/status-check	  "adapter-integration-tests": {
Status Check - Keycloak CI	Run /./.github/actions/status-check	    "result": "failure",
Status Check - Keycloak CI	Run /./.github/actions/status-check	    "outputs": {}
Status Check - Keycloak CI	Run /./.github/actions/status-check	  },
Status Check - Keycloak CI	Run /./.github/actions/status-check	  "quarkus-unit-tests": {
Status Check - Keycloak CI	Run /./.github/actions/status-check	    "result": "failure",
Status Check - Keycloak CI	Run /./.github/actions/status-check	    "outputs": {}
Status Check - Keycloak CI	Run /./.github/actions/status-check	  },
Status Check - Keycloak CI	Run /./.github/actions/status-check	  "quarkus-integration-tests": {
Status Check - Keycloak CI	Run /./.github/actions/status-check	    "result": "failure",
Status Check - Keycloak CI	Run /./.github/actions/status-check	    "outputs": {}
Status Check - Keycloak CI	Run /./.github/actions/status-check	  },
Status Check - Keycloak CI	Run /./.github/actions/status-check	  "jdk-integration-tests": {
Status Check - Keycloak CI	Run /./.github/actions/status-check	    "result": "failure",
Status Check - Keycloak CI	Run /./.github/actions/status-check	    "outputs": {}
Status Check - Keycloak CI	Run /./.github/actions/status-check	  },
Status Check - Keycloak CI	Run /./.github/actions/status-check	  "store-integration-tests": {
Status Check - Keycloak CI	Run /./.github/actions/status-check	    "result": "failure",
Status Check - Keycloak CI	Run /./.github/actions/status-check	    "outputs": {}
Status Check - Keycloak CI	Run /./.github/actions/status-check	  },
Status Check - Keycloak CI	Run /./.github/actions/status-check	  "persistent-sessions-tests": {
Status Check - Keycloak CI	Run /./.github/actions/status-check	    "result": "failure",
Status Check - Keycloak CI	Run /./.github/actions/status-check	    "outputs": {}
Status Check - Keycloak CI	Run /./.github/actions/status-check	  },
Status Check - Keycloak CI	Run /./.github/actions/status-check	  "store-model-tests": {
Status Check - Keycloak CI	Run /./.github/actions/status-check	    "result": "failure",
Status Check - Keycloak CI	Run /./.github/actions/status-check	    "outputs": {}
Status Check - Keycloak CI	Run /./.github/actions/status-check	  },
Status Check - Keycloak CI	Run /./.github/actions/status-check	  "clustering-integration-tests": {
Status Check - Keycloak CI	Run /./.github/actions/status-check	    "result": "success",
Status Check - Keycloak CI	Run /./.github/actions/status-check	    "outputs": {}
Status Check - Keycloak CI	Run /./.github/actions/status-check	  },
Status Check - Keycloak CI	Run /./.github/actions/status-check	  "fips-unit-tests": {
Status Check - Keycloak CI	Run /./.github/actions/status-check	    "result": "failure",
Status Check - Keycloak CI	Run /./.github/actions/status-check	    "outputs": {}
Status Check - Keycloak CI	Run /./.github/actions/status-check	  },
Status Check - Keycloak CI	Run /./.github/actions/status-check	  "fips-integration-tests": {
Status Check - Keycloak CI	Run /./.github/actions/status-check	    "result": "failure",
Status Check - Keycloak CI	Run /./.github/actions/status-check	    "outputs": {}
Status Check - Keycloak CI	Run /./.github/actions/status-check	  },
Status Check - Keycloak CI	Run /./.github/actions/status-check	  "forms-integration-tests": {
Status Check - Keycloak CI	Run /./.github/actions/status-check	    "result": "failure",
Status Check - Keycloak CI	Run /./.github/actions/status-check	    "outputs": {}
Status Check - Keycloak CI	Run /./.github/actions/status-check	  },
Status Check - Keycloak CI	Run /./.github/actions/status-check	  "webauthn-integration-tests": {
Status Check - Keycloak CI	Run /./.github/actions/status-check	    "result": "failure",
Status Check - Keycloak CI	Run /./.github/actions/status-check	    "outputs": {}
Status Check - Keycloak CI	Run /./.github/actions/status-check	  },
Status Check - Keycloak CI	Run /./.github/actions/status-check	  "sssd-unit-tests": {
Status Check - Keycloak CI	Run /./.github/actions/status-check	    "result": "skipped",
Status Check - Keycloak CI	Run /./.github/actions/status-check	    "outputs": {}
Status Check - Keycloak CI	Run /./.github/actions/status-check	  },
Status Check - Keycloak CI	Run /./.github/actions/status-check	  "migration-tests": {
Status Check - Keycloak CI	Run /./.github/actions/status-check	    "result": "failure",
Status Check - Keycloak CI	Run /./.github/actions/status-check	    "outputs": {}
Status Check - Keycloak CI	Run /./.github/actions/status-check	  },
Status Check - Keycloak CI	Run /./.github/actions/status-check	  "external-infinispan-tests": {
Status Check - Keycloak CI	Run /./.github/actions/status-check	    "result": "failure",
Status Check - Keycloak CI	Run /./.github/actions/status-check	    "outputs": {}
Status Check - Keycloak CI	Run /./.github/actions/status-check	  },
Status Check - Keycloak CI	Run /./.github/actions/status-check	  "test-poc": {
Status Check - Keycloak CI	Run /./.github/actions/status-check	    "result": "skipped",
Status Check - Keycloak CI	Run /./.github/actions/status-check	    "outputs": {}
Status Check - Keycloak CI	Run /./.github/actions/status-check	  }
Status Check - Keycloak CI	Run /./.github/actions/status-check	}
Status Check - Keycloak CI	Run /./.github/actions/status-check	2024-08-13T13:35:14.0212798Z env:
Status Check - Keycloak CI	Run /./.github/actions/status-check	2024-08-13T13:35:14.0213323Z   MAVEN_ARGS: -B -nsu -Daether.connector.http.connectionMaxTtl=25
Status Check - Keycloak CI	Run /./.github/actions/status-check	2024-08-13T13:35:14.0213878Z   SUREFIRE_RERUN_FAILING_COUNT: 2
Status Check - Keycloak CI	Run /./.github/actions/status-check	2024-08-13T13:35:14.0214372Z   SUREFIRE_RETRY: -Dsurefire.rerunFailingTestsCount=2
Status Check - Keycloak CI	Run /./.github/actions/status-check	2024-08-13T13:35:14.0214995Z ##[endgroup]
Status Check - Keycloak CI	Run /./.github/actions/status-check	2024-08-13T13:35:14.0487706Z ##[group]Run JOBS='{
Status Check - Keycloak CI	Run /./.github/actions/status-check	2024-08-13T13:35:14.0488259Z [36;1mJOBS='{[0m
Status Check - Keycloak CI	Run /./.github/actions/status-check	2024-08-13T13:35:14.0488790Z [36;1m  "conditional": {[0m
Status Check - Keycloak CI	Run /./.github/actions/status-check	2024-08-13T13:35:14.0489208Z [36;1m    "result": "success",[0m
Status Check - Keycloak CI	Run /./.github/actions/status-check	2024-08-13T13:35:14.0489589Z [36;1m    "outputs": {[0m
Status Check - Keycloak CI	Run /./.github/actions/status-check	2024-08-13T13:35:14.0490087Z [36;1m      "ci": "true",[0m
Status Check - Keycloak CI	Run /./.github/actions/status-check	2024-08-13T13:35:14.0490473Z [36;1m      "ci-aurora": "false",[0m
Status Check - Keycloak CI	Run /./.github/actions/status-check	2024-08-13T13:35:14.0490963Z [36;1m      "ci-quarkus": "true",[0m
Status Check - Keycloak CI	Run /./.github/actions/status-check	2024-08-13T13:35:14.0491372Z [36;1m      "ci-sssd": "false",[0m
Status Check - Keycloak CI	Run /./.github/actions/status-check	2024-08-13T13:35:14.0491844Z [36;1m      "ci-store": "true",[0m
Status Check - Keycloak CI	Run /./.github/actions/status-check	2024-08-13T13:35:14.0492350Z [36;1m      "ci-test-poc": "false",[0m
Status Check - Keycloak CI	Run /./.github/actions/status-check	2024-08-13T13:35:14.0492763Z [36;1m      "ci-webauthn": "true"[0m
Status Check - Keycloak CI	Run /./.github/actions/status-check	2024-08-13T13:35:14.0493151Z [36;1m    }[0m
Status Check - Keycloak CI	Run /./.github/actions/status-check	2024-08-13T13:35:14.0493541Z [36;1m  },[0m
Status Check - Keycloak CI	Run /./.github/actions/status-check	2024-08-13T13:35:14.0493838Z [36;1m  "build": {[0m
Status Check - Keycloak CI	Run /./.github/actions/status-check	2024-08-13T13:35:14.0494199Z [36;1m    "result": "success",[0m
Status Check - Keycloak CI	Run /./.github/actions/status-check	2024-08-13T13:35:14.0494685Z [36;1m    "outputs": {}[0m
Status Check - Keycloak CI	Run /./.github/actions/status-check	2024-08-13T13:35:14.0495000Z [36;1m  },[0m
Status Check - Keycloak CI	Run /./.github/actions/status-check	2024-08-13T13:35:14.0495314Z [36;1m  "unit-tests": {[0m
Status Check - Keycloak CI	Run /./.github/actions/status-check	2024-08-13T13:35:14.0495777Z [36;1m    "result": "success",[0m
Status Check - Keycloak CI	Run /./.github/actions/status-check	2024-08-13T13:35:14.0496129Z [36;1m    "outputs": {}[0m
Status Check - Keycloak CI	Run /./.github/actions/status-check	2024-08-13T13:35:14.0496538Z [36;1m  },[0m
Status Check - Keycloak CI	Run /./.github/actions/status-check	2024-08-13T13:35:14.0496978Z [36;1m  "base-integration-tests": {[0m
Status Check - Keycloak CI	Run /./.github/actions/status-check	2024-08-13T13:35:14.0497364Z [36;1m    "result": "failure",[0m
Status Check - Keycloak CI	Run /./.github/actions/status-check	2024-08-13T13:35:14.0497746Z [36;1m    "outputs": {}[0m
Status Check - Keycloak CI	Run /./.github/actions/status-check	2024-08-13T13:35:14.0498444Z [36;1m  },[0m
Status Check - Keycloak CI	Run /./.github/actions/status-check	2024-08-13T13:35:14.0498768Z [36;1m  "adapter-integration-tests": {[0m
Status Check - Keycloak CI	Run /./.github/actions/status-check	2024-08-13T13:35:14.0499218Z [36;1m    "result": "failure",[0m
Status Check - Keycloak CI	Run /./.github/actions/status-check	2024-08-13T13:35:14.0499681Z [36;1m    "outputs": {}[0m
Status Check - Keycloak CI	Run /./.github/actions/status-check	2024-08-13T13:35:14.0499995Z [36;1m  },[0m
Status Check - Keycloak CI	Run /./.github/actions/status-check	2024-08-13T13:35:14.0500335Z [36;1m  "quarkus-unit-tests": {[0m
Status Check - Keycloak CI	Run /./.github/actions/status-check	2024-08-13T13:35:14.0500820Z [36;1m    "result": "failure",[0m
Status Check - Keycloak CI	Run /./.github/actions/status-check	2024-08-13T13:35:14.0501468Z [36;1m    "outputs": {}[0m
Status Check - Keycloak CI	Run /./.github/actions/status-check	2024-08-13T13:35:14.0501835Z [36;1m  },[0m
Status Check - Keycloak CI	Run /./.github/actions/status-check	2024-08-13T13:35:14.0502277Z [36;1m  "quarkus-integration-tests": {[0m
Status Check - Keycloak CI	Run /./.github/actions/status-check	2024-08-13T13:35:14.0502680Z [36;1m    "result": "failure",[0m
Status Check - Keycloak CI	Run /./.github/actions/status-check	2024-08-13T13:35:14.0503082Z [36;1m    "outputs": {}[0m
Status Check - Keycloak CI	Run /./.github/actions/status-check	2024-08-13T13:35:14.0503503Z [36;1m  },[0m
Status Check - Keycloak CI	Run /./.github/actions/status-check	2024-08-13T13:35:14.0503819Z [36;1m  "jdk-integration-tests": {[0m
Status Check - Keycloak CI	Run /./.github/actions/status-check	2024-08-13T13:35:14.0504234Z [36;1m    "result": "failure",[0m
Status Check - Keycloak CI	Run /./.github/actions/status-check	2024-08-13T13:35:14.0504714Z [36;1m    "outputs": {}[0m
Status Check - Keycloak CI	Run /./.github/actions/status-check	2024-08-13T13:35:14.0505045Z [36;1m  },[0m
Status Check - Keycloak CI	Run /./.github/actions/status-check	2024-08-13T13:35:14.0505387Z [36;1m  "store-integration-tests": {[0m
Status Check - Keycloak CI	Run /./.github/actions/status-check	2024-08-13T13:35:14.0505953Z [36;1m    "result": "failure",[0m
Status Check - Keycloak CI	Run /./.github/actions/status-check	2024-08-13T13:35:14.0506328Z [36;1m    "outputs": {}[0m
Status Check - Keycloak CI	Run /./.github/actions/status-check	2024-08-13T13:35:14.0506676Z [36;1m  },[0m
Status Check - Keycloak CI	Run /./.github/actions/status-check	2024-08-13T13:35:14.0507115Z [36;1m  "persistent-sessions-tests": {[0m
Status Check - Keycloak CI	Run /./.github/actions/status-check	2024-08-13T13:35:14.0507534Z [36;1m    "result": "failure",[0m
Status Check - Keycloak CI	Run /./.github/actions/status-check	2024-08-13T13:35:14.0507919Z [36;1m    "outputs": {}[0m
Status Check - Keycloak CI	Run /./.github/actions/status-check	2024-08-13T13:35:14.0508366Z [36;1m  },[0m
Status Check - Keycloak CI	Run /./.github/actions/status-check	2024-08-13T13:35:14.0508664Z [36;1m  "store-model-tests": {[0m
Status Check - Keycloak CI	Run /./.github/actions/status-check	2024-08-13T13:35:14.0509066Z [36;1m    "result": "failure",[0m
Status Check - Keycloak CI	Run /./.github/actions/status-check	2024-08-13T13:35:14.0509549Z [36;1m    "outputs": {}[0m
Status Check - Keycloak CI	Run /./.github/actions/status-check	2024-08-13T13:35:14.0509867Z [36;1m  },[0m
Status Check - Keycloak CI	Run /./.github/actions/status-check	2024-08-13T13:35:14.0510231Z [36;1m  "clustering-integration-tests": {[0m
Status Check - Keycloak CI	Run /./.github/actions/status-check	2024-08-13T13:35:14.0510855Z [36;1m    "result": "success",[0m
Status Check - Keycloak CI	Run /./.github/actions/status-check	2024-08-13T13:35:14.0511216Z [36;1m    "outputs": {}[0m
Status Check - Keycloak CI	Run /./.github/actions/status-check	2024-08-13T13:35:14.0511650Z [36;1m  },[0m
Status Check - Keycloak CI	Run /./.github/actions/status-check	2024-08-13T13:35:14.0512087Z [36;1m  "fips-unit-tests": {[0m
Status Check - Keycloak CI	Run /./.github/actions/status-check	2024-08-13T13:35:14.0512485Z [36;1m    "result": "failure",[0m
Status Check - Keycloak CI	Run /./.github/actions/status-check	2024-08-13T13:35:14.0512842Z [36;1m    "outputs": {}[0m
Status Check - Keycloak CI	Run /./.github/actions/status-check	2024-08-13T13:35:14.0513297Z [36;1m  },[0m
Status Check - Keycloak CI	Run /./.github/actions/status-check	2024-08-13T13:35:14.0513650Z [36;1m  "fips-integration-tests": {[0m
Status Check - Keycloak CI	Run /./.github/actions/status-check	2024-08-13T13:35:14.0514357Z [36;1m    "result": "failure",[0m
Status Check - Keycloak CI	Run /./.github/actions/status-check	2024-08-13T13:35:14.0514897Z [36;1m    "outputs": {}[0m
Status Check - Keycloak CI	Run /./.github/actions/status-check	2024-08-13T13:35:14.0515258Z [36;1m  },[0m
Status Check - Keycloak CI	Run /./.github/actions/status-check	2024-08-13T13:35:14.0515581Z [36;1m  "forms-integration-tests": {[0m
Status Check - Keycloak CI	Run /./.github/actions/status-check	2024-08-13T13:35:14.0516130Z [36;1m    "result": "failure",[0m
Status Check - Keycloak CI	Run /./.github/actions/status-check	2024-08-13T13:35:14.0516519Z [36;1m    "outputs": {}[0m
Status Check - Keycloak CI	Run /./.github/actions/status-check	2024-08-13T13:35:14.0516842Z [36;1m  },[0m
Status Check - Keycloak CI	Run /./.github/actions/status-check	2024-08-13T13:35:14.0517298Z [36;1m  "webauthn-integration-tests": {[0m
Status Check - Keycloak CI	Run /./.github/actions/status-check	2024-08-13T13:35:14.0517738Z [36;1m    "result": "failure",[0m
Status Check - Keycloak CI	Run /./.github/actions/status-check	2024-08-13T13:35:14.0518099Z [36;1m    "outputs": {}[0m
Status Check - Keycloak CI	Run /./.github/actions/status-check	2024-08-13T13:35:14.0518529Z [36;1m  },[0m
Status Check - Keycloak CI	Run /./.github/actions/status-check	2024-08-13T13:35:14.0518855Z [36;1m  "sssd-unit-tests": {[0m
Status Check - Keycloak CI	Run /./.github/actions/status-check	2024-08-13T13:35:14.0519222Z [36;1m    "result": "skipped",[0m
Status Check - Keycloak CI	Run /./.github/actions/status-check	2024-08-13T13:35:14.0519682Z [36;1m    "outputs": {}[0m
Status Check - Keycloak CI	Run /./.github/actions/status-check	2024-08-13T13:35:14.0520045Z [36;1m  },[0m
Status Check - Keycloak CI	Run /./.github/actions/status-check	2024-08-13T13:35:14.0520323Z [36;1m  "migration-tests": {[0m
Status Check - Keycloak CI	Run /./.github/actions/status-check	2024-08-13T13:35:14.0520815Z [36;1m    "result": "failure",[0m
Status Check - Keycloak CI	Run /./.github/actions/status-check	2024-08-13T13:35:14.0521213Z [36;1m    "outputs": {}[0m
Status Check - Keycloak CI	Run /./.github/actions/status-check	2024-08-13T13:35:14.0521518Z [36;1m  },[0m
Status Check - Keycloak CI	Run /./.github/actions/status-check	2024-08-13T13:35:14.0521933Z [36;1m  "external-infinispan-tests": {[0m
Status Check - Keycloak CI	Run /./.github/actions/status-check	2024-08-13T13:35:14.0522379Z [36;1m    "result": "failure",[0m
Status Check - Keycloak CI	Run /./.github/actions/status-check	2024-08-13T13:35:14.0522723Z [36;1m    "outputs": {}[0m
Status Check - Keycloak CI	Run /./.github/actions/status-check	2024-08-13T13:35:14.0523148Z [36;1m  },[0m
Status Check - Keycloak CI	Run /./.github/actions/status-check	2024-08-13T13:35:14.0523481Z [36;1m  "test-poc": {[0m
Status Check - Keycloak CI	Run /./.github/actions/status-check	2024-08-13T13:35:14.0523801Z [36;1m    "result": "skipped",[0m
Status Check - Keycloak CI	Run /./.github/actions/status-check	2024-08-13T13:35:14.0524262Z [36;1m    "outputs": {}[0m
Status Check - Keycloak CI	Run /./.github/actions/status-check	2024-08-13T13:35:14.0524672Z [36;1m  }[0m
Status Check - Keycloak CI	Run /./.github/actions/status-check	2024-08-13T13:35:14.0524941Z [36;1m}'[0m
Status Check - Keycloak CI	Run /./.github/actions/status-check	2024-08-13T13:35:14.0525348Z [36;1m[0m
Status Check - Keycloak CI	Run /./.github/actions/status-check	2024-08-13T13:35:14.0525677Z [36;1mecho "Job status:"[0m
Status Check - Keycloak CI	Run /./.github/actions/status-check	2024-08-13T13:35:14.0526174Z [36;1mecho $JOBS | jq -r 'to_entries[] | " - \(.key): \(.value.result)"'[0m
Status Check - Keycloak CI	Run /./.github/actions/status-check	2024-08-13T13:35:14.0527024Z [36;1m[0m
Status Check - Keycloak CI	Run /./.github/actions/status-check	2024-08-13T13:35:14.0527485Z [36;1mfor i in $(echo $JOBS | jq -r 'to_entries[] | .value.result'); do[0m
Status Check - Keycloak CI	Run /./.github/actions/status-check	2024-08-13T13:35:14.0528118Z [36;1m  if [ "$i" != "success" ] && [ "$i" != "skipped" ]; then[0m
Status Check - Keycloak CI	Run /./.github/actions/status-check	2024-08-13T13:35:14.0528740Z [36;1m    echo ""[0m
Status Check - Keycloak CI	Run /./.github/actions/status-check	2024-08-13T13:35:14.0529113Z [36;1m    echo "Status check not okay!"[0m
Status Check - Keycloak CI	Run /./.github/actions/status-check	2024-08-13T13:35:14.0529548Z [36;1m    exit 1[0m
Status Check - Keycloak CI	Run /./.github/actions/status-check	2024-08-13T13:35:14.0529920Z [36;1m  fi[0m
Status Check - Keycloak CI	Run /./.github/actions/status-check	2024-08-13T13:35:14.0530436Z [36;1mdone[0m
Status Check - Keycloak CI	Run /./.github/actions/status-check	2024-08-13T13:35:14.0740756Z shell: /usr/bin/bash --noprofile --norc -e -o pipefail {0}
Status Check - Keycloak CI	Run /./.github/actions/status-check	2024-08-13T13:35:14.0741708Z env:
Status Check - Keycloak CI	Run /./.github/actions/status-check	2024-08-13T13:35:14.0742692Z   MAVEN_ARGS: -B -nsu -Daether.connector.http.connectionMaxTtl=25
Status Check - Keycloak CI	Run /./.github/actions/status-check	2024-08-13T13:35:14.0743748Z   SUREFIRE_RERUN_FAILING_COUNT: 2
Status Check - Keycloak CI	Run /./.github/actions/status-check	2024-08-13T13:35:14.0744515Z   SUREFIRE_RETRY: -Dsurefire.rerunFailingTestsCount=2
Status Check - Keycloak CI	Run /./.github/actions/status-check	2024-08-13T13:35:14.0745457Z ##[endgroup]
Status Check - Keycloak CI	Run /./.github/actions/status-check	2024-08-13T13:35:14.0900524Z Job status:
Status Check - Keycloak CI	Run /./.github/actions/status-check	2024-08-13T13:35:14.1124328Z  - conditional: success
Status Check - Keycloak CI	Run /./.github/actions/status-check	2024-08-13T13:35:14.1124993Z  - build: success
Status Check - Keycloak CI	Run /./.github/actions/status-check	2024-08-13T13:35:14.1125740Z  - unit-tests: success
Status Check - Keycloak CI	Run /./.github/actions/status-check	2024-08-13T13:35:14.1126217Z  - base-integration-tests: failure
Status Check - Keycloak CI	Run /./.github/actions/status-check	2024-08-13T13:35:14.1126706Z  - adapter-integration-tests: failure
Status Check - Keycloak CI	Run /./.github/actions/status-check	2024-08-13T13:35:14.1127224Z  - quarkus-unit-tests: failure
Status Check - Keycloak CI	Run /./.github/actions/status-check	2024-08-13T13:35:14.1127676Z  - quarkus-integration-tests: failure
Status Check - Keycloak CI	Run /./.github/actions/status-check	2024-08-13T13:35:14.1128155Z  - jdk-integration-tests: failure
Status Check - Keycloak CI	Run /./.github/actions/status-check	2024-08-13T13:35:14.1128650Z  - store-integration-tests: failure
Status Check - Keycloak CI	Run /./.github/actions/status-check	2024-08-13T13:35:14.1129129Z  - persistent-sessions-tests: failure
Status Check - Keycloak CI	Run /./.github/actions/status-check	2024-08-13T13:35:14.1129592Z  - store-model-tests: failure
Status Check - Keycloak CI	Run /./.github/actions/status-check	2024-08-13T13:35:14.1130114Z  - clustering-integration-tests: success
Status Check - Keycloak CI	Run /./.github/actions/status-check	2024-08-13T13:35:14.1130580Z  - fips-unit-tests: failure
Status Check - Keycloak CI	Run /./.github/actions/status-check	2024-08-13T13:35:14.1131017Z  - fips-integration-tests: failure
Status Check - Keycloak CI	Run /./.github/actions/status-check	2024-08-13T13:35:14.1131776Z  - forms-integration-tests: failure
Status Check - Keycloak CI	Run /./.github/actions/status-check	2024-08-13T13:35:14.1132569Z  - webauthn-integration-tests: failure
Status Check - Keycloak CI	Run /./.github/actions/status-check	2024-08-13T13:35:14.1133338Z  - sssd-unit-tests: skipped
Status Check - Keycloak CI	Run /./.github/actions/status-check	2024-08-13T13:35:14.1134095Z  - migration-tests: failure
Status Check - Keycloak CI	Run /./.github/actions/status-check	2024-08-13T13:35:14.1134748Z  - external-infinispan-tests: failure
Status Check - Keycloak CI	Run /./.github/actions/status-check	2024-08-13T13:35:14.1135222Z  - test-poc: skipped
Status Check - Keycloak CI	Run /./.github/actions/status-check	2024-08-13T13:35:14.1335065Z 
Status Check - Keycloak CI	Run /./.github/actions/status-check	2024-08-13T13:35:14.1336701Z Status check not okay!
Status Check - Keycloak CI	Run /./.github/actions/status-check	2024-08-13T13:35:14.1348657Z ##[error]Process completed with exit code 1.
