Test OLM installation	UNKNOWN STEP	ï»¿2025-06-03T10:47:52.5754669Z Current runner version: '2.324.0'
Test OLM installation	UNKNOWN STEP	2025-06-03T10:47:52.5787753Z ##[group]Runner Image Provisioner
Test OLM installation	UNKNOWN STEP	2025-06-03T10:47:52.5789118Z Hosted Compute Agent
Test OLM installation	UNKNOWN STEP	2025-06-03T10:47:52.5790201Z Version: 20250508.323
Test OLM installation	UNKNOWN STEP	2025-06-03T10:47:52.5791137Z Commit: 81b259f29879f73b4213d199e42d8c3465dae986
Test OLM installation	UNKNOWN STEP	2025-06-03T10:47:52.5792364Z Build Date: 2025-05-08T19:40:08Z
Test OLM installation	UNKNOWN STEP	2025-06-03T10:47:52.5793448Z ##[endgroup]
Test OLM installation	UNKNOWN STEP	2025-06-03T10:47:52.5794434Z ##[group]Operating System
Test OLM installation	UNKNOWN STEP	2025-06-03T10:47:52.5795565Z Ubuntu
Test OLM installation	UNKNOWN STEP	2025-06-03T10:47:52.5796316Z 24.04.2
Test OLM installation	UNKNOWN STEP	2025-06-03T10:47:52.5797051Z LTS
Test OLM installation	UNKNOWN STEP	2025-06-03T10:47:52.5797850Z ##[endgroup]
Test OLM installation	UNKNOWN STEP	2025-06-03T10:47:52.5798739Z ##[group]Runner Image
Test OLM installation	UNKNOWN STEP	2025-06-03T10:47:52.5799855Z Image: ubuntu-24.04
Test OLM installation	UNKNOWN STEP	2025-06-03T10:47:52.5800820Z Version: 20250511.1.0
Test OLM installation	UNKNOWN STEP	2025-06-03T10:47:52.5802443Z Included Software: https://github.com/actions/runner-images/blob/ubuntu24/20250511.1/images/ubuntu/Ubuntu2404-Readme.md
Test OLM installation	UNKNOWN STEP	2025-06-03T10:47:52.5804844Z Image Release: https://github.com/actions/runner-images/releases/tag/ubuntu24%2F20250511.1
Test OLM installation	UNKNOWN STEP	2025-06-03T10:47:52.5806481Z ##[endgroup]
Test OLM installation	UNKNOWN STEP	2025-06-03T10:47:52.5808024Z ##[group]GITHUB_TOKEN Permissions
Test OLM installation	UNKNOWN STEP	2025-06-03T10:47:52.5811018Z Contents: read
Test OLM installation	UNKNOWN STEP	2025-06-03T10:47:52.5811824Z Metadata: read
Test OLM installation	UNKNOWN STEP	2025-06-03T10:47:52.5812510Z ##[endgroup]
Test OLM installation	UNKNOWN STEP	2025-06-03T10:47:52.5815286Z Secret source: None
Test OLM installation	UNKNOWN STEP	2025-06-03T10:47:52.5816315Z Prepare workflow directory
Test OLM installation	UNKNOWN STEP	2025-06-03T10:47:52.6293524Z Prepare all required actions
Test OLM installation	UNKNOWN STEP	2025-06-03T10:47:52.6347919Z Getting action download info
Test OLM installation	UNKNOWN STEP	2025-06-03T10:47:53.0733366Z ##[group]Download immutable action package 'actions/checkout@v4'
Test OLM installation	UNKNOWN STEP	2025-06-03T10:47:53.0734448Z Version: 4.2.2
Test OLM installation	UNKNOWN STEP	2025-06-03T10:47:53.0735597Z Digest: sha256:ccb2698953eaebd21c7bf6268a94f9c26518a7e38e27e0b83c1fe1ad049819b1
Test OLM installation	UNKNOWN STEP	2025-06-03T10:47:53.0736806Z Source commit SHA: 11bd71901bbe5b1630ceea73d27597364c9af683
Test OLM installation	UNKNOWN STEP	2025-06-03T10:47:53.0737559Z ##[endgroup]
Test OLM installation	UNKNOWN STEP	2025-06-03T10:47:53.1471014Z Download action repository 'manusa/actions-setup-minikube@v2.13.1' (SHA:5d9440a1b535e8b4f541eaac559681a9022df29d)
Test OLM installation	UNKNOWN STEP	2025-06-03T10:47:53.8967209Z Download action repository 'redhat-actions/openshift-tools-installer@v1' (SHA:144527c7d98999f2652264c048c7a9bd103f8a82)
Test OLM installation	UNKNOWN STEP	2025-06-03T10:47:54.4398815Z ##[group]Download immutable action package 'actions/download-artifact@v4'
Test OLM installation	UNKNOWN STEP	2025-06-03T10:47:54.4400262Z Version: 4.3.0
Test OLM installation	UNKNOWN STEP	2025-06-03T10:47:54.4401314Z Digest: sha256:552a5b9ad918f62ec0c2e8f42f3c694d4ebd1b4036b18c39b14168fcdfc0e4f2
Test OLM installation	UNKNOWN STEP	2025-06-03T10:47:54.4402774Z Source commit SHA: d3f86a106a0bac45b974a628896c90dbdf5c8093
Test OLM installation	UNKNOWN STEP	2025-06-03T10:47:54.4403807Z ##[endgroup]
Test OLM installation	UNKNOWN STEP	2025-06-03T10:47:54.8495737Z Complete job name: Test OLM installation
Test OLM installation	UNKNOWN STEP	2025-06-03T10:47:54.9302030Z ##[group]Run actions/checkout@v4
Test OLM installation	UNKNOWN STEP	2025-06-03T10:47:54.9303235Z with:
Test OLM installation	UNKNOWN STEP	2025-06-03T10:47:54.9303939Z   repository: keycloak/keycloak
Test OLM installation	UNKNOWN STEP	2025-06-03T10:47:54.9305060Z   token: ***
Test OLM installation	UNKNOWN STEP	2025-06-03T10:47:54.9305745Z   ssh-strict: true
Test OLM installation	UNKNOWN STEP	2025-06-03T10:47:54.9306454Z   ssh-user: git
Test OLM installation	UNKNOWN STEP	2025-06-03T10:47:54.9307183Z   persist-credentials: true
Test OLM installation	UNKNOWN STEP	2025-06-03T10:47:54.9308003Z   clean: true
Test OLM installation	UNKNOWN STEP	2025-06-03T10:47:54.9308754Z   sparse-checkout-cone-mode: true
Test OLM installation	UNKNOWN STEP	2025-06-03T10:47:54.9309810Z   fetch-depth: 1
Test OLM installation	UNKNOWN STEP	2025-06-03T10:47:54.9310550Z   fetch-tags: false
Test OLM installation	UNKNOWN STEP	2025-06-03T10:47:54.9311279Z   show-progress: true
Test OLM installation	UNKNOWN STEP	2025-06-03T10:47:54.9312006Z   lfs: false
Test OLM installation	UNKNOWN STEP	2025-06-03T10:47:54.9312675Z   submodules: false
Test OLM installation	UNKNOWN STEP	2025-06-03T10:47:54.9313409Z   set-safe-directory: true
Test OLM installation	UNKNOWN STEP	2025-06-03T10:47:54.9314442Z env:
Test OLM installation	UNKNOWN STEP	2025-06-03T10:47:54.9315402Z   MAVEN_ARGS: -B -nsu -Daether.connector.http.connectionMaxTtl=25
Test OLM installation	UNKNOWN STEP	2025-06-03T10:47:54.9316647Z   MINIKUBE_VERSION: v1.32.0
Test OLM installation	UNKNOWN STEP	2025-06-03T10:47:54.9317498Z   KUBERNETES_VERSION: v1.27.10
Test OLM installation	UNKNOWN STEP	2025-06-03T10:47:54.9318476Z   MINIKUBE_MEMORY: 4096
Test OLM installation	UNKNOWN STEP	2025-06-03T10:47:54.9319294Z ##[endgroup]
Test OLM installation	UNKNOWN STEP	2025-06-03T10:47:55.0378361Z Syncing repository: keycloak/keycloak
Test OLM installation	UNKNOWN STEP	2025-06-03T10:47:55.0381124Z ##[group]Getting Git version info
Test OLM installation	UNKNOWN STEP	2025-06-03T10:47:55.0382520Z Working directory is '/home/runner/work/keycloak/keycloak'
Test OLM installation	UNKNOWN STEP	2025-06-03T10:47:55.0384381Z [command]/usr/bin/git version
Test OLM installation	UNKNOWN STEP	2025-06-03T10:47:55.0437679Z git version 2.49.0
Test OLM installation	UNKNOWN STEP	2025-06-03T10:47:55.0463375Z ##[endgroup]
Test OLM installation	UNKNOWN STEP	2025-06-03T10:47:55.0477430Z Temporarily overriding HOME='/home/runner/work/_temp/ecbf020e-292b-41fe-b00d-8d1b797bbe49' before making global git config changes
Test OLM installation	UNKNOWN STEP	2025-06-03T10:47:55.0480778Z Adding repository directory to the temporary git global config as a safe directory
Test OLM installation	UNKNOWN STEP	2025-06-03T10:47:55.0483418Z [command]/usr/bin/git config --global --add safe.directory /home/runner/work/keycloak/keycloak
Test OLM installation	UNKNOWN STEP	2025-06-03T10:47:55.0517173Z Deleting the contents of '/home/runner/work/keycloak/keycloak'
Test OLM installation	UNKNOWN STEP	2025-06-03T10:47:55.0520949Z ##[group]Initializing the repository
Test OLM installation	UNKNOWN STEP	2025-06-03T10:47:55.0524673Z [command]/usr/bin/git init /home/runner/work/keycloak/keycloak
Test OLM installation	UNKNOWN STEP	2025-06-03T10:47:55.0610299Z hint: Using 'master' as the name for the initial branch. This default branch name
Test OLM installation	UNKNOWN STEP	2025-06-03T10:47:55.0613338Z hint: is subject to change. To configure the initial branch name to use in all
Test OLM installation	UNKNOWN STEP	2025-06-03T10:47:55.0616157Z hint: of your new repositories, which will suppress this warning, call:
Test OLM installation	UNKNOWN STEP	2025-06-03T10:47:55.0617895Z hint:
Test OLM installation	UNKNOWN STEP	2025-06-03T10:47:55.0618789Z hint: 	git config --global init.defaultBranch <name>
Test OLM installation	UNKNOWN STEP	2025-06-03T10:47:55.0620473Z hint:
Test OLM installation	UNKNOWN STEP	2025-06-03T10:47:55.0622034Z hint: Names commonly chosen instead of 'master' are 'main', 'trunk' and
Test OLM installation	UNKNOWN STEP	2025-06-03T10:47:55.0623904Z hint: 'development'. The just-created branch can be renamed via this command:
Test OLM installation	UNKNOWN STEP	2025-06-03T10:47:55.0625264Z hint:
Test OLM installation	UNKNOWN STEP	2025-06-03T10:47:55.0626058Z hint: 	git branch -m <name>
Test OLM installation	UNKNOWN STEP	2025-06-03T10:47:55.0627853Z Initialized empty Git repository in /home/runner/work/keycloak/keycloak/.git/
Test OLM installation	UNKNOWN STEP	2025-06-03T10:47:55.0631351Z [command]/usr/bin/git remote add origin https://github.com/keycloak/keycloak
Test OLM installation	UNKNOWN STEP	2025-06-03T10:47:55.0667144Z ##[endgroup]
Test OLM installation	UNKNOWN STEP	2025-06-03T10:47:55.0668605Z ##[group]Disabling automatic garbage collection
Test OLM installation	UNKNOWN STEP	2025-06-03T10:47:55.0670336Z [command]/usr/bin/git config --local gc.auto 0
Test OLM installation	UNKNOWN STEP	2025-06-03T10:47:55.0698320Z ##[endgroup]
Test OLM installation	UNKNOWN STEP	2025-06-03T10:47:55.0699860Z ##[group]Setting up auth
Test OLM installation	UNKNOWN STEP	2025-06-03T10:47:55.0704443Z [command]/usr/bin/git config --local --name-only --get-regexp core\.sshCommand
Test OLM installation	UNKNOWN STEP	2025-06-03T10:47:55.0733942Z [command]/usr/bin/git submodule foreach --recursive sh -c "git config --local --name-only --get-regexp 'core\.sshCommand' && git config --local --unset-all 'core.sshCommand' || :"
Test OLM installation	UNKNOWN STEP	2025-06-03T10:47:55.1029954Z [command]/usr/bin/git config --local --name-only --get-regexp http\.https\:\/\/github\.com\/\.extraheader
Test OLM installation	UNKNOWN STEP	2025-06-03T10:47:55.1061249Z [command]/usr/bin/git submodule foreach --recursive sh -c "git config --local --name-only --get-regexp 'http\.https\:\/\/github\.com\/\.extraheader' && git config --local --unset-all 'http.https://github.com/.extraheader' || :"
Test OLM installation	UNKNOWN STEP	2025-06-03T10:47:55.1278928Z [command]/usr/bin/git config --local http.https://github.com/.extraheader AUTHORIZATION: basic ***
Test OLM installation	UNKNOWN STEP	2025-06-03T10:47:55.1320226Z ##[endgroup]
Test OLM installation	UNKNOWN STEP	2025-06-03T10:47:55.1321672Z ##[group]Fetching the repository
Test OLM installation	UNKNOWN STEP	2025-06-03T10:47:55.1330968Z [command]/usr/bin/git -c protocol.version=2 fetch --no-tags --prune --no-recurse-submodules --depth=1 origin +fdb3802fe31945de900a3aed1335c482314feb39:refs/remotes/pull/40176/merge
Test OLM installation	UNKNOWN STEP	2025-06-03T10:47:57.3663607Z From https://github.com/keycloak/keycloak
Test OLM installation	UNKNOWN STEP	2025-06-03T10:47:57.3665390Z  * [new ref]         fdb3802fe31945de900a3aed1335c482314feb39 -> pull/40176/merge
Test OLM installation	UNKNOWN STEP	2025-06-03T10:47:57.3716512Z ##[endgroup]
Test OLM installation	UNKNOWN STEP	2025-06-03T10:47:57.3716964Z ##[group]Determining the checkout info
Test OLM installation	UNKNOWN STEP	2025-06-03T10:47:57.3718232Z ##[endgroup]
Test OLM installation	UNKNOWN STEP	2025-06-03T10:47:57.3723641Z [command]/usr/bin/git sparse-checkout disable
Test OLM installation	UNKNOWN STEP	2025-06-03T10:47:57.3764874Z [command]/usr/bin/git config --local --unset-all extensions.worktreeConfig
Test OLM installation	UNKNOWN STEP	2025-06-03T10:47:57.3791435Z ##[group]Checking out the ref
Test OLM installation	UNKNOWN STEP	2025-06-03T10:47:57.3794944Z [command]/usr/bin/git checkout --progress --force refs/remotes/pull/40176/merge
Test OLM installation	UNKNOWN STEP	2025-06-03T10:47:58.1505095Z Note: switching to 'refs/remotes/pull/40176/merge'.
Test OLM installation	UNKNOWN STEP	2025-06-03T10:47:58.1505640Z 
Test OLM installation	UNKNOWN STEP	2025-06-03T10:47:58.1505989Z You are in 'detached HEAD' state. You can look around, make experimental
Test OLM installation	UNKNOWN STEP	2025-06-03T10:47:58.1506753Z changes and commit them, and you can discard any commits you make in this
Test OLM installation	UNKNOWN STEP	2025-06-03T10:47:58.1507495Z state without impacting any branches by switching back to a branch.
Test OLM installation	UNKNOWN STEP	2025-06-03T10:47:58.1509581Z 
Test OLM installation	UNKNOWN STEP	2025-06-03T10:47:58.1510167Z If you want to create a new branch to retain commits you create, you may
Test OLM installation	UNKNOWN STEP	2025-06-03T10:47:58.1510928Z do so (now or later) by using -c with the switch command. Example:
Test OLM installation	UNKNOWN STEP	2025-06-03T10:47:58.1511360Z 
Test OLM installation	UNKNOWN STEP	2025-06-03T10:47:58.1511549Z   git switch -c <new-branch-name>
Test OLM installation	UNKNOWN STEP	2025-06-03T10:47:58.1511855Z 
Test OLM installation	UNKNOWN STEP	2025-06-03T10:47:58.1512038Z Or undo this operation with:
Test OLM installation	UNKNOWN STEP	2025-06-03T10:47:58.1512317Z 
Test OLM installation	UNKNOWN STEP	2025-06-03T10:47:58.1512480Z   git switch -
Test OLM installation	UNKNOWN STEP	2025-06-03T10:47:58.1512751Z 
Test OLM installation	UNKNOWN STEP	2025-06-03T10:47:58.1513128Z Turn off this advice by setting config variable advice.detachedHead to false
Test OLM installation	UNKNOWN STEP	2025-06-03T10:47:58.1513688Z 
Test OLM installation	UNKNOWN STEP	2025-06-03T10:47:58.1514225Z HEAD is now at fdb3802 Merge deb09147229113db3dfc7e38bd27465903914708 into 202e9e8479b92a9594858ef3be0763f7b6d29a5f
Test OLM installation	UNKNOWN STEP	2025-06-03T10:47:58.1539342Z ##[endgroup]
Test OLM installation	UNKNOWN STEP	2025-06-03T10:47:58.1578243Z [command]/usr/bin/git log -1 --format=%H
Test OLM installation	UNKNOWN STEP	2025-06-03T10:47:58.1600398Z fdb3802fe31945de900a3aed1335c482314feb39
Test OLM installation	UNKNOWN STEP	2025-06-03T10:47:58.1827307Z Prepare all required actions
Test OLM installation	UNKNOWN STEP	2025-06-03T10:47:58.1827763Z Getting action download info
Test OLM installation	UNKNOWN STEP	2025-06-03T10:47:58.2963240Z ##[group]Download immutable action package 'actions/setup-java@v4'
Test OLM installation	UNKNOWN STEP	2025-06-03T10:47:58.2963809Z Version: 4.7.1
Test OLM installation	UNKNOWN STEP	2025-06-03T10:47:58.2964239Z Digest: sha256:23223d64943473efb4336f60463c0429cd4f422cd5fc6c48a5cf0d5907c1aeac
Test OLM installation	UNKNOWN STEP	2025-06-03T10:47:58.2964840Z Source commit SHA: c5195efecf7bdfc987ee8bae7a71cb8b11521c00
Test OLM installation	UNKNOWN STEP	2025-06-03T10:47:58.2965243Z ##[endgroup]
Test OLM installation	UNKNOWN STEP	2025-06-03T10:47:58.7966496Z ##[group]Run ./.github/actions/java-setup
Test OLM installation	UNKNOWN STEP	2025-06-03T10:47:58.7966776Z with:
Test OLM installation	UNKNOWN STEP	2025-06-03T10:47:58.7966952Z   distribution: temurin
Test OLM installation	UNKNOWN STEP	2025-06-03T10:47:58.7967155Z   java-version: 21
Test OLM installation	UNKNOWN STEP	2025-06-03T10:47:58.7967329Z env:
Test OLM installation	UNKNOWN STEP	2025-06-03T10:47:58.7967589Z   MAVEN_ARGS: -B -nsu -Daether.connector.http.connectionMaxTtl=25
Test OLM installation	UNKNOWN STEP	2025-06-03T10:47:58.7967914Z   MINIKUBE_VERSION: v1.32.0
Test OLM installation	UNKNOWN STEP	2025-06-03T10:47:58.7968142Z   KUBERNETES_VERSION: v1.27.10
Test OLM installation	UNKNOWN STEP	2025-06-03T10:47:58.7968361Z   MINIKUBE_MEMORY: 4096
Test OLM installation	UNKNOWN STEP	2025-06-03T10:47:58.7968604Z ##[endgroup]
Test OLM installation	UNKNOWN STEP	2025-06-03T10:47:58.8105416Z ##[group]Run actions/setup-java@v4
Test OLM installation	UNKNOWN STEP	2025-06-03T10:47:58.8105670Z with:
Test OLM installation	UNKNOWN STEP	2025-06-03T10:47:58.8105850Z   distribution: temurin
Test OLM installation	UNKNOWN STEP	2025-06-03T10:47:58.8106051Z   java-version: 21
Test OLM installation	UNKNOWN STEP	2025-06-03T10:47:58.8106243Z   java-package: jdk
Test OLM installation	UNKNOWN STEP	2025-06-03T10:47:58.8106429Z   check-latest: false
Test OLM installation	UNKNOWN STEP	2025-06-03T10:47:58.8106628Z   server-id: github
Test OLM installation	UNKNOWN STEP	2025-06-03T10:47:58.8106830Z   server-username: GITHUB_ACTOR
Test OLM installation	UNKNOWN STEP	2025-06-03T10:47:58.8107060Z   server-password: GITHUB_TOKEN
Test OLM installation	UNKNOWN STEP	2025-06-03T10:47:58.8107293Z   overwrite-settings: true
Test OLM installation	UNKNOWN STEP	2025-06-03T10:47:58.8107500Z   job-status: success
Test OLM installation	UNKNOWN STEP	2025-06-03T10:47:58.8107856Z   token: ***
Test OLM installation	UNKNOWN STEP	2025-06-03T10:47:58.8108024Z env:
Test OLM installation	UNKNOWN STEP	2025-06-03T10:47:58.8108286Z   MAVEN_ARGS: -B -nsu -Daether.connector.http.connectionMaxTtl=25
Test OLM installation	UNKNOWN STEP	2025-06-03T10:47:58.8108627Z   MINIKUBE_VERSION: v1.32.0
Test OLM installation	UNKNOWN STEP	2025-06-03T10:47:58.8108845Z   KUBERNETES_VERSION: v1.27.10
Test OLM installation	UNKNOWN STEP	2025-06-03T10:47:58.8109064Z   MINIKUBE_MEMORY: 4096
Test OLM installation	UNKNOWN STEP	2025-06-03T10:47:58.8109252Z ##[endgroup]
Test OLM installation	UNKNOWN STEP	2025-06-03T10:47:59.0066434Z ##[group]Installed distributions
Test OLM installation	UNKNOWN STEP	2025-06-03T10:47:59.0185478Z Resolved Java 21.0.7+6 from tool-cache
Test OLM installation	UNKNOWN STEP	2025-06-03T10:47:59.0185905Z Setting Java 21.0.7+6 as the default
Test OLM installation	UNKNOWN STEP	2025-06-03T10:47:59.0198899Z Creating toolchains.xml for JDK version 21 from temurin
Test OLM installation	UNKNOWN STEP	2025-06-03T10:47:59.0273234Z Writing to /home/runner/.m2/toolchains.xml
Test OLM installation	UNKNOWN STEP	2025-06-03T10:47:59.0273757Z 
Test OLM installation	UNKNOWN STEP	2025-06-03T10:47:59.0274035Z Java configuration:
Test OLM installation	UNKNOWN STEP	2025-06-03T10:47:59.0274338Z   Distribution: temurin
Test OLM installation	UNKNOWN STEP	2025-06-03T10:47:59.0274598Z   Version: 21.0.7+6
Test OLM installation	UNKNOWN STEP	2025-06-03T10:47:59.0275417Z   Path: /opt/hostedtoolcache/Java_Temurin-Hotspot_jdk/21.0.7-6/x64
Test OLM installation	UNKNOWN STEP	2025-06-03T10:47:59.0275790Z 
Test OLM installation	UNKNOWN STEP	2025-06-03T10:47:59.0277584Z ##[endgroup]
Test OLM installation	UNKNOWN STEP	2025-06-03T10:47:59.0292073Z Creating settings.xml with server-id: github
Test OLM installation	UNKNOWN STEP	2025-06-03T10:47:59.0297894Z Writing to /home/runner/.m2/settings.xml
Test OLM installation	UNKNOWN STEP	2025-06-03T10:47:59.0457819Z ##[group]Run manusa/actions-setup-minikube@v2.13.1
Test OLM installation	UNKNOWN STEP	2025-06-03T10:47:59.0458134Z with:
Test OLM installation	UNKNOWN STEP	2025-06-03T10:47:59.0458316Z   minikube version: v1.32.0
Test OLM installation	UNKNOWN STEP	2025-06-03T10:47:59.0458559Z   kubernetes version: v1.27.10
Test OLM installation	UNKNOWN STEP	2025-06-03T10:47:59.0459153Z   github token: ***
Test OLM installation	UNKNOWN STEP	2025-06-03T10:47:59.0459358Z   driver: docker
Test OLM installation	UNKNOWN STEP	2025-06-03T10:47:59.0459551Z   start args: --memory=4096
Test OLM installation	UNKNOWN STEP	2025-06-03T10:47:59.0460010Z env:
Test OLM installation	UNKNOWN STEP	2025-06-03T10:47:59.0460276Z   MAVEN_ARGS: -B -nsu -Daether.connector.http.connectionMaxTtl=25
Test OLM installation	UNKNOWN STEP	2025-06-03T10:47:59.0460615Z   MINIKUBE_VERSION: v1.32.0
Test OLM installation	UNKNOWN STEP	2025-06-03T10:47:59.0460842Z   KUBERNETES_VERSION: v1.27.10
Test OLM installation	UNKNOWN STEP	2025-06-03T10:47:59.0461062Z   MINIKUBE_MEMORY: 4096
Test OLM installation	UNKNOWN STEP	2025-06-03T10:47:59.0461365Z   JAVA_HOME: /opt/hostedtoolcache/Java_Temurin-Hotspot_jdk/21.0.7-6/x64
Test OLM installation	UNKNOWN STEP	2025-06-03T10:47:59.0461814Z   JAVA_HOME_21_X64: /opt/hostedtoolcache/Java_Temurin-Hotspot_jdk/21.0.7-6/x64
Test OLM installation	UNKNOWN STEP	2025-06-03T10:47:59.0462165Z ##[endgroup]
Test OLM installation	UNKNOWN STEP	2025-06-03T10:47:59.1636419Z Loading input variables
Test OLM installation	UNKNOWN STEP	2025-06-03T10:47:59.1638816Z Updating Environment configuration to support Minikube
Test OLM installation	UNKNOWN STEP	2025-06-03T10:47:59.1767756Z 
Test OLM installation	UNKNOWN STEP	2025-06-03T10:47:59.1768288Z WARNING: apt does not have a stable CLI interface. Use with caution in scripts.
Test OLM installation	UNKNOWN STEP	2025-06-03T10:47:59.1768762Z 
Test OLM installation	UNKNOWN STEP	2025-06-03T10:47:59.2379262Z Get:1 file:/etc/apt/apt-mirrors.txt Mirrorlist [144 B]
Test OLM installation	UNKNOWN STEP	2025-06-03T10:47:59.2783318Z Hit:2 http://azure.archive.ubuntu.com/ubuntu noble InRelease
Test OLM installation	UNKNOWN STEP	2025-06-03T10:47:59.2794272Z Get:3 http://azure.archive.ubuntu.com/ubuntu noble-updates InRelease [126 kB]
Test OLM installation	UNKNOWN STEP	2025-06-03T10:47:59.2900646Z Get:4 http://azure.archive.ubuntu.com/ubuntu noble-backports InRelease [126 kB]
Test OLM installation	UNKNOWN STEP	2025-06-03T10:47:59.2901828Z Get:5 http://azure.archive.ubuntu.com/ubuntu noble-security InRelease [126 kB]
Test OLM installation	UNKNOWN STEP	2025-06-03T10:47:59.3639526Z Get:6 https://packages.microsoft.com/repos/azure-cli noble InRelease [3564 B]
Test OLM installation	UNKNOWN STEP	2025-06-03T10:47:59.3837089Z Get:7 https://packages.microsoft.com/ubuntu/24.04/prod noble InRelease [3600 B]
Test OLM installation	UNKNOWN STEP	2025-06-03T10:47:59.4303002Z Get:8 http://azure.archive.ubuntu.com/ubuntu noble-updates/main amd64 Packages [1110 kB]
Test OLM installation	UNKNOWN STEP	2025-06-03T10:47:59.4447054Z Get:9 http://azure.archive.ubuntu.com/ubuntu noble-updates/main Translation-en [235 kB]
Test OLM installation	UNKNOWN STEP	2025-06-03T10:47:59.4472755Z Get:10 http://azure.archive.ubuntu.com/ubuntu noble-updates/main amd64 Components [161 kB]
Test OLM installation	UNKNOWN STEP	2025-06-03T10:47:59.4532137Z Get:11 http://azure.archive.ubuntu.com/ubuntu noble-updates/universe amd64 Packages [1068 kB]
Test OLM installation	UNKNOWN STEP	2025-06-03T10:47:59.4573799Z Get:12 http://azure.archive.ubuntu.com/ubuntu noble-updates/universe Translation-en [271 kB]
Test OLM installation	UNKNOWN STEP	2025-06-03T10:47:59.4610160Z Get:13 http://azure.archive.ubuntu.com/ubuntu noble-updates/universe amd64 Components [376 kB]
Test OLM installation	UNKNOWN STEP	2025-06-03T10:47:59.4640324Z Get:14 http://azure.archive.ubuntu.com/ubuntu noble-updates/restricted amd64 Packages [1174 kB]
Test OLM installation	UNKNOWN STEP	2025-06-03T10:47:59.4718151Z Get:15 http://azure.archive.ubuntu.com/ubuntu noble-updates/restricted Translation-en [243 kB]
Test OLM installation	UNKNOWN STEP	2025-06-03T10:47:59.4743165Z Get:16 http://azure.archive.ubuntu.com/ubuntu noble-updates/restricted amd64 Components [212 B]
Test OLM installation	UNKNOWN STEP	2025-06-03T10:47:59.4753606Z Get:17 http://azure.archive.ubuntu.com/ubuntu noble-updates/multiverse amd64 Components [940 B]
Test OLM installation	UNKNOWN STEP	2025-06-03T10:47:59.5315608Z Get:18 http://azure.archive.ubuntu.com/ubuntu noble-backports/main amd64 Packages [39.2 kB]
Test OLM installation	UNKNOWN STEP	2025-06-03T10:47:59.5329211Z Get:19 http://azure.archive.ubuntu.com/ubuntu noble-backports/main amd64 Components [7076 B]
Test OLM installation	UNKNOWN STEP	2025-06-03T10:47:59.5338994Z Get:20 http://azure.archive.ubuntu.com/ubuntu noble-backports/universe amd64 Packages [27.1 kB]
Test OLM installation	UNKNOWN STEP	2025-06-03T10:47:59.5351825Z Get:21 http://azure.archive.ubuntu.com/ubuntu noble-backports/universe amd64 Components [16.4 kB]
Test OLM installation	UNKNOWN STEP	2025-06-03T10:47:59.5364949Z Get:22 http://azure.archive.ubuntu.com/ubuntu noble-backports/restricted amd64 Components [216 B]
Test OLM installation	UNKNOWN STEP	2025-06-03T10:47:59.5403814Z Get:23 http://azure.archive.ubuntu.com/ubuntu noble-backports/multiverse amd64 Components [212 B]
Test OLM installation	UNKNOWN STEP	2025-06-03T10:47:59.5416651Z Get:24 http://azure.archive.ubuntu.com/ubuntu noble-security/main amd64 Packages [864 kB]
Test OLM installation	UNKNOWN STEP	2025-06-03T10:47:59.5475453Z Get:25 http://azure.archive.ubuntu.com/ubuntu noble-security/main Translation-en [159 kB]
Test OLM installation	UNKNOWN STEP	2025-06-03T10:47:59.5500425Z Get:26 http://azure.archive.ubuntu.com/ubuntu noble-security/main amd64 Components [21.5 kB]
Test OLM installation	UNKNOWN STEP	2025-06-03T10:47:59.5510237Z Get:27 http://azure.archive.ubuntu.com/ubuntu noble-security/universe amd64 Packages [845 kB]
Test OLM installation	UNKNOWN STEP	2025-06-03T10:47:59.5560078Z Get:28 http://azure.archive.ubuntu.com/ubuntu noble-security/universe Translation-en [185 kB]
Test OLM installation	UNKNOWN STEP	2025-06-03T10:47:59.5577863Z Get:29 http://azure.archive.ubuntu.com/ubuntu noble-security/universe amd64 Components [52.3 kB]
Test OLM installation	UNKNOWN STEP	2025-06-03T10:47:59.5594577Z Get:30 http://azure.archive.ubuntu.com/ubuntu noble-security/restricted amd64 Packages [1138 kB]
Test OLM installation	UNKNOWN STEP	2025-06-03T10:47:59.5655546Z Get:31 http://azure.archive.ubuntu.com/ubuntu noble-security/restricted Translation-en [236 kB]
Test OLM installation	UNKNOWN STEP	2025-06-03T10:47:59.6084594Z Get:34 https://packages.microsoft.com/repos/azure-cli noble/main amd64 Packages [1377 B]
Test OLM installation	UNKNOWN STEP	2025-06-03T10:47:59.6156319Z Get:32 http://azure.archive.ubuntu.com/ubuntu noble-security/restricted amd64 Components [212 B]
Test OLM installation	UNKNOWN STEP	2025-06-03T10:47:59.6165373Z Get:33 http://azure.archive.ubuntu.com/ubuntu noble-security/multiverse amd64 Components [208 B]
Test OLM installation	UNKNOWN STEP	2025-06-03T10:47:59.6861551Z Get:35 https://packages.microsoft.com/ubuntu/24.04/prod noble/main amd64 Packages [33.4 kB]
Test OLM installation	UNKNOWN STEP	2025-06-03T10:47:59.7148989Z Get:36 https://packages.microsoft.com/ubuntu/24.04/prod noble/main armhf Packages [8426 B]
Test OLM installation	UNKNOWN STEP	2025-06-03T10:47:59.7370727Z Get:37 https://packages.microsoft.com/ubuntu/24.04/prod noble/main arm64 Packages [20.7 kB]
Test OLM installation	UNKNOWN STEP	2025-06-03T10:48:04.2384594Z Fetched 8681 kB in 1s (7768 kB/s)
Test OLM installation	UNKNOWN STEP	2025-06-03T10:48:04.8783873Z Reading package lists...
Test OLM installation	UNKNOWN STEP	2025-06-03T10:48:05.0206516Z Building dependency tree...
Test OLM installation	UNKNOWN STEP	2025-06-03T10:48:05.0213089Z Reading state information...
Test OLM installation	UNKNOWN STEP	2025-06-03T10:48:05.0344130Z 50 packages can be upgraded. Run 'apt list --upgradable' to see them.
Test OLM installation	UNKNOWN STEP	2025-06-03T10:48:05.0607445Z Reading package lists...
Test OLM installation	UNKNOWN STEP	2025-06-03T10:48:05.2108167Z Building dependency tree...
Test OLM installation	UNKNOWN STEP	2025-06-03T10:48:05.2115544Z Reading state information...
Test OLM installation	UNKNOWN STEP	2025-06-03T10:48:05.3726443Z The following NEW packages will be installed:
Test OLM installation	UNKNOWN STEP	2025-06-03T10:48:05.3732595Z   conntrack
Test OLM installation	UNKNOWN STEP	2025-06-03T10:48:05.3897189Z 0 upgraded, 1 newly installed, 0 to remove and 50 not upgraded.
Test OLM installation	UNKNOWN STEP	2025-06-03T10:48:05.3897745Z Need to get 37.9 kB of archives.
Test OLM installation	UNKNOWN STEP	2025-06-03T10:48:05.3898149Z After this operation, 119 kB of additional disk space will be used.
Test OLM installation	UNKNOWN STEP	2025-06-03T10:48:05.3898567Z Get:1 file:/etc/apt/apt-mirrors.txt Mirrorlist [144 B]
Test OLM installation	UNKNOWN STEP	2025-06-03T10:48:05.6045832Z Get:2 http://azure.archive.ubuntu.com/ubuntu noble/main amd64 conntrack amd64 1:1.4.8-1ubuntu1 [37.9 kB]
Test OLM installation	UNKNOWN STEP	2025-06-03T10:48:05.9294961Z Fetched 37.9 kB in 0s (130 kB/s)
Test OLM installation	UNKNOWN STEP	2025-06-03T10:48:05.9515124Z Selecting previously unselected package conntrack.
Test OLM installation	UNKNOWN STEP	2025-06-03T10:48:05.9796715Z (Reading database ... 
Test OLM installation	UNKNOWN STEP	2025-06-03T10:48:05.9797143Z (Reading database ... 5%
Test OLM installation	UNKNOWN STEP	2025-06-03T10:48:05.9797532Z (Reading database ... 10%
Test OLM installation	UNKNOWN STEP	2025-06-03T10:48:05.9797890Z (Reading database ... 15%
Test OLM installation	UNKNOWN STEP	2025-06-03T10:48:05.9798238Z (Reading database ... 20%
Test OLM installation	UNKNOWN STEP	2025-06-03T10:48:05.9798610Z (Reading database ... 25%
Test OLM installation	UNKNOWN STEP	2025-06-03T10:48:05.9798962Z (Reading database ... 30%
Test OLM installation	UNKNOWN STEP	2025-06-03T10:48:05.9799306Z (Reading database ... 35%
Test OLM installation	UNKNOWN STEP	2025-06-03T10:48:05.9799880Z (Reading database ... 40%
Test OLM installation	UNKNOWN STEP	2025-06-03T10:48:05.9800234Z (Reading database ... 45%
Test OLM installation	UNKNOWN STEP	2025-06-03T10:48:05.9800594Z (Reading database ... 50%
Test OLM installation	UNKNOWN STEP	2025-06-03T10:48:05.9907692Z (Reading database ... 55%
Test OLM installation	UNKNOWN STEP	2025-06-03T10:48:06.0329330Z (Reading database ... 60%
Test OLM installation	UNKNOWN STEP	2025-06-03T10:48:06.0625487Z (Reading database ... 65%
Test OLM installation	UNKNOWN STEP	2025-06-03T10:48:06.0988854Z (Reading database ... 70%
Test OLM installation	UNKNOWN STEP	2025-06-03T10:48:06.1304425Z (Reading database ... 75%
Test OLM installation	UNKNOWN STEP	2025-06-03T10:48:06.1921883Z (Reading database ... 80%
Test OLM installation	UNKNOWN STEP	2025-06-03T10:48:06.2375627Z (Reading database ... 85%
Test OLM installation	UNKNOWN STEP	2025-06-03T10:48:06.3151748Z (Reading database ... 90%
Test OLM installation	UNKNOWN STEP	2025-06-03T10:48:06.3688090Z (Reading database ... 95%
Test OLM installation	UNKNOWN STEP	2025-06-03T10:48:06.3688554Z (Reading database ... 100%
Test OLM installation	UNKNOWN STEP	2025-06-03T10:48:06.3689124Z (Reading database ... 222694 files and directories currently installed.)
Test OLM installation	UNKNOWN STEP	2025-06-03T10:48:06.3733699Z Preparing to unpack .../conntrack_1%3a1.4.8-1ubuntu1_amd64.deb ...
Test OLM installation	UNKNOWN STEP	2025-06-03T10:48:06.3761255Z Unpacking conntrack (1:1.4.8-1ubuntu1) ...
Test OLM installation	UNKNOWN STEP	2025-06-03T10:48:06.4294921Z Setting up conntrack (1:1.4.8-1ubuntu1) ...
Test OLM installation	UNKNOWN STEP	2025-06-03T10:48:06.4354203Z Processing triggers for man-db (2.12.0-4build2) ...
Test OLM installation	UNKNOWN STEP	2025-06-03T10:48:09.7693637Z 
Test OLM installation	UNKNOWN STEP	2025-06-03T10:48:09.7694093Z Running kernel seems to be up-to-date.
Test OLM installation	UNKNOWN STEP	2025-06-03T10:48:09.7694451Z 
Test OLM installation	UNKNOWN STEP	2025-06-03T10:48:09.7694601Z Restarting services...
Test OLM installation	UNKNOWN STEP	2025-06-03T10:48:09.7763010Z 
Test OLM installation	UNKNOWN STEP	2025-06-03T10:48:09.7763410Z Service restarts being deferred:
Test OLM installation	UNKNOWN STEP	2025-06-03T10:48:09.7765582Z  systemctl restart hosted-compute-agent.service
Test OLM installation	UNKNOWN STEP	2025-06-03T10:48:09.7765960Z 
Test OLM installation	UNKNOWN STEP	2025-06-03T10:48:09.7766195Z No containers need to be restarted.
Test OLM installation	UNKNOWN STEP	2025-06-03T10:48:09.7766494Z 
Test OLM installation	UNKNOWN STEP	2025-06-03T10:48:09.7766695Z No user sessions are running outdated binaries.
Test OLM installation	UNKNOWN STEP	2025-06-03T10:48:09.7767027Z 
Test OLM installation	UNKNOWN STEP	2025-06-03T10:48:09.7767340Z No VM guests are running outdated hypervisor (qemu) binaries on this host.
Test OLM installation	UNKNOWN STEP	2025-06-03T10:48:10.6008492Z fs.protected_regular = 0
Test OLM installation	UNKNOWN STEP	2025-06-03T10:48:10.6018871Z Waiting for Docker to be ready
Test OLM installation	UNKNOWN STEP	2025-06-03T10:48:10.7105640Z 28.0.4 - 28.0.4
Test OLM installation	UNKNOWN STEP	2025-06-03T10:48:10.7121848Z Docker daemon is ready
Test OLM installation	UNKNOWN STEP	2025-06-03T10:48:10.7126328Z Downloading Minikube  v1.32.0
Test OLM installation	UNKNOWN STEP	2025-06-03T10:48:10.9792955Z Downloading from: https://github.com/kubernetes/minikube/releases/download/v1.32.0/minikube-linux-amd64
Test OLM installation	UNKNOWN STEP	2025-06-03T10:48:11.9014161Z Installing Minikube
Test OLM installation	UNKNOWN STEP	2025-06-03T10:48:11.9419156Z * minikube v1.32.0 on Ubuntu 24.04
Test OLM installation	UNKNOWN STEP	2025-06-03T10:48:11.9424714Z   - MINIKUBE_VERSION=v1.32.0
Test OLM installation	UNKNOWN STEP	2025-06-03T10:48:11.9431607Z   - MINIKUBE_MEMORY=4096
Test OLM installation	UNKNOWN STEP	2025-06-03T10:48:11.9435794Z   - MINIKUBE_HOME=/home/runner/work/_temp
Test OLM installation	UNKNOWN STEP	2025-06-03T10:48:12.2517880Z * Using the docker driver based on user configuration
Test OLM installation	UNKNOWN STEP	2025-06-03T10:48:12.2529010Z * minikube 1.36.0 is available! Download it: https://github.com/kubernetes/minikube/releases/tag/v1.36.0
Test OLM installation	UNKNOWN STEP	2025-06-03T10:48:12.2535429Z * To disable this notice, run: 'minikube config set WantUpdateNotification false'
Test OLM installation	UNKNOWN STEP	2025-06-03T10:48:12.2535959Z 
Test OLM installation	UNKNOWN STEP	2025-06-03T10:48:12.3507012Z * Using Docker driver with root privileges
Test OLM installation	UNKNOWN STEP	2025-06-03T10:48:12.3520162Z * Starting control plane node minikube in cluster minikube
Test OLM installation	UNKNOWN STEP	2025-06-03T10:48:12.3530910Z * Pulling base image ...
Test OLM installation	UNKNOWN STEP	2025-06-03T10:48:12.6072598Z * Downloading Kubernetes v1.27.10 preload ...
Test OLM installation	UNKNOWN STEP	2025-06-03T10:48:24.5181746Z * Creating docker container (CPUs=2, Memory=4096MB) ...
Test OLM installation	UNKNOWN STEP	2025-06-03T10:48:37.3265793Z * Preparing Kubernetes v1.27.10 on Docker 24.0.7 ...
Test OLM installation	UNKNOWN STEP	2025-06-03T10:48:41.1077612Z   - Generating certificates and keys ...
Test OLM installation	UNKNOWN STEP	2025-06-03T10:48:43.4195333Z   - Booting up control plane ...
Test OLM installation	UNKNOWN STEP	2025-06-03T10:48:48.4572612Z   - Configuring RBAC rules ...
Test OLM installation	UNKNOWN STEP	2025-06-03T10:48:48.8773766Z * Configuring bridge CNI (Container Networking Interface) ...
Test OLM installation	UNKNOWN STEP	2025-06-03T10:48:49.0345527Z * Verifying Kubernetes components...
Test OLM installation	UNKNOWN STEP	2025-06-03T10:48:49.0366134Z   - Using image gcr.io/k8s-minikube/storage-provisioner:v5
Test OLM installation	UNKNOWN STEP	2025-06-03T10:48:49.8473589Z * Enabled addons: storage-provisioner, default-storageclass
Test OLM installation	UNKNOWN STEP	2025-06-03T10:48:53.9662635Z 
Test OLM installation	UNKNOWN STEP	2025-06-03T10:48:53.9671817Z     > gcr.io/k8s-minikube/kicbase...:  1.62 KiB / 453.90 MiB [>_] 0.00% ? p/s ?    > gcr.io/k8s-minikube/kicbase...:  33.76 KiB / 453.90 MiB [>] 0.01% ? p/s ?    > gcr.io/k8s-minikube/kicbase...:  8.85 MiB / 453.90 MiB [>_] 1.95% ? p/s ?    > gcr.io/k8s-minikube/kicbase...:  40.74 MiB / 453.90 MiB  8.98% 67.85 MiB     > gcr.io/k8s-minikube/kicbase...:  70.31 MiB / 453.90 MiB  15.49% 67.85 MiB    > gcr.io/k8s-minikube/kicbase...:  102.78 MiB / 453.90 MiB  22.64% 67.85 Mi    > gcr.io/k8s-minikube/kicbase...:  135.85 MiB / 453.90 MiB  29.93% 73.71 Mi    > gcr.io/k8s-minikube/kicbase...:  168.69 MiB / 453.90 MiB  37.16% 73.71 Mi    > gcr.io/k8s-minikube/kicbase...:  197.56 MiB / 453.90 MiB  43.53% 73.71 Mi    > gcr.io/k8s-minikube/kicbase...:  229.88 MiB / 453.90 MiB  50.65% 79.07 Mi    > gcr.io/k8s-minikube/kicbase...:  262.91 MiB / 453.90 MiB  57.92% 79.07 Mi    > gcr.io/k8s-minikube/kicbase...:  295.61 MiB / 453.90 MiB  65.13% 79.07 Mi    > gcr.io/k8s-minikube/kicbase...:  328.22 MiB / 453.90 MiB  72.31% 84.54 Mi    > gcr.io/k8s-minikube/kicbase...:  361.21 MiB / 453.90 MiB  79.58% 84.54 Mi    > gcr.io/k8s-minikube/kicbase...:  394.61 MiB / 453.90 MiB  86.94% 84.54 Mi    > gcr.io/k8s-minikube/kicbase...:  427.21 MiB / 453.90 MiB  94.12% 89.73 Mi    > gcr.io/k8s-minikube/kicbase...:  453.90 MiB / 453.90 MiB  100.00% 143.59 ! /usr/bin/kubectl is version 1.33.0, which may have incompatibilities with Kubernetes 1.27.10.
Test OLM installation	UNKNOWN STEP	2025-06-03T10:48:53.9676236Z   - Want kubectl v1.27.10? Try 'minikube kubectl -- get pods -A'
Test OLM installation	UNKNOWN STEP	2025-06-03T10:48:53.9677047Z * Done! kubectl is now configured to use "minikube" cluster and "default" namespace by default
Test OLM installation	UNKNOWN STEP	2025-06-03T10:48:54.0445113Z minikube version: v1.32.0commit: 8220a6eb95f0a4d75f7f2d7b14cef975f050512d installed successfully
Test OLM installation	UNKNOWN STEP	2025-06-03T10:48:54.0618114Z ##[group]Run redhat-actions/openshift-tools-installer@v1
Test OLM installation	UNKNOWN STEP	2025-06-03T10:48:54.0618445Z with:
Test OLM installation	UNKNOWN STEP	2025-06-03T10:48:54.0618621Z   source: github
Test OLM installation	UNKNOWN STEP	2025-06-03T10:48:54.0618806Z   opm: 1.21.0
Test OLM installation	UNKNOWN STEP	2025-06-03T10:48:54.0619102Z   github_pat: ***
Test OLM installation	UNKNOWN STEP	2025-06-03T10:48:54.0619299Z   skip_cache: false
Test OLM installation	UNKNOWN STEP	2025-06-03T10:48:54.0619490Z env:
Test OLM installation	UNKNOWN STEP	2025-06-03T10:48:54.0619978Z   MAVEN_ARGS: -B -nsu -Daether.connector.http.connectionMaxTtl=25
Test OLM installation	UNKNOWN STEP	2025-06-03T10:48:54.0620325Z   MINIKUBE_VERSION: v1.32.0
Test OLM installation	UNKNOWN STEP	2025-06-03T10:48:54.0620555Z   KUBERNETES_VERSION: v1.27.10
Test OLM installation	UNKNOWN STEP	2025-06-03T10:48:54.0620784Z   MINIKUBE_MEMORY: 4096
Test OLM installation	UNKNOWN STEP	2025-06-03T10:48:54.0621090Z   JAVA_HOME: /opt/hostedtoolcache/Java_Temurin-Hotspot_jdk/21.0.7-6/x64
Test OLM installation	UNKNOWN STEP	2025-06-03T10:48:54.0621535Z   JAVA_HOME_21_X64: /opt/hostedtoolcache/Java_Temurin-Hotspot_jdk/21.0.7-6/x64
Test OLM installation	UNKNOWN STEP	2025-06-03T10:48:54.0621907Z   MINIKUBE_HOME: /home/runner/work/_temp
Test OLM installation	UNKNOWN STEP	2025-06-03T10:48:54.0622145Z ##[endgroup]
Test OLM installation	UNKNOWN STEP	2025-06-03T10:48:54.2235067Z Installing opm matching version "1.21.0"
Test OLM installation	UNKNOWN STEP	2025-06-03T10:48:54.2254472Z â¹ï¸ Tools will be installed from "github".
Test OLM installation	UNKNOWN STEP	2025-06-03T10:48:54.2256151Z 
Test OLM installation	UNKNOWN STEP	2025-06-03T10:48:54.2256641Z ð Searching for a version of opm satisfying the range "1.21.0" that was input as "1.21.0"
Test OLM installation	UNKNOWN STEP	2025-06-03T10:48:55.8864148Z Max opm version satisfying 1.21.0 is 1.21.0
Test OLM installation	UNKNOWN STEP	2025-06-03T10:48:55.8865337Z Download path of opm is https://github.com/operator-framework/operator-registry/releases
Test OLM installation	UNKNOWN STEP	2025-06-03T10:48:56.1176884Z Current operating system is linux
Test OLM installation	UNKNOWN STEP	2025-06-03T10:48:56.1179577Z Current architecture is amd64
Test OLM installation	UNKNOWN STEP	2025-06-03T10:48:56.1181012Z Selecting linux-amd64-opm
Test OLM installation	UNKNOWN STEP	2025-06-03T10:48:56.1185485Z Using temporary directory for storage
Test OLM installation	UNKNOWN STEP	2025-06-03T10:48:56.1192171Z ð CLIs will be downloaded to /home/runner/work/_temp/openshift-bin
Test OLM installation	UNKNOWN STEP	2025-06-03T10:48:56.1195455Z Added /home/runner/work/_temp/openshift-bin to PATH
Test OLM installation	UNKNOWN STEP	2025-06-03T10:48:56.1196044Z Checking the cache for opm v1.21.0...
Test OLM installation	UNKNOWN STEP	2025-06-03T10:49:16.2270499Z ##[warning]Failed to check cache for opm v1.21.0: Error: getCacheEntry failed: Request timeout: /tCOJJILWkex8UDNVB9Z9q2wVTEo6XuQmvYC4WF5xSHs8KTS3Kx/_apis/artifactcache/cache?keys=opm_v1.21.0_linux_amd64_github&version=8b32b49210c8cf4c3e3edd31ba24546ebd2f9bbb4a71c43aadd293997aa68499
Test OLM installation	UNKNOWN STEP	2025-06-03T10:49:16.5844049Z â¬ï¸ Downloading 45.03MB https://github.com/operator-framework/operator-registry/releases/download/v1.21.0/linux-amd64-opm ...
Test OLM installation	UNKNOWN STEP	2025-06-03T10:49:17.2536720Z Downloaded linux-amd64-opm in 0.7s
Test OLM installation	UNKNOWN STEP	2025-06-03T10:49:17.2540846Z Download path of opm is https://github.com/operator-framework/operator-registry/releases
Test OLM installation	UNKNOWN STEP	2025-06-03T10:49:17.4937707Z â¬ï¸ Downloading hash file https://github.com/operator-framework/operator-registry/releases/download/v1.21.0/checksums.txt
Test OLM installation	UNKNOWN STEP	2025-06-03T10:49:17.9160975Z sha256 verification of linux-amd64-opm succeeded.
Test OLM installation	UNKNOWN STEP	2025-06-03T10:49:17.9171269Z opm installed into /home/runner/work/_temp/openshift-bin/opm
Test OLM installation	UNKNOWN STEP	2025-06-03T10:49:17.9254033Z [command]/home/runner/work/_temp/openshift-bin/opm version
Test OLM installation	UNKNOWN STEP	2025-06-03T10:49:17.9446689Z Version: version.Version{OpmVersion:"v1.21.0", GitCommit:"9999f796", BuildDate:"2022-03-03T21:23:12Z", GoOs:"linux", GoArch:"amd64"}
Test OLM installation	UNKNOWN STEP	2025-06-03T10:49:17.9465888Z ð¾ Saving opm v1.21.0 into the cache
Test OLM installation	UNKNOWN STEP	2025-06-03T10:49:38.0186450Z ##[warning]Failed to cache opm v1.21.0: Error: reserveCache failed: Request timeout: /tCOJJILWkex8UDNVB9Z9q2wVTEo6XuQmvYC4WF5xSHs8KTS3Kx/_apis/artifactcache/caches
Test OLM installation	UNKNOWN STEP	2025-06-03T10:49:38.0188772Z â Successfully installed opm v1.21.0.
Test OLM installation	UNKNOWN STEP	2025-06-03T10:49:38.0189085Z 
Test OLM installation	UNKNOWN STEP	2025-06-03T10:49:38.0189304Z â Successfully installed 1/1 client:
Test OLM installation	UNKNOWN STEP	2025-06-03T10:49:38.0189973Z   - opm v1.21.0
Test OLM installation	UNKNOWN STEP	2025-06-03T10:49:38.0202726Z Wrote out installed versions to /home/runner/work/_temp/openshift-bin/openshift-clients-installed.json
Test OLM installation	UNKNOWN STEP	2025-06-03T10:51:43.8595540Z ##[group]Run sudo snap install yq
Test OLM installation	UNKNOWN STEP	2025-06-03T10:51:43.8595891Z [36;1msudo snap install yq[0m
Test OLM installation	UNKNOWN STEP	2025-06-03T10:51:43.8775112Z shell: /usr/bin/bash --noprofile --norc -e -o pipefail {0}
Test OLM installation	UNKNOWN STEP	2025-06-03T10:51:43.8775445Z env:
Test OLM installation	UNKNOWN STEP	2025-06-03T10:51:43.8775713Z   MAVEN_ARGS: -B -nsu -Daether.connector.http.connectionMaxTtl=25
Test OLM installation	UNKNOWN STEP	2025-06-03T10:51:43.8776044Z   MINIKUBE_VERSION: v1.32.0
Test OLM installation	UNKNOWN STEP	2025-06-03T10:51:43.8776266Z   KUBERNETES_VERSION: v1.27.10
Test OLM installation	UNKNOWN STEP	2025-06-03T10:51:43.8776487Z   MINIKUBE_MEMORY: 4096
Test OLM installation	UNKNOWN STEP	2025-06-03T10:51:43.8776794Z   JAVA_HOME: /opt/hostedtoolcache/Java_Temurin-Hotspot_jdk/21.0.7-6/x64
Test OLM installation	UNKNOWN STEP	2025-06-03T10:51:43.8777247Z   JAVA_HOME_21_X64: /opt/hostedtoolcache/Java_Temurin-Hotspot_jdk/21.0.7-6/x64
Test OLM installation	UNKNOWN STEP	2025-06-03T10:51:43.8777604Z   MINIKUBE_HOME: /home/runner/work/_temp
Test OLM installation	UNKNOWN STEP	2025-06-03T10:51:43.8777836Z ##[endgroup]
Test OLM installation	UNKNOWN STEP	2025-06-03T10:51:50.1255976Z 2025-06-03T10:51:50Z INFO Waiting for automatic snapd restart...
Test OLM installation	UNKNOWN STEP	2025-06-03T10:52:00.8666174Z yq v4.44.5 from Mike Farah (mikefarah) installed
Test OLM installation	UNKNOWN STEP	2025-06-03T10:52:00.8718563Z ##[group]Run ./scripts/install-olm.sh
Test OLM installation	UNKNOWN STEP	2025-06-03T10:52:00.8718906Z [36;1m./scripts/install-olm.sh[0m
Test OLM installation	UNKNOWN STEP	2025-06-03T10:52:00.8771923Z shell: /usr/bin/bash --noprofile --norc -e -o pipefail {0}
Test OLM installation	UNKNOWN STEP	2025-06-03T10:52:00.8772243Z env:
Test OLM installation	UNKNOWN STEP	2025-06-03T10:52:00.8772523Z   MAVEN_ARGS: -B -nsu -Daether.connector.http.connectionMaxTtl=25
Test OLM installation	UNKNOWN STEP	2025-06-03T10:52:00.8772863Z   MINIKUBE_VERSION: v1.32.0
Test OLM installation	UNKNOWN STEP	2025-06-03T10:52:00.8773100Z   KUBERNETES_VERSION: v1.27.10
Test OLM installation	UNKNOWN STEP	2025-06-03T10:52:00.8773319Z   MINIKUBE_MEMORY: 4096
Test OLM installation	UNKNOWN STEP	2025-06-03T10:52:00.8773630Z   JAVA_HOME: /opt/hostedtoolcache/Java_Temurin-Hotspot_jdk/21.0.7-6/x64
Test OLM installation	UNKNOWN STEP	2025-06-03T10:52:00.8774061Z   JAVA_HOME_21_X64: /opt/hostedtoolcache/Java_Temurin-Hotspot_jdk/21.0.7-6/x64
Test OLM installation	UNKNOWN STEP	2025-06-03T10:52:00.8774420Z   MINIKUBE_HOME: /home/runner/work/_temp
Test OLM installation	UNKNOWN STEP	2025-06-03T10:52:00.8774664Z ##[endgroup]
Test OLM installation	UNKNOWN STEP	2025-06-03T10:52:00.8860208Z + mkdir -p /tmp/olm/
Test OLM installation	UNKNOWN STEP	2025-06-03T10:52:00.8875137Z + curl -f -L https://github.com/operator-framework/operator-lifecycle-manager/releases/download/v0.26.0/install.sh -o /tmp/olm/install.sh
Test OLM installation	UNKNOWN STEP	2025-06-03T10:52:00.8945820Z   % Total    % Received % Xferd  Average Speed   Time    Time     Time  Current
Test OLM installation	UNKNOWN STEP	2025-06-03T10:52:00.8946426Z                                  Dload  Upload   Total   Spent    Left  Speed
Test OLM installation	UNKNOWN STEP	2025-06-03T10:52:00.8946656Z 
Test OLM installation	UNKNOWN STEP	2025-06-03T10:52:01.0855865Z   0     0    0     0    0     0      0      0 --:--:-- --:--:-- --:--:--     0
Test OLM installation	UNKNOWN STEP	2025-06-03T10:52:01.0856443Z   0     0    0     0    0     0      0      0 --:--:-- --:--:-- --:--:--     0
Test OLM installation	UNKNOWN STEP	2025-06-03T10:52:01.2876710Z 
Test OLM installation	UNKNOWN STEP	2025-06-03T10:52:01.2877109Z 100  1886  100  1886    0     0   4796      0 --:--:-- --:--:-- --:--:--  4796
Test OLM installation	UNKNOWN STEP	2025-06-03T10:52:01.2910093Z + chmod +x /tmp/olm/install.sh
Test OLM installation	UNKNOWN STEP	2025-06-03T10:52:01.2922913Z + /tmp/olm/install.sh v0.26.0
Test OLM installation	UNKNOWN STEP	2025-06-03T10:52:02.4479892Z customresourcedefinition.apiextensions.k8s.io/catalogsources.operators.coreos.com created
Test OLM installation	UNKNOWN STEP	2025-06-03T10:52:02.5700061Z customresourcedefinition.apiextensions.k8s.io/clusterserviceversions.operators.coreos.com created
Test OLM installation	UNKNOWN STEP	2025-06-03T10:52:02.5955429Z customresourcedefinition.apiextensions.k8s.io/installplans.operators.coreos.com created
Test OLM installation	UNKNOWN STEP	2025-06-03T10:52:02.6068955Z customresourcedefinition.apiextensions.k8s.io/olmconfigs.operators.coreos.com created
Test OLM installation	UNKNOWN STEP	2025-06-03T10:52:02.6787139Z customresourcedefinition.apiextensions.k8s.io/operatorconditions.operators.coreos.com created
Test OLM installation	UNKNOWN STEP	2025-06-03T10:52:02.7003737Z customresourcedefinition.apiextensions.k8s.io/operatorgroups.operators.coreos.com created
Test OLM installation	UNKNOWN STEP	2025-06-03T10:52:02.7142111Z customresourcedefinition.apiextensions.k8s.io/operators.operators.coreos.com created
Test OLM installation	UNKNOWN STEP	2025-06-03T10:52:02.7894999Z customresourcedefinition.apiextensions.k8s.io/subscriptions.operators.coreos.com created
Test OLM installation	UNKNOWN STEP	2025-06-03T10:52:03.2907526Z customresourcedefinition.apiextensions.k8s.io/catalogsources.operators.coreos.com condition met
Test OLM installation	UNKNOWN STEP	2025-06-03T10:52:03.4541348Z customresourcedefinition.apiextensions.k8s.io/clusterserviceversions.operators.coreos.com condition met
Test OLM installation	UNKNOWN STEP	2025-06-03T10:52:03.5592991Z customresourcedefinition.apiextensions.k8s.io/installplans.operators.coreos.com condition met
Test OLM installation	UNKNOWN STEP	2025-06-03T10:52:03.6632254Z customresourcedefinition.apiextensions.k8s.io/olmconfigs.operators.coreos.com condition met
Test OLM installation	UNKNOWN STEP	2025-06-03T10:52:03.7705603Z customresourcedefinition.apiextensions.k8s.io/operatorconditions.operators.coreos.com condition met
Test OLM installation	UNKNOWN STEP	2025-06-03T10:52:03.8766870Z customresourcedefinition.apiextensions.k8s.io/operatorgroups.operators.coreos.com condition met
Test OLM installation	UNKNOWN STEP	2025-06-03T10:52:03.9859115Z customresourcedefinition.apiextensions.k8s.io/operators.operators.coreos.com condition met
Test OLM installation	UNKNOWN STEP	2025-06-03T10:52:04.1138675Z customresourcedefinition.apiextensions.k8s.io/subscriptions.operators.coreos.com condition met
Test OLM installation	UNKNOWN STEP	2025-06-03T10:52:04.5725124Z namespace/olm created
Test OLM installation	UNKNOWN STEP	2025-06-03T10:52:04.6073070Z namespace/operators created
Test OLM installation	UNKNOWN STEP	2025-06-03T10:52:04.6401401Z serviceaccount/olm-operator-serviceaccount created
Test OLM installation	UNKNOWN STEP	2025-06-03T10:52:04.6524332Z clusterrole.rbac.authorization.k8s.io/system:controller:operator-lifecycle-manager created
Test OLM installation	UNKNOWN STEP	2025-06-03T10:52:04.6594068Z clusterrolebinding.rbac.authorization.k8s.io/olm-operator-binding-olm created
Test OLM installation	UNKNOWN STEP	2025-06-03T10:52:04.7284645Z olmconfig.operators.coreos.com/cluster created
Test OLM installation	UNKNOWN STEP	2025-06-03T10:52:04.7541359Z deployment.apps/olm-operator created
Test OLM installation	UNKNOWN STEP	2025-06-03T10:52:04.7888955Z deployment.apps/catalog-operator created
Test OLM installation	UNKNOWN STEP	2025-06-03T10:52:04.8072849Z clusterrole.rbac.authorization.k8s.io/aggregate-olm-edit created
Test OLM installation	UNKNOWN STEP	2025-06-03T10:52:04.8236797Z clusterrole.rbac.authorization.k8s.io/aggregate-olm-view created
Test OLM installation	UNKNOWN STEP	2025-06-03T10:52:04.8558777Z operatorgroup.operators.coreos.com/global-operators created
Test OLM installation	UNKNOWN STEP	2025-06-03T10:52:04.8634781Z operatorgroup.operators.coreos.com/olm-operators created
Test OLM installation	UNKNOWN STEP	2025-06-03T10:52:04.9097077Z clusterserviceversion.operators.coreos.com/packageserver created
Test OLM installation	UNKNOWN STEP	2025-06-03T10:52:04.9387652Z catalogsource.operators.coreos.com/operatorhubio-catalog created
Test OLM installation	UNKNOWN STEP	2025-06-03T10:52:04.9934159Z Waiting for deployment "olm-operator" rollout to finish: 0 of 1 updated replicas are available...
Test OLM installation	UNKNOWN STEP	2025-06-03T10:52:10.6066780Z deployment "olm-operator" successfully rolled out
Test OLM installation	UNKNOWN STEP	2025-06-03T10:52:10.6664939Z deployment "catalog-operator" successfully rolled out
Test OLM installation	UNKNOWN STEP	2025-06-03T10:52:10.7260981Z Package server phase: Installing
Test OLM installation	UNKNOWN STEP	2025-06-03T10:52:20.7805217Z Package server phase: Succeeded
Test OLM installation	UNKNOWN STEP	2025-06-03T10:52:20.8776208Z deployment "packageserver" successfully rolled out
Test OLM installation	UNKNOWN STEP	2025-06-03T10:52:20.8846571Z ##[group]Run actions/download-artifact@v4
Test OLM installation	UNKNOWN STEP	2025-06-03T10:52:20.8846849Z with:
Test OLM installation	UNKNOWN STEP	2025-06-03T10:52:20.8847024Z   name: keycloak-dist
Test OLM installation	UNKNOWN STEP	2025-06-03T10:52:20.8847225Z   path: quarkus/container
Test OLM installation	UNKNOWN STEP	2025-06-03T10:52:20.8847438Z   merge-multiple: false
Test OLM installation	UNKNOWN STEP	2025-06-03T10:52:20.8847642Z   repository: keycloak/keycloak
Test OLM installation	UNKNOWN STEP	2025-06-03T10:52:20.8847859Z   run-id: 15415212783
Test OLM installation	UNKNOWN STEP	2025-06-03T10:52:20.8848029Z env:
Test OLM installation	UNKNOWN STEP	2025-06-03T10:52:20.8848286Z   MAVEN_ARGS: -B -nsu -Daether.connector.http.connectionMaxTtl=25
Test OLM installation	UNKNOWN STEP	2025-06-03T10:52:20.8848620Z   MINIKUBE_VERSION: v1.32.0
Test OLM installation	UNKNOWN STEP	2025-06-03T10:52:20.8848841Z   KUBERNETES_VERSION: v1.27.10
Test OLM installation	UNKNOWN STEP	2025-06-03T10:52:20.8849058Z   MINIKUBE_MEMORY: 4096
Test OLM installation	UNKNOWN STEP	2025-06-03T10:52:20.8849365Z   JAVA_HOME: /opt/hostedtoolcache/Java_Temurin-Hotspot_jdk/21.0.7-6/x64
Test OLM installation	UNKNOWN STEP	2025-06-03T10:52:20.8850049Z   JAVA_HOME_21_X64: /opt/hostedtoolcache/Java_Temurin-Hotspot_jdk/21.0.7-6/x64
Test OLM installation	UNKNOWN STEP	2025-06-03T10:52:20.8850542Z   MINIKUBE_HOME: /home/runner/work/_temp
Test OLM installation	UNKNOWN STEP	2025-06-03T10:52:20.8850785Z ##[endgroup]
Test OLM installation	UNKNOWN STEP	2025-06-03T10:52:21.0789479Z Downloading single artifact
Test OLM installation	UNKNOWN STEP	2025-06-03T10:52:21.2419140Z Preparing to download the following artifacts:
Test OLM installation	UNKNOWN STEP	2025-06-03T10:52:21.2420425Z - keycloak-dist (ID: 3249006453, Size: 155112180, Expected Digest: sha256:717dda7e19b6b6ed31e77a83fb8844a8b5aa3c13f6896801e8cab3228b8b82fc)
Test OLM installation	UNKNOWN STEP	2025-06-03T10:52:21.3390638Z Redirecting to blob download url: https://productionresultssa5.blob.core.windows.net/actions-results/62692e7d-66f7-4721-bf72-fdfb0c8f5503/workflow-job-run-83f602ca-79b4-5ec8-bca1-068d3d0f89ab/artifacts/8ec452859fe416bcecd39b267c69bfe76c7634fb13c33b71d912d2a8c0986080.zip
Test OLM installation	UNKNOWN STEP	2025-06-03T10:52:21.3392896Z Starting download of artifact to: /home/runner/work/keycloak/keycloak/quarkus/container
Test OLM installation	UNKNOWN STEP	2025-06-03T10:52:21.5371713Z (node:10527) [DEP0005] DeprecationWarning: Buffer() is deprecated due to security and usability issues. Please use the Buffer.alloc(), Buffer.allocUnsafe(), or Buffer.from() methods instead.
Test OLM installation	UNKNOWN STEP	2025-06-03T10:52:21.5373443Z (Use `node --trace-deprecation ...` to show where the warning was created)
Test OLM installation	UNKNOWN STEP	2025-06-03T10:52:24.9065466Z SHA256 digest of downloaded artifact is 717dda7e19b6b6ed31e77a83fb8844a8b5aa3c13f6896801e8cab3228b8b82fc
Test OLM installation	UNKNOWN STEP	2025-06-03T10:52:24.9066353Z Artifact download completed successfully.
Test OLM installation	UNKNOWN STEP	2025-06-03T10:52:24.9066816Z Total of 1 artifact(s) downloaded
Test OLM installation	UNKNOWN STEP	2025-06-03T10:52:24.9074705Z Download artifact has finished successfully
Test OLM installation	UNKNOWN STEP	2025-06-03T10:52:24.9206296Z ##[group]Run eval $(minikube -p minikube docker-env)
Test OLM installation	UNKNOWN STEP	2025-06-03T10:52:24.9207222Z [36;1meval $(minikube -p minikube docker-env)[0m
Test OLM installation	UNKNOWN STEP	2025-06-03T10:52:24.9207971Z [36;1m./scripts/olm-testing.sh ${GITHUB_SHA::6}[0m
Test OLM installation	UNKNOWN STEP	2025-06-03T10:52:24.9262410Z shell: /usr/bin/bash --noprofile --norc -e -o pipefail {0}
Test OLM installation	UNKNOWN STEP	2025-06-03T10:52:24.9262902Z env:
Test OLM installation	UNKNOWN STEP	2025-06-03T10:52:24.9263331Z   MAVEN_ARGS: -B -nsu -Daether.connector.http.connectionMaxTtl=25
Test OLM installation	UNKNOWN STEP	2025-06-03T10:52:24.9263744Z   MINIKUBE_VERSION: v1.32.0
Test OLM installation	UNKNOWN STEP	2025-06-03T10:52:24.9264124Z   KUBERNETES_VERSION: v1.27.10
Test OLM installation	UNKNOWN STEP	2025-06-03T10:52:24.9264462Z   MINIKUBE_MEMORY: 4096
Test OLM installation	UNKNOWN STEP	2025-06-03T10:52:24.9264840Z   JAVA_HOME: /opt/hostedtoolcache/Java_Temurin-Hotspot_jdk/21.0.7-6/x64
Test OLM installation	UNKNOWN STEP	2025-06-03T10:52:24.9265417Z   JAVA_HOME_21_X64: /opt/hostedtoolcache/Java_Temurin-Hotspot_jdk/21.0.7-6/x64
Test OLM installation	UNKNOWN STEP	2025-06-03T10:52:24.9265934Z   MINIKUBE_HOME: /home/runner/work/_temp
Test OLM installation	UNKNOWN STEP	2025-06-03T10:52:24.9266286Z ##[endgroup]
Test OLM installation	UNKNOWN STEP	2025-06-03T10:52:25.1625972Z + UUID=fdb380
Test OLM installation	UNKNOWN STEP	2025-06-03T10:52:25.1628141Z + INSTALL_NAMESPACE=default
Test OLM installation	UNKNOWN STEP	2025-06-03T10:52:25.1628663Z + TARGET_NAMESPACES=default
Test OLM installation	UNKNOWN STEP	2025-06-03T10:52:25.1630058Z +++ dirname -- ./scripts/olm-testing.sh
Test OLM installation	UNKNOWN STEP	2025-06-03T10:52:25.1641526Z ++ cd -- ./scripts
Test OLM installation	UNKNOWN STEP	2025-06-03T10:52:25.1641950Z ++ pwd
Test OLM installation	UNKNOWN STEP	2025-06-03T10:52:25.1644644Z + SCRIPT_DIR=/home/runner/work/keycloak/keycloak/operator/scripts
Test OLM installation	UNKNOWN STEP	2025-06-03T10:52:25.1645376Z + VERSION=86400000.0.0
Test OLM installation	UNKNOWN STEP	2025-06-03T10:52:25.1647158Z + cd /home/runner/work/keycloak/keycloak/operator/scripts/../../quarkus/container
Test OLM installation	UNKNOWN STEP	2025-06-03T10:52:25.1650650Z ++ ls keycloak-999.0.0-SNAPSHOT.tar.gz
Test OLM installation	UNKNOWN STEP	2025-06-03T10:52:25.1662891Z + docker build --build-arg KEYCLOAK_DIST=keycloak-999.0.0-SNAPSHOT.tar.gz . -t ttl.sh/fdb380keycloak:86400000.0.0
Test OLM installation	UNKNOWN STEP	2025-06-03T10:52:25.5901079Z #0 building with "default" instance using docker driver
Test OLM installation	UNKNOWN STEP	2025-06-03T10:52:25.5901497Z 
Test OLM installation	UNKNOWN STEP	2025-06-03T10:52:25.5901633Z #1 [internal] load .dockerignore
Test OLM installation	UNKNOWN STEP	2025-06-03T10:52:25.5901994Z #1 transferring context: 2B done
Test OLM installation	UNKNOWN STEP	2025-06-03T10:52:25.5902388Z #1 DONE 0.0s
Test OLM installation	UNKNOWN STEP	2025-06-03T10:52:25.5902529Z 
Test OLM installation	UNKNOWN STEP	2025-06-03T10:52:25.5902715Z #2 [internal] load build definition from Dockerfile
Test OLM installation	UNKNOWN STEP	2025-06-03T10:52:25.5903180Z #2 transferring dockerfile: 2.72kB done
Test OLM installation	UNKNOWN STEP	2025-06-03T10:52:25.5903589Z #2 DONE 0.0s
Test OLM installation	UNKNOWN STEP	2025-06-03T10:52:25.5903728Z 
Test OLM installation	UNKNOWN STEP	2025-06-03T10:52:25.5903983Z #3 [internal] load metadata for registry.access.redhat.com/ubi9:latest
Test OLM installation	UNKNOWN STEP	2025-06-03T10:52:26.4365117Z #3 DONE 1.0s
Test OLM installation	UNKNOWN STEP	2025-06-03T10:52:26.4365337Z 
Test OLM installation	UNKNOWN STEP	2025-06-03T10:52:26.4365961Z #4 [internal] load metadata for registry.access.redhat.com/ubi9-micro:latest
Test OLM installation	UNKNOWN STEP	2025-06-03T10:52:26.6516814Z #4 DONE 1.2s
Test OLM installation	UNKNOWN STEP	2025-06-03T10:52:26.7756911Z 
Test OLM installation	UNKNOWN STEP	2025-06-03T10:52:26.7761169Z #5 [stage-1 1/4] FROM registry.access.redhat.com/ubi9-micro@sha256:955512628a9104d74f7b3b0a91db27a6bbecdd6a1975ce0f1b2658d3cd060b98
Test OLM installation	UNKNOWN STEP	2025-06-03T10:52:26.7767854Z #5 resolve registry.access.redhat.com/ubi9-micro@sha256:955512628a9104d74f7b3b0a91db27a6bbecdd6a1975ce0f1b2658d3cd060b98 0.0s done
Test OLM installation	UNKNOWN STEP	2025-06-03T10:52:26.7769495Z #5 sha256:352e1e8e3c437ad6bd352f164df8bdf7018df09f730362546276fe3df62ffd8c 4.00kB / 4.00kB done
Test OLM installation	UNKNOWN STEP	2025-06-03T10:52:26.7778684Z #5 sha256:cd2f3f69481dffe63a3071ea43aeeab2a4af254e96b065c35b2d7ce2534e0383 0B / 7.27MB 0.1s
Test OLM installation	UNKNOWN STEP	2025-06-03T10:52:26.7780363Z #5 sha256:955512628a9104d74f7b3b0a91db27a6bbecdd6a1975ce0f1b2658d3cd060b98 897B / 897B done
Test OLM installation	UNKNOWN STEP	2025-06-03T10:52:26.7781564Z #5 sha256:bc049e6e35c145513e3ec226faf3f929337ea2337fa5c9f7e00375aef4b801e8 504B / 504B done
Test OLM installation	UNKNOWN STEP	2025-06-03T10:52:26.9879530Z #5 sha256:cd2f3f69481dffe63a3071ea43aeeab2a4af254e96b065c35b2d7ce2534e0383 4.19MB / 7.27MB 0.3s
Test OLM installation	UNKNOWN STEP	2025-06-03T10:52:27.1093963Z #5 sha256:cd2f3f69481dffe63a3071ea43aeeab2a4af254e96b065c35b2d7ce2534e0383 7.27MB / 7.27MB 0.3s done
Test OLM installation	UNKNOWN STEP	2025-06-03T10:52:27.1095444Z #5 extracting sha256:cd2f3f69481dffe63a3071ea43aeeab2a4af254e96b065c35b2d7ce2534e0383 0.1s
Test OLM installation	UNKNOWN STEP	2025-06-03T10:52:27.6898774Z #5 extracting sha256:cd2f3f69481dffe63a3071ea43aeeab2a4af254e96b065c35b2d7ce2534e0383 0.6s done
Test OLM installation	UNKNOWN STEP	2025-06-03T10:52:27.6900325Z #5 DONE 1.0s
Test OLM installation	UNKNOWN STEP	2025-06-03T10:52:27.6900598Z 
Test OLM installation	UNKNOWN STEP	2025-06-03T10:52:27.6902180Z #6 [ubi-micro-build 1/8] FROM registry.access.redhat.com/ubi9@sha256:304b50df1ea4db9706d8a30f4bbf26f582936ebc80c7e075c72ff2af99292a54
Test OLM installation	UNKNOWN STEP	2025-06-03T10:52:27.6903966Z #6 resolve registry.access.redhat.com/ubi9@sha256:304b50df1ea4db9706d8a30f4bbf26f582936ebc80c7e075c72ff2af99292a54 0.0s done
Test OLM installation	UNKNOWN STEP	2025-06-03T10:52:27.6905584Z #6 sha256:304b50df1ea4db9706d8a30f4bbf26f582936ebc80c7e075c72ff2af99292a54 897B / 897B done
Test OLM installation	UNKNOWN STEP	2025-06-03T10:52:27.6906917Z #6 sha256:62fb429dc6b93ab5ade55d1c8e6b08735f00224d3081d58f161eb5f55eeb3d7d 505B / 505B done
Test OLM installation	UNKNOWN STEP	2025-06-03T10:52:27.6908235Z #6 sha256:83c48939c2c8782580d44062545386358defd2d5cc748b9b963bdb8a78046a46 5.06kB / 5.06kB done
Test OLM installation	UNKNOWN STEP	2025-06-03T10:52:27.6914164Z #6 sha256:92efcdccd1058003df257e9cbdf756ff6b10bd276551590536a5a1678e099aaf 79.59MB / 79.59MB 1.0s done
Test OLM installation	UNKNOWN STEP	2025-06-03T10:52:27.8359020Z #6 ...
Test OLM installation	UNKNOWN STEP	2025-06-03T10:52:27.8363057Z 
Test OLM installation	UNKNOWN STEP	2025-06-03T10:52:27.8363508Z #7 [internal] load build context
Test OLM installation	UNKNOWN STEP	2025-06-03T10:52:27.8364179Z #7 transferring context: 155.10MB 1.0s done
Test OLM installation	UNKNOWN STEP	2025-06-03T10:52:27.8364809Z #7 DONE 1.0s
Test OLM installation	UNKNOWN STEP	2025-06-03T10:52:27.8365132Z 
Test OLM installation	UNKNOWN STEP	2025-06-03T10:52:27.8365905Z #6 [ubi-micro-build 1/8] FROM registry.access.redhat.com/ubi9@sha256:304b50df1ea4db9706d8a30f4bbf26f582936ebc80c7e075c72ff2af99292a54
Test OLM installation	UNKNOWN STEP	2025-06-03T10:52:27.8367273Z #6 extracting sha256:92efcdccd1058003df257e9cbdf756ff6b10bd276551590536a5a1678e099aaf 0.1s
Test OLM installation	UNKNOWN STEP	2025-06-03T10:52:32.1314061Z #6 extracting sha256:92efcdccd1058003df257e9cbdf756ff6b10bd276551590536a5a1678e099aaf 4.4s done
Test OLM installation	UNKNOWN STEP	2025-06-03T10:52:32.3237019Z #6 DONE 5.5s
Test OLM installation	UNKNOWN STEP	2025-06-03T10:52:32.3237215Z 
Test OLM installation	UNKNOWN STEP	2025-06-03T10:52:32.3237402Z #8 [ubi-micro-build 2/8] RUN dnf install -y tar gzip
Test OLM installation	UNKNOWN STEP	2025-06-03T10:52:32.5253651Z #8 0.352 Updating Subscription Management repositories.
Test OLM installation	UNKNOWN STEP	2025-06-03T10:52:32.6795301Z #8 0.352 Unable to read consumer identity
Test OLM installation	UNKNOWN STEP	2025-06-03T10:52:32.6795631Z #8 0.356 
Test OLM installation	UNKNOWN STEP	2025-06-03T10:52:32.6796108Z #8 0.356 This system is not registered with an entitlement server. You can use subscription-manager to register.
Test OLM installation	UNKNOWN STEP	2025-06-03T10:52:32.6796583Z #8 0.356 
Test OLM installation	UNKNOWN STEP	2025-06-03T10:52:32.8668098Z #8 0.694 Red Hat Universal Base Image 9 (RPMs) - BaseOS  1.9 MB/s | 587 kB     00:00    
Test OLM installation	UNKNOWN STEP	2025-06-03T10:52:33.1222551Z #8 0.949 Red Hat Universal Base Image 9 (RPMs) - AppStre  14 MB/s | 2.4 MB     00:00    
Test OLM installation	UNKNOWN STEP	2025-06-03T10:52:33.8305612Z #8 1.657 Red Hat Universal Base Image 9 (RPMs) - CodeRea 2.3 MB/s | 284 kB     00:00    
Test OLM installation	UNKNOWN STEP	2025-06-03T10:52:33.9699096Z #8 1.797 Package tar-2:1.34-7.el9.x86_64 is already installed.
Test OLM installation	UNKNOWN STEP	2025-06-03T10:52:34.1883087Z #8 1.797 Package gzip-1.12-1.el9.x86_64 is already installed.
Test OLM installation	UNKNOWN STEP	2025-06-03T10:52:34.1884306Z #8 1.813 Dependencies resolved.
Test OLM installation	UNKNOWN STEP	2025-06-03T10:52:34.1884927Z #8 1.814 Nothing to do.
Test OLM installation	UNKNOWN STEP	2025-06-03T10:52:34.1886291Z #8 1.814 Complete!
Test OLM installation	UNKNOWN STEP	2025-06-03T10:52:34.1886676Z #8 DONE 1.9s
Test OLM installation	UNKNOWN STEP	2025-06-03T10:52:34.1886882Z 
Test OLM installation	UNKNOWN STEP	2025-06-03T10:52:34.1887235Z #9 [ubi-micro-build 3/8] ADD keycloak-999.0.0-SNAPSHOT.tar.gz /tmp/keycloak/
Test OLM installation	UNKNOWN STEP	2025-06-03T10:52:34.9261247Z #9 DONE 0.9s
Test OLM installation	UNKNOWN STEP	2025-06-03T10:52:35.0371532Z 
Test OLM installation	UNKNOWN STEP	2025-06-03T10:52:35.0372553Z #10 [ubi-micro-build 4/8] RUN (cd /tmp/keycloak &&     tar -xvf /tmp/keycloak/keycloak-*.tar.gz &&     rm /tmp/keycloak/keycloak-*.tar.gz) || true
Test OLM installation	UNKNOWN STEP	2025-06-03T10:52:35.0373874Z #10 0.099 tar: /tmp/keycloak/keycloak-*.tar.gz: Cannot open: No such file or directory
Test OLM installation	UNKNOWN STEP	2025-06-03T10:52:35.0374591Z #10 0.099 tar: Error is not recoverable: exiting now
Test OLM installation	UNKNOWN STEP	2025-06-03T10:52:35.0375048Z #10 DONE 0.1s
Test OLM installation	UNKNOWN STEP	2025-06-03T10:52:35.1574871Z 
Test OLM installation	UNKNOWN STEP	2025-06-03T10:52:35.1575655Z #11 [ubi-micro-build 5/8] RUN mv /tmp/keycloak/keycloak-* /opt/keycloak && mkdir -p /opt/keycloak/data
Test OLM installation	UNKNOWN STEP	2025-06-03T10:52:35.1577094Z #11 DONE 0.1s
Test OLM installation	UNKNOWN STEP	2025-06-03T10:52:35.3089157Z 
Test OLM installation	UNKNOWN STEP	2025-06-03T10:52:35.3089870Z #12 [ubi-micro-build 6/8] RUN chmod -R g+rwX /opt/keycloak
Test OLM installation	UNKNOWN STEP	2025-06-03T10:52:35.8044340Z #12 DONE 0.6s
Test OLM installation	UNKNOWN STEP	2025-06-03T10:52:35.9288616Z 
Test OLM installation	UNKNOWN STEP	2025-06-03T10:52:35.9289237Z #13 [ubi-micro-build 7/8] ADD ubi-null.sh /tmp/
Test OLM installation	UNKNOWN STEP	2025-06-03T10:52:35.9290058Z #13 DONE 0.0s
Test OLM installation	UNKNOWN STEP	2025-06-03T10:52:35.9290248Z 
Test OLM installation	UNKNOWN STEP	2025-06-03T10:52:35.9290739Z #14 [ubi-micro-build 8/8] RUN bash /tmp/ubi-null.sh java-21-openjdk-headless glibc-langpack-en findutils
Test OLM installation	UNKNOWN STEP	2025-06-03T10:52:35.9291587Z #14 0.113 ==> Installing packages into chroot
Test OLM installation	UNKNOWN STEP	2025-06-03T10:52:35.9292530Z #14 0.113 + dnf install -y findutils diffutils
Test OLM installation	UNKNOWN STEP	2025-06-03T10:52:36.1754282Z #14 0.359 Updating Subscription Management repositories.
Test OLM installation	UNKNOWN STEP	2025-06-03T10:52:36.3566228Z #14 0.360 Unable to read consumer identity
Test OLM installation	UNKNOWN STEP	2025-06-03T10:52:36.3566777Z #14 0.363 
Test OLM installation	UNKNOWN STEP	2025-06-03T10:52:36.3567834Z #14 0.363 This system is not registered with an entitlement server. You can use subscription-manager to register.
Test OLM installation	UNKNOWN STEP	2025-06-03T10:52:36.3568659Z #14 0.363 
Test OLM installation	UNKNOWN STEP	2025-06-03T10:52:36.3569157Z #14 0.401 Last metadata expiration check: 0:00:03 ago on Tue Jun  3 10:52:33 2025.
Test OLM installation	UNKNOWN STEP	2025-06-03T10:52:36.3570146Z #14 0.422 Package findutils-1:4.8.0-7.el9.x86_64 is already installed.
Test OLM installation	UNKNOWN STEP	2025-06-03T10:52:36.3570741Z #14 0.437 Dependencies resolved.
Test OLM installation	UNKNOWN STEP	2025-06-03T10:52:36.3571162Z #14 0.437 ================================================================================
Test OLM installation	UNKNOWN STEP	2025-06-03T10:52:36.3571828Z #14 0.437  Package         Architecture Version             Repository               Size
Test OLM installation	UNKNOWN STEP	2025-06-03T10:52:36.3572570Z #14 0.437 ================================================================================
Test OLM installation	UNKNOWN STEP	2025-06-03T10:52:36.3573037Z #14 0.437 Installing:
Test OLM installation	UNKNOWN STEP	2025-06-03T10:52:36.3573555Z #14 0.437  diffutils       x86_64       3.7-12.el9          ubi-9-baseos-rpms       402 k
Test OLM installation	UNKNOWN STEP	2025-06-03T10:52:36.3574186Z #14 0.437 
Test OLM installation	UNKNOWN STEP	2025-06-03T10:52:36.3574493Z #14 0.437 Transaction Summary
Test OLM installation	UNKNOWN STEP	2025-06-03T10:52:36.3574937Z #14 0.437 ================================================================================
Test OLM installation	UNKNOWN STEP	2025-06-03T10:52:36.3575463Z #14 0.437 Install  1 Package
Test OLM installation	UNKNOWN STEP	2025-06-03T10:52:36.3575845Z #14 0.437 
Test OLM installation	UNKNOWN STEP	2025-06-03T10:52:36.3576588Z #14 0.438 Total download size: 402 k
Test OLM installation	UNKNOWN STEP	2025-06-03T10:52:36.3576996Z #14 0.438 Installed size: 1.4 M
Test OLM installation	UNKNOWN STEP	2025-06-03T10:52:36.3577384Z #14 0.438 Downloading Packages:
Test OLM installation	UNKNOWN STEP	2025-06-03T10:52:36.3577944Z #14 0.540 diffutils-3.7-12.el9.x86_64.rpm                 3.9 MB/s | 402 kB     00:00    
Test OLM installation	UNKNOWN STEP	2025-06-03T10:52:36.4610077Z #14 0.542 --------------------------------------------------------------------------------
Test OLM installation	UNKNOWN STEP	2025-06-03T10:52:36.4611279Z #14 0.542 Total                                           3.8 MB/s | 402 kB     00:00     
Test OLM installation	UNKNOWN STEP	2025-06-03T10:52:36.4611911Z #14 0.554 Running transaction check
Test OLM installation	UNKNOWN STEP	2025-06-03T10:52:36.4612263Z #14 0.557 Transaction check succeeded.
Test OLM installation	UNKNOWN STEP	2025-06-03T10:52:36.4612609Z #14 0.557 Running transaction test
Test OLM installation	UNKNOWN STEP	2025-06-03T10:52:36.4613003Z #14 0.583 Transaction test succeeded.
Test OLM installation	UNKNOWN STEP	2025-06-03T10:52:36.4613288Z #14 0.584 Running transaction
Test OLM installation	UNKNOWN STEP	2025-06-03T10:52:36.4613621Z #14 0.606   Preparing        :                                                        1/1 
Test OLM installation	UNKNOWN STEP	2025-06-03T10:52:36.5659611Z #14 0.645   Installing       : diffutils-3.7-12.el9.x86_64                            1/1 
Test OLM installation	UNKNOWN STEP	2025-06-03T10:52:36.5662043Z #14 0.656   Running scriptlet: diffutils-3.7-12.el9.x86_64                            1/1 
Test OLM installation	UNKNOWN STEP	2025-06-03T10:52:36.5662873Z #14 0.693   Verifying        : diffutils-3.7-12.el9.x86_64                            1/1 
Test OLM installation	UNKNOWN STEP	2025-06-03T10:52:36.5663576Z #14 0.742 Installed products updated.
Test OLM installation	UNKNOWN STEP	2025-06-03T10:52:36.5664007Z #14 0.750 
Test OLM installation	UNKNOWN STEP	2025-06-03T10:52:36.5664297Z #14 0.750 Installed:
Test OLM installation	UNKNOWN STEP	2025-06-03T10:52:36.5664830Z #14 0.750   diffutils-3.7-12.el9.x86_64                                                   
Test OLM installation	UNKNOWN STEP	2025-06-03T10:52:36.5665412Z #14 0.750 
Test OLM installation	UNKNOWN STEP	2025-06-03T10:52:36.5665699Z #14 0.750 Complete!
Test OLM installation	UNKNOWN STEP	2025-06-03T10:52:36.7692298Z #14 0.800 ++ realpath rootfs
Test OLM installation	UNKNOWN STEP	2025-06-03T10:52:36.7692809Z #14 0.801 + rootfs=/tmp/null/rootfs
Test OLM installation	UNKNOWN STEP	2025-06-03T10:52:36.7693267Z #14 0.801 + mkdir -p /tmp/null/rootfs
Test OLM installation	UNKNOWN STEP	2025-06-03T10:52:36.7694624Z #14 0.803 + xargs dnf install -y --installroot /tmp/null/rootfs --releasever 9 --setopt install_weak_deps=false --nodocs
Test OLM installation	UNKNOWN STEP	2025-06-03T10:52:36.8490768Z #14 1.033 Updating Subscription Management repositories.
Test OLM installation	UNKNOWN STEP	2025-06-03T10:52:37.0009270Z #14 1.034 Unable to read consumer identity
Test OLM installation	UNKNOWN STEP	2025-06-03T10:52:37.0009843Z #14 1.035 
Test OLM installation	UNKNOWN STEP	2025-06-03T10:52:37.0010292Z #14 1.035 This system is not registered with an entitlement server. You can use subscription-manager to register.
Test OLM installation	UNKNOWN STEP	2025-06-03T10:52:37.0010774Z #14 1.035 
Test OLM installation	UNKNOWN STEP	2025-06-03T10:52:37.0158133Z #14 1.200 Red Hat Universal Base Image 9 (RPMs) - BaseOS  3.9 MB/s | 587 kB     00:00    
Test OLM installation	UNKNOWN STEP	2025-06-03T10:52:37.2933931Z #14 1.477 Red Hat Universal Base Image 9 (RPMs) - AppStre  13 MB/s | 2.4 MB     00:00    
Test OLM installation	UNKNOWN STEP	2025-06-03T10:52:37.8043482Z #14 1.988 Red Hat Universal Base Image 9 (RPMs) - CodeRea 2.1 MB/s | 284 kB     00:00    
Test OLM installation	UNKNOWN STEP	2025-06-03T10:52:37.9480885Z #14 2.132 Dependencies resolved.
Test OLM installation	UNKNOWN STEP	2025-06-03T10:52:38.0537246Z #14 2.137 =============================================================================================
Test OLM installation	UNKNOWN STEP	2025-06-03T10:52:38.0538078Z #14 2.137  Package                    Arch    Version                       Repository             Size
Test OLM installation	UNKNOWN STEP	2025-06-03T10:52:38.0538774Z #14 2.137 =============================================================================================
Test OLM installation	UNKNOWN STEP	2025-06-03T10:52:38.0539286Z #14 2.137 Installing:
Test OLM installation	UNKNOWN STEP	2025-06-03T10:52:38.0539999Z #14 2.137  bash                       x86_64  5.1.8-9.el9                   ubi-9-baseos-rpms     1.7 M
Test OLM installation	UNKNOWN STEP	2025-06-03T10:52:38.0540825Z #14 2.137  coreutils-single           x86_64  8.32-39.el9                   ubi-9-baseos-rpms     625 k
Test OLM installation	UNKNOWN STEP	2025-06-03T10:52:38.0541677Z #14 2.137  findutils                  x86_64  1:4.8.0-7.el9                 ubi-9-baseos-rpms     550 k
Test OLM installation	UNKNOWN STEP	2025-06-03T10:52:38.0542553Z #14 2.137  glibc-langpack-en          x86_64  2.34-168.el9_6.14             ubi-9-baseos-rpms     657 k
Test OLM installation	UNKNOWN STEP	2025-06-03T10:52:38.0543088Z #14 2.137  java-21-openjdk-headless   x86_64  1:21.0.7.0.6-1.el9            ubi-9-appstream-rpms   49 M
Test OLM installation	UNKNOWN STEP	2025-06-03T10:52:38.0543731Z #14 2.137 Installing dependencies:
Test OLM installation	UNKNOWN STEP	2025-06-03T10:52:38.0544328Z #14 2.137  alsa-lib                   x86_64  1.2.13-2.el9                  ubi-9-appstream-rpms  530 k
Test OLM installation	UNKNOWN STEP	2025-06-03T10:52:38.0545129Z #14 2.137  alternatives               x86_64  1.24-2.el9                    ubi-9-baseos-rpms      42 k
Test OLM installation	UNKNOWN STEP	2025-06-03T10:52:38.0545946Z #14 2.137  avahi-libs                 x86_64  0.8-22.el9_6                  ubi-9-baseos-rpms      67 k
Test OLM installation	UNKNOWN STEP	2025-06-03T10:52:38.0546751Z #14 2.137  basesystem                 noarch  11-13.el9                     ubi-9-baseos-rpms     8.0 k
Test OLM installation	UNKNOWN STEP	2025-06-03T10:52:38.0547581Z #14 2.137  bzip2-libs                 x86_64  1.0.8-10.el9_5                ubi-9-baseos-rpms      42 k
Test OLM installation	UNKNOWN STEP	2025-06-03T10:52:38.0548428Z #14 2.137  ca-certificates            noarch  2024.2.69_v8.0.303-91.4.el9_4 ubi-9-baseos-rpms     1.0 M
Test OLM installation	UNKNOWN STEP	2025-06-03T10:52:38.0548947Z #14 2.137  copy-jdk-configs           noarch  4.0-3.el9                     ubi-9-appstream-rpms   29 k
Test OLM installation	UNKNOWN STEP	2025-06-03T10:52:38.0549486Z #14 2.137  crypto-policies            noarch  20250128-1.git5269e22.el9     ubi-9-baseos-rpms      90 k
Test OLM installation	UNKNOWN STEP	2025-06-03T10:52:38.0550379Z #14 2.137  crypto-policies-scripts    noarch  20250128-1.git5269e22.el9     ubi-9-baseos-rpms     101 k
Test OLM installation	UNKNOWN STEP	2025-06-03T10:52:38.0550900Z #14 2.137  cups-libs                  x86_64  1:2.3.3op2-33.el9             ubi-9-baseos-rpms     265 k
Test OLM installation	UNKNOWN STEP	2025-06-03T10:52:38.0551347Z #14 2.137  dbus-libs                  x86_64  1:1.12.20-8.el9               ubi-9-baseos-rpms     154 k
Test OLM installation	UNKNOWN STEP	2025-06-03T10:52:38.0551788Z #14 2.137  expat                      x86_64  2.5.0-5.el9_6                 ubi-9-baseos-rpms     119 k
Test OLM installation	UNKNOWN STEP	2025-06-03T10:52:38.0552217Z #14 2.137  filesystem                 x86_64  3.16-5.el9                    ubi-9-baseos-rpms     4.8 M
Test OLM installation	UNKNOWN STEP	2025-06-03T10:52:38.0552634Z #14 2.137  gawk                       x86_64  5.1.0-6.el9                   ubi-9-baseos-rpms     1.0 M
Test OLM installation	UNKNOWN STEP	2025-06-03T10:52:38.0553198Z #14 2.137  gdbm-libs                  x86_64  1:1.23-1.el9                  ubi-9-baseos-rpms      59 k
Test OLM installation	UNKNOWN STEP	2025-06-03T10:52:38.0554250Z #14 2.137  glibc                      x86_64  2.34-168.el9_6.14             ubi-9-baseos-rpms     2.0 M
Test OLM installation	UNKNOWN STEP	2025-06-03T10:52:38.0554718Z #14 2.137  glibc-common               x86_64  2.34-168.el9_6.14             ubi-9-baseos-rpms     304 k
Test OLM installation	UNKNOWN STEP	2025-06-03T10:52:38.0555160Z #14 2.137  gmp                        x86_64  1:6.2.0-13.el9                ubi-9-baseos-rpms     319 k
Test OLM installation	UNKNOWN STEP	2025-06-03T10:52:38.0555565Z #14 2.137  gnutls                     x86_64  3.8.3-6.el9                   ubi-9-baseos-rpms     1.1 M
Test OLM installation	UNKNOWN STEP	2025-06-03T10:52:38.0556527Z #14 2.137  grep                       x86_64  3.6-5.el9                     ubi-9-baseos-rpms     273 k
Test OLM installation	UNKNOWN STEP	2025-06-03T10:52:38.0557395Z #14 2.137  javapackages-filesystem    noarch  6.4.0-1.el9                   ubi-9-appstream-rpms   17 k
Test OLM installation	UNKNOWN STEP	2025-06-03T10:52:38.0558405Z #14 2.137  keyutils-libs              x86_64  1.6.3-1.el9                   ubi-9-baseos-rpms      34 k
Test OLM installation	UNKNOWN STEP	2025-06-03T10:52:38.0558952Z #14 2.137  krb5-libs                  x86_64  1.21.1-6.el9                  ubi-9-baseos-rpms     770 k
Test OLM installation	UNKNOWN STEP	2025-06-03T10:52:38.0559389Z #14 2.137  libacl                     x86_64  2.3.1-4.el9                   ubi-9-baseos-rpms      24 k
Test OLM installation	UNKNOWN STEP	2025-06-03T10:52:38.0560037Z #14 2.137  libattr                    x86_64  2.5.1-3.el9                   ubi-9-baseos-rpms      20 k
Test OLM installation	UNKNOWN STEP	2025-06-03T10:52:38.0560459Z #14 2.137  libcap                     x86_64  2.48-9.el9_2                  ubi-9-baseos-rpms      74 k
Test OLM installation	UNKNOWN STEP	2025-06-03T10:52:38.0560878Z #14 2.137  libcom_err                 x86_64  1.46.5-7.el9                  ubi-9-baseos-rpms      28 k
Test OLM installation	UNKNOWN STEP	2025-06-03T10:52:38.0561315Z #14 2.137  libevent                   x86_64  2.1.12-8.el9_4                ubi-9-baseos-rpms     266 k
Test OLM installation	UNKNOWN STEP	2025-06-03T10:52:38.0561724Z #14 2.137  libffi                     x86_64  3.4.2-8.el9                   ubi-9-baseos-rpms      40 k
Test OLM installation	UNKNOWN STEP	2025-06-03T10:52:38.0562122Z #14 2.137  libgcc                     x86_64  11.5.0-5.el9_5                ubi-9-baseos-rpms      88 k
Test OLM installation	UNKNOWN STEP	2025-06-03T10:52:38.0562552Z #14 2.137  libgcrypt                  x86_64  1.10.0-11.el9                 ubi-9-baseos-rpms     510 k
Test OLM installation	UNKNOWN STEP	2025-06-03T10:52:38.0562989Z #14 2.137  libgpg-error               x86_64  1.42-5.el9                    ubi-9-baseos-rpms     220 k
Test OLM installation	UNKNOWN STEP	2025-06-03T10:52:38.0563414Z #14 2.137  libidn2                    x86_64  2.3.0-7.el9                   ubi-9-baseos-rpms     105 k
Test OLM installation	UNKNOWN STEP	2025-06-03T10:52:38.0563840Z #14 2.137  libselinux                 x86_64  3.6-3.el9                     ubi-9-baseos-rpms      88 k
Test OLM installation	UNKNOWN STEP	2025-06-03T10:52:38.0564252Z #14 2.137  libsepol                   x86_64  3.6-2.el9                     ubi-9-baseos-rpms     331 k
Test OLM installation	UNKNOWN STEP	2025-06-03T10:52:38.0564691Z #14 2.137  libsigsegv                 x86_64  2.13-4.el9                    ubi-9-baseos-rpms      30 k
Test OLM installation	UNKNOWN STEP	2025-06-03T10:52:38.0565122Z #14 2.137  libtasn1                   x86_64  4.16.0-9.el9                  ubi-9-baseos-rpms      77 k
Test OLM installation	UNKNOWN STEP	2025-06-03T10:52:38.0565557Z #14 2.137  libunistring               x86_64  0.9.10-15.el9                 ubi-9-baseos-rpms     499 k
Test OLM installation	UNKNOWN STEP	2025-06-03T10:52:38.0565983Z #14 2.137  libuuid                    x86_64  2.37.4-21.el9                 ubi-9-baseos-rpms      30 k
Test OLM installation	UNKNOWN STEP	2025-06-03T10:52:38.0566655Z #14 2.137  libverto                   x86_64  0.3.2-3.el9                   ubi-9-baseos-rpms      24 k
Test OLM installation	UNKNOWN STEP	2025-06-03T10:52:38.0567378Z #14 2.137  libxcrypt                  x86_64  4.4.18-3.el9                  ubi-9-baseos-rpms     120 k
Test OLM installation	UNKNOWN STEP	2025-06-03T10:52:38.0567938Z #14 2.137  libzstd                    x86_64  1.5.5-1.el9                   ubi-9-baseos-rpms     297 k
Test OLM installation	UNKNOWN STEP	2025-06-03T10:52:38.0568659Z #14 2.137  lksctp-tools               x86_64  1.0.19-3.el9_4                ubi-9-baseos-rpms     104 k
Test OLM installation	UNKNOWN STEP	2025-06-03T10:52:38.0569441Z #14 2.137  lua                        x86_64  5.4.4-4.el9                   ubi-9-appstream-rpms  192 k
Test OLM installation	UNKNOWN STEP	2025-06-03T10:52:38.0570232Z #14 2.137  lua-libs                   x86_64  5.4.4-4.el9                   ubi-9-baseos-rpms     132 k
Test OLM installation	UNKNOWN STEP	2025-06-03T10:52:38.0570652Z #14 2.137  lua-posix                  x86_64  35.0-8.el9                    ubi-9-appstream-rpms  155 k
Test OLM installation	UNKNOWN STEP	2025-06-03T10:52:38.0571257Z #14 2.137  lz4-libs                   x86_64  1.9.3-5.el9                   ubi-9-baseos-rpms      69 k
Test OLM installation	UNKNOWN STEP	2025-06-03T10:52:38.0571655Z #14 2.137  mpfr                       x86_64  4.1.0-7.el9                   ubi-9-baseos-rpms     329 k
Test OLM installation	UNKNOWN STEP	2025-06-03T10:52:38.0572086Z #14 2.137  ncurses-base               noarch  6.2-10.20210508.el9           ubi-9-baseos-rpms      99 k
Test OLM installation	UNKNOWN STEP	2025-06-03T10:52:38.0572545Z #14 2.137  ncurses-libs               x86_64  6.2-10.20210508.el9           ubi-9-baseos-rpms     332 k
Test OLM installation	UNKNOWN STEP	2025-06-03T10:52:38.0573076Z #14 2.137  nettle                     x86_64  3.10.1-1.el9                  ubi-9-baseos-rpms     568 k
Test OLM installation	UNKNOWN STEP	2025-06-03T10:52:38.0573487Z #14 2.137  nspr                       x86_64  4.35.0-17.el9_2               ubi-9-appstream-rpms  137 k
Test OLM installation	UNKNOWN STEP	2025-06-03T10:52:38.0573884Z #14 2.137  nss                        x86_64  3.101.0-10.el9_2              ubi-9-appstream-rpms  720 k
Test OLM installation	UNKNOWN STEP	2025-06-03T10:52:38.0574443Z #14 2.137  nss-softokn                x86_64  3.101.0-10.el9_2              ubi-9-appstream-rpms  393 k
Test OLM installation	UNKNOWN STEP	2025-06-03T10:52:38.0574940Z #14 2.137  nss-softokn-freebl         x86_64  3.101.0-10.el9_2              ubi-9-appstream-rpms  313 k
Test OLM installation	UNKNOWN STEP	2025-06-03T10:52:38.0575412Z #14 2.137  nss-sysinit                x86_64  3.101.0-10.el9_2              ubi-9-appstream-rpms   21 k
Test OLM installation	UNKNOWN STEP	2025-06-03T10:52:38.0575845Z #14 2.137  nss-util                   x86_64  3.101.0-10.el9_2              ubi-9-appstream-rpms   92 k
Test OLM installation	UNKNOWN STEP	2025-06-03T10:52:38.0576310Z #14 2.137  openssl-fips-provider      x86_64  3.0.7-6.el9_5                 ubi-9-baseos-rpms     9.4 k
Test OLM installation	UNKNOWN STEP	2025-06-03T10:52:38.0576825Z #14 2.137  openssl-fips-provider-so   x86_64  3.0.7-6.el9_5                 ubi-9-baseos-rpms     577 k
Test OLM installation	UNKNOWN STEP	2025-06-03T10:52:38.0577306Z #14 2.137  openssl-libs               x86_64  1:3.2.2-6.el9_5.1             ubi-9-baseos-rpms     2.1 M
Test OLM installation	UNKNOWN STEP	2025-06-03T10:52:38.0577780Z #14 2.137  p11-kit                    x86_64  0.25.3-3.el9_5                ubi-9-baseos-rpms     536 k
Test OLM installation	UNKNOWN STEP	2025-06-03T10:52:38.0578572Z #14 2.137  p11-kit-trust              x86_64  0.25.3-3.el9_5                ubi-9-baseos-rpms     144 k
Test OLM installation	UNKNOWN STEP	2025-06-03T10:52:38.0579289Z #14 2.137  pcre                       x86_64  8.44-4.el9                    ubi-9-baseos-rpms     200 k
Test OLM installation	UNKNOWN STEP	2025-06-03T10:52:38.0580200Z #14 2.137  pcre2                      x86_64  10.40-6.el9                   ubi-9-baseos-rpms     236 k
Test OLM installation	UNKNOWN STEP	2025-06-03T10:52:38.0580940Z #14 2.137  pcre2-syntax               noarch  10.40-6.el9                   ubi-9-baseos-rpms     144 k
Test OLM installation	UNKNOWN STEP	2025-06-03T10:52:38.0581399Z #14 2.137  python3                    x86_64  3.9.21-2.el9                  ubi-9-baseos-rpms      30 k
Test OLM installation	UNKNOWN STEP	2025-06-03T10:52:38.0581823Z #14 2.137  python3-libs               x86_64  3.9.21-2.el9                  ubi-9-baseos-rpms     8.1 M
Test OLM installation	UNKNOWN STEP	2025-06-03T10:52:38.0582290Z #14 2.137  python3-pip-wheel          noarch  21.3.1-1.el9                  ubi-9-baseos-rpms     1.1 M
Test OLM installation	UNKNOWN STEP	2025-06-03T10:52:38.0582925Z #14 2.137  python3-setuptools-wheel   noarch  53.0.0-13.el9                 ubi-9-baseos-rpms     469 k
Test OLM installation	UNKNOWN STEP	2025-06-03T10:52:38.0583410Z #14 2.137  readline                   x86_64  8.1-4.el9                     ubi-9-baseos-rpms     215 k
Test OLM installation	UNKNOWN STEP	2025-06-03T10:52:38.0583836Z #14 2.137  redhat-release             x86_64  9.6-0.1.el9                   ubi-9-baseos-rpms      44 k
Test OLM installation	UNKNOWN STEP	2025-06-03T10:52:38.0584251Z #14 2.137  sed                        x86_64  4.8-9.el9                     ubi-9-baseos-rpms     309 k
Test OLM installation	UNKNOWN STEP	2025-06-03T10:52:38.0584644Z #14 2.137  setup                      noarch  2.13.7-10.el9                 ubi-9-baseos-rpms     150 k
Test OLM installation	UNKNOWN STEP	2025-06-03T10:52:38.0585079Z #14 2.137  sqlite-libs                x86_64  3.34.1-7.el9_3                ubi-9-baseos-rpms     622 k
Test OLM installation	UNKNOWN STEP	2025-06-03T10:52:38.0585510Z #14 2.137  systemd-libs               x86_64  252-51.el9                    ubi-9-baseos-rpms     684 k
Test OLM installation	UNKNOWN STEP	2025-06-03T10:52:38.0585952Z #14 2.137  tzdata                     noarch  2025b-1.el9                   ubi-9-baseos-rpms     842 k
Test OLM installation	UNKNOWN STEP	2025-06-03T10:52:38.0586406Z #14 2.137  tzdata-java                noarch  2025b-1.el9                   ubi-9-appstream-rpms  228 k
Test OLM installation	UNKNOWN STEP	2025-06-03T10:52:38.0587006Z #14 2.137  xz-libs                    x86_64  5.2.5-8.el9_0                 ubi-9-baseos-rpms      94 k
Test OLM installation	UNKNOWN STEP	2025-06-03T10:52:38.0587400Z #14 2.137  zlib                       x86_64  1.2.11-40.el9                 ubi-9-baseos-rpms      93 k
Test OLM installation	UNKNOWN STEP	2025-06-03T10:52:38.0587728Z #14 2.137 
Test OLM installation	UNKNOWN STEP	2025-06-03T10:52:38.0588051Z #14 2.137 Transaction Summary
Test OLM installation	UNKNOWN STEP	2025-06-03T10:52:38.0588480Z #14 2.137 =============================================================================================
Test OLM installation	UNKNOWN STEP	2025-06-03T10:52:38.0588770Z #14 2.137 Install  84 Packages
Test OLM installation	UNKNOWN STEP	2025-06-03T10:52:38.0589144Z #14 2.137 
Test OLM installation	UNKNOWN STEP	2025-06-03T10:52:38.0589450Z #14 2.140 Total download size: 89 M
Test OLM installation	UNKNOWN STEP	2025-06-03T10:52:38.0590071Z #14 2.140 Installed size: 319 M
Test OLM installation	UNKNOWN STEP	2025-06-03T10:52:38.0590479Z #14 2.141 Downloading Packages:
Test OLM installation	UNKNOWN STEP	2025-06-03T10:52:38.0591077Z #14 2.189 (1/84): basesystem-11-13.el9.noarch.rpm         190 kB/s | 8.0 kB     00:00    
Test OLM installation	UNKNOWN STEP	2025-06-03T10:52:38.0591691Z #14 2.212 (2/84): alternatives-1.24-2.el9.x86_64.rpm      643 kB/s |  42 kB     00:00    
Test OLM installation	UNKNOWN STEP	2025-06-03T10:52:38.0592151Z #14 2.232 (3/84): bzip2-libs-1.0.8-10.el9_5.x86_64.rpm    2.1 MB/s |  42 kB     00:00    
Test OLM installation	UNKNOWN STEP	2025-06-03T10:52:38.0592590Z #14 2.238 (4/84): avahi-libs-0.8-22.el9_6.x86_64.rpm      739 kB/s |  67 kB     00:00    
Test OLM installation	UNKNOWN STEP	2025-06-03T10:52:38.1619318Z #14 2.262 (5/84): bash-5.1.8-9.el9.x86_64.rpm              23 MB/s | 1.7 MB     00:00    
Test OLM installation	UNKNOWN STEP	2025-06-03T10:52:38.1620508Z #14 2.275 (6/84): crypto-policies-20250128-1.git5269e22.e 7.1 MB/s |  90 kB     00:00    
Test OLM installation	UNKNOWN STEP	2025-06-03T10:52:38.1621478Z #14 2.288 (7/84): crypto-policies-scripts-20250128-1.git5 7.7 MB/s | 101 kB     00:00    
Test OLM installation	UNKNOWN STEP	2025-06-03T10:52:38.1622379Z #14 2.303 (8/84): ca-certificates-2024.2.69_v8.0.303-91.4  14 MB/s | 1.0 MB     00:00    
Test OLM installation	UNKNOWN STEP	2025-06-03T10:52:38.1623193Z #14 2.304 (9/84): cups-libs-2.3.3op2-33.el9.x86_64.rpm     17 MB/s | 265 kB     00:00    
Test OLM installation	UNKNOWN STEP	2025-06-03T10:52:38.1624025Z #14 2.306 (10/84): coreutils-single-8.32-39.el9.x86_64.rp 9.0 MB/s | 625 kB     00:00    
Test OLM installation	UNKNOWN STEP	2025-06-03T10:52:38.1624859Z #14 2.317 (11/84): expat-2.5.0-5.el9_6.x86_64.rpm         9.3 MB/s | 119 kB     00:00    
Test OLM installation	UNKNOWN STEP	2025-06-03T10:52:38.1625559Z #14 2.320 (12/84): dbus-libs-1.12.20-8.el9.x86_64.rpm     9.5 MB/s | 154 kB     00:00    
Test OLM installation	UNKNOWN STEP	2025-06-03T10:52:38.1626325Z #14 2.333 (13/84): findutils-4.8.0-7.el9.x86_64.rpm        33 MB/s | 550 kB     00:00    
Test OLM installation	UNKNOWN STEP	2025-06-03T10:52:38.1626793Z #14 2.346 (14/84): gawk-5.1.0-6.el9.x86_64.rpm             39 MB/s | 1.0 MB     00:00    
Test OLM installation	UNKNOWN STEP	2025-06-03T10:52:38.2627808Z #14 2.348 (15/84): gdbm-libs-1.23-1.el9.x86_64.rpm        4.1 MB/s |  59 kB     00:00    
Test OLM installation	UNKNOWN STEP	2025-06-03T10:52:38.2628735Z #14 2.365 (16/84): glibc-common-2.34-168.el9_6.14.x86_64.  17 MB/s | 304 kB     00:00    
Test OLM installation	UNKNOWN STEP	2025-06-03T10:52:38.2629325Z #14 2.384 (17/84): glibc-langpack-en-2.34-168.el9_6.14.x8  35 MB/s | 657 kB     00:00    
Test OLM installation	UNKNOWN STEP	2025-06-03T10:52:38.2630121Z #14 2.390 (18/84): glibc-2.34-168.el9_6.14.x86_64.rpm      45 MB/s | 2.0 MB     00:00    
Test OLM installation	UNKNOWN STEP	2025-06-03T10:52:38.2630633Z #14 2.401 (19/84): filesystem-3.16-5.el9.x86_64.rpm        50 MB/s | 4.8 MB     00:00    
Test OLM installation	UNKNOWN STEP	2025-06-03T10:52:38.2631129Z #14 2.405 (20/84): gmp-6.2.0-13.el9.x86_64.rpm             15 MB/s | 319 kB     00:00    
Test OLM installation	UNKNOWN STEP	2025-06-03T10:52:38.2631589Z #14 2.412 (21/84): gnutls-3.8.3-6.el9.x86_64.rpm           48 MB/s | 1.1 MB     00:00    
Test OLM installation	UNKNOWN STEP	2025-06-03T10:52:38.2632078Z #14 2.416 (22/84): keyutils-libs-1.6.3-1.el9.x86_64.rpm   3.0 MB/s |  34 kB     00:00    
Test OLM installation	UNKNOWN STEP	2025-06-03T10:52:38.2632558Z #14 2.420 (23/84): grep-3.6-5.el9.x86_64.rpm               15 MB/s | 273 kB     00:00    
Test OLM installation	UNKNOWN STEP	2025-06-03T10:52:38.2633016Z #14 2.428 (24/84): libacl-2.3.1-4.el9.x86_64.rpm          2.1 MB/s |  24 kB     00:00    
Test OLM installation	UNKNOWN STEP	2025-06-03T10:52:38.2633497Z #14 2.433 (25/84): krb5-libs-1.21.1-6.el9.x86_64.rpm       37 MB/s | 770 kB     00:00    
Test OLM installation	UNKNOWN STEP	2025-06-03T10:52:38.2633970Z #14 2.437 (26/84): libattr-2.5.1-3.el9.x86_64.rpm         1.2 MB/s |  20 kB     00:00    
Test OLM installation	UNKNOWN STEP	2025-06-03T10:52:38.2634442Z #14 2.440 (27/84): libcap-2.48-9.el9_2.x86_64.rpm         6.5 MB/s |  74 kB     00:00    
Test OLM installation	UNKNOWN STEP	2025-06-03T10:52:38.2635166Z #14 2.447 (28/84): libcom_err-1.46.5-7.el9.x86_64.rpm     2.0 MB/s |  28 kB     00:00    
Test OLM installation	UNKNOWN STEP	2025-06-03T10:52:38.3670122Z #14 2.451 (29/84): libffi-3.4.2-8.el9.x86_64.rpm          3.6 MB/s |  40 kB     00:00    
Test OLM installation	UNKNOWN STEP	2025-06-03T10:52:38.3670799Z #14 2.456 (30/84): libevent-2.1.12-8.el9_4.x86_64.rpm      14 MB/s | 266 kB     00:00    
Test OLM installation	UNKNOWN STEP	2025-06-03T10:52:38.3671296Z #14 2.463 (31/84): libgcc-11.5.0-5.el9_5.x86_64.rpm       5.5 MB/s |  88 kB     00:00    
Test OLM installation	UNKNOWN STEP	2025-06-03T10:52:38.3671786Z #14 2.469 (32/84): libgcrypt-1.10.0-11.el9.x86_64.rpm      28 MB/s | 510 kB     00:00    
Test OLM installation	UNKNOWN STEP	2025-06-03T10:52:38.3672579Z #14 2.475 (33/84): libgpg-error-1.42-5.el9.x86_64.rpm      12 MB/s | 220 kB     00:00    
Test OLM installation	UNKNOWN STEP	2025-06-03T10:52:38.3673076Z #14 2.481 (34/84): libidn2-2.3.0-7.el9.x86_64.rpm         5.8 MB/s | 105 kB     00:00    
Test OLM installation	UNKNOWN STEP	2025-06-03T10:52:38.3673557Z #14 2.482 (35/84): libselinux-3.6-3.el9.x86_64.rpm        6.7 MB/s |  88 kB     00:00    
Test OLM installation	UNKNOWN STEP	2025-06-03T10:52:38.3674046Z #14 2.494 (36/84): libsepol-3.6-2.el9.x86_64.rpm           17 MB/s | 331 kB     00:00    
Test OLM installation	UNKNOWN STEP	2025-06-03T10:52:38.3674593Z #14 2.496 (37/84): libsigsegv-2.13-4.el9.x86_64.rpm       2.0 MB/s |  30 kB     00:00    
Test OLM installation	UNKNOWN STEP	2025-06-03T10:52:38.3675095Z #14 2.497 (38/84): libtasn1-4.16.0-9.el9.x86_64.rpm       5.1 MB/s |  77 kB     00:00    
Test OLM installation	UNKNOWN STEP	2025-06-03T10:52:38.3675577Z #14 2.509 (39/84): libverto-0.3.2-3.el9.x86_64.rpm        2.1 MB/s |  24 kB     00:00    
Test OLM installation	UNKNOWN STEP	2025-06-03T10:52:38.3676056Z #14 2.510 (40/84): libuuid-2.37.4-21.el9.x86_64.rpm       2.1 MB/s |  30 kB     00:00    
Test OLM installation	UNKNOWN STEP	2025-06-03T10:52:38.3676554Z #14 2.515 (41/84): libunistring-0.9.10-15.el9.x86_64.rpm   24 MB/s | 499 kB     00:00    
Test OLM installation	UNKNOWN STEP	2025-06-03T10:52:38.3677059Z #14 2.520 (42/84): libxcrypt-4.4.18-3.el9.x86_64.rpm       10 MB/s | 120 kB     00:00    
Test OLM installation	UNKNOWN STEP	2025-06-03T10:52:38.3677542Z #14 2.525 (43/84): libzstd-1.5.5-1.el9.x86_64.rpm          19 MB/s | 297 kB     00:00    
Test OLM installation	UNKNOWN STEP	2025-06-03T10:52:38.3678014Z #14 2.532 (44/84): lua-libs-5.4.4-4.el9.x86_64.rpm         11 MB/s | 132 kB     00:00    
Test OLM installation	UNKNOWN STEP	2025-06-03T10:52:38.3678509Z #14 2.534 (45/84): lksctp-tools-1.0.19-3.el9_4.x86_64.rpm 5.5 MB/s | 104 kB     00:00    
Test OLM installation	UNKNOWN STEP	2025-06-03T10:52:38.3678998Z #14 2.540 (46/84): lz4-libs-1.9.3-5.el9.x86_64.rpm        4.9 MB/s |  69 kB     00:00    
Test OLM installation	UNKNOWN STEP	2025-06-03T10:52:38.3679462Z #14 2.545 (47/84): mpfr-4.1.0-7.el9.x86_64.rpm             25 MB/s | 329 kB     00:00    
Test OLM installation	UNKNOWN STEP	2025-06-03T10:52:38.3680905Z #14 2.551 (48/84): ncurses-base-6.2-10.20210508.el9.noarc 5.7 MB/s |  99 kB     00:00    
Test OLM installation	UNKNOWN STEP	2025-06-03T10:52:38.4758545Z #14 2.555 (49/84): ncurses-libs-6.2-10.20210508.el9.x86_6  21 MB/s | 332 kB     00:00    
Test OLM installation	UNKNOWN STEP	2025-06-03T10:52:38.4759508Z #14 2.561 (50/84): nettle-3.10.1-1.el9.x86_64.rpm          36 MB/s | 568 kB     00:00    
Test OLM installation	UNKNOWN STEP	2025-06-03T10:52:38.4760644Z #14 2.570 (51/84): openssl-fips-provider-3.0.7-6.el9_5.x8 501 kB/s | 9.4 kB     00:00    
Test OLM installation	UNKNOWN STEP	2025-06-03T10:52:38.4761327Z #14 2.575 (52/84): openssl-fips-provider-so-3.0.7-6.el9_5  28 MB/s | 577 kB     00:00    
Test OLM installation	UNKNOWN STEP	2025-06-03T10:52:38.4761920Z #14 2.589 (53/84): openssl-libs-3.2.2-6.el9_5.1.x86_64.rp  75 MB/s | 2.1 MB     00:00    
Test OLM installation	UNKNOWN STEP	2025-06-03T10:52:38.4762369Z #14 2.591 (54/84): p11-kit-trust-0.25.3-3.el9_5.x86_64.rp 9.1 MB/s | 144 kB     00:00    
Test OLM installation	UNKNOWN STEP	2025-06-03T10:52:38.4763071Z #14 2.595 (55/84): p11-kit-0.25.3-3.el9_5.x86_64.rpm       22 MB/s | 536 kB     00:00    
Test OLM installation	UNKNOWN STEP	2025-06-03T10:52:38.4764541Z #14 2.602 (56/84): pcre-8.44-4.el9.x86_64.rpm              17 MB/s | 200 kB     00:00    
Test OLM installation	UNKNOWN STEP	2025-06-03T10:52:38.4765422Z #14 2.607 (57/84): pcre2-10.40-6.el9.x86_64.rpm            15 MB/s | 236 kB     00:00    
Test OLM installation	UNKNOWN STEP	2025-06-03T10:52:38.4766093Z #14 2.613 (58/84): pcre2-syntax-10.40-6.el9.noarch.rpm    8.0 MB/s | 144 kB     00:00    
Test OLM installation	UNKNOWN STEP	2025-06-03T10:52:38.4768088Z #14 2.614 (59/84): python3-3.9.21-2.el9.x86_64.rpm        2.4 MB/s |  30 kB     00:00    
Test OLM installation	UNKNOWN STEP	2025-06-03T10:52:38.4769007Z #14 2.631 (60/84): python3-setuptools-wheel-53.0.0-13.el9  27 MB/s | 469 kB     00:00    
Test OLM installation	UNKNOWN STEP	2025-06-03T10:52:38.4771916Z #14 2.642 (61/84): python3-pip-wheel-21.3.1-1.el9.noarch.  40 MB/s | 1.1 MB     00:00    
Test OLM installation	UNKNOWN STEP	2025-06-03T10:52:38.4772935Z #14 2.646 (62/84): readline-8.1-4.el9.x86_64.rpm           15 MB/s | 215 kB     00:00    
Test OLM installation	UNKNOWN STEP	2025-06-03T10:52:38.4774092Z #14 2.660 (63/84): sed-4.8-9.el9.x86_64.rpm                22 MB/s | 309 kB     00:00    
Test OLM installation	UNKNOWN STEP	2025-06-03T10:52:38.5875104Z #14 2.661 (64/84): redhat-release-9.6-0.1.el9.x86_64.rpm  2.3 MB/s |  44 kB     00:00    
Test OLM installation	UNKNOWN STEP	2025-06-03T10:52:38.5876252Z #14 2.672 (65/84): setup-2.13.7-10.el9.noarch.rpm          12 MB/s | 150 kB     00:00    
Test OLM installation	UNKNOWN STEP	2025-06-03T10:52:38.5877056Z #14 2.692 (66/84): python3-libs-3.9.21-2.el9.x86_64.rpm    96 MB/s | 8.1 MB     00:00    
Test OLM installation	UNKNOWN STEP	2025-06-03T10:52:38.5877643Z #14 2.698 (67/84): sqlite-libs-3.34.1-7.el9_3.x86_64.rpm   17 MB/s | 622 kB     00:00    
Test OLM installation	UNKNOWN STEP	2025-06-03T10:52:38.5878404Z #14 2.700 (68/84): systemd-libs-252-51.el9.x86_64.rpm      24 MB/s | 684 kB     00:00    
Test OLM installation	UNKNOWN STEP	2025-06-03T10:52:38.5878967Z #14 2.713 (69/84): tzdata-2025b-1.el9.noarch.rpm           40 MB/s | 842 kB     00:00    
Test OLM installation	UNKNOWN STEP	2025-06-03T10:52:38.5879420Z #14 2.714 (70/84): zlib-1.2.11-40.el9.x86_64.rpm          6.5 MB/s |  93 kB     00:00    
Test OLM installation	UNKNOWN STEP	2025-06-03T10:52:38.5880191Z #14 2.716 (71/84): xz-libs-5.2.5-8.el9_0.x86_64.rpm       5.1 MB/s |  94 kB     00:00    
Test OLM installation	UNKNOWN STEP	2025-06-03T10:52:38.5880639Z #14 2.727 (72/84): lua-5.4.4-4.el9.x86_64.rpm              16 MB/s | 192 kB     00:00    
Test OLM installation	UNKNOWN STEP	2025-06-03T10:52:38.5881108Z #14 2.728 (73/84): copy-jdk-configs-4.0-3.el9.noarch.rpm  1.9 MB/s |  29 kB     00:00    
Test OLM installation	UNKNOWN STEP	2025-06-03T10:52:38.5881580Z #14 2.734 (74/84): lua-posix-35.0-8.el9.x86_64.rpm        8.6 MB/s | 155 kB     00:00    
Test OLM installation	UNKNOWN STEP	2025-06-03T10:52:38.5882032Z #14 2.741 (75/84): alsa-lib-1.2.13-2.el9.x86_64.rpm        37 MB/s | 530 kB     00:00    
Test OLM installation	UNKNOWN STEP	2025-06-03T10:52:38.5882513Z #14 2.751 (76/84): javapackages-filesystem-6.4.0-1.el9.no 1.0 MB/s |  17 kB     00:00    
Test OLM installation	UNKNOWN STEP	2025-06-03T10:52:38.5882986Z #14 2.755 (77/84): nspr-4.35.0-17.el9_2.x86_64.rpm         10 MB/s | 137 kB     00:00    
Test OLM installation	UNKNOWN STEP	2025-06-03T10:52:38.5883427Z #14 2.772 (78/84): nss-softokn-3.101.0-10.el9_2.x86_64.rp  24 MB/s | 393 kB     00:00    
Test OLM installation	UNKNOWN STEP	2025-06-03T10:52:38.7833610Z #14 2.778 (79/84): nss-3.101.0-10.el9_2.x86_64.rpm         26 MB/s | 720 kB     00:00    
Test OLM installation	UNKNOWN STEP	2025-06-03T10:52:38.7834434Z #14 2.786 (80/84): nss-softokn-freebl-3.101.0-10.el9_2.x8  22 MB/s | 313 kB     00:00    
Test OLM installation	UNKNOWN STEP	2025-06-03T10:52:38.7835069Z #14 2.797 (81/84): nss-sysinit-3.101.0-10.el9_2.x86_64.rp 1.1 MB/s |  21 kB     00:00    
Test OLM installation	UNKNOWN STEP	2025-06-03T10:52:38.7835649Z #14 2.798 (82/84): nss-util-3.101.0-10.el9_2.x86_64.rpm   7.5 MB/s |  92 kB     00:00    
Test OLM installation	UNKNOWN STEP	2025-06-03T10:52:38.7836284Z #14 2.817 (83/84): tzdata-java-2025b-1.el9.noarch.rpm      11 MB/s | 228 kB     00:00    
Test OLM installation	UNKNOWN STEP	2025-06-03T10:52:38.8680248Z #14 3.052 (84/84): java-21-openjdk-headless-21.0.7.0.6-1. 152 MB/s |  49 MB     00:00    
Test OLM installation	UNKNOWN STEP	2025-06-03T10:52:39.1055458Z #14 3.055 --------------------------------------------------------------------------------
Test OLM installation	UNKNOWN STEP	2025-06-03T10:52:39.1056149Z #14 3.056 Total                                            97 MB/s |  89 MB     00:00     
Test OLM installation	UNKNOWN STEP	2025-06-03T10:52:39.1056853Z #14 3.067 Red Hat Universal Base Image 9 (RPMs) - BaseOS  3.5 MB/s | 3.6 kB     00:00    
Test OLM installation	UNKNOWN STEP	2025-06-03T10:52:39.1057507Z #14 3.135 Importing GPG key 0xFD431D51:
Test OLM installation	UNKNOWN STEP	2025-06-03T10:52:39.1058071Z #14 3.135  Userid     : "Red Hat, Inc. (release key 2) <security@redhat.com>"
Test OLM installation	UNKNOWN STEP	2025-06-03T10:52:39.1058524Z #14 3.135  Fingerprint: 567E 347A D004 4ADE 55BA 8A5F 199E 2F91 FD43 1D51
Test OLM installation	UNKNOWN STEP	2025-06-03T10:52:39.1058972Z #14 3.135  From       : /etc/pki/rpm-gpg/RPM-GPG-KEY-redhat-release
Test OLM installation	UNKNOWN STEP	2025-06-03T10:52:39.1059305Z #14 3.138 Key imported successfully
Test OLM installation	UNKNOWN STEP	2025-06-03T10:52:39.1059559Z #14 3.138 Importing GPG key 0x5A6340B3:
Test OLM installation	UNKNOWN STEP	2025-06-03T10:52:39.1060113Z #14 3.138  Userid     : "Red Hat, Inc. (auxiliary key 3) <security@redhat.com>"
Test OLM installation	UNKNOWN STEP	2025-06-03T10:52:39.1060534Z #14 3.138  Fingerprint: 7E46 2425 8C40 6535 D56D 6F13 5054 E4A4 5A63 40B3
Test OLM installation	UNKNOWN STEP	2025-06-03T10:52:39.1060946Z #14 3.138  From       : /etc/pki/rpm-gpg/RPM-GPG-KEY-redhat-release
Test OLM installation	UNKNOWN STEP	2025-06-03T10:52:39.1061260Z #14 3.139 Key imported successfully
Test OLM installation	UNKNOWN STEP	2025-06-03T10:52:40.0187982Z #14 4.203 Running transaction check
Test OLM installation	UNKNOWN STEP	2025-06-03T10:52:40.2199243Z #14 4.253 Transaction check succeeded.
Test OLM installation	UNKNOWN STEP	2025-06-03T10:52:40.2199600Z #14 4.253 Running transaction test
Test OLM installation	UNKNOWN STEP	2025-06-03T10:52:40.7104115Z #14 4.894 Transaction test succeeded.
Test OLM installation	UNKNOWN STEP	2025-06-03T10:52:40.8612394Z #14 4.895 Running transaction
Test OLM installation	UNKNOWN STEP	2025-06-03T10:52:41.4125177Z #14 5.443   Running scriptlet: filesystem-3.16-5.el9.x86_64                           1/1 
Test OLM installation	UNKNOWN STEP	2025-06-03T10:52:41.4126100Z #14 5.444   Running scriptlet: copy-jdk-configs-4.0-3.el9.noarch                      1/1 
Test OLM installation	UNKNOWN STEP	2025-06-03T10:52:41.5381484Z #14 5.446   Running scriptlet: java-21-openjdk-headless-1:21.0.7.0.6-1.el9.x86_64     1/1 
Test OLM installation	UNKNOWN STEP	2025-06-03T10:52:41.6973655Z #14 5.722   Preparing        :                                                        1/1 
Test OLM installation	UNKNOWN STEP	2025-06-03T10:52:41.6974614Z #14 5.729   Installing       : libgcc-11.5.0-5.el9_5.x86_64                          1/84 
Test OLM installation	UNKNOWN STEP	2025-06-03T10:52:41.7341173Z #14 5.731   Running scriptlet: libgcc-11.5.0-5.el9_5.x86_64                          1/84 
Test OLM installation	UNKNOWN STEP	2025-06-03T10:52:41.8422854Z #14 5.918   Installing       : tzdata-2025b-1.el9.noarch                             2/84 
Test OLM installation	UNKNOWN STEP	2025-06-03T10:52:41.8423693Z #14 5.965   Installing       : tzdata-java-2025b-1.el9.noarch                        3/84 
Test OLM installation	UNKNOWN STEP	2025-06-03T10:52:41.8424924Z #14 5.971   Installing       : javapackages-filesystem-6.4.0-1.el9.noarch            4/84 
Test OLM installation	UNKNOWN STEP	2025-06-03T10:52:41.8425732Z #14 5.977   Installing       : redhat-release-9.6-0.1.el9.x86_64                     5/84 
Test OLM installation	UNKNOWN STEP	2025-06-03T10:52:41.8426452Z #14 5.985   Installing       : setup-2.13.7-10.el9.noarch                            6/84 
Test OLM installation	UNKNOWN STEP	2025-06-03T10:52:41.8427369Z #14 5.986   Running scriptlet: setup-2.13.7-10.el9.noarch                            6/84 
Test OLM installation	UNKNOWN STEP	2025-06-03T10:52:41.9939007Z #14 6.026   Installing       : filesystem-3.16-5.el9.x86_64                          7/84 
Test OLM installation	UNKNOWN STEP	2025-06-03T10:52:41.9939982Z #14 6.079   Installing       : basesystem-11-13.el9.noarch                           8/84 
Test OLM installation	UNKNOWN STEP	2025-06-03T10:52:41.9940560Z #14 6.083   Installing       : python3-setuptools-wheel-53.0.0-13.el9.noarch         9/84 
Test OLM installation	UNKNOWN STEP	2025-06-03T10:52:41.9941109Z #14 6.086   Installing       : pcre2-syntax-10.40-6.el9.noarch                      10/84 
Test OLM installation	UNKNOWN STEP	2025-06-03T10:52:41.9941657Z #14 6.107   Installing       : ncurses-base-6.2-10.20210508.el9.noarch              11/84 
Test OLM installation	UNKNOWN STEP	2025-06-03T10:52:42.1962820Z #14 6.178   Installing       : glibc-langpack-en-2.34-168.el9_6.14.x86_64           12/84 
Test OLM installation	UNKNOWN STEP	2025-06-03T10:52:42.1963694Z #14 6.192   Installing       : glibc-common-2.34-168.el9_6.14.x86_64                13/84 
Test OLM installation	UNKNOWN STEP	2025-06-03T10:52:42.1964492Z #14 6.196   Running scriptlet: glibc-2.34-168.el9_6.14.x86_64                       14/84 
Test OLM installation	UNKNOWN STEP	2025-06-03T10:52:42.1965253Z #14 6.227   Installing       : glibc-2.34-168.el9_6.14.x86_64                       14/84 
Test OLM installation	UNKNOWN STEP	2025-06-03T10:52:42.5412494Z #14 6.230   Running scriptlet: glibc-2.34-168.el9_6.14.x86_64                       14/84 
Test OLM installation	UNKNOWN STEP	2025-06-03T10:52:42.6468503Z #14 6.725   Installing       : ncurses-libs-6.2-10.20210508.el9.x86_64              15/84 
Test OLM installation	UNKNOWN STEP	2025-06-03T10:52:42.6470676Z #14 6.742   Installing       : bash-5.1.8-9.el9.x86_64                              16/84 
Test OLM installation	UNKNOWN STEP	2025-06-03T10:52:42.6471536Z #14 6.745   Running scriptlet: bash-5.1.8-9.el9.x86_64                              16/84 
Test OLM installation	UNKNOWN STEP	2025-06-03T10:52:42.6472448Z #14 6.761   Installing       : crypto-policies-20250128-1.git5269e22.el9.noarch     17/84 
Test OLM installation	UNKNOWN STEP	2025-06-03T10:52:42.6473355Z #14 6.763   Running scriptlet: crypto-policies-20250128-1.git5269e22.el9.noarch     17/84 
Test OLM installation	UNKNOWN STEP	2025-06-03T10:52:42.6474200Z #14 6.767   Installing       : nspr-4.35.0-17.el9_2.x86_64                          18/84 
Test OLM installation	UNKNOWN STEP	2025-06-03T10:52:42.6474965Z #14 6.771   Installing       : nss-util-3.101.0-10.el9_2.x86_64                     19/84 
Test OLM installation	UNKNOWN STEP	2025-06-03T10:52:42.6475736Z #14 6.774   Installing       : zlib-1.2.11-40.el9.x86_64                            20/84 
Test OLM installation	UNKNOWN STEP	2025-06-03T10:52:42.6476520Z #14 6.780   Installing       : readline-8.1-4.el9.x86_64                            21/84 
Test OLM installation	UNKNOWN STEP	2025-06-03T10:52:42.6477302Z #14 6.784   Installing       : libtasn1-4.16.0-9.el9.x86_64                         22/84 
Test OLM installation	UNKNOWN STEP	2025-06-03T10:52:42.6478084Z #14 6.788   Installing       : libxcrypt-4.4.18-3.el9.x86_64                        23/84 
Test OLM installation	UNKNOWN STEP	2025-06-03T10:52:42.6479144Z #14 6.795   Installing       : sqlite-libs-3.34.1-7.el9_3.x86_64                    24/84 
Test OLM installation	UNKNOWN STEP	2025-06-03T10:52:42.6480131Z #14 6.798   Installing       : alternatives-1.24-2.el9.x86_64                       25/84 
Test OLM installation	UNKNOWN STEP	2025-06-03T10:52:42.6480904Z #14 6.804   Installing       : gmp-1:6.2.0-13.el9.x86_64                            26/84 
Test OLM installation	UNKNOWN STEP	2025-06-03T10:52:42.6481666Z #14 6.808   Installing       : libattr-2.5.1-3.el9.x86_64                           27/84 
Test OLM installation	UNKNOWN STEP	2025-06-03T10:52:42.6482436Z #14 6.810   Installing       : libacl-2.3.1-4.el9.x86_64                            28/84 
Test OLM installation	UNKNOWN STEP	2025-06-03T10:52:42.6483387Z #14 6.816   Installing       : libcap-2.48-9.el9_2.x86_64                           29/84 
Test OLM installation	UNKNOWN STEP	2025-06-03T10:52:42.6483870Z #14 6.820   Installing       : libffi-3.4.2-8.el9.x86_64                            30/84 
Test OLM installation	UNKNOWN STEP	2025-06-03T10:52:42.8048457Z #14 6.831   Installing       : p11-kit-0.25.3-3.el9_5.x86_64                        31/84 
Test OLM installation	UNKNOWN STEP	2025-06-03T10:52:42.8049288Z #14 6.837   Installing       : p11-kit-trust-0.25.3-3.el9_5.x86_64                  32/84 
Test OLM installation	UNKNOWN STEP	2025-06-03T10:52:42.9006475Z #14 6.838   Running scriptlet: p11-kit-trust-0.25.3-3.el9_5.x86_64                  32/84 
Test OLM installation	UNKNOWN STEP	2025-06-03T10:52:43.0021876Z #14 7.085   Installing       : libsigsegv-2.13-4.el9.x86_64                         33/84 
Test OLM installation	UNKNOWN STEP	2025-06-03T10:52:43.0022910Z #14 7.094   Installing       : libunistring-0.9.10-15.el9.x86_64                    34/84 
Test OLM installation	UNKNOWN STEP	2025-06-03T10:52:43.0023449Z #14 7.098   Installing       : lua-libs-5.4.4-4.el9.x86_64                          35/84 
Test OLM installation	UNKNOWN STEP	2025-06-03T10:52:43.0023946Z #14 7.101   Installing       : xz-libs-5.2.5-8.el9_0.x86_64                         36/84 
Test OLM installation	UNKNOWN STEP	2025-06-03T10:52:43.0024446Z #14 7.106   Installing       : lua-5.4.4-4.el9.x86_64                               37/84 
Test OLM installation	UNKNOWN STEP	2025-06-03T10:52:43.0025084Z #14 7.120   Installing       : lua-posix-35.0-8.el9.x86_64                          38/84 
Test OLM installation	UNKNOWN STEP	2025-06-03T10:52:43.0025585Z #14 7.127   Installing       : libidn2-2.3.0-7.el9.x86_64                           39/84 
Test OLM installation	UNKNOWN STEP	2025-06-03T10:52:43.0026085Z #14 7.134   Installing       : mpfr-4.1.0-7.el9.x86_64                              40/84 
Test OLM installation	UNKNOWN STEP	2025-06-03T10:52:43.0026553Z #14 7.149   Installing       : gawk-5.1.0-6.el9.x86_64                              41/84 
Test OLM installation	UNKNOWN STEP	2025-06-03T10:52:43.0027050Z #14 7.157   Installing       : nss-softokn-freebl-3.101.0-10.el9_2.x86_64           42/84 
Test OLM installation	UNKNOWN STEP	2025-06-03T10:52:43.0027562Z #14 7.166   Installing       : nss-softokn-3.101.0-10.el9_2.x86_64                  43/84 
Test OLM installation	UNKNOWN STEP	2025-06-03T10:52:43.0028070Z #14 7.171   Installing       : lksctp-tools-1.0.19-3.el9_4.x86_64                   44/84 
Test OLM installation	UNKNOWN STEP	2025-06-03T10:52:43.0028574Z #14 7.175   Installing       : bzip2-libs-1.0.8-10.el9_5.x86_64                     45/84 
Test OLM installation	UNKNOWN STEP	2025-06-03T10:52:43.0029059Z #14 7.179   Installing       : expat-2.5.0-5.el9_6.x86_64                           46/84 
Test OLM installation	UNKNOWN STEP	2025-06-03T10:52:43.0029544Z #14 7.183   Installing       : gdbm-libs-1:1.23-1.el9.x86_64                        47/84 
Test OLM installation	UNKNOWN STEP	2025-06-03T10:52:43.1063131Z #14 7.186   Installing       : keyutils-libs-1.6.3-1.el9.x86_64                     48/84 
Test OLM installation	UNKNOWN STEP	2025-06-03T10:52:43.1065524Z #14 7.190   Installing       : libcom_err-1.46.5-7.el9.x86_64                       49/84 
Test OLM installation	UNKNOWN STEP	2025-06-03T10:52:43.1066390Z #14 7.195   Installing       : libgpg-error-1.42-5.el9.x86_64                       50/84 
Test OLM installation	UNKNOWN STEP	2025-06-03T10:52:43.1067216Z #14 7.203   Installing       : libgcrypt-1.10.0-11.el9.x86_64                       51/84 
Test OLM installation	UNKNOWN STEP	2025-06-03T10:52:43.1068024Z #14 7.208   Installing       : libsepol-3.6-2.el9.x86_64                            52/84 
Test OLM installation	UNKNOWN STEP	2025-06-03T10:52:43.1068770Z #14 7.212   Installing       : libuuid-2.37.4-21.el9.x86_64                         53/84 
Test OLM installation	UNKNOWN STEP	2025-06-03T10:52:43.1069310Z #14 7.215   Installing       : libverto-0.3.2-3.el9.x86_64                          54/84 
Test OLM installation	UNKNOWN STEP	2025-06-03T10:52:43.1070229Z #14 7.221   Installing       : libzstd-1.5.5-1.el9.x86_64                           55/84 
Test OLM installation	UNKNOWN STEP	2025-06-03T10:52:43.1070742Z #14 7.224   Installing       : lz4-libs-1.9.3-5.el9.x86_64                          56/84 
Test OLM installation	UNKNOWN STEP	2025-06-03T10:52:43.1071514Z #14 7.232   Installing       : nettle-3.10.1-1.el9.x86_64                           57/84 
Test OLM installation	UNKNOWN STEP	2025-06-03T10:52:43.1072006Z #14 7.244   Installing       : gnutls-3.8.3-6.el9.x86_64                            58/84 
Test OLM installation	UNKNOWN STEP	2025-06-03T10:52:43.1072496Z #14 7.250   Installing       : pcre-8.44-4.el9.x86_64                               59/84 
Test OLM installation	UNKNOWN STEP	2025-06-03T10:52:43.1073014Z #14 7.255   Installing       : grep-3.6-5.el9.x86_64                                60/84 
Test OLM installation	UNKNOWN STEP	2025-06-03T10:52:43.1073506Z #14 7.261   Installing       : pcre2-10.40-6.el9.x86_64                             61/84 
Test OLM installation	UNKNOWN STEP	2025-06-03T10:52:43.1074155Z #14 7.264   Installing       : libselinux-3.6-3.el9.x86_64                          62/84 
Test OLM installation	UNKNOWN STEP	2025-06-03T10:52:43.1074691Z #14 7.285   Installing       : coreutils-single-8.32-39.el9.x86_64                  63/84 
Test OLM installation	UNKNOWN STEP	2025-06-03T10:52:43.2605141Z #14 7.290   Installing       : sed-4.8-9.el9.x86_64                                 64/84 
Test OLM installation	UNKNOWN STEP	2025-06-03T10:52:43.3633225Z #14 7.294   Running scriptlet: ca-certificates-2024.2.69_v8.0.303-91.4.el9_4.noar   65/84 
Test OLM installation	UNKNOWN STEP	2025-06-03T10:52:43.5176512Z #14 7.547   Installing       : ca-certificates-2024.2.69_v8.0.303-91.4.el9_4.noar   65/84 
Test OLM installation	UNKNOWN STEP	2025-06-03T10:52:44.6755298Z #14 7.551   Running scriptlet: ca-certificates-2024.2.69_v8.0.303-91.4.el9_4.noar   65/84 
Test OLM installation	UNKNOWN STEP	2025-06-03T10:52:44.8910044Z #14 8.859   Installing       : python3-pip-wheel-21.3.1-1.el9.noarch                66/84 
Test OLM installation	UNKNOWN STEP	2025-06-03T10:52:44.8910935Z #14 8.867   Installing       : openssl-fips-provider-so-3.0.7-6.el9_5.x86_64        67/84 
Test OLM installation	UNKNOWN STEP	2025-06-03T10:52:44.8911782Z #14 8.869   Installing       : openssl-fips-provider-3.0.7-6.el9_5.x86_64           68/84 
Test OLM installation	UNKNOWN STEP	2025-06-03T10:52:44.8912606Z #14 8.895   Installing       : openssl-libs-1:3.2.2-6.el9_5.1.x86_64                69/84 
Test OLM installation	UNKNOWN STEP	2025-06-03T10:52:44.8913385Z #14 8.912   Installing       : krb5-libs-1.21.1-6.el9.x86_64                        70/84 
Test OLM installation	UNKNOWN STEP	2025-06-03T10:52:44.8914159Z #14 8.921   Installing       : libevent-2.1.12-8.el9_4.x86_64                       71/84 
Test OLM installation	UNKNOWN STEP	2025-06-03T10:52:45.0873953Z #14 8.925   Installing       : python3-3.9.21-2.el9.x86_64                          72/84 
Test OLM installation	UNKNOWN STEP	2025-06-03T10:52:45.2759405Z #14 9.271   Installing       : python3-libs-3.9.21-2.el9.x86_64                     73/84 
Test OLM installation	UNKNOWN STEP	2025-06-03T10:52:45.2760450Z #14 9.292   Installing       : crypto-policies-scripts-20250128-1.git5269e22.el9.   74/84 
Test OLM installation	UNKNOWN STEP	2025-06-03T10:52:45.2761019Z #14 9.296   Installing       : nss-sysinit-3.101.0-10.el9_2.x86_64                  75/84 
Test OLM installation	UNKNOWN STEP	2025-06-03T10:52:45.2761513Z #14 9.307   Installing       : nss-3.101.0-10.el9_2.x86_64                          76/84 
Test OLM installation	UNKNOWN STEP	2025-06-03T10:52:45.3762338Z #14 9.309   Running scriptlet: nss-3.101.0-10.el9_2.x86_64                          76/84 
Test OLM installation	UNKNOWN STEP	2025-06-03T10:52:45.5296457Z #14 9.560   Installing       : systemd-libs-252-51.el9.x86_64                       77/84 
Test OLM installation	UNKNOWN STEP	2025-06-03T10:52:45.6351460Z #14 9.564   Running scriptlet: systemd-libs-252-51.el9.x86_64                       77/84 
Test OLM installation	UNKNOWN STEP	2025-06-03T10:52:45.8251618Z #14 9.819   Installing       : dbus-libs-1:1.12.20-8.el9.x86_64                     78/84 
Test OLM installation	UNKNOWN STEP	2025-06-03T10:52:45.8252343Z #14 9.824   Installing       : avahi-libs-0.8-22.el9_6.x86_64                       79/84 
Test OLM installation	UNKNOWN STEP	2025-06-03T10:52:45.8252828Z #14 9.831   Installing       : cups-libs-1:2.3.3op2-33.el9.x86_64                   80/84 
Test OLM installation	UNKNOWN STEP	2025-06-03T10:52:45.8253300Z #14 9.838   Installing       : findutils-1:4.8.0-7.el9.x86_64                       81/84 
Test OLM installation	UNKNOWN STEP	2025-06-03T10:52:45.8253761Z #14 9.841   Installing       : copy-jdk-configs-4.0-3.el9.noarch                    82/84 
Test OLM installation	UNKNOWN STEP	2025-06-03T10:52:46.3350047Z #14 9.859   Installing       : alsa-lib-1.2.13-2.el9.x86_64                         83/84 
Test OLM installation	UNKNOWN STEP	2025-06-03T10:52:46.4913337Z #14 10.52   Installing       : java-21-openjdk-headless-1:21.0.7.0.6-1.el9.x86_64   84/84 
Test OLM installation	UNKNOWN STEP	2025-06-03T10:52:46.5957840Z #14 10.52   Running scriptlet: java-21-openjdk-headless-1:21.0.7.0.6-1.el9.x86_64   84/84 
Test OLM installation	UNKNOWN STEP	2025-06-03T10:52:46.8435254Z #14 10.78   Running scriptlet: filesystem-3.16-5.el9.x86_64                         84/84 
Test OLM installation	UNKNOWN STEP	2025-06-03T10:52:48.5709041Z #14 11.03   Running scriptlet: ca-certificates-2024.2.69_v8.0.303-91.4.el9_4.noar   84/84 
Test OLM installation	UNKNOWN STEP	2025-06-03T10:52:49.1664755Z #14 12.75   Running scriptlet: crypto-policies-scripts-20250128-1.git5269e22.el9.   84/84 
Test OLM installation	UNKNOWN STEP	2025-06-03T10:52:49.7483658Z #14 13.35   Running scriptlet: nss-3.101.0-10.el9_2.x86_64                          84/84 
Test OLM installation	UNKNOWN STEP	2025-06-03T10:52:49.9925248Z #14 13.93   Running scriptlet: copy-jdk-configs-4.0-3.el9.noarch                    84/84 
Test OLM installation	UNKNOWN STEP	2025-06-03T10:52:50.5332902Z #14 14.18   Running scriptlet: java-21-openjdk-headless-1:21.0.7.0.6-1.el9.x86_64   84/84 
Test OLM installation	UNKNOWN STEP	2025-06-03T10:52:50.6385072Z #14 14.72   Verifying        : alternatives-1.24-2.el9.x86_64                        1/84 
Test OLM installation	UNKNOWN STEP	2025-06-03T10:52:50.6385912Z #14 14.72   Verifying        : avahi-libs-0.8-22.el9_6.x86_64                        2/84 
Test OLM installation	UNKNOWN STEP	2025-06-03T10:52:50.6386667Z #14 14.72   Verifying        : basesystem-11-13.el9.noarch                           3/84 
Test OLM installation	UNKNOWN STEP	2025-06-03T10:52:50.6387400Z #14 14.72   Verifying        : bash-5.1.8-9.el9.x86_64                               4/84 
Test OLM installation	UNKNOWN STEP	2025-06-03T10:52:50.6388120Z #14 14.72   Verifying        : bzip2-libs-1.0.8-10.el9_5.x86_64                      5/84 
Test OLM installation	UNKNOWN STEP	2025-06-03T10:52:50.6388807Z #14 14.72   Verifying        : ca-certificates-2024.2.69_v8.0.303-91.4.el9_4.noar    6/84 
Test OLM installation	UNKNOWN STEP	2025-06-03T10:52:50.6389289Z #14 14.72   Verifying        : coreutils-single-8.32-39.el9.x86_64                   7/84 
Test OLM installation	UNKNOWN STEP	2025-06-03T10:52:50.6390075Z #14 14.72   Verifying        : crypto-policies-20250128-1.git5269e22.el9.noarch      8/84 
Test OLM installation	UNKNOWN STEP	2025-06-03T10:52:50.6390617Z #14 14.72   Verifying        : crypto-policies-scripts-20250128-1.git5269e22.el9.    9/84 
Test OLM installation	UNKNOWN STEP	2025-06-03T10:52:50.6391102Z #14 14.72   Verifying        : cups-libs-1:2.3.3op2-33.el9.x86_64                   10/84 
Test OLM installation	UNKNOWN STEP	2025-06-03T10:52:50.6391523Z #14 14.72   Verifying        : dbus-libs-1:1.12.20-8.el9.x86_64                     11/84 
Test OLM installation	UNKNOWN STEP	2025-06-03T10:52:50.6391938Z #14 14.72   Verifying        : expat-2.5.0-5.el9_6.x86_64                           12/84 
Test OLM installation	UNKNOWN STEP	2025-06-03T10:52:50.6392359Z #14 14.72   Verifying        : filesystem-3.16-5.el9.x86_64                         13/84 
Test OLM installation	UNKNOWN STEP	2025-06-03T10:52:50.6392779Z #14 14.72   Verifying        : findutils-1:4.8.0-7.el9.x86_64                       14/84 
Test OLM installation	UNKNOWN STEP	2025-06-03T10:52:50.6393182Z #14 14.72   Verifying        : gawk-5.1.0-6.el9.x86_64                              15/84 
Test OLM installation	UNKNOWN STEP	2025-06-03T10:52:50.6393584Z #14 14.72   Verifying        : gdbm-libs-1:1.23-1.el9.x86_64                        16/84 
Test OLM installation	UNKNOWN STEP	2025-06-03T10:52:50.6393991Z #14 14.72   Verifying        : glibc-2.34-168.el9_6.14.x86_64                       17/84 
Test OLM installation	UNKNOWN STEP	2025-06-03T10:52:50.6394419Z #14 14.72   Verifying        : glibc-common-2.34-168.el9_6.14.x86_64                18/84 
Test OLM installation	UNKNOWN STEP	2025-06-03T10:52:50.6394848Z #14 14.72   Verifying        : glibc-langpack-en-2.34-168.el9_6.14.x86_64           19/84 
Test OLM installation	UNKNOWN STEP	2025-06-03T10:52:50.6395263Z #14 14.72   Verifying        : gmp-1:6.2.0-13.el9.x86_64                            20/84 
Test OLM installation	UNKNOWN STEP	2025-06-03T10:52:50.6395666Z #14 14.72   Verifying        : gnutls-3.8.3-6.el9.x86_64                            21/84 
Test OLM installation	UNKNOWN STEP	2025-06-03T10:52:50.6396075Z #14 14.72   Verifying        : grep-3.6-5.el9.x86_64                                22/84 
Test OLM installation	UNKNOWN STEP	2025-06-03T10:52:50.6396492Z #14 14.72   Verifying        : keyutils-libs-1.6.3-1.el9.x86_64                     23/84 
Test OLM installation	UNKNOWN STEP	2025-06-03T10:52:50.6396912Z #14 14.72   Verifying        : krb5-libs-1.21.1-6.el9.x86_64                        24/84 
Test OLM installation	UNKNOWN STEP	2025-06-03T10:52:50.6397342Z #14 14.72   Verifying        : libacl-2.3.1-4.el9.x86_64                            25/84 
Test OLM installation	UNKNOWN STEP	2025-06-03T10:52:50.6397744Z #14 14.72   Verifying        : libattr-2.5.1-3.el9.x86_64                           26/84 
Test OLM installation	UNKNOWN STEP	2025-06-03T10:52:50.6398157Z #14 14.72   Verifying        : libcap-2.48-9.el9_2.x86_64                           27/84 
Test OLM installation	UNKNOWN STEP	2025-06-03T10:52:50.6398569Z #14 14.72   Verifying        : libcom_err-1.46.5-7.el9.x86_64                       28/84 
Test OLM installation	UNKNOWN STEP	2025-06-03T10:52:50.6398982Z #14 14.72   Verifying        : libevent-2.1.12-8.el9_4.x86_64                       29/84 
Test OLM installation	UNKNOWN STEP	2025-06-03T10:52:50.6399590Z #14 14.72   Verifying        : libffi-3.4.2-8.el9.x86_64                            30/84 
Test OLM installation	UNKNOWN STEP	2025-06-03T10:52:50.6400128Z #14 14.72   Verifying        : libgcc-11.5.0-5.el9_5.x86_64                         31/84 
Test OLM installation	UNKNOWN STEP	2025-06-03T10:52:50.6400543Z #14 14.72   Verifying        : libgcrypt-1.10.0-11.el9.x86_64                       32/84 
Test OLM installation	UNKNOWN STEP	2025-06-03T10:52:50.6400970Z #14 14.72   Verifying        : libgpg-error-1.42-5.el9.x86_64                       33/84 
Test OLM installation	UNKNOWN STEP	2025-06-03T10:52:50.6401383Z #14 14.72   Verifying        : libidn2-2.3.0-7.el9.x86_64                           34/84 
Test OLM installation	UNKNOWN STEP	2025-06-03T10:52:50.6401918Z #14 14.72   Verifying        : libselinux-3.6-3.el9.x86_64                          35/84 
Test OLM installation	UNKNOWN STEP	2025-06-03T10:52:50.6402365Z #14 14.72   Verifying        : libsepol-3.6-2.el9.x86_64                            36/84 
Test OLM installation	UNKNOWN STEP	2025-06-03T10:52:50.6402797Z #14 14.72   Verifying        : libsigsegv-2.13-4.el9.x86_64                         37/84 
Test OLM installation	UNKNOWN STEP	2025-06-03T10:52:50.6403239Z #14 14.72   Verifying        : libtasn1-4.16.0-9.el9.x86_64                         38/84 
Test OLM installation	UNKNOWN STEP	2025-06-03T10:52:50.6403686Z #14 14.72   Verifying        : libunistring-0.9.10-15.el9.x86_64                    39/84 
Test OLM installation	UNKNOWN STEP	2025-06-03T10:52:50.6404116Z #14 14.72   Verifying        : libuuid-2.37.4-21.el9.x86_64                         40/84 
Test OLM installation	UNKNOWN STEP	2025-06-03T10:52:50.6404530Z #14 14.72   Verifying        : libverto-0.3.2-3.el9.x86_64                          41/84 
Test OLM installation	UNKNOWN STEP	2025-06-03T10:52:50.6404957Z #14 14.72   Verifying        : libxcrypt-4.4.18-3.el9.x86_64                        42/84 
Test OLM installation	UNKNOWN STEP	2025-06-03T10:52:50.6405375Z #14 14.72   Verifying        : libzstd-1.5.5-1.el9.x86_64                           43/84 
Test OLM installation	UNKNOWN STEP	2025-06-03T10:52:50.6405796Z #14 14.72   Verifying        : lksctp-tools-1.0.19-3.el9_4.x86_64                   44/84 
Test OLM installation	UNKNOWN STEP	2025-06-03T10:52:50.6406209Z #14 14.72   Verifying        : lua-libs-5.4.4-4.el9.x86_64                          45/84 
Test OLM installation	UNKNOWN STEP	2025-06-03T10:52:50.6406617Z #14 14.72   Verifying        : lz4-libs-1.9.3-5.el9.x86_64                          46/84 
Test OLM installation	UNKNOWN STEP	2025-06-03T10:52:50.6407020Z #14 14.72   Verifying        : mpfr-4.1.0-7.el9.x86_64                              47/84 
Test OLM installation	UNKNOWN STEP	2025-06-03T10:52:50.6407442Z #14 14.72   Verifying        : ncurses-base-6.2-10.20210508.el9.noarch              48/84 
Test OLM installation	UNKNOWN STEP	2025-06-03T10:52:50.6407868Z #14 14.72   Verifying        : ncurses-libs-6.2-10.20210508.el9.x86_64              49/84 
Test OLM installation	UNKNOWN STEP	2025-06-03T10:52:50.6408286Z #14 14.72   Verifying        : nettle-3.10.1-1.el9.x86_64                           50/84 
Test OLM installation	UNKNOWN STEP	2025-06-03T10:52:50.6408730Z #14 14.72   Verifying        : openssl-fips-provider-3.0.7-6.el9_5.x86_64           51/84 
Test OLM installation	UNKNOWN STEP	2025-06-03T10:52:50.6409191Z #14 14.72   Verifying        : openssl-fips-provider-so-3.0.7-6.el9_5.x86_64        52/84 
Test OLM installation	UNKNOWN STEP	2025-06-03T10:52:50.6409628Z #14 14.72   Verifying        : openssl-libs-1:3.2.2-6.el9_5.1.x86_64                53/84 
Test OLM installation	UNKNOWN STEP	2025-06-03T10:52:50.6410158Z #14 14.72   Verifying        : p11-kit-0.25.3-3.el9_5.x86_64                        54/84 
Test OLM installation	UNKNOWN STEP	2025-06-03T10:52:50.6410577Z #14 14.72   Verifying        : p11-kit-trust-0.25.3-3.el9_5.x86_64                  55/84 
Test OLM installation	UNKNOWN STEP	2025-06-03T10:52:50.6410994Z #14 14.72   Verifying        : pcre-8.44-4.el9.x86_64                               56/84 
Test OLM installation	UNKNOWN STEP	2025-06-03T10:52:50.6411431Z #14 14.72   Verifying        : pcre2-10.40-6.el9.x86_64                             57/84 
Test OLM installation	UNKNOWN STEP	2025-06-03T10:52:50.6411865Z #14 14.72   Verifying        : pcre2-syntax-10.40-6.el9.noarch                      58/84 
Test OLM installation	UNKNOWN STEP	2025-06-03T10:52:50.6412311Z #14 14.72   Verifying        : python3-3.9.21-2.el9.x86_64                          59/84 
Test OLM installation	UNKNOWN STEP	2025-06-03T10:52:50.6412735Z #14 14.72   Verifying        : python3-libs-3.9.21-2.el9.x86_64                     60/84 
Test OLM installation	UNKNOWN STEP	2025-06-03T10:52:50.6413185Z #14 14.72   Verifying        : python3-pip-wheel-21.3.1-1.el9.noarch                61/84 
Test OLM installation	UNKNOWN STEP	2025-06-03T10:52:50.6413648Z #14 14.72   Verifying        : python3-setuptools-wheel-53.0.0-13.el9.noarch        62/84 
Test OLM installation	UNKNOWN STEP	2025-06-03T10:52:50.6414096Z #14 14.72   Verifying        : readline-8.1-4.el9.x86_64                            63/84 
Test OLM installation	UNKNOWN STEP	2025-06-03T10:52:50.6414521Z #14 14.72   Verifying        : redhat-release-9.6-0.1.el9.x86_64                    64/84 
Test OLM installation	UNKNOWN STEP	2025-06-03T10:52:50.6415058Z #14 14.72   Verifying        : sed-4.8-9.el9.x86_64                                 65/84 
Test OLM installation	UNKNOWN STEP	2025-06-03T10:52:50.6415465Z #14 14.72   Verifying        : setup-2.13.7-10.el9.noarch                           66/84 
Test OLM installation	UNKNOWN STEP	2025-06-03T10:52:50.6415887Z #14 14.72   Verifying        : sqlite-libs-3.34.1-7.el9_3.x86_64                    67/84 
Test OLM installation	UNKNOWN STEP	2025-06-03T10:52:50.6416310Z #14 14.72   Verifying        : systemd-libs-252-51.el9.x86_64                       68/84 
Test OLM installation	UNKNOWN STEP	2025-06-03T10:52:50.6416739Z #14 14.72   Verifying        : tzdata-2025b-1.el9.noarch                            69/84 
Test OLM installation	UNKNOWN STEP	2025-06-03T10:52:50.6417264Z #14 14.72   Verifying        : xz-libs-5.2.5-8.el9_0.x86_64                         70/84 
Test OLM installation	UNKNOWN STEP	2025-06-03T10:52:50.6417670Z #14 14.72   Verifying        : zlib-1.2.11-40.el9.x86_64                            71/84 
Test OLM installation	UNKNOWN STEP	2025-06-03T10:52:50.6418095Z #14 14.72   Verifying        : copy-jdk-configs-4.0-3.el9.noarch                    72/84 
Test OLM installation	UNKNOWN STEP	2025-06-03T10:52:50.6418517Z #14 14.72   Verifying        : lua-5.4.4-4.el9.x86_64                               73/84 
Test OLM installation	UNKNOWN STEP	2025-06-03T10:52:50.6418923Z #14 14.72   Verifying        : lua-posix-35.0-8.el9.x86_64                          74/84 
Test OLM installation	UNKNOWN STEP	2025-06-03T10:52:50.6419334Z #14 14.72   Verifying        : alsa-lib-1.2.13-2.el9.x86_64                         75/84 
Test OLM installation	UNKNOWN STEP	2025-06-03T10:52:50.6419896Z #14 14.72   Verifying        : java-21-openjdk-headless-1:21.0.7.0.6-1.el9.x86_64   76/84 
Test OLM installation	UNKNOWN STEP	2025-06-03T10:52:50.6420348Z #14 14.72   Verifying        : javapackages-filesystem-6.4.0-1.el9.noarch           77/84 
Test OLM installation	UNKNOWN STEP	2025-06-03T10:52:50.6420790Z #14 14.72   Verifying        : nspr-4.35.0-17.el9_2.x86_64                          78/84 
Test OLM installation	UNKNOWN STEP	2025-06-03T10:52:50.6421190Z #14 14.72   Verifying        : nss-3.101.0-10.el9_2.x86_64                          79/84 
Test OLM installation	UNKNOWN STEP	2025-06-03T10:52:50.6421603Z #14 14.72   Verifying        : nss-softokn-3.101.0-10.el9_2.x86_64                  80/84 
Test OLM installation	UNKNOWN STEP	2025-06-03T10:52:50.6422040Z #14 14.72   Verifying        : nss-softokn-freebl-3.101.0-10.el9_2.x86_64           81/84 
Test OLM installation	UNKNOWN STEP	2025-06-03T10:52:50.6422490Z #14 14.72   Verifying        : nss-sysinit-3.101.0-10.el9_2.x86_64                  82/84 
Test OLM installation	UNKNOWN STEP	2025-06-03T10:52:50.6422900Z #14 14.72   Verifying        : nss-util-3.101.0-10.el9_2.x86_64                     83/84 
Test OLM installation	UNKNOWN STEP	2025-06-03T10:52:50.6423324Z #14 14.72   Verifying        : tzdata-java-2025b-1.el9.noarch                       84/84 
Test OLM installation	UNKNOWN STEP	2025-06-03T10:52:50.6423685Z #14 14.82 Installed products updated.
Test OLM installation	UNKNOWN STEP	2025-06-03T10:52:50.7548152Z #14 14.83 
Test OLM installation	UNKNOWN STEP	2025-06-03T10:52:50.7548654Z #14 14.83 Installed:
Test OLM installation	UNKNOWN STEP	2025-06-03T10:52:50.7549263Z #14 14.83   alsa-lib-1.2.13-2.el9.x86_64                                                  
Test OLM installation	UNKNOWN STEP	2025-06-03T10:52:50.7550120Z #14 14.83   alternatives-1.24-2.el9.x86_64                                                
Test OLM installation	UNKNOWN STEP	2025-06-03T10:52:50.7550619Z #14 14.83   avahi-libs-0.8-22.el9_6.x86_64                                                
Test OLM installation	UNKNOWN STEP	2025-06-03T10:52:50.7551076Z #14 14.83   basesystem-11-13.el9.noarch                                                   
Test OLM installation	UNKNOWN STEP	2025-06-03T10:52:50.7551519Z #14 14.83   bash-5.1.8-9.el9.x86_64                                                       
Test OLM installation	UNKNOWN STEP	2025-06-03T10:52:50.7551947Z #14 14.83   bzip2-libs-1.0.8-10.el9_5.x86_64                                              
Test OLM installation	UNKNOWN STEP	2025-06-03T10:52:50.7552419Z #14 14.83   ca-certificates-2024.2.69_v8.0.303-91.4.el9_4.noarch                          
Test OLM installation	UNKNOWN STEP	2025-06-03T10:52:50.7552913Z #14 14.83   copy-jdk-configs-4.0-3.el9.noarch                                             
Test OLM installation	UNKNOWN STEP	2025-06-03T10:52:50.7553381Z #14 14.83   coreutils-single-8.32-39.el9.x86_64                                           
Test OLM installation	UNKNOWN STEP	2025-06-03T10:52:50.7554042Z #14 14.83   crypto-policies-20250128-1.git5269e22.el9.noarch                              
Test OLM installation	UNKNOWN STEP	2025-06-03T10:52:50.7554580Z #14 14.83   crypto-policies-scripts-20250128-1.git5269e22.el9.noarch                      
Test OLM installation	UNKNOWN STEP	2025-06-03T10:52:50.7555060Z #14 14.83   cups-libs-1:2.3.3op2-33.el9.x86_64                                            
Test OLM installation	UNKNOWN STEP	2025-06-03T10:52:50.7555731Z #14 14.83   dbus-libs-1:1.12.20-8.el9.x86_64                                              
Test OLM installation	UNKNOWN STEP	2025-06-03T10:52:50.7556123Z #14 14.83   expat-2.5.0-5.el9_6.x86_64                                                    
Test OLM installation	UNKNOWN STEP	2025-06-03T10:52:50.7556518Z #14 14.83   filesystem-3.16-5.el9.x86_64                                                  
Test OLM installation	UNKNOWN STEP	2025-06-03T10:52:50.7557178Z #14 14.83   findutils-1:4.8.0-7.el9.x86_64                                                
Test OLM installation	UNKNOWN STEP	2025-06-03T10:52:50.7557872Z #14 14.83   gawk-5.1.0-6.el9.x86_64                                                       
Test OLM installation	UNKNOWN STEP	2025-06-03T10:52:50.7558807Z #14 14.83   gdbm-libs-1:1.23-1.el9.x86_64                                                 
Test OLM installation	UNKNOWN STEP	2025-06-03T10:52:50.7559253Z #14 14.83   glibc-2.34-168.el9_6.14.x86_64                                                
Test OLM installation	UNKNOWN STEP	2025-06-03T10:52:50.7559779Z #14 14.83   glibc-common-2.34-168.el9_6.14.x86_64                                         
Test OLM installation	UNKNOWN STEP	2025-06-03T10:52:50.7560227Z #14 14.83   glibc-langpack-en-2.34-168.el9_6.14.x86_64                                    
Test OLM installation	UNKNOWN STEP	2025-06-03T10:52:50.7560643Z #14 14.83   gmp-1:6.2.0-13.el9.x86_64                                                     
Test OLM installation	UNKNOWN STEP	2025-06-03T10:52:50.7561012Z #14 14.83   gnutls-3.8.3-6.el9.x86_64                                                     
Test OLM installation	UNKNOWN STEP	2025-06-03T10:52:50.7561376Z #14 14.83   grep-3.6-5.el9.x86_64                                                         
Test OLM installation	UNKNOWN STEP	2025-06-03T10:52:50.7561788Z #14 14.83   java-21-openjdk-headless-1:21.0.7.0.6-1.el9.x86_64                            
Test OLM installation	UNKNOWN STEP	2025-06-03T10:52:50.7562261Z #14 14.83   javapackages-filesystem-6.4.0-1.el9.noarch                                    
Test OLM installation	UNKNOWN STEP	2025-06-03T10:52:50.7562729Z #14 14.83   keyutils-libs-1.6.3-1.el9.x86_64                                              
Test OLM installation	UNKNOWN STEP	2025-06-03T10:52:50.7563134Z #14 14.83   krb5-libs-1.21.1-6.el9.x86_64                                                 
Test OLM installation	UNKNOWN STEP	2025-06-03T10:52:50.7563515Z #14 14.83   libacl-2.3.1-4.el9.x86_64                                                     
Test OLM installation	UNKNOWN STEP	2025-06-03T10:52:50.7563897Z #14 14.83   libattr-2.5.1-3.el9.x86_64                                                    
Test OLM installation	UNKNOWN STEP	2025-06-03T10:52:50.7564273Z #14 14.83   libcap-2.48-9.el9_2.x86_64                                                    
Test OLM installation	UNKNOWN STEP	2025-06-03T10:52:50.7564910Z #14 14.83   libcom_err-1.46.5-7.el9.x86_64                                                
Test OLM installation	UNKNOWN STEP	2025-06-03T10:52:50.7565521Z #14 14.83   libevent-2.1.12-8.el9_4.x86_64                                                
Test OLM installation	UNKNOWN STEP	2025-06-03T10:52:50.7566128Z #14 14.83   libffi-3.4.2-8.el9.x86_64                                                     
Test OLM installation	UNKNOWN STEP	2025-06-03T10:52:50.7566761Z #14 14.83   libgcc-11.5.0-5.el9_5.x86_64                                                  
Test OLM installation	UNKNOWN STEP	2025-06-03T10:52:50.7567459Z #14 14.83   libgcrypt-1.10.0-11.el9.x86_64                                                
Test OLM installation	UNKNOWN STEP	2025-06-03T10:52:50.7568157Z #14 14.83   libgpg-error-1.42-5.el9.x86_64                                                
Test OLM installation	UNKNOWN STEP	2025-06-03T10:52:50.7568849Z #14 14.83   libidn2-2.3.0-7.el9.x86_64                                                    
Test OLM installation	UNKNOWN STEP	2025-06-03T10:52:50.7569555Z #14 14.83   libselinux-3.6-3.el9.x86_64                                                   
Test OLM installation	UNKNOWN STEP	2025-06-03T10:52:50.7570399Z #14 14.83   libsepol-3.6-2.el9.x86_64                                                     
Test OLM installation	UNKNOWN STEP	2025-06-03T10:52:50.7571125Z #14 14.83   libsigsegv-2.13-4.el9.x86_64                                                  
Test OLM installation	UNKNOWN STEP	2025-06-03T10:52:50.7571957Z #14 14.83   libtasn1-4.16.0-9.el9.x86_64                                                  
Test OLM installation	UNKNOWN STEP	2025-06-03T10:52:50.7572689Z #14 14.83   libunistring-0.9.10-15.el9.x86_64                                             
Test OLM installation	UNKNOWN STEP	2025-06-03T10:52:50.7573415Z #14 14.83   libuuid-2.37.4-21.el9.x86_64                                                  
Test OLM installation	UNKNOWN STEP	2025-06-03T10:52:50.7574082Z #14 14.83   libverto-0.3.2-3.el9.x86_64                                                   
Test OLM installation	UNKNOWN STEP	2025-06-03T10:52:50.7574735Z #14 14.83   libxcrypt-4.4.18-3.el9.x86_64                                                 
Test OLM installation	UNKNOWN STEP	2025-06-03T10:52:50.7575423Z #14 14.83   libzstd-1.5.5-1.el9.x86_64                                                    
Test OLM installation	UNKNOWN STEP	2025-06-03T10:52:50.7576402Z #14 14.83   lksctp-tools-1.0.19-3.el9_4.x86_64                                            
Test OLM installation	UNKNOWN STEP	2025-06-03T10:52:50.7577081Z #14 14.83   lua-5.4.4-4.el9.x86_64                                                        
Test OLM installation	UNKNOWN STEP	2025-06-03T10:52:50.7577709Z #14 14.83   lua-libs-5.4.4-4.el9.x86_64                                                   
Test OLM installation	UNKNOWN STEP	2025-06-03T10:52:50.7578353Z #14 14.83   lua-posix-35.0-8.el9.x86_64                                                   
Test OLM installation	UNKNOWN STEP	2025-06-03T10:52:50.7579208Z #14 14.83   lz4-libs-1.9.3-5.el9.x86_64                                                   
Test OLM installation	UNKNOWN STEP	2025-06-03T10:52:50.7580067Z #14 14.83   mpfr-4.1.0-7.el9.x86_64                                                       
Test OLM installation	UNKNOWN STEP	2025-06-03T10:52:50.7580809Z #14 14.83   ncurses-base-6.2-10.20210508.el9.noarch                                       
Test OLM installation	UNKNOWN STEP	2025-06-03T10:52:50.7581593Z #14 14.83   ncurses-libs-6.2-10.20210508.el9.x86_64                                       
Test OLM installation	UNKNOWN STEP	2025-06-03T10:52:50.7582397Z #14 14.83   nettle-3.10.1-1.el9.x86_64                                                    
Test OLM installation	UNKNOWN STEP	2025-06-03T10:52:50.7583134Z #14 14.83   nspr-4.35.0-17.el9_2.x86_64                                                   
Test OLM installation	UNKNOWN STEP	2025-06-03T10:52:50.7583816Z #14 14.83   nss-3.101.0-10.el9_2.x86_64                                                   
Test OLM installation	UNKNOWN STEP	2025-06-03T10:52:50.7584475Z #14 14.83   nss-softokn-3.101.0-10.el9_2.x86_64                                           
Test OLM installation	UNKNOWN STEP	2025-06-03T10:52:50.7585221Z #14 14.83   nss-softokn-freebl-3.101.0-10.el9_2.x86_64                                    
Test OLM installation	UNKNOWN STEP	2025-06-03T10:52:50.7585935Z #14 14.83   nss-sysinit-3.101.0-10.el9_2.x86_64                                           
Test OLM installation	UNKNOWN STEP	2025-06-03T10:52:50.7586648Z #14 14.83   nss-util-3.101.0-10.el9_2.x86_64                                              
Test OLM installation	UNKNOWN STEP	2025-06-03T10:52:50.7587531Z #14 14.83   openssl-fips-provider-3.0.7-6.el9_5.x86_64                                    
Test OLM installation	UNKNOWN STEP	2025-06-03T10:52:50.7588122Z #14 14.83   openssl-fips-provider-so-3.0.7-6.el9_5.x86_64                                 
Test OLM installation	UNKNOWN STEP	2025-06-03T10:52:50.7588867Z #14 14.83   openssl-libs-1:3.2.2-6.el9_5.1.x86_64                                         
Test OLM installation	UNKNOWN STEP	2025-06-03T10:52:50.7589625Z #14 14.83   p11-kit-0.25.3-3.el9_5.x86_64                                                 
Test OLM installation	UNKNOWN STEP	2025-06-03T10:52:50.7590490Z #14 14.83   p11-kit-trust-0.25.3-3.el9_5.x86_64                                           
Test OLM installation	UNKNOWN STEP	2025-06-03T10:52:50.7591207Z #14 14.83   pcre-8.44-4.el9.x86_64                                                        
Test OLM installation	UNKNOWN STEP	2025-06-03T10:52:50.7591859Z #14 14.83   pcre2-10.40-6.el9.x86_64                                                      
Test OLM installation	UNKNOWN STEP	2025-06-03T10:52:50.7592530Z #14 14.83   pcre2-syntax-10.40-6.el9.noarch                                               
Test OLM installation	UNKNOWN STEP	2025-06-03T10:52:50.7592983Z #14 14.83   python3-3.9.21-2.el9.x86_64                                                   
Test OLM installation	UNKNOWN STEP	2025-06-03T10:52:50.7593382Z #14 14.83   python3-libs-3.9.21-2.el9.x86_64                                              
Test OLM installation	UNKNOWN STEP	2025-06-03T10:52:50.7593817Z #14 14.83   python3-pip-wheel-21.3.1-1.el9.noarch                                         
Test OLM installation	UNKNOWN STEP	2025-06-03T10:52:50.7594290Z #14 14.83   python3-setuptools-wheel-53.0.0-13.el9.noarch                                 
Test OLM installation	UNKNOWN STEP	2025-06-03T10:52:50.7594937Z #14 14.83   readline-8.1-4.el9.x86_64                                                     
Test OLM installation	UNKNOWN STEP	2025-06-03T10:52:50.7595645Z #14 14.83   redhat-release-9.6-0.1.el9.x86_64                                             
Test OLM installation	UNKNOWN STEP	2025-06-03T10:52:50.7596235Z #14 14.83   sed-4.8-9.el9.x86_64                                                          
Test OLM installation	UNKNOWN STEP	2025-06-03T10:52:50.7596740Z #14 14.83   setup-2.13.7-10.el9.noarch                                                    
Test OLM installation	UNKNOWN STEP	2025-06-03T10:52:50.7597315Z #14 14.83   sqlite-libs-3.34.1-7.el9_3.x86_64                                             
Test OLM installation	UNKNOWN STEP	2025-06-03T10:52:50.7598086Z #14 14.83   systemd-libs-252-51.el9.x86_64                                                
Test OLM installation	UNKNOWN STEP	2025-06-03T10:52:50.7598853Z #14 14.83   tzdata-2025b-1.el9.noarch                                                     
Test OLM installation	UNKNOWN STEP	2025-06-03T10:52:50.7599899Z #14 14.83   tzdata-java-2025b-1.el9.noarch                                                
Test OLM installation	UNKNOWN STEP	2025-06-03T10:52:50.7600345Z #14 14.83   xz-libs-5.2.5-8.el9_0.x86_64                                                  
Test OLM installation	UNKNOWN STEP	2025-06-03T10:52:50.7600756Z #14 14.83   zlib-1.2.11-40.el9.x86_64                                                     
Test OLM installation	UNKNOWN STEP	2025-06-03T10:52:50.7601062Z #14 14.83 
Test OLM installation	UNKNOWN STEP	2025-06-03T10:52:50.7601235Z #14 14.83 Complete!
Test OLM installation	UNKNOWN STEP	2025-06-03T10:52:50.7601479Z #14 14.94 + dnf --installroot /tmp/null/rootfs clean all
Test OLM installation	UNKNOWN STEP	2025-06-03T10:52:50.9878676Z #14 15.17 Updating Subscription Management repositories.
Test OLM installation	UNKNOWN STEP	2025-06-03T10:52:51.1901406Z #14 15.17 Unable to read consumer identity
Test OLM installation	UNKNOWN STEP	2025-06-03T10:52:51.1901922Z #14 15.17 
Test OLM installation	UNKNOWN STEP	2025-06-03T10:52:51.1902615Z #14 15.17 This system is not registered with an entitlement server. You can use subscription-manager to register.
Test OLM installation	UNKNOWN STEP	2025-06-03T10:52:51.1903380Z #14 15.17 
Test OLM installation	UNKNOWN STEP	2025-06-03T10:52:51.1903695Z #14 15.18 26 files removed
Test OLM installation	UNKNOWN STEP	2025-06-03T10:52:51.1905400Z #14 15.22 + rm -rf /tmp/null/rootfs/var/cache/bpf /tmp/null/rootfs/var/cache/dnf /tmp/null/rootfs/var/cache/ldconfig /tmp/null/rootfs/var/log/dnf.librepo.log /tmp/null/rootfs/var/log/dnf.log /tmp/null/rootfs/var/log/dnf.rpm.log '/tmp/null/rootfs/var/log/yum.*'
Test OLM installation	UNKNOWN STEP	2025-06-03T10:52:51.1907280Z #14 15.22 ==> Building dependency tree
Test OLM installation	UNKNOWN STEP	2025-06-03T10:52:51.4546331Z #14 15.64 ==> 42 packages to erase:
Test OLM installation	UNKNOWN STEP	2025-06-03T10:52:51.6098712Z #14 15.64 alsa-lib
Test OLM installation	UNKNOWN STEP	2025-06-03T10:52:51.6099561Z #14 15.64 avahi-libs
Test OLM installation	UNKNOWN STEP	2025-06-03T10:52:51.6100179Z #14 15.64 bzip2-libs
Test OLM installation	UNKNOWN STEP	2025-06-03T10:52:51.6100543Z #14 15.64 copy-jdk-configs
Test OLM installation	UNKNOWN STEP	2025-06-03T10:52:51.6100962Z #14 15.64 cups-libs
Test OLM installation	UNKNOWN STEP	2025-06-03T10:52:51.6101294Z #14 15.64 dbus-libs
Test OLM installation	UNKNOWN STEP	2025-06-03T10:52:51.6101607Z #14 15.64 expat
Test OLM installation	UNKNOWN STEP	2025-06-03T10:52:51.6101901Z #14 15.64 gawk
Test OLM installation	UNKNOWN STEP	2025-06-03T10:52:51.6102200Z #14 15.64 gdbm-libs
Test OLM installation	UNKNOWN STEP	2025-06-03T10:52:51.6102507Z #14 15.64 gmp
Test OLM installation	UNKNOWN STEP	2025-06-03T10:52:51.6102795Z #14 15.64 gnutls
Test OLM installation	UNKNOWN STEP	2025-06-03T10:52:51.6103109Z #14 15.64 gpg-pubkey
Test OLM installation	UNKNOWN STEP	2025-06-03T10:52:51.6103470Z #14 15.64 keyutils-libs
Test OLM installation	UNKNOWN STEP	2025-06-03T10:52:51.6103805Z #14 15.64 krb5-libs
Test OLM installation	UNKNOWN STEP	2025-06-03T10:52:51.6104118Z #14 15.64 libcom_err
Test OLM installation	UNKNOWN STEP	2025-06-03T10:52:51.6104434Z #14 15.64 libevent
Test OLM installation	UNKNOWN STEP	2025-06-03T10:52:51.6104735Z #14 15.64 libffi
Test OLM installation	UNKNOWN STEP	2025-06-03T10:52:51.6105035Z #14 15.64 libgcrypt
Test OLM installation	UNKNOWN STEP	2025-06-03T10:52:51.6105357Z #14 15.64 libgpg-error
Test OLM installation	UNKNOWN STEP	2025-06-03T10:52:51.6105682Z #14 15.64 libidn2
Test OLM installation	UNKNOWN STEP	2025-06-03T10:52:51.6105996Z #14 15.64 libunistring
Test OLM installation	UNKNOWN STEP	2025-06-03T10:52:51.6106328Z #14 15.64 libuuid
Test OLM installation	UNKNOWN STEP	2025-06-03T10:52:51.6106626Z #14 15.64 libverto
Test OLM installation	UNKNOWN STEP	2025-06-03T10:52:51.6106935Z #14 15.64 libxcrypt
Test OLM installation	UNKNOWN STEP	2025-06-03T10:52:51.6107242Z #14 15.64 libzstd
Test OLM installation	UNKNOWN STEP	2025-06-03T10:52:51.6107533Z #14 15.64 lua
Test OLM installation	UNKNOWN STEP	2025-06-03T10:52:51.6107833Z #14 15.64 lua-libs
Test OLM installation	UNKNOWN STEP	2025-06-03T10:52:51.6108149Z #14 15.64 lua-posix
Test OLM installation	UNKNOWN STEP	2025-06-03T10:52:51.6108470Z #14 15.64 lz4-libs
Test OLM installation	UNKNOWN STEP	2025-06-03T10:52:51.6108779Z #14 15.64 mpfr
Test OLM installation	UNKNOWN STEP	2025-06-03T10:52:51.6109072Z #14 15.64 nettle
Test OLM installation	UNKNOWN STEP	2025-06-03T10:52:51.6109408Z #14 15.64 openssl-fips-provider
Test OLM installation	UNKNOWN STEP	2025-06-03T10:52:51.6110074Z #14 15.64 openssl-fips-provider-so
Test OLM installation	UNKNOWN STEP	2025-06-03T10:52:51.6110515Z #14 15.64 openssl-libs
Test OLM installation	UNKNOWN STEP	2025-06-03T10:52:51.6110849Z #14 15.64 p11-kit
Test OLM installation	UNKNOWN STEP	2025-06-03T10:52:51.6111148Z #14 15.64 python3
Test OLM installation	UNKNOWN STEP	2025-06-03T10:52:51.6111462Z #14 15.64 python3-libs
Test OLM installation	UNKNOWN STEP	2025-06-03T10:52:51.6111814Z #14 15.64 python3-pip-wheel
Test OLM installation	UNKNOWN STEP	2025-06-03T10:52:51.6112212Z #14 15.64 python3-setuptools-wheel
Test OLM installation	UNKNOWN STEP	2025-06-03T10:52:51.6112608Z #14 15.64 readline
Test OLM installation	UNKNOWN STEP	2025-06-03T10:52:51.6112923Z #14 15.64 systemd-libs
Test OLM installation	UNKNOWN STEP	2025-06-03T10:52:51.6113242Z #14 15.64 xz-libs
Test OLM installation	UNKNOWN STEP	2025-06-03T10:52:51.6113557Z #14 15.64 ==> 43 packages to keep:
Test OLM installation	UNKNOWN STEP	2025-06-03T10:52:51.6113944Z #14 15.64 alternatives
Test OLM installation	UNKNOWN STEP	2025-06-03T10:52:51.6114326Z #14 15.64 basesystem
Test OLM installation	UNKNOWN STEP	2025-06-03T10:52:51.6114643Z #14 15.64 bash
Test OLM installation	UNKNOWN STEP	2025-06-03T10:52:51.6114959Z #14 15.64 ca-certificates
Test OLM installation	UNKNOWN STEP	2025-06-03T10:52:51.6115328Z #14 15.64 coreutils-single
Test OLM installation	UNKNOWN STEP	2025-06-03T10:52:51.6115694Z #14 15.64 crypto-policies
Test OLM installation	UNKNOWN STEP	2025-06-03T10:52:51.6116074Z #14 15.64 crypto-policies-scripts
Test OLM installation	UNKNOWN STEP	2025-06-03T10:52:51.6116466Z #14 15.64 filesystem
Test OLM installation	UNKNOWN STEP	2025-06-03T10:52:51.6116776Z #14 15.64 findutils
Test OLM installation	UNKNOWN STEP	2025-06-03T10:52:51.6117361Z #14 15.64 glibc
Test OLM installation	UNKNOWN STEP	2025-06-03T10:52:51.6117669Z #14 15.64 glibc-common
Test OLM installation	UNKNOWN STEP	2025-06-03T10:52:51.6118008Z #14 15.64 glibc-langpack-en
Test OLM installation	UNKNOWN STEP	2025-06-03T10:52:51.6118364Z #14 15.64 grep
Test OLM installation	UNKNOWN STEP	2025-06-03T10:52:51.6118700Z #14 15.64 java-21-openjdk-headless
Test OLM installation	UNKNOWN STEP	2025-06-03T10:52:51.6119111Z #14 15.64 javapackages-filesystem
Test OLM installation	UNKNOWN STEP	2025-06-03T10:52:51.6119498Z #14 15.64 libacl
Test OLM installation	UNKNOWN STEP	2025-06-03T10:52:51.6119965Z #14 15.64 libattr
Test OLM installation	UNKNOWN STEP	2025-06-03T10:52:51.6120272Z #14 15.64 libcap
Test OLM installation	UNKNOWN STEP	2025-06-03T10:52:51.6120565Z #14 15.64 libgcc
Test OLM installation	UNKNOWN STEP	2025-06-03T10:52:51.6120867Z #14 15.64 libselinux
Test OLM installation	UNKNOWN STEP	2025-06-03T10:52:51.6121209Z #14 15.64 libsepol
Test OLM installation	UNKNOWN STEP	2025-06-03T10:52:51.6121543Z #14 15.64 libsigsegv
Test OLM installation	UNKNOWN STEP	2025-06-03T10:52:51.6122055Z #14 15.64 libtasn1
Test OLM installation	UNKNOWN STEP	2025-06-03T10:52:51.6122385Z #14 15.64 lksctp-tools
Test OLM installation	UNKNOWN STEP	2025-06-03T10:52:51.6122713Z #14 15.64 ncurses-base
Test OLM installation	UNKNOWN STEP	2025-06-03T10:52:51.6123046Z #14 15.64 ncurses-libs
Test OLM installation	UNKNOWN STEP	2025-06-03T10:52:51.6123372Z #14 15.64 nspr
Test OLM installation	UNKNOWN STEP	2025-06-03T10:52:51.6123657Z #14 15.64 nss
Test OLM installation	UNKNOWN STEP	2025-06-03T10:52:51.6123955Z #14 15.64 nss-softokn
Test OLM installation	UNKNOWN STEP	2025-06-03T10:52:51.6124302Z #14 15.64 nss-softokn-freebl
Test OLM installation	UNKNOWN STEP	2025-06-03T10:52:51.6124673Z #14 15.64 nss-sysinit
Test OLM installation	UNKNOWN STEP	2025-06-03T10:52:51.6125134Z #14 15.64 nss-util
Test OLM installation	UNKNOWN STEP	2025-06-03T10:52:51.6125460Z #14 15.64 p11-kit-trust
Test OLM installation	UNKNOWN STEP	2025-06-03T10:52:51.6125789Z #14 15.64 pcre
Test OLM installation	UNKNOWN STEP	2025-06-03T10:52:51.6126083Z #14 15.64 pcre2
Test OLM installation	UNKNOWN STEP	2025-06-03T10:52:51.6126394Z #14 15.64 pcre2-syntax
Test OLM installation	UNKNOWN STEP	2025-06-03T10:52:51.6126727Z #14 15.64 redhat-release
Test OLM installation	UNKNOWN STEP	2025-06-03T10:52:51.6127068Z #14 15.64 sed
Test OLM installation	UNKNOWN STEP	2025-06-03T10:52:51.6127361Z #14 15.64 setup
Test OLM installation	UNKNOWN STEP	2025-06-03T10:52:51.6127668Z #14 15.64 sqlite-libs
Test OLM installation	UNKNOWN STEP	2025-06-03T10:52:51.6127985Z #14 15.64 tzdata
Test OLM installation	UNKNOWN STEP	2025-06-03T10:52:51.6128296Z #14 15.64 tzdata-java
Test OLM installation	UNKNOWN STEP	2025-06-03T10:52:51.6128612Z #14 15.64 zlib
Test OLM installation	UNKNOWN STEP	2025-06-03T10:52:51.6128900Z #14 15.64 
Test OLM installation	UNKNOWN STEP	2025-06-03T10:52:51.6129208Z #14 15.64 ==> Erasing packages
Test OLM installation	UNKNOWN STEP	2025-06-03T10:52:51.6129899Z #14 15.64 + xargs rpm -r /tmp/null/rootfs --erase --nodeps --allmatches
Test OLM installation	UNKNOWN STEP	2025-06-03T10:52:51.7721361Z #14 15.96 
Test OLM installation	UNKNOWN STEP	2025-06-03T10:52:51.7721725Z #14 15.96 ==> Packages erased ok!
Test OLM installation	UNKNOWN STEP	2025-06-03T10:52:51.9465168Z #14 DONE 16.0s
Test OLM installation	UNKNOWN STEP	2025-06-03T10:52:52.8092194Z 
Test OLM installation	UNKNOWN STEP	2025-06-03T10:52:52.8092818Z #15 [stage-1 2/4] COPY --from=ubi-micro-build /tmp/null/rootfs/ /
Test OLM installation	UNKNOWN STEP	2025-06-03T10:52:54.0942483Z #15 DONE 1.3s
Test OLM installation	UNKNOWN STEP	2025-06-03T10:52:54.2462733Z 
Test OLM installation	UNKNOWN STEP	2025-06-03T10:52:54.2463458Z #16 [stage-1 3/4] COPY --from=ubi-micro-build --chown=1000:0 /opt/keycloak /opt/keycloak
Test OLM installation	UNKNOWN STEP	2025-06-03T10:52:54.5886127Z #16 DONE 0.5s
Test OLM installation	UNKNOWN STEP	2025-06-03T10:52:54.6980409Z 
Test OLM installation	UNKNOWN STEP	2025-06-03T10:52:54.6981430Z #17 [stage-1 4/4] RUN echo "keycloak:x:0:root" >> /etc/group &&     echo "keycloak:x:1000:0:keycloak user:/opt/keycloak:/sbin/nologin" >> /etc/passwd
Test OLM installation	UNKNOWN STEP	2025-06-03T10:52:54.6982503Z #17 DONE 0.1s
Test OLM installation	UNKNOWN STEP	2025-06-03T10:52:54.8494659Z 
Test OLM installation	UNKNOWN STEP	2025-06-03T10:52:54.8496134Z #18 exporting to image
Test OLM installation	UNKNOWN STEP	2025-06-03T10:52:54.8497101Z #18 exporting layers
Test OLM installation	UNKNOWN STEP	2025-06-03T10:52:56.0960601Z #18 exporting layers 1.4s done
Test OLM installation	UNKNOWN STEP	2025-06-03T10:52:56.1174201Z #18 writing image sha256:3964f2c93637d2483161b9e9c08e632610f8dd9fbb838ed8648cb7485a3a99de done
Test OLM installation	UNKNOWN STEP	2025-06-03T10:52:56.1175100Z #18 naming to ttl.sh/fdb380keycloak:86400000.0.0 done
Test OLM installation	UNKNOWN STEP	2025-06-03T10:52:56.1175617Z #18 DONE 1.4s
Test OLM installation	UNKNOWN STEP	2025-06-03T10:52:56.1223011Z + docker push ttl.sh/fdb380keycloak:86400000.0.0
Test OLM installation	UNKNOWN STEP	2025-06-03T10:52:56.3298476Z The push refers to repository [ttl.sh/fdb380keycloak]
Test OLM installation	UNKNOWN STEP	2025-06-03T10:52:56.5156672Z ef31126fc771: Preparing
Test OLM installation	UNKNOWN STEP	2025-06-03T10:52:56.5157447Z 0e594fb2a2de: Preparing
Test OLM installation	UNKNOWN STEP	2025-06-03T10:52:56.5158174Z 9d8777ebe7c9: Preparing
Test OLM installation	UNKNOWN STEP	2025-06-03T10:52:56.5158493Z ef3cb51dff21: Preparing
Test OLM installation	UNKNOWN STEP	2025-06-03T10:52:59.9008000Z ef31126fc771: Pushed
Test OLM installation	UNKNOWN STEP	2025-06-03T10:53:19.3370108Z ef3cb51dff21: Pushed
Test OLM installation	UNKNOWN STEP	2025-06-03T10:54:27.3706822Z error parsing HTTP 499 response body: invalid character '<' looking for beginning of value: "<!DOCTYPE html>\n<html>\n  <head>\n    <meta name=\"viewport\" content=\"width=device-width, initial-scale=1\">\n    <meta charset=\"utf-8\">\n    <title>Application Error</title>\n    <style media=\"screen\">\n      html,body,iframe {\n        margin: 0;\n        padding: 0;\n      }\n\n      html,body {\n        height: 100%;\n        overflow: hidden;\n      }\n\n      iframe {\n        width: 100%;\n        height: 100%;\n        border: 0;\n      }\n    </style>\n  </head>\n  <body>\n    <iframe src=\"https://www.herokucdn.com/error-pages/application-error.html\"></iframe>\n  </body>\n</html>"
Test OLM installation	UNKNOWN STEP	2025-06-03T10:54:27.3734824Z ##[error]Process completed with exit code 1.
Test OLM installation	UNKNOWN STEP	2025-06-03T10:54:27.3787724Z Post job cleanup.
Test OLM installation	UNKNOWN STEP	2025-06-03T10:54:27.3833837Z Post job cleanup.
Test OLM installation	UNKNOWN STEP	2025-06-03T10:54:27.6470549Z Post job cleanup.
Test OLM installation	UNKNOWN STEP	2025-06-03T10:54:27.8223919Z [command]/usr/bin/git version
Test OLM installation	UNKNOWN STEP	2025-06-03T10:54:27.8370456Z git version 2.49.0
Test OLM installation	UNKNOWN STEP	2025-06-03T10:54:27.8455849Z Temporarily overriding HOME='/home/runner/work/_temp/58aa85de-a80c-4482-a1ce-9c7b7378339f' before making global git config changes
Test OLM installation	UNKNOWN STEP	2025-06-03T10:54:27.8457113Z Adding repository directory to the temporary git global config as a safe directory
Test OLM installation	UNKNOWN STEP	2025-06-03T10:54:27.8458107Z [command]/usr/bin/git config --global --add safe.directory /home/runner/work/keycloak/keycloak
Test OLM installation	UNKNOWN STEP	2025-06-03T10:54:27.8459592Z [command]/usr/bin/git config --local --name-only --get-regexp core\.sshCommand
Test OLM installation	UNKNOWN STEP	2025-06-03T10:54:27.8501696Z [command]/usr/bin/git submodule foreach --recursive sh -c "git config --local --name-only --get-regexp 'core\.sshCommand' && git config --local --unset-all 'core.sshCommand' || :"
Test OLM installation	UNKNOWN STEP	2025-06-03T10:54:27.9032382Z [command]/usr/bin/git config --local --name-only --get-regexp http\.https\:\/\/github\.com\/\.extraheader
Test OLM installation	UNKNOWN STEP	2025-06-03T10:54:27.9095915Z http.https://github.com/.extraheader
Test OLM installation	UNKNOWN STEP	2025-06-03T10:54:27.9102059Z [command]/usr/bin/git config --local --unset-all http.https://github.com/.extraheader
Test OLM installation	UNKNOWN STEP	2025-06-03T10:54:27.9151442Z [command]/usr/bin/git submodule foreach --recursive sh -c "git config --local --name-only --get-regexp 'http\.https\:\/\/github\.com\/\.extraheader' && git config --local --unset-all 'http.https://github.com/.extraheader' || :"
Test OLM installation	UNKNOWN STEP	2025-06-03T10:54:27.9844001Z Cleaning up orphan processes
Status Check - Keycloak Operator CI	UNKNOWN STEP	ï»¿2025-06-03T11:17:17.4497938Z Current runner version: '2.324.0'
Status Check - Keycloak Operator CI	UNKNOWN STEP	2025-06-03T11:17:17.4521572Z ##[group]Runner Image Provisioner
Status Check - Keycloak Operator CI	UNKNOWN STEP	2025-06-03T11:17:17.4522386Z Hosted Compute Agent
Status Check - Keycloak Operator CI	UNKNOWN STEP	2025-06-03T11:17:17.4522880Z Version: 20250508.323
Status Check - Keycloak Operator CI	UNKNOWN STEP	2025-06-03T11:17:17.4523572Z Commit: 81b259f29879f73b4213d199e42d8c3465dae986
Status Check - Keycloak Operator CI	UNKNOWN STEP	2025-06-03T11:17:17.4524255Z Build Date: 2025-05-08T19:40:08Z
Status Check - Keycloak Operator CI	UNKNOWN STEP	2025-06-03T11:17:17.4524796Z ##[endgroup]
Status Check - Keycloak Operator CI	UNKNOWN STEP	2025-06-03T11:17:17.4525423Z ##[group]Operating System
Status Check - Keycloak Operator CI	UNKNOWN STEP	2025-06-03T11:17:17.4525950Z Ubuntu
Status Check - Keycloak Operator CI	UNKNOWN STEP	2025-06-03T11:17:17.4526411Z 24.04.2
Status Check - Keycloak Operator CI	UNKNOWN STEP	2025-06-03T11:17:17.4526904Z LTS
Status Check - Keycloak Operator CI	UNKNOWN STEP	2025-06-03T11:17:17.4527586Z ##[endgroup]
Status Check - Keycloak Operator CI	UNKNOWN STEP	2025-06-03T11:17:17.4528124Z ##[group]Runner Image
Status Check - Keycloak Operator CI	UNKNOWN STEP	2025-06-03T11:17:17.4528761Z Image: ubuntu-24.04
Status Check - Keycloak Operator CI	UNKNOWN STEP	2025-06-03T11:17:17.4529265Z Version: 20250511.1.0
Status Check - Keycloak Operator CI	UNKNOWN STEP	2025-06-03T11:17:17.4530258Z Included Software: https://github.com/actions/runner-images/blob/ubuntu24/20250511.1/images/ubuntu/Ubuntu2404-Readme.md
Status Check - Keycloak Operator CI	UNKNOWN STEP	2025-06-03T11:17:17.4531859Z Image Release: https://github.com/actions/runner-images/releases/tag/ubuntu24%2F20250511.1
Status Check - Keycloak Operator CI	UNKNOWN STEP	2025-06-03T11:17:17.4532796Z ##[endgroup]
Status Check - Keycloak Operator CI	UNKNOWN STEP	2025-06-03T11:17:17.4533890Z ##[group]GITHUB_TOKEN Permissions
Status Check - Keycloak Operator CI	UNKNOWN STEP	2025-06-03T11:17:17.4535658Z Contents: read
Status Check - Keycloak Operator CI	UNKNOWN STEP	2025-06-03T11:17:17.4536278Z Metadata: read
Status Check - Keycloak Operator CI	UNKNOWN STEP	2025-06-03T11:17:17.4536779Z ##[endgroup]
Status Check - Keycloak Operator CI	UNKNOWN STEP	2025-06-03T11:17:17.4538915Z Secret source: None
Status Check - Keycloak Operator CI	UNKNOWN STEP	2025-06-03T11:17:17.4539727Z Prepare workflow directory
Status Check - Keycloak Operator CI	UNKNOWN STEP	2025-06-03T11:17:17.4939195Z Prepare all required actions
Status Check - Keycloak Operator CI	UNKNOWN STEP	2025-06-03T11:17:17.4975860Z Getting action download info
Status Check - Keycloak Operator CI	UNKNOWN STEP	2025-06-03T11:17:17.7854240Z ##[group]Download immutable action package 'actions/checkout@v4'
Status Check - Keycloak Operator CI	UNKNOWN STEP	2025-06-03T11:17:17.7855248Z Version: 4.2.2
Status Check - Keycloak Operator CI	UNKNOWN STEP	2025-06-03T11:17:17.7856333Z Digest: sha256:ccb2698953eaebd21c7bf6268a94f9c26518a7e38e27e0b83c1fe1ad049819b1
Status Check - Keycloak Operator CI	UNKNOWN STEP	2025-06-03T11:17:17.7857917Z Source commit SHA: 11bd71901bbe5b1630ceea73d27597364c9af683
Status Check - Keycloak Operator CI	UNKNOWN STEP	2025-06-03T11:17:17.7858661Z ##[endgroup]
Status Check - Keycloak Operator CI	UNKNOWN STEP	2025-06-03T11:17:17.9326380Z Complete job name: Status Check - Keycloak Operator CI
Status Check - Keycloak Operator CI	UNKNOWN STEP	2025-06-03T11:17:18.0034242Z ##[group]Run actions/checkout@v4
Status Check - Keycloak Operator CI	UNKNOWN STEP	2025-06-03T11:17:18.0035095Z with:
Status Check - Keycloak Operator CI	UNKNOWN STEP	2025-06-03T11:17:18.0035498Z   repository: keycloak/keycloak
Status Check - Keycloak Operator CI	UNKNOWN STEP	2025-06-03T11:17:18.0036187Z   token: ***
Status Check - Keycloak Operator CI	UNKNOWN STEP	2025-06-03T11:17:18.0036567Z   ssh-strict: true
Status Check - Keycloak Operator CI	UNKNOWN STEP	2025-06-03T11:17:18.0036989Z   ssh-user: git
Status Check - Keycloak Operator CI	UNKNOWN STEP	2025-06-03T11:17:18.0037579Z   persist-credentials: true
Status Check - Keycloak Operator CI	UNKNOWN STEP	2025-06-03T11:17:18.0038048Z   clean: true
Status Check - Keycloak Operator CI	UNKNOWN STEP	2025-06-03T11:17:18.0038455Z   sparse-checkout-cone-mode: true
Status Check - Keycloak Operator CI	UNKNOWN STEP	2025-06-03T11:17:18.0038944Z   fetch-depth: 1
Status Check - Keycloak Operator CI	UNKNOWN STEP	2025-06-03T11:17:18.0039380Z   fetch-tags: false
Status Check - Keycloak Operator CI	UNKNOWN STEP	2025-06-03T11:17:18.0039792Z   show-progress: true
Status Check - Keycloak Operator CI	UNKNOWN STEP	2025-06-03T11:17:18.0040218Z   lfs: false
Status Check - Keycloak Operator CI	UNKNOWN STEP	2025-06-03T11:17:18.0040588Z   submodules: false
Status Check - Keycloak Operator CI	UNKNOWN STEP	2025-06-03T11:17:18.0040998Z   set-safe-directory: true
Status Check - Keycloak Operator CI	UNKNOWN STEP	2025-06-03T11:17:18.0041673Z env:
Status Check - Keycloak Operator CI	UNKNOWN STEP	2025-06-03T11:17:18.0042221Z   MAVEN_ARGS: -B -nsu -Daether.connector.http.connectionMaxTtl=25
Status Check - Keycloak Operator CI	UNKNOWN STEP	2025-06-03T11:17:18.0042896Z   MINIKUBE_VERSION: v1.32.0
Status Check - Keycloak Operator CI	UNKNOWN STEP	2025-06-03T11:17:18.0043356Z   KUBERNETES_VERSION: v1.27.10
Status Check - Keycloak Operator CI	UNKNOWN STEP	2025-06-03T11:17:18.0043863Z   MINIKUBE_MEMORY: 4096
Status Check - Keycloak Operator CI	UNKNOWN STEP	2025-06-03T11:17:18.0044285Z ##[endgroup]
Status Check - Keycloak Operator CI	UNKNOWN STEP	2025-06-03T11:17:18.1115489Z Syncing repository: keycloak/keycloak
Status Check - Keycloak Operator CI	UNKNOWN STEP	2025-06-03T11:17:18.1117303Z ##[group]Getting Git version info
Status Check - Keycloak Operator CI	UNKNOWN STEP	2025-06-03T11:17:18.1118319Z Working directory is '/home/runner/work/keycloak/keycloak'
Status Check - Keycloak Operator CI	UNKNOWN STEP	2025-06-03T11:17:18.1119277Z [command]/usr/bin/git version
Status Check - Keycloak Operator CI	UNKNOWN STEP	2025-06-03T11:17:18.1934351Z git version 2.49.0
Status Check - Keycloak Operator CI	UNKNOWN STEP	2025-06-03T11:17:18.1961740Z ##[endgroup]
Status Check - Keycloak Operator CI	UNKNOWN STEP	2025-06-03T11:17:18.1978282Z Temporarily overriding HOME='/home/runner/work/_temp/1a66170a-f7b0-4c19-86d1-2d184f39afb4' before making global git config changes
Status Check - Keycloak Operator CI	UNKNOWN STEP	2025-06-03T11:17:18.1980601Z Adding repository directory to the temporary git global config as a safe directory
Status Check - Keycloak Operator CI	UNKNOWN STEP	2025-06-03T11:17:18.1984898Z [command]/usr/bin/git config --global --add safe.directory /home/runner/work/keycloak/keycloak
Status Check - Keycloak Operator CI	UNKNOWN STEP	2025-06-03T11:17:18.2056711Z Deleting the contents of '/home/runner/work/keycloak/keycloak'
Status Check - Keycloak Operator CI	UNKNOWN STEP	2025-06-03T11:17:18.2060863Z ##[group]Initializing the repository
Status Check - Keycloak Operator CI	UNKNOWN STEP	2025-06-03T11:17:18.2065871Z [command]/usr/bin/git init /home/runner/work/keycloak/keycloak
Status Check - Keycloak Operator CI	UNKNOWN STEP	2025-06-03T11:17:18.2445681Z hint: Using 'master' as the name for the initial branch. This default branch name
Status Check - Keycloak Operator CI	UNKNOWN STEP	2025-06-03T11:17:18.2447242Z hint: is subject to change. To configure the initial branch name to use in all
Status Check - Keycloak Operator CI	UNKNOWN STEP	2025-06-03T11:17:18.2448429Z hint: of your new repositories, which will suppress this warning, call:
Status Check - Keycloak Operator CI	UNKNOWN STEP	2025-06-03T11:17:18.2449209Z hint:
Status Check - Keycloak Operator CI	UNKNOWN STEP	2025-06-03T11:17:18.2449732Z hint: 	git config --global init.defaultBranch <name>
Status Check - Keycloak Operator CI	UNKNOWN STEP	2025-06-03T11:17:18.2450352Z hint:
Status Check - Keycloak Operator CI	UNKNOWN STEP	2025-06-03T11:17:18.2450933Z hint: Names commonly chosen instead of 'master' are 'main', 'trunk' and
Status Check - Keycloak Operator CI	UNKNOWN STEP	2025-06-03T11:17:18.2451909Z hint: 'development'. The just-created branch can be renamed via this command:
Status Check - Keycloak Operator CI	UNKNOWN STEP	2025-06-03T11:17:18.2452668Z hint:
Status Check - Keycloak Operator CI	UNKNOWN STEP	2025-06-03T11:17:18.2453070Z hint: 	git branch -m <name>
Status Check - Keycloak Operator CI	UNKNOWN STEP	2025-06-03T11:17:18.2520973Z Initialized empty Git repository in /home/runner/work/keycloak/keycloak/.git/
Status Check - Keycloak Operator CI	UNKNOWN STEP	2025-06-03T11:17:18.2535050Z [command]/usr/bin/git remote add origin https://github.com/keycloak/keycloak
Status Check - Keycloak Operator CI	UNKNOWN STEP	2025-06-03T11:17:18.2609256Z ##[endgroup]
Status Check - Keycloak Operator CI	UNKNOWN STEP	2025-06-03T11:17:18.2610426Z ##[group]Disabling automatic garbage collection
Status Check - Keycloak Operator CI	UNKNOWN STEP	2025-06-03T11:17:18.2614564Z [command]/usr/bin/git config --local gc.auto 0
Status Check - Keycloak Operator CI	UNKNOWN STEP	2025-06-03T11:17:18.2645682Z ##[endgroup]
Status Check - Keycloak Operator CI	UNKNOWN STEP	2025-06-03T11:17:18.2646839Z ##[group]Setting up auth
Status Check - Keycloak Operator CI	UNKNOWN STEP	2025-06-03T11:17:18.2653715Z [command]/usr/bin/git config --local --name-only --get-regexp core\.sshCommand
Status Check - Keycloak Operator CI	UNKNOWN STEP	2025-06-03T11:17:18.2685427Z [command]/usr/bin/git submodule foreach --recursive sh -c "git config --local --name-only --get-regexp 'core\.sshCommand' && git config --local --unset-all 'core.sshCommand' || :"
Status Check - Keycloak Operator CI	UNKNOWN STEP	2025-06-03T11:17:18.3915196Z [command]/usr/bin/git config --local --name-only --get-regexp http\.https\:\/\/github\.com\/\.extraheader
Status Check - Keycloak Operator CI	UNKNOWN STEP	2025-06-03T11:17:18.4017772Z [command]/usr/bin/git submodule foreach --recursive sh -c "git config --local --name-only --get-regexp 'http\.https\:\/\/github\.com\/\.extraheader' && git config --local --unset-all 'http.https://github.com/.extraheader' || :"
Status Check - Keycloak Operator CI	UNKNOWN STEP	2025-06-03T11:17:18.4183692Z [command]/usr/bin/git config --local http.https://github.com/.extraheader AUTHORIZATION: basic ***
Status Check - Keycloak Operator CI	UNKNOWN STEP	2025-06-03T11:17:18.4221862Z ##[endgroup]
Status Check - Keycloak Operator CI	UNKNOWN STEP	2025-06-03T11:17:18.4225488Z ##[group]Fetching the repository
Status Check - Keycloak Operator CI	UNKNOWN STEP	2025-06-03T11:17:18.4233991Z [command]/usr/bin/git -c protocol.version=2 fetch --no-tags --prune --no-recurse-submodules --depth=1 origin +fdb3802fe31945de900a3aed1335c482314feb39:refs/remotes/pull/40176/merge
Status Check - Keycloak Operator CI	UNKNOWN STEP	2025-06-03T11:17:21.3772685Z From https://github.com/keycloak/keycloak
Status Check - Keycloak Operator CI	UNKNOWN STEP	2025-06-03T11:17:21.3776001Z  * [new ref]         fdb3802fe31945de900a3aed1335c482314feb39 -> pull/40176/merge
Status Check - Keycloak Operator CI	UNKNOWN STEP	2025-06-03T11:17:21.3864184Z ##[endgroup]
Status Check - Keycloak Operator CI	UNKNOWN STEP	2025-06-03T11:17:21.3865215Z ##[group]Determining the checkout info
Status Check - Keycloak Operator CI	UNKNOWN STEP	2025-06-03T11:17:21.3866353Z ##[endgroup]
Status Check - Keycloak Operator CI	UNKNOWN STEP	2025-06-03T11:17:21.3870990Z [command]/usr/bin/git sparse-checkout disable
Status Check - Keycloak Operator CI	UNKNOWN STEP	2025-06-03T11:17:21.3951056Z [command]/usr/bin/git config --local --unset-all extensions.worktreeConfig
Status Check - Keycloak Operator CI	UNKNOWN STEP	2025-06-03T11:17:21.3977990Z ##[group]Checking out the ref
Status Check - Keycloak Operator CI	UNKNOWN STEP	2025-06-03T11:17:21.3981627Z [command]/usr/bin/git checkout --progress --force refs/remotes/pull/40176/merge
Status Check - Keycloak Operator CI	UNKNOWN STEP	2025-06-03T11:17:22.2492244Z Note: switching to 'refs/remotes/pull/40176/merge'.
Status Check - Keycloak Operator CI	UNKNOWN STEP	2025-06-03T11:17:22.2493206Z 
Status Check - Keycloak Operator CI	UNKNOWN STEP	2025-06-03T11:17:22.2493590Z You are in 'detached HEAD' state. You can look around, make experimental
Status Check - Keycloak Operator CI	UNKNOWN STEP	2025-06-03T11:17:22.2494451Z changes and commit them, and you can discard any commits you make in this
Status Check - Keycloak Operator CI	UNKNOWN STEP	2025-06-03T11:17:22.2495247Z state without impacting any branches by switching back to a branch.
Status Check - Keycloak Operator CI	UNKNOWN STEP	2025-06-03T11:17:22.2495714Z 
Status Check - Keycloak Operator CI	UNKNOWN STEP	2025-06-03T11:17:22.2496045Z If you want to create a new branch to retain commits you create, you may
Status Check - Keycloak Operator CI	UNKNOWN STEP	2025-06-03T11:17:22.2496814Z do so (now or later) by using -c with the switch command. Example:
Status Check - Keycloak Operator CI	UNKNOWN STEP	2025-06-03T11:17:22.2497251Z 
Status Check - Keycloak Operator CI	UNKNOWN STEP	2025-06-03T11:17:22.2497649Z   git switch -c <new-branch-name>
Status Check - Keycloak Operator CI	UNKNOWN STEP	2025-06-03T11:17:22.2497984Z 
Status Check - Keycloak Operator CI	UNKNOWN STEP	2025-06-03T11:17:22.2498191Z Or undo this operation with:
Status Check - Keycloak Operator CI	UNKNOWN STEP	2025-06-03T11:17:22.2498519Z 
Status Check - Keycloak Operator CI	UNKNOWN STEP	2025-06-03T11:17:22.2498684Z   git switch -
Status Check - Keycloak Operator CI	UNKNOWN STEP	2025-06-03T11:17:22.2498919Z 
Status Check - Keycloak Operator CI	UNKNOWN STEP	2025-06-03T11:17:22.2499414Z Turn off this advice by setting config variable advice.detachedHead to false
Status Check - Keycloak Operator CI	UNKNOWN STEP	2025-06-03T11:17:22.2500259Z 
Status Check - Keycloak Operator CI	UNKNOWN STEP	2025-06-03T11:17:22.2500872Z HEAD is now at fdb3802 Merge deb09147229113db3dfc7e38bd27465903914708 into 202e9e8479b92a9594858ef3be0763f7b6d29a5f
Status Check - Keycloak Operator CI	UNKNOWN STEP	2025-06-03T11:17:22.2532948Z ##[endgroup]
Status Check - Keycloak Operator CI	UNKNOWN STEP	2025-06-03T11:17:22.2576107Z [command]/usr/bin/git log -1 --format=%H
Status Check - Keycloak Operator CI	UNKNOWN STEP	2025-06-03T11:17:22.2600477Z fdb3802fe31945de900a3aed1335c482314feb39
Status Check - Keycloak Operator CI	UNKNOWN STEP	2025-06-03T11:17:22.2837110Z Prepare all required actions
Status Check - Keycloak Operator CI	UNKNOWN STEP	2025-06-03T11:17:22.2907987Z ##[group]Run ./.github/actions/status-check
Status Check - Keycloak Operator CI	UNKNOWN STEP	2025-06-03T11:17:22.2908323Z with:
Status Check - Keycloak Operator CI	UNKNOWN STEP	2025-06-03T11:17:22.2909173Z   jobs: {
Status Check - Keycloak Operator CI	UNKNOWN STEP	  "conditional": {
Status Check - Keycloak Operator CI	UNKNOWN STEP	    "result": "success",
Status Check - Keycloak Operator CI	UNKNOWN STEP	    "outputs": {
Status Check - Keycloak Operator CI	UNKNOWN STEP	      "operator": "true"
Status Check - Keycloak Operator CI	UNKNOWN STEP	    }
Status Check - Keycloak Operator CI	UNKNOWN STEP	  },
Status Check - Keycloak Operator CI	UNKNOWN STEP	  "build": {
Status Check - Keycloak Operator CI	UNKNOWN STEP	    "result": "success",
Status Check - Keycloak Operator CI	UNKNOWN STEP	    "outputs": {}
Status Check - Keycloak Operator CI	UNKNOWN STEP	  },
Status Check - Keycloak Operator CI	UNKNOWN STEP	  "test-local": {
Status Check - Keycloak Operator CI	UNKNOWN STEP	    "result": "success",
Status Check - Keycloak Operator CI	UNKNOWN STEP	    "outputs": {}
Status Check - Keycloak Operator CI	UNKNOWN STEP	  },
Status Check - Keycloak Operator CI	UNKNOWN STEP	  "test-remote": {
Status Check - Keycloak Operator CI	UNKNOWN STEP	    "result": "success",
Status Check - Keycloak Operator CI	UNKNOWN STEP	    "outputs": {}
Status Check - Keycloak Operator CI	UNKNOWN STEP	  },
Status Check - Keycloak Operator CI	UNKNOWN STEP	  "test-olm": {
Status Check - Keycloak Operator CI	UNKNOWN STEP	    "result": "failure",
Status Check - Keycloak Operator CI	UNKNOWN STEP	    "outputs": {}
Status Check - Keycloak Operator CI	UNKNOWN STEP	  }
Status Check - Keycloak Operator CI	UNKNOWN STEP	}
Status Check - Keycloak Operator CI	UNKNOWN STEP	2025-06-03T11:17:22.2910017Z env:
Status Check - Keycloak Operator CI	UNKNOWN STEP	2025-06-03T11:17:22.2910290Z   MAVEN_ARGS: -B -nsu -Daether.connector.http.connectionMaxTtl=25
Status Check - Keycloak Operator CI	UNKNOWN STEP	2025-06-03T11:17:22.2910680Z   MINIKUBE_VERSION: v1.32.0
Status Check - Keycloak Operator CI	UNKNOWN STEP	2025-06-03T11:17:22.2910912Z   KUBERNETES_VERSION: v1.27.10
Status Check - Keycloak Operator CI	UNKNOWN STEP	2025-06-03T11:17:22.2911138Z   MINIKUBE_MEMORY: 4096
Status Check - Keycloak Operator CI	UNKNOWN STEP	2025-06-03T11:17:22.2911326Z ##[endgroup]
Status Check - Keycloak Operator CI	UNKNOWN STEP	2025-06-03T11:17:22.3011194Z ##[group]Run JOBS='{
Status Check - Keycloak Operator CI	UNKNOWN STEP	2025-06-03T11:17:22.3011490Z [36;1mJOBS='{[0m
Status Check - Keycloak Operator CI	UNKNOWN STEP	2025-06-03T11:17:22.3011747Z [36;1m  "conditional": {[0m
Status Check - Keycloak Operator CI	UNKNOWN STEP	2025-06-03T11:17:22.3011976Z [36;1m    "result": "success",[0m
Status Check - Keycloak Operator CI	UNKNOWN STEP	2025-06-03T11:17:22.3012219Z [36;1m    "outputs": {[0m
Status Check - Keycloak Operator CI	UNKNOWN STEP	2025-06-03T11:17:22.3012448Z [36;1m      "operator": "true"[0m
Status Check - Keycloak Operator CI	UNKNOWN STEP	2025-06-03T11:17:22.3012676Z [36;1m    }[0m
Status Check - Keycloak Operator CI	UNKNOWN STEP	2025-06-03T11:17:22.3012841Z [36;1m  },[0m
Status Check - Keycloak Operator CI	UNKNOWN STEP	2025-06-03T11:17:22.3013015Z [36;1m  "build": {[0m
Status Check - Keycloak Operator CI	UNKNOWN STEP	2025-06-03T11:17:22.3013211Z [36;1m    "result": "success",[0m
Status Check - Keycloak Operator CI	UNKNOWN STEP	2025-06-03T11:17:22.3013436Z [36;1m    "outputs": {}[0m
Status Check - Keycloak Operator CI	UNKNOWN STEP	2025-06-03T11:17:22.3013637Z [36;1m  },[0m
Status Check - Keycloak Operator CI	UNKNOWN STEP	2025-06-03T11:17:22.3013812Z [36;1m  "test-local": {[0m
Status Check - Keycloak Operator CI	UNKNOWN STEP	2025-06-03T11:17:22.3014025Z [36;1m    "result": "success",[0m
Status Check - Keycloak Operator CI	UNKNOWN STEP	2025-06-03T11:17:22.3014242Z [36;1m    "outputs": {}[0m
Status Check - Keycloak Operator CI	UNKNOWN STEP	2025-06-03T11:17:22.3014444Z [36;1m  },[0m
Status Check - Keycloak Operator CI	UNKNOWN STEP	2025-06-03T11:17:22.3014616Z [36;1m  "test-remote": {[0m
Status Check - Keycloak Operator CI	UNKNOWN STEP	2025-06-03T11:17:22.3014831Z [36;1m    "result": "success",[0m
Status Check - Keycloak Operator CI	UNKNOWN STEP	2025-06-03T11:17:22.3015043Z [36;1m    "outputs": {}[0m
Status Check - Keycloak Operator CI	UNKNOWN STEP	2025-06-03T11:17:22.3015236Z [36;1m  },[0m
Status Check - Keycloak Operator CI	UNKNOWN STEP	2025-06-03T11:17:22.3015408Z [36;1m  "test-olm": {[0m
Status Check - Keycloak Operator CI	UNKNOWN STEP	2025-06-03T11:17:22.3015649Z [36;1m    "result": "failure",[0m
Status Check - Keycloak Operator CI	UNKNOWN STEP	2025-06-03T11:17:22.3015863Z [36;1m    "outputs": {}[0m
Status Check - Keycloak Operator CI	UNKNOWN STEP	2025-06-03T11:17:22.3016048Z [36;1m  }[0m
Status Check - Keycloak Operator CI	UNKNOWN STEP	2025-06-03T11:17:22.3016210Z [36;1m}'[0m
Status Check - Keycloak Operator CI	UNKNOWN STEP	2025-06-03T11:17:22.3016375Z [36;1m[0m
Status Check - Keycloak Operator CI	UNKNOWN STEP	2025-06-03T11:17:22.3016553Z [36;1mecho "Job status:"[0m
Status Check - Keycloak Operator CI	UNKNOWN STEP	2025-06-03T11:17:22.3016889Z [36;1mecho $JOBS | jq -r 'to_entries[] | " - \(.key): \(.value.result)"'[0m
Status Check - Keycloak Operator CI	UNKNOWN STEP	2025-06-03T11:17:22.3017214Z [36;1m[0m
Status Check - Keycloak Operator CI	UNKNOWN STEP	2025-06-03T11:17:22.3017610Z [36;1mfor i in $(echo $JOBS | jq -r 'to_entries[] | .value.result'); do[0m
Status Check - Keycloak Operator CI	UNKNOWN STEP	2025-06-03T11:17:22.3017991Z [36;1m  if [ "$i" != "success" ] && [ "$i" != "skipped" ]; then[0m
Status Check - Keycloak Operator CI	UNKNOWN STEP	2025-06-03T11:17:22.3018277Z [36;1m    echo ""[0m
Status Check - Keycloak Operator CI	UNKNOWN STEP	2025-06-03T11:17:22.3018487Z [36;1m    echo "Status check not okay!"[0m
Status Check - Keycloak Operator CI	UNKNOWN STEP	2025-06-03T11:17:22.3018740Z [36;1m    exit 1[0m
Status Check - Keycloak Operator CI	UNKNOWN STEP	2025-06-03T11:17:22.3018922Z [36;1m  fi[0m
Status Check - Keycloak Operator CI	UNKNOWN STEP	2025-06-03T11:17:22.3019081Z [36;1mdone[0m
Status Check - Keycloak Operator CI	UNKNOWN STEP	2025-06-03T11:17:22.3184502Z shell: /usr/bin/bash --noprofile --norc -e -o pipefail {0}
Status Check - Keycloak Operator CI	UNKNOWN STEP	2025-06-03T11:17:22.3184859Z env:
Status Check - Keycloak Operator CI	UNKNOWN STEP	2025-06-03T11:17:22.3185140Z   MAVEN_ARGS: -B -nsu -Daether.connector.http.connectionMaxTtl=25
Status Check - Keycloak Operator CI	UNKNOWN STEP	2025-06-03T11:17:22.3185492Z   MINIKUBE_VERSION: v1.32.0
Status Check - Keycloak Operator CI	UNKNOWN STEP	2025-06-03T11:17:22.3185723Z   KUBERNETES_VERSION: v1.27.10
Status Check - Keycloak Operator CI	UNKNOWN STEP	2025-06-03T11:17:22.3185968Z   MINIKUBE_MEMORY: 4096
Status Check - Keycloak Operator CI	UNKNOWN STEP	2025-06-03T11:17:22.3186164Z ##[endgroup]
Status Check - Keycloak Operator CI	UNKNOWN STEP	2025-06-03T11:17:22.3278213Z Job status:
Status Check - Keycloak Operator CI	UNKNOWN STEP	2025-06-03T11:17:22.3313087Z  - conditional: success
Status Check - Keycloak Operator CI	UNKNOWN STEP	2025-06-03T11:17:22.3313355Z  - build: success
Status Check - Keycloak Operator CI	UNKNOWN STEP	2025-06-03T11:17:22.3313578Z  - test-local: success
Status Check - Keycloak Operator CI	UNKNOWN STEP	2025-06-03T11:17:22.3313794Z  - test-remote: success
Status Check - Keycloak Operator CI	UNKNOWN STEP	2025-06-03T11:17:22.3314011Z  - test-olm: failure
Status Check - Keycloak Operator CI	UNKNOWN STEP	2025-06-03T11:17:22.3347583Z 
Status Check - Keycloak Operator CI	UNKNOWN STEP	2025-06-03T11:17:22.3347964Z Status check not okay!
Status Check - Keycloak Operator CI	UNKNOWN STEP	2025-06-03T11:17:22.3361076Z ##[error]Process completed with exit code 1.
Status Check - Keycloak Operator CI	UNKNOWN STEP	2025-06-03T11:17:22.3474687Z Post job cleanup.
Status Check - Keycloak Operator CI	UNKNOWN STEP	2025-06-03T11:17:22.4385806Z [command]/usr/bin/git version
Status Check - Keycloak Operator CI	UNKNOWN STEP	2025-06-03T11:17:22.4420931Z git version 2.49.0
Status Check - Keycloak Operator CI	UNKNOWN STEP	2025-06-03T11:17:22.4469794Z Temporarily overriding HOME='/home/runner/work/_temp/50e58fd4-b64c-45e8-a6f3-9a6a1d31169c' before making global git config changes
Status Check - Keycloak Operator CI	UNKNOWN STEP	2025-06-03T11:17:22.4471162Z Adding repository directory to the temporary git global config as a safe directory
Status Check - Keycloak Operator CI	UNKNOWN STEP	2025-06-03T11:17:22.4475769Z [command]/usr/bin/git config --global --add safe.directory /home/runner/work/keycloak/keycloak
Status Check - Keycloak Operator CI	UNKNOWN STEP	2025-06-03T11:17:22.4508955Z [command]/usr/bin/git config --local --name-only --get-regexp core\.sshCommand
Status Check - Keycloak Operator CI	UNKNOWN STEP	2025-06-03T11:17:22.4541065Z [command]/usr/bin/git submodule foreach --recursive sh -c "git config --local --name-only --get-regexp 'core\.sshCommand' && git config --local --unset-all 'core.sshCommand' || :"
Status Check - Keycloak Operator CI	UNKNOWN STEP	2025-06-03T11:17:22.4818553Z [command]/usr/bin/git config --local --name-only --get-regexp http\.https\:\/\/github\.com\/\.extraheader
Status Check - Keycloak Operator CI	UNKNOWN STEP	2025-06-03T11:17:22.4838903Z http.https://github.com/.extraheader
Status Check - Keycloak Operator CI	UNKNOWN STEP	2025-06-03T11:17:22.4850979Z [command]/usr/bin/git config --local --unset-all http.https://github.com/.extraheader
Status Check - Keycloak Operator CI	UNKNOWN STEP	2025-06-03T11:17:22.4880171Z [command]/usr/bin/git submodule foreach --recursive sh -c "git config --local --name-only --get-regexp 'http\.https\:\/\/github\.com\/\.extraheader' && git config --local --unset-all 'http.https://github.com/.extraheader' || :"
Status Check - Keycloak Operator CI	UNKNOWN STEP	2025-06-03T11:17:22.5282569Z Cleaning up orphan processes
