Admin UI E2E (3, chrome)	Run Cypress	2024-10-17T00:45:49.2321053Z ##[group]Run cypress-io/github-action@v6
Admin UI E2E (3, chrome)	Run Cypress	2024-10-17T00:45:49.2321417Z with:
Admin UI E2E (3, chrome)	Run Cypress	2024-10-17T00:45:49.2321630Z   install: false
Admin UI E2E (3, chrome)	Run Cypress	2024-10-17T00:45:49.2321865Z   browser: chrome
Admin UI E2E (3, chrome)	Run Cypress	2024-10-17T00:45:49.2322138Z   wait-on: http://localhost:8080
Admin UI E2E (3, chrome)	Run Cypress	2024-10-17T00:45:49.2322668Z   working-directory: js/apps/admin-ui
Admin UI E2E (3, chrome)	Run Cypress	2024-10-17T00:45:49.2323248Z   record: false
Admin UI E2E (3, chrome)	Run Cypress	2024-10-17T00:45:49.2323873Z   publish-summary: true
Admin UI E2E (3, chrome)	Run Cypress	2024-10-17T00:45:49.2324155Z   component: false
Admin UI E2E (3, chrome)	Run Cypress	2024-10-17T00:45:49.2324385Z env:
Admin UI E2E (3, chrome)	Run Cypress	2024-10-17T00:45:49.2324720Z   MAVEN_ARGS: -B -nsu -Daether.connector.http.connectionMaxTtl=25
Admin UI E2E (3, chrome)	Run Cypress	2024-10-17T00:45:49.2325180Z   WORKSPACE: keycloak-admin-ui
Admin UI E2E (3, chrome)	Run Cypress	2024-10-17T00:45:49.2325617Z   JAVA_HOME: /opt/hostedtoolcache/Java_Temurin-Hotspot_jdk/21.0.4-7/x64
Admin UI E2E (3, chrome)	Run Cypress	2024-10-17T00:45:49.2326231Z   JAVA_HOME_21_X64: /opt/hostedtoolcache/Java_Temurin-Hotspot_jdk/21.0.4-7/x64
Admin UI E2E (3, chrome)	Run Cypress	2024-10-17T00:45:49.2326702Z   SPLIT: 5
Admin UI E2E (3, chrome)	Run Cypress	2024-10-17T00:45:49.2326920Z   SPLIT_INDEX: 2
Admin UI E2E (3, chrome)	Run Cypress	2024-10-17T00:45:49.2327172Z   SPLIT_RANDOM_SEED: 100
Admin UI E2E (3, chrome)	Run Cypress	2024-10-17T00:45:49.2327432Z ##[endgroup]
Admin UI E2E (3, chrome)	Run Cypress	2024-10-17T00:45:49.3894765Z Skipping install because install parameter is false
Admin UI E2E (3, chrome)	Run Cypress	2024-10-17T00:45:49.3903116Z waiting on "http://localhost:8080" with timeout of 60 seconds
Admin UI E2E (3, chrome)	Run Cypress	2024-10-17T00:46:10.4490126Z It looks like this is your first time using Cypress: 13.15.0
Admin UI E2E (3, chrome)	Run Cypress	2024-10-17T00:46:10.4490748Z 
Admin UI E2E (3, chrome)	Run Cypress	2024-10-17T00:46:10.4511846Z [STARTED] Task without title.
Admin UI E2E (3, chrome)	Run Cypress	2024-10-17T00:46:16.7914217Z [SUCCESS] Task without title.
Admin UI E2E (3, chrome)	Run Cypress	2024-10-17T00:46:16.7916228Z 
Admin UI E2E (3, chrome)	Run Cypress	2024-10-17T00:46:16.7916620Z Opening Cypress...
Admin UI E2E (3, chrome)	Run Cypress	2024-10-17T00:46:17.4121319Z 
Admin UI E2E (3, chrome)	Run Cypress	2024-10-17T00:46:17.4124733Z DevTools listening on ws://127.0.0.1:36155/devtools/browser/fa060286-2c8c-4c4e-8bb0-fbf8c2274ba2
Admin UI E2E (3, chrome)	Run Cypress	2024-10-17T00:46:18.0037762Z (node:2694) ExperimentalWarning: `--experimental-loader` may be removed in the future; instead use `register()`:
Admin UI E2E (3, chrome)	Run Cypress	2024-10-17T00:46:18.0039836Z --import 'data:text/javascript,import { register } from "node:module"; import { pathToFileURL } from "node:url"; register("file%3A///home/runner/.cache/Cypress/13.15.0/Cypress/resources/app/node_modules/ts-node/esm/transpile-only.mjs", pathToFileURL("./"));'
Admin UI E2E (3, chrome)	Run Cypress	2024-10-17T00:46:18.0041387Z (Use `node --trace-warnings ...` to show where the warning was created)
Admin UI E2E (3, chrome)	Run Cypress	2024-10-17T00:46:28.7219258Z cypress-split: there are 37 found specs
Admin UI E2E (3, chrome)	Run Cypress	2024-10-17T00:46:28.7220611Z the first 5 specs
Admin UI E2E (3, chrome)	Run Cypress	2024-10-17T00:46:28.7222163Z - 1: /home/runner/work/keycloak/keycloak/js/apps/admin-ui/cypress/e2e/client_scopes_test.spec.ts
Admin UI E2E (3, chrome)	Run Cypress	2024-10-17T00:46:28.7225234Z - 2: /home/runner/work/keycloak/keycloak/js/apps/admin-ui/cypress/e2e/realm_settings_user_profile_enabled.spec.ts
Admin UI E2E (3, chrome)	Run Cypress	2024-10-17T00:46:28.7227763Z - 3: /home/runner/work/keycloak/keycloak/js/apps/admin-ui/cypress/e2e/partial_export_test.spec.ts
Admin UI E2E (3, chrome)	Run Cypress	2024-10-17T00:46:28.7229747Z - 4: /home/runner/work/keycloak/keycloak/js/apps/admin-ui/cypress/e2e/authentication_policies_ciba.spec.ts
Admin UI E2E (3, chrome)	Run Cypress	2024-10-17T00:46:28.7231827Z - 5: /home/runner/work/keycloak/keycloak/js/apps/admin-ui/cypress/e2e/client_registration_policies.spec.ts
Admin UI E2E (3, chrome)	Run Cypress	2024-10-17T00:46:28.7233105Z cypress-split: chunk 3 of 5
Admin UI E2E (3, chrome)	Run Cypress	2024-10-17T00:46:28.7236841Z k  spec                                                   
Admin UI E2E (3, chrome)	Run Cypress	2024-10-17T00:46:28.7237853Z -  -------------------------------------------------------
Admin UI E2E (3, chrome)	Run Cypress	2024-10-17T00:46:28.7238929Z 1  cypress/e2e/realm_settings_client_profiles_test.spec.ts
Admin UI E2E (3, chrome)	Run Cypress	2024-10-17T00:46:28.7239914Z 2  cypress/e2e/clients_test.spec.ts                       
Admin UI E2E (3, chrome)	Run Cypress	2024-10-17T00:46:28.7240662Z 3  cypress/e2e/authentication_test.spec.ts                
Admin UI E2E (3, chrome)	Run Cypress	2024-10-17T00:46:28.7241599Z 4  cypress/e2e/users_enable_disable.spec.ts               
Admin UI E2E (3, chrome)	Run Cypress	2024-10-17T00:46:28.7242628Z 5  cypress/e2e/user_fed_ldap_mapper_test.spec.ts          
Admin UI E2E (3, chrome)	Run Cypress	2024-10-17T00:46:28.7243935Z 6  cypress/e2e/realm_roles_test.spec.ts                   
Admin UI E2E (3, chrome)	Run Cypress	2024-10-17T00:46:28.7244893Z 7  cypress/e2e/identity_providers_test.spec.ts            
Admin UI E2E (3, chrome)	Run Cypress	2024-10-17T00:46:28.7245421Z 
Admin UI E2E (3, chrome)	Run Cypress	2024-10-17T00:46:29.4663128Z 
Admin UI E2E (3, chrome)	Run Cypress	2024-10-17T00:46:29.4986453Z [90m====================================================================================================[39m
Admin UI E2E (3, chrome)	Run Cypress	2024-10-17T00:46:29.4987107Z 
Admin UI E2E (3, chrome)	Run Cypress	2024-10-17T00:46:29.4987582Z [0m  ([4m[1mRun Starting[22m[24m)[0m
Admin UI E2E (3, chrome)	Run Cypress	2024-10-17T00:46:29.4988564Z 
Admin UI E2E (3, chrome)	Run Cypress	2024-10-17T00:46:29.5061940Z [90m  ┌[39m[90m─[39m[90m─[39m[90m─[39m[90m─[39m[90m─[39m[90m─[39m[90m─[39m[90m─[39m[90m─[39m[90m─[39m[90m─[39m[90m─[39m[90m─[39m[90m─[39m[90m─[39m[90m─[39m[90m─[39m[90m─[39m[90m─[39m[90m─[39m[90m─[39m[90m─[39m[90m─[39m[90m─[39m[90m─[39m[90m─[39m[90m─[39m[90m─[39m[90m─[39m[90m─[39m[90m─[39m[90m─[39m[90m─[39m[90m─[39m[90m─[39m[90m─[39m[90m─[39m[90m─[39m[90m─[39m[90m─[39m[90m─[39m[90m─[39m[90m─[39m[90m─[39m[90m─[39m[90m─[39m[90m─[39m[90m─[39m[90m─[39m[90m─[39m[90m─[39m[90m─[39m[90m─[39m[90m─[39m[90m─[39m[90m─[39m[90m─[39m[90m─[39m[90m─[39m[90m─[39m[90m─[39m[90m─[39m[90m─[39m[90m─[39m[90m─[39m[90m─[39m[90m─[39m[90m─[39m[90m─[39m[90m─[39m[90m─[39m[90m─[39m[90m─[39m[90m─[39m[90m─[39m[90m─[39m[90m─[39m[90m─[39m[90m─[39m[90m─[39m[90m─[39m[90m─[39m[90m─[39m[90m─[39m[90m─[39m[90m─[39m[90m─[39m[90m─[39m[90m─[39m[90m─[39m[90m─[39m[90m─[39m[90m─[39m[90m─[39m[90m─[39m[90m─[39m[90m┐[39m
Admin UI E2E (3, chrome)	Run Cypress	2024-10-17T00:46:29.5066015Z [90m  │[39m [90mCypress:[39m        13.15.0                                                                        [90m│[39m
Admin UI E2E (3, chrome)	Run Cypress	2024-10-17T00:46:29.5067847Z [90m  │[39m [90mBrowser:[39m        Chrome 130 [90m(headless)[39m                                                          [90m│[39m
Admin UI E2E (3, chrome)	Run Cypress	2024-10-17T00:46:29.5069691Z [90m  │[39m [90mNode Version:[39m   [0mv20.13.1 [90m(/home/runner/runners/2.320.0/externals/node20/bin/node)[39m[0m              [90m│[39m
Admin UI E2E (3, chrome)	Run Cypress	2024-10-17T00:46:29.5070961Z [90m  │[39m [90mSpecs:[39m          [0m7 found (realm_settings_client_profiles_test.spec.ts, clients_test.spec.ts, au[0m [90m│[39m
Admin UI E2E (3, chrome)	Run Cypress	2024-10-17T00:46:29.5072086Z [90m  │[39m                 [0mthentication_test.spec.ts, users_enable_disable.spec.ts, user_fed_ldap_mapper_[0m [90m│[39m
Admin UI E2E (3, chrome)	Run Cypress	2024-10-17T00:46:29.5073163Z [90m  │[39m                 [0mtest.spec.ts, realm_roles_test.spec.ts, identity_providers_test.spec.ts)[0m       [90m│[39m
Admin UI E2E (3, chrome)	Run Cypress	2024-10-17T00:46:29.5074803Z [90m  │[39m [90mSearched:[39m       [0mcypress/e2e/realm_settings_client_profiles_test.spec.ts, cypress/e2e/clients_t[0m [90m│[39m
Admin UI E2E (3, chrome)	Run Cypress	2024-10-17T00:46:29.5076954Z [90m  │[39m                 [0mest.spec.ts, cypress/e2e/authentication_test.spec.ts, cypress/e2e/users_enable[0m [90m│[39m
Admin UI E2E (3, chrome)	Run Cypress	2024-10-17T00:46:29.5078954Z [90m  │[39m                 [0m_disable.spec.ts, cypress/e2e/user_fed_ldap_mapper_test.spec.ts, cypress/e2e/r[0m [90m│[39m
Admin UI E2E (3, chrome)	Run Cypress	2024-10-17T00:46:29.5080061Z [90m  │[39m                 [0mealm_roles_test.spec.ts, cypress/e2e/identity_providers_test.spec.ts[0m           [90m│[39m
Admin UI E2E (3, chrome)	Run Cypress	2024-10-17T00:46:29.5081627Z [90m  │[39m [90mExperiments:[39m    experimentalMemoryManagement=true                                              [90m│[39m
Admin UI E2E (3, chrome)	Run Cypress	2024-10-17T00:46:29.5087185Z [90m  └[39m[90m─[39m[90m─[39m[90m─[39m[90m─[39m[90m─[39m[90m─[39m[90m─[39m[90m─[39m[90m─[39m[90m─[39m[90m─[39m[90m─[39m[90m─[39m[90m─[39m[90m─[39m[90m─[39m[90m─[39m[90m─[39m[90m─[39m[90m─[39m[90m─[39m[90m─[39m[90m─[39m[90m─[39m[90m─[39m[90m─[39m[90m─[39m[90m─[39m[90m─[39m[90m─[39m[90m─[39m[90m─[39m[90m─[39m[90m─[39m[90m─[39m[90m─[39m[90m─[39m[90m─[39m[90m─[39m[90m─[39m[90m─[39m[90m─[39m[90m─[39m[90m─[39m[90m─[39m[90m─[39m[90m─[39m[90m─[39m[90m─[39m[90m─[39m[90m─[39m[90m─[39m[90m─[39m[90m─[39m[90m─[39m[90m─[39m[90m─[39m[90m─[39m[90m─[39m[90m─[39m[90m─[39m[90m─[39m[90m─[39m[90m─[39m[90m─[39m[90m─[39m[90m─[39m[90m─[39m[90m─[39m[90m─[39m[90m─[39m[90m─[39m[90m─[39m[90m─[39m[90m─[39m[90m─[39m[90m─[39m[90m─[39m[90m─[39m[90m─[39m[90m─[39m[90m─[39m[90m─[39m[90m─[39m[90m─[39m[90m─[39m[90m─[39m[90m─[39m[90m─[39m[90m─[39m[90m─[39m[90m─[39m[90m─[39m[90m─[39m[90m─[39m[90m─[39m[90m┘[39m
Admin UI E2E (3, chrome)	Run Cypress	2024-10-17T00:46:29.5090711Z 
Admin UI E2E (3, chrome)	Run Cypress	2024-10-17T00:46:29.5090729Z 
Admin UI E2E (3, chrome)	Run Cypress	2024-10-17T00:46:29.5095082Z [90m─[39m[90m─[39m[90m─[39m[90m─[39m[90m─[39m[90m─[39m[90m─[39m[90m─[39m[90m─[39m[90m─[39m[90m─[39m[90m─[39m[90m─[39m[90m─[39m[90m─[39m[90m─[39m[90m─[39m[90m─[39m[90m─[39m[90m─[39m[90m─[39m[90m─[39m[90m─[39m[90m─[39m[90m─[39m[90m─[39m[90m─[39m[90m─[39m[90m─[39m[90m─[39m[90m─[39m[90m─[39m[90m─[39m[90m─[39m[90m─[39m[90m─[39m[90m─[39m[90m─[39m[90m─[39m[90m─[39m[90m─[39m[90m─[39m[90m─[39m[90m─[39m[90m─[39m[90m─[39m[90m─[39m[90m─[39m[90m─[39m[90m─[39m[90m─[39m[90m─[39m[90m─[39m[90m─[39m[90m─[39m[90m─[39m[90m─[39m[90m─[39m[90m─[39m[90m─[39m[90m─[39m[90m─[39m[90m─[39m[90m─[39m[90m─[39m[90m─[39m[90m─[39m[90m─[39m[90m─[39m[90m─[39m[90m─[39m[90m─[39m[90m─[39m[90m─[39m[90m─[39m[90m─[39m[90m─[39m[90m─[39m[90m─[39m[90m─[39m[90m─[39m[90m─[39m[90m─[39m[90m─[39m[90m─[39m[90m─[39m[90m─[39m[90m─[39m[90m─[39m[90m─[39m[90m─[39m[90m─[39m[90m─[39m[90m─[39m[90m─[39m[90m─[39m[90m─[39m[90m─[39m[90m─[39m[90m─[39m
Admin UI E2E (3, chrome)	Run Cypress	2024-10-17T00:46:29.5098419Z                                                                                                     
Admin UI E2E (3, chrome)	Run Cypress	2024-10-17T00:46:29.5099230Z   Running:  [90mrealm_settings_client_profiles_test.spec.ts[39m                                     [90m(1 of 7)[39m
Admin UI E2E (3, chrome)	Run Cypress	2024-10-17T00:46:36.7174280Z 
Admin UI E2E (3, chrome)	Run Cypress	2024-10-17T00:46:36.7178284Z [0m[0m
Admin UI E2E (3, chrome)	Run Cypress	2024-10-17T00:46:36.7257399Z [0m  Realm settings client profiles tab tests[0m
Admin UI E2E (3, chrome)	Run Cypress	2024-10-17T00:46:45.9512909Z   [32m  ✓[0m[90m Go to client policies profiles tab[0m[90m (9175ms)[0m
Admin UI E2E (3, chrome)	Run Cypress	2024-10-17T00:46:48.7610573Z   [32m  ✓[0m[90m Check new client form is displaying[0m[90m (2748ms)[0m
Admin UI E2E (3, chrome)	Run Cypress	2024-10-17T00:46:51.4845877Z   [32m  ✓[0m[90m Complete new client form and cancel[0m[90m (2690ms)[0m
Admin UI E2E (3, chrome)	Run Cypress	2024-10-17T00:46:54.2168721Z   [32m  ✓[0m[90m Complete new client form and submit[0m[90m (2701ms)[0m
Admin UI E2E (3, chrome)	Run Cypress	2024-10-17T00:46:57.7866798Z   [32m  ✓[0m[90m Should perform client profile search by profile name[0m[90m (3512ms)[0m
Admin UI E2E (3, chrome)	Run Cypress	2024-10-17T00:47:01.3507408Z   [32m  ✓[0m[90m Should search non-existent client profile[0m[90m (3486ms)[0m
Admin UI E2E (3, chrome)	Run Cypress	2024-10-17T00:47:06.1101952Z   [32m  ✓[0m[90m Should navigate to client profile[0m[90m (4693ms)[0m
Admin UI E2E (3, chrome)	Run Cypress	2024-10-17T00:47:09.1170590Z   [32m  ✓[0m[90m Check navigating between Form View and JSON editor[0m[90m (2889ms)[0m
Admin UI E2E (3, chrome)	Run Cypress	2024-10-17T00:47:15.0201148Z   [32m  ✓[0m[90m Check saving changed JSON profiles[0m[90m (5859ms)[0m
Admin UI E2E (3, chrome)	Run Cypress	2024-10-17T00:47:18.5160485Z   [32m  ✓[0m[90m Should not create duplicate client profile[0m[90m (3443ms)[0m
Admin UI E2E (3, chrome)	Run Cypress	2024-10-17T00:47:21.1417381Z   [32m  ✓[0m[90m Should edit client profile[0m[90m (2597ms)[0m
Admin UI E2E (3, chrome)	Run Cypress	2024-10-17T00:47:23.5063607Z   [32m  ✓[0m[90m Should check that edited client profile is now listed[0m[90m (2323ms)[0m
Admin UI E2E (3, chrome)	Run Cypress	2024-10-17T00:47:25.5942132Z   [32m  ✓[0m[90m Should show error when client profile left blank[0m[90m (2060ms)[0m
Admin UI E2E (3, chrome)	Run Cypress	2024-10-17T00:47:27.7400696Z   [32m  ✓[0m[90m Should revert back to the previous profile name[0m[90m (2115ms)[0m
Admin UI E2E (3, chrome)	Run Cypress	2024-10-17T00:47:29.7926948Z   [32m  ✓[0m[90m Should not have executors configured by default[0m[90m (2013ms)[0m
Admin UI E2E (3, chrome)	Run Cypress	2024-10-17T00:47:32.0747690Z   [32m  ✓[0m[90m Should cancel adding a new executor to a client profile[0m[90m (2254ms)[0m
Admin UI E2E (3, chrome)	Run Cypress	2024-10-17T00:47:34.3182350Z   [32m  ✓[0m[90m Should add a new executor to a client profile[0m[90m (2214ms)[0m
Admin UI E2E (3, chrome)	Run Cypress	2024-10-17T00:47:36.3517528Z   [32m  ✓[0m[90m Should cancel deleting executor from a client profile[0m[90m (2007ms)[0m
Admin UI E2E (3, chrome)	Run Cypress	2024-10-17T00:47:38.7409914Z   [32m  ✓[0m[90m Should cancel editing executor[0m[90m (2369ms)[0m
Admin UI E2E (3, chrome)	Run Cypress	2024-10-17T00:47:41.2060597Z   [32m  ✓[0m[90m Should edit executor[0m[90m (2439ms)[0m
Admin UI E2E (3, chrome)	Run Cypress	2024-10-17T00:47:43.3544343Z   [32m  ✓[0m[90m Should delete executor from a client profile[0m[90m (2121ms)[0m
Admin UI E2E (3, chrome)	Run Cypress	2024-10-17T00:47:45.6507541Z   [32m  ✓[0m[90m Check cancelling the client profile deletion[0m[90m (2269ms)[0m
Admin UI E2E (3, chrome)	Run Cypress	2024-10-17T00:47:49.4621017Z   [32m  ✓[0m[90m Check deleting the client profile[0m[90m (2342ms)[0m
Admin UI E2E (3, chrome)	Run Cypress	2024-10-17T00:47:49.4626579Z 
Admin UI E2E (3, chrome)	Run Cypress	2024-10-17T00:47:49.4916172Z 
Admin UI E2E (3, chrome)	Run Cypress	2024-10-17T00:47:49.4917606Z [92m [0m[32m 23 passing[0m[90m (1m)[0m
Admin UI E2E (3, chrome)	Run Cypress	2024-10-17T00:47:49.4927794Z 
Admin UI E2E (3, chrome)	Run Cypress	2024-10-17T00:47:50.5126463Z 
Admin UI E2E (3, chrome)	Run Cypress	2024-10-17T00:47:50.5128180Z [32m  ([4m[1mResults[22m[24m)[39m
Admin UI E2E (3, chrome)	Run Cypress	2024-10-17T00:47:50.5147389Z 
Admin UI E2E (3, chrome)	Run Cypress	2024-10-17T00:47:50.5166136Z [90m  ┌[39m[90m─[39m[90m─[39m[90m─[39m[90m─[39m[90m─[39m[90m─[39m[90m─[39m[90m─[39m[90m─[39m[90m─[39m[90m─[39m[90m─[39m[90m─[39m[90m─[39m[90m─[39m[90m─[39m[90m─[39m[90m─[39m[90m─[39m[90m─[39m[90m─[39m[90m─[39m[90m─[39m[90m─[39m[90m─[39m[90m─[39m[90m─[39m[90m─[39m[90m─[39m[90m─[39m[90m─[39m[90m─[39m[90m─[39m[90m─[39m[90m─[39m[90m─[39m[90m─[39m[90m─[39m[90m─[39m[90m─[39m[90m─[39m[90m─[39m[90m─[39m[90m─[39m[90m─[39m[90m─[39m[90m─[39m[90m─[39m[90m─[39m[90m─[39m[90m─[39m[90m─[39m[90m─[39m[90m─[39m[90m─[39m[90m─[39m[90m─[39m[90m─[39m[90m─[39m[90m─[39m[90m─[39m[90m─[39m[90m─[39m[90m─[39m[90m─[39m[90m─[39m[90m─[39m[90m─[39m[90m─[39m[90m─[39m[90m─[39m[90m─[39m[90m─[39m[90m─[39m[90m─[39m[90m─[39m[90m─[39m[90m─[39m[90m─[39m[90m─[39m[90m─[39m[90m─[39m[90m─[39m[90m─[39m[90m─[39m[90m─[39m[90m─[39m[90m─[39m[90m─[39m[90m─[39m[90m─[39m[90m─[39m[90m─[39m[90m─[39m[90m─[39m[90m─[39m[90m┐[39m
Admin UI E2E (3, chrome)	Run Cypress	2024-10-17T00:47:50.5173267Z [90m  │[39m [90mTests:[39m        [32m23[39m                                                                               [90m│[39m
Admin UI E2E (3, chrome)	Run Cypress	2024-10-17T00:47:50.5174951Z [90m  │[39m [90mPassing:[39m      [32m23[39m                                                                               [90m│[39m
Admin UI E2E (3, chrome)	Run Cypress	2024-10-17T00:47:50.5176580Z [90m  │[39m [90mFailing:[39m      [32m0[39m                                                                                [90m│[39m
Admin UI E2E (3, chrome)	Run Cypress	2024-10-17T00:47:50.5178197Z [90m  │[39m [90mPending:[39m      [32m0[39m                                                                                [90m│[39m
Admin UI E2E (3, chrome)	Run Cypress	2024-10-17T00:47:50.5179846Z [90m  │[39m [90mSkipped:[39m      [32m0[39m                                                                                [90m│[39m
Admin UI E2E (3, chrome)	Run Cypress	2024-10-17T00:47:50.5181864Z [90m  │[39m [90mScreenshots:[39m  [32m0[39m                                                                                [90m│[39m
Admin UI E2E (3, chrome)	Run Cypress	2024-10-17T00:47:50.5183524Z [90m  │[39m [90mVideo:[39m        [32mfalse[39m                                                                            [90m│[39m
Admin UI E2E (3, chrome)	Run Cypress	2024-10-17T00:47:50.5185263Z [90m  │[39m [90mDuration:[39m     [32m1 minute, 12 seconds[39m                                                             [90m│[39m
Admin UI E2E (3, chrome)	Run Cypress	2024-10-17T00:47:50.5193472Z [90m  │[39m [90mSpec Ran:[39m     [32m[32mrealm_settings_client_profiles_test.spec.ts[32m[39m                                      [90m│[39m
Admin UI E2E (3, chrome)	Run Cypress	2024-10-17T00:47:50.5237295Z [90m  └[39m[90m─[39m[90m─[39m[90m─[39m[90m─[39m[90m─[39m[90m─[39m[90m─[39m[90m─[39m[90m─[39m[90m─[39m[90m─[39m[90m─[39m[90m─[39m[90m─[39m[90m─[39m[90m─[39m[90m─[39m[90m─[39m[90m─[39m[90m─[39m[90m─[39m[90m─[39m[90m─[39m[90m─[39m[90m─[39m[90m─[39m[90m─[39m[90m─[39m[90m─[39m[90m─[39m[90m─[39m[90m─[39m[90m─[39m[90m─[39m[90m─[39m[90m─[39m[90m─[39m[90m─[39m[90m─[39m[90m─[39m[90m─[39m[90m─[39m[90m─[39m[90m─[39m[90m─[39m[90m─[39m[90m─[39m[90m─[39m[90m─[39m[90m─[39m[90m─[39m[90m─[39m[90m─[39m[90m─[39m[90m─[39m[90m─[39m[90m─[39m[90m─[39m[90m─[39m[90m─[39m[90m─[39m[90m─[39m[90m─[39m[90m─[39m[90m─[39m[90m─[39m[90m─[39m[90m─[39m[90m─[39m[90m─[39m[90m─[39m[90m─[39m[90m─[39m[90m─[39m[90m─[39m[90m─[39m[90m─[39m[90m─[39m[90m─[39m[90m─[39m[90m─[39m[90m─[39m[90m─[39m[90m─[39m[90m─[39m[90m─[39m[90m─[39m[90m─[39m[90m─[39m[90m─[39m[90m─[39m[90m─[39m[90m─[39m[90m─[39m[90m─[39m[90m─[39m[90m┘[39m
Admin UI E2E (3, chrome)	Run Cypress	2024-10-17T00:47:50.5243581Z 
Admin UI E2E (3, chrome)	Run Cypress	2024-10-17T00:47:50.5698642Z 
Admin UI E2E (3, chrome)	Run Cypress	2024-10-17T00:47:50.5708031Z [90m─[39m[90m─[39m[90m─[39m[90m─[39m[90m─[39m[90m─[39m[90m─[39m[90m─[39m[90m─[39m[90m─[39m[90m─[39m[90m─[39m[90m─[39m[90m─[39m[90m─[39m[90m─[39m[90m─[39m[90m─[39m[90m─[39m[90m─[39m[90m─[39m[90m─[39m[90m─[39m[90m─[39m[90m─[39m[90m─[39m[90m─[39m[90m─[39m[90m─[39m[90m─[39m[90m─[39m[90m─[39m[90m─[39m[90m─[39m[90m─[39m[90m─[39m[90m─[39m[90m─[39m[90m─[39m[90m─[39m[90m─[39m[90m─[39m[90m─[39m[90m─[39m[90m─[39m[90m─[39m[90m─[39m[90m─[39m[90m─[39m[90m─[39m[90m─[39m[90m─[39m[90m─[39m[90m─[39m[90m─[39m[90m─[39m[90m─[39m[90m─[39m[90m─[39m[90m─[39m[90m─[39m[90m─[39m[90m─[39m[90m─[39m[90m─[39m[90m─[39m[90m─[39m[90m─[39m[90m─[39m[90m─[39m[90m─[39m[90m─[39m[90m─[39m[90m─[39m[90m─[39m[90m─[39m[90m─[39m[90m─[39m[90m─[39m[90m─[39m[90m─[39m[90m─[39m[90m─[39m[90m─[39m[90m─[39m[90m─[39m[90m─[39m[90m─[39m[90m─[39m[90m─[39m[90m─[39m[90m─[39m[90m─[39m[90m─[39m[90m─[39m[90m─[39m[90m─[39m[90m─[39m[90m─[39m[90m─[39m
Admin UI E2E (3, chrome)	Run Cypress	2024-10-17T00:47:50.5714462Z                                                                                                     
Admin UI E2E (3, chrome)	Run Cypress	2024-10-17T00:47:50.5716354Z   Running:  [90mclients_test.spec.ts[39m                                                            [90m(2 of 7)[39m
Admin UI E2E (3, chrome)	Run Cypress	2024-10-17T00:47:55.2924279Z 
Admin UI E2E (3, chrome)	Run Cypress	2024-10-17T00:47:55.2925064Z [0m[0m
Admin UI E2E (3, chrome)	Run Cypress	2024-10-17T00:47:55.3057840Z [0m  Clients test[0m
Admin UI E2E (3, chrome)	Run Cypress	2024-10-17T00:47:56.7152597Z [0m    Client details - Client scopes subtab[0m
Admin UI E2E (3, chrome)	Run Cypress	2024-10-17T00:48:08.0685137Z     [32m  ✓[0m[90m Should check temporary admin service label (non)existence[0m[90m (12681ms)[0m
Admin UI E2E (3, chrome)	Run Cypress	2024-10-17T00:48:10.7405697Z     [32m  ✓[0m[90m Should list client scopes[0m[90m (2620ms)[0m
Admin UI E2E (3, chrome)	Run Cypress	2024-10-17T00:48:14.1234031Z     [32m  ✓[0m[90m Should search existing client scope by name[0m[90m (3347ms)[0m
Admin UI E2E (3, chrome)	Run Cypress	2024-10-17T00:48:17.4151834Z     [32m  ✓[0m[90m Should search non-existent client scope by name[0m[90m (3248ms)[0m
Admin UI E2E (3, chrome)	Run Cypress	2024-10-17T00:48:21.3747231Z     [32m  ✓[0m[90m Should search existing client scope by assigned type[0m[90m (3910ms)[0m
Admin UI E2E (3, chrome)	Run Cypress	2024-10-17T00:48:25.4519993Z     [32m  ✓[0m[90m Should add client scope client-scope-test-optional-type with Optional assigned type[0m[90m (4041ms)[0m
Admin UI E2E (3, chrome)	Run Cypress	2024-10-17T00:48:29.4715224Z     [32m  ✓[0m[90m Should add client scope client-scope-test-default-type with Default assigned type[0m[90m (3972ms)[0m
Admin UI E2E (3, chrome)	Run Cypress	2024-10-17T00:48:33.7783757Z     [32m  ✓[0m[90m Should change item client-scope-test0 AssignedType to Optional from search bar[0m[90m (4259ms)[0m
Admin UI E2E (3, chrome)	Run Cypress	2024-10-17T00:48:38.0156690Z     [32m  ✓[0m[90m Should change item client-scope-test0 AssignedType to Default from search bar[0m[90m (4195ms)[0m
Admin UI E2E (3, chrome)	Run Cypress	2024-10-17T00:48:40.7473299Z     [32m  ✓[0m[90m Should show items on next page are more than 11[0m[90m (2692ms)[0m
Admin UI E2E (3, chrome)	Run Cypress	2024-10-17T00:48:45.0600630Z     [32m  ✓[0m[90m Should remove client scope from item bar[0m[90m (4273ms)[0m
Admin UI E2E (3, chrome)	Run Cypress	2024-10-17T00:48:53.7663267Z     [32m  ✓[0m[90m Should remove multiple client scopes from search bar[0m[90m (8645ms)[0m
Admin UI E2E (3, chrome)	Run Cypress	2024-10-17T00:48:57.5306413Z     [31m  1) "after all" hook for "Should show initial items after filtering"[0m
Admin UI E2E (3, chrome)	Run Cypress	2024-10-17T00:48:57.5581289Z [0m    Client scopes evaluate subtab[0m
Admin UI E2E (3, chrome)	Run Cypress	2024-10-17T00:49:00.5908410Z     [32m  ✓[0m[90m check effective protocol mappers list is not empty and find effective protocol mapper locale[0m[90m (2955ms)[0m
Admin UI E2E (3, chrome)	Run Cypress	2024-10-17T00:49:03.4722502Z     [32m  ✓[0m[90m check role scope mappings list list is not empty and find role scope mapping admin[0m[90m (2838ms)[0m
Admin UI E2E (3, chrome)	Run Cypress	2024-10-17T00:49:06.9002942Z     [32m  ✓[0m[90m check generated id token and user info[0m[90m (3246ms)[0m
Admin UI E2E (3, chrome)	Run Cypress	2024-10-17T00:49:06.9084158Z [0m    Client creation[0m
Admin UI E2E (3, chrome)	Run Cypress	2024-10-17T00:49:08.9404015Z     [32m  ✓[0m[90m Should cancel creating client[0m[90m (1998ms)[0m
Admin UI E2E (3, chrome)	Run Cypress	2024-10-17T00:49:13.3240428Z     [32m  ✓[0m[90m Should check settings elements[0m[90m (4313ms)[0m
Admin UI E2E (3, chrome)	Run Cypress	2024-10-17T00:49:15.8395097Z     [32m  ✓[0m[90m Should navigate to previous using 'back' button[0m[90m (2457ms)[0m
Admin UI E2E (3, chrome)	Run Cypress	2024-10-17T00:49:18.4784506Z     [32m  ✓[0m[90m Should fail creating client[0m[90m (2593ms)[0m
Admin UI E2E (3, chrome)	Run Cypress	2024-10-17T00:49:24.4251038Z     [32m  ✓[0m[90m Client CRUD test[0m[90m (5899ms)[0m
Admin UI E2E (3, chrome)	Run Cypress	2024-10-17T00:49:26.5413494Z     [32m  ✓[0m[90m Initial access token can't be created with 0 days and count[0m[90m (2073ms)[0m
Admin UI E2E (3, chrome)	Run Cypress	2024-10-17T00:49:31.1576214Z     [32m  ✓[0m[90m Initial access token[0m[90m (4571ms)[0m
Admin UI E2E (3, chrome)	Run Cypress	2024-10-17T00:49:33.3230595Z     [32m  ✓[0m[90m Should fail to create imported client with empty ID[0m[90m (1886ms)[0m
Admin UI E2E (3, chrome)	Run Cypress	2024-10-17T00:49:37.4706707Z     [32m  ✓[0m[90m Should fail to create client with same ID[0m[90m (4085ms)[0m
Admin UI E2E (3, chrome)	Run Cypress	2024-10-17T00:49:39.1196113Z     [32m  ✓[0m[90m should delete 'identical' client id[0m[90m (1570ms)[0m
Admin UI E2E (3, chrome)	Run Cypress	2024-10-17T00:49:39.1490051Z [0m    Roles tab test[0m
Admin UI E2E (3, chrome)	Run Cypress	2024-10-17T00:49:42.5147998Z     [32m  ✓[0m[90m Should fail to create client role with empty name[0m[90m (3332ms)[0m
Admin UI E2E (3, chrome)	Run Cypress	2024-10-17T00:49:46.2754646Z     [32m  ✓[0m[90m Should create client role[0m[90m (3713ms)[0m
Admin UI E2E (3, chrome)	Run Cypress	2024-10-17T00:49:50.4280373Z     [32m  ✓[0m[90m Should update client role description[0m[90m (4114ms)[0m
Admin UI E2E (3, chrome)	Run Cypress	2024-10-17T00:49:56.2971705Z     [32m  ✓[0m[90m Should add attribute to client role[0m[90m (5794ms)[0m
Admin UI E2E (3, chrome)	Run Cypress	2024-10-17T00:49:59.3799724Z     [32m  ✓[0m[90m Should delete attribute from client role[0m[90m (3034ms)[0m
Admin UI E2E (3, chrome)	Run Cypress	2024-10-17T00:50:02.9036610Z     [32m  ✓[0m[90m Should create client role to be deleted[0m[90m (3473ms)[0m
Admin UI E2E (3, chrome)	Run Cypress	2024-10-17T00:50:06.6726146Z     [32m  ✓[0m[90m Should fail to create duplicate client role[0m[90m (3726ms)[0m
Admin UI E2E (3, chrome)	Run Cypress	2024-10-17T00:50:10.3014490Z     [32m  ✓[0m[90m Should search existing client role[0m[90m (3585ms)[0m
Admin UI E2E (3, chrome)	Run Cypress	2024-10-17T00:50:13.5197019Z     [32m  ✓[0m[90m Should search non-existing role test[0m[90m (3177ms)[0m
Admin UI E2E (3, chrome)	Run Cypress	2024-10-17T00:50:16.5330215Z     [32m  ✓[0m[90m roles empty search test[0m[90m (2969ms)[0m
Admin UI E2E (3, chrome)	Run Cypress	2024-10-17T00:50:21.7773083Z     [32m  ✓[0m[90m Add associated roles test[0m[90m (5196ms)[0m
Admin UI E2E (3, chrome)	Run Cypress	2024-10-17T00:50:25.5421634Z     [32m  ✓[0m[90m Should hide inherited roles test[0m[90m (3712ms)[0m
Admin UI E2E (3, chrome)	Run Cypress	2024-10-17T00:50:29.9271884Z     [32m  ✓[0m[90m Should delete associated roles test[0m[90m (4344ms)[0m
Admin UI E2E (3, chrome)	Run Cypress	2024-10-17T00:50:34.0666246Z     [32m  ✓[0m[90m Should delete associated role from search bar test[0m[90m (4090ms)[0m
Admin UI E2E (3, chrome)	Run Cypress	2024-10-17T00:50:37.1729903Z     [32m  ✓[0m[90m Should delete client role test[0m[90m (3056ms)[0m
Admin UI E2E (3, chrome)	Run Cypress	2024-10-17T00:50:41.0792662Z     [32m  ✓[0m[90m Should delete client role from role details test[0m[90m (3570ms)[0m
Admin UI E2E (3, chrome)	Run Cypress	2024-10-17T00:50:41.0896322Z [0m    Advanced tab test[0m
Admin UI E2E (3, chrome)	Run Cypress	2024-10-17T00:50:45.2492619Z     [32m  ✓[0m[90m Clustering[0m[90m (3986ms)[0m
Admin UI E2E (3, chrome)	Run Cypress	2024-10-17T00:50:48.8983798Z     [32m  ✓[0m[90m Fine grain OpenID connect configuration[0m[90m (3449ms)[0m
Admin UI E2E (3, chrome)	Run Cypress	2024-10-17T00:50:52.9083780Z     [32m  ✓[0m[90m OIDC Compatibility Modes configuration[0m[90m (3829ms)[0m
Admin UI E2E (3, chrome)	Run Cypress	2024-10-17T00:50:59.5804388Z     [32m  ✓[0m[90m Client Offline Session Max[0m[90m (6507ms)[0m
Admin UI E2E (3, chrome)	Run Cypress	2024-10-17T00:51:04.1300907Z     [32m  ✓[0m[90m Advanced settings[0m[90m (4378ms)[0m
Admin UI E2E (3, chrome)	Run Cypress	2024-10-17T00:51:08.7444052Z     [32m  ✓[0m[90m Authentication flow override[0m[90m (4428ms)[0m
Admin UI E2E (3, chrome)	Run Cypress	2024-10-17T00:51:08.7762615Z [0m    Service account tab test[0m
Admin UI E2E (3, chrome)	Run Cypress	2024-10-17T00:51:12.5267224Z     [32m  ✓[0m[90m List[0m[90m (3708ms)[0m
Admin UI E2E (3, chrome)	Run Cypress	2024-10-17T00:51:17.3783827Z     [32m  ✓[0m[90m Assign[0m[90m (4549ms)[0m
Admin UI E2E (3, chrome)	Run Cypress	2024-10-17T00:51:17.3900629Z [0m    Mapping tab[0m
Admin UI E2E (3, chrome)	Run Cypress	2024-10-17T00:51:20.6928273Z     [32m  ✓[0m[90m Add mapping to openid client[0m[90m (3112ms)[0m
Admin UI E2E (3, chrome)	Run Cypress	2024-10-17T00:51:20.7016432Z [0m    Keys tab test[0m
Admin UI E2E (3, chrome)	Run Cypress	2024-10-17T00:51:24.3880480Z     [32m  ✓[0m[90m Generate new keys[0m[90m (3517ms)[0m
Admin UI E2E (3, chrome)	Run Cypress	2024-10-17T00:51:24.3971306Z [0m    Realm client[0m
Admin UI E2E (3, chrome)	Run Cypress	2024-10-17T00:51:29.1862791Z     [32m  ✓[0m[90m Displays the correct tabs[0m[90m (4596ms)[0m
Admin UI E2E (3, chrome)	Run Cypress	2024-10-17T00:51:31.9595267Z     [32m  ✓[0m[90m Hides the delete action[0m[90m (2710ms)[0m
Admin UI E2E (3, chrome)	Run Cypress	2024-10-17T00:51:31.9728306Z [0m    ***
Admin UI E2E (3, chrome)	Run Cypress	2024-10-17T00:51:34.3195887Z     [32m  ✓[0m[90m Shows an explainer text for bearer only clients[0m[90m (2309ms)[0m
Admin UI E2E (3, chrome)	Run Cypress	2024-10-17T00:51:36.6579386Z     [32m  ✓[0m[90m Hides the capability config section[0m[90m (2162ms)[0m
Admin UI E2E (3, chrome)	Run Cypress	2024-10-17T00:51:36.6718967Z [0m    Accessibility tests for clients[0m
Admin UI E2E (3, chrome)	Run Cypress	2024-10-17T00:51:38.6540322Z     [32m  ✓[0m[90m Check a11y violations on load/ clients list tab[0m[90m (1954ms)[0m
Admin UI E2E (3, chrome)	Run Cypress	2024-10-17T00:51:41.3518530Z     [32m  ✓[0m[90m Check a11y violations on create client page[0m[90m (2655ms)[0m
Admin UI E2E (3, chrome)	Run Cypress	2024-10-17T00:51:48.6458154Z     [32m  ✓[0m[90m Check a11y violations on client details page[0m[90m (7248ms)[0m
Admin UI E2E (3, chrome)	Run Cypress	2024-10-17T00:51:51.0412135Z     [32m  ✓[0m[90m Check a11y violations in delete dialog[0m[90m (2333ms)[0m
Admin UI E2E (3, chrome)	Run Cypress	2024-10-17T00:51:53.1781745Z     [32m  ✓[0m[90m Check a11y violations on import client[0m[90m (1964ms)[0m
Admin UI E2E (3, chrome)	Run Cypress	2024-10-17T00:51:55.1453239Z     [32m  ✓[0m[90m Check a11y violations on initial access token[0m[90m (1917ms)[0m
Admin UI E2E (3, chrome)	Run Cypress	2024-10-17T00:51:57.1428066Z     [32m  ✓[0m[90m Check a11y violations on client registration/ anonymous access policies tab[0m[90m (1953ms)[0m
Admin UI E2E (3, chrome)	Run Cypress	2024-10-17T00:51:59.7192780Z     [32m  ✓[0m[90m Check a11y violations on client registration/ authenticated access policies tab[0m[90m (1924ms)[0m
Admin UI E2E (3, chrome)	Run Cypress	2024-10-17T00:51:59.7200573Z 
Admin UI E2E (3, chrome)	Run Cypress	2024-10-17T00:51:59.7554661Z 
Admin UI E2E (3, chrome)	Run Cypress	2024-10-17T00:51:59.7556252Z [92m [0m[32m 63 passing[0m[90m (4m)[0m
Admin UI E2E (3, chrome)	Run Cypress	2024-10-17T00:51:59.7557544Z [31m  1 failing[0m
Admin UI E2E (3, chrome)	Run Cypress	2024-10-17T00:51:59.7558172Z 
Admin UI E2E (3, chrome)	Run Cypress	2024-10-17T00:51:59.7558677Z [0m  1) Clients test
Admin UI E2E (3, chrome)	Run Cypress	2024-10-17T00:51:59.7559638Z        Client details - Client scopes subtab
Admin UI E2E (3, chrome)	Run Cypress	2024-10-17T00:51:59.7560857Z          "after all" hook for "Should show initial items after filtering":
Admin UI E2E (3, chrome)	Run Cypress	2024-10-17T00:51:59.7626246Z [0m[31m     Error: Could not find client scope
Admin UI E2E (3, chrome)	Run Cypress	2024-10-17T00:51:59.7627195Z 
Admin UI E2E (3, chrome)	Run Cypress	2024-10-17T00:51:59.7629034Z Because this error occurred during a `after all` hook we are skipping the remaining tests in the current suite: `Client details - Client sco...`
Admin UI E2E (3, chrome)	Run Cypress	2024-10-17T00:51:59.7630307Z 
Admin UI E2E (3, chrome)	Run Cypress	2024-10-17T00:51:59.7631428Z Although you have test retries enabled, we do not retry tests when `before all` or `after all` hooks fail[0m[90m
Admin UI E2E (3, chrome)	Run Cypress	2024-10-17T00:51:59.7633170Z       at fetchWithError (http://localhost:8080/__cypress/tests?p=cypress/e2e/clients_test.spec.ts:8850:11)
Admin UI E2E (3, chrome)	Run Cypress	2024-10-17T00:51:59.7634873Z       at async Agent._requestWithParams (http://localhost:8080/__cypress/tests?p=cypress/e2e/clients_test.spec.ts:6127:17)
Admin UI E2E (3, chrome)	Run Cypress	2024-10-17T00:51:59.7636553Z [0m
Admin UI E2E (3, chrome)	Run Cypress	2024-10-17T00:51:59.7636765Z 
Admin UI E2E (3, chrome)	Run Cypress	2024-10-17T00:51:59.7636777Z 
Admin UI E2E (3, chrome)	Run Cypress	2024-10-17T00:52:00.7699560Z 
Admin UI E2E (3, chrome)	Run Cypress	2024-10-17T00:52:00.7701143Z [31m  ([4m[1mResults[22m[24m)[39m
Admin UI E2E (3, chrome)	Run Cypress	2024-10-17T00:52:00.7719301Z 
Admin UI E2E (3, chrome)	Run Cypress	2024-10-17T00:52:00.7736931Z [90m  ┌[39m[90m─[39m[90m─[39m[90m─[39m[90m─[39m[90m─[39m[90m─[39m[90m─[39m[90m─[39m[90m─[39m[90m─[39m[90m─[39m[90m─[39m[90m─[39m[90m─[39m[90m─[39m[90m─[39m[90m─[39m[90m─[39m[90m─[39m[90m─[39m[90m─[39m[90m─[39m[90m─[39m[90m─[39m[90m─[39m[90m─[39m[90m─[39m[90m─[39m[90m─[39m[90m─[39m[90m─[39m[90m─[39m[90m─[39m[90m─[39m[90m─[39m[90m─[39m[90m─[39m[90m─[39m[90m─[39m[90m─[39m[90m─[39m[90m─[39m[90m─[39m[90m─[39m[90m─[39m[90m─[39m[90m─[39m[90m─[39m[90m─[39m[90m─[39m[90m─[39m[90m─[39m[90m─[39m[90m─[39m[90m─[39m[90m─[39m[90m─[39m[90m─[39m[90m─[39m[90m─[39m[90m─[39m[90m─[39m[90m─[39m[90m─[39m[90m─[39m[90m─[39m[90m─[39m[90m─[39m[90m─[39m[90m─[39m[90m─[39m[90m─[39m[90m─[39m[90m─[39m[90m─[39m[90m─[39m[90m─[39m[90m─[39m[90m─[39m[90m─[39m[90m─[39m[90m─[39m[90m─[39m[90m─[39m[90m─[39m[90m─[39m[90m─[39m[90m─[39m[90m─[39m[90m─[39m[90m─[39m[90m─[39m[90m─[39m[90m─[39m[90m─[39m[90m─[39m[90m┐[39m
Admin UI E2E (3, chrome)	Run Cypress	2024-10-17T00:52:00.7743633Z [90m  │[39m [90mTests:[39m        [31m64[39m                                                                               [90m│[39m
Admin UI E2E (3, chrome)	Run Cypress	2024-10-17T00:52:00.7744645Z [90m  │[39m [90mPassing:[39m      [31m63[39m                                                                               [90m│[39m
Admin UI E2E (3, chrome)	Run Cypress	2024-10-17T00:52:00.7745588Z [90m  │[39m [90mFailing:[39m      [31m1[39m                                                                                [90m│[39m
Admin UI E2E (3, chrome)	Run Cypress	2024-10-17T00:52:00.7746540Z [90m  │[39m [90mPending:[39m      [31m0[39m                                                                                [90m│[39m
Admin UI E2E (3, chrome)	Run Cypress	2024-10-17T00:52:00.7747453Z [90m  │[39m [90mSkipped:[39m      [31m0[39m                                                                                [90m│[39m
Admin UI E2E (3, chrome)	Run Cypress	2024-10-17T00:52:00.7748367Z [90m  │[39m [90mScreenshots:[39m  [31m1[39m                                                                                [90m│[39m
Admin UI E2E (3, chrome)	Run Cypress	2024-10-17T00:52:00.7749478Z [90m  │[39m [90mVideo:[39m        [31mtrue[39m                                                                             [90m│[39m
Admin UI E2E (3, chrome)	Run Cypress	2024-10-17T00:52:00.7750593Z [90m  │[39m [90mDuration:[39m     [31m4 minutes, 4 seconds[39m                                                             [90m│[39m
Admin UI E2E (3, chrome)	Run Cypress	2024-10-17T00:52:00.7751930Z [90m  │[39m [90mSpec Ran:[39m     [31m[31mclients_test.spec.ts[31m[39m                                                             [90m│[39m
Admin UI E2E (3, chrome)	Run Cypress	2024-10-17T00:52:00.7757694Z [90m  └[39m[90m─[39m[90m─[39m[90m─[39m[90m─[39m[90m─[39m[90m─[39m[90m─[39m[90m─[39m[90m─[39m[90m─[39m[90m─[39m[90m─[39m[90m─[39m[90m─[39m[90m─[39m[90m─[39m[90m─[39m[90m─[39m[90m─[39m[90m─[39m[90m─[39m[90m─[39m[90m─[39m[90m─[39m[90m─[39m[90m─[39m[90m─[39m[90m─[39m[90m─[39m[90m─[39m[90m─[39m[90m─[39m[90m─[39m[90m─[39m[90m─[39m[90m─[39m[90m─[39m[90m─[39m[90m─[39m[90m─[39m[90m─[39m[90m─[39m[90m─[39m[90m─[39m[90m─[39m[90m─[39m[90m─[39m[90m─[39m[90m─[39m[90m─[39m[90m─[39m[90m─[39m[90m─[39m[90m─[39m[90m─[39m[90m─[39m[90m─[39m[90m─[39m[90m─[39m[90m─[39m[90m─[39m[90m─[39m[90m─[39m[90m─[39m[90m─[39m[90m─[39m[90m─[39m[90m─[39m[90m─[39m[90m─[39m[90m─[39m[90m─[39m[90m─[39m[90m─[39m[90m─[39m[90m─[39m[90m─[39m[90m─[39m[90m─[39m[90m─[39m[90m─[39m[90m─[39m[90m─[39m[90m─[39m[90m─[39m[90m─[39m[90m─[39m[90m─[39m[90m─[39m[90m─[39m[90m─[39m[90m─[39m[90m─[39m[90m─[39m[90m─[39m[90m─[39m[90m┘[39m
Admin UI E2E (3, chrome)	Run Cypress	2024-10-17T00:52:00.7761549Z 
Admin UI E2E (3, chrome)	Run Cypress	2024-10-17T00:52:00.7761569Z 
Admin UI E2E (3, chrome)	Run Cypress	2024-10-17T00:52:00.7761960Z [33m  ([4m[1mScreenshots[22m[24m)[39m
Admin UI E2E (3, chrome)	Run Cypress	2024-10-17T00:52:00.7762361Z 
Admin UI E2E (3, chrome)	Run Cypress	2024-10-17T00:52:00.7764232Z [90m [39m -  [0m/home/runner/work/keycloak/keycloak/js/apps/admin-ui/cypress/screenshots/clients[0m     [90m[90m(1280x581)[90m[39m
Admin UI E2E (3, chrome)	Run Cypress	2024-10-17T00:52:00.7766205Z [90m [39m    [0m_test.spec.ts/Clients test -- Client details - Client scopes subtab -- Should sh[0m               
Admin UI E2E (3, chrome)	Run Cypress	2024-10-17T00:52:00.7767411Z [90m [39m    [0mow initial items after filtering -- after all hook (failed).png[0m                                
Admin UI E2E (3, chrome)	Run Cypress	2024-10-17T00:52:00.7768420Z 
Admin UI E2E (3, chrome)	Run Cypress	2024-10-17T00:52:00.8177763Z 
Admin UI E2E (3, chrome)	Run Cypress	2024-10-17T00:52:00.8178902Z [36m  ([4m[1mVideo[22m[24m)[39m
Admin UI E2E (3, chrome)	Run Cypress	2024-10-17T00:52:00.8180210Z 
Admin UI E2E (3, chrome)	Run Cypress	2024-10-17T00:52:00.8181767Z   -  Video output: [36m/home/runner/work/keycloak/keycloak/js/apps/admin-ui/cypress/videos/clients_test.spec.ts.mp4[39m
Admin UI E2E (3, chrome)	Run Cypress	2024-10-17T00:52:00.8182970Z 
Admin UI E2E (3, chrome)	Run Cypress	2024-10-17T00:52:00.8182992Z 
Admin UI E2E (3, chrome)	Run Cypress	2024-10-17T00:52:00.8195911Z [90m─[39m[90m─[39m[90m─[39m[90m─[39m[90m─[39m[90m─[39m[90m─[39m[90m─[39m[90m─[39m[90m─[39m[90m─[39m[90m─[39m[90m─[39m[90m─[39m[90m─[39m[90m─[39m[90m─[39m[90m─[39m[90m─[39m[90m─[39m[90m─[39m[90m─[39m[90m─[39m[90m─[39m[90m─[39m[90m─[39m[90m─[39m[90m─[39m[90m─[39m[90m─[39m[90m─[39m[90m─[39m[90m─[39m[90m─[39m[90m─[39m[90m─[39m[90m─[39m[90m─[39m[90m─[39m[90m─[39m[90m─[39m[90m─[39m[90m─[39m[90m─[39m[90m─[39m[90m─[39m[90m─[39m[90m─[39m[90m─[39m[90m─[39m[90m─[39m[90m─[39m[90m─[39m[90m─[39m[90m─[39m[90m─[39m[90m─[39m[90m─[39m[90m─[39m[90m─[39m[90m─[39m[90m─[39m[90m─[39m[90m─[39m[90m─[39m[90m─[39m[90m─[39m[90m─[39m[90m─[39m[90m─[39m[90m─[39m[90m─[39m[90m─[39m[90m─[39m[90m─[39m[90m─[39m[90m─[39m[90m─[39m[90m─[39m[90m─[39m[90m─[39m[90m─[39m[90m─[39m[90m─[39m[90m─[39m[90m─[39m[90m─[39m[90m─[39m[90m─[39m[90m─[39m[90m─[39m[90m─[39m[90m─[39m[90m─[39m[90m─[39m[90m─[39m[90m─[39m[90m─[39m[90m─[39m[90m─[39m
Admin UI E2E (3, chrome)	Run Cypress	2024-10-17T00:52:00.8202201Z                                                                                                     
Admin UI E2E (3, chrome)	Run Cypress	2024-10-17T00:52:00.8203118Z   Running:  [90mauthentication_test.spec.ts[39m                                                     [90m(3 of 7)[39m
Admin UI E2E (3, chrome)	Run Cypress	2024-10-17T00:52:04.7327290Z 
Admin UI E2E (3, chrome)	Run Cypress	2024-10-17T00:52:04.7329258Z [0m[0m
Admin UI E2E (3, chrome)	Run Cypress	2024-10-17T00:52:04.7428500Z [0m  Authentication test[0m
Admin UI E2E (3, chrome)	Run Cypress	2024-10-17T00:52:09.6253855Z   [32m  ✓[0m[90m authentication empty search test[0m[90m (4850ms)[0m
Admin UI E2E (3, chrome)	Run Cypress	2024-10-17T00:52:11.4373747Z   [32m  ✓[0m[90m authentication search flow[0m[90m (1773ms)[0m
Admin UI E2E (3, chrome)	Run Cypress	2024-10-17T00:52:14.8211342Z   [32m  ✓[0m[90m should create duplicate of existing flow[0m[90m (3336ms)[0m
Admin UI E2E (3, chrome)	Run Cypress	2024-10-17T00:52:16.8960776Z   [32m  ✓[0m[90m Should fail duplicate with empty flow name[0m[90m (2019ms)[0m
Admin UI E2E (3, chrome)	Run Cypress	2024-10-17T00:52:18.9235358Z   [32m  ✓[0m[90m Should fail duplicate with duplicated name[0m[90m (1999ms)[0m
Admin UI E2E (3, chrome)	Run Cypress	2024-10-17T00:52:20.6508514Z   [32m  ✓[0m[90m Should show the details of a flow as a table[0m[90m (1679ms)[0m
Admin UI E2E (3, chrome)	Run Cypress	2024-10-17T00:52:20.6708602Z   [36m  - Should move kerberos down[0m
Admin UI E2E (3, chrome)	Run Cypress	2024-10-17T00:52:23.4141463Z   [32m  ✓[0m[90m Should edit flow details[0m[90m (2718ms)[0m
Admin UI E2E (3, chrome)	Run Cypress	2024-10-17T00:52:25.3022497Z   [32m  ✓[0m[90m Should change requirement of cookie[0m[90m (1860ms)[0m
Admin UI E2E (3, chrome)	Run Cypress	2024-10-17T00:52:27.1378749Z   [32m  ✓[0m[90m Should switch to diagram mode[0m[90m (1796ms)[0m
Admin UI E2E (3, chrome)	Run Cypress	2024-10-17T00:52:29.4234121Z   [32m  ✓[0m[90m Should add a execution[0m[90m (2196ms)[0m
Admin UI E2E (3, chrome)	Run Cypress	2024-10-17T00:52:31.6020205Z   [32m  ✓[0m[90m should add a condition[0m[90m (2175ms)[0m
Admin UI E2E (3, chrome)	Run Cypress	2024-10-17T00:52:33.9039975Z   [32m  ✓[0m[90m Should add a sub-flow[0m[90m (2269ms)[0m
Admin UI E2E (3, chrome)	Run Cypress	2024-10-17T00:52:36.0284567Z   [32m  ✓[0m[90m Should remove an execution[0m[90m (2091ms)[0m
Admin UI E2E (3, chrome)	Run Cypress	2024-10-17T00:52:38.0548244Z   [32m  ✓[0m[90m Should set as default in action menu[0m[90m (1975ms)[0m
Admin UI E2E (3, chrome)	Run Cypress	2024-10-17T00:52:41.7532028Z   [32m  ✓[0m[90m should create flow from scratch[0m[90m (3659ms)[0m
Admin UI E2E (3, chrome)	Run Cypress	2024-10-17T00:52:43.5099781Z   [32m  ✓[0m[90m Should delete a flow from action menu[0m[90m (1727ms)[0m
Admin UI E2E (3, chrome)	Run Cypress	2024-10-17T00:52:46.7507170Z   [32m  ✓[0m[90m add webauthn authentication to browserflow[0m[90m (3212ms)[0m
Admin UI E2E (3, chrome)	Run Cypress	2024-10-17T00:52:49.3336916Z   [32m  ✓[0m[90m Should display the default browser flow diagram[0m[90m (2023ms)[0m
Admin UI E2E (3, chrome)	Run Cypress	2024-10-17T00:52:49.3624940Z 
Admin UI E2E (3, chrome)	Run Cypress	2024-10-17T00:52:49.3626234Z [0m  Required actions[0m
Admin UI E2E (3, chrome)	Run Cypress	2024-10-17T00:52:52.0140152Z   [32m  ✓[0m[90m should enable delete account[0m[90m (2613ms)[0m
Admin UI E2E (3, chrome)	Run Cypress	2024-10-17T00:52:53.8282121Z   [32m  ✓[0m[90m should register an unregistered action[0m[90m (1785ms)[0m
Admin UI E2E (3, chrome)	Run Cypress	2024-10-17T00:52:55.6011042Z   [32m  ✓[0m[90m should set action as default[0m[90m (1742ms)[0m
Admin UI E2E (3, chrome)	Run Cypress	2024-10-17T00:52:57.9103738Z   [32m  ✓[0m[90m should reorder required actions[0m[90m (1771ms)[0m
Admin UI E2E (3, chrome)	Run Cypress	2024-10-17T00:52:57.9507839Z 
Admin UI E2E (3, chrome)	Run Cypress	2024-10-17T00:52:57.9509146Z [0m  Password policies tab[0m
Admin UI E2E (3, chrome)	Run Cypress	2024-10-17T00:52:59.5755028Z   [32m  ✓[0m[90m should add password policies[0m[90m (1595ms)[0m
Admin UI E2E (3, chrome)	Run Cypress	2024-10-17T00:53:01.2932038Z   [32m  ✓[0m[90m should remove password policies[0m[90m (1681ms)[0m
Admin UI E2E (3, chrome)	Run Cypress	2024-10-17T00:53:01.3059735Z 
Admin UI E2E (3, chrome)	Run Cypress	2024-10-17T00:53:01.3060608Z [0m  Accessibility tests for authentication[0m
Admin UI E2E (3, chrome)	Run Cypress	2024-10-17T00:53:03.9607733Z   [32m  ✓[0m[90m Check a11y violations on load/ authentication tab/ flows sub tab[0m[90m (2645ms)[0m
Admin UI E2E (3, chrome)	Run Cypress	2024-10-17T00:53:05.8592330Z   [32m  ✓[0m[90m Check a11y violations on load/ authentication tab/ flows sub tab/ creating flow form[0m[90m (1861ms)[0m
Admin UI E2E (3, chrome)	Run Cypress	2024-10-17T00:53:08.7290885Z   [32m  ✓[0m[90m Check a11y violations on load/ authentication tab/ flows sub tab/ creating flow[0m[90m (2843ms)[0m
Admin UI E2E (3, chrome)	Run Cypress	2024-10-17T00:53:10.6489913Z   [32m  ✓[0m[90m Check a11y violations on load/ authentication tab/ flows sub tab/ creating flow form[0m[90m (1880ms)[0m
Admin UI E2E (3, chrome)	Run Cypress	2024-10-17T00:53:12.6337335Z   [32m  ✓[0m[90m Check a11y violations on load/ authentication tab/ required actions sub tab[0m[90m (1940ms)[0m
Admin UI E2E (3, chrome)	Run Cypress	2024-10-17T00:53:14.6509930Z   [32m  ✓[0m[90m Check a11y violations on load/ policies tab/ password policy sub tab[0m[90m (1995ms)[0m
Admin UI E2E (3, chrome)	Run Cypress	2024-10-17T00:53:16.7278630Z   [32m  ✓[0m[90m Check a11y violations on load/ authentication tab/ policies sub tab/ adding policy[0m[90m (2047ms)[0m
Admin UI E2E (3, chrome)	Run Cypress	2024-10-17T00:53:18.7750390Z   [32m  ✓[0m[90m Check a11y violations on load/ policies tab/ otp policy sub tab[0m[90m (2027ms)[0m
Admin UI E2E (3, chrome)	Run Cypress	2024-10-17T00:53:20.8358745Z   [32m  ✓[0m[90m Check a11y violations on load/ policies tab/ WebAuthn Policies sub tab[0m[90m (2037ms)[0m
Admin UI E2E (3, chrome)	Run Cypress	2024-10-17T00:53:22.9770793Z   [32m  ✓[0m[90m Check a11y violations on load/ policies tab/ WebAuthn Passwordless Policies sub tab[0m[90m (2120ms)[0m
Admin UI E2E (3, chrome)	Run Cypress	2024-10-17T00:53:25.4707778Z   [32m  ✓[0m[90m Check a11y violations on load/ policies tab/ CIBA Policy sub tab[0m[90m (2034ms)[0m
Admin UI E2E (3, chrome)	Run Cypress	2024-10-17T00:53:25.4709186Z 
Admin UI E2E (3, chrome)	Run Cypress	2024-10-17T00:53:25.4939860Z 
Admin UI E2E (3, chrome)	Run Cypress	2024-10-17T00:53:25.4940916Z [92m [0m[32m 35 passing[0m[90m (1m)[0m
Admin UI E2E (3, chrome)	Run Cypress	2024-10-17T00:53:25.4941760Z [36m [0m[36m 1 pending[0m
Admin UI E2E (3, chrome)	Run Cypress	2024-10-17T00:53:25.4942607Z 
Admin UI E2E (3, chrome)	Run Cypress	2024-10-17T00:53:26.5116557Z 
Admin UI E2E (3, chrome)	Run Cypress	2024-10-17T00:53:26.5118306Z [32m  ([4m[1mResults[22m[24m)[39m
Admin UI E2E (3, chrome)	Run Cypress	2024-10-17T00:53:26.5137811Z 
Admin UI E2E (3, chrome)	Run Cypress	2024-10-17T00:53:26.5153542Z [90m  ┌[39m[90m─[39m[90m─[39m[90m─[39m[90m─[39m[90m─[39m[90m─[39m[90m─[39m[90m─[39m[90m─[39m[90m─[39m[90m─[39m[90m─[39m[90m─[39m[90m─[39m[90m─[39m[90m─[39m[90m─[39m[90m─[39m[90m─[39m[90m─[39m[90m─[39m[90m─[39m[90m─[39m[90m─[39m[90m─[39m[90m─[39m[90m─[39m[90m─[39m[90m─[39m[90m─[39m[90m─[39m[90m─[39m[90m─[39m[90m─[39m[90m─[39m[90m─[39m[90m─[39m[90m─[39m[90m─[39m[90m─[39m[90m─[39m[90m─[39m[90m─[39m[90m─[39m[90m─[39m[90m─[39m[90m─[39m[90m─[39m[90m─[39m[90m─[39m[90m─[39m[90m─[39m[90m─[39m[90m─[39m[90m─[39m[90m─[39m[90m─[39m[90m─[39m[90m─[39m[90m─[39m[90m─[39m[90m─[39m[90m─[39m[90m─[39m[90m─[39m[90m─[39m[90m─[39m[90m─[39m[90m─[39m[90m─[39m[90m─[39m[90m─[39m[90m─[39m[90m─[39m[90m─[39m[90m─[39m[90m─[39m[90m─[39m[90m─[39m[90m─[39m[90m─[39m[90m─[39m[90m─[39m[90m─[39m[90m─[39m[90m─[39m[90m─[39m[90m─[39m[90m─[39m[90m─[39m[90m─[39m[90m─[39m[90m─[39m[90m─[39m[90m─[39m[90m─[39m[90m┐[39m
Admin UI E2E (3, chrome)	Run Cypress	2024-10-17T00:53:26.5158037Z [90m  │[39m [90mTests:[39m        [32m36[39m                                                                               [90m│[39m
Admin UI E2E (3, chrome)	Run Cypress	2024-10-17T00:53:26.5158989Z [90m  │[39m [90mPassing:[39m      [32m35[39m                                                                               [90m│[39m
Admin UI E2E (3, chrome)	Run Cypress	2024-10-17T00:53:26.5160067Z [90m  │[39m [90mFailing:[39m      [32m0[39m                                                                                [90m│[39m
Admin UI E2E (3, chrome)	Run Cypress	2024-10-17T00:53:26.5161380Z [90m  │[39m [90mPending:[39m      [32m1[39m                                                                                [90m│[39m
Admin UI E2E (3, chrome)	Run Cypress	2024-10-17T00:53:26.5162940Z [90m  │[39m [90mSkipped:[39m      [32m0[39m                                                                                [90m│[39m
Admin UI E2E (3, chrome)	Run Cypress	2024-10-17T00:53:26.5164854Z [90m  │[39m [90mScreenshots:[39m  [32m0[39m                                                                                [90m│[39m
Admin UI E2E (3, chrome)	Run Cypress	2024-10-17T00:53:26.5166188Z [90m  │[39m [90mVideo:[39m        [32mfalse[39m                                                                            [90m│[39m
Admin UI E2E (3, chrome)	Run Cypress	2024-10-17T00:53:26.5167444Z [90m  │[39m [90mDuration:[39m     [32m1 minute, 20 seconds[39m                                                             [90m│[39m
Admin UI E2E (3, chrome)	Run Cypress	2024-10-17T00:53:26.5168632Z [90m  │[39m [90mSpec Ran:[39m     [32m[32mauthentication_test.spec.ts[32m[39m                                                      [90m│[39m
Admin UI E2E (3, chrome)	Run Cypress	2024-10-17T00:53:26.5175089Z [90m  └[39m[90m─[39m[90m─[39m[90m─[39m[90m─[39m[90m─[39m[90m─[39m[90m─[39m[90m─[39m[90m─[39m[90m─[39m[90m─[39m[90m─[39m[90m─[39m[90m─[39m[90m─[39m[90m─[39m[90m─[39m[90m─[39m[90m─[39m[90m─[39m[90m─[39m[90m─[39m[90m─[39m[90m─[39m[90m─[39m[90m─[39m[90m─[39m[90m─[39m[90m─[39m[90m─[39m[90m─[39m[90m─[39m[90m─[39m[90m─[39m[90m─[39m[90m─[39m[90m─[39m[90m─[39m[90m─[39m[90m─[39m[90m─[39m[90m─[39m[90m─[39m[90m─[39m[90m─[39m[90m─[39m[90m─[39m[90m─[39m[90m─[39m[90m─[39m[90m─[39m[90m─[39m[90m─[39m[90m─[39m[90m─[39m[90m─[39m[90m─[39m[90m─[39m[90m─[39m[90m─[39m[90m─[39m[90m─[39m[90m─[39m[90m─[39m[90m─[39m[90m─[39m[90m─[39m[90m─[39m[90m─[39m[90m─[39m[90m─[39m[90m─[39m[90m─[39m[90m─[39m[90m─[39m[90m─[39m[90m─[39m[90m─[39m[90m─[39m[90m─[39m[90m─[39m[90m─[39m[90m─[39m[90m─[39m[90m─[39m[90m─[39m[90m─[39m[90m─[39m[90m─[39m[90m─[39m[90m─[39m[90m─[39m[90m─[39m[90m─[39m[90m─[39m[90m─[39m[90m┘[39m
Admin UI E2E (3, chrome)	Run Cypress	2024-10-17T00:53:26.5179891Z 
Admin UI E2E (3, chrome)	Run Cypress	2024-10-17T00:53:26.5532810Z 
Admin UI E2E (3, chrome)	Run Cypress	2024-10-17T00:53:26.5542285Z [90m─[39m[90m─[39m[90m─[39m[90m─[39m[90m─[39m[90m─[39m[90m─[39m[90m─[39m[90m─[39m[90m─[39m[90m─[39m[90m─[39m[90m─[39m[90m─[39m[90m─[39m[90m─[39m[90m─[39m[90m─[39m[90m─[39m[90m─[39m[90m─[39m[90m─[39m[90m─[39m[90m─[39m[90m─[39m[90m─[39m[90m─[39m[90m─[39m[90m─[39m[90m─[39m[90m─[39m[90m─[39m[90m─[39m[90m─[39m[90m─[39m[90m─[39m[90m─[39m[90m─[39m[90m─[39m[90m─[39m[90m─[39m[90m─[39m[90m─[39m[90m─[39m[90m─[39m[90m─[39m[90m─[39m[90m─[39m[90m─[39m[90m─[39m[90m─[39m[90m─[39m[90m─[39m[90m─[39m[90m─[39m[90m─[39m[90m─[39m[90m─[39m[90m─[39m[90m─[39m[90m─[39m[90m─[39m[90m─[39m[90m─[39m[90m─[39m[90m─[39m[90m─[39m[90m─[39m[90m─[39m[90m─[39m[90m─[39m[90m─[39m[90m─[39m[90m─[39m[90m─[39m[90m─[39m[90m─[39m[90m─[39m[90m─[39m[90m─[39m[90m─[39m[90m─[39m[90m─[39m[90m─[39m[90m─[39m[90m─[39m[90m─[39m[90m─[39m[90m─[39m[90m─[39m[90m─[39m[90m─[39m[90m─[39m[90m─[39m[90m─[39m[90m─[39m[90m─[39m[90m─[39m[90m─[39m[90m─[39m
Admin UI E2E (3, chrome)	Run Cypress	2024-10-17T00:53:26.5546082Z                                                                                                     
Admin UI E2E (3, chrome)	Run Cypress	2024-10-17T00:53:26.5547323Z   Running:  [90musers_enable_disable.spec.ts[39m                                                    [90m(4 of 7)[39m
Admin UI E2E (3, chrome)	Run Cypress	2024-10-17T00:53:30.3274693Z 
Admin UI E2E (3, chrome)	Run Cypress	2024-10-17T00:53:30.3275941Z [0m[0m
Admin UI E2E (3, chrome)	Run Cypress	2024-10-17T00:53:30.3350348Z [0m  User enable/disable[0m
Admin UI E2E (3, chrome)	Run Cypress	2024-10-17T00:53:36.1996257Z   [32m  ✓[0m[90m disables a user[0m[90m (5864ms)[0m
Admin UI E2E (3, chrome)	Run Cypress	2024-10-17T00:53:39.7197035Z   [32m  ✓[0m[90m enables a user[0m[90m (3479ms)[0m
Admin UI E2E (3, chrome)	Run Cypress	2024-10-17T00:53:44.7154349Z   [32m  ✓[0m[90m ensures submitting doesn't reset the enabled state[0m[90m (4970ms)[0m
Admin UI E2E (3, chrome)	Run Cypress	2024-10-17T00:53:44.7157291Z 
Admin UI E2E (3, chrome)	Run Cypress	2024-10-17T00:53:44.7407805Z 
Admin UI E2E (3, chrome)	Run Cypress	2024-10-17T00:53:44.7409203Z [92m [0m[32m 3 passing[0m[90m (14s)[0m
Admin UI E2E (3, chrome)	Run Cypress	2024-10-17T00:53:44.7409735Z 
Admin UI E2E (3, chrome)	Run Cypress	2024-10-17T00:53:45.7641950Z 
Admin UI E2E (3, chrome)	Run Cypress	2024-10-17T00:53:45.7643214Z [32m  ([4m[1mResults[22m[24m)[39m
Admin UI E2E (3, chrome)	Run Cypress	2024-10-17T00:53:45.7646652Z 
Admin UI E2E (3, chrome)	Run Cypress	2024-10-17T00:53:45.7661272Z [90m  ┌[39m[90m─[39m[90m─[39m[90m─[39m[90m─[39m[90m─[39m[90m─[39m[90m─[39m[90m─[39m[90m─[39m[90m─[39m[90m─[39m[90m─[39m[90m─[39m[90m─[39m[90m─[39m[90m─[39m[90m─[39m[90m─[39m[90m─[39m[90m─[39m[90m─[39m[90m─[39m[90m─[39m[90m─[39m[90m─[39m[90m─[39m[90m─[39m[90m─[39m[90m─[39m[90m─[39m[90m─[39m[90m─[39m[90m─[39m[90m─[39m[90m─[39m[90m─[39m[90m─[39m[90m─[39m[90m─[39m[90m─[39m[90m─[39m[90m─[39m[90m─[39m[90m─[39m[90m─[39m[90m─[39m[90m─[39m[90m─[39m[90m─[39m[90m─[39m[90m─[39m[90m─[39m[90m─[39m[90m─[39m[90m─[39m[90m─[39m[90m─[39m[90m─[39m[90m─[39m[90m─[39m[90m─[39m[90m─[39m[90m─[39m[90m─[39m[90m─[39m[90m─[39m[90m─[39m[90m─[39m[90m─[39m[90m─[39m[90m─[39m[90m─[39m[90m─[39m[90m─[39m[90m─[39m[90m─[39m[90m─[39m[90m─[39m[90m─[39m[90m─[39m[90m─[39m[90m─[39m[90m─[39m[90m─[39m[90m─[39m[90m─[39m[90m─[39m[90m─[39m[90m─[39m[90m─[39m[90m─[39m[90m─[39m[90m─[39m[90m─[39m[90m─[39m[90m─[39m[90m┐[39m
Admin UI E2E (3, chrome)	Run Cypress	2024-10-17T00:53:45.7667842Z [90m  │[39m [90mTests:[39m        [32m3[39m                                                                                [90m│[39m
Admin UI E2E (3, chrome)	Run Cypress	2024-10-17T00:53:45.7669367Z [90m  │[39m [90mPassing:[39m      [32m3[39m                                                                                [90m│[39m
Admin UI E2E (3, chrome)	Run Cypress	2024-10-17T00:53:45.7670863Z [90m  │[39m [90mFailing:[39m      [32m0[39m                                                                                [90m│[39m
Admin UI E2E (3, chrome)	Run Cypress	2024-10-17T00:53:45.7672455Z [90m  │[39m [90mPending:[39m      [32m0[39m                                                                                [90m│[39m
Admin UI E2E (3, chrome)	Run Cypress	2024-10-17T00:53:45.7674106Z [90m  │[39m [90mSkipped:[39m      [32m0[39m                                                                                [90m│[39m
Admin UI E2E (3, chrome)	Run Cypress	2024-10-17T00:53:45.7675851Z [90m  │[39m [90mScreenshots:[39m  [32m0[39m                                                                                [90m│[39m
Admin UI E2E (3, chrome)	Run Cypress	2024-10-17T00:53:45.7677467Z [90m  │[39m [90mVideo:[39m        [32mfalse[39m                                                                            [90m│[39m
Admin UI E2E (3, chrome)	Run Cypress	2024-10-17T00:53:45.7679083Z [90m  │[39m [90mDuration:[39m     [32m14 seconds[39m                                                                       [90m│[39m
Admin UI E2E (3, chrome)	Run Cypress	2024-10-17T00:53:45.7680924Z [90m  │[39m [90mSpec Ran:[39m     [32m[32musers_enable_disable.spec.ts[32m[39m                                                     [90m│[39m
Admin UI E2E (3, chrome)	Run Cypress	2024-10-17T00:53:45.7690071Z [90m  └[39m[90m─[39m[90m─[39m[90m─[39m[90m─[39m[90m─[39m[90m─[39m[90m─[39m[90m─[39m[90m─[39m[90m─[39m[90m─[39m[90m─[39m[90m─[39m[90m─[39m[90m─[39m[90m─[39m[90m─[39m[90m─[39m[90m─[39m[90m─[39m[90m─[39m[90m─[39m[90m─[39m[90m─[39m[90m─[39m[90m─[39m[90m─[39m[90m─[39m[90m─[39m[90m─[39m[90m─[39m[90m─[39m[90m─[39m[90m─[39m[90m─[39m[90m─[39m[90m─[39m[90m─[39m[90m─[39m[90m─[39m[90m─[39m[90m─[39m[90m─[39m[90m─[39m[90m─[39m[90m─[39m[90m─[39m[90m─[39m[90m─[39m[90m─[39m[90m─[39m[90m─[39m[90m─[39m[90m─[39m[90m─[39m[90m─[39m[90m─[39m[90m─[39m[90m─[39m[90m─[39m[90m─[39m[90m─[39m[90m─[39m[90m─[39m[90m─[39m[90m─[39m[90m─[39m[90m─[39m[90m─[39m[90m─[39m[90m─[39m[90m─[39m[90m─[39m[90m─[39m[90m─[39m[90m─[39m[90m─[39m[90m─[39m[90m─[39m[90m─[39m[90m─[39m[90m─[39m[90m─[39m[90m─[39m[90m─[39m[90m─[39m[90m─[39m[90m─[39m[90m─[39m[90m─[39m[90m─[39m[90m─[39m[90m─[39m[90m─[39m[90m─[39m[90m─[39m[90m┘[39m
Admin UI E2E (3, chrome)	Run Cypress	2024-10-17T00:53:45.7695257Z 
Admin UI E2E (3, chrome)	Run Cypress	2024-10-17T00:53:45.8037648Z 
Admin UI E2E (3, chrome)	Run Cypress	2024-10-17T00:53:45.8051182Z [90m─[39m[90m─[39m[90m─[39m[90m─[39m[90m─[39m[90m─[39m[90m─[39m[90m─[39m[90m─[39m[90m─[39m[90m─[39m[90m─[39m[90m─[39m[90m─[39m[90m─[39m[90m─[39m[90m─[39m[90m─[39m[90m─[39m[90m─[39m[90m─[39m[90m─[39m[90m─[39m[90m─[39m[90m─[39m[90m─[39m[90m─[39m[90m─[39m[90m─[39m[90m─[39m[90m─[39m[90m─[39m[90m─[39m[90m─[39m[90m─[39m[90m─[39m[90m─[39m[90m─[39m[90m─[39m[90m─[39m[90m─[39m[90m─[39m[90m─[39m[90m─[39m[90m─[39m[90m─[39m[90m─[39m[90m─[39m[90m─[39m[90m─[39m[90m─[39m[90m─[39m[90m─[39m[90m─[39m[90m─[39m[90m─[39m[90m─[39m[90m─[39m[90m─[39m[90m─[39m[90m─[39m[90m─[39m[90m─[39m[90m─[39m[90m─[39m[90m─[39m[90m─[39m[90m─[39m[90m─[39m[90m─[39m[90m─[39m[90m─[39m[90m─[39m[90m─[39m[90m─[39m[90m─[39m[90m─[39m[90m─[39m[90m─[39m[90m─[39m[90m─[39m[90m─[39m[90m─[39m[90m─[39m[90m─[39m[90m─[39m[90m─[39m[90m─[39m[90m─[39m[90m─[39m[90m─[39m[90m─[39m[90m─[39m[90m─[39m[90m─[39m[90m─[39m[90m─[39m[90m─[39m[90m─[39m[90m─[39m
Admin UI E2E (3, chrome)	Run Cypress	2024-10-17T00:53:45.8056958Z                                                                                                     
Admin UI E2E (3, chrome)	Run Cypress	2024-10-17T00:53:45.8057941Z   Running:  [90muser_fed_ldap_mapper_test.spec.ts[39m                                               [90m(5 of 7)[39m
Admin UI E2E (3, chrome)	Run Cypress	2024-10-17T00:53:48.4561926Z 
Admin UI E2E (3, chrome)	Run Cypress	2024-10-17T00:53:48.4563091Z [0m[0m
Admin UI E2E (3, chrome)	Run Cypress	2024-10-17T00:53:48.4591098Z [0m  User Fed LDAP mapper tests[0m
Admin UI E2E (3, chrome)	Run Cypress	2024-10-17T00:53:58.3070615Z   [32m  ✓[0m[90m Create LDAP provider from empty state[0m[90m (9828ms)[0m
Admin UI E2E (3, chrome)	Run Cypress	2024-10-17T00:54:06.3999044Z   [32m  ✓[0m[90m Delete default mappers[0m[90m (8002ms)[0m
Admin UI E2E (3, chrome)	Run Cypress	2024-10-17T00:54:11.8572991Z   [32m  ✓[0m[90m Create certificate ldap mapper[0m[90m (5404ms)[0m
Admin UI E2E (3, chrome)	Run Cypress	2024-10-17T00:54:15.3201342Z   [32m  ✓[0m[90m Update certificate ldap mapper[0m[90m (3419ms)[0m
Admin UI E2E (3, chrome)	Run Cypress	2024-10-17T00:54:18.2689810Z   [32m  ✓[0m[90m Delete certificate ldap mapper[0m[90m (2909ms)[0m
Admin UI E2E (3, chrome)	Run Cypress	2024-10-17T00:54:23.1019272Z   [32m  ✓[0m[90m Create user account control mapper[0m[90m (4779ms)[0m
Admin UI E2E (3, chrome)	Run Cypress	2024-10-17T00:54:27.9056241Z   [32m  ✓[0m[90m Create msad lds user account control mapper[0m[90m (4745ms)[0m
Admin UI E2E (3, chrome)	Run Cypress	2024-10-17T00:54:33.1813742Z   [32m  ✓[0m[90m Create user attribute ldap mapper[0m[90m (5221ms)[0m
Admin UI E2E (3, chrome)	Run Cypress	2024-10-17T00:54:38.0442437Z   [32m  ✓[0m[90m Create full name ldap mapper[0m[90m (4802ms)[0m
Admin UI E2E (3, chrome)	Run Cypress	2024-10-17T00:54:43.0707272Z   [32m  ✓[0m[90m Create group ldap mapper[0m[90m (4976ms)[0m
Admin UI E2E (3, chrome)	Run Cypress	2024-10-17T00:54:45.8842702Z   [32m  ✓[0m[90m Should return one search result for mapper with unique string[0m[90m (2740ms)[0m
Admin UI E2E (3, chrome)	Run Cypress	2024-10-17T00:54:48.7859368Z   [32m  ✓[0m[90m Should return multiple search results for mappers that share common string[0m[90m (2856ms)[0m
Admin UI E2E (3, chrome)	Run Cypress	2024-10-17T00:54:51.6088230Z   [32m  ✓[0m[90m Should return all mappers in search results when no string is specified[0m[90m (2762ms)[0m
Admin UI E2E (3, chrome)	Run Cypress	2024-10-17T00:54:54.3813056Z   [32m  ✓[0m[90m Should return no search results for string that does not exist in any mappers[0m[90m (2736ms)[0m
Admin UI E2E (3, chrome)	Run Cypress	2024-10-17T00:54:57.1819449Z   [32m  ✓[0m[90m Cleanup - delete LDAP provider[0m[90m (2740ms)[0m
Admin UI E2E (3, chrome)	Run Cypress	2024-10-17T00:54:57.1820484Z 
Admin UI E2E (3, chrome)	Run Cypress	2024-10-17T00:54:57.2071748Z 
Admin UI E2E (3, chrome)	Run Cypress	2024-10-17T00:54:57.2073432Z [92m [0m[32m 15 passing[0m[90m (1m)[0m
Admin UI E2E (3, chrome)	Run Cypress	2024-10-17T00:54:57.2073967Z 
Admin UI E2E (3, chrome)	Run Cypress	2024-10-17T00:54:58.2353579Z 
Admin UI E2E (3, chrome)	Run Cypress	2024-10-17T00:54:58.2355356Z [32m  ([4m[1mResults[22m[24m)[39m
Admin UI E2E (3, chrome)	Run Cypress	2024-10-17T00:54:58.2361320Z 
Admin UI E2E (3, chrome)	Run Cypress	2024-10-17T00:54:58.2374891Z [90m  ┌[39m[90m─[39m[90m─[39m[90m─[39m[90m─[39m[90m─[39m[90m─[39m[90m─[39m[90m─[39m[90m─[39m[90m─[39m[90m─[39m[90m─[39m[90m─[39m[90m─[39m[90m─[39m[90m─[39m[90m─[39m[90m─[39m[90m─[39m[90m─[39m[90m─[39m[90m─[39m[90m─[39m[90m─[39m[90m─[39m[90m─[39m[90m─[39m[90m─[39m[90m─[39m[90m─[39m[90m─[39m[90m─[39m[90m─[39m[90m─[39m[90m─[39m[90m─[39m[90m─[39m[90m─[39m[90m─[39m[90m─[39m[90m─[39m[90m─[39m[90m─[39m[90m─[39m[90m─[39m[90m─[39m[90m─[39m[90m─[39m[90m─[39m[90m─[39m[90m─[39m[90m─[39m[90m─[39m[90m─[39m[90m─[39m[90m─[39m[90m─[39m[90m─[39m[90m─[39m[90m─[39m[90m─[39m[90m─[39m[90m─[39m[90m─[39m[90m─[39m[90m─[39m[90m─[39m[90m─[39m[90m─[39m[90m─[39m[90m─[39m[90m─[39m[90m─[39m[90m─[39m[90m─[39m[90m─[39m[90m─[39m[90m─[39m[90m─[39m[90m─[39m[90m─[39m[90m─[39m[90m─[39m[90m─[39m[90m─[39m[90m─[39m[90m─[39m[90m─[39m[90m─[39m[90m─[39m[90m─[39m[90m─[39m[90m─[39m[90m─[39m[90m─[39m[90m─[39m[90m┐[39m
Admin UI E2E (3, chrome)	Run Cypress	2024-10-17T00:54:58.2378993Z [90m  │[39m [90mTests:[39m        [32m15[39m                                                                               [90m│[39m
Admin UI E2E (3, chrome)	Run Cypress	2024-10-17T00:54:58.2380299Z [90m  │[39m [90mPassing:[39m      [32m15[39m                                                                               [90m│[39m
Admin UI E2E (3, chrome)	Run Cypress	2024-10-17T00:54:58.2381301Z [90m  │[39m [90mFailing:[39m      [32m0[39m                                                                                [90m│[39m
Admin UI E2E (3, chrome)	Run Cypress	2024-10-17T00:54:58.2382240Z [90m  │[39m [90mPending:[39m      [32m0[39m                                                                                [90m│[39m
Admin UI E2E (3, chrome)	Run Cypress	2024-10-17T00:54:58.2383267Z [90m  │[39m [90mSkipped:[39m      [32m0[39m                                                                                [90m│[39m
Admin UI E2E (3, chrome)	Run Cypress	2024-10-17T00:54:58.2384586Z [90m  │[39m [90mScreenshots:[39m  [32m0[39m                                                                                [90m│[39m
Admin UI E2E (3, chrome)	Run Cypress	2024-10-17T00:54:58.2386122Z [90m  │[39m [90mVideo:[39m        [32mfalse[39m                                                                            [90m│[39m
Admin UI E2E (3, chrome)	Run Cypress	2024-10-17T00:54:58.2387536Z [90m  │[39m [90mDuration:[39m     [32m1 minute, 8 seconds[39m                                                              [90m│[39m
Admin UI E2E (3, chrome)	Run Cypress	2024-10-17T00:54:58.2389883Z [90m  │[39m [90mSpec Ran:[39m     [32m[32muser_fed_ldap_mapper_test.spec.ts[32m[39m                                                [90m│[39m
Admin UI E2E (3, chrome)	Run Cypress	2024-10-17T00:54:58.2398698Z [90m  └[39m[90m─[39m[90m─[39m[90m─[39m[90m─[39m[90m─[39m[90m─[39m[90m─[39m[90m─[39m[90m─[39m[90m─[39m[90m─[39m[90m─[39m[90m─[39m[90m─[39m[90m─[39m[90m─[39m[90m─[39m[90m─[39m[90m─[39m[90m─[39m[90m─[39m[90m─[39m[90m─[39m[90m─[39m[90m─[39m[90m─[39m[90m─[39m[90m─[39m[90m─[39m[90m─[39m[90m─[39m[90m─[39m[90m─[39m[90m─[39m[90m─[39m[90m─[39m[90m─[39m[90m─[39m[90m─[39m[90m─[39m[90m─[39m[90m─[39m[90m─[39m[90m─[39m[90m─[39m[90m─[39m[90m─[39m[90m─[39m[90m─[39m[90m─[39m[90m─[39m[90m─[39m[90m─[39m[90m─[39m[90m─[39m[90m─[39m[90m─[39m[90m─[39m[90m─[39m[90m─[39m[90m─[39m[90m─[39m[90m─[39m[90m─[39m[90m─[39m[90m─[39m[90m─[39m[90m─[39m[90m─[39m[90m─[39m[90m─[39m[90m─[39m[90m─[39m[90m─[39m[90m─[39m[90m─[39m[90m─[39m[90m─[39m[90m─[39m[90m─[39m[90m─[39m[90m─[39m[90m─[39m[90m─[39m[90m─[39m[90m─[39m[90m─[39m[90m─[39m[90m─[39m[90m─[39m[90m─[39m[90m─[39m[90m─[39m[90m─[39m[90m─[39m[90m─[39m[90m┘[39m
Admin UI E2E (3, chrome)	Run Cypress	2024-10-17T00:54:58.2404988Z 
Admin UI E2E (3, chrome)	Run Cypress	2024-10-17T00:54:58.2731222Z 
Admin UI E2E (3, chrome)	Run Cypress	2024-10-17T00:54:58.2740844Z [90m─[39m[90m─[39m[90m─[39m[90m─[39m[90m─[39m[90m─[39m[90m─[39m[90m─[39m[90m─[39m[90m─[39m[90m─[39m[90m─[39m[90m─[39m[90m─[39m[90m─[39m[90m─[39m[90m─[39m[90m─[39m[90m─[39m[90m─[39m[90m─[39m[90m─[39m[90m─[39m[90m─[39m[90m─[39m[90m─[39m[90m─[39m[90m─[39m[90m─[39m[90m─[39m[90m─[39m[90m─[39m[90m─[39m[90m─[39m[90m─[39m[90m─[39m[90m─[39m[90m─[39m[90m─[39m[90m─[39m[90m─[39m[90m─[39m[90m─[39m[90m─[39m[90m─[39m[90m─[39m[90m─[39m[90m─[39m[90m─[39m[90m─[39m[90m─[39m[90m─[39m[90m─[39m[90m─[39m[90m─[39m[90m─[39m[90m─[39m[90m─[39m[90m─[39m[90m─[39m[90m─[39m[90m─[39m[90m─[39m[90m─[39m[90m─[39m[90m─[39m[90m─[39m[90m─[39m[90m─[39m[90m─[39m[90m─[39m[90m─[39m[90m─[39m[90m─[39m[90m─[39m[90m─[39m[90m─[39m[90m─[39m[90m─[39m[90m─[39m[90m─[39m[90m─[39m[90m─[39m[90m─[39m[90m─[39m[90m─[39m[90m─[39m[90m─[39m[90m─[39m[90m─[39m[90m─[39m[90m─[39m[90m─[39m[90m─[39m[90m─[39m[90m─[39m[90m─[39m[90m─[39m[90m─[39m[90m─[39m
Admin UI E2E (3, chrome)	Run Cypress	2024-10-17T00:54:58.2744615Z                                                                                                     
Admin UI E2E (3, chrome)	Run Cypress	2024-10-17T00:54:58.2745407Z   Running:  [90mrealm_roles_test.spec.ts[39m                                                        [90m(6 of 7)[39m
Admin UI E2E (3, chrome)	Run Cypress	2024-10-17T00:55:02.1205191Z 
Admin UI E2E (3, chrome)	Run Cypress	2024-10-17T00:55:02.1206348Z [0m[0m
Admin UI E2E (3, chrome)	Run Cypress	2024-10-17T00:55:02.1287106Z [0m  Realm roles test[0m
Admin UI E2E (3, chrome)	Run Cypress	2024-10-17T00:55:05.7688207Z   [32m  ✓[0m[90m should fail creating realm role[0m[90m (3624ms)[0m
Admin UI E2E (3, chrome)	Run Cypress	2024-10-17T00:55:07.2009153Z   [32m  ✓[0m[90m shouldn't create a realm role based with only whitespace name[0m[90m (1401ms)[0m
Admin UI E2E (3, chrome)	Run Cypress	2024-10-17T00:55:09.9661969Z   [32m  ✓[0m[90m Realm role CRUD test[0m[90m (2740ms)[0m
Admin UI E2E (3, chrome)	Run Cypress	2024-10-17T00:55:12.4113642Z   [32m  ✓[0m[90m should delete role from details action[0m[90m (2415ms)[0m
Admin UI E2E (3, chrome)	Run Cypress	2024-10-17T00:55:13.7019415Z   [32m  ✓[0m[90m should not be able to delete default role[0m[90m (1261ms)[0m
Admin UI E2E (3, chrome)	Run Cypress	2024-10-17T00:55:19.0382318Z   [32m  ✓[0m[90m Add associated roles test[0m[90m (5303ms)[0m
Admin UI E2E (3, chrome)	Run Cypress	2024-10-17T00:55:20.9725873Z   [32m  ✓[0m[90m should search existing associated role by name and go to it[0m[90m (1908ms)[0m
Admin UI E2E (3, chrome)	Run Cypress	2024-10-17T00:55:22.5601709Z   [32m  ✓[0m[90m should go to default-roles-master link role name and check assign roles table is not empty[0m[90m (1562ms)[0m
Admin UI E2E (3, chrome)	Run Cypress	2024-10-17T00:55:24.2034304Z   [32m  ✓[0m[90m Should search non-existent associated role by name[0m[90m (1615ms)[0m
Admin UI E2E (3, chrome)	Run Cypress	2024-10-17T00:55:26.4788200Z   [32m  ✓[0m[90m Should hide inherited roles test[0m[90m (2243ms)[0m
Admin UI E2E (3, chrome)	Run Cypress	2024-10-17T00:55:28.8022785Z   [32m  ✓[0m[90m Should fail to remove role when all unchecked from search bar[0m[90m (2261ms)[0m
Admin UI E2E (3, chrome)	Run Cypress	2024-10-17T00:55:31.2983506Z   [32m  ✓[0m[90m Should delete single non-inherited role item[0m[90m (2462ms)[0m
Admin UI E2E (3, chrome)	Run Cypress	2024-10-17T00:55:33.7572533Z   [32m  ✓[0m[90m Should delete all roles from search bar[0m[90m (2457ms)[0m
Admin UI E2E (3, chrome)	Run Cypress	2024-10-17T00:55:37.9018784Z   [32m  ✓[0m[90m Should delete associated roles from list test[0m[90m (4115ms)[0m
Admin UI E2E (3, chrome)	Run Cypress	2024-10-17T00:55:37.9131011Z [0m    edit role details[0m
Admin UI E2E (3, chrome)	Run Cypress	2024-10-17T00:55:40.0655442Z     [32m  ✓[0m[90m should edit realm role details[0m[90m (2128ms)[0m
Admin UI E2E (3, chrome)	Run Cypress	2024-10-17T00:55:41.8643980Z     [32m  ✓[0m[90m should add attribute[0m[90m (1766ms)[0m
Admin UI E2E (3, chrome)	Run Cypress	2024-10-17T00:55:44.0947357Z     [32m  ✓[0m[90m should add attribute multiple[0m[90m (2200ms)[0m
Admin UI E2E (3, chrome)	Run Cypress	2024-10-17T00:55:45.6972850Z     [32m  ✓[0m[90m should delete attribute[0m[90m (1457ms)[0m
Admin UI E2E (3, chrome)	Run Cypress	2024-10-17T00:55:45.7068016Z [0m    Accessibility tests for realm roles[0m
Admin UI E2E (3, chrome)	Run Cypress	2024-10-17T00:55:48.3516141Z     [32m  ✓[0m[90m Check a11y violations on load/ realm roles[0m[90m (2637ms)[0m
Admin UI E2E (3, chrome)	Run Cypress	2024-10-17T00:55:51.4345533Z     [32m  ✓[0m[90m Check a11y violations on default-roles-master default tab and default roles tabs[0m[90m (3062ms)[0m
Admin UI E2E (3, chrome)	Run Cypress	2024-10-17T00:55:53.9983941Z     [32m  ✓[0m[90m Check a11y violations on empty create role form[0m[90m (2541ms)[0m
Admin UI E2E (3, chrome)	Run Cypress	2024-10-17T00:55:58.5364096Z     [32m  ✓[0m[90m Check a11y violations on role details[0m[90m (4480ms)[0m
Admin UI E2E (3, chrome)	Run Cypress	2024-10-17T00:55:58.5369396Z 
Admin UI E2E (3, chrome)	Run Cypress	2024-10-17T00:55:58.5575969Z 
Admin UI E2E (3, chrome)	Run Cypress	2024-10-17T00:55:58.5577466Z [92m [0m[32m 22 passing[0m[90m (56s)[0m
Admin UI E2E (3, chrome)	Run Cypress	2024-10-17T00:55:58.5578168Z 
Admin UI E2E (3, chrome)	Run Cypress	2024-10-17T00:55:59.5790255Z 
Admin UI E2E (3, chrome)	Run Cypress	2024-10-17T00:55:59.5791915Z [32m  ([4m[1mResults[22m[24m)[39m
Admin UI E2E (3, chrome)	Run Cypress	2024-10-17T00:55:59.5798108Z 
Admin UI E2E (3, chrome)	Run Cypress	2024-10-17T00:55:59.5812043Z [90m  ┌[39m[90m─[39m[90m─[39m[90m─[39m[90m─[39m[90m─[39m[90m─[39m[90m─[39m[90m─[39m[90m─[39m[90m─[39m[90m─[39m[90m─[39m[90m─[39m[90m─[39m[90m─[39m[90m─[39m[90m─[39m[90m─[39m[90m─[39m[90m─[39m[90m─[39m[90m─[39m[90m─[39m[90m─[39m[90m─[39m[90m─[39m[90m─[39m[90m─[39m[90m─[39m[90m─[39m[90m─[39m[90m─[39m[90m─[39m[90m─[39m[90m─[39m[90m─[39m[90m─[39m[90m─[39m[90m─[39m[90m─[39m[90m─[39m[90m─[39m[90m─[39m[90m─[39m[90m─[39m[90m─[39m[90m─[39m[90m─[39m[90m─[39m[90m─[39m[90m─[39m[90m─[39m[90m─[39m[90m─[39m[90m─[39m[90m─[39m[90m─[39m[90m─[39m[90m─[39m[90m─[39m[90m─[39m[90m─[39m[90m─[39m[90m─[39m[90m─[39m[90m─[39m[90m─[39m[90m─[39m[90m─[39m[90m─[39m[90m─[39m[90m─[39m[90m─[39m[90m─[39m[90m─[39m[90m─[39m[90m─[39m[90m─[39m[90m─[39m[90m─[39m[90m─[39m[90m─[39m[90m─[39m[90m─[39m[90m─[39m[90m─[39m[90m─[39m[90m─[39m[90m─[39m[90m─[39m[90m─[39m[90m─[39m[90m─[39m[90m─[39m[90m─[39m[90m─[39m[90m┐[39m
Admin UI E2E (3, chrome)	Run Cypress	2024-10-17T00:55:59.5816397Z [90m  │[39m [90mTests:[39m        [32m22[39m                                                                               [90m│[39m
Admin UI E2E (3, chrome)	Run Cypress	2024-10-17T00:55:59.5818800Z [90m  │[39m [90mPassing:[39m      [32m22[39m                                                                               [90m│[39m
Admin UI E2E (3, chrome)	Run Cypress	2024-10-17T00:55:59.5820509Z [90m  │[39m [90mFailing:[39m      [32m0[39m                                                                                [90m│[39m
Admin UI E2E (3, chrome)	Run Cypress	2024-10-17T00:55:59.5822134Z [90m  │[39m [90mPending:[39m      [32m0[39m                                                                                [90m│[39m
Admin UI E2E (3, chrome)	Run Cypress	2024-10-17T00:55:59.5823685Z [90m  │[39m [90mSkipped:[39m      [32m0[39m                                                                                [90m│[39m
Admin UI E2E (3, chrome)	Run Cypress	2024-10-17T00:55:59.5825083Z [90m  │[39m [90mScreenshots:[39m  [32m0[39m                                                                                [90m│[39m
Admin UI E2E (3, chrome)	Run Cypress	2024-10-17T00:55:59.5826522Z [90m  │[39m [90mVideo:[39m        [32mfalse[39m                                                                            [90m│[39m
Admin UI E2E (3, chrome)	Run Cypress	2024-10-17T00:55:59.5828165Z [90m  │[39m [90mDuration:[39m     [32m56 seconds[39m                                                                       [90m│[39m
Admin UI E2E (3, chrome)	Run Cypress	2024-10-17T00:55:59.5829973Z [90m  │[39m [90mSpec Ran:[39m     [32m[32mrealm_roles_test.spec.ts[32m[39m                                                         [90m│[39m
Admin UI E2E (3, chrome)	Run Cypress	2024-10-17T00:55:59.5838496Z [90m  └[39m[90m─[39m[90m─[39m[90m─[39m[90m─[39m[90m─[39m[90m─[39m[90m─[39m[90m─[39m[90m─[39m[90m─[39m[90m─[39m[90m─[39m[90m─[39m[90m─[39m[90m─[39m[90m─[39m[90m─[39m[90m─[39m[90m─[39m[90m─[39m[90m─[39m[90m─[39m[90m─[39m[90m─[39m[90m─[39m[90m─[39m[90m─[39m[90m─[39m[90m─[39m[90m─[39m[90m─[39m[90m─[39m[90m─[39m[90m─[39m[90m─[39m[90m─[39m[90m─[39m[90m─[39m[90m─[39m[90m─[39m[90m─[39m[90m─[39m[90m─[39m[90m─[39m[90m─[39m[90m─[39m[90m─[39m[90m─[39m[90m─[39m[90m─[39m[90m─[39m[90m─[39m[90m─[39m[90m─[39m[90m─[39m[90m─[39m[90m─[39m[90m─[39m[90m─[39m[90m─[39m[90m─[39m[90m─[39m[90m─[39m[90m─[39m[90m─[39m[90m─[39m[90m─[39m[90m─[39m[90m─[39m[90m─[39m[90m─[39m[90m─[39m[90m─[39m[90m─[39m[90m─[39m[90m─[39m[90m─[39m[90m─[39m[90m─[39m[90m─[39m[90m─[39m[90m─[39m[90m─[39m[90m─[39m[90m─[39m[90m─[39m[90m─[39m[90m─[39m[90m─[39m[90m─[39m[90m─[39m[90m─[39m[90m─[39m[90m─[39m[90m─[39m[90m─[39m[90m┘[39m
Admin UI E2E (3, chrome)	Run Cypress	2024-10-17T00:55:59.5844607Z 
Admin UI E2E (3, chrome)	Run Cypress	2024-10-17T00:55:59.6186727Z 
Admin UI E2E (3, chrome)	Run Cypress	2024-10-17T00:55:59.6199333Z [90m─[39m[90m─[39m[90m─[39m[90m─[39m[90m─[39m[90m─[39m[90m─[39m[90m─[39m[90m─[39m[90m─[39m[90m─[39m[90m─[39m[90m─[39m[90m─[39m[90m─[39m[90m─[39m[90m─[39m[90m─[39m[90m─[39m[90m─[39m[90m─[39m[90m─[39m[90m─[39m[90m─[39m[90m─[39m[90m─[39m[90m─[39m[90m─[39m[90m─[39m[90m─[39m[90m─[39m[90m─[39m[90m─[39m[90m─[39m[90m─[39m[90m─[39m[90m─[39m[90m─[39m[90m─[39m[90m─[39m[90m─[39m[90m─[39m[90m─[39m[90m─[39m[90m─[39m[90m─[39m[90m─[39m[90m─[39m[90m─[39m[90m─[39m[90m─[39m[90m─[39m[90m─[39m[90m─[39m[90m─[39m[90m─[39m[90m─[39m[90m─[39m[90m─[39m[90m─[39m[90m─[39m[90m─[39m[90m─[39m[90m─[39m[90m─[39m[90m─[39m[90m─[39m[90m─[39m[90m─[39m[90m─[39m[90m─[39m[90m─[39m[90m─[39m[90m─[39m[90m─[39m[90m─[39m[90m─[39m[90m─[39m[90m─[39m[90m─[39m[90m─[39m[90m─[39m[90m─[39m[90m─[39m[90m─[39m[90m─[39m[90m─[39m[90m─[39m[90m─[39m[90m─[39m[90m─[39m[90m─[39m[90m─[39m[90m─[39m[90m─[39m[90m─[39m[90m─[39m[90m─[39m[90m─[39m[90m─[39m
Admin UI E2E (3, chrome)	Run Cypress	2024-10-17T00:55:59.6207451Z                                                                                                     
Admin UI E2E (3, chrome)	Run Cypress	2024-10-17T00:55:59.6208980Z   Running:  [90midentity_providers_test.spec.ts[39m                                                 [90m(7 of 7)[39m
Admin UI E2E (3, chrome)	Run Cypress	2024-10-17T00:56:03.7421828Z 
Admin UI E2E (3, chrome)	Run Cypress	2024-10-17T00:56:03.7423232Z [0m[0m
Admin UI E2E (3, chrome)	Run Cypress	2024-10-17T00:56:03.7453589Z [0m  Identity provider test[0m
Admin UI E2E (3, chrome)	Run Cypress	2024-10-17T00:56:03.7457245Z [0m    Identity provider creation[0m
Admin UI E2E (3, chrome)	Run Cypress	2024-10-17T00:56:08.6849716Z     [32m  ✓[0m[90m should create github provider[0m[90m (4898ms)[0m
Admin UI E2E (3, chrome)	Run Cypress	2024-10-17T00:56:10.6262047Z     [32m  ✓[0m[90m fail to make duplicate github provider[0m[90m (1900ms)[0m
Admin UI E2E (3, chrome)	Run Cypress	2024-10-17T00:56:13.0036979Z     [32m  ✓[0m[90m should create facebook provider[0m[90m (2303ms)[0m
Admin UI E2E (3, chrome)	Run Cypress	2024-10-17T00:56:14.5302028Z     [32m  ✓[0m[90m search for existing provider by name[0m[90m (1476ms)[0m
Admin UI E2E (3, chrome)	Run Cypress	2024-10-17T00:56:16.2817056Z     [32m  ✓[0m[90m search for non-existing provider by name[0m[90m (1719ms)[0m
Admin UI E2E (3, chrome)	Run Cypress	2024-10-17T00:56:19.0067196Z     [32m  ✓[0m[90m create and delete provider by item details[0m[90m (2688ms)[0m
Admin UI E2E (3, chrome)	Run Cypress	2024-10-17T00:56:19.0232632Z     [36m  - should change order of providers[0m
Admin UI E2E (3, chrome)	Run Cypress	2024-10-17T00:56:20.7266634Z     [32m  ✓[0m[90m should delete provider[0m[90m (1683ms)[0m
Admin UI E2E (3, chrome)	Run Cypress	2024-10-17T00:56:24.3812349Z     [32m  ✓[0m[90m should add facebook social mapper[0m[90m (3621ms)[0m
Admin UI E2E (3, chrome)	Run Cypress	2024-10-17T00:56:28.0946391Z     [32m  ✓[0m[90m should add Social mapper of type Attribute Importer[0m[90m (3675ms)[0m
Admin UI E2E (3, chrome)	Run Cypress	2024-10-17T00:56:31.0507908Z     [32m  ✓[0m[90m should edit facebook mapper[0m[90m (2926ms)[0m
Admin UI E2E (3, chrome)	Run Cypress	2024-10-17T00:56:32.8670032Z     [32m  ✓[0m[90m should delete facebook mapper[0m[90m (1773ms)[0m
Admin UI E2E (3, chrome)	Run Cypress	2024-10-17T00:56:34.3972712Z     [32m  ✓[0m[90m clean up providers[0m[90m (1499ms)[0m
Admin UI E2E (3, chrome)	Run Cypress	2024-10-17T00:56:34.4100094Z [0m      Custom fields tests[0m
Admin UI E2E (3, chrome)	Run Cypress	2024-10-17T00:56:37.3474755Z       [32m  ✓[0m[90m should create social login provider Bitbucket with custom fields[0m[90m (2886ms)[0m
Admin UI E2E (3, chrome)	Run Cypress	2024-10-17T00:56:41.0035364Z       [32m  ✓[0m[90m should create social login provider Facebook with custom fields[0m[90m (3597ms)[0m
Admin UI E2E (3, chrome)	Run Cypress	2024-10-17T00:56:44.7707076Z       [32m  ✓[0m[90m should create social login provider Github with custom fields[0m[90m (3702ms)[0m
Admin UI E2E (3, chrome)	Run Cypress	2024-10-17T00:56:47.7154583Z       [32m  ✓[0m[90m should create social login provider Gitlab with custom fields[0m[90m (2894ms)[0m
Admin UI E2E (3, chrome)	Run Cypress	2024-10-17T00:56:51.3076443Z       [32m  ✓[0m[90m should create social login provider Google with custom fields[0m[90m (3512ms)[0m
Admin UI E2E (3, chrome)	Run Cypress	2024-10-17T00:56:54.1429221Z       [32m  ✓[0m[90m should create social login provider Instagram with custom fields[0m[90m (2799ms)[0m
Admin UI E2E (3, chrome)	Run Cypress	2024-10-17T00:56:57.0087755Z       [32m  ✓[0m[90m should create social login provider LinkedIn with custom fields[0m[90m (2814ms)[0m
Admin UI E2E (3, chrome)	Run Cypress	2024-10-17T00:57:00.4502003Z       [32m  ✓[0m[90m should create social login provider Microsoft with custom fields[0m[90m (3377ms)[0m
Admin UI E2E (3, chrome)	Run Cypress	2024-10-17T00:57:04.0635065Z       [32m  ✓[0m[90m should create social login provider Openshift-v3 with custom fields[0m[90m (3553ms)[0m
Admin UI E2E (3, chrome)	Run Cypress	2024-10-17T00:57:07.7662104Z       [32m  ✓[0m[90m should create social login provider Openshift-v4 with custom fields[0m[90m (3610ms)[0m
Admin UI E2E (3, chrome)	Run Cypress	2024-10-17T00:57:10.6532540Z       [32m  ✓[0m[90m should create social login provider Paypal with custom fields[0m[90m (2829ms)[0m
Admin UI E2E (3, chrome)	Run Cypress	2024-10-17T00:57:14.1964805Z       [32m  ✓[0m[90m should create social login provider Stackoverflow with custom fields[0m[90m (3496ms)[0m
Admin UI E2E (3, chrome)	Run Cypress	2024-10-17T00:57:18.0603002Z       [32m  ✓[0m[90m should create social login provider Twitter with custom fields[0m[90m (2945ms)[0m
Admin UI E2E (3, chrome)	Run Cypress	2024-10-17T00:57:18.0784824Z [0m    should check provider details[0m
Admin UI E2E (3, chrome)	Run Cypress	2024-10-17T00:57:20.4761948Z     [32m  ✓[0m[90m creating github provider[0m[90m (2371ms)[0m
Admin UI E2E (3, chrome)	Run Cypress	2024-10-17T00:57:23.7324430Z     [32m  ✓[0m[90m should check general settings[0m[90m (3218ms)[0m
Admin UI E2E (3, chrome)	Run Cypress	2024-10-17T00:57:27.0621265Z     [32m  ✓[0m[90m should check input switches and inputs[0m[90m (3297ms)[0m
Admin UI E2E (3, chrome)	Run Cypress	2024-10-17T00:57:28.9938651Z     [32m  ✓[0m[90m should revert and save options[0m[90m (1893ms)[0m
Admin UI E2E (3, chrome)	Run Cypress	2024-10-17T00:57:30.5152383Z     [32m  ✓[0m[90m should delete providers[0m[90m (1485ms)[0m
Admin UI E2E (3, chrome)	Run Cypress	2024-10-17T00:57:30.5266720Z [0m    Accessibility tests for identity providers[0m
Admin UI E2E (3, chrome)	Run Cypress	2024-10-17T00:57:33.1684692Z     [32m  ✓[0m[90m Check a11y violations on load/ identity providers[0m[90m (2611ms)[0m
Admin UI E2E (3, chrome)	Run Cypress	2024-10-17T00:57:33.1687424Z 
Admin UI E2E (3, chrome)	Run Cypress	2024-10-17T00:57:33.1847596Z 
Admin UI E2E (3, chrome)	Run Cypress	2024-10-17T00:57:33.1849156Z [92m [0m[32m 31 passing[0m[90m (1m)[0m
Admin UI E2E (3, chrome)	Run Cypress	2024-10-17T00:57:33.1885210Z [36m [0m[36m 1 pending[0m
Admin UI E2E (3, chrome)	Run Cypress	2024-10-17T00:57:33.1885814Z 
Admin UI E2E (3, chrome)	Run Cypress	2024-10-17T00:57:34.2052359Z 
Admin UI E2E (3, chrome)	Run Cypress	2024-10-17T00:57:34.2053997Z [32m  ([4m[1mResults[22m[24m)[39m
Admin UI E2E (3, chrome)	Run Cypress	2024-10-17T00:57:34.2058984Z 
Admin UI E2E (3, chrome)	Run Cypress	2024-10-17T00:57:34.2074961Z [90m  ┌[39m[90m─[39m[90m─[39m[90m─[39m[90m─[39m[90m─[39m[90m─[39m[90m─[39m[90m─[39m[90m─[39m[90m─[39m[90m─[39m[90m─[39m[90m─[39m[90m─[39m[90m─[39m[90m─[39m[90m─[39m[90m─[39m[90m─[39m[90m─[39m[90m─[39m[90m─[39m[90m─[39m[90m─[39m[90m─[39m[90m─[39m[90m─[39m[90m─[39m[90m─[39m[90m─[39m[90m─[39m[90m─[39m[90m─[39m[90m─[39m[90m─[39m[90m─[39m[90m─[39m[90m─[39m[90m─[39m[90m─[39m[90m─[39m[90m─[39m[90m─[39m[90m─[39m[90m─[39m[90m─[39m[90m─[39m[90m─[39m[90m─[39m[90m─[39m[90m─[39m[90m─[39m[90m─[39m[90m─[39m[90m─[39m[90m─[39m[90m─[39m[90m─[39m[90m─[39m[90m─[39m[90m─[39m[90m─[39m[90m─[39m[90m─[39m[90m─[39m[90m─[39m[90m─[39m[90m─[39m[90m─[39m[90m─[39m[90m─[39m[90m─[39m[90m─[39m[90m─[39m[90m─[39m[90m─[39m[90m─[39m[90m─[39m[90m─[39m[90m─[39m[90m─[39m[90m─[39m[90m─[39m[90m─[39m[90m─[39m[90m─[39m[90m─[39m[90m─[39m[90m─[39m[90m─[39m[90m─[39m[90m─[39m[90m─[39m[90m─[39m[90m─[39m[90m─[39m[90m┐[39m
Admin UI E2E (3, chrome)	Run Cypress	2024-10-17T00:57:34.2081852Z [90m  │[39m [90mTests:[39m        [32m32[39m                                                                               [90m│[39m
Admin UI E2E (3, chrome)	Run Cypress	2024-10-17T00:57:34.2084987Z [90m  │[39m [90mPassing:[39m      [32m31[39m                                                                               [90m│[39m
Admin UI E2E (3, chrome)	Run Cypress	2024-10-17T00:57:34.2086740Z [90m  │[39m [90mFailing:[39m      [32m0[39m                                                                                [90m│[39m
Admin UI E2E (3, chrome)	Run Cypress	2024-10-17T00:57:34.2088368Z [90m  │[39m [90mPending:[39m      [32m1[39m                                                                                [90m│[39m
Admin UI E2E (3, chrome)	Run Cypress	2024-10-17T00:57:34.2089948Z [90m  │[39m [90mSkipped:[39m      [32m0[39m                                                                                [90m│[39m
Admin UI E2E (3, chrome)	Run Cypress	2024-10-17T00:57:34.2092282Z [90m  │[39m [90mScreenshots:[39m  [32m0[39m                                                                                [90m│[39m
Admin UI E2E (3, chrome)	Run Cypress	2024-10-17T00:57:34.2093950Z [90m  │[39m [90mVideo:[39m        [32mfalse[39m                                                                            [90m│[39m
Admin UI E2E (3, chrome)	Run Cypress	2024-10-17T00:57:34.2095684Z [90m  │[39m [90mDuration:[39m     [32m1 minute, 29 seconds[39m                                                             [90m│[39m
Admin UI E2E (3, chrome)	Run Cypress	2024-10-17T00:57:34.2097667Z [90m  │[39m [90mSpec Ran:[39m     [32m[32midentity_providers_test.spec.ts[32m[39m                                                  [90m│[39m
Admin UI E2E (3, chrome)	Run Cypress	2024-10-17T00:57:34.2106474Z [90m  └[39m[90m─[39m[90m─[39m[90m─[39m[90m─[39m[90m─[39m[90m─[39m[90m─[39m[90m─[39m[90m─[39m[90m─[39m[90m─[39m[90m─[39m[90m─[39m[90m─[39m[90m─[39m[90m─[39m[90m─[39m[90m─[39m[90m─[39m[90m─[39m[90m─[39m[90m─[39m[90m─[39m[90m─[39m[90m─[39m[90m─[39m[90m─[39m[90m─[39m[90m─[39m[90m─[39m[90m─[39m[90m─[39m[90m─[39m[90m─[39m[90m─[39m[90m─[39m[90m─[39m[90m─[39m[90m─[39m[90m─[39m[90m─[39m[90m─[39m[90m─[39m[90m─[39m[90m─[39m[90m─[39m[90m─[39m[90m─[39m[90m─[39m[90m─[39m[90m─[39m[90m─[39m[90m─[39m[90m─[39m[90m─[39m[90m─[39m[90m─[39m[90m─[39m[90m─[39m[90m─[39m[90m─[39m[90m─[39m[90m─[39m[90m─[39m[90m─[39m[90m─[39m[90m─[39m[90m─[39m[90m─[39m[90m─[39m[90m─[39m[90m─[39m[90m─[39m[90m─[39m[90m─[39m[90m─[39m[90m─[39m[90m─[39m[90m─[39m[90m─[39m[90m─[39m[90m─[39m[90m─[39m[90m─[39m[90m─[39m[90m─[39m[90m─[39m[90m─[39m[90m─[39m[90m─[39m[90m─[39m[90m─[39m[90m─[39m[90m─[39m[90m─[39m[90m─[39m[90m┘[39m
Admin UI E2E (3, chrome)	Run Cypress	2024-10-17T00:57:34.2112401Z 
Admin UI E2E (3, chrome)	Run Cypress	2024-10-17T00:57:34.2155557Z 
Admin UI E2E (3, chrome)	Run Cypress	2024-10-17T00:57:34.2703256Z [90m====================================================================================================[39m
Admin UI E2E (3, chrome)	Run Cypress	2024-10-17T00:57:34.2703909Z 
Admin UI E2E (3, chrome)	Run Cypress	2024-10-17T00:57:34.2704567Z [0m  ([4m[1mRun Finished[22m[24m)[0m
Admin UI E2E (3, chrome)	Run Cypress	2024-10-17T00:57:34.2722343Z 
Admin UI E2E (3, chrome)	Run Cypress	2024-10-17T00:57:34.2722433Z 
Admin UI E2E (3, chrome)	Run Cypress	2024-10-17T00:57:34.2748196Z [90m   [39m    [90mSpec[39m                                              [90mTests[39m  [90mPassing[39m  [90mFailing[39m  [90mPending[39m  [90mSkipped[39m [90m [39m
Admin UI E2E (3, chrome)	Run Cypress	2024-10-17T00:57:34.2757521Z [90m  ┌[39m[90m─[39m[90m─[39m[90m─[39m[90m─[39m[90m─[39m[90m─[39m[90m─[39m[90m─[39m[90m─[39m[90m─[39m[90m─[39m[90m─[39m[90m─[39m[90m─[39m[90m─[39m[90m─[39m[90m─[39m[90m─[39m[90m─[39m[90m─[39m[90m─[39m[90m─[39m[90m─[39m[90m─[39m[90m─[39m[90m─[39m[90m─[39m[90m─[39m[90m─[39m[90m─[39m[90m─[39m[90m─[39m[90m─[39m[90m─[39m[90m─[39m[90m─[39m[90m─[39m[90m─[39m[90m─[39m[90m─[39m[90m─[39m[90m─[39m[90m─[39m[90m─[39m[90m─[39m[90m─[39m[90m─[39m[90m─[39m[90m─[39m[90m─[39m[90m─[39m[90m─[39m[90m─[39m[90m─[39m[90m─[39m[90m─[39m[90m─[39m[90m─[39m[90m─[39m[90m─[39m[90m─[39m[90m─[39m[90m─[39m[90m─[39m[90m─[39m[90m─[39m[90m─[39m[90m─[39m[90m─[39m[90m─[39m[90m─[39m[90m─[39m[90m─[39m[90m─[39m[90m─[39m[90m─[39m[90m─[39m[90m─[39m[90m─[39m[90m─[39m[90m─[39m[90m─[39m[90m─[39m[90m─[39m[90m─[39m[90m─[39m[90m─[39m[90m─[39m[90m─[39m[90m─[39m[90m─[39m[90m─[39m[90m─[39m[90m─[39m[90m─[39m[90m─[39m[90m┐[39m
Admin UI E2E (3, chrome)	Run Cypress	2024-10-17T00:57:34.2765475Z [90m  │[39m [32m✔[39m  [0mrealm_settings_client_profiles_test[0m      [90m01:12[39m       [0m23[0m       [32m23[39m        [90m-[39m        [90m-[39m        [90m-[39m [90m│[39m
Admin UI E2E (3, chrome)	Run Cypress	2024-10-17T00:57:34.2766883Z [90m  │[39m    [0m.spec.ts[0m                                                                                    [90m│[39m
Admin UI E2E (3, chrome)	Run Cypress	2024-10-17T00:57:34.2772866Z [90m  ├[39m[90m─[39m[90m─[39m[90m─[39m[90m─[39m[90m─[39m[90m─[39m[90m─[39m[90m─[39m[90m─[39m[90m─[39m[90m─[39m[90m─[39m[90m─[39m[90m─[39m[90m─[39m[90m─[39m[90m─[39m[90m─[39m[90m─[39m[90m─[39m[90m─[39m[90m─[39m[90m─[39m[90m─[39m[90m─[39m[90m─[39m[90m─[39m[90m─[39m[90m─[39m[90m─[39m[90m─[39m[90m─[39m[90m─[39m[90m─[39m[90m─[39m[90m─[39m[90m─[39m[90m─[39m[90m─[39m[90m─[39m[90m─[39m[90m─[39m[90m─[39m[90m─[39m[90m─[39m[90m─[39m[90m─[39m[90m─[39m[90m─[39m[90m─[39m[90m─[39m[90m─[39m[90m─[39m[90m─[39m[90m─[39m[90m─[39m[90m─[39m[90m─[39m[90m─[39m[90m─[39m[90m─[39m[90m─[39m[90m─[39m[90m─[39m[90m─[39m[90m─[39m[90m─[39m[90m─[39m[90m─[39m[90m─[39m[90m─[39m[90m─[39m[90m─[39m[90m─[39m[90m─[39m[90m─[39m[90m─[39m[90m─[39m[90m─[39m[90m─[39m[90m─[39m[90m─[39m[90m─[39m[90m─[39m[90m─[39m[90m─[39m[90m─[39m[90m─[39m[90m─[39m[90m─[39m[90m─[39m[90m─[39m[90m─[39m[90m─[39m[90m─[39m[90m─[39m[90m┤[39m
Admin UI E2E (3, chrome)	Run Cypress	2024-10-17T00:57:34.2780234Z [90m  │[39m [31m✖[39m  [0mclients_test.spec.ts[0m                     [90m04:04[39m       [0m64[0m       [32m63[39m        [31m1[39m        [90m-[39m        [90m-[39m [90m│[39m
Admin UI E2E (3, chrome)	Run Cypress	2024-10-17T00:57:34.2794778Z [90m  ├[39m[90m─[39m[90m─[39m[90m─[39m[90m─[39m[90m─[39m[90m─[39m[90m─[39m[90m─[39m[90m─[39m[90m─[39m[90m─[39m[90m─[39m[90m─[39m[90m─[39m[90m─[39m[90m─[39m[90m─[39m[90m─[39m[90m─[39m[90m─[39m[90m─[39m[90m─[39m[90m─[39m[90m─[39m[90m─[39m[90m─[39m[90m─[39m[90m─[39m[90m─[39m[90m─[39m[90m─[39m[90m─[39m[90m─[39m[90m─[39m[90m─[39m[90m─[39m[90m─[39m[90m─[39m[90m─[39m[90m─[39m[90m─[39m[90m─[39m[90m─[39m[90m─[39m[90m─[39m[90m─[39m[90m─[39m[90m─[39m[90m─[39m[90m─[39m[90m─[39m[90m─[39m[90m─[39m[90m─[39m[90m─[39m[90m─[39m[90m─[39m[90m─[39m[90m─[39m[90m─[39m[90m─[39m[90m─[39m[90m─[39m[90m─[39m[90m─[39m[90m─[39m[90m─[39m[90m─[39m[90m─[39m[90m─[39m[90m─[39m[90m─[39m[90m─[39m[90m─[39m[90m─[39m[90m─[39m[90m─[39m[90m─[39m[90m─[39m[90m─[39m[90m─[39m[90m─[39m[90m─[39m[90m─[39m[90m─[39m[90m─[39m[90m─[39m[90m─[39m[90m─[39m[90m─[39m[90m─[39m[90m─[39m[90m─[39m[90m─[39m[90m─[39m[90m─[39m[90m┤[39m
Admin UI E2E (3, chrome)	Run Cypress	2024-10-17T00:57:34.2802213Z [90m  │[39m [32m✔[39m  [0mauthentication_test.spec.ts[0m              [90m01:20[39m       [0m36[0m       [32m35[39m        [90m-[39m        [36m1[39m        [90m-[39m [90m│[39m
Admin UI E2E (3, chrome)	Run Cypress	2024-10-17T00:57:34.2812422Z [90m  ├[39m[90m─[39m[90m─[39m[90m─[39m[90m─[39m[90m─[39m[90m─[39m[90m─[39m[90m─[39m[90m─[39m[90m─[39m[90m─[39m[90m─[39m[90m─[39m[90m─[39m[90m─[39m[90m─[39m[90m─[39m[90m─[39m[90m─[39m[90m─[39m[90m─[39m[90m─[39m[90m─[39m[90m─[39m[90m─[39m[90m─[39m[90m─[39m[90m─[39m[90m─[39m[90m─[39m[90m─[39m[90m─[39m[90m─[39m[90m─[39m[90m─[39m[90m─[39m[90m─[39m[90m─[39m[90m─[39m[90m─[39m[90m─[39m[90m─[39m[90m─[39m[90m─[39m[90m─[39m[90m─[39m[90m─[39m[90m─[39m[90m─[39m[90m─[39m[90m─[39m[90m─[39m[90m─[39m[90m─[39m[90m─[39m[90m─[39m[90m─[39m[90m─[39m[90m─[39m[90m─[39m[90m─[39m[90m─[39m[90m─[39m[90m─[39m[90m─[39m[90m─[39m[90m─[39m[90m─[39m[90m─[39m[90m─[39m[90m─[39m[90m─[39m[90m─[39m[90m─[39m[90m─[39m[90m─[39m[90m─[39m[90m─[39m[90m─[39m[90m─[39m[90m─[39m[90m─[39m[90m─[39m[90m─[39m[90m─[39m[90m─[39m[90m─[39m[90m─[39m[90m─[39m[90m─[39m[90m─[39m[90m─[39m[90m─[39m[90m─[39m[90m─[39m[90m─[39m[90m┤[39m
Admin UI E2E (3, chrome)	Run Cypress	2024-10-17T00:57:34.2820451Z [90m  │[39m [32m✔[39m  [0musers_enable_disable.spec.ts[0m             [90m00:14[39m        [0m3[0m        [32m3[39m        [90m-[39m        [90m-[39m        [90m-[39m [90m│[39m
Admin UI E2E (3, chrome)	Run Cypress	2024-10-17T00:57:34.2829997Z [90m  ├[39m[90m─[39m[90m─[39m[90m─[39m[90m─[39m[90m─[39m[90m─[39m[90m─[39m[90m─[39m[90m─[39m[90m─[39m[90m─[39m[90m─[39m[90m─[39m[90m─[39m[90m─[39m[90m─[39m[90m─[39m[90m─[39m[90m─[39m[90m─[39m[90m─[39m[90m─[39m[90m─[39m[90m─[39m[90m─[39m[90m─[39m[90m─[39m[90m─[39m[90m─[39m[90m─[39m[90m─[39m[90m─[39m[90m─[39m[90m─[39m[90m─[39m[90m─[39m[90m─[39m[90m─[39m[90m─[39m[90m─[39m[90m─[39m[90m─[39m[90m─[39m[90m─[39m[90m─[39m[90m─[39m[90m─[39m[90m─[39m[90m─[39m[90m─[39m[90m─[39m[90m─[39m[90m─[39m[90m─[39m[90m─[39m[90m─[39m[90m─[39m[90m─[39m[90m─[39m[90m─[39m[90m─[39m[90m─[39m[90m─[39m[90m─[39m[90m─[39m[90m─[39m[90m─[39m[90m─[39m[90m─[39m[90m─[39m[90m─[39m[90m─[39m[90m─[39m[90m─[39m[90m─[39m[90m─[39m[90m─[39m[90m─[39m[90m─[39m[90m─[39m[90m─[39m[90m─[39m[90m─[39m[90m─[39m[90m─[39m[90m─[39m[90m─[39m[90m─[39m[90m─[39m[90m─[39m[90m─[39m[90m─[39m[90m─[39m[90m─[39m[90m─[39m[90m─[39m[90m┤[39m
Admin UI E2E (3, chrome)	Run Cypress	2024-10-17T00:57:34.2837984Z [90m  │[39m [32m✔[39m  [0muser_fed_ldap_mapper_test.spec.ts[0m        [90m01:08[39m       [0m15[0m       [32m15[39m        [90m-[39m        [90m-[39m        [90m-[39m [90m│[39m
Admin UI E2E (3, chrome)	Run Cypress	2024-10-17T00:57:34.2851445Z [90m  ├[39m[90m─[39m[90m─[39m[90m─[39m[90m─[39m[90m─[39m[90m─[39m[90m─[39m[90m─[39m[90m─[39m[90m─[39m[90m─[39m[90m─[39m[90m─[39m[90m─[39m[90m─[39m[90m─[39m[90m─[39m[90m─[39m[90m─[39m[90m─[39m[90m─[39m[90m─[39m[90m─[39m[90m─[39m[90m─[39m[90m─[39m[90m─[39m[90m─[39m[90m─[39m[90m─[39m[90m─[39m[90m─[39m[90m─[39m[90m─[39m[90m─[39m[90m─[39m[90m─[39m[90m─[39m[90m─[39m[90m─[39m[90m─[39m[90m─[39m[90m─[39m[90m─[39m[90m─[39m[90m─[39m[90m─[39m[90m─[39m[90m─[39m[90m─[39m[90m─[39m[90m─[39m[90m─[39m[90m─[39m[90m─[39m[90m─[39m[90m─[39m[90m─[39m[90m─[39m[90m─[39m[90m─[39m[90m─[39m[90m─[39m[90m─[39m[90m─[39m[90m─[39m[90m─[39m[90m─[39m[90m─[39m[90m─[39m[90m─[39m[90m─[39m[90m─[39m[90m─[39m[90m─[39m[90m─[39m[90m─[39m[90m─[39m[90m─[39m[90m─[39m[90m─[39m[90m─[39m[90m─[39m[90m─[39m[90m─[39m[90m─[39m[90m─[39m[90m─[39m[90m─[39m[90m─[39m[90m─[39m[90m─[39m[90m─[39m[90m─[39m[90m─[39m[90m─[39m[90m┤[39m
Admin UI E2E (3, chrome)	Run Cypress	2024-10-17T00:57:34.2859213Z [90m  │[39m [32m✔[39m  [0mrealm_roles_test.spec.ts[0m                 [90m00:56[39m       [0m22[0m       [32m22[39m        [90m-[39m        [90m-[39m        [90m-[39m [90m│[39m
Admin UI E2E (3, chrome)	Run Cypress	2024-10-17T00:57:34.2868754Z [90m  ├[39m[90m─[39m[90m─[39m[90m─[39m[90m─[39m[90m─[39m[90m─[39m[90m─[39m[90m─[39m[90m─[39m[90m─[39m[90m─[39m[90m─[39m[90m─[39m[90m─[39m[90m─[39m[90m─[39m[90m─[39m[90m─[39m[90m─[39m[90m─[39m[90m─[39m[90m─[39m[90m─[39m[90m─[39m[90m─[39m[90m─[39m[90m─[39m[90m─[39m[90m─[39m[90m─[39m[90m─[39m[90m─[39m[90m─[39m[90m─[39m[90m─[39m[90m─[39m[90m─[39m[90m─[39m[90m─[39m[90m─[39m[90m─[39m[90m─[39m[90m─[39m[90m─[39m[90m─[39m[90m─[39m[90m─[39m[90m─[39m[90m─[39m[90m─[39m[90m─[39m[90m─[39m[90m─[39m[90m─[39m[90m─[39m[90m─[39m[90m─[39m[90m─[39m[90m─[39m[90m─[39m[90m─[39m[90m─[39m[90m─[39m[90m─[39m[90m─[39m[90m─[39m[90m─[39m[90m─[39m[90m─[39m[90m─[39m[90m─[39m[90m─[39m[90m─[39m[90m─[39m[90m─[39m[90m─[39m[90m─[39m[90m─[39m[90m─[39m[90m─[39m[90m─[39m[90m─[39m[90m─[39m[90m─[39m[90m─[39m[90m─[39m[90m─[39m[90m─[39m[90m─[39m[90m─[39m[90m─[39m[90m─[39m[90m─[39m[90m─[39m[90m─[39m[90m─[39m[90m┤[39m
Admin UI E2E (3, chrome)	Run Cypress	2024-10-17T00:57:34.2875620Z [90m  │[39m [32m✔[39m  [0midentity_providers_test.spec.ts[0m          [90m01:29[39m       [0m32[0m       [32m31[39m        [90m-[39m        [36m1[39m        [90m-[39m [90m│[39m
Admin UI E2E (3, chrome)	Run Cypress	2024-10-17T00:57:34.2881016Z [90m  └[39m[90m─[39m[90m─[39m[90m─[39m[90m─[39m[90m─[39m[90m─[39m[90m─[39m[90m─[39m[90m─[39m[90m─[39m[90m─[39m[90m─[39m[90m─[39m[90m─[39m[90m─[39m[90m─[39m[90m─[39m[90m─[39m[90m─[39m[90m─[39m[90m─[39m[90m─[39m[90m─[39m[90m─[39m[90m─[39m[90m─[39m[90m─[39m[90m─[39m[90m─[39m[90m─[39m[90m─[39m[90m─[39m[90m─[39m[90m─[39m[90m─[39m[90m─[39m[90m─[39m[90m─[39m[90m─[39m[90m─[39m[90m─[39m[90m─[39m[90m─[39m[90m─[39m[90m─[39m[90m─[39m[90m─[39m[90m─[39m[90m─[39m[90m─[39m[90m─[39m[90m─[39m[90m─[39m[90m─[39m[90m─[39m[90m─[39m[90m─[39m[90m─[39m[90m─[39m[90m─[39m[90m─[39m[90m─[39m[90m─[39m[90m─[39m[90m─[39m[90m─[39m[90m─[39m[90m─[39m[90m─[39m[90m─[39m[90m─[39m[90m─[39m[90m─[39m[90m─[39m[90m─[39m[90m─[39m[90m─[39m[90m─[39m[90m─[39m[90m─[39m[90m─[39m[90m─[39m[90m─[39m[90m─[39m[90m─[39m[90m─[39m[90m─[39m[90m─[39m[90m─[39m[90m─[39m[90m─[39m[90m─[39m[90m─[39m[90m─[39m[90m─[39m[90m─[39m[90m┘[39m
Admin UI E2E (3, chrome)	Run Cypress	2024-10-17T00:57:34.2886827Z [90m   [39m [31m✖[39m  [31m1 of 7 failed (14%)[39m                      [90m10:27[39m      [0m195[0m      [32m192[39m        [31m1[39m        [36m2[39m        [90m-[39m [90m [39m
Admin UI E2E (3, chrome)	Run Cypress	2024-10-17T00:57:34.2887859Z 
Admin UI E2E (3, chrome)	Run Cypress	2024-10-17T00:57:34.3977010Z ##[error]Cypress tests: 1 failed
Status Check - Keycloak JavaScript CI	Run /./.github/actions/status-check	2024-10-17T01:08:15.8914169Z Prepare all required actions
Status Check - Keycloak JavaScript CI	Run /./.github/actions/status-check	2024-10-17T01:08:15.9008188Z ##[group]Run ./.github/actions/status-check
Status Check - Keycloak JavaScript CI	Run /./.github/actions/status-check	2024-10-17T01:08:15.9008674Z with:
Status Check - Keycloak JavaScript CI	Run /./.github/actions/status-check	2024-10-17T01:08:15.9010447Z   jobs: {
Status Check - Keycloak JavaScript CI	Run /./.github/actions/status-check	  "conditional": {
Status Check - Keycloak JavaScript CI	Run /./.github/actions/status-check	    "result": "success",
Status Check - Keycloak JavaScript CI	Run /./.github/actions/status-check	    "outputs": {
Status Check - Keycloak JavaScript CI	Run /./.github/actions/status-check	      "js-ci": "true"
Status Check - Keycloak JavaScript CI	Run /./.github/actions/status-check	    }
Status Check - Keycloak JavaScript CI	Run /./.github/actions/status-check	  },
Status Check - Keycloak JavaScript CI	Run /./.github/actions/status-check	  "build-keycloak": {
Status Check - Keycloak JavaScript CI	Run /./.github/actions/status-check	    "result": "success",
Status Check - Keycloak JavaScript CI	Run /./.github/actions/status-check	    "outputs": {}
Status Check - Keycloak JavaScript CI	Run /./.github/actions/status-check	  },
Status Check - Keycloak JavaScript CI	Run /./.github/actions/status-check	  "admin-client": {
Status Check - Keycloak JavaScript CI	Run /./.github/actions/status-check	    "result": "success",
Status Check - Keycloak JavaScript CI	Run /./.github/actions/status-check	    "outputs": {}
Status Check - Keycloak JavaScript CI	Run /./.github/actions/status-check	  },
Status Check - Keycloak JavaScript CI	Run /./.github/actions/status-check	  "ui-shared": {
Status Check - Keycloak JavaScript CI	Run /./.github/actions/status-check	    "result": "success",
Status Check - Keycloak JavaScript CI	Run /./.github/actions/status-check	    "outputs": {}
Status Check - Keycloak JavaScript CI	Run /./.github/actions/status-check	  },
Status Check - Keycloak JavaScript CI	Run /./.github/actions/status-check	  "account-ui": {
Status Check - Keycloak JavaScript CI	Run /./.github/actions/status-check	    "result": "success",
Status Check - Keycloak JavaScript CI	Run /./.github/actions/status-check	    "outputs": {}
Status Check - Keycloak JavaScript CI	Run /./.github/actions/status-check	  },
Status Check - Keycloak JavaScript CI	Run /./.github/actions/status-check	  "account-ui-e2e": {
Status Check - Keycloak JavaScript CI	Run /./.github/actions/status-check	    "result": "success",
Status Check - Keycloak JavaScript CI	Run /./.github/actions/status-check	    "outputs": {}
Status Check - Keycloak JavaScript CI	Run /./.github/actions/status-check	  },
Status Check - Keycloak JavaScript CI	Run /./.github/actions/status-check	  "admin-ui": {
Status Check - Keycloak JavaScript CI	Run /./.github/actions/status-check	    "result": "success",
Status Check - Keycloak JavaScript CI	Run /./.github/actions/status-check	    "outputs": {}
Status Check - Keycloak JavaScript CI	Run /./.github/actions/status-check	  },
Status Check - Keycloak JavaScript CI	Run /./.github/actions/status-check	  "admin-ui-e2e": {
Status Check - Keycloak JavaScript CI	Run /./.github/actions/status-check	    "result": "failure",
Status Check - Keycloak JavaScript CI	Run /./.github/actions/status-check	    "outputs": {}
Status Check - Keycloak JavaScript CI	Run /./.github/actions/status-check	  }
Status Check - Keycloak JavaScript CI	Run /./.github/actions/status-check	}
Status Check - Keycloak JavaScript CI	Run /./.github/actions/status-check	2024-10-17T01:08:15.9012275Z env:
Status Check - Keycloak JavaScript CI	Run /./.github/actions/status-check	2024-10-17T01:08:15.9012744Z   MAVEN_ARGS: -B -nsu -Daether.connector.http.connectionMaxTtl=25
Status Check - Keycloak JavaScript CI	Run /./.github/actions/status-check	2024-10-17T01:08:15.9013372Z ##[endgroup]
Status Check - Keycloak JavaScript CI	Run /./.github/actions/status-check	2024-10-17T01:08:15.9274350Z ##[group]Run JOBS='{
Status Check - Keycloak JavaScript CI	Run /./.github/actions/status-check	2024-10-17T01:08:15.9274971Z [36;1mJOBS='{[0m
Status Check - Keycloak JavaScript CI	Run /./.github/actions/status-check	2024-10-17T01:08:15.9275471Z [36;1m  "conditional": {[0m
Status Check - Keycloak JavaScript CI	Run /./.github/actions/status-check	2024-10-17T01:08:15.9275940Z [36;1m    "result": "success",[0m
Status Check - Keycloak JavaScript CI	Run /./.github/actions/status-check	2024-10-17T01:08:15.9276377Z [36;1m    "outputs": {[0m
Status Check - Keycloak JavaScript CI	Run /./.github/actions/status-check	2024-10-17T01:08:15.9276749Z [36;1m      "js-ci": "true"[0m
Status Check - Keycloak JavaScript CI	Run /./.github/actions/status-check	2024-10-17T01:08:15.9277158Z [36;1m    }[0m
Status Check - Keycloak JavaScript CI	Run /./.github/actions/status-check	2024-10-17T01:08:15.9277501Z [36;1m  },[0m
Status Check - Keycloak JavaScript CI	Run /./.github/actions/status-check	2024-10-17T01:08:15.9277837Z [36;1m  "build-keycloak": {[0m
Status Check - Keycloak JavaScript CI	Run /./.github/actions/status-check	2024-10-17T01:08:15.9278270Z [36;1m    "result": "success",[0m
Status Check - Keycloak JavaScript CI	Run /./.github/actions/status-check	2024-10-17T01:08:15.9278755Z [36;1m    "outputs": {}[0m
Status Check - Keycloak JavaScript CI	Run /./.github/actions/status-check	2024-10-17T01:08:15.9279116Z [36;1m  },[0m
Status Check - Keycloak JavaScript CI	Run /./.github/actions/status-check	2024-10-17T01:08:15.9279484Z [36;1m  "admin-client": {[0m
Status Check - Keycloak JavaScript CI	Run /./.github/actions/status-check	2024-10-17T01:08:15.9279885Z [36;1m    "result": "success",[0m
Status Check - Keycloak JavaScript CI	Run /./.github/actions/status-check	2024-10-17T01:08:15.9280281Z [36;1m    "outputs": {}[0m
Status Check - Keycloak JavaScript CI	Run /./.github/actions/status-check	2024-10-17T01:08:15.9280717Z [36;1m  },[0m
Status Check - Keycloak JavaScript CI	Run /./.github/actions/status-check	2024-10-17T01:08:15.9281059Z [36;1m  "ui-shared": {[0m
Status Check - Keycloak JavaScript CI	Run /./.github/actions/status-check	2024-10-17T01:08:15.9281429Z [36;1m    "result": "success",[0m
Status Check - Keycloak JavaScript CI	Run /./.github/actions/status-check	2024-10-17T01:08:15.9281852Z [36;1m    "outputs": {}[0m
Status Check - Keycloak JavaScript CI	Run /./.github/actions/status-check	2024-10-17T01:08:15.9282222Z [36;1m  },[0m
Status Check - Keycloak JavaScript CI	Run /./.github/actions/status-check	2024-10-17T01:08:15.9282550Z [36;1m  "account-ui": {[0m
Status Check - Keycloak JavaScript CI	Run /./.github/actions/status-check	2024-10-17T01:08:15.9282963Z [36;1m    "result": "success",[0m
Status Check - Keycloak JavaScript CI	Run /./.github/actions/status-check	2024-10-17T01:08:15.9283410Z [36;1m    "outputs": {}[0m
Status Check - Keycloak JavaScript CI	Run /./.github/actions/status-check	2024-10-17T01:08:15.9283761Z [36;1m  },[0m
Status Check - Keycloak JavaScript CI	Run /./.github/actions/status-check	2024-10-17T01:08:15.9284153Z [36;1m  "account-ui-e2e": {[0m
Status Check - Keycloak JavaScript CI	Run /./.github/actions/status-check	2024-10-17T01:08:15.9284544Z [36;1m    "result": "success",[0m
Status Check - Keycloak JavaScript CI	Run /./.github/actions/status-check	2024-10-17T01:08:15.9284935Z [36;1m    "outputs": {}[0m
Status Check - Keycloak JavaScript CI	Run /./.github/actions/status-check	2024-10-17T01:08:15.9285332Z [36;1m  },[0m
Status Check - Keycloak JavaScript CI	Run /./.github/actions/status-check	2024-10-17T01:08:15.9285656Z [36;1m  "admin-ui": {[0m
Status Check - Keycloak JavaScript CI	Run /./.github/actions/status-check	2024-10-17T01:08:15.9286022Z [36;1m    "result": "success",[0m
Status Check - Keycloak JavaScript CI	Run /./.github/actions/status-check	2024-10-17T01:08:15.9286461Z [36;1m    "outputs": {}[0m
Status Check - Keycloak JavaScript CI	Run /./.github/actions/status-check	2024-10-17T01:08:15.9286810Z [36;1m  },[0m
Status Check - Keycloak JavaScript CI	Run /./.github/actions/status-check	2024-10-17T01:08:15.9287149Z [36;1m  "admin-ui-e2e": {[0m
Status Check - Keycloak JavaScript CI	Run /./.github/actions/status-check	2024-10-17T01:08:15.9287558Z [36;1m    "result": "failure",[0m
Status Check - Keycloak JavaScript CI	Run /./.github/actions/status-check	2024-10-17T01:08:15.9288007Z [36;1m    "outputs": {}[0m
Status Check - Keycloak JavaScript CI	Run /./.github/actions/status-check	2024-10-17T01:08:15.9288377Z [36;1m  }[0m
Status Check - Keycloak JavaScript CI	Run /./.github/actions/status-check	2024-10-17T01:08:15.9288712Z [36;1m}'[0m
Status Check - Keycloak JavaScript CI	Run /./.github/actions/status-check	2024-10-17T01:08:15.9289020Z [36;1m[0m
Status Check - Keycloak JavaScript CI	Run /./.github/actions/status-check	2024-10-17T01:08:15.9289350Z [36;1mecho "Job status:"[0m
Status Check - Keycloak JavaScript CI	Run /./.github/actions/status-check	2024-10-17T01:08:15.9289924Z [36;1mecho $JOBS | jq -r 'to_entries[] | " - \(.key): \(.value.result)"'[0m
Status Check - Keycloak JavaScript CI	Run /./.github/actions/status-check	2024-10-17T01:08:15.9290504Z [36;1m[0m
Status Check - Keycloak JavaScript CI	Run /./.github/actions/status-check	2024-10-17T01:08:15.9290970Z [36;1mfor i in $(echo $JOBS | jq -r 'to_entries[] | .value.result'); do[0m
Status Check - Keycloak JavaScript CI	Run /./.github/actions/status-check	2024-10-17T01:08:15.9291643Z [36;1m  if [ "$i" != "success" ] && [ "$i" != "skipped" ]; then[0m
Status Check - Keycloak JavaScript CI	Run /./.github/actions/status-check	2024-10-17T01:08:15.9292136Z [36;1m    echo ""[0m
Status Check - Keycloak JavaScript CI	Run /./.github/actions/status-check	2024-10-17T01:08:15.9292609Z [36;1m    echo "Status check not okay!"[0m
Status Check - Keycloak JavaScript CI	Run /./.github/actions/status-check	2024-10-17T01:08:15.9293110Z [36;1m    exit 1[0m
Status Check - Keycloak JavaScript CI	Run /./.github/actions/status-check	2024-10-17T01:08:15.9293465Z [36;1m  fi[0m
Status Check - Keycloak JavaScript CI	Run /./.github/actions/status-check	2024-10-17T01:08:15.9293791Z [36;1mdone[0m
Status Check - Keycloak JavaScript CI	Run /./.github/actions/status-check	2024-10-17T01:08:15.9396361Z shell: /usr/bin/bash --noprofile --norc -e -o pipefail {0}
Status Check - Keycloak JavaScript CI	Run /./.github/actions/status-check	2024-10-17T01:08:15.9397345Z env:
Status Check - Keycloak JavaScript CI	Run /./.github/actions/status-check	2024-10-17T01:08:15.9397955Z   MAVEN_ARGS: -B -nsu -Daether.connector.http.connectionMaxTtl=25
Status Check - Keycloak JavaScript CI	Run /./.github/actions/status-check	2024-10-17T01:08:15.9398890Z ##[endgroup]
Status Check - Keycloak JavaScript CI	Run /./.github/actions/status-check	2024-10-17T01:08:15.9550502Z Job status:
Status Check - Keycloak JavaScript CI	Run /./.github/actions/status-check	2024-10-17T01:08:16.1218385Z  - conditional: success
Status Check - Keycloak JavaScript CI	Run /./.github/actions/status-check	2024-10-17T01:08:16.1218975Z  - build-keycloak: success
Status Check - Keycloak JavaScript CI	Run /./.github/actions/status-check	2024-10-17T01:08:16.1219941Z  - admin-client: success
Status Check - Keycloak JavaScript CI	Run /./.github/actions/status-check	2024-10-17T01:08:16.1220573Z  - ui-shared: success
Status Check - Keycloak JavaScript CI	Run /./.github/actions/status-check	2024-10-17T01:08:16.1221001Z  - account-ui: success
Status Check - Keycloak JavaScript CI	Run /./.github/actions/status-check	2024-10-17T01:08:16.1221865Z  - account-ui-e2e: success
Status Check - Keycloak JavaScript CI	Run /./.github/actions/status-check	2024-10-17T01:08:16.1222455Z  - admin-ui: success
Status Check - Keycloak JavaScript CI	Run /./.github/actions/status-check	2024-10-17T01:08:16.1222939Z  - admin-ui-e2e: failure
Status Check - Keycloak JavaScript CI	Run /./.github/actions/status-check	2024-10-17T01:08:16.1430773Z 
Status Check - Keycloak JavaScript CI	Run /./.github/actions/status-check	2024-10-17T01:08:16.1431159Z Status check not okay!
Status Check - Keycloak JavaScript CI	Run /./.github/actions/status-check	2024-10-17T01:08:16.1446637Z ##[error]Process completed with exit code 1.
