Store IT (mysql)	Run new base tests	2025-03-24T14:33:26.8547366Z ##[group]Run KC_TEST_DATABASE=mysql KC_TEST_DATABASE_REUSE=true TESTCONTAINERS_REUSE_ENABLE=true ./mvnw package -f tests/pom.xml -Dtest=DatabaseTestSuite
Store IT (mysql)	Run new base tests	2025-03-24T14:33:26.8548409Z [36;1mKC_TEST_DATABASE=mysql KC_TEST_DATABASE_REUSE=true TESTCONTAINERS_REUSE_ENABLE=true ./mvnw package -f tests/pom.xml -Dtest=DatabaseTestSuite[0m
Store IT (mysql)	Run new base tests	2025-03-24T14:33:26.8596439Z shell: /usr/bin/bash --noprofile --norc -e -o pipefail {0}
Store IT (mysql)	Run new base tests	2025-03-24T14:33:26.8596792Z env:
Store IT (mysql)	Run new base tests	2025-03-24T14:33:26.8597087Z   MAVEN_ARGS: -B -nsu -Daether.connector.http.connectionMaxTtl=25
Store IT (mysql)	Run new base tests	2025-03-24T14:33:26.8597447Z   SUREFIRE_RERUN_FAILING_COUNT: 2
Store IT (mysql)	Run new base tests	2025-03-24T14:33:26.8597764Z   SUREFIRE_RETRY: -Dsurefire.rerunFailingTestsCount=2
Store IT (mysql)	Run new base tests	2025-03-24T14:33:26.8598194Z   JAVA_HOME: /opt/hostedtoolcache/Java_Temurin-Hotspot_jdk/21.0.6-7/x64
Store IT (mysql)	Run new base tests	2025-03-24T14:33:26.8598668Z   JAVA_HOME_21_X64: /opt/hostedtoolcache/Java_Temurin-Hotspot_jdk/21.0.6-7/x64
Store IT (mysql)	Run new base tests	2025-03-24T14:33:26.8599035Z ##[endgroup]
Store IT (mysql)	Run new base tests	2025-03-24T14:33:29.5563083Z [INFO] Loading cache configuration from /home/runner/work/keycloak/keycloak/.mvn/maven-build-cache-config.xml
Store IT (mysql)	Run new base tests	2025-03-24T14:33:29.5741015Z [INFO] Scanning for projects...
Store IT (mysql)	Run new base tests	2025-03-24T14:33:29.7182503Z [INFO] ------------------------------------------------------------------------
Store IT (mysql)	Run new base tests	2025-03-24T14:33:29.7185186Z [INFO] Reactor Build Order:
Store IT (mysql)	Run new base tests	2025-03-24T14:33:29.7186956Z [INFO] 
Store IT (mysql)	Run new base tests	2025-03-24T14:33:29.7188810Z [INFO] Keycloak Tests Parent                                              [pom]
Store IT (mysql)	Run new base tests	2025-03-24T14:33:29.7200659Z [INFO] Keycloak Testsuite Utilities                                       [jar]
Store IT (mysql)	Run new base tests	2025-03-24T14:33:29.7201509Z [INFO] Keycloak Testsuite Utilities Shared                                [jar]
Store IT (mysql)	Run new base tests	2025-03-24T14:33:29.7202372Z [INFO] Keycloak Testsuite Custom Providers                                [jar]
Store IT (mysql)	Run new base tests	2025-03-24T14:33:29.7203194Z [INFO] New Keycloak Base Testsuite                                        [jar]
Store IT (mysql)	Run new base tests	2025-03-24T14:33:29.7263192Z [INFO] 
Store IT (mysql)	Run new base tests	2025-03-24T14:33:29.7265596Z [INFO] --------------< org.keycloak.tests:keycloak-tests-parent >--------------
Store IT (mysql)	Run new base tests	2025-03-24T14:33:29.7269413Z [INFO] Building Keycloak Tests Parent 999.0.0-SNAPSHOT                    [1/5]
Store IT (mysql)	Run new base tests	2025-03-24T14:33:29.7270266Z [INFO]   from pom.xml
Store IT (mysql)	Run new base tests	2025-03-24T14:33:29.7270826Z [INFO] --------------------------------[ pom ]---------------------------------
Store IT (mysql)	Run new base tests	2025-03-24T14:33:29.7805659Z [INFO] 
Store IT (mysql)	Run new base tests	2025-03-24T14:33:29.7807164Z [INFO] --- enforcer:3.0.0-M3:enforce (enforce-java-version) @ keycloak-tests-parent ---
Store IT (mysql)	Run new base tests	2025-03-24T14:33:30.0012467Z [INFO] 
Store IT (mysql)	Run new base tests	2025-03-24T14:33:30.0017293Z [INFO] --- enforcer:3.0.0-M3:enforce (enforce-maven-version) @ keycloak-tests-parent ---
Store IT (mysql)	Run new base tests	2025-03-24T14:33:30.0032696Z [INFO] 
Store IT (mysql)	Run new base tests	2025-03-24T14:33:30.0035288Z [INFO] --- buildnumber:1.4:create (get-scm-revision) @ keycloak-tests-parent ---
Store IT (mysql)	Run new base tests	2025-03-24T14:33:30.2828939Z [INFO] Executing: /bin/sh -c cd '/home/runner/work/keycloak/keycloak/tests' && 'git' 'rev-parse' '--verify' 'HEAD'
Store IT (mysql)	Run new base tests	2025-03-24T14:33:30.2833087Z [INFO] Working directory: /home/runner/work/keycloak/keycloak/tests
Store IT (mysql)	Run new base tests	2025-03-24T14:33:30.3025672Z [INFO] Storing buildNumber: 06c677bc5f33b15dad1bb12496e3c75d79c9e73b at timestamp: 1742826810268
Store IT (mysql)	Run new base tests	2025-03-24T14:33:30.3076537Z [WARNING] Cannot get the branch information from the git repository: 
Store IT (mysql)	Run new base tests	2025-03-24T14:33:30.3080559Z Detecting the current branch failed: fatal: ref HEAD is not a symbolic ref
Store IT (mysql)	Run new base tests	2025-03-24T14:33:30.3085114Z 
Store IT (mysql)	Run new base tests	2025-03-24T14:33:30.3086830Z [INFO] Executing: /bin/sh -c cd '/home/runner/work/keycloak/keycloak/tests' && 'git' 'rev-parse' '--verify' 'HEAD'
Store IT (mysql)	Run new base tests	2025-03-24T14:33:30.3092250Z [INFO] Working directory: /home/runner/work/keycloak/keycloak/tests
Store IT (mysql)	Run new base tests	2025-03-24T14:33:30.3132024Z [INFO] Storing buildScmBranch: UNKNOWN
Store IT (mysql)	Run new base tests	2025-03-24T14:33:30.3133431Z [INFO] 
Store IT (mysql)	Run new base tests	2025-03-24T14:33:30.3133970Z [INFO] --- source:3.1.0:jar-no-fork (attach-sources) @ keycloak-tests-parent ---
Store IT (mysql)	Run new base tests	2025-03-24T14:33:30.4564360Z [INFO] 
Store IT (mysql)	Run new base tests	2025-03-24T14:33:30.4569041Z [INFO] --------------< org.keycloak.tests:keycloak-tests-utils >---------------
Store IT (mysql)	Run new base tests	2025-03-24T14:33:30.4573386Z [INFO] Building Keycloak Testsuite Utilities 999.0.0-SNAPSHOT             [2/5]
Store IT (mysql)	Run new base tests	2025-03-24T14:33:30.4578011Z [INFO]   from utils/pom.xml
Store IT (mysql)	Run new base tests	2025-03-24T14:33:30.4579819Z [INFO] --------------------------------[ jar ]---------------------------------
Store IT (mysql)	Run new base tests	2025-03-24T14:33:32.6521236Z [INFO] 
Store IT (mysql)	Run new base tests	2025-03-24T14:33:32.6522477Z [INFO] --- enforcer:3.0.0-M3:enforce (enforce-java-version) @ keycloak-tests-utils ---
Store IT (mysql)	Run new base tests	2025-03-24T14:33:32.6542802Z [INFO] 
Store IT (mysql)	Run new base tests	2025-03-24T14:33:32.6547292Z [INFO] --- enforcer:3.0.0-M3:enforce (enforce-maven-version) @ keycloak-tests-utils ---
Store IT (mysql)	Run new base tests	2025-03-24T14:33:32.6560649Z [INFO] 
Store IT (mysql)	Run new base tests	2025-03-24T14:33:32.6561615Z [INFO] --- buildnumber:1.4:create (get-scm-revision) @ keycloak-tests-utils ---
Store IT (mysql)	Run new base tests	2025-03-24T14:33:32.6582139Z [INFO] 
Store IT (mysql)	Run new base tests	2025-03-24T14:33:32.6586623Z [INFO] --- resources:3.2.0:resources (default-resources) @ keycloak-tests-utils ---
Store IT (mysql)	Run new base tests	2025-03-24T14:33:32.7695955Z [INFO] Using 'UTF-8' encoding to copy filtered resources.
Store IT (mysql)	Run new base tests	2025-03-24T14:33:32.7708917Z [INFO] Using 'UTF-8' encoding to copy filtered properties files.
Store IT (mysql)	Run new base tests	2025-03-24T14:33:32.7715327Z [INFO] skip non existing resourceDirectory /home/runner/work/keycloak/keycloak/tests/utils/src/main/resources
Store IT (mysql)	Run new base tests	2025-03-24T14:33:32.7716262Z [INFO] 
Store IT (mysql)	Run new base tests	2025-03-24T14:33:32.7716807Z [INFO] --- compiler:3.8.1:compile (default-compile) @ keycloak-tests-utils ---
Store IT (mysql)	Run new base tests	2025-03-24T14:33:32.8472823Z [INFO] Changes detected - recompiling the module!
Store IT (mysql)	Run new base tests	2025-03-24T14:33:32.8488901Z [INFO] Compiling 15 source files to /home/runner/work/keycloak/keycloak/tests/utils/target/classes
Store IT (mysql)	Run new base tests	2025-03-24T14:33:34.9266606Z [INFO] Annotation processing is enabled because one or more processors were found
Store IT (mysql)	Run new base tests	2025-03-24T14:33:34.9270434Z   on the class path. A future release of javac may disable annotation processing
Store IT (mysql)	Run new base tests	2025-03-24T14:33:34.9281380Z   unless at least one processor is specified by name (-processor), or a search
Store IT (mysql)	Run new base tests	2025-03-24T14:33:34.9282362Z   path is specified (--processor-path, --processor-module-path), or annotation
Store IT (mysql)	Run new base tests	2025-03-24T14:33:34.9283232Z   processing is enabled explicitly (-proc:only, -proc:full).
Store IT (mysql)	Run new base tests	2025-03-24T14:33:34.9283905Z   Use -Xlint:-options to suppress this message.
Store IT (mysql)	Run new base tests	2025-03-24T14:33:34.9284544Z   Use -proc:none to disable annotation processing.
Store IT (mysql)	Run new base tests	2025-03-24T14:33:34.9286064Z [WARNING] /home/runner/work/keycloak/keycloak/tests/utils/src/main/java/org/keycloak/tests/utils/matchers/SamlStatusResponseTypeMatcher.java:[30,31] unchecked conversion
Store IT (mysql)	Run new base tests	2025-03-24T14:33:34.9287717Z   required: java.util.List<org.hamcrest.Matcher<java.net.URI>>
Store IT (mysql)	Run new base tests	2025-03-24T14:33:34.9288351Z   found:    java.util.ArrayList
Store IT (mysql)	Run new base tests	2025-03-24T14:33:34.9288759Z [INFO] 
Store IT (mysql)	Run new base tests	2025-03-24T14:33:34.9289360Z [INFO] --- resources:3.2.0:testResources (default-testResources) @ keycloak-tests-utils ---
Store IT (mysql)	Run new base tests	2025-03-24T14:33:34.9321263Z [INFO] Using 'UTF-8' encoding to copy filtered resources.
Store IT (mysql)	Run new base tests	2025-03-24T14:33:34.9322382Z [INFO] Using 'UTF-8' encoding to copy filtered properties files.
Store IT (mysql)	Run new base tests	2025-03-24T14:33:34.9323747Z [INFO] skip non existing resourceDirectory /home/runner/work/keycloak/keycloak/tests/utils/src/test/resources
Store IT (mysql)	Run new base tests	2025-03-24T14:33:34.9325573Z [INFO] 
Store IT (mysql)	Run new base tests	2025-03-24T14:33:34.9326168Z [INFO] --- compiler:3.8.1:testCompile (default-testCompile) @ keycloak-tests-utils ---
Store IT (mysql)	Run new base tests	2025-03-24T14:33:34.9367373Z [INFO] No sources to compile
Store IT (mysql)	Run new base tests	2025-03-24T14:33:34.9371926Z [INFO] 
Store IT (mysql)	Run new base tests	2025-03-24T14:33:34.9376889Z [INFO] --- surefire:3.0.0-M7:test (default-test) @ keycloak-tests-utils ---
Store IT (mysql)	Run new base tests	2025-03-24T14:33:35.0274922Z [INFO] No tests to run.
Store IT (mysql)	Run new base tests	2025-03-24T14:33:35.0336870Z [INFO] 
Store IT (mysql)	Run new base tests	2025-03-24T14:33:35.0339845Z [INFO] --- jar:3.1.2:jar (default-jar) @ keycloak-tests-utils ---
Store IT (mysql)	Run new base tests	2025-03-24T14:33:35.1501759Z [INFO] Building jar: /home/runner/work/keycloak/keycloak/tests/utils/target/keycloak-tests-utils-999.0.0-SNAPSHOT.jar
Store IT (mysql)	Run new base tests	2025-03-24T14:33:35.1803206Z [INFO] 
Store IT (mysql)	Run new base tests	2025-03-24T14:33:35.1809180Z [INFO] --- source:3.1.0:jar-no-fork (attach-sources) @ keycloak-tests-utils ---
Store IT (mysql)	Run new base tests	2025-03-24T14:33:35.2060220Z [INFO] Building jar: /home/runner/work/keycloak/keycloak/tests/utils/target/keycloak-tests-utils-999.0.0-SNAPSHOT-sources.jar
Store IT (mysql)	Run new base tests	2025-03-24T14:33:35.2321018Z [INFO] 
Store IT (mysql)	Run new base tests	2025-03-24T14:33:35.2322111Z [INFO] -----------< org.keycloak.tests:keycloak-tests-utils-shared >-----------
Store IT (mysql)	Run new base tests	2025-03-24T14:33:35.2326987Z [INFO] Building Keycloak Testsuite Utilities Shared 999.0.0-SNAPSHOT      [3/5]
Store IT (mysql)	Run new base tests	2025-03-24T14:33:35.2327903Z [INFO]   from utils-shared/pom.xml
Store IT (mysql)	Run new base tests	2025-03-24T14:33:35.2328606Z [INFO] --------------------------------[ jar ]---------------------------------
Store IT (mysql)	Run new base tests	2025-03-24T14:33:35.2751547Z [INFO] 
Store IT (mysql)	Run new base tests	2025-03-24T14:33:35.2755994Z [INFO] --- enforcer:3.0.0-M3:enforce (enforce-java-version) @ keycloak-tests-utils-shared ---
Store IT (mysql)	Run new base tests	2025-03-24T14:33:35.2781200Z [INFO] 
Store IT (mysql)	Run new base tests	2025-03-24T14:33:35.2782338Z [INFO] --- enforcer:3.0.0-M3:enforce (enforce-maven-version) @ keycloak-tests-utils-shared ---
Store IT (mysql)	Run new base tests	2025-03-24T14:33:35.2783371Z [INFO] 
Store IT (mysql)	Run new base tests	2025-03-24T14:33:35.2784166Z [INFO] --- buildnumber:1.4:create (get-scm-revision) @ keycloak-tests-utils-shared ---
Store IT (mysql)	Run new base tests	2025-03-24T14:33:35.2789112Z [INFO] 
Store IT (mysql)	Run new base tests	2025-03-24T14:33:35.2793860Z [INFO] --- resources:3.2.0:resources (default-resources) @ keycloak-tests-utils-shared ---
Store IT (mysql)	Run new base tests	2025-03-24T14:33:35.2801177Z [INFO] Using 'UTF-8' encoding to copy filtered resources.
Store IT (mysql)	Run new base tests	2025-03-24T14:33:35.2805793Z [INFO] Using 'UTF-8' encoding to copy filtered properties files.
Store IT (mysql)	Run new base tests	2025-03-24T14:33:35.2810727Z [INFO] skip non existing resourceDirectory /home/runner/work/keycloak/keycloak/tests/utils-shared/src/main/resources
Store IT (mysql)	Run new base tests	2025-03-24T14:33:35.2816131Z [INFO] 
Store IT (mysql)	Run new base tests	2025-03-24T14:33:35.2818608Z [INFO] --- compiler:3.8.1:compile (default-compile) @ keycloak-tests-utils-shared ---
Store IT (mysql)	Run new base tests	2025-03-24T14:33:35.2914112Z [INFO] Changes detected - recompiling the module!
Store IT (mysql)	Run new base tests	2025-03-24T14:33:35.2923098Z [INFO] Compiling 47 source files to /home/runner/work/keycloak/keycloak/tests/utils-shared/target/classes
Store IT (mysql)	Run new base tests	2025-03-24T14:33:35.8602306Z [INFO] Annotation processing is enabled because one or more processors were found
Store IT (mysql)	Run new base tests	2025-03-24T14:33:35.8607025Z   on the class path. A future release of javac may disable annotation processing
Store IT (mysql)	Run new base tests	2025-03-24T14:33:35.8612137Z   unless at least one processor is specified by name (-processor), or a search
Store IT (mysql)	Run new base tests	2025-03-24T14:33:35.8615189Z   path is specified (--processor-path, --processor-module-path), or annotation
Store IT (mysql)	Run new base tests	2025-03-24T14:33:35.8630268Z   processing is enabled explicitly (-proc:only, -proc:full).
Store IT (mysql)	Run new base tests	2025-03-24T14:33:35.8660752Z   Use -Xlint:-options to suppress this message.
Store IT (mysql)	Run new base tests	2025-03-24T14:33:35.8661719Z   Use -proc:none to disable annotation processing.
Store IT (mysql)	Run new base tests	2025-03-24T14:33:35.8662351Z [INFO] 
Store IT (mysql)	Run new base tests	2025-03-24T14:33:35.8663058Z [INFO] --- resources:3.2.0:testResources (default-testResources) @ keycloak-tests-utils-shared ---
Store IT (mysql)	Run new base tests	2025-03-24T14:33:35.8663962Z [INFO] Using 'UTF-8' encoding to copy filtered resources.
Store IT (mysql)	Run new base tests	2025-03-24T14:33:35.8664648Z [INFO] Using 'UTF-8' encoding to copy filtered properties files.
Store IT (mysql)	Run new base tests	2025-03-24T14:33:35.8665720Z [INFO] skip non existing resourceDirectory /home/runner/work/keycloak/keycloak/tests/utils-shared/src/test/resources
Store IT (mysql)	Run new base tests	2025-03-24T14:33:35.8666610Z [INFO] 
Store IT (mysql)	Run new base tests	2025-03-24T14:33:35.8667264Z [INFO] --- compiler:3.8.1:testCompile (default-testCompile) @ keycloak-tests-utils-shared ---
Store IT (mysql)	Run new base tests	2025-03-24T14:33:35.8668032Z [INFO] No sources to compile
Store IT (mysql)	Run new base tests	2025-03-24T14:33:35.8668409Z [INFO] 
Store IT (mysql)	Run new base tests	2025-03-24T14:33:35.8668945Z [INFO] --- surefire:3.0.0-M7:test (default-test) @ keycloak-tests-utils-shared ---
Store IT (mysql)	Run new base tests	2025-03-24T14:33:35.8682999Z [INFO] No tests to run.
Store IT (mysql)	Run new base tests	2025-03-24T14:33:35.8697145Z [INFO] 
Store IT (mysql)	Run new base tests	2025-03-24T14:33:35.8699499Z [INFO] --- jar:3.1.2:jar (default-jar) @ keycloak-tests-utils-shared ---
Store IT (mysql)	Run new base tests	2025-03-24T14:33:35.8805127Z [INFO] Building jar: /home/runner/work/keycloak/keycloak/tests/utils-shared/target/keycloak-tests-utils-shared-999.0.0-SNAPSHOT.jar
Store IT (mysql)	Run new base tests	2025-03-24T14:33:35.9134278Z [INFO] 
Store IT (mysql)	Run new base tests	2025-03-24T14:33:35.9191627Z [INFO] --- source:3.1.0:jar-no-fork (attach-sources) @ keycloak-tests-utils-shared ---
Store IT (mysql)	Run new base tests	2025-03-24T14:33:35.9574897Z [INFO] Building jar: /home/runner/work/keycloak/keycloak/tests/utils-shared/target/keycloak-tests-utils-shared-999.0.0-SNAPSHOT-sources.jar
Store IT (mysql)	Run new base tests	2025-03-24T14:33:35.9849514Z [INFO] 
Store IT (mysql)	Run new base tests	2025-03-24T14:33:35.9854600Z [INFO] ---------< org.keycloak.tests:keycloak-tests-custom-providers >---------
Store IT (mysql)	Run new base tests	2025-03-24T14:33:35.9859695Z [INFO] Building Keycloak Testsuite Custom Providers 999.0.0-SNAPSHOT      [4/5]
Store IT (mysql)	Run new base tests	2025-03-24T14:33:35.9864444Z [INFO]   from custom-providers/pom.xml
Store IT (mysql)	Run new base tests	2025-03-24T14:33:35.9869229Z [INFO] --------------------------------[ jar ]---------------------------------
Store IT (mysql)	Run new base tests	2025-03-24T14:33:36.0021452Z [INFO] 
Store IT (mysql)	Run new base tests	2025-03-24T14:33:36.0022772Z [INFO] --- enforcer:3.0.0-M3:enforce (enforce-java-version) @ keycloak-tests-custom-providers ---
Store IT (mysql)	Run new base tests	2025-03-24T14:33:36.0023877Z [INFO] 
Store IT (mysql)	Run new base tests	2025-03-24T14:33:36.0024721Z [INFO] --- enforcer:3.0.0-M3:enforce (enforce-maven-version) @ keycloak-tests-custom-providers ---
Store IT (mysql)	Run new base tests	2025-03-24T14:33:36.0028729Z [INFO] 
Store IT (mysql)	Run new base tests	2025-03-24T14:33:36.0030544Z [INFO] --- buildnumber:1.4:create (get-scm-revision) @ keycloak-tests-custom-providers ---
Store IT (mysql)	Run new base tests	2025-03-24T14:33:36.0069510Z [INFO] 
Store IT (mysql)	Run new base tests	2025-03-24T14:33:36.0070848Z [INFO] --- resources:3.2.0:resources (default-resources) @ keycloak-tests-custom-providers ---
Store IT (mysql)	Run new base tests	2025-03-24T14:33:36.0110513Z [INFO] Using 'UTF-8' encoding to copy filtered resources.
Store IT (mysql)	Run new base tests	2025-03-24T14:33:36.0114991Z [INFO] Using 'UTF-8' encoding to copy filtered properties files.
Store IT (mysql)	Run new base tests	2025-03-24T14:33:36.0149638Z [INFO] Copying 1 resource
Store IT (mysql)	Run new base tests	2025-03-24T14:33:36.0221374Z [INFO] 
Store IT (mysql)	Run new base tests	2025-03-24T14:33:36.0222413Z [INFO] --- compiler:3.8.1:compile (default-compile) @ keycloak-tests-custom-providers ---
Store IT (mysql)	Run new base tests	2025-03-24T14:33:36.0253079Z [INFO] Changes detected - recompiling the module!
Store IT (mysql)	Run new base tests	2025-03-24T14:33:36.0259585Z [INFO] Compiling 2 source files to /home/runner/work/keycloak/keycloak/tests/custom-providers/target/classes
Store IT (mysql)	Run new base tests	2025-03-24T14:33:36.1285958Z [INFO] 
Store IT (mysql)	Run new base tests	2025-03-24T14:33:36.1292700Z [INFO] --- resources:3.2.0:testResources (default-testResources) @ keycloak-tests-custom-providers ---
Store IT (mysql)	Run new base tests	2025-03-24T14:33:36.1321932Z [INFO] Using 'UTF-8' encoding to copy filtered resources.
Store IT (mysql)	Run new base tests	2025-03-24T14:33:36.1326818Z [INFO] Using 'UTF-8' encoding to copy filtered properties files.
Store IT (mysql)	Run new base tests	2025-03-24T14:33:36.1335677Z [INFO] skip non existing resourceDirectory /home/runner/work/keycloak/keycloak/tests/custom-providers/src/test/resources
Store IT (mysql)	Run new base tests	2025-03-24T14:33:36.1337512Z [INFO] 
Store IT (mysql)	Run new base tests	2025-03-24T14:33:36.1338492Z [INFO] --- compiler:3.8.1:testCompile (default-testCompile) @ keycloak-tests-custom-providers ---
Store IT (mysql)	Run new base tests	2025-03-24T14:33:36.1370798Z [INFO] No sources to compile
Store IT (mysql)	Run new base tests	2025-03-24T14:33:36.1371515Z [INFO] 
Store IT (mysql)	Run new base tests	2025-03-24T14:33:36.1372292Z [INFO] --- surefire:3.0.0-M7:test (default-test) @ keycloak-tests-custom-providers ---
Store IT (mysql)	Run new base tests	2025-03-24T14:33:36.1411284Z [INFO] No tests to run.
Store IT (mysql)	Run new base tests	2025-03-24T14:33:36.1424991Z [INFO] 
Store IT (mysql)	Run new base tests	2025-03-24T14:33:36.1439159Z [INFO] --- jar:3.1.2:jar (default-jar) @ keycloak-tests-custom-providers ---
Store IT (mysql)	Run new base tests	2025-03-24T14:33:36.1498024Z [INFO] Building jar: /home/runner/work/keycloak/keycloak/tests/custom-providers/target/keycloak-tests-custom-providers-999.0.0-SNAPSHOT.jar
Store IT (mysql)	Run new base tests	2025-03-24T14:33:36.1869927Z [INFO] 
Store IT (mysql)	Run new base tests	2025-03-24T14:33:36.1871240Z [INFO] --- source:3.1.0:jar-no-fork (attach-sources) @ keycloak-tests-custom-providers ---
Store IT (mysql)	Run new base tests	2025-03-24T14:33:36.2032562Z [INFO] Building jar: /home/runner/work/keycloak/keycloak/tests/custom-providers/target/keycloak-tests-custom-providers-999.0.0-SNAPSHOT-sources.jar
Store IT (mysql)	Run new base tests	2025-03-24T14:33:36.2179765Z [INFO] 
Store IT (mysql)	Run new base tests	2025-03-24T14:33:36.2181011Z [INFO] ---------------< org.keycloak.tests:keycloak-tests-base >---------------
Store IT (mysql)	Run new base tests	2025-03-24T14:33:36.2182120Z [INFO] Building New Keycloak Base Testsuite 999.0.0-SNAPSHOT              [5/5]
Store IT (mysql)	Run new base tests	2025-03-24T14:33:36.2182956Z [INFO]   from base/pom.xml
Store IT (mysql)	Run new base tests	2025-03-24T14:33:36.2183721Z [INFO] --------------------------------[ jar ]---------------------------------
Store IT (mysql)	Run new base tests	2025-03-24T14:33:36.6773858Z [INFO] 
Store IT (mysql)	Run new base tests	2025-03-24T14:33:36.6777537Z [INFO] --- enforcer:3.0.0-M3:enforce (enforce-java-version) @ keycloak-tests-base ---
Store IT (mysql)	Run new base tests	2025-03-24T14:33:36.6796450Z [INFO] 
Store IT (mysql)	Run new base tests	2025-03-24T14:33:36.6799216Z [INFO] --- enforcer:3.0.0-M3:enforce (enforce-maven-version) @ keycloak-tests-base ---
Store IT (mysql)	Run new base tests	2025-03-24T14:33:36.6805626Z [INFO] 
Store IT (mysql)	Run new base tests	2025-03-24T14:33:36.6806486Z [INFO] --- buildnumber:1.4:create (get-scm-revision) @ keycloak-tests-base ---
Store IT (mysql)	Run new base tests	2025-03-24T14:33:36.6807230Z [INFO] 
Store IT (mysql)	Run new base tests	2025-03-24T14:33:36.6808723Z [INFO] --- resources:3.2.0:resources (default-resources) @ keycloak-tests-base ---
Store IT (mysql)	Run new base tests	2025-03-24T14:33:36.6818933Z [INFO] Using 'UTF-8' encoding to copy filtered resources.
Store IT (mysql)	Run new base tests	2025-03-24T14:33:36.6820699Z [INFO] Using 'UTF-8' encoding to copy filtered properties files.
Store IT (mysql)	Run new base tests	2025-03-24T14:33:36.6822016Z [INFO] skip non existing resourceDirectory /home/runner/work/keycloak/keycloak/tests/base/src/main/resources
Store IT (mysql)	Run new base tests	2025-03-24T14:33:36.6825824Z [INFO] 
Store IT (mysql)	Run new base tests	2025-03-24T14:33:36.6826581Z [INFO] --- compiler:3.8.1:compile (default-compile) @ keycloak-tests-base ---
Store IT (mysql)	Run new base tests	2025-03-24T14:33:36.6846834Z [INFO] No sources to compile
Store IT (mysql)	Run new base tests	2025-03-24T14:33:36.6847279Z [INFO] 
Store IT (mysql)	Run new base tests	2025-03-24T14:33:36.6847863Z [INFO] --- resources:3.2.0:testResources (default-testResources) @ keycloak-tests-base ---
Store IT (mysql)	Run new base tests	2025-03-24T14:33:36.6848686Z [INFO] Using 'UTF-8' encoding to copy filtered resources.
Store IT (mysql)	Run new base tests	2025-03-24T14:33:36.6849948Z [INFO] Using 'UTF-8' encoding to copy filtered properties files.
Store IT (mysql)	Run new base tests	2025-03-24T14:33:36.6863755Z [INFO] Copying 6 resources
Store IT (mysql)	Run new base tests	2025-03-24T14:33:36.6890946Z [INFO] 
Store IT (mysql)	Run new base tests	2025-03-24T14:33:36.6893995Z [INFO] --- compiler:3.8.1:testCompile (default-testCompile) @ keycloak-tests-base ---
Store IT (mysql)	Run new base tests	2025-03-24T14:33:36.7017998Z [INFO] Changes detected - recompiling the module!
Store IT (mysql)	Run new base tests	2025-03-24T14:33:36.7024071Z [INFO] Compiling 73 source files to /home/runner/work/keycloak/keycloak/tests/base/target/test-classes
Store IT (mysql)	Run new base tests	2025-03-24T14:33:39.1644812Z [INFO] Annotation processing is enabled because one or more processors were found
Store IT (mysql)	Run new base tests	2025-03-24T14:33:39.1670579Z   on the class path. A future release of javac may disable annotation processing
Store IT (mysql)	Run new base tests	2025-03-24T14:33:39.1671521Z   unless at least one processor is specified by name (-processor), or a search
Store IT (mysql)	Run new base tests	2025-03-24T14:33:39.1672412Z   path is specified (--processor-path, --processor-module-path), or annotation
Store IT (mysql)	Run new base tests	2025-03-24T14:33:39.1673238Z   processing is enabled explicitly (-proc:only, -proc:full).
Store IT (mysql)	Run new base tests	2025-03-24T14:33:39.1673877Z   Use -Xlint:-options to suppress this message.
Store IT (mysql)	Run new base tests	2025-03-24T14:33:39.1674434Z   Use -proc:none to disable annotation processing.
Store IT (mysql)	Run new base tests	2025-03-24T14:33:39.1676726Z [WARNING] /home/runner/work/keycloak/keycloak/tests/base/src/test/java/org/keycloak/tests/admin/RealmLocalizationResourceTest.java:[77,73] getRealmLocalizationTexts(java.lang.String,java.lang.Boolean) in org.keycloak.admin.client.resource.RealmLocalizationResource has been deprecated
Store IT (mysql)	Run new base tests	2025-03-24T14:33:39.1679974Z [WARNING] /home/runner/work/keycloak/keycloak/tests/base/src/test/java/org/keycloak/tests/admin/client/AbstractClientScopeTest.java:[38,59] unchecked conversion
Store IT (mysql)	Run new base tests	2025-03-24T14:33:39.1681619Z   required: java.util.Map<java.lang.String,java.lang.String>
Store IT (mysql)	Run new base tests	2025-03-24T14:33:39.1682200Z   found:    java.util.Map
Store IT (mysql)	Run new base tests	2025-03-24T14:33:39.1684180Z [WARNING] /home/runner/work/keycloak/keycloak/tests/base/src/test/java/org/keycloak/tests/admin/InitialAccessTokenResourceTest.java:[157,45] removeExpired(org.keycloak.models.RealmModel) in org.keycloak.sessions.AuthenticationSessionProvider has been deprecated
Store IT (mysql)	Run new base tests	2025-03-24T14:33:39.1686211Z [INFO] 
Store IT (mysql)	Run new base tests	2025-03-24T14:33:39.1686724Z [INFO] --- surefire:3.0.0-M7:test (default-test) @ keycloak-tests-base ---
Store IT (mysql)	Run new base tests	2025-03-24T14:33:39.1791290Z [INFO] Using auto detected provider org.apache.maven.surefire.junitplatform.JUnitPlatformProvider
Store IT (mysql)	Run new base tests	2025-03-24T14:33:39.4413412Z [INFO] Downloading from jboss-public-repository: https://repository.jboss.org/nexus/content/groups/public/org/apache/maven/surefire/surefire-junit-platform/3.0.0-M7/surefire-junit-platform-3.0.0-M7.jar
Store IT (mysql)	Run new base tests	2025-03-24T14:33:39.8944039Z [INFO] Downloading from central: https://repo.maven.apache.org/maven2/org/apache/maven/surefire/surefire-junit-platform/3.0.0-M7/surefire-junit-platform-3.0.0-M7.jar
Store IT (mysql)	Run new base tests	2025-03-24T14:33:39.9720513Z [INFO] Downloaded from central: https://repo.maven.apache.org/maven2/org/apache/maven/surefire/surefire-junit-platform/3.0.0-M7/surefire-junit-platform-3.0.0-M7.jar (26 kB at 341 kB/s)
Store IT (mysql)	Run new base tests	2025-03-24T14:33:39.9742086Z [INFO] Downloading from jboss-public-repository: https://repository.jboss.org/nexus/content/groups/public/org/apache/maven/surefire/surefire-junit-platform/3.0.0-M7/surefire-junit-platform-3.0.0-M7.pom
Store IT (mysql)	Run new base tests	2025-03-24T14:33:40.1676479Z [INFO] Downloading from central: https://repo.maven.apache.org/maven2/org/apache/maven/surefire/surefire-junit-platform/3.0.0-M7/surefire-junit-platform-3.0.0-M7.pom
Store IT (mysql)	Run new base tests	2025-03-24T14:33:40.1822621Z [INFO] Downloaded from central: https://repo.maven.apache.org/maven2/org/apache/maven/surefire/surefire-junit-platform/3.0.0-M7/surefire-junit-platform-3.0.0-M7.pom (5.3 kB at 378 kB/s)
Store IT (mysql)	Run new base tests	2025-03-24T14:33:40.1846667Z [INFO] Downloading from jboss-public-repository: https://repository.jboss.org/nexus/content/groups/public/org/apache/maven/surefire/surefire-providers/3.0.0-M7/surefire-providers-3.0.0-M7.pom
Store IT (mysql)	Run new base tests	2025-03-24T14:33:40.3024497Z [INFO] Downloading from central: https://repo.maven.apache.org/maven2/org/apache/maven/surefire/surefire-providers/3.0.0-M7/surefire-providers-3.0.0-M7.pom
Store IT (mysql)	Run new base tests	2025-03-24T14:33:40.3146252Z [INFO] Downloaded from central: https://repo.maven.apache.org/maven2/org/apache/maven/surefire/surefire-providers/3.0.0-M7/surefire-providers-3.0.0-M7.pom (2.5 kB at 211 kB/s)
Store IT (mysql)	Run new base tests	2025-03-24T14:33:40.3275841Z [INFO] Downloading from jboss-public-repository: https://repository.jboss.org/nexus/content/groups/public/org/apache/maven/surefire/common-java5/3.0.0-M7/common-java5-3.0.0-M7.pom
Store IT (mysql)	Run new base tests	2025-03-24T14:33:40.4574230Z [INFO] Downloading from central: https://repo.maven.apache.org/maven2/org/apache/maven/surefire/common-java5/3.0.0-M7/common-java5-3.0.0-M7.pom
Store IT (mysql)	Run new base tests	2025-03-24T14:33:40.4701944Z [INFO] Downloaded from central: https://repo.maven.apache.org/maven2/org/apache/maven/surefire/common-java5/3.0.0-M7/common-java5-3.0.0-M7.pom (2.7 kB at 224 kB/s)
Store IT (mysql)	Run new base tests	2025-03-24T14:33:40.5014298Z [INFO] Downloading from jboss-public-repository: https://repository.jboss.org/nexus/content/groups/public/org/junit/platform/junit-platform-launcher/1.3.2/junit-platform-launcher-1.3.2.pom
Store IT (mysql)	Run new base tests	2025-03-24T14:33:40.5867078Z [INFO] Downloading from central: https://repo.maven.apache.org/maven2/org/junit/platform/junit-platform-launcher/1.3.2/junit-platform-launcher-1.3.2.pom
Store IT (mysql)	Run new base tests	2025-03-24T14:33:40.5995800Z [INFO] Downloaded from central: https://repo.maven.apache.org/maven2/org/junit/platform/junit-platform-launcher/1.3.2/junit-platform-launcher-1.3.2.pom (2.2 kB at 171 kB/s)
Store IT (mysql)	Run new base tests	2025-03-24T14:33:40.6021799Z [INFO] Downloading from jboss-public-repository: https://repository.jboss.org/nexus/content/groups/public/org/apiguardian/apiguardian-api/1.0.0/apiguardian-api-1.0.0.pom
Store IT (mysql)	Run new base tests	2025-03-24T14:33:40.6887474Z [INFO] Downloading from central: https://repo.maven.apache.org/maven2/org/apiguardian/apiguardian-api/1.0.0/apiguardian-api-1.0.0.pom
Store IT (mysql)	Run new base tests	2025-03-24T14:33:40.7002295Z [INFO] Downloaded from central: https://repo.maven.apache.org/maven2/org/apiguardian/apiguardian-api/1.0.0/apiguardian-api-1.0.0.pom (1.2 kB at 106 kB/s)
Store IT (mysql)	Run new base tests	2025-03-24T14:33:40.7027412Z [INFO] Downloading from jboss-public-repository: https://repository.jboss.org/nexus/content/groups/public/org/junit/platform/junit-platform-engine/1.3.2/junit-platform-engine-1.3.2.pom
Store IT (mysql)	Run new base tests	2025-03-24T14:33:40.7887325Z [INFO] Downloading from central: https://repo.maven.apache.org/maven2/org/junit/platform/junit-platform-engine/1.3.2/junit-platform-engine-1.3.2.pom
Store IT (mysql)	Run new base tests	2025-03-24T14:33:40.8027396Z [INFO] Downloaded from central: https://repo.maven.apache.org/maven2/org/junit/platform/junit-platform-engine/1.3.2/junit-platform-engine-1.3.2.pom (2.4 kB at 171 kB/s)
Store IT (mysql)	Run new base tests	2025-03-24T14:33:40.8051270Z [INFO] Downloading from jboss-public-repository: https://repository.jboss.org/nexus/content/groups/public/org/junit/platform/junit-platform-commons/1.3.2/junit-platform-commons-1.3.2.pom
Store IT (mysql)	Run new base tests	2025-03-24T14:33:40.9097176Z [INFO] Downloading from central: https://repo.maven.apache.org/maven2/org/junit/platform/junit-platform-commons/1.3.2/junit-platform-commons-1.3.2.pom
Store IT (mysql)	Run new base tests	2025-03-24T14:33:40.9221090Z [INFO] Downloaded from central: https://repo.maven.apache.org/maven2/org/junit/platform/junit-platform-commons/1.3.2/junit-platform-commons-1.3.2.pom (2.0 kB at 168 kB/s)
Store IT (mysql)	Run new base tests	2025-03-24T14:33:40.9246959Z [INFO] Downloading from jboss-public-repository: https://repository.jboss.org/nexus/content/groups/public/org/opentest4j/opentest4j/1.1.1/opentest4j-1.1.1.pom
Store IT (mysql)	Run new base tests	2025-03-24T14:33:41.1212114Z [INFO] Downloading from central: https://repo.maven.apache.org/maven2/org/opentest4j/opentest4j/1.1.1/opentest4j-1.1.1.pom
Store IT (mysql)	Run new base tests	2025-03-24T14:33:41.1340818Z [INFO] Downloaded from central: https://repo.maven.apache.org/maven2/org/opentest4j/opentest4j/1.1.1/opentest4j-1.1.1.pom (1.7 kB at 129 kB/s)
Store IT (mysql)	Run new base tests	2025-03-24T14:33:41.1365464Z [INFO] Downloading from jboss-public-repository: https://repository.jboss.org/nexus/content/groups/public/org/junit/jupiter/junit-jupiter-engine/5.3.2/junit-jupiter-engine-5.3.2.pom
Store IT (mysql)	Run new base tests	2025-03-24T14:33:41.2433836Z [INFO] Downloading from central: https://repo.maven.apache.org/maven2/org/junit/jupiter/junit-jupiter-engine/5.3.2/junit-jupiter-engine-5.3.2.pom
Store IT (mysql)	Run new base tests	2025-03-24T14:33:41.2552808Z [INFO] Downloaded from central: https://repo.maven.apache.org/maven2/org/junit/jupiter/junit-jupiter-engine/5.3.2/junit-jupiter-engine-5.3.2.pom (2.4 kB at 200 kB/s)
Store IT (mysql)	Run new base tests	2025-03-24T14:33:41.2594389Z [INFO] Downloading from jboss-public-repository: https://repository.jboss.org/nexus/content/groups/public/org/junit/jupiter/junit-jupiter-api/5.3.2/junit-jupiter-api-5.3.2.pom
Store IT (mysql)	Run new base tests	2025-03-24T14:33:41.4519169Z [INFO] Downloading from central: https://repo.maven.apache.org/maven2/org/junit/jupiter/junit-jupiter-api/5.3.2/junit-jupiter-api-5.3.2.pom
Store IT (mysql)	Run new base tests	2025-03-24T14:33:41.4633870Z [INFO] Downloaded from central: https://repo.maven.apache.org/maven2/org/junit/jupiter/junit-jupiter-api/5.3.2/junit-jupiter-api-5.3.2.pom (2.4 kB at 198 kB/s)
Store IT (mysql)	Run new base tests	2025-03-24T14:33:41.4662992Z [INFO] Downloading from jboss-public-repository: https://repository.jboss.org/nexus/content/groups/public/org/junit/jupiter/junit-jupiter-params/5.3.2/junit-jupiter-params-5.3.2.pom
Store IT (mysql)	Run new base tests	2025-03-24T14:33:41.5572918Z [INFO] Downloading from central: https://repo.maven.apache.org/maven2/org/junit/jupiter/junit-jupiter-params/5.3.2/junit-jupiter-params-5.3.2.pom
Store IT (mysql)	Run new base tests	2025-03-24T14:33:41.5686469Z [INFO] Downloaded from central: https://repo.maven.apache.org/maven2/org/junit/jupiter/junit-jupiter-params/5.3.2/junit-jupiter-params-5.3.2.pom (2.2 kB at 200 kB/s)
Store IT (mysql)	Run new base tests	2025-03-24T14:33:41.5713834Z [INFO] Downloading from jboss-public-repository: https://repository.jboss.org/nexus/content/groups/public/org/mockito/mockito-core/2.28.2/mockito-core-2.28.2.pom
Store IT (mysql)	Run new base tests	2025-03-24T14:33:41.6742147Z [INFO] Downloading from central: https://repo.maven.apache.org/maven2/org/mockito/mockito-core/2.28.2/mockito-core-2.28.2.pom
Store IT (mysql)	Run new base tests	2025-03-24T14:33:41.6867631Z [INFO] Downloaded from central: https://repo.maven.apache.org/maven2/org/mockito/mockito-core/2.28.2/mockito-core-2.28.2.pom (20 kB at 1.5 MB/s)
Store IT (mysql)	Run new base tests	2025-03-24T14:33:41.6907357Z [INFO] Downloading from jboss-public-repository: https://repository.jboss.org/nexus/content/groups/public/net/bytebuddy/byte-buddy/1.9.10/byte-buddy-1.9.10.pom
Store IT (mysql)	Run new base tests	2025-03-24T14:33:41.7751349Z [INFO] Downloading from central: https://repo.maven.apache.org/maven2/net/bytebuddy/byte-buddy/1.9.10/byte-buddy-1.9.10.pom
Store IT (mysql)	Run new base tests	2025-03-24T14:33:41.7871673Z [INFO] Downloaded from central: https://repo.maven.apache.org/maven2/net/bytebuddy/byte-buddy/1.9.10/byte-buddy-1.9.10.pom (10 kB at 860 kB/s)
Store IT (mysql)	Run new base tests	2025-03-24T14:33:41.7888732Z [INFO] Downloading from jboss-public-repository: https://repository.jboss.org/nexus/content/groups/public/net/bytebuddy/byte-buddy-parent/1.9.10/byte-buddy-parent-1.9.10.pom
Store IT (mysql)	Run new base tests	2025-03-24T14:33:41.9399114Z [INFO] Downloading from central: https://repo.maven.apache.org/maven2/net/bytebuddy/byte-buddy-parent/1.9.10/byte-buddy-parent-1.9.10.pom
Store IT (mysql)	Run new base tests	2025-03-24T14:33:41.9535279Z [INFO] Downloaded from central: https://repo.maven.apache.org/maven2/net/bytebuddy/byte-buddy-parent/1.9.10/byte-buddy-parent-1.9.10.pom (36 kB at 2.6 MB/s)
Store IT (mysql)	Run new base tests	2025-03-24T14:33:41.9589233Z [INFO] Downloading from jboss-public-repository: https://repository.jboss.org/nexus/content/groups/public/net/bytebuddy/byte-buddy-agent/1.9.10/byte-buddy-agent-1.9.10.pom
Store IT (mysql)	Run new base tests	2025-03-24T14:33:42.0436827Z [INFO] Downloading from central: https://repo.maven.apache.org/maven2/net/bytebuddy/byte-buddy-agent/1.9.10/byte-buddy-agent-1.9.10.pom
Store IT (mysql)	Run new base tests	2025-03-24T14:33:42.0554407Z [INFO] Downloaded from central: https://repo.maven.apache.org/maven2/net/bytebuddy/byte-buddy-agent/1.9.10/byte-buddy-agent-1.9.10.pom (6.0 kB at 503 kB/s)
Store IT (mysql)	Run new base tests	2025-03-24T14:33:42.0630559Z [INFO] Downloading from jboss-public-repository: https://repository.jboss.org/nexus/content/groups/public/org/powermock/powermock-reflect/2.0.9/powermock-reflect-2.0.9.pom
Store IT (mysql)	Run new base tests	2025-03-24T14:33:42.2004816Z [INFO] Downloading from central: https://repo.maven.apache.org/maven2/org/powermock/powermock-reflect/2.0.9/powermock-reflect-2.0.9.pom
Store IT (mysql)	Run new base tests	2025-03-24T14:33:42.2116393Z [INFO] Downloaded from central: https://repo.maven.apache.org/maven2/org/powermock/powermock-reflect/2.0.9/powermock-reflect-2.0.9.pom (7.9 kB at 716 kB/s)
Store IT (mysql)	Run new base tests	2025-03-24T14:33:42.2136640Z [INFO] Downloading from jboss-public-repository: https://repository.jboss.org/nexus/content/groups/public/net/bytebuddy/byte-buddy/1.10.14/byte-buddy-1.10.14.pom
Store IT (mysql)	Run new base tests	2025-03-24T14:33:42.3284103Z [INFO] Downloading from central: https://repo.maven.apache.org/maven2/net/bytebuddy/byte-buddy/1.10.14/byte-buddy-1.10.14.pom
Store IT (mysql)	Run new base tests	2025-03-24T14:33:42.3400754Z [INFO] Downloaded from central: https://repo.maven.apache.org/maven2/net/bytebuddy/byte-buddy/1.10.14/byte-buddy-1.10.14.pom (11 kB at 1.0 MB/s)
Store IT (mysql)	Run new base tests	2025-03-24T14:33:42.3417453Z [INFO] Downloading from jboss-public-repository: https://repository.jboss.org/nexus/content/groups/public/net/bytebuddy/byte-buddy-parent/1.10.14/byte-buddy-parent-1.10.14.pom
Store IT (mysql)	Run new base tests	2025-03-24T14:33:42.4263736Z [INFO] Downloading from central: https://repo.maven.apache.org/maven2/net/bytebuddy/byte-buddy-parent/1.10.14/byte-buddy-parent-1.10.14.pom
Store IT (mysql)	Run new base tests	2025-03-24T14:33:42.4402687Z [INFO] Downloaded from central: https://repo.maven.apache.org/maven2/net/bytebuddy/byte-buddy-parent/1.10.14/byte-buddy-parent-1.10.14.pom (41 kB at 2.9 MB/s)
Store IT (mysql)	Run new base tests	2025-03-24T14:33:42.4463653Z [INFO] Downloading from jboss-public-repository: https://repository.jboss.org/nexus/content/groups/public/net/bytebuddy/byte-buddy-agent/1.10.14/byte-buddy-agent-1.10.14.pom
Store IT (mysql)	Run new base tests	2025-03-24T14:33:42.5303506Z [INFO] Downloading from central: https://repo.maven.apache.org/maven2/net/bytebuddy/byte-buddy-agent/1.10.14/byte-buddy-agent-1.10.14.pom
Store IT (mysql)	Run new base tests	2025-03-24T14:33:42.5419058Z [INFO] Downloaded from central: https://repo.maven.apache.org/maven2/net/bytebuddy/byte-buddy-agent/1.10.14/byte-buddy-agent-1.10.14.pom (9.6 kB at 870 kB/s)
Store IT (mysql)	Run new base tests	2025-03-24T14:33:42.5472371Z [INFO] Downloading from jboss-public-repository: https://repository.jboss.org/nexus/content/groups/public/org/hamcrest/hamcrest-library/1.3/hamcrest-library-1.3.pom
Store IT (mysql)	Run new base tests	2025-03-24T14:33:42.6609901Z [INFO] Downloading from central: https://repo.maven.apache.org/maven2/org/hamcrest/hamcrest-library/1.3/hamcrest-library-1.3.pom
Store IT (mysql)	Run new base tests	2025-03-24T14:33:42.6719748Z [INFO] Downloaded from central: https://repo.maven.apache.org/maven2/org/hamcrest/hamcrest-library/1.3/hamcrest-library-1.3.pom (820 B at 75 kB/s)
Store IT (mysql)	Run new base tests	2025-03-24T14:33:42.6762498Z [INFO] Downloading from jboss-public-repository: https://repository.jboss.org/nexus/content/groups/public/org/assertj/assertj-core/3.22.0/assertj-core-3.22.0.pom
Store IT (mysql)	Run new base tests	2025-03-24T14:33:43.0957352Z [INFO] Downloading from central: https://repo.maven.apache.org/maven2/org/assertj/assertj-core/3.22.0/assertj-core-3.22.0.pom
Store IT (mysql)	Run new base tests	2025-03-24T14:33:43.1073220Z [INFO] Downloaded from central: https://repo.maven.apache.org/maven2/org/assertj/assertj-core/3.22.0/assertj-core-3.22.0.pom (31 kB at 2.6 MB/s)
Store IT (mysql)	Run new base tests	2025-03-24T14:33:43.1091856Z [INFO] Downloading from jboss-public-repository: https://repository.jboss.org/nexus/content/groups/public/org/assertj/assertj-parent-pom/2.2.14/assertj-parent-pom-2.2.14.pom
Store IT (mysql)	Run new base tests	2025-03-24T14:33:43.2125071Z [INFO] Downloading from central: https://repo.maven.apache.org/maven2/org/assertj/assertj-parent-pom/2.2.14/assertj-parent-pom-2.2.14.pom
Store IT (mysql)	Run new base tests	2025-03-24T14:33:43.2246330Z [INFO] Downloaded from central: https://repo.maven.apache.org/maven2/org/assertj/assertj-parent-pom/2.2.14/assertj-parent-pom-2.2.14.pom (25 kB at 2.0 MB/s)
Store IT (mysql)	Run new base tests	2025-03-24T14:33:43.2272352Z [INFO] Downloading from jboss-public-repository: https://repository.jboss.org/nexus/content/groups/public/org/junit/junit-bom/5.8.2/junit-bom-5.8.2.pom
Store IT (mysql)	Run new base tests	2025-03-24T14:33:43.3131775Z [INFO] Downloading from central: https://repo.maven.apache.org/maven2/org/junit/junit-bom/5.8.2/junit-bom-5.8.2.pom
Store IT (mysql)	Run new base tests	2025-03-24T14:33:43.3241674Z [INFO] Downloaded from central: https://repo.maven.apache.org/maven2/org/junit/junit-bom/5.8.2/junit-bom-5.8.2.pom (5.6 kB at 512 kB/s)
Store IT (mysql)	Run new base tests	2025-03-24T14:33:43.3270186Z [INFO] Downloading from jboss-public-repository: https://repository.jboss.org/nexus/content/groups/public/org/junit/junit-bom/5.8.0/junit-bom-5.8.0.pom
Store IT (mysql)	Run new base tests	2025-03-24T14:33:43.4473741Z [INFO] Downloading from central: https://repo.maven.apache.org/maven2/org/junit/junit-bom/5.8.0/junit-bom-5.8.0.pom
Store IT (mysql)	Run new base tests	2025-03-24T14:33:43.4579056Z [INFO] Downloaded from central: https://repo.maven.apache.org/maven2/org/junit/junit-bom/5.8.0/junit-bom-5.8.0.pom (5.6 kB at 563 kB/s)
Store IT (mysql)	Run new base tests	2025-03-24T14:33:43.4612973Z [INFO] Downloading from jboss-public-repository: https://repository.jboss.org/nexus/content/groups/public/org/junit/platform/junit-platform-launcher/1.3.2/junit-platform-launcher-1.3.2.jar
Store IT (mysql)	Run new base tests	2025-03-24T14:33:43.4615534Z [INFO] Downloading from jboss-public-repository: https://repository.jboss.org/nexus/content/groups/public/org/apiguardian/apiguardian-api/1.0.0/apiguardian-api-1.0.0.jar
Store IT (mysql)	Run new base tests	2025-03-24T14:33:43.4619127Z [INFO] Downloading from jboss-public-repository: https://repository.jboss.org/nexus/content/groups/public/org/junit/platform/junit-platform-commons/1.3.2/junit-platform-commons-1.3.2.jar
Store IT (mysql)	Run new base tests	2025-03-24T14:33:43.4621429Z [INFO] Downloading from jboss-public-repository: https://repository.jboss.org/nexus/content/groups/public/org/apache/maven/surefire/common-java5/3.0.0-M7/common-java5-3.0.0-M7.jar
Store IT (mysql)	Run new base tests	2025-03-24T14:33:43.4622813Z [INFO] Downloading from jboss-public-repository: https://repository.jboss.org/nexus/content/groups/public/org/junit/platform/junit-platform-engine/1.3.2/junit-platform-engine-1.3.2.jar
Store IT (mysql)	Run new base tests	2025-03-24T14:33:43.5564317Z [INFO] Downloading from central: https://repo.maven.apache.org/maven2/org/apache/maven/surefire/common-java5/3.0.0-M7/common-java5-3.0.0-M7.jar
Store IT (mysql)	Run new base tests	2025-03-24T14:33:43.5600772Z [INFO] Downloading from central: https://repo.maven.apache.org/maven2/org/junit/platform/junit-platform-launcher/1.3.2/junit-platform-launcher-1.3.2.jar
Store IT (mysql)	Run new base tests	2025-03-24T14:33:43.5691574Z [INFO] Downloaded from central: https://repo.maven.apache.org/maven2/org/apache/maven/surefire/common-java5/3.0.0-M7/common-java5-3.0.0-M7.jar (17 kB at 1.4 MB/s)
Store IT (mysql)	Run new base tests	2025-03-24T14:33:43.5711417Z [INFO] Downloading from jboss-public-repository: https://repository.jboss.org/nexus/content/groups/public/org/opentest4j/opentest4j/1.1.1/opentest4j-1.1.1.jar
Store IT (mysql)	Run new base tests	2025-03-24T14:33:43.5890543Z [INFO] Downloading from central: https://repo.maven.apache.org/maven2/org/junit/platform/junit-platform-engine/1.3.2/junit-platform-engine-1.3.2.jar
Store IT (mysql)	Run new base tests	2025-03-24T14:33:43.6010168Z [INFO] Downloaded from central: https://repo.maven.apache.org/maven2/org/junit/platform/junit-platform-launcher/1.3.2/junit-platform-launcher-1.3.2.jar (95 kB at 2.3 MB/s)
Store IT (mysql)	Run new base tests	2025-03-24T14:33:43.6093501Z [INFO] Downloaded from central: https://repo.maven.apache.org/maven2/org/junit/platform/junit-platform-engine/1.3.2/junit-platform-engine-1.3.2.jar (138 kB at 6.6 MB/s)
Store IT (mysql)	Run new base tests	2025-03-24T14:33:43.6918916Z [INFO] Downloading from central: https://repo.maven.apache.org/maven2/org/apiguardian/apiguardian-api/1.0.0/apiguardian-api-1.0.0.jar
Store IT (mysql)	Run new base tests	2025-03-24T14:33:43.6996963Z [INFO] Downloading from central: https://repo.maven.apache.org/maven2/org/junit/platform/junit-platform-commons/1.3.2/junit-platform-commons-1.3.2.jar
Store IT (mysql)	Run new base tests	2025-03-24T14:33:43.7004861Z [INFO] Downloading from central: https://repo.maven.apache.org/maven2/org/opentest4j/opentest4j/1.1.1/opentest4j-1.1.1.jar
Store IT (mysql)	Run new base tests	2025-03-24T14:33:43.7031101Z [INFO] Downloaded from central: https://repo.maven.apache.org/maven2/org/apiguardian/apiguardian-api/1.0.0/apiguardian-api-1.0.0.jar (2.2 kB at 180 kB/s)
Store IT (mysql)	Run new base tests	2025-03-24T14:33:43.7133201Z [INFO] Downloaded from central: https://repo.maven.apache.org/maven2/org/junit/platform/junit-platform-commons/1.3.2/junit-platform-commons-1.3.2.jar (78 kB at 5.6 MB/s)
Store IT (mysql)	Run new base tests	2025-03-24T14:33:43.7308896Z [INFO] Downloaded from central: https://repo.maven.apache.org/maven2/org/opentest4j/opentest4j/1.1.1/opentest4j-1.1.1.jar (7.1 kB at 237 kB/s)
Store IT (mysql)	Run new base tests	2025-03-24T14:33:43.7497145Z [INFO] 
Store IT (mysql)	Run new base tests	2025-03-24T14:33:43.7498087Z [INFO] -------------------------------------------------------
Store IT (mysql)	Run new base tests	2025-03-24T14:33:43.7498570Z [INFO]  T E S T S
Store IT (mysql)	Run new base tests	2025-03-24T14:33:43.7498988Z [INFO] -------------------------------------------------------
Store IT (mysql)	Run new base tests	2025-03-24T14:33:45.0487474Z [INFO] Running org.keycloak.tests.suites.DatabaseTestSuite
Store IT (mysql)	Run new base tests	2025-03-24T14:33:45.0748544Z [INFO] Running org.keycloak.tests.admin.InitialAccessTokenResourceTest
Store IT (mysql)	Run new base tests	2025-03-24T14:33:45.1147801Z 2025-03-24 14:33:45,085 INFO  [testinfo] (main) ----------------------------------------------------------------
Store IT (mysql)	Run new base tests	2025-03-24T14:33:45.1152641Z 2025-03-24 14:33:45,092 INFO  [testinfo] (main)    RUNNING - org.keycloak.tests.admin.InitialAccessTokenResourceTest
Store IT (mysql)	Run new base tests	2025-03-24T14:34:01.4168675Z 2025-03-24 14:34:01,411 WARN  [managed.db.mysql] (docker-java-stream--805953108) 2025-03-24T14:34:01.407317Z 0 [System] [MY-015017] [Server] MySQL Server Initialization - start.
Store IT (mysql)	Run new base tests	2025-03-24T14:34:01.4172019Z 2025-03-24 14:34:01,411 WARN  [managed.db.mysql] (docker-java-stream--805953108) 2025-03-24T14:34:01.408705Z 0 [System] [MY-013169] [Server] /usr/sbin/mysqld (mysqld 8.4.4) initializing of server in progress as process 80
Store IT (mysql)	Run new base tests	2025-03-24T14:34:01.4174883Z 2025-03-24 14:34:01,412 WARN  [managed.db.mysql] (docker-java-stream--805953108) 2025-03-24T14:34:01.412741Z 0 [Warning] [MY-013907] [InnoDB] Deprecated configuration parameters innodb_log_file_size and/or innodb_log_files_in_group have been used to compute innodb_redo_log_capacity=10485760. Please use innodb_redo_log_capacity instead.
Store IT (mysql)	Run new base tests	2025-03-24T14:34:01.4177605Z 2025-03-24 14:34:01,414 WARN  [managed.db.mysql] (docker-java-stream--805953108) 2025-03-24T14:34:01.414326Z 1 [System] [MY-013576] [InnoDB] InnoDB initialization has started.
Store IT (mysql)	Run new base tests	2025-03-24T14:34:01.6168781Z 2025-03-24 14:34:01,582 WARN  [managed.db.mysql] (docker-java-stream--805953108) 2025-03-24T14:34:01.582168Z 1 [System] [MY-013577] [InnoDB] InnoDB initialization has ended.
Store IT (mysql)	Run new base tests	2025-03-24T14:34:02.4179650Z 2025-03-24 14:34:02,327 WARN  [managed.db.mysql] (docker-java-stream--805953108) 2025-03-24T14:34:02.327374Z 6 [Warning] [MY-010453] [Server] root@localhost is created with an empty password ! Please consider switching off the --initialize-insecure option.
Store IT (mysql)	Run new base tests	2025-03-24T14:34:04.4211575Z 2025-03-24 14:34:04,330 WARN  [managed.db.mysql] (docker-java-stream--805953108) 2025-03-24T14:34:04.330218Z 0 [System] [MY-015018] [Server] MySQL Server Initialization - end.
Store IT (mysql)	Run new base tests	2025-03-24T14:34:04.6215815Z 2025-03-24 14:34:04,543 WARN  [managed.db.mysql] (docker-java-stream--805953108) 2025-03-24T14:34:04.368815Z 0 [System] [MY-015015] [Server] MySQL Server - start.
Store IT (mysql)	Run new base tests	2025-03-24T14:34:04.6218242Z 2025-03-24 14:34:04,543 WARN  [managed.db.mysql] (docker-java-stream--805953108) 2025-03-24T14:34:04.537094Z 0 [System] [MY-010116] [Server] /usr/sbin/mysqld (mysqld 8.4.4) starting as process 121
Store IT (mysql)	Run new base tests	2025-03-24T14:34:04.6221252Z 2025-03-24 14:34:04,545 WARN  [managed.db.mysql] (docker-java-stream--805953108) 2025-03-24T14:34:04.545132Z 0 [Warning] [MY-013907] [InnoDB] Deprecated configuration parameters innodb_log_file_size and/or innodb_log_files_in_group have been used to compute innodb_redo_log_capacity=10485760. Please use innodb_redo_log_capacity instead.
Store IT (mysql)	Run new base tests	2025-03-24T14:34:04.6223926Z 2025-03-24 14:34:04,546 WARN  [managed.db.mysql] (docker-java-stream--805953108) 2025-03-24T14:34:04.546648Z 1 [System] [MY-013576] [InnoDB] InnoDB initialization has started.
Store IT (mysql)	Run new base tests	2025-03-24T14:34:04.7215370Z 2025-03-24 14:34:04,676 WARN  [managed.db.mysql] (docker-java-stream--805953108) 2025-03-24T14:34:04.676279Z 1 [System] [MY-013577] [InnoDB] InnoDB initialization has ended.
Store IT (mysql)	Run new base tests	2025-03-24T14:34:05.0221000Z 2025-03-24 14:34:04,953 WARN  [managed.db.mysql] (docker-java-stream--805953108) 2025-03-24T14:34:04.952766Z 0 [Warning] [MY-010068] [Server] CA certificate ca.pem is self signed.
Store IT (mysql)	Run new base tests	2025-03-24T14:34:05.0223204Z 2025-03-24 14:34:04,953 WARN  [managed.db.mysql] (docker-java-stream--805953108) 2025-03-24T14:34:04.952803Z 0 [System] [MY-013602] [Server] Channel mysql_main configured to support TLS. Encrypted connections are now supported for this channel.
Store IT (mysql)	Run new base tests	2025-03-24T14:34:05.0226033Z 2025-03-24 14:34:04,954 WARN  [managed.db.mysql] (docker-java-stream--805953108) 2025-03-24T14:34:04.954365Z 0 [Warning] [MY-011810] [Server] Insecure configuration for --pid-file: Location '/var/run/mysqld' in the path is accessible to all OS users. Consider choosing a different directory.
Store IT (mysql)	Run new base tests	2025-03-24T14:34:05.0228486Z 2025-03-24 14:34:04,979 WARN  [managed.db.mysql] (docker-java-stream--805953108) 2025-03-24T14:34:04.978895Z 0 [System] [MY-011323] [Server] X Plugin ready for connections. Socket: /var/run/mysqld/mysqlx.sock
Store IT (mysql)	Run new base tests	2025-03-24T14:34:05.0231305Z 2025-03-24 14:34:04,979 WARN  [managed.db.mysql] (docker-java-stream--805953108) 2025-03-24T14:34:04.978992Z 0 [System] [MY-010931] [Server] /usr/sbin/mysqld: ready for connections. Version: '8.4.4'  socket: '/var/run/mysqld/mysqld.sock'  port: 0  MySQL Community Server - GPL.
Store IT (mysql)	Run new base tests	2025-03-24T14:34:05.6227526Z 2025-03-24 14:34:05,594 WARN  [managed.db.mysql] (docker-java-stream--805953108) Warning: Unable to load '/usr/share/zoneinfo/iso3166.tab' as time zone. Skipping it.
Store IT (mysql)	Run new base tests	2025-03-24T14:34:05.6230667Z 2025-03-24 14:34:05,594 WARN  [managed.db.mysql] (docker-java-stream--805953108) Warning: Unable to load '/usr/share/zoneinfo/leap-seconds.list' as time zone. Skipping it.
Store IT (mysql)	Run new base tests	2025-03-24T14:34:05.6234751Z 2025-03-24 14:34:05,595 WARN  [managed.db.mysql] (docker-java-stream--805953108) Warning: Unable to load '/usr/share/zoneinfo/leapseconds' as time zone. Skipping it.
Store IT (mysql)	Run new base tests	2025-03-24T14:34:06.9245396Z 2025-03-24 14:34:06,850 WARN  [managed.db.mysql] (docker-java-stream--805953108) Warning: Unable to load '/usr/share/zoneinfo/tzdata.zi' as time zone. Skipping it.
Store IT (mysql)	Run new base tests	2025-03-24T14:34:06.9246470Z 2025-03-24 14:34:06,851 WARN  [managed.db.mysql] (docker-java-stream--805953108) Warning: Unable to load '/usr/share/zoneinfo/zone.tab' as time zone. Skipping it.
Store IT (mysql)	Run new base tests	2025-03-24T14:34:06.9248153Z 2025-03-24 14:34:06,851 WARN  [managed.db.mysql] (docker-java-stream--805953108) Warning: Unable to load '/usr/share/zoneinfo/zone1970.tab' as time zone. Skipping it.
Store IT (mysql)	Run new base tests	2025-03-24T14:34:07.0244912Z 2025-03-24 14:34:07,001 WARN  [managed.db.mysql] (docker-java-stream--805953108) 2025-03-24T14:34:07.001079Z 13 [System] [MY-013172] [Server] Received SHUTDOWN from user root. Shutting down mysqld (Version: 8.4.4).
Store IT (mysql)	Run new base tests	2025-03-24T14:34:08.4261096Z 2025-03-24 14:34:08,384 WARN  [managed.db.mysql] (docker-java-stream--805953108) 2025-03-24T14:34:08.384532Z 0 [System] [MY-010910] [Server] /usr/sbin/mysqld: Shutdown complete (mysqld 8.4.4)  MySQL Community Server - GPL.
Store IT (mysql)	Run new base tests	2025-03-24T14:34:08.4266514Z 2025-03-24 14:34:08,385 WARN  [managed.db.mysql] (docker-java-stream--805953108) 2025-03-24T14:34:08.384551Z 0 [System] [MY-015016] [Server] MySQL Server - end.
Store IT (mysql)	Run new base tests	2025-03-24T14:34:09.2273191Z 2025-03-24 14:34:09,188 WARN  [managed.db.mysql] (docker-java-stream--805953108) 2025-03-24T14:34:09.019958Z 0 [System] [MY-015015] [Server] MySQL Server - start.
Store IT (mysql)	Run new base tests	2025-03-24T14:34:09.2275364Z 2025-03-24 14:34:09,188 WARN  [managed.db.mysql] (docker-java-stream--805953108) 2025-03-24T14:34:09.186064Z 0 [System] [MY-010116] [Server] /usr/sbin/mysqld (mysqld 8.4.4) starting as process 1
Store IT (mysql)	Run new base tests	2025-03-24T14:34:09.2278693Z 2025-03-24 14:34:09,189 WARN  [managed.db.mysql] (docker-java-stream--805953108) 2025-03-24T14:34:09.189783Z 0 [Warning] [MY-013907] [InnoDB] Deprecated configuration parameters innodb_log_file_size and/or innodb_log_files_in_group have been used to compute innodb_redo_log_capacity=10485760. Please use innodb_redo_log_capacity instead.
Store IT (mysql)	Run new base tests	2025-03-24T14:34:09.2281869Z 2025-03-24 14:34:09,191 WARN  [managed.db.mysql] (docker-java-stream--805953108) 2025-03-24T14:34:09.191759Z 1 [System] [MY-013576] [InnoDB] InnoDB initialization has started.
Store IT (mysql)	Run new base tests	2025-03-24T14:34:09.3273342Z 2025-03-24 14:34:09,325 WARN  [managed.db.mysql] (docker-java-stream--805953108) 2025-03-24T14:34:09.325032Z 1 [System] [MY-013577] [InnoDB] InnoDB initialization has ended.
Store IT (mysql)	Run new base tests	2025-03-24T14:34:09.6277781Z 2025-03-24 14:34:09,594 WARN  [managed.db.mysql] (docker-java-stream--805953108) 2025-03-24T14:34:09.594486Z 0 [Warning] [MY-010068] [Server] CA certificate ca.pem is self signed.
Store IT (mysql)	Run new base tests	2025-03-24T14:34:09.6281222Z 2025-03-24 14:34:09,595 WARN  [managed.db.mysql] (docker-java-stream--805953108) 2025-03-24T14:34:09.594527Z 0 [System] [MY-013602] [Server] Channel mysql_main configured to support TLS. Encrypted connections are now supported for this channel.
Store IT (mysql)	Run new base tests	2025-03-24T14:34:09.6282851Z 2025-03-24 14:34:09,596 WARN  [managed.db.mysql] (docker-java-stream--805953108) 2025-03-24T14:34:09.596416Z 0 [Warning] [MY-011810] [Server] Insecure configuration for --pid-file: Location '/var/run/mysqld' in the path is accessible to all OS users. Consider choosing a different directory.
Store IT (mysql)	Run new base tests	2025-03-24T14:34:09.7278903Z 2025-03-24 14:34:09,627 WARN  [managed.db.mysql] (docker-java-stream--805953108) 2025-03-24T14:34:09.626659Z 0 [System] [MY-011323] [Server] X Plugin ready for connections. Bind-address: '::' port: 33060, socket: /var/run/mysqld/mysqlx.sock
Store IT (mysql)	Run new base tests	2025-03-24T14:34:09.7280675Z 2025-03-24 14:34:09,627 WARN  [managed.db.mysql] (docker-java-stream--805953108) 2025-03-24T14:34:09.626751Z 0 [System] [MY-010931] [Server] /usr/sbin/mysqld: ready for connections. Version: '8.4.4'  socket: '/var/run/mysqld/mysqld.sock'  port: 3306  MySQL Community Server - GPL.
Store IT (mysql)	Run new base tests	2025-03-24T14:34:26.0776900Z 2025-03-24 14:34:25,996 WARN  [managed.keycloak] (pool-2-thread-1) [liquibase.changelog.DatabaseChangeLog] (main) Due to mysql SQL limitations, modifyDataType will lose primary key/autoincrement/not null/comment settings explicitly redefined in the change. Use <sql> or <modifySql> to re-specify all configuration if this is the case
Store IT (mysql)	Run new base tests	2025-03-24T14:34:26.0781622Z 2025-03-24 14:34:25,996 WARN  [managed.keycloak] (pool-2-thread-1) [liquibase.changelog.DatabaseChangeLog] (main) Due to mysql SQL limitations, setNullable will lose primary key/autoincrement/not null/comment settings explicitly redefined in the change. Use <sql> or <modifySql> to re-specify all configuration if this is the case
Store IT (mysql)	Run new base tests	2025-03-24T14:34:26.5780709Z 2025-03-24 14:34:26,536 WARN  [managed.keycloak] (pool-2-thread-1) [liquibase.changelog.DatabaseChangeLog] (main) Due to mysql SQL limitations, modifyDataType will lose primary key/autoincrement/not null/comment settings explicitly redefined in the change. Use <sql> or <modifySql> to re-specify all configuration if this is the case
Store IT (mysql)	Run new base tests	2025-03-24T14:34:26.5786766Z 2025-03-24 14:34:26,536 WARN  [managed.keycloak] (pool-2-thread-1) [liquibase.changelog.DatabaseChangeLog] (main) Due to mysql SQL limitations, setNullable will lose primary key/autoincrement/not null/comment settings explicitly redefined in the change. Use <sql> or <modifySql> to re-specify all configuration if this is the case
Store IT (mysql)	Run new base tests	2025-03-24T14:34:26.6783120Z 2025-03-24 14:34:26,623 WARN  [managed.keycloak] (pool-2-thread-1) [liquibase.changelog.DatabaseChangeLog] (main) Due to mysql SQL limitations, modifyDataType will lose primary key/autoincrement/not null/comment settings explicitly redefined in the change. Use <sql> or <modifySql> to re-specify all configuration if this is the case
Store IT (mysql)	Run new base tests	2025-03-24T14:34:26.6790305Z 2025-03-24 14:34:26,623 WARN  [managed.keycloak] (pool-2-thread-1) [liquibase.changelog.DatabaseChangeLog] (main) Due to mysql SQL limitations, setNullable will lose primary key/autoincrement/not null/comment settings explicitly redefined in the change. Use <sql> or <modifySql> to re-specify all configuration if this is the case
Store IT (mysql)	Run new base tests	2025-03-24T14:34:37.5883179Z 2025-03-24 14:34:37,586 WARN  [managed.keycloak] (pool-2-thread-1) [liquibase.executor.jvm.JdbcExecutor] (main) NATIONAL/NCHAR/NVARCHAR implies the character set UTF8MB3, which will be replaced by UTF8MB4 in a future release. Please consider using CHAR(x) CHARACTER SET UTF8MB4 in order to be unambiguous.
Store IT (mysql)	Run new base tests	2025-03-24T14:34:37.6884860Z 2025-03-24 14:34:37,630 WARN  [managed.keycloak] (pool-2-thread-1) [liquibase.executor.jvm.JdbcExecutor] (main) NATIONAL/NCHAR/NVARCHAR implies the character set UTF8MB3, which will be replaced by UTF8MB4 in a future release. Please consider using CHAR(x) CHARACTER SET UTF8MB4 in order to be unambiguous.
Store IT (mysql)	Run new base tests	2025-03-24T14:34:37.6887480Z 2025-03-24 14:34:37,671 WARN  [managed.keycloak] (pool-2-thread-1) [liquibase.executor.jvm.JdbcExecutor] (main) NATIONAL/NCHAR/NVARCHAR implies the character set UTF8MB3, which will be replaced by UTF8MB4 in a future release. Please consider using CHAR(x) CHARACTER SET UTF8MB4 in order to be unambiguous.
Store IT (mysql)	Run new base tests	2025-03-24T14:34:37.7886144Z 2025-03-24 14:34:37,735 WARN  [managed.keycloak] (pool-2-thread-1) [liquibase.executor.jvm.JdbcExecutor] (main) NATIONAL/NCHAR/NVARCHAR implies the character set UTF8MB3, which will be replaced by UTF8MB4 in a future release. Please consider using CHAR(x) CHARACTER SET UTF8MB4 in order to be unambiguous.
Store IT (mysql)	Run new base tests	2025-03-24T14:34:37.8886675Z 2025-03-24 14:34:37,803 WARN  [managed.keycloak] (pool-2-thread-1) [liquibase.executor.jvm.JdbcExecutor] (main) NATIONAL/NCHAR/NVARCHAR implies the character set UTF8MB3, which will be replaced by UTF8MB4 in a future release. Please consider using CHAR(x) CHARACTER SET UTF8MB4 in order to be unambiguous.
Store IT (mysql)	Run new base tests	2025-03-24T14:34:37.8890242Z 2025-03-24 14:34:37,881 WARN  [managed.keycloak] (pool-2-thread-1) [liquibase.executor.jvm.JdbcExecutor] (main) NATIONAL/NCHAR/NVARCHAR implies the character set UTF8MB3, which will be replaced by UTF8MB4 in a future release. Please consider using CHAR(x) CHARACTER SET UTF8MB4 in order to be unambiguous.
Store IT (mysql)	Run new base tests	2025-03-24T14:34:37.9888088Z 2025-03-24 14:34:37,924 WARN  [managed.keycloak] (pool-2-thread-1) [liquibase.executor.jvm.JdbcExecutor] (main) NATIONAL/NCHAR/NVARCHAR implies the character set UTF8MB3, which will be replaced by UTF8MB4 in a future release. Please consider using CHAR(x) CHARACTER SET UTF8MB4 in order to be unambiguous.
Store IT (mysql)	Run new base tests	2025-03-24T14:34:37.9891839Z 2025-03-24 14:34:37,964 WARN  [managed.keycloak] (pool-2-thread-1) [liquibase.executor.jvm.JdbcExecutor] (main) NATIONAL/NCHAR/NVARCHAR implies the character set UTF8MB3, which will be replaced by UTF8MB4 in a future release. Please consider using CHAR(x) CHARACTER SET UTF8MB4 in order to be unambiguous.
Store IT (mysql)	Run new base tests	2025-03-24T14:34:38.0889267Z 2025-03-24 14:34:38,040 WARN  [managed.keycloak] (pool-2-thread-1) [liquibase.executor.jvm.JdbcExecutor] (main) NATIONAL/NCHAR/NVARCHAR implies the character set UTF8MB3, which will be replaced by UTF8MB4 in a future release. Please consider using CHAR(x) CHARACTER SET UTF8MB4 in order to be unambiguous.
Store IT (mysql)	Run new base tests	2025-03-24T14:34:38.0891997Z 2025-03-24 14:34:38,055 WARN  [managed.keycloak] (pool-2-thread-1) [liquibase.executor.jvm.JdbcExecutor] (main) NATIONAL/NCHAR/NVARCHAR implies the character set UTF8MB3, which will be replaced by UTF8MB4 in a future release. Please consider using CHAR(x) CHARACTER SET UTF8MB4 in order to be unambiguous.
Store IT (mysql)	Run new base tests	2025-03-24T14:34:38.1893407Z 2025-03-24 14:34:38,116 WARN  [managed.keycloak] (pool-2-thread-1) [liquibase.executor.jvm.JdbcExecutor] (main) NATIONAL/NCHAR/NVARCHAR implies the character set UTF8MB3, which will be replaced by UTF8MB4 in a future release. Please consider using CHAR(x) CHARACTER SET UTF8MB4 in order to be unambiguous.
Store IT (mysql)	Run new base tests	2025-03-24T14:34:38.1897104Z 2025-03-24 14:34:38,136 WARN  [managed.keycloak] (pool-2-thread-1) [liquibase.executor.jvm.JdbcExecutor] (main) NATIONAL/NCHAR/NVARCHAR implies the character set UTF8MB3, which will be replaced by UTF8MB4 in a future release. Please consider using CHAR(x) CHARACTER SET UTF8MB4 in order to be unambiguous.
Store IT (mysql)	Run new base tests	2025-03-24T14:34:38.1900444Z 2025-03-24 14:34:38,162 WARN  [managed.keycloak] (pool-2-thread-1) [liquibase.executor.jvm.JdbcExecutor] (main) NATIONAL/NCHAR/NVARCHAR implies the character set UTF8MB3, which will be replaced by UTF8MB4 in a future release. Please consider using CHAR(x) CHARACTER SET UTF8MB4 in order to be unambiguous.
Store IT (mysql)	Run new base tests	2025-03-24T14:34:38.1903875Z 2025-03-24 14:34:38,185 WARN  [managed.keycloak] (pool-2-thread-1) [liquibase.executor.jvm.JdbcExecutor] (main) NATIONAL/NCHAR/NVARCHAR implies the character set UTF8MB3, which will be replaced by UTF8MB4 in a future release. Please consider using CHAR(x) CHARACTER SET UTF8MB4 in order to be unambiguous.
Store IT (mysql)	Run new base tests	2025-03-24T14:34:38.2891613Z 2025-03-24 14:34:38,258 WARN  [managed.keycloak] (pool-2-thread-1) [liquibase.executor.jvm.JdbcExecutor] (main) NATIONAL/NCHAR/NVARCHAR implies the character set UTF8MB3, which will be replaced by UTF8MB4 in a future release. Please consider using CHAR(x) CHARACTER SET UTF8MB4 in order to be unambiguous.
Store IT (mysql)	Run new base tests	2025-03-24T14:34:38.3892635Z 2025-03-24 14:34:38,331 WARN  [managed.keycloak] (pool-2-thread-1) [liquibase.executor.jvm.JdbcExecutor] (main) NATIONAL/NCHAR/NVARCHAR implies the character set UTF8MB3, which will be replaced by UTF8MB4 in a future release. Please consider using CHAR(x) CHARACTER SET UTF8MB4 in order to be unambiguous.
Store IT (mysql)	Run new base tests	2025-03-24T14:34:38.4893381Z 2025-03-24 14:34:38,406 WARN  [managed.keycloak] (pool-2-thread-1) [liquibase.executor.jvm.JdbcExecutor] (main) NATIONAL/NCHAR/NVARCHAR implies the character set UTF8MB3, which will be replaced by UTF8MB4 in a future release. Please consider using CHAR(x) CHARACTER SET UTF8MB4 in order to be unambiguous.
Store IT (mysql)	Run new base tests	2025-03-24T14:34:44.1950358Z 2025-03-24 14:34:44,168 WARN  [managed.keycloak] (pool-2-thread-1) [liquibase.executor.jvm.JdbcExecutor] (main) NATIONAL/NCHAR/NVARCHAR implies the character set UTF8MB3, which will be replaced by UTF8MB4 in a future release. Please consider using CHAR(x) CHARACTER SET UTF8MB4 in order to be unambiguous.
Store IT (mysql)	Run new base tests	2025-03-24T14:34:46.3970894Z 2025-03-24 14:34:46,370 WARN  [managed.keycloak] (pool-2-thread-1) [liquibase.executor.jvm.JdbcExecutor] (main) 'utf8' is currently an alias for the character set UTF8MB3, but will be an alias for UTF8MB4 in a future release. Please consider using UTF8MB4 in order to be unambiguous.
Store IT (mysql)	Run new base tests	2025-03-24T14:34:46.4977598Z 2025-03-24 14:34:46,398 WARN  [managed.keycloak] (pool-2-thread-1) [liquibase.executor.jvm.JdbcExecutor] (main) 'utf8' is currently an alias for the character set UTF8MB3, but will be an alias for UTF8MB4 in a future release. Please consider using UTF8MB4 in order to be unambiguous.
Store IT (mysql)	Run new base tests	2025-03-24T14:34:46.5976483Z 2025-03-24 14:34:46,571 WARN  [managed.keycloak] (pool-2-thread-1) [liquibase.executor.jvm.JdbcExecutor] (main) 'utf8' is currently an alias for the character set UTF8MB3, but will be an alias for UTF8MB4 in a future release. Please consider using UTF8MB4 in order to be unambiguous.
Store IT (mysql)	Run new base tests	2025-03-24T14:34:46.5979314Z 2025-03-24 14:34:46,596 WARN  [managed.keycloak] (pool-2-thread-1) [liquibase.executor.jvm.JdbcExecutor] (main) 'utf8' is currently an alias for the character set UTF8MB3, but will be an alias for UTF8MB4 in a future release. Please consider using UTF8MB4 in order to be unambiguous.
Store IT (mysql)	Run new base tests	2025-03-24T14:34:46.6976021Z 2025-03-24 14:34:46,611 WARN  [managed.keycloak] (pool-2-thread-1) [liquibase.executor.jvm.JdbcExecutor] (main) 'utf8' is currently an alias for the character set UTF8MB3, but will be an alias for UTF8MB4 in a future release. Please consider using UTF8MB4 in order to be unambiguous.
Store IT (mysql)	Run new base tests	2025-03-24T14:34:46.7976903Z 2025-03-24 14:34:46,746 WARN  [managed.keycloak] (pool-2-thread-1) [liquibase.executor.jvm.JdbcExecutor] (main) 'utf8' is currently an alias for the character set UTF8MB3, but will be an alias for UTF8MB4 in a future release. Please consider using UTF8MB4 in order to be unambiguous.
Store IT (mysql)	Run new base tests	2025-03-24T14:34:46.7980637Z 2025-03-24 14:34:46,768 WARN  [managed.keycloak] (pool-2-thread-1) [liquibase.executor.jvm.JdbcExecutor] (main) 'utf8' is currently an alias for the character set UTF8MB3, but will be an alias for UTF8MB4 in a future release. Please consider using UTF8MB4 in order to be unambiguous.
Store IT (mysql)	Run new base tests	2025-03-24T14:34:46.9978368Z 2025-03-24 14:34:46,984 WARN  [managed.keycloak] (pool-2-thread-1) [liquibase.executor.jvm.JdbcExecutor] (main) 'utf8' is currently an alias for the character set UTF8MB3, but will be an alias for UTF8MB4 in a future release. Please consider using UTF8MB4 in order to be unambiguous.
Store IT (mysql)	Run new base tests	2025-03-24T14:34:47.0980189Z 2025-03-24 14:34:47,011 WARN  [managed.keycloak] (pool-2-thread-1) [liquibase.executor.jvm.JdbcExecutor] (main) 'utf8' is currently an alias for the character set UTF8MB3, but will be an alias for UTF8MB4 in a future release. Please consider using UTF8MB4 in order to be unambiguous.
Store IT (mysql)	Run new base tests	2025-03-24T14:34:47.0982336Z 2025-03-24 14:34:47,041 WARN  [managed.keycloak] (pool-2-thread-1) [liquibase.executor.jvm.JdbcExecutor] (main) 'utf8' is currently an alias for the character set UTF8MB3, but will be an alias for UTF8MB4 in a future release. Please consider using UTF8MB4 in order to be unambiguous.
Store IT (mysql)	Run new base tests	2025-03-24T14:34:47.0984698Z 2025-03-24 14:34:47,064 WARN  [managed.keycloak] (pool-2-thread-1) [liquibase.executor.jvm.JdbcExecutor] (main) 'utf8' is currently an alias for the character set UTF8MB3, but will be an alias for UTF8MB4 in a future release. Please consider using UTF8MB4 in order to be unambiguous.
Store IT (mysql)	Run new base tests	2025-03-24T14:34:47.0986685Z 2025-03-24 14:34:47,084 WARN  [managed.keycloak] (pool-2-thread-1) [liquibase.executor.jvm.JdbcExecutor] (main) 'utf8' is currently an alias for the character set UTF8MB3, but will be an alias for UTF8MB4 in a future release. Please consider using UTF8MB4 in order to be unambiguous.
Store IT (mysql)	Run new base tests	2025-03-24T14:34:48.3993508Z 2025-03-24 14:34:48,318 WARN  [managed.keycloak] (pool-2-thread-1) [liquibase.executor.jvm.JdbcExecutor] (main) 'utf8' is currently an alias for the character set UTF8MB3, but will be an alias for UTF8MB4 in a future release. Please consider using UTF8MB4 in order to be unambiguous.
Store IT (mysql)	Run new base tests	2025-03-24T14:35:00.3123107Z [INFO] Tests run: 3, Failures: 0, Errors: 0, Skipped: 0, Time elapsed: 75.113 s - in org.keycloak.tests.admin.InitialAccessTokenResourceTest
Store IT (mysql)	Run new base tests	2025-03-24T14:35:00.3127836Z [INFO] Running org.keycloak.tests.admin.partialexport.PartialExportTest
Store IT (mysql)	Run new base tests	2025-03-24T14:35:00.3129313Z 2025-03-24 14:35:00,194 INFO  [testinfo] (main) ----------------------------------------------------------------
Store IT (mysql)	Run new base tests	2025-03-24T14:35:00.3131137Z 2025-03-24 14:35:00,194 INFO  [testinfo] (main)    RUNNING - org.keycloak.tests.admin.partialexport.PartialExportTest
Store IT (mysql)	Run new base tests	2025-03-24T14:35:04.5030579Z [INFO] Tests run: 1, Failures: 0, Errors: 0, Skipped: 0, Time elapsed: 4.281 s - in org.keycloak.tests.admin.partialexport.PartialExportTest
Store IT (mysql)	Run new base tests	2025-03-24T14:35:04.5032061Z [INFO] Running org.keycloak.tests.admin.RoleByIdResourceTest
Store IT (mysql)	Run new base tests	2025-03-24T14:35:04.5036485Z 2025-03-24 14:35:04,480 INFO  [testinfo] (main) ----------------------------------------------------------------
Store IT (mysql)	Run new base tests	2025-03-24T14:35:04.5045062Z 2025-03-24 14:35:04,480 INFO  [testinfo] (main)    RUNNING - org.keycloak.tests.admin.RoleByIdResourceTest
Store IT (mysql)	Run new base tests	2025-03-24T14:35:27.6612002Z [INFO] Tests run: 11, Failures: 0, Errors: 0, Skipped: 0, Time elapsed: 23.16 s - in org.keycloak.tests.admin.RoleByIdResourceTest
Store IT (mysql)	Run new base tests	2025-03-24T14:35:27.6618208Z [INFO] Running org.keycloak.tests.admin.UsersTest
Store IT (mysql)	Run new base tests	2025-03-24T14:35:27.6619862Z 2025-03-24 14:35:27,640 INFO  [testinfo] (main) ----------------------------------------------------------------
Store IT (mysql)	Run new base tests	2025-03-24T14:35:27.6621075Z 2025-03-24 14:35:27,641 INFO  [testinfo] (main)    RUNNING - org.keycloak.tests.admin.UsersTest
Store IT (mysql)	Run new base tests	2025-03-24T14:35:43.5075863Z [INFO] Tests run: 8, Failures: 0, Errors: 0, Skipped: 0, Time elapsed: 15.853 s - in org.keycloak.tests.admin.UsersTest
Store IT (mysql)	Run new base tests	2025-03-24T14:35:43.5077369Z [INFO] Running org.keycloak.tests.admin.TimeOffsetTest
Store IT (mysql)	Run new base tests	2025-03-24T14:35:43.5079004Z 2025-03-24 14:35:43,495 INFO  [testinfo] (main) ----------------------------------------------------------------
Store IT (mysql)	Run new base tests	2025-03-24T14:35:43.5080145Z 2025-03-24 14:35:43,496 INFO  [testinfo] (main)    RUNNING - org.keycloak.tests.admin.TimeOffsetTest
Store IT (mysql)	Run new base tests	2025-03-24T14:35:45.2845841Z [INFO] Tests run: 1, Failures: 0, Errors: 0, Skipped: 0, Time elapsed: 1.779 s - in org.keycloak.tests.admin.TimeOffsetTest
Store IT (mysql)	Run new base tests	2025-03-24T14:35:45.2847608Z [INFO] Running org.keycloak.tests.admin.client.ClientDescriptionConverterTest
Store IT (mysql)	Run new base tests	2025-03-24T14:35:45.2849736Z 2025-03-24 14:35:45,276 INFO  [testinfo] (main) ----------------------------------------------------------------
Store IT (mysql)	Run new base tests	2025-03-24T14:35:45.2851152Z 2025-03-24 14:35:45,277 INFO  [testinfo] (main)    RUNNING - org.keycloak.tests.admin.client.ClientDescriptionConverterTest
Store IT (mysql)	Run new base tests	2025-03-24T14:35:47.1130320Z [INFO] Tests run: 1, Failures: 0, Errors: 0, Skipped: 0, Time elapsed: 1.819 s - in org.keycloak.tests.admin.client.ClientDescriptionConverterTest
Store IT (mysql)	Run new base tests	2025-03-24T14:35:47.1134636Z [INFO] Running org.keycloak.tests.admin.authentication.ExecutionTest
Store IT (mysql)	Run new base tests	2025-03-24T14:35:47.1138471Z 2025-03-24 14:35:47,098 INFO  [testinfo] (main) ----------------------------------------------------------------
Store IT (mysql)	Run new base tests	2025-03-24T14:35:47.1139558Z 2025-03-24 14:35:47,098 INFO  [testinfo] (main)    RUNNING - org.keycloak.tests.admin.authentication.ExecutionTest
Store IT (mysql)	Run new base tests	2025-03-24T14:35:50.1091711Z [INFO] Tests run: 5, Failures: 0, Errors: 0, Skipped: 0, Time elapsed: 2.996 s - in org.keycloak.tests.admin.authentication.ExecutionTest
Store IT (mysql)	Run new base tests	2025-03-24T14:35:50.1093617Z [INFO] Running org.keycloak.tests.admin.authentication.RegistrationFlowTest
Store IT (mysql)	Run new base tests	2025-03-24T14:35:50.1094900Z 2025-03-24 14:35:50,096 INFO  [testinfo] (main) ----------------------------------------------------------------
Store IT (mysql)	Run new base tests	2025-03-24T14:35:50.1096239Z 2025-03-24 14:35:50,096 INFO  [testinfo] (main)    RUNNING - org.keycloak.tests.admin.authentication.RegistrationFlowTest
Store IT (mysql)	Run new base tests	2025-03-24T14:35:51.9316473Z [INFO] Tests run: 1, Failures: 0, Errors: 0, Skipped: 0, Time elapsed: 1.813 s - in org.keycloak.tests.admin.authentication.RegistrationFlowTest
Store IT (mysql)	Run new base tests	2025-03-24T14:35:51.9331002Z [INFO] Running org.keycloak.tests.admin.client.ClientSearchJpaTest
Store IT (mysql)	Run new base tests	2025-03-24T14:35:51.9333324Z 2025-03-24 14:35:51,912 INFO  [testinfo] (main) ----------------------------------------------------------------
Store IT (mysql)	Run new base tests	2025-03-24T14:35:51.9334507Z 2025-03-24 14:35:51,912 INFO  [testinfo] (main)    RUNNING - org.keycloak.tests.admin.client.ClientSearchJpaTest
Store IT (mysql)	Run new base tests	2025-03-24T14:35:53.8212234Z [INFO] Tests run: 1, Failures: 0, Errors: 0, Skipped: 0, Time elapsed: 1.897 s - in org.keycloak.tests.admin.client.ClientSearchJpaTest
Store IT (mysql)	Run new base tests	2025-03-24T14:35:53.8215297Z [INFO] Running org.keycloak.tests.admin.SMTPConnectionTest
Store IT (mysql)	Run new base tests	2025-03-24T14:35:53.8217520Z 2025-03-24 14:35:53,812 INFO  [testinfo] (main) ----------------------------------------------------------------
Store IT (mysql)	Run new base tests	2025-03-24T14:35:53.8218522Z 2025-03-24 14:35:53,812 INFO  [testinfo] (main)    RUNNING - org.keycloak.tests.admin.SMTPConnectionTest
Store IT (mysql)	Run new base tests	2025-03-24T14:35:58.4896589Z [INFO] Tests run: 8, Failures: 0, Errors: 0, Skipped: 0, Time elapsed: 4.66 s - in org.keycloak.tests.admin.SMTPConnectionTest
Store IT (mysql)	Run new base tests	2025-03-24T14:35:58.4897767Z [INFO] Running org.keycloak.tests.admin.event.EventConfigTest
Store IT (mysql)	Run new base tests	2025-03-24T14:35:58.4898638Z 2025-03-24 14:35:58,473 INFO  [testinfo] (main) ----------------------------------------------------------------
Store IT (mysql)	Run new base tests	2025-03-24T14:35:58.4899712Z 2025-03-24 14:35:58,473 INFO  [testinfo] (main)    RUNNING - org.keycloak.tests.admin.event.EventConfigTest
Store IT (mysql)	Run new base tests	2025-03-24T14:36:01.2187297Z [INFO] Tests run: 6, Failures: 0, Errors: 0, Skipped: 0, Time elapsed: 2.732 s - in org.keycloak.tests.admin.event.EventConfigTest
Store IT (mysql)	Run new base tests	2025-03-24T14:36:01.2198720Z [INFO] Running org.keycloak.tests.admin.AdminHeadersTest
Store IT (mysql)	Run new base tests	2025-03-24T14:36:01.2199619Z 2025-03-24 14:36:01,206 INFO  [testinfo] (main) ----------------------------------------------------------------
Store IT (mysql)	Run new base tests	2025-03-24T14:36:01.2200857Z 2025-03-24 14:36:01,206 INFO  [testinfo] (main)    RUNNING - org.keycloak.tests.admin.AdminHeadersTest
Store IT (mysql)	Run new base tests	2025-03-24T14:36:03.1151716Z [INFO] Tests run: 1, Failures: 0, Errors: 0, Skipped: 0, Time elapsed: 1.896 s - in org.keycloak.tests.admin.AdminHeadersTest
Store IT (mysql)	Run new base tests	2025-03-24T14:36:03.1153042Z [INFO] Running org.keycloak.tests.admin.event.AdminEventTest
Store IT (mysql)	Run new base tests	2025-03-24T14:36:03.1153890Z 2025-03-24 14:36:03,104 INFO  [testinfo] (main) ----------------------------------------------------------------
Store IT (mysql)	Run new base tests	2025-03-24T14:36:03.1155118Z 2025-03-24 14:36:03,104 INFO  [testinfo] (main)    RUNNING - org.keycloak.tests.admin.event.AdminEventTest
Store IT (mysql)	Run new base tests	2025-03-24T14:36:08.9868906Z [INFO] Tests run: 13, Failures: 0, Errors: 0, Skipped: 0, Time elapsed: 5.868 s - in org.keycloak.tests.admin.event.AdminEventTest
Store IT (mysql)	Run new base tests	2025-03-24T14:36:08.9873360Z [INFO] Running org.keycloak.tests.admin.event.AdminEventAuthDetailsTest
Store IT (mysql)	Run new base tests	2025-03-24T14:36:08.9879520Z 2025-03-24 14:36:08,974 INFO  [testinfo] (main) ----------------------------------------------------------------
Store IT (mysql)	Run new base tests	2025-03-24T14:36:08.9891647Z 2025-03-24 14:36:08,975 INFO  [testinfo] (main)    RUNNING - org.keycloak.tests.admin.event.AdminEventAuthDetailsTest
Store IT (mysql)	Run new base tests	2025-03-24T14:36:11.2752989Z [INFO] Tests run: 2, Failures: 0, Errors: 0, Skipped: 0, Time elapsed: 2.272 s - in org.keycloak.tests.admin.event.AdminEventAuthDetailsTest
Store IT (mysql)	Run new base tests	2025-03-24T14:36:11.2754927Z [INFO] Running org.keycloak.tests.admin.AdminConsoleLandingPageTest
Store IT (mysql)	Run new base tests	2025-03-24T14:36:11.2761038Z 2025-03-24 14:36:11,249 INFO  [testinfo] (main) ----------------------------------------------------------------
Store IT (mysql)	Run new base tests	2025-03-24T14:36:11.2762097Z 2025-03-24 14:36:11,249 INFO  [testinfo] (main)    RUNNING - org.keycloak.tests.admin.AdminConsoleLandingPageTest
Store IT (mysql)	Run new base tests	2025-03-24T14:36:11.3261403Z [INFO] Tests run: 1, Failures: 0, Errors: 0, Skipped: 0, Time elapsed: 0.052 s - in org.keycloak.tests.admin.AdminConsoleLandingPageTest
Store IT (mysql)	Run new base tests	2025-03-24T14:36:11.3263451Z [INFO] Running org.keycloak.tests.admin.AdminPreflightTest
Store IT (mysql)	Run new base tests	2025-03-24T14:36:11.3264332Z 2025-03-24 14:36:11,305 INFO  [testinfo] (main) ----------------------------------------------------------------
Store IT (mysql)	Run new base tests	2025-03-24T14:36:11.3265342Z 2025-03-24 14:36:11,306 INFO  [testinfo] (main)    RUNNING - org.keycloak.tests.admin.AdminPreflightTest
Store IT (mysql)	Run new base tests	2025-03-24T14:36:11.3377379Z [INFO] Tests run: 2, Failures: 0, Errors: 0, Skipped: 0, Time elapsed: 0.014 s - in org.keycloak.tests.admin.AdminPreflightTest
Store IT (mysql)	Run new base tests	2025-03-24T14:36:11.3378679Z [INFO] Running org.keycloak.tests.admin.userprofile.UserProfileAdminTest
Store IT (mysql)	Run new base tests	2025-03-24T14:36:11.3387327Z 2025-03-24 14:36:11,322 INFO  [testinfo] (main) ----------------------------------------------------------------
Store IT (mysql)	Run new base tests	2025-03-24T14:36:11.3388549Z 2025-03-24 14:36:11,322 INFO  [testinfo] (main)    RUNNING - org.keycloak.tests.admin.userprofile.UserProfileAdminTest
Store IT (mysql)	Run new base tests	2025-03-24T14:36:13.4563563Z [INFO] Tests run: 8, Failures: 0, Errors: 0, Skipped: 0, Time elapsed: 2.121 s - in org.keycloak.tests.admin.userprofile.UserProfileAdminTest
Store IT (mysql)	Run new base tests	2025-03-24T14:36:13.4564892Z [INFO] Running org.keycloak.tests.admin.RealmLocalizationResourceTest
Store IT (mysql)	Run new base tests	2025-03-24T14:36:13.4565815Z 2025-03-24 14:36:13,444 INFO  [testinfo] (main) ----------------------------------------------------------------
Store IT (mysql)	Run new base tests	2025-03-24T14:36:13.4566915Z 2025-03-24 14:36:13,445 INFO  [testinfo] (main)    RUNNING - org.keycloak.tests.admin.RealmLocalizationResourceTest
Store IT (mysql)	Run new base tests	2025-03-24T14:36:15.5594552Z [INFO] Tests run: 13, Failures: 0, Errors: 0, Skipped: 0, Time elapsed: 2.101 s - in org.keycloak.tests.admin.RealmLocalizationResourceTest
Store IT (mysql)	Run new base tests	2025-03-24T14:36:15.5596676Z [INFO] Running org.keycloak.tests.admin.client.ClientProtocolMapperTest
Store IT (mysql)	Run new base tests	2025-03-24T14:36:15.5597808Z 2025-03-24 14:36:15,547 INFO  [testinfo] (main) ----------------------------------------------------------------
Store IT (mysql)	Run new base tests	2025-03-24T14:36:15.5599082Z 2025-03-24 14:36:15,548 INFO  [testinfo] (main)    RUNNING - org.keycloak.tests.admin.client.ClientProtocolMapperTest
Store IT (mysql)	Run new base tests	2025-03-24T14:36:18.0861776Z [INFO] Tests run: 10, Failures: 0, Errors: 0, Skipped: 0, Time elapsed: 2.524 s - in org.keycloak.tests.admin.client.ClientProtocolMapperTest
Store IT (mysql)	Run new base tests	2025-03-24T14:36:18.0865738Z [INFO] Running org.keycloak.tests.admin.client.ClientScopeProtocolMapperTest
Store IT (mysql)	Run new base tests	2025-03-24T14:36:18.0866701Z 2025-03-24 14:36:18,073 INFO  [testinfo] (main) ----------------------------------------------------------------
Store IT (mysql)	Run new base tests	2025-03-24T14:36:18.0867818Z 2025-03-24 14:36:18,074 INFO  [testinfo] (main)    RUNNING - org.keycloak.tests.admin.client.ClientScopeProtocolMapperTest
Store IT (mysql)	Run new base tests	2025-03-24T14:36:22.0325666Z [INFO] Tests run: 10, Failures: 0, Errors: 0, Skipped: 0, Time elapsed: 3.949 s - in org.keycloak.tests.admin.client.ClientScopeProtocolMapperTest
Store IT (mysql)	Run new base tests	2025-03-24T14:36:22.0327360Z [INFO] Running org.keycloak.tests.admin.group.SubGroupSearchTest
Store IT (mysql)	Run new base tests	2025-03-24T14:36:22.0328367Z 2025-03-24 14:36:22,023 INFO  [testinfo] (main) ----------------------------------------------------------------
Store IT (mysql)	Run new base tests	2025-03-24T14:36:22.0329169Z 2025-03-24 14:36:22,024 INFO  [testinfo] (main)    RUNNING - org.keycloak.tests.admin.group.SubGroupSearchTest
Store IT (mysql)	Run new base tests	2025-03-24T14:36:23.8401829Z [INFO] Tests run: 1, Failures: 0, Errors: 0, Skipped: 0, Time elapsed: 1.806 s - in org.keycloak.tests.admin.group.SubGroupSearchTest
Store IT (mysql)	Run new base tests	2025-03-24T14:36:23.8410590Z [INFO] Running org.keycloak.tests.admin.DeclarativeUserTest
Store IT (mysql)	Run new base tests	2025-03-24T14:36:23.8411572Z 2025-03-24 14:36:23,831 INFO  [testinfo] (main) ----------------------------------------------------------------
Store IT (mysql)	Run new base tests	2025-03-24T14:36:23.8412331Z 2025-03-24 14:36:23,831 INFO  [testinfo] (main)    RUNNING - org.keycloak.tests.admin.DeclarativeUserTest
Store IT (mysql)	Run new base tests	2025-03-24T14:36:26.6570328Z [INFO] Tests run: 5, Failures: 0, Errors: 0, Skipped: 0, Time elapsed: 2.815 s - in org.keycloak.tests.admin.DeclarativeUserTest
Store IT (mysql)	Run new base tests	2025-03-24T14:36:26.6571538Z [INFO] Running org.keycloak.tests.admin.authz.fgap.FeatureDisabledTest
Store IT (mysql)	Run new base tests	2025-03-24T14:36:26.6574261Z 2025-03-24 14:36:26,647 INFO  [testinfo] (main) ----------------------------------------------------------------
Store IT (mysql)	Run new base tests	2025-03-24T14:36:26.6575433Z 2025-03-24 14:36:26,648 INFO  [testinfo] (main)    RUNNING - org.keycloak.tests.admin.authz.fgap.FeatureDisabledTest
Store IT (mysql)	Run new base tests	2025-03-24T14:36:28.8983302Z [INFO] Tests run: 1, Failures: 0, Errors: 0, Skipped: 0, Time elapsed: 2.236 s - in org.keycloak.tests.admin.authz.fgap.FeatureDisabledTest
Store IT (mysql)	Run new base tests	2025-03-24T14:36:28.8984711Z [INFO] Running org.keycloak.tests.admin.authentication.AuthenticatorConfigTest
Store IT (mysql)	Run new base tests	2025-03-24T14:36:28.8985720Z 2025-03-24 14:36:28,885 INFO  [testinfo] (main) ----------------------------------------------------------------
Store IT (mysql)	Run new base tests	2025-03-24T14:36:28.8986861Z 2025-03-24 14:36:28,885 INFO  [testinfo] (main)    RUNNING - org.keycloak.tests.admin.authentication.AuthenticatorConfigTest
Store IT (mysql)	Run new base tests	2025-03-24T14:36:32.5067500Z [INFO] Tests run: 8, Failures: 0, Errors: 0, Skipped: 0, Time elapsed: 3.608 s - in org.keycloak.tests.admin.authentication.AuthenticatorConfigTest
Store IT (mysql)	Run new base tests	2025-03-24T14:36:32.5068980Z [INFO] Running org.keycloak.tests.admin.AttackDetectionResourceTest
Store IT (mysql)	Run new base tests	2025-03-24T14:36:32.5070276Z 2025-03-24 14:36:32,497 INFO  [testinfo] (main) ----------------------------------------------------------------
Store IT (mysql)	Run new base tests	2025-03-24T14:36:32.5071488Z 2025-03-24 14:36:32,497 INFO  [testinfo] (main)    RUNNING - org.keycloak.tests.admin.AttackDetectionResourceTest
Store IT (mysql)	Run new base tests	2025-03-24T14:36:33.7842345Z 2025-03-24 14:36:33,779 WARN  [managed.keycloak] (main) [org.keycloak.events] (executor-thread-2) type="LOGIN_ERROR", realmId="default", realmName="default", clientId="test-app", userId="c25e426a-6f29-4576-8abe-8bc6b346e5ed", ipAddress="127.0.0.1", error="invalid_user_credentials", auth_method="openid-connect", grant_type="password", client_auth_method="client-secret", username="default"
Store IT (mysql)	Run new base tests	2025-03-24T14:36:33.7855780Z 2025-03-24 14:36:33,780 WARN  [managed.keycloak] (main) [org.keycloak.events] (executor-thread-2) type="LOGIN_ERROR", realmId="default", realmName="default", clientId="test-app", userId="c25e426a-6f29-4576-8abe-8bc6b346e5ed", ipAddress="127.0.0.1", error="invalid_user_credentials", auth_method="openid-connect", grant_type="password", client_auth_method="client-secret", username="default"
Store IT (mysql)	Run new base tests	2025-03-24T14:36:33.7859641Z 2025-03-24 14:36:33,780 WARN  [managed.keycloak] (main) [org.keycloak.events] (executor-thread-2) type="LOGIN_ERROR", realmId="default", realmName="default", clientId="test-app", userId="c25e426a-6f29-4576-8abe-8bc6b346e5ed", ipAddress="127.0.0.1", error="user_temporarily_disabled", auth_method="openid-connect", grant_type="password", client_auth_method="client-secret", username="default"
Store IT (mysql)	Run new base tests	2025-03-24T14:36:33.7863507Z 2025-03-24 14:36:33,780 WARN  [managed.keycloak] (main) [org.keycloak.events] (executor-thread-2) type="LOGIN_ERROR", realmId="default", realmName="default", clientId="test-app", userId="e8fde28d-45d6-4926-a709-fb0f46d92470", ipAddress="127.0.0.1", error="invalid_user_credentials", auth_method="openid-connect", grant_type="password", client_auth_method="client-secret", username="testUser2"
Store IT (mysql)	Run new base tests	2025-03-24T14:36:33.7867673Z 2025-03-24 14:36:33,780 WARN  [managed.keycloak] (main) [org.keycloak.events] (executor-thread-2) type="LOGIN_ERROR", realmId="default", realmName="default", clientId="test-app", userId="e8fde28d-45d6-4926-a709-fb0f46d92470", ipAddress="127.0.0.1", error="user_temporarily_disabled", auth_method="openid-connect", grant_type="password", client_auth_method="client-secret", username="testUser2"
Store IT (mysql)	Run new base tests	2025-03-24T14:36:33.7871312Z 2025-03-24 14:36:33,780 WARN  [managed.keycloak] (main) [org.keycloak.events] (executor-thread-2) type="LOGIN_ERROR", realmId="default", realmName="default", clientId="test-app", userId="null", ipAddress="127.0.0.1", error="user_not_found", auth_method="openid-connect", grant_type="password", client_auth_method="client-secret", username="nosuchuser"
Store IT (mysql)	Run new base tests	2025-03-24T14:36:33.7873968Z 2025-03-24 14:36:33,780 ERROR [testinfo] (main)     FAILED - org.keycloak.tests.admin.AttackDetectionResourceTest / test
Store IT (mysql)	Run new base tests	2025-03-24T14:36:34.5222218Z [ERROR] Tests run: 1, Failures: 1, Errors: 0, Skipped: 0, Time elapsed: 2.013 s <<< FAILURE! - in org.keycloak.tests.admin.AttackDetectionResourceTest
Store IT (mysql)	Run new base tests	2025-03-24T14:36:34.5223795Z [ERROR] org.keycloak.tests.admin.AttackDetectionResourceTest.test  Time elapsed: 1.284 s  <<< FAILURE!
Store IT (mysql)	Run new base tests	2025-03-24T14:36:34.5224876Z org.opentest4j.AssertionFailedError: expected: <2> but was: <1>
Store IT (mysql)	Run new base tests	2025-03-24T14:36:34.5225813Z 	at org.junit.jupiter.api.AssertionFailureBuilder.build(AssertionFailureBuilder.java:151)
Store IT (mysql)	Run new base tests	2025-03-24T14:36:34.5226981Z 	at org.junit.jupiter.api.AssertionFailureBuilder.buildAndThrow(AssertionFailureBuilder.java:132)
Store IT (mysql)	Run new base tests	2025-03-24T14:36:34.5228060Z 	at org.junit.jupiter.api.AssertEquals.failNotEqual(AssertEquals.java:197)
Store IT (mysql)	Run new base tests	2025-03-24T14:36:34.5228955Z 	at org.junit.jupiter.api.AssertEquals.assertEquals(AssertEquals.java:182)
Store IT (mysql)	Run new base tests	2025-03-24T14:36:34.5229859Z 	at org.junit.jupiter.api.AssertEquals.assertEquals(AssertEquals.java:177)
Store IT (mysql)	Run new base tests	2025-03-24T14:36:34.5230913Z 	at org.junit.jupiter.api.Assertions.assertEquals(Assertions.java:1145)
Store IT (mysql)	Run new base tests	2025-03-24T14:36:34.5232049Z 	at org.keycloak.tests.admin.AttackDetectionResourceTest.assertBruteForce(AttackDetectionResourceTest.java:99)
Store IT (mysql)	Run new base tests	2025-03-24T14:36:34.5233328Z 	at org.keycloak.tests.admin.AttackDetectionResourceTest.test(AttackDetectionResourceTest.java:81)
Store IT (mysql)	Run new base tests	2025-03-24T14:36:34.5234279Z 	at java.base/java.lang.reflect.Method.invoke(Method.java:580)
Store IT (mysql)	Run new base tests	2025-03-24T14:36:34.5234962Z 	at java.base/java.util.ArrayList.forEach(ArrayList.java:1596)
Store IT (mysql)	Run new base tests	2025-03-24T14:36:34.5235595Z 	at java.base/java.util.ArrayList.forEach(ArrayList.java:1596)
Store IT (mysql)	Run new base tests	2025-03-24T14:36:34.5235978Z 
Store IT (mysql)	Run new base tests	2025-03-24T14:36:34.5236284Z [INFO] Running org.keycloak.tests.admin.CrossRealmPermissionsTest
Store IT (mysql)	Run new base tests	2025-03-24T14:36:34.5237106Z 2025-03-24 14:36:34,510 INFO  [testinfo] (main) ----------------------------------------------------------------
Store IT (mysql)	Run new base tests	2025-03-24T14:36:34.5238081Z 2025-03-24 14:36:34,510 INFO  [testinfo] (main)    RUNNING - org.keycloak.tests.admin.CrossRealmPermissionsTest
Store IT (mysql)	Run new base tests	2025-03-24T14:36:37.8796457Z [INFO] Tests run: 1, Failures: 0, Errors: 0, Skipped: 0, Time elapsed: 3.358 s - in org.keycloak.tests.admin.CrossRealmPermissionsTest
Store IT (mysql)	Run new base tests	2025-03-24T14:36:37.8798560Z [INFO] Running org.keycloak.tests.admin.client.ClientScopeTest
Store IT (mysql)	Run new base tests	2025-03-24T14:36:37.8799835Z 2025-03-24 14:36:37,869 INFO  [testinfo] (main) ----------------------------------------------------------------
Store IT (mysql)	Run new base tests	2025-03-24T14:36:37.8801304Z 2025-03-24 14:36:37,870 INFO  [testinfo] (main)    RUNNING - org.keycloak.tests.admin.client.ClientScopeTest
Store IT (mysql)	Run new base tests	2025-03-24T14:36:43.0821592Z [INFO] Tests run: 20, Failures: 0, Errors: 0, Skipped: 0, Time elapsed: 5.196 s - in org.keycloak.tests.admin.client.ClientScopeTest
Store IT (mysql)	Run new base tests	2025-03-24T14:36:43.1036637Z [INFO] Running org.keycloak.tests.admin.authentication.FlowTest
Store IT (mysql)	Run new base tests	2025-03-24T14:36:43.1044724Z 2025-03-24 14:36:43,103 INFO  [testinfo] (main) ----------------------------------------------------------------
Store IT (mysql)	Run new base tests	2025-03-24T14:36:43.1046110Z 2025-03-24 14:36:43,103 INFO  [testinfo] (main)    RUNNING - org.keycloak.tests.admin.authentication.FlowTest
Store IT (mysql)	Run new base tests	2025-03-24T14:36:47.8226591Z [INFO] Tests run: 13, Failures: 0, Errors: 0, Skipped: 0, Time elapsed: 4.708 s - in org.keycloak.tests.admin.authentication.FlowTest
Store IT (mysql)	Run new base tests	2025-03-24T14:36:47.8227827Z [INFO] Running org.keycloak.tests.admin.authentication.ShiftRequiredActionTest
Store IT (mysql)	Run new base tests	2025-03-24T14:36:47.8228728Z 2025-03-24 14:36:47,813 INFO  [testinfo] (main) ----------------------------------------------------------------
Store IT (mysql)	Run new base tests	2025-03-24T14:36:47.8229773Z 2025-03-24 14:36:47,813 INFO  [testinfo] (main)    RUNNING - org.keycloak.tests.admin.authentication.ShiftRequiredActionTest
Store IT (mysql)	Run new base tests	2025-03-24T14:36:49.6990942Z [INFO] Tests run: 1, Failures: 0, Errors: 0, Skipped: 0, Time elapsed: 1.871 s - in org.keycloak.tests.admin.authentication.ShiftRequiredActionTest
Store IT (mysql)	Run new base tests	2025-03-24T14:36:49.6992484Z [INFO] Running org.keycloak.tests.admin.authentication.InitialFlowsTest
Store IT (mysql)	Run new base tests	2025-03-24T14:36:49.6995692Z 2025-03-24 14:36:49,686 INFO  [testinfo] (main) ----------------------------------------------------------------
Store IT (mysql)	Run new base tests	2025-03-24T14:36:49.6997220Z 2025-03-24 14:36:49,686 INFO  [testinfo] (main)    RUNNING - org.keycloak.tests.admin.authentication.InitialFlowsTest
Store IT (mysql)	Run new base tests	2025-03-24T14:36:51.1272541Z [INFO] Tests run: 1, Failures: 0, Errors: 0, Skipped: 0, Time elapsed: 1.425 s - in org.keycloak.tests.admin.authentication.InitialFlowsTest
Store IT (mysql)	Run new base tests	2025-03-24T14:36:51.1278309Z [INFO] Running org.keycloak.tests.admin.authentication.ProvidersTest
Store IT (mysql)	Run new base tests	2025-03-24T14:36:51.1279769Z 2025-03-24 14:36:51,114 INFO  [testinfo] (main) ----------------------------------------------------------------
Store IT (mysql)	Run new base tests	2025-03-24T14:36:51.1281214Z 2025-03-24 14:36:51,114 INFO  [testinfo] (main)    RUNNING - org.keycloak.tests.admin.authentication.ProvidersTest
Store IT (mysql)	Run new base tests	2025-03-24T14:36:52.9290214Z [INFO] Tests run: 6, Failures: 0, Errors: 0, Skipped: 0, Time elapsed: 1.803 s - in org.keycloak.tests.admin.authentication.ProvidersTest
Store IT (mysql)	Run new base tests	2025-03-24T14:36:52.9294726Z [INFO] Running org.keycloak.tests.admin.AdminSignatureAlgorithmTest
Store IT (mysql)	Run new base tests	2025-03-24T14:36:52.9295720Z 2025-03-24 14:36:52,918 INFO  [testinfo] (main) ----------------------------------------------------------------
Store IT (mysql)	Run new base tests	2025-03-24T14:36:52.9296769Z 2025-03-24 14:36:52,918 INFO  [testinfo] (main)    RUNNING - org.keycloak.tests.admin.AdminSignatureAlgorithmTest
Store IT (mysql)	Run new base tests	2025-03-24T14:36:53.1771540Z [INFO] Tests run: 1, Failures: 0, Errors: 0, Skipped: 0, Time elapsed: 0.247 s - in org.keycloak.tests.admin.AdminSignatureAlgorithmTest
Store IT (mysql)	Run new base tests	2025-03-24T14:36:53.1772795Z [INFO] Running org.keycloak.tests.admin.authentication.ShiftExecutionTest
Store IT (mysql)	Run new base tests	2025-03-24T14:36:53.1773759Z 2025-03-24 14:36:53,167 INFO  [testinfo] (main) ----------------------------------------------------------------
Store IT (mysql)	Run new base tests	2025-03-24T14:36:53.1774935Z 2025-03-24 14:36:53,167 INFO  [testinfo] (main)    RUNNING - org.keycloak.tests.admin.authentication.ShiftExecutionTest
Store IT (mysql)	Run new base tests	2025-03-24T14:36:54.8832415Z [INFO] Tests run: 2, Failures: 0, Errors: 0, Skipped: 0, Time elapsed: 1.693 s - in org.keycloak.tests.admin.authentication.ShiftExecutionTest
Store IT (mysql)	Run new base tests	2025-03-24T14:36:54.8835668Z [INFO] Running org.keycloak.tests.admin.event.LoginEventsTest
Store IT (mysql)	Run new base tests	2025-03-24T14:36:54.8837015Z 2025-03-24 14:36:54,862 INFO  [testinfo] (main) ----------------------------------------------------------------
Store IT (mysql)	Run new base tests	2025-03-24T14:36:54.8844565Z 2025-03-24 14:36:54,862 INFO  [testinfo] (main)    RUNNING - org.keycloak.tests.admin.event.LoginEventsTest
Store IT (mysql)	Run new base tests	2025-03-24T14:36:58.6541825Z [INFO] Tests run: 8, Failures: 0, Errors: 0, Skipped: 0, Time elapsed: 3.779 s - in org.keycloak.tests.admin.event.LoginEventsTest
Store IT (mysql)	Run new base tests	2025-03-24T14:36:58.6545987Z [INFO] Running org.keycloak.tests.admin.event.EmailEventListenerTest
Store IT (mysql)	Run new base tests	2025-03-24T14:36:58.6561198Z 2025-03-24 14:36:58,642 INFO  [testinfo] (main) ----------------------------------------------------------------
Store IT (mysql)	Run new base tests	2025-03-24T14:36:58.6570944Z 2025-03-24 14:36:58,642 INFO  [testinfo] (main)    RUNNING - org.keycloak.tests.admin.event.EmailEventListenerTest
Store IT (mysql)	Run new base tests	2025-03-24T14:37:00.7362399Z [INFO] Tests run: 1, Failures: 0, Errors: 0, Skipped: 0, Time elapsed: 2.082 s - in org.keycloak.tests.admin.event.EmailEventListenerTest
Store IT (mysql)	Run new base tests	2025-03-24T14:37:00.7370253Z [INFO] Running org.keycloak.tests.admin.client.ServiceAccountClientTest
Store IT (mysql)	Run new base tests	2025-03-24T14:37:00.7373771Z 2025-03-24 14:37:00,725 INFO  [testinfo] (main) ----------------------------------------------------------------
Store IT (mysql)	Run new base tests	2025-03-24T14:37:00.7374873Z 2025-03-24 14:37:00,725 INFO  [testinfo] (main)    RUNNING - org.keycloak.tests.admin.client.ServiceAccountClientTest
Store IT (mysql)	Run new base tests	2025-03-24T14:37:02.4312519Z [INFO] Tests run: 1, Failures: 0, Errors: 0, Skipped: 0, Time elapsed: 1.694 s - in org.keycloak.tests.admin.client.ServiceAccountClientTest
Store IT (mysql)	Run new base tests	2025-03-24T14:37:02.4317729Z [INFO] Running org.keycloak.tests.admin.AuthzCleanupTest
Store IT (mysql)	Run new base tests	2025-03-24T14:37:02.4319076Z 2025-03-24 14:37:02,420 INFO  [testinfo] (main) ----------------------------------------------------------------
Store IT (mysql)	Run new base tests	2025-03-24T14:37:02.4319934Z 2025-03-24 14:37:02,421 INFO  [testinfo] (main)    RUNNING - org.keycloak.tests.admin.AuthzCleanupTest
Store IT (mysql)	Run new base tests	2025-03-24T14:37:25.8676226Z [INFO] Tests run: 1, Failures: 0, Errors: 0, Skipped: 0, Time elapsed: 23.437 s - in org.keycloak.tests.admin.AuthzCleanupTest
Store IT (mysql)	Run new base tests	2025-03-24T14:37:25.8677912Z [INFO] Running org.keycloak.tests.admin.FineGrainedPermissionsUsersTest
Store IT (mysql)	Run new base tests	2025-03-24T14:37:25.8680731Z 2025-03-24 14:37:25,859 INFO  [testinfo] (main) ----------------------------------------------------------------
Store IT (mysql)	Run new base tests	2025-03-24T14:37:25.8681803Z 2025-03-24 14:37:25,859 INFO  [testinfo] (main)    RUNNING - org.keycloak.tests.admin.FineGrainedPermissionsUsersTest
Store IT (mysql)	Run new base tests	2025-03-24T14:38:06.4545196Z [INFO] Tests run: 6, Failures: 0, Errors: 0, Skipped: 0, Time elapsed: 40.583 s - in org.keycloak.tests.admin.FineGrainedPermissionsUsersTest
Store IT (mysql)	Run new base tests	2025-03-24T14:38:06.4546529Z [INFO] Running org.keycloak.tests.admin.ImpersonationDisabledTest
Store IT (mysql)	Run new base tests	2025-03-24T14:38:06.4547539Z 2025-03-24 14:38:06,444 INFO  [testinfo] (main) ----------------------------------------------------------------
Store IT (mysql)	Run new base tests	2025-03-24T14:38:06.4548519Z 2025-03-24 14:38:06,444 INFO  [testinfo] (main)    RUNNING - org.keycloak.tests.admin.ImpersonationDisabledTest
Store IT (mysql)	Run new base tests	2025-03-24T14:38:29.4836162Z [INFO] Tests run: 1, Failures: 0, Errors: 0, Skipped: 0, Time elapsed: 23.027 s - in org.keycloak.tests.admin.ImpersonationDisabledTest
Store IT (mysql)	Run new base tests	2025-03-24T14:38:29.4838543Z [INFO] Running org.keycloak.tests.admin.ManagementPermissionsTest
Store IT (mysql)	Run new base tests	2025-03-24T14:38:29.4839604Z 2025-03-24 14:38:29,473 INFO  [testinfo] (main) ----------------------------------------------------------------
Store IT (mysql)	Run new base tests	2025-03-24T14:38:29.4841259Z 2025-03-24 14:38:29,473 INFO  [testinfo] (main)    RUNNING - org.keycloak.tests.admin.ManagementPermissionsTest
Store IT (mysql)	Run new base tests	2025-03-24T14:38:54.6762828Z [INFO] Tests run: 4, Failures: 0, Errors: 0, Skipped: 0, Time elapsed: 25.193 s - in org.keycloak.tests.admin.ManagementPermissionsTest
Store IT (mysql)	Run new base tests	2025-03-24T14:38:54.6764108Z [INFO] Running org.keycloak.tests.admin.SMTPConnectionVaultTest
Store IT (mysql)	Run new base tests	2025-03-24T14:38:54.6764969Z 2025-03-24 14:38:54,667 INFO  [testinfo] (main) ----------------------------------------------------------------
Store IT (mysql)	Run new base tests	2025-03-24T14:38:54.6766000Z 2025-03-24 14:38:54,667 INFO  [testinfo] (main)    RUNNING - org.keycloak.tests.admin.SMTPConnectionVaultTest
Store IT (mysql)	Run new base tests	2025-03-24T14:38:54.8652740Z 2025-03-24 14:38:54,764 WARN  [org.jboss.resteasy.client.jaxrs.i18n] (Cleaner-0) RESTEASY004687: Closing a class org.jboss.resteasy.client.jaxrs.engines.ManualClosingApacheHttpClient43Engine$CleanupAction instance for you. Please close clients yourself.
Store IT (mysql)	Run new base tests	2025-03-24T14:38:54.8658515Z 2025-03-24 14:38:54,765 WARN  [org.jboss.resteasy.client.jaxrs.i18n] (Cleaner-0) RESTEASY004687: Closing a class org.jboss.resteasy.client.jaxrs.engines.ManualClosingApacheHttpClient43Engine$CleanupAction instance for you. Please close clients yourself.
Store IT (mysql)	Run new base tests	2025-03-24T14:39:18.8021733Z [INFO] Tests run: 1, Failures: 0, Errors: 0, Skipped: 0, Time elapsed: 24.117 s - in org.keycloak.tests.admin.SMTPConnectionVaultTest
Store IT (mysql)	Run new base tests	2025-03-24T14:39:18.8031601Z [INFO] Running org.keycloak.tests.admin.authentication.RequiredActionsTest
Store IT (mysql)	Run new base tests	2025-03-24T14:39:18.8032946Z 2025-03-24 14:39:18,791 INFO  [testinfo] (main) ----------------------------------------------------------------
Store IT (mysql)	Run new base tests	2025-03-24T14:39:18.8036595Z 2025-03-24 14:39:18,791 INFO  [testinfo] (main)    RUNNING - org.keycloak.tests.admin.authentication.RequiredActionsTest
Store IT (mysql)	Run new base tests	2025-03-24T14:39:42.3946069Z [INFO] Tests run: 4, Failures: 0, Errors: 0, Skipped: 0, Time elapsed: 23.591 s - in org.keycloak.tests.admin.authentication.RequiredActionsTest
Store IT (mysql)	Run new base tests	2025-03-24T14:39:42.3960973Z [INFO] Running org.keycloak.tests.admin.authz.fgap.UserResourceTypePermissionTest
Store IT (mysql)	Run new base tests	2025-03-24T14:39:42.3981092Z 2025-03-24 14:39:42,381 INFO  [testinfo] (main) ----------------------------------------------------------------
Store IT (mysql)	Run new base tests	2025-03-24T14:39:42.3982928Z 2025-03-24 14:39:42,381 INFO  [testinfo] (main)    RUNNING - org.keycloak.tests.admin.authz.fgap.UserResourceTypePermissionTest
Store IT (mysql)	Run new base tests	2025-03-24T14:39:48.3961260Z 2025-03-24 14:39:48,307 WARN  [managed.keycloak] (pool-10-thread-1) [org.keycloak.common.Profile] (main) Experimental features enabled: admin-fine-grained-authz:v2
Store IT (mysql)	Run new base tests	2025-03-24T14:39:48.3963358Z 2025-03-24 14:39:48,315 WARN  [managed.keycloak] (pool-10-thread-1) [org.keycloak.common.Profile] (main) Experimental features enabled: admin-fine-grained-authz:v2
Store IT (mysql)	Run new base tests	2025-03-24T14:39:56.0167018Z 2025-03-24 14:39:55,930 WARN  [managed.keycloak] (pool-10-thread-1) [org.keycloak.common.Profile] (main) Experimental features enabled: admin-fine-grained-authz:v2
Store IT (mysql)	Run new base tests	2025-03-24T14:39:56.0172655Z 2025-03-24 14:39:55,930 WARN  [managed.keycloak] (pool-10-thread-1) [org.keycloak.common.Profile] (main) Experimental features enabled: admin-fine-grained-authz:v2
Store IT (mysql)	Run new base tests	2025-03-24T14:40:08.2827252Z [INFO] Tests run: 7, Failures: 0, Errors: 0, Skipped: 0, Time elapsed: 25.889 s - in org.keycloak.tests.admin.authz.fgap.UserResourceTypePermissionTest
Store IT (mysql)	Run new base tests	2025-03-24T14:40:08.2832912Z [INFO] Running org.keycloak.tests.admin.authz.fgap.RoleResourceTypeEvaluationTest
Store IT (mysql)	Run new base tests	2025-03-24T14:40:08.2834938Z 2025-03-24 14:40:08,271 INFO  [testinfo] (main) ----------------------------------------------------------------
Store IT (mysql)	Run new base tests	2025-03-24T14:40:08.2836139Z 2025-03-24 14:40:08,272 INFO  [testinfo] (main)    RUNNING - org.keycloak.tests.admin.authz.fgap.RoleResourceTypeEvaluationTest
Store IT (mysql)	Run new base tests	2025-03-24T14:40:11.9897523Z [INFO] Tests run: 3, Failures: 0, Errors: 0, Skipped: 0, Time elapsed: 3.7 s - in org.keycloak.tests.admin.authz.fgap.RoleResourceTypeEvaluationTest
Store IT (mysql)	Run new base tests	2025-03-24T14:40:11.9899970Z [INFO] Running org.keycloak.tests.admin.authz.fgap.UserResourceTypeEvaluationTest
Store IT (mysql)	Run new base tests	2025-03-24T14:40:11.9902532Z 2025-03-24 14:40:11,976 INFO  [testinfo] (main) ----------------------------------------------------------------
Store IT (mysql)	Run new base tests	2025-03-24T14:40:11.9904498Z 2025-03-24 14:40:11,976 INFO  [testinfo] (main)    RUNNING - org.keycloak.tests.admin.authz.fgap.UserResourceTypeEvaluationTest
Store IT (mysql)	Run new base tests	2025-03-24T14:40:16.7379861Z [INFO] Tests run: 11, Failures: 0, Errors: 0, Skipped: 0, Time elapsed: 4.748 s - in org.keycloak.tests.admin.authz.fgap.UserResourceTypeEvaluationTest
Store IT (mysql)	Run new base tests	2025-03-24T14:40:16.7383501Z [INFO] Running org.keycloak.tests.admin.authz.fgap.PermissionRESTTest
Store IT (mysql)	Run new base tests	2025-03-24T14:40:16.7384520Z 2025-03-24 14:40:16,726 INFO  [testinfo] (main) ----------------------------------------------------------------
Store IT (mysql)	Run new base tests	2025-03-24T14:40:16.7385633Z 2025-03-24 14:40:16,726 INFO  [testinfo] (main)    RUNNING - org.keycloak.tests.admin.authz.fgap.PermissionRESTTest
Store IT (mysql)	Run new base tests	2025-03-24T14:40:18.9456614Z [INFO] Tests run: 4, Failures: 0, Errors: 0, Skipped: 0, Time elapsed: 2.21 s - in org.keycloak.tests.admin.authz.fgap.PermissionRESTTest
Store IT (mysql)	Run new base tests	2025-03-24T14:40:18.9460205Z [INFO] Running org.keycloak.tests.admin.authz.fgap.FeatureV2EnabledTest
Store IT (mysql)	Run new base tests	2025-03-24T14:40:18.9461777Z 2025-03-24 14:40:18,936 INFO  [testinfo] (main) ----------------------------------------------------------------
Store IT (mysql)	Run new base tests	2025-03-24T14:40:18.9462727Z 2025-03-24 14:40:18,936 INFO  [testinfo] (main)    RUNNING - org.keycloak.tests.admin.authz.fgap.FeatureV2EnabledTest
Store IT (mysql)	Run new base tests	2025-03-24T14:40:21.2570514Z [INFO] Tests run: 2, Failures: 0, Errors: 0, Skipped: 0, Time elapsed: 2.307 s - in org.keycloak.tests.admin.authz.fgap.FeatureV2EnabledTest
Store IT (mysql)	Run new base tests	2025-03-24T14:40:21.2573576Z [INFO] Running org.keycloak.tests.admin.authz.fgap.GroupResourceTypeEvaluationTest
Store IT (mysql)	Run new base tests	2025-03-24T14:40:21.2575846Z 2025-03-24 14:40:21,245 INFO  [testinfo] (main) ----------------------------------------------------------------
Store IT (mysql)	Run new base tests	2025-03-24T14:40:21.2578911Z 2025-03-24 14:40:21,245 INFO  [testinfo] (main)    RUNNING - org.keycloak.tests.admin.authz.fgap.GroupResourceTypeEvaluationTest
Store IT (mysql)	Run new base tests	2025-03-24T14:40:25.1557320Z [INFO] Tests run: 6, Failures: 0, Errors: 0, Skipped: 0, Time elapsed: 3.898 s - in org.keycloak.tests.admin.authz.fgap.GroupResourceTypeEvaluationTest
Store IT (mysql)	Run new base tests	2025-03-24T14:40:25.1559093Z [INFO] Running org.keycloak.tests.admin.authz.fgap.RoleResourceTypePermissionTest
Store IT (mysql)	Run new base tests	2025-03-24T14:40:25.1560642Z 2025-03-24 14:40:25,145 INFO  [testinfo] (main) ----------------------------------------------------------------
Store IT (mysql)	Run new base tests	2025-03-24T14:40:25.1561851Z 2025-03-24 14:40:25,145 INFO  [testinfo] (main)    RUNNING - org.keycloak.tests.admin.authz.fgap.RoleResourceTypePermissionTest
Store IT (mysql)	Run new base tests	2025-03-24T14:40:28.0874774Z [INFO] Tests run: 3, Failures: 0, Errors: 0, Skipped: 0, Time elapsed: 2.928 s - in org.keycloak.tests.admin.authz.fgap.RoleResourceTypePermissionTest
Store IT (mysql)	Run new base tests	2025-03-24T14:40:28.0878519Z [INFO] Running org.keycloak.tests.admin.authz.fgap.UserResourceTypeFilteringTest
Store IT (mysql)	Run new base tests	2025-03-24T14:40:28.0880756Z 2025-03-24 14:40:28,077 INFO  [testinfo] (main) ----------------------------------------------------------------
Store IT (mysql)	Run new base tests	2025-03-24T14:40:28.0881965Z 2025-03-24 14:40:28,077 INFO  [testinfo] (main)    RUNNING - org.keycloak.tests.admin.authz.fgap.UserResourceTypeFilteringTest
Store IT (mysql)	Run new base tests	2025-03-24T14:40:34.5973307Z [INFO] Tests run: 8, Failures: 0, Errors: 0, Skipped: 0, Time elapsed: 6.513 s - in org.keycloak.tests.admin.authz.fgap.UserResourceTypeFilteringTest
Store IT (mysql)	Run new base tests	2025-03-24T14:40:34.5975132Z [INFO] Running org.keycloak.tests.admin.authz.fgap.GroupResourceTypePermissionTest
Store IT (mysql)	Run new base tests	2025-03-24T14:40:34.5976237Z 2025-03-24 14:40:34,588 INFO  [testinfo] (main) ----------------------------------------------------------------
Store IT (mysql)	Run new base tests	2025-03-24T14:40:34.5977478Z 2025-03-24 14:40:34,588 INFO  [testinfo] (main)    RUNNING - org.keycloak.tests.admin.authz.fgap.GroupResourceTypePermissionTest
Store IT (mysql)	Run new base tests	2025-03-24T14:40:37.4566105Z [INFO] Tests run: 3, Failures: 0, Errors: 0, Skipped: 0, Time elapsed: 2.849 s - in org.keycloak.tests.admin.authz.fgap.GroupResourceTypePermissionTest
Store IT (mysql)	Run new base tests	2025-03-24T14:40:37.4567690Z [INFO] Running org.keycloak.tests.admin.authz.fgap.ClientResourceTypePermissionTest
Store IT (mysql)	Run new base tests	2025-03-24T14:40:37.4568740Z 2025-03-24 14:40:37,440 INFO  [testinfo] (main) ----------------------------------------------------------------
Store IT (mysql)	Run new base tests	2025-03-24T14:40:37.4569931Z 2025-03-24 14:40:37,440 INFO  [testinfo] (main)    RUNNING - org.keycloak.tests.admin.authz.fgap.ClientResourceTypePermissionTest
Store IT (mysql)	Run new base tests	2025-03-24T14:40:40.1532605Z [INFO] Tests run: 3, Failures: 0, Errors: 0, Skipped: 0, Time elapsed: 2.704 s - in org.keycloak.tests.admin.authz.fgap.ClientResourceTypePermissionTest
Store IT (mysql)	Run new base tests	2025-03-24T14:40:40.1534004Z [INFO] Running org.keycloak.tests.admin.authz.fgap.ClientResourceTypeEvaluationTest
Store IT (mysql)	Run new base tests	2025-03-24T14:40:40.1535087Z 2025-03-24 14:40:40,145 INFO  [testinfo] (main) ----------------------------------------------------------------
Store IT (mysql)	Run new base tests	2025-03-24T14:40:40.1535895Z 2025-03-24 14:40:40,145 INFO  [testinfo] (main)    RUNNING - org.keycloak.tests.admin.authz.fgap.ClientResourceTypeEvaluationTest
Store IT (mysql)	Run new base tests	2025-03-24T14:40:42.6280387Z 2025-03-24 14:40:42,580 WARN  [managed.keycloak] (pool-10-thread-1) [org.keycloak.events] (executor-thread-2) type="LOGOUT_ERROR", realmId="default", realmName="default", clientId="myclient", userId="null", ipAddress="127.0.0.1", error="invalid_client_credentials"
Store IT (mysql)	Run new base tests	2025-03-24T14:40:43.4769613Z [INFO] Tests run: 7, Failures: 0, Errors: 0, Skipped: 0, Time elapsed: 3.318 s - in org.keycloak.tests.admin.authz.fgap.ClientResourceTypeEvaluationTest
Store IT (mysql)	Run new base tests	2025-03-24T14:40:43.4771802Z [INFO] Running org.keycloak.tests.admin.authz.fgap.FeatureV1EnabledTest
Store IT (mysql)	Run new base tests	2025-03-24T14:40:43.4772719Z 2025-03-24 14:40:43,466 INFO  [testinfo] (main) ----------------------------------------------------------------
Store IT (mysql)	Run new base tests	2025-03-24T14:40:43.4774048Z 2025-03-24 14:40:43,466 INFO  [testinfo] (main)    RUNNING - org.keycloak.tests.admin.authz.fgap.FeatureV1EnabledTest
Store IT (mysql)	Run new base tests	2025-03-24T14:41:06.4161275Z [INFO] Tests run: 1, Failures: 0, Errors: 0, Skipped: 0, Time elapsed: 22.929 s - in org.keycloak.tests.admin.authz.fgap.FeatureV1EnabledTest
Store IT (mysql)	Run new base tests	2025-03-24T14:41:06.4162544Z [INFO] Running org.keycloak.tests.admin.client.ClientSearchTest
Store IT (mysql)	Run new base tests	2025-03-24T14:41:06.4163439Z 2025-03-24 14:41:06,406 INFO  [testinfo] (main) ----------------------------------------------------------------
Store IT (mysql)	Run new base tests	2025-03-24T14:41:06.4164518Z 2025-03-24 14:41:06,406 INFO  [testinfo] (main)    RUNNING - org.keycloak.tests.admin.client.ClientSearchTest
Store IT (mysql)	Run new base tests	2025-03-24T14:41:29.4682627Z [INFO] Tests run: 1, Failures: 0, Errors: 0, Skipped: 0, Time elapsed: 23.051 s - in org.keycloak.tests.admin.client.ClientSearchTest
Store IT (mysql)	Run new base tests	2025-03-24T14:41:29.4684284Z [INFO] Running org.keycloak.tests.admin.client.DynamicClientScopeTest
Store IT (mysql)	Run new base tests	2025-03-24T14:41:29.4685504Z 2025-03-24 14:41:29,458 INFO  [testinfo] (main) ----------------------------------------------------------------
Store IT (mysql)	Run new base tests	2025-03-24T14:41:29.4686416Z 2025-03-24 14:41:29,458 INFO  [testinfo] (main)    RUNNING - org.keycloak.tests.admin.client.DynamicClientScopeTest
Store IT (mysql)	Run new base tests	2025-03-24T14:41:35.2703963Z 2025-03-24 14:41:35,262 WARN  [managed.keycloak] (pool-13-thread-1) [org.keycloak.common.Profile] (main) Experimental features enabled: dynamic-scopes:v1
Store IT (mysql)	Run new base tests	2025-03-24T14:41:35.2710942Z 2025-03-24 14:41:35,267 WARN  [managed.keycloak] (pool-13-thread-1) [org.keycloak.common.Profile] (main) Experimental features enabled: dynamic-scopes:v1
Store IT (mysql)	Run new base tests	2025-03-24T14:41:42.9935068Z 2025-03-24 14:41:42,954 WARN  [managed.keycloak] (pool-13-thread-1) [org.keycloak.common.Profile] (main) Experimental features enabled: dynamic-scopes:v1
Store IT (mysql)	Run new base tests	2025-03-24T14:41:42.9938510Z 2025-03-24 14:41:42,958 WARN  [managed.keycloak] (pool-13-thread-1) [org.keycloak.common.Profile] (main) Experimental features enabled: dynamic-scopes:v1
Store IT (mysql)	Run new base tests	2025-03-24T14:41:53.1417740Z [INFO] Tests run: 5, Failures: 0, Errors: 0, Skipped: 0, Time elapsed: 23.671 s - in org.keycloak.tests.admin.client.DynamicClientScopeTest
Store IT (mysql)	Run new base tests	2025-03-24T14:41:53.1424768Z [INFO] Running org.keycloak.tests.admin.client.InstallationTest
Store IT (mysql)	Run new base tests	2025-03-24T14:41:53.1429082Z 2025-03-24 14:41:53,131 INFO  [testinfo] (main) ----------------------------------------------------------------
Store IT (mysql)	Run new base tests	2025-03-24T14:41:53.1431355Z 2025-03-24 14:41:53,132 INFO  [testinfo] (main)    RUNNING - org.keycloak.tests.admin.client.InstallationTest
Store IT (mysql)	Run new base tests	2025-03-24T14:42:18.8765194Z [INFO] Tests run: 14, Failures: 0, Errors: 0, Skipped: 0, Time elapsed: 25.733 s - in org.keycloak.tests.admin.client.InstallationTest
Store IT (mysql)	Run new base tests	2025-03-24T14:42:18.8770656Z [INFO] Running org.keycloak.tests.admin.group.GroupSearchTest
Store IT (mysql)	Run new base tests	2025-03-24T14:42:18.8771650Z 2025-03-24 14:42:18,866 INFO  [testinfo] (main) ----------------------------------------------------------------
Store IT (mysql)	Run new base tests	2025-03-24T14:42:18.8772672Z 2025-03-24 14:42:18,866 INFO  [testinfo] (main)    RUNNING - org.keycloak.tests.admin.group.GroupSearchTest
Store IT (mysql)	Run new base tests	2025-03-24T14:42:42.4619821Z [INFO] Tests run: 5, Failures: 0, Errors: 0, Skipped: 0, Time elapsed: 23.583 s - in org.keycloak.tests.admin.group.GroupSearchTest
Store IT (mysql)	Run new base tests	2025-03-24T14:42:42.4622459Z [INFO] Running org.keycloak.tests.admin.metric.PasswordValidationMetricCustomTagsTest
Store IT (mysql)	Run new base tests	2025-03-24T14:42:42.4623489Z 2025-03-24 14:42:42,452 INFO  [testinfo] (main) ----------------------------------------------------------------
Store IT (mysql)	Run new base tests	2025-03-24T14:42:42.4624735Z 2025-03-24 14:42:42,452 INFO  [testinfo] (main)    RUNNING - org.keycloak.tests.admin.metric.PasswordValidationMetricCustomTagsTest
Store IT (mysql)	Run new base tests	2025-03-24T14:43:07.2380695Z [INFO] Tests run: 1, Failures: 0, Errors: 0, Skipped: 0, Time elapsed: 24.776 s - in org.keycloak.tests.admin.metric.PasswordValidationMetricCustomTagsTest
Store IT (mysql)	Run new base tests	2025-03-24T14:43:07.2384198Z [INFO] Running org.keycloak.tests.admin.metric.PasswordValidationMetricTest
Store IT (mysql)	Run new base tests	2025-03-24T14:43:07.2384987Z 2025-03-24 14:43:07,230 INFO  [testinfo] (main) ----------------------------------------------------------------
Store IT (mysql)	Run new base tests	2025-03-24T14:43:07.2386551Z 2025-03-24 14:43:07,230 INFO  [testinfo] (main)    RUNNING - org.keycloak.tests.admin.metric.PasswordValidationMetricTest
Store IT (mysql)	Run new base tests	2025-03-24T14:43:31.4461004Z [INFO] Tests run: 1, Failures: 0, Errors: 0, Skipped: 0, Time elapsed: 24.205 s - in org.keycloak.tests.admin.metric.PasswordValidationMetricTest
Store IT (mysql)	Run new base tests	2025-03-24T14:43:31.5228470Z [INFO] Tests run: 0, Failures: 0, Errors: 0, Skipped: 0, Time elapsed: 586.473 s - in org.keycloak.tests.suites.DatabaseTestSuite
Store IT (mysql)	Run new base tests	2025-03-24T14:43:31.8707250Z [INFO] 
Store IT (mysql)	Run new base tests	2025-03-24T14:43:31.8707699Z [INFO] Results:
Store IT (mysql)	Run new base tests	2025-03-24T14:43:31.8708081Z [INFO] 
Store IT (mysql)	Run new base tests	2025-03-24T14:43:31.8708411Z [ERROR] Failures: 
Store IT (mysql)	Run new base tests	2025-03-24T14:43:31.8709167Z [ERROR]   AttackDetectionResourceTest.test:81->assertBruteForce:99 expected: <2> but was: <1>
Store IT (mysql)	Run new base tests	2025-03-24T14:43:31.8710548Z [INFO] 
Store IT (mysql)	Run new base tests	2025-03-24T14:43:31.8710993Z [ERROR] Tests run: 279, Failures: 1, Errors: 0, Skipped: 0
Store IT (mysql)	Run new base tests	2025-03-24T14:43:31.8711519Z [INFO] 
Store IT (mysql)	Run new base tests	2025-03-24T14:43:31.8740263Z [INFO] ------------------------------------------------------------------------
Store IT (mysql)	Run new base tests	2025-03-24T14:43:31.8741056Z [INFO] Reactor Summary for Keycloak Tests Parent 999.0.0-SNAPSHOT:
Store IT (mysql)	Run new base tests	2025-03-24T14:43:31.8741637Z [INFO] 
Store IT (mysql)	Run new base tests	2025-03-24T14:43:31.8744079Z [INFO] Keycloak Tests Parent .............................. SUCCESS [  0.730 s]
Store IT (mysql)	Run new base tests	2025-03-24T14:43:31.8744968Z [INFO] Keycloak Testsuite Utilities ....................... SUCCESS [  4.775 s]
Store IT (mysql)	Run new base tests	2025-03-24T14:43:31.8745846Z [INFO] Keycloak Testsuite Utilities Shared ................ SUCCESS [  0.750 s]
Store IT (mysql)	Run new base tests	2025-03-24T14:43:31.8746723Z [INFO] Keycloak Testsuite Custom Providers ................ SUCCESS [  0.236 s]
Store IT (mysql)	Run new base tests	2025-03-24T14:43:31.8747593Z [INFO] New Keycloak Base Testsuite ........................ FAILURE [09:55 min]
Store IT (mysql)	Run new base tests	2025-03-24T14:43:31.8748338Z [INFO] ------------------------------------------------------------------------
Store IT (mysql)	Run new base tests	2025-03-24T14:43:31.8748935Z [INFO] BUILD FAILURE
Store IT (mysql)	Run new base tests	2025-03-24T14:43:31.8749451Z [INFO] ------------------------------------------------------------------------
Store IT (mysql)	Run new base tests	2025-03-24T14:43:31.8750295Z [INFO] Total time:  10:02 min
Store IT (mysql)	Run new base tests	2025-03-24T14:43:31.8750743Z [INFO] Finished at: 2025-03-24T14:43:31Z
Store IT (mysql)	Run new base tests	2025-03-24T14:43:31.8751281Z [INFO] ------------------------------------------------------------------------
Store IT (mysql)	Run new base tests	2025-03-24T14:43:31.8760982Z [ERROR] Failed to execute goal org.apache.maven.plugins:maven-surefire-plugin:3.0.0-M7:test (default-test) on project keycloak-tests-base: There are test failures.
Store IT (mysql)	Run new base tests	2025-03-24T14:43:31.8762873Z [ERROR] 
Store IT (mysql)	Run new base tests	2025-03-24T14:43:31.8763728Z [ERROR] Please refer to /home/runner/work/keycloak/keycloak/tests/base/target/surefire-reports for the individual test results.
Store IT (mysql)	Run new base tests	2025-03-24T14:43:31.8767828Z [ERROR] Please refer to dump files (if any exist) [date].dump, [date]-jvmRun[N].dump and [date].dumpstream.
Store IT (mysql)	Run new base tests	2025-03-24T14:43:31.8768643Z [ERROR] -> [Help 1]
Store IT (mysql)	Run new base tests	2025-03-24T14:43:31.8768982Z [ERROR] 
Store IT (mysql)	Run new base tests	2025-03-24T14:43:31.8769479Z [ERROR] To see the full stack trace of the errors, re-run Maven with the -e switch.
Store IT (mysql)	Run new base tests	2025-03-24T14:43:31.8770457Z [ERROR] Re-run Maven using the -X switch to enable full debug logging.
Store IT (mysql)	Run new base tests	2025-03-24T14:43:31.8771058Z [ERROR] 
Store IT (mysql)	Run new base tests	2025-03-24T14:43:31.8771768Z [ERROR] For more information about the errors and possible solutions, please read the following articles:
Store IT (mysql)	Run new base tests	2025-03-24T14:43:31.8772777Z [ERROR] [Help 1] http://cwiki.apache.org/confluence/display/MAVEN/MojoFailureException
Store IT (mysql)	Run new base tests	2025-03-24T14:43:31.8773440Z [ERROR] 
Store IT (mysql)	Run new base tests	2025-03-24T14:43:31.8773993Z [ERROR] After correcting the problems, you can resume the build with the command
Store IT (mysql)	Run new base tests	2025-03-24T14:43:31.8774725Z [ERROR]   mvn <args> -rf :keycloak-tests-base
Store IT (mysql)	Run new base tests	2025-03-24T14:43:31.8945234Z ##[error]Process completed with exit code 1.
Status Check - Keycloak CI	Run /./.github/actions/status-check	2025-03-24T15:10:41.6185533Z Prepare all required actions
Status Check - Keycloak CI	Run /./.github/actions/status-check	2025-03-24T15:10:41.6261811Z ##[group]Run ./.github/actions/status-check
Status Check - Keycloak CI	Run /./.github/actions/status-check	2025-03-24T15:10:41.6262455Z with:
Status Check - Keycloak CI	Run /./.github/actions/status-check	2025-03-24T15:10:41.6267270Z   jobs: {
Status Check - Keycloak CI	Run /./.github/actions/status-check	  "conditional": {
Status Check - Keycloak CI	Run /./.github/actions/status-check	    "result": "success",
Status Check - Keycloak CI	Run /./.github/actions/status-check	    "outputs": {
Status Check - Keycloak CI	Run /./.github/actions/status-check	      "ci": "true",
Status Check - Keycloak CI	Run /./.github/actions/status-check	      "ci-aurora": "false",
Status Check - Keycloak CI	Run /./.github/actions/status-check	      "ci-quarkus": "false",
Status Check - Keycloak CI	Run /./.github/actions/status-check	      "ci-sssd": "false",
Status Check - Keycloak CI	Run /./.github/actions/status-check	      "ci-store": "false",
Status Check - Keycloak CI	Run /./.github/actions/status-check	      "ci-webauthn": "true"
Status Check - Keycloak CI	Run /./.github/actions/status-check	    }
Status Check - Keycloak CI	Run /./.github/actions/status-check	  },
Status Check - Keycloak CI	Run /./.github/actions/status-check	  "build": {
Status Check - Keycloak CI	Run /./.github/actions/status-check	    "result": "success",
Status Check - Keycloak CI	Run /./.github/actions/status-check	    "outputs": {}
Status Check - Keycloak CI	Run /./.github/actions/status-check	  },
Status Check - Keycloak CI	Run /./.github/actions/status-check	  "unit-tests": {
Status Check - Keycloak CI	Run /./.github/actions/status-check	    "result": "success",
Status Check - Keycloak CI	Run /./.github/actions/status-check	    "outputs": {}
Status Check - Keycloak CI	Run /./.github/actions/status-check	  },
Status Check - Keycloak CI	Run /./.github/actions/status-check	  "base-integration-tests": {
Status Check - Keycloak CI	Run /./.github/actions/status-check	    "result": "success",
Status Check - Keycloak CI	Run /./.github/actions/status-check	    "outputs": {}
Status Check - Keycloak CI	Run /./.github/actions/status-check	  },
Status Check - Keycloak CI	Run /./.github/actions/status-check	  "adapter-integration-tests": {
Status Check - Keycloak CI	Run /./.github/actions/status-check	    "result": "success",
Status Check - Keycloak CI	Run /./.github/actions/status-check	    "outputs": {}
Status Check - Keycloak CI	Run /./.github/actions/status-check	  },
Status Check - Keycloak CI	Run /./.github/actions/status-check	  "adapter-integration-tests-strict-cookies": {
Status Check - Keycloak CI	Run /./.github/actions/status-check	    "result": "success",
Status Check - Keycloak CI	Run /./.github/actions/status-check	    "outputs": {}
Status Check - Keycloak CI	Run /./.github/actions/status-check	  },
Status Check - Keycloak CI	Run /./.github/actions/status-check	  "quarkus-unit-tests": {
Status Check - Keycloak CI	Run /./.github/actions/status-check	    "result": "skipped",
Status Check - Keycloak CI	Run /./.github/actions/status-check	    "outputs": {}
Status Check - Keycloak CI	Run /./.github/actions/status-check	  },
Status Check - Keycloak CI	Run /./.github/actions/status-check	  "quarkus-integration-tests": {
Status Check - Keycloak CI	Run /./.github/actions/status-check	    "result": "success",
Status Check - Keycloak CI	Run /./.github/actions/status-check	    "outputs": {}
Status Check - Keycloak CI	Run /./.github/actions/status-check	  },
Status Check - Keycloak CI	Run /./.github/actions/status-check	  "jdk-integration-tests": {
Status Check - Keycloak CI	Run /./.github/actions/status-check	    "result": "success",
Status Check - Keycloak CI	Run /./.github/actions/status-check	    "outputs": {}
Status Check - Keycloak CI	Run /./.github/actions/status-check	  },
Status Check - Keycloak CI	Run /./.github/actions/status-check	  "store-integration-tests": {
Status Check - Keycloak CI	Run /./.github/actions/status-check	    "result": "failure",
Status Check - Keycloak CI	Run /./.github/actions/status-check	    "outputs": {}
Status Check - Keycloak CI	Run /./.github/actions/status-check	  },
Status Check - Keycloak CI	Run /./.github/actions/status-check	  "volatile-sessions-tests": {
Status Check - Keycloak CI	Run /./.github/actions/status-check	    "result": "skipped",
Status Check - Keycloak CI	Run /./.github/actions/status-check	    "outputs": {}
Status Check - Keycloak CI	Run /./.github/actions/status-check	  },
Status Check - Keycloak CI	Run /./.github/actions/status-check	  "store-model-tests": {
Status Check - Keycloak CI	Run /./.github/actions/status-check	    "result": "skipped",
Status Check - Keycloak CI	Run /./.github/actions/status-check	    "outputs": {}
Status Check - Keycloak CI	Run /./.github/actions/status-check	  },
Status Check - Keycloak CI	Run /./.github/actions/status-check	  "clustering-integration-tests": {
Status Check - Keycloak CI	Run /./.github/actions/status-check	    "result": "success",
Status Check - Keycloak CI	Run /./.github/actions/status-check	    "outputs": {}
Status Check - Keycloak CI	Run /./.github/actions/status-check	  },
Status Check - Keycloak CI	Run /./.github/actions/status-check	  "fips-unit-tests": {
Status Check - Keycloak CI	Run /./.github/actions/status-check	    "result": "success",
Status Check - Keycloak CI	Run /./.github/actions/status-check	    "outputs": {}
Status Check - Keycloak CI	Run /./.github/actions/status-check	  },
Status Check - Keycloak CI	Run /./.github/actions/status-check	  "fips-integration-tests": {
Status Check - Keycloak CI	Run /./.github/actions/status-check	    "result": "success",
Status Check - Keycloak CI	Run /./.github/actions/status-check	    "outputs": {}
Status Check - Keycloak CI	Run /./.github/actions/status-check	  },
Status Check - Keycloak CI	Run /./.github/actions/status-check	  "forms-integration-tests": {
Status Check - Keycloak CI	Run /./.github/actions/status-check	    "result": "success",
Status Check - Keycloak CI	Run /./.github/actions/status-check	    "outputs": {}
Status Check - Keycloak CI	Run /./.github/actions/status-check	  },
Status Check - Keycloak CI	Run /./.github/actions/status-check	  "webauthn-integration-tests": {
Status Check - Keycloak CI	Run /./.github/actions/status-check	    "result": "success",
Status Check - Keycloak CI	Run /./.github/actions/status-check	    "outputs": {}
Status Check - Keycloak CI	Run /./.github/actions/status-check	  },
Status Check - Keycloak CI	Run /./.github/actions/status-check	  "sssd-unit-tests": {
Status Check - Keycloak CI	Run /./.github/actions/status-check	    "result": "skipped",
Status Check - Keycloak CI	Run /./.github/actions/status-check	    "outputs": {}
Status Check - Keycloak CI	Run /./.github/actions/status-check	  },
Status Check - Keycloak CI	Run /./.github/actions/status-check	  "migration-tests": {
Status Check - Keycloak CI	Run /./.github/actions/status-check	    "result": "success",
Status Check - Keycloak CI	Run /./.github/actions/status-check	    "outputs": {}
Status Check - Keycloak CI	Run /./.github/actions/status-check	  },
Status Check - Keycloak CI	Run /./.github/actions/status-check	  "external-infinispan-tests": {
Status Check - Keycloak CI	Run /./.github/actions/status-check	    "result": "skipped",
Status Check - Keycloak CI	Run /./.github/actions/status-check	    "outputs": {}
Status Check - Keycloak CI	Run /./.github/actions/status-check	  },
Status Check - Keycloak CI	Run /./.github/actions/status-check	  "test-framework": {
Status Check - Keycloak CI	Run /./.github/actions/status-check	    "result": "success",
Status Check - Keycloak CI	Run /./.github/actions/status-check	    "outputs": {}
Status Check - Keycloak CI	Run /./.github/actions/status-check	  },
Status Check - Keycloak CI	Run /./.github/actions/status-check	  "base-new-integration-tests": {
Status Check - Keycloak CI	Run /./.github/actions/status-check	    "result": "success",
Status Check - Keycloak CI	Run /./.github/actions/status-check	    "outputs": {}
Status Check - Keycloak CI	Run /./.github/actions/status-check	  }
Status Check - Keycloak CI	Run /./.github/actions/status-check	}
Status Check - Keycloak CI	Run /./.github/actions/status-check	2025-03-24T15:10:41.6272356Z env:
Status Check - Keycloak CI	Run /./.github/actions/status-check	2025-03-24T15:10:41.6272716Z   MAVEN_ARGS: -B -nsu -Daether.connector.http.connectionMaxTtl=25
Status Check - Keycloak CI	Run /./.github/actions/status-check	2025-03-24T15:10:41.6273460Z   SUREFIRE_RERUN_FAILING_COUNT: 2
Status Check - Keycloak CI	Run /./.github/actions/status-check	2025-03-24T15:10:41.6273882Z   SUREFIRE_RETRY: -Dsurefire.rerunFailingTestsCount=2
Status Check - Keycloak CI	Run /./.github/actions/status-check	2025-03-24T15:10:41.6274261Z ##[endgroup]
Status Check - Keycloak CI	Run /./.github/actions/status-check	2025-03-24T15:10:41.6462213Z ##[group]Run JOBS='{
Status Check - Keycloak CI	Run /./.github/actions/status-check	2025-03-24T15:10:41.6462660Z [36;1mJOBS='{[0m
Status Check - Keycloak CI	Run /./.github/actions/status-check	2025-03-24T15:10:41.6463093Z [36;1m  "conditional": {[0m
Status Check - Keycloak CI	Run /./.github/actions/status-check	2025-03-24T15:10:41.6463423Z [36;1m    "result": "success",[0m
Status Check - Keycloak CI	Run /./.github/actions/status-check	2025-03-24T15:10:41.6463751Z [36;1m    "outputs": {[0m
Status Check - Keycloak CI	Run /./.github/actions/status-check	2025-03-24T15:10:41.6464047Z [36;1m      "ci": "true",[0m
Status Check - Keycloak CI	Run /./.github/actions/status-check	2025-03-24T15:10:41.6464363Z [36;1m      "ci-aurora": "false",[0m
Status Check - Keycloak CI	Run /./.github/actions/status-check	2025-03-24T15:10:41.6464712Z [36;1m      "ci-quarkus": "false",[0m
Status Check - Keycloak CI	Run /./.github/actions/status-check	2025-03-24T15:10:41.6465058Z [36;1m      "ci-sssd": "false",[0m
Status Check - Keycloak CI	Run /./.github/actions/status-check	2025-03-24T15:10:41.6465395Z [36;1m      "ci-store": "false",[0m
Status Check - Keycloak CI	Run /./.github/actions/status-check	2025-03-24T15:10:41.6465741Z [36;1m      "ci-webauthn": "true"[0m
Status Check - Keycloak CI	Run /./.github/actions/status-check	2025-03-24T15:10:41.6466053Z [36;1m    }[0m
Status Check - Keycloak CI	Run /./.github/actions/status-check	2025-03-24T15:10:41.6466325Z [36;1m  },[0m
Status Check - Keycloak CI	Run /./.github/actions/status-check	2025-03-24T15:10:41.6466582Z [36;1m  "build": {[0m
Status Check - Keycloak CI	Run /./.github/actions/status-check	2025-03-24T15:10:41.6466871Z [36;1m    "result": "success",[0m
Status Check - Keycloak CI	Run /./.github/actions/status-check	2025-03-24T15:10:41.6467201Z [36;1m    "outputs": {}[0m
Status Check - Keycloak CI	Run /./.github/actions/status-check	2025-03-24T15:10:41.6467491Z [36;1m  },[0m
Status Check - Keycloak CI	Run /./.github/actions/status-check	2025-03-24T15:10:41.6467757Z [36;1m  "unit-tests": {[0m
Status Check - Keycloak CI	Run /./.github/actions/status-check	2025-03-24T15:10:41.6468060Z [36;1m    "result": "success",[0m
Status Check - Keycloak CI	Run /./.github/actions/status-check	2025-03-24T15:10:41.6468375Z [36;1m    "outputs": {}[0m
Status Check - Keycloak CI	Run /./.github/actions/status-check	2025-03-24T15:10:41.6468651Z [36;1m  },[0m
Status Check - Keycloak CI	Run /./.github/actions/status-check	2025-03-24T15:10:41.6468934Z [36;1m  "base-integration-tests": {[0m
Status Check - Keycloak CI	Run /./.github/actions/status-check	2025-03-24T15:10:41.6469282Z [36;1m    "result": "success",[0m
Status Check - Keycloak CI	Run /./.github/actions/status-check	2025-03-24T15:10:41.6469592Z [36;1m    "outputs": {}[0m
Status Check - Keycloak CI	Run /./.github/actions/status-check	2025-03-24T15:10:41.6469873Z [36;1m  },[0m
Status Check - Keycloak CI	Run /./.github/actions/status-check	2025-03-24T15:10:41.6470152Z [36;1m  "adapter-integration-tests": {[0m
Status Check - Keycloak CI	Run /./.github/actions/status-check	2025-03-24T15:10:41.6470507Z [36;1m    "result": "success",[0m
Status Check - Keycloak CI	Run /./.github/actions/status-check	2025-03-24T15:10:41.6470826Z [36;1m    "outputs": {}[0m
Status Check - Keycloak CI	Run /./.github/actions/status-check	2025-03-24T15:10:41.6471110Z [36;1m  },[0m
Status Check - Keycloak CI	Run /./.github/actions/status-check	2025-03-24T15:10:41.6471477Z [36;1m  "adapter-integration-tests-strict-cookies": {[0m
Status Check - Keycloak CI	Run /./.github/actions/status-check	2025-03-24T15:10:41.6472130Z [36;1m    "result": "success",[0m
Status Check - Keycloak CI	Run /./.github/actions/status-check	2025-03-24T15:10:41.6472440Z [36;1m    "outputs": {}[0m
Status Check - Keycloak CI	Run /./.github/actions/status-check	2025-03-24T15:10:41.6473073Z [36;1m  },[0m
Status Check - Keycloak CI	Run /./.github/actions/status-check	2025-03-24T15:10:41.6473475Z [36;1m  "quarkus-unit-tests": {[0m
Status Check - Keycloak CI	Run /./.github/actions/status-check	2025-03-24T15:10:41.6473820Z [36;1m    "result": "skipped",[0m
Status Check - Keycloak CI	Run /./.github/actions/status-check	2025-03-24T15:10:41.6474136Z [36;1m    "outputs": {}[0m
Status Check - Keycloak CI	Run /./.github/actions/status-check	2025-03-24T15:10:41.6474413Z [36;1m  },[0m
Status Check - Keycloak CI	Run /./.github/actions/status-check	2025-03-24T15:10:41.6474698Z [36;1m  "quarkus-integration-tests": {[0m
Status Check - Keycloak CI	Run /./.github/actions/status-check	2025-03-24T15:10:41.6475046Z [36;1m    "result": "success",[0m
Status Check - Keycloak CI	Run /./.github/actions/status-check	2025-03-24T15:10:41.6475356Z [36;1m    "outputs": {}[0m
Status Check - Keycloak CI	Run /./.github/actions/status-check	2025-03-24T15:10:41.6475638Z [36;1m  },[0m
Status Check - Keycloak CI	Run /./.github/actions/status-check	2025-03-24T15:10:41.6475900Z [36;1m  "jdk-integration-tests": {[0m
Status Check - Keycloak CI	Run /./.github/actions/status-check	2025-03-24T15:10:41.6476257Z [36;1m    "result": "success",[0m
Status Check - Keycloak CI	Run /./.github/actions/status-check	2025-03-24T15:10:41.6476571Z [36;1m    "outputs": {}[0m
Status Check - Keycloak CI	Run /./.github/actions/status-check	2025-03-24T15:10:41.6476851Z [36;1m  },[0m
Status Check - Keycloak CI	Run /./.github/actions/status-check	2025-03-24T15:10:41.6477126Z [36;1m  "store-integration-tests": {[0m
Status Check - Keycloak CI	Run /./.github/actions/status-check	2025-03-24T15:10:41.6477467Z [36;1m    "result": "failure",[0m
Status Check - Keycloak CI	Run /./.github/actions/status-check	2025-03-24T15:10:41.6477783Z [36;1m    "outputs": {}[0m
Status Check - Keycloak CI	Run /./.github/actions/status-check	2025-03-24T15:10:41.6478069Z [36;1m  },[0m
Status Check - Keycloak CI	Run /./.github/actions/status-check	2025-03-24T15:10:41.6478352Z [36;1m  "volatile-sessions-tests": {[0m
Status Check - Keycloak CI	Run /./.github/actions/status-check	2025-03-24T15:10:41.6478700Z [36;1m    "result": "skipped",[0m
Status Check - Keycloak CI	Run /./.github/actions/status-check	2025-03-24T15:10:41.6479007Z [36;1m    "outputs": {}[0m
Status Check - Keycloak CI	Run /./.github/actions/status-check	2025-03-24T15:10:41.6479277Z [36;1m  },[0m
Status Check - Keycloak CI	Run /./.github/actions/status-check	2025-03-24T15:10:41.6479540Z [36;1m  "store-model-tests": {[0m
Status Check - Keycloak CI	Run /./.github/actions/status-check	2025-03-24T15:10:41.6479862Z [36;1m    "result": "skipped",[0m
Status Check - Keycloak CI	Run /./.github/actions/status-check	2025-03-24T15:10:41.6480176Z [36;1m    "outputs": {}[0m
Status Check - Keycloak CI	Run /./.github/actions/status-check	2025-03-24T15:10:41.6480452Z [36;1m  },[0m
Status Check - Keycloak CI	Run /./.github/actions/status-check	2025-03-24T15:10:41.6480735Z [36;1m  "clustering-integration-tests": {[0m
Status Check - Keycloak CI	Run /./.github/actions/status-check	2025-03-24T15:10:41.6481101Z [36;1m    "result": "success",[0m
Status Check - Keycloak CI	Run /./.github/actions/status-check	2025-03-24T15:10:41.6481407Z [36;1m    "outputs": {}[0m
Status Check - Keycloak CI	Run /./.github/actions/status-check	2025-03-24T15:10:41.6481680Z [36;1m  },[0m
Status Check - Keycloak CI	Run /./.github/actions/status-check	2025-03-24T15:10:41.6481946Z [36;1m  "fips-unit-tests": {[0m
Status Check - Keycloak CI	Run /./.github/actions/status-check	2025-03-24T15:10:41.6482253Z [36;1m    "result": "success",[0m
Status Check - Keycloak CI	Run /./.github/actions/status-check	2025-03-24T15:10:41.6482561Z [36;1m    "outputs": {}[0m
Status Check - Keycloak CI	Run /./.github/actions/status-check	2025-03-24T15:10:41.6482851Z [36;1m  },[0m
Status Check - Keycloak CI	Run /./.github/actions/status-check	2025-03-24T15:10:41.6483322Z [36;1m  "fips-integration-tests": {[0m
Status Check - Keycloak CI	Run /./.github/actions/status-check	2025-03-24T15:10:41.6483674Z [36;1m    "result": "success",[0m
Status Check - Keycloak CI	Run /./.github/actions/status-check	2025-03-24T15:10:41.6483974Z [36;1m    "outputs": {}[0m
Status Check - Keycloak CI	Run /./.github/actions/status-check	2025-03-24T15:10:41.6484251Z [36;1m  },[0m
Status Check - Keycloak CI	Run /./.github/actions/status-check	2025-03-24T15:10:41.6484527Z [36;1m  "forms-integration-tests": {[0m
Status Check - Keycloak CI	Run /./.github/actions/status-check	2025-03-24T15:10:41.6484866Z [36;1m    "result": "success",[0m
Status Check - Keycloak CI	Run /./.github/actions/status-check	2025-03-24T15:10:41.6485168Z [36;1m    "outputs": {}[0m
Status Check - Keycloak CI	Run /./.github/actions/status-check	2025-03-24T15:10:41.6485432Z [36;1m  },[0m
Status Check - Keycloak CI	Run /./.github/actions/status-check	2025-03-24T15:10:41.6485708Z [36;1m  "webauthn-integration-tests": {[0m
Status Check - Keycloak CI	Run /./.github/actions/status-check	2025-03-24T15:10:41.6486061Z [36;1m    "result": "success",[0m
Status Check - Keycloak CI	Run /./.github/actions/status-check	2025-03-24T15:10:41.6486370Z [36;1m    "outputs": {}[0m
Status Check - Keycloak CI	Run /./.github/actions/status-check	2025-03-24T15:10:41.6486650Z [36;1m  },[0m
Status Check - Keycloak CI	Run /./.github/actions/status-check	2025-03-24T15:10:41.6486902Z [36;1m  "sssd-unit-tests": {[0m
Status Check - Keycloak CI	Run /./.github/actions/status-check	2025-03-24T15:10:41.6487214Z [36;1m    "result": "skipped",[0m
Status Check - Keycloak CI	Run /./.github/actions/status-check	2025-03-24T15:10:41.6487518Z [36;1m    "outputs": {}[0m
Status Check - Keycloak CI	Run /./.github/actions/status-check	2025-03-24T15:10:41.6487791Z [36;1m  },[0m
Status Check - Keycloak CI	Run /./.github/actions/status-check	2025-03-24T15:10:41.6488050Z [36;1m  "migration-tests": {[0m
Status Check - Keycloak CI	Run /./.github/actions/status-check	2025-03-24T15:10:41.6488356Z [36;1m    "result": "success",[0m
Status Check - Keycloak CI	Run /./.github/actions/status-check	2025-03-24T15:10:41.6488661Z [36;1m    "outputs": {}[0m
Status Check - Keycloak CI	Run /./.github/actions/status-check	2025-03-24T15:10:41.6488940Z [36;1m  },[0m
Status Check - Keycloak CI	Run /./.github/actions/status-check	2025-03-24T15:10:41.6489219Z [36;1m  "external-infinispan-tests": {[0m
Status Check - Keycloak CI	Run /./.github/actions/status-check	2025-03-24T15:10:41.6489558Z [36;1m    "result": "skipped",[0m
Status Check - Keycloak CI	Run /./.github/actions/status-check	2025-03-24T15:10:41.6489853Z [36;1m    "outputs": {}[0m
Status Check - Keycloak CI	Run /./.github/actions/status-check	2025-03-24T15:10:41.6490130Z [36;1m  },[0m
Status Check - Keycloak CI	Run /./.github/actions/status-check	2025-03-24T15:10:41.6490386Z [36;1m  "test-framework": {[0m
Status Check - Keycloak CI	Run /./.github/actions/status-check	2025-03-24T15:10:41.6490691Z [36;1m    "result": "success",[0m
Status Check - Keycloak CI	Run /./.github/actions/status-check	2025-03-24T15:10:41.6490996Z [36;1m    "outputs": {}[0m
Status Check - Keycloak CI	Run /./.github/actions/status-check	2025-03-24T15:10:41.6491263Z [36;1m  },[0m
Status Check - Keycloak CI	Run /./.github/actions/status-check	2025-03-24T15:10:41.6491543Z [36;1m  "base-new-integration-tests": {[0m
Status Check - Keycloak CI	Run /./.github/actions/status-check	2025-03-24T15:10:41.6491882Z [36;1m    "result": "success",[0m
Status Check - Keycloak CI	Run /./.github/actions/status-check	2025-03-24T15:10:41.6492185Z [36;1m    "outputs": {}[0m
Status Check - Keycloak CI	Run /./.github/actions/status-check	2025-03-24T15:10:41.6492459Z [36;1m  }[0m
Status Check - Keycloak CI	Run /./.github/actions/status-check	2025-03-24T15:10:41.6492691Z [36;1m}'[0m
Status Check - Keycloak CI	Run /./.github/actions/status-check	2025-03-24T15:10:41.6493049Z [36;1m[0m
Status Check - Keycloak CI	Run /./.github/actions/status-check	2025-03-24T15:10:41.6493304Z [36;1mecho "Job status:"[0m
Status Check - Keycloak CI	Run /./.github/actions/status-check	2025-03-24T15:10:41.6493934Z [36;1mecho $JOBS | jq -r 'to_entries[] | " - \(.key): \(.value.result)"'[0m
Status Check - Keycloak CI	Run /./.github/actions/status-check	2025-03-24T15:10:41.6494477Z [36;1m[0m
Status Check - Keycloak CI	Run /./.github/actions/status-check	2025-03-24T15:10:41.6494813Z [36;1mfor i in $(echo $JOBS | jq -r 'to_entries[] | .value.result'); do[0m
Status Check - Keycloak CI	Run /./.github/actions/status-check	2025-03-24T15:10:41.6495291Z [36;1m  if [ "$i" != "success" ] && [ "$i" != "skipped" ]; then[0m
Status Check - Keycloak CI	Run /./.github/actions/status-check	2025-03-24T15:10:41.6495656Z [36;1m    echo ""[0m
Status Check - Keycloak CI	Run /./.github/actions/status-check	2025-03-24T15:10:41.6495956Z [36;1m    echo "Status check not okay!"[0m
Status Check - Keycloak CI	Run /./.github/actions/status-check	2025-03-24T15:10:41.6496294Z [36;1m    exit 1[0m
Status Check - Keycloak CI	Run /./.github/actions/status-check	2025-03-24T15:10:41.6496556Z [36;1m  fi[0m
Status Check - Keycloak CI	Run /./.github/actions/status-check	2025-03-24T15:10:41.6496801Z [36;1mdone[0m
Status Check - Keycloak CI	Run /./.github/actions/status-check	2025-03-24T15:10:41.6549328Z shell: /usr/bin/bash --noprofile --norc -e -o pipefail {0}
Status Check - Keycloak CI	Run /./.github/actions/status-check	2025-03-24T15:10:41.6549820Z env:
Status Check - Keycloak CI	Run /./.github/actions/status-check	2025-03-24T15:10:41.6550211Z   MAVEN_ARGS: -B -nsu -Daether.connector.http.connectionMaxTtl=25
Status Check - Keycloak CI	Run /./.github/actions/status-check	2025-03-24T15:10:41.6550709Z   SUREFIRE_RERUN_FAILING_COUNT: 2
Status Check - Keycloak CI	Run /./.github/actions/status-check	2025-03-24T15:10:41.6551142Z   SUREFIRE_RETRY: -Dsurefire.rerunFailingTestsCount=2
Status Check - Keycloak CI	Run /./.github/actions/status-check	2025-03-24T15:10:41.6551585Z ##[endgroup]
Status Check - Keycloak CI	Run /./.github/actions/status-check	2025-03-24T15:10:41.6648997Z Job status:
Status Check - Keycloak CI	Run /./.github/actions/status-check	2025-03-24T15:10:41.6698265Z  - conditional: success
Status Check - Keycloak CI	Run /./.github/actions/status-check	2025-03-24T15:10:41.6698715Z  - build: success
Status Check - Keycloak CI	Run /./.github/actions/status-check	2025-03-24T15:10:41.6699040Z  - unit-tests: success
Status Check - Keycloak CI	Run /./.github/actions/status-check	2025-03-24T15:10:41.6699417Z  - base-integration-tests: success
Status Check - Keycloak CI	Run /./.github/actions/status-check	2025-03-24T15:10:41.6699811Z  - adapter-integration-tests: success
Status Check - Keycloak CI	Run /./.github/actions/status-check	2025-03-24T15:10:41.6700262Z  - adapter-integration-tests-strict-cookies: success
Status Check - Keycloak CI	Run /./.github/actions/status-check	2025-03-24T15:10:41.6700708Z  - quarkus-unit-tests: skipped
Status Check - Keycloak CI	Run /./.github/actions/status-check	2025-03-24T15:10:41.6701076Z  - quarkus-integration-tests: success
Status Check - Keycloak CI	Run /./.github/actions/status-check	2025-03-24T15:10:41.6701492Z  - jdk-integration-tests: success
Status Check - Keycloak CI	Run /./.github/actions/status-check	2025-03-24T15:10:41.6701865Z  - store-integration-tests: failure
Status Check - Keycloak CI	Run /./.github/actions/status-check	2025-03-24T15:10:41.6702243Z  - volatile-sessions-tests: skipped
Status Check - Keycloak CI	Run /./.github/actions/status-check	2025-03-24T15:10:41.6702620Z  - store-model-tests: skipped
Status Check - Keycloak CI	Run /./.github/actions/status-check	2025-03-24T15:10:41.6703214Z  - clustering-integration-tests: success
Status Check - Keycloak CI	Run /./.github/actions/status-check	2025-03-24T15:10:41.6703666Z  - fips-unit-tests: success
Status Check - Keycloak CI	Run /./.github/actions/status-check	2025-03-24T15:10:41.6704022Z  - fips-integration-tests: success
Status Check - Keycloak CI	Run /./.github/actions/status-check	2025-03-24T15:10:41.6704422Z  - forms-integration-tests: success
Status Check - Keycloak CI	Run /./.github/actions/status-check	2025-03-24T15:10:41.6704801Z  - webauthn-integration-tests: success
Status Check - Keycloak CI	Run /./.github/actions/status-check	2025-03-24T15:10:41.6705299Z  - sssd-unit-tests: skipped
Status Check - Keycloak CI	Run /./.github/actions/status-check	2025-03-24T15:10:41.6705867Z  - migration-tests: success
Status Check - Keycloak CI	Run /./.github/actions/status-check	2025-03-24T15:10:41.6706471Z  - external-infinispan-tests: skipped
Status Check - Keycloak CI	Run /./.github/actions/status-check	2025-03-24T15:10:41.6707115Z  - test-framework: success
Status Check - Keycloak CI	Run /./.github/actions/status-check	2025-03-24T15:10:41.6707704Z  - base-new-integration-tests: success
Status Check - Keycloak CI	Run /./.github/actions/status-check	2025-03-24T15:10:41.6734384Z 
Status Check - Keycloak CI	Run /./.github/actions/status-check	2025-03-24T15:10:41.6734691Z Status check not okay!
Status Check - Keycloak CI	Run /./.github/actions/status-check	2025-03-24T15:10:41.6747591Z ##[error]Process completed with exit code 1.
