FIPS UT	Run crypto tests	2024-01-12T19:59:02.0635889Z ##[group]Run docker run --rm --workdir /github/workspace -v "/home/runner/work/keycloak/keycloak":"/github/workspace" -v "$HOME/.m2":"/root/.m2" registry.access.redhat.com/ubi8/ubi:latest .github/scripts/run-fips-ut.sh
FIPS UT	Run crypto tests	2024-01-12T19:59:02.0638050Z [36;1mdocker run --rm --workdir /github/workspace -v "/home/runner/work/keycloak/keycloak":"/github/workspace" -v "$HOME/.m2":"/root/.m2" registry.access.redhat.com/ubi8/ubi:latest .github/scripts/run-fips-ut.sh[0m
FIPS UT	Run crypto tests	2024-01-12T19:59:02.0690310Z shell: /usr/bin/bash --noprofile --norc -e -o pipefail {0}
FIPS UT	Run crypto tests	2024-01-12T19:59:02.0690876Z env:
FIPS UT	Run crypto tests	2024-01-12T19:59:02.0691348Z   MAVEN_ARGS: -B -nsu -Daether.connector.http.connectionMaxTtl=25
FIPS UT	Run crypto tests	2024-01-12T19:59:02.0692010Z   SUREFIRE_RERUN_FAILING_COUNT: 2
FIPS UT	Run crypto tests	2024-01-12T19:59:02.0692579Z   SUREFIRE_RETRY: -Dsurefire.rerunFailingTestsCount=2
FIPS UT	Run crypto tests	2024-01-12T19:59:02.0693290Z   JAVA_HOME: /opt/hostedtoolcache/Java_Temurin-Hotspot_jdk/17.0.9-9/x64
FIPS UT	Run crypto tests	2024-01-12T19:59:02.0694045Z   JAVA_HOME_17_X64: /opt/hostedtoolcache/Java_Temurin-Hotspot_jdk/17.0.9-9/x64
FIPS UT	Run crypto tests	2024-01-12T19:59:02.0694769Z ##[endgroup]
FIPS UT	Run crypto tests	2024-01-12T19:59:02.1418938Z Unable to find image 'registry.access.redhat.com/ubi8/ubi:latest' locally
FIPS UT	Run crypto tests	2024-01-12T19:59:02.8449687Z latest: Pulling from ubi8/ubi
FIPS UT	Run crypto tests	2024-01-12T19:59:03.1593379Z c2650fe947f6: Pulling fs layer
FIPS UT	Run crypto tests	2024-01-12T19:59:03.8896159Z c2650fe947f6: Verifying Checksum
FIPS UT	Run crypto tests	2024-01-12T19:59:03.8897005Z c2650fe947f6: Download complete
FIPS UT	Run crypto tests	2024-01-12T19:59:06.7291843Z c2650fe947f6: Pull complete
FIPS UT	Run crypto tests	2024-01-12T19:59:06.7341009Z Digest: sha256:1fdb97f2d2a44fdef3feaa69100f154631bae65130105ac685d0e34eb1d8c3d0
FIPS UT	Run crypto tests	2024-01-12T19:59:06.7357397Z Status: Downloaded newer image for registry.access.redhat.com/ubi8/ubi:latest
FIPS UT	Run crypto tests	2024-01-12T19:59:10.7602326Z Updating Subscription Management repositories.
FIPS UT	Run crypto tests	2024-01-12T19:59:10.7607531Z Unable to read consumer identity
FIPS UT	Run crypto tests	2024-01-12T19:59:10.7635889Z 
FIPS UT	Run crypto tests	2024-01-12T19:59:10.7637196Z This system is not registered with an entitlement server. You can use subscription-manager to register.
FIPS UT	Run crypto tests	2024-01-12T19:59:10.7638014Z 
FIPS UT	Run crypto tests	2024-01-12T19:59:11.6313692Z Red Hat Universal Base Image 8 (RPMs) - BaseOS  865 kB/s | 717 kB     00:00    
FIPS UT	Run crypto tests	2024-01-12T19:59:14.8421204Z Red Hat Universal Base Image 8 (RPMs) - AppStre 215 kB/s | 668 kB     00:03    
FIPS UT	Run crypto tests	2024-01-12T19:59:14.8429609Z Errors during downloading metadata for repository 'ubi-8-appstream-rpms':
FIPS UT	Run crypto tests	2024-01-12T19:59:14.8432969Z   - Curl error (52): Server returned nothing (no headers, no data) for https://cdn-ubi.redhat.com/content/public/ubi/dist/ubi8/8/x86_64/appstream/os/repodata/cb85879a8b7e5ca205be113c6f40d5d326bd7ef3fb6fe710b001fe90e00eeed6-filelists.xml.gz [Empty reply from server]
FIPS UT	Run crypto tests	2024-01-12T19:59:14.8525038Z Error: Failed to download metadata for repo 'ubi-8-appstream-rpms': Yum repo downloading error: Downloading error(s): repodata/cb85879a8b7e5ca205be113c6f40d5d326bd7ef3fb6fe710b001fe90e00eeed6-filelists.xml.gz - Cannot download, all mirrors were already tried without success
FIPS UT	Run crypto tests	2024-01-12T19:59:14.9713313Z Setting system policy to FIPS
FIPS UT	Run crypto tests	2024-01-12T19:59:14.9714866Z Note: System-wide crypto policies are applied on application start-up.
FIPS UT	Run crypto tests	2024-01-12T19:59:14.9715782Z It is recommended to restart the system for the change of policies
FIPS UT	Run crypto tests	2024-01-12T19:59:14.9716409Z to fully take place.
FIPS UT	Run crypto tests	2024-01-12T19:59:14.9808617Z The grubby command is missing, please configure the bootloader manually.
FIPS UT	Run crypto tests	2024-01-12T19:59:14.9815251Z FIPS mode will be enabled.
FIPS UT	Run crypto tests	2024-01-12T19:59:14.9816094Z Now you need to configure the bootloader to add kernel options "fips=1"
FIPS UT	Run crypto tests	2024-01-12T19:59:14.9816921Z and reboot the system for the setting to take effect.
FIPS UT	Run crypto tests	2024-01-12T19:59:14.9905282Z .github/scripts/run-fips-ut.sh: line 9: /etc/alternatives/java_sdk_17/conf/security/java.security: No such file or directory
FIPS UT	Run crypto tests	2024-01-12T19:59:15.2158633Z The JAVA_HOME environment variable is not defined correctly,
FIPS UT	Run crypto tests	2024-01-12T19:59:15.2159387Z this environment variable is needed to run this program.
FIPS UT	Run crypto tests	2024-01-12T19:59:15.2705624Z The JAVA_HOME environment variable is not defined correctly,
FIPS UT	Run crypto tests	2024-01-12T19:59:15.2706933Z this environment variable is needed to run this program.
FIPS UT	Run crypto tests	2024-01-12T19:59:15.4133641Z ##[error]Process completed with exit code 1.
Status Check - Keycloak CI	Run /./.github/actions/status-check	2024-01-12T20:58:48.2013198Z Prepare all required actions
Status Check - Keycloak CI	Run /./.github/actions/status-check	2024-01-12T20:58:48.2108467Z ##[group]Run ./.github/actions/status-check
Status Check - Keycloak CI	Run /./.github/actions/status-check	2024-01-12T20:58:48.2108997Z with:
Status Check - Keycloak CI	Run /./.github/actions/status-check	2024-01-12T20:58:48.2112963Z   jobs: {
Status Check - Keycloak CI	Run /./.github/actions/status-check	  "conditional": {
Status Check - Keycloak CI	Run /./.github/actions/status-check	    "result": "success",
Status Check - Keycloak CI	Run /./.github/actions/status-check	    "outputs": {
Status Check - Keycloak CI	Run /./.github/actions/status-check	      "ci": "true",
Status Check - Keycloak CI	Run /./.github/actions/status-check	      "ci-sssd": "false",
Status Check - Keycloak CI	Run /./.github/actions/status-check	      "ci-store": "false"
Status Check - Keycloak CI	Run /./.github/actions/status-check	    }
Status Check - Keycloak CI	Run /./.github/actions/status-check	  },
Status Check - Keycloak CI	Run /./.github/actions/status-check	  "build": {
Status Check - Keycloak CI	Run /./.github/actions/status-check	    "result": "success",
Status Check - Keycloak CI	Run /./.github/actions/status-check	    "outputs": {}
Status Check - Keycloak CI	Run /./.github/actions/status-check	  },
Status Check - Keycloak CI	Run /./.github/actions/status-check	  "unit-tests": {
Status Check - Keycloak CI	Run /./.github/actions/status-check	    "result": "success",
Status Check - Keycloak CI	Run /./.github/actions/status-check	    "outputs": {}
Status Check - Keycloak CI	Run /./.github/actions/status-check	  },
Status Check - Keycloak CI	Run /./.github/actions/status-check	  "base-integration-tests": {
Status Check - Keycloak CI	Run /./.github/actions/status-check	    "result": "success",
Status Check - Keycloak CI	Run /./.github/actions/status-check	    "outputs": {}
Status Check - Keycloak CI	Run /./.github/actions/status-check	  },
Status Check - Keycloak CI	Run /./.github/actions/status-check	  "quarkus-unit-tests": {
Status Check - Keycloak CI	Run /./.github/actions/status-check	    "result": "success",
Status Check - Keycloak CI	Run /./.github/actions/status-check	    "outputs": {}
Status Check - Keycloak CI	Run /./.github/actions/status-check	  },
Status Check - Keycloak CI	Run /./.github/actions/status-check	  "quarkus-integration-tests": {
Status Check - Keycloak CI	Run /./.github/actions/status-check	    "result": "success",
Status Check - Keycloak CI	Run /./.github/actions/status-check	    "outputs": {}
Status Check - Keycloak CI	Run /./.github/actions/status-check	  },
Status Check - Keycloak CI	Run /./.github/actions/status-check	  "jdk-integration-tests": {
Status Check - Keycloak CI	Run /./.github/actions/status-check	    "result": "success",
Status Check - Keycloak CI	Run /./.github/actions/status-check	    "outputs": {}
Status Check - Keycloak CI	Run /./.github/actions/status-check	  },
Status Check - Keycloak CI	Run /./.github/actions/status-check	  "legacy-store-integration-tests": {
Status Check - Keycloak CI	Run /./.github/actions/status-check	    "result": "skipped",
Status Check - Keycloak CI	Run /./.github/actions/status-check	    "outputs": {}
Status Check - Keycloak CI	Run /./.github/actions/status-check	  },
Status Check - Keycloak CI	Run /./.github/actions/status-check	  "store-model-tests": {
Status Check - Keycloak CI	Run /./.github/actions/status-check	    "result": "skipped",
Status Check - Keycloak CI	Run /./.github/actions/status-check	    "outputs": {}
Status Check - Keycloak CI	Run /./.github/actions/status-check	  },
Status Check - Keycloak CI	Run /./.github/actions/status-check	  "clustering-integration-tests": {
Status Check - Keycloak CI	Run /./.github/actions/status-check	    "result": "success",
Status Check - Keycloak CI	Run /./.github/actions/status-check	    "outputs": {}
Status Check - Keycloak CI	Run /./.github/actions/status-check	  },
Status Check - Keycloak CI	Run /./.github/actions/status-check	  "fips-unit-tests": {
Status Check - Keycloak CI	Run /./.github/actions/status-check	    "result": "failure",
Status Check - Keycloak CI	Run /./.github/actions/status-check	    "outputs": {}
Status Check - Keycloak CI	Run /./.github/actions/status-check	  },
Status Check - Keycloak CI	Run /./.github/actions/status-check	  "fips-integration-tests": {
Status Check - Keycloak CI	Run /./.github/actions/status-check	    "result": "success",
Status Check - Keycloak CI	Run /./.github/actions/status-check	    "outputs": {}
Status Check - Keycloak CI	Run /./.github/actions/status-check	  },
Status Check - Keycloak CI	Run /./.github/actions/status-check	  "account-console-integration-tests": {
Status Check - Keycloak CI	Run /./.github/actions/status-check	    "result": "success",
Status Check - Keycloak CI	Run /./.github/actions/status-check	    "outputs": {}
Status Check - Keycloak CI	Run /./.github/actions/status-check	  },
Status Check - Keycloak CI	Run /./.github/actions/status-check	  "forms-integration-tests": {
Status Check - Keycloak CI	Run /./.github/actions/status-check	    "result": "success",
Status Check - Keycloak CI	Run /./.github/actions/status-check	    "outputs": {}
Status Check - Keycloak CI	Run /./.github/actions/status-check	  },
Status Check - Keycloak CI	Run /./.github/actions/status-check	  "webauthn-integration-tests": {
Status Check - Keycloak CI	Run /./.github/actions/status-check	    "result": "success",
Status Check - Keycloak CI	Run /./.github/actions/status-check	    "outputs": {}
Status Check - Keycloak CI	Run /./.github/actions/status-check	  },
Status Check - Keycloak CI	Run /./.github/actions/status-check	  "sssd-unit-tests": {
Status Check - Keycloak CI	Run /./.github/actions/status-check	    "result": "skipped",
Status Check - Keycloak CI	Run /./.github/actions/status-check	    "outputs": {}
Status Check - Keycloak CI	Run /./.github/actions/status-check	  },
Status Check - Keycloak CI	Run /./.github/actions/status-check	  "migration-tests": {
Status Check - Keycloak CI	Run /./.github/actions/status-check	    "result": "success",
Status Check - Keycloak CI	Run /./.github/actions/status-check	    "outputs": {}
Status Check - Keycloak CI	Run /./.github/actions/status-check	  }
Status Check - Keycloak CI	Run /./.github/actions/status-check	}
Status Check - Keycloak CI	Run /./.github/actions/status-check	2024-01-12T20:58:48.2117374Z env:
Status Check - Keycloak CI	Run /./.github/actions/status-check	2024-01-12T20:58:48.2117926Z   MAVEN_ARGS: -B -nsu -Daether.connector.http.connectionMaxTtl=25
Status Check - Keycloak CI	Run /./.github/actions/status-check	2024-01-12T20:58:48.2118478Z   SUREFIRE_RERUN_FAILING_COUNT: 2
Status Check - Keycloak CI	Run /./.github/actions/status-check	2024-01-12T20:58:48.2118970Z   SUREFIRE_RETRY: -Dsurefire.rerunFailingTestsCount=2
Status Check - Keycloak CI	Run /./.github/actions/status-check	2024-01-12T20:58:48.2119520Z ##[endgroup]
Status Check - Keycloak CI	Run /./.github/actions/status-check	2024-01-12T20:58:48.2380619Z ##[group]Run JOBS='{
Status Check - Keycloak CI	Run /./.github/actions/status-check	2024-01-12T20:58:48.2381137Z [36;1mJOBS='{[0m
Status Check - Keycloak CI	Run /./.github/actions/status-check	2024-01-12T20:58:48.2381510Z [36;1m  "conditional": {[0m
Status Check - Keycloak CI	Run /./.github/actions/status-check	2024-01-12T20:58:48.2382013Z [36;1m    "result": "success",[0m
Status Check - Keycloak CI	Run /./.github/actions/status-check	2024-01-12T20:58:48.2382404Z [36;1m    "outputs": {[0m
Status Check - Keycloak CI	Run /./.github/actions/status-check	2024-01-12T20:58:48.2382772Z [36;1m      "ci": "true",[0m
Status Check - Keycloak CI	Run /./.github/actions/status-check	2024-01-12T20:58:48.2383236Z [36;1m      "ci-sssd": "false",[0m
Status Check - Keycloak CI	Run /./.github/actions/status-check	2024-01-12T20:58:48.2383615Z [36;1m      "ci-store": "false"[0m
Status Check - Keycloak CI	Run /./.github/actions/status-check	2024-01-12T20:58:48.2384031Z [36;1m    }[0m
Status Check - Keycloak CI	Run /./.github/actions/status-check	2024-01-12T20:58:48.2384420Z [36;1m  },[0m
Status Check - Keycloak CI	Run /./.github/actions/status-check	2024-01-12T20:58:48.2384710Z [36;1m  "build": {[0m
Status Check - Keycloak CI	Run /./.github/actions/status-check	2024-01-12T20:58:48.2385084Z [36;1m    "result": "success",[0m
Status Check - Keycloak CI	Run /./.github/actions/status-check	2024-01-12T20:58:48.2385610Z [36;1m    "outputs": {}[0m
Status Check - Keycloak CI	Run /./.github/actions/status-check	2024-01-12T20:58:48.2385939Z [36;1m  },[0m
Status Check - Keycloak CI	Run /./.github/actions/status-check	2024-01-12T20:58:48.2386279Z [36;1m  "unit-tests": {[0m
Status Check - Keycloak CI	Run /./.github/actions/status-check	2024-01-12T20:58:48.2386720Z [36;1m    "result": "success",[0m
Status Check - Keycloak CI	Run /./.github/actions/status-check	2024-01-12T20:58:48.2387090Z [36;1m    "outputs": {}[0m
Status Check - Keycloak CI	Run /./.github/actions/status-check	2024-01-12T20:58:48.2387463Z [36;1m  },[0m
Status Check - Keycloak CI	Run /./.github/actions/status-check	2024-01-12T20:58:48.2387878Z [36;1m  "base-integration-tests": {[0m
Status Check - Keycloak CI	Run /./.github/actions/status-check	2024-01-12T20:58:48.2388279Z [36;1m    "result": "success",[0m
Status Check - Keycloak CI	Run /./.github/actions/status-check	2024-01-12T20:58:48.2388695Z [36;1m    "outputs": {}[0m
Status Check - Keycloak CI	Run /./.github/actions/status-check	2024-01-12T20:58:48.2389124Z [36;1m  },[0m
Status Check - Keycloak CI	Run /./.github/actions/status-check	2024-01-12T20:58:48.2389426Z [36;1m  "quarkus-unit-tests": {[0m
Status Check - Keycloak CI	Run /./.github/actions/status-check	2024-01-12T20:58:48.2389909Z [36;1m    "result": "success",[0m
Status Check - Keycloak CI	Run /./.github/actions/status-check	2024-01-12T20:58:48.2390365Z [36;1m    "outputs": {}[0m
Status Check - Keycloak CI	Run /./.github/actions/status-check	2024-01-12T20:58:48.2390700Z [36;1m  },[0m
Status Check - Keycloak CI	Run /./.github/actions/status-check	2024-01-12T20:58:48.2391059Z [36;1m  "quarkus-integration-tests": {[0m
Status Check - Keycloak CI	Run /./.github/actions/status-check	2024-01-12T20:58:48.2391566Z [36;1m    "result": "success",[0m
Status Check - Keycloak CI	Run /./.github/actions/status-check	2024-01-12T20:58:48.2391938Z [36;1m    "outputs": {}[0m
Status Check - Keycloak CI	Run /./.github/actions/status-check	2024-01-12T20:58:48.2392292Z [36;1m  },[0m
Status Check - Keycloak CI	Run /./.github/actions/status-check	2024-01-12T20:58:48.2392702Z [36;1m  "jdk-integration-tests": {[0m
Status Check - Keycloak CI	Run /./.github/actions/status-check	2024-01-12T20:58:48.2393103Z [36;1m    "result": "success",[0m
Status Check - Keycloak CI	Run /./.github/actions/status-check	2024-01-12T20:58:48.2393496Z [36;1m    "outputs": {}[0m
Status Check - Keycloak CI	Run /./.github/actions/status-check	2024-01-12T20:58:48.2393913Z [36;1m  },[0m
Status Check - Keycloak CI	Run /./.github/actions/status-check	2024-01-12T20:58:48.2394271Z [36;1m  "legacy-store-integration-tests": {[0m
Status Check - Keycloak CI	Run /./.github/actions/status-check	2024-01-12T20:58:48.2394792Z [36;1m    "result": "skipped",[0m
Status Check - Keycloak CI	Run /./.github/actions/status-check	2024-01-12T20:58:48.2395502Z [36;1m    "outputs": {}[0m
Status Check - Keycloak CI	Run /./.github/actions/status-check	2024-01-12T20:58:48.2395860Z [36;1m  },[0m
Status Check - Keycloak CI	Run /./.github/actions/status-check	2024-01-12T20:58:48.2396160Z [36;1m  "store-model-tests": {[0m
Status Check - Keycloak CI	Run /./.github/actions/status-check	2024-01-12T20:58:48.2396967Z [36;1m    "result": "skipped",[0m
Status Check - Keycloak CI	Run /./.github/actions/status-check	2024-01-12T20:58:48.2397366Z [36;1m    "outputs": {}[0m
Status Check - Keycloak CI	Run /./.github/actions/status-check	2024-01-12T20:58:48.2397702Z [36;1m  },[0m
Status Check - Keycloak CI	Run /./.github/actions/status-check	2024-01-12T20:58:48.2398216Z [36;1m  "clustering-integration-tests": {[0m
Status Check - Keycloak CI	Run /./.github/actions/status-check	2024-01-12T20:58:48.2398674Z [36;1m    "result": "success",[0m
Status Check - Keycloak CI	Run /./.github/actions/status-check	2024-01-12T20:58:48.2399060Z [36;1m    "outputs": {}[0m
Status Check - Keycloak CI	Run /./.github/actions/status-check	2024-01-12T20:58:48.2399493Z [36;1m  },[0m
Status Check - Keycloak CI	Run /./.github/actions/status-check	2024-01-12T20:58:48.2399881Z [36;1m  "fips-unit-tests": {[0m
Status Check - Keycloak CI	Run /./.github/actions/status-check	2024-01-12T20:58:48.2400373Z [36;1m    "result": "failure",[0m
Status Check - Keycloak CI	Run /./.github/actions/status-check	2024-01-12T20:58:48.2400736Z [36;1m    "outputs": {}[0m
Status Check - Keycloak CI	Run /./.github/actions/status-check	2024-01-12T20:58:48.2401087Z [36;1m  },[0m
Status Check - Keycloak CI	Run /./.github/actions/status-check	2024-01-12T20:58:48.2401514Z [36;1m  "fips-integration-tests": {[0m
Status Check - Keycloak CI	Run /./.github/actions/status-check	2024-01-12T20:58:48.2401911Z [36;1m    "result": "success",[0m
Status Check - Keycloak CI	Run /./.github/actions/status-check	2024-01-12T20:58:48.2402316Z [36;1m    "outputs": {}[0m
Status Check - Keycloak CI	Run /./.github/actions/status-check	2024-01-12T20:58:48.2402736Z [36;1m  },[0m
Status Check - Keycloak CI	Run /./.github/actions/status-check	2024-01-12T20:58:48.2403085Z [36;1m  "account-console-integration-tests": {[0m
Status Check - Keycloak CI	Run /./.github/actions/status-check	2024-01-12T20:58:48.2403578Z [36;1m    "result": "success",[0m
Status Check - Keycloak CI	Run /./.github/actions/status-check	2024-01-12T20:58:48.2404041Z [36;1m    "outputs": {}[0m
Status Check - Keycloak CI	Run /./.github/actions/status-check	2024-01-12T20:58:48.2404359Z [36;1m  },[0m
Status Check - Keycloak CI	Run /./.github/actions/status-check	2024-01-12T20:58:48.2404780Z [36;1m  "forms-integration-tests": {[0m
Status Check - Keycloak CI	Run /./.github/actions/status-check	2024-01-12T20:58:48.2405605Z [36;1m    "result": "success",[0m
Status Check - Keycloak CI	Run /./.github/actions/status-check	2024-01-12T20:58:48.2405996Z [36;1m    "outputs": {}[0m
Status Check - Keycloak CI	Run /./.github/actions/status-check	2024-01-12T20:58:48.2406368Z [36;1m  },[0m
Status Check - Keycloak CI	Run /./.github/actions/status-check	2024-01-12T20:58:48.2406803Z [36;1m  "webauthn-integration-tests": {[0m
Status Check - Keycloak CI	Run /./.github/actions/status-check	2024-01-12T20:58:48.2407221Z [36;1m    "result": "success",[0m
Status Check - Keycloak CI	Run /./.github/actions/status-check	2024-01-12T20:58:48.2407628Z [36;1m    "outputs": {}[0m
Status Check - Keycloak CI	Run /./.github/actions/status-check	2024-01-12T20:58:48.2408043Z [36;1m  },[0m
Status Check - Keycloak CI	Run /./.github/actions/status-check	2024-01-12T20:58:48.2408336Z [36;1m  "sssd-unit-tests": {[0m
Status Check - Keycloak CI	Run /./.github/actions/status-check	2024-01-12T20:58:48.2408750Z [36;1m    "result": "skipped",[0m
Status Check - Keycloak CI	Run /./.github/actions/status-check	2024-01-12T20:58:48.2409208Z [36;1m    "outputs": {}[0m
Status Check - Keycloak CI	Run /./.github/actions/status-check	2024-01-12T20:58:48.2409539Z [36;1m  },[0m
Status Check - Keycloak CI	Run /./.github/actions/status-check	2024-01-12T20:58:48.2409935Z [36;1m  "migration-tests": {[0m
Status Check - Keycloak CI	Run /./.github/actions/status-check	2024-01-12T20:58:48.2410396Z [36;1m    "result": "success",[0m
Status Check - Keycloak CI	Run /./.github/actions/status-check	2024-01-12T20:58:48.2410768Z [36;1m    "outputs": {}[0m
Status Check - Keycloak CI	Run /./.github/actions/status-check	2024-01-12T20:58:48.2411125Z [36;1m  }[0m
Status Check - Keycloak CI	Run /./.github/actions/status-check	2024-01-12T20:58:48.2411495Z [36;1m}'[0m
Status Check - Keycloak CI	Run /./.github/actions/status-check	2024-01-12T20:58:48.2411784Z [36;1m[0m
Status Check - Keycloak CI	Run /./.github/actions/status-check	2024-01-12T20:58:48.2412100Z [36;1mecho "Job status:"[0m
Status Check - Keycloak CI	Run /./.github/actions/status-check	2024-01-12T20:58:48.2412711Z [36;1mecho $JOBS | jq -r 'to_entries[] | " - \(.key): \(.value.result)"'[0m
Status Check - Keycloak CI	Run /./.github/actions/status-check	2024-01-12T20:58:48.2413240Z [36;1m[0m
Status Check - Keycloak CI	Run /./.github/actions/status-check	2024-01-12T20:58:48.2413691Z [36;1mfor i in $(echo $JOBS | jq -r 'to_entries[] | .value.result'); do[0m
Status Check - Keycloak CI	Run /./.github/actions/status-check	2024-01-12T20:58:48.2414422Z [36;1m  if [ "$i" != "success" ] && [ "$i" != "skipped" ]; then[0m
Status Check - Keycloak CI	Run /./.github/actions/status-check	2024-01-12T20:58:48.2414882Z [36;1m    echo ""[0m
Status Check - Keycloak CI	Run /./.github/actions/status-check	2024-01-12T20:58:48.2415321Z [36;1m    echo "Status check not okay!"[0m
Status Check - Keycloak CI	Run /./.github/actions/status-check	2024-01-12T20:58:48.2415824Z [36;1m    exit 1[0m
Status Check - Keycloak CI	Run /./.github/actions/status-check	2024-01-12T20:58:48.2416123Z [36;1m  fi[0m
Status Check - Keycloak CI	Run /./.github/actions/status-check	2024-01-12T20:58:48.2416434Z [36;1mdone[0m
Status Check - Keycloak CI	Run /./.github/actions/status-check	2024-01-12T20:58:48.2482783Z shell: /usr/bin/bash --noprofile --norc -e -o pipefail {0}
Status Check - Keycloak CI	Run /./.github/actions/status-check	2024-01-12T20:58:48.2483322Z env:
Status Check - Keycloak CI	Run /./.github/actions/status-check	2024-01-12T20:58:48.2483937Z   MAVEN_ARGS: -B -nsu -Daether.connector.http.connectionMaxTtl=25
Status Check - Keycloak CI	Run /./.github/actions/status-check	2024-01-12T20:58:48.2484501Z   SUREFIRE_RERUN_FAILING_COUNT: 2
Status Check - Keycloak CI	Run /./.github/actions/status-check	2024-01-12T20:58:48.2485294Z   SUREFIRE_RETRY: -Dsurefire.rerunFailingTestsCount=2
Status Check - Keycloak CI	Run /./.github/actions/status-check	2024-01-12T20:58:48.2485773Z ##[endgroup]
Status Check - Keycloak CI	Run /./.github/actions/status-check	2024-01-12T20:58:48.2629473Z Job status:
Status Check - Keycloak CI	Run /./.github/actions/status-check	2024-01-12T20:58:48.2877335Z  - conditional: success
Status Check - Keycloak CI	Run /./.github/actions/status-check	2024-01-12T20:58:48.2877985Z  - build: success
Status Check - Keycloak CI	Run /./.github/actions/status-check	2024-01-12T20:58:48.2878747Z  - unit-tests: success
Status Check - Keycloak CI	Run /./.github/actions/status-check	2024-01-12T20:58:48.2879222Z  - base-integration-tests: success
Status Check - Keycloak CI	Run /./.github/actions/status-check	2024-01-12T20:58:48.2879662Z  - quarkus-unit-tests: success
Status Check - Keycloak CI	Run /./.github/actions/status-check	2024-01-12T20:58:48.2880209Z  - quarkus-integration-tests: success
Status Check - Keycloak CI	Run /./.github/actions/status-check	2024-01-12T20:58:48.2880688Z  - jdk-integration-tests: success
Status Check - Keycloak CI	Run /./.github/actions/status-check	2024-01-12T20:58:48.2881130Z  - legacy-store-integration-tests: skipped
Status Check - Keycloak CI	Run /./.github/actions/status-check	2024-01-12T20:58:48.2881693Z  - store-model-tests: skipped
Status Check - Keycloak CI	Run /./.github/actions/status-check	2024-01-12T20:58:48.2882147Z  - clustering-integration-tests: success
Status Check - Keycloak CI	Run /./.github/actions/status-check	2024-01-12T20:58:48.2882865Z  - fips-unit-tests: failure
Status Check - Keycloak CI	Run /./.github/actions/status-check	2024-01-12T20:58:48.2883375Z  - fips-integration-tests: success
Status Check - Keycloak CI	Run /./.github/actions/status-check	2024-01-12T20:58:48.2883882Z  - account-console-integration-tests: success
Status Check - Keycloak CI	Run /./.github/actions/status-check	2024-01-12T20:58:48.2884574Z  - forms-integration-tests: success
Status Check - Keycloak CI	Run /./.github/actions/status-check	2024-01-12T20:58:48.2885489Z  - webauthn-integration-tests: success
Status Check - Keycloak CI	Run /./.github/actions/status-check	2024-01-12T20:58:48.2886323Z  - sssd-unit-tests: skipped
Status Check - Keycloak CI	Run /./.github/actions/status-check	2024-01-12T20:58:48.2886952Z  - migration-tests: success
Status Check - Keycloak CI	Run /./.github/actions/status-check	2024-01-12T20:58:48.3092679Z 
Status Check - Keycloak CI	Run /./.github/actions/status-check	2024-01-12T20:58:48.3093002Z Status check not okay!
Status Check - Keycloak CI	Run /./.github/actions/status-check	2024-01-12T20:58:48.3106224Z ##[error]Process completed with exit code 1.
