FIPS UT	Run crypto tests	2024-03-06T14:13:59.6034639Z ##[group]Run docker run --rm --workdir /github/workspace -v "/home/runner/work/keycloak/keycloak":"/github/workspace" -v "$HOME/.m2":"/root/.m2" registry.access.redhat.com/ubi8/ubi:latest .github/scripts/run-fips-ut.sh
FIPS UT	Run crypto tests	2024-03-06T14:13:59.6037441Z [36;1mdocker run --rm --workdir /github/workspace -v "/home/runner/work/keycloak/keycloak":"/github/workspace" -v "$HOME/.m2":"/root/.m2" registry.access.redhat.com/ubi8/ubi:latest .github/scripts/run-fips-ut.sh[0m
FIPS UT	Run crypto tests	2024-03-06T14:13:59.6071422Z shell: /usr/bin/bash --noprofile --norc -e -o pipefail {0}
FIPS UT	Run crypto tests	2024-03-06T14:13:59.6072095Z env:
FIPS UT	Run crypto tests	2024-03-06T14:13:59.6072591Z   MAVEN_ARGS: -B -nsu -Daether.connector.http.connectionMaxTtl=25
FIPS UT	Run crypto tests	2024-03-06T14:13:59.6073268Z   SUREFIRE_RERUN_FAILING_COUNT: 2
FIPS UT	Run crypto tests	2024-03-06T14:13:59.6073851Z   SUREFIRE_RETRY: -Dsurefire.rerunFailingTestsCount=2
FIPS UT	Run crypto tests	2024-03-06T14:13:59.6074529Z   JAVA_HOME: /opt/hostedtoolcache/Java_Temurin-Hotspot_jdk/17.0.10-7/x64
FIPS UT	Run crypto tests	2024-03-06T14:13:59.6075409Z   JAVA_HOME_17_X64: /opt/hostedtoolcache/Java_Temurin-Hotspot_jdk/17.0.10-7/x64
FIPS UT	Run crypto tests	2024-03-06T14:13:59.6076129Z ##[endgroup]
FIPS UT	Run crypto tests	2024-03-06T14:13:59.6559422Z Unable to find image 'registry.access.redhat.com/ubi8/ubi:latest' locally
FIPS UT	Run crypto tests	2024-03-06T14:14:31.8645458Z docker: Error response from daemon: missing or empty Content-Length header.
FIPS UT	Run crypto tests	2024-03-06T14:14:31.8646142Z See 'docker run --help'.
FIPS UT	Run crypto tests	2024-03-06T14:14:31.8672241Z ##[error]Process completed with exit code 125.
Status Check - Keycloak CI	Run /./.github/actions/status-check	2024-03-06T15:10:18.7735457Z Prepare all required actions
Status Check - Keycloak CI	Run /./.github/actions/status-check	2024-03-06T15:10:18.7830970Z ##[group]Run ./.github/actions/status-check
Status Check - Keycloak CI	Run /./.github/actions/status-check	2024-03-06T15:10:18.7831538Z with:
Status Check - Keycloak CI	Run /./.github/actions/status-check	2024-03-06T15:10:18.7835879Z   jobs: {
Status Check - Keycloak CI	Run /./.github/actions/status-check	  "conditional": {
Status Check - Keycloak CI	Run /./.github/actions/status-check	    "result": "success",
Status Check - Keycloak CI	Run /./.github/actions/status-check	    "outputs": {
Status Check - Keycloak CI	Run /./.github/actions/status-check	      "ci": "true",
Status Check - Keycloak CI	Run /./.github/actions/status-check	      "ci-sssd": "false",
Status Check - Keycloak CI	Run /./.github/actions/status-check	      "ci-store": "false",
Status Check - Keycloak CI	Run /./.github/actions/status-check	      "ci-store-matrix": "[\"postgres\",\"mysql\",\"oracle\",\"mssql\",\"mariadb\"]"
Status Check - Keycloak CI	Run /./.github/actions/status-check	    }
Status Check - Keycloak CI	Run /./.github/actions/status-check	  },
Status Check - Keycloak CI	Run /./.github/actions/status-check	  "build": {
Status Check - Keycloak CI	Run /./.github/actions/status-check	    "result": "success",
Status Check - Keycloak CI	Run /./.github/actions/status-check	    "outputs": {}
Status Check - Keycloak CI	Run /./.github/actions/status-check	  },
Status Check - Keycloak CI	Run /./.github/actions/status-check	  "unit-tests": {
Status Check - Keycloak CI	Run /./.github/actions/status-check	    "result": "success",
Status Check - Keycloak CI	Run /./.github/actions/status-check	    "outputs": {}
Status Check - Keycloak CI	Run /./.github/actions/status-check	  },
Status Check - Keycloak CI	Run /./.github/actions/status-check	  "base-integration-tests": {
Status Check - Keycloak CI	Run /./.github/actions/status-check	    "result": "success",
Status Check - Keycloak CI	Run /./.github/actions/status-check	    "outputs": {}
Status Check - Keycloak CI	Run /./.github/actions/status-check	  },
Status Check - Keycloak CI	Run /./.github/actions/status-check	  "adapter-integration-tests": {
Status Check - Keycloak CI	Run /./.github/actions/status-check	    "result": "success",
Status Check - Keycloak CI	Run /./.github/actions/status-check	    "outputs": {}
Status Check - Keycloak CI	Run /./.github/actions/status-check	  },
Status Check - Keycloak CI	Run /./.github/actions/status-check	  "quarkus-unit-tests": {
Status Check - Keycloak CI	Run /./.github/actions/status-check	    "result": "success",
Status Check - Keycloak CI	Run /./.github/actions/status-check	    "outputs": {}
Status Check - Keycloak CI	Run /./.github/actions/status-check	  },
Status Check - Keycloak CI	Run /./.github/actions/status-check	  "quarkus-integration-tests": {
Status Check - Keycloak CI	Run /./.github/actions/status-check	    "result": "success",
Status Check - Keycloak CI	Run /./.github/actions/status-check	    "outputs": {}
Status Check - Keycloak CI	Run /./.github/actions/status-check	  },
Status Check - Keycloak CI	Run /./.github/actions/status-check	  "jdk-integration-tests": {
Status Check - Keycloak CI	Run /./.github/actions/status-check	    "result": "success",
Status Check - Keycloak CI	Run /./.github/actions/status-check	    "outputs": {}
Status Check - Keycloak CI	Run /./.github/actions/status-check	  },
Status Check - Keycloak CI	Run /./.github/actions/status-check	  "store-integration-tests": {
Status Check - Keycloak CI	Run /./.github/actions/status-check	    "result": "skipped",
Status Check - Keycloak CI	Run /./.github/actions/status-check	    "outputs": {}
Status Check - Keycloak CI	Run /./.github/actions/status-check	  },
Status Check - Keycloak CI	Run /./.github/actions/status-check	  "store-model-tests": {
Status Check - Keycloak CI	Run /./.github/actions/status-check	    "result": "skipped",
Status Check - Keycloak CI	Run /./.github/actions/status-check	    "outputs": {}
Status Check - Keycloak CI	Run /./.github/actions/status-check	  },
Status Check - Keycloak CI	Run /./.github/actions/status-check	  "clustering-integration-tests": {
Status Check - Keycloak CI	Run /./.github/actions/status-check	    "result": "success",
Status Check - Keycloak CI	Run /./.github/actions/status-check	    "outputs": {}
Status Check - Keycloak CI	Run /./.github/actions/status-check	  },
Status Check - Keycloak CI	Run /./.github/actions/status-check	  "fips-unit-tests": {
Status Check - Keycloak CI	Run /./.github/actions/status-check	    "result": "failure",
Status Check - Keycloak CI	Run /./.github/actions/status-check	    "outputs": {}
Status Check - Keycloak CI	Run /./.github/actions/status-check	  },
Status Check - Keycloak CI	Run /./.github/actions/status-check	  "fips-integration-tests": {
Status Check - Keycloak CI	Run /./.github/actions/status-check	    "result": "success",
Status Check - Keycloak CI	Run /./.github/actions/status-check	    "outputs": {}
Status Check - Keycloak CI	Run /./.github/actions/status-check	  },
Status Check - Keycloak CI	Run /./.github/actions/status-check	  "account-console-integration-tests": {
Status Check - Keycloak CI	Run /./.github/actions/status-check	    "result": "success",
Status Check - Keycloak CI	Run /./.github/actions/status-check	    "outputs": {}
Status Check - Keycloak CI	Run /./.github/actions/status-check	  },
Status Check - Keycloak CI	Run /./.github/actions/status-check	  "forms-integration-tests": {
Status Check - Keycloak CI	Run /./.github/actions/status-check	    "result": "success",
Status Check - Keycloak CI	Run /./.github/actions/status-check	    "outputs": {}
Status Check - Keycloak CI	Run /./.github/actions/status-check	  },
Status Check - Keycloak CI	Run /./.github/actions/status-check	  "webauthn-integration-tests": {
Status Check - Keycloak CI	Run /./.github/actions/status-check	    "result": "success",
Status Check - Keycloak CI	Run /./.github/actions/status-check	    "outputs": {}
Status Check - Keycloak CI	Run /./.github/actions/status-check	  },
Status Check - Keycloak CI	Run /./.github/actions/status-check	  "sssd-unit-tests": {
Status Check - Keycloak CI	Run /./.github/actions/status-check	    "result": "skipped",
Status Check - Keycloak CI	Run /./.github/actions/status-check	    "outputs": {}
Status Check - Keycloak CI	Run /./.github/actions/status-check	  },
Status Check - Keycloak CI	Run /./.github/actions/status-check	  "migration-tests": {
Status Check - Keycloak CI	Run /./.github/actions/status-check	    "result": "success",
Status Check - Keycloak CI	Run /./.github/actions/status-check	    "outputs": {}
Status Check - Keycloak CI	Run /./.github/actions/status-check	  }
Status Check - Keycloak CI	Run /./.github/actions/status-check	}
Status Check - Keycloak CI	Run /./.github/actions/status-check	2024-03-06T15:10:18.7840872Z env:
Status Check - Keycloak CI	Run /./.github/actions/status-check	2024-03-06T15:10:18.7841304Z   MAVEN_ARGS: -B -nsu -Daether.connector.http.connectionMaxTtl=25
Status Check - Keycloak CI	Run /./.github/actions/status-check	2024-03-06T15:10:18.7841934Z   SUREFIRE_RERUN_FAILING_COUNT: 2
Status Check - Keycloak CI	Run /./.github/actions/status-check	2024-03-06T15:10:18.7842415Z   SUREFIRE_RETRY: -Dsurefire.rerunFailingTestsCount=2
Status Check - Keycloak CI	Run /./.github/actions/status-check	2024-03-06T15:10:18.7842862Z ##[endgroup]
Status Check - Keycloak CI	Run /./.github/actions/status-check	2024-03-06T15:10:18.8108097Z ##[group]Run JOBS='{
Status Check - Keycloak CI	Run /./.github/actions/status-check	2024-03-06T15:10:18.8108622Z [36;1mJOBS='{[0m
Status Check - Keycloak CI	Run /./.github/actions/status-check	2024-03-06T15:10:18.8109005Z [36;1m  "conditional": {[0m
Status Check - Keycloak CI	Run /./.github/actions/status-check	2024-03-06T15:10:18.8109485Z [36;1m    "result": "success",[0m
Status Check - Keycloak CI	Run /./.github/actions/status-check	2024-03-06T15:10:18.8109851Z [36;1m    "outputs": {[0m
Status Check - Keycloak CI	Run /./.github/actions/status-check	2024-03-06T15:10:18.8110238Z [36;1m      "ci": "true",[0m
Status Check - Keycloak CI	Run /./.github/actions/status-check	2024-03-06T15:10:18.8110683Z [36;1m      "ci-sssd": "false",[0m
Status Check - Keycloak CI	Run /./.github/actions/status-check	2024-03-06T15:10:18.8111055Z [36;1m      "ci-store": "false",[0m
Status Check - Keycloak CI	Run /./.github/actions/status-check	2024-03-06T15:10:18.8111702Z [36;1m      "ci-store-matrix": "[\"postgres\",\"mysql\",\"oracle\",\"mssql\",\"mariadb\"]"[0m
Status Check - Keycloak CI	Run /./.github/actions/status-check	2024-03-06T15:10:18.8112366Z [36;1m    }[0m
Status Check - Keycloak CI	Run /./.github/actions/status-check	2024-03-06T15:10:18.8112679Z [36;1m  },[0m
Status Check - Keycloak CI	Run /./.github/actions/status-check	2024-03-06T15:10:18.8112975Z [36;1m  "build": {[0m
Status Check - Keycloak CI	Run /./.github/actions/status-check	2024-03-06T15:10:18.8113383Z [36;1m    "result": "success",[0m
Status Check - Keycloak CI	Run /./.github/actions/status-check	2024-03-06T15:10:18.8113789Z [36;1m    "outputs": {}[0m
Status Check - Keycloak CI	Run /./.github/actions/status-check	2024-03-06T15:10:18.8114109Z [36;1m  },[0m
Status Check - Keycloak CI	Run /./.github/actions/status-check	2024-03-06T15:10:18.8114499Z [36;1m  "unit-tests": {[0m
Status Check - Keycloak CI	Run /./.github/actions/status-check	2024-03-06T15:10:18.8114882Z [36;1m    "result": "success",[0m
Status Check - Keycloak CI	Run /./.github/actions/status-check	2024-03-06T15:10:18.8115242Z [36;1m    "outputs": {}[0m
Status Check - Keycloak CI	Run /./.github/actions/status-check	2024-03-06T15:10:18.8115643Z [36;1m  },[0m
Status Check - Keycloak CI	Run /./.github/actions/status-check	2024-03-06T15:10:18.8116001Z [36;1m  "base-integration-tests": {[0m
Status Check - Keycloak CI	Run /./.github/actions/status-check	2024-03-06T15:10:18.8116399Z [36;1m    "result": "success",[0m
Status Check - Keycloak CI	Run /./.github/actions/status-check	2024-03-06T15:10:18.8116858Z [36;1m    "outputs": {}[0m
Status Check - Keycloak CI	Run /./.github/actions/status-check	2024-03-06T15:10:18.8117229Z [36;1m  },[0m
Status Check - Keycloak CI	Run /./.github/actions/status-check	2024-03-06T15:10:18.8117555Z [36;1m  "adapter-integration-tests": {[0m
Status Check - Keycloak CI	Run /./.github/actions/status-check	2024-03-06T15:10:18.8118064Z [36;1m    "result": "success",[0m
Status Check - Keycloak CI	Run /./.github/actions/status-check	2024-03-06T15:10:18.8118469Z [36;1m    "outputs": {}[0m
Status Check - Keycloak CI	Run /./.github/actions/status-check	2024-03-06T15:10:18.8118785Z [36;1m  },[0m
Status Check - Keycloak CI	Run /./.github/actions/status-check	2024-03-06T15:10:18.8119187Z [36;1m  "quarkus-unit-tests": {[0m
Status Check - Keycloak CI	Run /./.github/actions/status-check	2024-03-06T15:10:18.8119609Z [36;1m    "result": "success",[0m
Status Check - Keycloak CI	Run /./.github/actions/status-check	2024-03-06T15:10:18.8119961Z [36;1m    "outputs": {}[0m
Status Check - Keycloak CI	Run /./.github/actions/status-check	2024-03-06T15:10:18.8120389Z [36;1m  },[0m
Status Check - Keycloak CI	Run /./.github/actions/status-check	2024-03-06T15:10:18.8120739Z [36;1m  "quarkus-integration-tests": {[0m
Status Check - Keycloak CI	Run /./.github/actions/status-check	2024-03-06T15:10:18.8121386Z [36;1m    "result": "success",[0m
Status Check - Keycloak CI	Run /./.github/actions/status-check	2024-03-06T15:10:18.8121870Z [36;1m    "outputs": {}[0m
Status Check - Keycloak CI	Run /./.github/actions/status-check	2024-03-06T15:10:18.8122219Z [36;1m  },[0m
Status Check - Keycloak CI	Run /./.github/actions/status-check	2024-03-06T15:10:18.8122744Z [36;1m  "jdk-integration-tests": {[0m
Status Check - Keycloak CI	Run /./.github/actions/status-check	2024-03-06T15:10:18.8123243Z [36;1m    "result": "success",[0m
Status Check - Keycloak CI	Run /./.github/actions/status-check	2024-03-06T15:10:18.8123633Z [36;1m    "outputs": {}[0m
Status Check - Keycloak CI	Run /./.github/actions/status-check	2024-03-06T15:10:18.8123959Z [36;1m  },[0m
Status Check - Keycloak CI	Run /./.github/actions/status-check	2024-03-06T15:10:18.8124371Z [36;1m  "store-integration-tests": {[0m
Status Check - Keycloak CI	Run /./.github/actions/status-check	2024-03-06T15:10:18.8124806Z [36;1m    "result": "skipped",[0m
Status Check - Keycloak CI	Run /./.github/actions/status-check	2024-03-06T15:10:18.8125172Z [36;1m    "outputs": {}[0m
Status Check - Keycloak CI	Run /./.github/actions/status-check	2024-03-06T15:10:18.8125586Z [36;1m  },[0m
Status Check - Keycloak CI	Run /./.github/actions/status-check	2024-03-06T15:10:18.8125917Z [36;1m  "store-model-tests": {[0m
Status Check - Keycloak CI	Run /./.github/actions/status-check	2024-03-06T15:10:18.8126303Z [36;1m    "result": "skipped",[0m
Status Check - Keycloak CI	Run /./.github/actions/status-check	2024-03-06T15:10:18.8126755Z [36;1m    "outputs": {}[0m
Status Check - Keycloak CI	Run /./.github/actions/status-check	2024-03-06T15:10:18.8127117Z [36;1m  },[0m
Status Check - Keycloak CI	Run /./.github/actions/status-check	2024-03-06T15:10:18.8127440Z [36;1m  "clustering-integration-tests": {[0m
Status Check - Keycloak CI	Run /./.github/actions/status-check	2024-03-06T15:10:18.8127948Z [36;1m    "result": "success",[0m
Status Check - Keycloak CI	Run /./.github/actions/status-check	2024-03-06T15:10:18.8128353Z [36;1m    "outputs": {}[0m
Status Check - Keycloak CI	Run /./.github/actions/status-check	2024-03-06T15:10:18.8128668Z [36;1m  },[0m
Status Check - Keycloak CI	Run /./.github/actions/status-check	2024-03-06T15:10:18.8129051Z [36;1m  "fips-unit-tests": {[0m
Status Check - Keycloak CI	Run /./.github/actions/status-check	2024-03-06T15:10:18.8129464Z [36;1m    "result": "failure",[0m
Status Check - Keycloak CI	Run /./.github/actions/status-check	2024-03-06T15:10:18.8129811Z [36;1m    "outputs": {}[0m
Status Check - Keycloak CI	Run /./.github/actions/status-check	2024-03-06T15:10:18.8130220Z [36;1m  },[0m
Status Check - Keycloak CI	Run /./.github/actions/status-check	2024-03-06T15:10:18.8130576Z [36;1m  "fips-integration-tests": {[0m
Status Check - Keycloak CI	Run /./.github/actions/status-check	2024-03-06T15:10:18.8130958Z [36;1m    "result": "success",[0m
Status Check - Keycloak CI	Run /./.github/actions/status-check	2024-03-06T15:10:18.8131396Z [36;1m    "outputs": {}[0m
Status Check - Keycloak CI	Run /./.github/actions/status-check	2024-03-06T15:10:18.8131757Z [36;1m  },[0m
Status Check - Keycloak CI	Run /./.github/actions/status-check	2024-03-06T15:10:18.8132096Z [36;1m  "account-console-integration-tests": {[0m
Status Check - Keycloak CI	Run /./.github/actions/status-check	2024-03-06T15:10:18.8132630Z [36;1m    "result": "success",[0m
Status Check - Keycloak CI	Run /./.github/actions/status-check	2024-03-06T15:10:18.8133039Z [36;1m    "outputs": {}[0m
Status Check - Keycloak CI	Run /./.github/actions/status-check	2024-03-06T15:10:18.8133356Z [36;1m  },[0m
Status Check - Keycloak CI	Run /./.github/actions/status-check	2024-03-06T15:10:18.8133776Z [36;1m  "forms-integration-tests": {[0m
Status Check - Keycloak CI	Run /./.github/actions/status-check	2024-03-06T15:10:18.8134201Z [36;1m    "result": "success",[0m
Status Check - Keycloak CI	Run /./.github/actions/status-check	2024-03-06T15:10:18.8134734Z [36;1m    "outputs": {}[0m
Status Check - Keycloak CI	Run /./.github/actions/status-check	2024-03-06T15:10:18.8135085Z [36;1m  },[0m
Status Check - Keycloak CI	Run /./.github/actions/status-check	2024-03-06T15:10:18.8135447Z [36;1m  "webauthn-integration-tests": {[0m
Status Check - Keycloak CI	Run /./.github/actions/status-check	2024-03-06T15:10:18.8135951Z [36;1m    "result": "success",[0m
Status Check - Keycloak CI	Run /./.github/actions/status-check	2024-03-06T15:10:18.8136324Z [36;1m    "outputs": {}[0m
Status Check - Keycloak CI	Run /./.github/actions/status-check	2024-03-06T15:10:18.8136670Z [36;1m  },[0m
Status Check - Keycloak CI	Run /./.github/actions/status-check	2024-03-06T15:10:18.8137286Z [36;1m  "sssd-unit-tests": {[0m
Status Check - Keycloak CI	Run /./.github/actions/status-check	2024-03-06T15:10:18.8137673Z [36;1m    "result": "skipped",[0m
Status Check - Keycloak CI	Run /./.github/actions/status-check	2024-03-06T15:10:18.8138060Z [36;1m    "outputs": {}[0m
Status Check - Keycloak CI	Run /./.github/actions/status-check	2024-03-06T15:10:18.8138498Z [36;1m  },[0m
Status Check - Keycloak CI	Run /./.github/actions/status-check	2024-03-06T15:10:18.8138788Z [36;1m  "migration-tests": {[0m
Status Check - Keycloak CI	Run /./.github/actions/status-check	2024-03-06T15:10:18.8139179Z [36;1m    "result": "success",[0m
Status Check - Keycloak CI	Run /./.github/actions/status-check	2024-03-06T15:10:18.8139639Z [36;1m    "outputs": {}[0m
Status Check - Keycloak CI	Run /./.github/actions/status-check	2024-03-06T15:10:18.8139951Z [36;1m  }[0m
Status Check - Keycloak CI	Run /./.github/actions/status-check	2024-03-06T15:10:18.8140251Z [36;1m}'[0m
Status Check - Keycloak CI	Run /./.github/actions/status-check	2024-03-06T15:10:18.8140625Z [36;1m[0m
Status Check - Keycloak CI	Run /./.github/actions/status-check	2024-03-06T15:10:18.8140903Z [36;1mecho "Job status:"[0m
Status Check - Keycloak CI	Run /./.github/actions/status-check	2024-03-06T15:10:18.8141417Z [36;1mecho $JOBS | jq -r 'to_entries[] | " - \(.key): \(.value.result)"'[0m
Status Check - Keycloak CI	Run /./.github/actions/status-check	2024-03-06T15:10:18.8142028Z [36;1m[0m
Status Check - Keycloak CI	Run /./.github/actions/status-check	2024-03-06T15:10:18.8142446Z [36;1mfor i in $(echo $JOBS | jq -r 'to_entries[] | .value.result'); do[0m
Status Check - Keycloak CI	Run /./.github/actions/status-check	2024-03-06T15:10:18.8143074Z [36;1m  if [ "$i" != "success" ] && [ "$i" != "skipped" ]; then[0m
Status Check - Keycloak CI	Run /./.github/actions/status-check	2024-03-06T15:10:18.8143645Z [36;1m    echo ""[0m
Status Check - Keycloak CI	Run /./.github/actions/status-check	2024-03-06T15:10:18.8144022Z [36;1m    echo "Status check not okay!"[0m
Status Check - Keycloak CI	Run /./.github/actions/status-check	2024-03-06T15:10:18.8144405Z [36;1m    exit 1[0m
Status Check - Keycloak CI	Run /./.github/actions/status-check	2024-03-06T15:10:18.8144802Z [36;1m  fi[0m
Status Check - Keycloak CI	Run /./.github/actions/status-check	2024-03-06T15:10:18.8145106Z [36;1mdone[0m
Status Check - Keycloak CI	Run /./.github/actions/status-check	2024-03-06T15:10:18.8211235Z shell: /usr/bin/bash --noprofile --norc -e -o pipefail {0}
Status Check - Keycloak CI	Run /./.github/actions/status-check	2024-03-06T15:10:18.8211807Z env:
Status Check - Keycloak CI	Run /./.github/actions/status-check	2024-03-06T15:10:18.8212240Z   MAVEN_ARGS: -B -nsu -Daether.connector.http.connectionMaxTtl=25
Status Check - Keycloak CI	Run /./.github/actions/status-check	2024-03-06T15:10:18.8212977Z   SUREFIRE_RERUN_FAILING_COUNT: 2
Status Check - Keycloak CI	Run /./.github/actions/status-check	2024-03-06T15:10:18.8213463Z   SUREFIRE_RETRY: -Dsurefire.rerunFailingTestsCount=2
Status Check - Keycloak CI	Run /./.github/actions/status-check	2024-03-06T15:10:18.8214044Z ##[endgroup]
Status Check - Keycloak CI	Run /./.github/actions/status-check	2024-03-06T15:10:18.8357588Z Job status:
Status Check - Keycloak CI	Run /./.github/actions/status-check	2024-03-06T15:10:18.8825920Z  - conditional: success
Status Check - Keycloak CI	Run /./.github/actions/status-check	2024-03-06T15:10:18.8826596Z  - build: success
Status Check - Keycloak CI	Run /./.github/actions/status-check	2024-03-06T15:10:18.8827435Z  - unit-tests: success
Status Check - Keycloak CI	Run /./.github/actions/status-check	2024-03-06T15:10:18.8828079Z  - base-integration-tests: success
Status Check - Keycloak CI	Run /./.github/actions/status-check	2024-03-06T15:10:18.8828549Z  - adapter-integration-tests: success
Status Check - Keycloak CI	Run /./.github/actions/status-check	2024-03-06T15:10:18.8829486Z  - quarkus-unit-tests: success
Status Check - Keycloak CI	Run /./.github/actions/status-check	2024-03-06T15:10:18.8830057Z  - quarkus-integration-tests: success
Status Check - Keycloak CI	Run /./.github/actions/status-check	2024-03-06T15:10:18.8830480Z  - jdk-integration-tests: success
Status Check - Keycloak CI	Run /./.github/actions/status-check	2024-03-06T15:10:18.8830922Z  - store-integration-tests: skipped
Status Check - Keycloak CI	Run /./.github/actions/status-check	2024-03-06T15:10:18.8831462Z  - store-model-tests: skipped
Status Check - Keycloak CI	Run /./.github/actions/status-check	2024-03-06T15:10:18.8831870Z  - clustering-integration-tests: success
Status Check - Keycloak CI	Run /./.github/actions/status-check	2024-03-06T15:10:18.8832345Z  - fips-unit-tests: failure
Status Check - Keycloak CI	Run /./.github/actions/status-check	2024-03-06T15:10:18.8832856Z  - fips-integration-tests: success
Status Check - Keycloak CI	Run /./.github/actions/status-check	2024-03-06T15:10:18.8833321Z  - account-console-integration-tests: success
Status Check - Keycloak CI	Run /./.github/actions/status-check	2024-03-06T15:10:18.8833839Z  - forms-integration-tests: success
Status Check - Keycloak CI	Run /./.github/actions/status-check	2024-03-06T15:10:18.8834788Z  - webauthn-integration-tests: success
Status Check - Keycloak CI	Run /./.github/actions/status-check	2024-03-06T15:10:18.8835519Z  - sssd-unit-tests: skipped
Status Check - Keycloak CI	Run /./.github/actions/status-check	2024-03-06T15:10:18.8836225Z  - migration-tests: success
Status Check - Keycloak CI	Run /./.github/actions/status-check	2024-03-06T15:10:18.9039353Z 
Status Check - Keycloak CI	Run /./.github/actions/status-check	2024-03-06T15:10:18.9039919Z Status check not okay!
Status Check - Keycloak CI	Run /./.github/actions/status-check	2024-03-06T15:10:18.9055093Z ##[error]Process completed with exit code 1.
