FIPS IT (strict)	Run base tests	2023-11-29T11:38:33.1452332Z ##[group]Run docker run --rm --workdir /github/workspace -e "SUREFIRE_RERUN_FAILING_COUNT" -v "/home/runner/work/keycloak/keycloak":"/github/workspace" -v "$HOME/.m2":"/root/.m2" registry.access.redhat.com/ubi8/ubi:latest .github/scripts/run-fips-it.sh strict
FIPS IT (strict)	Run base tests	2023-11-29T11:38:33.1454521Z [36;1mdocker run --rm --workdir /github/workspace -e "SUREFIRE_RERUN_FAILING_COUNT" -v "/home/runner/work/keycloak/keycloak":"/github/workspace" -v "$HOME/.m2":"/root/.m2" registry.access.redhat.com/ubi8/ubi:latest .github/scripts/run-fips-it.sh strict[0m
FIPS IT (strict)	Run base tests	2023-11-29T11:38:33.1517431Z shell: /usr/bin/bash --noprofile --norc -e -o pipefail {0}
FIPS IT (strict)	Run base tests	2023-11-29T11:38:33.1517873Z env:
FIPS IT (strict)	Run base tests	2023-11-29T11:38:33.1518246Z   MAVEN_ARGS: -B -nsu -Daether.connector.http.connectionMaxTtl=25
FIPS IT (strict)	Run base tests	2023-11-29T11:38:33.1518728Z   SUREFIRE_RERUN_FAILING_COUNT: 2
FIPS IT (strict)	Run base tests	2023-11-29T11:38:33.1519140Z   SUREFIRE_RETRY: -Dsurefire.rerunFailingTestsCount=2
FIPS IT (strict)	Run base tests	2023-11-29T11:38:33.1519698Z   JAVA_HOME: /opt/hostedtoolcache/Java_Temurin-Hotspot_jdk/17.0.9-9/x64
FIPS IT (strict)	Run base tests	2023-11-29T11:38:33.1520384Z   JAVA_HOME_17_X64: /opt/hostedtoolcache/Java_Temurin-Hotspot_jdk/17.0.9-9/x64
FIPS IT (strict)	Run base tests	2023-11-29T11:38:33.1520873Z ##[endgroup]
FIPS IT (strict)	Run base tests	2023-11-29T11:38:33.2122116Z Unable to find image 'registry.access.redhat.com/ubi8/ubi:latest' locally
FIPS IT (strict)	Run base tests	2023-11-29T11:38:34.1778320Z latest: Pulling from ubi8/ubi
FIPS IT (strict)	Run base tests	2023-11-29T11:38:54.4498085Z docker: received unexpected HTTP status: 500 Internal Server Error.
FIPS IT (strict)	Run base tests	2023-11-29T11:38:54.4499258Z See 'docker run --help'.
FIPS IT (strict)	Run base tests	2023-11-29T11:38:54.4529431Z ##[error]Process completed with exit code 125.
Status Check - Keycloak CI	Run /./.github/actions/status-check	2023-11-29T12:41:20.5031113Z Prepare all required actions
Status Check - Keycloak CI	Run /./.github/actions/status-check	2023-11-29T12:41:20.5125354Z ##[group]Run ./.github/actions/status-check
Status Check - Keycloak CI	Run /./.github/actions/status-check	2023-11-29T12:41:20.5126096Z with:
Status Check - Keycloak CI	Run /./.github/actions/status-check	2023-11-29T12:41:20.5130017Z   jobs: {
Status Check - Keycloak CI	Run /./.github/actions/status-check	  "conditional": {
Status Check - Keycloak CI	Run /./.github/actions/status-check	    "result": "success",
Status Check - Keycloak CI	Run /./.github/actions/status-check	    "outputs": {
Status Check - Keycloak CI	Run /./.github/actions/status-check	      "ci": "true",
Status Check - Keycloak CI	Run /./.github/actions/status-check	      "ci-sssd": "true",
Status Check - Keycloak CI	Run /./.github/actions/status-check	      "ci-store": "true"
Status Check - Keycloak CI	Run /./.github/actions/status-check	    }
Status Check - Keycloak CI	Run /./.github/actions/status-check	  },
Status Check - Keycloak CI	Run /./.github/actions/status-check	  "unit-tests": {
Status Check - Keycloak CI	Run /./.github/actions/status-check	    "result": "success",
Status Check - Keycloak CI	Run /./.github/actions/status-check	    "outputs": {}
Status Check - Keycloak CI	Run /./.github/actions/status-check	  },
Status Check - Keycloak CI	Run /./.github/actions/status-check	  "base-integration-tests": {
Status Check - Keycloak CI	Run /./.github/actions/status-check	    "result": "success",
Status Check - Keycloak CI	Run /./.github/actions/status-check	    "outputs": {}
Status Check - Keycloak CI	Run /./.github/actions/status-check	  },
Status Check - Keycloak CI	Run /./.github/actions/status-check	  "quarkus-unit-tests": {
Status Check - Keycloak CI	Run /./.github/actions/status-check	    "result": "success",
Status Check - Keycloak CI	Run /./.github/actions/status-check	    "outputs": {}
Status Check - Keycloak CI	Run /./.github/actions/status-check	  },
Status Check - Keycloak CI	Run /./.github/actions/status-check	  "quarkus-integration-tests": {
Status Check - Keycloak CI	Run /./.github/actions/status-check	    "result": "success",
Status Check - Keycloak CI	Run /./.github/actions/status-check	    "outputs": {}
Status Check - Keycloak CI	Run /./.github/actions/status-check	  },
Status Check - Keycloak CI	Run /./.github/actions/status-check	  "jdk-integration-tests": {
Status Check - Keycloak CI	Run /./.github/actions/status-check	    "result": "success",
Status Check - Keycloak CI	Run /./.github/actions/status-check	    "outputs": {}
Status Check - Keycloak CI	Run /./.github/actions/status-check	  },
Status Check - Keycloak CI	Run /./.github/actions/status-check	  "legacy-store-integration-tests": {
Status Check - Keycloak CI	Run /./.github/actions/status-check	    "result": "success",
Status Check - Keycloak CI	Run /./.github/actions/status-check	    "outputs": {}
Status Check - Keycloak CI	Run /./.github/actions/status-check	  },
Status Check - Keycloak CI	Run /./.github/actions/status-check	  "store-model-tests": {
Status Check - Keycloak CI	Run /./.github/actions/status-check	    "result": "success",
Status Check - Keycloak CI	Run /./.github/actions/status-check	    "outputs": {}
Status Check - Keycloak CI	Run /./.github/actions/status-check	  },
Status Check - Keycloak CI	Run /./.github/actions/status-check	  "clustering-integration-tests": {
Status Check - Keycloak CI	Run /./.github/actions/status-check	    "result": "success",
Status Check - Keycloak CI	Run /./.github/actions/status-check	    "outputs": {}
Status Check - Keycloak CI	Run /./.github/actions/status-check	  },
Status Check - Keycloak CI	Run /./.github/actions/status-check	  "fips-unit-tests": {
Status Check - Keycloak CI	Run /./.github/actions/status-check	    "result": "success",
Status Check - Keycloak CI	Run /./.github/actions/status-check	    "outputs": {}
Status Check - Keycloak CI	Run /./.github/actions/status-check	  },
Status Check - Keycloak CI	Run /./.github/actions/status-check	  "fips-integration-tests": {
Status Check - Keycloak CI	Run /./.github/actions/status-check	    "result": "failure",
Status Check - Keycloak CI	Run /./.github/actions/status-check	    "outputs": {}
Status Check - Keycloak CI	Run /./.github/actions/status-check	  },
Status Check - Keycloak CI	Run /./.github/actions/status-check	  "account-console-integration-tests": {
Status Check - Keycloak CI	Run /./.github/actions/status-check	    "result": "success",
Status Check - Keycloak CI	Run /./.github/actions/status-check	    "outputs": {}
Status Check - Keycloak CI	Run /./.github/actions/status-check	  },
Status Check - Keycloak CI	Run /./.github/actions/status-check	  "forms-integration-tests": {
Status Check - Keycloak CI	Run /./.github/actions/status-check	    "result": "success",
Status Check - Keycloak CI	Run /./.github/actions/status-check	    "outputs": {}
Status Check - Keycloak CI	Run /./.github/actions/status-check	  },
Status Check - Keycloak CI	Run /./.github/actions/status-check	  "webauthn-integration-tests": {
Status Check - Keycloak CI	Run /./.github/actions/status-check	    "result": "success",
Status Check - Keycloak CI	Run /./.github/actions/status-check	    "outputs": {}
Status Check - Keycloak CI	Run /./.github/actions/status-check	  },
Status Check - Keycloak CI	Run /./.github/actions/status-check	  "sssd-unit-tests": {
Status Check - Keycloak CI	Run /./.github/actions/status-check	    "result": "success",
Status Check - Keycloak CI	Run /./.github/actions/status-check	    "outputs": {}
Status Check - Keycloak CI	Run /./.github/actions/status-check	  },
Status Check - Keycloak CI	Run /./.github/actions/status-check	  "migration-tests": {
Status Check - Keycloak CI	Run /./.github/actions/status-check	    "result": "success",
Status Check - Keycloak CI	Run /./.github/actions/status-check	    "outputs": {}
Status Check - Keycloak CI	Run /./.github/actions/status-check	  }
Status Check - Keycloak CI	Run /./.github/actions/status-check	}
Status Check - Keycloak CI	Run /./.github/actions/status-check	2023-11-29T12:41:20.5134284Z env:
Status Check - Keycloak CI	Run /./.github/actions/status-check	2023-11-29T12:41:20.5134777Z   MAVEN_ARGS: -B -nsu -Daether.connector.http.connectionMaxTtl=25
Status Check - Keycloak CI	Run /./.github/actions/status-check	2023-11-29T12:41:20.5135352Z   SUREFIRE_RERUN_FAILING_COUNT: 2
Status Check - Keycloak CI	Run /./.github/actions/status-check	2023-11-29T12:41:20.5135882Z   SUREFIRE_RETRY: -Dsurefire.rerunFailingTestsCount=2
Status Check - Keycloak CI	Run /./.github/actions/status-check	2023-11-29T12:41:20.5136382Z ##[endgroup]
Status Check - Keycloak CI	Run /./.github/actions/status-check	2023-11-29T12:41:20.5393662Z ##[group]Run JOBS='{
Status Check - Keycloak CI	Run /./.github/actions/status-check	2023-11-29T12:41:20.5394166Z [36;1mJOBS='{[0m
Status Check - Keycloak CI	Run /./.github/actions/status-check	2023-11-29T12:41:20.5394673Z [36;1m  "conditional": {[0m
Status Check - Keycloak CI	Run /./.github/actions/status-check	2023-11-29T12:41:20.5395106Z [36;1m    "result": "success",[0m
Status Check - Keycloak CI	Run /./.github/actions/status-check	2023-11-29T12:41:20.5395488Z [36;1m    "outputs": {[0m
Status Check - Keycloak CI	Run /./.github/actions/status-check	2023-11-29T12:41:20.5395958Z [36;1m      "ci": "true",[0m
Status Check - Keycloak CI	Run /./.github/actions/status-check	2023-11-29T12:41:20.5396343Z [36;1m      "ci-sssd": "true",[0m
Status Check - Keycloak CI	Run /./.github/actions/status-check	2023-11-29T12:41:20.5396703Z [36;1m      "ci-store": "true"[0m
Status Check - Keycloak CI	Run /./.github/actions/status-check	2023-11-29T12:41:20.5397167Z [36;1m    }[0m
Status Check - Keycloak CI	Run /./.github/actions/status-check	2023-11-29T12:41:20.5397481Z [36;1m  },[0m
Status Check - Keycloak CI	Run /./.github/actions/status-check	2023-11-29T12:41:20.5397770Z [36;1m  "unit-tests": {[0m
Status Check - Keycloak CI	Run /./.github/actions/status-check	2023-11-29T12:41:20.5398257Z [36;1m    "result": "success",[0m
Status Check - Keycloak CI	Run /./.github/actions/status-check	2023-11-29T12:41:20.5398648Z [36;1m    "outputs": {}[0m
Status Check - Keycloak CI	Run /./.github/actions/status-check	2023-11-29T12:41:20.5398961Z [36;1m  },[0m
Status Check - Keycloak CI	Run /./.github/actions/status-check	2023-11-29T12:41:20.5399387Z [36;1m  "base-integration-tests": {[0m
Status Check - Keycloak CI	Run /./.github/actions/status-check	2023-11-29T12:41:20.5399813Z [36;1m    "result": "success",[0m
Status Check - Keycloak CI	Run /./.github/actions/status-check	2023-11-29T12:41:20.5400169Z [36;1m    "outputs": {}[0m
Status Check - Keycloak CI	Run /./.github/actions/status-check	2023-11-29T12:41:20.5400593Z [36;1m  },[0m
Status Check - Keycloak CI	Run /./.github/actions/status-check	2023-11-29T12:41:20.5400928Z [36;1m  "quarkus-unit-tests": {[0m
Status Check - Keycloak CI	Run /./.github/actions/status-check	2023-11-29T12:41:20.5401297Z [36;1m    "result": "success",[0m
Status Check - Keycloak CI	Run /./.github/actions/status-check	2023-11-29T12:41:20.5401766Z [36;1m    "outputs": {}[0m
Status Check - Keycloak CI	Run /./.github/actions/status-check	2023-11-29T12:41:20.5402118Z [36;1m  },[0m
Status Check - Keycloak CI	Run /./.github/actions/status-check	2023-11-29T12:41:20.5402503Z [36;1m  "quarkus-integration-tests": {[0m
Status Check - Keycloak CI	Run /./.github/actions/status-check	2023-11-29T12:41:20.5403001Z [36;1m    "result": "success",[0m
Status Check - Keycloak CI	Run /./.github/actions/status-check	2023-11-29T12:41:20.5403387Z [36;1m    "outputs": {}[0m
Status Check - Keycloak CI	Run /./.github/actions/status-check	2023-11-29T12:41:20.5403718Z [36;1m  },[0m
Status Check - Keycloak CI	Run /./.github/actions/status-check	2023-11-29T12:41:20.5404130Z [36;1m  "jdk-integration-tests": {[0m
Status Check - Keycloak CI	Run /./.github/actions/status-check	2023-11-29T12:41:20.5404550Z [36;1m    "result": "success",[0m
Status Check - Keycloak CI	Run /./.github/actions/status-check	2023-11-29T12:41:20.5404922Z [36;1m    "outputs": {}[0m
Status Check - Keycloak CI	Run /./.github/actions/status-check	2023-11-29T12:41:20.5405339Z [36;1m  },[0m
Status Check - Keycloak CI	Run /./.github/actions/status-check	2023-11-29T12:41:20.5405712Z [36;1m  "legacy-store-integration-tests": {[0m
Status Check - Keycloak CI	Run /./.github/actions/status-check	2023-11-29T12:41:20.5406356Z [36;1m    "result": "success",[0m
Status Check - Keycloak CI	Run /./.github/actions/status-check	2023-11-29T12:41:20.5406833Z [36;1m    "outputs": {}[0m
Status Check - Keycloak CI	Run /./.github/actions/status-check	2023-11-29T12:41:20.5407208Z [36;1m  },[0m
Status Check - Keycloak CI	Run /./.github/actions/status-check	2023-11-29T12:41:20.5407544Z [36;1m  "store-model-tests": {[0m
Status Check - Keycloak CI	Run /./.github/actions/status-check	2023-11-29T12:41:20.5408007Z [36;1m    "result": "success",[0m
Status Check - Keycloak CI	Run /./.github/actions/status-check	2023-11-29T12:41:20.5408417Z [36;1m    "outputs": {}[0m
Status Check - Keycloak CI	Run /./.github/actions/status-check	2023-11-29T12:41:20.5408975Z [36;1m  },[0m
Status Check - Keycloak CI	Run /./.github/actions/status-check	2023-11-29T12:41:20.5409414Z [36;1m  "clustering-integration-tests": {[0m
Status Check - Keycloak CI	Run /./.github/actions/status-check	2023-11-29T12:41:20.5410125Z [36;1m    "result": "success",[0m
Status Check - Keycloak CI	Run /./.github/actions/status-check	2023-11-29T12:41:20.5410490Z [36;1m    "outputs": {}[0m
Status Check - Keycloak CI	Run /./.github/actions/status-check	2023-11-29T12:41:20.5410945Z [36;1m  },[0m
Status Check - Keycloak CI	Run /./.github/actions/status-check	2023-11-29T12:41:20.5411357Z [36;1m  "fips-unit-tests": {[0m
Status Check - Keycloak CI	Run /./.github/actions/status-check	2023-11-29T12:41:20.5411755Z [36;1m    "result": "success",[0m
Status Check - Keycloak CI	Run /./.github/actions/status-check	2023-11-29T12:41:20.5412191Z [36;1m    "outputs": {}[0m
Status Check - Keycloak CI	Run /./.github/actions/status-check	2023-11-29T12:41:20.5412585Z [36;1m  },[0m
Status Check - Keycloak CI	Run /./.github/actions/status-check	2023-11-29T12:41:20.5412930Z [36;1m  "fips-integration-tests": {[0m
Status Check - Keycloak CI	Run /./.github/actions/status-check	2023-11-29T12:41:20.5413396Z [36;1m    "result": "failure",[0m
Status Check - Keycloak CI	Run /./.github/actions/status-check	2023-11-29T12:41:20.5413782Z [36;1m    "outputs": {}[0m
Status Check - Keycloak CI	Run /./.github/actions/status-check	2023-11-29T12:41:20.5414145Z [36;1m  },[0m
Status Check - Keycloak CI	Run /./.github/actions/status-check	2023-11-29T12:41:20.5414549Z [36;1m  "account-console-integration-tests": {[0m
Status Check - Keycloak CI	Run /./.github/actions/status-check	2023-11-29T12:41:20.5415033Z [36;1m    "result": "success",[0m
Status Check - Keycloak CI	Run /./.github/actions/status-check	2023-11-29T12:41:20.5415447Z [36;1m    "outputs": {}[0m
Status Check - Keycloak CI	Run /./.github/actions/status-check	2023-11-29T12:41:20.5415833Z [36;1m  },[0m
Status Check - Keycloak CI	Run /./.github/actions/status-check	2023-11-29T12:41:20.5416198Z [36;1m  "forms-integration-tests": {[0m
Status Check - Keycloak CI	Run /./.github/actions/status-check	2023-11-29T12:41:20.5416645Z [36;1m    "result": "success",[0m
Status Check - Keycloak CI	Run /./.github/actions/status-check	2023-11-29T12:41:20.5417060Z [36;1m    "outputs": {}[0m
Status Check - Keycloak CI	Run /./.github/actions/status-check	2023-11-29T12:41:20.5417441Z [36;1m  },[0m
Status Check - Keycloak CI	Run /./.github/actions/status-check	2023-11-29T12:41:20.5417814Z [36;1m  "webauthn-integration-tests": {[0m
Status Check - Keycloak CI	Run /./.github/actions/status-check	2023-11-29T12:41:20.5418277Z [36;1m    "result": "success",[0m
Status Check - Keycloak CI	Run /./.github/actions/status-check	2023-11-29T12:41:20.5418668Z [36;1m    "outputs": {}[0m
Status Check - Keycloak CI	Run /./.github/actions/status-check	2023-11-29T12:41:20.5419034Z [36;1m  },[0m
Status Check - Keycloak CI	Run /./.github/actions/status-check	2023-11-29T12:41:20.5419401Z [36;1m  "sssd-unit-tests": {[0m
Status Check - Keycloak CI	Run /./.github/actions/status-check	2023-11-29T12:41:20.5419794Z [36;1m    "result": "success",[0m
Status Check - Keycloak CI	Run /./.github/actions/status-check	2023-11-29T12:41:20.5420194Z [36;1m    "outputs": {}[0m
Status Check - Keycloak CI	Run /./.github/actions/status-check	2023-11-29T12:41:20.5420610Z [36;1m  },[0m
Status Check - Keycloak CI	Run /./.github/actions/status-check	2023-11-29T12:41:20.5420917Z [36;1m  "migration-tests": {[0m
Status Check - Keycloak CI	Run /./.github/actions/status-check	2023-11-29T12:41:20.5421301Z [36;1m    "result": "success",[0m
Status Check - Keycloak CI	Run /./.github/actions/status-check	2023-11-29T12:41:20.5421795Z [36;1m    "outputs": {}[0m
Status Check - Keycloak CI	Run /./.github/actions/status-check	2023-11-29T12:41:20.5422124Z [36;1m  }[0m
Status Check - Keycloak CI	Run /./.github/actions/status-check	2023-11-29T12:41:20.5422425Z [36;1m}'[0m
Status Check - Keycloak CI	Run /./.github/actions/status-check	2023-11-29T12:41:20.5422780Z [36;1m[0m
Status Check - Keycloak CI	Run /./.github/actions/status-check	2023-11-29T12:41:20.5423085Z [36;1mecho "Job status:"[0m
Status Check - Keycloak CI	Run /./.github/actions/status-check	2023-11-29T12:41:20.5423609Z [36;1mecho $JOBS | jq -r 'to_entries[] | " - \(.key): \(.value.result)"'[0m
Status Check - Keycloak CI	Run /./.github/actions/status-check	2023-11-29T12:41:20.5424208Z [36;1m[0m
Status Check - Keycloak CI	Run /./.github/actions/status-check	2023-11-29T12:41:20.5424636Z [36;1mfor i in $(echo $JOBS | jq -r 'to_entries[] | .value.result'); do[0m
Status Check - Keycloak CI	Run /./.github/actions/status-check	2023-11-29T12:41:20.5425268Z [36;1m  if [ "$i" != "success" ] && [ "$i" != "skipped" ]; then[0m
Status Check - Keycloak CI	Run /./.github/actions/status-check	2023-11-29T12:41:20.5425829Z [36;1m    echo ""[0m
Status Check - Keycloak CI	Run /./.github/actions/status-check	2023-11-29T12:41:20.5426174Z [36;1m    echo "Status check not okay!"[0m
Status Check - Keycloak CI	Run /./.github/actions/status-check	2023-11-29T12:41:20.5426596Z [36;1m    exit 1[0m
Status Check - Keycloak CI	Run /./.github/actions/status-check	2023-11-29T12:41:20.5427048Z [36;1m  fi[0m
Status Check - Keycloak CI	Run /./.github/actions/status-check	2023-11-29T12:41:20.5427323Z [36;1mdone[0m
Status Check - Keycloak CI	Run /./.github/actions/status-check	2023-11-29T12:41:20.5505168Z shell: /usr/bin/bash --noprofile --norc -e -o pipefail {0}
Status Check - Keycloak CI	Run /./.github/actions/status-check	2023-11-29T12:41:20.5505738Z env:
Status Check - Keycloak CI	Run /./.github/actions/status-check	2023-11-29T12:41:20.5506279Z   MAVEN_ARGS: -B -nsu -Daether.connector.http.connectionMaxTtl=25
Status Check - Keycloak CI	Run /./.github/actions/status-check	2023-11-29T12:41:20.5506877Z   SUREFIRE_RERUN_FAILING_COUNT: 2
Status Check - Keycloak CI	Run /./.github/actions/status-check	2023-11-29T12:41:20.5507361Z   SUREFIRE_RETRY: -Dsurefire.rerunFailingTestsCount=2
Status Check - Keycloak CI	Run /./.github/actions/status-check	2023-11-29T12:41:20.5507896Z ##[endgroup]
Status Check - Keycloak CI	Run /./.github/actions/status-check	2023-11-29T12:41:20.5674668Z Job status:
Status Check - Keycloak CI	Run /./.github/actions/status-check	2023-11-29T12:41:20.5888271Z  - conditional: success
Status Check - Keycloak CI	Run /./.github/actions/status-check	2023-11-29T12:41:20.5889012Z  - unit-tests: success
Status Check - Keycloak CI	Run /./.github/actions/status-check	2023-11-29T12:41:20.5889837Z  - base-integration-tests: success
Status Check - Keycloak CI	Run /./.github/actions/status-check	2023-11-29T12:41:20.5890296Z  - quarkus-unit-tests: success
Status Check - Keycloak CI	Run /./.github/actions/status-check	2023-11-29T12:41:20.5890783Z  - quarkus-integration-tests: success
Status Check - Keycloak CI	Run /./.github/actions/status-check	2023-11-29T12:41:20.5891350Z  - jdk-integration-tests: success
Status Check - Keycloak CI	Run /./.github/actions/status-check	2023-11-29T12:41:20.5891794Z  - legacy-store-integration-tests: success
Status Check - Keycloak CI	Run /./.github/actions/status-check	2023-11-29T12:41:20.5892291Z  - store-model-tests: success
Status Check - Keycloak CI	Run /./.github/actions/status-check	2023-11-29T12:41:20.5892807Z  - clustering-integration-tests: success
Status Check - Keycloak CI	Run /./.github/actions/status-check	2023-11-29T12:41:20.5893235Z  - fips-unit-tests: success
Status Check - Keycloak CI	Run /./.github/actions/status-check	2023-11-29T12:41:20.5893668Z  - fips-integration-tests: failure
Status Check - Keycloak CI	Run /./.github/actions/status-check	2023-11-29T12:41:20.5894217Z  - account-console-integration-tests: success
Status Check - Keycloak CI	Run /./.github/actions/status-check	2023-11-29T12:41:20.5894726Z  - forms-integration-tests: success
Status Check - Keycloak CI	Run /./.github/actions/status-check	2023-11-29T12:41:20.5895183Z  - webauthn-integration-tests: success
Status Check - Keycloak CI	Run /./.github/actions/status-check	2023-11-29T12:41:20.5896038Z  - sssd-unit-tests: success
Status Check - Keycloak CI	Run /./.github/actions/status-check	2023-11-29T12:41:20.5896708Z  - migration-tests: success
Status Check - Keycloak CI	Run /./.github/actions/status-check	2023-11-29T12:41:20.6098289Z 
Status Check - Keycloak CI	Run /./.github/actions/status-check	2023-11-29T12:41:20.6098575Z Status check not okay!
Status Check - Keycloak CI	Run /./.github/actions/status-check	2023-11-29T12:41:20.6111170Z ##[error]Process completed with exit code 1.
