Admin UI E2E (3, chrome)	Run Cypress	2024-12-04T19:25:31.8363170Z ##[group]Run cypress-io/github-action@v6
Admin UI E2E (3, chrome)	Run Cypress	2024-12-04T19:25:31.8363644Z with:
Admin UI E2E (3, chrome)	Run Cypress	2024-12-04T19:25:31.8363926Z   install: false
Admin UI E2E (3, chrome)	Run Cypress	2024-12-04T19:25:31.8364233Z   browser: chrome
Admin UI E2E (3, chrome)	Run Cypress	2024-12-04T19:25:31.8364586Z   wait-on: http://localhost:8080
Admin UI E2E (3, chrome)	Run Cypress	2024-12-04T19:25:31.8365011Z   working-directory: js/apps/admin-ui
Admin UI E2E (3, chrome)	Run Cypress	2024-12-04T19:25:31.8365418Z   record: false
Admin UI E2E (3, chrome)	Run Cypress	2024-12-04T19:25:31.8365746Z   publish-summary: true
Admin UI E2E (3, chrome)	Run Cypress	2024-12-04T19:25:31.8366097Z   component: false
Admin UI E2E (3, chrome)	Run Cypress	2024-12-04T19:25:31.8366649Z env:
Admin UI E2E (3, chrome)	Run Cypress	2024-12-04T19:25:31.8367078Z   MAVEN_ARGS: -B -nsu -Daether.connector.http.connectionMaxTtl=25
Admin UI E2E (3, chrome)	Run Cypress	2024-12-04T19:25:31.8367644Z   WORKSPACE: keycloak-admin-ui
Admin UI E2E (3, chrome)	Run Cypress	2024-12-04T19:25:31.8368179Z   JAVA_HOME: /opt/hostedtoolcache/Java_Temurin-Hotspot_jdk/21.0.5-11/x64
Admin UI E2E (3, chrome)	Run Cypress	2024-12-04T19:25:31.8368913Z   JAVA_HOME_21_X64: /opt/hostedtoolcache/Java_Temurin-Hotspot_jdk/21.0.5-11/x64
Admin UI E2E (3, chrome)	Run Cypress	2024-12-04T19:25:31.8369458Z   SPLIT: 5
Admin UI E2E (3, chrome)	Run Cypress	2024-12-04T19:25:31.8369731Z   SPLIT_INDEX: 2
Admin UI E2E (3, chrome)	Run Cypress	2024-12-04T19:25:31.8370030Z   SPLIT_RANDOM_SEED: 94
Admin UI E2E (3, chrome)	Run Cypress	2024-12-04T19:25:31.8370348Z ##[endgroup]
Admin UI E2E (3, chrome)	Run Cypress	2024-12-04T19:25:32.0920562Z Skipping install because install parameter is false
Admin UI E2E (3, chrome)	Run Cypress	2024-12-04T19:25:32.0938170Z waiting on "http://localhost:8080" with timeout of 60 seconds
Admin UI E2E (3, chrome)	Run Cypress	2024-12-04T19:25:48.1934662Z It looks like this is your first time using Cypress: 13.16.0
Admin UI E2E (3, chrome)	Run Cypress	2024-12-04T19:25:48.1940023Z 
Admin UI E2E (3, chrome)	Run Cypress	2024-12-04T19:25:48.1978813Z [STARTED] Task without title.
Admin UI E2E (3, chrome)	Run Cypress	2024-12-04T19:25:49.7038721Z [SUCCESS] Task without title.
Admin UI E2E (3, chrome)	Run Cypress	2024-12-04T19:25:49.7042891Z 
Admin UI E2E (3, chrome)	Run Cypress	2024-12-04T19:25:49.7043250Z Opening Cypress...
Admin UI E2E (3, chrome)	Run Cypress	2024-12-04T19:25:50.3301075Z 
Admin UI E2E (3, chrome)	Run Cypress	2024-12-04T19:25:50.3302354Z DevTools listening on ws://127.0.0.1:44505/devtools/browser/9add4240-dc1f-4ebe-b8ca-616128760686
Admin UI E2E (3, chrome)	Run Cypress	2024-12-04T19:25:50.9416756Z (node:2598) ExperimentalWarning: `--experimental-loader` may be removed in the future; instead use `register()`:
Admin UI E2E (3, chrome)	Run Cypress	2024-12-04T19:25:50.9419394Z --import 'data:text/javascript,import { register } from "node:module"; import { pathToFileURL } from "node:url"; register("file%3A///home/runner/.cache/Cypress/13.16.0/Cypress/resources/app/node_modules/ts-node/esm/transpile-only.mjs", pathToFileURL("./"));'
Admin UI E2E (3, chrome)	Run Cypress	2024-12-04T19:25:50.9421171Z (Use `node --trace-warnings ...` to show where the warning was created)
Admin UI E2E (3, chrome)	Run Cypress	2024-12-04T19:25:51.6759281Z cypress-split: there are 37 found specs
Admin UI E2E (3, chrome)	Run Cypress	2024-12-04T19:25:51.6759946Z the first 5 specs
Admin UI E2E (3, chrome)	Run Cypress	2024-12-04T19:25:51.6762243Z - 1: /home/runner/work/keycloak/keycloak/js/apps/admin-ui/cypress/e2e/realm_settings_client_profiles_test.spec.ts
Admin UI E2E (3, chrome)	Run Cypress	2024-12-04T19:25:51.6763835Z - 2: /home/runner/work/keycloak/keycloak/js/apps/admin-ui/cypress/e2e/realm_settings_events_test.spec.ts
Admin UI E2E (3, chrome)	Run Cypress	2024-12-04T19:25:51.6765412Z - 3: /home/runner/work/keycloak/keycloak/js/apps/admin-ui/cypress/e2e/realm_settings_general_tab_test.spec.ts
Admin UI E2E (3, chrome)	Run Cypress	2024-12-04T19:25:51.6766857Z - 4: /home/runner/work/keycloak/keycloak/js/apps/admin-ui/cypress/e2e/organization.spec.ts
Admin UI E2E (3, chrome)	Run Cypress	2024-12-04T19:25:51.6768309Z - 5: /home/runner/work/keycloak/keycloak/js/apps/admin-ui/cypress/e2e/authentication_policies_ciba.spec.ts
Admin UI E2E (3, chrome)	Run Cypress	2024-12-04T19:25:51.6769263Z cypress-split: chunk 3 of 5
Admin UI E2E (3, chrome)	Run Cypress	2024-12-04T19:25:51.6777380Z k  spec                                                   
Admin UI E2E (3, chrome)	Run Cypress	2024-12-04T19:25:51.6778096Z -  -------------------------------------------------------
Admin UI E2E (3, chrome)	Run Cypress	2024-12-04T19:25:51.6778840Z 1  cypress/e2e/realm_roles_test.spec.ts                   
Admin UI E2E (3, chrome)	Run Cypress	2024-12-04T19:25:51.6779621Z 2  cypress/e2e/sessions_test.spec.ts                      
Admin UI E2E (3, chrome)	Run Cypress	2024-12-04T19:25:51.6780410Z 3  cypress/e2e/identity_providers_saml_test.spec.ts       
Admin UI E2E (3, chrome)	Run Cypress	2024-12-04T19:25:51.6781198Z 4  cypress/e2e/realm_test.spec.ts                         
Admin UI E2E (3, chrome)	Run Cypress	2024-12-04T19:25:51.6781985Z 5  cypress/e2e/clients_test.spec.ts                       
Admin UI E2E (3, chrome)	Run Cypress	2024-12-04T19:25:51.6782769Z 6  cypress/e2e/realm_settings_user_profile_enabled.spec.ts
Admin UI E2E (3, chrome)	Run Cypress	2024-12-04T19:25:51.6783554Z 7  cypress/e2e/users_test.spec.ts                         
Admin UI E2E (3, chrome)	Run Cypress	2024-12-04T19:25:51.6783948Z 
Admin UI E2E (3, chrome)	Run Cypress	2024-12-04T19:25:52.4410889Z 
Admin UI E2E (3, chrome)	Run Cypress	2024-12-04T19:25:52.4741550Z [90m====================================================================================================[39m
Admin UI E2E (3, chrome)	Run Cypress	2024-12-04T19:25:52.4741985Z 
Admin UI E2E (3, chrome)	Run Cypress	2024-12-04T19:25:52.4743360Z [0m  ([4m[1mRun Starting[22m[24m)[0m
Admin UI E2E (3, chrome)	Run Cypress	2024-12-04T19:25:52.4744072Z 
Admin UI E2E (3, chrome)	Run Cypress	2024-12-04T19:25:52.4850732Z [90m  ┌[39m[90m─[39m[90m─[39m[90m─[39m[90m─[39m[90m─[39m[90m─[39m[90m─[39m[90m─[39m[90m─[39m[90m─[39m[90m─[39m[90m─[39m[90m─[39m[90m─[39m[90m─[39m[90m─[39m[90m─[39m[90m─[39m[90m─[39m[90m─[39m[90m─[39m[90m─[39m[90m─[39m[90m─[39m[90m─[39m[90m─[39m[90m─[39m[90m─[39m[90m─[39m[90m─[39m[90m─[39m[90m─[39m[90m─[39m[90m─[39m[90m─[39m[90m─[39m[90m─[39m[90m─[39m[90m─[39m[90m─[39m[90m─[39m[90m─[39m[90m─[39m[90m─[39m[90m─[39m[90m─[39m[90m─[39m[90m─[39m[90m─[39m[90m─[39m[90m─[39m[90m─[39m[90m─[39m[90m─[39m[90m─[39m[90m─[39m[90m─[39m[90m─[39m[90m─[39m[90m─[39m[90m─[39m[90m─[39m[90m─[39m[90m─[39m[90m─[39m[90m─[39m[90m─[39m[90m─[39m[90m─[39m[90m─[39m[90m─[39m[90m─[39m[90m─[39m[90m─[39m[90m─[39m[90m─[39m[90m─[39m[90m─[39m[90m─[39m[90m─[39m[90m─[39m[90m─[39m[90m─[39m[90m─[39m[90m─[39m[90m─[39m[90m─[39m[90m─[39m[90m─[39m[90m─[39m[90m─[39m[90m─[39m[90m─[39m[90m─[39m[90m─[39m[90m─[39m[90m┐[39m
Admin UI E2E (3, chrome)	Run Cypress	2024-12-04T19:25:52.4854107Z [90m  │[39m [90mCypress:[39m        13.16.0                                                                        [90m│[39m
Admin UI E2E (3, chrome)	Run Cypress	2024-12-04T19:25:52.4854905Z [90m  │[39m [90mBrowser:[39m        Chrome 131 [90m(headless)[39m                                                          [90m│[39m
Admin UI E2E (3, chrome)	Run Cypress	2024-12-04T19:25:52.4855859Z [90m  │[39m [90mNode Version:[39m   [0mv20.18.0 [90m(/home/runner/runners/2.321.0/externals/node20/bin/node)[39m[0m              [90m│[39m
Admin UI E2E (3, chrome)	Run Cypress	2024-12-04T19:25:52.4857150Z [90m  │[39m [90mSpecs:[39m          [0m7 found (realm_roles_test.spec.ts, sessions_test.spec.ts, identity_providers_s[0m [90m│[39m
Admin UI E2E (3, chrome)	Run Cypress	2024-12-04T19:25:52.4858263Z [90m  │[39m                 [0maml_test.spec.ts, realm_test.spec.ts, clients_test.spec.ts, realm_settings_use[0m [90m│[39m
Admin UI E2E (3, chrome)	Run Cypress	2024-12-04T19:25:52.4859123Z [90m  │[39m                 [0mr_profile_enabled.spec.ts, users_test.spec.ts)[0m                                 [90m│[39m
Admin UI E2E (3, chrome)	Run Cypress	2024-12-04T19:25:52.4860057Z [90m  │[39m [90mSearched:[39m       [0mcypress/e2e/realm_roles_test.spec.ts, cypress/e2e/sessions_test.spec.ts, cypre[0m [90m│[39m
Admin UI E2E (3, chrome)	Run Cypress	2024-12-04T19:25:52.4860970Z [90m  │[39m                 [0mss/e2e/identity_providers_saml_test.spec.ts, cypress/e2e/realm_test.spec.ts, c[0m [90m│[39m
Admin UI E2E (3, chrome)	Run Cypress	2024-12-04T19:25:52.4861827Z [90m  │[39m                 [0mypress/e2e/clients_test.spec.ts, cypress/e2e/realm_settings_user_profile_enabl[0m [90m│[39m
Admin UI E2E (3, chrome)	Run Cypress	2024-12-04T19:25:52.4862809Z [90m  │[39m                 [0med.spec.ts, cypress/e2e/users_test.spec.ts[0m                                     [90m│[39m
Admin UI E2E (3, chrome)	Run Cypress	2024-12-04T19:25:52.4863660Z [90m  │[39m [90mExperiments:[39m    experimentalMemoryManagement=true                                              [90m│[39m
Admin UI E2E (3, chrome)	Run Cypress	2024-12-04T19:25:52.4867551Z [90m  └[39m[90m─[39m[90m─[39m[90m─[39m[90m─[39m[90m─[39m[90m─[39m[90m─[39m[90m─[39m[90m─[39m[90m─[39m[90m─[39m[90m─[39m[90m─[39m[90m─[39m[90m─[39m[90m─[39m[90m─[39m[90m─[39m[90m─[39m[90m─[39m[90m─[39m[90m─[39m[90m─[39m[90m─[39m[90m─[39m[90m─[39m[90m─[39m[90m─[39m[90m─[39m[90m─[39m[90m─[39m[90m─[39m[90m─[39m[90m─[39m[90m─[39m[90m─[39m[90m─[39m[90m─[39m[90m─[39m[90m─[39m[90m─[39m[90m─[39m[90m─[39m[90m─[39m[90m─[39m[90m─[39m[90m─[39m[90m─[39m[90m─[39m[90m─[39m[90m─[39m[90m─[39m[90m─[39m[90m─[39m[90m─[39m[90m─[39m[90m─[39m[90m─[39m[90m─[39m[90m─[39m[90m─[39m[90m─[39m[90m─[39m[90m─[39m[90m─[39m[90m─[39m[90m─[39m[90m─[39m[90m─[39m[90m─[39m[90m─[39m[90m─[39m[90m─[39m[90m─[39m[90m─[39m[90m─[39m[90m─[39m[90m─[39m[90m─[39m[90m─[39m[90m─[39m[90m─[39m[90m─[39m[90m─[39m[90m─[39m[90m─[39m[90m─[39m[90m─[39m[90m─[39m[90m─[39m[90m─[39m[90m─[39m[90m─[39m[90m─[39m[90m─[39m[90m─[39m[90m┘[39m
Admin UI E2E (3, chrome)	Run Cypress	2024-12-04T19:25:52.4870094Z 
Admin UI E2E (3, chrome)	Run Cypress	2024-12-04T19:25:52.4870105Z 
Admin UI E2E (3, chrome)	Run Cypress	2024-12-04T19:25:52.4873724Z [90m─[39m[90m─[39m[90m─[39m[90m─[39m[90m─[39m[90m─[39m[90m─[39m[90m─[39m[90m─[39m[90m─[39m[90m─[39m[90m─[39m[90m─[39m[90m─[39m[90m─[39m[90m─[39m[90m─[39m[90m─[39m[90m─[39m[90m─[39m[90m─[39m[90m─[39m[90m─[39m[90m─[39m[90m─[39m[90m─[39m[90m─[39m[90m─[39m[90m─[39m[90m─[39m[90m─[39m[90m─[39m[90m─[39m[90m─[39m[90m─[39m[90m─[39m[90m─[39m[90m─[39m[90m─[39m[90m─[39m[90m─[39m[90m─[39m[90m─[39m[90m─[39m[90m─[39m[90m─[39m[90m─[39m[90m─[39m[90m─[39m[90m─[39m[90m─[39m[90m─[39m[90m─[39m[90m─[39m[90m─[39m[90m─[39m[90m─[39m[90m─[39m[90m─[39m[90m─[39m[90m─[39m[90m─[39m[90m─[39m[90m─[39m[90m─[39m[90m─[39m[90m─[39m[90m─[39m[90m─[39m[90m─[39m[90m─[39m[90m─[39m[90m─[39m[90m─[39m[90m─[39m[90m─[39m[90m─[39m[90m─[39m[90m─[39m[90m─[39m[90m─[39m[90m─[39m[90m─[39m[90m─[39m[90m─[39m[90m─[39m[90m─[39m[90m─[39m[90m─[39m[90m─[39m[90m─[39m[90m─[39m[90m─[39m[90m─[39m[90m─[39m[90m─[39m[90m─[39m[90m─[39m[90m─[39m[90m─[39m
Admin UI E2E (3, chrome)	Run Cypress	2024-12-04T19:25:52.4876116Z                                                                                                     
Admin UI E2E (3, chrome)	Run Cypress	2024-12-04T19:25:52.4876700Z   Running:  [90mrealm_roles_test.spec.ts[39m                                                        [90m(1 of 7)[39m
Admin UI E2E (3, chrome)	Run Cypress	2024-12-04T19:26:05.0114154Z 
Admin UI E2E (3, chrome)	Run Cypress	2024-12-04T19:26:05.0116724Z [0m[0m
Admin UI E2E (3, chrome)	Run Cypress	2024-12-04T19:26:05.0176004Z [0m  Realm roles test[0m
Admin UI E2E (3, chrome)	Run Cypress	2024-12-04T19:26:12.2210171Z   [32m  ✓[0m[90m should fail creating realm role[0m[90m (7195ms)[0m
Admin UI E2E (3, chrome)	Run Cypress	2024-12-04T19:26:14.4138443Z   [32m  ✓[0m[90m shouldn't create a realm role based with only whitespace name[0m[90m (2115ms)[0m
Admin UI E2E (3, chrome)	Run Cypress	2024-12-04T19:26:18.4312357Z   [32m  ✓[0m[90m Realm role CRUD test[0m[90m (3945ms)[0m
Admin UI E2E (3, chrome)	Run Cypress	2024-12-04T19:26:22.0539749Z   [32m  ✓[0m[90m should delete role from details action[0m[90m (3559ms)[0m
Admin UI E2E (3, chrome)	Run Cypress	2024-12-04T19:26:24.4442455Z   [32m  ✓[0m[90m should not be able to delete default role[0m[90m (2340ms)[0m
Admin UI E2E (3, chrome)	Run Cypress	2024-12-04T19:26:33.7925296Z   [32m  ✓[0m[90m Add associated roles test[0m[90m (9280ms)[0m
Admin UI E2E (3, chrome)	Run Cypress	2024-12-04T19:26:36.7759764Z   [32m  ✓[0m[90m should search existing associated role by name and go to it[0m[90m (2906ms)[0m
Admin UI E2E (3, chrome)	Run Cypress	2024-12-04T19:26:38.9543801Z   [32m  ✓[0m[90m should go to default-roles-master link role name and check assign roles table is not empty[0m[90m (2128ms)[0m
Admin UI E2E (3, chrome)	Run Cypress	2024-12-04T19:26:41.3360648Z   [32m  ✓[0m[90m Should search non-existent associated role by name[0m[90m (2340ms)[0m
Admin UI E2E (3, chrome)	Run Cypress	2024-12-04T19:26:44.0574891Z   [32m  ✓[0m[90m Should hide inherited roles test[0m[90m (2687ms)[0m
Admin UI E2E (3, chrome)	Run Cypress	2024-12-04T19:26:46.5344405Z   [32m  ✓[0m[90m Should fail to remove role when all unchecked from search bar[0m[90m (2431ms)[0m
Admin UI E2E (3, chrome)	Run Cypress	2024-12-04T19:26:49.9195456Z   [32m  ✓[0m[90m Should delete single non-inherited role item[0m[90m (3315ms)[0m
Admin UI E2E (3, chrome)	Run Cypress	2024-12-04T19:26:53.3074933Z   [32m  ✓[0m[90m Should delete all roles from search bar[0m[90m (3343ms)[0m
Admin UI E2E (3, chrome)	Run Cypress	2024-12-04T19:26:59.4143245Z   [32m  ✓[0m[90m Should delete associated roles from list test[0m[90m (6045ms)[0m
Admin UI E2E (3, chrome)	Run Cypress	2024-12-04T19:26:59.4549438Z [0m    edit role details[0m
Admin UI E2E (3, chrome)	Run Cypress	2024-12-04T19:27:02.0706669Z     [32m  ✓[0m[90m should edit realm role details[0m[90m (2576ms)[0m
Admin UI E2E (3, chrome)	Run Cypress	2024-12-04T19:27:04.5578002Z     [32m  ✓[0m[90m should add attribute[0m[90m (2441ms)[0m
Admin UI E2E (3, chrome)	Run Cypress	2024-12-04T19:27:06.9227554Z     [32m  ✓[0m[90m should add attribute multiple[0m[90m (2330ms)[0m
Admin UI E2E (3, chrome)	Run Cypress	2024-12-04T19:27:08.8286017Z     [32m  ✓[0m[90m should delete attribute[0m[90m (1714ms)[0m
Admin UI E2E (3, chrome)	Run Cypress	2024-12-04T19:27:08.8354422Z [0m    Accessibility tests for realm roles[0m
Admin UI E2E (3, chrome)	Run Cypress	2024-12-04T19:27:12.4119507Z     [32m  ✓[0m[90m Check a11y violations on load/ realm roles[0m[90m (3552ms)[0m
Admin UI E2E (3, chrome)	Run Cypress	2024-12-04T19:27:15.8719966Z     [32m  ✓[0m[90m Check a11y violations on default-roles-master default tab and default roles tabs[0m[90m (3437ms)[0m
Admin UI E2E (3, chrome)	Run Cypress	2024-12-04T19:27:19.2896781Z     [32m  ✓[0m[90m Check a11y violations on empty create role form[0m[90m (3382ms)[0m
Admin UI E2E (3, chrome)	Run Cypress	2024-12-04T19:27:24.0047988Z     [32m  ✓[0m[90m Check a11y violations on role details[0m[90m (4676ms)[0m
Admin UI E2E (3, chrome)	Run Cypress	2024-12-04T19:27:24.0050625Z 
Admin UI E2E (3, chrome)	Run Cypress	2024-12-04T19:27:24.0392542Z 
Admin UI E2E (3, chrome)	Run Cypress	2024-12-04T19:27:24.0393848Z [92m [0m[32m 22 passing[0m[90m (1m)[0m
Admin UI E2E (3, chrome)	Run Cypress	2024-12-04T19:27:24.0555964Z 
Admin UI E2E (3, chrome)	Run Cypress	2024-12-04T19:27:25.0626956Z 
Admin UI E2E (3, chrome)	Run Cypress	2024-12-04T19:27:25.0628715Z [32m  ([4m[1mResults[22m[24m)[39m
Admin UI E2E (3, chrome)	Run Cypress	2024-12-04T19:27:25.0648320Z 
Admin UI E2E (3, chrome)	Run Cypress	2024-12-04T19:27:25.0664141Z [90m  ┌[39m[90m─[39m[90m─[39m[90m─[39m[90m─[39m[90m─[39m[90m─[39m[90m─[39m[90m─[39m[90m─[39m[90m─[39m[90m─[39m[90m─[39m[90m─[39m[90m─[39m[90m─[39m[90m─[39m[90m─[39m[90m─[39m[90m─[39m[90m─[39m[90m─[39m[90m─[39m[90m─[39m[90m─[39m[90m─[39m[90m─[39m[90m─[39m[90m─[39m[90m─[39m[90m─[39m[90m─[39m[90m─[39m[90m─[39m[90m─[39m[90m─[39m[90m─[39m[90m─[39m[90m─[39m[90m─[39m[90m─[39m[90m─[39m[90m─[39m[90m─[39m[90m─[39m[90m─[39m[90m─[39m[90m─[39m[90m─[39m[90m─[39m[90m─[39m[90m─[39m[90m─[39m[90m─[39m[90m─[39m[90m─[39m[90m─[39m[90m─[39m[90m─[39m[90m─[39m[90m─[39m[90m─[39m[90m─[39m[90m─[39m[90m─[39m[90m─[39m[90m─[39m[90m─[39m[90m─[39m[90m─[39m[90m─[39m[90m─[39m[90m─[39m[90m─[39m[90m─[39m[90m─[39m[90m─[39m[90m─[39m[90m─[39m[90m─[39m[90m─[39m[90m─[39m[90m─[39m[90m─[39m[90m─[39m[90m─[39m[90m─[39m[90m─[39m[90m─[39m[90m─[39m[90m─[39m[90m─[39m[90m─[39m[90m─[39m[90m─[39m[90m─[39m[90m─[39m[90m┐[39m
Admin UI E2E (3, chrome)	Run Cypress	2024-12-04T19:27:25.0668874Z [90m  │[39m [90mTests:[39m        [32m22[39m                                                                               [90m│[39m
Admin UI E2E (3, chrome)	Run Cypress	2024-12-04T19:27:25.0670225Z [90m  │[39m [90mPassing:[39m      [32m22[39m                                                                               [90m│[39m
Admin UI E2E (3, chrome)	Run Cypress	2024-12-04T19:27:25.0671480Z [90m  │[39m [90mFailing:[39m      [32m0[39m                                                                                [90m│[39m
Admin UI E2E (3, chrome)	Run Cypress	2024-12-04T19:27:25.0672735Z [90m  │[39m [90mPending:[39m      [32m0[39m                                                                                [90m│[39m
Admin UI E2E (3, chrome)	Run Cypress	2024-12-04T19:27:25.0673957Z [90m  │[39m [90mSkipped:[39m      [32m0[39m                                                                                [90m│[39m
Admin UI E2E (3, chrome)	Run Cypress	2024-12-04T19:27:25.0675190Z [90m  │[39m [90mScreenshots:[39m  [32m0[39m                                                                                [90m│[39m
Admin UI E2E (3, chrome)	Run Cypress	2024-12-04T19:27:25.0676586Z [90m  │[39m [90mVideo:[39m        [32mfalse[39m                                                                            [90m│[39m
Admin UI E2E (3, chrome)	Run Cypress	2024-12-04T19:27:25.0678080Z [90m  │[39m [90mDuration:[39m     [32m1 minute, 19 seconds[39m                                                             [90m│[39m
Admin UI E2E (3, chrome)	Run Cypress	2024-12-04T19:27:25.0679734Z [90m  │[39m [90mSpec Ran:[39m     [32m[32mrealm_roles_test.spec.ts[32m[39m                                                         [90m│[39m
Admin UI E2E (3, chrome)	Run Cypress	2024-12-04T19:27:25.0685664Z [90m  └[39m[90m─[39m[90m─[39m[90m─[39m[90m─[39m[90m─[39m[90m─[39m[90m─[39m[90m─[39m[90m─[39m[90m─[39m[90m─[39m[90m─[39m[90m─[39m[90m─[39m[90m─[39m[90m─[39m[90m─[39m[90m─[39m[90m─[39m[90m─[39m[90m─[39m[90m─[39m[90m─[39m[90m─[39m[90m─[39m[90m─[39m[90m─[39m[90m─[39m[90m─[39m[90m─[39m[90m─[39m[90m─[39m[90m─[39m[90m─[39m[90m─[39m[90m─[39m[90m─[39m[90m─[39m[90m─[39m[90m─[39m[90m─[39m[90m─[39m[90m─[39m[90m─[39m[90m─[39m[90m─[39m[90m─[39m[90m─[39m[90m─[39m[90m─[39m[90m─[39m[90m─[39m[90m─[39m[90m─[39m[90m─[39m[90m─[39m[90m─[39m[90m─[39m[90m─[39m[90m─[39m[90m─[39m[90m─[39m[90m─[39m[90m─[39m[90m─[39m[90m─[39m[90m─[39m[90m─[39m[90m─[39m[90m─[39m[90m─[39m[90m─[39m[90m─[39m[90m─[39m[90m─[39m[90m─[39m[90m─[39m[90m─[39m[90m─[39m[90m─[39m[90m─[39m[90m─[39m[90m─[39m[90m─[39m[90m─[39m[90m─[39m[90m─[39m[90m─[39m[90m─[39m[90m─[39m[90m─[39m[90m─[39m[90m─[39m[90m─[39m[90m─[39m[90m─[39m[90m┘[39m
Admin UI E2E (3, chrome)	Run Cypress	2024-12-04T19:27:25.0688044Z 
Admin UI E2E (3, chrome)	Run Cypress	2024-12-04T19:27:25.1039948Z 
Admin UI E2E (3, chrome)	Run Cypress	2024-12-04T19:27:25.1053500Z [90m─[39m[90m─[39m[90m─[39m[90m─[39m[90m─[39m[90m─[39m[90m─[39m[90m─[39m[90m─[39m[90m─[39m[90m─[39m[90m─[39m[90m─[39m[90m─[39m[90m─[39m[90m─[39m[90m─[39m[90m─[39m[90m─[39m[90m─[39m[90m─[39m[90m─[39m[90m─[39m[90m─[39m[90m─[39m[90m─[39m[90m─[39m[90m─[39m[90m─[39m[90m─[39m[90m─[39m[90m─[39m[90m─[39m[90m─[39m[90m─[39m[90m─[39m[90m─[39m[90m─[39m[90m─[39m[90m─[39m[90m─[39m[90m─[39m[90m─[39m[90m─[39m[90m─[39m[90m─[39m[90m─[39m[90m─[39m[90m─[39m[90m─[39m[90m─[39m[90m─[39m[90m─[39m[90m─[39m[90m─[39m[90m─[39m[90m─[39m[90m─[39m[90m─[39m[90m─[39m[90m─[39m[90m─[39m[90m─[39m[90m─[39m[90m─[39m[90m─[39m[90m─[39m[90m─[39m[90m─[39m[90m─[39m[90m─[39m[90m─[39m[90m─[39m[90m─[39m[90m─[39m[90m─[39m[90m─[39m[90m─[39m[90m─[39m[90m─[39m[90m─[39m[90m─[39m[90m─[39m[90m─[39m[90m─[39m[90m─[39m[90m─[39m[90m─[39m[90m─[39m[90m─[39m[90m─[39m[90m─[39m[90m─[39m[90m─[39m[90m─[39m[90m─[39m[90m─[39m[90m─[39m[90m─[39m[90m─[39m
Admin UI E2E (3, chrome)	Run Cypress	2024-12-04T19:27:25.1058425Z                                                                                                     
Admin UI E2E (3, chrome)	Run Cypress	2024-12-04T19:27:25.1059553Z   Running:  [90msessions_test.spec.ts[39m                                                           [90m(2 of 7)[39m
Admin UI E2E (3, chrome)	Run Cypress	2024-12-04T19:27:29.0071760Z 
Admin UI E2E (3, chrome)	Run Cypress	2024-12-04T19:27:29.0072961Z [0m[0m
Admin UI E2E (3, chrome)	Run Cypress	2024-12-04T19:27:29.0106266Z [0m  Sessions test[0m
Admin UI E2E (3, chrome)	Run Cypress	2024-12-04T19:27:29.0107185Z [0m    Sessions list view[0m
Admin UI E2E (3, chrome)	Run Cypress	2024-12-04T19:27:33.5891033Z     [32m  ✓[0m[90m check item values[0m[90m (4555ms)[0m
Admin UI E2E (3, chrome)	Run Cypress	2024-12-04T19:27:35.4762522Z     [32m  ✓[0m[90m go to item accessed clients link[0m[90m (1837ms)[0m
Admin UI E2E (3, chrome)	Run Cypress	2024-12-04T19:27:35.4960128Z [0m    Offline sessions[0m
Admin UI E2E (3, chrome)	Run Cypress	2024-12-04T19:27:38.6668847Z     [32m  ✓[0m[90m check offline token[0m[90m (2914ms)[0m
Admin UI E2E (3, chrome)	Run Cypress	2024-12-04T19:27:38.6831761Z [0m    Search[0m
Admin UI E2E (3, chrome)	Run Cypress	2024-12-04T19:27:40.5769803Z     [32m  ✓[0m[90m search existing session[0m[90m (1858ms)[0m
Admin UI E2E (3, chrome)	Run Cypress	2024-12-04T19:27:42.6806321Z     [32m  ✓[0m[90m search non-existant session[0m[90m (2045ms)[0m
Admin UI E2E (3, chrome)	Run Cypress	2024-12-04T19:27:42.6966516Z [0m    revocation[0m
Admin UI E2E (3, chrome)	Run Cypress	2024-12-04T19:27:42.7154392Z     [36m  - Clear revocation notBefore[0m
Admin UI E2E (3, chrome)	Run Cypress	2024-12-04T19:27:42.7170683Z     [36m  - Check if notBefore cleared[0m
Admin UI E2E (3, chrome)	Run Cypress	2024-12-04T19:27:42.7188952Z     [36m  - Set revocation notBefore[0m
Admin UI E2E (3, chrome)	Run Cypress	2024-12-04T19:27:42.7191721Z     [36m  - Check if notBefore saved[0m
Admin UI E2E (3, chrome)	Run Cypress	2024-12-04T19:27:42.7194411Z     [36m  - Push when URI not configured[0m
Admin UI E2E (3, chrome)	Run Cypress	2024-12-04T19:27:42.7322604Z [0m    Accessibility tests for sessions[0m
Admin UI E2E (3, chrome)	Run Cypress	2024-12-04T19:27:45.8019819Z     [32m  ✓[0m[90m Check a11y violations on load/ sessions[0m[90m (3062ms)[0m
Admin UI E2E (3, chrome)	Run Cypress	2024-12-04T19:27:49.5878745Z     [32m  ✓[0m[90m Check a11y violations on revocation dialog[0m[90m (3761ms)[0m
Admin UI E2E (3, chrome)	Run Cypress	2024-12-04T19:27:52.9720974Z     [32m  ✓[0m[90m Check a11y violations on sign out all active sessions dialog[0m[90m (3346ms)[0m
Admin UI E2E (3, chrome)	Run Cypress	2024-12-04T19:27:52.9721614Z 
Admin UI E2E (3, chrome)	Run Cypress	2024-12-04T19:27:52.9852932Z 
Admin UI E2E (3, chrome)	Run Cypress	2024-12-04T19:27:52.9854186Z [92m [0m[32m 8 passing[0m[90m (24s)[0m
Admin UI E2E (3, chrome)	Run Cypress	2024-12-04T19:27:52.9855208Z [36m [0m[36m 5 pending[0m
Admin UI E2E (3, chrome)	Run Cypress	2024-12-04T19:27:52.9857064Z 
Admin UI E2E (3, chrome)	Run Cypress	2024-12-04T19:27:54.0050008Z 
Admin UI E2E (3, chrome)	Run Cypress	2024-12-04T19:27:54.0051667Z [32m  ([4m[1mResults[22m[24m)[39m
Admin UI E2E (3, chrome)	Run Cypress	2024-12-04T19:27:54.0074883Z 
Admin UI E2E (3, chrome)	Run Cypress	2024-12-04T19:27:54.0091010Z [90m  ┌[39m[90m─[39m[90m─[39m[90m─[39m[90m─[39m[90m─[39m[90m─[39m[90m─[39m[90m─[39m[90m─[39m[90m─[39m[90m─[39m[90m─[39m[90m─[39m[90m─[39m[90m─[39m[90m─[39m[90m─[39m[90m─[39m[90m─[39m[90m─[39m[90m─[39m[90m─[39m[90m─[39m[90m─[39m[90m─[39m[90m─[39m[90m─[39m[90m─[39m[90m─[39m[90m─[39m[90m─[39m[90m─[39m[90m─[39m[90m─[39m[90m─[39m[90m─[39m[90m─[39m[90m─[39m[90m─[39m[90m─[39m[90m─[39m[90m─[39m[90m─[39m[90m─[39m[90m─[39m[90m─[39m[90m─[39m[90m─[39m[90m─[39m[90m─[39m[90m─[39m[90m─[39m[90m─[39m[90m─[39m[90m─[39m[90m─[39m[90m─[39m[90m─[39m[90m─[39m[90m─[39m[90m─[39m[90m─[39m[90m─[39m[90m─[39m[90m─[39m[90m─[39m[90m─[39m[90m─[39m[90m─[39m[90m─[39m[90m─[39m[90m─[39m[90m─[39m[90m─[39m[90m─[39m[90m─[39m[90m─[39m[90m─[39m[90m─[39m[90m─[39m[90m─[39m[90m─[39m[90m─[39m[90m─[39m[90m─[39m[90m─[39m[90m─[39m[90m─[39m[90m─[39m[90m─[39m[90m─[39m[90m─[39m[90m─[39m[90m─[39m[90m─[39m[90m─[39m[90m┐[39m
Admin UI E2E (3, chrome)	Run Cypress	2024-12-04T19:27:54.0095209Z [90m  │[39m [90mTests:[39m        [32m13[39m                                                                               [90m│[39m
Admin UI E2E (3, chrome)	Run Cypress	2024-12-04T19:27:54.0096432Z [90m  │[39m [90mPassing:[39m      [32m8[39m                                                                                [90m│[39m
Admin UI E2E (3, chrome)	Run Cypress	2024-12-04T19:27:54.0097646Z [90m  │[39m [90mFailing:[39m      [32m0[39m                                                                                [90m│[39m
Admin UI E2E (3, chrome)	Run Cypress	2024-12-04T19:27:54.0098773Z [90m  │[39m [90mPending:[39m      [32m5[39m                                                                                [90m│[39m
Admin UI E2E (3, chrome)	Run Cypress	2024-12-04T19:27:54.0100076Z [90m  │[39m [90mSkipped:[39m      [32m0[39m                                                                                [90m│[39m
Admin UI E2E (3, chrome)	Run Cypress	2024-12-04T19:27:54.0101305Z [90m  │[39m [90mScreenshots:[39m  [32m0[39m                                                                                [90m│[39m
Admin UI E2E (3, chrome)	Run Cypress	2024-12-04T19:27:54.0102492Z [90m  │[39m [90mVideo:[39m        [32mfalse[39m                                                                            [90m│[39m
Admin UI E2E (3, chrome)	Run Cypress	2024-12-04T19:27:54.0103663Z [90m  │[39m [90mDuration:[39m     [32m23 seconds[39m                                                                       [90m│[39m
Admin UI E2E (3, chrome)	Run Cypress	2024-12-04T19:27:54.0104988Z [90m  │[39m [90mSpec Ran:[39m     [32m[32msessions_test.spec.ts[32m[39m                                                            [90m│[39m
Admin UI E2E (3, chrome)	Run Cypress	2024-12-04T19:27:54.0114038Z [90m  └[39m[90m─[39m[90m─[39m[90m─[39m[90m─[39m[90m─[39m[90m─[39m[90m─[39m[90m─[39m[90m─[39m[90m─[39m[90m─[39m[90m─[39m[90m─[39m[90m─[39m[90m─[39m[90m─[39m[90m─[39m[90m─[39m[90m─[39m[90m─[39m[90m─[39m[90m─[39m[90m─[39m[90m─[39m[90m─[39m[90m─[39m[90m─[39m[90m─[39m[90m─[39m[90m─[39m[90m─[39m[90m─[39m[90m─[39m[90m─[39m[90m─[39m[90m─[39m[90m─[39m[90m─[39m[90m─[39m[90m─[39m[90m─[39m[90m─[39m[90m─[39m[90m─[39m[90m─[39m[90m─[39m[90m─[39m[90m─[39m[90m─[39m[90m─[39m[90m─[39m[90m─[39m[90m─[39m[90m─[39m[90m─[39m[90m─[39m[90m─[39m[90m─[39m[90m─[39m[90m─[39m[90m─[39m[90m─[39m[90m─[39m[90m─[39m[90m─[39m[90m─[39m[90m─[39m[90m─[39m[90m─[39m[90m─[39m[90m─[39m[90m─[39m[90m─[39m[90m─[39m[90m─[39m[90m─[39m[90m─[39m[90m─[39m[90m─[39m[90m─[39m[90m─[39m[90m─[39m[90m─[39m[90m─[39m[90m─[39m[90m─[39m[90m─[39m[90m─[39m[90m─[39m[90m─[39m[90m─[39m[90m─[39m[90m─[39m[90m─[39m[90m─[39m[90m─[39m[90m┘[39m
Admin UI E2E (3, chrome)	Run Cypress	2024-12-04T19:27:54.0118463Z 
Admin UI E2E (3, chrome)	Run Cypress	2024-12-04T19:27:54.0452289Z 
Admin UI E2E (3, chrome)	Run Cypress	2024-12-04T19:27:54.0463505Z [90m─[39m[90m─[39m[90m─[39m[90m─[39m[90m─[39m[90m─[39m[90m─[39m[90m─[39m[90m─[39m[90m─[39m[90m─[39m[90m─[39m[90m─[39m[90m─[39m[90m─[39m[90m─[39m[90m─[39m[90m─[39m[90m─[39m[90m─[39m[90m─[39m[90m─[39m[90m─[39m[90m─[39m[90m─[39m[90m─[39m[90m─[39m[90m─[39m[90m─[39m[90m─[39m[90m─[39m[90m─[39m[90m─[39m[90m─[39m[90m─[39m[90m─[39m[90m─[39m[90m─[39m[90m─[39m[90m─[39m[90m─[39m[90m─[39m[90m─[39m[90m─[39m[90m─[39m[90m─[39m[90m─[39m[90m─[39m[90m─[39m[90m─[39m[90m─[39m[90m─[39m[90m─[39m[90m─[39m[90m─[39m[90m─[39m[90m─[39m[90m─[39m[90m─[39m[90m─[39m[90m─[39m[90m─[39m[90m─[39m[90m─[39m[90m─[39m[90m─[39m[90m─[39m[90m─[39m[90m─[39m[90m─[39m[90m─[39m[90m─[39m[90m─[39m[90m─[39m[90m─[39m[90m─[39m[90m─[39m[90m─[39m[90m─[39m[90m─[39m[90m─[39m[90m─[39m[90m─[39m[90m─[39m[90m─[39m[90m─[39m[90m─[39m[90m─[39m[90m─[39m[90m─[39m[90m─[39m[90m─[39m[90m─[39m[90m─[39m[90m─[39m[90m─[39m[90m─[39m[90m─[39m[90m─[39m[90m─[39m
Admin UI E2E (3, chrome)	Run Cypress	2024-12-04T19:27:54.0468530Z                                                                                                     
Admin UI E2E (3, chrome)	Run Cypress	2024-12-04T19:27:54.0469659Z   Running:  [90midentity_providers_saml_test.spec.ts[39m                                            [90m(3 of 7)[39m
Admin UI E2E (3, chrome)	Run Cypress	2024-12-04T19:27:56.9975081Z 
Admin UI E2E (3, chrome)	Run Cypress	2024-12-04T19:27:56.9976309Z [0m[0m
Admin UI E2E (3, chrome)	Run Cypress	2024-12-04T19:27:57.0005633Z [0m  SAML identity provider test[0m
Admin UI E2E (3, chrome)	Run Cypress	2024-12-04T19:27:57.0011055Z [0m    SAML identity provider creation[0m
Admin UI E2E (3, chrome)	Run Cypress	2024-12-04T19:28:04.6474537Z     [32m  ✓[0m[90m should create a SAML provider using entity descriptor[0m[90m (7593ms)[0m
Admin UI E2E (3, chrome)	Run Cypress	2024-12-04T19:28:08.2749524Z     [32m  ✓[0m[90m should add auth constraints to existing SAML provider[0m[90m (3554ms)[0m
Admin UI E2E (3, chrome)	Run Cypress	2024-12-04T19:28:11.8091942Z     [32m  ✓[0m[90m should add SAML mapper of type Advanced Attribute to Role[0m[90m (3500ms)[0m
Admin UI E2E (3, chrome)	Run Cypress	2024-12-04T19:28:15.2230311Z     [32m  ✓[0m[90m should add SAML mapper of type Username Template Importer[0m[90m (3387ms)[0m
Admin UI E2E (3, chrome)	Run Cypress	2024-12-04T19:28:19.0875765Z     [32m  ✓[0m[90m should add SAML mapper of type Hardcoded User Session Attribute[0m[90m (3834ms)[0m
Admin UI E2E (3, chrome)	Run Cypress	2024-12-04T19:28:23.0331968Z     [32m  ✓[0m[90m should add SAML mapper of type Attribute Importer[0m[90m (3917ms)[0m
Admin UI E2E (3, chrome)	Run Cypress	2024-12-04T19:28:26.0700938Z     [32m  ✓[0m[90m should add SAML mapper of type Hardcoded Role[0m[90m (3005ms)[0m
Admin UI E2E (3, chrome)	Run Cypress	2024-12-04T19:28:30.3212331Z     [32m  ✓[0m[90m should add SAML mapper of type Hardcoded Attribute[0m[90m (4207ms)[0m
Admin UI E2E (3, chrome)	Run Cypress	2024-12-04T19:28:33.9008909Z     [32m  ✓[0m[90m should add SAML mapper of type SAML Attribute To Role[0m[90m (3535ms)[0m
Admin UI E2E (3, chrome)	Run Cypress	2024-12-04T19:28:36.3950121Z     [32m  ✓[0m[90m should edit Username Template Importer mapper[0m[90m (2461ms)[0m
Admin UI E2E (3, chrome)	Run Cypress	2024-12-04T19:28:39.7956629Z     [32m  ✓[0m[90m should edit SAML mapper[0m[90m (3364ms)[0m
Admin UI E2E (3, chrome)	Run Cypress	2024-12-04T19:28:50.9997641Z     [32m  ✓[0m[90m should edit SAML settings[0m[90m (11153ms)[0m
Admin UI E2E (3, chrome)	Run Cypress	2024-12-04T19:28:53.0192536Z     [32m  ✓[0m[90m clean up providers[0m[90m (1939ms)[0m
Admin UI E2E (3, chrome)	Run Cypress	2024-12-04T19:28:53.0198371Z 
Admin UI E2E (3, chrome)	Run Cypress	2024-12-04T19:28:53.0522647Z 
Admin UI E2E (3, chrome)	Run Cypress	2024-12-04T19:28:53.0524081Z [92m [0m[32m 13 passing[0m[90m (56s)[0m
Admin UI E2E (3, chrome)	Run Cypress	2024-12-04T19:28:53.0524722Z 
Admin UI E2E (3, chrome)	Run Cypress	2024-12-04T19:28:54.0815953Z 
Admin UI E2E (3, chrome)	Run Cypress	2024-12-04T19:28:54.0817228Z [32m  ([4m[1mResults[22m[24m)[39m
Admin UI E2E (3, chrome)	Run Cypress	2024-12-04T19:28:54.0835262Z 
Admin UI E2E (3, chrome)	Run Cypress	2024-12-04T19:28:54.0847958Z [90m  ┌[39m[90m─[39m[90m─[39m[90m─[39m[90m─[39m[90m─[39m[90m─[39m[90m─[39m[90m─[39m[90m─[39m[90m─[39m[90m─[39m[90m─[39m[90m─[39m[90m─[39m[90m─[39m[90m─[39m[90m─[39m[90m─[39m[90m─[39m[90m─[39m[90m─[39m[90m─[39m[90m─[39m[90m─[39m[90m─[39m[90m─[39m[90m─[39m[90m─[39m[90m─[39m[90m─[39m[90m─[39m[90m─[39m[90m─[39m[90m─[39m[90m─[39m[90m─[39m[90m─[39m[90m─[39m[90m─[39m[90m─[39m[90m─[39m[90m─[39m[90m─[39m[90m─[39m[90m─[39m[90m─[39m[90m─[39m[90m─[39m[90m─[39m[90m─[39m[90m─[39m[90m─[39m[90m─[39m[90m─[39m[90m─[39m[90m─[39m[90m─[39m[90m─[39m[90m─[39m[90m─[39m[90m─[39m[90m─[39m[90m─[39m[90m─[39m[90m─[39m[90m─[39m[90m─[39m[90m─[39m[90m─[39m[90m─[39m[90m─[39m[90m─[39m[90m─[39m[90m─[39m[90m─[39m[90m─[39m[90m─[39m[90m─[39m[90m─[39m[90m─[39m[90m─[39m[90m─[39m[90m─[39m[90m─[39m[90m─[39m[90m─[39m[90m─[39m[90m─[39m[90m─[39m[90m─[39m[90m─[39m[90m─[39m[90m─[39m[90m─[39m[90m─[39m[90m─[39m[90m┐[39m
Admin UI E2E (3, chrome)	Run Cypress	2024-12-04T19:28:54.0852767Z [90m  │[39m [90mTests:[39m        [32m13[39m                                                                               [90m│[39m
Admin UI E2E (3, chrome)	Run Cypress	2024-12-04T19:28:54.0853910Z [90m  │[39m [90mPassing:[39m      [32m13[39m                                                                               [90m│[39m
Admin UI E2E (3, chrome)	Run Cypress	2024-12-04T19:28:54.0855316Z [90m  │[39m [90mFailing:[39m      [32m0[39m                                                                                [90m│[39m
Admin UI E2E (3, chrome)	Run Cypress	2024-12-04T19:28:54.0856479Z [90m  │[39m [90mPending:[39m      [32m0[39m                                                                                [90m│[39m
Admin UI E2E (3, chrome)	Run Cypress	2024-12-04T19:28:54.0857832Z [90m  │[39m [90mSkipped:[39m      [32m0[39m                                                                                [90m│[39m
Admin UI E2E (3, chrome)	Run Cypress	2024-12-04T19:28:54.0859253Z [90m  │[39m [90mScreenshots:[39m  [32m0[39m                                                                                [90m│[39m
Admin UI E2E (3, chrome)	Run Cypress	2024-12-04T19:28:54.0860527Z [90m  │[39m [90mVideo:[39m        [32mfalse[39m                                                                            [90m│[39m
Admin UI E2E (3, chrome)	Run Cypress	2024-12-04T19:28:54.0861724Z [90m  │[39m [90mDuration:[39m     [32m56 seconds[39m                                                                       [90m│[39m
Admin UI E2E (3, chrome)	Run Cypress	2024-12-04T19:28:54.0863145Z [90m  │[39m [90mSpec Ran:[39m     [32m[32midentity_providers_saml_test.spec.ts[32m[39m                                             [90m│[39m
Admin UI E2E (3, chrome)	Run Cypress	2024-12-04T19:28:54.0870206Z [90m  └[39m[90m─[39m[90m─[39m[90m─[39m[90m─[39m[90m─[39m[90m─[39m[90m─[39m[90m─[39m[90m─[39m[90m─[39m[90m─[39m[90m─[39m[90m─[39m[90m─[39m[90m─[39m[90m─[39m[90m─[39m[90m─[39m[90m─[39m[90m─[39m[90m─[39m[90m─[39m[90m─[39m[90m─[39m[90m─[39m[90m─[39m[90m─[39m[90m─[39m[90m─[39m[90m─[39m[90m─[39m[90m─[39m[90m─[39m[90m─[39m[90m─[39m[90m─[39m[90m─[39m[90m─[39m[90m─[39m[90m─[39m[90m─[39m[90m─[39m[90m─[39m[90m─[39m[90m─[39m[90m─[39m[90m─[39m[90m─[39m[90m─[39m[90m─[39m[90m─[39m[90m─[39m[90m─[39m[90m─[39m[90m─[39m[90m─[39m[90m─[39m[90m─[39m[90m─[39m[90m─[39m[90m─[39m[90m─[39m[90m─[39m[90m─[39m[90m─[39m[90m─[39m[90m─[39m[90m─[39m[90m─[39m[90m─[39m[90m─[39m[90m─[39m[90m─[39m[90m─[39m[90m─[39m[90m─[39m[90m─[39m[90m─[39m[90m─[39m[90m─[39m[90m─[39m[90m─[39m[90m─[39m[90m─[39m[90m─[39m[90m─[39m[90m─[39m[90m─[39m[90m─[39m[90m─[39m[90m─[39m[90m─[39m[90m─[39m[90m─[39m[90m─[39m[90m─[39m[90m┘[39m
Admin UI E2E (3, chrome)	Run Cypress	2024-12-04T19:28:54.0874180Z 
Admin UI E2E (3, chrome)	Run Cypress	2024-12-04T19:28:54.1195869Z 
Admin UI E2E (3, chrome)	Run Cypress	2024-12-04T19:28:54.1207591Z [90m─[39m[90m─[39m[90m─[39m[90m─[39m[90m─[39m[90m─[39m[90m─[39m[90m─[39m[90m─[39m[90m─[39m[90m─[39m[90m─[39m[90m─[39m[90m─[39m[90m─[39m[90m─[39m[90m─[39m[90m─[39m[90m─[39m[90m─[39m[90m─[39m[90m─[39m[90m─[39m[90m─[39m[90m─[39m[90m─[39m[90m─[39m[90m─[39m[90m─[39m[90m─[39m[90m─[39m[90m─[39m[90m─[39m[90m─[39m[90m─[39m[90m─[39m[90m─[39m[90m─[39m[90m─[39m[90m─[39m[90m─[39m[90m─[39m[90m─[39m[90m─[39m[90m─[39m[90m─[39m[90m─[39m[90m─[39m[90m─[39m[90m─[39m[90m─[39m[90m─[39m[90m─[39m[90m─[39m[90m─[39m[90m─[39m[90m─[39m[90m─[39m[90m─[39m[90m─[39m[90m─[39m[90m─[39m[90m─[39m[90m─[39m[90m─[39m[90m─[39m[90m─[39m[90m─[39m[90m─[39m[90m─[39m[90m─[39m[90m─[39m[90m─[39m[90m─[39m[90m─[39m[90m─[39m[90m─[39m[90m─[39m[90m─[39m[90m─[39m[90m─[39m[90m─[39m[90m─[39m[90m─[39m[90m─[39m[90m─[39m[90m─[39m[90m─[39m[90m─[39m[90m─[39m[90m─[39m[90m─[39m[90m─[39m[90m─[39m[90m─[39m[90m─[39m[90m─[39m[90m─[39m[90m─[39m[90m─[39m
Admin UI E2E (3, chrome)	Run Cypress	2024-12-04T19:28:54.1212192Z                                                                                                     
Admin UI E2E (3, chrome)	Run Cypress	2024-12-04T19:28:54.1213275Z   Running:  [90mrealm_test.spec.ts[39m                                                              [90m(4 of 7)[39m
Admin UI E2E (3, chrome)	Run Cypress	2024-12-04T19:28:58.0542481Z 
Admin UI E2E (3, chrome)	Run Cypress	2024-12-04T19:28:58.0543423Z [0m[0m
Admin UI E2E (3, chrome)	Run Cypress	2024-12-04T19:28:58.0570236Z [0m  Realm tests[0m
Admin UI E2E (3, chrome)	Run Cypress	2024-12-04T19:29:02.2531816Z   [32m  ✓[0m[90m should fail creating duplicated or empty name realm[0m[90m (4188ms)[0m
Admin UI E2E (3, chrome)	Run Cypress	2024-12-04T19:29:06.7289976Z   [32m  ✓[0m[90m should create Test realm[0m[90m (4373ms)[0m
Admin UI E2E (3, chrome)	Run Cypress	2024-12-04T19:29:17.6816196Z   [32m  ✓[0m[90m CRUD test of Disabled realm[0m[90m (10881ms)[0m
Admin UI E2E (3, chrome)	Run Cypress	2024-12-04T19:29:23.1296409Z   [32m  ✓[0m[90m should create realm from new a realm[0m[90m (5414ms)[0m
Admin UI E2E (3, chrome)	Run Cypress	2024-12-04T19:29:25.1725294Z   [32m  ✓[0m[90m should change to Test realm[0m[90m (1974ms)[0m
Admin UI E2E (3, chrome)	Run Cypress	2024-12-04T19:29:57.6088796Z     [33m(Attempt 1 of 4)[0m should create realm with special characters
Admin UI E2E (3, chrome)	Run Cypress	2024-12-04T19:30:02.5330353Z   [32m  ✓[0m[90m should create realm with special characters[0m[90m (3425ms)[0m
Admin UI E2E (3, chrome)	Run Cypress	2024-12-04T19:30:02.5331483Z 
Admin UI E2E (3, chrome)	Run Cypress	2024-12-04T19:30:02.5546800Z 
Admin UI E2E (3, chrome)	Run Cypress	2024-12-04T19:30:02.5548517Z [92m [0m[32m 6 passing[0m[90m (1m)[0m
Admin UI E2E (3, chrome)	Run Cypress	2024-12-04T19:30:02.5549245Z 
Admin UI E2E (3, chrome)	Run Cypress	2024-12-04T19:30:03.6388669Z 
Admin UI E2E (3, chrome)	Run Cypress	2024-12-04T19:30:03.6390097Z [32m  ([4m[1mResults[22m[24m)[39m
Admin UI E2E (3, chrome)	Run Cypress	2024-12-04T19:30:03.6406444Z 
Admin UI E2E (3, chrome)	Run Cypress	2024-12-04T19:30:03.6423108Z [90m  ┌[39m[90m─[39m[90m─[39m[90m─[39m[90m─[39m[90m─[39m[90m─[39m[90m─[39m[90m─[39m[90m─[39m[90m─[39m[90m─[39m[90m─[39m[90m─[39m[90m─[39m[90m─[39m[90m─[39m[90m─[39m[90m─[39m[90m─[39m[90m─[39m[90m─[39m[90m─[39m[90m─[39m[90m─[39m[90m─[39m[90m─[39m[90m─[39m[90m─[39m[90m─[39m[90m─[39m[90m─[39m[90m─[39m[90m─[39m[90m─[39m[90m─[39m[90m─[39m[90m─[39m[90m─[39m[90m─[39m[90m─[39m[90m─[39m[90m─[39m[90m─[39m[90m─[39m[90m─[39m[90m─[39m[90m─[39m[90m─[39m[90m─[39m[90m─[39m[90m─[39m[90m─[39m[90m─[39m[90m─[39m[90m─[39m[90m─[39m[90m─[39m[90m─[39m[90m─[39m[90m─[39m[90m─[39m[90m─[39m[90m─[39m[90m─[39m[90m─[39m[90m─[39m[90m─[39m[90m─[39m[90m─[39m[90m─[39m[90m─[39m[90m─[39m[90m─[39m[90m─[39m[90m─[39m[90m─[39m[90m─[39m[90m─[39m[90m─[39m[90m─[39m[90m─[39m[90m─[39m[90m─[39m[90m─[39m[90m─[39m[90m─[39m[90m─[39m[90m─[39m[90m─[39m[90m─[39m[90m─[39m[90m─[39m[90m─[39m[90m─[39m[90m─[39m[90m─[39m[90m┐[39m
Admin UI E2E (3, chrome)	Run Cypress	2024-12-04T19:30:03.6427844Z [90m  │[39m [90mTests:[39m        [32m6[39m                                                                                [90m│[39m
Admin UI E2E (3, chrome)	Run Cypress	2024-12-04T19:30:03.6429876Z [90m  │[39m [90mPassing:[39m      [32m6[39m                                                                                [90m│[39m
Admin UI E2E (3, chrome)	Run Cypress	2024-12-04T19:30:03.6430685Z [90m  │[39m [90mFailing:[39m      [32m0[39m                                                                                [90m│[39m
Admin UI E2E (3, chrome)	Run Cypress	2024-12-04T19:30:03.6431663Z [90m  │[39m [90mPending:[39m      [32m0[39m                                                                                [90m│[39m
Admin UI E2E (3, chrome)	Run Cypress	2024-12-04T19:30:03.6432375Z [90m  │[39m [90mSkipped:[39m      [32m0[39m                                                                                [90m│[39m
Admin UI E2E (3, chrome)	Run Cypress	2024-12-04T19:30:03.6433081Z [90m  │[39m [90mScreenshots:[39m  [32m1[39m                                                                                [90m│[39m
Admin UI E2E (3, chrome)	Run Cypress	2024-12-04T19:30:03.6433788Z [90m  │[39m [90mVideo:[39m        [32mtrue[39m                                                                             [90m│[39m
Admin UI E2E (3, chrome)	Run Cypress	2024-12-04T19:30:03.6434544Z [90m  │[39m [90mDuration:[39m     [32m1 minute, 4 seconds[39m                                                              [90m│[39m
Admin UI E2E (3, chrome)	Run Cypress	2024-12-04T19:30:03.6435369Z [90m  │[39m [90mSpec Ran:[39m     [32m[32mrealm_test.spec.ts[32m[39m                                                               [90m│[39m
Admin UI E2E (3, chrome)	Run Cypress	2024-12-04T19:30:03.6439346Z [90m  └[39m[90m─[39m[90m─[39m[90m─[39m[90m─[39m[90m─[39m[90m─[39m[90m─[39m[90m─[39m[90m─[39m[90m─[39m[90m─[39m[90m─[39m[90m─[39m[90m─[39m[90m─[39m[90m─[39m[90m─[39m[90m─[39m[90m─[39m[90m─[39m[90m─[39m[90m─[39m[90m─[39m[90m─[39m[90m─[39m[90m─[39m[90m─[39m[90m─[39m[90m─[39m[90m─[39m[90m─[39m[90m─[39m[90m─[39m[90m─[39m[90m─[39m[90m─[39m[90m─[39m[90m─[39m[90m─[39m[90m─[39m[90m─[39m[90m─[39m[90m─[39m[90m─[39m[90m─[39m[90m─[39m[90m─[39m[90m─[39m[90m─[39m[90m─[39m[90m─[39m[90m─[39m[90m─[39m[90m─[39m[90m─[39m[90m─[39m[90m─[39m[90m─[39m[90m─[39m[90m─[39m[90m─[39m[90m─[39m[90m─[39m[90m─[39m[90m─[39m[90m─[39m[90m─[39m[90m─[39m[90m─[39m[90m─[39m[90m─[39m[90m─[39m[90m─[39m[90m─[39m[90m─[39m[90m─[39m[90m─[39m[90m─[39m[90m─[39m[90m─[39m[90m─[39m[90m─[39m[90m─[39m[90m─[39m[90m─[39m[90m─[39m[90m─[39m[90m─[39m[90m─[39m[90m─[39m[90m─[39m[90m─[39m[90m─[39m[90m─[39m[90m─[39m[90m─[39m[90m┘[39m
Admin UI E2E (3, chrome)	Run Cypress	2024-12-04T19:30:03.6441895Z 
Admin UI E2E (3, chrome)	Run Cypress	2024-12-04T19:30:03.6441908Z 
Admin UI E2E (3, chrome)	Run Cypress	2024-12-04T19:30:03.6442156Z [33m  ([4m[1mScreenshots[22m[24m)[39m
Admin UI E2E (3, chrome)	Run Cypress	2024-12-04T19:30:03.6442343Z 
Admin UI E2E (3, chrome)	Run Cypress	2024-12-04T19:30:03.6443010Z [90m [39m -  [0m/home/runner/work/keycloak/keycloak/js/apps/admin-ui/cypress/screenshots/realm_t[0m     [90m[90m(1280x581)[90m[39m
Admin UI E2E (3, chrome)	Run Cypress	2024-12-04T19:30:03.6444187Z [90m [39m    [0mest.spec.ts/Realm tests -- should create realm with special characters (failed).[0m               
Admin UI E2E (3, chrome)	Run Cypress	2024-12-04T19:30:03.6445373Z [90m [39m    [0mpng[0m                                                                                            
Admin UI E2E (3, chrome)	Run Cypress	2024-12-04T19:30:03.6445723Z 
Admin UI E2E (3, chrome)	Run Cypress	2024-12-04T19:30:03.6775472Z 
Admin UI E2E (3, chrome)	Run Cypress	2024-12-04T19:30:03.6776707Z [36m  ([4m[1mVideo[22m[24m)[39m
Admin UI E2E (3, chrome)	Run Cypress	2024-12-04T19:30:03.6778163Z 
Admin UI E2E (3, chrome)	Run Cypress	2024-12-04T19:30:03.6779304Z   -  Video output: [36m/home/runner/work/keycloak/keycloak/js/apps/admin-ui/cypress/videos/realm_test.spec.ts.mp4[39m
Admin UI E2E (3, chrome)	Run Cypress	2024-12-04T19:30:03.6780182Z 
Admin UI E2E (3, chrome)	Run Cypress	2024-12-04T19:30:03.6780638Z 
Admin UI E2E (3, chrome)	Run Cypress	2024-12-04T19:30:03.6792162Z [90m─[39m[90m─[39m[90m─[39m[90m─[39m[90m─[39m[90m─[39m[90m─[39m[90m─[39m[90m─[39m[90m─[39m[90m─[39m[90m─[39m[90m─[39m[90m─[39m[90m─[39m[90m─[39m[90m─[39m[90m─[39m[90m─[39m[90m─[39m[90m─[39m[90m─[39m[90m─[39m[90m─[39m[90m─[39m[90m─[39m[90m─[39m[90m─[39m[90m─[39m[90m─[39m[90m─[39m[90m─[39m[90m─[39m[90m─[39m[90m─[39m[90m─[39m[90m─[39m[90m─[39m[90m─[39m[90m─[39m[90m─[39m[90m─[39m[90m─[39m[90m─[39m[90m─[39m[90m─[39m[90m─[39m[90m─[39m[90m─[39m[90m─[39m[90m─[39m[90m─[39m[90m─[39m[90m─[39m[90m─[39m[90m─[39m[90m─[39m[90m─[39m[90m─[39m[90m─[39m[90m─[39m[90m─[39m[90m─[39m[90m─[39m[90m─[39m[90m─[39m[90m─[39m[90m─[39m[90m─[39m[90m─[39m[90m─[39m[90m─[39m[90m─[39m[90m─[39m[90m─[39m[90m─[39m[90m─[39m[90m─[39m[90m─[39m[90m─[39m[90m─[39m[90m─[39m[90m─[39m[90m─[39m[90m─[39m[90m─[39m[90m─[39m[90m─[39m[90m─[39m[90m─[39m[90m─[39m[90m─[39m[90m─[39m[90m─[39m[90m─[39m[90m─[39m[90m─[39m[90m─[39m[90m─[39m[90m─[39m
Admin UI E2E (3, chrome)	Run Cypress	2024-12-04T19:30:03.6797052Z                                                                                                     
Admin UI E2E (3, chrome)	Run Cypress	2024-12-04T19:30:03.6798333Z   Running:  [90mclients_test.spec.ts[39m                                                            [90m(5 of 7)[39m
Admin UI E2E (3, chrome)	Run Cypress	2024-12-04T19:30:08.3550218Z 
Admin UI E2E (3, chrome)	Run Cypress	2024-12-04T19:30:08.3551677Z [0m[0m
Admin UI E2E (3, chrome)	Run Cypress	2024-12-04T19:30:08.3574442Z [0m  Clients test[0m
Admin UI E2E (3, chrome)	Run Cypress	2024-12-04T19:30:09.0669842Z [0m    Client details - Client scopes subtab[0m
Admin UI E2E (3, chrome)	Run Cypress	2024-12-04T19:30:17.5932005Z     [32m  ✓[0m[90m Should list client scopes[0m[90m (9088ms)[0m
Admin UI E2E (3, chrome)	Run Cypress	2024-12-04T19:30:20.9656205Z     [32m  ✓[0m[90m Should search existing client scope by name[0m[90m (3325ms)[0m
Admin UI E2E (3, chrome)	Run Cypress	2024-12-04T19:30:24.2563238Z     [32m  ✓[0m[90m Should search non-existent client scope by name[0m[90m (3255ms)[0m
Admin UI E2E (3, chrome)	Run Cypress	2024-12-04T19:30:27.6811559Z     [32m  ✓[0m[90m Should search existing client scope by assigned type[0m[90m (3383ms)[0m
Admin UI E2E (3, chrome)	Run Cypress	2024-12-04T19:30:31.5928736Z     [32m  ✓[0m[90m Should add client scope client-scope-test-optional-type with Optional assigned type[0m[90m (3874ms)[0m
Admin UI E2E (3, chrome)	Run Cypress	2024-12-04T19:30:35.3617615Z     [32m  ✓[0m[90m Should add client scope client-scope-test-default-type with Default assigned type[0m[90m (3738ms)[0m
Admin UI E2E (3, chrome)	Run Cypress	2024-12-04T19:30:39.4655315Z     [32m  ✓[0m[90m Should change item client-scope-test0 AssignedType to Optional from search bar[0m[90m (4066ms)[0m
Admin UI E2E (3, chrome)	Run Cypress	2024-12-04T19:30:45.5646888Z     [32m  ✓[0m[90m Should change item client-scope-test0 AssignedType to Default from search bar[0m[90m (6003ms)[0m
Admin UI E2E (3, chrome)	Run Cypress	2024-12-04T19:30:48.4481525Z     [32m  ✓[0m[90m Should show items on next page are more than 11[0m[90m (2838ms)[0m
Admin UI E2E (3, chrome)	Run Cypress	2024-12-04T19:30:52.6961128Z     [32m  ✓[0m[90m Should remove client scope from item bar[0m[90m (4208ms)[0m
Admin UI E2E (3, chrome)	Run Cypress	2024-12-04T19:31:00.8447787Z     [32m  ✓[0m[90m Should remove multiple client scopes from search bar[0m[90m (8096ms)[0m
Admin UI E2E (3, chrome)	Run Cypress	2024-12-04T19:31:05.6735021Z     [31m  1) "after all" hook for "Should show initial items after filtering"[0m
Admin UI E2E (3, chrome)	Run Cypress	2024-12-04T19:31:05.6983912Z [0m    Client scopes evaluate subtab[0m
Admin UI E2E (3, chrome)	Run Cypress	2024-12-04T19:31:08.4681740Z     [32m  ✓[0m[90m check effective protocol mappers list is not empty and find effective protocol mapper locale[0m[90m (2707ms)[0m
Admin UI E2E (3, chrome)	Run Cypress	2024-12-04T19:31:11.1656000Z     [32m  ✓[0m[90m check role scope mappings list list is not empty and find role scope mapping admin[0m[90m (2636ms)[0m
Admin UI E2E (3, chrome)	Run Cypress	2024-12-04T19:31:14.6532141Z     [32m  ✓[0m[90m check generated id token and user info[0m[90m (3307ms)[0m
Admin UI E2E (3, chrome)	Run Cypress	2024-12-04T19:31:14.6680105Z [0m    Client creation[0m
Admin UI E2E (3, chrome)	Run Cypress	2024-12-04T19:31:16.7917437Z     [32m  ✓[0m[90m Should cancel creating client[0m[90m (2090ms)[0m
Admin UI E2E (3, chrome)	Run Cypress	2024-12-04T19:31:21.0843336Z     [32m  ✓[0m[90m Should check settings elements[0m[90m (4253ms)[0m
Admin UI E2E (3, chrome)	Run Cypress	2024-12-04T19:31:23.4856376Z     [32m  ✓[0m[90m Should navigate to previous using 'back' button[0m[90m (2362ms)[0m
Admin UI E2E (3, chrome)	Run Cypress	2024-12-04T19:31:26.1932890Z     [32m  ✓[0m[90m Should fail creating client[0m[90m (2666ms)[0m
Admin UI E2E (3, chrome)	Run Cypress	2024-12-04T19:31:36.7323740Z     [32m  ✓[0m[90m Client CRUD test[0m[90m (10399ms)[0m
Admin UI E2E (3, chrome)	Run Cypress	2024-12-04T19:31:39.9670318Z     [32m  ✓[0m[90m Initial access token can't be created with 0 days and count[0m[90m (3110ms)[0m
Admin UI E2E (3, chrome)	Run Cypress	2024-12-04T19:31:44.5619876Z     [32m  ✓[0m[90m Initial access token[0m[90m (4555ms)[0m
Admin UI E2E (3, chrome)	Run Cypress	2024-12-04T19:31:46.4358130Z     [32m  ✓[0m[90m Should fail to create imported client with empty ID[0m[90m (1826ms)[0m
Admin UI E2E (3, chrome)	Run Cypress	2024-12-04T19:31:50.6272759Z     [32m  ✓[0m[90m Should fail to create client with same ID[0m[90m (4148ms)[0m
Admin UI E2E (3, chrome)	Run Cypress	2024-12-04T19:31:52.5017670Z     [32m  ✓[0m[90m should delete 'identical' client id[0m[90m (1835ms)[0m
Admin UI E2E (3, chrome)	Run Cypress	2024-12-04T19:31:52.5162862Z [0m    Roles tab test[0m
Admin UI E2E (3, chrome)	Run Cypress	2024-12-04T19:31:57.2731525Z     [32m  ✓[0m[90m Should fail to create client role with empty name[0m[90m (4653ms)[0m
Admin UI E2E (3, chrome)	Run Cypress	2024-12-04T19:32:01.1491288Z     [32m  ✓[0m[90m Should create client role[0m[90m (3825ms)[0m
Admin UI E2E (3, chrome)	Run Cypress	2024-12-04T19:32:07.4760303Z     [32m  ✓[0m[90m Should update client role description[0m[90m (6212ms)[0m
Admin UI E2E (3, chrome)	Run Cypress	2024-12-04T19:32:13.1992007Z     [32m  ✓[0m[90m Should add attribute to client role[0m[90m (5643ms)[0m
Admin UI E2E (3, chrome)	Run Cypress	2024-12-04T19:32:16.4204412Z     [32m  ✓[0m[90m Should delete attribute from client role[0m[90m (3177ms)[0m
Admin UI E2E (3, chrome)	Run Cypress	2024-12-04T19:32:20.0199386Z     [32m  ✓[0m[90m Should create client role to be deleted[0m[90m (3558ms)[0m
Admin UI E2E (3, chrome)	Run Cypress	2024-12-04T19:32:23.8796803Z     [32m  ✓[0m[90m Should fail to create duplicate client role[0m[90m (3811ms)[0m
Admin UI E2E (3, chrome)	Run Cypress	2024-12-04T19:32:27.5586700Z     [32m  ✓[0m[90m Should search existing client role[0m[90m (3633ms)[0m
Admin UI E2E (3, chrome)	Run Cypress	2024-12-04T19:32:30.7096079Z     [32m  ✓[0m[90m Should search non-existing role test[0m[90m (3104ms)[0m
Admin UI E2E (3, chrome)	Run Cypress	2024-12-04T19:32:33.7370903Z     [32m  ✓[0m[90m roles empty search test[0m[90m (2980ms)[0m
Admin UI E2E (3, chrome)	Run Cypress	2024-12-04T19:32:39.0475482Z     [32m  ✓[0m[90m Add associated roles test[0m[90m (5259ms)[0m
Admin UI E2E (3, chrome)	Run Cypress	2024-12-04T19:32:44.7111913Z     [32m  ✓[0m[90m Should hide inherited roles test[0m[90m (5545ms)[0m
Admin UI E2E (3, chrome)	Run Cypress	2024-12-04T19:32:52.1164847Z     [32m  ✓[0m[90m Should delete associated roles test[0m[90m (7312ms)[0m
Admin UI E2E (3, chrome)	Run Cypress	2024-12-04T19:32:56.3248853Z     [32m  ✓[0m[90m Should delete associated role from search bar test[0m[90m (4150ms)[0m
Admin UI E2E (3, chrome)	Run Cypress	2024-12-04T19:32:59.3923716Z     [32m  ✓[0m[90m Should delete client role test[0m[90m (3021ms)[0m
Admin UI E2E (3, chrome)	Run Cypress	2024-12-04T19:33:05.5312081Z     [32m  ✓[0m[90m Should delete client role from role details test[0m[90m (5723ms)[0m
Admin UI E2E (3, chrome)	Run Cypress	2024-12-04T19:33:05.5424452Z [0m    Advanced tab test[0m
Admin UI E2E (3, chrome)	Run Cypress	2024-12-04T19:33:12.8871989Z     [32m  ✓[0m[90m Clustering[0m[90m (6964ms)[0m
Admin UI E2E (3, chrome)	Run Cypress	2024-12-04T19:33:16.7480781Z     [32m  ✓[0m[90m Fine grain OpenID connect configuration[0m[90m (3695ms)[0m
Admin UI E2E (3, chrome)	Run Cypress	2024-12-04T19:33:20.9963070Z     [32m  ✓[0m[90m OIDC Compatibility Modes configuration[0m[90m (4008ms)[0m
Admin UI E2E (3, chrome)	Run Cypress	2024-12-04T19:33:27.5359320Z     [32m  ✓[0m[90m Client Offline Session Max[0m[90m (6351ms)[0m
Admin UI E2E (3, chrome)	Run Cypress	2024-12-04T19:33:32.0265677Z     [32m  ✓[0m[90m Advanced settings[0m[90m (4334ms)[0m
Admin UI E2E (3, chrome)	Run Cypress	2024-12-04T19:33:36.7553147Z     [32m  ✓[0m[90m Authentication flow override[0m[90m (4573ms)[0m
Admin UI E2E (3, chrome)	Run Cypress	2024-12-04T19:33:36.7670229Z [0m    Service account tab test[0m
Admin UI E2E (3, chrome)	Run Cypress	2024-12-04T19:33:40.4232208Z     [32m  ✓[0m[90m List[0m[90m (3620ms)[0m
Admin UI E2E (3, chrome)	Run Cypress	2024-12-04T19:33:45.1606825Z     [32m  ✓[0m[90m Assign[0m[90m (4374ms)[0m
Admin UI E2E (3, chrome)	Run Cypress	2024-12-04T19:33:45.1761882Z [0m    Mapping tab[0m
Admin UI E2E (3, chrome)	Run Cypress	2024-12-04T19:33:51.0238723Z     [32m  ✓[0m[90m Add mapping to openid client[0m[90m (5552ms)[0m
Admin UI E2E (3, chrome)	Run Cypress	2024-12-04T19:33:51.0358023Z [0m    Keys tab test[0m
Admin UI E2E (3, chrome)	Run Cypress	2024-12-04T19:33:54.6949010Z     [32m  ✓[0m[90m Generate new keys[0m[90m (3495ms)[0m
Admin UI E2E (3, chrome)	Run Cypress	2024-12-04T19:33:54.7069161Z [0m    Realm client[0m
Admin UI E2E (3, chrome)	Run Cypress	2024-12-04T19:33:57.5315461Z     [32m  ✓[0m[90m Displays the correct tabs[0m[90m (2791ms)[0m
Admin UI E2E (3, chrome)	Run Cypress	2024-12-04T19:34:01.3007904Z     [32m  ✓[0m[90m Hides the delete action[0m[90m (3642ms)[0m
Admin UI E2E (3, chrome)	Run Cypress	2024-12-04T19:34:01.3132049Z [0m    ***
Admin UI E2E (3, chrome)	Run Cypress	2024-12-04T19:34:03.8889616Z     [32m  ✓[0m[90m Shows an explainer text for bearer only clients[0m[90m (2525ms)[0m
Admin UI E2E (3, chrome)	Run Cypress	2024-12-04T19:34:06.2907011Z     [32m  ✓[0m[90m Hides the capability config section[0m[90m (2229ms)[0m
Admin UI E2E (3, chrome)	Run Cypress	2024-12-04T19:34:06.2997597Z [0m    Generated home URLs for built-in clients[0m
Admin UI E2E (3, chrome)	Run Cypress	2024-12-04T19:34:07.8350301Z     [32m  ✓[0m[90m Check account-console Home URL[0m[90m (1495ms)[0m
Admin UI E2E (3, chrome)	Run Cypress	2024-12-04T19:34:09.4018871Z     [32m  ✓[0m[90m Check security-admin-console Home URL[0m[90m (1525ms)[0m
Admin UI E2E (3, chrome)	Run Cypress	2024-12-04T19:34:09.4116595Z [0m    Accessibility tests for clients[0m
Admin UI E2E (3, chrome)	Run Cypress	2024-12-04T19:34:12.0547184Z     [32m  ✓[0m[90m Check a11y violations on load/ clients list tab[0m[90m (2593ms)[0m
Admin UI E2E (3, chrome)	Run Cypress	2024-12-04T19:34:14.9695602Z     [32m  ✓[0m[90m Check a11y violations on create client page[0m[90m (2870ms)[0m
Admin UI E2E (3, chrome)	Run Cypress	2024-12-04T19:34:21.6798416Z     [32m  ✓[0m[90m Check a11y violations on client details page[0m[90m (6670ms)[0m
Admin UI E2E (3, chrome)	Run Cypress	2024-12-04T19:34:24.2018346Z     [32m  ✓[0m[90m Check a11y violations in delete dialog[0m[90m (2481ms)[0m
Admin UI E2E (3, chrome)	Run Cypress	2024-12-04T19:34:26.1120692Z     [32m  ✓[0m[90m Check a11y violations on initial access token[0m[90m (1878ms)[0m
Admin UI E2E (3, chrome)	Run Cypress	2024-12-04T19:34:28.1081253Z     [32m  ✓[0m[90m Check a11y violations on client registration/ anonymous access policies tab[0m[90m (1953ms)[0m
Admin UI E2E (3, chrome)	Run Cypress	2024-12-04T19:34:30.6839233Z     [32m  ✓[0m[90m Check a11y violations on client registration/ authenticated access policies tab[0m[90m (2069ms)[0m
Admin UI E2E (3, chrome)	Run Cypress	2024-12-04T19:34:30.6845314Z 
Admin UI E2E (3, chrome)	Run Cypress	2024-12-04T19:34:30.7009005Z 
Admin UI E2E (3, chrome)	Run Cypress	2024-12-04T19:34:30.7010008Z [92m [0m[32m 63 passing[0m[90m (4m)[0m
Admin UI E2E (3, chrome)	Run Cypress	2024-12-04T19:34:30.7010864Z [31m  1 failing[0m
Admin UI E2E (3, chrome)	Run Cypress	2024-12-04T19:34:30.7012199Z 
Admin UI E2E (3, chrome)	Run Cypress	2024-12-04T19:34:30.7015039Z [0m  1) Clients test
Admin UI E2E (3, chrome)	Run Cypress	2024-12-04T19:34:30.7015551Z        Client details - Client scopes subtab
Admin UI E2E (3, chrome)	Run Cypress	2024-12-04T19:34:30.7016173Z          "after all" hook for "Should show initial items after filtering":
Admin UI E2E (3, chrome)	Run Cypress	2024-12-04T19:34:30.7017006Z [0m[31m     Error: Could not find client scope
Admin UI E2E (3, chrome)	Run Cypress	2024-12-04T19:34:30.7017356Z 
Admin UI E2E (3, chrome)	Run Cypress	2024-12-04T19:34:30.7018306Z Because this error occurred during a `after all` hook we are skipping the remaining tests in the current suite: `Client details - Client sco...`
Admin UI E2E (3, chrome)	Run Cypress	2024-12-04T19:34:30.7019117Z 
Admin UI E2E (3, chrome)	Run Cypress	2024-12-04T19:34:30.7020054Z Although you have test retries enabled, we do not retry tests when `before all` or `after all` hooks fail[0m[90m
Admin UI E2E (3, chrome)	Run Cypress	2024-12-04T19:34:30.7021346Z       at fetchWithError (http://localhost:8080/__cypress/tests?p=cypress/e2e/clients_test.spec.ts:8865:11)
Admin UI E2E (3, chrome)	Run Cypress	2024-12-04T19:34:30.7022677Z       at async Agent._requestWithParams (http://localhost:8080/__cypress/tests?p=cypress/e2e/clients_test.spec.ts:6134:17)
Admin UI E2E (3, chrome)	Run Cypress	2024-12-04T19:34:30.7023587Z [0m
Admin UI E2E (3, chrome)	Run Cypress	2024-12-04T19:34:30.7023910Z 
Admin UI E2E (3, chrome)	Run Cypress	2024-12-04T19:34:30.7024175Z 
Admin UI E2E (3, chrome)	Run Cypress	2024-12-04T19:34:31.7179071Z 
Admin UI E2E (3, chrome)	Run Cypress	2024-12-04T19:34:31.7180430Z [31m  ([4m[1mResults[22m[24m)[39m
Admin UI E2E (3, chrome)	Run Cypress	2024-12-04T19:34:31.7185095Z 
Admin UI E2E (3, chrome)	Run Cypress	2024-12-04T19:34:31.7200103Z [90m  ┌[39m[90m─[39m[90m─[39m[90m─[39m[90m─[39m[90m─[39m[90m─[39m[90m─[39m[90m─[39m[90m─[39m[90m─[39m[90m─[39m[90m─[39m[90m─[39m[90m─[39m[90m─[39m[90m─[39m[90m─[39m[90m─[39m[90m─[39m[90m─[39m[90m─[39m[90m─[39m[90m─[39m[90m─[39m[90m─[39m[90m─[39m[90m─[39m[90m─[39m[90m─[39m[90m─[39m[90m─[39m[90m─[39m[90m─[39m[90m─[39m[90m─[39m[90m─[39m[90m─[39m[90m─[39m[90m─[39m[90m─[39m[90m─[39m[90m─[39m[90m─[39m[90m─[39m[90m─[39m[90m─[39m[90m─[39m[90m─[39m[90m─[39m[90m─[39m[90m─[39m[90m─[39m[90m─[39m[90m─[39m[90m─[39m[90m─[39m[90m─[39m[90m─[39m[90m─[39m[90m─[39m[90m─[39m[90m─[39m[90m─[39m[90m─[39m[90m─[39m[90m─[39m[90m─[39m[90m─[39m[90m─[39m[90m─[39m[90m─[39m[90m─[39m[90m─[39m[90m─[39m[90m─[39m[90m─[39m[90m─[39m[90m─[39m[90m─[39m[90m─[39m[90m─[39m[90m─[39m[90m─[39m[90m─[39m[90m─[39m[90m─[39m[90m─[39m[90m─[39m[90m─[39m[90m─[39m[90m─[39m[90m─[39m[90m─[39m[90m─[39m[90m─[39m[90m─[39m[90m┐[39m
Admin UI E2E (3, chrome)	Run Cypress	2024-12-04T19:34:31.7203849Z [90m  │[39m [90mTests:[39m        [31m64[39m                                                                               [90m│[39m
Admin UI E2E (3, chrome)	Run Cypress	2024-12-04T19:34:31.7205050Z [90m  │[39m [90mPassing:[39m      [31m63[39m                                                                               [90m│[39m
Admin UI E2E (3, chrome)	Run Cypress	2024-12-04T19:34:31.7205839Z [90m  │[39m [90mFailing:[39m      [31m1[39m                                                                                [90m│[39m
Admin UI E2E (3, chrome)	Run Cypress	2024-12-04T19:34:31.7206541Z [90m  │[39m [90mPending:[39m      [31m0[39m                                                                                [90m│[39m
Admin UI E2E (3, chrome)	Run Cypress	2024-12-04T19:34:31.7207255Z [90m  │[39m [90mSkipped:[39m      [31m0[39m                                                                                [90m│[39m
Admin UI E2E (3, chrome)	Run Cypress	2024-12-04T19:34:31.7207954Z [90m  │[39m [90mScreenshots:[39m  [31m1[39m                                                                                [90m│[39m
Admin UI E2E (3, chrome)	Run Cypress	2024-12-04T19:34:31.7208761Z [90m  │[39m [90mVideo:[39m        [31mtrue[39m                                                                             [90m│[39m
Admin UI E2E (3, chrome)	Run Cypress	2024-12-04T19:34:31.7209797Z [90m  │[39m [90mDuration:[39m     [31m4 minutes, 22 seconds[39m                                                            [90m│[39m
Admin UI E2E (3, chrome)	Run Cypress	2024-12-04T19:34:31.7210655Z [90m  │[39m [90mSpec Ran:[39m     [31m[31mclients_test.spec.ts[31m[39m                                                             [90m│[39m
Admin UI E2E (3, chrome)	Run Cypress	2024-12-04T19:34:31.7215754Z [90m  └[39m[90m─[39m[90m─[39m[90m─[39m[90m─[39m[90m─[39m[90m─[39m[90m─[39m[90m─[39m[90m─[39m[90m─[39m[90m─[39m[90m─[39m[90m─[39m[90m─[39m[90m─[39m[90m─[39m[90m─[39m[90m─[39m[90m─[39m[90m─[39m[90m─[39m[90m─[39m[90m─[39m[90m─[39m[90m─[39m[90m─[39m[90m─[39m[90m─[39m[90m─[39m[90m─[39m[90m─[39m[90m─[39m[90m─[39m[90m─[39m[90m─[39m[90m─[39m[90m─[39m[90m─[39m[90m─[39m[90m─[39m[90m─[39m[90m─[39m[90m─[39m[90m─[39m[90m─[39m[90m─[39m[90m─[39m[90m─[39m[90m─[39m[90m─[39m[90m─[39m[90m─[39m[90m─[39m[90m─[39m[90m─[39m[90m─[39m[90m─[39m[90m─[39m[90m─[39m[90m─[39m[90m─[39m[90m─[39m[90m─[39m[90m─[39m[90m─[39m[90m─[39m[90m─[39m[90m─[39m[90m─[39m[90m─[39m[90m─[39m[90m─[39m[90m─[39m[90m─[39m[90m─[39m[90m─[39m[90m─[39m[90m─[39m[90m─[39m[90m─[39m[90m─[39m[90m─[39m[90m─[39m[90m─[39m[90m─[39m[90m─[39m[90m─[39m[90m─[39m[90m─[39m[90m─[39m[90m─[39m[90m─[39m[90m─[39m[90m─[39m[90m─[39m[90m─[39m[90m┘[39m
Admin UI E2E (3, chrome)	Run Cypress	2024-12-04T19:34:31.7219085Z 
Admin UI E2E (3, chrome)	Run Cypress	2024-12-04T19:34:31.7219103Z 
Admin UI E2E (3, chrome)	Run Cypress	2024-12-04T19:34:31.7219483Z [33m  ([4m[1mScreenshots[22m[24m)[39m
Admin UI E2E (3, chrome)	Run Cypress	2024-12-04T19:34:31.7219824Z 
Admin UI E2E (3, chrome)	Run Cypress	2024-12-04T19:34:31.7220942Z [90m [39m -  [0m/home/runner/work/keycloak/keycloak/js/apps/admin-ui/cypress/screenshots/clients[0m     [90m[90m(1280x581)[90m[39m
Admin UI E2E (3, chrome)	Run Cypress	2024-12-04T19:34:31.7222523Z [90m [39m    [0m_test.spec.ts/Clients test -- Client details - Client scopes subtab -- Should sh[0m               
Admin UI E2E (3, chrome)	Run Cypress	2024-12-04T19:34:31.7223887Z [90m [39m    [0mow initial items after filtering -- after all hook (failed).png[0m                                
Admin UI E2E (3, chrome)	Run Cypress	2024-12-04T19:34:31.7224486Z 
Admin UI E2E (3, chrome)	Run Cypress	2024-12-04T19:34:31.7587001Z 
Admin UI E2E (3, chrome)	Run Cypress	2024-12-04T19:34:31.7599243Z [36m  ([4m[1mVideo[22m[24m)[39m
Admin UI E2E (3, chrome)	Run Cypress	2024-12-04T19:34:31.7599584Z 
Admin UI E2E (3, chrome)	Run Cypress	2024-12-04T19:34:31.7610967Z   -  Video output: [36m/home/runner/work/keycloak/keycloak/js/apps/admin-ui/cypress/videos/clients_test.spec.ts.mp4[39m
Admin UI E2E (3, chrome)	Run Cypress	2024-12-04T19:34:31.7611992Z 
Admin UI E2E (3, chrome)	Run Cypress	2024-12-04T19:34:31.7612287Z 
Admin UI E2E (3, chrome)	Run Cypress	2024-12-04T19:34:31.7623904Z [90m─[39m[90m─[39m[90m─[39m[90m─[39m[90m─[39m[90m─[39m[90m─[39m[90m─[39m[90m─[39m[90m─[39m[90m─[39m[90m─[39m[90m─[39m[90m─[39m[90m─[39m[90m─[39m[90m─[39m[90m─[39m[90m─[39m[90m─[39m[90m─[39m[90m─[39m[90m─[39m[90m─[39m[90m─[39m[90m─[39m[90m─[39m[90m─[39m[90m─[39m[90m─[39m[90m─[39m[90m─[39m[90m─[39m[90m─[39m[90m─[39m[90m─[39m[90m─[39m[90m─[39m[90m─[39m[90m─[39m[90m─[39m[90m─[39m[90m─[39m[90m─[39m[90m─[39m[90m─[39m[90m─[39m[90m─[39m[90m─[39m[90m─[39m[90m─[39m[90m─[39m[90m─[39m[90m─[39m[90m─[39m[90m─[39m[90m─[39m[90m─[39m[90m─[39m[90m─[39m[90m─[39m[90m─[39m[90m─[39m[90m─[39m[90m─[39m[90m─[39m[90m─[39m[90m─[39m[90m─[39m[90m─[39m[90m─[39m[90m─[39m[90m─[39m[90m─[39m[90m─[39m[90m─[39m[90m─[39m[90m─[39m[90m─[39m[90m─[39m[90m─[39m[90m─[39m[90m─[39m[90m─[39m[90m─[39m[90m─[39m[90m─[39m[90m─[39m[90m─[39m[90m─[39m[90m─[39m[90m─[39m[90m─[39m[90m─[39m[90m─[39m[90m─[39m[90m─[39m[90m─[39m[90m─[39m[90m─[39m
Admin UI E2E (3, chrome)	Run Cypress	2024-12-04T19:34:31.7626712Z                                                                                                     
Admin UI E2E (3, chrome)	Run Cypress	2024-12-04T19:34:31.7627408Z   Running:  [90mrealm_settings_user_profile_enabled.spec.ts[39m                                     [90m(6 of 7)[39m
Admin UI E2E (3, chrome)	Run Cypress	2024-12-04T19:34:35.9278872Z 
Admin UI E2E (3, chrome)	Run Cypress	2024-12-04T19:34:35.9281097Z [0m[0m
Admin UI E2E (3, chrome)	Run Cypress	2024-12-04T19:34:35.9308899Z [0m  User profile tabs[0m
Admin UI E2E (3, chrome)	Run Cypress	2024-12-04T19:34:36.7546162Z [0m    Attributes sub tab tests[0m
Admin UI E2E (3, chrome)	Run Cypress	2024-12-04T19:34:40.9020962Z     [32m  ✓[0m[90m Goes to create attribute page[0m[90m (4918ms)[0m
Admin UI E2E (3, chrome)	Run Cypress	2024-12-04T19:34:43.5003192Z     [32m  ✓[0m[90m Completes new attribute form and performs cancel[0m[90m (2562ms)[0m
Admin UI E2E (3, chrome)	Run Cypress	2024-12-04T19:34:46.0834410Z     [32m  ✓[0m[90m Completes new attribute form and performs submit[0m[90m (2554ms)[0m
Admin UI E2E (3, chrome)	Run Cypress	2024-12-04T19:34:49.6994872Z     [32m  ✓[0m[90m Modifies existing attribute and performs save[0m[90m (3584ms)[0m
Admin UI E2E (3, chrome)	Run Cypress	2024-12-04T19:34:52.4908498Z     [32m  ✓[0m[90m Adds and removes validator to/from existing attribute and performs save[0m[90m (2757ms)[0m
Admin UI E2E (3, chrome)	Run Cypress	2024-12-04T19:34:52.5039745Z [0m    Attribute groups sub tab tests[0m
Admin UI E2E (3, chrome)	Run Cypress	2024-12-04T19:34:55.2877499Z     [32m  ✓[0m[90m Deletes an attributes group[0m[90m (2750ms)[0m
Admin UI E2E (3, chrome)	Run Cypress	2024-12-04T19:34:55.3026253Z [0m    Check attributes are displayed and editable on user create/edit[0m
Admin UI E2E (3, chrome)	Run Cypress	2024-12-04T19:35:03.3390410Z     [32m  ✓[0m[90m Checks that not required attribute is not present when user is created with email as username and edit username set to disabled[0m[90m (7968ms)[0m
Admin UI E2E (3, chrome)	Run Cypress	2024-12-04T19:35:12.1535269Z     [32m  ✓[0m[90m Checks that not required attribute is not present when user is created/edited with email as username enabled[0m[90m (8699ms)[0m
Admin UI E2E (3, chrome)	Run Cypress	2024-12-04T19:35:19.3896778Z     [32m  ✓[0m[90m Checks that not required attribute with permissions to view/edit is present when user is created[0m[90m (7165ms)[0m
Admin UI E2E (3, chrome)	Run Cypress	2024-12-04T19:35:24.5485455Z     [32m  ✓[0m[90m Checks that required attribute with permissions to view/edit is present and required when user is created[0m[90m (5117ms)[0m
Admin UI E2E (3, chrome)	Run Cypress	2024-12-04T19:35:29.4061295Z     [32m  ✓[0m[90m Checks that required attribute with permissions to view/edit is accepted when user is created[0m[90m (4827ms)[0m
Admin UI E2E (3, chrome)	Run Cypress	2024-12-04T19:35:34.3868657Z     [32m  ✓[0m[90m Checks that attribute group is visible when user with existing attribute is created[0m[90m (4950ms)[0m
Admin UI E2E (3, chrome)	Run Cypress	2024-12-04T19:35:45.9803097Z     [32m  ✓[0m[90m Checks that attribute group is visible when user with a new attribute is created[0m[90m (11529ms)[0m
Admin UI E2E (3, chrome)	Run Cypress	2024-12-04T19:35:52.0170521Z     [32m  ✓[0m[90m Checks that attribute with select-annotation is displayed and editable when user is created/edited[0m[90m (5574ms)[0m
Admin UI E2E (3, chrome)	Run Cypress	2024-12-04T19:35:52.0171097Z 
Admin UI E2E (3, chrome)	Run Cypress	2024-12-04T19:35:52.0320242Z 
Admin UI E2E (3, chrome)	Run Cypress	2024-12-04T19:35:52.0321783Z [92m [0m[32m 14 passing[0m[90m (1m)[0m
Admin UI E2E (3, chrome)	Run Cypress	2024-12-04T19:35:52.0322485Z 
Admin UI E2E (3, chrome)	Run Cypress	2024-12-04T19:35:53.0505165Z 
Admin UI E2E (3, chrome)	Run Cypress	2024-12-04T19:35:53.0506204Z [32m  ([4m[1mResults[22m[24m)[39m
Admin UI E2E (3, chrome)	Run Cypress	2024-12-04T19:35:53.0511840Z 
Admin UI E2E (3, chrome)	Run Cypress	2024-12-04T19:35:53.0524023Z [90m  ┌[39m[90m─[39m[90m─[39m[90m─[39m[90m─[39m[90m─[39m[90m─[39m[90m─[39m[90m─[39m[90m─[39m[90m─[39m[90m─[39m[90m─[39m[90m─[39m[90m─[39m[90m─[39m[90m─[39m[90m─[39m[90m─[39m[90m─[39m[90m─[39m[90m─[39m[90m─[39m[90m─[39m[90m─[39m[90m─[39m[90m─[39m[90m─[39m[90m─[39m[90m─[39m[90m─[39m[90m─[39m[90m─[39m[90m─[39m[90m─[39m[90m─[39m[90m─[39m[90m─[39m[90m─[39m[90m─[39m[90m─[39m[90m─[39m[90m─[39m[90m─[39m[90m─[39m[90m─[39m[90m─[39m[90m─[39m[90m─[39m[90m─[39m[90m─[39m[90m─[39m[90m─[39m[90m─[39m[90m─[39m[90m─[39m[90m─[39m[90m─[39m[90m─[39m[90m─[39m[90m─[39m[90m─[39m[90m─[39m[90m─[39m[90m─[39m[90m─[39m[90m─[39m[90m─[39m[90m─[39m[90m─[39m[90m─[39m[90m─[39m[90m─[39m[90m─[39m[90m─[39m[90m─[39m[90m─[39m[90m─[39m[90m─[39m[90m─[39m[90m─[39m[90m─[39m[90m─[39m[90m─[39m[90m─[39m[90m─[39m[90m─[39m[90m─[39m[90m─[39m[90m─[39m[90m─[39m[90m─[39m[90m─[39m[90m─[39m[90m─[39m[90m─[39m[90m─[39m[90m┐[39m
Admin UI E2E (3, chrome)	Run Cypress	2024-12-04T19:35:53.0527820Z [90m  │[39m [90mTests:[39m        [32m14[39m                                                                               [90m│[39m
Admin UI E2E (3, chrome)	Run Cypress	2024-12-04T19:35:53.0528749Z [90m  │[39m [90mPassing:[39m      [32m14[39m                                                                               [90m│[39m
Admin UI E2E (3, chrome)	Run Cypress	2024-12-04T19:35:53.0529952Z [90m  │[39m [90mFailing:[39m      [32m0[39m                                                                                [90m│[39m
Admin UI E2E (3, chrome)	Run Cypress	2024-12-04T19:35:53.0530836Z [90m  │[39m [90mPending:[39m      [32m0[39m                                                                                [90m│[39m
Admin UI E2E (3, chrome)	Run Cypress	2024-12-04T19:35:53.0531746Z [90m  │[39m [90mSkipped:[39m      [32m0[39m                                                                                [90m│[39m
Admin UI E2E (3, chrome)	Run Cypress	2024-12-04T19:35:53.0532562Z [90m  │[39m [90mScreenshots:[39m  [32m0[39m                                                                                [90m│[39m
Admin UI E2E (3, chrome)	Run Cypress	2024-12-04T19:35:53.0533665Z [90m  │[39m [90mVideo:[39m        [32mfalse[39m                                                                            [90m│[39m
Admin UI E2E (3, chrome)	Run Cypress	2024-12-04T19:35:53.0535138Z [90m  │[39m [90mDuration:[39m     [32m1 minute, 16 seconds[39m                                                             [90m│[39m
Admin UI E2E (3, chrome)	Run Cypress	2024-12-04T19:35:53.0536759Z [90m  │[39m [90mSpec Ran:[39m     [32m[32mrealm_settings_user_profile_enabled.spec.ts[32m[39m                                      [90m│[39m
Admin UI E2E (3, chrome)	Run Cypress	2024-12-04T19:35:53.0544002Z [90m  └[39m[90m─[39m[90m─[39m[90m─[39m[90m─[39m[90m─[39m[90m─[39m[90m─[39m[90m─[39m[90m─[39m[90m─[39m[90m─[39m[90m─[39m[90m─[39m[90m─[39m[90m─[39m[90m─[39m[90m─[39m[90m─[39m[90m─[39m[90m─[39m[90m─[39m[90m─[39m[90m─[39m[90m─[39m[90m─[39m[90m─[39m[90m─[39m[90m─[39m[90m─[39m[90m─[39m[90m─[39m[90m─[39m[90m─[39m[90m─[39m[90m─[39m[90m─[39m[90m─[39m[90m─[39m[90m─[39m[90m─[39m[90m─[39m[90m─[39m[90m─[39m[90m─[39m[90m─[39m[90m─[39m[90m─[39m[90m─[39m[90m─[39m[90m─[39m[90m─[39m[90m─[39m[90m─[39m[90m─[39m[90m─[39m[90m─[39m[90m─[39m[90m─[39m[90m─[39m[90m─[39m[90m─[39m[90m─[39m[90m─[39m[90m─[39m[90m─[39m[90m─[39m[90m─[39m[90m─[39m[90m─[39m[90m─[39m[90m─[39m[90m─[39m[90m─[39m[90m─[39m[90m─[39m[90m─[39m[90m─[39m[90m─[39m[90m─[39m[90m─[39m[90m─[39m[90m─[39m[90m─[39m[90m─[39m[90m─[39m[90m─[39m[90m─[39m[90m─[39m[90m─[39m[90m─[39m[90m─[39m[90m─[39m[90m─[39m[90m─[39m[90m─[39m[90m─[39m[90m┘[39m
Admin UI E2E (3, chrome)	Run Cypress	2024-12-04T19:35:53.0548375Z 
Admin UI E2E (3, chrome)	Run Cypress	2024-12-04T19:35:53.0908956Z 
Admin UI E2E (3, chrome)	Run Cypress	2024-12-04T19:35:53.0920309Z [90m─[39m[90m─[39m[90m─[39m[90m─[39m[90m─[39m[90m─[39m[90m─[39m[90m─[39m[90m─[39m[90m─[39m[90m─[39m[90m─[39m[90m─[39m[90m─[39m[90m─[39m[90m─[39m[90m─[39m[90m─[39m[90m─[39m[90m─[39m[90m─[39m[90m─[39m[90m─[39m[90m─[39m[90m─[39m[90m─[39m[90m─[39m[90m─[39m[90m─[39m[90m─[39m[90m─[39m[90m─[39m[90m─[39m[90m─[39m[90m─[39m[90m─[39m[90m─[39m[90m─[39m[90m─[39m[90m─[39m[90m─[39m[90m─[39m[90m─[39m[90m─[39m[90m─[39m[90m─[39m[90m─[39m[90m─[39m[90m─[39m[90m─[39m[90m─[39m[90m─[39m[90m─[39m[90m─[39m[90m─[39m[90m─[39m[90m─[39m[90m─[39m[90m─[39m[90m─[39m[90m─[39m[90m─[39m[90m─[39m[90m─[39m[90m─[39m[90m─[39m[90m─[39m[90m─[39m[90m─[39m[90m─[39m[90m─[39m[90m─[39m[90m─[39m[90m─[39m[90m─[39m[90m─[39m[90m─[39m[90m─[39m[90m─[39m[90m─[39m[90m─[39m[90m─[39m[90m─[39m[90m─[39m[90m─[39m[90m─[39m[90m─[39m[90m─[39m[90m─[39m[90m─[39m[90m─[39m[90m─[39m[90m─[39m[90m─[39m[90m─[39m[90m─[39m[90m─[39m[90m─[39m[90m─[39m[90m─[39m
Admin UI E2E (3, chrome)	Run Cypress	2024-12-04T19:35:53.0924981Z                                                                                                     
Admin UI E2E (3, chrome)	Run Cypress	2024-12-04T19:35:53.0926222Z   Running:  [90musers_test.spec.ts[39m                                                              [90m(7 of 7)[39m
Admin UI E2E (3, chrome)	Run Cypress	2024-12-04T19:35:57.4589929Z 
Admin UI E2E (3, chrome)	Run Cypress	2024-12-04T19:35:57.4591332Z [0m[0m
Admin UI E2E (3, chrome)	Run Cypress	2024-12-04T19:35:57.4688943Z [0m  User creation[0m
Admin UI E2E (3, chrome)	Run Cypress	2024-12-04T19:36:01.6916566Z   [32m  ✓[0m[90m Go to create User page[0m[90m (4172ms)[0m
Admin UI E2E (3, chrome)	Run Cypress	2024-12-04T19:36:04.1578117Z   [32m  ✓[0m[90m Create user test[0m[90m (2428ms)[0m
Admin UI E2E (3, chrome)	Run Cypress	2024-12-04T19:36:06.5385145Z   [32m  ✓[0m[90m Should check temporary admin user existence[0m[90m (2293ms)[0m
Admin UI E2E (3, chrome)	Run Cypress	2024-12-04T19:36:09.4643856Z   [32m  ✓[0m[90m Create user with groups test[0m[90m (2869ms)[0m
Admin UI E2E (3, chrome)	Run Cypress	2024-12-04T19:36:14.3522208Z   [32m  ✓[0m[90m Create user with credentials test[0m[90m (4858ms)[0m
Admin UI E2E (3, chrome)	Run Cypress	2024-12-04T19:36:16.4981171Z   [32m  ✓[0m[90m Search existing user test[0m[90m (2111ms)[0m
Admin UI E2E (3, chrome)	Run Cypress	2024-12-04T19:36:18.1984162Z   [32m  ✓[0m[90m Search non-existing user test[0m[90m (1673ms)[0m
Admin UI E2E (3, chrome)	Run Cypress	2024-12-04T19:36:23.8086587Z   [32m  ✓[0m[90m User details test[0m[90m (5555ms)[0m
Admin UI E2E (3, chrome)	Run Cypress	2024-12-04T19:36:25.8472189Z   [32m  ✓[0m[90m Select Unmanaged attributes[0m[90m (1999ms)[0m
Admin UI E2E (3, chrome)	Run Cypress	2024-12-04T19:36:37.0697582Z   [32m  ✓[0m[90m User attributes test[0m[90m (11116ms)[0m
Admin UI E2E (3, chrome)	Run Cypress	2024-12-04T19:36:41.4872784Z   [32m  ✓[0m[90m User attributes with multiple values test[0m[90m (4328ms)[0m
Admin UI E2E (3, chrome)	Run Cypress	2024-12-04T19:36:44.2955147Z   [32m  ✓[0m[90m Add user to groups test[0m[90m (2777ms)[0m
Admin UI E2E (3, chrome)	Run Cypress	2024-12-04T19:36:47.5597016Z   [32m  ✓[0m[90m Leave group test[0m[90m (3214ms)[0m
Admin UI E2E (3, chrome)	Run Cypress	2024-12-04T19:36:50.5287600Z   [32m  ✓[0m[90m search and leave group[0m[90m (2933ms)[0m
Admin UI E2E (3, chrome)	Run Cypress	2024-12-04T19:36:53.1041450Z   [32m  ✓[0m[90m Go to user consents test[0m[90m (2545ms)[0m
Admin UI E2E (3, chrome)	Run Cypress	2024-12-04T19:36:55.4447876Z   [32m  ✓[0m[90m Reset credential of User with empty state[0m[90m (2308ms)[0m
Admin UI E2E (3, chrome)	Run Cypress	2024-12-04T19:36:58.2996031Z   [32m  ✓[0m[90m Reset credential of User with existing credentials[0m[90m (2822ms)[0m
Admin UI E2E (3, chrome)	Run Cypress	2024-12-04T19:37:00.4757820Z   [32m  ✓[0m[90m Edit credential label[0m[90m (2143ms)[0m
Admin UI E2E (3, chrome)	Run Cypress	2024-12-04T19:37:02.9034002Z   [32m  ✓[0m[90m Show credential data dialog[0m[90m (2402ms)[0m
Admin UI E2E (3, chrome)	Run Cypress	2024-12-04T19:37:07.4501128Z   [32m  ✓[0m[90m Delete credential[0m[90m (4493ms)[0m
Admin UI E2E (3, chrome)	Run Cypress	2024-12-04T19:37:09.9112947Z   [32m  ✓[0m[90m Delete user from search bar test[0m[90m (2403ms)[0m
Admin UI E2E (3, chrome)	Run Cypress	2024-12-04T19:37:11.4916811Z   [32m  ✓[0m[90m Delete user with groups test[0m[90m (1553ms)[0m
Admin UI E2E (3, chrome)	Run Cypress	2024-12-04T19:37:13.2491333Z   [32m  ✓[0m[90m Delete user with credential test[0m[90m (1732ms)[0m
Admin UI E2E (3, chrome)	Run Cypress	2024-12-04T19:37:13.2597487Z [0m    Identity provider links[0m
Admin UI E2E (3, chrome)	Run Cypress	2024-12-04T19:37:16.5884464Z     [32m  ✓[0m[90m Link account to IdP:  Bitbucket[0m[90m (3305ms)[0m
Admin UI E2E (3, chrome)	Run Cypress	2024-12-04T19:37:20.8973941Z     [32m  ✓[0m[90m Link account to IdP:  Facebook[0m[90m (4231ms)[0m
Admin UI E2E (3, chrome)	Run Cypress	2024-12-04T19:37:23.8288088Z     [32m  ✓[0m[90m Link account to IdP:  Keycloak-oidc[0m[90m (2891ms)[0m
Admin UI E2E (3, chrome)	Run Cypress	2024-12-04T19:37:27.8836230Z     [32m  ✓[0m[90m Link account to already added IdP fail[0m[90m (4024ms)[0m
Admin UI E2E (3, chrome)	Run Cypress	2024-12-04T19:37:31.6566986Z     [32m  ✓[0m[90m Unlink account from IdP:  Bitbucket[0m[90m (3685ms)[0m
Admin UI E2E (3, chrome)	Run Cypress	2024-12-04T19:37:34.1915824Z     [32m  ✓[0m[90m Unlink account from IdP:  Facebook[0m[90m (2492ms)[0m
Admin UI E2E (3, chrome)	Run Cypress	2024-12-04T19:37:36.9627937Z     [32m  ✓[0m[90m Unlink account from IdP:  Keycloak-oidc[0m[90m (2436ms)[0m
Admin UI E2E (3, chrome)	Run Cypress	2024-12-04T19:37:36.9745334Z [0m    Accessibility tests for users[0m
Admin UI E2E (3, chrome)	Run Cypress	2024-12-04T19:37:40.6286156Z     [32m  ✓[0m[90m Check a11y violations on load/ users list[0m[90m (3628ms)[0m
Admin UI E2E (3, chrome)	Run Cypress	2024-12-04T19:37:43.6297977Z     [32m  ✓[0m[90m Check a11y violations on empty create user form[0m[90m (2972ms)[0m
Admin UI E2E (3, chrome)	Run Cypress	2024-12-04T19:37:48.4163760Z     [32m  ✓[0m[90m Check a11y violations on user details tab[0m[90m (4742ms)[0m
Admin UI E2E (3, chrome)	Run Cypress	2024-12-04T19:37:53.8837577Z     [32m  ✓[0m[90m Check a11y violations on user credentials tab setting a password[0m[90m (5393ms)[0m
Admin UI E2E (3, chrome)	Run Cypress	2024-12-04T19:37:58.0957677Z     [32m  ✓[0m[90m Check a11y violations on user credentials tab resetting a password[0m[90m (4176ms)[0m
Admin UI E2E (3, chrome)	Run Cypress	2024-12-04T19:38:01.8990044Z     [32m  ✓[0m[90m Check a11y violations on user role mapping tab[0m[90m (3781ms)[0m
Admin UI E2E (3, chrome)	Run Cypress	2024-12-04T19:38:07.0485528Z     [32m  ✓[0m[90m Check a11y violations on user role mapping tab assigning a role dialog[0m[90m (5080ms)[0m
Admin UI E2E (3, chrome)	Run Cypress	2024-12-04T19:38:10.7244962Z     [32m  ✓[0m[90m Check a11y violations on user groups tab[0m[90m (3639ms)[0m
Admin UI E2E (3, chrome)	Run Cypress	2024-12-04T19:38:14.4793246Z     [32m  ✓[0m[90m Check a11y violations on user groups tab joining group dialog[0m[90m (3733ms)[0m
Admin UI E2E (3, chrome)	Run Cypress	2024-12-04T19:38:18.4554654Z     [32m  ✓[0m[90m Check a11y violations on user groups tab joining group[0m[90m (3949ms)[0m
Admin UI E2E (3, chrome)	Run Cypress	2024-12-04T19:38:22.8686853Z     [32m  ✓[0m[90m Check a11y violations on user consents tab[0m[90m (4374ms)[0m
Admin UI E2E (3, chrome)	Run Cypress	2024-12-04T19:38:26.6961080Z     [32m  ✓[0m[90m Check a11y violations on user identity provider links tab[0m[90m (3801ms)[0m
Admin UI E2E (3, chrome)	Run Cypress	2024-12-04T19:38:30.4358512Z     [32m  ✓[0m[90m Check a11y violations on user sessions tab[0m[90m (3707ms)[0m
Admin UI E2E (3, chrome)	Run Cypress	2024-12-04T19:38:35.9875292Z     [32m  ✓[0m[90m Check a11y violations on user deleting dialog[0m[90m (5245ms)[0m
Admin UI E2E (3, chrome)	Run Cypress	2024-12-04T19:38:35.9877150Z 
Admin UI E2E (3, chrome)	Run Cypress	2024-12-04T19:38:36.0088877Z 
Admin UI E2E (3, chrome)	Run Cypress	2024-12-04T19:38:36.0092210Z [92m [0m[32m 44 passing[0m[90m (3m)[0m
Admin UI E2E (3, chrome)	Run Cypress	2024-12-04T19:38:36.0093240Z 
Admin UI E2E (3, chrome)	Run Cypress	2024-12-04T19:38:37.0415199Z 
Admin UI E2E (3, chrome)	Run Cypress	2024-12-04T19:38:37.0416513Z [32m  ([4m[1mResults[22m[24m)[39m
Admin UI E2E (3, chrome)	Run Cypress	2024-12-04T19:38:37.0422864Z 
Admin UI E2E (3, chrome)	Run Cypress	2024-12-04T19:38:37.0439254Z [90m  ┌[39m[90m─[39m[90m─[39m[90m─[39m[90m─[39m[90m─[39m[90m─[39m[90m─[39m[90m─[39m[90m─[39m[90m─[39m[90m─[39m[90m─[39m[90m─[39m[90m─[39m[90m─[39m[90m─[39m[90m─[39m[90m─[39m[90m─[39m[90m─[39m[90m─[39m[90m─[39m[90m─[39m[90m─[39m[90m─[39m[90m─[39m[90m─[39m[90m─[39m[90m─[39m[90m─[39m[90m─[39m[90m─[39m[90m─[39m[90m─[39m[90m─[39m[90m─[39m[90m─[39m[90m─[39m[90m─[39m[90m─[39m[90m─[39m[90m─[39m[90m─[39m[90m─[39m[90m─[39m[90m─[39m[90m─[39m[90m─[39m[90m─[39m[90m─[39m[90m─[39m[90m─[39m[90m─[39m[90m─[39m[90m─[39m[90m─[39m[90m─[39m[90m─[39m[90m─[39m[90m─[39m[90m─[39m[90m─[39m[90m─[39m[90m─[39m[90m─[39m[90m─[39m[90m─[39m[90m─[39m[90m─[39m[90m─[39m[90m─[39m[90m─[39m[90m─[39m[90m─[39m[90m─[39m[90m─[39m[90m─[39m[90m─[39m[90m─[39m[90m─[39m[90m─[39m[90m─[39m[90m─[39m[90m─[39m[90m─[39m[90m─[39m[90m─[39m[90m─[39m[90m─[39m[90m─[39m[90m─[39m[90m─[39m[90m─[39m[90m─[39m[90m─[39m[90m─[39m[90m┐[39m
Admin UI E2E (3, chrome)	Run Cypress	2024-12-04T19:38:37.0443640Z [90m  │[39m [90mTests:[39m        [32m44[39m                                                                               [90m│[39m
Admin UI E2E (3, chrome)	Run Cypress	2024-12-04T19:38:37.0445584Z [90m  │[39m [90mPassing:[39m      [32m44[39m                                                                               [90m│[39m
Admin UI E2E (3, chrome)	Run Cypress	2024-12-04T19:38:37.0447105Z [90m  │[39m [90mFailing:[39m      [32m0[39m                                                                                [90m│[39m
Admin UI E2E (3, chrome)	Run Cypress	2024-12-04T19:38:37.0448631Z [90m  │[39m [90mPending:[39m      [32m0[39m                                                                                [90m│[39m
Admin UI E2E (3, chrome)	Run Cypress	2024-12-04T19:38:37.0450147Z [90m  │[39m [90mSkipped:[39m      [32m0[39m                                                                                [90m│[39m
Admin UI E2E (3, chrome)	Run Cypress	2024-12-04T19:38:37.0451493Z [90m  │[39m [90mScreenshots:[39m  [32m0[39m                                                                                [90m│[39m
Admin UI E2E (3, chrome)	Run Cypress	2024-12-04T19:38:37.0453097Z [90m  │[39m [90mVideo:[39m        [32mfalse[39m                                                                            [90m│[39m
Admin UI E2E (3, chrome)	Run Cypress	2024-12-04T19:38:37.0454547Z [90m  │[39m [90mDuration:[39m     [32m2 minutes, 38 seconds[39m                                                            [90m│[39m
Admin UI E2E (3, chrome)	Run Cypress	2024-12-04T19:38:37.0456115Z [90m  │[39m [90mSpec Ran:[39m     [32m[32musers_test.spec.ts[32m[39m                                                               [90m│[39m
Admin UI E2E (3, chrome)	Run Cypress	2024-12-04T19:38:37.0462666Z [90m  └[39m[90m─[39m[90m─[39m[90m─[39m[90m─[39m[90m─[39m[90m─[39m[90m─[39m[90m─[39m[90m─[39m[90m─[39m[90m─[39m[90m─[39m[90m─[39m[90m─[39m[90m─[39m[90m─[39m[90m─[39m[90m─[39m[90m─[39m[90m─[39m[90m─[39m[90m─[39m[90m─[39m[90m─[39m[90m─[39m[90m─[39m[90m─[39m[90m─[39m[90m─[39m[90m─[39m[90m─[39m[90m─[39m[90m─[39m[90m─[39m[90m─[39m[90m─[39m[90m─[39m[90m─[39m[90m─[39m[90m─[39m[90m─[39m[90m─[39m[90m─[39m[90m─[39m[90m─[39m[90m─[39m[90m─[39m[90m─[39m[90m─[39m[90m─[39m[90m─[39m[90m─[39m[90m─[39m[90m─[39m[90m─[39m[90m─[39m[90m─[39m[90m─[39m[90m─[39m[90m─[39m[90m─[39m[90m─[39m[90m─[39m[90m─[39m[90m─[39m[90m─[39m[90m─[39m[90m─[39m[90m─[39m[90m─[39m[90m─[39m[90m─[39m[90m─[39m[90m─[39m[90m─[39m[90m─[39m[90m─[39m[90m─[39m[90m─[39m[90m─[39m[90m─[39m[90m─[39m[90m─[39m[90m─[39m[90m─[39m[90m─[39m[90m─[39m[90m─[39m[90m─[39m[90m─[39m[90m─[39m[90m─[39m[90m─[39m[90m─[39m[90m─[39m[90m─[39m[90m┘[39m
Admin UI E2E (3, chrome)	Run Cypress	2024-12-04T19:38:37.0466602Z 
Admin UI E2E (3, chrome)	Run Cypress	2024-12-04T19:38:37.0524352Z 
Admin UI E2E (3, chrome)	Run Cypress	2024-12-04T19:38:37.1138148Z [90m====================================================================================================[39m
Admin UI E2E (3, chrome)	Run Cypress	2024-12-04T19:38:37.1138568Z 
Admin UI E2E (3, chrome)	Run Cypress	2024-12-04T19:38:37.1139165Z [0m  ([4m[1mRun Finished[22m[24m)[0m
Admin UI E2E (3, chrome)	Run Cypress	2024-12-04T19:38:37.1157218Z 
Admin UI E2E (3, chrome)	Run Cypress	2024-12-04T19:38:37.1157241Z 
Admin UI E2E (3, chrome)	Run Cypress	2024-12-04T19:38:37.1189147Z [90m   [39m    [90mSpec[39m                                              [90mTests[39m  [90mPassing[39m  [90mFailing[39m  [90mPending[39m  [90mSkipped[39m [90m [39m
Admin UI E2E (3, chrome)	Run Cypress	2024-12-04T19:38:37.1195135Z [90m  ┌[39m[90m─[39m[90m─[39m[90m─[39m[90m─[39m[90m─[39m[90m─[39m[90m─[39m[90m─[39m[90m─[39m[90m─[39m[90m─[39m[90m─[39m[90m─[39m[90m─[39m[90m─[39m[90m─[39m[90m─[39m[90m─[39m[90m─[39m[90m─[39m[90m─[39m[90m─[39m[90m─[39m[90m─[39m[90m─[39m[90m─[39m[90m─[39m[90m─[39m[90m─[39m[90m─[39m[90m─[39m[90m─[39m[90m─[39m[90m─[39m[90m─[39m[90m─[39m[90m─[39m[90m─[39m[90m─[39m[90m─[39m[90m─[39m[90m─[39m[90m─[39m[90m─[39m[90m─[39m[90m─[39m[90m─[39m[90m─[39m[90m─[39m[90m─[39m[90m─[39m[90m─[39m[90m─[39m[90m─[39m[90m─[39m[90m─[39m[90m─[39m[90m─[39m[90m─[39m[90m─[39m[90m─[39m[90m─[39m[90m─[39m[90m─[39m[90m─[39m[90m─[39m[90m─[39m[90m─[39m[90m─[39m[90m─[39m[90m─[39m[90m─[39m[90m─[39m[90m─[39m[90m─[39m[90m─[39m[90m─[39m[90m─[39m[90m─[39m[90m─[39m[90m─[39m[90m─[39m[90m─[39m[90m─[39m[90m─[39m[90m─[39m[90m─[39m[90m─[39m[90m─[39m[90m─[39m[90m─[39m[90m─[39m[90m─[39m[90m─[39m[90m─[39m[90m─[39m[90m┐[39m
Admin UI E2E (3, chrome)	Run Cypress	2024-12-04T19:38:37.1199280Z [90m  │[39m [32m✔[39m  [0mrealm_roles_test.spec.ts[0m                 [90m01:19[39m       [0m22[0m       [32m22[39m        [90m-[39m        [90m-[39m        [90m-[39m [90m│[39m
Admin UI E2E (3, chrome)	Run Cypress	2024-12-04T19:38:37.1204615Z [90m  ├[39m[90m─[39m[90m─[39m[90m─[39m[90m─[39m[90m─[39m[90m─[39m[90m─[39m[90m─[39m[90m─[39m[90m─[39m[90m─[39m[90m─[39m[90m─[39m[90m─[39m[90m─[39m[90m─[39m[90m─[39m[90m─[39m[90m─[39m[90m─[39m[90m─[39m[90m─[39m[90m─[39m[90m─[39m[90m─[39m[90m─[39m[90m─[39m[90m─[39m[90m─[39m[90m─[39m[90m─[39m[90m─[39m[90m─[39m[90m─[39m[90m─[39m[90m─[39m[90m─[39m[90m─[39m[90m─[39m[90m─[39m[90m─[39m[90m─[39m[90m─[39m[90m─[39m[90m─[39m[90m─[39m[90m─[39m[90m─[39m[90m─[39m[90m─[39m[90m─[39m[90m─[39m[90m─[39m[90m─[39m[90m─[39m[90m─[39m[90m─[39m[90m─[39m[90m─[39m[90m─[39m[90m─[39m[90m─[39m[90m─[39m[90m─[39m[90m─[39m[90m─[39m[90m─[39m[90m─[39m[90m─[39m[90m─[39m[90m─[39m[90m─[39m[90m─[39m[90m─[39m[90m─[39m[90m─[39m[90m─[39m[90m─[39m[90m─[39m[90m─[39m[90m─[39m[90m─[39m[90m─[39m[90m─[39m[90m─[39m[90m─[39m[90m─[39m[90m─[39m[90m─[39m[90m─[39m[90m─[39m[90m─[39m[90m─[39m[90m─[39m[90m─[39m[90m─[39m[90m┤[39m
Admin UI E2E (3, chrome)	Run Cypress	2024-12-04T19:38:37.1208115Z [90m  │[39m [32m✔[39m  [0msessions_test.spec.ts[0m                    [90m00:23[39m       [0m13[0m        [32m8[39m        [90m-[39m        [36m5[39m        [90m-[39m [90m│[39m
Admin UI E2E (3, chrome)	Run Cypress	2024-12-04T19:38:37.1215212Z [90m  ├[39m[90m─[39m[90m─[39m[90m─[39m[90m─[39m[90m─[39m[90m─[39m[90m─[39m[90m─[39m[90m─[39m[90m─[39m[90m─[39m[90m─[39m[90m─[39m[90m─[39m[90m─[39m[90m─[39m[90m─[39m[90m─[39m[90m─[39m[90m─[39m[90m─[39m[90m─[39m[90m─[39m[90m─[39m[90m─[39m[90m─[39m[90m─[39m[90m─[39m[90m─[39m[90m─[39m[90m─[39m[90m─[39m[90m─[39m[90m─[39m[90m─[39m[90m─[39m[90m─[39m[90m─[39m[90m─[39m[90m─[39m[90m─[39m[90m─[39m[90m─[39m[90m─[39m[90m─[39m[90m─[39m[90m─[39m[90m─[39m[90m─[39m[90m─[39m[90m─[39m[90m─[39m[90m─[39m[90m─[39m[90m─[39m[90m─[39m[90m─[39m[90m─[39m[90m─[39m[90m─[39m[90m─[39m[90m─[39m[90m─[39m[90m─[39m[90m─[39m[90m─[39m[90m─[39m[90m─[39m[90m─[39m[90m─[39m[90m─[39m[90m─[39m[90m─[39m[90m─[39m[90m─[39m[90m─[39m[90m─[39m[90m─[39m[90m─[39m[90m─[39m[90m─[39m[90m─[39m[90m─[39m[90m─[39m[90m─[39m[90m─[39m[90m─[39m[90m─[39m[90m─[39m[90m─[39m[90m─[39m[90m─[39m[90m─[39m[90m─[39m[90m─[39m[90m─[39m[90m┤[39m
Admin UI E2E (3, chrome)	Run Cypress	2024-12-04T19:38:37.1234718Z [90m  │[39m [32m✔[39m  [0midentity_providers_saml_test.spec.t[0m      [90m00:56[39m       [0m13[0m       [32m13[39m        [90m-[39m        [90m-[39m        [90m-[39m [90m│[39m
Admin UI E2E (3, chrome)	Run Cypress	2024-12-04T19:38:37.1236768Z [90m  │[39m    [0ms[0m                                                                                           [90m│[39m
Admin UI E2E (3, chrome)	Run Cypress	2024-12-04T19:38:37.1242178Z [90m  ├[39m[90m─[39m[90m─[39m[90m─[39m[90m─[39m[90m─[39m[90m─[39m[90m─[39m[90m─[39m[90m─[39m[90m─[39m[90m─[39m[90m─[39m[90m─[39m[90m─[39m[90m─[39m[90m─[39m[90m─[39m[90m─[39m[90m─[39m[90m─[39m[90m─[39m[90m─[39m[90m─[39m[90m─[39m[90m─[39m[90m─[39m[90m─[39m[90m─[39m[90m─[39m[90m─[39m[90m─[39m[90m─[39m[90m─[39m[90m─[39m[90m─[39m[90m─[39m[90m─[39m[90m─[39m[90m─[39m[90m─[39m[90m─[39m[90m─[39m[90m─[39m[90m─[39m[90m─[39m[90m─[39m[90m─[39m[90m─[39m[90m─[39m[90m─[39m[90m─[39m[90m─[39m[90m─[39m[90m─[39m[90m─[39m[90m─[39m[90m─[39m[90m─[39m[90m─[39m[90m─[39m[90m─[39m[90m─[39m[90m─[39m[90m─[39m[90m─[39m[90m─[39m[90m─[39m[90m─[39m[90m─[39m[90m─[39m[90m─[39m[90m─[39m[90m─[39m[90m─[39m[90m─[39m[90m─[39m[90m─[39m[90m─[39m[90m─[39m[90m─[39m[90m─[39m[90m─[39m[90m─[39m[90m─[39m[90m─[39m[90m─[39m[90m─[39m[90m─[39m[90m─[39m[90m─[39m[90m─[39m[90m─[39m[90m─[39m[90m─[39m[90m─[39m[90m─[39m[90m┤[39m
Admin UI E2E (3, chrome)	Run Cypress	2024-12-04T19:38:37.1249872Z [90m  │[39m [32m✔[39m  [0mrealm_test.spec.ts[0m                       [90m01:04[39m        [0m6[0m        [32m6[39m        [90m-[39m        [90m-[39m        [90m-[39m [90m│[39m
Admin UI E2E (3, chrome)	Run Cypress	2024-12-04T19:38:37.1257308Z [90m  ├[39m[90m─[39m[90m─[39m[90m─[39m[90m─[39m[90m─[39m[90m─[39m[90m─[39m[90m─[39m[90m─[39m[90m─[39m[90m─[39m[90m─[39m[90m─[39m[90m─[39m[90m─[39m[90m─[39m[90m─[39m[90m─[39m[90m─[39m[90m─[39m[90m─[39m[90m─[39m[90m─[39m[90m─[39m[90m─[39m[90m─[39m[90m─[39m[90m─[39m[90m─[39m[90m─[39m[90m─[39m[90m─[39m[90m─[39m[90m─[39m[90m─[39m[90m─[39m[90m─[39m[90m─[39m[90m─[39m[90m─[39m[90m─[39m[90m─[39m[90m─[39m[90m─[39m[90m─[39m[90m─[39m[90m─[39m[90m─[39m[90m─[39m[90m─[39m[90m─[39m[90m─[39m[90m─[39m[90m─[39m[90m─[39m[90m─[39m[90m─[39m[90m─[39m[90m─[39m[90m─[39m[90m─[39m[90m─[39m[90m─[39m[90m─[39m[90m─[39m[90m─[39m[90m─[39m[90m─[39m[90m─[39m[90m─[39m[90m─[39m[90m─[39m[90m─[39m[90m─[39m[90m─[39m[90m─[39m[90m─[39m[90m─[39m[90m─[39m[90m─[39m[90m─[39m[90m─[39m[90m─[39m[90m─[39m[90m─[39m[90m─[39m[90m─[39m[90m─[39m[90m─[39m[90m─[39m[90m─[39m[90m─[39m[90m─[39m[90m─[39m[90m─[39m[90m─[39m[90m┤[39m
Admin UI E2E (3, chrome)	Run Cypress	2024-12-04T19:38:37.1263394Z [90m  │[39m [31m✖[39m  [0mclients_test.spec.ts[0m                     [90m04:22[39m       [0m64[0m       [32m63[39m        [31m1[39m        [90m-[39m        [90m-[39m [90m│[39m
Admin UI E2E (3, chrome)	Run Cypress	2024-12-04T19:38:37.1270957Z [90m  ├[39m[90m─[39m[90m─[39m[90m─[39m[90m─[39m[90m─[39m[90m─[39m[90m─[39m[90m─[39m[90m─[39m[90m─[39m[90m─[39m[90m─[39m[90m─[39m[90m─[39m[90m─[39m[90m─[39m[90m─[39m[90m─[39m[90m─[39m[90m─[39m[90m─[39m[90m─[39m[90m─[39m[90m─[39m[90m─[39m[90m─[39m[90m─[39m[90m─[39m[90m─[39m[90m─[39m[90m─[39m[90m─[39m[90m─[39m[90m─[39m[90m─[39m[90m─[39m[90m─[39m[90m─[39m[90m─[39m[90m─[39m[90m─[39m[90m─[39m[90m─[39m[90m─[39m[90m─[39m[90m─[39m[90m─[39m[90m─[39m[90m─[39m[90m─[39m[90m─[39m[90m─[39m[90m─[39m[90m─[39m[90m─[39m[90m─[39m[90m─[39m[90m─[39m[90m─[39m[90m─[39m[90m─[39m[90m─[39m[90m─[39m[90m─[39m[90m─[39m[90m─[39m[90m─[39m[90m─[39m[90m─[39m[90m─[39m[90m─[39m[90m─[39m[90m─[39m[90m─[39m[90m─[39m[90m─[39m[90m─[39m[90m─[39m[90m─[39m[90m─[39m[90m─[39m[90m─[39m[90m─[39m[90m─[39m[90m─[39m[90m─[39m[90m─[39m[90m─[39m[90m─[39m[90m─[39m[90m─[39m[90m─[39m[90m─[39m[90m─[39m[90m─[39m[90m─[39m[90m┤[39m
Admin UI E2E (3, chrome)	Run Cypress	2024-12-04T19:38:37.1276761Z [90m  │[39m [32m✔[39m  [0mrealm_settings_user_profile_enabled[0m      [90m01:16[39m       [0m14[0m       [32m14[39m        [90m-[39m        [90m-[39m        [90m-[39m [90m│[39m
Admin UI E2E (3, chrome)	Run Cypress	2024-12-04T19:38:37.1278485Z [90m  │[39m    [0m.spec.ts[0m                                                                                    [90m│[39m
Admin UI E2E (3, chrome)	Run Cypress	2024-12-04T19:38:37.1285888Z [90m  ├[39m[90m─[39m[90m─[39m[90m─[39m[90m─[39m[90m─[39m[90m─[39m[90m─[39m[90m─[39m[90m─[39m[90m─[39m[90m─[39m[90m─[39m[90m─[39m[90m─[39m[90m─[39m[90m─[39m[90m─[39m[90m─[39m[90m─[39m[90m─[39m[90m─[39m[90m─[39m[90m─[39m[90m─[39m[90m─[39m[90m─[39m[90m─[39m[90m─[39m[90m─[39m[90m─[39m[90m─[39m[90m─[39m[90m─[39m[90m─[39m[90m─[39m[90m─[39m[90m─[39m[90m─[39m[90m─[39m[90m─[39m[90m─[39m[90m─[39m[90m─[39m[90m─[39m[90m─[39m[90m─[39m[90m─[39m[90m─[39m[90m─[39m[90m─[39m[90m─[39m[90m─[39m[90m─[39m[90m─[39m[90m─[39m[90m─[39m[90m─[39m[90m─[39m[90m─[39m[90m─[39m[90m─[39m[90m─[39m[90m─[39m[90m─[39m[90m─[39m[90m─[39m[90m─[39m[90m─[39m[90m─[39m[90m─[39m[90m─[39m[90m─[39m[90m─[39m[90m─[39m[90m─[39m[90m─[39m[90m─[39m[90m─[39m[90m─[39m[90m─[39m[90m─[39m[90m─[39m[90m─[39m[90m─[39m[90m─[39m[90m─[39m[90m─[39m[90m─[39m[90m─[39m[90m─[39m[90m─[39m[90m─[39m[90m─[39m[90m─[39m[90m─[39m[90m─[39m[90m┤[39m
Admin UI E2E (3, chrome)	Run Cypress	2024-12-04T19:38:37.1293520Z [90m  │[39m [32m✔[39m  [0musers_test.spec.ts[0m                       [90m02:38[39m       [0m44[0m       [32m44[39m        [90m-[39m        [90m-[39m        [90m-[39m [90m│[39m
Admin UI E2E (3, chrome)	Run Cypress	2024-12-04T19:38:37.1302146Z [90m  └[39m[90m─[39m[90m─[39m[90m─[39m[90m─[39m[90m─[39m[90m─[39m[90m─[39m[90m─[39m[90m─[39m[90m─[39m[90m─[39m[90m─[39m[90m─[39m[90m─[39m[90m─[39m[90m─[39m[90m─[39m[90m─[39m[90m─[39m[90m─[39m[90m─[39m[90m─[39m[90m─[39m[90m─[39m[90m─[39m[90m─[39m[90m─[39m[90m─[39m[90m─[39m[90m─[39m[90m─[39m[90m─[39m[90m─[39m[90m─[39m[90m─[39m[90m─[39m[90m─[39m[90m─[39m[90m─[39m[90m─[39m[90m─[39m[90m─[39m[90m─[39m[90m─[39m[90m─[39m[90m─[39m[90m─[39m[90m─[39m[90m─[39m[90m─[39m[90m─[39m[90m─[39m[90m─[39m[90m─[39m[90m─[39m[90m─[39m[90m─[39m[90m─[39m[90m─[39m[90m─[39m[90m─[39m[90m─[39m[90m─[39m[90m─[39m[90m─[39m[90m─[39m[90m─[39m[90m─[39m[90m─[39m[90m─[39m[90m─[39m[90m─[39m[90m─[39m[90m─[39m[90m─[39m[90m─[39m[90m─[39m[90m─[39m[90m─[39m[90m─[39m[90m─[39m[90m─[39m[90m─[39m[90m─[39m[90m─[39m[90m─[39m[90m─[39m[90m─[39m[90m─[39m[90m─[39m[90m─[39m[90m─[39m[90m─[39m[90m─[39m[90m─[39m[90m─[39m[90m┘[39m
Admin UI E2E (3, chrome)	Run Cypress	2024-12-04T19:38:37.1308216Z [90m   [39m [31m✖[39m  [31m1 of 7 failed (14%)[39m                      [90m12:00[39m      [0m176[0m      [32m170[39m        [31m1[39m        [36m5[39m        [90m-[39m [90m [39m
Admin UI E2E (3, chrome)	Run Cypress	2024-12-04T19:38:37.1309114Z 
Admin UI E2E (3, chrome)	Run Cypress	2024-12-04T19:38:37.2220576Z ##[error]Cypress tests: 1 failed
Status Check - Keycloak JavaScript CI	Run /./.github/actions/status-check	2024-12-04T19:39:02.1748695Z Prepare all required actions
Status Check - Keycloak JavaScript CI	Run /./.github/actions/status-check	2024-12-04T19:39:02.1832560Z ##[group]Run ./.github/actions/status-check
Status Check - Keycloak JavaScript CI	Run /./.github/actions/status-check	2024-12-04T19:39:02.1833013Z with:
Status Check - Keycloak JavaScript CI	Run /./.github/actions/status-check	2024-12-04T19:39:02.1834440Z   jobs: {
Status Check - Keycloak JavaScript CI	Run /./.github/actions/status-check	  "conditional": {
Status Check - Keycloak JavaScript CI	Run /./.github/actions/status-check	    "result": "success",
Status Check - Keycloak JavaScript CI	Run /./.github/actions/status-check	    "outputs": {
Status Check - Keycloak JavaScript CI	Run /./.github/actions/status-check	      "js-ci": "true"
Status Check - Keycloak JavaScript CI	Run /./.github/actions/status-check	    }
Status Check - Keycloak JavaScript CI	Run /./.github/actions/status-check	  },
Status Check - Keycloak JavaScript CI	Run /./.github/actions/status-check	  "build-keycloak": {
Status Check - Keycloak JavaScript CI	Run /./.github/actions/status-check	    "result": "success",
Status Check - Keycloak JavaScript CI	Run /./.github/actions/status-check	    "outputs": {}
Status Check - Keycloak JavaScript CI	Run /./.github/actions/status-check	  },
Status Check - Keycloak JavaScript CI	Run /./.github/actions/status-check	  "admin-client": {
Status Check - Keycloak JavaScript CI	Run /./.github/actions/status-check	    "result": "success",
Status Check - Keycloak JavaScript CI	Run /./.github/actions/status-check	    "outputs": {}
Status Check - Keycloak JavaScript CI	Run /./.github/actions/status-check	  },
Status Check - Keycloak JavaScript CI	Run /./.github/actions/status-check	  "ui-shared": {
Status Check - Keycloak JavaScript CI	Run /./.github/actions/status-check	    "result": "success",
Status Check - Keycloak JavaScript CI	Run /./.github/actions/status-check	    "outputs": {}
Status Check - Keycloak JavaScript CI	Run /./.github/actions/status-check	  },
Status Check - Keycloak JavaScript CI	Run /./.github/actions/status-check	  "account-ui": {
Status Check - Keycloak JavaScript CI	Run /./.github/actions/status-check	    "result": "success",
Status Check - Keycloak JavaScript CI	Run /./.github/actions/status-check	    "outputs": {}
Status Check - Keycloak JavaScript CI	Run /./.github/actions/status-check	  },
Status Check - Keycloak JavaScript CI	Run /./.github/actions/status-check	  "account-ui-e2e": {
Status Check - Keycloak JavaScript CI	Run /./.github/actions/status-check	    "result": "success",
Status Check - Keycloak JavaScript CI	Run /./.github/actions/status-check	    "outputs": {}
Status Check - Keycloak JavaScript CI	Run /./.github/actions/status-check	  },
Status Check - Keycloak JavaScript CI	Run /./.github/actions/status-check	  "admin-ui": {
Status Check - Keycloak JavaScript CI	Run /./.github/actions/status-check	    "result": "success",
Status Check - Keycloak JavaScript CI	Run /./.github/actions/status-check	    "outputs": {}
Status Check - Keycloak JavaScript CI	Run /./.github/actions/status-check	  },
Status Check - Keycloak JavaScript CI	Run /./.github/actions/status-check	  "admin-ui-e2e": {
Status Check - Keycloak JavaScript CI	Run /./.github/actions/status-check	    "result": "failure",
Status Check - Keycloak JavaScript CI	Run /./.github/actions/status-check	    "outputs": {}
Status Check - Keycloak JavaScript CI	Run /./.github/actions/status-check	  }
Status Check - Keycloak JavaScript CI	Run /./.github/actions/status-check	}
Status Check - Keycloak JavaScript CI	Run /./.github/actions/status-check	2024-12-04T19:39:02.1835844Z env:
Status Check - Keycloak JavaScript CI	Run /./.github/actions/status-check	2024-12-04T19:39:02.1836192Z   MAVEN_ARGS: -B -nsu -Daether.connector.http.connectionMaxTtl=25
Status Check - Keycloak JavaScript CI	Run /./.github/actions/status-check	2024-12-04T19:39:02.1836779Z ##[endgroup]
Status Check - Keycloak JavaScript CI	Run /./.github/actions/status-check	2024-12-04T19:39:02.1946826Z ##[group]Run JOBS='{
Status Check - Keycloak JavaScript CI	Run /./.github/actions/status-check	2024-12-04T19:39:02.1947398Z [36;1mJOBS='{[0m
Status Check - Keycloak JavaScript CI	Run /./.github/actions/status-check	2024-12-04T19:39:02.1947869Z [36;1m  "conditional": {[0m
Status Check - Keycloak JavaScript CI	Run /./.github/actions/status-check	2024-12-04T19:39:02.1948218Z [36;1m    "result": "success",[0m
Status Check - Keycloak JavaScript CI	Run /./.github/actions/status-check	2024-12-04T19:39:02.1948692Z [36;1m    "outputs": {[0m
Status Check - Keycloak JavaScript CI	Run /./.github/actions/status-check	2024-12-04T19:39:02.1949126Z [36;1m      "js-ci": "true"[0m
Status Check - Keycloak JavaScript CI	Run /./.github/actions/status-check	2024-12-04T19:39:02.1949416Z [36;1m    }[0m
Status Check - Keycloak JavaScript CI	Run /./.github/actions/status-check	2024-12-04T19:39:02.1949816Z [36;1m  },[0m
Status Check - Keycloak JavaScript CI	Run /./.github/actions/status-check	2024-12-04T19:39:02.1950135Z [36;1m  "build-keycloak": {[0m
Status Check - Keycloak JavaScript CI	Run /./.github/actions/status-check	2024-12-04T19:39:02.1950442Z [36;1m    "result": "success",[0m
Status Check - Keycloak JavaScript CI	Run /./.github/actions/status-check	2024-12-04T19:39:02.1950906Z [36;1m    "outputs": {}[0m
Status Check - Keycloak JavaScript CI	Run /./.github/actions/status-check	2024-12-04T19:39:02.1951241Z [36;1m  },[0m
Status Check - Keycloak JavaScript CI	Run /./.github/actions/status-check	2024-12-04T19:39:02.1951500Z [36;1m  "admin-client": {[0m
Status Check - Keycloak JavaScript CI	Run /./.github/actions/status-check	2024-12-04T19:39:02.1951953Z [36;1m    "result": "success",[0m
Status Check - Keycloak JavaScript CI	Run /./.github/actions/status-check	2024-12-04T19:39:02.1952316Z [36;1m    "outputs": {}[0m
Status Check - Keycloak JavaScript CI	Run /./.github/actions/status-check	2024-12-04T19:39:02.1952608Z [36;1m  },[0m
Status Check - Keycloak JavaScript CI	Run /./.github/actions/status-check	2024-12-04T19:39:02.1953031Z [36;1m  "ui-shared": {[0m
Status Check - Keycloak JavaScript CI	Run /./.github/actions/status-check	2024-12-04T19:39:02.1953442Z [36;1m    "result": "success",[0m
Status Check - Keycloak JavaScript CI	Run /./.github/actions/status-check	2024-12-04T19:39:02.1953743Z [36;1m    "outputs": {}[0m
Status Check - Keycloak JavaScript CI	Run /./.github/actions/status-check	2024-12-04T19:39:02.1954185Z [36;1m  },[0m
Status Check - Keycloak JavaScript CI	Run /./.github/actions/status-check	2024-12-04T19:39:02.1954501Z [36;1m  "account-ui": {[0m
Status Check - Keycloak JavaScript CI	Run /./.github/actions/status-check	2024-12-04T19:39:02.1955174Z [36;1m    "result": "success",[0m
Status Check - Keycloak JavaScript CI	Run /./.github/actions/status-check	2024-12-04T19:39:02.1955662Z [36;1m    "outputs": {}[0m
Status Check - Keycloak JavaScript CI	Run /./.github/actions/status-check	2024-12-04T19:39:02.1956015Z [36;1m  },[0m
Status Check - Keycloak JavaScript CI	Run /./.github/actions/status-check	2024-12-04T19:39:02.1956286Z [36;1m  "account-ui-e2e": {[0m
Status Check - Keycloak JavaScript CI	Run /./.github/actions/status-check	2024-12-04T19:39:02.1956727Z [36;1m    "result": "success",[0m
Status Check - Keycloak JavaScript CI	Run /./.github/actions/status-check	2024-12-04T19:39:02.1957102Z [36;1m    "outputs": {}[0m
Status Check - Keycloak JavaScript CI	Run /./.github/actions/status-check	2024-12-04T19:39:02.1957383Z [36;1m  },[0m
Status Check - Keycloak JavaScript CI	Run /./.github/actions/status-check	2024-12-04T19:39:02.1957785Z [36;1m  "admin-ui": {[0m
Status Check - Keycloak JavaScript CI	Run /./.github/actions/status-check	2024-12-04T19:39:02.1958207Z [36;1m    "result": "success",[0m
Status Check - Keycloak JavaScript CI	Run /./.github/actions/status-check	2024-12-04T19:39:02.1958504Z [36;1m    "outputs": {}[0m
Status Check - Keycloak JavaScript CI	Run /./.github/actions/status-check	2024-12-04T19:39:02.1958910Z [36;1m  },[0m
Status Check - Keycloak JavaScript CI	Run /./.github/actions/status-check	2024-12-04T19:39:02.1959233Z [36;1m  "admin-ui-e2e": {[0m
Status Check - Keycloak JavaScript CI	Run /./.github/actions/status-check	2024-12-04T19:39:02.1959543Z [36;1m    "result": "failure",[0m
Status Check - Keycloak JavaScript CI	Run /./.github/actions/status-check	2024-12-04T19:39:02.1959973Z [36;1m    "outputs": {}[0m
Status Check - Keycloak JavaScript CI	Run /./.github/actions/status-check	2024-12-04T19:39:02.1960318Z [36;1m  }[0m
Status Check - Keycloak JavaScript CI	Run /./.github/actions/status-check	2024-12-04T19:39:02.1960558Z [36;1m}'[0m
Status Check - Keycloak JavaScript CI	Run /./.github/actions/status-check	2024-12-04T19:39:02.1960954Z [36;1m[0m
Status Check - Keycloak JavaScript CI	Run /./.github/actions/status-check	2024-12-04T19:39:02.1961274Z [36;1mecho "Job status:"[0m
Status Check - Keycloak JavaScript CI	Run /./.github/actions/status-check	2024-12-04T19:39:02.1961688Z [36;1mecho $JOBS | jq -r 'to_entries[] | " - \(.key): \(.value.result)"'[0m
Status Check - Keycloak JavaScript CI	Run /./.github/actions/status-check	2024-12-04T19:39:02.1962238Z [36;1m[0m
Status Check - Keycloak JavaScript CI	Run /./.github/actions/status-check	2024-12-04T19:39:02.1962681Z [36;1mfor i in $(echo $JOBS | jq -r 'to_entries[] | .value.result'); do[0m
Status Check - Keycloak JavaScript CI	Run /./.github/actions/status-check	2024-12-04T19:39:02.1963112Z [36;1m  if [ "$i" != "success" ] && [ "$i" != "skipped" ]; then[0m
Status Check - Keycloak JavaScript CI	Run /./.github/actions/status-check	2024-12-04T19:39:02.1963614Z [36;1m    echo ""[0m
Status Check - Keycloak JavaScript CI	Run /./.github/actions/status-check	2024-12-04T19:39:02.1963982Z [36;1m    echo "Status check not okay!"[0m
Status Check - Keycloak JavaScript CI	Run /./.github/actions/status-check	2024-12-04T19:39:02.1964455Z [36;1m    exit 1[0m
Status Check - Keycloak JavaScript CI	Run /./.github/actions/status-check	2024-12-04T19:39:02.1964769Z [36;1m  fi[0m
Status Check - Keycloak JavaScript CI	Run /./.github/actions/status-check	2024-12-04T19:39:02.1965068Z [36;1mdone[0m
Status Check - Keycloak JavaScript CI	Run /./.github/actions/status-check	2024-12-04T19:39:02.2086171Z shell: /usr/bin/bash --noprofile --norc -e -o pipefail {0}
Status Check - Keycloak JavaScript CI	Run /./.github/actions/status-check	2024-12-04T19:39:02.2087045Z env:
Status Check - Keycloak JavaScript CI	Run /./.github/actions/status-check	2024-12-04T19:39:02.2087633Z   MAVEN_ARGS: -B -nsu -Daether.connector.http.connectionMaxTtl=25
Status Check - Keycloak JavaScript CI	Run /./.github/actions/status-check	2024-12-04T19:39:02.2088112Z ##[endgroup]
Status Check - Keycloak JavaScript CI	Run /./.github/actions/status-check	2024-12-04T19:39:02.2195843Z Job status:
Status Check - Keycloak JavaScript CI	Run /./.github/actions/status-check	2024-12-04T19:39:02.2423380Z  - conditional: success
Status Check - Keycloak JavaScript CI	Run /./.github/actions/status-check	2024-12-04T19:39:02.2423969Z  - build-keycloak: success
Status Check - Keycloak JavaScript CI	Run /./.github/actions/status-check	2024-12-04T19:39:02.2425147Z  - admin-client: success
Status Check - Keycloak JavaScript CI	Run /./.github/actions/status-check	2024-12-04T19:39:02.2425598Z  - ui-shared: success
Status Check - Keycloak JavaScript CI	Run /./.github/actions/status-check	2024-12-04T19:39:02.2425924Z  - account-ui: success
Status Check - Keycloak JavaScript CI	Run /./.github/actions/status-check	2024-12-04T19:39:02.2426425Z  - account-ui-e2e: success
Status Check - Keycloak JavaScript CI	Run /./.github/actions/status-check	2024-12-04T19:39:02.2426843Z  - admin-ui: success
Status Check - Keycloak JavaScript CI	Run /./.github/actions/status-check	2024-12-04T19:39:02.2427159Z  - admin-ui-e2e: failure
Status Check - Keycloak JavaScript CI	Run /./.github/actions/status-check	2024-12-04T19:39:02.2630800Z 
Status Check - Keycloak JavaScript CI	Run /./.github/actions/status-check	2024-12-04T19:39:02.2631259Z Status check not okay!
Status Check - Keycloak JavaScript CI	Run /./.github/actions/status-check	2024-12-04T19:39:02.2646059Z ##[error]Process completed with exit code 1.
