Base IT (2)	Run base tests	2025-02-04T11:17:32.5232257Z ##[group]Run TESTS=`testsuite/integration-arquillian/tests/base/testsuites/base-suite.sh 2`
Base IT (2)	Run base tests	2025-02-04T11:17:32.5232973Z [36;1mTESTS=`testsuite/integration-arquillian/tests/base/testsuites/base-suite.sh 2`[0m
Base IT (2)	Run base tests	2025-02-04T11:17:32.5233399Z [36;1mecho "Tests: $TESTS"[0m
Base IT (2)	Run base tests	2025-02-04T11:17:32.5234308Z [36;1m./mvnw test -Dsurefire.rerunFailingTestsCount=2 -Pauth-server-quarkus -Dtest=$TESTS -pl testsuite/integration-arquillian/tests/base 2>&1 | misc/log/trimmer.sh[0m
Base IT (2)	Run base tests	2025-02-04T11:17:32.5262548Z shell: /usr/bin/bash --noprofile --norc -e -o pipefail {0}
Base IT (2)	Run base tests	2025-02-04T11:17:32.5262872Z env:
Base IT (2)	Run base tests	2025-02-04T11:17:32.5263137Z   MAVEN_ARGS: -B -nsu -Daether.connector.http.connectionMaxTtl=25
Base IT (2)	Run base tests	2025-02-04T11:17:32.5263683Z   SUREFIRE_RERUN_FAILING_COUNT: 2
Base IT (2)	Run base tests	2025-02-04T11:17:32.5263985Z   SUREFIRE_RETRY: -Dsurefire.rerunFailingTestsCount=2
Base IT (2)	Run base tests	2025-02-04T11:17:32.5264384Z   JAVA_HOME: /opt/hostedtoolcache/Java_Temurin-Hotspot_jdk/21.0.6-7/x64
Base IT (2)	Run base tests	2025-02-04T11:17:32.5264861Z   JAVA_HOME_21_X64: /opt/hostedtoolcache/Java_Temurin-Hotspot_jdk/21.0.6-7/x64
Base IT (2)	Run base tests	2025-02-04T11:17:32.5265241Z ##[endgroup]
Base IT (2)	Run base tests	2025-02-04T11:17:32.9067705Z Tests: org.keycloak.testsuite.broker.**
Base IT (2)	Run base tests	2025-02-04T11:17:37.1024687Z -- [INFO] Loading cache configuration from /home/runner/work/keycloak/keycloak/.mvn/maven-build-cache-config.xml
Base IT (2)	Run base tests	2025-02-04T11:17:37.1113333Z -- [INFO] Scanning for projects...
Base IT (2)	Run base tests	2025-02-04T11:17:37.9971994Z -- [INFO] 
Base IT (2)	Run base tests	2025-02-04T11:17:37.9976046Z -- [INFO] ------< org.keycloak.testsuite:integration-arquillian-tests-base >------
Base IT (2)	Run base tests	2025-02-04T11:17:38.0002321Z -- [INFO] Building Base TestSuite 999.0.0-SNAPSHOT
Base IT (2)	Run base tests	2025-02-04T11:17:38.0013848Z -- [INFO]   from pom.xml
Base IT (2)	Run base tests	2025-02-04T11:17:38.0045753Z -- [INFO] --------------------------------[ jar ]---------------------------------
Base IT (2)	Run base tests	2025-02-04T11:17:38.0641486Z -- [WARNING] Parameter 'overWriteIfNewer' is unknown for plugin 'maven-resources-plugin:3.0.1:copy-resources (example-realms)'
Base IT (2)	Run base tests	2025-02-04T11:17:39.4407492Z -- [INFO] Artifact org.jboss:jboss-parent:pom:44 is present in the local repository, but cached from a remote repository ID that is unavailable in current build context, verifying that is downloadable from [central (https://repo.maven.apache.org/maven2, default, releases)]
Base IT (2)	Run base tests	2025-02-04T11:17:39.4440355Z -- [INFO] Artifact org.jboss:jboss-parent:pom:44 is present in the local repository, but cached from a remote repository ID that is unavailable in current build context, verifying that is downloadable from [central (https://repo.maven.apache.org/maven2, default, releases)]
Base IT (2)	Run base tests	2025-02-04T11:17:40.0667750Z -- [INFO] Downloading from central: https://repo.maven.apache.org/maven2/org/jboss/jboss-parent/44/jboss-parent-44.pom
Base IT (2)	Run base tests	2025-02-04T11:17:40.5736111Z -- [INFO] Downloaded from central: https://repo.maven.apache.org/maven2/org/jboss/jboss-parent/44/jboss-parent-44.pom (0 B at 0 B/s)
Base IT (2)	Run base tests	2025-02-04T11:17:41.2098993Z -- [INFO] 
Base IT (2)	Run base tests	2025-02-04T11:17:41.2099778Z -- [INFO] --- enforcer:3.0.0-M3:enforce (enforce-java-version) @ integration-arquillian-tests-base ---
Base IT (2)	Run base tests	2025-02-04T11:17:41.3651183Z -- [INFO] 
Base IT (2)	Run base tests	2025-02-04T11:17:41.3652271Z -- [INFO] --- enforcer:3.0.0-M3:enforce (enforce-maven-version) @ integration-arquillian-tests-base ---
Base IT (2)	Run base tests	2025-02-04T11:17:41.3671989Z -- [INFO] 
Base IT (2)	Run base tests	2025-02-04T11:17:41.3679532Z -- [INFO] --- enforcer:3.0.0-M3:enforce (enforce-maven) @ integration-arquillian-tests-base ---
Base IT (2)	Run base tests	2025-02-04T11:17:41.3688341Z -- [INFO] 
Base IT (2)	Run base tests	2025-02-04T11:17:41.3690883Z -- [INFO] --- buildnumber:1.4:create (get-scm-revision) @ integration-arquillian-tests-base ---
Base IT (2)	Run base tests	2025-02-04T11:17:41.5386973Z -- [INFO] Executing: /bin/sh -c cd '/home/runner/work/keycloak/keycloak/testsuite/integration-arquillian/tests/base' && 'git' 'rev-parse' '--verify' 'HEAD'
Base IT (2)	Run base tests	2025-02-04T11:17:41.5390530Z -- [INFO] Working directory: /home/runner/work/keycloak/keycloak/testsuite/integration-arquillian/tests/base
Base IT (2)	Run base tests	2025-02-04T11:17:41.6041615Z -- [INFO] Storing buildNumber: baab48a136741925a82c74f52379e8bc941ae680 at timestamp: 1738667861520
Base IT (2)	Run base tests	2025-02-04T11:17:41.6114569Z -- [WARNING] Cannot get the branch information from the git repository: 
Base IT (2)	Run base tests	2025-02-04T11:17:41.6116289Z -- Detecting the current branch failed: fatal: ref HEAD is not a symbolic ref
Base IT (2)	Run base tests	2025-02-04T11:17:41.6117527Z -- 
Base IT (2)	Run base tests	2025-02-04T11:17:41.6118730Z -- [INFO] Executing: /bin/sh -c cd '/home/runner/work/keycloak/keycloak/testsuite/integration-arquillian/tests/base' && 'git' 'rev-parse' '--verify' 'HEAD'
Base IT (2)	Run base tests	2025-02-04T11:17:41.6135799Z -- [INFO] Working directory: /home/runner/work/keycloak/keycloak/testsuite/integration-arquillian/tests/base
Base IT (2)	Run base tests	2025-02-04T11:17:41.6151234Z -- [INFO] Storing buildScmBranch: UNKNOWN
Base IT (2)	Run base tests	2025-02-04T11:17:41.6157956Z -- [INFO] 
Base IT (2)	Run base tests	2025-02-04T11:17:41.6162133Z -- [INFO] --- resources:3.0.1:copy-resources (copy-truststore) @ integration-arquillian-tests-base ---
Base IT (2)	Run base tests	2025-02-04T11:17:41.6766895Z -- [INFO] Using 'UTF-8' encoding to copy filtered resources.
Base IT (2)	Run base tests	2025-02-04T11:17:41.6873657Z -- [INFO] Copying 3 resources
Base IT (2)	Run base tests	2025-02-04T11:17:41.6936796Z -- [INFO] 
Base IT (2)	Run base tests	2025-02-04T11:17:41.6971952Z -- [INFO] --- resources:3.0.1:copy-resources (copy-common-dependencies) @ integration-arquillian-tests-base ---
Base IT (2)	Run base tests	2025-02-04T11:17:41.6973347Z -- [INFO] Using 'UTF-8' encoding to copy filtered resources.
Base IT (2)	Run base tests	2025-02-04T11:17:41.7016885Z -- [INFO] Copying 13 resources
Base IT (2)	Run base tests	2025-02-04T11:17:41.7050359Z -- [INFO] 
Base IT (2)	Run base tests	2025-02-04T11:17:41.7056256Z -- [INFO] --- resources:3.0.1:resources (default-resources) @ integration-arquillian-tests-base ---
Base IT (2)	Run base tests	2025-02-04T11:17:41.7093072Z -- [INFO] Using 'UTF-8' encoding to copy filtered resources.
Base IT (2)	Run base tests	2025-02-04T11:17:41.7094172Z -- [INFO] Copying 2 resources
Base IT (2)	Run base tests	2025-02-04T11:17:41.7094809Z -- [INFO] 
Base IT (2)	Run base tests	2025-02-04T11:17:41.7095778Z -- [INFO] --- resources:3.0.1:copy-resources (copy-admin-user-json-file) @ integration-arquillian-tests-base ---
Base IT (2)	Run base tests	2025-02-04T11:17:41.7152437Z -- [INFO] Using 'UTF-8' encoding to copy filtered resources.
Base IT (2)	Run base tests	2025-02-04T11:17:41.7172592Z -- [INFO] Copying 1 resource
Base IT (2)	Run base tests	2025-02-04T11:17:41.7244451Z -- [INFO] 
Base IT (2)	Run base tests	2025-02-04T11:17:41.7245559Z -- [INFO] --- xml:1.0.1:transform (arquillian-default-protocol) @ integration-arquillian-tests-base ---
Base IT (2)	Run base tests	2025-02-04T11:17:42.5005672Z -- [INFO] Transforming file: /home/runner/work/keycloak/keycloak/testsuite/integration-arquillian/tests/base/src/test/resources/arquillian.xml
Base IT (2)	Run base tests	2025-02-04T11:17:42.6624932Z -- [INFO] Transformed 1 file(s).
Base IT (2)	Run base tests	2025-02-04T11:17:42.6626553Z -- [INFO] 
Base IT (2)	Run base tests	2025-02-04T11:17:42.6644802Z -- [INFO] --- compiler:3.8.1:compile (default-compile) @ integration-arquillian-tests-base ---
Base IT (2)	Run base tests	2025-02-04T11:17:42.8173074Z -- [INFO] Changes detected - recompiling the module!
Base IT (2)	Run base tests	2025-02-04T11:17:42.8205217Z -- [INFO] Compiling 368 source files to /home/runner/work/keycloak/keycloak/testsuite/integration-arquillian/tests/base/target/classes
Base IT (2)	Run base tests	2025-02-04T11:17:47.8262170Z -- [INFO] Annotation processing is enabled because one or more processors were found
Base IT (2)	Run base tests	2025-02-04T11:17:47.8263183Z --   on the class path. A future release of javac may disable annotation processing
Base IT (2)	Run base tests	2025-02-04T11:17:47.8264289Z --   unless at least one processor is specified by name (-processor), or a search
Base IT (2)	Run base tests	2025-02-04T11:17:47.8269830Z --   path is specified (--processor-path, --processor-module-path), or annotation
Base IT (2)	Run base tests	2025-02-04T11:17:47.8271728Z --   processing is enabled explicitly (-proc:only, -proc:full).
Base IT (2)	Run base tests	2025-02-04T11:17:47.8276976Z --   Use -Xlint:-options to suppress this message.
Base IT (2)	Run base tests	2025-02-04T11:17:47.8384826Z --   Use -proc:none to disable annotation processing.
Base IT (2)	Run base tests	2025-02-04T11:17:47.8388452Z -- [WARNING] /home/runner/work/keycloak/keycloak/testsuite/integration-arquillian/tests/base/src/main/java/org/keycloak/testsuite/arquillian/ServerTestEnricherUtil.java:[72,21] securityRealm(java.lang.String) in org.wildfly.extras.creaper.commands.undertow.AddUndertowListener.HttpsBuilder has been deprecated
Base IT (2)	Run base tests	2025-02-04T11:17:47.8392309Z -- [WARNING] /home/runner/work/keycloak/keycloak/testsuite/integration-arquillian/tests/base/src/main/java/org/keycloak/testsuite/arquillian/AppServerTestEnricher.java:[182,49] HTTP_REMOTING in org.wildfly.extras.creaper.core.online.ManagementProtocol has been deprecated
Base IT (2)	Run base tests	2025-02-04T11:17:47.8435108Z -- [WARNING] /home/runner/work/keycloak/keycloak/testsuite/integration-arquillian/tests/base/src/main/java/org/keycloak/testsuite/updaters/ServerResourceUpdater.java:[89,20] unchecked cast
Base IT (2)	Run base tests	2025-02-04T11:17:47.8464051Z --   required: T
Base IT (2)	Run base tests	2025-02-04T11:17:47.8464711Z --   found:    org.keycloak.testsuite.updaters.ServerResourceUpdater<T,Res,Rep>
Base IT (2)	Run base tests	2025-02-04T11:17:47.8466527Z -- [WARNING] /home/runner/work/keycloak/keycloak/testsuite/integration-arquillian/tests/base/src/main/java/org/keycloak/testsuite/updaters/ServerResourceUpdater.java:[103,20] unchecked cast
Base IT (2)	Run base tests	2025-02-04T11:17:47.8468154Z --   required: T
Base IT (2)	Run base tests	2025-02-04T11:17:47.8468879Z --   found:    org.keycloak.testsuite.updaters.ServerResourceUpdater<T,Res,Rep>
Base IT (2)	Run base tests	2025-02-04T11:17:47.8470782Z -- [WARNING] /home/runner/work/keycloak/keycloak/testsuite/integration-arquillian/tests/base/src/main/java/org/keycloak/testsuite/updaters/ServerResourceUpdater.java:[140,52] unchecked conversion
Base IT (2)	Run base tests	2025-02-04T11:17:47.8505818Z --   required: java.util.Set<V>
Base IT (2)	Run base tests	2025-02-04T11:17:47.8506431Z --   found:    java.util.Set
Base IT (2)	Run base tests	2025-02-04T11:17:47.8507983Z -- [WARNING] /home/runner/work/keycloak/keycloak/testsuite/integration-arquillian/tests/base/src/main/java/org/keycloak/testsuite/updaters/ServerResourceUpdater.java:[141,51] unchecked conversion
Base IT (2)	Run base tests	2025-02-04T11:17:47.8509715Z --   required: java.util.Set<V>
Base IT (2)	Run base tests	2025-02-04T11:17:47.8510202Z --   found:    java.util.Set
Base IT (2)	Run base tests	2025-02-04T11:17:47.8512244Z -- [WARNING] /home/runner/work/keycloak/keycloak/testsuite/integration-arquillian/tests/base/src/main/java/org/keycloak/testsuite/page/AbstractPatternFlyAlert.java:[71,96] unchecked method invocation: method until in class org.openqa.selenium.support.ui.FluentWait is applied to given types
Base IT (2)	Run base tests	2025-02-04T11:17:47.8514767Z --   required: java.util.function.Function<? super T,V>
Base IT (2)	Run base tests	2025-02-04T11:17:47.8515534Z --   found:    org.openqa.selenium.support.ui.ExpectedCondition
Base IT (2)	Run base tests	2025-02-04T11:17:47.8517223Z -- [WARNING] /home/runner/work/keycloak/keycloak/testsuite/integration-arquillian/tests/base/src/main/java/org/keycloak/testsuite/page/AbstractPatternFlyAlert.java:[71,97] unchecked conversion
Base IT (2)	Run base tests	2025-02-04T11:17:47.8518911Z --   required: java.util.function.Function<? super T,V>
Base IT (2)	Run base tests	2025-02-04T11:17:47.8519670Z --   found:    org.openqa.selenium.support.ui.ExpectedCondition
Base IT (2)	Run base tests	2025-02-04T11:17:47.8521699Z -- [WARNING] /home/runner/work/keycloak/keycloak/testsuite/integration-arquillian/tests/base/src/main/java/org/keycloak/testsuite/arquillian/ModelTestExecutor.java:[51,33] TestResult() in org.jboss.arquillian.test.spi.TestResult has been deprecated
Base IT (2)	Run base tests	2025-02-04T11:17:47.8525463Z -- [WARNING] /home/runner/work/keycloak/keycloak/testsuite/integration-arquillian/tests/base/src/main/java/org/keycloak/testsuite/arquillian/ModelTestExecutor.java:[59,23] setStatus(org.jboss.arquillian.test.spi.TestResult.Status) in org.jboss.arquillian.test.spi.TestResult has been deprecated
Base IT (2)	Run base tests	2025-02-04T11:17:47.8529418Z -- [WARNING] /home/runner/work/keycloak/keycloak/testsuite/integration-arquillian/tests/base/src/main/java/org/keycloak/testsuite/arquillian/ModelTestExecutor.java:[61,23] setStatus(org.jboss.arquillian.test.spi.TestResult.Status) in org.jboss.arquillian.test.spi.TestResult has been deprecated
Base IT (2)	Run base tests	2025-02-04T11:17:47.8565214Z -- [WARNING] /home/runner/work/keycloak/keycloak/testsuite/integration-arquillian/tests/base/src/main/java/org/keycloak/testsuite/arquillian/ModelTestExecutor.java:[70,109] unchecked cast
Base IT (2)	Run base tests	2025-02-04T11:17:47.8574467Z --   required: org.jboss.arquillian.core.api.InstanceProducer<org.jboss.arquillian.test.spi.TestResult>
Base IT (2)	Run base tests	2025-02-04T11:17:47.8575435Z --   found:    java.lang.Object
Base IT (2)	Run base tests	2025-02-04T11:17:47.8576938Z -- [WARNING] /home/runner/work/keycloak/keycloak/testsuite/integration-arquillian/tests/base/src/main/java/org/keycloak/testsuite/util/javascript/XMLHttpRequest.java:[75,67] unchecked cast
Base IT (2)	Run base tests	2025-02-04T11:17:47.8578591Z --   required: java.util.Map<java.lang.String,java.lang.Object>
Base IT (2)	Run base tests	2025-02-04T11:17:47.8579282Z --   found:    java.lang.Object
Base IT (2)	Run base tests	2025-02-04T11:17:47.8581435Z -- [WARNING] /home/runner/work/keycloak/keycloak/testsuite/integration-arquillian/tests/base/src/main/java/org/keycloak/testsuite/util/javascript/JavascriptTestExecutor.java:[40,35] setScriptTimeout(long,java.util.concurrent.TimeUnit) in org.openqa.selenium.WebDriver.Timeouts has been deprecated
Base IT (2)	Run base tests	2025-02-04T11:17:47.8585759Z -- [WARNING] /home/runner/work/keycloak/keycloak/testsuite/integration-arquillian/tests/base/src/main/java/org/keycloak/testsuite/updaters/Creator.java:[63,16] unchecked call to Creator(java.lang.String,T,java.lang.Runnable) as a member of the raw type org.keycloak.testsuite.updaters.Creator
Base IT (2)	Run base tests	2025-02-04T11:17:47.8588846Z -- [WARNING] /home/runner/work/keycloak/keycloak/testsuite/integration-arquillian/tests/base/src/main/java/org/keycloak/testsuite/updaters/Creator.java:[63,16] unchecked conversion
Base IT (2)	Run base tests	2025-02-04T11:17:47.8590749Z --   required: org.keycloak.testsuite.updaters.Creator<org.keycloak.admin.client.resource.RealmResource>
Base IT (2)	Run base tests	2025-02-04T11:17:47.8592545Z --   found:    org.keycloak.testsuite.updaters.Creator
Base IT (2)	Run base tests	2025-02-04T11:17:47.8595028Z -- [WARNING] /home/runner/work/keycloak/keycloak/testsuite/integration-arquillian/tests/base/src/main/java/org/keycloak/testsuite/updaters/Creator.java:[72,20] unchecked call to Creator(java.lang.String,T,java.lang.Runnable) as a member of the raw type org.keycloak.testsuite.updaters.Creator
Base IT (2)	Run base tests	2025-02-04T11:17:47.8598488Z -- [WARNING] /home/runner/work/keycloak/keycloak/testsuite/integration-arquillian/tests/base/src/main/java/org/keycloak/testsuite/updaters/Creator.java:[72,20] unchecked conversion
Base IT (2)	Run base tests	2025-02-04T11:17:47.8601636Z --   required: org.keycloak.testsuite.updaters.Creator<org.keycloak.admin.client.resource.GroupResource>
Base IT (2)	Run base tests	2025-02-04T11:17:47.8603121Z --   found:    org.keycloak.testsuite.updaters.Creator
Base IT (2)	Run base tests	2025-02-04T11:17:47.8605253Z -- [WARNING] /home/runner/work/keycloak/keycloak/testsuite/integration-arquillian/tests/base/src/main/java/org/keycloak/testsuite/updaters/Creator.java:[82,20] unchecked call to Creator(java.lang.String,T,java.lang.Runnable) as a member of the raw type org.keycloak.testsuite.updaters.Creator
Base IT (2)	Run base tests	2025-02-04T11:17:47.8608079Z -- [WARNING] /home/runner/work/keycloak/keycloak/testsuite/integration-arquillian/tests/base/src/main/java/org/keycloak/testsuite/updaters/Creator.java:[82,20] unchecked conversion
Base IT (2)	Run base tests	2025-02-04T11:17:47.8609776Z --   required: org.keycloak.testsuite.updaters.Creator<org.keycloak.admin.client.resource.ClientResource>
Base IT (2)	Run base tests	2025-02-04T11:17:47.8610653Z --   found:    org.keycloak.testsuite.updaters.Creator
Base IT (2)	Run base tests	2025-02-04T11:17:47.8612629Z -- [WARNING] /home/runner/work/keycloak/keycloak/testsuite/integration-arquillian/tests/base/src/main/java/org/keycloak/testsuite/updaters/Creator.java:[92,20] unchecked call to Creator(java.lang.String,T,java.lang.Runnable) as a member of the raw type org.keycloak.testsuite.updaters.Creator
Base IT (2)	Run base tests	2025-02-04T11:17:47.8615542Z -- [WARNING] /home/runner/work/keycloak/keycloak/testsuite/integration-arquillian/tests/base/src/main/java/org/keycloak/testsuite/updaters/Creator.java:[92,20] unchecked conversion
Base IT (2)	Run base tests	2025-02-04T11:17:47.8617269Z --   required: org.keycloak.testsuite.updaters.Creator<org.keycloak.admin.client.resource.UserResource>
Base IT (2)	Run base tests	2025-02-04T11:17:47.8618209Z --   found:    org.keycloak.testsuite.updaters.Creator
Base IT (2)	Run base tests	2025-02-04T11:17:47.8620222Z -- [WARNING] /home/runner/work/keycloak/keycloak/testsuite/integration-arquillian/tests/base/src/main/java/org/keycloak/testsuite/updaters/Creator.java:[102,20] unchecked call to Creator(java.lang.String,T,java.lang.Runnable) as a member of the raw type org.keycloak.testsuite.updaters.Creator
Base IT (2)	Run base tests	2025-02-04T11:17:47.8623066Z -- [WARNING] /home/runner/work/keycloak/keycloak/testsuite/integration-arquillian/tests/base/src/main/java/org/keycloak/testsuite/updaters/Creator.java:[102,20] unchecked conversion
Base IT (2)	Run base tests	2025-02-04T11:17:47.8624988Z --   required: org.keycloak.testsuite.updaters.Creator<org.keycloak.admin.client.resource.ComponentResource>
Base IT (2)	Run base tests	2025-02-04T11:17:47.8625907Z --   found:    org.keycloak.testsuite.updaters.Creator
Base IT (2)	Run base tests	2025-02-04T11:17:47.8627898Z -- [WARNING] /home/runner/work/keycloak/keycloak/testsuite/integration-arquillian/tests/base/src/main/java/org/keycloak/testsuite/updaters/Creator.java:[122,20] unchecked call to Creator(java.lang.String,T,java.lang.Runnable) as a member of the raw type org.keycloak.testsuite.updaters.Creator
Base IT (2)	Run base tests	2025-02-04T11:17:47.8631098Z -- [WARNING] /home/runner/work/keycloak/keycloak/testsuite/integration-arquillian/tests/base/src/main/java/org/keycloak/testsuite/updaters/Creator.java:[122,20] unchecked conversion
Base IT (2)	Run base tests	2025-02-04T11:17:47.8632908Z --   required: org.keycloak.testsuite.updaters.Creator<org.keycloak.admin.client.resource.IdentityProviderResource>
Base IT (2)	Run base tests	2025-02-04T11:17:47.8634020Z --   found:    org.keycloak.testsuite.updaters.Creator
Base IT (2)	Run base tests	2025-02-04T11:17:47.8636003Z -- [WARNING] /home/runner/work/keycloak/keycloak/testsuite/integration-arquillian/tests/base/src/main/java/org/keycloak/testsuite/updaters/Creator.java:[134,20] unchecked call to Creator(java.lang.String,T,java.lang.Runnable) as a member of the raw type org.keycloak.testsuite.updaters.Creator
Base IT (2)	Run base tests	2025-02-04T11:17:47.8638861Z -- [WARNING] /home/runner/work/keycloak/keycloak/testsuite/integration-arquillian/tests/base/src/main/java/org/keycloak/testsuite/updaters/Creator.java:[134,20] unchecked conversion
Base IT (2)	Run base tests	2025-02-04T11:17:47.8640722Z --   required: org.keycloak.testsuite.updaters.Creator<org.keycloak.admin.client.resource.IdentityProviderResource>
Base IT (2)	Run base tests	2025-02-04T11:17:47.8641741Z --   found:    org.keycloak.testsuite.updaters.Creator
Base IT (2)	Run base tests	2025-02-04T11:17:47.8644073Z -- [WARNING] /home/runner/work/keycloak/keycloak/testsuite/integration-arquillian/tests/base/src/main/java/org/keycloak/testsuite/arquillian/containers/SecurityActions.java:[54,16] java.security.AccessController in java.security has been deprecated and marked for removal
Base IT (2)	Run base tests	2025-02-04T11:17:47.8647636Z -- [WARNING] /home/runner/work/keycloak/keycloak/testsuite/integration-arquillian/tests/base/src/main/java/org/keycloak/testsuite/arquillian/containers/SecurityActions.java:[148,20] java.security.AccessController in java.security has been deprecated and marked for removal
Base IT (2)	Run base tests	2025-02-04T11:17:47.8651139Z -- [WARNING] /home/runner/work/keycloak/keycloak/testsuite/integration-arquillian/tests/base/src/main/java/org/keycloak/testsuite/arquillian/containers/SecurityActions.java:[182,13] java.security.AccessController in java.security has been deprecated and marked for removal
Base IT (2)	Run base tests	2025-02-04T11:17:47.8664765Z -- [WARNING] /home/runner/work/keycloak/keycloak/testsuite/integration-arquillian/tests/base/src/main/java/org/keycloak/testsuite/arquillian/containers/SecurityActions.java:[221,39] isAccessible() in java.lang.reflect.AccessibleObject has been deprecated
Base IT (2)	Run base tests	2025-02-04T11:17:47.8668399Z -- [WARNING] /home/runner/work/keycloak/keycloak/testsuite/integration-arquillian/tests/base/src/main/java/org/keycloak/testsuite/arquillian/containers/SecurityActions.java:[213,48] java.security.AccessController in java.security has been deprecated and marked for removal
Base IT (2)	Run base tests	2025-02-04T11:17:47.8672011Z -- [WARNING] /home/runner/work/keycloak/keycloak/testsuite/integration-arquillian/tests/base/src/main/java/org/keycloak/testsuite/arquillian/containers/SecurityActions.java:[245,40] isAccessible() in java.lang.reflect.AccessibleObject has been deprecated
Base IT (2)	Run base tests	2025-02-04T11:17:47.8675331Z -- [WARNING] /home/runner/work/keycloak/keycloak/testsuite/integration-arquillian/tests/base/src/main/java/org/keycloak/testsuite/arquillian/containers/SecurityActions.java:[237,50] java.security.AccessController in java.security has been deprecated and marked for removal
Base IT (2)	Run base tests	2025-02-04T11:17:47.8678612Z -- [WARNING] /home/runner/work/keycloak/keycloak/testsuite/integration-arquillian/tests/base/src/main/java/org/keycloak/testsuite/arquillian/containers/SecurityActions.java:[261,28] java.security.AccessController in java.security has been deprecated and marked for removal
Base IT (2)	Run base tests	2025-02-04T11:17:47.8681976Z -- [WARNING] /home/runner/work/keycloak/keycloak/testsuite/integration-arquillian/tests/base/src/main/java/org/keycloak/testsuite/drone/KeycloakDronePostSetup.java:[89,35] implicitlyWait(long,java.util.concurrent.TimeUnit) in org.openqa.selenium.WebDriver.Timeouts has been deprecated
Base IT (2)	Run base tests	2025-02-04T11:17:47.8686166Z -- [WARNING] /home/runner/work/keycloak/keycloak/testsuite/integration-arquillian/tests/base/src/main/java/org/keycloak/testsuite/drone/KeycloakDronePostSetup.java:[90,35] pageLoadTimeout(long,java.util.concurrent.TimeUnit) in org.openqa.selenium.WebDriver.Timeouts has been deprecated
Base IT (2)	Run base tests	2025-02-04T11:17:47.8690264Z -- [WARNING] /home/runner/work/keycloak/keycloak/testsuite/integration-arquillian/tests/base/src/main/java/org/keycloak/testsuite/drone/KeycloakWebDriverConfigurator.java:[56,89] getBrowser() in org.jboss.arquillian.drone.webdriver.configuration.WebDriverConfiguration has been deprecated
Base IT (2)	Run base tests	2025-02-04T11:17:47.8694689Z -- [WARNING] /home/runner/work/keycloak/keycloak/testsuite/integration-arquillian/tests/base/src/main/java/org/keycloak/testsuite/drone/KeycloakWebDriverConfigurator.java:[67,26] getBrowser() in org.jboss.arquillian.drone.webdriver.configuration.WebDriverConfiguration has been deprecated
Base IT (2)	Run base tests	2025-02-04T11:17:47.8698803Z -- [WARNING] /home/runner/work/keycloak/keycloak/testsuite/integration-arquillian/tests/base/src/main/java/org/keycloak/testsuite/util/AdminClientUtil.java:[239,66] org.jboss.resteasy.client.jaxrs.engines.ClientHttpEngineBuilder43 in org.jboss.resteasy.client.jaxrs.engines has been deprecated and marked for removal
Base IT (2)	Run base tests	2025-02-04T11:17:47.8702921Z -- [WARNING] /home/runner/work/keycloak/keycloak/testsuite/integration-arquillian/tests/base/src/main/java/org/keycloak/testsuite/util/AdminClientUtil.java:[239,66] org.jboss.resteasy.client.jaxrs.engines.ClientHttpEngineBuilder43 in org.jboss.resteasy.client.jaxrs.engines has been deprecated and marked for removal
Base IT (2)	Run base tests	2025-02-04T11:17:47.8707051Z -- [WARNING] /home/runner/work/keycloak/keycloak/testsuite/integration-arquillian/tests/base/src/main/java/org/keycloak/testsuite/util/AdminClientUtil.java:[239,66] org.jboss.resteasy.client.jaxrs.engines.ClientHttpEngineBuilder43 in org.jboss.resteasy.client.jaxrs.engines has been deprecated and marked for removal
Base IT (2)	Run base tests	2025-02-04T11:17:47.8710954Z -- [WARNING] /home/runner/work/keycloak/keycloak/testsuite/integration-arquillian/tests/base/src/main/java/org/keycloak/testsuite/arquillian/CrossDCTestEnricher.java:[430,46] unchecked method invocation: method isAnnotationPresent in class java.lang.Class is applied to given types
Base IT (2)	Run base tests	2025-02-04T11:17:47.8713213Z --   required: java.lang.Class<? extends java.lang.annotation.Annotation>
Base IT (2)	Run base tests	2025-02-04T11:17:47.8714036Z --   found:    java.lang.Class
Base IT (2)	Run base tests	2025-02-04T11:17:47.8715559Z -- [WARNING] /home/runner/work/keycloak/keycloak/testsuite/integration-arquillian/tests/base/src/main/java/org/keycloak/testsuite/arquillian/CrossDCTestEnricher.java:[430,47] unchecked conversion
Base IT (2)	Run base tests	2025-02-04T11:17:47.8717302Z --   required: java.lang.Class<? extends java.lang.annotation.Annotation>
Base IT (2)	Run base tests	2025-02-04T11:17:47.8717933Z --   found:    java.lang.Class
Base IT (2)	Run base tests	2025-02-04T11:17:47.8720054Z -- [WARNING] /home/runner/work/keycloak/keycloak/testsuite/integration-arquillian/tests/base/src/main/java/org/keycloak/testsuite/arquillian/AuthServerTestEnricher.java:[323,33] WildcardFileFilter(java.lang.String) in org.apache.commons.io.filefilter.WildcardFileFilter has been deprecated
Base IT (2)	Run base tests	2025-02-04T11:17:47.8723416Z -- [WARNING] /home/runner/work/keycloak/keycloak/testsuite/integration-arquillian/tests/base/src/main/java/org/keycloak/testsuite/util/matchers/SamlStatusResponseTypeMatcher.java:[26,31] unchecked conversion
Base IT (2)	Run base tests	2025-02-04T11:17:47.8725396Z --   required: java.util.List<org.hamcrest.Matcher<java.net.URI>>
Base IT (2)	Run base tests	2025-02-04T11:17:47.8725994Z --   found:    java.util.ArrayList
Base IT (2)	Run base tests	2025-02-04T11:17:47.8728245Z -- [WARNING] /home/runner/work/keycloak/keycloak/testsuite/integration-arquillian/tests/base/src/main/java/org/keycloak/testsuite/arquillian/KeycloakArquillianExtension.java:[63,61] org.keycloak.testsuite.arquillian.DeploymentArchiveProcessor in org.keycloak.testsuite.arquillian has been deprecated
Base IT (2)	Run base tests	2025-02-04T11:17:47.8730521Z -- [INFO] 
Base IT (2)	Run base tests	2025-02-04T11:17:47.8731152Z -- [INFO] --- resources:3.0.1:copy-resources (example-realms) @ integration-arquillian-tests-base ---
Base IT (2)	Run base tests	2025-02-04T11:17:47.8732171Z -- [INFO] Skipping the execution.
Base IT (2)	Run base tests	2025-02-04T11:17:47.8732574Z -- [INFO] 
Base IT (2)	Run base tests	2025-02-04T11:17:47.8733391Z -- [INFO] --- dependency:3.1.2:unpack (unpack-undertow-server) @ integration-arquillian-tests-base ---
Base IT (2)	Run base tests	2025-02-04T11:17:48.1556912Z -- [INFO] Skipping plugin execution
Base IT (2)	Run base tests	2025-02-04T11:17:48.1591815Z -- [INFO] 
Base IT (2)	Run base tests	2025-02-04T11:17:48.1593170Z -- [INFO] --- dependency:3.1.2:unpack (unpack-quarkus-server) @ integration-arquillian-tests-base ---
Base IT (2)	Run base tests	2025-02-04T11:17:48.1599533Z -- [INFO] Configured Artifact: org.keycloak.testsuite:integration-arquillian-servers-auth-server-quarkus:999.0.0-SNAPSHOT:zip
Base IT (2)	Run base tests	2025-02-04T11:17:48.1849947Z -- [INFO] Unpacking /home/runner/.m2/repository/org/keycloak/testsuite/integration-arquillian-servers-auth-server-quarkus/999.0.0-SNAPSHOT/integration-arquillian-servers-auth-server-quarkus-999.0.0-SNAPSHOT.zip to /home/runner/work/keycloak/keycloak/testsuite/integration-arquillian/tests/base/target/containers with includes "" and excludes ""
Base IT (2)	Run base tests	2025-02-04T11:17:49.6437183Z -- [INFO] 
Base IT (2)	Run base tests	2025-02-04T11:17:49.6438280Z -- [INFO] --- dependency:3.1.2:unpack (unpack-app-server) @ integration-arquillian-tests-base ---
Base IT (2)	Run base tests	2025-02-04T11:17:49.6463124Z -- [INFO] Skipping plugin execution
Base IT (2)	Run base tests	2025-02-04T11:17:49.6464216Z -- [INFO] 
Base IT (2)	Run base tests	2025-02-04T11:17:49.6466375Z -- [INFO] --- dependency:3.1.2:unpack (unpack-client-cli-dist) @ integration-arquillian-tests-base ---
Base IT (2)	Run base tests	2025-02-04T11:17:49.6478103Z -- [INFO] Configured Artifact: org.keycloak:keycloak-client-cli-dist:999.0.0-SNAPSHOT:zip
Base IT (2)	Run base tests	2025-02-04T11:17:49.6552644Z -- [INFO] Unpacking /home/runner/.m2/repository/org/keycloak/keycloak-client-cli-dist/999.0.0-SNAPSHOT/keycloak-client-cli-dist-999.0.0-SNAPSHOT.zip to /home/runner/work/keycloak/keycloak/testsuite/integration-arquillian/tests/base/target/containers with includes "" and excludes ""
Base IT (2)	Run base tests	2025-02-04T11:17:49.7419403Z -- [INFO] 
Base IT (2)	Run base tests	2025-02-04T11:17:49.7421131Z -- [INFO] --- dependency:3.1.2:copy-dependencies (copy-testsuite-providers-to-base-testsuite) @ integration-arquillian-tests-base ---
Base IT (2)	Run base tests	2025-02-04T11:17:49.7531305Z -- [INFO] Copying integration-arquillian-testsuite-providers-999.0.0-SNAPSHOT.jar to /home/runner/work/keycloak/keycloak/testsuite/integration-arquillian/tests/base/target/lib/integration-arquillian-testsuite-providers-999.0.0-SNAPSHOT.jar
Base IT (2)	Run base tests	2025-02-04T11:17:49.7947007Z -- [INFO] 
Base IT (2)	Run base tests	2025-02-04T11:17:49.7948153Z -- [INFO] --- resources:3.0.1:testResources (default-testResources) @ integration-arquillian-tests-base ---
Base IT (2)	Run base tests	2025-02-04T11:17:49.7978481Z -- [INFO] Using 'UTF-8' encoding to copy filtered resources.
Base IT (2)	Run base tests	2025-02-04T11:17:49.8051699Z -- [INFO] Copying 24 resources
Base IT (2)	Run base tests	2025-02-04T11:17:50.1052535Z -- [INFO] Copying 224 resources
Base IT (2)	Run base tests	2025-02-04T11:17:50.1454753Z -- [INFO] 
Base IT (2)	Run base tests	2025-02-04T11:17:50.1455943Z -- [INFO] --- antrun:1.8:run (clean-second-cache-server-arquillian-bug-workaround) @ integration-arquillian-tests-base ---
Base IT (2)	Run base tests	2025-02-04T11:17:50.1665258Z -- [INFO] Skipping Antrun execution
Base IT (2)	Run base tests	2025-02-04T11:17:50.1667599Z -- [INFO] 
Base IT (2)	Run base tests	2025-02-04T11:17:50.1688105Z -- [INFO] --- compiler:3.8.1:testCompile (default-testCompile) @ integration-arquillian-tests-base ---
Base IT (2)	Run base tests	2025-02-04T11:17:50.2130264Z -- [INFO] Changes detected - recompiling the module!
Base IT (2)	Run base tests	2025-02-04T11:17:50.2172643Z -- [INFO] Compiling 809 source files to /home/runner/work/keycloak/keycloak/testsuite/integration-arquillian/tests/base/target/test-classes
Base IT (2)	Run base tests	2025-02-04T11:18:02.3633931Z -- [INFO] Annotation processing is enabled because one or more processors were found
Base IT (2)	Run base tests	2025-02-04T11:18:02.3634960Z --   on the class path. A future release of javac may disable annotation processing
Base IT (2)	Run base tests	2025-02-04T11:18:02.3637420Z --   unless at least one processor is specified by name (-processor), or a search
Base IT (2)	Run base tests	2025-02-04T11:18:02.3640420Z --   path is specified (--processor-path, --processor-module-path), or annotation
Base IT (2)	Run base tests	2025-02-04T11:18:02.3694474Z --   processing is enabled explicitly (-proc:only, -proc:full).
Base IT (2)	Run base tests	2025-02-04T11:18:02.3704634Z --   Use -Xlint:-options to suppress this message.
Base IT (2)	Run base tests	2025-02-04T11:18:02.3705565Z --   Use -proc:none to disable annotation processing.
Base IT (2)	Run base tests	2025-02-04T11:18:02.3708734Z -- [WARNING] /home/runner/work/keycloak/keycloak/testsuite/integration-arquillian/tests/base/src/test/java/org/keycloak/testsuite/broker/BrokerRunOnServerUtil.java:[187,45] removeExpired(org.keycloak.models.RealmModel) in org.keycloak.sessions.AuthenticationSessionProvider has been deprecated
Base IT (2)	Run base tests	2025-02-04T11:18:02.3712756Z -- [WARNING] /home/runner/work/keycloak/keycloak/testsuite/integration-arquillian/tests/base/src/test/java/org/keycloak/testsuite/util/AssertAdminEvents.java:[223,97] unchecked cast
Base IT (2)	Run base tests	2025-02-04T11:18:02.3714614Z --   required: java.util.List<org.keycloak.representations.idm.RoleRepresentation>
Base IT (2)	Run base tests	2025-02-04T11:18:02.3715340Z --   found:    java.lang.Object
Base IT (2)	Run base tests	2025-02-04T11:18:02.3717459Z -- [WARNING] /home/runner/work/keycloak/keycloak/testsuite/integration-arquillian/tests/base/src/test/java/org/keycloak/testsuite/broker/AbstractAdvancedBrokerTest.java:[300,35] pageLoadTimeout(long,java.util.concurrent.TimeUnit) in org.openqa.selenium.WebDriver.Timeouts has been deprecated
Base IT (2)	Run base tests	2025-02-04T11:18:02.3720725Z -- [WARNING] /home/runner/work/keycloak/keycloak/testsuite/integration-arquillian/tests/base/src/test/java/org/keycloak/testsuite/client/ClientSecretRotationTest.java:[760,59] unchecked conversion
Base IT (2)	Run base tests	2025-02-04T11:18:02.3722428Z --   required: java.util.Map<java.lang.String,java.lang.String>
Base IT (2)	Run base tests	2025-02-04T11:18:02.3723013Z --   found:    java.util.Map
Base IT (2)	Run base tests	2025-02-04T11:18:02.3725131Z -- [WARNING] /home/runner/work/keycloak/keycloak/testsuite/integration-arquillian/tests/base/src/test/java/org/keycloak/testsuite/oidc/flows/AbstractOIDCResponseTypeTest.java:[92,73] getSessionState() in org.keycloak.representations.IDToken has been deprecated
Base IT (2)	Run base tests	2025-02-04T11:18:02.3728608Z -- [WARNING] /home/runner/work/keycloak/keycloak/testsuite/integration-arquillian/tests/base/src/test/java/org/keycloak/testsuite/oidc/flows/AbstractOIDCResponseTypeTest.java:[107,73] getSessionState() in org.keycloak.representations.IDToken has been deprecated
Base IT (2)	Run base tests	2025-02-04T11:18:02.3732145Z -- [WARNING] /home/runner/work/keycloak/keycloak/testsuite/integration-arquillian/tests/base/src/test/java/org/keycloak/testsuite/oidc/flows/AbstractOIDCResponseTypeTest.java:[251,69] getSessionState() in org.keycloak.representations.IDToken has been deprecated
Base IT (2)	Run base tests	2025-02-04T11:18:02.3735919Z -- [WARNING] /home/runner/work/keycloak/keycloak/testsuite/integration-arquillian/tests/base/src/test/java/org/keycloak/testsuite/client/policies/AbstractClientPoliciesTest.java:[574,42] org.apache.http.impl.client.DefaultHttpClient in org.apache.http.impl.client has been deprecated
Base IT (2)	Run base tests	2025-02-04T11:18:02.3739195Z -- [WARNING] /home/runner/work/keycloak/keycloak/testsuite/integration-arquillian/tests/base/src/test/java/org/keycloak/testsuite/client/policies/AbstractClientPoliciesTest.java:[700,59] unchecked conversion
Base IT (2)	Run base tests	2025-02-04T11:18:02.3740976Z --   required: java.util.Map<java.lang.String,java.lang.String>
Base IT (2)	Run base tests	2025-02-04T11:18:02.3741552Z --   found:    java.util.Map
Base IT (2)	Run base tests	2025-02-04T11:18:02.3743163Z -- [WARNING] /home/runner/work/keycloak/keycloak/testsuite/integration-arquillian/tests/base/src/test/java/org/keycloak/testsuite/client/policies/AbstractClientPoliciesTest.java:[758,55] unchecked conversion
Base IT (2)	Run base tests	2025-02-04T11:18:02.3745232Z --   required: java.util.Map<java.lang.String,java.lang.String>
Base IT (2)	Run base tests	2025-02-04T11:18:02.3745854Z --   found:    java.util.Map
Base IT (2)	Run base tests	2025-02-04T11:18:02.3747433Z -- [WARNING] /home/runner/work/keycloak/keycloak/testsuite/integration-arquillian/tests/base/src/test/java/org/keycloak/testsuite/client/policies/AbstractClientPoliciesTest.java:[1093,104] unchecked cast
Base IT (2)	Run base tests	2025-02-04T11:18:02.3749121Z --   required: java.util.Collection<java.lang.String>
Base IT (2)	Run base tests	2025-02-04T11:18:02.3749628Z --   found:    java.util.List
Base IT (2)	Run base tests	2025-02-04T11:18:02.3751585Z -- [WARNING] /home/runner/work/keycloak/keycloak/testsuite/integration-arquillian/tests/base/src/test/java/org/keycloak/testsuite/client/policies/AbstractClientPoliciesTest.java:[1519,38] getSessionState() in org.keycloak.representations.IDToken has been deprecated
Base IT (2)	Run base tests	2025-02-04T11:18:02.3755346Z -- [WARNING] /home/runner/work/keycloak/keycloak/testsuite/integration-arquillian/tests/base/src/test/java/org/keycloak/testsuite/client/policies/AbstractClientPoliciesTest.java:[1524,45] getSessionState() in org.keycloak.representations.IDToken has been deprecated
Base IT (2)	Run base tests	2025-02-04T11:18:02.3759363Z -- [WARNING] /home/runner/work/keycloak/keycloak/testsuite/integration-arquillian/tests/base/src/test/java/org/keycloak/testsuite/client/policies/AbstractClientPoliciesTest.java:[1533,47] getSessionState() in org.keycloak.representations.IDToken has been deprecated
Base IT (2)	Run base tests	2025-02-04T11:18:02.3762885Z -- [WARNING] /home/runner/work/keycloak/keycloak/testsuite/integration-arquillian/tests/base/src/test/java/org/keycloak/testsuite/client/policies/AbstractClientPoliciesTest.java:[1534,54] getSessionState() in org.keycloak.representations.IDToken has been deprecated
Base IT (2)	Run base tests	2025-02-04T11:18:02.3765976Z -- [WARNING] /home/runner/work/keycloak/keycloak/testsuite/integration-arquillian/tests/base/src/test/java/org/keycloak/testsuite/saml/BrokerTest.java:[340,63] unchecked conversion
Base IT (2)	Run base tests	2025-02-04T11:18:02.3767722Z --   required: org.keycloak.saml.BaseSAML2BindingBuilder<org.keycloak.saml.BaseSAML2BindingBuilder>
Base IT (2)	Run base tests	2025-02-04T11:18:02.3768624Z --   found:    org.keycloak.saml.BaseSAML2BindingBuilder
Base IT (2)	Run base tests	2025-02-04T11:18:02.3770749Z -- [WARNING] /home/runner/work/keycloak/keycloak/testsuite/integration-arquillian/tests/base/src/test/java/org/keycloak/testsuite/authz/admin/AbstractAuthorizationTest.java:[134,25] defaultRoles(java.lang.String...) in org.keycloak.testsuite.util.ClientBuilder has been deprecated
Base IT (2)	Run base tests	2025-02-04T11:18:02.3774423Z -- [WARNING] /home/runner/work/keycloak/keycloak/testsuite/integration-arquillian/tests/base/src/test/java/org/keycloak/testsuite/util/UserBuilder.java:[159,12] setTotp(java.lang.Boolean) in org.keycloak.representations.idm.UserRepresentation has been deprecated
Base IT (2)	Run base tests	2025-02-04T11:18:02.3777793Z -- [WARNING] /home/runner/work/keycloak/keycloak/testsuite/integration-arquillian/tests/base/src/test/java/org/keycloak/testsuite/util/UserBuilder.java:[176,12] setTotp(java.lang.Boolean) in org.keycloak.representations.idm.UserRepresentation has been deprecated
Base IT (2)	Run base tests	2025-02-04T11:18:02.3781105Z -- [WARNING] /home/runner/work/keycloak/keycloak/testsuite/integration-arquillian/tests/base/src/test/java/org/keycloak/testsuite/oauth/OfflineTokenTest.java:[278,67] getSessionState() in org.keycloak.representations.IDToken has been deprecated
Base IT (2)	Run base tests	2025-02-04T11:18:02.3784554Z -- [WARNING] /home/runner/work/keycloak/keycloak/testsuite/integration-arquillian/tests/base/src/test/java/org/keycloak/testsuite/oauth/OfflineTokenTest.java:[461,31] getSessionState() in org.keycloak.representations.IDToken has been deprecated
Base IT (2)	Run base tests	2025-02-04T11:18:02.3787806Z -- [WARNING] /home/runner/work/keycloak/keycloak/testsuite/integration-arquillian/tests/base/src/test/java/org/keycloak/testsuite/oauth/OfflineTokenTest.java:[475,112] getSessionState() in org.keycloak.representations.IDToken has been deprecated
Base IT (2)	Run base tests	2025-02-04T11:18:02.3791048Z -- [WARNING] /home/runner/work/keycloak/keycloak/testsuite/integration-arquillian/tests/base/src/test/java/org/keycloak/testsuite/oauth/OfflineTokenTest.java:[481,57] getSessionState() in org.keycloak.representations.IDToken has been deprecated
Base IT (2)	Run base tests	2025-02-04T11:18:02.3794423Z -- [WARNING] /home/runner/work/keycloak/keycloak/testsuite/integration-arquillian/tests/base/src/test/java/org/keycloak/testsuite/oauth/OfflineTokenTest.java:[491,66] getSessionState() in org.keycloak.representations.IDToken has been deprecated
Base IT (2)	Run base tests	2025-02-04T11:18:02.3797587Z -- [WARNING] /home/runner/work/keycloak/keycloak/testsuite/integration-arquillian/tests/base/src/test/java/org/keycloak/testsuite/oauth/OfflineTokenTest.java:[646,31] getSessionState() in org.keycloak.representations.IDToken has been deprecated
Base IT (2)	Run base tests	2025-02-04T11:18:02.3800831Z -- [WARNING] /home/runner/work/keycloak/keycloak/testsuite/integration-arquillian/tests/base/src/test/java/org/keycloak/testsuite/oauth/OfflineTokenTest.java:[768,111] getSessionState() in org.keycloak.representations.IDToken has been deprecated
Base IT (2)	Run base tests	2025-02-04T11:18:02.3804171Z -- [WARNING] /home/runner/work/keycloak/keycloak/testsuite/integration-arquillian/tests/base/src/test/java/org/keycloak/testsuite/oauth/OfflineTokenTest.java:[796,55] getSessionState() in org.keycloak.representations.IDToken has been deprecated
Base IT (2)	Run base tests	2025-02-04T11:18:02.3807783Z -- [WARNING] /home/runner/work/keycloak/keycloak/testsuite/integration-arquillian/tests/base/src/test/java/org/keycloak/testsuite/oauth/OfflineTokenTest.java:[805,37] getSessionState() in org.keycloak.representations.IDToken has been deprecated
Base IT (2)	Run base tests	2025-02-04T11:18:02.3810889Z -- [WARNING] /home/runner/work/keycloak/keycloak/testsuite/integration-arquillian/tests/base/src/test/java/org/keycloak/testsuite/oauth/OfflineTokenTest.java:[805,70] getSessionState() in org.keycloak.representations.IDToken has been deprecated
Base IT (2)	Run base tests	2025-02-04T11:18:02.3814021Z -- [WARNING] /home/runner/work/keycloak/keycloak/testsuite/integration-arquillian/tests/base/src/test/java/org/keycloak/testsuite/oauth/OfflineTokenTest.java:[1070,31] getSessionState() in org.keycloak.representations.IDToken has been deprecated
Base IT (2)	Run base tests	2025-02-04T11:18:02.3816857Z -- [WARNING] /home/runner/work/keycloak/keycloak/testsuite/integration-arquillian/tests/base/src/test/java/org/keycloak/testsuite/oauth/OfflineTokenTest.java:[1080,83] getSessionState() in org.keycloak.representations.IDToken has been deprecated
Base IT (2)	Run base tests	2025-02-04T11:18:02.3819765Z -- [WARNING] /home/runner/work/keycloak/keycloak/testsuite/integration-arquillian/tests/base/src/test/java/org/keycloak/testsuite/oauth/OfflineTokenTest.java:[1092,32] getSessionState() in org.keycloak.representations.IDToken has been deprecated
Base IT (2)	Run base tests	2025-02-04T11:18:02.3822713Z -- [WARNING] /home/runner/work/keycloak/keycloak/testsuite/integration-arquillian/tests/base/src/test/java/org/keycloak/testsuite/oauth/OfflineTokenTest.java:[1100,83] getSessionState() in org.keycloak.representations.IDToken has been deprecated
Base IT (2)	Run base tests	2025-02-04T11:18:02.3826137Z -- [WARNING] /home/runner/work/keycloak/keycloak/testsuite/integration-arquillian/tests/base/src/test/java/org/keycloak/testsuite/oauth/OfflineTokenTest.java:[1101,87] getSessionState() in org.keycloak.representations.IDToken has been deprecated
Base IT (2)	Run base tests	2025-02-04T11:18:02.3829418Z -- [WARNING] /home/runner/work/keycloak/keycloak/testsuite/integration-arquillian/tests/base/src/test/java/org/keycloak/testsuite/oauth/OfflineTokenTest.java:[1142,31] getSessionState() in org.keycloak.representations.IDToken has been deprecated
Base IT (2)	Run base tests	2025-02-04T11:18:02.3832937Z -- [WARNING] /home/runner/work/keycloak/keycloak/testsuite/integration-arquillian/tests/base/src/test/java/org/keycloak/testsuite/cluster/AbstractInvalidationClusterTest.java:[179,41] unchecked method invocation: method sort in class java.util.Collections is applied to given types
Base IT (2)	Run base tests	2025-02-04T11:18:02.3835130Z --   required: java.util.List<T>
Base IT (2)	Run base tests	2025-02-04T11:18:02.3835529Z --   found:    java.util.List
Base IT (2)	Run base tests	2025-02-04T11:18:02.3836982Z -- [WARNING] /home/runner/work/keycloak/keycloak/testsuite/integration-arquillian/tests/base/src/test/java/org/keycloak/testsuite/cluster/AbstractInvalidationClusterTest.java:[179,42] unchecked conversion
Base IT (2)	Run base tests	2025-02-04T11:18:02.3838468Z --   required: java.util.List<T>
Base IT (2)	Run base tests	2025-02-04T11:18:02.3838840Z --   found:    java.util.List
Base IT (2)	Run base tests	2025-02-04T11:18:02.3840558Z -- [WARNING] /home/runner/work/keycloak/keycloak/testsuite/integration-arquillian/tests/base/src/test/java/org/keycloak/testsuite/oidc/OIDCAdvancedRequestParamsTest.java:[411,39] getSessionState() in org.keycloak.representations.IDToken has been deprecated
Base IT (2)	Run base tests	2025-02-04T11:18:02.3843906Z -- [WARNING] /home/runner/work/keycloak/keycloak/testsuite/integration-arquillian/tests/base/src/test/java/org/keycloak/testsuite/oidc/OIDCAdvancedRequestParamsTest.java:[411,69] getSessionState() in org.keycloak.representations.IDToken has been deprecated
Base IT (2)	Run base tests	2025-02-04T11:18:02.3847485Z -- [WARNING] /home/runner/work/keycloak/keycloak/testsuite/integration-arquillian/tests/base/src/test/java/org/keycloak/testsuite/oidc/OIDCAdvancedRequestParamsTest.java:[1479,58] getKeysForUse(org.keycloak.jose.jwk.JSONWebKeySet,org.keycloak.jose.jwk.JWK.Use) in org.keycloak.util.JWKSUtils has been deprecated
Base IT (2)	Run base tests	2025-02-04T11:18:02.3851587Z -- [WARNING] /home/runner/work/keycloak/keycloak/testsuite/integration-arquillian/tests/base/src/test/java/org/keycloak/testsuite/oidc/OIDCAdvancedRequestParamsTest.java:[1566,58] getKeysForUse(org.keycloak.jose.jwk.JSONWebKeySet,org.keycloak.jose.jwk.JWK.Use) in org.keycloak.util.JWKSUtils has been deprecated
Base IT (2)	Run base tests	2025-02-04T11:18:02.3855458Z -- [WARNING] /home/runner/work/keycloak/keycloak/testsuite/integration-arquillian/tests/base/src/test/java/org/keycloak/testsuite/actions/RequiredActionMultipleActionsTest.java:[91,90] UPDATE_PASSWORD in org.keycloak.events.EventType has been deprecated
Base IT (2)	Run base tests	2025-02-04T11:18:02.3859068Z -- [WARNING] /home/runner/work/keycloak/keycloak/testsuite/integration-arquillian/tests/base/src/test/java/org/keycloak/testsuite/authz/admin/GenericPolicyManagementTest.java:[147,25] unchecked call to ArrayList(java.util.Collection<? extends E>) as a member of the raw type java.util.ArrayList
Base IT (2)	Run base tests	2025-02-04T11:18:02.3862753Z -- [WARNING] /home/runner/work/keycloak/keycloak/testsuite/integration-arquillian/tests/base/src/test/java/org/keycloak/testsuite/migration/AbstractMigrationTest.java:[1359,69] LEGACY_HIDE_ON_LOGIN_ATTR in org.keycloak.models.IdentityProviderModel has been deprecated
Base IT (2)	Run base tests	2025-02-04T11:18:02.3866196Z -- [WARNING] /home/runner/work/keycloak/keycloak/testsuite/integration-arquillian/tests/base/src/test/java/org/keycloak/testsuite/account/AccountRestServiceTest.java:[886,32] REMOVE_TOTP in org.keycloak.events.EventType has been deprecated
Base IT (2)	Run base tests	2025-02-04T11:18:02.3869987Z -- [WARNING] /home/runner/work/keycloak/keycloak/testsuite/integration-arquillian/tests/base/src/test/java/org/keycloak/testsuite/adapter/AbstractAdapterClusteredTest.java:[102,23] ProxyHandler(io.undertow.server.handlers.proxy.ProxyClient,int,io.undertow.server.HttpHandler) in io.undertow.server.handlers.proxy.ProxyHandler has been deprecated
Base IT (2)	Run base tests	2025-02-04T11:18:02.3874246Z -- [WARNING] /home/runner/work/keycloak/keycloak/testsuite/integration-arquillian/tests/base/src/test/java/org/keycloak/testsuite/federation/storage/ClientStorageTest.java:[469,31] getSessionState() in org.keycloak.representations.IDToken has been deprecated
Base IT (2)	Run base tests	2025-02-04T11:18:02.3877731Z -- [WARNING] /home/runner/work/keycloak/keycloak/testsuite/integration-arquillian/tests/base/src/test/java/org/keycloak/testsuite/federation/storage/ClientStorageTest.java:[483,83] getSessionState() in org.keycloak.representations.IDToken has been deprecated
Base IT (2)	Run base tests	2025-02-04T11:18:02.3881182Z -- [WARNING] /home/runner/work/keycloak/keycloak/testsuite/integration-arquillian/tests/base/src/test/java/org/keycloak/testsuite/federation/storage/ClientStorageTest.java:[486,83] getSessionState() in org.keycloak.representations.IDToken has been deprecated
Base IT (2)	Run base tests	2025-02-04T11:18:02.3884853Z -- [WARNING] /home/runner/work/keycloak/keycloak/testsuite/integration-arquillian/tests/base/src/test/java/org/keycloak/testsuite/federation/storage/ClientStorageTest.java:[516,111] getSessionState() in org.keycloak.representations.IDToken has been deprecated
Base IT (2)	Run base tests	2025-02-04T11:18:02.3888325Z -- [WARNING] /home/runner/work/keycloak/keycloak/testsuite/integration-arquillian/tests/base/src/test/java/org/keycloak/testsuite/federation/storage/ClientStorageTest.java:[519,65] getSessionState() in org.keycloak.representations.IDToken has been deprecated
Base IT (2)	Run base tests	2025-02-04T11:18:02.3891845Z -- [WARNING] /home/runner/work/keycloak/keycloak/testsuite/integration-arquillian/tests/base/src/test/java/org/keycloak/testsuite/composites/CompositeRoleTest.java:[119,17] defaultRoles(java.lang.String...) in org.keycloak.testsuite.util.ClientBuilder has been deprecated
Base IT (2)	Run base tests	2025-02-04T11:18:02.3907892Z -- [WARNING] /home/runner/work/keycloak/keycloak/testsuite/integration-arquillian/tests/base/src/test/java/org/keycloak/testsuite/composites/CompositeRoleTest.java:[139,17] defaultRoles(java.lang.String...) in org.keycloak.testsuite.util.ClientBuilder has been deprecated
Base IT (2)	Run base tests	2025-02-04T11:18:02.3911400Z -- [WARNING] /home/runner/work/keycloak/keycloak/testsuite/integration-arquillian/tests/base/src/test/java/org/keycloak/testsuite/actions/AppInitiatedActionDeleteCredentialTest.java:[126,36] REMOVE_TOTP in org.keycloak.events.EventType has been deprecated
Base IT (2)	Run base tests	2025-02-04T11:18:02.3915581Z -- [WARNING] /home/runner/work/keycloak/keycloak/testsuite/integration-arquillian/tests/base/src/test/java/org/keycloak/testsuite/actions/AppInitiatedActionDeleteCredentialTest.java:[271,32] REMOVE_TOTP in org.keycloak.events.EventType has been deprecated
Base IT (2)	Run base tests	2025-02-04T11:18:02.3919386Z -- [WARNING] /home/runner/work/keycloak/keycloak/testsuite/integration-arquillian/tests/base/src/test/java/org/keycloak/testsuite/forms/LevelOfAssuranceFlowTest.java:[706,91] STORE_IN_USER_SESSION in org.keycloak.authentication.authenticators.conditional.ConditionalLoaAuthenticator has been deprecated
Base IT (2)	Run base tests	2025-02-04T11:18:02.3923641Z -- [WARNING] /home/runner/work/keycloak/keycloak/testsuite/integration-arquillian/tests/base/src/test/java/org/keycloak/testsuite/forms/LevelOfAssuranceFlowTest.java:[718,91] STORE_IN_USER_SESSION in org.keycloak.authentication.authenticators.conditional.ConditionalLoaAuthenticator has been deprecated
Base IT (2)	Run base tests	2025-02-04T11:18:02.3927515Z -- [WARNING] /home/runner/work/keycloak/keycloak/testsuite/integration-arquillian/tests/base/src/test/java/org/keycloak/testsuite/forms/LevelOfAssuranceFlowTest.java:[730,91] STORE_IN_USER_SESSION in org.keycloak.authentication.authenticators.conditional.ConditionalLoaAuthenticator has been deprecated
Base IT (2)	Run base tests	2025-02-04T11:18:02.3930846Z -- [WARNING] /home/runner/work/keycloak/keycloak/testsuite/integration-arquillian/tests/base/src/test/java/org/keycloak/testsuite/forms/LevelOfAssuranceFlowTest.java:[797,46] UPDATE_TOTP in org.keycloak.events.EventType has been deprecated
Base IT (2)	Run base tests	2025-02-04T11:18:02.3933871Z -- [WARNING] /home/runner/work/keycloak/keycloak/testsuite/integration-arquillian/tests/base/src/test/java/org/keycloak/testsuite/forms/LevelOfAssuranceFlowTest.java:[847,46] UPDATE_TOTP in org.keycloak.events.EventType has been deprecated
Base IT (2)	Run base tests	2025-02-04T11:18:02.3936835Z -- [WARNING] /home/runner/work/keycloak/keycloak/testsuite/integration-arquillian/tests/base/src/test/java/org/keycloak/testsuite/forms/LevelOfAssuranceFlowTest.java:[863,46] REMOVE_TOTP in org.keycloak.events.EventType has been deprecated
Base IT (2)	Run base tests	2025-02-04T11:18:02.3939984Z -- [WARNING] /home/runner/work/keycloak/keycloak/testsuite/integration-arquillian/tests/base/src/test/java/org/keycloak/testsuite/forms/LevelOfAssuranceFlowTest.java:[887,50] REMOVE_TOTP in org.keycloak.events.EventType has been deprecated
Base IT (2)	Run base tests	2025-02-04T11:18:02.3943129Z -- [WARNING] /home/runner/work/keycloak/keycloak/testsuite/integration-arquillian/tests/base/src/test/java/org/keycloak/testsuite/forms/LevelOfAssuranceFlowTest.java:[897,50] UPDATE_TOTP in org.keycloak.events.EventType has been deprecated
Base IT (2)	Run base tests	2025-02-04T11:18:02.3946687Z -- [WARNING] /home/runner/work/keycloak/keycloak/testsuite/integration-arquillian/tests/base/src/test/java/org/keycloak/testsuite/federation/kerberos/AbstractKerberosTest.java:[225,16] unchecked call to put(K,V) as a member of the raw type java.util.Hashtable
Base IT (2)	Run base tests	2025-02-04T11:18:02.3950122Z -- [WARNING] /home/runner/work/keycloak/keycloak/testsuite/integration-arquillian/tests/base/src/test/java/org/keycloak/testsuite/federation/kerberos/AbstractKerberosTest.java:[226,16] unchecked call to put(K,V) as a member of the raw type java.util.Hashtable
Base IT (2)	Run base tests	2025-02-04T11:18:02.3953701Z -- [WARNING] /home/runner/work/keycloak/keycloak/testsuite/integration-arquillian/tests/base/src/test/java/org/keycloak/testsuite/federation/kerberos/AbstractKerberosTest.java:[229,20] unchecked call to put(K,V) as a member of the raw type java.util.Hashtable
Base IT (2)	Run base tests	2025-02-04T11:18:02.3957079Z -- [WARNING] /home/runner/work/keycloak/keycloak/testsuite/integration-arquillian/tests/base/src/test/java/org/keycloak/testsuite/federation/kerberos/AbstractKerberosTest.java:[230,20] unchecked call to put(K,V) as a member of the raw type java.util.Hashtable
Base IT (2)	Run base tests	2025-02-04T11:18:02.3960969Z -- [WARNING] /home/runner/work/keycloak/keycloak/testsuite/integration-arquillian/tests/base/src/test/java/org/keycloak/testsuite/federation/kerberos/AbstractKerberosTest.java:[282,9] org.jboss.resteasy.client.jaxrs.engines.ApacheHttpClient43Engine in org.jboss.resteasy.client.jaxrs.engines has been deprecated and marked for removal
Base IT (2)	Run base tests	2025-02-04T11:18:02.3966186Z -- [WARNING] /home/runner/work/keycloak/keycloak/testsuite/integration-arquillian/tests/base/src/test/java/org/keycloak/testsuite/federation/kerberos/AbstractKerberosTest.java:[282,47] org.jboss.resteasy.client.jaxrs.engines.ApacheHttpClient43Engine in org.jboss.resteasy.client.jaxrs.engines has been deprecated and marked for removal
Base IT (2)	Run base tests	2025-02-04T11:18:02.3970243Z -- [WARNING] /home/runner/work/keycloak/keycloak/testsuite/integration-arquillian/tests/base/src/test/java/org/keycloak/testsuite/oauth/AbstractClientAuthSignedJWTTest.java:[350,41] getSessionState() in org.keycloak.representations.IDToken has been deprecated
Base IT (2)	Run base tests	2025-02-04T11:18:02.3973896Z -- [WARNING] /home/runner/work/keycloak/keycloak/testsuite/integration-arquillian/tests/base/src/test/java/org/keycloak/testsuite/oauth/AbstractClientAuthSignedJWTTest.java:[418,37] getSessionState() in org.keycloak.representations.IDToken has been deprecated
Base IT (2)	Run base tests	2025-02-04T11:18:02.3977434Z -- [WARNING] /home/runner/work/keycloak/keycloak/testsuite/integration-arquillian/tests/base/src/test/java/org/keycloak/testsuite/oauth/AbstractClientAuthSignedJWTTest.java:[583,37] getSessionState() in org.keycloak.representations.IDToken has been deprecated
Base IT (2)	Run base tests	2025-02-04T11:18:02.3981127Z -- [WARNING] /home/runner/work/keycloak/keycloak/testsuite/integration-arquillian/tests/base/src/test/java/org/keycloak/testsuite/oauth/AbstractClientAuthSignedJWTTest.java:[720,42] org.apache.http.impl.client.DefaultHttpClient in org.apache.http.impl.client has been deprecated
Base IT (2)	Run base tests	2025-02-04T11:18:02.3984909Z -- [WARNING] /home/runner/work/keycloak/keycloak/testsuite/integration-arquillian/tests/base/src/test/java/org/keycloak/testsuite/broker/KcOidcBrokerTransientSessionsTest.java:[632,71] getSessionState() in org.keycloak.representations.IDToken has been deprecated
Base IT (2)	Run base tests	2025-02-04T11:18:02.3989087Z -- [WARNING] /home/runner/work/keycloak/keycloak/testsuite/integration-arquillian/tests/base/src/test/java/org/keycloak/testsuite/admin/PermissionsTest.java:[381,35] testLDAPConnection(java.lang.String,java.lang.String,java.lang.String,java.lang.String,java.lang.String,java.lang.String) in org.keycloak.admin.client.resource.RealmResource has been deprecated
Base IT (2)	Run base tests	2025-02-04T11:18:02.3993642Z -- [WARNING] /home/runner/work/keycloak/keycloak/testsuite/integration-arquillian/tests/base/src/test/java/org/keycloak/testsuite/admin/PermissionsTest.java:[668,83] unchecked method invocation: method createMapper in interface org.keycloak.admin.client.resource.ProtocolMappersResource is applied to given types
Base IT (2)	Run base tests	2025-02-04T11:18:02.3996278Z --   required: java.util.List<org.keycloak.representations.idm.ProtocolMapperRepresentation>
Base IT (2)	Run base tests	2025-02-04T11:18:02.3997101Z --   found:    java.util.List
Base IT (2)	Run base tests	2025-02-04T11:18:02.3998568Z -- [WARNING] /home/runner/work/keycloak/keycloak/testsuite/integration-arquillian/tests/base/src/test/java/org/keycloak/testsuite/admin/PermissionsTest.java:[668,95] unchecked conversion
Base IT (2)	Run base tests	2025-02-04T11:18:02.4000459Z --   required: java.util.List<org.keycloak.representations.idm.ProtocolMapperRepresentation>
Base IT (2)	Run base tests	2025-02-04T11:18:02.4001297Z --   found:    java.util.List
Base IT (2)	Run base tests	2025-02-04T11:18:02.4003760Z -- [WARNING] /home/runner/work/keycloak/keycloak/testsuite/integration-arquillian/tests/base/src/test/java/org/keycloak/testsuite/admin/PermissionsTest.java:[1815,64] getRealmLocalizationTexts(java.lang.String,java.lang.Boolean) in org.keycloak.admin.client.resource.RealmLocalizationResource has been deprecated
Base IT (2)	Run base tests	2025-02-04T11:18:02.4007643Z -- [WARNING] /home/runner/work/keycloak/keycloak/testsuite/integration-arquillian/tests/base/src/test/java/org/keycloak/testsuite/oidc/AuthenticationMethodReferenceTest.java:[481,43] getSessionState() in org.keycloak.representations.IDToken has been deprecated
Base IT (2)	Run base tests	2025-02-04T11:18:02.4010778Z -- [WARNING] /home/runner/work/keycloak/keycloak/testsuite/integration-arquillian/tests/base/src/test/java/org/keycloak/testsuite/oidc/AuthenticationMethodReferenceTest.java:[528,69] unchecked cast
Base IT (2)	Run base tests	2025-02-04T11:18:02.4012887Z --   required: java.util.List<java.lang.String>
Base IT (2)	Run base tests	2025-02-04T11:18:02.4013388Z --   found:    java.lang.Object
Base IT (2)	Run base tests	2025-02-04T11:18:02.4015669Z -- [WARNING] /home/runner/work/keycloak/keycloak/testsuite/integration-arquillian/tests/base/src/test/java/org/keycloak/testsuite/authz/admin/AbstractPolicyManagementTest.java:[74,25] defaultRoles(java.lang.String...) in org.keycloak.testsuite.util.ClientBuilder has been deprecated
Base IT (2)	Run base tests	2025-02-04T11:18:02.4018877Z -- [WARNING] /home/runner/work/keycloak/keycloak/testsuite/integration-arquillian/tests/base/src/test/java/org/keycloak/testsuite/crossdc/AbstractAdminCrossDCTest.java:[97,50] unchecked cast
Base IT (2)	Run base tests	2025-02-04T11:18:02.4020410Z --   required: T
Base IT (2)	Run base tests	2025-02-04T11:18:02.4020783Z --   found:    java.lang.Comparable
Base IT (2)	Run base tests	2025-02-04T11:18:02.4022300Z -- [WARNING] /home/runner/work/keycloak/keycloak/testsuite/integration-arquillian/tests/base/src/test/java/org/keycloak/testsuite/crossdc/AbstractAdminCrossDCTest.java:[101,54] unchecked cast
Base IT (2)	Run base tests	2025-02-04T11:18:02.4024014Z --   required: T
Base IT (2)	Run base tests	2025-02-04T11:18:02.4024374Z --   found:    java.lang.Comparable
Base IT (2)	Run base tests	2025-02-04T11:18:02.4026280Z -- [WARNING] /home/runner/work/keycloak/keycloak/testsuite/integration-arquillian/tests/base/src/test/java/org/keycloak/testsuite/admin/concurrency/ConcurrentLoginTest.java:[438,40] getSessionState() in org.keycloak.representations.IDToken has been deprecated
Base IT (2)	Run base tests	2025-02-04T11:18:02.4029700Z -- [WARNING] /home/runner/work/keycloak/keycloak/testsuite/integration-arquillian/tests/base/src/test/java/org/keycloak/testsuite/crossdc/SessionExpirationCrossDCTest.java:[577,80] getSessionState() in org.keycloak.representations.IDToken has been deprecated
Base IT (2)	Run base tests	2025-02-04T11:18:02.4033221Z -- [WARNING] /home/runner/work/keycloak/keycloak/testsuite/integration-arquillian/tests/base/src/test/java/org/keycloak/testsuite/crossdc/SessionExpirationCrossDCTest.java:[607,80] getSessionState() in org.keycloak.representations.IDToken has been deprecated
Base IT (2)	Run base tests	2025-02-04T11:18:02.4037382Z -- [WARNING] /home/runner/work/keycloak/keycloak/testsuite/integration-arquillian/tests/base/src/test/java/org/keycloak/testsuite/admin/event/EventConfigTest.java:[59,37] unchecked method invocation: method setEventsListeners in class org.keycloak.representations.idm.RealmEventsConfigRepresentation is applied to given types
Base IT (2)	Run base tests	2025-02-04T11:18:02.4039841Z --   required: java.util.List<java.lang.String>
Base IT (2)	Run base tests	2025-02-04T11:18:02.4040342Z --   found:    java.util.List
Base IT (2)	Run base tests	2025-02-04T11:18:02.4041837Z -- [WARNING] /home/runner/work/keycloak/keycloak/testsuite/integration-arquillian/tests/base/src/test/java/org/keycloak/testsuite/admin/event/EventConfigTest.java:[59,49] unchecked conversion
Base IT (2)	Run base tests	2025-02-04T11:18:02.4043435Z --   required: java.util.List<java.lang.String>
Base IT (2)	Run base tests	2025-02-04T11:18:02.4044118Z --   found:    java.util.List
Base IT (2)	Run base tests	2025-02-04T11:18:02.4046522Z -- [WARNING] /home/runner/work/keycloak/keycloak/testsuite/integration-arquillian/tests/base/src/test/java/org/keycloak/testsuite/admin/event/EventConfigTest.java:[87,39] unchecked method invocation: method setEnabledEventTypes in class org.keycloak.representations.idm.RealmEventsConfigRepresentation is applied to given types
Base IT (2)	Run base tests	2025-02-04T11:18:02.4048953Z --   required: java.util.List<java.lang.String>
Base IT (2)	Run base tests	2025-02-04T11:18:02.4049451Z --   found:    java.util.List
Base IT (2)	Run base tests	2025-02-04T11:18:02.4050925Z -- [WARNING] /home/runner/work/keycloak/keycloak/testsuite/integration-arquillian/tests/base/src/test/java/org/keycloak/testsuite/admin/event/EventConfigTest.java:[87,51] unchecked conversion
Base IT (2)	Run base tests	2025-02-04T11:18:02.4052572Z --   required: java.util.List<java.lang.String>
Base IT (2)	Run base tests	2025-02-04T11:18:02.4053077Z --   found:    java.util.List
Base IT (2)	Run base tests	2025-02-04T11:18:02.4055302Z -- [WARNING] /home/runner/work/keycloak/keycloak/testsuite/integration-arquillian/tests/base/src/test/java/org/keycloak/testsuite/oauth/ClientAuthSecretSignedJWTTest.java:[421,42] org.apache.http.impl.client.DefaultHttpClient in org.apache.http.impl.client has been deprecated
Base IT (2)	Run base tests	2025-02-04T11:18:02.4058583Z -- [WARNING] /home/runner/work/keycloak/keycloak/testsuite/integration-arquillian/tests/base/src/test/java/org/keycloak/testsuite/oauth/ClientAuthSecretSignedJWTTest.java:[520,59] unchecked conversion
Base IT (2)	Run base tests	2025-02-04T11:18:02.4060852Z --   required: java.util.Map<java.lang.String,java.lang.String>
Base IT (2)	Run base tests	2025-02-04T11:18:02.4061437Z --   found:    java.util.Map
Base IT (2)	Run base tests	2025-02-04T11:18:02.4063388Z -- [WARNING] /home/runner/work/keycloak/keycloak/testsuite/integration-arquillian/tests/base/src/test/java/org/keycloak/testsuite/oauth/OAuthProofKeyForCodeExchangeTest.java:[478,38] getSessionState() in org.keycloak.representations.IDToken has been deprecated
Base IT (2)	Run base tests	2025-02-04T11:18:02.4067123Z -- [WARNING] /home/runner/work/keycloak/keycloak/testsuite/integration-arquillian/tests/base/src/test/java/org/keycloak/testsuite/oauth/OAuthProofKeyForCodeExchangeTest.java:[488,38] getSessionState() in org.keycloak.representations.IDToken has been deprecated
Base IT (2)	Run base tests	2025-02-04T11:18:02.4070659Z -- [WARNING] /home/runner/work/keycloak/keycloak/testsuite/integration-arquillian/tests/base/src/test/java/org/keycloak/testsuite/oauth/OAuthProofKeyForCodeExchangeTest.java:[499,45] getSessionState() in org.keycloak.representations.IDToken has been deprecated
Base IT (2)	Run base tests	2025-02-04T11:18:02.4074319Z -- [WARNING] /home/runner/work/keycloak/keycloak/testsuite/integration-arquillian/tests/base/src/test/java/org/keycloak/testsuite/oauth/OAuthProofKeyForCodeExchangeTest.java:[509,47] getSessionState() in org.keycloak.representations.IDToken has been deprecated
Base IT (2)	Run base tests	2025-02-04T11:18:02.4077801Z -- [WARNING] /home/runner/work/keycloak/keycloak/testsuite/integration-arquillian/tests/base/src/test/java/org/keycloak/testsuite/oauth/OAuthProofKeyForCodeExchangeTest.java:[510,54] getSessionState() in org.keycloak.representations.IDToken has been deprecated
Base IT (2)	Run base tests	2025-02-04T11:18:02.4081207Z -- [WARNING] /home/runner/work/keycloak/keycloak/testsuite/integration-arquillian/tests/base/src/test/java/org/keycloak/testsuite/federation/ldap/LDAPRoleMapperTest.java:[164,28] updateClient() in org.keycloak.models.ClientModel has been deprecated
Base IT (2)	Run base tests	2025-02-04T11:18:02.4085018Z -- [WARNING] /home/runner/work/keycloak/keycloak/testsuite/integration-arquillian/tests/base/src/test/java/org/keycloak/testsuite/forms/PasswordHashingTest.java:[109,46] org.keycloak.credential.hash.Pbkdf2PasswordHashProviderFactory in org.keycloak.credential.hash has been deprecated
Base IT (2)	Run base tests	2025-02-04T11:18:02.4088942Z -- [WARNING] /home/runner/work/keycloak/keycloak/testsuite/integration-arquillian/tests/base/src/test/java/org/keycloak/testsuite/forms/PasswordHashingTest.java:[116,22] org.keycloak.credential.hash.Pbkdf2PasswordHashProviderFactory in org.keycloak.credential.hash has been deprecated
Base IT (2)	Run base tests	2025-02-04T11:18:02.4092390Z -- [INFO] /home/runner/work/keycloak/keycloak/testsuite/integration-arquillian/tests/base/src/test/java/org/keycloak/testsuite/forms/PasswordHashingTest.java: Some input files additionally use or override a deprecated API.
Base IT (2)	Run base tests	2025-02-04T11:18:02.4096523Z -- [INFO] /home/runner/work/keycloak/keycloak/testsuite/integration-arquillian/tests/base/src/test/java/org/keycloak/testsuite/i18n/LoginPageTest.java: /home/runner/work/keycloak/keycloak/testsuite/integration-arquillian/tests/base/src/test/java/org/keycloak/testsuite/i18n/LoginPageTest.java uses or overrides a deprecated API that is marked for removal.
Base IT (2)	Run base tests	2025-02-04T11:18:02.4100536Z -- [INFO] /home/runner/work/keycloak/keycloak/testsuite/integration-arquillian/tests/base/src/test/java/org/keycloak/testsuite/oauth/TokenEndpointCorsTest.java: Some input files additionally use unchecked or unsafe operations.
Base IT (2)	Run base tests	2025-02-04T11:18:02.4102249Z -- [INFO] 
Base IT (2)	Run base tests	2025-02-04T11:18:02.4102995Z -- [INFO] --- shrinkwrap-resolver:3.2.1:propagate-execution-context (default) @ integration-arquillian-tests-base ---
Base IT (2)	Run base tests	2025-02-04T11:18:02.5102410Z -- [INFO] 
Base IT (2)	Run base tests	2025-02-04T11:18:02.5105753Z -- [INFO] --- docker:0.40.3:start (start-db-container) @ integration-arquillian-tests-base ---
Base IT (2)	Run base tests	2025-02-04T11:18:02.7057591Z -- [INFO] 
Base IT (2)	Run base tests	2025-02-04T11:18:02.7067451Z -- [INFO] --- surefire:3.0.0-M7:test (default-test) @ integration-arquillian-tests-base ---
Base IT (2)	Run base tests	2025-02-04T11:18:02.8314240Z -- [INFO] Using auto detected provider org.apache.maven.surefire.junit4.JUnit4Provider
Base IT (2)	Run base tests	2025-02-04T11:18:02.9150577Z -- [INFO] Downloading from jboss-public-repository: https://repository.jboss.org/nexus/content/groups/public/org/apache/maven/surefire/surefire-junit4/3.0.0-M7/surefire-junit4-3.0.0-M7.jar
Base IT (2)	Run base tests	2025-02-04T11:18:03.0040872Z -- [INFO] Downloading from central: https://repo.maven.apache.org/maven2/org/apache/maven/surefire/surefire-junit4/3.0.0-M7/surefire-junit4-3.0.0-M7.jar
Base IT (2)	Run base tests	2025-02-04T11:18:03.0476713Z -- [INFO] Downloaded from central: https://repo.maven.apache.org/maven2/org/apache/maven/surefire/surefire-junit4/3.0.0-M7/surefire-junit4-3.0.0-M7.jar (18 kB at 410 kB/s)
Base IT (2)	Run base tests	2025-02-04T11:18:03.0484839Z -- [INFO] Downloading from jboss-public-repository: https://repository.jboss.org/nexus/content/groups/public/org/apache/maven/surefire/surefire-junit4/3.0.0-M7/surefire-junit4-3.0.0-M7.pom
Base IT (2)	Run base tests	2025-02-04T11:18:03.0956309Z -- [INFO] Downloading from central: https://repo.maven.apache.org/maven2/org/apache/maven/surefire/surefire-junit4/3.0.0-M7/surefire-junit4-3.0.0-M7.pom
Base IT (2)	Run base tests	2025-02-04T11:18:03.1055232Z -- [INFO] Downloaded from central: https://repo.maven.apache.org/maven2/org/apache/maven/surefire/surefire-junit4/3.0.0-M7/surefire-junit4-3.0.0-M7.pom (2.9 kB at 292 kB/s)
Base IT (2)	Run base tests	2025-02-04T11:18:03.1085500Z -- [INFO] Downloading from jboss-public-repository: https://repository.jboss.org/nexus/content/groups/public/org/apache/maven/surefire/surefire-providers/3.0.0-M7/surefire-providers-3.0.0-M7.pom
Base IT (2)	Run base tests	2025-02-04T11:18:03.1547299Z -- [INFO] Downloading from central: https://repo.maven.apache.org/maven2/org/apache/maven/surefire/surefire-providers/3.0.0-M7/surefire-providers-3.0.0-M7.pom
Base IT (2)	Run base tests	2025-02-04T11:18:03.1638879Z -- [INFO] Downloaded from central: https://repo.maven.apache.org/maven2/org/apache/maven/surefire/surefire-providers/3.0.0-M7/surefire-providers-3.0.0-M7.pom (2.5 kB at 254 kB/s)
Base IT (2)	Run base tests	2025-02-04T11:18:03.1730936Z -- [INFO] Downloading from jboss-public-repository: https://repository.jboss.org/nexus/content/groups/public/junit/junit/4.0/junit-4.0.pom
Base IT (2)	Run base tests	2025-02-04T11:18:03.2228448Z -- [INFO] Downloading from central: https://repo.maven.apache.org/maven2/junit/junit/4.0/junit-4.0.pom
Base IT (2)	Run base tests	2025-02-04T11:18:03.2315413Z -- [INFO] Downloaded from central: https://repo.maven.apache.org/maven2/junit/junit/4.0/junit-4.0.pom (210 B at 21 kB/s)
Base IT (2)	Run base tests	2025-02-04T11:18:03.2349333Z -- [INFO] Downloading from jboss-public-repository: https://repository.jboss.org/nexus/content/groups/public/org/apache/maven/surefire/common-junit4/3.0.0-M7/common-junit4-3.0.0-M7.pom
Base IT (2)	Run base tests	2025-02-04T11:18:03.2821491Z -- [INFO] Downloading from central: https://repo.maven.apache.org/maven2/org/apache/maven/surefire/common-junit4/3.0.0-M7/common-junit4-3.0.0-M7.pom
Base IT (2)	Run base tests	2025-02-04T11:18:03.2941649Z -- [INFO] Downloaded from central: https://repo.maven.apache.org/maven2/org/apache/maven/surefire/common-junit4/3.0.0-M7/common-junit4-3.0.0-M7.pom (3.0 kB at 333 kB/s)
Base IT (2)	Run base tests	2025-02-04T11:18:03.2994634Z -- [INFO] Downloading from jboss-public-repository: https://repository.jboss.org/nexus/content/groups/public/org/apache/maven/surefire/common-junit3/3.0.0-M7/common-junit3-3.0.0-M7.pom
Base IT (2)	Run base tests	2025-02-04T11:18:03.3523123Z -- [INFO] Downloading from central: https://repo.maven.apache.org/maven2/org/apache/maven/surefire/common-junit3/3.0.0-M7/common-junit3-3.0.0-M7.pom
Base IT (2)	Run base tests	2025-02-04T11:18:03.3610748Z -- [INFO] Downloaded from central: https://repo.maven.apache.org/maven2/org/apache/maven/surefire/common-junit3/3.0.0-M7/common-junit3-3.0.0-M7.pom (2.7 kB at 295 kB/s)
Base IT (2)	Run base tests	2025-02-04T11:18:03.3690749Z -- [INFO] Downloading from jboss-public-repository: https://repository.jboss.org/nexus/content/groups/public/org/apache/maven/surefire/common-java5/3.0.0-M7/common-java5-3.0.0-M7.pom
Base IT (2)	Run base tests	2025-02-04T11:18:03.4493411Z -- [INFO] Downloading from central: https://repo.maven.apache.org/maven2/org/apache/maven/surefire/common-java5/3.0.0-M7/common-java5-3.0.0-M7.pom
Base IT (2)	Run base tests	2025-02-04T11:18:03.4584082Z -- [INFO] Downloaded from central: https://repo.maven.apache.org/maven2/org/apache/maven/surefire/common-java5/3.0.0-M7/common-java5-3.0.0-M7.pom (2.7 kB at 299 kB/s)
Base IT (2)	Run base tests	2025-02-04T11:18:03.4665345Z -- [INFO] Downloading from jboss-public-repository: https://repository.jboss.org/nexus/content/groups/public/org/hamcrest/hamcrest-library/1.3/hamcrest-library-1.3.pom
Base IT (2)	Run base tests	2025-02-04T11:18:03.5148804Z -- [INFO] Downloading from central: https://repo.maven.apache.org/maven2/org/hamcrest/hamcrest-library/1.3/hamcrest-library-1.3.pom
Base IT (2)	Run base tests	2025-02-04T11:18:03.5239125Z -- [INFO] Downloaded from central: https://repo.maven.apache.org/maven2/org/hamcrest/hamcrest-library/1.3/hamcrest-library-1.3.pom (820 B at 91 kB/s)
Base IT (2)	Run base tests	2025-02-04T11:18:03.5276679Z -- [INFO] Downloading from jboss-public-repository: https://repository.jboss.org/nexus/content/groups/public/org/assertj/assertj-core/3.22.0/assertj-core-3.22.0.pom
Base IT (2)	Run base tests	2025-02-04T11:18:03.5755210Z -- [INFO] Downloading from central: https://repo.maven.apache.org/maven2/org/assertj/assertj-core/3.22.0/assertj-core-3.22.0.pom
Base IT (2)	Run base tests	2025-02-04T11:18:03.5868457Z -- [INFO] Downloaded from central: https://repo.maven.apache.org/maven2/org/assertj/assertj-core/3.22.0/assertj-core-3.22.0.pom (31 kB at 2.8 MB/s)
Base IT (2)	Run base tests	2025-02-04T11:18:03.5885451Z -- [INFO] Downloading from jboss-public-repository: https://repository.jboss.org/nexus/content/groups/public/org/assertj/assertj-parent-pom/2.2.14/assertj-parent-pom-2.2.14.pom
Base IT (2)	Run base tests	2025-02-04T11:18:03.6365074Z -- [INFO] Downloading from central: https://repo.maven.apache.org/maven2/org/assertj/assertj-parent-pom/2.2.14/assertj-parent-pom-2.2.14.pom
Base IT (2)	Run base tests	2025-02-04T11:18:03.6472622Z -- [INFO] Downloaded from central: https://repo.maven.apache.org/maven2/org/assertj/assertj-parent-pom/2.2.14/assertj-parent-pom-2.2.14.pom (25 kB at 2.5 MB/s)
Base IT (2)	Run base tests	2025-02-04T11:18:03.6510684Z -- [INFO] Downloading from jboss-public-repository: https://repository.jboss.org/nexus/content/groups/public/org/junit/junit-bom/5.8.2/junit-bom-5.8.2.pom
Base IT (2)	Run base tests	2025-02-04T11:18:03.6960954Z -- [INFO] Downloading from central: https://repo.maven.apache.org/maven2/org/junit/junit-bom/5.8.2/junit-bom-5.8.2.pom
Base IT (2)	Run base tests	2025-02-04T11:18:03.7046139Z -- [INFO] Downloaded from central: https://repo.maven.apache.org/maven2/org/junit/junit-bom/5.8.2/junit-bom-5.8.2.pom (5.6 kB at 626 kB/s)
Base IT (2)	Run base tests	2025-02-04T11:18:03.7077775Z -- [INFO] Downloading from jboss-public-repository: https://repository.jboss.org/nexus/content/groups/public/org/junit/junit-bom/5.8.0/junit-bom-5.8.0.pom
Base IT (2)	Run base tests	2025-02-04T11:18:03.7515018Z -- [INFO] Downloading from central: https://repo.maven.apache.org/maven2/org/junit/junit-bom/5.8.0/junit-bom-5.8.0.pom
Base IT (2)	Run base tests	2025-02-04T11:18:03.7602005Z -- [INFO] Downloaded from central: https://repo.maven.apache.org/maven2/org/junit/junit-bom/5.8.0/junit-bom-5.8.0.pom (5.6 kB at 704 kB/s)
Base IT (2)	Run base tests	2025-02-04T11:18:03.7629140Z -- [INFO] Downloading from jboss-public-repository: https://repository.jboss.org/nexus/content/groups/public/org/apache/maven/surefire/common-junit4/3.0.0-M7/common-junit4-3.0.0-M7.jar
Base IT (2)	Run base tests	2025-02-04T11:18:03.7632483Z -- [INFO] Downloading from jboss-public-repository: https://repository.jboss.org/nexus/content/groups/public/org/apache/maven/surefire/common-java5/3.0.0-M7/common-java5-3.0.0-M7.jar
Base IT (2)	Run base tests	2025-02-04T11:18:03.7643359Z -- [INFO] Downloading from jboss-public-repository: https://repository.jboss.org/nexus/content/groups/public/org/apache/maven/surefire/common-junit3/3.0.0-M7/common-junit3-3.0.0-M7.jar
Base IT (2)	Run base tests	2025-02-04T11:18:03.7784070Z -- [INFO] Downloading from central: https://repo.maven.apache.org/maven2/org/apache/maven/surefire/common-junit4/3.0.0-M7/common-junit4-3.0.0-M7.jar
Base IT (2)	Run base tests	2025-02-04T11:18:03.7897827Z -- [INFO] Downloaded from central: https://repo.maven.apache.org/maven2/org/apache/maven/surefire/common-junit4/3.0.0-M7/common-junit4-3.0.0-M7.jar (26 kB at 2.3 MB/s)
Base IT (2)	Run base tests	2025-02-04T11:18:03.7901793Z -- [INFO] Downloading from central: https://repo.maven.apache.org/maven2/org/apache/maven/surefire/common-java5/3.0.0-M7/common-java5-3.0.0-M7.jar
Base IT (2)	Run base tests	2025-02-04T11:18:03.8003997Z -- [INFO] Downloading from central: https://repo.maven.apache.org/maven2/org/apache/maven/surefire/common-junit3/3.0.0-M7/common-junit3-3.0.0-M7.jar
Base IT (2)	Run base tests	2025-02-04T11:18:03.8017684Z -- [INFO] Downloaded from central: https://repo.maven.apache.org/maven2/org/apache/maven/surefire/common-java5/3.0.0-M7/common-java5-3.0.0-M7.jar (17 kB at 1.4 MB/s)
Base IT (2)	Run base tests	2025-02-04T11:18:03.8083429Z -- [INFO] Downloaded from central: https://repo.maven.apache.org/maven2/org/apache/maven/surefire/common-junit3/3.0.0-M7/common-junit3-3.0.0-M7.jar (12 kB at 1.3 MB/s)
Base IT (2)	Run base tests	2025-02-04T11:18:03.8261724Z -- [INFO] 
Base IT (2)	Run base tests	2025-02-04T11:18:03.8262194Z -- [INFO] -------------------------------------------------------
Base IT (2)	Run base tests	2025-02-04T11:18:03.8262673Z -- [INFO]  T E S T S
Base IT (2)	Run base tests	2025-02-04T11:18:03.8263067Z -- [INFO] -------------------------------------------------------
Base IT (2)	Run base tests	2025-02-04T11:18:04.5603332Z -- 11:18:04,550 INFO  [org.keycloak.testsuite.util.NonIDERunListener] Setting keycloak.logging.level to off. Keycloak server logging will be disabled
Base IT (2)	Run base tests	2025-02-04T11:18:04.5624783Z [INFO] Running org.keycloak.testsuite.broker.AccountLinkTest
Base IT (2)	Run base tests	2025-02-04T11:18:34.9842362Z [WARNING] Tests run: 4, Failures: 0, Errors: 0, Skipped: 1, Time elapsed: 30.306 s - in org.keycloak.testsuite.broker.AccountLinkTest
Base IT (2)	Run base tests	2025-02-04T11:18:34.9843735Z [INFO] Running org.keycloak.testsuite.broker.AttributeToRoleMapperTest
Base IT (2)	Run base tests	2025-02-04T11:18:56.2657756Z [INFO] Tests run: 8, Failures: 0, Errors: 0, Skipped: 0, Time elapsed: 21.24 s - in org.keycloak.testsuite.broker.AttributeToRoleMapperTest
Base IT (2)	Run base tests	2025-02-04T11:18:56.2658950Z [INFO] Running org.keycloak.testsuite.broker.BrokerWithLegacyIdTest
Base IT (2)	Run base tests	2025-02-04T11:18:58.7276782Z [INFO] Tests run: 1, Failures: 0, Errors: 0, Skipped: 0, Time elapsed: 2.436 s - in org.keycloak.testsuite.broker.BrokerWithLegacyIdTest
Base IT (2)	Run base tests	2025-02-04T11:18:58.7304730Z [INFO] Running org.keycloak.testsuite.broker.ExternalKeycloakRoleToRoleMapperTest
Base IT (2)	Run base tests	2025-02-04T11:19:18.5263886Z [INFO] Tests run: 10, Failures: 0, Errors: 0, Skipped: 0, Time elapsed: 19.775 s - in org.keycloak.testsuite.broker.ExternalKeycloakRoleToRoleMapperTest
Base IT (2)	Run base tests	2025-02-04T11:19:18.5266377Z [INFO] Running org.keycloak.testsuite.broker.HardcodedRoleMapperTest
Base IT (2)	Run base tests	2025-02-04T11:19:35.9686997Z [INFO] Tests run: 10, Failures: 0, Errors: 0, Skipped: 0, Time elapsed: 17.429 s - in org.keycloak.testsuite.broker.HardcodedRoleMapperTest
Base IT (2)	Run base tests	2025-02-04T11:19:35.9698816Z [INFO] Running org.keycloak.testsuite.broker.HardcodedUserAttributeMapperTest
Base IT (2)	Run base tests	2025-02-04T11:19:44.3600551Z [INFO] Tests run: 5, Failures: 0, Errors: 0, Skipped: 0, Time elapsed: 8.376 s - in org.keycloak.testsuite.broker.HardcodedUserAttributeMapperTest
Base IT (2)	Run base tests	2025-02-04T11:19:44.3606062Z [INFO] Running org.keycloak.testsuite.broker.JsonUserAttributeMapperTest
Base IT (2)	Run base tests	2025-02-04T11:19:54.0280039Z [INFO] Tests run: 6, Failures: 0, Errors: 0, Skipped: 0, Time elapsed: 9.653 s - in org.keycloak.testsuite.broker.JsonUserAttributeMapperTest
Base IT (2)	Run base tests	2025-02-04T11:19:54.0285467Z [INFO] Running org.keycloak.testsuite.broker.KcCustomOidcBrokerTest
Base IT (2)	Run base tests	2025-02-04T11:19:55.6950084Z [INFO] Tests run: 1, Failures: 0, Errors: 0, Skipped: 0, Time elapsed: 1.642 s - in org.keycloak.testsuite.broker.KcCustomOidcBrokerTest
Base IT (2)	Run base tests	2025-02-04T11:19:55.6953219Z [INFO] Running org.keycloak.testsuite.broker.KcOIDCBrokerWithSignatureTest
Base IT (2)	Run base tests	2025-02-04T11:20:21.2793206Z [INFO] Tests run: 11, Failures: 0, Errors: 0, Skipped: 0, Time elapsed: 25.573 s - in org.keycloak.testsuite.broker.KcOIDCBrokerWithSignatureTest
Base IT (2)	Run base tests	2025-02-04T11:20:21.2794916Z [INFO] Running org.keycloak.testsuite.broker.KcOidcAccessTokenOnlyClaimsUserAttributeMapperTest
Base IT (2)	Run base tests	2025-02-04T11:20:37.2349756Z [INFO] Tests run: 10, Failures: 0, Errors: 0, Skipped: 0, Time elapsed: 15.944 s - in org.keycloak.testsuite.broker.KcOidcAccessTokenOnlyClaimsUserAttributeMapperTest
Base IT (2)	Run base tests	2025-02-04T11:20:37.2358801Z [INFO] Running org.keycloak.testsuite.broker.KcOidcBrokerAcrParameterTest
Base IT (2)	Run base tests	2025-02-04T11:20:40.6146262Z [INFO] Tests run: 2, Failures: 0, Errors: 0, Skipped: 0, Time elapsed: 3.355 s - in org.keycloak.testsuite.broker.KcOidcBrokerAcrParameterTest
Base IT (2)	Run base tests	2025-02-04T11:20:40.6147732Z [INFO] Running org.keycloak.testsuite.broker.KcOidcBrokerClientSecretBasicAuthTest
Base IT (2)	Run base tests	2025-02-04T11:20:43.9401984Z [INFO] Tests run: 2, Failures: 0, Errors: 0, Skipped: 0, Time elapsed: 3.207 s - in org.keycloak.testsuite.broker.KcOidcBrokerClientSecretBasicAuthTest
Base IT (2)	Run base tests	2025-02-04T11:20:43.9405495Z [INFO] Running org.keycloak.testsuite.broker.KcOidcBrokerClientSecretJwtCustomSignAlgTest
Base IT (2)	Run base tests	2025-02-04T11:20:46.8681864Z [INFO] Tests run: 2, Failures: 0, Errors: 0, Skipped: 0, Time elapsed: 2.921 s - in org.keycloak.testsuite.broker.KcOidcBrokerClientSecretJwtCustomSignAlgTest
Base IT (2)	Run base tests	2025-02-04T11:20:46.8685339Z [INFO] Running org.keycloak.testsuite.broker.KcOidcBrokerClientSecretJwtTest
Base IT (2)	Run base tests	2025-02-04T11:20:50.2746602Z [INFO] Tests run: 2, Failures: 0, Errors: 0, Skipped: 0, Time elapsed: 3.393 s - in org.keycloak.testsuite.broker.KcOidcBrokerClientSecretJwtTest
Base IT (2)	Run base tests	2025-02-04T11:20:50.2749787Z [INFO] Running org.keycloak.testsuite.broker.KcOidcBrokerEventTest
Base IT (2)	Run base tests	2025-02-04T11:20:56.3525980Z [INFO] Tests run: 4, Failures: 0, Errors: 0, Skipped: 0, Time elapsed: 6.065 s - in org.keycloak.testsuite.broker.KcOidcBrokerEventTest
Base IT (2)	Run base tests	2025-02-04T11:20:56.3529175Z [INFO] Running org.keycloak.testsuite.broker.KcOidcBrokerFrontendUrlTest
Base IT (2)	Run base tests	2025-02-04T11:21:06.6104196Z --------- org.keycloak.testsuite.broker.KcOidcBrokerFrontendUrlTest output start ---------
Base IT (2)	Run base tests	2025-02-04T11:21:06.6111848Z KcOidcBrokerFrontendUrlTest ++ 11:20:56,341 INFO  [org.keycloak.testsuite.arquillian.AppServerTestEnricher] 
Base IT (2)	Run base tests	2025-02-04T11:21:06.6112771Z KcOidcBrokerFrontendUrlTest ++ 
Base IT (2)	Run base tests	2025-02-04T11:21:06.6113800Z KcOidcBrokerFrontendUrlTest ++ TEST CONTEXT: org.keycloak.testsuite.broker.KcOidcBrokerFrontendUrlTest
Base IT (2)	Run base tests	2025-02-04T11:21:06.6114698Z KcOidcBrokerFrontendUrlTest ++ 
Base IT (2)	Run base tests	2025-02-04T11:21:06.6115938Z KcOidcBrokerFrontendUrlTest ++ 11:20:56,342 WARN  [org.keycloak.testsuite.broker.KcOidcBrokerFrontendUrlTest] [KcOidcBrokerFrontendUrlTest] loginWithExistingUser() IGNORED
Base IT (2)	Run base tests	2025-02-04T11:21:06.6117201Z KcOidcBrokerFrontendUrlTest ++ 
Base IT (2)	Run base tests	2025-02-04T11:21:06.6117632Z KcOidcBrokerFrontendUrlTest ++ 
Base IT (2)	Run base tests	2025-02-04T11:21:06.6118850Z KcOidcBrokerFrontendUrlTest ++ 11:20:56,342 INFO  [org.keycloak.testsuite.broker.KcOidcBrokerFrontendUrlTest] [KcOidcBrokerFrontendUrlTest] testLogInAsUserInIDP() STARTED
Base IT (2)	Run base tests	2025-02-04T11:21:06.6121020Z KcOidcBrokerFrontendUrlTest ++ 11:20:56,344 INFO  [org.keycloak.testsuite.arquillian.undertow.lb.SimpleUndertowLoadBalancer] Keycloak nodes: {node1=http://localhost:8180/auth}
Base IT (2)	Run base tests	2025-02-04T11:21:06.6122948Z KcOidcBrokerFrontendUrlTest ++ Feb 04, 2025 11:20:56 AM org.jboss.arquillian.drone.webdriver.factory.HtmlUnitDriverFactory setClientOptions
Base IT (2)	Run base tests	2025-02-04T11:21:06.6124774Z KcOidcBrokerFrontendUrlTest ++ INFO: Setting HtmlDriver web client options: {htmlunitCssEnabled=false, htmlunitHistoryPageCacheLimit=1}
Base IT (2)	Run base tests	2025-02-04T11:21:06.6126601Z KcOidcBrokerFrontendUrlTest ++ 11:20:56,376 INFO  [org.keycloak.testsuite.drone.KeycloakDronePostSetup] Configuring driver settings. implicitWait=2000, pageLoadTimeout=10000
Base IT (2)	Run base tests	2025-02-04T11:21:06.6128401Z KcOidcBrokerFrontendUrlTest ++ 11:20:56,376 INFO  [org.keycloak.testsuite.drone.KeycloakDronePostSetup] Check HtmlUnit driver TLS settings
Base IT (2)	Run base tests	2025-02-04T11:21:06.6129787Z KcOidcBrokerFrontendUrlTest ++ 11:20:56,407 INFO  [io.undertow] starting server: Undertow - 2.3.2.Final
Base IT (2)	Run base tests	2025-02-04T11:21:06.6130889Z KcOidcBrokerFrontendUrlTest ++ 11:21:06,434 INFO  [io.undertow] stopping server: Undertow - 2.3.2.Final
Base IT (2)	Run base tests	2025-02-04T11:21:06.6132459Z KcOidcBrokerFrontendUrlTest ++ 11:21:06,443 ERROR [org.keycloak.testsuite.broker.KcOidcBrokerFrontendUrlTest] [KcOidcBrokerFrontendUrlTest] testLogInAsUserInIDP() FAILED
Base IT (2)	Run base tests	2025-02-04T11:21:06.6134715Z KcOidcBrokerFrontendUrlTest ++ 11:21:06,443 INFO  [org.keycloak.testsuite.broker.KcOidcBrokerFrontendUrlTest] [KcOidcBrokerFrontendUrlTest] testLogInAsUserInIDP() FINISHED
Base IT (2)	Run base tests	2025-02-04T11:21:06.6136018Z KcOidcBrokerFrontendUrlTest ++ 
Base IT (2)	Run base tests	2025-02-04T11:21:06.6136451Z KcOidcBrokerFrontendUrlTest ++ 
Base IT (2)	Run base tests	2025-02-04T11:21:06.6137257Z KcOidcBrokerFrontendUrlTest ++ 11:21:06,449 INFO  [org.keycloak.testsuite.arquillian.AppServerTestEnricher] 
Base IT (2)	Run base tests	2025-02-04T11:21:06.6138115Z KcOidcBrokerFrontendUrlTest ++ 
Base IT (2)	Run base tests	2025-02-04T11:21:06.6138929Z KcOidcBrokerFrontendUrlTest ++ TEST CONTEXT: org.keycloak.testsuite.broker.KcOidcBrokerFrontendUrlTest
Base IT (2)	Run base tests	2025-02-04T11:21:06.6140122Z KcOidcBrokerFrontendUrlTest ++ 
Base IT (2)	Run base tests	2025-02-04T11:21:06.6141340Z KcOidcBrokerFrontendUrlTest ++ 11:21:06,450 INFO  [org.keycloak.testsuite.broker.KcOidcBrokerFrontendUrlTest] [KcOidcBrokerFrontendUrlTest] testLogInAsUserInIDP() STARTED
Base IT (2)	Run base tests	2025-02-04T11:21:06.6143826Z KcOidcBrokerFrontendUrlTest ++ 11:21:06,450 INFO  [org.keycloak.testsuite.arquillian.undertow.lb.SimpleUndertowLoadBalancer] Keycloak nodes: {node1=http://localhost:8180/auth}
Base IT (2)	Run base tests	2025-02-04T11:21:06.6145718Z KcOidcBrokerFrontendUrlTest ++ Feb 04, 2025 11:21:06 AM org.jboss.arquillian.drone.webdriver.factory.HtmlUnitDriverFactory setClientOptions
Base IT (2)	Run base tests	2025-02-04T11:21:06.6147358Z KcOidcBrokerFrontendUrlTest ++ INFO: Setting HtmlDriver web client options: {htmlunitCssEnabled=false, htmlunitHistoryPageCacheLimit=1}
Base IT (2)	Run base tests	2025-02-04T11:21:06.6149177Z KcOidcBrokerFrontendUrlTest ++ 11:21:06,478 INFO  [org.keycloak.testsuite.drone.KeycloakDronePostSetup] Configuring driver settings. implicitWait=2000, pageLoadTimeout=10000
Base IT (2)	Run base tests	2025-02-04T11:21:06.6150960Z KcOidcBrokerFrontendUrlTest ++ 11:21:06,479 INFO  [org.keycloak.testsuite.drone.KeycloakDronePostSetup] Check HtmlUnit driver TLS settings
Base IT (2)	Run base tests	2025-02-04T11:21:06.6152314Z KcOidcBrokerFrontendUrlTest ++ 11:21:06,501 INFO  [io.undertow] starting server: Undertow - 2.3.2.Final
Base IT (2)	Run base tests	2025-02-04T11:21:06.6153388Z KcOidcBrokerFrontendUrlTest ++ 11:21:06,503 INFO  [io.undertow] stopping server: Undertow - 2.3.2.Final
Base IT (2)	Run base tests	2025-02-04T11:21:06.6166228Z KcOidcBrokerFrontendUrlTest ++ 11:21:06,505 ERROR [org.keycloak.testsuite.broker.KcOidcBrokerFrontendUrlTest] [KcOidcBrokerFrontendUrlTest] testLogInAsUserInIDP() FAILED
Base IT (2)	Run base tests	2025-02-04T11:21:06.6168447Z KcOidcBrokerFrontendUrlTest ++ 11:21:06,505 INFO  [org.keycloak.testsuite.broker.KcOidcBrokerFrontendUrlTest] [KcOidcBrokerFrontendUrlTest] testLogInAsUserInIDP() FINISHED
Base IT (2)	Run base tests	2025-02-04T11:21:06.6169806Z KcOidcBrokerFrontendUrlTest ++ 
Base IT (2)	Run base tests	2025-02-04T11:21:06.6170280Z KcOidcBrokerFrontendUrlTest ++ 
Base IT (2)	Run base tests	2025-02-04T11:21:06.6171130Z KcOidcBrokerFrontendUrlTest ++ 11:21:06,512 INFO  [org.keycloak.testsuite.arquillian.AppServerTestEnricher] 
Base IT (2)	Run base tests	2025-02-04T11:21:06.6172067Z KcOidcBrokerFrontendUrlTest ++ 
Base IT (2)	Run base tests	2025-02-04T11:21:06.6172944Z KcOidcBrokerFrontendUrlTest ++ TEST CONTEXT: org.keycloak.testsuite.broker.KcOidcBrokerFrontendUrlTest
Base IT (2)	Run base tests	2025-02-04T11:21:06.6174076Z KcOidcBrokerFrontendUrlTest ++ 
Base IT (2)	Run base tests	2025-02-04T11:21:06.6175341Z KcOidcBrokerFrontendUrlTest ++ 11:21:06,512 INFO  [org.keycloak.testsuite.broker.KcOidcBrokerFrontendUrlTest] [KcOidcBrokerFrontendUrlTest] testLogInAsUserInIDP() STARTED
Base IT (2)	Run base tests	2025-02-04T11:21:06.6177482Z KcOidcBrokerFrontendUrlTest ++ 11:21:06,512 INFO  [org.keycloak.testsuite.arquillian.undertow.lb.SimpleUndertowLoadBalancer] Keycloak nodes: {node1=http://localhost:8180/auth}
Base IT (2)	Run base tests	2025-02-04T11:21:06.6179449Z KcOidcBrokerFrontendUrlTest ++ Feb 04, 2025 11:21:06 AM org.jboss.arquillian.drone.webdriver.factory.HtmlUnitDriverFactory setClientOptions
Base IT (2)	Run base tests	2025-02-04T11:21:06.6181134Z KcOidcBrokerFrontendUrlTest ++ INFO: Setting HtmlDriver web client options: {htmlunitCssEnabled=false, htmlunitHistoryPageCacheLimit=1}
Base IT (2)	Run base tests	2025-02-04T11:21:06.6183040Z KcOidcBrokerFrontendUrlTest ++ 11:21:06,548 INFO  [org.keycloak.testsuite.drone.KeycloakDronePostSetup] Configuring driver settings. implicitWait=2000, pageLoadTimeout=10000
Base IT (2)	Run base tests	2025-02-04T11:21:06.6185108Z KcOidcBrokerFrontendUrlTest ++ 11:21:06,548 INFO  [org.keycloak.testsuite.drone.KeycloakDronePostSetup] Check HtmlUnit driver TLS settings
Base IT (2)	Run base tests	2025-02-04T11:21:06.6186529Z KcOidcBrokerFrontendUrlTest ++ 11:21:06,570 INFO  [io.undertow] starting server: Undertow - 2.3.2.Final
Base IT (2)	Run base tests	2025-02-04T11:21:06.6187687Z KcOidcBrokerFrontendUrlTest ++ 11:21:06,572 INFO  [io.undertow] stopping server: Undertow - 2.3.2.Final
Base IT (2)	Run base tests	2025-02-04T11:21:06.6189332Z KcOidcBrokerFrontendUrlTest ++ 11:21:06,574 ERROR [org.keycloak.testsuite.broker.KcOidcBrokerFrontendUrlTest] [KcOidcBrokerFrontendUrlTest] testLogInAsUserInIDP() FAILED
Base IT (2)	Run base tests	2025-02-04T11:21:06.6191524Z KcOidcBrokerFrontendUrlTest ++ 11:21:06,574 INFO  [org.keycloak.testsuite.broker.KcOidcBrokerFrontendUrlTest] [KcOidcBrokerFrontendUrlTest] testLogInAsUserInIDP() FINISHED
Base IT (2)	Run base tests	2025-02-04T11:21:06.6193126Z KcOidcBrokerFrontendUrlTest ++ 
Base IT (2)	Run base tests	2025-02-04T11:21:06.6194034Z KcOidcBrokerFrontendUrlTest ++ 
Base IT (2)	Run base tests	2025-02-04T11:21:06.6194333Z 
Base IT (2)	Run base tests	2025-02-04T11:21:06.6194804Z --------- org.keycloak.testsuite.broker.KcOidcBrokerFrontendUrlTest output end  ---------
Base IT (2)	Run base tests	2025-02-04T11:21:06.6196189Z [ERROR] Tests run: 4, Failures: 0, Errors: 3, Skipped: 1, Time elapsed: 10.229 s <<< FAILURE! - in org.keycloak.testsuite.broker.KcOidcBrokerFrontendUrlTest
Base IT (2)	Run base tests	2025-02-04T11:21:06.6197858Z -- [ERROR] org.keycloak.testsuite.broker.KcOidcBrokerFrontendUrlTest.testLogInAsUserInIDP  Time elapsed: 10.087 s  <<< ERROR!
Base IT (2)	Run base tests	2025-02-04T11:21:06.6199820Z -- java.lang.RuntimeException: java.lang.RuntimeException: java.lang.RuntimeException: java.net.UnknownHostException: proxy.kc.127.0.0.1.nip.io: Temporary failure in name resolution
Base IT (2)	Run base tests	2025-02-04T11:21:06.6201389Z -- 	at org.keycloak.testsuite.util.ReverseProxy$1.evaluate(ReverseProxy.java:42)
Base IT (2)	Run base tests	2025-02-04T11:21:06.6202317Z -- 	at org.jboss.arquillian.junit.Arquillian$7$1.invoke(Arquillian.java:273)
Base IT (2)	Run base tests	2025-02-04T11:21:06.6204076Z -- 	at org.jboss.arquillian.container.test.impl.execution.ClientBeforeAfterLifecycleEventExecuter.execute(ClientBeforeAfterLifecycleEventExecuter.java:88)
Base IT (2)	Run base tests	2025-02-04T11:21:06.6208850Z -- 	at org.jboss.arquillian.container.test.impl.execution.ClientBeforeAfterLifecycleEventExecuter.on(ClientBeforeAfterLifecycleEventExecuter.java:66)
Base IT (2)	Run base tests	2025-02-04T11:21:06.6236786Z -- 	at java.base/jdk.internal.reflect.DirectMethodHandleAccessor.invoke(DirectMethodHandleAccessor.java:103)
Base IT (2)	Run base tests	2025-02-04T11:21:06.6237848Z -- 	at java.base/java.lang.reflect.Method.invoke(Method.java:580)
Base IT (2)	Run base tests	2025-02-04T11:21:06.6238659Z -- 	at org.jboss.arquillian.core.impl.ObserverImpl.invoke(ObserverImpl.java:86)
Base IT (2)	Run base tests	2025-02-04T11:21:06.6239682Z -- 	at org.jboss.arquillian.core.impl.EventContextImpl.invokeObservers(EventContextImpl.java:103)
Base IT (2)	Run base tests	2025-02-04T11:21:06.6240767Z -- 	at org.jboss.arquillian.core.impl.EventContextImpl.proceed(EventContextImpl.java:90)
Base IT (2)	Run base tests	2025-02-04T11:21:06.6242114Z -- 	at org.jboss.arquillian.container.test.impl.client.ContainerEventController.createContext(ContainerEventController.java:128)
Base IT (2)	Run base tests	2025-02-04T11:21:06.6243977Z -- 	at org.jboss.arquillian.container.test.impl.client.ContainerEventController.createBeforeContext(ContainerEventController.java:114)
Base IT (2)	Run base tests	2025-02-04T11:21:06.6245366Z -- 	at java.base/jdk.internal.reflect.DirectMethodHandleAccessor.invoke(DirectMethodHandleAccessor.java:103)
Base IT (2)	Run base tests	2025-02-04T11:21:06.6246362Z -- 	at java.base/java.lang.reflect.Method.invoke(Method.java:580)
Base IT (2)	Run base tests	2025-02-04T11:21:06.6247216Z -- 	at org.jboss.arquillian.core.impl.ObserverImpl.invoke(ObserverImpl.java:86)
Base IT (2)	Run base tests	2025-02-04T11:21:06.6248139Z -- 	at org.jboss.arquillian.core.impl.EventContextImpl.proceed(EventContextImpl.java:95)
Base IT (2)	Run base tests	2025-02-04T11:21:06.6249229Z -- 	at org.jboss.arquillian.test.impl.TestContextHandler.createTestContext(TestContextHandler.java:116)
Base IT (2)	Run base tests	2025-02-04T11:21:06.6250414Z -- 	at java.base/jdk.internal.reflect.DirectMethodHandleAccessor.invoke(DirectMethodHandleAccessor.java:103)
Base IT (2)	Run base tests	2025-02-04T11:21:06.6251425Z -- 	at java.base/java.lang.reflect.Method.invoke(Method.java:580)
Base IT (2)	Run base tests	2025-02-04T11:21:06.6252244Z -- 	at org.jboss.arquillian.core.impl.ObserverImpl.invoke(ObserverImpl.java:86)
Base IT (2)	Run base tests	2025-02-04T11:21:06.6253216Z -- 	at org.jboss.arquillian.core.impl.EventContextImpl.proceed(EventContextImpl.java:95)
Base IT (2)	Run base tests	2025-02-04T11:21:06.6254558Z -- 	at org.jboss.arquillian.test.impl.TestContextHandler.createClassContext(TestContextHandler.java:83)
Base IT (2)	Run base tests	2025-02-04T11:21:06.6255842Z -- 	at java.base/jdk.internal.reflect.DirectMethodHandleAccessor.invoke(DirectMethodHandleAccessor.java:103)
Base IT (2)	Run base tests	2025-02-04T11:21:06.6256870Z -- 	at java.base/java.lang.reflect.Method.invoke(Method.java:580)
Base IT (2)	Run base tests	2025-02-04T11:21:06.6257666Z -- 	at org.jboss.arquillian.core.impl.ObserverImpl.invoke(ObserverImpl.java:86)
Base IT (2)	Run base tests	2025-02-04T11:21:06.6258606Z -- 	at org.jboss.arquillian.core.impl.EventContextImpl.proceed(EventContextImpl.java:95)
Base IT (2)	Run base tests	2025-02-04T11:21:06.6259591Z -- 	at org.jboss.arquillian.test.impl.TestContextHandler.createSuiteContext(TestContextHandler.java:69)
Base IT (2)	Run base tests	2025-02-04T11:21:06.6262369Z -- 	at java.base/jdk.internal.reflect.DirectMethodHandleAccessor.invoke(DirectMethodHandleAccessor.java:103)
Base IT (2)	Run base tests	2025-02-04T11:21:06.6263922Z -- 	at java.base/java.lang.reflect.Method.invoke(Method.java:580)
Base IT (2)	Run base tests	2025-02-04T11:21:06.6264755Z -- 	at org.jboss.arquillian.core.impl.ObserverImpl.invoke(ObserverImpl.java:86)
Base IT (2)	Run base tests	2025-02-04T11:21:06.6265765Z -- 	at org.jboss.arquillian.core.impl.EventContextImpl.proceed(EventContextImpl.java:95)
Base IT (2)	Run base tests	2025-02-04T11:21:06.6266738Z -- 	at org.jboss.arquillian.core.impl.ManagerImpl.fire(ManagerImpl.java:133)
Base IT (2)	Run base tests	2025-02-04T11:21:06.6267636Z -- 	at org.jboss.arquillian.core.impl.ManagerImpl.fire(ManagerImpl.java:105)
Base IT (2)	Run base tests	2025-02-04T11:21:06.6268823Z -- 	at org.jboss.arquillian.test.impl.EventTestRunnerAdaptor.fireCustomLifecycle(EventTestRunnerAdaptor.java:159)
Base IT (2)	Run base tests	2025-02-04T11:21:06.6269998Z -- 	at org.jboss.arquillian.junit.Arquillian$7.evaluate(Arquillian.java:267)
Base IT (2)	Run base tests	2025-02-04T11:21:06.6271253Z -- 	at org.junit.runners.BlockJUnit4ClassRunner$1.evaluate(BlockJUnit4ClassRunner.java:100)
Base IT (2)	Run base tests	2025-02-04T11:21:06.6272278Z -- 	at org.junit.runners.ParentRunner.runLeaf(ParentRunner.java:366)
Base IT (2)	Run base tests	2025-02-04T11:21:06.6273249Z -- 	at org.junit.runners.BlockJUnit4ClassRunner.runChild(BlockJUnit4ClassRunner.java:103)
Base IT (2)	Run base tests	2025-02-04T11:21:06.6274521Z -- 	at org.junit.runners.BlockJUnit4ClassRunner.runChild(BlockJUnit4ClassRunner.java:63)
Base IT (2)	Run base tests	2025-02-04T11:21:06.6275435Z -- 	at org.junit.runners.ParentRunner$4.run(ParentRunner.java:331)
Base IT (2)	Run base tests	2025-02-04T11:21:06.6276204Z -- 	at org.junit.runners.ParentRunner$1.schedule(ParentRunner.java:79)
Base IT (2)	Run base tests	2025-02-04T11:21:06.6276996Z -- 	at org.junit.runners.ParentRunner.runChildren(ParentRunner.java:329)
Base IT (2)	Run base tests	2025-02-04T11:21:06.6277797Z -- 	at org.junit.runners.ParentRunner.access$100(ParentRunner.java:66)
Base IT (2)	Run base tests	2025-02-04T11:21:06.6278563Z -- 	at org.junit.runners.ParentRunner$2.evaluate(ParentRunner.java:293)
Base IT (2)	Run base tests	2025-02-04T11:21:06.6279375Z -- 	at org.jboss.arquillian.junit.Arquillian$2.evaluate(Arquillian.java:160)
Base IT (2)	Run base tests	2025-02-04T11:21:06.6280268Z -- 	at org.jboss.arquillian.junit.Arquillian.multiExecute(Arquillian.java:344)
Base IT (2)	Run base tests	2025-02-04T11:21:06.6281153Z -- 	at org.jboss.arquillian.junit.Arquillian.access$200(Arquillian.java:48)
Base IT (2)	Run base tests	2025-02-04T11:21:06.6282010Z -- 	at org.jboss.arquillian.junit.Arquillian$3.evaluate(Arquillian.java:171)
Base IT (2)	Run base tests	2025-02-04T11:21:06.6282898Z -- 	at org.junit.rules.ExternalResource$1.evaluate(ExternalResource.java:54)
Base IT (2)	Run base tests	2025-02-04T11:21:06.6283844Z -- 	at org.junit.rules.RunRules.evaluate(RunRules.java:20)
Base IT (2)	Run base tests	2025-02-04T11:21:06.6284582Z -- 	at org.junit.runners.ParentRunner$3.evaluate(ParentRunner.java:306)
Base IT (2)	Run base tests	2025-02-04T11:21:06.6285361Z -- 	at org.junit.runners.ParentRunner.run(ParentRunner.java:413)
Base IT (2)	Run base tests	2025-02-04T11:21:06.6286127Z -- 	at org.jboss.arquillian.junit.Arquillian.run(Arquillian.java:109)
Base IT (2)	Run base tests	2025-02-04T11:21:06.6287060Z -- 	at org.apache.maven.surefire.junit4.JUnit4Provider.execute(JUnit4Provider.java:377)
Base IT (2)	Run base tests	2025-02-04T11:21:06.6288193Z -- 	at org.apache.maven.surefire.junit4.JUnit4Provider.executeWithRerun(JUnit4Provider.java:284)
Base IT (2)	Run base tests	2025-02-04T11:21:06.6289347Z -- 	at org.apache.maven.surefire.junit4.JUnit4Provider.executeTestSet(JUnit4Provider.java:248)
Base IT (2)	Run base tests	2025-02-04T11:21:06.6289987Z -- 	at org.apache.maven.surefire.junit4.JUnit4Provider.invoke(JUnit4Provider.java:167)
Base IT (2)	Run base tests	2025-02-04T11:21:06.6290610Z -- 	at org.apache.maven.surefire.booter.ForkedBooter.runSuitesInProcess(ForkedBooter.java:456)
Base IT (2)	Run base tests	2025-02-04T11:21:06.6291213Z -- 	at org.apache.maven.surefire.booter.ForkedBooter.execute(ForkedBooter.java:169)
Base IT (2)	Run base tests	2025-02-04T11:21:06.6291743Z -- 	at org.apache.maven.surefire.booter.ForkedBooter.run(ForkedBooter.java:595)
Base IT (2)	Run base tests	2025-02-04T11:21:06.6292255Z -- 	at org.apache.maven.surefire.booter.ForkedBooter.main(ForkedBooter.java:581)
Base IT (2)	Run base tests	2025-02-04T11:21:06.6293040Z -- Caused by: java.lang.RuntimeException: java.lang.RuntimeException: java.net.UnknownHostException: proxy.kc.127.0.0.1.nip.io: Temporary failure in name resolution
Base IT (2)	Run base tests	2025-02-04T11:21:06.6294294Z -- 	at org.keycloak.testsuite.arquillian.undertow.lb.SimpleUndertowLoadBalancer.start(SimpleUndertowLoadBalancer.java:121)
Base IT (2)	Run base tests	2025-02-04T11:21:06.6295184Z -- 	at org.keycloak.testsuite.util.ReverseProxy$1.evaluate(ReverseProxy.java:38)
Base IT (2)	Run base tests	2025-02-04T11:21:06.6295670Z -- 	... 59 more
Base IT (2)	Run base tests	2025-02-04T11:21:06.6296171Z -- Caused by: java.lang.RuntimeException: java.net.UnknownHostException: proxy.kc.127.0.0.1.nip.io: Temporary failure in name resolution
Base IT (2)	Run base tests	2025-02-04T11:21:06.6296761Z -- 	at io.undertow.Undertow.start(Undertow.java:254)
Base IT (2)	Run base tests	2025-02-04T11:21:06.6297362Z -- 	at org.keycloak.testsuite.arquillian.undertow.lb.SimpleUndertowLoadBalancer.start(SimpleUndertowLoadBalancer.java:112)
Base IT (2)	Run base tests	2025-02-04T11:21:06.6297915Z -- 	... 60 more
Base IT (2)	Run base tests	2025-02-04T11:21:06.6298311Z -- Caused by: java.net.UnknownHostException: proxy.kc.127.0.0.1.nip.io: Temporary failure in name resolution
Base IT (2)	Run base tests	2025-02-04T11:21:06.6298886Z -- 	at java.base/java.net.Inet6AddressImpl.lookupAllHostAddr(Native Method)
Base IT (2)	Run base tests	2025-02-04T11:21:06.6299404Z -- 	at java.base/java.net.Inet6AddressImpl.lookupAllHostAddr(Inet6AddressImpl.java:52)
Base IT (2)	Run base tests	2025-02-04T11:21:06.6299965Z -- 	at java.base/java.net.InetAddress$PlatformResolver.lookupByName(InetAddress.java:1211)
Base IT (2)	Run base tests	2025-02-04T11:21:06.6300533Z -- 	at java.base/java.net.InetAddress.getAddressesFromNameService(InetAddress.java:1828)
Base IT (2)	Run base tests	2025-02-04T11:21:06.6301077Z -- 	at java.base/java.net.InetAddress$NameServiceAddresses.get(InetAddress.java:1139)
Base IT (2)	Run base tests	2025-02-04T11:21:06.6301562Z -- 	at java.base/java.net.InetAddress.getAllByName0(InetAddress.java:1818)
Base IT (2)	Run base tests	2025-02-04T11:21:06.6302015Z -- 	at java.base/java.net.InetAddress.getAllByName(InetAddress.java:1688)
Base IT (2)	Run base tests	2025-02-04T11:21:06.6302453Z -- 	at java.base/java.net.InetAddress.getByName(InetAddress.java:1568)
Base IT (2)	Run base tests	2025-02-04T11:21:06.6302831Z -- 	at io.undertow.Undertow.start(Undertow.java:196)
Base IT (2)	Run base tests	2025-02-04T11:21:06.6303099Z -- 	... 61 more
Base IT (2)	Run base tests	2025-02-04T11:21:06.6303275Z -- 
Base IT (2)	Run base tests	2025-02-04T11:21:06.6303965Z -- [ERROR] org.keycloak.testsuite.broker.KcOidcBrokerFrontendUrlTest.testLogInAsUserInIDP  Time elapsed: 0.055 s  <<< ERROR!
Base IT (2)	Run base tests	2025-02-04T11:21:06.6305096Z -- java.lang.RuntimeException: java.lang.RuntimeException: java.lang.RuntimeException: java.net.UnknownHostException: proxy.kc.127.0.0.1.nip.io
Base IT (2)	Run base tests	2025-02-04T11:21:06.6305852Z -- 	at org.keycloak.testsuite.util.ReverseProxy$1.evaluate(ReverseProxy.java:42)
Base IT (2)	Run base tests	2025-02-04T11:21:06.6306355Z -- 	at org.jboss.arquillian.junit.Arquillian$7$1.invoke(Arquillian.java:273)
Base IT (2)	Run base tests	2025-02-04T11:21:06.6307187Z -- 	at org.jboss.arquillian.container.test.impl.execution.ClientBeforeAfterLifecycleEventExecuter.execute(ClientBeforeAfterLifecycleEventExecuter.java:88)
Base IT (2)	Run base tests	2025-02-04T11:21:06.6308327Z -- 	at org.jboss.arquillian.container.test.impl.execution.ClientBeforeAfterLifecycleEventExecuter.on(ClientBeforeAfterLifecycleEventExecuter.java:66)
Base IT (2)	Run base tests	2025-02-04T11:21:06.6309242Z -- 	at java.base/jdk.internal.reflect.DirectMethodHandleAccessor.invoke(DirectMethodHandleAccessor.java:103)
Base IT (2)	Run base tests	2025-02-04T11:21:06.6309811Z -- 	at java.base/java.lang.reflect.Method.invoke(Method.java:580)
Base IT (2)	Run base tests	2025-02-04T11:21:06.6310269Z -- 	at org.jboss.arquillian.core.impl.ObserverImpl.invoke(ObserverImpl.java:86)
Base IT (2)	Run base tests	2025-02-04T11:21:06.6310844Z -- 	at org.jboss.arquillian.core.impl.EventContextImpl.invokeObservers(EventContextImpl.java:103)
Base IT (2)	Run base tests	2025-02-04T11:21:06.6311465Z -- 	at org.jboss.arquillian.core.impl.EventContextImpl.proceed(EventContextImpl.java:90)
Base IT (2)	Run base tests	2025-02-04T11:21:06.6312230Z -- 	at org.jboss.arquillian.container.test.impl.client.ContainerEventController.createContext(ContainerEventController.java:128)
Base IT (2)	Run base tests	2025-02-04T11:21:06.6313186Z -- 	at org.jboss.arquillian.container.test.impl.client.ContainerEventController.createBeforeContext(ContainerEventController.java:114)
Base IT (2)	Run base tests	2025-02-04T11:21:06.6314147Z -- 	at java.base/jdk.internal.reflect.DirectMethodHandleAccessor.invoke(DirectMethodHandleAccessor.java:103)
Base IT (2)	Run base tests	2025-02-04T11:21:06.6314711Z -- 	at java.base/java.lang.reflect.Method.invoke(Method.java:580)
Base IT (2)	Run base tests	2025-02-04T11:21:06.6315162Z -- 	at org.jboss.arquillian.core.impl.ObserverImpl.invoke(ObserverImpl.java:86)
Base IT (2)	Run base tests	2025-02-04T11:21:06.6315712Z -- 	at org.jboss.arquillian.core.impl.EventContextImpl.proceed(EventContextImpl.java:95)
Base IT (2)	Run base tests	2025-02-04T11:21:06.6316349Z -- 	at org.jboss.arquillian.test.impl.TestContextHandler.createTestContext(TestContextHandler.java:116)
Base IT (2)	Run base tests	2025-02-04T11:21:06.6317328Z -- 	at java.base/jdk.internal.reflect.DirectMethodHandleAccessor.invoke(DirectMethodHandleAccessor.java:103)
Base IT (2)	Run base tests	2025-02-04T11:21:06.6317893Z -- 	at java.base/java.lang.reflect.Method.invoke(Method.java:580)
Base IT (2)	Run base tests	2025-02-04T11:21:06.6318341Z -- 	at org.jboss.arquillian.core.impl.ObserverImpl.invoke(ObserverImpl.java:86)
Base IT (2)	Run base tests	2025-02-04T11:21:06.6318880Z -- 	at org.jboss.arquillian.core.impl.EventContextImpl.proceed(EventContextImpl.java:95)
Base IT (2)	Run base tests	2025-02-04T11:21:06.6319513Z -- 	at org.jboss.arquillian.test.impl.TestContextHandler.createClassContext(TestContextHandler.java:83)
Base IT (2)	Run base tests	2025-02-04T11:21:06.6320221Z -- 	at java.base/jdk.internal.reflect.DirectMethodHandleAccessor.invoke(DirectMethodHandleAccessor.java:103)
Base IT (2)	Run base tests	2025-02-04T11:21:06.6320780Z -- 	at java.base/java.lang.reflect.Method.invoke(Method.java:580)
Base IT (2)	Run base tests	2025-02-04T11:21:06.6321223Z -- 	at org.jboss.arquillian.core.impl.ObserverImpl.invoke(ObserverImpl.java:86)
Base IT (2)	Run base tests	2025-02-04T11:21:06.6321764Z -- 	at org.jboss.arquillian.core.impl.EventContextImpl.proceed(EventContextImpl.java:95)
Base IT (2)	Run base tests	2025-02-04T11:21:06.6322769Z -- 	at org.jboss.arquillian.test.impl.TestContextHandler.createSuiteContext(TestContextHandler.java:69)
Base IT (2)	Run base tests	2025-02-04T11:21:06.6323883Z -- 	at java.base/jdk.internal.reflect.DirectMethodHandleAccessor.invoke(DirectMethodHandleAccessor.java:103)
Base IT (2)	Run base tests	2025-02-04T11:21:06.6324458Z -- 	at java.base/java.lang.reflect.Method.invoke(Method.java:580)
Base IT (2)	Run base tests	2025-02-04T11:21:06.6324906Z -- 	at org.jboss.arquillian.core.impl.ObserverImpl.invoke(ObserverImpl.java:86)
Base IT (2)	Run base tests	2025-02-04T11:21:06.6325440Z -- 	at org.jboss.arquillian.core.impl.EventContextImpl.proceed(EventContextImpl.java:95)
Base IT (2)	Run base tests	2025-02-04T11:21:06.6325967Z -- 	at org.jboss.arquillian.core.impl.ManagerImpl.fire(ManagerImpl.java:133)
Base IT (2)	Run base tests	2025-02-04T11:21:06.6326446Z -- 	at org.jboss.arquillian.core.impl.ManagerImpl.fire(ManagerImpl.java:105)
Base IT (2)	Run base tests	2025-02-04T11:21:06.6327075Z -- 	at org.jboss.arquillian.test.impl.EventTestRunnerAdaptor.fireCustomLifecycle(EventTestRunnerAdaptor.java:159)
Base IT (2)	Run base tests	2025-02-04T11:21:06.6327710Z -- 	at org.jboss.arquillian.junit.Arquillian$7.evaluate(Arquillian.java:267)
Base IT (2)	Run base tests	2025-02-04T11:21:06.6328235Z -- 	at org.junit.runners.BlockJUnit4ClassRunner$1.evaluate(BlockJUnit4ClassRunner.java:100)
Base IT (2)	Run base tests	2025-02-04T11:21:06.6328770Z -- 	at org.junit.runners.ParentRunner.runLeaf(ParentRunner.java:366)
Base IT (2)	Run base tests	2025-02-04T11:21:06.6329275Z -- 	at org.junit.runners.BlockJUnit4ClassRunner.runChild(BlockJUnit4ClassRunner.java:103)
Base IT (2)	Run base tests	2025-02-04T11:21:06.6330039Z -- 	at org.junit.runners.BlockJUnit4ClassRunner.runChild(BlockJUnit4ClassRunner.java:63)
Base IT (2)	Run base tests	2025-02-04T11:21:06.6330883Z -- 	at org.junit.runners.ParentRunner$4.run(ParentRunner.java:331)
Base IT (2)	Run base tests	2025-02-04T11:21:06.6331560Z -- 	at org.junit.runners.ParentRunner$1.schedule(ParentRunner.java:79)
Base IT (2)	Run base tests	2025-02-04T11:21:06.6332319Z -- 	at org.junit.runners.ParentRunner.runChildren(ParentRunner.java:329)
Base IT (2)	Run base tests	2025-02-04T11:21:06.6333080Z -- 	at org.junit.runners.ParentRunner.access$100(ParentRunner.java:66)
Base IT (2)	Run base tests	2025-02-04T11:21:06.6333985Z -- 	at org.junit.runners.ParentRunner$2.evaluate(ParentRunner.java:293)
Base IT (2)	Run base tests	2025-02-04T11:21:06.6334772Z -- 	at org.jboss.arquillian.junit.Arquillian$2.evaluate(Arquillian.java:160)
Base IT (2)	Run base tests	2025-02-04T11:21:06.6335631Z -- 	at org.jboss.arquillian.junit.Arquillian.multiExecute(Arquillian.java:344)
Base IT (2)	Run base tests	2025-02-04T11:21:06.6336502Z -- 	at org.jboss.arquillian.junit.Arquillian.access$200(Arquillian.java:48)
Base IT (2)	Run base tests	2025-02-04T11:21:06.6337347Z -- 	at org.jboss.arquillian.junit.Arquillian$3.evaluate(Arquillian.java:171)
Base IT (2)	Run base tests	2025-02-04T11:21:06.6338172Z -- 	at org.junit.rules.ExternalResource$1.evaluate(ExternalResource.java:54)
Base IT (2)	Run base tests	2025-02-04T11:21:06.6338900Z -- 	at org.junit.rules.RunRules.evaluate(RunRules.java:20)
Base IT (2)	Run base tests	2025-02-04T11:21:06.6339579Z -- 	at org.junit.runners.ParentRunner$3.evaluate(ParentRunner.java:306)
Base IT (2)	Run base tests	2025-02-04T11:21:06.6340304Z -- 	at org.junit.runners.ParentRunner.run(ParentRunner.java:413)
Base IT (2)	Run base tests	2025-02-04T11:21:06.6341024Z -- 	at org.jboss.arquillian.junit.Arquillian.run(Arquillian.java:109)
Base IT (2)	Run base tests	2025-02-04T11:21:06.6341900Z -- 	at org.apache.maven.surefire.junit4.JUnit4Provider.execute(JUnit4Provider.java:377)
Base IT (2)	Run base tests	2025-02-04T11:21:06.6343348Z -- 	at org.apache.maven.surefire.junit4.JUnit4Provider.executeWithRerun(JUnit4Provider.java:302)
Base IT (2)	Run base tests	2025-02-04T11:21:06.6344664Z -- 	at org.apache.maven.surefire.junit4.JUnit4Provider.executeTestSet(JUnit4Provider.java:248)
Base IT (2)	Run base tests	2025-02-04T11:21:06.6345726Z -- 	at org.apache.maven.surefire.junit4.JUnit4Provider.invoke(JUnit4Provider.java:167)
Base IT (2)	Run base tests	2025-02-04T11:21:06.6346781Z -- 	at org.apache.maven.surefire.booter.ForkedBooter.runSuitesInProcess(ForkedBooter.java:456)
Base IT (2)	Run base tests	2025-02-04T11:21:06.6347822Z -- 	at org.apache.maven.surefire.booter.ForkedBooter.execute(ForkedBooter.java:169)
Base IT (2)	Run base tests	2025-02-04T11:21:06.6348738Z -- 	at org.apache.maven.surefire.booter.ForkedBooter.run(ForkedBooter.java:595)
Base IT (2)	Run base tests	2025-02-04T11:21:06.6349660Z -- 	at org.apache.maven.surefire.booter.ForkedBooter.main(ForkedBooter.java:581)
Base IT (2)	Run base tests	2025-02-04T11:21:06.6350831Z -- Caused by: java.lang.RuntimeException: java.lang.RuntimeException: java.net.UnknownHostException: proxy.kc.127.0.0.1.nip.io
Base IT (2)	Run base tests	2025-02-04T11:21:06.6352342Z -- 	at org.keycloak.testsuite.arquillian.undertow.lb.SimpleUndertowLoadBalancer.start(SimpleUndertowLoadBalancer.java:121)
Base IT (2)	Run base tests	2025-02-04T11:21:06.6353742Z -- 	at org.keycloak.testsuite.util.ReverseProxy$1.evaluate(ReverseProxy.java:38)
Base IT (2)	Run base tests	2025-02-04T11:21:06.6354411Z -- 	... 59 more
Base IT (2)	Run base tests	2025-02-04T11:21:06.6355036Z -- Caused by: java.lang.RuntimeException: java.net.UnknownHostException: proxy.kc.127.0.0.1.nip.io
Base IT (2)	Run base tests	2025-02-04T11:21:06.6355898Z -- 	at io.undertow.Undertow.start(Undertow.java:254)
Base IT (2)	Run base tests	2025-02-04T11:21:06.6357031Z -- 	at org.keycloak.testsuite.arquillian.undertow.lb.SimpleUndertowLoadBalancer.start(SimpleUndertowLoadBalancer.java:112)
Base IT (2)	Run base tests	2025-02-04T11:21:06.6358018Z -- 	... 60 more
Base IT (2)	Run base tests	2025-02-04T11:21:06.6358505Z -- Caused by: java.net.UnknownHostException: proxy.kc.127.0.0.1.nip.io
Base IT (2)	Run base tests	2025-02-04T11:21:06.6359259Z -- 	at java.base/java.net.InetAddress$CachedLookup.get(InetAddress.java:988)
Base IT (2)	Run base tests	2025-02-04T11:21:06.6360071Z -- 	at java.base/java.net.InetAddress.getAllByName0(InetAddress.java:1818)
Base IT (2)	Run base tests	2025-02-04T11:21:06.6360877Z -- 	at java.base/java.net.InetAddress.getAllByName(InetAddress.java:1688)
Base IT (2)	Run base tests	2025-02-04T11:21:06.6361654Z -- 	at java.base/java.net.InetAddress.getByName(InetAddress.java:1568)
Base IT (2)	Run base tests	2025-02-04T11:21:06.6362305Z -- 	at io.undertow.Undertow.start(Undertow.java:196)
Base IT (2)	Run base tests	2025-02-04T11:21:06.6362779Z -- 	... 61 more
Base IT (2)	Run base tests	2025-02-04T11:21:06.6363066Z -- 
Base IT (2)	Run base tests	2025-02-04T11:21:06.6364048Z -- [ERROR] org.keycloak.testsuite.broker.KcOidcBrokerFrontendUrlTest.testLogInAsUserInIDP  Time elapsed: 0.061 s  <<< ERROR!
Base IT (2)	Run base tests	2025-02-04T11:21:06.6365677Z -- java.lang.RuntimeException: java.lang.RuntimeException: java.lang.RuntimeException: java.net.UnknownHostException: proxy.kc.127.0.0.1.nip.io
Base IT (2)	Run base tests	2025-02-04T11:21:06.6366958Z -- 	at org.keycloak.testsuite.util.ReverseProxy$1.evaluate(ReverseProxy.java:42)
Base IT (2)	Run base tests	2025-02-04T11:21:06.6367825Z -- 	at org.jboss.arquillian.junit.Arquillian$7$1.invoke(Arquillian.java:273)
Base IT (2)	Run base tests	2025-02-04T11:21:06.6369277Z -- 	at org.jboss.arquillian.container.test.impl.execution.ClientBeforeAfterLifecycleEventExecuter.execute(ClientBeforeAfterLifecycleEventExecuter.java:88)
Base IT (2)	Run base tests	2025-02-04T11:21:06.6371395Z -- 	at org.jboss.arquillian.container.test.impl.execution.ClientBeforeAfterLifecycleEventExecuter.on(ClientBeforeAfterLifecycleEventExecuter.java:66)
Base IT (2)	Run base tests	2025-02-04T11:21:06.6373034Z -- 	at java.base/jdk.internal.reflect.DirectMethodHandleAccessor.invoke(DirectMethodHandleAccessor.java:103)
Base IT (2)	Run base tests	2025-02-04T11:21:06.6374214Z -- 	at java.base/java.lang.reflect.Method.invoke(Method.java:580)
Base IT (2)	Run base tests	2025-02-04T11:21:06.6375023Z -- 	at org.jboss.arquillian.core.impl.ObserverImpl.invoke(ObserverImpl.java:86)
Base IT (2)	Run base tests	2025-02-04T11:21:06.6376054Z -- 	at org.jboss.arquillian.core.impl.EventContextImpl.invokeObservers(EventContextImpl.java:103)
Base IT (2)	Run base tests	2025-02-04T11:21:06.6377124Z -- 	at org.jboss.arquillian.core.impl.EventContextImpl.proceed(EventContextImpl.java:90)
Base IT (2)	Run base tests	2025-02-04T11:21:06.6378484Z -- 	at org.jboss.arquillian.container.test.impl.client.ContainerEventController.createContext(ContainerEventController.java:128)
Base IT (2)	Run base tests	2025-02-04T11:21:06.6380509Z -- 	at org.jboss.arquillian.container.test.impl.client.ContainerEventController.createBeforeContext(ContainerEventController.java:114)
Base IT (2)	Run base tests	2025-02-04T11:21:06.6382232Z -- 	at java.base/jdk.internal.reflect.DirectMethodHandleAccessor.invoke(DirectMethodHandleAccessor.java:103)
Base IT (2)	Run base tests	2025-02-04T11:21:06.6383245Z -- 	at java.base/java.lang.reflect.Method.invoke(Method.java:580)
Base IT (2)	Run base tests	2025-02-04T11:21:06.6384220Z -- 	at org.jboss.arquillian.core.impl.ObserverImpl.invoke(ObserverImpl.java:86)
Base IT (2)	Run base tests	2025-02-04T11:21:06.6385198Z -- 	at org.jboss.arquillian.core.impl.EventContextImpl.proceed(EventContextImpl.java:95)
Base IT (2)	Run base tests	2025-02-04T11:21:06.6386332Z -- 	at org.jboss.arquillian.test.impl.TestContextHandler.createTestContext(TestContextHandler.java:116)
Base IT (2)	Run base tests	2025-02-04T11:21:06.6387640Z -- 	at java.base/jdk.internal.reflect.DirectMethodHandleAccessor.invoke(DirectMethodHandleAccessor.java:103)
Base IT (2)	Run base tests	2025-02-04T11:21:06.6388642Z -- 	at java.base/java.lang.reflect.Method.invoke(Method.java:580)
Base IT (2)	Run base tests	2025-02-04T11:21:06.6389431Z -- 	at org.jboss.arquillian.core.impl.ObserverImpl.invoke(ObserverImpl.java:86)
Base IT (2)	Run base tests	2025-02-04T11:21:06.6390415Z -- 	at org.jboss.arquillian.core.impl.EventContextImpl.proceed(EventContextImpl.java:95)
Base IT (2)	Run base tests	2025-02-04T11:21:06.6391574Z -- 	at org.jboss.arquillian.test.impl.TestContextHandler.createClassContext(TestContextHandler.java:83)
Base IT (2)	Run base tests	2025-02-04T11:21:06.6392866Z -- 	at java.base/jdk.internal.reflect.DirectMethodHandleAccessor.invoke(DirectMethodHandleAccessor.java:103)
Base IT (2)	Run base tests	2025-02-04T11:21:06.6394028Z -- 	at java.base/java.lang.reflect.Method.invoke(Method.java:580)
Base IT (2)	Run base tests	2025-02-04T11:21:06.6394832Z -- 	at org.jboss.arquillian.core.impl.ObserverImpl.invoke(ObserverImpl.java:86)
Base IT (2)	Run base tests	2025-02-04T11:21:06.6395782Z -- 	at org.jboss.arquillian.core.impl.EventContextImpl.proceed(EventContextImpl.java:95)
Base IT (2)	Run base tests	2025-02-04T11:21:06.6396922Z -- 	at org.jboss.arquillian.test.impl.TestContextHandler.createSuiteContext(TestContextHandler.java:69)
Base IT (2)	Run base tests	2025-02-04T11:21:06.6398206Z -- 	at java.base/jdk.internal.reflect.DirectMethodHandleAccessor.invoke(DirectMethodHandleAccessor.java:103)
Base IT (2)	Run base tests	2025-02-04T11:21:06.6399219Z -- 	at java.base/java.lang.reflect.Method.invoke(Method.java:580)
Base IT (2)	Run base tests	2025-02-04T11:21:06.6400033Z -- 	at org.jboss.arquillian.core.impl.ObserverImpl.invoke(ObserverImpl.java:86)
Base IT (2)	Run base tests	2025-02-04T11:21:06.6400984Z -- 	at org.jboss.arquillian.core.impl.EventContextImpl.proceed(EventContextImpl.java:95)
Base IT (2)	Run base tests	2025-02-04T11:21:06.6401904Z -- 	at org.jboss.arquillian.core.impl.ManagerImpl.fire(ManagerImpl.java:133)
Base IT (2)	Run base tests	2025-02-04T11:21:06.6402783Z -- 	at org.jboss.arquillian.core.impl.ManagerImpl.fire(ManagerImpl.java:105)
Base IT (2)	Run base tests	2025-02-04T11:21:06.6404080Z -- 	at org.jboss.arquillian.test.impl.EventTestRunnerAdaptor.fireCustomLifecycle(EventTestRunnerAdaptor.java:159)
Base IT (2)	Run base tests	2025-02-04T11:21:06.6405216Z -- 	at org.jboss.arquillian.junit.Arquillian$7.evaluate(Arquillian.java:267)
Base IT (2)	Run base tests	2025-02-04T11:21:06.6406147Z -- 	at org.junit.runners.BlockJUnit4ClassRunner$1.evaluate(BlockJUnit4ClassRunner.java:100)
Base IT (2)	Run base tests	2025-02-04T11:21:06.6407054Z -- 	at org.junit.runners.ParentRunner.runLeaf(ParentRunner.java:366)
Base IT (2)	Run base tests	2025-02-04T11:21:06.6407956Z -- 	at org.junit.runners.BlockJUnit4ClassRunner.runChild(BlockJUnit4ClassRunner.java:103)
Base IT (2)	Run base tests	2025-02-04T11:21:06.6409016Z -- 	at org.junit.runners.BlockJUnit4ClassRunner.runChild(BlockJUnit4ClassRunner.java:63)
Base IT (2)	Run base tests	2025-02-04T11:21:06.6409889Z -- 	at org.junit.runners.ParentRunner$4.run(ParentRunner.java:331)
Base IT (2)	Run base tests	2025-02-04T11:21:06.6410618Z -- 	at org.junit.runners.ParentRunner$1.schedule(ParentRunner.java:79)
Base IT (2)	Run base tests	2025-02-04T11:21:06.6411406Z -- 	at org.junit.runners.ParentRunner.runChildren(ParentRunner.java:329)
Base IT (2)	Run base tests	2025-02-04T11:21:06.6412263Z -- 	at org.junit.runners.ParentRunner.access$100(ParentRunner.java:66)
Base IT (2)	Run base tests	2025-02-04T11:21:06.6413038Z -- 	at org.junit.runners.ParentRunner$2.evaluate(ParentRunner.java:293)
Base IT (2)	Run base tests	2025-02-04T11:21:06.6413996Z -- 	at org.jboss.arquillian.junit.Arquillian$2.evaluate(Arquillian.java:160)
Base IT (2)	Run base tests	2025-02-04T11:21:06.6414864Z -- 	at org.jboss.arquillian.junit.Arquillian.multiExecute(Arquillian.java:344)
Base IT (2)	Run base tests	2025-02-04T11:21:06.6415730Z -- 	at org.jboss.arquillian.junit.Arquillian.access$200(Arquillian.java:48)
Base IT (2)	Run base tests	2025-02-04T11:21:06.6416907Z -- 	at org.jboss.arquillian.junit.Arquillian$3.evaluate(Arquillian.java:171)
Base IT (2)	Run base tests	2025-02-04T11:21:06.6418025Z -- 	at org.junit.rules.ExternalResource$1.evaluate(ExternalResource.java:54)
Base IT (2)	Run base tests	2025-02-04T11:21:06.6418768Z -- 	at org.junit.rules.RunRules.evaluate(RunRules.java:20)
Base IT (2)	Run base tests	2025-02-04T11:21:06.6419484Z -- 	at org.junit.runners.ParentRunner$3.evaluate(ParentRunner.java:306)
Base IT (2)	Run base tests	2025-02-04T11:21:06.6420240Z -- 	at org.junit.runners.ParentRunner.run(ParentRunner.java:413)
Base IT (2)	Run base tests	2025-02-04T11:21:06.6420977Z -- 	at org.jboss.arquillian.junit.Arquillian.run(Arquillian.java:109)
Base IT (2)	Run base tests	2025-02-04T11:21:06.6421865Z -- 	at org.apache.maven.surefire.junit4.JUnit4Provider.execute(JUnit4Provider.java:377)
Base IT (2)	Run base tests	2025-02-04T11:21:06.6422967Z -- 	at org.apache.maven.surefire.junit4.JUnit4Provider.executeWithRerun(JUnit4Provider.java:302)
Base IT (2)	Run base tests	2025-02-04T11:21:06.6424550Z -- 	at org.apache.maven.surefire.junit4.JUnit4Provider.executeTestSet(JUnit4Provider.java:248)
Base IT (2)	Run base tests	2025-02-04T11:21:06.6425725Z -- 	at org.apache.maven.surefire.junit4.JUnit4Provider.invoke(JUnit4Provider.java:167)
Base IT (2)	Run base tests	2025-02-04T11:21:06.6426830Z -- 	at org.apache.maven.surefire.booter.ForkedBooter.runSuitesInProcess(ForkedBooter.java:456)
Base IT (2)	Run base tests	2025-02-04T11:21:06.6427882Z -- 	at org.apache.maven.surefire.booter.ForkedBooter.execute(ForkedBooter.java:169)
Base IT (2)	Run base tests	2025-02-04T11:21:06.6428867Z -- 	at org.apache.maven.surefire.booter.ForkedBooter.run(ForkedBooter.java:595)
Base IT (2)	Run base tests	2025-02-04T11:21:06.6429884Z -- 	at org.apache.maven.surefire.booter.ForkedBooter.main(ForkedBooter.java:581)
Base IT (2)	Run base tests	2025-02-04T11:21:06.6431061Z -- Caused by: java.lang.RuntimeException: java.lang.RuntimeException: java.net.UnknownHostException: proxy.kc.127.0.0.1.nip.io
Base IT (2)	Run base tests	2025-02-04T11:21:06.6432587Z -- 	at org.keycloak.testsuite.arquillian.undertow.lb.SimpleUndertowLoadBalancer.start(SimpleUndertowLoadBalancer.java:121)
Base IT (2)	Run base tests	2025-02-04T11:21:06.6434010Z -- 	at org.keycloak.testsuite.util.ReverseProxy$1.evaluate(ReverseProxy.java:38)
Base IT (2)	Run base tests	2025-02-04T11:21:06.6434662Z -- 	... 59 more
Base IT (2)	Run base tests	2025-02-04T11:21:06.6435324Z -- Caused by: java.lang.RuntimeException: java.net.UnknownHostException: proxy.kc.127.0.0.1.nip.io
Base IT (2)	Run base tests	2025-02-04T11:21:06.6436171Z -- 	at io.undertow.Undertow.start(Undertow.java:254)
Base IT (2)	Run base tests	2025-02-04T11:21:06.6437264Z -- 	at org.keycloak.testsuite.arquillian.undertow.lb.SimpleUndertowLoadBalancer.start(SimpleUndertowLoadBalancer.java:112)
Base IT (2)	Run base tests	2025-02-04T11:21:06.6438271Z -- 	... 60 more
Base IT (2)	Run base tests	2025-02-04T11:21:06.6438749Z -- Caused by: java.net.UnknownHostException: proxy.kc.127.0.0.1.nip.io
Base IT (2)	Run base tests	2025-02-04T11:21:06.6439559Z -- 	at java.base/java.net.InetAddress$CachedLookup.get(InetAddress.java:988)
Base IT (2)	Run base tests	2025-02-04T11:21:06.6440378Z -- 	at java.base/java.net.InetAddress.getAllByName0(InetAddress.java:1818)
Base IT (2)	Run base tests	2025-02-04T11:21:06.6441175Z -- 	at java.base/java.net.InetAddress.getAllByName(InetAddress.java:1688)
Base IT (2)	Run base tests	2025-02-04T11:21:06.6441947Z -- 	at java.base/java.net.InetAddress.getByName(InetAddress.java:1568)
Base IT (2)	Run base tests	2025-02-04T11:21:06.6442607Z -- 	at io.undertow.Undertow.start(Undertow.java:196)
Base IT (2)	Run base tests	2025-02-04T11:21:06.6443080Z -- 	... 61 more
Base IT (2)	Run base tests	2025-02-04T11:21:06.6443384Z -- 
Base IT (2)	Run base tests	2025-02-04T11:21:06.6444075Z [INFO] Running org.keycloak.testsuite.broker.KcOidcBrokerHiddenIdpHintTest
Base IT (2)	Run base tests	2025-02-04T11:21:08.0720198Z [INFO] Tests run: 1, Failures: 0, Errors: 0, Skipped: 0, Time elapsed: 1.449 s - in org.keycloak.testsuite.broker.KcOidcBrokerHiddenIdpHintTest
Base IT (2)	Run base tests	2025-02-04T11:21:08.0723145Z [INFO] Running org.keycloak.testsuite.broker.KcOidcBrokerIdpHintTest
Base IT (2)	Run base tests	2025-02-04T11:21:12.1199916Z [INFO] Tests run: 3, Failures: 0, Errors: 0, Skipped: 0, Time elapsed: 4.035 s - in org.keycloak.testsuite.broker.KcOidcBrokerIdpHintTest
Base IT (2)	Run base tests	2025-02-04T11:21:12.1202675Z [INFO] Running org.keycloak.testsuite.broker.KcOidcBrokerIdpPublicKeyMissingUseTest
Base IT (2)	Run base tests	2025-02-04T11:21:15.1042072Z [INFO] Tests run: 2, Failures: 0, Errors: 0, Skipped: 0, Time elapsed: 2.97 s - in org.keycloak.testsuite.broker.KcOidcBrokerIdpPublicKeyMissingUseTest
Base IT (2)	Run base tests	2025-02-04T11:21:15.1045868Z [INFO] Running org.keycloak.testsuite.broker.KcOidcBrokerJWEEcdhEsA128KwP256A128CbcHs256Test
Base IT (2)	Run base tests	2025-02-04T11:21:18.7518662Z [INFO] Tests run: 3, Failures: 0, Errors: 0, Skipped: 0, Time elapsed: 3.635 s - in org.keycloak.testsuite.broker.KcOidcBrokerJWEEcdhEsA128KwP256A128CbcHs256Test
Base IT (2)	Run base tests	2025-02-04T11:21:18.7521083Z [INFO] Running org.keycloak.testsuite.broker.KcOidcBrokerJWEEcdhEsA128KwP256A128GcmTest
Base IT (2)	Run base tests	2025-02-04T11:21:22.2095381Z [INFO] Tests run: 3, Failures: 0, Errors: 0, Skipped: 0, Time elapsed: 3.445 s - in org.keycloak.testsuite.broker.KcOidcBrokerJWEEcdhEsA128KwP256A128GcmTest
Base IT (2)	Run base tests	2025-02-04T11:21:22.2097750Z [INFO] Running org.keycloak.testsuite.broker.KcOidcBrokerJWEEcdhEsA192KwP384A192CbcHs384Test
Base IT (2)	Run base tests	2025-02-04T11:21:25.7249821Z [INFO] Tests run: 3, Failures: 0, Errors: 0, Skipped: 0, Time elapsed: 3.495 s - in org.keycloak.testsuite.broker.KcOidcBrokerJWEEcdhEsA192KwP384A192CbcHs384Test
Base IT (2)	Run base tests	2025-02-04T11:21:25.7263684Z [INFO] Running org.keycloak.testsuite.broker.KcOidcBrokerJWEEcdhEsA192KwP384A192GcmTest
Base IT (2)	Run base tests	2025-02-04T11:21:29.2808821Z [INFO] Tests run: 3, Failures: 0, Errors: 0, Skipped: 0, Time elapsed: 3.546 s - in org.keycloak.testsuite.broker.KcOidcBrokerJWEEcdhEsA192KwP384A192GcmTest
Base IT (2)	Run base tests	2025-02-04T11:21:29.2812466Z [INFO] Running org.keycloak.testsuite.broker.KcOidcBrokerJWEEcdhEsA256KwP521A256CbcHs512Test
Base IT (2)	Run base tests	2025-02-04T11:21:32.8577879Z [INFO] Tests run: 3, Failures: 0, Errors: 0, Skipped: 0, Time elapsed: 3.568 s - in org.keycloak.testsuite.broker.KcOidcBrokerJWEEcdhEsA256KwP521A256CbcHs512Test
Base IT (2)	Run base tests	2025-02-04T11:21:32.8580190Z [INFO] Running org.keycloak.testsuite.broker.KcOidcBrokerJWEEcdhEsA256KwP521A256GcmTest
Base IT (2)	Run base tests	2025-02-04T11:21:36.1630954Z [INFO] Tests run: 3, Failures: 0, Errors: 0, Skipped: 0, Time elapsed: 3.291 s - in org.keycloak.testsuite.broker.KcOidcBrokerJWEEcdhEsA256KwP521A256GcmTest
Base IT (2)	Run base tests	2025-02-04T11:21:36.1632790Z [INFO] Running org.keycloak.testsuite.broker.KcOidcBrokerJWEEcdhEsP384A192CbcHs384Test
Base IT (2)	Run base tests	2025-02-04T11:21:39.6617201Z [INFO] Tests run: 3, Failures: 0, Errors: 0, Skipped: 0, Time elapsed: 3.488 s - in org.keycloak.testsuite.broker.KcOidcBrokerJWEEcdhEsP384A192CbcHs384Test
Base IT (2)	Run base tests	2025-02-04T11:21:39.6619243Z [INFO] Running org.keycloak.testsuite.broker.KcOidcBrokerJWEEcdhEsP384A192GcmTest
Base IT (2)	Run base tests	2025-02-04T11:21:43.4081354Z [INFO] Tests run: 3, Failures: 0, Errors: 0, Skipped: 0, Time elapsed: 3.739 s - in org.keycloak.testsuite.broker.KcOidcBrokerJWEEcdhEsP384A192GcmTest
Base IT (2)	Run base tests	2025-02-04T11:21:43.4083879Z [INFO] Running org.keycloak.testsuite.broker.KcOidcBrokerJWETest
Base IT (2)	Run base tests	2025-02-04T11:21:48.1013948Z [INFO] Tests run: 3, Failures: 0, Errors: 0, Skipped: 0, Time elapsed: 4.673 s - in org.keycloak.testsuite.broker.KcOidcBrokerJWETest
Base IT (2)	Run base tests	2025-02-04T11:21:48.1015640Z [INFO] Running org.keycloak.testsuite.broker.KcOidcBrokerJWEUserInfoJustEncryptedTest
Base IT (2)	Run base tests	2025-02-04T11:21:52.1204913Z [INFO] Tests run: 3, Failures: 0, Errors: 0, Skipped: 0, Time elapsed: 4.012 s - in org.keycloak.testsuite.broker.KcOidcBrokerJWEUserInfoJustEncryptedTest
Base IT (2)	Run base tests	2025-02-04T11:21:52.1206981Z [INFO] Running org.keycloak.testsuite.broker.KcOidcBrokerLdapTest
Base IT (2)	Run base tests	2025-02-04T11:21:57.5190844Z [INFO] Tests run: 1, Failures: 0, Errors: 0, Skipped: 0, Time elapsed: 5.386 s - in org.keycloak.testsuite.broker.KcOidcBrokerLdapTest
Base IT (2)	Run base tests	2025-02-04T11:21:57.5192083Z [INFO] Running org.keycloak.testsuite.broker.KcOidcBrokerLoginHintTest
Base IT (2)	Run base tests	2025-02-04T11:22:02.4938500Z [INFO] Tests run: 3, Failures: 0, Errors: 0, Skipped: 0, Time elapsed: 4.964 s - in org.keycloak.testsuite.broker.KcOidcBrokerLoginHintTest
Base IT (2)	Run base tests	2025-02-04T11:22:02.4941596Z [INFO] Running org.keycloak.testsuite.broker.KcOidcBrokerLogoutFrontChannelTest
Base IT (2)	Run base tests	2025-02-04T11:22:03.9661861Z [INFO] Tests run: 1, Failures: 0, Errors: 0, Skipped: 0, Time elapsed: 1.459 s - in org.keycloak.testsuite.broker.KcOidcBrokerLogoutFrontChannelTest
Base IT (2)	Run base tests	2025-02-04T11:22:03.9663990Z [INFO] Running org.keycloak.testsuite.broker.KcOidcBrokerLogoutTest
Base IT (2)	Run base tests	2025-02-04T11:22:17.4722789Z [INFO] Tests run: 8, Failures: 0, Errors: 0, Skipped: 0, Time elapsed: 13.492 s - in org.keycloak.testsuite.broker.KcOidcBrokerLogoutTest
Base IT (2)	Run base tests	2025-02-04T11:22:17.4728747Z [INFO] Running org.keycloak.testsuite.broker.KcOidcBrokerNoLoginHintTest
Base IT (2)	Run base tests	2025-02-04T11:22:20.3877596Z [INFO] Tests run: 2, Failures: 0, Errors: 0, Skipped: 0, Time elapsed: 2.902 s - in org.keycloak.testsuite.broker.KcOidcBrokerNoLoginHintTest
Base IT (2)	Run base tests	2025-02-04T11:22:20.3879775Z [INFO] Running org.keycloak.testsuite.broker.KcOidcBrokerNonceParameterTest
Base IT (2)	Run base tests	2025-02-04T11:22:25.5064949Z [INFO] Tests run: 3, Failures: 0, Errors: 0, Skipped: 0, Time elapsed: 5.111 s - in org.keycloak.testsuite.broker.KcOidcBrokerNonceParameterTest
Base IT (2)	Run base tests	2025-02-04T11:22:25.5066607Z [INFO] Running org.keycloak.testsuite.broker.KcOidcBrokerParameterForwardTest
Base IT (2)	Run base tests	2025-02-04T11:22:28.7291126Z [INFO] Tests run: 2, Failures: 0, Errors: 0, Skipped: 0, Time elapsed: 3.21 s - in org.keycloak.testsuite.broker.KcOidcBrokerParameterForwardTest
Base IT (2)	Run base tests	2025-02-04T11:22:28.7292679Z [INFO] Running org.keycloak.testsuite.broker.KcOidcBrokerPassMaxAgeTest
Base IT (2)	Run base tests	2025-02-04T11:22:34.1290829Z [WARNING] Tests run: 3, Failures: 0, Errors: 0, Skipped: 1, Time elapsed: 5.389 s - in org.keycloak.testsuite.broker.KcOidcBrokerPassMaxAgeTest
Base IT (2)	Run base tests	2025-02-04T11:22:34.1292955Z [INFO] Running org.keycloak.testsuite.broker.KcOidcBrokerPkceTest
Base IT (2)	Run base tests	2025-02-04T11:22:37.4582932Z [INFO] Tests run: 2, Failures: 0, Errors: 0, Skipped: 0, Time elapsed: 3.323 s - in org.keycloak.testsuite.broker.KcOidcBrokerPkceTest
Base IT (2)	Run base tests	2025-02-04T11:22:37.4584312Z [INFO] Running org.keycloak.testsuite.broker.KcOidcBrokerPrivateKeyJwtClientIdRequiredTest
Base IT (2)	Run base tests	2025-02-04T11:22:41.0065448Z [INFO] Tests run: 2, Failures: 0, Errors: 0, Skipped: 0, Time elapsed: 3.537 s - in org.keycloak.testsuite.broker.KcOidcBrokerPrivateKeyJwtClientIdRequiredTest
Base IT (2)	Run base tests	2025-02-04T11:22:41.0067828Z [INFO] Running org.keycloak.testsuite.broker.KcOidcBrokerPrivateKeyJwtCustomAudienceTest
Base IT (2)	Run base tests	2025-02-04T11:22:43.5484328Z [INFO] Tests run: 2, Failures: 0, Errors: 0, Skipped: 0, Time elapsed: 2.529 s - in org.keycloak.testsuite.broker.KcOidcBrokerPrivateKeyJwtCustomAudienceTest
Base IT (2)	Run base tests	2025-02-04T11:22:43.5485704Z [INFO] Running org.keycloak.testsuite.broker.KcOidcBrokerPrivateKeyJwtCustomSignAlgTest
Base IT (2)	Run base tests	2025-02-04T11:22:47.0002493Z [INFO] Tests run: 2, Failures: 0, Errors: 0, Skipped: 0, Time elapsed: 3.439 s - in org.keycloak.testsuite.broker.KcOidcBrokerPrivateKeyJwtCustomSignAlgTest
Base IT (2)	Run base tests	2025-02-04T11:22:47.0004742Z [INFO] Running org.keycloak.testsuite.broker.KcOidcBrokerPrivateKeyJwtMissingUseTest
Base IT (2)	Run base tests	2025-02-04T11:22:49.4138571Z [INFO] Tests run: 2, Failures: 0, Errors: 0, Skipped: 0, Time elapsed: 2.399 s - in org.keycloak.testsuite.broker.KcOidcBrokerPrivateKeyJwtMissingUseTest
Base IT (2)	Run base tests	2025-02-04T11:22:49.4152375Z [INFO] Running org.keycloak.testsuite.broker.KcOidcBrokerPrivateKeyJwtTest
Base IT (2)	Run base tests	2025-02-04T11:22:52.3324993Z [INFO] Tests run: 2, Failures: 0, Errors: 0, Skipped: 0, Time elapsed: 2.911 s - in org.keycloak.testsuite.broker.KcOidcBrokerPrivateKeyJwtTest
Base IT (2)	Run base tests	2025-02-04T11:22:52.3327084Z [INFO] Running org.keycloak.testsuite.broker.KcOidcBrokerPrivateKeyJwtUnsupportedKeyTest
Base IT (2)	Run base tests	2025-02-04T11:22:55.0559473Z [INFO] Tests run: 2, Failures: 0, Errors: 0, Skipped: 0, Time elapsed: 2.715 s - in org.keycloak.testsuite.broker.KcOidcBrokerPrivateKeyJwtUnsupportedKeyTest
Base IT (2)	Run base tests	2025-02-04T11:22:55.0562642Z [INFO] Running org.keycloak.testsuite.broker.KcOidcBrokerPrivateKeyJwtWithX509HeadersTest
Base IT (2)	Run base tests	2025-02-04T11:22:57.9133302Z [INFO] Tests run: 2, Failures: 0, Errors: 0, Skipped: 0, Time elapsed: 2.845 s - in org.keycloak.testsuite.broker.KcOidcBrokerPrivateKeyJwtWithX509HeadersTest
Base IT (2)	Run base tests	2025-02-04T11:22:57.9138412Z [INFO] Running org.keycloak.testsuite.broker.KcOidcBrokerPromptNoneRedirectTest
Base IT (2)	Run base tests	2025-02-04T11:22:57.9273280Z [WARNING] Tests run: 1, Failures: 0, Errors: 0, Skipped: 1, Time elapsed: 0 s - in org.keycloak.testsuite.broker.KcOidcBrokerPromptNoneRedirectTest
Base IT (2)	Run base tests	2025-02-04T11:22:57.9274936Z [INFO] Running org.keycloak.testsuite.broker.KcOidcBrokerPromptParameterTest
Base IT (2)	Run base tests	2025-02-04T11:23:00.8260959Z [INFO] Tests run: 2, Failures: 0, Errors: 0, Skipped: 0, Time elapsed: 2.887 s - in org.keycloak.testsuite.broker.KcOidcBrokerPromptParameterTest
Base IT (2)	Run base tests	2025-02-04T11:23:00.8266534Z [INFO] Running org.keycloak.testsuite.broker.KcOidcBrokerStateParameterTest
Base IT (2)	Run base tests	2025-02-04T11:23:05.4603174Z [INFO] Tests run: 3, Failures: 0, Errors: 0, Skipped: 0, Time elapsed: 4.627 s - in org.keycloak.testsuite.broker.KcOidcBrokerStateParameterTest
Base IT (2)	Run base tests	2025-02-04T11:23:05.4608644Z [INFO] Running org.keycloak.testsuite.broker.KcOidcBrokerSubMatchIntrospectionTest
Base IT (2)	Run base tests	2025-02-04T11:23:08.4852265Z [INFO] Tests run: 2, Failures: 0, Errors: 0, Skipped: 0, Time elapsed: 3.012 s - in org.keycloak.testsuite.broker.KcOidcBrokerSubMatchIntrospectionTest
Base IT (2)	Run base tests	2025-02-04T11:23:08.4857828Z [INFO] Running org.keycloak.testsuite.broker.KcOidcBrokerTest
Base IT (2)	Run base tests	2025-02-04T11:24:02.6607510Z [INFO] Tests run: 31, Failures: 0, Errors: 0, Skipped: 0, Time elapsed: 54.162 s - in org.keycloak.testsuite.broker.KcOidcBrokerTest
Base IT (2)	Run base tests	2025-02-04T11:24:02.6623224Z [INFO] Running org.keycloak.testsuite.broker.KcOidcBrokerTokenExchangeFederatedTest
Base IT (2)	Run base tests	2025-02-04T11:24:52.1842938Z [INFO] Tests run: 5, Failures: 0, Errors: 0, Skipped: 0, Time elapsed: 49.492 s - in org.keycloak.testsuite.broker.KcOidcBrokerTokenExchangeFederatedTest
Base IT (2)	Run base tests	2025-02-04T11:24:52.1845009Z [INFO] Running org.keycloak.testsuite.broker.KcOidcBrokerTokenExchangeV1Test
Base IT (2)	Run base tests	2025-02-04T11:25:40.7758111Z [INFO] Tests run: 5, Failures: 0, Errors: 0, Skipped: 0, Time elapsed: 48.577 s - in org.keycloak.testsuite.broker.KcOidcBrokerTokenExchangeV1Test
Base IT (2)	Run base tests	2025-02-04T11:25:40.7762831Z [INFO] Running org.keycloak.testsuite.broker.KcOidcBrokerTransientSessionsTest
Base IT (2)	Run base tests	2025-02-04T11:26:40.3151030Z [WARNING] Tests run: 29, Failures: 0, Errors: 0, Skipped: 6, Time elapsed: 59.524 s - in org.keycloak.testsuite.broker.KcOidcBrokerTransientSessionsTest
Base IT (2)	Run base tests	2025-02-04T11:26:40.3171514Z [INFO] Running org.keycloak.testsuite.broker.KcOidcBrokerUiLocalesDisabledTest
Base IT (2)	Run base tests	2025-02-04T11:26:43.7925436Z [INFO] Tests run: 2, Failures: 0, Errors: 0, Skipped: 0, Time elapsed: 3.466 s - in org.keycloak.testsuite.broker.KcOidcBrokerUiLocalesDisabledTest
Base IT (2)	Run base tests	2025-02-04T11:26:43.7927835Z [INFO] Running org.keycloak.testsuite.broker.KcOidcBrokerUiLocalesEnabledTest
Base IT (2)	Run base tests	2025-02-04T11:26:47.2193428Z [INFO] Tests run: 2, Failures: 0, Errors: 0, Skipped: 0, Time elapsed: 3.417 s - in org.keycloak.testsuite.broker.KcOidcBrokerUiLocalesEnabledTest
Base IT (2)	Run base tests	2025-02-04T11:26:47.2196723Z [INFO] Running org.keycloak.testsuite.broker.KcOidcBrokerUiLocalesWithIdpHintTest
Base IT (2)	Run base tests	2025-02-04T11:26:50.9304113Z [INFO] Tests run: 2, Failures: 0, Errors: 0, Skipped: 0, Time elapsed: 3.7 s - in org.keycloak.testsuite.broker.KcOidcBrokerUiLocalesWithIdpHintTest
Base IT (2)	Run base tests	2025-02-04T11:26:50.9305431Z [INFO] Running org.keycloak.testsuite.broker.KcOidcBrokerVaultTest
Base IT (2)	Run base tests	2025-02-04T11:27:17.0172857Z [INFO] Tests run: 2, Failures: 0, Errors: 0, Skipped: 0, Time elapsed: 26.074 s - in org.keycloak.testsuite.broker.KcOidcBrokerVaultTest
Base IT (2)	Run base tests	2025-02-04T11:27:17.0175899Z [INFO] Running org.keycloak.testsuite.broker.KcOidcBrokerWithConsentTest
Base IT (2)	Run base tests	2025-02-04T11:27:24.1531722Z [INFO] Tests run: 3, Failures: 0, Errors: 0, Skipped: 0, Time elapsed: 7.122 s - in org.keycloak.testsuite.broker.KcOidcBrokerWithConsentTest
Base IT (2)	Run base tests	2025-02-04T11:27:24.1537985Z [INFO] Running org.keycloak.testsuite.broker.KcOidcDefaultIdpTest
Base IT (2)	Run base tests	2025-02-04T11:27:29.7446402Z [INFO] Tests run: 3, Failures: 0, Errors: 0, Skipped: 0, Time elapsed: 5.584 s - in org.keycloak.testsuite.broker.KcOidcDefaultIdpTest
Base IT (2)	Run base tests	2025-02-04T11:27:29.7448627Z [INFO] Running org.keycloak.testsuite.broker.KcOidcFirstBrokerLoginDetectExistingUserTest
Base IT (2)	Run base tests	2025-02-04T11:27:33.7065564Z [INFO] Tests run: 2, Failures: 0, Errors: 0, Skipped: 0, Time elapsed: 3.867 s - in org.keycloak.testsuite.broker.KcOidcFirstBrokerLoginDetectExistingUserTest
Base IT (2)	Run base tests	2025-02-04T11:27:33.7068668Z [INFO] Running org.keycloak.testsuite.broker.KcOidcFirstBrokerLoginNewAuthTest
Base IT (2)	Run base tests	2025-02-04T11:27:59.7002388Z [INFO] Tests run: 5, Failures: 0, Errors: 0, Skipped: 0, Time elapsed: 25.98 s - in org.keycloak.testsuite.broker.KcOidcFirstBrokerLoginNewAuthTest
Base IT (2)	Run base tests	2025-02-04T11:27:59.7044284Z [INFO] Running org.keycloak.testsuite.broker.KcOidcFirstBrokerLoginTest
Base IT (2)	Run base tests	2025-02-04T11:31:20.8812183Z [INFO] Tests run: 57, Failures: 0, Errors: 0, Skipped: 0, Time elapsed: 201.168 s - in org.keycloak.testsuite.broker.KcOidcFirstBrokerLoginTest
Base IT (2)	Run base tests	2025-02-04T11:31:20.8831637Z [INFO] Running org.keycloak.testsuite.broker.KcOidcMultipleTabsBrokerTest
Base IT (2)	Run base tests	2025-02-04T11:31:25.7733659Z [INFO] Tests run: 3, Failures: 0, Errors: 0, Skipped: 0, Time elapsed: 4.877 s - in org.keycloak.testsuite.broker.KcOidcMultipleTabsBrokerTest
Base IT (2)	Run base tests	2025-02-04T11:31:25.7746033Z [INFO] Running org.keycloak.testsuite.broker.KcOidcPostBrokerLoginTest
Base IT (2)	Run base tests	2025-02-04T11:31:32.9493089Z [INFO] Tests run: 4, Failures: 0, Errors: 0, Skipped: 0, Time elapsed: 7.163 s - in org.keycloak.testsuite.broker.KcOidcPostBrokerLoginTest
Base IT (2)	Run base tests	2025-02-04T11:31:32.9495478Z [INFO] Running org.keycloak.testsuite.broker.KcOidcUsernameTemplateMapperTest
Base IT (2)	Run base tests	2025-02-04T11:31:38.3168944Z [INFO] Tests run: 3, Failures: 0, Errors: 0, Skipped: 0, Time elapsed: 5.359 s - in org.keycloak.testsuite.broker.KcOidcUsernameTemplateMapperTest
Base IT (2)	Run base tests	2025-02-04T11:31:38.3171350Z [INFO] Running org.keycloak.testsuite.broker.KcSamlAdvancedAttributeToGroupMapperTest
Base IT (2)	Run base tests	2025-02-04T11:31:41.2631201Z [INFO] Tests run: 2, Failures: 0, Errors: 0, Skipped: 0, Time elapsed: 2.938 s - in org.keycloak.testsuite.broker.KcSamlAdvancedAttributeToGroupMapperTest
Base IT (2)	Run base tests	2025-02-04T11:31:41.2632673Z [INFO] Running org.keycloak.testsuite.broker.KcSamlAdvancedAttributeToRoleMapperTest
Base IT (2)	Run base tests	2025-02-04T11:32:04.9052365Z [INFO] Tests run: 16, Failures: 0, Errors: 0, Skipped: 0, Time elapsed: 23.629 s - in org.keycloak.testsuite.broker.KcSamlAdvancedAttributeToRoleMapperTest
Base IT (2)	Run base tests	2025-02-04T11:32:04.9059448Z [INFO] Running org.keycloak.testsuite.broker.KcSamlAttributeConsumingServiceIndexTest
Base IT (2)	Run base tests	2025-02-04T11:32:11.3865046Z [INFO] Tests run: 4, Failures: 0, Errors: 0, Skipped: 0, Time elapsed: 6.468 s - in org.keycloak.testsuite.broker.KcSamlAttributeConsumingServiceIndexTest
Base IT (2)	Run base tests	2025-02-04T11:32:11.3866688Z [INFO] Running org.keycloak.testsuite.broker.KcSamlBrokerAllowedClockSkewTest
Base IT (2)	Run base tests	2025-02-04T11:32:14.8732160Z [INFO] Tests run: 2, Failures: 0, Errors: 0, Skipped: 0, Time elapsed: 3.474 s - in org.keycloak.testsuite.broker.KcSamlBrokerAllowedClockSkewTest
Base IT (2)	Run base tests	2025-02-04T11:32:14.8734270Z [INFO] Running org.keycloak.testsuite.broker.KcSamlBrokerArtifactBindingTest
Base IT (2)	Run base tests	2025-02-04T11:32:16.4016228Z [INFO] Tests run: 1, Failures: 0, Errors: 0, Skipped: 0, Time elapsed: 1.515 s - in org.keycloak.testsuite.broker.KcSamlBrokerArtifactBindingTest
Base IT (2)	Run base tests	2025-02-04T11:32:16.4018677Z [INFO] Running org.keycloak.testsuite.broker.KcSamlBrokerDestinationTest
Base IT (2)	Run base tests	2025-02-04T11:32:21.0098030Z [INFO] Tests run: 3, Failures: 0, Errors: 0, Skipped: 0, Time elapsed: 4.6 s - in org.keycloak.testsuite.broker.KcSamlBrokerDestinationTest
Base IT (2)	Run base tests	2025-02-04T11:32:21.0099311Z [INFO] Running org.keycloak.testsuite.broker.KcSamlBrokerFrontendUrlTest
Base IT (2)	Run base tests	2025-02-04T11:32:26.4636499Z [WARNING] Tests run: 4, Failures: 0, Errors: 0, Skipped: 1, Time elapsed: 5.446 s - in org.keycloak.testsuite.broker.KcSamlBrokerFrontendUrlTest
Base IT (2)	Run base tests	2025-02-04T11:32:26.4639118Z [INFO] Running org.keycloak.testsuite.broker.KcSamlBrokerLoginHintWithOptionDisabledTest
Base IT (2)	Run base tests	2025-02-04T11:32:29.5317444Z [INFO] Tests run: 2, Failures: 0, Errors: 0, Skipped: 0, Time elapsed: 3.06 s - in org.keycloak.testsuite.broker.KcSamlBrokerLoginHintWithOptionDisabledTest
Base IT (2)	Run base tests	2025-02-04T11:32:29.5319782Z [INFO] Running org.keycloak.testsuite.broker.KcSamlBrokerLoginHintWithOptionEnabledTest
Base IT (2)	Run base tests	2025-02-04T11:32:33.8642092Z [INFO] Tests run: 3, Failures: 0, Errors: 0, Skipped: 0, Time elapsed: 4.322 s - in org.keycloak.testsuite.broker.KcSamlBrokerLoginHintWithOptionEnabledTest
Base IT (2)	Run base tests	2025-02-04T11:32:33.8644007Z [INFO] Running org.keycloak.testsuite.broker.KcSamlBrokerSessionNotOnOrAfterTest
Base IT (2)	Run base tests	2025-02-04T11:32:38.6527530Z [INFO] Tests run: 3, Failures: 0, Errors: 0, Skipped: 0, Time elapsed: 4.78 s - in org.keycloak.testsuite.broker.KcSamlBrokerSessionNotOnOrAfterTest
Base IT (2)	Run base tests	2025-02-04T11:32:38.6529850Z [INFO] Running org.keycloak.testsuite.broker.KcSamlBrokerTest
Base IT (2)	Run base tests	2025-02-04T11:33:22.0250617Z [INFO] Tests run: 26, Failures: 0, Errors: 0, Skipped: 0, Time elapsed: 43.364 s - in org.keycloak.testsuite.broker.KcSamlBrokerTest
Base IT (2)	Run base tests	2025-02-04T11:33:22.0259630Z [INFO] Running org.keycloak.testsuite.broker.KcSamlCustomEntityIdBrokerTest
Base IT (2)	Run base tests	2025-02-04T11:33:27.8808568Z [INFO] Tests run: 4, Failures: 0, Errors: 0, Skipped: 0, Time elapsed: 5.842 s - in org.keycloak.testsuite.broker.KcSamlCustomEntityIdBrokerTest
Base IT (2)	Run base tests	2025-02-04T11:33:27.8810125Z [INFO] Running org.keycloak.testsuite.broker.KcSamlDefaultIdpTest
Base IT (2)	Run base tests	2025-02-04T11:33:33.4380604Z [INFO] Tests run: 3, Failures: 0, Errors: 0, Skipped: 0, Time elapsed: 5.544 s - in org.keycloak.testsuite.broker.KcSamlDefaultIdpTest
Base IT (2)	Run base tests	2025-02-04T11:33:33.4382145Z [INFO] Running org.keycloak.testsuite.broker.KcSamlEncryptedAssertionTest
Base IT (2)	Run base tests	2025-02-04T11:33:43.2250980Z [INFO] Tests run: 6, Failures: 0, Errors: 0, Skipped: 0, Time elapsed: 9.774 s - in org.keycloak.testsuite.broker.KcSamlEncryptedAssertionTest
Base IT (2)	Run base tests	2025-02-04T11:33:43.2255887Z [INFO] Running org.keycloak.testsuite.broker.KcSamlEncryptedIdTest
Base IT (2)	Run base tests	2025-02-04T11:33:52.6455249Z [INFO] Tests run: 6, Failures: 0, Errors: 0, Skipped: 0, Time elapsed: 9.412 s - in org.keycloak.testsuite.broker.KcSamlEncryptedIdTest
Base IT (2)	Run base tests	2025-02-04T11:33:52.6458222Z [INFO] Running org.keycloak.testsuite.broker.KcSamlFirstBrokerLoginTest
Base IT (2)	Run base tests	2025-02-04T11:36:20.7610920Z [INFO] Tests run: 35, Failures: 0, Errors: 0, Skipped: 0, Time elapsed: 148.102 s - in org.keycloak.testsuite.broker.KcSamlFirstBrokerLoginTest
Base IT (2)	Run base tests	2025-02-04T11:36:20.7627224Z [INFO] Running org.keycloak.testsuite.broker.KcSamlForceAuthnBrokerTest
Base IT (2)	Run base tests	2025-02-04T11:36:26.1783817Z [INFO] Tests run: 4, Failures: 0, Errors: 0, Skipped: 0, Time elapsed: 5.403 s - in org.keycloak.testsuite.broker.KcSamlForceAuthnBrokerTest
Base IT (2)	Run base tests	2025-02-04T11:36:26.1786241Z [INFO] Running org.keycloak.testsuite.broker.KcSamlIdPInitiatedSsoTest
Base IT (2)	Run base tests	2025-02-04T11:36:28.3441105Z [INFO] Tests run: 6, Failures: 0, Errors: 0, Skipped: 0, Time elapsed: 2.151 s - in org.keycloak.testsuite.broker.KcSamlIdPInitiatedSsoTest
Base IT (2)	Run base tests	2025-02-04T11:36:28.3447906Z [INFO] Running org.keycloak.testsuite.broker.KcSamlLogoutTest
Base IT (2)	Run base tests	2025-02-04T11:36:31.9438425Z [INFO] Tests run: 2, Failures: 0, Errors: 0, Skipped: 0, Time elapsed: 3.592 s - in org.keycloak.testsuite.broker.KcSamlLogoutTest
Base IT (2)	Run base tests	2025-02-04T11:36:31.9439636Z [INFO] Running org.keycloak.testsuite.broker.KcSamlMetadataSignedBrokerTest
Base IT (2)	Run base tests	2025-02-04T11:36:41.3137972Z [INFO] Tests run: 5, Failures: 0, Errors: 0, Skipped: 0, Time elapsed: 9.361 s - in org.keycloak.testsuite.broker.KcSamlMetadataSignedBrokerTest
Base IT (2)	Run base tests	2025-02-04T11:36:41.3142381Z [INFO] Running org.keycloak.testsuite.broker.KcSamlMultipleAttributeToRoleMappersTest
Base IT (2)	Run base tests	2025-02-04T11:36:53.8845408Z [INFO] Tests run: 8, Failures: 0, Errors: 0, Skipped: 0, Time elapsed: 12.562 s - in org.keycloak.testsuite.broker.KcSamlMultipleAttributeToRoleMappersTest
Base IT (2)	Run base tests	2025-02-04T11:36:53.8848382Z [INFO] Running org.keycloak.testsuite.broker.KcSamlMultipleTabsBrokerTest
Base IT (2)	Run base tests	2025-02-04T11:36:57.3414964Z [INFO] Tests run: 2, Failures: 0, Errors: 0, Skipped: 0, Time elapsed: 3.444 s - in org.keycloak.testsuite.broker.KcSamlMultipleTabsBrokerTest
Base IT (2)	Run base tests	2025-02-04T11:36:57.3416649Z [INFO] Running org.keycloak.testsuite.broker.KcSamlRequestedAuthnContextBrokerTest
Base IT (2)	Run base tests	2025-02-04T11:37:07.4499619Z [INFO] Tests run: 7, Failures: 0, Errors: 0, Skipped: 0, Time elapsed: 10.1 s - in org.keycloak.testsuite.broker.KcSamlRequestedAuthnContextBrokerTest
Base IT (2)	Run base tests	2025-02-04T11:37:07.4503730Z [INFO] Running org.keycloak.testsuite.broker.KcSamlSignedBrokerTest
Base IT (2)	Run base tests	2025-02-04T11:37:37.3971115Z [INFO] Tests run: 20, Failures: 0, Errors: 0, Skipped: 0, Time elapsed: 29.936 s - in org.keycloak.testsuite.broker.KcSamlSignedBrokerTest
Base IT (2)	Run base tests	2025-02-04T11:37:37.3980233Z [INFO] Running org.keycloak.testsuite.broker.KcSamlSignedDocumentOnlyBrokerTest
Base IT (2)	Run base tests	2025-02-04T11:37:40.0917634Z [INFO] Tests run: 2, Failures: 0, Errors: 0, Skipped: 0, Time elapsed: 2.681 s - in org.keycloak.testsuite.broker.KcSamlSignedDocumentOnlyBrokerTest
Base IT (2)	Run base tests	2025-02-04T11:37:40.0919827Z [INFO] Running org.keycloak.testsuite.broker.KcSamlSpDescriptorTest
Base IT (2)	Run base tests	2025-02-04T11:37:57.1605703Z [INFO] Tests run: 13, Failures: 0, Errors: 0, Skipped: 0, Time elapsed: 17.059 s - in org.keycloak.testsuite.broker.KcSamlSpDescriptorTest
Base IT (2)	Run base tests	2025-02-04T11:37:57.1607044Z [INFO] Running org.keycloak.testsuite.broker.KcSamlUsernameTemplateMapperTest
Base IT (2)	Run base tests	2025-02-04T11:38:01.8993309Z [INFO] Tests run: 3, Failures: 0, Errors: 0, Skipped: 0, Time elapsed: 4.732 s - in org.keycloak.testsuite.broker.KcSamlUsernameTemplateMapperTest
Base IT (2)	Run base tests	2025-02-04T11:38:01.8996588Z [INFO] Running org.keycloak.testsuite.broker.KcSamlXPathAttributeMapperTest
Base IT (2)	Run base tests	2025-02-04T11:38:03.2948508Z [INFO] Tests run: 1, Failures: 0, Errors: 0, Skipped: 0, Time elapsed: 1.382 s - in org.keycloak.testsuite.broker.KcSamlXPathAttributeMapperTest
Base IT (2)	Run base tests	2025-02-04T11:38:03.2950449Z [INFO] Running org.keycloak.testsuite.broker.OidcAccessTokenOnlyClaimsUserAttributeMapperTest
Base IT (2)	Run base tests	2025-02-04T11:38:19.2272152Z [INFO] Tests run: 10, Failures: 0, Errors: 0, Skipped: 0, Time elapsed: 15.92 s - in org.keycloak.testsuite.broker.OidcAccessTokenOnlyClaimsUserAttributeMapperTest
Base IT (2)	Run base tests	2025-02-04T11:38:19.2277632Z [INFO] Running org.keycloak.testsuite.broker.OidcAdvancedClaimToGroupMapperTest
Base IT (2)	Run base tests	2025-02-04T11:38:43.1204236Z [INFO] Tests run: 17, Failures: 0, Errors: 0, Skipped: 0, Time elapsed: 23.885 s - in org.keycloak.testsuite.broker.OidcAdvancedClaimToGroupMapperTest
Base IT (2)	Run base tests	2025-02-04T11:38:43.1210334Z [INFO] Running org.keycloak.testsuite.broker.OidcAdvancedClaimToRoleMapperTest
Base IT (2)	Run base tests	2025-02-04T11:39:05.3240684Z [INFO] Tests run: 15, Failures: 0, Errors: 0, Skipped: 0, Time elapsed: 22.195 s - in org.keycloak.testsuite.broker.OidcAdvancedClaimToRoleMapperTest
Base IT (2)	Run base tests	2025-02-04T11:39:05.3246198Z [INFO] Running org.keycloak.testsuite.broker.OidcClaimToRoleMapperTest
Base IT (2)	Run base tests	2025-02-04T11:39:23.8596301Z [INFO] Tests run: 12, Failures: 0, Errors: 0, Skipped: 0, Time elapsed: 18.521 s - in org.keycloak.testsuite.broker.OidcClaimToRoleMapperTest
Base IT (2)	Run base tests	2025-02-04T11:39:23.8604750Z [INFO] Running org.keycloak.testsuite.broker.OidcClaimToUserSessionNoteMapperTest
Base IT (2)	Run base tests	2025-02-04T11:39:29.2022819Z [INFO] Tests run: 3, Failures: 0, Errors: 0, Skipped: 0, Time elapsed: 5.335 s - in org.keycloak.testsuite.broker.OidcClaimToUserSessionNoteMapperTest
Base IT (2)	Run base tests	2025-02-04T11:39:29.2024408Z [INFO] Running org.keycloak.testsuite.broker.OidcHardcodedGroupMapperTest
Base IT (2)	Run base tests	2025-02-04T11:39:54.9999715Z [INFO] Tests run: 17, Failures: 0, Errors: 0, Skipped: 0, Time elapsed: 25.788 s - in org.keycloak.testsuite.broker.OidcHardcodedGroupMapperTest
Base IT (2)	Run base tests	2025-02-04T11:39:55.0005302Z [INFO] Running org.keycloak.testsuite.broker.OidcMultipleClaimToRoleMappersTest
Base IT (2)	Run base tests	2025-02-04T11:40:13.2436065Z [INFO] Tests run: 12, Failures: 0, Errors: 0, Skipped: 0, Time elapsed: 18.234 s - in org.keycloak.testsuite.broker.OidcMultipleClaimToRoleMappersTest
Base IT (2)	Run base tests	2025-02-04T11:40:13.2446145Z [INFO] Running org.keycloak.testsuite.broker.OidcUserAttributeMapperTest
Base IT (2)	Run base tests	2025-02-04T11:40:29.0072093Z [INFO] Tests run: 10, Failures: 0, Errors: 0, Skipped: 0, Time elapsed: 15.749 s - in org.keycloak.testsuite.broker.OidcUserAttributeMapperTest
Base IT (2)	Run base tests	2025-02-04T11:40:29.0075975Z [INFO] Running org.keycloak.testsuite.broker.OidcUserInfoClaimToRoleMapperTest
Base IT (2)	Run base tests	2025-02-04T11:40:39.0832000Z [INFO] Tests run: 7, Failures: 0, Errors: 0, Skipped: 0, Time elapsed: 10.064 s - in org.keycloak.testsuite.broker.OidcUserInfoClaimToRoleMapperTest
Base IT (2)	Run base tests	2025-02-04T11:40:39.0834346Z [INFO] Running org.keycloak.testsuite.broker.SamlUserAttributeMapperTest
Base IT (2)	Run base tests	2025-02-04T11:40:53.8450073Z [INFO] Tests run: 10, Failures: 0, Errors: 0, Skipped: 0, Time elapsed: 14.751 s - in org.keycloak.testsuite.broker.SamlUserAttributeMapperTest
Base IT (2)	Run base tests	2025-02-04T11:40:53.8453602Z [INFO] Running org.keycloak.testsuite.broker.SocialLoginTest
Base IT (2)	Run base tests	2025-02-04T11:41:26.8475174Z [WARNING] Tests run: 1, Failures: 0, Errors: 0, Skipped: 1, Time elapsed: 32.986 s - in org.keycloak.testsuite.broker.SocialLoginTest
Base IT (2)	Run base tests	2025-02-04T11:41:26.8476365Z [INFO] Running org.keycloak.testsuite.broker.UsernameTemplateMapperTest
Base IT (2)	Run base tests	2025-02-04T11:41:33.0806529Z [INFO] Tests run: 1, Failures: 0, Errors: 0, Skipped: 0, Time elapsed: 6.219 s - in org.keycloak.testsuite.broker.UsernameTemplateMapperTest
Base IT (2)	Run base tests	2025-02-04T11:41:33.4360124Z -- [INFO] 
Base IT (2)	Run base tests	2025-02-04T11:41:33.4364409Z -- [INFO] Results:
Base IT (2)	Run base tests	2025-02-04T11:41:33.4364774Z -- [INFO] 
Base IT (2)	Run base tests	2025-02-04T11:41:33.4365075Z -- [ERROR] Errors: 
Base IT (2)	Run base tests	2025-02-04T11:41:33.4365780Z -- [ERROR] org.keycloak.testsuite.broker.KcOidcBrokerFrontendUrlTest.testLogInAsUserInIDP
Base IT (2)	Run base tests	2025-02-04T11:41:33.4368181Z -- [ERROR]   Run 1: KcOidcBrokerFrontendUrlTest.testLogInAsUserInIDP » Runtime java.lang.RuntimeException: java.lang.RuntimeException: java.net.UnknownHostException: proxy.kc.127.0.0.1.nip.io: Temporary failure in name resolution
Base IT (2)	Run base tests	2025-02-04T11:41:33.4372536Z -- [ERROR]   Run 2: KcOidcBrokerFrontendUrlTest.testLogInAsUserInIDP » Runtime java.lang.RuntimeException: java.lang.RuntimeException: java.net.UnknownHostException: proxy.kc.127.0.0.1.nip.io
Base IT (2)	Run base tests	2025-02-04T11:41:33.4376948Z -- [ERROR]   Run 3: KcOidcBrokerFrontendUrlTest.testLogInAsUserInIDP » Runtime java.lang.RuntimeException: java.lang.RuntimeException: java.net.UnknownHostException: proxy.kc.127.0.0.1.nip.io
Base IT (2)	Run base tests	2025-02-04T11:41:33.4378336Z -- [INFO] 
Base IT (2)	Run base tests	2025-02-04T11:41:33.4378651Z -- [INFO] 
Base IT (2)	Run base tests	2025-02-04T11:41:33.4379070Z -- [ERROR] Tests run: 629, Failures: 0, Errors: 1, Skipped: 12
Base IT (2)	Run base tests	2025-02-04T11:41:33.4379588Z -- [INFO] 
Base IT (2)	Run base tests	2025-02-04T11:41:33.4396824Z -- [INFO] ------------------------------------------------------------------------
Base IT (2)	Run base tests	2025-02-04T11:41:33.4398673Z -- [INFO] BUILD FAILURE
Base IT (2)	Run base tests	2025-02-04T11:41:33.4401198Z -- [INFO] ------------------------------------------------------------------------
Base IT (2)	Run base tests	2025-02-04T11:41:33.4401818Z -- [INFO] Total time:  23:56 min
Base IT (2)	Run base tests	2025-02-04T11:41:33.4409393Z -- [INFO] Finished at: 2025-02-04T11:41:33Z
Base IT (2)	Run base tests	2025-02-04T11:41:33.4410032Z -- [INFO] ------------------------------------------------------------------------
Base IT (2)	Run base tests	2025-02-04T11:41:33.4411362Z -- [ERROR] Failed to execute goal org.apache.maven.plugins:maven-surefire-plugin:3.0.0-M7:test (default-test) on project integration-arquillian-tests-base: 
Base IT (2)	Run base tests	2025-02-04T11:41:33.4414000Z -- [ERROR] 
Base IT (2)	Run base tests	2025-02-04T11:41:33.4418399Z -- [ERROR] Please refer to /home/runner/work/keycloak/keycloak/testsuite/integration-arquillian/tests/base/target/surefire-reports for the individual test results.
Base IT (2)	Run base tests	2025-02-04T11:41:33.4420015Z -- [ERROR] Please refer to dump files (if any exist) [date].dump, [date]-jvmRun[N].dump and [date].dumpstream.
Base IT (2)	Run base tests	2025-02-04T11:41:33.4421683Z -- [ERROR] -> [Help 1]
Base IT (2)	Run base tests	2025-02-04T11:41:33.4422044Z -- [ERROR] 
Base IT (2)	Run base tests	2025-02-04T11:41:33.4422556Z -- [ERROR] To see the full stack trace of the errors, re-run Maven with the -e switch.
Base IT (2)	Run base tests	2025-02-04T11:41:33.4423380Z -- [ERROR] Re-run Maven using the -X switch to enable full debug logging.
Base IT (2)	Run base tests	2025-02-04T11:41:33.4424154Z -- [ERROR] 
Base IT (2)	Run base tests	2025-02-04T11:41:33.4424765Z -- [ERROR] For more information about the errors and possible solutions, please read the following articles:
Base IT (2)	Run base tests	2025-02-04T11:41:33.4425766Z -- [ERROR] [Help 1] http://cwiki.apache.org/confluence/display/MAVEN/MojoFailureException
Base IT (2)	Run base tests	2025-02-04T11:41:33.4732169Z ##[error]Process completed with exit code 1.
Status Check - Keycloak CI	Run /./.github/actions/status-check	2025-02-04T12:08:30.1551457Z Prepare all required actions
Status Check - Keycloak CI	Run /./.github/actions/status-check	2025-02-04T12:08:30.1622675Z ##[group]Run ./.github/actions/status-check
Status Check - Keycloak CI	Run /./.github/actions/status-check	2025-02-04T12:08:30.1623032Z with:
Status Check - Keycloak CI	Run /./.github/actions/status-check	2025-02-04T12:08:30.1626921Z   jobs: {
Status Check - Keycloak CI	Run /./.github/actions/status-check	  "conditional": {
Status Check - Keycloak CI	Run /./.github/actions/status-check	    "result": "success",
Status Check - Keycloak CI	Run /./.github/actions/status-check	    "outputs": {
Status Check - Keycloak CI	Run /./.github/actions/status-check	      "ci": "true",
Status Check - Keycloak CI	Run /./.github/actions/status-check	      "ci-aurora": "false",
Status Check - Keycloak CI	Run /./.github/actions/status-check	      "ci-quarkus": "false",
Status Check - Keycloak CI	Run /./.github/actions/status-check	      "ci-sssd": "false",
Status Check - Keycloak CI	Run /./.github/actions/status-check	      "ci-store": "true",
Status Check - Keycloak CI	Run /./.github/actions/status-check	      "ci-webauthn": "true"
Status Check - Keycloak CI	Run /./.github/actions/status-check	    }
Status Check - Keycloak CI	Run /./.github/actions/status-check	  },
Status Check - Keycloak CI	Run /./.github/actions/status-check	  "build": {
Status Check - Keycloak CI	Run /./.github/actions/status-check	    "result": "success",
Status Check - Keycloak CI	Run /./.github/actions/status-check	    "outputs": {}
Status Check - Keycloak CI	Run /./.github/actions/status-check	  },
Status Check - Keycloak CI	Run /./.github/actions/status-check	  "unit-tests": {
Status Check - Keycloak CI	Run /./.github/actions/status-check	    "result": "success",
Status Check - Keycloak CI	Run /./.github/actions/status-check	    "outputs": {}
Status Check - Keycloak CI	Run /./.github/actions/status-check	  },
Status Check - Keycloak CI	Run /./.github/actions/status-check	  "base-integration-tests": {
Status Check - Keycloak CI	Run /./.github/actions/status-check	    "result": "failure",
Status Check - Keycloak CI	Run /./.github/actions/status-check	    "outputs": {}
Status Check - Keycloak CI	Run /./.github/actions/status-check	  },
Status Check - Keycloak CI	Run /./.github/actions/status-check	  "adapter-integration-tests": {
Status Check - Keycloak CI	Run /./.github/actions/status-check	    "result": "success",
Status Check - Keycloak CI	Run /./.github/actions/status-check	    "outputs": {}
Status Check - Keycloak CI	Run /./.github/actions/status-check	  },
Status Check - Keycloak CI	Run /./.github/actions/status-check	  "adapter-integration-tests-strict-cookies": {
Status Check - Keycloak CI	Run /./.github/actions/status-check	    "result": "success",
Status Check - Keycloak CI	Run /./.github/actions/status-check	    "outputs": {}
Status Check - Keycloak CI	Run /./.github/actions/status-check	  },
Status Check - Keycloak CI	Run /./.github/actions/status-check	  "quarkus-unit-tests": {
Status Check - Keycloak CI	Run /./.github/actions/status-check	    "result": "skipped",
Status Check - Keycloak CI	Run /./.github/actions/status-check	    "outputs": {}
Status Check - Keycloak CI	Run /./.github/actions/status-check	  },
Status Check - Keycloak CI	Run /./.github/actions/status-check	  "quarkus-integration-tests": {
Status Check - Keycloak CI	Run /./.github/actions/status-check	    "result": "success",
Status Check - Keycloak CI	Run /./.github/actions/status-check	    "outputs": {}
Status Check - Keycloak CI	Run /./.github/actions/status-check	  },
Status Check - Keycloak CI	Run /./.github/actions/status-check	  "jdk-integration-tests": {
Status Check - Keycloak CI	Run /./.github/actions/status-check	    "result": "success",
Status Check - Keycloak CI	Run /./.github/actions/status-check	    "outputs": {}
Status Check - Keycloak CI	Run /./.github/actions/status-check	  },
Status Check - Keycloak CI	Run /./.github/actions/status-check	  "store-integration-tests": {
Status Check - Keycloak CI	Run /./.github/actions/status-check	    "result": "success",
Status Check - Keycloak CI	Run /./.github/actions/status-check	    "outputs": {}
Status Check - Keycloak CI	Run /./.github/actions/status-check	  },
Status Check - Keycloak CI	Run /./.github/actions/status-check	  "volatile-sessions-tests": {
Status Check - Keycloak CI	Run /./.github/actions/status-check	    "result": "success",
Status Check - Keycloak CI	Run /./.github/actions/status-check	    "outputs": {}
Status Check - Keycloak CI	Run /./.github/actions/status-check	  },
Status Check - Keycloak CI	Run /./.github/actions/status-check	  "store-model-tests": {
Status Check - Keycloak CI	Run /./.github/actions/status-check	    "result": "success",
Status Check - Keycloak CI	Run /./.github/actions/status-check	    "outputs": {}
Status Check - Keycloak CI	Run /./.github/actions/status-check	  },
Status Check - Keycloak CI	Run /./.github/actions/status-check	  "clustering-integration-tests": {
Status Check - Keycloak CI	Run /./.github/actions/status-check	    "result": "success",
Status Check - Keycloak CI	Run /./.github/actions/status-check	    "outputs": {}
Status Check - Keycloak CI	Run /./.github/actions/status-check	  },
Status Check - Keycloak CI	Run /./.github/actions/status-check	  "fips-unit-tests": {
Status Check - Keycloak CI	Run /./.github/actions/status-check	    "result": "success",
Status Check - Keycloak CI	Run /./.github/actions/status-check	    "outputs": {}
Status Check - Keycloak CI	Run /./.github/actions/status-check	  },
Status Check - Keycloak CI	Run /./.github/actions/status-check	  "fips-integration-tests": {
Status Check - Keycloak CI	Run /./.github/actions/status-check	    "result": "success",
Status Check - Keycloak CI	Run /./.github/actions/status-check	    "outputs": {}
Status Check - Keycloak CI	Run /./.github/actions/status-check	  },
Status Check - Keycloak CI	Run /./.github/actions/status-check	  "forms-integration-tests": {
Status Check - Keycloak CI	Run /./.github/actions/status-check	    "result": "success",
Status Check - Keycloak CI	Run /./.github/actions/status-check	    "outputs": {}
Status Check - Keycloak CI	Run /./.github/actions/status-check	  },
Status Check - Keycloak CI	Run /./.github/actions/status-check	  "webauthn-integration-tests": {
Status Check - Keycloak CI	Run /./.github/actions/status-check	    "result": "success",
Status Check - Keycloak CI	Run /./.github/actions/status-check	    "outputs": {}
Status Check - Keycloak CI	Run /./.github/actions/status-check	  },
Status Check - Keycloak CI	Run /./.github/actions/status-check	  "sssd-unit-tests": {
Status Check - Keycloak CI	Run /./.github/actions/status-check	    "result": "skipped",
Status Check - Keycloak CI	Run /./.github/actions/status-check	    "outputs": {}
Status Check - Keycloak CI	Run /./.github/actions/status-check	  },
Status Check - Keycloak CI	Run /./.github/actions/status-check	  "migration-tests": {
Status Check - Keycloak CI	Run /./.github/actions/status-check	    "result": "success",
Status Check - Keycloak CI	Run /./.github/actions/status-check	    "outputs": {}
Status Check - Keycloak CI	Run /./.github/actions/status-check	  },
Status Check - Keycloak CI	Run /./.github/actions/status-check	  "external-infinispan-tests": {
Status Check - Keycloak CI	Run /./.github/actions/status-check	    "result": "success",
Status Check - Keycloak CI	Run /./.github/actions/status-check	    "outputs": {}
Status Check - Keycloak CI	Run /./.github/actions/status-check	  },
Status Check - Keycloak CI	Run /./.github/actions/status-check	  "test-framework": {
Status Check - Keycloak CI	Run /./.github/actions/status-check	    "result": "success",
Status Check - Keycloak CI	Run /./.github/actions/status-check	    "outputs": {}
Status Check - Keycloak CI	Run /./.github/actions/status-check	  },
Status Check - Keycloak CI	Run /./.github/actions/status-check	  "base-new-integration-tests": {
Status Check - Keycloak CI	Run /./.github/actions/status-check	    "result": "success",
Status Check - Keycloak CI	Run /./.github/actions/status-check	    "outputs": {}
Status Check - Keycloak CI	Run /./.github/actions/status-check	  }
Status Check - Keycloak CI	Run /./.github/actions/status-check	}
Status Check - Keycloak CI	Run /./.github/actions/status-check	2025-02-04T12:08:30.1631509Z env:
Status Check - Keycloak CI	Run /./.github/actions/status-check	2025-02-04T12:08:30.1631812Z   MAVEN_ARGS: -B -nsu -Daether.connector.http.connectionMaxTtl=25
Status Check - Keycloak CI	Run /./.github/actions/status-check	2025-02-04T12:08:30.1632193Z   SUREFIRE_RERUN_FAILING_COUNT: 2
Status Check - Keycloak CI	Run /./.github/actions/status-check	2025-02-04T12:08:30.1632532Z   SUREFIRE_RETRY: -Dsurefire.rerunFailingTestsCount=2
Status Check - Keycloak CI	Run /./.github/actions/status-check	2025-02-04T12:08:30.1632857Z ##[endgroup]
Status Check - Keycloak CI	Run /./.github/actions/status-check	2025-02-04T12:08:30.1825957Z ##[group]Run JOBS='{
Status Check - Keycloak CI	Run /./.github/actions/status-check	2025-02-04T12:08:30.1826393Z [36;1mJOBS='{[0m
Status Check - Keycloak CI	Run /./.github/actions/status-check	2025-02-04T12:08:30.1826634Z [36;1m  "conditional": {[0m
Status Check - Keycloak CI	Run /./.github/actions/status-check	2025-02-04T12:08:30.1826896Z [36;1m    "result": "success",[0m
Status Check - Keycloak CI	Run /./.github/actions/status-check	2025-02-04T12:08:30.1827160Z [36;1m    "outputs": {[0m
Status Check - Keycloak CI	Run /./.github/actions/status-check	2025-02-04T12:08:30.1827409Z [36;1m      "ci": "true",[0m
Status Check - Keycloak CI	Run /./.github/actions/status-check	2025-02-04T12:08:30.1827691Z [36;1m      "ci-aurora": "false",[0m
Status Check - Keycloak CI	Run /./.github/actions/status-check	2025-02-04T12:08:30.1827969Z [36;1m      "ci-quarkus": "false",[0m
Status Check - Keycloak CI	Run /./.github/actions/status-check	2025-02-04T12:08:30.1828240Z [36;1m      "ci-sssd": "false",[0m
Status Check - Keycloak CI	Run /./.github/actions/status-check	2025-02-04T12:08:30.1828504Z [36;1m      "ci-store": "true",[0m
Status Check - Keycloak CI	Run /./.github/actions/status-check	2025-02-04T12:08:30.1828763Z [36;1m      "ci-webauthn": "true"[0m
Status Check - Keycloak CI	Run /./.github/actions/status-check	2025-02-04T12:08:30.1829019Z [36;1m    }[0m
Status Check - Keycloak CI	Run /./.github/actions/status-check	2025-02-04T12:08:30.1829238Z [36;1m  },[0m
Status Check - Keycloak CI	Run /./.github/actions/status-check	2025-02-04T12:08:30.1829439Z [36;1m  "build": {[0m
Status Check - Keycloak CI	Run /./.github/actions/status-check	2025-02-04T12:08:30.1829667Z [36;1m    "result": "success",[0m
Status Check - Keycloak CI	Run /./.github/actions/status-check	2025-02-04T12:08:30.1829937Z [36;1m    "outputs": {}[0m
Status Check - Keycloak CI	Run /./.github/actions/status-check	2025-02-04T12:08:30.1830166Z [36;1m  },[0m
Status Check - Keycloak CI	Run /./.github/actions/status-check	2025-02-04T12:08:30.1830568Z [36;1m  "unit-tests": {[0m
Status Check - Keycloak CI	Run /./.github/actions/status-check	2025-02-04T12:08:30.1830822Z [36;1m    "result": "success",[0m
Status Check - Keycloak CI	Run /./.github/actions/status-check	2025-02-04T12:08:30.1831072Z [36;1m    "outputs": {}[0m
Status Check - Keycloak CI	Run /./.github/actions/status-check	2025-02-04T12:08:30.1831298Z [36;1m  },[0m
Status Check - Keycloak CI	Run /./.github/actions/status-check	2025-02-04T12:08:30.1831526Z [36;1m  "base-integration-tests": {[0m
Status Check - Keycloak CI	Run /./.github/actions/status-check	2025-02-04T12:08:30.1831802Z [36;1m    "result": "failure",[0m
Status Check - Keycloak CI	Run /./.github/actions/status-check	2025-02-04T12:08:30.1832263Z [36;1m    "outputs": {}[0m
Status Check - Keycloak CI	Run /./.github/actions/status-check	2025-02-04T12:08:30.1832496Z [36;1m  },[0m
Status Check - Keycloak CI	Run /./.github/actions/status-check	2025-02-04T12:08:30.1832720Z [36;1m  "adapter-integration-tests": {[0m
Status Check - Keycloak CI	Run /./.github/actions/status-check	2025-02-04T12:08:30.1833008Z [36;1m    "result": "success",[0m
Status Check - Keycloak CI	Run /./.github/actions/status-check	2025-02-04T12:08:30.1833263Z [36;1m    "outputs": {}[0m
Status Check - Keycloak CI	Run /./.github/actions/status-check	2025-02-04T12:08:30.1833484Z [36;1m  },[0m
Status Check - Keycloak CI	Run /./.github/actions/status-check	2025-02-04T12:08:30.1833796Z [36;1m  "adapter-integration-tests-strict-cookies": {[0m
Status Check - Keycloak CI	Run /./.github/actions/status-check	2025-02-04T12:08:30.1834374Z [36;1m    "result": "success",[0m
Status Check - Keycloak CI	Run /./.github/actions/status-check	2025-02-04T12:08:30.1834631Z [36;1m    "outputs": {}[0m
Status Check - Keycloak CI	Run /./.github/actions/status-check	2025-02-04T12:08:30.1834866Z [36;1m  },[0m
Status Check - Keycloak CI	Run /./.github/actions/status-check	2025-02-04T12:08:30.1835082Z [36;1m  "quarkus-unit-tests": {[0m
Status Check - Keycloak CI	Run /./.github/actions/status-check	2025-02-04T12:08:30.1835358Z [36;1m    "result": "skipped",[0m
Status Check - Keycloak CI	Run /./.github/actions/status-check	2025-02-04T12:08:30.1835616Z [36;1m    "outputs": {}[0m
Status Check - Keycloak CI	Run /./.github/actions/status-check	2025-02-04T12:08:30.1835843Z [36;1m  },[0m
Status Check - Keycloak CI	Run /./.github/actions/status-check	2025-02-04T12:08:30.1836073Z [36;1m  "quarkus-integration-tests": {[0m
Status Check - Keycloak CI	Run /./.github/actions/status-check	2025-02-04T12:08:30.1836364Z [36;1m    "result": "success",[0m
Status Check - Keycloak CI	Run /./.github/actions/status-check	2025-02-04T12:08:30.1836611Z [36;1m    "outputs": {}[0m
Status Check - Keycloak CI	Run /./.github/actions/status-check	2025-02-04T12:08:30.1836863Z [36;1m  },[0m
Status Check - Keycloak CI	Run /./.github/actions/status-check	2025-02-04T12:08:30.1837079Z [36;1m  "jdk-integration-tests": {[0m
Status Check - Keycloak CI	Run /./.github/actions/status-check	2025-02-04T12:08:30.1837417Z [36;1m    "result": "success",[0m
Status Check - Keycloak CI	Run /./.github/actions/status-check	2025-02-04T12:08:30.1837666Z [36;1m    "outputs": {}[0m
Status Check - Keycloak CI	Run /./.github/actions/status-check	2025-02-04T12:08:30.1837898Z [36;1m  },[0m
Status Check - Keycloak CI	Run /./.github/actions/status-check	2025-02-04T12:08:30.1838121Z [36;1m  "store-integration-tests": {[0m
Status Check - Keycloak CI	Run /./.github/actions/status-check	2025-02-04T12:08:30.1838397Z [36;1m    "result": "success",[0m
Status Check - Keycloak CI	Run /./.github/actions/status-check	2025-02-04T12:08:30.1838657Z [36;1m    "outputs": {}[0m
Status Check - Keycloak CI	Run /./.github/actions/status-check	2025-02-04T12:08:30.1838886Z [36;1m  },[0m
Status Check - Keycloak CI	Run /./.github/actions/status-check	2025-02-04T12:08:30.1839103Z [36;1m  "volatile-sessions-tests": {[0m
Status Check - Keycloak CI	Run /./.github/actions/status-check	2025-02-04T12:08:30.1839379Z [36;1m    "result": "success",[0m
Status Check - Keycloak CI	Run /./.github/actions/status-check	2025-02-04T12:08:30.1839630Z [36;1m    "outputs": {}[0m
Status Check - Keycloak CI	Run /./.github/actions/status-check	2025-02-04T12:08:30.1839890Z [36;1m  },[0m
Status Check - Keycloak CI	Run /./.github/actions/status-check	2025-02-04T12:08:30.1840099Z [36;1m  "store-model-tests": {[0m
Status Check - Keycloak CI	Run /./.github/actions/status-check	2025-02-04T12:08:30.1840911Z [36;1m    "result": "success",[0m
Status Check - Keycloak CI	Run /./.github/actions/status-check	2025-02-04T12:08:30.1841169Z [36;1m    "outputs": {}[0m
Status Check - Keycloak CI	Run /./.github/actions/status-check	2025-02-04T12:08:30.1841402Z [36;1m  },[0m
Status Check - Keycloak CI	Run /./.github/actions/status-check	2025-02-04T12:08:30.1841649Z [36;1m  "clustering-integration-tests": {[0m
Status Check - Keycloak CI	Run /./.github/actions/status-check	2025-02-04T12:08:30.1841937Z [36;1m    "result": "success",[0m
Status Check - Keycloak CI	Run /./.github/actions/status-check	2025-02-04T12:08:30.1842189Z [36;1m    "outputs": {}[0m
Status Check - Keycloak CI	Run /./.github/actions/status-check	2025-02-04T12:08:30.1842422Z [36;1m  },[0m
Status Check - Keycloak CI	Run /./.github/actions/status-check	2025-02-04T12:08:30.1842632Z [36;1m  "fips-unit-tests": {[0m
Status Check - Keycloak CI	Run /./.github/actions/status-check	2025-02-04T12:08:30.1842891Z [36;1m    "result": "success",[0m
Status Check - Keycloak CI	Run /./.github/actions/status-check	2025-02-04T12:08:30.1843144Z [36;1m    "outputs": {}[0m
Status Check - Keycloak CI	Run /./.github/actions/status-check	2025-02-04T12:08:30.1843374Z [36;1m  },[0m
Status Check - Keycloak CI	Run /./.github/actions/status-check	2025-02-04T12:08:30.1843597Z [36;1m  "fips-integration-tests": {[0m
Status Check - Keycloak CI	Run /./.github/actions/status-check	2025-02-04T12:08:30.1843872Z [36;1m    "result": "success",[0m
Status Check - Keycloak CI	Run /./.github/actions/status-check	2025-02-04T12:08:30.1844119Z [36;1m    "outputs": {}[0m
Status Check - Keycloak CI	Run /./.github/actions/status-check	2025-02-04T12:08:30.1844350Z [36;1m  },[0m
Status Check - Keycloak CI	Run /./.github/actions/status-check	2025-02-04T12:08:30.1844573Z [36;1m  "forms-integration-tests": {[0m
Status Check - Keycloak CI	Run /./.github/actions/status-check	2025-02-04T12:08:30.1844849Z [36;1m    "result": "success",[0m
Status Check - Keycloak CI	Run /./.github/actions/status-check	2025-02-04T12:08:30.1845106Z [36;1m    "outputs": {}[0m
Status Check - Keycloak CI	Run /./.github/actions/status-check	2025-02-04T12:08:30.1845336Z [36;1m  },[0m
Status Check - Keycloak CI	Run /./.github/actions/status-check	2025-02-04T12:08:30.1845563Z [36;1m  "webauthn-integration-tests": {[0m
Status Check - Keycloak CI	Run /./.github/actions/status-check	2025-02-04T12:08:30.1845865Z [36;1m    "result": "success",[0m
Status Check - Keycloak CI	Run /./.github/actions/status-check	2025-02-04T12:08:30.1846117Z [36;1m    "outputs": {}[0m
Status Check - Keycloak CI	Run /./.github/actions/status-check	2025-02-04T12:08:30.1846342Z [36;1m  },[0m
Status Check - Keycloak CI	Run /./.github/actions/status-check	2025-02-04T12:08:30.1846555Z [36;1m  "sssd-unit-tests": {[0m
Status Check - Keycloak CI	Run /./.github/actions/status-check	2025-02-04T12:08:30.1846812Z [36;1m    "result": "skipped",[0m
Status Check - Keycloak CI	Run /./.github/actions/status-check	2025-02-04T12:08:30.1847062Z [36;1m    "outputs": {}[0m
Status Check - Keycloak CI	Run /./.github/actions/status-check	2025-02-04T12:08:30.1847292Z [36;1m  },[0m
Status Check - Keycloak CI	Run /./.github/actions/status-check	2025-02-04T12:08:30.1847496Z [36;1m  "migration-tests": {[0m
Status Check - Keycloak CI	Run /./.github/actions/status-check	2025-02-04T12:08:30.1847764Z [36;1m    "result": "success",[0m
Status Check - Keycloak CI	Run /./.github/actions/status-check	2025-02-04T12:08:30.1848019Z [36;1m    "outputs": {}[0m
Status Check - Keycloak CI	Run /./.github/actions/status-check	2025-02-04T12:08:30.1848239Z [36;1m  },[0m
Status Check - Keycloak CI	Run /./.github/actions/status-check	2025-02-04T12:08:30.1848469Z [36;1m  "external-infinispan-tests": {[0m
Status Check - Keycloak CI	Run /./.github/actions/status-check	2025-02-04T12:08:30.1848759Z [36;1m    "result": "success",[0m
Status Check - Keycloak CI	Run /./.github/actions/status-check	2025-02-04T12:08:30.1849006Z [36;1m    "outputs": {}[0m
Status Check - Keycloak CI	Run /./.github/actions/status-check	2025-02-04T12:08:30.1849229Z [36;1m  },[0m
Status Check - Keycloak CI	Run /./.github/actions/status-check	2025-02-04T12:08:30.1849441Z [36;1m  "test-framework": {[0m
Status Check - Keycloak CI	Run /./.github/actions/status-check	2025-02-04T12:08:30.1849688Z [36;1m    "result": "success",[0m
Status Check - Keycloak CI	Run /./.github/actions/status-check	2025-02-04T12:08:30.1849941Z [36;1m    "outputs": {}[0m
Status Check - Keycloak CI	Run /./.github/actions/status-check	2025-02-04T12:08:30.1850431Z [36;1m  },[0m
Status Check - Keycloak CI	Run /./.github/actions/status-check	2025-02-04T12:08:30.1850663Z [36;1m  "base-new-integration-tests": {[0m
Status Check - Keycloak CI	Run /./.github/actions/status-check	2025-02-04T12:08:30.1850954Z [36;1m    "result": "success",[0m
Status Check - Keycloak CI	Run /./.github/actions/status-check	2025-02-04T12:08:30.1851206Z [36;1m    "outputs": {}[0m
Status Check - Keycloak CI	Run /./.github/actions/status-check	2025-02-04T12:08:30.1851425Z [36;1m  }[0m
Status Check - Keycloak CI	Run /./.github/actions/status-check	2025-02-04T12:08:30.1851625Z [36;1m}'[0m
Status Check - Keycloak CI	Run /./.github/actions/status-check	2025-02-04T12:08:30.1851846Z [36;1m[0m
Status Check - Keycloak CI	Run /./.github/actions/status-check	2025-02-04T12:08:30.1852053Z [36;1mecho "Job status:"[0m
Status Check - Keycloak CI	Run /./.github/actions/status-check	2025-02-04T12:08:30.1852533Z [36;1mecho $JOBS | jq -r 'to_entries[] | " - \(.key): \(.value.result)"'[0m
Status Check - Keycloak CI	Run /./.github/actions/status-check	2025-02-04T12:08:30.1852883Z [36;1m[0m
Status Check - Keycloak CI	Run /./.github/actions/status-check	2025-02-04T12:08:30.1853149Z [36;1mfor i in $(echo $JOBS | jq -r 'to_entries[] | .value.result'); do[0m
Status Check - Keycloak CI	Run /./.github/actions/status-check	2025-02-04T12:08:30.1853540Z [36;1m  if [ "$i" != "success" ] && [ "$i" != "skipped" ]; then[0m
Status Check - Keycloak CI	Run /./.github/actions/status-check	2025-02-04T12:08:30.1853849Z [36;1m    echo ""[0m
Status Check - Keycloak CI	Run /./.github/actions/status-check	2025-02-04T12:08:30.1854086Z [36;1m    echo "Status check not okay!"[0m
Status Check - Keycloak CI	Run /./.github/actions/status-check	2025-02-04T12:08:30.1854356Z [36;1m    exit 1[0m
Status Check - Keycloak CI	Run /./.github/actions/status-check	2025-02-04T12:08:30.1854570Z [36;1m  fi[0m
Status Check - Keycloak CI	Run /./.github/actions/status-check	2025-02-04T12:08:30.1854775Z [36;1mdone[0m
Status Check - Keycloak CI	Run /./.github/actions/status-check	2025-02-04T12:08:30.1887536Z shell: /usr/bin/bash --noprofile --norc -e -o pipefail {0}
Status Check - Keycloak CI	Run /./.github/actions/status-check	2025-02-04T12:08:30.1887943Z env:
Status Check - Keycloak CI	Run /./.github/actions/status-check	2025-02-04T12:08:30.1888262Z   MAVEN_ARGS: -B -nsu -Daether.connector.http.connectionMaxTtl=25
Status Check - Keycloak CI	Run /./.github/actions/status-check	2025-02-04T12:08:30.1888654Z   SUREFIRE_RERUN_FAILING_COUNT: 2
Status Check - Keycloak CI	Run /./.github/actions/status-check	2025-02-04T12:08:30.1888994Z   SUREFIRE_RETRY: -Dsurefire.rerunFailingTestsCount=2
Status Check - Keycloak CI	Run /./.github/actions/status-check	2025-02-04T12:08:30.1889379Z ##[endgroup]
Status Check - Keycloak CI	Run /./.github/actions/status-check	2025-02-04T12:08:30.1959772Z Job status:
Status Check - Keycloak CI	Run /./.github/actions/status-check	2025-02-04T12:08:30.2000948Z  - conditional: success
Status Check - Keycloak CI	Run /./.github/actions/status-check	2025-02-04T12:08:30.2001425Z  - build: success
Status Check - Keycloak CI	Run /./.github/actions/status-check	2025-02-04T12:08:30.2001794Z  - unit-tests: success
Status Check - Keycloak CI	Run /./.github/actions/status-check	2025-02-04T12:08:30.2002088Z  - base-integration-tests: failure
Status Check - Keycloak CI	Run /./.github/actions/status-check	2025-02-04T12:08:30.2002572Z  - adapter-integration-tests: success
Status Check - Keycloak CI	Run /./.github/actions/status-check	2025-02-04T12:08:30.2003209Z  - adapter-integration-tests-strict-cookies: success
Status Check - Keycloak CI	Run /./.github/actions/status-check	2025-02-04T12:08:30.2003839Z  - quarkus-unit-tests: skipped
Status Check - Keycloak CI	Run /./.github/actions/status-check	2025-02-04T12:08:30.2004329Z  - quarkus-integration-tests: success
Status Check - Keycloak CI	Run /./.github/actions/status-check	2025-02-04T12:08:30.2004825Z  - jdk-integration-tests: success
Status Check - Keycloak CI	Run /./.github/actions/status-check	2025-02-04T12:08:30.2005154Z  - store-integration-tests: success
Status Check - Keycloak CI	Run /./.github/actions/status-check	2025-02-04T12:08:30.2005452Z  - volatile-sessions-tests: success
Status Check - Keycloak CI	Run /./.github/actions/status-check	2025-02-04T12:08:30.2005734Z  - store-model-tests: success
Status Check - Keycloak CI	Run /./.github/actions/status-check	2025-02-04T12:08:30.2006022Z  - clustering-integration-tests: success
Status Check - Keycloak CI	Run /./.github/actions/status-check	2025-02-04T12:08:30.2006331Z  - fips-unit-tests: success
Status Check - Keycloak CI	Run /./.github/actions/status-check	2025-02-04T12:08:30.2006601Z  - fips-integration-tests: success
Status Check - Keycloak CI	Run /./.github/actions/status-check	2025-02-04T12:08:30.2006922Z  - forms-integration-tests: success
Status Check - Keycloak CI	Run /./.github/actions/status-check	2025-02-04T12:08:30.2007219Z  - webauthn-integration-tests: success
Status Check - Keycloak CI	Run /./.github/actions/status-check	2025-02-04T12:08:30.2007500Z  - sssd-unit-tests: skipped
Status Check - Keycloak CI	Run /./.github/actions/status-check	2025-02-04T12:08:30.2007760Z  - migration-tests: success
Status Check - Keycloak CI	Run /./.github/actions/status-check	2025-02-04T12:08:30.2008165Z  - external-infinispan-tests: success
Status Check - Keycloak CI	Run /./.github/actions/status-check	2025-02-04T12:08:30.2008661Z  - test-framework: success
Status Check - Keycloak CI	Run /./.github/actions/status-check	2025-02-04T12:08:30.2009130Z  - base-new-integration-tests: success
Status Check - Keycloak CI	Run /./.github/actions/status-check	2025-02-04T12:08:30.2038164Z 
Status Check - Keycloak CI	Run /./.github/actions/status-check	2025-02-04T12:08:30.2038426Z Status check not okay!
Status Check - Keycloak CI	Run /./.github/actions/status-check	2025-02-04T12:08:30.2052287Z ##[error]Process completed with exit code 1.
