Test OLM installation	Arrange OLM test installation	2025-06-09T15:05:44.2976475Z ##[group]Run eval $(minikube -p minikube docker-env)
Test OLM installation	Arrange OLM test installation	2025-06-09T15:05:44.2977127Z [36;1meval $(minikube -p minikube docker-env)[0m
Test OLM installation	Arrange OLM test installation	2025-06-09T15:05:44.2977794Z [36;1mREGISTRY=192.168.49.2:5000 ./scripts/olm-testing.sh ${GITHUB_SHA::6}[0m
Test OLM installation	Arrange OLM test installation	2025-06-09T15:05:44.3098329Z shell: /usr/bin/bash --noprofile --norc -e -o pipefail {0}
Test OLM installation	Arrange OLM test installation	2025-06-09T15:05:44.3098893Z env:
Test OLM installation	Arrange OLM test installation	2025-06-09T15:05:44.3099369Z   MAVEN_ARGS: -B -nsu -Daether.connector.http.connectionMaxTtl=25
Test OLM installation	Arrange OLM test installation	2025-06-09T15:05:44.3099978Z   MINIKUBE_VERSION: v1.32.0
Test OLM installation	Arrange OLM test installation	2025-06-09T15:05:44.3100373Z   KUBERNETES_VERSION: v1.27.10
Test OLM installation	Arrange OLM test installation	2025-06-09T15:05:44.3100754Z   MINIKUBE_MEMORY: 4096
Test OLM installation	Arrange OLM test installation	2025-06-09T15:05:44.3101278Z   JAVA_HOME: /opt/hostedtoolcache/Java_Temurin-Hotspot_jdk/21.0.7-6/x64
Test OLM installation	Arrange OLM test installation	2025-06-09T15:05:44.3102094Z   JAVA_HOME_21_X64: /opt/hostedtoolcache/Java_Temurin-Hotspot_jdk/21.0.7-6/x64
Test OLM installation	Arrange OLM test installation	2025-06-09T15:05:44.3102745Z   MINIKUBE_HOME: /home/runner/work/_temp
Test OLM installation	Arrange OLM test installation	2025-06-09T15:05:44.3103172Z ##[endgroup]
Test OLM installation	Arrange OLM test installation	2025-06-09T15:05:44.7697284Z + UUID=de6c13
Test OLM installation	Arrange OLM test installation	2025-06-09T15:05:44.7705979Z + INSTALL_NAMESPACE=default
Test OLM installation	Arrange OLM test installation	2025-06-09T15:05:44.7706524Z + TARGET_NAMESPACES=default
Test OLM installation	Arrange OLM test installation	2025-06-09T15:05:44.7706931Z +++ dirname -- ./scripts/olm-testing.sh
Test OLM installation	Arrange OLM test installation	2025-06-09T15:05:44.7715792Z ++ cd -- ./scripts
Test OLM installation	Arrange OLM test installation	2025-06-09T15:05:44.7716456Z ++ pwd
Test OLM installation	Arrange OLM test installation	2025-06-09T15:05:44.7720633Z + SCRIPT_DIR=/home/runner/work/keycloak/keycloak/operator/scripts
Test OLM installation	Arrange OLM test installation	2025-06-09T15:05:44.7721893Z + REGISTRY=192.168.49.2:5000
Test OLM installation	Arrange OLM test installation	2025-06-09T15:05:44.7722787Z + VERSION=86400000.0.0
Test OLM installation	Arrange OLM test installation	2025-06-09T15:05:44.7751223Z + cd /home/runner/work/keycloak/keycloak/operator/scripts/../../quarkus/container
Test OLM installation	Arrange OLM test installation	2025-06-09T15:05:44.7752825Z ++ ls keycloak-999.0.0-SNAPSHOT.tar.gz
Test OLM installation	Arrange OLM test installation	2025-06-09T15:05:44.7772164Z + docker build --build-arg KEYCLOAK_DIST=keycloak-999.0.0-SNAPSHOT.tar.gz . -t 192.168.49.2:5000/de6c13keycloak:86400000.0.0
Test OLM installation	Arrange OLM test installation	2025-06-09T15:05:45.2409084Z #0 building with "default" instance using docker driver
Test OLM installation	Arrange OLM test installation	2025-06-09T15:05:45.2409592Z 
Test OLM installation	Arrange OLM test installation	2025-06-09T15:05:45.2409748Z #1 [internal] load .dockerignore
Test OLM installation	Arrange OLM test installation	2025-06-09T15:05:45.2410283Z #1 transferring context: 2B done
Test OLM installation	Arrange OLM test installation	2025-06-09T15:05:45.2410697Z #1 DONE 0.0s
Test OLM installation	Arrange OLM test installation	2025-06-09T15:05:45.2410871Z 
Test OLM installation	Arrange OLM test installation	2025-06-09T15:05:45.2411081Z #2 [internal] load build definition from Dockerfile
Test OLM installation	Arrange OLM test installation	2025-06-09T15:05:45.2411592Z #2 transferring dockerfile: 2.72kB done
Test OLM installation	Arrange OLM test installation	2025-06-09T15:05:45.2411984Z #2 DONE 0.0s
Test OLM installation	Arrange OLM test installation	2025-06-09T15:05:45.2412131Z 
Test OLM installation	Arrange OLM test installation	2025-06-09T15:05:45.2412404Z #3 [internal] load metadata for registry.access.redhat.com/ubi9:latest
Test OLM installation	Arrange OLM test installation	2025-06-09T15:05:45.6928460Z #3 DONE 0.6s
Test OLM installation	Arrange OLM test installation	2025-06-09T15:05:45.6928760Z 
Test OLM installation	Arrange OLM test installation	2025-06-09T15:05:45.6929150Z #4 [internal] load metadata for registry.access.redhat.com/ubi9-micro:latest
Test OLM installation	Arrange OLM test installation	2025-06-09T15:05:45.8822197Z #4 DONE 0.8s
Test OLM installation	Arrange OLM test installation	2025-06-09T15:05:45.9938290Z 
Test OLM installation	Arrange OLM test installation	2025-06-09T15:05:45.9944658Z #5 [ubi-micro-build 1/8] FROM registry.access.redhat.com/ubi9@sha256:304b50df1ea4db9706d8a30f4bbf26f582936ebc80c7e075c72ff2af99292a54
Test OLM installation	Arrange OLM test installation	2025-06-09T15:05:45.9946497Z #5 resolve registry.access.redhat.com/ubi9@sha256:304b50df1ea4db9706d8a30f4bbf26f582936ebc80c7e075c72ff2af99292a54 done
Test OLM installation	Arrange OLM test installation	2025-06-09T15:05:45.9961153Z #5 sha256:304b50df1ea4db9706d8a30f4bbf26f582936ebc80c7e075c72ff2af99292a54 897B / 897B done
Test OLM installation	Arrange OLM test installation	2025-06-09T15:05:45.9964806Z #5 sha256:62fb429dc6b93ab5ade55d1c8e6b08735f00224d3081d58f161eb5f55eeb3d7d 505B / 505B done
Test OLM installation	Arrange OLM test installation	2025-06-09T15:05:45.9967101Z #5 sha256:83c48939c2c8782580d44062545386358defd2d5cc748b9b963bdb8a78046a46 5.06kB / 5.06kB done
Test OLM installation	Arrange OLM test installation	2025-06-09T15:05:45.9970237Z #5 sha256:92efcdccd1058003df257e9cbdf756ff6b10bd276551590536a5a1678e099aaf 3.15MB / 79.59MB 0.1s
Test OLM installation	Arrange OLM test installation	2025-06-09T15:05:46.0959577Z #5 sha256:92efcdccd1058003df257e9cbdf756ff6b10bd276551590536a5a1678e099aaf 15.73MB / 79.59MB 0.2s
Test OLM installation	Arrange OLM test installation	2025-06-09T15:05:46.1970163Z #5 sha256:92efcdccd1058003df257e9cbdf756ff6b10bd276551590536a5a1678e099aaf 25.17MB / 79.59MB 0.3s
Test OLM installation	Arrange OLM test installation	2025-06-09T15:05:46.3014867Z #5 sha256:92efcdccd1058003df257e9cbdf756ff6b10bd276551590536a5a1678e099aaf 38.80MB / 79.59MB 0.4s
Test OLM installation	Arrange OLM test installation	2025-06-09T15:05:46.4060624Z #5 sha256:92efcdccd1058003df257e9cbdf756ff6b10bd276551590536a5a1678e099aaf 49.28MB / 79.59MB 0.5s
Test OLM installation	Arrange OLM test installation	2025-06-09T15:05:46.5938634Z #5 sha256:92efcdccd1058003df257e9cbdf756ff6b10bd276551590536a5a1678e099aaf 71.30MB / 79.59MB 0.7s
Test OLM installation	Arrange OLM test installation	2025-06-09T15:05:46.7036053Z #5 sha256:92efcdccd1058003df257e9cbdf756ff6b10bd276551590536a5a1678e099aaf 79.59MB / 79.59MB 0.8s
Test OLM installation	Arrange OLM test installation	2025-06-09T15:05:46.8063731Z #5 ...
Test OLM installation	Arrange OLM test installation	2025-06-09T15:05:46.8064944Z 
Test OLM installation	Arrange OLM test installation	2025-06-09T15:05:46.8066231Z #6 [stage-1 1/4] FROM registry.access.redhat.com/ubi9-micro@sha256:955512628a9104d74f7b3b0a91db27a6bbecdd6a1975ce0f1b2658d3cd060b98
Test OLM installation	Arrange OLM test installation	2025-06-09T15:05:46.8068878Z #6 resolve registry.access.redhat.com/ubi9-micro@sha256:955512628a9104d74f7b3b0a91db27a6bbecdd6a1975ce0f1b2658d3cd060b98 done
Test OLM installation	Arrange OLM test installation	2025-06-09T15:05:46.8070220Z #6 sha256:352e1e8e3c437ad6bd352f164df8bdf7018df09f730362546276fe3df62ffd8c 4.00kB / 4.00kB done
Test OLM installation	Arrange OLM test installation	2025-06-09T15:05:46.8071411Z #6 sha256:cd2f3f69481dffe63a3071ea43aeeab2a4af254e96b065c35b2d7ce2534e0383 7.27MB / 7.27MB 0.2s done
Test OLM installation	Arrange OLM test installation	2025-06-09T15:05:46.8072600Z #6 sha256:955512628a9104d74f7b3b0a91db27a6bbecdd6a1975ce0f1b2658d3cd060b98 897B / 897B done
Test OLM installation	Arrange OLM test installation	2025-06-09T15:05:46.8073674Z #6 sha256:bc049e6e35c145513e3ec226faf3f929337ea2337fa5c9f7e00375aef4b801e8 504B / 504B done
Test OLM installation	Arrange OLM test installation	2025-06-09T15:05:46.8074826Z #6 extracting sha256:cd2f3f69481dffe63a3071ea43aeeab2a4af254e96b065c35b2d7ce2534e0383 0.6s done
Test OLM installation	Arrange OLM test installation	2025-06-09T15:05:46.8075795Z #6 DONE 0.9s
Test OLM installation	Arrange OLM test installation	2025-06-09T15:05:46.8075976Z 
Test OLM installation	Arrange OLM test installation	2025-06-09T15:05:46.8076671Z #5 [ubi-micro-build 1/8] FROM registry.access.redhat.com/ubi9@sha256:304b50df1ea4db9706d8a30f4bbf26f582936ebc80c7e075c72ff2af99292a54
Test OLM installation	Arrange OLM test installation	2025-06-09T15:05:46.8077958Z #5 extracting sha256:92efcdccd1058003df257e9cbdf756ff6b10bd276551590536a5a1678e099aaf
Test OLM installation	Arrange OLM test installation	2025-06-09T15:05:47.1285899Z #5 ...
Test OLM installation	Arrange OLM test installation	2025-06-09T15:05:47.1287357Z 
Test OLM installation	Arrange OLM test installation	2025-06-09T15:05:47.1287655Z #7 [internal] load build context
Test OLM installation	Arrange OLM test installation	2025-06-09T15:05:47.1288135Z #7 transferring context: 155.11MB 1.1s done
Test OLM installation	Arrange OLM test installation	2025-06-09T15:05:47.1293079Z #7 DONE 1.2s
Test OLM installation	Arrange OLM test installation	2025-06-09T15:05:47.1293473Z 
Test OLM installation	Arrange OLM test installation	2025-06-09T15:05:47.1294318Z #5 [ubi-micro-build 1/8] FROM registry.access.redhat.com/ubi9@sha256:304b50df1ea4db9706d8a30f4bbf26f582936ebc80c7e075c72ff2af99292a54
Test OLM installation	Arrange OLM test installation	2025-06-09T15:05:51.8288301Z #5 extracting sha256:92efcdccd1058003df257e9cbdf756ff6b10bd276551590536a5a1678e099aaf 5.0s
Test OLM installation	Arrange OLM test installation	2025-06-09T15:05:51.9291157Z #5 extracting sha256:92efcdccd1058003df257e9cbdf756ff6b10bd276551590536a5a1678e099aaf 5.1s done
Test OLM installation	Arrange OLM test installation	2025-06-09T15:05:52.1034243Z #5 DONE 6.1s
Test OLM installation	Arrange OLM test installation	2025-06-09T15:05:52.1034546Z 
Test OLM installation	Arrange OLM test installation	2025-06-09T15:05:52.1034812Z #8 [ubi-micro-build 2/8] RUN dnf install -y tar gzip
Test OLM installation	Arrange OLM test installation	2025-06-09T15:05:52.3137486Z #8 0.361 Updating Subscription Management repositories.
Test OLM installation	Arrange OLM test installation	2025-06-09T15:05:52.4678405Z #8 0.361 Unable to read consumer identity
Test OLM installation	Arrange OLM test installation	2025-06-09T15:05:52.4678948Z #8 0.364 
Test OLM installation	Arrange OLM test installation	2025-06-09T15:05:52.4679705Z #8 0.364 This system is not registered with an entitlement server. You can use subscription-manager to register.
Test OLM installation	Arrange OLM test installation	2025-06-09T15:05:52.4680467Z #8 0.364 
Test OLM installation	Arrange OLM test installation	2025-06-09T15:05:52.5244752Z #8 0.572 Red Hat Universal Base Image 9 (RPMs) - BaseOS  3.4 MB/s | 587 kB     00:00    
Test OLM installation	Arrange OLM test installation	2025-06-09T15:05:52.7252026Z #8 0.772 Red Hat Universal Base Image 9 (RPMs) - AppStre  22 MB/s | 2.4 MB     00:00    
Test OLM installation	Arrange OLM test installation	2025-06-09T15:05:53.1865010Z #8 1.234 Red Hat Universal Base Image 9 (RPMs) - CodeRea 3.2 MB/s | 284 kB     00:00    
Test OLM installation	Arrange OLM test installation	2025-06-09T15:05:53.3252145Z #8 1.372 Package tar-2:1.34-7.el9.x86_64 is already installed.
Test OLM installation	Arrange OLM test installation	2025-06-09T15:05:53.5702947Z #8 1.373 Package gzip-1.12-1.el9.x86_64 is already installed.
Test OLM installation	Arrange OLM test installation	2025-06-09T15:05:53.5703596Z #8 1.387 Dependencies resolved.
Test OLM installation	Arrange OLM test installation	2025-06-09T15:05:53.5707188Z #8 1.389 Nothing to do.
Test OLM installation	Arrange OLM test installation	2025-06-09T15:05:53.5707842Z #8 1.389 Complete!
Test OLM installation	Arrange OLM test installation	2025-06-09T15:05:53.5708399Z #8 DONE 1.5s
Test OLM installation	Arrange OLM test installation	2025-06-09T15:05:53.5708727Z 
Test OLM installation	Arrange OLM test installation	2025-06-09T15:05:53.5709178Z #9 [ubi-micro-build 3/8] ADD keycloak-999.0.0-SNAPSHOT.tar.gz /tmp/keycloak/
Test OLM installation	Arrange OLM test installation	2025-06-09T15:05:54.2792088Z #9 DONE 0.9s
Test OLM installation	Arrange OLM test installation	2025-06-09T15:05:54.3969502Z 
Test OLM installation	Arrange OLM test installation	2025-06-09T15:05:54.3971060Z #10 [ubi-micro-build 4/8] RUN (cd /tmp/keycloak &&     tar -xvf /tmp/keycloak/keycloak-*.tar.gz &&     rm /tmp/keycloak/keycloak-*.tar.gz) || true
Test OLM installation	Arrange OLM test installation	2025-06-09T15:05:54.3972802Z #10 0.117 tar: /tmp/keycloak/keycloak-*.tar.gz: Cannot open: No such file or directory
Test OLM installation	Arrange OLM test installation	2025-06-09T15:05:54.3973405Z #10 0.117 tar: Error is not recoverable: exiting now
Test OLM installation	Arrange OLM test installation	2025-06-09T15:05:54.5618751Z #10 DONE 0.1s
Test OLM installation	Arrange OLM test installation	2025-06-09T15:05:54.5619552Z 
Test OLM installation	Arrange OLM test installation	2025-06-09T15:05:54.5620059Z #11 [ubi-micro-build 5/8] RUN mv /tmp/keycloak/keycloak-* /opt/keycloak && mkdir -p /opt/keycloak/data
Test OLM installation	Arrange OLM test installation	2025-06-09T15:05:54.5756882Z #11 DONE 0.2s
Test OLM installation	Arrange OLM test installation	2025-06-09T15:05:54.7267395Z 
Test OLM installation	Arrange OLM test installation	2025-06-09T15:05:54.7268093Z #12 [ubi-micro-build 6/8] RUN chmod -R g+rwX /opt/keycloak
Test OLM installation	Arrange OLM test installation	2025-06-09T15:05:55.2320326Z #12 DONE 0.7s
Test OLM installation	Arrange OLM test installation	2025-06-09T15:05:55.3600125Z 
Test OLM installation	Arrange OLM test installation	2025-06-09T15:05:55.3600816Z #13 [ubi-micro-build 7/8] ADD ubi-null.sh /tmp/
Test OLM installation	Arrange OLM test installation	2025-06-09T15:05:55.3601529Z #13 DONE 0.0s
Test OLM installation	Arrange OLM test installation	2025-06-09T15:05:55.3601757Z 
Test OLM installation	Arrange OLM test installation	2025-06-09T15:05:55.3602290Z #14 [ubi-micro-build 8/8] RUN bash /tmp/ubi-null.sh java-21-openjdk-headless glibc-langpack-en findutils
Test OLM installation	Arrange OLM test installation	2025-06-09T15:05:55.3603193Z #14 0.112 ==> Installing packages into chroot
Test OLM installation	Arrange OLM test installation	2025-06-09T15:05:55.3603796Z #14 0.112 + dnf install -y findutils diffutils
Test OLM installation	Arrange OLM test installation	2025-06-09T15:05:55.6179208Z #14 0.370 Updating Subscription Management repositories.
Test OLM installation	Arrange OLM test installation	2025-06-09T15:05:55.7594942Z #14 0.370 Unable to read consumer identity
Test OLM installation	Arrange OLM test installation	2025-06-09T15:05:55.7595834Z #14 0.374 
Test OLM installation	Arrange OLM test installation	2025-06-09T15:05:55.7596704Z #14 0.374 This system is not registered with an entitlement server. You can use subscription-manager to register.
Test OLM installation	Arrange OLM test installation	2025-06-09T15:05:55.7597483Z #14 0.374 
Test OLM installation	Arrange OLM test installation	2025-06-09T15:05:55.7597869Z #14 0.414 Last metadata expiration check: 0:00:02 ago on Mon Jun  9 15:05:53 2025.
Test OLM installation	Arrange OLM test installation	2025-06-09T15:05:55.7598580Z #14 0.435 Package findutils-1:4.8.0-7.el9.x86_64 is already installed.
Test OLM installation	Arrange OLM test installation	2025-06-09T15:05:55.7599132Z #14 0.450 Dependencies resolved.
Test OLM installation	Arrange OLM test installation	2025-06-09T15:05:55.7599483Z #14 0.450 ================================================================================
Test OLM installation	Arrange OLM test installation	2025-06-09T15:05:55.7600115Z #14 0.450  Package         Architecture Version             Repository               Size
Test OLM installation	Arrange OLM test installation	2025-06-09T15:05:55.7600801Z #14 0.450 ================================================================================
Test OLM installation	Arrange OLM test installation	2025-06-09T15:05:55.7601164Z #14 0.450 Installing:
Test OLM installation	Arrange OLM test installation	2025-06-09T15:05:55.7601653Z #14 0.450  diffutils       x86_64       3.7-12.el9          ubi-9-baseos-rpms       402 k
Test OLM installation	Arrange OLM test installation	2025-06-09T15:05:55.7602195Z #14 0.450 
Test OLM installation	Arrange OLM test installation	2025-06-09T15:05:55.7602576Z #14 0.450 Transaction Summary
Test OLM installation	Arrange OLM test installation	2025-06-09T15:05:55.7603101Z #14 0.450 ================================================================================
Test OLM installation	Arrange OLM test installation	2025-06-09T15:05:55.7603721Z #14 0.450 Install  1 Package
Test OLM installation	Arrange OLM test installation	2025-06-09T15:05:55.7604146Z #14 0.450 
Test OLM installation	Arrange OLM test installation	2025-06-09T15:05:55.7604530Z #14 0.451 Total download size: 402 k
Test OLM installation	Arrange OLM test installation	2025-06-09T15:05:55.7605018Z #14 0.451 Installed size: 1.4 M
Test OLM installation	Arrange OLM test installation	2025-06-09T15:05:55.7605675Z #14 0.451 Downloading Packages:
Test OLM installation	Arrange OLM test installation	2025-06-09T15:05:55.7606185Z #14 0.512 diffutils-3.7-12.el9.x86_64.rpm                 6.7 MB/s | 402 kB     00:00    
Test OLM installation	Arrange OLM test installation	2025-06-09T15:05:55.8617350Z #14 0.513 --------------------------------------------------------------------------------
Test OLM installation	Arrange OLM test installation	2025-06-09T15:05:55.8618051Z #14 0.513 Total                                           6.4 MB/s | 402 kB     00:00     
Test OLM installation	Arrange OLM test installation	2025-06-09T15:05:55.8618463Z #14 0.525 Running transaction check
Test OLM installation	Arrange OLM test installation	2025-06-09T15:05:55.8618795Z #14 0.529 Transaction check succeeded.
Test OLM installation	Arrange OLM test installation	2025-06-09T15:05:55.8619122Z #14 0.529 Running transaction test
Test OLM installation	Arrange OLM test installation	2025-06-09T15:05:55.8619457Z #14 0.555 Transaction test succeeded.
Test OLM installation	Arrange OLM test installation	2025-06-09T15:05:55.8619778Z #14 0.555 Running transaction
Test OLM installation	Arrange OLM test installation	2025-06-09T15:05:55.8620157Z #14 0.577   Preparing        :                                                        1/1 
Test OLM installation	Arrange OLM test installation	2025-06-09T15:05:55.9671323Z #14 0.614   Installing       : diffutils-3.7-12.el9.x86_64                            1/1 
Test OLM installation	Arrange OLM test installation	2025-06-09T15:05:55.9672420Z #14 0.625   Running scriptlet: diffutils-3.7-12.el9.x86_64                            1/1 
Test OLM installation	Arrange OLM test installation	2025-06-09T15:05:55.9673399Z #14 0.662   Verifying        : diffutils-3.7-12.el9.x86_64                            1/1 
Test OLM installation	Arrange OLM test installation	2025-06-09T15:05:55.9674140Z #14 0.712 Installed products updated.
Test OLM installation	Arrange OLM test installation	2025-06-09T15:05:55.9674622Z #14 0.719 
Test OLM installation	Arrange OLM test installation	2025-06-09T15:05:55.9675678Z #14 0.719 Installed:
Test OLM installation	Arrange OLM test installation	2025-06-09T15:05:55.9676089Z #14 0.719   diffutils-3.7-12.el9.x86_64                                                   
Test OLM installation	Arrange OLM test installation	2025-06-09T15:05:55.9676536Z #14 0.719 
Test OLM installation	Arrange OLM test installation	2025-06-09T15:05:55.9676755Z #14 0.719 Complete!
Test OLM installation	Arrange OLM test installation	2025-06-09T15:05:56.1749125Z #14 0.774 ++ realpath rootfs
Test OLM installation	Arrange OLM test installation	2025-06-09T15:05:56.1750348Z #14 0.775 + rootfs=/tmp/null/rootfs
Test OLM installation	Arrange OLM test installation	2025-06-09T15:05:56.1750697Z #14 0.775 + mkdir -p /tmp/null/rootfs
Test OLM installation	Arrange OLM test installation	2025-06-09T15:05:56.1751299Z #14 0.777 + xargs dnf install -y --installroot /tmp/null/rootfs --releasever 9 --setopt install_weak_deps=false --nodocs
Test OLM installation	Arrange OLM test installation	2025-06-09T15:05:56.2564056Z #14 1.009 Updating Subscription Management repositories.
Test OLM installation	Arrange OLM test installation	2025-06-09T15:05:56.3755954Z #14 1.009 Unable to read consumer identity
Test OLM installation	Arrange OLM test installation	2025-06-09T15:05:56.3756573Z #14 1.010 
Test OLM installation	Arrange OLM test installation	2025-06-09T15:05:56.3757297Z #14 1.010 This system is not registered with an entitlement server. You can use subscription-manager to register.
Test OLM installation	Arrange OLM test installation	2025-06-09T15:05:56.3758218Z #14 1.010 
Test OLM installation	Arrange OLM test installation	2025-06-09T15:05:56.3758885Z #14 1.128 Red Hat Universal Base Image 9 (RPMs) - BaseOS  6.0 MB/s | 587 kB     00:00    
Test OLM installation	Arrange OLM test installation	2025-06-09T15:05:56.5792029Z #14 1.331 Red Hat Universal Base Image 9 (RPMs) - AppStre  21 MB/s | 2.4 MB     00:00    
Test OLM installation	Arrange OLM test installation	2025-06-09T15:05:57.0606324Z #14 1.813 Red Hat Universal Base Image 9 (RPMs) - CodeRea 3.2 MB/s | 284 kB     00:00    
Test OLM installation	Arrange OLM test installation	2025-06-09T15:05:57.2050764Z #14 1.957 Dependencies resolved.
Test OLM installation	Arrange OLM test installation	2025-06-09T15:05:57.3086519Z #14 1.963 =============================================================================================
Test OLM installation	Arrange OLM test installation	2025-06-09T15:05:57.3087987Z #14 1.963  Package                    Arch    Version                       Repository             Size
Test OLM installation	Arrange OLM test installation	2025-06-09T15:05:57.3088873Z #14 1.963 =============================================================================================
Test OLM installation	Arrange OLM test installation	2025-06-09T15:05:57.3089437Z #14 1.963 Installing:
Test OLM installation	Arrange OLM test installation	2025-06-09T15:05:57.3089824Z #14 1.963  bash                       x86_64  5.1.8-9.el9                   ubi-9-baseos-rpms     1.7 M
Test OLM installation	Arrange OLM test installation	2025-06-09T15:05:57.3090434Z #14 1.963  coreutils-single           x86_64  8.32-39.el9                   ubi-9-baseos-rpms     625 k
Test OLM installation	Arrange OLM test installation	2025-06-09T15:05:57.3091073Z #14 1.963  findutils                  x86_64  1:4.8.0-7.el9                 ubi-9-baseos-rpms     550 k
Test OLM installation	Arrange OLM test installation	2025-06-09T15:05:57.3091684Z #14 1.963  glibc-langpack-en          x86_64  2.34-168.el9_6.19             ubi-9-baseos-rpms     657 k
Test OLM installation	Arrange OLM test installation	2025-06-09T15:05:57.3092379Z #14 1.963  java-21-openjdk-headless   x86_64  1:21.0.7.0.6-1.el9            ubi-9-appstream-rpms   49 M
Test OLM installation	Arrange OLM test installation	2025-06-09T15:05:57.3092910Z #14 1.963 Installing dependencies:
Test OLM installation	Arrange OLM test installation	2025-06-09T15:05:57.3093345Z #14 1.963  alsa-lib                   x86_64  1.2.13-2.el9                  ubi-9-appstream-rpms  530 k
Test OLM installation	Arrange OLM test installation	2025-06-09T15:05:57.3093923Z #14 1.963  alternatives               x86_64  1.24-2.el9                    ubi-9-baseos-rpms      42 k
Test OLM installation	Arrange OLM test installation	2025-06-09T15:05:57.3094509Z #14 1.963  avahi-libs                 x86_64  0.8-22.el9_6                  ubi-9-baseos-rpms      67 k
Test OLM installation	Arrange OLM test installation	2025-06-09T15:05:57.3095294Z #14 1.963  basesystem                 noarch  11-13.el9                     ubi-9-baseos-rpms     8.0 k
Test OLM installation	Arrange OLM test installation	2025-06-09T15:05:57.3096017Z #14 1.963  bzip2-libs                 x86_64  1.0.8-10.el9_5                ubi-9-baseos-rpms      42 k
Test OLM installation	Arrange OLM test installation	2025-06-09T15:05:57.3096666Z #14 1.963  ca-certificates            noarch  2024.2.69_v8.0.303-91.4.el9_4 ubi-9-baseos-rpms     1.0 M
Test OLM installation	Arrange OLM test installation	2025-06-09T15:05:57.3097286Z #14 1.963  copy-jdk-configs           noarch  4.0-3.el9                     ubi-9-appstream-rpms   29 k
Test OLM installation	Arrange OLM test installation	2025-06-09T15:05:57.3097823Z #14 1.963  crypto-policies            noarch  20250128-1.git5269e22.el9     ubi-9-baseos-rpms      90 k
Test OLM installation	Arrange OLM test installation	2025-06-09T15:05:57.3098394Z #14 1.963  crypto-policies-scripts    noarch  20250128-1.git5269e22.el9     ubi-9-baseos-rpms     101 k
Test OLM installation	Arrange OLM test installation	2025-06-09T15:05:57.3098919Z #14 1.963  cups-libs                  x86_64  1:2.3.3op2-33.el9             ubi-9-baseos-rpms     265 k
Test OLM installation	Arrange OLM test installation	2025-06-09T15:05:57.3099356Z #14 1.963  dbus-libs                  x86_64  1:1.12.20-8.el9               ubi-9-baseos-rpms     154 k
Test OLM installation	Arrange OLM test installation	2025-06-09T15:05:57.3099777Z #14 1.963  expat                      x86_64  2.5.0-5.el9_6                 ubi-9-baseos-rpms     119 k
Test OLM installation	Arrange OLM test installation	2025-06-09T15:05:57.3100482Z #14 1.963  filesystem                 x86_64  3.16-5.el9                    ubi-9-baseos-rpms     4.8 M
Test OLM installation	Arrange OLM test installation	2025-06-09T15:05:57.3100900Z #14 1.963  gawk                       x86_64  5.1.0-6.el9                   ubi-9-baseos-rpms     1.0 M
Test OLM installation	Arrange OLM test installation	2025-06-09T15:05:57.3101452Z #14 1.963  gdbm-libs                  x86_64  1:1.23-1.el9                  ubi-9-baseos-rpms      59 k
Test OLM installation	Arrange OLM test installation	2025-06-09T15:05:57.3101889Z #14 1.963  glibc                      x86_64  2.34-168.el9_6.19             ubi-9-baseos-rpms     2.0 M
Test OLM installation	Arrange OLM test installation	2025-06-09T15:05:57.3102340Z #14 1.963  glibc-common               x86_64  2.34-168.el9_6.19             ubi-9-baseos-rpms     303 k
Test OLM installation	Arrange OLM test installation	2025-06-09T15:05:57.3102771Z #14 1.963  gmp                        x86_64  1:6.2.0-13.el9                ubi-9-baseos-rpms     319 k
Test OLM installation	Arrange OLM test installation	2025-06-09T15:05:57.3103172Z #14 1.963  gnutls                     x86_64  3.8.3-6.el9                   ubi-9-baseos-rpms     1.1 M
Test OLM installation	Arrange OLM test installation	2025-06-09T15:05:57.3103579Z #14 1.963  grep                       x86_64  3.6-5.el9                     ubi-9-baseos-rpms     273 k
Test OLM installation	Arrange OLM test installation	2025-06-09T15:05:57.3104054Z #14 1.963  javapackages-filesystem    noarch  6.4.0-1.el9                   ubi-9-appstream-rpms   17 k
Test OLM installation	Arrange OLM test installation	2025-06-09T15:05:57.3104566Z #14 1.963  keyutils-libs              x86_64  1.6.3-1.el9                   ubi-9-baseos-rpms      34 k
Test OLM installation	Arrange OLM test installation	2025-06-09T15:05:57.3105016Z #14 1.963  krb5-libs                  x86_64  1.21.1-6.el9                  ubi-9-baseos-rpms     770 k
Test OLM installation	Arrange OLM test installation	2025-06-09T15:05:57.3105559Z #14 1.963  libacl                     x86_64  2.3.1-4.el9                   ubi-9-baseos-rpms      24 k
Test OLM installation	Arrange OLM test installation	2025-06-09T15:05:57.3105977Z #14 1.963  libattr                    x86_64  2.5.1-3.el9                   ubi-9-baseos-rpms      20 k
Test OLM installation	Arrange OLM test installation	2025-06-09T15:05:57.3106393Z #14 1.963  libcap                     x86_64  2.48-9.el9_2                  ubi-9-baseos-rpms      74 k
Test OLM installation	Arrange OLM test installation	2025-06-09T15:05:57.3106876Z #14 1.963  libcom_err                 x86_64  1.46.5-7.el9                  ubi-9-baseos-rpms      28 k
Test OLM installation	Arrange OLM test installation	2025-06-09T15:05:57.3107451Z #14 1.963  libevent                   x86_64  2.1.12-8.el9_4                ubi-9-baseos-rpms     266 k
Test OLM installation	Arrange OLM test installation	2025-06-09T15:05:57.3107875Z #14 1.963  libffi                     x86_64  3.4.2-8.el9                   ubi-9-baseos-rpms      40 k
Test OLM installation	Arrange OLM test installation	2025-06-09T15:05:57.3108286Z #14 1.963  libgcc                     x86_64  11.5.0-5.el9_5                ubi-9-baseos-rpms      88 k
Test OLM installation	Arrange OLM test installation	2025-06-09T15:05:57.3108787Z #14 1.963  libgcrypt                  x86_64  1.10.0-11.el9                 ubi-9-baseos-rpms     510 k
Test OLM installation	Arrange OLM test installation	2025-06-09T15:05:57.3109238Z #14 1.963  libgpg-error               x86_64  1.42-5.el9                    ubi-9-baseos-rpms     220 k
Test OLM installation	Arrange OLM test installation	2025-06-09T15:05:57.3109743Z #14 1.963  libidn2                    x86_64  2.3.0-7.el9                   ubi-9-baseos-rpms     105 k
Test OLM installation	Arrange OLM test installation	2025-06-09T15:05:57.3110236Z #14 1.963  libselinux                 x86_64  3.6-3.el9                     ubi-9-baseos-rpms      88 k
Test OLM installation	Arrange OLM test installation	2025-06-09T15:05:57.3110667Z #14 1.963  libsepol                   x86_64  3.6-2.el9                     ubi-9-baseos-rpms     331 k
Test OLM installation	Arrange OLM test installation	2025-06-09T15:05:57.3111099Z #14 1.963  libsigsegv                 x86_64  2.13-4.el9                    ubi-9-baseos-rpms      30 k
Test OLM installation	Arrange OLM test installation	2025-06-09T15:05:57.3111600Z #14 1.963  libtasn1                   x86_64  4.16.0-9.el9                  ubi-9-baseos-rpms      77 k
Test OLM installation	Arrange OLM test installation	2025-06-09T15:05:57.3112108Z #14 1.963  libunistring               x86_64  0.9.10-15.el9                 ubi-9-baseos-rpms     499 k
Test OLM installation	Arrange OLM test installation	2025-06-09T15:05:57.3112549Z #14 1.963  libuuid                    x86_64  2.37.4-21.el9                 ubi-9-baseos-rpms      30 k
Test OLM installation	Arrange OLM test installation	2025-06-09T15:05:57.3113037Z #14 1.963  libverto                   x86_64  0.3.2-3.el9                   ubi-9-baseos-rpms      24 k
Test OLM installation	Arrange OLM test installation	2025-06-09T15:05:57.3113526Z #14 1.963  libxcrypt                  x86_64  4.4.18-3.el9                  ubi-9-baseos-rpms     120 k
Test OLM installation	Arrange OLM test installation	2025-06-09T15:05:57.3113957Z #14 1.963  libzstd                    x86_64  1.5.5-1.el9                   ubi-9-baseos-rpms     297 k
Test OLM installation	Arrange OLM test installation	2025-06-09T15:05:57.3114482Z #14 1.963  lksctp-tools               x86_64  1.0.19-3.el9_4                ubi-9-baseos-rpms     104 k
Test OLM installation	Arrange OLM test installation	2025-06-09T15:05:57.3115278Z #14 1.963  lua                        x86_64  5.4.4-4.el9                   ubi-9-appstream-rpms  192 k
Test OLM installation	Arrange OLM test installation	2025-06-09T15:05:57.3115754Z #14 1.963  lua-libs                   x86_64  5.4.4-4.el9                   ubi-9-baseos-rpms     132 k
Test OLM installation	Arrange OLM test installation	2025-06-09T15:05:57.3116824Z #14 1.963  lua-posix                  x86_64  35.0-8.el9                    ubi-9-appstream-rpms  155 k
Test OLM installation	Arrange OLM test installation	2025-06-09T15:05:57.3117756Z #14 1.963  lz4-libs                   x86_64  1.9.3-5.el9                   ubi-9-baseos-rpms      69 k
Test OLM installation	Arrange OLM test installation	2025-06-09T15:05:57.3118718Z #14 1.963  mpfr                       x86_64  4.1.0-7.el9                   ubi-9-baseos-rpms     329 k
Test OLM installation	Arrange OLM test installation	2025-06-09T15:05:57.3119581Z #14 1.963  ncurses-base               noarch  6.2-10.20210508.el9           ubi-9-baseos-rpms      99 k
Test OLM installation	Arrange OLM test installation	2025-06-09T15:05:57.3120502Z #14 1.963  ncurses-libs               x86_64  6.2-10.20210508.el9           ubi-9-baseos-rpms     332 k
Test OLM installation	Arrange OLM test installation	2025-06-09T15:05:57.3121165Z #14 1.963  nettle                     x86_64  3.10.1-1.el9                  ubi-9-baseos-rpms     568 k
Test OLM installation	Arrange OLM test installation	2025-06-09T15:05:57.3121605Z #14 1.963  nspr                       x86_64  4.35.0-17.el9_2               ubi-9-appstream-rpms  137 k
Test OLM installation	Arrange OLM test installation	2025-06-09T15:05:57.3122020Z #14 1.963  nss                        x86_64  3.101.0-10.el9_2              ubi-9-appstream-rpms  720 k
Test OLM installation	Arrange OLM test installation	2025-06-09T15:05:57.3122461Z #14 1.963  nss-softokn                x86_64  3.101.0-10.el9_2              ubi-9-appstream-rpms  393 k
Test OLM installation	Arrange OLM test installation	2025-06-09T15:05:57.3122942Z #14 1.963  nss-softokn-freebl         x86_64  3.101.0-10.el9_2              ubi-9-appstream-rpms  313 k
Test OLM installation	Arrange OLM test installation	2025-06-09T15:05:57.3123711Z #14 1.963  nss-sysinit                x86_64  3.101.0-10.el9_2              ubi-9-appstream-rpms   21 k
Test OLM installation	Arrange OLM test installation	2025-06-09T15:05:57.3124208Z #14 1.963  nss-util                   x86_64  3.101.0-10.el9_2              ubi-9-appstream-rpms   92 k
Test OLM installation	Arrange OLM test installation	2025-06-09T15:05:57.3124688Z #14 1.963  openssl-fips-provider      x86_64  3.0.7-6.el9_5                 ubi-9-baseos-rpms     9.4 k
Test OLM installation	Arrange OLM test installation	2025-06-09T15:05:57.3125358Z #14 1.963  openssl-fips-provider-so   x86_64  3.0.7-6.el9_5                 ubi-9-baseos-rpms     577 k
Test OLM installation	Arrange OLM test installation	2025-06-09T15:05:57.3125859Z #14 1.963  openssl-libs               x86_64  1:3.2.2-6.el9_5.1             ubi-9-baseos-rpms     2.1 M
Test OLM installation	Arrange OLM test installation	2025-06-09T15:05:57.3126310Z #14 1.963  p11-kit                    x86_64  0.25.3-3.el9_5                ubi-9-baseos-rpms     536 k
Test OLM installation	Arrange OLM test installation	2025-06-09T15:05:57.3126748Z #14 1.963  p11-kit-trust              x86_64  0.25.3-3.el9_5                ubi-9-baseos-rpms     144 k
Test OLM installation	Arrange OLM test installation	2025-06-09T15:05:57.3127179Z #14 1.963  pcre                       x86_64  8.44-4.el9                    ubi-9-baseos-rpms     200 k
Test OLM installation	Arrange OLM test installation	2025-06-09T15:05:57.3127578Z #14 1.963  pcre2                      x86_64  10.40-6.el9                   ubi-9-baseos-rpms     236 k
Test OLM installation	Arrange OLM test installation	2025-06-09T15:05:57.3128227Z #14 1.963  pcre2-syntax               noarch  10.40-6.el9                   ubi-9-baseos-rpms     144 k
Test OLM installation	Arrange OLM test installation	2025-06-09T15:05:57.3128693Z #14 1.963  python3                    x86_64  3.9.21-2.el9                  ubi-9-baseos-rpms      30 k
Test OLM installation	Arrange OLM test installation	2025-06-09T15:05:57.3129136Z #14 1.963  python3-libs               x86_64  3.9.21-2.el9                  ubi-9-baseos-rpms     8.1 M
Test OLM installation	Arrange OLM test installation	2025-06-09T15:05:57.3129611Z #14 1.963  python3-pip-wheel          noarch  21.3.1-1.el9                  ubi-9-baseos-rpms     1.1 M
Test OLM installation	Arrange OLM test installation	2025-06-09T15:05:57.3130146Z #14 1.963  python3-setuptools-wheel   noarch  53.0.0-13.el9                 ubi-9-baseos-rpms     469 k
Test OLM installation	Arrange OLM test installation	2025-06-09T15:05:57.3130635Z #14 1.963  readline                   x86_64  8.1-4.el9                     ubi-9-baseos-rpms     215 k
Test OLM installation	Arrange OLM test installation	2025-06-09T15:05:57.3131289Z #14 1.963  redhat-release             x86_64  9.6-0.1.el9                   ubi-9-baseos-rpms      44 k
Test OLM installation	Arrange OLM test installation	2025-06-09T15:05:57.3131743Z #14 1.963  sed                        x86_64  4.8-9.el9                     ubi-9-baseos-rpms     309 k
Test OLM installation	Arrange OLM test installation	2025-06-09T15:05:57.3132283Z #14 1.963  setup                      noarch  2.13.7-10.el9                 ubi-9-baseos-rpms     150 k
Test OLM installation	Arrange OLM test installation	2025-06-09T15:05:57.3133275Z #14 1.963  sqlite-libs                x86_64  3.34.1-7.el9_3                ubi-9-baseos-rpms     622 k
Test OLM installation	Arrange OLM test installation	2025-06-09T15:05:57.3134132Z #14 1.963  systemd-libs               x86_64  252-51.el9                    ubi-9-baseos-rpms     684 k
Test OLM installation	Arrange OLM test installation	2025-06-09T15:05:57.3134941Z #14 1.963  tzdata                     noarch  2025b-1.el9                   ubi-9-baseos-rpms     842 k
Test OLM installation	Arrange OLM test installation	2025-06-09T15:05:57.3136291Z #14 1.963  tzdata-java                noarch  2025b-1.el9                   ubi-9-appstream-rpms  228 k
Test OLM installation	Arrange OLM test installation	2025-06-09T15:05:57.3137174Z #14 1.963  xz-libs                    x86_64  5.2.5-8.el9_0                 ubi-9-baseos-rpms      94 k
Test OLM installation	Arrange OLM test installation	2025-06-09T15:05:57.3137828Z #14 1.963  zlib                       x86_64  1.2.11-40.el9                 ubi-9-baseos-rpms      93 k
Test OLM installation	Arrange OLM test installation	2025-06-09T15:05:57.3138166Z #14 1.963 
Test OLM installation	Arrange OLM test installation	2025-06-09T15:05:57.3138354Z #14 1.963 Transaction Summary
Test OLM installation	Arrange OLM test installation	2025-06-09T15:05:57.3138618Z #14 1.963 =============================================================================================
Test OLM installation	Arrange OLM test installation	2025-06-09T15:05:57.3138919Z #14 1.963 Install  84 Packages
Test OLM installation	Arrange OLM test installation	2025-06-09T15:05:57.3139136Z #14 1.963 
Test OLM installation	Arrange OLM test installation	2025-06-09T15:05:57.3139314Z #14 1.966 Total download size: 89 M
Test OLM installation	Arrange OLM test installation	2025-06-09T15:05:57.3139562Z #14 1.966 Installed size: 319 M
Test OLM installation	Arrange OLM test installation	2025-06-09T15:05:57.3139796Z #14 1.967 Downloading Packages:
Test OLM installation	Arrange OLM test installation	2025-06-09T15:05:57.3140155Z #14 2.007 (1/84): basesystem-11-13.el9.noarch.rpm         234 kB/s | 8.0 kB     00:00    
Test OLM installation	Arrange OLM test installation	2025-06-09T15:05:57.3140636Z #14 2.015 (2/84): alternatives-1.24-2.el9.x86_64.rpm      996 kB/s |  42 kB     00:00    
Test OLM installation	Arrange OLM test installation	2025-06-09T15:05:57.3141082Z #14 2.025 (3/84): bzip2-libs-1.0.8-10.el9_5.x86_64.rpm    4.2 MB/s |  42 kB     00:00    
Test OLM installation	Arrange OLM test installation	2025-06-09T15:05:57.3141524Z #14 2.026 (4/84): avahi-libs-0.8-22.el9_6.x86_64.rpm      1.2 MB/s |  67 kB     00:00    
Test OLM installation	Arrange OLM test installation	2025-06-09T15:05:57.3141983Z #14 2.055 (5/84): coreutils-single-8.32-39.el9.x86_64.rpm  22 MB/s | 625 kB     00:00    
Test OLM installation	Arrange OLM test installation	2025-06-09T15:05:57.3142423Z #14 2.061 (6/84): bash-5.1.8-9.el9.x86_64.rpm              32 MB/s | 1.7 MB     00:00    
Test OLM installation	Arrange OLM test installation	2025-06-09T15:05:57.4114307Z #14 2.064 (7/84): ca-certificates-2024.2.69_v8.0.303-91.4  25 MB/s | 1.0 MB     00:00    
Test OLM installation	Arrange OLM test installation	2025-06-09T15:05:57.4115760Z #14 2.066 (8/84): crypto-policies-20250128-1.git5269e22.e 8.4 MB/s |  90 kB     00:00    
Test OLM installation	Arrange OLM test installation	2025-06-09T15:05:57.4116663Z #14 2.070 (9/84): crypto-policies-scripts-20250128-1.git5  12 MB/s | 101 kB     00:00    
Test OLM installation	Arrange OLM test installation	2025-06-09T15:05:57.4117883Z #14 2.075 (10/84): cups-libs-2.3.3op2-33.el9.x86_64.rpm    25 MB/s | 265 kB     00:00    
Test OLM installation	Arrange OLM test installation	2025-06-09T15:05:57.4118917Z #14 2.076 (11/84): dbus-libs-1.12.20-8.el9.x86_64.rpm      15 MB/s | 154 kB     00:00    
Test OLM installation	Arrange OLM test installation	2025-06-09T15:05:57.4119561Z #14 2.078 (12/84): expat-2.5.0-5.el9_6.x86_64.rpm          14 MB/s | 119 kB     00:00    
Test OLM installation	Arrange OLM test installation	2025-06-09T15:05:57.4120121Z #14 2.107 (13/84): findutils-4.8.0-7.el9.x86_64.rpm        18 MB/s | 550 kB     00:00    
Test OLM installation	Arrange OLM test installation	2025-06-09T15:05:57.4120668Z #14 2.120 (14/84): filesystem-3.16-5.el9.x86_64.rpm       108 MB/s | 4.8 MB     00:00    
Test OLM installation	Arrange OLM test installation	2025-06-09T15:05:57.4121188Z #14 2.123 (15/84): gawk-5.1.0-6.el9.x86_64.rpm             22 MB/s | 1.0 MB     00:00    
Test OLM installation	Arrange OLM test installation	2025-06-09T15:05:57.4121710Z #14 2.132 (16/84): gdbm-libs-1.23-1.el9.x86_64.rpm        2.3 MB/s |  59 kB     00:00    
Test OLM installation	Arrange OLM test installation	2025-06-09T15:05:57.4122226Z #14 2.142 (17/84): glibc-2.34-168.el9_6.19.x86_64.rpm      91 MB/s | 2.0 MB     00:00    
Test OLM installation	Arrange OLM test installation	2025-06-09T15:05:57.4122743Z #14 2.144 (18/84): glibc-common-2.34-168.el9_6.19.x86_64.  14 MB/s | 303 kB     00:00    
Test OLM installation	Arrange OLM test installation	2025-06-09T15:05:57.4123257Z #14 2.154 (19/84): gmp-6.2.0-13.el9.x86_64.rpm             27 MB/s | 319 kB     00:00    
Test OLM installation	Arrange OLM test installation	2025-06-09T15:05:57.4123775Z #14 2.160 (20/84): glibc-langpack-en-2.34-168.el9_6.19.x8  24 MB/s | 657 kB     00:00    
Test OLM installation	Arrange OLM test installation	2025-06-09T15:05:57.4124297Z #14 2.164 (21/84): grep-3.6-5.el9.x86_64.rpm               28 MB/s | 273 kB     00:00    
Test OLM installation	Arrange OLM test installation	2025-06-09T15:05:57.5197353Z #14 2.169 (22/84): gnutls-3.8.3-6.el9.x86_64.rpm           45 MB/s | 1.1 MB     00:00    
Test OLM installation	Arrange OLM test installation	2025-06-09T15:05:57.5198327Z #14 2.170 (23/84): keyutils-libs-1.6.3-1.el9.x86_64.rpm   3.2 MB/s |  34 kB     00:00    
Test OLM installation	Arrange OLM test installation	2025-06-09T15:05:57.5198959Z #14 2.176 (24/84): krb5-libs-1.21.1-6.el9.x86_64.rpm       61 MB/s | 770 kB     00:00    
Test OLM installation	Arrange OLM test installation	2025-06-09T15:05:57.5199945Z #14 2.185 (25/84): libcap-2.48-9.el9_2.x86_64.rpm         9.2 MB/s |  74 kB     00:00    
Test OLM installation	Arrange OLM test installation	2025-06-09T15:05:57.5200480Z #14 2.187 (26/84): libacl-2.3.1-4.el9.x86_64.rpm          1.4 MB/s |  24 kB     00:00    
Test OLM installation	Arrange OLM test installation	2025-06-09T15:05:57.5201213Z #14 2.188 (27/84): libattr-2.5.1-3.el9.x86_64.rpm         1.1 MB/s |  20 kB     00:00    
Test OLM installation	Arrange OLM test installation	2025-06-09T15:05:57.5201731Z #14 2.192 (28/84): libcom_err-1.46.5-7.el9.x86_64.rpm     3.7 MB/s |  28 kB     00:00    
Test OLM installation	Arrange OLM test installation	2025-06-09T15:05:57.5202248Z #14 2.196 (29/84): libevent-2.1.12-8.el9_4.x86_64.rpm      28 MB/s | 266 kB     00:00    
Test OLM installation	Arrange OLM test installation	2025-06-09T15:05:57.5202762Z #14 2.198 (30/84): libffi-3.4.2-8.el9.x86_64.rpm          4.3 MB/s |  40 kB     00:00    
Test OLM installation	Arrange OLM test installation	2025-06-09T15:05:57.5203262Z #14 2.200 (31/84): libgcc-11.5.0-5.el9_5.x86_64.rpm        11 MB/s |  88 kB     00:00    
Test OLM installation	Arrange OLM test installation	2025-06-09T15:05:57.5203783Z #14 2.208 (32/84): libgcrypt-1.10.0-11.el9.x86_64.rpm      46 MB/s | 510 kB     00:00    
Test OLM installation	Arrange OLM test installation	2025-06-09T15:05:57.5204305Z #14 2.210 (33/84): libidn2-2.3.0-7.el9.x86_64.rpm          11 MB/s | 105 kB     00:00    
Test OLM installation	Arrange OLM test installation	2025-06-09T15:05:57.5204828Z #14 2.212 (34/84): libgpg-error-1.42-5.el9.x86_64.rpm      15 MB/s | 220 kB     00:00    
Test OLM installation	Arrange OLM test installation	2025-06-09T15:05:57.5205593Z #14 2.216 (35/84): libselinux-3.6-3.el9.x86_64.rpm         11 MB/s |  88 kB     00:00    
Test OLM installation	Arrange OLM test installation	2025-06-09T15:05:57.5206124Z #14 2.220 (36/84): libsepol-3.6-2.el9.x86_64.rpm           34 MB/s | 331 kB     00:00    
Test OLM installation	Arrange OLM test installation	2025-06-09T15:05:57.5206683Z #14 2.222 (37/84): libsigsegv-2.13-4.el9.x86_64.rpm       3.2 MB/s |  30 kB     00:00    
Test OLM installation	Arrange OLM test installation	2025-06-09T15:05:57.5207207Z #14 2.225 (38/84): libtasn1-4.16.0-9.el9.x86_64.rpm       9.5 MB/s |  77 kB     00:00    
Test OLM installation	Arrange OLM test installation	2025-06-09T15:05:57.5207722Z #14 2.230 (39/84): libuuid-2.37.4-21.el9.x86_64.rpm       3.8 MB/s |  30 kB     00:00    
Test OLM installation	Arrange OLM test installation	2025-06-09T15:05:57.5208238Z #14 2.232 (40/84): libverto-0.3.2-3.el9.x86_64.rpm        3.2 MB/s |  24 kB     00:00    
Test OLM installation	Arrange OLM test installation	2025-06-09T15:05:57.5208827Z #14 2.234 (41/84): libunistring-0.9.10-15.el9.x86_64.rpm   36 MB/s | 499 kB     00:00    
Test OLM installation	Arrange OLM test installation	2025-06-09T15:05:57.5209723Z #14 2.238 (42/84): libxcrypt-4.4.18-3.el9.x86_64.rpm       14 MB/s | 120 kB     00:00    
Test OLM installation	Arrange OLM test installation	2025-06-09T15:05:57.5210373Z #14 2.243 (43/84): lksctp-tools-1.0.19-3.el9_4.x86_64.rpm  12 MB/s | 104 kB     00:00    
Test OLM installation	Arrange OLM test installation	2025-06-09T15:05:57.5210905Z #14 2.253 (44/84): lz4-libs-1.9.3-5.el9.x86_64.rpm        6.6 MB/s |  69 kB     00:00    
Test OLM installation	Arrange OLM test installation	2025-06-09T15:05:57.5211427Z #14 2.272 (45/84): libzstd-1.5.5-1.el9.x86_64.rpm         7.4 MB/s | 297 kB     00:00    
Test OLM installation	Arrange OLM test installation	2025-06-09T15:05:57.6212881Z #14 2.274 (46/84): lua-libs-5.4.4-4.el9.x86_64.rpm        3.6 MB/s | 132 kB     00:00    
Test OLM installation	Arrange OLM test installation	2025-06-09T15:05:57.6215534Z #14 2.277 (47/84): mpfr-4.1.0-7.el9.x86_64.rpm             14 MB/s | 329 kB     00:00    
Test OLM installation	Arrange OLM test installation	2025-06-09T15:05:57.6216489Z #14 2.281 (48/84): ncurses-base-6.2-10.20210508.el9.noarc  11 MB/s |  99 kB     00:00    
Test OLM installation	Arrange OLM test installation	2025-06-09T15:05:57.6217458Z #14 2.288 (49/84): nettle-3.10.1-1.el9.x86_64.rpm          49 MB/s | 568 kB     00:00    
Test OLM installation	Arrange OLM test installation	2025-06-09T15:05:57.6218362Z #14 2.291 (50/84): openssl-fips-provider-3.0.7-6.el9_5.x8 1.0 MB/s | 9.4 kB     00:00    
Test OLM installation	Arrange OLM test installation	2025-06-09T15:05:57.6219233Z #14 2.293 (51/84): ncurses-libs-6.2-10.20210508.el9.x86_6  18 MB/s | 332 kB     00:00    
Test OLM installation	Arrange OLM test installation	2025-06-09T15:05:57.6220101Z #14 2.301 (52/84): openssl-fips-provider-so-3.0.7-6.el9_5  45 MB/s | 577 kB     00:00    
Test OLM installation	Arrange OLM test installation	2025-06-09T15:05:57.6220957Z #14 2.309 (53/84): p11-kit-0.25.3-3.el9_5.x86_64.rpm       34 MB/s | 536 kB     00:00    
Test OLM installation	Arrange OLM test installation	2025-06-09T15:05:57.6221735Z #14 2.311 (54/84): p11-kit-trust-0.25.3-3.el9_5.x86_64.rp  15 MB/s | 144 kB     00:00    
Test OLM installation	Arrange OLM test installation	2025-06-09T15:05:57.6222503Z #14 2.319 (55/84): pcre-8.44-4.el9.x86_64.rpm              21 MB/s | 200 kB     00:00    
Test OLM installation	Arrange OLM test installation	2025-06-09T15:05:57.6223275Z #14 2.324 (56/84): openssl-libs-3.2.2-6.el9_5.1.x86_64.rp  64 MB/s | 2.1 MB     00:00    
Test OLM installation	Arrange OLM test installation	2025-06-09T15:05:57.6224126Z #14 2.327 (57/84): pcre2-10.40-6.el9.x86_64.rpm            16 MB/s | 236 kB     00:00    
Test OLM installation	Arrange OLM test installation	2025-06-09T15:05:57.6224950Z #14 2.329 (58/84): pcre2-syntax-10.40-6.el9.noarch.rpm     16 MB/s | 144 kB     00:00    
Test OLM installation	Arrange OLM test installation	2025-06-09T15:05:57.6226354Z #14 2.332 (59/84): python3-3.9.21-2.el9.x86_64.rpm        3.9 MB/s |  30 kB     00:00    
Test OLM installation	Arrange OLM test installation	2025-06-09T15:05:57.6227226Z #14 2.355 (60/84): python3-setuptools-wheel-53.0.0-13.el9  20 MB/s | 469 kB     00:00    
Test OLM installation	Arrange OLM test installation	2025-06-09T15:05:57.6228124Z #14 2.361 (61/84): python3-pip-wheel-21.3.1-1.el9.noarch.  36 MB/s | 1.1 MB     00:00    
Test OLM installation	Arrange OLM test installation	2025-06-09T15:05:57.6229174Z #14 2.371 (62/84): readline-8.1-4.el9.x86_64.rpm           13 MB/s | 215 kB     00:00    
Test OLM installation	Arrange OLM test installation	2025-06-09T15:05:57.6229985Z #14 2.374 (63/84): redhat-release-9.6-0.1.el9.x86_64.rpm  3.6 MB/s |  44 kB     00:00    
Test OLM installation	Arrange OLM test installation	2025-06-09T15:05:57.7234725Z #14 2.383 (64/84): sed-4.8-9.el9.x86_64.rpm                28 MB/s | 309 kB     00:00    
Test OLM installation	Arrange OLM test installation	2025-06-09T15:05:57.7236715Z #14 2.385 (65/84): setup-2.13.7-10.el9.noarch.rpm          13 MB/s | 150 kB     00:00    
Test OLM installation	Arrange OLM test installation	2025-06-09T15:05:57.7237578Z #14 2.396 (66/84): sqlite-libs-3.34.1-7.el9_3.x86_64.rpm   48 MB/s | 622 kB     00:00    
Test OLM installation	Arrange OLM test installation	2025-06-09T15:05:57.7238430Z #14 2.401 (67/84): systemd-libs-252-51.el9.x86_64.rpm      45 MB/s | 684 kB     00:00    
Test OLM installation	Arrange OLM test installation	2025-06-09T15:05:57.7239289Z #14 2.420 (68/84): python3-libs-3.9.21-2.el9.x86_64.rpm    87 MB/s | 8.1 MB     00:00    
Test OLM installation	Arrange OLM test installation	2025-06-09T15:05:57.7240094Z #14 2.423 (69/84): xz-libs-5.2.5-8.el9_0.x86_64.rpm       4.3 MB/s |  94 kB     00:00    
Test OLM installation	Arrange OLM test installation	2025-06-09T15:05:57.7240903Z #14 2.428 (70/84): tzdata-2025b-1.el9.noarch.rpm           26 MB/s | 842 kB     00:00    
Test OLM installation	Arrange OLM test installation	2025-06-09T15:05:57.7241690Z #14 2.429 (71/84): zlib-1.2.11-40.el9.x86_64.rpm           11 MB/s |  93 kB     00:00    
Test OLM installation	Arrange OLM test installation	2025-06-09T15:05:57.7242489Z #14 2.431 (72/84): copy-jdk-configs-4.0-3.el9.noarch.rpm  3.6 MB/s |  29 kB     00:00    
Test OLM installation	Arrange OLM test installation	2025-06-09T15:05:57.7243291Z #14 2.437 (73/84): lua-5.4.4-4.el9.x86_64.rpm              21 MB/s | 192 kB     00:00    
Test OLM installation	Arrange OLM test installation	2025-06-09T15:05:57.7244052Z #14 2.439 (74/84): lua-posix-35.0-8.el9.x86_64.rpm         15 MB/s | 155 kB     00:00    
Test OLM installation	Arrange OLM test installation	2025-06-09T15:05:57.7244834Z #14 2.443 (75/84): alsa-lib-1.2.13-2.el9.x86_64.rpm        43 MB/s | 530 kB     00:00    
Test OLM installation	Arrange OLM test installation	2025-06-09T15:05:57.7245925Z #14 2.447 (76/84): javapackages-filesystem-6.4.0-1.el9.no 2.3 MB/s |  17 kB     00:00    
Test OLM installation	Arrange OLM test installation	2025-06-09T15:05:57.7246794Z #14 2.454 (77/84): nspr-4.35.0-17.el9_2.x86_64.rpm         13 MB/s | 137 kB     00:00    
Test OLM installation	Arrange OLM test installation	2025-06-09T15:05:57.7247626Z #14 2.462 (78/84): nss-3.101.0-10.el9_2.x86_64.rpm         49 MB/s | 720 kB     00:00    
Test OLM installation	Arrange OLM test installation	2025-06-09T15:05:57.7248426Z #14 2.468 (79/84): nss-softokn-3.101.0-10.el9_2.x86_64.rp  30 MB/s | 393 kB     00:00    
Test OLM installation	Arrange OLM test installation	2025-06-09T15:05:57.7249335Z #14 2.473 (80/84): nss-softokn-freebl-3.101.0-10.el9_2.x8  29 MB/s | 313 kB     00:00    
Test OLM installation	Arrange OLM test installation	2025-06-09T15:05:57.7250184Z #14 2.476 (81/84): nss-sysinit-3.101.0-10.el9_2.x86_64.rp 2.7 MB/s |  21 kB     00:00    
Test OLM installation	Arrange OLM test installation	2025-06-09T15:05:57.8859875Z #14 2.485 (82/84): nss-util-3.101.0-10.el9_2.x86_64.rpm   7.8 MB/s |  92 kB     00:00    
Test OLM installation	Arrange OLM test installation	2025-06-09T15:05:57.8860635Z #14 2.488 (83/84): tzdata-java-2025b-1.el9.noarch.rpm      19 MB/s | 228 kB     00:00    
Test OLM installation	Arrange OLM test installation	2025-06-09T15:05:58.0119420Z #14 2.764 (84/84): java-21-openjdk-headless-21.0.7.0.6-1. 151 MB/s |  49 MB     00:00    
Test OLM installation	Arrange OLM test installation	2025-06-09T15:05:58.1149693Z #14 2.768 --------------------------------------------------------------------------------
Test OLM installation	Arrange OLM test installation	2025-06-09T15:05:58.1150570Z #14 2.768 Total                                           111 MB/s |  89 MB     00:00     
Test OLM installation	Arrange OLM test installation	2025-06-09T15:05:58.1151441Z #14 2.780 Red Hat Universal Base Image 9 (RPMs) - BaseOS  3.5 MB/s | 3.6 kB     00:00    
Test OLM installation	Arrange OLM test installation	2025-06-09T15:05:58.1152246Z #14 2.863 Importing GPG key 0xFD431D51:
Test OLM installation	Arrange OLM test installation	2025-06-09T15:05:58.1152937Z #14 2.863  Userid     : "Red Hat, Inc. (release key 2) <security@redhat.com>"
Test OLM installation	Arrange OLM test installation	2025-06-09T15:05:58.1153775Z #14 2.863  Fingerprint: 567E 347A D004 4ADE 55BA 8A5F 199E 2F91 FD43 1D51
Test OLM installation	Arrange OLM test installation	2025-06-09T15:05:58.1154617Z #14 2.863  From       : /etc/pki/rpm-gpg/RPM-GPG-KEY-redhat-release
Test OLM installation	Arrange OLM test installation	2025-06-09T15:05:58.1155440Z #14 2.867 Key imported successfully
Test OLM installation	Arrange OLM test installation	2025-06-09T15:05:58.2675666Z #14 2.868 Importing GPG key 0x5A6340B3:
Test OLM installation	Arrange OLM test installation	2025-06-09T15:05:58.2676395Z #14 2.868  Userid     : "Red Hat, Inc. (auxiliary key 3) <security@redhat.com>"
Test OLM installation	Arrange OLM test installation	2025-06-09T15:05:58.2677685Z #14 2.868  Fingerprint: 7E46 2425 8C40 6535 D56D 6F13 5054 E4A4 5A63 40B3
Test OLM installation	Arrange OLM test installation	2025-06-09T15:05:58.2678325Z #14 2.868  From       : /etc/pki/rpm-gpg/RPM-GPG-KEY-redhat-release
Test OLM installation	Arrange OLM test installation	2025-06-09T15:05:58.2678838Z #14 2.869 Key imported successfully
Test OLM installation	Arrange OLM test installation	2025-06-09T15:05:59.2245695Z #14 3.977 Running transaction check
Test OLM installation	Arrange OLM test installation	2025-06-09T15:05:59.4269640Z #14 4.029 Transaction check succeeded.
Test OLM installation	Arrange OLM test installation	2025-06-09T15:05:59.4270295Z #14 4.029 Running transaction test
Test OLM installation	Arrange OLM test installation	2025-06-09T15:05:59.9113971Z #14 4.664 Transaction test succeeded.
Test OLM installation	Arrange OLM test installation	2025-06-09T15:06:00.0624316Z #14 4.664 Running transaction
Test OLM installation	Arrange OLM test installation	2025-06-09T15:06:00.5419644Z #14 5.141   Running scriptlet: filesystem-3.16-5.el9.x86_64                           1/1 
Test OLM installation	Arrange OLM test installation	2025-06-09T15:06:00.5420660Z #14 5.143   Running scriptlet: copy-jdk-configs-4.0-3.el9.noarch                      1/1 
Test OLM installation	Arrange OLM test installation	2025-06-09T15:06:00.6648651Z #14 5.144   Running scriptlet: java-21-openjdk-headless-1:21.0.7.0.6-1.el9.x86_64     1/1 
Test OLM installation	Arrange OLM test installation	2025-06-09T15:06:00.8245398Z #14 5.417   Preparing        :                                                        1/1 
Test OLM installation	Arrange OLM test installation	2025-06-09T15:06:00.8246404Z #14 5.424   Installing       : libgcc-11.5.0-5.el9_5.x86_64                          1/84 
Test OLM installation	Arrange OLM test installation	2025-06-09T15:06:00.8894274Z #14 5.426   Running scriptlet: libgcc-11.5.0-5.el9_5.x86_64                          1/84 
Test OLM installation	Arrange OLM test installation	2025-06-09T15:06:00.9974515Z #14 5.642   Installing       : tzdata-2025b-1.el9.noarch                             2/84 
Test OLM installation	Arrange OLM test installation	2025-06-09T15:06:00.9975791Z #14 5.687   Installing       : tzdata-java-2025b-1.el9.noarch                        3/84 
Test OLM installation	Arrange OLM test installation	2025-06-09T15:06:00.9976471Z #14 5.693   Installing       : javapackages-filesystem-6.4.0-1.el9.noarch            4/84 
Test OLM installation	Arrange OLM test installation	2025-06-09T15:06:00.9977056Z #14 5.699   Installing       : redhat-release-9.6-0.1.el9.x86_64                     5/84 
Test OLM installation	Arrange OLM test installation	2025-06-09T15:06:00.9977598Z #14 5.707   Installing       : setup-2.13.7-10.el9.noarch                            6/84 
Test OLM installation	Arrange OLM test installation	2025-06-09T15:06:00.9978149Z #14 5.709   Running scriptlet: setup-2.13.7-10.el9.noarch                            6/84 
Test OLM installation	Arrange OLM test installation	2025-06-09T15:06:01.1229155Z #14 5.750   Installing       : filesystem-3.16-5.el9.x86_64                          7/84 
Test OLM installation	Arrange OLM test installation	2025-06-09T15:06:01.1232002Z #14 5.819   Installing       : basesystem-11-13.el9.noarch                           8/84 
Test OLM installation	Arrange OLM test installation	2025-06-09T15:06:01.1233967Z #14 5.826   Installing       : python3-setuptools-wheel-53.0.0-13.el9.noarch         9/84 
Test OLM installation	Arrange OLM test installation	2025-06-09T15:06:01.1234886Z #14 5.830   Installing       : pcre2-syntax-10.40-6.el9.noarch                      10/84 
Test OLM installation	Arrange OLM test installation	2025-06-09T15:06:01.2301803Z #14 5.874   Installing       : ncurses-base-6.2-10.20210508.el9.noarch              11/84 
Test OLM installation	Arrange OLM test installation	2025-06-09T15:06:01.3342201Z #14 5.982   Installing       : glibc-langpack-en-2.34-168.el9_6.19.x86_64           12/84 
Test OLM installation	Arrange OLM test installation	2025-06-09T15:06:01.3344096Z #14 6.023   Installing       : glibc-common-2.34-168.el9_6.19.x86_64                13/84 
Test OLM installation	Arrange OLM test installation	2025-06-09T15:06:01.3345506Z #14 6.023   Running scriptlet: glibc-2.34-168.el9_6.19.x86_64                       14/84 
Test OLM installation	Arrange OLM test installation	2025-06-09T15:06:01.4853270Z #14 6.069   Installing       : glibc-2.34-168.el9_6.19.x86_64                       14/84 
Test OLM installation	Arrange OLM test installation	2025-06-09T15:06:01.9136525Z #14 6.087   Running scriptlet: glibc-2.34-168.el9_6.19.x86_64                       14/84 
Test OLM installation	Arrange OLM test installation	2025-06-09T15:06:02.0173926Z #14 6.666   Installing       : ncurses-libs-6.2-10.20210508.el9.x86_64              15/84 
Test OLM installation	Arrange OLM test installation	2025-06-09T15:06:02.0175602Z #14 6.682   Installing       : bash-5.1.8-9.el9.x86_64                              16/84 
Test OLM installation	Arrange OLM test installation	2025-06-09T15:06:02.0177116Z #14 6.684   Running scriptlet: bash-5.1.8-9.el9.x86_64                              16/84 
Test OLM installation	Arrange OLM test installation	2025-06-09T15:06:02.0178036Z #14 6.701   Installing       : crypto-policies-20250128-1.git5269e22.el9.noarch     17/84 
Test OLM installation	Arrange OLM test installation	2025-06-09T15:06:02.0178988Z #14 6.704   Running scriptlet: crypto-policies-20250128-1.git5269e22.el9.noarch     17/84 
Test OLM installation	Arrange OLM test installation	2025-06-09T15:06:02.0179864Z #14 6.708   Installing       : nspr-4.35.0-17.el9_2.x86_64                          18/84 
Test OLM installation	Arrange OLM test installation	2025-06-09T15:06:02.0180674Z #14 6.711   Installing       : nss-util-3.101.0-10.el9_2.x86_64                     19/84 
Test OLM installation	Arrange OLM test installation	2025-06-09T15:06:02.0181442Z #14 6.714   Installing       : zlib-1.2.11-40.el9.x86_64                            20/84 
Test OLM installation	Arrange OLM test installation	2025-06-09T15:06:02.0182499Z #14 6.719   Installing       : readline-8.1-4.el9.x86_64                            21/84 
Test OLM installation	Arrange OLM test installation	2025-06-09T15:06:02.0183294Z #14 6.723   Installing       : libtasn1-4.16.0-9.el9.x86_64                         22/84 
Test OLM installation	Arrange OLM test installation	2025-06-09T15:06:02.0186112Z #14 6.727   Installing       : libxcrypt-4.4.18-3.el9.x86_64                        23/84 
Test OLM installation	Arrange OLM test installation	2025-06-09T15:06:02.0186944Z #14 6.733   Installing       : sqlite-libs-3.34.1-7.el9_3.x86_64                    24/84 
Test OLM installation	Arrange OLM test installation	2025-06-09T15:06:02.0187752Z #14 6.739   Installing       : alternatives-1.24-2.el9.x86_64                       25/84 
Test OLM installation	Arrange OLM test installation	2025-06-09T15:06:02.0188330Z #14 6.745   Installing       : gmp-1:6.2.0-13.el9.x86_64                            26/84 
Test OLM installation	Arrange OLM test installation	2025-06-09T15:06:02.0188772Z #14 6.747   Installing       : libattr-2.5.1-3.el9.x86_64                           27/84 
Test OLM installation	Arrange OLM test installation	2025-06-09T15:06:02.0189212Z #14 6.750   Installing       : libacl-2.3.1-4.el9.x86_64                            28/84 
Test OLM installation	Arrange OLM test installation	2025-06-09T15:06:02.0189652Z #14 6.755   Installing       : libcap-2.48-9.el9_2.x86_64                           29/84 
Test OLM installation	Arrange OLM test installation	2025-06-09T15:06:02.0190075Z #14 6.759   Installing       : libffi-3.4.2-8.el9.x86_64                            30/84 
Test OLM installation	Arrange OLM test installation	2025-06-09T15:06:02.1758102Z #14 6.770   Installing       : p11-kit-0.25.3-3.el9_5.x86_64                        31/84 
Test OLM installation	Arrange OLM test installation	2025-06-09T15:06:02.1759018Z #14 6.776   Installing       : p11-kit-trust-0.25.3-3.el9_5.x86_64                  32/84 
Test OLM installation	Arrange OLM test installation	2025-06-09T15:06:02.2709456Z #14 6.777   Running scriptlet: p11-kit-trust-0.25.3-3.el9_5.x86_64                  32/84 
Test OLM installation	Arrange OLM test installation	2025-06-09T15:06:02.3727776Z #14 7.023   Installing       : libsigsegv-2.13-4.el9.x86_64                         33/84 
Test OLM installation	Arrange OLM test installation	2025-06-09T15:06:02.3728706Z #14 7.031   Installing       : libunistring-0.9.10-15.el9.x86_64                    34/84 
Test OLM installation	Arrange OLM test installation	2025-06-09T15:06:02.3729320Z #14 7.035   Installing       : lua-libs-5.4.4-4.el9.x86_64                          35/84 
Test OLM installation	Arrange OLM test installation	2025-06-09T15:06:02.3730017Z #14 7.038   Installing       : xz-libs-5.2.5-8.el9_0.x86_64                         36/84 
Test OLM installation	Arrange OLM test installation	2025-06-09T15:06:02.3731060Z #14 7.043   Installing       : lua-5.4.4-4.el9.x86_64                               37/84 
Test OLM installation	Arrange OLM test installation	2025-06-09T15:06:02.3731927Z #14 7.058   Installing       : lua-posix-35.0-8.el9.x86_64                          38/84 
Test OLM installation	Arrange OLM test installation	2025-06-09T15:06:02.3732910Z #14 7.063   Installing       : libidn2-2.3.0-7.el9.x86_64                           39/84 
Test OLM installation	Arrange OLM test installation	2025-06-09T15:06:02.3733702Z #14 7.070   Installing       : mpfr-4.1.0-7.el9.x86_64                              40/84 
Test OLM installation	Arrange OLM test installation	2025-06-09T15:06:02.3734537Z #14 7.085   Installing       : gawk-5.1.0-6.el9.x86_64                              41/84 
Test OLM installation	Arrange OLM test installation	2025-06-09T15:06:02.3735507Z #14 7.093   Installing       : nss-softokn-freebl-3.101.0-10.el9_2.x86_64           42/84 
Test OLM installation	Arrange OLM test installation	2025-06-09T15:06:02.3736569Z #14 7.102   Installing       : nss-softokn-3.101.0-10.el9_2.x86_64                  43/84 
Test OLM installation	Arrange OLM test installation	2025-06-09T15:06:02.3737638Z #14 7.108   Installing       : lksctp-tools-1.0.19-3.el9_4.x86_64                   44/84 
Test OLM installation	Arrange OLM test installation	2025-06-09T15:06:02.3738621Z #14 7.111   Installing       : bzip2-libs-1.0.8-10.el9_5.x86_64                     45/84 
Test OLM installation	Arrange OLM test installation	2025-06-09T15:06:02.3739414Z #14 7.115   Installing       : expat-2.5.0-5.el9_6.x86_64                           46/84 
Test OLM installation	Arrange OLM test installation	2025-06-09T15:06:02.3740263Z #14 7.119   Installing       : gdbm-libs-1:1.23-1.el9.x86_64                        47/84 
Test OLM installation	Arrange OLM test installation	2025-06-09T15:06:02.3741090Z #14 7.122   Installing       : keyutils-libs-1.6.3-1.el9.x86_64                     48/84 
Test OLM installation	Arrange OLM test installation	2025-06-09T15:06:02.4776883Z #14 7.125   Installing       : libcom_err-1.46.5-7.el9.x86_64                       49/84 
Test OLM installation	Arrange OLM test installation	2025-06-09T15:06:02.4777863Z #14 7.131   Installing       : libgpg-error-1.42-5.el9.x86_64                       50/84 
Test OLM installation	Arrange OLM test installation	2025-06-09T15:06:02.4778666Z #14 7.139   Installing       : libgcrypt-1.10.0-11.el9.x86_64                       51/84 
Test OLM installation	Arrange OLM test installation	2025-06-09T15:06:02.4779220Z #14 7.144   Installing       : libsepol-3.6-2.el9.x86_64                            52/84 
Test OLM installation	Arrange OLM test installation	2025-06-09T15:06:02.4779766Z #14 7.147   Installing       : libuuid-2.37.4-21.el9.x86_64                         53/84 
Test OLM installation	Arrange OLM test installation	2025-06-09T15:06:02.4780620Z #14 7.151   Installing       : libverto-0.3.2-3.el9.x86_64                          54/84 
Test OLM installation	Arrange OLM test installation	2025-06-09T15:06:02.4781155Z #14 7.156   Installing       : libzstd-1.5.5-1.el9.x86_64                           55/84 
Test OLM installation	Arrange OLM test installation	2025-06-09T15:06:02.4781852Z #14 7.159   Installing       : lz4-libs-1.9.3-5.el9.x86_64                          56/84 
Test OLM installation	Arrange OLM test installation	2025-06-09T15:06:02.4782380Z #14 7.166   Installing       : nettle-3.10.1-1.el9.x86_64                           57/84 
Test OLM installation	Arrange OLM test installation	2025-06-09T15:06:02.4782921Z #14 7.179   Installing       : gnutls-3.8.3-6.el9.x86_64                            58/84 
Test OLM installation	Arrange OLM test installation	2025-06-09T15:06:02.4783449Z #14 7.185   Installing       : pcre-8.44-4.el9.x86_64                               59/84 
Test OLM installation	Arrange OLM test installation	2025-06-09T15:06:02.4783970Z #14 7.191   Installing       : grep-3.6-5.el9.x86_64                                60/84 
Test OLM installation	Arrange OLM test installation	2025-06-09T15:06:02.4784477Z #14 7.197   Installing       : pcre2-10.40-6.el9.x86_64                             61/84 
Test OLM installation	Arrange OLM test installation	2025-06-09T15:06:02.4784927Z #14 7.201   Installing       : libselinux-3.6-3.el9.x86_64                          62/84 
Test OLM installation	Arrange OLM test installation	2025-06-09T15:06:02.4785703Z #14 7.224   Installing       : coreutils-single-8.32-39.el9.x86_64                  63/84 
Test OLM installation	Arrange OLM test installation	2025-06-09T15:06:02.6316694Z #14 7.230   Installing       : sed-4.8-9.el9.x86_64                                 64/84 
Test OLM installation	Arrange OLM test installation	2025-06-09T15:06:02.7373435Z #14 7.233   Running scriptlet: ca-certificates-2024.2.69_v8.0.303-91.4.el9_4.noar   65/84 
Test OLM installation	Arrange OLM test installation	2025-06-09T15:06:02.8916470Z #14 7.489   Installing       : ca-certificates-2024.2.69_v8.0.303-91.4.el9_4.noar   65/84 
Test OLM installation	Arrange OLM test installation	2025-06-09T15:06:03.8760817Z #14 7.494   Running scriptlet: ca-certificates-2024.2.69_v8.0.303-91.4.el9_4.noar   65/84 
Test OLM installation	Arrange OLM test installation	2025-06-09T15:06:04.0897651Z #14 8.628   Installing       : python3-pip-wheel-21.3.1-1.el9.noarch                66/84 
Test OLM installation	Arrange OLM test installation	2025-06-09T15:06:04.0898797Z #14 8.636   Installing       : openssl-fips-provider-so-3.0.7-6.el9_5.x86_64        67/84 
Test OLM installation	Arrange OLM test installation	2025-06-09T15:06:04.0899827Z #14 8.638   Installing       : openssl-fips-provider-3.0.7-6.el9_5.x86_64           68/84 
Test OLM installation	Arrange OLM test installation	2025-06-09T15:06:04.0900834Z #14 8.663   Installing       : openssl-libs-1:3.2.2-6.el9_5.1.x86_64                69/84 
Test OLM installation	Arrange OLM test installation	2025-06-09T15:06:04.0901672Z #14 8.679   Installing       : krb5-libs-1.21.1-6.el9.x86_64                        70/84 
Test OLM installation	Arrange OLM test installation	2025-06-09T15:06:04.0902627Z #14 8.688   Installing       : libevent-2.1.12-8.el9_4.x86_64                       71/84 
Test OLM installation	Arrange OLM test installation	2025-06-09T15:06:04.3048542Z #14 8.692   Installing       : python3-3.9.21-2.el9.x86_64                          72/84 
Test OLM installation	Arrange OLM test installation	2025-06-09T15:06:04.4994984Z #14 9.057   Installing       : python3-libs-3.9.21-2.el9.x86_64                     73/84 
Test OLM installation	Arrange OLM test installation	2025-06-09T15:06:04.4996228Z #14 9.082   Installing       : crypto-policies-scripts-20250128-1.git5269e22.el9.   74/84 
Test OLM installation	Arrange OLM test installation	2025-06-09T15:06:04.4997081Z #14 9.087   Installing       : nss-sysinit-3.101.0-10.el9_2.x86_64                  75/84 
Test OLM installation	Arrange OLM test installation	2025-06-09T15:06:04.4997836Z #14 9.098   Installing       : nss-3.101.0-10.el9_2.x86_64                          76/84 
Test OLM installation	Arrange OLM test installation	2025-06-09T15:06:04.6049705Z #14 9.101   Running scriptlet: nss-3.101.0-10.el9_2.x86_64                          76/84 
Test OLM installation	Arrange OLM test installation	2025-06-09T15:06:04.7577695Z #14 9.357   Installing       : systemd-libs-252-51.el9.x86_64                       77/84 
Test OLM installation	Arrange OLM test installation	2025-06-09T15:06:04.8627100Z #14 9.360   Running scriptlet: systemd-libs-252-51.el9.x86_64                       77/84 
Test OLM installation	Arrange OLM test installation	2025-06-09T15:06:05.0516198Z #14 9.615   Installing       : dbus-libs-1:1.12.20-8.el9.x86_64                     78/84 
Test OLM installation	Arrange OLM test installation	2025-06-09T15:06:05.0517112Z #14 9.620   Installing       : avahi-libs-0.8-22.el9_6.x86_64                       79/84 
Test OLM installation	Arrange OLM test installation	2025-06-09T15:06:05.0517939Z #14 9.626   Installing       : cups-libs-1:2.3.3op2-33.el9.x86_64                   80/84 
Test OLM installation	Arrange OLM test installation	2025-06-09T15:06:05.0518739Z #14 9.632   Installing       : findutils-1:4.8.0-7.el9.x86_64                       81/84 
Test OLM installation	Arrange OLM test installation	2025-06-09T15:06:05.0519522Z #14 9.636   Installing       : copy-jdk-configs-4.0-3.el9.noarch                    82/84 
Test OLM installation	Arrange OLM test installation	2025-06-09T15:06:05.8008720Z #14 9.653   Installing       : alsa-lib-1.2.13-2.el9.x86_64                         83/84 
Test OLM installation	Arrange OLM test installation	2025-06-09T15:06:05.9579771Z #14 10.55   Installing       : java-21-openjdk-headless-1:21.0.7.0.6-1.el9.x86_64   84/84 
Test OLM installation	Arrange OLM test installation	2025-06-09T15:06:06.0632407Z #14 10.56   Running scriptlet: java-21-openjdk-headless-1:21.0.7.0.6-1.el9.x86_64   84/84 
Test OLM installation	Arrange OLM test installation	2025-06-09T15:06:06.3118729Z #14 10.82   Running scriptlet: filesystem-3.16-5.el9.x86_64                         84/84 
Test OLM installation	Arrange OLM test installation	2025-06-09T15:06:07.4702211Z #14 11.06   Running scriptlet: ca-certificates-2024.2.69_v8.0.303-91.4.el9_4.noar   84/84 
Test OLM installation	Arrange OLM test installation	2025-06-09T15:06:08.0578446Z #14 12.22   Running scriptlet: crypto-policies-scripts-20250128-1.git5269e22.el9.   84/84 
Test OLM installation	Arrange OLM test installation	2025-06-09T15:06:08.6458000Z #14 12.81   Running scriptlet: nss-3.101.0-10.el9_2.x86_64                          84/84 
Test OLM installation	Arrange OLM test installation	2025-06-09T15:06:08.8941715Z #14 13.40   Running scriptlet: copy-jdk-configs-4.0-3.el9.noarch                    84/84 
Test OLM installation	Arrange OLM test installation	2025-06-09T15:06:09.4417417Z #14 13.65   Running scriptlet: java-21-openjdk-headless-1:21.0.7.0.6-1.el9.x86_64   84/84 
Test OLM installation	Arrange OLM test installation	2025-06-09T15:06:09.4438759Z #14 14.19   Verifying        : alternatives-1.24-2.el9.x86_64                        1/84 
Test OLM installation	Arrange OLM test installation	2025-06-09T15:06:09.5470190Z #14 14.19   Verifying        : avahi-libs-0.8-22.el9_6.x86_64                        2/84 
Test OLM installation	Arrange OLM test installation	2025-06-09T15:06:09.5471518Z #14 14.19   Verifying        : basesystem-11-13.el9.noarch                           3/84 
Test OLM installation	Arrange OLM test installation	2025-06-09T15:06:09.5472481Z #14 14.19   Verifying        : bash-5.1.8-9.el9.x86_64                               4/84 
Test OLM installation	Arrange OLM test installation	2025-06-09T15:06:09.5473475Z #14 14.19   Verifying        : bzip2-libs-1.0.8-10.el9_5.x86_64                      5/84 
Test OLM installation	Arrange OLM test installation	2025-06-09T15:06:09.5474455Z #14 14.19   Verifying        : ca-certificates-2024.2.69_v8.0.303-91.4.el9_4.noar    6/84 
Test OLM installation	Arrange OLM test installation	2025-06-09T15:06:09.5475355Z #14 14.19   Verifying        : coreutils-single-8.32-39.el9.x86_64                   7/84 
Test OLM installation	Arrange OLM test installation	2025-06-09T15:06:09.5476007Z #14 14.19   Verifying        : crypto-policies-20250128-1.git5269e22.el9.noarch      8/84 
Test OLM installation	Arrange OLM test installation	2025-06-09T15:06:09.5476664Z #14 14.19   Verifying        : crypto-policies-scripts-20250128-1.git5269e22.el9.    9/84 
Test OLM installation	Arrange OLM test installation	2025-06-09T15:06:09.5477293Z #14 14.19   Verifying        : cups-libs-1:2.3.3op2-33.el9.x86_64                   10/84 
Test OLM installation	Arrange OLM test installation	2025-06-09T15:06:09.5477846Z #14 14.19   Verifying        : dbus-libs-1:1.12.20-8.el9.x86_64                     11/84 
Test OLM installation	Arrange OLM test installation	2025-06-09T15:06:09.5478406Z #14 14.19   Verifying        : expat-2.5.0-5.el9_6.x86_64                           12/84 
Test OLM installation	Arrange OLM test installation	2025-06-09T15:06:09.5478912Z #14 14.19   Verifying        : filesystem-3.16-5.el9.x86_64                         13/84 
Test OLM installation	Arrange OLM test installation	2025-06-09T15:06:09.5479352Z #14 14.19   Verifying        : findutils-1:4.8.0-7.el9.x86_64                       14/84 
Test OLM installation	Arrange OLM test installation	2025-06-09T15:06:09.5479779Z #14 14.19   Verifying        : gawk-5.1.0-6.el9.x86_64                              15/84 
Test OLM installation	Arrange OLM test installation	2025-06-09T15:06:09.5480194Z #14 14.19   Verifying        : gdbm-libs-1:1.23-1.el9.x86_64                        16/84 
Test OLM installation	Arrange OLM test installation	2025-06-09T15:06:09.5480610Z #14 14.19   Verifying        : glibc-2.34-168.el9_6.19.x86_64                       17/84 
Test OLM installation	Arrange OLM test installation	2025-06-09T15:06:09.5481044Z #14 14.19   Verifying        : glibc-common-2.34-168.el9_6.19.x86_64                18/84 
Test OLM installation	Arrange OLM test installation	2025-06-09T15:06:09.5481486Z #14 14.19   Verifying        : glibc-langpack-en-2.34-168.el9_6.19.x86_64           19/84 
Test OLM installation	Arrange OLM test installation	2025-06-09T15:06:09.5481912Z #14 14.20   Verifying        : gmp-1:6.2.0-13.el9.x86_64                            20/84 
Test OLM installation	Arrange OLM test installation	2025-06-09T15:06:09.5482330Z #14 14.20   Verifying        : gnutls-3.8.3-6.el9.x86_64                            21/84 
Test OLM installation	Arrange OLM test installation	2025-06-09T15:06:09.5482743Z #14 14.20   Verifying        : grep-3.6-5.el9.x86_64                                22/84 
Test OLM installation	Arrange OLM test installation	2025-06-09T15:06:09.5483166Z #14 14.20   Verifying        : keyutils-libs-1.6.3-1.el9.x86_64                     23/84 
Test OLM installation	Arrange OLM test installation	2025-06-09T15:06:09.5483603Z #14 14.20   Verifying        : krb5-libs-1.21.1-6.el9.x86_64                        24/84 
Test OLM installation	Arrange OLM test installation	2025-06-09T15:06:09.5484021Z #14 14.20   Verifying        : libacl-2.3.1-4.el9.x86_64                            25/84 
Test OLM installation	Arrange OLM test installation	2025-06-09T15:06:09.5484439Z #14 14.20   Verifying        : libattr-2.5.1-3.el9.x86_64                           26/84 
Test OLM installation	Arrange OLM test installation	2025-06-09T15:06:09.5485283Z #14 14.20   Verifying        : libcap-2.48-9.el9_2.x86_64                           27/84 
Test OLM installation	Arrange OLM test installation	2025-06-09T15:06:09.5485709Z #14 14.20   Verifying        : libcom_err-1.46.5-7.el9.x86_64                       28/84 
Test OLM installation	Arrange OLM test installation	2025-06-09T15:06:09.5486142Z #14 14.20   Verifying        : libevent-2.1.12-8.el9_4.x86_64                       29/84 
Test OLM installation	Arrange OLM test installation	2025-06-09T15:06:09.5486782Z #14 14.20   Verifying        : libffi-3.4.2-8.el9.x86_64                            30/84 
Test OLM installation	Arrange OLM test installation	2025-06-09T15:06:09.5487213Z #14 14.20   Verifying        : libgcc-11.5.0-5.el9_5.x86_64                         31/84 
Test OLM installation	Arrange OLM test installation	2025-06-09T15:06:09.5487656Z #14 14.20   Verifying        : libgcrypt-1.10.0-11.el9.x86_64                       32/84 
Test OLM installation	Arrange OLM test installation	2025-06-09T15:06:09.5488102Z #14 14.20   Verifying        : libgpg-error-1.42-5.el9.x86_64                       33/84 
Test OLM installation	Arrange OLM test installation	2025-06-09T15:06:09.5488859Z #14 14.20   Verifying        : libidn2-2.3.0-7.el9.x86_64                           34/84 
Test OLM installation	Arrange OLM test installation	2025-06-09T15:06:09.5489309Z #14 14.20   Verifying        : libselinux-3.6-3.el9.x86_64                          35/84 
Test OLM installation	Arrange OLM test installation	2025-06-09T15:06:09.5489743Z #14 14.20   Verifying        : libsepol-3.6-2.el9.x86_64                            36/84 
Test OLM installation	Arrange OLM test installation	2025-06-09T15:06:09.5490179Z #14 14.20   Verifying        : libsigsegv-2.13-4.el9.x86_64                         37/84 
Test OLM installation	Arrange OLM test installation	2025-06-09T15:06:09.5490663Z #14 14.20   Verifying        : libtasn1-4.16.0-9.el9.x86_64                         38/84 
Test OLM installation	Arrange OLM test installation	2025-06-09T15:06:09.5491107Z #14 14.20   Verifying        : libunistring-0.9.10-15.el9.x86_64                    39/84 
Test OLM installation	Arrange OLM test installation	2025-06-09T15:06:09.5491548Z #14 14.20   Verifying        : libuuid-2.37.4-21.el9.x86_64                         40/84 
Test OLM installation	Arrange OLM test installation	2025-06-09T15:06:09.5491974Z #14 14.20   Verifying        : libverto-0.3.2-3.el9.x86_64                          41/84 
Test OLM installation	Arrange OLM test installation	2025-06-09T15:06:09.5492406Z #14 14.20   Verifying        : libxcrypt-4.4.18-3.el9.x86_64                        42/84 
Test OLM installation	Arrange OLM test installation	2025-06-09T15:06:09.5492838Z #14 14.20   Verifying        : libzstd-1.5.5-1.el9.x86_64                           43/84 
Test OLM installation	Arrange OLM test installation	2025-06-09T15:06:09.5493296Z #14 14.20   Verifying        : lksctp-tools-1.0.19-3.el9_4.x86_64                   44/84 
Test OLM installation	Arrange OLM test installation	2025-06-09T15:06:09.5493742Z #14 14.20   Verifying        : lua-libs-5.4.4-4.el9.x86_64                          45/84 
Test OLM installation	Arrange OLM test installation	2025-06-09T15:06:09.5494170Z #14 14.20   Verifying        : lz4-libs-1.9.3-5.el9.x86_64                          46/84 
Test OLM installation	Arrange OLM test installation	2025-06-09T15:06:09.5494615Z #14 14.20   Verifying        : mpfr-4.1.0-7.el9.x86_64                              47/84 
Test OLM installation	Arrange OLM test installation	2025-06-09T15:06:09.5495057Z #14 14.20   Verifying        : ncurses-base-6.2-10.20210508.el9.noarch              48/84 
Test OLM installation	Arrange OLM test installation	2025-06-09T15:06:09.5495673Z #14 14.20   Verifying        : ncurses-libs-6.2-10.20210508.el9.x86_64              49/84 
Test OLM installation	Arrange OLM test installation	2025-06-09T15:06:09.5496111Z #14 14.20   Verifying        : nettle-3.10.1-1.el9.x86_64                           50/84 
Test OLM installation	Arrange OLM test installation	2025-06-09T15:06:09.5496554Z #14 14.20   Verifying        : openssl-fips-provider-3.0.7-6.el9_5.x86_64           51/84 
Test OLM installation	Arrange OLM test installation	2025-06-09T15:06:09.5497021Z #14 14.20   Verifying        : openssl-fips-provider-so-3.0.7-6.el9_5.x86_64        52/84 
Test OLM installation	Arrange OLM test installation	2025-06-09T15:06:09.5497481Z #14 14.20   Verifying        : openssl-libs-1:3.2.2-6.el9_5.1.x86_64                53/84 
Test OLM installation	Arrange OLM test installation	2025-06-09T15:06:09.5498052Z #14 14.20   Verifying        : p11-kit-0.25.3-3.el9_5.x86_64                        54/84 
Test OLM installation	Arrange OLM test installation	2025-06-09T15:06:09.5498607Z #14 14.20   Verifying        : p11-kit-trust-0.25.3-3.el9_5.x86_64                  55/84 
Test OLM installation	Arrange OLM test installation	2025-06-09T15:06:09.5499070Z #14 14.20   Verifying        : pcre-8.44-4.el9.x86_64                               56/84 
Test OLM installation	Arrange OLM test installation	2025-06-09T15:06:09.5499758Z #14 14.20   Verifying        : pcre2-10.40-6.el9.x86_64                             57/84 
Test OLM installation	Arrange OLM test installation	2025-06-09T15:06:09.5500212Z #14 14.20   Verifying        : pcre2-syntax-10.40-6.el9.noarch                      58/84 
Test OLM installation	Arrange OLM test installation	2025-06-09T15:06:09.5500657Z #14 14.20   Verifying        : python3-3.9.21-2.el9.x86_64                          59/84 
Test OLM installation	Arrange OLM test installation	2025-06-09T15:06:09.5501090Z #14 14.20   Verifying        : python3-libs-3.9.21-2.el9.x86_64                     60/84 
Test OLM installation	Arrange OLM test installation	2025-06-09T15:06:09.5501729Z #14 14.20   Verifying        : python3-pip-wheel-21.3.1-1.el9.noarch                61/84 
Test OLM installation	Arrange OLM test installation	2025-06-09T15:06:09.5502212Z #14 14.20   Verifying        : python3-setuptools-wheel-53.0.0-13.el9.noarch        62/84 
Test OLM installation	Arrange OLM test installation	2025-06-09T15:06:09.5502673Z #14 14.20   Verifying        : readline-8.1-4.el9.x86_64                            63/84 
Test OLM installation	Arrange OLM test installation	2025-06-09T15:06:09.5503239Z #14 14.20   Verifying        : redhat-release-9.6-0.1.el9.x86_64                    64/84 
Test OLM installation	Arrange OLM test installation	2025-06-09T15:06:09.5503669Z #14 14.20   Verifying        : sed-4.8-9.el9.x86_64                                 65/84 
Test OLM installation	Arrange OLM test installation	2025-06-09T15:06:09.5504084Z #14 14.20   Verifying        : setup-2.13.7-10.el9.noarch                           66/84 
Test OLM installation	Arrange OLM test installation	2025-06-09T15:06:09.5504521Z #14 14.20   Verifying        : sqlite-libs-3.34.1-7.el9_3.x86_64                    67/84 
Test OLM installation	Arrange OLM test installation	2025-06-09T15:06:09.5504964Z #14 14.20   Verifying        : systemd-libs-252-51.el9.x86_64                       68/84 
Test OLM installation	Arrange OLM test installation	2025-06-09T15:06:09.5505831Z #14 14.20   Verifying        : tzdata-2025b-1.el9.noarch                            69/84 
Test OLM installation	Arrange OLM test installation	2025-06-09T15:06:09.5506365Z #14 14.20   Verifying        : xz-libs-5.2.5-8.el9_0.x86_64                         70/84 
Test OLM installation	Arrange OLM test installation	2025-06-09T15:06:09.5506788Z #14 14.20   Verifying        : zlib-1.2.11-40.el9.x86_64                            71/84 
Test OLM installation	Arrange OLM test installation	2025-06-09T15:06:09.5507236Z #14 14.20   Verifying        : copy-jdk-configs-4.0-3.el9.noarch                    72/84 
Test OLM installation	Arrange OLM test installation	2025-06-09T15:06:09.5507686Z #14 14.20   Verifying        : lua-5.4.4-4.el9.x86_64                               73/84 
Test OLM installation	Arrange OLM test installation	2025-06-09T15:06:09.5508114Z #14 14.20   Verifying        : lua-posix-35.0-8.el9.x86_64                          74/84 
Test OLM installation	Arrange OLM test installation	2025-06-09T15:06:09.5508545Z #14 14.20   Verifying        : alsa-lib-1.2.13-2.el9.x86_64                         75/84 
Test OLM installation	Arrange OLM test installation	2025-06-09T15:06:09.5508983Z #14 14.20   Verifying        : java-21-openjdk-headless-1:21.0.7.0.6-1.el9.x86_64   76/84 
Test OLM installation	Arrange OLM test installation	2025-06-09T15:06:09.5509455Z #14 14.20   Verifying        : javapackages-filesystem-6.4.0-1.el9.noarch           77/84 
Test OLM installation	Arrange OLM test installation	2025-06-09T15:06:09.5509916Z #14 14.20   Verifying        : nspr-4.35.0-17.el9_2.x86_64                          78/84 
Test OLM installation	Arrange OLM test installation	2025-06-09T15:06:09.5510332Z #14 14.20   Verifying        : nss-3.101.0-10.el9_2.x86_64                          79/84 
Test OLM installation	Arrange OLM test installation	2025-06-09T15:06:09.5510761Z #14 14.20   Verifying        : nss-softokn-3.101.0-10.el9_2.x86_64                  80/84 
Test OLM installation	Arrange OLM test installation	2025-06-09T15:06:09.5511218Z #14 14.20   Verifying        : nss-softokn-freebl-3.101.0-10.el9_2.x86_64           81/84 
Test OLM installation	Arrange OLM test installation	2025-06-09T15:06:09.5511665Z #14 14.20   Verifying        : nss-sysinit-3.101.0-10.el9_2.x86_64                  82/84 
Test OLM installation	Arrange OLM test installation	2025-06-09T15:06:09.5512100Z #14 14.20   Verifying        : nss-util-3.101.0-10.el9_2.x86_64                     83/84 
Test OLM installation	Arrange OLM test installation	2025-06-09T15:06:09.5512540Z #14 14.20   Verifying        : tzdata-java-2025b-1.el9.noarch                       84/84 
Test OLM installation	Arrange OLM test installation	2025-06-09T15:06:09.5512911Z #14 14.29 Installed products updated.
Test OLM installation	Arrange OLM test installation	2025-06-09T15:06:09.5513156Z #14 14.30 
Test OLM installation	Arrange OLM test installation	2025-06-09T15:06:09.5513330Z #14 14.30 Installed:
Test OLM installation	Arrange OLM test installation	2025-06-09T15:06:09.5513621Z #14 14.30   alsa-lib-1.2.13-2.el9.x86_64                                                  
Test OLM installation	Arrange OLM test installation	2025-06-09T15:06:09.5514041Z #14 14.30   alternatives-1.24-2.el9.x86_64                                                
Test OLM installation	Arrange OLM test installation	2025-06-09T15:06:09.5514463Z #14 14.30   avahi-libs-0.8-22.el9_6.x86_64                                                
Test OLM installation	Arrange OLM test installation	2025-06-09T15:06:09.5514901Z #14 14.30   basesystem-11-13.el9.noarch                                                   
Test OLM installation	Arrange OLM test installation	2025-06-09T15:06:09.5515557Z #14 14.30   bash-5.1.8-9.el9.x86_64                                                       
Test OLM installation	Arrange OLM test installation	2025-06-09T15:06:09.5515957Z #14 14.30   bzip2-libs-1.0.8-10.el9_5.x86_64                                              
Test OLM installation	Arrange OLM test installation	2025-06-09T15:06:09.5516409Z #14 14.30   ca-certificates-2024.2.69_v8.0.303-91.4.el9_4.noarch                          
Test OLM installation	Arrange OLM test installation	2025-06-09T15:06:09.5516877Z #14 14.30   copy-jdk-configs-4.0-3.el9.noarch                                             
Test OLM installation	Arrange OLM test installation	2025-06-09T15:06:09.5517338Z #14 14.30   coreutils-single-8.32-39.el9.x86_64                                           
Test OLM installation	Arrange OLM test installation	2025-06-09T15:06:09.5518028Z #14 14.30   crypto-policies-20250128-1.git5269e22.el9.noarch                              
Test OLM installation	Arrange OLM test installation	2025-06-09T15:06:09.5518574Z #14 14.30   crypto-policies-scripts-20250128-1.git5269e22.el9.noarch                      
Test OLM installation	Arrange OLM test installation	2025-06-09T15:06:09.5519066Z #14 14.30   cups-libs-1:2.3.3op2-33.el9.x86_64                                            
Test OLM installation	Arrange OLM test installation	2025-06-09T15:06:09.5519596Z #14 14.30   dbus-libs-1:1.12.20-8.el9.x86_64                                              
Test OLM installation	Arrange OLM test installation	2025-06-09T15:06:09.5520001Z #14 14.30   expat-2.5.0-5.el9_6.x86_64                                                    
Test OLM installation	Arrange OLM test installation	2025-06-09T15:06:09.5520398Z #14 14.30   filesystem-3.16-5.el9.x86_64                                                  
Test OLM installation	Arrange OLM test installation	2025-06-09T15:06:09.5520807Z #14 14.30   findutils-1:4.8.0-7.el9.x86_64                                                
Test OLM installation	Arrange OLM test installation	2025-06-09T15:06:09.5521199Z #14 14.30   gawk-5.1.0-6.el9.x86_64                                                       
Test OLM installation	Arrange OLM test installation	2025-06-09T15:06:09.5521589Z #14 14.30   gdbm-libs-1:1.23-1.el9.x86_64                                                 
Test OLM installation	Arrange OLM test installation	2025-06-09T15:06:09.5521994Z #14 14.30   glibc-2.34-168.el9_6.19.x86_64                                                
Test OLM installation	Arrange OLM test installation	2025-06-09T15:06:09.5522414Z #14 14.30   glibc-common-2.34-168.el9_6.19.x86_64                                         
Test OLM installation	Arrange OLM test installation	2025-06-09T15:06:09.5522872Z #14 14.30   glibc-langpack-en-2.34-168.el9_6.19.x86_64                                    
Test OLM installation	Arrange OLM test installation	2025-06-09T15:06:09.5523290Z #14 14.30   gmp-1:6.2.0-13.el9.x86_64                                                     
Test OLM installation	Arrange OLM test installation	2025-06-09T15:06:09.5523676Z #14 14.30   gnutls-3.8.3-6.el9.x86_64                                                     
Test OLM installation	Arrange OLM test installation	2025-06-09T15:06:09.5524061Z #14 14.30   grep-3.6-5.el9.x86_64                                                         
Test OLM installation	Arrange OLM test installation	2025-06-09T15:06:09.5524491Z #14 14.30   java-21-openjdk-headless-1:21.0.7.0.6-1.el9.x86_64                            
Test OLM installation	Arrange OLM test installation	2025-06-09T15:06:09.5524987Z #14 14.30   javapackages-filesystem-6.4.0-1.el9.noarch                                    
Test OLM installation	Arrange OLM test installation	2025-06-09T15:06:09.5525598Z #14 14.30   keyutils-libs-1.6.3-1.el9.x86_64                                              
Test OLM installation	Arrange OLM test installation	2025-06-09T15:06:09.5526015Z #14 14.30   krb5-libs-1.21.1-6.el9.x86_64                                                 
Test OLM installation	Arrange OLM test installation	2025-06-09T15:06:09.5526411Z #14 14.30   libacl-2.3.1-4.el9.x86_64                                                     
Test OLM installation	Arrange OLM test installation	2025-06-09T15:06:09.5526810Z #14 14.30   libattr-2.5.1-3.el9.x86_64                                                    
Test OLM installation	Arrange OLM test installation	2025-06-09T15:06:09.5527207Z #14 14.30   libcap-2.48-9.el9_2.x86_64                                                    
Test OLM installation	Arrange OLM test installation	2025-06-09T15:06:09.5527605Z #14 14.30   libcom_err-1.46.5-7.el9.x86_64                                                
Test OLM installation	Arrange OLM test installation	2025-06-09T15:06:09.5528009Z #14 14.30   libevent-2.1.12-8.el9_4.x86_64                                                
Test OLM installation	Arrange OLM test installation	2025-06-09T15:06:09.5528407Z #14 14.30   libffi-3.4.2-8.el9.x86_64                                                     
Test OLM installation	Arrange OLM test installation	2025-06-09T15:06:09.5528802Z #14 14.30   libgcc-11.5.0-5.el9_5.x86_64                                                  
Test OLM installation	Arrange OLM test installation	2025-06-09T15:06:09.5529211Z #14 14.30   libgcrypt-1.10.0-11.el9.x86_64                                                
Test OLM installation	Arrange OLM test installation	2025-06-09T15:06:09.5529633Z #14 14.30   libgpg-error-1.42-5.el9.x86_64                                                
Test OLM installation	Arrange OLM test installation	2025-06-09T15:06:09.5530058Z #14 14.30   libidn2-2.3.0-7.el9.x86_64                                                    
Test OLM installation	Arrange OLM test installation	2025-06-09T15:06:09.5530464Z #14 14.30   libselinux-3.6-3.el9.x86_64                                                   
Test OLM installation	Arrange OLM test installation	2025-06-09T15:06:09.5530870Z #14 14.30   libsepol-3.6-2.el9.x86_64                                                     
Test OLM installation	Arrange OLM test installation	2025-06-09T15:06:09.5531276Z #14 14.30   libsigsegv-2.13-4.el9.x86_64                                                  
Test OLM installation	Arrange OLM test installation	2025-06-09T15:06:09.5531725Z #14 14.30   libtasn1-4.16.0-9.el9.x86_64                                                  
Test OLM installation	Arrange OLM test installation	2025-06-09T15:06:09.5532154Z #14 14.30   libunistring-0.9.10-15.el9.x86_64                                             
Test OLM installation	Arrange OLM test installation	2025-06-09T15:06:09.5532700Z #14 14.30   libuuid-2.37.4-21.el9.x86_64                                                  
Test OLM installation	Arrange OLM test installation	2025-06-09T15:06:09.5533104Z #14 14.30   libverto-0.3.2-3.el9.x86_64                                                   
Test OLM installation	Arrange OLM test installation	2025-06-09T15:06:09.5533513Z #14 14.30   libxcrypt-4.4.18-3.el9.x86_64                                                 
Test OLM installation	Arrange OLM test installation	2025-06-09T15:06:09.5534025Z #14 14.30   libzstd-1.5.5-1.el9.x86_64                                                    
Test OLM installation	Arrange OLM test installation	2025-06-09T15:06:09.5534440Z #14 14.30   lksctp-tools-1.0.19-3.el9_4.x86_64                                            
Test OLM installation	Arrange OLM test installation	2025-06-09T15:06:09.5534839Z #14 14.30   lua-5.4.4-4.el9.x86_64                                                        
Test OLM installation	Arrange OLM test installation	2025-06-09T15:06:09.5535338Z #14 14.30   lua-libs-5.4.4-4.el9.x86_64                                                   
Test OLM installation	Arrange OLM test installation	2025-06-09T15:06:09.5535747Z #14 14.30   lua-posix-35.0-8.el9.x86_64                                                   
Test OLM installation	Arrange OLM test installation	2025-06-09T15:06:09.5536145Z #14 14.30   lz4-libs-1.9.3-5.el9.x86_64                                                   
Test OLM installation	Arrange OLM test installation	2025-06-09T15:06:09.5536537Z #14 14.30   mpfr-4.1.0-7.el9.x86_64                                                       
Test OLM installation	Arrange OLM test installation	2025-06-09T15:06:09.5536967Z #14 14.30   ncurses-base-6.2-10.20210508.el9.noarch                                       
Test OLM installation	Arrange OLM test installation	2025-06-09T15:06:09.5537437Z #14 14.30   ncurses-libs-6.2-10.20210508.el9.x86_64                                       
Test OLM installation	Arrange OLM test installation	2025-06-09T15:06:09.5537863Z #14 14.30   nettle-3.10.1-1.el9.x86_64                                                    
Test OLM installation	Arrange OLM test installation	2025-06-09T15:06:09.5538253Z #14 14.30   nspr-4.35.0-17.el9_2.x86_64                                                   
Test OLM installation	Arrange OLM test installation	2025-06-09T15:06:09.5538636Z #14 14.30   nss-3.101.0-10.el9_2.x86_64                                                   
Test OLM installation	Arrange OLM test installation	2025-06-09T15:06:09.5539045Z #14 14.30   nss-softokn-3.101.0-10.el9_2.x86_64                                           
Test OLM installation	Arrange OLM test installation	2025-06-09T15:06:09.5539527Z #14 14.30   nss-softokn-freebl-3.101.0-10.el9_2.x86_64                                    
Test OLM installation	Arrange OLM test installation	2025-06-09T15:06:09.5539980Z #14 14.30   nss-sysinit-3.101.0-10.el9_2.x86_64                                           
Test OLM installation	Arrange OLM test installation	2025-06-09T15:06:09.5540394Z #14 14.30   nss-util-3.101.0-10.el9_2.x86_64                                              
Test OLM installation	Arrange OLM test installation	2025-06-09T15:06:09.5540839Z #14 14.30   openssl-fips-provider-3.0.7-6.el9_5.x86_64                                    
Test OLM installation	Arrange OLM test installation	2025-06-09T15:06:09.5541341Z #14 14.30   openssl-fips-provider-so-3.0.7-6.el9_5.x86_64                                 
Test OLM installation	Arrange OLM test installation	2025-06-09T15:06:09.5541801Z #14 14.30   openssl-libs-1:3.2.2-6.el9_5.1.x86_64                                         
Test OLM installation	Arrange OLM test installation	2025-06-09T15:06:09.5542208Z #14 14.30   p11-kit-0.25.3-3.el9_5.x86_64                                                 
Test OLM installation	Arrange OLM test installation	2025-06-09T15:06:09.5542610Z #14 14.30   p11-kit-trust-0.25.3-3.el9_5.x86_64                                           
Test OLM installation	Arrange OLM test installation	2025-06-09T15:06:09.5543005Z #14 14.30   pcre-8.44-4.el9.x86_64                                                        
Test OLM installation	Arrange OLM test installation	2025-06-09T15:06:09.5543383Z #14 14.30   pcre2-10.40-6.el9.x86_64                                                      
Test OLM installation	Arrange OLM test installation	2025-06-09T15:06:09.5543803Z #14 14.30   pcre2-syntax-10.40-6.el9.noarch                                               
Test OLM installation	Arrange OLM test installation	2025-06-09T15:06:09.5544225Z #14 14.30   python3-3.9.21-2.el9.x86_64                                                   
Test OLM installation	Arrange OLM test installation	2025-06-09T15:06:09.5544639Z #14 14.30   python3-libs-3.9.21-2.el9.x86_64                                              
Test OLM installation	Arrange OLM test installation	2025-06-09T15:06:09.5545180Z #14 14.30   python3-pip-wheel-21.3.1-1.el9.noarch                                         
Test OLM installation	Arrange OLM test installation	2025-06-09T15:06:09.5545676Z #14 14.30   python3-setuptools-wheel-53.0.0-13.el9.noarch                                 
Test OLM installation	Arrange OLM test installation	2025-06-09T15:06:09.5546150Z #14 14.30   readline-8.1-4.el9.x86_64                                                     
Test OLM installation	Arrange OLM test installation	2025-06-09T15:06:09.5546573Z #14 14.30   redhat-release-9.6-0.1.el9.x86_64                                             
Test OLM installation	Arrange OLM test installation	2025-06-09T15:06:09.5546974Z #14 14.30   sed-4.8-9.el9.x86_64                                                          
Test OLM installation	Arrange OLM test installation	2025-06-09T15:06:09.5547490Z #14 14.30   setup-2.13.7-10.el9.noarch                                                    
Test OLM installation	Arrange OLM test installation	2025-06-09T15:06:09.5547905Z #14 14.30   sqlite-libs-3.34.1-7.el9_3.x86_64                                             
Test OLM installation	Arrange OLM test installation	2025-06-09T15:06:09.5548332Z #14 14.30   systemd-libs-252-51.el9.x86_64                                                
Test OLM installation	Arrange OLM test installation	2025-06-09T15:06:09.5548874Z #14 14.30   tzdata-2025b-1.el9.noarch                                                     
Test OLM installation	Arrange OLM test installation	2025-06-09T15:06:09.5549311Z #14 14.30   tzdata-java-2025b-1.el9.noarch                                                
Test OLM installation	Arrange OLM test installation	2025-06-09T15:06:09.5549732Z #14 14.30   xz-libs-5.2.5-8.el9_0.x86_64                                                  
Test OLM installation	Arrange OLM test installation	2025-06-09T15:06:09.5550118Z #14 14.30   zlib-1.2.11-40.el9.x86_64                                                     
Test OLM installation	Arrange OLM test installation	2025-06-09T15:06:09.5550423Z #14 14.30 
Test OLM installation	Arrange OLM test installation	2025-06-09T15:06:09.5550814Z #14 14.30 Complete!
Test OLM installation	Arrange OLM test installation	2025-06-09T15:06:09.6696906Z #14 14.42 + dnf --installroot /tmp/null/rootfs clean all
Test OLM installation	Arrange OLM test installation	2025-06-09T15:06:09.9147241Z #14 14.67 Updating Subscription Management repositories.
Test OLM installation	Arrange OLM test installation	2025-06-09T15:06:10.1240021Z #14 14.67 Unable to read consumer identity
Test OLM installation	Arrange OLM test installation	2025-06-09T15:06:10.1240580Z #14 14.67 
Test OLM installation	Arrange OLM test installation	2025-06-09T15:06:10.1241220Z #14 14.67 This system is not registered with an entitlement server. You can use subscription-manager to register.
Test OLM installation	Arrange OLM test installation	2025-06-09T15:06:10.1241933Z #14 14.67 
Test OLM installation	Arrange OLM test installation	2025-06-09T15:06:10.1242122Z #14 14.68 26 files removed
Test OLM installation	Arrange OLM test installation	2025-06-09T15:06:10.1243132Z #14 14.72 + rm -rf /tmp/null/rootfs/var/cache/bpf /tmp/null/rootfs/var/cache/dnf /tmp/null/rootfs/var/cache/ldconfig /tmp/null/rootfs/var/log/dnf.librepo.log /tmp/null/rootfs/var/log/dnf.log /tmp/null/rootfs/var/log/dnf.rpm.log '/tmp/null/rootfs/var/log/yum.*'
Test OLM installation	Arrange OLM test installation	2025-06-09T15:06:10.1244444Z #14 14.73 ==> Building dependency tree
Test OLM installation	Arrange OLM test installation	2025-06-09T15:06:10.3823069Z #14 15.13 ==> 42 packages to erase:
Test OLM installation	Arrange OLM test installation	2025-06-09T15:06:10.5375057Z #14 15.14 alsa-lib
Test OLM installation	Arrange OLM test installation	2025-06-09T15:06:10.5375775Z #14 15.14 avahi-libs
Test OLM installation	Arrange OLM test installation	2025-06-09T15:06:10.5376179Z #14 15.14 bzip2-libs
Test OLM installation	Arrange OLM test installation	2025-06-09T15:06:10.5376631Z #14 15.14 copy-jdk-configs
Test OLM installation	Arrange OLM test installation	2025-06-09T15:06:10.5377057Z #14 15.14 cups-libs
Test OLM installation	Arrange OLM test installation	2025-06-09T15:06:10.5377423Z #14 15.14 dbus-libs
Test OLM installation	Arrange OLM test installation	2025-06-09T15:06:10.5377723Z #14 15.14 expat
Test OLM installation	Arrange OLM test installation	2025-06-09T15:06:10.5377953Z #14 15.14 gawk
Test OLM installation	Arrange OLM test installation	2025-06-09T15:06:10.5378174Z #14 15.14 gdbm-libs
Test OLM installation	Arrange OLM test installation	2025-06-09T15:06:10.5378397Z #14 15.14 gmp
Test OLM installation	Arrange OLM test installation	2025-06-09T15:06:10.5378626Z #14 15.14 gnutls
Test OLM installation	Arrange OLM test installation	2025-06-09T15:06:10.5378858Z #14 15.14 gpg-pubkey
Test OLM installation	Arrange OLM test installation	2025-06-09T15:06:10.5379110Z #14 15.14 keyutils-libs
Test OLM installation	Arrange OLM test installation	2025-06-09T15:06:10.5379353Z #14 15.14 krb5-libs
Test OLM installation	Arrange OLM test installation	2025-06-09T15:06:10.5379581Z #14 15.14 libcom_err
Test OLM installation	Arrange OLM test installation	2025-06-09T15:06:10.5379811Z #14 15.14 libevent
Test OLM installation	Arrange OLM test installation	2025-06-09T15:06:10.5380042Z #14 15.14 libffi
Test OLM installation	Arrange OLM test installation	2025-06-09T15:06:10.5380267Z #14 15.14 libgcrypt
Test OLM installation	Arrange OLM test installation	2025-06-09T15:06:10.5380500Z #14 15.14 libgpg-error
Test OLM installation	Arrange OLM test installation	2025-06-09T15:06:10.5380749Z #14 15.14 libidn2
Test OLM installation	Arrange OLM test installation	2025-06-09T15:06:10.5380979Z #14 15.14 libunistring
Test OLM installation	Arrange OLM test installation	2025-06-09T15:06:10.5381218Z #14 15.14 libuuid
Test OLM installation	Arrange OLM test installation	2025-06-09T15:06:10.5381650Z #14 15.14 libverto
Test OLM installation	Arrange OLM test installation	2025-06-09T15:06:10.5381977Z #14 15.14 libxcrypt
Test OLM installation	Arrange OLM test installation	2025-06-09T15:06:10.5382221Z #14 15.14 libzstd
Test OLM installation	Arrange OLM test installation	2025-06-09T15:06:10.5382442Z #14 15.14 lua
Test OLM installation	Arrange OLM test installation	2025-06-09T15:06:10.5382656Z #14 15.14 lua-libs
Test OLM installation	Arrange OLM test installation	2025-06-09T15:06:10.5382883Z #14 15.14 lua-posix
Test OLM installation	Arrange OLM test installation	2025-06-09T15:06:10.5383107Z #14 15.14 lz4-libs
Test OLM installation	Arrange OLM test installation	2025-06-09T15:06:10.5383329Z #14 15.14 mpfr
Test OLM installation	Arrange OLM test installation	2025-06-09T15:06:10.5383548Z #14 15.14 nettle
Test OLM installation	Arrange OLM test installation	2025-06-09T15:06:10.5383805Z #14 15.14 openssl-fips-provider
Test OLM installation	Arrange OLM test installation	2025-06-09T15:06:10.5384128Z #14 15.14 openssl-fips-provider-so
Test OLM installation	Arrange OLM test installation	2025-06-09T15:06:10.5384437Z #14 15.14 openssl-libs
Test OLM installation	Arrange OLM test installation	2025-06-09T15:06:10.5384682Z #14 15.14 p11-kit
Test OLM installation	Arrange OLM test installation	2025-06-09T15:06:10.5384909Z #14 15.14 python3
Test OLM installation	Arrange OLM test installation	2025-06-09T15:06:10.5385318Z #14 15.14 python3-libs
Test OLM installation	Arrange OLM test installation	2025-06-09T15:06:10.5385584Z #14 15.14 python3-pip-wheel
Test OLM installation	Arrange OLM test installation	2025-06-09T15:06:10.5385882Z #14 15.14 python3-setuptools-wheel
Test OLM installation	Arrange OLM test installation	2025-06-09T15:06:10.5386175Z #14 15.14 readline
Test OLM installation	Arrange OLM test installation	2025-06-09T15:06:10.5386361Z #14 15.14 systemd-libs
Test OLM installation	Arrange OLM test installation	2025-06-09T15:06:10.5386545Z #14 15.14 xz-libs
Test OLM installation	Arrange OLM test installation	2025-06-09T15:06:10.5386727Z #14 15.14 ==> 43 packages to keep:
Test OLM installation	Arrange OLM test installation	2025-06-09T15:06:10.5386964Z #14 15.14 alternatives
Test OLM installation	Arrange OLM test installation	2025-06-09T15:06:10.5387483Z #14 15.14 basesystem
Test OLM installation	Arrange OLM test installation	2025-06-09T15:06:10.5387662Z #14 15.14 bash
Test OLM installation	Arrange OLM test installation	2025-06-09T15:06:10.5387850Z #14 15.14 ca-certificates
Test OLM installation	Arrange OLM test installation	2025-06-09T15:06:10.5388065Z #14 15.14 coreutils-single
Test OLM installation	Arrange OLM test installation	2025-06-09T15:06:10.5388278Z #14 15.14 crypto-policies
Test OLM installation	Arrange OLM test installation	2025-06-09T15:06:10.5388500Z #14 15.14 crypto-policies-scripts
Test OLM installation	Arrange OLM test installation	2025-06-09T15:06:10.5388887Z #14 15.14 filesystem
Test OLM installation	Arrange OLM test installation	2025-06-09T15:06:10.5389070Z #14 15.14 findutils
Test OLM installation	Arrange OLM test installation	2025-06-09T15:06:10.5389245Z #14 15.14 glibc
Test OLM installation	Arrange OLM test installation	2025-06-09T15:06:10.5389419Z #14 15.14 glibc-common
Test OLM installation	Arrange OLM test installation	2025-06-09T15:06:10.5389620Z #14 15.14 glibc-langpack-en
Test OLM installation	Arrange OLM test installation	2025-06-09T15:06:10.5389825Z #14 15.14 grep
Test OLM installation	Arrange OLM test installation	2025-06-09T15:06:10.5390013Z #14 15.14 java-21-openjdk-headless
Test OLM installation	Arrange OLM test installation	2025-06-09T15:06:10.5390259Z #14 15.14 javapackages-filesystem
Test OLM installation	Arrange OLM test installation	2025-06-09T15:06:10.5390477Z #14 15.14 libacl
Test OLM installation	Arrange OLM test installation	2025-06-09T15:06:10.5390646Z #14 15.14 libattr
Test OLM installation	Arrange OLM test installation	2025-06-09T15:06:10.5390812Z #14 15.14 libcap
Test OLM installation	Arrange OLM test installation	2025-06-09T15:06:10.5390979Z #14 15.14 libgcc
Test OLM installation	Arrange OLM test installation	2025-06-09T15:06:10.5391149Z #14 15.14 libselinux
Test OLM installation	Arrange OLM test installation	2025-06-09T15:06:10.5391330Z #14 15.14 libsepol
Test OLM installation	Arrange OLM test installation	2025-06-09T15:06:10.5391512Z #14 15.14 libsigsegv
Test OLM installation	Arrange OLM test installation	2025-06-09T15:06:10.5391686Z #14 15.14 libtasn1
Test OLM installation	Arrange OLM test installation	2025-06-09T15:06:10.5391863Z #14 15.14 lksctp-tools
Test OLM installation	Arrange OLM test installation	2025-06-09T15:06:10.5392052Z #14 15.14 ncurses-base
Test OLM installation	Arrange OLM test installation	2025-06-09T15:06:10.5392235Z #14 15.14 ncurses-libs
Test OLM installation	Arrange OLM test installation	2025-06-09T15:06:10.5392413Z #14 15.14 nspr
Test OLM installation	Arrange OLM test installation	2025-06-09T15:06:10.5392585Z #14 15.14 nss
Test OLM installation	Arrange OLM test installation	2025-06-09T15:06:10.5392756Z #14 15.14 nss-softokn
Test OLM installation	Arrange OLM test installation	2025-06-09T15:06:10.5392950Z #14 15.14 nss-softokn-freebl
Test OLM installation	Arrange OLM test installation	2025-06-09T15:06:10.5393160Z #14 15.14 nss-sysinit
Test OLM installation	Arrange OLM test installation	2025-06-09T15:06:10.5393340Z #14 15.14 nss-util
Test OLM installation	Arrange OLM test installation	2025-06-09T15:06:10.5393513Z #14 15.14 p11-kit-trust
Test OLM installation	Arrange OLM test installation	2025-06-09T15:06:10.5393700Z #14 15.14 pcre
Test OLM installation	Arrange OLM test installation	2025-06-09T15:06:10.5393872Z #14 15.14 pcre2
Test OLM installation	Arrange OLM test installation	2025-06-09T15:06:10.5394048Z #14 15.14 pcre2-syntax
Test OLM installation	Arrange OLM test installation	2025-06-09T15:06:10.5394238Z #14 15.14 redhat-release
Test OLM installation	Arrange OLM test installation	2025-06-09T15:06:10.5394429Z #14 15.14 sed
Test OLM installation	Arrange OLM test installation	2025-06-09T15:06:10.5394593Z #14 15.14 setup
Test OLM installation	Arrange OLM test installation	2025-06-09T15:06:10.5394765Z #14 15.14 sqlite-libs
Test OLM installation	Arrange OLM test installation	2025-06-09T15:06:10.5394947Z #14 15.14 tzdata
Test OLM installation	Arrange OLM test installation	2025-06-09T15:06:10.5395232Z #14 15.14 tzdata-java
Test OLM installation	Arrange OLM test installation	2025-06-09T15:06:10.5395416Z #14 15.14 zlib
Test OLM installation	Arrange OLM test installation	2025-06-09T15:06:10.5395579Z #14 15.14 
Test OLM installation	Arrange OLM test installation	2025-06-09T15:06:10.5395754Z #14 15.14 ==> Erasing packages
Test OLM installation	Arrange OLM test installation	2025-06-09T15:06:10.5396068Z #14 15.14 + xargs rpm -r /tmp/null/rootfs --erase --nodeps --allmatches
Test OLM installation	Arrange OLM test installation	2025-06-09T15:06:10.7051167Z #14 15.46 
Test OLM installation	Arrange OLM test installation	2025-06-09T15:06:10.7051732Z #14 15.46 ==> Packages erased ok!
Test OLM installation	Arrange OLM test installation	2025-06-09T15:06:10.8730902Z #14 DONE 15.5s
Test OLM installation	Arrange OLM test installation	2025-06-09T15:06:11.8327358Z 
Test OLM installation	Arrange OLM test installation	2025-06-09T15:06:11.8329690Z #15 [stage-1 2/4] COPY --from=ubi-micro-build /tmp/null/rootfs/ /
Test OLM installation	Arrange OLM test installation	2025-06-09T15:06:13.3923505Z #15 DONE 1.6s
Test OLM installation	Arrange OLM test installation	2025-06-09T15:06:13.5455996Z 
Test OLM installation	Arrange OLM test installation	2025-06-09T15:06:13.5456876Z #16 [stage-1 3/4] COPY --from=ubi-micro-build --chown=1000:0 /opt/keycloak /opt/keycloak
Test OLM installation	Arrange OLM test installation	2025-06-09T15:06:14.0378306Z #16 DONE 0.6s
Test OLM installation	Arrange OLM test installation	2025-06-09T15:06:14.1893055Z 
Test OLM installation	Arrange OLM test installation	2025-06-09T15:06:14.1894098Z #17 [stage-1 4/4] RUN echo "keycloak:x:0:root" >> /etc/group &&     echo "keycloak:x:1000:0:keycloak user:/opt/keycloak:/sbin/nologin" >> /etc/passwd
Test OLM installation	Arrange OLM test installation	2025-06-09T15:06:14.1909826Z #17 DONE 0.2s
Test OLM installation	Arrange OLM test installation	2025-06-09T15:06:14.3426049Z 
Test OLM installation	Arrange OLM test installation	2025-06-09T15:06:14.3427078Z #18 exporting to image
Test OLM installation	Arrange OLM test installation	2025-06-09T15:06:14.3427538Z #18 exporting layers
Test OLM installation	Arrange OLM test installation	2025-06-09T15:06:15.6414938Z #18 exporting layers 1.4s done
Test OLM installation	Arrange OLM test installation	2025-06-09T15:06:15.6559273Z #18 writing image sha256:6dac663da17d5f13a3194f7d731388762731ef360a3ad61706de5639f7a6b64d done
Test OLM installation	Arrange OLM test installation	2025-06-09T15:06:15.6560329Z #18 naming to 192.168.49.2:5000/de6c13keycloak:86400000.0.0 done
Test OLM installation	Arrange OLM test installation	2025-06-09T15:06:15.6561059Z #18 DONE 1.5s
Test OLM installation	Arrange OLM test installation	2025-06-09T15:06:15.6612865Z + docker push 192.168.49.2:5000/de6c13keycloak:86400000.0.0
Test OLM installation	Arrange OLM test installation	2025-06-09T15:06:15.6787438Z The push refers to repository [192.168.49.2:5000/de6c13keycloak]
Test OLM installation	Arrange OLM test installation	2025-06-09T15:06:45.6796508Z Get "http://192.168.49.2:5000/v2/": net/http: request canceled while waiting for connection (Client.Timeout exceeded while awaiting headers)
Test OLM installation	Arrange OLM test installation	2025-06-09T15:06:45.6818794Z ##[error]Process completed with exit code 1.
Status Check - Keycloak Operator CI	Run /./.github/actions/status-check	2025-06-09T15:31:32.4674889Z Prepare all required actions
Status Check - Keycloak Operator CI	Run /./.github/actions/status-check	2025-06-09T15:31:32.4746472Z ##[group]Run ./.github/actions/status-check
Status Check - Keycloak Operator CI	Run /./.github/actions/status-check	2025-06-09T15:31:32.4746846Z with:
Status Check - Keycloak Operator CI	Run /./.github/actions/status-check	2025-06-09T15:31:32.4747661Z   jobs: {
Status Check - Keycloak Operator CI	Run /./.github/actions/status-check	  "conditional": {
Status Check - Keycloak Operator CI	Run /./.github/actions/status-check	    "result": "success",
Status Check - Keycloak Operator CI	Run /./.github/actions/status-check	    "outputs": {
Status Check - Keycloak Operator CI	Run /./.github/actions/status-check	      "operator": "true"
Status Check - Keycloak Operator CI	Run /./.github/actions/status-check	    }
Status Check - Keycloak Operator CI	Run /./.github/actions/status-check	  },
Status Check - Keycloak Operator CI	Run /./.github/actions/status-check	  "build": {
Status Check - Keycloak Operator CI	Run /./.github/actions/status-check	    "result": "success",
Status Check - Keycloak Operator CI	Run /./.github/actions/status-check	    "outputs": {}
Status Check - Keycloak Operator CI	Run /./.github/actions/status-check	  },
Status Check - Keycloak Operator CI	Run /./.github/actions/status-check	  "test-local": {
Status Check - Keycloak Operator CI	Run /./.github/actions/status-check	    "result": "success",
Status Check - Keycloak Operator CI	Run /./.github/actions/status-check	    "outputs": {}
Status Check - Keycloak Operator CI	Run /./.github/actions/status-check	  },
Status Check - Keycloak Operator CI	Run /./.github/actions/status-check	  "test-remote": {
Status Check - Keycloak Operator CI	Run /./.github/actions/status-check	    "result": "success",
Status Check - Keycloak Operator CI	Run /./.github/actions/status-check	    "outputs": {}
Status Check - Keycloak Operator CI	Run /./.github/actions/status-check	  },
Status Check - Keycloak Operator CI	Run /./.github/actions/status-check	  "test-olm": {
Status Check - Keycloak Operator CI	Run /./.github/actions/status-check	    "result": "failure",
Status Check - Keycloak Operator CI	Run /./.github/actions/status-check	    "outputs": {}
Status Check - Keycloak Operator CI	Run /./.github/actions/status-check	  }
Status Check - Keycloak Operator CI	Run /./.github/actions/status-check	}
Status Check - Keycloak Operator CI	Run /./.github/actions/status-check	2025-06-09T15:31:32.4748567Z env:
Status Check - Keycloak Operator CI	Run /./.github/actions/status-check	2025-06-09T15:31:32.4748886Z   MAVEN_ARGS: -B -nsu -Daether.connector.http.connectionMaxTtl=25
Status Check - Keycloak Operator CI	Run /./.github/actions/status-check	2025-06-09T15:31:32.4749312Z   MINIKUBE_VERSION: v1.32.0
Status Check - Keycloak Operator CI	Run /./.github/actions/status-check	2025-06-09T15:31:32.4749606Z   KUBERNETES_VERSION: v1.27.10
Status Check - Keycloak Operator CI	Run /./.github/actions/status-check	2025-06-09T15:31:32.4749878Z   MINIKUBE_MEMORY: 4096
Status Check - Keycloak Operator CI	Run /./.github/actions/status-check	2025-06-09T15:31:32.4750109Z ##[endgroup]
Status Check - Keycloak Operator CI	Run /./.github/actions/status-check	2025-06-09T15:31:32.4944801Z ##[group]Run JOBS='{
Status Check - Keycloak Operator CI	Run /./.github/actions/status-check	2025-06-09T15:31:32.4945199Z [36;1mJOBS='{[0m
Status Check - Keycloak Operator CI	Run /./.github/actions/status-check	2025-06-09T15:31:32.4945443Z [36;1m  "conditional": {[0m
Status Check - Keycloak Operator CI	Run /./.github/actions/status-check	2025-06-09T15:31:32.4945758Z [36;1m    "result": "success",[0m
Status Check - Keycloak Operator CI	Run /./.github/actions/status-check	2025-06-09T15:31:32.4946031Z [36;1m    "outputs": {[0m
Status Check - Keycloak Operator CI	Run /./.github/actions/status-check	2025-06-09T15:31:32.4946299Z [36;1m      "operator": "true"[0m
Status Check - Keycloak Operator CI	Run /./.github/actions/status-check	2025-06-09T15:31:32.4946569Z [36;1m    }[0m
Status Check - Keycloak Operator CI	Run /./.github/actions/status-check	2025-06-09T15:31:32.4946782Z [36;1m  },[0m
Status Check - Keycloak Operator CI	Run /./.github/actions/status-check	2025-06-09T15:31:32.4946994Z [36;1m  "build": {[0m
Status Check - Keycloak Operator CI	Run /./.github/actions/status-check	2025-06-09T15:31:32.4947232Z [36;1m    "result": "success",[0m
Status Check - Keycloak Operator CI	Run /./.github/actions/status-check	2025-06-09T15:31:32.4947516Z [36;1m    "outputs": {}[0m
Status Check - Keycloak Operator CI	Run /./.github/actions/status-check	2025-06-09T15:31:32.4947764Z [36;1m  },[0m
Status Check - Keycloak Operator CI	Run /./.github/actions/status-check	2025-06-09T15:31:32.4947987Z [36;1m  "test-local": {[0m
Status Check - Keycloak Operator CI	Run /./.github/actions/status-check	2025-06-09T15:31:32.4948245Z [36;1m    "result": "success",[0m
Status Check - Keycloak Operator CI	Run /./.github/actions/status-check	2025-06-09T15:31:32.4948515Z [36;1m    "outputs": {}[0m
Status Check - Keycloak Operator CI	Run /./.github/actions/status-check	2025-06-09T15:31:32.4948765Z [36;1m  },[0m
Status Check - Keycloak Operator CI	Run /./.github/actions/status-check	2025-06-09T15:31:32.4948985Z [36;1m  "test-remote": {[0m
Status Check - Keycloak Operator CI	Run /./.github/actions/status-check	2025-06-09T15:31:32.4949248Z [36;1m    "result": "success",[0m
Status Check - Keycloak Operator CI	Run /./.github/actions/status-check	2025-06-09T15:31:32.4949512Z [36;1m    "outputs": {}[0m
Status Check - Keycloak Operator CI	Run /./.github/actions/status-check	2025-06-09T15:31:32.4949742Z [36;1m  },[0m
Status Check - Keycloak Operator CI	Run /./.github/actions/status-check	2025-06-09T15:31:32.4949959Z [36;1m  "test-olm": {[0m
Status Check - Keycloak Operator CI	Run /./.github/actions/status-check	2025-06-09T15:31:32.4950215Z [36;1m    "result": "failure",[0m
Status Check - Keycloak Operator CI	Run /./.github/actions/status-check	2025-06-09T15:31:32.4950478Z [36;1m    "outputs": {}[0m
Status Check - Keycloak Operator CI	Run /./.github/actions/status-check	2025-06-09T15:31:32.4950712Z [36;1m  }[0m
Status Check - Keycloak Operator CI	Run /./.github/actions/status-check	2025-06-09T15:31:32.4950910Z [36;1m}'[0m
Status Check - Keycloak Operator CI	Run /./.github/actions/status-check	2025-06-09T15:31:32.4951127Z [36;1m[0m
Status Check - Keycloak Operator CI	Run /./.github/actions/status-check	2025-06-09T15:31:32.4951343Z [36;1mecho "Job status:"[0m
Status Check - Keycloak Operator CI	Run /./.github/actions/status-check	2025-06-09T15:31:32.4951713Z [36;1mecho $JOBS | jq -r 'to_entries[] | " - \(.key): \(.value.result)"'[0m
Status Check - Keycloak Operator CI	Run /./.github/actions/status-check	2025-06-09T15:31:32.4952069Z [36;1m[0m
Status Check - Keycloak Operator CI	Run /./.github/actions/status-check	2025-06-09T15:31:32.4952352Z [36;1mfor i in $(echo $JOBS | jq -r 'to_entries[] | .value.result'); do[0m
Status Check - Keycloak Operator CI	Run /./.github/actions/status-check	2025-06-09T15:31:32.4952760Z [36;1m  if [ "$i" != "success" ] && [ "$i" != "skipped" ]; then[0m
Status Check - Keycloak Operator CI	Run /./.github/actions/status-check	2025-06-09T15:31:32.4953084Z [36;1m    echo ""[0m
Status Check - Keycloak Operator CI	Run /./.github/actions/status-check	2025-06-09T15:31:32.4953334Z [36;1m    echo "Status check not okay!"[0m
Status Check - Keycloak Operator CI	Run /./.github/actions/status-check	2025-06-09T15:31:32.4953618Z [36;1m    exit 1[0m
Status Check - Keycloak Operator CI	Run /./.github/actions/status-check	2025-06-09T15:31:32.4953832Z [36;1m  fi[0m
Status Check - Keycloak Operator CI	Run /./.github/actions/status-check	2025-06-09T15:31:32.4954044Z [36;1mdone[0m
Status Check - Keycloak Operator CI	Run /./.github/actions/status-check	2025-06-09T15:31:32.5119668Z shell: /usr/bin/bash --noprofile --norc -e -o pipefail {0}
Status Check - Keycloak Operator CI	Run /./.github/actions/status-check	2025-06-09T15:31:32.5120145Z env:
Status Check - Keycloak Operator CI	Run /./.github/actions/status-check	2025-06-09T15:31:32.5120488Z   MAVEN_ARGS: -B -nsu -Daether.connector.http.connectionMaxTtl=25
Status Check - Keycloak Operator CI	Run /./.github/actions/status-check	2025-06-09T15:31:32.5120873Z   MINIKUBE_VERSION: v1.32.0
Status Check - Keycloak Operator CI	Run /./.github/actions/status-check	2025-06-09T15:31:32.5121152Z   KUBERNETES_VERSION: v1.27.10
Status Check - Keycloak Operator CI	Run /./.github/actions/status-check	2025-06-09T15:31:32.5121519Z   MINIKUBE_MEMORY: 4096
Status Check - Keycloak Operator CI	Run /./.github/actions/status-check	2025-06-09T15:31:32.5121799Z ##[endgroup]
Status Check - Keycloak Operator CI	Run /./.github/actions/status-check	2025-06-09T15:31:32.5218602Z Job status:
Status Check - Keycloak Operator CI	Run /./.github/actions/status-check	2025-06-09T15:31:32.5257624Z  - conditional: success
Status Check - Keycloak Operator CI	Run /./.github/actions/status-check	2025-06-09T15:31:32.5257979Z  - build: success
Status Check - Keycloak Operator CI	Run /./.github/actions/status-check	2025-06-09T15:31:32.5258240Z  - test-local: success
Status Check - Keycloak Operator CI	Run /./.github/actions/status-check	2025-06-09T15:31:32.5258497Z  - test-remote: success
Status Check - Keycloak Operator CI	Run /./.github/actions/status-check	2025-06-09T15:31:32.5258745Z  - test-olm: failure
Status Check - Keycloak Operator CI	Run /./.github/actions/status-check	2025-06-09T15:31:32.5292465Z 
Status Check - Keycloak Operator CI	Run /./.github/actions/status-check	2025-06-09T15:31:32.5292981Z Status check not okay!
Status Check - Keycloak Operator CI	Run /./.github/actions/status-check	2025-06-09T15:31:32.5306125Z ##[error]Process completed with exit code 1.
