Admin UI E2E (5, chrome)	Run Cypress	2024-10-24T14:27:46.7415174Z ##[group]Run cypress-io/github-action@v6
Admin UI E2E (5, chrome)	Run Cypress	2024-10-24T14:27:46.7415866Z with:
Admin UI E2E (5, chrome)	Run Cypress	2024-10-24T14:27:46.7416237Z   install: false
Admin UI E2E (5, chrome)	Run Cypress	2024-10-24T14:27:46.7416651Z   browser: chrome
Admin UI E2E (5, chrome)	Run Cypress	2024-10-24T14:27:46.7417102Z   wait-on: http://localhost:8080
Admin UI E2E (5, chrome)	Run Cypress	2024-10-24T14:27:46.7417674Z   working-directory: js/apps/admin-ui
Admin UI E2E (5, chrome)	Run Cypress	2024-10-24T14:27:46.7418258Z   record: false
Admin UI E2E (5, chrome)	Run Cypress	2024-10-24T14:27:46.7418697Z   publish-summary: true
Admin UI E2E (5, chrome)	Run Cypress	2024-10-24T14:27:46.7419171Z   component: false
Admin UI E2E (5, chrome)	Run Cypress	2024-10-24T14:27:46.7419560Z env:
Admin UI E2E (5, chrome)	Run Cypress	2024-10-24T14:27:46.7420151Z   MAVEN_ARGS: -B -nsu -Daether.connector.http.connectionMaxTtl=25
Admin UI E2E (5, chrome)	Run Cypress	2024-10-24T14:27:46.7420978Z   WORKSPACE: keycloak-admin-ui
Admin UI E2E (5, chrome)	Run Cypress	2024-10-24T14:27:46.7421734Z   JAVA_HOME: /opt/hostedtoolcache/Java_Temurin-Hotspot_jdk/21.0.4-7/x64
Admin UI E2E (5, chrome)	Run Cypress	2024-10-24T14:27:46.7423051Z   JAVA_HOME_21_X64: /opt/hostedtoolcache/Java_Temurin-Hotspot_jdk/21.0.4-7/x64
Admin UI E2E (5, chrome)	Run Cypress	2024-10-24T14:27:46.7423876Z   SPLIT: 5
Admin UI E2E (5, chrome)	Run Cypress	2024-10-24T14:27:46.7424245Z   SPLIT_INDEX: 4
Admin UI E2E (5, chrome)	Run Cypress	2024-10-24T14:27:46.7424826Z   SPLIT_RANDOM_SEED: 54
Admin UI E2E (5, chrome)	Run Cypress	2024-10-24T14:27:46.7425287Z ##[endgroup]
Admin UI E2E (5, chrome)	Run Cypress	2024-10-24T14:27:46.9752805Z Skipping install because install parameter is false
Admin UI E2E (5, chrome)	Run Cypress	2024-10-24T14:27:46.9766023Z waiting on "http://localhost:8080" with timeout of 60 seconds
Admin UI E2E (5, chrome)	Run Cypress	2024-10-24T14:28:02.9021163Z It looks like this is your first time using Cypress: 13.15.0
Admin UI E2E (5, chrome)	Run Cypress	2024-10-24T14:28:02.9021622Z 
Admin UI E2E (5, chrome)	Run Cypress	2024-10-24T14:28:02.9042116Z [STARTED] Task without title.
Admin UI E2E (5, chrome)	Run Cypress	2024-10-24T14:28:04.4090405Z [SUCCESS] Task without title.
Admin UI E2E (5, chrome)	Run Cypress	2024-10-24T14:28:04.4094234Z 
Admin UI E2E (5, chrome)	Run Cypress	2024-10-24T14:28:04.4094556Z Opening Cypress...
Admin UI E2E (5, chrome)	Run Cypress	2024-10-24T14:28:05.0374181Z 
Admin UI E2E (5, chrome)	Run Cypress	2024-10-24T14:28:05.0377569Z DevTools listening on ws://127.0.0.1:40319/devtools/browser/8c96aac8-e0ae-4aa0-8dbd-d95eedef1dcc
Admin UI E2E (5, chrome)	Run Cypress	2024-10-24T14:28:05.6491396Z (node:2638) ExperimentalWarning: `--experimental-loader` may be removed in the future; instead use `register()`:
Admin UI E2E (5, chrome)	Run Cypress	2024-10-24T14:28:05.6495707Z --import 'data:text/javascript,import { register } from "node:module"; import { pathToFileURL } from "node:url"; register("file%3A///home/runner/.cache/Cypress/13.15.0/Cypress/resources/app/node_modules/ts-node/esm/transpile-only.mjs", pathToFileURL("./"));'
Admin UI E2E (5, chrome)	Run Cypress	2024-10-24T14:28:05.6499075Z (Use `node --trace-warnings ...` to show where the warning was created)
Admin UI E2E (5, chrome)	Run Cypress	2024-10-24T14:28:06.3504689Z cypress-split: there are 37 found specs
Admin UI E2E (5, chrome)	Run Cypress	2024-10-24T14:28:06.3505518Z the first 5 specs
Admin UI E2E (5, chrome)	Run Cypress	2024-10-24T14:28:06.3506792Z - 1: /home/runner/work/keycloak/keycloak/js/apps/admin-ui/cypress/e2e/user_fed_ldap_mapper_test.spec.ts
Admin UI E2E (5, chrome)	Run Cypress	2024-10-24T14:28:06.3508390Z - 2: /home/runner/work/keycloak/keycloak/js/apps/admin-ui/cypress/e2e/user_fed_ldap_test.spec.ts
Admin UI E2E (5, chrome)	Run Cypress	2024-10-24T14:28:06.3509862Z - 3: /home/runner/work/keycloak/keycloak/js/apps/admin-ui/cypress/e2e/masthead_test.spec.ts
Admin UI E2E (5, chrome)	Run Cypress	2024-10-24T14:28:06.3511343Z - 4: /home/runner/work/keycloak/keycloak/js/apps/admin-ui/cypress/e2e/partial_import_test.spec.ts
Admin UI E2E (5, chrome)	Run Cypress	2024-10-24T14:28:06.3512874Z - 5: /home/runner/work/keycloak/keycloak/js/apps/admin-ui/cypress/e2e/users_enable_disable.spec.ts
Admin UI E2E (5, chrome)	Run Cypress	2024-10-24T14:28:06.3513880Z cypress-split: chunk 5 of 5
Admin UI E2E (5, chrome)	Run Cypress	2024-10-24T14:28:06.3519797Z k  spec                                                   
Admin UI E2E (5, chrome)	Run Cypress	2024-10-24T14:28:06.3521378Z -  -------------------------------------------------------
Admin UI E2E (5, chrome)	Run Cypress	2024-10-24T14:28:06.3522199Z 1  cypress/e2e/group_test.spec.ts                         
Admin UI E2E (5, chrome)	Run Cypress	2024-10-24T14:28:06.3523060Z 2  cypress/e2e/authentication_policies.spec.ts            
Admin UI E2E (5, chrome)	Run Cypress	2024-10-24T14:28:06.3523906Z 3  cypress/e2e/realm_settings_client_policies_test.spec.ts
Admin UI E2E (5, chrome)	Run Cypress	2024-10-24T14:28:06.3524741Z 4  cypress/e2e/realm_test.spec.ts                         
Admin UI E2E (5, chrome)	Run Cypress	2024-10-24T14:28:06.3525589Z 5  cypress/e2e/user_fed_kerberos_test.spec.ts             
Admin UI E2E (5, chrome)	Run Cypress	2024-10-24T14:28:06.3526436Z 6  cypress/e2e/identity_providers_saml_test.spec.ts       
Admin UI E2E (5, chrome)	Run Cypress	2024-10-24T14:28:06.3527270Z 7  cypress/e2e/organization.spec.ts                       
Admin UI E2E (5, chrome)	Run Cypress	2024-10-24T14:28:06.3527779Z 
Admin UI E2E (5, chrome)	Run Cypress	2024-10-24T14:28:07.0365686Z 
Admin UI E2E (5, chrome)	Run Cypress	2024-10-24T14:28:07.0683622Z [90m====================================================================================================[39m
Admin UI E2E (5, chrome)	Run Cypress	2024-10-24T14:28:07.0684450Z 
Admin UI E2E (5, chrome)	Run Cypress	2024-10-24T14:28:07.0684946Z [0m  ([4m[1mRun Starting[22m[24m)[0m
Admin UI E2E (5, chrome)	Run Cypress	2024-10-24T14:28:07.0685933Z 
Admin UI E2E (5, chrome)	Run Cypress	2024-10-24T14:28:07.0789585Z [90m  ┌[39m[90m─[39m[90m─[39m[90m─[39m[90m─[39m[90m─[39m[90m─[39m[90m─[39m[90m─[39m[90m─[39m[90m─[39m[90m─[39m[90m─[39m[90m─[39m[90m─[39m[90m─[39m[90m─[39m[90m─[39m[90m─[39m[90m─[39m[90m─[39m[90m─[39m[90m─[39m[90m─[39m[90m─[39m[90m─[39m[90m─[39m[90m─[39m[90m─[39m[90m─[39m[90m─[39m[90m─[39m[90m─[39m[90m─[39m[90m─[39m[90m─[39m[90m─[39m[90m─[39m[90m─[39m[90m─[39m[90m─[39m[90m─[39m[90m─[39m[90m─[39m[90m─[39m[90m─[39m[90m─[39m[90m─[39m[90m─[39m[90m─[39m[90m─[39m[90m─[39m[90m─[39m[90m─[39m[90m─[39m[90m─[39m[90m─[39m[90m─[39m[90m─[39m[90m─[39m[90m─[39m[90m─[39m[90m─[39m[90m─[39m[90m─[39m[90m─[39m[90m─[39m[90m─[39m[90m─[39m[90m─[39m[90m─[39m[90m─[39m[90m─[39m[90m─[39m[90m─[39m[90m─[39m[90m─[39m[90m─[39m[90m─[39m[90m─[39m[90m─[39m[90m─[39m[90m─[39m[90m─[39m[90m─[39m[90m─[39m[90m─[39m[90m─[39m[90m─[39m[90m─[39m[90m─[39m[90m─[39m[90m─[39m[90m─[39m[90m─[39m[90m─[39m[90m─[39m[90m┐[39m
Admin UI E2E (5, chrome)	Run Cypress	2024-10-24T14:28:07.0797041Z [90m  │[39m [90mCypress:[39m        13.15.0                                                                        [90m│[39m
Admin UI E2E (5, chrome)	Run Cypress	2024-10-24T14:28:07.0798979Z [90m  │[39m [90mBrowser:[39m        Chrome 130 [90m(headless)[39m                                                          [90m│[39m
Admin UI E2E (5, chrome)	Run Cypress	2024-10-24T14:28:07.0801300Z [90m  │[39m [90mNode Version:[39m   [0mv20.13.1 [90m(/home/runner/runners/2.320.0/externals/node20/bin/node)[39m[0m              [90m│[39m
Admin UI E2E (5, chrome)	Run Cypress	2024-10-24T14:28:07.0803867Z [90m  │[39m [90mSpecs:[39m          [0m7 found (group_test.spec.ts, authentication_policies.spec.ts, realm_settings_c[0m [90m│[39m
Admin UI E2E (5, chrome)	Run Cypress	2024-10-24T14:28:07.0832177Z [90m  │[39m                 [0mlient_policies_test.spec.ts, realm_test.spec.ts, user_fed_kerberos_test.spec.t[0m [90m│[39m
Admin UI E2E (5, chrome)	Run Cypress	2024-10-24T14:28:07.0834102Z [90m  │[39m                 [0ms, identity_providers_saml_test.spec.ts, organization.spec.ts)[0m                 [90m│[39m
Admin UI E2E (5, chrome)	Run Cypress	2024-10-24T14:28:07.0837021Z [90m  │[39m [90mSearched:[39m       [0mcypress/e2e/group_test.spec.ts, cypress/e2e/authentication_policies.spec.ts, c[0m [90m│[39m
Admin UI E2E (5, chrome)	Run Cypress	2024-10-24T14:28:07.0839181Z [90m  │[39m                 [0mypress/e2e/realm_settings_client_policies_test.spec.ts, cypress/e2e/realm_test[0m [90m│[39m
Admin UI E2E (5, chrome)	Run Cypress	2024-10-24T14:28:07.0841120Z [90m  │[39m                 [0m.spec.ts, cypress/e2e/user_fed_kerberos_test.spec.ts, cypress/e2e/identity_pro[0m [90m│[39m
Admin UI E2E (5, chrome)	Run Cypress	2024-10-24T14:28:07.0843052Z [90m  │[39m                 [0mviders_saml_test.spec.ts, cypress/e2e/organization.spec.ts[0m                     [90m│[39m
Admin UI E2E (5, chrome)	Run Cypress	2024-10-24T14:28:07.0845041Z [90m  │[39m [90mExperiments:[39m    experimentalMemoryManagement=true                                              [90m│[39m
Admin UI E2E (5, chrome)	Run Cypress	2024-10-24T14:28:07.0854338Z [90m  └[39m[90m─[39m[90m─[39m[90m─[39m[90m─[39m[90m─[39m[90m─[39m[90m─[39m[90m─[39m[90m─[39m[90m─[39m[90m─[39m[90m─[39m[90m─[39m[90m─[39m[90m─[39m[90m─[39m[90m─[39m[90m─[39m[90m─[39m[90m─[39m[90m─[39m[90m─[39m[90m─[39m[90m─[39m[90m─[39m[90m─[39m[90m─[39m[90m─[39m[90m─[39m[90m─[39m[90m─[39m[90m─[39m[90m─[39m[90m─[39m[90m─[39m[90m─[39m[90m─[39m[90m─[39m[90m─[39m[90m─[39m[90m─[39m[90m─[39m[90m─[39m[90m─[39m[90m─[39m[90m─[39m[90m─[39m[90m─[39m[90m─[39m[90m─[39m[90m─[39m[90m─[39m[90m─[39m[90m─[39m[90m─[39m[90m─[39m[90m─[39m[90m─[39m[90m─[39m[90m─[39m[90m─[39m[90m─[39m[90m─[39m[90m─[39m[90m─[39m[90m─[39m[90m─[39m[90m─[39m[90m─[39m[90m─[39m[90m─[39m[90m─[39m[90m─[39m[90m─[39m[90m─[39m[90m─[39m[90m─[39m[90m─[39m[90m─[39m[90m─[39m[90m─[39m[90m─[39m[90m─[39m[90m─[39m[90m─[39m[90m─[39m[90m─[39m[90m─[39m[90m─[39m[90m─[39m[90m─[39m[90m─[39m[90m─[39m[90m─[39m[90m─[39m[90m─[39m[90m┘[39m
Admin UI E2E (5, chrome)	Run Cypress	2024-10-24T14:28:07.0860924Z 
Admin UI E2E (5, chrome)	Run Cypress	2024-10-24T14:28:07.0861197Z 
Admin UI E2E (5, chrome)	Run Cypress	2024-10-24T14:28:07.0870040Z [90m─[39m[90m─[39m[90m─[39m[90m─[39m[90m─[39m[90m─[39m[90m─[39m[90m─[39m[90m─[39m[90m─[39m[90m─[39m[90m─[39m[90m─[39m[90m─[39m[90m─[39m[90m─[39m[90m─[39m[90m─[39m[90m─[39m[90m─[39m[90m─[39m[90m─[39m[90m─[39m[90m─[39m[90m─[39m[90m─[39m[90m─[39m[90m─[39m[90m─[39m[90m─[39m[90m─[39m[90m─[39m[90m─[39m[90m─[39m[90m─[39m[90m─[39m[90m─[39m[90m─[39m[90m─[39m[90m─[39m[90m─[39m[90m─[39m[90m─[39m[90m─[39m[90m─[39m[90m─[39m[90m─[39m[90m─[39m[90m─[39m[90m─[39m[90m─[39m[90m─[39m[90m─[39m[90m─[39m[90m─[39m[90m─[39m[90m─[39m[90m─[39m[90m─[39m[90m─[39m[90m─[39m[90m─[39m[90m─[39m[90m─[39m[90m─[39m[90m─[39m[90m─[39m[90m─[39m[90m─[39m[90m─[39m[90m─[39m[90m─[39m[90m─[39m[90m─[39m[90m─[39m[90m─[39m[90m─[39m[90m─[39m[90m─[39m[90m─[39m[90m─[39m[90m─[39m[90m─[39m[90m─[39m[90m─[39m[90m─[39m[90m─[39m[90m─[39m[90m─[39m[90m─[39m[90m─[39m[90m─[39m[90m─[39m[90m─[39m[90m─[39m[90m─[39m[90m─[39m[90m─[39m[90m─[39m[90m─[39m
Admin UI E2E (5, chrome)	Run Cypress	2024-10-24T14:28:07.0876725Z                                                                                                     
Admin UI E2E (5, chrome)	Run Cypress	2024-10-24T14:28:07.0878043Z   Running:  [90mgroup_test.spec.ts[39m                                                              [90m(1 of 7)[39m
Admin UI E2E (5, chrome)	Run Cypress	2024-10-24T14:28:15.3216776Z 
Admin UI E2E (5, chrome)	Run Cypress	2024-10-24T14:28:15.3220625Z [0m[0m
Admin UI E2E (5, chrome)	Run Cypress	2024-10-24T14:28:15.3368589Z [0m  Group test[0m
Admin UI E2E (5, chrome)	Run Cypress	2024-10-24T14:28:16.6837369Z [0m    List[0m
Admin UI E2E (5, chrome)	Run Cypress	2024-10-24T14:28:26.3237872Z     [32m  ✓[0m[90m Create group from empty option[0m[90m (10926ms)[0m
Admin UI E2E (5, chrome)	Run Cypress	2024-10-24T14:28:30.5602951Z     [32m  ✓[0m[90m Create group from search bar[0m[90m (4154ms)[0m
Admin UI E2E (5, chrome)	Run Cypress	2024-10-24T14:28:32.5053526Z     [32m  ✓[0m[90m Fail to create group with empty name[0m[90m (1913ms)[0m
Admin UI E2E (5, chrome)	Run Cypress	2024-10-24T14:28:36.5546694Z     [32m  ✓[0m[90m Fail to create group with duplicated name[0m[90m (4016ms)[0m
Admin UI E2E (5, chrome)	Run Cypress	2024-10-24T14:28:38.5056332Z     [32m  ✓[0m[90m Empty search[0m[90m (1917ms)[0m
Admin UI E2E (5, chrome)	Run Cypress	2024-10-24T14:28:41.0058485Z     [32m  ✓[0m[90m Search group that exists[0m[90m (2468ms)[0m
Admin UI E2E (5, chrome)	Run Cypress	2024-10-24T14:28:44.4556521Z     [32m  ✓[0m[90m Search group that does not exists[0m[90m (3357ms)[0m
Admin UI E2E (5, chrome)	Run Cypress	2024-10-24T14:29:17.4958603Z       [33m(Attempt 1 of 4)[0m Duplicate group
Admin UI E2E (5, chrome)	Run Cypress	2024-10-24T14:29:50.1736605Z       [33m(Attempt 2 of 4)[0m Duplicate group
Admin UI E2E (5, chrome)	Run Cypress	2024-10-24T14:30:22.9543952Z       [33m(Attempt 3 of 4)[0m Duplicate group
Admin UI E2E (5, chrome)	Run Cypress	2024-10-24T14:30:56.0215152Z     [31m  1) Duplicate group[0m
Admin UI E2E (5, chrome)	Run Cypress	2024-10-24T14:30:59.8440219Z     [32m  ✓[0m[90m Delete group from item bar[0m[90m (3700ms)[0m
Admin UI E2E (5, chrome)	Run Cypress	2024-10-24T14:31:02.5959994Z     [32m  ✓[0m[90m Delete group from search bar[0m[90m (2714ms)[0m
Admin UI E2E (5, chrome)	Run Cypress	2024-10-24T14:31:05.6153137Z     [32m  ✓[0m[90m Delete groups from search bar[0m[90m (2977ms)[0m
Admin UI E2E (5, chrome)	Run Cypress	2024-10-24T14:31:05.6250837Z [0m    Search group under current group[0m
Admin UI E2E (5, chrome)	Run Cypress	2024-10-24T14:31:08.1444368Z     [32m  ✓[0m[90m Search child group in group[0m[90m (2488ms)[0m
Admin UI E2E (5, chrome)	Run Cypress	2024-10-24T14:31:10.2332504Z     [32m  ✓[0m[90m Search non existing child group in group[0m[90m (2056ms)[0m
Admin UI E2E (5, chrome)	Run Cypress	2024-10-24T14:31:12.0080735Z     [32m  ✓[0m[90m Empty search in group[0m[90m (1731ms)[0m
Admin UI E2E (5, chrome)	Run Cypress	2024-10-24T14:31:12.0174415Z [0m    Group Actions[0m
Admin UI E2E (5, chrome)	Run Cypress	2024-10-24T14:31:14.7889501Z     [32m  ✓[0m[90m Rename group[0m[90m (2749ms)[0m
Admin UI E2E (5, chrome)	Run Cypress	2024-10-24T14:31:16.5776467Z     [32m  ✓[0m[90m Delete group from group details[0m[90m (1751ms)[0m
Admin UI E2E (5, chrome)	Run Cypress	2024-10-24T14:31:16.5914606Z [0m      Search globally[0m
Admin UI E2E (5, chrome)	Run Cypress	2024-10-24T14:31:18.4705556Z       [32m  ✓[0m[90m Navigate to parent group details[0m[90m (1685ms)[0m
Admin UI E2E (5, chrome)	Run Cypress	2024-10-24T14:31:18.4852184Z [0m    Child Groups[0m
Admin UI E2E (5, chrome)	Run Cypress	2024-10-24T14:31:20.1051288Z     [32m  ✓[0m[90m Check empty state[0m[90m (1599ms)[0m
Admin UI E2E (5, chrome)	Run Cypress	2024-10-24T14:31:21.9655019Z     [32m  ✓[0m[90m Create group from empty state[0m[90m (1821ms)[0m
Admin UI E2E (5, chrome)	Run Cypress	2024-10-24T14:31:23.8369275Z     [32m  ✓[0m[90m Create group from search bar[0m[90m (1845ms)[0m
Admin UI E2E (5, chrome)	Run Cypress	2024-10-24T14:31:25.6032532Z     [32m  ✓[0m[90m Fail to create group with empty name[0m[90m (1730ms)[0m
Admin UI E2E (5, chrome)	Run Cypress	2024-10-24T14:31:25.6619351Z     [36m  - Fail to create group with duplicated name[0m
Admin UI E2E (5, chrome)	Run Cypress	2024-10-24T14:31:27.6966994Z     [32m  ✓[0m[90m Move group from item bar[0m[90m (2061ms)[0m
Admin UI E2E (5, chrome)	Run Cypress	2024-10-24T14:31:29.5661700Z     [32m  ✓[0m[90m Search group[0m[90m (1816ms)[0m
Admin UI E2E (5, chrome)	Run Cypress	2024-10-24T14:31:31.2320529Z     [32m  ✓[0m[90m Show child group in groups[0m[90m (1618ms)[0m
Admin UI E2E (5, chrome)	Run Cypress	2024-10-24T14:31:33.2019355Z     [32m  ✓[0m[90m Delete group from search bar[0m[90m (1919ms)[0m
Admin UI E2E (5, chrome)	Run Cypress	2024-10-24T14:31:35.1390970Z     [32m  ✓[0m[90m Delete group from item bar[0m[90m (1739ms)[0m
Admin UI E2E (5, chrome)	Run Cypress	2024-10-24T14:31:35.1473013Z [0m    Members[0m
Admin UI E2E (5, chrome)	Run Cypress	2024-10-24T14:31:37.7234377Z     [32m  ✓[0m[90m Add member from search bar[0m[90m (2546ms)[0m
Admin UI E2E (5, chrome)	Run Cypress	2024-10-24T14:31:40.0357425Z     [32m  ✓[0m[90m Show members with sub-group users[0m[90m (2257ms)[0m
Admin UI E2E (5, chrome)	Run Cypress	2024-10-24T14:31:42.3357479Z     [32m  ✓[0m[90m Add member from empty state[0m[90m (2266ms)[0m
Admin UI E2E (5, chrome)	Run Cypress	2024-10-24T14:31:44.6789038Z     [32m  ✓[0m[90m Leave group from search bar[0m[90m (2295ms)[0m
Admin UI E2E (5, chrome)	Run Cypress	2024-10-24T14:31:46.9529303Z     [32m  ✓[0m[90m Leave group from item bar[0m[90m (2017ms)[0m
Admin UI E2E (5, chrome)	Run Cypress	2024-10-24T14:31:46.9599546Z [0m    Breadcrumbs[0m
Admin UI E2E (5, chrome)	Run Cypress	2024-10-24T14:31:50.0864330Z     [32m  ✓[0m[90m Navigate to parent group[0m[90m (3087ms)[0m
Admin UI E2E (5, chrome)	Run Cypress	2024-10-24T14:31:50.1006239Z [0m    Attributes[0m
Admin UI E2E (5, chrome)	Run Cypress	2024-10-24T14:31:53.4170866Z     [32m  ✓[0m[90m Add attribute[0m[90m (3269ms)[0m
Admin UI E2E (5, chrome)	Run Cypress	2024-10-24T14:31:55.2265274Z     [32m  ✓[0m[90m Remove attribute[0m[90m (1767ms)[0m
Admin UI E2E (5, chrome)	Run Cypress	2024-10-24T14:31:59.8865010Z     [32m  ✓[0m[90m Revert changes[0m[90m (4567ms)[0m
Admin UI E2E (5, chrome)	Run Cypress	2024-10-24T14:31:59.9033228Z [0m    'Move to' function[0m
Admin UI E2E (5, chrome)	Run Cypress	2024-10-24T14:32:01.8960438Z     [32m  ✓[0m[90m Move group to other group[0m[90m (1971ms)[0m
Admin UI E2E (5, chrome)	Run Cypress	2024-10-24T14:32:03.8518365Z     [32m  ✓[0m[90m Move group to root[0m[90m (1911ms)[0m
Admin UI E2E (5, chrome)	Run Cypress	2024-10-24T14:32:03.8637331Z [0m    Role mappings[0m
Admin UI E2E (5, chrome)	Run Cypress	2024-10-24T14:32:05.3522255Z     [32m  ✓[0m[90m Check empty state[0m[90m (1465ms)[0m
Admin UI E2E (5, chrome)	Run Cypress	2024-10-24T14:32:07.5461079Z     [32m  ✓[0m[90m Assign roles from empty state[0m[90m (2142ms)[0m
Admin UI E2E (5, chrome)	Run Cypress	2024-10-24T14:32:09.1720783Z     [32m  ✓[0m[90m Show and search roles[0m[90m (1591ms)[0m
Admin UI E2E (5, chrome)	Run Cypress	2024-10-24T14:32:10.8174896Z     [32m  ✓[0m[90m Check hide inherited roles option[0m[90m (1607ms)[0m
Admin UI E2E (5, chrome)	Run Cypress	2024-10-24T14:32:12.6047984Z     [32m  ✓[0m[90m Remove roles[0m[90m (1723ms)[0m
Admin UI E2E (5, chrome)	Run Cypress	2024-10-24T14:32:12.6170593Z [0m    Permissions[0m
Admin UI E2E (5, chrome)	Run Cypress	2024-10-24T14:32:14.4180446Z     [32m  ✓[0m[90m enable/disable permissions[0m[90m (1771ms)[0m
Admin UI E2E (5, chrome)	Run Cypress	2024-10-24T14:32:14.4298764Z [0m    Accessibility tests for groups[0m
Admin UI E2E (5, chrome)	Run Cypress	2024-10-24T14:32:18.1057897Z     [32m  ✓[0m[90m Check a11y violations on load/ groups[0m[90m (3057ms)[0m
Admin UI E2E (5, chrome)	Run Cypress	2024-10-24T14:32:18.1059000Z 
Admin UI E2E (5, chrome)	Run Cypress	2024-10-24T14:32:18.1442212Z 
Admin UI E2E (5, chrome)	Run Cypress	2024-10-24T14:32:18.1503281Z [92m [0m[32m 43 passing[0m[90m (4m)[0m
Admin UI E2E (5, chrome)	Run Cypress	2024-10-24T14:32:18.1504038Z [36m [0m[36m 1 pending[0m
Admin UI E2E (5, chrome)	Run Cypress	2024-10-24T14:32:18.1504572Z [31m  1 failing[0m
Admin UI E2E (5, chrome)	Run Cypress	2024-10-24T14:32:18.1504843Z 
Admin UI E2E (5, chrome)	Run Cypress	2024-10-24T14:32:18.1505581Z [0m  1) Group test
Admin UI E2E (5, chrome)	Run Cypress	2024-10-24T14:32:18.1505981Z        List
Admin UI E2E (5, chrome)	Run Cypress	2024-10-24T14:32:18.1506359Z          Duplicate group:
Admin UI E2E (5, chrome)	Run Cypress	2024-10-24T14:32:18.1507719Z [0m[31m     AssertionError: Timed out retrying after 30000ms: Unable to find an element by: [data-testid="last-alert"]
Admin UI E2E (5, chrome)	Run Cypress	2024-10-24T14:32:18.1508645Z 
Admin UI E2E (5, chrome)	Run Cypress	2024-10-24T14:32:18.1508918Z Ignored nodes: comments, script, style
Admin UI E2E (5, chrome)	Run Cypress	2024-10-24T14:32:18.1509458Z <html
Admin UI E2E (5, chrome)	Run Cypress	2024-10-24T14:32:18.1509780Z   lang="en"
Admin UI E2E (5, chrome)	Run Cypress	2024-10-24T14:32:18.1510121Z >
Admin UI E2E (5, chrome)	Run Cypress	2024-10-24T14:32:18.1510432Z   <head>
Admin UI E2E (5, chrome)	Run Cypress	2024-10-24T14:32:18.1510756Z      
Admin UI E2E (5, chrome)	Run Cypress	2024-10-24T14:32:18.1511068Z     
Admin UI E2E (5, chrome)	Run Cypress	2024-10-24T14:32:18.1511364Z     
Admin UI E2E (5, chrome)	Run Cypress	2024-10-24T14:32:18.1511670Z     <meta
Admin UI E2E (5, chrome)	Run Cypress	2024-10-24T14:32:18.1512064Z       charset="utf-8"
Admin UI E2E (5, chrome)	Run Cypress	2024-10-24T14:32:18.1512457Z     />
Admin UI E2E (5, chrome)	Run Cypress	2024-10-24T14:32:18.1512763Z     
Admin UI E2E (5, chrome)	Run Cypress	2024-10-24T14:32:18.1513061Z     
Admin UI E2E (5, chrome)	Run Cypress	2024-10-24T14:32:18.1513378Z     <base
Admin UI E2E (5, chrome)	Run Cypress	2024-10-24T14:32:18.1513836Z       href="/resources/y81mj/admin/keycloak.v2/"
Admin UI E2E (5, chrome)	Run Cypress	2024-10-24T14:32:18.1514396Z     />
Admin UI E2E (5, chrome)	Run Cypress	2024-10-24T14:32:18.1514881Z     
Admin UI E2E (5, chrome)	Run Cypress	2024-10-24T14:32:18.1515624Z     
Admin UI E2E (5, chrome)	Run Cypress	2024-10-24T14:32:18.1516043Z     <link
Admin UI E2E (5, chrome)	Run Cypress	2024-10-24T14:32:18.1516665Z       href="/resources/y81mj/admin/keycloak.v2/favicon.svg"
Admin UI E2E (5, chrome)	Run Cypress	2024-10-24T14:32:18.1517391Z       rel="icon"
Admin UI E2E (5, chrome)	Run Cypress	2024-10-24T14:32:18.1517862Z       type="image/svg+xml"
Admin UI E2E (5, chrome)	Run Cypress	2024-10-24T14:32:18.1518374Z     />
Admin UI E2E (5, chrome)	Run Cypress	2024-10-24T14:32:18.1518764Z     
Admin UI E2E (5, chrome)	Run Cypress	2024-10-24T14:32:18.1519150Z     
Admin UI E2E (5, chrome)	Run Cypress	2024-10-24T14:32:18.1519562Z     <meta
Admin UI E2E (5, chrome)	Run Cypress	2024-10-24T14:32:18.1520213Z       content="width=device-width, initial-scale=1"
Admin UI E2E (5, chrome)	Run Cypress	2024-10-24T14:32:18.1520903Z       name="viewport"
Admin UI E2E (5, chrome)	Run Cypress	2024-10-24T14:32:18.1521387Z     />
Admin UI E2E (5, chrome)	Run Cypress	2024-10-24T14:32:18.1521777Z     
Admin UI E2E (5, chrome)	Run Cypress	2024-10-24T14:32:18.1522163Z     
Admin UI E2E (5, chrome)	Run Cypress	2024-10-24T14:32:18.1522565Z     <meta
Admin UI E2E (5, chrome)	Run Cypress	2024-10-24T14:32:18.1523019Z       content="light dark"
Admin UI E2E (5, chrome)	Run Cypress	2024-10-24T14:32:18.1523620Z       name="color-scheme"
Admin UI E2E (5, chrome)	Run Cypress	2024-10-24T14:32:18.1524124Z     />
Admin UI E2E (5, chrome)	Run Cypress	2024-10-24T14:32:18.1524520Z     
Admin UI E2E (5, chrome)	Run Cypress	2024-10-24T14:32:18.1524908Z     
Admin UI E2E (5, chrome)	Run Cypress	2024-10-24T14:32:18.1525317Z     <meta
Admin UI E2E (5, chrome)	Run Cypress	2024-10-24T14:32:18.1526406Z       content="The Keycloak Administration Console is a web-based interface for managing Keycloak."
Admin UI E2E (5, chrome)	Run Cypress	2024-10-24T14:32:18.1527549Z       name="description"
Admin UI E2E (5, chrome)	Run Cypress	2024-10-24T14:32:18.1528097Z     />
Admin UI E2E (5, chrome)	Run Cypress	2024-10-24T14:32:18.1528528Z     
Admin UI E2E (5, chrome)	Run Cypress	2024-10-24T14:32:18.1528966Z     
Admin UI E2E (5, chrome)	Run Cypress	2024-10-24T14:32:18.1529394Z     <title>
Admin UI E2E (5, chrome)	Run Cypress	2024-10-24T14:32:18.1529949Z       Keycloak Administration Console
Admin UI E2E (5, chrome)	Run Cypress	2024-10-24T14:32:18.1530600Z     </title>
Admin UI E2E (5, chrome)	Run Cypress	2024-10-24T14:32:18.1531060Z     
Admin UI E2E (5, chrome)	Run Cypress	2024-10-24T14:32:18.1531482Z     
Admin UI E2E (5, chrome)	Run Cypress	2024-10-24T14:32:18.1531916Z     
Admin UI E2E (5, chrome)	Run Cypress	2024-10-24T14:32:18.1532342Z     
Admin UI E2E (5, chrome)	Run Cypress	2024-10-24T14:32:18.1532771Z     
Admin UI E2E (5, chrome)	Run Cypress	2024-10-24T14:32:18.1533201Z       
Admin UI E2E (5, chrome)	Run Cypress	2024-10-24T14:32:18.1533635Z     
Admin UI E2E (5, chrome)	Run Cypress	2024-10-24T14:32:18.1534053Z         
Admin UI E2E (5, chrome)	Run Cypress	2024-10-24T14:32:18.1534500Z     <link
Admin UI E2E (5, chrome)	Run Cypress	2024-10-24T14:32:18.1535389Z       href="/resources/y81mj/admin/keycloak.v2/assets/main-CeCQZ8Bo.css"
Admin UI E2E (5, chrome)	Run Cypress	2024-10-24T14:32:18.1536295Z       rel="stylesheet"
Admin UI E2E (5, chrome)	Run Cypress	2024-10-24T14:32:18.1536813Z     />
Admin UI E2E (5, chrome)	Run Cypress	2024-10-24T14:32:18.1537247Z     
Admin UI E2E (5, chrome)	Run Cypress	2024-10-24T14:32:18.1537659Z       
Admin UI E2E (5, chrome)	Run Cypress	2024-10-24T14:32:18.1538145Z     
Admin UI E2E (5, chrome)	Run Cypress	2024-10-24T14:32:18.1540073Z   
Admin UI E2E (5, chrome)	Run Cypress	2024-10-24T14:32:18.1540425Z     <link
Admin UI E2E (5, chrome)	Run Cypress	2024-10-24T14:32:18.1540834Z       crossorigin=""
Admin UI E2E (5, chrome)	Run Cypress	2024-10-24T14:32:18.1542417Z       href="http://localhost:8080/resources/y81mj/admin/keycloak.v2/assets/CodeEditor-vnn8gnex.css"
Admin UI E2E (5, chrome)	Run Cypress	2024-10-24T14:32:18.1543483Z       rel="stylesheet"
Admin UI E2E (5, chrome)	Run Cypress	2024-10-24T14:32:18.1543910Z     />
Admin UI E2E (5, chrome)	Run Cypress	2024-10-24T14:32:18.1544260Z     <link
Admin UI E2E (5, chrome)	Run Cypress	2024-10-24T14:32:18.1544642Z       crossorigin=""
Admin UI E2E (5, chrome)	Run Cypress	2024-10-24T14:32:18.1545807Z       href="http://localhost:8080/resources/y81mj/admin/keycloak.v2/assets/DataListItemRow-ErUDIcn_.css"
Admin UI E2E (5, chrome)	Run Cypress	2024-10-24T14:32:18.1546846Z       rel="stylesheet"
Admin UI E2E (5, chrome)	Run Cypress	2024-10-24T14:32:18.1547288Z     />
Admin UI E2E (5, chrome)	Run Cypress	2024-10-24T14:32:18.1547621Z     <link
Admin UI E2E (5, chrome)	Run Cypress	2024-10-24T14:32:18.1547979Z       crossorigin=""
Admin UI E2E (5, chrome)	Run Cypress	2024-10-24T14:32:18.1549138Z       href="http://localhost:8080/resources/y81mj/admin/keycloak.v2/assets/GroupPickerDialog-Dl_Lyzxi.css"
Admin UI E2E (5, chrome)	Run Cypress	2024-10-24T14:32:18.1550216Z       rel="stylesheet"
Admin UI E2E (5, chrome)	Run Cypress	2024-10-24T14:32:18.1550645Z     />
Admin UI E2E (5, chrome)	Run Cypress	2024-10-24T14:32:18.1550987Z     <link
Admin UI E2E (5, chrome)	Run Cypress	2024-10-24T14:32:18.1551354Z       crossorigin=""
Admin UI E2E (5, chrome)	Run Cypress	2024-10-24T14:32:18.1552433Z       href="http://localhost:8080/resources/y81mj/admin/keycloak.v2/assets/KeySelect-BJe01BGx.css"
Admin UI E2E (5, chrome)	Run Cypress	2024-10-24T14:32:18.1553731Z       rel="stylesheet"
Admin UI E2E (5, chrome)	Run Cypress	2024-10-24T14:32:18.1554155Z     />
Admin UI E2E (5, chrome)	Run Cypress	2024-10-24T14:32:18.1554499Z     <link
Admin UI E2E (5, chrome)	Run Cypress	2024-10-24T14:32:18.1554863Z       crossorigin=""
Admin UI E2E (5, chrome)	Run Cypress	2024-10-24T14:32:18.1556043Z       href="http://localhost:8080/resources/y81mj/admin/keycloak.v2/assets/AddRoleMappingModal-Cz6tDcfR.css"
Admin UI E2E (5, chrome)	Run Cypress	2024-10-24T14:32:18.1557112Z       rel="stylesheet"
Admin UI E2E (5, chrome)	Run Cypress	2024-10-24T14:32:18.1557521Z     />
Admin UI E2E (5, chrome)	Run Cypress	2024-10-24T14:32:18.1557859Z     <link
Admin UI E2E (5, chrome)	Run Cypress	2024-10-24T14:32:18.1558234Z       crossorigin=""
Admin UI E2E (5, chrome)	Run Cypress	2024-10-24T14:32:18.1559339Z       href="http://localhost:8080/resources/y81mj/admin/keycloak.v2/assets/ViewHeader-BI0nMf5o.css"
Admin UI E2E (5, chrome)	Run Cypress	2024-10-24T14:32:18.1560327Z       rel="stylesheet"
Admin UI E2E (5, chrome)	Run Cypress	2024-10-24T14:32:18.1560726Z     />
Admin UI E2E (5, chrome)	Run Cypress	2024-10-24T14:32:18.1561081Z     <link
Admin UI E2E (5, chrome)	Run Cypress	2024-10-24T14:32:18.1561444Z       crossorigin=""
Admin UI E2E (5, chrome)	Run Cypress	2024-10-24T14:32:18.1562599Z       href="http://localhost:8080/resources/y81mj/admin/keycloak.v2/assets/DynamicComponents-DniN0CZn.css"
Admin UI E2E (5, chrome)	Run Cypress	2024-10-24T14:32:18.1563950Z       rel="stylesheet"
Admin UI E2E (5, chrome)	Run Cypress	2024-10-24T14:32:18.1564359Z     />
Admin UI E2E (5, chrome)	Run Cypress	2024-10-24T14:32:18.1564709Z     <link
Admin UI E2E (5, chrome)	Run Cypress	2024-10-24T14:32:18.1565051Z       crossorigin=""
Admin UI E2E (5, chrome)	Run Cypress	2024-10-24T14:32:18.1566088Z       href="http://localhost:8080/resources/y81mj/admin/keycloak.v2/assets/Tabs-ViNVmBYo.css"
Admin UI E2E (5, chrome)	Run Cypress	2024-10-24T14:32:18.1567035Z       rel="stylesheet"
Admin UI E2E (5, chrome)	Run Cypress	2024-10-24T14:32:18.1567457Z     />
Admin UI E2E (5, chrome)	Run Cypress	2024-10-24T14:32:18.1567785Z     <link
Admin UI E2E (5, chrome)	Run Cypress	2024-10-24T14:32:18.1568152Z       crossorigin=""
Admin UI E2E (5, chrome)	Run Cypress	2024-10-24T14:32:18.1569282Z       href="http://localhost:8080/resources/y81mj/admin/keycloak.v2/assets/ExpandableSection-Bbwii8N8.css"
Admin UI E2E (5, chrome)	Run Cypress	2024-10-24T14:32:18.1570340Z       rel="stylesheet"
Admin UI E2E (5, chrome)	Run Cypress	2024-10-24T14:32:18.1570734Z     />
Admin UI E2E (5, chrome)	Run Cypress	2024-10-24T14:32:18.1571086Z     <link
Admin UI E2E (5, chrome)	Run Cypress	2024-10-24T14:32:18.1571455Z       crossorigin=""
Admin UI E2E (5, chrome)	Run Cypress	2024-10-24T14:32:18.1572645Z       href="http://localhost:8080/resources/y81mj/admin/keycloak.v2/assets/DescriptionListTerm-CMEvVsGb.css"
Admin UI E2E (5, chrome)	Run Cypress	2024-10-24T14:32:18.1573707Z       rel="stylesheet"
Admin UI E2E (5, chrome)	Run Cypress	2024-10-24T14:32:18.1574125Z     />
Admin UI E2E (5, chrome)	Run Cypress	2024-10-24T14:32:18.1574464Z     <link
Admin UI E2E (5, chrome)	Run Cypress	2024-10-24T14:32:18.1574813Z       crossorigin=""
Admin UI E2E (5, chrome)	Run Cypress	2024-10-24T14:32:18.1575879Z       href="http://localhost:8080/resources/y81mj/admin/keycloak.v2/assets/ListItem-BuW0A1Nj.css"
Admin UI E2E (5, chrome)	Run Cypress	2024-10-24T14:32:18.1576861Z       rel="stylesheet"
Admin UI E2E (5, chrome)	Run Cypress	2024-10-24T14:32:18.1577264Z     />
Admin UI E2E (5, chrome)	Run Cypress	2024-10-24T14:32:18.1577592Z     <link
Admin UI E2E (5, chrome)	Run Cypress	2024-10-24T14:32:18.1577963Z       crossorigin=""
Admin UI E2E (5, chrome)	Run Cypress	2024-10-24T14:32:18.1578996Z       href="http://localhost:8080/resources/y81mj/admin/keycloak.v2/assets/Dashboard-Dgi8OJVs.css"
Admin UI E2E (5, chrome)	Run Cypress	2024-10-24T14:32:18.1579922Z       rel="stylesheet"
Admin UI E2E (5, chrome)	Run Cypress	2024-10-24T14:32:18.1580321Z     />
Admin UI E2E (5, chrome)	Run Cypress	2024-10-24T14:32:18.1580658Z     <link
Admin UI E2E (5, chrome)	Run Cypress	2024-10-24T14:32:18.1581048Z       crossorigin=""
Admin UI E2E (5, chrome)	Run Cypress	2024-10-24T14:32:18.1582350Z       href="http://localhost:8080/resources/y81mj/admin/keycloak.v2/assets/PermissionTab-CIKqlXCr.css"
Admin UI E2E (5, chrome)	Run Cypress	2024-10-24T14:32:18.1583340Z       rel="stylesheet"
Admin UI E2E (5, chrome)	Run Cypress	2024-10-24T14:32:18.1583760Z     />
Admin UI E2E (5, chrome)	Run Cypress	2024-10-24T14:32:18.1584084Z     <link
Admin UI E2E (5, chrome)	Run Cypress	2024-10-24T14:32:18.1584460Z       crossorigin=""
Admin UI E2E (5, chrome)	Run Cypress	2024-10-24T14:32:18.1585597Z       href="http://localhost:8080/resources/y81mj/admin/keycloak.v2/assets/FormAccess-4tXuk6l1.css"
Admin UI E2E (5, chrome)	Run Cypress	2024-10-24T14:32:18.1586622Z       rel="stylesheet"
Admin UI E2E (5, chrome)	Run Cypress	2024-10-24T14:32:18.1587046Z     />
Admin UI E2E (5, chrome)	Run Cypress	2024-10-24T14:32:18.1587384Z     <link
Admin UI E2E (5, chrome)	Run Cypress	2024-10-24T14:32:18.1587753Z       crossorigin=""
Admin UI E2E (5, chrome)	Run Cypress	2024-10-24T14:32:18.1588871Z       href="http://localhost:8080/resources/y81mj/admin/keycloak.v2/assets/GroupsSection-BSwQNPix.css"
Admin UI E2E (5, chrome)	Run Cypress	2024-10-24T14:32:18.1589921Z       rel="stylesheet"
Admin UI E2E (5, chrome)	Run Cypress	2024-10-24T14:32:18.1590329Z     />
Admin UI E2E (5, chrome)	Run Cypress	2024-10-24T14:32:18.1590671Z   </head>
Admin UI E2E (5, chrome)	Run Cypress	2024-10-24T14:32:18.1591012Z   
Admin UI E2E (5, chrome)	Run Cypress	2024-10-24T14:32:18.1591329Z   
Admin UI E2E (5, chrome)	Run Cypress	2024-10-24T14:32:18.1591656Z   <body
Admin UI E2E (5, chrome)	Run Cypress	2024-10-24T14:32:18.1592154Z     class="pf-v5-c-backdrop__open"
Admin UI E2E (5, chrome)	Run Cypress	2024-10-24T14:32:18.1592666Z   >
Admin UI E2E (5, chrome)	Run Cypress	2024-10-24T14:32:18.1592992Z     
Admin UI E2E (5, chrome)	Run Cypress	2024-10-24T14:32:18.1593310Z     
Admin UI E2E (5, chrome)	Run Cypress	2024-10-24T14:32:18.1593641Z     <div
Admin UI E2E (5, chrome)	Run Cypress	2024-10-24T14:32:18.1594066Z       aria-hidden="true"
Admin UI E2E (5, chrome)	Run Cypress	2024-10-24T14:32:18.1594503Z       id="app"
Admin UI E2E (5, chrome)	Run Cypress	2024-10-24T14:32:18.1594939Z     >
Admin UI E2E (5, chrome)	Run Cypress	2024-10-24T14:32:18.1595282Z       <div
Admin UI E2E (5, chrome)	Run Cypress	2024-10-24T14:32:18.1596184Z         class="pf-v5-c-banner pf-m-gold pf-m-sticky"
Admin UI E2E (5, chrome)	Run Cypress	2024-10-24T14:32:18.1596801Z       >
Admin UI E2E (5, chrome)	Run Cypress	2024-10-24T14:32:18.1597146Z         <span
Admin UI E2E (5, chrome)	Run Cypress	2024-10-24T14:32:18.1597666Z           class="pf-v5-screen-reader"
Admin UI E2E (5, chrome)	Run Cypress	2024-10-24T14:32:18.1598185Z         >
Admin UI E2E (5, chrome)	Run Cypress	2024-10-24T14:32:18.1599346Z           You are logged in as a temporary admin user. To harden security, create a permanent admin account and delete the temporary one.
Admin UI E2E (5, chrome)	Run Cypress	2024-10-24T14:32:18.1600548Z         </span>
Admin UI E2E (5, chrome)	Run Cypress	2024-10-24T14:32:18.1600962Z         <div
Admin UI E2E (5, chrome)	Run Cypress	2024-10-24T14:32:18.1601771Z           class="pf-v5-l-flex pf-m-space-items-sm pf-m-wrap"
Admin UI E2E (5, chrome)	Run Cypress	2024-10-24T14:32:18.1602514Z         >
Admin UI E2E (5, chrome)	Run Cypress	2024-10-24T14:32:18.1602922Z           <div
Admin UI E2E (5, chrome)	Run Cypress	2024-10-24T14:32:18.1603341Z             class=""
Admin UI E2E (5, chrome)	Run Cypress	2024-10-24T14:32:18.1603932Z             style="white-space: normal;"
Admin UI E2E (5, chrome)	Run Cypress	2024-10-24T14:32:18.1604501Z           >
Admin UI E2E (5, chrome)	Run Cypress	2024-10-24T14:32:18.1604858Z             <svg
Admin UI E2E (5, chrome)	Run Cypress	2024-10-24T14:32:18.1605388Z               aria-hidden="true"
Admin UI E2E (5, chrome)	Run Cypress	2024-10-24T14:32:18.1605993Z               class="pf-v5-svg"
Admin UI E2E (5, chrome)	Run Cypress	2024-10-24T14:32:18.1606778Z               fill="currentColor"
Admin UI E2E (5, chrome)	Run Cypress	2024-10-24T14:32:18.1607290Z               height="1em"
Admin UI E2E (5, chrome)	Run Cypress	2024-10-24T14:32:18.1607759Z               role="img"
Admin UI E2E (5, chrome)	Run Cypress	2024-10-24T14:32:18.1608344Z               style="margin-right: 0.3rem;"
Admin UI E2E (5, chrome)	Run Cypress	2024-10-24T14:32:18.1608985Z               viewBox="0 0 576 512"
Admin UI E2E (5, chrome)	Run Cypress	2024-10-24T14:32:18.1609483Z               width="1em"
Admin UI E2E (5, chrome)	Run Cypress	2024-10-24T14:32:18.1609926Z             >
Admin UI E2E (5, chrome)	Run Cypress	2024-10-24T14:32:18.1610317Z               <path
Admin UI E2E (5, chrome)	Run Cypress	2024-10-24T14:32:18.1614501Z                 d="M569.517 440.013C587.975 472.007 564.806 512 527.94 512H48.054c-36.937 0-59.999-40.055-41.577-71.987L246.423 23.985c18.467-32.009 64.72-31.951 83.154 0l239.94 416.028zM288 354c-25.405 0-46 20.595-46 46s20.595 46 46 46 46-20.595 46-46-20.595-46-46-46zm-43.673-165.346l7.418 136c.347 6.364 5.609 11.346 11.982 11.346h48.546c6.373 0 11.635-4.982 11.982-11.346l7.418-136c.375-6.874-5.098-12.654-11.982-12.654h-63.383c-6.884 0-12.356 5.78-11.981 12.654z"
Admin UI E2E (5, chrome)	Run Cypress	2024-10-24T14:32:18.1617853Z               />
Admin UI E2E (5, chrome)	Run Cypress	2024-10-24T14:32:18.1618273Z             </svg>
Admin UI E2E (5, chrome)	Run Cypress	2024-10-24T14:32:18.1619534Z             You are logged in as a temporary admin user. To harden security, create a permanent admin account and delete the temporary one.
Admin UI E2E (5, chrome)	Run Cypress	2024-10-24T14:32:18.1620779Z           </div>
Admin UI E2E (5, chrome)	Run Cypress	2024-10-24T14:32:18.1621199Z         </div>
Admin UI E2E (5, chrome)	Run Cypress	2024-10-24T14:32:18.1621558Z       </div>
Admin UI E2E (5, chrome)	Run Cypress	2024-10-24T14:32:18.1622090Z       <div
Admin UI E2E (5, chrome)	Run Cypress	2024-10-24T14:32:18.1623069Z         class="pf-v5-c-page pf-m-resize-observer pf-m-breakpoint-2xl pf-m-height-breakpoint-2xl"
Admin UI E2E (5, chrome)	Run Cypress	2024-10-24T14:32:18.1624011Z       >
Admin UI E2E (5, chrome)	Run Cypress	2024-10-24T14:32:18.1624344Z         <header
Admin UI E2E (5, chrome)	Run Cypress	2024-10-24T14:32:18.1624944Z           class="pf-v5-c-masthead pf-m-display-inline"
Admin UI E2E (5, chrome)	Run Cypress	2024-10-24T14:32:18.1625529Z         >
Admin UI E2E (5, chrome)	Run Cypress	2024-10-24T14:32:18.1625849Z           <span
Admin UI E2E (5, chrome)	Run Cypress	2024-10-24T14:32:18.1626366Z             class="pf-v5-c-masthead__toggle"
Admin UI E2E (5, chrome)	Run Cypress	2024-10-24T14:32:18.1626906Z           >
Admin UI E2E (5, chrome)	Run Cypress	2024-10-24T14:32:18.1627231Z             <button
Admin UI E2E (5, chrome)	Run Cypress	2024-10-24T14:32:18.1627709Z               aria-disabled="false"
Admin UI E2E (5, chrome)	Run Cypress	2024-10-24T14:32:18.1628308Z               aria-expanded="true"
Admin UI E2E (5, chrome)	Run Cypress	2024-10-24T14:32:18.1628875Z               aria-label="navigation"
Admin UI E2E (5, chrome)	Run Cypress	2024-10-24T14:32:18.1629470Z               class="pf-v5-c-button pf-m-plain"
Admin UI E2E (5, chrome)	Run Cypress	2024-10-24T14:32:18.1630299Z               data-ouia-component-id="OUIA-Generated-Button-plain-1"
Admin UI E2E (5, chrome)	Run Cypress	2024-10-24T14:32:18.1631180Z               data-ouia-component-type="PF5/Button"
Admin UI E2E (5, chrome)	Run Cypress	2024-10-24T14:32:18.1631866Z               data-ouia-safe="true"
Admin UI E2E (5, chrome)	Run Cypress	2024-10-24T14:32:18.1632421Z               id="nav-toggle"
Admin UI E2E (5, chrome)	Run Cypress	2024-10-24T14:32:18.1632877Z               type="button"
Admin UI E2E (5, chrome)	Run Cypress	2024-10-24T14:32:18.1633292Z             >
Admin UI E2E (5, chrome)	Run Cypress	2024-10-24T14:32:18.1633625Z               <svg
Admin UI E2E (5, chrome)	Run Cypress	2024-10-24T14:32:18.1634110Z                 aria-hidden="true"
Admin UI E2E (5, chrome)	Run Cypress	2024-10-24T14:32:18.1634684Z                 class="pf-v5-svg"
Admin UI E2E (5, chrome)	Run Cypress	2024-10-24T14:32:18.1635199Z                 fill="currentColor"
Admin UI E2E (5, chrome)	Run Cypress	2024-10-24T14:32:18.1635674Z                 height="1em"
Admin UI E2E (5, chrome)	Run Cypress	2024-10-24T14:32:18.1636072Z                 role="img"
Admin UI E2E (5, chrome)	Run Cypress	2024-10-24T14:32:18.1636512Z                 viewBox="0 0 448 512"
Admin UI E2E (5, chrome)	Run Cypress	2024-10-24T14:32:18.1637008Z                 width="1em"
Admin UI E2E (5, chrome)	Run Cypress	2024-10-24T14:32:18.1637706Z               >
Admin UI E2E (5, chrome)	Run Cypress	2024-10-24T14:32:18.1638068Z                 <path
Admin UI E2E (5, chrome)	Run Cypress	2024-10-24T14:32:18.1641141Z                   d="M16 132h416c8.837 0 16-7.163 16-16V76c0-8.837-7.163-16-16-16H16C7.163 60 0 67.163 0 76v40c0 8.837 7.163 16 16 16zm0 160h416c8.837 0 16-7.163 16-16v-40c0-8.837-7.163-16-16-16H16c-8.837 0-16 7.163-16 16v40c0 8.837 7.163 16 16 16zm0 160h416c8.837 0 16-7.163 16-16v-40c0-8.837-7.163-16-16-16H16c-8.837 0-16 7.163-16 16v40c0 8.837 7.163 16 16 16z"
Admin UI E2E (5, chrome)	Run Cypress	2024-10-24T14:32:18.1702342Z                 />
Admin UI E2E (5, chrome)	Run Cypress	2024-10-24T14:32:18.1703023Z               </svg>
Admin UI E2E (5, chrome)	Run Cypress	2024-10-24T14:32:18.1703441Z             </button>
Admin UI E2E (5, chrome)	Run Cypress	2024-10-24T14:32:18.1704066Z           </span>
Admin UI E2E (5, chrome)	Run Cypress	2024-10-24T14:32:18.1704652Z           <a
Admin UI E2E (5, chrome)	Run Cypress	2024-10-24T14:32:18.1705480Z             class="pf-v5-c-masthead__brand"
Admin UI E2E (5, chrome)	Run Cypress	2024-10-24T14:32:18.1706433Z             href="http://localhost:8080/admin/master/console/#/master"
Admin UI E2E (5, chrome)	Run Cypress	2024-10-24T14:32:18.1707290Z             tabindex="0"
Admin UI E2E (5, chrome)	Run Cypress	2024-10-24T14:32:18.1707876Z           >
Admin UI E2E (5, chrome)	Run Cypress	2024-10-24T14:32:18.1708221Z             <img
Admin UI E2E (5, chrome)	Run Cypress	2024-10-24T14:32:18.1709198Z               alt="Logo"
Admin UI E2E (5, chrome)	Run Cypress	2024-10-24T14:32:18.1710041Z               aria-label="Logo"
Admin UI E2E (5, chrome)	Run Cypress	2024-10-24T14:32:18.1711060Z               class="keycloak__pageheader_brand"
Admin UI E2E (5, chrome)	Run Cypress	2024-10-24T14:32:18.1712128Z               id="masthead-logo"
Admin UI E2E (5, chrome)	Run Cypress	2024-10-24T14:32:18.1712975Z               src="/resources/y81mj/admin/keycloak.v2/logo.svg"
Admin UI E2E (5, chrome)	Run Cypress	2024-10-24T14:32:18.1713599Z             />
Admin UI E2E (5, chrome)	Run Cypress	2024-10-24T14:32:18.1714989Z           </a>
Admin UI E2E (5, chrome)	Run Cypress	2024-10-24T14:32:18.1716412Z           <div
Admin UI E2E (5, chrome)	Run Cypress	2024-10-24T14:32:18.1718063Z             class="pf-v5-c-masthead__content"
Admin UI E2E (5, chrome)	Run Cypress	2024-10-24T14:32:18.1719718Z           >
Admin UI E2E (5, chrome)	Run Cypress	2024-10-24T14:32:18.1720135Z             <div
Admin UI E2E (5, chrome)	Run Cypress	2024-10-24T14:32:18.1721678Z               class="pf-v5-c-toolbar"
Admin UI E2E (5, chrome)	Run Cypress	2024-10-24T14:32:18.1724607Z               data-ouia-component-id="OUIA-Generated-Toolbar-1"
Admin UI E2E (5, chrome)	Run Cypress	2024-10-24T14:32:18.1726581Z               data-ouia-component-type="PF5/Toolbar"
Admin UI E2E (5, chrome)	Run Cypress	2024-10-24T14:32:18.1728329Z               data...[0m[90m
Admin UI E2E (5, chrome)	Run Cypress	2024-10-24T14:32:18.1732759Z       at Masthead.checkNotificationMessage (webpack://@keycloak/keycloak-admin-ui/./cypress/support/pages/admin-ui/Masthead.ts:87:0)
Admin UI E2E (5, chrome)	Run Cypress	2024-10-24T14:32:18.1739077Z       at GroupPage.assertNotificationGroupDuplicated (webpack://@keycloak/keycloak-admin-ui/./cypress/support/pages/admin-ui/manage/groups/GroupPage.ts:187:0)
Admin UI E2E (5, chrome)	Run Cypress	2024-10-24T14:32:18.1744659Z       at Context.eval (webpack://@keycloak/keycloak-admin-ui/./cypress/e2e/group_test.spec.ts:118:0)
Admin UI E2E (5, chrome)	Run Cypress	2024-10-24T14:32:18.1746661Z [0m
Admin UI E2E (5, chrome)	Run Cypress	2024-10-24T14:32:18.1747854Z 
Admin UI E2E (5, chrome)	Run Cypress	2024-10-24T14:32:18.1747869Z 
Admin UI E2E (5, chrome)	Run Cypress	2024-10-24T14:32:19.2564636Z 
Admin UI E2E (5, chrome)	Run Cypress	2024-10-24T14:32:19.2566212Z [31m  ([4m[1mResults[22m[24m)[39m
Admin UI E2E (5, chrome)	Run Cypress	2024-10-24T14:32:19.2589621Z 
Admin UI E2E (5, chrome)	Run Cypress	2024-10-24T14:32:19.2610910Z [90m  ┌[39m[90m─[39m[90m─[39m[90m─[39m[90m─[39m[90m─[39m[90m─[39m[90m─[39m[90m─[39m[90m─[39m[90m─[39m[90m─[39m[90m─[39m[90m─[39m[90m─[39m[90m─[39m[90m─[39m[90m─[39m[90m─[39m[90m─[39m[90m─[39m[90m─[39m[90m─[39m[90m─[39m[90m─[39m[90m─[39m[90m─[39m[90m─[39m[90m─[39m[90m─[39m[90m─[39m[90m─[39m[90m─[39m[90m─[39m[90m─[39m[90m─[39m[90m─[39m[90m─[39m[90m─[39m[90m─[39m[90m─[39m[90m─[39m[90m─[39m[90m─[39m[90m─[39m[90m─[39m[90m─[39m[90m─[39m[90m─[39m[90m─[39m[90m─[39m[90m─[39m[90m─[39m[90m─[39m[90m─[39m[90m─[39m[90m─[39m[90m─[39m[90m─[39m[90m─[39m[90m─[39m[90m─[39m[90m─[39m[90m─[39m[90m─[39m[90m─[39m[90m─[39m[90m─[39m[90m─[39m[90m─[39m[90m─[39m[90m─[39m[90m─[39m[90m─[39m[90m─[39m[90m─[39m[90m─[39m[90m─[39m[90m─[39m[90m─[39m[90m─[39m[90m─[39m[90m─[39m[90m─[39m[90m─[39m[90m─[39m[90m─[39m[90m─[39m[90m─[39m[90m─[39m[90m─[39m[90m─[39m[90m─[39m[90m─[39m[90m─[39m[90m─[39m[90m─[39m[90m┐[39m
Admin UI E2E (5, chrome)	Run Cypress	2024-10-24T14:32:19.2617774Z [90m  │[39m [90mTests:[39m        [31m45[39m                                                                               [90m│[39m
Admin UI E2E (5, chrome)	Run Cypress	2024-10-24T14:32:19.2619495Z [90m  │[39m [90mPassing:[39m      [31m43[39m                                                                               [90m│[39m
Admin UI E2E (5, chrome)	Run Cypress	2024-10-24T14:32:19.2621639Z [90m  │[39m [90mFailing:[39m      [31m1[39m                                                                                [90m│[39m
Admin UI E2E (5, chrome)	Run Cypress	2024-10-24T14:32:19.2623513Z [90m  │[39m [90mPending:[39m      [31m1[39m                                                                                [90m│[39m
Admin UI E2E (5, chrome)	Run Cypress	2024-10-24T14:32:19.2625142Z [90m  │[39m [90mSkipped:[39m      [31m0[39m                                                                                [90m│[39m
Admin UI E2E (5, chrome)	Run Cypress	2024-10-24T14:32:19.2626919Z [90m  │[39m [90mScreenshots:[39m  [31m4[39m                                                                                [90m│[39m
Admin UI E2E (5, chrome)	Run Cypress	2024-10-24T14:32:19.2628703Z [90m  │[39m [90mVideo:[39m        [31mtrue[39m                                                                             [90m│[39m
Admin UI E2E (5, chrome)	Run Cypress	2024-10-24T14:32:19.2630388Z [90m  │[39m [90mDuration:[39m     [31m4 minutes, 2 seconds[39m                                                             [90m│[39m
Admin UI E2E (5, chrome)	Run Cypress	2024-10-24T14:32:19.2632464Z [90m  │[39m [90mSpec Ran:[39m     [31m[31mgroup_test.spec.ts[31m[39m                                                               [90m│[39m
Admin UI E2E (5, chrome)	Run Cypress	2024-10-24T14:32:19.2642173Z [90m  └[39m[90m─[39m[90m─[39m[90m─[39m[90m─[39m[90m─[39m[90m─[39m[90m─[39m[90m─[39m[90m─[39m[90m─[39m[90m─[39m[90m─[39m[90m─[39m[90m─[39m[90m─[39m[90m─[39m[90m─[39m[90m─[39m[90m─[39m[90m─[39m[90m─[39m[90m─[39m[90m─[39m[90m─[39m[90m─[39m[90m─[39m[90m─[39m[90m─[39m[90m─[39m[90m─[39m[90m─[39m[90m─[39m[90m─[39m[90m─[39m[90m─[39m[90m─[39m[90m─[39m[90m─[39m[90m─[39m[90m─[39m[90m─[39m[90m─[39m[90m─[39m[90m─[39m[90m─[39m[90m─[39m[90m─[39m[90m─[39m[90m─[39m[90m─[39m[90m─[39m[90m─[39m[90m─[39m[90m─[39m[90m─[39m[90m─[39m[90m─[39m[90m─[39m[90m─[39m[90m─[39m[90m─[39m[90m─[39m[90m─[39m[90m─[39m[90m─[39m[90m─[39m[90m─[39m[90m─[39m[90m─[39m[90m─[39m[90m─[39m[90m─[39m[90m─[39m[90m─[39m[90m─[39m[90m─[39m[90m─[39m[90m─[39m[90m─[39m[90m─[39m[90m─[39m[90m─[39m[90m─[39m[90m─[39m[90m─[39m[90m─[39m[90m─[39m[90m─[39m[90m─[39m[90m─[39m[90m─[39m[90m─[39m[90m─[39m[90m─[39m[90m─[39m[90m─[39m[90m┘[39m
Admin UI E2E (5, chrome)	Run Cypress	2024-10-24T14:32:19.2657853Z 
Admin UI E2E (5, chrome)	Run Cypress	2024-10-24T14:32:19.2657877Z 
Admin UI E2E (5, chrome)	Run Cypress	2024-10-24T14:32:19.2658294Z [33m  ([4m[1mScreenshots[22m[24m)[39m
Admin UI E2E (5, chrome)	Run Cypress	2024-10-24T14:32:19.2658708Z 
Admin UI E2E (5, chrome)	Run Cypress	2024-10-24T14:32:19.2660000Z [90m [39m -  [0m/home/runner/work/keycloak/keycloak/js/apps/admin-ui/cypress/screenshots/group_t[0m     [90m[90m(1280x581)[90m[39m
Admin UI E2E (5, chrome)	Run Cypress	2024-10-24T14:32:19.2662155Z [90m [39m    [0mest.spec.ts/Group test -- List -- Duplicate group (failed).png[0m                                 
Admin UI E2E (5, chrome)	Run Cypress	2024-10-24T14:32:19.2664191Z [90m [39m -  [0m/home/runner/work/keycloak/keycloak/js/apps/admin-ui/cypress/screenshots/group_t[0m     [90m[90m(1280x581)[90m[39m
Admin UI E2E (5, chrome)	Run Cypress	2024-10-24T14:32:19.2699439Z [90m [39m    [0mest.spec.ts/Group test -- List -- Duplicate group (failed) (attempt 2).png[0m                     
Admin UI E2E (5, chrome)	Run Cypress	2024-10-24T14:32:19.2702293Z [90m [39m -  [0m/home/runner/work/keycloak/keycloak/js/apps/admin-ui/cypress/screenshots/group_t[0m     [90m[90m(1280x581)[90m[39m
Admin UI E2E (5, chrome)	Run Cypress	2024-10-24T14:32:19.2704518Z [90m [39m    [0mest.spec.ts/Group test -- List -- Duplicate group (failed) (attempt 3).png[0m                     
Admin UI E2E (5, chrome)	Run Cypress	2024-10-24T14:32:19.2706884Z [90m [39m -  [0m/home/runner/work/keycloak/keycloak/js/apps/admin-ui/cypress/screenshots/group_t[0m     [90m[90m(1280x581)[90m[39m
Admin UI E2E (5, chrome)	Run Cypress	2024-10-24T14:32:19.2709065Z [90m [39m    [0mest.spec.ts/Group test -- List -- Duplicate group (failed) (attempt 4).png[0m                     
Admin UI E2E (5, chrome)	Run Cypress	2024-10-24T14:32:19.2709934Z 
Admin UI E2E (5, chrome)	Run Cypress	2024-10-24T14:32:19.3092259Z 
Admin UI E2E (5, chrome)	Run Cypress	2024-10-24T14:32:19.3093604Z [36m  ([4m[1mVideo[22m[24m)[39m
Admin UI E2E (5, chrome)	Run Cypress	2024-10-24T14:32:19.3094112Z 
Admin UI E2E (5, chrome)	Run Cypress	2024-10-24T14:32:19.3095015Z   -  Video output: [36m/home/runner/work/keycloak/keycloak/js/apps/admin-ui/cypress/videos/group_test.spec.ts.mp4[39m
Admin UI E2E (5, chrome)	Run Cypress	2024-10-24T14:32:19.3096115Z 
Admin UI E2E (5, chrome)	Run Cypress	2024-10-24T14:32:19.3096132Z 
Admin UI E2E (5, chrome)	Run Cypress	2024-10-24T14:32:19.3105894Z [90m─[39m[90m─[39m[90m─[39m[90m─[39m[90m─[39m[90m─[39m[90m─[39m[90m─[39m[90m─[39m[90m─[39m[90m─[39m[90m─[39m[90m─[39m[90m─[39m[90m─[39m[90m─[39m[90m─[39m[90m─[39m[90m─[39m[90m─[39m[90m─[39m[90m─[39m[90m─[39m[90m─[39m[90m─[39m[90m─[39m[90m─[39m[90m─[39m[90m─[39m[90m─[39m[90m─[39m[90m─[39m[90m─[39m[90m─[39m[90m─[39m[90m─[39m[90m─[39m[90m─[39m[90m─[39m[90m─[39m[90m─[39m[90m─[39m[90m─[39m[90m─[39m[90m─[39m[90m─[39m[90m─[39m[90m─[39m[90m─[39m[90m─[39m[90m─[39m[90m─[39m[90m─[39m[90m─[39m[90m─[39m[90m─[39m[90m─[39m[90m─[39m[90m─[39m[90m─[39m[90m─[39m[90m─[39m[90m─[39m[90m─[39m[90m─[39m[90m─[39m[90m─[39m[90m─[39m[90m─[39m[90m─[39m[90m─[39m[90m─[39m[90m─[39m[90m─[39m[90m─[39m[90m─[39m[90m─[39m[90m─[39m[90m─[39m[90m─[39m[90m─[39m[90m─[39m[90m─[39m[90m─[39m[90m─[39m[90m─[39m[90m─[39m[90m─[39m[90m─[39m[90m─[39m[90m─[39m[90m─[39m[90m─[39m[90m─[39m[90m─[39m[90m─[39m[90m─[39m[90m─[39m[90m─[39m[90m─[39m
Admin UI E2E (5, chrome)	Run Cypress	2024-10-24T14:32:19.3110875Z                                                                                                     
Admin UI E2E (5, chrome)	Run Cypress	2024-10-24T14:32:19.3111737Z   Running:  [90mauthentication_policies.spec.ts[39m                                                 [90m(2 of 7)[39m
Admin UI E2E (5, chrome)	Run Cypress	2024-10-24T14:32:21.9460198Z 
Admin UI E2E (5, chrome)	Run Cypress	2024-10-24T14:32:21.9461162Z [0m[0m
Admin UI E2E (5, chrome)	Run Cypress	2024-10-24T14:32:21.9553871Z [0m  Policies[0m
Admin UI E2E (5, chrome)	Run Cypress	2024-10-24T14:32:21.9555211Z [0m    OTP policies tab[0m
Admin UI E2E (5, chrome)	Run Cypress	2024-10-24T14:32:26.1459222Z     [32m  ✓[0m[90m should change to hotp[0m[90m (4149ms)[0m
Admin UI E2E (5, chrome)	Run Cypress	2024-10-24T14:32:26.1638032Z [0m    Webauthn policies tabs[0m
Admin UI E2E (5, chrome)	Run Cypress	2024-10-24T14:32:28.5630686Z     [32m  ✓[0m[90m should fill webauthn settings[0m[90m (2379ms)[0m
Admin UI E2E (5, chrome)	Run Cypress	2024-10-24T14:32:30.6680325Z     [32m  ✓[0m[90m should fill webauthn passwordless settings[0m[90m (2061ms)[0m
Admin UI E2E (5, chrome)	Run Cypress	2024-10-24T14:32:30.6681246Z 
Admin UI E2E (5, chrome)	Run Cypress	2024-10-24T14:32:30.6834656Z 
Admin UI E2E (5, chrome)	Run Cypress	2024-10-24T14:32:30.6836089Z [92m [0m[32m 3 passing[0m[90m (9s)[0m
Admin UI E2E (5, chrome)	Run Cypress	2024-10-24T14:32:30.6837097Z 
Admin UI E2E (5, chrome)	Run Cypress	2024-10-24T14:32:32.1245587Z 
Admin UI E2E (5, chrome)	Run Cypress	2024-10-24T14:32:32.1247067Z [32m  ([4m[1mResults[22m[24m)[39m
Admin UI E2E (5, chrome)	Run Cypress	2024-10-24T14:32:32.1265805Z 
Admin UI E2E (5, chrome)	Run Cypress	2024-10-24T14:32:32.1281400Z [90m  ┌[39m[90m─[39m[90m─[39m[90m─[39m[90m─[39m[90m─[39m[90m─[39m[90m─[39m[90m─[39m[90m─[39m[90m─[39m[90m─[39m[90m─[39m[90m─[39m[90m─[39m[90m─[39m[90m─[39m[90m─[39m[90m─[39m[90m─[39m[90m─[39m[90m─[39m[90m─[39m[90m─[39m[90m─[39m[90m─[39m[90m─[39m[90m─[39m[90m─[39m[90m─[39m[90m─[39m[90m─[39m[90m─[39m[90m─[39m[90m─[39m[90m─[39m[90m─[39m[90m─[39m[90m─[39m[90m─[39m[90m─[39m[90m─[39m[90m─[39m[90m─[39m[90m─[39m[90m─[39m[90m─[39m[90m─[39m[90m─[39m[90m─[39m[90m─[39m[90m─[39m[90m─[39m[90m─[39m[90m─[39m[90m─[39m[90m─[39m[90m─[39m[90m─[39m[90m─[39m[90m─[39m[90m─[39m[90m─[39m[90m─[39m[90m─[39m[90m─[39m[90m─[39m[90m─[39m[90m─[39m[90m─[39m[90m─[39m[90m─[39m[90m─[39m[90m─[39m[90m─[39m[90m─[39m[90m─[39m[90m─[39m[90m─[39m[90m─[39m[90m─[39m[90m─[39m[90m─[39m[90m─[39m[90m─[39m[90m─[39m[90m─[39m[90m─[39m[90m─[39m[90m─[39m[90m─[39m[90m─[39m[90m─[39m[90m─[39m[90m─[39m[90m─[39m[90m─[39m[90m┐[39m
Admin UI E2E (5, chrome)	Run Cypress	2024-10-24T14:32:32.1288247Z [90m  │[39m [90mTests:[39m        [32m3[39m                                                                                [90m│[39m
Admin UI E2E (5, chrome)	Run Cypress	2024-10-24T14:32:32.1289918Z [90m  │[39m [90mPassing:[39m      [32m3[39m                                                                                [90m│[39m
Admin UI E2E (5, chrome)	Run Cypress	2024-10-24T14:32:32.1291701Z [90m  │[39m [90mFailing:[39m      [32m0[39m                                                                                [90m│[39m
Admin UI E2E (5, chrome)	Run Cypress	2024-10-24T14:32:32.1293345Z [90m  │[39m [90mPending:[39m      [32m0[39m                                                                                [90m│[39m
Admin UI E2E (5, chrome)	Run Cypress	2024-10-24T14:32:32.1295193Z [90m  │[39m [90mSkipped:[39m      [32m0[39m                                                                                [90m│[39m
Admin UI E2E (5, chrome)	Run Cypress	2024-10-24T14:32:32.1296785Z [90m  │[39m [90mScreenshots:[39m  [32m0[39m                                                                                [90m│[39m
Admin UI E2E (5, chrome)	Run Cypress	2024-10-24T14:32:32.1298410Z [90m  │[39m [90mVideo:[39m        [32mfalse[39m                                                                            [90m│[39m
Admin UI E2E (5, chrome)	Run Cypress	2024-10-24T14:32:32.1300127Z [90m  │[39m [90mDuration:[39m     [32m8 seconds[39m                                                                        [90m│[39m
Admin UI E2E (5, chrome)	Run Cypress	2024-10-24T14:32:32.1302220Z [90m  │[39m [90mSpec Ran:[39m     [32m[32mauthentication_policies.spec.ts[32m[39m                                                  [90m│[39m
Admin UI E2E (5, chrome)	Run Cypress	2024-10-24T14:32:32.1310769Z [90m  └[39m[90m─[39m[90m─[39m[90m─[39m[90m─[39m[90m─[39m[90m─[39m[90m─[39m[90m─[39m[90m─[39m[90m─[39m[90m─[39m[90m─[39m[90m─[39m[90m─[39m[90m─[39m[90m─[39m[90m─[39m[90m─[39m[90m─[39m[90m─[39m[90m─[39m[90m─[39m[90m─[39m[90m─[39m[90m─[39m[90m─[39m[90m─[39m[90m─[39m[90m─[39m[90m─[39m[90m─[39m[90m─[39m[90m─[39m[90m─[39m[90m─[39m[90m─[39m[90m─[39m[90m─[39m[90m─[39m[90m─[39m[90m─[39m[90m─[39m[90m─[39m[90m─[39m[90m─[39m[90m─[39m[90m─[39m[90m─[39m[90m─[39m[90m─[39m[90m─[39m[90m─[39m[90m─[39m[90m─[39m[90m─[39m[90m─[39m[90m─[39m[90m─[39m[90m─[39m[90m─[39m[90m─[39m[90m─[39m[90m─[39m[90m─[39m[90m─[39m[90m─[39m[90m─[39m[90m─[39m[90m─[39m[90m─[39m[90m─[39m[90m─[39m[90m─[39m[90m─[39m[90m─[39m[90m─[39m[90m─[39m[90m─[39m[90m─[39m[90m─[39m[90m─[39m[90m─[39m[90m─[39m[90m─[39m[90m─[39m[90m─[39m[90m─[39m[90m─[39m[90m─[39m[90m─[39m[90m─[39m[90m─[39m[90m─[39m[90m─[39m[90m─[39m[90m─[39m[90m┘[39m
Admin UI E2E (5, chrome)	Run Cypress	2024-10-24T14:32:32.1316216Z 
Admin UI E2E (5, chrome)	Run Cypress	2024-10-24T14:32:32.1611530Z 
Admin UI E2E (5, chrome)	Run Cypress	2024-10-24T14:32:32.1623081Z [90m─[39m[90m─[39m[90m─[39m[90m─[39m[90m─[39m[90m─[39m[90m─[39m[90m─[39m[90m─[39m[90m─[39m[90m─[39m[90m─[39m[90m─[39m[90m─[39m[90m─[39m[90m─[39m[90m─[39m[90m─[39m[90m─[39m[90m─[39m[90m─[39m[90m─[39m[90m─[39m[90m─[39m[90m─[39m[90m─[39m[90m─[39m[90m─[39m[90m─[39m[90m─[39m[90m─[39m[90m─[39m[90m─[39m[90m─[39m[90m─[39m[90m─[39m[90m─[39m[90m─[39m[90m─[39m[90m─[39m[90m─[39m[90m─[39m[90m─[39m[90m─[39m[90m─[39m[90m─[39m[90m─[39m[90m─[39m[90m─[39m[90m─[39m[90m─[39m[90m─[39m[90m─[39m[90m─[39m[90m─[39m[90m─[39m[90m─[39m[90m─[39m[90m─[39m[90m─[39m[90m─[39m[90m─[39m[90m─[39m[90m─[39m[90m─[39m[90m─[39m[90m─[39m[90m─[39m[90m─[39m[90m─[39m[90m─[39m[90m─[39m[90m─[39m[90m─[39m[90m─[39m[90m─[39m[90m─[39m[90m─[39m[90m─[39m[90m─[39m[90m─[39m[90m─[39m[90m─[39m[90m─[39m[90m─[39m[90m─[39m[90m─[39m[90m─[39m[90m─[39m[90m─[39m[90m─[39m[90m─[39m[90m─[39m[90m─[39m[90m─[39m[90m─[39m[90m─[39m[90m─[39m[90m─[39m[90m─[39m
Admin UI E2E (5, chrome)	Run Cypress	2024-10-24T14:32:32.1626904Z                                                                                                     
Admin UI E2E (5, chrome)	Run Cypress	2024-10-24T14:32:32.1627787Z   Running:  [90mrealm_settings_client_policies_test.spec.ts[39m                                     [90m(3 of 7)[39m
Admin UI E2E (5, chrome)	Run Cypress	2024-10-24T14:32:35.9431816Z 
Admin UI E2E (5, chrome)	Run Cypress	2024-10-24T14:32:35.9433108Z [0m[0m
Admin UI E2E (5, chrome)	Run Cypress	2024-10-24T14:32:35.9451323Z [0m  Realm settings client policies tab tests[0m
Admin UI E2E (5, chrome)	Run Cypress	2024-10-24T14:32:42.4970303Z   [32m  ✓[0m[90m Complete new client form and cancel[0m[90m (6507ms)[0m
Admin UI E2E (5, chrome)	Run Cypress	2024-10-24T14:32:45.1547968Z   [32m  ✓[0m[90m Complete new client form and submit[0m[90m (2614ms)[0m
Admin UI E2E (5, chrome)	Run Cypress	2024-10-24T14:32:47.3408644Z   [32m  ✓[0m[90m Should perform client profile search by profile name[0m[90m (2164ms)[0m
Admin UI E2E (5, chrome)	Run Cypress	2024-10-24T14:32:49.0916655Z   [32m  ✓[0m[90m Should not have conditions configured by default[0m[90m (1719ms)[0m
Admin UI E2E (5, chrome)	Run Cypress	2024-10-24T14:32:51.3654684Z   [32m  ✓[0m[90m Should cancel adding a new condition to a client profile[0m[90m (2252ms)[0m
Admin UI E2E (5, chrome)	Run Cypress	2024-10-24T14:32:54.0132469Z   [32m  ✓[0m[90m Should add a new client-roles condition to a client profile[0m[90m (2617ms)[0m
Admin UI E2E (5, chrome)	Run Cypress	2024-10-24T14:32:57.2836060Z   [32m  ✓[0m[90m Should add a new client-scopes condition to a client profile[0m[90m (3235ms)[0m
Admin UI E2E (5, chrome)	Run Cypress	2024-10-24T14:32:59.7010658Z   [32m  ✓[0m[90m Should edit the client-roles condition of a client profile[0m[90m (2356ms)[0m
Admin UI E2E (5, chrome)	Run Cypress	2024-10-24T14:33:02.1096420Z   [32m  ✓[0m[90m Should edit the client-scopes condition of a client profile[0m[90m (2377ms)[0m
Admin UI E2E (5, chrome)	Run Cypress	2024-10-24T14:33:04.1466311Z   [32m  ✓[0m[90m Should cancel deleting condition from a client profile[0m[90m (1999ms)[0m
Admin UI E2E (5, chrome)	Run Cypress	2024-10-24T14:33:06.1137176Z   [32m  ✓[0m[90m Should delete client-roles condition from a client profile[0m[90m (1942ms)[0m
Admin UI E2E (5, chrome)	Run Cypress	2024-10-24T14:33:08.1324644Z   [32m  ✓[0m[90m Should delete client-scopes condition from a client profile[0m[90m (1992ms)[0m
Admin UI E2E (5, chrome)	Run Cypress	2024-10-24T14:33:10.3908854Z   [32m  ✓[0m[90m Check cancelling the client policy deletion[0m[90m (2208ms)[0m
Admin UI E2E (5, chrome)	Run Cypress	2024-10-24T14:33:12.7001938Z   [32m  ✓[0m[90m Check deleting the client policy[0m[90m (2284ms)[0m
Admin UI E2E (5, chrome)	Run Cypress	2024-10-24T14:33:14.6173062Z   [32m  ✓[0m[90m Check navigating between Form View and JSON editor[0m[90m (1891ms)[0m
Admin UI E2E (5, chrome)	Run Cypress	2024-10-24T14:33:18.8770590Z   [32m  ✓[0m[90m Should not create duplicate client profile[0m[90m (4232ms)[0m
Admin UI E2E (5, chrome)	Run Cypress	2024-10-24T14:33:21.6526591Z   [32m  ✓[0m[90m Check deleting newly created client policy from create view via dropdown[0m[90m (2748ms)[0m
Admin UI E2E (5, chrome)	Run Cypress	2024-10-24T14:33:23.5958601Z   [32m  ✓[0m[90m Check reloading JSON policies[0m[90m (1736ms)[0m
Admin UI E2E (5, chrome)	Run Cypress	2024-10-24T14:33:23.5959333Z 
Admin UI E2E (5, chrome)	Run Cypress	2024-10-24T14:33:23.6139220Z 
Admin UI E2E (5, chrome)	Run Cypress	2024-10-24T14:33:23.6141741Z [92m [0m[32m 18 passing[0m[90m (48s)[0m
Admin UI E2E (5, chrome)	Run Cypress	2024-10-24T14:33:23.6142829Z 
Admin UI E2E (5, chrome)	Run Cypress	2024-10-24T14:33:24.6332627Z 
Admin UI E2E (5, chrome)	Run Cypress	2024-10-24T14:33:24.6334699Z [32m  ([4m[1mResults[22m[24m)[39m
Admin UI E2E (5, chrome)	Run Cypress	2024-10-24T14:33:24.6352028Z 
Admin UI E2E (5, chrome)	Run Cypress	2024-10-24T14:33:24.6368259Z [90m  ┌[39m[90m─[39m[90m─[39m[90m─[39m[90m─[39m[90m─[39m[90m─[39m[90m─[39m[90m─[39m[90m─[39m[90m─[39m[90m─[39m[90m─[39m[90m─[39m[90m─[39m[90m─[39m[90m─[39m[90m─[39m[90m─[39m[90m─[39m[90m─[39m[90m─[39m[90m─[39m[90m─[39m[90m─[39m[90m─[39m[90m─[39m[90m─[39m[90m─[39m[90m─[39m[90m─[39m[90m─[39m[90m─[39m[90m─[39m[90m─[39m[90m─[39m[90m─[39m[90m─[39m[90m─[39m[90m─[39m[90m─[39m[90m─[39m[90m─[39m[90m─[39m[90m─[39m[90m─[39m[90m─[39m[90m─[39m[90m─[39m[90m─[39m[90m─[39m[90m─[39m[90m─[39m[90m─[39m[90m─[39m[90m─[39m[90m─[39m[90m─[39m[90m─[39m[90m─[39m[90m─[39m[90m─[39m[90m─[39m[90m─[39m[90m─[39m[90m─[39m[90m─[39m[90m─[39m[90m─[39m[90m─[39m[90m─[39m[90m─[39m[90m─[39m[90m─[39m[90m─[39m[90m─[39m[90m─[39m[90m─[39m[90m─[39m[90m─[39m[90m─[39m[90m─[39m[90m─[39m[90m─[39m[90m─[39m[90m─[39m[90m─[39m[90m─[39m[90m─[39m[90m─[39m[90m─[39m[90m─[39m[90m─[39m[90m─[39m[90m─[39m[90m─[39m[90m─[39m[90m┐[39m
Admin UI E2E (5, chrome)	Run Cypress	2024-10-24T14:33:24.6375127Z [90m  │[39m [90mTests:[39m        [32m18[39m                                                                               [90m│[39m
Admin UI E2E (5, chrome)	Run Cypress	2024-10-24T14:33:24.6376705Z [90m  │[39m [90mPassing:[39m      [32m18[39m                                                                               [90m│[39m
Admin UI E2E (5, chrome)	Run Cypress	2024-10-24T14:33:24.6378352Z [90m  │[39m [90mFailing:[39m      [32m0[39m                                                                                [90m│[39m
Admin UI E2E (5, chrome)	Run Cypress	2024-10-24T14:33:24.6380074Z [90m  │[39m [90mPending:[39m      [32m0[39m                                                                                [90m│[39m
Admin UI E2E (5, chrome)	Run Cypress	2024-10-24T14:33:24.6381628Z [90m  │[39m [90mSkipped:[39m      [32m0[39m                                                                                [90m│[39m
Admin UI E2E (5, chrome)	Run Cypress	2024-10-24T14:33:24.6404404Z [90m  │[39m [90mScreenshots:[39m  [32m0[39m                                                                                [90m│[39m
Admin UI E2E (5, chrome)	Run Cypress	2024-10-24T14:33:24.6406161Z [90m  │[39m [90mVideo:[39m        [32mfalse[39m                                                                            [90m│[39m
Admin UI E2E (5, chrome)	Run Cypress	2024-10-24T14:33:24.6407961Z [90m  │[39m [90mDuration:[39m     [32m47 seconds[39m                                                                       [90m│[39m
Admin UI E2E (5, chrome)	Run Cypress	2024-10-24T14:33:24.6409940Z [90m  │[39m [90mSpec Ran:[39m     [32m[32mrealm_settings_client_policies_test.spec.ts[32m[39m                                      [90m│[39m
Admin UI E2E (5, chrome)	Run Cypress	2024-10-24T14:33:24.6418956Z [90m  └[39m[90m─[39m[90m─[39m[90m─[39m[90m─[39m[90m─[39m[90m─[39m[90m─[39m[90m─[39m[90m─[39m[90m─[39m[90m─[39m[90m─[39m[90m─[39m[90m─[39m[90m─[39m[90m─[39m[90m─[39m[90m─[39m[90m─[39m[90m─[39m[90m─[39m[90m─[39m[90m─[39m[90m─[39m[90m─[39m[90m─[39m[90m─[39m[90m─[39m[90m─[39m[90m─[39m[90m─[39m[90m─[39m[90m─[39m[90m─[39m[90m─[39m[90m─[39m[90m─[39m[90m─[39m[90m─[39m[90m─[39m[90m─[39m[90m─[39m[90m─[39m[90m─[39m[90m─[39m[90m─[39m[90m─[39m[90m─[39m[90m─[39m[90m─[39m[90m─[39m[90m─[39m[90m─[39m[90m─[39m[90m─[39m[90m─[39m[90m─[39m[90m─[39m[90m─[39m[90m─[39m[90m─[39m[90m─[39m[90m─[39m[90m─[39m[90m─[39m[90m─[39m[90m─[39m[90m─[39m[90m─[39m[90m─[39m[90m─[39m[90m─[39m[90m─[39m[90m─[39m[90m─[39m[90m─[39m[90m─[39m[90m─[39m[90m─[39m[90m─[39m[90m─[39m[90m─[39m[90m─[39m[90m─[39m[90m─[39m[90m─[39m[90m─[39m[90m─[39m[90m─[39m[90m─[39m[90m─[39m[90m─[39m[90m─[39m[90m─[39m[90m─[39m[90m─[39m[90m┘[39m
Admin UI E2E (5, chrome)	Run Cypress	2024-10-24T14:33:24.6443713Z 
Admin UI E2E (5, chrome)	Run Cypress	2024-10-24T14:33:24.6757496Z 
Admin UI E2E (5, chrome)	Run Cypress	2024-10-24T14:33:24.6765036Z [90m─[39m[90m─[39m[90m─[39m[90m─[39m[90m─[39m[90m─[39m[90m─[39m[90m─[39m[90m─[39m[90m─[39m[90m─[39m[90m─[39m[90m─[39m[90m─[39m[90m─[39m[90m─[39m[90m─[39m[90m─[39m[90m─[39m[90m─[39m[90m─[39m[90m─[39m[90m─[39m[90m─[39m[90m─[39m[90m─[39m[90m─[39m[90m─[39m[90m─[39m[90m─[39m[90m─[39m[90m─[39m[90m─[39m[90m─[39m[90m─[39m[90m─[39m[90m─[39m[90m─[39m[90m─[39m[90m─[39m[90m─[39m[90m─[39m[90m─[39m[90m─[39m[90m─[39m[90m─[39m[90m─[39m[90m─[39m[90m─[39m[90m─[39m[90m─[39m[90m─[39m[90m─[39m[90m─[39m[90m─[39m[90m─[39m[90m─[39m[90m─[39m[90m─[39m[90m─[39m[90m─[39m[90m─[39m[90m─[39m[90m─[39m[90m─[39m[90m─[39m[90m─[39m[90m─[39m[90m─[39m[90m─[39m[90m─[39m[90m─[39m[90m─[39m[90m─[39m[90m─[39m[90m─[39m[90m─[39m[90m─[39m[90m─[39m[90m─[39m[90m─[39m[90m─[39m[90m─[39m[90m─[39m[90m─[39m[90m─[39m[90m─[39m[90m─[39m[90m─[39m[90m─[39m[90m─[39m[90m─[39m[90m─[39m[90m─[39m[90m─[39m[90m─[39m[90m─[39m[90m─[39m[90m─[39m[90m─[39m
Admin UI E2E (5, chrome)	Run Cypress	2024-10-24T14:33:24.6772135Z                                                                                                     
Admin UI E2E (5, chrome)	Run Cypress	2024-10-24T14:33:24.6773979Z   Running:  [90mrealm_test.spec.ts[39m                                                              [90m(4 of 7)[39m
Admin UI E2E (5, chrome)	Run Cypress	2024-10-24T14:33:28.4307516Z 
Admin UI E2E (5, chrome)	Run Cypress	2024-10-24T14:33:28.4308818Z [0m[0m
Admin UI E2E (5, chrome)	Run Cypress	2024-10-24T14:33:28.4335312Z [0m  Realm tests[0m
Admin UI E2E (5, chrome)	Run Cypress	2024-10-24T14:33:32.4027222Z   [32m  ✓[0m[90m should fail creating duplicated or empty name realm[0m[90m (3949ms)[0m
Admin UI E2E (5, chrome)	Run Cypress	2024-10-24T14:33:35.8354806Z   [32m  ✓[0m[90m should create Test realm[0m[90m (3372ms)[0m
Admin UI E2E (5, chrome)	Run Cypress	2024-10-24T14:33:43.0415099Z   [32m  ✓[0m[90m CRUD test of Disabled realm[0m[90m (7160ms)[0m
Admin UI E2E (5, chrome)	Run Cypress	2024-10-24T14:33:47.6480713Z   [32m  ✓[0m[90m should create realm from new a realm[0m[90m (4582ms)[0m
Admin UI E2E (5, chrome)	Run Cypress	2024-10-24T14:33:49.0471485Z   [32m  ✓[0m[90m should change to Test realm[0m[90m (1373ms)[0m
Admin UI E2E (5, chrome)	Run Cypress	2024-10-24T14:34:21.2744542Z     [33m(Attempt 1 of 4)[0m should create realm with special characters
Admin UI E2E (5, chrome)	Run Cypress	2024-10-24T14:34:26.0699034Z   [32m  ✓[0m[90m should create realm with special characters[0m[90m (3614ms)[0m
Admin UI E2E (5, chrome)	Run Cypress	2024-10-24T14:34:26.0700004Z 
Admin UI E2E (5, chrome)	Run Cypress	2024-10-24T14:34:26.1286976Z 
Admin UI E2E (5, chrome)	Run Cypress	2024-10-24T14:34:26.1288008Z [92m [0m[32m 6 passing[0m[90m (58s)[0m
Admin UI E2E (5, chrome)	Run Cypress	2024-10-24T14:34:26.1288582Z 
Admin UI E2E (5, chrome)	Run Cypress	2024-10-24T14:34:27.1953216Z 
Admin UI E2E (5, chrome)	Run Cypress	2024-10-24T14:34:27.1954788Z [32m  ([4m[1mResults[22m[24m)[39m
Admin UI E2E (5, chrome)	Run Cypress	2024-10-24T14:34:27.1973411Z 
Admin UI E2E (5, chrome)	Run Cypress	2024-10-24T14:34:27.1987854Z [90m  ┌[39m[90m─[39m[90m─[39m[90m─[39m[90m─[39m[90m─[39m[90m─[39m[90m─[39m[90m─[39m[90m─[39m[90m─[39m[90m─[39m[90m─[39m[90m─[39m[90m─[39m[90m─[39m[90m─[39m[90m─[39m[90m─[39m[90m─[39m[90m─[39m[90m─[39m[90m─[39m[90m─[39m[90m─[39m[90m─[39m[90m─[39m[90m─[39m[90m─[39m[90m─[39m[90m─[39m[90m─[39m[90m─[39m[90m─[39m[90m─[39m[90m─[39m[90m─[39m[90m─[39m[90m─[39m[90m─[39m[90m─[39m[90m─[39m[90m─[39m[90m─[39m[90m─[39m[90m─[39m[90m─[39m[90m─[39m[90m─[39m[90m─[39m[90m─[39m[90m─[39m[90m─[39m[90m─[39m[90m─[39m[90m─[39m[90m─[39m[90m─[39m[90m─[39m[90m─[39m[90m─[39m[90m─[39m[90m─[39m[90m─[39m[90m─[39m[90m─[39m[90m─[39m[90m─[39m[90m─[39m[90m─[39m[90m─[39m[90m─[39m[90m─[39m[90m─[39m[90m─[39m[90m─[39m[90m─[39m[90m─[39m[90m─[39m[90m─[39m[90m─[39m[90m─[39m[90m─[39m[90m─[39m[90m─[39m[90m─[39m[90m─[39m[90m─[39m[90m─[39m[90m─[39m[90m─[39m[90m─[39m[90m─[39m[90m─[39m[90m─[39m[90m─[39m[90m─[39m[90m┐[39m
Admin UI E2E (5, chrome)	Run Cypress	2024-10-24T14:34:27.1992637Z [90m  │[39m [90mTests:[39m        [32m6[39m                                                                                [90m│[39m
Admin UI E2E (5, chrome)	Run Cypress	2024-10-24T14:34:27.1994282Z [90m  │[39m [90mPassing:[39m      [32m6[39m                                                                                [90m│[39m
Admin UI E2E (5, chrome)	Run Cypress	2024-10-24T14:34:27.1995881Z [90m  │[39m [90mFailing:[39m      [32m0[39m                                                                                [90m│[39m
Admin UI E2E (5, chrome)	Run Cypress	2024-10-24T14:34:27.1997354Z [90m  │[39m [90mPending:[39m      [32m0[39m                                                                                [90m│[39m
Admin UI E2E (5, chrome)	Run Cypress	2024-10-24T14:34:27.1998835Z [90m  │[39m [90mSkipped:[39m      [32m0[39m                                                                                [90m│[39m
Admin UI E2E (5, chrome)	Run Cypress	2024-10-24T14:34:27.2000775Z [90m  │[39m [90mScreenshots:[39m  [32m1[39m                                                                                [90m│[39m
Admin UI E2E (5, chrome)	Run Cypress	2024-10-24T14:34:27.2002342Z [90m  │[39m [90mVideo:[39m        [32mtrue[39m                                                                             [90m│[39m
Admin UI E2E (5, chrome)	Run Cypress	2024-10-24T14:34:27.2004235Z [90m  │[39m [90mDuration:[39m     [32m57 seconds[39m                                                                       [90m│[39m
Admin UI E2E (5, chrome)	Run Cypress	2024-10-24T14:34:27.2006350Z [90m  │[39m [90mSpec Ran:[39m     [32m[32mrealm_test.spec.ts[32m[39m                                                               [90m│[39m
Admin UI E2E (5, chrome)	Run Cypress	2024-10-24T14:34:27.2014919Z [90m  └[39m[90m─[39m[90m─[39m[90m─[39m[90m─[39m[90m─[39m[90m─[39m[90m─[39m[90m─[39m[90m─[39m[90m─[39m[90m─[39m[90m─[39m[90m─[39m[90m─[39m[90m─[39m[90m─[39m[90m─[39m[90m─[39m[90m─[39m[90m─[39m[90m─[39m[90m─[39m[90m─[39m[90m─[39m[90m─[39m[90m─[39m[90m─[39m[90m─[39m[90m─[39m[90m─[39m[90m─[39m[90m─[39m[90m─[39m[90m─[39m[90m─[39m[90m─[39m[90m─[39m[90m─[39m[90m─[39m[90m─[39m[90m─[39m[90m─[39m[90m─[39m[90m─[39m[90m─[39m[90m─[39m[90m─[39m[90m─[39m[90m─[39m[90m─[39m[90m─[39m[90m─[39m[90m─[39m[90m─[39m[90m─[39m[90m─[39m[90m─[39m[90m─[39m[90m─[39m[90m─[39m[90m─[39m[90m─[39m[90m─[39m[90m─[39m[90m─[39m[90m─[39m[90m─[39m[90m─[39m[90m─[39m[90m─[39m[90m─[39m[90m─[39m[90m─[39m[90m─[39m[90m─[39m[90m─[39m[90m─[39m[90m─[39m[90m─[39m[90m─[39m[90m─[39m[90m─[39m[90m─[39m[90m─[39m[90m─[39m[90m─[39m[90m─[39m[90m─[39m[90m─[39m[90m─[39m[90m─[39m[90m─[39m[90m─[39m[90m─[39m[90m─[39m[90m─[39m[90m┘[39m
Admin UI E2E (5, chrome)	Run Cypress	2024-10-24T14:34:27.2021002Z 
Admin UI E2E (5, chrome)	Run Cypress	2024-10-24T14:34:27.2021376Z 
Admin UI E2E (5, chrome)	Run Cypress	2024-10-24T14:34:27.2022130Z [33m  ([4m[1mScreenshots[22m[24m)[39m
Admin UI E2E (5, chrome)	Run Cypress	2024-10-24T14:34:27.2022600Z 
Admin UI E2E (5, chrome)	Run Cypress	2024-10-24T14:34:27.2024195Z [90m [39m -  [0m/home/runner/work/keycloak/keycloak/js/apps/admin-ui/cypress/screenshots/realm_t[0m     [90m[90m(1280x581)[90m[39m
Admin UI E2E (5, chrome)	Run Cypress	2024-10-24T14:34:27.2026761Z [90m [39m    [0mest.spec.ts/Realm tests -- should create realm with special characters (failed).[0m               
Admin UI E2E (5, chrome)	Run Cypress	2024-10-24T14:34:27.2028291Z [90m [39m    [0mpng[0m                                                                                            
Admin UI E2E (5, chrome)	Run Cypress	2024-10-24T14:34:27.2028902Z 
Admin UI E2E (5, chrome)	Run Cypress	2024-10-24T14:34:27.2355769Z 
Admin UI E2E (5, chrome)	Run Cypress	2024-10-24T14:34:27.2358870Z [36m  ([4m[1mVideo[22m[24m)[39m
Admin UI E2E (5, chrome)	Run Cypress	2024-10-24T14:34:27.2359515Z 
Admin UI E2E (5, chrome)	Run Cypress	2024-10-24T14:34:27.2362189Z   -  Video output: [36m/home/runner/work/keycloak/keycloak/js/apps/admin-ui/cypress/videos/realm_test.spec.ts.mp4[39m
Admin UI E2E (5, chrome)	Run Cypress	2024-10-24T14:34:27.2363704Z 
Admin UI E2E (5, chrome)	Run Cypress	2024-10-24T14:34:27.2365028Z 
Admin UI E2E (5, chrome)	Run Cypress	2024-10-24T14:34:27.2380185Z [90m─[39m[90m─[39m[90m─[39m[90m─[39m[90m─[39m[90m─[39m[90m─[39m[90m─[39m[90m─[39m[90m─[39m[90m─[39m[90m─[39m[90m─[39m[90m─[39m[90m─[39m[90m─[39m[90m─[39m[90m─[39m[90m─[39m[90m─[39m[90m─[39m[90m─[39m[90m─[39m[90m─[39m[90m─[39m[90m─[39m[90m─[39m[90m─[39m[90m─[39m[90m─[39m[90m─[39m[90m─[39m[90m─[39m[90m─[39m[90m─[39m[90m─[39m[90m─[39m[90m─[39m[90m─[39m[90m─[39m[90m─[39m[90m─[39m[90m─[39m[90m─[39m[90m─[39m[90m─[39m[90m─[39m[90m─[39m[90m─[39m[90m─[39m[90m─[39m[90m─[39m[90m─[39m[90m─[39m[90m─[39m[90m─[39m[90m─[39m[90m─[39m[90m─[39m[90m─[39m[90m─[39m[90m─[39m[90m─[39m[90m─[39m[90m─[39m[90m─[39m[90m─[39m[90m─[39m[90m─[39m[90m─[39m[90m─[39m[90m─[39m[90m─[39m[90m─[39m[90m─[39m[90m─[39m[90m─[39m[90m─[39m[90m─[39m[90m─[39m[90m─[39m[90m─[39m[90m─[39m[90m─[39m[90m─[39m[90m─[39m[90m─[39m[90m─[39m[90m─[39m[90m─[39m[90m─[39m[90m─[39m[90m─[39m[90m─[39m[90m─[39m[90m─[39m[90m─[39m[90m─[39m[90m─[39m[90m─[39m
Admin UI E2E (5, chrome)	Run Cypress	2024-10-24T14:34:27.2387195Z                                                                                                     
Admin UI E2E (5, chrome)	Run Cypress	2024-10-24T14:34:27.2389042Z   Running:  [90muser_fed_kerberos_test.spec.ts[39m                                                  [90m(5 of 7)[39m
Admin UI E2E (5, chrome)	Run Cypress	2024-10-24T14:34:30.1017379Z 
Admin UI E2E (5, chrome)	Run Cypress	2024-10-24T14:34:30.1018496Z [0m[0m
Admin UI E2E (5, chrome)	Run Cypress	2024-10-24T14:34:30.1048953Z [0m  User Fed Kerberos tests[0m
Admin UI E2E (5, chrome)	Run Cypress	2024-10-24T14:34:35.9591944Z   [32m  ✓[0m[90m Should create Kerberos provider from empty state[0m[90m (5839ms)[0m
Admin UI E2E (5, chrome)	Run Cypress	2024-10-24T14:34:40.2368337Z   [32m  ✓[0m[90m Should enable debug, password authentication, and first login[0m[90m (4215ms)[0m
Admin UI E2E (5, chrome)	Run Cypress	2024-10-24T14:34:44.5923690Z   [32m  ✓[0m[90m Should set cache policy to evict_daily[0m[90m (4296ms)[0m
Admin UI E2E (5, chrome)	Run Cypress	2024-10-24T14:34:48.6115716Z   [32m  ✓[0m[90m Should set cache policy to default[0m[90m (3972ms)[0m
Admin UI E2E (5, chrome)	Run Cypress	2024-10-24T14:34:53.3333925Z   [32m  ✓[0m[90m Should set cache policy to evict_weekly[0m[90m (4671ms)[0m
Admin UI E2E (5, chrome)	Run Cypress	2024-10-24T14:34:57.8973500Z   [32m  ✓[0m[90m Should set cache policy to max_lifespan[0m[90m (4500ms)[0m
Admin UI E2E (5, chrome)	Run Cypress	2024-10-24T14:35:01.9954174Z   [32m  ✓[0m[90m Should set cache policy to no_cache[0m[90m (4040ms)[0m
Admin UI E2E (5, chrome)	Run Cypress	2024-10-24T14:35:06.8790838Z   [32m  ✓[0m[90m Should edit existing Kerberos provider and cancel[0m[90m (4826ms)[0m
Admin UI E2E (5, chrome)	Run Cypress	2024-10-24T14:35:09.5767199Z   [32m  ✓[0m[90m Should disable an existing Kerberos provider[0m[90m (2645ms)[0m
Admin UI E2E (5, chrome)	Run Cypress	2024-10-24T14:35:12.2226415Z   [32m  ✓[0m[90m Should enable an existing previously-disabled Kerberos provider[0m[90m (2603ms)[0m
Admin UI E2E (5, chrome)	Run Cypress	2024-10-24T14:35:15.1102896Z   [32m  ✓[0m[90m Should create new Kerberos provider using the New Provider dropdown[0m[90m (2859ms)[0m
Admin UI E2E (5, chrome)	Run Cypress	2024-10-24T14:35:15.1200148Z   [36m  - Should change the priority order of Kerberos providers[0m
Admin UI E2E (5, chrome)	Run Cypress	2024-10-24T14:35:16.4741039Z   [32m  ✓[0m[90m Should delete a Kerberos provider from card view using the card's menu[0m[90m (1339ms)[0m
Admin UI E2E (5, chrome)	Run Cypress	2024-10-24T14:35:19.2093079Z   [32m  ✓[0m[90m Should delete a Kerberos provider using the Settings view's Action menu[0m[90m (2698ms)[0m
Admin UI E2E (5, chrome)	Run Cypress	2024-10-24T14:35:19.2094451Z 
Admin UI E2E (5, chrome)	Run Cypress	2024-10-24T14:35:19.2272977Z 
Admin UI E2E (5, chrome)	Run Cypress	2024-10-24T14:35:19.2274038Z [92m [0m[32m 13 passing[0m[90m (49s)[0m
Admin UI E2E (5, chrome)	Run Cypress	2024-10-24T14:35:19.2281245Z [36m [0m[36m 1 pending[0m
Admin UI E2E (5, chrome)	Run Cypress	2024-10-24T14:35:19.2281844Z 
Admin UI E2E (5, chrome)	Run Cypress	2024-10-24T14:35:20.2566947Z 
Admin UI E2E (5, chrome)	Run Cypress	2024-10-24T14:35:20.2568968Z [32m  ([4m[1mResults[22m[24m)[39m
Admin UI E2E (5, chrome)	Run Cypress	2024-10-24T14:35:20.2574657Z 
Admin UI E2E (5, chrome)	Run Cypress	2024-10-24T14:35:20.2589366Z [90m  ┌[39m[90m─[39m[90m─[39m[90m─[39m[90m─[39m[90m─[39m[90m─[39m[90m─[39m[90m─[39m[90m─[39m[90m─[39m[90m─[39m[90m─[39m[90m─[39m[90m─[39m[90m─[39m[90m─[39m[90m─[39m[90m─[39m[90m─[39m[90m─[39m[90m─[39m[90m─[39m[90m─[39m[90m─[39m[90m─[39m[90m─[39m[90m─[39m[90m─[39m[90m─[39m[90m─[39m[90m─[39m[90m─[39m[90m─[39m[90m─[39m[90m─[39m[90m─[39m[90m─[39m[90m─[39m[90m─[39m[90m─[39m[90m─[39m[90m─[39m[90m─[39m[90m─[39m[90m─[39m[90m─[39m[90m─[39m[90m─[39m[90m─[39m[90m─[39m[90m─[39m[90m─[39m[90m─[39m[90m─[39m[90m─[39m[90m─[39m[90m─[39m[90m─[39m[90m─[39m[90m─[39m[90m─[39m[90m─[39m[90m─[39m[90m─[39m[90m─[39m[90m─[39m[90m─[39m[90m─[39m[90m─[39m[90m─[39m[90m─[39m[90m─[39m[90m─[39m[90m─[39m[90m─[39m[90m─[39m[90m─[39m[90m─[39m[90m─[39m[90m─[39m[90m─[39m[90m─[39m[90m─[39m[90m─[39m[90m─[39m[90m─[39m[90m─[39m[90m─[39m[90m─[39m[90m─[39m[90m─[39m[90m─[39m[90m─[39m[90m─[39m[90m─[39m[90m─[39m[90m┐[39m
Admin UI E2E (5, chrome)	Run Cypress	2024-10-24T14:35:20.2594105Z [90m  │[39m [90mTests:[39m        [32m14[39m                                                                               [90m│[39m
Admin UI E2E (5, chrome)	Run Cypress	2024-10-24T14:35:20.2595072Z [90m  │[39m [90mPassing:[39m      [32m13[39m                                                                               [90m│[39m
Admin UI E2E (5, chrome)	Run Cypress	2024-10-24T14:35:20.2596006Z [90m  │[39m [90mFailing:[39m      [32m0[39m                                                                                [90m│[39m
Admin UI E2E (5, chrome)	Run Cypress	2024-10-24T14:35:20.2597072Z [90m  │[39m [90mPending:[39m      [32m1[39m                                                                                [90m│[39m
Admin UI E2E (5, chrome)	Run Cypress	2024-10-24T14:35:20.2598950Z [90m  │[39m [90mSkipped:[39m      [32m0[39m                                                                                [90m│[39m
Admin UI E2E (5, chrome)	Run Cypress	2024-10-24T14:35:20.2600448Z [90m  │[39m [90mScreenshots:[39m  [32m0[39m                                                                                [90m│[39m
Admin UI E2E (5, chrome)	Run Cypress	2024-10-24T14:35:20.2601860Z [90m  │[39m [90mVideo:[39m        [32mfalse[39m                                                                            [90m│[39m
Admin UI E2E (5, chrome)	Run Cypress	2024-10-24T14:35:20.2603516Z [90m  │[39m [90mDuration:[39m     [32m49 seconds[39m                                                                       [90m│[39m
Admin UI E2E (5, chrome)	Run Cypress	2024-10-24T14:35:20.2605461Z [90m  │[39m [90mSpec Ran:[39m     [32m[32muser_fed_kerberos_test.spec.ts[32m[39m                                                   [90m│[39m
Admin UI E2E (5, chrome)	Run Cypress	2024-10-24T14:35:20.2614114Z [90m  └[39m[90m─[39m[90m─[39m[90m─[39m[90m─[39m[90m─[39m[90m─[39m[90m─[39m[90m─[39m[90m─[39m[90m─[39m[90m─[39m[90m─[39m[90m─[39m[90m─[39m[90m─[39m[90m─[39m[90m─[39m[90m─[39m[90m─[39m[90m─[39m[90m─[39m[90m─[39m[90m─[39m[90m─[39m[90m─[39m[90m─[39m[90m─[39m[90m─[39m[90m─[39m[90m─[39m[90m─[39m[90m─[39m[90m─[39m[90m─[39m[90m─[39m[90m─[39m[90m─[39m[90m─[39m[90m─[39m[90m─[39m[90m─[39m[90m─[39m[90m─[39m[90m─[39m[90m─[39m[90m─[39m[90m─[39m[90m─[39m[90m─[39m[90m─[39m[90m─[39m[90m─[39m[90m─[39m[90m─[39m[90m─[39m[90m─[39m[90m─[39m[90m─[39m[90m─[39m[90m─[39m[90m─[39m[90m─[39m[90m─[39m[90m─[39m[90m─[39m[90m─[39m[90m─[39m[90m─[39m[90m─[39m[90m─[39m[90m─[39m[90m─[39m[90m─[39m[90m─[39m[90m─[39m[90m─[39m[90m─[39m[90m─[39m[90m─[39m[90m─[39m[90m─[39m[90m─[39m[90m─[39m[90m─[39m[90m─[39m[90m─[39m[90m─[39m[90m─[39m[90m─[39m[90m─[39m[90m─[39m[90m─[39m[90m─[39m[90m─[39m[90m─[39m[90m─[39m[90m┘[39m
Admin UI E2E (5, chrome)	Run Cypress	2024-10-24T14:35:20.2619894Z 
Admin UI E2E (5, chrome)	Run Cypress	2024-10-24T14:35:20.2935236Z 
Admin UI E2E (5, chrome)	Run Cypress	2024-10-24T14:35:20.2948733Z [90m─[39m[90m─[39m[90m─[39m[90m─[39m[90m─[39m[90m─[39m[90m─[39m[90m─[39m[90m─[39m[90m─[39m[90m─[39m[90m─[39m[90m─[39m[90m─[39m[90m─[39m[90m─[39m[90m─[39m[90m─[39m[90m─[39m[90m─[39m[90m─[39m[90m─[39m[90m─[39m[90m─[39m[90m─[39m[90m─[39m[90m─[39m[90m─[39m[90m─[39m[90m─[39m[90m─[39m[90m─[39m[90m─[39m[90m─[39m[90m─[39m[90m─[39m[90m─[39m[90m─[39m[90m─[39m[90m─[39m[90m─[39m[90m─[39m[90m─[39m[90m─[39m[90m─[39m[90m─[39m[90m─[39m[90m─[39m[90m─[39m[90m─[39m[90m─[39m[90m─[39m[90m─[39m[90m─[39m[90m─[39m[90m─[39m[90m─[39m[90m─[39m[90m─[39m[90m─[39m[90m─[39m[90m─[39m[90m─[39m[90m─[39m[90m─[39m[90m─[39m[90m─[39m[90m─[39m[90m─[39m[90m─[39m[90m─[39m[90m─[39m[90m─[39m[90m─[39m[90m─[39m[90m─[39m[90m─[39m[90m─[39m[90m─[39m[90m─[39m[90m─[39m[90m─[39m[90m─[39m[90m─[39m[90m─[39m[90m─[39m[90m─[39m[90m─[39m[90m─[39m[90m─[39m[90m─[39m[90m─[39m[90m─[39m[90m─[39m[90m─[39m[90m─[39m[90m─[39m[90m─[39m[90m─[39m[90m─[39m
Admin UI E2E (5, chrome)	Run Cypress	2024-10-24T14:35:20.2952509Z                                                                                                     
Admin UI E2E (5, chrome)	Run Cypress	2024-10-24T14:35:20.2953348Z   Running:  [90midentity_providers_saml_test.spec.ts[39m                                            [90m(6 of 7)[39m
Admin UI E2E (5, chrome)	Run Cypress	2024-10-24T14:35:23.3273747Z 
Admin UI E2E (5, chrome)	Run Cypress	2024-10-24T14:35:23.3279843Z [0m[0m
Admin UI E2E (5, chrome)	Run Cypress	2024-10-24T14:35:23.3306521Z [0m  SAML identity provider test[0m
Admin UI E2E (5, chrome)	Run Cypress	2024-10-24T14:35:23.3307677Z [0m    SAML identity provider creation[0m
Admin UI E2E (5, chrome)	Run Cypress	2024-10-24T14:35:30.7236814Z     [32m  ✓[0m[90m should create a SAML provider using entity descriptor[0m[90m (7369ms)[0m
Admin UI E2E (5, chrome)	Run Cypress	2024-10-24T14:35:33.7325599Z     [32m  ✓[0m[90m should add auth constraints to existing SAML provider[0m[90m (2935ms)[0m
Admin UI E2E (5, chrome)	Run Cypress	2024-10-24T14:35:37.2025124Z     [32m  ✓[0m[90m should add SAML mapper of type Advanced Attribute to Role[0m[90m (3438ms)[0m
Admin UI E2E (5, chrome)	Run Cypress	2024-10-24T14:35:40.7265812Z     [32m  ✓[0m[90m should add SAML mapper of type Username Template Importer[0m[90m (3496ms)[0m
Admin UI E2E (5, chrome)	Run Cypress	2024-10-24T14:35:44.5070307Z     [32m  ✓[0m[90m should add SAML mapper of type Hardcoded User Session Attribute[0m[90m (3747ms)[0m
Admin UI E2E (5, chrome)	Run Cypress	2024-10-24T14:35:48.4240961Z     [32m  ✓[0m[90m should add SAML mapper of type Attribute Importer[0m[90m (3885ms)[0m
Admin UI E2E (5, chrome)	Run Cypress	2024-10-24T14:35:51.3503190Z     [32m  ✓[0m[90m should add SAML mapper of type Hardcoded Role[0m[90m (2893ms)[0m
Admin UI E2E (5, chrome)	Run Cypress	2024-10-24T14:35:54.8714319Z     [32m  ✓[0m[90m should add SAML mapper of type Hardcoded Attribute[0m[90m (3493ms)[0m
Admin UI E2E (5, chrome)	Run Cypress	2024-10-24T14:35:57.7108448Z     [32m  ✓[0m[90m should add SAML mapper of type SAML Attribute To Role[0m[90m (2808ms)[0m
Admin UI E2E (5, chrome)	Run Cypress	2024-10-24T14:36:00.0736488Z     [32m  ✓[0m[90m should edit Username Template Importer mapper[0m[90m (2332ms)[0m
Admin UI E2E (5, chrome)	Run Cypress	2024-10-24T14:36:02.9478852Z     [32m  ✓[0m[90m should edit SAML mapper[0m[90m (2813ms)[0m
Admin UI E2E (5, chrome)	Run Cypress	2024-10-24T14:36:14.7447466Z     [32m  ✓[0m[90m should edit SAML settings[0m[90m (11753ms)[0m
Admin UI E2E (5, chrome)	Run Cypress	2024-10-24T14:36:16.3733504Z     [32m  ✓[0m[90m clean up providers[0m[90m (1579ms)[0m
Admin UI E2E (5, chrome)	Run Cypress	2024-10-24T14:36:16.3735497Z 
Admin UI E2E (5, chrome)	Run Cypress	2024-10-24T14:36:16.3914352Z 
Admin UI E2E (5, chrome)	Run Cypress	2024-10-24T14:36:16.3915612Z [92m [0m[32m 13 passing[0m[90m (53s)[0m
Admin UI E2E (5, chrome)	Run Cypress	2024-10-24T14:36:16.3916318Z 
Admin UI E2E (5, chrome)	Run Cypress	2024-10-24T14:36:17.4111426Z 
Admin UI E2E (5, chrome)	Run Cypress	2024-10-24T14:36:17.4112878Z [32m  ([4m[1mResults[22m[24m)[39m
Admin UI E2E (5, chrome)	Run Cypress	2024-10-24T14:36:17.4118980Z 
Admin UI E2E (5, chrome)	Run Cypress	2024-10-24T14:36:17.4132346Z [90m  ┌[39m[90m─[39m[90m─[39m[90m─[39m[90m─[39m[90m─[39m[90m─[39m[90m─[39m[90m─[39m[90m─[39m[90m─[39m[90m─[39m[90m─[39m[90m─[39m[90m─[39m[90m─[39m[90m─[39m[90m─[39m[90m─[39m[90m─[39m[90m─[39m[90m─[39m[90m─[39m[90m─[39m[90m─[39m[90m─[39m[90m─[39m[90m─[39m[90m─[39m[90m─[39m[90m─[39m[90m─[39m[90m─[39m[90m─[39m[90m─[39m[90m─[39m[90m─[39m[90m─[39m[90m─[39m[90m─[39m[90m─[39m[90m─[39m[90m─[39m[90m─[39m[90m─[39m[90m─[39m[90m─[39m[90m─[39m[90m─[39m[90m─[39m[90m─[39m[90m─[39m[90m─[39m[90m─[39m[90m─[39m[90m─[39m[90m─[39m[90m─[39m[90m─[39m[90m─[39m[90m─[39m[90m─[39m[90m─[39m[90m─[39m[90m─[39m[90m─[39m[90m─[39m[90m─[39m[90m─[39m[90m─[39m[90m─[39m[90m─[39m[90m─[39m[90m─[39m[90m─[39m[90m─[39m[90m─[39m[90m─[39m[90m─[39m[90m─[39m[90m─[39m[90m─[39m[90m─[39m[90m─[39m[90m─[39m[90m─[39m[90m─[39m[90m─[39m[90m─[39m[90m─[39m[90m─[39m[90m─[39m[90m─[39m[90m─[39m[90m─[39m[90m─[39m[90m─[39m[90m┐[39m
Admin UI E2E (5, chrome)	Run Cypress	2024-10-24T14:36:17.4136609Z [90m  │[39m [90mTests:[39m        [32m13[39m                                                                               [90m│[39m
Admin UI E2E (5, chrome)	Run Cypress	2024-10-24T14:36:17.4137636Z [90m  │[39m [90mPassing:[39m      [32m13[39m                                                                               [90m│[39m
Admin UI E2E (5, chrome)	Run Cypress	2024-10-24T14:36:17.4138755Z [90m  │[39m [90mFailing:[39m      [32m0[39m                                                                                [90m│[39m
Admin UI E2E (5, chrome)	Run Cypress	2024-10-24T14:36:17.4140780Z [90m  │[39m [90mPending:[39m      [32m0[39m                                                                                [90m│[39m
Admin UI E2E (5, chrome)	Run Cypress	2024-10-24T14:36:17.4142492Z [90m  │[39m [90mSkipped:[39m      [32m0[39m                                                                                [90m│[39m
Admin UI E2E (5, chrome)	Run Cypress	2024-10-24T14:36:17.4143610Z [90m  │[39m [90mScreenshots:[39m  [32m0[39m                                                                                [90m│[39m
Admin UI E2E (5, chrome)	Run Cypress	2024-10-24T14:36:17.4144733Z [90m  │[39m [90mVideo:[39m        [32mfalse[39m                                                                            [90m│[39m
Admin UI E2E (5, chrome)	Run Cypress	2024-10-24T14:36:17.4146406Z [90m  │[39m [90mDuration:[39m     [32m53 seconds[39m                                                                       [90m│[39m
Admin UI E2E (5, chrome)	Run Cypress	2024-10-24T14:36:17.4148151Z [90m  │[39m [90mSpec Ran:[39m     [32m[32midentity_providers_saml_test.spec.ts[32m[39m                                             [90m│[39m
Admin UI E2E (5, chrome)	Run Cypress	2024-10-24T14:36:17.4157645Z [90m  └[39m[90m─[39m[90m─[39m[90m─[39m[90m─[39m[90m─[39m[90m─[39m[90m─[39m[90m─[39m[90m─[39m[90m─[39m[90m─[39m[90m─[39m[90m─[39m[90m─[39m[90m─[39m[90m─[39m[90m─[39m[90m─[39m[90m─[39m[90m─[39m[90m─[39m[90m─[39m[90m─[39m[90m─[39m[90m─[39m[90m─[39m[90m─[39m[90m─[39m[90m─[39m[90m─[39m[90m─[39m[90m─[39m[90m─[39m[90m─[39m[90m─[39m[90m─[39m[90m─[39m[90m─[39m[90m─[39m[90m─[39m[90m─[39m[90m─[39m[90m─[39m[90m─[39m[90m─[39m[90m─[39m[90m─[39m[90m─[39m[90m─[39m[90m─[39m[90m─[39m[90m─[39m[90m─[39m[90m─[39m[90m─[39m[90m─[39m[90m─[39m[90m─[39m[90m─[39m[90m─[39m[90m─[39m[90m─[39m[90m─[39m[90m─[39m[90m─[39m[90m─[39m[90m─[39m[90m─[39m[90m─[39m[90m─[39m[90m─[39m[90m─[39m[90m─[39m[90m─[39m[90m─[39m[90m─[39m[90m─[39m[90m─[39m[90m─[39m[90m─[39m[90m─[39m[90m─[39m[90m─[39m[90m─[39m[90m─[39m[90m─[39m[90m─[39m[90m─[39m[90m─[39m[90m─[39m[90m─[39m[90m─[39m[90m─[39m[90m─[39m[90m─[39m[90m─[39m[90m┘[39m
Admin UI E2E (5, chrome)	Run Cypress	2024-10-24T14:36:17.4163652Z 
Admin UI E2E (5, chrome)	Run Cypress	2024-10-24T14:36:17.4498987Z 
Admin UI E2E (5, chrome)	Run Cypress	2024-10-24T14:36:17.4513296Z [90m─[39m[90m─[39m[90m─[39m[90m─[39m[90m─[39m[90m─[39m[90m─[39m[90m─[39m[90m─[39m[90m─[39m[90m─[39m[90m─[39m[90m─[39m[90m─[39m[90m─[39m[90m─[39m[90m─[39m[90m─[39m[90m─[39m[90m─[39m[90m─[39m[90m─[39m[90m─[39m[90m─[39m[90m─[39m[90m─[39m[90m─[39m[90m─[39m[90m─[39m[90m─[39m[90m─[39m[90m─[39m[90m─[39m[90m─[39m[90m─[39m[90m─[39m[90m─[39m[90m─[39m[90m─[39m[90m─[39m[90m─[39m[90m─[39m[90m─[39m[90m─[39m[90m─[39m[90m─[39m[90m─[39m[90m─[39m[90m─[39m[90m─[39m[90m─[39m[90m─[39m[90m─[39m[90m─[39m[90m─[39m[90m─[39m[90m─[39m[90m─[39m[90m─[39m[90m─[39m[90m─[39m[90m─[39m[90m─[39m[90m─[39m[90m─[39m[90m─[39m[90m─[39m[90m─[39m[90m─[39m[90m─[39m[90m─[39m[90m─[39m[90m─[39m[90m─[39m[90m─[39m[90m─[39m[90m─[39m[90m─[39m[90m─[39m[90m─[39m[90m─[39m[90m─[39m[90m─[39m[90m─[39m[90m─[39m[90m─[39m[90m─[39m[90m─[39m[90m─[39m[90m─[39m[90m─[39m[90m─[39m[90m─[39m[90m─[39m[90m─[39m[90m─[39m[90m─[39m[90m─[39m[90m─[39m[90m─[39m
Admin UI E2E (5, chrome)	Run Cypress	2024-10-24T14:36:17.4519145Z                                                                                                     
Admin UI E2E (5, chrome)	Run Cypress	2024-10-24T14:36:17.4520080Z   Running:  [90morganization.spec.ts[39m                                                            [90m(7 of 7)[39m
Admin UI E2E (5, chrome)	Run Cypress	2024-10-24T14:36:21.5954836Z 
Admin UI E2E (5, chrome)	Run Cypress	2024-10-24T14:36:21.5955730Z [0m[0m
Admin UI E2E (5, chrome)	Run Cypress	2024-10-24T14:36:21.6127560Z [0m  Organization CRUD[0m
Admin UI E2E (5, chrome)	Run Cypress	2024-10-24T14:36:21.6128653Z   [36m  - should create new organization[0m
Admin UI E2E (5, chrome)	Run Cypress	2024-10-24T14:36:21.6160807Z   [36m  - should modify existing organization[0m
Admin UI E2E (5, chrome)	Run Cypress	2024-10-24T14:36:21.6161996Z   [36m  - should delete from list[0m
Admin UI E2E (5, chrome)	Run Cypress	2024-10-24T14:36:21.6162969Z   [36m  - should delete from details page[0m
Admin UI E2E (5, chrome)	Run Cypress	2024-10-24T14:36:21.6460670Z 
Admin UI E2E (5, chrome)	Run Cypress	2024-10-24T14:36:21.6464567Z [0m  Members[0m
Admin UI E2E (5, chrome)	Run Cypress	2024-10-24T14:36:21.6469203Z   [36m  - should add member[0m
Admin UI E2E (5, chrome)	Run Cypress	2024-10-24T14:36:21.6488151Z 
Admin UI E2E (5, chrome)	Run Cypress	2024-10-24T14:36:21.6488774Z [0m  Identity providers[0m
Admin UI E2E (5, chrome)	Run Cypress	2024-10-24T14:36:21.6562695Z   [36m  - should add idp[0m
Admin UI E2E (5, chrome)	Run Cypress	2024-10-24T14:36:21.6563356Z 
Admin UI E2E (5, chrome)	Run Cypress	2024-10-24T14:36:21.6834894Z 
Admin UI E2E (5, chrome)	Run Cypress	2024-10-24T14:36:21.6835950Z [92m [0m[32m 0 passing[0m[90m (88ms)[0m
Admin UI E2E (5, chrome)	Run Cypress	2024-10-24T14:36:21.6836774Z [36m [0m[36m 6 pending[0m
Admin UI E2E (5, chrome)	Run Cypress	2024-10-24T14:36:21.6837340Z 
Admin UI E2E (5, chrome)	Run Cypress	2024-10-24T14:36:22.7913713Z 
Admin UI E2E (5, chrome)	Run Cypress	2024-10-24T14:36:22.7915204Z [32m  ([4m[1mResults[22m[24m)[39m
Admin UI E2E (5, chrome)	Run Cypress	2024-10-24T14:36:22.7919296Z 
Admin UI E2E (5, chrome)	Run Cypress	2024-10-24T14:36:22.7934587Z [90m  ┌[39m[90m─[39m[90m─[39m[90m─[39m[90m─[39m[90m─[39m[90m─[39m[90m─[39m[90m─[39m[90m─[39m[90m─[39m[90m─[39m[90m─[39m[90m─[39m[90m─[39m[90m─[39m[90m─[39m[90m─[39m[90m─[39m[90m─[39m[90m─[39m[90m─[39m[90m─[39m[90m─[39m[90m─[39m[90m─[39m[90m─[39m[90m─[39m[90m─[39m[90m─[39m[90m─[39m[90m─[39m[90m─[39m[90m─[39m[90m─[39m[90m─[39m[90m─[39m[90m─[39m[90m─[39m[90m─[39m[90m─[39m[90m─[39m[90m─[39m[90m─[39m[90m─[39m[90m─[39m[90m─[39m[90m─[39m[90m─[39m[90m─[39m[90m─[39m[90m─[39m[90m─[39m[90m─[39m[90m─[39m[90m─[39m[90m─[39m[90m─[39m[90m─[39m[90m─[39m[90m─[39m[90m─[39m[90m─[39m[90m─[39m[90m─[39m[90m─[39m[90m─[39m[90m─[39m[90m─[39m[90m─[39m[90m─[39m[90m─[39m[90m─[39m[90m─[39m[90m─[39m[90m─[39m[90m─[39m[90m─[39m[90m─[39m[90m─[39m[90m─[39m[90m─[39m[90m─[39m[90m─[39m[90m─[39m[90m─[39m[90m─[39m[90m─[39m[90m─[39m[90m─[39m[90m─[39m[90m─[39m[90m─[39m[90m─[39m[90m─[39m[90m─[39m[90m─[39m[90m┐[39m
Admin UI E2E (5, chrome)	Run Cypress	2024-10-24T14:36:22.7941109Z [90m  │[39m [90mTests:[39m        [32m6[39m                                                                                [90m│[39m
Admin UI E2E (5, chrome)	Run Cypress	2024-10-24T14:36:22.7948663Z [90m  │[39m [90mPassing:[39m      [32m0[39m                                                                                [90m│[39m
Admin UI E2E (5, chrome)	Run Cypress	2024-10-24T14:36:22.7950541Z [90m  │[39m [90mFailing:[39m      [32m0[39m                                                                                [90m│[39m
Admin UI E2E (5, chrome)	Run Cypress	2024-10-24T14:36:22.7957341Z [90m  │[39m [90mPending:[39m      [32m6[39m                                                                                [90m│[39m
Admin UI E2E (5, chrome)	Run Cypress	2024-10-24T14:36:22.7959052Z [90m  │[39m [90mSkipped:[39m      [32m0[39m                                                                                [90m│[39m
Admin UI E2E (5, chrome)	Run Cypress	2024-10-24T14:36:22.7960645Z [90m  │[39m [90mScreenshots:[39m  [32m0[39m                                                                                [90m│[39m
Admin UI E2E (5, chrome)	Run Cypress	2024-10-24T14:36:22.7962334Z [90m  │[39m [90mVideo:[39m        [32mfalse[39m                                                                            [90m│[39m
Admin UI E2E (5, chrome)	Run Cypress	2024-10-24T14:36:22.7964083Z [90m  │[39m [90mDuration:[39m     [32m0 seconds[39m                                                                        [90m│[39m
Admin UI E2E (5, chrome)	Run Cypress	2024-10-24T14:36:22.7966521Z [90m  │[39m [90mSpec Ran:[39m     [32m[32morganization.spec.ts[32m[39m                                                             [90m│[39m
Admin UI E2E (5, chrome)	Run Cypress	2024-10-24T14:36:22.7975813Z [90m  └[39m[90m─[39m[90m─[39m[90m─[39m[90m─[39m[90m─[39m[90m─[39m[90m─[39m[90m─[39m[90m─[39m[90m─[39m[90m─[39m[90m─[39m[90m─[39m[90m─[39m[90m─[39m[90m─[39m[90m─[39m[90m─[39m[90m─[39m[90m─[39m[90m─[39m[90m─[39m[90m─[39m[90m─[39m[90m─[39m[90m─[39m[90m─[39m[90m─[39m[90m─[39m[90m─[39m[90m─[39m[90m─[39m[90m─[39m[90m─[39m[90m─[39m[90m─[39m[90m─[39m[90m─[39m[90m─[39m[90m─[39m[90m─[39m[90m─[39m[90m─[39m[90m─[39m[90m─[39m[90m─[39m[90m─[39m[90m─[39m[90m─[39m[90m─[39m[90m─[39m[90m─[39m[90m─[39m[90m─[39m[90m─[39m[90m─[39m[90m─[39m[90m─[39m[90m─[39m[90m─[39m[90m─[39m[90m─[39m[90m─[39m[90m─[39m[90m─[39m[90m─[39m[90m─[39m[90m─[39m[90m─[39m[90m─[39m[90m─[39m[90m─[39m[90m─[39m[90m─[39m[90m─[39m[90m─[39m[90m─[39m[90m─[39m[90m─[39m[90m─[39m[90m─[39m[90m─[39m[90m─[39m[90m─[39m[90m─[39m[90m─[39m[90m─[39m[90m─[39m[90m─[39m[90m─[39m[90m─[39m[90m─[39m[90m─[39m[90m─[39m[90m─[39m[90m─[39m[90m┘[39m
Admin UI E2E (5, chrome)	Run Cypress	2024-10-24T14:36:22.7981541Z 
Admin UI E2E (5, chrome)	Run Cypress	2024-10-24T14:36:22.8018085Z 
Admin UI E2E (5, chrome)	Run Cypress	2024-10-24T14:36:22.8550450Z [90m====================================================================================================[39m
Admin UI E2E (5, chrome)	Run Cypress	2024-10-24T14:36:22.8550984Z 
Admin UI E2E (5, chrome)	Run Cypress	2024-10-24T14:36:22.8551848Z [0m  ([4m[1mRun Finished[22m[24m)[0m
Admin UI E2E (5, chrome)	Run Cypress	2024-10-24T14:36:22.8567948Z 
Admin UI E2E (5, chrome)	Run Cypress	2024-10-24T14:36:22.8568071Z 
Admin UI E2E (5, chrome)	Run Cypress	2024-10-24T14:36:22.8596882Z [90m   [39m    [90mSpec[39m                                              [90mTests[39m  [90mPassing[39m  [90mFailing[39m  [90mPending[39m  [90mSkipped[39m [90m [39m
Admin UI E2E (5, chrome)	Run Cypress	2024-10-24T14:36:22.8605822Z [90m  ┌[39m[90m─[39m[90m─[39m[90m─[39m[90m─[39m[90m─[39m[90m─[39m[90m─[39m[90m─[39m[90m─[39m[90m─[39m[90m─[39m[90m─[39m[90m─[39m[90m─[39m[90m─[39m[90m─[39m[90m─[39m[90m─[39m[90m─[39m[90m─[39m[90m─[39m[90m─[39m[90m─[39m[90m─[39m[90m─[39m[90m─[39m[90m─[39m[90m─[39m[90m─[39m[90m─[39m[90m─[39m[90m─[39m[90m─[39m[90m─[39m[90m─[39m[90m─[39m[90m─[39m[90m─[39m[90m─[39m[90m─[39m[90m─[39m[90m─[39m[90m─[39m[90m─[39m[90m─[39m[90m─[39m[90m─[39m[90m─[39m[90m─[39m[90m─[39m[90m─[39m[90m─[39m[90m─[39m[90m─[39m[90m─[39m[90m─[39m[90m─[39m[90m─[39m[90m─[39m[90m─[39m[90m─[39m[90m─[39m[90m─[39m[90m─[39m[90m─[39m[90m─[39m[90m─[39m[90m─[39m[90m─[39m[90m─[39m[90m─[39m[90m─[39m[90m─[39m[90m─[39m[90m─[39m[90m─[39m[90m─[39m[90m─[39m[90m─[39m[90m─[39m[90m─[39m[90m─[39m[90m─[39m[90m─[39m[90m─[39m[90m─[39m[90m─[39m[90m─[39m[90m─[39m[90m─[39m[90m─[39m[90m─[39m[90m─[39m[90m─[39m[90m─[39m[90m─[39m[90m┐[39m
Admin UI E2E (5, chrome)	Run Cypress	2024-10-24T14:36:22.8613217Z [90m  │[39m [31m✖[39m  [0mgroup_test.spec.ts[0m                       [90m04:02[39m       [0m45[0m       [32m43[39m        [31m1[39m        [36m1[39m        [90m-[39m [90m│[39m
Admin UI E2E (5, chrome)	Run Cypress	2024-10-24T14:36:22.8623048Z [90m  ├[39m[90m─[39m[90m─[39m[90m─[39m[90m─[39m[90m─[39m[90m─[39m[90m─[39m[90m─[39m[90m─[39m[90m─[39m[90m─[39m[90m─[39m[90m─[39m[90m─[39m[90m─[39m[90m─[39m[90m─[39m[90m─[39m[90m─[39m[90m─[39m[90m─[39m[90m─[39m[90m─[39m[90m─[39m[90m─[39m[90m─[39m[90m─[39m[90m─[39m[90m─[39m[90m─[39m[90m─[39m[90m─[39m[90m─[39m[90m─[39m[90m─[39m[90m─[39m[90m─[39m[90m─[39m[90m─[39m[90m─[39m[90m─[39m[90m─[39m[90m─[39m[90m─[39m[90m─[39m[90m─[39m[90m─[39m[90m─[39m[90m─[39m[90m─[39m[90m─[39m[90m─[39m[90m─[39m[90m─[39m[90m─[39m[90m─[39m[90m─[39m[90m─[39m[90m─[39m[90m─[39m[90m─[39m[90m─[39m[90m─[39m[90m─[39m[90m─[39m[90m─[39m[90m─[39m[90m─[39m[90m─[39m[90m─[39m[90m─[39m[90m─[39m[90m─[39m[90m─[39m[90m─[39m[90m─[39m[90m─[39m[90m─[39m[90m─[39m[90m─[39m[90m─[39m[90m─[39m[90m─[39m[90m─[39m[90m─[39m[90m─[39m[90m─[39m[90m─[39m[90m─[39m[90m─[39m[90m─[39m[90m─[39m[90m─[39m[90m─[39m[90m─[39m[90m─[39m[90m┤[39m
Admin UI E2E (5, chrome)	Run Cypress	2024-10-24T14:36:22.8630692Z [90m  │[39m [32m✔[39m  [0mauthentication_policies.spec.ts[0m          [90m00:08[39m        [0m3[0m        [32m3[39m        [90m-[39m        [90m-[39m        [90m-[39m [90m│[39m
Admin UI E2E (5, chrome)	Run Cypress	2024-10-24T14:36:22.8649303Z [90m  ├[39m[90m─[39m[90m─[39m[90m─[39m[90m─[39m[90m─[39m[90m─[39m[90m─[39m[90m─[39m[90m─[39m[90m─[39m[90m─[39m[90m─[39m[90m─[39m[90m─[39m[90m─[39m[90m─[39m[90m─[39m[90m─[39m[90m─[39m[90m─[39m[90m─[39m[90m─[39m[90m─[39m[90m─[39m[90m─[39m[90m─[39m[90m─[39m[90m─[39m[90m─[39m[90m─[39m[90m─[39m[90m─[39m[90m─[39m[90m─[39m[90m─[39m[90m─[39m[90m─[39m[90m─[39m[90m─[39m[90m─[39m[90m─[39m[90m─[39m[90m─[39m[90m─[39m[90m─[39m[90m─[39m[90m─[39m[90m─[39m[90m─[39m[90m─[39m[90m─[39m[90m─[39m[90m─[39m[90m─[39m[90m─[39m[90m─[39m[90m─[39m[90m─[39m[90m─[39m[90m─[39m[90m─[39m[90m─[39m[90m─[39m[90m─[39m[90m─[39m[90m─[39m[90m─[39m[90m─[39m[90m─[39m[90m─[39m[90m─[39m[90m─[39m[90m─[39m[90m─[39m[90m─[39m[90m─[39m[90m─[39m[90m─[39m[90m─[39m[90m─[39m[90m─[39m[90m─[39m[90m─[39m[90m─[39m[90m─[39m[90m─[39m[90m─[39m[90m─[39m[90m─[39m[90m─[39m[90m─[39m[90m─[39m[90m─[39m[90m─[39m[90m─[39m[90m─[39m[90m┤[39m
Admin UI E2E (5, chrome)	Run Cypress	2024-10-24T14:36:22.8656644Z [90m  │[39m [32m✔[39m  [0mrealm_settings_client_policies_test[0m      [90m00:47[39m       [0m18[0m       [32m18[39m        [90m-[39m        [90m-[39m        [90m-[39m [90m│[39m
Admin UI E2E (5, chrome)	Run Cypress	2024-10-24T14:36:22.8658563Z [90m  │[39m    [0m.spec.ts[0m                                                                                    [90m│[39m
Admin UI E2E (5, chrome)	Run Cypress	2024-10-24T14:36:22.8667682Z [90m  ├[39m[90m─[39m[90m─[39m[90m─[39m[90m─[39m[90m─[39m[90m─[39m[90m─[39m[90m─[39m[90m─[39m[90m─[39m[90m─[39m[90m─[39m[90m─[39m[90m─[39m[90m─[39m[90m─[39m[90m─[39m[90m─[39m[90m─[39m[90m─[39m[90m─[39m[90m─[39m[90m─[39m[90m─[39m[90m─[39m[90m─[39m[90m─[39m[90m─[39m[90m─[39m[90m─[39m[90m─[39m[90m─[39m[90m─[39m[90m─[39m[90m─[39m[90m─[39m[90m─[39m[90m─[39m[90m─[39m[90m─[39m[90m─[39m[90m─[39m[90m─[39m[90m─[39m[90m─[39m[90m─[39m[90m─[39m[90m─[39m[90m─[39m[90m─[39m[90m─[39m[90m─[39m[90m─[39m[90m─[39m[90m─[39m[90m─[39m[90m─[39m[90m─[39m[90m─[39m[90m─[39m[90m─[39m[90m─[39m[90m─[39m[90m─[39m[90m─[39m[90m─[39m[90m─[39m[90m─[39m[90m─[39m[90m─[39m[90m─[39m[90m─[39m[90m─[39m[90m─[39m[90m─[39m[90m─[39m[90m─[39m[90m─[39m[90m─[39m[90m─[39m[90m─[39m[90m─[39m[90m─[39m[90m─[39m[90m─[39m[90m─[39m[90m─[39m[90m─[39m[90m─[39m[90m─[39m[90m─[39m[90m─[39m[90m─[39m[90m─[39m[90m─[39m[90m─[39m[90m┤[39m
Admin UI E2E (5, chrome)	Run Cypress	2024-10-24T14:36:22.8682769Z [90m  │[39m [32m✔[39m  [0mrealm_test.spec.ts[0m                       [90m00:57[39m        [0m6[0m        [32m6[39m        [90m-[39m        [90m-[39m        [90m-[39m [90m│[39m
Admin UI E2E (5, chrome)	Run Cypress	2024-10-24T14:36:22.8693921Z [90m  ├[39m[90m─[39m[90m─[39m[90m─[39m[90m─[39m[90m─[39m[90m─[39m[90m─[39m[90m─[39m[90m─[39m[90m─[39m[90m─[39m[90m─[39m[90m─[39m[90m─[39m[90m─[39m[90m─[39m[90m─[39m[90m─[39m[90m─[39m[90m─[39m[90m─[39m[90m─[39m[90m─[39m[90m─[39m[90m─[39m[90m─[39m[90m─[39m[90m─[39m[90m─[39m[90m─[39m[90m─[39m[90m─[39m[90m─[39m[90m─[39m[90m─[39m[90m─[39m[90m─[39m[90m─[39m[90m─[39m[90m─[39m[90m─[39m[90m─[39m[90m─[39m[90m─[39m[90m─[39m[90m─[39m[90m─[39m[90m─[39m[90m─[39m[90m─[39m[90m─[39m[90m─[39m[90m─[39m[90m─[39m[90m─[39m[90m─[39m[90m─[39m[90m─[39m[90m─[39m[90m─[39m[90m─[39m[90m─[39m[90m─[39m[90m─[39m[90m─[39m[90m─[39m[90m─[39m[90m─[39m[90m─[39m[90m─[39m[90m─[39m[90m─[39m[90m─[39m[90m─[39m[90m─[39m[90m─[39m[90m─[39m[90m─[39m[90m─[39m[90m─[39m[90m─[39m[90m─[39m[90m─[39m[90m─[39m[90m─[39m[90m─[39m[90m─[39m[90m─[39m[90m─[39m[90m─[39m[90m─[39m[90m─[39m[90m─[39m[90m─[39m[90m─[39m[90m─[39m[90m┤[39m
Admin UI E2E (5, chrome)	Run Cypress	2024-10-24T14:36:22.8702423Z [90m  │[39m [32m✔[39m  [0muser_fed_kerberos_test.spec.ts[0m           [90m00:49[39m       [0m14[0m       [32m13[39m        [90m-[39m        [36m1[39m        [90m-[39m [90m│[39m
Admin UI E2E (5, chrome)	Run Cypress	2024-10-24T14:36:22.8711720Z [90m  ├[39m[90m─[39m[90m─[39m[90m─[39m[90m─[39m[90m─[39m[90m─[39m[90m─[39m[90m─[39m[90m─[39m[90m─[39m[90m─[39m[90m─[39m[90m─[39m[90m─[39m[90m─[39m[90m─[39m[90m─[39m[90m─[39m[90m─[39m[90m─[39m[90m─[39m[90m─[39m[90m─[39m[90m─[39m[90m─[39m[90m─[39m[90m─[39m[90m─[39m[90m─[39m[90m─[39m[90m─[39m[90m─[39m[90m─[39m[90m─[39m[90m─[39m[90m─[39m[90m─[39m[90m─[39m[90m─[39m[90m─[39m[90m─[39m[90m─[39m[90m─[39m[90m─[39m[90m─[39m[90m─[39m[90m─[39m[90m─[39m[90m─[39m[90m─[39m[90m─[39m[90m─[39m[90m─[39m[90m─[39m[90m─[39m[90m─[39m[90m─[39m[90m─[39m[90m─[39m[90m─[39m[90m─[39m[90m─[39m[90m─[39m[90m─[39m[90m─[39m[90m─[39m[90m─[39m[90m─[39m[90m─[39m[90m─[39m[90m─[39m[90m─[39m[90m─[39m[90m─[39m[90m─[39m[90m─[39m[90m─[39m[90m─[39m[90m─[39m[90m─[39m[90m─[39m[90m─[39m[90m─[39m[90m─[39m[90m─[39m[90m─[39m[90m─[39m[90m─[39m[90m─[39m[90m─[39m[90m─[39m[90m─[39m[90m─[39m[90m─[39m[90m─[39m[90m─[39m[90m┤[39m
Admin UI E2E (5, chrome)	Run Cypress	2024-10-24T14:36:22.8719007Z [90m  │[39m [32m✔[39m  [0midentity_providers_saml_test.spec.t[0m      [90m00:53[39m       [0m13[0m       [32m13[39m        [90m-[39m        [90m-[39m        [90m-[39m [90m│[39m
Admin UI E2E (5, chrome)	Run Cypress	2024-10-24T14:36:22.8720881Z [90m  │[39m    [0ms[0m                                                                                           [90m│[39m
Admin UI E2E (5, chrome)	Run Cypress	2024-10-24T14:36:22.8730346Z [90m  ├[39m[90m─[39m[90m─[39m[90m─[39m[90m─[39m[90m─[39m[90m─[39m[90m─[39m[90m─[39m[90m─[39m[90m─[39m[90m─[39m[90m─[39m[90m─[39m[90m─[39m[90m─[39m[90m─[39m[90m─[39m[90m─[39m[90m─[39m[90m─[39m[90m─[39m[90m─[39m[90m─[39m[90m─[39m[90m─[39m[90m─[39m[90m─[39m[90m─[39m[90m─[39m[90m─[39m[90m─[39m[90m─[39m[90m─[39m[90m─[39m[90m─[39m[90m─[39m[90m─[39m[90m─[39m[90m─[39m[90m─[39m[90m─[39m[90m─[39m[90m─[39m[90m─[39m[90m─[39m[90m─[39m[90m─[39m[90m─[39m[90m─[39m[90m─[39m[90m─[39m[90m─[39m[90m─[39m[90m─[39m[90m─[39m[90m─[39m[90m─[39m[90m─[39m[90m─[39m[90m─[39m[90m─[39m[90m─[39m[90m─[39m[90m─[39m[90m─[39m[90m─[39m[90m─[39m[90m─[39m[90m─[39m[90m─[39m[90m─[39m[90m─[39m[90m─[39m[90m─[39m[90m─[39m[90m─[39m[90m─[39m[90m─[39m[90m─[39m[90m─[39m[90m─[39m[90m─[39m[90m─[39m[90m─[39m[90m─[39m[90m─[39m[90m─[39m[90m─[39m[90m─[39m[90m─[39m[90m─[39m[90m─[39m[90m─[39m[90m─[39m[90m─[39m[90m─[39m[90m┤[39m
Admin UI E2E (5, chrome)	Run Cypress	2024-10-24T14:36:22.8738234Z [90m  │[39m [32m✔[39m  [0morganization.spec.ts[0m                      [90m76ms[39m        [0m6[0m        [90m-[39m        [90m-[39m        [36m6[39m        [90m-[39m [90m│[39m
Admin UI E2E (5, chrome)	Run Cypress	2024-10-24T14:36:22.8748053Z [90m  └[39m[90m─[39m[90m─[39m[90m─[39m[90m─[39m[90m─[39m[90m─[39m[90m─[39m[90m─[39m[90m─[39m[90m─[39m[90m─[39m[90m─[39m[90m─[39m[90m─[39m[90m─[39m[90m─[39m[90m─[39m[90m─[39m[90m─[39m[90m─[39m[90m─[39m[90m─[39m[90m─[39m[90m─[39m[90m─[39m[90m─[39m[90m─[39m[90m─[39m[90m─[39m[90m─[39m[90m─[39m[90m─[39m[90m─[39m[90m─[39m[90m─[39m[90m─[39m[90m─[39m[90m─[39m[90m─[39m[90m─[39m[90m─[39m[90m─[39m[90m─[39m[90m─[39m[90m─[39m[90m─[39m[90m─[39m[90m─[39m[90m─[39m[90m─[39m[90m─[39m[90m─[39m[90m─[39m[90m─[39m[90m─[39m[90m─[39m[90m─[39m[90m─[39m[90m─[39m[90m─[39m[90m─[39m[90m─[39m[90m─[39m[90m─[39m[90m─[39m[90m─[39m[90m─[39m[90m─[39m[90m─[39m[90m─[39m[90m─[39m[90m─[39m[90m─[39m[90m─[39m[90m─[39m[90m─[39m[90m─[39m[90m─[39m[90m─[39m[90m─[39m[90m─[39m[90m─[39m[90m─[39m[90m─[39m[90m─[39m[90m─[39m[90m─[39m[90m─[39m[90m─[39m[90m─[39m[90m─[39m[90m─[39m[90m─[39m[90m─[39m[90m─[39m[90m─[39m[90m┘[39m
Admin UI E2E (5, chrome)	Run Cypress	2024-10-24T14:36:22.8755766Z [90m   [39m [31m✖[39m  [31m1 of 7 failed (14%)[39m                      [90m07:39[39m      [0m105[0m       [32m96[39m        [31m1[39m        [36m8[39m        [90m-[39m [90m [39m
Admin UI E2E (5, chrome)	Run Cypress	2024-10-24T14:36:22.8756859Z 
Admin UI E2E (5, chrome)	Run Cypress	2024-10-24T14:36:22.9738255Z ##[error]Cypress tests: 1 failed
Status Check - Keycloak JavaScript CI	Run /./.github/actions/status-check	2024-10-24T14:39:08.5080796Z Prepare all required actions
Status Check - Keycloak JavaScript CI	Run /./.github/actions/status-check	2024-10-24T14:39:08.5173962Z ##[group]Run ./.github/actions/status-check
Status Check - Keycloak JavaScript CI	Run /./.github/actions/status-check	2024-10-24T14:39:08.5174568Z with:
Status Check - Keycloak JavaScript CI	Run /./.github/actions/status-check	2024-10-24T14:39:08.5176202Z   jobs: {
Status Check - Keycloak JavaScript CI	Run /./.github/actions/status-check	  "conditional": {
Status Check - Keycloak JavaScript CI	Run /./.github/actions/status-check	    "result": "success",
Status Check - Keycloak JavaScript CI	Run /./.github/actions/status-check	    "outputs": {
Status Check - Keycloak JavaScript CI	Run /./.github/actions/status-check	      "js-ci": "true"
Status Check - Keycloak JavaScript CI	Run /./.github/actions/status-check	    }
Status Check - Keycloak JavaScript CI	Run /./.github/actions/status-check	  },
Status Check - Keycloak JavaScript CI	Run /./.github/actions/status-check	  "build-keycloak": {
Status Check - Keycloak JavaScript CI	Run /./.github/actions/status-check	    "result": "success",
Status Check - Keycloak JavaScript CI	Run /./.github/actions/status-check	    "outputs": {}
Status Check - Keycloak JavaScript CI	Run /./.github/actions/status-check	  },
Status Check - Keycloak JavaScript CI	Run /./.github/actions/status-check	  "admin-client": {
Status Check - Keycloak JavaScript CI	Run /./.github/actions/status-check	    "result": "success",
Status Check - Keycloak JavaScript CI	Run /./.github/actions/status-check	    "outputs": {}
Status Check - Keycloak JavaScript CI	Run /./.github/actions/status-check	  },
Status Check - Keycloak JavaScript CI	Run /./.github/actions/status-check	  "ui-shared": {
Status Check - Keycloak JavaScript CI	Run /./.github/actions/status-check	    "result": "success",
Status Check - Keycloak JavaScript CI	Run /./.github/actions/status-check	    "outputs": {}
Status Check - Keycloak JavaScript CI	Run /./.github/actions/status-check	  },
Status Check - Keycloak JavaScript CI	Run /./.github/actions/status-check	  "account-ui": {
Status Check - Keycloak JavaScript CI	Run /./.github/actions/status-check	    "result": "success",
Status Check - Keycloak JavaScript CI	Run /./.github/actions/status-check	    "outputs": {}
Status Check - Keycloak JavaScript CI	Run /./.github/actions/status-check	  },
Status Check - Keycloak JavaScript CI	Run /./.github/actions/status-check	  "account-ui-e2e": {
Status Check - Keycloak JavaScript CI	Run /./.github/actions/status-check	    "result": "success",
Status Check - Keycloak JavaScript CI	Run /./.github/actions/status-check	    "outputs": {}
Status Check - Keycloak JavaScript CI	Run /./.github/actions/status-check	  },
Status Check - Keycloak JavaScript CI	Run /./.github/actions/status-check	  "admin-ui": {
Status Check - Keycloak JavaScript CI	Run /./.github/actions/status-check	    "result": "success",
Status Check - Keycloak JavaScript CI	Run /./.github/actions/status-check	    "outputs": {}
Status Check - Keycloak JavaScript CI	Run /./.github/actions/status-check	  },
Status Check - Keycloak JavaScript CI	Run /./.github/actions/status-check	  "admin-ui-e2e": {
Status Check - Keycloak JavaScript CI	Run /./.github/actions/status-check	    "result": "failure",
Status Check - Keycloak JavaScript CI	Run /./.github/actions/status-check	    "outputs": {}
Status Check - Keycloak JavaScript CI	Run /./.github/actions/status-check	  }
Status Check - Keycloak JavaScript CI	Run /./.github/actions/status-check	}
Status Check - Keycloak JavaScript CI	Run /./.github/actions/status-check	2024-10-24T14:39:08.5177996Z env:
Status Check - Keycloak JavaScript CI	Run /./.github/actions/status-check	2024-10-24T14:39:08.5178499Z   MAVEN_ARGS: -B -nsu -Daether.connector.http.connectionMaxTtl=25
Status Check - Keycloak JavaScript CI	Run /./.github/actions/status-check	2024-10-24T14:39:08.5179088Z ##[endgroup]
Status Check - Keycloak JavaScript CI	Run /./.github/actions/status-check	2024-10-24T14:39:08.5434589Z ##[group]Run JOBS='{
Status Check - Keycloak JavaScript CI	Run /./.github/actions/status-check	2024-10-24T14:39:08.5435083Z [36;1mJOBS='{[0m
Status Check - Keycloak JavaScript CI	Run /./.github/actions/status-check	2024-10-24T14:39:08.5435713Z [36;1m  "conditional": {[0m
Status Check - Keycloak JavaScript CI	Run /./.github/actions/status-check	2024-10-24T14:39:08.5436085Z [36;1m    "result": "success",[0m
Status Check - Keycloak JavaScript CI	Run /./.github/actions/status-check	2024-10-24T14:39:08.5436521Z [36;1m    "outputs": {[0m
Status Check - Keycloak JavaScript CI	Run /./.github/actions/status-check	2024-10-24T14:39:08.5436970Z [36;1m      "js-ci": "true"[0m
Status Check - Keycloak JavaScript CI	Run /./.github/actions/status-check	2024-10-24T14:39:08.5437321Z [36;1m    }[0m
Status Check - Keycloak JavaScript CI	Run /./.github/actions/status-check	2024-10-24T14:39:08.5437655Z [36;1m  },[0m
Status Check - Keycloak JavaScript CI	Run /./.github/actions/status-check	2024-10-24T14:39:08.5438049Z [36;1m  "build-keycloak": {[0m
Status Check - Keycloak JavaScript CI	Run /./.github/actions/status-check	2024-10-24T14:39:08.5438420Z [36;1m    "result": "success",[0m
Status Check - Keycloak JavaScript CI	Run /./.github/actions/status-check	2024-10-24T14:39:08.5438845Z [36;1m    "outputs": {}[0m
Status Check - Keycloak JavaScript CI	Run /./.github/actions/status-check	2024-10-24T14:39:08.5439337Z [36;1m  },[0m
Status Check - Keycloak JavaScript CI	Run /./.github/actions/status-check	2024-10-24T14:39:08.5439639Z [36;1m  "admin-client": {[0m
Status Check - Keycloak JavaScript CI	Run /./.github/actions/status-check	2024-10-24T14:39:08.5440040Z [36;1m    "result": "success",[0m
Status Check - Keycloak JavaScript CI	Run /./.github/actions/status-check	2024-10-24T14:39:08.5440506Z [36;1m    "outputs": {}[0m
Status Check - Keycloak JavaScript CI	Run /./.github/actions/status-check	2024-10-24T14:39:08.5440846Z [36;1m  },[0m
Status Check - Keycloak JavaScript CI	Run /./.github/actions/status-check	2024-10-24T14:39:08.5441188Z [36;1m  "ui-shared": {[0m
Status Check - Keycloak JavaScript CI	Run /./.github/actions/status-check	2024-10-24T14:39:08.5441650Z [36;1m    "result": "success",[0m
Status Check - Keycloak JavaScript CI	Run /./.github/actions/status-check	2024-10-24T14:39:08.5442031Z [36;1m    "outputs": {}[0m
Status Check - Keycloak JavaScript CI	Run /./.github/actions/status-check	2024-10-24T14:39:08.5442389Z [36;1m  },[0m
Status Check - Keycloak JavaScript CI	Run /./.github/actions/status-check	2024-10-24T14:39:08.5442783Z [36;1m  "account-ui": {[0m
Status Check - Keycloak JavaScript CI	Run /./.github/actions/status-check	2024-10-24T14:39:08.5443142Z [36;1m    "result": "success",[0m
Status Check - Keycloak JavaScript CI	Run /./.github/actions/status-check	2024-10-24T14:39:08.5443537Z [36;1m    "outputs": {}[0m
Status Check - Keycloak JavaScript CI	Run /./.github/actions/status-check	2024-10-24T14:39:08.5444015Z [36;1m  },[0m
Status Check - Keycloak JavaScript CI	Run /./.github/actions/status-check	2024-10-24T14:39:08.5444328Z [36;1m  "account-ui-e2e": {[0m
Status Check - Keycloak JavaScript CI	Run /./.github/actions/status-check	2024-10-24T14:39:08.5444720Z [36;1m    "result": "success",[0m
Status Check - Keycloak JavaScript CI	Run /./.github/actions/status-check	2024-10-24T14:39:08.5445176Z [36;1m    "outputs": {}[0m
Status Check - Keycloak JavaScript CI	Run /./.github/actions/status-check	2024-10-24T14:39:08.5445513Z [36;1m  },[0m
Status Check - Keycloak JavaScript CI	Run /./.github/actions/status-check	2024-10-24T14:39:08.5445834Z [36;1m  "admin-ui": {[0m
Status Check - Keycloak JavaScript CI	Run /./.github/actions/status-check	2024-10-24T14:39:08.5446283Z [36;1m    "result": "success",[0m
Status Check - Keycloak JavaScript CI	Run /./.github/actions/status-check	2024-10-24T14:39:08.5446642Z [36;1m    "outputs": {}[0m
Status Check - Keycloak JavaScript CI	Run /./.github/actions/status-check	2024-10-24T14:39:08.5446998Z [36;1m  },[0m
Status Check - Keycloak JavaScript CI	Run /./.github/actions/status-check	2024-10-24T14:39:08.5447407Z [36;1m  "admin-ui-e2e": {[0m
Status Check - Keycloak JavaScript CI	Run /./.github/actions/status-check	2024-10-24T14:39:08.5447763Z [36;1m    "result": "failure",[0m
Status Check - Keycloak JavaScript CI	Run /./.github/actions/status-check	2024-10-24T14:39:08.5448154Z [36;1m    "outputs": {}[0m
Status Check - Keycloak JavaScript CI	Run /./.github/actions/status-check	2024-10-24T14:39:08.5448655Z [36;1m  }[0m
Status Check - Keycloak JavaScript CI	Run /./.github/actions/status-check	2024-10-24T14:39:08.5448935Z [36;1m}'[0m
Status Check - Keycloak JavaScript CI	Run /./.github/actions/status-check	2024-10-24T14:39:08.5449244Z [36;1m[0m
Status Check - Keycloak JavaScript CI	Run /./.github/actions/status-check	2024-10-24T14:39:08.5449649Z [36;1mecho "Job status:"[0m
Status Check - Keycloak JavaScript CI	Run /./.github/actions/status-check	2024-10-24T14:39:08.5450156Z [36;1mecho $JOBS | jq -r 'to_entries[] | " - \(.key): \(.value.result)"'[0m
Status Check - Keycloak JavaScript CI	Run /./.github/actions/status-check	2024-10-24T14:39:08.5450699Z [36;1m[0m
Status Check - Keycloak JavaScript CI	Run /./.github/actions/status-check	2024-10-24T14:39:08.5451240Z [36;1mfor i in $(echo $JOBS | jq -r 'to_entries[] | .value.result'); do[0m
Status Check - Keycloak JavaScript CI	Run /./.github/actions/status-check	2024-10-24T14:39:08.5451881Z [36;1m  if [ "$i" != "success" ] && [ "$i" != "skipped" ]; then[0m
Status Check - Keycloak JavaScript CI	Run /./.github/actions/status-check	2024-10-24T14:39:08.5452339Z [36;1m    echo ""[0m
Status Check - Keycloak JavaScript CI	Run /./.github/actions/status-check	2024-10-24T14:39:08.5452803Z [36;1m    echo "Status check not okay!"[0m
Status Check - Keycloak JavaScript CI	Run /./.github/actions/status-check	2024-10-24T14:39:08.5453236Z [36;1m    exit 1[0m
Status Check - Keycloak JavaScript CI	Run /./.github/actions/status-check	2024-10-24T14:39:08.5453608Z [36;1m  fi[0m
Status Check - Keycloak JavaScript CI	Run /./.github/actions/status-check	2024-10-24T14:39:08.5453983Z [36;1mdone[0m
Status Check - Keycloak JavaScript CI	Run /./.github/actions/status-check	2024-10-24T14:39:08.5536605Z shell: /usr/bin/bash --noprofile --norc -e -o pipefail {0}
Status Check - Keycloak JavaScript CI	Run /./.github/actions/status-check	2024-10-24T14:39:08.5537508Z env:
Status Check - Keycloak JavaScript CI	Run /./.github/actions/status-check	2024-10-24T14:39:08.5537941Z   MAVEN_ARGS: -B -nsu -Daether.connector.http.connectionMaxTtl=25
Status Check - Keycloak JavaScript CI	Run /./.github/actions/status-check	2024-10-24T14:39:08.5538526Z ##[endgroup]
Status Check - Keycloak JavaScript CI	Run /./.github/actions/status-check	2024-10-24T14:39:08.5681503Z Job status:
Status Check - Keycloak JavaScript CI	Run /./.github/actions/status-check	2024-10-24T14:39:08.5906373Z  - conditional: success
Status Check - Keycloak JavaScript CI	Run /./.github/actions/status-check	2024-10-24T14:39:08.5907123Z  - build-keycloak: success
Status Check - Keycloak JavaScript CI	Run /./.github/actions/status-check	2024-10-24T14:39:08.5908186Z  - admin-client: success
Status Check - Keycloak JavaScript CI	Run /./.github/actions/status-check	2024-10-24T14:39:08.5908617Z  - ui-shared: success
Status Check - Keycloak JavaScript CI	Run /./.github/actions/status-check	2024-10-24T14:39:08.5908997Z  - account-ui: success
Status Check - Keycloak JavaScript CI	Run /./.github/actions/status-check	2024-10-24T14:39:08.5909580Z  - account-ui-e2e: success
Status Check - Keycloak JavaScript CI	Run /./.github/actions/status-check	2024-10-24T14:39:08.5909989Z  - admin-ui: success
Status Check - Keycloak JavaScript CI	Run /./.github/actions/status-check	2024-10-24T14:39:08.5910367Z  - admin-ui-e2e: failure
Status Check - Keycloak JavaScript CI	Run /./.github/actions/status-check	2024-10-24T14:39:08.6113721Z 
Status Check - Keycloak JavaScript CI	Run /./.github/actions/status-check	2024-10-24T14:39:08.6114012Z Status check not okay!
Status Check - Keycloak JavaScript CI	Run /./.github/actions/status-check	2024-10-24T14:39:08.6127433Z ##[error]Process completed with exit code 1.
