Test remote	Test operator running in cluster	2025-04-30T11:07:25.0286981Z ##[group]Run eval $(minikube -p minikube docker-env)
Test remote	Test operator running in cluster	2025-04-30T11:07:25.0287672Z [36;1meval $(minikube -p minikube docker-env)[0m
Test remote	Test operator running in cluster	2025-04-30T11:07:25.0288342Z [36;1m./mvnw install -Poperator -pl :keycloak-operator -am \[0m
Test remote	Test operator running in cluster	2025-04-30T11:07:25.0289364Z [36;1m    -Dquarkus.container-image.build=true \[0m
Test remote	Test operator running in cluster	2025-04-30T11:07:25.0290009Z [36;1m    -Dquarkus.kubernetes.image-pull-policy=IfNotPresent \[0m
Test remote	Test operator running in cluster	2025-04-30T11:07:25.0290669Z [36;1m    -Dkc.operator.keycloak.image=keycloak:0.0.1-c4592d \[0m
Test remote	Test operator running in cluster	2025-04-30T11:07:25.0291455Z [36;1m    -Dquarkus.kubernetes.env.vars.kc-operator-keycloak-image-pull-policy=Never \[0m
Test remote	Test operator running in cluster	2025-04-30T11:07:25.0292310Z [36;1m    -Dtest.operator.custom.image=custom-keycloak:0.0.1-c4592d \[0m
Test remote	Test operator running in cluster	2025-04-30T11:07:25.0293030Z [36;1m    --no-transfer-progress -Dtest.operator.deployment=remote[0m
Test remote	Test operator running in cluster	2025-04-30T11:07:25.0337046Z shell: /usr/bin/bash --noprofile --norc -e -o pipefail {0}
Test remote	Test operator running in cluster	2025-04-30T11:07:25.0337607Z env:
Test remote	Test operator running in cluster	2025-04-30T11:07:25.0338081Z   MAVEN_ARGS: -B -nsu -Daether.connector.http.connectionMaxTtl=25
Test remote	Test operator running in cluster	2025-04-30T11:07:25.0338942Z   MINIKUBE_VERSION: v1.32.0
Test remote	Test operator running in cluster	2025-04-30T11:07:25.0339370Z   KUBERNETES_VERSION: v1.27.10
Test remote	Test operator running in cluster	2025-04-30T11:07:25.0339810Z   MINIKUBE_MEMORY: 4096
Test remote	Test operator running in cluster	2025-04-30T11:07:25.0340192Z   version_remote: 0.0.1-c4592d
Test remote	Test operator running in cluster	2025-04-30T11:07:25.0340777Z   JAVA_HOME: /opt/hostedtoolcache/Java_Temurin-Hotspot_jdk/21.0.7-6/x64
Test remote	Test operator running in cluster	2025-04-30T11:07:25.0341624Z   JAVA_HOME_21_X64: /opt/hostedtoolcache/Java_Temurin-Hotspot_jdk/21.0.7-6/x64
Test remote	Test operator running in cluster	2025-04-30T11:07:25.0342307Z   MINIKUBE_HOME: /home/runner/work/_temp
Test remote	Test operator running in cluster	2025-04-30T11:07:25.0342765Z ##[endgroup]
Test remote	Test operator running in cluster	2025-04-30T11:07:28.4547795Z [INFO] Loading cache configuration from /home/runner/work/keycloak/keycloak/.mvn/maven-build-cache-config.xml
Test remote	Test operator running in cluster	2025-04-30T11:07:28.4702667Z [INFO] Scanning for projects...
Test remote	Test operator running in cluster	2025-04-30T11:07:29.2899618Z [INFO] ------------------------------------------------------------------------
Test remote	Test operator running in cluster	2025-04-30T11:07:29.2925588Z [INFO] Reactor Build Order:
Test remote	Test operator running in cluster	2025-04-30T11:07:29.2926012Z [INFO] 
Test remote	Test operator running in cluster	2025-04-30T11:07:29.2926422Z [INFO] Keycloak                                                           [pom]
Test remote	Test operator running in cluster	2025-04-30T11:07:29.2927107Z [INFO] Keycloak Common                                                    [jar]
Test remote	Test operator running in cluster	2025-04-30T11:07:29.2927755Z [INFO] Keycloak Core                                                      [jar]
Test remote	Test operator running in cluster	2025-04-30T11:07:29.2928377Z [INFO] Keycloak Operator                                                  [jar]
Test remote	Test operator running in cluster	2025-04-30T11:07:29.2996319Z [INFO] 
Test remote	Test operator running in cluster	2025-04-30T11:07:29.2997100Z [INFO] --------------------< org.keycloak:keycloak-parent >--------------------
Test remote	Test operator running in cluster	2025-04-30T11:07:29.2999039Z [INFO] Building Keycloak 999.0.0-SNAPSHOT                                 [1/4]
Test remote	Test operator running in cluster	2025-04-30T11:07:29.2999686Z [INFO]   from pom.xml
Test remote	Test operator running in cluster	2025-04-30T11:07:29.3000156Z [INFO] --------------------------------[ pom ]---------------------------------
Test remote	Test operator running in cluster	2025-04-30T11:07:31.6219667Z [INFO] 
Test remote	Test operator running in cluster	2025-04-30T11:07:31.6220838Z [INFO] --- enforcer:3.0.0-M3:enforce (enforce-java-version) @ keycloak-parent ---
Test remote	Test operator running in cluster	2025-04-30T11:07:41.9037628Z [INFO] 
Test remote	Test operator running in cluster	2025-04-30T11:07:41.9039223Z [INFO] --- enforcer:3.0.0-M3:enforce (enforce-maven-version) @ keycloak-parent ---
Test remote	Test operator running in cluster	2025-04-30T11:07:41.9056238Z [INFO] 
Test remote	Test operator running in cluster	2025-04-30T11:07:41.9057483Z [INFO] --- buildnumber:1.4:create (get-scm-revision) @ keycloak-parent ---
Test remote	Test operator running in cluster	2025-04-30T11:07:56.8338300Z [INFO] Executing: /bin/sh -c cd '/home/runner/work/keycloak/keycloak' && 'git' 'rev-parse' '--verify' 'HEAD'
Test remote	Test operator running in cluster	2025-04-30T11:07:56.8343011Z [INFO] Working directory: /home/runner/work/keycloak/keycloak
Test remote	Test operator running in cluster	2025-04-30T11:07:56.8542475Z [INFO] Storing buildNumber: c4592ddc6f72c16d1a0dadfdc229769acfa1231b at timestamp: 1746011276819
Test remote	Test operator running in cluster	2025-04-30T11:07:56.8590944Z [WARNING] Cannot get the branch information from the git repository: 
Test remote	Test operator running in cluster	2025-04-30T11:07:56.8595203Z Detecting the current branch failed: fatal: ref HEAD is not a symbolic ref
Test remote	Test operator running in cluster	2025-04-30T11:07:56.8595786Z 
Test remote	Test operator running in cluster	2025-04-30T11:07:56.8596344Z [INFO] Executing: /bin/sh -c cd '/home/runner/work/keycloak/keycloak' && 'git' 'rev-parse' '--verify' 'HEAD'
Test remote	Test operator running in cluster	2025-04-30T11:07:56.8597306Z [INFO] Working directory: /home/runner/work/keycloak/keycloak
Test remote	Test operator running in cluster	2025-04-30T11:07:56.8640532Z [INFO] Storing buildScmBranch: UNKNOWN
Test remote	Test operator running in cluster	2025-04-30T11:07:56.8641887Z [INFO] 
Test remote	Test operator running in cluster	2025-04-30T11:07:56.8642833Z [INFO] --- source:3.1.0:jar-no-fork (attach-sources) @ keycloak-parent ---
Test remote	Test operator running in cluster	2025-04-30T11:07:58.8329423Z [INFO] 
Test remote	Test operator running in cluster	2025-04-30T11:07:58.8348157Z [INFO] --- install:2.5.2:install (default-install) @ keycloak-parent ---
Test remote	Test operator running in cluster	2025-04-30T11:07:59.9103998Z [INFO] Installing /home/runner/work/keycloak/keycloak/pom.xml to /home/runner/.m2/repository/org/keycloak/keycloak-parent/999.0.0-SNAPSHOT/keycloak-parent-999.0.0-SNAPSHOT.pom
Test remote	Test operator running in cluster	2025-04-30T11:07:59.9211992Z [INFO] 
Test remote	Test operator running in cluster	2025-04-30T11:07:59.9212951Z [INFO] --------------------< org.keycloak:keycloak-common >--------------------
Test remote	Test operator running in cluster	2025-04-30T11:07:59.9219475Z [INFO] Building Keycloak Common 999.0.0-SNAPSHOT                          [2/4]
Test remote	Test operator running in cluster	2025-04-30T11:07:59.9220151Z [INFO]   from common/pom.xml
Test remote	Test operator running in cluster	2025-04-30T11:07:59.9220655Z [INFO] --------------------------------[ jar ]---------------------------------
Test remote	Test operator running in cluster	2025-04-30T11:08:01.7316123Z [INFO] 
Test remote	Test operator running in cluster	2025-04-30T11:08:01.7318383Z [INFO] --- enforcer:3.0.0-M3:enforce (enforce-java-version) @ keycloak-common ---
Test remote	Test operator running in cluster	2025-04-30T11:08:01.7331772Z [INFO] 
Test remote	Test operator running in cluster	2025-04-30T11:08:01.7332753Z [INFO] --- enforcer:3.0.0-M3:enforce (enforce-maven-version) @ keycloak-common ---
Test remote	Test operator running in cluster	2025-04-30T11:08:01.7339591Z [INFO] 
Test remote	Test operator running in cluster	2025-04-30T11:08:01.7340152Z [INFO] --- buildnumber:1.4:create (get-scm-revision) @ keycloak-common ---
Test remote	Test operator running in cluster	2025-04-30T11:08:01.7352038Z [INFO] 
Test remote	Test operator running in cluster	2025-04-30T11:08:01.7352922Z [INFO] --- resources:3.2.0:resources (default-resources) @ keycloak-common ---
Test remote	Test operator running in cluster	2025-04-30T11:08:08.1740107Z [INFO] Using 'UTF-8' encoding to copy filtered resources.
Test remote	Test operator running in cluster	2025-04-30T11:08:08.1743542Z [INFO] Using 'UTF-8' encoding to copy filtered properties files.
Test remote	Test operator running in cluster	2025-04-30T11:08:08.1766543Z [INFO] Copying 1 resource
Test remote	Test operator running in cluster	2025-04-30T11:08:08.1948014Z [INFO] The encoding used to copy filtered properties files have not been set. This means that the same encoding will be used to copy filtered properties files as when copying other filtered resources. This might not be what you want! Run your build with --debug to see which files might be affected. Read more at https://maven.apache.org/plugins/maven-resources-plugin/examples/filtering-properties-files.html
Test remote	Test operator running in cluster	2025-04-30T11:08:08.1951226Z [INFO] 
Test remote	Test operator running in cluster	2025-04-30T11:08:08.1952136Z [INFO] --- compiler:3.8.1:compile (default-compile) @ keycloak-common ---
Test remote	Test operator running in cluster	2025-04-30T11:08:10.2643591Z [INFO] Changes detected - recompiling the module!
Test remote	Test operator running in cluster	2025-04-30T11:08:10.2671512Z [INFO] Compiling 71 source files to /home/runner/work/keycloak/keycloak/common/target/classes
Test remote	Test operator running in cluster	2025-04-30T11:08:12.1977104Z [WARNING] source value 8 is obsolete and will be removed in a future release
Test remote	Test operator running in cluster	2025-04-30T11:08:12.1989630Z [WARNING] target value 8 is obsolete and will be removed in a future release
Test remote	Test operator running in cluster	2025-04-30T11:08:12.1990724Z [WARNING] To suppress warnings about obsolete options, use -Xlint:-options.
Test remote	Test operator running in cluster	2025-04-30T11:08:12.1993847Z [WARNING] /home/runner/work/keycloak/keycloak/common/src/main/java/org/keycloak/common/util/reflections/Types.java:[84,38] unchecked call to isAssignableFrom(java.lang.Class<?>) as a member of the raw type java.lang.Class
Test remote	Test operator running in cluster	2025-04-30T11:08:12.1996746Z [WARNING] /home/runner/work/keycloak/keycloak/common/src/main/java/org/keycloak/common/util/reflections/Types.java:[172,44] unchecked call to isAssignableFrom(java.lang.Class<?>) as a member of the raw type java.lang.Class
Test remote	Test operator running in cluster	2025-04-30T11:08:12.2000168Z [WARNING] /home/runner/work/keycloak/keycloak/common/src/main/java/org/keycloak/common/util/reflections/Types.java:[233,35] unchecked call to getMethod(java.lang.String,java.lang.Class<?>...) as a member of the raw type java.lang.Class
Test remote	Test operator running in cluster	2025-04-30T11:08:12.2003375Z [WARNING] /home/runner/work/keycloak/keycloak/common/src/main/java/org/keycloak/common/util/reflections/Types.java:[241,41] unchecked call to getMethod(java.lang.String,java.lang.Class<?>...) as a member of the raw type java.lang.Class
Test remote	Test operator running in cluster	2025-04-30T11:08:12.2005935Z [WARNING] /home/runner/work/keycloak/keycloak/common/src/main/java/org/keycloak/common/util/reflections/Reflections.java:[267,48] unchecked cast
Test remote	Test operator running in cluster	2025-04-30T11:08:12.2007559Z   required: java.lang.Class<T>
Test remote	Test operator running in cluster	2025-04-30T11:08:12.2008038Z   found:    java.lang.Class<capture#1 of ?>
Test remote	Test operator running in cluster	2025-04-30T11:08:12.2009488Z [WARNING] /home/runner/work/keycloak/keycloak/common/src/main/java/org/keycloak/common/util/reflections/Reflections.java:[269,48] unchecked cast
Test remote	Test operator running in cluster	2025-04-30T11:08:12.2010704Z   required: java.lang.Class<T>
Test remote	Test operator running in cluster	2025-04-30T11:08:12.2011143Z   found:    java.lang.Class<capture#2 of ?>
Test remote	Test operator running in cluster	2025-04-30T11:08:12.2012331Z [WARNING] /home/runner/work/keycloak/keycloak/common/src/main/java/org/keycloak/common/util/reflections/Reflections.java:[274,52] unchecked cast
Test remote	Test operator running in cluster	2025-04-30T11:08:12.2013505Z   required: java.lang.Class<T>
Test remote	Test operator running in cluster	2025-04-30T11:08:12.2013938Z   found:    java.lang.Class<capture#3 of ?>
Test remote	Test operator running in cluster	2025-04-30T11:08:12.2015163Z [WARNING] /home/runner/work/keycloak/keycloak/common/src/main/java/org/keycloak/common/util/reflections/Reflections.java:[1013,86] unchecked cast
Test remote	Test operator running in cluster	2025-04-30T11:08:12.2016355Z   required: T
Test remote	Test operator running in cluster	2025-04-30T11:08:12.2016683Z   found:    java.lang.Object
Test remote	Test operator running in cluster	2025-04-30T11:08:12.2018059Z [WARNING] /home/runner/work/keycloak/keycloak/common/src/main/java/org/keycloak/common/util/MultivaluedMap.java:[34,34] Possible heap pollution from parameterized vararg type V
Test remote	Test operator running in cluster	2025-04-30T11:08:12.2020597Z [WARNING] /home/runner/work/keycloak/keycloak/common/src/main/java/org/keycloak/common/util/Encode.java:[210,48] encode(java.lang.String) in java.net.URLEncoder has been deprecated
Test remote	Test operator running in cluster	2025-04-30T11:08:12.2022595Z [WARNING] /home/runner/work/keycloak/keycloak/common/src/main/java/org/keycloak/common/util/Resteasy.java:[48,44] unchecked cast
Test remote	Test operator running in cluster	2025-04-30T11:08:12.2029376Z   required: R
Test remote	Test operator running in cluster	2025-04-30T11:08:12.2029739Z   found:    java.lang.Object
Test remote	Test operator running in cluster	2025-04-30T11:08:12.2030772Z [WARNING] /home/runner/work/keycloak/keycloak/common/src/main/java/org/keycloak/common/util/Resteasy.java:[67,44] unchecked cast
Test remote	Test operator running in cluster	2025-04-30T11:08:12.2031825Z   required: R
Test remote	Test operator running in cluster	2025-04-30T11:08:12.2032152Z   found:    java.lang.Object
Test remote	Test operator running in cluster	2025-04-30T11:08:12.2033827Z [WARNING] /home/runner/work/keycloak/keycloak/common/src/main/java/org/keycloak/common/util/Resteasy.java:[78,20] unchecked method invocation: method pushContext in class org.keycloak.common.util.Resteasy is applied to given types
Test remote	Test operator running in cluster	2025-04-30T11:08:12.2035553Z   required: java.lang.Class<R>,R
Test remote	Test operator running in cluster	2025-04-30T11:08:12.2036028Z   found:    java.lang.Class,java.lang.Object
Test remote	Test operator running in cluster	2025-04-30T11:08:12.2037180Z [WARNING] /home/runner/work/keycloak/keycloak/common/src/main/java/org/keycloak/common/util/Resteasy.java:[78,21] unchecked conversion
Test remote	Test operator running in cluster	2025-04-30T11:08:12.2038291Z   required: java.lang.Class<R>
Test remote	Test operator running in cluster	2025-04-30T11:08:12.2038866Z   found:    java.lang.Class
Test remote	Test operator running in cluster	2025-04-30T11:08:12.2039249Z [INFO] 
Test remote	Test operator running in cluster	2025-04-30T11:08:12.2039802Z [INFO] --- resources:3.2.0:testResources (default-testResources) @ keycloak-common ---
Test remote	Test operator running in cluster	2025-04-30T11:08:12.2116631Z [INFO] Using 'UTF-8' encoding to copy filtered resources.
Test remote	Test operator running in cluster	2025-04-30T11:08:12.2130936Z [INFO] Using 'UTF-8' encoding to copy filtered properties files.
Test remote	Test operator running in cluster	2025-04-30T11:08:12.2131930Z [INFO] skip non existing resourceDirectory /home/runner/work/keycloak/keycloak/common/src/test/resources
Test remote	Test operator running in cluster	2025-04-30T11:08:12.2132736Z [INFO] 
Test remote	Test operator running in cluster	2025-04-30T11:08:12.2133251Z [INFO] --- compiler:3.8.1:testCompile (default-testCompile) @ keycloak-common ---
Test remote	Test operator running in cluster	2025-04-30T11:08:12.2165672Z [INFO] Changes detected - recompiling the module!
Test remote	Test operator running in cluster	2025-04-30T11:08:12.2169280Z [INFO] Compiling 14 source files to /home/runner/work/keycloak/keycloak/common/target/test-classes
Test remote	Test operator running in cluster	2025-04-30T11:08:12.5044710Z [WARNING] source value 8 is obsolete and will be removed in a future release
Test remote	Test operator running in cluster	2025-04-30T11:08:12.5049761Z [WARNING] target value 8 is obsolete and will be removed in a future release
Test remote	Test operator running in cluster	2025-04-30T11:08:12.5050674Z [WARNING] To suppress warnings about obsolete options, use -Xlint:-options.
Test remote	Test operator running in cluster	2025-04-30T11:08:12.5051311Z [INFO] 
Test remote	Test operator running in cluster	2025-04-30T11:08:12.5051782Z [INFO] --- surefire:3.0.0-M7:test (default-test) @ keycloak-common ---
Test remote	Test operator running in cluster	2025-04-30T11:08:19.0437428Z [INFO] Using auto detected provider org.apache.maven.surefire.junit4.JUnit4Provider
Test remote	Test operator running in cluster	2025-04-30T11:08:20.6460505Z [INFO] 
Test remote	Test operator running in cluster	2025-04-30T11:08:20.6463072Z [INFO] -------------------------------------------------------
Test remote	Test operator running in cluster	2025-04-30T11:08:20.6463572Z [INFO]  T E S T S
Test remote	Test operator running in cluster	2025-04-30T11:08:20.6468431Z [INFO] -------------------------------------------------------
Test remote	Test operator running in cluster	2025-04-30T11:08:20.9269714Z [INFO] Running org.keycloak.common.ProfileTest
Test remote	Test operator running in cluster	2025-04-30T11:08:21.1579804Z Apr 30, 2025 11:08:21 AM org.keycloak.common.Profile logUnsupportedFeatures
Test remote	Test operator running in cluster	2025-04-30T11:08:21.1580749Z INFO: Preview features enabled: admin-fine-grained-authz:v1
Test remote	Test operator running in cluster	2025-04-30T11:08:21.1581541Z Apr 30, 2025 11:08:21 AM org.keycloak.common.Profile logUnsupportedFeatures
Test remote	Test operator running in cluster	2025-04-30T11:08:21.1582301Z WARN: Experimental features enabled: dynamic-scopes:v1
Test remote	Test operator running in cluster	2025-04-30T11:08:21.1583062Z Apr 30, 2025 11:08:21 AM org.keycloak.common.Profile logUnsupportedFeatures
Test remote	Test operator running in cluster	2025-04-30T11:08:21.1583752Z WARN: Deprecated features enabled: login:v1
Test remote	Test operator running in cluster	2025-04-30T11:08:21.1737477Z Apr 30, 2025 11:08:21 AM org.keycloak.common.Profile logUnsupportedFeatures
Test remote	Test operator running in cluster	2025-04-30T11:08:21.1740540Z INFO: Preview features enabled: admin-fine-grained-authz:v1, client-secret-rotation:v1, dpop:v1, opentelemetry:v1, passkeys:v1, recovery-codes:v1, scripts:v1, token-exchange:v1, update-email:v1
Test remote	Test operator running in cluster	2025-04-30T11:08:21.1783227Z Apr 30, 2025 11:08:21 AM org.keycloak.common.Profile logUnsupportedFeatures
Test remote	Test operator running in cluster	2025-04-30T11:08:21.1785404Z INFO: Preview features enabled: admin-fine-grained-authz:v1
Test remote	Test operator running in cluster	2025-04-30T11:08:21.1787497Z Apr 30, 2025 11:08:21 AM org.keycloak.common.Profile logUnsupportedFeatures
Test remote	Test operator running in cluster	2025-04-30T11:08:21.1789549Z WARN: Experimental features enabled: dynamic-scopes:v1
Test remote	Test operator running in cluster	2025-04-30T11:08:21.1790526Z Apr 30, 2025 11:08:21 AM org.keycloak.common.Profile logUnsupportedFeatures
Test remote	Test operator running in cluster	2025-04-30T11:08:21.1791251Z WARN: Deprecated features enabled: login:v1
Test remote	Test operator running in cluster	2025-04-30T11:08:21.1837497Z Apr 30, 2025 11:08:21 AM org.keycloak.common.Profile logUnsupportedFeatures
Test remote	Test operator running in cluster	2025-04-30T11:08:21.1839445Z INFO: Preview features enabled: admin-fine-grained-authz:v1
Test remote	Test operator running in cluster	2025-04-30T11:08:21.1865243Z Apr 30, 2025 11:08:21 AM org.keycloak.common.Profile logUnsupportedFeatures
Test remote	Test operator running in cluster	2025-04-30T11:08:21.1867018Z INFO: Preview features enabled: admin-fine-grained-authz:v1, client-secret-rotation:v1, dpop:v1, opentelemetry:v1, passkeys:v1, recovery-codes:v1, scripts:v1, token-exchange:v1, update-email:v1
Test remote	Test operator running in cluster	2025-04-30T11:08:21.2033542Z Apr 30, 2025 11:08:21 AM org.keycloak.common.util.KerberosJdkProvider isKerberosAvailable
Test remote	Test operator running in cluster	2025-04-30T11:08:21.2034851Z WARN: Kerberos feature not supported by JDK. Check security providers for your JDK in java.security. Supported mechanisms: []
Test remote	Test operator running in cluster	2025-04-30T11:08:21.2062625Z Apr 30, 2025 11:08:21 AM org.keycloak.common.util.KerberosJdkProvider isKerberosAvailable
Test remote	Test operator running in cluster	2025-04-30T11:08:21.2064236Z WARN: Kerberos feature not supported by JDK. Check security providers for your JDK in java.security. Supported mechanisms: []
Test remote	Test operator running in cluster	2025-04-30T11:08:21.2067558Z Apr 30, 2025 11:08:21 AM org.keycloak.common.util.KerberosJdkProvider isKerberosAvailable
Test remote	Test operator running in cluster	2025-04-30T11:08:21.2068973Z WARN: Kerberos feature not supported by JDK. Check security providers for your JDK in java.security. Supported mechanisms: []
Test remote	Test operator running in cluster	2025-04-30T11:08:21.2070200Z Apr 30, 2025 11:08:21 AM org.keycloak.common.util.KerberosJdkProvider isKerberosAvailable
Test remote	Test operator running in cluster	2025-04-30T11:08:21.2071747Z WARN: Kerberos feature not supported by JDK. Check security providers for your JDK in java.security. Supported mechanisms: []
Test remote	Test operator running in cluster	2025-04-30T11:08:21.2135463Z Apr 30, 2025 11:08:21 AM org.keycloak.common.Profile logUnsupportedFeatures
Test remote	Test operator running in cluster	2025-04-30T11:08:21.2136693Z INFO: Preview features enabled: admin-fine-grained-authz:v1
Test remote	Test operator running in cluster	2025-04-30T11:08:21.2137901Z Apr 30, 2025 11:08:21 AM org.keycloak.common.Profile logUnsupportedFeatures
Test remote	Test operator running in cluster	2025-04-30T11:08:21.2139082Z WARN: Experimental features enabled: dynamic-scopes:v1
Test remote	Test operator running in cluster	2025-04-30T11:08:21.2140178Z Apr 30, 2025 11:08:21 AM org.keycloak.common.Profile logUnsupportedFeatures
Test remote	Test operator running in cluster	2025-04-30T11:08:21.2141070Z WARN: Deprecated features enabled: login:v1
Test remote	Test operator running in cluster	2025-04-30T11:08:21.2641957Z [INFO] Tests run: 16, Failures: 0, Errors: 0, Skipped: 0, Time elapsed: 0.298 s - in org.keycloak.common.ProfileTest
Test remote	Test operator running in cluster	2025-04-30T11:08:21.2643262Z [INFO] Running org.keycloak.common.enums.SslRequiredTest
Test remote	Test operator running in cluster	2025-04-30T11:08:21.2752583Z [INFO] Tests run: 1, Failures: 0, Errors: 0, Skipped: 0, Time elapsed: 0.004 s - in org.keycloak.common.enums.SslRequiredTest
Test remote	Test operator running in cluster	2025-04-30T11:08:21.2753677Z [INFO] Running org.keycloak.common.util.Base64DecodeTest
Test remote	Test operator running in cluster	2025-04-30T11:08:21.2825381Z [INFO] Tests run: 5, Failures: 0, Errors: 0, Skipped: 0, Time elapsed: 0 s - in org.keycloak.common.util.Base64DecodeTest
Test remote	Test operator running in cluster	2025-04-30T11:08:21.2826718Z [INFO] Running org.keycloak.common.util.CollectionUtilTest
Test remote	Test operator running in cluster	2025-04-30T11:08:21.2875105Z [INFO] Tests run: 6, Failures: 0, Errors: 0, Skipped: 0, Time elapsed: 0 s - in org.keycloak.common.util.CollectionUtilTest
Test remote	Test operator running in cluster	2025-04-30T11:08:21.2876282Z [INFO] Running org.keycloak.common.util.HtmlUtilsTest
Test remote	Test operator running in cluster	2025-04-30T11:08:21.2914478Z [INFO] Tests run: 1, Failures: 0, Errors: 0, Skipped: 0, Time elapsed: 0 s - in org.keycloak.common.util.HtmlUtilsTest
Test remote	Test operator running in cluster	2025-04-30T11:08:21.2915637Z [INFO] Running org.keycloak.common.util.KeyUtilsTest
Test remote	Test operator running in cluster	2025-04-30T11:08:21.2945232Z [INFO] Tests run: 1, Failures: 0, Errors: 0, Skipped: 0, Time elapsed: 0 s - in org.keycloak.common.util.KeyUtilsTest
Test remote	Test operator running in cluster	2025-04-30T11:08:21.2946427Z [INFO] Running org.keycloak.common.util.KeycloakUriBuilderTest
Test remote	Test operator running in cluster	2025-04-30T11:08:21.3054004Z [INFO] Tests run: 5, Failures: 0, Errors: 0, Skipped: 0, Time elapsed: 0.006 s - in org.keycloak.common.util.KeycloakUriBuilderTest
Test remote	Test operator running in cluster	2025-04-30T11:08:21.3055333Z [INFO] Running org.keycloak.common.util.KeystoreUtilTest
Test remote	Test operator running in cluster	2025-04-30T11:08:21.3125290Z [INFO] Tests run: 1, Failures: 0, Errors: 0, Skipped: 0, Time elapsed: 0 s - in org.keycloak.common.util.KeystoreUtilTest
Test remote	Test operator running in cluster	2025-04-30T11:08:21.3126468Z [INFO] Running org.keycloak.common.util.MultivaluedHashMapTest
Test remote	Test operator running in cluster	2025-04-30T11:08:21.3222409Z [INFO] Tests run: 5, Failures: 0, Errors: 0, Skipped: 0, Time elapsed: 0 s - in org.keycloak.common.util.MultivaluedHashMapTest
Test remote	Test operator running in cluster	2025-04-30T11:08:21.3223515Z [INFO] Running org.keycloak.common.util.PaddingUtilsTest
Test remote	Test operator running in cluster	2025-04-30T11:08:21.3314146Z [INFO] Tests run: 1, Failures: 0, Errors: 0, Skipped: 0, Time elapsed: 0 s - in org.keycloak.common.util.PaddingUtilsTest
Test remote	Test operator running in cluster	2025-04-30T11:08:21.3315244Z [INFO] Running org.keycloak.common.util.PathMatcherTest
Test remote	Test operator running in cluster	2025-04-30T11:08:21.3382659Z [INFO] Tests run: 1, Failures: 0, Errors: 0, Skipped: 0, Time elapsed: 0.001 s - in org.keycloak.common.util.PathMatcherTest
Test remote	Test operator running in cluster	2025-04-30T11:08:21.3383882Z [INFO] Running org.keycloak.common.util.StringPropertyReplacerTest
Test remote	Test operator running in cluster	2025-04-30T11:08:21.3419630Z [INFO] Tests run: 3, Failures: 0, Errors: 0, Skipped: 0, Time elapsed: 0.002 s - in org.keycloak.common.util.StringPropertyReplacerTest
Test remote	Test operator running in cluster	2025-04-30T11:08:21.3420918Z [INFO] Running org.keycloak.common.util.StringSerializationTest
Test remote	Test operator running in cluster	2025-04-30T11:08:21.3622665Z [INFO] Tests run: 3, Failures: 0, Errors: 0, Skipped: 0, Time elapsed: 0.02 s - in org.keycloak.common.util.StringSerializationTest
Test remote	Test operator running in cluster	2025-04-30T11:08:21.3626776Z [INFO] Running org.keycloak.common.util.URLEncodingTest
Test remote	Test operator running in cluster	2025-04-30T11:08:21.3689623Z [INFO] Tests run: 2, Failures: 0, Errors: 0, Skipped: 0, Time elapsed: 0.003 s - in org.keycloak.common.util.URLEncodingTest
Test remote	Test operator running in cluster	2025-04-30T11:08:21.4002598Z [INFO] 
Test remote	Test operator running in cluster	2025-04-30T11:08:21.4003005Z [INFO] Results:
Test remote	Test operator running in cluster	2025-04-30T11:08:21.4003689Z [INFO] 
Test remote	Test operator running in cluster	2025-04-30T11:08:21.4007245Z [INFO] Tests run: 51, Failures: 0, Errors: 0, Skipped: 0
Test remote	Test operator running in cluster	2025-04-30T11:08:21.4007824Z [INFO] 
Test remote	Test operator running in cluster	2025-04-30T11:08:21.4028928Z [INFO] 
Test remote	Test operator running in cluster	2025-04-30T11:08:21.4029382Z [INFO] --- jar:3.1.2:jar (default-jar) @ keycloak-common ---
Test remote	Test operator running in cluster	2025-04-30T11:08:23.3059844Z [INFO] Building jar: /home/runner/work/keycloak/keycloak/common/target/keycloak-common-999.0.0-SNAPSHOT.jar
Test remote	Test operator running in cluster	2025-04-30T11:08:23.3423138Z [INFO] 
Test remote	Test operator running in cluster	2025-04-30T11:08:23.3423786Z [INFO] --- source:3.1.0:jar-no-fork (attach-sources) @ keycloak-common ---
Test remote	Test operator running in cluster	2025-04-30T11:08:23.3963860Z [INFO] Building jar: /home/runner/work/keycloak/keycloak/common/target/keycloak-common-999.0.0-SNAPSHOT-sources.jar
Test remote	Test operator running in cluster	2025-04-30T11:08:23.4410291Z [INFO] 
Test remote	Test operator running in cluster	2025-04-30T11:08:23.4419154Z [INFO] --- install:2.5.2:install (default-install) @ keycloak-common ---
Test remote	Test operator running in cluster	2025-04-30T11:08:23.4463092Z [INFO] Installing /home/runner/work/keycloak/keycloak/common/target/keycloak-common-999.0.0-SNAPSHOT.jar to /home/runner/.m2/repository/org/keycloak/keycloak-common/999.0.0-SNAPSHOT/keycloak-common-999.0.0-SNAPSHOT.jar
Test remote	Test operator running in cluster	2025-04-30T11:08:23.4472017Z [INFO] Installing /home/runner/work/keycloak/keycloak/common/pom.xml to /home/runner/.m2/repository/org/keycloak/keycloak-common/999.0.0-SNAPSHOT/keycloak-common-999.0.0-SNAPSHOT.pom
Test remote	Test operator running in cluster	2025-04-30T11:08:23.4492216Z [INFO] Installing /home/runner/work/keycloak/keycloak/common/target/keycloak-common-999.0.0-SNAPSHOT-sources.jar to /home/runner/.m2/repository/org/keycloak/keycloak-common/999.0.0-SNAPSHOT/keycloak-common-999.0.0-SNAPSHOT-sources.jar
Test remote	Test operator running in cluster	2025-04-30T11:08:23.4532687Z [INFO] 
Test remote	Test operator running in cluster	2025-04-30T11:08:23.4534937Z [INFO] ---------------------< org.keycloak:keycloak-core >---------------------
Test remote	Test operator running in cluster	2025-04-30T11:08:23.4536070Z [INFO] Building Keycloak Core 999.0.0-SNAPSHOT                            [3/4]
Test remote	Test operator running in cluster	2025-04-30T11:08:23.4538208Z [INFO]   from core/pom.xml
Test remote	Test operator running in cluster	2025-04-30T11:08:23.4539320Z [INFO] --------------------------------[ jar ]---------------------------------
Test remote	Test operator running in cluster	2025-04-30T11:08:23.5921203Z [INFO] 
Test remote	Test operator running in cluster	2025-04-30T11:08:23.5924095Z [INFO] --- enforcer:3.0.0-M3:enforce (enforce-java-version) @ keycloak-core ---
Test remote	Test operator running in cluster	2025-04-30T11:08:23.5949469Z [INFO] 
Test remote	Test operator running in cluster	2025-04-30T11:08:23.5959519Z [INFO] --- enforcer:3.0.0-M3:enforce (enforce-maven-version) @ keycloak-core ---
Test remote	Test operator running in cluster	2025-04-30T11:08:23.5960518Z [INFO] 
Test remote	Test operator running in cluster	2025-04-30T11:08:23.5961187Z [INFO] --- buildnumber:1.4:create (get-scm-revision) @ keycloak-core ---
Test remote	Test operator running in cluster	2025-04-30T11:08:23.5961955Z [INFO] 
Test remote	Test operator running in cluster	2025-04-30T11:08:23.5962625Z [INFO] --- resources:3.2.0:resources (default-resources) @ keycloak-core ---
Test remote	Test operator running in cluster	2025-04-30T11:08:23.5969223Z [INFO] Using 'UTF-8' encoding to copy filtered resources.
Test remote	Test operator running in cluster	2025-04-30T11:08:23.5973751Z [INFO] Using 'UTF-8' encoding to copy filtered properties files.
Test remote	Test operator running in cluster	2025-04-30T11:08:23.6013443Z [INFO] Copying 1 resource
Test remote	Test operator running in cluster	2025-04-30T11:08:23.6014064Z [INFO] 
Test remote	Test operator running in cluster	2025-04-30T11:08:23.6014743Z [INFO] --- compiler:3.8.1:compile (default-compile) @ keycloak-core ---
Test remote	Test operator running in cluster	2025-04-30T11:08:23.6418188Z [INFO] Changes detected - recompiling the module!
Test remote	Test operator running in cluster	2025-04-30T11:08:23.6426748Z [INFO] Compiling 288 source files to /home/runner/work/keycloak/keycloak/core/target/classes
Test remote	Test operator running in cluster	2025-04-30T11:08:24.8081925Z [WARNING] source value 8 is obsolete and will be removed in a future release
Test remote	Test operator running in cluster	2025-04-30T11:08:24.8083874Z [WARNING] target value 8 is obsolete and will be removed in a future release
Test remote	Test operator running in cluster	2025-04-30T11:08:24.8084665Z [WARNING] To suppress warnings about obsolete options, use -Xlint:-options.
Test remote	Test operator running in cluster	2025-04-30T11:08:24.8086340Z [WARNING] /home/runner/work/keycloak/keycloak/core/src/main/java/org/keycloak/jose/jws/crypto/HMACProvider.java:[22,29] org.keycloak.jose.jws.Algorithm in org.keycloak.jose.jws has been deprecated
Test remote	Test operator running in cluster	2025-04-30T11:08:24.8089013Z [WARNING] /home/runner/work/keycloak/keycloak/core/src/main/java/org/keycloak/jose/jws/crypto/RSAProvider.java:[22,29] org.keycloak.jose.jws.Algorithm in org.keycloak.jose.jws has been deprecated
Test remote	Test operator running in cluster	2025-04-30T11:08:24.8091865Z [WARNING] /home/runner/work/keycloak/keycloak/core/src/main/java/org/keycloak/TokenVerifier.java:[359,28] unchecked generic array creation for varargs parameter of type org.keycloak.TokenVerifier.Predicate<org.keycloak.representations.JsonWebToken>[]
Test remote	Test operator running in cluster	2025-04-30T11:08:24.8095163Z [WARNING] /home/runner/work/keycloak/keycloak/core/src/main/java/org/keycloak/jose/jws/JWSInput.java:[82,22] getHeader() in org.keycloak.jose.jws.JWSInput implements <H>getHeader() in org.keycloak.jose.JOSE
Test remote	Test operator running in cluster	2025-04-30T11:08:24.8100452Z   return type requires unchecked conversion from org.keycloak.jose.jws.JWSHeader to H
Test remote	Test operator running in cluster	2025-04-30T11:08:24.8102193Z [WARNING] /home/runner/work/keycloak/keycloak/core/src/main/java/org/keycloak/jose/jws/JWSHeader.java:[39,13] org.keycloak.jose.jws.Algorithm in org.keycloak.jose.jws has been deprecated
Test remote	Test operator running in cluster	2025-04-30T11:08:24.8104616Z [WARNING] /home/runner/work/keycloak/keycloak/core/src/main/java/org/keycloak/jose/jws/JWSHeader.java:[59,22] org.keycloak.jose.jws.Algorithm in org.keycloak.jose.jws has been deprecated
Test remote	Test operator running in cluster	2025-04-30T11:08:24.8109244Z [WARNING] /home/runner/work/keycloak/keycloak/core/src/main/java/org/keycloak/jose/jws/JWSHeader.java:[65,22] org.keycloak.jose.jws.Algorithm in org.keycloak.jose.jws has been deprecated
Test remote	Test operator running in cluster	2025-04-30T11:08:24.8118420Z [WARNING] /home/runner/work/keycloak/keycloak/core/src/main/java/org/keycloak/jose/jws/JWSHeader.java:[72,12] org.keycloak.jose.jws.Algorithm in org.keycloak.jose.jws has been deprecated
Test remote	Test operator running in cluster	2025-04-30T11:08:24.8121221Z [WARNING] /home/runner/work/keycloak/keycloak/core/src/main/java/org/keycloak/jose/jwe/JWE.java:[61,23] getHeader() in org.keycloak.jose.jwe.JWE implements <H>getHeader() in org.keycloak.jose.JOSE
Test remote	Test operator running in cluster	2025-04-30T11:08:24.8123004Z   return type requires unchecked conversion from org.keycloak.jose.JOSEHeader to H
Test remote	Test operator running in cluster	2025-04-30T11:08:24.8124990Z [WARNING] /home/runner/work/keycloak/keycloak/core/src/main/java/org/keycloak/representations/idm/authorization/PolicyRepresentation.java:[27,42] unchecked conversion
Test remote	Test operator running in cluster	2025-04-30T11:08:24.8126896Z   required: java.util.Map<java.lang.String,java.lang.String>
Test remote	Test operator running in cluster	2025-04-30T11:08:24.8127509Z   found:    java.util.HashMap
Test remote	Test operator running in cluster	2025-04-30T11:08:24.8128928Z [WARNING] /home/runner/work/keycloak/keycloak/core/src/main/java/org/keycloak/representations/ClaimsRepresentation.java:[103,62] unchecked cast
Test remote	Test operator running in cluster	2025-04-30T11:08:24.8130481Z   required: org.keycloak.representations.ClaimsRepresentation.ClaimValue<CLAIM_TYPE>
Test remote	Test operator running in cluster	2025-04-30T11:08:24.8131468Z   found:    org.keycloak.representations.ClaimsRepresentation.ClaimValue
Test remote	Test operator running in cluster	2025-04-30T11:08:24.8132941Z [WARNING] /home/runner/work/keycloak/keycloak/core/src/main/java/org/keycloak/representations/ClaimsRepresentation.java:[105,63] unchecked cast
Test remote	Test operator running in cluster	2025-04-30T11:08:24.8135829Z   required: org.keycloak.representations.ClaimsRepresentation.ClaimValue<CLAIM_TYPE>
Test remote	Test operator running in cluster	2025-04-30T11:08:24.8139494Z   found:    org.keycloak.representations.ClaimsRepresentation.ClaimValue
Test remote	Test operator running in cluster	2025-04-30T11:08:24.8141222Z [WARNING] /home/runner/work/keycloak/keycloak/core/src/main/java/org/keycloak/jose/jws/JWSBuilder.java:[143,27] org.keycloak.jose.jws.Algorithm in org.keycloak.jose.jws has been deprecated
Test remote	Test operator running in cluster	2025-04-30T11:08:24.8143719Z [WARNING] /home/runner/work/keycloak/keycloak/core/src/main/java/org/keycloak/jose/jws/JWSBuilder.java:[177,20] org.keycloak.jose.jws.Algorithm in org.keycloak.jose.jws has been deprecated
Test remote	Test operator running in cluster	2025-04-30T11:08:24.8158045Z [WARNING] /home/runner/work/keycloak/keycloak/core/src/main/java/org/keycloak/representations/AuthorizationDetailsJSONRepresentation.java:[131,73] unchecked cast
Test remote	Test operator running in cluster	2025-04-30T11:08:24.8159718Z   required: java.util.List<java.lang.String>
Test remote	Test operator running in cluster	2025-04-30T11:08:24.8160216Z   found:    java.lang.Object
Test remote	Test operator running in cluster	2025-04-30T11:08:24.8161635Z [WARNING] /home/runner/work/keycloak/keycloak/core/src/main/java/org/keycloak/protocol/oidc/client/authentication/JWTClientCredentialsProvider.java:[114,57] unchecked cast
Test remote	Test operator running in cluster	2025-04-30T11:08:24.8163198Z   required: java.util.Map<java.lang.String,java.lang.Object>
Test remote	Test operator running in cluster	2025-04-30T11:08:24.8163769Z   found:    java.lang.Object
Test remote	Test operator running in cluster	2025-04-30T11:08:24.8165210Z [WARNING] /home/runner/work/keycloak/keycloak/core/src/main/java/org/keycloak/protocol/oidc/client/authentication/JWTClientSecretCredentialsProvider.java:[61,57] unchecked cast
Test remote	Test operator running in cluster	2025-04-30T11:08:24.8167203Z   required: java.util.Map<java.lang.String,java.lang.Object>
Test remote	Test operator running in cluster	2025-04-30T11:08:24.8167775Z   found:    java.lang.Object
Test remote	Test operator running in cluster	2025-04-30T11:08:24.8169955Z [WARNING] /home/runner/work/keycloak/keycloak/core/src/main/java/org/keycloak/protocol/oidc/client/authentication/JWTClientSecretCredentialsProvider.java:[115,67] hmac512(javax.crypto.SecretKey) in org.keycloak.jose.jws.JWSBuilder.EncodingBuilder has been deprecated
Test remote	Test operator running in cluster	2025-04-30T11:08:24.8174548Z [WARNING] /home/runner/work/keycloak/keycloak/core/src/main/java/org/keycloak/protocol/oidc/client/authentication/JWTClientSecretCredentialsProvider.java:[117,67] hmac384(javax.crypto.SecretKey) in org.keycloak.jose.jws.JWSBuilder.EncodingBuilder has been deprecated
Test remote	Test operator running in cluster	2025-04-30T11:08:24.8179845Z [WARNING] /home/runner/work/keycloak/keycloak/core/src/main/java/org/keycloak/protocol/oidc/client/authentication/JWTClientSecretCredentialsProvider.java:[119,67] hmac256(javax.crypto.SecretKey) in org.keycloak.jose.jws.JWSBuilder.EncodingBuilder has been deprecated
Test remote	Test operator running in cluster	2025-04-30T11:08:24.8184921Z [WARNING] /home/runner/work/keycloak/keycloak/core/src/main/java/org/keycloak/representations/idm/authorization/PermissionRequest.java:[51,20] non-varargs call of varargs method with inexact argument type for last parameter;
Test remote	Test operator running in cluster	2025-04-30T11:08:24.8186681Z   cast to java.lang.String for a varargs call
Test remote	Test operator running in cluster	2025-04-30T11:08:24.8187342Z   cast to java.lang.String[] for a non-varargs call and to suppress this warning
Test remote	Test operator running in cluster	2025-04-30T11:08:24.8189121Z [WARNING] /home/runner/work/keycloak/keycloak/core/src/main/java/org/keycloak/AbstractOAuthClient.java:[131,58] non-varargs call of varargs method with inexact argument type for last parameter;
Test remote	Test operator running in cluster	2025-04-30T11:08:24.8191302Z   cast to java.lang.Object for a varargs call
Test remote	Test operator running in cluster	2025-04-30T11:08:24.8191952Z   cast to java.lang.Object[] for a non-varargs call and to suppress this warning
Test remote	Test operator running in cluster	2025-04-30T11:08:24.8193788Z [WARNING] /home/runner/work/keycloak/keycloak/core/src/main/java/org/keycloak/AbstractOAuthClient.java:[132,59] non-varargs call of varargs method with inexact argument type for last parameter;
Test remote	Test operator running in cluster	2025-04-30T11:08:24.8195301Z   cast to java.lang.Object for a varargs call
Test remote	Test operator running in cluster	2025-04-30T11:08:24.8195942Z   cast to java.lang.Object[] for a non-varargs call and to suppress this warning
Test remote	Test operator running in cluster	2025-04-30T11:08:24.8197606Z [WARNING] /home/runner/work/keycloak/keycloak/core/src/main/java/org/keycloak/jose/jws/crypto/HMACProvider.java:[38,44] org.keycloak.jose.jws.Algorithm in org.keycloak.jose.jws has been deprecated
Test remote	Test operator running in cluster	2025-04-30T11:08:24.8200513Z [WARNING] /home/runner/work/keycloak/keycloak/core/src/main/java/org/keycloak/jose/jws/crypto/HMACProvider.java:[51,37] org.keycloak.jose.jws.Algorithm in org.keycloak.jose.jws has been deprecated
Test remote	Test operator running in cluster	2025-04-30T11:08:24.8204621Z [WARNING] /home/runner/work/keycloak/keycloak/core/src/main/java/org/keycloak/jose/jws/crypto/HMACProvider.java:[62,44] org.keycloak.jose.jws.Algorithm in org.keycloak.jose.jws has been deprecated
Test remote	Test operator running in cluster	2025-04-30T11:08:24.8207209Z [WARNING] /home/runner/work/keycloak/keycloak/core/src/main/java/org/keycloak/jose/jws/crypto/HMACProvider.java:[73,44] org.keycloak.jose.jws.Algorithm in org.keycloak.jose.jws has been deprecated
Test remote	Test operator running in cluster	2025-04-30T11:08:24.8209898Z [WARNING] /home/runner/work/keycloak/keycloak/core/src/main/java/org/keycloak/jose/jws/crypto/RSAProvider.java:[36,43] org.keycloak.jose.jws.Algorithm in org.keycloak.jose.jws has been deprecated
Test remote	Test operator running in cluster	2025-04-30T11:08:24.8212705Z [WARNING] /home/runner/work/keycloak/keycloak/core/src/main/java/org/keycloak/jose/jws/crypto/RSAProvider.java:[49,42] org.keycloak.jose.jws.Algorithm in org.keycloak.jose.jws has been deprecated
Test remote	Test operator running in cluster	2025-04-30T11:08:24.8215211Z [WARNING] /home/runner/work/keycloak/keycloak/core/src/main/java/org/keycloak/jose/jws/crypto/RSAProvider.java:[57,44] org.keycloak.jose.jws.Algorithm in org.keycloak.jose.jws has been deprecated
Test remote	Test operator running in cluster	2025-04-30T11:08:24.8217813Z [WARNING] /home/runner/work/keycloak/keycloak/core/src/main/java/org/keycloak/KeyPairVerifier.java:[50,72] rsa256(java.security.PrivateKey) in org.keycloak.jose.jws.JWSBuilder.EncodingBuilder has been deprecated
Test remote	Test operator running in cluster	2025-04-30T11:08:24.8221250Z [WARNING] /home/runner/work/keycloak/keycloak/core/src/main/java/org/keycloak/representations/idm/RealmRepresentation.java:[272,17] org.keycloak.representations.idm.ApplicationRepresentation in org.keycloak.representations.idm has been deprecated
Test remote	Test operator running in cluster	2025-04-30T11:08:24.8223915Z [WARNING] /home/runner/work/keycloak/keycloak/core/src/main/java/org/keycloak/representations/idm/RealmRepresentation.java:[1445,38] unchecked cast
Test remote	Test operator running in cluster	2025-04-30T11:08:24.8225259Z   required: java.util.Map<java.lang.String,java.lang.String>
Test remote	Test operator running in cluster	2025-04-30T11:08:24.8226009Z   found:    java.util.Map<? extends java.lang.Object,? extends java.lang.Object>
Test remote	Test operator running in cluster	2025-04-30T11:08:24.8226611Z [INFO] 
Test remote	Test operator running in cluster	2025-04-30T11:08:24.8227067Z [INFO] --- compiler:3.8.1:compile (compile-java16) @ keycloak-core ---
Test remote	Test operator running in cluster	2025-04-30T11:08:24.8227936Z [WARNING]  Parameter 'compileSourceRoots' is read-only, must not be used in configuration
Test remote	Test operator running in cluster	2025-04-30T11:08:24.8229034Z [INFO] Changes detected - recompiling the module!
Test remote	Test operator running in cluster	2025-04-30T11:08:24.8229928Z [INFO] Compiling 2 source files to /home/runner/work/keycloak/keycloak/core/target/classes/META-INF/versions/16
Test remote	Test operator running in cluster	2025-04-30T11:08:25.3173170Z [INFO] 
Test remote	Test operator running in cluster	2025-04-30T11:08:25.3173849Z [INFO] --- resources:3.2.0:testResources (default-testResources) @ keycloak-core ---
Test remote	Test operator running in cluster	2025-04-30T11:08:25.3188277Z [INFO] Using 'UTF-8' encoding to copy filtered resources.
Test remote	Test operator running in cluster	2025-04-30T11:08:25.3189906Z [INFO] Using 'UTF-8' encoding to copy filtered properties files.
Test remote	Test operator running in cluster	2025-04-30T11:08:25.3219793Z [INFO] Copying 47 resources
Test remote	Test operator running in cluster	2025-04-30T11:08:25.3319392Z [INFO] 
Test remote	Test operator running in cluster	2025-04-30T11:08:25.3323477Z [INFO] --- compiler:3.8.1:testCompile (default-testCompile) @ keycloak-core ---
Test remote	Test operator running in cluster	2025-04-30T11:08:25.3368674Z [INFO] Changes detected - recompiling the module!
Test remote	Test operator running in cluster	2025-04-30T11:08:25.3377197Z [INFO] Compiling 36 source files to /home/runner/work/keycloak/keycloak/core/target/test-classes
Test remote	Test operator running in cluster	2025-04-30T11:08:25.8436046Z [WARNING] source value 8 is obsolete and will be removed in a future release
Test remote	Test operator running in cluster	2025-04-30T11:08:25.8449471Z [WARNING] target value 8 is obsolete and will be removed in a future release
Test remote	Test operator running in cluster	2025-04-30T11:08:25.8450693Z [WARNING] To suppress warnings about obsolete options, use -Xlint:-options.
Test remote	Test operator running in cluster	2025-04-30T11:08:25.8452150Z [WARNING] /home/runner/work/keycloak/keycloak/core/src/test/java/org/keycloak/JsonParserTest.java:[94,64] unchecked cast
Test remote	Test operator running in cluster	2025-04-30T11:08:25.8453409Z   required: java.util.Map<java.lang.String,java.lang.String>
Test remote	Test operator running in cluster	2025-04-30T11:08:25.8454107Z   found:    java.lang.Object
Test remote	Test operator running in cluster	2025-04-30T11:08:25.8455283Z [WARNING] /home/runner/work/keycloak/keycloak/core/src/test/java/org/keycloak/JsonParserTest.java:[156,35] unchecked conversion
Test remote	Test operator running in cluster	2025-04-30T11:08:25.8456626Z   required: java.util.Collection<java.lang.String>
Test remote	Test operator running in cluster	2025-04-30T11:08:25.8457321Z   found:    java.util.Collection
Test remote	Test operator running in cluster	2025-04-30T11:08:25.8458444Z [WARNING] /home/runner/work/keycloak/keycloak/core/src/test/java/org/keycloak/JsonParserTest.java:[165,16] unchecked conversion
Test remote	Test operator running in cluster	2025-04-30T11:08:25.8459969Z   required: java.util.Collection<java.lang.String>
Test remote	Test operator running in cluster	2025-04-30T11:08:25.8460950Z   found:    java.util.Collection
Test remote	Test operator running in cluster	2025-04-30T11:08:25.8463462Z [WARNING] /home/runner/work/keycloak/keycloak/core/src/test/java/org/keycloak/JsonParserTest.java:[173,43] unchecked conversion
Test remote	Test operator running in cluster	2025-04-30T11:08:25.8464685Z   required: java.util.Map<java.lang.String,java.lang.Object>
Test remote	Test operator running in cluster	2025-04-30T11:08:25.8465255Z   found:    java.util.Map
Test remote	Test operator running in cluster	2025-04-30T11:08:25.8466472Z [WARNING] /home/runner/work/keycloak/keycloak/core/src/test/java/org/keycloak/JsonParserTest.java:[228,74] Possible heap pollution from parameterized vararg type T
Test remote	Test operator running in cluster	2025-04-30T11:08:25.8469078Z [WARNING] /home/runner/work/keycloak/keycloak/core/src/test/java/org/keycloak/SkeletonKeyTokenTest.java:[65,17] rsa256(java.security.PrivateKey) in org.keycloak.jose.jws.JWSBuilder.EncodingBuilder has been deprecated
Test remote	Test operator running in cluster	2025-04-30T11:08:25.8471889Z [WARNING] /home/runner/work/keycloak/keycloak/core/src/test/java/org/keycloak/SkeletonKeyTokenTest.java:[85,17] rsa256(java.security.PrivateKey) in org.keycloak.jose.jws.JWSBuilder.EncodingBuilder has been deprecated
Test remote	Test operator running in cluster	2025-04-30T11:08:25.8474722Z [WARNING] /home/runner/work/keycloak/keycloak/core/src/test/java/org/keycloak/SkeletonKeyTokenTest.java:[88,17] rsa256(java.security.PrivateKey) in org.keycloak.jose.jws.JWSBuilder.EncodingBuilder has been deprecated
Test remote	Test operator running in cluster	2025-04-30T11:08:25.8477850Z [WARNING] /home/runner/work/keycloak/keycloak/core/src/test/java/org/keycloak/SkeletonKeyTokenTest.java:[91,39] unchecked call to KeycloakPrincipal(java.lang.String,T) as a member of the raw type org.keycloak.KeycloakPrincipal
Test remote	Test operator running in cluster	2025-04-30T11:08:25.8480788Z [WARNING] /home/runner/work/keycloak/keycloak/core/src/test/java/org/keycloak/jose/HmacTest.java:[59,17] hmac256(javax.crypto.SecretKey) in org.keycloak.jose.jws.JWSBuilder.EncodingBuilder has been deprecated
Test remote	Test operator running in cluster	2025-04-30T11:08:25.8483452Z [WARNING] /home/runner/work/keycloak/keycloak/core/src/test/java/org/keycloak/RSAVerifierTest.java:[81,17] rsa256(java.security.PrivateKey) in org.keycloak.jose.jws.JWSBuilder.EncodingBuilder has been deprecated
Test remote	Test operator running in cluster	2025-04-30T11:08:25.8486484Z [WARNING] /home/runner/work/keycloak/keycloak/core/src/test/java/org/keycloak/RSAVerifierTest.java:[102,17] rsa256(java.security.PrivateKey) in org.keycloak.jose.jws.JWSBuilder.EncodingBuilder has been deprecated
Test remote	Test operator running in cluster	2025-04-30T11:08:25.8489137Z [WARNING] /home/runner/work/keycloak/keycloak/core/src/test/java/org/keycloak/RSAVerifierTest.java:[117,16] org.keycloak.RSATokenVerifier in org.keycloak has been deprecated
Test remote	Test operator running in cluster	2025-04-30T11:08:25.8491653Z [WARNING] /home/runner/work/keycloak/keycloak/core/src/test/java/org/keycloak/RSAVerifierTest.java:[130,21] rsa256(java.security.PrivateKey) in org.keycloak.jose.jws.JWSBuilder.EncodingBuilder has been deprecated
Test remote	Test operator running in cluster	2025-04-30T11:08:25.8494391Z [WARNING] /home/runner/work/keycloak/keycloak/core/src/test/java/org/keycloak/RSAVerifierTest.java:[144,17] rsa256(java.security.PrivateKey) in org.keycloak.jose.jws.JWSBuilder.EncodingBuilder has been deprecated
Test remote	Test operator running in cluster	2025-04-30T11:08:25.8549894Z [WARNING] /home/runner/work/keycloak/keycloak/core/src/test/java/org/keycloak/RSAVerifierTest.java:[160,17] rsa256(java.security.PrivateKey) in org.keycloak.jose.jws.JWSBuilder.EncodingBuilder has been deprecated
Test remote	Test operator running in cluster	2025-04-30T11:08:25.8552862Z [WARNING] /home/runner/work/keycloak/keycloak/core/src/test/java/org/keycloak/RSAVerifierTest.java:[176,17] rsa256(java.security.PrivateKey) in org.keycloak.jose.jws.JWSBuilder.EncodingBuilder has been deprecated
Test remote	Test operator running in cluster	2025-04-30T11:08:25.8555768Z [WARNING] /home/runner/work/keycloak/keycloak/core/src/test/java/org/keycloak/RSAVerifierTest.java:[193,17] rsa256(java.security.PrivateKey) in org.keycloak.jose.jws.JWSBuilder.EncodingBuilder has been deprecated
Test remote	Test operator running in cluster	2025-04-30T11:08:25.8558852Z [WARNING] /home/runner/work/keycloak/keycloak/core/src/test/java/org/keycloak/RSAVerifierTest.java:[209,17] rsa256(java.security.PrivateKey) in org.keycloak.jose.jws.JWSBuilder.EncodingBuilder has been deprecated
Test remote	Test operator running in cluster	2025-04-30T11:08:25.8561732Z [WARNING] /home/runner/work/keycloak/keycloak/core/src/test/java/org/keycloak/RSAVerifierTest.java:[229,17] rsa256(java.security.PrivateKey) in org.keycloak.jose.jws.JWSBuilder.EncodingBuilder has been deprecated
Test remote	Test operator running in cluster	2025-04-30T11:08:25.8564659Z [WARNING] /home/runner/work/keycloak/keycloak/core/src/test/java/org/keycloak/RSAVerifierTest.java:[248,17] rsa256(java.security.PrivateKey) in org.keycloak.jose.jws.JWSBuilder.EncodingBuilder has been deprecated
Test remote	Test operator running in cluster	2025-04-30T11:08:25.8567294Z [WARNING] /home/runner/work/keycloak/keycloak/core/src/test/java/org/keycloak/RSAVerifierTest.java:[271,22] realmUrl(java.lang.String) in org.keycloak.TokenVerifier has been deprecated
Test remote	Test operator running in cluster	2025-04-30T11:08:25.8568950Z [INFO] 
Test remote	Test operator running in cluster	2025-04-30T11:08:25.8569428Z [INFO] --- surefire:3.0.0-M7:test (default-test) @ keycloak-core ---
Test remote	Test operator running in cluster	2025-04-30T11:08:25.8639030Z [INFO] Using auto detected provider org.apache.maven.surefire.junit4.JUnit4Provider
Test remote	Test operator running in cluster	2025-04-30T11:08:25.8721117Z [INFO] 
Test remote	Test operator running in cluster	2025-04-30T11:08:25.8727226Z [INFO] -------------------------------------------------------
Test remote	Test operator running in cluster	2025-04-30T11:08:25.8729286Z [INFO]  T E S T S
Test remote	Test operator running in cluster	2025-04-30T11:08:25.8731703Z [INFO] -------------------------------------------------------
Test remote	Test operator running in cluster	2025-04-30T11:08:26.3147390Z [INFO] Running org.keycloak.AtHashTest
Test remote	Test operator running in cluster	2025-04-30T11:08:26.3975372Z [INFO] Tests run: 2, Failures: 0, Errors: 0, Skipped: 0, Time elapsed: 0.079 s - in org.keycloak.AtHashTest
Test remote	Test operator running in cluster	2025-04-30T11:08:26.3976303Z [INFO] Running org.keycloak.JsonParserTest
Test remote	Test operator running in cluster	2025-04-30T11:08:26.6640664Z GROUP: ALIAS
Test remote	Test operator running in cluster	2025-04-30T11:08:26.6641751Z GROUP: CRAP
Test remote	Test operator running in cluster	2025-04-30T11:08:26.6642293Z ALIAS.CRAP
Test remote	Test operator running in cluster	2025-04-30T11:08:26.7274785Z .pdf no match
Test remote	Test operator running in cluster	2025-04-30T11:08:26.7275276Z foo.txt matches
Test remote	Test operator running in cluster	2025-04-30T11:08:26.7482167Z java.lang.Double
Test remote	Test operator running in cluster	2025-04-30T11:08:26.7482632Z java.lang.Boolean
Test remote	Test operator running in cluster	2025-04-30T11:08:26.7482975Z java.lang.Integer
Test remote	Test operator running in cluster	2025-04-30T11:08:26.7483309Z java.util.ArrayList
Test remote	Test operator running in cluster	2025-04-30T11:08:26.7629418Z {
Test remote	Test operator running in cluster	2025-04-30T11:08:26.7629800Z   "email_verified" : "true",
Test remote	Test operator running in cluster	2025-04-30T11:08:26.7630238Z   "yo" : "true",
Test remote	Test operator running in cluster	2025-04-30T11:08:26.7630603Z   "phone_number" : "978-666-0000",
Test remote	Test operator running in cluster	2025-04-30T11:08:26.7631016Z   "nested" : {
Test remote	Test operator running in cluster	2025-04-30T11:08:26.7631745Z     "foo" : "bar"
Test remote	Test operator running in cluster	2025-04-30T11:08:26.7632072Z   }
Test remote	Test operator running in cluster	2025-04-30T11:08:26.7632348Z }
Test remote	Test operator running in cluster	2025-04-30T11:08:26.7632707Z email_verified property: true
Test remote	Test operator running in cluster	2025-04-30T11:08:26.7633147Z property: 978-666-0000
Test remote	Test operator running in cluster	2025-04-30T11:08:26.7633491Z map: null
Test remote	Test operator running in cluster	2025-04-30T11:08:26.7674720Z [INFO] Tests run: 10, Failures: 0, Errors: 0, Skipped: 0, Time elapsed: 0.367 s - in org.keycloak.JsonParserTest
Test remote	Test operator running in cluster	2025-04-30T11:08:26.7683258Z [INFO] Running org.keycloak.SkeletonKeyTokenTest
Test remote	Test operator running in cluster	2025-04-30T11:08:27.2010101Z Apr 30, 2025 11:08:27 AM org.keycloak.common.util.DelegatingSerializationFilter createOnJavaAfter8Adapter
Test remote	Test operator running in cluster	2025-04-30T11:08:27.2011064Z INFO: Using OnJavaAfter8 serialization filter adapter
Test remote	Test operator running in cluster	2025-04-30T11:08:27.2012037Z Apr 30, 2025 11:08:27 AM org.keycloak.common.util.DelegatingSerializationFilter$OnJavaAfter8 setObjectInputFilter
Test remote	Test operator running in cluster	2025-04-30T11:08:27.2012900Z WARN: Could not set ObjectFilter: null
Test remote	Test operator running in cluster	2025-04-30T11:08:27.2141272Z Apr 30, 2025 11:08:27 AM org.keycloak.common.util.DelegatingSerializationFilter$OnJavaAfter8 setObjectInputFilter
Test remote	Test operator running in cluster	2025-04-30T11:08:27.2142463Z WARN: Could not set ObjectFilter: null
Test remote	Test operator running in cluster	2025-04-30T11:08:27.2146556Z Size of serialized principal: 1502
Test remote	Test operator running in cluster	2025-04-30T11:08:27.9891293Z [INFO] Tests run: 5, Failures: 0, Errors: 0, Skipped: 0, Time elapsed: 1.218 s - in org.keycloak.SkeletonKeyTokenTest
Test remote	Test operator running in cluster	2025-04-30T11:08:27.9893196Z [INFO] Running org.keycloak.jose.JsonWebTokenTest
Test remote	Test operator running in cluster	2025-04-30T11:08:28.0014812Z [INFO] Tests run: 9, Failures: 0, Errors: 0, Skipped: 0, Time elapsed: 0.008 s - in org.keycloak.jose.JsonWebTokenTest
Test remote	Test operator running in cluster	2025-04-30T11:08:28.0021463Z [INFO] Running org.keycloak.jose.jwk.JWKUtilTest
Test remote	Test operator running in cluster	2025-04-30T11:08:28.0052581Z [INFO] Tests run: 6, Failures: 0, Errors: 0, Skipped: 0, Time elapsed: 0 s - in org.keycloak.jose.jwk.JWKUtilTest
Test remote	Test operator running in cluster	2025-04-30T11:08:28.0053653Z [INFO] Running org.keycloak.json.StringListMapDeserializerTest
Test remote	Test operator running in cluster	2025-04-30T11:08:28.0108768Z [INFO] Tests run: 4, Failures: 0, Errors: 0, Skipped: 0, Time elapsed: 0.003 s - in org.keycloak.json.StringListMapDeserializerTest
Test remote	Test operator running in cluster	2025-04-30T11:08:28.0109902Z [INFO] Running org.keycloak.sdjwt.ArrayElementDisclosureTest
Test remote	Test operator running in cluster	2025-04-30T11:08:28.0516770Z [INFO] Tests run: 2, Failures: 0, Errors: 0, Skipped: 0, Time elapsed: 0.037 s - in org.keycloak.sdjwt.ArrayElementDisclosureTest
Test remote	Test operator running in cluster	2025-04-30T11:08:28.0518180Z [INFO] Running org.keycloak.sdjwt.ArrayElementSerializationTest
Test remote	Test operator running in cluster	2025-04-30T11:08:28.0589557Z [INFO] Tests run: 1, Failures: 0, Errors: 0, Skipped: 0, Time elapsed: 0.006 s - in org.keycloak.sdjwt.ArrayElementSerializationTest
Test remote	Test operator running in cluster	2025-04-30T11:08:28.0590673Z [INFO] Running org.keycloak.sdjwt.DisclosureRedListTest
Test remote	Test operator running in cluster	2025-04-30T11:08:28.0639994Z [INFO] Tests run: 7, Failures: 0, Errors: 0, Skipped: 0, Time elapsed: 0.004 s - in org.keycloak.sdjwt.DisclosureRedListTest
Test remote	Test operator running in cluster	2025-04-30T11:08:28.0643179Z [INFO] Running org.keycloak.sdjwt.IssuerSignedJWTTest
Test remote	Test operator running in cluster	2025-04-30T11:08:28.0744010Z [INFO] Tests run: 4, Failures: 0, Errors: 0, Skipped: 0, Time elapsed: 0.009 s - in org.keycloak.sdjwt.IssuerSignedJWTTest
Test remote	Test operator running in cluster	2025-04-30T11:08:28.0745219Z [INFO] Running org.keycloak.sdjwt.JsonClaimsetTest
Test remote	Test operator running in cluster	2025-04-30T11:08:28.0783195Z [INFO] Tests run: 1, Failures: 0, Errors: 0, Skipped: 0, Time elapsed: 0.001 s - in org.keycloak.sdjwt.JsonClaimsetTest
Test remote	Test operator running in cluster	2025-04-30T11:08:28.0785242Z [INFO] Running org.keycloak.sdjwt.JsonNodeComparisonTest
Test remote	Test operator running in cluster	2025-04-30T11:08:28.0798300Z [INFO] Tests run: 1, Failures: 0, Errors: 0, Skipped: 0, Time elapsed: 0 s - in org.keycloak.sdjwt.JsonNodeComparisonTest
Test remote	Test operator running in cluster	2025-04-30T11:08:28.0799814Z [INFO] Running org.keycloak.sdjwt.SdJWTSamplesTest
Test remote	Test operator running in cluster	2025-04-30T11:08:28.0938899Z [INFO] Tests run: 4, Failures: 0, Errors: 0, Skipped: 0, Time elapsed: 0.011 s - in org.keycloak.sdjwt.SdJWTSamplesTest
Test remote	Test operator running in cluster	2025-04-30T11:08:28.0940317Z [INFO] Running org.keycloak.sdjwt.SdJwtTest
Test remote	Test operator running in cluster	2025-04-30T11:08:28.1806250Z [INFO] Tests run: 2, Failures: 0, Errors: 0, Skipped: 0, Time elapsed: 0.086 s - in org.keycloak.sdjwt.SdJwtTest
Test remote	Test operator running in cluster	2025-04-30T11:08:28.1857167Z [INFO] Running org.keycloak.sdjwt.SdJwtUtilsTest
Test remote	Test operator running in cluster	2025-04-30T11:08:28.1906770Z [INFO] Tests run: 6, Failures: 0, Errors: 0, Skipped: 0, Time elapsed: 0 s - in org.keycloak.sdjwt.SdJwtUtilsTest
Test remote	Test operator running in cluster	2025-04-30T11:08:28.1912289Z [INFO] Running org.keycloak.sdjwt.UndisclosedClaimTest
Test remote	Test operator running in cluster	2025-04-30T11:08:28.1957377Z [INFO] Tests run: 1, Failures: 0, Errors: 0, Skipped: 0, Time elapsed: 0 s - in org.keycloak.sdjwt.UndisclosedClaimTest
Test remote	Test operator running in cluster	2025-04-30T11:08:28.1961101Z [INFO] Running org.keycloak.sdjwt.sdjwtvp.KeyBindingJwtVerificationOptsTest
Test remote	Test operator running in cluster	2025-04-30T11:08:28.1980445Z [INFO] Tests run: 3, Failures: 0, Errors: 0, Skipped: 0, Time elapsed: 0.001 s - in org.keycloak.sdjwt.sdjwtvp.KeyBindingJwtVerificationOptsTest
Test remote	Test operator running in cluster	2025-04-30T11:08:28.2000979Z [INFO] Running org.keycloak.util.BasicAuthHelperTest
Test remote	Test operator running in cluster	2025-04-30T11:08:28.2010701Z [INFO] Tests run: 4, Failures: 0, Errors: 0, Skipped: 0, Time elapsed: 0.002 s - in org.keycloak.util.BasicAuthHelperTest
Test remote	Test operator running in cluster	2025-04-30T11:08:28.2011699Z [INFO] Running org.keycloak.util.UriUtilsTest
Test remote	Test operator running in cluster	2025-04-30T11:08:28.2121131Z [INFO] Tests run: 2, Failures: 0, Errors: 0, Skipped: 0, Time elapsed: 0.008 s - in org.keycloak.util.UriUtilsTest
Test remote	Test operator running in cluster	2025-04-30T11:08:28.2263186Z [INFO] 
Test remote	Test operator running in cluster	2025-04-30T11:08:28.2265589Z [INFO] Results:
Test remote	Test operator running in cluster	2025-04-30T11:08:28.2265913Z [INFO] 
Test remote	Test operator running in cluster	2025-04-30T11:08:28.2266265Z [INFO] Tests run: 74, Failures: 0, Errors: 0, Skipped: 0
Test remote	Test operator running in cluster	2025-04-30T11:08:28.2266763Z [INFO] 
Test remote	Test operator running in cluster	2025-04-30T11:08:28.2271853Z [INFO] 
Test remote	Test operator running in cluster	2025-04-30T11:08:28.2274738Z [INFO] --- jar:3.1.2:jar (default-jar) @ keycloak-core ---
Test remote	Test operator running in cluster	2025-04-30T11:08:28.2821820Z [INFO] Building jar: /home/runner/work/keycloak/keycloak/core/target/keycloak-core-999.0.0-SNAPSHOT.jar
Test remote	Test operator running in cluster	2025-04-30T11:08:28.3375707Z [INFO] 
Test remote	Test operator running in cluster	2025-04-30T11:08:28.3376674Z [INFO] --- source:3.1.0:jar-no-fork (attach-sources) @ keycloak-core ---
Test remote	Test operator running in cluster	2025-04-30T11:08:28.4202519Z [INFO] Building jar: /home/runner/work/keycloak/keycloak/core/target/keycloak-core-999.0.0-SNAPSHOT-sources.jar
Test remote	Test operator running in cluster	2025-04-30T11:08:28.4602777Z [INFO] 
Test remote	Test operator running in cluster	2025-04-30T11:08:28.4603715Z [INFO] --- jar:3.1.2:test-jar (default) @ keycloak-core ---
Test remote	Test operator running in cluster	2025-04-30T11:08:28.4776325Z [INFO] Building jar: /home/runner/work/keycloak/keycloak/core/target/keycloak-core-999.0.0-SNAPSHOT-tests.jar
Test remote	Test operator running in cluster	2025-04-30T11:08:28.4970417Z [INFO] 
Test remote	Test operator running in cluster	2025-04-30T11:08:28.4971947Z [INFO] --- install:2.5.2:install (default-install) @ keycloak-core ---
Test remote	Test operator running in cluster	2025-04-30T11:08:28.5024358Z [INFO] Installing /home/runner/work/keycloak/keycloak/core/target/keycloak-core-999.0.0-SNAPSHOT.jar to /home/runner/.m2/repository/org/keycloak/keycloak-core/999.0.0-SNAPSHOT/keycloak-core-999.0.0-SNAPSHOT.jar
Test remote	Test operator running in cluster	2025-04-30T11:08:28.5038327Z [INFO] Installing /home/runner/work/keycloak/keycloak/core/pom.xml to /home/runner/.m2/repository/org/keycloak/keycloak-core/999.0.0-SNAPSHOT/keycloak-core-999.0.0-SNAPSHOT.pom
Test remote	Test operator running in cluster	2025-04-30T11:08:28.5072737Z [INFO] Installing /home/runner/work/keycloak/keycloak/core/target/keycloak-core-999.0.0-SNAPSHOT-sources.jar to /home/runner/.m2/repository/org/keycloak/keycloak-core/999.0.0-SNAPSHOT/keycloak-core-999.0.0-SNAPSHOT-sources.jar
Test remote	Test operator running in cluster	2025-04-30T11:08:28.5116928Z [INFO] Installing /home/runner/work/keycloak/keycloak/core/target/keycloak-core-999.0.0-SNAPSHOT-tests.jar to /home/runner/.m2/repository/org/keycloak/keycloak-core/999.0.0-SNAPSHOT/keycloak-core-999.0.0-SNAPSHOT-tests.jar
Test remote	Test operator running in cluster	2025-04-30T11:08:28.5150615Z [INFO] 
Test remote	Test operator running in cluster	2025-04-30T11:08:28.5151181Z [INFO] -------------------< org.keycloak:keycloak-operator >-------------------
Test remote	Test operator running in cluster	2025-04-30T11:08:28.5152435Z [INFO] Building Keycloak Operator 999.0.0-SNAPSHOT                        [4/4]
Test remote	Test operator running in cluster	2025-04-30T11:08:28.5157347Z [INFO]   from operator/pom.xml
Test remote	Test operator running in cluster	2025-04-30T11:08:28.5158237Z [INFO] --------------------------------[ jar ]---------------------------------
Test remote	Test operator running in cluster	2025-04-30T11:08:32.5239630Z [INFO] 
Test remote	Test operator running in cluster	2025-04-30T11:08:32.5245752Z [INFO] --- enforcer:3.0.0-M3:enforce (enforce-java-version) @ keycloak-operator ---
Test remote	Test operator running in cluster	2025-04-30T11:08:32.5269758Z [INFO] 
Test remote	Test operator running in cluster	2025-04-30T11:08:32.5301557Z [INFO] --- enforcer:3.0.0-M3:enforce (enforce-maven-version) @ keycloak-operator ---
Test remote	Test operator running in cluster	2025-04-30T11:08:32.5302306Z [INFO] 
Test remote	Test operator running in cluster	2025-04-30T11:08:32.5302872Z [INFO] --- resources:3.2.0:copy-resources (copy-resources) @ keycloak-operator ---
Test remote	Test operator running in cluster	2025-04-30T11:08:32.5345989Z [INFO] Using 'UTF-8' encoding to copy filtered resources.
Test remote	Test operator running in cluster	2025-04-30T11:08:32.5348009Z [INFO] Using 'UTF-8' encoding to copy filtered properties files.
Test remote	Test operator running in cluster	2025-04-30T11:08:32.5350454Z [INFO] Copying 3 resources
Test remote	Test operator running in cluster	2025-04-30T11:08:32.5374329Z [INFO] 
Test remote	Test operator running in cluster	2025-04-30T11:08:32.5394578Z [INFO] --- resources:3.2.0:copy-resources (copy-ubi-null) @ keycloak-operator ---
Test remote	Test operator running in cluster	2025-04-30T11:08:32.5395575Z [INFO] Using 'UTF-8' encoding to copy filtered resources.
Test remote	Test operator running in cluster	2025-04-30T11:08:32.5399983Z [INFO] Using 'UTF-8' encoding to copy filtered properties files.
Test remote	Test operator running in cluster	2025-04-30T11:08:32.5400562Z [INFO] Copying 1 resource
Test remote	Test operator running in cluster	2025-04-30T11:08:32.5400897Z [INFO] 
Test remote	Test operator running in cluster	2025-04-30T11:08:32.5401368Z [INFO] --- buildnumber:1.4:create (get-scm-revision) @ keycloak-operator ---
Test remote	Test operator running in cluster	2025-04-30T11:08:32.5411894Z [INFO] 
Test remote	Test operator running in cluster	2025-04-30T11:08:32.5414339Z [INFO] --- build-helper:3.2.0:add-source (default) @ keycloak-operator ---
Test remote	Test operator running in cluster	2025-04-30T11:08:33.6259319Z [INFO] Source directory: /home/runner/work/keycloak/keycloak/operator/target/generated-sources/java added.
Test remote	Test operator running in cluster	2025-04-30T11:08:33.6260328Z [INFO] 
Test remote	Test operator running in cluster	2025-04-30T11:08:33.6260947Z [INFO] --- resources:3.2.0:resources (default-resources) @ keycloak-operator ---
Test remote	Test operator running in cluster	2025-04-30T11:08:33.6271007Z [INFO] Using 'UTF-8' encoding to copy filtered resources.
Test remote	Test operator running in cluster	2025-04-30T11:08:33.6272506Z [INFO] Using 'UTF-8' encoding to copy filtered properties files.
Test remote	Test operator running in cluster	2025-04-30T11:08:33.6275717Z [INFO] Copying 3 resources
Test remote	Test operator running in cluster	2025-04-30T11:08:33.6288877Z [INFO] 
Test remote	Test operator running in cluster	2025-04-30T11:08:33.6289692Z [INFO] --- compiler:3.8.1:compile (default-compile) @ keycloak-operator ---
Test remote	Test operator running in cluster	2025-04-30T11:08:33.6363838Z [INFO] Changes detected - recompiling the module!
Test remote	Test operator running in cluster	2025-04-30T11:08:33.6370028Z [INFO] Compiling 43 source files to /home/runner/work/keycloak/keycloak/operator/target/classes
Test remote	Test operator running in cluster	2025-04-30T11:08:35.8978245Z   0% Generating: org.keycloak.operator.crds.v2alpha1.deployment.spec.DatabaseSpec
Test remote	Test operator running in cluster	2025-04-30T11:08:35.9474659Z   4% Generating: org.keycloak.operator.crds.v2alpha1.deployment.KeycloakStatus
Test remote	Test operator running in cluster	2025-04-30T11:08:35.9736619Z   9% Generating: org.keycloak.operator.crds.v2alpha1.deployment.spec.UnsupportedSpec
Test remote	Test operator running in cluster	2025-04-30T11:08:35.9879261Z  13% Generating: org.keycloak.operator.crds.v2alpha1.deployment.spec.BootstrapAdminSpec
Test remote	Test operator running in cluster	2025-04-30T11:08:35.9981393Z  17% Generating: io.fabric8.kubernetes.api.model.PodTemplateSpec
Test remote	Test operator running in cluster	2025-04-30T11:08:36.0266188Z  22% Generating: org.keycloak.operator.crds.v2alpha1.deployment.spec.TransactionsSpec
Test remote	Test operator running in cluster	2025-04-30T11:08:36.0510903Z  26% Generating: org.keycloak.operator.crds.v2alpha1.realmimport.KeycloakRealmImport
Test remote	Test operator running in cluster	2025-04-30T11:08:36.0650012Z  30% Generating: org.keycloak.operator.crds.v2alpha1.realmimport.Placeholder
Test remote	Test operator running in cluster	2025-04-30T11:08:36.0874906Z  35% Generating: org.keycloak.operator.crds.v2alpha1.deployment.spec.SchedulingSpec
Test remote	Test operator running in cluster	2025-04-30T11:08:36.1189988Z  39% Generating: org.keycloak.operator.crds.v2alpha1.deployment.spec.IngressSpec
Test remote	Test operator running in cluster	2025-04-30T11:08:36.1336750Z  43% Generating: io.fabric8.kubernetes.client.CustomResource
Test remote	Test operator running in cluster	2025-04-30T11:08:36.1505638Z  48% Generating: org.keycloak.operator.crds.v2alpha1.deployment.spec.CacheSpec
Test remote	Test operator running in cluster	2025-04-30T11:08:36.1715882Z  52% Generating: org.keycloak.operator.crds.v2alpha1.deployment.spec.Truststore
Test remote	Test operator running in cluster	2025-04-30T11:08:36.1810353Z  57% Generating: org.keycloak.operator.crds.v2alpha1.deployment.spec.TruststoreSource
Test remote	Test operator running in cluster	2025-04-30T11:08:36.2241770Z  61% Generating: io.fabric8.kubernetes.api.model.ObjectMeta
Test remote	Test operator running in cluster	2025-04-30T11:08:36.2389305Z  65% Generating: org.keycloak.operator.crds.v2alpha1.deployment.spec.ProxySpec
Test remote	Test operator running in cluster	2025-04-30T11:08:36.2761059Z  70% Generating: org.keycloak.operator.crds.v2alpha1.deployment.spec.HttpSpec
Test remote	Test operator running in cluster	2025-04-30T11:08:36.3455077Z  74% Generating: org.keycloak.operator.crds.v2alpha1.deployment.spec.HttpManagementSpec
Test remote	Test operator running in cluster	2025-04-30T11:08:36.4042917Z  78% Generating: org.keycloak.operator.crds.v2alpha1.deployment.spec.HostnameSpec
Test remote	Test operator running in cluster	2025-04-30T11:08:36.4889996Z  83% Generating: org.keycloak.operator.crds.v2alpha1.deployment.spec.FeatureSpec
Test remote	Test operator running in cluster	2025-04-30T11:08:36.4948126Z  87% Generating: org.keycloak.operator.crds.v2alpha1.realmimport.KeycloakRealmImportSpec
Test remote	Test operator running in cluster	2025-04-30T11:08:36.6982902Z  91% Generating: org.keycloak.operator.crds.v2alpha1.deployment.KeycloakSpec
Test remote	Test operator running in cluster	2025-04-30T11:08:37.6061216Z [INFO] Annotation processing is enabled because one or more processors were found
Test remote	Test operator running in cluster	2025-04-30T11:08:37.6074973Z   on the class path. A future release of javac may disable annotation processing
Test remote	Test operator running in cluster	2025-04-30T11:08:37.6075958Z   unless at least one processor is specified by name (-processor), or a search
Test remote	Test operator running in cluster	2025-04-30T11:08:37.6076736Z   path is specified (--processor-path, --processor-module-path), or annotation
Test remote	Test operator running in cluster	2025-04-30T11:08:37.6077525Z   processing is enabled explicitly (-proc:only, -proc:full).
Test remote	Test operator running in cluster	2025-04-30T11:08:37.6078140Z   Use -Xlint:-options to suppress this message.
Test remote	Test operator running in cluster	2025-04-30T11:08:37.6078842Z   Use -proc:none to disable annotation processing.
Test remote	Test operator running in cluster	2025-04-30T11:08:37.6079627Z [INFO] 100%: Builder generation complete.                                                                                      
Test remote	Test operator running in cluster	2025-04-30T11:08:37.6081619Z [WARNING] /home/runner/work/keycloak/keycloak/operator/src/main/java/org/keycloak/operator/controllers/KeycloakSharedCsvMetadata.java:[24,5] name() in io.quarkiverse.operatorsdk.annotations.CSVMetadata has been deprecated
Test remote	Test operator running in cluster	2025-04-30T11:08:37.6084673Z [WARNING] /home/runner/work/keycloak/keycloak/operator/src/main/java/org/keycloak/operator/controllers/KeycloakSharedCsvMetadata.java:[24,5] name() in io.quarkiverse.operatorsdk.annotations.CSVMetadata has been deprecated
Test remote	Test operator running in cluster	2025-04-30T11:08:37.6087740Z [WARNING] /home/runner/work/keycloak/keycloak/operator/src/main/java/org/keycloak/operator/controllers/KeycloakSharedCsvMetadata.java:[24,5] name() in io.quarkiverse.operatorsdk.annotations.CSVMetadata has been deprecated
Test remote	Test operator running in cluster	2025-04-30T11:08:37.6090920Z [WARNING] /home/runner/work/keycloak/keycloak/operator/src/main/java/org/keycloak/operator/controllers/KeycloakSharedCsvMetadata.java:[24,5] name() in io.quarkiverse.operatorsdk.annotations.CSVMetadata has been deprecated
Test remote	Test operator running in cluster	2025-04-30T11:08:37.6092652Z [INFO] 
Test remote	Test operator running in cluster	2025-04-30T11:08:37.6093170Z [INFO] --- resources:3.2.0:testResources (default-testResources) @ keycloak-operator ---
Test remote	Test operator running in cluster	2025-04-30T11:08:37.6095738Z [INFO] Using 'UTF-8' encoding to copy filtered resources.
Test remote	Test operator running in cluster	2025-04-30T11:08:37.6096662Z [INFO] Using 'UTF-8' encoding to copy filtered properties files.
Test remote	Test operator running in cluster	2025-04-30T11:08:37.6109135Z [INFO] Copying 17 resources
Test remote	Test operator running in cluster	2025-04-30T11:08:37.6134768Z [INFO] 
Test remote	Test operator running in cluster	2025-04-30T11:08:37.6135577Z [INFO] --- compiler:3.8.1:testCompile (default-testCompile) @ keycloak-operator ---
Test remote	Test operator running in cluster	2025-04-30T11:08:37.6170773Z [INFO] Changes detected - recompiling the module!
Test remote	Test operator running in cluster	2025-04-30T11:08:37.6175082Z [INFO] Compiling 20 source files to /home/runner/work/keycloak/keycloak/operator/target/test-classes
Test remote	Test operator running in cluster	2025-04-30T11:08:39.1022615Z [INFO] Annotation processing is enabled because one or more processors were found
Test remote	Test operator running in cluster	2025-04-30T11:08:39.1042717Z   on the class path. A future release of javac may disable annotation processing
Test remote	Test operator running in cluster	2025-04-30T11:08:39.1047500Z   unless at least one processor is specified by name (-processor), or a search
Test remote	Test operator running in cluster	2025-04-30T11:08:39.1052577Z   path is specified (--processor-path, --processor-module-path), or annotation
Test remote	Test operator running in cluster	2025-04-30T11:08:39.1055392Z   processing is enabled explicitly (-proc:only, -proc:full).
Test remote	Test operator running in cluster	2025-04-30T11:08:39.1056864Z   Use -Xlint:-options to suppress this message.
Test remote	Test operator running in cluster	2025-04-30T11:08:39.1058426Z   Use -proc:none to disable annotation processing.
Test remote	Test operator running in cluster	2025-04-30T11:08:39.1061618Z [WARNING] /home/runner/work/keycloak/keycloak/operator/src/test/java/org/keycloak/operator/testsuite/integration/BaseOperatorTest.java:[227,63] unchecked method invocation: method select in interface jakarta.enterprise.inject.Instance is applied to given types
Test remote	Test operator running in cluster	2025-04-30T11:08:39.1064299Z   required: java.lang.Class<U>,java.lang.annotation.Annotation[]
Test remote	Test operator running in cluster	2025-04-30T11:08:39.1065664Z   found:    java.lang.Class
Test remote	Test operator running in cluster	2025-04-30T11:08:39.1067899Z [WARNING] /home/runner/work/keycloak/keycloak/operator/src/test/java/org/keycloak/operator/testsuite/integration/BaseOperatorTest.java:[227,64] unchecked conversion
Test remote	Test operator running in cluster	2025-04-30T11:08:39.1069988Z   required: java.lang.Class<U>
Test remote	Test operator running in cluster	2025-04-30T11:08:39.1070670Z   found:    java.lang.Class
Test remote	Test operator running in cluster	2025-04-30T11:08:39.1074206Z [WARNING] /home/runner/work/keycloak/keycloak/operator/src/test/java/org/keycloak/operator/testsuite/integration/BaseOperatorTest.java:[228,90] unchecked method invocation: method select in interface jakarta.enterprise.inject.Instance is applied to given types
Test remote	Test operator running in cluster	2025-04-30T11:08:39.1076831Z   required: java.lang.Class<U>,java.lang.annotation.Annotation[]
Test remote	Test operator running in cluster	2025-04-30T11:08:39.1077495Z   found:    java.lang.Class
Test remote	Test operator running in cluster	2025-04-30T11:08:39.1079111Z [WARNING] /home/runner/work/keycloak/keycloak/operator/src/test/java/org/keycloak/operator/testsuite/integration/BaseOperatorTest.java:[228,91] unchecked conversion
Test remote	Test operator running in cluster	2025-04-30T11:08:39.1080621Z   required: java.lang.Class<U>
Test remote	Test operator running in cluster	2025-04-30T11:08:39.1081077Z   found:    java.lang.Class
Test remote	Test operator running in cluster	2025-04-30T11:08:39.1083174Z [WARNING] /home/runner/work/keycloak/keycloak/operator/src/test/java/org/keycloak/operator/testsuite/integration/BaseOperatorTest.java:[229,51] unchecked method invocation: method contextFor in class io.javaoperatorsdk.operator.api.config.Utils is applied to given types
Test remote	Test operator running in cluster	2025-04-30T11:08:39.1088010Z   required: io.javaoperatorsdk.operator.api.config.ControllerConfiguration<?>,java.lang.Class<? extends io.javaoperatorsdk.operator.api.reconciler.dependent.DependentResource>,java.lang.Class<? extends java.lang.annotation.Annotation>
Test remote	Test operator running in cluster	2025-04-30T11:08:39.1090885Z   found:    io.javaoperatorsdk.operator.api.config.ControllerConfiguration<capture#1 of ?>,java.lang.Class,java.lang.Class<io.javaoperatorsdk.operator.api.reconciler.dependent.Dependent>
Test remote	Test operator running in cluster	2025-04-30T11:08:39.1093899Z [WARNING] /home/runner/work/keycloak/keycloak/operator/src/test/java/org/keycloak/operator/testsuite/integration/BaseOperatorTest.java:[229,67] unchecked conversion
Test remote	Test operator running in cluster	2025-04-30T11:08:39.1096581Z   required: java.lang.Class<? extends io.javaoperatorsdk.operator.api.reconciler.dependent.DependentResource>
Test remote	Test operator running in cluster	2025-04-30T11:08:39.1098028Z   found:    java.lang.Class
Test remote	Test operator running in cluster	2025-04-30T11:08:39.1099503Z [WARNING] /home/runner/work/keycloak/keycloak/operator/src/test/java/org/keycloak/operator/testsuite/unit/PodTemplateTest.java:[110,49] unchecked conversion
Test remote	Test operator running in cluster	2025-04-30T11:08:39.1101797Z   required: io.javaoperatorsdk.operator.api.reconciler.Context<org.keycloak.operator.crds.v2alpha1.deployment.Keycloak>
Test remote	Test operator running in cluster	2025-04-30T11:08:39.1102955Z   found:    io.javaoperatorsdk.operator.api.reconciler.Context
Test remote	Test operator running in cluster	2025-04-30T11:08:39.1104458Z [WARNING] /home/runner/work/keycloak/keycloak/operator/src/test/java/org/keycloak/operator/testsuite/unit/KeycloakControllerTest.java:[47,53] unchecked conversion
Test remote	Test operator running in cluster	2025-04-30T11:08:39.1106401Z   required: io.javaoperatorsdk.operator.api.reconciler.Context<org.keycloak.operator.crds.v2alpha1.deployment.Keycloak>
Test remote	Test operator running in cluster	2025-04-30T11:08:39.1107597Z   found:    io.javaoperatorsdk.operator.api.reconciler.Context
Test remote	Test operator running in cluster	2025-04-30T11:08:39.1110010Z [WARNING] /home/runner/work/keycloak/keycloak/operator/src/test/java/org/keycloak/operator/testsuite/unit/KeycloakControllerTest.java:[51,102] unchecked method invocation: method thenReturn in interface org.mockito.stubbing.OngoingStubbing is applied to given types
Test remote	Test operator running in cluster	2025-04-30T11:08:39.1112076Z   required: T
Test remote	Test operator running in cluster	2025-04-30T11:08:39.1112508Z   found:    io.fabric8.kubernetes.client.dsl.Resource
Test remote	Test operator running in cluster	2025-04-30T11:08:39.1114032Z [WARNING] /home/runner/work/keycloak/keycloak/operator/src/test/java/org/keycloak/operator/testsuite/unit/KeycloakControllerTest.java:[51,103] unchecked conversion
Test remote	Test operator running in cluster	2025-04-30T11:08:39.1115703Z   required: T
Test remote	Test operator running in cluster	2025-04-30T11:08:39.1116137Z   found:    io.fabric8.kubernetes.client.dsl.Resource
Test remote	Test operator running in cluster	2025-04-30T11:08:39.1118062Z [WARNING] /home/runner/work/keycloak/keycloak/operator/src/test/java/org/keycloak/operator/testsuite/integration/ClusteringTest.java:[324,57] jsonMapper() in io.fabric8.kubernetes.client.utils.Serialization has been deprecated
Test remote	Test operator running in cluster	2025-04-30T11:08:39.1121450Z [WARNING] /home/runner/work/keycloak/keycloak/operator/src/test/java/org/keycloak/operator/testsuite/integration/ClusteringTest.java:[335,48] jsonMapper() in io.fabric8.kubernetes.client.utils.Serialization has been deprecated
Test remote	Test operator running in cluster	2025-04-30T11:08:39.1123164Z [INFO] 
Test remote	Test operator running in cluster	2025-04-30T11:08:39.1123570Z [INFO] --- jar:3.1.2:jar (default-jar) @ keycloak-operator ---
Test remote	Test operator running in cluster	2025-04-30T11:08:39.1162483Z [INFO] Building jar: /home/runner/work/keycloak/keycloak/operator/target/keycloak-operator-999.0.0-SNAPSHOT.jar
Test remote	Test operator running in cluster	2025-04-30T11:08:39.1380774Z [INFO] 
Test remote	Test operator running in cluster	2025-04-30T11:08:39.1383190Z [INFO] --- source:3.1.0:jar-no-fork (attach-sources) @ keycloak-operator ---
Test remote	Test operator running in cluster	2025-04-30T11:08:39.1599890Z [INFO] Building jar: /home/runner/work/keycloak/keycloak/operator/target/keycloak-operator-999.0.0-SNAPSHOT-sources.jar
Test remote	Test operator running in cluster	2025-04-30T11:08:39.1859326Z [INFO] 
Test remote	Test operator running in cluster	2025-04-30T11:08:39.1861633Z [INFO] --- quarkus:3.15.4:build (default) @ keycloak-operator ---
Test remote	Test operator running in cluster	2025-04-30T11:08:46.9197966Z [INFO] [io.quarkiverse.operatorsdk.deployment.VersionAlignmentCheckingStep] QOSDK: 6.8.5 (commit: 4a5ca7a) built on Mon Nov 25 13:34:52 UTC 2024
Test remote	Test operator running in cluster	2025-04-30T11:08:46.9200071Z [INFO] [io.quarkiverse.operatorsdk.deployment.VersionAlignmentCheckingStep] JOSDK: 4.9.6 (commit: 71e00ed) built on Thu Nov 07 10:59:54 UTC 2024
Test remote	Test operator running in cluster	2025-04-30T11:08:46.9244395Z [INFO] [io.quarkiverse.operatorsdk.deployment.VersionAlignmentCheckingStep] Fabric8 (effective): 6.13.5
Test remote	Test operator running in cluster	2025-04-30T11:08:46.9486433Z [INFO] [io.quarkiverse.operatorsdk.deployment.VersionAlignmentCheckingStep] Fabric8 (JOSDK-defined): 6.13.4
Test remote	Test operator running in cluster	2025-04-30T11:08:46.9523048Z [INFO] [io.quarkiverse.operatorsdk.deployment.VersionAlignmentCheckingStep] Fabric8 (Quarkus): 6.13.3
Test remote	Test operator running in cluster	2025-04-30T11:08:48.6575336Z [INFO] [io.quarkiverse.operatorsdk.deployment.OperatorSDKProcessor] Registered 'io.javaoperatorsdk.operator.processing.event.rate.LinearRateLimiter' for reflection
Test remote	Test operator running in cluster	2025-04-30T11:08:48.6577571Z [INFO] [io.quarkiverse.operatorsdk.deployment.OperatorSDKProcessor] Registered 'io.javaoperatorsdk.operator.processing.retry.GenericRetry' for reflection
Test remote	Test operator running in cluster	2025-04-30T11:08:48.6600561Z [INFO] [io.quarkiverse.operatorsdk.deployment.OperatorSDKProcessor] Registered 'io.quarkiverse.operatorsdk.runtime.QuarkusControllerConfiguration$DefaultRateLimiter' for reflection
Test remote	Test operator running in cluster	2025-04-30T11:08:48.6636822Z [INFO] [io.quarkiverse.operatorsdk.deployment.OperatorSDKProcessor] Registered 'io.javaoperatorsdk.operator.processing.dependent.kubernetes.KubernetesDependentResourceConfig' for reflection
Test remote	Test operator running in cluster	2025-04-30T11:08:48.7234345Z [INFO] Generating 'keycloakrealmimports.k8s.keycloak.org' version 'v2alpha1' with org.keycloak.operator.crds.v2alpha1.realmimport.KeycloakRealmImport (spec: org.keycloak.operator.crds.v2alpha1.realmimport.KeycloakRealmImportSpec / status org.keycloak.operator.crds.v2alpha1.realmimport.KeycloakRealmImportStatus)...
Test remote	Test operator running in cluster	2025-04-30T11:08:48.8730388Z [WARNING] [io.quarkus.deployment.steps.ReflectiveHierarchyStep] Unable to properly register the hierarchy of the following classes for reflection as they are not in the Jandex index:
Test remote	Test operator running in cluster	2025-04-30T11:08:48.8733380Z 	- org.keycloak.representations.idm.RealmRepresentation (source: KubernetesClientProcessor > org.keycloak.operator.crds.v2alpha1.realmimport.KeycloakRealmImportSpec > org.keycloak.operator.crds.v2alpha1.realmimport.KeycloakRealmImportSpec > org.keycloak.representations.idm.RealmRepresentation)
Test remote	Test operator running in cluster	2025-04-30T11:08:48.8738040Z Consider adding them to the index either by creating a Jandex index for your dependency via the Maven plugin, an empty META-INF/beans.xml or quarkus.index-dependency properties.
Test remote	Test operator running in cluster	2025-04-30T11:08:49.0042337Z [INFO] Generating 'keycloaks.k8s.keycloak.org' version 'v2alpha1' with org.keycloak.operator.crds.v2alpha1.deployment.Keycloak (spec: org.keycloak.operator.crds.v2alpha1.deployment.KeycloakSpec / status org.keycloak.operator.crds.v2alpha1.deployment.KeycloakStatus)...
Test remote	Test operator running in cluster	2025-04-30T11:08:49.4191783Z [INFO] [io.quarkus.kubernetes.deployment.PropertyUtil] Kubernetes manifests are generated with 'The container port http' having default value '8080'. The app and manifests will get out of sync if the property 'quarkus.http.port' is changed at runtime.
Test remote	Test operator running in cluster	2025-04-30T11:08:49.5898195Z [INFO] [io.quarkiverse.operatorsdk.deployment.CRDGeneratorV2] Generated keycloakrealmimports.k8s.keycloak.org CRD:
Test remote	Test operator running in cluster	2025-04-30T11:08:49.5901279Z [INFO] [io.quarkiverse.operatorsdk.deployment.CRDGeneratorV2]   - v1 -> /home/runner/work/keycloak/keycloak/operator/target/kubernetes/keycloakrealmimports.k8s.keycloak.org-v1.yml
Test remote	Test operator running in cluster	2025-04-30T11:08:49.5906146Z [INFO] [io.quarkiverse.operatorsdk.deployment.CRDGeneratorV2] Generated keycloaks.k8s.keycloak.org CRD:
Test remote	Test operator running in cluster	2025-04-30T11:08:49.5907874Z [INFO] [io.quarkiverse.operatorsdk.deployment.CRDGeneratorV2]   - v1 -> /home/runner/work/keycloak/keycloak/operator/target/kubernetes/keycloaks.k8s.keycloak.org-v1.yml
Test remote	Test operator running in cluster	2025-04-30T11:08:49.6047836Z [INFO] [io.quarkiverse.operatorsdk.deployment.QuarkusControllerConfigurationBuildStep] Processed 'org.keycloak.operator.controllers.KeycloakRealmImportController' reconciler named 'keycloakrealmimportcontroller' for 'keycloakrealmimports.k8s.keycloak.org' resource (version 'k8s.keycloak.org/v2alpha1')
Test remote	Test operator running in cluster	2025-04-30T11:08:49.6087696Z [INFO] [io.quarkiverse.operatorsdk.deployment.QuarkusControllerConfigurationBuildStep] Processed 'org.keycloak.operator.controllers.KeycloakController' reconciler named 'keycloakcontroller' for 'keycloaks.k8s.keycloak.org' resource (version 'k8s.keycloak.org/v2alpha1')
Test remote	Test operator running in cluster	2025-04-30T11:08:49.8270299Z Invalid AnsiLogger Stream -> Swapping to default sdt out logger.
Test remote	Test operator running in cluster	2025-04-30T11:08:49.8299822Z [[34;1mINFO[m] Adding existing Role with name: keycloak-operator-role.
Test remote	Test operator running in cluster	2025-04-30T11:08:49.8304871Z [[34;1mINFO[m] Adding existing ClusterRole with name: keycloak-operator-clusterrole.
Test remote	Test operator running in cluster	2025-04-30T11:08:49.8311247Z [[34;1mINFO[m] Adding existing RoleBinding with name: keycloak-operator-role-binding.
Test remote	Test operator running in cluster	2025-04-30T11:08:49.8317298Z [[34;1mINFO[m] Adding existing ClusterRoleBinding with name: keycloak-operator-clusterrole-binding.
Test remote	Test operator running in cluster	2025-04-30T11:08:50.0419286Z [INFO] [io.quarkiverse.operatorsdk.deployment.AddRoleBindingsDecorator] Creating 'keycloakrealmimportcontroller-role-binding' RoleBinding to be applied to current namespace
Test remote	Test operator running in cluster	2025-04-30T11:08:50.0429882Z [INFO] [io.quarkiverse.operatorsdk.deployment.AddRoleBindingsDecorator] Creating 'keycloakcontroller-role-binding' RoleBinding to be applied to current namespace
Test remote	Test operator running in cluster	2025-04-30T11:08:50.9600763Z [INFO] [io.quarkiverse.operatorsdk.bundle.deployment.BundleProcessor] Assigning 'keycloakrealmimportcontroller' reconciler to default bundle automatically named 'keycloak-operator'
Test remote	Test operator running in cluster	2025-04-30T11:08:50.9639950Z [INFO] [io.quarkiverse.operatorsdk.bundle.deployment.BundleProcessor] Assigning 'keycloakcontroller' reconciler to default bundle automatically named 'keycloak-operator'
Test remote	Test operator running in cluster	2025-04-30T11:08:51.0163986Z [INFO] Testcontainers version: 1.20.1
Test remote	Test operator running in cluster	2025-04-30T11:08:51.1372806Z [INFO] [io.quarkiverse.operatorsdk.bundle.deployment.BundleProcessor] Processing CSV for 'keycloak-operator' controller -> /home/runner/work/keycloak/keycloak/operator/target/bundle/keycloak-operator/manifests/keycloak-operator.clusterserviceversion.yaml
Test remote	Test operator running in cluster	2025-04-30T11:08:51.1382856Z [INFO] [io.quarkiverse.operatorsdk.bundle.deployment.BundleProcessor] Processing annotations for 'keycloak-operator' controller -> /home/runner/work/keycloak/keycloak/operator/target/bundle/keycloak-operator/metadata/annotations.yaml
Test remote	Test operator running in cluster	2025-04-30T11:08:51.1386037Z [INFO] [io.quarkiverse.operatorsdk.bundle.deployment.BundleProcessor] Processing bundle for 'keycloak-operator' controller -> /home/runner/work/keycloak/keycloak/operator/target/bundle/keycloak-operator/bundle.Dockerfile
Test remote	Test operator running in cluster	2025-04-30T11:08:51.1411757Z [INFO] [io.quarkiverse.operatorsdk.bundle.deployment.BundleProcessor] Processing Custom Resource Definition for 'keycloak-operator' controller -> /home/runner/work/keycloak/keycloak/operator/target/bundle/keycloak-operator/manifests/keycloakrealmimports.k8s.keycloak.org-v1.crd.yml
Test remote	Test operator running in cluster	2025-04-30T11:08:51.1415724Z [INFO] [io.quarkiverse.operatorsdk.bundle.deployment.BundleProcessor] Processing Custom Resource Definition for 'keycloak-operator' controller -> /home/runner/work/keycloak/keycloak/operator/target/bundle/keycloak-operator/manifests/keycloaks.k8s.keycloak.org-v1.crd.yml
Test remote	Test operator running in cluster	2025-04-30T11:08:51.7775565Z [INFO] Found Docker environment with Environment variables, system properties and defaults. Resolved dockerHost=tcp://192.168.49.2:2376
Test remote	Test operator running in cluster	2025-04-30T11:08:51.7787104Z [INFO] Docker host IP address is 192.168.49.2
Test remote	Test operator running in cluster	2025-04-30T11:08:51.7976255Z [INFO] Connected to docker: 
Test remote	Test operator running in cluster	2025-04-30T11:08:51.7978419Z   Server Version: 24.0.7
Test remote	Test operator running in cluster	2025-04-30T11:08:51.7985181Z   API Version: 1.43
Test remote	Test operator running in cluster	2025-04-30T11:08:51.7985662Z   Operating System: Ubuntu 22.04.3 LTS
Test remote	Test operator running in cluster	2025-04-30T11:08:51.7986152Z   Total Memory: 15989 MB
Test remote	Test operator running in cluster	2025-04-30T11:08:51.8074345Z [INFO] Image pull policy will be performed by: DefaultPullPolicy()
Test remote	Test operator running in cluster	2025-04-30T11:08:51.8087240Z [INFO] Image name substitution will be performed by: DefaultImageNameSubstitutor (composite of 'ConfigurationFileImageNameSubstitutor' and 'PrefixingImageNameSubstitutor')
Test remote	Test operator running in cluster	2025-04-30T11:08:51.8118368Z [INFO] Checking the system...
Test remote	Test operator running in cluster	2025-04-30T11:08:51.8129780Z [INFO] ✔︎ Docker server version should be at least 1.6.0
Test remote	Test operator running in cluster	2025-04-30T11:08:51.8165847Z [INFO] [io.quarkus.container.image.docker.common.deployment.CommonProcessor] Starting (local) container image build for jar using docker
Test remote	Test operator running in cluster	2025-04-30T11:08:51.8964998Z [INFO] [io.quarkus.container.image.docker.common.deployment.CommonProcessor] Executing the following command to build image: 'docker build -f /home/runner/work/keycloak/keycloak/operator/Dockerfile --build-arg KEYCLOAK_VERSION=999.0.0-SNAPSHOT -t docker.io/keycloak/keycloak-operator:999.0.0-SNAPSHOT /home/runner/work/keycloak/keycloak/operator'
Test remote	Test operator running in cluster	2025-04-30T11:08:52.2895209Z [INFO] [io.quarkus.deployment.util.ExecUtil] #0 building with "default" instance using docker driver
Test remote	Test operator running in cluster	2025-04-30T11:08:52.2895967Z [INFO] [io.quarkus.deployment.util.ExecUtil] 
Test remote	Test operator running in cluster	2025-04-30T11:08:52.2896515Z [INFO] [io.quarkus.deployment.util.ExecUtil] #1 [internal] load .dockerignore
Test remote	Test operator running in cluster	2025-04-30T11:08:52.2897159Z [INFO] [io.quarkus.deployment.util.ExecUtil] #1 transferring context: 2B done
Test remote	Test operator running in cluster	2025-04-30T11:08:52.2897721Z [INFO] [io.quarkus.deployment.util.ExecUtil] #1 DONE 0.0s
Test remote	Test operator running in cluster	2025-04-30T11:08:52.2898167Z [INFO] [io.quarkus.deployment.util.ExecUtil] 
Test remote	Test operator running in cluster	2025-04-30T11:08:52.2899007Z [INFO] [io.quarkus.deployment.util.ExecUtil] #2 [internal] load build definition from Dockerfile
Test remote	Test operator running in cluster	2025-04-30T11:08:52.2899772Z [INFO] [io.quarkus.deployment.util.ExecUtil] #2 transferring dockerfile: 2.12kB done
Test remote	Test operator running in cluster	2025-04-30T11:08:52.2900404Z [INFO] [io.quarkus.deployment.util.ExecUtil] #2 DONE 0.0s
Test remote	Test operator running in cluster	2025-04-30T11:08:52.2900850Z [INFO] [io.quarkus.deployment.util.ExecUtil] 
Test remote	Test operator running in cluster	2025-04-30T11:08:52.2901540Z [INFO] [io.quarkus.deployment.util.ExecUtil] #3 [internal] load metadata for registry.access.redhat.com/ubi9:latest
Test remote	Test operator running in cluster	2025-04-30T11:08:52.3897793Z [INFO] [io.quarkus.deployment.util.ExecUtil] #3 ...
Test remote	Test operator running in cluster	2025-04-30T11:08:52.3899130Z [INFO] [io.quarkus.deployment.util.ExecUtil] 
Test remote	Test operator running in cluster	2025-04-30T11:08:52.3900312Z [INFO] [io.quarkus.deployment.util.ExecUtil] #4 [internal] load metadata for registry.access.redhat.com/ubi9-micro:latest
Test remote	Test operator running in cluster	2025-04-30T11:08:52.3901948Z [INFO] [io.quarkus.deployment.util.ExecUtil] #4 ERROR: pulling from host registry.access.redhat.com failed with status code [manifests latest]: 502 Bad Gateway
Test remote	Test operator running in cluster	2025-04-30T11:08:52.4041074Z [INFO] [io.quarkus.deployment.util.ExecUtil] 
Test remote	Test operator running in cluster	2025-04-30T11:08:52.4042347Z [INFO] [io.quarkus.deployment.util.ExecUtil] #3 [internal] load metadata for registry.access.redhat.com/ubi9:latest
Test remote	Test operator running in cluster	2025-04-30T11:08:52.4043384Z [INFO] [io.quarkus.deployment.util.ExecUtil] #3 CANCELED
Test remote	Test operator running in cluster	2025-04-30T11:08:52.4043870Z [INFO] [io.quarkus.deployment.util.ExecUtil] ------
Test remote	Test operator running in cluster	2025-04-30T11:08:52.4044712Z [INFO] [io.quarkus.deployment.util.ExecUtil]  > [internal] load metadata for registry.access.redhat.com/ubi9-micro:latest:
Test remote	Test operator running in cluster	2025-04-30T11:08:52.4045268Z [INFO] [io.quarkus.deployment.util.ExecUtil] ------
Test remote	Test operator running in cluster	2025-04-30T11:08:52.4057772Z [INFO] [io.quarkus.deployment.util.ExecUtil] Dockerfile:6
Test remote	Test operator running in cluster	2025-04-30T11:08:52.4059523Z [INFO] [io.quarkus.deployment.util.ExecUtil] --------------------
Test remote	Test operator running in cluster	2025-04-30T11:08:52.4061618Z [INFO] [io.quarkus.deployment.util.ExecUtil]    4 |     RUN bash /tmp/ubi-null.sh java-21-openjdk-headless glibc-langpack-en
Test remote	Test operator running in cluster	2025-04-30T11:08:52.4062604Z [INFO] [io.quarkus.deployment.util.ExecUtil]    5 |     
Test remote	Test operator running in cluster	2025-04-30T11:08:52.4063448Z [INFO] [io.quarkus.deployment.util.ExecUtil]    6 | >>> FROM registry.access.redhat.com/ubi9-micro
Test remote	Test operator running in cluster	2025-04-30T11:08:52.4064442Z [INFO] [io.quarkus.deployment.util.ExecUtil]    7 |     ENV LANG en_US.UTF-8
Test remote	Test operator running in cluster	2025-04-30T11:08:52.4065530Z [INFO] [io.quarkus.deployment.util.ExecUtil]    8 |     
Test remote	Test operator running in cluster	2025-04-30T11:08:52.4066212Z [INFO] [io.quarkus.deployment.util.ExecUtil] --------------------
Test remote	Test operator running in cluster	2025-04-30T11:08:52.4067796Z [INFO] [io.quarkus.deployment.util.ExecUtil] ERROR: failed to solve: registry.access.redhat.com/ubi9-micro: pulling from host registry.access.redhat.com failed with status code [manifests latest]: 502 Bad Gateway
Test remote	Test operator running in cluster	2025-04-30T11:08:52.4379152Z [INFO] ------------------------------------------------------------------------
Test remote	Test operator running in cluster	2025-04-30T11:08:52.4390226Z [INFO] Reactor Summary for Keycloak 999.0.0-SNAPSHOT:
Test remote	Test operator running in cluster	2025-04-30T11:08:52.4392688Z [INFO] 
Test remote	Test operator running in cluster	2025-04-30T11:08:52.4393414Z [INFO] Keycloak ........................................... SUCCESS [ 30.622 s]
Test remote	Test operator running in cluster	2025-04-30T11:08:52.4395480Z [INFO] Keycloak Common .................................... SUCCESS [ 23.531 s]
Test remote	Test operator running in cluster	2025-04-30T11:08:52.4398241Z [INFO] Keycloak Core ...................................... SUCCESS [  5.062 s]
Test remote	Test operator running in cluster	2025-04-30T11:08:52.4400630Z [INFO] Keycloak Operator .................................. FAILURE [ 23.923 s]
Test remote	Test operator running in cluster	2025-04-30T11:08:52.4401618Z [INFO] ------------------------------------------------------------------------
Test remote	Test operator running in cluster	2025-04-30T11:08:52.4402204Z [INFO] BUILD FAILURE
Test remote	Test operator running in cluster	2025-04-30T11:08:52.4402677Z [INFO] ------------------------------------------------------------------------
Test remote	Test operator running in cluster	2025-04-30T11:08:52.4403510Z [INFO] Total time:  01:24 min
Test remote	Test operator running in cluster	2025-04-30T11:08:52.4406862Z [INFO] Finished at: 2025-04-30T11:08:52Z
Test remote	Test operator running in cluster	2025-04-30T11:08:52.4409552Z [INFO] ------------------------------------------------------------------------
Test remote	Test operator running in cluster	2025-04-30T11:08:52.4419399Z [ERROR] Failed to execute goal io.quarkus:quarkus-maven-plugin:3.15.4:build (default) on project keycloak-operator: Failed to build quarkus application: io.quarkus.builder.BuildException: Build failure: Build failed due to errors
Test remote	Test operator running in cluster	2025-04-30T11:08:52.4423590Z [ERROR] 	[error]: Build step io.quarkus.container.image.docker.deployment.DockerProcessor#dockerBuildFromJar threw an exception: java.lang.RuntimeException: Execution of 'docker build -f /home/runner/work/keycloak/keycloak/operator/Dockerfile --build-arg KEYCLOAK_VERSION=999.0.0-SNAPSHOT -t docker.io/keycloak/keycloak-operator:999.0.0-SNAPSHOT /home/runner/work/keycloak/keycloak/operator' failed. See docker output for more details
Test remote	Test operator running in cluster	2025-04-30T11:08:52.4427259Z [ERROR] 	at io.quarkus.container.image.docker.common.deployment.CommonProcessor.containerRuntimeException(CommonProcessor.java:254)
Test remote	Test operator running in cluster	2025-04-30T11:08:52.4429138Z [ERROR] 	at io.quarkus.container.image.docker.common.deployment.CommonProcessor.buildImage(CommonProcessor.java:242)
Test remote	Test operator running in cluster	2025-04-30T11:08:52.4430611Z [ERROR] 	at io.quarkus.container.image.docker.deployment.DockerProcessor.createContainerImage(DockerProcessor.java:125)
Test remote	Test operator running in cluster	2025-04-30T11:08:52.4432042Z [ERROR] 	at io.quarkus.container.image.docker.deployment.DockerProcessor.createContainerImage(DockerProcessor.java:31)
Test remote	Test operator running in cluster	2025-04-30T11:08:52.4433436Z [ERROR] 	at io.quarkus.container.image.docker.common.deployment.CommonProcessor.buildFromJar(CommonProcessor.java:88)
Test remote	Test operator running in cluster	2025-04-30T11:08:52.4434923Z [ERROR] 	at io.quarkus.container.image.docker.deployment.DockerProcessor.dockerBuildFromJar(DockerProcessor.java:62)
Test remote	Test operator running in cluster	2025-04-30T11:08:52.4436576Z [ERROR] 	at java.base/java.lang.invoke.MethodHandle.invokeWithArguments(MethodHandle.java:733)
Test remote	Test operator running in cluster	2025-04-30T11:08:52.4437590Z [ERROR] 	at io.quarkus.deployment.ExtensionLoader$3.execute(ExtensionLoader.java:856)
Test remote	Test operator running in cluster	2025-04-30T11:08:52.4438487Z [ERROR] 	at io.quarkus.builder.BuildContext.run(BuildContext.java:256)
Test remote	Test operator running in cluster	2025-04-30T11:08:52.4439477Z [ERROR] 	at org.jboss.threads.ContextHandler$1.runWith(ContextHandler.java:18)
Test remote	Test operator running in cluster	2025-04-30T11:08:52.4440512Z [ERROR] 	at org.jboss.threads.EnhancedQueueExecutor$Task.doRunWith(EnhancedQueueExecutor.java:2516)
Test remote	Test operator running in cluster	2025-04-30T11:08:52.4441640Z [ERROR] 	at org.jboss.threads.EnhancedQueueExecutor$Task.run(EnhancedQueueExecutor.java:2495)
Test remote	Test operator running in cluster	2025-04-30T11:08:52.4442730Z [ERROR] 	at org.jboss.threads.EnhancedQueueExecutor$ThreadBody.run(EnhancedQueueExecutor.java:1521)
Test remote	Test operator running in cluster	2025-04-30T11:08:52.4443941Z [ERROR] 	at java.base/java.lang.Thread.run(Thread.java:1583)
Test remote	Test operator running in cluster	2025-04-30T11:08:52.4444626Z [ERROR] 	at org.jboss.threads.JBossThread.run(JBossThread.java:483)
Test remote	Test operator running in cluster	2025-04-30T11:08:52.4445204Z [ERROR] -> [Help 1]
Test remote	Test operator running in cluster	2025-04-30T11:08:52.4445543Z [ERROR] 
Test remote	Test operator running in cluster	2025-04-30T11:08:52.4446083Z [ERROR] To see the full stack trace of the errors, re-run Maven with the -e switch.
Test remote	Test operator running in cluster	2025-04-30T11:08:52.4447682Z [ERROR] Re-run Maven using the -X switch to enable full debug logging.
Test remote	Test operator running in cluster	2025-04-30T11:08:52.4448303Z [ERROR] 
Test remote	Test operator running in cluster	2025-04-30T11:08:52.4449187Z [ERROR] For more information about the errors and possible solutions, please read the following articles:
Test remote	Test operator running in cluster	2025-04-30T11:08:52.4450293Z [ERROR] [Help 1] http://cwiki.apache.org/confluence/display/MAVEN/MojoExecutionException
Test remote	Test operator running in cluster	2025-04-30T11:08:52.4451010Z [ERROR] 
Test remote	Test operator running in cluster	2025-04-30T11:08:52.4451547Z [ERROR] After correcting the problems, you can resume the build with the command
Test remote	Test operator running in cluster	2025-04-30T11:08:52.4452265Z [ERROR]   mvn <args> -rf :keycloak-operator
Test remote	Test operator running in cluster	2025-04-30T11:08:52.4992791Z  96% Generating: org.keycloak.operator.crds.v2alpha1.deployment.Keycloak
Test remote	Test operator running in cluster	2025-04-30T11:08:52.5009483Z ##[error]Process completed with exit code 1.
Status Check - Keycloak Operator CI	Run /./.github/actions/status-check	2025-04-30T11:37:31.2200667Z Prepare all required actions
Status Check - Keycloak Operator CI	Run /./.github/actions/status-check	2025-04-30T11:37:31.2356044Z ##[group]Run ./.github/actions/status-check
Status Check - Keycloak Operator CI	Run /./.github/actions/status-check	2025-04-30T11:37:31.2356783Z with:
Status Check - Keycloak Operator CI	Run /./.github/actions/status-check	2025-04-30T11:37:31.2358161Z   jobs: {
Status Check - Keycloak Operator CI	Run /./.github/actions/status-check	  "conditional": {
Status Check - Keycloak Operator CI	Run /./.github/actions/status-check	    "result": "success",
Status Check - Keycloak Operator CI	Run /./.github/actions/status-check	    "outputs": {
Status Check - Keycloak Operator CI	Run /./.github/actions/status-check	      "operator": "true"
Status Check - Keycloak Operator CI	Run /./.github/actions/status-check	    }
Status Check - Keycloak Operator CI	Run /./.github/actions/status-check	  },
Status Check - Keycloak Operator CI	Run /./.github/actions/status-check	  "build": {
Status Check - Keycloak Operator CI	Run /./.github/actions/status-check	    "result": "success",
Status Check - Keycloak Operator CI	Run /./.github/actions/status-check	    "outputs": {}
Status Check - Keycloak Operator CI	Run /./.github/actions/status-check	  },
Status Check - Keycloak Operator CI	Run /./.github/actions/status-check	  "test-local": {
Status Check - Keycloak Operator CI	Run /./.github/actions/status-check	    "result": "success",
Status Check - Keycloak Operator CI	Run /./.github/actions/status-check	    "outputs": {}
Status Check - Keycloak Operator CI	Run /./.github/actions/status-check	  },
Status Check - Keycloak Operator CI	Run /./.github/actions/status-check	  "test-remote": {
Status Check - Keycloak Operator CI	Run /./.github/actions/status-check	    "result": "failure",
Status Check - Keycloak Operator CI	Run /./.github/actions/status-check	    "outputs": {}
Status Check - Keycloak Operator CI	Run /./.github/actions/status-check	  },
Status Check - Keycloak Operator CI	Run /./.github/actions/status-check	  "test-olm": {
Status Check - Keycloak Operator CI	Run /./.github/actions/status-check	    "result": "success",
Status Check - Keycloak Operator CI	Run /./.github/actions/status-check	    "outputs": {}
Status Check - Keycloak Operator CI	Run /./.github/actions/status-check	  }
Status Check - Keycloak Operator CI	Run /./.github/actions/status-check	}
Status Check - Keycloak Operator CI	Run /./.github/actions/status-check	2025-04-30T11:37:31.2359754Z env:
Status Check - Keycloak Operator CI	Run /./.github/actions/status-check	2025-04-30T11:37:31.2360244Z   MAVEN_ARGS: -B -nsu -Daether.connector.http.connectionMaxTtl=25
Status Check - Keycloak Operator CI	Run /./.github/actions/status-check	2025-04-30T11:37:31.2360866Z   MINIKUBE_VERSION: v1.32.0
Status Check - Keycloak Operator CI	Run /./.github/actions/status-check	2025-04-30T11:37:31.2361315Z   KUBERNETES_VERSION: v1.27.10
Status Check - Keycloak Operator CI	Run /./.github/actions/status-check	2025-04-30T11:37:31.2361732Z   MINIKUBE_MEMORY: 4096
Status Check - Keycloak Operator CI	Run /./.github/actions/status-check	2025-04-30T11:37:31.2362079Z ##[endgroup]
Status Check - Keycloak Operator CI	Run /./.github/actions/status-check	2025-04-30T11:37:31.2467444Z ##[group]Run JOBS='{
Status Check - Keycloak Operator CI	Run /./.github/actions/status-check	2025-04-30T11:37:31.2467769Z [36;1mJOBS='{[0m
Status Check - Keycloak Operator CI	Run /./.github/actions/status-check	2025-04-30T11:37:31.2467998Z [36;1m  "conditional": {[0m
Status Check - Keycloak Operator CI	Run /./.github/actions/status-check	2025-04-30T11:37:31.2468296Z [36;1m    "result": "success",[0m
Status Check - Keycloak Operator CI	Run /./.github/actions/status-check	2025-04-30T11:37:31.2468559Z [36;1m    "outputs": {[0m
Status Check - Keycloak Operator CI	Run /./.github/actions/status-check	2025-04-30T11:37:31.2468795Z [36;1m      "operator": "true"[0m
Status Check - Keycloak Operator CI	Run /./.github/actions/status-check	2025-04-30T11:37:31.2469022Z [36;1m    }[0m
Status Check - Keycloak Operator CI	Run /./.github/actions/status-check	2025-04-30T11:37:31.2469207Z [36;1m  },[0m
Status Check - Keycloak Operator CI	Run /./.github/actions/status-check	2025-04-30T11:37:31.2469394Z [36;1m  "build": {[0m
Status Check - Keycloak Operator CI	Run /./.github/actions/status-check	2025-04-30T11:37:31.2469595Z [36;1m    "result": "success",[0m
Status Check - Keycloak Operator CI	Run /./.github/actions/status-check	2025-04-30T11:37:31.2469829Z [36;1m    "outputs": {}[0m
Status Check - Keycloak Operator CI	Run /./.github/actions/status-check	2025-04-30T11:37:31.2470044Z [36;1m  },[0m
Status Check - Keycloak Operator CI	Run /./.github/actions/status-check	2025-04-30T11:37:31.2470235Z [36;1m  "test-local": {[0m
Status Check - Keycloak Operator CI	Run /./.github/actions/status-check	2025-04-30T11:37:31.2470456Z [36;1m    "result": "success",[0m
Status Check - Keycloak Operator CI	Run /./.github/actions/status-check	2025-04-30T11:37:31.2470694Z [36;1m    "outputs": {}[0m
Status Check - Keycloak Operator CI	Run /./.github/actions/status-check	2025-04-30T11:37:31.2470911Z [36;1m  },[0m
Status Check - Keycloak Operator CI	Run /./.github/actions/status-check	2025-04-30T11:37:31.2471106Z [36;1m  "test-remote": {[0m
Status Check - Keycloak Operator CI	Run /./.github/actions/status-check	2025-04-30T11:37:31.2471336Z [36;1m    "result": "failure",[0m
Status Check - Keycloak Operator CI	Run /./.github/actions/status-check	2025-04-30T11:37:31.2471570Z [36;1m    "outputs": {}[0m
Status Check - Keycloak Operator CI	Run /./.github/actions/status-check	2025-04-30T11:37:31.2471773Z [36;1m  },[0m
Status Check - Keycloak Operator CI	Run /./.github/actions/status-check	2025-04-30T11:37:31.2471960Z [36;1m  "test-olm": {[0m
Status Check - Keycloak Operator CI	Run /./.github/actions/status-check	2025-04-30T11:37:31.2472186Z [36;1m    "result": "success",[0m
Status Check - Keycloak Operator CI	Run /./.github/actions/status-check	2025-04-30T11:37:31.2472420Z [36;1m    "outputs": {}[0m
Status Check - Keycloak Operator CI	Run /./.github/actions/status-check	2025-04-30T11:37:31.2472636Z [36;1m  }[0m
Status Check - Keycloak Operator CI	Run /./.github/actions/status-check	2025-04-30T11:37:31.2472813Z [36;1m}'[0m
Status Check - Keycloak Operator CI	Run /./.github/actions/status-check	2025-04-30T11:37:31.2472991Z [36;1m[0m
Status Check - Keycloak Operator CI	Run /./.github/actions/status-check	2025-04-30T11:37:31.2473178Z [36;1mecho "Job status:"[0m
Status Check - Keycloak Operator CI	Run /./.github/actions/status-check	2025-04-30T11:37:31.2473530Z [36;1mecho $JOBS | jq -r 'to_entries[] | " - \(.key): \(.value.result)"'[0m
Status Check - Keycloak Operator CI	Run /./.github/actions/status-check	2025-04-30T11:37:31.2473868Z [36;1m[0m
Status Check - Keycloak Operator CI	Run /./.github/actions/status-check	2025-04-30T11:37:31.2474122Z [36;1mfor i in $(echo $JOBS | jq -r 'to_entries[] | .value.result'); do[0m
Status Check - Keycloak Operator CI	Run /./.github/actions/status-check	2025-04-30T11:37:31.2474496Z [36;1m  if [ "$i" != "success" ] && [ "$i" != "skipped" ]; then[0m
Status Check - Keycloak Operator CI	Run /./.github/actions/status-check	2025-04-30T11:37:31.2474787Z [36;1m    echo ""[0m
Status Check - Keycloak Operator CI	Run /./.github/actions/status-check	2025-04-30T11:37:31.2475010Z [36;1m    echo "Status check not okay!"[0m
Status Check - Keycloak Operator CI	Run /./.github/actions/status-check	2025-04-30T11:37:31.2475265Z [36;1m    exit 1[0m
Status Check - Keycloak Operator CI	Run /./.github/actions/status-check	2025-04-30T11:37:31.2475456Z [36;1m  fi[0m
Status Check - Keycloak Operator CI	Run /./.github/actions/status-check	2025-04-30T11:37:31.2475655Z [36;1mdone[0m
Status Check - Keycloak Operator CI	Run /./.github/actions/status-check	2025-04-30T11:37:31.2512651Z shell: /usr/bin/bash --noprofile --norc -e -o pipefail {0}
Status Check - Keycloak Operator CI	Run /./.github/actions/status-check	2025-04-30T11:37:31.2513029Z env:
Status Check - Keycloak Operator CI	Run /./.github/actions/status-check	2025-04-30T11:37:31.2513318Z   MAVEN_ARGS: -B -nsu -Daether.connector.http.connectionMaxTtl=25
Status Check - Keycloak Operator CI	Run /./.github/actions/status-check	2025-04-30T11:37:31.2513673Z   MINIKUBE_VERSION: v1.32.0
Status Check - Keycloak Operator CI	Run /./.github/actions/status-check	2025-04-30T11:37:31.2513923Z   KUBERNETES_VERSION: v1.27.10
Status Check - Keycloak Operator CI	Run /./.github/actions/status-check	2025-04-30T11:37:31.2514183Z   MINIKUBE_MEMORY: 4096
Status Check - Keycloak Operator CI	Run /./.github/actions/status-check	2025-04-30T11:37:31.2514633Z ##[endgroup]
Status Check - Keycloak Operator CI	Run /./.github/actions/status-check	2025-04-30T11:37:31.2587120Z Job status:
Status Check - Keycloak Operator CI	Run /./.github/actions/status-check	2025-04-30T11:37:31.2630758Z  - conditional: success
Status Check - Keycloak Operator CI	Run /./.github/actions/status-check	2025-04-30T11:37:31.2631052Z  - build: success
Status Check - Keycloak Operator CI	Run /./.github/actions/status-check	2025-04-30T11:37:31.2631282Z  - test-local: success
Status Check - Keycloak Operator CI	Run /./.github/actions/status-check	2025-04-30T11:37:31.2631517Z  - test-remote: failure
Status Check - Keycloak Operator CI	Run /./.github/actions/status-check	2025-04-30T11:37:31.2631737Z  - test-olm: success
Status Check - Keycloak Operator CI	Run /./.github/actions/status-check	2025-04-30T11:37:31.2664829Z 
Status Check - Keycloak Operator CI	Run /./.github/actions/status-check	2025-04-30T11:37:31.2665001Z Status check not okay!
Status Check - Keycloak Operator CI	Run /./.github/actions/status-check	2025-04-30T11:37:31.2677694Z ##[error]Process completed with exit code 1.
