Admin UI E2E (4, chrome)	Run Cypress	2024-10-18T13:39:13.4471821Z ##[group]Run cypress-io/github-action@v6
Admin UI E2E (4, chrome)	Run Cypress	2024-10-18T13:39:13.4472559Z with:
Admin UI E2E (4, chrome)	Run Cypress	2024-10-18T13:39:13.4473067Z   install: false
Admin UI E2E (4, chrome)	Run Cypress	2024-10-18T13:39:13.4473710Z   browser: chrome
Admin UI E2E (4, chrome)	Run Cypress	2024-10-18T13:39:13.4474291Z   wait-on: http://localhost:8080
Admin UI E2E (4, chrome)	Run Cypress	2024-10-18T13:39:13.4475002Z   working-directory: js/apps/admin-ui
Admin UI E2E (4, chrome)	Run Cypress	2024-10-18T13:39:13.4475772Z   record: false
Admin UI E2E (4, chrome)	Run Cypress	2024-10-18T13:39:13.4476307Z   publish-summary: true
Admin UI E2E (4, chrome)	Run Cypress	2024-10-18T13:39:13.4477005Z   component: false
Admin UI E2E (4, chrome)	Run Cypress	2024-10-18T13:39:13.4477511Z env:
Admin UI E2E (4, chrome)	Run Cypress	2024-10-18T13:39:13.4478182Z   MAVEN_ARGS: -B -nsu -Daether.connector.http.connectionMaxTtl=25
Admin UI E2E (4, chrome)	Run Cypress	2024-10-18T13:39:13.4479236Z   WORKSPACE: keycloak-admin-ui
Admin UI E2E (4, chrome)	Run Cypress	2024-10-18T13:39:13.4480130Z   JAVA_HOME: /opt/hostedtoolcache/Java_Temurin-Hotspot_jdk/21.0.4-7/x64
Admin UI E2E (4, chrome)	Run Cypress	2024-10-18T13:39:13.4481375Z   JAVA_HOME_21_X64: /opt/hostedtoolcache/Java_Temurin-Hotspot_jdk/21.0.4-7/x64
Admin UI E2E (4, chrome)	Run Cypress	2024-10-18T13:39:13.4482435Z   SPLIT: 5
Admin UI E2E (4, chrome)	Run Cypress	2024-10-18T13:39:13.4482883Z   SPLIT_INDEX: 3
Admin UI E2E (4, chrome)	Run Cypress	2024-10-18T13:39:13.4483441Z   SPLIT_RANDOM_SEED: 50
Admin UI E2E (4, chrome)	Run Cypress	2024-10-18T13:39:13.4484108Z ##[endgroup]
Admin UI E2E (4, chrome)	Run Cypress	2024-10-18T13:39:13.6714542Z Skipping install because install parameter is false
Admin UI E2E (4, chrome)	Run Cypress	2024-10-18T13:39:13.6730708Z waiting on "http://localhost:8080" with timeout of 60 seconds
Admin UI E2E (4, chrome)	Run Cypress	2024-10-18T13:39:29.6833320Z It looks like this is your first time using Cypress: 13.15.0
Admin UI E2E (4, chrome)	Run Cypress	2024-10-18T13:39:29.6833948Z 
Admin UI E2E (4, chrome)	Run Cypress	2024-10-18T13:39:29.6854955Z [STARTED] Task without title.
Admin UI E2E (4, chrome)	Run Cypress	2024-10-18T13:39:31.1896862Z [SUCCESS] Task without title.
Admin UI E2E (4, chrome)	Run Cypress	2024-10-18T13:39:31.1900640Z 
Admin UI E2E (4, chrome)	Run Cypress	2024-10-18T13:39:31.1901131Z Opening Cypress...
Admin UI E2E (4, chrome)	Run Cypress	2024-10-18T13:39:31.8112713Z 
Admin UI E2E (4, chrome)	Run Cypress	2024-10-18T13:39:31.8115333Z DevTools listening on ws://127.0.0.1:44995/devtools/browser/b33d3dfe-3af2-4966-9d5f-e631c0f23300
Admin UI E2E (4, chrome)	Run Cypress	2024-10-18T13:39:32.3901202Z (node:2886) ExperimentalWarning: `--experimental-loader` may be removed in the future; instead use `register()`:
Admin UI E2E (4, chrome)	Run Cypress	2024-10-18T13:39:32.3903599Z --import 'data:text/javascript,import { register } from "node:module"; import { pathToFileURL } from "node:url"; register("file%3A///home/runner/.cache/Cypress/13.15.0/Cypress/resources/app/node_modules/ts-node/esm/transpile-only.mjs", pathToFileURL("./"));'
Admin UI E2E (4, chrome)	Run Cypress	2024-10-18T13:39:32.3905518Z (Use `node --trace-warnings ...` to show where the warning was created)
Admin UI E2E (4, chrome)	Run Cypress	2024-10-18T13:39:38.4058751Z cypress-split: there are 37 found specs
Admin UI E2E (4, chrome)	Run Cypress	2024-10-18T13:39:38.4059796Z the first 5 specs
Admin UI E2E (4, chrome)	Run Cypress	2024-10-18T13:39:38.4061263Z - 1: /home/runner/work/keycloak/keycloak/js/apps/admin-ui/cypress/e2e/user_fed_kerberos_test.spec.ts
Admin UI E2E (4, chrome)	Run Cypress	2024-10-18T13:39:38.4063269Z - 2: /home/runner/work/keycloak/keycloak/js/apps/admin-ui/cypress/e2e/realm_settings_client_profiles_test.spec.ts
Admin UI E2E (4, chrome)	Run Cypress	2024-10-18T13:39:38.4065628Z - 3: /home/runner/work/keycloak/keycloak/js/apps/admin-ui/cypress/e2e/authentication_policies.spec.ts
Admin UI E2E (4, chrome)	Run Cypress	2024-10-18T13:39:38.4067241Z - 4: /home/runner/work/keycloak/keycloak/js/apps/admin-ui/cypress/e2e/partial_import_test.spec.ts
Admin UI E2E (4, chrome)	Run Cypress	2024-10-18T13:39:38.4068700Z - 5: /home/runner/work/keycloak/keycloak/js/apps/admin-ui/cypress/e2e/i18n_test.spec.ts
Admin UI E2E (4, chrome)	Run Cypress	2024-10-18T13:39:38.4069418Z cypress-split: chunk 4 of 5
Admin UI E2E (4, chrome)	Run Cypress	2024-10-18T13:39:38.4077773Z k  spec                                                   
Admin UI E2E (4, chrome)	Run Cypress	2024-10-18T13:39:38.4078833Z -  -------------------------------------------------------
Admin UI E2E (4, chrome)	Run Cypress	2024-10-18T13:39:38.4079868Z 1  cypress/e2e/user_fed_ldap_hardcoded_mapper_test.spec.ts
Admin UI E2E (4, chrome)	Run Cypress	2024-10-18T13:39:38.4082586Z 2  cypress/e2e/realm_test.spec.ts                         
Admin UI E2E (4, chrome)	Run Cypress	2024-10-18T13:39:38.4083833Z 3  cypress/e2e/realm_settings_tabs_test.spec.ts           
Admin UI E2E (4, chrome)	Run Cypress	2024-10-18T13:39:38.4085202Z 4  cypress/e2e/clients_test.spec.ts                       
Admin UI E2E (4, chrome)	Run Cypress	2024-10-18T13:39:38.4086437Z 5  cypress/e2e/realm_user_registration.spec.ts            
Admin UI E2E (4, chrome)	Run Cypress	2024-10-18T13:39:38.4088004Z 6  cypress/e2e/identity_providers_test.spec.ts            
Admin UI E2E (4, chrome)	Run Cypress	2024-10-18T13:39:38.4089359Z 7  cypress/e2e/user_fed_test.spec.ts                      
Admin UI E2E (4, chrome)	Run Cypress	2024-10-18T13:39:38.4090020Z 
Admin UI E2E (4, chrome)	Run Cypress	2024-10-18T13:39:39.1370138Z 
Admin UI E2E (4, chrome)	Run Cypress	2024-10-18T13:39:39.1684635Z [90m====================================================================================================[39m
Admin UI E2E (4, chrome)	Run Cypress	2024-10-18T13:39:39.1685096Z 
Admin UI E2E (4, chrome)	Run Cypress	2024-10-18T13:39:39.1686071Z [0m  ([4m[1mRun Starting[22m[24m)[0m
Admin UI E2E (4, chrome)	Run Cypress	2024-10-18T13:39:39.1687596Z 
Admin UI E2E (4, chrome)	Run Cypress	2024-10-18T13:39:39.1764529Z [90m  ┌[39m[90m─[39m[90m─[39m[90m─[39m[90m─[39m[90m─[39m[90m─[39m[90m─[39m[90m─[39m[90m─[39m[90m─[39m[90m─[39m[90m─[39m[90m─[39m[90m─[39m[90m─[39m[90m─[39m[90m─[39m[90m─[39m[90m─[39m[90m─[39m[90m─[39m[90m─[39m[90m─[39m[90m─[39m[90m─[39m[90m─[39m[90m─[39m[90m─[39m[90m─[39m[90m─[39m[90m─[39m[90m─[39m[90m─[39m[90m─[39m[90m─[39m[90m─[39m[90m─[39m[90m─[39m[90m─[39m[90m─[39m[90m─[39m[90m─[39m[90m─[39m[90m─[39m[90m─[39m[90m─[39m[90m─[39m[90m─[39m[90m─[39m[90m─[39m[90m─[39m[90m─[39m[90m─[39m[90m─[39m[90m─[39m[90m─[39m[90m─[39m[90m─[39m[90m─[39m[90m─[39m[90m─[39m[90m─[39m[90m─[39m[90m─[39m[90m─[39m[90m─[39m[90m─[39m[90m─[39m[90m─[39m[90m─[39m[90m─[39m[90m─[39m[90m─[39m[90m─[39m[90m─[39m[90m─[39m[90m─[39m[90m─[39m[90m─[39m[90m─[39m[90m─[39m[90m─[39m[90m─[39m[90m─[39m[90m─[39m[90m─[39m[90m─[39m[90m─[39m[90m─[39m[90m─[39m[90m─[39m[90m─[39m[90m─[39m[90m─[39m[90m─[39m[90m─[39m[90m┐[39m
Admin UI E2E (4, chrome)	Run Cypress	2024-10-18T13:39:39.1770284Z [90m  │[39m [90mCypress:[39m        13.15.0                                                                        [90m│[39m
Admin UI E2E (4, chrome)	Run Cypress	2024-10-18T13:39:39.1772432Z [90m  │[39m [90mBrowser:[39m        Chrome 130 [90m(headless)[39m                                                          [90m│[39m
Admin UI E2E (4, chrome)	Run Cypress	2024-10-18T13:39:39.1774892Z [90m  │[39m [90mNode Version:[39m   [0mv20.13.1 [90m(/home/runner/runners/2.320.0/externals/node20/bin/node)[39m[0m              [90m│[39m
Admin UI E2E (4, chrome)	Run Cypress	2024-10-18T13:39:39.1776321Z [90m  │[39m [90mSpecs:[39m          [0m7 found (user_fed_ldap_hardcoded_mapper_test.spec.ts, realm_test.spec.ts, real[0m [90m│[39m
Admin UI E2E (4, chrome)	Run Cypress	2024-10-18T13:39:39.1777902Z [90m  │[39m                 [0mm_settings_tabs_test.spec.ts, clients_test.spec.ts, realm_user_registration.sp[0m [90m│[39m
Admin UI E2E (4, chrome)	Run Cypress	2024-10-18T13:39:39.1779434Z [90m  │[39m                 [0mec.ts, identity_providers_test.spec.ts, user_fed_test.spec.ts)[0m                 [90m│[39m
Admin UI E2E (4, chrome)	Run Cypress	2024-10-18T13:39:39.1780748Z [90m  │[39m [90mSearched:[39m       [0mcypress/e2e/user_fed_ldap_hardcoded_mapper_test.spec.ts, cypress/e2e/realm_tes[0m [90m│[39m
Admin UI E2E (4, chrome)	Run Cypress	2024-10-18T13:39:39.1782009Z [90m  │[39m                 [0mt.spec.ts, cypress/e2e/realm_settings_tabs_test.spec.ts, cypress/e2e/clients_t[0m [90m│[39m
Admin UI E2E (4, chrome)	Run Cypress	2024-10-18T13:39:39.1783255Z [90m  │[39m                 [0mest.spec.ts, cypress/e2e/realm_user_registration.spec.ts, cypress/e2e/identity[0m [90m│[39m
Admin UI E2E (4, chrome)	Run Cypress	2024-10-18T13:39:39.1784700Z [90m  │[39m                 [0m_providers_test.spec.ts, cypress/e2e/user_fed_test.spec.ts[0m                     [90m│[39m
Admin UI E2E (4, chrome)	Run Cypress	2024-10-18T13:39:39.1785903Z [90m  │[39m [90mExperiments:[39m    experimentalMemoryManagement=true                                              [90m│[39m
Admin UI E2E (4, chrome)	Run Cypress	2024-10-18T13:39:39.1790930Z [90m  └[39m[90m─[39m[90m─[39m[90m─[39m[90m─[39m[90m─[39m[90m─[39m[90m─[39m[90m─[39m[90m─[39m[90m─[39m[90m─[39m[90m─[39m[90m─[39m[90m─[39m[90m─[39m[90m─[39m[90m─[39m[90m─[39m[90m─[39m[90m─[39m[90m─[39m[90m─[39m[90m─[39m[90m─[39m[90m─[39m[90m─[39m[90m─[39m[90m─[39m[90m─[39m[90m─[39m[90m─[39m[90m─[39m[90m─[39m[90m─[39m[90m─[39m[90m─[39m[90m─[39m[90m─[39m[90m─[39m[90m─[39m[90m─[39m[90m─[39m[90m─[39m[90m─[39m[90m─[39m[90m─[39m[90m─[39m[90m─[39m[90m─[39m[90m─[39m[90m─[39m[90m─[39m[90m─[39m[90m─[39m[90m─[39m[90m─[39m[90m─[39m[90m─[39m[90m─[39m[90m─[39m[90m─[39m[90m─[39m[90m─[39m[90m─[39m[90m─[39m[90m─[39m[90m─[39m[90m─[39m[90m─[39m[90m─[39m[90m─[39m[90m─[39m[90m─[39m[90m─[39m[90m─[39m[90m─[39m[90m─[39m[90m─[39m[90m─[39m[90m─[39m[90m─[39m[90m─[39m[90m─[39m[90m─[39m[90m─[39m[90m─[39m[90m─[39m[90m─[39m[90m─[39m[90m─[39m[90m─[39m[90m─[39m[90m─[39m[90m─[39m[90m─[39m[90m─[39m[90m┘[39m
Admin UI E2E (4, chrome)	Run Cypress	2024-10-18T13:39:39.1794104Z 
Admin UI E2E (4, chrome)	Run Cypress	2024-10-18T13:39:39.1794347Z 
Admin UI E2E (4, chrome)	Run Cypress	2024-10-18T13:39:39.1799345Z [90m─[39m[90m─[39m[90m─[39m[90m─[39m[90m─[39m[90m─[39m[90m─[39m[90m─[39m[90m─[39m[90m─[39m[90m─[39m[90m─[39m[90m─[39m[90m─[39m[90m─[39m[90m─[39m[90m─[39m[90m─[39m[90m─[39m[90m─[39m[90m─[39m[90m─[39m[90m─[39m[90m─[39m[90m─[39m[90m─[39m[90m─[39m[90m─[39m[90m─[39m[90m─[39m[90m─[39m[90m─[39m[90m─[39m[90m─[39m[90m─[39m[90m─[39m[90m─[39m[90m─[39m[90m─[39m[90m─[39m[90m─[39m[90m─[39m[90m─[39m[90m─[39m[90m─[39m[90m─[39m[90m─[39m[90m─[39m[90m─[39m[90m─[39m[90m─[39m[90m─[39m[90m─[39m[90m─[39m[90m─[39m[90m─[39m[90m─[39m[90m─[39m[90m─[39m[90m─[39m[90m─[39m[90m─[39m[90m─[39m[90m─[39m[90m─[39m[90m─[39m[90m─[39m[90m─[39m[90m─[39m[90m─[39m[90m─[39m[90m─[39m[90m─[39m[90m─[39m[90m─[39m[90m─[39m[90m─[39m[90m─[39m[90m─[39m[90m─[39m[90m─[39m[90m─[39m[90m─[39m[90m─[39m[90m─[39m[90m─[39m[90m─[39m[90m─[39m[90m─[39m[90m─[39m[90m─[39m[90m─[39m[90m─[39m[90m─[39m[90m─[39m[90m─[39m[90m─[39m[90m─[39m[90m─[39m[90m─[39m
Admin UI E2E (4, chrome)	Run Cypress	2024-10-18T13:39:39.1802899Z                                                                                                     
Admin UI E2E (4, chrome)	Run Cypress	2024-10-18T13:39:39.1803912Z   Running:  [90muser_fed_ldap_hardcoded_mapper_test.spec.ts[39m                                     [90m(1 of 7)[39m
Admin UI E2E (4, chrome)	Run Cypress	2024-10-18T13:39:44.6597085Z 
Admin UI E2E (4, chrome)	Run Cypress	2024-10-18T13:39:44.6602957Z [0m[0m
Admin UI E2E (4, chrome)	Run Cypress	2024-10-18T13:39:44.6617194Z [0m  User Fed LDAP mapper tests[0m
Admin UI E2E (4, chrome)	Run Cypress	2024-10-18T13:39:58.0102305Z   [32m  ✓[0m[90m Create LDAP provider from empty state[0m[90m (13340ms)[0m
Admin UI E2E (4, chrome)	Run Cypress	2024-10-18T13:40:00.9582102Z   [32m  ✓[0m[90m Create group[0m[90m (2839ms)[0m
Admin UI E2E (4, chrome)	Run Cypress	2024-10-18T13:40:10.1940787Z   [32m  ✓[0m[90m Create client and role[0m[90m (9142ms)[0m
Admin UI E2E (4, chrome)	Run Cypress	2024-10-18T13:40:16.6326998Z   [32m  ✓[0m[90m Delete default mappers[0m[90m (6351ms)[0m
Admin UI E2E (4, chrome)	Run Cypress	2024-10-18T13:40:22.4579896Z   [32m  ✓[0m[90m Create hardcoded attribute mapper[0m[90m (5756ms)[0m
Admin UI E2E (4, chrome)	Run Cypress	2024-10-18T13:40:28.1241624Z   [32m  ✓[0m[90m Create hardcoded ldap group mapper[0m[90m (5591ms)[0m
Admin UI E2E (4, chrome)	Run Cypress	2024-10-18T13:40:33.7542337Z   [32m  ✓[0m[90m Create hardcoded ldap attribute mapper[0m[90m (5552ms)[0m
Admin UI E2E (4, chrome)	Run Cypress	2024-10-18T13:40:38.9594803Z   [32m  ✓[0m[90m Create hardcoded ldap role mapper[0m[90m (5120ms)[0m
Admin UI E2E (4, chrome)	Run Cypress	2024-10-18T13:40:44.3573380Z   [32m  ✓[0m[90m Create role ldap mapper[0m[90m (5350ms)[0m
Admin UI E2E (4, chrome)	Run Cypress	2024-10-18T13:40:47.4705436Z   [32m  ✓[0m[90m Cleanup - delete LDAP provider[0m[90m (3061ms)[0m
Admin UI E2E (4, chrome)	Run Cypress	2024-10-18T13:40:49.1781553Z   [32m  ✓[0m[90m Cleanup - delete group[0m[90m (1660ms)[0m
Admin UI E2E (4, chrome)	Run Cypress	2024-10-18T13:40:50.8819918Z   [32m  ✓[0m[90m Cleanup - delete client[0m[90m (1669ms)[0m
Admin UI E2E (4, chrome)	Run Cypress	2024-10-18T13:40:50.8825311Z 
Admin UI E2E (4, chrome)	Run Cypress	2024-10-18T13:40:50.8977618Z 
Admin UI E2E (4, chrome)	Run Cypress	2024-10-18T13:40:50.8980221Z [92m [0m[32m 12 passing[0m[90m (1m)[0m
Admin UI E2E (4, chrome)	Run Cypress	2024-10-18T13:40:50.8980937Z 
Admin UI E2E (4, chrome)	Run Cypress	2024-10-18T13:40:51.9223178Z 
Admin UI E2E (4, chrome)	Run Cypress	2024-10-18T13:40:51.9225578Z [32m  ([4m[1mResults[22m[24m)[39m
Admin UI E2E (4, chrome)	Run Cypress	2024-10-18T13:40:51.9243184Z 
Admin UI E2E (4, chrome)	Run Cypress	2024-10-18T13:40:51.9261754Z [90m  ┌[39m[90m─[39m[90m─[39m[90m─[39m[90m─[39m[90m─[39m[90m─[39m[90m─[39m[90m─[39m[90m─[39m[90m─[39m[90m─[39m[90m─[39m[90m─[39m[90m─[39m[90m─[39m[90m─[39m[90m─[39m[90m─[39m[90m─[39m[90m─[39m[90m─[39m[90m─[39m[90m─[39m[90m─[39m[90m─[39m[90m─[39m[90m─[39m[90m─[39m[90m─[39m[90m─[39m[90m─[39m[90m─[39m[90m─[39m[90m─[39m[90m─[39m[90m─[39m[90m─[39m[90m─[39m[90m─[39m[90m─[39m[90m─[39m[90m─[39m[90m─[39m[90m─[39m[90m─[39m[90m─[39m[90m─[39m[90m─[39m[90m─[39m[90m─[39m[90m─[39m[90m─[39m[90m─[39m[90m─[39m[90m─[39m[90m─[39m[90m─[39m[90m─[39m[90m─[39m[90m─[39m[90m─[39m[90m─[39m[90m─[39m[90m─[39m[90m─[39m[90m─[39m[90m─[39m[90m─[39m[90m─[39m[90m─[39m[90m─[39m[90m─[39m[90m─[39m[90m─[39m[90m─[39m[90m─[39m[90m─[39m[90m─[39m[90m─[39m[90m─[39m[90m─[39m[90m─[39m[90m─[39m[90m─[39m[90m─[39m[90m─[39m[90m─[39m[90m─[39m[90m─[39m[90m─[39m[90m─[39m[90m─[39m[90m─[39m[90m─[39m[90m─[39m[90m─[39m[90m┐[39m
Admin UI E2E (4, chrome)	Run Cypress	2024-10-18T13:40:51.9269705Z [90m  │[39m [90mTests:[39m        [32m12[39m                                                                               [90m│[39m
Admin UI E2E (4, chrome)	Run Cypress	2024-10-18T13:40:51.9271489Z [90m  │[39m [90mPassing:[39m      [32m12[39m                                                                               [90m│[39m
Admin UI E2E (4, chrome)	Run Cypress	2024-10-18T13:40:51.9273414Z [90m  │[39m [90mFailing:[39m      [32m0[39m                                                                                [90m│[39m
Admin UI E2E (4, chrome)	Run Cypress	2024-10-18T13:40:51.9284601Z [90m  │[39m [90mPending:[39m      [32m0[39m                                                                                [90m│[39m
Admin UI E2E (4, chrome)	Run Cypress	2024-10-18T13:40:51.9287048Z [90m  │[39m [90mSkipped:[39m      [32m0[39m                                                                                [90m│[39m
Admin UI E2E (4, chrome)	Run Cypress	2024-10-18T13:40:51.9464245Z [90m  │[39m [90mScreenshots:[39m  [32m0[39m                                                                                [90m│[39m
Admin UI E2E (4, chrome)	Run Cypress	2024-10-18T13:40:51.9466793Z [90m  │[39m [90mVideo:[39m        [32mfalse[39m                                                                            [90m│[39m
Admin UI E2E (4, chrome)	Run Cypress	2024-10-18T13:40:51.9468635Z [90m  │[39m [90mDuration:[39m     [32m1 minute, 6 seconds[39m                                                              [90m│[39m
Admin UI E2E (4, chrome)	Run Cypress	2024-10-18T13:40:51.9470819Z [90m  │[39m [90mSpec Ran:[39m     [32m[32muser_fed_ldap_hardcoded_mapper_test.spec.ts[32m[39m                                      [90m│[39m
Admin UI E2E (4, chrome)	Run Cypress	2024-10-18T13:40:51.9480170Z [90m  └[39m[90m─[39m[90m─[39m[90m─[39m[90m─[39m[90m─[39m[90m─[39m[90m─[39m[90m─[39m[90m─[39m[90m─[39m[90m─[39m[90m─[39m[90m─[39m[90m─[39m[90m─[39m[90m─[39m[90m─[39m[90m─[39m[90m─[39m[90m─[39m[90m─[39m[90m─[39m[90m─[39m[90m─[39m[90m─[39m[90m─[39m[90m─[39m[90m─[39m[90m─[39m[90m─[39m[90m─[39m[90m─[39m[90m─[39m[90m─[39m[90m─[39m[90m─[39m[90m─[39m[90m─[39m[90m─[39m[90m─[39m[90m─[39m[90m─[39m[90m─[39m[90m─[39m[90m─[39m[90m─[39m[90m─[39m[90m─[39m[90m─[39m[90m─[39m[90m─[39m[90m─[39m[90m─[39m[90m─[39m[90m─[39m[90m─[39m[90m─[39m[90m─[39m[90m─[39m[90m─[39m[90m─[39m[90m─[39m[90m─[39m[90m─[39m[90m─[39m[90m─[39m[90m─[39m[90m─[39m[90m─[39m[90m─[39m[90m─[39m[90m─[39m[90m─[39m[90m─[39m[90m─[39m[90m─[39m[90m─[39m[90m─[39m[90m─[39m[90m─[39m[90m─[39m[90m─[39m[90m─[39m[90m─[39m[90m─[39m[90m─[39m[90m─[39m[90m─[39m[90m─[39m[90m─[39m[90m─[39m[90m─[39m[90m─[39m[90m─[39m[90m─[39m[90m─[39m[90m┘[39m
Admin UI E2E (4, chrome)	Run Cypress	2024-10-18T13:40:51.9487305Z 
Admin UI E2E (4, chrome)	Run Cypress	2024-10-18T13:40:51.9728376Z 
Admin UI E2E (4, chrome)	Run Cypress	2024-10-18T13:40:51.9752895Z [90m─[39m[90m─[39m[90m─[39m[90m─[39m[90m─[39m[90m─[39m[90m─[39m[90m─[39m[90m─[39m[90m─[39m[90m─[39m[90m─[39m[90m─[39m[90m─[39m[90m─[39m[90m─[39m[90m─[39m[90m─[39m[90m─[39m[90m─[39m[90m─[39m[90m─[39m[90m─[39m[90m─[39m[90m─[39m[90m─[39m[90m─[39m[90m─[39m[90m─[39m[90m─[39m[90m─[39m[90m─[39m[90m─[39m[90m─[39m[90m─[39m[90m─[39m[90m─[39m[90m─[39m[90m─[39m[90m─[39m[90m─[39m[90m─[39m[90m─[39m[90m─[39m[90m─[39m[90m─[39m[90m─[39m[90m─[39m[90m─[39m[90m─[39m[90m─[39m[90m─[39m[90m─[39m[90m─[39m[90m─[39m[90m─[39m[90m─[39m[90m─[39m[90m─[39m[90m─[39m[90m─[39m[90m─[39m[90m─[39m[90m─[39m[90m─[39m[90m─[39m[90m─[39m[90m─[39m[90m─[39m[90m─[39m[90m─[39m[90m─[39m[90m─[39m[90m─[39m[90m─[39m[90m─[39m[90m─[39m[90m─[39m[90m─[39m[90m─[39m[90m─[39m[90m─[39m[90m─[39m[90m─[39m[90m─[39m[90m─[39m[90m─[39m[90m─[39m[90m─[39m[90m─[39m[90m─[39m[90m─[39m[90m─[39m[90m─[39m[90m─[39m[90m─[39m[90m─[39m[90m─[39m[90m─[39m[90m─[39m
Admin UI E2E (4, chrome)	Run Cypress	2024-10-18T13:40:51.9759002Z                                                                                                     
Admin UI E2E (4, chrome)	Run Cypress	2024-10-18T13:40:51.9759896Z   Running:  [90mrealm_test.spec.ts[39m                                                              [90m(2 of 7)[39m
Admin UI E2E (4, chrome)	Run Cypress	2024-10-18T13:40:56.8063532Z 
Admin UI E2E (4, chrome)	Run Cypress	2024-10-18T13:40:56.8064775Z [0m[0m
Admin UI E2E (4, chrome)	Run Cypress	2024-10-18T13:40:56.8091299Z [0m  Realm tests[0m
Admin UI E2E (4, chrome)	Run Cypress	2024-10-18T13:41:01.1838996Z   [32m  ✓[0m[90m should fail creating duplicated or empty name realm[0m[90m (4367ms)[0m
Admin UI E2E (4, chrome)	Run Cypress	2024-10-18T13:41:05.4367435Z   [32m  ✓[0m[90m should create Test realm[0m[90m (4201ms)[0m
Admin UI E2E (4, chrome)	Run Cypress	2024-10-18T13:41:16.6017351Z   [32m  ✓[0m[90m CRUD test of Disabled realm[0m[90m (11117ms)[0m
Admin UI E2E (4, chrome)	Run Cypress	2024-10-18T13:41:21.8796226Z   [32m  ✓[0m[90m should create realm from new a realm[0m[90m (5227ms)[0m
Admin UI E2E (4, chrome)	Run Cypress	2024-10-18T13:41:23.4605974Z   [32m  ✓[0m[90m should change to Test realm[0m[90m (1551ms)[0m
Admin UI E2E (4, chrome)	Run Cypress	2024-10-18T13:41:55.9175188Z     [33m(Attempt 1 of 4)[0m should create realm with special characters
Admin UI E2E (4, chrome)	Run Cypress	2024-10-18T13:42:00.8533434Z   [32m  ✓[0m[90m should create realm with special characters[0m[90m (3295ms)[0m
Admin UI E2E (4, chrome)	Run Cypress	2024-10-18T13:42:00.8539260Z 
Admin UI E2E (4, chrome)	Run Cypress	2024-10-18T13:42:00.8823015Z 
Admin UI E2E (4, chrome)	Run Cypress	2024-10-18T13:42:00.8824573Z [92m [0m[32m 6 passing[0m[90m (1m)[0m
Admin UI E2E (4, chrome)	Run Cypress	2024-10-18T13:42:00.8825370Z 
Admin UI E2E (4, chrome)	Run Cypress	2024-10-18T13:42:01.9486236Z 
Admin UI E2E (4, chrome)	Run Cypress	2024-10-18T13:42:01.9487941Z [32m  ([4m[1mResults[22m[24m)[39m
Admin UI E2E (4, chrome)	Run Cypress	2024-10-18T13:42:01.9506958Z 
Admin UI E2E (4, chrome)	Run Cypress	2024-10-18T13:42:01.9524594Z [90m  ┌[39m[90m─[39m[90m─[39m[90m─[39m[90m─[39m[90m─[39m[90m─[39m[90m─[39m[90m─[39m[90m─[39m[90m─[39m[90m─[39m[90m─[39m[90m─[39m[90m─[39m[90m─[39m[90m─[39m[90m─[39m[90m─[39m[90m─[39m[90m─[39m[90m─[39m[90m─[39m[90m─[39m[90m─[39m[90m─[39m[90m─[39m[90m─[39m[90m─[39m[90m─[39m[90m─[39m[90m─[39m[90m─[39m[90m─[39m[90m─[39m[90m─[39m[90m─[39m[90m─[39m[90m─[39m[90m─[39m[90m─[39m[90m─[39m[90m─[39m[90m─[39m[90m─[39m[90m─[39m[90m─[39m[90m─[39m[90m─[39m[90m─[39m[90m─[39m[90m─[39m[90m─[39m[90m─[39m[90m─[39m[90m─[39m[90m─[39m[90m─[39m[90m─[39m[90m─[39m[90m─[39m[90m─[39m[90m─[39m[90m─[39m[90m─[39m[90m─[39m[90m─[39m[90m─[39m[90m─[39m[90m─[39m[90m─[39m[90m─[39m[90m─[39m[90m─[39m[90m─[39m[90m─[39m[90m─[39m[90m─[39m[90m─[39m[90m─[39m[90m─[39m[90m─[39m[90m─[39m[90m─[39m[90m─[39m[90m─[39m[90m─[39m[90m─[39m[90m─[39m[90m─[39m[90m─[39m[90m─[39m[90m─[39m[90m─[39m[90m─[39m[90m─[39m[90m─[39m[90m┐[39m
Admin UI E2E (4, chrome)	Run Cypress	2024-10-18T13:42:01.9531244Z [90m  │[39m [90mTests:[39m        [32m6[39m                                                                                [90m│[39m
Admin UI E2E (4, chrome)	Run Cypress	2024-10-18T13:42:01.9532459Z [90m  │[39m [90mPassing:[39m      [32m6[39m                                                                                [90m│[39m
Admin UI E2E (4, chrome)	Run Cypress	2024-10-18T13:42:01.9533434Z [90m  │[39m [90mFailing:[39m      [32m0[39m                                                                                [90m│[39m
Admin UI E2E (4, chrome)	Run Cypress	2024-10-18T13:42:01.9534351Z [90m  │[39m [90mPending:[39m      [32m0[39m                                                                                [90m│[39m
Admin UI E2E (4, chrome)	Run Cypress	2024-10-18T13:42:01.9535257Z [90m  │[39m [90mSkipped:[39m      [32m0[39m                                                                                [90m│[39m
Admin UI E2E (4, chrome)	Run Cypress	2024-10-18T13:42:01.9536923Z [90m  │[39m [90mScreenshots:[39m  [32m1[39m                                                                                [90m│[39m
Admin UI E2E (4, chrome)	Run Cypress	2024-10-18T13:42:01.9537901Z [90m  │[39m [90mVideo:[39m        [32mtrue[39m                                                                             [90m│[39m
Admin UI E2E (4, chrome)	Run Cypress	2024-10-18T13:42:01.9538884Z [90m  │[39m [90mDuration:[39m     [32m1 minute, 4 seconds[39m                                                              [90m│[39m
Admin UI E2E (4, chrome)	Run Cypress	2024-10-18T13:42:01.9540238Z [90m  │[39m [90mSpec Ran:[39m     [32m[32mrealm_test.spec.ts[32m[39m                                                               [90m│[39m
Admin UI E2E (4, chrome)	Run Cypress	2024-10-18T13:42:01.9547735Z [90m  └[39m[90m─[39m[90m─[39m[90m─[39m[90m─[39m[90m─[39m[90m─[39m[90m─[39m[90m─[39m[90m─[39m[90m─[39m[90m─[39m[90m─[39m[90m─[39m[90m─[39m[90m─[39m[90m─[39m[90m─[39m[90m─[39m[90m─[39m[90m─[39m[90m─[39m[90m─[39m[90m─[39m[90m─[39m[90m─[39m[90m─[39m[90m─[39m[90m─[39m[90m─[39m[90m─[39m[90m─[39m[90m─[39m[90m─[39m[90m─[39m[90m─[39m[90m─[39m[90m─[39m[90m─[39m[90m─[39m[90m─[39m[90m─[39m[90m─[39m[90m─[39m[90m─[39m[90m─[39m[90m─[39m[90m─[39m[90m─[39m[90m─[39m[90m─[39m[90m─[39m[90m─[39m[90m─[39m[90m─[39m[90m─[39m[90m─[39m[90m─[39m[90m─[39m[90m─[39m[90m─[39m[90m─[39m[90m─[39m[90m─[39m[90m─[39m[90m─[39m[90m─[39m[90m─[39m[90m─[39m[90m─[39m[90m─[39m[90m─[39m[90m─[39m[90m─[39m[90m─[39m[90m─[39m[90m─[39m[90m─[39m[90m─[39m[90m─[39m[90m─[39m[90m─[39m[90m─[39m[90m─[39m[90m─[39m[90m─[39m[90m─[39m[90m─[39m[90m─[39m[90m─[39m[90m─[39m[90m─[39m[90m─[39m[90m─[39m[90m─[39m[90m─[39m[90m─[39m[90m┘[39m
Admin UI E2E (4, chrome)	Run Cypress	2024-10-18T13:42:01.9554324Z 
Admin UI E2E (4, chrome)	Run Cypress	2024-10-18T13:42:01.9554341Z 
Admin UI E2E (4, chrome)	Run Cypress	2024-10-18T13:42:01.9554747Z [33m  ([4m[1mScreenshots[22m[24m)[39m
Admin UI E2E (4, chrome)	Run Cypress	2024-10-18T13:42:01.9555201Z 
Admin UI E2E (4, chrome)	Run Cypress	2024-10-18T13:42:01.9556548Z [90m [39m -  [0m/home/runner/work/keycloak/keycloak/js/apps/admin-ui/cypress/screenshots/realm_t[0m     [90m[90m(1280x581)[90m[39m
Admin UI E2E (4, chrome)	Run Cypress	2024-10-18T13:42:01.9558725Z [90m [39m    [0mest.spec.ts/Realm tests -- should create realm with special characters (failed).[0m               
Admin UI E2E (4, chrome)	Run Cypress	2024-10-18T13:42:01.9560315Z [90m [39m    [0mpng[0m                                                                                            
Admin UI E2E (4, chrome)	Run Cypress	2024-10-18T13:42:01.9560913Z 
Admin UI E2E (4, chrome)	Run Cypress	2024-10-18T13:42:01.9924561Z 
Admin UI E2E (4, chrome)	Run Cypress	2024-10-18T13:42:01.9927307Z [36m  ([4m[1mVideo[22m[24m)[39m
Admin UI E2E (4, chrome)	Run Cypress	2024-10-18T13:42:01.9928170Z 
Admin UI E2E (4, chrome)	Run Cypress	2024-10-18T13:42:01.9929393Z   -  Video output: [36m/home/runner/work/keycloak/keycloak/js/apps/admin-ui/cypress/videos/realm_test.spec.ts.mp4[39m
Admin UI E2E (4, chrome)	Run Cypress	2024-10-18T13:42:01.9930054Z 
Admin UI E2E (4, chrome)	Run Cypress	2024-10-18T13:42:01.9931069Z 
Admin UI E2E (4, chrome)	Run Cypress	2024-10-18T13:42:01.9941635Z [90m─[39m[90m─[39m[90m─[39m[90m─[39m[90m─[39m[90m─[39m[90m─[39m[90m─[39m[90m─[39m[90m─[39m[90m─[39m[90m─[39m[90m─[39m[90m─[39m[90m─[39m[90m─[39m[90m─[39m[90m─[39m[90m─[39m[90m─[39m[90m─[39m[90m─[39m[90m─[39m[90m─[39m[90m─[39m[90m─[39m[90m─[39m[90m─[39m[90m─[39m[90m─[39m[90m─[39m[90m─[39m[90m─[39m[90m─[39m[90m─[39m[90m─[39m[90m─[39m[90m─[39m[90m─[39m[90m─[39m[90m─[39m[90m─[39m[90m─[39m[90m─[39m[90m─[39m[90m─[39m[90m─[39m[90m─[39m[90m─[39m[90m─[39m[90m─[39m[90m─[39m[90m─[39m[90m─[39m[90m─[39m[90m─[39m[90m─[39m[90m─[39m[90m─[39m[90m─[39m[90m─[39m[90m─[39m[90m─[39m[90m─[39m[90m─[39m[90m─[39m[90m─[39m[90m─[39m[90m─[39m[90m─[39m[90m─[39m[90m─[39m[90m─[39m[90m─[39m[90m─[39m[90m─[39m[90m─[39m[90m─[39m[90m─[39m[90m─[39m[90m─[39m[90m─[39m[90m─[39m[90m─[39m[90m─[39m[90m─[39m[90m─[39m[90m─[39m[90m─[39m[90m─[39m[90m─[39m[90m─[39m[90m─[39m[90m─[39m[90m─[39m[90m─[39m[90m─[39m[90m─[39m[90m─[39m[90m─[39m
Admin UI E2E (4, chrome)	Run Cypress	2024-10-18T13:42:01.9945071Z                                                                                                     
Admin UI E2E (4, chrome)	Run Cypress	2024-10-18T13:42:01.9946157Z   Running:  [90mrealm_settings_tabs_test.spec.ts[39m                                                [90m(3 of 7)[39m
Admin UI E2E (4, chrome)	Run Cypress	2024-10-18T13:42:06.1339499Z 
Admin UI E2E (4, chrome)	Run Cypress	2024-10-18T13:42:06.1340631Z [0m[0m
Admin UI E2E (4, chrome)	Run Cypress	2024-10-18T13:42:06.1445941Z [0m  Realm settings tabs tests[0m
Admin UI E2E (4, chrome)	Run Cypress	2024-10-18T13:42:10.8060683Z   [32m  ✓[0m[90m shows the 'user profile' tab[0m[90m (4623ms)[0m
Admin UI E2E (4, chrome)	Run Cypress	2024-10-18T13:42:15.0001840Z   [32m  ✓[0m[90m Go to login tab[0m[90m (4155ms)[0m
Admin UI E2E (4, chrome)	Run Cypress	2024-10-18T13:42:19.9663882Z   [32m  ✓[0m[90m Go to email tab[0m[90m (4935ms)[0m
Admin UI E2E (4, chrome)	Run Cypress	2024-10-18T13:42:22.3368501Z   [32m  ✓[0m[90m Go to themes tab[0m[90m (2338ms)[0m
Admin UI E2E (4, chrome)	Run Cypress	2024-10-18T13:42:22.3584278Z [0m    Go to security defenses tab[0m
Admin UI E2E (4, chrome)	Run Cypress	2024-10-18T13:42:24.6001131Z     [32m  ✓[0m[90m Realm header settings- update single input[0m[90m (2197ms)[0m
Admin UI E2E (4, chrome)	Run Cypress	2024-10-18T13:42:29.1828846Z     [32m  ✓[0m[90m Realm header settings- update all inputs[0m[90m (4513ms)[0m
Admin UI E2E (4, chrome)	Run Cypress	2024-10-18T13:42:31.9287996Z     [32m  ✓[0m[90m Brute force detection- update values[0m[90m (2687ms)[0m
Admin UI E2E (4, chrome)	Run Cypress	2024-10-18T13:42:31.9655453Z [0m    Go to localization tab[0m
Admin UI E2E (4, chrome)	Run Cypress	2024-10-18T13:42:34.4145953Z     [32m  ✓[0m[90m Locales tab - Add locale[0m[90m (2422ms)[0m
Admin UI E2E (4, chrome)	Run Cypress	2024-10-18T13:42:37.0350510Z     [32m  ✓[0m[90m Realm Overrides - Add and delete bundle[0m[90m (2573ms)[0m
Admin UI E2E (4, chrome)	Run Cypress	2024-10-18T13:42:39.9826175Z     [32m  ✓[0m[90m Realm Overrides - Search for and delete bundle[0m[90m (2870ms)[0m
Admin UI E2E (4, chrome)	Run Cypress	2024-10-18T13:42:43.2762996Z     [32m  ✓[0m[90m Realm Overrides - Edit and cancel edit message bundle[0m[90m (3282ms)[0m
Admin UI E2E (4, chrome)	Run Cypress	2024-10-18T13:42:45.0295299Z     [32m  ✓[0m[90m Effective Message Bundles - Check before search message[0m[90m (1710ms)[0m
Admin UI E2E (4, chrome)	Run Cypress	2024-10-18T13:42:45.0430662Z [0m    Accessibility tests for realm settings[0m
Admin UI E2E (4, chrome)	Run Cypress	2024-10-18T13:42:48.0118774Z     [32m  ✓[0m[90m Check a11y violations on load/ realm settings/ general tab[0m[90m (2953ms)[0m
Admin UI E2E (4, chrome)	Run Cypress	2024-10-18T13:42:51.1362886Z     [32m  ✓[0m[90m Check a11y violations on login tab[0m[90m (3092ms)[0m
Admin UI E2E (4, chrome)	Run Cypress	2024-10-18T13:42:54.2746330Z     [32m  ✓[0m[90m Check a11y violations on email tab[0m[90m (3119ms)[0m
Admin UI E2E (4, chrome)	Run Cypress	2024-10-18T13:42:57.2993952Z     [32m  ✓[0m[90m Check a11y violations on themes tab[0m[90m (3004ms)[0m
Admin UI E2E (4, chrome)	Run Cypress	2024-10-18T13:43:00.4070472Z     [32m  ✓[0m[90m Check a11y violations on keys tab/ keys list sub tab[0m[90m (3042ms)[0m
Admin UI E2E (4, chrome)	Run Cypress	2024-10-18T13:43:03.6079319Z     [32m  ✓[0m[90m Check a11y violations on keys tab/ providers sub tab[0m[90m (3176ms)[0m
Admin UI E2E (4, chrome)	Run Cypress	2024-10-18T13:43:07.1122580Z     [32m  ✓[0m[90m Check a11y violations on keys tab/ providers sub tab / adding provider[0m[90m (3478ms)[0m
Admin UI E2E (4, chrome)	Run Cypress	2024-10-18T13:43:10.4391214Z     [32m  ✓[0m[90m Check a11y violations on events tab/ event listeners sub tab[0m[90m (3220ms)[0m
Admin UI E2E (4, chrome)	Run Cypress	2024-10-18T13:43:14.0949074Z     [32m  ✓[0m[90m Check a11y violations on events tab/ user events settings sub tab[0m[90m (3518ms)[0m
Admin UI E2E (4, chrome)	Run Cypress	2024-10-18T13:43:17.7826597Z     [32m  ✓[0m[90m Check a11y violations on events tab/ admin events settings sub tab[0m[90m (3545ms)[0m
Admin UI E2E (4, chrome)	Run Cypress	2024-10-18T13:43:21.0408877Z     [32m  ✓[0m[90m Check a11y violations on localization locales sub tab[0m[90m (3214ms)[0m
Admin UI E2E (4, chrome)	Run Cypress	2024-10-18T13:43:24.1832932Z     [32m  ✓[0m[90m Check a11y violations on localization realm overrides sub tab[0m[90m (3126ms)[0m
Admin UI E2E (4, chrome)	Run Cypress	2024-10-18T13:43:27.5502555Z     [32m  ✓[0m[90m Check a11y violations on localization realm overrides sub tab/ adding message bundle[0m[90m (3342ms)[0m
Admin UI E2E (4, chrome)	Run Cypress	2024-10-18T13:43:30.6978213Z     [32m  ✓[0m[90m Check a11y violations on localization effective message bundles sub tab[0m[90m (3124ms)[0m
Admin UI E2E (4, chrome)	Run Cypress	2024-10-18T13:43:33.7719771Z     [32m  ✓[0m[90m Check a11y violations on security defenses tab[0m[90m (3011ms)[0m
Admin UI E2E (4, chrome)	Run Cypress	2024-10-18T13:43:37.3183012Z     [32m  ✓[0m[90m Check a11y violations on sessions tab[0m[90m (3481ms)[0m
Admin UI E2E (4, chrome)	Run Cypress	2024-10-18T13:43:40.5040072Z     [32m  ✓[0m[90m Check a11y violations on tokens tab[0m[90m (3150ms)[0m
Admin UI E2E (4, chrome)	Run Cypress	2024-10-18T13:43:43.6275355Z     [32m  ✓[0m[90m Check a11y violations on client policies tab/ profiles sub tab[0m[90m (3091ms)[0m
Admin UI E2E (4, chrome)	Run Cypress	2024-10-18T13:43:46.7878546Z     [32m  ✓[0m[90m Check a11y violations on client policies tab/ creating profile[0m[90m (3130ms)[0m
Admin UI E2E (4, chrome)	Run Cypress	2024-10-18T13:43:50.0907481Z     [32m  ✓[0m[90m Check a11y violations on client policies tab/ policies sub tab[0m[90m (3243ms)[0m
Admin UI E2E (4, chrome)	Run Cypress	2024-10-18T13:43:53.4988704Z     [32m  ✓[0m[90m Check a11y violations on client policies tab/ creating policy[0m[90m (3359ms)[0m
Admin UI E2E (4, chrome)	Run Cypress	2024-10-18T13:43:56.4641713Z     [32m  ✓[0m[90m Check a11y violations on user registration tab/ default roles sub tab[0m[90m (2937ms)[0m
Admin UI E2E (4, chrome)	Run Cypress	2024-10-18T13:44:00.2906685Z     [32m  ✓[0m[90m Check a11y violations on user registration tab/ default roles sub tab/ assigning role[0m[90m (3129ms)[0m
Admin UI E2E (4, chrome)	Run Cypress	2024-10-18T13:44:00.2911352Z 
Admin UI E2E (4, chrome)	Run Cypress	2024-10-18T13:44:00.3168327Z 
Admin UI E2E (4, chrome)	Run Cypress	2024-10-18T13:44:00.3171055Z [92m [0m[32m 35 passing[0m[90m (2m)[0m
Admin UI E2E (4, chrome)	Run Cypress	2024-10-18T13:44:00.3172245Z 
Admin UI E2E (4, chrome)	Run Cypress	2024-10-18T13:44:01.3352178Z 
Admin UI E2E (4, chrome)	Run Cypress	2024-10-18T13:44:01.3353374Z [32m  ([4m[1mResults[22m[24m)[39m
Admin UI E2E (4, chrome)	Run Cypress	2024-10-18T13:44:01.3371450Z 
Admin UI E2E (4, chrome)	Run Cypress	2024-10-18T13:44:01.3385818Z [90m  ┌[39m[90m─[39m[90m─[39m[90m─[39m[90m─[39m[90m─[39m[90m─[39m[90m─[39m[90m─[39m[90m─[39m[90m─[39m[90m─[39m[90m─[39m[90m─[39m[90m─[39m[90m─[39m[90m─[39m[90m─[39m[90m─[39m[90m─[39m[90m─[39m[90m─[39m[90m─[39m[90m─[39m[90m─[39m[90m─[39m[90m─[39m[90m─[39m[90m─[39m[90m─[39m[90m─[39m[90m─[39m[90m─[39m[90m─[39m[90m─[39m[90m─[39m[90m─[39m[90m─[39m[90m─[39m[90m─[39m[90m─[39m[90m─[39m[90m─[39m[90m─[39m[90m─[39m[90m─[39m[90m─[39m[90m─[39m[90m─[39m[90m─[39m[90m─[39m[90m─[39m[90m─[39m[90m─[39m[90m─[39m[90m─[39m[90m─[39m[90m─[39m[90m─[39m[90m─[39m[90m─[39m[90m─[39m[90m─[39m[90m─[39m[90m─[39m[90m─[39m[90m─[39m[90m─[39m[90m─[39m[90m─[39m[90m─[39m[90m─[39m[90m─[39m[90m─[39m[90m─[39m[90m─[39m[90m─[39m[90m─[39m[90m─[39m[90m─[39m[90m─[39m[90m─[39m[90m─[39m[90m─[39m[90m─[39m[90m─[39m[90m─[39m[90m─[39m[90m─[39m[90m─[39m[90m─[39m[90m─[39m[90m─[39m[90m─[39m[90m─[39m[90m─[39m[90m─[39m[90m┐[39m
Admin UI E2E (4, chrome)	Run Cypress	2024-10-18T13:44:01.3390627Z [90m  │[39m [90mTests:[39m        [32m35[39m                                                                               [90m│[39m
Admin UI E2E (4, chrome)	Run Cypress	2024-10-18T13:44:01.3391675Z [90m  │[39m [90mPassing:[39m      [32m35[39m                                                                               [90m│[39m
Admin UI E2E (4, chrome)	Run Cypress	2024-10-18T13:44:01.3392667Z [90m  │[39m [90mFailing:[39m      [32m0[39m                                                                                [90m│[39m
Admin UI E2E (4, chrome)	Run Cypress	2024-10-18T13:44:01.3394300Z [90m  │[39m [90mPending:[39m      [32m0[39m                                                                                [90m│[39m
Admin UI E2E (4, chrome)	Run Cypress	2024-10-18T13:44:01.3395408Z [90m  │[39m [90mSkipped:[39m      [32m0[39m                                                                                [90m│[39m
Admin UI E2E (4, chrome)	Run Cypress	2024-10-18T13:44:01.3398644Z [90m  │[39m [90mScreenshots:[39m  [32m0[39m                                                                                [90m│[39m
Admin UI E2E (4, chrome)	Run Cypress	2024-10-18T13:44:01.3400468Z [90m  │[39m [90mVideo:[39m        [32mfalse[39m                                                                            [90m│[39m
Admin UI E2E (4, chrome)	Run Cypress	2024-10-18T13:44:01.3402330Z [90m  │[39m [90mDuration:[39m     [32m1 minute, 54 seconds[39m                                                             [90m│[39m
Admin UI E2E (4, chrome)	Run Cypress	2024-10-18T13:44:01.3404308Z [90m  │[39m [90mSpec Ran:[39m     [32m[32mrealm_settings_tabs_test.spec.ts[32m[39m                                                 [90m│[39m
Admin UI E2E (4, chrome)	Run Cypress	2024-10-18T13:44:01.3413590Z [90m  └[39m[90m─[39m[90m─[39m[90m─[39m[90m─[39m[90m─[39m[90m─[39m[90m─[39m[90m─[39m[90m─[39m[90m─[39m[90m─[39m[90m─[39m[90m─[39m[90m─[39m[90m─[39m[90m─[39m[90m─[39m[90m─[39m[90m─[39m[90m─[39m[90m─[39m[90m─[39m[90m─[39m[90m─[39m[90m─[39m[90m─[39m[90m─[39m[90m─[39m[90m─[39m[90m─[39m[90m─[39m[90m─[39m[90m─[39m[90m─[39m[90m─[39m[90m─[39m[90m─[39m[90m─[39m[90m─[39m[90m─[39m[90m─[39m[90m─[39m[90m─[39m[90m─[39m[90m─[39m[90m─[39m[90m─[39m[90m─[39m[90m─[39m[90m─[39m[90m─[39m[90m─[39m[90m─[39m[90m─[39m[90m─[39m[90m─[39m[90m─[39m[90m─[39m[90m─[39m[90m─[39m[90m─[39m[90m─[39m[90m─[39m[90m─[39m[90m─[39m[90m─[39m[90m─[39m[90m─[39m[90m─[39m[90m─[39m[90m─[39m[90m─[39m[90m─[39m[90m─[39m[90m─[39m[90m─[39m[90m─[39m[90m─[39m[90m─[39m[90m─[39m[90m─[39m[90m─[39m[90m─[39m[90m─[39m[90m─[39m[90m─[39m[90m─[39m[90m─[39m[90m─[39m[90m─[39m[90m─[39m[90m─[39m[90m─[39m[90m─[39m[90m─[39m[90m─[39m[90m┘[39m
Admin UI E2E (4, chrome)	Run Cypress	2024-10-18T13:44:01.3419224Z 
Admin UI E2E (4, chrome)	Run Cypress	2024-10-18T13:44:01.3782553Z 
Admin UI E2E (4, chrome)	Run Cypress	2024-10-18T13:44:01.3799898Z [90m─[39m[90m─[39m[90m─[39m[90m─[39m[90m─[39m[90m─[39m[90m─[39m[90m─[39m[90m─[39m[90m─[39m[90m─[39m[90m─[39m[90m─[39m[90m─[39m[90m─[39m[90m─[39m[90m─[39m[90m─[39m[90m─[39m[90m─[39m[90m─[39m[90m─[39m[90m─[39m[90m─[39m[90m─[39m[90m─[39m[90m─[39m[90m─[39m[90m─[39m[90m─[39m[90m─[39m[90m─[39m[90m─[39m[90m─[39m[90m─[39m[90m─[39m[90m─[39m[90m─[39m[90m─[39m[90m─[39m[90m─[39m[90m─[39m[90m─[39m[90m─[39m[90m─[39m[90m─[39m[90m─[39m[90m─[39m[90m─[39m[90m─[39m[90m─[39m[90m─[39m[90m─[39m[90m─[39m[90m─[39m[90m─[39m[90m─[39m[90m─[39m[90m─[39m[90m─[39m[90m─[39m[90m─[39m[90m─[39m[90m─[39m[90m─[39m[90m─[39m[90m─[39m[90m─[39m[90m─[39m[90m─[39m[90m─[39m[90m─[39m[90m─[39m[90m─[39m[90m─[39m[90m─[39m[90m─[39m[90m─[39m[90m─[39m[90m─[39m[90m─[39m[90m─[39m[90m─[39m[90m─[39m[90m─[39m[90m─[39m[90m─[39m[90m─[39m[90m─[39m[90m─[39m[90m─[39m[90m─[39m[90m─[39m[90m─[39m[90m─[39m[90m─[39m[90m─[39m[90m─[39m[90m─[39m[90m─[39m
Admin UI E2E (4, chrome)	Run Cypress	2024-10-18T13:44:01.3806817Z                                                                                                     
Admin UI E2E (4, chrome)	Run Cypress	2024-10-18T13:44:01.3808452Z   Running:  [90mclients_test.spec.ts[39m                                                            [90m(4 of 7)[39m
Admin UI E2E (4, chrome)	Run Cypress	2024-10-18T13:44:05.9008542Z 
Admin UI E2E (4, chrome)	Run Cypress	2024-10-18T13:44:05.9009627Z [0m[0m
Admin UI E2E (4, chrome)	Run Cypress	2024-10-18T13:44:05.9129525Z [0m  Clients test[0m
Admin UI E2E (4, chrome)	Run Cypress	2024-10-18T13:44:06.9768116Z [0m    Client details - Client scopes subtab[0m
Admin UI E2E (4, chrome)	Run Cypress	2024-10-18T13:44:17.4343060Z     [32m  ✓[0m[90m Should check temporary admin service label (non)existence[0m[90m (11462ms)[0m
Admin UI E2E (4, chrome)	Run Cypress	2024-10-18T13:44:20.0676600Z     [32m  ✓[0m[90m Should list client scopes[0m[90m (2584ms)[0m
Admin UI E2E (4, chrome)	Run Cypress	2024-10-18T13:44:23.1902289Z     [32m  ✓[0m[90m Should search existing client scope by name[0m[90m (3090ms)[0m
Admin UI E2E (4, chrome)	Run Cypress	2024-10-18T13:44:26.4324450Z     [32m  ✓[0m[90m Should search non-existent client scope by name[0m[90m (3205ms)[0m
Admin UI E2E (4, chrome)	Run Cypress	2024-10-18T13:44:30.0227163Z     [32m  ✓[0m[90m Should search existing client scope by assigned type[0m[90m (3548ms)[0m
Admin UI E2E (4, chrome)	Run Cypress	2024-10-18T13:44:33.9236117Z     [32m  ✓[0m[90m Should add client scope client-scope-test-optional-type with Optional assigned type[0m[90m (3865ms)[0m
Admin UI E2E (4, chrome)	Run Cypress	2024-10-18T13:44:37.8082689Z     [32m  ✓[0m[90m Should add client scope client-scope-test-default-type with Default assigned type[0m[90m (3849ms)[0m
Admin UI E2E (4, chrome)	Run Cypress	2024-10-18T13:44:41.9171406Z     [32m  ✓[0m[90m Should change item client-scope-test0 AssignedType to Optional from search bar[0m[90m (4069ms)[0m
Admin UI E2E (4, chrome)	Run Cypress	2024-10-18T13:44:46.1123451Z     [32m  ✓[0m[90m Should change item client-scope-test0 AssignedType to Default from search bar[0m[90m (4151ms)[0m
Admin UI E2E (4, chrome)	Run Cypress	2024-10-18T13:44:48.9836855Z     [32m  ✓[0m[90m Should show items on next page are more than 11[0m[90m (2837ms)[0m
Admin UI E2E (4, chrome)	Run Cypress	2024-10-18T13:44:53.2018846Z     [32m  ✓[0m[90m Should remove client scope from item bar[0m[90m (4184ms)[0m
Admin UI E2E (4, chrome)	Run Cypress	2024-10-18T13:45:01.6282198Z     [32m  ✓[0m[90m Should remove multiple client scopes from search bar[0m[90m (8362ms)[0m
Admin UI E2E (4, chrome)	Run Cypress	2024-10-18T13:45:05.1301087Z     [31m  1) "after all" hook for "Should show initial items after filtering"[0m
Admin UI E2E (4, chrome)	Run Cypress	2024-10-18T13:45:05.1552626Z [0m    Client scopes evaluate subtab[0m
Admin UI E2E (4, chrome)	Run Cypress	2024-10-18T13:45:07.9270762Z     [32m  ✓[0m[90m check effective protocol mappers list is not empty and find effective protocol mapper locale[0m[90m (2705ms)[0m
Admin UI E2E (4, chrome)	Run Cypress	2024-10-18T13:45:10.5965827Z     [32m  ✓[0m[90m check role scope mappings list list is not empty and find role scope mapping admin[0m[90m (2620ms)[0m
Admin UI E2E (4, chrome)	Run Cypress	2024-10-18T13:45:13.9940251Z     [32m  ✓[0m[90m check generated id token and user info[0m[90m (3193ms)[0m
Admin UI E2E (4, chrome)	Run Cypress	2024-10-18T13:45:14.0026038Z [0m    Client creation[0m
Admin UI E2E (4, chrome)	Run Cypress	2024-10-18T13:45:16.0323211Z     [32m  ✓[0m[90m Should cancel creating client[0m[90m (1989ms)[0m
Admin UI E2E (4, chrome)	Run Cypress	2024-10-18T13:45:20.3734065Z     [32m  ✓[0m[90m Should check settings elements[0m[90m (4288ms)[0m
Admin UI E2E (4, chrome)	Run Cypress	2024-10-18T13:45:22.6685716Z     [32m  ✓[0m[90m Should navigate to previous using 'back' button[0m[90m (2251ms)[0m
Admin UI E2E (4, chrome)	Run Cypress	2024-10-18T13:45:25.2648400Z     [32m  ✓[0m[90m Should fail creating client[0m[90m (2558ms)[0m
Admin UI E2E (4, chrome)	Run Cypress	2024-10-18T13:45:31.2504248Z     [32m  ✓[0m[90m Client CRUD test[0m[90m (5882ms)[0m
Admin UI E2E (4, chrome)	Run Cypress	2024-10-18T13:45:33.1706151Z     [32m  ✓[0m[90m Initial access token can't be created with 0 days and count[0m[90m (1887ms)[0m
Admin UI E2E (4, chrome)	Run Cypress	2024-10-18T13:45:37.7118088Z     [32m  ✓[0m[90m Initial access token[0m[90m (4496ms)[0m
Admin UI E2E (4, chrome)	Run Cypress	2024-10-18T13:45:39.5295581Z     [32m  ✓[0m[90m Should fail to create imported client with empty ID[0m[90m (1765ms)[0m
Admin UI E2E (4, chrome)	Run Cypress	2024-10-18T13:45:43.9555732Z     [32m  ✓[0m[90m Should fail to create client with same ID[0m[90m (4337ms)[0m
Admin UI E2E (4, chrome)	Run Cypress	2024-10-18T13:45:45.5873598Z     [32m  ✓[0m[90m should delete 'identical' client id[0m[90m (1546ms)[0m
Admin UI E2E (4, chrome)	Run Cypress	2024-10-18T13:45:45.5981968Z [0m    Roles tab test[0m
Admin UI E2E (4, chrome)	Run Cypress	2024-10-18T13:45:48.7447318Z     [32m  ✓[0m[90m Should fail to create client role with empty name[0m[90m (3104ms)[0m
Admin UI E2E (4, chrome)	Run Cypress	2024-10-18T13:45:52.4349208Z     [32m  ✓[0m[90m Should create client role[0m[90m (3623ms)[0m
Admin UI E2E (4, chrome)	Run Cypress	2024-10-18T13:45:56.6906325Z     [32m  ✓[0m[90m Should update client role description[0m[90m (4217ms)[0m
Admin UI E2E (4, chrome)	Run Cypress	2024-10-18T13:46:02.2245249Z     [32m  ✓[0m[90m Should add attribute to client role[0m[90m (5484ms)[0m
Admin UI E2E (4, chrome)	Run Cypress	2024-10-18T13:46:05.2910558Z     [32m  ✓[0m[90m Should delete attribute from client role[0m[90m (2993ms)[0m
Admin UI E2E (4, chrome)	Run Cypress	2024-10-18T13:46:08.6810436Z     [32m  ✓[0m[90m Should create client role to be deleted[0m[90m (3342ms)[0m
Admin UI E2E (4, chrome)	Run Cypress	2024-10-18T13:46:12.3379023Z     [32m  ✓[0m[90m Should fail to create duplicate client role[0m[90m (3617ms)[0m
Admin UI E2E (4, chrome)	Run Cypress	2024-10-18T13:46:15.9798659Z     [32m  ✓[0m[90m Should search existing client role[0m[90m (3593ms)[0m
Admin UI E2E (4, chrome)	Run Cypress	2024-10-18T13:46:18.9693639Z     [32m  ✓[0m[90m Should search non-existing role test[0m[90m (2947ms)[0m
Admin UI E2E (4, chrome)	Run Cypress	2024-10-18T13:46:21.7864368Z     [32m  ✓[0m[90m roles empty search test[0m[90m (2779ms)[0m
Admin UI E2E (4, chrome)	Run Cypress	2024-10-18T13:46:26.9967490Z     [32m  ✓[0m[90m Add associated roles test[0m[90m (5156ms)[0m
Admin UI E2E (4, chrome)	Run Cypress	2024-10-18T13:46:30.9065198Z     [32m  ✓[0m[90m Should hide inherited roles test[0m[90m (3868ms)[0m
Admin UI E2E (4, chrome)	Run Cypress	2024-10-18T13:46:35.2715568Z     [32m  ✓[0m[90m Should delete associated roles test[0m[90m (4310ms)[0m
Admin UI E2E (4, chrome)	Run Cypress	2024-10-18T13:46:39.3320062Z     [32m  ✓[0m[90m Should delete associated role from search bar test[0m[90m (4012ms)[0m
Admin UI E2E (4, chrome)	Run Cypress	2024-10-18T13:46:42.2701871Z     [32m  ✓[0m[90m Should delete client role test[0m[90m (2890ms)[0m
Admin UI E2E (4, chrome)	Run Cypress	2024-10-18T13:46:46.1428515Z     [32m  ✓[0m[90m Should delete client role from role details test[0m[90m (3499ms)[0m
Admin UI E2E (4, chrome)	Run Cypress	2024-10-18T13:46:46.1512328Z [0m    Advanced tab test[0m
Admin UI E2E (4, chrome)	Run Cypress	2024-10-18T13:46:50.2594531Z     [32m  ✓[0m[90m Clustering[0m[90m (3954ms)[0m
Admin UI E2E (4, chrome)	Run Cypress	2024-10-18T13:46:54.0756461Z     [32m  ✓[0m[90m Fine grain OpenID connect configuration[0m[90m (3592ms)[0m
Admin UI E2E (4, chrome)	Run Cypress	2024-10-18T13:46:58.1152008Z     [32m  ✓[0m[90m OIDC Compatibility Modes configuration[0m[90m (3856ms)[0m
Admin UI E2E (4, chrome)	Run Cypress	2024-10-18T13:47:04.5444876Z     [32m  ✓[0m[90m Client Offline Session Max[0m[90m (6261ms)[0m
Admin UI E2E (4, chrome)	Run Cypress	2024-10-18T13:47:09.0070249Z     [32m  ✓[0m[90m Advanced settings[0m[90m (4300ms)[0m
Admin UI E2E (4, chrome)	Run Cypress	2024-10-18T13:47:13.7152836Z     [32m  ✓[0m[90m Authentication flow override[0m[90m (4520ms)[0m
Admin UI E2E (4, chrome)	Run Cypress	2024-10-18T13:47:13.7304761Z [0m    Service account tab test[0m
Admin UI E2E (4, chrome)	Run Cypress	2024-10-18T13:47:17.6609907Z     [32m  ✓[0m[90m List[0m[90m (3883ms)[0m
Admin UI E2E (4, chrome)	Run Cypress	2024-10-18T13:47:22.4894029Z     [32m  ✓[0m[90m Assign[0m[90m (4459ms)[0m
Admin UI E2E (4, chrome)	Run Cypress	2024-10-18T13:47:22.4974813Z [0m    Mapping tab[0m
Admin UI E2E (4, chrome)	Run Cypress	2024-10-18T13:47:25.7142176Z     [32m  ✓[0m[90m Add mapping to openid client[0m[90m (3016ms)[0m
Admin UI E2E (4, chrome)	Run Cypress	2024-10-18T13:47:25.7314568Z [0m    Keys tab test[0m
Admin UI E2E (4, chrome)	Run Cypress	2024-10-18T13:47:29.6030551Z     [32m  ✓[0m[90m Generate new keys[0m[90m (3683ms)[0m
Admin UI E2E (4, chrome)	Run Cypress	2024-10-18T13:47:29.6183662Z [0m    Realm client[0m
Admin UI E2E (4, chrome)	Run Cypress	2024-10-18T13:47:32.2655467Z     [32m  ✓[0m[90m Displays the correct tabs[0m[90m (2605ms)[0m
Admin UI E2E (4, chrome)	Run Cypress	2024-10-18T13:47:34.8032193Z     [32m  ✓[0m[90m Hides the delete action[0m[90m (2486ms)[0m
Admin UI E2E (4, chrome)	Run Cypress	2024-10-18T13:47:34.8148568Z [0m    ***
Admin UI E2E (4, chrome)	Run Cypress	2024-10-18T13:47:36.9771999Z     [32m  ✓[0m[90m Shows an explainer text for bearer only clients[0m[90m (2124ms)[0m
Admin UI E2E (4, chrome)	Run Cypress	2024-10-18T13:47:39.1506960Z     [32m  ✓[0m[90m Hides the capability config section[0m[90m (1990ms)[0m
Admin UI E2E (4, chrome)	Run Cypress	2024-10-18T13:47:39.1601753Z [0m    Accessibility tests for clients[0m
Admin UI E2E (4, chrome)	Run Cypress	2024-10-18T13:47:41.0848282Z     [32m  ✓[0m[90m Check a11y violations on load/ clients list tab[0m[90m (1893ms)[0m
Admin UI E2E (4, chrome)	Run Cypress	2024-10-18T13:47:44.0501248Z     [32m  ✓[0m[90m Check a11y violations on create client page[0m[90m (2920ms)[0m
Admin UI E2E (4, chrome)	Run Cypress	2024-10-18T13:47:51.8421235Z     [32m  ✓[0m[90m Check a11y violations on client details page[0m[90m (7745ms)[0m
Admin UI E2E (4, chrome)	Run Cypress	2024-10-18T13:47:54.2490180Z     [32m  ✓[0m[90m Check a11y violations in delete dialog[0m[90m (2333ms)[0m
Admin UI E2E (4, chrome)	Run Cypress	2024-10-18T13:47:56.4228295Z     [32m  ✓[0m[90m Check a11y violations on import client[0m[90m (1967ms)[0m
Admin UI E2E (4, chrome)	Run Cypress	2024-10-18T13:47:58.2134370Z     [32m  ✓[0m[90m Check a11y violations on initial access token[0m[90m (1700ms)[0m
Admin UI E2E (4, chrome)	Run Cypress	2024-10-18T13:48:00.0599785Z     [32m  ✓[0m[90m Check a11y violations on client registration/ anonymous access policies tab[0m[90m (1797ms)[0m
Admin UI E2E (4, chrome)	Run Cypress	2024-10-18T13:48:02.4823463Z     [32m  ✓[0m[90m Check a11y violations on client registration/ authenticated access policies tab[0m[90m (1871ms)[0m
Admin UI E2E (4, chrome)	Run Cypress	2024-10-18T13:48:02.4824996Z 
Admin UI E2E (4, chrome)	Run Cypress	2024-10-18T13:48:02.5042692Z 
Admin UI E2E (4, chrome)	Run Cypress	2024-10-18T13:48:02.5043951Z [92m [0m[32m 63 passing[0m[90m (4m)[0m
Admin UI E2E (4, chrome)	Run Cypress	2024-10-18T13:48:02.5047766Z [31m  1 failing[0m
Admin UI E2E (4, chrome)	Run Cypress	2024-10-18T13:48:02.5074767Z 
Admin UI E2E (4, chrome)	Run Cypress	2024-10-18T13:48:02.5075179Z [0m  1) Clients test
Admin UI E2E (4, chrome)	Run Cypress	2024-10-18T13:48:02.5075871Z        Client details - Client scopes subtab
Admin UI E2E (4, chrome)	Run Cypress	2024-10-18T13:48:02.5077772Z          "after all" hook for "Should show initial items after filtering":
Admin UI E2E (4, chrome)	Run Cypress	2024-10-18T13:48:02.5078935Z [0m[31m     Error: Could not find client scope
Admin UI E2E (4, chrome)	Run Cypress	2024-10-18T13:48:02.5080866Z 
Admin UI E2E (4, chrome)	Run Cypress	2024-10-18T13:48:02.5085310Z Because this error occurred during a `after all` hook we are skipping the remaining tests in the current suite: `Client details - Client sco...`
Admin UI E2E (4, chrome)	Run Cypress	2024-10-18T13:48:02.5086029Z 
Admin UI E2E (4, chrome)	Run Cypress	2024-10-18T13:48:02.5086901Z Although you have test retries enabled, we do not retry tests when `before all` or `after all` hooks fail[0m[90m
Admin UI E2E (4, chrome)	Run Cypress	2024-10-18T13:48:02.5088345Z       at fetchWithError (http://localhost:8080/__cypress/tests?p=cypress/e2e/clients_test.spec.ts:8850:11)
Admin UI E2E (4, chrome)	Run Cypress	2024-10-18T13:48:02.5089348Z       at async Agent._requestWithParams (http://localhost:8080/__cypress/tests?p=cypress/e2e/clients_test.spec.ts:6127:17)
Admin UI E2E (4, chrome)	Run Cypress	2024-10-18T13:48:02.5090022Z [0m
Admin UI E2E (4, chrome)	Run Cypress	2024-10-18T13:48:02.5090143Z 
Admin UI E2E (4, chrome)	Run Cypress	2024-10-18T13:48:02.5090150Z 
Admin UI E2E (4, chrome)	Run Cypress	2024-10-18T13:48:03.5211763Z 
Admin UI E2E (4, chrome)	Run Cypress	2024-10-18T13:48:03.5213252Z [31m  ([4m[1mResults[22m[24m)[39m
Admin UI E2E (4, chrome)	Run Cypress	2024-10-18T13:48:03.5230732Z 
Admin UI E2E (4, chrome)	Run Cypress	2024-10-18T13:48:03.5248693Z [90m  ┌[39m[90m─[39m[90m─[39m[90m─[39m[90m─[39m[90m─[39m[90m─[39m[90m─[39m[90m─[39m[90m─[39m[90m─[39m[90m─[39m[90m─[39m[90m─[39m[90m─[39m[90m─[39m[90m─[39m[90m─[39m[90m─[39m[90m─[39m[90m─[39m[90m─[39m[90m─[39m[90m─[39m[90m─[39m[90m─[39m[90m─[39m[90m─[39m[90m─[39m[90m─[39m[90m─[39m[90m─[39m[90m─[39m[90m─[39m[90m─[39m[90m─[39m[90m─[39m[90m─[39m[90m─[39m[90m─[39m[90m─[39m[90m─[39m[90m─[39m[90m─[39m[90m─[39m[90m─[39m[90m─[39m[90m─[39m[90m─[39m[90m─[39m[90m─[39m[90m─[39m[90m─[39m[90m─[39m[90m─[39m[90m─[39m[90m─[39m[90m─[39m[90m─[39m[90m─[39m[90m─[39m[90m─[39m[90m─[39m[90m─[39m[90m─[39m[90m─[39m[90m─[39m[90m─[39m[90m─[39m[90m─[39m[90m─[39m[90m─[39m[90m─[39m[90m─[39m[90m─[39m[90m─[39m[90m─[39m[90m─[39m[90m─[39m[90m─[39m[90m─[39m[90m─[39m[90m─[39m[90m─[39m[90m─[39m[90m─[39m[90m─[39m[90m─[39m[90m─[39m[90m─[39m[90m─[39m[90m─[39m[90m─[39m[90m─[39m[90m─[39m[90m─[39m[90m─[39m[90m┐[39m
Admin UI E2E (4, chrome)	Run Cypress	2024-10-18T13:48:03.5254981Z [90m  │[39m [90mTests:[39m        [31m64[39m                                                                               [90m│[39m
Admin UI E2E (4, chrome)	Run Cypress	2024-10-18T13:48:03.5256470Z [90m  │[39m [90mPassing:[39m      [31m63[39m                                                                               [90m│[39m
Admin UI E2E (4, chrome)	Run Cypress	2024-10-18T13:48:03.5257935Z [90m  │[39m [90mFailing:[39m      [31m1[39m                                                                                [90m│[39m
Admin UI E2E (4, chrome)	Run Cypress	2024-10-18T13:48:03.5259412Z [90m  │[39m [90mPending:[39m      [31m0[39m                                                                                [90m│[39m
Admin UI E2E (4, chrome)	Run Cypress	2024-10-18T13:48:03.5260844Z [90m  │[39m [90mSkipped:[39m      [31m0[39m                                                                                [90m│[39m
Admin UI E2E (4, chrome)	Run Cypress	2024-10-18T13:48:03.5262372Z [90m  │[39m [90mScreenshots:[39m  [31m1[39m                                                                                [90m│[39m
Admin UI E2E (4, chrome)	Run Cypress	2024-10-18T13:48:03.5264189Z [90m  │[39m [90mVideo:[39m        [31mtrue[39m                                                                             [90m│[39m
Admin UI E2E (4, chrome)	Run Cypress	2024-10-18T13:48:03.5265742Z [90m  │[39m [90mDuration:[39m     [31m3 minutes, 56 seconds[39m                                                            [90m│[39m
Admin UI E2E (4, chrome)	Run Cypress	2024-10-18T13:48:03.5267498Z [90m  │[39m [90mSpec Ran:[39m     [31m[31mclients_test.spec.ts[31m[39m                                                             [90m│[39m
Admin UI E2E (4, chrome)	Run Cypress	2024-10-18T13:48:03.5280852Z [90m  └[39m[90m─[39m[90m─[39m[90m─[39m[90m─[39m[90m─[39m[90m─[39m[90m─[39m[90m─[39m[90m─[39m[90m─[39m[90m─[39m[90m─[39m[90m─[39m[90m─[39m[90m─[39m[90m─[39m[90m─[39m[90m─[39m[90m─[39m[90m─[39m[90m─[39m[90m─[39m[90m─[39m[90m─[39m[90m─[39m[90m─[39m[90m─[39m[90m─[39m[90m─[39m[90m─[39m[90m─[39m[90m─[39m[90m─[39m[90m─[39m[90m─[39m[90m─[39m[90m─[39m[90m─[39m[90m─[39m[90m─[39m[90m─[39m[90m─[39m[90m─[39m[90m─[39m[90m─[39m[90m─[39m[90m─[39m[90m─[39m[90m─[39m[90m─[39m[90m─[39m[90m─[39m[90m─[39m[90m─[39m[90m─[39m[90m─[39m[90m─[39m[90m─[39m[90m─[39m[90m─[39m[90m─[39m[90m─[39m[90m─[39m[90m─[39m[90m─[39m[90m─[39m[90m─[39m[90m─[39m[90m─[39m[90m─[39m[90m─[39m[90m─[39m[90m─[39m[90m─[39m[90m─[39m[90m─[39m[90m─[39m[90m─[39m[90m─[39m[90m─[39m[90m─[39m[90m─[39m[90m─[39m[90m─[39m[90m─[39m[90m─[39m[90m─[39m[90m─[39m[90m─[39m[90m─[39m[90m─[39m[90m─[39m[90m─[39m[90m─[39m[90m─[39m[90m─[39m[90m┘[39m
Admin UI E2E (4, chrome)	Run Cypress	2024-10-18T13:48:03.5287182Z 
Admin UI E2E (4, chrome)	Run Cypress	2024-10-18T13:48:03.5287207Z 
Admin UI E2E (4, chrome)	Run Cypress	2024-10-18T13:48:03.5287673Z [33m  ([4m[1mScreenshots[22m[24m)[39m
Admin UI E2E (4, chrome)	Run Cypress	2024-10-18T13:48:03.5288149Z 
Admin UI E2E (4, chrome)	Run Cypress	2024-10-18T13:48:03.5289474Z [90m [39m -  [0m/home/runner/work/keycloak/keycloak/js/apps/admin-ui/cypress/screenshots/clients[0m     [90m[90m(1280x581)[90m[39m
Admin UI E2E (4, chrome)	Run Cypress	2024-10-18T13:48:03.5291699Z [90m [39m    [0m_test.spec.ts/Clients test -- Client details - Client scopes subtab -- Should sh[0m               
Admin UI E2E (4, chrome)	Run Cypress	2024-10-18T13:48:03.5293666Z [90m [39m    [0mow initial items after filtering -- after all hook (failed).png[0m                                
Admin UI E2E (4, chrome)	Run Cypress	2024-10-18T13:48:03.5295270Z 
Admin UI E2E (4, chrome)	Run Cypress	2024-10-18T13:48:03.5752138Z 
Admin UI E2E (4, chrome)	Run Cypress	2024-10-18T13:48:03.5753379Z [36m  ([4m[1mVideo[22m[24m)[39m
Admin UI E2E (4, chrome)	Run Cypress	2024-10-18T13:48:03.5753865Z 
Admin UI E2E (4, chrome)	Run Cypress	2024-10-18T13:48:03.5755031Z   -  Video output: [36m/home/runner/work/keycloak/keycloak/js/apps/admin-ui/cypress/videos/clients_test.spec.ts.mp4[39m
Admin UI E2E (4, chrome)	Run Cypress	2024-10-18T13:48:03.5756190Z 
Admin UI E2E (4, chrome)	Run Cypress	2024-10-18T13:48:03.5756206Z 
Admin UI E2E (4, chrome)	Run Cypress	2024-10-18T13:48:03.5768717Z [90m─[39m[90m─[39m[90m─[39m[90m─[39m[90m─[39m[90m─[39m[90m─[39m[90m─[39m[90m─[39m[90m─[39m[90m─[39m[90m─[39m[90m─[39m[90m─[39m[90m─[39m[90m─[39m[90m─[39m[90m─[39m[90m─[39m[90m─[39m[90m─[39m[90m─[39m[90m─[39m[90m─[39m[90m─[39m[90m─[39m[90m─[39m[90m─[39m[90m─[39m[90m─[39m[90m─[39m[90m─[39m[90m─[39m[90m─[39m[90m─[39m[90m─[39m[90m─[39m[90m─[39m[90m─[39m[90m─[39m[90m─[39m[90m─[39m[90m─[39m[90m─[39m[90m─[39m[90m─[39m[90m─[39m[90m─[39m[90m─[39m[90m─[39m[90m─[39m[90m─[39m[90m─[39m[90m─[39m[90m─[39m[90m─[39m[90m─[39m[90m─[39m[90m─[39m[90m─[39m[90m─[39m[90m─[39m[90m─[39m[90m─[39m[90m─[39m[90m─[39m[90m─[39m[90m─[39m[90m─[39m[90m─[39m[90m─[39m[90m─[39m[90m─[39m[90m─[39m[90m─[39m[90m─[39m[90m─[39m[90m─[39m[90m─[39m[90m─[39m[90m─[39m[90m─[39m[90m─[39m[90m─[39m[90m─[39m[90m─[39m[90m─[39m[90m─[39m[90m─[39m[90m─[39m[90m─[39m[90m─[39m[90m─[39m[90m─[39m[90m─[39m[90m─[39m[90m─[39m[90m─[39m[90m─[39m[90m─[39m
Admin UI E2E (4, chrome)	Run Cypress	2024-10-18T13:48:03.5774405Z                                                                                                     
Admin UI E2E (4, chrome)	Run Cypress	2024-10-18T13:48:03.5775585Z   Running:  [90mrealm_user_registration.spec.ts[39m                                                 [90m(5 of 7)[39m
Admin UI E2E (4, chrome)	Run Cypress	2024-10-18T13:48:07.3333588Z 
Admin UI E2E (4, chrome)	Run Cypress	2024-10-18T13:48:07.3336364Z [0m[0m
Admin UI E2E (4, chrome)	Run Cypress	2024-10-18T13:48:07.3360432Z [0m  Realm settings - User registration tab[0m
Admin UI E2E (4, chrome)	Run Cypress	2024-10-18T13:48:12.7181172Z   [32m  ✓[0m[90m Add admin role[0m[90m (5351ms)[0m
Admin UI E2E (4, chrome)	Run Cypress	2024-10-18T13:48:14.3493541Z   [32m  ✓[0m[90m Remove admin role[0m[90m (1596ms)[0m
Admin UI E2E (4, chrome)	Run Cypress	2024-10-18T13:48:16.4061231Z   [32m  ✓[0m[90m Add default group[0m[90m (1769ms)[0m
Admin UI E2E (4, chrome)	Run Cypress	2024-10-18T13:48:16.4071534Z 
Admin UI E2E (4, chrome)	Run Cypress	2024-10-18T13:48:16.4271724Z 
Admin UI E2E (4, chrome)	Run Cypress	2024-10-18T13:48:16.4273643Z [92m [0m[32m 3 passing[0m[90m (9s)[0m
Admin UI E2E (4, chrome)	Run Cypress	2024-10-18T13:48:16.4274335Z 
Admin UI E2E (4, chrome)	Run Cypress	2024-10-18T13:48:17.4388120Z 
Admin UI E2E (4, chrome)	Run Cypress	2024-10-18T13:48:17.4389936Z [32m  ([4m[1mResults[22m[24m)[39m
Admin UI E2E (4, chrome)	Run Cypress	2024-10-18T13:48:17.4393074Z 
Admin UI E2E (4, chrome)	Run Cypress	2024-10-18T13:48:17.4407878Z [90m  ┌[39m[90m─[39m[90m─[39m[90m─[39m[90m─[39m[90m─[39m[90m─[39m[90m─[39m[90m─[39m[90m─[39m[90m─[39m[90m─[39m[90m─[39m[90m─[39m[90m─[39m[90m─[39m[90m─[39m[90m─[39m[90m─[39m[90m─[39m[90m─[39m[90m─[39m[90m─[39m[90m─[39m[90m─[39m[90m─[39m[90m─[39m[90m─[39m[90m─[39m[90m─[39m[90m─[39m[90m─[39m[90m─[39m[90m─[39m[90m─[39m[90m─[39m[90m─[39m[90m─[39m[90m─[39m[90m─[39m[90m─[39m[90m─[39m[90m─[39m[90m─[39m[90m─[39m[90m─[39m[90m─[39m[90m─[39m[90m─[39m[90m─[39m[90m─[39m[90m─[39m[90m─[39m[90m─[39m[90m─[39m[90m─[39m[90m─[39m[90m─[39m[90m─[39m[90m─[39m[90m─[39m[90m─[39m[90m─[39m[90m─[39m[90m─[39m[90m─[39m[90m─[39m[90m─[39m[90m─[39m[90m─[39m[90m─[39m[90m─[39m[90m─[39m[90m─[39m[90m─[39m[90m─[39m[90m─[39m[90m─[39m[90m─[39m[90m─[39m[90m─[39m[90m─[39m[90m─[39m[90m─[39m[90m─[39m[90m─[39m[90m─[39m[90m─[39m[90m─[39m[90m─[39m[90m─[39m[90m─[39m[90m─[39m[90m─[39m[90m─[39m[90m─[39m[90m─[39m[90m┐[39m
Admin UI E2E (4, chrome)	Run Cypress	2024-10-18T13:48:17.4412163Z [90m  │[39m [90mTests:[39m        [32m3[39m                                                                                [90m│[39m
Admin UI E2E (4, chrome)	Run Cypress	2024-10-18T13:48:17.4413200Z [90m  │[39m [90mPassing:[39m      [32m3[39m                                                                                [90m│[39m
Admin UI E2E (4, chrome)	Run Cypress	2024-10-18T13:48:17.4414208Z [90m  │[39m [90mFailing:[39m      [32m0[39m                                                                                [90m│[39m
Admin UI E2E (4, chrome)	Run Cypress	2024-10-18T13:48:17.4415564Z [90m  │[39m [90mPending:[39m      [32m0[39m                                                                                [90m│[39m
Admin UI E2E (4, chrome)	Run Cypress	2024-10-18T13:48:17.4417211Z [90m  │[39m [90mSkipped:[39m      [32m0[39m                                                                                [90m│[39m
Admin UI E2E (4, chrome)	Run Cypress	2024-10-18T13:48:17.4418985Z [90m  │[39m [90mScreenshots:[39m  [32m0[39m                                                                                [90m│[39m
Admin UI E2E (4, chrome)	Run Cypress	2024-10-18T13:48:17.4420811Z [90m  │[39m [90mVideo:[39m        [32mfalse[39m                                                                            [90m│[39m
Admin UI E2E (4, chrome)	Run Cypress	2024-10-18T13:48:17.4422615Z [90m  │[39m [90mDuration:[39m     [32m9 seconds[39m                                                                        [90m│[39m
Admin UI E2E (4, chrome)	Run Cypress	2024-10-18T13:48:17.4425249Z [90m  │[39m [90mSpec Ran:[39m     [32m[32mrealm_user_registration.spec.ts[32m[39m                                                  [90m│[39m
Admin UI E2E (4, chrome)	Run Cypress	2024-10-18T13:48:17.4434069Z [90m  └[39m[90m─[39m[90m─[39m[90m─[39m[90m─[39m[90m─[39m[90m─[39m[90m─[39m[90m─[39m[90m─[39m[90m─[39m[90m─[39m[90m─[39m[90m─[39m[90m─[39m[90m─[39m[90m─[39m[90m─[39m[90m─[39m[90m─[39m[90m─[39m[90m─[39m[90m─[39m[90m─[39m[90m─[39m[90m─[39m[90m─[39m[90m─[39m[90m─[39m[90m─[39m[90m─[39m[90m─[39m[90m─[39m[90m─[39m[90m─[39m[90m─[39m[90m─[39m[90m─[39m[90m─[39m[90m─[39m[90m─[39m[90m─[39m[90m─[39m[90m─[39m[90m─[39m[90m─[39m[90m─[39m[90m─[39m[90m─[39m[90m─[39m[90m─[39m[90m─[39m[90m─[39m[90m─[39m[90m─[39m[90m─[39m[90m─[39m[90m─[39m[90m─[39m[90m─[39m[90m─[39m[90m─[39m[90m─[39m[90m─[39m[90m─[39m[90m─[39m[90m─[39m[90m─[39m[90m─[39m[90m─[39m[90m─[39m[90m─[39m[90m─[39m[90m─[39m[90m─[39m[90m─[39m[90m─[39m[90m─[39m[90m─[39m[90m─[39m[90m─[39m[90m─[39m[90m─[39m[90m─[39m[90m─[39m[90m─[39m[90m─[39m[90m─[39m[90m─[39m[90m─[39m[90m─[39m[90m─[39m[90m─[39m[90m─[39m[90m─[39m[90m─[39m[90m─[39m[90m┘[39m
Admin UI E2E (4, chrome)	Run Cypress	2024-10-18T13:48:17.4439762Z 
Admin UI E2E (4, chrome)	Run Cypress	2024-10-18T13:48:17.4765912Z 
Admin UI E2E (4, chrome)	Run Cypress	2024-10-18T13:48:17.4777031Z [90m─[39m[90m─[39m[90m─[39m[90m─[39m[90m─[39m[90m─[39m[90m─[39m[90m─[39m[90m─[39m[90m─[39m[90m─[39m[90m─[39m[90m─[39m[90m─[39m[90m─[39m[90m─[39m[90m─[39m[90m─[39m[90m─[39m[90m─[39m[90m─[39m[90m─[39m[90m─[39m[90m─[39m[90m─[39m[90m─[39m[90m─[39m[90m─[39m[90m─[39m[90m─[39m[90m─[39m[90m─[39m[90m─[39m[90m─[39m[90m─[39m[90m─[39m[90m─[39m[90m─[39m[90m─[39m[90m─[39m[90m─[39m[90m─[39m[90m─[39m[90m─[39m[90m─[39m[90m─[39m[90m─[39m[90m─[39m[90m─[39m[90m─[39m[90m─[39m[90m─[39m[90m─[39m[90m─[39m[90m─[39m[90m─[39m[90m─[39m[90m─[39m[90m─[39m[90m─[39m[90m─[39m[90m─[39m[90m─[39m[90m─[39m[90m─[39m[90m─[39m[90m─[39m[90m─[39m[90m─[39m[90m─[39m[90m─[39m[90m─[39m[90m─[39m[90m─[39m[90m─[39m[90m─[39m[90m─[39m[90m─[39m[90m─[39m[90m─[39m[90m─[39m[90m─[39m[90m─[39m[90m─[39m[90m─[39m[90m─[39m[90m─[39m[90m─[39m[90m─[39m[90m─[39m[90m─[39m[90m─[39m[90m─[39m[90m─[39m[90m─[39m[90m─[39m[90m─[39m[90m─[39m[90m─[39m[90m─[39m
Admin UI E2E (4, chrome)	Run Cypress	2024-10-18T13:48:17.4781546Z                                                                                                     
Admin UI E2E (4, chrome)	Run Cypress	2024-10-18T13:48:17.4782966Z   Running:  [90midentity_providers_test.spec.ts[39m                                                 [90m(6 of 7)[39m
Admin UI E2E (4, chrome)	Run Cypress	2024-10-18T13:48:20.9368633Z 
Admin UI E2E (4, chrome)	Run Cypress	2024-10-18T13:48:20.9369763Z [0m[0m
Admin UI E2E (4, chrome)	Run Cypress	2024-10-18T13:48:20.9475870Z [0m  Identity provider test[0m
Admin UI E2E (4, chrome)	Run Cypress	2024-10-18T13:48:20.9476704Z [0m    Identity provider creation[0m
Admin UI E2E (4, chrome)	Run Cypress	2024-10-18T13:48:25.7951860Z     [32m  ✓[0m[90m should create github provider[0m[90m (4795ms)[0m
Admin UI E2E (4, chrome)	Run Cypress	2024-10-18T13:48:27.7166365Z     [32m  ✓[0m[90m fail to make duplicate github provider[0m[90m (1880ms)[0m
Admin UI E2E (4, chrome)	Run Cypress	2024-10-18T13:48:30.0267593Z     [32m  ✓[0m[90m should create facebook provider[0m[90m (2247ms)[0m
Admin UI E2E (4, chrome)	Run Cypress	2024-10-18T13:48:31.5576000Z     [32m  ✓[0m[90m search for existing provider by name[0m[90m (1489ms)[0m
Admin UI E2E (4, chrome)	Run Cypress	2024-10-18T13:48:33.3878723Z     [32m  ✓[0m[90m search for non-existing provider by name[0m[90m (1799ms)[0m
Admin UI E2E (4, chrome)	Run Cypress	2024-10-18T13:48:36.1937428Z     [32m  ✓[0m[90m create and delete provider by item details[0m[90m (2775ms)[0m
Admin UI E2E (4, chrome)	Run Cypress	2024-10-18T13:48:36.2077865Z     [36m  - should change order of providers[0m
Admin UI E2E (4, chrome)	Run Cypress	2024-10-18T13:48:37.6657959Z     [32m  ✓[0m[90m should delete provider[0m[90m (1435ms)[0m
Admin UI E2E (4, chrome)	Run Cypress	2024-10-18T13:48:41.1395409Z     [32m  ✓[0m[90m should add facebook social mapper[0m[90m (3433ms)[0m
Admin UI E2E (4, chrome)	Run Cypress	2024-10-18T13:48:44.7866038Z     [32m  ✓[0m[90m should add Social mapper of type Attribute Importer[0m[90m (3617ms)[0m
Admin UI E2E (4, chrome)	Run Cypress	2024-10-18T13:48:47.8652310Z     [32m  ✓[0m[90m should edit facebook mapper[0m[90m (3043ms)[0m
Admin UI E2E (4, chrome)	Run Cypress	2024-10-18T13:48:49.6172293Z     [32m  ✓[0m[90m should delete facebook mapper[0m[90m (1709ms)[0m
Admin UI E2E (4, chrome)	Run Cypress	2024-10-18T13:48:51.1324098Z     [32m  ✓[0m[90m clean up providers[0m[90m (1481ms)[0m
Admin UI E2E (4, chrome)	Run Cypress	2024-10-18T13:48:51.1440090Z [0m      Custom fields tests[0m
Admin UI E2E (4, chrome)	Run Cypress	2024-10-18T13:48:53.8891180Z       [32m  ✓[0m[90m should create social login provider Bitbucket with custom fields[0m[90m (2706ms)[0m
Admin UI E2E (4, chrome)	Run Cypress	2024-10-18T13:48:57.4862165Z       [32m  ✓[0m[90m should create social login provider Facebook with custom fields[0m[90m (3554ms)[0m
Admin UI E2E (4, chrome)	Run Cypress	2024-10-18T13:49:01.3197077Z       [32m  ✓[0m[90m should create social login provider Github with custom fields[0m[90m (3764ms)[0m
Admin UI E2E (4, chrome)	Run Cypress	2024-10-18T13:49:04.1803699Z       [32m  ✓[0m[90m should create social login provider Gitlab with custom fields[0m[90m (2799ms)[0m
Admin UI E2E (4, chrome)	Run Cypress	2024-10-18T13:49:07.6946368Z       [32m  ✓[0m[90m should create social login provider Google with custom fields[0m[90m (3447ms)[0m
Admin UI E2E (4, chrome)	Run Cypress	2024-10-18T13:49:10.6149723Z       [32m  ✓[0m[90m should create social login provider Instagram with custom fields[0m[90m (2863ms)[0m
Admin UI E2E (4, chrome)	Run Cypress	2024-10-18T13:49:13.4041510Z       [32m  ✓[0m[90m should create social login provider LinkedIn with custom fields[0m[90m (2722ms)[0m
Admin UI E2E (4, chrome)	Run Cypress	2024-10-18T13:49:16.9853043Z       [32m  ✓[0m[90m should create social login provider Microsoft with custom fields[0m[90m (3511ms)[0m
Admin UI E2E (4, chrome)	Run Cypress	2024-10-18T13:49:20.4927559Z       [32m  ✓[0m[90m should create social login provider Openshift-v3 with custom fields[0m[90m (3445ms)[0m
Admin UI E2E (4, chrome)	Run Cypress	2024-10-18T13:49:24.1088841Z       [32m  ✓[0m[90m should create social login provider Openshift-v4 with custom fields[0m[90m (3551ms)[0m
Admin UI E2E (4, chrome)	Run Cypress	2024-10-18T13:49:27.1637054Z       [32m  ✓[0m[90m should create social login provider Paypal with custom fields[0m[90m (2980ms)[0m
Admin UI E2E (4, chrome)	Run Cypress	2024-10-18T13:49:30.7350576Z       [32m  ✓[0m[90m should create social login provider Stackoverflow with custom fields[0m[90m (3496ms)[0m
Admin UI E2E (4, chrome)	Run Cypress	2024-10-18T13:49:34.4644576Z       [32m  ✓[0m[90m should create social login provider Twitter with custom fields[0m[90m (2863ms)[0m
Admin UI E2E (4, chrome)	Run Cypress	2024-10-18T13:49:34.4768652Z [0m    should check provider details[0m
Admin UI E2E (4, chrome)	Run Cypress	2024-10-18T13:49:36.7381754Z     [32m  ✓[0m[90m creating github provider[0m[90m (2208ms)[0m
Admin UI E2E (4, chrome)	Run Cypress	2024-10-18T13:49:40.0171393Z     [32m  ✓[0m[90m should check general settings[0m[90m (3232ms)[0m
Admin UI E2E (4, chrome)	Run Cypress	2024-10-18T13:49:43.3554138Z     [32m  ✓[0m[90m should check input switches and inputs[0m[90m (3303ms)[0m
Admin UI E2E (4, chrome)	Run Cypress	2024-10-18T13:49:45.2884309Z     [32m  ✓[0m[90m should revert and save options[0m[90m (1898ms)[0m
Admin UI E2E (4, chrome)	Run Cypress	2024-10-18T13:49:46.8386016Z     [32m  ✓[0m[90m should delete providers[0m[90m (1515ms)[0m
Admin UI E2E (4, chrome)	Run Cypress	2024-10-18T13:49:46.8501179Z [0m    Accessibility tests for identity providers[0m
Admin UI E2E (4, chrome)	Run Cypress	2024-10-18T13:49:49.5105873Z     [32m  ✓[0m[90m Check a11y violations on load/ identity providers[0m[90m (2633ms)[0m
Admin UI E2E (4, chrome)	Run Cypress	2024-10-18T13:49:49.5106767Z 
Admin UI E2E (4, chrome)	Run Cypress	2024-10-18T13:49:49.5268904Z 
Admin UI E2E (4, chrome)	Run Cypress	2024-10-18T13:49:49.5270568Z [92m [0m[32m 31 passing[0m[90m (1m)[0m
Admin UI E2E (4, chrome)	Run Cypress	2024-10-18T13:49:49.5271920Z [36m [0m[36m 1 pending[0m
Admin UI E2E (4, chrome)	Run Cypress	2024-10-18T13:49:49.5272697Z 
Admin UI E2E (4, chrome)	Run Cypress	2024-10-18T13:49:50.5449409Z 
Admin UI E2E (4, chrome)	Run Cypress	2024-10-18T13:49:50.5451199Z [32m  ([4m[1mResults[22m[24m)[39m
Admin UI E2E (4, chrome)	Run Cypress	2024-10-18T13:49:50.5456520Z 
Admin UI E2E (4, chrome)	Run Cypress	2024-10-18T13:49:50.5471382Z [90m  ┌[39m[90m─[39m[90m─[39m[90m─[39m[90m─[39m[90m─[39m[90m─[39m[90m─[39m[90m─[39m[90m─[39m[90m─[39m[90m─[39m[90m─[39m[90m─[39m[90m─[39m[90m─[39m[90m─[39m[90m─[39m[90m─[39m[90m─[39m[90m─[39m[90m─[39m[90m─[39m[90m─[39m[90m─[39m[90m─[39m[90m─[39m[90m─[39m[90m─[39m[90m─[39m[90m─[39m[90m─[39m[90m─[39m[90m─[39m[90m─[39m[90m─[39m[90m─[39m[90m─[39m[90m─[39m[90m─[39m[90m─[39m[90m─[39m[90m─[39m[90m─[39m[90m─[39m[90m─[39m[90m─[39m[90m─[39m[90m─[39m[90m─[39m[90m─[39m[90m─[39m[90m─[39m[90m─[39m[90m─[39m[90m─[39m[90m─[39m[90m─[39m[90m─[39m[90m─[39m[90m─[39m[90m─[39m[90m─[39m[90m─[39m[90m─[39m[90m─[39m[90m─[39m[90m─[39m[90m─[39m[90m─[39m[90m─[39m[90m─[39m[90m─[39m[90m─[39m[90m─[39m[90m─[39m[90m─[39m[90m─[39m[90m─[39m[90m─[39m[90m─[39m[90m─[39m[90m─[39m[90m─[39m[90m─[39m[90m─[39m[90m─[39m[90m─[39m[90m─[39m[90m─[39m[90m─[39m[90m─[39m[90m─[39m[90m─[39m[90m─[39m[90m─[39m[90m─[39m[90m┐[39m
Admin UI E2E (4, chrome)	Run Cypress	2024-10-18T13:49:50.5479164Z [90m  │[39m [90mTests:[39m        [32m32[39m                                                                               [90m│[39m
Admin UI E2E (4, chrome)	Run Cypress	2024-10-18T13:49:50.5481133Z [90m  │[39m [90mPassing:[39m      [32m31[39m                                                                               [90m│[39m
Admin UI E2E (4, chrome)	Run Cypress	2024-10-18T13:49:50.5482668Z [90m  │[39m [90mFailing:[39m      [32m0[39m                                                                                [90m│[39m
Admin UI E2E (4, chrome)	Run Cypress	2024-10-18T13:49:50.5484303Z [90m  │[39m [90mPending:[39m      [32m1[39m                                                                                [90m│[39m
Admin UI E2E (4, chrome)	Run Cypress	2024-10-18T13:49:50.5486026Z [90m  │[39m [90mSkipped:[39m      [32m0[39m                                                                                [90m│[39m
Admin UI E2E (4, chrome)	Run Cypress	2024-10-18T13:49:50.5487944Z [90m  │[39m [90mScreenshots:[39m  [32m0[39m                                                                                [90m│[39m
Admin UI E2E (4, chrome)	Run Cypress	2024-10-18T13:49:50.5489640Z [90m  │[39m [90mVideo:[39m        [32mfalse[39m                                                                            [90m│[39m
Admin UI E2E (4, chrome)	Run Cypress	2024-10-18T13:49:50.5491435Z [90m  │[39m [90mDuration:[39m     [32m1 minute, 28 seconds[39m                                                             [90m│[39m
Admin UI E2E (4, chrome)	Run Cypress	2024-10-18T13:49:50.5493469Z [90m  │[39m [90mSpec Ran:[39m     [32m[32midentity_providers_test.spec.ts[32m[39m                                                  [90m│[39m
Admin UI E2E (4, chrome)	Run Cypress	2024-10-18T13:49:50.5519840Z [90m  └[39m[90m─[39m[90m─[39m[90m─[39m[90m─[39m[90m─[39m[90m─[39m[90m─[39m[90m─[39m[90m─[39m[90m─[39m[90m─[39m[90m─[39m[90m─[39m[90m─[39m[90m─[39m[90m─[39m[90m─[39m[90m─[39m[90m─[39m[90m─[39m[90m─[39m[90m─[39m[90m─[39m[90m─[39m[90m─[39m[90m─[39m[90m─[39m[90m─[39m[90m─[39m[90m─[39m[90m─[39m[90m─[39m[90m─[39m[90m─[39m[90m─[39m[90m─[39m[90m─[39m[90m─[39m[90m─[39m[90m─[39m[90m─[39m[90m─[39m[90m─[39m[90m─[39m[90m─[39m[90m─[39m[90m─[39m[90m─[39m[90m─[39m[90m─[39m[90m─[39m[90m─[39m[90m─[39m[90m─[39m[90m─[39m[90m─[39m[90m─[39m[90m─[39m[90m─[39m[90m─[39m[90m─[39m[90m─[39m[90m─[39m[90m─[39m[90m─[39m[90m─[39m[90m─[39m[90m─[39m[90m─[39m[90m─[39m[90m─[39m[90m─[39m[90m─[39m[90m─[39m[90m─[39m[90m─[39m[90m─[39m[90m─[39m[90m─[39m[90m─[39m[90m─[39m[90m─[39m[90m─[39m[90m─[39m[90m─[39m[90m─[39m[90m─[39m[90m─[39m[90m─[39m[90m─[39m[90m─[39m[90m─[39m[90m─[39m[90m─[39m[90m─[39m[90m─[39m[90m┘[39m
Admin UI E2E (4, chrome)	Run Cypress	2024-10-18T13:49:50.5525851Z 
Admin UI E2E (4, chrome)	Run Cypress	2024-10-18T13:49:50.5903406Z 
Admin UI E2E (4, chrome)	Run Cypress	2024-10-18T13:49:50.5916209Z [90m─[39m[90m─[39m[90m─[39m[90m─[39m[90m─[39m[90m─[39m[90m─[39m[90m─[39m[90m─[39m[90m─[39m[90m─[39m[90m─[39m[90m─[39m[90m─[39m[90m─[39m[90m─[39m[90m─[39m[90m─[39m[90m─[39m[90m─[39m[90m─[39m[90m─[39m[90m─[39m[90m─[39m[90m─[39m[90m─[39m[90m─[39m[90m─[39m[90m─[39m[90m─[39m[90m─[39m[90m─[39m[90m─[39m[90m─[39m[90m─[39m[90m─[39m[90m─[39m[90m─[39m[90m─[39m[90m─[39m[90m─[39m[90m─[39m[90m─[39m[90m─[39m[90m─[39m[90m─[39m[90m─[39m[90m─[39m[90m─[39m[90m─[39m[90m─[39m[90m─[39m[90m─[39m[90m─[39m[90m─[39m[90m─[39m[90m─[39m[90m─[39m[90m─[39m[90m─[39m[90m─[39m[90m─[39m[90m─[39m[90m─[39m[90m─[39m[90m─[39m[90m─[39m[90m─[39m[90m─[39m[90m─[39m[90m─[39m[90m─[39m[90m─[39m[90m─[39m[90m─[39m[90m─[39m[90m─[39m[90m─[39m[90m─[39m[90m─[39m[90m─[39m[90m─[39m[90m─[39m[90m─[39m[90m─[39m[90m─[39m[90m─[39m[90m─[39m[90m─[39m[90m─[39m[90m─[39m[90m─[39m[90m─[39m[90m─[39m[90m─[39m[90m─[39m[90m─[39m[90m─[39m[90m─[39m[90m─[39m
Admin UI E2E (4, chrome)	Run Cypress	2024-10-18T13:49:50.5920525Z                                                                                                     
Admin UI E2E (4, chrome)	Run Cypress	2024-10-18T13:49:50.5921550Z   Running:  [90muser_fed_test.spec.ts[39m                                                           [90m(7 of 7)[39m
Admin UI E2E (4, chrome)	Run Cypress	2024-10-18T13:49:53.1719083Z 
Admin UI E2E (4, chrome)	Run Cypress	2024-10-18T13:49:53.1720602Z [0m[0m
Admin UI E2E (4, chrome)	Run Cypress	2024-10-18T13:49:53.1852796Z [0m  Accessibility tests for user federation[0m
Admin UI E2E (4, chrome)	Run Cypress	2024-10-18T13:49:56.3299808Z   [32m  ✓[0m[90m Check a11y violations on load/ user federation[0m[90m (3139ms)[0m
Admin UI E2E (4, chrome)	Run Cypress	2024-10-18T13:49:56.3300670Z 
Admin UI E2E (4, chrome)	Run Cypress	2024-10-18T13:49:56.3428741Z 
Admin UI E2E (4, chrome)	Run Cypress	2024-10-18T13:49:56.3430021Z [92m [0m[32m 1 passing[0m[90m (3s)[0m
Admin UI E2E (4, chrome)	Run Cypress	2024-10-18T13:49:56.3430717Z 
Admin UI E2E (4, chrome)	Run Cypress	2024-10-18T13:49:57.5740430Z 
Admin UI E2E (4, chrome)	Run Cypress	2024-10-18T13:49:57.5741715Z [32m  ([4m[1mResults[22m[24m)[39m
Admin UI E2E (4, chrome)	Run Cypress	2024-10-18T13:49:57.5744314Z 
Admin UI E2E (4, chrome)	Run Cypress	2024-10-18T13:49:57.5755986Z [90m  ┌[39m[90m─[39m[90m─[39m[90m─[39m[90m─[39m[90m─[39m[90m─[39m[90m─[39m[90m─[39m[90m─[39m[90m─[39m[90m─[39m[90m─[39m[90m─[39m[90m─[39m[90m─[39m[90m─[39m[90m─[39m[90m─[39m[90m─[39m[90m─[39m[90m─[39m[90m─[39m[90m─[39m[90m─[39m[90m─[39m[90m─[39m[90m─[39m[90m─[39m[90m─[39m[90m─[39m[90m─[39m[90m─[39m[90m─[39m[90m─[39m[90m─[39m[90m─[39m[90m─[39m[90m─[39m[90m─[39m[90m─[39m[90m─[39m[90m─[39m[90m─[39m[90m─[39m[90m─[39m[90m─[39m[90m─[39m[90m─[39m[90m─[39m[90m─[39m[90m─[39m[90m─[39m[90m─[39m[90m─[39m[90m─[39m[90m─[39m[90m─[39m[90m─[39m[90m─[39m[90m─[39m[90m─[39m[90m─[39m[90m─[39m[90m─[39m[90m─[39m[90m─[39m[90m─[39m[90m─[39m[90m─[39m[90m─[39m[90m─[39m[90m─[39m[90m─[39m[90m─[39m[90m─[39m[90m─[39m[90m─[39m[90m─[39m[90m─[39m[90m─[39m[90m─[39m[90m─[39m[90m─[39m[90m─[39m[90m─[39m[90m─[39m[90m─[39m[90m─[39m[90m─[39m[90m─[39m[90m─[39m[90m─[39m[90m─[39m[90m─[39m[90m─[39m[90m─[39m[90m┐[39m
Admin UI E2E (4, chrome)	Run Cypress	2024-10-18T13:49:57.5762781Z [90m  │[39m [90mTests:[39m        [32m1[39m                                                                                [90m│[39m
Admin UI E2E (4, chrome)	Run Cypress	2024-10-18T13:49:57.5764553Z [90m  │[39m [90mPassing:[39m      [32m1[39m                                                                                [90m│[39m
Admin UI E2E (4, chrome)	Run Cypress	2024-10-18T13:49:57.5766219Z [90m  │[39m [90mFailing:[39m      [32m0[39m                                                                                [90m│[39m
Admin UI E2E (4, chrome)	Run Cypress	2024-10-18T13:49:57.5768442Z [90m  │[39m [90mPending:[39m      [32m0[39m                                                                                [90m│[39m
Admin UI E2E (4, chrome)	Run Cypress	2024-10-18T13:49:57.5779220Z [90m  │[39m [90mSkipped:[39m      [32m0[39m                                                                                [90m│[39m
Admin UI E2E (4, chrome)	Run Cypress	2024-10-18T13:49:57.5782150Z [90m  │[39m [90mScreenshots:[39m  [32m0[39m                                                                                [90m│[39m
Admin UI E2E (4, chrome)	Run Cypress	2024-10-18T13:49:57.5784127Z [90m  │[39m [90mVideo:[39m        [32mfalse[39m                                                                            [90m│[39m
Admin UI E2E (4, chrome)	Run Cypress	2024-10-18T13:49:57.5786484Z [90m  │[39m [90mDuration:[39m     [32m3 seconds[39m                                                                        [90m│[39m
Admin UI E2E (4, chrome)	Run Cypress	2024-10-18T13:49:57.5789121Z [90m  │[39m [90mSpec Ran:[39m     [32m[32muser_fed_test.spec.ts[32m[39m                                                            [90m│[39m
Admin UI E2E (4, chrome)	Run Cypress	2024-10-18T13:49:57.5797647Z [90m  └[39m[90m─[39m[90m─[39m[90m─[39m[90m─[39m[90m─[39m[90m─[39m[90m─[39m[90m─[39m[90m─[39m[90m─[39m[90m─[39m[90m─[39m[90m─[39m[90m─[39m[90m─[39m[90m─[39m[90m─[39m[90m─[39m[90m─[39m[90m─[39m[90m─[39m[90m─[39m[90m─[39m[90m─[39m[90m─[39m[90m─[39m[90m─[39m[90m─[39m[90m─[39m[90m─[39m[90m─[39m[90m─[39m[90m─[39m[90m─[39m[90m─[39m[90m─[39m[90m─[39m[90m─[39m[90m─[39m[90m─[39m[90m─[39m[90m─[39m[90m─[39m[90m─[39m[90m─[39m[90m─[39m[90m─[39m[90m─[39m[90m─[39m[90m─[39m[90m─[39m[90m─[39m[90m─[39m[90m─[39m[90m─[39m[90m─[39m[90m─[39m[90m─[39m[90m─[39m[90m─[39m[90m─[39m[90m─[39m[90m─[39m[90m─[39m[90m─[39m[90m─[39m[90m─[39m[90m─[39m[90m─[39m[90m─[39m[90m─[39m[90m─[39m[90m─[39m[90m─[39m[90m─[39m[90m─[39m[90m─[39m[90m─[39m[90m─[39m[90m─[39m[90m─[39m[90m─[39m[90m─[39m[90m─[39m[90m─[39m[90m─[39m[90m─[39m[90m─[39m[90m─[39m[90m─[39m[90m─[39m[90m─[39m[90m─[39m[90m─[39m[90m─[39m[90m─[39m[90m┘[39m
Admin UI E2E (4, chrome)	Run Cypress	2024-10-18T13:49:57.5812255Z 
Admin UI E2E (4, chrome)	Run Cypress	2024-10-18T13:49:57.5830787Z 
Admin UI E2E (4, chrome)	Run Cypress	2024-10-18T13:49:57.6363634Z [90m====================================================================================================[39m
Admin UI E2E (4, chrome)	Run Cypress	2024-10-18T13:49:57.6364615Z 
Admin UI E2E (4, chrome)	Run Cypress	2024-10-18T13:49:57.6365108Z [0m  ([4m[1mRun Finished[22m[24m)[0m
Admin UI E2E (4, chrome)	Run Cypress	2024-10-18T13:49:57.6381748Z 
Admin UI E2E (4, chrome)	Run Cypress	2024-10-18T13:49:57.6381821Z 
Admin UI E2E (4, chrome)	Run Cypress	2024-10-18T13:49:57.6408116Z [90m   [39m    [90mSpec[39m                                              [90mTests[39m  [90mPassing[39m  [90mFailing[39m  [90mPending[39m  [90mSkipped[39m [90m [39m
Admin UI E2E (4, chrome)	Run Cypress	2024-10-18T13:49:57.6413879Z [90m  ┌[39m[90m─[39m[90m─[39m[90m─[39m[90m─[39m[90m─[39m[90m─[39m[90m─[39m[90m─[39m[90m─[39m[90m─[39m[90m─[39m[90m─[39m[90m─[39m[90m─[39m[90m─[39m[90m─[39m[90m─[39m[90m─[39m[90m─[39m[90m─[39m[90m─[39m[90m─[39m[90m─[39m[90m─[39m[90m─[39m[90m─[39m[90m─[39m[90m─[39m[90m─[39m[90m─[39m[90m─[39m[90m─[39m[90m─[39m[90m─[39m[90m─[39m[90m─[39m[90m─[39m[90m─[39m[90m─[39m[90m─[39m[90m─[39m[90m─[39m[90m─[39m[90m─[39m[90m─[39m[90m─[39m[90m─[39m[90m─[39m[90m─[39m[90m─[39m[90m─[39m[90m─[39m[90m─[39m[90m─[39m[90m─[39m[90m─[39m[90m─[39m[90m─[39m[90m─[39m[90m─[39m[90m─[39m[90m─[39m[90m─[39m[90m─[39m[90m─[39m[90m─[39m[90m─[39m[90m─[39m[90m─[39m[90m─[39m[90m─[39m[90m─[39m[90m─[39m[90m─[39m[90m─[39m[90m─[39m[90m─[39m[90m─[39m[90m─[39m[90m─[39m[90m─[39m[90m─[39m[90m─[39m[90m─[39m[90m─[39m[90m─[39m[90m─[39m[90m─[39m[90m─[39m[90m─[39m[90m─[39m[90m─[39m[90m─[39m[90m─[39m[90m─[39m[90m─[39m[90m┐[39m
Admin UI E2E (4, chrome)	Run Cypress	2024-10-18T13:49:57.6419028Z [90m  │[39m [32m✔[39m  [0muser_fed_ldap_hardcoded_mapper_test[0m      [90m01:06[39m       [0m12[0m       [32m12[39m        [90m-[39m        [90m-[39m        [90m-[39m [90m│[39m
Admin UI E2E (4, chrome)	Run Cypress	2024-10-18T13:49:57.6420642Z [90m  │[39m    [0m.spec.ts[0m                                                                                    [90m│[39m
Admin UI E2E (4, chrome)	Run Cypress	2024-10-18T13:49:57.6427520Z [90m  ├[39m[90m─[39m[90m─[39m[90m─[39m[90m─[39m[90m─[39m[90m─[39m[90m─[39m[90m─[39m[90m─[39m[90m─[39m[90m─[39m[90m─[39m[90m─[39m[90m─[39m[90m─[39m[90m─[39m[90m─[39m[90m─[39m[90m─[39m[90m─[39m[90m─[39m[90m─[39m[90m─[39m[90m─[39m[90m─[39m[90m─[39m[90m─[39m[90m─[39m[90m─[39m[90m─[39m[90m─[39m[90m─[39m[90m─[39m[90m─[39m[90m─[39m[90m─[39m[90m─[39m[90m─[39m[90m─[39m[90m─[39m[90m─[39m[90m─[39m[90m─[39m[90m─[39m[90m─[39m[90m─[39m[90m─[39m[90m─[39m[90m─[39m[90m─[39m[90m─[39m[90m─[39m[90m─[39m[90m─[39m[90m─[39m[90m─[39m[90m─[39m[90m─[39m[90m─[39m[90m─[39m[90m─[39m[90m─[39m[90m─[39m[90m─[39m[90m─[39m[90m─[39m[90m─[39m[90m─[39m[90m─[39m[90m─[39m[90m─[39m[90m─[39m[90m─[39m[90m─[39m[90m─[39m[90m─[39m[90m─[39m[90m─[39m[90m─[39m[90m─[39m[90m─[39m[90m─[39m[90m─[39m[90m─[39m[90m─[39m[90m─[39m[90m─[39m[90m─[39m[90m─[39m[90m─[39m[90m─[39m[90m─[39m[90m─[39m[90m─[39m[90m─[39m[90m─[39m[90m┤[39m
Admin UI E2E (4, chrome)	Run Cypress	2024-10-18T13:49:57.6435659Z [90m  │[39m [32m✔[39m  [0mrealm_test.spec.ts[0m                       [90m01:04[39m        [0m6[0m        [32m6[39m        [90m-[39m        [90m-[39m        [90m-[39m [90m│[39m
Admin UI E2E (4, chrome)	Run Cypress	2024-10-18T13:49:57.6467855Z [90m  ├[39m[90m─[39m[90m─[39m[90m─[39m[90m─[39m[90m─[39m[90m─[39m[90m─[39m[90m─[39m[90m─[39m[90m─[39m[90m─[39m[90m─[39m[90m─[39m[90m─[39m[90m─[39m[90m─[39m[90m─[39m[90m─[39m[90m─[39m[90m─[39m[90m─[39m[90m─[39m[90m─[39m[90m─[39m[90m─[39m[90m─[39m[90m─[39m[90m─[39m[90m─[39m[90m─[39m[90m─[39m[90m─[39m[90m─[39m[90m─[39m[90m─[39m[90m─[39m[90m─[39m[90m─[39m[90m─[39m[90m─[39m[90m─[39m[90m─[39m[90m─[39m[90m─[39m[90m─[39m[90m─[39m[90m─[39m[90m─[39m[90m─[39m[90m─[39m[90m─[39m[90m─[39m[90m─[39m[90m─[39m[90m─[39m[90m─[39m[90m─[39m[90m─[39m[90m─[39m[90m─[39m[90m─[39m[90m─[39m[90m─[39m[90m─[39m[90m─[39m[90m─[39m[90m─[39m[90m─[39m[90m─[39m[90m─[39m[90m─[39m[90m─[39m[90m─[39m[90m─[39m[90m─[39m[90m─[39m[90m─[39m[90m─[39m[90m─[39m[90m─[39m[90m─[39m[90m─[39m[90m─[39m[90m─[39m[90m─[39m[90m─[39m[90m─[39m[90m─[39m[90m─[39m[90m─[39m[90m─[39m[90m─[39m[90m─[39m[90m─[39m[90m─[39m[90m─[39m[90m┤[39m
Admin UI E2E (4, chrome)	Run Cypress	2024-10-18T13:49:57.6484193Z [90m  │[39m [32m✔[39m  [0mrealm_settings_tabs_test.spec.ts[0m         [90m01:54[39m       [0m35[0m       [32m35[39m        [90m-[39m        [90m-[39m        [90m-[39m [90m│[39m
Admin UI E2E (4, chrome)	Run Cypress	2024-10-18T13:49:57.6493641Z [90m  ├[39m[90m─[39m[90m─[39m[90m─[39m[90m─[39m[90m─[39m[90m─[39m[90m─[39m[90m─[39m[90m─[39m[90m─[39m[90m─[39m[90m─[39m[90m─[39m[90m─[39m[90m─[39m[90m─[39m[90m─[39m[90m─[39m[90m─[39m[90m─[39m[90m─[39m[90m─[39m[90m─[39m[90m─[39m[90m─[39m[90m─[39m[90m─[39m[90m─[39m[90m─[39m[90m─[39m[90m─[39m[90m─[39m[90m─[39m[90m─[39m[90m─[39m[90m─[39m[90m─[39m[90m─[39m[90m─[39m[90m─[39m[90m─[39m[90m─[39m[90m─[39m[90m─[39m[90m─[39m[90m─[39m[90m─[39m[90m─[39m[90m─[39m[90m─[39m[90m─[39m[90m─[39m[90m─[39m[90m─[39m[90m─[39m[90m─[39m[90m─[39m[90m─[39m[90m─[39m[90m─[39m[90m─[39m[90m─[39m[90m─[39m[90m─[39m[90m─[39m[90m─[39m[90m─[39m[90m─[39m[90m─[39m[90m─[39m[90m─[39m[90m─[39m[90m─[39m[90m─[39m[90m─[39m[90m─[39m[90m─[39m[90m─[39m[90m─[39m[90m─[39m[90m─[39m[90m─[39m[90m─[39m[90m─[39m[90m─[39m[90m─[39m[90m─[39m[90m─[39m[90m─[39m[90m─[39m[90m─[39m[90m─[39m[90m─[39m[90m─[39m[90m─[39m[90m─[39m[90m┤[39m
Admin UI E2E (4, chrome)	Run Cypress	2024-10-18T13:49:57.6502322Z [90m  │[39m [31m✖[39m  [0mclients_test.spec.ts[0m                     [90m03:56[39m       [0m64[0m       [32m63[39m        [31m1[39m        [90m-[39m        [90m-[39m [90m│[39m
Admin UI E2E (4, chrome)	Run Cypress	2024-10-18T13:49:57.6513828Z [90m  ├[39m[90m─[39m[90m─[39m[90m─[39m[90m─[39m[90m─[39m[90m─[39m[90m─[39m[90m─[39m[90m─[39m[90m─[39m[90m─[39m[90m─[39m[90m─[39m[90m─[39m[90m─[39m[90m─[39m[90m─[39m[90m─[39m[90m─[39m[90m─[39m[90m─[39m[90m─[39m[90m─[39m[90m─[39m[90m─[39m[90m─[39m[90m─[39m[90m─[39m[90m─[39m[90m─[39m[90m─[39m[90m─[39m[90m─[39m[90m─[39m[90m─[39m[90m─[39m[90m─[39m[90m─[39m[90m─[39m[90m─[39m[90m─[39m[90m─[39m[90m─[39m[90m─[39m[90m─[39m[90m─[39m[90m─[39m[90m─[39m[90m─[39m[90m─[39m[90m─[39m[90m─[39m[90m─[39m[90m─[39m[90m─[39m[90m─[39m[90m─[39m[90m─[39m[90m─[39m[90m─[39m[90m─[39m[90m─[39m[90m─[39m[90m─[39m[90m─[39m[90m─[39m[90m─[39m[90m─[39m[90m─[39m[90m─[39m[90m─[39m[90m─[39m[90m─[39m[90m─[39m[90m─[39m[90m─[39m[90m─[39m[90m─[39m[90m─[39m[90m─[39m[90m─[39m[90m─[39m[90m─[39m[90m─[39m[90m─[39m[90m─[39m[90m─[39m[90m─[39m[90m─[39m[90m─[39m[90m─[39m[90m─[39m[90m─[39m[90m─[39m[90m─[39m[90m─[39m[90m┤[39m
Admin UI E2E (4, chrome)	Run Cypress	2024-10-18T13:49:57.6521700Z [90m  │[39m [32m✔[39m  [0mrealm_user_registration.spec.ts[0m          [90m00:09[39m        [0m3[0m        [32m3[39m        [90m-[39m        [90m-[39m        [90m-[39m [90m│[39m
Admin UI E2E (4, chrome)	Run Cypress	2024-10-18T13:49:57.6530530Z [90m  ├[39m[90m─[39m[90m─[39m[90m─[39m[90m─[39m[90m─[39m[90m─[39m[90m─[39m[90m─[39m[90m─[39m[90m─[39m[90m─[39m[90m─[39m[90m─[39m[90m─[39m[90m─[39m[90m─[39m[90m─[39m[90m─[39m[90m─[39m[90m─[39m[90m─[39m[90m─[39m[90m─[39m[90m─[39m[90m─[39m[90m─[39m[90m─[39m[90m─[39m[90m─[39m[90m─[39m[90m─[39m[90m─[39m[90m─[39m[90m─[39m[90m─[39m[90m─[39m[90m─[39m[90m─[39m[90m─[39m[90m─[39m[90m─[39m[90m─[39m[90m─[39m[90m─[39m[90m─[39m[90m─[39m[90m─[39m[90m─[39m[90m─[39m[90m─[39m[90m─[39m[90m─[39m[90m─[39m[90m─[39m[90m─[39m[90m─[39m[90m─[39m[90m─[39m[90m─[39m[90m─[39m[90m─[39m[90m─[39m[90m─[39m[90m─[39m[90m─[39m[90m─[39m[90m─[39m[90m─[39m[90m─[39m[90m─[39m[90m─[39m[90m─[39m[90m─[39m[90m─[39m[90m─[39m[90m─[39m[90m─[39m[90m─[39m[90m─[39m[90m─[39m[90m─[39m[90m─[39m[90m─[39m[90m─[39m[90m─[39m[90m─[39m[90m─[39m[90m─[39m[90m─[39m[90m─[39m[90m─[39m[90m─[39m[90m─[39m[90m─[39m[90m─[39m[90m─[39m[90m┤[39m
Admin UI E2E (4, chrome)	Run Cypress	2024-10-18T13:49:57.6538719Z [90m  │[39m [32m✔[39m  [0midentity_providers_test.spec.ts[0m          [90m01:28[39m       [0m32[0m       [32m31[39m        [90m-[39m        [36m1[39m        [90m-[39m [90m│[39m
Admin UI E2E (4, chrome)	Run Cypress	2024-10-18T13:49:57.6548581Z [90m  ├[39m[90m─[39m[90m─[39m[90m─[39m[90m─[39m[90m─[39m[90m─[39m[90m─[39m[90m─[39m[90m─[39m[90m─[39m[90m─[39m[90m─[39m[90m─[39m[90m─[39m[90m─[39m[90m─[39m[90m─[39m[90m─[39m[90m─[39m[90m─[39m[90m─[39m[90m─[39m[90m─[39m[90m─[39m[90m─[39m[90m─[39m[90m─[39m[90m─[39m[90m─[39m[90m─[39m[90m─[39m[90m─[39m[90m─[39m[90m─[39m[90m─[39m[90m─[39m[90m─[39m[90m─[39m[90m─[39m[90m─[39m[90m─[39m[90m─[39m[90m─[39m[90m─[39m[90m─[39m[90m─[39m[90m─[39m[90m─[39m[90m─[39m[90m─[39m[90m─[39m[90m─[39m[90m─[39m[90m─[39m[90m─[39m[90m─[39m[90m─[39m[90m─[39m[90m─[39m[90m─[39m[90m─[39m[90m─[39m[90m─[39m[90m─[39m[90m─[39m[90m─[39m[90m─[39m[90m─[39m[90m─[39m[90m─[39m[90m─[39m[90m─[39m[90m─[39m[90m─[39m[90m─[39m[90m─[39m[90m─[39m[90m─[39m[90m─[39m[90m─[39m[90m─[39m[90m─[39m[90m─[39m[90m─[39m[90m─[39m[90m─[39m[90m─[39m[90m─[39m[90m─[39m[90m─[39m[90m─[39m[90m─[39m[90m─[39m[90m─[39m[90m─[39m[90m─[39m[90m┤[39m
Admin UI E2E (4, chrome)	Run Cypress	2024-10-18T13:49:57.6555945Z [90m  │[39m [32m✔[39m  [0muser_fed_test.spec.ts[0m                    [90m00:03[39m        [0m1[0m        [32m1[39m        [90m-[39m        [90m-[39m        [90m-[39m [90m│[39m
Admin UI E2E (4, chrome)	Run Cypress	2024-10-18T13:49:57.6564915Z [90m  └[39m[90m─[39m[90m─[39m[90m─[39m[90m─[39m[90m─[39m[90m─[39m[90m─[39m[90m─[39m[90m─[39m[90m─[39m[90m─[39m[90m─[39m[90m─[39m[90m─[39m[90m─[39m[90m─[39m[90m─[39m[90m─[39m[90m─[39m[90m─[39m[90m─[39m[90m─[39m[90m─[39m[90m─[39m[90m─[39m[90m─[39m[90m─[39m[90m─[39m[90m─[39m[90m─[39m[90m─[39m[90m─[39m[90m─[39m[90m─[39m[90m─[39m[90m─[39m[90m─[39m[90m─[39m[90m─[39m[90m─[39m[90m─[39m[90m─[39m[90m─[39m[90m─[39m[90m─[39m[90m─[39m[90m─[39m[90m─[39m[90m─[39m[90m─[39m[90m─[39m[90m─[39m[90m─[39m[90m─[39m[90m─[39m[90m─[39m[90m─[39m[90m─[39m[90m─[39m[90m─[39m[90m─[39m[90m─[39m[90m─[39m[90m─[39m[90m─[39m[90m─[39m[90m─[39m[90m─[39m[90m─[39m[90m─[39m[90m─[39m[90m─[39m[90m─[39m[90m─[39m[90m─[39m[90m─[39m[90m─[39m[90m─[39m[90m─[39m[90m─[39m[90m─[39m[90m─[39m[90m─[39m[90m─[39m[90m─[39m[90m─[39m[90m─[39m[90m─[39m[90m─[39m[90m─[39m[90m─[39m[90m─[39m[90m─[39m[90m─[39m[90m─[39m[90m─[39m[90m┘[39m
Admin UI E2E (4, chrome)	Run Cypress	2024-10-18T13:49:57.6572725Z [90m   [39m [31m✖[39m  [31m1 of 7 failed (14%)[39m                      [90m09:41[39m      [0m153[0m      [32m151[39m        [31m1[39m        [36m1[39m        [90m-[39m [90m [39m
Admin UI E2E (4, chrome)	Run Cypress	2024-10-18T13:49:57.6573752Z 
Admin UI E2E (4, chrome)	Run Cypress	2024-10-18T13:49:57.7675968Z ##[error]Cypress tests: 1 failed
Status Check - Keycloak JavaScript CI	Run /./.github/actions/status-check	2024-10-18T13:50:12.3878635Z Prepare all required actions
Status Check - Keycloak JavaScript CI	Run /./.github/actions/status-check	2024-10-18T13:50:12.3970037Z ##[group]Run ./.github/actions/status-check
Status Check - Keycloak JavaScript CI	Run /./.github/actions/status-check	2024-10-18T13:50:12.3970485Z with:
Status Check - Keycloak JavaScript CI	Run /./.github/actions/status-check	2024-10-18T13:50:12.3972276Z   jobs: {
Status Check - Keycloak JavaScript CI	Run /./.github/actions/status-check	  "conditional": {
Status Check - Keycloak JavaScript CI	Run /./.github/actions/status-check	    "result": "success",
Status Check - Keycloak JavaScript CI	Run /./.github/actions/status-check	    "outputs": {
Status Check - Keycloak JavaScript CI	Run /./.github/actions/status-check	      "js-ci": "true"
Status Check - Keycloak JavaScript CI	Run /./.github/actions/status-check	    }
Status Check - Keycloak JavaScript CI	Run /./.github/actions/status-check	  },
Status Check - Keycloak JavaScript CI	Run /./.github/actions/status-check	  "build-keycloak": {
Status Check - Keycloak JavaScript CI	Run /./.github/actions/status-check	    "result": "success",
Status Check - Keycloak JavaScript CI	Run /./.github/actions/status-check	    "outputs": {}
Status Check - Keycloak JavaScript CI	Run /./.github/actions/status-check	  },
Status Check - Keycloak JavaScript CI	Run /./.github/actions/status-check	  "admin-client": {
Status Check - Keycloak JavaScript CI	Run /./.github/actions/status-check	    "result": "success",
Status Check - Keycloak JavaScript CI	Run /./.github/actions/status-check	    "outputs": {}
Status Check - Keycloak JavaScript CI	Run /./.github/actions/status-check	  },
Status Check - Keycloak JavaScript CI	Run /./.github/actions/status-check	  "ui-shared": {
Status Check - Keycloak JavaScript CI	Run /./.github/actions/status-check	    "result": "success",
Status Check - Keycloak JavaScript CI	Run /./.github/actions/status-check	    "outputs": {}
Status Check - Keycloak JavaScript CI	Run /./.github/actions/status-check	  },
Status Check - Keycloak JavaScript CI	Run /./.github/actions/status-check	  "account-ui": {
Status Check - Keycloak JavaScript CI	Run /./.github/actions/status-check	    "result": "success",
Status Check - Keycloak JavaScript CI	Run /./.github/actions/status-check	    "outputs": {}
Status Check - Keycloak JavaScript CI	Run /./.github/actions/status-check	  },
Status Check - Keycloak JavaScript CI	Run /./.github/actions/status-check	  "account-ui-e2e": {
Status Check - Keycloak JavaScript CI	Run /./.github/actions/status-check	    "result": "success",
Status Check - Keycloak JavaScript CI	Run /./.github/actions/status-check	    "outputs": {}
Status Check - Keycloak JavaScript CI	Run /./.github/actions/status-check	  },
Status Check - Keycloak JavaScript CI	Run /./.github/actions/status-check	  "admin-ui": {
Status Check - Keycloak JavaScript CI	Run /./.github/actions/status-check	    "result": "success",
Status Check - Keycloak JavaScript CI	Run /./.github/actions/status-check	    "outputs": {}
Status Check - Keycloak JavaScript CI	Run /./.github/actions/status-check	  },
Status Check - Keycloak JavaScript CI	Run /./.github/actions/status-check	  "admin-ui-e2e": {
Status Check - Keycloak JavaScript CI	Run /./.github/actions/status-check	    "result": "failure",
Status Check - Keycloak JavaScript CI	Run /./.github/actions/status-check	    "outputs": {}
Status Check - Keycloak JavaScript CI	Run /./.github/actions/status-check	  }
Status Check - Keycloak JavaScript CI	Run /./.github/actions/status-check	}
Status Check - Keycloak JavaScript CI	Run /./.github/actions/status-check	2024-10-18T13:50:12.3974003Z env:
Status Check - Keycloak JavaScript CI	Run /./.github/actions/status-check	2024-10-18T13:50:12.3974451Z   MAVEN_ARGS: -B -nsu -Daether.connector.http.connectionMaxTtl=25
Status Check - Keycloak JavaScript CI	Run /./.github/actions/status-check	2024-10-18T13:50:12.3975029Z ##[endgroup]
Status Check - Keycloak JavaScript CI	Run /./.github/actions/status-check	2024-10-18T13:50:12.4233837Z ##[group]Run JOBS='{
Status Check - Keycloak JavaScript CI	Run /./.github/actions/status-check	2024-10-18T13:50:12.4234432Z [36;1mJOBS='{[0m
Status Check - Keycloak JavaScript CI	Run /./.github/actions/status-check	2024-10-18T13:50:12.4234907Z [36;1m  "conditional": {[0m
Status Check - Keycloak JavaScript CI	Run /./.github/actions/status-check	2024-10-18T13:50:12.4235401Z [36;1m    "result": "success",[0m
Status Check - Keycloak JavaScript CI	Run /./.github/actions/status-check	2024-10-18T13:50:12.4235833Z [36;1m    "outputs": {[0m
Status Check - Keycloak JavaScript CI	Run /./.github/actions/status-check	2024-10-18T13:50:12.4236202Z [36;1m      "js-ci": "true"[0m
Status Check - Keycloak JavaScript CI	Run /./.github/actions/status-check	2024-10-18T13:50:12.4236626Z [36;1m    }[0m
Status Check - Keycloak JavaScript CI	Run /./.github/actions/status-check	2024-10-18T13:50:12.4236963Z [36;1m  },[0m
Status Check - Keycloak JavaScript CI	Run /./.github/actions/status-check	2024-10-18T13:50:12.4237258Z [36;1m  "build-keycloak": {[0m
Status Check - Keycloak JavaScript CI	Run /./.github/actions/status-check	2024-10-18T13:50:12.4237747Z [36;1m    "result": "success",[0m
Status Check - Keycloak JavaScript CI	Run /./.github/actions/status-check	2024-10-18T13:50:12.4238164Z [36;1m    "outputs": {}[0m
Status Check - Keycloak JavaScript CI	Run /./.github/actions/status-check	2024-10-18T13:50:12.4238518Z [36;1m  },[0m
Status Check - Keycloak JavaScript CI	Run /./.github/actions/status-check	2024-10-18T13:50:12.4238890Z [36;1m  "admin-client": {[0m
Status Check - Keycloak JavaScript CI	Run /./.github/actions/status-check	2024-10-18T13:50:12.4239291Z [36;1m    "result": "success",[0m
Status Check - Keycloak JavaScript CI	Run /./.github/actions/status-check	2024-10-18T13:50:12.4239689Z [36;1m    "outputs": {}[0m
Status Check - Keycloak JavaScript CI	Run /./.github/actions/status-check	2024-10-18T13:50:12.4240113Z [36;1m  },[0m
Status Check - Keycloak JavaScript CI	Run /./.github/actions/status-check	2024-10-18T13:50:12.4240438Z [36;1m  "ui-shared": {[0m
Status Check - Keycloak JavaScript CI	Run /./.github/actions/status-check	2024-10-18T13:50:12.4240807Z [36;1m    "result": "success",[0m
Status Check - Keycloak JavaScript CI	Run /./.github/actions/status-check	2024-10-18T13:50:12.4241261Z [36;1m    "outputs": {}[0m
Status Check - Keycloak JavaScript CI	Run /./.github/actions/status-check	2024-10-18T13:50:12.4241614Z [36;1m  },[0m
Status Check - Keycloak JavaScript CI	Run /./.github/actions/status-check	2024-10-18T13:50:12.4241930Z [36;1m  "account-ui": {[0m
Status Check - Keycloak JavaScript CI	Run /./.github/actions/status-check	2024-10-18T13:50:12.4242350Z [36;1m    "result": "success",[0m
Status Check - Keycloak JavaScript CI	Run /./.github/actions/status-check	2024-10-18T13:50:12.4242728Z [36;1m    "outputs": {}[0m
Status Check - Keycloak JavaScript CI	Run /./.github/actions/status-check	2024-10-18T13:50:12.4243070Z [36;1m  },[0m
Status Check - Keycloak JavaScript CI	Run /./.github/actions/status-check	2024-10-18T13:50:12.4243451Z [36;1m  "account-ui-e2e": {[0m
Status Check - Keycloak JavaScript CI	Run /./.github/actions/status-check	2024-10-18T13:50:12.4243829Z [36;1m    "result": "success",[0m
Status Check - Keycloak JavaScript CI	Run /./.github/actions/status-check	2024-10-18T13:50:12.4244222Z [36;1m    "outputs": {}[0m
Status Check - Keycloak JavaScript CI	Run /./.github/actions/status-check	2024-10-18T13:50:12.4244605Z [36;1m  },[0m
Status Check - Keycloak JavaScript CI	Run /./.github/actions/status-check	2024-10-18T13:50:12.4244913Z [36;1m  "admin-ui": {[0m
Status Check - Keycloak JavaScript CI	Run /./.github/actions/status-check	2024-10-18T13:50:12.4245298Z [36;1m    "result": "success",[0m
Status Check - Keycloak JavaScript CI	Run /./.github/actions/status-check	2024-10-18T13:50:12.4245730Z [36;1m    "outputs": {}[0m
Status Check - Keycloak JavaScript CI	Run /./.github/actions/status-check	2024-10-18T13:50:12.4246072Z [36;1m  },[0m
Status Check - Keycloak JavaScript CI	Run /./.github/actions/status-check	2024-10-18T13:50:12.4246402Z [36;1m  "admin-ui-e2e": {[0m
Status Check - Keycloak JavaScript CI	Run /./.github/actions/status-check	2024-10-18T13:50:12.4246823Z [36;1m    "result": "failure",[0m
Status Check - Keycloak JavaScript CI	Run /./.github/actions/status-check	2024-10-18T13:50:12.4247209Z [36;1m    "outputs": {}[0m
Status Check - Keycloak JavaScript CI	Run /./.github/actions/status-check	2024-10-18T13:50:12.4247573Z [36;1m  }[0m
Status Check - Keycloak JavaScript CI	Run /./.github/actions/status-check	2024-10-18T13:50:12.4248156Z [36;1m}'[0m
Status Check - Keycloak JavaScript CI	Run /./.github/actions/status-check	2024-10-18T13:50:12.4248487Z [36;1m[0m
Status Check - Keycloak JavaScript CI	Run /./.github/actions/status-check	2024-10-18T13:50:12.4248817Z [36;1mecho "Job status:"[0m
Status Check - Keycloak JavaScript CI	Run /./.github/actions/status-check	2024-10-18T13:50:12.4249430Z [36;1mecho $JOBS | jq -r 'to_entries[] | " - \(.key): \(.value.result)"'[0m
Status Check - Keycloak JavaScript CI	Run /./.github/actions/status-check	2024-10-18T13:50:12.4249967Z [36;1m[0m
Status Check - Keycloak JavaScript CI	Run /./.github/actions/status-check	2024-10-18T13:50:12.4250457Z [36;1mfor i in $(echo $JOBS | jq -r 'to_entries[] | .value.result'); do[0m
Status Check - Keycloak JavaScript CI	Run /./.github/actions/status-check	2024-10-18T13:50:12.4251138Z [36;1m  if [ "$i" != "success" ] && [ "$i" != "skipped" ]; then[0m
Status Check - Keycloak JavaScript CI	Run /./.github/actions/status-check	2024-10-18T13:50:12.4251643Z [36;1m    echo ""[0m
Status Check - Keycloak JavaScript CI	Run /./.github/actions/status-check	2024-10-18T13:50:12.4252033Z [36;1m    echo "Status check not okay!"[0m
Status Check - Keycloak JavaScript CI	Run /./.github/actions/status-check	2024-10-18T13:50:12.4252539Z [36;1m    exit 1[0m
Status Check - Keycloak JavaScript CI	Run /./.github/actions/status-check	2024-10-18T13:50:12.4252852Z [36;1m  fi[0m
Status Check - Keycloak JavaScript CI	Run /./.github/actions/status-check	2024-10-18T13:50:12.4253164Z [36;1mdone[0m
Status Check - Keycloak JavaScript CI	Run /./.github/actions/status-check	2024-10-18T13:50:12.4338197Z shell: /usr/bin/bash --noprofile --norc -e -o pipefail {0}
Status Check - Keycloak JavaScript CI	Run /./.github/actions/status-check	2024-10-18T13:50:12.4339119Z env:
Status Check - Keycloak JavaScript CI	Run /./.github/actions/status-check	2024-10-18T13:50:12.4339663Z   MAVEN_ARGS: -B -nsu -Daether.connector.http.connectionMaxTtl=25
Status Check - Keycloak JavaScript CI	Run /./.github/actions/status-check	2024-10-18T13:50:12.4340525Z ##[endgroup]
Status Check - Keycloak JavaScript CI	Run /./.github/actions/status-check	2024-10-18T13:50:12.4493297Z Job status:
Status Check - Keycloak JavaScript CI	Run /./.github/actions/status-check	2024-10-18T13:50:12.4712599Z  - conditional: success
Status Check - Keycloak JavaScript CI	Run /./.github/actions/status-check	2024-10-18T13:50:12.4713249Z  - build-keycloak: success
Status Check - Keycloak JavaScript CI	Run /./.github/actions/status-check	2024-10-18T13:50:12.4714320Z  - admin-client: success
Status Check - Keycloak JavaScript CI	Run /./.github/actions/status-check	2024-10-18T13:50:12.4714739Z  - ui-shared: success
Status Check - Keycloak JavaScript CI	Run /./.github/actions/status-check	2024-10-18T13:50:12.4715077Z  - account-ui: success
Status Check - Keycloak JavaScript CI	Run /./.github/actions/status-check	2024-10-18T13:50:12.4715582Z  - account-ui-e2e: success
Status Check - Keycloak JavaScript CI	Run /./.github/actions/status-check	2024-10-18T13:50:12.4715974Z  - admin-ui: success
Status Check - Keycloak JavaScript CI	Run /./.github/actions/status-check	2024-10-18T13:50:12.4716309Z  - admin-ui-e2e: failure
Status Check - Keycloak JavaScript CI	Run /./.github/actions/status-check	2024-10-18T13:50:12.4919316Z 
Status Check - Keycloak JavaScript CI	Run /./.github/actions/status-check	2024-10-18T13:50:12.4919534Z Status check not okay!
Status Check - Keycloak JavaScript CI	Run /./.github/actions/status-check	2024-10-18T13:50:12.4933684Z ##[error]Process completed with exit code 1.
