FIPS IT (non-strict)	Run base tests	2025-04-22T10:36:11.7974932Z ##[group]Run docker run --rm --workdir /github/workspace -e "SUREFIRE_RERUN_FAILING_COUNT" -v "/home/runner/work/keycloak/keycloak":"/github/workspace" -v "$HOME/.m2":"/root/.m2" registry.access.redhat.com/ubi8/ubi:latest .github/scripts/run-fips-it.sh non-strict
FIPS IT (non-strict)	Run base tests	2025-04-22T10:36:11.7976721Z [36;1mdocker run --rm --workdir /github/workspace -e "SUREFIRE_RERUN_FAILING_COUNT" -v "/home/runner/work/keycloak/keycloak":"/github/workspace" -v "$HOME/.m2":"/root/.m2" registry.access.redhat.com/ubi8/ubi:latest .github/scripts/run-fips-it.sh non-strict[0m
FIPS IT (non-strict)	Run base tests	2025-04-22T10:36:11.8007379Z shell: /usr/bin/bash --noprofile --norc -e -o pipefail {0}
FIPS IT (non-strict)	Run base tests	2025-04-22T10:36:11.8007742Z env:
FIPS IT (non-strict)	Run base tests	2025-04-22T10:36:11.8008041Z   MAVEN_ARGS: -B -nsu -Daether.connector.http.connectionMaxTtl=25
FIPS IT (non-strict)	Run base tests	2025-04-22T10:36:11.8008605Z   SUREFIRE_RERUN_FAILING_COUNT: 2
FIPS IT (non-strict)	Run base tests	2025-04-22T10:36:11.8008922Z   SUREFIRE_RETRY: -Dsurefire.rerunFailingTestsCount=2
FIPS IT (non-strict)	Run base tests	2025-04-22T10:36:11.8009375Z   JAVA_HOME: /opt/hostedtoolcache/Java_Temurin-Hotspot_jdk/21.0.7-6/x64
FIPS IT (non-strict)	Run base tests	2025-04-22T10:36:11.8009887Z   JAVA_HOME_21_X64: /opt/hostedtoolcache/Java_Temurin-Hotspot_jdk/21.0.7-6/x64
FIPS IT (non-strict)	Run base tests	2025-04-22T10:36:11.8010256Z ##[endgroup]
FIPS IT (non-strict)	Run base tests	2025-04-22T10:36:11.8868037Z Unable to find image 'registry.access.redhat.com/ubi8/ubi:latest' locally
FIPS IT (non-strict)	Run base tests	2025-04-22T10:36:12.3755571Z latest: Pulling from ubi8/ubi
FIPS IT (non-strict)	Run base tests	2025-04-22T10:36:12.5023306Z 11102654476d: Pulling fs layer
FIPS IT (non-strict)	Run base tests	2025-04-22T10:36:13.8479607Z 11102654476d: Verifying Checksum
FIPS IT (non-strict)	Run base tests	2025-04-22T10:36:13.8480139Z 11102654476d: Download complete
FIPS IT (non-strict)	Run base tests	2025-04-22T10:36:16.5598422Z 11102654476d: Pull complete
FIPS IT (non-strict)	Run base tests	2025-04-22T10:36:16.5646547Z Digest: sha256:8bd1b6306f8164de7fb0974031a0f903bd3ab3e6bcab835854d3d9a1a74ea5db
FIPS IT (non-strict)	Run base tests	2025-04-22T10:36:16.5658921Z Status: Downloaded newer image for registry.access.redhat.com/ubi8/ubi:latest
FIPS IT (non-strict)	Run base tests	2025-04-22T10:36:19.4475636Z + dnf install -y java-21-openjdk-devel
FIPS IT (non-strict)	Run base tests	2025-04-22T10:36:19.7347479Z Updating Subscription Management repositories.
FIPS IT (non-strict)	Run base tests	2025-04-22T10:36:19.7348654Z Unable to read consumer identity
FIPS IT (non-strict)	Run base tests	2025-04-22T10:36:19.7407715Z 
FIPS IT (non-strict)	Run base tests	2025-04-22T10:36:19.7408431Z This system is not registered with an entitlement server. You can use subscription-manager to register.
FIPS IT (non-strict)	Run base tests	2025-04-22T10:36:19.7409157Z 
FIPS IT (non-strict)	Run base tests	2025-04-22T10:36:20.0349135Z Red Hat Universal Base Image 8 (RPMs) - BaseOS  2.8 MB/s | 732 kB     00:00    
FIPS IT (non-strict)	Run base tests	2025-04-22T10:36:20.2229869Z Red Hat Universal Base Image 8 (RPMs) - AppStre  46 MB/s | 3.4 MB     00:00    
FIPS IT (non-strict)	Run base tests	2025-04-22T10:36:20.8006742Z Red Hat Universal Base Image 8 (RPMs) - CodeRea 3.1 MB/s | 187 kB     00:00    
FIPS IT (non-strict)	Run base tests	2025-04-22T10:36:21.0737186Z Dependencies resolved.
FIPS IT (non-strict)	Run base tests	2025-04-22T10:36:21.0811748Z =================================================================================================
FIPS IT (non-strict)	Run base tests	2025-04-22T10:36:21.0812777Z  Package                     Arch    Version                          Repository             Size
FIPS IT (non-strict)	Run base tests	2025-04-22T10:36:21.0813678Z =================================================================================================
FIPS IT (non-strict)	Run base tests	2025-04-22T10:36:21.0814372Z Installing:
FIPS IT (non-strict)	Run base tests	2025-04-22T10:36:21.0815206Z  java-21-openjdk-devel       x86_64  1:21.0.7.0.6-1.el8               ubi-8-appstream-rpms  5.2 M
FIPS IT (non-strict)	Run base tests	2025-04-22T10:36:21.0816226Z Installing dependencies:
FIPS IT (non-strict)	Run base tests	2025-04-22T10:36:21.0817053Z  adwaita-cursor-theme        noarch  3.28.0-3.el8                     ubi-8-appstream-rpms  647 k
FIPS IT (non-strict)	Run base tests	2025-04-22T10:36:21.0818131Z  adwaita-icon-theme          noarch  3.28.0-3.el8                     ubi-8-appstream-rpms   11 M
FIPS IT (non-strict)	Run base tests	2025-04-22T10:36:21.0819052Z  alsa-lib                    x86_64  1.2.10-2.el8                     ubi-8-appstream-rpms  501 k
FIPS IT (non-strict)	Run base tests	2025-04-22T10:36:21.0819876Z  at-spi2-atk                 x86_64  2.26.2-1.el8                     ubi-8-appstream-rpms   89 k
FIPS IT (non-strict)	Run base tests	2025-04-22T10:36:21.0820916Z  at-spi2-core                x86_64  2.28.0-1.el8                     ubi-8-appstream-rpms  169 k
FIPS IT (non-strict)	Run base tests	2025-04-22T10:36:21.0821601Z  atk                         x86_64  2.28.1-1.el8                     ubi-8-appstream-rpms  272 k
FIPS IT (non-strict)	Run base tests	2025-04-22T10:36:21.0822446Z  avahi-libs                  x86_64  0.7-27.el8_10.1                  ubi-8-baseos-rpms      62 k
FIPS IT (non-strict)	Run base tests	2025-04-22T10:36:21.0823081Z  cairo                       x86_64  1.15.12-6.el8                    ubi-8-appstream-rpms  719 k
FIPS IT (non-strict)	Run base tests	2025-04-22T10:36:21.0823917Z  cairo-gobject               x86_64  1.15.12-6.el8                    ubi-8-appstream-rpms   33 k
FIPS IT (non-strict)	Run base tests	2025-04-22T10:36:21.0824480Z  colord-libs                 x86_64  1.4.2-1.el8                      ubi-8-appstream-rpms  236 k
FIPS IT (non-strict)	Run base tests	2025-04-22T10:36:21.0825053Z  copy-jdk-configs            noarch  4.0-2.el8                        ubi-8-appstream-rpms   31 k
FIPS IT (non-strict)	Run base tests	2025-04-22T10:36:21.0825629Z  cups-libs                   x86_64  1:2.2.6-62.el8_10                ubi-8-baseos-rpms     438 k
FIPS IT (non-strict)	Run base tests	2025-04-22T10:36:21.0826213Z  dejavu-fonts-common         noarch  2.35-7.el8                       ubi-8-baseos-rpms      74 k
FIPS IT (non-strict)	Run base tests	2025-04-22T10:36:21.0826850Z  dejavu-sans-mono-fonts      noarch  2.35-7.el8                       ubi-8-baseos-rpms     447 k
FIPS IT (non-strict)	Run base tests	2025-04-22T10:36:21.0827618Z  fontconfig                  x86_64  2.13.1-4.el8                     ubi-8-baseos-rpms     274 k
FIPS IT (non-strict)	Run base tests	2025-04-22T10:36:21.0828199Z  fontpackages-filesystem     noarch  1.44-22.el8                      ubi-8-baseos-rpms      16 k
FIPS IT (non-strict)	Run base tests	2025-04-22T10:36:21.0828696Z  freetype                    x86_64  2.9.1-10.el8_10                  ubi-8-baseos-rpms     394 k
FIPS IT (non-strict)	Run base tests	2025-04-22T10:36:21.0829133Z  fribidi                     x86_64  1.0.4-9.el8                      ubi-8-appstream-rpms   89 k
FIPS IT (non-strict)	Run base tests	2025-04-22T10:36:21.0829570Z  gdk-pixbuf2                 x86_64  2.36.12-6.el8_10                 ubi-8-baseos-rpms     466 k
FIPS IT (non-strict)	Run base tests	2025-04-22T10:36:21.0830089Z  gdk-pixbuf2-modules         x86_64  2.36.12-6.el8_10                 ubi-8-appstream-rpms  109 k
FIPS IT (non-strict)	Run base tests	2025-04-22T10:36:21.0830800Z  glib-networking             x86_64  2.56.1-1.1.el8                   ubi-8-baseos-rpms     155 k
FIPS IT (non-strict)	Run base tests	2025-04-22T10:36:21.0831271Z  graphite2                   x86_64  1.3.10-10.el8                    ubi-8-appstream-rpms  122 k
FIPS IT (non-strict)	Run base tests	2025-04-22T10:36:21.0831801Z  gsettings-desktop-schemas   x86_64  3.32.0-6.el8                     ubi-8-baseos-rpms     633 k
FIPS IT (non-strict)	Run base tests	2025-04-22T10:36:21.0832341Z  gtk-update-icon-cache       x86_64  3.22.30-12.el8_10                ubi-8-appstream-rpms   32 k
FIPS IT (non-strict)	Run base tests	2025-04-22T10:36:21.0832830Z  harfbuzz                    x86_64  1.7.5-4.el8                      ubi-8-appstream-rpms  296 k
FIPS IT (non-strict)	Run base tests	2025-04-22T10:36:21.0833302Z  hicolor-icon-theme          noarch  0.17-2.el8                       ubi-8-appstream-rpms   48 k
FIPS IT (non-strict)	Run base tests	2025-04-22T10:36:21.0833786Z  jasper-libs                 x86_64  2.0.14-6.el8_10                  ubi-8-appstream-rpms  167 k
FIPS IT (non-strict)	Run base tests	2025-04-22T10:36:21.0834293Z  java-21-openjdk             x86_64  1:21.0.7.0.6-1.el8               ubi-8-appstream-rpms  419 k
FIPS IT (non-strict)	Run base tests	2025-04-22T10:36:21.0834812Z  java-21-openjdk-headless    x86_64  1:21.0.7.0.6-1.el8               ubi-8-appstream-rpms   50 M
FIPS IT (non-strict)	Run base tests	2025-04-22T10:36:21.0835389Z  javapackages-filesystem     noarch  5.3.0-1.module+el8+2447+6f56d9a6 ubi-8-appstream-rpms   30 k
FIPS IT (non-strict)	Run base tests	2025-04-22T10:36:21.0835937Z  jbigkit-libs                x86_64  2.1-14.el8                       ubi-8-appstream-rpms   55 k
FIPS IT (non-strict)	Run base tests	2025-04-22T10:36:21.0836387Z  lcms2                       x86_64  2.9-2.el8                        ubi-8-appstream-rpms  165 k
FIPS IT (non-strict)	Run base tests	2025-04-22T10:36:21.0836821Z  libX11                      x86_64  1.6.8-9.el8_10                   ubi-8-appstream-rpms  612 k
FIPS IT (non-strict)	Run base tests	2025-04-22T10:36:21.0837275Z  libX11-common               noarch  1.6.8-9.el8_10                   ubi-8-appstream-rpms  159 k
FIPS IT (non-strict)	Run base tests	2025-04-22T10:36:21.0837733Z  libXau                      x86_64  1.0.9-3.el8                      ubi-8-appstream-rpms   37 k
FIPS IT (non-strict)	Run base tests	2025-04-22T10:36:21.0838176Z  libXcomposite               x86_64  0.4.4-14.el8                     ubi-8-appstream-rpms   29 k
FIPS IT (non-strict)	Run base tests	2025-04-22T10:36:21.0838644Z  libXcursor                  x86_64  1.1.15-3.el8                     ubi-8-appstream-rpms   36 k
FIPS IT (non-strict)	Run base tests	2025-04-22T10:36:21.0839092Z  libXdamage                  x86_64  1.1.4-14.el8                     ubi-8-appstream-rpms   27 k
FIPS IT (non-strict)	Run base tests	2025-04-22T10:36:21.0839541Z  libXext                     x86_64  1.3.4-1.el8                      ubi-8-appstream-rpms   45 k
FIPS IT (non-strict)	Run base tests	2025-04-22T10:36:21.0839979Z  libXfixes                   x86_64  5.0.3-7.el8                      ubi-8-appstream-rpms   25 k
FIPS IT (non-strict)	Run base tests	2025-04-22T10:36:21.0840909Z  libXft                      x86_64  2.3.3-1.el8                      ubi-8-appstream-rpms   67 k
FIPS IT (non-strict)	Run base tests	2025-04-22T10:36:21.0841336Z  libXi                       x86_64  1.7.10-1.el8                     ubi-8-appstream-rpms   49 k
FIPS IT (non-strict)	Run base tests	2025-04-22T10:36:21.0841771Z  libXinerama                 x86_64  1.1.4-1.el8                      ubi-8-appstream-rpms   16 k
FIPS IT (non-strict)	Run base tests	2025-04-22T10:36:21.0842224Z  libXrandr                   x86_64  1.5.2-1.el8                      ubi-8-appstream-rpms   34 k
FIPS IT (non-strict)	Run base tests	2025-04-22T10:36:21.0842669Z  libXrender                  x86_64  0.9.10-7.el8                     ubi-8-appstream-rpms   33 k
FIPS IT (non-strict)	Run base tests	2025-04-22T10:36:21.0843108Z  libXtst                     x86_64  1.2.3-7.el8                      ubi-8-appstream-rpms   22 k
FIPS IT (non-strict)	Run base tests	2025-04-22T10:36:21.0843859Z  libdatrie                   x86_64  0.2.9-7.el8                      ubi-8-appstream-rpms   33 k
FIPS IT (non-strict)	Run base tests	2025-04-22T10:36:21.0844297Z  libepoxy                    x86_64  1.5.8-1.el8                      ubi-8-appstream-rpms  225 k
FIPS IT (non-strict)	Run base tests	2025-04-22T10:36:21.0844784Z  libfontenc                  x86_64  1.1.3-8.el8                      ubi-8-appstream-rpms   37 k
FIPS IT (non-strict)	Run base tests	2025-04-22T10:36:21.0845212Z  libgusb                     x86_64  0.3.0-1.el8                      ubi-8-baseos-rpms      49 k
FIPS IT (non-strict)	Run base tests	2025-04-22T10:36:21.0845667Z  libjpeg-turbo               x86_64  1.5.3-12.el8                     ubi-8-appstream-rpms  157 k
FIPS IT (non-strict)	Run base tests	2025-04-22T10:36:21.0846121Z  libmodman                   x86_64  2.0.1-17.el8                     ubi-8-baseos-rpms      36 k
FIPS IT (non-strict)	Run base tests	2025-04-22T10:36:21.0846563Z  libpkgconf                  x86_64  1.4.2-1.el8                      ubi-8-baseos-rpms      35 k
FIPS IT (non-strict)	Run base tests	2025-04-22T10:36:21.0846999Z  libpng                      x86_64  2:1.6.34-5.el8                   ubi-8-baseos-rpms     126 k
FIPS IT (non-strict)	Run base tests	2025-04-22T10:36:21.0847468Z  libproxy                    x86_64  0.4.15-5.5.el8_10                ubi-8-baseos-rpms      73 k
FIPS IT (non-strict)	Run base tests	2025-04-22T10:36:21.0847901Z  libsoup                     x86_64  2.62.3-7.el8_10                  ubi-8-baseos-rpms     426 k
FIPS IT (non-strict)	Run base tests	2025-04-22T10:36:21.0848325Z  libthai                     x86_64  0.1.27-2.el8                     ubi-8-appstream-rpms  203 k
FIPS IT (non-strict)	Run base tests	2025-04-22T10:36:21.0848748Z  libtiff                     x86_64  4.0.9-33.el8_10                  ubi-8-appstream-rpms  190 k
FIPS IT (non-strict)	Run base tests	2025-04-22T10:36:21.0849950Z  libwayland-client           x86_64  1.21.0-1.el8                     ubi-8-appstream-rpms   41 k
FIPS IT (non-strict)	Run base tests	2025-04-22T10:36:21.0851100Z  libwayland-cursor           x86_64  1.21.0-1.el8                     ubi-8-appstream-rpms   26 k
FIPS IT (non-strict)	Run base tests	2025-04-22T10:36:21.0851971Z  libwayland-egl              x86_64  1.21.0-1.el8                     ubi-8-appstream-rpms   20 k
FIPS IT (non-strict)	Run base tests	2025-04-22T10:36:21.0852652Z  libxcb                      x86_64  1.13.1-1.el8                     ubi-8-appstream-rpms  229 k
FIPS IT (non-strict)	Run base tests	2025-04-22T10:36:21.0853129Z  libxkbcommon                x86_64  0.9.1-1.el8                      ubi-8-appstream-rpms  116 k
FIPS IT (non-strict)	Run base tests	2025-04-22T10:36:21.0853597Z  lksctp-tools                x86_64  1.0.18-3.el8                     ubi-8-baseos-rpms     100 k
FIPS IT (non-strict)	Run base tests	2025-04-22T10:36:21.0854036Z  lua                         x86_64  5.3.4-12.el8                     ubi-8-appstream-rpms  192 k
FIPS IT (non-strict)	Run base tests	2025-04-22T10:36:21.0854433Z  nspr                        x86_64  4.35.0-1.el8_8                   ubi-8-appstream-rpms  143 k
FIPS IT (non-strict)	Run base tests	2025-04-22T10:36:21.0854835Z  nss                         x86_64  3.101.0-11.el8_8                 ubi-8-appstream-rpms  766 k
FIPS IT (non-strict)	Run base tests	2025-04-22T10:36:21.0855287Z  nss-softokn                 x86_64  3.101.0-11.el8_8                 ubi-8-appstream-rpms  532 k
FIPS IT (non-strict)	Run base tests	2025-04-22T10:36:21.0855774Z  nss-softokn-freebl          x86_64  3.101.0-11.el8_8                 ubi-8-appstream-rpms  392 k
FIPS IT (non-strict)	Run base tests	2025-04-22T10:36:21.0856267Z  nss-sysinit                 x86_64  3.101.0-11.el8_8                 ubi-8-appstream-rpms   77 k
FIPS IT (non-strict)	Run base tests	2025-04-22T10:36:21.0856731Z  nss-util                    x86_64  3.101.0-11.el8_8                 ubi-8-appstream-rpms  143 k
FIPS IT (non-strict)	Run base tests	2025-04-22T10:36:21.0857172Z  pango                       x86_64  1.42.4-8.el8                     ubi-8-appstream-rpms  297 k
FIPS IT (non-strict)	Run base tests	2025-04-22T10:36:21.0857800Z  pixman                      x86_64  0.38.4-4.el8                     ubi-8-appstream-rpms  258 k
FIPS IT (non-strict)	Run base tests	2025-04-22T10:36:21.0858236Z  pkgconf                     x86_64  1.4.2-1.el8                      ubi-8-baseos-rpms      38 k
FIPS IT (non-strict)	Run base tests	2025-04-22T10:36:21.0859054Z  pkgconf-m4                  noarch  1.4.2-1.el8                      ubi-8-baseos-rpms      17 k
FIPS IT (non-strict)	Run base tests	2025-04-22T10:36:21.0859884Z  pkgconf-pkg-config          x86_64  1.4.2-1.el8                      ubi-8-baseos-rpms      15 k
FIPS IT (non-strict)	Run base tests	2025-04-22T10:36:21.0860642Z  rest                        x86_64  0.8.1-2.el8                      ubi-8-appstream-rpms   71 k
FIPS IT (non-strict)	Run base tests	2025-04-22T10:36:21.0861156Z  shared-mime-info            x86_64  1.9-4.el8                        ubi-8-baseos-rpms     329 k
FIPS IT (non-strict)	Run base tests	2025-04-22T10:36:21.0861802Z  ttmkfdir                    x86_64  3.0.9-54.el8                     ubi-8-appstream-rpms   62 k
FIPS IT (non-strict)	Run base tests	2025-04-22T10:36:21.0862278Z  tzdata-java                 noarch  2025b-1.el8                      ubi-8-appstream-rpms  187 k
FIPS IT (non-strict)	Run base tests	2025-04-22T10:36:21.0862789Z  xkeyboard-config            noarch  2.28-1.el8                       ubi-8-appstream-rpms  782 k
FIPS IT (non-strict)	Run base tests	2025-04-22T10:36:21.0863297Z  xorg-x11-font-utils         x86_64  1:7.5-41.el8                     ubi-8-appstream-rpms  104 k
FIPS IT (non-strict)	Run base tests	2025-04-22T10:36:21.0863802Z  xorg-x11-fonts-Type1        noarch  7.5-19.el8                       ubi-8-appstream-rpms  522 k
FIPS IT (non-strict)	Run base tests	2025-04-22T10:36:21.0864214Z Installing weak dependencies:
FIPS IT (non-strict)	Run base tests	2025-04-22T10:36:21.0864634Z  abattis-cantarell-fonts     noarch  0.0.25-6.el8                     ubi-8-appstream-rpms  156 k
FIPS IT (non-strict)	Run base tests	2025-04-22T10:36:21.0865127Z  dconf                       x86_64  0.28.0-4.el8                     ubi-8-appstream-rpms  108 k
FIPS IT (non-strict)	Run base tests	2025-04-22T10:36:21.0865547Z  gtk3                        x86_64  3.22.30-12.el8_10                ubi-8-appstream-rpms  4.5 M
FIPS IT (non-strict)	Run base tests	2025-04-22T10:36:21.0865892Z Enabling module streams:
FIPS IT (non-strict)	Run base tests	2025-04-22T10:36:21.0866243Z  javapackages-runtime                201801                                                      
FIPS IT (non-strict)	Run base tests	2025-04-22T10:36:21.0866538Z 
FIPS IT (non-strict)	Run base tests	2025-04-22T10:36:21.0866632Z Transaction Summary
FIPS IT (non-strict)	Run base tests	2025-04-22T10:36:21.0866875Z =================================================================================================
FIPS IT (non-strict)	Run base tests	2025-04-22T10:36:21.0867177Z Install  87 Packages
FIPS IT (non-strict)	Run base tests	2025-04-22T10:36:21.0867313Z 
FIPS IT (non-strict)	Run base tests	2025-04-22T10:36:21.0867428Z Total download size: 87 M
FIPS IT (non-strict)	Run base tests	2025-04-22T10:36:21.0867661Z Installed size: 312 M
FIPS IT (non-strict)	Run base tests	2025-04-22T10:36:21.0867885Z Downloading Packages:
FIPS IT (non-strict)	Run base tests	2025-04-22T10:36:21.1236940Z (1/87): dejavu-fonts-common-2.35-7.el8.noarch.r 2.4 MB/s |  74 kB     00:00    
FIPS IT (non-strict)	Run base tests	2025-04-22T10:36:21.1274281Z (2/87): avahi-libs-0.7-27.el8_10.1.x86_64.rpm   1.8 MB/s |  62 kB     00:00    
FIPS IT (non-strict)	Run base tests	2025-04-22T10:36:21.1304952Z (3/87): cups-libs-2.2.6-62.el8_10.x86_64.rpm     11 MB/s | 438 kB     00:00    
FIPS IT (non-strict)	Run base tests	2025-04-22T10:36:21.1353222Z (4/87): dejavu-sans-mono-fonts-2.35-7.el8.noarc  39 MB/s | 447 kB     00:00    
FIPS IT (non-strict)	Run base tests	2025-04-22T10:36:21.1365331Z (5/87): fontpackages-filesystem-1.44-22.el8.noa 2.7 MB/s |  16 kB     00:00    
FIPS IT (non-strict)	Run base tests	2025-04-22T10:36:21.1392693Z (6/87): fontconfig-2.13.1-4.el8.x86_64.rpm       23 MB/s | 274 kB     00:00    
FIPS IT (non-strict)	Run base tests	2025-04-22T10:36:21.1437064Z (7/87): freetype-2.9.1-10.el8_10.x86_64.rpm      48 MB/s | 394 kB     00:00    
FIPS IT (non-strict)	Run base tests	2025-04-22T10:36:21.1465782Z (8/87): gdk-pixbuf2-2.36.12-6.el8_10.x86_64.rpm  47 MB/s | 466 kB     00:00    
FIPS IT (non-strict)	Run base tests	2025-04-22T10:36:21.1483423Z (9/87): glib-networking-2.56.1-1.1.el8.x86_64.r  18 MB/s | 155 kB     00:00    
FIPS IT (non-strict)	Run base tests	2025-04-22T10:36:21.1509635Z (10/87): libgusb-0.3.0-1.el8.x86_64.rpm          12 MB/s |  49 kB     00:00    
FIPS IT (non-strict)	Run base tests	2025-04-22T10:36:21.1526677Z (11/87): libmodman-2.0.1-17.el8.x86_64.rpm      8.6 MB/s |  36 kB     00:00    
FIPS IT (non-strict)	Run base tests	2025-04-22T10:36:21.1562436Z (12/87): gsettings-desktop-schemas-3.32.0-6.el8  51 MB/s | 633 kB     00:00    
FIPS IT (non-strict)	Run base tests	2025-04-22T10:36:21.1578736Z (13/87): libpkgconf-1.4.2-1.el8.x86_64.rpm      5.2 MB/s |  35 kB     00:00    
FIPS IT (non-strict)	Run base tests	2025-04-22T10:36:21.1598725Z (14/87): libpng-1.6.34-5.el8.x86_64.rpm          18 MB/s | 126 kB     00:00    
FIPS IT (non-strict)	Run base tests	2025-04-22T10:36:21.1620034Z (15/87): libproxy-0.4.15-5.5.el8_10.x86_64.rpm   14 MB/s |  73 kB     00:00    
FIPS IT (non-strict)	Run base tests	2025-04-22T10:36:21.1661358Z (16/87): libsoup-2.62.3-7.el8_10.x86_64.rpm      53 MB/s | 426 kB     00:00    
FIPS IT (non-strict)	Run base tests	2025-04-22T10:36:21.1676912Z (17/87): pkgconf-1.4.2-1.el8.x86_64.rpm         6.8 MB/s |  38 kB     00:00    
FIPS IT (non-strict)	Run base tests	2025-04-22T10:36:21.1712954Z (18/87): lksctp-tools-1.0.18-3.el8.x86_64.rpm   8.7 MB/s | 100 kB     00:00    
FIPS IT (non-strict)	Run base tests	2025-04-22T10:36:21.1725367Z (19/87): pkgconf-m4-1.4.2-1.el8.noarch.rpm      2.8 MB/s |  17 kB     00:00    
FIPS IT (non-strict)	Run base tests	2025-04-22T10:36:21.1734513Z (20/87): pkgconf-pkg-config-1.4.2-1.el8.x86_64. 2.8 MB/s |  15 kB     00:00    
FIPS IT (non-strict)	Run base tests	2025-04-22T10:36:21.1790317Z (21/87): shared-mime-info-1.9-4.el8.x86_64.rpm   44 MB/s | 329 kB     00:00    
FIPS IT (non-strict)	Run base tests	2025-04-22T10:36:21.1814084Z (22/87): abattis-cantarell-fonts-0.0.25-6.el8.n  20 MB/s | 156 kB     00:00    
FIPS IT (non-strict)	Run base tests	2025-04-22T10:36:21.1870197Z (23/87): adwaita-cursor-theme-3.28.0-3.el8.noar  48 MB/s | 647 kB     00:00    
FIPS IT (non-strict)	Run base tests	2025-04-22T10:36:21.1891535Z (24/87): at-spi2-atk-2.26.2-1.el8.x86_64.rpm     12 MB/s |  89 kB     00:00    
FIPS IT (non-strict)	Run base tests	2025-04-22T10:36:21.1966171Z (25/87): atk-2.28.1-1.el8.x86_64.rpm             37 MB/s | 272 kB     00:00    
FIPS IT (non-strict)	Run base tests	2025-04-22T10:36:21.1988932Z (26/87): at-spi2-core-2.28.0-1.el8.x86_64.rpm    15 MB/s | 169 kB     00:00    
FIPS IT (non-strict)	Run base tests	2025-04-22T10:36:21.2079408Z (27/87): cairo-1.15.12-6.el8.x86_64.rpm          64 MB/s | 719 kB     00:00    
FIPS IT (non-strict)	Run base tests	2025-04-22T10:36:21.2093434Z (28/87): cairo-gobject-1.15.12-6.el8.x86_64.rpm 3.2 MB/s |  33 kB     00:00    
FIPS IT (non-strict)	Run base tests	2025-04-22T10:36:21.2144180Z (29/87): colord-libs-1.4.2-1.el8.x86_64.rpm      38 MB/s | 236 kB     00:00    
FIPS IT (non-strict)	Run base tests	2025-04-22T10:36:21.2169124Z (30/87): copy-jdk-configs-4.0-2.el8.noarch.rpm  4.2 MB/s |  31 kB     00:00    
FIPS IT (non-strict)	Run base tests	2025-04-22T10:36:21.2226266Z (31/87): graphite2-1.3.10-10.el8.x86_64.rpm      22 MB/s | 122 kB     00:00    
FIPS IT (non-strict)	Run base tests	2025-04-22T10:36:21.2249834Z (32/87): dconf-0.28.0-4.el8.x86_64.rpm           10 MB/s | 108 kB     00:00    
FIPS IT (non-strict)	Run base tests	2025-04-22T10:36:21.2294166Z (33/87): javapackages-filesystem-5.3.0-1.module 7.3 MB/s |  30 kB     00:00    
FIPS IT (non-strict)	Run base tests	2025-04-22T10:36:21.2307868Z (34/87): hicolor-icon-theme-0.17-2.el8.noarch.r 6.1 MB/s |  48 kB     00:00    
FIPS IT (non-strict)	Run base tests	2025-04-22T10:36:21.2349367Z (35/87): jbigkit-libs-2.1-14.el8.x86_64.rpm      10 MB/s |  55 kB     00:00    
FIPS IT (non-strict)	Run base tests	2025-04-22T10:36:21.2381461Z (36/87): lcms2-2.9-2.el8.x86_64.rpm              23 MB/s | 165 kB     00:00    
FIPS IT (non-strict)	Run base tests	2025-04-22T10:36:21.2407350Z (37/87): libXau-1.0.9-3.el8.x86_64.rpm          6.7 MB/s |  37 kB     00:00    
FIPS IT (non-strict)	Run base tests	2025-04-22T10:36:21.2423889Z (38/87): libXcomposite-0.4.4-14.el8.x86_64.rpm  7.0 MB/s |  29 kB     00:00    
FIPS IT (non-strict)	Run base tests	2025-04-22T10:36:21.2453507Z (39/87): libXcursor-1.1.15-3.el8.x86_64.rpm     8.3 MB/s |  36 kB     00:00    
FIPS IT (non-strict)	Run base tests	2025-04-22T10:36:21.2494350Z (40/87): libXdamage-1.1.4-14.el8.x86_64.rpm     3.9 MB/s |  27 kB     00:00    
FIPS IT (non-strict)	Run base tests	2025-04-22T10:36:21.2512064Z (41/87): libXext-1.3.4-1.el8.x86_64.rpm         8.1 MB/s |  45 kB     00:00    
FIPS IT (non-strict)	Run base tests	2025-04-22T10:36:21.2542071Z (42/87): libXfixes-5.0.3-7.el8.x86_64.rpm       5.7 MB/s |  25 kB     00:00    
FIPS IT (non-strict)	Run base tests	2025-04-22T10:36:21.2567332Z (43/87): libXft-2.3.3-1.el8.x86_64.rpm           13 MB/s |  67 kB     00:00    
FIPS IT (non-strict)	Run base tests	2025-04-22T10:36:21.2585836Z (44/87): libXi-1.7.10-1.el8.x86_64.rpm           12 MB/s |  49 kB     00:00    
FIPS IT (non-strict)	Run base tests	2025-04-22T10:36:21.2611216Z (45/87): libXinerama-1.1.4-1.el8.x86_64.rpm     3.8 MB/s |  16 kB     00:00    
FIPS IT (non-strict)	Run base tests	2025-04-22T10:36:21.2631648Z (46/87): libXrandr-1.5.2-1.el8.x86_64.rpm       7.8 MB/s |  34 kB     00:00    
FIPS IT (non-strict)	Run base tests	2025-04-22T10:36:21.2657898Z (47/87): libXrender-0.9.10-7.el8.x86_64.rpm     7.4 MB/s |  33 kB     00:00    
FIPS IT (non-strict)	Run base tests	2025-04-22T10:36:21.2674603Z (48/87): libXtst-1.2.3-7.el8.x86_64.rpm         5.4 MB/s |  22 kB     00:00    
FIPS IT (non-strict)	Run base tests	2025-04-22T10:36:21.2704093Z (49/87): libdatrie-0.2.9-7.el8.x86_64.rpm       7.6 MB/s |  33 kB     00:00    
FIPS IT (non-strict)	Run base tests	2025-04-22T10:36:21.2736494Z (50/87): libepoxy-1.5.8-1.el8.x86_64.rpm         38 MB/s | 225 kB     00:00    
FIPS IT (non-strict)	Run base tests	2025-04-22T10:36:21.2752728Z (51/87): libfontenc-1.1.3-8.el8.x86_64.rpm      8.1 MB/s |  37 kB     00:00    
FIPS IT (non-strict)	Run base tests	2025-04-22T10:36:21.2798700Z (52/87): libjpeg-turbo-1.5.3-12.el8.x86_64.rpm   26 MB/s | 157 kB     00:00    
FIPS IT (non-strict)	Run base tests	2025-04-22T10:36:21.2832186Z (53/87): libthai-0.1.27-2.el8.x86_64.rpm         26 MB/s | 203 kB     00:00    
FIPS IT (non-strict)	Run base tests	2025-04-22T10:36:21.2870880Z (54/87): libxcb-1.13.1-1.el8.x86_64.rpm          33 MB/s | 229 kB     00:00    
FIPS IT (non-strict)	Run base tests	2025-04-22T10:36:21.2894361Z (55/87): libxkbcommon-0.9.1-1.el8.x86_64.rpm     19 MB/s | 116 kB     00:00    
FIPS IT (non-strict)	Run base tests	2025-04-22T10:36:21.2934244Z (56/87): lua-5.3.4-12.el8.x86_64.rpm             33 MB/s | 192 kB     00:00    
FIPS IT (non-strict)	Run base tests	2025-04-22T10:36:21.2973314Z (57/87): pango-1.42.4-8.el8.x86_64.rpm           39 MB/s | 297 kB     00:00    
FIPS IT (non-strict)	Run base tests	2025-04-22T10:36:21.2991913Z (58/87): rest-0.8.1-2.el8.x86_64.rpm             13 MB/s |  71 kB     00:00    
FIPS IT (non-strict)	Run base tests	2025-04-22T10:36:21.3020983Z (59/87): ttmkfdir-3.0.9-54.el8.x86_64.rpm        14 MB/s |  62 kB     00:00    
FIPS IT (non-strict)	Run base tests	2025-04-22T10:36:21.3314361Z (60/87): adwaita-icon-theme-3.28.0-3.el8.noarch  75 MB/s |  11 MB     00:00    
FIPS IT (non-strict)	Run base tests	2025-04-22T10:36:21.3337729Z (61/87): xorg-x11-font-utils-7.5-41.el8.x86_64. 3.2 MB/s | 104 kB     00:00    
FIPS IT (non-strict)	Run base tests	2025-04-22T10:36:21.3387159Z (62/87): xkeyboard-config-2.28-1.el8.noarch.rpm  20 MB/s | 782 kB     00:00    
FIPS IT (non-strict)	Run base tests	2025-04-22T10:36:21.3443124Z (63/87): xorg-x11-fonts-Type1-7.5-19.el8.noarch  41 MB/s | 522 kB     00:00    
FIPS IT (non-strict)	Run base tests	2025-04-22T10:36:21.3467868Z (64/87): alsa-lib-1.2.10-2.el8.x86_64.rpm        39 MB/s | 501 kB     00:00    
FIPS IT (non-strict)	Run base tests	2025-04-22T10:36:21.3484299Z (65/87): fribidi-1.0.4-9.el8.x86_64.rpm         9.2 MB/s |  89 kB     00:00    
FIPS IT (non-strict)	Run base tests	2025-04-22T10:36:21.3503224Z (66/87): gdk-pixbuf2-modules-2.36.12-6.el8_10.x  19 MB/s | 109 kB     00:00    
FIPS IT (non-strict)	Run base tests	2025-04-22T10:36:21.3535963Z (67/87): harfbuzz-1.7.5-4.el8.x86_64.rpm         45 MB/s | 296 kB     00:00    
FIPS IT (non-strict)	Run base tests	2025-04-22T10:36:21.3565104Z (68/87): libX11-common-1.6.8-9.el8_10.noarch.rp  27 MB/s | 159 kB     00:00    
FIPS IT (non-strict)	Run base tests	2025-04-22T10:36:21.3584666Z (69/87): libwayland-client-1.21.0-1.el8.x86_64. 9.6 MB/s |  41 kB     00:00    
FIPS IT (non-strict)	Run base tests	2025-04-22T10:36:21.3610934Z (70/87): libwayland-cursor-1.21.0-1.el8.x86_64. 6.0 MB/s |  26 kB     00:00    
FIPS IT (non-strict)	Run base tests	2025-04-22T10:36:21.3642357Z (71/87): libX11-1.6.8-9.el8_10.x86_64.rpm        39 MB/s | 612 kB     00:00    
FIPS IT (non-strict)	Run base tests	2025-04-22T10:36:21.3659138Z (72/87): libwayland-egl-1.21.0-1.el8.x86_64.rpm 2.7 MB/s |  20 kB     00:00    
FIPS IT (non-strict)	Run base tests	2025-04-22T10:36:21.3683136Z (73/87): nspr-4.35.0-1.el8_8.x86_64.rpm          20 MB/s | 143 kB     00:00    
FIPS IT (non-strict)	Run base tests	2025-04-22T10:36:21.3703735Z (74/87): gtk-update-icon-cache-3.22.30-12.el8_1 7.7 MB/s |  32 kB     00:00    
FIPS IT (non-strict)	Run base tests	2025-04-22T10:36:21.3727008Z (75/87): pixman-0.38.4-4.el8.x86_64.rpm          31 MB/s | 258 kB     00:00    
FIPS IT (non-strict)	Run base tests	2025-04-22T10:36:21.3808092Z (76/87): jasper-libs-2.0.14-6.el8_10.x86_64.rpm  16 MB/s | 167 kB     00:00    
FIPS IT (non-strict)	Run base tests	2025-04-22T10:36:21.3864182Z (77/87): java-21-openjdk-21.0.7.0.6-1.el8.x86_6  31 MB/s | 419 kB     00:00    
FIPS IT (non-strict)	Run base tests	2025-04-22T10:36:21.4374680Z (78/87): gtk3-3.22.30-12.el8_10.x86_64.rpm       65 MB/s | 4.5 MB     00:00    
FIPS IT (non-strict)	Run base tests	2025-04-22T10:36:21.4450267Z (79/87): libtiff-4.0.9-33.el8_10.x86_64.rpm      26 MB/s | 190 kB     00:00    
FIPS IT (non-strict)	Run base tests	2025-04-22T10:36:21.4659338Z (80/87): java-21-openjdk-devel-21.0.7.0.6-1.el8  61 MB/s | 5.2 MB     00:00    
FIPS IT (non-strict)	Run base tests	2025-04-22T10:36:21.4713221Z (81/87): nss-3.101.0-11.el8_8.x86_64.rpm         29 MB/s | 766 kB     00:00    
FIPS IT (non-strict)	Run base tests	2025-04-22T10:36:21.4786073Z (82/87): nss-softokn-3.101.0-11.el8_8.x86_64.rp  43 MB/s | 532 kB     00:00    
FIPS IT (non-strict)	Run base tests	2025-04-22T10:36:21.4834247Z (83/87): nss-softokn-freebl-3.101.0-11.el8_8.x8  33 MB/s | 392 kB     00:00    
FIPS IT (non-strict)	Run base tests	2025-04-22T10:36:21.4856908Z (84/87): nss-sysinit-3.101.0-11.el8_8.x86_64.rp  11 MB/s |  77 kB     00:00    
FIPS IT (non-strict)	Run base tests	2025-04-22T10:36:21.4899195Z (85/87): nss-util-3.101.0-11.el8_8.x86_64.rpm    23 MB/s | 143 kB     00:00    
FIPS IT (non-strict)	Run base tests	2025-04-22T10:36:21.4924837Z (86/87): tzdata-java-2025b-1.el8.noarch.rpm      29 MB/s | 187 kB     00:00    
FIPS IT (non-strict)	Run base tests	2025-04-22T10:36:21.7241218Z (87/87): java-21-openjdk-headless-21.0.7.0.6-1. 149 MB/s |  50 MB     00:00    
FIPS IT (non-strict)	Run base tests	2025-04-22T10:36:21.7272744Z --------------------------------------------------------------------------------
FIPS IT (non-strict)	Run base tests	2025-04-22T10:36:21.7273953Z Total                                           136 MB/s |  87 MB     00:00     
FIPS IT (non-strict)	Run base tests	2025-04-22T10:36:22.7620374Z Running transaction check
FIPS IT (non-strict)	Run base tests	2025-04-22T10:36:22.8088351Z Transaction check succeeded.
FIPS IT (non-strict)	Run base tests	2025-04-22T10:36:22.8089536Z Running transaction test
FIPS IT (non-strict)	Run base tests	2025-04-22T10:36:23.1575637Z Transaction test succeeded.
FIPS IT (non-strict)	Run base tests	2025-04-22T10:36:23.1597143Z Running transaction
FIPS IT (non-strict)	Run base tests	2025-04-22T10:36:23.6418776Z   Running scriptlet: copy-jdk-configs-4.0-2.el8.noarch                      1/1 
FIPS IT (non-strict)	Run base tests	2025-04-22T10:36:23.6707892Z   Running scriptlet: java-21-openjdk-headless-1:21.0.7.0.6-1.el8.x86_64     1/1 
FIPS IT (non-strict)	Run base tests	2025-04-22T10:36:23.7069179Z   Preparing        :                                                        1/1 
FIPS IT (non-strict)	Run base tests	2025-04-22T10:36:23.7130901Z   Installing       : nspr-4.35.0-1.el8_8.x86_64                            1/87 
FIPS IT (non-strict)	Run base tests	2025-04-22T10:36:23.7387858Z   Running scriptlet: nspr-4.35.0-1.el8_8.x86_64                            1/87 
FIPS IT (non-strict)	Run base tests	2025-04-22T10:36:23.7690927Z   Installing       : libpng-2:1.6.34-5.el8.x86_64                          2/87 
FIPS IT (non-strict)	Run base tests	2025-04-22T10:36:23.7811094Z   Installing       : freetype-2.9.1-10.el8_10.x86_64                       3/87 
FIPS IT (non-strict)	Run base tests	2025-04-22T10:36:23.7983154Z   Installing       : nss-util-3.101.0-11.el8_8.x86_64                      4/87 
FIPS IT (non-strict)	Run base tests	2025-04-22T10:36:23.8044223Z   Installing       : libjpeg-turbo-1.5.3-12.el8.x86_64                     5/87 
FIPS IT (non-strict)	Run base tests	2025-04-22T10:36:23.8257738Z   Installing       : fontpackages-filesystem-1.44-22.el8.noarch            6/87 
FIPS IT (non-strict)	Run base tests	2025-04-22T10:36:23.8338944Z   Installing       : pixman-0.38.4-4.el8.x86_64                            7/87 
FIPS IT (non-strict)	Run base tests	2025-04-22T10:36:23.8590117Z   Installing       : libwayland-client-1.21.0-1.el8.x86_64                 8/87 
FIPS IT (non-strict)	Run base tests	2025-04-22T10:36:23.8658624Z   Installing       : atk-2.28.1-1.el8.x86_64                               9/87 
FIPS IT (non-strict)	Run base tests	2025-04-22T10:36:23.8747662Z   Installing       : libwayland-cursor-1.21.0-1.el8.x86_64                10/87 
FIPS IT (non-strict)	Run base tests	2025-04-22T10:36:23.9082276Z   Installing       : dejavu-fonts-common-2.35-7.el8.noarch                11/87 
FIPS IT (non-strict)	Run base tests	2025-04-22T10:36:23.9455370Z   Installing       : dejavu-sans-mono-fonts-2.35-7.el8.noarch             12/87 
FIPS IT (non-strict)	Run base tests	2025-04-22T10:36:23.9504790Z   Installing       : fontconfig-2.13.1-4.el8.x86_64                       13/87 
FIPS IT (non-strict)	Run base tests	2025-04-22T10:36:24.9849869Z   Running scriptlet: fontconfig-2.13.1-4.el8.x86_64                       13/87 
FIPS IT (non-strict)	Run base tests	2025-04-22T10:36:25.0413927Z   Installing       : abattis-cantarell-fonts-0.0.25-6.el8.noarch          14/87 
FIPS IT (non-strict)	Run base tests	2025-04-22T10:36:25.0583833Z   Installing       : gsettings-desktop-schemas-3.32.0-6.el8.x86_64        15/87 
FIPS IT (non-strict)	Run base tests	2025-04-22T10:36:25.0881090Z   Installing       : jasper-libs-2.0.14-6.el8_10.x86_64                   16/87 
FIPS IT (non-strict)	Run base tests	2025-04-22T10:36:25.1359461Z   Installing       : nss-softokn-freebl-3.101.0-11.el8_8.x86_64           17/87 
FIPS IT (non-strict)	Run base tests	2025-04-22T10:36:25.1943974Z   Installing       : nss-softokn-3.101.0-11.el8_8.x86_64                  18/87 
FIPS IT (non-strict)	Run base tests	2025-04-22T10:36:25.2025975Z   Installing       : nss-3.101.0-11.el8_8.x86_64                          19/87 
FIPS IT (non-strict)	Run base tests	2025-04-22T10:36:25.2120008Z   Installing       : nss-sysinit-3.101.0-11.el8_8.x86_64                  20/87 
FIPS IT (non-strict)	Run base tests	2025-04-22T10:36:25.2648904Z   Installing       : ttmkfdir-3.0.9-54.el8.x86_64                         21/87 
FIPS IT (non-strict)	Run base tests	2025-04-22T10:36:25.2726206Z   Installing       : tzdata-java-2025b-1.el8.noarch                       22/87 
FIPS IT (non-strict)	Run base tests	2025-04-22T10:36:25.3245115Z   Installing       : libwayland-egl-1.21.0-1.el8.x86_64                   23/87 
FIPS IT (non-strict)	Run base tests	2025-04-22T10:36:25.3395633Z   Installing       : libX11-common-1.6.8-9.el8_10.noarch                  24/87 
FIPS IT (non-strict)	Run base tests	2025-04-22T10:36:25.3899067Z   Installing       : fribidi-1.0.4-9.el8.x86_64                           25/87 
FIPS IT (non-strict)	Run base tests	2025-04-22T10:36:25.3952335Z   Installing       : alsa-lib-1.2.10-2.el8.x86_64                         26/87 
FIPS IT (non-strict)	Run base tests	2025-04-22T10:36:25.5146600Z   Running scriptlet: alsa-lib-1.2.10-2.el8.x86_64                         26/87 
FIPS IT (non-strict)	Run base tests	2025-04-22T10:36:25.5303143Z   Installing       : xkeyboard-config-2.28-1.el8.noarch                   27/87 
FIPS IT (non-strict)	Run base tests	2025-04-22T10:36:25.5501920Z   Installing       : libxkbcommon-0.9.1-1.el8.x86_64                      28/87 
FIPS IT (non-strict)	Run base tests	2025-04-22T10:36:25.5561635Z   Installing       : lua-5.3.4-12.el8.x86_64                              29/87 
FIPS IT (non-strict)	Run base tests	2025-04-22T10:36:25.5652796Z   Installing       : copy-jdk-configs-4.0-2.el8.noarch                    30/87 
FIPS IT (non-strict)	Run base tests	2025-04-22T10:36:25.5904084Z   Installing       : libfontenc-1.1.3-8.el8.x86_64                        31/87 
FIPS IT (non-strict)	Run base tests	2025-04-22T10:36:25.5972812Z   Installing       : libepoxy-1.5.8-1.el8.x86_64                          32/87 
FIPS IT (non-strict)	Run base tests	2025-04-22T10:36:25.6008068Z   Installing       : libdatrie-0.2.9-7.el8.x86_64                         33/87 
FIPS IT (non-strict)	Run base tests	2025-04-22T10:36:25.6306538Z   Running scriptlet: libdatrie-0.2.9-7.el8.x86_64                         33/87 
FIPS IT (non-strict)	Run base tests	2025-04-22T10:36:25.6345131Z   Installing       : libthai-0.1.27-2.el8.x86_64                          34/87 
FIPS IT (non-strict)	Run base tests	2025-04-22T10:36:25.6505518Z   Running scriptlet: libthai-0.1.27-2.el8.x86_64                          34/87 
FIPS IT (non-strict)	Run base tests	2025-04-22T10:36:25.6923782Z   Installing       : libXau-1.0.9-3.el8.x86_64                            35/87 
FIPS IT (non-strict)	Run base tests	2025-04-22T10:36:25.7405875Z   Installing       : libxcb-1.13.1-1.el8.x86_64                           36/87 
FIPS IT (non-strict)	Run base tests	2025-04-22T10:36:25.7486989Z   Installing       : libX11-1.6.8-9.el8_10.x86_64                         37/87 
FIPS IT (non-strict)	Run base tests	2025-04-22T10:36:25.7557959Z   Installing       : libXext-1.3.4-1.el8.x86_64                           38/87 
FIPS IT (non-strict)	Run base tests	2025-04-22T10:36:25.8106996Z   Installing       : libXrender-0.9.10-7.el8.x86_64                       39/87 
FIPS IT (non-strict)	Run base tests	2025-04-22T10:36:25.8203625Z   Installing       : cairo-1.15.12-6.el8.x86_64                           40/87 
FIPS IT (non-strict)	Run base tests	2025-04-22T10:36:25.8286273Z   Installing       : libXi-1.7.10-1.el8.x86_64                            41/87 
FIPS IT (non-strict)	Run base tests	2025-04-22T10:36:25.8344223Z   Installing       : libXfixes-5.0.3-7.el8.x86_64                         42/87 
FIPS IT (non-strict)	Run base tests	2025-04-22T10:36:25.8403894Z   Installing       : libXtst-1.2.3-7.el8.x86_64                           43/87 
FIPS IT (non-strict)	Run base tests	2025-04-22T10:36:25.8622811Z   Installing       : libXcomposite-0.4.4-14.el8.x86_64                    44/87 
FIPS IT (non-strict)	Run base tests	2025-04-22T10:36:25.8679374Z   Installing       : at-spi2-core-2.28.0-1.el8.x86_64                     45/87 
FIPS IT (non-strict)	Run base tests	2025-04-22T10:36:25.8905004Z   Running scriptlet: at-spi2-core-2.28.0-1.el8.x86_64                     45/87 
FIPS IT (non-strict)	Run base tests	2025-04-22T10:36:25.8946716Z   Installing       : at-spi2-atk-2.26.2-1.el8.x86_64                      46/87 
FIPS IT (non-strict)	Run base tests	2025-04-22T10:36:25.9107509Z   Running scriptlet: at-spi2-atk-2.26.2-1.el8.x86_64                      46/87 
FIPS IT (non-strict)	Run base tests	2025-04-22T10:36:25.9174637Z   Installing       : libXcursor-1.1.15-3.el8.x86_64                       47/87 
FIPS IT (non-strict)	Run base tests	2025-04-22T10:36:25.9229915Z   Installing       : libXdamage-1.1.4-14.el8.x86_64                       48/87 
FIPS IT (non-strict)	Run base tests	2025-04-22T10:36:25.9334387Z   Installing       : cairo-gobject-1.15.12-6.el8.x86_64                   49/87 
FIPS IT (non-strict)	Run base tests	2025-04-22T10:36:25.9417549Z   Installing       : libXft-2.3.3-1.el8.x86_64                            50/87 
FIPS IT (non-strict)	Run base tests	2025-04-22T10:36:25.9481175Z   Installing       : libXrandr-1.5.2-1.el8.x86_64                         51/87 
FIPS IT (non-strict)	Run base tests	2025-04-22T10:36:25.9648170Z   Installing       : libXinerama-1.1.4-1.el8.x86_64                       52/87 
FIPS IT (non-strict)	Run base tests	2025-04-22T10:36:25.9686888Z   Installing       : lcms2-2.9-2.el8.x86_64                               53/87 
FIPS IT (non-strict)	Run base tests	2025-04-22T10:36:25.9872883Z   Running scriptlet: lcms2-2.9-2.el8.x86_64                               53/87 
FIPS IT (non-strict)	Run base tests	2025-04-22T10:36:25.9913089Z   Installing       : jbigkit-libs-2.1-14.el8.x86_64                       54/87 
FIPS IT (non-strict)	Run base tests	2025-04-22T10:36:26.0182453Z   Running scriptlet: jbigkit-libs-2.1-14.el8.x86_64                       54/87 
FIPS IT (non-strict)	Run base tests	2025-04-22T10:36:26.0256760Z   Installing       : libtiff-4.0.9-33.el8_10.x86_64                       55/87 
FIPS IT (non-strict)	Run base tests	2025-04-22T10:36:26.0663206Z   Installing       : javapackages-filesystem-5.3.0-1.module+el8+2447+6f   56/87 
FIPS IT (non-strict)	Run base tests	2025-04-22T10:36:26.0847433Z   Installing       : hicolor-icon-theme-0.17-2.el8.noarch                 57/87 
FIPS IT (non-strict)	Run base tests	2025-04-22T10:36:26.1101344Z   Installing       : graphite2-1.3.10-10.el8.x86_64                       58/87 
FIPS IT (non-strict)	Run base tests	2025-04-22T10:36:26.1148225Z   Installing       : harfbuzz-1.7.5-4.el8.x86_64                          59/87 
FIPS IT (non-strict)	Run base tests	2025-04-22T10:36:26.1540106Z   Running scriptlet: harfbuzz-1.7.5-4.el8.x86_64                          59/87 
FIPS IT (non-strict)	Run base tests	2025-04-22T10:36:26.1636175Z   Installing       : pango-1.42.4-8.el8.x86_64                            60/87 
FIPS IT (non-strict)	Run base tests	2025-04-22T10:36:26.1931079Z   Running scriptlet: pango-1.42.4-8.el8.x86_64                            60/87 
FIPS IT (non-strict)	Run base tests	2025-04-22T10:36:26.3069712Z   Installing       : dconf-0.28.0-4.el8.x86_64                            61/87 
FIPS IT (non-strict)	Run base tests	2025-04-22T10:36:27.5276833Z   Installing       : adwaita-cursor-theme-3.28.0-3.el8.noarch             62/87 
FIPS IT (non-strict)	Run base tests	2025-04-22T10:36:27.5869852Z   Installing       : adwaita-icon-theme-3.28.0-3.el8.noarch               63/87 
FIPS IT (non-strict)	Run base tests	2025-04-22T10:36:27.5912155Z   Installing       : shared-mime-info-1.9-4.el8.x86_64                    64/87 
FIPS IT (non-strict)	Run base tests	2025-04-22T10:36:27.6384425Z   Running scriptlet: shared-mime-info-1.9-4.el8.x86_64                    64/87 
FIPS IT (non-strict)	Run base tests	2025-04-22T10:36:27.6447109Z   Installing       : gdk-pixbuf2-2.36.12-6.el8_10.x86_64                  65/87 
FIPS IT (non-strict)	Run base tests	2025-04-22T10:36:27.6740316Z   Running scriptlet: gdk-pixbuf2-2.36.12-6.el8_10.x86_64                  65/87 
FIPS IT (non-strict)	Run base tests	2025-04-22T10:36:27.6825714Z   Installing       : gdk-pixbuf2-modules-2.36.12-6.el8_10.x86_64          66/87 
FIPS IT (non-strict)	Run base tests	2025-04-22T10:36:27.6888508Z   Installing       : gtk-update-icon-cache-3.22.30-12.el8_10.x86_64       67/87 
FIPS IT (non-strict)	Run base tests	2025-04-22T10:36:27.7056099Z   Installing       : pkgconf-m4-1.4.2-1.el8.noarch                        68/87 
FIPS IT (non-strict)	Run base tests	2025-04-22T10:36:27.7108155Z   Installing       : lksctp-tools-1.0.18-3.el8.x86_64                     69/87 
FIPS IT (non-strict)	Run base tests	2025-04-22T10:36:27.7279027Z   Running scriptlet: lksctp-tools-1.0.18-3.el8.x86_64                     69/87 
FIPS IT (non-strict)	Run base tests	2025-04-22T10:36:27.7362686Z   Installing       : libpkgconf-1.4.2-1.el8.x86_64                        70/87 
FIPS IT (non-strict)	Run base tests	2025-04-22T10:36:27.7425916Z   Installing       : pkgconf-1.4.2-1.el8.x86_64                           71/87 
FIPS IT (non-strict)	Run base tests	2025-04-22T10:36:27.7618271Z   Installing       : pkgconf-pkg-config-1.4.2-1.el8.x86_64                72/87 
FIPS IT (non-strict)	Run base tests	2025-04-22T10:36:27.8028981Z   Installing       : xorg-x11-font-utils-1:7.5-41.el8.x86_64              73/87 
FIPS IT (non-strict)	Run base tests	2025-04-22T10:36:27.8099854Z   Installing       : xorg-x11-fonts-Type1-7.5-19.el8.noarch               74/87 
FIPS IT (non-strict)	Run base tests	2025-04-22T10:36:27.8619540Z   Running scriptlet: xorg-x11-fonts-Type1-7.5-19.el8.noarch               74/87 
FIPS IT (non-strict)	Run base tests	2025-04-22T10:36:27.8663225Z   Installing       : libmodman-2.0.1-17.el8.x86_64                        75/87 
FIPS IT (non-strict)	Run base tests	2025-04-22T10:36:27.8855704Z   Running scriptlet: libmodman-2.0.1-17.el8.x86_64                        75/87 
FIPS IT (non-strict)	Run base tests	2025-04-22T10:36:27.8908684Z   Installing       : libproxy-0.4.15-5.5.el8_10.x86_64                    76/87 
FIPS IT (non-strict)	Run base tests	2025-04-22T10:36:27.9171458Z   Running scriptlet: libproxy-0.4.15-5.5.el8_10.x86_64                    76/87 
FIPS IT (non-strict)	Run base tests	2025-04-22T10:36:27.9568527Z   Installing       : glib-networking-2.56.1-1.1.el8.x86_64                77/87 
FIPS IT (non-strict)	Run base tests	2025-04-22T10:36:27.9694769Z   Installing       : libsoup-2.62.3-7.el8_10.x86_64                       78/87 
FIPS IT (non-strict)	Run base tests	2025-04-22T10:36:27.9742016Z   Installing       : rest-0.8.1-2.el8.x86_64                              79/87 
FIPS IT (non-strict)	Run base tests	2025-04-22T10:36:27.9921307Z   Running scriptlet: rest-0.8.1-2.el8.x86_64                              79/87 
FIPS IT (non-strict)	Run base tests	2025-04-22T10:36:28.0177868Z   Installing       : libgusb-0.3.0-1.el8.x86_64                           80/87 
FIPS IT (non-strict)	Run base tests	2025-04-22T10:36:28.0281037Z   Installing       : colord-libs-1.4.2-1.el8.x86_64                       81/87 
FIPS IT (non-strict)	Run base tests	2025-04-22T10:36:28.0638829Z   Installing       : avahi-libs-0.7-27.el8_10.1.x86_64                    82/87 
FIPS IT (non-strict)	Run base tests	2025-04-22T10:36:31.9700118Z   Installing       : cups-libs-1:2.2.6-62.el8_10.x86_64                   83/87 
FIPS IT (non-strict)	Run base tests	2025-04-22T10:36:31.9797846Z   Installing       : java-21-openjdk-headless-1:21.0.7.0.6-1.el8.x86_64   84/87 
FIPS IT (non-strict)	Run base tests	2025-04-22T10:36:32.3228314Z   Running scriptlet: java-21-openjdk-headless-1:21.0.7.0.6-1.el8.x86_64   84/87 
FIPS IT (non-strict)	Run base tests	2025-04-22T10:36:32.3637472Z   Installing       : gtk3-3.22.30-12.el8_10.x86_64                        85/87 
FIPS IT (non-strict)	Run base tests	2025-04-22T10:36:32.3685338Z   Installing       : java-21-openjdk-1:21.0.7.0.6-1.el8.x86_64            86/87 
FIPS IT (non-strict)	Run base tests	2025-04-22T10:36:32.7549567Z   Running scriptlet: java-21-openjdk-1:21.0.7.0.6-1.el8.x86_64            86/87 
FIPS IT (non-strict)	Run base tests	2025-04-22T10:36:32.7619626Z   Installing       : java-21-openjdk-devel-1:21.0.7.0.6-1.el8.x86_64      87/87 
FIPS IT (non-strict)	Run base tests	2025-04-22T10:36:32.7709735Z   Running scriptlet: java-21-openjdk-devel-1:21.0.7.0.6-1.el8.x86_64      87/87 
FIPS IT (non-strict)	Run base tests	2025-04-22T10:36:32.8642647Z   Running scriptlet: nss-3.101.0-11.el8_8.x86_64                          87/87 
FIPS IT (non-strict)	Run base tests	2025-04-22T10:36:32.8718310Z   Running scriptlet: copy-jdk-configs-4.0-2.el8.noarch                    87/87 
FIPS IT (non-strict)	Run base tests	2025-04-22T10:36:32.8829602Z   Running scriptlet: dconf-0.28.0-4.el8.x86_64                            87/87 
FIPS IT (non-strict)	Run base tests	2025-04-22T10:36:32.8953952Z   Running scriptlet: java-21-openjdk-headless-1:21.0.7.0.6-1.el8.x86_64   87/87 
FIPS IT (non-strict)	Run base tests	2025-04-22T10:36:32.9163151Z   Running scriptlet: java-21-openjdk-1:21.0.7.0.6-1.el8.x86_64            87/87 
FIPS IT (non-strict)	Run base tests	2025-04-22T10:36:32.9855007Z   Running scriptlet: java-21-openjdk-devel-1:21.0.7.0.6-1.el8.x86_64      87/87 
FIPS IT (non-strict)	Run base tests	2025-04-22T10:36:33.0044304Z   Running scriptlet: fontconfig-2.13.1-4.el8.x86_64                       87/87 
FIPS IT (non-strict)	Run base tests	2025-04-22T10:36:33.0272454Z   Running scriptlet: hicolor-icon-theme-0.17-2.el8.noarch                 87/87 
FIPS IT (non-strict)	Run base tests	2025-04-22T10:36:33.1033384Z   Running scriptlet: adwaita-icon-theme-3.28.0-3.el8.noarch               87/87 
FIPS IT (non-strict)	Run base tests	2025-04-22T10:36:33.9325025Z   Running scriptlet: shared-mime-info-1.9-4.el8.x86_64                    87/87 
FIPS IT (non-strict)	Run base tests	2025-04-22T10:36:33.9807064Z   Running scriptlet: gdk-pixbuf2-2.36.12-6.el8_10.x86_64                  87/87 
FIPS IT (non-strict)	Run base tests	2025-04-22T10:36:33.9809006Z   Verifying        : avahi-libs-0.7-27.el8_10.1.x86_64                     1/87 
FIPS IT (non-strict)	Run base tests	2025-04-22T10:36:33.9810298Z   Verifying        : cups-libs-1:2.2.6-62.el8_10.x86_64                    2/87 
FIPS IT (non-strict)	Run base tests	2025-04-22T10:36:33.9811832Z   Verifying        : dejavu-fonts-common-2.35-7.el8.noarch                 3/87 
FIPS IT (non-strict)	Run base tests	2025-04-22T10:36:33.9812730Z   Verifying        : dejavu-sans-mono-fonts-2.35-7.el8.noarch              4/87 
FIPS IT (non-strict)	Run base tests	2025-04-22T10:36:33.9813809Z   Verifying        : fontconfig-2.13.1-4.el8.x86_64                        5/87 
FIPS IT (non-strict)	Run base tests	2025-04-22T10:36:33.9814865Z   Verifying        : fontpackages-filesystem-1.44-22.el8.noarch            6/87 
FIPS IT (non-strict)	Run base tests	2025-04-22T10:36:33.9815776Z   Verifying        : freetype-2.9.1-10.el8_10.x86_64                       7/87 
FIPS IT (non-strict)	Run base tests	2025-04-22T10:36:33.9816670Z   Verifying        : gdk-pixbuf2-2.36.12-6.el8_10.x86_64                   8/87 
FIPS IT (non-strict)	Run base tests	2025-04-22T10:36:33.9817586Z   Verifying        : glib-networking-2.56.1-1.1.el8.x86_64                 9/87 
FIPS IT (non-strict)	Run base tests	2025-04-22T10:36:33.9818538Z   Verifying        : gsettings-desktop-schemas-3.32.0-6.el8.x86_64        10/87 
FIPS IT (non-strict)	Run base tests	2025-04-22T10:36:33.9819445Z   Verifying        : libgusb-0.3.0-1.el8.x86_64                           11/87 
FIPS IT (non-strict)	Run base tests	2025-04-22T10:36:33.9820289Z   Verifying        : libmodman-2.0.1-17.el8.x86_64                        12/87 
FIPS IT (non-strict)	Run base tests	2025-04-22T10:36:33.9821364Z   Verifying        : libpkgconf-1.4.2-1.el8.x86_64                        13/87 
FIPS IT (non-strict)	Run base tests	2025-04-22T10:36:33.9822186Z   Verifying        : libpng-2:1.6.34-5.el8.x86_64                         14/87 
FIPS IT (non-strict)	Run base tests	2025-04-22T10:36:33.9822835Z   Verifying        : libproxy-0.4.15-5.5.el8_10.x86_64                    15/87 
FIPS IT (non-strict)	Run base tests	2025-04-22T10:36:33.9823468Z   Verifying        : libsoup-2.62.3-7.el8_10.x86_64                       16/87 
FIPS IT (non-strict)	Run base tests	2025-04-22T10:36:33.9824132Z   Verifying        : lksctp-tools-1.0.18-3.el8.x86_64                     17/87 
FIPS IT (non-strict)	Run base tests	2025-04-22T10:36:33.9824947Z   Verifying        : pkgconf-1.4.2-1.el8.x86_64                           18/87 
FIPS IT (non-strict)	Run base tests	2025-04-22T10:36:33.9825755Z   Verifying        : pkgconf-m4-1.4.2-1.el8.noarch                        19/87 
FIPS IT (non-strict)	Run base tests	2025-04-22T10:36:33.9826554Z   Verifying        : pkgconf-pkg-config-1.4.2-1.el8.x86_64                20/87 
FIPS IT (non-strict)	Run base tests	2025-04-22T10:36:33.9827354Z   Verifying        : shared-mime-info-1.9-4.el8.x86_64                    21/87 
FIPS IT (non-strict)	Run base tests	2025-04-22T10:36:33.9828190Z   Verifying        : abattis-cantarell-fonts-0.0.25-6.el8.noarch          22/87 
FIPS IT (non-strict)	Run base tests	2025-04-22T10:36:33.9829075Z   Verifying        : adwaita-cursor-theme-3.28.0-3.el8.noarch             23/87 
FIPS IT (non-strict)	Run base tests	2025-04-22T10:36:33.9829976Z   Verifying        : adwaita-icon-theme-3.28.0-3.el8.noarch               24/87 
FIPS IT (non-strict)	Run base tests	2025-04-22T10:36:33.9830938Z   Verifying        : at-spi2-atk-2.26.2-1.el8.x86_64                      25/87 
FIPS IT (non-strict)	Run base tests	2025-04-22T10:36:33.9831742Z   Verifying        : at-spi2-core-2.28.0-1.el8.x86_64                     26/87 
FIPS IT (non-strict)	Run base tests	2025-04-22T10:36:33.9832659Z   Verifying        : atk-2.28.1-1.el8.x86_64                              27/87 
FIPS IT (non-strict)	Run base tests	2025-04-22T10:36:33.9833396Z   Verifying        : cairo-1.15.12-6.el8.x86_64                           28/87 
FIPS IT (non-strict)	Run base tests	2025-04-22T10:36:33.9834211Z   Verifying        : cairo-gobject-1.15.12-6.el8.x86_64                   29/87 
FIPS IT (non-strict)	Run base tests	2025-04-22T10:36:33.9835020Z   Verifying        : colord-libs-1.4.2-1.el8.x86_64                       30/87 
FIPS IT (non-strict)	Run base tests	2025-04-22T10:36:33.9835847Z   Verifying        : copy-jdk-configs-4.0-2.el8.noarch                    31/87 
FIPS IT (non-strict)	Run base tests	2025-04-22T10:36:33.9836660Z   Verifying        : dconf-0.28.0-4.el8.x86_64                            32/87 
FIPS IT (non-strict)	Run base tests	2025-04-22T10:36:33.9837453Z   Verifying        : graphite2-1.3.10-10.el8.x86_64                       33/87 
FIPS IT (non-strict)	Run base tests	2025-04-22T10:36:33.9838581Z   Verifying        : hicolor-icon-theme-0.17-2.el8.noarch                 34/87 
FIPS IT (non-strict)	Run base tests	2025-04-22T10:36:33.9839487Z   Verifying        : javapackages-filesystem-5.3.0-1.module+el8+2447+6f   35/87 
FIPS IT (non-strict)	Run base tests	2025-04-22T10:36:33.9840377Z   Verifying        : jbigkit-libs-2.1-14.el8.x86_64                       36/87 
FIPS IT (non-strict)	Run base tests	2025-04-22T10:36:33.9841310Z   Verifying        : lcms2-2.9-2.el8.x86_64                               37/87 
FIPS IT (non-strict)	Run base tests	2025-04-22T10:36:33.9842096Z   Verifying        : libXau-1.0.9-3.el8.x86_64                            38/87 
FIPS IT (non-strict)	Run base tests	2025-04-22T10:36:33.9842802Z   Verifying        : libXcomposite-0.4.4-14.el8.x86_64                    39/87 
FIPS IT (non-strict)	Run base tests	2025-04-22T10:36:33.9843372Z   Verifying        : libXcursor-1.1.15-3.el8.x86_64                       40/87 
FIPS IT (non-strict)	Run base tests	2025-04-22T10:36:33.9844141Z   Verifying        : libXdamage-1.1.4-14.el8.x86_64                       41/87 
FIPS IT (non-strict)	Run base tests	2025-04-22T10:36:33.9845172Z   Verifying        : libXext-1.3.4-1.el8.x86_64                           42/87 
FIPS IT (non-strict)	Run base tests	2025-04-22T10:36:33.9845990Z   Verifying        : libXfixes-5.0.3-7.el8.x86_64                         43/87 
FIPS IT (non-strict)	Run base tests	2025-04-22T10:36:33.9846761Z   Verifying        : libXft-2.3.3-1.el8.x86_64                            44/87 
FIPS IT (non-strict)	Run base tests	2025-04-22T10:36:33.9847534Z   Verifying        : libXi-1.7.10-1.el8.x86_64                            45/87 
FIPS IT (non-strict)	Run base tests	2025-04-22T10:36:33.9848295Z   Verifying        : libXinerama-1.1.4-1.el8.x86_64                       46/87 
FIPS IT (non-strict)	Run base tests	2025-04-22T10:36:33.9849072Z   Verifying        : libXrandr-1.5.2-1.el8.x86_64                         47/87 
FIPS IT (non-strict)	Run base tests	2025-04-22T10:36:33.9849862Z   Verifying        : libXrender-0.9.10-7.el8.x86_64                       48/87 
FIPS IT (non-strict)	Run base tests	2025-04-22T10:36:33.9850774Z   Verifying        : libXtst-1.2.3-7.el8.x86_64                           49/87 
FIPS IT (non-strict)	Run base tests	2025-04-22T10:36:33.9851525Z   Verifying        : libdatrie-0.2.9-7.el8.x86_64                         50/87 
FIPS IT (non-strict)	Run base tests	2025-04-22T10:36:33.9852318Z   Verifying        : libepoxy-1.5.8-1.el8.x86_64                          51/87 
FIPS IT (non-strict)	Run base tests	2025-04-22T10:36:33.9853184Z   Verifying        : libfontenc-1.1.3-8.el8.x86_64                        52/87 
FIPS IT (non-strict)	Run base tests	2025-04-22T10:36:33.9855251Z   Verifying        : libjpeg-turbo-1.5.3-12.el8.x86_64                    53/87 
FIPS IT (non-strict)	Run base tests	2025-04-22T10:36:33.9856074Z   Verifying        : libthai-0.1.27-2.el8.x86_64                          54/87 
FIPS IT (non-strict)	Run base tests	2025-04-22T10:36:33.9856840Z   Verifying        : libxcb-1.13.1-1.el8.x86_64                           55/87 
FIPS IT (non-strict)	Run base tests	2025-04-22T10:36:33.9857594Z   Verifying        : libxkbcommon-0.9.1-1.el8.x86_64                      56/87 
FIPS IT (non-strict)	Run base tests	2025-04-22T10:36:33.9858314Z   Verifying        : lua-5.3.4-12.el8.x86_64                              57/87 
FIPS IT (non-strict)	Run base tests	2025-04-22T10:36:33.9859053Z   Verifying        : pango-1.42.4-8.el8.x86_64                            58/87 
FIPS IT (non-strict)	Run base tests	2025-04-22T10:36:33.9859808Z   Verifying        : rest-0.8.1-2.el8.x86_64                              59/87 
FIPS IT (non-strict)	Run base tests	2025-04-22T10:36:33.9861851Z   Verifying        : ttmkfdir-3.0.9-54.el8.x86_64                         60/87 
FIPS IT (non-strict)	Run base tests	2025-04-22T10:36:33.9862684Z   Verifying        : xkeyboard-config-2.28-1.el8.noarch                   61/87 
FIPS IT (non-strict)	Run base tests	2025-04-22T10:36:33.9863529Z   Verifying        : xorg-x11-font-utils-1:7.5-41.el8.x86_64              62/87 
FIPS IT (non-strict)	Run base tests	2025-04-22T10:36:33.9864336Z   Verifying        : xorg-x11-fonts-Type1-7.5-19.el8.noarch               63/87 
FIPS IT (non-strict)	Run base tests	2025-04-22T10:36:33.9865369Z   Verifying        : alsa-lib-1.2.10-2.el8.x86_64                         64/87 
FIPS IT (non-strict)	Run base tests	2025-04-22T10:36:33.9866370Z   Verifying        : fribidi-1.0.4-9.el8.x86_64                           65/87 
FIPS IT (non-strict)	Run base tests	2025-04-22T10:36:33.9867586Z   Verifying        : gdk-pixbuf2-modules-2.36.12-6.el8_10.x86_64          66/87 
FIPS IT (non-strict)	Run base tests	2025-04-22T10:36:33.9869089Z   Verifying        : harfbuzz-1.7.5-4.el8.x86_64                          67/87 
FIPS IT (non-strict)	Run base tests	2025-04-22T10:36:33.9869857Z   Verifying        : libX11-1.6.8-9.el8_10.x86_64                         68/87 
FIPS IT (non-strict)	Run base tests	2025-04-22T10:36:33.9871325Z   Verifying        : libX11-common-1.6.8-9.el8_10.noarch                  69/87 
FIPS IT (non-strict)	Run base tests	2025-04-22T10:36:33.9872151Z   Verifying        : libwayland-client-1.21.0-1.el8.x86_64                70/87 
FIPS IT (non-strict)	Run base tests	2025-04-22T10:36:33.9874414Z   Verifying        : libwayland-cursor-1.21.0-1.el8.x86_64                71/87 
FIPS IT (non-strict)	Run base tests	2025-04-22T10:36:33.9875267Z   Verifying        : libwayland-egl-1.21.0-1.el8.x86_64                   72/87 
FIPS IT (non-strict)	Run base tests	2025-04-22T10:36:33.9876026Z   Verifying        : nspr-4.35.0-1.el8_8.x86_64                           73/87 
FIPS IT (non-strict)	Run base tests	2025-04-22T10:36:33.9876953Z   Verifying        : pixman-0.38.4-4.el8.x86_64                           74/87 
FIPS IT (non-strict)	Run base tests	2025-04-22T10:36:33.9877744Z   Verifying        : gtk-update-icon-cache-3.22.30-12.el8_10.x86_64       75/87 
FIPS IT (non-strict)	Run base tests	2025-04-22T10:36:33.9880776Z   Verifying        : gtk3-3.22.30-12.el8_10.x86_64                        76/87 
FIPS IT (non-strict)	Run base tests	2025-04-22T10:36:33.9881578Z   Verifying        : jasper-libs-2.0.14-6.el8_10.x86_64                   77/87 
FIPS IT (non-strict)	Run base tests	2025-04-22T10:36:33.9882361Z   Verifying        : java-21-openjdk-1:21.0.7.0.6-1.el8.x86_64            78/87 
FIPS IT (non-strict)	Run base tests	2025-04-22T10:36:33.9883138Z   Verifying        : java-21-openjdk-devel-1:21.0.7.0.6-1.el8.x86_64      79/87 
FIPS IT (non-strict)	Run base tests	2025-04-22T10:36:33.9883907Z   Verifying        : java-21-openjdk-headless-1:21.0.7.0.6-1.el8.x86_64   80/87 
FIPS IT (non-strict)	Run base tests	2025-04-22T10:36:33.9884591Z   Verifying        : libtiff-4.0.9-33.el8_10.x86_64                       81/87 
FIPS IT (non-strict)	Run base tests	2025-04-22T10:36:33.9885423Z   Verifying        : nss-3.101.0-11.el8_8.x86_64                          82/87 
FIPS IT (non-strict)	Run base tests	2025-04-22T10:36:33.9886192Z   Verifying        : nss-softokn-3.101.0-11.el8_8.x86_64                  83/87 
FIPS IT (non-strict)	Run base tests	2025-04-22T10:36:33.9888205Z   Verifying        : nss-softokn-freebl-3.101.0-11.el8_8.x86_64           84/87 
FIPS IT (non-strict)	Run base tests	2025-04-22T10:36:33.9889233Z   Verifying        : nss-sysinit-3.101.0-11.el8_8.x86_64                  85/87 
FIPS IT (non-strict)	Run base tests	2025-04-22T10:36:33.9889991Z   Verifying        : nss-util-3.101.0-11.el8_8.x86_64                     86/87 
FIPS IT (non-strict)	Run base tests	2025-04-22T10:36:34.1256867Z   Verifying        : tzdata-java-2025b-1.el8.noarch                       87/87 
FIPS IT (non-strict)	Run base tests	2025-04-22T10:36:34.1257453Z Installed products updated.
FIPS IT (non-strict)	Run base tests	2025-04-22T10:36:34.1487645Z 
FIPS IT (non-strict)	Run base tests	2025-04-22T10:36:34.1488038Z Installed:
FIPS IT (non-strict)	Run base tests	2025-04-22T10:36:34.1488932Z   abattis-cantarell-fonts-0.0.25-6.el8.noarch                                   
FIPS IT (non-strict)	Run base tests	2025-04-22T10:36:34.1490203Z   adwaita-cursor-theme-3.28.0-3.el8.noarch                                      
FIPS IT (non-strict)	Run base tests	2025-04-22T10:36:34.1491490Z   adwaita-icon-theme-3.28.0-3.el8.noarch                                        
FIPS IT (non-strict)	Run base tests	2025-04-22T10:36:34.1492186Z   alsa-lib-1.2.10-2.el8.x86_64                                                  
FIPS IT (non-strict)	Run base tests	2025-04-22T10:36:34.1492808Z   at-spi2-atk-2.26.2-1.el8.x86_64                                               
FIPS IT (non-strict)	Run base tests	2025-04-22T10:36:34.1493324Z   at-spi2-core-2.28.0-1.el8.x86_64                                              
FIPS IT (non-strict)	Run base tests	2025-04-22T10:36:34.1493794Z   atk-2.28.1-1.el8.x86_64                                                       
FIPS IT (non-strict)	Run base tests	2025-04-22T10:36:34.1494260Z   avahi-libs-0.7-27.el8_10.1.x86_64                                             
FIPS IT (non-strict)	Run base tests	2025-04-22T10:36:34.1494737Z   cairo-1.15.12-6.el8.x86_64                                                    
FIPS IT (non-strict)	Run base tests	2025-04-22T10:36:34.1495227Z   cairo-gobject-1.15.12-6.el8.x86_64                                            
FIPS IT (non-strict)	Run base tests	2025-04-22T10:36:34.1495735Z   colord-libs-1.4.2-1.el8.x86_64                                                
FIPS IT (non-strict)	Run base tests	2025-04-22T10:36:34.1496257Z   copy-jdk-configs-4.0-2.el8.noarch                                             
FIPS IT (non-strict)	Run base tests	2025-04-22T10:36:34.1496975Z   cups-libs-1:2.2.6-62.el8_10.x86_64                                            
FIPS IT (non-strict)	Run base tests	2025-04-22T10:36:34.1497444Z   dconf-0.28.0-4.el8.x86_64                                                     
FIPS IT (non-strict)	Run base tests	2025-04-22T10:36:34.1497962Z   dejavu-fonts-common-2.35-7.el8.noarch                                         
FIPS IT (non-strict)	Run base tests	2025-04-22T10:36:34.1498534Z   dejavu-sans-mono-fonts-2.35-7.el8.noarch                                      
FIPS IT (non-strict)	Run base tests	2025-04-22T10:36:34.1499076Z   fontconfig-2.13.1-4.el8.x86_64                                                
FIPS IT (non-strict)	Run base tests	2025-04-22T10:36:34.1499630Z   fontpackages-filesystem-1.44-22.el8.noarch                                    
FIPS IT (non-strict)	Run base tests	2025-04-22T10:36:34.1500181Z   freetype-2.9.1-10.el8_10.x86_64                                               
FIPS IT (non-strict)	Run base tests	2025-04-22T10:36:34.1500986Z   fribidi-1.0.4-9.el8.x86_64                                                    
FIPS IT (non-strict)	Run base tests	2025-04-22T10:36:34.1501479Z   gdk-pixbuf2-2.36.12-6.el8_10.x86_64                                           
FIPS IT (non-strict)	Run base tests	2025-04-22T10:36:34.1502035Z   gdk-pixbuf2-modules-2.36.12-6.el8_10.x86_64                                   
FIPS IT (non-strict)	Run base tests	2025-04-22T10:36:34.1502592Z   glib-networking-2.56.1-1.1.el8.x86_64                                         
FIPS IT (non-strict)	Run base tests	2025-04-22T10:36:34.1503118Z   graphite2-1.3.10-10.el8.x86_64                                                
FIPS IT (non-strict)	Run base tests	2025-04-22T10:36:34.1503597Z   gsettings-desktop-schemas-3.32.0-6.el8.x86_64                                 
FIPS IT (non-strict)	Run base tests	2025-04-22T10:36:34.1504097Z   gtk-update-icon-cache-3.22.30-12.el8_10.x86_64                                
FIPS IT (non-strict)	Run base tests	2025-04-22T10:36:34.1504529Z   gtk3-3.22.30-12.el8_10.x86_64                                                 
FIPS IT (non-strict)	Run base tests	2025-04-22T10:36:34.1504916Z   harfbuzz-1.7.5-4.el8.x86_64                                                   
FIPS IT (non-strict)	Run base tests	2025-04-22T10:36:34.1505370Z   hicolor-icon-theme-0.17-2.el8.noarch                                          
FIPS IT (non-strict)	Run base tests	2025-04-22T10:36:34.1505822Z   jasper-libs-2.0.14-6.el8_10.x86_64                                            
FIPS IT (non-strict)	Run base tests	2025-04-22T10:36:34.1506248Z   java-21-openjdk-1:21.0.7.0.6-1.el8.x86_64                                     
FIPS IT (non-strict)	Run base tests	2025-04-22T10:36:34.1506694Z   java-21-openjdk-devel-1:21.0.7.0.6-1.el8.x86_64                               
FIPS IT (non-strict)	Run base tests	2025-04-22T10:36:34.1507161Z   java-21-openjdk-headless-1:21.0.7.0.6-1.el8.x86_64                            
FIPS IT (non-strict)	Run base tests	2025-04-22T10:36:34.1507672Z   javapackages-filesystem-5.3.0-1.module+el8+2447+6f56d9a6.noarch               
FIPS IT (non-strict)	Run base tests	2025-04-22T10:36:34.1508161Z   jbigkit-libs-2.1-14.el8.x86_64                                                
FIPS IT (non-strict)	Run base tests	2025-04-22T10:36:34.1508555Z   lcms2-2.9-2.el8.x86_64                                                        
FIPS IT (non-strict)	Run base tests	2025-04-22T10:36:34.1508938Z   libX11-1.6.8-9.el8_10.x86_64                                                  
FIPS IT (non-strict)	Run base tests	2025-04-22T10:36:34.1509347Z   libX11-common-1.6.8-9.el8_10.noarch                                           
FIPS IT (non-strict)	Run base tests	2025-04-22T10:36:34.1509763Z   libXau-1.0.9-3.el8.x86_64                                                     
FIPS IT (non-strict)	Run base tests	2025-04-22T10:36:34.1510174Z   libXcomposite-0.4.4-14.el8.x86_64                                             
FIPS IT (non-strict)	Run base tests	2025-04-22T10:36:34.1510709Z   libXcursor-1.1.15-3.el8.x86_64                                                
FIPS IT (non-strict)	Run base tests	2025-04-22T10:36:34.1511120Z   libXdamage-1.1.4-14.el8.x86_64                                                
FIPS IT (non-strict)	Run base tests	2025-04-22T10:36:34.1511522Z   libXext-1.3.4-1.el8.x86_64                                                    
FIPS IT (non-strict)	Run base tests	2025-04-22T10:36:34.1511916Z   libXfixes-5.0.3-7.el8.x86_64                                                  
FIPS IT (non-strict)	Run base tests	2025-04-22T10:36:34.1512316Z   libXft-2.3.3-1.el8.x86_64                                                     
FIPS IT (non-strict)	Run base tests	2025-04-22T10:36:34.1512692Z   libXi-1.7.10-1.el8.x86_64                                                     
FIPS IT (non-strict)	Run base tests	2025-04-22T10:36:34.1513089Z   libXinerama-1.1.4-1.el8.x86_64                                                
FIPS IT (non-strict)	Run base tests	2025-04-22T10:36:34.1513509Z   libXrandr-1.5.2-1.el8.x86_64                                                  
FIPS IT (non-strict)	Run base tests	2025-04-22T10:36:34.1513917Z   libXrender-0.9.10-7.el8.x86_64                                                
FIPS IT (non-strict)	Run base tests	2025-04-22T10:36:34.1514455Z   libXtst-1.2.3-7.el8.x86_64                                                    
FIPS IT (non-strict)	Run base tests	2025-04-22T10:36:34.1514871Z   libdatrie-0.2.9-7.el8.x86_64                                                  
FIPS IT (non-strict)	Run base tests	2025-04-22T10:36:34.1515276Z   libepoxy-1.5.8-1.el8.x86_64                                                   
FIPS IT (non-strict)	Run base tests	2025-04-22T10:36:34.1515681Z   libfontenc-1.1.3-8.el8.x86_64                                                 
FIPS IT (non-strict)	Run base tests	2025-04-22T10:36:34.1516078Z   libgusb-0.3.0-1.el8.x86_64                                                    
FIPS IT (non-strict)	Run base tests	2025-04-22T10:36:34.1516492Z   libjpeg-turbo-1.5.3-12.el8.x86_64                                             
FIPS IT (non-strict)	Run base tests	2025-04-22T10:36:34.1516908Z   libmodman-2.0.1-17.el8.x86_64                                                 
FIPS IT (non-strict)	Run base tests	2025-04-22T10:36:34.1517431Z   libpkgconf-1.4.2-1.el8.x86_64                                                 
FIPS IT (non-strict)	Run base tests	2025-04-22T10:36:34.1517827Z   libpng-2:1.6.34-5.el8.x86_64                                                  
FIPS IT (non-strict)	Run base tests	2025-04-22T10:36:34.1518231Z   libproxy-0.4.15-5.5.el8_10.x86_64                                             
FIPS IT (non-strict)	Run base tests	2025-04-22T10:36:34.1518635Z   libsoup-2.62.3-7.el8_10.x86_64                                                
FIPS IT (non-strict)	Run base tests	2025-04-22T10:36:34.1519026Z   libthai-0.1.27-2.el8.x86_64                                                   
FIPS IT (non-strict)	Run base tests	2025-04-22T10:36:34.1519423Z   libtiff-4.0.9-33.el8_10.x86_64                                                
FIPS IT (non-strict)	Run base tests	2025-04-22T10:36:34.1519846Z   libwayland-client-1.21.0-1.el8.x86_64                                         
FIPS IT (non-strict)	Run base tests	2025-04-22T10:36:34.1520298Z   libwayland-cursor-1.21.0-1.el8.x86_64                                         
FIPS IT (non-strict)	Run base tests	2025-04-22T10:36:34.1520855Z   libwayland-egl-1.21.0-1.el8.x86_64                                            
FIPS IT (non-strict)	Run base tests	2025-04-22T10:36:34.1521263Z   libxcb-1.13.1-1.el8.x86_64                                                    
FIPS IT (non-strict)	Run base tests	2025-04-22T10:36:34.1521677Z   libxkbcommon-0.9.1-1.el8.x86_64                                               
FIPS IT (non-strict)	Run base tests	2025-04-22T10:36:34.1522097Z   lksctp-tools-1.0.18-3.el8.x86_64                                              
FIPS IT (non-strict)	Run base tests	2025-04-22T10:36:34.1522499Z   lua-5.3.4-12.el8.x86_64                                                       
FIPS IT (non-strict)	Run base tests	2025-04-22T10:36:34.1522879Z   nspr-4.35.0-1.el8_8.x86_64                                                    
FIPS IT (non-strict)	Run base tests	2025-04-22T10:36:34.1523251Z   nss-3.101.0-11.el8_8.x86_64                                                   
FIPS IT (non-strict)	Run base tests	2025-04-22T10:36:34.1523658Z   nss-softokn-3.101.0-11.el8_8.x86_64                                           
FIPS IT (non-strict)	Run base tests	2025-04-22T10:36:34.1524096Z   nss-softokn-freebl-3.101.0-11.el8_8.x86_64                                    
FIPS IT (non-strict)	Run base tests	2025-04-22T10:36:34.1524531Z   nss-sysinit-3.101.0-11.el8_8.x86_64                                           
FIPS IT (non-strict)	Run base tests	2025-04-22T10:36:34.1524940Z   nss-util-3.101.0-11.el8_8.x86_64                                              
FIPS IT (non-strict)	Run base tests	2025-04-22T10:36:34.1525340Z   pango-1.42.4-8.el8.x86_64                                                     
FIPS IT (non-strict)	Run base tests	2025-04-22T10:36:34.1525745Z   pixman-0.38.4-4.el8.x86_64                                                    
FIPS IT (non-strict)	Run base tests	2025-04-22T10:36:34.1526144Z   pkgconf-1.4.2-1.el8.x86_64                                                    
FIPS IT (non-strict)	Run base tests	2025-04-22T10:36:34.1526551Z   pkgconf-m4-1.4.2-1.el8.noarch                                                 
FIPS IT (non-strict)	Run base tests	2025-04-22T10:36:34.1526995Z   pkgconf-pkg-config-1.4.2-1.el8.x86_64                                         
FIPS IT (non-strict)	Run base tests	2025-04-22T10:36:34.1527407Z   rest-0.8.1-2.el8.x86_64                                                       
FIPS IT (non-strict)	Run base tests	2025-04-22T10:36:34.1527812Z   shared-mime-info-1.9-4.el8.x86_64                                             
FIPS IT (non-strict)	Run base tests	2025-04-22T10:36:34.1528228Z   ttmkfdir-3.0.9-54.el8.x86_64                                                  
FIPS IT (non-strict)	Run base tests	2025-04-22T10:36:34.1528654Z   tzdata-java-2025b-1.el8.noarch                                                
FIPS IT (non-strict)	Run base tests	2025-04-22T10:36:34.1529114Z   xkeyboard-config-2.28-1.el8.noarch                                            
FIPS IT (non-strict)	Run base tests	2025-04-22T10:36:34.1529562Z   xorg-x11-font-utils-1:7.5-41.el8.x86_64                                       
FIPS IT (non-strict)	Run base tests	2025-04-22T10:36:34.1530141Z   xorg-x11-fonts-Type1-7.5-19.el8.noarch                                        
FIPS IT (non-strict)	Run base tests	2025-04-22T10:36:34.1530424Z 
FIPS IT (non-strict)	Run base tests	2025-04-22T10:36:34.1530635Z Complete!
FIPS IT (non-strict)	Run base tests	2025-04-22T10:36:34.2281836Z + fips-mode-setup --enable --no-bootcfg
FIPS IT (non-strict)	Run base tests	2025-04-22T10:36:34.3218881Z Setting system policy to FIPS
FIPS IT (non-strict)	Run base tests	2025-04-22T10:36:34.3219423Z Note: System-wide crypto policies are applied on application start-up.
FIPS IT (non-strict)	Run base tests	2025-04-22T10:36:34.3219987Z It is recommended to restart the system for the change of policies
FIPS IT (non-strict)	Run base tests	2025-04-22T10:36:34.3220402Z to fully take place.
FIPS IT (non-strict)	Run base tests	2025-04-22T10:36:34.3316060Z The grubby command is missing, please configure the bootloader manually.
FIPS IT (non-strict)	Run base tests	2025-04-22T10:36:34.3320731Z FIPS mode will be enabled.
FIPS IT (non-strict)	Run base tests	2025-04-22T10:36:34.3322379Z Now you need to configure the bootloader to add kernel options "fips=1"
FIPS IT (non-strict)	Run base tests	2025-04-22T10:36:34.3323242Z and reboot the system for the setting to take effect.
FIPS IT (non-strict)	Run base tests	2025-04-22T10:36:34.3325585Z + fips-mode-setup --is-enabled
FIPS IT (non-strict)	Run base tests	2025-04-22T10:36:34.3361713Z cat: /proc/sys/crypto/fips_enabled: No such file or directory
FIPS IT (non-strict)	Run base tests	2025-04-22T10:36:34.3370734Z + '[' 2 -ne 0 ']'
FIPS IT (non-strict)	Run base tests	2025-04-22T10:36:34.3371032Z + exit 1
FIPS IT (non-strict)	Run base tests	2025-04-22T10:36:35.2865307Z ##[error]Process completed with exit code 1.
Status Check - Keycloak CI	Run /./.github/actions/status-check	2025-04-22T11:19:07.9623837Z Prepare all required actions
Status Check - Keycloak CI	Run /./.github/actions/status-check	2025-04-22T11:19:07.9699172Z ##[group]Run ./.github/actions/status-check
Status Check - Keycloak CI	Run /./.github/actions/status-check	2025-04-22T11:19:07.9699566Z with:
Status Check - Keycloak CI	Run /./.github/actions/status-check	2025-04-22T11:19:07.9703614Z   jobs: {
Status Check - Keycloak CI	Run /./.github/actions/status-check	  "conditional": {
Status Check - Keycloak CI	Run /./.github/actions/status-check	    "result": "success",
Status Check - Keycloak CI	Run /./.github/actions/status-check	    "outputs": {
Status Check - Keycloak CI	Run /./.github/actions/status-check	      "ci": "true",
Status Check - Keycloak CI	Run /./.github/actions/status-check	      "ci-aurora": "false",
Status Check - Keycloak CI	Run /./.github/actions/status-check	      "ci-quarkus": "false",
Status Check - Keycloak CI	Run /./.github/actions/status-check	      "ci-sssd": "false",
Status Check - Keycloak CI	Run /./.github/actions/status-check	      "ci-store": "false",
Status Check - Keycloak CI	Run /./.github/actions/status-check	      "ci-webauthn": "true"
Status Check - Keycloak CI	Run /./.github/actions/status-check	    }
Status Check - Keycloak CI	Run /./.github/actions/status-check	  },
Status Check - Keycloak CI	Run /./.github/actions/status-check	  "build": {
Status Check - Keycloak CI	Run /./.github/actions/status-check	    "result": "success",
Status Check - Keycloak CI	Run /./.github/actions/status-check	    "outputs": {}
Status Check - Keycloak CI	Run /./.github/actions/status-check	  },
Status Check - Keycloak CI	Run /./.github/actions/status-check	  "unit-tests": {
Status Check - Keycloak CI	Run /./.github/actions/status-check	    "result": "success",
Status Check - Keycloak CI	Run /./.github/actions/status-check	    "outputs": {}
Status Check - Keycloak CI	Run /./.github/actions/status-check	  },
Status Check - Keycloak CI	Run /./.github/actions/status-check	  "base-integration-tests": {
Status Check - Keycloak CI	Run /./.github/actions/status-check	    "result": "success",
Status Check - Keycloak CI	Run /./.github/actions/status-check	    "outputs": {}
Status Check - Keycloak CI	Run /./.github/actions/status-check	  },
Status Check - Keycloak CI	Run /./.github/actions/status-check	  "adapter-integration-tests": {
Status Check - Keycloak CI	Run /./.github/actions/status-check	    "result": "success",
Status Check - Keycloak CI	Run /./.github/actions/status-check	    "outputs": {}
Status Check - Keycloak CI	Run /./.github/actions/status-check	  },
Status Check - Keycloak CI	Run /./.github/actions/status-check	  "adapter-integration-tests-strict-cookies": {
Status Check - Keycloak CI	Run /./.github/actions/status-check	    "result": "success",
Status Check - Keycloak CI	Run /./.github/actions/status-check	    "outputs": {}
Status Check - Keycloak CI	Run /./.github/actions/status-check	  },
Status Check - Keycloak CI	Run /./.github/actions/status-check	  "quarkus-unit-tests": {
Status Check - Keycloak CI	Run /./.github/actions/status-check	    "result": "skipped",
Status Check - Keycloak CI	Run /./.github/actions/status-check	    "outputs": {}
Status Check - Keycloak CI	Run /./.github/actions/status-check	  },
Status Check - Keycloak CI	Run /./.github/actions/status-check	  "quarkus-integration-tests": {
Status Check - Keycloak CI	Run /./.github/actions/status-check	    "result": "success",
Status Check - Keycloak CI	Run /./.github/actions/status-check	    "outputs": {}
Status Check - Keycloak CI	Run /./.github/actions/status-check	  },
Status Check - Keycloak CI	Run /./.github/actions/status-check	  "jdk-integration-tests": {
Status Check - Keycloak CI	Run /./.github/actions/status-check	    "result": "success",
Status Check - Keycloak CI	Run /./.github/actions/status-check	    "outputs": {}
Status Check - Keycloak CI	Run /./.github/actions/status-check	  },
Status Check - Keycloak CI	Run /./.github/actions/status-check	  "store-integration-tests": {
Status Check - Keycloak CI	Run /./.github/actions/status-check	    "result": "success",
Status Check - Keycloak CI	Run /./.github/actions/status-check	    "outputs": {}
Status Check - Keycloak CI	Run /./.github/actions/status-check	  },
Status Check - Keycloak CI	Run /./.github/actions/status-check	  "volatile-sessions-tests": {
Status Check - Keycloak CI	Run /./.github/actions/status-check	    "result": "skipped",
Status Check - Keycloak CI	Run /./.github/actions/status-check	    "outputs": {}
Status Check - Keycloak CI	Run /./.github/actions/status-check	  },
Status Check - Keycloak CI	Run /./.github/actions/status-check	  "store-model-tests": {
Status Check - Keycloak CI	Run /./.github/actions/status-check	    "result": "skipped",
Status Check - Keycloak CI	Run /./.github/actions/status-check	    "outputs": {}
Status Check - Keycloak CI	Run /./.github/actions/status-check	  },
Status Check - Keycloak CI	Run /./.github/actions/status-check	  "clustering-integration-tests": {
Status Check - Keycloak CI	Run /./.github/actions/status-check	    "result": "success",
Status Check - Keycloak CI	Run /./.github/actions/status-check	    "outputs": {}
Status Check - Keycloak CI	Run /./.github/actions/status-check	  },
Status Check - Keycloak CI	Run /./.github/actions/status-check	  "fips-unit-tests": {
Status Check - Keycloak CI	Run /./.github/actions/status-check	    "result": "success",
Status Check - Keycloak CI	Run /./.github/actions/status-check	    "outputs": {}
Status Check - Keycloak CI	Run /./.github/actions/status-check	  },
Status Check - Keycloak CI	Run /./.github/actions/status-check	  "fips-integration-tests": {
Status Check - Keycloak CI	Run /./.github/actions/status-check	    "result": "failure",
Status Check - Keycloak CI	Run /./.github/actions/status-check	    "outputs": {}
Status Check - Keycloak CI	Run /./.github/actions/status-check	  },
Status Check - Keycloak CI	Run /./.github/actions/status-check	  "forms-integration-tests": {
Status Check - Keycloak CI	Run /./.github/actions/status-check	    "result": "success",
Status Check - Keycloak CI	Run /./.github/actions/status-check	    "outputs": {}
Status Check - Keycloak CI	Run /./.github/actions/status-check	  },
Status Check - Keycloak CI	Run /./.github/actions/status-check	  "webauthn-integration-tests": {
Status Check - Keycloak CI	Run /./.github/actions/status-check	    "result": "success",
Status Check - Keycloak CI	Run /./.github/actions/status-check	    "outputs": {}
Status Check - Keycloak CI	Run /./.github/actions/status-check	  },
Status Check - Keycloak CI	Run /./.github/actions/status-check	  "sssd-unit-tests": {
Status Check - Keycloak CI	Run /./.github/actions/status-check	    "result": "skipped",
Status Check - Keycloak CI	Run /./.github/actions/status-check	    "outputs": {}
Status Check - Keycloak CI	Run /./.github/actions/status-check	  },
Status Check - Keycloak CI	Run /./.github/actions/status-check	  "migration-tests": {
Status Check - Keycloak CI	Run /./.github/actions/status-check	    "result": "success",
Status Check - Keycloak CI	Run /./.github/actions/status-check	    "outputs": {}
Status Check - Keycloak CI	Run /./.github/actions/status-check	  },
Status Check - Keycloak CI	Run /./.github/actions/status-check	  "external-infinispan-tests": {
Status Check - Keycloak CI	Run /./.github/actions/status-check	    "result": "skipped",
Status Check - Keycloak CI	Run /./.github/actions/status-check	    "outputs": {}
Status Check - Keycloak CI	Run /./.github/actions/status-check	  },
Status Check - Keycloak CI	Run /./.github/actions/status-check	  "test-framework": {
Status Check - Keycloak CI	Run /./.github/actions/status-check	    "result": "success",
Status Check - Keycloak CI	Run /./.github/actions/status-check	    "outputs": {}
Status Check - Keycloak CI	Run /./.github/actions/status-check	  },
Status Check - Keycloak CI	Run /./.github/actions/status-check	  "base-new-integration-tests": {
Status Check - Keycloak CI	Run /./.github/actions/status-check	    "result": "success",
Status Check - Keycloak CI	Run /./.github/actions/status-check	    "outputs": {}
Status Check - Keycloak CI	Run /./.github/actions/status-check	  }
Status Check - Keycloak CI	Run /./.github/actions/status-check	}
Status Check - Keycloak CI	Run /./.github/actions/status-check	2025-04-22T11:19:07.9708068Z env:
Status Check - Keycloak CI	Run /./.github/actions/status-check	2025-04-22T11:19:07.9708382Z   MAVEN_ARGS: -B -nsu -Daether.connector.http.connectionMaxTtl=25
Status Check - Keycloak CI	Run /./.github/actions/status-check	2025-04-22T11:19:07.9795370Z   SUREFIRE_RERUN_FAILING_COUNT: 2
Status Check - Keycloak CI	Run /./.github/actions/status-check	2025-04-22T11:19:07.9795909Z   SUREFIRE_RETRY: -Dsurefire.rerunFailingTestsCount=2
Status Check - Keycloak CI	Run /./.github/actions/status-check	2025-04-22T11:19:07.9796260Z ##[endgroup]
Status Check - Keycloak CI	Run /./.github/actions/status-check	2025-04-22T11:19:07.9909394Z ##[group]Run JOBS='{
Status Check - Keycloak CI	Run /./.github/actions/status-check	2025-04-22T11:19:07.9909848Z [36;1mJOBS='{[0m
Status Check - Keycloak CI	Run /./.github/actions/status-check	2025-04-22T11:19:07.9910110Z [36;1m  "conditional": {[0m
Status Check - Keycloak CI	Run /./.github/actions/status-check	2025-04-22T11:19:07.9910547Z [36;1m    "result": "success",[0m
Status Check - Keycloak CI	Run /./.github/actions/status-check	2025-04-22T11:19:07.9910846Z [36;1m    "outputs": {[0m
Status Check - Keycloak CI	Run /./.github/actions/status-check	2025-04-22T11:19:07.9911104Z [36;1m      "ci": "true",[0m
Status Check - Keycloak CI	Run /./.github/actions/status-check	2025-04-22T11:19:07.9911369Z [36;1m      "ci-aurora": "false",[0m
Status Check - Keycloak CI	Run /./.github/actions/status-check	2025-04-22T11:19:07.9911644Z [36;1m      "ci-quarkus": "false",[0m
Status Check - Keycloak CI	Run /./.github/actions/status-check	2025-04-22T11:19:07.9911927Z [36;1m      "ci-sssd": "false",[0m
Status Check - Keycloak CI	Run /./.github/actions/status-check	2025-04-22T11:19:07.9912205Z [36;1m      "ci-store": "false",[0m
Status Check - Keycloak CI	Run /./.github/actions/status-check	2025-04-22T11:19:07.9912509Z [36;1m      "ci-webauthn": "true"[0m
Status Check - Keycloak CI	Run /./.github/actions/status-check	2025-04-22T11:19:07.9912773Z [36;1m    }[0m
Status Check - Keycloak CI	Run /./.github/actions/status-check	2025-04-22T11:19:07.9912994Z [36;1m  },[0m
Status Check - Keycloak CI	Run /./.github/actions/status-check	2025-04-22T11:19:07.9913216Z [36;1m  "build": {[0m
Status Check - Keycloak CI	Run /./.github/actions/status-check	2025-04-22T11:19:07.9913453Z [36;1m    "result": "success",[0m
Status Check - Keycloak CI	Run /./.github/actions/status-check	2025-04-22T11:19:07.9913722Z [36;1m    "outputs": {}[0m
Status Check - Keycloak CI	Run /./.github/actions/status-check	2025-04-22T11:19:07.9913970Z [36;1m  },[0m
Status Check - Keycloak CI	Run /./.github/actions/status-check	2025-04-22T11:19:07.9914191Z [36;1m  "unit-tests": {[0m
Status Check - Keycloak CI	Run /./.github/actions/status-check	2025-04-22T11:19:07.9914452Z [36;1m    "result": "success",[0m
Status Check - Keycloak CI	Run /./.github/actions/status-check	2025-04-22T11:19:07.9914732Z [36;1m    "outputs": {}[0m
Status Check - Keycloak CI	Run /./.github/actions/status-check	2025-04-22T11:19:07.9914984Z [36;1m  },[0m
Status Check - Keycloak CI	Run /./.github/actions/status-check	2025-04-22T11:19:07.9915225Z [36;1m  "base-integration-tests": {[0m
Status Check - Keycloak CI	Run /./.github/actions/status-check	2025-04-22T11:19:07.9915515Z [36;1m    "result": "success",[0m
Status Check - Keycloak CI	Run /./.github/actions/status-check	2025-04-22T11:19:07.9915783Z [36;1m    "outputs": {}[0m
Status Check - Keycloak CI	Run /./.github/actions/status-check	2025-04-22T11:19:07.9916027Z [36;1m  },[0m
Status Check - Keycloak CI	Run /./.github/actions/status-check	2025-04-22T11:19:07.9916271Z [36;1m  "adapter-integration-tests": {[0m
Status Check - Keycloak CI	Run /./.github/actions/status-check	2025-04-22T11:19:07.9916568Z [36;1m    "result": "success",[0m
Status Check - Keycloak CI	Run /./.github/actions/status-check	2025-04-22T11:19:07.9916826Z [36;1m    "outputs": {}[0m
Status Check - Keycloak CI	Run /./.github/actions/status-check	2025-04-22T11:19:07.9917295Z [36;1m  },[0m
Status Check - Keycloak CI	Run /./.github/actions/status-check	2025-04-22T11:19:07.9917603Z [36;1m  "adapter-integration-tests-strict-cookies": {[0m
Status Check - Keycloak CI	Run /./.github/actions/status-check	2025-04-22T11:19:07.9918137Z [36;1m    "result": "success",[0m
Status Check - Keycloak CI	Run /./.github/actions/status-check	2025-04-22T11:19:07.9918401Z [36;1m    "outputs": {}[0m
Status Check - Keycloak CI	Run /./.github/actions/status-check	2025-04-22T11:19:07.9918634Z [36;1m  },[0m
Status Check - Keycloak CI	Run /./.github/actions/status-check	2025-04-22T11:19:07.9918859Z [36;1m  "quarkus-unit-tests": {[0m
Status Check - Keycloak CI	Run /./.github/actions/status-check	2025-04-22T11:19:07.9919136Z [36;1m    "result": "skipped",[0m
Status Check - Keycloak CI	Run /./.github/actions/status-check	2025-04-22T11:19:07.9919413Z [36;1m    "outputs": {}[0m
Status Check - Keycloak CI	Run /./.github/actions/status-check	2025-04-22T11:19:07.9919657Z [36;1m  },[0m
Status Check - Keycloak CI	Run /./.github/actions/status-check	2025-04-22T11:19:07.9919897Z [36;1m  "quarkus-integration-tests": {[0m
Status Check - Keycloak CI	Run /./.github/actions/status-check	2025-04-22T11:19:07.9920233Z [36;1m    "result": "success",[0m
Status Check - Keycloak CI	Run /./.github/actions/status-check	2025-04-22T11:19:07.9920612Z [36;1m    "outputs": {}[0m
Status Check - Keycloak CI	Run /./.github/actions/status-check	2025-04-22T11:19:07.9920861Z [36;1m  },[0m
Status Check - Keycloak CI	Run /./.github/actions/status-check	2025-04-22T11:19:07.9921090Z [36;1m  "jdk-integration-tests": {[0m
Status Check - Keycloak CI	Run /./.github/actions/status-check	2025-04-22T11:19:07.9921402Z [36;1m    "result": "success",[0m
Status Check - Keycloak CI	Run /./.github/actions/status-check	2025-04-22T11:19:07.9921668Z [36;1m    "outputs": {}[0m
Status Check - Keycloak CI	Run /./.github/actions/status-check	2025-04-22T11:19:07.9921904Z [36;1m  },[0m
Status Check - Keycloak CI	Run /./.github/actions/status-check	2025-04-22T11:19:07.9922150Z [36;1m  "store-integration-tests": {[0m
Status Check - Keycloak CI	Run /./.github/actions/status-check	2025-04-22T11:19:07.9922445Z [36;1m    "result": "success",[0m
Status Check - Keycloak CI	Run /./.github/actions/status-check	2025-04-22T11:19:07.9922718Z [36;1m    "outputs": {}[0m
Status Check - Keycloak CI	Run /./.github/actions/status-check	2025-04-22T11:19:07.9922957Z [36;1m  },[0m
Status Check - Keycloak CI	Run /./.github/actions/status-check	2025-04-22T11:19:07.9923188Z [36;1m  "volatile-sessions-tests": {[0m
Status Check - Keycloak CI	Run /./.github/actions/status-check	2025-04-22T11:19:07.9923486Z [36;1m    "result": "skipped",[0m
Status Check - Keycloak CI	Run /./.github/actions/status-check	2025-04-22T11:19:07.9923756Z [36;1m    "outputs": {}[0m
Status Check - Keycloak CI	Run /./.github/actions/status-check	2025-04-22T11:19:07.9924004Z [36;1m  },[0m
Status Check - Keycloak CI	Run /./.github/actions/status-check	2025-04-22T11:19:07.9924229Z [36;1m  "store-model-tests": {[0m
Status Check - Keycloak CI	Run /./.github/actions/status-check	2025-04-22T11:19:07.9924499Z [36;1m    "result": "skipped",[0m
Status Check - Keycloak CI	Run /./.github/actions/status-check	2025-04-22T11:19:07.9924761Z [36;1m    "outputs": {}[0m
Status Check - Keycloak CI	Run /./.github/actions/status-check	2025-04-22T11:19:07.9925013Z [36;1m  },[0m
Status Check - Keycloak CI	Run /./.github/actions/status-check	2025-04-22T11:19:07.9925261Z [36;1m  "clustering-integration-tests": {[0m
Status Check - Keycloak CI	Run /./.github/actions/status-check	2025-04-22T11:19:07.9925572Z [36;1m    "result": "success",[0m
Status Check - Keycloak CI	Run /./.github/actions/status-check	2025-04-22T11:19:07.9925832Z [36;1m    "outputs": {}[0m
Status Check - Keycloak CI	Run /./.github/actions/status-check	2025-04-22T11:19:07.9926069Z [36;1m  },[0m
Status Check - Keycloak CI	Run /./.github/actions/status-check	2025-04-22T11:19:07.9926290Z [36;1m  "fips-unit-tests": {[0m
Status Check - Keycloak CI	Run /./.github/actions/status-check	2025-04-22T11:19:07.9926567Z [36;1m    "result": "success",[0m
Status Check - Keycloak CI	Run /./.github/actions/status-check	2025-04-22T11:19:07.9926824Z [36;1m    "outputs": {}[0m
Status Check - Keycloak CI	Run /./.github/actions/status-check	2025-04-22T11:19:07.9927064Z [36;1m  },[0m
Status Check - Keycloak CI	Run /./.github/actions/status-check	2025-04-22T11:19:07.9927293Z [36;1m  "fips-integration-tests": {[0m
Status Check - Keycloak CI	Run /./.github/actions/status-check	2025-04-22T11:19:07.9927578Z [36;1m    "result": "failure",[0m
Status Check - Keycloak CI	Run /./.github/actions/status-check	2025-04-22T11:19:07.9927838Z [36;1m    "outputs": {}[0m
Status Check - Keycloak CI	Run /./.github/actions/status-check	2025-04-22T11:19:07.9928073Z [36;1m  },[0m
Status Check - Keycloak CI	Run /./.github/actions/status-check	2025-04-22T11:19:07.9928298Z [36;1m  "forms-integration-tests": {[0m
Status Check - Keycloak CI	Run /./.github/actions/status-check	2025-04-22T11:19:07.9928586Z [36;1m    "result": "success",[0m
Status Check - Keycloak CI	Run /./.github/actions/status-check	2025-04-22T11:19:07.9928846Z [36;1m    "outputs": {}[0m
Status Check - Keycloak CI	Run /./.github/actions/status-check	2025-04-22T11:19:07.9929084Z [36;1m  },[0m
Status Check - Keycloak CI	Run /./.github/actions/status-check	2025-04-22T11:19:07.9929327Z [36;1m  "webauthn-integration-tests": {[0m
Status Check - Keycloak CI	Run /./.github/actions/status-check	2025-04-22T11:19:07.9929617Z [36;1m    "result": "success",[0m
Status Check - Keycloak CI	Run /./.github/actions/status-check	2025-04-22T11:19:07.9929882Z [36;1m    "outputs": {}[0m
Status Check - Keycloak CI	Run /./.github/actions/status-check	2025-04-22T11:19:07.9930118Z [36;1m  },[0m
Status Check - Keycloak CI	Run /./.github/actions/status-check	2025-04-22T11:19:07.9930505Z [36;1m  "sssd-unit-tests": {[0m
Status Check - Keycloak CI	Run /./.github/actions/status-check	2025-04-22T11:19:07.9930776Z [36;1m    "result": "skipped",[0m
Status Check - Keycloak CI	Run /./.github/actions/status-check	2025-04-22T11:19:07.9931037Z [36;1m    "outputs": {}[0m
Status Check - Keycloak CI	Run /./.github/actions/status-check	2025-04-22T11:19:07.9931272Z [36;1m  },[0m
Status Check - Keycloak CI	Run /./.github/actions/status-check	2025-04-22T11:19:07.9931491Z [36;1m  "migration-tests": {[0m
Status Check - Keycloak CI	Run /./.github/actions/status-check	2025-04-22T11:19:07.9931761Z [36;1m    "result": "success",[0m
Status Check - Keycloak CI	Run /./.github/actions/status-check	2025-04-22T11:19:07.9932022Z [36;1m    "outputs": {}[0m
Status Check - Keycloak CI	Run /./.github/actions/status-check	2025-04-22T11:19:07.9932256Z [36;1m  },[0m
Status Check - Keycloak CI	Run /./.github/actions/status-check	2025-04-22T11:19:07.9932494Z [36;1m  "external-infinispan-tests": {[0m
Status Check - Keycloak CI	Run /./.github/actions/status-check	2025-04-22T11:19:07.9932796Z [36;1m    "result": "skipped",[0m
Status Check - Keycloak CI	Run /./.github/actions/status-check	2025-04-22T11:19:07.9933068Z [36;1m    "outputs": {}[0m
Status Check - Keycloak CI	Run /./.github/actions/status-check	2025-04-22T11:19:07.9933306Z [36;1m  },[0m
Status Check - Keycloak CI	Run /./.github/actions/status-check	2025-04-22T11:19:07.9933526Z [36;1m  "test-framework": {[0m
Status Check - Keycloak CI	Run /./.github/actions/status-check	2025-04-22T11:19:07.9933795Z [36;1m    "result": "success",[0m
Status Check - Keycloak CI	Run /./.github/actions/status-check	2025-04-22T11:19:07.9934060Z [36;1m    "outputs": {}[0m
Status Check - Keycloak CI	Run /./.github/actions/status-check	2025-04-22T11:19:07.9934301Z [36;1m  },[0m
Status Check - Keycloak CI	Run /./.github/actions/status-check	2025-04-22T11:19:07.9934543Z [36;1m  "base-new-integration-tests": {[0m
Status Check - Keycloak CI	Run /./.github/actions/status-check	2025-04-22T11:19:07.9934836Z [36;1m    "result": "success",[0m
Status Check - Keycloak CI	Run /./.github/actions/status-check	2025-04-22T11:19:07.9935097Z [36;1m    "outputs": {}[0m
Status Check - Keycloak CI	Run /./.github/actions/status-check	2025-04-22T11:19:07.9935336Z [36;1m  }[0m
Status Check - Keycloak CI	Run /./.github/actions/status-check	2025-04-22T11:19:07.9935711Z [36;1m}'[0m
Status Check - Keycloak CI	Run /./.github/actions/status-check	2025-04-22T11:19:07.9935924Z [36;1m[0m
Status Check - Keycloak CI	Run /./.github/actions/status-check	2025-04-22T11:19:07.9936139Z [36;1mecho "Job status:"[0m
Status Check - Keycloak CI	Run /./.github/actions/status-check	2025-04-22T11:19:07.9936630Z [36;1mecho $JOBS | jq -r 'to_entries[] | " - \(.key): \(.value.result)"'[0m
Status Check - Keycloak CI	Run /./.github/actions/status-check	2025-04-22T11:19:07.9936991Z [36;1m[0m
Status Check - Keycloak CI	Run /./.github/actions/status-check	2025-04-22T11:19:07.9937280Z [36;1mfor i in $(echo $JOBS | jq -r 'to_entries[] | .value.result'); do[0m
Status Check - Keycloak CI	Run /./.github/actions/status-check	2025-04-22T11:19:07.9937692Z [36;1m  if [ "$i" != "success" ] && [ "$i" != "skipped" ]; then[0m
Status Check - Keycloak CI	Run /./.github/actions/status-check	2025-04-22T11:19:07.9938011Z [36;1m    echo ""[0m
Status Check - Keycloak CI	Run /./.github/actions/status-check	2025-04-22T11:19:07.9938264Z [36;1m    echo "Status check not okay!"[0m
Status Check - Keycloak CI	Run /./.github/actions/status-check	2025-04-22T11:19:07.9938546Z [36;1m    exit 1[0m
Status Check - Keycloak CI	Run /./.github/actions/status-check	2025-04-22T11:19:07.9938770Z [36;1m  fi[0m
Status Check - Keycloak CI	Run /./.github/actions/status-check	2025-04-22T11:19:07.9938982Z [36;1mdone[0m
Status Check - Keycloak CI	Run /./.github/actions/status-check	2025-04-22T11:19:07.9994449Z shell: /usr/bin/bash --noprofile --norc -e -o pipefail {0}
Status Check - Keycloak CI	Run /./.github/actions/status-check	2025-04-22T11:19:07.9994878Z env:
Status Check - Keycloak CI	Run /./.github/actions/status-check	2025-04-22T11:19:07.9995217Z   MAVEN_ARGS: -B -nsu -Daether.connector.http.connectionMaxTtl=25
Status Check - Keycloak CI	Run /./.github/actions/status-check	2025-04-22T11:19:07.9995606Z   SUREFIRE_RERUN_FAILING_COUNT: 2
Status Check - Keycloak CI	Run /./.github/actions/status-check	2025-04-22T11:19:07.9995961Z   SUREFIRE_RETRY: -Dsurefire.rerunFailingTestsCount=2
Status Check - Keycloak CI	Run /./.github/actions/status-check	2025-04-22T11:19:07.9996304Z ##[endgroup]
Status Check - Keycloak CI	Run /./.github/actions/status-check	2025-04-22T11:19:08.0093938Z Job status:
Status Check - Keycloak CI	Run /./.github/actions/status-check	2025-04-22T11:19:08.0140634Z  - conditional: success
Status Check - Keycloak CI	Run /./.github/actions/status-check	2025-04-22T11:19:08.0141124Z  - build: success
Status Check - Keycloak CI	Run /./.github/actions/status-check	2025-04-22T11:19:08.0141421Z  - unit-tests: success
Status Check - Keycloak CI	Run /./.github/actions/status-check	2025-04-22T11:19:08.0141711Z  - base-integration-tests: success
Status Check - Keycloak CI	Run /./.github/actions/status-check	2025-04-22T11:19:08.0142030Z  - adapter-integration-tests: success
Status Check - Keycloak CI	Run /./.github/actions/status-check	2025-04-22T11:19:08.0142509Z  - adapter-integration-tests-strict-cookies: success
Status Check - Keycloak CI	Run /./.github/actions/status-check	2025-04-22T11:19:08.0143115Z  - quarkus-unit-tests: skipped
Status Check - Keycloak CI	Run /./.github/actions/status-check	2025-04-22T11:19:08.0143610Z  - quarkus-integration-tests: success
Status Check - Keycloak CI	Run /./.github/actions/status-check	2025-04-22T11:19:08.0144140Z  - jdk-integration-tests: success
Status Check - Keycloak CI	Run /./.github/actions/status-check	2025-04-22T11:19:08.0144639Z  - store-integration-tests: success
Status Check - Keycloak CI	Run /./.github/actions/status-check	2025-04-22T11:19:08.0145075Z  - volatile-sessions-tests: skipped
Status Check - Keycloak CI	Run /./.github/actions/status-check	2025-04-22T11:19:08.0145376Z  - store-model-tests: skipped
Status Check - Keycloak CI	Run /./.github/actions/status-check	2025-04-22T11:19:08.0145677Z  - clustering-integration-tests: success
Status Check - Keycloak CI	Run /./.github/actions/status-check	2025-04-22T11:19:08.0146029Z  - fips-unit-tests: success
Status Check - Keycloak CI	Run /./.github/actions/status-check	2025-04-22T11:19:08.0146311Z  - fips-integration-tests: failure
Status Check - Keycloak CI	Run /./.github/actions/status-check	2025-04-22T11:19:08.0146624Z  - forms-integration-tests: success
Status Check - Keycloak CI	Run /./.github/actions/status-check	2025-04-22T11:19:08.0146925Z  - webauthn-integration-tests: success
Status Check - Keycloak CI	Run /./.github/actions/status-check	2025-04-22T11:19:08.0147223Z  - sssd-unit-tests: skipped
Status Check - Keycloak CI	Run /./.github/actions/status-check	2025-04-22T11:19:08.0147484Z  - migration-tests: success
Status Check - Keycloak CI	Run /./.github/actions/status-check	2025-04-22T11:19:08.0147762Z  - external-infinispan-tests: skipped
Status Check - Keycloak CI	Run /./.github/actions/status-check	2025-04-22T11:19:08.0148093Z  - test-framework: success
Status Check - Keycloak CI	Run /./.github/actions/status-check	2025-04-22T11:19:08.0148604Z  - base-new-integration-tests: success
Status Check - Keycloak CI	Run /./.github/actions/status-check	2025-04-22T11:19:08.0177992Z 
Status Check - Keycloak CI	Run /./.github/actions/status-check	2025-04-22T11:19:08.0181249Z Status check not okay!
Status Check - Keycloak CI	Run /./.github/actions/status-check	2025-04-22T11:19:08.0193714Z ##[error]Process completed with exit code 1.
