Store IT (mysql)	Run cluster JDBC_PING2 UDP smoke test	2024-12-10T10:40:03.7082216Z ##[group]Run ./mvnw test -Dsurefire.rerunFailingTestsCount=2 \
Store IT (mysql)	Run cluster JDBC_PING2 UDP smoke test	2024-12-10T10:40:03.7082704Z [36;1m./mvnw test -Dsurefire.rerunFailingTestsCount=2 \[0m
Store IT (mysql)	Run cluster JDBC_PING2 UDP smoke test	2024-12-10T10:40:03.7083049Z [36;1m  -Pauth-server-cluster-quarkus \[0m
Store IT (mysql)	Run cluster JDBC_PING2 UDP smoke test	2024-12-10T10:40:03.7083332Z [36;1m  -Pdb-mysql \[0m
Store IT (mysql)	Run cluster JDBC_PING2 UDP smoke test	2024-12-10T10:40:03.7083589Z [36;1m  -Dtest=RealmInvalidationClusterTest \[0m
Store IT (mysql)	Run cluster JDBC_PING2 UDP smoke test	2024-12-10T10:40:03.7083882Z [36;1m  -Dsession.cache.owners=2 \[0m
Store IT (mysql)	Run cluster JDBC_PING2 UDP smoke test	2024-12-10T10:40:03.7084232Z [36;1m  -Dauth.server.quarkus.cluster.stack=jdbc-ping-udp \[0m
Store IT (mysql)	Run cluster JDBC_PING2 UDP smoke test	2024-12-10T10:40:03.7084571Z [36;1m  -Ddocker.database.skip=true \[0m
Store IT (mysql)	Run cluster JDBC_PING2 UDP smoke test	2024-12-10T10:40:03.7084862Z [36;1m  -Ddocker.database.port=$DATABASE_PORT \[0m
Store IT (mysql)	Run cluster JDBC_PING2 UDP smoke test	2024-12-10T10:40:03.7085183Z [36;1m  -Ddocker.container.testdb.ip=localhost \[0m
Store IT (mysql)	Run cluster JDBC_PING2 UDP smoke test	2024-12-10T10:40:03.7085526Z [36;1m  -pl testsuite/integration-arquillian/tests/base \[0m
Store IT (mysql)	Run cluster JDBC_PING2 UDP smoke test	2024-12-10T10:40:03.7085851Z [36;1m  2>&1 | misc/log/trimmer.sh[0m
Store IT (mysql)	Run cluster JDBC_PING2 UDP smoke test	2024-12-10T10:40:03.7112882Z shell: /usr/bin/bash --noprofile --norc -e -o pipefail {0}
Store IT (mysql)	Run cluster JDBC_PING2 UDP smoke test	2024-12-10T10:40:03.7113253Z env:
Store IT (mysql)	Run cluster JDBC_PING2 UDP smoke test	2024-12-10T10:40:03.7113523Z   MAVEN_ARGS: -B -nsu -Daether.connector.http.connectionMaxTtl=25
Store IT (mysql)	Run cluster JDBC_PING2 UDP smoke test	2024-12-10T10:40:03.7113875Z   SUREFIRE_RERUN_FAILING_COUNT: 2
Store IT (mysql)	Run cluster JDBC_PING2 UDP smoke test	2024-12-10T10:40:03.7114180Z   SUREFIRE_RETRY: -Dsurefire.rerunFailingTestsCount=2
Store IT (mysql)	Run cluster JDBC_PING2 UDP smoke test	2024-12-10T10:40:03.7114583Z   JAVA_HOME: /opt/hostedtoolcache/Java_Temurin-Hotspot_jdk/21.0.5-11/x64
Store IT (mysql)	Run cluster JDBC_PING2 UDP smoke test	2024-12-10T10:40:03.7115038Z   JAVA_HOME_21_X64: /opt/hostedtoolcache/Java_Temurin-Hotspot_jdk/21.0.5-11/x64
Store IT (mysql)	Run cluster JDBC_PING2 UDP smoke test	2024-12-10T10:40:03.7115661Z   DATABASE_PORT: 32768
Store IT (mysql)	Run cluster JDBC_PING2 UDP smoke test	2024-12-10T10:40:03.7115861Z ##[endgroup]
Store IT (mysql)	Run cluster JDBC_PING2 UDP smoke test	2024-12-10T10:40:05.4315178Z -- [INFO] Loading cache configuration from /home/runner/work/keycloak/keycloak/.mvn/maven-build-cache-config.xml
Store IT (mysql)	Run cluster JDBC_PING2 UDP smoke test	2024-12-10T10:40:05.4453302Z -- [INFO] Scanning for projects...
Store IT (mysql)	Run cluster JDBC_PING2 UDP smoke test	2024-12-10T10:40:06.3759353Z -- [INFO] 
Store IT (mysql)	Run cluster JDBC_PING2 UDP smoke test	2024-12-10T10:40:06.3766712Z -- [INFO] ------< org.keycloak.testsuite:integration-arquillian-tests-base >------
Store IT (mysql)	Run cluster JDBC_PING2 UDP smoke test	2024-12-10T10:40:06.3769841Z -- [INFO] Building Base TestSuite 999.0.0-SNAPSHOT
Store IT (mysql)	Run cluster JDBC_PING2 UDP smoke test	2024-12-10T10:40:06.3773442Z -- [INFO]   from pom.xml
Store IT (mysql)	Run cluster JDBC_PING2 UDP smoke test	2024-12-10T10:40:06.3775876Z -- [INFO] --------------------------------[ jar ]---------------------------------
Store IT (mysql)	Run cluster JDBC_PING2 UDP smoke test	2024-12-10T10:40:06.4386701Z -- [WARNING] Parameter 'overWriteIfNewer' is unknown for plugin 'maven-resources-plugin:3.0.1:copy-resources (example-realms)'
Store IT (mysql)	Run cluster JDBC_PING2 UDP smoke test	2024-12-10T10:40:08.1875965Z -- [INFO] 
Store IT (mysql)	Run cluster JDBC_PING2 UDP smoke test	2024-12-10T10:40:08.1881400Z -- [INFO] --- enforcer:3.0.0-M3:enforce (enforce-java-version) @ integration-arquillian-tests-base ---
Store IT (mysql)	Run cluster JDBC_PING2 UDP smoke test	2024-12-10T10:40:08.3249186Z -- [INFO] 
Store IT (mysql)	Run cluster JDBC_PING2 UDP smoke test	2024-12-10T10:40:08.3251914Z -- [INFO] --- enforcer:3.0.0-M3:enforce (enforce-maven-version) @ integration-arquillian-tests-base ---
Store IT (mysql)	Run cluster JDBC_PING2 UDP smoke test	2024-12-10T10:40:08.3265241Z -- [INFO] 
Store IT (mysql)	Run cluster JDBC_PING2 UDP smoke test	2024-12-10T10:40:08.3269904Z -- [INFO] --- enforcer:3.0.0-M3:enforce (enforce-maven) @ integration-arquillian-tests-base ---
Store IT (mysql)	Run cluster JDBC_PING2 UDP smoke test	2024-12-10T10:40:08.3278505Z -- [INFO] 
Store IT (mysql)	Run cluster JDBC_PING2 UDP smoke test	2024-12-10T10:40:08.3279855Z -- [INFO] --- buildnumber:1.4:create (get-scm-revision) @ integration-arquillian-tests-base ---
Store IT (mysql)	Run cluster JDBC_PING2 UDP smoke test	2024-12-10T10:40:08.5121591Z -- [INFO] Executing: /bin/sh -c cd '/home/runner/work/keycloak/keycloak/testsuite/integration-arquillian/tests/base' && 'git' 'rev-parse' '--verify' 'HEAD'
Store IT (mysql)	Run cluster JDBC_PING2 UDP smoke test	2024-12-10T10:40:08.5127873Z -- [INFO] Working directory: /home/runner/work/keycloak/keycloak/testsuite/integration-arquillian/tests/base
Store IT (mysql)	Run cluster JDBC_PING2 UDP smoke test	2024-12-10T10:40:08.5533238Z -- [INFO] Storing buildNumber: 02b775d44ae411579810855e32417b4b8fd9335e at timestamp: 1733827208492
Store IT (mysql)	Run cluster JDBC_PING2 UDP smoke test	2024-12-10T10:40:08.5598171Z -- [WARNING] Cannot get the branch information from the git repository: 
Store IT (mysql)	Run cluster JDBC_PING2 UDP smoke test	2024-12-10T10:40:08.5599241Z -- Detecting the current branch failed: fatal: ref HEAD is not a symbolic ref
Store IT (mysql)	Run cluster JDBC_PING2 UDP smoke test	2024-12-10T10:40:08.5599860Z -- 
Store IT (mysql)	Run cluster JDBC_PING2 UDP smoke test	2024-12-10T10:40:08.5600904Z -- [INFO] Executing: /bin/sh -c cd '/home/runner/work/keycloak/keycloak/testsuite/integration-arquillian/tests/base' && 'git' 'rev-parse' '--verify' 'HEAD'
Store IT (mysql)	Run cluster JDBC_PING2 UDP smoke test	2024-12-10T10:40:08.5602430Z -- [INFO] Working directory: /home/runner/work/keycloak/keycloak/testsuite/integration-arquillian/tests/base
Store IT (mysql)	Run cluster JDBC_PING2 UDP smoke test	2024-12-10T10:40:08.5679668Z -- [INFO] Storing buildScmBranch: UNKNOWN
Store IT (mysql)	Run cluster JDBC_PING2 UDP smoke test	2024-12-10T10:40:08.5680704Z -- [INFO] 
Store IT (mysql)	Run cluster JDBC_PING2 UDP smoke test	2024-12-10T10:40:08.5683438Z -- [INFO] --- resources:3.0.1:copy-resources (copy-truststore) @ integration-arquillian-tests-base ---
Store IT (mysql)	Run cluster JDBC_PING2 UDP smoke test	2024-12-10T10:40:08.6543583Z -- [INFO] Using 'UTF-8' encoding to copy filtered resources.
Store IT (mysql)	Run cluster JDBC_PING2 UDP smoke test	2024-12-10T10:40:08.6663313Z -- [INFO] Copying 3 resources
Store IT (mysql)	Run cluster JDBC_PING2 UDP smoke test	2024-12-10T10:40:08.6700346Z -- [INFO] 
Store IT (mysql)	Run cluster JDBC_PING2 UDP smoke test	2024-12-10T10:40:08.6722614Z -- [INFO] --- resources:3.0.1:copy-resources (copy-common-dependencies) @ integration-arquillian-tests-base ---
Store IT (mysql)	Run cluster JDBC_PING2 UDP smoke test	2024-12-10T10:40:08.6799623Z -- [INFO] Using 'UTF-8' encoding to copy filtered resources.
Store IT (mysql)	Run cluster JDBC_PING2 UDP smoke test	2024-12-10T10:40:08.6869132Z -- [INFO] Copying 13 resources
Store IT (mysql)	Run cluster JDBC_PING2 UDP smoke test	2024-12-10T10:40:08.6881830Z -- [INFO] 
Store IT (mysql)	Run cluster JDBC_PING2 UDP smoke test	2024-12-10T10:40:08.6917240Z -- [INFO] --- resources:3.0.1:resources (default-resources) @ integration-arquillian-tests-base ---
Store IT (mysql)	Run cluster JDBC_PING2 UDP smoke test	2024-12-10T10:40:08.6967228Z -- [INFO] Using 'UTF-8' encoding to copy filtered resources.
Store IT (mysql)	Run cluster JDBC_PING2 UDP smoke test	2024-12-10T10:40:08.6967838Z -- [INFO] Copying 2 resources
Store IT (mysql)	Run cluster JDBC_PING2 UDP smoke test	2024-12-10T10:40:08.6968222Z -- [INFO] 
Store IT (mysql)	Run cluster JDBC_PING2 UDP smoke test	2024-12-10T10:40:08.6969207Z -- [INFO] --- resources:3.0.1:copy-resources (copy-admin-user-json-file) @ integration-arquillian-tests-base ---
Store IT (mysql)	Run cluster JDBC_PING2 UDP smoke test	2024-12-10T10:40:08.6970141Z -- [INFO] Using 'UTF-8' encoding to copy filtered resources.
Store IT (mysql)	Run cluster JDBC_PING2 UDP smoke test	2024-12-10T10:40:08.7037253Z -- [INFO] Copying 1 resource
Store IT (mysql)	Run cluster JDBC_PING2 UDP smoke test	2024-12-10T10:40:08.7153676Z -- [INFO] 
Store IT (mysql)	Run cluster JDBC_PING2 UDP smoke test	2024-12-10T10:40:08.7156440Z -- [INFO] --- xml:1.0.1:transform (arquillian-default-protocol) @ integration-arquillian-tests-base ---
Store IT (mysql)	Run cluster JDBC_PING2 UDP smoke test	2024-12-10T10:40:08.9963285Z -- [INFO] 
Store IT (mysql)	Run cluster JDBC_PING2 UDP smoke test	2024-12-10T10:40:08.9987549Z -- [INFO] --- compiler:3.8.1:compile (default-compile) @ integration-arquillian-tests-base ---
Store IT (mysql)	Run cluster JDBC_PING2 UDP smoke test	2024-12-10T10:40:09.1630963Z -- [INFO] Nothing to compile - all classes are up to date
Store IT (mysql)	Run cluster JDBC_PING2 UDP smoke test	2024-12-10T10:40:09.1635358Z -- [INFO] 
Store IT (mysql)	Run cluster JDBC_PING2 UDP smoke test	2024-12-10T10:40:09.1636066Z -- [INFO] --- resources:3.0.1:copy-resources (example-realms) @ integration-arquillian-tests-base ---
Store IT (mysql)	Run cluster JDBC_PING2 UDP smoke test	2024-12-10T10:40:09.1636899Z -- [INFO] Skipping the execution.
Store IT (mysql)	Run cluster JDBC_PING2 UDP smoke test	2024-12-10T10:40:09.1637326Z -- [INFO] 
Store IT (mysql)	Run cluster JDBC_PING2 UDP smoke test	2024-12-10T10:40:09.1638012Z -- [INFO] --- dependency:3.1.2:unpack (unpack-undertow-server) @ integration-arquillian-tests-base ---
Store IT (mysql)	Run cluster JDBC_PING2 UDP smoke test	2024-12-10T10:40:09.4626960Z -- [INFO] Skipping plugin execution
Store IT (mysql)	Run cluster JDBC_PING2 UDP smoke test	2024-12-10T10:40:09.4627695Z -- [INFO] 
Store IT (mysql)	Run cluster JDBC_PING2 UDP smoke test	2024-12-10T10:40:09.4628474Z -- [INFO] --- dependency:3.1.2:unpack (unpack-quarkus-server) @ integration-arquillian-tests-base ---
Store IT (mysql)	Run cluster JDBC_PING2 UDP smoke test	2024-12-10T10:40:09.4635544Z -- [INFO] Configured Artifact: org.keycloak.testsuite:integration-arquillian-servers-auth-server-quarkus:999.0.0-SNAPSHOT:zip
Store IT (mysql)	Run cluster JDBC_PING2 UDP smoke test	2024-12-10T10:40:09.4824264Z -- [INFO] integration-arquillian-servers-auth-server-quarkus-999.0.0-SNAPSHOT.zip already unpacked.
Store IT (mysql)	Run cluster JDBC_PING2 UDP smoke test	2024-12-10T10:40:09.4825416Z -- [INFO] 
Store IT (mysql)	Run cluster JDBC_PING2 UDP smoke test	2024-12-10T10:40:09.4826140Z -- [INFO] --- dependency:3.1.2:unpack (unpack-app-server) @ integration-arquillian-tests-base ---
Store IT (mysql)	Run cluster JDBC_PING2 UDP smoke test	2024-12-10T10:40:09.4854493Z -- [INFO] Skipping plugin execution
Store IT (mysql)	Run cluster JDBC_PING2 UDP smoke test	2024-12-10T10:40:09.4858533Z -- [INFO] 
Store IT (mysql)	Run cluster JDBC_PING2 UDP smoke test	2024-12-10T10:40:09.4859778Z -- [INFO] --- dependency:3.1.2:unpack (unpack-client-cli-dist) @ integration-arquillian-tests-base ---
Store IT (mysql)	Run cluster JDBC_PING2 UDP smoke test	2024-12-10T10:40:09.4861106Z -- [INFO] Configured Artifact: org.keycloak:keycloak-client-cli-dist:999.0.0-SNAPSHOT:zip
Store IT (mysql)	Run cluster JDBC_PING2 UDP smoke test	2024-12-10T10:40:09.4923202Z -- [INFO] keycloak-client-cli-dist-999.0.0-SNAPSHOT.zip already unpacked.
Store IT (mysql)	Run cluster JDBC_PING2 UDP smoke test	2024-12-10T10:40:09.4927338Z -- [INFO] 
Store IT (mysql)	Run cluster JDBC_PING2 UDP smoke test	2024-12-10T10:40:09.4931794Z -- [INFO] --- dependency:3.1.2:copy-dependencies (copy-testsuite-providers-to-base-testsuite) @ integration-arquillian-tests-base ---
Store IT (mysql)	Run cluster JDBC_PING2 UDP smoke test	2024-12-10T10:40:09.5021924Z -- [INFO] org.keycloak.testsuite:integration-arquillian-testsuite-providers:jar:999.0.0-SNAPSHOT already exists in destination.
Store IT (mysql)	Run cluster JDBC_PING2 UDP smoke test	2024-12-10T10:40:09.5045282Z -- [INFO] 
Store IT (mysql)	Run cluster JDBC_PING2 UDP smoke test	2024-12-10T10:40:09.5063565Z -- [INFO] --- resources:3.0.1:testResources (default-testResources) @ integration-arquillian-tests-base ---
Store IT (mysql)	Run cluster JDBC_PING2 UDP smoke test	2024-12-10T10:40:09.5066164Z -- [INFO] Using 'UTF-8' encoding to copy filtered resources.
Store IT (mysql)	Run cluster JDBC_PING2 UDP smoke test	2024-12-10T10:40:09.5105017Z -- [INFO] Copying 24 resources
Store IT (mysql)	Run cluster JDBC_PING2 UDP smoke test	2024-12-10T10:40:09.8090623Z -- [INFO] Copying 224 resources
Store IT (mysql)	Run cluster JDBC_PING2 UDP smoke test	2024-12-10T10:40:09.8153788Z -- [INFO] 
Store IT (mysql)	Run cluster JDBC_PING2 UDP smoke test	2024-12-10T10:40:09.8159482Z -- [INFO] --- antrun:1.8:run (clean-second-cache-server-arquillian-bug-workaround) @ integration-arquillian-tests-base ---
Store IT (mysql)	Run cluster JDBC_PING2 UDP smoke test	2024-12-10T10:40:09.8424972Z -- [INFO] Skipping Antrun execution
Store IT (mysql)	Run cluster JDBC_PING2 UDP smoke test	2024-12-10T10:40:09.8426110Z -- [INFO] 
Store IT (mysql)	Run cluster JDBC_PING2 UDP smoke test	2024-12-10T10:40:09.8427198Z -- [INFO] --- compiler:3.8.1:testCompile (default-testCompile) @ integration-arquillian-tests-base ---
Store IT (mysql)	Run cluster JDBC_PING2 UDP smoke test	2024-12-10T10:40:09.9591663Z -- [INFO] Nothing to compile - all classes are up to date
Store IT (mysql)	Run cluster JDBC_PING2 UDP smoke test	2024-12-10T10:40:09.9592703Z -- [INFO] 
Store IT (mysql)	Run cluster JDBC_PING2 UDP smoke test	2024-12-10T10:40:09.9593560Z -- [INFO] --- shrinkwrap-resolver:3.2.1:propagate-execution-context (default) @ integration-arquillian-tests-base ---
Store IT (mysql)	Run cluster JDBC_PING2 UDP smoke test	2024-12-10T10:40:10.0909796Z -- [INFO] 
Store IT (mysql)	Run cluster JDBC_PING2 UDP smoke test	2024-12-10T10:40:10.0938515Z -- [INFO] --- docker:0.40.3:start (start-db-container) @ integration-arquillian-tests-base ---
Store IT (mysql)	Run cluster JDBC_PING2 UDP smoke test	2024-12-10T10:40:10.3726949Z -- [INFO] 
Store IT (mysql)	Run cluster JDBC_PING2 UDP smoke test	2024-12-10T10:40:10.3729759Z -- [INFO] --- surefire:3.0.0-M7:test (default-test) @ integration-arquillian-tests-base ---
Store IT (mysql)	Run cluster JDBC_PING2 UDP smoke test	2024-12-10T10:40:10.5016370Z -- [INFO] Using auto detected provider org.apache.maven.surefire.junit4.JUnit4Provider
Store IT (mysql)	Run cluster JDBC_PING2 UDP smoke test	2024-12-10T10:40:10.6104599Z -- [INFO] 
Store IT (mysql)	Run cluster JDBC_PING2 UDP smoke test	2024-12-10T10:40:10.6110489Z -- [INFO] -------------------------------------------------------
Store IT (mysql)	Run cluster JDBC_PING2 UDP smoke test	2024-12-10T10:40:10.6115817Z -- [INFO]  T E S T S
Store IT (mysql)	Run cluster JDBC_PING2 UDP smoke test	2024-12-10T10:40:10.6118377Z -- [INFO] -------------------------------------------------------
Store IT (mysql)	Run cluster JDBC_PING2 UDP smoke test	2024-12-10T10:40:11.2841438Z -- 10:40:11,272 INFO  [org.keycloak.testsuite.util.NonIDERunListener] Setting keycloak.logging.level to off. Keycloak server logging will be disabled
Store IT (mysql)	Run cluster JDBC_PING2 UDP smoke test	2024-12-10T10:40:11.2843858Z [INFO] Running org.keycloak.testsuite.cluster.RealmInvalidationClusterTest
Store IT (mysql)	Run cluster JDBC_PING2 UDP smoke test	2024-12-10T10:40:12.7664724Z --------- org.keycloak.testsuite.cluster.RealmInvalidationClusterTest output start ---------
Store IT (mysql)	Run cluster JDBC_PING2 UDP smoke test	2024-12-10T10:40:12.7680510Z RealmInvalidationClusterTest ++ Dec 10, 2024 10:40:11 AM org.keycloak.testsuite.arquillian.containers.MultipleContainersExtension register
Store IT (mysql)	Run cluster JDBC_PING2 UDP smoke test	2024-12-10T10:40:12.7681926Z RealmInvalidationClusterTest ++ INFO: Multiple containers extension registering.
Store IT (mysql)	Run cluster JDBC_PING2 UDP smoke test	2024-12-10T10:40:12.7683352Z RealmInvalidationClusterTest ++ Dec 10, 2024 10:40:11 AM org.arquillian.recorder.reporter.configuration.ReporterConfigurator configureExtension
Store IT (mysql)	Run cluster JDBC_PING2 UDP smoke test	2024-12-10T10:40:12.7684769Z RealmInvalidationClusterTest ++ INFO: Configuration of Arquillian Reporting extension:
Store IT (mysql)	Run cluster JDBC_PING2 UDP smoke test	2024-12-10T10:40:12.7686201Z RealmInvalidationClusterTest ++ Dec 10, 2024 10:40:11 AM org.arquillian.recorder.reporter.configuration.ReporterConfigurator configureExtension
Store IT (mysql)	Run cluster JDBC_PING2 UDP smoke test	2024-12-10T10:40:12.7687574Z RealmInvalidationClusterTest ++ INFO: report                                   xml
Store IT (mysql)	Run cluster JDBC_PING2 UDP smoke test	2024-12-10T10:40:12.7688488Z RealmInvalidationClusterTest ++ rootDir                                  target
Store IT (mysql)	Run cluster JDBC_PING2 UDP smoke test	2024-12-10T10:40:12.7689596Z RealmInvalidationClusterTest ++ file                                     target/arquillian_report.xml
Store IT (mysql)	Run cluster JDBC_PING2 UDP smoke test	2024-12-10T10:40:12.7690624Z RealmInvalidationClusterTest ++ template                                 template.xsl
Store IT (mysql)	Run cluster JDBC_PING2 UDP smoke test	2024-12-10T10:40:12.7691553Z RealmInvalidationClusterTest ++ reportAfterEvery                         class
Store IT (mysql)	Run cluster JDBC_PING2 UDP smoke test	2024-12-10T10:40:12.7692436Z RealmInvalidationClusterTest ++ language                                 en
Store IT (mysql)	Run cluster JDBC_PING2 UDP smoke test	2024-12-10T10:40:12.7693297Z RealmInvalidationClusterTest ++ maxImageWidth                            500
Store IT (mysql)	Run cluster JDBC_PING2 UDP smoke test	2024-12-10T10:40:12.7694224Z RealmInvalidationClusterTest ++ imageWidth                               100%
Store IT (mysql)	Run cluster JDBC_PING2 UDP smoke test	2024-12-10T10:40:12.7695164Z RealmInvalidationClusterTest ++ imageHeight                              100%
Store IT (mysql)	Run cluster JDBC_PING2 UDP smoke test	2024-12-10T10:40:12.7695860Z RealmInvalidationClusterTest ++ 
Store IT (mysql)	Run cluster JDBC_PING2 UDP smoke test	2024-12-10T10:40:12.7696573Z RealmInvalidationClusterTest ++ Configuration of Arquillian Browser Screenshooter:
Store IT (mysql)	Run cluster JDBC_PING2 UDP smoke test	2024-12-10T10:40:12.7697560Z RealmInvalidationClusterTest ++ rootDir                                  target/screenshots
Store IT (mysql)	Run cluster JDBC_PING2 UDP smoke test	2024-12-10T10:40:12.7698506Z RealmInvalidationClusterTest ++ screenshotType                           PNG
Store IT (mysql)	Run cluster JDBC_PING2 UDP smoke test	2024-12-10T10:40:12.7739774Z RealmInvalidationClusterTest ++ takeBeforeTest                           false
Store IT (mysql)	Run cluster JDBC_PING2 UDP smoke test	2024-12-10T10:40:12.7740765Z RealmInvalidationClusterTest ++ takeAfterTest                            false
Store IT (mysql)	Run cluster JDBC_PING2 UDP smoke test	2024-12-10T10:40:12.7742234Z RealmInvalidationClusterTest ++ takeWhenTestFailed                       true
Store IT (mysql)	Run cluster JDBC_PING2 UDP smoke test	2024-12-10T10:40:12.7743162Z RealmInvalidationClusterTest ++ takeOnEveryAction                        false
Store IT (mysql)	Run cluster JDBC_PING2 UDP smoke test	2024-12-10T10:40:12.7743874Z RealmInvalidationClusterTest ++ 
Store IT (mysql)	Run cluster JDBC_PING2 UDP smoke test	2024-12-10T10:40:12.7745014Z RealmInvalidationClusterTest ++ 10:40:12,159 INFO  [org.keycloak.testsuite.drone.HtmlUnitScreenshots] Screenshots disabled as htmlUnit is used
Store IT (mysql)	Run cluster JDBC_PING2 UDP smoke test	2024-12-10T10:40:12.7747518Z RealmInvalidationClusterTest ++ 10:40:12,162 INFO  [org.keycloak.testsuite.arquillian.containers.RegistryCreator] arquillian.xml: /home/runner/work/keycloak/keycloak/testsuite/integration-arquillian/tests/base/target/dependency/arquillian.xml
Store IT (mysql)	Run cluster JDBC_PING2 UDP smoke test	2024-12-10T10:40:12.7752050Z RealmInvalidationClusterTest ++ 10:40:12,173 WARN  [org.keycloak.testsuite.arquillian.containers.RegistryCreator] None dynamically loaded containers
Store IT (mysql)	Run cluster JDBC_PING2 UDP smoke test	2024-12-10T10:40:12.7754008Z RealmInvalidationClusterTest ++ 10:40:12,219 INFO  [org.keycloak.testsuite.arquillian.containers.RegistryCreator] Container is disabled: auth-server-undertow
Store IT (mysql)	Run cluster JDBC_PING2 UDP smoke test	2024-12-10T10:40:12.7756059Z RealmInvalidationClusterTest ++ 10:40:12,220 WARN  [org.keycloak.testsuite.arquillian.containers.RegistryCreator] Cannot load adapterImpl class for auth-server-quarkus
Store IT (mysql)	Run cluster JDBC_PING2 UDP smoke test	2024-12-10T10:40:12.7758065Z RealmInvalidationClusterTest ++ 10:40:12,220 INFO  [org.keycloak.testsuite.arquillian.containers.RegistryCreator] Registering container: auth-server-quarkus
Store IT (mysql)	Run cluster JDBC_PING2 UDP smoke test	2024-12-10T10:40:12.7760569Z RealmInvalidationClusterTest ++ 10:40:12,224 INFO  [org.keycloak.testsuite.arquillian.containers.RegistryCreator] Container is disabled: auth-server-quarkus-embedded
Store IT (mysql)	Run cluster JDBC_PING2 UDP smoke test	2024-12-10T10:40:12.7762591Z RealmInvalidationClusterTest ++ 10:40:12,226 INFO  [org.keycloak.testsuite.arquillian.containers.RegistryCreator] Container is disabled: auth-server-migration
Store IT (mysql)	Run cluster JDBC_PING2 UDP smoke test	2024-12-10T10:40:12.7764751Z RealmInvalidationClusterTest ++ 10:40:12,227 WARN  [org.keycloak.testsuite.arquillian.containers.RegistryCreator] Cannot load adapterImpl class for auth-server-quarkus-backend1
Store IT (mysql)	Run cluster JDBC_PING2 UDP smoke test	2024-12-10T10:40:12.7767000Z RealmInvalidationClusterTest ++ 10:40:12,228 WARN  [org.keycloak.testsuite.arquillian.containers.RegistryCreator] Cannot load adapterImpl class for auth-server-quarkus-backend2
Store IT (mysql)	Run cluster JDBC_PING2 UDP smoke test	2024-12-10T10:40:12.7769429Z RealmInvalidationClusterTest ++ 10:40:12,228 WARN  [org.keycloak.testsuite.arquillian.containers.RegistryCreator] Cannot load adapterImpl class for auth-server-legacy
Store IT (mysql)	Run cluster JDBC_PING2 UDP smoke test	2024-12-10T10:40:12.7771539Z RealmInvalidationClusterTest ++ 10:40:12,229 INFO  [org.keycloak.testsuite.arquillian.containers.RegistryCreator] Container is disabled: auth-server-undertow-backend1
Store IT (mysql)	Run cluster JDBC_PING2 UDP smoke test	2024-12-10T10:40:12.7773627Z RealmInvalidationClusterTest ++ 10:40:12,229 INFO  [org.keycloak.testsuite.arquillian.containers.RegistryCreator] Container is disabled: auth-server-undertow-backend2
Store IT (mysql)	Run cluster JDBC_PING2 UDP smoke test	2024-12-10T10:40:12.7775734Z RealmInvalidationClusterTest ++ 10:40:12,229 INFO  [org.keycloak.testsuite.arquillian.containers.RegistryCreator] Registering container: auth-server-balancer-undertow
Store IT (mysql)	Run cluster JDBC_PING2 UDP smoke test	2024-12-10T10:40:12.7777931Z RealmInvalidationClusterTest ++ 10:40:12,230 WARN  [org.keycloak.testsuite.arquillian.containers.RegistryCreator] Cannot load adapterImpl class for cache-server-legacy-cross-dc-1
Store IT (mysql)	Run cluster JDBC_PING2 UDP smoke test	2024-12-10T10:40:12.7801865Z RealmInvalidationClusterTest ++ 10:40:12,231 WARN  [org.keycloak.testsuite.arquillian.containers.RegistryCreator] Cannot load adapterImpl class for cache-server-legacy-cross-dc-2
Store IT (mysql)	Run cluster JDBC_PING2 UDP smoke test	2024-12-10T10:40:12.7804073Z RealmInvalidationClusterTest ++ 10:40:12,231 INFO  [org.keycloak.testsuite.arquillian.containers.RegistryCreator] Container is disabled: cache-server-cross-dc-1
Store IT (mysql)	Run cluster JDBC_PING2 UDP smoke test	2024-12-10T10:40:12.7806077Z RealmInvalidationClusterTest ++ 10:40:12,231 INFO  [org.keycloak.testsuite.arquillian.containers.RegistryCreator] Container is disabled: cache-server-cross-dc-2
Store IT (mysql)	Run cluster JDBC_PING2 UDP smoke test	2024-12-10T10:40:12.7808138Z RealmInvalidationClusterTest ++ 10:40:12,231 INFO  [org.keycloak.testsuite.arquillian.containers.RegistryCreator] Container is disabled: auth-server-balancer-cross-dc
Store IT (mysql)	Run cluster JDBC_PING2 UDP smoke test	2024-12-10T10:40:12.7810687Z RealmInvalidationClusterTest ++ 10:40:12,232 INFO  [org.keycloak.testsuite.arquillian.containers.RegistryCreator] Container is disabled: auth-server-undertow-cross-dc-0_1
Store IT (mysql)	Run cluster JDBC_PING2 UDP smoke test	2024-12-10T10:40:12.7812857Z RealmInvalidationClusterTest ++ 10:40:12,232 INFO  [org.keycloak.testsuite.arquillian.containers.RegistryCreator] Container is disabled: auth-server-undertow-cross-dc-0_2-manual
Store IT (mysql)	Run cluster JDBC_PING2 UDP smoke test	2024-12-10T10:40:12.7815047Z RealmInvalidationClusterTest ++ 10:40:12,232 INFO  [org.keycloak.testsuite.arquillian.containers.RegistryCreator] Container is disabled: auth-server-undertow-cross-dc-1_1
Store IT (mysql)	Run cluster JDBC_PING2 UDP smoke test	2024-12-10T10:40:12.7817236Z RealmInvalidationClusterTest ++ 10:40:12,232 INFO  [org.keycloak.testsuite.arquillian.containers.RegistryCreator] Container is disabled: auth-server-undertow-cross-dc-1_2-manual
Store IT (mysql)	Run cluster JDBC_PING2 UDP smoke test	2024-12-10T10:40:12.7819618Z RealmInvalidationClusterTest ++ 10:40:12,233 WARN  [org.keycloak.testsuite.arquillian.containers.RegistryCreator] Cannot load adapterImpl class for auth-server-jboss-cross-dc-0_1
Store IT (mysql)	Run cluster JDBC_PING2 UDP smoke test	2024-12-10T10:40:12.7821867Z RealmInvalidationClusterTest ++ 10:40:12,233 WARN  [org.keycloak.testsuite.arquillian.containers.RegistryCreator] Cannot load adapterImpl class for auth-server-jboss-cross-dc-0_2-manual
Store IT (mysql)	Run cluster JDBC_PING2 UDP smoke test	2024-12-10T10:40:12.7824129Z RealmInvalidationClusterTest ++ 10:40:12,233 WARN  [org.keycloak.testsuite.arquillian.containers.RegistryCreator] Cannot load adapterImpl class for auth-server-jboss-cross-dc-1_1
Store IT (mysql)	Run cluster JDBC_PING2 UDP smoke test	2024-12-10T10:40:12.7826639Z RealmInvalidationClusterTest ++ 10:40:12,234 WARN  [org.keycloak.testsuite.arquillian.containers.RegistryCreator] Cannot load adapterImpl class for auth-server-jboss-cross-dc-1_2-manual
Store IT (mysql)	Run cluster JDBC_PING2 UDP smoke test	2024-12-10T10:40:12.7855691Z RealmInvalidationClusterTest ++ 10:40:12,234 INFO  [org.keycloak.testsuite.arquillian.containers.RegistryCreator] Registering container: auth-server-quarkus-backend1
Store IT (mysql)	Run cluster JDBC_PING2 UDP smoke test	2024-12-10T10:40:12.7857868Z RealmInvalidationClusterTest ++ 10:40:12,235 INFO  [org.keycloak.testsuite.arquillian.containers.RegistryCreator] Registering container: auth-server-quarkus-backend2
Store IT (mysql)	Run cluster JDBC_PING2 UDP smoke test	2024-12-10T10:40:12.7860217Z RealmInvalidationClusterTest ++ 10:40:12,250 INFO  [org.keycloak.testsuite.arquillian.AuthServerTestEnricher] Using frontend container: auth-server-balancer-undertow
Store IT (mysql)	Run cluster JDBC_PING2 UDP smoke test	2024-12-10T10:40:12.7861959Z RealmInvalidationClusterTest ++ 10:40:12,251 INFO  [org.keycloak.testsuite.arquillian.AuthServerTestEnricher] 
Store IT (mysql)	Run cluster JDBC_PING2 UDP smoke test	2024-12-10T10:40:12.7862897Z RealmInvalidationClusterTest ++ 
Store IT (mysql)	Run cluster JDBC_PING2 UDP smoke test	2024-12-10T10:40:12.7863394Z RealmInvalidationClusterTest ++ SUITE CONTEXT:
Store IT (mysql)	Run cluster JDBC_PING2 UDP smoke test	2024-12-10T10:40:12.7863960Z RealmInvalidationClusterTest ++ Auth server: 
Store IT (mysql)	Run cluster JDBC_PING2 UDP smoke test	2024-12-10T10:40:12.7864853Z RealmInvalidationClusterTest ++ Frontend: auth-server-balancer-undertow - https://localhost:8543
Store IT (mysql)	Run cluster JDBC_PING2 UDP smoke test	2024-12-10T10:40:12.7866046Z RealmInvalidationClusterTest ++   Backend: auth-server-quarkus-backend1 - https://localhost:8544
Store IT (mysql)	Run cluster JDBC_PING2 UDP smoke test	2024-12-10T10:40:12.7867197Z RealmInvalidationClusterTest ++   Backend: auth-server-quarkus-backend2 - https://localhost:8545
Store IT (mysql)	Run cluster JDBC_PING2 UDP smoke test	2024-12-10T10:40:12.7868020Z RealmInvalidationClusterTest ++ 
Store IT (mysql)	Run cluster JDBC_PING2 UDP smoke test	2024-12-10T10:40:12.7869058Z RealmInvalidationClusterTest ++ 10:40:12,256 INFO  [org.keycloak.testsuite.arquillian.AuthServerTestEnricher] 
Store IT (mysql)	Run cluster JDBC_PING2 UDP smoke test	2024-12-10T10:40:12.7869991Z RealmInvalidationClusterTest ++ 
Store IT (mysql)	Run cluster JDBC_PING2 UDP smoke test	2024-12-10T10:40:12.7870510Z RealmInvalidationClusterTest ++ TEST PROCESS INFO: 
Store IT (mysql)	Run cluster JDBC_PING2 UDP smoke test	2024-12-10T10:40:12.7871159Z RealmInvalidationClusterTest ++ Available processors: 4
Store IT (mysql)	Run cluster JDBC_PING2 UDP smoke test	2024-12-10T10:40:12.7871798Z RealmInvalidationClusterTest ++ Total memory: 514 MB
Store IT (mysql)	Run cluster JDBC_PING2 UDP smoke test	2024-12-10T10:40:12.7872449Z RealmInvalidationClusterTest ++ Max memory (Xmx): 2048 MB
Store IT (mysql)	Run cluster JDBC_PING2 UDP smoke test	2024-12-10T10:40:12.7873097Z RealmInvalidationClusterTest ++ Metaspace Max: 512 MB
Store IT (mysql)	Run cluster JDBC_PING2 UDP smoke test	2024-12-10T10:40:12.7873963Z RealmInvalidationClusterTest ++ 10:40:12,276 INFO  [io.undertow] starting server: Undertow - 2.3.2.Final
Store IT (mysql)	Run cluster JDBC_PING2 UDP smoke test	2024-12-10T10:40:12.7875097Z RealmInvalidationClusterTest ++ Dec 10, 2024 10:40:12 AM org.jboss.logmanager.JBossLoggerFinder getLogger
Store IT (mysql)	Run cluster JDBC_PING2 UDP smoke test	2024-12-10T10:40:12.7876772Z RealmInvalidationClusterTest ++ ERROR: The LogManager accessed before the "java.util.logging.manager" system property was set to "org.jboss.logmanager.LogManager". Results may be unexpected.
Store IT (mysql)	Run cluster JDBC_PING2 UDP smoke test	2024-12-10T10:40:12.7878952Z RealmInvalidationClusterTest ++ 10:40:12,419 INFO  [org.jboss.threads] JBoss Threads version 3.6.1.Final
Store IT (mysql)	Run cluster JDBC_PING2 UDP smoke test	2024-12-10T10:40:12.7880514Z RealmInvalidationClusterTest ++ 10:40:12,476 INFO  [org.keycloak.testsuite.arquillian.TestClassProvider] Started test class provider on http://localhost:8500
Store IT (mysql)	Run cluster JDBC_PING2 UDP smoke test	2024-12-10T10:40:12.7882138Z RealmInvalidationClusterTest ++ Dec 10, 2024 10:40:12 AM org.jboss.arquillian.container.impl.MapObject populate
Store IT (mysql)	Run cluster JDBC_PING2 UDP smoke test	2024-12-10T10:40:12.7883991Z RealmInvalidationClusterTest ++ WARNING: Configuration contain properties not supported by the backing object org.keycloak.testsuite.arquillian.containers.KeycloakQuarkusConfiguration
Store IT (mysql)	Run cluster JDBC_PING2 UDP smoke test	2024-12-10T10:40:12.7885657Z RealmInvalidationClusterTest ++ Unused property entries: {adapterImplClass=
Store IT (mysql)	Run cluster JDBC_PING2 UDP smoke test	2024-12-10T10:40:12.7887025Z RealmInvalidationClusterTest ++                 org.keycloak.testsuite.arquillian.containers.KeycloakQuarkusServerDeployableContainer
Store IT (mysql)	Run cluster JDBC_PING2 UDP smoke test	2024-12-10T10:40:12.7888273Z RealmInvalidationClusterTest ++             , enabled=true}
Store IT (mysql)	Run cluster JDBC_PING2 UDP smoke test	2024-12-10T10:40:12.7891226Z RealmInvalidationClusterTest ++ Supported property names: [disabledFeatures, bindHttpsPort, enabledFeatures, providersPathString, bindHttpPort, keystorePassword, startupTimeoutInSeconds, bindHttpsPortOffset, profile, importFile, bindHttpPortOffset, truststorePassword, route, javaOpts, managementPort, providersPath, fipsMode, debugPort, keystoreFile, truststoreFile, reaugmentBeforeStart]
Store IT (mysql)	Run cluster JDBC_PING2 UDP smoke test	2024-12-10T10:40:12.7895260Z RealmInvalidationClusterTest ++ 10:40:12,501 INFO  [org.keycloak.testsuite.arquillian.containers.KeycloakQuarkusConfiguration] Keycloak will listen for http on port: 8180, for https on port: 8543, and for management on port: 9000
Store IT (mysql)	Run cluster JDBC_PING2 UDP smoke test	2024-12-10T10:40:12.7896886Z RealmInvalidationClusterTest ++ 
Store IT (mysql)	Run cluster JDBC_PING2 UDP smoke test	2024-12-10T10:40:12.7897749Z RealmInvalidationClusterTest ++ Dec 10, 2024 10:40:12 AM org.jboss.arquillian.container.impl.MapObject populate
Store IT (mysql)	Run cluster JDBC_PING2 UDP smoke test	2024-12-10T10:40:12.7899877Z RealmInvalidationClusterTest ++ WARNING: Configuration contain properties not supported by the backing object org.keycloak.testsuite.arquillian.undertow.lb.SimpleUndertowLoadBalancerConfiguration
Store IT (mysql)	Run cluster JDBC_PING2 UDP smoke test	2024-12-10T10:40:12.7902427Z RealmInvalidationClusterTest ++ Unused property entries: {adapterImplClass=org.keycloak.testsuite.arquillian.undertow.lb.SimpleUndertowLoadBalancerContainer, enabled=true}
Store IT (mysql)	Run cluster JDBC_PING2 UDP smoke test	2024-12-10T10:40:12.7904500Z RealmInvalidationClusterTest ++ Supported property names: [bindHttpsPort, bindHttpPortOffset, nodes, bindHttpPort, bindHttpsPortOffset, bindAddress]
Store IT (mysql)	Run cluster JDBC_PING2 UDP smoke test	2024-12-10T10:40:12.7906736Z RealmInvalidationClusterTest ++ 10:40:12,508 INFO  [org.keycloak.testsuite.arquillian.undertow.lb.SimpleUndertowLoadBalancerConfiguration] SimpleUndertowLoadBalancer will listen on ports: 8180 8543
Store IT (mysql)	Run cluster JDBC_PING2 UDP smoke test	2024-12-10T10:40:12.7908939Z RealmInvalidationClusterTest ++ Dec 10, 2024 10:40:12 AM org.jboss.arquillian.container.impl.MapObject populate
Store IT (mysql)	Run cluster JDBC_PING2 UDP smoke test	2024-12-10T10:40:12.7910844Z RealmInvalidationClusterTest ++ WARNING: Configuration contain properties not supported by the backing object org.keycloak.testsuite.arquillian.containers.KeycloakQuarkusConfiguration
Store IT (mysql)	Run cluster JDBC_PING2 UDP smoke test	2024-12-10T10:40:12.7912610Z RealmInvalidationClusterTest ++ Unused property entries: {keycloakConfigPropertyOverrides={
Store IT (mysql)	Run cluster JDBC_PING2 UDP smoke test	2024-12-10T10:40:12.7913848Z RealmInvalidationClusterTest ++                     "keycloak.connectionsInfinispan.jgroupsUdpMcastAddr": "234.56.78.8",
Store IT (mysql)	Run cluster JDBC_PING2 UDP smoke test	2024-12-10T10:40:12.7915066Z RealmInvalidationClusterTest ++                     "keycloak.connectionsInfinispan.nodeName": "node1",
Store IT (mysql)	Run cluster JDBC_PING2 UDP smoke test	2024-12-10T10:40:12.7916166Z RealmInvalidationClusterTest ++                     "keycloak.connectionsInfinispan.clustered": "true"
Store IT (mysql)	Run cluster JDBC_PING2 UDP smoke test	2024-12-10T10:40:12.7917022Z RealmInvalidationClusterTest ++                     }
Store IT (mysql)	Run cluster JDBC_PING2 UDP smoke test	2024-12-10T10:40:12.7919022Z RealmInvalidationClusterTest ++                 , remoteMode=${quarkus.remote}, enabled=true, bindAddress=localhost, outputToConsole=true, adapterImplClass=org.keycloak.testsuite.arquillian.containers.KeycloakQuarkusServerDeployableContainer}
Store IT (mysql)	Run cluster JDBC_PING2 UDP smoke test	2024-12-10T10:40:12.7923143Z RealmInvalidationClusterTest ++ Supported property names: [disabledFeatures, bindHttpsPort, enabledFeatures, providersPathString, bindHttpPort, keystorePassword, startupTimeoutInSeconds, bindHttpsPortOffset, profile, importFile, bindHttpPortOffset, truststorePassword, route, javaOpts, managementPort, providersPath, fipsMode, debugPort, keystoreFile, truststoreFile, reaugmentBeforeStart]
Store IT (mysql)	Run cluster JDBC_PING2 UDP smoke test	2024-12-10T10:40:12.7927180Z RealmInvalidationClusterTest ++ 10:40:12,510 INFO  [org.keycloak.testsuite.arquillian.containers.KeycloakQuarkusConfiguration] Keycloak will listen for http on port: 8181, for https on port: 8544, and for management on port: 9000
Store IT (mysql)	Run cluster JDBC_PING2 UDP smoke test	2024-12-10T10:40:12.7928989Z RealmInvalidationClusterTest ++ 
Store IT (mysql)	Run cluster JDBC_PING2 UDP smoke test	2024-12-10T10:40:12.7929831Z RealmInvalidationClusterTest ++ Dec 10, 2024 10:40:12 AM org.jboss.arquillian.container.impl.MapObject populate
Store IT (mysql)	Run cluster JDBC_PING2 UDP smoke test	2024-12-10T10:40:12.7931667Z RealmInvalidationClusterTest ++ WARNING: Configuration contain properties not supported by the backing object org.keycloak.testsuite.arquillian.containers.KeycloakQuarkusConfiguration
Store IT (mysql)	Run cluster JDBC_PING2 UDP smoke test	2024-12-10T10:40:12.7933421Z RealmInvalidationClusterTest ++ Unused property entries: {keycloakConfigPropertyOverrides={
Store IT (mysql)	Run cluster JDBC_PING2 UDP smoke test	2024-12-10T10:40:12.7934689Z RealmInvalidationClusterTest ++                     "keycloak.connectionsInfinispan.jgroupsUdpMcastAddr": "234.56.78.8",
Store IT (mysql)	Run cluster JDBC_PING2 UDP smoke test	2024-12-10T10:40:12.7935918Z RealmInvalidationClusterTest ++                     "keycloak.connectionsInfinispan.nodeName": "node2",
Store IT (mysql)	Run cluster JDBC_PING2 UDP smoke test	2024-12-10T10:40:12.7937258Z RealmInvalidationClusterTest ++                     "keycloak.connectionsInfinispan.clustered": "true"
Store IT (mysql)	Run cluster JDBC_PING2 UDP smoke test	2024-12-10T10:40:12.7938177Z RealmInvalidationClusterTest ++                     }
Store IT (mysql)	Run cluster JDBC_PING2 UDP smoke test	2024-12-10T10:40:12.7940323Z RealmInvalidationClusterTest ++                 , remoteMode=${quarkus.remote}, enabled=true, bindAddress=localhost, outputToConsole=true, adapterImplClass=org.keycloak.testsuite.arquillian.containers.KeycloakQuarkusServerDeployableContainer}
Store IT (mysql)	Run cluster JDBC_PING2 UDP smoke test	2024-12-10T10:40:12.7944324Z RealmInvalidationClusterTest ++ Supported property names: [disabledFeatures, bindHttpsPort, enabledFeatures, providersPathString, bindHttpPort, keystorePassword, startupTimeoutInSeconds, bindHttpsPortOffset, profile, importFile, bindHttpPortOffset, truststorePassword, route, javaOpts, managementPort, providersPath, fipsMode, debugPort, keystoreFile, truststoreFile, reaugmentBeforeStart]
Store IT (mysql)	Run cluster JDBC_PING2 UDP smoke test	2024-12-10T10:40:12.7948142Z RealmInvalidationClusterTest ++ 10:40:12,512 INFO  [org.keycloak.testsuite.arquillian.containers.KeycloakQuarkusConfiguration] Keycloak will listen for http on port: 8182, for https on port: 8545, and for management on port: 9001
Store IT (mysql)	Run cluster JDBC_PING2 UDP smoke test	2024-12-10T10:40:12.7949880Z RealmInvalidationClusterTest ++ 
Store IT (mysql)	Run cluster JDBC_PING2 UDP smoke test	2024-12-10T10:40:12.7951352Z RealmInvalidationClusterTest ++ 10:40:12,514 INFO  [org.keycloak.testsuite.arquillian.AuthServerTestEnricher] Determining the JSSE security provider to use for outbound SSL/TLS connections of the Elytron client
Store IT (mysql)	Run cluster JDBC_PING2 UDP smoke test	2024-12-10T10:40:12.7989225Z RealmInvalidationClusterTest ++ 10:40:12,515 DEBUG [org.keycloak.testsuite.arquillian.AuthServerTestEnricher] Using wildfly-config.xml from '/home/runner/work/keycloak/keycloak/testsuite/integration-arquillian/tests/base/target/dependency/wildfly-config.xml' location
Store IT (mysql)	Run cluster JDBC_PING2 UDP smoke test	2024-12-10T10:40:12.7991853Z RealmInvalidationClusterTest ++ 10:40:12,535 INFO  [org.keycloak.testsuite.arquillian.AuthServerTestEnricher] Using the 'SunJSSE' JSSE provider
Store IT (mysql)	Run cluster JDBC_PING2 UDP smoke test	2024-12-10T10:40:12.7993559Z RealmInvalidationClusterTest ++ 10:40:12,536 DEBUG [org.keycloak.testsuite.arquillian.AuthServerTestEnricher] Starting auth server before suite
Store IT (mysql)	Run cluster JDBC_PING2 UDP smoke test	2024-12-10T10:40:12.7995570Z RealmInvalidationClusterTest ++ 10:40:12,536 INFO  [org.keycloak.testsuite.arquillian.AuthServerTestEnricher] ************************auth-server-balancer-undertow*****************************************************************************
Store IT (mysql)	Run cluster JDBC_PING2 UDP smoke test	2024-12-10T10:40:12.7997979Z RealmInvalidationClusterTest ++ 10:40:12,537 INFO  [org.keycloak.testsuite.arquillian.undertow.lb.SimpleUndertowLoadBalancer] Keycloak nodes: {node1=http://localhost:8181, node2=http://localhost:8182}
Store IT (mysql)	Run cluster JDBC_PING2 UDP smoke test	2024-12-10T10:40:12.7999986Z RealmInvalidationClusterTest ++ 10:40:12,626 INFO  [io.undertow] starting server: Undertow - 2.3.2.Final
Store IT (mysql)	Run cluster JDBC_PING2 UDP smoke test	2024-12-10T10:40:12.8005591Z RealmInvalidationClusterTest ++ 10:40:12,639 ERROR [org.keycloak.testsuite.cluster.RealmInvalidationClusterTest] [RealmInvalidationClusterTest] null() FAILED
Store IT (mysql)	Run cluster JDBC_PING2 UDP smoke test	2024-12-10T10:40:12.8006667Z 
Store IT (mysql)	Run cluster JDBC_PING2 UDP smoke test	2024-12-10T10:40:12.8007167Z --------- org.keycloak.testsuite.cluster.RealmInvalidationClusterTest output end  ---------
Store IT (mysql)	Run cluster JDBC_PING2 UDP smoke test	2024-12-10T10:40:12.8008530Z [ERROR] Tests run: 1, Failures: 0, Errors: 1, Skipped: 0, Time elapsed: 1.39 s <<< FAILURE! - in org.keycloak.testsuite.cluster.RealmInvalidationClusterTest
Store IT (mysql)	Run cluster JDBC_PING2 UDP smoke test	2024-12-10T10:40:12.8010157Z -- [ERROR] org.keycloak.testsuite.cluster.RealmInvalidationClusterTest  Time elapsed: 1.361 s  <<< ERROR!
Store IT (mysql)	Run cluster JDBC_PING2 UDP smoke test	2024-12-10T10:40:12.8011412Z -- java.lang.RuntimeException: java.lang.RuntimeException: java.net.BindException: Address already in use
Store IT (mysql)	Run cluster JDBC_PING2 UDP smoke test	2024-12-10T10:40:12.8012861Z -- 	at org.keycloak.testsuite.arquillian.undertow.lb.SimpleUndertowLoadBalancer.start(SimpleUndertowLoadBalancer.java:121)
Store IT (mysql)	Run cluster JDBC_PING2 UDP smoke test	2024-12-10T10:40:12.8014689Z -- 	at org.keycloak.testsuite.arquillian.undertow.lb.SimpleUndertowLoadBalancerContainer.start(SimpleUndertowLoadBalancerContainer.java:55)
Store IT (mysql)	Run cluster JDBC_PING2 UDP smoke test	2024-12-10T10:40:12.8016214Z -- 	at org.jboss.arquillian.container.impl.ContainerImpl.start(ContainerImpl.java:179)
Store IT (mysql)	Run cluster JDBC_PING2 UDP smoke test	2024-12-10T10:40:12.8017682Z -- 	at org.jboss.arquillian.container.impl.client.container.ContainerLifecycleController$8.perform(ContainerLifecycleController.java:137)
Store IT (mysql)	Run cluster JDBC_PING2 UDP smoke test	2024-12-10T10:40:12.8019992Z -- 	at org.jboss.arquillian.container.impl.client.container.ContainerLifecycleController$8.perform(ContainerLifecycleController.java:133)
Store IT (mysql)	Run cluster JDBC_PING2 UDP smoke test	2024-12-10T10:40:12.8021976Z -- 	at org.jboss.arquillian.container.impl.client.container.ContainerLifecycleController.forContainer(ContainerLifecycleController.java:208)
Store IT (mysql)	Run cluster JDBC_PING2 UDP smoke test	2024-12-10T10:40:12.8024071Z -- 	at org.jboss.arquillian.container.impl.client.container.ContainerLifecycleController.startContainer(ContainerLifecycleController.java:133)
Store IT (mysql)	Run cluster JDBC_PING2 UDP smoke test	2024-12-10T10:40:12.8025865Z -- 	at java.base/jdk.internal.reflect.DirectMethodHandleAccessor.invoke(DirectMethodHandleAccessor.java:103)
Store IT (mysql)	Run cluster JDBC_PING2 UDP smoke test	2024-12-10T10:40:12.8026929Z -- 	at java.base/java.lang.reflect.Method.invoke(Method.java:580)
Store IT (mysql)	Run cluster JDBC_PING2 UDP smoke test	2024-12-10T10:40:12.8027750Z -- 	at org.jboss.arquillian.core.impl.ObserverImpl.invoke(ObserverImpl.java:86)
Store IT (mysql)	Run cluster JDBC_PING2 UDP smoke test	2024-12-10T10:40:12.8029001Z -- 	at org.jboss.arquillian.core.impl.EventContextImpl.invokeObservers(EventContextImpl.java:103)
Store IT (mysql)	Run cluster JDBC_PING2 UDP smoke test	2024-12-10T10:40:12.8030147Z -- 	at org.jboss.arquillian.core.impl.EventContextImpl.proceed(EventContextImpl.java:90)
Store IT (mysql)	Run cluster JDBC_PING2 UDP smoke test	2024-12-10T10:40:12.8031800Z -- 	at org.jboss.arquillian.container.impl.client.ContainerDeploymentContextHandler.createContainerContext(ContainerDeploymentContextHandler.java:54)
Store IT (mysql)	Run cluster JDBC_PING2 UDP smoke test	2024-12-10T10:40:12.8033650Z -- 	at java.base/jdk.internal.reflect.DirectMethodHandleAccessor.invoke(DirectMethodHandleAccessor.java:103)
Store IT (mysql)	Run cluster JDBC_PING2 UDP smoke test	2024-12-10T10:40:12.8034708Z -- 	at java.base/java.lang.reflect.Method.invoke(Method.java:580)
Store IT (mysql)	Run cluster JDBC_PING2 UDP smoke test	2024-12-10T10:40:12.8035537Z -- 	at org.jboss.arquillian.core.impl.ObserverImpl.invoke(ObserverImpl.java:86)
Store IT (mysql)	Run cluster JDBC_PING2 UDP smoke test	2024-12-10T10:40:12.8036580Z -- 	at org.jboss.arquillian.core.impl.EventContextImpl.proceed(EventContextImpl.java:95)
Store IT (mysql)	Run cluster JDBC_PING2 UDP smoke test	2024-12-10T10:40:12.8037583Z -- 	at org.jboss.arquillian.core.impl.ManagerImpl.fire(ManagerImpl.java:133)
Store IT (mysql)	Run cluster JDBC_PING2 UDP smoke test	2024-12-10T10:40:12.8038491Z -- 	at org.jboss.arquillian.core.impl.ManagerImpl.fire(ManagerImpl.java:105)
Store IT (mysql)	Run cluster JDBC_PING2 UDP smoke test	2024-12-10T10:40:12.8039548Z -- 	at org.jboss.arquillian.core.impl.EventImpl.fire(EventImpl.java:62)
Store IT (mysql)	Run cluster JDBC_PING2 UDP smoke test	2024-12-10T10:40:12.8040784Z -- 	at org.keycloak.testsuite.arquillian.AuthServerTestEnricher.startAuthContainer(AuthServerTestEnricher.java:389)
Store IT (mysql)	Run cluster JDBC_PING2 UDP smoke test	2024-12-10T10:40:12.8042260Z -- 	at java.base/jdk.internal.reflect.DirectMethodHandleAccessor.invoke(DirectMethodHandleAccessor.java:103)
Store IT (mysql)	Run cluster JDBC_PING2 UDP smoke test	2024-12-10T10:40:12.8043260Z -- 	at java.base/java.lang.reflect.Method.invoke(Method.java:580)
Store IT (mysql)	Run cluster JDBC_PING2 UDP smoke test	2024-12-10T10:40:12.8047255Z -- 	at org.jboss.arquillian.core.impl.ObserverImpl.invoke(ObserverImpl.java:86)
Store IT (mysql)	Run cluster JDBC_PING2 UDP smoke test	2024-12-10T10:40:12.8048401Z -- 	at org.jboss.arquillian.core.impl.EventContextImpl.invokeObservers(EventContextImpl.java:103)
Store IT (mysql)	Run cluster JDBC_PING2 UDP smoke test	2024-12-10T10:40:12.8050552Z -- 	at org.jboss.arquillian.core.impl.EventContextImpl.proceed(EventContextImpl.java:90)
Store IT (mysql)	Run cluster JDBC_PING2 UDP smoke test	2024-12-10T10:40:12.8051570Z -- 	at org.jboss.arquillian.core.impl.ManagerImpl.fire(ManagerImpl.java:133)
Store IT (mysql)	Run cluster JDBC_PING2 UDP smoke test	2024-12-10T10:40:12.8052472Z -- 	at org.jboss.arquillian.core.impl.ManagerImpl.fire(ManagerImpl.java:105)
Store IT (mysql)	Run cluster JDBC_PING2 UDP smoke test	2024-12-10T10:40:12.8053345Z -- 	at org.jboss.arquillian.core.impl.EventImpl.fire(EventImpl.java:62)
Store IT (mysql)	Run cluster JDBC_PING2 UDP smoke test	2024-12-10T10:40:12.8054578Z -- 	at org.jboss.arquillian.container.test.impl.client.ContainerEventController.execute(ContainerEventController.java:83)
Store IT (mysql)	Run cluster JDBC_PING2 UDP smoke test	2024-12-10T10:40:12.8056117Z -- 	at java.base/jdk.internal.reflect.DirectMethodHandleAccessor.invoke(DirectMethodHandleAccessor.java:103)
Store IT (mysql)	Run cluster JDBC_PING2 UDP smoke test	2024-12-10T10:40:12.8057111Z -- 	at java.base/java.lang.reflect.Method.invoke(Method.java:580)
Store IT (mysql)	Run cluster JDBC_PING2 UDP smoke test	2024-12-10T10:40:12.8058007Z -- 	at org.jboss.arquillian.core.impl.ObserverImpl.invoke(ObserverImpl.java:86)
Store IT (mysql)	Run cluster JDBC_PING2 UDP smoke test	2024-12-10T10:40:12.8059241Z -- 	at org.jboss.arquillian.core.impl.EventContextImpl.invokeObservers(EventContextImpl.java:103)
Store IT (mysql)	Run cluster JDBC_PING2 UDP smoke test	2024-12-10T10:40:12.8060388Z -- 	at org.jboss.arquillian.core.impl.EventContextImpl.proceed(EventContextImpl.java:90)
Store IT (mysql)	Run cluster JDBC_PING2 UDP smoke test	2024-12-10T10:40:12.8061574Z -- 	at org.jboss.arquillian.test.impl.TestContextHandler.createSuiteContext(TestContextHandler.java:69)
Store IT (mysql)	Run cluster JDBC_PING2 UDP smoke test	2024-12-10T10:40:12.8062907Z -- 	at java.base/jdk.internal.reflect.DirectMethodHandleAccessor.invoke(DirectMethodHandleAccessor.java:103)
Store IT (mysql)	Run cluster JDBC_PING2 UDP smoke test	2024-12-10T10:40:12.8064164Z -- 	at java.base/java.lang.reflect.Method.invoke(Method.java:580)
Store IT (mysql)	Run cluster JDBC_PING2 UDP smoke test	2024-12-10T10:40:12.8064969Z -- 	at org.jboss.arquillian.core.impl.ObserverImpl.invoke(ObserverImpl.java:86)
Store IT (mysql)	Run cluster JDBC_PING2 UDP smoke test	2024-12-10T10:40:12.8065954Z -- 	at org.jboss.arquillian.core.impl.EventContextImpl.proceed(EventContextImpl.java:95)
Store IT (mysql)	Run cluster JDBC_PING2 UDP smoke test	2024-12-10T10:40:12.8066915Z -- 	at org.jboss.arquillian.core.impl.ManagerImpl.fire(ManagerImpl.java:133)
Store IT (mysql)	Run cluster JDBC_PING2 UDP smoke test	2024-12-10T10:40:12.8067761Z -- 	at org.jboss.arquillian.core.impl.ManagerImpl.fire(ManagerImpl.java:105)
Store IT (mysql)	Run cluster JDBC_PING2 UDP smoke test	2024-12-10T10:40:12.8069036Z -- 	at org.jboss.arquillian.test.impl.EventTestRunnerAdaptor.beforeSuite(EventTestRunnerAdaptor.java:71)
Store IT (mysql)	Run cluster JDBC_PING2 UDP smoke test	2024-12-10T10:40:12.8070090Z -- 	at org.jboss.arquillian.junit.AdaptorManager.initializeAdaptor(AdaptorManager.java:23)
Store IT (mysql)	Run cluster JDBC_PING2 UDP smoke test	2024-12-10T10:40:12.8070813Z -- 	at org.jboss.arquillian.junit.AdaptorManagerWithNotifier.initializeAdaptor(AdaptorManagerWithNotifier.java:19)
Store IT (mysql)	Run cluster JDBC_PING2 UDP smoke test	2024-12-10T10:40:12.8071447Z -- 	at org.jboss.arquillian.junit.Arquillian.run(Arquillian.java:103)
Store IT (mysql)	Run cluster JDBC_PING2 UDP smoke test	2024-12-10T10:40:12.8071957Z -- 	at org.apache.maven.surefire.junit4.JUnit4Provider.execute(JUnit4Provider.java:377)
Store IT (mysql)	Run cluster JDBC_PING2 UDP smoke test	2024-12-10T10:40:12.8072590Z -- 	at org.apache.maven.surefire.junit4.JUnit4Provider.executeWithRerun(JUnit4Provider.java:284)
Store IT (mysql)	Run cluster JDBC_PING2 UDP smoke test	2024-12-10T10:40:12.8073231Z -- 	at org.apache.maven.surefire.junit4.JUnit4Provider.executeTestSet(JUnit4Provider.java:248)
Store IT (mysql)	Run cluster JDBC_PING2 UDP smoke test	2024-12-10T10:40:12.8073826Z -- 	at org.apache.maven.surefire.junit4.JUnit4Provider.invoke(JUnit4Provider.java:167)
Store IT (mysql)	Run cluster JDBC_PING2 UDP smoke test	2024-12-10T10:40:12.8074439Z -- 	at org.apache.maven.surefire.booter.ForkedBooter.runSuitesInProcess(ForkedBooter.java:456)
Store IT (mysql)	Run cluster JDBC_PING2 UDP smoke test	2024-12-10T10:40:12.8075035Z -- 	at org.apache.maven.surefire.booter.ForkedBooter.execute(ForkedBooter.java:169)
Store IT (mysql)	Run cluster JDBC_PING2 UDP smoke test	2024-12-10T10:40:12.8075556Z -- 	at org.apache.maven.surefire.booter.ForkedBooter.run(ForkedBooter.java:595)
Store IT (mysql)	Run cluster JDBC_PING2 UDP smoke test	2024-12-10T10:40:12.8076067Z -- 	at org.apache.maven.surefire.booter.ForkedBooter.main(ForkedBooter.java:581)
Store IT (mysql)	Run cluster JDBC_PING2 UDP smoke test	2024-12-10T10:40:12.8076597Z -- Caused by: java.lang.RuntimeException: java.net.BindException: Address already in use
Store IT (mysql)	Run cluster JDBC_PING2 UDP smoke test	2024-12-10T10:40:12.8077037Z -- 	at io.undertow.Undertow.start(Undertow.java:254)
Store IT (mysql)	Run cluster JDBC_PING2 UDP smoke test	2024-12-10T10:40:12.8077644Z -- 	at org.keycloak.testsuite.arquillian.undertow.lb.SimpleUndertowLoadBalancer.start(SimpleUndertowLoadBalancer.java:112)
Store IT (mysql)	Run cluster JDBC_PING2 UDP smoke test	2024-12-10T10:40:12.8078207Z -- 	... 53 more
Store IT (mysql)	Run cluster JDBC_PING2 UDP smoke test	2024-12-10T10:40:12.8078464Z -- Caused by: java.net.BindException: Address already in use
Store IT (mysql)	Run cluster JDBC_PING2 UDP smoke test	2024-12-10T10:40:12.8079029Z -- 	at java.base/sun.nio.ch.Net.bind0(Native Method)
Store IT (mysql)	Run cluster JDBC_PING2 UDP smoke test	2024-12-10T10:40:12.8079343Z -- 	at java.base/sun.nio.ch.Net.bind(Net.java:565)
Store IT (mysql)	Run cluster JDBC_PING2 UDP smoke test	2024-12-10T10:40:12.8079989Z -- 	at java.base/sun.nio.ch.ServerSocketChannelImpl.netBind(ServerSocketChannelImpl.java:344)
Store IT (mysql)	Run cluster JDBC_PING2 UDP smoke test	2024-12-10T10:40:12.8080584Z -- 	at java.base/sun.nio.ch.ServerSocketChannelImpl.bind(ServerSocketChannelImpl.java:301)
Store IT (mysql)	Run cluster JDBC_PING2 UDP smoke test	2024-12-10T10:40:12.8081130Z -- 	at java.base/sun.nio.ch.ServerSocketAdaptor.bind(ServerSocketAdaptor.java:89)
Store IT (mysql)	Run cluster JDBC_PING2 UDP smoke test	2024-12-10T10:40:12.8081654Z -- 	at org.xnio.nio.NioXnioWorker.createTcpConnectionServer(NioXnioWorker.java:178)
Store IT (mysql)	Run cluster JDBC_PING2 UDP smoke test	2024-12-10T10:40:12.8082204Z -- 	at org.xnio.XnioWorker.createStreamConnectionServer(XnioWorker.java:310)
Store IT (mysql)	Run cluster JDBC_PING2 UDP smoke test	2024-12-10T10:40:12.8082619Z -- 	at io.undertow.Undertow.start(Undertow.java:196)
Store IT (mysql)	Run cluster JDBC_PING2 UDP smoke test	2024-12-10T10:40:12.8082890Z -- 	... 54 more
Store IT (mysql)	Run cluster JDBC_PING2 UDP smoke test	2024-12-10T10:40:12.8083063Z -- 
Store IT (mysql)	Run cluster JDBC_PING2 UDP smoke test	2024-12-10T10:40:13.0961563Z -- [INFO] 
Store IT (mysql)	Run cluster JDBC_PING2 UDP smoke test	2024-12-10T10:40:13.0961985Z -- [INFO] Results:
Store IT (mysql)	Run cluster JDBC_PING2 UDP smoke test	2024-12-10T10:40:13.0962350Z -- [INFO] 
Store IT (mysql)	Run cluster JDBC_PING2 UDP smoke test	2024-12-10T10:40:13.0962677Z -- [ERROR] Errors: 
Store IT (mysql)	Run cluster JDBC_PING2 UDP smoke test	2024-12-10T10:40:13.0964027Z -- [ERROR]   RealmInvalidationClusterTest » Runtime java.lang.RuntimeException: java.net.BindException: Address already in use
Store IT (mysql)	Run cluster JDBC_PING2 UDP smoke test	2024-12-10T10:40:13.0965431Z -- [INFO] 
Store IT (mysql)	Run cluster JDBC_PING2 UDP smoke test	2024-12-10T10:40:13.0965890Z -- [ERROR] Tests run: 1, Failures: 0, Errors: 1, Skipped: 0
Store IT (mysql)	Run cluster JDBC_PING2 UDP smoke test	2024-12-10T10:40:13.0966409Z -- [INFO] 
Store IT (mysql)	Run cluster JDBC_PING2 UDP smoke test	2024-12-10T10:40:13.1005566Z -- [INFO] ------------------------------------------------------------------------
Store IT (mysql)	Run cluster JDBC_PING2 UDP smoke test	2024-12-10T10:40:13.1007474Z -- [INFO] BUILD FAILURE
Store IT (mysql)	Run cluster JDBC_PING2 UDP smoke test	2024-12-10T10:40:13.1008438Z -- [INFO] ------------------------------------------------------------------------
Store IT (mysql)	Run cluster JDBC_PING2 UDP smoke test	2024-12-10T10:40:13.1009934Z -- [INFO] Total time:  7.692 s
Store IT (mysql)	Run cluster JDBC_PING2 UDP smoke test	2024-12-10T10:40:13.1011943Z -- [INFO] Finished at: 2024-12-10T10:40:13Z
Store IT (mysql)	Run cluster JDBC_PING2 UDP smoke test	2024-12-10T10:40:13.1013493Z -- [INFO] ------------------------------------------------------------------------
Store IT (mysql)	Run cluster JDBC_PING2 UDP smoke test	2024-12-10T10:40:13.1020711Z -- [ERROR] Failed to execute goal org.apache.maven.plugins:maven-surefire-plugin:3.0.0-M7:test (default-test) on project integration-arquillian-tests-base: 
Store IT (mysql)	Run cluster JDBC_PING2 UDP smoke test	2024-12-10T10:40:13.1029011Z -- [ERROR] 
Store IT (mysql)	Run cluster JDBC_PING2 UDP smoke test	2024-12-10T10:40:13.1030196Z -- [ERROR] Please refer to /home/runner/work/keycloak/keycloak/testsuite/integration-arquillian/tests/base/target/surefire-reports for the individual test results.
Store IT (mysql)	Run cluster JDBC_PING2 UDP smoke test	2024-12-10T10:40:13.1031886Z -- [ERROR] Please refer to dump files (if any exist) [date].dump, [date]-jvmRun[N].dump and [date].dumpstream.
Store IT (mysql)	Run cluster JDBC_PING2 UDP smoke test	2024-12-10T10:40:13.1032676Z -- [ERROR] -> [Help 1]
Store IT (mysql)	Run cluster JDBC_PING2 UDP smoke test	2024-12-10T10:40:13.1033027Z -- [ERROR] 
Store IT (mysql)	Run cluster JDBC_PING2 UDP smoke test	2024-12-10T10:40:13.1033545Z -- [ERROR] To see the full stack trace of the errors, re-run Maven with the -e switch.
Store IT (mysql)	Run cluster JDBC_PING2 UDP smoke test	2024-12-10T10:40:13.1034387Z -- [ERROR] Re-run Maven using the -X switch to enable full debug logging.
Store IT (mysql)	Run cluster JDBC_PING2 UDP smoke test	2024-12-10T10:40:13.1034951Z -- [ERROR] 
Store IT (mysql)	Run cluster JDBC_PING2 UDP smoke test	2024-12-10T10:40:13.1035610Z -- [ERROR] For more information about the errors and possible solutions, please read the following articles:
Store IT (mysql)	Run cluster JDBC_PING2 UDP smoke test	2024-12-10T10:40:13.1036675Z -- [ERROR] [Help 1] http://cwiki.apache.org/confluence/display/MAVEN/MojoFailureException
Store IT (mysql)	Run cluster JDBC_PING2 UDP smoke test	2024-12-10T10:40:13.1312990Z ##[error]Process completed with exit code 1.
Status Check - Keycloak CI	Run /./.github/actions/status-check	2024-12-10T10:41:39.6038329Z Prepare all required actions
Status Check - Keycloak CI	Run /./.github/actions/status-check	2024-12-10T10:41:39.6109172Z ##[group]Run ./.github/actions/status-check
Status Check - Keycloak CI	Run /./.github/actions/status-check	2024-12-10T10:41:39.6109528Z with:
Status Check - Keycloak CI	Run /./.github/actions/status-check	2024-12-10T10:41:39.6113736Z   jobs: {
Status Check - Keycloak CI	Run /./.github/actions/status-check	  "conditional": {
Status Check - Keycloak CI	Run /./.github/actions/status-check	    "result": "success",
Status Check - Keycloak CI	Run /./.github/actions/status-check	    "outputs": {
Status Check - Keycloak CI	Run /./.github/actions/status-check	      "ci": "true",
Status Check - Keycloak CI	Run /./.github/actions/status-check	      "ci-aurora": "false",
Status Check - Keycloak CI	Run /./.github/actions/status-check	      "ci-quarkus": "true",
Status Check - Keycloak CI	Run /./.github/actions/status-check	      "ci-sssd": "false",
Status Check - Keycloak CI	Run /./.github/actions/status-check	      "ci-store": "false",
Status Check - Keycloak CI	Run /./.github/actions/status-check	      "ci-webauthn": "true"
Status Check - Keycloak CI	Run /./.github/actions/status-check	    }
Status Check - Keycloak CI	Run /./.github/actions/status-check	  },
Status Check - Keycloak CI	Run /./.github/actions/status-check	  "build": {
Status Check - Keycloak CI	Run /./.github/actions/status-check	    "result": "success",
Status Check - Keycloak CI	Run /./.github/actions/status-check	    "outputs": {}
Status Check - Keycloak CI	Run /./.github/actions/status-check	  },
Status Check - Keycloak CI	Run /./.github/actions/status-check	  "unit-tests": {
Status Check - Keycloak CI	Run /./.github/actions/status-check	    "result": "success",
Status Check - Keycloak CI	Run /./.github/actions/status-check	    "outputs": {}
Status Check - Keycloak CI	Run /./.github/actions/status-check	  },
Status Check - Keycloak CI	Run /./.github/actions/status-check	  "base-integration-tests": {
Status Check - Keycloak CI	Run /./.github/actions/status-check	    "result": "success",
Status Check - Keycloak CI	Run /./.github/actions/status-check	    "outputs": {}
Status Check - Keycloak CI	Run /./.github/actions/status-check	  },
Status Check - Keycloak CI	Run /./.github/actions/status-check	  "adapter-integration-tests": {
Status Check - Keycloak CI	Run /./.github/actions/status-check	    "result": "success",
Status Check - Keycloak CI	Run /./.github/actions/status-check	    "outputs": {}
Status Check - Keycloak CI	Run /./.github/actions/status-check	  },
Status Check - Keycloak CI	Run /./.github/actions/status-check	  "adapter-integration-tests-strict-cookies": {
Status Check - Keycloak CI	Run /./.github/actions/status-check	    "result": "success",
Status Check - Keycloak CI	Run /./.github/actions/status-check	    "outputs": {}
Status Check - Keycloak CI	Run /./.github/actions/status-check	  },
Status Check - Keycloak CI	Run /./.github/actions/status-check	  "quarkus-unit-tests": {
Status Check - Keycloak CI	Run /./.github/actions/status-check	    "result": "success",
Status Check - Keycloak CI	Run /./.github/actions/status-check	    "outputs": {}
Status Check - Keycloak CI	Run /./.github/actions/status-check	  },
Status Check - Keycloak CI	Run /./.github/actions/status-check	  "quarkus-integration-tests": {
Status Check - Keycloak CI	Run /./.github/actions/status-check	    "result": "success",
Status Check - Keycloak CI	Run /./.github/actions/status-check	    "outputs": {}
Status Check - Keycloak CI	Run /./.github/actions/status-check	  },
Status Check - Keycloak CI	Run /./.github/actions/status-check	  "jdk-integration-tests": {
Status Check - Keycloak CI	Run /./.github/actions/status-check	    "result": "success",
Status Check - Keycloak CI	Run /./.github/actions/status-check	    "outputs": {}
Status Check - Keycloak CI	Run /./.github/actions/status-check	  },
Status Check - Keycloak CI	Run /./.github/actions/status-check	  "store-integration-tests": {
Status Check - Keycloak CI	Run /./.github/actions/status-check	    "result": "failure",
Status Check - Keycloak CI	Run /./.github/actions/status-check	    "outputs": {}
Status Check - Keycloak CI	Run /./.github/actions/status-check	  },
Status Check - Keycloak CI	Run /./.github/actions/status-check	  "volatile-sessions-tests": {
Status Check - Keycloak CI	Run /./.github/actions/status-check	    "result": "skipped",
Status Check - Keycloak CI	Run /./.github/actions/status-check	    "outputs": {}
Status Check - Keycloak CI	Run /./.github/actions/status-check	  },
Status Check - Keycloak CI	Run /./.github/actions/status-check	  "store-model-tests": {
Status Check - Keycloak CI	Run /./.github/actions/status-check	    "result": "skipped",
Status Check - Keycloak CI	Run /./.github/actions/status-check	    "outputs": {}
Status Check - Keycloak CI	Run /./.github/actions/status-check	  },
Status Check - Keycloak CI	Run /./.github/actions/status-check	  "clustering-integration-tests": {
Status Check - Keycloak CI	Run /./.github/actions/status-check	    "result": "success",
Status Check - Keycloak CI	Run /./.github/actions/status-check	    "outputs": {}
Status Check - Keycloak CI	Run /./.github/actions/status-check	  },
Status Check - Keycloak CI	Run /./.github/actions/status-check	  "fips-unit-tests": {
Status Check - Keycloak CI	Run /./.github/actions/status-check	    "result": "success",
Status Check - Keycloak CI	Run /./.github/actions/status-check	    "outputs": {}
Status Check - Keycloak CI	Run /./.github/actions/status-check	  },
Status Check - Keycloak CI	Run /./.github/actions/status-check	  "fips-integration-tests": {
Status Check - Keycloak CI	Run /./.github/actions/status-check	    "result": "success",
Status Check - Keycloak CI	Run /./.github/actions/status-check	    "outputs": {}
Status Check - Keycloak CI	Run /./.github/actions/status-check	  },
Status Check - Keycloak CI	Run /./.github/actions/status-check	  "forms-integration-tests": {
Status Check - Keycloak CI	Run /./.github/actions/status-check	    "result": "success",
Status Check - Keycloak CI	Run /./.github/actions/status-check	    "outputs": {}
Status Check - Keycloak CI	Run /./.github/actions/status-check	  },
Status Check - Keycloak CI	Run /./.github/actions/status-check	  "webauthn-integration-tests": {
Status Check - Keycloak CI	Run /./.github/actions/status-check	    "result": "success",
Status Check - Keycloak CI	Run /./.github/actions/status-check	    "outputs": {}
Status Check - Keycloak CI	Run /./.github/actions/status-check	  },
Status Check - Keycloak CI	Run /./.github/actions/status-check	  "sssd-unit-tests": {
Status Check - Keycloak CI	Run /./.github/actions/status-check	    "result": "skipped",
Status Check - Keycloak CI	Run /./.github/actions/status-check	    "outputs": {}
Status Check - Keycloak CI	Run /./.github/actions/status-check	  },
Status Check - Keycloak CI	Run /./.github/actions/status-check	  "migration-tests": {
Status Check - Keycloak CI	Run /./.github/actions/status-check	    "result": "success",
Status Check - Keycloak CI	Run /./.github/actions/status-check	    "outputs": {}
Status Check - Keycloak CI	Run /./.github/actions/status-check	  },
Status Check - Keycloak CI	Run /./.github/actions/status-check	  "external-infinispan-tests": {
Status Check - Keycloak CI	Run /./.github/actions/status-check	    "result": "skipped",
Status Check - Keycloak CI	Run /./.github/actions/status-check	    "outputs": {}
Status Check - Keycloak CI	Run /./.github/actions/status-check	  },
Status Check - Keycloak CI	Run /./.github/actions/status-check	  "test-framework": {
Status Check - Keycloak CI	Run /./.github/actions/status-check	    "result": "success",
Status Check - Keycloak CI	Run /./.github/actions/status-check	    "outputs": {}
Status Check - Keycloak CI	Run /./.github/actions/status-check	  },
Status Check - Keycloak CI	Run /./.github/actions/status-check	  "base-new-integration-tests": {
Status Check - Keycloak CI	Run /./.github/actions/status-check	    "result": "success",
Status Check - Keycloak CI	Run /./.github/actions/status-check	    "outputs": {}
Status Check - Keycloak CI	Run /./.github/actions/status-check	  }
Status Check - Keycloak CI	Run /./.github/actions/status-check	}
Status Check - Keycloak CI	Run /./.github/actions/status-check	2024-12-10T10:41:39.6118178Z env:
Status Check - Keycloak CI	Run /./.github/actions/status-check	2024-12-10T10:41:39.6118493Z   MAVEN_ARGS: -B -nsu -Daether.connector.http.connectionMaxTtl=25
Status Check - Keycloak CI	Run /./.github/actions/status-check	2024-12-10T10:41:39.6118868Z   SUREFIRE_RERUN_FAILING_COUNT: 2
Status Check - Keycloak CI	Run /./.github/actions/status-check	2024-12-10T10:41:39.6119218Z   SUREFIRE_RETRY: -Dsurefire.rerunFailingTestsCount=2
Status Check - Keycloak CI	Run /./.github/actions/status-check	2024-12-10T10:41:39.6119544Z ##[endgroup]
Status Check - Keycloak CI	Run /./.github/actions/status-check	2024-12-10T10:41:39.6304776Z ##[group]Run JOBS='{
Status Check - Keycloak CI	Run /./.github/actions/status-check	2024-12-10T10:41:39.6305172Z [36;1mJOBS='{[0m
Status Check - Keycloak CI	Run /./.github/actions/status-check	2024-12-10T10:41:39.6305423Z [36;1m  "conditional": {[0m
Status Check - Keycloak CI	Run /./.github/actions/status-check	2024-12-10T10:41:39.6305711Z [36;1m    "result": "success",[0m
Status Check - Keycloak CI	Run /./.github/actions/status-check	2024-12-10T10:41:39.6305983Z [36;1m    "outputs": {[0m
Status Check - Keycloak CI	Run /./.github/actions/status-check	2024-12-10T10:41:39.6306234Z [36;1m      "ci": "true",[0m
Status Check - Keycloak CI	Run /./.github/actions/status-check	2024-12-10T10:41:39.6306511Z [36;1m      "ci-aurora": "false",[0m
Status Check - Keycloak CI	Run /./.github/actions/status-check	2024-12-10T10:41:39.6306785Z [36;1m      "ci-quarkus": "true",[0m
Status Check - Keycloak CI	Run /./.github/actions/status-check	2024-12-10T10:41:39.6307054Z [36;1m      "ci-sssd": "false",[0m
Status Check - Keycloak CI	Run /./.github/actions/status-check	2024-12-10T10:41:39.6307342Z [36;1m      "ci-store": "false",[0m
Status Check - Keycloak CI	Run /./.github/actions/status-check	2024-12-10T10:41:39.6307607Z [36;1m      "ci-webauthn": "true"[0m
Status Check - Keycloak CI	Run /./.github/actions/status-check	2024-12-10T10:41:39.6307866Z [36;1m    }[0m
Status Check - Keycloak CI	Run /./.github/actions/status-check	2024-12-10T10:41:39.6308076Z [36;1m  },[0m
Status Check - Keycloak CI	Run /./.github/actions/status-check	2024-12-10T10:41:39.6308284Z [36;1m  "build": {[0m
Status Check - Keycloak CI	Run /./.github/actions/status-check	2024-12-10T10:41:39.6308528Z [36;1m    "result": "success",[0m
Status Check - Keycloak CI	Run /./.github/actions/status-check	2024-12-10T10:41:39.6308796Z [36;1m    "outputs": {}[0m
Status Check - Keycloak CI	Run /./.github/actions/status-check	2024-12-10T10:41:39.6309028Z [36;1m  },[0m
Status Check - Keycloak CI	Run /./.github/actions/status-check	2024-12-10T10:41:39.6309252Z [36;1m  "unit-tests": {[0m
Status Check - Keycloak CI	Run /./.github/actions/status-check	2024-12-10T10:41:39.6309505Z [36;1m    "result": "success",[0m
Status Check - Keycloak CI	Run /./.github/actions/status-check	2024-12-10T10:41:39.6309768Z [36;1m    "outputs": {}[0m
Status Check - Keycloak CI	Run /./.github/actions/status-check	2024-12-10T10:41:39.6310006Z [36;1m  },[0m
Status Check - Keycloak CI	Run /./.github/actions/status-check	2024-12-10T10:41:39.6310231Z [36;1m  "base-integration-tests": {[0m
Status Check - Keycloak CI	Run /./.github/actions/status-check	2024-12-10T10:41:39.6310519Z [36;1m    "result": "success",[0m
Status Check - Keycloak CI	Run /./.github/actions/status-check	2024-12-10T10:41:39.6310983Z [36;1m    "outputs": {}[0m
Status Check - Keycloak CI	Run /./.github/actions/status-check	2024-12-10T10:41:39.6311211Z [36;1m  },[0m
Status Check - Keycloak CI	Run /./.github/actions/status-check	2024-12-10T10:41:39.6311451Z [36;1m  "adapter-integration-tests": {[0m
Status Check - Keycloak CI	Run /./.github/actions/status-check	2024-12-10T10:41:39.6311744Z [36;1m    "result": "success",[0m
Status Check - Keycloak CI	Run /./.github/actions/status-check	2024-12-10T10:41:39.6312311Z [36;1m    "outputs": {}[0m
Status Check - Keycloak CI	Run /./.github/actions/status-check	2024-12-10T10:41:39.6312567Z [36;1m  },[0m
Status Check - Keycloak CI	Run /./.github/actions/status-check	2024-12-10T10:41:39.6312949Z [36;1m  "adapter-integration-tests-strict-cookies": {[0m
Status Check - Keycloak CI	Run /./.github/actions/status-check	2024-12-10T10:41:39.6313486Z [36;1m    "result": "success",[0m
Status Check - Keycloak CI	Run /./.github/actions/status-check	2024-12-10T10:41:39.6313753Z [36;1m    "outputs": {}[0m
Status Check - Keycloak CI	Run /./.github/actions/status-check	2024-12-10T10:41:39.6313991Z [36;1m  },[0m
Status Check - Keycloak CI	Run /./.github/actions/status-check	2024-12-10T10:41:39.6314208Z [36;1m  "quarkus-unit-tests": {[0m
Status Check - Keycloak CI	Run /./.github/actions/status-check	2024-12-10T10:41:39.6314484Z [36;1m    "result": "success",[0m
Status Check - Keycloak CI	Run /./.github/actions/status-check	2024-12-10T10:41:39.6314745Z [36;1m    "outputs": {}[0m
Status Check - Keycloak CI	Run /./.github/actions/status-check	2024-12-10T10:41:39.6314978Z [36;1m  },[0m
Status Check - Keycloak CI	Run /./.github/actions/status-check	2024-12-10T10:41:39.6315214Z [36;1m  "quarkus-integration-tests": {[0m
Status Check - Keycloak CI	Run /./.github/actions/status-check	2024-12-10T10:41:39.6315503Z [36;1m    "result": "success",[0m
Status Check - Keycloak CI	Run /./.github/actions/status-check	2024-12-10T10:41:39.6315759Z [36;1m    "outputs": {}[0m
Status Check - Keycloak CI	Run /./.github/actions/status-check	2024-12-10T10:41:39.6316005Z [36;1m  },[0m
Status Check - Keycloak CI	Run /./.github/actions/status-check	2024-12-10T10:41:39.6316229Z [36;1m  "jdk-integration-tests": {[0m
Status Check - Keycloak CI	Run /./.github/actions/status-check	2024-12-10T10:41:39.6316498Z [36;1m    "result": "success",[0m
Status Check - Keycloak CI	Run /./.github/actions/status-check	2024-12-10T10:41:39.6316757Z [36;1m    "outputs": {}[0m
Status Check - Keycloak CI	Run /./.github/actions/status-check	2024-12-10T10:41:39.6316990Z [36;1m  },[0m
Status Check - Keycloak CI	Run /./.github/actions/status-check	2024-12-10T10:41:39.6317213Z [36;1m  "store-integration-tests": {[0m
Status Check - Keycloak CI	Run /./.github/actions/status-check	2024-12-10T10:41:39.6317503Z [36;1m    "result": "failure",[0m
Status Check - Keycloak CI	Run /./.github/actions/status-check	2024-12-10T10:41:39.6317763Z [36;1m    "outputs": {}[0m
Status Check - Keycloak CI	Run /./.github/actions/status-check	2024-12-10T10:41:39.6317991Z [36;1m  },[0m
Status Check - Keycloak CI	Run /./.github/actions/status-check	2024-12-10T10:41:39.6318220Z [36;1m  "volatile-sessions-tests": {[0m
Status Check - Keycloak CI	Run /./.github/actions/status-check	2024-12-10T10:41:39.6318502Z [36;1m    "result": "skipped",[0m
Status Check - Keycloak CI	Run /./.github/actions/status-check	2024-12-10T10:41:39.6318752Z [36;1m    "outputs": {}[0m
Status Check - Keycloak CI	Run /./.github/actions/status-check	2024-12-10T10:41:39.6318986Z [36;1m  },[0m
Status Check - Keycloak CI	Run /./.github/actions/status-check	2024-12-10T10:41:39.6319204Z [36;1m  "store-model-tests": {[0m
Status Check - Keycloak CI	Run /./.github/actions/status-check	2024-12-10T10:41:39.6319471Z [36;1m    "result": "skipped",[0m
Status Check - Keycloak CI	Run /./.github/actions/status-check	2024-12-10T10:41:39.6319733Z [36;1m    "outputs": {}[0m
Status Check - Keycloak CI	Run /./.github/actions/status-check	2024-12-10T10:41:39.6319972Z [36;1m  },[0m
Status Check - Keycloak CI	Run /./.github/actions/status-check	2024-12-10T10:41:39.6320237Z [36;1m  "clustering-integration-tests": {[0m
Status Check - Keycloak CI	Run /./.github/actions/status-check	2024-12-10T10:41:39.6320535Z [36;1m    "result": "success",[0m
Status Check - Keycloak CI	Run /./.github/actions/status-check	2024-12-10T10:41:39.6320793Z [36;1m    "outputs": {}[0m
Status Check - Keycloak CI	Run /./.github/actions/status-check	2024-12-10T10:41:39.6321023Z [36;1m  },[0m
Status Check - Keycloak CI	Run /./.github/actions/status-check	2024-12-10T10:41:39.6321241Z [36;1m  "fips-unit-tests": {[0m
Status Check - Keycloak CI	Run /./.github/actions/status-check	2024-12-10T10:41:39.6321506Z [36;1m    "result": "success",[0m
Status Check - Keycloak CI	Run /./.github/actions/status-check	2024-12-10T10:41:39.6321757Z [36;1m    "outputs": {}[0m
Status Check - Keycloak CI	Run /./.github/actions/status-check	2024-12-10T10:41:39.6322481Z [36;1m  },[0m
Status Check - Keycloak CI	Run /./.github/actions/status-check	2024-12-10T10:41:39.6322777Z [36;1m  "fips-integration-tests": {[0m
Status Check - Keycloak CI	Run /./.github/actions/status-check	2024-12-10T10:41:39.6323058Z [36;1m    "result": "success",[0m
Status Check - Keycloak CI	Run /./.github/actions/status-check	2024-12-10T10:41:39.6323316Z [36;1m    "outputs": {}[0m
Status Check - Keycloak CI	Run /./.github/actions/status-check	2024-12-10T10:41:39.6323557Z [36;1m  },[0m
Status Check - Keycloak CI	Run /./.github/actions/status-check	2024-12-10T10:41:39.6323785Z [36;1m  "forms-integration-tests": {[0m
Status Check - Keycloak CI	Run /./.github/actions/status-check	2024-12-10T10:41:39.6324072Z [36;1m    "result": "success",[0m
Status Check - Keycloak CI	Run /./.github/actions/status-check	2024-12-10T10:41:39.6324338Z [36;1m    "outputs": {}[0m
Status Check - Keycloak CI	Run /./.github/actions/status-check	2024-12-10T10:41:39.6324570Z [36;1m  },[0m
Status Check - Keycloak CI	Run /./.github/actions/status-check	2024-12-10T10:41:39.6324802Z [36;1m  "webauthn-integration-tests": {[0m
Status Check - Keycloak CI	Run /./.github/actions/status-check	2024-12-10T10:41:39.6325101Z [36;1m    "result": "success",[0m
Status Check - Keycloak CI	Run /./.github/actions/status-check	2024-12-10T10:41:39.6325353Z [36;1m    "outputs": {}[0m
Status Check - Keycloak CI	Run /./.github/actions/status-check	2024-12-10T10:41:39.6325586Z [36;1m  },[0m
Status Check - Keycloak CI	Run /./.github/actions/status-check	2024-12-10T10:41:39.6325807Z [36;1m  "sssd-unit-tests": {[0m
Status Check - Keycloak CI	Run /./.github/actions/status-check	2024-12-10T10:41:39.6326066Z [36;1m    "result": "skipped",[0m
Status Check - Keycloak CI	Run /./.github/actions/status-check	2024-12-10T10:41:39.6326325Z [36;1m    "outputs": {}[0m
Status Check - Keycloak CI	Run /./.github/actions/status-check	2024-12-10T10:41:39.6326560Z [36;1m  },[0m
Status Check - Keycloak CI	Run /./.github/actions/status-check	2024-12-10T10:41:39.6326765Z [36;1m  "migration-tests": {[0m
Status Check - Keycloak CI	Run /./.github/actions/status-check	2024-12-10T10:41:39.6327027Z [36;1m    "result": "success",[0m
Status Check - Keycloak CI	Run /./.github/actions/status-check	2024-12-10T10:41:39.6327282Z [36;1m    "outputs": {}[0m
Status Check - Keycloak CI	Run /./.github/actions/status-check	2024-12-10T10:41:39.6327510Z [36;1m  },[0m
Status Check - Keycloak CI	Run /./.github/actions/status-check	2024-12-10T10:41:39.6327740Z [36;1m  "external-infinispan-tests": {[0m
Status Check - Keycloak CI	Run /./.github/actions/status-check	2024-12-10T10:41:39.6328031Z [36;1m    "result": "skipped",[0m
Status Check - Keycloak CI	Run /./.github/actions/status-check	2024-12-10T10:41:39.6328284Z [36;1m    "outputs": {}[0m
Status Check - Keycloak CI	Run /./.github/actions/status-check	2024-12-10T10:41:39.6328516Z [36;1m  },[0m
Status Check - Keycloak CI	Run /./.github/actions/status-check	2024-12-10T10:41:39.6328730Z [36;1m  "test-framework": {[0m
Status Check - Keycloak CI	Run /./.github/actions/status-check	2024-12-10T10:41:39.6328984Z [36;1m    "result": "success",[0m
Status Check - Keycloak CI	Run /./.github/actions/status-check	2024-12-10T10:41:39.6329234Z [36;1m    "outputs": {}[0m
Status Check - Keycloak CI	Run /./.github/actions/status-check	2024-12-10T10:41:39.6329616Z [36;1m  },[0m
Status Check - Keycloak CI	Run /./.github/actions/status-check	2024-12-10T10:41:39.6329844Z [36;1m  "base-new-integration-tests": {[0m
Status Check - Keycloak CI	Run /./.github/actions/status-check	2024-12-10T10:41:39.6330137Z [36;1m    "result": "success",[0m
Status Check - Keycloak CI	Run /./.github/actions/status-check	2024-12-10T10:41:39.6330388Z [36;1m    "outputs": {}[0m
Status Check - Keycloak CI	Run /./.github/actions/status-check	2024-12-10T10:41:39.6330609Z [36;1m  }[0m
Status Check - Keycloak CI	Run /./.github/actions/status-check	2024-12-10T10:41:39.6330808Z [36;1m}'[0m
Status Check - Keycloak CI	Run /./.github/actions/status-check	2024-12-10T10:41:39.6331021Z [36;1m[0m
Status Check - Keycloak CI	Run /./.github/actions/status-check	2024-12-10T10:41:39.6331227Z [36;1mecho "Job status:"[0m
Status Check - Keycloak CI	Run /./.github/actions/status-check	2024-12-10T10:41:39.6331727Z [36;1mecho $JOBS | jq -r 'to_entries[] | " - \(.key): \(.value.result)"'[0m
Status Check - Keycloak CI	Run /./.github/actions/status-check	2024-12-10T10:41:39.6332239Z [36;1m[0m
Status Check - Keycloak CI	Run /./.github/actions/status-check	2024-12-10T10:41:39.6332523Z [36;1mfor i in $(echo $JOBS | jq -r 'to_entries[] | .value.result'); do[0m
Status Check - Keycloak CI	Run /./.github/actions/status-check	2024-12-10T10:41:39.6332928Z [36;1m  if [ "$i" != "success" ] && [ "$i" != "skipped" ]; then[0m
Status Check - Keycloak CI	Run /./.github/actions/status-check	2024-12-10T10:41:39.6333248Z [36;1m    echo ""[0m
Status Check - Keycloak CI	Run /./.github/actions/status-check	2024-12-10T10:41:39.6333494Z [36;1m    echo "Status check not okay!"[0m
Status Check - Keycloak CI	Run /./.github/actions/status-check	2024-12-10T10:41:39.6333775Z [36;1m    exit 1[0m
Status Check - Keycloak CI	Run /./.github/actions/status-check	2024-12-10T10:41:39.6333998Z [36;1m  fi[0m
Status Check - Keycloak CI	Run /./.github/actions/status-check	2024-12-10T10:41:39.6334212Z [36;1mdone[0m
Status Check - Keycloak CI	Run /./.github/actions/status-check	2024-12-10T10:41:39.6366017Z shell: /usr/bin/bash --noprofile --norc -e -o pipefail {0}
Status Check - Keycloak CI	Run /./.github/actions/status-check	2024-12-10T10:41:39.6366431Z env:
Status Check - Keycloak CI	Run /./.github/actions/status-check	2024-12-10T10:41:39.6366745Z   MAVEN_ARGS: -B -nsu -Daether.connector.http.connectionMaxTtl=25
Status Check - Keycloak CI	Run /./.github/actions/status-check	2024-12-10T10:41:39.6367119Z   SUREFIRE_RERUN_FAILING_COUNT: 2
Status Check - Keycloak CI	Run /./.github/actions/status-check	2024-12-10T10:41:39.6367457Z   SUREFIRE_RETRY: -Dsurefire.rerunFailingTestsCount=2
Status Check - Keycloak CI	Run /./.github/actions/status-check	2024-12-10T10:41:39.6367811Z ##[endgroup]
Status Check - Keycloak CI	Run /./.github/actions/status-check	2024-12-10T10:41:39.6436104Z Job status:
Status Check - Keycloak CI	Run /./.github/actions/status-check	2024-12-10T10:41:39.6483069Z  - conditional: success
Status Check - Keycloak CI	Run /./.github/actions/status-check	2024-12-10T10:41:39.6483421Z  - build: success
Status Check - Keycloak CI	Run /./.github/actions/status-check	2024-12-10T10:41:39.6483665Z  - unit-tests: success
Status Check - Keycloak CI	Run /./.github/actions/status-check	2024-12-10T10:41:39.6483954Z  - base-integration-tests: success
Status Check - Keycloak CI	Run /./.github/actions/status-check	2024-12-10T10:41:39.6484266Z  - adapter-integration-tests: success
Status Check - Keycloak CI	Run /./.github/actions/status-check	2024-12-10T10:41:39.6484621Z  - adapter-integration-tests-strict-cookies: success
Status Check - Keycloak CI	Run /./.github/actions/status-check	2024-12-10T10:41:39.6484972Z  - quarkus-unit-tests: success
Status Check - Keycloak CI	Run /./.github/actions/status-check	2024-12-10T10:41:39.6485253Z  - quarkus-integration-tests: success
Status Check - Keycloak CI	Run /./.github/actions/status-check	2024-12-10T10:41:39.6485564Z  - jdk-integration-tests: success
Status Check - Keycloak CI	Run /./.github/actions/status-check	2024-12-10T10:41:39.6485871Z  - store-integration-tests: failure
Status Check - Keycloak CI	Run /./.github/actions/status-check	2024-12-10T10:41:39.6486163Z  - volatile-sessions-tests: skipped
Status Check - Keycloak CI	Run /./.github/actions/status-check	2024-12-10T10:41:39.6486445Z  - store-model-tests: skipped
Status Check - Keycloak CI	Run /./.github/actions/status-check	2024-12-10T10:41:39.6486738Z  - clustering-integration-tests: success
Status Check - Keycloak CI	Run /./.github/actions/status-check	2024-12-10T10:41:39.6487047Z  - fips-unit-tests: success
Status Check - Keycloak CI	Run /./.github/actions/status-check	2024-12-10T10:41:39.6487313Z  - fips-integration-tests: success
Status Check - Keycloak CI	Run /./.github/actions/status-check	2024-12-10T10:41:39.6487607Z  - forms-integration-tests: success
Status Check - Keycloak CI	Run /./.github/actions/status-check	2024-12-10T10:41:39.6487898Z  - webauthn-integration-tests: success
Status Check - Keycloak CI	Run /./.github/actions/status-check	2024-12-10T10:41:39.6488182Z  - sssd-unit-tests: skipped
Status Check - Keycloak CI	Run /./.github/actions/status-check	2024-12-10T10:41:39.6488442Z  - migration-tests: success
Status Check - Keycloak CI	Run /./.github/actions/status-check	2024-12-10T10:41:39.6488707Z  - external-infinispan-tests: skipped
Status Check - Keycloak CI	Run /./.github/actions/status-check	2024-12-10T10:41:39.6488997Z  - test-framework: success
Status Check - Keycloak CI	Run /./.github/actions/status-check	2024-12-10T10:41:39.6489270Z  - base-new-integration-tests: success
Status Check - Keycloak CI	Run /./.github/actions/status-check	2024-12-10T10:41:39.6517867Z 
Status Check - Keycloak CI	Run /./.github/actions/status-check	2024-12-10T10:41:39.6518130Z Status check not okay!
Status Check - Keycloak CI	Run /./.github/actions/status-check	2024-12-10T10:41:39.6530780Z ##[error]Process completed with exit code 1.
