Quarkus UT (windows-latest)	Integration test setup	2024-01-09T13:24:28.0302265Z Prepare all required actions
Quarkus UT (windows-latest)	Integration test setup	2024-01-09T13:24:28.0302894Z Getting action download info
Quarkus UT (windows-latest)	Integration test setup	2024-01-09T13:24:28.2008134Z Download action repository 'actions/download-artifact@v3' (SHA:9bc31d5ccc31df68ecc42ccf4149144866c47d8a)
Quarkus UT (windows-latest)	Integration test setup	2024-01-09T13:24:28.7026521Z ##[group]Run ./.github/actions/integration-test-setup
Quarkus UT (windows-latest)	Integration test setup	2024-01-09T13:24:28.7027100Z with:
Quarkus UT (windows-latest)	Integration test setup	2024-01-09T13:24:28.7027374Z   jdk-dist: temurin
Quarkus UT (windows-latest)	Integration test setup	2024-01-09T13:24:28.7027666Z   jdk-version: 17
Quarkus UT (windows-latest)	Integration test setup	2024-01-09T13:24:28.7027973Z env:
Quarkus UT (windows-latest)	Integration test setup	2024-01-09T13:24:28.7028457Z   MAVEN_ARGS: -B -nsu -Daether.connector.http.connectionMaxTtl=25
Quarkus UT (windows-latest)	Integration test setup	2024-01-09T13:24:28.7029022Z   SUREFIRE_RERUN_FAILING_COUNT: 2
Quarkus UT (windows-latest)	Integration test setup	2024-01-09T13:24:28.7029533Z   SUREFIRE_RETRY: -Dsurefire.rerunFailingTestsCount=2
Quarkus UT (windows-latest)	Integration test setup	2024-01-09T13:24:28.7029900Z ##[endgroup]
Quarkus UT (windows-latest)	Integration test setup	2024-01-09T13:24:28.7304513Z Prepare all required actions
Quarkus UT (windows-latest)	Integration test setup	2024-01-09T13:24:28.7304879Z Getting action download info
Quarkus UT (windows-latest)	Integration test setup	2024-01-09T13:24:28.9038295Z Download action repository 'actions/setup-java@v3' (SHA:0ab4596768b603586c0de567f2430c30f5b0d2b0)
Quarkus UT (windows-latest)	Integration test setup	2024-01-09T13:24:29.4980780Z ##[warning]Failed to download action 'https://api.github.com/repos/actions/setup-java/zipball/0ab4596768b603586c0de567f2430c30f5b0d2b0'. Error: Response status code does not indicate success: 500 (Internal Server Error).
Quarkus UT (windows-latest)	Integration test setup	2024-01-09T13:24:29.4983554Z ##[warning]Back off 14.091 seconds before retry.
Quarkus UT (windows-latest)	Integration test setup	2024-01-09T13:24:44.2174457Z ##[warning]Failed to download action 'https://api.github.com/repos/actions/setup-java/zipball/0ab4596768b603586c0de567f2430c30f5b0d2b0'. Error: Response status code does not indicate success: 500 (Internal Server Error).
Quarkus UT (windows-latest)	Integration test setup	2024-01-09T13:24:44.2176229Z ##[warning]Back off 18.481 seconds before retry.
Quarkus UT (windows-latest)	Integration test setup	2024-01-09T13:25:03.6075605Z ##[error]Response status code does not indicate success: 500 (Internal Server Error).
Quarkus UT (windows-latest)	Integration test setup	2024-01-09T13:24:28.0302265Z Prepare all required actions
Quarkus UT (windows-latest)	Integration test setup	2024-01-09T13:24:28.0302894Z Getting action download info
Quarkus UT (windows-latest)	Integration test setup	2024-01-09T13:24:28.2008134Z Download action repository 'actions/download-artifact@v3' (SHA:9bc31d5ccc31df68ecc42ccf4149144866c47d8a)
Quarkus UT (windows-latest)	Integration test setup	2024-01-09T13:24:28.7026521Z ##[group]Run ./.github/actions/integration-test-setup
Quarkus UT (windows-latest)	Integration test setup	2024-01-09T13:24:28.7027100Z with:
Quarkus UT (windows-latest)	Integration test setup	2024-01-09T13:24:28.7027374Z   jdk-dist: temurin
Quarkus UT (windows-latest)	Integration test setup	2024-01-09T13:24:28.7027666Z   jdk-version: 17
Quarkus UT (windows-latest)	Integration test setup	2024-01-09T13:24:28.7027973Z env:
Quarkus UT (windows-latest)	Integration test setup	2024-01-09T13:24:28.7028457Z   MAVEN_ARGS: -B -nsu -Daether.connector.http.connectionMaxTtl=25
Quarkus UT (windows-latest)	Integration test setup	2024-01-09T13:24:28.7029022Z   SUREFIRE_RERUN_FAILING_COUNT: 2
Quarkus UT (windows-latest)	Integration test setup	2024-01-09T13:24:28.7029533Z   SUREFIRE_RETRY: -Dsurefire.rerunFailingTestsCount=2
Quarkus UT (windows-latest)	Integration test setup	2024-01-09T13:24:28.7029900Z ##[endgroup]
Quarkus UT (windows-latest)	Integration test setup	2024-01-09T13:24:28.7304513Z Prepare all required actions
Quarkus UT (windows-latest)	Integration test setup	2024-01-09T13:24:28.7304879Z Getting action download info
Quarkus UT (windows-latest)	Integration test setup	2024-01-09T13:24:28.9038295Z Download action repository 'actions/setup-java@v3' (SHA:0ab4596768b603586c0de567f2430c30f5b0d2b0)
Quarkus UT (windows-latest)	Integration test setup	2024-01-09T13:24:29.4980780Z ##[warning]Failed to download action 'https://api.github.com/repos/actions/setup-java/zipball/0ab4596768b603586c0de567f2430c30f5b0d2b0'. Error: Response status code does not indicate success: 500 (Internal Server Error).
Quarkus UT (windows-latest)	Integration test setup	2024-01-09T13:24:29.4983554Z ##[warning]Back off 14.091 seconds before retry.
Quarkus UT (windows-latest)	Integration test setup	2024-01-09T13:24:44.2174457Z ##[warning]Failed to download action 'https://api.github.com/repos/actions/setup-java/zipball/0ab4596768b603586c0de567f2430c30f5b0d2b0'. Error: Response status code does not indicate success: 500 (Internal Server Error).
Quarkus UT (windows-latest)	Integration test setup	2024-01-09T13:24:44.2176229Z ##[warning]Back off 18.481 seconds before retry.
Quarkus UT (windows-latest)	Integration test setup	2024-01-09T13:25:03.6075605Z ##[error]Response status code does not indicate success: 500 (Internal Server Error).
Forms IT (firefox)	Integration test setup	2024-01-09T13:24:19.5971618Z Prepare all required actions
Forms IT (firefox)	Integration test setup	2024-01-09T13:24:19.5972341Z Getting action download info
Forms IT (firefox)	Integration test setup	2024-01-09T13:24:19.7707310Z Download action repository 'actions/download-artifact@v3' (SHA:9bc31d5ccc31df68ecc42ccf4149144866c47d8a)
Forms IT (firefox)	Integration test setup	2024-01-09T13:24:20.2471537Z ##[group]Run ./.github/actions/integration-test-setup
Forms IT (firefox)	Integration test setup	2024-01-09T13:24:20.2472205Z with:
Forms IT (firefox)	Integration test setup	2024-01-09T13:24:20.2472508Z   jdk-dist: temurin
Forms IT (firefox)	Integration test setup	2024-01-09T13:24:20.2472815Z   jdk-version: 17
Forms IT (firefox)	Integration test setup	2024-01-09T13:24:20.2473210Z env:
Forms IT (firefox)	Integration test setup	2024-01-09T13:24:20.2473671Z   MAVEN_ARGS: -B -nsu -Daether.connector.http.connectionMaxTtl=25
Forms IT (firefox)	Integration test setup	2024-01-09T13:24:20.2474186Z   SUREFIRE_RERUN_FAILING_COUNT: 2
Forms IT (firefox)	Integration test setup	2024-01-09T13:24:20.2474748Z   SUREFIRE_RETRY: -Dsurefire.rerunFailingTestsCount=2
Forms IT (firefox)	Integration test setup	2024-01-09T13:24:20.2475216Z ##[endgroup]
Forms IT (firefox)	Integration test setup	2024-01-09T13:24:20.2663312Z Prepare all required actions
Forms IT (firefox)	Integration test setup	2024-01-09T13:24:20.2663886Z Getting action download info
Forms IT (firefox)	Integration test setup	2024-01-09T13:24:21.3905666Z ##[error]Internal server error occurred while resolving "actions/setup-java@v3"
Forms IT (firefox)	Upload JVM Heapdumps	2024-01-09T13:24:21.4002598Z Prepare all required actions
Forms IT (firefox)	Upload JVM Heapdumps	2024-01-09T13:24:21.4003136Z Getting action download info
Forms IT (firefox)	Upload JVM Heapdumps	2024-01-09T13:24:22.3932108Z ##[error]Internal server error occurred while resolving "actions/upload-artifact@v3"
Forms IT (firefox)	Surefire reports	2024-01-09T13:24:22.4001735Z Prepare all required actions
Forms IT (firefox)	Surefire reports	2024-01-09T13:24:22.4002311Z Getting action download info
Forms IT (firefox)	Surefire reports	2024-01-09T13:24:23.2295163Z ##[error]Internal server error occurred while resolving "actions/upload-artifact@v3"
Status Check - Keycloak CI	Run /./.github/actions/status-check	2024-01-09T13:25:21.7260921Z Prepare all required actions
Status Check - Keycloak CI	Run /./.github/actions/status-check	2024-01-09T13:25:21.7353626Z ##[group]Run ./.github/actions/status-check
Status Check - Keycloak CI	Run /./.github/actions/status-check	2024-01-09T13:25:21.7354104Z with:
Status Check - Keycloak CI	Run /./.github/actions/status-check	2024-01-09T13:25:21.7357827Z   jobs: {
Status Check - Keycloak CI	Run /./.github/actions/status-check	  "conditional": {
Status Check - Keycloak CI	Run /./.github/actions/status-check	    "result": "success",
Status Check - Keycloak CI	Run /./.github/actions/status-check	    "outputs": {
Status Check - Keycloak CI	Run /./.github/actions/status-check	      "ci": "true",
Status Check - Keycloak CI	Run /./.github/actions/status-check	      "ci-sssd": "false",
Status Check - Keycloak CI	Run /./.github/actions/status-check	      "ci-store": "true"
Status Check - Keycloak CI	Run /./.github/actions/status-check	    }
Status Check - Keycloak CI	Run /./.github/actions/status-check	  },
Status Check - Keycloak CI	Run /./.github/actions/status-check	  "unit-tests": {
Status Check - Keycloak CI	Run /./.github/actions/status-check	    "result": "success",
Status Check - Keycloak CI	Run /./.github/actions/status-check	    "outputs": {}
Status Check - Keycloak CI	Run /./.github/actions/status-check	  },
Status Check - Keycloak CI	Run /./.github/actions/status-check	  "base-integration-tests": {
Status Check - Keycloak CI	Run /./.github/actions/status-check	    "result": "success",
Status Check - Keycloak CI	Run /./.github/actions/status-check	    "outputs": {}
Status Check - Keycloak CI	Run /./.github/actions/status-check	  },
Status Check - Keycloak CI	Run /./.github/actions/status-check	  "quarkus-unit-tests": {
Status Check - Keycloak CI	Run /./.github/actions/status-check	    "result": "failure",
Status Check - Keycloak CI	Run /./.github/actions/status-check	    "outputs": {}
Status Check - Keycloak CI	Run /./.github/actions/status-check	  },
Status Check - Keycloak CI	Run /./.github/actions/status-check	  "quarkus-integration-tests": {
Status Check - Keycloak CI	Run /./.github/actions/status-check	    "result": "success",
Status Check - Keycloak CI	Run /./.github/actions/status-check	    "outputs": {}
Status Check - Keycloak CI	Run /./.github/actions/status-check	  },
Status Check - Keycloak CI	Run /./.github/actions/status-check	  "jdk-integration-tests": {
Status Check - Keycloak CI	Run /./.github/actions/status-check	    "result": "success",
Status Check - Keycloak CI	Run /./.github/actions/status-check	    "outputs": {}
Status Check - Keycloak CI	Run /./.github/actions/status-check	  },
Status Check - Keycloak CI	Run /./.github/actions/status-check	  "legacy-store-integration-tests": {
Status Check - Keycloak CI	Run /./.github/actions/status-check	    "result": "success",
Status Check - Keycloak CI	Run /./.github/actions/status-check	    "outputs": {}
Status Check - Keycloak CI	Run /./.github/actions/status-check	  },
Status Check - Keycloak CI	Run /./.github/actions/status-check	  "store-model-tests": {
Status Check - Keycloak CI	Run /./.github/actions/status-check	    "result": "success",
Status Check - Keycloak CI	Run /./.github/actions/status-check	    "outputs": {}
Status Check - Keycloak CI	Run /./.github/actions/status-check	  },
Status Check - Keycloak CI	Run /./.github/actions/status-check	  "clustering-integration-tests": {
Status Check - Keycloak CI	Run /./.github/actions/status-check	    "result": "success",
Status Check - Keycloak CI	Run /./.github/actions/status-check	    "outputs": {}
Status Check - Keycloak CI	Run /./.github/actions/status-check	  },
Status Check - Keycloak CI	Run /./.github/actions/status-check	  "fips-unit-tests": {
Status Check - Keycloak CI	Run /./.github/actions/status-check	    "result": "success",
Status Check - Keycloak CI	Run /./.github/actions/status-check	    "outputs": {}
Status Check - Keycloak CI	Run /./.github/actions/status-check	  },
Status Check - Keycloak CI	Run /./.github/actions/status-check	  "fips-integration-tests": {
Status Check - Keycloak CI	Run /./.github/actions/status-check	    "result": "success",
Status Check - Keycloak CI	Run /./.github/actions/status-check	    "outputs": {}
Status Check - Keycloak CI	Run /./.github/actions/status-check	  },
Status Check - Keycloak CI	Run /./.github/actions/status-check	  "account-console-integration-tests": {
Status Check - Keycloak CI	Run /./.github/actions/status-check	    "result": "success",
Status Check - Keycloak CI	Run /./.github/actions/status-check	    "outputs": {}
Status Check - Keycloak CI	Run /./.github/actions/status-check	  },
Status Check - Keycloak CI	Run /./.github/actions/status-check	  "forms-integration-tests": {
Status Check - Keycloak CI	Run /./.github/actions/status-check	    "result": "failure",
Status Check - Keycloak CI	Run /./.github/actions/status-check	    "outputs": {}
Status Check - Keycloak CI	Run /./.github/actions/status-check	  },
Status Check - Keycloak CI	Run /./.github/actions/status-check	  "webauthn-integration-tests": {
Status Check - Keycloak CI	Run /./.github/actions/status-check	    "result": "success",
Status Check - Keycloak CI	Run /./.github/actions/status-check	    "outputs": {}
Status Check - Keycloak CI	Run /./.github/actions/status-check	  },
Status Check - Keycloak CI	Run /./.github/actions/status-check	  "sssd-unit-tests": {
Status Check - Keycloak CI	Run /./.github/actions/status-check	    "result": "skipped",
Status Check - Keycloak CI	Run /./.github/actions/status-check	    "outputs": {}
Status Check - Keycloak CI	Run /./.github/actions/status-check	  },
Status Check - Keycloak CI	Run /./.github/actions/status-check	  "migration-tests": {
Status Check - Keycloak CI	Run /./.github/actions/status-check	    "result": "success",
Status Check - Keycloak CI	Run /./.github/actions/status-check	    "outputs": {}
Status Check - Keycloak CI	Run /./.github/actions/status-check	  }
Status Check - Keycloak CI	Run /./.github/actions/status-check	}
Status Check - Keycloak CI	Run /./.github/actions/status-check	2024-01-09T13:25:21.7362132Z env:
Status Check - Keycloak CI	Run /./.github/actions/status-check	2024-01-09T13:25:21.7362533Z   MAVEN_ARGS: -B -nsu -Daether.connector.http.connectionMaxTtl=25
Status Check - Keycloak CI	Run /./.github/actions/status-check	2024-01-09T13:25:21.7363189Z   SUREFIRE_RERUN_FAILING_COUNT: 2
Status Check - Keycloak CI	Run /./.github/actions/status-check	2024-01-09T13:25:21.7363672Z   SUREFIRE_RETRY: -Dsurefire.rerunFailingTestsCount=2
Status Check - Keycloak CI	Run /./.github/actions/status-check	2024-01-09T13:25:21.7364106Z ##[endgroup]
Status Check - Keycloak CI	Run /./.github/actions/status-check	2024-01-09T13:25:21.7620043Z ##[group]Run JOBS='{
Status Check - Keycloak CI	Run /./.github/actions/status-check	2024-01-09T13:25:21.7620645Z [36;1mJOBS='{[0m
Status Check - Keycloak CI	Run /./.github/actions/status-check	2024-01-09T13:25:21.7620978Z [36;1m  "conditional": {[0m
Status Check - Keycloak CI	Run /./.github/actions/status-check	2024-01-09T13:25:21.7621457Z [36;1m    "result": "success",[0m
Status Check - Keycloak CI	Run /./.github/actions/status-check	2024-01-09T13:25:21.7621859Z [36;1m    "outputs": {[0m
Status Check - Keycloak CI	Run /./.github/actions/status-check	2024-01-09T13:25:21.7622199Z [36;1m      "ci": "true",[0m
Status Check - Keycloak CI	Run /./.github/actions/status-check	2024-01-09T13:25:21.7622826Z [36;1m      "ci-sssd": "false",[0m
Status Check - Keycloak CI	Run /./.github/actions/status-check	2024-01-09T13:25:21.7623269Z [36;1m      "ci-store": "true"[0m
Status Check - Keycloak CI	Run /./.github/actions/status-check	2024-01-09T13:25:21.7623630Z [36;1m    }[0m
Status Check - Keycloak CI	Run /./.github/actions/status-check	2024-01-09T13:25:21.7624022Z [36;1m  },[0m
Status Check - Keycloak CI	Run /./.github/actions/status-check	2024-01-09T13:25:21.7624341Z [36;1m  "unit-tests": {[0m
Status Check - Keycloak CI	Run /./.github/actions/status-check	2024-01-09T13:25:21.7624688Z [36;1m    "result": "success",[0m
Status Check - Keycloak CI	Run /./.github/actions/status-check	2024-01-09T13:25:21.7625162Z [36;1m    "outputs": {}[0m
Status Check - Keycloak CI	Run /./.github/actions/status-check	2024-01-09T13:25:21.7625512Z [36;1m  },[0m
Status Check - Keycloak CI	Run /./.github/actions/status-check	2024-01-09T13:25:21.7625842Z [36;1m  "base-integration-tests": {[0m
Status Check - Keycloak CI	Run /./.github/actions/status-check	2024-01-09T13:25:21.7626328Z [36;1m    "result": "success",[0m
Status Check - Keycloak CI	Run /./.github/actions/status-check	2024-01-09T13:25:21.7626716Z [36;1m    "outputs": {}[0m
Status Check - Keycloak CI	Run /./.github/actions/status-check	2024-01-09T13:25:21.7627043Z [36;1m  },[0m
Status Check - Keycloak CI	Run /./.github/actions/status-check	2024-01-09T13:25:21.7627429Z [36;1m  "quarkus-unit-tests": {[0m
Status Check - Keycloak CI	Run /./.github/actions/status-check	2024-01-09T13:25:21.7627835Z [36;1m    "result": "failure",[0m
Status Check - Keycloak CI	Run /./.github/actions/status-check	2024-01-09T13:25:21.7628206Z [36;1m    "outputs": {}[0m
Status Check - Keycloak CI	Run /./.github/actions/status-check	2024-01-09T13:25:21.7628612Z [36;1m  },[0m
Status Check - Keycloak CI	Run /./.github/actions/status-check	2024-01-09T13:25:21.7628963Z [36;1m  "quarkus-integration-tests": {[0m
Status Check - Keycloak CI	Run /./.github/actions/status-check	2024-01-09T13:25:21.7629387Z [36;1m    "result": "success",[0m
Status Check - Keycloak CI	Run /./.github/actions/status-check	2024-01-09T13:25:21.7629841Z [36;1m    "outputs": {}[0m
Status Check - Keycloak CI	Run /./.github/actions/status-check	2024-01-09T13:25:21.7630202Z [36;1m  },[0m
Status Check - Keycloak CI	Run /./.github/actions/status-check	2024-01-09T13:25:21.7630498Z [36;1m  "jdk-integration-tests": {[0m
Status Check - Keycloak CI	Run /./.github/actions/status-check	2024-01-09T13:25:21.7630977Z [36;1m    "result": "success",[0m
Status Check - Keycloak CI	Run /./.github/actions/status-check	2024-01-09T13:25:21.7631381Z [36;1m    "outputs": {}[0m
Status Check - Keycloak CI	Run /./.github/actions/status-check	2024-01-09T13:25:21.7631696Z [36;1m  },[0m
Status Check - Keycloak CI	Run /./.github/actions/status-check	2024-01-09T13:25:21.7632128Z [36;1m  "legacy-store-integration-tests": {[0m
Status Check - Keycloak CI	Run /./.github/actions/status-check	2024-01-09T13:25:21.7632605Z [36;1m    "result": "success",[0m
Status Check - Keycloak CI	Run /./.github/actions/status-check	2024-01-09T13:25:21.7632960Z [36;1m    "outputs": {}[0m
Status Check - Keycloak CI	Run /./.github/actions/status-check	2024-01-09T13:25:21.7633367Z [36;1m  },[0m
Status Check - Keycloak CI	Run /./.github/actions/status-check	2024-01-09T13:25:21.7633708Z [36;1m  "store-model-tests": {[0m
Status Check - Keycloak CI	Run /./.github/actions/status-check	2024-01-09T13:25:21.7634066Z [36;1m    "result": "success",[0m
Status Check - Keycloak CI	Run /./.github/actions/status-check	2024-01-09T13:25:21.7634512Z [36;1m    "outputs": {}[0m
Status Check - Keycloak CI	Run /./.github/actions/status-check	2024-01-09T13:25:21.7635112Z [36;1m  },[0m
Status Check - Keycloak CI	Run /./.github/actions/status-check	2024-01-09T13:25:21.7635438Z [36;1m  "clustering-integration-tests": {[0m
Status Check - Keycloak CI	Run /./.github/actions/status-check	2024-01-09T13:25:21.7636170Z [36;1m    "result": "success",[0m
Status Check - Keycloak CI	Run /./.github/actions/status-check	2024-01-09T13:25:21.7636554Z [36;1m    "outputs": {}[0m
Status Check - Keycloak CI	Run /./.github/actions/status-check	2024-01-09T13:25:21.7636869Z [36;1m  },[0m
Status Check - Keycloak CI	Run /./.github/actions/status-check	2024-01-09T13:25:21.7637294Z [36;1m  "fips-unit-tests": {[0m
Status Check - Keycloak CI	Run /./.github/actions/status-check	2024-01-09T13:25:21.7637681Z [36;1m    "result": "success",[0m
Status Check - Keycloak CI	Run /./.github/actions/status-check	2024-01-09T13:25:21.7638085Z [36;1m    "outputs": {}[0m
Status Check - Keycloak CI	Run /./.github/actions/status-check	2024-01-09T13:25:21.7638471Z [36;1m  },[0m
Status Check - Keycloak CI	Run /./.github/actions/status-check	2024-01-09T13:25:21.7638811Z [36;1m  "fips-integration-tests": {[0m
Status Check - Keycloak CI	Run /./.github/actions/status-check	2024-01-09T13:25:21.7639247Z [36;1m    "result": "success",[0m
Status Check - Keycloak CI	Run /./.github/actions/status-check	2024-01-09T13:25:21.7639653Z [36;1m    "outputs": {}[0m
Status Check - Keycloak CI	Run /./.github/actions/status-check	2024-01-09T13:25:21.7640002Z [36;1m  },[0m
Status Check - Keycloak CI	Run /./.github/actions/status-check	2024-01-09T13:25:21.7640395Z [36;1m  "account-console-integration-tests": {[0m
Status Check - Keycloak CI	Run /./.github/actions/status-check	2024-01-09T13:25:21.7640897Z [36;1m    "result": "success",[0m
Status Check - Keycloak CI	Run /./.github/actions/status-check	2024-01-09T13:25:21.7641285Z [36;1m    "outputs": {}[0m
Status Check - Keycloak CI	Run /./.github/actions/status-check	2024-01-09T13:25:21.7641648Z [36;1m  },[0m
Status Check - Keycloak CI	Run /./.github/actions/status-check	2024-01-09T13:25:21.7642021Z [36;1m  "forms-integration-tests": {[0m
Status Check - Keycloak CI	Run /./.github/actions/status-check	2024-01-09T13:25:21.7642447Z [36;1m    "result": "failure",[0m
Status Check - Keycloak CI	Run /./.github/actions/status-check	2024-01-09T13:25:21.7642855Z [36;1m    "outputs": {}[0m
Status Check - Keycloak CI	Run /./.github/actions/status-check	2024-01-09T13:25:21.7643222Z [36;1m  },[0m
Status Check - Keycloak CI	Run /./.github/actions/status-check	2024-01-09T13:25:21.7643588Z [36;1m  "webauthn-integration-tests": {[0m
Status Check - Keycloak CI	Run /./.github/actions/status-check	2024-01-09T13:25:21.7644022Z [36;1m    "result": "success",[0m
Status Check - Keycloak CI	Run /./.github/actions/status-check	2024-01-09T13:25:21.7644446Z [36;1m    "outputs": {}[0m
Status Check - Keycloak CI	Run /./.github/actions/status-check	2024-01-09T13:25:21.7644809Z [36;1m  },[0m
Status Check - Keycloak CI	Run /./.github/actions/status-check	2024-01-09T13:25:21.7645140Z [36;1m  "sssd-unit-tests": {[0m
Status Check - Keycloak CI	Run /./.github/actions/status-check	2024-01-09T13:25:21.7645591Z [36;1m    "result": "skipped",[0m
Status Check - Keycloak CI	Run /./.github/actions/status-check	2024-01-09T13:25:21.7646008Z [36;1m    "outputs": {}[0m
Status Check - Keycloak CI	Run /./.github/actions/status-check	2024-01-09T13:25:21.7646352Z [36;1m  },[0m
Status Check - Keycloak CI	Run /./.github/actions/status-check	2024-01-09T13:25:21.7646693Z [36;1m  "migration-tests": {[0m
Status Check - Keycloak CI	Run /./.github/actions/status-check	2024-01-09T13:25:21.7647096Z [36;1m    "result": "success",[0m
Status Check - Keycloak CI	Run /./.github/actions/status-check	2024-01-09T13:25:21.7647474Z [36;1m    "outputs": {}[0m
Status Check - Keycloak CI	Run /./.github/actions/status-check	2024-01-09T13:25:21.7647844Z [36;1m  }[0m
Status Check - Keycloak CI	Run /./.github/actions/status-check	2024-01-09T13:25:21.7648161Z [36;1m}'[0m
Status Check - Keycloak CI	Run /./.github/actions/status-check	2024-01-09T13:25:21.7648454Z [36;1m[0m
Status Check - Keycloak CI	Run /./.github/actions/status-check	2024-01-09T13:25:21.7648795Z [36;1mecho "Job status:"[0m
Status Check - Keycloak CI	Run /./.github/actions/status-check	2024-01-09T13:25:21.7649340Z [36;1mecho $JOBS | jq -r 'to_entries[] | " - \(.key): \(.value.result)"'[0m
Status Check - Keycloak CI	Run /./.github/actions/status-check	2024-01-09T13:25:21.7649894Z [36;1m[0m
Status Check - Keycloak CI	Run /./.github/actions/status-check	2024-01-09T13:25:21.7650386Z [36;1mfor i in $(echo $JOBS | jq -r 'to_entries[] | .value.result'); do[0m
Status Check - Keycloak CI	Run /./.github/actions/status-check	2024-01-09T13:25:21.7651032Z [36;1m  if [ "$i" != "success" ] && [ "$i" != "skipped" ]; then[0m
Status Check - Keycloak CI	Run /./.github/actions/status-check	2024-01-09T13:25:21.7651527Z [36;1m    echo ""[0m
Status Check - Keycloak CI	Run /./.github/actions/status-check	2024-01-09T13:25:21.7651975Z [36;1m    echo "Status check not okay!"[0m
Status Check - Keycloak CI	Run /./.github/actions/status-check	2024-01-09T13:25:21.7652363Z [36;1m    exit 1[0m
Status Check - Keycloak CI	Run /./.github/actions/status-check	2024-01-09T13:25:21.7652687Z [36;1m  fi[0m
Status Check - Keycloak CI	Run /./.github/actions/status-check	2024-01-09T13:25:21.7653060Z [36;1mdone[0m
Status Check - Keycloak CI	Run /./.github/actions/status-check	2024-01-09T13:25:21.7718793Z shell: /usr/bin/bash --noprofile --norc -e -o pipefail {0}
Status Check - Keycloak CI	Run /./.github/actions/status-check	2024-01-09T13:25:21.7719355Z env:
Status Check - Keycloak CI	Run /./.github/actions/status-check	2024-01-09T13:25:21.7719765Z   MAVEN_ARGS: -B -nsu -Daether.connector.http.connectionMaxTtl=25
Status Check - Keycloak CI	Run /./.github/actions/status-check	2024-01-09T13:25:21.7720400Z   SUREFIRE_RERUN_FAILING_COUNT: 2
Status Check - Keycloak CI	Run /./.github/actions/status-check	2024-01-09T13:25:21.7720901Z   SUREFIRE_RETRY: -Dsurefire.rerunFailingTestsCount=2
Status Check - Keycloak CI	Run /./.github/actions/status-check	2024-01-09T13:25:21.7721389Z ##[endgroup]
Status Check - Keycloak CI	Run /./.github/actions/status-check	2024-01-09T13:25:21.7860837Z Job status:
Status Check - Keycloak CI	Run /./.github/actions/status-check	2024-01-09T13:25:21.8078810Z  - conditional: success
Status Check - Keycloak CI	Run /./.github/actions/status-check	2024-01-09T13:25:21.8079525Z  - unit-tests: success
Status Check - Keycloak CI	Run /./.github/actions/status-check	2024-01-09T13:25:21.8080337Z  - base-integration-tests: success
Status Check - Keycloak CI	Run /./.github/actions/status-check	2024-01-09T13:25:21.8080825Z  - quarkus-unit-tests: failure
Status Check - Keycloak CI	Run /./.github/actions/status-check	2024-01-09T13:25:21.8081274Z  - quarkus-integration-tests: success
Status Check - Keycloak CI	Run /./.github/actions/status-check	2024-01-09T13:25:21.8081838Z  - jdk-integration-tests: success
Status Check - Keycloak CI	Run /./.github/actions/status-check	2024-01-09T13:25:21.8082302Z  - legacy-store-integration-tests: success
Status Check - Keycloak CI	Run /./.github/actions/status-check	2024-01-09T13:25:21.8082779Z  - store-model-tests: success
Status Check - Keycloak CI	Run /./.github/actions/status-check	2024-01-09T13:25:21.8083319Z  - clustering-integration-tests: success
Status Check - Keycloak CI	Run /./.github/actions/status-check	2024-01-09T13:25:21.8083770Z  - fips-unit-tests: success
Status Check - Keycloak CI	Run /./.github/actions/status-check	2024-01-09T13:25:21.8084198Z  - fips-integration-tests: success
Status Check - Keycloak CI	Run /./.github/actions/status-check	2024-01-09T13:25:21.8084796Z  - account-console-integration-tests: success
Status Check - Keycloak CI	Run /./.github/actions/status-check	2024-01-09T13:25:21.8085276Z  - forms-integration-tests: failure
Status Check - Keycloak CI	Run /./.github/actions/status-check	2024-01-09T13:25:21.8085745Z  - webauthn-integration-tests: success
Status Check - Keycloak CI	Run /./.github/actions/status-check	2024-01-09T13:25:21.8086531Z  - sssd-unit-tests: skipped
Status Check - Keycloak CI	Run /./.github/actions/status-check	2024-01-09T13:25:21.8087102Z  - migration-tests: success
Status Check - Keycloak CI	Run /./.github/actions/status-check	2024-01-09T13:25:21.8288320Z 
Status Check - Keycloak CI	Run /./.github/actions/status-check	2024-01-09T13:25:21.8288608Z Status check not okay!
Status Check - Keycloak CI	Run /./.github/actions/status-check	2024-01-09T13:25:21.8301906Z ##[error]Process completed with exit code 1.
