Test OLM installation	Arrange OLM test installation	2025-05-31T15:15:04.6903252Z ##[group]Run eval $(minikube -p minikube docker-env)
Test OLM installation	Arrange OLM test installation	2025-05-31T15:15:04.6903665Z [36;1meval $(minikube -p minikube docker-env)[0m
Test OLM installation	Arrange OLM test installation	2025-05-31T15:15:04.6904010Z [36;1m./scripts/olm-testing.sh ${GITHUB_SHA::6}[0m
Test OLM installation	Arrange OLM test installation	2025-05-31T15:15:04.6958292Z shell: /usr/bin/bash --noprofile --norc -e -o pipefail {0}
Test OLM installation	Arrange OLM test installation	2025-05-31T15:15:04.6958621Z env:
Test OLM installation	Arrange OLM test installation	2025-05-31T15:15:04.6958899Z   MAVEN_ARGS: -B -nsu -Daether.connector.http.connectionMaxTtl=25
Test OLM installation	Arrange OLM test installation	2025-05-31T15:15:04.6959251Z   MINIKUBE_VERSION: v1.32.0
Test OLM installation	Arrange OLM test installation	2025-05-31T15:15:04.6959482Z   KUBERNETES_VERSION: v1.27.10
Test OLM installation	Arrange OLM test installation	2025-05-31T15:15:04.6959703Z   MINIKUBE_MEMORY: 4096
Test OLM installation	Arrange OLM test installation	2025-05-31T15:15:04.6960006Z   JAVA_HOME: /opt/hostedtoolcache/Java_Temurin-Hotspot_jdk/21.0.7-6/x64
Test OLM installation	Arrange OLM test installation	2025-05-31T15:15:04.6960440Z   JAVA_HOME_21_X64: /opt/hostedtoolcache/Java_Temurin-Hotspot_jdk/21.0.7-6/x64
Test OLM installation	Arrange OLM test installation	2025-05-31T15:15:04.6960813Z   MINIKUBE_HOME: /home/runner/work/_temp
Test OLM installation	Arrange OLM test installation	2025-05-31T15:15:04.6961050Z ##[endgroup]
Test OLM installation	Arrange OLM test installation	2025-05-31T15:15:04.9554801Z + UUID=ee4e2e
Test OLM installation	Arrange OLM test installation	2025-05-31T15:15:04.9555224Z + INSTALL_NAMESPACE=default
Test OLM installation	Arrange OLM test installation	2025-05-31T15:15:04.9555692Z + TARGET_NAMESPACES=default
Test OLM installation	Arrange OLM test installation	2025-05-31T15:15:04.9561012Z +++ dirname -- ./scripts/olm-testing.sh
Test OLM installation	Arrange OLM test installation	2025-05-31T15:15:04.9571650Z ++ cd -- ./scripts
Test OLM installation	Arrange OLM test installation	2025-05-31T15:15:04.9572145Z ++ pwd
Test OLM installation	Arrange OLM test installation	2025-05-31T15:15:04.9574686Z + SCRIPT_DIR=/home/runner/work/keycloak/keycloak/operator/scripts
Test OLM installation	Arrange OLM test installation	2025-05-31T15:15:04.9575059Z + VERSION=86400000.0.0
Test OLM installation	Arrange OLM test installation	2025-05-31T15:15:04.9577983Z + cd /home/runner/work/keycloak/keycloak/operator/scripts/../../quarkus/container
Test OLM installation	Arrange OLM test installation	2025-05-31T15:15:04.9581463Z ++ ls keycloak-999.0.0-SNAPSHOT.tar.gz
Test OLM installation	Arrange OLM test installation	2025-05-31T15:15:04.9594136Z + docker build --build-arg KEYCLOAK_DIST=keycloak-999.0.0-SNAPSHOT.tar.gz . -t ttl.sh/ee4e2ekeycloak:86400000.0.0
Test OLM installation	Arrange OLM test installation	2025-05-31T15:15:05.3396411Z #0 building with "default" instance using docker driver
Test OLM installation	Arrange OLM test installation	2025-05-31T15:15:05.3396864Z 
Test OLM installation	Arrange OLM test installation	2025-05-31T15:15:05.3397038Z #1 [internal] load .dockerignore
Test OLM installation	Arrange OLM test installation	2025-05-31T15:15:05.3397499Z #1 transferring context: 2B done
Test OLM installation	Arrange OLM test installation	2025-05-31T15:15:05.3397860Z #1 DONE 0.0s
Test OLM installation	Arrange OLM test installation	2025-05-31T15:15:05.3400334Z 
Test OLM installation	Arrange OLM test installation	2025-05-31T15:15:05.3401047Z #2 [internal] load build definition from Dockerfile
Test OLM installation	Arrange OLM test installation	2025-05-31T15:15:05.3401670Z #2 transferring dockerfile: 2.72kB done
Test OLM installation	Arrange OLM test installation	2025-05-31T15:15:05.3402147Z #2 DONE 0.0s
Test OLM installation	Arrange OLM test installation	2025-05-31T15:15:05.3402353Z 
Test OLM installation	Arrange OLM test installation	2025-05-31T15:15:05.3402682Z #3 [internal] load metadata for registry.access.redhat.com/ubi9:latest
Test OLM installation	Arrange OLM test installation	2025-05-31T15:15:05.8714675Z #3 DONE 0.7s
Test OLM installation	Arrange OLM test installation	2025-05-31T15:15:05.8714927Z 
Test OLM installation	Arrange OLM test installation	2025-05-31T15:15:05.8715311Z #4 [internal] load metadata for registry.access.redhat.com/ubi9-micro:latest
Test OLM installation	Arrange OLM test installation	2025-05-31T15:15:05.9927910Z #4 DONE 0.7s
Test OLM installation	Arrange OLM test installation	2025-05-31T15:15:05.9932005Z 
Test OLM installation	Arrange OLM test installation	2025-05-31T15:15:05.9932866Z #5 [ubi-micro-build 1/8] FROM registry.access.redhat.com/ubi9@sha256:304b50df1ea4db9706d8a30f4bbf26f582936ebc80c7e075c72ff2af99292a54
Test OLM installation	Arrange OLM test installation	2025-05-31T15:15:05.9934400Z #5 resolve registry.access.redhat.com/ubi9@sha256:304b50df1ea4db9706d8a30f4bbf26f582936ebc80c7e075c72ff2af99292a54 done
Test OLM installation	Arrange OLM test installation	2025-05-31T15:15:05.9935614Z #5 sha256:304b50df1ea4db9706d8a30f4bbf26f582936ebc80c7e075c72ff2af99292a54 897B / 897B done
Test OLM installation	Arrange OLM test installation	2025-05-31T15:15:05.9936869Z #5 sha256:62fb429dc6b93ab5ade55d1c8e6b08735f00224d3081d58f161eb5f55eeb3d7d 505B / 505B done
Test OLM installation	Arrange OLM test installation	2025-05-31T15:15:05.9938018Z #5 sha256:83c48939c2c8782580d44062545386358defd2d5cc748b9b963bdb8a78046a46 5.06kB / 5.06kB done
Test OLM installation	Arrange OLM test installation	2025-05-31T15:15:05.9939531Z #5 sha256:92efcdccd1058003df257e9cbdf756ff6b10bd276551590536a5a1678e099aaf 0B / 79.59MB 0.1s
Test OLM installation	Arrange OLM test installation	2025-05-31T15:15:06.0945403Z #5 sha256:92efcdccd1058003df257e9cbdf756ff6b10bd276551590536a5a1678e099aaf 10.49MB / 79.59MB 0.2s
Test OLM installation	Arrange OLM test installation	2025-05-31T15:15:06.1955186Z #5 sha256:92efcdccd1058003df257e9cbdf756ff6b10bd276551590536a5a1678e099aaf 26.21MB / 79.59MB 0.3s
Test OLM installation	Arrange OLM test installation	2025-05-31T15:15:06.2971218Z #5 sha256:92efcdccd1058003df257e9cbdf756ff6b10bd276551590536a5a1678e099aaf 41.16MB / 79.59MB 0.4s
Test OLM installation	Arrange OLM test installation	2025-05-31T15:15:06.3990576Z #5 sha256:92efcdccd1058003df257e9cbdf756ff6b10bd276551590536a5a1678e099aaf 55.57MB / 79.59MB 0.5s
Test OLM installation	Arrange OLM test installation	2025-05-31T15:15:06.5603881Z #5 sha256:92efcdccd1058003df257e9cbdf756ff6b10bd276551590536a5a1678e099aaf 69.21MB / 79.59MB 0.6s
Test OLM installation	Arrange OLM test installation	2025-05-31T15:15:06.6756421Z #5 sha256:92efcdccd1058003df257e9cbdf756ff6b10bd276551590536a5a1678e099aaf 79.59MB / 79.59MB 0.7s done
Test OLM installation	Arrange OLM test installation	2025-05-31T15:15:06.8000006Z #5 extracting sha256:92efcdccd1058003df257e9cbdf756ff6b10bd276551590536a5a1678e099aaf
Test OLM installation	Arrange OLM test installation	2025-05-31T15:15:07.0417113Z #5 ...
Test OLM installation	Arrange OLM test installation	2025-05-31T15:15:07.0418675Z 
Test OLM installation	Arrange OLM test installation	2025-05-31T15:15:07.0419513Z #6 [stage-1 1/4] FROM registry.access.redhat.com/ubi9-micro@sha256:955512628a9104d74f7b3b0a91db27a6bbecdd6a1975ce0f1b2658d3cd060b98
Test OLM installation	Arrange OLM test installation	2025-05-31T15:15:07.0421065Z #6 resolve registry.access.redhat.com/ubi9-micro@sha256:955512628a9104d74f7b3b0a91db27a6bbecdd6a1975ce0f1b2658d3cd060b98 done
Test OLM installation	Arrange OLM test installation	2025-05-31T15:15:07.0422417Z #6 sha256:955512628a9104d74f7b3b0a91db27a6bbecdd6a1975ce0f1b2658d3cd060b98 897B / 897B done
Test OLM installation	Arrange OLM test installation	2025-05-31T15:15:07.0423549Z #6 sha256:bc049e6e35c145513e3ec226faf3f929337ea2337fa5c9f7e00375aef4b801e8 504B / 504B done
Test OLM installation	Arrange OLM test installation	2025-05-31T15:15:07.0424680Z #6 sha256:352e1e8e3c437ad6bd352f164df8bdf7018df09f730362546276fe3df62ffd8c 4.00kB / 4.00kB done
Test OLM installation	Arrange OLM test installation	2025-05-31T15:15:07.0425931Z #6 sha256:cd2f3f69481dffe63a3071ea43aeeab2a4af254e96b065c35b2d7ce2534e0383 7.27MB / 7.27MB 0.3s done
Test OLM installation	Arrange OLM test installation	2025-05-31T15:15:07.0427313Z #6 extracting sha256:cd2f3f69481dffe63a3071ea43aeeab2a4af254e96b065c35b2d7ce2534e0383 0.7s done
Test OLM installation	Arrange OLM test installation	2025-05-31T15:15:07.0428168Z #6 DONE 1.1s
Test OLM installation	Arrange OLM test installation	2025-05-31T15:15:07.0428368Z 
Test OLM installation	Arrange OLM test installation	2025-05-31T15:15:07.0429064Z #5 [ubi-micro-build 1/8] FROM registry.access.redhat.com/ubi9@sha256:304b50df1ea4db9706d8a30f4bbf26f582936ebc80c7e075c72ff2af99292a54
Test OLM installation	Arrange OLM test installation	2025-05-31T15:15:07.2497819Z #5 ...
Test OLM installation	Arrange OLM test installation	2025-05-31T15:15:07.2503128Z 
Test OLM installation	Arrange OLM test installation	2025-05-31T15:15:07.2503408Z #7 [internal] load build context
Test OLM installation	Arrange OLM test installation	2025-05-31T15:15:07.2503951Z #7 transferring context: 155.22MB 1.4s done
Test OLM installation	Arrange OLM test installation	2025-05-31T15:15:07.2504421Z #7 DONE 1.4s
Test OLM installation	Arrange OLM test installation	2025-05-31T15:15:07.3580376Z 
Test OLM installation	Arrange OLM test installation	2025-05-31T15:15:07.3582709Z #5 [ubi-micro-build 1/8] FROM registry.access.redhat.com/ubi9@sha256:304b50df1ea4db9706d8a30f4bbf26f582936ebc80c7e075c72ff2af99292a54
Test OLM installation	Arrange OLM test installation	2025-05-31T15:15:11.7764863Z #5 extracting sha256:92efcdccd1058003df257e9cbdf756ff6b10bd276551590536a5a1678e099aaf 5.1s
Test OLM installation	Arrange OLM test installation	2025-05-31T15:15:12.3203684Z #5 extracting sha256:92efcdccd1058003df257e9cbdf756ff6b10bd276551590536a5a1678e099aaf 5.6s done
Test OLM installation	Arrange OLM test installation	2025-05-31T15:15:12.3204383Z #5 DONE 6.4s
Test OLM installation	Arrange OLM test installation	2025-05-31T15:15:12.4716975Z 
Test OLM installation	Arrange OLM test installation	2025-05-31T15:15:12.4717376Z #8 [ubi-micro-build 2/8] RUN dnf install -y tar gzip
Test OLM installation	Arrange OLM test installation	2025-05-31T15:15:12.6604466Z #8 0.339 Updating Subscription Management repositories.
Test OLM installation	Arrange OLM test installation	2025-05-31T15:15:12.8144535Z #8 0.339 Unable to read consumer identity
Test OLM installation	Arrange OLM test installation	2025-05-31T15:15:12.8145198Z #8 0.343 
Test OLM installation	Arrange OLM test installation	2025-05-31T15:15:12.8146080Z #8 0.343 This system is not registered with an entitlement server. You can use subscription-manager to register.
Test OLM installation	Arrange OLM test installation	2025-05-31T15:15:12.8147116Z #8 0.343 
Test OLM installation	Arrange OLM test installation	2025-05-31T15:15:12.9558605Z #8 0.634 Red Hat Universal Base Image 9 (RPMs) - BaseOS  2.2 MB/s | 587 kB     00:00    
Test OLM installation	Arrange OLM test installation	2025-05-31T15:15:13.2558543Z #8 0.934 Red Hat Universal Base Image 9 (RPMs) - AppStre  11 MB/s | 2.4 MB     00:00    
Test OLM installation	Arrange OLM test installation	2025-05-31T15:15:13.7710228Z #8 1.450 Red Hat Universal Base Image 9 (RPMs) - CodeRea 1.9 MB/s | 284 kB     00:00    
Test OLM installation	Arrange OLM test installation	2025-05-31T15:15:13.9062511Z #8 1.585 Package tar-2:1.34-7.el9.x86_64 is already installed.
Test OLM installation	Arrange OLM test installation	2025-05-31T15:15:14.0719622Z #8 1.585 Package gzip-1.12-1.el9.x86_64 is already installed.
Test OLM installation	Arrange OLM test installation	2025-05-31T15:15:14.0720507Z #8 1.599 Dependencies resolved.
Test OLM installation	Arrange OLM test installation	2025-05-31T15:15:14.0720812Z #8 1.600 Nothing to do.
Test OLM installation	Arrange OLM test installation	2025-05-31T15:15:14.0721071Z #8 1.600 Complete!
Test OLM installation	Arrange OLM test installation	2025-05-31T15:15:14.1446086Z #8 DONE 1.8s
Test OLM installation	Arrange OLM test installation	2025-05-31T15:15:14.2958618Z 
Test OLM installation	Arrange OLM test installation	2025-05-31T15:15:14.2959706Z #9 [ubi-micro-build 3/8] ADD keycloak-999.0.0-SNAPSHOT.tar.gz /tmp/keycloak/
Test OLM installation	Arrange OLM test installation	2025-05-31T15:15:14.9959283Z #9 DONE 0.9s
Test OLM installation	Arrange OLM test installation	2025-05-31T15:15:15.1047599Z 
Test OLM installation	Arrange OLM test installation	2025-05-31T15:15:15.1049013Z #10 [ubi-micro-build 4/8] RUN (cd /tmp/keycloak &&     tar -xvf /tmp/keycloak/keycloak-*.tar.gz &&     rm /tmp/keycloak/keycloak-*.tar.gz) || true
Test OLM installation	Arrange OLM test installation	2025-05-31T15:15:15.1050071Z #10 0.108 tar: /tmp/keycloak/keycloak-*.tar.gz: Cannot open: No such file or directory
Test OLM installation	Arrange OLM test installation	2025-05-31T15:15:15.1050627Z #10 0.108 tar: Error is not recoverable: exiting now
Test OLM installation	Arrange OLM test installation	2025-05-31T15:15:15.2615570Z #10 DONE 0.1s
Test OLM installation	Arrange OLM test installation	2025-05-31T15:15:15.2615873Z 
Test OLM installation	Arrange OLM test installation	2025-05-31T15:15:15.2616609Z #11 [ubi-micro-build 5/8] RUN mv /tmp/keycloak/keycloak-* /opt/keycloak && mkdir -p /opt/keycloak/data
Test OLM installation	Arrange OLM test installation	2025-05-31T15:15:15.2642563Z #11 DONE 0.2s
Test OLM installation	Arrange OLM test installation	2025-05-31T15:15:15.4156003Z 
Test OLM installation	Arrange OLM test installation	2025-05-31T15:15:15.4156832Z #12 [ubi-micro-build 6/8] RUN chmod -R g+rwX /opt/keycloak
Test OLM installation	Arrange OLM test installation	2025-05-31T15:15:15.9706476Z #12 DONE 0.7s
Test OLM installation	Arrange OLM test installation	2025-05-31T15:15:16.0939173Z 
Test OLM installation	Arrange OLM test installation	2025-05-31T15:15:16.0940788Z #13 [ubi-micro-build 7/8] ADD ubi-null.sh /tmp/
Test OLM installation	Arrange OLM test installation	2025-05-31T15:15:16.0941484Z #13 DONE 0.0s
Test OLM installation	Arrange OLM test installation	2025-05-31T15:15:16.0941685Z 
Test OLM installation	Arrange OLM test installation	2025-05-31T15:15:16.0942197Z #14 [ubi-micro-build 8/8] RUN bash /tmp/ubi-null.sh java-21-openjdk-headless glibc-langpack-en findutils
Test OLM installation	Arrange OLM test installation	2025-05-31T15:15:16.0943036Z #14 0.102 ==> Installing packages into chroot
Test OLM installation	Arrange OLM test installation	2025-05-31T15:15:16.0943565Z #14 0.102 + dnf install -y findutils diffutils
Test OLM installation	Arrange OLM test installation	2025-05-31T15:15:16.3410258Z #14 0.349 Updating Subscription Management repositories.
Test OLM installation	Arrange OLM test installation	2025-05-31T15:15:16.5415096Z #14 0.349 Unable to read consumer identity
Test OLM installation	Arrange OLM test installation	2025-05-31T15:15:16.5415619Z #14 0.352 
Test OLM installation	Arrange OLM test installation	2025-05-31T15:15:16.5416960Z #14 0.352 This system is not registered with an entitlement server. You can use subscription-manager to register.
Test OLM installation	Arrange OLM test installation	2025-05-31T15:15:16.5418257Z #14 0.352 
Test OLM installation	Arrange OLM test installation	2025-05-31T15:15:16.5418822Z #14 0.392 Last metadata expiration check: 0:00:03 ago on Sat May 31 15:15:13 2025.
Test OLM installation	Arrange OLM test installation	2025-05-31T15:15:16.5419545Z #14 0.413 Package findutils-1:4.8.0-7.el9.x86_64 is already installed.
Test OLM installation	Arrange OLM test installation	2025-05-31T15:15:16.5420776Z #14 0.427 Dependencies resolved.
Test OLM installation	Arrange OLM test installation	2025-05-31T15:15:16.5421530Z #14 0.427 ================================================================================
Test OLM installation	Arrange OLM test installation	2025-05-31T15:15:16.5422508Z #14 0.427  Package         Architecture Version             Repository               Size
Test OLM installation	Arrange OLM test installation	2025-05-31T15:15:16.5423294Z #14 0.427 ================================================================================
Test OLM installation	Arrange OLM test installation	2025-05-31T15:15:16.5423754Z #14 0.427 Installing:
Test OLM installation	Arrange OLM test installation	2025-05-31T15:15:16.5424226Z #14 0.427  diffutils       x86_64       3.7-12.el9          ubi-9-baseos-rpms       402 k
Test OLM installation	Arrange OLM test installation	2025-05-31T15:15:16.5425172Z #14 0.427 
Test OLM installation	Arrange OLM test installation	2025-05-31T15:15:16.5425801Z #14 0.427 Transaction Summary
Test OLM installation	Arrange OLM test installation	2025-05-31T15:15:16.5426961Z #14 0.427 ================================================================================
Test OLM installation	Arrange OLM test installation	2025-05-31T15:15:16.5428464Z #14 0.427 Install  1 Package
Test OLM installation	Arrange OLM test installation	2025-05-31T15:15:16.5428870Z #14 0.427 
Test OLM installation	Arrange OLM test installation	2025-05-31T15:15:16.5429194Z #14 0.428 Total download size: 402 k
Test OLM installation	Arrange OLM test installation	2025-05-31T15:15:16.5429645Z #14 0.428 Installed size: 1.4 M
Test OLM installation	Arrange OLM test installation	2025-05-31T15:15:16.5433193Z #14 0.428 Downloading Packages:
Test OLM installation	Arrange OLM test installation	2025-05-31T15:15:16.5433877Z #14 0.549 diffutils-3.7-12.el9.x86_64.rpm                 3.3 MB/s | 402 kB     00:00    
Test OLM installation	Arrange OLM test installation	2025-05-31T15:15:16.6498585Z #14 0.550 --------------------------------------------------------------------------------
Test OLM installation	Arrange OLM test installation	2025-05-31T15:15:16.6499353Z #14 0.551 Total                                           3.2 MB/s | 402 kB     00:00     
Test OLM installation	Arrange OLM test installation	2025-05-31T15:15:16.6499741Z #14 0.563 Running transaction check
Test OLM installation	Arrange OLM test installation	2025-05-31T15:15:16.6500060Z #14 0.566 Transaction check succeeded.
Test OLM installation	Arrange OLM test installation	2025-05-31T15:15:16.6500370Z #14 0.566 Running transaction test
Test OLM installation	Arrange OLM test installation	2025-05-31T15:15:16.6500682Z #14 0.592 Transaction test succeeded.
Test OLM installation	Arrange OLM test installation	2025-05-31T15:15:16.6500984Z #14 0.592 Running transaction
Test OLM installation	Arrange OLM test installation	2025-05-31T15:15:16.6501373Z #14 0.613   Preparing        :                                                        1/1 
Test OLM installation	Arrange OLM test installation	2025-05-31T15:15:16.6502578Z #14 0.648   Installing       : diffutils-3.7-12.el9.x86_64                            1/1 
Test OLM installation	Arrange OLM test installation	2025-05-31T15:15:16.7902792Z #14 0.658   Running scriptlet: diffutils-3.7-12.el9.x86_64                            1/1 
Test OLM installation	Arrange OLM test installation	2025-05-31T15:15:16.7903756Z #14 0.694   Verifying        : diffutils-3.7-12.el9.x86_64                            1/1 
Test OLM installation	Arrange OLM test installation	2025-05-31T15:15:16.7904389Z #14 0.740 Installed products updated.
Test OLM installation	Arrange OLM test installation	2025-05-31T15:15:16.7904810Z #14 0.748 
Test OLM installation	Arrange OLM test installation	2025-05-31T15:15:16.7905090Z #14 0.748 Installed:
Test OLM installation	Arrange OLM test installation	2025-05-31T15:15:16.7905541Z #14 0.748   diffutils-3.7-12.el9.x86_64                                                   
Test OLM installation	Arrange OLM test installation	2025-05-31T15:15:16.7905915Z #14 0.748 
Test OLM installation	Arrange OLM test installation	2025-05-31T15:15:16.7906105Z #14 0.748 Complete!
Test OLM installation	Arrange OLM test installation	2025-05-31T15:15:16.7906523Z #14 0.798 ++ realpath rootfs
Test OLM installation	Arrange OLM test installation	2025-05-31T15:15:16.9436860Z #14 0.800 + rootfs=/tmp/null/rootfs
Test OLM installation	Arrange OLM test installation	2025-05-31T15:15:16.9437494Z #14 0.800 + mkdir -p /tmp/null/rootfs
Test OLM installation	Arrange OLM test installation	2025-05-31T15:15:16.9438987Z #14 0.801 + xargs dnf install -y --installroot /tmp/null/rootfs --releasever 9 --setopt install_weak_deps=false --nodocs
Test OLM installation	Arrange OLM test installation	2025-05-31T15:15:17.0252486Z #14 1.033 Updating Subscription Management repositories.
Test OLM installation	Arrange OLM test installation	2025-05-31T15:15:17.1773140Z #14 1.034 Unable to read consumer identity
Test OLM installation	Arrange OLM test installation	2025-05-31T15:15:17.1773701Z #14 1.035 
Test OLM installation	Arrange OLM test installation	2025-05-31T15:15:17.1774416Z #14 1.035 This system is not registered with an entitlement server. You can use subscription-manager to register.
Test OLM installation	Arrange OLM test installation	2025-05-31T15:15:17.1774938Z #14 1.035 
Test OLM installation	Arrange OLM test installation	2025-05-31T15:15:17.2081468Z #14 1.216 Red Hat Universal Base Image 9 (RPMs) - BaseOS  3.6 MB/s | 587 kB     00:00    
Test OLM installation	Arrange OLM test installation	2025-05-31T15:15:17.5219823Z #14 1.530 Red Hat Universal Base Image 9 (RPMs) - AppStre  10 MB/s | 2.4 MB     00:00    
Test OLM installation	Arrange OLM test installation	2025-05-31T15:15:18.0271723Z #14 2.035 Red Hat Universal Base Image 9 (RPMs) - CodeRea 2.1 MB/s | 284 kB     00:00    
Test OLM installation	Arrange OLM test installation	2025-05-31T15:15:18.1736932Z #14 2.182 Dependencies resolved.
Test OLM installation	Arrange OLM test installation	2025-05-31T15:15:18.2740691Z #14 2.187 =============================================================================================
Test OLM installation	Arrange OLM test installation	2025-05-31T15:15:18.2741687Z #14 2.187  Package                    Arch    Version                       Repository             Size
Test OLM installation	Arrange OLM test installation	2025-05-31T15:15:18.2742388Z #14 2.187 =============================================================================================
Test OLM installation	Arrange OLM test installation	2025-05-31T15:15:18.2742822Z #14 2.187 Installing:
Test OLM installation	Arrange OLM test installation	2025-05-31T15:15:18.2743306Z #14 2.187  bash                       x86_64  5.1.8-9.el9                   ubi-9-baseos-rpms     1.7 M
Test OLM installation	Arrange OLM test installation	2025-05-31T15:15:18.2744043Z #14 2.187  coreutils-single           x86_64  8.32-39.el9                   ubi-9-baseos-rpms     625 k
Test OLM installation	Arrange OLM test installation	2025-05-31T15:15:18.2744855Z #14 2.187  findutils                  x86_64  1:4.8.0-7.el9                 ubi-9-baseos-rpms     550 k
Test OLM installation	Arrange OLM test installation	2025-05-31T15:15:18.2745710Z #14 2.187  glibc-langpack-en          x86_64  2.34-168.el9_6.14             ubi-9-baseos-rpms     657 k
Test OLM installation	Arrange OLM test installation	2025-05-31T15:15:18.2746903Z #14 2.187  java-21-openjdk-headless   x86_64  1:21.0.7.0.6-1.el9            ubi-9-appstream-rpms   49 M
Test OLM installation	Arrange OLM test installation	2025-05-31T15:15:18.2747618Z #14 2.187 Installing dependencies:
Test OLM installation	Arrange OLM test installation	2025-05-31T15:15:18.2748251Z #14 2.187  alsa-lib                   x86_64  1.2.13-2.el9                  ubi-9-appstream-rpms  530 k
Test OLM installation	Arrange OLM test installation	2025-05-31T15:15:18.2748951Z #14 2.187  alternatives               x86_64  1.24-2.el9                    ubi-9-baseos-rpms      42 k
Test OLM installation	Arrange OLM test installation	2025-05-31T15:15:18.2749414Z #14 2.187  avahi-libs                 x86_64  0.8-22.el9_6                  ubi-9-baseos-rpms      67 k
Test OLM installation	Arrange OLM test installation	2025-05-31T15:15:18.2749852Z #14 2.187  basesystem                 noarch  11-13.el9                     ubi-9-baseos-rpms     8.0 k
Test OLM installation	Arrange OLM test installation	2025-05-31T15:15:18.2750283Z #14 2.187  bzip2-libs                 x86_64  1.0.8-10.el9_5                ubi-9-baseos-rpms      42 k
Test OLM installation	Arrange OLM test installation	2025-05-31T15:15:18.2750742Z #14 2.187  ca-certificates            noarch  2024.2.69_v8.0.303-91.4.el9_4 ubi-9-baseos-rpms     1.0 M
Test OLM installation	Arrange OLM test installation	2025-05-31T15:15:18.2751559Z #14 2.187  copy-jdk-configs           noarch  4.0-3.el9                     ubi-9-appstream-rpms   29 k
Test OLM installation	Arrange OLM test installation	2025-05-31T15:15:18.2752175Z #14 2.187  crypto-policies            noarch  20250128-1.git5269e22.el9     ubi-9-baseos-rpms      90 k
Test OLM installation	Arrange OLM test installation	2025-05-31T15:15:18.2753055Z #14 2.187  crypto-policies-scripts    noarch  20250128-1.git5269e22.el9     ubi-9-baseos-rpms     101 k
Test OLM installation	Arrange OLM test installation	2025-05-31T15:15:18.2753555Z #14 2.187  cups-libs                  x86_64  1:2.3.3op2-33.el9             ubi-9-baseos-rpms     265 k
Test OLM installation	Arrange OLM test installation	2025-05-31T15:15:18.2753993Z #14 2.187  dbus-libs                  x86_64  1:1.12.20-8.el9               ubi-9-baseos-rpms     154 k
Test OLM installation	Arrange OLM test installation	2025-05-31T15:15:18.2754397Z #14 2.187  expat                      x86_64  2.5.0-5.el9_6                 ubi-9-baseos-rpms     119 k
Test OLM installation	Arrange OLM test installation	2025-05-31T15:15:18.2754806Z #14 2.187  filesystem                 x86_64  3.16-5.el9                    ubi-9-baseos-rpms     4.8 M
Test OLM installation	Arrange OLM test installation	2025-05-31T15:15:18.2755204Z #14 2.187  gawk                       x86_64  5.1.0-6.el9                   ubi-9-baseos-rpms     1.0 M
Test OLM installation	Arrange OLM test installation	2025-05-31T15:15:18.2755593Z #14 2.187  gdbm-libs                  x86_64  1:1.23-1.el9                  ubi-9-baseos-rpms      59 k
Test OLM installation	Arrange OLM test installation	2025-05-31T15:15:18.2756311Z #14 2.187  glibc                      x86_64  2.34-168.el9_6.14             ubi-9-baseos-rpms     2.0 M
Test OLM installation	Arrange OLM test installation	2025-05-31T15:15:18.2756760Z #14 2.187  glibc-common               x86_64  2.34-168.el9_6.14             ubi-9-baseos-rpms     304 k
Test OLM installation	Arrange OLM test installation	2025-05-31T15:15:18.2757175Z #14 2.187  gmp                        x86_64  1:6.2.0-13.el9                ubi-9-baseos-rpms     319 k
Test OLM installation	Arrange OLM test installation	2025-05-31T15:15:18.2757558Z #14 2.187  gnutls                     x86_64  3.8.3-6.el9                   ubi-9-baseos-rpms     1.1 M
Test OLM installation	Arrange OLM test installation	2025-05-31T15:15:18.2757942Z #14 2.187  grep                       x86_64  3.6-5.el9                     ubi-9-baseos-rpms     273 k
Test OLM installation	Arrange OLM test installation	2025-05-31T15:15:18.2758405Z #14 2.187  javapackages-filesystem    noarch  6.4.0-1.el9                   ubi-9-appstream-rpms   17 k
Test OLM installation	Arrange OLM test installation	2025-05-31T15:15:18.2758887Z #14 2.187  keyutils-libs              x86_64  1.6.3-1.el9                   ubi-9-baseos-rpms      34 k
Test OLM installation	Arrange OLM test installation	2025-05-31T15:15:18.2759322Z #14 2.187  krb5-libs                  x86_64  1.21.1-6.el9                  ubi-9-baseos-rpms     770 k
Test OLM installation	Arrange OLM test installation	2025-05-31T15:15:18.2760093Z #14 2.187  libacl                     x86_64  2.3.1-4.el9                   ubi-9-baseos-rpms      24 k
Test OLM installation	Arrange OLM test installation	2025-05-31T15:15:18.2760655Z #14 2.187  libattr                    x86_64  2.5.1-3.el9                   ubi-9-baseos-rpms      20 k
Test OLM installation	Arrange OLM test installation	2025-05-31T15:15:18.2761060Z #14 2.187  libcap                     x86_64  2.48-9.el9_2                  ubi-9-baseos-rpms      74 k
Test OLM installation	Arrange OLM test installation	2025-05-31T15:15:18.2761467Z #14 2.187  libcom_err                 x86_64  1.46.5-7.el9                  ubi-9-baseos-rpms      28 k
Test OLM installation	Arrange OLM test installation	2025-05-31T15:15:18.2761877Z #14 2.187  libevent                   x86_64  2.1.12-8.el9_4                ubi-9-baseos-rpms     266 k
Test OLM installation	Arrange OLM test installation	2025-05-31T15:15:18.2762281Z #14 2.187  libffi                     x86_64  3.4.2-8.el9                   ubi-9-baseos-rpms      40 k
Test OLM installation	Arrange OLM test installation	2025-05-31T15:15:18.2762678Z #14 2.187  libgcc                     x86_64  11.5.0-5.el9_5                ubi-9-baseos-rpms      88 k
Test OLM installation	Arrange OLM test installation	2025-05-31T15:15:18.2763090Z #14 2.187  libgcrypt                  x86_64  1.10.0-11.el9                 ubi-9-baseos-rpms     510 k
Test OLM installation	Arrange OLM test installation	2025-05-31T15:15:18.2763556Z #14 2.187  libgpg-error               x86_64  1.42-5.el9                    ubi-9-baseos-rpms     220 k
Test OLM installation	Arrange OLM test installation	2025-05-31T15:15:18.2763973Z #14 2.187  libidn2                    x86_64  2.3.0-7.el9                   ubi-9-baseos-rpms     105 k
Test OLM installation	Arrange OLM test installation	2025-05-31T15:15:18.2764384Z #14 2.187  libselinux                 x86_64  3.6-3.el9                     ubi-9-baseos-rpms      88 k
Test OLM installation	Arrange OLM test installation	2025-05-31T15:15:18.2764791Z #14 2.187  libsepol                   x86_64  3.6-2.el9                     ubi-9-baseos-rpms     331 k
Test OLM installation	Arrange OLM test installation	2025-05-31T15:15:18.2765200Z #14 2.187  libsigsegv                 x86_64  2.13-4.el9                    ubi-9-baseos-rpms      30 k
Test OLM installation	Arrange OLM test installation	2025-05-31T15:15:18.2765614Z #14 2.187  libtasn1                   x86_64  4.16.0-9.el9                  ubi-9-baseos-rpms      77 k
Test OLM installation	Arrange OLM test installation	2025-05-31T15:15:18.2766035Z #14 2.187  libunistring               x86_64  0.9.10-15.el9                 ubi-9-baseos-rpms     499 k
Test OLM installation	Arrange OLM test installation	2025-05-31T15:15:18.2766599Z #14 2.187  libuuid                    x86_64  2.37.4-21.el9                 ubi-9-baseos-rpms      30 k
Test OLM installation	Arrange OLM test installation	2025-05-31T15:15:18.2767188Z #14 2.187  libverto                   x86_64  0.3.2-3.el9                   ubi-9-baseos-rpms      24 k
Test OLM installation	Arrange OLM test installation	2025-05-31T15:15:18.2767599Z #14 2.187  libxcrypt                  x86_64  4.4.18-3.el9                  ubi-9-baseos-rpms     120 k
Test OLM installation	Arrange OLM test installation	2025-05-31T15:15:18.2768014Z #14 2.187  libzstd                    x86_64  1.5.5-1.el9                   ubi-9-baseos-rpms     297 k
Test OLM installation	Arrange OLM test installation	2025-05-31T15:15:18.2768428Z #14 2.187  lksctp-tools               x86_64  1.0.19-3.el9_4                ubi-9-baseos-rpms     104 k
Test OLM installation	Arrange OLM test installation	2025-05-31T15:15:18.2769128Z #14 2.187  lua                        x86_64  5.4.4-4.el9                   ubi-9-appstream-rpms  192 k
Test OLM installation	Arrange OLM test installation	2025-05-31T15:15:18.2769579Z #14 2.187  lua-libs                   x86_64  5.4.4-4.el9                   ubi-9-baseos-rpms     132 k
Test OLM installation	Arrange OLM test installation	2025-05-31T15:15:18.2770032Z #14 2.187  lua-posix                  x86_64  35.0-8.el9                    ubi-9-appstream-rpms  155 k
Test OLM installation	Arrange OLM test installation	2025-05-31T15:15:18.2770662Z #14 2.187  lz4-libs                   x86_64  1.9.3-5.el9                   ubi-9-baseos-rpms      69 k
Test OLM installation	Arrange OLM test installation	2025-05-31T15:15:18.2771058Z #14 2.187  mpfr                       x86_64  4.1.0-7.el9                   ubi-9-baseos-rpms     329 k
Test OLM installation	Arrange OLM test installation	2025-05-31T15:15:18.2771478Z #14 2.187  ncurses-base               noarch  6.2-10.20210508.el9           ubi-9-baseos-rpms      99 k
Test OLM installation	Arrange OLM test installation	2025-05-31T15:15:18.2771928Z #14 2.187  ncurses-libs               x86_64  6.2-10.20210508.el9           ubi-9-baseos-rpms     332 k
Test OLM installation	Arrange OLM test installation	2025-05-31T15:15:18.2772345Z #14 2.187  nettle                     x86_64  3.10.1-1.el9                  ubi-9-baseos-rpms     568 k
Test OLM installation	Arrange OLM test installation	2025-05-31T15:15:18.2772739Z #14 2.187  nspr                       x86_64  4.35.0-17.el9_2               ubi-9-appstream-rpms  137 k
Test OLM installation	Arrange OLM test installation	2025-05-31T15:15:18.2773128Z #14 2.187  nss                        x86_64  3.101.0-10.el9_2              ubi-9-appstream-rpms  720 k
Test OLM installation	Arrange OLM test installation	2025-05-31T15:15:18.2773607Z #14 2.187  nss-softokn                x86_64  3.101.0-10.el9_2              ubi-9-appstream-rpms  393 k
Test OLM installation	Arrange OLM test installation	2025-05-31T15:15:18.2774108Z #14 2.187  nss-softokn-freebl         x86_64  3.101.0-10.el9_2              ubi-9-appstream-rpms  313 k
Test OLM installation	Arrange OLM test installation	2025-05-31T15:15:18.2774563Z #14 2.187  nss-sysinit                x86_64  3.101.0-10.el9_2              ubi-9-appstream-rpms   21 k
Test OLM installation	Arrange OLM test installation	2025-05-31T15:15:18.2774984Z #14 2.187  nss-util                   x86_64  3.101.0-10.el9_2              ubi-9-appstream-rpms   92 k
Test OLM installation	Arrange OLM test installation	2025-05-31T15:15:18.2775446Z #14 2.187  openssl-fips-provider      x86_64  3.0.7-6.el9_5                 ubi-9-baseos-rpms     9.4 k
Test OLM installation	Arrange OLM test installation	2025-05-31T15:15:18.2775950Z #14 2.187  openssl-fips-provider-so   x86_64  3.0.7-6.el9_5                 ubi-9-baseos-rpms     577 k
Test OLM installation	Arrange OLM test installation	2025-05-31T15:15:18.2776606Z #14 2.187  openssl-libs               x86_64  1:3.2.2-6.el9_5.1             ubi-9-baseos-rpms     2.1 M
Test OLM installation	Arrange OLM test installation	2025-05-31T15:15:18.2777035Z #14 2.187  p11-kit                    x86_64  0.25.3-3.el9_5                ubi-9-baseos-rpms     536 k
Test OLM installation	Arrange OLM test installation	2025-05-31T15:15:18.2777459Z #14 2.187  p11-kit-trust              x86_64  0.25.3-3.el9_5                ubi-9-baseos-rpms     144 k
Test OLM installation	Arrange OLM test installation	2025-05-31T15:15:18.2777961Z #14 2.187  pcre                       x86_64  8.44-4.el9                    ubi-9-baseos-rpms     200 k
Test OLM installation	Arrange OLM test installation	2025-05-31T15:15:18.2778559Z #14 2.187  pcre2                      x86_64  10.40-6.el9                   ubi-9-baseos-rpms     236 k
Test OLM installation	Arrange OLM test installation	2025-05-31T15:15:18.2779044Z #14 2.187  pcre2-syntax               noarch  10.40-6.el9                   ubi-9-baseos-rpms     144 k
Test OLM installation	Arrange OLM test installation	2025-05-31T15:15:18.2779476Z #14 2.187  python3                    x86_64  3.9.21-2.el9                  ubi-9-baseos-rpms      30 k
Test OLM installation	Arrange OLM test installation	2025-05-31T15:15:18.2779894Z #14 2.187  python3-libs               x86_64  3.9.21-2.el9                  ubi-9-baseos-rpms     8.1 M
Test OLM installation	Arrange OLM test installation	2025-05-31T15:15:18.2780348Z #14 2.187  python3-pip-wheel          noarch  21.3.1-1.el9                  ubi-9-baseos-rpms     1.1 M
Test OLM installation	Arrange OLM test installation	2025-05-31T15:15:18.2781398Z #14 2.187  python3-setuptools-wheel   noarch  53.0.0-13.el9                 ubi-9-baseos-rpms     469 k
Test OLM installation	Arrange OLM test installation	2025-05-31T15:15:18.2782327Z #14 2.187  readline                   x86_64  8.1-4.el9                     ubi-9-baseos-rpms     215 k
Test OLM installation	Arrange OLM test installation	2025-05-31T15:15:18.2783180Z #14 2.187  redhat-release             x86_64  9.6-0.1.el9                   ubi-9-baseos-rpms      44 k
Test OLM installation	Arrange OLM test installation	2025-05-31T15:15:18.2783604Z #14 2.187  sed                        x86_64  4.8-9.el9                     ubi-9-baseos-rpms     309 k
Test OLM installation	Arrange OLM test installation	2025-05-31T15:15:18.2783995Z #14 2.187  setup                      noarch  2.13.7-10.el9                 ubi-9-baseos-rpms     150 k
Test OLM installation	Arrange OLM test installation	2025-05-31T15:15:18.2784415Z #14 2.187  sqlite-libs                x86_64  3.34.1-7.el9_3                ubi-9-baseos-rpms     622 k
Test OLM installation	Arrange OLM test installation	2025-05-31T15:15:18.2784842Z #14 2.187  systemd-libs               x86_64  252-51.el9                    ubi-9-baseos-rpms     684 k
Test OLM installation	Arrange OLM test installation	2025-05-31T15:15:18.2785268Z #14 2.187  tzdata                     noarch  2025b-1.el9                   ubi-9-baseos-rpms     842 k
Test OLM installation	Arrange OLM test installation	2025-05-31T15:15:18.2785840Z #14 2.187  tzdata-java                noarch  2025b-1.el9                   ubi-9-appstream-rpms  228 k
Test OLM installation	Arrange OLM test installation	2025-05-31T15:15:18.2786483Z #14 2.187  xz-libs                    x86_64  5.2.5-8.el9_0                 ubi-9-baseos-rpms      94 k
Test OLM installation	Arrange OLM test installation	2025-05-31T15:15:18.2786952Z #14 2.187  zlib                       x86_64  1.2.11-40.el9                 ubi-9-baseos-rpms      93 k
Test OLM installation	Arrange OLM test installation	2025-05-31T15:15:18.2787498Z #14 2.187 
Test OLM installation	Arrange OLM test installation	2025-05-31T15:15:18.2787825Z #14 2.187 Transaction Summary
Test OLM installation	Arrange OLM test installation	2025-05-31T15:15:18.2788196Z #14 2.187 =============================================================================================
Test OLM installation	Arrange OLM test installation	2025-05-31T15:15:18.2788540Z #14 2.187 Install  84 Packages
Test OLM installation	Arrange OLM test installation	2025-05-31T15:15:18.2788756Z #14 2.187 
Test OLM installation	Arrange OLM test installation	2025-05-31T15:15:18.2788941Z #14 2.189 Total download size: 89 M
Test OLM installation	Arrange OLM test installation	2025-05-31T15:15:18.2789181Z #14 2.189 Installed size: 319 M
Test OLM installation	Arrange OLM test installation	2025-05-31T15:15:18.2789406Z #14 2.190 Downloading Packages:
Test OLM installation	Arrange OLM test installation	2025-05-31T15:15:18.2789798Z #14 2.243 (1/84): basesystem-11-13.el9.noarch.rpm         171 kB/s | 8.0 kB     00:00    
Test OLM installation	Arrange OLM test installation	2025-05-31T15:15:18.2790279Z #14 2.272 (2/84): alternatives-1.24-2.el9.x86_64.rpm      552 kB/s |  42 kB     00:00    
Test OLM installation	Arrange OLM test installation	2025-05-31T15:15:18.2790725Z #14 2.282 (3/84): avahi-libs-0.8-22.el9_6.x86_64.rpm      780 kB/s |  67 kB     00:00    
Test OLM installation	Arrange OLM test installation	2025-05-31T15:15:18.3777413Z #14 2.295 (4/84): bzip2-libs-1.0.8-10.el9_5.x86_64.rpm    1.8 MB/s |  42 kB     00:00    
Test OLM installation	Arrange OLM test installation	2025-05-31T15:15:18.3778089Z #14 2.333 (5/84): bash-5.1.8-9.el9.x86_64.rpm              19 MB/s | 1.7 MB     00:00    
Test OLM installation	Arrange OLM test installation	2025-05-31T15:15:18.3778605Z #14 2.349 (6/84): ca-certificates-2024.2.69_v8.0.303-91.4  15 MB/s | 1.0 MB     00:00    
Test OLM installation	Arrange OLM test installation	2025-05-31T15:15:18.3779143Z #14 2.351 (7/84): crypto-policies-20250128-1.git5269e22.e 5.1 MB/s |  90 kB     00:00    
Test OLM installation	Arrange OLM test installation	2025-05-31T15:15:18.3779702Z #14 2.365 (8/84): crypto-policies-scripts-20250128-1.git5 6.4 MB/s | 101 kB     00:00    
Test OLM installation	Arrange OLM test installation	2025-05-31T15:15:18.3780251Z #14 2.367 (9/84): coreutils-single-8.32-39.el9.x86_64.rpm 8.5 MB/s | 625 kB     00:00    
Test OLM installation	Arrange OLM test installation	2025-05-31T15:15:18.3780772Z #14 2.370 (10/84): cups-libs-2.3.3op2-33.el9.x86_64.rpm    14 MB/s | 265 kB     00:00    
Test OLM installation	Arrange OLM test installation	2025-05-31T15:15:18.3781274Z #14 2.382 (11/84): dbus-libs-1.12.20-8.el9.x86_64.rpm     9.4 MB/s | 154 kB     00:00    
Test OLM installation	Arrange OLM test installation	2025-05-31T15:15:18.3781755Z #14 2.386 (12/84): expat-2.5.0-5.el9_6.x86_64.rpm         6.5 MB/s | 119 kB     00:00    
Test OLM installation	Arrange OLM test installation	2025-05-31T15:15:18.4821360Z #14 2.408 (13/84): findutils-4.8.0-7.el9.x86_64.rpm        20 MB/s | 550 kB     00:00    
Test OLM installation	Arrange OLM test installation	2025-05-31T15:15:18.4822143Z #14 2.421 (14/84): gawk-5.1.0-6.el9.x86_64.rpm             29 MB/s | 1.0 MB     00:00    
Test OLM installation	Arrange OLM test installation	2025-05-31T15:15:18.4822711Z #14 2.424 (15/84): gdbm-libs-1.23-1.el9.x86_64.rpm        3.8 MB/s |  59 kB     00:00    
Test OLM installation	Arrange OLM test installation	2025-05-31T15:15:18.4823217Z #14 2.434 (16/84): filesystem-3.16-5.el9.x86_64.rpm        75 MB/s | 4.8 MB     00:00    
Test OLM installation	Arrange OLM test installation	2025-05-31T15:15:18.4823726Z #14 2.442 (17/84): glibc-common-2.34-168.el9_6.14.x86_64.  17 MB/s | 304 kB     00:00    
Test OLM installation	Arrange OLM test installation	2025-05-31T15:15:18.4824241Z #14 2.452 (18/84): glibc-langpack-en-2.34-168.el9_6.14.x8  36 MB/s | 657 kB     00:00    
Test OLM installation	Arrange OLM test installation	2025-05-31T15:15:18.4824739Z #14 2.458 (19/84): glibc-2.34-168.el9_6.14.x86_64.rpm      53 MB/s | 2.0 MB     00:00    
Test OLM installation	Arrange OLM test installation	2025-05-31T15:15:18.4825501Z #14 2.461 (20/84): gmp-6.2.0-13.el9.x86_64.rpm             16 MB/s | 319 kB     00:00    
Test OLM installation	Arrange OLM test installation	2025-05-31T15:15:18.4825957Z #14 2.473 (21/84): gnutls-3.8.3-6.el9.x86_64.rpm           52 MB/s | 1.1 MB     00:00    
Test OLM installation	Arrange OLM test installation	2025-05-31T15:15:18.4826814Z #14 2.476 (22/84): keyutils-libs-1.6.3-1.el9.x86_64.rpm   2.3 MB/s |  34 kB     00:00    
Test OLM installation	Arrange OLM test installation	2025-05-31T15:15:18.4827296Z #14 2.478 (23/84): grep-3.6-5.el9.x86_64.rpm               14 MB/s | 273 kB     00:00    
Test OLM installation	Arrange OLM test installation	2025-05-31T15:15:18.4827749Z #14 2.490 (24/84): libacl-2.3.1-4.el9.x86_64.rpm          1.7 MB/s |  24 kB     00:00    
Test OLM installation	Arrange OLM test installation	2025-05-31T15:15:18.5828786Z #14 2.494 (25/84): krb5-libs-1.21.1-6.el9.x86_64.rpm       38 MB/s | 770 kB     00:00    
Test OLM installation	Arrange OLM test installation	2025-05-31T15:15:18.5829703Z #14 2.495 (26/84): libattr-2.5.1-3.el9.x86_64.rpm         1.2 MB/s |  20 kB     00:00    
Test OLM installation	Arrange OLM test installation	2025-05-31T15:15:18.5830229Z #14 2.507 (27/84): libcap-2.48-9.el9_2.x86_64.rpm         4.3 MB/s |  74 kB     00:00    
Test OLM installation	Arrange OLM test installation	2025-05-31T15:15:18.5831067Z #14 2.508 (28/84): libcom_err-1.46.5-7.el9.x86_64.rpm     1.9 MB/s |  28 kB     00:00    
Test OLM installation	Arrange OLM test installation	2025-05-31T15:15:18.5831565Z #14 2.512 (29/84): libevent-2.1.12-8.el9_4.x86_64.rpm      15 MB/s | 266 kB     00:00    
Test OLM installation	Arrange OLM test installation	2025-05-31T15:15:18.5832036Z #14 2.522 (30/84): libffi-3.4.2-8.el9.x86_64.rpm          2.7 MB/s |  40 kB     00:00    
Test OLM installation	Arrange OLM test installation	2025-05-31T15:15:18.5832496Z #14 2.524 (31/84): libgcc-11.5.0-5.el9_5.x86_64.rpm       5.7 MB/s |  88 kB     00:00    
Test OLM installation	Arrange OLM test installation	2025-05-31T15:15:18.5832969Z #14 2.532 (32/84): libgcrypt-1.10.0-11.el9.x86_64.rpm      26 MB/s | 510 kB     00:00    
Test OLM installation	Arrange OLM test installation	2025-05-31T15:15:18.5833450Z #14 2.538 (33/84): libidn2-2.3.0-7.el9.x86_64.rpm         7.0 MB/s | 105 kB     00:00    
Test OLM installation	Arrange OLM test installation	2025-05-31T15:15:18.5833987Z #14 2.540 (34/84): libgpg-error-1.42-5.el9.x86_64.rpm      12 MB/s | 220 kB     00:00    
Test OLM installation	Arrange OLM test installation	2025-05-31T15:15:18.5834489Z #14 2.548 (35/84): libselinux-3.6-3.el9.x86_64.rpm        5.3 MB/s |  88 kB     00:00    
Test OLM installation	Arrange OLM test installation	2025-05-31T15:15:18.5834985Z #14 2.555 (36/84): libsepol-3.6-2.el9.x86_64.rpm           20 MB/s | 331 kB     00:00    
Test OLM installation	Arrange OLM test installation	2025-05-31T15:15:18.5835612Z #14 2.556 (37/84): libsigsegv-2.13-4.el9.x86_64.rpm       1.9 MB/s |  30 kB     00:00    
Test OLM installation	Arrange OLM test installation	2025-05-31T15:15:18.5836116Z #14 2.565 (38/84): libtasn1-4.16.0-9.el9.x86_64.rpm       4.6 MB/s |  77 kB     00:00    
Test OLM installation	Arrange OLM test installation	2025-05-31T15:15:18.5836924Z #14 2.576 (39/84): libunistring-0.9.10-15.el9.x86_64.rpm   24 MB/s | 499 kB     00:00    
Test OLM installation	Arrange OLM test installation	2025-05-31T15:15:18.5837416Z #14 2.577 (40/84): libuuid-2.37.4-21.el9.x86_64.rpm       1.4 MB/s |  30 kB     00:00    
Test OLM installation	Arrange OLM test installation	2025-05-31T15:15:18.5837885Z #14 2.581 (41/84): libverto-0.3.2-3.el9.x86_64.rpm        1.5 MB/s |  24 kB     00:00    
Test OLM installation	Arrange OLM test installation	2025-05-31T15:15:18.5838361Z #14 2.591 (42/84): libxcrypt-4.4.18-3.el9.x86_64.rpm      7.9 MB/s | 120 kB     00:00    
Test OLM installation	Arrange OLM test installation	2025-05-31T15:15:18.6886953Z #14 2.594 (43/84): libzstd-1.5.5-1.el9.x86_64.rpm          17 MB/s | 297 kB     00:00    
Test OLM installation	Arrange OLM test installation	2025-05-31T15:15:18.6888507Z #14 2.598 (44/84): lksctp-tools-1.0.19-3.el9_4.x86_64.rpm 6.2 MB/s | 104 kB     00:00    
Test OLM installation	Arrange OLM test installation	2025-05-31T15:15:18.6889395Z #14 2.609 (45/84): lua-libs-5.4.4-4.el9.x86_64.rpm        7.3 MB/s | 132 kB     00:00    
Test OLM installation	Arrange OLM test installation	2025-05-31T15:15:18.6890234Z #14 2.610 (46/84): lz4-libs-1.9.3-5.el9.x86_64.rpm        4.3 MB/s |  69 kB     00:00    
Test OLM installation	Arrange OLM test installation	2025-05-31T15:15:18.6891042Z #14 2.620 (47/84): mpfr-4.1.0-7.el9.x86_64.rpm             15 MB/s | 329 kB     00:00    
Test OLM installation	Arrange OLM test installation	2025-05-31T15:15:18.6891888Z #14 2.624 (48/84): ncurses-base-6.2-10.20210508.el9.noarc 6.8 MB/s |  99 kB     00:00    
Test OLM installation	Arrange OLM test installation	2025-05-31T15:15:18.6892743Z #14 2.628 (49/84): ncurses-libs-6.2-10.20210508.el9.x86_6  19 MB/s | 332 kB     00:00    
Test OLM installation	Arrange OLM test installation	2025-05-31T15:15:18.6893780Z #14 2.638 (50/84): openssl-fips-provider-3.0.7-6.el9_5.x8 691 kB/s | 9.4 kB     00:00    
Test OLM installation	Arrange OLM test installation	2025-05-31T15:15:18.6894628Z #14 2.641 (51/84): nettle-3.10.1-1.el9.x86_64.rpm          27 MB/s | 568 kB     00:00    
Test OLM installation	Arrange OLM test installation	2025-05-31T15:15:18.6895516Z #14 2.648 (52/84): openssl-fips-provider-so-3.0.7-6.el9_5  28 MB/s | 577 kB     00:00    
Test OLM installation	Arrange OLM test installation	2025-05-31T15:15:18.6896621Z #14 2.662 (53/84): p11-kit-0.25.3-3.el9_5.x86_64.rpm       26 MB/s | 536 kB     00:00    
Test OLM installation	Arrange OLM test installation	2025-05-31T15:15:18.6897432Z #14 2.664 (54/84): p11-kit-trust-0.25.3-3.el9_5.x86_64.rp 9.0 MB/s | 144 kB     00:00    
Test OLM installation	Arrange OLM test installation	2025-05-31T15:15:18.6898571Z #14 2.670 (55/84): openssl-libs-3.2.2-6.el9_5.1.x86_64.rp  67 MB/s | 2.1 MB     00:00    
Test OLM installation	Arrange OLM test installation	2025-05-31T15:15:18.6899342Z #14 2.680 (56/84): pcre-8.44-4.el9.x86_64.rpm              11 MB/s | 200 kB     00:00    
Test OLM installation	Arrange OLM test installation	2025-05-31T15:15:18.6900085Z #14 2.682 (57/84): pcre2-10.40-6.el9.x86_64.rpm            13 MB/s | 236 kB     00:00    
Test OLM installation	Arrange OLM test installation	2025-05-31T15:15:18.6900855Z #14 2.685 (58/84): pcre2-syntax-10.40-6.el9.noarch.rpm    9.2 MB/s | 144 kB     00:00    
Test OLM installation	Arrange OLM test installation	2025-05-31T15:15:18.6901653Z #14 2.697 (59/84): python3-3.9.21-2.el9.x86_64.rpm        1.8 MB/s |  30 kB     00:00    
Test OLM installation	Arrange OLM test installation	2025-05-31T15:15:18.7946330Z #14 2.710 (60/84): python3-pip-wheel-21.3.1-1.el9.noarch.  46 MB/s | 1.1 MB     00:00    
Test OLM installation	Arrange OLM test installation	2025-05-31T15:15:18.7947505Z #14 2.717 (61/84): python3-setuptools-wheel-53.0.0-13.el9  23 MB/s | 469 kB     00:00    
Test OLM installation	Arrange OLM test installation	2025-05-31T15:15:18.7949129Z #14 2.730 (62/84): readline-8.1-4.el9.x86_64.rpm           11 MB/s | 215 kB     00:00    
Test OLM installation	Arrange OLM test installation	2025-05-31T15:15:18.7950203Z #14 2.735 (63/84): redhat-release-9.6-0.1.el9.x86_64.rpm  2.5 MB/s |  44 kB     00:00    
Test OLM installation	Arrange OLM test installation	2025-05-31T15:15:18.7950784Z #14 2.748 (64/84): sed-4.8-9.el9.x86_64.rpm                18 MB/s | 309 kB     00:00    
Test OLM installation	Arrange OLM test installation	2025-05-31T15:15:18.7951324Z #14 2.753 (65/84): setup-2.13.7-10.el9.noarch.rpm         8.6 MB/s | 150 kB     00:00    
Test OLM installation	Arrange OLM test installation	2025-05-31T15:15:18.7951893Z #14 2.768 (66/84): python3-libs-3.9.21-2.el9.x86_64.rpm    94 MB/s | 8.1 MB     00:00    
Test OLM installation	Arrange OLM test installation	2025-05-31T15:15:18.7952473Z #14 2.775 (67/84): sqlite-libs-3.34.1-7.el9_3.x86_64.rpm   22 MB/s | 622 kB     00:00    
Test OLM installation	Arrange OLM test installation	2025-05-31T15:15:18.7953047Z #14 2.778 (68/84): systemd-libs-252-51.el9.x86_64.rpm      27 MB/s | 684 kB     00:00    
Test OLM installation	Arrange OLM test installation	2025-05-31T15:15:18.7953632Z #14 2.788 (69/84): tzdata-2025b-1.el9.noarch.rpm           43 MB/s | 842 kB     00:00    
Test OLM installation	Arrange OLM test installation	2025-05-31T15:15:18.7954195Z #14 2.790 (70/84): xz-libs-5.2.5-8.el9_0.x86_64.rpm       6.5 MB/s |  94 kB     00:00    
Test OLM installation	Arrange OLM test installation	2025-05-31T15:15:18.7954735Z #14 2.795 (71/84): zlib-1.2.11-40.el9.x86_64.rpm          5.4 MB/s |  93 kB     00:00    
Test OLM installation	Arrange OLM test installation	2025-05-31T15:15:18.7955306Z #14 2.803 (72/84): copy-jdk-configs-4.0-3.el9.noarch.rpm  2.0 MB/s |  29 kB     00:00    
Test OLM installation	Arrange OLM test installation	2025-05-31T15:15:19.0323595Z #14 2.805 (73/84): lua-5.4.4-4.el9.x86_64.rpm              13 MB/s | 192 kB     00:00    
Test OLM installation	Arrange OLM test installation	2025-05-31T15:15:19.0324430Z #14 2.812 (74/84): lua-posix-35.0-8.el9.x86_64.rpm        8.9 MB/s | 155 kB     00:00    
Test OLM installation	Arrange OLM test installation	2025-05-31T15:15:19.0325167Z #14 2.821 (75/84): alsa-lib-1.2.13-2.el9.x86_64.rpm        29 MB/s | 530 kB     00:00    
Test OLM installation	Arrange OLM test installation	2025-05-31T15:15:19.0325966Z #14 2.828 (76/84): javapackages-filesystem-6.4.0-1.el9.no 1.0 MB/s |  17 kB     00:00    
Test OLM installation	Arrange OLM test installation	2025-05-31T15:15:19.0327000Z #14 2.837 (77/84): nspr-4.35.0-17.el9_2.x86_64.rpm        8.8 MB/s | 137 kB     00:00    
Test OLM installation	Arrange OLM test installation	2025-05-31T15:15:19.0327678Z #14 2.851 (78/84): nss-3.101.0-10.el9_2.x86_64.rpm         31 MB/s | 720 kB     00:00    
Test OLM installation	Arrange OLM test installation	2025-05-31T15:15:19.0328378Z #14 2.857 (79/84): nss-softokn-3.101.0-10.el9_2.x86_64.rp  19 MB/s | 393 kB     00:00    
Test OLM installation	Arrange OLM test installation	2025-05-31T15:15:19.0329157Z #14 2.870 (80/84): nss-softokn-freebl-3.101.0-10.el9_2.x8  16 MB/s | 313 kB     00:00    
Test OLM installation	Arrange OLM test installation	2025-05-31T15:15:19.0329923Z #14 2.872 (81/84): nss-sysinit-3.101.0-10.el9_2.x86_64.rp 1.3 MB/s |  21 kB     00:00    
Test OLM installation	Arrange OLM test installation	2025-05-31T15:15:19.0330629Z #14 2.887 (82/84): nss-util-3.101.0-10.el9_2.x86_64.rpm   5.3 MB/s |  92 kB     00:00    
Test OLM installation	Arrange OLM test installation	2025-05-31T15:15:19.0331369Z #14 2.890 (83/84): tzdata-java-2025b-1.el9.noarch.rpm      13 MB/s | 228 kB     00:00    
Test OLM installation	Arrange OLM test installation	2025-05-31T15:15:19.1038051Z #14 3.112 (84/84): java-21-openjdk-headless-21.0.7.0.6-1. 160 MB/s |  49 MB     00:00    
Test OLM installation	Arrange OLM test installation	2025-05-31T15:15:19.3393994Z #14 3.115 --------------------------------------------------------------------------------
Test OLM installation	Arrange OLM test installation	2025-05-31T15:15:19.3394760Z #14 3.115 Total                                            96 MB/s |  89 MB     00:00     
Test OLM installation	Arrange OLM test installation	2025-05-31T15:15:19.3395523Z #14 3.127 Red Hat Universal Base Image 9 (RPMs) - BaseOS  3.5 MB/s | 3.6 kB     00:00    
Test OLM installation	Arrange OLM test installation	2025-05-31T15:15:19.3396511Z #14 3.192 Importing GPG key 0xFD431D51:
Test OLM installation	Arrange OLM test installation	2025-05-31T15:15:19.3397126Z #14 3.192  Userid     : "Red Hat, Inc. (release key 2) <security@redhat.com>"
Test OLM installation	Arrange OLM test installation	2025-05-31T15:15:19.3398266Z #14 3.192  Fingerprint: 567E 347A D004 4ADE 55BA 8A5F 199E 2F91 FD43 1D51
Test OLM installation	Arrange OLM test installation	2025-05-31T15:15:19.3399000Z #14 3.192  From       : /etc/pki/rpm-gpg/RPM-GPG-KEY-redhat-release
Test OLM installation	Arrange OLM test installation	2025-05-31T15:15:19.3399563Z #14 3.195 Key imported successfully
Test OLM installation	Arrange OLM test installation	2025-05-31T15:15:19.3399990Z #14 3.196 Importing GPG key 0x5A6340B3:
Test OLM installation	Arrange OLM test installation	2025-05-31T15:15:19.3400553Z #14 3.196  Userid     : "Red Hat, Inc. (auxiliary key 3) <security@redhat.com>"
Test OLM installation	Arrange OLM test installation	2025-05-31T15:15:19.3401256Z #14 3.196  Fingerprint: 7E46 2425 8C40 6535 D56D 6F13 5054 E4A4 5A63 40B3
Test OLM installation	Arrange OLM test installation	2025-05-31T15:15:19.3401920Z #14 3.196  From       : /etc/pki/rpm-gpg/RPM-GPG-KEY-redhat-release
Test OLM installation	Arrange OLM test installation	2025-05-31T15:15:19.3402465Z #14 3.197 Key imported successfully
Test OLM installation	Arrange OLM test installation	2025-05-31T15:15:20.3269387Z #14 4.317 Running transaction check
Test OLM installation	Arrange OLM test installation	2025-05-31T15:15:20.5632240Z #14 4.410 Transaction check succeeded.
Test OLM installation	Arrange OLM test installation	2025-05-31T15:15:20.5633413Z #14 4.410 Running transaction test
Test OLM installation	Arrange OLM test installation	2025-05-31T15:15:21.0508153Z #14 5.059 Transaction test succeeded.
Test OLM installation	Arrange OLM test installation	2025-05-31T15:15:21.2019001Z #14 5.059 Running transaction
Test OLM installation	Arrange OLM test installation	2025-05-31T15:15:21.6722501Z #14 5.527   Running scriptlet: filesystem-3.16-5.el9.x86_64                           1/1 
Test OLM installation	Arrange OLM test installation	2025-05-31T15:15:21.6723466Z #14 5.529   Running scriptlet: copy-jdk-configs-4.0-3.el9.noarch                      1/1 
Test OLM installation	Arrange OLM test installation	2025-05-31T15:15:21.7898312Z #14 5.530   Running scriptlet: java-21-openjdk-headless-1:21.0.7.0.6-1.el9.x86_64     1/1 
Test OLM installation	Arrange OLM test installation	2025-05-31T15:15:21.9487183Z #14 5.798   Preparing        :                                                        1/1 
Test OLM installation	Arrange OLM test installation	2025-05-31T15:15:21.9487992Z #14 5.804   Installing       : libgcc-11.5.0-5.el9_5.x86_64                          1/84 
Test OLM installation	Arrange OLM test installation	2025-05-31T15:15:21.9844278Z #14 5.806   Running scriptlet: libgcc-11.5.0-5.el9_5.x86_64                          1/84 
Test OLM installation	Arrange OLM test installation	2025-05-31T15:15:22.0933382Z #14 5.992   Installing       : tzdata-2025b-1.el9.noarch                             2/84 
Test OLM installation	Arrange OLM test installation	2025-05-31T15:15:22.0934979Z #14 6.039   Installing       : tzdata-java-2025b-1.el9.noarch                        3/84 
Test OLM installation	Arrange OLM test installation	2025-05-31T15:15:22.0935827Z #14 6.045   Installing       : javapackages-filesystem-6.4.0-1.el9.noarch            4/84 
Test OLM installation	Arrange OLM test installation	2025-05-31T15:15:22.0936833Z #14 6.052   Installing       : redhat-release-9.6-0.1.el9.x86_64                     5/84 
Test OLM installation	Arrange OLM test installation	2025-05-31T15:15:22.0937616Z #14 6.060   Installing       : setup-2.13.7-10.el9.noarch                            6/84 
Test OLM installation	Arrange OLM test installation	2025-05-31T15:15:22.0938645Z #14 6.061   Running scriptlet: setup-2.13.7-10.el9.noarch                            6/84 
Test OLM installation	Arrange OLM test installation	2025-05-31T15:15:22.2342257Z #14 6.101   Installing       : filesystem-3.16-5.el9.x86_64                          7/84 
Test OLM installation	Arrange OLM test installation	2025-05-31T15:15:22.2343191Z #14 6.149   Installing       : basesystem-11-13.el9.noarch                           8/84 
Test OLM installation	Arrange OLM test installation	2025-05-31T15:15:22.2344080Z #14 6.153   Installing       : python3-setuptools-wheel-53.0.0-13.el9.noarch         9/84 
Test OLM installation	Arrange OLM test installation	2025-05-31T15:15:22.2344951Z #14 6.156   Installing       : pcre2-syntax-10.40-6.el9.noarch                      10/84 
Test OLM installation	Arrange OLM test installation	2025-05-31T15:15:22.2345812Z #14 6.175   Installing       : ncurses-base-6.2-10.20210508.el9.noarch              11/84 
Test OLM installation	Arrange OLM test installation	2025-05-31T15:15:22.4356960Z #14 6.242   Installing       : glibc-langpack-en-2.34-168.el9_6.14.x86_64           12/84 
Test OLM installation	Arrange OLM test installation	2025-05-31T15:15:22.4358783Z #14 6.256   Installing       : glibc-common-2.34-168.el9_6.14.x86_64                13/84 
Test OLM installation	Arrange OLM test installation	2025-05-31T15:15:22.4359578Z #14 6.259   Running scriptlet: glibc-2.34-168.el9_6.14.x86_64                       14/84 
Test OLM installation	Arrange OLM test installation	2025-05-31T15:15:22.4360330Z #14 6.290   Installing       : glibc-2.34-168.el9_6.14.x86_64                       14/84 
Test OLM installation	Arrange OLM test installation	2025-05-31T15:15:22.7829524Z #14 6.293   Running scriptlet: glibc-2.34-168.el9_6.14.x86_64                       14/84 
Test OLM installation	Arrange OLM test installation	2025-05-31T15:15:22.8877502Z #14 6.791   Installing       : ncurses-libs-6.2-10.20210508.el9.x86_64              15/84 
Test OLM installation	Arrange OLM test installation	2025-05-31T15:15:22.8878397Z #14 6.807   Installing       : bash-5.1.8-9.el9.x86_64                              16/84 
Test OLM installation	Arrange OLM test installation	2025-05-31T15:15:22.8879147Z #14 6.810   Running scriptlet: bash-5.1.8-9.el9.x86_64                              16/84 
Test OLM installation	Arrange OLM test installation	2025-05-31T15:15:22.8880347Z #14 6.826   Installing       : crypto-policies-20250128-1.git5269e22.el9.noarch     17/84 
Test OLM installation	Arrange OLM test installation	2025-05-31T15:15:22.8881176Z #14 6.829   Running scriptlet: crypto-policies-20250128-1.git5269e22.el9.noarch     17/84 
Test OLM installation	Arrange OLM test installation	2025-05-31T15:15:22.8881985Z #14 6.832   Installing       : nspr-4.35.0-17.el9_2.x86_64                          18/84 
Test OLM installation	Arrange OLM test installation	2025-05-31T15:15:22.8882830Z #14 6.836   Installing       : nss-util-3.101.0-10.el9_2.x86_64                     19/84 
Test OLM installation	Arrange OLM test installation	2025-05-31T15:15:22.8883585Z #14 6.839   Installing       : zlib-1.2.11-40.el9.x86_64                            20/84 
Test OLM installation	Arrange OLM test installation	2025-05-31T15:15:22.8884344Z #14 6.844   Installing       : readline-8.1-4.el9.x86_64                            21/84 
Test OLM installation	Arrange OLM test installation	2025-05-31T15:15:22.8885050Z #14 6.848   Installing       : libtasn1-4.16.0-9.el9.x86_64                         22/84 
Test OLM installation	Arrange OLM test installation	2025-05-31T15:15:22.8885739Z #14 6.852   Installing       : libxcrypt-4.4.18-3.el9.x86_64                        23/84 
Test OLM installation	Arrange OLM test installation	2025-05-31T15:15:22.8886744Z #14 6.858   Installing       : sqlite-libs-3.34.1-7.el9_3.x86_64                    24/84 
Test OLM installation	Arrange OLM test installation	2025-05-31T15:15:22.8887212Z #14 6.862   Installing       : alternatives-1.24-2.el9.x86_64                       25/84 
Test OLM installation	Arrange OLM test installation	2025-05-31T15:15:22.8887661Z #14 6.868   Installing       : gmp-1:6.2.0-13.el9.x86_64                            26/84 
Test OLM installation	Arrange OLM test installation	2025-05-31T15:15:22.8888094Z #14 6.870   Installing       : libattr-2.5.1-3.el9.x86_64                           27/84 
Test OLM installation	Arrange OLM test installation	2025-05-31T15:15:22.8888516Z #14 6.876   Installing       : libacl-2.3.1-4.el9.x86_64                            28/84 
Test OLM installation	Arrange OLM test installation	2025-05-31T15:15:22.8888947Z #14 6.881   Installing       : libcap-2.48-9.el9_2.x86_64                           29/84 
Test OLM installation	Arrange OLM test installation	2025-05-31T15:15:22.8889389Z #14 6.885   Installing       : libffi-3.4.2-8.el9.x86_64                            30/84 
Test OLM installation	Arrange OLM test installation	2025-05-31T15:15:23.0455643Z #14 6.896   Installing       : p11-kit-0.25.3-3.el9_5.x86_64                        31/84 
Test OLM installation	Arrange OLM test installation	2025-05-31T15:15:23.0457340Z #14 6.902   Installing       : p11-kit-trust-0.25.3-3.el9_5.x86_64                  32/84 
Test OLM installation	Arrange OLM test installation	2025-05-31T15:15:23.1403709Z #14 6.903   Running scriptlet: p11-kit-trust-0.25.3-3.el9_5.x86_64                  32/84 
Test OLM installation	Arrange OLM test installation	2025-05-31T15:15:23.2439297Z #14 7.148   Installing       : libsigsegv-2.13-4.el9.x86_64                         33/84 
Test OLM installation	Arrange OLM test installation	2025-05-31T15:15:23.2440269Z #14 7.157   Installing       : libunistring-0.9.10-15.el9.x86_64                    34/84 
Test OLM installation	Arrange OLM test installation	2025-05-31T15:15:23.2441150Z #14 7.161   Installing       : lua-libs-5.4.4-4.el9.x86_64                          35/84 
Test OLM installation	Arrange OLM test installation	2025-05-31T15:15:23.2442125Z #14 7.164   Installing       : xz-libs-5.2.5-8.el9_0.x86_64                         36/84 
Test OLM installation	Arrange OLM test installation	2025-05-31T15:15:23.2442923Z #14 7.168   Installing       : lua-5.4.4-4.el9.x86_64                               37/84 
Test OLM installation	Arrange OLM test installation	2025-05-31T15:15:23.2443711Z #14 7.182   Installing       : lua-posix-35.0-8.el9.x86_64                          38/84 
Test OLM installation	Arrange OLM test installation	2025-05-31T15:15:23.2444489Z #14 7.188   Installing       : libidn2-2.3.0-7.el9.x86_64                           39/84 
Test OLM installation	Arrange OLM test installation	2025-05-31T15:15:23.2445415Z #14 7.194   Installing       : mpfr-4.1.0-7.el9.x86_64                              40/84 
Test OLM installation	Arrange OLM test installation	2025-05-31T15:15:23.2446417Z #14 7.208   Installing       : gawk-5.1.0-6.el9.x86_64                              41/84 
Test OLM installation	Arrange OLM test installation	2025-05-31T15:15:23.2447262Z #14 7.216   Installing       : nss-softokn-freebl-3.101.0-10.el9_2.x86_64           42/84 
Test OLM installation	Arrange OLM test installation	2025-05-31T15:15:23.2448073Z #14 7.225   Installing       : nss-softokn-3.101.0-10.el9_2.x86_64                  43/84 
Test OLM installation	Arrange OLM test installation	2025-05-31T15:15:23.2448705Z #14 7.230   Installing       : lksctp-tools-1.0.19-3.el9_4.x86_64                   44/84 
Test OLM installation	Arrange OLM test installation	2025-05-31T15:15:23.2449165Z #14 7.233   Installing       : bzip2-libs-1.0.8-10.el9_5.x86_64                     45/84 
Test OLM installation	Arrange OLM test installation	2025-05-31T15:15:23.2449600Z #14 7.237   Installing       : expat-2.5.0-5.el9_6.x86_64                           46/84 
Test OLM installation	Arrange OLM test installation	2025-05-31T15:15:23.2450059Z #14 7.241   Installing       : gdbm-libs-1:1.23-1.el9.x86_64                        47/84 
Test OLM installation	Arrange OLM test installation	2025-05-31T15:15:23.2450993Z #14 7.244   Installing       : keyutils-libs-1.6.3-1.el9.x86_64                     48/84 
Test OLM installation	Arrange OLM test installation	2025-05-31T15:15:23.2451897Z #14 7.247   Installing       : libcom_err-1.46.5-7.el9.x86_64                       49/84 
Test OLM installation	Arrange OLM test installation	2025-05-31T15:15:23.4934689Z #14 7.252   Installing       : libgpg-error-1.42-5.el9.x86_64                       50/84 
Test OLM installation	Arrange OLM test installation	2025-05-31T15:15:23.4935760Z #14 7.260   Installing       : libgcrypt-1.10.0-11.el9.x86_64                       51/84 
Test OLM installation	Arrange OLM test installation	2025-05-31T15:15:23.4936845Z #14 7.265   Installing       : libsepol-3.6-2.el9.x86_64                            52/84 
Test OLM installation	Arrange OLM test installation	2025-05-31T15:15:23.4937711Z #14 7.268   Installing       : libuuid-2.37.4-21.el9.x86_64                         53/84 
Test OLM installation	Arrange OLM test installation	2025-05-31T15:15:23.4938438Z #14 7.271   Installing       : libverto-0.3.2-3.el9.x86_64                          54/84 
Test OLM installation	Arrange OLM test installation	2025-05-31T15:15:23.4939194Z #14 7.276   Installing       : libzstd-1.5.5-1.el9.x86_64                           55/84 
Test OLM installation	Arrange OLM test installation	2025-05-31T15:15:23.4939983Z #14 7.279   Installing       : lz4-libs-1.9.3-5.el9.x86_64                          56/84 
Test OLM installation	Arrange OLM test installation	2025-05-31T15:15:23.4940774Z #14 7.286   Installing       : nettle-3.10.1-1.el9.x86_64                           57/84 
Test OLM installation	Arrange OLM test installation	2025-05-31T15:15:23.4941279Z #14 7.299   Installing       : gnutls-3.8.3-6.el9.x86_64                            58/84 
Test OLM installation	Arrange OLM test installation	2025-05-31T15:15:23.4941765Z #14 7.305   Installing       : pcre-8.44-4.el9.x86_64                               59/84 
Test OLM installation	Arrange OLM test installation	2025-05-31T15:15:23.4942241Z #14 7.310   Installing       : grep-3.6-5.el9.x86_64                                60/84 
Test OLM installation	Arrange OLM test installation	2025-05-31T15:15:23.4942715Z #14 7.316   Installing       : pcre2-10.40-6.el9.x86_64                             61/84 
Test OLM installation	Arrange OLM test installation	2025-05-31T15:15:23.4943209Z #14 7.319   Installing       : libselinux-3.6-3.el9.x86_64                          62/84 
Test OLM installation	Arrange OLM test installation	2025-05-31T15:15:23.4943722Z #14 7.342   Installing       : coreutils-single-8.32-39.el9.x86_64                  63/84 
Test OLM installation	Arrange OLM test installation	2025-05-31T15:15:23.4944233Z #14 7.348   Installing       : sed-4.8-9.el9.x86_64                                 64/84 
Test OLM installation	Arrange OLM test installation	2025-05-31T15:15:23.5989620Z #14 7.351   Running scriptlet: ca-certificates-2024.2.69_v8.0.303-91.4.el9_4.noar   65/84 
Test OLM installation	Arrange OLM test installation	2025-05-31T15:15:23.7529671Z #14 7.607   Installing       : ca-certificates-2024.2.69_v8.0.303-91.4.el9_4.noar   65/84 
Test OLM installation	Arrange OLM test installation	2025-05-31T15:15:24.7008551Z #14 7.610   Running scriptlet: ca-certificates-2024.2.69_v8.0.303-91.4.el9_4.noar   65/84 
Test OLM installation	Arrange OLM test installation	2025-05-31T15:15:24.9140103Z #14 8.709   Installing       : python3-pip-wheel-21.3.1-1.el9.noarch                66/84 
Test OLM installation	Arrange OLM test installation	2025-05-31T15:15:24.9140849Z #14 8.716   Installing       : openssl-fips-provider-so-3.0.7-6.el9_5.x86_64        67/84 
Test OLM installation	Arrange OLM test installation	2025-05-31T15:15:24.9141478Z #14 8.718   Installing       : openssl-fips-provider-3.0.7-6.el9_5.x86_64           68/84 
Test OLM installation	Arrange OLM test installation	2025-05-31T15:15:24.9142101Z #14 8.743   Installing       : openssl-libs-1:3.2.2-6.el9_5.1.x86_64                69/84 
Test OLM installation	Arrange OLM test installation	2025-05-31T15:15:24.9142652Z #14 8.758   Installing       : krb5-libs-1.21.1-6.el9.x86_64                        70/84 
Test OLM installation	Arrange OLM test installation	2025-05-31T15:15:24.9143144Z #14 8.767   Installing       : libevent-2.1.12-8.el9_4.x86_64                       71/84 
Test OLM installation	Arrange OLM test installation	2025-05-31T15:15:25.1099539Z #14 8.771   Installing       : python3-3.9.21-2.el9.x86_64                          72/84 
Test OLM installation	Arrange OLM test installation	2025-05-31T15:15:25.2976890Z #14 9.118   Installing       : python3-libs-3.9.21-2.el9.x86_64                     73/84 
Test OLM installation	Arrange OLM test installation	2025-05-31T15:15:25.2978420Z #14 9.138   Installing       : crypto-policies-scripts-20250128-1.git5269e22.el9.   74/84 
Test OLM installation	Arrange OLM test installation	2025-05-31T15:15:25.2979260Z #14 9.142   Installing       : nss-sysinit-3.101.0-10.el9_2.x86_64                  75/84 
Test OLM installation	Arrange OLM test installation	2025-05-31T15:15:25.2980017Z #14 9.152   Installing       : nss-3.101.0-10.el9_2.x86_64                          76/84 
Test OLM installation	Arrange OLM test installation	2025-05-31T15:15:25.4016485Z #14 9.155   Running scriptlet: nss-3.101.0-10.el9_2.x86_64                          76/84 
Test OLM installation	Arrange OLM test installation	2025-05-31T15:15:25.5555754Z #14 9.409   Installing       : systemd-libs-252-51.el9.x86_64                       77/84 
Test OLM installation	Arrange OLM test installation	2025-05-31T15:15:25.6608998Z #14 9.413   Running scriptlet: systemd-libs-252-51.el9.x86_64                       77/84 
Test OLM installation	Arrange OLM test installation	2025-05-31T15:15:25.8499115Z #14 9.669   Installing       : dbus-libs-1:1.12.20-8.el9.x86_64                     78/84 
Test OLM installation	Arrange OLM test installation	2025-05-31T15:15:25.8499731Z #14 9.674   Installing       : avahi-libs-0.8-22.el9_6.x86_64                       79/84 
Test OLM installation	Arrange OLM test installation	2025-05-31T15:15:25.8500677Z #14 9.679   Installing       : cups-libs-1:2.3.3op2-33.el9.x86_64                   80/84 
Test OLM installation	Arrange OLM test installation	2025-05-31T15:15:25.8501166Z #14 9.687   Installing       : findutils-1:4.8.0-7.el9.x86_64                       81/84 
Test OLM installation	Arrange OLM test installation	2025-05-31T15:15:25.8501653Z #14 9.691   Installing       : copy-jdk-configs-4.0-3.el9.noarch                    82/84 
Test OLM installation	Arrange OLM test installation	2025-05-31T15:15:26.3476542Z #14 9.707   Installing       : alsa-lib-1.2.13-2.el9.x86_64                         83/84 
Test OLM installation	Arrange OLM test installation	2025-05-31T15:15:26.5037234Z #14 10.36   Installing       : java-21-openjdk-headless-1:21.0.7.0.6-1.el9.x86_64   84/84 
Test OLM installation	Arrange OLM test installation	2025-05-31T15:15:26.6087297Z #14 10.36   Running scriptlet: java-21-openjdk-headless-1:21.0.7.0.6-1.el9.x86_64   84/84 
Test OLM installation	Arrange OLM test installation	2025-05-31T15:15:26.8557436Z #14 10.62   Running scriptlet: filesystem-3.16-5.el9.x86_64                         84/84 
Test OLM installation	Arrange OLM test installation	2025-05-31T15:15:29.4729980Z #14 10.86   Running scriptlet: ca-certificates-2024.2.69_v8.0.303-91.4.el9_4.noar   84/84 
Test OLM installation	Arrange OLM test installation	2025-05-31T15:15:30.0563138Z #14 13.48   Running scriptlet: crypto-policies-scripts-20250128-1.git5269e22.el9.   84/84 
Test OLM installation	Arrange OLM test installation	2025-05-31T15:15:30.7165221Z #14 14.06   Running scriptlet: nss-3.101.0-10.el9_2.x86_64                          84/84 
Test OLM installation	Arrange OLM test installation	2025-05-31T15:15:31.0144120Z #14 14.70   Running scriptlet: copy-jdk-configs-4.0-3.el9.noarch                    84/84 
Test OLM installation	Arrange OLM test installation	2025-05-31T15:15:31.5708321Z #14 15.02   Running scriptlet: java-21-openjdk-headless-1:21.0.7.0.6-1.el9.x86_64   84/84 
Test OLM installation	Arrange OLM test installation	2025-05-31T15:15:31.7678241Z #14 15.58   Verifying        : alternatives-1.24-2.el9.x86_64                        1/84 
Test OLM installation	Arrange OLM test installation	2025-05-31T15:15:31.7682380Z #14 15.58   Verifying        : avahi-libs-0.8-22.el9_6.x86_64                        2/84 
Test OLM installation	Arrange OLM test installation	2025-05-31T15:15:31.7683241Z #14 15.58   Verifying        : basesystem-11-13.el9.noarch                           3/84 
Test OLM installation	Arrange OLM test installation	2025-05-31T15:15:31.7684020Z #14 15.58   Verifying        : bash-5.1.8-9.el9.x86_64                               4/84 
Test OLM installation	Arrange OLM test installation	2025-05-31T15:15:31.7684787Z #14 15.58   Verifying        : bzip2-libs-1.0.8-10.el9_5.x86_64                      5/84 
Test OLM installation	Arrange OLM test installation	2025-05-31T15:15:31.7685566Z #14 15.58   Verifying        : ca-certificates-2024.2.69_v8.0.303-91.4.el9_4.noar    6/84 
Test OLM installation	Arrange OLM test installation	2025-05-31T15:15:31.7686568Z #14 15.58   Verifying        : coreutils-single-8.32-39.el9.x86_64                   7/84 
Test OLM installation	Arrange OLM test installation	2025-05-31T15:15:31.7687256Z #14 15.58   Verifying        : crypto-policies-20250128-1.git5269e22.el9.noarch      8/84 
Test OLM installation	Arrange OLM test installation	2025-05-31T15:15:31.7687901Z #14 15.58   Verifying        : crypto-policies-scripts-20250128-1.git5269e22.el9.    9/84 
Test OLM installation	Arrange OLM test installation	2025-05-31T15:15:31.7688765Z #14 15.58   Verifying        : cups-libs-1:2.3.3op2-33.el9.x86_64                   10/84 
Test OLM installation	Arrange OLM test installation	2025-05-31T15:15:31.7689530Z #14 15.58   Verifying        : dbus-libs-1:1.12.20-8.el9.x86_64                     11/84 
Test OLM installation	Arrange OLM test installation	2025-05-31T15:15:31.7690533Z #14 15.58   Verifying        : expat-2.5.0-5.el9_6.x86_64                           12/84 
Test OLM installation	Arrange OLM test installation	2025-05-31T15:15:31.7691219Z #14 15.58   Verifying        : filesystem-3.16-5.el9.x86_64                         13/84 
Test OLM installation	Arrange OLM test installation	2025-05-31T15:15:31.7691921Z #14 15.58   Verifying        : findutils-1:4.8.0-7.el9.x86_64                       14/84 
Test OLM installation	Arrange OLM test installation	2025-05-31T15:15:31.7692642Z #14 15.58   Verifying        : gawk-5.1.0-6.el9.x86_64                              15/84 
Test OLM installation	Arrange OLM test installation	2025-05-31T15:15:31.7708353Z #14 15.58   Verifying        : gdbm-libs-1:1.23-1.el9.x86_64                        16/84 
Test OLM installation	Arrange OLM test installation	2025-05-31T15:15:31.7709136Z #14 15.58   Verifying        : glibc-2.34-168.el9_6.14.x86_64                       17/84 
Test OLM installation	Arrange OLM test installation	2025-05-31T15:15:31.7709906Z #14 15.58   Verifying        : glibc-common-2.34-168.el9_6.14.x86_64                18/84 
Test OLM installation	Arrange OLM test installation	2025-05-31T15:15:31.7710875Z #14 15.58   Verifying        : glibc-langpack-en-2.34-168.el9_6.14.x86_64           19/84 
Test OLM installation	Arrange OLM test installation	2025-05-31T15:15:31.7711339Z #14 15.58   Verifying        : gmp-1:6.2.0-13.el9.x86_64                            20/84 
Test OLM installation	Arrange OLM test installation	2025-05-31T15:15:31.7711776Z #14 15.58   Verifying        : gnutls-3.8.3-6.el9.x86_64                            21/84 
Test OLM installation	Arrange OLM test installation	2025-05-31T15:15:31.7712232Z #14 15.58   Verifying        : grep-3.6-5.el9.x86_64                                22/84 
Test OLM installation	Arrange OLM test installation	2025-05-31T15:15:31.7713056Z #14 15.58   Verifying        : keyutils-libs-1.6.3-1.el9.x86_64                     23/84 
Test OLM installation	Arrange OLM test installation	2025-05-31T15:15:31.7713484Z #14 15.58   Verifying        : krb5-libs-1.21.1-6.el9.x86_64                        24/84 
Test OLM installation	Arrange OLM test installation	2025-05-31T15:15:31.7713892Z #14 15.58   Verifying        : libacl-2.3.1-4.el9.x86_64                            25/84 
Test OLM installation	Arrange OLM test installation	2025-05-31T15:15:31.7714297Z #14 15.58   Verifying        : libattr-2.5.1-3.el9.x86_64                           26/84 
Test OLM installation	Arrange OLM test installation	2025-05-31T15:15:31.7714704Z #14 15.58   Verifying        : libcap-2.48-9.el9_2.x86_64                           27/84 
Test OLM installation	Arrange OLM test installation	2025-05-31T15:15:31.7715616Z #14 15.58   Verifying        : libcom_err-1.46.5-7.el9.x86_64                       28/84 
Test OLM installation	Arrange OLM test installation	2025-05-31T15:15:31.7716086Z #14 15.58   Verifying        : libevent-2.1.12-8.el9_4.x86_64                       29/84 
Test OLM installation	Arrange OLM test installation	2025-05-31T15:15:31.7717316Z #14 15.58   Verifying        : libffi-3.4.2-8.el9.x86_64                            30/84 
Test OLM installation	Arrange OLM test installation	2025-05-31T15:15:31.7717823Z #14 15.58   Verifying        : libgcc-11.5.0-5.el9_5.x86_64                         31/84 
Test OLM installation	Arrange OLM test installation	2025-05-31T15:15:31.7718243Z #14 15.58   Verifying        : libgcrypt-1.10.0-11.el9.x86_64                       32/84 
Test OLM installation	Arrange OLM test installation	2025-05-31T15:15:31.7718669Z #14 15.58   Verifying        : libgpg-error-1.42-5.el9.x86_64                       33/84 
Test OLM installation	Arrange OLM test installation	2025-05-31T15:15:31.7719087Z #14 15.58   Verifying        : libidn2-2.3.0-7.el9.x86_64                           34/84 
Test OLM installation	Arrange OLM test installation	2025-05-31T15:15:31.7719496Z #14 15.58   Verifying        : libselinux-3.6-3.el9.x86_64                          35/84 
Test OLM installation	Arrange OLM test installation	2025-05-31T15:15:31.7719908Z #14 15.58   Verifying        : libsepol-3.6-2.el9.x86_64                            36/84 
Test OLM installation	Arrange OLM test installation	2025-05-31T15:15:31.7720326Z #14 15.58   Verifying        : libsigsegv-2.13-4.el9.x86_64                         37/84 
Test OLM installation	Arrange OLM test installation	2025-05-31T15:15:31.7720740Z #14 15.58   Verifying        : libtasn1-4.16.0-9.el9.x86_64                         38/84 
Test OLM installation	Arrange OLM test installation	2025-05-31T15:15:31.7721166Z #14 15.58   Verifying        : libunistring-0.9.10-15.el9.x86_64                    39/84 
Test OLM installation	Arrange OLM test installation	2025-05-31T15:15:31.7721588Z #14 15.58   Verifying        : libuuid-2.37.4-21.el9.x86_64                         40/84 
Test OLM installation	Arrange OLM test installation	2025-05-31T15:15:31.7722114Z #14 15.58   Verifying        : libverto-0.3.2-3.el9.x86_64                          41/84 
Test OLM installation	Arrange OLM test installation	2025-05-31T15:15:31.7722545Z #14 15.58   Verifying        : libxcrypt-4.4.18-3.el9.x86_64                        42/84 
Test OLM installation	Arrange OLM test installation	2025-05-31T15:15:31.7722958Z #14 15.58   Verifying        : libzstd-1.5.5-1.el9.x86_64                           43/84 
Test OLM installation	Arrange OLM test installation	2025-05-31T15:15:31.7723369Z #14 15.58   Verifying        : lksctp-tools-1.0.19-3.el9_4.x86_64                   44/84 
Test OLM installation	Arrange OLM test installation	2025-05-31T15:15:31.7723778Z #14 15.58   Verifying        : lua-libs-5.4.4-4.el9.x86_64                          45/84 
Test OLM installation	Arrange OLM test installation	2025-05-31T15:15:31.7724190Z #14 15.58   Verifying        : lz4-libs-1.9.3-5.el9.x86_64                          46/84 
Test OLM installation	Arrange OLM test installation	2025-05-31T15:15:31.7724599Z #14 15.58   Verifying        : mpfr-4.1.0-7.el9.x86_64                              47/84 
Test OLM installation	Arrange OLM test installation	2025-05-31T15:15:31.7725016Z #14 15.58   Verifying        : ncurses-base-6.2-10.20210508.el9.noarch              48/84 
Test OLM installation	Arrange OLM test installation	2025-05-31T15:15:31.7725441Z #14 15.58   Verifying        : ncurses-libs-6.2-10.20210508.el9.x86_64              49/84 
Test OLM installation	Arrange OLM test installation	2025-05-31T15:15:31.7726124Z #14 15.58   Verifying        : nettle-3.10.1-1.el9.x86_64                           50/84 
Test OLM installation	Arrange OLM test installation	2025-05-31T15:15:31.7726801Z #14 15.58   Verifying        : openssl-fips-provider-3.0.7-6.el9_5.x86_64           51/84 
Test OLM installation	Arrange OLM test installation	2025-05-31T15:15:31.7727262Z #14 15.58   Verifying        : openssl-fips-provider-so-3.0.7-6.el9_5.x86_64        52/84 
Test OLM installation	Arrange OLM test installation	2025-05-31T15:15:31.7727722Z #14 15.58   Verifying        : openssl-libs-1:3.2.2-6.el9_5.1.x86_64                53/84 
Test OLM installation	Arrange OLM test installation	2025-05-31T15:15:31.7728137Z #14 15.58   Verifying        : p11-kit-0.25.3-3.el9_5.x86_64                        54/84 
Test OLM installation	Arrange OLM test installation	2025-05-31T15:15:31.7728551Z #14 15.58   Verifying        : p11-kit-trust-0.25.3-3.el9_5.x86_64                  55/84 
Test OLM installation	Arrange OLM test installation	2025-05-31T15:15:31.7728964Z #14 15.58   Verifying        : pcre-8.44-4.el9.x86_64                               56/84 
Test OLM installation	Arrange OLM test installation	2025-05-31T15:15:31.7729541Z #14 15.58   Verifying        : pcre2-10.40-6.el9.x86_64                             57/84 
Test OLM installation	Arrange OLM test installation	2025-05-31T15:15:31.7729958Z #14 15.58   Verifying        : pcre2-syntax-10.40-6.el9.noarch                      58/84 
Test OLM installation	Arrange OLM test installation	2025-05-31T15:15:31.7730376Z #14 15.58   Verifying        : python3-3.9.21-2.el9.x86_64                          59/84 
Test OLM installation	Arrange OLM test installation	2025-05-31T15:15:31.7730848Z #14 15.58   Verifying        : python3-libs-3.9.21-2.el9.x86_64                     60/84 
Test OLM installation	Arrange OLM test installation	2025-05-31T15:15:31.7731418Z #14 15.58   Verifying        : python3-pip-wheel-21.3.1-1.el9.noarch                61/84 
Test OLM installation	Arrange OLM test installation	2025-05-31T15:15:31.7731879Z #14 15.58   Verifying        : python3-setuptools-wheel-53.0.0-13.el9.noarch        62/84 
Test OLM installation	Arrange OLM test installation	2025-05-31T15:15:31.7732317Z #14 15.58   Verifying        : readline-8.1-4.el9.x86_64                            63/84 
Test OLM installation	Arrange OLM test installation	2025-05-31T15:15:31.7732883Z #14 15.58   Verifying        : redhat-release-9.6-0.1.el9.x86_64                    64/84 
Test OLM installation	Arrange OLM test installation	2025-05-31T15:15:31.7733300Z #14 15.58   Verifying        : sed-4.8-9.el9.x86_64                                 65/84 
Test OLM installation	Arrange OLM test installation	2025-05-31T15:15:31.7733727Z #14 15.58   Verifying        : setup-2.13.7-10.el9.noarch                           66/84 
Test OLM installation	Arrange OLM test installation	2025-05-31T15:15:31.7734249Z #14 15.58   Verifying        : sqlite-libs-3.34.1-7.el9_3.x86_64                    67/84 
Test OLM installation	Arrange OLM test installation	2025-05-31T15:15:31.7734673Z #14 15.58   Verifying        : systemd-libs-252-51.el9.x86_64                       68/84 
Test OLM installation	Arrange OLM test installation	2025-05-31T15:15:31.7735094Z #14 15.58   Verifying        : tzdata-2025b-1.el9.noarch                            69/84 
Test OLM installation	Arrange OLM test installation	2025-05-31T15:15:31.7735504Z #14 15.58   Verifying        : xz-libs-5.2.5-8.el9_0.x86_64                         70/84 
Test OLM installation	Arrange OLM test installation	2025-05-31T15:15:31.7735903Z #14 15.58   Verifying        : zlib-1.2.11-40.el9.x86_64                            71/84 
Test OLM installation	Arrange OLM test installation	2025-05-31T15:15:31.7736513Z #14 15.59   Verifying        : copy-jdk-configs-4.0-3.el9.noarch                    72/84 
Test OLM installation	Arrange OLM test installation	2025-05-31T15:15:31.7736942Z #14 15.59   Verifying        : lua-5.4.4-4.el9.x86_64                               73/84 
Test OLM installation	Arrange OLM test installation	2025-05-31T15:15:31.7737715Z #14 15.59   Verifying        : lua-posix-35.0-8.el9.x86_64                          74/84 
Test OLM installation	Arrange OLM test installation	2025-05-31T15:15:31.7738241Z #14 15.59   Verifying        : alsa-lib-1.2.13-2.el9.x86_64                         75/84 
Test OLM installation	Arrange OLM test installation	2025-05-31T15:15:31.7738685Z #14 15.59   Verifying        : java-21-openjdk-headless-1:21.0.7.0.6-1.el9.x86_64   76/84 
Test OLM installation	Arrange OLM test installation	2025-05-31T15:15:31.7739134Z #14 15.59   Verifying        : javapackages-filesystem-6.4.0-1.el9.noarch           77/84 
Test OLM installation	Arrange OLM test installation	2025-05-31T15:15:31.7739567Z #14 15.59   Verifying        : nspr-4.35.0-17.el9_2.x86_64                          78/84 
Test OLM installation	Arrange OLM test installation	2025-05-31T15:15:31.7739959Z #14 15.59   Verifying        : nss-3.101.0-10.el9_2.x86_64                          79/84 
Test OLM installation	Arrange OLM test installation	2025-05-31T15:15:31.7740371Z #14 15.59   Verifying        : nss-softokn-3.101.0-10.el9_2.x86_64                  80/84 
Test OLM installation	Arrange OLM test installation	2025-05-31T15:15:31.7740796Z #14 15.59   Verifying        : nss-softokn-freebl-3.101.0-10.el9_2.x86_64           81/84 
Test OLM installation	Arrange OLM test installation	2025-05-31T15:15:31.7741230Z #14 15.59   Verifying        : nss-sysinit-3.101.0-10.el9_2.x86_64                  82/84 
Test OLM installation	Arrange OLM test installation	2025-05-31T15:15:31.7741753Z #14 15.59   Verifying        : nss-util-3.101.0-10.el9_2.x86_64                     83/84 
Test OLM installation	Arrange OLM test installation	2025-05-31T15:15:31.7742403Z #14 15.59   Verifying        : tzdata-java-2025b-1.el9.noarch                       84/84 
Test OLM installation	Arrange OLM test installation	2025-05-31T15:15:31.7742769Z #14 15.66 Installed products updated.
Test OLM installation	Arrange OLM test installation	2025-05-31T15:15:31.7743015Z #14 15.67 
Test OLM installation	Arrange OLM test installation	2025-05-31T15:15:31.7743189Z #14 15.67 Installed:
Test OLM installation	Arrange OLM test installation	2025-05-31T15:15:31.7743476Z #14 15.67   alsa-lib-1.2.13-2.el9.x86_64                                                  
Test OLM installation	Arrange OLM test installation	2025-05-31T15:15:31.7743880Z #14 15.67   alternatives-1.24-2.el9.x86_64                                                
Test OLM installation	Arrange OLM test installation	2025-05-31T15:15:31.7744283Z #14 15.67   avahi-libs-0.8-22.el9_6.x86_64                                                
Test OLM installation	Arrange OLM test installation	2025-05-31T15:15:31.7744689Z #14 15.67   basesystem-11-13.el9.noarch                                                   
Test OLM installation	Arrange OLM test installation	2025-05-31T15:15:31.7745087Z #14 15.67   bash-5.1.8-9.el9.x86_64                                                       
Test OLM installation	Arrange OLM test installation	2025-05-31T15:15:31.7745683Z #14 15.67   bzip2-libs-1.0.8-10.el9_5.x86_64                                              
Test OLM installation	Arrange OLM test installation	2025-05-31T15:15:31.7746122Z #14 15.67   ca-certificates-2024.2.69_v8.0.303-91.4.el9_4.noarch                          
Test OLM installation	Arrange OLM test installation	2025-05-31T15:15:31.7746811Z #14 15.67   copy-jdk-configs-4.0-3.el9.noarch                                             
Test OLM installation	Arrange OLM test installation	2025-05-31T15:15:31.7747256Z #14 15.67   coreutils-single-8.32-39.el9.x86_64                                           
Test OLM installation	Arrange OLM test installation	2025-05-31T15:15:31.7747741Z #14 15.67   crypto-policies-20250128-1.git5269e22.el9.noarch                              
Test OLM installation	Arrange OLM test installation	2025-05-31T15:15:31.7748237Z #14 15.67   crypto-policies-scripts-20250128-1.git5269e22.el9.noarch                      
Test OLM installation	Arrange OLM test installation	2025-05-31T15:15:31.7748698Z #14 15.67   cups-libs-1:2.3.3op2-33.el9.x86_64                                            
Test OLM installation	Arrange OLM test installation	2025-05-31T15:15:31.7749234Z #14 15.67   dbus-libs-1:1.12.20-8.el9.x86_64                                              
Test OLM installation	Arrange OLM test installation	2025-05-31T15:15:31.7749620Z #14 15.67   expat-2.5.0-5.el9_6.x86_64                                                    
Test OLM installation	Arrange OLM test installation	2025-05-31T15:15:31.7750008Z #14 15.67   filesystem-3.16-5.el9.x86_64                                                  
Test OLM installation	Arrange OLM test installation	2025-05-31T15:15:31.7750400Z #14 15.67   findutils-1:4.8.0-7.el9.x86_64                                                
Test OLM installation	Arrange OLM test installation	2025-05-31T15:15:31.7750774Z #14 15.67   gawk-5.1.0-6.el9.x86_64                                                       
Test OLM installation	Arrange OLM test installation	2025-05-31T15:15:31.7751141Z #14 15.67   gdbm-libs-1:1.23-1.el9.x86_64                                                 
Test OLM installation	Arrange OLM test installation	2025-05-31T15:15:31.7751528Z #14 15.67   glibc-2.34-168.el9_6.14.x86_64                                                
Test OLM installation	Arrange OLM test installation	2025-05-31T15:15:31.7751926Z #14 15.67   glibc-common-2.34-168.el9_6.14.x86_64                                         
Test OLM installation	Arrange OLM test installation	2025-05-31T15:15:31.7752353Z #14 15.67   glibc-langpack-en-2.34-168.el9_6.14.x86_64                                    
Test OLM installation	Arrange OLM test installation	2025-05-31T15:15:31.7752754Z #14 15.67   gmp-1:6.2.0-13.el9.x86_64                                                     
Test OLM installation	Arrange OLM test installation	2025-05-31T15:15:31.7753128Z #14 15.67   gnutls-3.8.3-6.el9.x86_64                                                     
Test OLM installation	Arrange OLM test installation	2025-05-31T15:15:31.7753494Z #14 15.67   grep-3.6-5.el9.x86_64                                                         
Test OLM installation	Arrange OLM test installation	2025-05-31T15:15:31.7753904Z #14 15.67   java-21-openjdk-headless-1:21.0.7.0.6-1.el9.x86_64                            
Test OLM installation	Arrange OLM test installation	2025-05-31T15:15:31.7754376Z #14 15.67   javapackages-filesystem-6.4.0-1.el9.noarch                                    
Test OLM installation	Arrange OLM test installation	2025-05-31T15:15:31.7754824Z #14 15.67   keyutils-libs-1.6.3-1.el9.x86_64                                              
Test OLM installation	Arrange OLM test installation	2025-05-31T15:15:31.7755220Z #14 15.67   krb5-libs-1.21.1-6.el9.x86_64                                                 
Test OLM installation	Arrange OLM test installation	2025-05-31T15:15:31.7755596Z #14 15.67   libacl-2.3.1-4.el9.x86_64                                                     
Test OLM installation	Arrange OLM test installation	2025-05-31T15:15:31.7755973Z #14 15.67   libattr-2.5.1-3.el9.x86_64                                                    
Test OLM installation	Arrange OLM test installation	2025-05-31T15:15:31.7756649Z #14 15.67   libcap-2.48-9.el9_2.x86_64                                                    
Test OLM installation	Arrange OLM test installation	2025-05-31T15:15:31.7757051Z #14 15.67   libcom_err-1.46.5-7.el9.x86_64                                                
Test OLM installation	Arrange OLM test installation	2025-05-31T15:15:31.7757445Z #14 15.67   libevent-2.1.12-8.el9_4.x86_64                                                
Test OLM installation	Arrange OLM test installation	2025-05-31T15:15:31.7757830Z #14 15.67   libffi-3.4.2-8.el9.x86_64                                                     
Test OLM installation	Arrange OLM test installation	2025-05-31T15:15:31.7758202Z #14 15.67   libgcc-11.5.0-5.el9_5.x86_64                                                  
Test OLM installation	Arrange OLM test installation	2025-05-31T15:15:31.7758591Z #14 15.67   libgcrypt-1.10.0-11.el9.x86_64                                                
Test OLM installation	Arrange OLM test installation	2025-05-31T15:15:31.7758992Z #14 15.67   libgpg-error-1.42-5.el9.x86_64                                                
Test OLM installation	Arrange OLM test installation	2025-05-31T15:15:31.7759384Z #14 15.67   libidn2-2.3.0-7.el9.x86_64                                                    
Test OLM installation	Arrange OLM test installation	2025-05-31T15:15:31.7759774Z #14 15.67   libselinux-3.6-3.el9.x86_64                                                   
Test OLM installation	Arrange OLM test installation	2025-05-31T15:15:31.7760307Z #14 15.67   libsepol-3.6-2.el9.x86_64                                                     
Test OLM installation	Arrange OLM test installation	2025-05-31T15:15:31.7760706Z #14 15.67   libsigsegv-2.13-4.el9.x86_64                                                  
Test OLM installation	Arrange OLM test installation	2025-05-31T15:15:31.7761122Z #14 15.67   libtasn1-4.16.0-9.el9.x86_64                                                  
Test OLM installation	Arrange OLM test installation	2025-05-31T15:15:31.7761517Z #14 15.67   libunistring-0.9.10-15.el9.x86_64                                             
Test OLM installation	Arrange OLM test installation	2025-05-31T15:15:31.7761915Z #14 15.67   libuuid-2.37.4-21.el9.x86_64                                                  
Test OLM installation	Arrange OLM test installation	2025-05-31T15:15:31.7762298Z #14 15.67   libverto-0.3.2-3.el9.x86_64                                                   
Test OLM installation	Arrange OLM test installation	2025-05-31T15:15:31.7762686Z #14 15.67   libxcrypt-4.4.18-3.el9.x86_64                                                 
Test OLM installation	Arrange OLM test installation	2025-05-31T15:15:31.7763194Z #14 15.67   libzstd-1.5.5-1.el9.x86_64                                                    
Test OLM installation	Arrange OLM test installation	2025-05-31T15:15:31.7763591Z #14 15.67   lksctp-tools-1.0.19-3.el9_4.x86_64                                            
Test OLM installation	Arrange OLM test installation	2025-05-31T15:15:31.7763975Z #14 15.67   lua-5.4.4-4.el9.x86_64                                                        
Test OLM installation	Arrange OLM test installation	2025-05-31T15:15:31.7764344Z #14 15.67   lua-libs-5.4.4-4.el9.x86_64                                                   
Test OLM installation	Arrange OLM test installation	2025-05-31T15:15:31.7764727Z #14 15.67   lua-posix-35.0-8.el9.x86_64                                                   
Test OLM installation	Arrange OLM test installation	2025-05-31T15:15:31.7765107Z #14 15.67   lz4-libs-1.9.3-5.el9.x86_64                                                   
Test OLM installation	Arrange OLM test installation	2025-05-31T15:15:31.7765478Z #14 15.67   mpfr-4.1.0-7.el9.x86_64                                                       
Test OLM installation	Arrange OLM test installation	2025-05-31T15:15:31.7765885Z #14 15.67   ncurses-base-6.2-10.20210508.el9.noarch                                       
Test OLM installation	Arrange OLM test installation	2025-05-31T15:15:31.7766637Z #14 15.67   ncurses-libs-6.2-10.20210508.el9.x86_64                                       
Test OLM installation	Arrange OLM test installation	2025-05-31T15:15:31.7767058Z #14 15.67   nettle-3.10.1-1.el9.x86_64                                                    
Test OLM installation	Arrange OLM test installation	2025-05-31T15:15:31.7767523Z #14 15.67   nspr-4.35.0-17.el9_2.x86_64                                                   
Test OLM installation	Arrange OLM test installation	2025-05-31T15:15:31.7767968Z #14 15.67   nss-3.101.0-10.el9_2.x86_64                                                   
Test OLM installation	Arrange OLM test installation	2025-05-31T15:15:31.7768361Z #14 15.67   nss-softokn-3.101.0-10.el9_2.x86_64                                           
Test OLM installation	Arrange OLM test installation	2025-05-31T15:15:31.7768784Z #14 15.67   nss-softokn-freebl-3.101.0-10.el9_2.x86_64                                    
Test OLM installation	Arrange OLM test installation	2025-05-31T15:15:31.7769209Z #14 15.67   nss-sysinit-3.101.0-10.el9_2.x86_64                                           
Test OLM installation	Arrange OLM test installation	2025-05-31T15:15:31.7769614Z #14 15.67   nss-util-3.101.0-10.el9_2.x86_64                                              
Test OLM installation	Arrange OLM test installation	2025-05-31T15:15:31.7770043Z #14 15.67   openssl-fips-provider-3.0.7-6.el9_5.x86_64                                    
Test OLM installation	Arrange OLM test installation	2025-05-31T15:15:31.7770512Z #14 15.67   openssl-fips-provider-so-3.0.7-6.el9_5.x86_64                                 
Test OLM installation	Arrange OLM test installation	2025-05-31T15:15:31.7770953Z #14 15.67   openssl-libs-1:3.2.2-6.el9_5.1.x86_64                                         
Test OLM installation	Arrange OLM test installation	2025-05-31T15:15:31.7771342Z #14 15.67   p11-kit-0.25.3-3.el9_5.x86_64                                                 
Test OLM installation	Arrange OLM test installation	2025-05-31T15:15:31.7771733Z #14 15.67   p11-kit-trust-0.25.3-3.el9_5.x86_64                                           
Test OLM installation	Arrange OLM test installation	2025-05-31T15:15:31.7772114Z #14 15.67   pcre-8.44-4.el9.x86_64                                                        
Test OLM installation	Arrange OLM test installation	2025-05-31T15:15:31.7772480Z #14 15.67   pcre2-10.40-6.el9.x86_64                                                      
Test OLM installation	Arrange OLM test installation	2025-05-31T15:15:31.7772881Z #14 15.67   pcre2-syntax-10.40-6.el9.noarch                                               
Test OLM installation	Arrange OLM test installation	2025-05-31T15:15:31.7773287Z #14 15.67   python3-3.9.21-2.el9.x86_64                                                   
Test OLM installation	Arrange OLM test installation	2025-05-31T15:15:31.7773683Z #14 15.67   python3-libs-3.9.21-2.el9.x86_64                                              
Test OLM installation	Arrange OLM test installation	2025-05-31T15:15:31.7774116Z #14 15.67   python3-pip-wheel-21.3.1-1.el9.noarch                                         
Test OLM installation	Arrange OLM test installation	2025-05-31T15:15:31.7774746Z #14 15.67   python3-setuptools-wheel-53.0.0-13.el9.noarch                                 
Test OLM installation	Arrange OLM test installation	2025-05-31T15:15:31.7775184Z #14 15.67   readline-8.1-4.el9.x86_64                                                     
Test OLM installation	Arrange OLM test installation	2025-05-31T15:15:31.7775587Z #14 15.67   redhat-release-9.6-0.1.el9.x86_64                                             
Test OLM installation	Arrange OLM test installation	2025-05-31T15:15:31.7775970Z #14 15.67   sed-4.8-9.el9.x86_64                                                          
Test OLM installation	Arrange OLM test installation	2025-05-31T15:15:31.7776501Z #14 15.67   setup-2.13.7-10.el9.noarch                                                    
Test OLM installation	Arrange OLM test installation	2025-05-31T15:15:31.7776896Z #14 15.67   sqlite-libs-3.34.1-7.el9_3.x86_64                                             
Test OLM installation	Arrange OLM test installation	2025-05-31T15:15:31.7777309Z #14 15.67   systemd-libs-252-51.el9.x86_64                                                
Test OLM installation	Arrange OLM test installation	2025-05-31T15:15:31.7777722Z #14 15.67   tzdata-2025b-1.el9.noarch                                                     
Test OLM installation	Arrange OLM test installation	2025-05-31T15:15:31.7778484Z #14 15.67   tzdata-java-2025b-1.el9.noarch                                                
Test OLM installation	Arrange OLM test installation	2025-05-31T15:15:31.7779054Z #14 15.67   xz-libs-5.2.5-8.el9_0.x86_64                                                  
Test OLM installation	Arrange OLM test installation	2025-05-31T15:15:31.7779434Z #14 15.67   zlib-1.2.11-40.el9.x86_64                                                     
Test OLM installation	Arrange OLM test installation	2025-05-31T15:15:31.7779823Z #14 15.67 
Test OLM installation	Arrange OLM test installation	2025-05-31T15:15:31.7780035Z #14 15.67 Complete!
Test OLM installation	Arrange OLM test installation	2025-05-31T15:15:31.7780285Z #14 15.78 + dnf --installroot /tmp/null/rootfs clean all
Test OLM installation	Arrange OLM test installation	2025-05-31T15:15:31.9988500Z #14 16.01 Updating Subscription Management repositories.
Test OLM installation	Arrange OLM test installation	2025-05-31T15:15:32.1982737Z #14 16.01 Unable to read consumer identity
Test OLM installation	Arrange OLM test installation	2025-05-31T15:15:32.1983105Z #14 16.01 
Test OLM installation	Arrange OLM test installation	2025-05-31T15:15:32.1983524Z #14 16.01 This system is not registered with an entitlement server. You can use subscription-manager to register.
Test OLM installation	Arrange OLM test installation	2025-05-31T15:15:32.1983968Z #14 16.01 
Test OLM installation	Arrange OLM test installation	2025-05-31T15:15:32.1984171Z #14 16.02 26 files removed
Test OLM installation	Arrange OLM test installation	2025-05-31T15:15:32.1985146Z #14 16.05 + rm -rf /tmp/null/rootfs/var/cache/bpf /tmp/null/rootfs/var/cache/dnf /tmp/null/rootfs/var/cache/ldconfig /tmp/null/rootfs/var/log/dnf.librepo.log /tmp/null/rootfs/var/log/dnf.log /tmp/null/rootfs/var/log/dnf.rpm.log '/tmp/null/rootfs/var/log/yum.*'
Test OLM installation	Arrange OLM test installation	2025-05-31T15:15:32.1986622Z #14 16.06 ==> Building dependency tree
Test OLM installation	Arrange OLM test installation	2025-05-31T15:15:32.4421014Z #14 16.45 ==> 42 packages to erase:
Test OLM installation	Arrange OLM test installation	2025-05-31T15:15:32.5977815Z #14 16.45 alsa-lib
Test OLM installation	Arrange OLM test installation	2025-05-31T15:15:32.5978255Z #14 16.45 avahi-libs
Test OLM installation	Arrange OLM test installation	2025-05-31T15:15:32.5978614Z #14 16.45 bzip2-libs
Test OLM installation	Arrange OLM test installation	2025-05-31T15:15:32.5978970Z #14 16.45 copy-jdk-configs
Test OLM installation	Arrange OLM test installation	2025-05-31T15:15:32.5979349Z #14 16.45 cups-libs
Test OLM installation	Arrange OLM test installation	2025-05-31T15:15:32.5979667Z #14 16.45 dbus-libs
Test OLM installation	Arrange OLM test installation	2025-05-31T15:15:32.5979982Z #14 16.45 expat
Test OLM installation	Arrange OLM test installation	2025-05-31T15:15:32.5980284Z #14 16.45 gawk
Test OLM installation	Arrange OLM test installation	2025-05-31T15:15:32.5980587Z #14 16.45 gdbm-libs
Test OLM installation	Arrange OLM test installation	2025-05-31T15:15:32.5980897Z #14 16.45 gmp
Test OLM installation	Arrange OLM test installation	2025-05-31T15:15:32.5981195Z #14 16.45 gnutls
Test OLM installation	Arrange OLM test installation	2025-05-31T15:15:32.5981507Z #14 16.45 gpg-pubkey
Test OLM installation	Arrange OLM test installation	2025-05-31T15:15:32.5981881Z #14 16.45 keyutils-libs
Test OLM installation	Arrange OLM test installation	2025-05-31T15:15:32.5982210Z #14 16.45 krb5-libs
Test OLM installation	Arrange OLM test installation	2025-05-31T15:15:32.5982545Z #14 16.45 libcom_err
Test OLM installation	Arrange OLM test installation	2025-05-31T15:15:32.5982863Z #14 16.45 libevent
Test OLM installation	Arrange OLM test installation	2025-05-31T15:15:32.5983167Z #14 16.45 libffi
Test OLM installation	Arrange OLM test installation	2025-05-31T15:15:32.5983457Z #14 16.45 libgcrypt
Test OLM installation	Arrange OLM test installation	2025-05-31T15:15:32.5983766Z #14 16.45 libgpg-error
Test OLM installation	Arrange OLM test installation	2025-05-31T15:15:32.5984082Z #14 16.45 libidn2
Test OLM installation	Arrange OLM test installation	2025-05-31T15:15:32.5984380Z #14 16.45 libunistring
Test OLM installation	Arrange OLM test installation	2025-05-31T15:15:32.5984692Z #14 16.45 libuuid
Test OLM installation	Arrange OLM test installation	2025-05-31T15:15:32.5984978Z #14 16.45 libverto
Test OLM installation	Arrange OLM test installation	2025-05-31T15:15:32.5985269Z #14 16.45 libxcrypt
Test OLM installation	Arrange OLM test installation	2025-05-31T15:15:32.5985563Z #14 16.45 libzstd
Test OLM installation	Arrange OLM test installation	2025-05-31T15:15:32.5985856Z #14 16.45 lua
Test OLM installation	Arrange OLM test installation	2025-05-31T15:15:32.5986352Z #14 16.45 lua-libs
Test OLM installation	Arrange OLM test installation	2025-05-31T15:15:32.5986668Z #14 16.45 lua-posix
Test OLM installation	Arrange OLM test installation	2025-05-31T15:15:32.5986982Z #14 16.45 lz4-libs
Test OLM installation	Arrange OLM test installation	2025-05-31T15:15:32.5987288Z #14 16.45 mpfr
Test OLM installation	Arrange OLM test installation	2025-05-31T15:15:32.5987581Z #14 16.45 nettle
Test OLM installation	Arrange OLM test installation	2025-05-31T15:15:32.5987920Z #14 16.45 openssl-fips-provider
Test OLM installation	Arrange OLM test installation	2025-05-31T15:15:32.5988345Z #14 16.45 openssl-fips-provider-so
Test OLM installation	Arrange OLM test installation	2025-05-31T15:15:32.5988775Z #14 16.45 openssl-libs
Test OLM installation	Arrange OLM test installation	2025-05-31T15:15:32.5989462Z #14 16.45 p11-kit
Test OLM installation	Arrange OLM test installation	2025-05-31T15:15:32.5989808Z #14 16.45 python3
Test OLM installation	Arrange OLM test installation	2025-05-31T15:15:32.5990128Z #14 16.45 python3-libs
Test OLM installation	Arrange OLM test installation	2025-05-31T15:15:32.5990488Z #14 16.45 python3-pip-wheel
Test OLM installation	Arrange OLM test installation	2025-05-31T15:15:32.5990892Z #14 16.45 python3-setuptools-wheel
Test OLM installation	Arrange OLM test installation	2025-05-31T15:15:32.5991297Z #14 16.45 readline
Test OLM installation	Arrange OLM test installation	2025-05-31T15:15:32.5991613Z #14 16.45 systemd-libs
Test OLM installation	Arrange OLM test installation	2025-05-31T15:15:32.5991938Z #14 16.45 xz-libs
Test OLM installation	Arrange OLM test installation	2025-05-31T15:15:32.5992265Z #14 16.45 ==> 43 packages to keep:
Test OLM installation	Arrange OLM test installation	2025-05-31T15:15:32.5992657Z #14 16.45 alternatives
Test OLM installation	Arrange OLM test installation	2025-05-31T15:15:32.5992983Z #14 16.45 basesystem
Test OLM installation	Arrange OLM test installation	2025-05-31T15:15:32.5993286Z #14 16.45 bash
Test OLM installation	Arrange OLM test installation	2025-05-31T15:15:32.5993602Z #14 16.45 ca-certificates
Test OLM installation	Arrange OLM test installation	2025-05-31T15:15:32.5993970Z #14 16.45 coreutils-single
Test OLM installation	Arrange OLM test installation	2025-05-31T15:15:32.5994342Z #14 16.45 crypto-policies
Test OLM installation	Arrange OLM test installation	2025-05-31T15:15:32.5994726Z #14 16.45 crypto-policies-scripts
Test OLM installation	Arrange OLM test installation	2025-05-31T15:15:32.5995122Z #14 16.45 filesystem
Test OLM installation	Arrange OLM test installation	2025-05-31T15:15:32.5995441Z #14 16.45 findutils
Test OLM installation	Arrange OLM test installation	2025-05-31T15:15:32.5996010Z #14 16.45 glibc
Test OLM installation	Arrange OLM test installation	2025-05-31T15:15:32.5996663Z #14 16.45 glibc-common
Test OLM installation	Arrange OLM test installation	2025-05-31T15:15:32.5997037Z #14 16.45 glibc-langpack-en
Test OLM installation	Arrange OLM test installation	2025-05-31T15:15:32.5997400Z #14 16.45 grep
Test OLM installation	Arrange OLM test installation	2025-05-31T15:15:32.5997725Z #14 16.45 java-21-openjdk-headless
Test OLM installation	Arrange OLM test installation	2025-05-31T15:15:32.5998145Z #14 16.45 javapackages-filesystem
Test OLM installation	Arrange OLM test installation	2025-05-31T15:15:32.5998538Z #14 16.45 libacl
Test OLM installation	Arrange OLM test installation	2025-05-31T15:15:32.5998842Z #14 16.45 libattr
Test OLM installation	Arrange OLM test installation	2025-05-31T15:15:32.5999140Z #14 16.45 libcap
Test OLM installation	Arrange OLM test installation	2025-05-31T15:15:32.5999439Z #14 16.45 libgcc
Test OLM installation	Arrange OLM test installation	2025-05-31T15:15:32.5999743Z #14 16.45 libselinux
Test OLM installation	Arrange OLM test installation	2025-05-31T15:15:32.6000066Z #14 16.45 libsepol
Test OLM installation	Arrange OLM test installation	2025-05-31T15:15:32.6000373Z #14 16.45 libsigsegv
Test OLM installation	Arrange OLM test installation	2025-05-31T15:15:32.6000681Z #14 16.45 libtasn1
Test OLM installation	Arrange OLM test installation	2025-05-31T15:15:32.6000998Z #14 16.45 lksctp-tools
Test OLM installation	Arrange OLM test installation	2025-05-31T15:15:32.6001330Z #14 16.45 ncurses-base
Test OLM installation	Arrange OLM test installation	2025-05-31T15:15:32.6001646Z #14 16.45 ncurses-libs
Test OLM installation	Arrange OLM test installation	2025-05-31T15:15:32.6001962Z #14 16.45 nspr
Test OLM installation	Arrange OLM test installation	2025-05-31T15:15:32.6002255Z #14 16.45 nss
Test OLM installation	Arrange OLM test installation	2025-05-31T15:15:32.6002550Z #14 16.45 nss-softokn
Test OLM installation	Arrange OLM test installation	2025-05-31T15:15:32.6002907Z #14 16.45 nss-softokn-freebl
Test OLM installation	Arrange OLM test installation	2025-05-31T15:15:32.6003281Z #14 16.45 nss-sysinit
Test OLM installation	Arrange OLM test installation	2025-05-31T15:15:32.6003598Z #14 16.45 nss-util
Test OLM installation	Arrange OLM test installation	2025-05-31T15:15:32.6003911Z #14 16.45 p11-kit-trust
Test OLM installation	Arrange OLM test installation	2025-05-31T15:15:32.6004239Z #14 16.45 pcre
Test OLM installation	Arrange OLM test installation	2025-05-31T15:15:32.6004537Z #14 16.45 pcre2
Test OLM installation	Arrange OLM test installation	2025-05-31T15:15:32.6004845Z #14 16.45 pcre2-syntax
Test OLM installation	Arrange OLM test installation	2025-05-31T15:15:32.6005182Z #14 16.45 redhat-release
Test OLM installation	Arrange OLM test installation	2025-05-31T15:15:32.6005525Z #14 16.45 sed
Test OLM installation	Arrange OLM test installation	2025-05-31T15:15:32.6005816Z #14 16.45 setup
Test OLM installation	Arrange OLM test installation	2025-05-31T15:15:32.6006120Z #14 16.45 sqlite-libs
Test OLM installation	Arrange OLM test installation	2025-05-31T15:15:32.6006633Z #14 16.45 tzdata
Test OLM installation	Arrange OLM test installation	2025-05-31T15:15:32.6006927Z #14 16.45 tzdata-java
Test OLM installation	Arrange OLM test installation	2025-05-31T15:15:32.6007228Z #14 16.45 zlib
Test OLM installation	Arrange OLM test installation	2025-05-31T15:15:32.6007497Z #14 16.46 
Test OLM installation	Arrange OLM test installation	2025-05-31T15:15:32.6007768Z #14 16.46 ==> Erasing packages
Test OLM installation	Arrange OLM test installation	2025-05-31T15:15:32.6008271Z #14 16.46 + xargs rpm -r /tmp/null/rootfs --erase --nodeps --allmatches
Test OLM installation	Arrange OLM test installation	2025-05-31T15:15:32.7454476Z #14 16.75 
Test OLM installation	Arrange OLM test installation	2025-05-31T15:15:32.7455563Z #14 16.75 ==> Packages erased ok!
Test OLM installation	Arrange OLM test installation	2025-05-31T15:15:32.9204599Z #14 DONE 16.8s
Test OLM installation	Arrange OLM test installation	2025-05-31T15:15:34.2200812Z 
Test OLM installation	Arrange OLM test installation	2025-05-31T15:15:34.2201400Z #15 [stage-1 2/4] COPY --from=ubi-micro-build /tmp/null/rootfs/ /
Test OLM installation	Arrange OLM test installation	2025-05-31T15:15:35.4057378Z #15 DONE 1.2s
Test OLM installation	Arrange OLM test installation	2025-05-31T15:15:35.5570578Z 
Test OLM installation	Arrange OLM test installation	2025-05-31T15:15:35.5571374Z #16 [stage-1 3/4] COPY --from=ubi-micro-build --chown=1000:0 /opt/keycloak /opt/keycloak
Test OLM installation	Arrange OLM test installation	2025-05-31T15:15:35.8406777Z #16 DONE 0.4s
Test OLM installation	Arrange OLM test installation	2025-05-31T15:15:35.9480860Z 
Test OLM installation	Arrange OLM test installation	2025-05-31T15:15:35.9483528Z #17 [stage-1 4/4] RUN echo "keycloak:x:0:root" >> /etc/group &&     echo "keycloak:x:1000:0:keycloak user:/opt/keycloak:/sbin/nologin" >> /etc/passwd
Test OLM installation	Arrange OLM test installation	2025-05-31T15:15:35.9484451Z #17 DONE 0.1s
Test OLM installation	Arrange OLM test installation	2025-05-31T15:15:36.1000123Z 
Test OLM installation	Arrange OLM test installation	2025-05-31T15:15:36.1000950Z #18 exporting to image
Test OLM installation	Arrange OLM test installation	2025-05-31T15:15:36.1001697Z #18 exporting layers
Test OLM installation	Arrange OLM test installation	2025-05-31T15:15:37.3591307Z #18 exporting layers 1.4s done
Test OLM installation	Arrange OLM test installation	2025-05-31T15:15:37.3727508Z #18 writing image sha256:c1c384d6b3871494b213754209230635dd7dabc5677e3d1259bedefc220826e0 done
Test OLM installation	Arrange OLM test installation	2025-05-31T15:15:37.3728364Z #18 naming to ttl.sh/ee4e2ekeycloak:86400000.0.0 done
Test OLM installation	Arrange OLM test installation	2025-05-31T15:15:37.3730158Z #18 DONE 1.4s
Test OLM installation	Arrange OLM test installation	2025-05-31T15:15:37.3781941Z + docker push ttl.sh/ee4e2ekeycloak:86400000.0.0
Test OLM installation	Arrange OLM test installation	2025-05-31T15:15:37.7365885Z The push refers to repository [ttl.sh/ee4e2ekeycloak]
Test OLM installation	Arrange OLM test installation	2025-05-31T15:15:37.9211802Z 843304d8291d: Preparing
Test OLM installation	Arrange OLM test installation	2025-05-31T15:15:37.9212383Z d6b4c3c1f3d9: Preparing
Test OLM installation	Arrange OLM test installation	2025-05-31T15:15:37.9212734Z aefb63c8df39: Preparing
Test OLM installation	Arrange OLM test installation	2025-05-31T15:15:37.9213068Z ef3cb51dff21: Preparing
Test OLM installation	Arrange OLM test installation	2025-05-31T15:15:41.3865594Z 843304d8291d: Pushed
Test OLM installation	Arrange OLM test installation	2025-05-31T15:15:52.0915455Z ef3cb51dff21: Pushed
Test OLM installation	Arrange OLM test installation	2025-05-31T15:17:08.6245409Z error parsing HTTP 499 response body: invalid character '<' looking for beginning of value: "<!DOCTYPE html>\n<html>\n  <head>\n    <meta name=\"viewport\" content=\"width=device-width, initial-scale=1\">\n    <meta charset=\"utf-8\">\n    <title>Application Error</title>\n    <style media=\"screen\">\n      html,body,iframe {\n        margin: 0;\n        padding: 0;\n      }\n\n      html,body {\n        height: 100%;\n        overflow: hidden;\n      }\n\n      iframe {\n        width: 100%;\n        height: 100%;\n        border: 0;\n      }\n    </style>\n  </head>\n  <body>\n    <iframe src=\"https://www.herokucdn.com/error-pages/application-error.html\"></iframe>\n  </body>\n</html>"
Test OLM installation	Arrange OLM test installation	2025-05-31T15:17:08.6275618Z ##[error]Process completed with exit code 1.
Status Check - Keycloak Operator CI	Run /./.github/actions/status-check	2025-05-31T15:41:17.9428946Z Prepare all required actions
Status Check - Keycloak Operator CI	Run /./.github/actions/status-check	2025-05-31T15:41:17.9502375Z ##[group]Run ./.github/actions/status-check
Status Check - Keycloak Operator CI	Run /./.github/actions/status-check	2025-05-31T15:41:17.9502704Z with:
Status Check - Keycloak Operator CI	Run /./.github/actions/status-check	2025-05-31T15:41:17.9503536Z   jobs: {
Status Check - Keycloak Operator CI	Run /./.github/actions/status-check	  "conditional": {
Status Check - Keycloak Operator CI	Run /./.github/actions/status-check	    "result": "success",
Status Check - Keycloak Operator CI	Run /./.github/actions/status-check	    "outputs": {
Status Check - Keycloak Operator CI	Run /./.github/actions/status-check	      "operator": "true"
Status Check - Keycloak Operator CI	Run /./.github/actions/status-check	    }
Status Check - Keycloak Operator CI	Run /./.github/actions/status-check	  },
Status Check - Keycloak Operator CI	Run /./.github/actions/status-check	  "build": {
Status Check - Keycloak Operator CI	Run /./.github/actions/status-check	    "result": "success",
Status Check - Keycloak Operator CI	Run /./.github/actions/status-check	    "outputs": {}
Status Check - Keycloak Operator CI	Run /./.github/actions/status-check	  },
Status Check - Keycloak Operator CI	Run /./.github/actions/status-check	  "test-local-apiserver": {
Status Check - Keycloak Operator CI	Run /./.github/actions/status-check	    "result": "success",
Status Check - Keycloak Operator CI	Run /./.github/actions/status-check	    "outputs": {}
Status Check - Keycloak Operator CI	Run /./.github/actions/status-check	  },
Status Check - Keycloak Operator CI	Run /./.github/actions/status-check	  "test-remote": {
Status Check - Keycloak Operator CI	Run /./.github/actions/status-check	    "result": "success",
Status Check - Keycloak Operator CI	Run /./.github/actions/status-check	    "outputs": {}
Status Check - Keycloak Operator CI	Run /./.github/actions/status-check	  },
Status Check - Keycloak Operator CI	Run /./.github/actions/status-check	  "test-olm": {
Status Check - Keycloak Operator CI	Run /./.github/actions/status-check	    "result": "failure",
Status Check - Keycloak Operator CI	Run /./.github/actions/status-check	    "outputs": {}
Status Check - Keycloak Operator CI	Run /./.github/actions/status-check	  }
Status Check - Keycloak Operator CI	Run /./.github/actions/status-check	}
Status Check - Keycloak Operator CI	Run /./.github/actions/status-check	2025-05-31T15:41:17.9504483Z env:
Status Check - Keycloak Operator CI	Run /./.github/actions/status-check	2025-05-31T15:41:17.9504763Z   MAVEN_ARGS: -B -nsu -Daether.connector.http.connectionMaxTtl=25
Status Check - Keycloak Operator CI	Run /./.github/actions/status-check	2025-05-31T15:41:17.9586119Z   MINIKUBE_VERSION: v1.32.0
Status Check - Keycloak Operator CI	Run /./.github/actions/status-check	2025-05-31T15:41:17.9586640Z   KUBERNETES_VERSION: v1.27.10
Status Check - Keycloak Operator CI	Run /./.github/actions/status-check	2025-05-31T15:41:17.9587035Z   MINIKUBE_MEMORY: 4096
Status Check - Keycloak Operator CI	Run /./.github/actions/status-check	2025-05-31T15:41:17.9587384Z ##[endgroup]
Status Check - Keycloak Operator CI	Run /./.github/actions/status-check	2025-05-31T15:41:17.9699874Z ##[group]Run JOBS='{
Status Check - Keycloak Operator CI	Run /./.github/actions/status-check	2025-05-31T15:41:17.9700191Z [36;1mJOBS='{[0m
Status Check - Keycloak Operator CI	Run /./.github/actions/status-check	2025-05-31T15:41:17.9700408Z [36;1m  "conditional": {[0m
Status Check - Keycloak Operator CI	Run /./.github/actions/status-check	2025-05-31T15:41:17.9700697Z [36;1m    "result": "success",[0m
Status Check - Keycloak Operator CI	Run /./.github/actions/status-check	2025-05-31T15:41:17.9700951Z [36;1m    "outputs": {[0m
Status Check - Keycloak Operator CI	Run /./.github/actions/status-check	2025-05-31T15:41:17.9701180Z [36;1m      "operator": "true"[0m
Status Check - Keycloak Operator CI	Run /./.github/actions/status-check	2025-05-31T15:41:17.9701411Z [36;1m    }[0m
Status Check - Keycloak Operator CI	Run /./.github/actions/status-check	2025-05-31T15:41:17.9701595Z [36;1m  },[0m
Status Check - Keycloak Operator CI	Run /./.github/actions/status-check	2025-05-31T15:41:17.9701783Z [36;1m  "build": {[0m
Status Check - Keycloak Operator CI	Run /./.github/actions/status-check	2025-05-31T15:41:17.9701985Z [36;1m    "result": "success",[0m
Status Check - Keycloak Operator CI	Run /./.github/actions/status-check	2025-05-31T15:41:17.9702224Z [36;1m    "outputs": {}[0m
Status Check - Keycloak Operator CI	Run /./.github/actions/status-check	2025-05-31T15:41:17.9702443Z [36;1m  },[0m
Status Check - Keycloak Operator CI	Run /./.github/actions/status-check	2025-05-31T15:41:17.9702649Z [36;1m  "test-local-apiserver": {[0m
Status Check - Keycloak Operator CI	Run /./.github/actions/status-check	2025-05-31T15:41:17.9702908Z [36;1m    "result": "success",[0m
Status Check - Keycloak Operator CI	Run /./.github/actions/status-check	2025-05-31T15:41:17.9703147Z [36;1m    "outputs": {}[0m
Status Check - Keycloak Operator CI	Run /./.github/actions/status-check	2025-05-31T15:41:17.9703358Z [36;1m  },[0m
Status Check - Keycloak Operator CI	Run /./.github/actions/status-check	2025-05-31T15:41:17.9703548Z [36;1m  "test-remote": {[0m
Status Check - Keycloak Operator CI	Run /./.github/actions/status-check	2025-05-31T15:41:17.9703774Z [36;1m    "result": "success",[0m
Status Check - Keycloak Operator CI	Run /./.github/actions/status-check	2025-05-31T15:41:17.9704004Z [36;1m    "outputs": {}[0m
Status Check - Keycloak Operator CI	Run /./.github/actions/status-check	2025-05-31T15:41:17.9704205Z [36;1m  },[0m
Status Check - Keycloak Operator CI	Run /./.github/actions/status-check	2025-05-31T15:41:17.9704392Z [36;1m  "test-olm": {[0m
Status Check - Keycloak Operator CI	Run /./.github/actions/status-check	2025-05-31T15:41:17.9704617Z [36;1m    "result": "failure",[0m
Status Check - Keycloak Operator CI	Run /./.github/actions/status-check	2025-05-31T15:41:17.9704850Z [36;1m    "outputs": {}[0m
Status Check - Keycloak Operator CI	Run /./.github/actions/status-check	2025-05-31T15:41:17.9705059Z [36;1m  }[0m
Status Check - Keycloak Operator CI	Run /./.github/actions/status-check	2025-05-31T15:41:17.9705231Z [36;1m}'[0m
Status Check - Keycloak Operator CI	Run /./.github/actions/status-check	2025-05-31T15:41:17.9705409Z [36;1m[0m
Status Check - Keycloak Operator CI	Run /./.github/actions/status-check	2025-05-31T15:41:17.9705598Z [36;1mecho "Job status:"[0m
Status Check - Keycloak Operator CI	Run /./.github/actions/status-check	2025-05-31T15:41:17.9705957Z [36;1mecho $JOBS | jq -r 'to_entries[] | " - \(.key): \(.value.result)"'[0m
Status Check - Keycloak Operator CI	Run /./.github/actions/status-check	2025-05-31T15:41:17.9706285Z [36;1m[0m
Status Check - Keycloak Operator CI	Run /./.github/actions/status-check	2025-05-31T15:41:17.9706533Z [36;1mfor i in $(echo $JOBS | jq -r 'to_entries[] | .value.result'); do[0m
Status Check - Keycloak Operator CI	Run /./.github/actions/status-check	2025-05-31T15:41:17.9706906Z [36;1m  if [ "$i" != "success" ] && [ "$i" != "skipped" ]; then[0m
Status Check - Keycloak Operator CI	Run /./.github/actions/status-check	2025-05-31T15:41:17.9707202Z [36;1m    echo ""[0m
Status Check - Keycloak Operator CI	Run /./.github/actions/status-check	2025-05-31T15:41:17.9707431Z [36;1m    echo "Status check not okay!"[0m
Status Check - Keycloak Operator CI	Run /./.github/actions/status-check	2025-05-31T15:41:17.9707678Z [36;1m    exit 1[0m
Status Check - Keycloak Operator CI	Run /./.github/actions/status-check	2025-05-31T15:41:17.9707868Z [36;1m  fi[0m
Status Check - Keycloak Operator CI	Run /./.github/actions/status-check	2025-05-31T15:41:17.9708040Z [36;1mdone[0m
Status Check - Keycloak Operator CI	Run /./.github/actions/status-check	2025-05-31T15:41:17.9872254Z shell: /usr/bin/bash --noprofile --norc -e -o pipefail {0}
Status Check - Keycloak Operator CI	Run /./.github/actions/status-check	2025-05-31T15:41:17.9872641Z env:
Status Check - Keycloak Operator CI	Run /./.github/actions/status-check	2025-05-31T15:41:17.9872982Z   MAVEN_ARGS: -B -nsu -Daether.connector.http.connectionMaxTtl=25
Status Check - Keycloak Operator CI	Run /./.github/actions/status-check	2025-05-31T15:41:17.9873332Z   MINIKUBE_VERSION: v1.32.0
Status Check - Keycloak Operator CI	Run /./.github/actions/status-check	2025-05-31T15:41:17.9873577Z   KUBERNETES_VERSION: v1.27.10
Status Check - Keycloak Operator CI	Run /./.github/actions/status-check	2025-05-31T15:41:17.9873840Z   MINIKUBE_MEMORY: 4096
Status Check - Keycloak Operator CI	Run /./.github/actions/status-check	2025-05-31T15:41:17.9874079Z ##[endgroup]
Status Check - Keycloak Operator CI	Run /./.github/actions/status-check	2025-05-31T15:41:17.9965675Z Job status:
Status Check - Keycloak Operator CI	Run /./.github/actions/status-check	2025-05-31T15:41:18.0051779Z  - conditional: success
Status Check - Keycloak Operator CI	Run /./.github/actions/status-check	2025-05-31T15:41:18.0052156Z  - build: success
Status Check - Keycloak Operator CI	Run /./.github/actions/status-check	2025-05-31T15:41:18.0052414Z  - test-local-apiserver: success
Status Check - Keycloak Operator CI	Run /./.github/actions/status-check	2025-05-31T15:41:18.0052684Z  - test-remote: success
Status Check - Keycloak Operator CI	Run /./.github/actions/status-check	2025-05-31T15:41:18.0052909Z  - test-olm: failure
Status Check - Keycloak Operator CI	Run /./.github/actions/status-check	2025-05-31T15:41:18.0087084Z 
Status Check - Keycloak Operator CI	Run /./.github/actions/status-check	2025-05-31T15:41:18.0087457Z Status check not okay!
Status Check - Keycloak Operator CI	Run /./.github/actions/status-check	2025-05-31T15:41:18.0101020Z ##[error]Process completed with exit code 1.
