WebAuthn IT (firefox)	Run WebAuthn IT	2024-08-14T10:58:36.9342187Z ##[group]Run TESTS=`testsuite/integration-arquillian/tests/base/testsuites/suite.sh webauthn`
WebAuthn IT (firefox)	Run WebAuthn IT	2024-08-14T10:58:36.9343206Z [36;1mTESTS=`testsuite/integration-arquillian/tests/base/testsuites/suite.sh webauthn`[0m
WebAuthn IT (firefox)	Run WebAuthn IT	2024-08-14T10:58:36.9343992Z [36;1mecho "Tests: $TESTS"[0m
WebAuthn IT (firefox)	Run WebAuthn IT	2024-08-14T10:58:36.9345850Z [36;1m./mvnw test -Dsurefire.rerunFailingTestsCount=2 -Pauth-server-quarkus -Dtest=$TESTS -Dbrowser=firefox "-Dwebdriver.chrome.driver=$CHROMEWEBDRIVER/chromedriver" "-Dwebdriver.gecko.driver=$GECKOWEBDRIVER/geckodriver" -pl testsuite/integration-arquillian/tests/base 2>&1 | misc/log/trimmer.sh[0m
WebAuthn IT (firefox)	Run WebAuthn IT	2024-08-14T10:58:36.9411169Z shell: /usr/bin/bash --noprofile --norc -e -o pipefail {0}
WebAuthn IT (firefox)	Run WebAuthn IT	2024-08-14T10:58:36.9411700Z env:
WebAuthn IT (firefox)	Run WebAuthn IT	2024-08-14T10:58:36.9412262Z   MAVEN_ARGS: -B -nsu -Daether.connector.http.connectionMaxTtl=25
WebAuthn IT (firefox)	Run WebAuthn IT	2024-08-14T10:58:36.9412838Z   SUREFIRE_RERUN_FAILING_COUNT: 2
WebAuthn IT (firefox)	Run WebAuthn IT	2024-08-14T10:58:36.9413342Z   SUREFIRE_RETRY: -Dsurefire.rerunFailingTestsCount=2
WebAuthn IT (firefox)	Run WebAuthn IT	2024-08-14T10:58:36.9414080Z   JAVA_HOME: /opt/hostedtoolcache/Java_Temurin-Hotspot_jdk/21.0.4-7/x64
WebAuthn IT (firefox)	Run WebAuthn IT	2024-08-14T10:58:36.9414866Z   JAVA_HOME_21_X64: /opt/hostedtoolcache/Java_Temurin-Hotspot_jdk/21.0.4-7/x64
WebAuthn IT (firefox)	Run WebAuthn IT	2024-08-14T10:58:36.9415514Z ##[endgroup]
WebAuthn IT (firefox)	Run WebAuthn IT	2024-08-14T10:58:36.9589430Z Tests: org.keycloak.testsuite.webauthn.**
WebAuthn IT (firefox)	Run WebAuthn IT	2024-08-14T10:58:39.4894400Z -- [INFO] Loading cache configuration from /home/runner/work/keycloak/keycloak/.mvn/maven-build-cache-config.xml
WebAuthn IT (firefox)	Run WebAuthn IT	2024-08-14T10:58:39.5056486Z -- [INFO] Scanning for projects...
WebAuthn IT (firefox)	Run WebAuthn IT	2024-08-14T10:58:40.3450726Z -- [INFO] 
WebAuthn IT (firefox)	Run WebAuthn IT	2024-08-14T10:58:40.3452212Z -- [INFO] ------< org.keycloak.testsuite:integration-arquillian-tests-base >------
WebAuthn IT (firefox)	Run WebAuthn IT	2024-08-14T10:58:40.3453670Z -- [INFO] Building Base TestSuite 999.0.0-SNAPSHOT
WebAuthn IT (firefox)	Run WebAuthn IT	2024-08-14T10:58:40.3454862Z -- [INFO]   from pom.xml
WebAuthn IT (firefox)	Run WebAuthn IT	2024-08-14T10:58:40.3456045Z -- [INFO] --------------------------------[ jar ]---------------------------------
WebAuthn IT (firefox)	Run WebAuthn IT	2024-08-14T10:58:40.4164136Z -- [WARNING] Parameter 'overWriteIfNewer' is unknown for plugin 'maven-resources-plugin:3.0.1:copy-resources (example-realms)'
WebAuthn IT (firefox)	Run WebAuthn IT	2024-08-14T10:58:41.0611522Z -- [INFO] Artifact org.jboss:jboss-parent:pom:34 is present in the local repository, but cached from a remote repository ID that is unavailable in current build context, verifying that is downloadable from [central (https://repo.maven.apache.org/maven2, default, releases), public-jboss (https://repository.jboss.org/nexus/content/groups/public-jboss/, default, releases+snapshots)]
WebAuthn IT (firefox)	Run WebAuthn IT	2024-08-14T10:58:41.0645045Z -- [INFO] Artifact org.jboss:jboss-parent:pom:34 is present in the local repository, but cached from a remote repository ID that is unavailable in current build context, verifying that is downloadable from [central (https://repo.maven.apache.org/maven2, default, releases), public-jboss (https://repository.jboss.org/nexus/content/groups/public-jboss/, default, releases+snapshots)]
WebAuthn IT (firefox)	Run WebAuthn IT	2024-08-14T10:58:41.7650038Z -- [INFO] Downloading from central: https://repo.maven.apache.org/maven2/org/jboss/jboss-parent/34/jboss-parent-34.pom
WebAuthn IT (firefox)	Run WebAuthn IT	2024-08-14T10:58:42.7120144Z -- [INFO] Downloaded from central: https://repo.maven.apache.org/maven2/org/jboss/jboss-parent/34/jboss-parent-34.pom (0 B at 0 B/s)
WebAuthn IT (firefox)	Run WebAuthn IT	2024-08-14T10:58:42.9125467Z -- [INFO] Artifact org.jboss:jboss-parent:pom:36 is present in the local repository, but cached from a remote repository ID that is unavailable in current build context, verifying that is downloadable from [central (https://repo.maven.apache.org/maven2, default, releases)]
WebAuthn IT (firefox)	Run WebAuthn IT	2024-08-14T10:58:42.9130097Z -- [INFO] Artifact org.jboss:jboss-parent:pom:36 is present in the local repository, but cached from a remote repository ID that is unavailable in current build context, verifying that is downloadable from [central (https://repo.maven.apache.org/maven2, default, releases)]
WebAuthn IT (firefox)	Run WebAuthn IT	2024-08-14T10:58:42.9143384Z -- [INFO] Downloading from central: https://repo.maven.apache.org/maven2/org/jboss/jboss-parent/36/jboss-parent-36.pom
WebAuthn IT (firefox)	Run WebAuthn IT	2024-08-14T10:58:42.9218848Z -- [INFO] Downloaded from central: https://repo.maven.apache.org/maven2/org/jboss/jboss-parent/36/jboss-parent-36.pom (0 B at 0 B/s)
WebAuthn IT (firefox)	Run WebAuthn IT	2024-08-14T10:58:43.4971284Z -- [INFO] Artifact org.jboss:jboss-parent:pom:44 is present in the local repository, but cached from a remote repository ID that is unavailable in current build context, verifying that is downloadable from [central (https://repo.maven.apache.org/maven2, default, releases)]
WebAuthn IT (firefox)	Run WebAuthn IT	2024-08-14T10:58:43.5013578Z -- [INFO] Artifact org.jboss:jboss-parent:pom:44 is present in the local repository, but cached from a remote repository ID that is unavailable in current build context, verifying that is downloadable from [central (https://repo.maven.apache.org/maven2, default, releases)]
WebAuthn IT (firefox)	Run WebAuthn IT	2024-08-14T10:58:43.5023137Z -- [INFO] Downloading from central: https://repo.maven.apache.org/maven2/org/jboss/jboss-parent/44/jboss-parent-44.pom
WebAuthn IT (firefox)	Run WebAuthn IT	2024-08-14T10:58:43.5092518Z -- [INFO] Downloaded from central: https://repo.maven.apache.org/maven2/org/jboss/jboss-parent/44/jboss-parent-44.pom (0 B at 0 B/s)
WebAuthn IT (firefox)	Run WebAuthn IT	2024-08-14T10:58:44.0840641Z -- [INFO] 
WebAuthn IT (firefox)	Run WebAuthn IT	2024-08-14T10:58:44.0860435Z -- [INFO] --- enforcer:3.0.0-M3:enforce (enforce-java-version) @ integration-arquillian-tests-base ---
WebAuthn IT (firefox)	Run WebAuthn IT	2024-08-14T10:58:44.2219359Z -- [INFO] 
WebAuthn IT (firefox)	Run WebAuthn IT	2024-08-14T10:58:44.2241009Z -- [INFO] --- enforcer:3.0.0-M3:enforce (enforce-maven-version) @ integration-arquillian-tests-base ---
WebAuthn IT (firefox)	Run WebAuthn IT	2024-08-14T10:58:44.2251698Z -- [INFO] 
WebAuthn IT (firefox)	Run WebAuthn IT	2024-08-14T10:58:44.2255443Z -- [INFO] --- enforcer:3.0.0-M3:enforce (enforce-maven) @ integration-arquillian-tests-base ---
WebAuthn IT (firefox)	Run WebAuthn IT	2024-08-14T10:58:44.2271548Z -- [INFO] 
WebAuthn IT (firefox)	Run WebAuthn IT	2024-08-14T10:58:44.2280530Z -- [INFO] --- buildnumber:1.4:create (get-scm-revision) @ integration-arquillian-tests-base ---
WebAuthn IT (firefox)	Run WebAuthn IT	2024-08-14T10:58:44.3847558Z -- [INFO] Executing: /bin/sh -c cd '/home/runner/work/keycloak/keycloak/testsuite/integration-arquillian/tests/base' && 'git' 'rev-parse' '--verify' 'HEAD'
WebAuthn IT (firefox)	Run WebAuthn IT	2024-08-14T10:58:44.3849965Z -- [INFO] Working directory: /home/runner/work/keycloak/keycloak/testsuite/integration-arquillian/tests/base
WebAuthn IT (firefox)	Run WebAuthn IT	2024-08-14T10:58:44.4382879Z -- [INFO] Storing buildNumber: 90e273e402a4d9abc73a7aae43ef1d36dbb71ea5 at timestamp: 1723633124369
WebAuthn IT (firefox)	Run WebAuthn IT	2024-08-14T10:58:44.4455711Z -- [WARNING] Cannot get the branch information from the git repository: 
WebAuthn IT (firefox)	Run WebAuthn IT	2024-08-14T10:58:44.4457153Z -- Detecting the current branch failed: fatal: ref HEAD is not a symbolic ref
WebAuthn IT (firefox)	Run WebAuthn IT	2024-08-14T10:58:44.4458040Z -- 
WebAuthn IT (firefox)	Run WebAuthn IT	2024-08-14T10:58:44.4459555Z -- [INFO] Executing: /bin/sh -c cd '/home/runner/work/keycloak/keycloak/testsuite/integration-arquillian/tests/base' && 'git' 'rev-parse' '--verify' 'HEAD'
WebAuthn IT (firefox)	Run WebAuthn IT	2024-08-14T10:58:44.4461843Z -- [INFO] Working directory: /home/runner/work/keycloak/keycloak/testsuite/integration-arquillian/tests/base
WebAuthn IT (firefox)	Run WebAuthn IT	2024-08-14T10:58:44.4529833Z -- [INFO] Storing buildScmBranch: UNKNOWN
WebAuthn IT (firefox)	Run WebAuthn IT	2024-08-14T10:58:44.4530683Z -- [INFO] 
WebAuthn IT (firefox)	Run WebAuthn IT	2024-08-14T10:58:44.4531807Z -- [INFO] --- resources:3.0.1:copy-resources (copy-truststore) @ integration-arquillian-tests-base ---
WebAuthn IT (firefox)	Run WebAuthn IT	2024-08-14T10:58:44.5397809Z -- [INFO] Using 'UTF-8' encoding to copy filtered resources.
WebAuthn IT (firefox)	Run WebAuthn IT	2024-08-14T10:58:44.5517374Z -- [INFO] Copying 3 resources
WebAuthn IT (firefox)	Run WebAuthn IT	2024-08-14T10:58:44.5588163Z -- [INFO] 
WebAuthn IT (firefox)	Run WebAuthn IT	2024-08-14T10:58:44.5590823Z -- [INFO] --- resources:3.0.1:copy-resources (copy-common-dependencies) @ integration-arquillian-tests-base ---
WebAuthn IT (firefox)	Run WebAuthn IT	2024-08-14T10:58:44.5622320Z -- [INFO] Using 'UTF-8' encoding to copy filtered resources.
WebAuthn IT (firefox)	Run WebAuthn IT	2024-08-14T10:58:44.5696345Z -- [INFO] Copying 13 resources
WebAuthn IT (firefox)	Run WebAuthn IT	2024-08-14T10:58:44.5731700Z -- [INFO] 
WebAuthn IT (firefox)	Run WebAuthn IT	2024-08-14T10:58:44.5733420Z -- [INFO] --- resources:3.0.1:resources (default-resources) @ integration-arquillian-tests-base ---
WebAuthn IT (firefox)	Run WebAuthn IT	2024-08-14T10:58:44.5786384Z -- [INFO] Using 'UTF-8' encoding to copy filtered resources.
WebAuthn IT (firefox)	Run WebAuthn IT	2024-08-14T10:58:44.5787793Z -- [INFO] Copying 2 resources
WebAuthn IT (firefox)	Run WebAuthn IT	2024-08-14T10:58:44.5788730Z -- [INFO] 
WebAuthn IT (firefox)	Run WebAuthn IT	2024-08-14T10:58:44.5790416Z -- [INFO] --- resources:3.0.1:copy-resources (copy-admin-user-json-file) @ integration-arquillian-tests-base ---
WebAuthn IT (firefox)	Run WebAuthn IT	2024-08-14T10:58:44.5866572Z -- [INFO] Using 'UTF-8' encoding to copy filtered resources.
WebAuthn IT (firefox)	Run WebAuthn IT	2024-08-14T10:58:44.5889270Z -- [INFO] Copying 1 resource
WebAuthn IT (firefox)	Run WebAuthn IT	2024-08-14T10:58:44.5948124Z -- [INFO] 
WebAuthn IT (firefox)	Run WebAuthn IT	2024-08-14T10:58:44.5950526Z -- [INFO] --- xml:1.0.1:transform (arquillian-default-protocol) @ integration-arquillian-tests-base ---
WebAuthn IT (firefox)	Run WebAuthn IT	2024-08-14T10:58:48.2089818Z -- [INFO] Transforming file: /home/runner/work/keycloak/keycloak/testsuite/integration-arquillian/tests/base/src/test/resources/arquillian.xml
WebAuthn IT (firefox)	Run WebAuthn IT	2024-08-14T10:58:48.7772758Z -- [INFO] Transformed 1 file(s).
WebAuthn IT (firefox)	Run WebAuthn IT	2024-08-14T10:58:48.7773748Z -- [INFO] 
WebAuthn IT (firefox)	Run WebAuthn IT	2024-08-14T10:58:48.7774898Z -- [INFO] --- compiler:3.8.1:compile (default-compile) @ integration-arquillian-tests-base ---
WebAuthn IT (firefox)	Run WebAuthn IT	2024-08-14T10:58:48.8969258Z -- [INFO] Changes detected - recompiling the module!
WebAuthn IT (firefox)	Run WebAuthn IT	2024-08-14T10:58:48.8994293Z -- [INFO] Compiling 369 source files to /home/runner/work/keycloak/keycloak/testsuite/integration-arquillian/tests/base/target/classes
WebAuthn IT (firefox)	Run WebAuthn IT	2024-08-14T10:58:55.0186755Z -- [INFO] Annotation processing is enabled because one or more processors were found
WebAuthn IT (firefox)	Run WebAuthn IT	2024-08-14T10:58:55.0188682Z --   on the class path. A future release of javac may disable annotation processing
WebAuthn IT (firefox)	Run WebAuthn IT	2024-08-14T10:58:55.0190335Z --   unless at least one processor is specified by name (-processor), or a search
WebAuthn IT (firefox)	Run WebAuthn IT	2024-08-14T10:58:55.0191960Z --   path is specified (--processor-path, --processor-module-path), or annotation
WebAuthn IT (firefox)	Run WebAuthn IT	2024-08-14T10:58:55.0193434Z --   processing is enabled explicitly (-proc:only, -proc:full).
WebAuthn IT (firefox)	Run WebAuthn IT	2024-08-14T10:58:55.0378579Z --   Use -Xlint:-options to suppress this message.
WebAuthn IT (firefox)	Run WebAuthn IT	2024-08-14T10:58:55.0379652Z --   Use -proc:none to disable annotation processing.
WebAuthn IT (firefox)	Run WebAuthn IT	2024-08-14T10:58:55.0382211Z -- [WARNING] /home/runner/work/keycloak/keycloak/testsuite/integration-arquillian/tests/base/src/main/java/org/keycloak/testsuite/updaters/ServerResourceUpdater.java:[89,20] unchecked cast
WebAuthn IT (firefox)	Run WebAuthn IT	2024-08-14T10:58:55.0384734Z --   required: T
WebAuthn IT (firefox)	Run WebAuthn IT	2024-08-14T10:58:55.0385721Z --   found:    org.keycloak.testsuite.updaters.ServerResourceUpdater<T,Res,Rep>
WebAuthn IT (firefox)	Run WebAuthn IT	2024-08-14T10:58:55.0388478Z -- [WARNING] /home/runner/work/keycloak/keycloak/testsuite/integration-arquillian/tests/base/src/main/java/org/keycloak/testsuite/updaters/ServerResourceUpdater.java:[103,20] unchecked cast
WebAuthn IT (firefox)	Run WebAuthn IT	2024-08-14T10:58:55.0390681Z --   required: T
WebAuthn IT (firefox)	Run WebAuthn IT	2024-08-14T10:58:55.0391632Z --   found:    org.keycloak.testsuite.updaters.ServerResourceUpdater<T,Res,Rep>
WebAuthn IT (firefox)	Run WebAuthn IT	2024-08-14T10:58:55.0394411Z -- [WARNING] /home/runner/work/keycloak/keycloak/testsuite/integration-arquillian/tests/base/src/main/java/org/keycloak/testsuite/updaters/ServerResourceUpdater.java:[140,52] unchecked conversion
WebAuthn IT (firefox)	Run WebAuthn IT	2024-08-14T10:58:55.0396697Z --   required: java.util.Set<V>
WebAuthn IT (firefox)	Run WebAuthn IT	2024-08-14T10:58:55.0397367Z --   found:    java.util.Set
WebAuthn IT (firefox)	Run WebAuthn IT	2024-08-14T10:58:55.0399730Z -- [WARNING] /home/runner/work/keycloak/keycloak/testsuite/integration-arquillian/tests/base/src/main/java/org/keycloak/testsuite/updaters/ServerResourceUpdater.java:[141,51] unchecked conversion
WebAuthn IT (firefox)	Run WebAuthn IT	2024-08-14T10:58:55.0402042Z --   required: java.util.Set<V>
WebAuthn IT (firefox)	Run WebAuthn IT	2024-08-14T10:58:55.0402698Z --   found:    java.util.Set
WebAuthn IT (firefox)	Run WebAuthn IT	2024-08-14T10:58:55.0405903Z -- [WARNING] /home/runner/work/keycloak/keycloak/testsuite/integration-arquillian/tests/base/src/main/java/org/keycloak/testsuite/page/AbstractPatternFlyAlert.java:[71,96] unchecked method invocation: method until in class org.openqa.selenium.support.ui.FluentWait is applied to given types
WebAuthn IT (firefox)	Run WebAuthn IT	2024-08-14T10:58:55.0409529Z --   required: java.util.function.Function<? super T,V>
WebAuthn IT (firefox)	Run WebAuthn IT	2024-08-14T10:58:55.0410518Z --   found:    org.openqa.selenium.support.ui.ExpectedCondition
WebAuthn IT (firefox)	Run WebAuthn IT	2024-08-14T10:58:55.0413052Z -- [WARNING] /home/runner/work/keycloak/keycloak/testsuite/integration-arquillian/tests/base/src/main/java/org/keycloak/testsuite/page/AbstractPatternFlyAlert.java:[71,97] unchecked conversion
WebAuthn IT (firefox)	Run WebAuthn IT	2024-08-14T10:58:55.0415419Z --   required: java.util.function.Function<? super T,V>
WebAuthn IT (firefox)	Run WebAuthn IT	2024-08-14T10:58:55.0416469Z --   found:    org.openqa.selenium.support.ui.ExpectedCondition
WebAuthn IT (firefox)	Run WebAuthn IT	2024-08-14T10:58:55.0419549Z -- [WARNING] /home/runner/work/keycloak/keycloak/testsuite/integration-arquillian/tests/base/src/main/java/org/keycloak/testsuite/arquillian/ModelTestExecutor.java:[51,33] TestResult() in org.jboss.arquillian.test.spi.TestResult has been deprecated
WebAuthn IT (firefox)	Run WebAuthn IT	2024-08-14T10:58:55.0425011Z -- [WARNING] /home/runner/work/keycloak/keycloak/testsuite/integration-arquillian/tests/base/src/main/java/org/keycloak/testsuite/arquillian/ModelTestExecutor.java:[59,23] setStatus(org.jboss.arquillian.test.spi.TestResult.Status) in org.jboss.arquillian.test.spi.TestResult has been deprecated
WebAuthn IT (firefox)	Run WebAuthn IT	2024-08-14T10:58:55.0440175Z -- [WARNING] /home/runner/work/keycloak/keycloak/testsuite/integration-arquillian/tests/base/src/main/java/org/keycloak/testsuite/arquillian/ModelTestExecutor.java:[61,23] setStatus(org.jboss.arquillian.test.spi.TestResult.Status) in org.jboss.arquillian.test.spi.TestResult has been deprecated
WebAuthn IT (firefox)	Run WebAuthn IT	2024-08-14T10:58:55.0444782Z -- [WARNING] /home/runner/work/keycloak/keycloak/testsuite/integration-arquillian/tests/base/src/main/java/org/keycloak/testsuite/arquillian/ModelTestExecutor.java:[70,109] unchecked cast
WebAuthn IT (firefox)	Run WebAuthn IT	2024-08-14T10:58:55.0447473Z --   required: org.jboss.arquillian.core.api.InstanceProducer<org.jboss.arquillian.test.spi.TestResult>
WebAuthn IT (firefox)	Run WebAuthn IT	2024-08-14T10:58:55.0448667Z --   found:    java.lang.Object
WebAuthn IT (firefox)	Run WebAuthn IT	2024-08-14T10:58:55.0450876Z -- [WARNING] /home/runner/work/keycloak/keycloak/testsuite/integration-arquillian/tests/base/src/main/java/org/keycloak/testsuite/util/javascript/XMLHttpRequest.java:[75,67] unchecked cast
WebAuthn IT (firefox)	Run WebAuthn IT	2024-08-14T10:58:55.0453187Z --   required: java.util.Map<java.lang.String,java.lang.Object>
WebAuthn IT (firefox)	Run WebAuthn IT	2024-08-14T10:58:55.0454000Z --   found:    java.lang.Object
WebAuthn IT (firefox)	Run WebAuthn IT	2024-08-14T10:58:55.0457241Z -- [WARNING] /home/runner/work/keycloak/keycloak/testsuite/integration-arquillian/tests/base/src/main/java/org/keycloak/testsuite/util/javascript/JavascriptTestExecutor.java:[40,35] setScriptTimeout(long,java.util.concurrent.TimeUnit) in org.openqa.selenium.WebDriver.Timeouts has been deprecated
WebAuthn IT (firefox)	Run WebAuthn IT	2024-08-14T10:58:55.0462790Z -- [WARNING] /home/runner/work/keycloak/keycloak/testsuite/integration-arquillian/tests/base/src/main/java/org/keycloak/testsuite/updaters/Creator.java:[63,16] unchecked call to Creator(java.lang.String,T,java.lang.Runnable) as a member of the raw type org.keycloak.testsuite.updaters.Creator
WebAuthn IT (firefox)	Run WebAuthn IT	2024-08-14T10:58:55.0467390Z -- [WARNING] /home/runner/work/keycloak/keycloak/testsuite/integration-arquillian/tests/base/src/main/java/org/keycloak/testsuite/updaters/Creator.java:[63,16] unchecked conversion
WebAuthn IT (firefox)	Run WebAuthn IT	2024-08-14T10:58:55.0469993Z --   required: org.keycloak.testsuite.updaters.Creator<org.keycloak.admin.client.resource.RealmResource>
WebAuthn IT (firefox)	Run WebAuthn IT	2024-08-14T10:58:55.0471314Z --   found:    org.keycloak.testsuite.updaters.Creator
WebAuthn IT (firefox)	Run WebAuthn IT	2024-08-14T10:58:55.0474580Z -- [WARNING] /home/runner/work/keycloak/keycloak/testsuite/integration-arquillian/tests/base/src/main/java/org/keycloak/testsuite/updaters/Creator.java:[72,20] unchecked call to Creator(java.lang.String,T,java.lang.Runnable) as a member of the raw type org.keycloak.testsuite.updaters.Creator
WebAuthn IT (firefox)	Run WebAuthn IT	2024-08-14T10:58:55.0478990Z -- [WARNING] /home/runner/work/keycloak/keycloak/testsuite/integration-arquillian/tests/base/src/main/java/org/keycloak/testsuite/updaters/Creator.java:[72,20] unchecked conversion
WebAuthn IT (firefox)	Run WebAuthn IT	2024-08-14T10:58:55.0481598Z --   required: org.keycloak.testsuite.updaters.Creator<org.keycloak.admin.client.resource.GroupResource>
WebAuthn IT (firefox)	Run WebAuthn IT	2024-08-14T10:58:55.0483286Z --   found:    org.keycloak.testsuite.updaters.Creator
WebAuthn IT (firefox)	Run WebAuthn IT	2024-08-14T10:58:55.0486442Z -- [WARNING] /home/runner/work/keycloak/keycloak/testsuite/integration-arquillian/tests/base/src/main/java/org/keycloak/testsuite/updaters/Creator.java:[82,20] unchecked call to Creator(java.lang.String,T,java.lang.Runnable) as a member of the raw type org.keycloak.testsuite.updaters.Creator
WebAuthn IT (firefox)	Run WebAuthn IT	2024-08-14T10:58:55.0490657Z -- [WARNING] /home/runner/work/keycloak/keycloak/testsuite/integration-arquillian/tests/base/src/main/java/org/keycloak/testsuite/updaters/Creator.java:[82,20] unchecked conversion
WebAuthn IT (firefox)	Run WebAuthn IT	2024-08-14T10:58:55.0493181Z --   required: org.keycloak.testsuite.updaters.Creator<org.keycloak.admin.client.resource.ClientResource>
WebAuthn IT (firefox)	Run WebAuthn IT	2024-08-14T10:58:55.0494520Z --   found:    org.keycloak.testsuite.updaters.Creator
WebAuthn IT (firefox)	Run WebAuthn IT	2024-08-14T10:58:55.0497802Z -- [WARNING] /home/runner/work/keycloak/keycloak/testsuite/integration-arquillian/tests/base/src/main/java/org/keycloak/testsuite/updaters/Creator.java:[92,20] unchecked call to Creator(java.lang.String,T,java.lang.Runnable) as a member of the raw type org.keycloak.testsuite.updaters.Creator
WebAuthn IT (firefox)	Run WebAuthn IT	2024-08-14T10:58:55.0502543Z -- [WARNING] /home/runner/work/keycloak/keycloak/testsuite/integration-arquillian/tests/base/src/main/java/org/keycloak/testsuite/updaters/Creator.java:[92,20] unchecked conversion
WebAuthn IT (firefox)	Run WebAuthn IT	2024-08-14T10:58:55.0645005Z --   required: org.keycloak.testsuite.updaters.Creator<org.keycloak.admin.client.resource.UserResource>
WebAuthn IT (firefox)	Run WebAuthn IT	2024-08-14T10:58:55.0647178Z --   found:    org.keycloak.testsuite.updaters.Creator
WebAuthn IT (firefox)	Run WebAuthn IT	2024-08-14T10:58:55.0651853Z -- [WARNING] /home/runner/work/keycloak/keycloak/testsuite/integration-arquillian/tests/base/src/main/java/org/keycloak/testsuite/updaters/Creator.java:[102,20] unchecked call to Creator(java.lang.String,T,java.lang.Runnable) as a member of the raw type org.keycloak.testsuite.updaters.Creator
WebAuthn IT (firefox)	Run WebAuthn IT	2024-08-14T10:58:55.0656568Z -- [WARNING] /home/runner/work/keycloak/keycloak/testsuite/integration-arquillian/tests/base/src/main/java/org/keycloak/testsuite/updaters/Creator.java:[102,20] unchecked conversion
WebAuthn IT (firefox)	Run WebAuthn IT	2024-08-14T10:58:55.0659402Z --   required: org.keycloak.testsuite.updaters.Creator<org.keycloak.admin.client.resource.ComponentResource>
WebAuthn IT (firefox)	Run WebAuthn IT	2024-08-14T10:58:55.0660902Z --   found:    org.keycloak.testsuite.updaters.Creator
WebAuthn IT (firefox)	Run WebAuthn IT	2024-08-14T10:58:55.0664592Z -- [WARNING] /home/runner/work/keycloak/keycloak/testsuite/integration-arquillian/tests/base/src/main/java/org/keycloak/testsuite/updaters/Creator.java:[122,20] unchecked call to Creator(java.lang.String,T,java.lang.Runnable) as a member of the raw type org.keycloak.testsuite.updaters.Creator
WebAuthn IT (firefox)	Run WebAuthn IT	2024-08-14T10:58:55.0669113Z -- [WARNING] /home/runner/work/keycloak/keycloak/testsuite/integration-arquillian/tests/base/src/main/java/org/keycloak/testsuite/updaters/Creator.java:[122,20] unchecked conversion
WebAuthn IT (firefox)	Run WebAuthn IT	2024-08-14T10:58:55.0671915Z --   required: org.keycloak.testsuite.updaters.Creator<org.keycloak.admin.client.resource.IdentityProviderResource>
WebAuthn IT (firefox)	Run WebAuthn IT	2024-08-14T10:58:55.0673387Z --   found:    org.keycloak.testsuite.updaters.Creator
WebAuthn IT (firefox)	Run WebAuthn IT	2024-08-14T10:58:55.0676712Z -- [WARNING] /home/runner/work/keycloak/keycloak/testsuite/integration-arquillian/tests/base/src/main/java/org/keycloak/testsuite/updaters/Creator.java:[134,20] unchecked call to Creator(java.lang.String,T,java.lang.Runnable) as a member of the raw type org.keycloak.testsuite.updaters.Creator
WebAuthn IT (firefox)	Run WebAuthn IT	2024-08-14T10:58:55.0681166Z -- [WARNING] /home/runner/work/keycloak/keycloak/testsuite/integration-arquillian/tests/base/src/main/java/org/keycloak/testsuite/updaters/Creator.java:[134,20] unchecked conversion
WebAuthn IT (firefox)	Run WebAuthn IT	2024-08-14T10:58:55.0683949Z --   required: org.keycloak.testsuite.updaters.Creator<org.keycloak.admin.client.resource.IdentityProviderResource>
WebAuthn IT (firefox)	Run WebAuthn IT	2024-08-14T10:58:55.0685438Z --   found:    org.keycloak.testsuite.updaters.Creator
WebAuthn IT (firefox)	Run WebAuthn IT	2024-08-14T10:58:55.0688627Z -- [WARNING] /home/runner/work/keycloak/keycloak/testsuite/integration-arquillian/tests/base/src/main/java/org/keycloak/testsuite/arquillian/containers/SecurityActions.java:[54,16] java.security.AccessController in java.security has been deprecated and marked for removal
WebAuthn IT (firefox)	Run WebAuthn IT	2024-08-14T10:58:55.0694294Z -- [WARNING] /home/runner/work/keycloak/keycloak/testsuite/integration-arquillian/tests/base/src/main/java/org/keycloak/testsuite/arquillian/containers/SecurityActions.java:[148,20] java.security.AccessController in java.security has been deprecated and marked for removal
WebAuthn IT (firefox)	Run WebAuthn IT	2024-08-14T10:58:55.0699693Z -- [WARNING] /home/runner/work/keycloak/keycloak/testsuite/integration-arquillian/tests/base/src/main/java/org/keycloak/testsuite/arquillian/containers/SecurityActions.java:[182,13] java.security.AccessController in java.security has been deprecated and marked for removal
WebAuthn IT (firefox)	Run WebAuthn IT	2024-08-14T10:58:55.0704958Z -- [WARNING] /home/runner/work/keycloak/keycloak/testsuite/integration-arquillian/tests/base/src/main/java/org/keycloak/testsuite/arquillian/containers/SecurityActions.java:[221,39] isAccessible() in java.lang.reflect.AccessibleObject has been deprecated
WebAuthn IT (firefox)	Run WebAuthn IT	2024-08-14T10:58:55.0710094Z -- [WARNING] /home/runner/work/keycloak/keycloak/testsuite/integration-arquillian/tests/base/src/main/java/org/keycloak/testsuite/arquillian/containers/SecurityActions.java:[213,48] java.security.AccessController in java.security has been deprecated and marked for removal
WebAuthn IT (firefox)	Run WebAuthn IT	2024-08-14T10:58:55.0715402Z -- [WARNING] /home/runner/work/keycloak/keycloak/testsuite/integration-arquillian/tests/base/src/main/java/org/keycloak/testsuite/arquillian/containers/SecurityActions.java:[245,40] isAccessible() in java.lang.reflect.AccessibleObject has been deprecated
WebAuthn IT (firefox)	Run WebAuthn IT	2024-08-14T10:58:55.0720740Z -- [WARNING] /home/runner/work/keycloak/keycloak/testsuite/integration-arquillian/tests/base/src/main/java/org/keycloak/testsuite/arquillian/containers/SecurityActions.java:[237,50] java.security.AccessController in java.security has been deprecated and marked for removal
WebAuthn IT (firefox)	Run WebAuthn IT	2024-08-14T10:58:55.0725972Z -- [WARNING] /home/runner/work/keycloak/keycloak/testsuite/integration-arquillian/tests/base/src/main/java/org/keycloak/testsuite/arquillian/containers/SecurityActions.java:[261,28] java.security.AccessController in java.security has been deprecated and marked for removal
WebAuthn IT (firefox)	Run WebAuthn IT	2024-08-14T10:58:55.0731414Z -- [WARNING] /home/runner/work/keycloak/keycloak/testsuite/integration-arquillian/tests/base/src/main/java/org/keycloak/testsuite/drone/KeycloakDronePostSetup.java:[89,35] implicitlyWait(long,java.util.concurrent.TimeUnit) in org.openqa.selenium.WebDriver.Timeouts has been deprecated
WebAuthn IT (firefox)	Run WebAuthn IT	2024-08-14T10:58:55.0737059Z -- [WARNING] /home/runner/work/keycloak/keycloak/testsuite/integration-arquillian/tests/base/src/main/java/org/keycloak/testsuite/drone/KeycloakDronePostSetup.java:[90,35] pageLoadTimeout(long,java.util.concurrent.TimeUnit) in org.openqa.selenium.WebDriver.Timeouts has been deprecated
WebAuthn IT (firefox)	Run WebAuthn IT	2024-08-14T10:58:55.0742876Z -- [WARNING] /home/runner/work/keycloak/keycloak/testsuite/integration-arquillian/tests/base/src/main/java/org/keycloak/testsuite/drone/KeycloakWebDriverConfigurator.java:[56,89] getBrowser() in org.jboss.arquillian.drone.webdriver.configuration.WebDriverConfiguration has been deprecated
WebAuthn IT (firefox)	Run WebAuthn IT	2024-08-14T10:58:55.0748808Z -- [WARNING] /home/runner/work/keycloak/keycloak/testsuite/integration-arquillian/tests/base/src/main/java/org/keycloak/testsuite/drone/KeycloakWebDriverConfigurator.java:[67,26] getBrowser() in org.jboss.arquillian.drone.webdriver.configuration.WebDriverConfiguration has been deprecated
WebAuthn IT (firefox)	Run WebAuthn IT	2024-08-14T10:58:55.0754749Z -- [WARNING] /home/runner/work/keycloak/keycloak/testsuite/integration-arquillian/tests/base/src/main/java/org/keycloak/testsuite/arquillian/CrossDCTestEnricher.java:[430,46] unchecked method invocation: method isAnnotationPresent in class java.lang.Class is applied to given types
WebAuthn IT (firefox)	Run WebAuthn IT	2024-08-14T10:58:55.0758194Z --   required: java.lang.Class<? extends java.lang.annotation.Annotation>
WebAuthn IT (firefox)	Run WebAuthn IT	2024-08-14T10:58:55.0759312Z --   found:    java.lang.Class
WebAuthn IT (firefox)	Run WebAuthn IT	2024-08-14T10:58:55.0761769Z -- [WARNING] /home/runner/work/keycloak/keycloak/testsuite/integration-arquillian/tests/base/src/main/java/org/keycloak/testsuite/arquillian/CrossDCTestEnricher.java:[430,47] unchecked conversion
WebAuthn IT (firefox)	Run WebAuthn IT	2024-08-14T10:58:55.0764752Z --   required: java.lang.Class<? extends java.lang.annotation.Annotation>
WebAuthn IT (firefox)	Run WebAuthn IT	2024-08-14T10:58:55.0767158Z --   found:    java.lang.Class
WebAuthn IT (firefox)	Run WebAuthn IT	2024-08-14T10:58:55.0770646Z -- [WARNING] /home/runner/work/keycloak/keycloak/testsuite/integration-arquillian/tests/base/src/main/java/org/keycloak/testsuite/arquillian/AuthServerTestEnricher.java:[320,33] WildcardFileFilter(java.lang.String) in org.apache.commons.io.filefilter.WildcardFileFilter has been deprecated
WebAuthn IT (firefox)	Run WebAuthn IT	2024-08-14T10:58:55.0775985Z -- [WARNING] /home/runner/work/keycloak/keycloak/testsuite/integration-arquillian/tests/base/src/main/java/org/keycloak/testsuite/util/matchers/SamlStatusResponseTypeMatcher.java:[26,31] unchecked conversion
WebAuthn IT (firefox)	Run WebAuthn IT	2024-08-14T10:58:55.0778714Z --   required: java.util.List<org.hamcrest.Matcher<java.net.URI>>
WebAuthn IT (firefox)	Run WebAuthn IT	2024-08-14T10:58:55.0779657Z --   found:    java.util.ArrayList
WebAuthn IT (firefox)	Run WebAuthn IT	2024-08-14T10:58:55.0783094Z -- [WARNING] /home/runner/work/keycloak/keycloak/testsuite/integration-arquillian/tests/base/src/main/java/org/keycloak/testsuite/arquillian/KeycloakArquillianExtension.java:[63,61] org.keycloak.testsuite.arquillian.DeploymentArchiveProcessor in org.keycloak.testsuite.arquillian has been deprecated
WebAuthn IT (firefox)	Run WebAuthn IT	2024-08-14T10:58:55.0786933Z -- [INFO] 
WebAuthn IT (firefox)	Run WebAuthn IT	2024-08-14T10:58:55.0788007Z -- [INFO] --- resources:3.0.1:copy-resources (example-realms) @ integration-arquillian-tests-base ---
WebAuthn IT (firefox)	Run WebAuthn IT	2024-08-14T10:58:55.0789134Z -- [INFO] Skipping the execution.
WebAuthn IT (firefox)	Run WebAuthn IT	2024-08-14T10:58:55.0789741Z -- [INFO] 
WebAuthn IT (firefox)	Run WebAuthn IT	2024-08-14T10:58:55.0790781Z -- [INFO] --- dependency:3.1.2:unpack (unpack-undertow-server) @ integration-arquillian-tests-base ---
WebAuthn IT (firefox)	Run WebAuthn IT	2024-08-14T10:58:55.4306081Z -- [INFO] Skipping plugin execution
WebAuthn IT (firefox)	Run WebAuthn IT	2024-08-14T10:58:55.4307320Z -- [INFO] 
WebAuthn IT (firefox)	Run WebAuthn IT	2024-08-14T10:58:55.4308699Z -- [INFO] --- dependency:3.1.2:unpack (unpack-quarkus-server) @ integration-arquillian-tests-base ---
WebAuthn IT (firefox)	Run WebAuthn IT	2024-08-14T10:58:55.4319208Z -- [INFO] Configured Artifact: org.keycloak.testsuite:integration-arquillian-servers-auth-server-quarkus:999.0.0-SNAPSHOT:zip
WebAuthn IT (firefox)	Run WebAuthn IT	2024-08-14T10:58:55.4493911Z -- [INFO] Unpacking /home/runner/.m2/repository/org/keycloak/testsuite/integration-arquillian-servers-auth-server-quarkus/999.0.0-SNAPSHOT/integration-arquillian-servers-auth-server-quarkus-999.0.0-SNAPSHOT.zip to /home/runner/work/keycloak/keycloak/testsuite/integration-arquillian/tests/base/target/containers with includes "" and excludes ""
WebAuthn IT (firefox)	Run WebAuthn IT	2024-08-14T10:58:57.2441347Z -- [INFO] 
WebAuthn IT (firefox)	Run WebAuthn IT	2024-08-14T10:58:57.2442929Z -- [INFO] --- dependency:3.1.2:unpack (unpack-app-server) @ integration-arquillian-tests-base ---
WebAuthn IT (firefox)	Run WebAuthn IT	2024-08-14T10:58:57.2456673Z -- [INFO] Skipping plugin execution
WebAuthn IT (firefox)	Run WebAuthn IT	2024-08-14T10:58:57.2457862Z -- [INFO] 
WebAuthn IT (firefox)	Run WebAuthn IT	2024-08-14T10:58:57.2459278Z -- [INFO] --- dependency:3.1.2:unpack (unpack-client-cli-dist) @ integration-arquillian-tests-base ---
WebAuthn IT (firefox)	Run WebAuthn IT	2024-08-14T10:58:57.2464834Z -- [INFO] Configured Artifact: org.keycloak:keycloak-client-cli-dist:999.0.0-SNAPSHOT:zip
WebAuthn IT (firefox)	Run WebAuthn IT	2024-08-14T10:58:57.2541656Z -- [INFO] Unpacking /home/runner/.m2/repository/org/keycloak/keycloak-client-cli-dist/999.0.0-SNAPSHOT/keycloak-client-cli-dist-999.0.0-SNAPSHOT.zip to /home/runner/work/keycloak/keycloak/testsuite/integration-arquillian/tests/base/target/containers with includes "" and excludes ""
WebAuthn IT (firefox)	Run WebAuthn IT	2024-08-14T10:58:57.4209809Z -- [INFO] 
WebAuthn IT (firefox)	Run WebAuthn IT	2024-08-14T10:58:57.4211843Z -- [INFO] --- dependency:3.1.2:copy-dependencies (copy-testsuite-providers-to-base-testsuite) @ integration-arquillian-tests-base ---
WebAuthn IT (firefox)	Run WebAuthn IT	2024-08-14T10:58:57.4331992Z -- [INFO] Copying integration-arquillian-testsuite-providers-999.0.0-SNAPSHOT.jar to /home/runner/work/keycloak/keycloak/testsuite/integration-arquillian/tests/base/target/lib/integration-arquillian-testsuite-providers-999.0.0-SNAPSHOT.jar
WebAuthn IT (firefox)	Run WebAuthn IT	2024-08-14T10:58:57.4363202Z -- [INFO] 
WebAuthn IT (firefox)	Run WebAuthn IT	2024-08-14T10:58:57.4364756Z -- [INFO] --- resources:3.0.1:testResources (default-testResources) @ integration-arquillian-tests-base ---
WebAuthn IT (firefox)	Run WebAuthn IT	2024-08-14T10:58:57.4462244Z -- [INFO] Using 'UTF-8' encoding to copy filtered resources.
WebAuthn IT (firefox)	Run WebAuthn IT	2024-08-14T10:58:57.4529319Z -- [INFO] Copying 42 resources
WebAuthn IT (firefox)	Run WebAuthn IT	2024-08-14T10:58:57.7611329Z -- [INFO] Copying 241 resources
WebAuthn IT (firefox)	Run WebAuthn IT	2024-08-14T10:58:57.8108464Z -- [INFO] 
WebAuthn IT (firefox)	Run WebAuthn IT	2024-08-14T10:58:57.8109588Z -- [INFO] --- antrun:1.8:run (clean-second-cache-server-arquillian-bug-workaround) @ integration-arquillian-tests-base ---
WebAuthn IT (firefox)	Run WebAuthn IT	2024-08-14T10:58:57.8359599Z -- [INFO] Skipping Antrun execution
WebAuthn IT (firefox)	Run WebAuthn IT	2024-08-14T10:58:57.8360761Z -- [INFO] 
WebAuthn IT (firefox)	Run WebAuthn IT	2024-08-14T10:58:57.8362145Z -- [INFO] --- compiler:3.8.1:testCompile (default-testCompile) @ integration-arquillian-tests-base ---
WebAuthn IT (firefox)	Run WebAuthn IT	2024-08-14T10:58:57.9044518Z -- [INFO] Changes detected - recompiling the module!
WebAuthn IT (firefox)	Run WebAuthn IT	2024-08-14T10:58:57.9089378Z -- [INFO] Compiling 802 source files to /home/runner/work/keycloak/keycloak/testsuite/integration-arquillian/tests/base/target/test-classes
WebAuthn IT (firefox)	Run WebAuthn IT	2024-08-14T10:59:10.5209133Z -- [INFO] Annotation processing is enabled because one or more processors were found
WebAuthn IT (firefox)	Run WebAuthn IT	2024-08-14T10:59:10.5210718Z --   on the class path. A future release of javac may disable annotation processing
WebAuthn IT (firefox)	Run WebAuthn IT	2024-08-14T10:59:10.5212193Z --   unless at least one processor is specified by name (-processor), or a search
WebAuthn IT (firefox)	Run WebAuthn IT	2024-08-14T10:59:10.5214109Z --   path is specified (--processor-path, --processor-module-path), or annotation
WebAuthn IT (firefox)	Run WebAuthn IT	2024-08-14T10:59:10.5215465Z --   processing is enabled explicitly (-proc:only, -proc:full).
WebAuthn IT (firefox)	Run WebAuthn IT	2024-08-14T10:59:10.5216539Z --   Use -Xlint:-options to suppress this message.
WebAuthn IT (firefox)	Run WebAuthn IT	2024-08-14T10:59:10.5217513Z --   Use -proc:none to disable annotation processing.
WebAuthn IT (firefox)	Run WebAuthn IT	2024-08-14T10:59:10.5220804Z -- [WARNING] /home/runner/work/keycloak/keycloak/testsuite/integration-arquillian/tests/base/src/test/java/org/keycloak/testsuite/oid4vc/issuance/signing/JWTVCIssuerWellKnownProviderTest.java:[39,30] junit.framework.Assert in junit.framework has been deprecated
WebAuthn IT (firefox)	Run WebAuthn IT	2024-08-14T10:59:10.5268355Z -- [WARNING] /home/runner/work/keycloak/keycloak/testsuite/integration-arquillian/tests/base/src/test/java/org/keycloak/testsuite/oid4vc/issuance/signing/JWTVCIssuerWellKnownProviderTest.java:[39,30] junit.framework.Assert in junit.framework has been deprecated
WebAuthn IT (firefox)	Run WebAuthn IT	2024-08-14T10:59:10.5274223Z -- [WARNING] /home/runner/work/keycloak/keycloak/testsuite/integration-arquillian/tests/base/src/test/java/org/keycloak/testsuite/oid4vc/issuance/signing/JWTVCIssuerWellKnownProviderTest.java:[39,30] junit.framework.Assert in junit.framework has been deprecated
WebAuthn IT (firefox)	Run WebAuthn IT	2024-08-14T10:59:10.5279243Z -- [WARNING] /home/runner/work/keycloak/keycloak/testsuite/integration-arquillian/tests/base/src/test/java/org/keycloak/testsuite/util/AssertAdminEvents.java:[221,97] unchecked cast
WebAuthn IT (firefox)	Run WebAuthn IT	2024-08-14T10:59:10.5282217Z --   required: java.util.List<org.keycloak.representations.idm.RoleRepresentation>
WebAuthn IT (firefox)	Run WebAuthn IT	2024-08-14T10:59:10.5283671Z --   found:    java.lang.Object
WebAuthn IT (firefox)	Run WebAuthn IT	2024-08-14T10:59:10.5287290Z -- [WARNING] /home/runner/work/keycloak/keycloak/testsuite/integration-arquillian/tests/base/src/test/java/org/keycloak/testsuite/broker/BrokerRunOnServerUtil.java:[63,46] getIdentityProviderByAlias(java.lang.String) in org.keycloak.models.RealmModel has been deprecated
WebAuthn IT (firefox)	Run WebAuthn IT	2024-08-14T10:59:10.5301119Z -- [WARNING] /home/runner/work/keycloak/keycloak/testsuite/integration-arquillian/tests/base/src/test/java/org/keycloak/testsuite/broker/BrokerRunOnServerUtil.java:[65,18] updateIdentityProvider(org.keycloak.models.IdentityProviderModel) in org.keycloak.models.RealmModel has been deprecated
WebAuthn IT (firefox)	Run WebAuthn IT	2024-08-14T10:59:10.5312516Z -- [WARNING] /home/runner/work/keycloak/keycloak/testsuite/integration-arquillian/tests/base/src/test/java/org/keycloak/testsuite/broker/BrokerRunOnServerUtil.java:[73,46] getIdentityProviderByAlias(java.lang.String) in org.keycloak.models.RealmModel has been deprecated
WebAuthn IT (firefox)	Run WebAuthn IT	2024-08-14T10:59:10.5318098Z -- [WARNING] /home/runner/work/keycloak/keycloak/testsuite/integration-arquillian/tests/base/src/test/java/org/keycloak/testsuite/broker/BrokerRunOnServerUtil.java:[75,18] updateIdentityProvider(org.keycloak.models.IdentityProviderModel) in org.keycloak.models.RealmModel has been deprecated
WebAuthn IT (firefox)	Run WebAuthn IT	2024-08-14T10:59:10.5323858Z -- [WARNING] /home/runner/work/keycloak/keycloak/testsuite/integration-arquillian/tests/base/src/test/java/org/keycloak/testsuite/broker/BrokerRunOnServerUtil.java:[126,49] getIdentityProviderByAlias(java.lang.String) in org.keycloak.models.RealmModel has been deprecated
WebAuthn IT (firefox)	Run WebAuthn IT	2024-08-14T10:59:10.5329984Z -- [WARNING] /home/runner/work/keycloak/keycloak/testsuite/integration-arquillian/tests/base/src/test/java/org/keycloak/testsuite/broker/BrokerRunOnServerUtil.java:[128,21] updateIdentityProvider(org.keycloak.models.IdentityProviderModel) in org.keycloak.models.RealmModel has been deprecated
WebAuthn IT (firefox)	Run WebAuthn IT	2024-08-14T10:59:10.5388456Z -- [WARNING] /home/runner/work/keycloak/keycloak/testsuite/integration-arquillian/tests/base/src/test/java/org/keycloak/testsuite/broker/BrokerRunOnServerUtil.java:[168,49] getIdentityProviderByAlias(java.lang.String) in org.keycloak.models.RealmModel has been deprecated
WebAuthn IT (firefox)	Run WebAuthn IT	2024-08-14T10:59:10.5394794Z -- [WARNING] /home/runner/work/keycloak/keycloak/testsuite/integration-arquillian/tests/base/src/test/java/org/keycloak/testsuite/broker/BrokerRunOnServerUtil.java:[170,21] updateIdentityProvider(org.keycloak.models.IdentityProviderModel) in org.keycloak.models.RealmModel has been deprecated
WebAuthn IT (firefox)	Run WebAuthn IT	2024-08-14T10:59:10.5401500Z -- [WARNING] /home/runner/work/keycloak/keycloak/testsuite/integration-arquillian/tests/base/src/test/java/org/keycloak/testsuite/broker/BrokerRunOnServerUtil.java:[187,45] removeExpired(org.keycloak.models.RealmModel) in org.keycloak.sessions.AuthenticationSessionProvider has been deprecated
WebAuthn IT (firefox)	Run WebAuthn IT	2024-08-14T10:59:10.5407674Z -- [WARNING] /home/runner/work/keycloak/keycloak/testsuite/integration-arquillian/tests/base/src/test/java/org/keycloak/testsuite/broker/AbstractAdvancedBrokerTest.java:[302,35] pageLoadTimeout(long,java.util.concurrent.TimeUnit) in org.openqa.selenium.WebDriver.Timeouts has been deprecated
WebAuthn IT (firefox)	Run WebAuthn IT	2024-08-14T10:59:10.5412971Z -- [WARNING] /home/runner/work/keycloak/keycloak/testsuite/integration-arquillian/tests/base/src/test/java/org/keycloak/testsuite/client/ClientSecretRotationTest.java:[760,59] unchecked conversion
WebAuthn IT (firefox)	Run WebAuthn IT	2024-08-14T10:59:10.5416066Z --   required: java.util.Map<java.lang.String,java.lang.String>
WebAuthn IT (firefox)	Run WebAuthn IT	2024-08-14T10:59:10.5417161Z --   found:    java.util.Map
WebAuthn IT (firefox)	Run WebAuthn IT	2024-08-14T10:59:10.5420425Z -- [WARNING] /home/runner/work/keycloak/keycloak/testsuite/integration-arquillian/tests/base/src/test/java/org/keycloak/testsuite/oidc/flows/AbstractOIDCResponseTypeTest.java:[92,73] getSessionState() in org.keycloak.representations.IDToken has been deprecated
WebAuthn IT (firefox)	Run WebAuthn IT	2024-08-14T10:59:10.5426466Z -- [WARNING] /home/runner/work/keycloak/keycloak/testsuite/integration-arquillian/tests/base/src/test/java/org/keycloak/testsuite/oidc/flows/AbstractOIDCResponseTypeTest.java:[107,73] getSessionState() in org.keycloak.representations.IDToken has been deprecated
WebAuthn IT (firefox)	Run WebAuthn IT	2024-08-14T10:59:10.5431932Z -- [WARNING] /home/runner/work/keycloak/keycloak/testsuite/integration-arquillian/tests/base/src/test/java/org/keycloak/testsuite/oidc/flows/AbstractOIDCResponseTypeTest.java:[251,69] getSessionState() in org.keycloak.representations.IDToken has been deprecated
WebAuthn IT (firefox)	Run WebAuthn IT	2024-08-14T10:59:10.5437910Z -- [WARNING] /home/runner/work/keycloak/keycloak/testsuite/integration-arquillian/tests/base/src/test/java/org/keycloak/testsuite/client/policies/AbstractClientPoliciesTest.java:[573,42] org.apache.http.impl.client.DefaultHttpClient in org.apache.http.impl.client has been deprecated
WebAuthn IT (firefox)	Run WebAuthn IT	2024-08-14T10:59:10.5443301Z -- [WARNING] /home/runner/work/keycloak/keycloak/testsuite/integration-arquillian/tests/base/src/test/java/org/keycloak/testsuite/client/policies/AbstractClientPoliciesTest.java:[695,59] unchecked conversion
WebAuthn IT (firefox)	Run WebAuthn IT	2024-08-14T10:59:10.5446431Z --   required: java.util.Map<java.lang.String,java.lang.String>
WebAuthn IT (firefox)	Run WebAuthn IT	2024-08-14T10:59:10.5447614Z --   found:    java.util.Map
WebAuthn IT (firefox)	Run WebAuthn IT	2024-08-14T10:59:10.5450403Z -- [WARNING] /home/runner/work/keycloak/keycloak/testsuite/integration-arquillian/tests/base/src/test/java/org/keycloak/testsuite/client/policies/AbstractClientPoliciesTest.java:[753,55] unchecked conversion
WebAuthn IT (firefox)	Run WebAuthn IT	2024-08-14T10:59:10.5453694Z --   required: java.util.Map<java.lang.String,java.lang.String>
WebAuthn IT (firefox)	Run WebAuthn IT	2024-08-14T10:59:10.5454943Z --   found:    java.util.Map
WebAuthn IT (firefox)	Run WebAuthn IT	2024-08-14T10:59:10.5458515Z -- [WARNING] /home/runner/work/keycloak/keycloak/testsuite/integration-arquillian/tests/base/src/test/java/org/keycloak/testsuite/client/policies/AbstractClientPoliciesTest.java:[1088,104] unchecked cast
WebAuthn IT (firefox)	Run WebAuthn IT	2024-08-14T10:59:10.5461644Z --   required: java.util.Collection<java.lang.String>
WebAuthn IT (firefox)	Run WebAuthn IT	2024-08-14T10:59:10.5462944Z --   found:    java.util.List
WebAuthn IT (firefox)	Run WebAuthn IT	2024-08-14T10:59:10.5466637Z -- [WARNING] /home/runner/work/keycloak/keycloak/testsuite/integration-arquillian/tests/base/src/test/java/org/keycloak/testsuite/client/policies/AbstractClientPoliciesTest.java:[1514,38] getSessionState() in org.keycloak.representations.IDToken has been deprecated
WebAuthn IT (firefox)	Run WebAuthn IT	2024-08-14T10:59:10.5472432Z -- [WARNING] /home/runner/work/keycloak/keycloak/testsuite/integration-arquillian/tests/base/src/test/java/org/keycloak/testsuite/client/policies/AbstractClientPoliciesTest.java:[1519,45] getSessionState() in org.keycloak.representations.IDToken has been deprecated
WebAuthn IT (firefox)	Run WebAuthn IT	2024-08-14T10:59:10.5478661Z -- [WARNING] /home/runner/work/keycloak/keycloak/testsuite/integration-arquillian/tests/base/src/test/java/org/keycloak/testsuite/client/policies/AbstractClientPoliciesTest.java:[1528,47] getSessionState() in org.keycloak.representations.IDToken has been deprecated
WebAuthn IT (firefox)	Run WebAuthn IT	2024-08-14T10:59:10.5484940Z -- [WARNING] /home/runner/work/keycloak/keycloak/testsuite/integration-arquillian/tests/base/src/test/java/org/keycloak/testsuite/client/policies/AbstractClientPoliciesTest.java:[1529,54] getSessionState() in org.keycloak.representations.IDToken has been deprecated
WebAuthn IT (firefox)	Run WebAuthn IT	2024-08-14T10:59:10.5490492Z -- [WARNING] /home/runner/work/keycloak/keycloak/testsuite/integration-arquillian/tests/base/src/test/java/org/keycloak/testsuite/broker/SocialLoginTest.java:[243,14] getIdentityProvidersStream() in org.keycloak.models.RealmModel has been deprecated
WebAuthn IT (firefox)	Run WebAuthn IT	2024-08-14T10:59:10.5495168Z -- [WARNING] /home/runner/work/keycloak/keycloak/testsuite/integration-arquillian/tests/base/src/test/java/org/keycloak/testsuite/saml/BrokerTest.java:[340,63] unchecked conversion
WebAuthn IT (firefox)	Run WebAuthn IT	2024-08-14T10:59:10.5497906Z --   required: org.keycloak.saml.BaseSAML2BindingBuilder<org.keycloak.saml.BaseSAML2BindingBuilder>
WebAuthn IT (firefox)	Run WebAuthn IT	2024-08-14T10:59:10.5499388Z --   found:    org.keycloak.saml.BaseSAML2BindingBuilder
WebAuthn IT (firefox)	Run WebAuthn IT	2024-08-14T10:59:10.5503225Z -- [WARNING] /home/runner/work/keycloak/keycloak/testsuite/integration-arquillian/tests/base/src/test/java/org/keycloak/testsuite/authz/admin/AbstractAuthorizationTest.java:[134,25] defaultRoles(java.lang.String...) in org.keycloak.testsuite.util.ClientBuilder has been deprecated
WebAuthn IT (firefox)	Run WebAuthn IT	2024-08-14T10:59:10.5509137Z -- [WARNING] /home/runner/work/keycloak/keycloak/testsuite/integration-arquillian/tests/base/src/test/java/org/keycloak/testsuite/util/UserBuilder.java:[159,12] setTotp(java.lang.Boolean) in org.keycloak.representations.idm.UserRepresentation has been deprecated
WebAuthn IT (firefox)	Run WebAuthn IT	2024-08-14T10:59:10.5514628Z -- [WARNING] /home/runner/work/keycloak/keycloak/testsuite/integration-arquillian/tests/base/src/test/java/org/keycloak/testsuite/util/UserBuilder.java:[176,12] setTotp(java.lang.Boolean) in org.keycloak.representations.idm.UserRepresentation has been deprecated
WebAuthn IT (firefox)	Run WebAuthn IT	2024-08-14T10:59:10.5520371Z -- [WARNING] /home/runner/work/keycloak/keycloak/testsuite/integration-arquillian/tests/base/src/test/java/org/keycloak/testsuite/oauth/OfflineTokenTest.java:[273,67] getSessionState() in org.keycloak.representations.IDToken has been deprecated
WebAuthn IT (firefox)	Run WebAuthn IT	2024-08-14T10:59:10.5525666Z -- [WARNING] /home/runner/work/keycloak/keycloak/testsuite/integration-arquillian/tests/base/src/test/java/org/keycloak/testsuite/oauth/OfflineTokenTest.java:[347,31] getSessionState() in org.keycloak.representations.IDToken has been deprecated
WebAuthn IT (firefox)	Run WebAuthn IT	2024-08-14T10:59:10.5530650Z -- [WARNING] /home/runner/work/keycloak/keycloak/testsuite/integration-arquillian/tests/base/src/test/java/org/keycloak/testsuite/oauth/OfflineTokenTest.java:[361,83] getSessionState() in org.keycloak.representations.IDToken has been deprecated
WebAuthn IT (firefox)	Run WebAuthn IT	2024-08-14T10:59:10.5535866Z -- [WARNING] /home/runner/work/keycloak/keycloak/testsuite/integration-arquillian/tests/base/src/test/java/org/keycloak/testsuite/oauth/OfflineTokenTest.java:[364,83] getSessionState() in org.keycloak.representations.IDToken has been deprecated
WebAuthn IT (firefox)	Run WebAuthn IT	2024-08-14T10:59:10.5541303Z -- [WARNING] /home/runner/work/keycloak/keycloak/testsuite/integration-arquillian/tests/base/src/test/java/org/keycloak/testsuite/oauth/OfflineTokenTest.java:[382,31] getSessionState() in org.keycloak.representations.IDToken has been deprecated
WebAuthn IT (firefox)	Run WebAuthn IT	2024-08-14T10:59:10.5549706Z -- [WARNING] /home/runner/work/keycloak/keycloak/testsuite/integration-arquillian/tests/base/src/test/java/org/keycloak/testsuite/oauth/OfflineTokenTest.java:[396,112] getSessionState() in org.keycloak.representations.IDToken has been deprecated
WebAuthn IT (firefox)	Run WebAuthn IT	2024-08-14T10:59:10.5554967Z -- [WARNING] /home/runner/work/keycloak/keycloak/testsuite/integration-arquillian/tests/base/src/test/java/org/keycloak/testsuite/oauth/OfflineTokenTest.java:[402,57] getSessionState() in org.keycloak.representations.IDToken has been deprecated
WebAuthn IT (firefox)	Run WebAuthn IT	2024-08-14T10:59:10.5560022Z -- [WARNING] /home/runner/work/keycloak/keycloak/testsuite/integration-arquillian/tests/base/src/test/java/org/keycloak/testsuite/oauth/OfflineTokenTest.java:[412,66] getSessionState() in org.keycloak.representations.IDToken has been deprecated
WebAuthn IT (firefox)	Run WebAuthn IT	2024-08-14T10:59:10.5565611Z -- [WARNING] /home/runner/work/keycloak/keycloak/testsuite/integration-arquillian/tests/base/src/test/java/org/keycloak/testsuite/oauth/OfflineTokenTest.java:[435,31] getSessionState() in org.keycloak.representations.IDToken has been deprecated
WebAuthn IT (firefox)	Run WebAuthn IT	2024-08-14T10:59:10.5571109Z -- [WARNING] /home/runner/work/keycloak/keycloak/testsuite/integration-arquillian/tests/base/src/test/java/org/keycloak/testsuite/oauth/OfflineTokenTest.java:[445,83] getSessionState() in org.keycloak.representations.IDToken has been deprecated
WebAuthn IT (firefox)	Run WebAuthn IT	2024-08-14T10:59:10.5576152Z -- [WARNING] /home/runner/work/keycloak/keycloak/testsuite/integration-arquillian/tests/base/src/test/java/org/keycloak/testsuite/oauth/OfflineTokenTest.java:[457,32] getSessionState() in org.keycloak.representations.IDToken has been deprecated
WebAuthn IT (firefox)	Run WebAuthn IT	2024-08-14T10:59:10.5581155Z -- [WARNING] /home/runner/work/keycloak/keycloak/testsuite/integration-arquillian/tests/base/src/test/java/org/keycloak/testsuite/oauth/OfflineTokenTest.java:[465,83] getSessionState() in org.keycloak.representations.IDToken has been deprecated
WebAuthn IT (firefox)	Run WebAuthn IT	2024-08-14T10:59:10.5586668Z -- [WARNING] /home/runner/work/keycloak/keycloak/testsuite/integration-arquillian/tests/base/src/test/java/org/keycloak/testsuite/oauth/OfflineTokenTest.java:[466,87] getSessionState() in org.keycloak.representations.IDToken has been deprecated
WebAuthn IT (firefox)	Run WebAuthn IT	2024-08-14T10:59:10.5591705Z -- [WARNING] /home/runner/work/keycloak/keycloak/testsuite/integration-arquillian/tests/base/src/test/java/org/keycloak/testsuite/oauth/OfflineTokenTest.java:[561,31] getSessionState() in org.keycloak.representations.IDToken has been deprecated
WebAuthn IT (firefox)	Run WebAuthn IT	2024-08-14T10:59:10.5596635Z -- [WARNING] /home/runner/work/keycloak/keycloak/testsuite/integration-arquillian/tests/base/src/test/java/org/keycloak/testsuite/oauth/OfflineTokenTest.java:[683,111] getSessionState() in org.keycloak.representations.IDToken has been deprecated
WebAuthn IT (firefox)	Run WebAuthn IT	2024-08-14T10:59:10.5602005Z -- [WARNING] /home/runner/work/keycloak/keycloak/testsuite/integration-arquillian/tests/base/src/test/java/org/keycloak/testsuite/oauth/OfflineTokenTest.java:[711,55] getSessionState() in org.keycloak.representations.IDToken has been deprecated
WebAuthn IT (firefox)	Run WebAuthn IT	2024-08-14T10:59:10.5607089Z -- [WARNING] /home/runner/work/keycloak/keycloak/testsuite/integration-arquillian/tests/base/src/test/java/org/keycloak/testsuite/oauth/OfflineTokenTest.java:[720,37] getSessionState() in org.keycloak.representations.IDToken has been deprecated
WebAuthn IT (firefox)	Run WebAuthn IT	2024-08-14T10:59:10.5612002Z -- [WARNING] /home/runner/work/keycloak/keycloak/testsuite/integration-arquillian/tests/base/src/test/java/org/keycloak/testsuite/oauth/OfflineTokenTest.java:[720,70] getSessionState() in org.keycloak.representations.IDToken has been deprecated
WebAuthn IT (firefox)	Run WebAuthn IT	2024-08-14T10:59:10.5617168Z -- [WARNING] /home/runner/work/keycloak/keycloak/testsuite/integration-arquillian/tests/base/src/test/java/org/keycloak/testsuite/oauth/OfflineTokenTest.java:[972,31] getSessionState() in org.keycloak.representations.IDToken has been deprecated
WebAuthn IT (firefox)	Run WebAuthn IT	2024-08-14T10:59:10.5622718Z -- [WARNING] /home/runner/work/keycloak/keycloak/testsuite/integration-arquillian/tests/base/src/test/java/org/keycloak/testsuite/oauth/OfflineTokenTest.java:[982,83] getSessionState() in org.keycloak.representations.IDToken has been deprecated
WebAuthn IT (firefox)	Run WebAuthn IT	2024-08-14T10:59:10.5628067Z -- [WARNING] /home/runner/work/keycloak/keycloak/testsuite/integration-arquillian/tests/base/src/test/java/org/keycloak/testsuite/oauth/OfflineTokenTest.java:[994,32] getSessionState() in org.keycloak.representations.IDToken has been deprecated
WebAuthn IT (firefox)	Run WebAuthn IT	2024-08-14T10:59:10.5633603Z -- [WARNING] /home/runner/work/keycloak/keycloak/testsuite/integration-arquillian/tests/base/src/test/java/org/keycloak/testsuite/oauth/OfflineTokenTest.java:[1002,83] getSessionState() in org.keycloak.representations.IDToken has been deprecated
WebAuthn IT (firefox)	Run WebAuthn IT	2024-08-14T10:59:10.5638659Z -- [WARNING] /home/runner/work/keycloak/keycloak/testsuite/integration-arquillian/tests/base/src/test/java/org/keycloak/testsuite/oauth/OfflineTokenTest.java:[1003,87] getSessionState() in org.keycloak.representations.IDToken has been deprecated
WebAuthn IT (firefox)	Run WebAuthn IT	2024-08-14T10:59:10.5645721Z -- [WARNING] /home/runner/work/keycloak/keycloak/testsuite/integration-arquillian/tests/base/src/test/java/org/keycloak/testsuite/oauth/OfflineTokenTest.java:[1044,31] getSessionState() in org.keycloak.representations.IDToken has been deprecated
WebAuthn IT (firefox)	Run WebAuthn IT	2024-08-14T10:59:10.5651209Z -- [WARNING] /home/runner/work/keycloak/keycloak/testsuite/integration-arquillian/tests/base/src/test/java/org/keycloak/testsuite/cluster/AbstractInvalidationClusterTest.java:[179,41] unchecked method invocation: method sort in class java.util.Collections is applied to given types
WebAuthn IT (firefox)	Run WebAuthn IT	2024-08-14T10:59:10.5654473Z --   required: java.util.List<T>
WebAuthn IT (firefox)	Run WebAuthn IT	2024-08-14T10:59:10.5655490Z --   found:    java.util.List
WebAuthn IT (firefox)	Run WebAuthn IT	2024-08-14T10:59:10.5658237Z -- [WARNING] /home/runner/work/keycloak/keycloak/testsuite/integration-arquillian/tests/base/src/test/java/org/keycloak/testsuite/cluster/AbstractInvalidationClusterTest.java:[179,42] unchecked conversion
WebAuthn IT (firefox)	Run WebAuthn IT	2024-08-14T10:59:10.5660746Z --   required: java.util.List<T>
WebAuthn IT (firefox)	Run WebAuthn IT	2024-08-14T10:59:10.5661643Z --   found:    java.util.List
WebAuthn IT (firefox)	Run WebAuthn IT	2024-08-14T10:59:10.5665140Z -- [WARNING] /home/runner/work/keycloak/keycloak/testsuite/integration-arquillian/tests/base/src/test/java/org/keycloak/testsuite/adapter/servlet/SAMLServletAdapterTest.java:[1822,69] getSameSiteLegacyName() in org.keycloak.cookie.CookieType has been deprecated
WebAuthn IT (firefox)	Run WebAuthn IT	2024-08-14T10:59:10.5670319Z -- [WARNING] /home/runner/work/keycloak/keycloak/testsuite/integration-arquillian/tests/base/src/test/java/org/keycloak/testsuite/adapter/servlet/SAMLServletAdapterTest.java:[1824,72] getSameSiteLegacyName() in org.keycloak.cookie.CookieType has been deprecated
WebAuthn IT (firefox)	Run WebAuthn IT	2024-08-14T10:59:10.5675280Z -- [WARNING] /home/runner/work/keycloak/keycloak/testsuite/integration-arquillian/tests/base/src/test/java/org/keycloak/testsuite/oidc/OIDCAdvancedRequestParamsTest.java:[406,39] getSessionState() in org.keycloak.representations.IDToken has been deprecated
WebAuthn IT (firefox)	Run WebAuthn IT	2024-08-14T10:59:10.5680132Z -- [WARNING] /home/runner/work/keycloak/keycloak/testsuite/integration-arquillian/tests/base/src/test/java/org/keycloak/testsuite/oidc/OIDCAdvancedRequestParamsTest.java:[406,69] getSessionState() in org.keycloak.representations.IDToken has been deprecated
WebAuthn IT (firefox)	Run WebAuthn IT	2024-08-14T10:59:10.5752923Z -- [WARNING] /home/runner/work/keycloak/keycloak/testsuite/integration-arquillian/tests/base/src/test/java/org/keycloak/testsuite/oidc/OIDCAdvancedRequestParamsTest.java:[1445,58] getKeysForUse(org.keycloak.jose.jwk.JSONWebKeySet,org.keycloak.jose.jwk.JWK.Use) in org.keycloak.util.JWKSUtils has been deprecated
WebAuthn IT (firefox)	Run WebAuthn IT	2024-08-14T10:59:10.5764286Z -- [WARNING] /home/runner/work/keycloak/keycloak/testsuite/integration-arquillian/tests/base/src/test/java/org/keycloak/testsuite/oidc/OIDCAdvancedRequestParamsTest.java:[1532,58] getKeysForUse(org.keycloak.jose.jwk.JSONWebKeySet,org.keycloak.jose.jwk.JWK.Use) in org.keycloak.util.JWKSUtils has been deprecated
WebAuthn IT (firefox)	Run WebAuthn IT	2024-08-14T10:59:10.5775869Z -- [WARNING] /home/runner/work/keycloak/keycloak/testsuite/integration-arquillian/tests/base/src/test/java/org/keycloak/testsuite/util/FlowUtil.java:[206,42] getIdentityProviderByAlias(java.lang.String) in org.keycloak.models.RealmModel has been deprecated
WebAuthn IT (firefox)	Run WebAuthn IT	2024-08-14T10:59:10.5782770Z -- [WARNING] /home/runner/work/keycloak/keycloak/testsuite/integration-arquillian/tests/base/src/test/java/org/keycloak/testsuite/util/FlowUtil.java:[208,14] updateIdentityProvider(org.keycloak.models.IdentityProviderModel) in org.keycloak.models.RealmModel has been deprecated
WebAuthn IT (firefox)	Run WebAuthn IT	2024-08-14T10:59:10.5789943Z -- [WARNING] /home/runner/work/keycloak/keycloak/testsuite/integration-arquillian/tests/base/src/test/java/org/keycloak/testsuite/authz/admin/GenericPolicyManagementTest.java:[147,25] unchecked call to ArrayList(java.util.Collection<? extends E>) as a member of the raw type java.util.ArrayList
WebAuthn IT (firefox)	Run WebAuthn IT	2024-08-14T10:59:10.5801669Z -- [WARNING] /home/runner/work/keycloak/keycloak/testsuite/integration-arquillian/tests/base/src/test/java/org/keycloak/testsuite/adapter/AbstractAdapterClusteredTest.java:[102,23] ProxyHandler(io.undertow.server.handlers.proxy.ProxyClient,int,io.undertow.server.HttpHandler) in io.undertow.server.handlers.proxy.ProxyHandler has been deprecated
WebAuthn IT (firefox)	Run WebAuthn IT	2024-08-14T10:59:10.5810256Z -- [WARNING] /home/runner/work/keycloak/keycloak/testsuite/integration-arquillian/tests/base/src/test/java/org/keycloak/testsuite/federation/storage/ClientStorageTest.java:[469,31] getSessionState() in org.keycloak.representations.IDToken has been deprecated
WebAuthn IT (firefox)	Run WebAuthn IT	2024-08-14T10:59:10.5817423Z -- [WARNING] /home/runner/work/keycloak/keycloak/testsuite/integration-arquillian/tests/base/src/test/java/org/keycloak/testsuite/federation/storage/ClientStorageTest.java:[483,83] getSessionState() in org.keycloak.representations.IDToken has been deprecated
WebAuthn IT (firefox)	Run WebAuthn IT	2024-08-14T10:59:10.5826201Z -- [WARNING] /home/runner/work/keycloak/keycloak/testsuite/integration-arquillian/tests/base/src/test/java/org/keycloak/testsuite/federation/storage/ClientStorageTest.java:[486,83] getSessionState() in org.keycloak.representations.IDToken has been deprecated
WebAuthn IT (firefox)	Run WebAuthn IT	2024-08-14T10:59:10.5835055Z -- [WARNING] /home/runner/work/keycloak/keycloak/testsuite/integration-arquillian/tests/base/src/test/java/org/keycloak/testsuite/federation/storage/ClientStorageTest.java:[516,111] getSessionState() in org.keycloak.representations.IDToken has been deprecated
WebAuthn IT (firefox)	Run WebAuthn IT	2024-08-14T10:59:10.5843388Z -- [WARNING] /home/runner/work/keycloak/keycloak/testsuite/integration-arquillian/tests/base/src/test/java/org/keycloak/testsuite/federation/storage/ClientStorageTest.java:[519,65] getSessionState() in org.keycloak.representations.IDToken has been deprecated
WebAuthn IT (firefox)	Run WebAuthn IT	2024-08-14T10:59:10.5851909Z -- [WARNING] /home/runner/work/keycloak/keycloak/testsuite/integration-arquillian/tests/base/src/test/java/org/keycloak/testsuite/composites/CompositeRoleTest.java:[119,17] defaultRoles(java.lang.String...) in org.keycloak.testsuite.util.ClientBuilder has been deprecated
WebAuthn IT (firefox)	Run WebAuthn IT	2024-08-14T10:59:10.5858645Z -- [WARNING] /home/runner/work/keycloak/keycloak/testsuite/integration-arquillian/tests/base/src/test/java/org/keycloak/testsuite/composites/CompositeRoleTest.java:[139,17] defaultRoles(java.lang.String...) in org.keycloak.testsuite.util.ClientBuilder has been deprecated
WebAuthn IT (firefox)	Run WebAuthn IT	2024-08-14T10:59:10.5866151Z -- [WARNING] /home/runner/work/keycloak/keycloak/testsuite/integration-arquillian/tests/base/src/test/java/org/keycloak/testsuite/forms/LevelOfAssuranceFlowTest.java:[666,91] STORE_IN_USER_SESSION in org.keycloak.authentication.authenticators.conditional.ConditionalLoaAuthenticator has been deprecated
WebAuthn IT (firefox)	Run WebAuthn IT	2024-08-14T10:59:10.5892393Z -- [WARNING] /home/runner/work/keycloak/keycloak/testsuite/integration-arquillian/tests/base/src/test/java/org/keycloak/testsuite/forms/LevelOfAssuranceFlowTest.java:[678,91] STORE_IN_USER_SESSION in org.keycloak.authentication.authenticators.conditional.ConditionalLoaAuthenticator has been deprecated
WebAuthn IT (firefox)	Run WebAuthn IT	2024-08-14T10:59:10.5898936Z -- [WARNING] /home/runner/work/keycloak/keycloak/testsuite/integration-arquillian/tests/base/src/test/java/org/keycloak/testsuite/forms/LevelOfAssuranceFlowTest.java:[690,91] STORE_IN_USER_SESSION in org.keycloak.authentication.authenticators.conditional.ConditionalLoaAuthenticator has been deprecated
WebAuthn IT (firefox)	Run WebAuthn IT	2024-08-14T10:59:10.5904978Z -- [WARNING] /home/runner/work/keycloak/keycloak/testsuite/integration-arquillian/tests/base/src/test/java/org/keycloak/testsuite/cluster/AuthenticationSessionFailoverClusterTest.java:[117,90] getSameSiteLegacyName() in org.keycloak.cookie.CookieType has been deprecated
WebAuthn IT (firefox)	Run WebAuthn IT	2024-08-14T10:59:10.5910353Z -- [WARNING] /home/runner/work/keycloak/keycloak/testsuite/integration-arquillian/tests/base/src/test/java/org/keycloak/testsuite/federation/kerberos/AbstractKerberosTest.java:[224,16] unchecked call to put(K,V) as a member of the raw type java.util.Hashtable
WebAuthn IT (firefox)	Run WebAuthn IT	2024-08-14T10:59:10.5915438Z -- [WARNING] /home/runner/work/keycloak/keycloak/testsuite/integration-arquillian/tests/base/src/test/java/org/keycloak/testsuite/federation/kerberos/AbstractKerberosTest.java:[225,16] unchecked call to put(K,V) as a member of the raw type java.util.Hashtable
WebAuthn IT (firefox)	Run WebAuthn IT	2024-08-14T10:59:10.5920932Z -- [WARNING] /home/runner/work/keycloak/keycloak/testsuite/integration-arquillian/tests/base/src/test/java/org/keycloak/testsuite/federation/kerberos/AbstractKerberosTest.java:[228,20] unchecked call to put(K,V) as a member of the raw type java.util.Hashtable
WebAuthn IT (firefox)	Run WebAuthn IT	2024-08-14T10:59:10.5925957Z -- [WARNING] /home/runner/work/keycloak/keycloak/testsuite/integration-arquillian/tests/base/src/test/java/org/keycloak/testsuite/federation/kerberos/AbstractKerberosTest.java:[229,20] unchecked call to put(K,V) as a member of the raw type java.util.Hashtable
WebAuthn IT (firefox)	Run WebAuthn IT	2024-08-14T10:59:10.5931119Z -- [WARNING] /home/runner/work/keycloak/keycloak/testsuite/integration-arquillian/tests/base/src/test/java/org/keycloak/testsuite/broker/KcOidcBrokerTransientSessionsTest.java:[632,71] getSessionState() in org.keycloak.representations.IDToken has been deprecated
WebAuthn IT (firefox)	Run WebAuthn IT	2024-08-14T10:59:10.5936495Z -- [WARNING] /home/runner/work/keycloak/keycloak/testsuite/integration-arquillian/tests/base/src/test/java/org/keycloak/testsuite/oauth/AbstractClientAuthSignedJWTTest.java:[348,41] getSessionState() in org.keycloak.representations.IDToken has been deprecated
WebAuthn IT (firefox)	Run WebAuthn IT	2024-08-14T10:59:10.5941715Z -- [WARNING] /home/runner/work/keycloak/keycloak/testsuite/integration-arquillian/tests/base/src/test/java/org/keycloak/testsuite/oauth/AbstractClientAuthSignedJWTTest.java:[416,37] getSessionState() in org.keycloak.representations.IDToken has been deprecated
WebAuthn IT (firefox)	Run WebAuthn IT	2024-08-14T10:59:10.5946970Z -- [WARNING] /home/runner/work/keycloak/keycloak/testsuite/integration-arquillian/tests/base/src/test/java/org/keycloak/testsuite/oauth/AbstractClientAuthSignedJWTTest.java:[576,37] getSessionState() in org.keycloak.representations.IDToken has been deprecated
WebAuthn IT (firefox)	Run WebAuthn IT	2024-08-14T10:59:10.5952333Z -- [WARNING] /home/runner/work/keycloak/keycloak/testsuite/integration-arquillian/tests/base/src/test/java/org/keycloak/testsuite/oauth/AbstractClientAuthSignedJWTTest.java:[713,42] org.apache.http.impl.client.DefaultHttpClient in org.apache.http.impl.client has been deprecated
WebAuthn IT (firefox)	Run WebAuthn IT	2024-08-14T10:59:10.5958743Z -- [WARNING] /home/runner/work/keycloak/keycloak/testsuite/integration-arquillian/tests/base/src/test/java/org/keycloak/testsuite/admin/PermissionsTest.java:[381,35] testLDAPConnection(java.lang.String,java.lang.String,java.lang.String,java.lang.String,java.lang.String,java.lang.String) in org.keycloak.admin.client.resource.RealmResource has been deprecated
WebAuthn IT (firefox)	Run WebAuthn IT	2024-08-14T10:59:10.5965369Z -- [WARNING] /home/runner/work/keycloak/keycloak/testsuite/integration-arquillian/tests/base/src/test/java/org/keycloak/testsuite/admin/PermissionsTest.java:[668,83] unchecked method invocation: method createMapper in interface org.keycloak.admin.client.resource.ProtocolMappersResource is applied to given types
WebAuthn IT (firefox)	Run WebAuthn IT	2024-08-14T10:59:10.5969300Z --   required: java.util.List<org.keycloak.representations.idm.ProtocolMapperRepresentation>
WebAuthn IT (firefox)	Run WebAuthn IT	2024-08-14T10:59:10.5970968Z --   found:    java.util.List
WebAuthn IT (firefox)	Run WebAuthn IT	2024-08-14T10:59:10.5973296Z -- [WARNING] /home/runner/work/keycloak/keycloak/testsuite/integration-arquillian/tests/base/src/test/java/org/keycloak/testsuite/admin/PermissionsTest.java:[668,95] unchecked conversion
WebAuthn IT (firefox)	Run WebAuthn IT	2024-08-14T10:59:10.5976105Z --   required: java.util.List<org.keycloak.representations.idm.ProtocolMapperRepresentation>
WebAuthn IT (firefox)	Run WebAuthn IT	2024-08-14T10:59:10.5977361Z --   found:    java.util.List
WebAuthn IT (firefox)	Run WebAuthn IT	2024-08-14T10:59:10.5980972Z -- [WARNING] /home/runner/work/keycloak/keycloak/testsuite/integration-arquillian/tests/base/src/test/java/org/keycloak/testsuite/admin/PermissionsTest.java:[1814,64] getRealmLocalizationTexts(java.lang.String,java.lang.Boolean) in org.keycloak.admin.client.resource.RealmLocalizationResource has been deprecated
WebAuthn IT (firefox)	Run WebAuthn IT	2024-08-14T10:59:10.6021477Z -- [WARNING] /home/runner/work/keycloak/keycloak/testsuite/integration-arquillian/tests/base/src/test/java/org/keycloak/testsuite/oidc/AuthenticationMethodReferenceTest.java:[481,43] getSessionState() in org.keycloak.representations.IDToken has been deprecated
WebAuthn IT (firefox)	Run WebAuthn IT	2024-08-14T10:59:10.6026639Z -- [WARNING] /home/runner/work/keycloak/keycloak/testsuite/integration-arquillian/tests/base/src/test/java/org/keycloak/testsuite/oidc/AuthenticationMethodReferenceTest.java:[528,69] unchecked cast
WebAuthn IT (firefox)	Run WebAuthn IT	2024-08-14T10:59:10.6028842Z --   required: java.util.List<java.lang.String>
WebAuthn IT (firefox)	Run WebAuthn IT	2024-08-14T10:59:10.6029526Z --   found:    java.lang.Object
WebAuthn IT (firefox)	Run WebAuthn IT	2024-08-14T10:59:10.6032483Z -- [WARNING] /home/runner/work/keycloak/keycloak/testsuite/integration-arquillian/tests/base/src/test/java/org/keycloak/testsuite/authz/admin/AbstractPolicyManagementTest.java:[74,25] defaultRoles(java.lang.String...) in org.keycloak.testsuite.util.ClientBuilder has been deprecated
WebAuthn IT (firefox)	Run WebAuthn IT	2024-08-14T10:59:10.6037411Z -- [WARNING] /home/runner/work/keycloak/keycloak/testsuite/integration-arquillian/tests/base/src/test/java/org/keycloak/testsuite/admin/concurrency/ConcurrentLoginTest.java:[443,40] getSessionState() in org.keycloak.representations.IDToken has been deprecated
WebAuthn IT (firefox)	Run WebAuthn IT	2024-08-14T10:59:10.6041662Z -- [WARNING] /home/runner/work/keycloak/keycloak/testsuite/integration-arquillian/tests/base/src/test/java/org/keycloak/testsuite/crossdc/AbstractAdminCrossDCTest.java:[97,50] unchecked cast
WebAuthn IT (firefox)	Run WebAuthn IT	2024-08-14T10:59:10.6043825Z --   required: T
WebAuthn IT (firefox)	Run WebAuthn IT	2024-08-14T10:59:10.6044337Z --   found:    java.lang.Comparable
WebAuthn IT (firefox)	Run WebAuthn IT	2024-08-14T10:59:10.6046681Z -- [WARNING] /home/runner/work/keycloak/keycloak/testsuite/integration-arquillian/tests/base/src/test/java/org/keycloak/testsuite/crossdc/AbstractAdminCrossDCTest.java:[101,54] unchecked cast
WebAuthn IT (firefox)	Run WebAuthn IT	2024-08-14T10:59:10.6048897Z --   required: T
WebAuthn IT (firefox)	Run WebAuthn IT	2024-08-14T10:59:10.6049451Z --   found:    java.lang.Comparable
WebAuthn IT (firefox)	Run WebAuthn IT	2024-08-14T10:59:10.6052434Z -- [WARNING] /home/runner/work/keycloak/keycloak/testsuite/integration-arquillian/tests/base/src/test/java/org/keycloak/testsuite/crossdc/SessionExpirationCrossDCTest.java:[577,80] getSessionState() in org.keycloak.representations.IDToken has been deprecated
WebAuthn IT (firefox)	Run WebAuthn IT	2024-08-14T10:59:10.6057567Z -- [WARNING] /home/runner/work/keycloak/keycloak/testsuite/integration-arquillian/tests/base/src/test/java/org/keycloak/testsuite/crossdc/SessionExpirationCrossDCTest.java:[607,80] getSessionState() in org.keycloak.representations.IDToken has been deprecated
WebAuthn IT (firefox)	Run WebAuthn IT	2024-08-14T10:59:10.6063194Z -- [WARNING] /home/runner/work/keycloak/keycloak/testsuite/integration-arquillian/tests/base/src/test/java/org/keycloak/testsuite/organization/admin/OrganizationInvitationLinkTest.java:[220,35] pageLoadTimeout(long,java.util.concurrent.TimeUnit) in org.openqa.selenium.WebDriver.Timeouts has been deprecated
WebAuthn IT (firefox)	Run WebAuthn IT	2024-08-14T10:59:10.6069196Z -- [INFO] /home/runner/work/keycloak/keycloak/testsuite/integration-arquillian/tests/base/src/test/java/org/keycloak/testsuite/organization/broker/OrganizationIdentityProviderTest.java: Some input files additionally use or override a deprecated API.
WebAuthn IT (firefox)	Run WebAuthn IT	2024-08-14T10:59:10.6073975Z -- [INFO] /home/runner/work/keycloak/keycloak/testsuite/integration-arquillian/tests/base/src/test/java/org/keycloak/testsuite/admin/event/EventConfigTest.java: Some input files additionally use unchecked or unsafe operations.
WebAuthn IT (firefox)	Run WebAuthn IT	2024-08-14T10:59:10.6076718Z -- [INFO] 
WebAuthn IT (firefox)	Run WebAuthn IT	2024-08-14T10:59:10.6077913Z -- [INFO] --- shrinkwrap-resolver:3.2.1:propagate-execution-context (default) @ integration-arquillian-tests-base ---
WebAuthn IT (firefox)	Run WebAuthn IT	2024-08-14T10:59:10.6758667Z -- [INFO] 
WebAuthn IT (firefox)	Run WebAuthn IT	2024-08-14T10:59:10.6759836Z -- [INFO] --- docker:0.40.3:start (start-db-container) @ integration-arquillian-tests-base ---
WebAuthn IT (firefox)	Run WebAuthn IT	2024-08-14T10:59:10.9465971Z -- [INFO] 
WebAuthn IT (firefox)	Run WebAuthn IT	2024-08-14T10:59:10.9467790Z -- [INFO] --- surefire:3.0.0-M7:test (default-test) @ integration-arquillian-tests-base ---
WebAuthn IT (firefox)	Run WebAuthn IT	2024-08-14T10:59:11.0823381Z -- [INFO] Using auto detected provider org.apache.maven.surefire.junit4.JUnit4Provider
WebAuthn IT (firefox)	Run WebAuthn IT	2024-08-14T10:59:11.1926456Z -- [INFO] Downloading from jboss-public-repository: https://repository.jboss.org/nexus/content/groups/public/org/apache/maven/surefire/surefire-junit4/3.0.0-M7/surefire-junit4-3.0.0-M7.jar
WebAuthn IT (firefox)	Run WebAuthn IT	2024-08-14T10:59:11.5337337Z -- [INFO] Downloading from central: https://repo.maven.apache.org/maven2/org/apache/maven/surefire/surefire-junit4/3.0.0-M7/surefire-junit4-3.0.0-M7.jar
WebAuthn IT (firefox)	Run WebAuthn IT	2024-08-14T10:59:11.5729788Z -- [INFO] Downloaded from central: https://repo.maven.apache.org/maven2/org/apache/maven/surefire/surefire-junit4/3.0.0-M7/surefire-junit4-3.0.0-M7.jar (18 kB at 441 kB/s)
WebAuthn IT (firefox)	Run WebAuthn IT	2024-08-14T10:59:11.5747587Z -- [INFO] Downloading from jboss-public-repository: https://repository.jboss.org/nexus/content/groups/public/org/apache/maven/surefire/surefire-junit4/3.0.0-M7/surefire-junit4-3.0.0-M7.pom
WebAuthn IT (firefox)	Run WebAuthn IT	2024-08-14T10:59:11.6894686Z -- [INFO] Downloading from central: https://repo.maven.apache.org/maven2/org/apache/maven/surefire/surefire-junit4/3.0.0-M7/surefire-junit4-3.0.0-M7.pom
WebAuthn IT (firefox)	Run WebAuthn IT	2024-08-14T10:59:11.7002421Z -- [INFO] Downloaded from central: https://repo.maven.apache.org/maven2/org/apache/maven/surefire/surefire-junit4/3.0.0-M7/surefire-junit4-3.0.0-M7.pom (2.9 kB at 265 kB/s)
WebAuthn IT (firefox)	Run WebAuthn IT	2024-08-14T10:59:11.7027909Z -- [INFO] Downloading from jboss-public-repository: https://repository.jboss.org/nexus/content/groups/public/org/apache/maven/surefire/surefire-providers/3.0.0-M7/surefire-providers-3.0.0-M7.pom
WebAuthn IT (firefox)	Run WebAuthn IT	2024-08-14T10:59:11.7800670Z -- [INFO] Downloading from central: https://repo.maven.apache.org/maven2/org/apache/maven/surefire/surefire-providers/3.0.0-M7/surefire-providers-3.0.0-M7.pom
WebAuthn IT (firefox)	Run WebAuthn IT	2024-08-14T10:59:11.7887692Z -- [INFO] Downloaded from central: https://repo.maven.apache.org/maven2/org/apache/maven/surefire/surefire-providers/3.0.0-M7/surefire-providers-3.0.0-M7.pom (2.5 kB at 282 kB/s)
WebAuthn IT (firefox)	Run WebAuthn IT	2024-08-14T10:59:11.7972995Z -- [INFO] Downloading from jboss-public-repository: https://repository.jboss.org/nexus/content/groups/public/junit/junit/4.0/junit-4.0.pom
WebAuthn IT (firefox)	Run WebAuthn IT	2024-08-14T10:59:11.8775201Z -- [INFO] Downloading from central: https://repo.maven.apache.org/maven2/junit/junit/4.0/junit-4.0.pom
WebAuthn IT (firefox)	Run WebAuthn IT	2024-08-14T10:59:11.8866251Z -- [INFO] Downloaded from central: https://repo.maven.apache.org/maven2/junit/junit/4.0/junit-4.0.pom (210 B at 21 kB/s)
WebAuthn IT (firefox)	Run WebAuthn IT	2024-08-14T10:59:11.8887102Z -- [INFO] Downloading from jboss-public-repository: https://repository.jboss.org/nexus/content/groups/public/org/apache/maven/surefire/common-junit4/3.0.0-M7/common-junit4-3.0.0-M7.pom
WebAuthn IT (firefox)	Run WebAuthn IT	2024-08-14T10:59:11.9876419Z -- [INFO] Downloading from central: https://repo.maven.apache.org/maven2/org/apache/maven/surefire/common-junit4/3.0.0-M7/common-junit4-3.0.0-M7.pom
WebAuthn IT (firefox)	Run WebAuthn IT	2024-08-14T10:59:11.9956662Z -- [INFO] Downloaded from central: https://repo.maven.apache.org/maven2/org/apache/maven/surefire/common-junit4/3.0.0-M7/common-junit4-3.0.0-M7.pom (3.0 kB at 375 kB/s)
WebAuthn IT (firefox)	Run WebAuthn IT	2024-08-14T10:59:12.0038922Z -- [INFO] Downloading from jboss-public-repository: https://repository.jboss.org/nexus/content/groups/public/org/apache/maven/surefire/common-junit3/3.0.0-M7/common-junit3-3.0.0-M7.pom
WebAuthn IT (firefox)	Run WebAuthn IT	2024-08-14T10:59:12.1099730Z -- [INFO] Downloading from central: https://repo.maven.apache.org/maven2/org/apache/maven/surefire/common-junit3/3.0.0-M7/common-junit3-3.0.0-M7.pom
WebAuthn IT (firefox)	Run WebAuthn IT	2024-08-14T10:59:12.1183815Z -- [INFO] Downloaded from central: https://repo.maven.apache.org/maven2/org/apache/maven/surefire/common-junit3/3.0.0-M7/common-junit3-3.0.0-M7.pom (2.7 kB at 332 kB/s)
WebAuthn IT (firefox)	Run WebAuthn IT	2024-08-14T10:59:12.1264786Z -- [INFO] Downloading from jboss-public-repository: https://repository.jboss.org/nexus/content/groups/public/org/apache/maven/surefire/common-java5/3.0.0-M7/common-java5-3.0.0-M7.pom
WebAuthn IT (firefox)	Run WebAuthn IT	2024-08-14T10:59:12.2220463Z -- [INFO] Downloading from central: https://repo.maven.apache.org/maven2/org/apache/maven/surefire/common-java5/3.0.0-M7/common-java5-3.0.0-M7.pom
WebAuthn IT (firefox)	Run WebAuthn IT	2024-08-14T10:59:12.2308922Z -- [INFO] Downloaded from central: https://repo.maven.apache.org/maven2/org/apache/maven/surefire/common-java5/3.0.0-M7/common-java5-3.0.0-M7.pom (2.7 kB at 299 kB/s)
WebAuthn IT (firefox)	Run WebAuthn IT	2024-08-14T10:59:12.2395985Z -- [INFO] Downloading from jboss-public-repository: https://repository.jboss.org/nexus/content/groups/public/org/hamcrest/hamcrest-library/1.3/hamcrest-library-1.3.pom
WebAuthn IT (firefox)	Run WebAuthn IT	2024-08-14T10:59:12.3030154Z -- [INFO] Downloading from central: https://repo.maven.apache.org/maven2/org/hamcrest/hamcrest-library/1.3/hamcrest-library-1.3.pom
WebAuthn IT (firefox)	Run WebAuthn IT	2024-08-14T10:59:12.3109096Z -- [INFO] Downloaded from central: https://repo.maven.apache.org/maven2/org/hamcrest/hamcrest-library/1.3/hamcrest-library-1.3.pom (820 B at 102 kB/s)
WebAuthn IT (firefox)	Run WebAuthn IT	2024-08-14T10:59:12.3160128Z -- [INFO] Downloading from jboss-public-repository: https://repository.jboss.org/nexus/content/groups/public/org/assertj/assertj-core/3.22.0/assertj-core-3.22.0.pom
WebAuthn IT (firefox)	Run WebAuthn IT	2024-08-14T10:59:12.3702830Z -- [INFO] Downloading from central: https://repo.maven.apache.org/maven2/org/assertj/assertj-core/3.22.0/assertj-core-3.22.0.pom
WebAuthn IT (firefox)	Run WebAuthn IT	2024-08-14T10:59:12.3858030Z -- [INFO] Downloaded from central: https://repo.maven.apache.org/maven2/org/assertj/assertj-core/3.22.0/assertj-core-3.22.0.pom (31 kB at 1.9 MB/s)
WebAuthn IT (firefox)	Run WebAuthn IT	2024-08-14T10:59:12.3878257Z -- [INFO] Downloading from jboss-public-repository: https://repository.jboss.org/nexus/content/groups/public/org/assertj/assertj-parent-pom/2.2.14/assertj-parent-pom-2.2.14.pom
WebAuthn IT (firefox)	Run WebAuthn IT	2024-08-14T10:59:12.4460736Z -- [INFO] Downloading from central: https://repo.maven.apache.org/maven2/org/assertj/assertj-parent-pom/2.2.14/assertj-parent-pom-2.2.14.pom
WebAuthn IT (firefox)	Run WebAuthn IT	2024-08-14T10:59:12.4556969Z -- [INFO] Downloaded from central: https://repo.maven.apache.org/maven2/org/assertj/assertj-parent-pom/2.2.14/assertj-parent-pom-2.2.14.pom (25 kB at 2.5 MB/s)
WebAuthn IT (firefox)	Run WebAuthn IT	2024-08-14T10:59:12.4579878Z -- [INFO] Downloading from jboss-public-repository: https://repository.jboss.org/nexus/content/groups/public/org/junit/junit-bom/5.8.2/junit-bom-5.8.2.pom
WebAuthn IT (firefox)	Run WebAuthn IT	2024-08-14T10:59:12.5505707Z -- [INFO] Downloading from central: https://repo.maven.apache.org/maven2/org/junit/junit-bom/5.8.2/junit-bom-5.8.2.pom
WebAuthn IT (firefox)	Run WebAuthn IT	2024-08-14T10:59:12.5588525Z -- [INFO] Downloaded from central: https://repo.maven.apache.org/maven2/org/junit/junit-bom/5.8.2/junit-bom-5.8.2.pom (5.6 kB at 704 kB/s)
WebAuthn IT (firefox)	Run WebAuthn IT	2024-08-14T10:59:12.5616259Z -- [INFO] Downloading from jboss-public-repository: https://repository.jboss.org/nexus/content/groups/public/org/junit/junit-bom/5.8.0/junit-bom-5.8.0.pom
WebAuthn IT (firefox)	Run WebAuthn IT	2024-08-14T10:59:12.6362566Z -- [INFO] Downloading from central: https://repo.maven.apache.org/maven2/org/junit/junit-bom/5.8.0/junit-bom-5.8.0.pom
WebAuthn IT (firefox)	Run WebAuthn IT	2024-08-14T10:59:12.6445371Z -- [INFO] Downloaded from central: https://repo.maven.apache.org/maven2/org/junit/junit-bom/5.8.0/junit-bom-5.8.0.pom (5.6 kB at 626 kB/s)
WebAuthn IT (firefox)	Run WebAuthn IT	2024-08-14T10:59:12.6471142Z -- [INFO] Downloading from jboss-public-repository: https://repository.jboss.org/nexus/content/groups/public/org/apache/maven/surefire/common-java5/3.0.0-M7/common-java5-3.0.0-M7.jar
WebAuthn IT (firefox)	Run WebAuthn IT	2024-08-14T10:59:12.6475436Z -- [INFO] Downloading from jboss-public-repository: https://repository.jboss.org/nexus/content/groups/public/org/apache/maven/surefire/common-junit4/3.0.0-M7/common-junit4-3.0.0-M7.jar
WebAuthn IT (firefox)	Run WebAuthn IT	2024-08-14T10:59:12.6479679Z -- [INFO] Downloading from jboss-public-repository: https://repository.jboss.org/nexus/content/groups/public/org/apache/maven/surefire/common-junit3/3.0.0-M7/common-junit3-3.0.0-M7.jar
WebAuthn IT (firefox)	Run WebAuthn IT	2024-08-14T10:59:12.7122665Z -- [INFO] Downloading from central: https://repo.maven.apache.org/maven2/org/apache/maven/surefire/common-junit4/3.0.0-M7/common-junit4-3.0.0-M7.jar
WebAuthn IT (firefox)	Run WebAuthn IT	2024-08-14T10:59:12.7218412Z -- [INFO] Downloaded from central: https://repo.maven.apache.org/maven2/org/apache/maven/surefire/common-junit4/3.0.0-M7/common-junit4-3.0.0-M7.jar (26 kB at 2.6 MB/s)
WebAuthn IT (firefox)	Run WebAuthn IT	2024-08-14T10:59:12.7466409Z -- [INFO] Downloading from central: https://repo.maven.apache.org/maven2/org/apache/maven/surefire/common-junit3/3.0.0-M7/common-junit3-3.0.0-M7.jar
WebAuthn IT (firefox)	Run WebAuthn IT	2024-08-14T10:59:12.7555224Z -- [INFO] Downloaded from central: https://repo.maven.apache.org/maven2/org/apache/maven/surefire/common-junit3/3.0.0-M7/common-junit3-3.0.0-M7.jar (12 kB at 1.3 MB/s)
WebAuthn IT (firefox)	Run WebAuthn IT	2024-08-14T10:59:12.7772168Z -- [INFO] Downloading from central: https://repo.maven.apache.org/maven2/org/apache/maven/surefire/common-java5/3.0.0-M7/common-java5-3.0.0-M7.jar
WebAuthn IT (firefox)	Run WebAuthn IT	2024-08-14T10:59:12.7854684Z -- [INFO] Downloaded from central: https://repo.maven.apache.org/maven2/org/apache/maven/surefire/common-java5/3.0.0-M7/common-java5-3.0.0-M7.jar (17 kB at 2.2 MB/s)
WebAuthn IT (firefox)	Run WebAuthn IT	2024-08-14T10:59:12.7952050Z -- [INFO] 
WebAuthn IT (firefox)	Run WebAuthn IT	2024-08-14T10:59:12.7953459Z -- [INFO] -------------------------------------------------------
WebAuthn IT (firefox)	Run WebAuthn IT	2024-08-14T10:59:12.7954619Z -- [INFO]  T E S T S
WebAuthn IT (firefox)	Run WebAuthn IT	2024-08-14T10:59:12.7956119Z -- [INFO] -------------------------------------------------------
WebAuthn IT (firefox)	Run WebAuthn IT	2024-08-14T10:59:13.6210701Z -- 10:59:13,613 INFO  [org.keycloak.testsuite.util.NonIDERunListener] Setting keycloak.logging.level to off. Keycloak server logging will be disabled
WebAuthn IT (firefox)	Run WebAuthn IT	2024-08-14T10:59:13.6234679Z [INFO] Running org.keycloak.testsuite.webauthn.AppInitiatedActionWebAuthnTest
WebAuthn IT (firefox)	Run WebAuthn IT	2024-08-14T11:00:37.1785687Z [WARNING] Tests run: 3, Failures: 0, Errors: 0, Skipped: 2, Time elapsed: 83.501 s - in org.keycloak.testsuite.webauthn.AppInitiatedActionWebAuthnTest
WebAuthn IT (firefox)	Run WebAuthn IT	2024-08-14T11:00:37.1796766Z [INFO] Running org.keycloak.testsuite.webauthn.VirtualAuthenticatorsManagerTest
WebAuthn IT (firefox)	Run WebAuthn IT	2024-08-14T11:00:41.9788766Z [WARNING] Tests run: 4, Failures: 0, Errors: 0, Skipped: 4, Time elapsed: 4.776 s - in org.keycloak.testsuite.webauthn.VirtualAuthenticatorsManagerTest
WebAuthn IT (firefox)	Run WebAuthn IT	2024-08-14T11:00:41.9945129Z [INFO] Running org.keycloak.testsuite.webauthn.WebAuthnFeatureTest
WebAuthn IT (firefox)	Run WebAuthn IT	2024-08-14T11:00:48.4087124Z [INFO] Tests run: 2, Failures: 0, Errors: 0, Skipped: 0, Time elapsed: 6.412 s - in org.keycloak.testsuite.webauthn.WebAuthnFeatureTest
WebAuthn IT (firefox)	Run WebAuthn IT	2024-08-14T11:00:48.4092623Z [INFO] Running org.keycloak.testsuite.webauthn.WebAuthnIdlessTest
WebAuthn IT (firefox)	Run WebAuthn IT	2024-08-14T11:00:51.0419237Z [WARNING] Tests run: 4, Failures: 0, Errors: 0, Skipped: 4, Time elapsed: 2.617 s - in org.keycloak.testsuite.webauthn.WebAuthnIdlessTest
WebAuthn IT (firefox)	Run WebAuthn IT	2024-08-14T11:00:51.0431573Z [INFO] Running org.keycloak.testsuite.webauthn.WebAuthnPropertyTest
WebAuthn IT (firefox)	Run WebAuthn IT	2024-08-14T11:00:53.8915002Z [WARNING] Tests run: 4, Failures: 0, Errors: 0, Skipped: 4, Time elapsed: 2.832 s - in org.keycloak.testsuite.webauthn.WebAuthnPropertyTest
WebAuthn IT (firefox)	Run WebAuthn IT	2024-08-14T11:00:53.8919110Z [INFO] Running org.keycloak.testsuite.webauthn.WebAuthnRegisterAndLoginTest
WebAuthn IT (firefox)	Run WebAuthn IT	2024-08-14T11:00:59.5725711Z [WARNING] Tests run: 3, Failures: 0, Errors: 0, Skipped: 2, Time elapsed: 5.664 s - in org.keycloak.testsuite.webauthn.WebAuthnRegisterAndLoginTest
WebAuthn IT (firefox)	Run WebAuthn IT	2024-08-14T11:00:59.5728174Z [INFO] Running org.keycloak.testsuite.webauthn.WebAuthnTransportsTest
WebAuthn IT (firefox)	Run WebAuthn IT	2024-08-14T11:01:01.9632810Z [WARNING] Tests run: 4, Failures: 0, Errors: 0, Skipped: 4, Time elapsed: 2.374 s - in org.keycloak.testsuite.webauthn.WebAuthnTransportsTest
WebAuthn IT (firefox)	Run WebAuthn IT	2024-08-14T11:01:01.9635069Z [INFO] Running org.keycloak.testsuite.webauthn.account.WebAuthnErrorTest
WebAuthn IT (firefox)	Run WebAuthn IT	2024-08-14T11:01:14.5040723Z --------- org.keycloak.testsuite.webauthn.account.WebAuthnErrorTest output start ---------
WebAuthn IT (firefox)	Run WebAuthn IT	2024-08-14T11:01:14.5042426Z WebAuthnErrorTest ++ 11:01:01,949 INFO  [org.keycloak.testsuite.arquillian.AppServerTestEnricher] 
WebAuthn IT (firefox)	Run WebAuthn IT	2024-08-14T11:01:14.5043560Z WebAuthnErrorTest ++ 
WebAuthn IT (firefox)	Run WebAuthn IT	2024-08-14T11:01:14.5044548Z WebAuthnErrorTest ++ TEST CONTEXT: org.keycloak.testsuite.webauthn.account.WebAuthnErrorTest
WebAuthn IT (firefox)	Run WebAuthn IT	2024-08-14T11:01:14.5045644Z WebAuthnErrorTest ++ 
WebAuthn IT (firefox)	Run WebAuthn IT	2024-08-14T11:01:14.5061777Z WebAuthnErrorTest ++ 11:01:01,950 INFO  [org.keycloak.testsuite.webauthn.account.WebAuthnErrorTest] [WebAuthnErrorTest] errorPageWithTimeout() STARTED
WebAuthn IT (firefox)	Run WebAuthn IT	2024-08-14T11:01:14.5063786Z WebAuthnErrorTest ++ 1723633261960	geckodriver	INFO	Listening on 127.0.0.1:26524
WebAuthn IT (firefox)	Run WebAuthn IT	2024-08-14T11:01:14.5067732Z WebAuthnErrorTest ++ 1723633261968	mozrunner::runner	INFO	Running command: MOZ_CRASHREPORTER="1" MOZ_CRASHREPORTER_NO_REPORT="1" MOZ_CRASHREPORTER_SHUTDOWN="1" MOZ_NO_REMOTE="1" "/usr ... gins" "http://127.0.0.1:2357/,http://localhost:2357/,http://[::1]:2357/" "-no-remote" "-profile" "/tmp/rust_mozprofileOLM4lt"
WebAuthn IT (firefox)	Run WebAuthn IT	2024-08-14T11:01:14.5070248Z WebAuthnErrorTest ++ *** You are running in headless mode.
WebAuthn IT (firefox)	Run WebAuthn IT	2024-08-14T11:01:14.5071013Z WebAuthnErrorTest ++ console.warn: services.settings: Ignoring preference override of remote settings server
WebAuthn IT (firefox)	Run WebAuthn IT	2024-08-14T11:01:14.5072024Z WebAuthnErrorTest ++ console.warn: services.settings: Allow by setting MOZ_REMOTE_SETTINGS_DEVTOOLS=1 in the environment
WebAuthn IT (firefox)	Run WebAuthn IT	2024-08-14T11:01:14.5072975Z WebAuthnErrorTest ++ [GFX1-]: glxtest: Unable to open a connection to the X server
WebAuthn IT (firefox)	Run WebAuthn IT	2024-08-14T11:01:14.5073634Z WebAuthnErrorTest ++ 1723633262216	Marionette	INFO	Marionette enabled
WebAuthn IT (firefox)	Run WebAuthn IT	2024-08-14T11:01:14.5074273Z WebAuthnErrorTest ++ 1723633262298	Marionette	INFO	Listening on port 35711
WebAuthn IT (firefox)	Run WebAuthn IT	2024-08-14T11:01:14.5075144Z WebAuthnErrorTest ++ WebDriver BiDi listening on ws://127.0.0.1:2357
WebAuthn IT (firefox)	Run WebAuthn IT	2024-08-14T11:01:14.5075645Z WebAuthnErrorTest ++ Read port: 35711
WebAuthn IT (firefox)	Run WebAuthn IT	2024-08-14T11:01:14.5076284Z WebAuthnErrorTest ++ 1723633262454	RemoteAgent	WARN	TLS certificate errors will be ignored for this session
WebAuthn IT (firefox)	Run WebAuthn IT	2024-08-14T11:01:14.5077224Z WebAuthnErrorTest ++ [GFX1-]: RenderCompositorSWGL failed mapping default framebuffer, no dt
WebAuthn IT (firefox)	Run WebAuthn IT	2024-08-14T11:01:14.5077822Z WebAuthnErrorTest ++ console.error: ({})
WebAuthn IT (firefox)	Run WebAuthn IT	2024-08-14T11:01:14.5078596Z WebAuthnErrorTest ++ 11:01:03,437 INFO  [org.keycloak.testsuite.drone.KeycloakDronePostSetup] Detected browser: firefox 129.0
WebAuthn IT (firefox)	Run WebAuthn IT	2024-08-14T11:01:14.5079892Z WebAuthnErrorTest ++ 11:01:03,437 INFO  [org.keycloak.testsuite.drone.KeycloakDronePostSetup] Configuring driver settings. implicitWait=2000, pageLoadTimeout=10000
WebAuthn IT (firefox)	Run WebAuthn IT	2024-08-14T11:01:14.5081158Z WebAuthnErrorTest ++ 11:01:03,706 DEBUG [org.keycloak.testsuite.webauthn.account.WebAuthnErrorTest] loading test realms
WebAuthn IT (firefox)	Run WebAuthn IT	2024-08-14T11:01:14.5082269Z WebAuthnErrorTest ++ 11:01:03,706 INFO  [org.keycloak.testsuite.webauthn.account.WebAuthnErrorTest] importing test realms
WebAuthn IT (firefox)	Run WebAuthn IT	2024-08-14T11:01:14.5083435Z WebAuthnErrorTest ++ 11:01:03,706 DEBUG [org.keycloak.testsuite.webauthn.account.WebAuthnErrorTest] Modifying login theme to keycloak.v2
WebAuthn IT (firefox)	Run WebAuthn IT	2024-08-14T11:01:14.5084696Z WebAuthnErrorTest ++ 11:01:03,706 DEBUG [org.keycloak.testsuite.webauthn.account.WebAuthnErrorTest] --importing realm: test
WebAuthn IT (firefox)	Run WebAuthn IT	2024-08-14T11:01:14.5085679Z WebAuthnErrorTest ++ 11:01:04,475 INFO  [org.keycloak.testsuite.util.URLUtils] starting navigation
WebAuthn IT (firefox)	Run WebAuthn IT	2024-08-14T11:01:14.5086555Z WebAuthnErrorTest ++ 11:01:04,478 INFO  [org.keycloak.testsuite.util.URLUtils] current URL:  about:blank
WebAuthn IT (firefox)	Run WebAuthn IT	2024-08-14T11:01:14.5087686Z WebAuthnErrorTest ++ 11:01:04,478 INFO  [org.keycloak.testsuite.util.URLUtils] navigating to https://localhost:8543/auth/realms/master/testing/blank
WebAuthn IT (firefox)	Run WebAuthn IT	2024-08-14T11:01:14.5088958Z WebAuthnErrorTest ++ 11:01:05,085 INFO  [org.keycloak.testsuite.util.URLUtils] new current URL:  https://localhost:8543/auth/realms/master/testing/blank
WebAuthn IT (firefox)	Run WebAuthn IT	2024-08-14T11:01:14.5090027Z WebAuthnErrorTest ++ 11:01:05,086 INFO  [org.keycloak.testsuite.util.URLUtils] navigation complete
WebAuthn IT (firefox)	Run WebAuthn IT	2024-08-14T11:01:14.5091151Z WebAuthnErrorTest ++ 11:01:05,086 INFO  [org.keycloak.testsuite.webauthn.account.WebAuthnErrorTest] deleting cookies in 'master' realm
WebAuthn IT (firefox)	Run WebAuthn IT	2024-08-14T11:01:14.5092288Z WebAuthnErrorTest ++ 11:01:05,155 DEBUG [org.keycloak.testsuite.webauthn.account.WebAuthnErrorTest] creating test user
WebAuthn IT (firefox)	Run WebAuthn IT	2024-08-14T11:01:14.5093247Z WebAuthnErrorTest ++ 11:01:05,262 INFO  [org.keycloak.testsuite.util.URLUtils] starting navigation
WebAuthn IT (firefox)	Run WebAuthn IT	2024-08-14T11:01:14.5094296Z WebAuthnErrorTest ++ 11:01:05,265 INFO  [org.keycloak.testsuite.util.URLUtils] current URL:  https://localhost:8543/auth/realms/master/testing/blank
WebAuthn IT (firefox)	Run WebAuthn IT	2024-08-14T11:01:14.5095769Z WebAuthnErrorTest ++ 11:01:05,265 INFO  [org.keycloak.testsuite.util.URLUtils] navigating to https://localhost:8543/auth/realms/test/account/account-security/signing-in
WebAuthn IT (firefox)	Run WebAuthn IT	2024-08-14T11:01:14.5097365Z WebAuthnErrorTest ++ 1723633265484	Marionette	WARN	Ignoring event 'DOMContentLoaded' because document has an invalid readyState of 'complete'.
WebAuthn IT (firefox)	Run WebAuthn IT	2024-08-14T11:01:14.5101669Z WebAuthnErrorTest ++ JavaScript error: , line 0: TypeError: NetworkError when attempting to fetch resource.
WebAuthn IT (firefox)	Run WebAuthn IT	2024-08-14T11:01:14.5103963Z WebAuthnErrorTest ++ 11:01:05,968 INFO  [org.keycloak.testsuite.util.URLUtils] new current URL:  https://localhost:8543/auth/realms/test/account/account-security/signing-in
WebAuthn IT (firefox)	Run WebAuthn IT	2024-08-14T11:01:14.5106271Z WebAuthnErrorTest ++ 11:01:05,968 INFO  [org.keycloak.testsuite.util.URLUtils] navigation complete
WebAuthn IT (firefox)	Run WebAuthn IT	2024-08-14T11:01:14.5108309Z WebAuthnErrorTest ++ 11:01:06,000 ERROR [org.keycloak.testsuite.webauthn.account.WebAuthnErrorTest] [WebAuthnErrorTest] errorPageWithTimeout() FAILED
WebAuthn IT (firefox)	Run WebAuthn IT	2024-08-14T11:01:14.5110659Z WebAuthnErrorTest ++ 11:01:06,000 INFO  [org.keycloak.testsuite.webauthn.account.WebAuthnErrorTest] [WebAuthnErrorTest] errorPageWithTimeout() FINISHED
WebAuthn IT (firefox)	Run WebAuthn IT	2024-08-14T11:01:14.5112156Z WebAuthnErrorTest ++ 
WebAuthn IT (firefox)	Run WebAuthn IT	2024-08-14T11:01:14.5112908Z WebAuthnErrorTest ++ 
WebAuthn IT (firefox)	Run WebAuthn IT	2024-08-14T11:01:14.5114186Z WebAuthnErrorTest ++ 11:01:06,000 INFO  [org.keycloak.testsuite.arquillian.AuthServerTestEnricher] removing test realms after test class
WebAuthn IT (firefox)	Run WebAuthn IT	2024-08-14T11:01:14.5116192Z WebAuthnErrorTest ++ 11:01:06,282 INFO  [org.keycloak.testsuite.arquillian.AuthServerTestEnricher] removed realms: test, 
WebAuthn IT (firefox)	Run WebAuthn IT	2024-08-14T11:01:14.5117748Z WebAuthnErrorTest ++ 1723633266286	Marionette	INFO	Stopped listening on port 35711
WebAuthn IT (firefox)	Run WebAuthn IT	2024-08-14T11:01:14.5119265Z WebAuthnErrorTest ++ 11:01:06,942 INFO  [org.keycloak.testsuite.arquillian.AppServerTestEnricher] 
WebAuthn IT (firefox)	Run WebAuthn IT	2024-08-14T11:01:14.5120435Z WebAuthnErrorTest ++ 
WebAuthn IT (firefox)	Run WebAuthn IT	2024-08-14T11:01:14.5121237Z WebAuthnErrorTest ++ TEST CONTEXT: org.keycloak.testsuite.webauthn.account.WebAuthnErrorTest
WebAuthn IT (firefox)	Run WebAuthn IT	2024-08-14T11:01:14.5121858Z WebAuthnErrorTest ++ 
WebAuthn IT (firefox)	Run WebAuthn IT	2024-08-14T11:01:14.5122656Z WebAuthnErrorTest ++ 11:01:06,943 INFO  [org.keycloak.testsuite.webauthn.account.WebAuthnErrorTest] [WebAuthnErrorTest] errorPageWithTimeout() STARTED
WebAuthn IT (firefox)	Run WebAuthn IT	2024-08-14T11:01:14.5123680Z WebAuthnErrorTest ++ 1723633266950	geckodriver	INFO	Listening on 127.0.0.1:29393
WebAuthn IT (firefox)	Run WebAuthn IT	2024-08-14T11:01:14.5125514Z WebAuthnErrorTest ++ 1723633266955	mozrunner::runner	INFO	Running command: MOZ_CRASHREPORTER="1" MOZ_CRASHREPORTER_NO_REPORT="1" MOZ_CRASHREPORTER_SHUTDOWN="1" MOZ_NO_REMOTE="1" "/usr ... s" "http://127.0.0.1:29791/,http://localhost:29791/,http://[::1]:29791/" "-no-remote" "-profile" "/tmp/rust_mozprofileYOvSCu"
WebAuthn IT (firefox)	Run WebAuthn IT	2024-08-14T11:01:14.5127001Z WebAuthnErrorTest ++ *** You are running in headless mode.
WebAuthn IT (firefox)	Run WebAuthn IT	2024-08-14T11:01:14.5127749Z WebAuthnErrorTest ++ console.warn: services.settings: Ignoring preference override of remote settings server
WebAuthn IT (firefox)	Run WebAuthn IT	2024-08-14T11:01:14.5128748Z WebAuthnErrorTest ++ console.warn: services.settings: Allow by setting MOZ_REMOTE_SETTINGS_DEVTOOLS=1 in the environment
WebAuthn IT (firefox)	Run WebAuthn IT	2024-08-14T11:01:14.5129673Z WebAuthnErrorTest ++ [GFX1-]: glxtest: Unable to open a connection to the X server
WebAuthn IT (firefox)	Run WebAuthn IT	2024-08-14T11:01:14.5130329Z WebAuthnErrorTest ++ 1723633267195	Marionette	INFO	Marionette enabled
WebAuthn IT (firefox)	Run WebAuthn IT	2024-08-14T11:01:14.5130949Z WebAuthnErrorTest ++ 1723633267278	Marionette	INFO	Listening on port 35627
WebAuthn IT (firefox)	Run WebAuthn IT	2024-08-14T11:01:14.5131564Z WebAuthnErrorTest ++ WebDriver BiDi listening on ws://127.0.0.1:29791
WebAuthn IT (firefox)	Run WebAuthn IT	2024-08-14T11:01:14.5132051Z WebAuthnErrorTest ++ Read port: 35627
WebAuthn IT (firefox)	Run WebAuthn IT	2024-08-14T11:01:14.5132686Z WebAuthnErrorTest ++ 1723633267437	RemoteAgent	WARN	TLS certificate errors will be ignored for this session
WebAuthn IT (firefox)	Run WebAuthn IT	2024-08-14T11:01:14.5133608Z WebAuthnErrorTest ++ [GFX1-]: RenderCompositorSWGL failed mapping default framebuffer, no dt
WebAuthn IT (firefox)	Run WebAuthn IT	2024-08-14T11:01:14.5134215Z WebAuthnErrorTest ++ console.error: ({})
WebAuthn IT (firefox)	Run WebAuthn IT	2024-08-14T11:01:14.5135259Z WebAuthnErrorTest ++ 11:01:08,670 INFO  [org.keycloak.testsuite.drone.KeycloakDronePostSetup] Detected browser: firefox 129.0
WebAuthn IT (firefox)	Run WebAuthn IT	2024-08-14T11:01:14.5136770Z WebAuthnErrorTest ++ 11:01:08,670 INFO  [org.keycloak.testsuite.drone.KeycloakDronePostSetup] Configuring driver settings. implicitWait=2000, pageLoadTimeout=10000
WebAuthn IT (firefox)	Run WebAuthn IT	2024-08-14T11:01:14.5138266Z WebAuthnErrorTest ++ 11:01:08,794 DEBUG [org.keycloak.testsuite.webauthn.account.WebAuthnErrorTest] loading test realms
WebAuthn IT (firefox)	Run WebAuthn IT	2024-08-14T11:01:14.5139366Z WebAuthnErrorTest ++ 11:01:08,794 INFO  [org.keycloak.testsuite.webauthn.account.WebAuthnErrorTest] importing test realms
WebAuthn IT (firefox)	Run WebAuthn IT	2024-08-14T11:01:14.5140532Z WebAuthnErrorTest ++ 11:01:08,794 DEBUG [org.keycloak.testsuite.webauthn.account.WebAuthnErrorTest] Modifying login theme to keycloak.v2
WebAuthn IT (firefox)	Run WebAuthn IT	2024-08-14T11:01:14.5141832Z WebAuthnErrorTest ++ 11:01:08,794 DEBUG [org.keycloak.testsuite.webauthn.account.WebAuthnErrorTest] --importing realm: test
WebAuthn IT (firefox)	Run WebAuthn IT	2024-08-14T11:01:14.5142823Z WebAuthnErrorTest ++ 11:01:09,428 INFO  [org.keycloak.testsuite.util.URLUtils] starting navigation
WebAuthn IT (firefox)	Run WebAuthn IT	2024-08-14T11:01:14.5143933Z WebAuthnErrorTest ++ 11:01:09,434 INFO  [org.keycloak.testsuite.util.URLUtils] current URL:  about:blank
WebAuthn IT (firefox)	Run WebAuthn IT	2024-08-14T11:01:14.5145389Z WebAuthnErrorTest ++ 11:01:09,434 INFO  [org.keycloak.testsuite.util.URLUtils] navigating to https://localhost:8543/auth/realms/master/testing/blank
WebAuthn IT (firefox)	Run WebAuthn IT	2024-08-14T11:01:14.5146671Z WebAuthnErrorTest ++ 11:01:10,090 INFO  [org.keycloak.testsuite.util.URLUtils] new current URL:  https://localhost:8543/auth/realms/master/testing/blank
WebAuthn IT (firefox)	Run WebAuthn IT	2024-08-14T11:01:14.5147921Z WebAuthnErrorTest ++ 11:01:10,090 INFO  [org.keycloak.testsuite.util.URLUtils] navigation complete
WebAuthn IT (firefox)	Run WebAuthn IT	2024-08-14T11:01:14.5149077Z WebAuthnErrorTest ++ 11:01:10,090 INFO  [org.keycloak.testsuite.webauthn.account.WebAuthnErrorTest] deleting cookies in 'master' realm
WebAuthn IT (firefox)	Run WebAuthn IT	2024-08-14T11:01:14.5150220Z WebAuthnErrorTest ++ 11:01:10,146 DEBUG [org.keycloak.testsuite.webauthn.account.WebAuthnErrorTest] creating test user
WebAuthn IT (firefox)	Run WebAuthn IT	2024-08-14T11:01:14.5151177Z WebAuthnErrorTest ++ 11:01:10,227 INFO  [org.keycloak.testsuite.util.URLUtils] starting navigation
WebAuthn IT (firefox)	Run WebAuthn IT	2024-08-14T11:01:14.5152226Z WebAuthnErrorTest ++ 11:01:10,230 INFO  [org.keycloak.testsuite.util.URLUtils] current URL:  https://localhost:8543/auth/realms/master/testing/blank
WebAuthn IT (firefox)	Run WebAuthn IT	2024-08-14T11:01:14.5153686Z WebAuthnErrorTest ++ 11:01:10,230 INFO  [org.keycloak.testsuite.util.URLUtils] navigating to https://localhost:8543/auth/realms/test/account/account-security/signing-in
WebAuthn IT (firefox)	Run WebAuthn IT	2024-08-14T11:01:14.5155120Z WebAuthnErrorTest ++ 1723633270385	Marionette	WARN	Ignoring event 'DOMContentLoaded' because document has an invalid readyState of 'complete'.
WebAuthn IT (firefox)	Run WebAuthn IT	2024-08-14T11:01:14.5158320Z WebAuthnErrorTest ++ 11:01:11,377 INFO  [org.keycloak.testsuite.util.URLUtils] new current URL:  https://localhost:8543/auth/realms/test/protocol/openid-connect/auth?client_id=account-console&redirect_uri=https%3A%2F%2Flocalhost%3A8543%2Fauth%2Frealms%2Ftest%2Faccount%2Faccount-security%2Fsigning-in&state=6bddb4ed-9d04-4c2c-a187-f8c48b26d502&response_mode=query&response_type=code&scope=openid&nonce=26180d3f-76d7-4950-813f-c41ebfca437d&code_challenge=afMJoXy2_iwoRFvcbLM-6SNhZZnGQAfIF0n0MuW_sqE&code_challenge_method=S256
WebAuthn IT (firefox)	Run WebAuthn IT	2024-08-14T11:01:14.5161014Z WebAuthnErrorTest ++ 11:01:11,377 INFO  [org.keycloak.testsuite.util.URLUtils] navigation complete
WebAuthn IT (firefox)	Run WebAuthn IT	2024-08-14T11:01:14.5161966Z WebAuthnErrorTest ++ console.warn: LoginRecipes: "Falling back to a synchronous message for: https://localhost:8543."
WebAuthn IT (firefox)	Run WebAuthn IT	2024-08-14T11:01:14.5163000Z WebAuthnErrorTest ++ console.warn: LoginRecipes: "Falling back to a synchronous message for: https://localhost:8543."
WebAuthn IT (firefox)	Run WebAuthn IT	2024-08-14T11:01:14.5164220Z WebAuthnErrorTest ++ 1723633272060	Marionette	WARN	Ignoring event 'DOMContentLoaded' because document has an invalid readyState of 'complete'.
WebAuthn IT (firefox)	Run WebAuthn IT	2024-08-14T11:01:14.5165507Z WebAuthnErrorTest ++ 11:01:13,557 INFO  [org.keycloak.testsuite.webauthn.account.WebAuthnErrorTest] [WebAuthnErrorTest] errorPageWithTimeout() FINISHED
WebAuthn IT (firefox)	Run WebAuthn IT	2024-08-14T11:01:14.5166355Z WebAuthnErrorTest ++ 
WebAuthn IT (firefox)	Run WebAuthn IT	2024-08-14T11:01:14.5166637Z WebAuthnErrorTest ++ 
WebAuthn IT (firefox)	Run WebAuthn IT	2024-08-14T11:01:14.5167358Z WebAuthnErrorTest ++ 11:01:13,557 INFO  [org.keycloak.testsuite.arquillian.AuthServerTestEnricher] removing test realms after test class
WebAuthn IT (firefox)	Run WebAuthn IT	2024-08-14T11:01:14.5168510Z WebAuthnErrorTest ++ 11:01:13,803 INFO  [org.keycloak.testsuite.arquillian.AuthServerTestEnricher] removed realms: test, 
WebAuthn IT (firefox)	Run WebAuthn IT	2024-08-14T11:01:14.5169558Z WebAuthnErrorTest ++ 1723633273808	Marionette	INFO	Stopped listening on port 35627
WebAuthn IT (firefox)	Run WebAuthn IT	2024-08-14T11:01:14.5169981Z 
WebAuthn IT (firefox)	Run WebAuthn IT	2024-08-14T11:01:14.5170404Z --------- org.keycloak.testsuite.webauthn.account.WebAuthnErrorTest output end  ---------
WebAuthn IT (firefox)	Run WebAuthn IT	2024-08-14T11:01:14.5171576Z [ERROR] Tests run: 2, Failures: 1, Errors: 0, Skipped: 1, Time elapsed: 12.507 s <<< FAILURE! - in org.keycloak.testsuite.webauthn.account.WebAuthnErrorTest
WebAuthn IT (firefox)	Run WebAuthn IT	2024-08-14T11:01:14.5172924Z -- [ERROR] org.keycloak.testsuite.webauthn.account.WebAuthnErrorTest.errorPageWithTimeout  Time elapsed: 4.014 s  <<< FAILURE!
WebAuthn IT (firefox)	Run WebAuthn IT	2024-08-14T11:01:14.5174317Z -- java.lang.AssertionError: Expected OIDCLogin but was Account Management (https://localhost:8543/auth/realms/test/account/account-security/signing-in)
WebAuthn IT (firefox)	Run WebAuthn IT	2024-08-14T11:01:14.5175232Z -- 	at org.junit.Assert.fail(Assert.java:89)
WebAuthn IT (firefox)	Run WebAuthn IT	2024-08-14T11:01:14.5175697Z -- 	at org.junit.Assert.assertTrue(Assert.java:42)
WebAuthn IT (firefox)	Run WebAuthn IT	2024-08-14T11:01:14.5176386Z -- 	at org.keycloak.testsuite.page.AbstractPage.assertCurrent(AbstractPage.java:109)
WebAuthn IT (firefox)	Run WebAuthn IT	2024-08-14T11:01:14.5177380Z -- 	at java.base/jdk.internal.reflect.DirectMethodHandleAccessor.invoke(DirectMethodHandleAccessor.java:103)
WebAuthn IT (firefox)	Run WebAuthn IT	2024-08-14T11:01:14.5178370Z -- 	at java.base/java.lang.reflect.Method.invoke(Method.java:580)
WebAuthn IT (firefox)	Run WebAuthn IT	2024-08-14T11:01:14.5179247Z -- 	at org.jboss.arquillian.graphene.proxy.GrapheneProxyHandler.invokeReal(GrapheneProxyHandler.java:143)
WebAuthn IT (firefox)	Run WebAuthn IT	2024-08-14T11:01:14.5180377Z -- 	at org.jboss.arquillian.graphene.proxy.GrapheneContextualHandler$1.invoke(GrapheneContextualHandler.java:180)
WebAuthn IT (firefox)	Run WebAuthn IT	2024-08-14T11:01:14.5181525Z -- 	at org.jboss.arquillian.graphene.proxy.GrapheneContextualHandler$2.call(GrapheneContextualHandler.java:252)
WebAuthn IT (firefox)	Run WebAuthn IT	2024-08-14T11:01:14.5182591Z -- 	at org.jboss.arquillian.graphene.context.BrowserActions.performAction(BrowserActions.java:62)
WebAuthn IT (firefox)	Run WebAuthn IT	2024-08-14T11:01:14.5183674Z -- 	at org.jboss.arquillian.graphene.proxy.GrapheneContextualHandler.invoke(GrapheneContextualHandler.java:248)
WebAuthn IT (firefox)	Run WebAuthn IT	2024-08-14T11:01:14.5185043Z -- 	at org.jboss.arquillian.graphene.proxy.GrapheneProxyHandler.intercept(GrapheneProxyHandler.java:106)
WebAuthn IT (firefox)	Run WebAuthn IT	2024-08-14T11:01:14.5186159Z -- 	at org.jboss.arquillian.graphene.proxy.GrapheneProxyHandler.intercept(GrapheneProxyHandler.java:81)
WebAuthn IT (firefox)	Run WebAuthn IT	2024-08-14T11:01:14.5187329Z -- 	at org.jboss.arquillian.graphene.proxy.GrapheneContextualHandler.intercept(GrapheneContextualHandler.java:92)
WebAuthn IT (firefox)	Run WebAuthn IT	2024-08-14T11:01:14.5188398Z -- 	at org.keycloak.testsuite.auth.page.login.OIDCLogin_ByGraphene.assertCurrent(Unknown Source)
WebAuthn IT (firefox)	Run WebAuthn IT	2024-08-14T11:01:14.5189572Z -- 	at org.keycloak.testsuite.webauthn.account.AbstractWebAuthnAccountTest.loginToAccount(AbstractWebAuthnAccountTest.java:161)
WebAuthn IT (firefox)	Run WebAuthn IT	2024-08-14T11:01:14.5190966Z -- 	at org.keycloak.testsuite.webauthn.account.AbstractWebAuthnAccountTest.navigateBeforeTest(AbstractWebAuthnAccountTest.java:110)
WebAuthn IT (firefox)	Run WebAuthn IT	2024-08-14T11:01:14.5192222Z -- 	at java.base/jdk.internal.reflect.DirectMethodHandleAccessor.invoke(DirectMethodHandleAccessor.java:103)
WebAuthn IT (firefox)	Run WebAuthn IT	2024-08-14T11:01:14.5193084Z -- 	at java.base/java.lang.reflect.Method.invoke(Method.java:580)
WebAuthn IT (firefox)	Run WebAuthn IT	2024-08-14T11:01:14.5193860Z -- 	at org.junit.runners.model.FrameworkMethod$1.runReflectiveCall(FrameworkMethod.java:59)
WebAuthn IT (firefox)	Run WebAuthn IT	2024-08-14T11:01:14.5194766Z -- 	at org.junit.internal.runners.model.ReflectiveCallable.run(ReflectiveCallable.java:12)
WebAuthn IT (firefox)	Run WebAuthn IT	2024-08-14T11:01:14.5195685Z -- 	at org.junit.runners.model.FrameworkMethod.invokeExplosively(FrameworkMethod.java:56)
WebAuthn IT (firefox)	Run WebAuthn IT	2024-08-14T11:01:14.5196612Z -- 	at org.junit.internal.runners.statements.RunBefores.invokeMethod(RunBefores.java:33)
WebAuthn IT (firefox)	Run WebAuthn IT	2024-08-14T11:01:14.5197501Z -- 	at org.junit.internal.runners.statements.RunBefores.evaluate(RunBefores.java:24)
WebAuthn IT (firefox)	Run WebAuthn IT	2024-08-14T11:01:14.5198423Z -- 	at org.jboss.arquillian.junit.Arquillian$StatementLifecycleExecutor.invoke(Arquillian.java:372)
WebAuthn IT (firefox)	Run WebAuthn IT	2024-08-14T11:01:14.5199791Z -- 	at org.jboss.arquillian.container.test.impl.execution.ClientBeforeAfterLifecycleEventExecuter.execute(ClientBeforeAfterLifecycleEventExecuter.java:88)
WebAuthn IT (firefox)	Run WebAuthn IT	2024-08-14T11:01:14.5201473Z -- 	at org.jboss.arquillian.container.test.impl.execution.ClientBeforeAfterLifecycleEventExecuter.on(ClientBeforeAfterLifecycleEventExecuter.java:66)
WebAuthn IT (firefox)	Run WebAuthn IT	2024-08-14T11:01:14.5203017Z -- 	at java.base/jdk.internal.reflect.DirectMethodHandleAccessor.invoke(DirectMethodHandleAccessor.java:103)
WebAuthn IT (firefox)	Run WebAuthn IT	2024-08-14T11:01:14.5203875Z -- 	at java.base/java.lang.reflect.Method.invoke(Method.java:580)
WebAuthn IT (firefox)	Run WebAuthn IT	2024-08-14T11:01:14.5204596Z -- 	at org.jboss.arquillian.core.impl.ObserverImpl.invoke(ObserverImpl.java:86)
WebAuthn IT (firefox)	Run WebAuthn IT	2024-08-14T11:01:14.5205504Z -- 	at org.jboss.arquillian.core.impl.EventContextImpl.invokeObservers(EventContextImpl.java:103)
WebAuthn IT (firefox)	Run WebAuthn IT	2024-08-14T11:01:14.5206460Z -- 	at org.jboss.arquillian.core.impl.EventContextImpl.proceed(EventContextImpl.java:90)
WebAuthn IT (firefox)	Run WebAuthn IT	2024-08-14T11:01:14.5207629Z -- 	at org.jboss.arquillian.container.test.impl.client.ContainerEventController.createContext(ContainerEventController.java:128)
WebAuthn IT (firefox)	Run WebAuthn IT	2024-08-14T11:01:14.5209057Z -- 	at org.jboss.arquillian.container.test.impl.client.ContainerEventController.createBeforeContext(ContainerEventController.java:114)
WebAuthn IT (firefox)	Run WebAuthn IT	2024-08-14T11:01:14.5210328Z -- 	at java.base/jdk.internal.reflect.DirectMethodHandleAccessor.invoke(DirectMethodHandleAccessor.java:103)
WebAuthn IT (firefox)	Run WebAuthn IT	2024-08-14T11:01:14.5211360Z -- 	at java.base/java.lang.reflect.Method.invoke(Method.java:580)
WebAuthn IT (firefox)	Run WebAuthn IT	2024-08-14T11:01:14.5212083Z -- 	at org.jboss.arquillian.core.impl.ObserverImpl.invoke(ObserverImpl.java:86)
WebAuthn IT (firefox)	Run WebAuthn IT	2024-08-14T11:01:14.5212962Z -- 	at org.jboss.arquillian.core.impl.EventContextImpl.proceed(EventContextImpl.java:95)
WebAuthn IT (firefox)	Run WebAuthn IT	2024-08-14T11:01:14.5213977Z -- 	at org.jboss.arquillian.test.impl.TestContextHandler.createTestContext(TestContextHandler.java:116)
WebAuthn IT (firefox)	Run WebAuthn IT	2024-08-14T11:01:14.5215074Z -- 	at java.base/jdk.internal.reflect.DirectMethodHandleAccessor.invoke(DirectMethodHandleAccessor.java:103)
WebAuthn IT (firefox)	Run WebAuthn IT	2024-08-14T11:01:14.5215932Z -- 	at java.base/java.lang.reflect.Method.invoke(Method.java:580)
WebAuthn IT (firefox)	Run WebAuthn IT	2024-08-14T11:01:14.5216652Z -- 	at org.jboss.arquillian.core.impl.ObserverImpl.invoke(ObserverImpl.java:86)
WebAuthn IT (firefox)	Run WebAuthn IT	2024-08-14T11:01:14.5217504Z -- 	at org.jboss.arquillian.core.impl.EventContextImpl.proceed(EventContextImpl.java:95)
WebAuthn IT (firefox)	Run WebAuthn IT	2024-08-14T11:01:14.5218580Z -- 	at org.jboss.arquillian.test.impl.TestContextHandler.createClassContext(TestContextHandler.java:83)
WebAuthn IT (firefox)	Run WebAuthn IT	2024-08-14T11:01:14.5219682Z -- 	at java.base/jdk.internal.reflect.DirectMethodHandleAccessor.invoke(DirectMethodHandleAccessor.java:103)
WebAuthn IT (firefox)	Run WebAuthn IT	2024-08-14T11:01:14.5220536Z -- 	at java.base/java.lang.reflect.Method.invoke(Method.java:580)
WebAuthn IT (firefox)	Run WebAuthn IT	2024-08-14T11:01:14.5221255Z -- 	at org.jboss.arquillian.core.impl.ObserverImpl.invoke(ObserverImpl.java:86)
WebAuthn IT (firefox)	Run WebAuthn IT	2024-08-14T11:01:14.5222107Z -- 	at org.jboss.arquillian.core.impl.EventContextImpl.proceed(EventContextImpl.java:95)
WebAuthn IT (firefox)	Run WebAuthn IT	2024-08-14T11:01:14.5223099Z -- 	at org.jboss.arquillian.test.impl.TestContextHandler.createSuiteContext(TestContextHandler.java:69)
WebAuthn IT (firefox)	Run WebAuthn IT	2024-08-14T11:01:14.5224194Z -- 	at java.base/jdk.internal.reflect.DirectMethodHandleAccessor.invoke(DirectMethodHandleAccessor.java:103)
WebAuthn IT (firefox)	Run WebAuthn IT	2024-08-14T11:01:14.5225368Z -- 	at java.base/java.lang.reflect.Method.invoke(Method.java:580)
WebAuthn IT (firefox)	Run WebAuthn IT	2024-08-14T11:01:14.5226100Z -- 	at org.jboss.arquillian.core.impl.ObserverImpl.invoke(ObserverImpl.java:86)
WebAuthn IT (firefox)	Run WebAuthn IT	2024-08-14T11:01:14.5226963Z -- 	at org.jboss.arquillian.core.impl.EventContextImpl.proceed(EventContextImpl.java:95)
WebAuthn IT (firefox)	Run WebAuthn IT	2024-08-14T11:01:14.5227806Z -- 	at org.jboss.arquillian.core.impl.ManagerImpl.fire(ManagerImpl.java:133)
WebAuthn IT (firefox)	Run WebAuthn IT	2024-08-14T11:01:14.5228573Z -- 	at org.jboss.arquillian.core.impl.ManagerImpl.fire(ManagerImpl.java:105)
WebAuthn IT (firefox)	Run WebAuthn IT	2024-08-14T11:01:14.5229477Z -- 	at org.jboss.arquillian.test.impl.EventTestRunnerAdaptor.before(EventTestRunnerAdaptor.java:115)
WebAuthn IT (firefox)	Run WebAuthn IT	2024-08-14T11:01:14.5230348Z -- 	at org.jboss.arquillian.junit.Arquillian$4.evaluate(Arquillian.java:194)
WebAuthn IT (firefox)	Run WebAuthn IT	2024-08-14T11:01:14.5231108Z -- 	at org.jboss.arquillian.junit.Arquillian.multiExecute(Arquillian.java:344)
WebAuthn IT (firefox)	Run WebAuthn IT	2024-08-14T11:01:14.5231891Z -- 	at org.jboss.arquillian.junit.Arquillian.access$200(Arquillian.java:48)
WebAuthn IT (firefox)	Run WebAuthn IT	2024-08-14T11:01:14.5232635Z -- 	at org.jboss.arquillian.junit.Arquillian$5.evaluate(Arquillian.java:209)
WebAuthn IT (firefox)	Run WebAuthn IT	2024-08-14T11:01:14.5233349Z -- 	at org.jboss.arquillian.junit.Arquillian$7$1.invoke(Arquillian.java:273)
WebAuthn IT (firefox)	Run WebAuthn IT	2024-08-14T11:01:14.5234795Z -- 	at org.jboss.arquillian.container.test.impl.execution.ClientBeforeAfterLifecycleEventExecuter.execute(ClientBeforeAfterLifecycleEventExecuter.java:88)
WebAuthn IT (firefox)	Run WebAuthn IT	2024-08-14T11:01:14.5236478Z -- 	at org.jboss.arquillian.container.test.impl.execution.ClientBeforeAfterLifecycleEventExecuter.on(ClientBeforeAfterLifecycleEventExecuter.java:66)
WebAuthn IT (firefox)	Run WebAuthn IT	2024-08-14T11:01:14.5237837Z -- 	at java.base/jdk.internal.reflect.DirectMethodHandleAccessor.invoke(DirectMethodHandleAccessor.java:103)
WebAuthn IT (firefox)	Run WebAuthn IT	2024-08-14T11:01:14.5238691Z -- 	at java.base/java.lang.reflect.Method.invoke(Method.java:580)
WebAuthn IT (firefox)	Run WebAuthn IT	2024-08-14T11:01:14.5239409Z -- 	at org.jboss.arquillian.core.impl.ObserverImpl.invoke(ObserverImpl.java:86)
WebAuthn IT (firefox)	Run WebAuthn IT	2024-08-14T11:01:14.5240319Z -- 	at org.jboss.arquillian.core.impl.EventContextImpl.invokeObservers(EventContextImpl.java:103)
WebAuthn IT (firefox)	Run WebAuthn IT	2024-08-14T11:01:14.5241271Z -- 	at org.jboss.arquillian.core.impl.EventContextImpl.proceed(EventContextImpl.java:90)
WebAuthn IT (firefox)	Run WebAuthn IT	2024-08-14T11:01:14.5242431Z -- 	at org.jboss.arquillian.container.test.impl.client.ContainerEventController.createContext(ContainerEventController.java:128)
WebAuthn IT (firefox)	Run WebAuthn IT	2024-08-14T11:01:14.5244005Z -- 	at org.jboss.arquillian.container.test.impl.client.ContainerEventController.createBeforeContext(ContainerEventController.java:114)
WebAuthn IT (firefox)	Run WebAuthn IT	2024-08-14T11:01:14.5245758Z -- 	at java.base/jdk.internal.reflect.DirectMethodHandleAccessor.invoke(DirectMethodHandleAccessor.java:103)
WebAuthn IT (firefox)	Run WebAuthn IT	2024-08-14T11:01:14.5246635Z -- 	at java.base/java.lang.reflect.Method.invoke(Method.java:580)
WebAuthn IT (firefox)	Run WebAuthn IT	2024-08-14T11:01:14.5247361Z -- 	at org.jboss.arquillian.core.impl.ObserverImpl.invoke(ObserverImpl.java:86)
WebAuthn IT (firefox)	Run WebAuthn IT	2024-08-14T11:01:14.5248221Z -- 	at org.jboss.arquillian.core.impl.EventContextImpl.proceed(EventContextImpl.java:95)
WebAuthn IT (firefox)	Run WebAuthn IT	2024-08-14T11:01:14.5249216Z -- 	at org.jboss.arquillian.test.impl.TestContextHandler.createTestContext(TestContextHandler.java:116)
WebAuthn IT (firefox)	Run WebAuthn IT	2024-08-14T11:01:14.5250309Z -- 	at java.base/jdk.internal.reflect.DirectMethodHandleAccessor.invoke(DirectMethodHandleAccessor.java:103)
WebAuthn IT (firefox)	Run WebAuthn IT	2024-08-14T11:01:14.5251170Z -- 	at java.base/java.lang.reflect.Method.invoke(Method.java:580)
WebAuthn IT (firefox)	Run WebAuthn IT	2024-08-14T11:01:14.5251898Z -- 	at org.jboss.arquillian.core.impl.ObserverImpl.invoke(ObserverImpl.java:86)
WebAuthn IT (firefox)	Run WebAuthn IT	2024-08-14T11:01:14.5252756Z -- 	at org.jboss.arquillian.core.impl.EventContextImpl.proceed(EventContextImpl.java:95)
WebAuthn IT (firefox)	Run WebAuthn IT	2024-08-14T11:01:14.5253749Z -- 	at org.jboss.arquillian.test.impl.TestContextHandler.createClassContext(TestContextHandler.java:83)
WebAuthn IT (firefox)	Run WebAuthn IT	2024-08-14T11:01:14.5254837Z -- 	at java.base/jdk.internal.reflect.DirectMethodHandleAccessor.invoke(DirectMethodHandleAccessor.java:103)
WebAuthn IT (firefox)	Run WebAuthn IT	2024-08-14T11:01:14.5255691Z -- 	at java.base/java.lang.reflect.Method.invoke(Method.java:580)
WebAuthn IT (firefox)	Run WebAuthn IT	2024-08-14T11:01:14.5256408Z -- 	at org.jboss.arquillian.core.impl.ObserverImpl.invoke(ObserverImpl.java:86)
WebAuthn IT (firefox)	Run WebAuthn IT	2024-08-14T11:01:14.5257264Z -- 	at org.jboss.arquillian.core.impl.EventContextImpl.proceed(EventContextImpl.java:95)
WebAuthn IT (firefox)	Run WebAuthn IT	2024-08-14T11:01:14.5258259Z -- 	at org.jboss.arquillian.test.impl.TestContextHandler.createSuiteContext(TestContextHandler.java:69)
WebAuthn IT (firefox)	Run WebAuthn IT	2024-08-14T11:01:14.5259347Z -- 	at java.base/jdk.internal.reflect.DirectMethodHandleAccessor.invoke(DirectMethodHandleAccessor.java:103)
WebAuthn IT (firefox)	Run WebAuthn IT	2024-08-14T11:01:14.5260207Z -- 	at java.base/java.lang.reflect.Method.invoke(Method.java:580)
WebAuthn IT (firefox)	Run WebAuthn IT	2024-08-14T11:01:14.5260918Z -- 	at org.jboss.arquillian.core.impl.ObserverImpl.invoke(ObserverImpl.java:86)
WebAuthn IT (firefox)	Run WebAuthn IT	2024-08-14T11:01:14.5261767Z -- 	at org.jboss.arquillian.core.impl.EventContextImpl.proceed(EventContextImpl.java:95)
WebAuthn IT (firefox)	Run WebAuthn IT	2024-08-14T11:01:14.5262595Z -- 	at org.jboss.arquillian.core.impl.ManagerImpl.fire(ManagerImpl.java:133)
WebAuthn IT (firefox)	Run WebAuthn IT	2024-08-14T11:01:14.5263352Z -- 	at org.jboss.arquillian.core.impl.ManagerImpl.fire(ManagerImpl.java:105)
WebAuthn IT (firefox)	Run WebAuthn IT	2024-08-14T11:01:14.5264669Z -- 	at org.jboss.arquillian.test.impl.EventTestRunnerAdaptor.fireCustomLifecycle(EventTestRunnerAdaptor.java:159)
WebAuthn IT (firefox)	Run WebAuthn IT	2024-08-14T11:01:14.5266035Z -- 	at org.jboss.arquillian.junit.Arquillian$7.evaluate(Arquillian.java:267)
WebAuthn IT (firefox)	Run WebAuthn IT	2024-08-14T11:01:14.5266878Z -- 	at org.junit.runners.BlockJUnit4ClassRunner$1.evaluate(BlockJUnit4ClassRunner.java:100)
WebAuthn IT (firefox)	Run WebAuthn IT	2024-08-14T11:01:14.5267880Z -- 	at org.junit.runners.ParentRunner.runLeaf(ParentRunner.java:366)
WebAuthn IT (firefox)	Run WebAuthn IT	2024-08-14T11:01:14.5268686Z -- 	at org.junit.runners.BlockJUnit4ClassRunner.runChild(BlockJUnit4ClassRunner.java:103)
WebAuthn IT (firefox)	Run WebAuthn IT	2024-08-14T11:01:14.5269577Z -- 	at org.junit.runners.BlockJUnit4ClassRunner.runChild(BlockJUnit4ClassRunner.java:63)
WebAuthn IT (firefox)	Run WebAuthn IT	2024-08-14T11:01:14.5270350Z -- 	at org.junit.runners.ParentRunner$4.run(ParentRunner.java:331)
WebAuthn IT (firefox)	Run WebAuthn IT	2024-08-14T11:01:14.5271030Z -- 	at org.junit.runners.ParentRunner$1.schedule(ParentRunner.java:79)
WebAuthn IT (firefox)	Run WebAuthn IT	2024-08-14T11:01:14.5271729Z -- 	at org.junit.runners.ParentRunner.runChildren(ParentRunner.java:329)
WebAuthn IT (firefox)	Run WebAuthn IT	2024-08-14T11:01:14.5272437Z -- 	at org.junit.runners.ParentRunner.access$100(ParentRunner.java:66)
WebAuthn IT (firefox)	Run WebAuthn IT	2024-08-14T11:01:14.5273122Z -- 	at org.junit.runners.ParentRunner$2.evaluate(ParentRunner.java:293)
WebAuthn IT (firefox)	Run WebAuthn IT	2024-08-14T11:01:14.5273842Z -- 	at org.jboss.arquillian.junit.Arquillian$2.evaluate(Arquillian.java:160)
WebAuthn IT (firefox)	Run WebAuthn IT	2024-08-14T11:01:14.5274609Z -- 	at org.jboss.arquillian.junit.Arquillian.multiExecute(Arquillian.java:344)
WebAuthn IT (firefox)	Run WebAuthn IT	2024-08-14T11:01:14.5275376Z -- 	at org.jboss.arquillian.junit.Arquillian.access$200(Arquillian.java:48)
WebAuthn IT (firefox)	Run WebAuthn IT	2024-08-14T11:01:14.5276261Z -- 	at org.jboss.arquillian.junit.Arquillian$3.evaluate(Arquillian.java:171)
WebAuthn IT (firefox)	Run WebAuthn IT	2024-08-14T11:01:14.5276997Z -- 	at org.junit.rules.ExternalResource$1.evaluate(ExternalResource.java:54)
WebAuthn IT (firefox)	Run WebAuthn IT	2024-08-14T11:01:14.5277646Z -- 	at org.junit.rules.RunRules.evaluate(RunRules.java:20)
WebAuthn IT (firefox)	Run WebAuthn IT	2024-08-14T11:01:14.5278284Z -- 	at org.junit.runners.ParentRunner$3.evaluate(ParentRunner.java:306)
WebAuthn IT (firefox)	Run WebAuthn IT	2024-08-14T11:01:14.5278936Z -- 	at org.junit.runners.ParentRunner.run(ParentRunner.java:413)
WebAuthn IT (firefox)	Run WebAuthn IT	2024-08-14T11:01:14.5279591Z -- 	at org.jboss.arquillian.junit.Arquillian.run(Arquillian.java:109)
WebAuthn IT (firefox)	Run WebAuthn IT	2024-08-14T11:01:14.5280388Z -- 	at org.apache.maven.surefire.junit4.JUnit4Provider.execute(JUnit4Provider.java:377)
WebAuthn IT (firefox)	Run WebAuthn IT	2024-08-14T11:01:14.5281332Z -- 	at org.apache.maven.surefire.junit4.JUnit4Provider.executeWithRerun(JUnit4Provider.java:284)
WebAuthn IT (firefox)	Run WebAuthn IT	2024-08-14T11:01:14.5282318Z -- 	at org.apache.maven.surefire.junit4.JUnit4Provider.executeTestSet(JUnit4Provider.java:248)
WebAuthn IT (firefox)	Run WebAuthn IT	2024-08-14T11:01:14.5283242Z -- 	at org.apache.maven.surefire.junit4.JUnit4Provider.invoke(JUnit4Provider.java:167)
WebAuthn IT (firefox)	Run WebAuthn IT	2024-08-14T11:01:14.5284176Z -- 	at org.apache.maven.surefire.booter.ForkedBooter.runSuitesInProcess(ForkedBooter.java:456)
WebAuthn IT (firefox)	Run WebAuthn IT	2024-08-14T11:01:14.5285078Z -- 	at org.apache.maven.surefire.booter.ForkedBooter.execute(ForkedBooter.java:169)
WebAuthn IT (firefox)	Run WebAuthn IT	2024-08-14T11:01:14.5285897Z -- 	at org.apache.maven.surefire.booter.ForkedBooter.run(ForkedBooter.java:595)
WebAuthn IT (firefox)	Run WebAuthn IT	2024-08-14T11:01:14.5286683Z -- 	at org.apache.maven.surefire.booter.ForkedBooter.main(ForkedBooter.java:581)
WebAuthn IT (firefox)	Run WebAuthn IT	2024-08-14T11:01:14.5287269Z -- 
WebAuthn IT (firefox)	Run WebAuthn IT	2024-08-14T11:01:14.5287708Z [INFO] Running org.keycloak.testsuite.webauthn.account.WebAuthnSigningInTest
WebAuthn IT (firefox)	Run WebAuthn IT	2024-08-14T11:01:57.5076930Z [WARNING] Tests run: 13, Failures: 0, Errors: 0, Skipped: 9, Time elapsed: 42.981 s - in org.keycloak.testsuite.webauthn.account.WebAuthnSigningInTest
WebAuthn IT (firefox)	Run WebAuthn IT	2024-08-14T11:01:57.5091658Z [INFO] Running org.keycloak.testsuite.webauthn.account.WebAuthnTransportLocaleTest
WebAuthn IT (firefox)	Run WebAuthn IT	2024-08-14T11:02:04.6771279Z [WARNING] Tests run: 5, Failures: 0, Errors: 0, Skipped: 5, Time elapsed: 7.154 s - in org.keycloak.testsuite.webauthn.account.WebAuthnTransportLocaleTest
WebAuthn IT (firefox)	Run WebAuthn IT	2024-08-14T11:02:04.6773344Z [INFO] Running org.keycloak.testsuite.webauthn.passwordless.AppInitiatedActionPwdLessTest
WebAuthn IT (firefox)	Run WebAuthn IT	2024-08-14T11:02:19.2807206Z [WARNING] Tests run: 3, Failures: 0, Errors: 0, Skipped: 2, Time elapsed: 14.591 s - in org.keycloak.testsuite.webauthn.passwordless.AppInitiatedActionPwdLessTest
WebAuthn IT (firefox)	Run WebAuthn IT	2024-08-14T11:02:19.2809867Z [INFO] Running org.keycloak.testsuite.webauthn.passwordless.WebAuthnPwdLessPropertyTest
WebAuthn IT (firefox)	Run WebAuthn IT	2024-08-14T11:02:21.6126521Z [WARNING] Tests run: 4, Failures: 0, Errors: 0, Skipped: 4, Time elapsed: 2.319 s - in org.keycloak.testsuite.webauthn.passwordless.WebAuthnPwdLessPropertyTest
WebAuthn IT (firefox)	Run WebAuthn IT	2024-08-14T11:02:21.6128976Z [INFO] Running org.keycloak.testsuite.webauthn.registration.AttestationConveyanceRegisterTest
WebAuthn IT (firefox)	Run WebAuthn IT	2024-08-14T11:02:23.8167205Z [WARNING] Tests run: 4, Failures: 0, Errors: 0, Skipped: 4, Time elapsed: 2.192 s - in org.keycloak.testsuite.webauthn.registration.AttestationConveyanceRegisterTest
WebAuthn IT (firefox)	Run WebAuthn IT	2024-08-14T11:02:23.8169813Z [INFO] Running org.keycloak.testsuite.webauthn.registration.AuthAttachmentRegisterTest
WebAuthn IT (firefox)	Run WebAuthn IT	2024-08-14T11:02:26.1937235Z [WARNING] Tests run: 4, Failures: 0, Errors: 0, Skipped: 4, Time elapsed: 2.36 s - in org.keycloak.testsuite.webauthn.registration.AuthAttachmentRegisterTest
WebAuthn IT (firefox)	Run WebAuthn IT	2024-08-14T11:02:26.1945767Z [INFO] Running org.keycloak.testsuite.webauthn.registration.PolicyJsInjectionTest
WebAuthn IT (firefox)	Run WebAuthn IT	2024-08-14T11:02:34.8575777Z [WARNING] Tests run: 7, Failures: 0, Errors: 0, Skipped: 6, Time elapsed: 8.65 s - in org.keycloak.testsuite.webauthn.registration.PolicyJsInjectionTest
WebAuthn IT (firefox)	Run WebAuthn IT	2024-08-14T11:02:34.8578167Z [INFO] Running org.keycloak.testsuite.webauthn.registration.PubKeySignRegisterTest
WebAuthn IT (firefox)	Run WebAuthn IT	2024-08-14T11:02:37.3415532Z [WARNING] Tests run: 6, Failures: 0, Errors: 0, Skipped: 6, Time elapsed: 2.471 s - in org.keycloak.testsuite.webauthn.registration.PubKeySignRegisterTest
WebAuthn IT (firefox)	Run WebAuthn IT	2024-08-14T11:02:37.3424249Z [INFO] Running org.keycloak.testsuite.webauthn.registration.ResidentKeyRegisterTest
WebAuthn IT (firefox)	Run WebAuthn IT	2024-08-14T11:02:39.6814901Z [WARNING] Tests run: 4, Failures: 0, Errors: 0, Skipped: 4, Time elapsed: 2.325 s - in org.keycloak.testsuite.webauthn.registration.ResidentKeyRegisterTest
WebAuthn IT (firefox)	Run WebAuthn IT	2024-08-14T11:02:39.6817041Z [INFO] Running org.keycloak.testsuite.webauthn.registration.UserVerificationRegisterTest
WebAuthn IT (firefox)	Run WebAuthn IT	2024-08-14T11:02:42.3004478Z [WARNING] Tests run: 9, Failures: 0, Errors: 0, Skipped: 9, Time elapsed: 2.606 s - in org.keycloak.testsuite.webauthn.registration.UserVerificationRegisterTest
WebAuthn IT (firefox)	Run WebAuthn IT	2024-08-14T11:02:42.3008543Z [INFO] Running org.keycloak.testsuite.webauthn.registration.WebAuthnOtherSettingsTest
WebAuthn IT (firefox)	Run WebAuthn IT	2024-08-14T11:02:46.2904001Z [WARNING] Tests run: 4, Failures: 0, Errors: 0, Skipped: 3, Time elapsed: 3.976 s - in org.keycloak.testsuite.webauthn.registration.WebAuthnOtherSettingsTest
WebAuthn IT (firefox)	Run WebAuthn IT	2024-08-14T11:02:46.2914955Z [INFO] Running org.keycloak.testsuite.webauthn.registration.passwordless.PwdLessAttestationRegTest
WebAuthn IT (firefox)	Run WebAuthn IT	2024-08-14T11:02:48.4640875Z [WARNING] Tests run: 4, Failures: 0, Errors: 0, Skipped: 4, Time elapsed: 2.159 s - in org.keycloak.testsuite.webauthn.registration.passwordless.PwdLessAttestationRegTest
WebAuthn IT (firefox)	Run WebAuthn IT	2024-08-14T11:02:48.4643296Z [INFO] Running org.keycloak.testsuite.webauthn.registration.passwordless.PwdLessAuthAttachmentRegTest
WebAuthn IT (firefox)	Run WebAuthn IT	2024-08-14T11:02:50.7782724Z [WARNING] Tests run: 4, Failures: 0, Errors: 0, Skipped: 4, Time elapsed: 2.302 s - in org.keycloak.testsuite.webauthn.registration.passwordless.PwdLessAuthAttachmentRegTest
WebAuthn IT (firefox)	Run WebAuthn IT	2024-08-14T11:02:50.7788671Z [INFO] Running org.keycloak.testsuite.webauthn.registration.passwordless.PwdLessOtherSettingsTest
WebAuthn IT (firefox)	Run WebAuthn IT	2024-08-14T11:02:54.7991525Z [WARNING] Tests run: 4, Failures: 0, Errors: 0, Skipped: 3, Time elapsed: 4.008 s - in org.keycloak.testsuite.webauthn.registration.passwordless.PwdLessOtherSettingsTest
WebAuthn IT (firefox)	Run WebAuthn IT	2024-08-14T11:02:54.7993924Z [INFO] Running org.keycloak.testsuite.webauthn.registration.passwordless.PwdLessPolicyJsInjectionTest
WebAuthn IT (firefox)	Run WebAuthn IT	2024-08-14T11:03:02.9015736Z [WARNING] Tests run: 7, Failures: 0, Errors: 0, Skipped: 6, Time elapsed: 8.092 s - in org.keycloak.testsuite.webauthn.registration.passwordless.PwdLessPolicyJsInjectionTest
WebAuthn IT (firefox)	Run WebAuthn IT	2024-08-14T11:03:02.9020294Z [INFO] Running org.keycloak.testsuite.webauthn.registration.passwordless.PwdLessPubKeySignRegTest
WebAuthn IT (firefox)	Run WebAuthn IT	2024-08-14T11:03:05.3579802Z [WARNING] Tests run: 6, Failures: 0, Errors: 0, Skipped: 6, Time elapsed: 2.44 s - in org.keycloak.testsuite.webauthn.registration.passwordless.PwdLessPubKeySignRegTest
WebAuthn IT (firefox)	Run WebAuthn IT	2024-08-14T11:03:05.3582157Z [INFO] Running org.keycloak.testsuite.webauthn.registration.passwordless.PwdLessResidentKeyRegTest
WebAuthn IT (firefox)	Run WebAuthn IT	2024-08-14T11:03:07.8779094Z [WARNING] Tests run: 4, Failures: 0, Errors: 0, Skipped: 4, Time elapsed: 2.51 s - in org.keycloak.testsuite.webauthn.registration.passwordless.PwdLessResidentKeyRegTest
WebAuthn IT (firefox)	Run WebAuthn IT	2024-08-14T11:03:07.8781260Z [INFO] Running org.keycloak.testsuite.webauthn.registration.passwordless.PwdLessUserVerRegTest
WebAuthn IT (firefox)	Run WebAuthn IT	2024-08-14T11:03:10.4163408Z [WARNING] Tests run: 9, Failures: 0, Errors: 0, Skipped: 9, Time elapsed: 2.528 s - in org.keycloak.testsuite.webauthn.registration.passwordless.PwdLessUserVerRegTest
WebAuthn IT (firefox)	Run WebAuthn IT	2024-08-14T11:03:10.7573844Z -- [INFO] 
WebAuthn IT (firefox)	Run WebAuthn IT	2024-08-14T11:03:10.7575257Z -- [INFO] Results:
WebAuthn IT (firefox)	Run WebAuthn IT	2024-08-14T11:03:10.7576077Z -- [INFO] 
WebAuthn IT (firefox)	Run WebAuthn IT	2024-08-14T11:03:10.7589754Z -- [ERROR] Failures: 
WebAuthn IT (firefox)	Run WebAuthn IT	2024-08-14T11:03:10.7590955Z -- [ERROR] org.keycloak.testsuite.webauthn.account.WebAuthnErrorTest.errorPageWithTimeout
WebAuthn IT (firefox)	Run WebAuthn IT	2024-08-14T11:03:10.7594035Z -- [ERROR]   Run 1: WebAuthnErrorTest>AbstractWebAuthnAccountTest.navigateBeforeTest:110->AbstractWebAuthnAccountTest.loginToAccount:161 Expected OIDCLogin but was Account Management (https://localhost:8543/auth/realms/test/account/account-security/signing-in)
WebAuthn IT (firefox)	Run WebAuthn IT	2024-08-14T11:03:10.7596507Z -- [INFO]   Run 2: PASS
WebAuthn IT (firefox)	Run WebAuthn IT	2024-08-14T11:03:10.7597019Z -- [INFO] 
WebAuthn IT (firefox)	Run WebAuthn IT	2024-08-14T11:03:10.7597433Z -- [INFO] 
WebAuthn IT (firefox)	Run WebAuthn IT	2024-08-14T11:03:10.7598104Z -- [ERROR] Tests run: 126, Failures: 1, Errors: 0, Skipped: 112
WebAuthn IT (firefox)	Run WebAuthn IT	2024-08-14T11:03:10.7598826Z -- [INFO] 
WebAuthn IT (firefox)	Run WebAuthn IT	2024-08-14T11:03:10.7610529Z -- [INFO] ------------------------------------------------------------------------
WebAuthn IT (firefox)	Run WebAuthn IT	2024-08-14T11:03:10.7611776Z -- [INFO] BUILD FAILURE
WebAuthn IT (firefox)	Run WebAuthn IT	2024-08-14T11:03:10.7612533Z -- [INFO] ------------------------------------------------------------------------
WebAuthn IT (firefox)	Run WebAuthn IT	2024-08-14T11:03:10.7613429Z -- [INFO] Total time:  04:31 min
WebAuthn IT (firefox)	Run WebAuthn IT	2024-08-14T11:03:10.7618556Z -- [INFO] Finished at: 2024-08-14T11:03:10Z
WebAuthn IT (firefox)	Run WebAuthn IT	2024-08-14T11:03:10.7619504Z -- [INFO] ------------------------------------------------------------------------
WebAuthn IT (firefox)	Run WebAuthn IT	2024-08-14T11:03:10.7633097Z -- [ERROR] Failed to execute goal org.apache.maven.plugins:maven-surefire-plugin:3.0.0-M7:test (default-test) on project integration-arquillian-tests-base: There are test failures.
WebAuthn IT (firefox)	Run WebAuthn IT	2024-08-14T11:03:10.7634956Z -- [ERROR] 
WebAuthn IT (firefox)	Run WebAuthn IT	2024-08-14T11:03:10.7636697Z -- [ERROR] Please refer to /home/runner/work/keycloak/keycloak/testsuite/integration-arquillian/tests/base/target/surefire-reports for the individual test results.
WebAuthn IT (firefox)	Run WebAuthn IT	2024-08-14T11:03:10.7639110Z -- [ERROR] Please refer to dump files (if any exist) [date].dump, [date]-jvmRun[N].dump and [date].dumpstream.
WebAuthn IT (firefox)	Run WebAuthn IT	2024-08-14T11:03:10.7640256Z -- [ERROR] -> [Help 1]
WebAuthn IT (firefox)	Run WebAuthn IT	2024-08-14T11:03:10.7640764Z -- [ERROR] 
WebAuthn IT (firefox)	Run WebAuthn IT	2024-08-14T11:03:10.7641641Z -- [ERROR] To see the full stack trace of the errors, re-run Maven with the -e switch.
WebAuthn IT (firefox)	Run WebAuthn IT	2024-08-14T11:03:10.7642883Z -- [ERROR] Re-run Maven using the -X switch to enable full debug logging.
WebAuthn IT (firefox)	Run WebAuthn IT	2024-08-14T11:03:10.7643808Z -- [ERROR] 
WebAuthn IT (firefox)	Run WebAuthn IT	2024-08-14T11:03:10.7645812Z -- [ERROR] For more information about the errors and possible solutions, please read the following articles:
WebAuthn IT (firefox)	Run WebAuthn IT	2024-08-14T11:03:10.7647588Z -- [ERROR] [Help 1] http://cwiki.apache.org/confluence/display/MAVEN/MojoFailureException
WebAuthn IT (firefox)	Run WebAuthn IT	2024-08-14T11:03:10.8006728Z ##[error]Process completed with exit code 1.
Status Check - Keycloak CI	Run /./.github/actions/status-check	2024-08-14T11:32:27.9909948Z Prepare all required actions
Status Check - Keycloak CI	Run /./.github/actions/status-check	2024-08-14T11:32:28.0004041Z ##[group]Run ./.github/actions/status-check
Status Check - Keycloak CI	Run /./.github/actions/status-check	2024-08-14T11:32:28.0004556Z with:
Status Check - Keycloak CI	Run /./.github/actions/status-check	2024-08-14T11:32:28.0009427Z   jobs: {
Status Check - Keycloak CI	Run /./.github/actions/status-check	  "conditional": {
Status Check - Keycloak CI	Run /./.github/actions/status-check	    "result": "success",
Status Check - Keycloak CI	Run /./.github/actions/status-check	    "outputs": {
Status Check - Keycloak CI	Run /./.github/actions/status-check	      "ci": "true",
Status Check - Keycloak CI	Run /./.github/actions/status-check	      "ci-aurora": "false",
Status Check - Keycloak CI	Run /./.github/actions/status-check	      "ci-quarkus": "false",
Status Check - Keycloak CI	Run /./.github/actions/status-check	      "ci-sssd": "false",
Status Check - Keycloak CI	Run /./.github/actions/status-check	      "ci-store": "false",
Status Check - Keycloak CI	Run /./.github/actions/status-check	      "ci-test-poc": "false",
Status Check - Keycloak CI	Run /./.github/actions/status-check	      "ci-webauthn": "true"
Status Check - Keycloak CI	Run /./.github/actions/status-check	    }
Status Check - Keycloak CI	Run /./.github/actions/status-check	  },
Status Check - Keycloak CI	Run /./.github/actions/status-check	  "build": {
Status Check - Keycloak CI	Run /./.github/actions/status-check	    "result": "success",
Status Check - Keycloak CI	Run /./.github/actions/status-check	    "outputs": {}
Status Check - Keycloak CI	Run /./.github/actions/status-check	  },
Status Check - Keycloak CI	Run /./.github/actions/status-check	  "unit-tests": {
Status Check - Keycloak CI	Run /./.github/actions/status-check	    "result": "success",
Status Check - Keycloak CI	Run /./.github/actions/status-check	    "outputs": {}
Status Check - Keycloak CI	Run /./.github/actions/status-check	  },
Status Check - Keycloak CI	Run /./.github/actions/status-check	  "base-integration-tests": {
Status Check - Keycloak CI	Run /./.github/actions/status-check	    "result": "success",
Status Check - Keycloak CI	Run /./.github/actions/status-check	    "outputs": {}
Status Check - Keycloak CI	Run /./.github/actions/status-check	  },
Status Check - Keycloak CI	Run /./.github/actions/status-check	  "adapter-integration-tests": {
Status Check - Keycloak CI	Run /./.github/actions/status-check	    "result": "success",
Status Check - Keycloak CI	Run /./.github/actions/status-check	    "outputs": {}
Status Check - Keycloak CI	Run /./.github/actions/status-check	  },
Status Check - Keycloak CI	Run /./.github/actions/status-check	  "quarkus-unit-tests": {
Status Check - Keycloak CI	Run /./.github/actions/status-check	    "result": "skipped",
Status Check - Keycloak CI	Run /./.github/actions/status-check	    "outputs": {}
Status Check - Keycloak CI	Run /./.github/actions/status-check	  },
Status Check - Keycloak CI	Run /./.github/actions/status-check	  "quarkus-integration-tests": {
Status Check - Keycloak CI	Run /./.github/actions/status-check	    "result": "success",
Status Check - Keycloak CI	Run /./.github/actions/status-check	    "outputs": {}
Status Check - Keycloak CI	Run /./.github/actions/status-check	  },
Status Check - Keycloak CI	Run /./.github/actions/status-check	  "jdk-integration-tests": {
Status Check - Keycloak CI	Run /./.github/actions/status-check	    "result": "success",
Status Check - Keycloak CI	Run /./.github/actions/status-check	    "outputs": {}
Status Check - Keycloak CI	Run /./.github/actions/status-check	  },
Status Check - Keycloak CI	Run /./.github/actions/status-check	  "store-integration-tests": {
Status Check - Keycloak CI	Run /./.github/actions/status-check	    "result": "success",
Status Check - Keycloak CI	Run /./.github/actions/status-check	    "outputs": {}
Status Check - Keycloak CI	Run /./.github/actions/status-check	  },
Status Check - Keycloak CI	Run /./.github/actions/status-check	  "persistent-sessions-tests": {
Status Check - Keycloak CI	Run /./.github/actions/status-check	    "result": "skipped",
Status Check - Keycloak CI	Run /./.github/actions/status-check	    "outputs": {}
Status Check - Keycloak CI	Run /./.github/actions/status-check	  },
Status Check - Keycloak CI	Run /./.github/actions/status-check	  "store-model-tests": {
Status Check - Keycloak CI	Run /./.github/actions/status-check	    "result": "skipped",
Status Check - Keycloak CI	Run /./.github/actions/status-check	    "outputs": {}
Status Check - Keycloak CI	Run /./.github/actions/status-check	  },
Status Check - Keycloak CI	Run /./.github/actions/status-check	  "clustering-integration-tests": {
Status Check - Keycloak CI	Run /./.github/actions/status-check	    "result": "success",
Status Check - Keycloak CI	Run /./.github/actions/status-check	    "outputs": {}
Status Check - Keycloak CI	Run /./.github/actions/status-check	  },
Status Check - Keycloak CI	Run /./.github/actions/status-check	  "fips-unit-tests": {
Status Check - Keycloak CI	Run /./.github/actions/status-check	    "result": "success",
Status Check - Keycloak CI	Run /./.github/actions/status-check	    "outputs": {}
Status Check - Keycloak CI	Run /./.github/actions/status-check	  },
Status Check - Keycloak CI	Run /./.github/actions/status-check	  "fips-integration-tests": {
Status Check - Keycloak CI	Run /./.github/actions/status-check	    "result": "success",
Status Check - Keycloak CI	Run /./.github/actions/status-check	    "outputs": {}
Status Check - Keycloak CI	Run /./.github/actions/status-check	  },
Status Check - Keycloak CI	Run /./.github/actions/status-check	  "forms-integration-tests": {
Status Check - Keycloak CI	Run /./.github/actions/status-check	    "result": "success",
Status Check - Keycloak CI	Run /./.github/actions/status-check	    "outputs": {}
Status Check - Keycloak CI	Run /./.github/actions/status-check	  },
Status Check - Keycloak CI	Run /./.github/actions/status-check	  "webauthn-integration-tests": {
Status Check - Keycloak CI	Run /./.github/actions/status-check	    "result": "failure",
Status Check - Keycloak CI	Run /./.github/actions/status-check	    "outputs": {}
Status Check - Keycloak CI	Run /./.github/actions/status-check	  },
Status Check - Keycloak CI	Run /./.github/actions/status-check	  "sssd-unit-tests": {
Status Check - Keycloak CI	Run /./.github/actions/status-check	    "result": "skipped",
Status Check - Keycloak CI	Run /./.github/actions/status-check	    "outputs": {}
Status Check - Keycloak CI	Run /./.github/actions/status-check	  },
Status Check - Keycloak CI	Run /./.github/actions/status-check	  "migration-tests": {
Status Check - Keycloak CI	Run /./.github/actions/status-check	    "result": "success",
Status Check - Keycloak CI	Run /./.github/actions/status-check	    "outputs": {}
Status Check - Keycloak CI	Run /./.github/actions/status-check	  },
Status Check - Keycloak CI	Run /./.github/actions/status-check	  "external-infinispan-tests": {
Status Check - Keycloak CI	Run /./.github/actions/status-check	    "result": "skipped",
Status Check - Keycloak CI	Run /./.github/actions/status-check	    "outputs": {}
Status Check - Keycloak CI	Run /./.github/actions/status-check	  },
Status Check - Keycloak CI	Run /./.github/actions/status-check	  "test-poc": {
Status Check - Keycloak CI	Run /./.github/actions/status-check	    "result": "skipped",
Status Check - Keycloak CI	Run /./.github/actions/status-check	    "outputs": {}
Status Check - Keycloak CI	Run /./.github/actions/status-check	  }
Status Check - Keycloak CI	Run /./.github/actions/status-check	}
Status Check - Keycloak CI	Run /./.github/actions/status-check	2024-08-14T11:32:28.0014705Z env:
Status Check - Keycloak CI	Run /./.github/actions/status-check	2024-08-14T11:32:28.0015224Z   MAVEN_ARGS: -B -nsu -Daether.connector.http.connectionMaxTtl=25
Status Check - Keycloak CI	Run /./.github/actions/status-check	2024-08-14T11:32:28.0015781Z   SUREFIRE_RERUN_FAILING_COUNT: 2
Status Check - Keycloak CI	Run /./.github/actions/status-check	2024-08-14T11:32:28.0016291Z   SUREFIRE_RETRY: -Dsurefire.rerunFailingTestsCount=2
Status Check - Keycloak CI	Run /./.github/actions/status-check	2024-08-14T11:32:28.0016846Z ##[endgroup]
Status Check - Keycloak CI	Run /./.github/actions/status-check	2024-08-14T11:32:28.0273600Z ##[group]Run JOBS='{
Status Check - Keycloak CI	Run /./.github/actions/status-check	2024-08-14T11:32:28.0274125Z [36;1mJOBS='{[0m
Status Check - Keycloak CI	Run /./.github/actions/status-check	2024-08-14T11:32:28.0274469Z [36;1m  "conditional": {[0m
Status Check - Keycloak CI	Run /./.github/actions/status-check	2024-08-14T11:32:28.0275009Z [36;1m    "result": "success",[0m
Status Check - Keycloak CI	Run /./.github/actions/status-check	2024-08-14T11:32:28.0275422Z [36;1m    "outputs": {[0m
Status Check - Keycloak CI	Run /./.github/actions/status-check	2024-08-14T11:32:28.0275790Z [36;1m      "ci": "true",[0m
Status Check - Keycloak CI	Run /./.github/actions/status-check	2024-08-14T11:32:28.0276239Z [36;1m      "ci-aurora": "false",[0m
Status Check - Keycloak CI	Run /./.github/actions/status-check	2024-08-14T11:32:28.0276674Z [36;1m      "ci-quarkus": "false",[0m
Status Check - Keycloak CI	Run /./.github/actions/status-check	2024-08-14T11:32:28.0277079Z [36;1m      "ci-sssd": "false",[0m
Status Check - Keycloak CI	Run /./.github/actions/status-check	2024-08-14T11:32:28.0277559Z [36;1m      "ci-store": "false",[0m
Status Check - Keycloak CI	Run /./.github/actions/status-check	2024-08-14T11:32:28.0278001Z [36;1m      "ci-test-poc": "false",[0m
Status Check - Keycloak CI	Run /./.github/actions/status-check	2024-08-14T11:32:28.0278398Z [36;1m      "ci-webauthn": "true"[0m
Status Check - Keycloak CI	Run /./.github/actions/status-check	2024-08-14T11:32:28.0278874Z [36;1m    }[0m
Status Check - Keycloak CI	Run /./.github/actions/status-check	2024-08-14T11:32:28.0279203Z [36;1m  },[0m
Status Check - Keycloak CI	Run /./.github/actions/status-check	2024-08-14T11:32:28.0279485Z [36;1m  "build": {[0m
Status Check - Keycloak CI	Run /./.github/actions/status-check	2024-08-14T11:32:28.0279972Z [36;1m    "result": "success",[0m
Status Check - Keycloak CI	Run /./.github/actions/status-check	2024-08-14T11:32:28.0280389Z [36;1m    "outputs": {}[0m
Status Check - Keycloak CI	Run /./.github/actions/status-check	2024-08-14T11:32:28.0280706Z [36;1m  },[0m
Status Check - Keycloak CI	Run /./.github/actions/status-check	2024-08-14T11:32:28.0281092Z [36;1m  "unit-tests": {[0m
Status Check - Keycloak CI	Run /./.github/actions/status-check	2024-08-14T11:32:28.0281479Z [36;1m    "result": "success",[0m
Status Check - Keycloak CI	Run /./.github/actions/status-check	2024-08-14T11:32:28.0281830Z [36;1m    "outputs": {}[0m
Status Check - Keycloak CI	Run /./.github/actions/status-check	2024-08-14T11:32:28.0282242Z [36;1m  },[0m
Status Check - Keycloak CI	Run /./.github/actions/status-check	2024-08-14T11:32:28.0282596Z [36;1m  "base-integration-tests": {[0m
Status Check - Keycloak CI	Run /./.github/actions/status-check	2024-08-14T11:32:28.0282985Z [36;1m    "result": "success",[0m
Status Check - Keycloak CI	Run /./.github/actions/status-check	2024-08-14T11:32:28.0283469Z [36;1m    "outputs": {}[0m
Status Check - Keycloak CI	Run /./.github/actions/status-check	2024-08-14T11:32:28.0284055Z [36;1m  },[0m
Status Check - Keycloak CI	Run /./.github/actions/status-check	2024-08-14T11:32:28.0284438Z [36;1m  "adapter-integration-tests": {[0m
Status Check - Keycloak CI	Run /./.github/actions/status-check	2024-08-14T11:32:28.0284975Z [36;1m    "result": "success",[0m
Status Check - Keycloak CI	Run /./.github/actions/status-check	2024-08-14T11:32:28.0285364Z [36;1m    "outputs": {}[0m
Status Check - Keycloak CI	Run /./.github/actions/status-check	2024-08-14T11:32:28.0285791Z [36;1m  },[0m
Status Check - Keycloak CI	Run /./.github/actions/status-check	2024-08-14T11:32:28.0286087Z [36;1m  "quarkus-unit-tests": {[0m
Status Check - Keycloak CI	Run /./.github/actions/status-check	2024-08-14T11:32:28.0286493Z [36;1m    "result": "skipped",[0m
Status Check - Keycloak CI	Run /./.github/actions/status-check	2024-08-14T11:32:28.0287417Z [36;1m    "outputs": {}[0m
Status Check - Keycloak CI	Run /./.github/actions/status-check	2024-08-14T11:32:28.0287740Z [36;1m  },[0m
Status Check - Keycloak CI	Run /./.github/actions/status-check	2024-08-14T11:32:28.0288088Z [36;1m  "quarkus-integration-tests": {[0m
Status Check - Keycloak CI	Run /./.github/actions/status-check	2024-08-14T11:32:28.0288608Z [36;1m    "result": "success",[0m
Status Check - Keycloak CI	Run /./.github/actions/status-check	2024-08-14T11:32:28.0288974Z [36;1m    "outputs": {}[0m
Status Check - Keycloak CI	Run /./.github/actions/status-check	2024-08-14T11:32:28.0289366Z [36;1m  },[0m
Status Check - Keycloak CI	Run /./.github/actions/status-check	2024-08-14T11:32:28.0289783Z [36;1m  "jdk-integration-tests": {[0m
Status Check - Keycloak CI	Run /./.github/actions/status-check	2024-08-14T11:32:28.0290168Z [36;1m    "result": "success",[0m
Status Check - Keycloak CI	Run /./.github/actions/status-check	2024-08-14T11:32:28.0290581Z [36;1m    "outputs": {}[0m
Status Check - Keycloak CI	Run /./.github/actions/status-check	2024-08-14T11:32:28.0291001Z [36;1m  },[0m
Status Check - Keycloak CI	Run /./.github/actions/status-check	2024-08-14T11:32:28.0291438Z [36;1m  "store-integration-tests": {[0m
Status Check - Keycloak CI	Run /./.github/actions/status-check	2024-08-14T11:32:28.0291857Z [36;1m    "result": "success",[0m
Status Check - Keycloak CI	Run /./.github/actions/status-check	2024-08-14T11:32:28.0292324Z [36;1m    "outputs": {}[0m
Status Check - Keycloak CI	Run /./.github/actions/status-check	2024-08-14T11:32:28.0292676Z [36;1m  },[0m
Status Check - Keycloak CI	Run /./.github/actions/status-check	2024-08-14T11:32:28.0293011Z [36;1m  "persistent-sessions-tests": {[0m
Status Check - Keycloak CI	Run /./.github/actions/status-check	2024-08-14T11:32:28.0293523Z [36;1m    "result": "skipped",[0m
Status Check - Keycloak CI	Run /./.github/actions/status-check	2024-08-14T11:32:28.0293924Z [36;1m    "outputs": {}[0m
Status Check - Keycloak CI	Run /./.github/actions/status-check	2024-08-14T11:32:28.0294321Z [36;1m  },[0m
Status Check - Keycloak CI	Run /./.github/actions/status-check	2024-08-14T11:32:28.0294717Z [36;1m  "store-model-tests": {[0m
Status Check - Keycloak CI	Run /./.github/actions/status-check	2024-08-14T11:32:28.0295137Z [36;1m    "result": "skipped",[0m
Status Check - Keycloak CI	Run /./.github/actions/status-check	2024-08-14T11:32:28.0295487Z [36;1m    "outputs": {}[0m
Status Check - Keycloak CI	Run /./.github/actions/status-check	2024-08-14T11:32:28.0295900Z [36;1m  },[0m
Status Check - Keycloak CI	Run /./.github/actions/status-check	2024-08-14T11:32:28.0296280Z [36;1m  "clustering-integration-tests": {[0m
Status Check - Keycloak CI	Run /./.github/actions/status-check	2024-08-14T11:32:28.0296687Z [36;1m    "result": "success",[0m
Status Check - Keycloak CI	Run /./.github/actions/status-check	2024-08-14T11:32:28.0297133Z [36;1m    "outputs": {}[0m
Status Check - Keycloak CI	Run /./.github/actions/status-check	2024-08-14T11:32:28.0297492Z [36;1m  },[0m
Status Check - Keycloak CI	Run /./.github/actions/status-check	2024-08-14T11:32:28.0297778Z [36;1m  "fips-unit-tests": {[0m
Status Check - Keycloak CI	Run /./.github/actions/status-check	2024-08-14T11:32:28.0298232Z [36;1m    "result": "success",[0m
Status Check - Keycloak CI	Run /./.github/actions/status-check	2024-08-14T11:32:28.0298639Z [36;1m    "outputs": {}[0m
Status Check - Keycloak CI	Run /./.github/actions/status-check	2024-08-14T11:32:28.0299000Z [36;1m  },[0m
Status Check - Keycloak CI	Run /./.github/actions/status-check	2024-08-14T11:32:28.0299413Z [36;1m  "fips-integration-tests": {[0m
Status Check - Keycloak CI	Run /./.github/actions/status-check	2024-08-14T11:32:28.0299853Z [36;1m    "result": "success",[0m
Status Check - Keycloak CI	Run /./.github/actions/status-check	2024-08-14T11:32:28.0300203Z [36;1m    "outputs": {}[0m
Status Check - Keycloak CI	Run /./.github/actions/status-check	2024-08-14T11:32:28.0300640Z [36;1m  },[0m
Status Check - Keycloak CI	Run /./.github/actions/status-check	2024-08-14T11:32:28.0301170Z [36;1m  "forms-integration-tests": {[0m
Status Check - Keycloak CI	Run /./.github/actions/status-check	2024-08-14T11:32:28.0301567Z [36;1m    "result": "success",[0m
Status Check - Keycloak CI	Run /./.github/actions/status-check	2024-08-14T11:32:28.0302041Z [36;1m    "outputs": {}[0m
Status Check - Keycloak CI	Run /./.github/actions/status-check	2024-08-14T11:32:28.0302395Z [36;1m  },[0m
Status Check - Keycloak CI	Run /./.github/actions/status-check	2024-08-14T11:32:28.0302720Z [36;1m  "webauthn-integration-tests": {[0m
Status Check - Keycloak CI	Run /./.github/actions/status-check	2024-08-14T11:32:28.0303244Z [36;1m    "result": "failure",[0m
Status Check - Keycloak CI	Run /./.github/actions/status-check	2024-08-14T11:32:28.0303680Z [36;1m    "outputs": {}[0m
Status Check - Keycloak CI	Run /./.github/actions/status-check	2024-08-14T11:32:28.0303988Z [36;1m  },[0m
Status Check - Keycloak CI	Run /./.github/actions/status-check	2024-08-14T11:32:28.0304391Z [36;1m  "sssd-unit-tests": {[0m
Status Check - Keycloak CI	Run /./.github/actions/status-check	2024-08-14T11:32:28.0304785Z [36;1m    "result": "skipped",[0m
Status Check - Keycloak CI	Run /./.github/actions/status-check	2024-08-14T11:32:28.0305127Z [36;1m    "outputs": {}[0m
Status Check - Keycloak CI	Run /./.github/actions/status-check	2024-08-14T11:32:28.0305554Z [36;1m  },[0m
Status Check - Keycloak CI	Run /./.github/actions/status-check	2024-08-14T11:32:28.0305872Z [36;1m  "migration-tests": {[0m
Status Check - Keycloak CI	Run /./.github/actions/status-check	2024-08-14T11:32:28.0306217Z [36;1m    "result": "success",[0m
Status Check - Keycloak CI	Run /./.github/actions/status-check	2024-08-14T11:32:28.0306674Z [36;1m    "outputs": {}[0m
Status Check - Keycloak CI	Run /./.github/actions/status-check	2024-08-14T11:32:28.0307017Z [36;1m  },[0m
Status Check - Keycloak CI	Run /./.github/actions/status-check	2024-08-14T11:32:28.0307332Z [36;1m  "external-infinispan-tests": {[0m
Status Check - Keycloak CI	Run /./.github/actions/status-check	2024-08-14T11:32:28.0307852Z [36;1m    "result": "skipped",[0m
Status Check - Keycloak CI	Run /./.github/actions/status-check	2024-08-14T11:32:28.0308271Z [36;1m    "outputs": {}[0m
Status Check - Keycloak CI	Run /./.github/actions/status-check	2024-08-14T11:32:28.0308594Z [36;1m  },[0m
Status Check - Keycloak CI	Run /./.github/actions/status-check	2024-08-14T11:32:28.0308973Z [36;1m  "test-poc": {[0m
Status Check - Keycloak CI	Run /./.github/actions/status-check	2024-08-14T11:32:28.0309342Z [36;1m    "result": "skipped",[0m
Status Check - Keycloak CI	Run /./.github/actions/status-check	2024-08-14T11:32:28.0309710Z [36;1m    "outputs": {}[0m
Status Check - Keycloak CI	Run /./.github/actions/status-check	2024-08-14T11:32:28.0310130Z [36;1m  }[0m
Status Check - Keycloak CI	Run /./.github/actions/status-check	2024-08-14T11:32:28.0310431Z [36;1m}'[0m
Status Check - Keycloak CI	Run /./.github/actions/status-check	2024-08-14T11:32:28.0310713Z [36;1m[0m
Status Check - Keycloak CI	Run /./.github/actions/status-check	2024-08-14T11:32:28.0311079Z [36;1mecho "Job status:"[0m
Status Check - Keycloak CI	Run /./.github/actions/status-check	2024-08-14T11:32:28.0311603Z [36;1mecho $JOBS | jq -r 'to_entries[] | " - \(.key): \(.value.result)"'[0m
Status Check - Keycloak CI	Run /./.github/actions/status-check	2024-08-14T11:32:28.0312304Z [36;1m[0m
Status Check - Keycloak CI	Run /./.github/actions/status-check	2024-08-14T11:32:28.0312822Z [36;1mfor i in $(echo $JOBS | jq -r 'to_entries[] | .value.result'); do[0m
Status Check - Keycloak CI	Run /./.github/actions/status-check	2024-08-14T11:32:28.0313498Z [36;1m  if [ "$i" != "success" ] && [ "$i" != "skipped" ]; then[0m
Status Check - Keycloak CI	Run /./.github/actions/status-check	2024-08-14T11:32:28.0313950Z [36;1m    echo ""[0m
Status Check - Keycloak CI	Run /./.github/actions/status-check	2024-08-14T11:32:28.0314399Z [36;1m    echo "Status check not okay!"[0m
Status Check - Keycloak CI	Run /./.github/actions/status-check	2024-08-14T11:32:28.0314838Z [36;1m    exit 1[0m
Status Check - Keycloak CI	Run /./.github/actions/status-check	2024-08-14T11:32:28.0315293Z [36;1m  fi[0m
Status Check - Keycloak CI	Run /./.github/actions/status-check	2024-08-14T11:32:28.0315694Z [36;1mdone[0m
Status Check - Keycloak CI	Run /./.github/actions/status-check	2024-08-14T11:32:28.0536876Z shell: /usr/bin/bash --noprofile --norc -e -o pipefail {0}
Status Check - Keycloak CI	Run /./.github/actions/status-check	2024-08-14T11:32:28.0537567Z env:
Status Check - Keycloak CI	Run /./.github/actions/status-check	2024-08-14T11:32:28.0538097Z   MAVEN_ARGS: -B -nsu -Daether.connector.http.connectionMaxTtl=25
Status Check - Keycloak CI	Run /./.github/actions/status-check	2024-08-14T11:32:28.0538685Z   SUREFIRE_RERUN_FAILING_COUNT: 2
Status Check - Keycloak CI	Run /./.github/actions/status-check	2024-08-14T11:32:28.0539297Z   SUREFIRE_RETRY: -Dsurefire.rerunFailingTestsCount=2
Status Check - Keycloak CI	Run /./.github/actions/status-check	2024-08-14T11:32:28.0539824Z ##[endgroup]
Status Check - Keycloak CI	Run /./.github/actions/status-check	2024-08-14T11:32:28.0691462Z Job status:
Status Check - Keycloak CI	Run /./.github/actions/status-check	2024-08-14T11:32:28.1389597Z  - conditional: success
Status Check - Keycloak CI	Run /./.github/actions/status-check	2024-08-14T11:32:28.1390455Z  - build: success
Status Check - Keycloak CI	Run /./.github/actions/status-check	2024-08-14T11:32:28.1391276Z  - unit-tests: success
Status Check - Keycloak CI	Run /./.github/actions/status-check	2024-08-14T11:32:28.1392320Z  - base-integration-tests: success
Status Check - Keycloak CI	Run /./.github/actions/status-check	2024-08-14T11:32:28.1393325Z  - adapter-integration-tests: success
Status Check - Keycloak CI	Run /./.github/actions/status-check	2024-08-14T11:32:28.1394162Z  - quarkus-unit-tests: skipped
Status Check - Keycloak CI	Run /./.github/actions/status-check	2024-08-14T11:32:28.1394923Z  - quarkus-integration-tests: success
Status Check - Keycloak CI	Run /./.github/actions/status-check	2024-08-14T11:32:28.1395514Z  - jdk-integration-tests: success
Status Check - Keycloak CI	Run /./.github/actions/status-check	2024-08-14T11:32:28.1396103Z  - store-integration-tests: success
Status Check - Keycloak CI	Run /./.github/actions/status-check	2024-08-14T11:32:28.1396846Z  - persistent-sessions-tests: skipped
Status Check - Keycloak CI	Run /./.github/actions/status-check	2024-08-14T11:32:28.1397394Z  - store-model-tests: skipped
Status Check - Keycloak CI	Run /./.github/actions/status-check	2024-08-14T11:32:28.1398237Z  - clustering-integration-tests: success
Status Check - Keycloak CI	Run /./.github/actions/status-check	2024-08-14T11:32:28.1399405Z  - fips-unit-tests: success
Status Check - Keycloak CI	Run /./.github/actions/status-check	2024-08-14T11:32:28.1400254Z  - fips-integration-tests: success
Status Check - Keycloak CI	Run /./.github/actions/status-check	2024-08-14T11:32:28.1401131Z  - forms-integration-tests: success
Status Check - Keycloak CI	Run /./.github/actions/status-check	2024-08-14T11:32:28.1401965Z  - webauthn-integration-tests: failure
Status Check - Keycloak CI	Run /./.github/actions/status-check	2024-08-14T11:32:28.1402438Z  - sssd-unit-tests: skipped
Status Check - Keycloak CI	Run /./.github/actions/status-check	2024-08-14T11:32:28.1402862Z  - migration-tests: success
Status Check - Keycloak CI	Run /./.github/actions/status-check	2024-08-14T11:32:28.1403424Z  - external-infinispan-tests: skipped
Status Check - Keycloak CI	Run /./.github/actions/status-check	2024-08-14T11:32:28.1403853Z  - test-poc: skipped
Status Check - Keycloak CI	Run /./.github/actions/status-check	2024-08-14T11:32:28.1603644Z 
Status Check - Keycloak CI	Run /./.github/actions/status-check	2024-08-14T11:32:28.1604102Z Status check not okay!
Status Check - Keycloak CI	Run /./.github/actions/status-check	2024-08-14T11:32:28.1618353Z ##[error]Process completed with exit code 1.
