Test remote (fast)	UNKNOWN STEP	ï»¿2025-08-11T18:45:32.0127222Z Current runner version: '2.327.1'
Test remote (fast)	UNKNOWN STEP	2025-08-11T18:45:32.0151184Z ##[group]Runner Image Provisioner
Test remote (fast)	UNKNOWN STEP	2025-08-11T18:45:32.0152147Z Hosted Compute Agent
Test remote (fast)	UNKNOWN STEP	2025-08-11T18:45:32.0152782Z Version: 20250711.363
Test remote (fast)	UNKNOWN STEP	2025-08-11T18:45:32.0153336Z Commit: 6785254374ce925a23743850c1cb91912ce5c14c
Test remote (fast)	UNKNOWN STEP	2025-08-11T18:45:32.0154016Z Build Date: 2025-07-11T20:04:25Z
Test remote (fast)	UNKNOWN STEP	2025-08-11T18:45:32.0154637Z ##[endgroup]
Test remote (fast)	UNKNOWN STEP	2025-08-11T18:45:32.0155172Z ##[group]Operating System
Test remote (fast)	UNKNOWN STEP	2025-08-11T18:45:32.0155756Z Ubuntu
Test remote (fast)	UNKNOWN STEP	2025-08-11T18:45:32.0156231Z 24.04.2
Test remote (fast)	UNKNOWN STEP	2025-08-11T18:45:32.0156703Z LTS
Test remote (fast)	UNKNOWN STEP	2025-08-11T18:45:32.0157120Z ##[endgroup]
Test remote (fast)	UNKNOWN STEP	2025-08-11T18:45:32.0157631Z ##[group]Runner Image
Test remote (fast)	UNKNOWN STEP	2025-08-11T18:45:32.0158128Z Image: ubuntu-24.04
Test remote (fast)	UNKNOWN STEP	2025-08-11T18:45:32.0158657Z Version: 20250804.2.0
Test remote (fast)	UNKNOWN STEP	2025-08-11T18:45:32.0160020Z Included Software: https://github.com/actions/runner-images/blob/ubuntu24/20250804.2/images/ubuntu/Ubuntu2404-Readme.md
Test remote (fast)	UNKNOWN STEP	2025-08-11T18:45:32.0161705Z Image Release: https://github.com/actions/runner-images/releases/tag/ubuntu24%2F20250804.2
Test remote (fast)	UNKNOWN STEP	2025-08-11T18:45:32.0162726Z ##[endgroup]
Test remote (fast)	UNKNOWN STEP	2025-08-11T18:45:32.0163732Z ##[group]GITHUB_TOKEN Permissions
Test remote (fast)	UNKNOWN STEP	2025-08-11T18:45:32.0165753Z Contents: read
Test remote (fast)	UNKNOWN STEP	2025-08-11T18:45:32.0166333Z Metadata: read
Test remote (fast)	UNKNOWN STEP	2025-08-11T18:45:32.0166819Z ##[endgroup]
Test remote (fast)	UNKNOWN STEP	2025-08-11T18:45:32.0169568Z Secret source: None
Test remote (fast)	UNKNOWN STEP	2025-08-11T18:45:32.0170475Z Prepare workflow directory
Test remote (fast)	UNKNOWN STEP	2025-08-11T18:45:32.0568972Z Prepare all required actions
Test remote (fast)	UNKNOWN STEP	2025-08-11T18:45:32.0607833Z Getting action download info
Test remote (fast)	UNKNOWN STEP	2025-08-11T18:45:32.3775169Z Download action repository 'actions/checkout@11bd71901bbe5b1630ceea73d27597364c9af683' (SHA:11bd71901bbe5b1630ceea73d27597364c9af683)
Test remote (fast)	UNKNOWN STEP	2025-08-11T18:45:32.4488124Z Download action repository 'manusa/actions-setup-minikube@b589f2d61bf96695c546929c72b38563e856059d' (SHA:b589f2d61bf96695c546929c72b38563e856059d)
Test remote (fast)	UNKNOWN STEP	2025-08-11T18:45:33.2285081Z Download action repository 'actions/download-artifact@d3f86a106a0bac45b974a628896c90dbdf5c8093' (SHA:d3f86a106a0bac45b974a628896c90dbdf5c8093)
Test remote (fast)	UNKNOWN STEP	2025-08-11T18:45:33.5859967Z Complete job name: Test remote (fast)
Test remote (fast)	UNKNOWN STEP	2025-08-11T18:45:33.6658755Z ##[group]Run actions/checkout@11bd71901bbe5b1630ceea73d27597364c9af683
Test remote (fast)	UNKNOWN STEP	2025-08-11T18:45:33.6660679Z with:
Test remote (fast)	UNKNOWN STEP	2025-08-11T18:45:33.6661432Z   repository: keycloak/keycloak
Test remote (fast)	UNKNOWN STEP	2025-08-11T18:45:33.6662629Z   token: ***
Test remote (fast)	UNKNOWN STEP	2025-08-11T18:45:33.6663356Z   ssh-strict: true
Test remote (fast)	UNKNOWN STEP	2025-08-11T18:45:33.6664092Z   ssh-user: git
Test remote (fast)	UNKNOWN STEP	2025-08-11T18:45:33.6664861Z   persist-credentials: true
Test remote (fast)	UNKNOWN STEP	2025-08-11T18:45:33.6665720Z   clean: true
Test remote (fast)	UNKNOWN STEP	2025-08-11T18:45:33.6666518Z   sparse-checkout-cone-mode: true
Test remote (fast)	UNKNOWN STEP	2025-08-11T18:45:33.6667453Z   fetch-depth: 1
Test remote (fast)	UNKNOWN STEP	2025-08-11T18:45:33.6668201Z   fetch-tags: false
Test remote (fast)	UNKNOWN STEP	2025-08-11T18:45:33.6668973Z   show-progress: true
Test remote (fast)	UNKNOWN STEP	2025-08-11T18:45:33.6670187Z   lfs: false
Test remote (fast)	UNKNOWN STEP	2025-08-11T18:45:33.6670896Z   submodules: false
Test remote (fast)	UNKNOWN STEP	2025-08-11T18:45:33.6671685Z   set-safe-directory: true
Test remote (fast)	UNKNOWN STEP	2025-08-11T18:45:33.6672836Z env:
Test remote (fast)	UNKNOWN STEP	2025-08-11T18:45:33.6673838Z   MAVEN_ARGS: -B -nsu -Daether.connector.http.connectionMaxTtl=25
Test remote (fast)	UNKNOWN STEP	2025-08-11T18:45:33.6675123Z   MINIKUBE_VERSION: v1.32.0
Test remote (fast)	UNKNOWN STEP	2025-08-11T18:45:33.6676059Z   KUBERNETES_VERSION: v1.27.10
Test remote (fast)	UNKNOWN STEP	2025-08-11T18:45:33.6676972Z   MINIKUBE_MEMORY: 4096
Test remote (fast)	UNKNOWN STEP	2025-08-11T18:45:33.6677764Z ##[endgroup]
Test remote (fast)	UNKNOWN STEP	2025-08-11T18:45:33.7762336Z Syncing repository: keycloak/keycloak
Test remote (fast)	UNKNOWN STEP	2025-08-11T18:45:33.7765056Z ##[group]Getting Git version info
Test remote (fast)	UNKNOWN STEP	2025-08-11T18:45:33.7767115Z Working directory is '/home/runner/work/keycloak/keycloak'
Test remote (fast)	UNKNOWN STEP	2025-08-11T18:45:33.7770322Z [command]/usr/bin/git version
Test remote (fast)	UNKNOWN STEP	2025-08-11T18:45:33.7791408Z git version 2.50.1
Test remote (fast)	UNKNOWN STEP	2025-08-11T18:45:33.7817121Z ##[endgroup]
Test remote (fast)	UNKNOWN STEP	2025-08-11T18:45:33.7831953Z Temporarily overriding HOME='/home/runner/work/_temp/a01a642a-8b0c-4ce4-8ddd-8d1ae7be0068' before making global git config changes
Test remote (fast)	UNKNOWN STEP	2025-08-11T18:45:33.7834814Z Adding repository directory to the temporary git global config as a safe directory
Test remote (fast)	UNKNOWN STEP	2025-08-11T18:45:33.7837452Z [command]/usr/bin/git config --global --add safe.directory /home/runner/work/keycloak/keycloak
Test remote (fast)	UNKNOWN STEP	2025-08-11T18:45:33.7869890Z Deleting the contents of '/home/runner/work/keycloak/keycloak'
Test remote (fast)	UNKNOWN STEP	2025-08-11T18:45:33.7874083Z ##[group]Initializing the repository
Test remote (fast)	UNKNOWN STEP	2025-08-11T18:45:33.7877974Z [command]/usr/bin/git init /home/runner/work/keycloak/keycloak
Test remote (fast)	UNKNOWN STEP	2025-08-11T18:45:33.7930349Z hint: Using 'master' as the name for the initial branch. This default branch name
Test remote (fast)	UNKNOWN STEP	2025-08-11T18:45:33.7933488Z hint: is subject to change. To configure the initial branch name to use in all
Test remote (fast)	UNKNOWN STEP	2025-08-11T18:45:33.7936639Z hint: of your new repositories, which will suppress this warning, call:
Test remote (fast)	UNKNOWN STEP	2025-08-11T18:45:33.7939100Z hint:
Test remote (fast)	UNKNOWN STEP	2025-08-11T18:45:33.7940909Z hint: 	git config --global init.defaultBranch <name>
Test remote (fast)	UNKNOWN STEP	2025-08-11T18:45:33.7942874Z hint:
Test remote (fast)	UNKNOWN STEP	2025-08-11T18:45:33.7944781Z hint: Names commonly chosen instead of 'master' are 'main', 'trunk' and
Test remote (fast)	UNKNOWN STEP	2025-08-11T18:45:33.7946806Z hint: 'development'. The just-created branch can be renamed via this command:
Test remote (fast)	UNKNOWN STEP	2025-08-11T18:45:33.7948185Z hint:
Test remote (fast)	UNKNOWN STEP	2025-08-11T18:45:33.7948894Z hint: 	git branch -m <name>
Test remote (fast)	UNKNOWN STEP	2025-08-11T18:45:33.7949988Z hint:
Test remote (fast)	UNKNOWN STEP	2025-08-11T18:45:33.7951128Z hint: Disable this message with "git config set advice.defaultBranchName false"
Test remote (fast)	UNKNOWN STEP	2025-08-11T18:45:33.7953048Z Initialized empty Git repository in /home/runner/work/keycloak/keycloak/.git/
Test remote (fast)	UNKNOWN STEP	2025-08-11T18:45:33.7956021Z [command]/usr/bin/git remote add origin https://github.com/keycloak/keycloak
Test remote (fast)	UNKNOWN STEP	2025-08-11T18:45:33.7978934Z ##[endgroup]
Test remote (fast)	UNKNOWN STEP	2025-08-11T18:45:33.7980594Z ##[group]Disabling automatic garbage collection
Test remote (fast)	UNKNOWN STEP	2025-08-11T18:45:33.7982761Z [command]/usr/bin/git config --local gc.auto 0
Test remote (fast)	UNKNOWN STEP	2025-08-11T18:45:33.8013400Z ##[endgroup]
Test remote (fast)	UNKNOWN STEP	2025-08-11T18:45:33.8015624Z ##[group]Setting up auth
Test remote (fast)	UNKNOWN STEP	2025-08-11T18:45:33.8021006Z [command]/usr/bin/git config --local --name-only --get-regexp core\.sshCommand
Test remote (fast)	UNKNOWN STEP	2025-08-11T18:45:33.8053675Z [command]/usr/bin/git submodule foreach --recursive sh -c "git config --local --name-only --get-regexp 'core\.sshCommand' && git config --local --unset-all 'core.sshCommand' || :"
Test remote (fast)	UNKNOWN STEP	2025-08-11T18:45:33.8305703Z [command]/usr/bin/git config --local --name-only --get-regexp http\.https\:\/\/github\.com\/\.extraheader
Test remote (fast)	UNKNOWN STEP	2025-08-11T18:45:33.8335222Z [command]/usr/bin/git submodule foreach --recursive sh -c "git config --local --name-only --get-regexp 'http\.https\:\/\/github\.com\/\.extraheader' && git config --local --unset-all 'http.https://github.com/.extraheader' || :"
Test remote (fast)	UNKNOWN STEP	2025-08-11T18:45:33.8555670Z [command]/usr/bin/git config --local http.https://github.com/.extraheader AUTHORIZATION: basic ***
Test remote (fast)	UNKNOWN STEP	2025-08-11T18:45:33.8598250Z ##[endgroup]
Test remote (fast)	UNKNOWN STEP	2025-08-11T18:45:33.8600812Z ##[group]Fetching the repository
Test remote (fast)	UNKNOWN STEP	2025-08-11T18:45:33.8610327Z [command]/usr/bin/git -c protocol.version=2 fetch --no-tags --prune --no-recurse-submodules --depth=1 origin +b82654dc2da80b1b0c458516e6eee6a2076cb613:refs/remotes/pull/41519/merge
Test remote (fast)	UNKNOWN STEP	2025-08-11T18:45:36.7576926Z From https://github.com/keycloak/keycloak
Test remote (fast)	UNKNOWN STEP	2025-08-11T18:45:36.7578913Z  * [new ref]         b82654dc2da80b1b0c458516e6eee6a2076cb613 -> pull/41519/merge
Test remote (fast)	UNKNOWN STEP	2025-08-11T18:45:36.7601780Z ##[endgroup]
Test remote (fast)	UNKNOWN STEP	2025-08-11T18:45:36.7602826Z ##[group]Determining the checkout info
Test remote (fast)	UNKNOWN STEP	2025-08-11T18:45:36.7603933Z ##[endgroup]
Test remote (fast)	UNKNOWN STEP	2025-08-11T18:45:36.7608857Z [command]/usr/bin/git sparse-checkout disable
Test remote (fast)	UNKNOWN STEP	2025-08-11T18:45:36.7646482Z [command]/usr/bin/git config --local --unset-all extensions.worktreeConfig
Test remote (fast)	UNKNOWN STEP	2025-08-11T18:45:36.7674183Z ##[group]Checking out the ref
Test remote (fast)	UNKNOWN STEP	2025-08-11T18:45:36.7678151Z [command]/usr/bin/git checkout --progress --force refs/remotes/pull/41519/merge
Test remote (fast)	UNKNOWN STEP	2025-08-11T18:45:37.5658782Z Note: switching to 'refs/remotes/pull/41519/merge'.
Test remote (fast)	UNKNOWN STEP	2025-08-11T18:45:37.5659704Z 
Test remote (fast)	UNKNOWN STEP	2025-08-11T18:45:37.5660244Z You are in 'detached HEAD' state. You can look around, make experimental
Test remote (fast)	UNKNOWN STEP	2025-08-11T18:45:37.5661216Z changes and commit them, and you can discard any commits you make in this
Test remote (fast)	UNKNOWN STEP	2025-08-11T18:45:37.5661824Z state without impacting any branches by switching back to a branch.
Test remote (fast)	UNKNOWN STEP	2025-08-11T18:45:37.5662275Z 
Test remote (fast)	UNKNOWN STEP	2025-08-11T18:45:37.5662517Z If you want to create a new branch to retain commits you create, you may
Test remote (fast)	UNKNOWN STEP	2025-08-11T18:45:37.5663158Z do so (now or later) by using -c with the switch command. Example:
Test remote (fast)	UNKNOWN STEP	2025-08-11T18:45:37.5663498Z 
Test remote (fast)	UNKNOWN STEP	2025-08-11T18:45:37.5663645Z   git switch -c <new-branch-name>
Test remote (fast)	UNKNOWN STEP	2025-08-11T18:45:37.5664226Z 
Test remote (fast)	UNKNOWN STEP	2025-08-11T18:45:37.5664427Z Or undo this operation with:
Test remote (fast)	UNKNOWN STEP	2025-08-11T18:45:37.5664702Z 
Test remote (fast)	UNKNOWN STEP	2025-08-11T18:45:37.5664866Z   git switch -
Test remote (fast)	UNKNOWN STEP	2025-08-11T18:45:37.5665095Z 
Test remote (fast)	UNKNOWN STEP	2025-08-11T18:45:37.5665347Z Turn off this advice by setting config variable advice.detachedHead to false
Test remote (fast)	UNKNOWN STEP	2025-08-11T18:45:37.5665717Z 
Test remote (fast)	UNKNOWN STEP	2025-08-11T18:45:37.5666129Z HEAD is now at b82654d Merge b4161b25244abe2de0812f557d106d2f95a2362f into 20cb13e8dcf7bcf7b64cec6fd97bd5d14828132e
Test remote (fast)	UNKNOWN STEP	2025-08-11T18:45:37.5692082Z ##[endgroup]
Test remote (fast)	UNKNOWN STEP	2025-08-11T18:45:37.5730352Z [command]/usr/bin/git log -1 --format=%H
Test remote (fast)	UNKNOWN STEP	2025-08-11T18:45:37.5753095Z b82654dc2da80b1b0c458516e6eee6a2076cb613
Test remote (fast)	UNKNOWN STEP	2025-08-11T18:45:37.5944642Z ##[group]Run echo "version_remote=0.0.1-${GITHUB_SHA::6}" >> $GITHUB_ENV
Test remote (fast)	UNKNOWN STEP	2025-08-11T18:45:37.5945294Z [36;1mecho "version_remote=0.0.1-${GITHUB_SHA::6}" >> $GITHUB_ENV[0m
Test remote (fast)	UNKNOWN STEP	2025-08-11T18:45:37.6015563Z shell: /usr/bin/bash --noprofile --norc -e -o pipefail {0}
Test remote (fast)	UNKNOWN STEP	2025-08-11T18:45:37.6016075Z env:
Test remote (fast)	UNKNOWN STEP	2025-08-11T18:45:37.6016454Z   MAVEN_ARGS: -B -nsu -Daether.connector.http.connectionMaxTtl=25
Test remote (fast)	UNKNOWN STEP	2025-08-11T18:45:37.6017003Z   MINIKUBE_VERSION: v1.32.0
Test remote (fast)	UNKNOWN STEP	2025-08-11T18:45:37.6017388Z   KUBERNETES_VERSION: v1.27.10
Test remote (fast)	UNKNOWN STEP	2025-08-11T18:45:37.6017737Z   MINIKUBE_MEMORY: 4096
Test remote (fast)	UNKNOWN STEP	2025-08-11T18:45:37.6018132Z ##[endgroup]
Test remote (fast)	UNKNOWN STEP	2025-08-11T18:45:37.6282016Z Prepare all required actions
Test remote (fast)	UNKNOWN STEP	2025-08-11T18:45:37.6282485Z Getting action download info
Test remote (fast)	UNKNOWN STEP	2025-08-11T18:45:37.7547515Z Download action repository 'actions/setup-java@c5195efecf7bdfc987ee8bae7a71cb8b11521c00' (SHA:c5195efecf7bdfc987ee8bae7a71cb8b11521c00)
Test remote (fast)	UNKNOWN STEP	2025-08-11T18:45:38.0788000Z ##[group]Run ./.github/actions/java-setup
Test remote (fast)	UNKNOWN STEP	2025-08-11T18:45:38.0788284Z with:
Test remote (fast)	UNKNOWN STEP	2025-08-11T18:45:38.0788470Z   distribution: temurin
Test remote (fast)	UNKNOWN STEP	2025-08-11T18:45:38.0788675Z   java-version: 21
Test remote (fast)	UNKNOWN STEP	2025-08-11T18:45:38.0788850Z env:
Test remote (fast)	UNKNOWN STEP	2025-08-11T18:45:38.0789116Z   MAVEN_ARGS: -B -nsu -Daether.connector.http.connectionMaxTtl=25
Test remote (fast)	UNKNOWN STEP	2025-08-11T18:45:38.0789646Z   MINIKUBE_VERSION: v1.32.0
Test remote (fast)	UNKNOWN STEP	2025-08-11T18:45:38.0789875Z   KUBERNETES_VERSION: v1.27.10
Test remote (fast)	UNKNOWN STEP	2025-08-11T18:45:38.0790092Z   MINIKUBE_MEMORY: 4096
Test remote (fast)	UNKNOWN STEP	2025-08-11T18:45:38.0790312Z   version_remote: 0.0.1-b82654
Test remote (fast)	UNKNOWN STEP	2025-08-11T18:45:38.0790514Z ##[endgroup]
Test remote (fast)	UNKNOWN STEP	2025-08-11T18:45:38.0935978Z ##[group]Run actions/setup-java@c5195efecf7bdfc987ee8bae7a71cb8b11521c00
Test remote (fast)	UNKNOWN STEP	2025-08-11T18:45:38.0936378Z with:
Test remote (fast)	UNKNOWN STEP	2025-08-11T18:45:38.0936552Z   distribution: temurin
Test remote (fast)	UNKNOWN STEP	2025-08-11T18:45:38.0936757Z   java-version: 21
Test remote (fast)	UNKNOWN STEP	2025-08-11T18:45:38.0936943Z   java-package: jdk
Test remote (fast)	UNKNOWN STEP	2025-08-11T18:45:38.0937140Z   check-latest: false
Test remote (fast)	UNKNOWN STEP	2025-08-11T18:45:38.0937330Z   server-id: github
Test remote (fast)	UNKNOWN STEP	2025-08-11T18:45:38.0937527Z   server-username: GITHUB_ACTOR
Test remote (fast)	UNKNOWN STEP	2025-08-11T18:45:38.0937766Z   server-password: GITHUB_TOKEN
Test remote (fast)	UNKNOWN STEP	2025-08-11T18:45:38.0937992Z   overwrite-settings: true
Test remote (fast)	UNKNOWN STEP	2025-08-11T18:45:38.0938206Z   job-status: success
Test remote (fast)	UNKNOWN STEP	2025-08-11T18:45:38.0938512Z   token: ***
Test remote (fast)	UNKNOWN STEP	2025-08-11T18:45:38.0938693Z env:
Test remote (fast)	UNKNOWN STEP	2025-08-11T18:45:38.0938951Z   MAVEN_ARGS: -B -nsu -Daether.connector.http.connectionMaxTtl=25
Test remote (fast)	UNKNOWN STEP	2025-08-11T18:45:38.0939500Z   MINIKUBE_VERSION: v1.32.0
Test remote (fast)	UNKNOWN STEP	2025-08-11T18:45:38.0939729Z   KUBERNETES_VERSION: v1.27.10
Test remote (fast)	UNKNOWN STEP	2025-08-11T18:45:38.0939962Z   MINIKUBE_MEMORY: 4096
Test remote (fast)	UNKNOWN STEP	2025-08-11T18:45:38.0940165Z   version_remote: 0.0.1-b82654
Test remote (fast)	UNKNOWN STEP	2025-08-11T18:45:38.0940368Z ##[endgroup]
Test remote (fast)	UNKNOWN STEP	2025-08-11T18:45:38.2916844Z ##[group]Installed distributions
Test remote (fast)	UNKNOWN STEP	2025-08-11T18:45:38.2964606Z Resolved Java 21.0.8+9 from tool-cache
Test remote (fast)	UNKNOWN STEP	2025-08-11T18:45:38.2965021Z Setting Java 21.0.8+9 as the default
Test remote (fast)	UNKNOWN STEP	2025-08-11T18:45:38.2977732Z Creating toolchains.xml for JDK version 21 from temurin
Test remote (fast)	UNKNOWN STEP	2025-08-11T18:45:38.3052982Z Writing to /home/runner/.m2/toolchains.xml
Test remote (fast)	UNKNOWN STEP	2025-08-11T18:45:38.3053503Z 
Test remote (fast)	UNKNOWN STEP	2025-08-11T18:45:38.3053779Z Java configuration:
Test remote (fast)	UNKNOWN STEP	2025-08-11T18:45:38.3054132Z   Distribution: temurin
Test remote (fast)	UNKNOWN STEP	2025-08-11T18:45:38.3054396Z   Version: 21.0.8+9
Test remote (fast)	UNKNOWN STEP	2025-08-11T18:45:38.3055284Z   Path: /opt/hostedtoolcache/Java_Temurin-Hotspot_jdk/21.0.8-9/x64
Test remote (fast)	UNKNOWN STEP	2025-08-11T18:45:38.3055650Z 
Test remote (fast)	UNKNOWN STEP	2025-08-11T18:45:38.3057524Z ##[endgroup]
Test remote (fast)	UNKNOWN STEP	2025-08-11T18:45:38.3073631Z Creating settings.xml with server-id: github
Test remote (fast)	UNKNOWN STEP	2025-08-11T18:45:38.3078089Z Writing to /home/runner/.m2/settings.xml
Test remote (fast)	UNKNOWN STEP	2025-08-11T18:45:38.3234845Z ##[group]Run manusa/actions-setup-minikube@b589f2d61bf96695c546929c72b38563e856059d
Test remote (fast)	UNKNOWN STEP	2025-08-11T18:45:38.3235440Z with:
Test remote (fast)	UNKNOWN STEP	2025-08-11T18:45:38.3235631Z   minikube version: v1.32.0
Test remote (fast)	UNKNOWN STEP	2025-08-11T18:45:38.3235865Z   kubernetes version: v1.27.10
Test remote (fast)	UNKNOWN STEP	2025-08-11T18:45:38.3236316Z   github token: ***
Test remote (fast)	UNKNOWN STEP	2025-08-11T18:45:38.3236511Z   driver: docker
Test remote (fast)	UNKNOWN STEP	2025-08-11T18:45:38.3236785Z   start args: --addons=ingress --memory=4096 --cni cilium --cpus=max
Test remote (fast)	UNKNOWN STEP	2025-08-11T18:45:38.3237100Z env:
Test remote (fast)	UNKNOWN STEP	2025-08-11T18:45:38.3237352Z   MAVEN_ARGS: -B -nsu -Daether.connector.http.connectionMaxTtl=25
Test remote (fast)	UNKNOWN STEP	2025-08-11T18:45:38.3237685Z   MINIKUBE_VERSION: v1.32.0
Test remote (fast)	UNKNOWN STEP	2025-08-11T18:45:38.3237904Z   KUBERNETES_VERSION: v1.27.10
Test remote (fast)	UNKNOWN STEP	2025-08-11T18:45:38.3238126Z   MINIKUBE_MEMORY: 4096
Test remote (fast)	UNKNOWN STEP	2025-08-11T18:45:38.3238330Z   version_remote: 0.0.1-b82654
Test remote (fast)	UNKNOWN STEP	2025-08-11T18:45:38.3238643Z   JAVA_HOME: /opt/hostedtoolcache/Java_Temurin-Hotspot_jdk/21.0.8-9/x64
Test remote (fast)	UNKNOWN STEP	2025-08-11T18:45:38.3239108Z   JAVA_HOME_21_X64: /opt/hostedtoolcache/Java_Temurin-Hotspot_jdk/21.0.8-9/x64
Test remote (fast)	UNKNOWN STEP	2025-08-11T18:45:38.3239757Z ##[endgroup]
Test remote (fast)	UNKNOWN STEP	2025-08-11T18:45:38.4433857Z Loading input variables
Test remote (fast)	UNKNOWN STEP	2025-08-11T18:45:38.4436690Z Updating Environment configuration to support Minikube
Test remote (fast)	UNKNOWN STEP	2025-08-11T18:45:38.4617818Z 
Test remote (fast)	UNKNOWN STEP	2025-08-11T18:45:38.4618384Z WARNING: apt does not have a stable CLI interface. Use with caution in scripts.
Test remote (fast)	UNKNOWN STEP	2025-08-11T18:45:38.4618960Z 
Test remote (fast)	UNKNOWN STEP	2025-08-11T18:45:38.5210699Z Get:1 file:/etc/apt/apt-mirrors.txt Mirrorlist [144 B]
Test remote (fast)	UNKNOWN STEP	2025-08-11T18:45:38.5669931Z Hit:2 http://azure.archive.ubuntu.com/ubuntu noble InRelease
Test remote (fast)	UNKNOWN STEP	2025-08-11T18:45:38.5674448Z Get:6 https://packages.microsoft.com/repos/azure-cli noble InRelease [3564 B]
Test remote (fast)	UNKNOWN STEP	2025-08-11T18:45:38.5678883Z Get:7 https://packages.microsoft.com/ubuntu/24.04/prod noble InRelease [3600 B]
Test remote (fast)	UNKNOWN STEP	2025-08-11T18:45:38.5710711Z Get:3 http://azure.archive.ubuntu.com/ubuntu noble-updates InRelease [126 kB]
Test remote (fast)	UNKNOWN STEP	2025-08-11T18:45:38.5801277Z Get:4 http://azure.archive.ubuntu.com/ubuntu noble-backports InRelease [126 kB]
Test remote (fast)	UNKNOWN STEP	2025-08-11T18:45:38.5835357Z Get:5 http://azure.archive.ubuntu.com/ubuntu noble-security InRelease [126 kB]
Test remote (fast)	UNKNOWN STEP	2025-08-11T18:45:38.6892230Z Get:8 https://packages.microsoft.com/repos/azure-cli noble/main amd64 Packages [1497 B]
Test remote (fast)	UNKNOWN STEP	2025-08-11T18:45:38.7374492Z Get:9 https://packages.microsoft.com/ubuntu/24.04/prod noble/main amd64 Packages [46.8 kB]
Test remote (fast)	UNKNOWN STEP	2025-08-11T18:45:38.7414357Z Get:10 https://packages.microsoft.com/ubuntu/24.04/prod noble/main arm64 Packages [32.2 kB]
Test remote (fast)	UNKNOWN STEP	2025-08-11T18:45:38.7871252Z Get:11 http://azure.archive.ubuntu.com/ubuntu noble-updates/main amd64 Packages [1315 kB]
Test remote (fast)	UNKNOWN STEP	2025-08-11T18:45:38.7967331Z Get:12 http://azure.archive.ubuntu.com/ubuntu noble-updates/main Translation-en [264 kB]
Test remote (fast)	UNKNOWN STEP	2025-08-11T18:45:38.8012234Z Get:13 http://azure.archive.ubuntu.com/ubuntu noble-updates/main amd64 Components [163 kB]
Test remote (fast)	UNKNOWN STEP	2025-08-11T18:45:38.8051381Z Get:14 http://azure.archive.ubuntu.com/ubuntu noble-updates/universe amd64 Packages [1120 kB]
Test remote (fast)	UNKNOWN STEP	2025-08-11T18:45:38.8098724Z Get:15 http://azure.archive.ubuntu.com/ubuntu noble-updates/universe Translation-en [287 kB]
Test remote (fast)	UNKNOWN STEP	2025-08-11T18:45:38.8135134Z Get:16 http://azure.archive.ubuntu.com/ubuntu noble-updates/universe amd64 Components [377 kB]
Test remote (fast)	UNKNOWN STEP	2025-08-11T18:45:38.8167245Z Get:17 http://azure.archive.ubuntu.com/ubuntu noble-updates/restricted amd64 Packages [1650 kB]
Test remote (fast)	UNKNOWN STEP	2025-08-11T18:45:38.8274390Z Get:18 http://azure.archive.ubuntu.com/ubuntu noble-updates/restricted Translation-en [361 kB]
Test remote (fast)	UNKNOWN STEP	2025-08-11T18:45:38.8310295Z Get:19 http://azure.archive.ubuntu.com/ubuntu noble-updates/restricted amd64 Components [212 B]
Test remote (fast)	UNKNOWN STEP	2025-08-11T18:45:38.8318556Z Get:20 http://azure.archive.ubuntu.com/ubuntu noble-updates/multiverse amd64 Components [940 B]
Test remote (fast)	UNKNOWN STEP	2025-08-11T18:45:38.9016425Z Get:21 http://azure.archive.ubuntu.com/ubuntu noble-backports/main amd64 Components [7060 B]
Test remote (fast)	UNKNOWN STEP	2025-08-11T18:45:38.9041198Z Get:22 http://azure.archive.ubuntu.com/ubuntu noble-backports/universe amd64 Packages [28.9 kB]
Test remote (fast)	UNKNOWN STEP	2025-08-11T18:45:38.9053295Z Get:23 http://azure.archive.ubuntu.com/ubuntu noble-backports/universe Translation-en [17.4 kB]
Test remote (fast)	UNKNOWN STEP	2025-08-11T18:45:38.9074359Z Get:24 http://azure.archive.ubuntu.com/ubuntu noble-backports/universe amd64 Components [30.7 kB]
Test remote (fast)	UNKNOWN STEP	2025-08-11T18:45:38.9085052Z Get:25 http://azure.archive.ubuntu.com/ubuntu noble-backports/restricted amd64 Components [216 B]
Test remote (fast)	UNKNOWN STEP	2025-08-11T18:45:38.9093215Z Get:26 http://azure.archive.ubuntu.com/ubuntu noble-backports/multiverse amd64 Components [212 B]
Test remote (fast)	UNKNOWN STEP	2025-08-11T18:45:38.9300373Z Get:27 http://azure.archive.ubuntu.com/ubuntu noble-security/main amd64 Packages [1056 kB]
Test remote (fast)	UNKNOWN STEP	2025-08-11T18:45:38.9357327Z Get:28 http://azure.archive.ubuntu.com/ubuntu noble-security/main Translation-en [183 kB]
Test remote (fast)	UNKNOWN STEP	2025-08-11T18:45:38.9379458Z Get:29 http://azure.archive.ubuntu.com/ubuntu noble-security/main amd64 Components [21.5 kB]
Test remote (fast)	UNKNOWN STEP	2025-08-11T18:45:38.9388483Z Get:30 http://azure.archive.ubuntu.com/ubuntu noble-security/universe amd64 Components [52.3 kB]
Test remote (fast)	UNKNOWN STEP	2025-08-11T18:45:38.9402503Z Get:31 http://azure.archive.ubuntu.com/ubuntu noble-security/restricted amd64 Packages [1566 kB]
Test remote (fast)	UNKNOWN STEP	2025-08-11T18:45:38.9498909Z Get:32 http://azure.archive.ubuntu.com/ubuntu noble-security/restricted Translation-en [343 kB]
Test remote (fast)	UNKNOWN STEP	2025-08-11T18:45:38.9527540Z Get:33 http://azure.archive.ubuntu.com/ubuntu noble-security/restricted amd64 Components [212 B]
Test remote (fast)	UNKNOWN STEP	2025-08-11T18:45:38.9538054Z Get:34 http://azure.archive.ubuntu.com/ubuntu noble-security/multiverse amd64 Components [212 B]
Test remote (fast)	UNKNOWN STEP	2025-08-11T18:45:42.8250302Z Fetched 9311 kB in 1s (7515 kB/s)
Test remote (fast)	UNKNOWN STEP	2025-08-11T18:45:43.5222292Z Reading package lists...
Test remote (fast)	UNKNOWN STEP	2025-08-11T18:45:43.6849843Z Building dependency tree...
Test remote (fast)	UNKNOWN STEP	2025-08-11T18:45:43.6856265Z Reading state information...
Test remote (fast)	UNKNOWN STEP	2025-08-11T18:45:43.6990282Z 14 packages can be upgraded. Run 'apt list --upgradable' to see them.
Test remote (fast)	UNKNOWN STEP	2025-08-11T18:45:43.7248891Z Reading package lists...
Test remote (fast)	UNKNOWN STEP	2025-08-11T18:45:43.8840654Z Building dependency tree...
Test remote (fast)	UNKNOWN STEP	2025-08-11T18:45:43.8848546Z Reading state information...
Test remote (fast)	UNKNOWN STEP	2025-08-11T18:45:44.0506217Z The following NEW packages will be installed:
Test remote (fast)	UNKNOWN STEP	2025-08-11T18:45:44.0511834Z   conntrack
Test remote (fast)	UNKNOWN STEP	2025-08-11T18:45:44.0680318Z 0 upgraded, 1 newly installed, 0 to remove and 14 not upgraded.
Test remote (fast)	UNKNOWN STEP	2025-08-11T18:45:44.0680972Z Need to get 37.9 kB of archives.
Test remote (fast)	UNKNOWN STEP	2025-08-11T18:45:44.0681527Z After this operation, 119 kB of additional disk space will be used.
Test remote (fast)	UNKNOWN STEP	2025-08-11T18:45:44.0681947Z Get:1 file:/etc/apt/apt-mirrors.txt Mirrorlist [144 B]
Test remote (fast)	UNKNOWN STEP	2025-08-11T18:45:44.1034093Z Get:2 http://azure.archive.ubuntu.com/ubuntu noble/main amd64 conntrack amd64 1:1.4.8-1ubuntu1 [37.9 kB]
Test remote (fast)	UNKNOWN STEP	2025-08-11T18:45:44.3526955Z Fetched 37.9 kB in 0s (812 kB/s)
Test remote (fast)	UNKNOWN STEP	2025-08-11T18:45:44.3714274Z Selecting previously unselected package conntrack.
Test remote (fast)	UNKNOWN STEP	2025-08-11T18:45:44.3883973Z (Reading database ... 
Test remote (fast)	UNKNOWN STEP	2025-08-11T18:45:44.3884443Z (Reading database ... 5%
Test remote (fast)	UNKNOWN STEP	2025-08-11T18:45:44.3884831Z (Reading database ... 10%
Test remote (fast)	UNKNOWN STEP	2025-08-11T18:45:44.3885218Z (Reading database ... 15%
Test remote (fast)	UNKNOWN STEP	2025-08-11T18:45:44.3885606Z (Reading database ... 20%
Test remote (fast)	UNKNOWN STEP	2025-08-11T18:45:44.3885826Z (Reading database ... 25%
Test remote (fast)	UNKNOWN STEP	2025-08-11T18:45:44.3886057Z (Reading database ... 30%
Test remote (fast)	UNKNOWN STEP	2025-08-11T18:45:44.3886409Z (Reading database ... 35%
Test remote (fast)	UNKNOWN STEP	2025-08-11T18:45:44.3886760Z (Reading database ... 40%
Test remote (fast)	UNKNOWN STEP	2025-08-11T18:45:44.3886987Z (Reading database ... 45%
Test remote (fast)	UNKNOWN STEP	2025-08-11T18:45:44.3887283Z (Reading database ... 50%
Test remote (fast)	UNKNOWN STEP	2025-08-11T18:45:44.3924938Z (Reading database ... 55%
Test remote (fast)	UNKNOWN STEP	2025-08-11T18:45:44.4115809Z (Reading database ... 60%
Test remote (fast)	UNKNOWN STEP	2025-08-11T18:45:44.4230861Z (Reading database ... 65%
Test remote (fast)	UNKNOWN STEP	2025-08-11T18:45:44.4355186Z (Reading database ... 70%
Test remote (fast)	UNKNOWN STEP	2025-08-11T18:45:44.4506856Z (Reading database ... 75%
Test remote (fast)	UNKNOWN STEP	2025-08-11T18:45:44.4655542Z (Reading database ... 80%
Test remote (fast)	UNKNOWN STEP	2025-08-11T18:45:44.4927279Z (Reading database ... 85%
Test remote (fast)	UNKNOWN STEP	2025-08-11T18:45:44.5315559Z (Reading database ... 90%
Test remote (fast)	UNKNOWN STEP	2025-08-11T18:45:44.5511077Z (Reading database ... 95%
Test remote (fast)	UNKNOWN STEP	2025-08-11T18:45:44.5511491Z (Reading database ... 100%
Test remote (fast)	UNKNOWN STEP	2025-08-11T18:45:44.5511995Z (Reading database ... 219989 files and directories currently installed.)
Test remote (fast)	UNKNOWN STEP	2025-08-11T18:45:44.5554105Z Preparing to unpack .../conntrack_1%3a1.4.8-1ubuntu1_amd64.deb ...
Test remote (fast)	UNKNOWN STEP	2025-08-11T18:45:44.5581141Z Unpacking conntrack (1:1.4.8-1ubuntu1) ...
Test remote (fast)	UNKNOWN STEP	2025-08-11T18:45:44.5975149Z Setting up conntrack (1:1.4.8-1ubuntu1) ...
Test remote (fast)	UNKNOWN STEP	2025-08-11T18:45:44.6010247Z Processing triggers for man-db (2.12.0-4build2) ...
Test remote (fast)	UNKNOWN STEP	2025-08-11T18:45:45.7517946Z 
Test remote (fast)	UNKNOWN STEP	2025-08-11T18:45:45.7518503Z Running kernel seems to be up-to-date.
Test remote (fast)	UNKNOWN STEP	2025-08-11T18:45:45.7518876Z 
Test remote (fast)	UNKNOWN STEP	2025-08-11T18:45:45.7519020Z Restarting services...
Test remote (fast)	UNKNOWN STEP	2025-08-11T18:45:45.7588744Z 
Test remote (fast)	UNKNOWN STEP	2025-08-11T18:45:45.7589048Z Service restarts being deferred:
Test remote (fast)	UNKNOWN STEP	2025-08-11T18:45:45.7590244Z  systemctl restart hosted-compute-agent.service
Test remote (fast)	UNKNOWN STEP	2025-08-11T18:45:45.7590622Z 
Test remote (fast)	UNKNOWN STEP	2025-08-11T18:45:45.7590974Z No containers need to be restarted.
Test remote (fast)	UNKNOWN STEP	2025-08-11T18:45:45.7591260Z 
Test remote (fast)	UNKNOWN STEP	2025-08-11T18:45:45.7591450Z No user sessions are running outdated binaries.
Test remote (fast)	UNKNOWN STEP	2025-08-11T18:45:45.7592151Z 
Test remote (fast)	UNKNOWN STEP	2025-08-11T18:45:45.7592472Z No VM guests are running outdated hypervisor (qemu) binaries on this host.
Test remote (fast)	UNKNOWN STEP	2025-08-11T18:45:46.6096156Z fs.protected_regular = 0
Test remote (fast)	UNKNOWN STEP	2025-08-11T18:45:46.6106384Z Waiting for Docker to be ready
Test remote (fast)	UNKNOWN STEP	2025-08-11T18:45:46.6478563Z 28.0.4 - 28.0.4
Test remote (fast)	UNKNOWN STEP	2025-08-11T18:45:46.6494115Z Docker daemon is ready
Test remote (fast)	UNKNOWN STEP	2025-08-11T18:45:46.6498158Z Downloading Minikube  v1.32.0
Test remote (fast)	UNKNOWN STEP	2025-08-11T18:45:46.9242224Z Downloading from: https://github.com/kubernetes/minikube/releases/download/v1.32.0/minikube-linux-amd64
Test remote (fast)	UNKNOWN STEP	2025-08-11T18:45:48.9537092Z Unexpected HTTP response: 503
Test remote (fast)	UNKNOWN STEP	2025-08-11T18:45:48.9537583Z Waiting 14 seconds before trying again
Test remote (fast)	UNKNOWN STEP	2025-08-11T18:46:04.9868510Z Unexpected HTTP response: 503
Test remote (fast)	UNKNOWN STEP	2025-08-11T18:46:04.9869501Z Waiting 18 seconds before trying again
Test remote (fast)	UNKNOWN STEP	2025-08-11T18:46:25.0297217Z HTTPError: Unexpected HTTP response: 503
Test remote (fast)	UNKNOWN STEP	2025-08-11T18:46:25.0298202Z     at /home/runner/work/_actions/manusa/actions-setup-minikube/b589f2d61bf96695c546929c72b38563e856059d/node_modules/@actions/tool-cache/lib/tool-cache.js:115:25
Test remote (fast)	UNKNOWN STEP	2025-08-11T18:46:25.0299448Z     at Generator.next (<anonymous>)
Test remote (fast)	UNKNOWN STEP	2025-08-11T18:46:25.0300693Z     at fulfilled (/home/runner/work/_actions/manusa/actions-setup-minikube/b589f2d61bf96695c546929c72b38563e856059d/node_modules/@actions/tool-cache/lib/tool-cache.js:28:58)
Test remote (fast)	UNKNOWN STEP	2025-08-11T18:46:25.0302183Z     at process.processTicksAndRejections (node:internal/process/task_queues:95:5) {
Test remote (fast)	UNKNOWN STEP	2025-08-11T18:46:25.0302876Z   httpStatusCode: 503
Test remote (fast)	UNKNOWN STEP	2025-08-11T18:46:25.0303200Z }
Test remote (fast)	UNKNOWN STEP	2025-08-11T18:46:25.0320723Z ##[error]Unexpected HTTP response: 503
Test remote (fast)	UNKNOWN STEP	2025-08-11T18:46:25.0329468Z ##[error]Unexpected HTTP response: 503
Test remote (fast)	UNKNOWN STEP	2025-08-11T18:46:25.0450846Z Post job cleanup.
Test remote (fast)	UNKNOWN STEP	2025-08-11T18:46:25.0545182Z Post job cleanup.
Test remote (fast)	UNKNOWN STEP	2025-08-11T18:46:25.2276212Z Post job cleanup.
Test remote (fast)	UNKNOWN STEP	2025-08-11T18:46:25.3208487Z [command]/usr/bin/git version
Test remote (fast)	UNKNOWN STEP	2025-08-11T18:46:25.3244725Z git version 2.50.1
Test remote (fast)	UNKNOWN STEP	2025-08-11T18:46:25.3292870Z Temporarily overriding HOME='/home/runner/work/_temp/55dba76f-2a64-4264-9db9-8c28f01d21d7' before making global git config changes
Test remote (fast)	UNKNOWN STEP	2025-08-11T18:46:25.3294076Z Adding repository directory to the temporary git global config as a safe directory
Test remote (fast)	UNKNOWN STEP	2025-08-11T18:46:25.3297740Z [command]/usr/bin/git config --global --add safe.directory /home/runner/work/keycloak/keycloak
Test remote (fast)	UNKNOWN STEP	2025-08-11T18:46:25.3334431Z [command]/usr/bin/git config --local --name-only --get-regexp core\.sshCommand
Test remote (fast)	UNKNOWN STEP	2025-08-11T18:46:25.3369314Z [command]/usr/bin/git submodule foreach --recursive sh -c "git config --local --name-only --get-regexp 'core\.sshCommand' && git config --local --unset-all 'core.sshCommand' || :"
Test remote (fast)	UNKNOWN STEP	2025-08-11T18:46:25.3637626Z [command]/usr/bin/git config --local --name-only --get-regexp http\.https\:\/\/github\.com\/\.extraheader
Test remote (fast)	UNKNOWN STEP	2025-08-11T18:46:25.3662327Z http.https://github.com/.extraheader
Test remote (fast)	UNKNOWN STEP	2025-08-11T18:46:25.3675239Z [command]/usr/bin/git config --local --unset-all http.https://github.com/.extraheader
Test remote (fast)	UNKNOWN STEP	2025-08-11T18:46:25.3710670Z [command]/usr/bin/git submodule foreach --recursive sh -c "git config --local --name-only --get-regexp 'http\.https\:\/\/github\.com\/\.extraheader' && git config --local --unset-all 'http.https://github.com/.extraheader' || :"
Test remote (fast)	UNKNOWN STEP	2025-08-11T18:46:25.4093223Z Cleaning up orphan processes
Test OLM installation	UNKNOWN STEP	ï»¿2025-08-11T18:47:05.0411996Z Current runner version: '2.327.1'
Test OLM installation	UNKNOWN STEP	2025-08-11T18:47:05.0435922Z ##[group]Runner Image Provisioner
Test OLM installation	UNKNOWN STEP	2025-08-11T18:47:05.0436796Z Hosted Compute Agent
Test OLM installation	UNKNOWN STEP	2025-08-11T18:47:05.0437360Z Version: 20250711.363
Test OLM installation	UNKNOWN STEP	2025-08-11T18:47:05.0437933Z Commit: 6785254374ce925a23743850c1cb91912ce5c14c
Test OLM installation	UNKNOWN STEP	2025-08-11T18:47:05.0438708Z Build Date: 2025-07-11T20:04:25Z
Test OLM installation	UNKNOWN STEP	2025-08-11T18:47:05.0439293Z ##[endgroup]
Test OLM installation	UNKNOWN STEP	2025-08-11T18:47:05.0439872Z ##[group]Operating System
Test OLM installation	UNKNOWN STEP	2025-08-11T18:47:05.0440792Z Ubuntu
Test OLM installation	UNKNOWN STEP	2025-08-11T18:47:05.0441292Z 24.04.2
Test OLM installation	UNKNOWN STEP	2025-08-11T18:47:05.0441802Z LTS
Test OLM installation	UNKNOWN STEP	2025-08-11T18:47:05.0442283Z ##[endgroup]
Test OLM installation	UNKNOWN STEP	2025-08-11T18:47:05.0442801Z ##[group]Runner Image
Test OLM installation	UNKNOWN STEP	2025-08-11T18:47:05.0443364Z Image: ubuntu-24.04
Test OLM installation	UNKNOWN STEP	2025-08-11T18:47:05.0443919Z Version: 20250804.2.0
Test OLM installation	UNKNOWN STEP	2025-08-11T18:47:05.0444929Z Included Software: https://github.com/actions/runner-images/blob/ubuntu24/20250804.2/images/ubuntu/Ubuntu2404-Readme.md
Test OLM installation	UNKNOWN STEP	2025-08-11T18:47:05.0446585Z Image Release: https://github.com/actions/runner-images/releases/tag/ubuntu24%2F20250804.2
Test OLM installation	UNKNOWN STEP	2025-08-11T18:47:05.0447674Z ##[endgroup]
Test OLM installation	UNKNOWN STEP	2025-08-11T18:47:05.0448694Z ##[group]GITHUB_TOKEN Permissions
Test OLM installation	UNKNOWN STEP	2025-08-11T18:47:05.0451099Z Contents: read
Test OLM installation	UNKNOWN STEP	2025-08-11T18:47:05.0451628Z Metadata: read
Test OLM installation	UNKNOWN STEP	2025-08-11T18:47:05.0452126Z ##[endgroup]
Test OLM installation	UNKNOWN STEP	2025-08-11T18:47:05.0454299Z Secret source: None
Test OLM installation	UNKNOWN STEP	2025-08-11T18:47:05.0455230Z Prepare workflow directory
Test OLM installation	UNKNOWN STEP	2025-08-11T18:47:05.0868120Z Prepare all required actions
Test OLM installation	UNKNOWN STEP	2025-08-11T18:47:05.0906487Z Getting action download info
Test OLM installation	UNKNOWN STEP	2025-08-11T18:47:05.4528387Z Download action repository 'actions/checkout@11bd71901bbe5b1630ceea73d27597364c9af683' (SHA:11bd71901bbe5b1630ceea73d27597364c9af683)
Test OLM installation	UNKNOWN STEP	2025-08-11T18:47:05.5253475Z Download action repository 'manusa/actions-setup-minikube@b589f2d61bf96695c546929c72b38563e856059d' (SHA:b589f2d61bf96695c546929c72b38563e856059d)
Test OLM installation	UNKNOWN STEP	2025-08-11T18:47:06.3383575Z Download action repository 'redhat-actions/openshift-tools-installer@144527c7d98999f2652264c048c7a9bd103f8a82' (SHA:144527c7d98999f2652264c048c7a9bd103f8a82)
Test OLM installation	UNKNOWN STEP	2025-08-11T18:47:06.7267370Z Download action repository 'actions/download-artifact@d3f86a106a0bac45b974a628896c90dbdf5c8093' (SHA:d3f86a106a0bac45b974a628896c90dbdf5c8093)
Test OLM installation	UNKNOWN STEP	2025-08-11T18:47:07.1895167Z Complete job name: Test OLM installation
Test OLM installation	UNKNOWN STEP	2025-08-11T18:47:07.2809834Z ##[group]Run actions/checkout@11bd71901bbe5b1630ceea73d27597364c9af683
Test OLM installation	UNKNOWN STEP	2025-08-11T18:47:07.2811703Z with:
Test OLM installation	UNKNOWN STEP	2025-08-11T18:47:07.2812490Z   repository: keycloak/keycloak
Test OLM installation	UNKNOWN STEP	2025-08-11T18:47:07.2813873Z   token: ***
Test OLM installation	UNKNOWN STEP	2025-08-11T18:47:07.2814644Z   ssh-strict: true
Test OLM installation	UNKNOWN STEP	2025-08-11T18:47:07.2815459Z   ssh-user: git
Test OLM installation	UNKNOWN STEP	2025-08-11T18:47:07.2816287Z   persist-credentials: true
Test OLM installation	UNKNOWN STEP	2025-08-11T18:47:07.2817190Z   clean: true
Test OLM installation	UNKNOWN STEP	2025-08-11T18:47:07.2818024Z   sparse-checkout-cone-mode: true
Test OLM installation	UNKNOWN STEP	2025-08-11T18:47:07.2819008Z   fetch-depth: 1
Test OLM installation	UNKNOWN STEP	2025-08-11T18:47:07.2819796Z   fetch-tags: false
Test OLM installation	UNKNOWN STEP	2025-08-11T18:47:07.2820745Z   show-progress: true
Test OLM installation	UNKNOWN STEP	2025-08-11T18:47:07.2821553Z   lfs: false
Test OLM installation	UNKNOWN STEP	2025-08-11T18:47:07.2822292Z   submodules: false
Test OLM installation	UNKNOWN STEP	2025-08-11T18:47:07.2823130Z   set-safe-directory: true
Test OLM installation	UNKNOWN STEP	2025-08-11T18:47:07.2824260Z env:
Test OLM installation	UNKNOWN STEP	2025-08-11T18:47:07.2825477Z   MAVEN_ARGS: -B -nsu -Daether.connector.http.connectionMaxTtl=25
Test OLM installation	UNKNOWN STEP	2025-08-11T18:47:07.2826833Z   MINIKUBE_VERSION: v1.32.0
Test OLM installation	UNKNOWN STEP	2025-08-11T18:47:07.2827816Z   KUBERNETES_VERSION: v1.27.10
Test OLM installation	UNKNOWN STEP	2025-08-11T18:47:07.2828760Z   MINIKUBE_MEMORY: 4096
Test OLM installation	UNKNOWN STEP	2025-08-11T18:47:07.2829611Z ##[endgroup]
Test OLM installation	UNKNOWN STEP	2025-08-11T18:47:07.3930082Z Syncing repository: keycloak/keycloak
Test OLM installation	UNKNOWN STEP	2025-08-11T18:47:07.3933674Z ##[group]Getting Git version info
Test OLM installation	UNKNOWN STEP	2025-08-11T18:47:07.3935159Z Working directory is '/home/runner/work/keycloak/keycloak'
Test OLM installation	UNKNOWN STEP	2025-08-11T18:47:07.3937470Z [command]/usr/bin/git version
Test OLM installation	UNKNOWN STEP	2025-08-11T18:47:07.3957401Z git version 2.50.1
Test OLM installation	UNKNOWN STEP	2025-08-11T18:47:07.3984569Z ##[endgroup]
Test OLM installation	UNKNOWN STEP	2025-08-11T18:47:07.3998836Z Temporarily overriding HOME='/home/runner/work/_temp/4e55f65c-341a-4e99-8127-2ba5c8ed87fe' before making global git config changes
Test OLM installation	UNKNOWN STEP	2025-08-11T18:47:07.4002082Z Adding repository directory to the temporary git global config as a safe directory
Test OLM installation	UNKNOWN STEP	2025-08-11T18:47:07.4005854Z [command]/usr/bin/git config --global --add safe.directory /home/runner/work/keycloak/keycloak
Test OLM installation	UNKNOWN STEP	2025-08-11T18:47:07.4041692Z Deleting the contents of '/home/runner/work/keycloak/keycloak'
Test OLM installation	UNKNOWN STEP	2025-08-11T18:47:07.4045831Z ##[group]Initializing the repository
Test OLM installation	UNKNOWN STEP	2025-08-11T18:47:07.4050970Z [command]/usr/bin/git init /home/runner/work/keycloak/keycloak
Test OLM installation	UNKNOWN STEP	2025-08-11T18:47:07.4112480Z hint: Using 'master' as the name for the initial branch. This default branch name
Test OLM installation	UNKNOWN STEP	2025-08-11T18:47:07.4115637Z hint: is subject to change. To configure the initial branch name to use in all
Test OLM installation	UNKNOWN STEP	2025-08-11T18:47:07.4118918Z hint: of your new repositories, which will suppress this warning, call:
Test OLM installation	UNKNOWN STEP	2025-08-11T18:47:07.4121654Z hint:
Test OLM installation	UNKNOWN STEP	2025-08-11T18:47:07.4123383Z hint: 	git config --global init.defaultBranch <name>
Test OLM installation	UNKNOWN STEP	2025-08-11T18:47:07.4125518Z hint:
Test OLM installation	UNKNOWN STEP	2025-08-11T18:47:07.4127554Z hint: Names commonly chosen instead of 'master' are 'main', 'trunk' and
Test OLM installation	UNKNOWN STEP	2025-08-11T18:47:07.4130916Z hint: 'development'. The just-created branch can be renamed via this command:
Test OLM installation	UNKNOWN STEP	2025-08-11T18:47:07.4133533Z hint:
Test OLM installation	UNKNOWN STEP	2025-08-11T18:47:07.4134781Z hint: 	git branch -m <name>
Test OLM installation	UNKNOWN STEP	2025-08-11T18:47:07.4135812Z hint:
Test OLM installation	UNKNOWN STEP	2025-08-11T18:47:07.4137289Z hint: Disable this message with "git config set advice.defaultBranchName false"
Test OLM installation	UNKNOWN STEP	2025-08-11T18:47:07.4139629Z Initialized empty Git repository in /home/runner/work/keycloak/keycloak/.git/
Test OLM installation	UNKNOWN STEP	2025-08-11T18:47:07.4145003Z [command]/usr/bin/git remote add origin https://github.com/keycloak/keycloak
Test OLM installation	UNKNOWN STEP	2025-08-11T18:47:07.4164719Z ##[endgroup]
Test OLM installation	UNKNOWN STEP	2025-08-11T18:47:07.4167501Z ##[group]Disabling automatic garbage collection
Test OLM installation	UNKNOWN STEP	2025-08-11T18:47:07.4169759Z [command]/usr/bin/git config --local gc.auto 0
Test OLM installation	UNKNOWN STEP	2025-08-11T18:47:07.4199560Z ##[endgroup]
Test OLM installation	UNKNOWN STEP	2025-08-11T18:47:07.4202406Z ##[group]Setting up auth
Test OLM installation	UNKNOWN STEP	2025-08-11T18:47:07.4207141Z [command]/usr/bin/git config --local --name-only --get-regexp core\.sshCommand
Test OLM installation	UNKNOWN STEP	2025-08-11T18:47:07.4240504Z [command]/usr/bin/git submodule foreach --recursive sh -c "git config --local --name-only --get-regexp 'core\.sshCommand' && git config --local --unset-all 'core.sshCommand' || :"
Test OLM installation	UNKNOWN STEP	2025-08-11T18:47:07.4506286Z [command]/usr/bin/git config --local --name-only --get-regexp http\.https\:\/\/github\.com\/\.extraheader
Test OLM installation	UNKNOWN STEP	2025-08-11T18:47:07.4540055Z [command]/usr/bin/git submodule foreach --recursive sh -c "git config --local --name-only --get-regexp 'http\.https\:\/\/github\.com\/\.extraheader' && git config --local --unset-all 'http.https://github.com/.extraheader' || :"
Test OLM installation	UNKNOWN STEP	2025-08-11T18:47:07.4760054Z [command]/usr/bin/git config --local http.https://github.com/.extraheader AUTHORIZATION: basic ***
Test OLM installation	UNKNOWN STEP	2025-08-11T18:47:07.4794101Z ##[endgroup]
Test OLM installation	UNKNOWN STEP	2025-08-11T18:47:07.4795917Z ##[group]Fetching the repository
Test OLM installation	UNKNOWN STEP	2025-08-11T18:47:07.4803071Z [command]/usr/bin/git -c protocol.version=2 fetch --no-tags --prune --no-recurse-submodules --depth=1 origin +b82654dc2da80b1b0c458516e6eee6a2076cb613:refs/remotes/pull/41519/merge
Test OLM installation	UNKNOWN STEP	2025-08-11T18:47:10.7232147Z From https://github.com/keycloak/keycloak
Test OLM installation	UNKNOWN STEP	2025-08-11T18:47:10.7233202Z  * [new ref]         b82654dc2da80b1b0c458516e6eee6a2076cb613 -> pull/41519/merge
Test OLM installation	UNKNOWN STEP	2025-08-11T18:47:10.7258606Z ##[endgroup]
Test OLM installation	UNKNOWN STEP	2025-08-11T18:47:10.7259287Z ##[group]Determining the checkout info
Test OLM installation	UNKNOWN STEP	2025-08-11T18:47:10.7262689Z ##[endgroup]
Test OLM installation	UNKNOWN STEP	2025-08-11T18:47:10.7268238Z [command]/usr/bin/git sparse-checkout disable
Test OLM installation	UNKNOWN STEP	2025-08-11T18:47:10.7308917Z [command]/usr/bin/git config --local --unset-all extensions.worktreeConfig
Test OLM installation	UNKNOWN STEP	2025-08-11T18:47:10.7339742Z ##[group]Checking out the ref
Test OLM installation	UNKNOWN STEP	2025-08-11T18:47:10.7343967Z [command]/usr/bin/git checkout --progress --force refs/remotes/pull/41519/merge
Test OLM installation	UNKNOWN STEP	2025-08-11T18:47:11.5462408Z Note: switching to 'refs/remotes/pull/41519/merge'.
Test OLM installation	UNKNOWN STEP	2025-08-11T18:47:11.5463722Z 
Test OLM installation	UNKNOWN STEP	2025-08-11T18:47:11.5464119Z You are in 'detached HEAD' state. You can look around, make experimental
Test OLM installation	UNKNOWN STEP	2025-08-11T18:47:11.5465124Z changes and commit them, and you can discard any commits you make in this
Test OLM installation	UNKNOWN STEP	2025-08-11T18:47:11.5466129Z state without impacting any branches by switching back to a branch.
Test OLM installation	UNKNOWN STEP	2025-08-11T18:47:11.5466673Z 
Test OLM installation	UNKNOWN STEP	2025-08-11T18:47:11.5467009Z If you want to create a new branch to retain commits you create, you may
Test OLM installation	UNKNOWN STEP	2025-08-11T18:47:11.5468108Z do so (now or later) by using -c with the switch command. Example:
Test OLM installation	UNKNOWN STEP	2025-08-11T18:47:11.5468484Z 
Test OLM installation	UNKNOWN STEP	2025-08-11T18:47:11.5468636Z   git switch -c <new-branch-name>
Test OLM installation	UNKNOWN STEP	2025-08-11T18:47:11.5468934Z 
Test OLM installation	UNKNOWN STEP	2025-08-11T18:47:11.5469095Z Or undo this operation with:
Test OLM installation	UNKNOWN STEP	2025-08-11T18:47:11.5469383Z 
Test OLM installation	UNKNOWN STEP	2025-08-11T18:47:11.5469510Z   git switch -
Test OLM installation	UNKNOWN STEP	2025-08-11T18:47:11.5469763Z 
Test OLM installation	UNKNOWN STEP	2025-08-11T18:47:11.5470151Z Turn off this advice by setting config variable advice.detachedHead to false
Test OLM installation	UNKNOWN STEP	2025-08-11T18:47:11.5470902Z 
Test OLM installation	UNKNOWN STEP	2025-08-11T18:47:11.5471570Z HEAD is now at b82654d Merge b4161b25244abe2de0812f557d106d2f95a2362f into 20cb13e8dcf7bcf7b64cec6fd97bd5d14828132e
Test OLM installation	UNKNOWN STEP	2025-08-11T18:47:11.5497399Z ##[endgroup]
Test OLM installation	UNKNOWN STEP	2025-08-11T18:47:11.5541283Z [command]/usr/bin/git log -1 --format=%H
Test OLM installation	UNKNOWN STEP	2025-08-11T18:47:11.5566529Z b82654dc2da80b1b0c458516e6eee6a2076cb613
Test OLM installation	UNKNOWN STEP	2025-08-11T18:47:11.5788693Z Prepare all required actions
Test OLM installation	UNKNOWN STEP	2025-08-11T18:47:11.5789127Z Getting action download info
Test OLM installation	UNKNOWN STEP	2025-08-11T18:47:11.6900846Z Download action repository 'actions/setup-java@c5195efecf7bdfc987ee8bae7a71cb8b11521c00' (SHA:c5195efecf7bdfc987ee8bae7a71cb8b11521c00)
Test OLM installation	UNKNOWN STEP	2025-08-11T18:47:12.1590246Z ##[group]Run ./.github/actions/java-setup
Test OLM installation	UNKNOWN STEP	2025-08-11T18:47:12.1590797Z with:
Test OLM installation	UNKNOWN STEP	2025-08-11T18:47:12.1590980Z   distribution: temurin
Test OLM installation	UNKNOWN STEP	2025-08-11T18:47:12.1591175Z   java-version: 21
Test OLM installation	UNKNOWN STEP	2025-08-11T18:47:12.1591363Z env:
Test OLM installation	UNKNOWN STEP	2025-08-11T18:47:12.1591622Z   MAVEN_ARGS: -B -nsu -Daether.connector.http.connectionMaxTtl=25
Test OLM installation	UNKNOWN STEP	2025-08-11T18:47:12.1591964Z   MINIKUBE_VERSION: v1.32.0
Test OLM installation	UNKNOWN STEP	2025-08-11T18:47:12.1592181Z   KUBERNETES_VERSION: v1.27.10
Test OLM installation	UNKNOWN STEP	2025-08-11T18:47:12.1592396Z   MINIKUBE_MEMORY: 4096
Test OLM installation	UNKNOWN STEP	2025-08-11T18:47:12.1592586Z ##[endgroup]
Test OLM installation	UNKNOWN STEP	2025-08-11T18:47:12.1735722Z ##[group]Run actions/setup-java@c5195efecf7bdfc987ee8bae7a71cb8b11521c00
Test OLM installation	UNKNOWN STEP	2025-08-11T18:47:12.1736135Z with:
Test OLM installation	UNKNOWN STEP	2025-08-11T18:47:12.1736383Z   distribution: temurin
Test OLM installation	UNKNOWN STEP	2025-08-11T18:47:12.1736694Z   java-version: 21
Test OLM installation	UNKNOWN STEP	2025-08-11T18:47:12.1736939Z   java-package: jdk
Test OLM installation	UNKNOWN STEP	2025-08-11T18:47:12.1737204Z   check-latest: false
Test OLM installation	UNKNOWN STEP	2025-08-11T18:47:12.1737455Z   server-id: github
Test OLM installation	UNKNOWN STEP	2025-08-11T18:47:12.1737733Z   server-username: GITHUB_ACTOR
Test OLM installation	UNKNOWN STEP	2025-08-11T18:47:12.1738025Z   server-password: GITHUB_TOKEN
Test OLM installation	UNKNOWN STEP	2025-08-11T18:47:12.1738313Z   overwrite-settings: true
Test OLM installation	UNKNOWN STEP	2025-08-11T18:47:12.1738603Z   job-status: success
Test OLM installation	UNKNOWN STEP	2025-08-11T18:47:12.1738961Z   token: ***
Test OLM installation	UNKNOWN STEP	2025-08-11T18:47:12.1739223Z env:
Test OLM installation	UNKNOWN STEP	2025-08-11T18:47:12.1739542Z   MAVEN_ARGS: -B -nsu -Daether.connector.http.connectionMaxTtl=25
Test OLM installation	UNKNOWN STEP	2025-08-11T18:47:12.1739955Z   MINIKUBE_VERSION: v1.32.0
Test OLM installation	UNKNOWN STEP	2025-08-11T18:47:12.1740251Z   KUBERNETES_VERSION: v1.27.10
Test OLM installation	UNKNOWN STEP	2025-08-11T18:47:12.1740681Z   MINIKUBE_MEMORY: 4096
Test OLM installation	UNKNOWN STEP	2025-08-11T18:47:12.1740951Z ##[endgroup]
Test OLM installation	UNKNOWN STEP	2025-08-11T18:47:12.4023157Z ##[group]Installed distributions
Test OLM installation	UNKNOWN STEP	2025-08-11T18:47:12.4562248Z Resolved Java 21.0.8+9 from tool-cache
Test OLM installation	UNKNOWN STEP	2025-08-11T18:47:12.4563142Z Setting Java 21.0.8+9 as the default
Test OLM installation	UNKNOWN STEP	2025-08-11T18:47:12.4581817Z Creating toolchains.xml for JDK version 21 from temurin
Test OLM installation	UNKNOWN STEP	2025-08-11T18:47:12.4696990Z Writing to /home/runner/.m2/toolchains.xml
Test OLM installation	UNKNOWN STEP	2025-08-11T18:47:12.4697818Z 
Test OLM installation	UNKNOWN STEP	2025-08-11T18:47:12.4698051Z Java configuration:
Test OLM installation	UNKNOWN STEP	2025-08-11T18:47:12.4698509Z   Distribution: temurin
Test OLM installation	UNKNOWN STEP	2025-08-11T18:47:12.4698952Z   Version: 21.0.8+9
Test OLM installation	UNKNOWN STEP	2025-08-11T18:47:12.4699590Z   Path: /opt/hostedtoolcache/Java_Temurin-Hotspot_jdk/21.0.8-9/x64
Test OLM installation	UNKNOWN STEP	2025-08-11T18:47:12.4700201Z 
Test OLM installation	UNKNOWN STEP	2025-08-11T18:47:12.4702240Z ##[endgroup]
Test OLM installation	UNKNOWN STEP	2025-08-11T18:47:12.4719869Z Creating settings.xml with server-id: github
Test OLM installation	UNKNOWN STEP	2025-08-11T18:47:12.4726783Z Writing to /home/runner/.m2/settings.xml
Test OLM installation	UNKNOWN STEP	2025-08-11T18:47:12.4889537Z ##[group]Run manusa/actions-setup-minikube@b589f2d61bf96695c546929c72b38563e856059d
Test OLM installation	UNKNOWN STEP	2025-08-11T18:47:12.4889950Z with:
Test OLM installation	UNKNOWN STEP	2025-08-11T18:47:12.4890128Z   minikube version: v1.32.0
Test OLM installation	UNKNOWN STEP	2025-08-11T18:47:12.4890631Z   kubernetes version: v1.27.10
Test OLM installation	UNKNOWN STEP	2025-08-11T18:47:12.4891154Z   github token: ***
Test OLM installation	UNKNOWN STEP	2025-08-11T18:47:12.4891350Z   driver: docker
Test OLM installation	UNKNOWN STEP	2025-08-11T18:47:12.4891654Z   start args: --memory=4096 --addons=registry --insecure-registry=192.168.49.0/24
Test OLM installation	UNKNOWN STEP	2025-08-11T18:47:12.4892006Z env:
Test OLM installation	UNKNOWN STEP	2025-08-11T18:47:12.4892267Z   MAVEN_ARGS: -B -nsu -Daether.connector.http.connectionMaxTtl=25
Test OLM installation	UNKNOWN STEP	2025-08-11T18:47:12.4892824Z   MINIKUBE_VERSION: v1.32.0
Test OLM installation	UNKNOWN STEP	2025-08-11T18:47:12.4893053Z   KUBERNETES_VERSION: v1.27.10
Test OLM installation	UNKNOWN STEP	2025-08-11T18:47:12.4893274Z   MINIKUBE_MEMORY: 4096
Test OLM installation	UNKNOWN STEP	2025-08-11T18:47:12.4893581Z   JAVA_HOME: /opt/hostedtoolcache/Java_Temurin-Hotspot_jdk/21.0.8-9/x64
Test OLM installation	UNKNOWN STEP	2025-08-11T18:47:12.4894016Z   JAVA_HOME_21_X64: /opt/hostedtoolcache/Java_Temurin-Hotspot_jdk/21.0.8-9/x64
Test OLM installation	UNKNOWN STEP	2025-08-11T18:47:12.4894353Z ##[endgroup]
Test OLM installation	UNKNOWN STEP	2025-08-11T18:47:12.6238985Z Loading input variables
Test OLM installation	UNKNOWN STEP	2025-08-11T18:47:12.6241576Z Updating Environment configuration to support Minikube
Test OLM installation	UNKNOWN STEP	2025-08-11T18:47:12.9192703Z 
Test OLM installation	UNKNOWN STEP	2025-08-11T18:47:12.9193499Z WARNING: apt does not have a stable CLI interface. Use with caution in scripts.
Test OLM installation	UNKNOWN STEP	2025-08-11T18:47:12.9194032Z 
Test OLM installation	UNKNOWN STEP	2025-08-11T18:47:12.9875304Z Get:1 file:/etc/apt/apt-mirrors.txt Mirrorlist [144 B]
Test OLM installation	UNKNOWN STEP	2025-08-11T18:47:13.0303557Z Get:6 https://packages.microsoft.com/repos/azure-cli noble InRelease [3564 B]
Test OLM installation	UNKNOWN STEP	2025-08-11T18:47:13.0559200Z Hit:2 http://azure.archive.ubuntu.com/ubuntu noble InRelease
Test OLM installation	UNKNOWN STEP	2025-08-11T18:47:13.0568339Z Get:3 http://azure.archive.ubuntu.com/ubuntu noble-updates InRelease [126 kB]
Test OLM installation	UNKNOWN STEP	2025-08-11T18:47:13.0638894Z Get:4 http://azure.archive.ubuntu.com/ubuntu noble-backports InRelease [126 kB]
Test OLM installation	UNKNOWN STEP	2025-08-11T18:47:13.0676979Z Get:5 http://azure.archive.ubuntu.com/ubuntu noble-security InRelease [126 kB]
Test OLM installation	UNKNOWN STEP	2025-08-11T18:47:13.2218246Z Get:7 http://azure.archive.ubuntu.com/ubuntu noble-updates/main amd64 Packages [1315 kB]
Test OLM installation	UNKNOWN STEP	2025-08-11T18:47:13.2374628Z Get:8 http://azure.archive.ubuntu.com/ubuntu noble-updates/main Translation-en [264 kB]
Test OLM installation	UNKNOWN STEP	2025-08-11T18:47:13.2402655Z Get:9 http://azure.archive.ubuntu.com/ubuntu noble-updates/main amd64 Components [163 kB]
Test OLM installation	UNKNOWN STEP	2025-08-11T18:47:13.2424486Z Get:17 https://packages.microsoft.com/ubuntu/24.04/prod noble InRelease [3600 B]
Test OLM installation	UNKNOWN STEP	2025-08-11T18:47:13.2432576Z Get:10 http://azure.archive.ubuntu.com/ubuntu noble-updates/universe amd64 Packages [1120 kB]
Test OLM installation	UNKNOWN STEP	2025-08-11T18:47:13.2494005Z Get:18 https://packages.microsoft.com/repos/azure-cli noble/main amd64 Packages [1497 B]
Test OLM installation	UNKNOWN STEP	2025-08-11T18:47:13.2522581Z Get:11 http://azure.archive.ubuntu.com/ubuntu noble-updates/universe Translation-en [287 kB]
Test OLM installation	UNKNOWN STEP	2025-08-11T18:47:13.2551141Z Get:12 http://azure.archive.ubuntu.com/ubuntu noble-updates/universe amd64 Components [377 kB]
Test OLM installation	UNKNOWN STEP	2025-08-11T18:47:13.2583190Z Get:13 http://azure.archive.ubuntu.com/ubuntu noble-updates/restricted amd64 Packages [1650 kB]
Test OLM installation	UNKNOWN STEP	2025-08-11T18:47:13.2717145Z Get:14 http://azure.archive.ubuntu.com/ubuntu noble-updates/restricted Translation-en [361 kB]
Test OLM installation	UNKNOWN STEP	2025-08-11T18:47:13.2775801Z Get:15 http://azure.archive.ubuntu.com/ubuntu noble-updates/restricted amd64 Components [212 B]
Test OLM installation	UNKNOWN STEP	2025-08-11T18:47:13.2785381Z Get:16 http://azure.archive.ubuntu.com/ubuntu noble-updates/multiverse amd64 Components [940 B]
Test OLM installation	UNKNOWN STEP	2025-08-11T18:47:13.3417198Z Get:19 http://azure.archive.ubuntu.com/ubuntu noble-backports/main amd64 Components [7060 B]
Test OLM installation	UNKNOWN STEP	2025-08-11T18:47:13.3434766Z Get:20 http://azure.archive.ubuntu.com/ubuntu noble-backports/universe amd64 Packages [28.9 kB]
Test OLM installation	UNKNOWN STEP	2025-08-11T18:47:13.3451966Z Get:21 http://azure.archive.ubuntu.com/ubuntu noble-backports/universe Translation-en [17.4 kB]
Test OLM installation	UNKNOWN STEP	2025-08-11T18:47:13.3464719Z Get:22 http://azure.archive.ubuntu.com/ubuntu noble-backports/universe amd64 Components [30.7 kB]
Test OLM installation	UNKNOWN STEP	2025-08-11T18:47:13.3477130Z Get:23 http://azure.archive.ubuntu.com/ubuntu noble-backports/restricted amd64 Components [216 B]
Test OLM installation	UNKNOWN STEP	2025-08-11T18:47:13.3486853Z Get:24 http://azure.archive.ubuntu.com/ubuntu noble-backports/multiverse amd64 Components [212 B]
Test OLM installation	UNKNOWN STEP	2025-08-11T18:47:13.3720805Z Get:25 http://azure.archive.ubuntu.com/ubuntu noble-security/main amd64 Packages [1056 kB]
Test OLM installation	UNKNOWN STEP	2025-08-11T18:47:13.3784293Z Get:26 http://azure.archive.ubuntu.com/ubuntu noble-security/main Translation-en [183 kB]
Test OLM installation	UNKNOWN STEP	2025-08-11T18:47:13.3796895Z Get:27 http://azure.archive.ubuntu.com/ubuntu noble-security/main amd64 Components [21.5 kB]
Test OLM installation	UNKNOWN STEP	2025-08-11T18:47:13.3812908Z Get:28 http://azure.archive.ubuntu.com/ubuntu noble-security/universe amd64 Components [52.3 kB]
Test OLM installation	UNKNOWN STEP	2025-08-11T18:47:13.3831146Z Get:29 http://azure.archive.ubuntu.com/ubuntu noble-security/restricted amd64 Packages [1566 kB]
Test OLM installation	UNKNOWN STEP	2025-08-11T18:47:13.3938085Z Get:30 http://azure.archive.ubuntu.com/ubuntu noble-security/restricted Translation-en [343 kB]
Test OLM installation	UNKNOWN STEP	2025-08-11T18:47:13.3948769Z Get:31 http://azure.archive.ubuntu.com/ubuntu noble-security/restricted amd64 Components [212 B]
Test OLM installation	UNKNOWN STEP	2025-08-11T18:47:13.3954602Z Get:32 http://azure.archive.ubuntu.com/ubuntu noble-security/multiverse amd64 Components [212 B]
Test OLM installation	UNKNOWN STEP	2025-08-11T18:47:13.4338942Z Get:33 https://packages.microsoft.com/ubuntu/24.04/prod noble/main arm64 Packages [32.2 kB]
Test OLM installation	UNKNOWN STEP	2025-08-11T18:47:13.6535020Z Get:34 https://packages.microsoft.com/ubuntu/24.04/prod noble/main amd64 Packages [46.8 kB]
Test OLM installation	UNKNOWN STEP	2025-08-11T18:47:20.1590652Z Fetched 9311 kB in 1s (7609 kB/s)
Test OLM installation	UNKNOWN STEP	2025-08-11T18:47:20.8667972Z Reading package lists...
Test OLM installation	UNKNOWN STEP	2025-08-11T18:47:21.0326352Z Building dependency tree...
Test OLM installation	UNKNOWN STEP	2025-08-11T18:47:21.0333247Z Reading state information...
Test OLM installation	UNKNOWN STEP	2025-08-11T18:47:21.0481784Z 14 packages can be upgraded. Run 'apt list --upgradable' to see them.
Test OLM installation	UNKNOWN STEP	2025-08-11T18:47:21.0749515Z Reading package lists...
Test OLM installation	UNKNOWN STEP	2025-08-11T18:47:21.2499596Z Building dependency tree...
Test OLM installation	UNKNOWN STEP	2025-08-11T18:47:21.2507438Z Reading state information...
Test OLM installation	UNKNOWN STEP	2025-08-11T18:47:21.4281574Z The following NEW packages will be installed:
Test OLM installation	UNKNOWN STEP	2025-08-11T18:47:21.4288326Z   conntrack
Test OLM installation	UNKNOWN STEP	2025-08-11T18:47:21.4461789Z 0 upgraded, 1 newly installed, 0 to remove and 14 not upgraded.
Test OLM installation	UNKNOWN STEP	2025-08-11T18:47:21.4462395Z Need to get 37.9 kB of archives.
Test OLM installation	UNKNOWN STEP	2025-08-11T18:47:21.4462947Z After this operation, 119 kB of additional disk space will be used.
Test OLM installation	UNKNOWN STEP	2025-08-11T18:47:21.4463566Z Get:1 file:/etc/apt/apt-mirrors.txt Mirrorlist [144 B]
Test OLM installation	UNKNOWN STEP	2025-08-11T18:47:21.4926148Z Get:2 http://azure.archive.ubuntu.com/ubuntu noble/main amd64 conntrack amd64 1:1.4.8-1ubuntu1 [37.9 kB]
Test OLM installation	UNKNOWN STEP	2025-08-11T18:47:21.7548865Z Fetched 37.9 kB in 0s (656 kB/s)
Test OLM installation	UNKNOWN STEP	2025-08-11T18:47:21.7925860Z Selecting previously unselected package conntrack.
Test OLM installation	UNKNOWN STEP	2025-08-11T18:47:21.8621086Z (Reading database ... 
Test OLM installation	UNKNOWN STEP	2025-08-11T18:47:21.8621737Z (Reading database ... 5%
Test OLM installation	UNKNOWN STEP	2025-08-11T18:47:21.8622185Z (Reading database ... 10%
Test OLM installation	UNKNOWN STEP	2025-08-11T18:47:21.8622597Z (Reading database ... 15%
Test OLM installation	UNKNOWN STEP	2025-08-11T18:47:21.8622885Z (Reading database ... 20%
Test OLM installation	UNKNOWN STEP	2025-08-11T18:47:21.8623107Z (Reading database ... 25%
Test OLM installation	UNKNOWN STEP	2025-08-11T18:47:21.8623335Z (Reading database ... 30%
Test OLM installation	UNKNOWN STEP	2025-08-11T18:47:21.8623547Z (Reading database ... 35%
Test OLM installation	UNKNOWN STEP	2025-08-11T18:47:21.8623765Z (Reading database ... 40%
Test OLM installation	UNKNOWN STEP	2025-08-11T18:47:21.8623978Z (Reading database ... 45%
Test OLM installation	UNKNOWN STEP	2025-08-11T18:47:21.8624220Z (Reading database ... 50%
Test OLM installation	UNKNOWN STEP	2025-08-11T18:47:22.0184318Z (Reading database ... 55%
Test OLM installation	UNKNOWN STEP	2025-08-11T18:47:22.3415903Z (Reading database ... 60%
Test OLM installation	UNKNOWN STEP	2025-08-11T18:47:22.6676671Z (Reading database ... 65%
Test OLM installation	UNKNOWN STEP	2025-08-11T18:47:22.8211961Z (Reading database ... 70%
Test OLM installation	UNKNOWN STEP	2025-08-11T18:47:23.1237852Z (Reading database ... 75%
Test OLM installation	UNKNOWN STEP	2025-08-11T18:47:23.5371026Z (Reading database ... 80%
Test OLM installation	UNKNOWN STEP	2025-08-11T18:47:24.5259525Z (Reading database ... 85%
Test OLM installation	UNKNOWN STEP	2025-08-11T18:47:25.5377884Z (Reading database ... 90%
Test OLM installation	UNKNOWN STEP	2025-08-11T18:47:26.3017656Z (Reading database ... 95%
Test OLM installation	UNKNOWN STEP	2025-08-11T18:47:26.3018034Z (Reading database ... 100%
Test OLM installation	UNKNOWN STEP	2025-08-11T18:47:26.3018463Z (Reading database ... 219989 files and directories currently installed.)
Test OLM installation	UNKNOWN STEP	2025-08-11T18:47:26.3065166Z Preparing to unpack .../conntrack_1%3a1.4.8-1ubuntu1_amd64.deb ...
Test OLM installation	UNKNOWN STEP	2025-08-11T18:47:26.3093450Z Unpacking conntrack (1:1.4.8-1ubuntu1) ...
Test OLM installation	UNKNOWN STEP	2025-08-11T18:47:26.3738877Z Setting up conntrack (1:1.4.8-1ubuntu1) ...
Test OLM installation	UNKNOWN STEP	2025-08-11T18:47:26.3766312Z Processing triggers for man-db (2.12.0-4build2) ...
Test OLM installation	UNKNOWN STEP	2025-08-11T18:47:30.4919234Z 
Test OLM installation	UNKNOWN STEP	2025-08-11T18:47:30.4919696Z Running kernel seems to be up-to-date.
Test OLM installation	UNKNOWN STEP	2025-08-11T18:47:30.4920131Z 
Test OLM installation	UNKNOWN STEP	2025-08-11T18:47:30.4920510Z Restarting services...
Test OLM installation	UNKNOWN STEP	2025-08-11T18:47:30.4991448Z 
Test OLM installation	UNKNOWN STEP	2025-08-11T18:47:30.4991853Z Service restarts being deferred:
Test OLM installation	UNKNOWN STEP	2025-08-11T18:47:30.4993300Z  systemctl restart hosted-compute-agent.service
Test OLM installation	UNKNOWN STEP	2025-08-11T18:47:30.4993527Z 
Test OLM installation	UNKNOWN STEP	2025-08-11T18:47:30.4994033Z No containers need to be restarted.
Test OLM installation	UNKNOWN STEP	2025-08-11T18:47:30.4994319Z 
Test OLM installation	UNKNOWN STEP	2025-08-11T18:47:30.4994434Z No user sessions are running outdated binaries.
Test OLM installation	UNKNOWN STEP	2025-08-11T18:47:30.4994629Z 
Test OLM installation	UNKNOWN STEP	2025-08-11T18:47:30.4994804Z No VM guests are running outdated hypervisor (qemu) binaries on this host.
Test OLM installation	UNKNOWN STEP	2025-08-11T18:47:31.4274649Z fs.protected_regular = 0
Test OLM installation	UNKNOWN STEP	2025-08-11T18:47:31.4284538Z Waiting for Docker to be ready
Test OLM installation	UNKNOWN STEP	2025-08-11T18:47:31.4680694Z 28.0.4 - 28.0.4
Test OLM installation	UNKNOWN STEP	2025-08-11T18:47:31.4698984Z Docker daemon is ready
Test OLM installation	UNKNOWN STEP	2025-08-11T18:47:31.4703494Z Downloading Minikube  v1.32.0
Test OLM installation	UNKNOWN STEP	2025-08-11T18:47:31.7434755Z Downloading from: https://github.com/kubernetes/minikube/releases/download/v1.32.0/minikube-linux-amd64
Test OLM installation	UNKNOWN STEP	2025-08-11T18:47:33.8031122Z Unexpected HTTP response: 503
Test OLM installation	UNKNOWN STEP	2025-08-11T18:47:33.8031715Z Waiting 13 seconds before trying again
Test OLM installation	UNKNOWN STEP	2025-08-11T18:47:48.8739431Z Unexpected HTTP response: 503
Test OLM installation	UNKNOWN STEP	2025-08-11T18:47:48.8740610Z Waiting 11 seconds before trying again
Test OLM installation	UNKNOWN STEP	2025-08-11T18:48:01.9506783Z HTTPError: Unexpected HTTP response: 503
Test OLM installation	UNKNOWN STEP	2025-08-11T18:48:01.9508028Z     at /home/runner/work/_actions/manusa/actions-setup-minikube/b589f2d61bf96695c546929c72b38563e856059d/node_modules/@actions/tool-cache/lib/tool-cache.js:115:25
Test OLM installation	UNKNOWN STEP	2025-08-11T18:48:01.9509336Z     at Generator.next (<anonymous>)
Test OLM installation	UNKNOWN STEP	2025-08-11T18:48:01.9510282Z     at fulfilled (/home/runner/work/_actions/manusa/actions-setup-minikube/b589f2d61bf96695c546929c72b38563e856059d/node_modules/@actions/tool-cache/lib/tool-cache.js:28:58)
Test OLM installation	UNKNOWN STEP	2025-08-11T18:48:01.9511633Z     at process.processTicksAndRejections (node:internal/process/task_queues:95:5) {
Test OLM installation	UNKNOWN STEP	2025-08-11T18:48:01.9512129Z   httpStatusCode: 503
Test OLM installation	UNKNOWN STEP	2025-08-11T18:48:01.9512368Z }
Test OLM installation	UNKNOWN STEP	2025-08-11T18:48:01.9532707Z ##[error]Unexpected HTTP response: 503
Test OLM installation	UNKNOWN STEP	2025-08-11T18:48:01.9540286Z ##[error]Unexpected HTTP response: 503
Test OLM installation	UNKNOWN STEP	2025-08-11T18:48:01.9786523Z Post job cleanup.
Test OLM installation	UNKNOWN STEP	2025-08-11T18:48:01.9828946Z Post job cleanup.
Test OLM installation	UNKNOWN STEP	2025-08-11T18:48:02.1562177Z Post job cleanup.
Test OLM installation	UNKNOWN STEP	2025-08-11T18:48:02.2530088Z [command]/usr/bin/git version
Test OLM installation	UNKNOWN STEP	2025-08-11T18:48:02.2581176Z git version 2.50.1
Test OLM installation	UNKNOWN STEP	2025-08-11T18:48:02.2641510Z Temporarily overriding HOME='/home/runner/work/_temp/14fd2e15-0393-4fa4-858c-f07726e25004' before making global git config changes
Test OLM installation	UNKNOWN STEP	2025-08-11T18:48:02.2642785Z Adding repository directory to the temporary git global config as a safe directory
Test OLM installation	UNKNOWN STEP	2025-08-11T18:48:02.2647722Z [command]/usr/bin/git config --global --add safe.directory /home/runner/work/keycloak/keycloak
Test OLM installation	UNKNOWN STEP	2025-08-11T18:48:02.2682565Z [command]/usr/bin/git config --local --name-only --get-regexp core\.sshCommand
Test OLM installation	UNKNOWN STEP	2025-08-11T18:48:02.2713864Z [command]/usr/bin/git submodule foreach --recursive sh -c "git config --local --name-only --get-regexp 'core\.sshCommand' && git config --local --unset-all 'core.sshCommand' || :"
Test OLM installation	UNKNOWN STEP	2025-08-11T18:48:02.2961180Z [command]/usr/bin/git config --local --name-only --get-regexp http\.https\:\/\/github\.com\/\.extraheader
Test OLM installation	UNKNOWN STEP	2025-08-11T18:48:02.2983735Z http.https://github.com/.extraheader
Test OLM installation	UNKNOWN STEP	2025-08-11T18:48:02.2996333Z [command]/usr/bin/git config --local --unset-all http.https://github.com/.extraheader
Test OLM installation	UNKNOWN STEP	2025-08-11T18:48:02.3028005Z [command]/usr/bin/git submodule foreach --recursive sh -c "git config --local --name-only --get-regexp 'http\.https\:\/\/github\.com\/\.extraheader' && git config --local --unset-all 'http.https://github.com/.extraheader' || :"
Test OLM installation	UNKNOWN STEP	2025-08-11T18:48:02.3374167Z Cleaning up orphan processes
Status Check - Keycloak Operator CI	UNKNOWN STEP	ï»¿2025-08-11T18:52:47.4628967Z Current runner version: '2.327.1'
Status Check - Keycloak Operator CI	UNKNOWN STEP	2025-08-11T18:52:47.4660686Z ##[group]Runner Image Provisioner
Status Check - Keycloak Operator CI	UNKNOWN STEP	2025-08-11T18:52:47.4661784Z Hosted Compute Agent
Status Check - Keycloak Operator CI	UNKNOWN STEP	2025-08-11T18:52:47.4662725Z Version: 20250711.363
Status Check - Keycloak Operator CI	UNKNOWN STEP	2025-08-11T18:52:47.4663658Z Commit: 6785254374ce925a23743850c1cb91912ce5c14c
Status Check - Keycloak Operator CI	UNKNOWN STEP	2025-08-11T18:52:47.4664800Z Build Date: 2025-07-11T20:04:25Z
Status Check - Keycloak Operator CI	UNKNOWN STEP	2025-08-11T18:52:47.4665807Z ##[endgroup]
Status Check - Keycloak Operator CI	UNKNOWN STEP	2025-08-11T18:52:47.4666629Z ##[group]Operating System
Status Check - Keycloak Operator CI	UNKNOWN STEP	2025-08-11T18:52:47.4667760Z Ubuntu
Status Check - Keycloak Operator CI	UNKNOWN STEP	2025-08-11T18:52:47.4668622Z 24.04.2
Status Check - Keycloak Operator CI	UNKNOWN STEP	2025-08-11T18:52:47.4669402Z LTS
Status Check - Keycloak Operator CI	UNKNOWN STEP	2025-08-11T18:52:47.4670113Z ##[endgroup]
Status Check - Keycloak Operator CI	UNKNOWN STEP	2025-08-11T18:52:47.4670940Z ##[group]Runner Image
Status Check - Keycloak Operator CI	UNKNOWN STEP	2025-08-11T18:52:47.4671852Z Image: ubuntu-24.04
Status Check - Keycloak Operator CI	UNKNOWN STEP	2025-08-11T18:52:47.4672751Z Version: 20250804.2.0
Status Check - Keycloak Operator CI	UNKNOWN STEP	2025-08-11T18:52:47.4674577Z Included Software: https://github.com/actions/runner-images/blob/ubuntu24/20250804.2/images/ubuntu/Ubuntu2404-Readme.md
Status Check - Keycloak Operator CI	UNKNOWN STEP	2025-08-11T18:52:47.4677208Z Image Release: https://github.com/actions/runner-images/releases/tag/ubuntu24%2F20250804.2
Status Check - Keycloak Operator CI	UNKNOWN STEP	2025-08-11T18:52:47.4679237Z ##[endgroup]
Status Check - Keycloak Operator CI	UNKNOWN STEP	2025-08-11T18:52:47.4680794Z ##[group]GITHUB_TOKEN Permissions
Status Check - Keycloak Operator CI	UNKNOWN STEP	2025-08-11T18:52:47.4683321Z Contents: read
Status Check - Keycloak Operator CI	UNKNOWN STEP	2025-08-11T18:52:47.4684141Z Metadata: read
Status Check - Keycloak Operator CI	UNKNOWN STEP	2025-08-11T18:52:47.4684963Z ##[endgroup]
Status Check - Keycloak Operator CI	UNKNOWN STEP	2025-08-11T18:52:47.4688188Z Secret source: None
Status Check - Keycloak Operator CI	UNKNOWN STEP	2025-08-11T18:52:47.4689297Z Prepare workflow directory
Status Check - Keycloak Operator CI	UNKNOWN STEP	2025-08-11T18:52:47.5252979Z Prepare all required actions
Status Check - Keycloak Operator CI	UNKNOWN STEP	2025-08-11T18:52:47.5308124Z Getting action download info
Status Check - Keycloak Operator CI	UNKNOWN STEP	2025-08-11T18:52:47.7980446Z Download action repository 'actions/checkout@11bd71901bbe5b1630ceea73d27597364c9af683' (SHA:11bd71901bbe5b1630ceea73d27597364c9af683)
Status Check - Keycloak Operator CI	UNKNOWN STEP	2025-08-11T18:52:47.9465694Z Complete job name: Status Check - Keycloak Operator CI
Status Check - Keycloak Operator CI	UNKNOWN STEP	2025-08-11T18:52:48.0157899Z ##[group]Run actions/checkout@11bd71901bbe5b1630ceea73d27597364c9af683
Status Check - Keycloak Operator CI	UNKNOWN STEP	2025-08-11T18:52:48.0158951Z with:
Status Check - Keycloak Operator CI	UNKNOWN STEP	2025-08-11T18:52:48.0159364Z   repository: keycloak/keycloak
Status Check - Keycloak Operator CI	UNKNOWN STEP	2025-08-11T18:52:48.0159985Z   token: ***
Status Check - Keycloak Operator CI	UNKNOWN STEP	2025-08-11T18:52:48.0160364Z   ssh-strict: true
Status Check - Keycloak Operator CI	UNKNOWN STEP	2025-08-11T18:52:48.0160759Z   ssh-user: git
Status Check - Keycloak Operator CI	UNKNOWN STEP	2025-08-11T18:52:48.0161183Z   persist-credentials: true
Status Check - Keycloak Operator CI	UNKNOWN STEP	2025-08-11T18:52:48.0161636Z   clean: true
Status Check - Keycloak Operator CI	UNKNOWN STEP	2025-08-11T18:52:48.0162039Z   sparse-checkout-cone-mode: true
Status Check - Keycloak Operator CI	UNKNOWN STEP	2025-08-11T18:52:48.0162526Z   fetch-depth: 1
Status Check - Keycloak Operator CI	UNKNOWN STEP	2025-08-11T18:52:48.0162913Z   fetch-tags: false
Status Check - Keycloak Operator CI	UNKNOWN STEP	2025-08-11T18:52:48.0163317Z   show-progress: true
Status Check - Keycloak Operator CI	UNKNOWN STEP	2025-08-11T18:52:48.0163716Z   lfs: false
Status Check - Keycloak Operator CI	UNKNOWN STEP	2025-08-11T18:52:48.0164087Z   submodules: false
Status Check - Keycloak Operator CI	UNKNOWN STEP	2025-08-11T18:52:48.0164493Z   set-safe-directory: true
Status Check - Keycloak Operator CI	UNKNOWN STEP	2025-08-11T18:52:48.0165124Z env:
Status Check - Keycloak Operator CI	UNKNOWN STEP	2025-08-11T18:52:48.0165669Z   MAVEN_ARGS: -B -nsu -Daether.connector.http.connectionMaxTtl=25
Status Check - Keycloak Operator CI	UNKNOWN STEP	2025-08-11T18:52:48.0166319Z   MINIKUBE_VERSION: v1.32.0
Status Check - Keycloak Operator CI	UNKNOWN STEP	2025-08-11T18:52:48.0166807Z   KUBERNETES_VERSION: v1.27.10
Status Check - Keycloak Operator CI	UNKNOWN STEP	2025-08-11T18:52:48.0167259Z   MINIKUBE_MEMORY: 4096
Status Check - Keycloak Operator CI	UNKNOWN STEP	2025-08-11T18:52:48.0167836Z ##[endgroup]
Status Check - Keycloak Operator CI	UNKNOWN STEP	2025-08-11T18:52:48.1227488Z Syncing repository: keycloak/keycloak
Status Check - Keycloak Operator CI	UNKNOWN STEP	2025-08-11T18:52:48.1229793Z ##[group]Getting Git version info
Status Check - Keycloak Operator CI	UNKNOWN STEP	2025-08-11T18:52:48.1230502Z Working directory is '/home/runner/work/keycloak/keycloak'
Status Check - Keycloak Operator CI	UNKNOWN STEP	2025-08-11T18:52:48.1231557Z [command]/usr/bin/git version
Status Check - Keycloak Operator CI	UNKNOWN STEP	2025-08-11T18:52:48.1260136Z git version 2.50.1
Status Check - Keycloak Operator CI	UNKNOWN STEP	2025-08-11T18:52:48.1286100Z ##[endgroup]
Status Check - Keycloak Operator CI	UNKNOWN STEP	2025-08-11T18:52:48.1302268Z Temporarily overriding HOME='/home/runner/work/_temp/ea5ff408-4db9-49ff-8917-0e924b3a8633' before making global git config changes
Status Check - Keycloak Operator CI	UNKNOWN STEP	2025-08-11T18:52:48.1304710Z Adding repository directory to the temporary git global config as a safe directory
Status Check - Keycloak Operator CI	UNKNOWN STEP	2025-08-11T18:52:48.1308508Z [command]/usr/bin/git config --global --add safe.directory /home/runner/work/keycloak/keycloak
Status Check - Keycloak Operator CI	UNKNOWN STEP	2025-08-11T18:52:48.1342080Z Deleting the contents of '/home/runner/work/keycloak/keycloak'
Status Check - Keycloak Operator CI	UNKNOWN STEP	2025-08-11T18:52:48.1345929Z ##[group]Initializing the repository
Status Check - Keycloak Operator CI	UNKNOWN STEP	2025-08-11T18:52:48.1350905Z [command]/usr/bin/git init /home/runner/work/keycloak/keycloak
Status Check - Keycloak Operator CI	UNKNOWN STEP	2025-08-11T18:52:48.1402289Z hint: Using 'master' as the name for the initial branch. This default branch name
Status Check - Keycloak Operator CI	UNKNOWN STEP	2025-08-11T18:52:48.1403973Z hint: is subject to change. To configure the initial branch name to use in all
Status Check - Keycloak Operator CI	UNKNOWN STEP	2025-08-11T18:52:48.1405252Z hint: of your new repositories, which will suppress this warning, call:
Status Check - Keycloak Operator CI	UNKNOWN STEP	2025-08-11T18:52:48.1406646Z hint:
Status Check - Keycloak Operator CI	UNKNOWN STEP	2025-08-11T18:52:48.1407485Z hint: 	git config --global init.defaultBranch <name>
Status Check - Keycloak Operator CI	UNKNOWN STEP	2025-08-11T18:52:48.1408735Z hint:
Status Check - Keycloak Operator CI	UNKNOWN STEP	2025-08-11T18:52:48.1409729Z hint: Names commonly chosen instead of 'master' are 'main', 'trunk' and
Status Check - Keycloak Operator CI	UNKNOWN STEP	2025-08-11T18:52:48.1411325Z hint: 'development'. The just-created branch can be renamed via this command:
Status Check - Keycloak Operator CI	UNKNOWN STEP	2025-08-11T18:52:48.1412623Z hint:
Status Check - Keycloak Operator CI	UNKNOWN STEP	2025-08-11T18:52:48.1413261Z hint: 	git branch -m <name>
Status Check - Keycloak Operator CI	UNKNOWN STEP	2025-08-11T18:52:48.1414021Z hint:
Status Check - Keycloak Operator CI	UNKNOWN STEP	2025-08-11T18:52:48.1415026Z hint: Disable this message with "git config set advice.defaultBranchName false"
Status Check - Keycloak Operator CI	UNKNOWN STEP	2025-08-11T18:52:48.1416825Z Initialized empty Git repository in /home/runner/work/keycloak/keycloak/.git/
Status Check - Keycloak Operator CI	UNKNOWN STEP	2025-08-11T18:52:48.1419774Z [command]/usr/bin/git remote add origin https://github.com/keycloak/keycloak
Status Check - Keycloak Operator CI	UNKNOWN STEP	2025-08-11T18:52:48.1450668Z ##[endgroup]
Status Check - Keycloak Operator CI	UNKNOWN STEP	2025-08-11T18:52:48.1451860Z ##[group]Disabling automatic garbage collection
Status Check - Keycloak Operator CI	UNKNOWN STEP	2025-08-11T18:52:48.1455420Z [command]/usr/bin/git config --local gc.auto 0
Status Check - Keycloak Operator CI	UNKNOWN STEP	2025-08-11T18:52:48.1483791Z ##[endgroup]
Status Check - Keycloak Operator CI	UNKNOWN STEP	2025-08-11T18:52:48.1484989Z ##[group]Setting up auth
Status Check - Keycloak Operator CI	UNKNOWN STEP	2025-08-11T18:52:48.1491548Z [command]/usr/bin/git config --local --name-only --get-regexp core\.sshCommand
Status Check - Keycloak Operator CI	UNKNOWN STEP	2025-08-11T18:52:48.1521493Z [command]/usr/bin/git submodule foreach --recursive sh -c "git config --local --name-only --get-regexp 'core\.sshCommand' && git config --local --unset-all 'core.sshCommand' || :"
Status Check - Keycloak Operator CI	UNKNOWN STEP	2025-08-11T18:52:48.1773096Z [command]/usr/bin/git config --local --name-only --get-regexp http\.https\:\/\/github\.com\/\.extraheader
Status Check - Keycloak Operator CI	UNKNOWN STEP	2025-08-11T18:52:48.1805927Z [command]/usr/bin/git submodule foreach --recursive sh -c "git config --local --name-only --get-regexp 'http\.https\:\/\/github\.com\/\.extraheader' && git config --local --unset-all 'http.https://github.com/.extraheader' || :"
Status Check - Keycloak Operator CI	UNKNOWN STEP	2025-08-11T18:52:48.2028693Z [command]/usr/bin/git config --local http.https://github.com/.extraheader AUTHORIZATION: basic ***
Status Check - Keycloak Operator CI	UNKNOWN STEP	2025-08-11T18:52:48.2072462Z ##[endgroup]
Status Check - Keycloak Operator CI	UNKNOWN STEP	2025-08-11T18:52:48.2073804Z ##[group]Fetching the repository
Status Check - Keycloak Operator CI	UNKNOWN STEP	2025-08-11T18:52:48.2082047Z [command]/usr/bin/git -c protocol.version=2 fetch --no-tags --prune --no-recurse-submodules --depth=1 origin +b82654dc2da80b1b0c458516e6eee6a2076cb613:refs/remotes/pull/41519/merge
Status Check - Keycloak Operator CI	UNKNOWN STEP	2025-08-11T18:52:51.3228720Z From https://github.com/keycloak/keycloak
Status Check - Keycloak Operator CI	UNKNOWN STEP	2025-08-11T18:52:51.3231861Z  * [new ref]         b82654dc2da80b1b0c458516e6eee6a2076cb613 -> pull/41519/merge
Status Check - Keycloak Operator CI	UNKNOWN STEP	2025-08-11T18:52:51.3256023Z ##[endgroup]
Status Check - Keycloak Operator CI	UNKNOWN STEP	2025-08-11T18:52:51.3258064Z ##[group]Determining the checkout info
Status Check - Keycloak Operator CI	UNKNOWN STEP	2025-08-11T18:52:51.3259906Z ##[endgroup]
Status Check - Keycloak Operator CI	UNKNOWN STEP	2025-08-11T18:52:51.3262664Z [command]/usr/bin/git sparse-checkout disable
Status Check - Keycloak Operator CI	UNKNOWN STEP	2025-08-11T18:52:51.3300424Z [command]/usr/bin/git config --local --unset-all extensions.worktreeConfig
Status Check - Keycloak Operator CI	UNKNOWN STEP	2025-08-11T18:52:51.3330082Z ##[group]Checking out the ref
Status Check - Keycloak Operator CI	UNKNOWN STEP	2025-08-11T18:52:51.3333218Z [command]/usr/bin/git checkout --progress --force refs/remotes/pull/41519/merge
Status Check - Keycloak Operator CI	UNKNOWN STEP	2025-08-11T18:52:52.1313680Z Note: switching to 'refs/remotes/pull/41519/merge'.
Status Check - Keycloak Operator CI	UNKNOWN STEP	2025-08-11T18:52:52.1315635Z 
Status Check - Keycloak Operator CI	UNKNOWN STEP	2025-08-11T18:52:52.1316556Z You are in 'detached HEAD' state. You can look around, make experimental
Status Check - Keycloak Operator CI	UNKNOWN STEP	2025-08-11T18:52:52.1318587Z changes and commit them, and you can discard any commits you make in this
Status Check - Keycloak Operator CI	UNKNOWN STEP	2025-08-11T18:52:52.1319703Z state without impacting any branches by switching back to a branch.
Status Check - Keycloak Operator CI	UNKNOWN STEP	2025-08-11T18:52:52.1320298Z 
Status Check - Keycloak Operator CI	UNKNOWN STEP	2025-08-11T18:52:52.1320725Z If you want to create a new branch to retain commits you create, you may
Status Check - Keycloak Operator CI	UNKNOWN STEP	2025-08-11T18:52:52.1321552Z do so (now or later) by using -c with the switch command. Example:
Status Check - Keycloak Operator CI	UNKNOWN STEP	2025-08-11T18:52:52.1321986Z 
Status Check - Keycloak Operator CI	UNKNOWN STEP	2025-08-11T18:52:52.1322278Z   git switch -c <new-branch-name>
Status Check - Keycloak Operator CI	UNKNOWN STEP	2025-08-11T18:52:52.1322600Z 
Status Check - Keycloak Operator CI	UNKNOWN STEP	2025-08-11T18:52:52.1322865Z Or undo this operation with:
Status Check - Keycloak Operator CI	UNKNOWN STEP	2025-08-11T18:52:52.1323175Z 
Status Check - Keycloak Operator CI	UNKNOWN STEP	2025-08-11T18:52:52.1323402Z   git switch -
Status Check - Keycloak Operator CI	UNKNOWN STEP	2025-08-11T18:52:52.1323656Z 
Status Check - Keycloak Operator CI	UNKNOWN STEP	2025-08-11T18:52:52.1324052Z Turn off this advice by setting config variable advice.detachedHead to false
Status Check - Keycloak Operator CI	UNKNOWN STEP	2025-08-11T18:52:52.1324592Z 
Status Check - Keycloak Operator CI	UNKNOWN STEP	2025-08-11T18:52:52.1325236Z HEAD is now at b82654d Merge b4161b25244abe2de0812f557d106d2f95a2362f into 20cb13e8dcf7bcf7b64cec6fd97bd5d14828132e
Status Check - Keycloak Operator CI	UNKNOWN STEP	2025-08-11T18:52:52.1381961Z ##[endgroup]
Status Check - Keycloak Operator CI	UNKNOWN STEP	2025-08-11T18:52:52.1385281Z [command]/usr/bin/git log -1 --format=%H
Status Check - Keycloak Operator CI	UNKNOWN STEP	2025-08-11T18:52:52.1406930Z b82654dc2da80b1b0c458516e6eee6a2076cb613
Status Check - Keycloak Operator CI	UNKNOWN STEP	2025-08-11T18:52:52.1653144Z Prepare all required actions
Status Check - Keycloak Operator CI	UNKNOWN STEP	2025-08-11T18:52:52.1729707Z ##[group]Run ./.github/actions/status-check
Status Check - Keycloak Operator CI	UNKNOWN STEP	2025-08-11T18:52:52.1730096Z with:
Status Check - Keycloak Operator CI	UNKNOWN STEP	2025-08-11T18:52:52.1731047Z   jobs: {
Status Check - Keycloak Operator CI	UNKNOWN STEP	  "conditional": {
Status Check - Keycloak Operator CI	UNKNOWN STEP	    "result": "success",
Status Check - Keycloak Operator CI	UNKNOWN STEP	    "outputs": {
Status Check - Keycloak Operator CI	UNKNOWN STEP	      "operator": "true"
Status Check - Keycloak Operator CI	UNKNOWN STEP	    }
Status Check - Keycloak Operator CI	UNKNOWN STEP	  },
Status Check - Keycloak Operator CI	UNKNOWN STEP	  "build": {
Status Check - Keycloak Operator CI	UNKNOWN STEP	    "result": "success",
Status Check - Keycloak Operator CI	UNKNOWN STEP	    "outputs": {}
Status Check - Keycloak Operator CI	UNKNOWN STEP	  },
Status Check - Keycloak Operator CI	UNKNOWN STEP	  "test-local-apiserver": {
Status Check - Keycloak Operator CI	UNKNOWN STEP	    "result": "success",
Status Check - Keycloak Operator CI	UNKNOWN STEP	    "outputs": {}
Status Check - Keycloak Operator CI	UNKNOWN STEP	  },
Status Check - Keycloak Operator CI	UNKNOWN STEP	  "test-remote": {
Status Check - Keycloak Operator CI	UNKNOWN STEP	    "result": "failure",
Status Check - Keycloak Operator CI	UNKNOWN STEP	    "outputs": {}
Status Check - Keycloak Operator CI	UNKNOWN STEP	  },
Status Check - Keycloak Operator CI	UNKNOWN STEP	  "test-olm": {
Status Check - Keycloak Operator CI	UNKNOWN STEP	    "result": "failure",
Status Check - Keycloak Operator CI	UNKNOWN STEP	    "outputs": {}
Status Check - Keycloak Operator CI	UNKNOWN STEP	  }
Status Check - Keycloak Operator CI	UNKNOWN STEP	}
Status Check - Keycloak Operator CI	UNKNOWN STEP	2025-08-11T18:52:52.1732176Z env:
Status Check - Keycloak Operator CI	UNKNOWN STEP	2025-08-11T18:52:52.1732552Z   MAVEN_ARGS: -B -nsu -Daether.connector.http.connectionMaxTtl=25
Status Check - Keycloak Operator CI	UNKNOWN STEP	2025-08-11T18:52:52.1733029Z   MINIKUBE_VERSION: v1.32.0
Status Check - Keycloak Operator CI	UNKNOWN STEP	2025-08-11T18:52:52.1733446Z   KUBERNETES_VERSION: v1.27.10
Status Check - Keycloak Operator CI	UNKNOWN STEP	2025-08-11T18:52:52.1733803Z   MINIKUBE_MEMORY: 4096
Status Check - Keycloak Operator CI	UNKNOWN STEP	2025-08-11T18:52:52.1734093Z ##[endgroup]
Status Check - Keycloak Operator CI	UNKNOWN STEP	2025-08-11T18:52:52.1843601Z ##[group]Run JOBS='{
Status Check - Keycloak Operator CI	UNKNOWN STEP	2025-08-11T18:52:52.1844085Z [36;1mJOBS='{[0m
Status Check - Keycloak Operator CI	UNKNOWN STEP	2025-08-11T18:52:52.1844490Z [36;1m  "conditional": {[0m
Status Check - Keycloak Operator CI	UNKNOWN STEP	2025-08-11T18:52:52.1844928Z [36;1m    "result": "success",[0m
Status Check - Keycloak Operator CI	UNKNOWN STEP	2025-08-11T18:52:52.1845306Z [36;1m    "outputs": {[0m
Status Check - Keycloak Operator CI	UNKNOWN STEP	2025-08-11T18:52:52.1845640Z [36;1m      "operator": "true"[0m
Status Check - Keycloak Operator CI	UNKNOWN STEP	2025-08-11T18:52:52.1846064Z [36;1m    }[0m
Status Check - Keycloak Operator CI	UNKNOWN STEP	2025-08-11T18:52:52.1846328Z [36;1m  },[0m
Status Check - Keycloak Operator CI	UNKNOWN STEP	2025-08-11T18:52:52.1846614Z [36;1m  "build": {[0m
Status Check - Keycloak Operator CI	UNKNOWN STEP	2025-08-11T18:52:52.1846966Z [36;1m    "result": "success",[0m
Status Check - Keycloak Operator CI	UNKNOWN STEP	2025-08-11T18:52:52.1847330Z [36;1m    "outputs": {}[0m
Status Check - Keycloak Operator CI	UNKNOWN STEP	2025-08-11T18:52:52.1847821Z [36;1m  },[0m
Status Check - Keycloak Operator CI	UNKNOWN STEP	2025-08-11T18:52:52.1848217Z [36;1m  "test-local-apiserver": {[0m
Status Check - Keycloak Operator CI	UNKNOWN STEP	2025-08-11T18:52:52.1848600Z [36;1m    "result": "success",[0m
Status Check - Keycloak Operator CI	UNKNOWN STEP	2025-08-11T18:52:52.1848923Z [36;1m    "outputs": {}[0m
Status Check - Keycloak Operator CI	UNKNOWN STEP	2025-08-11T18:52:52.1849318Z [36;1m  },[0m
Status Check - Keycloak Operator CI	UNKNOWN STEP	2025-08-11T18:52:52.1849593Z [36;1m  "test-remote": {[0m
Status Check - Keycloak Operator CI	UNKNOWN STEP	2025-08-11T18:52:52.1849970Z [36;1m    "result": "failure",[0m
Status Check - Keycloak Operator CI	UNKNOWN STEP	2025-08-11T18:52:52.1850311Z [36;1m    "outputs": {}[0m
Status Check - Keycloak Operator CI	UNKNOWN STEP	2025-08-11T18:52:52.1850658Z [36;1m  },[0m
Status Check - Keycloak Operator CI	UNKNOWN STEP	2025-08-11T18:52:52.1850935Z [36;1m  "test-olm": {[0m
Status Check - Keycloak Operator CI	UNKNOWN STEP	2025-08-11T18:52:52.1851314Z [36;1m    "result": "failure",[0m
Status Check - Keycloak Operator CI	UNKNOWN STEP	2025-08-11T18:52:52.1851690Z [36;1m    "outputs": {}[0m
Status Check - Keycloak Operator CI	UNKNOWN STEP	2025-08-11T18:52:52.1852015Z [36;1m  }[0m
Status Check - Keycloak Operator CI	UNKNOWN STEP	2025-08-11T18:52:52.1852340Z [36;1m}'[0m
Status Check - Keycloak Operator CI	UNKNOWN STEP	2025-08-11T18:52:52.1852631Z [36;1m[0m
Status Check - Keycloak Operator CI	UNKNOWN STEP	2025-08-11T18:52:52.1852940Z [36;1mecho "Job status:"[0m
Status Check - Keycloak Operator CI	UNKNOWN STEP	2025-08-11T18:52:52.1853362Z [36;1mecho $JOBS | jq -r 'to_entries[] | " - \(.key): \(.value.result)"'[0m
Status Check - Keycloak Operator CI	UNKNOWN STEP	2025-08-11T18:52:52.1853874Z [36;1m[0m
Status Check - Keycloak Operator CI	UNKNOWN STEP	2025-08-11T18:52:52.1854329Z [36;1mfor i in $(echo $JOBS | jq -r 'to_entries[] | .value.result'); do[0m
Status Check - Keycloak Operator CI	UNKNOWN STEP	2025-08-11T18:52:52.1854784Z [36;1m  if [ "$i" != "success" ] && [ "$i" != "skipped" ]; then[0m
Status Check - Keycloak Operator CI	UNKNOWN STEP	2025-08-11T18:52:52.1855264Z [36;1m    echo ""[0m
Status Check - Keycloak Operator CI	UNKNOWN STEP	2025-08-11T18:52:52.1855571Z [36;1m    echo "Status check not okay!"[0m
Status Check - Keycloak Operator CI	UNKNOWN STEP	2025-08-11T18:52:52.1855903Z [36;1m    exit 1[0m
Status Check - Keycloak Operator CI	UNKNOWN STEP	2025-08-11T18:52:52.1856135Z [36;1m  fi[0m
Status Check - Keycloak Operator CI	UNKNOWN STEP	2025-08-11T18:52:52.1856350Z [36;1mdone[0m
Status Check - Keycloak Operator CI	UNKNOWN STEP	2025-08-11T18:52:52.1926367Z shell: /usr/bin/bash --noprofile --norc -e -o pipefail {0}
Status Check - Keycloak Operator CI	UNKNOWN STEP	2025-08-11T18:52:52.1926764Z env:
Status Check - Keycloak Operator CI	UNKNOWN STEP	2025-08-11T18:52:52.1927081Z   MAVEN_ARGS: -B -nsu -Daether.connector.http.connectionMaxTtl=25
Status Check - Keycloak Operator CI	UNKNOWN STEP	2025-08-11T18:52:52.1927476Z   MINIKUBE_VERSION: v1.32.0
Status Check - Keycloak Operator CI	UNKNOWN STEP	2025-08-11T18:52:52.1927914Z   KUBERNETES_VERSION: v1.27.10
Status Check - Keycloak Operator CI	UNKNOWN STEP	2025-08-11T18:52:52.1928180Z   MINIKUBE_MEMORY: 4096
Status Check - Keycloak Operator CI	UNKNOWN STEP	2025-08-11T18:52:52.1928423Z ##[endgroup]
Status Check - Keycloak Operator CI	UNKNOWN STEP	2025-08-11T18:52:52.2012136Z Job status:
Status Check - Keycloak Operator CI	UNKNOWN STEP	2025-08-11T18:52:52.2043614Z  - conditional: success
Status Check - Keycloak Operator CI	UNKNOWN STEP	2025-08-11T18:52:52.2043933Z  - build: success
Status Check - Keycloak Operator CI	UNKNOWN STEP	2025-08-11T18:52:52.2044208Z  - test-local-apiserver: success
Status Check - Keycloak Operator CI	UNKNOWN STEP	2025-08-11T18:52:52.2044494Z  - test-remote: failure
Status Check - Keycloak Operator CI	UNKNOWN STEP	2025-08-11T18:52:52.2044735Z  - test-olm: failure
Status Check - Keycloak Operator CI	UNKNOWN STEP	2025-08-11T18:52:52.2078713Z 
Status Check - Keycloak Operator CI	UNKNOWN STEP	2025-08-11T18:52:52.2079297Z Status check not okay!
Status Check - Keycloak Operator CI	UNKNOWN STEP	2025-08-11T18:52:52.2092064Z ##[error]Process completed with exit code 1.
Status Check - Keycloak Operator CI	UNKNOWN STEP	2025-08-11T18:52:52.2209354Z Post job cleanup.
Status Check - Keycloak Operator CI	UNKNOWN STEP	2025-08-11T18:52:52.3136306Z [command]/usr/bin/git version
Status Check - Keycloak Operator CI	UNKNOWN STEP	2025-08-11T18:52:52.3172649Z git version 2.50.1
Status Check - Keycloak Operator CI	UNKNOWN STEP	2025-08-11T18:52:52.3224160Z Temporarily overriding HOME='/home/runner/work/_temp/c18189ec-e704-4c3c-8ba8-1eb6e92851e7' before making global git config changes
Status Check - Keycloak Operator CI	UNKNOWN STEP	2025-08-11T18:52:52.3225576Z Adding repository directory to the temporary git global config as a safe directory
Status Check - Keycloak Operator CI	UNKNOWN STEP	2025-08-11T18:52:52.3230781Z [command]/usr/bin/git config --global --add safe.directory /home/runner/work/keycloak/keycloak
Status Check - Keycloak Operator CI	UNKNOWN STEP	2025-08-11T18:52:52.3265260Z [command]/usr/bin/git config --local --name-only --get-regexp core\.sshCommand
Status Check - Keycloak Operator CI	UNKNOWN STEP	2025-08-11T18:52:52.3298155Z [command]/usr/bin/git submodule foreach --recursive sh -c "git config --local --name-only --get-regexp 'core\.sshCommand' && git config --local --unset-all 'core.sshCommand' || :"
Status Check - Keycloak Operator CI	UNKNOWN STEP	2025-08-11T18:52:52.3561812Z [command]/usr/bin/git config --local --name-only --get-regexp http\.https\:\/\/github\.com\/\.extraheader
Status Check - Keycloak Operator CI	UNKNOWN STEP	2025-08-11T18:52:52.3583482Z http.https://github.com/.extraheader
Status Check - Keycloak Operator CI	UNKNOWN STEP	2025-08-11T18:52:52.3596314Z [command]/usr/bin/git config --local --unset-all http.https://github.com/.extraheader
Status Check - Keycloak Operator CI	UNKNOWN STEP	2025-08-11T18:52:52.3627348Z [command]/usr/bin/git submodule foreach --recursive sh -c "git config --local --name-only --get-regexp 'http\.https\:\/\/github\.com\/\.extraheader' && git config --local --unset-all 'http.https://github.com/.extraheader' || :"
Status Check - Keycloak Operator CI	UNKNOWN STEP	2025-08-11T18:52:52.3968356Z Cleaning up orphan processes
