Test OLM installation	Arrange OLM test installation	2025-05-29T18:07:55.7021120Z ##[group]Run eval $(minikube -p minikube docker-env)
Test OLM installation	Arrange OLM test installation	2025-05-29T18:07:55.7021537Z [36;1meval $(minikube -p minikube docker-env)[0m
Test OLM installation	Arrange OLM test installation	2025-05-29T18:07:55.7021860Z [36;1m./scripts/olm-testing.sh ${GITHUB_SHA::6}[0m
Test OLM installation	Arrange OLM test installation	2025-05-29T18:07:55.7075414Z shell: /usr/bin/bash --noprofile --norc -e -o pipefail {0}
Test OLM installation	Arrange OLM test installation	2025-05-29T18:07:55.7075749Z env:
Test OLM installation	Arrange OLM test installation	2025-05-29T18:07:55.7076025Z   MAVEN_ARGS: -B -nsu -Daether.connector.http.connectionMaxTtl=25
Test OLM installation	Arrange OLM test installation	2025-05-29T18:07:55.7076372Z   MINIKUBE_VERSION: v1.32.0
Test OLM installation	Arrange OLM test installation	2025-05-29T18:07:55.7076608Z   KUBERNETES_VERSION: v1.27.10
Test OLM installation	Arrange OLM test installation	2025-05-29T18:07:55.7076838Z   MINIKUBE_MEMORY: 4096
Test OLM installation	Arrange OLM test installation	2025-05-29T18:07:55.7077254Z   JAVA_HOME: /opt/hostedtoolcache/Java_Temurin-Hotspot_jdk/21.0.7-6/x64
Test OLM installation	Arrange OLM test installation	2025-05-29T18:07:55.7077712Z   JAVA_HOME_21_X64: /opt/hostedtoolcache/Java_Temurin-Hotspot_jdk/21.0.7-6/x64
Test OLM installation	Arrange OLM test installation	2025-05-29T18:07:55.7078092Z   MINIKUBE_HOME: /home/runner/work/_temp
Test OLM installation	Arrange OLM test installation	2025-05-29T18:07:55.7078340Z ##[endgroup]
Test OLM installation	Arrange OLM test installation	2025-05-29T18:07:55.9717455Z + UUID=aacb50
Test OLM installation	Arrange OLM test installation	2025-05-29T18:07:55.9717905Z + INSTALL_NAMESPACE=default
Test OLM installation	Arrange OLM test installation	2025-05-29T18:07:55.9718387Z + TARGET_NAMESPACES=default
Test OLM installation	Arrange OLM test installation	2025-05-29T18:07:55.9724652Z +++ dirname -- ./scripts/olm-testing.sh
Test OLM installation	Arrange OLM test installation	2025-05-29T18:07:55.9734703Z ++ cd -- ./scripts
Test OLM installation	Arrange OLM test installation	2025-05-29T18:07:55.9735089Z ++ pwd
Test OLM installation	Arrange OLM test installation	2025-05-29T18:07:55.9737932Z + SCRIPT_DIR=/home/runner/work/keycloak/keycloak/operator/scripts
Test OLM installation	Arrange OLM test installation	2025-05-29T18:07:55.9738542Z + VERSION=86400000.0.0
Test OLM installation	Arrange OLM test installation	2025-05-29T18:07:55.9741171Z + cd /home/runner/work/keycloak/keycloak/operator/scripts/../../quarkus/container
Test OLM installation	Arrange OLM test installation	2025-05-29T18:07:55.9744279Z ++ ls keycloak-999.0.0-SNAPSHOT.tar.gz
Test OLM installation	Arrange OLM test installation	2025-05-29T18:07:55.9756612Z + docker build --build-arg KEYCLOAK_DIST=keycloak-999.0.0-SNAPSHOT.tar.gz . -t ttl.sh/aacb50keycloak:86400000.0.0
Test OLM installation	Arrange OLM test installation	2025-05-29T18:07:56.3683124Z #0 building with "default" instance using docker driver
Test OLM installation	Arrange OLM test installation	2025-05-29T18:07:56.3683819Z 
Test OLM installation	Arrange OLM test installation	2025-05-29T18:07:56.3683937Z #1 [internal] load .dockerignore
Test OLM installation	Arrange OLM test installation	2025-05-29T18:07:56.3684219Z #1 transferring context: 2B done
Test OLM installation	Arrange OLM test installation	2025-05-29T18:07:56.3684472Z #1 DONE 0.0s
Test OLM installation	Arrange OLM test installation	2025-05-29T18:07:56.3684588Z 
Test OLM installation	Arrange OLM test installation	2025-05-29T18:07:56.3684807Z #2 [internal] load build definition from Dockerfile
Test OLM installation	Arrange OLM test installation	2025-05-29T18:07:56.3685326Z #2 transferring dockerfile: 2.72kB done
Test OLM installation	Arrange OLM test installation	2025-05-29T18:07:56.3685747Z #2 DONE 0.0s
Test OLM installation	Arrange OLM test installation	2025-05-29T18:07:56.3685919Z 
Test OLM installation	Arrange OLM test installation	2025-05-29T18:07:56.3686231Z #3 [internal] load metadata for registry.access.redhat.com/ubi9:latest
Test OLM installation	Arrange OLM test installation	2025-05-29T18:07:56.7993434Z #3 DONE 0.6s
Test OLM installation	Arrange OLM test installation	2025-05-29T18:07:56.7993695Z 
Test OLM installation	Arrange OLM test installation	2025-05-29T18:07:56.7993951Z #4 [internal] load metadata for registry.access.redhat.com/ubi9-micro:latest
Test OLM installation	Arrange OLM test installation	2025-05-29T18:07:57.0564398Z #4 DONE 0.8s
Test OLM installation	Arrange OLM test installation	2025-05-29T18:07:57.1606066Z 
Test OLM installation	Arrange OLM test installation	2025-05-29T18:07:57.1607002Z #5 [internal] load build context
Test OLM installation	Arrange OLM test installation	2025-05-29T18:07:57.1608162Z #5 DONE 0.0s
Test OLM installation	Arrange OLM test installation	2025-05-29T18:07:57.1608596Z 
Test OLM installation	Arrange OLM test installation	2025-05-29T18:07:57.1609672Z #6 [ubi-micro-build 1/8] FROM registry.access.redhat.com/ubi9@sha256:304b50df1ea4db9706d8a30f4bbf26f582936ebc80c7e075c72ff2af99292a54
Test OLM installation	Arrange OLM test installation	2025-05-29T18:07:57.1611285Z #6 resolve registry.access.redhat.com/ubi9@sha256:304b50df1ea4db9706d8a30f4bbf26f582936ebc80c7e075c72ff2af99292a54 0.1s done
Test OLM installation	Arrange OLM test installation	2025-05-29T18:07:57.1612255Z #6 DONE 0.1s
Test OLM installation	Arrange OLM test installation	2025-05-29T18:07:57.1612471Z 
Test OLM installation	Arrange OLM test installation	2025-05-29T18:07:57.1613131Z #7 [stage-1 1/4] FROM registry.access.redhat.com/ubi9-micro@sha256:955512628a9104d74f7b3b0a91db27a6bbecdd6a1975ce0f1b2658d3cd060b98
Test OLM installation	Arrange OLM test installation	2025-05-29T18:07:57.1614883Z #7 resolve registry.access.redhat.com/ubi9-micro@sha256:955512628a9104d74f7b3b0a91db27a6bbecdd6a1975ce0f1b2658d3cd060b98 0.1s done
Test OLM installation	Arrange OLM test installation	2025-05-29T18:07:57.1615852Z #7 DONE 0.1s
Test OLM installation	Arrange OLM test installation	2025-05-29T18:07:57.2628773Z 
Test OLM installation	Arrange OLM test installation	2025-05-29T18:07:57.2648419Z #7 [stage-1 1/4] FROM registry.access.redhat.com/ubi9-micro@sha256:955512628a9104d74f7b3b0a91db27a6bbecdd6a1975ce0f1b2658d3cd060b98
Test OLM installation	Arrange OLM test installation	2025-05-29T18:07:57.2655735Z #7 sha256:bc049e6e35c145513e3ec226faf3f929337ea2337fa5c9f7e00375aef4b801e8 504B / 504B done
Test OLM installation	Arrange OLM test installation	2025-05-29T18:07:57.2656961Z #7 sha256:352e1e8e3c437ad6bd352f164df8bdf7018df09f730362546276fe3df62ffd8c 4.00kB / 4.00kB done
Test OLM installation	Arrange OLM test installation	2025-05-29T18:07:57.2658330Z #7 sha256:cd2f3f69481dffe63a3071ea43aeeab2a4af254e96b065c35b2d7ce2534e0383 0B / 7.27MB 0.1s
Test OLM installation	Arrange OLM test installation	2025-05-29T18:07:57.2659425Z #7 sha256:955512628a9104d74f7b3b0a91db27a6bbecdd6a1975ce0f1b2658d3cd060b98 897B / 897B done
Test OLM installation	Arrange OLM test installation	2025-05-29T18:07:57.4958419Z #7 sha256:cd2f3f69481dffe63a3071ea43aeeab2a4af254e96b065c35b2d7ce2534e0383 4.56MB / 7.27MB 0.3s
Test OLM installation	Arrange OLM test installation	2025-05-29T18:07:57.5973654Z #7 sha256:cd2f3f69481dffe63a3071ea43aeeab2a4af254e96b065c35b2d7ce2534e0383 7.27MB / 7.27MB 0.3s done
Test OLM installation	Arrange OLM test installation	2025-05-29T18:07:57.5975414Z #7 extracting sha256:cd2f3f69481dffe63a3071ea43aeeab2a4af254e96b065c35b2d7ce2534e0383
Test OLM installation	Arrange OLM test installation	2025-05-29T18:07:58.9246813Z #7 extracting sha256:cd2f3f69481dffe63a3071ea43aeeab2a4af254e96b065c35b2d7ce2534e0383 1.3s done
Test OLM installation	Arrange OLM test installation	2025-05-29T18:07:59.1245006Z #7 DONE 1.8s
Test OLM installation	Arrange OLM test installation	2025-05-29T18:07:59.1258584Z 
Test OLM installation	Arrange OLM test installation	2025-05-29T18:07:59.1258914Z #5 [internal] load build context
Test OLM installation	Arrange OLM test installation	2025-05-29T18:07:59.8783339Z #5 transferring context: 155.21MB 2.7s done
Test OLM installation	Arrange OLM test installation	2025-05-29T18:07:59.8788717Z #5 DONE 2.7s
Test OLM installation	Arrange OLM test installation	2025-05-29T18:07:59.8789216Z 
Test OLM installation	Arrange OLM test installation	2025-05-29T18:07:59.8790181Z #6 [ubi-micro-build 1/8] FROM registry.access.redhat.com/ubi9@sha256:304b50df1ea4db9706d8a30f4bbf26f582936ebc80c7e075c72ff2af99292a54
Test OLM installation	Arrange OLM test installation	2025-05-29T18:07:59.8791705Z #6 sha256:92efcdccd1058003df257e9cbdf756ff6b10bd276551590536a5a1678e099aaf 79.59MB / 79.59MB 1.7s
Test OLM installation	Arrange OLM test installation	2025-05-29T18:07:59.8793206Z #6 sha256:304b50df1ea4db9706d8a30f4bbf26f582936ebc80c7e075c72ff2af99292a54 897B / 897B done
Test OLM installation	Arrange OLM test installation	2025-05-29T18:07:59.8794502Z #6 sha256:62fb429dc6b93ab5ade55d1c8e6b08735f00224d3081d58f161eb5f55eeb3d7d 505B / 505B done
Test OLM installation	Arrange OLM test installation	2025-05-29T18:07:59.8795657Z #6 sha256:83c48939c2c8782580d44062545386358defd2d5cc748b9b963bdb8a78046a46 5.06kB / 5.06kB done
Test OLM installation	Arrange OLM test installation	2025-05-29T18:07:59.8796743Z #6 extracting sha256:92efcdccd1058003df257e9cbdf756ff6b10bd276551590536a5a1678e099aaf 0.9s
Test OLM installation	Arrange OLM test installation	2025-05-29T18:08:02.7958512Z #6 extracting sha256:92efcdccd1058003df257e9cbdf756ff6b10bd276551590536a5a1678e099aaf 3.8s done
Test OLM installation	Arrange OLM test installation	2025-05-29T18:08:02.7959052Z #6 DONE 5.7s
Test OLM installation	Arrange OLM test installation	2025-05-29T18:08:02.9472572Z 
Test OLM installation	Arrange OLM test installation	2025-05-29T18:08:02.9475465Z #8 [ubi-micro-build 2/8] RUN dnf install -y tar gzip
Test OLM installation	Arrange OLM test installation	2025-05-29T18:08:03.1420873Z #8 0.345 Updating Subscription Management repositories.
Test OLM installation	Arrange OLM test installation	2025-05-29T18:08:03.2958801Z #8 0.345 Unable to read consumer identity
Test OLM installation	Arrange OLM test installation	2025-05-29T18:08:03.2959180Z #8 0.349 
Test OLM installation	Arrange OLM test installation	2025-05-29T18:08:03.2959628Z #8 0.349 This system is not registered with an entitlement server. You can use subscription-manager to register.
Test OLM installation	Arrange OLM test installation	2025-05-29T18:08:03.2960082Z #8 0.349 
Test OLM installation	Arrange OLM test installation	2025-05-29T18:08:03.4540341Z #8 0.657 Red Hat Universal Base Image 9 (RPMs) - BaseOS  2.1 MB/s | 587 kB     00:00    
Test OLM installation	Arrange OLM test installation	2025-05-29T18:08:03.7669933Z #8 0.970 Red Hat Universal Base Image 9 (RPMs) - AppStre  11 MB/s | 2.4 MB     00:00    
Test OLM installation	Arrange OLM test installation	2025-05-29T18:08:04.2842248Z #8 1.487 Red Hat Universal Base Image 9 (RPMs) - CodeRea 1.9 MB/s | 284 kB     00:00    
Test OLM installation	Arrange OLM test installation	2025-05-29T18:08:04.4206691Z #8 1.624 Package tar-2:1.34-7.el9.x86_64 is already installed.
Test OLM installation	Arrange OLM test installation	2025-05-29T18:08:04.5269205Z #8 1.624 Package gzip-1.12-1.el9.x86_64 is already installed.
Test OLM installation	Arrange OLM test installation	2025-05-29T18:08:04.5270663Z #8 1.639 Dependencies resolved.
Test OLM installation	Arrange OLM test installation	2025-05-29T18:08:04.5271102Z #8 1.640 Nothing to do.
Test OLM installation	Arrange OLM test installation	2025-05-29T18:08:04.5271441Z #8 1.640 Complete!
Test OLM installation	Arrange OLM test installation	2025-05-29T18:08:04.5271756Z #8 DONE 1.7s
Test OLM installation	Arrange OLM test installation	2025-05-29T18:08:04.6782232Z 
Test OLM installation	Arrange OLM test installation	2025-05-29T18:08:04.6782700Z #9 [ubi-micro-build 3/8] ADD keycloak-999.0.0-SNAPSHOT.tar.gz /tmp/keycloak/
Test OLM installation	Arrange OLM test installation	2025-05-29T18:08:05.2759458Z #9 DONE 0.7s
Test OLM installation	Arrange OLM test installation	2025-05-29T18:08:05.4281373Z 
Test OLM installation	Arrange OLM test installation	2025-05-29T18:08:05.4282520Z #10 [ubi-micro-build 4/8] RUN (cd /tmp/keycloak &&     tar -xvf /tmp/keycloak/keycloak-*.tar.gz &&     rm /tmp/keycloak/keycloak-*.tar.gz) || true
Test OLM installation	Arrange OLM test installation	2025-05-29T18:08:05.5021811Z #10 0.224 tar: /tmp/keycloak/keycloak-*.tar.gz: Cannot open: No such file or directory
Test OLM installation	Arrange OLM test installation	2025-05-29T18:08:05.5022685Z #10 0.224 tar: Error is not recoverable: exiting now
Test OLM installation	Arrange OLM test installation	2025-05-29T18:08:05.6586273Z #10 DONE 0.2s
Test OLM installation	Arrange OLM test installation	2025-05-29T18:08:05.6586704Z 
Test OLM installation	Arrange OLM test installation	2025-05-29T18:08:05.6587051Z #11 [ubi-micro-build 5/8] RUN mv /tmp/keycloak/keycloak-* /opt/keycloak && mkdir -p /opt/keycloak/data
Test OLM installation	Arrange OLM test installation	2025-05-29T18:08:05.6649417Z #11 DONE 0.2s
Test OLM installation	Arrange OLM test installation	2025-05-29T18:08:05.8160536Z 
Test OLM installation	Arrange OLM test installation	2025-05-29T18:08:05.8161052Z #12 [ubi-micro-build 6/8] RUN chmod -R g+rwX /opt/keycloak
Test OLM installation	Arrange OLM test installation	2025-05-29T18:08:06.2977978Z #12 DONE 0.6s
Test OLM installation	Arrange OLM test installation	2025-05-29T18:08:06.4215467Z 
Test OLM installation	Arrange OLM test installation	2025-05-29T18:08:06.4216160Z #13 [ubi-micro-build 7/8] ADD ubi-null.sh /tmp/
Test OLM installation	Arrange OLM test installation	2025-05-29T18:08:06.4216973Z #13 DONE 0.0s
Test OLM installation	Arrange OLM test installation	2025-05-29T18:08:06.4217336Z 
Test OLM installation	Arrange OLM test installation	2025-05-29T18:08:06.4217819Z #14 [ubi-micro-build 8/8] RUN bash /tmp/ubi-null.sh java-21-openjdk-headless glibc-langpack-en findutils
Test OLM installation	Arrange OLM test installation	2025-05-29T18:08:06.4218562Z #14 0.107 ==> Installing packages into chroot
Test OLM installation	Arrange OLM test installation	2025-05-29T18:08:06.4218975Z #14 0.107 + dnf install -y findutils diffutils
Test OLM installation	Arrange OLM test installation	2025-05-29T18:08:06.6731436Z #14 0.358 Updating Subscription Management repositories.
Test OLM installation	Arrange OLM test installation	2025-05-29T18:08:06.8407362Z #14 0.359 Unable to read consumer identity
Test OLM installation	Arrange OLM test installation	2025-05-29T18:08:06.8407939Z #14 0.362 
Test OLM installation	Arrange OLM test installation	2025-05-29T18:08:06.8408627Z #14 0.362 This system is not registered with an entitlement server. You can use subscription-manager to register.
Test OLM installation	Arrange OLM test installation	2025-05-29T18:08:06.8409364Z #14 0.362 
Test OLM installation	Arrange OLM test installation	2025-05-29T18:08:06.8409704Z #14 0.400 Last metadata expiration check: 0:00:02 ago on Thu May 29 18:08:04 2025.
Test OLM installation	Arrange OLM test installation	2025-05-29T18:08:06.8410376Z #14 0.421 Package findutils-1:4.8.0-7.el9.x86_64 is already installed.
Test OLM installation	Arrange OLM test installation	2025-05-29T18:08:06.8410767Z #14 0.435 Dependencies resolved.
Test OLM installation	Arrange OLM test installation	2025-05-29T18:08:06.8411083Z #14 0.435 ================================================================================
Test OLM installation	Arrange OLM test installation	2025-05-29T18:08:06.8411601Z #14 0.435  Package         Architecture Version             Repository               Size
Test OLM installation	Arrange OLM test installation	2025-05-29T18:08:06.8412051Z #14 0.435 ================================================================================
Test OLM installation	Arrange OLM test installation	2025-05-29T18:08:06.8412355Z #14 0.435 Installing:
Test OLM installation	Arrange OLM test installation	2025-05-29T18:08:06.8412677Z #14 0.435  diffutils       x86_64       3.7-12.el9          ubi-9-baseos-rpms       402 k
Test OLM installation	Arrange OLM test installation	2025-05-29T18:08:06.8413048Z #14 0.435 
Test OLM installation	Arrange OLM test installation	2025-05-29T18:08:06.8413340Z #14 0.435 Transaction Summary
Test OLM installation	Arrange OLM test installation	2025-05-29T18:08:06.8414187Z #14 0.435 ================================================================================
Test OLM installation	Arrange OLM test installation	2025-05-29T18:08:06.8414759Z #14 0.435 Install  1 Package
Test OLM installation	Arrange OLM test installation	2025-05-29T18:08:06.8415310Z #14 0.435 
Test OLM installation	Arrange OLM test installation	2025-05-29T18:08:06.8415524Z #14 0.436 Total download size: 402 k
Test OLM installation	Arrange OLM test installation	2025-05-29T18:08:06.8415801Z #14 0.436 Installed size: 1.4 M
Test OLM installation	Arrange OLM test installation	2025-05-29T18:08:06.8416058Z #14 0.436 Downloading Packages:
Test OLM installation	Arrange OLM test installation	2025-05-29T18:08:06.8416399Z #14 0.526 diffutils-3.7-12.el9.x86_64.rpm                 4.4 MB/s | 402 kB     00:00    
Test OLM installation	Arrange OLM test installation	2025-05-29T18:08:06.9423674Z #14 0.527 --------------------------------------------------------------------------------
Test OLM installation	Arrange OLM test installation	2025-05-29T18:08:06.9424414Z #14 0.528 Total                                           4.3 MB/s | 402 kB     00:00     
Test OLM installation	Arrange OLM test installation	2025-05-29T18:08:06.9424944Z #14 0.539 Running transaction check
Test OLM installation	Arrange OLM test installation	2025-05-29T18:08:06.9425412Z #14 0.543 Transaction check succeeded.
Test OLM installation	Arrange OLM test installation	2025-05-29T18:08:06.9425843Z #14 0.543 Running transaction test
Test OLM installation	Arrange OLM test installation	2025-05-29T18:08:06.9426108Z #14 0.570 Transaction test succeeded.
Test OLM installation	Arrange OLM test installation	2025-05-29T18:08:06.9426377Z #14 0.570 Running transaction
Test OLM installation	Arrange OLM test installation	2025-05-29T18:08:06.9426774Z #14 0.592   Preparing        :                                                        1/1 
Test OLM installation	Arrange OLM test installation	2025-05-29T18:08:07.0439511Z #14 0.628   Installing       : diffutils-3.7-12.el9.x86_64                            1/1 
Test OLM installation	Arrange OLM test installation	2025-05-29T18:08:07.0440424Z #14 0.638   Running scriptlet: diffutils-3.7-12.el9.x86_64                            1/1 
Test OLM installation	Arrange OLM test installation	2025-05-29T18:08:07.0441016Z #14 0.674   Verifying        : diffutils-3.7-12.el9.x86_64                            1/1 
Test OLM installation	Arrange OLM test installation	2025-05-29T18:08:07.0441435Z #14 0.721 Installed products updated.
Test OLM installation	Arrange OLM test installation	2025-05-29T18:08:07.0441708Z #14 0.729 
Test OLM installation	Arrange OLM test installation	2025-05-29T18:08:07.0441897Z #14 0.729 Installed:
Test OLM installation	Arrange OLM test installation	2025-05-29T18:08:07.0442226Z #14 0.729   diffutils-3.7-12.el9.x86_64                                                   
Test OLM installation	Arrange OLM test installation	2025-05-29T18:08:07.0442591Z #14 0.729 
Test OLM installation	Arrange OLM test installation	2025-05-29T18:08:07.0442771Z #14 0.729 Complete!
Test OLM installation	Arrange OLM test installation	2025-05-29T18:08:07.2482000Z #14 0.780 ++ realpath rootfs
Test OLM installation	Arrange OLM test installation	2025-05-29T18:08:07.2482390Z #14 0.781 + rootfs=/tmp/null/rootfs
Test OLM installation	Arrange OLM test installation	2025-05-29T18:08:07.2482692Z #14 0.781 + mkdir -p /tmp/null/rootfs
Test OLM installation	Arrange OLM test installation	2025-05-29T18:08:07.2483251Z #14 0.783 + xargs dnf install -y --installroot /tmp/null/rootfs --releasever 9 --setopt install_weak_deps=false --nodocs
Test OLM installation	Arrange OLM test installation	2025-05-29T18:08:07.3312027Z #14 1.017 Updating Subscription Management repositories.
Test OLM installation	Arrange OLM test installation	2025-05-29T18:08:07.4833855Z #14 1.017 Unable to read consumer identity
Test OLM installation	Arrange OLM test installation	2025-05-29T18:08:07.4836090Z #14 1.018 
Test OLM installation	Arrange OLM test installation	2025-05-29T18:08:07.4836960Z #14 1.018 This system is not registered with an entitlement server. You can use subscription-manager to register.
Test OLM installation	Arrange OLM test installation	2025-05-29T18:08:07.4838295Z #14 1.018 
Test OLM installation	Arrange OLM test installation	2025-05-29T18:08:07.6277672Z #14 1.302 Red Hat Universal Base Image 9 (RPMs) - BaseOS  2.5 MB/s | 587 kB     00:00    
Test OLM installation	Arrange OLM test installation	2025-05-29T18:08:08.0302763Z #14 1.716 Red Hat Universal Base Image 9 (RPMs) - AppStre 8.3 MB/s | 2.4 MB     00:00    
Test OLM installation	Arrange OLM test installation	2025-05-29T18:08:08.5678533Z #14 2.253 Red Hat Universal Base Image 9 (RPMs) - CodeRea 1.8 MB/s | 284 kB     00:00    
Test OLM installation	Arrange OLM test installation	2025-05-29T18:08:08.7111392Z #14 2.397 Dependencies resolved.
Test OLM installation	Arrange OLM test installation	2025-05-29T18:08:08.8218471Z #14 2.401 =============================================================================================
Test OLM installation	Arrange OLM test installation	2025-05-29T18:08:08.8219882Z #14 2.401  Package                    Arch    Version                       Repository             Size
Test OLM installation	Arrange OLM test installation	2025-05-29T18:08:08.8221546Z #14 2.401 =============================================================================================
Test OLM installation	Arrange OLM test installation	2025-05-29T18:08:08.8222064Z #14 2.401 Installing:
Test OLM installation	Arrange OLM test installation	2025-05-29T18:08:08.8222499Z #14 2.401  bash                       x86_64  5.1.8-9.el9                   ubi-9-baseos-rpms     1.7 M
Test OLM installation	Arrange OLM test installation	2025-05-29T18:08:08.8223238Z #14 2.401  coreutils-single           x86_64  8.32-39.el9                   ubi-9-baseos-rpms     625 k
Test OLM installation	Arrange OLM test installation	2025-05-29T18:08:08.8224048Z #14 2.401  findutils                  x86_64  1:4.8.0-7.el9                 ubi-9-baseos-rpms     550 k
Test OLM installation	Arrange OLM test installation	2025-05-29T18:08:08.8224873Z #14 2.401  glibc-langpack-en          x86_64  2.34-168.el9_6.14             ubi-9-baseos-rpms     657 k
Test OLM installation	Arrange OLM test installation	2025-05-29T18:08:08.8225823Z #14 2.401  java-21-openjdk-headless   x86_64  1:21.0.7.0.6-1.el9            ubi-9-appstream-rpms   49 M
Test OLM installation	Arrange OLM test installation	2025-05-29T18:08:08.8226554Z #14 2.401 Installing dependencies:
Test OLM installation	Arrange OLM test installation	2025-05-29T18:08:08.8232217Z #14 2.401  alsa-lib                   x86_64  1.2.13-2.el9                  ubi-9-appstream-rpms  530 k
Test OLM installation	Arrange OLM test installation	2025-05-29T18:08:08.8233083Z #14 2.401  alternatives               x86_64  1.24-2.el9                    ubi-9-baseos-rpms      42 k
Test OLM installation	Arrange OLM test installation	2025-05-29T18:08:08.8233890Z #14 2.401  avahi-libs                 x86_64  0.8-22.el9_6                  ubi-9-baseos-rpms      67 k
Test OLM installation	Arrange OLM test installation	2025-05-29T18:08:08.8234675Z #14 2.401  basesystem                 noarch  11-13.el9                     ubi-9-baseos-rpms     8.0 k
Test OLM installation	Arrange OLM test installation	2025-05-29T18:08:08.8235481Z #14 2.401  bzip2-libs                 x86_64  1.0.8-10.el9_5                ubi-9-baseos-rpms      42 k
Test OLM installation	Arrange OLM test installation	2025-05-29T18:08:08.8236325Z #14 2.401  ca-certificates            noarch  2024.2.69_v8.0.303-91.4.el9_4 ubi-9-baseos-rpms     1.0 M
Test OLM installation	Arrange OLM test installation	2025-05-29T18:08:08.8238119Z #14 2.401  copy-jdk-configs           noarch  4.0-3.el9                     ubi-9-appstream-rpms   29 k
Test OLM installation	Arrange OLM test installation	2025-05-29T18:08:08.8239103Z #14 2.401  crypto-policies            noarch  20250128-1.git5269e22.el9     ubi-9-baseos-rpms      90 k
Test OLM installation	Arrange OLM test installation	2025-05-29T18:08:08.8240124Z #14 2.401  crypto-policies-scripts    noarch  20250128-1.git5269e22.el9     ubi-9-baseos-rpms     101 k
Test OLM installation	Arrange OLM test installation	2025-05-29T18:08:08.8241022Z #14 2.401  cups-libs                  x86_64  1:2.3.3op2-33.el9             ubi-9-baseos-rpms     265 k
Test OLM installation	Arrange OLM test installation	2025-05-29T18:08:08.8241774Z #14 2.401  dbus-libs                  x86_64  1:1.12.20-8.el9               ubi-9-baseos-rpms     154 k
Test OLM installation	Arrange OLM test installation	2025-05-29T18:08:08.8242265Z #14 2.401  expat                      x86_64  2.5.0-5.el9_6                 ubi-9-baseos-rpms     119 k
Test OLM installation	Arrange OLM test installation	2025-05-29T18:08:08.8242732Z #14 2.401  filesystem                 x86_64  3.16-5.el9                    ubi-9-baseos-rpms     4.8 M
Test OLM installation	Arrange OLM test installation	2025-05-29T18:08:08.8243172Z #14 2.401  gawk                       x86_64  5.1.0-6.el9                   ubi-9-baseos-rpms     1.0 M
Test OLM installation	Arrange OLM test installation	2025-05-29T18:08:08.8243572Z #14 2.401  gdbm-libs                  x86_64  1:1.23-1.el9                  ubi-9-baseos-rpms      59 k
Test OLM installation	Arrange OLM test installation	2025-05-29T18:08:08.8243990Z #14 2.401  glibc                      x86_64  2.34-168.el9_6.14             ubi-9-baseos-rpms     2.0 M
Test OLM installation	Arrange OLM test installation	2025-05-29T18:08:08.8244958Z #14 2.401  glibc-common               x86_64  2.34-168.el9_6.14             ubi-9-baseos-rpms     304 k
Test OLM installation	Arrange OLM test installation	2025-05-29T18:08:08.8245786Z #14 2.401  gmp                        x86_64  1:6.2.0-13.el9                ubi-9-baseos-rpms     319 k
Test OLM installation	Arrange OLM test installation	2025-05-29T18:08:08.8246466Z #14 2.401  gnutls                     x86_64  3.8.3-6.el9                   ubi-9-baseos-rpms     1.1 M
Test OLM installation	Arrange OLM test installation	2025-05-29T18:08:08.8246863Z #14 2.401  grep                       x86_64  3.6-5.el9                     ubi-9-baseos-rpms     273 k
Test OLM installation	Arrange OLM test installation	2025-05-29T18:08:08.8247664Z #14 2.401  javapackages-filesystem    noarch  6.4.0-1.el9                   ubi-9-appstream-rpms   17 k
Test OLM installation	Arrange OLM test installation	2025-05-29T18:08:08.8248894Z #14 2.401  keyutils-libs              x86_64  1.6.3-1.el9                   ubi-9-baseos-rpms      34 k
Test OLM installation	Arrange OLM test installation	2025-05-29T18:08:08.8249677Z #14 2.401  krb5-libs                  x86_64  1.21.1-6.el9                  ubi-9-baseos-rpms     770 k
Test OLM installation	Arrange OLM test installation	2025-05-29T18:08:08.8250133Z #14 2.401  libacl                     x86_64  2.3.1-4.el9                   ubi-9-baseos-rpms      24 k
Test OLM installation	Arrange OLM test installation	2025-05-29T18:08:08.8250933Z #14 2.401  libattr                    x86_64  2.5.1-3.el9                   ubi-9-baseos-rpms      20 k
Test OLM installation	Arrange OLM test installation	2025-05-29T18:08:08.8251621Z #14 2.401  libcap                     x86_64  2.48-9.el9_2                  ubi-9-baseos-rpms      74 k
Test OLM installation	Arrange OLM test installation	2025-05-29T18:08:08.8253074Z #14 2.401  libcom_err                 x86_64  1.46.5-7.el9                  ubi-9-baseos-rpms      28 k
Test OLM installation	Arrange OLM test installation	2025-05-29T18:08:08.8254009Z #14 2.401  libevent                   x86_64  2.1.12-8.el9_4                ubi-9-baseos-rpms     266 k
Test OLM installation	Arrange OLM test installation	2025-05-29T18:08:08.8254722Z #14 2.401  libffi                     x86_64  3.4.2-8.el9                   ubi-9-baseos-rpms      40 k
Test OLM installation	Arrange OLM test installation	2025-05-29T18:08:08.8255273Z #14 2.401  libgcc                     x86_64  11.5.0-5.el9_5                ubi-9-baseos-rpms      88 k
Test OLM installation	Arrange OLM test installation	2025-05-29T18:08:08.8255924Z #14 2.401  libgcrypt                  x86_64  1.10.0-11.el9                 ubi-9-baseos-rpms     510 k
Test OLM installation	Arrange OLM test installation	2025-05-29T18:08:08.8257030Z #14 2.401  libgpg-error               x86_64  1.42-5.el9                    ubi-9-baseos-rpms     220 k
Test OLM installation	Arrange OLM test installation	2025-05-29T18:08:08.8257985Z #14 2.401  libidn2                    x86_64  2.3.0-7.el9                   ubi-9-baseos-rpms     105 k
Test OLM installation	Arrange OLM test installation	2025-05-29T18:08:08.8258802Z #14 2.401  libselinux                 x86_64  3.6-3.el9                     ubi-9-baseos-rpms      88 k
Test OLM installation	Arrange OLM test installation	2025-05-29T18:08:08.8259470Z #14 2.401  libsepol                   x86_64  3.6-2.el9                     ubi-9-baseos-rpms     331 k
Test OLM installation	Arrange OLM test installation	2025-05-29T18:08:08.8259907Z #14 2.401  libsigsegv                 x86_64  2.13-4.el9                    ubi-9-baseos-rpms      30 k
Test OLM installation	Arrange OLM test installation	2025-05-29T18:08:08.8261328Z #14 2.401  libtasn1                   x86_64  4.16.0-9.el9                  ubi-9-baseos-rpms      77 k
Test OLM installation	Arrange OLM test installation	2025-05-29T18:08:08.8262181Z #14 2.401  libunistring               x86_64  0.9.10-15.el9                 ubi-9-baseos-rpms     499 k
Test OLM installation	Arrange OLM test installation	2025-05-29T18:08:08.8262712Z #14 2.401  libuuid                    x86_64  2.37.4-21.el9                 ubi-9-baseos-rpms      30 k
Test OLM installation	Arrange OLM test installation	2025-05-29T18:08:08.8263147Z #14 2.401  libverto                   x86_64  0.3.2-3.el9                   ubi-9-baseos-rpms      24 k
Test OLM installation	Arrange OLM test installation	2025-05-29T18:08:08.8263574Z #14 2.401  libxcrypt                  x86_64  4.4.18-3.el9                  ubi-9-baseos-rpms     120 k
Test OLM installation	Arrange OLM test installation	2025-05-29T18:08:08.8264000Z #14 2.401  libzstd                    x86_64  1.5.5-1.el9                   ubi-9-baseos-rpms     297 k
Test OLM installation	Arrange OLM test installation	2025-05-29T18:08:08.8264427Z #14 2.401  lksctp-tools               x86_64  1.0.19-3.el9_4                ubi-9-baseos-rpms     104 k
Test OLM installation	Arrange OLM test installation	2025-05-29T18:08:08.8264842Z #14 2.401  lua                        x86_64  5.4.4-4.el9                   ubi-9-appstream-rpms  192 k
Test OLM installation	Arrange OLM test installation	2025-05-29T18:08:08.8265241Z #14 2.401  lua-libs                   x86_64  5.4.4-4.el9                   ubi-9-baseos-rpms     132 k
Test OLM installation	Arrange OLM test installation	2025-05-29T18:08:08.8265664Z #14 2.401  lua-posix                  x86_64  35.0-8.el9                    ubi-9-appstream-rpms  155 k
Test OLM installation	Arrange OLM test installation	2025-05-29T18:08:08.8266114Z #14 2.401  lz4-libs                   x86_64  1.9.3-5.el9                   ubi-9-baseos-rpms      69 k
Test OLM installation	Arrange OLM test installation	2025-05-29T18:08:08.8266539Z #14 2.401  mpfr                       x86_64  4.1.0-7.el9                   ubi-9-baseos-rpms     329 k
Test OLM installation	Arrange OLM test installation	2025-05-29T18:08:08.8267428Z #14 2.401  ncurses-base               noarch  6.2-10.20210508.el9           ubi-9-baseos-rpms      99 k
Test OLM installation	Arrange OLM test installation	2025-05-29T18:08:08.8267919Z #14 2.401  ncurses-libs               x86_64  6.2-10.20210508.el9           ubi-9-baseos-rpms     332 k
Test OLM installation	Arrange OLM test installation	2025-05-29T18:08:08.8269237Z #14 2.401  nettle                     x86_64  3.10.1-1.el9                  ubi-9-baseos-rpms     568 k
Test OLM installation	Arrange OLM test installation	2025-05-29T18:08:08.8270012Z #14 2.401  nspr                       x86_64  4.35.0-17.el9_2               ubi-9-appstream-rpms  137 k
Test OLM installation	Arrange OLM test installation	2025-05-29T18:08:08.8270868Z #14 2.401  nss                        x86_64  3.101.0-10.el9_2              ubi-9-appstream-rpms  720 k
Test OLM installation	Arrange OLM test installation	2025-05-29T18:08:08.8271617Z #14 2.401  nss-softokn                x86_64  3.101.0-10.el9_2              ubi-9-appstream-rpms  393 k
Test OLM installation	Arrange OLM test installation	2025-05-29T18:08:08.8272402Z #14 2.401  nss-softokn-freebl         x86_64  3.101.0-10.el9_2              ubi-9-appstream-rpms  313 k
Test OLM installation	Arrange OLM test installation	2025-05-29T18:08:08.8273065Z #14 2.401  nss-sysinit                x86_64  3.101.0-10.el9_2              ubi-9-appstream-rpms   21 k
Test OLM installation	Arrange OLM test installation	2025-05-29T18:08:08.8273534Z #14 2.401  nss-util                   x86_64  3.101.0-10.el9_2              ubi-9-appstream-rpms   92 k
Test OLM installation	Arrange OLM test installation	2025-05-29T18:08:08.8274189Z #14 2.401  openssl-fips-provider      x86_64  3.0.7-6.el9_5                 ubi-9-baseos-rpms     9.4 k
Test OLM installation	Arrange OLM test installation	2025-05-29T18:08:08.8274866Z #14 2.401  openssl-fips-provider-so   x86_64  3.0.7-6.el9_5                 ubi-9-baseos-rpms     577 k
Test OLM installation	Arrange OLM test installation	2025-05-29T18:08:08.8275479Z #14 2.401  openssl-libs               x86_64  1:3.2.2-6.el9_5.1             ubi-9-baseos-rpms     2.1 M
Test OLM installation	Arrange OLM test installation	2025-05-29T18:08:08.8276702Z #14 2.401  p11-kit                    x86_64  0.25.3-3.el9_5                ubi-9-baseos-rpms     536 k
Test OLM installation	Arrange OLM test installation	2025-05-29T18:08:08.8277705Z #14 2.401  p11-kit-trust              x86_64  0.25.3-3.el9_5                ubi-9-baseos-rpms     144 k
Test OLM installation	Arrange OLM test installation	2025-05-29T18:08:08.8278864Z #14 2.401  pcre                       x86_64  8.44-4.el9                    ubi-9-baseos-rpms     200 k
Test OLM installation	Arrange OLM test installation	2025-05-29T18:08:08.8279496Z #14 2.401  pcre2                      x86_64  10.40-6.el9                   ubi-9-baseos-rpms     236 k
Test OLM installation	Arrange OLM test installation	2025-05-29T18:08:08.8280180Z #14 2.401  pcre2-syntax               noarch  10.40-6.el9                   ubi-9-baseos-rpms     144 k
Test OLM installation	Arrange OLM test installation	2025-05-29T18:08:08.8280881Z #14 2.401  python3                    x86_64  3.9.21-2.el9                  ubi-9-baseos-rpms      30 k
Test OLM installation	Arrange OLM test installation	2025-05-29T18:08:08.8281531Z #14 2.401  python3-libs               x86_64  3.9.21-2.el9                  ubi-9-baseos-rpms     8.1 M
Test OLM installation	Arrange OLM test installation	2025-05-29T18:08:08.8282005Z #14 2.401  python3-pip-wheel          noarch  21.3.1-1.el9                  ubi-9-baseos-rpms     1.1 M
Test OLM installation	Arrange OLM test installation	2025-05-29T18:08:08.8282530Z #14 2.401  python3-setuptools-wheel   noarch  53.0.0-13.el9                 ubi-9-baseos-rpms     469 k
Test OLM installation	Arrange OLM test installation	2025-05-29T18:08:08.8283132Z #14 2.401  readline                   x86_64  8.1-4.el9                     ubi-9-baseos-rpms     215 k
Test OLM installation	Arrange OLM test installation	2025-05-29T18:08:08.8284367Z #14 2.401  redhat-release             x86_64  9.6-0.1.el9                   ubi-9-baseos-rpms      44 k
Test OLM installation	Arrange OLM test installation	2025-05-29T18:08:08.8285208Z #14 2.401  sed                        x86_64  4.8-9.el9                     ubi-9-baseos-rpms     309 k
Test OLM installation	Arrange OLM test installation	2025-05-29T18:08:08.8286055Z #14 2.401  setup                      noarch  2.13.7-10.el9                 ubi-9-baseos-rpms     150 k
Test OLM installation	Arrange OLM test installation	2025-05-29T18:08:08.8286873Z #14 2.401  sqlite-libs                x86_64  3.34.1-7.el9_3                ubi-9-baseos-rpms     622 k
Test OLM installation	Arrange OLM test installation	2025-05-29T18:08:08.8287722Z #14 2.401  systemd-libs               x86_64  252-51.el9                    ubi-9-baseos-rpms     684 k
Test OLM installation	Arrange OLM test installation	2025-05-29T18:08:08.8288183Z #14 2.401  tzdata                     noarch  2025b-1.el9                   ubi-9-baseos-rpms     842 k
Test OLM installation	Arrange OLM test installation	2025-05-29T18:08:08.8288815Z #14 2.401  tzdata-java                noarch  2025b-1.el9                   ubi-9-appstream-rpms  228 k
Test OLM installation	Arrange OLM test installation	2025-05-29T18:08:08.8289260Z #14 2.401  xz-libs                    x86_64  5.2.5-8.el9_0                 ubi-9-baseos-rpms      94 k
Test OLM installation	Arrange OLM test installation	2025-05-29T18:08:08.8289652Z #14 2.401  zlib                       x86_64  1.2.11-40.el9                 ubi-9-baseos-rpms      93 k
Test OLM installation	Arrange OLM test installation	2025-05-29T18:08:08.8290135Z #14 2.401 
Test OLM installation	Arrange OLM test installation	2025-05-29T18:08:08.8290319Z #14 2.401 Transaction Summary
Test OLM installation	Arrange OLM test installation	2025-05-29T18:08:08.8290574Z #14 2.401 =============================================================================================
Test OLM installation	Arrange OLM test installation	2025-05-29T18:08:08.8290866Z #14 2.401 Install  84 Packages
Test OLM installation	Arrange OLM test installation	2025-05-29T18:08:08.8291083Z #14 2.401 
Test OLM installation	Arrange OLM test installation	2025-05-29T18:08:08.8291263Z #14 2.404 Total download size: 89 M
Test OLM installation	Arrange OLM test installation	2025-05-29T18:08:08.8292161Z #14 2.404 Installed size: 319 M
Test OLM installation	Arrange OLM test installation	2025-05-29T18:08:08.8292719Z #14 2.405 Downloading Packages:
Test OLM installation	Arrange OLM test installation	2025-05-29T18:08:08.8293270Z #14 2.464 (1/84): basesystem-11-13.el9.noarch.rpm         150 kB/s | 8.0 kB     00:00    
Test OLM installation	Arrange OLM test installation	2025-05-29T18:08:08.8293754Z #14 2.490 (2/84): alternatives-1.24-2.el9.x86_64.rpm      528 kB/s |  42 kB     00:00    
Test OLM installation	Arrange OLM test installation	2025-05-29T18:08:08.8294203Z #14 2.507 (3/84): avahi-libs-0.8-22.el9_6.x86_64.rpm      697 kB/s |  67 kB     00:00    
Test OLM installation	Arrange OLM test installation	2025-05-29T18:08:08.9239490Z #14 2.519 (4/84): bzip2-libs-1.0.8-10.el9_5.x86_64.rpm    1.4 MB/s |  42 kB     00:00    
Test OLM installation	Arrange OLM test installation	2025-05-29T18:08:08.9240412Z #14 2.562 (5/84): bash-5.1.8-9.el9.x86_64.rpm              17 MB/s | 1.7 MB     00:00    
Test OLM installation	Arrange OLM test installation	2025-05-29T18:08:08.9241022Z #14 2.579 (6/84): crypto-policies-20250128-1.git5269e22.e 5.2 MB/s |  90 kB     00:00    
Test OLM installation	Arrange OLM test installation	2025-05-29T18:08:08.9241590Z #14 2.588 (7/84): ca-certificates-2024.2.69_v8.0.303-91.4  12 MB/s | 1.0 MB     00:00    
Test OLM installation	Arrange OLM test installation	2025-05-29T18:08:08.9242137Z #14 2.595 (8/84): coreutils-single-8.32-39.el9.x86_64.rpm 8.0 MB/s | 625 kB     00:00    
Test OLM installation	Arrange OLM test installation	2025-05-29T18:08:08.9242692Z #14 2.598 (9/84): crypto-policies-scripts-20250128-1.git5 5.7 MB/s | 101 kB     00:00    
Test OLM installation	Arrange OLM test installation	2025-05-29T18:08:08.9243242Z #14 2.609 (10/84): cups-libs-2.3.3op2-33.el9.x86_64.rpm    12 MB/s | 265 kB     00:00    
Test OLM installation	Arrange OLM test installation	2025-05-29T18:08:09.0336933Z #14 2.614 (11/84): expat-2.5.0-5.el9_6.x86_64.rpm         7.2 MB/s | 119 kB     00:00    
Test OLM installation	Arrange OLM test installation	2025-05-29T18:08:09.0338420Z #14 2.617 (12/84): dbus-libs-1.12.20-8.el9.x86_64.rpm     6.9 MB/s | 154 kB     00:00    
Test OLM installation	Arrange OLM test installation	2025-05-29T18:08:09.0339206Z #14 2.635 (13/84): findutils-4.8.0-7.el9.x86_64.rpm        26 MB/s | 550 kB     00:00    
Test OLM installation	Arrange OLM test installation	2025-05-29T18:08:09.0339941Z #14 2.652 (14/84): gdbm-libs-1.23-1.el9.x86_64.rpm        3.5 MB/s |  59 kB     00:00    
Test OLM installation	Arrange OLM test installation	2025-05-29T18:08:09.0340420Z #14 2.656 (15/84): gawk-5.1.0-6.el9.x86_64.rpm             26 MB/s | 1.0 MB     00:00    
Test OLM installation	Arrange OLM test installation	2025-05-29T18:08:09.0340902Z #14 2.683 (16/84): filesystem-3.16-5.el9.x86_64.rpm        66 MB/s | 4.8 MB     00:00    
Test OLM installation	Arrange OLM test installation	2025-05-29T18:08:09.0341403Z #14 2.686 (17/84): glibc-common-2.34-168.el9_6.14.x86_64. 9.8 MB/s | 304 kB     00:00    
Test OLM installation	Arrange OLM test installation	2025-05-29T18:08:09.0341887Z #14 2.696 (18/84): glibc-2.34-168.el9_6.14.x86_64.rpm      44 MB/s | 2.0 MB     00:00    
Test OLM installation	Arrange OLM test installation	2025-05-29T18:08:09.0342378Z #14 2.706 (19/84): glibc-langpack-en-2.34-168.el9_6.14.x8  28 MB/s | 657 kB     00:00    
Test OLM installation	Arrange OLM test installation	2025-05-29T18:08:09.0342866Z #14 2.709 (20/84): gmp-6.2.0-13.el9.x86_64.rpm             14 MB/s | 319 kB     00:00    
Test OLM installation	Arrange OLM test installation	2025-05-29T18:08:09.0343335Z #14 2.719 (21/84): gnutls-3.8.3-6.el9.x86_64.rpm           48 MB/s | 1.1 MB     00:00    
Test OLM installation	Arrange OLM test installation	2025-05-29T18:08:09.1373111Z #14 2.728 (22/84): grep-3.6-5.el9.x86_64.rpm               12 MB/s | 273 kB     00:00    
Test OLM installation	Arrange OLM test installation	2025-05-29T18:08:09.1374159Z #14 2.730 (23/84): keyutils-libs-1.6.3-1.el9.x86_64.rpm   1.6 MB/s |  34 kB     00:00    
Test OLM installation	Arrange OLM test installation	2025-05-29T18:08:09.1374773Z #14 2.741 (24/84): krb5-libs-1.21.1-6.el9.x86_64.rpm       35 MB/s | 770 kB     00:00    
Test OLM installation	Arrange OLM test installation	2025-05-29T18:08:09.1375437Z #14 2.747 (25/84): libacl-2.3.1-4.el9.x86_64.rpm          1.3 MB/s |  24 kB     00:00    
Test OLM installation	Arrange OLM test installation	2025-05-29T18:08:09.1376072Z #14 2.748 (26/84): libattr-2.5.1-3.el9.x86_64.rpm         1.1 MB/s |  20 kB     00:00    
Test OLM installation	Arrange OLM test installation	2025-05-29T18:08:09.1376600Z #14 2.757 (27/84): libcap-2.48-9.el9_2.x86_64.rpm         4.5 MB/s |  74 kB     00:00    
Test OLM installation	Arrange OLM test installation	2025-05-29T18:08:09.1377457Z #14 2.766 (28/84): libcom_err-1.46.5-7.el9.x86_64.rpm     1.5 MB/s |  28 kB     00:00    
Test OLM installation	Arrange OLM test installation	2025-05-29T18:08:09.1378057Z #14 2.770 (29/84): libevent-2.1.12-8.el9_4.x86_64.rpm      12 MB/s | 266 kB     00:00    
Test OLM installation	Arrange OLM test installation	2025-05-29T18:08:09.1378639Z #14 2.774 (30/84): libffi-3.4.2-8.el9.x86_64.rpm          2.4 MB/s |  40 kB     00:00    
Test OLM installation	Arrange OLM test installation	2025-05-29T18:08:09.1379498Z #14 2.785 (31/84): libgcc-11.5.0-5.el9_5.x86_64.rpm       4.6 MB/s |  88 kB     00:00    
Test OLM installation	Arrange OLM test installation	2025-05-29T18:08:09.1379964Z #14 2.793 (32/84): libgpg-error-1.42-5.el9.x86_64.rpm      11 MB/s | 220 kB     00:00    
Test OLM installation	Arrange OLM test installation	2025-05-29T18:08:09.1380493Z #14 2.795 (33/84): libgcrypt-1.10.0-11.el9.x86_64.rpm      20 MB/s | 510 kB     00:00    
Test OLM installation	Arrange OLM test installation	2025-05-29T18:08:09.1381031Z #14 2.804 (34/84): libidn2-2.3.0-7.el9.x86_64.rpm         5.5 MB/s | 105 kB     00:00    
Test OLM installation	Arrange OLM test installation	2025-05-29T18:08:09.1381459Z #14 2.809 (35/84): libselinux-3.6-3.el9.x86_64.rpm        5.5 MB/s |  88 kB     00:00    
Test OLM installation	Arrange OLM test installation	2025-05-29T18:08:09.1382024Z #14 2.816 (36/84): libsepol-3.6-2.el9.x86_64.rpm           16 MB/s | 331 kB     00:00    
Test OLM installation	Arrange OLM test installation	2025-05-29T18:08:09.1382580Z #14 2.823 (37/84): libsigsegv-2.13-4.el9.x86_64.rpm       1.6 MB/s |  30 kB     00:00    
Test OLM installation	Arrange OLM test installation	2025-05-29T18:08:09.2518330Z #14 2.826 (38/84): libtasn1-4.16.0-9.el9.x86_64.rpm       4.5 MB/s |  77 kB     00:00    
Test OLM installation	Arrange OLM test installation	2025-05-29T18:08:09.2519244Z #14 2.842 (39/84): libunistring-0.9.10-15.el9.x86_64.rpm   19 MB/s | 499 kB     00:00    
Test OLM installation	Arrange OLM test installation	2025-05-29T18:08:09.2520071Z #14 2.843 (40/84): libverto-0.3.2-3.el9.x86_64.rpm        1.4 MB/s |  24 kB     00:00    
Test OLM installation	Arrange OLM test installation	2025-05-29T18:08:09.2520833Z #14 2.844 (41/84): libuuid-2.37.4-21.el9.x86_64.rpm       1.4 MB/s |  30 kB     00:00    
Test OLM installation	Arrange OLM test installation	2025-05-29T18:08:09.2521500Z #14 2.862 (42/84): lksctp-tools-1.0.19-3.el9_4.x86_64.rpm 6.0 MB/s | 104 kB     00:00    
Test OLM installation	Arrange OLM test installation	2025-05-29T18:08:09.2521995Z #14 2.864 (43/84): libxcrypt-4.4.18-3.el9.x86_64.rpm      5.5 MB/s | 120 kB     00:00    
Test OLM installation	Arrange OLM test installation	2025-05-29T18:08:09.2522458Z #14 2.866 (44/84): libzstd-1.5.5-1.el9.x86_64.rpm          13 MB/s | 297 kB     00:00    
Test OLM installation	Arrange OLM test installation	2025-05-29T18:08:09.2522921Z #14 2.879 (45/84): lua-libs-5.4.4-4.el9.x86_64.rpm        7.5 MB/s | 132 kB     00:00    
Test OLM installation	Arrange OLM test installation	2025-05-29T18:08:09.2523674Z #14 2.887 (46/84): mpfr-4.1.0-7.el9.x86_64.rpm             15 MB/s | 329 kB     00:00    
Test OLM installation	Arrange OLM test installation	2025-05-29T18:08:09.2524119Z #14 2.889 (47/84): lz4-libs-1.9.3-5.el9.x86_64.rpm        2.7 MB/s |  69 kB     00:00    
Test OLM installation	Arrange OLM test installation	2025-05-29T18:08:09.2524592Z #14 2.896 (48/84): ncurses-base-6.2-10.20210508.el9.noarc 5.9 MB/s |  99 kB     00:00    
Test OLM installation	Arrange OLM test installation	2025-05-29T18:08:09.2525069Z #14 2.908 (49/84): ncurses-libs-6.2-10.20210508.el9.x86_6  16 MB/s | 332 kB     00:00    
Test OLM installation	Arrange OLM test installation	2025-05-29T18:08:09.2525565Z #14 2.911 (50/84): openssl-fips-provider-3.0.7-6.el9_5.x8 620 kB/s | 9.4 kB     00:00    
Test OLM installation	Arrange OLM test installation	2025-05-29T18:08:09.2526054Z #14 2.913 (51/84): nettle-3.10.1-1.el9.x86_64.rpm          23 MB/s | 568 kB     00:00    
Test OLM installation	Arrange OLM test installation	2025-05-29T18:08:09.2526534Z #14 2.937 (52/84): openssl-fips-provider-so-3.0.7-6.el9_5  20 MB/s | 577 kB     00:00    
Test OLM installation	Arrange OLM test installation	2025-05-29T18:08:09.3665810Z #14 2.941 (53/84): p11-kit-0.25.3-3.el9_5.x86_64.rpm       20 MB/s | 536 kB     00:00    
Test OLM installation	Arrange OLM test installation	2025-05-29T18:08:09.3666771Z #14 2.949 (54/84): openssl-libs-3.2.2-6.el9_5.1.x86_64.rp  57 MB/s | 2.1 MB     00:00    
Test OLM installation	Arrange OLM test installation	2025-05-29T18:08:09.3667890Z #14 2.956 (55/84): p11-kit-trust-0.25.3-3.el9_5.x86_64.rp 7.5 MB/s | 144 kB     00:00    
Test OLM installation	Arrange OLM test installation	2025-05-29T18:08:09.3668679Z #14 2.961 (56/84): pcre-8.44-4.el9.x86_64.rpm             9.8 MB/s | 200 kB     00:00    
Test OLM installation	Arrange OLM test installation	2025-05-29T18:08:09.3669458Z #14 2.966 (57/84): pcre2-10.40-6.el9.x86_64.rpm            14 MB/s | 236 kB     00:00    
Test OLM installation	Arrange OLM test installation	2025-05-29T18:08:09.3670262Z #14 2.975 (58/84): pcre2-syntax-10.40-6.el9.noarch.rpm    7.6 MB/s | 144 kB     00:00    
Test OLM installation	Arrange OLM test installation	2025-05-29T18:08:09.3671070Z #14 2.979 (59/84): python3-3.9.21-2.el9.x86_64.rpm        1.6 MB/s |  30 kB     00:00    
Test OLM installation	Arrange OLM test installation	2025-05-29T18:08:09.3671888Z #14 3.005 (60/84): python3-pip-wheel-21.3.1-1.el9.noarch.  39 MB/s | 1.1 MB     00:00    
Test OLM installation	Arrange OLM test installation	2025-05-29T18:08:09.3672776Z #14 3.018 (61/84): python3-setuptools-wheel-53.0.0-13.el9  12 MB/s | 469 kB     00:00    
Test OLM installation	Arrange OLM test installation	2025-05-29T18:08:09.3673629Z #14 3.025 (62/84): readline-8.1-4.el9.x86_64.rpm           11 MB/s | 215 kB     00:00    
Test OLM installation	Arrange OLM test installation	2025-05-29T18:08:09.3674457Z #14 3.036 (63/84): redhat-release-9.6-0.1.el9.x86_64.rpm  2.4 MB/s |  44 kB     00:00    
Test OLM installation	Arrange OLM test installation	2025-05-29T18:08:09.3675291Z #14 3.052 (64/84): python3-libs-3.9.21-2.el9.x86_64.rpm    94 MB/s | 8.1 MB     00:00    
Test OLM installation	Arrange OLM test installation	2025-05-29T18:08:09.4886096Z #14 3.055 (65/84): sed-4.8-9.el9.x86_64.rpm               9.9 MB/s | 309 kB     00:00    
Test OLM installation	Arrange OLM test installation	2025-05-29T18:08:09.4887403Z #14 3.057 (66/84): setup-2.13.7-10.el9.noarch.rpm         7.1 MB/s | 150 kB     00:00    
Test OLM installation	Arrange OLM test installation	2025-05-29T18:08:09.4887971Z #14 3.074 (67/84): sqlite-libs-3.34.1-7.el9_3.x86_64.rpm   29 MB/s | 622 kB     00:00    
Test OLM installation	Arrange OLM test installation	2025-05-29T18:08:09.4888450Z #14 3.084 (68/84): tzdata-2025b-1.el9.noarch.rpm           31 MB/s | 842 kB     00:00    
Test OLM installation	Arrange OLM test installation	2025-05-29T18:08:09.4888928Z #14 3.087 (69/84): systemd-libs-252-51.el9.x86_64.rpm      22 MB/s | 684 kB     00:00    
Test OLM installation	Arrange OLM test installation	2025-05-29T18:08:09.4889385Z #14 3.090 (70/84): xz-libs-5.2.5-8.el9_0.x86_64.rpm       5.7 MB/s |  94 kB     00:00    
Test OLM installation	Arrange OLM test installation	2025-05-29T18:08:09.4889815Z #14 3.103 (71/84): zlib-1.2.11-40.el9.x86_64.rpm          4.8 MB/s |  93 kB     00:00    
Test OLM installation	Arrange OLM test installation	2025-05-29T18:08:09.4890286Z #14 3.105 (72/84): copy-jdk-configs-4.0-3.el9.noarch.rpm  1.6 MB/s |  29 kB     00:00    
Test OLM installation	Arrange OLM test installation	2025-05-29T18:08:09.4890743Z #14 3.108 (73/84): lua-5.4.4-4.el9.x86_64.rpm              11 MB/s | 192 kB     00:00    
Test OLM installation	Arrange OLM test installation	2025-05-29T18:08:09.4891182Z #14 3.123 (74/84): lua-posix-35.0-8.el9.x86_64.rpm        7.6 MB/s | 155 kB     00:00    
Test OLM installation	Arrange OLM test installation	2025-05-29T18:08:09.4891636Z #14 3.129 (75/84): alsa-lib-1.2.13-2.el9.x86_64.rpm        22 MB/s | 530 kB     00:00    
Test OLM installation	Arrange OLM test installation	2025-05-29T18:08:09.4892120Z #14 3.142 (76/84): javapackages-filesystem-6.4.0-1.el9.no 924 kB/s |  17 kB     00:00    
Test OLM installation	Arrange OLM test installation	2025-05-29T18:08:09.4892599Z #14 3.149 (77/84): nspr-4.35.0-17.el9_2.x86_64.rpm        6.9 MB/s | 137 kB     00:00    
Test OLM installation	Arrange OLM test installation	2025-05-29T18:08:09.4893041Z #14 3.174 (78/84): nss-softokn-3.101.0-10.el9_2.x86_64.rp  16 MB/s | 393 kB     00:00    
Test OLM installation	Arrange OLM test installation	2025-05-29T18:08:09.6854015Z #14 3.177 (79/84): nss-3.101.0-10.el9_2.x86_64.rpm         21 MB/s | 720 kB     00:00    
Test OLM installation	Arrange OLM test installation	2025-05-29T18:08:09.6854960Z #14 3.197 (80/84): nss-softokn-freebl-3.101.0-10.el9_2.x8  14 MB/s | 313 kB     00:00    
Test OLM installation	Arrange OLM test installation	2025-05-29T18:08:09.6856408Z #14 3.198 (81/84): nss-sysinit-3.101.0-10.el9_2.x86_64.rp 984 kB/s |  21 kB     00:00    
Test OLM installation	Arrange OLM test installation	2025-05-29T18:08:09.6857506Z #14 3.219 (82/84): tzdata-java-2025b-1.el9.noarch.rpm      11 MB/s | 228 kB     00:00    
Test OLM installation	Arrange OLM test installation	2025-05-29T18:08:09.6858357Z #14 3.220 (83/84): nss-util-3.101.0-10.el9_2.x86_64.rpm   3.9 MB/s |  92 kB     00:00    
Test OLM installation	Arrange OLM test installation	2025-05-29T18:08:09.9046226Z #14 3.590 (84/84): java-21-openjdk-headless-21.0.7.0.6-1. 102 MB/s |  49 MB     00:00    
Test OLM installation	Arrange OLM test installation	2025-05-29T18:08:10.1403057Z #14 3.593 --------------------------------------------------------------------------------
Test OLM installation	Arrange OLM test installation	2025-05-29T18:08:10.1403690Z #14 3.594 Total                                            75 MB/s |  89 MB     00:01     
Test OLM installation	Arrange OLM test installation	2025-05-29T18:08:10.1404143Z #14 3.605 Red Hat Universal Base Image 9 (RPMs) - BaseOS  3.5 MB/s | 3.6 kB     00:00    
Test OLM installation	Arrange OLM test installation	2025-05-29T18:08:10.1404566Z #14 3.671 Importing GPG key 0xFD431D51:
Test OLM installation	Arrange OLM test installation	2025-05-29T18:08:10.1404937Z #14 3.671  Userid     : "Red Hat, Inc. (release key 2) <security@redhat.com>"
Test OLM installation	Arrange OLM test installation	2025-05-29T18:08:10.1405544Z #14 3.671  Fingerprint: 567E 347A D004 4ADE 55BA 8A5F 199E 2F91 FD43 1D51
Test OLM installation	Arrange OLM test installation	2025-05-29T18:08:10.1406017Z #14 3.671  From       : /etc/pki/rpm-gpg/RPM-GPG-KEY-redhat-release
Test OLM installation	Arrange OLM test installation	2025-05-29T18:08:10.1406371Z #14 3.674 Key imported successfully
Test OLM installation	Arrange OLM test installation	2025-05-29T18:08:10.1406636Z #14 3.674 Importing GPG key 0x5A6340B3:
Test OLM installation	Arrange OLM test installation	2025-05-29T18:08:10.1406984Z #14 3.674  Userid     : "Red Hat, Inc. (auxiliary key 3) <security@redhat.com>"
Test OLM installation	Arrange OLM test installation	2025-05-29T18:08:10.1407602Z #14 3.674  Fingerprint: 7E46 2425 8C40 6535 D56D 6F13 5054 E4A4 5A63 40B3
Test OLM installation	Arrange OLM test installation	2025-05-29T18:08:10.1408233Z #14 3.674  From       : /etc/pki/rpm-gpg/RPM-GPG-KEY-redhat-release
Test OLM installation	Arrange OLM test installation	2025-05-29T18:08:10.1408569Z #14 3.675 Key imported successfully
Test OLM installation	Arrange OLM test installation	2025-05-29T18:08:11.0988548Z #14 4.784 Running transaction check
Test OLM installation	Arrange OLM test installation	2025-05-29T18:08:11.3010088Z #14 4.835 Transaction check succeeded.
Test OLM installation	Arrange OLM test installation	2025-05-29T18:08:11.3010658Z #14 4.835 Running transaction test
Test OLM installation	Arrange OLM test installation	2025-05-29T18:08:11.7846866Z #14 5.470 Transaction test succeeded.
Test OLM installation	Arrange OLM test installation	2025-05-29T18:08:11.9357613Z #14 5.471 Running transaction
Test OLM installation	Arrange OLM test installation	2025-05-29T18:08:12.4415106Z #14 5.974   Running scriptlet: filesystem-3.16-5.el9.x86_64                           1/1 
Test OLM installation	Arrange OLM test installation	2025-05-29T18:08:12.4415908Z #14 5.975   Running scriptlet: copy-jdk-configs-4.0-3.el9.noarch                      1/1 
Test OLM installation	Arrange OLM test installation	2025-05-29T18:08:12.5580311Z #14 5.976   Running scriptlet: java-21-openjdk-headless-1:21.0.7.0.6-1.el9.x86_64     1/1 
Test OLM installation	Arrange OLM test installation	2025-05-29T18:08:12.7184793Z #14 6.243   Preparing        :                                                        1/1 
Test OLM installation	Arrange OLM test installation	2025-05-29T18:08:12.7185348Z #14 6.250   Installing       : libgcc-11.5.0-5.el9_5.x86_64                          1/84 
Test OLM installation	Arrange OLM test installation	2025-05-29T18:08:12.7529889Z #14 6.253   Running scriptlet: libgcc-11.5.0-5.el9_5.x86_64                          1/84 
Test OLM installation	Arrange OLM test installation	2025-05-29T18:08:12.8697547Z #14 6.438   Installing       : tzdata-2025b-1.el9.noarch                             2/84 
Test OLM installation	Arrange OLM test installation	2025-05-29T18:08:12.8698274Z #14 6.487   Installing       : tzdata-java-2025b-1.el9.noarch                        3/84 
Test OLM installation	Arrange OLM test installation	2025-05-29T18:08:12.8698902Z #14 6.495   Installing       : javapackages-filesystem-6.4.0-1.el9.noarch            4/84 
Test OLM installation	Arrange OLM test installation	2025-05-29T18:08:12.8699546Z #14 6.503   Installing       : redhat-release-9.6-0.1.el9.x86_64                     5/84 
Test OLM installation	Arrange OLM test installation	2025-05-29T18:08:12.8700186Z #14 6.511   Installing       : setup-2.13.7-10.el9.noarch                            6/84 
Test OLM installation	Arrange OLM test installation	2025-05-29T18:08:12.8700758Z #14 6.513   Running scriptlet: setup-2.13.7-10.el9.noarch                            6/84 
Test OLM installation	Arrange OLM test installation	2025-05-29T18:08:13.0152958Z #14 6.555   Installing       : filesystem-3.16-5.el9.x86_64                          7/84 
Test OLM installation	Arrange OLM test installation	2025-05-29T18:08:13.0153625Z #14 6.608   Installing       : basesystem-11-13.el9.noarch                           8/84 
Test OLM installation	Arrange OLM test installation	2025-05-29T18:08:13.0154192Z #14 6.611   Installing       : python3-setuptools-wheel-53.0.0-13.el9.noarch         9/84 
Test OLM installation	Arrange OLM test installation	2025-05-29T18:08:13.0154757Z #14 6.613   Installing       : pcre2-syntax-10.40-6.el9.noarch                      10/84 
Test OLM installation	Arrange OLM test installation	2025-05-29T18:08:13.0155282Z #14 6.634   Installing       : ncurses-base-6.2-10.20210508.el9.noarch              11/84 
Test OLM installation	Arrange OLM test installation	2025-05-29T18:08:13.2165786Z #14 6.701   Installing       : glibc-langpack-en-2.34-168.el9_6.14.x86_64           12/84 
Test OLM installation	Arrange OLM test installation	2025-05-29T18:08:13.2166679Z #14 6.714   Installing       : glibc-common-2.34-168.el9_6.14.x86_64                13/84 
Test OLM installation	Arrange OLM test installation	2025-05-29T18:08:13.2167786Z #14 6.718   Running scriptlet: glibc-2.34-168.el9_6.14.x86_64                       14/84 
Test OLM installation	Arrange OLM test installation	2025-05-29T18:08:13.2168582Z #14 6.748   Installing       : glibc-2.34-168.el9_6.14.x86_64                       14/84 
Test OLM installation	Arrange OLM test installation	2025-05-29T18:08:13.5563410Z #14 6.752   Running scriptlet: glibc-2.34-168.el9_6.14.x86_64                       14/84 
Test OLM installation	Arrange OLM test installation	2025-05-29T18:08:13.6585141Z #14 7.242   Installing       : ncurses-libs-6.2-10.20210508.el9.x86_64              15/84 
Test OLM installation	Arrange OLM test installation	2025-05-29T18:08:13.6586120Z #14 7.257   Installing       : bash-5.1.8-9.el9.x86_64                              16/84 
Test OLM installation	Arrange OLM test installation	2025-05-29T18:08:13.6586735Z #14 7.260   Running scriptlet: bash-5.1.8-9.el9.x86_64                              16/84 
Test OLM installation	Arrange OLM test installation	2025-05-29T18:08:13.6587635Z #14 7.276   Installing       : crypto-policies-20250128-1.git5269e22.el9.noarch     17/84 
Test OLM installation	Arrange OLM test installation	2025-05-29T18:08:13.6588350Z #14 7.279   Running scriptlet: crypto-policies-20250128-1.git5269e22.el9.noarch     17/84 
Test OLM installation	Arrange OLM test installation	2025-05-29T18:08:13.6589000Z #14 7.283   Installing       : nspr-4.35.0-17.el9_2.x86_64                          18/84 
Test OLM installation	Arrange OLM test installation	2025-05-29T18:08:13.6589576Z #14 7.287   Installing       : nss-util-3.101.0-10.el9_2.x86_64                     19/84 
Test OLM installation	Arrange OLM test installation	2025-05-29T18:08:13.6590148Z #14 7.290   Installing       : zlib-1.2.11-40.el9.x86_64                            20/84 
Test OLM installation	Arrange OLM test installation	2025-05-29T18:08:13.6590724Z #14 7.295   Installing       : readline-8.1-4.el9.x86_64                            21/84 
Test OLM installation	Arrange OLM test installation	2025-05-29T18:08:13.6591311Z #14 7.299   Installing       : libtasn1-4.16.0-9.el9.x86_64                         22/84 
Test OLM installation	Arrange OLM test installation	2025-05-29T18:08:13.6591903Z #14 7.303   Installing       : libxcrypt-4.4.18-3.el9.x86_64                        23/84 
Test OLM installation	Arrange OLM test installation	2025-05-29T18:08:13.6592496Z #14 7.310   Installing       : sqlite-libs-3.34.1-7.el9_3.x86_64                    24/84 
Test OLM installation	Arrange OLM test installation	2025-05-29T18:08:13.6593098Z #14 7.313   Installing       : alternatives-1.24-2.el9.x86_64                       25/84 
Test OLM installation	Arrange OLM test installation	2025-05-29T18:08:13.6593679Z #14 7.319   Installing       : gmp-1:6.2.0-13.el9.x86_64                            26/84 
Test OLM installation	Arrange OLM test installation	2025-05-29T18:08:13.6594421Z #14 7.322   Installing       : libattr-2.5.1-3.el9.x86_64                           27/84 
Test OLM installation	Arrange OLM test installation	2025-05-29T18:08:13.6594860Z #14 7.324   Installing       : libacl-2.3.1-4.el9.x86_64                            28/84 
Test OLM installation	Arrange OLM test installation	2025-05-29T18:08:13.6595295Z #14 7.330   Installing       : libcap-2.48-9.el9_2.x86_64                           29/84 
Test OLM installation	Arrange OLM test installation	2025-05-29T18:08:13.6595736Z #14 7.333   Installing       : libffi-3.4.2-8.el9.x86_64                            30/84 
Test OLM installation	Arrange OLM test installation	2025-05-29T18:08:13.8235483Z #14 7.344   Installing       : p11-kit-0.25.3-3.el9_5.x86_64                        31/84 
Test OLM installation	Arrange OLM test installation	2025-05-29T18:08:13.8236373Z #14 7.357   Installing       : p11-kit-trust-0.25.3-3.el9_5.x86_64                  32/84 
Test OLM installation	Arrange OLM test installation	2025-05-29T18:08:13.9186117Z #14 7.359   Running scriptlet: p11-kit-trust-0.25.3-3.el9_5.x86_64                  32/84 
Test OLM installation	Arrange OLM test installation	2025-05-29T18:08:14.0197964Z #14 7.604   Installing       : libsigsegv-2.13-4.el9.x86_64                         33/84 
Test OLM installation	Arrange OLM test installation	2025-05-29T18:08:14.0198794Z #14 7.613   Installing       : libunistring-0.9.10-15.el9.x86_64                    34/84 
Test OLM installation	Arrange OLM test installation	2025-05-29T18:08:14.0199360Z #14 7.617   Installing       : lua-libs-5.4.4-4.el9.x86_64                          35/84 
Test OLM installation	Arrange OLM test installation	2025-05-29T18:08:14.0199897Z #14 7.620   Installing       : xz-libs-5.2.5-8.el9_0.x86_64                         36/84 
Test OLM installation	Arrange OLM test installation	2025-05-29T18:08:14.0200415Z #14 7.625   Installing       : lua-5.4.4-4.el9.x86_64                               37/84 
Test OLM installation	Arrange OLM test installation	2025-05-29T18:08:14.0200946Z #14 7.639   Installing       : lua-posix-35.0-8.el9.x86_64                          38/84 
Test OLM installation	Arrange OLM test installation	2025-05-29T18:08:14.0201492Z #14 7.644   Installing       : libidn2-2.3.0-7.el9.x86_64                           39/84 
Test OLM installation	Arrange OLM test installation	2025-05-29T18:08:14.0202027Z #14 7.650   Installing       : mpfr-4.1.0-7.el9.x86_64                              40/84 
Test OLM installation	Arrange OLM test installation	2025-05-29T18:08:14.0202803Z #14 7.665   Installing       : gawk-5.1.0-6.el9.x86_64                              41/84 
Test OLM installation	Arrange OLM test installation	2025-05-29T18:08:14.0203348Z #14 7.672   Installing       : nss-softokn-freebl-3.101.0-10.el9_2.x86_64           42/84 
Test OLM installation	Arrange OLM test installation	2025-05-29T18:08:14.0203966Z #14 7.681   Installing       : nss-softokn-3.101.0-10.el9_2.x86_64                  43/84 
Test OLM installation	Arrange OLM test installation	2025-05-29T18:08:14.0204617Z #14 7.686   Installing       : lksctp-tools-1.0.19-3.el9_4.x86_64                   44/84 
Test OLM installation	Arrange OLM test installation	2025-05-29T18:08:14.0205434Z #14 7.691   Installing       : bzip2-libs-1.0.8-10.el9_5.x86_64                     45/84 
Test OLM installation	Arrange OLM test installation	2025-05-29T18:08:14.0205972Z #14 7.696   Installing       : expat-2.5.0-5.el9_6.x86_64                           46/84 
Test OLM installation	Arrange OLM test installation	2025-05-29T18:08:14.0206498Z #14 7.699   Installing       : gdbm-libs-1:1.23-1.el9.x86_64                        47/84 
Test OLM installation	Arrange OLM test installation	2025-05-29T18:08:14.0207457Z #14 7.702   Installing       : keyutils-libs-1.6.3-1.el9.x86_64                     48/84 
Test OLM installation	Arrange OLM test installation	2025-05-29T18:08:14.1232911Z #14 7.705   Installing       : libcom_err-1.46.5-7.el9.x86_64                       49/84 
Test OLM installation	Arrange OLM test installation	2025-05-29T18:08:14.1234022Z #14 7.711   Installing       : libgpg-error-1.42-5.el9.x86_64                       50/84 
Test OLM installation	Arrange OLM test installation	2025-05-29T18:08:14.1235031Z #14 7.718   Installing       : libgcrypt-1.10.0-11.el9.x86_64                       51/84 
Test OLM installation	Arrange OLM test installation	2025-05-29T18:08:14.1235824Z #14 7.724   Installing       : libsepol-3.6-2.el9.x86_64                            52/84 
Test OLM installation	Arrange OLM test installation	2025-05-29T18:08:14.1236335Z #14 7.728   Installing       : libuuid-2.37.4-21.el9.x86_64                         53/84 
Test OLM installation	Arrange OLM test installation	2025-05-29T18:08:14.1236833Z #14 7.732   Installing       : libverto-0.3.2-3.el9.x86_64                          54/84 
Test OLM installation	Arrange OLM test installation	2025-05-29T18:08:14.1237679Z #14 7.737   Installing       : libzstd-1.5.5-1.el9.x86_64                           55/84 
Test OLM installation	Arrange OLM test installation	2025-05-29T18:08:14.1238183Z #14 7.740   Installing       : lz4-libs-1.9.3-5.el9.x86_64                          56/84 
Test OLM installation	Arrange OLM test installation	2025-05-29T18:08:14.1238678Z #14 7.748   Installing       : nettle-3.10.1-1.el9.x86_64                           57/84 
Test OLM installation	Arrange OLM test installation	2025-05-29T18:08:14.1239173Z #14 7.760   Installing       : gnutls-3.8.3-6.el9.x86_64                            58/84 
Test OLM installation	Arrange OLM test installation	2025-05-29T18:08:14.1239660Z #14 7.766   Installing       : pcre-8.44-4.el9.x86_64                               59/84 
Test OLM installation	Arrange OLM test installation	2025-05-29T18:08:14.1240415Z #14 7.771   Installing       : grep-3.6-5.el9.x86_64                                60/84 
Test OLM installation	Arrange OLM test installation	2025-05-29T18:08:14.1240899Z #14 7.777   Installing       : pcre2-10.40-6.el9.x86_64                             61/84 
Test OLM installation	Arrange OLM test installation	2025-05-29T18:08:14.1241400Z #14 7.781   Installing       : libselinux-3.6-3.el9.x86_64                          62/84 
Test OLM installation	Arrange OLM test installation	2025-05-29T18:08:14.1241919Z #14 7.803   Installing       : coreutils-single-8.32-39.el9.x86_64                  63/84 
Test OLM installation	Arrange OLM test installation	2025-05-29T18:08:14.2772648Z #14 7.809   Installing       : sed-4.8-9.el9.x86_64                                 64/84 
Test OLM installation	Arrange OLM test installation	2025-05-29T18:08:14.3798429Z #14 7.812   Running scriptlet: ca-certificates-2024.2.69_v8.0.303-91.4.el9_4.noar   65/84 
Test OLM installation	Arrange OLM test installation	2025-05-29T18:08:14.5344845Z #14 8.065   Installing       : ca-certificates-2024.2.69_v8.0.303-91.4.el9_4.noar   65/84 
Test OLM installation	Arrange OLM test installation	2025-05-29T18:08:15.5075280Z #14 8.069   Running scriptlet: ca-certificates-2024.2.69_v8.0.303-91.4.el9_4.noar   65/84 
Test OLM installation	Arrange OLM test installation	2025-05-29T18:08:15.7192092Z #14 9.193   Installing       : python3-pip-wheel-21.3.1-1.el9.noarch                66/84 
Test OLM installation	Arrange OLM test installation	2025-05-29T18:08:15.7192889Z #14 9.200   Installing       : openssl-fips-provider-so-3.0.7-6.el9_5.x86_64        67/84 
Test OLM installation	Arrange OLM test installation	2025-05-29T18:08:15.7193471Z #14 9.202   Installing       : openssl-fips-provider-3.0.7-6.el9_5.x86_64           68/84 
Test OLM installation	Arrange OLM test installation	2025-05-29T18:08:15.7194007Z #14 9.226   Installing       : openssl-libs-1:3.2.2-6.el9_5.1.x86_64                69/84 
Test OLM installation	Arrange OLM test installation	2025-05-29T18:08:15.7194538Z #14 9.242   Installing       : krb5-libs-1.21.1-6.el9.x86_64                        70/84 
Test OLM installation	Arrange OLM test installation	2025-05-29T18:08:15.7195041Z #14 9.251   Installing       : libevent-2.1.12-8.el9_4.x86_64                       71/84 
Test OLM installation	Arrange OLM test installation	2025-05-29T18:08:15.9179376Z #14 9.254   Installing       : python3-3.9.21-2.el9.x86_64                          72/84 
Test OLM installation	Arrange OLM test installation	2025-05-29T18:08:16.1066368Z #14 9.603   Installing       : python3-libs-3.9.21-2.el9.x86_64                     73/84 
Test OLM installation	Arrange OLM test installation	2025-05-29T18:08:16.1067402Z #14 9.624   Installing       : crypto-policies-scripts-20250128-1.git5269e22.el9.   74/84 
Test OLM installation	Arrange OLM test installation	2025-05-29T18:08:16.1068120Z #14 9.629   Installing       : nss-sysinit-3.101.0-10.el9_2.x86_64                  75/84 
Test OLM installation	Arrange OLM test installation	2025-05-29T18:08:16.1068717Z #14 9.639   Installing       : nss-3.101.0-10.el9_2.x86_64                          76/84 
Test OLM installation	Arrange OLM test installation	2025-05-29T18:08:16.2070106Z #14 9.641   Running scriptlet: nss-3.101.0-10.el9_2.x86_64                          76/84 
Test OLM installation	Arrange OLM test installation	2025-05-29T18:08:16.3602352Z #14 9.892   Installing       : systemd-libs-252-51.el9.x86_64                       77/84 
Test OLM installation	Arrange OLM test installation	2025-05-29T18:08:16.4636572Z #14 9.895   Running scriptlet: systemd-libs-252-51.el9.x86_64                       77/84 
Test OLM installation	Arrange OLM test installation	2025-05-29T18:08:16.6536049Z #14 10.15   Installing       : dbus-libs-1:1.12.20-8.el9.x86_64                     78/84 
Test OLM installation	Arrange OLM test installation	2025-05-29T18:08:16.6536907Z #14 10.15   Installing       : avahi-libs-0.8-22.el9_6.x86_64                       79/84 
Test OLM installation	Arrange OLM test installation	2025-05-29T18:08:16.6537984Z #14 10.16   Installing       : cups-libs-1:2.3.3op2-33.el9.x86_64                   80/84 
Test OLM installation	Arrange OLM test installation	2025-05-29T18:08:16.6538841Z #14 10.17   Installing       : findutils-1:4.8.0-7.el9.x86_64                       81/84 
Test OLM installation	Arrange OLM test installation	2025-05-29T18:08:16.6539608Z #14 10.17   Installing       : copy-jdk-configs-4.0-3.el9.noarch                    82/84 
Test OLM installation	Arrange OLM test installation	2025-05-29T18:08:17.4034153Z #14 10.19   Installing       : alsa-lib-1.2.13-2.el9.x86_64                         83/84 
Test OLM installation	Arrange OLM test installation	2025-05-29T18:08:17.5608591Z #14 11.09   Installing       : java-21-openjdk-headless-1:21.0.7.0.6-1.el9.x86_64   84/84 
Test OLM installation	Arrange OLM test installation	2025-05-29T18:08:17.6742140Z #14 11.10   Running scriptlet: java-21-openjdk-headless-1:21.0.7.0.6-1.el9.x86_64   84/84 
Test OLM installation	Arrange OLM test installation	2025-05-29T18:08:17.9678971Z #14 11.36   Running scriptlet: filesystem-3.16-5.el9.x86_64                         84/84 
Test OLM installation	Arrange OLM test installation	2025-05-29T18:08:19.1503131Z #14 11.65   Running scriptlet: ca-certificates-2024.2.69_v8.0.303-91.4.el9_4.noar   84/84 
Test OLM installation	Arrange OLM test installation	2025-05-29T18:08:19.7328870Z #14 12.84   Running scriptlet: crypto-policies-scripts-20250128-1.git5269e22.el9.   84/84 
Test OLM installation	Arrange OLM test installation	2025-05-29T18:08:20.3154468Z #14 13.42   Running scriptlet: nss-3.101.0-10.el9_2.x86_64                          84/84 
Test OLM installation	Arrange OLM test installation	2025-05-29T18:08:20.5589990Z #14 14.00   Running scriptlet: copy-jdk-configs-4.0-3.el9.noarch                    84/84 
Test OLM installation	Arrange OLM test installation	2025-05-29T18:08:21.1112362Z #14 14.24   Running scriptlet: java-21-openjdk-headless-1:21.0.7.0.6-1.el9.x86_64   84/84 
Test OLM installation	Arrange OLM test installation	2025-05-29T18:08:21.3183055Z #14 14.80   Verifying        : alternatives-1.24-2.el9.x86_64                        1/84 
Test OLM installation	Arrange OLM test installation	2025-05-29T18:08:21.3184183Z #14 14.80   Verifying        : avahi-libs-0.8-22.el9_6.x86_64                        2/84 
Test OLM installation	Arrange OLM test installation	2025-05-29T18:08:21.3185194Z #14 14.80   Verifying        : basesystem-11-13.el9.noarch                           3/84 
Test OLM installation	Arrange OLM test installation	2025-05-29T18:08:21.3186156Z #14 14.80   Verifying        : bash-5.1.8-9.el9.x86_64                               4/84 
Test OLM installation	Arrange OLM test installation	2025-05-29T18:08:21.3187358Z #14 14.80   Verifying        : bzip2-libs-1.0.8-10.el9_5.x86_64                      5/84 
Test OLM installation	Arrange OLM test installation	2025-05-29T18:08:21.3188259Z #14 14.80   Verifying        : ca-certificates-2024.2.69_v8.0.303-91.4.el9_4.noar    6/84 
Test OLM installation	Arrange OLM test installation	2025-05-29T18:08:21.3188924Z #14 14.80   Verifying        : coreutils-single-8.32-39.el9.x86_64                   7/84 
Test OLM installation	Arrange OLM test installation	2025-05-29T18:08:21.3189733Z #14 14.80   Verifying        : crypto-policies-20250128-1.git5269e22.el9.noarch      8/84 
Test OLM installation	Arrange OLM test installation	2025-05-29T18:08:21.3190329Z #14 14.80   Verifying        : crypto-policies-scripts-20250128-1.git5269e22.el9.    9/84 
Test OLM installation	Arrange OLM test installation	2025-05-29T18:08:21.3190893Z #14 14.80   Verifying        : cups-libs-1:2.3.3op2-33.el9.x86_64                   10/84 
Test OLM installation	Arrange OLM test installation	2025-05-29T18:08:21.3191406Z #14 14.80   Verifying        : dbus-libs-1:1.12.20-8.el9.x86_64                     11/84 
Test OLM installation	Arrange OLM test installation	2025-05-29T18:08:21.3191914Z #14 14.80   Verifying        : expat-2.5.0-5.el9_6.x86_64                           12/84 
Test OLM installation	Arrange OLM test installation	2025-05-29T18:08:21.3192434Z #14 14.80   Verifying        : filesystem-3.16-5.el9.x86_64                         13/84 
Test OLM installation	Arrange OLM test installation	2025-05-29T18:08:21.3193345Z #14 14.80   Verifying        : findutils-1:4.8.0-7.el9.x86_64                       14/84 
Test OLM installation	Arrange OLM test installation	2025-05-29T18:08:21.3193890Z #14 14.80   Verifying        : gawk-5.1.0-6.el9.x86_64                              15/84 
Test OLM installation	Arrange OLM test installation	2025-05-29T18:08:21.3194422Z #14 14.80   Verifying        : gdbm-libs-1:1.23-1.el9.x86_64                        16/84 
Test OLM installation	Arrange OLM test installation	2025-05-29T18:08:21.3194945Z #14 14.80   Verifying        : glibc-2.34-168.el9_6.14.x86_64                       17/84 
Test OLM installation	Arrange OLM test installation	2025-05-29T18:08:21.3195471Z #14 14.80   Verifying        : glibc-common-2.34-168.el9_6.14.x86_64                18/84 
Test OLM installation	Arrange OLM test installation	2025-05-29T18:08:21.3196016Z #14 14.80   Verifying        : glibc-langpack-en-2.34-168.el9_6.14.x86_64           19/84 
Test OLM installation	Arrange OLM test installation	2025-05-29T18:08:21.3196538Z #14 14.80   Verifying        : gmp-1:6.2.0-13.el9.x86_64                            20/84 
Test OLM installation	Arrange OLM test installation	2025-05-29T18:08:21.3197039Z #14 14.80   Verifying        : gnutls-3.8.3-6.el9.x86_64                            21/84 
Test OLM installation	Arrange OLM test installation	2025-05-29T18:08:21.3197795Z #14 14.80   Verifying        : grep-3.6-5.el9.x86_64                                22/84 
Test OLM installation	Arrange OLM test installation	2025-05-29T18:08:21.3198231Z #14 14.80   Verifying        : keyutils-libs-1.6.3-1.el9.x86_64                     23/84 
Test OLM installation	Arrange OLM test installation	2025-05-29T18:08:21.3198658Z #14 14.80   Verifying        : krb5-libs-1.21.1-6.el9.x86_64                        24/84 
Test OLM installation	Arrange OLM test installation	2025-05-29T18:08:21.3199113Z #14 14.80   Verifying        : libacl-2.3.1-4.el9.x86_64                            25/84 
Test OLM installation	Arrange OLM test installation	2025-05-29T18:08:21.3199516Z #14 14.80   Verifying        : libattr-2.5.1-3.el9.x86_64                           26/84 
Test OLM installation	Arrange OLM test installation	2025-05-29T18:08:21.3200053Z #14 14.80   Verifying        : libcap-2.48-9.el9_2.x86_64                           27/84 
Test OLM installation	Arrange OLM test installation	2025-05-29T18:08:21.3200643Z #14 14.80   Verifying        : libcom_err-1.46.5-7.el9.x86_64                       28/84 
Test OLM installation	Arrange OLM test installation	2025-05-29T18:08:21.3201056Z #14 14.80   Verifying        : libevent-2.1.12-8.el9_4.x86_64                       29/84 
Test OLM installation	Arrange OLM test installation	2025-05-29T18:08:21.3201466Z #14 14.80   Verifying        : libffi-3.4.2-8.el9.x86_64                            30/84 
Test OLM installation	Arrange OLM test installation	2025-05-29T18:08:21.3201874Z #14 14.80   Verifying        : libgcc-11.5.0-5.el9_5.x86_64                         31/84 
Test OLM installation	Arrange OLM test installation	2025-05-29T18:08:21.3202287Z #14 14.80   Verifying        : libgcrypt-1.10.0-11.el9.x86_64                       32/84 
Test OLM installation	Arrange OLM test installation	2025-05-29T18:08:21.3202917Z #14 14.80   Verifying        : libgpg-error-1.42-5.el9.x86_64                       33/84 
Test OLM installation	Arrange OLM test installation	2025-05-29T18:08:21.3203339Z #14 14.80   Verifying        : libidn2-2.3.0-7.el9.x86_64                           34/84 
Test OLM installation	Arrange OLM test installation	2025-05-29T18:08:21.3203750Z #14 14.80   Verifying        : libselinux-3.6-3.el9.x86_64                          35/84 
Test OLM installation	Arrange OLM test installation	2025-05-29T18:08:21.3204170Z #14 14.80   Verifying        : libsepol-3.6-2.el9.x86_64                            36/84 
Test OLM installation	Arrange OLM test installation	2025-05-29T18:08:21.3204592Z #14 14.80   Verifying        : libsigsegv-2.13-4.el9.x86_64                         37/84 
Test OLM installation	Arrange OLM test installation	2025-05-29T18:08:21.3205010Z #14 14.80   Verifying        : libtasn1-4.16.0-9.el9.x86_64                         38/84 
Test OLM installation	Arrange OLM test installation	2025-05-29T18:08:21.3205434Z #14 14.80   Verifying        : libunistring-0.9.10-15.el9.x86_64                    39/84 
Test OLM installation	Arrange OLM test installation	2025-05-29T18:08:21.3205858Z #14 14.80   Verifying        : libuuid-2.37.4-21.el9.x86_64                         40/84 
Test OLM installation	Arrange OLM test installation	2025-05-29T18:08:21.3206270Z #14 14.80   Verifying        : libverto-0.3.2-3.el9.x86_64                          41/84 
Test OLM installation	Arrange OLM test installation	2025-05-29T18:08:21.3206689Z #14 14.80   Verifying        : libxcrypt-4.4.18-3.el9.x86_64                        42/84 
Test OLM installation	Arrange OLM test installation	2025-05-29T18:08:21.3207303Z #14 14.80   Verifying        : libzstd-1.5.5-1.el9.x86_64                           43/84 
Test OLM installation	Arrange OLM test installation	2025-05-29T18:08:21.3207782Z #14 14.80   Verifying        : lksctp-tools-1.0.19-3.el9_4.x86_64                   44/84 
Test OLM installation	Arrange OLM test installation	2025-05-29T18:08:21.3208198Z #14 14.80   Verifying        : lua-libs-5.4.4-4.el9.x86_64                          45/84 
Test OLM installation	Arrange OLM test installation	2025-05-29T18:08:21.3208600Z #14 14.80   Verifying        : lz4-libs-1.9.3-5.el9.x86_64                          46/84 
Test OLM installation	Arrange OLM test installation	2025-05-29T18:08:21.3208998Z #14 14.80   Verifying        : mpfr-4.1.0-7.el9.x86_64                              47/84 
Test OLM installation	Arrange OLM test installation	2025-05-29T18:08:21.3209549Z #14 14.80   Verifying        : ncurses-base-6.2-10.20210508.el9.noarch              48/84 
Test OLM installation	Arrange OLM test installation	2025-05-29T18:08:21.3209981Z #14 14.80   Verifying        : ncurses-libs-6.2-10.20210508.el9.x86_64              49/84 
Test OLM installation	Arrange OLM test installation	2025-05-29T18:08:21.3210406Z #14 14.80   Verifying        : nettle-3.10.1-1.el9.x86_64                           50/84 
Test OLM installation	Arrange OLM test installation	2025-05-29T18:08:21.3210832Z #14 14.80   Verifying        : openssl-fips-provider-3.0.7-6.el9_5.x86_64           51/84 
Test OLM installation	Arrange OLM test installation	2025-05-29T18:08:21.3211275Z #14 14.80   Verifying        : openssl-fips-provider-so-3.0.7-6.el9_5.x86_64        52/84 
Test OLM installation	Arrange OLM test installation	2025-05-29T18:08:21.3211706Z #14 14.80   Verifying        : openssl-libs-1:3.2.2-6.el9_5.1.x86_64                53/84 
Test OLM installation	Arrange OLM test installation	2025-05-29T18:08:21.3212114Z #14 14.80   Verifying        : p11-kit-0.25.3-3.el9_5.x86_64                        54/84 
Test OLM installation	Arrange OLM test installation	2025-05-29T18:08:21.3212519Z #14 14.80   Verifying        : p11-kit-trust-0.25.3-3.el9_5.x86_64                  55/84 
Test OLM installation	Arrange OLM test installation	2025-05-29T18:08:21.3212924Z #14 14.80   Verifying        : pcre-8.44-4.el9.x86_64                               56/84 
Test OLM installation	Arrange OLM test installation	2025-05-29T18:08:21.3213326Z #14 14.80   Verifying        : pcre2-10.40-6.el9.x86_64                             57/84 
Test OLM installation	Arrange OLM test installation	2025-05-29T18:08:21.3213738Z #14 14.80   Verifying        : pcre2-syntax-10.40-6.el9.noarch                      58/84 
Test OLM installation	Arrange OLM test installation	2025-05-29T18:08:21.3214167Z #14 14.80   Verifying        : python3-3.9.21-2.el9.x86_64                          59/84 
Test OLM installation	Arrange OLM test installation	2025-05-29T18:08:21.3214581Z #14 14.80   Verifying        : python3-libs-3.9.21-2.el9.x86_64                     60/84 
Test OLM installation	Arrange OLM test installation	2025-05-29T18:08:21.3215033Z #14 14.80   Verifying        : python3-pip-wheel-21.3.1-1.el9.noarch                61/84 
Test OLM installation	Arrange OLM test installation	2025-05-29T18:08:21.3215492Z #14 14.80   Verifying        : python3-setuptools-wheel-53.0.0-13.el9.noarch        62/84 
Test OLM installation	Arrange OLM test installation	2025-05-29T18:08:21.3215929Z #14 14.80   Verifying        : readline-8.1-4.el9.x86_64                            63/84 
Test OLM installation	Arrange OLM test installation	2025-05-29T18:08:21.3216350Z #14 14.80   Verifying        : redhat-release-9.6-0.1.el9.x86_64                    64/84 
Test OLM installation	Arrange OLM test installation	2025-05-29T18:08:21.3216757Z #14 14.80   Verifying        : sed-4.8-9.el9.x86_64                                 65/84 
Test OLM installation	Arrange OLM test installation	2025-05-29T18:08:21.3217344Z #14 14.80   Verifying        : setup-2.13.7-10.el9.noarch                           66/84 
Test OLM installation	Arrange OLM test installation	2025-05-29T18:08:21.3217998Z #14 14.80   Verifying        : sqlite-libs-3.34.1-7.el9_3.x86_64                    67/84 
Test OLM installation	Arrange OLM test installation	2025-05-29T18:08:21.3218421Z #14 14.80   Verifying        : systemd-libs-252-51.el9.x86_64                       68/84 
Test OLM installation	Arrange OLM test installation	2025-05-29T18:08:21.3218842Z #14 14.80   Verifying        : tzdata-2025b-1.el9.noarch                            69/84 
Test OLM installation	Arrange OLM test installation	2025-05-29T18:08:21.3219255Z #14 14.80   Verifying        : xz-libs-5.2.5-8.el9_0.x86_64                         70/84 
Test OLM installation	Arrange OLM test installation	2025-05-29T18:08:21.3219667Z #14 14.80   Verifying        : zlib-1.2.11-40.el9.x86_64                            71/84 
Test OLM installation	Arrange OLM test installation	2025-05-29T18:08:21.3220085Z #14 14.80   Verifying        : copy-jdk-configs-4.0-3.el9.noarch                    72/84 
Test OLM installation	Arrange OLM test installation	2025-05-29T18:08:21.3220495Z #14 14.80   Verifying        : lua-5.4.4-4.el9.x86_64                               73/84 
Test OLM installation	Arrange OLM test installation	2025-05-29T18:08:21.3220900Z #14 14.80   Verifying        : lua-posix-35.0-8.el9.x86_64                          74/84 
Test OLM installation	Arrange OLM test installation	2025-05-29T18:08:21.3221312Z #14 14.80   Verifying        : alsa-lib-1.2.13-2.el9.x86_64                         75/84 
Test OLM installation	Arrange OLM test installation	2025-05-29T18:08:21.3221729Z #14 14.80   Verifying        : java-21-openjdk-headless-1:21.0.7.0.6-1.el9.x86_64   76/84 
Test OLM installation	Arrange OLM test installation	2025-05-29T18:08:21.3222173Z #14 14.80   Verifying        : javapackages-filesystem-6.4.0-1.el9.noarch           77/84 
Test OLM installation	Arrange OLM test installation	2025-05-29T18:08:21.3222602Z #14 14.80   Verifying        : nspr-4.35.0-17.el9_2.x86_64                          78/84 
Test OLM installation	Arrange OLM test installation	2025-05-29T18:08:21.3222993Z #14 14.80   Verifying        : nss-3.101.0-10.el9_2.x86_64                          79/84 
Test OLM installation	Arrange OLM test installation	2025-05-29T18:08:21.3223399Z #14 14.80   Verifying        : nss-softokn-3.101.0-10.el9_2.x86_64                  80/84 
Test OLM installation	Arrange OLM test installation	2025-05-29T18:08:21.3223824Z #14 14.80   Verifying        : nss-softokn-freebl-3.101.0-10.el9_2.x86_64           81/84 
Test OLM installation	Arrange OLM test installation	2025-05-29T18:08:21.3224250Z #14 14.80   Verifying        : nss-sysinit-3.101.0-10.el9_2.x86_64                  82/84 
Test OLM installation	Arrange OLM test installation	2025-05-29T18:08:21.3224836Z #14 14.80   Verifying        : nss-util-3.101.0-10.el9_2.x86_64                     83/84 
Test OLM installation	Arrange OLM test installation	2025-05-29T18:08:21.3225250Z #14 14.80   Verifying        : tzdata-java-2025b-1.el9.noarch                       84/84 
Test OLM installation	Arrange OLM test installation	2025-05-29T18:08:21.3225604Z #14 14.88 Installed products updated.
Test OLM installation	Arrange OLM test installation	2025-05-29T18:08:21.3225843Z #14 14.89 
Test OLM installation	Arrange OLM test installation	2025-05-29T18:08:21.3226014Z #14 14.89 Installed:
Test OLM installation	Arrange OLM test installation	2025-05-29T18:08:21.3226296Z #14 14.89   alsa-lib-1.2.13-2.el9.x86_64                                                  
Test OLM installation	Arrange OLM test installation	2025-05-29T18:08:21.3226705Z #14 14.89   alternatives-1.24-2.el9.x86_64                                                
Test OLM installation	Arrange OLM test installation	2025-05-29T18:08:21.3227301Z #14 14.89   avahi-libs-0.8-22.el9_6.x86_64                                                
Test OLM installation	Arrange OLM test installation	2025-05-29T18:08:21.3227720Z #14 14.89   basesystem-11-13.el9.noarch                                                   
Test OLM installation	Arrange OLM test installation	2025-05-29T18:08:21.3228112Z #14 14.89   bash-5.1.8-9.el9.x86_64                                                       
Test OLM installation	Arrange OLM test installation	2025-05-29T18:08:21.3228492Z #14 14.89   bzip2-libs-1.0.8-10.el9_5.x86_64                                              
Test OLM installation	Arrange OLM test installation	2025-05-29T18:08:21.3228918Z #14 14.89   ca-certificates-2024.2.69_v8.0.303-91.4.el9_4.noarch                          
Test OLM installation	Arrange OLM test installation	2025-05-29T18:08:21.3229370Z #14 14.89   copy-jdk-configs-4.0-3.el9.noarch                                             
Test OLM installation	Arrange OLM test installation	2025-05-29T18:08:21.3229811Z #14 14.89   coreutils-single-8.32-39.el9.x86_64                                           
Test OLM installation	Arrange OLM test installation	2025-05-29T18:08:21.3230279Z #14 14.89   crypto-policies-20250128-1.git5269e22.el9.noarch                              
Test OLM installation	Arrange OLM test installation	2025-05-29T18:08:21.3230783Z #14 14.89   crypto-policies-scripts-20250128-1.git5269e22.el9.noarch                      
Test OLM installation	Arrange OLM test installation	2025-05-29T18:08:21.3231246Z #14 14.89   cups-libs-1:2.3.3op2-33.el9.x86_64                                            
Test OLM installation	Arrange OLM test installation	2025-05-29T18:08:21.3231643Z #14 14.89   dbus-libs-1:1.12.20-8.el9.x86_64                                              
Test OLM installation	Arrange OLM test installation	2025-05-29T18:08:21.3232025Z #14 14.89   expat-2.5.0-5.el9_6.x86_64                                                    
Test OLM installation	Arrange OLM test installation	2025-05-29T18:08:21.3232413Z #14 14.89   filesystem-3.16-5.el9.x86_64                                                  
Test OLM installation	Arrange OLM test installation	2025-05-29T18:08:21.3232929Z #14 14.89   findutils-1:4.8.0-7.el9.x86_64                                                
Test OLM installation	Arrange OLM test installation	2025-05-29T18:08:21.3233300Z #14 14.89   gawk-5.1.0-6.el9.x86_64                                                       
Test OLM installation	Arrange OLM test installation	2025-05-29T18:08:21.3233666Z #14 14.89   gdbm-libs-1:1.23-1.el9.x86_64                                                 
Test OLM installation	Arrange OLM test installation	2025-05-29T18:08:21.3234048Z #14 14.89   glibc-2.34-168.el9_6.14.x86_64                                                
Test OLM installation	Arrange OLM test installation	2025-05-29T18:08:21.3234445Z #14 14.89   glibc-common-2.34-168.el9_6.14.x86_64                                         
Test OLM installation	Arrange OLM test installation	2025-05-29T18:08:21.3234873Z #14 14.89   glibc-langpack-en-2.34-168.el9_6.14.x86_64                                    
Test OLM installation	Arrange OLM test installation	2025-05-29T18:08:21.3235270Z #14 14.89   gmp-1:6.2.0-13.el9.x86_64                                                     
Test OLM installation	Arrange OLM test installation	2025-05-29T18:08:21.3235641Z #14 14.89   gnutls-3.8.3-6.el9.x86_64                                                     
Test OLM installation	Arrange OLM test installation	2025-05-29T18:08:21.3236005Z #14 14.89   grep-3.6-5.el9.x86_64                                                         
Test OLM installation	Arrange OLM test installation	2025-05-29T18:08:21.3236413Z #14 14.89   java-21-openjdk-headless-1:21.0.7.0.6-1.el9.x86_64                            
Test OLM installation	Arrange OLM test installation	2025-05-29T18:08:21.3236884Z #14 14.89   javapackages-filesystem-6.4.0-1.el9.noarch                                    
Test OLM installation	Arrange OLM test installation	2025-05-29T18:08:21.3237612Z #14 14.89   keyutils-libs-1.6.3-1.el9.x86_64                                              
Test OLM installation	Arrange OLM test installation	2025-05-29T18:08:21.3238018Z #14 14.89   krb5-libs-1.21.1-6.el9.x86_64                                                 
Test OLM installation	Arrange OLM test installation	2025-05-29T18:08:21.3238391Z #14 14.89   libacl-2.3.1-4.el9.x86_64                                                     
Test OLM installation	Arrange OLM test installation	2025-05-29T18:08:21.3238765Z #14 14.89   libattr-2.5.1-3.el9.x86_64                                                    
Test OLM installation	Arrange OLM test installation	2025-05-29T18:08:21.3239266Z #14 14.89   libcap-2.48-9.el9_2.x86_64                                                    
Test OLM installation	Arrange OLM test installation	2025-05-29T18:08:21.3239643Z #14 14.89   libcom_err-1.46.5-7.el9.x86_64                                                
Test OLM installation	Arrange OLM test installation	2025-05-29T18:08:21.3240031Z #14 14.89   libevent-2.1.12-8.el9_4.x86_64                                                
Test OLM installation	Arrange OLM test installation	2025-05-29T18:08:21.3240408Z #14 14.89   libffi-3.4.2-8.el9.x86_64                                                     
Test OLM installation	Arrange OLM test installation	2025-05-29T18:08:21.3240783Z #14 14.89   libgcc-11.5.0-5.el9_5.x86_64                                                  
Test OLM installation	Arrange OLM test installation	2025-05-29T18:08:21.3241171Z #14 14.89   libgcrypt-1.10.0-11.el9.x86_64                                                
Test OLM installation	Arrange OLM test installation	2025-05-29T18:08:21.3241573Z #14 14.89   libgpg-error-1.42-5.el9.x86_64                                                
Test OLM installation	Arrange OLM test installation	2025-05-29T18:08:21.3241964Z #14 14.89   libidn2-2.3.0-7.el9.x86_64                                                    
Test OLM installation	Arrange OLM test installation	2025-05-29T18:08:21.3242348Z #14 14.89   libselinux-3.6-3.el9.x86_64                                                   
Test OLM installation	Arrange OLM test installation	2025-05-29T18:08:21.3242742Z #14 14.89   libsepol-3.6-2.el9.x86_64                                                     
Test OLM installation	Arrange OLM test installation	2025-05-29T18:08:21.3243130Z #14 14.89   libsigsegv-2.13-4.el9.x86_64                                                  
Test OLM installation	Arrange OLM test installation	2025-05-29T18:08:21.3243525Z #14 14.89   libtasn1-4.16.0-9.el9.x86_64                                                  
Test OLM installation	Arrange OLM test installation	2025-05-29T18:08:21.3243944Z #14 14.89   libunistring-0.9.10-15.el9.x86_64                                             
Test OLM installation	Arrange OLM test installation	2025-05-29T18:08:21.3244348Z #14 14.89   libuuid-2.37.4-21.el9.x86_64                                                  
Test OLM installation	Arrange OLM test installation	2025-05-29T18:08:21.3244735Z #14 14.89   libverto-0.3.2-3.el9.x86_64                                                   
Test OLM installation	Arrange OLM test installation	2025-05-29T18:08:21.3245124Z #14 14.89   libxcrypt-4.4.18-3.el9.x86_64                                                 
Test OLM installation	Arrange OLM test installation	2025-05-29T18:08:21.3245508Z #14 14.89   libzstd-1.5.5-1.el9.x86_64                                                    
Test OLM installation	Arrange OLM test installation	2025-05-29T18:08:21.3245915Z #14 14.89   lksctp-tools-1.0.19-3.el9_4.x86_64                                            
Test OLM installation	Arrange OLM test installation	2025-05-29T18:08:21.3246293Z #14 14.89   lua-5.4.4-4.el9.x86_64                                                        
Test OLM installation	Arrange OLM test installation	2025-05-29T18:08:21.3246768Z #14 14.89   lua-libs-5.4.4-4.el9.x86_64                                                   
Test OLM installation	Arrange OLM test installation	2025-05-29T18:08:21.3247382Z #14 14.89   lua-posix-35.0-8.el9.x86_64                                                   
Test OLM installation	Arrange OLM test installation	2025-05-29T18:08:21.3247776Z #14 14.89   lz4-libs-1.9.3-5.el9.x86_64                                                   
Test OLM installation	Arrange OLM test installation	2025-05-29T18:08:21.3248141Z #14 14.89   mpfr-4.1.0-7.el9.x86_64                                                       
Test OLM installation	Arrange OLM test installation	2025-05-29T18:08:21.3248546Z #14 14.89   ncurses-base-6.2-10.20210508.el9.noarch                                       
Test OLM installation	Arrange OLM test installation	2025-05-29T18:08:21.3248988Z #14 14.89   ncurses-libs-6.2-10.20210508.el9.x86_64                                       
Test OLM installation	Arrange OLM test installation	2025-05-29T18:08:21.3249398Z #14 14.89   nettle-3.10.1-1.el9.x86_64                                                    
Test OLM installation	Arrange OLM test installation	2025-05-29T18:08:21.3249772Z #14 14.89   nspr-4.35.0-17.el9_2.x86_64                                                   
Test OLM installation	Arrange OLM test installation	2025-05-29T18:08:21.3250134Z #14 14.89   nss-3.101.0-10.el9_2.x86_64                                                   
Test OLM installation	Arrange OLM test installation	2025-05-29T18:08:21.3250526Z #14 14.89   nss-softokn-3.101.0-10.el9_2.x86_64                                           
Test OLM installation	Arrange OLM test installation	2025-05-29T18:08:21.3250952Z #14 14.89   nss-softokn-freebl-3.101.0-10.el9_2.x86_64                                    
Test OLM installation	Arrange OLM test installation	2025-05-29T18:08:21.3251374Z #14 14.89   nss-sysinit-3.101.0-10.el9_2.x86_64                                           
Test OLM installation	Arrange OLM test installation	2025-05-29T18:08:21.3251770Z #14 14.89   nss-util-3.101.0-10.el9_2.x86_64                                              
Test OLM installation	Arrange OLM test installation	2025-05-29T18:08:21.3252198Z #14 14.89   openssl-fips-provider-3.0.7-6.el9_5.x86_64                                    
Test OLM installation	Arrange OLM test installation	2025-05-29T18:08:21.3252662Z #14 14.89   openssl-fips-provider-so-3.0.7-6.el9_5.x86_64                                 
Test OLM installation	Arrange OLM test installation	2025-05-29T18:08:21.3253100Z #14 14.89   openssl-libs-1:3.2.2-6.el9_5.1.x86_64                                         
Test OLM installation	Arrange OLM test installation	2025-05-29T18:08:21.3253611Z #14 14.89   p11-kit-0.25.3-3.el9_5.x86_64                                                 
Test OLM installation	Arrange OLM test installation	2025-05-29T18:08:21.3253997Z #14 14.89   p11-kit-trust-0.25.3-3.el9_5.x86_64                                           
Test OLM installation	Arrange OLM test installation	2025-05-29T18:08:21.3254381Z #14 14.89   pcre-8.44-4.el9.x86_64                                                        
Test OLM installation	Arrange OLM test installation	2025-05-29T18:08:21.3254740Z #14 14.89   pcre2-10.40-6.el9.x86_64                                                      
Test OLM installation	Arrange OLM test installation	2025-05-29T18:08:21.3255135Z #14 14.89   pcre2-syntax-10.40-6.el9.noarch                                               
Test OLM installation	Arrange OLM test installation	2025-05-29T18:08:21.3255536Z #14 14.89   python3-3.9.21-2.el9.x86_64                                                   
Test OLM installation	Arrange OLM test installation	2025-05-29T18:08:21.3255930Z #14 14.89   python3-libs-3.9.21-2.el9.x86_64                                              
Test OLM installation	Arrange OLM test installation	2025-05-29T18:08:21.3256356Z #14 14.89   python3-pip-wheel-21.3.1-1.el9.noarch                                         
Test OLM installation	Arrange OLM test installation	2025-05-29T18:08:21.3256830Z #14 14.89   python3-setuptools-wheel-53.0.0-13.el9.noarch                                 
Test OLM installation	Arrange OLM test installation	2025-05-29T18:08:21.3257566Z #14 14.89   readline-8.1-4.el9.x86_64                                                     
Test OLM installation	Arrange OLM test installation	2025-05-29T18:08:21.3257984Z #14 14.89   redhat-release-9.6-0.1.el9.x86_64                                             
Test OLM installation	Arrange OLM test installation	2025-05-29T18:08:21.3258368Z #14 14.89   sed-4.8-9.el9.x86_64                                                          
Test OLM installation	Arrange OLM test installation	2025-05-29T18:08:21.3258735Z #14 14.89   setup-2.13.7-10.el9.noarch                                                    
Test OLM installation	Arrange OLM test installation	2025-05-29T18:08:21.3259129Z #14 14.89   sqlite-libs-3.34.1-7.el9_3.x86_64                                             
Test OLM installation	Arrange OLM test installation	2025-05-29T18:08:21.3259534Z #14 14.89   systemd-libs-252-51.el9.x86_64                                                
Test OLM installation	Arrange OLM test installation	2025-05-29T18:08:21.3259947Z #14 14.89   tzdata-2025b-1.el9.noarch                                                     
Test OLM installation	Arrange OLM test installation	2025-05-29T18:08:21.3260366Z #14 14.89   tzdata-java-2025b-1.el9.noarch                                                
Test OLM installation	Arrange OLM test installation	2025-05-29T18:08:21.3260774Z #14 14.89   xz-libs-5.2.5-8.el9_0.x86_64                                                  
Test OLM installation	Arrange OLM test installation	2025-05-29T18:08:21.3261146Z #14 14.89   zlib-1.2.11-40.el9.x86_64                                                     
Test OLM installation	Arrange OLM test installation	2025-05-29T18:08:21.3261575Z #14 14.89 
Test OLM installation	Arrange OLM test installation	2025-05-29T18:08:21.3261741Z #14 14.89 Complete!
Test OLM installation	Arrange OLM test installation	2025-05-29T18:08:21.3261977Z #14 15.00 + dnf --installroot /tmp/null/rootfs clean all
Test OLM installation	Arrange OLM test installation	2025-05-29T18:08:21.5561833Z #14 15.24 Updating Subscription Management repositories.
Test OLM installation	Arrange OLM test installation	2025-05-29T18:08:21.7642986Z #14 15.24 Unable to read consumer identity
Test OLM installation	Arrange OLM test installation	2025-05-29T18:08:21.7643521Z #14 15.24 
Test OLM installation	Arrange OLM test installation	2025-05-29T18:08:21.7644035Z #14 15.24 This system is not registered with an entitlement server. You can use subscription-manager to register.
Test OLM installation	Arrange OLM test installation	2025-05-29T18:08:21.7644522Z #14 15.24 
Test OLM installation	Arrange OLM test installation	2025-05-29T18:08:21.7644708Z #14 15.25 26 files removed
Test OLM installation	Arrange OLM test installation	2025-05-29T18:08:21.7645761Z #14 15.30 + rm -rf /tmp/null/rootfs/var/cache/bpf /tmp/null/rootfs/var/cache/dnf /tmp/null/rootfs/var/cache/ldconfig /tmp/null/rootfs/var/log/dnf.librepo.log /tmp/null/rootfs/var/log/dnf.log /tmp/null/rootfs/var/log/dnf.rpm.log '/tmp/null/rootfs/var/log/yum.*'
Test OLM installation	Arrange OLM test installation	2025-05-29T18:08:21.7646875Z #14 15.30 ==> Building dependency tree
Test OLM installation	Arrange OLM test installation	2025-05-29T18:08:22.0265651Z #14 15.71 ==> 42 packages to erase:
Test OLM installation	Arrange OLM test installation	2025-05-29T18:08:22.1820699Z #14 15.71 alsa-lib
Test OLM installation	Arrange OLM test installation	2025-05-29T18:08:22.1821315Z #14 15.71 avahi-libs
Test OLM installation	Arrange OLM test installation	2025-05-29T18:08:22.1822181Z #14 15.71 bzip2-libs
Test OLM installation	Arrange OLM test installation	2025-05-29T18:08:22.1822860Z #14 15.71 copy-jdk-configs
Test OLM installation	Arrange OLM test installation	2025-05-29T18:08:22.1823272Z #14 15.71 cups-libs
Test OLM installation	Arrange OLM test installation	2025-05-29T18:08:22.1823871Z #14 15.71 dbus-libs
Test OLM installation	Arrange OLM test installation	2025-05-29T18:08:22.1824206Z #14 15.71 expat
Test OLM installation	Arrange OLM test installation	2025-05-29T18:08:22.1824793Z #14 15.71 gawk
Test OLM installation	Arrange OLM test installation	2025-05-29T18:08:22.1825118Z #14 15.71 gdbm-libs
Test OLM installation	Arrange OLM test installation	2025-05-29T18:08:22.1825708Z #14 15.71 gmp
Test OLM installation	Arrange OLM test installation	2025-05-29T18:08:22.1827827Z #14 15.71 gnutls
Test OLM installation	Arrange OLM test installation	2025-05-29T18:08:22.1828238Z #14 15.71 gpg-pubkey
Test OLM installation	Arrange OLM test installation	2025-05-29T18:08:22.1828620Z #14 15.71 keyutils-libs
Test OLM installation	Arrange OLM test installation	2025-05-29T18:08:22.1828968Z #14 15.71 krb5-libs
Test OLM installation	Arrange OLM test installation	2025-05-29T18:08:22.1829701Z #14 15.71 libcom_err
Test OLM installation	Arrange OLM test installation	2025-05-29T18:08:22.1830040Z #14 15.71 libevent
Test OLM installation	Arrange OLM test installation	2025-05-29T18:08:22.1830358Z #14 15.71 libffi
Test OLM installation	Arrange OLM test installation	2025-05-29T18:08:22.1830676Z #14 15.71 libgcrypt
Test OLM installation	Arrange OLM test installation	2025-05-29T18:08:22.1833202Z #14 15.71 libgpg-error
Test OLM installation	Arrange OLM test installation	2025-05-29T18:08:22.1833608Z #14 15.71 libidn2
Test OLM installation	Arrange OLM test installation	2025-05-29T18:08:22.1833940Z #14 15.71 libunistring
Test OLM installation	Arrange OLM test installation	2025-05-29T18:08:22.1834292Z #14 15.71 libuuid
Test OLM installation	Arrange OLM test installation	2025-05-29T18:08:22.1834613Z #14 15.71 libverto
Test OLM installation	Arrange OLM test installation	2025-05-29T18:08:22.1834945Z #14 15.71 libxcrypt
Test OLM installation	Arrange OLM test installation	2025-05-29T18:08:22.1835274Z #14 15.71 libzstd
Test OLM installation	Arrange OLM test installation	2025-05-29T18:08:22.1835591Z #14 15.71 lua
Test OLM installation	Arrange OLM test installation	2025-05-29T18:08:22.1835893Z #14 15.71 lua-libs
Test OLM installation	Arrange OLM test installation	2025-05-29T18:08:22.1836226Z #14 15.71 lua-posix
Test OLM installation	Arrange OLM test installation	2025-05-29T18:08:22.1836559Z #14 15.71 lz4-libs
Test OLM installation	Arrange OLM test installation	2025-05-29T18:08:22.1836876Z #14 15.71 mpfr
Test OLM installation	Arrange OLM test installation	2025-05-29T18:08:22.1837476Z #14 15.71 nettle
Test OLM installation	Arrange OLM test installation	2025-05-29T18:08:22.1837846Z #14 15.71 openssl-fips-provider
Test OLM installation	Arrange OLM test installation	2025-05-29T18:08:22.1838310Z #14 15.71 openssl-fips-provider-so
Test OLM installation	Arrange OLM test installation	2025-05-29T18:08:22.1838761Z #14 15.71 openssl-libs
Test OLM installation	Arrange OLM test installation	2025-05-29T18:08:22.1839103Z #14 15.71 p11-kit
Test OLM installation	Arrange OLM test installation	2025-05-29T18:08:22.1839441Z #14 15.71 python3
Test OLM installation	Arrange OLM test installation	2025-05-29T18:08:22.1839769Z #14 15.71 python3-libs
Test OLM installation	Arrange OLM test installation	2025-05-29T18:08:22.1840134Z #14 15.71 python3-pip-wheel
Test OLM installation	Arrange OLM test installation	2025-05-29T18:08:22.1840553Z #14 15.71 python3-setuptools-wheel
Test OLM installation	Arrange OLM test installation	2025-05-29T18:08:22.1840992Z #14 15.71 readline
Test OLM installation	Arrange OLM test installation	2025-05-29T18:08:22.1841323Z #14 15.71 systemd-libs
Test OLM installation	Arrange OLM test installation	2025-05-29T18:08:22.1841666Z #14 15.71 xz-libs
Test OLM installation	Arrange OLM test installation	2025-05-29T18:08:22.1842026Z #14 15.72 ==> 43 packages to keep:
Test OLM installation	Arrange OLM test installation	2025-05-29T18:08:22.1842719Z #14 15.72 alternatives
Test OLM installation	Arrange OLM test installation	2025-05-29T18:08:22.1843067Z #14 15.72 basesystem
Test OLM installation	Arrange OLM test installation	2025-05-29T18:08:22.1843413Z #14 15.72 bash
Test OLM installation	Arrange OLM test installation	2025-05-29T18:08:22.1843799Z #14 15.72 ca-certificates
Test OLM installation	Arrange OLM test installation	2025-05-29T18:08:22.1844195Z #14 15.72 coreutils-single
Test OLM installation	Arrange OLM test installation	2025-05-29T18:08:22.1844576Z #14 15.72 crypto-policies
Test OLM installation	Arrange OLM test installation	2025-05-29T18:08:22.1844988Z #14 15.72 crypto-policies-scripts
Test OLM installation	Arrange OLM test installation	2025-05-29T18:08:22.1845417Z #14 15.72 filesystem
Test OLM installation	Arrange OLM test installation	2025-05-29T18:08:22.1845747Z #14 15.72 findutils
Test OLM installation	Arrange OLM test installation	2025-05-29T18:08:22.1846087Z #14 15.72 glibc
Test OLM installation	Arrange OLM test installation	2025-05-29T18:08:22.1846413Z #14 15.72 glibc-common
Test OLM installation	Arrange OLM test installation	2025-05-29T18:08:22.1846799Z #14 15.72 glibc-langpack-en
Test OLM installation	Arrange OLM test installation	2025-05-29T18:08:22.1847407Z #14 15.72 grep
Test OLM installation	Arrange OLM test installation	2025-05-29T18:08:22.1847779Z #14 15.72 java-21-openjdk-headless
Test OLM installation	Arrange OLM test installation	2025-05-29T18:08:22.1848235Z #14 15.72 javapackages-filesystem
Test OLM installation	Arrange OLM test installation	2025-05-29T18:08:22.1848658Z #14 15.72 libacl
Test OLM installation	Arrange OLM test installation	2025-05-29T18:08:22.1849384Z #14 15.72 libattr
Test OLM installation	Arrange OLM test installation	2025-05-29T18:08:22.1849717Z #14 15.72 libcap
Test OLM installation	Arrange OLM test installation	2025-05-29T18:08:22.1859729Z #14 15.72 libgcc
Test OLM installation	Arrange OLM test installation	2025-05-29T18:08:22.1860104Z #14 15.72 libselinux
Test OLM installation	Arrange OLM test installation	2025-05-29T18:08:22.1860445Z #14 15.72 libsepol
Test OLM installation	Arrange OLM test installation	2025-05-29T18:08:22.1860769Z #14 15.72 libsigsegv
Test OLM installation	Arrange OLM test installation	2025-05-29T18:08:22.1861082Z #14 15.72 libtasn1
Test OLM installation	Arrange OLM test installation	2025-05-29T18:08:22.1861400Z #14 15.72 lksctp-tools
Test OLM installation	Arrange OLM test installation	2025-05-29T18:08:22.1861737Z #14 15.72 ncurses-base
Test OLM installation	Arrange OLM test installation	2025-05-29T18:08:22.1862069Z #14 15.72 ncurses-libs
Test OLM installation	Arrange OLM test installation	2025-05-29T18:08:22.1862390Z #14 15.72 nspr
Test OLM installation	Arrange OLM test installation	2025-05-29T18:08:22.1862688Z #14 15.72 nss
Test OLM installation	Arrange OLM test installation	2025-05-29T18:08:22.1862983Z #14 15.72 nss-softokn
Test OLM installation	Arrange OLM test installation	2025-05-29T18:08:22.1863338Z #14 15.72 nss-softokn-freebl
Test OLM installation	Arrange OLM test installation	2025-05-29T18:08:22.1863720Z #14 15.72 nss-sysinit
Test OLM installation	Arrange OLM test installation	2025-05-29T18:08:22.1864038Z #14 15.72 nss-util
Test OLM installation	Arrange OLM test installation	2025-05-29T18:08:22.1864363Z #14 15.72 p11-kit-trust
Test OLM installation	Arrange OLM test installation	2025-05-29T18:08:22.1864683Z #14 15.72 pcre
Test OLM installation	Arrange OLM test installation	2025-05-29T18:08:22.1864969Z #14 15.72 pcre2
Test OLM installation	Arrange OLM test installation	2025-05-29T18:08:22.1865275Z #14 15.72 pcre2-syntax
Test OLM installation	Arrange OLM test installation	2025-05-29T18:08:22.1865617Z #14 15.72 redhat-release
Test OLM installation	Arrange OLM test installation	2025-05-29T18:08:22.1865971Z #14 15.72 sed
Test OLM installation	Arrange OLM test installation	2025-05-29T18:08:22.1866262Z #14 15.72 setup
Test OLM installation	Arrange OLM test installation	2025-05-29T18:08:22.1867653Z #14 15.72 sqlite-libs
Test OLM installation	Arrange OLM test installation	2025-05-29T18:08:22.1868222Z #14 15.72 tzdata
Test OLM installation	Arrange OLM test installation	2025-05-29T18:08:22.1868568Z #14 15.72 tzdata-java
Test OLM installation	Arrange OLM test installation	2025-05-29T18:08:22.1869091Z #14 15.72 zlib
Test OLM installation	Arrange OLM test installation	2025-05-29T18:08:22.1869399Z #14 15.72 
Test OLM installation	Arrange OLM test installation	2025-05-29T18:08:22.1869932Z #14 15.72 ==> Erasing packages
Test OLM installation	Arrange OLM test installation	2025-05-29T18:08:22.1870486Z #14 15.72 + xargs rpm -r /tmp/null/rootfs --erase --nodeps --allmatches
Test OLM installation	Arrange OLM test installation	2025-05-29T18:08:22.3346258Z #14 16.02 
Test OLM installation	Arrange OLM test installation	2025-05-29T18:08:22.3346615Z #14 16.02 ==> Packages erased ok!
Test OLM installation	Arrange OLM test installation	2025-05-29T18:08:22.5088403Z #14 DONE 16.0s
Test OLM installation	Arrange OLM test installation	2025-05-29T18:08:23.8199097Z 
Test OLM installation	Arrange OLM test installation	2025-05-29T18:08:23.8199842Z #15 [stage-1 2/4] COPY --from=ubi-micro-build /tmp/null/rootfs/ /
Test OLM installation	Arrange OLM test installation	2025-05-29T18:08:25.0212117Z #15 DONE 1.2s
Test OLM installation	Arrange OLM test installation	2025-05-29T18:08:25.1727651Z 
Test OLM installation	Arrange OLM test installation	2025-05-29T18:08:25.1728510Z #16 [stage-1 3/4] COPY --from=ubi-micro-build --chown=1000:0 /opt/keycloak /opt/keycloak
Test OLM installation	Arrange OLM test installation	2025-05-29T18:08:25.4655547Z #16 DONE 0.4s
Test OLM installation	Arrange OLM test installation	2025-05-29T18:08:25.5849131Z 
Test OLM installation	Arrange OLM test installation	2025-05-29T18:08:25.5850114Z #17 [stage-1 4/4] RUN echo "keycloak:x:0:root" >> /etc/group &&     echo "keycloak:x:1000:0:keycloak user:/opt/keycloak:/sbin/nologin" >> /etc/passwd
Test OLM installation	Arrange OLM test installation	2025-05-29T18:08:25.5851037Z #17 DONE 0.1s
Test OLM installation	Arrange OLM test installation	2025-05-29T18:08:25.7362985Z 
Test OLM installation	Arrange OLM test installation	2025-05-29T18:08:25.7363429Z #18 exporting to image
Test OLM installation	Arrange OLM test installation	2025-05-29T18:08:25.7363870Z #18 exporting layers
Test OLM installation	Arrange OLM test installation	2025-05-29T18:08:26.9957720Z #18 exporting layers 1.4s done
Test OLM installation	Arrange OLM test installation	2025-05-29T18:08:27.0126719Z #18 writing image sha256:f38d26fedba7f9389879b49ad45af3db7f68fc31e6e23d328883390b0478d394 done
Test OLM installation	Arrange OLM test installation	2025-05-29T18:08:27.0127658Z #18 naming to ttl.sh/aacb50keycloak:86400000.0.0 done
Test OLM installation	Arrange OLM test installation	2025-05-29T18:08:27.0127969Z #18 DONE 1.4s
Test OLM installation	Arrange OLM test installation	2025-05-29T18:08:27.0176979Z + docker push ttl.sh/aacb50keycloak:86400000.0.0
Test OLM installation	Arrange OLM test installation	2025-05-29T18:08:27.1966009Z The push refers to repository [ttl.sh/aacb50keycloak]
Test OLM installation	Arrange OLM test installation	2025-05-29T18:08:27.3822273Z d1cdf7170e1f: Preparing
Test OLM installation	Arrange OLM test installation	2025-05-29T18:08:27.3822750Z e12dfa6e998d: Preparing
Test OLM installation	Arrange OLM test installation	2025-05-29T18:08:27.3823109Z 6f17abf647fd: Preparing
Test OLM installation	Arrange OLM test installation	2025-05-29T18:08:27.3823479Z ef3cb51dff21: Preparing
Test OLM installation	Arrange OLM test installation	2025-05-29T18:08:31.0915710Z d1cdf7170e1f: Pushed
Test OLM installation	Arrange OLM test installation	2025-05-29T18:08:33.8755185Z ef3cb51dff21: Pushed
Test OLM installation	Arrange OLM test installation	2025-05-29T18:09:14.9163015Z 6f17abf647fd: Pushed
Test OLM installation	Arrange OLM test installation	2025-05-29T18:09:58.0631050Z error parsing HTTP 499 response body: invalid character '<' looking for beginning of value: "<!DOCTYPE html>\n<html>\n  <head>\n    <meta name=\"viewport\" content=\"width=device-width, initial-scale=1\">\n    <meta charset=\"utf-8\">\n    <title>Application Error</title>\n    <style media=\"screen\">\n      html,body,iframe {\n        margin: 0;\n        padding: 0;\n      }\n\n      html,body {\n        height: 100%;\n        overflow: hidden;\n      }\n\n      iframe {\n        width: 100%;\n        height: 100%;\n        border: 0;\n      }\n    </style>\n  </head>\n  <body>\n    <iframe src=\"https://www.herokucdn.com/error-pages/application-error.html\"></iframe>\n  </body>\n</html>"
Test OLM installation	Arrange OLM test installation	2025-05-29T18:09:58.0657834Z ##[error]Process completed with exit code 1.
Status Check - Keycloak Operator CI	Run /./.github/actions/status-check	2025-05-29T18:10:14.4865935Z Prepare all required actions
Status Check - Keycloak Operator CI	Run /./.github/actions/status-check	2025-05-29T18:10:14.5019666Z ##[group]Run ./.github/actions/status-check
Status Check - Keycloak Operator CI	Run /./.github/actions/status-check	2025-05-29T18:10:14.5020320Z with:
Status Check - Keycloak Operator CI	Run /./.github/actions/status-check	2025-05-29T18:10:14.5021820Z   jobs: {
Status Check - Keycloak Operator CI	Run /./.github/actions/status-check	  "conditional": {
Status Check - Keycloak Operator CI	Run /./.github/actions/status-check	    "result": "success",
Status Check - Keycloak Operator CI	Run /./.github/actions/status-check	    "outputs": {
Status Check - Keycloak Operator CI	Run /./.github/actions/status-check	      "operator": "true"
Status Check - Keycloak Operator CI	Run /./.github/actions/status-check	    }
Status Check - Keycloak Operator CI	Run /./.github/actions/status-check	  },
Status Check - Keycloak Operator CI	Run /./.github/actions/status-check	  "build": {
Status Check - Keycloak Operator CI	Run /./.github/actions/status-check	    "result": "success",
Status Check - Keycloak Operator CI	Run /./.github/actions/status-check	    "outputs": {}
Status Check - Keycloak Operator CI	Run /./.github/actions/status-check	  },
Status Check - Keycloak Operator CI	Run /./.github/actions/status-check	  "test-local-apiserver": {
Status Check - Keycloak Operator CI	Run /./.github/actions/status-check	    "result": "success",
Status Check - Keycloak Operator CI	Run /./.github/actions/status-check	    "outputs": {}
Status Check - Keycloak Operator CI	Run /./.github/actions/status-check	  },
Status Check - Keycloak Operator CI	Run /./.github/actions/status-check	  "test-remote": {
Status Check - Keycloak Operator CI	Run /./.github/actions/status-check	    "result": "success",
Status Check - Keycloak Operator CI	Run /./.github/actions/status-check	    "outputs": {}
Status Check - Keycloak Operator CI	Run /./.github/actions/status-check	  },
Status Check - Keycloak Operator CI	Run /./.github/actions/status-check	  "test-olm": {
Status Check - Keycloak Operator CI	Run /./.github/actions/status-check	    "result": "failure",
Status Check - Keycloak Operator CI	Run /./.github/actions/status-check	    "outputs": {}
Status Check - Keycloak Operator CI	Run /./.github/actions/status-check	  }
Status Check - Keycloak Operator CI	Run /./.github/actions/status-check	}
Status Check - Keycloak Operator CI	Run /./.github/actions/status-check	2025-05-29T18:10:14.5023553Z env:
Status Check - Keycloak Operator CI	Run /./.github/actions/status-check	2025-05-29T18:10:14.5024094Z   MAVEN_ARGS: -B -nsu -Daether.connector.http.connectionMaxTtl=25
Status Check - Keycloak Operator CI	Run /./.github/actions/status-check	2025-05-29T18:10:14.5024837Z   MINIKUBE_VERSION: v1.32.0
Status Check - Keycloak Operator CI	Run /./.github/actions/status-check	2025-05-29T18:10:14.5025324Z   KUBERNETES_VERSION: v1.27.10
Status Check - Keycloak Operator CI	Run /./.github/actions/status-check	2025-05-29T18:10:14.5025794Z   MINIKUBE_MEMORY: 4096
Status Check - Keycloak Operator CI	Run /./.github/actions/status-check	2025-05-29T18:10:14.5026207Z ##[endgroup]
Status Check - Keycloak Operator CI	Run /./.github/actions/status-check	2025-05-29T18:10:14.5131355Z ##[group]Run JOBS='{
Status Check - Keycloak Operator CI	Run /./.github/actions/status-check	2025-05-29T18:10:14.5131716Z [36;1mJOBS='{[0m
Status Check - Keycloak Operator CI	Run /./.github/actions/status-check	2025-05-29T18:10:14.5131963Z [36;1m  "conditional": {[0m
Status Check - Keycloak Operator CI	Run /./.github/actions/status-check	2025-05-29T18:10:14.5132288Z [36;1m    "result": "success",[0m
Status Check - Keycloak Operator CI	Run /./.github/actions/status-check	2025-05-29T18:10:14.5132567Z [36;1m    "outputs": {[0m
Status Check - Keycloak Operator CI	Run /./.github/actions/status-check	2025-05-29T18:10:14.5132833Z [36;1m      "operator": "true"[0m
Status Check - Keycloak Operator CI	Run /./.github/actions/status-check	2025-05-29T18:10:14.5133104Z [36;1m    }[0m
Status Check - Keycloak Operator CI	Run /./.github/actions/status-check	2025-05-29T18:10:14.5133326Z [36;1m  },[0m
Status Check - Keycloak Operator CI	Run /./.github/actions/status-check	2025-05-29T18:10:14.5133551Z [36;1m  "build": {[0m
Status Check - Keycloak Operator CI	Run /./.github/actions/status-check	2025-05-29T18:10:14.5133793Z [36;1m    "result": "success",[0m
Status Check - Keycloak Operator CI	Run /./.github/actions/status-check	2025-05-29T18:10:14.5134069Z [36;1m    "outputs": {}[0m
Status Check - Keycloak Operator CI	Run /./.github/actions/status-check	2025-05-29T18:10:14.5134319Z [36;1m  },[0m
Status Check - Keycloak Operator CI	Run /./.github/actions/status-check	2025-05-29T18:10:14.5134559Z [36;1m  "test-local-apiserver": {[0m
Status Check - Keycloak Operator CI	Run /./.github/actions/status-check	2025-05-29T18:10:14.5134859Z [36;1m    "result": "success",[0m
Status Check - Keycloak Operator CI	Run /./.github/actions/status-check	2025-05-29T18:10:14.5135131Z [36;1m    "outputs": {}[0m
Status Check - Keycloak Operator CI	Run /./.github/actions/status-check	2025-05-29T18:10:14.5135374Z [36;1m  },[0m
Status Check - Keycloak Operator CI	Run /./.github/actions/status-check	2025-05-29T18:10:14.5135600Z [36;1m  "test-remote": {[0m
Status Check - Keycloak Operator CI	Run /./.github/actions/status-check	2025-05-29T18:10:14.5135864Z [36;1m    "result": "success",[0m
Status Check - Keycloak Operator CI	Run /./.github/actions/status-check	2025-05-29T18:10:14.5136134Z [36;1m    "outputs": {}[0m
Status Check - Keycloak Operator CI	Run /./.github/actions/status-check	2025-05-29T18:10:14.5136371Z [36;1m  },[0m
Status Check - Keycloak Operator CI	Run /./.github/actions/status-check	2025-05-29T18:10:14.5136596Z [36;1m  "test-olm": {[0m
Status Check - Keycloak Operator CI	Run /./.github/actions/status-check	2025-05-29T18:10:14.5136855Z [36;1m    "result": "failure",[0m
Status Check - Keycloak Operator CI	Run /./.github/actions/status-check	2025-05-29T18:10:14.5137122Z [36;1m    "outputs": {}[0m
Status Check - Keycloak Operator CI	Run /./.github/actions/status-check	2025-05-29T18:10:14.5137377Z [36;1m  }[0m
Status Check - Keycloak Operator CI	Run /./.github/actions/status-check	2025-05-29T18:10:14.5137585Z [36;1m}'[0m
Status Check - Keycloak Operator CI	Run /./.github/actions/status-check	2025-05-29T18:10:14.5137806Z [36;1m[0m
Status Check - Keycloak Operator CI	Run /./.github/actions/status-check	2025-05-29T18:10:14.5138031Z [36;1mecho "Job status:"[0m
Status Check - Keycloak Operator CI	Run /./.github/actions/status-check	2025-05-29T18:10:14.5138692Z [36;1mecho $JOBS | jq -r 'to_entries[] | " - \(.key): \(.value.result)"'[0m
Status Check - Keycloak Operator CI	Run /./.github/actions/status-check	2025-05-29T18:10:14.5139076Z [36;1m[0m
Status Check - Keycloak Operator CI	Run /./.github/actions/status-check	2025-05-29T18:10:14.5139367Z [36;1mfor i in $(echo $JOBS | jq -r 'to_entries[] | .value.result'); do[0m
Status Check - Keycloak Operator CI	Run /./.github/actions/status-check	2025-05-29T18:10:14.5139781Z [36;1m  if [ "$i" != "success" ] && [ "$i" != "skipped" ]; then[0m
Status Check - Keycloak Operator CI	Run /./.github/actions/status-check	2025-05-29T18:10:14.5140114Z [36;1m    echo ""[0m
Status Check - Keycloak Operator CI	Run /./.github/actions/status-check	2025-05-29T18:10:14.5140368Z [36;1m    echo "Status check not okay!"[0m
Status Check - Keycloak Operator CI	Run /./.github/actions/status-check	2025-05-29T18:10:14.5140654Z [36;1m    exit 1[0m
Status Check - Keycloak Operator CI	Run /./.github/actions/status-check	2025-05-29T18:10:14.5140875Z [36;1m  fi[0m
Status Check - Keycloak Operator CI	Run /./.github/actions/status-check	2025-05-29T18:10:14.5141085Z [36;1mdone[0m
Status Check - Keycloak Operator CI	Run /./.github/actions/status-check	2025-05-29T18:10:14.5300291Z shell: /usr/bin/bash --noprofile --norc -e -o pipefail {0}
Status Check - Keycloak Operator CI	Run /./.github/actions/status-check	2025-05-29T18:10:14.5300718Z env:
Status Check - Keycloak Operator CI	Run /./.github/actions/status-check	2025-05-29T18:10:14.5301047Z   MAVEN_ARGS: -B -nsu -Daether.connector.http.connectionMaxTtl=25
Status Check - Keycloak Operator CI	Run /./.github/actions/status-check	2025-05-29T18:10:14.5301440Z   MINIKUBE_VERSION: v1.32.0
Status Check - Keycloak Operator CI	Run /./.github/actions/status-check	2025-05-29T18:10:14.5301717Z   KUBERNETES_VERSION: v1.27.10
Status Check - Keycloak Operator CI	Run /./.github/actions/status-check	2025-05-29T18:10:14.5301984Z   MINIKUBE_MEMORY: 4096
Status Check - Keycloak Operator CI	Run /./.github/actions/status-check	2025-05-29T18:10:14.5302214Z ##[endgroup]
Status Check - Keycloak Operator CI	Run /./.github/actions/status-check	2025-05-29T18:10:14.5391376Z Job status:
Status Check - Keycloak Operator CI	Run /./.github/actions/status-check	2025-05-29T18:10:14.5424132Z  - conditional: success
Status Check - Keycloak Operator CI	Run /./.github/actions/status-check	2025-05-29T18:10:14.5424472Z  - build: success
Status Check - Keycloak Operator CI	Run /./.github/actions/status-check	2025-05-29T18:10:14.5424751Z  - test-local-apiserver: success
Status Check - Keycloak Operator CI	Run /./.github/actions/status-check	2025-05-29T18:10:14.5425057Z  - test-remote: success
Status Check - Keycloak Operator CI	Run /./.github/actions/status-check	2025-05-29T18:10:14.5425318Z  - test-olm: failure
Status Check - Keycloak Operator CI	Run /./.github/actions/status-check	2025-05-29T18:10:14.5459709Z 
Status Check - Keycloak Operator CI	Run /./.github/actions/status-check	2025-05-29T18:10:14.5459911Z Status check not okay!
Status Check - Keycloak Operator CI	Run /./.github/actions/status-check	2025-05-29T18:10:14.5472420Z ##[error]Process completed with exit code 1.
