Test remote	Build Keycloak Docker images	2025-04-15T07:53:55.1121436Z ##[group]Run eval $(minikube -p minikube docker-env)
Test remote	Build Keycloak Docker images	2025-04-15T07:53:55.1121834Z [36;1meval $(minikube -p minikube docker-env)[0m
Test remote	Build Keycloak Docker images	2025-04-15T07:53:55.1122365Z [36;1m(cd quarkus/container && docker build --build-arg KEYCLOAK_DIST=$(ls keycloak-*.tar.gz) . -t keycloak:0.0.1-584434)[0m
Test remote	Build Keycloak Docker images	2025-04-15T07:53:55.1123037Z [36;1m(cd operator && ./scripts/build-testing-docker-images.sh 0.0.1-584434 keycloak custom-keycloak)[0m
Test remote	Build Keycloak Docker images	2025-04-15T07:53:55.1170801Z shell: /usr/bin/bash --noprofile --norc -e -o pipefail {0}
Test remote	Build Keycloak Docker images	2025-04-15T07:53:55.1171120Z env:
Test remote	Build Keycloak Docker images	2025-04-15T07:53:55.1171389Z   MAVEN_ARGS: -B -nsu -Daether.connector.http.connectionMaxTtl=25
Test remote	Build Keycloak Docker images	2025-04-15T07:53:55.1171730Z   MINIKUBE_VERSION: v1.32.0
Test remote	Build Keycloak Docker images	2025-04-15T07:53:55.1171983Z   KUBERNETES_VERSION: v1.27.10
Test remote	Build Keycloak Docker images	2025-04-15T07:53:55.1172209Z   MINIKUBE_MEMORY: 4096
Test remote	Build Keycloak Docker images	2025-04-15T07:53:55.1172417Z   version_remote: 0.0.1-584434
Test remote	Build Keycloak Docker images	2025-04-15T07:53:55.1172739Z   JAVA_HOME: /opt/hostedtoolcache/Java_Temurin-Hotspot_jdk/21.0.6-7/x64
Test remote	Build Keycloak Docker images	2025-04-15T07:53:55.1173207Z   JAVA_HOME_21_X64: /opt/hostedtoolcache/Java_Temurin-Hotspot_jdk/21.0.6-7/x64
Test remote	Build Keycloak Docker images	2025-04-15T07:53:55.1173610Z   MINIKUBE_HOME: /home/runner/work/_temp
Test remote	Build Keycloak Docker images	2025-04-15T07:53:55.1173856Z ##[endgroup]
Test remote	Build Keycloak Docker images	2025-04-15T07:53:55.7712370Z #0 building with "default" instance using docker driver
Test remote	Build Keycloak Docker images	2025-04-15T07:53:55.7712820Z 
Test remote	Build Keycloak Docker images	2025-04-15T07:53:55.7712969Z #1 [internal] load .dockerignore
Test remote	Build Keycloak Docker images	2025-04-15T07:53:55.7713366Z #1 transferring context: 2B done
Test remote	Build Keycloak Docker images	2025-04-15T07:53:55.7713710Z #1 DONE 0.0s
Test remote	Build Keycloak Docker images	2025-04-15T07:53:55.7713872Z 
Test remote	Build Keycloak Docker images	2025-04-15T07:53:55.7714049Z #2 [internal] load build definition from Dockerfile
Test remote	Build Keycloak Docker images	2025-04-15T07:53:55.7714819Z #2 transferring dockerfile: 2.72kB done
Test remote	Build Keycloak Docker images	2025-04-15T07:53:55.7715209Z #2 DONE 0.0s
Test remote	Build Keycloak Docker images	2025-04-15T07:53:55.7715732Z 
Test remote	Build Keycloak Docker images	2025-04-15T07:53:55.7716042Z #3 [internal] load metadata for registry.access.redhat.com/ubi9-micro:latest
Test remote	Build Keycloak Docker images	2025-04-15T07:53:56.4623908Z #3 ...
Test remote	Build Keycloak Docker images	2025-04-15T07:53:56.4624234Z 
Test remote	Build Keycloak Docker images	2025-04-15T07:53:56.4624829Z #4 [internal] load metadata for registry.access.redhat.com/ubi9:latest
Test remote	Build Keycloak Docker images	2025-04-15T07:53:56.4625561Z #4 DONE 0.8s
Test remote	Build Keycloak Docker images	2025-04-15T07:53:56.6015215Z 
Test remote	Build Keycloak Docker images	2025-04-15T07:53:56.6016163Z #3 [internal] load metadata for registry.access.redhat.com/ubi9-micro:latest
Test remote	Build Keycloak Docker images	2025-04-15T07:53:56.6017072Z #3 DONE 1.0s
Test remote	Build Keycloak Docker images	2025-04-15T07:53:56.7153896Z 
Test remote	Build Keycloak Docker images	2025-04-15T07:53:56.7156243Z #5 [ubi-micro-build 1/8] FROM registry.access.redhat.com/ubi9@sha256:ea57285741f007e83f2ee20423c20b0cbcce0b59cc3da027c671692cc7efe4dd
Test remote	Build Keycloak Docker images	2025-04-15T07:53:56.7160663Z #5 resolve registry.access.redhat.com/ubi9@sha256:ea57285741f007e83f2ee20423c20b0cbcce0b59cc3da027c671692cc7efe4dd done
Test remote	Build Keycloak Docker images	2025-04-15T07:53:56.7161948Z #5 sha256:ea57285741f007e83f2ee20423c20b0cbcce0b59cc3da027c671692cc7efe4dd 897B / 897B done
Test remote	Build Keycloak Docker images	2025-04-15T07:53:56.7163075Z #5 sha256:6db9bfa8c17ca247dcd53970df5f4e90fa423d6deaaa7096e48aba986de906e8 659B / 659B done
Test remote	Build Keycloak Docker images	2025-04-15T07:53:56.7164301Z #5 sha256:d53e845ae020df4be64d7abe1e7cae17eb5244095c5a9df2d6133e03aed6bf8e 5.17kB / 5.17kB done
Test remote	Build Keycloak Docker images	2025-04-15T07:53:56.7165659Z #5 sha256:e98f4315d8c98025e71393880225f972b254436fc5f6f69f1363f3d2fb1de16f 0B / 79.12MB 0.1s
Test remote	Build Keycloak Docker images	2025-04-15T07:53:56.7166782Z #5 sha256:15b7d555f3bb98897444b1bab43c508e55f8b8f3a00f6ca70affe9084c2c9594 0B / 459B 0.1s
Test remote	Build Keycloak Docker images	2025-04-15T07:53:56.8169246Z #5 sha256:15b7d555f3bb98897444b1bab43c508e55f8b8f3a00f6ca70affe9084c2c9594 459B / 459B 0.1s done
Test remote	Build Keycloak Docker images	2025-04-15T07:53:57.6161029Z #5 ...
Test remote	Build Keycloak Docker images	2025-04-15T07:53:57.6161344Z 
Test remote	Build Keycloak Docker images	2025-04-15T07:53:57.6161553Z #6 [internal] load build context
Test remote	Build Keycloak Docker images	2025-04-15T07:53:57.6161985Z #6 transferring context: 150.55MB 0.9s done
Test remote	Build Keycloak Docker images	2025-04-15T07:53:57.6162329Z #6 DONE 0.9s
Test remote	Build Keycloak Docker images	2025-04-15T07:53:57.6162468Z 
Test remote	Build Keycloak Docker images	2025-04-15T07:53:57.6163001Z #5 [ubi-micro-build 1/8] FROM registry.access.redhat.com/ubi9@sha256:ea57285741f007e83f2ee20423c20b0cbcce0b59cc3da027c671692cc7efe4dd
Test remote	Build Keycloak Docker images	2025-04-15T07:53:57.8157420Z #5 ...
Test remote	Build Keycloak Docker images	2025-04-15T07:53:57.8157802Z 
Test remote	Build Keycloak Docker images	2025-04-15T07:53:57.8158565Z #7 [stage-1 1/4] FROM registry.access.redhat.com/ubi9-micro@sha256:dca8bc186bb579f36414c6ad28f1dbeda33e5cf0bd5fc1c51430cc578e25f819
Test remote	Build Keycloak Docker images	2025-04-15T07:53:57.8160311Z #7 resolve registry.access.redhat.com/ubi9-micro@sha256:dca8bc186bb579f36414c6ad28f1dbeda33e5cf0bd5fc1c51430cc578e25f819 done
Test remote	Build Keycloak Docker images	2025-04-15T07:53:57.8161827Z #7 sha256:dca8bc186bb579f36414c6ad28f1dbeda33e5cf0bd5fc1c51430cc578e25f819 897B / 897B done
Test remote	Build Keycloak Docker images	2025-04-15T07:53:57.8162519Z #7 sha256:dfd6e38dfecbb306899a548be0509c2ea16ff1cf843845682948e755de1ae948 658B / 658B done
Test remote	Build Keycloak Docker images	2025-04-15T07:53:57.8163257Z #7 sha256:6f6cb97619cef736cb676c747f14363bc1db666f7738eca60160e12c4c56ee84 4.12kB / 4.12kB done
Test remote	Build Keycloak Docker images	2025-04-15T07:53:57.8163981Z #7 sha256:d949f716ce773b6952762453dba423b055fd2ae51e80707cbbb44b80d49a508f 7.24MB / 7.24MB 0.4s done
Test remote	Build Keycloak Docker images	2025-04-15T07:53:57.8164927Z #7 sha256:8c577d69454d55b6e5bffdebaaa4026898f417005e86dba1bca027935774c21f 427B / 427B 0.4s done
Test remote	Build Keycloak Docker images	2025-04-15T07:53:57.8165631Z #7 extracting sha256:d949f716ce773b6952762453dba423b055fd2ae51e80707cbbb44b80d49a508f 0.5s done
Test remote	Build Keycloak Docker images	2025-04-15T07:53:57.8166304Z #7 extracting sha256:8c577d69454d55b6e5bffdebaaa4026898f417005e86dba1bca027935774c21f done
Test remote	Build Keycloak Docker images	2025-04-15T07:53:57.8166764Z #7 DONE 1.1s
Test remote	Build Keycloak Docker images	2025-04-15T07:53:57.8166886Z 
Test remote	Build Keycloak Docker images	2025-04-15T07:53:57.8167314Z #5 [ubi-micro-build 1/8] FROM registry.access.redhat.com/ubi9@sha256:ea57285741f007e83f2ee20423c20b0cbcce0b59cc3da027c671692cc7efe4dd
Test remote	Build Keycloak Docker images	2025-04-15T07:53:58.0161553Z #5 sha256:e98f4315d8c98025e71393880225f972b254436fc5f6f69f1363f3d2fb1de16f 4.19MB / 79.12MB 1.4s
Test remote	Build Keycloak Docker images	2025-04-15T07:53:58.2156532Z #5 sha256:e98f4315d8c98025e71393880225f972b254436fc5f6f69f1363f3d2fb1de16f 10.49MB / 79.12MB 1.6s
Test remote	Build Keycloak Docker images	2025-04-15T07:53:58.4158299Z #5 sha256:e98f4315d8c98025e71393880225f972b254436fc5f6f69f1363f3d2fb1de16f 18.87MB / 79.12MB 1.8s
Test remote	Build Keycloak Docker images	2025-04-15T07:53:58.5188920Z #5 sha256:e98f4315d8c98025e71393880225f972b254436fc5f6f69f1363f3d2fb1de16f 27.26MB / 79.12MB 1.9s
Test remote	Build Keycloak Docker images	2025-04-15T07:53:58.7156291Z #5 sha256:e98f4315d8c98025e71393880225f972b254436fc5f6f69f1363f3d2fb1de16f 38.80MB / 79.12MB 2.1s
Test remote	Build Keycloak Docker images	2025-04-15T07:53:58.9156653Z #5 sha256:e98f4315d8c98025e71393880225f972b254436fc5f6f69f1363f3d2fb1de16f 58.72MB / 79.12MB 2.3s
Test remote	Build Keycloak Docker images	2025-04-15T07:53:59.1161239Z #5 sha256:e98f4315d8c98025e71393880225f972b254436fc5f6f69f1363f3d2fb1de16f 65.01MB / 79.12MB 2.5s
Test remote	Build Keycloak Docker images	2025-04-15T07:53:59.2183353Z #5 sha256:e98f4315d8c98025e71393880225f972b254436fc5f6f69f1363f3d2fb1de16f 73.40MB / 79.12MB 2.6s
Test remote	Build Keycloak Docker images	2025-04-15T07:53:59.3923751Z #5 sha256:e98f4315d8c98025e71393880225f972b254436fc5f6f69f1363f3d2fb1de16f 79.12MB / 79.12MB 2.7s
Test remote	Build Keycloak Docker images	2025-04-15T07:53:59.3926056Z #5 extracting sha256:e98f4315d8c98025e71393880225f972b254436fc5f6f69f1363f3d2fb1de16f
Test remote	Build Keycloak Docker images	2025-04-15T07:53:59.5080954Z #5 sha256:e98f4315d8c98025e71393880225f972b254436fc5f6f69f1363f3d2fb1de16f 79.12MB / 79.12MB 2.7s done
Test remote	Build Keycloak Docker images	2025-04-15T07:54:02.6669420Z #5 extracting sha256:e98f4315d8c98025e71393880225f972b254436fc5f6f69f1363f3d2fb1de16f 3.3s done
Test remote	Build Keycloak Docker images	2025-04-15T07:54:02.6672328Z #5 extracting sha256:15b7d555f3bb98897444b1bab43c508e55f8b8f3a00f6ca70affe9084c2c9594
Test remote	Build Keycloak Docker images	2025-04-15T07:54:02.7705823Z #5 extracting sha256:15b7d555f3bb98897444b1bab43c508e55f8b8f3a00f6ca70affe9084c2c9594 done
Test remote	Build Keycloak Docker images	2025-04-15T07:54:02.7706876Z #5 DONE 6.2s
Test remote	Build Keycloak Docker images	2025-04-15T07:54:02.9217519Z 
Test remote	Build Keycloak Docker images	2025-04-15T07:54:02.9218186Z #8 [ubi-micro-build 2/8] RUN dnf install -y tar gzip
Test remote	Build Keycloak Docker images	2025-04-15T07:54:03.1072424Z #8 0.336 Updating Subscription Management repositories.
Test remote	Build Keycloak Docker images	2025-04-15T07:54:03.2608883Z #8 0.336 Unable to read consumer identity
Test remote	Build Keycloak Docker images	2025-04-15T07:54:03.2609463Z #8 0.339 
Test remote	Build Keycloak Docker images	2025-04-15T07:54:03.2610003Z #8 0.339 This system is not registered with an entitlement server. You can use subscription-manager to register.
Test remote	Build Keycloak Docker images	2025-04-15T07:54:03.2610605Z #8 0.339 
Test remote	Build Keycloak Docker images	2025-04-15T07:54:07.1491194Z #8 4.378 Red Hat Universal Base Image 9 (RPMs) - BaseOS  0.0  B/s |   0  B     00:04    
Test remote	Build Keycloak Docker images	2025-04-15T07:54:07.2143816Z #8 4.378 Errors during downloading metadata for repository 'ubi-9-baseos-rpms':
Test remote	Build Keycloak Docker images	2025-04-15T07:54:07.2145539Z #8 4.378   - Curl error (7): Couldn't connect to server for https://cdn-ubi.redhat.com/content/public/ubi/dist/ubi9/9/x86_64/baseos/os/repodata/repomd.xml []
Test remote	Build Keycloak Docker images	2025-04-15T07:54:07.2147162Z #8 4.387 Error: Failed to download metadata for repo 'ubi-9-baseos-rpms': Cannot download repomd.xml: Cannot download repodata/repomd.xml: All mirrors were tried
Test remote	Build Keycloak Docker images	2025-04-15T07:54:07.2148454Z #8 ERROR: process "/bin/sh -c dnf install -y tar gzip" did not complete successfully: exit code: 1
Test remote	Build Keycloak Docker images	2025-04-15T07:54:07.2149413Z ------
Test remote	Build Keycloak Docker images	2025-04-15T07:54:07.2149760Z  > [ubi-micro-build 2/8] RUN dnf install -y tar gzip:
Test remote	Build Keycloak Docker images	2025-04-15T07:54:07.2150294Z 0.336 Updating Subscription Management repositories.
Test remote	Build Keycloak Docker images	2025-04-15T07:54:07.2150782Z 0.336 Unable to read consumer identity
Test remote	Build Keycloak Docker images	2025-04-15T07:54:07.2151164Z 0.339 
Test remote	Build Keycloak Docker images	2025-04-15T07:54:07.2151778Z 0.339 This system is not registered with an entitlement server. You can use subscription-manager to register.
Test remote	Build Keycloak Docker images	2025-04-15T07:54:07.2153795Z 0.339 
Test remote	Build Keycloak Docker images	2025-04-15T07:54:07.2154256Z 4.378 Red Hat Universal Base Image 9 (RPMs) - BaseOS  0.0  B/s |   0  B     00:04    
Test remote	Build Keycloak Docker images	2025-04-15T07:54:07.2155197Z 4.378 Errors during downloading metadata for repository 'ubi-9-baseos-rpms':
Test remote	Build Keycloak Docker images	2025-04-15T07:54:07.2156376Z 4.378   - Curl error (7): Couldn't connect to server for https://cdn-ubi.redhat.com/content/public/ubi/dist/ubi9/9/x86_64/baseos/os/repodata/repomd.xml []
Test remote	Build Keycloak Docker images	2025-04-15T07:54:07.2158010Z 4.387 Error: Failed to download metadata for repo 'ubi-9-baseos-rpms': Cannot download repomd.xml: Cannot download repodata/repomd.xml: All mirrors were tried
Test remote	Build Keycloak Docker images	2025-04-15T07:54:07.2158989Z ------
Test remote	Build Keycloak Docker images	2025-04-15T07:54:07.2159317Z Dockerfile:6
Test remote	Build Keycloak Docker images	2025-04-15T07:54:07.2159884Z --------------------
Test remote	Build Keycloak Docker images	2025-04-15T07:54:07.2160989Z    4 |     ARG KEYCLOAK_DIST=https://github.com/keycloak/keycloak/releases/download/$KEYCLOAK_VERSION/keycloak-$KEYCLOAK_VERSION.tar.gz
Test remote	Build Keycloak Docker images	2025-04-15T07:54:07.2162168Z    5 |     
Test remote	Build Keycloak Docker images	2025-04-15T07:54:07.2162624Z    6 | >>> RUN dnf install -y tar gzip
Test remote	Build Keycloak Docker images	2025-04-15T07:54:07.2163154Z    7 |     
Test remote	Build Keycloak Docker images	2025-04-15T07:54:07.2163629Z    8 |     ADD $KEYCLOAK_DIST /tmp/keycloak/
Test remote	Build Keycloak Docker images	2025-04-15T07:54:07.2164246Z --------------------
Test remote	Build Keycloak Docker images	2025-04-15T07:54:07.2165375Z ERROR: failed to solve: process "/bin/sh -c dnf install -y tar gzip" did not complete successfully: exit code: 1
Test remote	Build Keycloak Docker images	2025-04-15T07:54:07.2217495Z ##[error]Process completed with exit code 1.
Status Check - Keycloak Operator CI	Run /./.github/actions/status-check	2025-04-15T08:25:27.9762676Z Prepare all required actions
Status Check - Keycloak Operator CI	Run /./.github/actions/status-check	2025-04-15T08:25:27.9840176Z ##[group]Run ./.github/actions/status-check
Status Check - Keycloak Operator CI	Run /./.github/actions/status-check	2025-04-15T08:25:27.9840618Z with:
Status Check - Keycloak Operator CI	Run /./.github/actions/status-check	2025-04-15T08:25:27.9841731Z   jobs: {
Status Check - Keycloak Operator CI	Run /./.github/actions/status-check	  "conditional": {
Status Check - Keycloak Operator CI	Run /./.github/actions/status-check	    "result": "success",
Status Check - Keycloak Operator CI	Run /./.github/actions/status-check	    "outputs": {
Status Check - Keycloak Operator CI	Run /./.github/actions/status-check	      "operator": "true"
Status Check - Keycloak Operator CI	Run /./.github/actions/status-check	    }
Status Check - Keycloak Operator CI	Run /./.github/actions/status-check	  },
Status Check - Keycloak Operator CI	Run /./.github/actions/status-check	  "build": {
Status Check - Keycloak Operator CI	Run /./.github/actions/status-check	    "result": "success",
Status Check - Keycloak Operator CI	Run /./.github/actions/status-check	    "outputs": {}
Status Check - Keycloak Operator CI	Run /./.github/actions/status-check	  },
Status Check - Keycloak Operator CI	Run /./.github/actions/status-check	  "test-local": {
Status Check - Keycloak Operator CI	Run /./.github/actions/status-check	    "result": "success",
Status Check - Keycloak Operator CI	Run /./.github/actions/status-check	    "outputs": {}
Status Check - Keycloak Operator CI	Run /./.github/actions/status-check	  },
Status Check - Keycloak Operator CI	Run /./.github/actions/status-check	  "test-remote": {
Status Check - Keycloak Operator CI	Run /./.github/actions/status-check	    "result": "failure",
Status Check - Keycloak Operator CI	Run /./.github/actions/status-check	    "outputs": {}
Status Check - Keycloak Operator CI	Run /./.github/actions/status-check	  },
Status Check - Keycloak Operator CI	Run /./.github/actions/status-check	  "test-olm": {
Status Check - Keycloak Operator CI	Run /./.github/actions/status-check	    "result": "success",
Status Check - Keycloak Operator CI	Run /./.github/actions/status-check	    "outputs": {}
Status Check - Keycloak Operator CI	Run /./.github/actions/status-check	  }
Status Check - Keycloak Operator CI	Run /./.github/actions/status-check	}
Status Check - Keycloak Operator CI	Run /./.github/actions/status-check	2025-04-15T08:25:27.9842817Z env:
Status Check - Keycloak Operator CI	Run /./.github/actions/status-check	2025-04-15T08:25:27.9843199Z   MAVEN_ARGS: -B -nsu -Daether.connector.http.connectionMaxTtl=25
Status Check - Keycloak Operator CI	Run /./.github/actions/status-check	2025-04-15T08:25:27.9843684Z   MINIKUBE_VERSION: v1.32.0
Status Check - Keycloak Operator CI	Run /./.github/actions/status-check	2025-04-15T08:25:27.9844047Z   KUBERNETES_VERSION: v1.27.10
Status Check - Keycloak Operator CI	Run /./.github/actions/status-check	2025-04-15T08:25:27.9844372Z   MINIKUBE_MEMORY: 4096
Status Check - Keycloak Operator CI	Run /./.github/actions/status-check	2025-04-15T08:25:27.9844645Z ##[endgroup]
Status Check - Keycloak Operator CI	Run /./.github/actions/status-check	2025-04-15T08:25:28.0066926Z ##[group]Run JOBS='{
Status Check - Keycloak Operator CI	Run /./.github/actions/status-check	2025-04-15T08:25:28.0067439Z [36;1mJOBS='{[0m
Status Check - Keycloak Operator CI	Run /./.github/actions/status-check	2025-04-15T08:25:28.0067751Z [36;1m  "conditional": {[0m
Status Check - Keycloak Operator CI	Run /./.github/actions/status-check	2025-04-15T08:25:28.0068140Z [36;1m    "result": "success",[0m
Status Check - Keycloak Operator CI	Run /./.github/actions/status-check	2025-04-15T08:25:28.0068468Z [36;1m    "outputs": {[0m
Status Check - Keycloak Operator CI	Run /./.github/actions/status-check	2025-04-15T08:25:28.0068774Z [36;1m      "operator": "true"[0m
Status Check - Keycloak Operator CI	Run /./.github/actions/status-check	2025-04-15T08:25:28.0069085Z [36;1m    }[0m
Status Check - Keycloak Operator CI	Run /./.github/actions/status-check	2025-04-15T08:25:28.0069341Z [36;1m  },[0m
Status Check - Keycloak Operator CI	Run /./.github/actions/status-check	2025-04-15T08:25:28.0069614Z [36;1m  "build": {[0m
Status Check - Keycloak Operator CI	Run /./.github/actions/status-check	2025-04-15T08:25:28.0069898Z [36;1m    "result": "success",[0m
Status Check - Keycloak Operator CI	Run /./.github/actions/status-check	2025-04-15T08:25:28.0070226Z [36;1m    "outputs": {}[0m
Status Check - Keycloak Operator CI	Run /./.github/actions/status-check	2025-04-15T08:25:28.0070515Z [36;1m  },[0m
Status Check - Keycloak Operator CI	Run /./.github/actions/status-check	2025-04-15T08:25:28.0071477Z [36;1m  "test-local": {[0m
Status Check - Keycloak Operator CI	Run /./.github/actions/status-check	2025-04-15T08:25:28.0071818Z [36;1m    "result": "success",[0m
Status Check - Keycloak Operator CI	Run /./.github/actions/status-check	2025-04-15T08:25:28.0072134Z [36;1m    "outputs": {}[0m
Status Check - Keycloak Operator CI	Run /./.github/actions/status-check	2025-04-15T08:25:28.0072416Z [36;1m  },[0m
Status Check - Keycloak Operator CI	Run /./.github/actions/status-check	2025-04-15T08:25:28.0072678Z [36;1m  "test-remote": {[0m
Status Check - Keycloak Operator CI	Run /./.github/actions/status-check	2025-04-15T08:25:28.0072981Z [36;1m    "result": "failure",[0m
Status Check - Keycloak Operator CI	Run /./.github/actions/status-check	2025-04-15T08:25:28.0073297Z [36;1m    "outputs": {}[0m
Status Check - Keycloak Operator CI	Run /./.github/actions/status-check	2025-04-15T08:25:28.0073577Z [36;1m  },[0m
Status Check - Keycloak Operator CI	Run /./.github/actions/status-check	2025-04-15T08:25:28.0073836Z [36;1m  "test-olm": {[0m
Status Check - Keycloak Operator CI	Run /./.github/actions/status-check	2025-04-15T08:25:28.0074137Z [36;1m    "result": "success",[0m
Status Check - Keycloak Operator CI	Run /./.github/actions/status-check	2025-04-15T08:25:28.0074446Z [36;1m    "outputs": {}[0m
Status Check - Keycloak Operator CI	Run /./.github/actions/status-check	2025-04-15T08:25:28.0074726Z [36;1m  }[0m
Status Check - Keycloak Operator CI	Run /./.github/actions/status-check	2025-04-15T08:25:28.0074967Z [36;1m}'[0m
Status Check - Keycloak Operator CI	Run /./.github/actions/status-check	2025-04-15T08:25:28.0075230Z [36;1m[0m
Status Check - Keycloak Operator CI	Run /./.github/actions/status-check	2025-04-15T08:25:28.0075491Z [36;1mecho "Job status:"[0m
Status Check - Keycloak Operator CI	Run /./.github/actions/status-check	2025-04-15T08:25:28.0075939Z [36;1mecho $JOBS | jq -r 'to_entries[] | " - \(.key): \(.value.result)"'[0m
Status Check - Keycloak Operator CI	Run /./.github/actions/status-check	2025-04-15T08:25:28.0076360Z [36;1m[0m
Status Check - Keycloak Operator CI	Run /./.github/actions/status-check	2025-04-15T08:25:28.0076697Z [36;1mfor i in $(echo $JOBS | jq -r 'to_entries[] | .value.result'); do[0m
Status Check - Keycloak Operator CI	Run /./.github/actions/status-check	2025-04-15T08:25:28.0077183Z [36;1m  if [ "$i" != "success" ] && [ "$i" != "skipped" ]; then[0m
Status Check - Keycloak Operator CI	Run /./.github/actions/status-check	2025-04-15T08:25:28.0077559Z [36;1m    echo ""[0m
Status Check - Keycloak Operator CI	Run /./.github/actions/status-check	2025-04-15T08:25:28.0077859Z [36;1m    echo "Status check not okay!"[0m
Status Check - Keycloak Operator CI	Run /./.github/actions/status-check	2025-04-15T08:25:28.0078192Z [36;1m    exit 1[0m
Status Check - Keycloak Operator CI	Run /./.github/actions/status-check	2025-04-15T08:25:28.0078448Z [36;1m  fi[0m
Status Check - Keycloak Operator CI	Run /./.github/actions/status-check	2025-04-15T08:25:28.0078700Z [36;1mdone[0m
Status Check - Keycloak Operator CI	Run /./.github/actions/status-check	2025-04-15T08:25:28.0132671Z shell: /usr/bin/bash --noprofile --norc -e -o pipefail {0}
Status Check - Keycloak Operator CI	Run /./.github/actions/status-check	2025-04-15T08:25:28.0133195Z env:
Status Check - Keycloak Operator CI	Run /./.github/actions/status-check	2025-04-15T08:25:28.0133590Z   MAVEN_ARGS: -B -nsu -Daether.connector.http.connectionMaxTtl=25
Status Check - Keycloak Operator CI	Run /./.github/actions/status-check	2025-04-15T08:25:28.0134041Z   MINIKUBE_VERSION: v1.32.0
Status Check - Keycloak Operator CI	Run /./.github/actions/status-check	2025-04-15T08:25:28.0134381Z   KUBERNETES_VERSION: v1.27.10
Status Check - Keycloak Operator CI	Run /./.github/actions/status-check	2025-04-15T08:25:28.0134739Z   MINIKUBE_MEMORY: 4096
Status Check - Keycloak Operator CI	Run /./.github/actions/status-check	2025-04-15T08:25:28.0135293Z ##[endgroup]
Status Check - Keycloak Operator CI	Run /./.github/actions/status-check	2025-04-15T08:25:28.0234500Z Job status:
Status Check - Keycloak Operator CI	Run /./.github/actions/status-check	2025-04-15T08:25:28.0281411Z  - conditional: success
Status Check - Keycloak Operator CI	Run /./.github/actions/status-check	2025-04-15T08:25:28.0282202Z  - build: success
Status Check - Keycloak Operator CI	Run /./.github/actions/status-check	2025-04-15T08:25:28.0282743Z  - test-local: success
Status Check - Keycloak Operator CI	Run /./.github/actions/status-check	2025-04-15T08:25:28.0283290Z  - test-remote: failure
Status Check - Keycloak Operator CI	Run /./.github/actions/status-check	2025-04-15T08:25:28.0283888Z  - test-olm: success
Status Check - Keycloak Operator CI	Run /./.github/actions/status-check	2025-04-15T08:25:28.0322798Z 
Status Check - Keycloak Operator CI	Run /./.github/actions/status-check	2025-04-15T08:25:28.0323251Z Status check not okay!
Status Check - Keycloak Operator CI	Run /./.github/actions/status-check	2025-04-15T08:25:28.0339068Z ##[error]Process completed with exit code 1.
