Admin UI E2E (2, chrome)	Run Cypress	2025-03-12T00:43:24.6121662Z ##[group]Run cypress-io/github-action@v6
Admin UI E2E (2, chrome)	Run Cypress	2025-03-12T00:43:24.6122154Z with:
Admin UI E2E (2, chrome)	Run Cypress	2025-03-12T00:43:24.6122451Z   install: false
Admin UI E2E (2, chrome)	Run Cypress	2025-03-12T00:43:24.6122758Z   browser: chrome
Admin UI E2E (2, chrome)	Run Cypress	2025-03-12T00:43:24.6123115Z   wait-on: http://localhost:8080
Admin UI E2E (2, chrome)	Run Cypress	2025-03-12T00:43:24.6123547Z   working-directory: js/apps/admin-ui
Admin UI E2E (2, chrome)	Run Cypress	2025-03-12T00:43:24.6123976Z   record: false
Admin UI E2E (2, chrome)	Run Cypress	2025-03-12T00:43:24.6124316Z   publish-summary: true
Admin UI E2E (2, chrome)	Run Cypress	2025-03-12T00:43:24.6124684Z   component: false
Admin UI E2E (2, chrome)	Run Cypress	2025-03-12T00:43:24.6125004Z env:
Admin UI E2E (2, chrome)	Run Cypress	2025-03-12T00:43:24.6125467Z   MAVEN_ARGS: -B -nsu -Daether.connector.http.connectionMaxTtl=25
Admin UI E2E (2, chrome)	Run Cypress	2025-03-12T00:43:24.6126036Z   RETRY_COUNT: 3
Admin UI E2E (2, chrome)	Run Cypress	2025-03-12T00:43:24.6126382Z   WORKSPACE: keycloak-admin-ui
Admin UI E2E (2, chrome)	Run Cypress	2025-03-12T00:43:24.6126950Z   JAVA_HOME: /opt/hostedtoolcache/Java_Temurin-Hotspot_jdk/21.0.6-7/x64
Admin UI E2E (2, chrome)	Run Cypress	2025-03-12T00:43:24.6127757Z   JAVA_HOME_21_X64: /opt/hostedtoolcache/Java_Temurin-Hotspot_jdk/21.0.6-7/x64
Admin UI E2E (2, chrome)	Run Cypress	2025-03-12T00:43:24.6128397Z   SPLIT: 5
Admin UI E2E (2, chrome)	Run Cypress	2025-03-12T00:43:24.6128691Z   SPLIT_INDEX: 1
Admin UI E2E (2, chrome)	Run Cypress	2025-03-12T00:43:24.6129390Z   SPLIT_RANDOM_SEED: 60
Admin UI E2E (2, chrome)	Run Cypress	2025-03-12T00:43:24.6129801Z ##[endgroup]
Admin UI E2E (2, chrome)	Run Cypress	2025-03-12T00:43:24.8725716Z Skipping install because install parameter is false
Admin UI E2E (2, chrome)	Run Cypress	2025-03-12T00:43:24.8742858Z waiting on "http://localhost:8080" with timeout of 60 seconds
Admin UI E2E (2, chrome)	Run Cypress	2025-03-12T00:43:42.8330142Z It looks like this is your first time using Cypress: 14.1.0
Admin UI E2E (2, chrome)	Run Cypress	2025-03-12T00:43:42.8330856Z 
Admin UI E2E (2, chrome)	Run Cypress	2025-03-12T00:43:42.8353799Z [STARTED] Task without title.
Admin UI E2E (2, chrome)	Run Cypress	2025-03-12T00:43:44.3390194Z [SUCCESS] Task without title.
Admin UI E2E (2, chrome)	Run Cypress	2025-03-12T00:43:44.3394001Z 
Admin UI E2E (2, chrome)	Run Cypress	2025-03-12T00:43:44.3394240Z Opening Cypress...
Admin UI E2E (2, chrome)	Run Cypress	2025-03-12T00:43:44.9312621Z 
Admin UI E2E (2, chrome)	Run Cypress	2025-03-12T00:43:44.9313702Z DevTools listening on ws://127.0.0.1:40387/devtools/browser/57908d96-c2ab-4d2e-be0f-c9dce1f5e7fe
Admin UI E2E (2, chrome)	Run Cypress	2025-03-12T00:43:45.5364096Z (node:2774) ExperimentalWarning: `--experimental-loader` may be removed in the future; instead use `register()`:
Admin UI E2E (2, chrome)	Run Cypress	2025-03-12T00:43:45.5366584Z --import 'data:text/javascript,import { register } from "node:module"; import { pathToFileURL } from "node:url"; register("file%3A///home/runner/.cache/Cypress/14.1.0/Cypress/resources/app/node_modules/ts-node/esm/transpile-only.mjs", pathToFileURL("./"));'
Admin UI E2E (2, chrome)	Run Cypress	2025-03-12T00:43:45.5367768Z (Use `node --trace-warnings ...` to show where the warning was created)
Admin UI E2E (2, chrome)	Run Cypress	2025-03-12T00:43:51.7999479Z cypress-split: there are 41 found specs
Admin UI E2E (2, chrome)	Run Cypress	2025-03-12T00:43:51.8001105Z the first 5 specs
Admin UI E2E (2, chrome)	Run Cypress	2025-03-12T00:43:51.8002071Z - 1: /home/runner/work/keycloak/keycloak/js/apps/admin-ui/cypress/e2e/user_fed_ldap_test.spec.ts
Admin UI E2E (2, chrome)	Run Cypress	2025-03-12T00:43:51.8003540Z - 2: /home/runner/work/keycloak/keycloak/js/apps/admin-ui/cypress/e2e/users_enable_disable.spec.ts
Admin UI E2E (2, chrome)	Run Cypress	2025-03-12T00:43:51.8004962Z - 3: /home/runner/work/keycloak/keycloak/js/apps/admin-ui/cypress/e2e/clients_saml_test.spec.ts
Admin UI E2E (2, chrome)	Run Cypress	2025-03-12T00:43:51.8006549Z - 4: /home/runner/work/keycloak/keycloak/js/apps/admin-ui/cypress/e2e/realm_settings_client_profiles_test.spec.ts
Admin UI E2E (2, chrome)	Run Cypress	2025-03-12T00:43:51.8008211Z - 5: /home/runner/work/keycloak/keycloak/js/apps/admin-ui/cypress/e2e/client_registration_policies.spec.ts
Admin UI E2E (2, chrome)	Run Cypress	2025-03-12T00:43:51.8009516Z cypress-split: chunk 2 of 5
Admin UI E2E (2, chrome)	Run Cypress	2025-03-12T00:43:51.8018603Z k  spec                                            
Admin UI E2E (2, chrome)	Run Cypress	2025-03-12T00:43:51.8019459Z -  ------------------------------------------------
Admin UI E2E (2, chrome)	Run Cypress	2025-03-12T00:43:51.8020153Z 1  cypress/e2e/partial_export_test.spec.ts         
Admin UI E2E (2, chrome)	Run Cypress	2025-03-12T00:43:51.8020866Z 2  cypress/e2e/users_test.spec.ts                  
Admin UI E2E (2, chrome)	Run Cypress	2025-03-12T00:43:51.8021562Z 3  cypress/e2e/realm_test.spec.ts                  
Admin UI E2E (2, chrome)	Run Cypress	2025-03-12T00:43:51.8022240Z 4  cypress/e2e/client_initial_access.spec.ts       
Admin UI E2E (2, chrome)	Run Cypress	2025-03-12T00:43:51.8022941Z 5  cypress/e2e/client_scopes_test.spec.ts          
Admin UI E2E (2, chrome)	Run Cypress	2025-03-12T00:43:51.8023645Z 6  cypress/e2e/realm_user_registration.spec.ts     
Admin UI E2E (2, chrome)	Run Cypress	2025-03-12T00:43:51.8024363Z 7  cypress/e2e/client_scope.spec.ts                
Admin UI E2E (2, chrome)	Run Cypress	2025-03-12T00:43:51.8025076Z 8  cypress/e2e/authentication_policies_ciba.spec.ts
Admin UI E2E (2, chrome)	Run Cypress	2025-03-12T00:43:51.8025472Z 
Admin UI E2E (2, chrome)	Run Cypress	2025-03-12T00:43:52.5336532Z 
Admin UI E2E (2, chrome)	Run Cypress	2025-03-12T00:43:52.5663285Z [90m====================================================================================================[39m
Admin UI E2E (2, chrome)	Run Cypress	2025-03-12T00:43:52.5664013Z 
Admin UI E2E (2, chrome)	Run Cypress	2025-03-12T00:43:52.5665593Z [0m  ([4m[1mRun Starting[22m[24m)[0m
Admin UI E2E (2, chrome)	Run Cypress	2025-03-12T00:43:52.5665876Z 
Admin UI E2E (2, chrome)	Run Cypress	2025-03-12T00:43:52.5738995Z [90m  ┌[39m[90m─[39m[90m─[39m[90m─[39m[90m─[39m[90m─[39m[90m─[39m[90m─[39m[90m─[39m[90m─[39m[90m─[39m[90m─[39m[90m─[39m[90m─[39m[90m─[39m[90m─[39m[90m─[39m[90m─[39m[90m─[39m[90m─[39m[90m─[39m[90m─[39m[90m─[39m[90m─[39m[90m─[39m[90m─[39m[90m─[39m[90m─[39m[90m─[39m[90m─[39m[90m─[39m[90m─[39m[90m─[39m[90m─[39m[90m─[39m[90m─[39m[90m─[39m[90m─[39m[90m─[39m[90m─[39m[90m─[39m[90m─[39m[90m─[39m[90m─[39m[90m─[39m[90m─[39m[90m─[39m[90m─[39m[90m─[39m[90m─[39m[90m─[39m[90m─[39m[90m─[39m[90m─[39m[90m─[39m[90m─[39m[90m─[39m[90m─[39m[90m─[39m[90m─[39m[90m─[39m[90m─[39m[90m─[39m[90m─[39m[90m─[39m[90m─[39m[90m─[39m[90m─[39m[90m─[39m[90m─[39m[90m─[39m[90m─[39m[90m─[39m[90m─[39m[90m─[39m[90m─[39m[90m─[39m[90m─[39m[90m─[39m[90m─[39m[90m─[39m[90m─[39m[90m─[39m[90m─[39m[90m─[39m[90m─[39m[90m─[39m[90m─[39m[90m─[39m[90m─[39m[90m─[39m[90m─[39m[90m─[39m[90m─[39m[90m─[39m[90m─[39m[90m─[39m[90m┐[39m
Admin UI E2E (2, chrome)	Run Cypress	2025-03-12T00:43:52.5744002Z [90m  │[39m [90mCypress:[39m        14.1.0                                                                         [90m│[39m
Admin UI E2E (2, chrome)	Run Cypress	2025-03-12T00:43:52.5745500Z [90m  │[39m [90mBrowser:[39m        Chrome 134 [90m(headless)[39m                                                          [90m│[39m
Admin UI E2E (2, chrome)	Run Cypress	2025-03-12T00:43:52.5747324Z [90m  │[39m [90mNode Version:[39m   [0mv20.18.0 [90m(/home/runner/runners/2.322.0/externals/node20/bin/node)[39m[0m              [90m│[39m
Admin UI E2E (2, chrome)	Run Cypress	2025-03-12T00:43:52.5749479Z [90m  │[39m [90mSpecs:[39m          [0m8 found (partial_export_test.spec.ts, users_test.spec.ts, realm_test.spec.ts, [0m [90m│[39m
Admin UI E2E (2, chrome)	Run Cypress	2025-03-12T00:43:52.5751276Z [90m  │[39m                 [0mclient_initial_access.spec.ts, client_scopes_test.spec.ts, realm_user_registra[0m [90m│[39m
Admin UI E2E (2, chrome)	Run Cypress	2025-03-12T00:43:52.5752922Z [90m  │[39m                 [0mtion.spec.ts, client_scope.spec.ts, authentication_policies_ciba.spec.ts)[0m      [90m│[39m
Admin UI E2E (2, chrome)	Run Cypress	2025-03-12T00:43:52.5754164Z [90m  │[39m [90mSearched:[39m       [0mcypress/e2e/partial_export_test.spec.ts, cypress/e2e/users_test.spec.ts, cypre[0m [90m│[39m
Admin UI E2E (2, chrome)	Run Cypress	2025-03-12T00:43:52.5755102Z [90m  │[39m                 [0mss/e2e/realm_test.spec.ts, cypress/e2e/client_initial_access.spec.ts, cypress/[0m [90m│[39m
Admin UI E2E (2, chrome)	Run Cypress	2025-03-12T00:43:52.5755942Z [90m  │[39m                 [0me2e/client_scopes_test.spec.ts, cypress/e2e/realm_user_registration.spec.ts, c[0m [90m│[39m
Admin UI E2E (2, chrome)	Run Cypress	2025-03-12T00:43:52.5756797Z [90m  │[39m                 [0mypress/e2e/client_scope.spec.ts, cypress/e2e/authentication_policies_ciba.spec[0m [90m│[39m
Admin UI E2E (2, chrome)	Run Cypress	2025-03-12T00:43:52.5757512Z [90m  │[39m                 [0m.ts[0m                                                                            [90m│[39m
Admin UI E2E (2, chrome)	Run Cypress	2025-03-12T00:43:52.5758263Z [90m  │[39m [90mExperiments:[39m    experimentalMemoryManagement=true                                              [90m│[39m
Admin UI E2E (2, chrome)	Run Cypress	2025-03-12T00:43:52.5762365Z [90m  └[39m[90m─[39m[90m─[39m[90m─[39m[90m─[39m[90m─[39m[90m─[39m[90m─[39m[90m─[39m[90m─[39m[90m─[39m[90m─[39m[90m─[39m[90m─[39m[90m─[39m[90m─[39m[90m─[39m[90m─[39m[90m─[39m[90m─[39m[90m─[39m[90m─[39m[90m─[39m[90m─[39m[90m─[39m[90m─[39m[90m─[39m[90m─[39m[90m─[39m[90m─[39m[90m─[39m[90m─[39m[90m─[39m[90m─[39m[90m─[39m[90m─[39m[90m─[39m[90m─[39m[90m─[39m[90m─[39m[90m─[39m[90m─[39m[90m─[39m[90m─[39m[90m─[39m[90m─[39m[90m─[39m[90m─[39m[90m─[39m[90m─[39m[90m─[39m[90m─[39m[90m─[39m[90m─[39m[90m─[39m[90m─[39m[90m─[39m[90m─[39m[90m─[39m[90m─[39m[90m─[39m[90m─[39m[90m─[39m[90m─[39m[90m─[39m[90m─[39m[90m─[39m[90m─[39m[90m─[39m[90m─[39m[90m─[39m[90m─[39m[90m─[39m[90m─[39m[90m─[39m[90m─[39m[90m─[39m[90m─[39m[90m─[39m[90m─[39m[90m─[39m[90m─[39m[90m─[39m[90m─[39m[90m─[39m[90m─[39m[90m─[39m[90m─[39m[90m─[39m[90m─[39m[90m─[39m[90m─[39m[90m─[39m[90m─[39m[90m─[39m[90m─[39m[90m─[39m[90m┘[39m
Admin UI E2E (2, chrome)	Run Cypress	2025-03-12T00:43:52.5764811Z 
Admin UI E2E (2, chrome)	Run Cypress	2025-03-12T00:43:52.5764820Z 
Admin UI E2E (2, chrome)	Run Cypress	2025-03-12T00:43:52.5768365Z [90m─[39m[90m─[39m[90m─[39m[90m─[39m[90m─[39m[90m─[39m[90m─[39m[90m─[39m[90m─[39m[90m─[39m[90m─[39m[90m─[39m[90m─[39m[90m─[39m[90m─[39m[90m─[39m[90m─[39m[90m─[39m[90m─[39m[90m─[39m[90m─[39m[90m─[39m[90m─[39m[90m─[39m[90m─[39m[90m─[39m[90m─[39m[90m─[39m[90m─[39m[90m─[39m[90m─[39m[90m─[39m[90m─[39m[90m─[39m[90m─[39m[90m─[39m[90m─[39m[90m─[39m[90m─[39m[90m─[39m[90m─[39m[90m─[39m[90m─[39m[90m─[39m[90m─[39m[90m─[39m[90m─[39m[90m─[39m[90m─[39m[90m─[39m[90m─[39m[90m─[39m[90m─[39m[90m─[39m[90m─[39m[90m─[39m[90m─[39m[90m─[39m[90m─[39m[90m─[39m[90m─[39m[90m─[39m[90m─[39m[90m─[39m[90m─[39m[90m─[39m[90m─[39m[90m─[39m[90m─[39m[90m─[39m[90m─[39m[90m─[39m[90m─[39m[90m─[39m[90m─[39m[90m─[39m[90m─[39m[90m─[39m[90m─[39m[90m─[39m[90m─[39m[90m─[39m[90m─[39m[90m─[39m[90m─[39m[90m─[39m[90m─[39m[90m─[39m[90m─[39m[90m─[39m[90m─[39m[90m─[39m[90m─[39m[90m─[39m[90m─[39m[90m─[39m[90m─[39m[90m─[39m[90m─[39m[90m─[39m
Admin UI E2E (2, chrome)	Run Cypress	2025-03-12T00:43:52.5770834Z                                                                                                     
Admin UI E2E (2, chrome)	Run Cypress	2025-03-12T00:43:52.5771417Z   Running:  [90mpartial_export_test.spec.ts[39m                                                     [90m(1 of 8)[39m
Admin UI E2E (2, chrome)	Run Cypress	2025-03-12T00:43:59.3866813Z 
Admin UI E2E (2, chrome)	Run Cypress	2025-03-12T00:43:59.3868504Z [0m[0m
Admin UI E2E (2, chrome)	Run Cypress	2025-03-12T00:43:59.3884475Z [0m  Partial realm export[0m
Admin UI E2E (2, chrome)	Run Cypress	2025-03-12T00:44:09.8342791Z   [32m  ✓[0m[90m Closes the dialog[0m[90m (10417ms)[0m
Admin UI E2E (2, chrome)	Run Cypress	2025-03-12T00:44:12.9146147Z   [32m  ✓[0m[90m Shows a warning message[0m[90m (3013ms)[0m
Admin UI E2E (2, chrome)	Run Cypress	2025-03-12T00:44:17.3198408Z   [32m  ✓[0m[90m Exports the realm[0m[90m (3364ms)[0m
Admin UI E2E (2, chrome)	Run Cypress	2025-03-12T00:44:17.3201916Z 
Admin UI E2E (2, chrome)	Run Cypress	2025-03-12T00:44:17.3438189Z 
Admin UI E2E (2, chrome)	Run Cypress	2025-03-12T00:44:17.3441015Z [92m [0m[32m 3 passing[0m[90m (18s)[0m
Admin UI E2E (2, chrome)	Run Cypress	2025-03-12T00:44:17.3441396Z 
Admin UI E2E (2, chrome)	Run Cypress	2025-03-12T00:44:18.4191389Z 
Admin UI E2E (2, chrome)	Run Cypress	2025-03-12T00:44:18.4192776Z [32m  ([4m[1mResults[22m[24m)[39m
Admin UI E2E (2, chrome)	Run Cypress	2025-03-12T00:44:18.4209026Z 
Admin UI E2E (2, chrome)	Run Cypress	2025-03-12T00:44:18.4225778Z [90m  ┌[39m[90m─[39m[90m─[39m[90m─[39m[90m─[39m[90m─[39m[90m─[39m[90m─[39m[90m─[39m[90m─[39m[90m─[39m[90m─[39m[90m─[39m[90m─[39m[90m─[39m[90m─[39m[90m─[39m[90m─[39m[90m─[39m[90m─[39m[90m─[39m[90m─[39m[90m─[39m[90m─[39m[90m─[39m[90m─[39m[90m─[39m[90m─[39m[90m─[39m[90m─[39m[90m─[39m[90m─[39m[90m─[39m[90m─[39m[90m─[39m[90m─[39m[90m─[39m[90m─[39m[90m─[39m[90m─[39m[90m─[39m[90m─[39m[90m─[39m[90m─[39m[90m─[39m[90m─[39m[90m─[39m[90m─[39m[90m─[39m[90m─[39m[90m─[39m[90m─[39m[90m─[39m[90m─[39m[90m─[39m[90m─[39m[90m─[39m[90m─[39m[90m─[39m[90m─[39m[90m─[39m[90m─[39m[90m─[39m[90m─[39m[90m─[39m[90m─[39m[90m─[39m[90m─[39m[90m─[39m[90m─[39m[90m─[39m[90m─[39m[90m─[39m[90m─[39m[90m─[39m[90m─[39m[90m─[39m[90m─[39m[90m─[39m[90m─[39m[90m─[39m[90m─[39m[90m─[39m[90m─[39m[90m─[39m[90m─[39m[90m─[39m[90m─[39m[90m─[39m[90m─[39m[90m─[39m[90m─[39m[90m─[39m[90m─[39m[90m─[39m[90m─[39m[90m─[39m[90m┐[39m
Admin UI E2E (2, chrome)	Run Cypress	2025-03-12T00:44:18.4229310Z [90m  │[39m [90mTests:[39m        [32m3[39m                                                                                [90m│[39m
Admin UI E2E (2, chrome)	Run Cypress	2025-03-12T00:44:18.4230068Z [90m  │[39m [90mPassing:[39m      [32m3[39m                                                                                [90m│[39m
Admin UI E2E (2, chrome)	Run Cypress	2025-03-12T00:44:18.4230776Z [90m  │[39m [90mFailing:[39m      [32m0[39m                                                                                [90m│[39m
Admin UI E2E (2, chrome)	Run Cypress	2025-03-12T00:44:18.4231732Z [90m  │[39m [90mPending:[39m      [32m0[39m                                                                                [90m│[39m
Admin UI E2E (2, chrome)	Run Cypress	2025-03-12T00:44:18.4232572Z [90m  │[39m [90mSkipped:[39m      [32m0[39m                                                                                [90m│[39m
Admin UI E2E (2, chrome)	Run Cypress	2025-03-12T00:44:18.4233385Z [90m  │[39m [90mScreenshots:[39m  [32m0[39m                                                                                [90m│[39m
Admin UI E2E (2, chrome)	Run Cypress	2025-03-12T00:44:18.4234636Z [90m  │[39m [90mVideo:[39m        [32mfalse[39m                                                                            [90m│[39m
Admin UI E2E (2, chrome)	Run Cypress	2025-03-12T00:44:18.4235498Z [90m  │[39m [90mDuration:[39m     [32m17 seconds[39m                                                                       [90m│[39m
Admin UI E2E (2, chrome)	Run Cypress	2025-03-12T00:44:18.4236328Z [90m  │[39m [90mSpec Ran:[39m     [32m[32mpartial_export_test.spec.ts[32m[39m                                                      [90m│[39m
Admin UI E2E (2, chrome)	Run Cypress	2025-03-12T00:44:18.4242201Z [90m  └[39m[90m─[39m[90m─[39m[90m─[39m[90m─[39m[90m─[39m[90m─[39m[90m─[39m[90m─[39m[90m─[39m[90m─[39m[90m─[39m[90m─[39m[90m─[39m[90m─[39m[90m─[39m[90m─[39m[90m─[39m[90m─[39m[90m─[39m[90m─[39m[90m─[39m[90m─[39m[90m─[39m[90m─[39m[90m─[39m[90m─[39m[90m─[39m[90m─[39m[90m─[39m[90m─[39m[90m─[39m[90m─[39m[90m─[39m[90m─[39m[90m─[39m[90m─[39m[90m─[39m[90m─[39m[90m─[39m[90m─[39m[90m─[39m[90m─[39m[90m─[39m[90m─[39m[90m─[39m[90m─[39m[90m─[39m[90m─[39m[90m─[39m[90m─[39m[90m─[39m[90m─[39m[90m─[39m[90m─[39m[90m─[39m[90m─[39m[90m─[39m[90m─[39m[90m─[39m[90m─[39m[90m─[39m[90m─[39m[90m─[39m[90m─[39m[90m─[39m[90m─[39m[90m─[39m[90m─[39m[90m─[39m[90m─[39m[90m─[39m[90m─[39m[90m─[39m[90m─[39m[90m─[39m[90m─[39m[90m─[39m[90m─[39m[90m─[39m[90m─[39m[90m─[39m[90m─[39m[90m─[39m[90m─[39m[90m─[39m[90m─[39m[90m─[39m[90m─[39m[90m─[39m[90m─[39m[90m─[39m[90m─[39m[90m─[39m[90m─[39m[90m─[39m[90m─[39m[90m┘[39m
Admin UI E2E (2, chrome)	Run Cypress	2025-03-12T00:44:18.4245485Z 
Admin UI E2E (2, chrome)	Run Cypress	2025-03-12T00:44:18.4739200Z 
Admin UI E2E (2, chrome)	Run Cypress	2025-03-12T00:44:18.4749794Z [90m─[39m[90m─[39m[90m─[39m[90m─[39m[90m─[39m[90m─[39m[90m─[39m[90m─[39m[90m─[39m[90m─[39m[90m─[39m[90m─[39m[90m─[39m[90m─[39m[90m─[39m[90m─[39m[90m─[39m[90m─[39m[90m─[39m[90m─[39m[90m─[39m[90m─[39m[90m─[39m[90m─[39m[90m─[39m[90m─[39m[90m─[39m[90m─[39m[90m─[39m[90m─[39m[90m─[39m[90m─[39m[90m─[39m[90m─[39m[90m─[39m[90m─[39m[90m─[39m[90m─[39m[90m─[39m[90m─[39m[90m─[39m[90m─[39m[90m─[39m[90m─[39m[90m─[39m[90m─[39m[90m─[39m[90m─[39m[90m─[39m[90m─[39m[90m─[39m[90m─[39m[90m─[39m[90m─[39m[90m─[39m[90m─[39m[90m─[39m[90m─[39m[90m─[39m[90m─[39m[90m─[39m[90m─[39m[90m─[39m[90m─[39m[90m─[39m[90m─[39m[90m─[39m[90m─[39m[90m─[39m[90m─[39m[90m─[39m[90m─[39m[90m─[39m[90m─[39m[90m─[39m[90m─[39m[90m─[39m[90m─[39m[90m─[39m[90m─[39m[90m─[39m[90m─[39m[90m─[39m[90m─[39m[90m─[39m[90m─[39m[90m─[39m[90m─[39m[90m─[39m[90m─[39m[90m─[39m[90m─[39m[90m─[39m[90m─[39m[90m─[39m[90m─[39m[90m─[39m[90m─[39m[90m─[39m[90m─[39m
Admin UI E2E (2, chrome)	Run Cypress	2025-03-12T00:44:18.4752576Z                                                                                                     
Admin UI E2E (2, chrome)	Run Cypress	2025-03-12T00:44:18.4753193Z   Running:  [90musers_test.spec.ts[39m                                                              [90m(2 of 8)[39m
Admin UI E2E (2, chrome)	Run Cypress	2025-03-12T00:44:22.5645641Z 
Admin UI E2E (2, chrome)	Run Cypress	2025-03-12T00:44:22.5646650Z [0m[0m
Admin UI E2E (2, chrome)	Run Cypress	2025-03-12T00:44:22.5668587Z [0m  User creation[0m
Admin UI E2E (2, chrome)	Run Cypress	2025-03-12T00:44:27.8535176Z   [32m  ✓[0m[90m Go to create User page[0m[90m (5196ms)[0m
Admin UI E2E (2, chrome)	Run Cypress	2025-03-12T00:44:31.3884237Z   [32m  ✓[0m[90m Create user test[0m[90m (3469ms)[0m
Admin UI E2E (2, chrome)	Run Cypress	2025-03-12T00:44:34.5802936Z   [32m  ✓[0m[90m Should check temporary admin user existence[0m[90m (3026ms)[0m
Admin UI E2E (2, chrome)	Run Cypress	2025-03-12T00:44:39.3700302Z   [32m  ✓[0m[90m Create user with groups test[0m[90m (4714ms)[0m
Admin UI E2E (2, chrome)	Run Cypress	2025-03-12T00:44:46.4489590Z   [32m  ✓[0m[90m Create user with credentials test[0m[90m (7017ms)[0m
Admin UI E2E (2, chrome)	Run Cypress	2025-03-12T00:44:49.3513725Z   [32m  ✓[0m[90m Search existing user test[0m[90m (2801ms)[0m
Admin UI E2E (2, chrome)	Run Cypress	2025-03-12T00:44:51.9988688Z   [32m  ✓[0m[90m Search non-existing user test[0m[90m (2616ms)[0m
Admin UI E2E (2, chrome)	Run Cypress	2025-03-12T00:44:58.5980023Z   [32m  ✓[0m[90m User details test[0m[90m (6551ms)[0m
Admin UI E2E (2, chrome)	Run Cypress	2025-03-12T00:45:01.4572158Z   [32m  ✓[0m[90m Select Unmanaged attributes[0m[90m (2769ms)[0m
Admin UI E2E (2, chrome)	Run Cypress	2025-03-12T00:45:13.8494020Z   [32m  ✓[0m[90m User attributes test[0m[90m (12295ms)[0m
Admin UI E2E (2, chrome)	Run Cypress	2025-03-12T00:45:19.2767074Z   [32m  ✓[0m[90m User attributes with multiple values test[0m[90m (5341ms)[0m
Admin UI E2E (2, chrome)	Run Cypress	2025-03-12T00:45:23.4616454Z   [32m  ✓[0m[90m Add user to groups test[0m[90m (4097ms)[0m
Admin UI E2E (2, chrome)	Run Cypress	2025-03-12T00:45:27.1710661Z   [32m  ✓[0m[90m Leave group test[0m[90m (3641ms)[0m
Admin UI E2E (2, chrome)	Run Cypress	2025-03-12T00:45:31.2521126Z   [32m  ✓[0m[90m search and leave group[0m[90m (4032ms)[0m
Admin UI E2E (2, chrome)	Run Cypress	2025-03-12T00:45:34.8837505Z   [32m  ✓[0m[90m Go to user consents test[0m[90m (3569ms)[0m
Admin UI E2E (2, chrome)	Run Cypress	2025-03-12T00:45:37.7924302Z   [32m  ✓[0m[90m Reset credential of User with empty state[0m[90m (2861ms)[0m
Admin UI E2E (2, chrome)	Run Cypress	2025-03-12T00:45:41.0747545Z   [32m  ✓[0m[90m Reset credential of User with existing credentials[0m[90m (3233ms)[0m
Admin UI E2E (2, chrome)	Run Cypress	2025-03-12T00:45:44.1299732Z   [32m  ✓[0m[90m Edit credential label[0m[90m (3004ms)[0m
Admin UI E2E (2, chrome)	Run Cypress	2025-03-12T00:45:47.0582427Z   [32m  ✓[0m[90m Show credential data dialog[0m[90m (2865ms)[0m
Admin UI E2E (2, chrome)	Run Cypress	2025-03-12T00:45:52.0931362Z   [32m  ✓[0m[90m Delete credential[0m[90m (4988ms)[0m
Admin UI E2E (2, chrome)	Run Cypress	2025-03-12T00:45:55.0546587Z   [32m  ✓[0m[90m Delete user from search bar test[0m[90m (2906ms)[0m
Admin UI E2E (2, chrome)	Run Cypress	2025-03-12T00:45:56.9843665Z   [32m  ✓[0m[90m Delete user with groups test[0m[90m (1884ms)[0m
Admin UI E2E (2, chrome)	Run Cypress	2025-03-12T00:45:59.3104818Z   [32m  ✓[0m[90m Delete user with credential test[0m[90m (2291ms)[0m
Admin UI E2E (2, chrome)	Run Cypress	2025-03-12T00:45:59.3262531Z [0m    Identity provider links[0m
Admin UI E2E (2, chrome)	Run Cypress	2025-03-12T00:46:04.3927623Z     [32m  ✓[0m[90m Link account to IdP:  Bitbucket[0m[90m (4982ms)[0m
Admin UI E2E (2, chrome)	Run Cypress	2025-03-12T00:46:09.2868972Z     [32m  ✓[0m[90m Link account to IdP:  Facebook[0m[90m (4807ms)[0m
Admin UI E2E (2, chrome)	Run Cypress	2025-03-12T00:46:12.6410800Z     [32m  ✓[0m[90m Link account to IdP:  Keycloak-oidc[0m[90m (3310ms)[0m
Admin UI E2E (2, chrome)	Run Cypress	2025-03-12T00:46:17.0196549Z     [32m  ✓[0m[90m Link account to already added IdP fail[0m[90m (4344ms)[0m
Admin UI E2E (2, chrome)	Run Cypress	2025-03-12T00:46:21.2641789Z     [32m  ✓[0m[90m Unlink account from IdP:  Bitbucket[0m[90m (4133ms)[0m
Admin UI E2E (2, chrome)	Run Cypress	2025-03-12T00:46:25.3258727Z     [32m  ✓[0m[90m Unlink account from IdP:  Facebook[0m[90m (3949ms)[0m
Admin UI E2E (2, chrome)	Run Cypress	2025-03-12T00:46:29.9942148Z     [32m  ✓[0m[90m Unlink account from IdP:  Keycloak-oidc[0m[90m (3982ms)[0m
Admin UI E2E (2, chrome)	Run Cypress	2025-03-12T00:46:29.9943833Z [0m    Accessibility tests for users[0m
Admin UI E2E (2, chrome)	Run Cypress	2025-03-12T00:46:34.6912017Z     [32m  ✓[0m[90m Check a11y violations on load/ users list[0m[90m (4845ms)[0m
Admin UI E2E (2, chrome)	Run Cypress	2025-03-12T00:46:38.6921721Z     [32m  ✓[0m[90m Check a11y violations on empty create user form[0m[90m (3953ms)[0m
Admin UI E2E (2, chrome)	Run Cypress	2025-03-12T00:46:44.2936800Z     [32m  ✓[0m[90m Check a11y violations on user details tab[0m[90m (5545ms)[0m
Admin UI E2E (2, chrome)	Run Cypress	2025-03-12T00:46:50.1631492Z     [32m  ✓[0m[90m Check a11y violations on user credentials tab setting a password[0m[90m (5808ms)[0m
Admin UI E2E (2, chrome)	Run Cypress	2025-03-12T00:46:56.5396987Z     [32m  ✓[0m[90m Check a11y violations on user credentials tab resetting a password[0m[90m (6340ms)[0m
Admin UI E2E (2, chrome)	Run Cypress	2025-03-12T00:47:02.0773772Z     [32m  ✓[0m[90m Check a11y violations on user role mapping tab[0m[90m (5450ms)[0m
Admin UI E2E (2, chrome)	Run Cypress	2025-03-12T00:47:07.5835018Z       [33m(Attempt 1 of 4)[0m Check a11y violations on user role mapping tab assigning a role dialog
Admin UI E2E (2, chrome)	Run Cypress	2025-03-12T00:47:15.0994152Z       [33m(Attempt 2 of 4)[0m Check a11y violations on user role mapping tab assigning a role dialog
Admin UI E2E (2, chrome)	Run Cypress	2025-03-12T00:47:24.5953531Z     [32m  ✓[0m[90m Check a11y violations on user role mapping tab assigning a role dialog[0m[90m (9307ms)[0m
Admin UI E2E (2, chrome)	Run Cypress	2025-03-12T00:47:30.1449890Z     [32m  ✓[0m[90m Check a11y violations on user groups tab[0m[90m (5393ms)[0m
Admin UI E2E (2, chrome)	Run Cypress	2025-03-12T00:47:35.3881471Z     [32m  ✓[0m[90m Check a11y violations on user groups tab joining group dialog[0m[90m (5158ms)[0m
Admin UI E2E (2, chrome)	Run Cypress	2025-03-12T00:47:41.5112235Z     [32m  ✓[0m[90m Check a11y violations on user groups tab joining group[0m[90m (6039ms)[0m
Admin UI E2E (2, chrome)	Run Cypress	2025-03-12T00:47:45.9503020Z     [32m  ✓[0m[90m Check a11y violations on user consents tab[0m[90m (4399ms)[0m
Admin UI E2E (2, chrome)	Run Cypress	2025-03-12T00:47:50.6129481Z     [32m  ✓[0m[90m Check a11y violations on user identity provider links tab[0m[90m (4638ms)[0m
Admin UI E2E (2, chrome)	Run Cypress	2025-03-12T00:47:57.0246653Z     [32m  ✓[0m[90m Check a11y violations on user sessions tab[0m[90m (6326ms)[0m
Admin UI E2E (2, chrome)	Run Cypress	2025-03-12T00:48:01.9707890Z     [32m  ✓[0m[90m Check a11y violations on user deleting dialog[0m[90m (4719ms)[0m
Admin UI E2E (2, chrome)	Run Cypress	2025-03-12T00:48:01.9710743Z 
Admin UI E2E (2, chrome)	Run Cypress	2025-03-12T00:48:01.9951823Z 
Admin UI E2E (2, chrome)	Run Cypress	2025-03-12T00:48:01.9952774Z [92m [0m[32m 44 passing[0m[90m (4m)[0m
Admin UI E2E (2, chrome)	Run Cypress	2025-03-12T00:48:01.9953156Z 
Admin UI E2E (2, chrome)	Run Cypress	2025-03-12T00:48:03.0120911Z 
Admin UI E2E (2, chrome)	Run Cypress	2025-03-12T00:48:03.0122234Z [32m  ([4m[1mResults[22m[24m)[39m
Admin UI E2E (2, chrome)	Run Cypress	2025-03-12T00:48:03.0142367Z 
Admin UI E2E (2, chrome)	Run Cypress	2025-03-12T00:48:03.0157792Z [90m  ┌[39m[90m─[39m[90m─[39m[90m─[39m[90m─[39m[90m─[39m[90m─[39m[90m─[39m[90m─[39m[90m─[39m[90m─[39m[90m─[39m[90m─[39m[90m─[39m[90m─[39m[90m─[39m[90m─[39m[90m─[39m[90m─[39m[90m─[39m[90m─[39m[90m─[39m[90m─[39m[90m─[39m[90m─[39m[90m─[39m[90m─[39m[90m─[39m[90m─[39m[90m─[39m[90m─[39m[90m─[39m[90m─[39m[90m─[39m[90m─[39m[90m─[39m[90m─[39m[90m─[39m[90m─[39m[90m─[39m[90m─[39m[90m─[39m[90m─[39m[90m─[39m[90m─[39m[90m─[39m[90m─[39m[90m─[39m[90m─[39m[90m─[39m[90m─[39m[90m─[39m[90m─[39m[90m─[39m[90m─[39m[90m─[39m[90m─[39m[90m─[39m[90m─[39m[90m─[39m[90m─[39m[90m─[39m[90m─[39m[90m─[39m[90m─[39m[90m─[39m[90m─[39m[90m─[39m[90m─[39m[90m─[39m[90m─[39m[90m─[39m[90m─[39m[90m─[39m[90m─[39m[90m─[39m[90m─[39m[90m─[39m[90m─[39m[90m─[39m[90m─[39m[90m─[39m[90m─[39m[90m─[39m[90m─[39m[90m─[39m[90m─[39m[90m─[39m[90m─[39m[90m─[39m[90m─[39m[90m─[39m[90m─[39m[90m─[39m[90m─[39m[90m─[39m[90m─[39m[90m┐[39m
Admin UI E2E (2, chrome)	Run Cypress	2025-03-12T00:48:03.0162875Z [90m  │[39m [90mTests:[39m        [32m44[39m                                                                               [90m│[39m
Admin UI E2E (2, chrome)	Run Cypress	2025-03-12T00:48:03.0164130Z [90m  │[39m [90mPassing:[39m      [32m44[39m                                                                               [90m│[39m
Admin UI E2E (2, chrome)	Run Cypress	2025-03-12T00:48:03.0165361Z [90m  │[39m [90mFailing:[39m      [32m0[39m                                                                                [90m│[39m
Admin UI E2E (2, chrome)	Run Cypress	2025-03-12T00:48:03.0166499Z [90m  │[39m [90mPending:[39m      [32m0[39m                                                                                [90m│[39m
Admin UI E2E (2, chrome)	Run Cypress	2025-03-12T00:48:03.0167227Z [90m  │[39m [90mSkipped:[39m      [32m0[39m                                                                                [90m│[39m
Admin UI E2E (2, chrome)	Run Cypress	2025-03-12T00:48:03.0167954Z [90m  │[39m [90mScreenshots:[39m  [32m2[39m                                                                                [90m│[39m
Admin UI E2E (2, chrome)	Run Cypress	2025-03-12T00:48:03.0169452Z [90m  │[39m [90mVideo:[39m        [32mtrue[39m                                                                             [90m│[39m
Admin UI E2E (2, chrome)	Run Cypress	2025-03-12T00:48:03.0170195Z [90m  │[39m [90mDuration:[39m     [32m3 minutes, 39 seconds[39m                                                            [90m│[39m
Admin UI E2E (2, chrome)	Run Cypress	2025-03-12T00:48:03.0171013Z [90m  │[39m [90mSpec Ran:[39m     [32m[32musers_test.spec.ts[32m[39m                                                               [90m│[39m
Admin UI E2E (2, chrome)	Run Cypress	2025-03-12T00:48:03.0175414Z [90m  └[39m[90m─[39m[90m─[39m[90m─[39m[90m─[39m[90m─[39m[90m─[39m[90m─[39m[90m─[39m[90m─[39m[90m─[39m[90m─[39m[90m─[39m[90m─[39m[90m─[39m[90m─[39m[90m─[39m[90m─[39m[90m─[39m[90m─[39m[90m─[39m[90m─[39m[90m─[39m[90m─[39m[90m─[39m[90m─[39m[90m─[39m[90m─[39m[90m─[39m[90m─[39m[90m─[39m[90m─[39m[90m─[39m[90m─[39m[90m─[39m[90m─[39m[90m─[39m[90m─[39m[90m─[39m[90m─[39m[90m─[39m[90m─[39m[90m─[39m[90m─[39m[90m─[39m[90m─[39m[90m─[39m[90m─[39m[90m─[39m[90m─[39m[90m─[39m[90m─[39m[90m─[39m[90m─[39m[90m─[39m[90m─[39m[90m─[39m[90m─[39m[90m─[39m[90m─[39m[90m─[39m[90m─[39m[90m─[39m[90m─[39m[90m─[39m[90m─[39m[90m─[39m[90m─[39m[90m─[39m[90m─[39m[90m─[39m[90m─[39m[90m─[39m[90m─[39m[90m─[39m[90m─[39m[90m─[39m[90m─[39m[90m─[39m[90m─[39m[90m─[39m[90m─[39m[90m─[39m[90m─[39m[90m─[39m[90m─[39m[90m─[39m[90m─[39m[90m─[39m[90m─[39m[90m─[39m[90m─[39m[90m─[39m[90m─[39m[90m─[39m[90m─[39m[90m─[39m[90m┘[39m
Admin UI E2E (2, chrome)	Run Cypress	2025-03-12T00:48:03.0177689Z 
Admin UI E2E (2, chrome)	Run Cypress	2025-03-12T00:48:03.0177701Z 
Admin UI E2E (2, chrome)	Run Cypress	2025-03-12T00:48:03.0177928Z [33m  ([4m[1mScreenshots[22m[24m)[39m
Admin UI E2E (2, chrome)	Run Cypress	2025-03-12T00:48:03.0178117Z 
Admin UI E2E (2, chrome)	Run Cypress	2025-03-12T00:48:03.0179170Z [90m [39m -  [0m/home/runner/work/keycloak/keycloak/js/apps/admin-ui/cypress/screenshots/users_t[0m     [90m[90m(1280x633)[90m[39m
Admin UI E2E (2, chrome)	Run Cypress	2025-03-12T00:48:03.0180970Z [90m [39m    [0mest.spec.ts/User creation -- Accessibility tests for users -- Check a11y violati[0m               
Admin UI E2E (2, chrome)	Run Cypress	2025-03-12T00:48:03.0182483Z [90m [39m    [0mons on user role mapping tab assigning a role dialog (failed).png[0m                              
Admin UI E2E (2, chrome)	Run Cypress	2025-03-12T00:48:03.0184157Z [90m [39m -  [0m/home/runner/work/keycloak/keycloak/js/apps/admin-ui/cypress/screenshots/users_t[0m     [90m[90m(1280x633)[90m[39m
Admin UI E2E (2, chrome)	Run Cypress	2025-03-12T00:48:03.0185744Z [90m [39m    [0mest.spec.ts/User creation -- Accessibility tests for users -- Check a11y violati[0m               
Admin UI E2E (2, chrome)	Run Cypress	2025-03-12T00:48:03.0187163Z [90m [39m    [0mons on user role mapping tab assigning a role dialog (failed) (attempt 2).png[0m                  
Admin UI E2E (2, chrome)	Run Cypress	2025-03-12T00:48:03.0187730Z 
Admin UI E2E (2, chrome)	Run Cypress	2025-03-12T00:48:03.0527114Z 
Admin UI E2E (2, chrome)	Run Cypress	2025-03-12T00:48:03.0528665Z [36m  ([4m[1mVideo[22m[24m)[39m
Admin UI E2E (2, chrome)	Run Cypress	2025-03-12T00:48:03.0529306Z 
Admin UI E2E (2, chrome)	Run Cypress	2025-03-12T00:48:03.0530271Z   -  Video output: [36m/home/runner/work/keycloak/keycloak/js/apps/admin-ui/cypress/videos/users_test.spec.ts.mp4[39m
Admin UI E2E (2, chrome)	Run Cypress	2025-03-12T00:48:03.0531122Z 
Admin UI E2E (2, chrome)	Run Cypress	2025-03-12T00:48:03.0531147Z 
Admin UI E2E (2, chrome)	Run Cypress	2025-03-12T00:48:03.0542999Z [90m─[39m[90m─[39m[90m─[39m[90m─[39m[90m─[39m[90m─[39m[90m─[39m[90m─[39m[90m─[39m[90m─[39m[90m─[39m[90m─[39m[90m─[39m[90m─[39m[90m─[39m[90m─[39m[90m─[39m[90m─[39m[90m─[39m[90m─[39m[90m─[39m[90m─[39m[90m─[39m[90m─[39m[90m─[39m[90m─[39m[90m─[39m[90m─[39m[90m─[39m[90m─[39m[90m─[39m[90m─[39m[90m─[39m[90m─[39m[90m─[39m[90m─[39m[90m─[39m[90m─[39m[90m─[39m[90m─[39m[90m─[39m[90m─[39m[90m─[39m[90m─[39m[90m─[39m[90m─[39m[90m─[39m[90m─[39m[90m─[39m[90m─[39m[90m─[39m[90m─[39m[90m─[39m[90m─[39m[90m─[39m[90m─[39m[90m─[39m[90m─[39m[90m─[39m[90m─[39m[90m─[39m[90m─[39m[90m─[39m[90m─[39m[90m─[39m[90m─[39m[90m─[39m[90m─[39m[90m─[39m[90m─[39m[90m─[39m[90m─[39m[90m─[39m[90m─[39m[90m─[39m[90m─[39m[90m─[39m[90m─[39m[90m─[39m[90m─[39m[90m─[39m[90m─[39m[90m─[39m[90m─[39m[90m─[39m[90m─[39m[90m─[39m[90m─[39m[90m─[39m[90m─[39m[90m─[39m[90m─[39m[90m─[39m[90m─[39m[90m─[39m[90m─[39m[90m─[39m[90m─[39m[90m─[39m[90m─[39m
Admin UI E2E (2, chrome)	Run Cypress	2025-03-12T00:48:03.0549914Z                                                                                                     
Admin UI E2E (2, chrome)	Run Cypress	2025-03-12T00:48:03.0550928Z   Running:  [90mrealm_test.spec.ts[39m                                                              [90m(3 of 8)[39m
Admin UI E2E (2, chrome)	Run Cypress	2025-03-12T00:48:06.8976883Z 
Admin UI E2E (2, chrome)	Run Cypress	2025-03-12T00:48:06.8977753Z [0m[0m
Admin UI E2E (2, chrome)	Run Cypress	2025-03-12T00:48:06.9060746Z [0m  Realm tests[0m
Admin UI E2E (2, chrome)	Run Cypress	2025-03-12T00:48:11.3193964Z   [32m  ✓[0m[90m should fail creating duplicated or empty name realm[0m[90m (4401ms)[0m
Admin UI E2E (2, chrome)	Run Cypress	2025-03-12T00:48:15.6229133Z   [32m  ✓[0m[90m should create Test realm[0m[90m (4227ms)[0m
Admin UI E2E (2, chrome)	Run Cypress	2025-03-12T00:48:26.0730587Z   [32m  ✓[0m[90m CRUD test of Disabled realm[0m[90m (10376ms)[0m
Admin UI E2E (2, chrome)	Run Cypress	2025-03-12T00:48:30.9901925Z   [32m  ✓[0m[90m should create realm from new a realm[0m[90m (4860ms)[0m
Admin UI E2E (2, chrome)	Run Cypress	2025-03-12T00:48:33.0409830Z   [32m  ✓[0m[90m should change to Test realm[0m[90m (1994ms)[0m
Admin UI E2E (2, chrome)	Run Cypress	2025-03-12T00:48:38.1173652Z   [32m  ✓[0m[90m should create realm with special characters[0m[90m (3754ms)[0m
Admin UI E2E (2, chrome)	Run Cypress	2025-03-12T00:48:38.1199260Z 
Admin UI E2E (2, chrome)	Run Cypress	2025-03-12T00:48:38.1579362Z 
Admin UI E2E (2, chrome)	Run Cypress	2025-03-12T00:48:38.1590955Z [92m [0m[32m 6 passing[0m[90m (31s)[0m
Admin UI E2E (2, chrome)	Run Cypress	2025-03-12T00:48:38.1594731Z 
Admin UI E2E (2, chrome)	Run Cypress	2025-03-12T00:48:39.1751886Z 
Admin UI E2E (2, chrome)	Run Cypress	2025-03-12T00:48:39.1753279Z [32m  ([4m[1mResults[22m[24m)[39m
Admin UI E2E (2, chrome)	Run Cypress	2025-03-12T00:48:39.1757127Z 
Admin UI E2E (2, chrome)	Run Cypress	2025-03-12T00:48:39.1770390Z [90m  ┌[39m[90m─[39m[90m─[39m[90m─[39m[90m─[39m[90m─[39m[90m─[39m[90m─[39m[90m─[39m[90m─[39m[90m─[39m[90m─[39m[90m─[39m[90m─[39m[90m─[39m[90m─[39m[90m─[39m[90m─[39m[90m─[39m[90m─[39m[90m─[39m[90m─[39m[90m─[39m[90m─[39m[90m─[39m[90m─[39m[90m─[39m[90m─[39m[90m─[39m[90m─[39m[90m─[39m[90m─[39m[90m─[39m[90m─[39m[90m─[39m[90m─[39m[90m─[39m[90m─[39m[90m─[39m[90m─[39m[90m─[39m[90m─[39m[90m─[39m[90m─[39m[90m─[39m[90m─[39m[90m─[39m[90m─[39m[90m─[39m[90m─[39m[90m─[39m[90m─[39m[90m─[39m[90m─[39m[90m─[39m[90m─[39m[90m─[39m[90m─[39m[90m─[39m[90m─[39m[90m─[39m[90m─[39m[90m─[39m[90m─[39m[90m─[39m[90m─[39m[90m─[39m[90m─[39m[90m─[39m[90m─[39m[90m─[39m[90m─[39m[90m─[39m[90m─[39m[90m─[39m[90m─[39m[90m─[39m[90m─[39m[90m─[39m[90m─[39m[90m─[39m[90m─[39m[90m─[39m[90m─[39m[90m─[39m[90m─[39m[90m─[39m[90m─[39m[90m─[39m[90m─[39m[90m─[39m[90m─[39m[90m─[39m[90m─[39m[90m─[39m[90m─[39m[90m─[39m[90m┐[39m
Admin UI E2E (2, chrome)	Run Cypress	2025-03-12T00:48:39.1774742Z [90m  │[39m [90mTests:[39m        [32m6[39m                                                                                [90m│[39m
Admin UI E2E (2, chrome)	Run Cypress	2025-03-12T00:48:39.1775903Z [90m  │[39m [90mPassing:[39m      [32m6[39m                                                                                [90m│[39m
Admin UI E2E (2, chrome)	Run Cypress	2025-03-12T00:48:39.1777049Z [90m  │[39m [90mFailing:[39m      [32m0[39m                                                                                [90m│[39m
Admin UI E2E (2, chrome)	Run Cypress	2025-03-12T00:48:39.1778994Z [90m  │[39m [90mPending:[39m      [32m0[39m                                                                                [90m│[39m
Admin UI E2E (2, chrome)	Run Cypress	2025-03-12T00:48:39.1780235Z [90m  │[39m [90mSkipped:[39m      [32m0[39m                                                                                [90m│[39m
Admin UI E2E (2, chrome)	Run Cypress	2025-03-12T00:48:39.1781535Z [90m  │[39m [90mScreenshots:[39m  [32m0[39m                                                                                [90m│[39m
Admin UI E2E (2, chrome)	Run Cypress	2025-03-12T00:48:39.1782795Z [90m  │[39m [90mVideo:[39m        [32mfalse[39m                                                                            [90m│[39m
Admin UI E2E (2, chrome)	Run Cypress	2025-03-12T00:48:39.1784097Z [90m  │[39m [90mDuration:[39m     [32m31 seconds[39m                                                                       [90m│[39m
Admin UI E2E (2, chrome)	Run Cypress	2025-03-12T00:48:39.1785481Z [90m  │[39m [90mSpec Ran:[39m     [32m[32mrealm_test.spec.ts[32m[39m                                                               [90m│[39m
Admin UI E2E (2, chrome)	Run Cypress	2025-03-12T00:48:39.1792430Z [90m  └[39m[90m─[39m[90m─[39m[90m─[39m[90m─[39m[90m─[39m[90m─[39m[90m─[39m[90m─[39m[90m─[39m[90m─[39m[90m─[39m[90m─[39m[90m─[39m[90m─[39m[90m─[39m[90m─[39m[90m─[39m[90m─[39m[90m─[39m[90m─[39m[90m─[39m[90m─[39m[90m─[39m[90m─[39m[90m─[39m[90m─[39m[90m─[39m[90m─[39m[90m─[39m[90m─[39m[90m─[39m[90m─[39m[90m─[39m[90m─[39m[90m─[39m[90m─[39m[90m─[39m[90m─[39m[90m─[39m[90m─[39m[90m─[39m[90m─[39m[90m─[39m[90m─[39m[90m─[39m[90m─[39m[90m─[39m[90m─[39m[90m─[39m[90m─[39m[90m─[39m[90m─[39m[90m─[39m[90m─[39m[90m─[39m[90m─[39m[90m─[39m[90m─[39m[90m─[39m[90m─[39m[90m─[39m[90m─[39m[90m─[39m[90m─[39m[90m─[39m[90m─[39m[90m─[39m[90m─[39m[90m─[39m[90m─[39m[90m─[39m[90m─[39m[90m─[39m[90m─[39m[90m─[39m[90m─[39m[90m─[39m[90m─[39m[90m─[39m[90m─[39m[90m─[39m[90m─[39m[90m─[39m[90m─[39m[90m─[39m[90m─[39m[90m─[39m[90m─[39m[90m─[39m[90m─[39m[90m─[39m[90m─[39m[90m─[39m[90m─[39m[90m─[39m[90m─[39m[90m┘[39m
Admin UI E2E (2, chrome)	Run Cypress	2025-03-12T00:48:39.1796389Z 
Admin UI E2E (2, chrome)	Run Cypress	2025-03-12T00:48:39.2150952Z 
Admin UI E2E (2, chrome)	Run Cypress	2025-03-12T00:48:39.2245185Z [90m─[39m[90m─[39m[90m─[39m[90m─[39m[90m─[39m[90m─[39m[90m─[39m[90m─[39m[90m─[39m[90m─[39m[90m─[39m[90m─[39m[90m─[39m[90m─[39m[90m─[39m[90m─[39m[90m─[39m[90m─[39m[90m─[39m[90m─[39m[90m─[39m[90m─[39m[90m─[39m[90m─[39m[90m─[39m[90m─[39m[90m─[39m[90m─[39m[90m─[39m[90m─[39m[90m─[39m[90m─[39m[90m─[39m[90m─[39m[90m─[39m[90m─[39m[90m─[39m[90m─[39m[90m─[39m[90m─[39m[90m─[39m[90m─[39m[90m─[39m[90m─[39m[90m─[39m[90m─[39m[90m─[39m[90m─[39m[90m─[39m[90m─[39m[90m─[39m[90m─[39m[90m─[39m[90m─[39m[90m─[39m[90m─[39m[90m─[39m[90m─[39m[90m─[39m[90m─[39m[90m─[39m[90m─[39m[90m─[39m[90m─[39m[90m─[39m[90m─[39m[90m─[39m[90m─[39m[90m─[39m[90m─[39m[90m─[39m[90m─[39m[90m─[39m[90m─[39m[90m─[39m[90m─[39m[90m─[39m[90m─[39m[90m─[39m[90m─[39m[90m─[39m[90m─[39m[90m─[39m[90m─[39m[90m─[39m[90m─[39m[90m─[39m[90m─[39m[90m─[39m[90m─[39m[90m─[39m[90m─[39m[90m─[39m[90m─[39m[90m─[39m[90m─[39m[90m─[39m[90m─[39m[90m─[39m[90m─[39m
Admin UI E2E (2, chrome)	Run Cypress	2025-03-12T00:48:39.2249314Z                                                                                                     
Admin UI E2E (2, chrome)	Run Cypress	2025-03-12T00:48:39.2250401Z   Running:  [90mclient_initial_access.spec.ts[39m                                                   [90m(4 of 8)[39m
Admin UI E2E (2, chrome)	Run Cypress	2025-03-12T00:48:42.1303655Z 
Admin UI E2E (2, chrome)	Run Cypress	2025-03-12T00:48:42.1304539Z [0m[0m
Admin UI E2E (2, chrome)	Run Cypress	2025-03-12T00:48:42.1341787Z [0m  Client initial access tokens[0m
Admin UI E2E (2, chrome)	Run Cypress	2025-03-12T00:48:46.5724241Z   [32m  ✓[0m[90m Initial access token can't be created with 0 days and count[0m[90m (4415ms)[0m
Admin UI E2E (2, chrome)	Run Cypress	2025-03-12T00:48:51.3053946Z   [32m  ✓[0m[90m Initial access token[0m[90m (4690ms)[0m
Admin UI E2E (2, chrome)	Run Cypress	2025-03-12T00:48:51.3056633Z 
Admin UI E2E (2, chrome)	Run Cypress	2025-03-12T00:48:51.3200928Z 
Admin UI E2E (2, chrome)	Run Cypress	2025-03-12T00:48:51.3202183Z [92m [0m[32m 2 passing[0m[90m (9s)[0m
Admin UI E2E (2, chrome)	Run Cypress	2025-03-12T00:48:51.3203077Z 
Admin UI E2E (2, chrome)	Run Cypress	2025-03-12T00:48:52.8248418Z 
Admin UI E2E (2, chrome)	Run Cypress	2025-03-12T00:48:52.8249877Z [32m  ([4m[1mResults[22m[24m)[39m
Admin UI E2E (2, chrome)	Run Cypress	2025-03-12T00:48:52.8252473Z 
Admin UI E2E (2, chrome)	Run Cypress	2025-03-12T00:48:52.8267202Z [90m  ┌[39m[90m─[39m[90m─[39m[90m─[39m[90m─[39m[90m─[39m[90m─[39m[90m─[39m[90m─[39m[90m─[39m[90m─[39m[90m─[39m[90m─[39m[90m─[39m[90m─[39m[90m─[39m[90m─[39m[90m─[39m[90m─[39m[90m─[39m[90m─[39m[90m─[39m[90m─[39m[90m─[39m[90m─[39m[90m─[39m[90m─[39m[90m─[39m[90m─[39m[90m─[39m[90m─[39m[90m─[39m[90m─[39m[90m─[39m[90m─[39m[90m─[39m[90m─[39m[90m─[39m[90m─[39m[90m─[39m[90m─[39m[90m─[39m[90m─[39m[90m─[39m[90m─[39m[90m─[39m[90m─[39m[90m─[39m[90m─[39m[90m─[39m[90m─[39m[90m─[39m[90m─[39m[90m─[39m[90m─[39m[90m─[39m[90m─[39m[90m─[39m[90m─[39m[90m─[39m[90m─[39m[90m─[39m[90m─[39m[90m─[39m[90m─[39m[90m─[39m[90m─[39m[90m─[39m[90m─[39m[90m─[39m[90m─[39m[90m─[39m[90m─[39m[90m─[39m[90m─[39m[90m─[39m[90m─[39m[90m─[39m[90m─[39m[90m─[39m[90m─[39m[90m─[39m[90m─[39m[90m─[39m[90m─[39m[90m─[39m[90m─[39m[90m─[39m[90m─[39m[90m─[39m[90m─[39m[90m─[39m[90m─[39m[90m─[39m[90m─[39m[90m─[39m[90m─[39m[90m┐[39m
Admin UI E2E (2, chrome)	Run Cypress	2025-03-12T00:48:52.8270689Z [90m  │[39m [90mTests:[39m        [32m2[39m                                                                                [90m│[39m
Admin UI E2E (2, chrome)	Run Cypress	2025-03-12T00:48:52.8271888Z [90m  │[39m [90mPassing:[39m      [32m2[39m                                                                                [90m│[39m
Admin UI E2E (2, chrome)	Run Cypress	2025-03-12T00:48:52.8272976Z [90m  │[39m [90mFailing:[39m      [32m0[39m                                                                                [90m│[39m
Admin UI E2E (2, chrome)	Run Cypress	2025-03-12T00:48:52.8274041Z [90m  │[39m [90mPending:[39m      [32m0[39m                                                                                [90m│[39m
Admin UI E2E (2, chrome)	Run Cypress	2025-03-12T00:48:52.8275139Z [90m  │[39m [90mSkipped:[39m      [32m0[39m                                                                                [90m│[39m
Admin UI E2E (2, chrome)	Run Cypress	2025-03-12T00:48:52.8276310Z [90m  │[39m [90mScreenshots:[39m  [32m0[39m                                                                                [90m│[39m
Admin UI E2E (2, chrome)	Run Cypress	2025-03-12T00:48:52.8277554Z [90m  │[39m [90mVideo:[39m        [32mfalse[39m                                                                            [90m│[39m
Admin UI E2E (2, chrome)	Run Cypress	2025-03-12T00:48:52.8279094Z [90m  │[39m [90mDuration:[39m     [32m9 seconds[39m                                                                        [90m│[39m
Admin UI E2E (2, chrome)	Run Cypress	2025-03-12T00:48:52.8280548Z [90m  │[39m [90mSpec Ran:[39m     [32m[32mclient_initial_access.spec.ts[32m[39m                                                    [90m│[39m
Admin UI E2E (2, chrome)	Run Cypress	2025-03-12T00:48:52.8286871Z [90m  └[39m[90m─[39m[90m─[39m[90m─[39m[90m─[39m[90m─[39m[90m─[39m[90m─[39m[90m─[39m[90m─[39m[90m─[39m[90m─[39m[90m─[39m[90m─[39m[90m─[39m[90m─[39m[90m─[39m[90m─[39m[90m─[39m[90m─[39m[90m─[39m[90m─[39m[90m─[39m[90m─[39m[90m─[39m[90m─[39m[90m─[39m[90m─[39m[90m─[39m[90m─[39m[90m─[39m[90m─[39m[90m─[39m[90m─[39m[90m─[39m[90m─[39m[90m─[39m[90m─[39m[90m─[39m[90m─[39m[90m─[39m[90m─[39m[90m─[39m[90m─[39m[90m─[39m[90m─[39m[90m─[39m[90m─[39m[90m─[39m[90m─[39m[90m─[39m[90m─[39m[90m─[39m[90m─[39m[90m─[39m[90m─[39m[90m─[39m[90m─[39m[90m─[39m[90m─[39m[90m─[39m[90m─[39m[90m─[39m[90m─[39m[90m─[39m[90m─[39m[90m─[39m[90m─[39m[90m─[39m[90m─[39m[90m─[39m[90m─[39m[90m─[39m[90m─[39m[90m─[39m[90m─[39m[90m─[39m[90m─[39m[90m─[39m[90m─[39m[90m─[39m[90m─[39m[90m─[39m[90m─[39m[90m─[39m[90m─[39m[90m─[39m[90m─[39m[90m─[39m[90m─[39m[90m─[39m[90m─[39m[90m─[39m[90m─[39m[90m─[39m[90m─[39m[90m─[39m[90m┘[39m
Admin UI E2E (2, chrome)	Run Cypress	2025-03-12T00:48:52.8290944Z 
Admin UI E2E (2, chrome)	Run Cypress	2025-03-12T00:48:52.8597132Z 
Admin UI E2E (2, chrome)	Run Cypress	2025-03-12T00:48:52.8610130Z [90m─[39m[90m─[39m[90m─[39m[90m─[39m[90m─[39m[90m─[39m[90m─[39m[90m─[39m[90m─[39m[90m─[39m[90m─[39m[90m─[39m[90m─[39m[90m─[39m[90m─[39m[90m─[39m[90m─[39m[90m─[39m[90m─[39m[90m─[39m[90m─[39m[90m─[39m[90m─[39m[90m─[39m[90m─[39m[90m─[39m[90m─[39m[90m─[39m[90m─[39m[90m─[39m[90m─[39m[90m─[39m[90m─[39m[90m─[39m[90m─[39m[90m─[39m[90m─[39m[90m─[39m[90m─[39m[90m─[39m[90m─[39m[90m─[39m[90m─[39m[90m─[39m[90m─[39m[90m─[39m[90m─[39m[90m─[39m[90m─[39m[90m─[39m[90m─[39m[90m─[39m[90m─[39m[90m─[39m[90m─[39m[90m─[39m[90m─[39m[90m─[39m[90m─[39m[90m─[39m[90m─[39m[90m─[39m[90m─[39m[90m─[39m[90m─[39m[90m─[39m[90m─[39m[90m─[39m[90m─[39m[90m─[39m[90m─[39m[90m─[39m[90m─[39m[90m─[39m[90m─[39m[90m─[39m[90m─[39m[90m─[39m[90m─[39m[90m─[39m[90m─[39m[90m─[39m[90m─[39m[90m─[39m[90m─[39m[90m─[39m[90m─[39m[90m─[39m[90m─[39m[90m─[39m[90m─[39m[90m─[39m[90m─[39m[90m─[39m[90m─[39m[90m─[39m[90m─[39m[90m─[39m[90m─[39m[90m─[39m
Admin UI E2E (2, chrome)	Run Cypress	2025-03-12T00:48:52.8614016Z                                                                                                     
Admin UI E2E (2, chrome)	Run Cypress	2025-03-12T00:48:52.8614946Z   Running:  [90mclient_scopes_test.spec.ts[39m                                                      [90m(5 of 8)[39m
Admin UI E2E (2, chrome)	Run Cypress	2025-03-12T00:48:56.5642056Z 
Admin UI E2E (2, chrome)	Run Cypress	2025-03-12T00:48:56.5643493Z [0m[0m
Admin UI E2E (2, chrome)	Run Cypress	2025-03-12T00:48:56.5671772Z [0m  Client Scopes test[0m
Admin UI E2E (2, chrome)	Run Cypress	2025-03-12T00:48:57.0141821Z [0m    Client Scope filter list items[0m
Admin UI E2E (2, chrome)	Run Cypress	2025-03-12T00:49:02.1357776Z     [32m  ✓[0m[90m should filter item by name[0m[90m (5519ms)[0m
Admin UI E2E (2, chrome)	Run Cypress	2025-03-12T00:49:04.8913461Z     [32m  ✓[0m[90m should filter items by Assigned type All types[0m[90m (2670ms)[0m
Admin UI E2E (2, chrome)	Run Cypress	2025-03-12T00:49:07.2587692Z     [32m  ✓[0m[90m should filter items by Assigned type Default[0m[90m (2282ms)[0m
Admin UI E2E (2, chrome)	Run Cypress	2025-03-12T00:49:09.3510248Z     [32m  ✓[0m[90m should filter items by Assigned type Optional[0m[90m (2058ms)[0m
Admin UI E2E (2, chrome)	Run Cypress	2025-03-12T00:49:11.4675091Z     [32m  ✓[0m[90m should filter items by Protocol All[0m[90m (2084ms)[0m
Admin UI E2E (2, chrome)	Run Cypress	2025-03-12T00:49:13.8868664Z     [32m  ✓[0m[90m should filter items by Protocol SAML[0m[90m (2352ms)[0m
Admin UI E2E (2, chrome)	Run Cypress	2025-03-12T00:49:16.0337317Z     [32m  ✓[0m[90m should filter items by Protocol OpenID[0m[90m (2109ms)[0m
Admin UI E2E (2, chrome)	Run Cypress	2025-03-12T00:49:17.7865711Z     [32m  ✓[0m[90m should show items on next page are more than 11[0m[90m (1717ms)[0m
Admin UI E2E (2, chrome)	Run Cypress	2025-03-12T00:49:17.7973681Z [0m    Client Scope modify list items[0m
Admin UI E2E (2, chrome)	Run Cypress	2025-03-12T00:49:19.8560838Z     [32m  ✓[0m[90m should modify selected item type to Default from search bar[0m[90m (2036ms)[0m
Admin UI E2E (2, chrome)	Run Cypress	2025-03-12T00:49:22.2359990Z     [32m  ✓[0m[90m should modify selected item type to Optional from search bar[0m[90m (2321ms)[0m
Admin UI E2E (2, chrome)	Run Cypress	2025-03-12T00:49:27.4327795Z     [32m  ✓[0m[90m should modify item client-scope-test0 AssignedType to Default from item bar[0m[90m (5127ms)[0m
Admin UI E2E (2, chrome)	Run Cypress	2025-03-12T00:49:32.6765304Z     [32m  ✓[0m[90m should modify item client-scope-test0 AssignedType to Optional from item bar[0m[90m (5162ms)[0m
Admin UI E2E (2, chrome)	Run Cypress	2025-03-12T00:49:37.9629298Z     [32m  ✓[0m[90m should modify item client-scope-test0 AssignedType to None from item bar[0m[90m (5226ms)[0m
Admin UI E2E (2, chrome)	Run Cypress	2025-03-12T00:49:40.5408338Z     [32m  ✓[0m[90m should not allow to modify item AssignedType from search bar when no item selected[0m[90m (2519ms)[0m
Admin UI E2E (2, chrome)	Run Cypress	2025-03-12T00:49:40.5542041Z [0m    Client Scope delete list items [0m
Admin UI E2E (2, chrome)	Run Cypress	2025-03-12T00:49:42.4872235Z     [32m  ✓[0m[90m should delete item from item bar[0m[90m (1917ms)[0m
Admin UI E2E (2, chrome)	Run Cypress	2025-03-12T00:49:44.5888727Z     [32m  ✓[0m[90m should delete selected item from search bar[0m[90m (2071ms)[0m
Admin UI E2E (2, chrome)	Run Cypress	2025-03-12T00:49:47.4406754Z     [32m  ✓[0m[90m should delete multiple selected items from search bar[0m[90m (2776ms)[0m
Admin UI E2E (2, chrome)	Run Cypress	2025-03-12T00:49:47.4576320Z [0m    Client Scope creation[0m
Admin UI E2E (2, chrome)	Run Cypress	2025-03-12T00:49:49.8876170Z     [32m  ✓[0m[90m should fail creating client scope[0m[90m (2405ms)[0m
Admin UI E2E (2, chrome)	Run Cypress	2025-03-12T00:49:51.7484915Z     [32m  ✓[0m[90m hides 'consent text' field when 'display consent' switch is disabled[0m[90m (1831ms)[0m
Admin UI E2E (2, chrome)	Run Cypress	2025-03-12T00:49:55.9496937Z     [32m  ✓[0m[90m Client scope CRUD test[0m[90m (4169ms)[0m
Admin UI E2E (2, chrome)	Run Cypress	2025-03-12T00:49:55.9622595Z [0m    Scope tab test[0m
Admin UI E2E (2, chrome)	Run Cypress	2025-03-12T00:49:59.0915194Z     [32m  ✓[0m[90m Assign and unassign role[0m[90m (3104ms)[0m
Admin UI E2E (2, chrome)	Run Cypress	2025-03-12T00:49:59.1066817Z [0m    Mappers tab test[0m
Admin UI E2E (2, chrome)	Run Cypress	2025-03-12T00:50:07.7823338Z     [32m  ✓[0m[90m CRUD mappers[0m[90m (8654ms)[0m
Admin UI E2E (2, chrome)	Run Cypress	2025-03-12T00:50:07.7940189Z [0m    Accessibility tests for client scopes[0m
Admin UI E2E (2, chrome)	Run Cypress	2025-03-12T00:50:09.8927584Z     [32m  ✓[0m[90m Check a11y violations on load/ client scopes[0m[90m (2087ms)[0m
Admin UI E2E (2, chrome)	Run Cypress	2025-03-12T00:50:12.1752332Z     [32m  ✓[0m[90m Check a11y violations on empty client scope[0m[90m (2254ms)[0m
Admin UI E2E (2, chrome)	Run Cypress	2025-03-12T00:50:20.2438297Z       [33m(Attempt 1 of 4)[0m Check a11y violations on client scope details
Admin UI E2E (2, chrome)	Run Cypress	2025-03-12T00:50:54.6989002Z       [33m(Attempt 2 of 4)[0m Check a11y violations on client scope details
Admin UI E2E (2, chrome)	Run Cypress	2025-03-12T00:51:29.4164287Z       [33m(Attempt 3 of 4)[0m Check a11y violations on client scope details
Admin UI E2E (2, chrome)	Run Cypress	2025-03-12T00:52:04.5001558Z     [31m  1) Check a11y violations on client scope details[0m
Admin UI E2E (2, chrome)	Run Cypress	2025-03-12T00:52:05.4042806Z 
Admin UI E2E (2, chrome)	Run Cypress	2025-03-12T00:52:05.4476209Z 
Admin UI E2E (2, chrome)	Run Cypress	2025-03-12T00:52:05.4477740Z [92m [0m[32m 24 passing[0m[90m (3m)[0m
Admin UI E2E (2, chrome)	Run Cypress	2025-03-12T00:52:05.4482545Z [31m  1 failing[0m
Admin UI E2E (2, chrome)	Run Cypress	2025-03-12T00:52:05.4482900Z 
Admin UI E2E (2, chrome)	Run Cypress	2025-03-12T00:52:05.4483350Z [0m  1) Client Scopes test
Admin UI E2E (2, chrome)	Run Cypress	2025-03-12T00:52:05.4483865Z        Accessibility tests for client scopes
Admin UI E2E (2, chrome)	Run Cypress	2025-03-12T00:52:05.4484383Z          Check a11y violations on client scope details:
Admin UI E2E (2, chrome)	Run Cypress	2025-03-12T00:52:05.4485713Z [0m[31m     AssertionError: Timed out retrying after 30000ms: Expected to find element: `.pf-v5-c-tabs `, but never found it.[0m[90m
Admin UI E2E (2, chrome)	Run Cypress	2025-03-12T00:52:05.4487177Z       at TabPage._TabPage_getTab (webpack://@keycloak/keycloak-admin-ui/./cypress/support/pages/admin-ui/components/TabPage.ts:36:0)
Admin UI E2E (2, chrome)	Run Cypress	2025-03-12T00:52:05.4488704Z       at TabPage.clickTab (webpack://@keycloak/keycloak-admin-ui/./cypress/support/pages/admin-ui/components/TabPage.ts:16:0)
Admin UI E2E (2, chrome)	Run Cypress	2025-03-12T00:52:05.4490965Z       at ClientScopeDetailsPage.goToMappersTab (webpack://@keycloak/keycloak-admin-ui/./cypress/support/pages/admin-ui/manage/client_scopes/client_scope_details/ClientScopeDetailsPage.ts:29:0)
Admin UI E2E (2, chrome)	Run Cypress	2025-03-12T00:52:05.4492770Z       at Context.eval (webpack://@keycloak/keycloak-admin-ui/./cypress/e2e/client_scopes_test.spec.ts:379:0)
Admin UI E2E (2, chrome)	Run Cypress	2025-03-12T00:52:05.4493633Z [0m
Admin UI E2E (2, chrome)	Run Cypress	2025-03-12T00:52:05.4493820Z 
Admin UI E2E (2, chrome)	Run Cypress	2025-03-12T00:52:05.4493834Z 
Admin UI E2E (2, chrome)	Run Cypress	2025-03-12T00:52:06.4700210Z 
Admin UI E2E (2, chrome)	Run Cypress	2025-03-12T00:52:06.4701660Z [31m  ([4m[1mResults[22m[24m)[39m
Admin UI E2E (2, chrome)	Run Cypress	2025-03-12T00:52:06.4706538Z 
Admin UI E2E (2, chrome)	Run Cypress	2025-03-12T00:52:06.4722390Z [90m  ┌[39m[90m─[39m[90m─[39m[90m─[39m[90m─[39m[90m─[39m[90m─[39m[90m─[39m[90m─[39m[90m─[39m[90m─[39m[90m─[39m[90m─[39m[90m─[39m[90m─[39m[90m─[39m[90m─[39m[90m─[39m[90m─[39m[90m─[39m[90m─[39m[90m─[39m[90m─[39m[90m─[39m[90m─[39m[90m─[39m[90m─[39m[90m─[39m[90m─[39m[90m─[39m[90m─[39m[90m─[39m[90m─[39m[90m─[39m[90m─[39m[90m─[39m[90m─[39m[90m─[39m[90m─[39m[90m─[39m[90m─[39m[90m─[39m[90m─[39m[90m─[39m[90m─[39m[90m─[39m[90m─[39m[90m─[39m[90m─[39m[90m─[39m[90m─[39m[90m─[39m[90m─[39m[90m─[39m[90m─[39m[90m─[39m[90m─[39m[90m─[39m[90m─[39m[90m─[39m[90m─[39m[90m─[39m[90m─[39m[90m─[39m[90m─[39m[90m─[39m[90m─[39m[90m─[39m[90m─[39m[90m─[39m[90m─[39m[90m─[39m[90m─[39m[90m─[39m[90m─[39m[90m─[39m[90m─[39m[90m─[39m[90m─[39m[90m─[39m[90m─[39m[90m─[39m[90m─[39m[90m─[39m[90m─[39m[90m─[39m[90m─[39m[90m─[39m[90m─[39m[90m─[39m[90m─[39m[90m─[39m[90m─[39m[90m─[39m[90m─[39m[90m─[39m[90m─[39m[90m┐[39m
Admin UI E2E (2, chrome)	Run Cypress	2025-03-12T00:52:06.4727829Z [90m  │[39m [90mTests:[39m        [31m25[39m                                                                               [90m│[39m
Admin UI E2E (2, chrome)	Run Cypress	2025-03-12T00:52:06.4729291Z [90m  │[39m [90mPassing:[39m      [31m24[39m                                                                               [90m│[39m
Admin UI E2E (2, chrome)	Run Cypress	2025-03-12T00:52:06.4730466Z [90m  │[39m [90mFailing:[39m      [31m1[39m                                                                                [90m│[39m
Admin UI E2E (2, chrome)	Run Cypress	2025-03-12T00:52:06.4731689Z [90m  │[39m [90mPending:[39m      [31m0[39m                                                                                [90m│[39m
Admin UI E2E (2, chrome)	Run Cypress	2025-03-12T00:52:06.4732971Z [90m  │[39m [90mSkipped:[39m      [31m0[39m                                                                                [90m│[39m
Admin UI E2E (2, chrome)	Run Cypress	2025-03-12T00:52:06.4734167Z [90m  │[39m [90mScreenshots:[39m  [31m4[39m                                                                                [90m│[39m
Admin UI E2E (2, chrome)	Run Cypress	2025-03-12T00:52:06.4735326Z [90m  │[39m [90mVideo:[39m        [31mtrue[39m                                                                             [90m│[39m
Admin UI E2E (2, chrome)	Run Cypress	2025-03-12T00:52:06.4736565Z [90m  │[39m [90mDuration:[39m     [31m3 minutes, 8 seconds[39m                                                             [90m│[39m
Admin UI E2E (2, chrome)	Run Cypress	2025-03-12T00:52:06.4737958Z [90m  │[39m [90mSpec Ran:[39m     [31m[31mclient_scopes_test.spec.ts[31m[39m                                                       [90m│[39m
Admin UI E2E (2, chrome)	Run Cypress	2025-03-12T00:52:06.4744927Z [90m  └[39m[90m─[39m[90m─[39m[90m─[39m[90m─[39m[90m─[39m[90m─[39m[90m─[39m[90m─[39m[90m─[39m[90m─[39m[90m─[39m[90m─[39m[90m─[39m[90m─[39m[90m─[39m[90m─[39m[90m─[39m[90m─[39m[90m─[39m[90m─[39m[90m─[39m[90m─[39m[90m─[39m[90m─[39m[90m─[39m[90m─[39m[90m─[39m[90m─[39m[90m─[39m[90m─[39m[90m─[39m[90m─[39m[90m─[39m[90m─[39m[90m─[39m[90m─[39m[90m─[39m[90m─[39m[90m─[39m[90m─[39m[90m─[39m[90m─[39m[90m─[39m[90m─[39m[90m─[39m[90m─[39m[90m─[39m[90m─[39m[90m─[39m[90m─[39m[90m─[39m[90m─[39m[90m─[39m[90m─[39m[90m─[39m[90m─[39m[90m─[39m[90m─[39m[90m─[39m[90m─[39m[90m─[39m[90m─[39m[90m─[39m[90m─[39m[90m─[39m[90m─[39m[90m─[39m[90m─[39m[90m─[39m[90m─[39m[90m─[39m[90m─[39m[90m─[39m[90m─[39m[90m─[39m[90m─[39m[90m─[39m[90m─[39m[90m─[39m[90m─[39m[90m─[39m[90m─[39m[90m─[39m[90m─[39m[90m─[39m[90m─[39m[90m─[39m[90m─[39m[90m─[39m[90m─[39m[90m─[39m[90m─[39m[90m─[39m[90m─[39m[90m─[39m[90m─[39m[90m┘[39m
Admin UI E2E (2, chrome)	Run Cypress	2025-03-12T00:52:06.4748422Z 
Admin UI E2E (2, chrome)	Run Cypress	2025-03-12T00:52:06.4748440Z 
Admin UI E2E (2, chrome)	Run Cypress	2025-03-12T00:52:06.4749055Z [33m  ([4m[1mScreenshots[22m[24m)[39m
Admin UI E2E (2, chrome)	Run Cypress	2025-03-12T00:52:06.4749365Z 
Admin UI E2E (2, chrome)	Run Cypress	2025-03-12T00:52:06.4750517Z [90m [39m -  [0m/home/runner/work/keycloak/keycloak/js/apps/admin-ui/cypress/screenshots/client_[0m     [90m[90m(1280x633)[90m[39m
Admin UI E2E (2, chrome)	Run Cypress	2025-03-12T00:52:06.4752247Z [90m [39m    [0mscopes_test.spec.ts/Client Scopes test -- Accessibility tests for client scopes [0m               
Admin UI E2E (2, chrome)	Run Cypress	2025-03-12T00:52:06.4753788Z [90m [39m    [0m-- Check a11y violations on client scope details (failed).png[0m                                  
Admin UI E2E (2, chrome)	Run Cypress	2025-03-12T00:52:06.4755585Z [90m [39m -  [0m/home/runner/work/keycloak/keycloak/js/apps/admin-ui/cypress/screenshots/client_[0m     [90m[90m(1280x633)[90m[39m
Admin UI E2E (2, chrome)	Run Cypress	2025-03-12T00:52:06.4757633Z [90m [39m    [0mscopes_test.spec.ts/Client Scopes test -- Accessibility tests for client scopes [0m               
Admin UI E2E (2, chrome)	Run Cypress	2025-03-12T00:52:06.4759605Z [90m [39m    [0m-- Check a11y violations on client scope details (failed) (attempt 2).png[0m                      
Admin UI E2E (2, chrome)	Run Cypress	2025-03-12T00:52:06.4761335Z [90m [39m -  [0m/home/runner/work/keycloak/keycloak/js/apps/admin-ui/cypress/screenshots/client_[0m     [90m[90m(1280x633)[90m[39m
Admin UI E2E (2, chrome)	Run Cypress	2025-03-12T00:52:06.4762965Z [90m [39m    [0mscopes_test.spec.ts/Client Scopes test -- Accessibility tests for client scopes [0m               
Admin UI E2E (2, chrome)	Run Cypress	2025-03-12T00:52:06.4764321Z [90m [39m    [0m-- Check a11y violations on client scope details (failed) (attempt 3).png[0m                      
Admin UI E2E (2, chrome)	Run Cypress	2025-03-12T00:52:06.4765787Z [90m [39m -  [0m/home/runner/work/keycloak/keycloak/js/apps/admin-ui/cypress/screenshots/client_[0m     [90m[90m(1280x633)[90m[39m
Admin UI E2E (2, chrome)	Run Cypress	2025-03-12T00:52:06.4767398Z [90m [39m    [0mscopes_test.spec.ts/Client Scopes test -- Accessibility tests for client scopes [0m               
Admin UI E2E (2, chrome)	Run Cypress	2025-03-12T00:52:06.4769047Z [90m [39m    [0m-- Check a11y violations on client scope details (failed) (attempt 4).png[0m                      
Admin UI E2E (2, chrome)	Run Cypress	2025-03-12T00:52:06.4769639Z 
Admin UI E2E (2, chrome)	Run Cypress	2025-03-12T00:52:06.5070405Z 
Admin UI E2E (2, chrome)	Run Cypress	2025-03-12T00:52:06.5071562Z [36m  ([4m[1mVideo[22m[24m)[39m
Admin UI E2E (2, chrome)	Run Cypress	2025-03-12T00:52:06.5072231Z 
Admin UI E2E (2, chrome)	Run Cypress	2025-03-12T00:52:06.5073338Z   -  Video output: [36m/home/runner/work/keycloak/keycloak/js/apps/admin-ui/cypress/videos/client_scopes_test.spec.ts.mp4[39m
Admin UI E2E (2, chrome)	Run Cypress	2025-03-12T00:52:06.5074183Z 
Admin UI E2E (2, chrome)	Run Cypress	2025-03-12T00:52:06.5074198Z 
Admin UI E2E (2, chrome)	Run Cypress	2025-03-12T00:52:06.5085944Z [90m─[39m[90m─[39m[90m─[39m[90m─[39m[90m─[39m[90m─[39m[90m─[39m[90m─[39m[90m─[39m[90m─[39m[90m─[39m[90m─[39m[90m─[39m[90m─[39m[90m─[39m[90m─[39m[90m─[39m[90m─[39m[90m─[39m[90m─[39m[90m─[39m[90m─[39m[90m─[39m[90m─[39m[90m─[39m[90m─[39m[90m─[39m[90m─[39m[90m─[39m[90m─[39m[90m─[39m[90m─[39m[90m─[39m[90m─[39m[90m─[39m[90m─[39m[90m─[39m[90m─[39m[90m─[39m[90m─[39m[90m─[39m[90m─[39m[90m─[39m[90m─[39m[90m─[39m[90m─[39m[90m─[39m[90m─[39m[90m─[39m[90m─[39m[90m─[39m[90m─[39m[90m─[39m[90m─[39m[90m─[39m[90m─[39m[90m─[39m[90m─[39m[90m─[39m[90m─[39m[90m─[39m[90m─[39m[90m─[39m[90m─[39m[90m─[39m[90m─[39m[90m─[39m[90m─[39m[90m─[39m[90m─[39m[90m─[39m[90m─[39m[90m─[39m[90m─[39m[90m─[39m[90m─[39m[90m─[39m[90m─[39m[90m─[39m[90m─[39m[90m─[39m[90m─[39m[90m─[39m[90m─[39m[90m─[39m[90m─[39m[90m─[39m[90m─[39m[90m─[39m[90m─[39m[90m─[39m[90m─[39m[90m─[39m[90m─[39m[90m─[39m[90m─[39m[90m─[39m[90m─[39m[90m─[39m[90m─[39m
Admin UI E2E (2, chrome)	Run Cypress	2025-03-12T00:52:06.5089330Z                                                                                                     
Admin UI E2E (2, chrome)	Run Cypress	2025-03-12T00:52:06.5090002Z   Running:  [90mrealm_user_registration.spec.ts[39m                                                 [90m(6 of 8)[39m
Admin UI E2E (2, chrome)	Run Cypress	2025-03-12T00:52:10.2847523Z 
Admin UI E2E (2, chrome)	Run Cypress	2025-03-12T00:52:10.2850575Z [0m[0m
Admin UI E2E (2, chrome)	Run Cypress	2025-03-12T00:52:10.2874650Z [0m  Realm settings - User registration tab[0m
Admin UI E2E (2, chrome)	Run Cypress	2025-03-12T00:52:16.1678593Z   [32m  ✓[0m[90m Add admin role[0m[90m (5872ms)[0m
Admin UI E2E (2, chrome)	Run Cypress	2025-03-12T00:52:18.1834367Z   [32m  ✓[0m[90m Remove admin role[0m[90m (1963ms)[0m
Admin UI E2E (2, chrome)	Run Cypress	2025-03-12T00:52:21.0958534Z   [32m  ✓[0m[90m Add default group[0m[90m (2792ms)[0m
Admin UI E2E (2, chrome)	Run Cypress	2025-03-12T00:52:21.0959613Z 
Admin UI E2E (2, chrome)	Run Cypress	2025-03-12T00:52:21.1175345Z 
Admin UI E2E (2, chrome)	Run Cypress	2025-03-12T00:52:21.1176519Z [92m [0m[32m 3 passing[0m[90m (11s)[0m
Admin UI E2E (2, chrome)	Run Cypress	2025-03-12T00:52:21.1176854Z 
Admin UI E2E (2, chrome)	Run Cypress	2025-03-12T00:52:22.1416532Z 
Admin UI E2E (2, chrome)	Run Cypress	2025-03-12T00:52:22.1418119Z [32m  ([4m[1mResults[22m[24m)[39m
Admin UI E2E (2, chrome)	Run Cypress	2025-03-12T00:52:22.1422973Z 
Admin UI E2E (2, chrome)	Run Cypress	2025-03-12T00:52:22.1435310Z [90m  ┌[39m[90m─[39m[90m─[39m[90m─[39m[90m─[39m[90m─[39m[90m─[39m[90m─[39m[90m─[39m[90m─[39m[90m─[39m[90m─[39m[90m─[39m[90m─[39m[90m─[39m[90m─[39m[90m─[39m[90m─[39m[90m─[39m[90m─[39m[90m─[39m[90m─[39m[90m─[39m[90m─[39m[90m─[39m[90m─[39m[90m─[39m[90m─[39m[90m─[39m[90m─[39m[90m─[39m[90m─[39m[90m─[39m[90m─[39m[90m─[39m[90m─[39m[90m─[39m[90m─[39m[90m─[39m[90m─[39m[90m─[39m[90m─[39m[90m─[39m[90m─[39m[90m─[39m[90m─[39m[90m─[39m[90m─[39m[90m─[39m[90m─[39m[90m─[39m[90m─[39m[90m─[39m[90m─[39m[90m─[39m[90m─[39m[90m─[39m[90m─[39m[90m─[39m[90m─[39m[90m─[39m[90m─[39m[90m─[39m[90m─[39m[90m─[39m[90m─[39m[90m─[39m[90m─[39m[90m─[39m[90m─[39m[90m─[39m[90m─[39m[90m─[39m[90m─[39m[90m─[39m[90m─[39m[90m─[39m[90m─[39m[90m─[39m[90m─[39m[90m─[39m[90m─[39m[90m─[39m[90m─[39m[90m─[39m[90m─[39m[90m─[39m[90m─[39m[90m─[39m[90m─[39m[90m─[39m[90m─[39m[90m─[39m[90m─[39m[90m─[39m[90m─[39m[90m─[39m[90m┐[39m
Admin UI E2E (2, chrome)	Run Cypress	2025-03-12T00:52:22.1438973Z [90m  │[39m [90mTests:[39m        [32m3[39m                                                                                [90m│[39m
Admin UI E2E (2, chrome)	Run Cypress	2025-03-12T00:52:22.1440184Z [90m  │[39m [90mPassing:[39m      [32m3[39m                                                                                [90m│[39m
Admin UI E2E (2, chrome)	Run Cypress	2025-03-12T00:52:22.1441168Z [90m  │[39m [90mFailing:[39m      [32m0[39m                                                                                [90m│[39m
Admin UI E2E (2, chrome)	Run Cypress	2025-03-12T00:52:22.1441962Z [90m  │[39m [90mPending:[39m      [32m0[39m                                                                                [90m│[39m
Admin UI E2E (2, chrome)	Run Cypress	2025-03-12T00:52:22.1442805Z [90m  │[39m [90mSkipped:[39m      [32m0[39m                                                                                [90m│[39m
Admin UI E2E (2, chrome)	Run Cypress	2025-03-12T00:52:22.1443866Z [90m  │[39m [90mScreenshots:[39m  [32m0[39m                                                                                [90m│[39m
Admin UI E2E (2, chrome)	Run Cypress	2025-03-12T00:52:22.1445183Z [90m  │[39m [90mVideo:[39m        [32mfalse[39m                                                                            [90m│[39m
Admin UI E2E (2, chrome)	Run Cypress	2025-03-12T00:52:22.1446477Z [90m  │[39m [90mDuration:[39m     [32m10 seconds[39m                                                                       [90m│[39m
Admin UI E2E (2, chrome)	Run Cypress	2025-03-12T00:52:22.1447975Z [90m  │[39m [90mSpec Ran:[39m     [32m[32mrealm_user_registration.spec.ts[32m[39m                                                  [90m│[39m
Admin UI E2E (2, chrome)	Run Cypress	2025-03-12T00:52:22.1453668Z [90m  └[39m[90m─[39m[90m─[39m[90m─[39m[90m─[39m[90m─[39m[90m─[39m[90m─[39m[90m─[39m[90m─[39m[90m─[39m[90m─[39m[90m─[39m[90m─[39m[90m─[39m[90m─[39m[90m─[39m[90m─[39m[90m─[39m[90m─[39m[90m─[39m[90m─[39m[90m─[39m[90m─[39m[90m─[39m[90m─[39m[90m─[39m[90m─[39m[90m─[39m[90m─[39m[90m─[39m[90m─[39m[90m─[39m[90m─[39m[90m─[39m[90m─[39m[90m─[39m[90m─[39m[90m─[39m[90m─[39m[90m─[39m[90m─[39m[90m─[39m[90m─[39m[90m─[39m[90m─[39m[90m─[39m[90m─[39m[90m─[39m[90m─[39m[90m─[39m[90m─[39m[90m─[39m[90m─[39m[90m─[39m[90m─[39m[90m─[39m[90m─[39m[90m─[39m[90m─[39m[90m─[39m[90m─[39m[90m─[39m[90m─[39m[90m─[39m[90m─[39m[90m─[39m[90m─[39m[90m─[39m[90m─[39m[90m─[39m[90m─[39m[90m─[39m[90m─[39m[90m─[39m[90m─[39m[90m─[39m[90m─[39m[90m─[39m[90m─[39m[90m─[39m[90m─[39m[90m─[39m[90m─[39m[90m─[39m[90m─[39m[90m─[39m[90m─[39m[90m─[39m[90m─[39m[90m─[39m[90m─[39m[90m─[39m[90m─[39m[90m─[39m[90m─[39m[90m─[39m[90m┘[39m
Admin UI E2E (2, chrome)	Run Cypress	2025-03-12T00:52:22.1456793Z 
Admin UI E2E (2, chrome)	Run Cypress	2025-03-12T00:52:22.1831434Z 
Admin UI E2E (2, chrome)	Run Cypress	2025-03-12T00:52:22.1839620Z [90m─[39m[90m─[39m[90m─[39m[90m─[39m[90m─[39m[90m─[39m[90m─[39m[90m─[39m[90m─[39m[90m─[39m[90m─[39m[90m─[39m[90m─[39m[90m─[39m[90m─[39m[90m─[39m[90m─[39m[90m─[39m[90m─[39m[90m─[39m[90m─[39m[90m─[39m[90m─[39m[90m─[39m[90m─[39m[90m─[39m[90m─[39m[90m─[39m[90m─[39m[90m─[39m[90m─[39m[90m─[39m[90m─[39m[90m─[39m[90m─[39m[90m─[39m[90m─[39m[90m─[39m[90m─[39m[90m─[39m[90m─[39m[90m─[39m[90m─[39m[90m─[39m[90m─[39m[90m─[39m[90m─[39m[90m─[39m[90m─[39m[90m─[39m[90m─[39m[90m─[39m[90m─[39m[90m─[39m[90m─[39m[90m─[39m[90m─[39m[90m─[39m[90m─[39m[90m─[39m[90m─[39m[90m─[39m[90m─[39m[90m─[39m[90m─[39m[90m─[39m[90m─[39m[90m─[39m[90m─[39m[90m─[39m[90m─[39m[90m─[39m[90m─[39m[90m─[39m[90m─[39m[90m─[39m[90m─[39m[90m─[39m[90m─[39m[90m─[39m[90m─[39m[90m─[39m[90m─[39m[90m─[39m[90m─[39m[90m─[39m[90m─[39m[90m─[39m[90m─[39m[90m─[39m[90m─[39m[90m─[39m[90m─[39m[90m─[39m[90m─[39m[90m─[39m[90m─[39m[90m─[39m[90m─[39m[90m─[39m
Admin UI E2E (2, chrome)	Run Cypress	2025-03-12T00:52:22.1844237Z                                                                                                     
Admin UI E2E (2, chrome)	Run Cypress	2025-03-12T00:52:22.1845335Z   Running:  [90mclient_scope.spec.ts[39m                                                            [90m(7 of 8)[39m
Admin UI E2E (2, chrome)	Run Cypress	2025-03-12T00:52:25.6438025Z 
Admin UI E2E (2, chrome)	Run Cypress	2025-03-12T00:52:25.6441845Z [0m[0m
Admin UI E2E (2, chrome)	Run Cypress	2025-03-12T00:52:25.6467493Z [0m  Client details - Client scopes subtab[0m
Admin UI E2E (2, chrome)	Run Cypress	2025-03-12T00:52:33.9773614Z   [32m  ✓[0m[90m Should list client scopes[0m[90m (8253ms)[0m
Admin UI E2E (2, chrome)	Run Cypress	2025-03-12T00:52:37.5738225Z   [32m  ✓[0m[90m Should search existing client scope by name[0m[90m (3554ms)[0m
Admin UI E2E (2, chrome)	Run Cypress	2025-03-12T00:52:41.1246161Z   [32m  ✓[0m[90m Should search non-existent client scope by name[0m[90m (3518ms)[0m
Admin UI E2E (2, chrome)	Run Cypress	2025-03-12T00:52:46.3747982Z   [32m  ✓[0m[90m Should search existing client scope by assigned type[0m[90m (5167ms)[0m
Admin UI E2E (2, chrome)	Run Cypress	2025-03-12T00:52:51.9815307Z   [32m  ✓[0m[90m Should add client scope client-scope-test-optional-type with Optional assigned type[0m[90m (5500ms)[0m
Admin UI E2E (2, chrome)	Run Cypress	2025-03-12T00:52:57.4570603Z   [32m  ✓[0m[90m Should add client scope client-scope-test-default-type with Default assigned type[0m[90m (5379ms)[0m
Admin UI E2E (2, chrome)	Run Cypress	2025-03-12T00:53:02.1462926Z   [32m  ✓[0m[90m Should change item client-scope-test0 AssignedType to Optional from search bar[0m[90m (4653ms)[0m
Admin UI E2E (2, chrome)	Run Cypress	2025-03-12T00:53:06.7804357Z   [32m  ✓[0m[90m Should change item client-scope-test0 AssignedType to Default from search bar[0m[90m (4603ms)[0m
Admin UI E2E (2, chrome)	Run Cypress	2025-03-12T00:53:10.9200465Z   [32m  ✓[0m[90m Should show items on next page are more than 11[0m[90m (4067ms)[0m
Admin UI E2E (2, chrome)	Run Cypress	2025-03-12T00:53:15.5618695Z   [32m  ✓[0m[90m Should remove client scope from item bar[0m[90m (4598ms)[0m
Admin UI E2E (2, chrome)	Run Cypress	2025-03-12T00:53:23.6111232Z   [32m  ✓[0m[90m Should remove multiple client scopes from search bar[0m[90m (8015ms)[0m
Admin UI E2E (2, chrome)	Run Cypress	2025-03-12T00:53:27.9805421Z   [32m  ✓[0m[90m Should show initial items after filtering[0m[90m (4272ms)[0m
Admin UI E2E (2, chrome)	Run Cypress	2025-03-12T00:53:28.0103358Z [0m    Client scopes evaluate subtab[0m
Admin UI E2E (2, chrome)	Run Cypress	2025-03-12T00:53:36.0136215Z     [32m  ✓[0m[90m check effective protocol mappers list is not empty and find effective protocol mapper locale[0m[90m (7883ms)[0m
Admin UI E2E (2, chrome)	Run Cypress	2025-03-12T00:53:43.5903477Z     [32m  ✓[0m[90m check role scope mappings list list is not empty and find role scope mapping admin[0m[90m (7456ms)[0m
Admin UI E2E (2, chrome)	Run Cypress	2025-03-12T00:53:50.8088246Z     [32m  ✓[0m[90m check generated id token and user info[0m[90m (6520ms)[0m
Admin UI E2E (2, chrome)	Run Cypress	2025-03-12T00:53:50.8098487Z 
Admin UI E2E (2, chrome)	Run Cypress	2025-03-12T00:53:50.8448051Z 
Admin UI E2E (2, chrome)	Run Cypress	2025-03-12T00:53:50.8449304Z [92m [0m[32m 15 passing[0m[90m (1m)[0m
Admin UI E2E (2, chrome)	Run Cypress	2025-03-12T00:53:50.8449704Z 
Admin UI E2E (2, chrome)	Run Cypress	2025-03-12T00:53:51.8719813Z 
Admin UI E2E (2, chrome)	Run Cypress	2025-03-12T00:53:51.8720942Z [32m  ([4m[1mResults[22m[24m)[39m
Admin UI E2E (2, chrome)	Run Cypress	2025-03-12T00:53:51.8725523Z 
Admin UI E2E (2, chrome)	Run Cypress	2025-03-12T00:53:51.8738968Z [90m  ┌[39m[90m─[39m[90m─[39m[90m─[39m[90m─[39m[90m─[39m[90m─[39m[90m─[39m[90m─[39m[90m─[39m[90m─[39m[90m─[39m[90m─[39m[90m─[39m[90m─[39m[90m─[39m[90m─[39m[90m─[39m[90m─[39m[90m─[39m[90m─[39m[90m─[39m[90m─[39m[90m─[39m[90m─[39m[90m─[39m[90m─[39m[90m─[39m[90m─[39m[90m─[39m[90m─[39m[90m─[39m[90m─[39m[90m─[39m[90m─[39m[90m─[39m[90m─[39m[90m─[39m[90m─[39m[90m─[39m[90m─[39m[90m─[39m[90m─[39m[90m─[39m[90m─[39m[90m─[39m[90m─[39m[90m─[39m[90m─[39m[90m─[39m[90m─[39m[90m─[39m[90m─[39m[90m─[39m[90m─[39m[90m─[39m[90m─[39m[90m─[39m[90m─[39m[90m─[39m[90m─[39m[90m─[39m[90m─[39m[90m─[39m[90m─[39m[90m─[39m[90m─[39m[90m─[39m[90m─[39m[90m─[39m[90m─[39m[90m─[39m[90m─[39m[90m─[39m[90m─[39m[90m─[39m[90m─[39m[90m─[39m[90m─[39m[90m─[39m[90m─[39m[90m─[39m[90m─[39m[90m─[39m[90m─[39m[90m─[39m[90m─[39m[90m─[39m[90m─[39m[90m─[39m[90m─[39m[90m─[39m[90m─[39m[90m─[39m[90m─[39m[90m─[39m[90m─[39m[90m┐[39m
Admin UI E2E (2, chrome)	Run Cypress	2025-03-12T00:53:51.8742793Z [90m  │[39m [90mTests:[39m        [32m15[39m                                                                               [90m│[39m
Admin UI E2E (2, chrome)	Run Cypress	2025-03-12T00:53:51.8743712Z [90m  │[39m [90mPassing:[39m      [32m15[39m                                                                               [90m│[39m
Admin UI E2E (2, chrome)	Run Cypress	2025-03-12T00:53:51.8744408Z [90m  │[39m [90mFailing:[39m      [32m0[39m                                                                                [90m│[39m
Admin UI E2E (2, chrome)	Run Cypress	2025-03-12T00:53:51.8745075Z [90m  │[39m [90mPending:[39m      [32m0[39m                                                                                [90m│[39m
Admin UI E2E (2, chrome)	Run Cypress	2025-03-12T00:53:51.8745795Z [90m  │[39m [90mSkipped:[39m      [32m0[39m                                                                                [90m│[39m
Admin UI E2E (2, chrome)	Run Cypress	2025-03-12T00:53:51.8746653Z [90m  │[39m [90mScreenshots:[39m  [32m0[39m                                                                                [90m│[39m
Admin UI E2E (2, chrome)	Run Cypress	2025-03-12T00:53:51.8747795Z [90m  │[39m [90mVideo:[39m        [32mfalse[39m                                                                            [90m│[39m
Admin UI E2E (2, chrome)	Run Cypress	2025-03-12T00:53:51.8749332Z [90m  │[39m [90mDuration:[39m     [32m1 minute, 25 seconds[39m                                                             [90m│[39m
Admin UI E2E (2, chrome)	Run Cypress	2025-03-12T00:53:51.8750796Z [90m  │[39m [90mSpec Ran:[39m     [32m[32mclient_scope.spec.ts[32m[39m                                                             [90m│[39m
Admin UI E2E (2, chrome)	Run Cypress	2025-03-12T00:53:51.8756371Z [90m  └[39m[90m─[39m[90m─[39m[90m─[39m[90m─[39m[90m─[39m[90m─[39m[90m─[39m[90m─[39m[90m─[39m[90m─[39m[90m─[39m[90m─[39m[90m─[39m[90m─[39m[90m─[39m[90m─[39m[90m─[39m[90m─[39m[90m─[39m[90m─[39m[90m─[39m[90m─[39m[90m─[39m[90m─[39m[90m─[39m[90m─[39m[90m─[39m[90m─[39m[90m─[39m[90m─[39m[90m─[39m[90m─[39m[90m─[39m[90m─[39m[90m─[39m[90m─[39m[90m─[39m[90m─[39m[90m─[39m[90m─[39m[90m─[39m[90m─[39m[90m─[39m[90m─[39m[90m─[39m[90m─[39m[90m─[39m[90m─[39m[90m─[39m[90m─[39m[90m─[39m[90m─[39m[90m─[39m[90m─[39m[90m─[39m[90m─[39m[90m─[39m[90m─[39m[90m─[39m[90m─[39m[90m─[39m[90m─[39m[90m─[39m[90m─[39m[90m─[39m[90m─[39m[90m─[39m[90m─[39m[90m─[39m[90m─[39m[90m─[39m[90m─[39m[90m─[39m[90m─[39m[90m─[39m[90m─[39m[90m─[39m[90m─[39m[90m─[39m[90m─[39m[90m─[39m[90m─[39m[90m─[39m[90m─[39m[90m─[39m[90m─[39m[90m─[39m[90m─[39m[90m─[39m[90m─[39m[90m─[39m[90m─[39m[90m─[39m[90m─[39m[90m─[39m[90m─[39m[90m┘[39m
Admin UI E2E (2, chrome)	Run Cypress	2025-03-12T00:53:51.8758910Z 
Admin UI E2E (2, chrome)	Run Cypress	2025-03-12T00:53:51.9131637Z 
Admin UI E2E (2, chrome)	Run Cypress	2025-03-12T00:53:51.9148608Z [90m─[39m[90m─[39m[90m─[39m[90m─[39m[90m─[39m[90m─[39m[90m─[39m[90m─[39m[90m─[39m[90m─[39m[90m─[39m[90m─[39m[90m─[39m[90m─[39m[90m─[39m[90m─[39m[90m─[39m[90m─[39m[90m─[39m[90m─[39m[90m─[39m[90m─[39m[90m─[39m[90m─[39m[90m─[39m[90m─[39m[90m─[39m[90m─[39m[90m─[39m[90m─[39m[90m─[39m[90m─[39m[90m─[39m[90m─[39m[90m─[39m[90m─[39m[90m─[39m[90m─[39m[90m─[39m[90m─[39m[90m─[39m[90m─[39m[90m─[39m[90m─[39m[90m─[39m[90m─[39m[90m─[39m[90m─[39m[90m─[39m[90m─[39m[90m─[39m[90m─[39m[90m─[39m[90m─[39m[90m─[39m[90m─[39m[90m─[39m[90m─[39m[90m─[39m[90m─[39m[90m─[39m[90m─[39m[90m─[39m[90m─[39m[90m─[39m[90m─[39m[90m─[39m[90m─[39m[90m─[39m[90m─[39m[90m─[39m[90m─[39m[90m─[39m[90m─[39m[90m─[39m[90m─[39m[90m─[39m[90m─[39m[90m─[39m[90m─[39m[90m─[39m[90m─[39m[90m─[39m[90m─[39m[90m─[39m[90m─[39m[90m─[39m[90m─[39m[90m─[39m[90m─[39m[90m─[39m[90m─[39m[90m─[39m[90m─[39m[90m─[39m[90m─[39m[90m─[39m[90m─[39m[90m─[39m[90m─[39m
Admin UI E2E (2, chrome)	Run Cypress	2025-03-12T00:53:51.9153265Z                                                                                                     
Admin UI E2E (2, chrome)	Run Cypress	2025-03-12T00:53:51.9154582Z   Running:  [90mauthentication_policies_ciba.spec.ts[39m                                            [90m(8 of 8)[39m
Admin UI E2E (2, chrome)	Run Cypress	2025-03-12T00:53:55.5115529Z 
Admin UI E2E (2, chrome)	Run Cypress	2025-03-12T00:53:55.5116262Z [0m[0m
Admin UI E2E (2, chrome)	Run Cypress	2025-03-12T00:53:55.5143056Z [0m  Authentication - Policies - CIBA[0m
Admin UI E2E (2, chrome)	Run Cypress	2025-03-12T00:54:00.6697624Z   [32m  ✓[0m[90m displays the initial state[0m[90m (5106ms)[0m
Admin UI E2E (2, chrome)	Run Cypress	2025-03-12T00:54:03.8147752Z   [32m  ✓[0m[90m validates the fields[0m[90m (3100ms)[0m
Admin UI E2E (2, chrome)	Run Cypress	2025-03-12T00:54:07.8470215Z   [32m  ✓[0m[90m saves the form[0m[90m (3676ms)[0m
Admin UI E2E (2, chrome)	Run Cypress	2025-03-12T00:54:07.8471892Z 
Admin UI E2E (2, chrome)	Run Cypress	2025-03-12T00:54:07.8742841Z 
Admin UI E2E (2, chrome)	Run Cypress	2025-03-12T00:54:07.8744919Z [92m [0m[32m 3 passing[0m[90m (12s)[0m
Admin UI E2E (2, chrome)	Run Cypress	2025-03-12T00:54:07.8746510Z 
Admin UI E2E (2, chrome)	Run Cypress	2025-03-12T00:54:08.9173848Z 
Admin UI E2E (2, chrome)	Run Cypress	2025-03-12T00:54:08.9174775Z [32m  ([4m[1mResults[22m[24m)[39m
Admin UI E2E (2, chrome)	Run Cypress	2025-03-12T00:54:08.9176633Z 
Admin UI E2E (2, chrome)	Run Cypress	2025-03-12T00:54:08.9187839Z [90m  ┌[39m[90m─[39m[90m─[39m[90m─[39m[90m─[39m[90m─[39m[90m─[39m[90m─[39m[90m─[39m[90m─[39m[90m─[39m[90m─[39m[90m─[39m[90m─[39m[90m─[39m[90m─[39m[90m─[39m[90m─[39m[90m─[39m[90m─[39m[90m─[39m[90m─[39m[90m─[39m[90m─[39m[90m─[39m[90m─[39m[90m─[39m[90m─[39m[90m─[39m[90m─[39m[90m─[39m[90m─[39m[90m─[39m[90m─[39m[90m─[39m[90m─[39m[90m─[39m[90m─[39m[90m─[39m[90m─[39m[90m─[39m[90m─[39m[90m─[39m[90m─[39m[90m─[39m[90m─[39m[90m─[39m[90m─[39m[90m─[39m[90m─[39m[90m─[39m[90m─[39m[90m─[39m[90m─[39m[90m─[39m[90m─[39m[90m─[39m[90m─[39m[90m─[39m[90m─[39m[90m─[39m[90m─[39m[90m─[39m[90m─[39m[90m─[39m[90m─[39m[90m─[39m[90m─[39m[90m─[39m[90m─[39m[90m─[39m[90m─[39m[90m─[39m[90m─[39m[90m─[39m[90m─[39m[90m─[39m[90m─[39m[90m─[39m[90m─[39m[90m─[39m[90m─[39m[90m─[39m[90m─[39m[90m─[39m[90m─[39m[90m─[39m[90m─[39m[90m─[39m[90m─[39m[90m─[39m[90m─[39m[90m─[39m[90m─[39m[90m─[39m[90m─[39m[90m─[39m[90m┐[39m
Admin UI E2E (2, chrome)	Run Cypress	2025-03-12T00:54:08.9193223Z [90m  │[39m [90mTests:[39m        [32m3[39m                                                                                [90m│[39m
Admin UI E2E (2, chrome)	Run Cypress	2025-03-12T00:54:08.9194517Z [90m  │[39m [90mPassing:[39m      [32m3[39m                                                                                [90m│[39m
Admin UI E2E (2, chrome)	Run Cypress	2025-03-12T00:54:08.9195773Z [90m  │[39m [90mFailing:[39m      [32m0[39m                                                                                [90m│[39m
Admin UI E2E (2, chrome)	Run Cypress	2025-03-12T00:54:08.9197067Z [90m  │[39m [90mPending:[39m      [32m0[39m                                                                                [90m│[39m
Admin UI E2E (2, chrome)	Run Cypress	2025-03-12T00:54:08.9198390Z [90m  │[39m [90mSkipped:[39m      [32m0[39m                                                                                [90m│[39m
Admin UI E2E (2, chrome)	Run Cypress	2025-03-12T00:54:08.9199969Z [90m  │[39m [90mScreenshots:[39m  [32m0[39m                                                                                [90m│[39m
Admin UI E2E (2, chrome)	Run Cypress	2025-03-12T00:54:08.9201333Z [90m  │[39m [90mVideo:[39m        [32mfalse[39m                                                                            [90m│[39m
Admin UI E2E (2, chrome)	Run Cypress	2025-03-12T00:54:08.9202616Z [90m  │[39m [90mDuration:[39m     [32m12 seconds[39m                                                                       [90m│[39m
Admin UI E2E (2, chrome)	Run Cypress	2025-03-12T00:54:08.9204119Z [90m  │[39m [90mSpec Ran:[39m     [32m[32mauthentication_policies_ciba.spec.ts[32m[39m                                             [90m│[39m
Admin UI E2E (2, chrome)	Run Cypress	2025-03-12T00:54:08.9211853Z [90m  └[39m[90m─[39m[90m─[39m[90m─[39m[90m─[39m[90m─[39m[90m─[39m[90m─[39m[90m─[39m[90m─[39m[90m─[39m[90m─[39m[90m─[39m[90m─[39m[90m─[39m[90m─[39m[90m─[39m[90m─[39m[90m─[39m[90m─[39m[90m─[39m[90m─[39m[90m─[39m[90m─[39m[90m─[39m[90m─[39m[90m─[39m[90m─[39m[90m─[39m[90m─[39m[90m─[39m[90m─[39m[90m─[39m[90m─[39m[90m─[39m[90m─[39m[90m─[39m[90m─[39m[90m─[39m[90m─[39m[90m─[39m[90m─[39m[90m─[39m[90m─[39m[90m─[39m[90m─[39m[90m─[39m[90m─[39m[90m─[39m[90m─[39m[90m─[39m[90m─[39m[90m─[39m[90m─[39m[90m─[39m[90m─[39m[90m─[39m[90m─[39m[90m─[39m[90m─[39m[90m─[39m[90m─[39m[90m─[39m[90m─[39m[90m─[39m[90m─[39m[90m─[39m[90m─[39m[90m─[39m[90m─[39m[90m─[39m[90m─[39m[90m─[39m[90m─[39m[90m─[39m[90m─[39m[90m─[39m[90m─[39m[90m─[39m[90m─[39m[90m─[39m[90m─[39m[90m─[39m[90m─[39m[90m─[39m[90m─[39m[90m─[39m[90m─[39m[90m─[39m[90m─[39m[90m─[39m[90m─[39m[90m─[39m[90m─[39m[90m─[39m[90m─[39m[90m─[39m[90m┘[39m
Admin UI E2E (2, chrome)	Run Cypress	2025-03-12T00:54:08.9215723Z 
Admin UI E2E (2, chrome)	Run Cypress	2025-03-12T00:54:08.9267688Z 
Admin UI E2E (2, chrome)	Run Cypress	2025-03-12T00:54:08.9701130Z [90m====================================================================================================[39m
Admin UI E2E (2, chrome)	Run Cypress	2025-03-12T00:54:08.9701440Z 
Admin UI E2E (2, chrome)	Run Cypress	2025-03-12T00:54:08.9701933Z [0m  ([4m[1mRun Finished[22m[24m)[0m
Admin UI E2E (2, chrome)	Run Cypress	2025-03-12T00:54:08.9716412Z 
Admin UI E2E (2, chrome)	Run Cypress	2025-03-12T00:54:08.9716448Z 
Admin UI E2E (2, chrome)	Run Cypress	2025-03-12T00:54:08.9745744Z [90m   [39m    [90mSpec[39m                                              [90mTests[39m  [90mPassing[39m  [90mFailing[39m  [90mPending[39m  [90mSkipped[39m [90m [39m
Admin UI E2E (2, chrome)	Run Cypress	2025-03-12T00:54:08.9750095Z [90m  ┌[39m[90m─[39m[90m─[39m[90m─[39m[90m─[39m[90m─[39m[90m─[39m[90m─[39m[90m─[39m[90m─[39m[90m─[39m[90m─[39m[90m─[39m[90m─[39m[90m─[39m[90m─[39m[90m─[39m[90m─[39m[90m─[39m[90m─[39m[90m─[39m[90m─[39m[90m─[39m[90m─[39m[90m─[39m[90m─[39m[90m─[39m[90m─[39m[90m─[39m[90m─[39m[90m─[39m[90m─[39m[90m─[39m[90m─[39m[90m─[39m[90m─[39m[90m─[39m[90m─[39m[90m─[39m[90m─[39m[90m─[39m[90m─[39m[90m─[39m[90m─[39m[90m─[39m[90m─[39m[90m─[39m[90m─[39m[90m─[39m[90m─[39m[90m─[39m[90m─[39m[90m─[39m[90m─[39m[90m─[39m[90m─[39m[90m─[39m[90m─[39m[90m─[39m[90m─[39m[90m─[39m[90m─[39m[90m─[39m[90m─[39m[90m─[39m[90m─[39m[90m─[39m[90m─[39m[90m─[39m[90m─[39m[90m─[39m[90m─[39m[90m─[39m[90m─[39m[90m─[39m[90m─[39m[90m─[39m[90m─[39m[90m─[39m[90m─[39m[90m─[39m[90m─[39m[90m─[39m[90m─[39m[90m─[39m[90m─[39m[90m─[39m[90m─[39m[90m─[39m[90m─[39m[90m─[39m[90m─[39m[90m─[39m[90m─[39m[90m─[39m[90m─[39m[90m─[39m[90m┐[39m
Admin UI E2E (2, chrome)	Run Cypress	2025-03-12T00:54:08.9753470Z [90m  │[39m [32m✔[39m  [0mpartial_export_test.spec.ts[0m              [90m00:17[39m        [0m3[0m        [32m3[39m        [90m-[39m        [90m-[39m        [90m-[39m [90m│[39m
Admin UI E2E (2, chrome)	Run Cypress	2025-03-12T00:54:08.9758016Z [90m  ├[39m[90m─[39m[90m─[39m[90m─[39m[90m─[39m[90m─[39m[90m─[39m[90m─[39m[90m─[39m[90m─[39m[90m─[39m[90m─[39m[90m─[39m[90m─[39m[90m─[39m[90m─[39m[90m─[39m[90m─[39m[90m─[39m[90m─[39m[90m─[39m[90m─[39m[90m─[39m[90m─[39m[90m─[39m[90m─[39m[90m─[39m[90m─[39m[90m─[39m[90m─[39m[90m─[39m[90m─[39m[90m─[39m[90m─[39m[90m─[39m[90m─[39m[90m─[39m[90m─[39m[90m─[39m[90m─[39m[90m─[39m[90m─[39m[90m─[39m[90m─[39m[90m─[39m[90m─[39m[90m─[39m[90m─[39m[90m─[39m[90m─[39m[90m─[39m[90m─[39m[90m─[39m[90m─[39m[90m─[39m[90m─[39m[90m─[39m[90m─[39m[90m─[39m[90m─[39m[90m─[39m[90m─[39m[90m─[39m[90m─[39m[90m─[39m[90m─[39m[90m─[39m[90m─[39m[90m─[39m[90m─[39m[90m─[39m[90m─[39m[90m─[39m[90m─[39m[90m─[39m[90m─[39m[90m─[39m[90m─[39m[90m─[39m[90m─[39m[90m─[39m[90m─[39m[90m─[39m[90m─[39m[90m─[39m[90m─[39m[90m─[39m[90m─[39m[90m─[39m[90m─[39m[90m─[39m[90m─[39m[90m─[39m[90m─[39m[90m─[39m[90m─[39m[90m─[39m[90m┤[39m
Admin UI E2E (2, chrome)	Run Cypress	2025-03-12T00:54:08.9763599Z [90m  │[39m [32m✔[39m  [0musers_test.spec.ts[0m                       [90m03:39[39m       [0m44[0m       [32m44[39m        [90m-[39m        [90m-[39m        [90m-[39m [90m│[39m
Admin UI E2E (2, chrome)	Run Cypress	2025-03-12T00:54:08.9774296Z [90m  ├[39m[90m─[39m[90m─[39m[90m─[39m[90m─[39m[90m─[39m[90m─[39m[90m─[39m[90m─[39m[90m─[39m[90m─[39m[90m─[39m[90m─[39m[90m─[39m[90m─[39m[90m─[39m[90m─[39m[90m─[39m[90m─[39m[90m─[39m[90m─[39m[90m─[39m[90m─[39m[90m─[39m[90m─[39m[90m─[39m[90m─[39m[90m─[39m[90m─[39m[90m─[39m[90m─[39m[90m─[39m[90m─[39m[90m─[39m[90m─[39m[90m─[39m[90m─[39m[90m─[39m[90m─[39m[90m─[39m[90m─[39m[90m─[39m[90m─[39m[90m─[39m[90m─[39m[90m─[39m[90m─[39m[90m─[39m[90m─[39m[90m─[39m[90m─[39m[90m─[39m[90m─[39m[90m─[39m[90m─[39m[90m─[39m[90m─[39m[90m─[39m[90m─[39m[90m─[39m[90m─[39m[90m─[39m[90m─[39m[90m─[39m[90m─[39m[90m─[39m[90m─[39m[90m─[39m[90m─[39m[90m─[39m[90m─[39m[90m─[39m[90m─[39m[90m─[39m[90m─[39m[90m─[39m[90m─[39m[90m─[39m[90m─[39m[90m─[39m[90m─[39m[90m─[39m[90m─[39m[90m─[39m[90m─[39m[90m─[39m[90m─[39m[90m─[39m[90m─[39m[90m─[39m[90m─[39m[90m─[39m[90m─[39m[90m─[39m[90m─[39m[90m─[39m[90m─[39m[90m┤[39m
Admin UI E2E (2, chrome)	Run Cypress	2025-03-12T00:54:08.9780469Z [90m  │[39m [32m✔[39m  [0mrealm_test.spec.ts[0m                       [90m00:31[39m        [0m6[0m        [32m6[39m        [90m-[39m        [90m-[39m        [90m-[39m [90m│[39m
Admin UI E2E (2, chrome)	Run Cypress	2025-03-12T00:54:08.9796498Z [90m  ├[39m[90m─[39m[90m─[39m[90m─[39m[90m─[39m[90m─[39m[90m─[39m[90m─[39m[90m─[39m[90m─[39m[90m─[39m[90m─[39m[90m─[39m[90m─[39m[90m─[39m[90m─[39m[90m─[39m[90m─[39m[90m─[39m[90m─[39m[90m─[39m[90m─[39m[90m─[39m[90m─[39m[90m─[39m[90m─[39m[90m─[39m[90m─[39m[90m─[39m[90m─[39m[90m─[39m[90m─[39m[90m─[39m[90m─[39m[90m─[39m[90m─[39m[90m─[39m[90m─[39m[90m─[39m[90m─[39m[90m─[39m[90m─[39m[90m─[39m[90m─[39m[90m─[39m[90m─[39m[90m─[39m[90m─[39m[90m─[39m[90m─[39m[90m─[39m[90m─[39m[90m─[39m[90m─[39m[90m─[39m[90m─[39m[90m─[39m[90m─[39m[90m─[39m[90m─[39m[90m─[39m[90m─[39m[90m─[39m[90m─[39m[90m─[39m[90m─[39m[90m─[39m[90m─[39m[90m─[39m[90m─[39m[90m─[39m[90m─[39m[90m─[39m[90m─[39m[90m─[39m[90m─[39m[90m─[39m[90m─[39m[90m─[39m[90m─[39m[90m─[39m[90m─[39m[90m─[39m[90m─[39m[90m─[39m[90m─[39m[90m─[39m[90m─[39m[90m─[39m[90m─[39m[90m─[39m[90m─[39m[90m─[39m[90m─[39m[90m─[39m[90m─[39m[90m─[39m[90m┤[39m
Admin UI E2E (2, chrome)	Run Cypress	2025-03-12T00:54:08.9801677Z [90m  │[39m [32m✔[39m  [0mclient_initial_access.spec.ts[0m            [90m00:09[39m        [0m2[0m        [32m2[39m        [90m-[39m        [90m-[39m        [90m-[39m [90m│[39m
Admin UI E2E (2, chrome)	Run Cypress	2025-03-12T00:54:08.9809078Z [90m  ├[39m[90m─[39m[90m─[39m[90m─[39m[90m─[39m[90m─[39m[90m─[39m[90m─[39m[90m─[39m[90m─[39m[90m─[39m[90m─[39m[90m─[39m[90m─[39m[90m─[39m[90m─[39m[90m─[39m[90m─[39m[90m─[39m[90m─[39m[90m─[39m[90m─[39m[90m─[39m[90m─[39m[90m─[39m[90m─[39m[90m─[39m[90m─[39m[90m─[39m[90m─[39m[90m─[39m[90m─[39m[90m─[39m[90m─[39m[90m─[39m[90m─[39m[90m─[39m[90m─[39m[90m─[39m[90m─[39m[90m─[39m[90m─[39m[90m─[39m[90m─[39m[90m─[39m[90m─[39m[90m─[39m[90m─[39m[90m─[39m[90m─[39m[90m─[39m[90m─[39m[90m─[39m[90m─[39m[90m─[39m[90m─[39m[90m─[39m[90m─[39m[90m─[39m[90m─[39m[90m─[39m[90m─[39m[90m─[39m[90m─[39m[90m─[39m[90m─[39m[90m─[39m[90m─[39m[90m─[39m[90m─[39m[90m─[39m[90m─[39m[90m─[39m[90m─[39m[90m─[39m[90m─[39m[90m─[39m[90m─[39m[90m─[39m[90m─[39m[90m─[39m[90m─[39m[90m─[39m[90m─[39m[90m─[39m[90m─[39m[90m─[39m[90m─[39m[90m─[39m[90m─[39m[90m─[39m[90m─[39m[90m─[39m[90m─[39m[90m─[39m[90m─[39m[90m─[39m[90m┤[39m
Admin UI E2E (2, chrome)	Run Cypress	2025-03-12T00:54:08.9814332Z [90m  │[39m [31m✖[39m  [0mclient_scopes_test.spec.ts[0m               [90m03:08[39m       [0m25[0m       [32m24[39m        [31m1[39m        [90m-[39m        [90m-[39m [90m│[39m
Admin UI E2E (2, chrome)	Run Cypress	2025-03-12T00:54:08.9827917Z [90m  ├[39m[90m─[39m[90m─[39m[90m─[39m[90m─[39m[90m─[39m[90m─[39m[90m─[39m[90m─[39m[90m─[39m[90m─[39m[90m─[39m[90m─[39m[90m─[39m[90m─[39m[90m─[39m[90m─[39m[90m─[39m[90m─[39m[90m─[39m[90m─[39m[90m─[39m[90m─[39m[90m─[39m[90m─[39m[90m─[39m[90m─[39m[90m─[39m[90m─[39m[90m─[39m[90m─[39m[90m─[39m[90m─[39m[90m─[39m[90m─[39m[90m─[39m[90m─[39m[90m─[39m[90m─[39m[90m─[39m[90m─[39m[90m─[39m[90m─[39m[90m─[39m[90m─[39m[90m─[39m[90m─[39m[90m─[39m[90m─[39m[90m─[39m[90m─[39m[90m─[39m[90m─[39m[90m─[39m[90m─[39m[90m─[39m[90m─[39m[90m─[39m[90m─[39m[90m─[39m[90m─[39m[90m─[39m[90m─[39m[90m─[39m[90m─[39m[90m─[39m[90m─[39m[90m─[39m[90m─[39m[90m─[39m[90m─[39m[90m─[39m[90m─[39m[90m─[39m[90m─[39m[90m─[39m[90m─[39m[90m─[39m[90m─[39m[90m─[39m[90m─[39m[90m─[39m[90m─[39m[90m─[39m[90m─[39m[90m─[39m[90m─[39m[90m─[39m[90m─[39m[90m─[39m[90m─[39m[90m─[39m[90m─[39m[90m─[39m[90m─[39m[90m─[39m[90m─[39m[90m┤[39m
Admin UI E2E (2, chrome)	Run Cypress	2025-03-12T00:54:08.9833474Z [90m  │[39m [32m✔[39m  [0mrealm_user_registration.spec.ts[0m          [90m00:10[39m        [0m3[0m        [32m3[39m        [90m-[39m        [90m-[39m        [90m-[39m [90m│[39m
Admin UI E2E (2, chrome)	Run Cypress	2025-03-12T00:54:08.9843226Z [90m  ├[39m[90m─[39m[90m─[39m[90m─[39m[90m─[39m[90m─[39m[90m─[39m[90m─[39m[90m─[39m[90m─[39m[90m─[39m[90m─[39m[90m─[39m[90m─[39m[90m─[39m[90m─[39m[90m─[39m[90m─[39m[90m─[39m[90m─[39m[90m─[39m[90m─[39m[90m─[39m[90m─[39m[90m─[39m[90m─[39m[90m─[39m[90m─[39m[90m─[39m[90m─[39m[90m─[39m[90m─[39m[90m─[39m[90m─[39m[90m─[39m[90m─[39m[90m─[39m[90m─[39m[90m─[39m[90m─[39m[90m─[39m[90m─[39m[90m─[39m[90m─[39m[90m─[39m[90m─[39m[90m─[39m[90m─[39m[90m─[39m[90m─[39m[90m─[39m[90m─[39m[90m─[39m[90m─[39m[90m─[39m[90m─[39m[90m─[39m[90m─[39m[90m─[39m[90m─[39m[90m─[39m[90m─[39m[90m─[39m[90m─[39m[90m─[39m[90m─[39m[90m─[39m[90m─[39m[90m─[39m[90m─[39m[90m─[39m[90m─[39m[90m─[39m[90m─[39m[90m─[39m[90m─[39m[90m─[39m[90m─[39m[90m─[39m[90m─[39m[90m─[39m[90m─[39m[90m─[39m[90m─[39m[90m─[39m[90m─[39m[90m─[39m[90m─[39m[90m─[39m[90m─[39m[90m─[39m[90m─[39m[90m─[39m[90m─[39m[90m─[39m[90m─[39m[90m─[39m[90m┤[39m
Admin UI E2E (2, chrome)	Run Cypress	2025-03-12T00:54:08.9848190Z [90m  │[39m [32m✔[39m  [0mclient_scope.spec.ts[0m                     [90m01:25[39m       [0m15[0m       [32m15[39m        [90m-[39m        [90m-[39m        [90m-[39m [90m│[39m
Admin UI E2E (2, chrome)	Run Cypress	2025-03-12T00:54:08.9855591Z [90m  ├[39m[90m─[39m[90m─[39m[90m─[39m[90m─[39m[90m─[39m[90m─[39m[90m─[39m[90m─[39m[90m─[39m[90m─[39m[90m─[39m[90m─[39m[90m─[39m[90m─[39m[90m─[39m[90m─[39m[90m─[39m[90m─[39m[90m─[39m[90m─[39m[90m─[39m[90m─[39m[90m─[39m[90m─[39m[90m─[39m[90m─[39m[90m─[39m[90m─[39m[90m─[39m[90m─[39m[90m─[39m[90m─[39m[90m─[39m[90m─[39m[90m─[39m[90m─[39m[90m─[39m[90m─[39m[90m─[39m[90m─[39m[90m─[39m[90m─[39m[90m─[39m[90m─[39m[90m─[39m[90m─[39m[90m─[39m[90m─[39m[90m─[39m[90m─[39m[90m─[39m[90m─[39m[90m─[39m[90m─[39m[90m─[39m[90m─[39m[90m─[39m[90m─[39m[90m─[39m[90m─[39m[90m─[39m[90m─[39m[90m─[39m[90m─[39m[90m─[39m[90m─[39m[90m─[39m[90m─[39m[90m─[39m[90m─[39m[90m─[39m[90m─[39m[90m─[39m[90m─[39m[90m─[39m[90m─[39m[90m─[39m[90m─[39m[90m─[39m[90m─[39m[90m─[39m[90m─[39m[90m─[39m[90m─[39m[90m─[39m[90m─[39m[90m─[39m[90m─[39m[90m─[39m[90m─[39m[90m─[39m[90m─[39m[90m─[39m[90m─[39m[90m─[39m[90m─[39m[90m┤[39m
Admin UI E2E (2, chrome)	Run Cypress	2025-03-12T00:54:08.9860542Z [90m  │[39m [32m✔[39m  [0mauthentication_policies_ciba.spec.t[0m      [90m00:12[39m        [0m3[0m        [32m3[39m        [90m-[39m        [90m-[39m        [90m-[39m [90m│[39m
Admin UI E2E (2, chrome)	Run Cypress	2025-03-12T00:54:08.9861904Z [90m  │[39m    [0ms[0m                                                                                           [90m│[39m
Admin UI E2E (2, chrome)	Run Cypress	2025-03-12T00:54:08.9868450Z [90m  └[39m[90m─[39m[90m─[39m[90m─[39m[90m─[39m[90m─[39m[90m─[39m[90m─[39m[90m─[39m[90m─[39m[90m─[39m[90m─[39m[90m─[39m[90m─[39m[90m─[39m[90m─[39m[90m─[39m[90m─[39m[90m─[39m[90m─[39m[90m─[39m[90m─[39m[90m─[39m[90m─[39m[90m─[39m[90m─[39m[90m─[39m[90m─[39m[90m─[39m[90m─[39m[90m─[39m[90m─[39m[90m─[39m[90m─[39m[90m─[39m[90m─[39m[90m─[39m[90m─[39m[90m─[39m[90m─[39m[90m─[39m[90m─[39m[90m─[39m[90m─[39m[90m─[39m[90m─[39m[90m─[39m[90m─[39m[90m─[39m[90m─[39m[90m─[39m[90m─[39m[90m─[39m[90m─[39m[90m─[39m[90m─[39m[90m─[39m[90m─[39m[90m─[39m[90m─[39m[90m─[39m[90m─[39m[90m─[39m[90m─[39m[90m─[39m[90m─[39m[90m─[39m[90m─[39m[90m─[39m[90m─[39m[90m─[39m[90m─[39m[90m─[39m[90m─[39m[90m─[39m[90m─[39m[90m─[39m[90m─[39m[90m─[39m[90m─[39m[90m─[39m[90m─[39m[90m─[39m[90m─[39m[90m─[39m[90m─[39m[90m─[39m[90m─[39m[90m─[39m[90m─[39m[90m─[39m[90m─[39m[90m─[39m[90m─[39m[90m─[39m[90m─[39m[90m─[39m[90m┘[39m
Admin UI E2E (2, chrome)	Run Cypress	2025-03-12T00:54:08.9873915Z [90m   [39m [31m✖[39m  [31m1 of 8 failed (13%)[39m                      [90m09:35[39m      [0m101[0m      [32m100[39m        [31m1[39m        [90m-[39m        [90m-[39m [90m [39m
Admin UI E2E (2, chrome)	Run Cypress	2025-03-12T00:54:08.9874622Z 
Admin UI E2E (2, chrome)	Run Cypress	2025-03-12T00:54:09.0742627Z ##[error]Cypress tests: 1 failed
Status Check - Keycloak JavaScript CI	Run /./.github/actions/status-check	2025-03-12T01:06:10.2329077Z Prepare all required actions
Status Check - Keycloak JavaScript CI	Run /./.github/actions/status-check	2025-03-12T01:06:10.2404395Z ##[group]Run ./.github/actions/status-check
Status Check - Keycloak JavaScript CI	Run /./.github/actions/status-check	2025-03-12T01:06:10.2404809Z with:
Status Check - Keycloak JavaScript CI	Run /./.github/actions/status-check	2025-03-12T01:06:10.2406178Z   jobs: {
Status Check - Keycloak JavaScript CI	Run /./.github/actions/status-check	  "conditional": {
Status Check - Keycloak JavaScript CI	Run /./.github/actions/status-check	    "result": "success",
Status Check - Keycloak JavaScript CI	Run /./.github/actions/status-check	    "outputs": {
Status Check - Keycloak JavaScript CI	Run /./.github/actions/status-check	      "js-ci": "true"
Status Check - Keycloak JavaScript CI	Run /./.github/actions/status-check	    }
Status Check - Keycloak JavaScript CI	Run /./.github/actions/status-check	  },
Status Check - Keycloak JavaScript CI	Run /./.github/actions/status-check	  "build-keycloak": {
Status Check - Keycloak JavaScript CI	Run /./.github/actions/status-check	    "result": "success",
Status Check - Keycloak JavaScript CI	Run /./.github/actions/status-check	    "outputs": {}
Status Check - Keycloak JavaScript CI	Run /./.github/actions/status-check	  },
Status Check - Keycloak JavaScript CI	Run /./.github/actions/status-check	  "admin-client": {
Status Check - Keycloak JavaScript CI	Run /./.github/actions/status-check	    "result": "success",
Status Check - Keycloak JavaScript CI	Run /./.github/actions/status-check	    "outputs": {}
Status Check - Keycloak JavaScript CI	Run /./.github/actions/status-check	  },
Status Check - Keycloak JavaScript CI	Run /./.github/actions/status-check	  "ui-shared": {
Status Check - Keycloak JavaScript CI	Run /./.github/actions/status-check	    "result": "success",
Status Check - Keycloak JavaScript CI	Run /./.github/actions/status-check	    "outputs": {}
Status Check - Keycloak JavaScript CI	Run /./.github/actions/status-check	  },
Status Check - Keycloak JavaScript CI	Run /./.github/actions/status-check	  "account-ui": {
Status Check - Keycloak JavaScript CI	Run /./.github/actions/status-check	    "result": "success",
Status Check - Keycloak JavaScript CI	Run /./.github/actions/status-check	    "outputs": {}
Status Check - Keycloak JavaScript CI	Run /./.github/actions/status-check	  },
Status Check - Keycloak JavaScript CI	Run /./.github/actions/status-check	  "account-ui-e2e": {
Status Check - Keycloak JavaScript CI	Run /./.github/actions/status-check	    "result": "success",
Status Check - Keycloak JavaScript CI	Run /./.github/actions/status-check	    "outputs": {}
Status Check - Keycloak JavaScript CI	Run /./.github/actions/status-check	  },
Status Check - Keycloak JavaScript CI	Run /./.github/actions/status-check	  "admin-ui": {
Status Check - Keycloak JavaScript CI	Run /./.github/actions/status-check	    "result": "success",
Status Check - Keycloak JavaScript CI	Run /./.github/actions/status-check	    "outputs": {}
Status Check - Keycloak JavaScript CI	Run /./.github/actions/status-check	  },
Status Check - Keycloak JavaScript CI	Run /./.github/actions/status-check	  "admin-ui-e2e": {
Status Check - Keycloak JavaScript CI	Run /./.github/actions/status-check	    "result": "failure",
Status Check - Keycloak JavaScript CI	Run /./.github/actions/status-check	    "outputs": {}
Status Check - Keycloak JavaScript CI	Run /./.github/actions/status-check	  }
Status Check - Keycloak JavaScript CI	Run /./.github/actions/status-check	}
Status Check - Keycloak JavaScript CI	Run /./.github/actions/status-check	2025-03-12T01:06:10.2407495Z env:
Status Check - Keycloak JavaScript CI	Run /./.github/actions/status-check	2025-03-12T01:06:10.2407810Z   MAVEN_ARGS: -B -nsu -Daether.connector.http.connectionMaxTtl=25
Status Check - Keycloak JavaScript CI	Run /./.github/actions/status-check	2025-03-12T01:06:10.2408226Z   RETRY_COUNT: 3
Status Check - Keycloak JavaScript CI	Run /./.github/actions/status-check	2025-03-12T01:06:10.2408687Z ##[endgroup]
Status Check - Keycloak JavaScript CI	Run /./.github/actions/status-check	2025-03-12T01:06:10.2614233Z ##[group]Run JOBS='{
Status Check - Keycloak JavaScript CI	Run /./.github/actions/status-check	2025-03-12T01:06:10.2614740Z [36;1mJOBS='{[0m
Status Check - Keycloak JavaScript CI	Run /./.github/actions/status-check	2025-03-12T01:06:10.2614986Z [36;1m  "conditional": {[0m
Status Check - Keycloak JavaScript CI	Run /./.github/actions/status-check	2025-03-12T01:06:10.2615256Z [36;1m    "result": "success",[0m
Status Check - Keycloak JavaScript CI	Run /./.github/actions/status-check	2025-03-12T01:06:10.2615542Z [36;1m    "outputs": {[0m
Status Check - Keycloak JavaScript CI	Run /./.github/actions/status-check	2025-03-12T01:06:10.2615788Z [36;1m      "js-ci": "true"[0m
Status Check - Keycloak JavaScript CI	Run /./.github/actions/status-check	2025-03-12T01:06:10.2616260Z [36;1m    }[0m
Status Check - Keycloak JavaScript CI	Run /./.github/actions/status-check	2025-03-12T01:06:10.2616480Z [36;1m  },[0m
Status Check - Keycloak JavaScript CI	Run /./.github/actions/status-check	2025-03-12T01:06:10.2616708Z [36;1m  "build-keycloak": {[0m
Status Check - Keycloak JavaScript CI	Run /./.github/actions/status-check	2025-03-12T01:06:10.2616967Z [36;1m    "result": "success",[0m
Status Check - Keycloak JavaScript CI	Run /./.github/actions/status-check	2025-03-12T01:06:10.2617237Z [36;1m    "outputs": {}[0m
Status Check - Keycloak JavaScript CI	Run /./.github/actions/status-check	2025-03-12T01:06:10.2617481Z [36;1m  },[0m
Status Check - Keycloak JavaScript CI	Run /./.github/actions/status-check	2025-03-12T01:06:10.2617696Z [36;1m  "admin-client": {[0m
Status Check - Keycloak JavaScript CI	Run /./.github/actions/status-check	2025-03-12T01:06:10.2617952Z [36;1m    "result": "success",[0m
Status Check - Keycloak JavaScript CI	Run /./.github/actions/status-check	2025-03-12T01:06:10.2618242Z [36;1m    "outputs": {}[0m
Status Check - Keycloak JavaScript CI	Run /./.github/actions/status-check	2025-03-12T01:06:10.2618495Z [36;1m  },[0m
Status Check - Keycloak JavaScript CI	Run /./.github/actions/status-check	2025-03-12T01:06:10.2618707Z [36;1m  "ui-shared": {[0m
Status Check - Keycloak JavaScript CI	Run /./.github/actions/status-check	2025-03-12T01:06:10.2618953Z [36;1m    "result": "success",[0m
Status Check - Keycloak JavaScript CI	Run /./.github/actions/status-check	2025-03-12T01:06:10.2619214Z [36;1m    "outputs": {}[0m
Status Check - Keycloak JavaScript CI	Run /./.github/actions/status-check	2025-03-12T01:06:10.2619453Z [36;1m  },[0m
Status Check - Keycloak JavaScript CI	Run /./.github/actions/status-check	2025-03-12T01:06:10.2619669Z [36;1m  "account-ui": {[0m
Status Check - Keycloak JavaScript CI	Run /./.github/actions/status-check	2025-03-12T01:06:10.2619917Z [36;1m    "result": "success",[0m
Status Check - Keycloak JavaScript CI	Run /./.github/actions/status-check	2025-03-12T01:06:10.2620188Z [36;1m    "outputs": {}[0m
Status Check - Keycloak JavaScript CI	Run /./.github/actions/status-check	2025-03-12T01:06:10.2620428Z [36;1m  },[0m
Status Check - Keycloak JavaScript CI	Run /./.github/actions/status-check	2025-03-12T01:06:10.2620645Z [36;1m  "account-ui-e2e": {[0m
Status Check - Keycloak JavaScript CI	Run /./.github/actions/status-check	2025-03-12T01:06:10.2620908Z [36;1m    "result": "success",[0m
Status Check - Keycloak JavaScript CI	Run /./.github/actions/status-check	2025-03-12T01:06:10.2621168Z [36;1m    "outputs": {}[0m
Status Check - Keycloak JavaScript CI	Run /./.github/actions/status-check	2025-03-12T01:06:10.2621412Z [36;1m  },[0m
Status Check - Keycloak JavaScript CI	Run /./.github/actions/status-check	2025-03-12T01:06:10.2621628Z [36;1m  "admin-ui": {[0m
Status Check - Keycloak JavaScript CI	Run /./.github/actions/status-check	2025-03-12T01:06:10.2621868Z [36;1m    "result": "success",[0m
Status Check - Keycloak JavaScript CI	Run /./.github/actions/status-check	2025-03-12T01:06:10.2622130Z [36;1m    "outputs": {}[0m
Status Check - Keycloak JavaScript CI	Run /./.github/actions/status-check	2025-03-12T01:06:10.2622369Z [36;1m  },[0m
Status Check - Keycloak JavaScript CI	Run /./.github/actions/status-check	2025-03-12T01:06:10.2622596Z [36;1m  "admin-ui-e2e": {[0m
Status Check - Keycloak JavaScript CI	Run /./.github/actions/status-check	2025-03-12T01:06:10.2622851Z [36;1m    "result": "failure",[0m
Status Check - Keycloak JavaScript CI	Run /./.github/actions/status-check	2025-03-12T01:06:10.2623105Z [36;1m    "outputs": {}[0m
Status Check - Keycloak JavaScript CI	Run /./.github/actions/status-check	2025-03-12T01:06:10.2623341Z [36;1m  }[0m
Status Check - Keycloak JavaScript CI	Run /./.github/actions/status-check	2025-03-12T01:06:10.2623544Z [36;1m}'[0m
Status Check - Keycloak JavaScript CI	Run /./.github/actions/status-check	2025-03-12T01:06:10.2623770Z [36;1m[0m
Status Check - Keycloak JavaScript CI	Run /./.github/actions/status-check	2025-03-12T01:06:10.2623997Z [36;1mecho "Job status:"[0m
Status Check - Keycloak JavaScript CI	Run /./.github/actions/status-check	2025-03-12T01:06:10.2624377Z [36;1mecho $JOBS | jq -r 'to_entries[] | " - \(.key): \(.value.result)"'[0m
Status Check - Keycloak JavaScript CI	Run /./.github/actions/status-check	2025-03-12T01:06:10.2624745Z [36;1m[0m
Status Check - Keycloak JavaScript CI	Run /./.github/actions/status-check	2025-03-12T01:06:10.2625037Z [36;1mfor i in $(echo $JOBS | jq -r 'to_entries[] | .value.result'); do[0m
Status Check - Keycloak JavaScript CI	Run /./.github/actions/status-check	2025-03-12T01:06:10.2625444Z [36;1m  if [ "$i" != "success" ] && [ "$i" != "skipped" ]; then[0m
Status Check - Keycloak JavaScript CI	Run /./.github/actions/status-check	2025-03-12T01:06:10.2625761Z [36;1m    echo ""[0m
Status Check - Keycloak JavaScript CI	Run /./.github/actions/status-check	2025-03-12T01:06:10.2626134Z [36;1m    echo "Status check not okay!"[0m
Status Check - Keycloak JavaScript CI	Run /./.github/actions/status-check	2025-03-12T01:06:10.2626416Z [36;1m    exit 1[0m
Status Check - Keycloak JavaScript CI	Run /./.github/actions/status-check	2025-03-12T01:06:10.2626638Z [36;1m  fi[0m
Status Check - Keycloak JavaScript CI	Run /./.github/actions/status-check	2025-03-12T01:06:10.2626845Z [36;1mdone[0m
Status Check - Keycloak JavaScript CI	Run /./.github/actions/status-check	2025-03-12T01:06:10.2679581Z shell: /usr/bin/bash --noprofile --norc -e -o pipefail {0}
Status Check - Keycloak JavaScript CI	Run /./.github/actions/status-check	2025-03-12T01:06:10.2680005Z env:
Status Check - Keycloak JavaScript CI	Run /./.github/actions/status-check	2025-03-12T01:06:10.2680321Z   MAVEN_ARGS: -B -nsu -Daether.connector.http.connectionMaxTtl=25
Status Check - Keycloak JavaScript CI	Run /./.github/actions/status-check	2025-03-12T01:06:10.2680689Z   RETRY_COUNT: 3
Status Check - Keycloak JavaScript CI	Run /./.github/actions/status-check	2025-03-12T01:06:10.2680920Z ##[endgroup]
Status Check - Keycloak JavaScript CI	Run /./.github/actions/status-check	2025-03-12T01:06:10.2772899Z Job status:
Status Check - Keycloak JavaScript CI	Run /./.github/actions/status-check	2025-03-12T01:06:10.2820135Z  - conditional: success
Status Check - Keycloak JavaScript CI	Run /./.github/actions/status-check	2025-03-12T01:06:10.2820589Z  - build-keycloak: success
Status Check - Keycloak JavaScript CI	Run /./.github/actions/status-check	2025-03-12T01:06:10.2820893Z  - admin-client: success
Status Check - Keycloak JavaScript CI	Run /./.github/actions/status-check	2025-03-12T01:06:10.2821166Z  - ui-shared: success
Status Check - Keycloak JavaScript CI	Run /./.github/actions/status-check	2025-03-12T01:06:10.2821410Z  - account-ui: success
Status Check - Keycloak JavaScript CI	Run /./.github/actions/status-check	2025-03-12T01:06:10.2821667Z  - account-ui-e2e: success
Status Check - Keycloak JavaScript CI	Run /./.github/actions/status-check	2025-03-12T01:06:10.2821924Z  - admin-ui: success
Status Check - Keycloak JavaScript CI	Run /./.github/actions/status-check	2025-03-12T01:06:10.2822155Z  - admin-ui-e2e: failure
Status Check - Keycloak JavaScript CI	Run /./.github/actions/status-check	2025-03-12T01:06:10.2856508Z 
Status Check - Keycloak JavaScript CI	Run /./.github/actions/status-check	2025-03-12T01:06:10.2856799Z Status check not okay!
Status Check - Keycloak JavaScript CI	Run /./.github/actions/status-check	2025-03-12T01:06:10.2870862Z ##[error]Process completed with exit code 1.
