Test OLM installation	Arrange OLM test installation	2025-05-30T08:51:24.4915037Z ##[group]Run eval $(minikube -p minikube docker-env)
Test OLM installation	Arrange OLM test installation	2025-05-30T08:51:24.4915756Z [36;1meval $(minikube -p minikube docker-env)[0m
Test OLM installation	Arrange OLM test installation	2025-05-30T08:51:24.4916359Z [36;1m./scripts/olm-testing.sh ${GITHUB_SHA::6}[0m
Test OLM installation	Arrange OLM test installation	2025-05-30T08:51:24.4981813Z shell: /usr/bin/bash --noprofile --norc -e -o pipefail {0}
Test OLM installation	Arrange OLM test installation	2025-05-30T08:51:24.4982141Z env:
Test OLM installation	Arrange OLM test installation	2025-05-30T08:51:24.4982415Z   MAVEN_ARGS: -B -nsu -Daether.connector.http.connectionMaxTtl=25
Test OLM installation	Arrange OLM test installation	2025-05-30T08:51:24.4982750Z   MINIKUBE_VERSION: v1.32.0
Test OLM installation	Arrange OLM test installation	2025-05-30T08:51:24.4982976Z   KUBERNETES_VERSION: v1.27.10
Test OLM installation	Arrange OLM test installation	2025-05-30T08:51:24.4983200Z   MINIKUBE_MEMORY: 4096
Test OLM installation	Arrange OLM test installation	2025-05-30T08:51:24.4983501Z   JAVA_HOME: /opt/hostedtoolcache/Java_Temurin-Hotspot_jdk/21.0.7-6/x64
Test OLM installation	Arrange OLM test installation	2025-05-30T08:51:24.4983934Z   JAVA_HOME_21_X64: /opt/hostedtoolcache/Java_Temurin-Hotspot_jdk/21.0.7-6/x64
Test OLM installation	Arrange OLM test installation	2025-05-30T08:51:24.4984306Z   MINIKUBE_HOME: /home/runner/work/_temp
Test OLM installation	Arrange OLM test installation	2025-05-30T08:51:24.4984548Z ##[endgroup]
Test OLM installation	Arrange OLM test installation	2025-05-30T08:51:24.8007520Z + UUID=de9cdc
Test OLM installation	Arrange OLM test installation	2025-05-30T08:51:24.8007958Z + INSTALL_NAMESPACE=default
Test OLM installation	Arrange OLM test installation	2025-05-30T08:51:24.8008531Z + TARGET_NAMESPACES=default
Test OLM installation	Arrange OLM test installation	2025-05-30T08:51:24.8013587Z +++ dirname -- ./scripts/olm-testing.sh
Test OLM installation	Arrange OLM test installation	2025-05-30T08:51:24.8024326Z ++ cd -- ./scripts
Test OLM installation	Arrange OLM test installation	2025-05-30T08:51:24.8024694Z ++ pwd
Test OLM installation	Arrange OLM test installation	2025-05-30T08:51:24.8027427Z + SCRIPT_DIR=/home/runner/work/keycloak/keycloak/operator/scripts
Test OLM installation	Arrange OLM test installation	2025-05-30T08:51:24.8028015Z + VERSION=86400000.0.0
Test OLM installation	Arrange OLM test installation	2025-05-30T08:51:24.8030368Z + cd /home/runner/work/keycloak/keycloak/operator/scripts/../../quarkus/container
Test OLM installation	Arrange OLM test installation	2025-05-30T08:51:24.8033317Z ++ ls keycloak-999.0.0-SNAPSHOT.tar.gz
Test OLM installation	Arrange OLM test installation	2025-05-30T08:51:24.8046008Z + docker build --build-arg KEYCLOAK_DIST=keycloak-999.0.0-SNAPSHOT.tar.gz . -t ttl.sh/de9cdckeycloak:86400000.0.0
Test OLM installation	Arrange OLM test installation	2025-05-30T08:51:25.2216451Z #0 building with "default" instance using docker driver
Test OLM installation	Arrange OLM test installation	2025-05-30T08:51:25.2216869Z 
Test OLM installation	Arrange OLM test installation	2025-05-30T08:51:25.2217043Z #1 [internal] load .dockerignore
Test OLM installation	Arrange OLM test installation	2025-05-30T08:51:25.2217622Z #1 transferring context: 2B done
Test OLM installation	Arrange OLM test installation	2025-05-30T08:51:25.2217868Z #1 DONE 0.0s
Test OLM installation	Arrange OLM test installation	2025-05-30T08:51:25.2217973Z 
Test OLM installation	Arrange OLM test installation	2025-05-30T08:51:25.2218101Z #2 [internal] load build definition from Dockerfile
Test OLM installation	Arrange OLM test installation	2025-05-30T08:51:25.2218410Z #2 transferring dockerfile: 2.72kB done
Test OLM installation	Arrange OLM test installation	2025-05-30T08:51:25.2218642Z #2 DONE 0.0s
Test OLM installation	Arrange OLM test installation	2025-05-30T08:51:25.2218747Z 
Test OLM installation	Arrange OLM test installation	2025-05-30T08:51:25.2218919Z #3 [internal] load metadata for registry.access.redhat.com/ubi9:latest
Test OLM installation	Arrange OLM test installation	2025-05-30T08:51:25.8846790Z #3 DONE 0.8s
Test OLM installation	Arrange OLM test installation	2025-05-30T08:51:25.8847075Z 
Test OLM installation	Arrange OLM test installation	2025-05-30T08:51:25.8847679Z #4 [internal] load metadata for registry.access.redhat.com/ubi9-micro:latest
Test OLM installation	Arrange OLM test installation	2025-05-30T08:51:26.0460789Z #4 DONE 0.9s
Test OLM installation	Arrange OLM test installation	2025-05-30T08:51:26.0461076Z 
Test OLM installation	Arrange OLM test installation	2025-05-30T08:51:26.0461749Z #5 [stage-1 1/4] FROM registry.access.redhat.com/ubi9-micro@sha256:955512628a9104d74f7b3b0a91db27a6bbecdd6a1975ce0f1b2658d3cd060b98
Test OLM installation	Arrange OLM test installation	2025-05-30T08:51:26.0463353Z #5 resolve registry.access.redhat.com/ubi9-micro@sha256:955512628a9104d74f7b3b0a91db27a6bbecdd6a1975ce0f1b2658d3cd060b98 done
Test OLM installation	Arrange OLM test installation	2025-05-30T08:51:26.0464973Z #5 sha256:bc049e6e35c145513e3ec226faf3f929337ea2337fa5c9f7e00375aef4b801e8 504B / 504B done
Test OLM installation	Arrange OLM test installation	2025-05-30T08:51:26.0466126Z #5 sha256:352e1e8e3c437ad6bd352f164df8bdf7018df09f730362546276fe3df62ffd8c 4.00kB / 4.00kB done
Test OLM installation	Arrange OLM test installation	2025-05-30T08:51:26.0467432Z #5 sha256:cd2f3f69481dffe63a3071ea43aeeab2a4af254e96b065c35b2d7ce2534e0383 0B / 7.27MB 0.1s
Test OLM installation	Arrange OLM test installation	2025-05-30T08:51:26.0468556Z #5 sha256:955512628a9104d74f7b3b0a91db27a6bbecdd6a1975ce0f1b2658d3cd060b98 897B / 897B done
Test OLM installation	Arrange OLM test installation	2025-05-30T08:51:26.2494484Z #5 sha256:cd2f3f69481dffe63a3071ea43aeeab2a4af254e96b065c35b2d7ce2534e0383 4.19MB / 7.27MB 0.3s
Test OLM installation	Arrange OLM test installation	2025-05-30T08:51:26.4360434Z #5 sha256:cd2f3f69481dffe63a3071ea43aeeab2a4af254e96b065c35b2d7ce2534e0383 7.27MB / 7.27MB 0.4s done
Test OLM installation	Arrange OLM test installation	2025-05-30T08:51:26.4361653Z #5 extracting sha256:cd2f3f69481dffe63a3071ea43aeeab2a4af254e96b065c35b2d7ce2534e0383 0.1s
Test OLM installation	Arrange OLM test installation	2025-05-30T08:51:26.9524937Z #5 extracting sha256:cd2f3f69481dffe63a3071ea43aeeab2a4af254e96b065c35b2d7ce2534e0383 0.6s done
Test OLM installation	Arrange OLM test installation	2025-05-30T08:51:26.9528789Z #5 DONE 1.0s
Test OLM installation	Arrange OLM test installation	2025-05-30T08:51:26.9528993Z 
Test OLM installation	Arrange OLM test installation	2025-05-30T08:51:26.9529717Z #6 [ubi-micro-build 1/8] FROM registry.access.redhat.com/ubi9@sha256:304b50df1ea4db9706d8a30f4bbf26f582936ebc80c7e075c72ff2af99292a54
Test OLM installation	Arrange OLM test installation	2025-05-30T08:51:26.9531606Z #6 resolve registry.access.redhat.com/ubi9@sha256:304b50df1ea4db9706d8a30f4bbf26f582936ebc80c7e075c72ff2af99292a54 done
Test OLM installation	Arrange OLM test installation	2025-05-30T08:51:26.9532790Z #6 sha256:83c48939c2c8782580d44062545386358defd2d5cc748b9b963bdb8a78046a46 5.06kB / 5.06kB done
Test OLM installation	Arrange OLM test installation	2025-05-30T08:51:26.9533883Z #6 sha256:92efcdccd1058003df257e9cbdf756ff6b10bd276551590536a5a1678e099aaf 73.40MB / 79.59MB 0.9s
Test OLM installation	Arrange OLM test installation	2025-05-30T08:51:26.9534938Z #6 sha256:304b50df1ea4db9706d8a30f4bbf26f582936ebc80c7e075c72ff2af99292a54 897B / 897B done
Test OLM installation	Arrange OLM test installation	2025-05-30T08:51:26.9536052Z #6 sha256:62fb429dc6b93ab5ade55d1c8e6b08735f00224d3081d58f161eb5f55eeb3d7d 505B / 505B done
Test OLM installation	Arrange OLM test installation	2025-05-30T08:51:27.0926626Z #6 ...
Test OLM installation	Arrange OLM test installation	2025-05-30T08:51:27.0927041Z 
Test OLM installation	Arrange OLM test installation	2025-05-30T08:51:27.0927635Z #7 [internal] load build context
Test OLM installation	Arrange OLM test installation	2025-05-30T08:51:27.0928071Z #7 transferring context: 155.09MB 1.1s done
Test OLM installation	Arrange OLM test installation	2025-05-30T08:51:27.0928366Z #7 DONE 1.1s
Test OLM installation	Arrange OLM test installation	2025-05-30T08:51:27.0928473Z 
Test OLM installation	Arrange OLM test installation	2025-05-30T08:51:27.0928991Z #6 [ubi-micro-build 1/8] FROM registry.access.redhat.com/ubi9@sha256:304b50df1ea4db9706d8a30f4bbf26f582936ebc80c7e075c72ff2af99292a54
Test OLM installation	Arrange OLM test installation	2025-05-30T08:51:27.0929745Z #6 extracting sha256:92efcdccd1058003df257e9cbdf756ff6b10bd276551590536a5a1678e099aaf 0.1s
Test OLM installation	Arrange OLM test installation	2025-05-30T08:51:30.0129523Z #6 extracting sha256:92efcdccd1058003df257e9cbdf756ff6b10bd276551590536a5a1678e099aaf 3.0s done
Test OLM installation	Arrange OLM test installation	2025-05-30T08:51:30.2125064Z #6 DONE 4.3s
Test OLM installation	Arrange OLM test installation	2025-05-30T08:51:30.3649135Z 
Test OLM installation	Arrange OLM test installation	2025-05-30T08:51:30.3649715Z #8 [ubi-micro-build 2/8] RUN dnf install -y tar gzip
Test OLM installation	Arrange OLM test installation	2025-05-30T08:51:30.8780069Z #8 0.663 Updating Subscription Management repositories.
Test OLM installation	Arrange OLM test installation	2025-05-30T08:51:31.0087607Z #8 0.664 Unable to read consumer identity
Test OLM installation	Arrange OLM test installation	2025-05-30T08:51:31.0088150Z #8 0.667 
Test OLM installation	Arrange OLM test installation	2025-05-30T08:51:31.0088831Z #8 0.667 This system is not registered with an entitlement server. You can use subscription-manager to register.
Test OLM installation	Arrange OLM test installation	2025-05-30T08:51:31.0089616Z #8 0.667 
Test OLM installation	Arrange OLM test installation	2025-05-30T08:51:31.0090140Z #8 0.794 Red Hat Universal Base Image 9 (RPMs) - BaseOS  6.2 MB/s | 587 kB     00:00    
Test OLM installation	Arrange OLM test installation	2025-05-30T08:51:31.1644820Z #8 0.950 Red Hat Universal Base Image 9 (RPMs) - AppStre  35 MB/s | 2.4 MB     00:00    
Test OLM installation	Arrange OLM test installation	2025-05-30T08:51:31.5921858Z #8 1.377 Red Hat Universal Base Image 9 (RPMs) - CodeRea 4.7 MB/s | 284 kB     00:00    
Test OLM installation	Arrange OLM test installation	2025-05-30T08:51:31.7505808Z #8 1.536 Package tar-2:1.34-7.el9.x86_64 is already installed.
Test OLM installation	Arrange OLM test installation	2025-05-30T08:51:31.9862101Z #8 1.536 Package gzip-1.12-1.el9.x86_64 is already installed.
Test OLM installation	Arrange OLM test installation	2025-05-30T08:51:31.9863077Z #8 1.550 Dependencies resolved.
Test OLM installation	Arrange OLM test installation	2025-05-30T08:51:31.9864001Z #8 1.551 Nothing to do.
Test OLM installation	Arrange OLM test installation	2025-05-30T08:51:31.9864361Z #8 1.551 Complete!
Test OLM installation	Arrange OLM test installation	2025-05-30T08:51:31.9864663Z #8 DONE 1.6s
Test OLM installation	Arrange OLM test installation	2025-05-30T08:51:31.9864839Z 
Test OLM installation	Arrange OLM test installation	2025-05-30T08:51:31.9865164Z #9 [ubi-micro-build 3/8] ADD keycloak-999.0.0-SNAPSHOT.tar.gz /tmp/keycloak/
Test OLM installation	Arrange OLM test installation	2025-05-30T08:51:32.7041602Z #9 DONE 0.9s
Test OLM installation	Arrange OLM test installation	2025-05-30T08:51:32.8066653Z 
Test OLM installation	Arrange OLM test installation	2025-05-30T08:51:32.8067863Z #10 [ubi-micro-build 4/8] RUN (cd /tmp/keycloak &&     tar -xvf /tmp/keycloak/keycloak-*.tar.gz &&     rm /tmp/keycloak/keycloak-*.tar.gz) || true
Test OLM installation	Arrange OLM test installation	2025-05-30T08:51:32.8070047Z #10 0.102 tar: /tmp/keycloak/keycloak-*.tar.gz: Cannot open: No such file or directory
Test OLM installation	Arrange OLM test installation	2025-05-30T08:51:32.8070602Z #10 0.102 tar: Error is not recoverable: exiting now
Test OLM installation	Arrange OLM test installation	2025-05-30T08:51:32.9579140Z #10 DONE 0.1s
Test OLM installation	Arrange OLM test installation	2025-05-30T08:51:32.9582262Z 
Test OLM installation	Arrange OLM test installation	2025-05-30T08:51:32.9583208Z #11 [ubi-micro-build 5/8] RUN mv /tmp/keycloak/keycloak-* /opt/keycloak && mkdir -p /opt/keycloak/data
Test OLM installation	Arrange OLM test installation	2025-05-30T08:51:32.9584502Z #11 DONE 0.1s
Test OLM installation	Arrange OLM test installation	2025-05-30T08:51:33.1091335Z 
Test OLM installation	Arrange OLM test installation	2025-05-30T08:51:33.1092061Z #12 [ubi-micro-build 6/8] RUN chmod -R g+rwX /opt/keycloak
Test OLM installation	Arrange OLM test installation	2025-05-30T08:51:33.5824143Z #12 DONE 0.6s
Test OLM installation	Arrange OLM test installation	2025-05-30T08:51:33.7500085Z 
Test OLM installation	Arrange OLM test installation	2025-05-30T08:51:33.7500620Z #13 [ubi-micro-build 7/8] ADD ubi-null.sh /tmp/
Test OLM installation	Arrange OLM test installation	2025-05-30T08:51:33.7501177Z #13 DONE 0.0s
Test OLM installation	Arrange OLM test installation	2025-05-30T08:51:33.7501363Z 
Test OLM installation	Arrange OLM test installation	2025-05-30T08:51:33.7501799Z #14 [ubi-micro-build 8/8] RUN bash /tmp/ubi-null.sh java-21-openjdk-headless glibc-langpack-en findutils
Test OLM installation	Arrange OLM test installation	2025-05-30T08:51:33.7593869Z #14 0.160 ==> Installing packages into chroot
Test OLM installation	Arrange OLM test installation	2025-05-30T08:51:33.7594444Z #14 0.160 + dnf install -y findutils diffutils
Test OLM installation	Arrange OLM test installation	2025-05-30T08:51:34.0045787Z #14 0.405 Updating Subscription Management repositories.
Test OLM installation	Arrange OLM test installation	2025-05-30T08:51:34.1110270Z #14 0.405 Unable to read consumer identity
Test OLM installation	Arrange OLM test installation	2025-05-30T08:51:34.1112893Z #14 0.408 
Test OLM installation	Arrange OLM test installation	2025-05-30T08:51:34.1113838Z #14 0.408 This system is not registered with an entitlement server. You can use subscription-manager to register.
Test OLM installation	Arrange OLM test installation	2025-05-30T08:51:34.1114729Z #14 0.408 
Test OLM installation	Arrange OLM test installation	2025-05-30T08:51:34.1115224Z #14 0.446 Last metadata expiration check: 0:00:03 ago on Fri May 30 08:51:31 2025.
Test OLM installation	Arrange OLM test installation	2025-05-30T08:51:34.1116173Z #14 0.467 Package findutils-1:4.8.0-7.el9.x86_64 is already installed.
Test OLM installation	Arrange OLM test installation	2025-05-30T08:51:34.1116861Z #14 0.484 Dependencies resolved.
Test OLM installation	Arrange OLM test installation	2025-05-30T08:51:34.1117554Z #14 0.485 ================================================================================
Test OLM installation	Arrange OLM test installation	2025-05-30T08:51:34.1118764Z #14 0.485  Package         Architecture Version             Repository               Size
Test OLM installation	Arrange OLM test installation	2025-05-30T08:51:34.1120018Z #14 0.485 ================================================================================
Test OLM installation	Arrange OLM test installation	2025-05-30T08:51:34.1122338Z #14 0.485 Installing:
Test OLM installation	Arrange OLM test installation	2025-05-30T08:51:34.1122876Z #14 0.485  diffutils       x86_64       3.7-12.el9          ubi-9-baseos-rpms       402 k
Test OLM installation	Arrange OLM test installation	2025-05-30T08:51:34.1123443Z #14 0.485 
Test OLM installation	Arrange OLM test installation	2025-05-30T08:51:34.1123743Z #14 0.485 Transaction Summary
Test OLM installation	Arrange OLM test installation	2025-05-30T08:51:34.1124168Z #14 0.485 ================================================================================
Test OLM installation	Arrange OLM test installation	2025-05-30T08:51:34.1124657Z #14 0.485 Install  1 Package
Test OLM installation	Arrange OLM test installation	2025-05-30T08:51:34.1125008Z #14 0.485 
Test OLM installation	Arrange OLM test installation	2025-05-30T08:51:34.1125310Z #14 0.485 Total download size: 402 k
Test OLM installation	Arrange OLM test installation	2025-05-30T08:51:34.1125739Z #14 0.485 Installed size: 1.4 M
Test OLM installation	Arrange OLM test installation	2025-05-30T08:51:34.1126124Z #14 0.486 Downloading Packages:
Test OLM installation	Arrange OLM test installation	2025-05-30T08:51:34.1126670Z #14 0.511 diffutils-3.7-12.el9.x86_64.rpm                  16 MB/s | 402 kB     00:00    
Test OLM installation	Arrange OLM test installation	2025-05-30T08:51:34.2185650Z #14 0.513 --------------------------------------------------------------------------------
Test OLM installation	Arrange OLM test installation	2025-05-30T08:51:34.2186439Z #14 0.513 Total                                            15 MB/s | 402 kB     00:00     
Test OLM installation	Arrange OLM test installation	2025-05-30T08:51:34.2187945Z #14 0.528 Running transaction check
Test OLM installation	Arrange OLM test installation	2025-05-30T08:51:34.2188448Z #14 0.535 Transaction check succeeded.
Test OLM installation	Arrange OLM test installation	2025-05-30T08:51:34.2188877Z #14 0.535 Running transaction test
Test OLM installation	Arrange OLM test installation	2025-05-30T08:51:34.2189271Z #14 0.587 Transaction test succeeded.
Test OLM installation	Arrange OLM test installation	2025-05-30T08:51:34.2189674Z #14 0.587 Running transaction
Test OLM installation	Arrange OLM test installation	2025-05-30T08:51:34.3239228Z #14 0.619   Preparing        :                                                        1/1 
Test OLM installation	Arrange OLM test installation	2025-05-30T08:51:34.3240426Z #14 0.699   Installing       : diffutils-3.7-12.el9.x86_64                            1/1 
Test OLM installation	Arrange OLM test installation	2025-05-30T08:51:34.4607524Z #14 0.712   Running scriptlet: diffutils-3.7-12.el9.x86_64                            1/1 
Test OLM installation	Arrange OLM test installation	2025-05-30T08:51:34.4608739Z #14 0.778   Verifying        : diffutils-3.7-12.el9.x86_64                            1/1 
Test OLM installation	Arrange OLM test installation	2025-05-30T08:51:34.4609615Z #14 0.859 Installed products updated.
Test OLM installation	Arrange OLM test installation	2025-05-30T08:51:34.6945312Z #14 0.868 
Test OLM installation	Arrange OLM test installation	2025-05-30T08:51:34.6945705Z #14 0.868 Installed:
Test OLM installation	Arrange OLM test installation	2025-05-30T08:51:34.6946300Z #14 0.868   diffutils-3.7-12.el9.x86_64                                                   
Test OLM installation	Arrange OLM test installation	2025-05-30T08:51:34.6946946Z #14 0.868 
Test OLM installation	Arrange OLM test installation	2025-05-30T08:51:34.6947560Z #14 0.868 Complete!
Test OLM installation	Arrange OLM test installation	2025-05-30T08:51:34.6947939Z #14 0.941 ++ realpath rootfs
Test OLM installation	Arrange OLM test installation	2025-05-30T08:51:34.6948352Z #14 0.943 + rootfs=/tmp/null/rootfs
Test OLM installation	Arrange OLM test installation	2025-05-30T08:51:34.6948814Z #14 0.943 + mkdir -p /tmp/null/rootfs
Test OLM installation	Arrange OLM test installation	2025-05-30T08:51:34.6949707Z #14 0.945 + xargs dnf install -y --installroot /tmp/null/rootfs --releasever 9 --setopt install_weak_deps=false --nodocs
Test OLM installation	Arrange OLM test installation	2025-05-30T08:51:34.7801583Z #14 1.181 Updating Subscription Management repositories.
Test OLM installation	Arrange OLM test installation	2025-05-30T08:51:35.0111034Z #14 1.181 Unable to read consumer identity
Test OLM installation	Arrange OLM test installation	2025-05-30T08:51:35.0112263Z #14 1.183 
Test OLM installation	Arrange OLM test installation	2025-05-30T08:51:35.0113017Z #14 1.183 This system is not registered with an entitlement server. You can use subscription-manager to register.
Test OLM installation	Arrange OLM test installation	2025-05-30T08:51:35.0113513Z #14 1.183 
Test OLM installation	Arrange OLM test installation	2025-05-30T08:51:35.0113827Z #14 1.261 Red Hat Universal Base Image 9 (RPMs) - BaseOS  9.9 MB/s | 587 kB     00:00    
Test OLM installation	Arrange OLM test installation	2025-05-30T08:51:35.0194299Z #14 1.420 Red Hat Universal Base Image 9 (RPMs) - AppStre  34 MB/s | 2.4 MB     00:00    
Test OLM installation	Arrange OLM test installation	2025-05-30T08:51:35.4656164Z #14 1.866 Red Hat Universal Base Image 9 (RPMs) - CodeRea 4.7 MB/s | 284 kB     00:00    
Test OLM installation	Arrange OLM test installation	2025-05-30T08:51:35.6137398Z #14 2.014 Dependencies resolved.
Test OLM installation	Arrange OLM test installation	2025-05-30T08:51:35.7193082Z #14 2.019 =============================================================================================
Test OLM installation	Arrange OLM test installation	2025-05-30T08:51:35.7196472Z #14 2.019  Package                    Arch    Version                       Repository             Size
Test OLM installation	Arrange OLM test installation	2025-05-30T08:51:35.7197906Z #14 2.019 =============================================================================================
Test OLM installation	Arrange OLM test installation	2025-05-30T08:51:35.7199107Z #14 2.019 Installing:
Test OLM installation	Arrange OLM test installation	2025-05-30T08:51:35.7199458Z #14 2.019  bash                       x86_64  5.1.8-9.el9                   ubi-9-baseos-rpms     1.7 M
Test OLM installation	Arrange OLM test installation	2025-05-30T08:51:35.7200931Z #14 2.019  coreutils-single           x86_64  8.32-39.el9                   ubi-9-baseos-rpms     625 k
Test OLM installation	Arrange OLM test installation	2025-05-30T08:51:35.7203010Z #14 2.019  findutils                  x86_64  1:4.8.0-7.el9                 ubi-9-baseos-rpms     550 k
Test OLM installation	Arrange OLM test installation	2025-05-30T08:51:35.7203872Z #14 2.019  glibc-langpack-en          x86_64  2.34-168.el9_6.14             ubi-9-baseos-rpms     657 k
Test OLM installation	Arrange OLM test installation	2025-05-30T08:51:35.7204773Z #14 2.019  java-21-openjdk-headless   x86_64  1:21.0.7.0.6-1.el9            ubi-9-appstream-rpms   49 M
Test OLM installation	Arrange OLM test installation	2025-05-30T08:51:35.7205469Z #14 2.019 Installing dependencies:
Test OLM installation	Arrange OLM test installation	2025-05-30T08:51:35.7206047Z #14 2.019  alsa-lib                   x86_64  1.2.13-2.el9                  ubi-9-appstream-rpms  530 k
Test OLM installation	Arrange OLM test installation	2025-05-30T08:51:35.7206811Z #14 2.019  alternatives               x86_64  1.24-2.el9                    ubi-9-baseos-rpms      42 k
Test OLM installation	Arrange OLM test installation	2025-05-30T08:51:35.7207765Z #14 2.019  avahi-libs                 x86_64  0.8-22.el9_6                  ubi-9-baseos-rpms      67 k
Test OLM installation	Arrange OLM test installation	2025-05-30T08:51:35.7208557Z #14 2.019  basesystem                 noarch  11-13.el9                     ubi-9-baseos-rpms     8.0 k
Test OLM installation	Arrange OLM test installation	2025-05-30T08:51:35.7209355Z #14 2.019  bzip2-libs                 x86_64  1.0.8-10.el9_5                ubi-9-baseos-rpms      42 k
Test OLM installation	Arrange OLM test installation	2025-05-30T08:51:35.7210186Z #14 2.019  ca-certificates            noarch  2024.2.69_v8.0.303-91.4.el9_4 ubi-9-baseos-rpms     1.0 M
Test OLM installation	Arrange OLM test installation	2025-05-30T08:51:35.7211103Z #14 2.019  copy-jdk-configs           noarch  4.0-3.el9                     ubi-9-appstream-rpms   29 k
Test OLM installation	Arrange OLM test installation	2025-05-30T08:51:35.7212012Z #14 2.019  crypto-policies            noarch  20250128-1.git5269e22.el9     ubi-9-baseos-rpms      90 k
Test OLM installation	Arrange OLM test installation	2025-05-30T08:51:35.7213001Z #14 2.019  crypto-policies-scripts    noarch  20250128-1.git5269e22.el9     ubi-9-baseos-rpms     101 k
Test OLM installation	Arrange OLM test installation	2025-05-30T08:51:35.7213728Z #14 2.019  cups-libs                  x86_64  1:2.3.3op2-33.el9             ubi-9-baseos-rpms     265 k
Test OLM installation	Arrange OLM test installation	2025-05-30T08:51:35.7214329Z #14 2.019  dbus-libs                  x86_64  1:1.12.20-8.el9               ubi-9-baseos-rpms     154 k
Test OLM installation	Arrange OLM test installation	2025-05-30T08:51:35.7215073Z #14 2.019  expat                      x86_64  2.5.0-5.el9_6                 ubi-9-baseos-rpms     119 k
Test OLM installation	Arrange OLM test installation	2025-05-30T08:51:35.7215497Z #14 2.019  filesystem                 x86_64  3.16-5.el9                    ubi-9-baseos-rpms     4.8 M
Test OLM installation	Arrange OLM test installation	2025-05-30T08:51:35.7215918Z #14 2.019  gawk                       x86_64  5.1.0-6.el9                   ubi-9-baseos-rpms     1.0 M
Test OLM installation	Arrange OLM test installation	2025-05-30T08:51:35.7216485Z #14 2.019  gdbm-libs                  x86_64  1:1.23-1.el9                  ubi-9-baseos-rpms      59 k
Test OLM installation	Arrange OLM test installation	2025-05-30T08:51:35.7216944Z #14 2.019  glibc                      x86_64  2.34-168.el9_6.14             ubi-9-baseos-rpms     2.0 M
Test OLM installation	Arrange OLM test installation	2025-05-30T08:51:35.7217516Z #14 2.019  glibc-common               x86_64  2.34-168.el9_6.14             ubi-9-baseos-rpms     304 k
Test OLM installation	Arrange OLM test installation	2025-05-30T08:51:35.7218009Z #14 2.019  gmp                        x86_64  1:6.2.0-13.el9                ubi-9-baseos-rpms     319 k
Test OLM installation	Arrange OLM test installation	2025-05-30T08:51:35.7218406Z #14 2.019  gnutls                     x86_64  3.8.3-6.el9                   ubi-9-baseos-rpms     1.1 M
Test OLM installation	Arrange OLM test installation	2025-05-30T08:51:35.7218801Z #14 2.019  grep                       x86_64  3.6-5.el9                     ubi-9-baseos-rpms     273 k
Test OLM installation	Arrange OLM test installation	2025-05-30T08:51:35.7219435Z #14 2.019  javapackages-filesystem    noarch  6.4.0-1.el9                   ubi-9-appstream-rpms   17 k
Test OLM installation	Arrange OLM test installation	2025-05-30T08:51:35.7219923Z #14 2.019  keyutils-libs              x86_64  1.6.3-1.el9                   ubi-9-baseos-rpms      34 k
Test OLM installation	Arrange OLM test installation	2025-05-30T08:51:35.7220346Z #14 2.019  krb5-libs                  x86_64  1.21.1-6.el9                  ubi-9-baseos-rpms     770 k
Test OLM installation	Arrange OLM test installation	2025-05-30T08:51:35.7220743Z #14 2.019  libacl                     x86_64  2.3.1-4.el9                   ubi-9-baseos-rpms      24 k
Test OLM installation	Arrange OLM test installation	2025-05-30T08:51:35.7221136Z #14 2.019  libattr                    x86_64  2.5.1-3.el9                   ubi-9-baseos-rpms      20 k
Test OLM installation	Arrange OLM test installation	2025-05-30T08:51:35.7221540Z #14 2.019  libcap                     x86_64  2.48-9.el9_2                  ubi-9-baseos-rpms      74 k
Test OLM installation	Arrange OLM test installation	2025-05-30T08:51:35.7221942Z #14 2.019  libcom_err                 x86_64  1.46.5-7.el9                  ubi-9-baseos-rpms      28 k
Test OLM installation	Arrange OLM test installation	2025-05-30T08:51:35.7222356Z #14 2.019  libevent                   x86_64  2.1.12-8.el9_4                ubi-9-baseos-rpms     266 k
Test OLM installation	Arrange OLM test installation	2025-05-30T08:51:35.7222762Z #14 2.019  libffi                     x86_64  3.4.2-8.el9                   ubi-9-baseos-rpms      40 k
Test OLM installation	Arrange OLM test installation	2025-05-30T08:51:35.7223155Z #14 2.019  libgcc                     x86_64  11.5.0-5.el9_5                ubi-9-baseos-rpms      88 k
Test OLM installation	Arrange OLM test installation	2025-05-30T08:51:35.7223564Z #14 2.019  libgcrypt                  x86_64  1.10.0-11.el9                 ubi-9-baseos-rpms     510 k
Test OLM installation	Arrange OLM test installation	2025-05-30T08:51:35.7223991Z #14 2.019  libgpg-error               x86_64  1.42-5.el9                    ubi-9-baseos-rpms     220 k
Test OLM installation	Arrange OLM test installation	2025-05-30T08:51:35.7224406Z #14 2.019  libidn2                    x86_64  2.3.0-7.el9                   ubi-9-baseos-rpms     105 k
Test OLM installation	Arrange OLM test installation	2025-05-30T08:51:35.7224818Z #14 2.019  libselinux                 x86_64  3.6-3.el9                     ubi-9-baseos-rpms      88 k
Test OLM installation	Arrange OLM test installation	2025-05-30T08:51:35.7225234Z #14 2.019  libsepol                   x86_64  3.6-2.el9                     ubi-9-baseos-rpms     331 k
Test OLM installation	Arrange OLM test installation	2025-05-30T08:51:35.7225644Z #14 2.019  libsigsegv                 x86_64  2.13-4.el9                    ubi-9-baseos-rpms      30 k
Test OLM installation	Arrange OLM test installation	2025-05-30T08:51:35.7226064Z #14 2.019  libtasn1                   x86_64  4.16.0-9.el9                  ubi-9-baseos-rpms      77 k
Test OLM installation	Arrange OLM test installation	2025-05-30T08:51:35.7226489Z #14 2.019  libunistring               x86_64  0.9.10-15.el9                 ubi-9-baseos-rpms     499 k
Test OLM installation	Arrange OLM test installation	2025-05-30T08:51:35.7226974Z #14 2.019  libuuid                    x86_64  2.37.4-21.el9                 ubi-9-baseos-rpms      30 k
Test OLM installation	Arrange OLM test installation	2025-05-30T08:51:35.7227698Z #14 2.019  libverto                   x86_64  0.3.2-3.el9                   ubi-9-baseos-rpms      24 k
Test OLM installation	Arrange OLM test installation	2025-05-30T08:51:35.7228120Z #14 2.019  libxcrypt                  x86_64  4.4.18-3.el9                  ubi-9-baseos-rpms     120 k
Test OLM installation	Arrange OLM test installation	2025-05-30T08:51:35.7228532Z #14 2.019  libzstd                    x86_64  1.5.5-1.el9                   ubi-9-baseos-rpms     297 k
Test OLM installation	Arrange OLM test installation	2025-05-30T08:51:35.7230026Z #14 2.019  lksctp-tools               x86_64  1.0.19-3.el9_4                ubi-9-baseos-rpms     104 k
Test OLM installation	Arrange OLM test installation	2025-05-30T08:51:35.7230556Z #14 2.019  lua                        x86_64  5.4.4-4.el9                   ubi-9-appstream-rpms  192 k
Test OLM installation	Arrange OLM test installation	2025-05-30T08:51:35.7230957Z #14 2.019  lua-libs                   x86_64  5.4.4-4.el9                   ubi-9-baseos-rpms     132 k
Test OLM installation	Arrange OLM test installation	2025-05-30T08:51:35.7231486Z #14 2.019  lua-posix                  x86_64  35.0-8.el9                    ubi-9-appstream-rpms  155 k
Test OLM installation	Arrange OLM test installation	2025-05-30T08:51:35.7232202Z #14 2.019  lz4-libs                   x86_64  1.9.3-5.el9                   ubi-9-baseos-rpms      69 k
Test OLM installation	Arrange OLM test installation	2025-05-30T08:51:35.7232939Z #14 2.019  mpfr                       x86_64  4.1.0-7.el9                   ubi-9-baseos-rpms     329 k
Test OLM installation	Arrange OLM test installation	2025-05-30T08:51:35.7233749Z #14 2.019  ncurses-base               noarch  6.2-10.20210508.el9           ubi-9-baseos-rpms      99 k
Test OLM installation	Arrange OLM test installation	2025-05-30T08:51:35.7234650Z #14 2.019  ncurses-libs               x86_64  6.2-10.20210508.el9           ubi-9-baseos-rpms     332 k
Test OLM installation	Arrange OLM test installation	2025-05-30T08:51:35.7235462Z #14 2.019  nettle                     x86_64  3.10.1-1.el9                  ubi-9-baseos-rpms     568 k
Test OLM installation	Arrange OLM test installation	2025-05-30T08:51:35.7236271Z #14 2.019  nspr                       x86_64  4.35.0-17.el9_2               ubi-9-appstream-rpms  137 k
Test OLM installation	Arrange OLM test installation	2025-05-30T08:51:35.7236706Z #14 2.019  nss                        x86_64  3.101.0-10.el9_2              ubi-9-appstream-rpms  720 k
Test OLM installation	Arrange OLM test installation	2025-05-30T08:51:35.7237316Z #14 2.019  nss-softokn                x86_64  3.101.0-10.el9_2              ubi-9-appstream-rpms  393 k
Test OLM installation	Arrange OLM test installation	2025-05-30T08:51:35.7237795Z #14 2.019  nss-softokn-freebl         x86_64  3.101.0-10.el9_2              ubi-9-appstream-rpms  313 k
Test OLM installation	Arrange OLM test installation	2025-05-30T08:51:35.7238328Z #14 2.019  nss-sysinit                x86_64  3.101.0-10.el9_2              ubi-9-appstream-rpms   21 k
Test OLM installation	Arrange OLM test installation	2025-05-30T08:51:35.7238788Z #14 2.019  nss-util                   x86_64  3.101.0-10.el9_2              ubi-9-appstream-rpms   92 k
Test OLM installation	Arrange OLM test installation	2025-05-30T08:51:35.7239260Z #14 2.019  openssl-fips-provider      x86_64  3.0.7-6.el9_5                 ubi-9-baseos-rpms     9.4 k
Test OLM installation	Arrange OLM test installation	2025-05-30T08:51:35.7239764Z #14 2.019  openssl-fips-provider-so   x86_64  3.0.7-6.el9_5                 ubi-9-baseos-rpms     577 k
Test OLM installation	Arrange OLM test installation	2025-05-30T08:51:35.7240492Z #14 2.019  openssl-libs               x86_64  1:3.2.2-6.el9_5.1             ubi-9-baseos-rpms     2.1 M
Test OLM installation	Arrange OLM test installation	2025-05-30T08:51:35.7241095Z #14 2.019  p11-kit                    x86_64  0.25.3-3.el9_5                ubi-9-baseos-rpms     536 k
Test OLM installation	Arrange OLM test installation	2025-05-30T08:51:35.7241720Z #14 2.019  p11-kit-trust              x86_64  0.25.3-3.el9_5                ubi-9-baseos-rpms     144 k
Test OLM installation	Arrange OLM test installation	2025-05-30T08:51:35.7242383Z #14 2.019  pcre                       x86_64  8.44-4.el9                    ubi-9-baseos-rpms     200 k
Test OLM installation	Arrange OLM test installation	2025-05-30T08:51:35.7242976Z #14 2.019  pcre2                      x86_64  10.40-6.el9                   ubi-9-baseos-rpms     236 k
Test OLM installation	Arrange OLM test installation	2025-05-30T08:51:35.7243399Z #14 2.019  pcre2-syntax               noarch  10.40-6.el9                   ubi-9-baseos-rpms     144 k
Test OLM installation	Arrange OLM test installation	2025-05-30T08:51:35.7243837Z #14 2.019  python3                    x86_64  3.9.21-2.el9                  ubi-9-baseos-rpms      30 k
Test OLM installation	Arrange OLM test installation	2025-05-30T08:51:35.7244255Z #14 2.019  python3-libs               x86_64  3.9.21-2.el9                  ubi-9-baseos-rpms     8.1 M
Test OLM installation	Arrange OLM test installation	2025-05-30T08:51:35.7244721Z #14 2.019  python3-pip-wheel          noarch  21.3.1-1.el9                  ubi-9-baseos-rpms     1.1 M
Test OLM installation	Arrange OLM test installation	2025-05-30T08:51:35.7245226Z #14 2.019  python3-setuptools-wheel   noarch  53.0.0-13.el9                 ubi-9-baseos-rpms     469 k
Test OLM installation	Arrange OLM test installation	2025-05-30T08:51:35.7245701Z #14 2.019  readline                   x86_64  8.1-4.el9                     ubi-9-baseos-rpms     215 k
Test OLM installation	Arrange OLM test installation	2025-05-30T08:51:35.7246222Z #14 2.019  redhat-release             x86_64  9.6-0.1.el9                   ubi-9-baseos-rpms      44 k
Test OLM installation	Arrange OLM test installation	2025-05-30T08:51:35.7246637Z #14 2.019  sed                        x86_64  4.8-9.el9                     ubi-9-baseos-rpms     309 k
Test OLM installation	Arrange OLM test installation	2025-05-30T08:51:35.7247027Z #14 2.019  setup                      noarch  2.13.7-10.el9                 ubi-9-baseos-rpms     150 k
Test OLM installation	Arrange OLM test installation	2025-05-30T08:51:35.7247753Z #14 2.019  sqlite-libs                x86_64  3.34.1-7.el9_3                ubi-9-baseos-rpms     622 k
Test OLM installation	Arrange OLM test installation	2025-05-30T08:51:35.7248202Z #14 2.019  systemd-libs               x86_64  252-51.el9                    ubi-9-baseos-rpms     684 k
Test OLM installation	Arrange OLM test installation	2025-05-30T08:51:35.7248631Z #14 2.019  tzdata                     noarch  2025b-1.el9                   ubi-9-baseos-rpms     842 k
Test OLM installation	Arrange OLM test installation	2025-05-30T08:51:35.7249076Z #14 2.019  tzdata-java                noarch  2025b-1.el9                   ubi-9-appstream-rpms  228 k
Test OLM installation	Arrange OLM test installation	2025-05-30T08:51:35.7249505Z #14 2.019  xz-libs                    x86_64  5.2.5-8.el9_0                 ubi-9-baseos-rpms      94 k
Test OLM installation	Arrange OLM test installation	2025-05-30T08:51:35.7249898Z #14 2.019  zlib                       x86_64  1.2.11-40.el9                 ubi-9-baseos-rpms      93 k
Test OLM installation	Arrange OLM test installation	2025-05-30T08:51:35.7250203Z #14 2.019 
Test OLM installation	Arrange OLM test installation	2025-05-30T08:51:35.7250384Z #14 2.019 Transaction Summary
Test OLM installation	Arrange OLM test installation	2025-05-30T08:51:35.7250637Z #14 2.019 =============================================================================================
Test OLM installation	Arrange OLM test installation	2025-05-30T08:51:35.7250917Z #14 2.019 Install  84 Packages
Test OLM installation	Arrange OLM test installation	2025-05-30T08:51:35.7251138Z #14 2.019 
Test OLM installation	Arrange OLM test installation	2025-05-30T08:51:35.7251436Z #14 2.022 Total download size: 89 M
Test OLM installation	Arrange OLM test installation	2025-05-30T08:51:35.7251668Z #14 2.022 Installed size: 319 M
Test OLM installation	Arrange OLM test installation	2025-05-30T08:51:35.7251892Z #14 2.022 Downloading Packages:
Test OLM installation	Arrange OLM test installation	2025-05-30T08:51:35.7252242Z #14 2.056 (1/84): basesystem-11-13.el9.noarch.rpm         292 kB/s | 8.0 kB     00:00    
Test OLM installation	Arrange OLM test installation	2025-05-30T08:51:35.7252718Z #14 2.059 (2/84): avahi-libs-0.8-22.el9_6.x86_64.rpm      2.1 MB/s |  67 kB     00:00    
Test OLM installation	Arrange OLM test installation	2025-05-30T08:51:35.7253155Z #14 2.064 (3/84): alternatives-1.24-2.el9.x86_64.rpm      1.2 MB/s |  42 kB     00:00    
Test OLM installation	Arrange OLM test installation	2025-05-30T08:51:35.7253585Z #14 2.065 (4/84): bzip2-libs-1.0.8-10.el9_5.x86_64.rpm    8.3 MB/s |  42 kB     00:00    
Test OLM installation	Arrange OLM test installation	2025-05-30T08:51:35.7254022Z #14 2.077 (5/84): coreutils-single-8.32-39.el9.x86_64.rpm  53 MB/s | 625 kB     00:00    
Test OLM installation	Arrange OLM test installation	2025-05-30T08:51:35.7254478Z #14 2.084 (6/84): crypto-policies-20250128-1.git5269e22.e  14 MB/s |  90 kB     00:00    
Test OLM installation	Arrange OLM test installation	2025-05-30T08:51:35.7254923Z #14 2.090 (7/84): bash-5.1.8-9.el9.x86_64.rpm              51 MB/s | 1.7 MB     00:00    
Test OLM installation	Arrange OLM test installation	2025-05-30T08:51:35.7255360Z #14 2.093 (8/84): crypto-policies-scripts-20250128-1.git5  12 MB/s | 101 kB     00:00    
Test OLM installation	Arrange OLM test installation	2025-05-30T08:51:35.7255865Z #14 2.098 (9/84): ca-certificates-2024.2.69_v8.0.303-91.4  29 MB/s | 1.0 MB     00:00    
Test OLM installation	Arrange OLM test installation	2025-05-30T08:51:35.7256310Z #14 2.100 (10/84): cups-libs-2.3.3op2-33.el9.x86_64.rpm    28 MB/s | 265 kB     00:00    
Test OLM installation	Arrange OLM test installation	2025-05-30T08:51:35.7256739Z #14 2.102 (11/84): dbus-libs-1.12.20-8.el9.x86_64.rpm      17 MB/s | 154 kB     00:00    
Test OLM installation	Arrange OLM test installation	2025-05-30T08:51:35.7257325Z #14 2.113 (12/84): expat-2.5.0-5.el9_6.x86_64.rpm         7.8 MB/s | 119 kB     00:00    
Test OLM installation	Arrange OLM test installation	2025-05-30T08:51:35.7257790Z #14 2.119 (13/84): findutils-4.8.0-7.el9.x86_64.rpm        32 MB/s | 550 kB     00:00    
Test OLM installation	Arrange OLM test installation	2025-05-30T08:51:35.8206003Z #14 2.124 (14/84): gdbm-libs-1.23-1.el9.x86_64.rpm         13 MB/s |  59 kB     00:00    
Test OLM installation	Arrange OLM test installation	2025-05-30T08:51:35.8206914Z #14 2.133 (15/84): gawk-5.1.0-6.el9.x86_64.rpm             52 MB/s | 1.0 MB     00:00    
Test OLM installation	Arrange OLM test installation	2025-05-30T08:51:35.8207674Z #14 2.141 (16/84): glibc-common-2.34-168.el9_6.14.x86_64.  42 MB/s | 304 kB     00:00    
Test OLM installation	Arrange OLM test installation	2025-05-30T08:51:35.8208229Z #14 2.152 (17/84): glibc-2.34-168.el9_6.14.x86_64.rpm      71 MB/s | 2.0 MB     00:00    
Test OLM installation	Arrange OLM test installation	2025-05-30T08:51:35.8208757Z #14 2.155 (18/84): glibc-langpack-en-2.34-168.el9_6.14.x8  45 MB/s | 657 kB     00:00    
Test OLM installation	Arrange OLM test installation	2025-05-30T08:51:35.8209280Z #14 2.161 (19/84): gmp-6.2.0-13.el9.x86_64.rpm             39 MB/s | 319 kB     00:00    
Test OLM installation	Arrange OLM test installation	2025-05-30T08:51:35.8209789Z #14 2.173 (20/84): filesystem-3.16-5.el9.x86_64.rpm        65 MB/s | 4.8 MB     00:00    
Test OLM installation	Arrange OLM test installation	2025-05-30T08:51:35.8210493Z #14 2.176 (21/84): grep-3.6-5.el9.x86_64.rpm               17 MB/s | 273 kB     00:00    
Test OLM installation	Arrange OLM test installation	2025-05-30T08:51:35.8211010Z #14 2.178 (22/84): keyutils-libs-1.6.3-1.el9.x86_64.rpm   7.7 MB/s |  34 kB     00:00    
Test OLM installation	Arrange OLM test installation	2025-05-30T08:51:35.8211527Z #14 2.182 (23/84): libacl-2.3.1-4.el9.x86_64.rpm          6.0 MB/s |  24 kB     00:00    
Test OLM installation	Arrange OLM test installation	2025-05-30T08:51:35.8212319Z #14 2.187 (24/84): gnutls-3.8.3-6.el9.x86_64.rpm           34 MB/s | 1.1 MB     00:00    
Test OLM installation	Arrange OLM test installation	2025-05-30T08:51:35.8212833Z #14 2.188 (25/84): libattr-2.5.1-3.el9.x86_64.rpm         3.5 MB/s |  20 kB     00:00    
Test OLM installation	Arrange OLM test installation	2025-05-30T08:51:35.8213350Z #14 2.193 (26/84): krb5-libs-1.21.1-6.el9.x86_64.rpm       48 MB/s | 770 kB     00:00    
Test OLM installation	Arrange OLM test installation	2025-05-30T08:51:35.8213853Z #14 2.194 (27/84): libcom_err-1.46.5-7.el9.x86_64.rpm     5.5 MB/s |  28 kB     00:00    
Test OLM installation	Arrange OLM test installation	2025-05-30T08:51:35.8214354Z #14 2.195 (28/84): libcap-2.48-9.el9_2.x86_64.rpm         9.7 MB/s |  74 kB     00:00    
Test OLM installation	Arrange OLM test installation	2025-05-30T08:51:35.8214847Z #14 2.198 (29/84): libffi-3.4.2-8.el9.x86_64.rpm           10 MB/s |  40 kB     00:00    
Test OLM installation	Arrange OLM test installation	2025-05-30T08:51:35.8215347Z #14 2.200 (30/84): libgcc-11.5.0-5.el9_5.x86_64.rpm        20 MB/s |  88 kB     00:00    
Test OLM installation	Arrange OLM test installation	2025-05-30T08:51:35.8215854Z #14 2.202 (31/84): libevent-2.1.12-8.el9_4.x86_64.rpm      30 MB/s | 266 kB     00:00    
Test OLM installation	Arrange OLM test installation	2025-05-30T08:51:35.8216279Z #14 2.206 (32/84): libgcrypt-1.10.0-11.el9.x86_64.rpm      63 MB/s | 510 kB     00:00    
Test OLM installation	Arrange OLM test installation	2025-05-30T08:51:35.8216696Z #14 2.208 (33/84): libidn2-2.3.0-7.el9.x86_64.rpm          17 MB/s | 105 kB     00:00    
Test OLM installation	Arrange OLM test installation	2025-05-30T08:51:35.8217594Z #14 2.210 (34/84): libgpg-error-1.42-5.el9.x86_64.rpm      22 MB/s | 220 kB     00:00    
Test OLM installation	Arrange OLM test installation	2025-05-30T08:51:35.8218262Z #14 2.211 (35/84): libselinux-3.6-3.el9.x86_64.rpm         18 MB/s |  88 kB     00:00    
Test OLM installation	Arrange OLM test installation	2025-05-30T08:51:35.8218699Z #14 2.215 (36/84): libsepol-3.6-2.el9.x86_64.rpm           49 MB/s | 331 kB     00:00    
Test OLM installation	Arrange OLM test installation	2025-05-30T08:51:35.8219146Z #14 2.216 (37/84): libsigsegv-2.13-4.el9.x86_64.rpm       4.9 MB/s |  30 kB     00:00    
Test OLM installation	Arrange OLM test installation	2025-05-30T08:51:35.8219565Z #14 2.218 (38/84): libtasn1-4.16.0-9.el9.x86_64.rpm        13 MB/s |  77 kB     00:00    
Test OLM installation	Arrange OLM test installation	2025-05-30T08:51:35.8219973Z #14 2.221 (39/84): libuuid-2.37.4-21.el9.x86_64.rpm       6.1 MB/s |  30 kB     00:00    
Test OLM installation	Arrange OLM test installation	2025-05-30T08:51:35.9238572Z #14 2.224 (40/84): libunistring-0.9.10-15.el9.x86_64.rpm   57 MB/s | 499 kB     00:00    
Test OLM installation	Arrange OLM test installation	2025-05-30T08:51:35.9239527Z #14 2.225 (41/84): libverto-0.3.2-3.el9.x86_64.rpm        3.3 MB/s |  24 kB     00:00    
Test OLM installation	Arrange OLM test installation	2025-05-30T08:51:35.9240060Z #14 2.227 (42/84): libxcrypt-4.4.18-3.el9.x86_64.rpm       23 MB/s | 120 kB     00:00    
Test OLM installation	Arrange OLM test installation	2025-05-30T08:51:35.9240604Z #14 2.230 (43/84): lksctp-tools-1.0.19-3.el9_4.x86_64.rpm  23 MB/s | 104 kB     00:00    
Test OLM installation	Arrange OLM test installation	2025-05-30T08:51:35.9241095Z #14 2.232 (44/84): libzstd-1.5.5-1.el9.x86_64.rpm          37 MB/s | 297 kB     00:00    
Test OLM installation	Arrange OLM test installation	2025-05-30T08:51:35.9241569Z #14 2.234 (45/84): lua-libs-5.4.4-4.el9.x86_64.rpm         19 MB/s | 132 kB     00:00    
Test OLM installation	Arrange OLM test installation	2025-05-30T08:51:35.9242045Z #14 2.236 (46/84): lz4-libs-1.9.3-5.el9.x86_64.rpm         13 MB/s |  69 kB     00:00    
Test OLM installation	Arrange OLM test installation	2025-05-30T08:51:35.9242508Z #14 2.239 (47/84): mpfr-4.1.0-7.el9.x86_64.rpm             48 MB/s | 329 kB     00:00    
Test OLM installation	Arrange OLM test installation	2025-05-30T08:51:35.9242988Z #14 2.241 (48/84): ncurses-base-6.2-10.20210508.el9.noarc  14 MB/s |  99 kB     00:00    
Test OLM installation	Arrange OLM test installation	2025-05-30T08:51:35.9243491Z #14 2.244 (49/84): ncurses-libs-6.2-10.20210508.el9.x86_6  43 MB/s | 332 kB     00:00    
Test OLM installation	Arrange OLM test installation	2025-05-30T08:51:35.9244031Z #14 2.245 (50/84): openssl-fips-provider-3.0.7-6.el9_5.x8 2.4 MB/s | 9.4 kB     00:00    
Test OLM installation	Arrange OLM test installation	2025-05-30T08:51:35.9244569Z #14 2.250 (51/84): nettle-3.10.1-1.el9.x86_64.rpm          53 MB/s | 568 kB     00:00    
Test OLM installation	Arrange OLM test installation	2025-05-30T08:51:35.9245097Z #14 2.256 (52/84): openssl-fips-provider-so-3.0.7-6.el9_5  47 MB/s | 577 kB     00:00    
Test OLM installation	Arrange OLM test installation	2025-05-30T08:51:35.9245618Z #14 2.262 (53/84): p11-kit-trust-0.25.3-3.el9_5.x86_64.rp  27 MB/s | 144 kB     00:00    
Test OLM installation	Arrange OLM test installation	2025-05-30T08:51:35.9246093Z #14 2.264 (54/84): p11-kit-0.25.3-3.el9_5.x86_64.rpm       40 MB/s | 536 kB     00:00    
Test OLM installation	Arrange OLM test installation	2025-05-30T08:51:35.9246553Z #14 2.267 (55/84): pcre-8.44-4.el9.x86_64.rpm              39 MB/s | 200 kB     00:00    
Test OLM installation	Arrange OLM test installation	2025-05-30T08:51:35.9247007Z #14 2.272 (56/84): pcre2-10.40-6.el9.x86_64.rpm            30 MB/s | 236 kB     00:00    
Test OLM installation	Arrange OLM test installation	2025-05-30T08:51:35.9247783Z #14 2.274 (57/84): pcre2-syntax-10.40-6.el9.noarch.rpm     21 MB/s | 144 kB     00:00    
Test OLM installation	Arrange OLM test installation	2025-05-30T08:51:35.9248219Z #14 2.276 (58/84): python3-3.9.21-2.el9.x86_64.rpm        8.2 MB/s |  30 kB     00:00    
Test OLM installation	Arrange OLM test installation	2025-05-30T08:51:35.9248955Z #14 2.284 (59/84): openssl-libs-3.2.2-6.el9_5.1.x86_64.rp  55 MB/s | 2.1 MB     00:00    
Test OLM installation	Arrange OLM test installation	2025-05-30T08:51:35.9249483Z #14 2.297 (60/84): python3-setuptools-wheel-53.0.0-13.el9  35 MB/s | 469 kB     00:00    
Test OLM installation	Arrange OLM test installation	2025-05-30T08:51:35.9249962Z #14 2.302 (61/84): python3-pip-wheel-21.3.1-1.el9.noarch.  45 MB/s | 1.1 MB     00:00    
Test OLM installation	Arrange OLM test installation	2025-05-30T08:51:35.9250397Z #14 2.304 (62/84): readline-8.1-4.el9.x86_64.rpm           33 MB/s | 215 kB     00:00    
Test OLM installation	Arrange OLM test installation	2025-05-30T08:51:35.9250825Z #14 2.306 (63/84): redhat-release-9.6-0.1.el9.x86_64.rpm  9.9 MB/s |  44 kB     00:00    
Test OLM installation	Arrange OLM test installation	2025-05-30T08:51:35.9251238Z #14 2.312 (64/84): sed-4.8-9.el9.x86_64.rpm                42 MB/s | 309 kB     00:00    
Test OLM installation	Arrange OLM test installation	2025-05-30T08:51:35.9251641Z #14 2.314 (65/84): setup-2.13.7-10.el9.noarch.rpm          20 MB/s | 150 kB     00:00    
Test OLM installation	Arrange OLM test installation	2025-05-30T08:51:35.9252052Z #14 2.324 (66/84): sqlite-libs-3.34.1-7.el9_3.x86_64.rpm   51 MB/s | 622 kB     00:00    
Test OLM installation	Arrange OLM test installation	2025-05-30T08:51:36.1714923Z #14 2.329 (67/84): systemd-libs-252-51.el9.x86_64.rpm      46 MB/s | 684 kB     00:00    
Test OLM installation	Arrange OLM test installation	2025-05-30T08:51:36.1715893Z #14 2.338 (68/84): tzdata-2025b-1.el9.noarch.rpm           63 MB/s | 842 kB     00:00    
Test OLM installation	Arrange OLM test installation	2025-05-30T08:51:36.1717408Z #14 2.343 (69/84): zlib-1.2.11-40.el9.x86_64.rpm           19 MB/s |  93 kB     00:00    
Test OLM installation	Arrange OLM test installation	2025-05-30T08:51:36.1718193Z #14 2.345 (70/84): xz-libs-5.2.5-8.el9_0.x86_64.rpm       5.9 MB/s |  94 kB     00:00    
Test OLM installation	Arrange OLM test installation	2025-05-30T08:51:36.1719011Z #14 2.347 (71/84): copy-jdk-configs-4.0-3.el9.noarch.rpm  8.3 MB/s |  29 kB     00:00    
Test OLM installation	Arrange OLM test installation	2025-05-30T08:51:36.1719804Z #14 2.352 (72/84): lua-5.4.4-4.el9.x86_64.rpm              29 MB/s | 192 kB     00:00    
Test OLM installation	Arrange OLM test installation	2025-05-30T08:51:36.1720544Z #14 2.354 (73/84): lua-posix-35.0-8.el9.x86_64.rpm         25 MB/s | 155 kB     00:00    
Test OLM installation	Arrange OLM test installation	2025-05-30T08:51:36.1721309Z #14 2.362 (74/84): alsa-lib-1.2.13-2.el9.x86_64.rpm        53 MB/s | 530 kB     00:00    
Test OLM installation	Arrange OLM test installation	2025-05-30T08:51:36.1722145Z #14 2.368 (75/84): javapackages-filesystem-6.4.0-1.el9.no 2.9 MB/s |  17 kB     00:00    
Test OLM installation	Arrange OLM test installation	2025-05-30T08:51:36.1723012Z #14 2.387 (76/84): python3-libs-3.9.21-2.el9.x86_64.rpm    72 MB/s | 8.1 MB     00:00    
Test OLM installation	Arrange OLM test installation	2025-05-30T08:51:36.1723798Z #14 2.389 (77/84): nspr-4.35.0-17.el9_2.x86_64.rpm        6.5 MB/s | 137 kB     00:00    
Test OLM installation	Arrange OLM test installation	2025-05-30T08:51:36.1724519Z #14 2.399 (78/84): nss-3.101.0-10.el9_2.x86_64.rpm         60 MB/s | 720 kB     00:00    
Test OLM installation	Arrange OLM test installation	2025-05-30T08:51:36.1725296Z #14 2.407 (79/84): nss-softokn-freebl-3.101.0-10.el9_2.x8  40 MB/s | 313 kB     00:00    
Test OLM installation	Arrange OLM test installation	2025-05-30T08:51:36.1726095Z #14 2.411 (80/84): nss-sysinit-3.101.0-10.el9_2.x86_64.rp 5.6 MB/s |  21 kB     00:00    
Test OLM installation	Arrange OLM test installation	2025-05-30T08:51:36.1726871Z #14 2.415 (81/84): nss-softokn-3.101.0-10.el9_2.x86_64.rp  15 MB/s | 393 kB     00:00    
Test OLM installation	Arrange OLM test installation	2025-05-30T08:51:36.1727828Z #14 2.417 (82/84): nss-util-3.101.0-10.el9_2.x86_64.rpm    18 MB/s |  92 kB     00:00    
Test OLM installation	Arrange OLM test installation	2025-05-30T08:51:36.1728653Z #14 2.421 (83/84): tzdata-java-2025b-1.el9.noarch.rpm      37 MB/s | 228 kB     00:00    
Test OLM installation	Arrange OLM test installation	2025-05-30T08:51:36.2537404Z #14 2.654 (84/84): java-21-openjdk-headless-21.0.7.0.6-1. 164 MB/s |  49 MB     00:00    
Test OLM installation	Arrange OLM test installation	2025-05-30T08:51:36.4884839Z #14 2.658 --------------------------------------------------------------------------------
Test OLM installation	Arrange OLM test installation	2025-05-30T08:51:36.4885620Z #14 2.658 Total                                           140 MB/s |  89 MB     00:00     
Test OLM installation	Arrange OLM test installation	2025-05-30T08:51:36.4886380Z #14 2.669 Red Hat Universal Base Image 9 (RPMs) - BaseOS  3.5 MB/s | 3.6 kB     00:00    
Test OLM installation	Arrange OLM test installation	2025-05-30T08:51:36.4887036Z #14 2.735 Importing GPG key 0xFD431D51:
Test OLM installation	Arrange OLM test installation	2025-05-30T08:51:36.4887815Z #14 2.735  Userid     : "Red Hat, Inc. (release key 2) <security@redhat.com>"
Test OLM installation	Arrange OLM test installation	2025-05-30T08:51:36.4888507Z #14 2.735  Fingerprint: 567E 347A D004 4ADE 55BA 8A5F 199E 2F91 FD43 1D51
Test OLM installation	Arrange OLM test installation	2025-05-30T08:51:36.4889219Z #14 2.735  From       : /etc/pki/rpm-gpg/RPM-GPG-KEY-redhat-release
Test OLM installation	Arrange OLM test installation	2025-05-30T08:51:36.4889776Z #14 2.737 Key imported successfully
Test OLM installation	Arrange OLM test installation	2025-05-30T08:51:36.4890216Z #14 2.738 Importing GPG key 0x5A6340B3:
Test OLM installation	Arrange OLM test installation	2025-05-30T08:51:36.4890777Z #14 2.738  Userid     : "Red Hat, Inc. (auxiliary key 3) <security@redhat.com>"
Test OLM installation	Arrange OLM test installation	2025-05-30T08:51:36.4892040Z #14 2.738  Fingerprint: 7E46 2425 8C40 6535 D56D 6F13 5054 E4A4 5A63 40B3
Test OLM installation	Arrange OLM test installation	2025-05-30T08:51:36.4892718Z #14 2.738  From       : /etc/pki/rpm-gpg/RPM-GPG-KEY-redhat-release
Test OLM installation	Arrange OLM test installation	2025-05-30T08:51:36.4893255Z #14 2.739 Key imported successfully
Test OLM installation	Arrange OLM test installation	2025-05-30T08:51:37.3925385Z #14 3.793 Running transaction check
Test OLM installation	Arrange OLM test installation	2025-05-30T08:51:37.5936602Z #14 3.844 Transaction check succeeded.
Test OLM installation	Arrange OLM test installation	2025-05-30T08:51:37.5937344Z #14 3.844 Running transaction test
Test OLM installation	Arrange OLM test installation	2025-05-30T08:51:38.0788717Z #14 4.479 Transaction test succeeded.
Test OLM installation	Arrange OLM test installation	2025-05-30T08:51:38.2299530Z #14 4.480 Running transaction
Test OLM installation	Arrange OLM test installation	2025-05-30T08:51:38.7152319Z #14 4.963   Running scriptlet: filesystem-3.16-5.el9.x86_64                           1/1 
Test OLM installation	Arrange OLM test installation	2025-05-30T08:51:38.7153256Z #14 4.964   Running scriptlet: copy-jdk-configs-4.0-3.el9.noarch                      1/1 
Test OLM installation	Arrange OLM test installation	2025-05-30T08:51:38.8348598Z #14 4.965   Running scriptlet: java-21-openjdk-headless-1:21.0.7.0.6-1.el9.x86_64     1/1 
Test OLM installation	Arrange OLM test installation	2025-05-30T08:51:38.9938946Z #14 5.235   Preparing        :                                                        1/1 
Test OLM installation	Arrange OLM test installation	2025-05-30T08:51:38.9939808Z #14 5.242   Installing       : libgcc-11.5.0-5.el9_5.x86_64                          1/84 
Test OLM installation	Arrange OLM test installation	2025-05-30T08:51:39.0300264Z #14 5.244   Running scriptlet: libgcc-11.5.0-5.el9_5.x86_64                          1/84 
Test OLM installation	Arrange OLM test installation	2025-05-30T08:51:39.1388303Z #14 5.431   Installing       : tzdata-2025b-1.el9.noarch                             2/84 
Test OLM installation	Arrange OLM test installation	2025-05-30T08:51:39.1389169Z #14 5.477   Installing       : tzdata-java-2025b-1.el9.noarch                        3/84 
Test OLM installation	Arrange OLM test installation	2025-05-30T08:51:39.1389965Z #14 5.484   Installing       : javapackages-filesystem-6.4.0-1.el9.noarch            4/84 
Test OLM installation	Arrange OLM test installation	2025-05-30T08:51:39.1390729Z #14 5.489   Installing       : redhat-release-9.6-0.1.el9.x86_64                     5/84 
Test OLM installation	Arrange OLM test installation	2025-05-30T08:51:39.1391433Z #14 5.497   Installing       : setup-2.13.7-10.el9.noarch                            6/84 
Test OLM installation	Arrange OLM test installation	2025-05-30T08:51:39.1392180Z #14 5.499   Running scriptlet: setup-2.13.7-10.el9.noarch                            6/84 
Test OLM installation	Arrange OLM test installation	2025-05-30T08:51:39.2845981Z #14 5.539   Installing       : filesystem-3.16-5.el9.x86_64                          7/84 
Test OLM installation	Arrange OLM test installation	2025-05-30T08:51:39.2846870Z #14 5.589   Installing       : basesystem-11-13.el9.noarch                           8/84 
Test OLM installation	Arrange OLM test installation	2025-05-30T08:51:39.2847776Z #14 5.592   Installing       : python3-setuptools-wheel-53.0.0-13.el9.noarch         9/84 
Test OLM installation	Arrange OLM test installation	2025-05-30T08:51:39.2848283Z #14 5.595   Installing       : pcre2-syntax-10.40-6.el9.noarch                      10/84 
Test OLM installation	Arrange OLM test installation	2025-05-30T08:51:39.2848751Z #14 5.615   Installing       : ncurses-base-6.2-10.20210508.el9.noarch              11/84 
Test OLM installation	Arrange OLM test installation	2025-05-30T08:51:39.4856142Z #14 5.685   Installing       : glibc-langpack-en-2.34-168.el9_6.14.x86_64           12/84 
Test OLM installation	Arrange OLM test installation	2025-05-30T08:51:39.4857037Z #14 5.699   Installing       : glibc-common-2.34-168.el9_6.14.x86_64                13/84 
Test OLM installation	Arrange OLM test installation	2025-05-30T08:51:39.4858086Z #14 5.702   Running scriptlet: glibc-2.34-168.el9_6.14.x86_64                       14/84 
Test OLM installation	Arrange OLM test installation	2025-05-30T08:51:39.4858882Z #14 5.733   Installing       : glibc-2.34-168.el9_6.14.x86_64                       14/84 
Test OLM installation	Arrange OLM test installation	2025-05-30T08:51:39.8340180Z #14 5.736   Running scriptlet: glibc-2.34-168.el9_6.14.x86_64                       14/84 
Test OLM installation	Arrange OLM test installation	2025-05-30T08:51:39.9351883Z #14 6.234   Installing       : ncurses-libs-6.2-10.20210508.el9.x86_64              15/84 
Test OLM installation	Arrange OLM test installation	2025-05-30T08:51:39.9353660Z #14 6.250   Installing       : bash-5.1.8-9.el9.x86_64                              16/84 
Test OLM installation	Arrange OLM test installation	2025-05-30T08:51:39.9354514Z #14 6.253   Running scriptlet: bash-5.1.8-9.el9.x86_64                              16/84 
Test OLM installation	Arrange OLM test installation	2025-05-30T08:51:39.9355366Z #14 6.269   Installing       : crypto-policies-20250128-1.git5269e22.el9.noarch     17/84 
Test OLM installation	Arrange OLM test installation	2025-05-30T08:51:39.9356273Z #14 6.271   Running scriptlet: crypto-policies-20250128-1.git5269e22.el9.noarch     17/84 
Test OLM installation	Arrange OLM test installation	2025-05-30T08:51:39.9357397Z #14 6.275   Installing       : nspr-4.35.0-17.el9_2.x86_64                          18/84 
Test OLM installation	Arrange OLM test installation	2025-05-30T08:51:39.9358198Z #14 6.279   Installing       : nss-util-3.101.0-10.el9_2.x86_64                     19/84 
Test OLM installation	Arrange OLM test installation	2025-05-30T08:51:39.9359294Z #14 6.282   Installing       : zlib-1.2.11-40.el9.x86_64                            20/84 
Test OLM installation	Arrange OLM test installation	2025-05-30T08:51:39.9360057Z #14 6.287   Installing       : readline-8.1-4.el9.x86_64                            21/84 
Test OLM installation	Arrange OLM test installation	2025-05-30T08:51:39.9360849Z #14 6.290   Installing       : libtasn1-4.16.0-9.el9.x86_64                         22/84 
Test OLM installation	Arrange OLM test installation	2025-05-30T08:51:39.9361634Z #14 6.295   Installing       : libxcrypt-4.4.18-3.el9.x86_64                        23/84 
Test OLM installation	Arrange OLM test installation	2025-05-30T08:51:39.9362411Z #14 6.301   Installing       : sqlite-libs-3.34.1-7.el9_3.x86_64                    24/84 
Test OLM installation	Arrange OLM test installation	2025-05-30T08:51:39.9363193Z #14 6.304   Installing       : alternatives-1.24-2.el9.x86_64                       25/84 
Test OLM installation	Arrange OLM test installation	2025-05-30T08:51:39.9363960Z #14 6.310   Installing       : gmp-1:6.2.0-13.el9.x86_64                            26/84 
Test OLM installation	Arrange OLM test installation	2025-05-30T08:51:39.9364698Z #14 6.313   Installing       : libattr-2.5.1-3.el9.x86_64                           27/84 
Test OLM installation	Arrange OLM test installation	2025-05-30T08:51:39.9365443Z #14 6.316   Installing       : libacl-2.3.1-4.el9.x86_64                            28/84 
Test OLM installation	Arrange OLM test installation	2025-05-30T08:51:39.9366015Z #14 6.321   Installing       : libcap-2.48-9.el9_2.x86_64                           29/84 
Test OLM installation	Arrange OLM test installation	2025-05-30T08:51:39.9366636Z #14 6.325   Installing       : libffi-3.4.2-8.el9.x86_64                            30/84 
Test OLM installation	Arrange OLM test installation	2025-05-30T08:51:40.0932505Z #14 6.336   Installing       : p11-kit-0.25.3-3.el9_5.x86_64                        31/84 
Test OLM installation	Arrange OLM test installation	2025-05-30T08:51:40.0933353Z #14 6.342   Installing       : p11-kit-trust-0.25.3-3.el9_5.x86_64                  32/84 
Test OLM installation	Arrange OLM test installation	2025-05-30T08:51:40.1902218Z #14 6.344   Running scriptlet: p11-kit-trust-0.25.3-3.el9_5.x86_64                  32/84 
Test OLM installation	Arrange OLM test installation	2025-05-30T08:51:40.2944659Z #14 6.591   Installing       : libsigsegv-2.13-4.el9.x86_64                         33/84 
Test OLM installation	Arrange OLM test installation	2025-05-30T08:51:40.2945717Z #14 6.599   Installing       : libunistring-0.9.10-15.el9.x86_64                    34/84 
Test OLM installation	Arrange OLM test installation	2025-05-30T08:51:40.2947470Z #14 6.603   Installing       : lua-libs-5.4.4-4.el9.x86_64                          35/84 
Test OLM installation	Arrange OLM test installation	2025-05-30T08:51:40.2948329Z #14 6.607   Installing       : xz-libs-5.2.5-8.el9_0.x86_64                         36/84 
Test OLM installation	Arrange OLM test installation	2025-05-30T08:51:40.2949077Z #14 6.611   Installing       : lua-5.4.4-4.el9.x86_64                               37/84 
Test OLM installation	Arrange OLM test installation	2025-05-30T08:51:40.2949866Z #14 6.625   Installing       : lua-posix-35.0-8.el9.x86_64                          38/84 
Test OLM installation	Arrange OLM test installation	2025-05-30T08:51:40.2964455Z #14 6.630   Installing       : libidn2-2.3.0-7.el9.x86_64                           39/84 
Test OLM installation	Arrange OLM test installation	2025-05-30T08:51:40.2965278Z #14 6.636   Installing       : mpfr-4.1.0-7.el9.x86_64                              40/84 
Test OLM installation	Arrange OLM test installation	2025-05-30T08:51:40.2966021Z #14 6.651   Installing       : gawk-5.1.0-6.el9.x86_64                              41/84 
Test OLM installation	Arrange OLM test installation	2025-05-30T08:51:40.2966787Z #14 6.660   Installing       : nss-softokn-freebl-3.101.0-10.el9_2.x86_64           42/84 
Test OLM installation	Arrange OLM test installation	2025-05-30T08:51:40.2967762Z #14 6.668   Installing       : nss-softokn-3.101.0-10.el9_2.x86_64                  43/84 
Test OLM installation	Arrange OLM test installation	2025-05-30T08:51:40.2968549Z #14 6.674   Installing       : lksctp-tools-1.0.19-3.el9_4.x86_64                   44/84 
Test OLM installation	Arrange OLM test installation	2025-05-30T08:51:40.2969386Z #14 6.677   Installing       : bzip2-libs-1.0.8-10.el9_5.x86_64                     45/84 
Test OLM installation	Arrange OLM test installation	2025-05-30T08:51:40.2970188Z #14 6.681   Installing       : expat-2.5.0-5.el9_6.x86_64                           46/84 
Test OLM installation	Arrange OLM test installation	2025-05-30T08:51:40.2970954Z #14 6.684   Installing       : gdbm-libs-1:1.23-1.el9.x86_64                        47/84 
Test OLM installation	Arrange OLM test installation	2025-05-30T08:51:40.2971737Z #14 6.687   Installing       : keyutils-libs-1.6.3-1.el9.x86_64                     48/84 
Test OLM installation	Arrange OLM test installation	2025-05-30T08:51:40.2972527Z #14 6.690   Installing       : libcom_err-1.46.5-7.el9.x86_64                       49/84 
Test OLM installation	Arrange OLM test installation	2025-05-30T08:51:40.3953736Z #14 6.695   Installing       : libgpg-error-1.42-5.el9.x86_64                       50/84 
Test OLM installation	Arrange OLM test installation	2025-05-30T08:51:40.3954732Z #14 6.703   Installing       : libgcrypt-1.10.0-11.el9.x86_64                       51/84 
Test OLM installation	Arrange OLM test installation	2025-05-30T08:51:40.3955334Z #14 6.709   Installing       : libsepol-3.6-2.el9.x86_64                            52/84 
Test OLM installation	Arrange OLM test installation	2025-05-30T08:51:40.3956248Z #14 6.712   Installing       : libuuid-2.37.4-21.el9.x86_64                         53/84 
Test OLM installation	Arrange OLM test installation	2025-05-30T08:51:40.3956785Z #14 6.715   Installing       : libverto-0.3.2-3.el9.x86_64                          54/84 
Test OLM installation	Arrange OLM test installation	2025-05-30T08:51:40.3957746Z #14 6.720   Installing       : libzstd-1.5.5-1.el9.x86_64                           55/84 
Test OLM installation	Arrange OLM test installation	2025-05-30T08:51:40.3958276Z #14 6.724   Installing       : lz4-libs-1.9.3-5.el9.x86_64                          56/84 
Test OLM installation	Arrange OLM test installation	2025-05-30T08:51:40.3958792Z #14 6.731   Installing       : nettle-3.10.1-1.el9.x86_64                           57/84 
Test OLM installation	Arrange OLM test installation	2025-05-30T08:51:40.3959316Z #14 6.743   Installing       : gnutls-3.8.3-6.el9.x86_64                            58/84 
Test OLM installation	Arrange OLM test installation	2025-05-30T08:51:40.3959843Z #14 6.752   Installing       : pcre-8.44-4.el9.x86_64                               59/84 
Test OLM installation	Arrange OLM test installation	2025-05-30T08:51:40.3960369Z #14 6.758   Installing       : grep-3.6-5.el9.x86_64                                60/84 
Test OLM installation	Arrange OLM test installation	2025-05-30T08:51:40.3960924Z #14 6.763   Installing       : pcre2-10.40-6.el9.x86_64                             61/84 
Test OLM installation	Arrange OLM test installation	2025-05-30T08:51:40.3961475Z #14 6.767   Installing       : libselinux-3.6-3.el9.x86_64                          62/84 
Test OLM installation	Arrange OLM test installation	2025-05-30T08:51:40.3962151Z #14 6.788   Installing       : coreutils-single-8.32-39.el9.x86_64                  63/84 
Test OLM installation	Arrange OLM test installation	2025-05-30T08:51:40.3962586Z #14 6.793   Installing       : sed-4.8-9.el9.x86_64                                 64/84 
Test OLM installation	Arrange OLM test installation	2025-05-30T08:51:40.6500518Z #14 6.796   Running scriptlet: ca-certificates-2024.2.69_v8.0.303-91.4.el9_4.noar   65/84 
Test OLM installation	Arrange OLM test installation	2025-05-30T08:51:40.8044093Z #14 7.050   Installing       : ca-certificates-2024.2.69_v8.0.303-91.4.el9_4.noar   65/84 
Test OLM installation	Arrange OLM test installation	2025-05-30T08:51:41.7793667Z #14 7.054   Running scriptlet: ca-certificates-2024.2.69_v8.0.303-91.4.el9_4.noar   65/84 
Test OLM installation	Arrange OLM test installation	2025-05-30T08:51:41.9942794Z #14 8.180   Installing       : python3-pip-wheel-21.3.1-1.el9.noarch                66/84 
Test OLM installation	Arrange OLM test installation	2025-05-30T08:51:41.9943595Z #14 8.187   Installing       : openssl-fips-provider-so-3.0.7-6.el9_5.x86_64        67/84 
Test OLM installation	Arrange OLM test installation	2025-05-30T08:51:41.9944176Z #14 8.189   Installing       : openssl-fips-provider-3.0.7-6.el9_5.x86_64           68/84 
Test OLM installation	Arrange OLM test installation	2025-05-30T08:51:41.9944696Z #14 8.215   Installing       : openssl-libs-1:3.2.2-6.el9_5.1.x86_64                69/84 
Test OLM installation	Arrange OLM test installation	2025-05-30T08:51:41.9945201Z #14 8.232   Installing       : krb5-libs-1.21.1-6.el9.x86_64                        70/84 
Test OLM installation	Arrange OLM test installation	2025-05-30T08:51:41.9945691Z #14 8.241   Installing       : libevent-2.1.12-8.el9_4.x86_64                       71/84 
Test OLM installation	Arrange OLM test installation	2025-05-30T08:51:42.1962454Z #14 8.244   Installing       : python3-3.9.21-2.el9.x86_64                          72/84 
Test OLM installation	Arrange OLM test installation	2025-05-30T08:51:42.3824362Z #14 8.597   Installing       : python3-libs-3.9.21-2.el9.x86_64                     73/84 
Test OLM installation	Arrange OLM test installation	2025-05-30T08:51:42.3825289Z #14 8.617   Installing       : crypto-policies-scripts-20250128-1.git5269e22.el9.   74/84 
Test OLM installation	Arrange OLM test installation	2025-05-30T08:51:42.3826110Z #14 8.620   Installing       : nss-sysinit-3.101.0-10.el9_2.x86_64                  75/84 
Test OLM installation	Arrange OLM test installation	2025-05-30T08:51:42.3826860Z #14 8.630   Installing       : nss-3.101.0-10.el9_2.x86_64                          76/84 
Test OLM installation	Arrange OLM test installation	2025-05-30T08:51:42.4825100Z #14 8.633   Running scriptlet: nss-3.101.0-10.el9_2.x86_64                          76/84 
Test OLM installation	Arrange OLM test installation	2025-05-30T08:51:42.6355841Z #14 8.883   Installing       : systemd-libs-252-51.el9.x86_64                       77/84 
Test OLM installation	Arrange OLM test installation	2025-05-30T08:51:42.7413038Z #14 8.886   Running scriptlet: systemd-libs-252-51.el9.x86_64                       77/84 
Test OLM installation	Arrange OLM test installation	2025-05-30T08:51:42.9284737Z #14 9.142   Installing       : dbus-libs-1:1.12.20-8.el9.x86_64                     78/84 
Test OLM installation	Arrange OLM test installation	2025-05-30T08:51:42.9285613Z #14 9.146   Installing       : avahi-libs-0.8-22.el9_6.x86_64                       79/84 
Test OLM installation	Arrange OLM test installation	2025-05-30T08:51:42.9286422Z #14 9.152   Installing       : cups-libs-1:2.3.3op2-33.el9.x86_64                   80/84 
Test OLM installation	Arrange OLM test installation	2025-05-30T08:51:42.9287399Z #14 9.158   Installing       : findutils-1:4.8.0-7.el9.x86_64                       81/84 
Test OLM installation	Arrange OLM test installation	2025-05-30T08:51:42.9288336Z #14 9.162   Installing       : copy-jdk-configs-4.0-3.el9.noarch                    82/84 
Test OLM installation	Arrange OLM test installation	2025-05-30T08:51:43.5969800Z #14 9.178   Installing       : alsa-lib-1.2.13-2.el9.x86_64                         83/84 
Test OLM installation	Arrange OLM test installation	2025-05-30T08:51:43.7548000Z #14 9.997   Installing       : java-21-openjdk-headless-1:21.0.7.0.6-1.el9.x86_64   84/84 
Test OLM installation	Arrange OLM test installation	2025-05-30T08:51:43.8585308Z #14 10.00   Running scriptlet: java-21-openjdk-headless-1:21.0.7.0.6-1.el9.x86_64   84/84 
Test OLM installation	Arrange OLM test installation	2025-05-30T08:51:44.1047794Z #14 10.26   Running scriptlet: filesystem-3.16-5.el9.x86_64                         84/84 
Test OLM installation	Arrange OLM test installation	2025-05-30T08:51:45.4036021Z #14 10.51   Running scriptlet: ca-certificates-2024.2.69_v8.0.303-91.4.el9_4.noar   84/84 
Test OLM installation	Arrange OLM test installation	2025-05-30T08:51:45.9884044Z #14 11.80   Running scriptlet: crypto-policies-scripts-20250128-1.git5269e22.el9.   84/84 
Test OLM installation	Arrange OLM test installation	2025-05-30T08:51:46.5714225Z #14 12.39   Running scriptlet: nss-3.101.0-10.el9_2.x86_64                          84/84 
Test OLM installation	Arrange OLM test installation	2025-05-30T08:51:46.8184327Z #14 12.97   Running scriptlet: copy-jdk-configs-4.0-3.el9.noarch                    84/84 
Test OLM installation	Arrange OLM test installation	2025-05-30T08:51:47.3624671Z #14 13.22   Running scriptlet: java-21-openjdk-headless-1:21.0.7.0.6-1.el9.x86_64   84/84 
Test OLM installation	Arrange OLM test installation	2025-05-30T08:51:47.5560756Z #14 13.76   Verifying        : alternatives-1.24-2.el9.x86_64                        1/84 
Test OLM installation	Arrange OLM test installation	2025-05-30T08:51:47.5562313Z #14 13.76   Verifying        : avahi-libs-0.8-22.el9_6.x86_64                        2/84 
Test OLM installation	Arrange OLM test installation	2025-05-30T08:51:47.5563118Z #14 13.76   Verifying        : basesystem-11-13.el9.noarch                           3/84 
Test OLM installation	Arrange OLM test installation	2025-05-30T08:51:47.5563862Z #14 13.76   Verifying        : bash-5.1.8-9.el9.x86_64                               4/84 
Test OLM installation	Arrange OLM test installation	2025-05-30T08:51:47.5564429Z #14 13.76   Verifying        : bzip2-libs-1.0.8-10.el9_5.x86_64                      5/84 
Test OLM installation	Arrange OLM test installation	2025-05-30T08:51:47.5564974Z #14 13.76   Verifying        : ca-certificates-2024.2.69_v8.0.303-91.4.el9_4.noar    6/84 
Test OLM installation	Arrange OLM test installation	2025-05-30T08:51:47.5565516Z #14 13.76   Verifying        : coreutils-single-8.32-39.el9.x86_64                   7/84 
Test OLM installation	Arrange OLM test installation	2025-05-30T08:51:47.5566044Z #14 13.76   Verifying        : crypto-policies-20250128-1.git5269e22.el9.noarch      8/84 
Test OLM installation	Arrange OLM test installation	2025-05-30T08:51:47.5566600Z #14 13.76   Verifying        : crypto-policies-scripts-20250128-1.git5269e22.el9.    9/84 
Test OLM installation	Arrange OLM test installation	2025-05-30T08:51:47.5567293Z #14 13.76   Verifying        : cups-libs-1:2.3.3op2-33.el9.x86_64                   10/84 
Test OLM installation	Arrange OLM test installation	2025-05-30T08:51:47.5567809Z #14 13.76   Verifying        : dbus-libs-1:1.12.20-8.el9.x86_64                     11/84 
Test OLM installation	Arrange OLM test installation	2025-05-30T08:51:47.5568227Z #14 13.76   Verifying        : expat-2.5.0-5.el9_6.x86_64                           12/84 
Test OLM installation	Arrange OLM test installation	2025-05-30T08:51:47.5568640Z #14 13.76   Verifying        : filesystem-3.16-5.el9.x86_64                         13/84 
Test OLM installation	Arrange OLM test installation	2025-05-30T08:51:47.5569053Z #14 13.76   Verifying        : findutils-1:4.8.0-7.el9.x86_64                       14/84 
Test OLM installation	Arrange OLM test installation	2025-05-30T08:51:47.5569448Z #14 13.76   Verifying        : gawk-5.1.0-6.el9.x86_64                              15/84 
Test OLM installation	Arrange OLM test installation	2025-05-30T08:51:47.5569842Z #14 13.76   Verifying        : gdbm-libs-1:1.23-1.el9.x86_64                        16/84 
Test OLM installation	Arrange OLM test installation	2025-05-30T08:51:47.5570241Z #14 13.76   Verifying        : glibc-2.34-168.el9_6.14.x86_64                       17/84 
Test OLM installation	Arrange OLM test installation	2025-05-30T08:51:47.5570656Z #14 13.76   Verifying        : glibc-common-2.34-168.el9_6.14.x86_64                18/84 
Test OLM installation	Arrange OLM test installation	2025-05-30T08:51:47.5571086Z #14 13.76   Verifying        : glibc-langpack-en-2.34-168.el9_6.14.x86_64           19/84 
Test OLM installation	Arrange OLM test installation	2025-05-30T08:51:47.5571493Z #14 13.76   Verifying        : gmp-1:6.2.0-13.el9.x86_64                            20/84 
Test OLM installation	Arrange OLM test installation	2025-05-30T08:51:47.5571902Z #14 13.76   Verifying        : gnutls-3.8.3-6.el9.x86_64                            21/84 
Test OLM installation	Arrange OLM test installation	2025-05-30T08:51:47.5572307Z #14 13.77   Verifying        : grep-3.6-5.el9.x86_64                                22/84 
Test OLM installation	Arrange OLM test installation	2025-05-30T08:51:47.5572715Z #14 13.77   Verifying        : keyutils-libs-1.6.3-1.el9.x86_64                     23/84 
Test OLM installation	Arrange OLM test installation	2025-05-30T08:51:47.5573124Z #14 13.77   Verifying        : krb5-libs-1.21.1-6.el9.x86_64                        24/84 
Test OLM installation	Arrange OLM test installation	2025-05-30T08:51:47.5573525Z #14 13.77   Verifying        : libacl-2.3.1-4.el9.x86_64                            25/84 
Test OLM installation	Arrange OLM test installation	2025-05-30T08:51:47.5574139Z #14 13.77   Verifying        : libattr-2.5.1-3.el9.x86_64                           26/84 
Test OLM installation	Arrange OLM test installation	2025-05-30T08:51:47.5574551Z #14 13.77   Verifying        : libcap-2.48-9.el9_2.x86_64                           27/84 
Test OLM installation	Arrange OLM test installation	2025-05-30T08:51:47.5574964Z #14 13.77   Verifying        : libcom_err-1.46.5-7.el9.x86_64                       28/84 
Test OLM installation	Arrange OLM test installation	2025-05-30T08:51:47.5575368Z #14 13.77   Verifying        : libevent-2.1.12-8.el9_4.x86_64                       29/84 
Test OLM installation	Arrange OLM test installation	2025-05-30T08:51:47.5575767Z #14 13.77   Verifying        : libffi-3.4.2-8.el9.x86_64                            30/84 
Test OLM installation	Arrange OLM test installation	2025-05-30T08:51:47.5576163Z #14 13.77   Verifying        : libgcc-11.5.0-5.el9_5.x86_64                         31/84 
Test OLM installation	Arrange OLM test installation	2025-05-30T08:51:47.5576568Z #14 13.77   Verifying        : libgcrypt-1.10.0-11.el9.x86_64                       32/84 
Test OLM installation	Arrange OLM test installation	2025-05-30T08:51:47.5576986Z #14 13.77   Verifying        : libgpg-error-1.42-5.el9.x86_64                       33/84 
Test OLM installation	Arrange OLM test installation	2025-05-30T08:51:47.5577682Z #14 13.77   Verifying        : libidn2-2.3.0-7.el9.x86_64                           34/84 
Test OLM installation	Arrange OLM test installation	2025-05-30T08:51:47.5578114Z #14 13.77   Verifying        : libselinux-3.6-3.el9.x86_64                          35/84 
Test OLM installation	Arrange OLM test installation	2025-05-30T08:51:47.5578538Z #14 13.77   Verifying        : libsepol-3.6-2.el9.x86_64                            36/84 
Test OLM installation	Arrange OLM test installation	2025-05-30T08:51:47.5579087Z #14 13.77   Verifying        : libsigsegv-2.13-4.el9.x86_64                         37/84 
Test OLM installation	Arrange OLM test installation	2025-05-30T08:51:47.5579495Z #14 13.77   Verifying        : libtasn1-4.16.0-9.el9.x86_64                         38/84 
Test OLM installation	Arrange OLM test installation	2025-05-30T08:51:47.5579908Z #14 13.77   Verifying        : libunistring-0.9.10-15.el9.x86_64                    39/84 
Test OLM installation	Arrange OLM test installation	2025-05-30T08:51:47.5580321Z #14 13.77   Verifying        : libuuid-2.37.4-21.el9.x86_64                         40/84 
Test OLM installation	Arrange OLM test installation	2025-05-30T08:51:47.5580740Z #14 13.77   Verifying        : libverto-0.3.2-3.el9.x86_64                          41/84 
Test OLM installation	Arrange OLM test installation	2025-05-30T08:51:47.5581153Z #14 13.77   Verifying        : libxcrypt-4.4.18-3.el9.x86_64                        42/84 
Test OLM installation	Arrange OLM test installation	2025-05-30T08:51:47.5581565Z #14 13.77   Verifying        : libzstd-1.5.5-1.el9.x86_64                           43/84 
Test OLM installation	Arrange OLM test installation	2025-05-30T08:51:47.5581976Z #14 13.77   Verifying        : lksctp-tools-1.0.19-3.el9_4.x86_64                   44/84 
Test OLM installation	Arrange OLM test installation	2025-05-30T08:51:47.5582396Z #14 13.77   Verifying        : lua-libs-5.4.4-4.el9.x86_64                          45/84 
Test OLM installation	Arrange OLM test installation	2025-05-30T08:51:47.5582795Z #14 13.77   Verifying        : lz4-libs-1.9.3-5.el9.x86_64                          46/84 
Test OLM installation	Arrange OLM test installation	2025-05-30T08:51:47.5583192Z #14 13.77   Verifying        : mpfr-4.1.0-7.el9.x86_64                              47/84 
Test OLM installation	Arrange OLM test installation	2025-05-30T08:51:47.5583597Z #14 13.77   Verifying        : ncurses-base-6.2-10.20210508.el9.noarch              48/84 
Test OLM installation	Arrange OLM test installation	2025-05-30T08:51:47.5584019Z #14 13.77   Verifying        : ncurses-libs-6.2-10.20210508.el9.x86_64              49/84 
Test OLM installation	Arrange OLM test installation	2025-05-30T08:51:47.5584436Z #14 13.77   Verifying        : nettle-3.10.1-1.el9.x86_64                           50/84 
Test OLM installation	Arrange OLM test installation	2025-05-30T08:51:47.5584856Z #14 13.77   Verifying        : openssl-fips-provider-3.0.7-6.el9_5.x86_64           51/84 
Test OLM installation	Arrange OLM test installation	2025-05-30T08:51:47.5585306Z #14 13.77   Verifying        : openssl-fips-provider-so-3.0.7-6.el9_5.x86_64        52/84 
Test OLM installation	Arrange OLM test installation	2025-05-30T08:51:47.5585735Z #14 13.77   Verifying        : openssl-libs-1:3.2.2-6.el9_5.1.x86_64                53/84 
Test OLM installation	Arrange OLM test installation	2025-05-30T08:51:47.5586142Z #14 13.77   Verifying        : p11-kit-0.25.3-3.el9_5.x86_64                        54/84 
Test OLM installation	Arrange OLM test installation	2025-05-30T08:51:47.5586549Z #14 13.77   Verifying        : p11-kit-trust-0.25.3-3.el9_5.x86_64                  55/84 
Test OLM installation	Arrange OLM test installation	2025-05-30T08:51:47.5586957Z #14 13.77   Verifying        : pcre-8.44-4.el9.x86_64                               56/84 
Test OLM installation	Arrange OLM test installation	2025-05-30T08:51:47.5587677Z #14 13.77   Verifying        : pcre2-10.40-6.el9.x86_64                             57/84 
Test OLM installation	Arrange OLM test installation	2025-05-30T08:51:47.5588108Z #14 13.77   Verifying        : pcre2-syntax-10.40-6.el9.noarch                      58/84 
Test OLM installation	Arrange OLM test installation	2025-05-30T08:51:47.5588527Z #14 13.77   Verifying        : python3-3.9.21-2.el9.x86_64                          59/84 
Test OLM installation	Arrange OLM test installation	2025-05-30T08:51:47.5588936Z #14 13.77   Verifying        : python3-libs-3.9.21-2.el9.x86_64                     60/84 
Test OLM installation	Arrange OLM test installation	2025-05-30T08:51:47.5589505Z #14 13.77   Verifying        : python3-pip-wheel-21.3.1-1.el9.noarch                61/84 
Test OLM installation	Arrange OLM test installation	2025-05-30T08:51:47.5589956Z #14 13.77   Verifying        : python3-setuptools-wheel-53.0.0-13.el9.noarch        62/84 
Test OLM installation	Arrange OLM test installation	2025-05-30T08:51:47.5590393Z #14 13.77   Verifying        : readline-8.1-4.el9.x86_64                            63/84 
Test OLM installation	Arrange OLM test installation	2025-05-30T08:51:47.5590811Z #14 13.77   Verifying        : redhat-release-9.6-0.1.el9.x86_64                    64/84 
Test OLM installation	Arrange OLM test installation	2025-05-30T08:51:47.5591213Z #14 13.77   Verifying        : sed-4.8-9.el9.x86_64                                 65/84 
Test OLM installation	Arrange OLM test installation	2025-05-30T08:51:47.5591607Z #14 13.77   Verifying        : setup-2.13.7-10.el9.noarch                           66/84 
Test OLM installation	Arrange OLM test installation	2025-05-30T08:51:47.5592021Z #14 13.77   Verifying        : sqlite-libs-3.34.1-7.el9_3.x86_64                    67/84 
Test OLM installation	Arrange OLM test installation	2025-05-30T08:51:47.5592436Z #14 13.77   Verifying        : systemd-libs-252-51.el9.x86_64                       68/84 
Test OLM installation	Arrange OLM test installation	2025-05-30T08:51:47.5592867Z #14 13.77   Verifying        : tzdata-2025b-1.el9.noarch                            69/84 
Test OLM installation	Arrange OLM test installation	2025-05-30T08:51:47.5593277Z #14 13.77   Verifying        : xz-libs-5.2.5-8.el9_0.x86_64                         70/84 
Test OLM installation	Arrange OLM test installation	2025-05-30T08:51:47.5593794Z #14 13.77   Verifying        : zlib-1.2.11-40.el9.x86_64                            71/84 
Test OLM installation	Arrange OLM test installation	2025-05-30T08:51:47.5594206Z #14 13.77   Verifying        : copy-jdk-configs-4.0-3.el9.noarch                    72/84 
Test OLM installation	Arrange OLM test installation	2025-05-30T08:51:47.5594619Z #14 13.77   Verifying        : lua-5.4.4-4.el9.x86_64                               73/84 
Test OLM installation	Arrange OLM test installation	2025-05-30T08:51:47.5595013Z #14 13.77   Verifying        : lua-posix-35.0-8.el9.x86_64                          74/84 
Test OLM installation	Arrange OLM test installation	2025-05-30T08:51:47.5595427Z #14 13.77   Verifying        : alsa-lib-1.2.13-2.el9.x86_64                         75/84 
Test OLM installation	Arrange OLM test installation	2025-05-30T08:51:47.5595845Z #14 13.77   Verifying        : java-21-openjdk-headless-1:21.0.7.0.6-1.el9.x86_64   76/84 
Test OLM installation	Arrange OLM test installation	2025-05-30T08:51:47.5596284Z #14 13.77   Verifying        : javapackages-filesystem-6.4.0-1.el9.noarch           77/84 
Test OLM installation	Arrange OLM test installation	2025-05-30T08:51:47.5596713Z #14 13.77   Verifying        : nspr-4.35.0-17.el9_2.x86_64                          78/84 
Test OLM installation	Arrange OLM test installation	2025-05-30T08:51:47.5597454Z #14 13.77   Verifying        : nss-3.101.0-10.el9_2.x86_64                          79/84 
Test OLM installation	Arrange OLM test installation	2025-05-30T08:51:47.5597913Z #14 13.77   Verifying        : nss-softokn-3.101.0-10.el9_2.x86_64                  80/84 
Test OLM installation	Arrange OLM test installation	2025-05-30T08:51:47.5598339Z #14 13.77   Verifying        : nss-softokn-freebl-3.101.0-10.el9_2.x86_64           81/84 
Test OLM installation	Arrange OLM test installation	2025-05-30T08:51:47.5598758Z #14 13.77   Verifying        : nss-sysinit-3.101.0-10.el9_2.x86_64                  82/84 
Test OLM installation	Arrange OLM test installation	2025-05-30T08:51:47.5599170Z #14 13.77   Verifying        : nss-util-3.101.0-10.el9_2.x86_64                     83/84 
Test OLM installation	Arrange OLM test installation	2025-05-30T08:51:47.5599587Z #14 13.77   Verifying        : tzdata-java-2025b-1.el9.noarch                       84/84 
Test OLM installation	Arrange OLM test installation	2025-05-30T08:51:47.5599941Z #14 13.85 Installed products updated.
Test OLM installation	Arrange OLM test installation	2025-05-30T08:51:47.5600180Z #14 13.86 
Test OLM installation	Arrange OLM test installation	2025-05-30T08:51:47.5600354Z #14 13.86 Installed:
Test OLM installation	Arrange OLM test installation	2025-05-30T08:51:47.5600627Z #14 13.86   alsa-lib-1.2.13-2.el9.x86_64                                                  
Test OLM installation	Arrange OLM test installation	2025-05-30T08:51:47.5601035Z #14 13.86   alternatives-1.24-2.el9.x86_64                                                
Test OLM installation	Arrange OLM test installation	2025-05-30T08:51:47.5601455Z #14 13.86   avahi-libs-0.8-22.el9_6.x86_64                                                
Test OLM installation	Arrange OLM test installation	2025-05-30T08:51:47.5601862Z #14 13.86   basesystem-11-13.el9.noarch                                                   
Test OLM installation	Arrange OLM test installation	2025-05-30T08:51:47.5602251Z #14 13.86   bash-5.1.8-9.el9.x86_64                                                       
Test OLM installation	Arrange OLM test installation	2025-05-30T08:51:47.5602631Z #14 13.86   bzip2-libs-1.0.8-10.el9_5.x86_64                                              
Test OLM installation	Arrange OLM test installation	2025-05-30T08:51:47.5603053Z #14 13.86   ca-certificates-2024.2.69_v8.0.303-91.4.el9_4.noarch                          
Test OLM installation	Arrange OLM test installation	2025-05-30T08:51:47.5603491Z #14 13.86   copy-jdk-configs-4.0-3.el9.noarch                                             
Test OLM installation	Arrange OLM test installation	2025-05-30T08:51:47.5604076Z #14 13.86   coreutils-single-8.32-39.el9.x86_64                                           
Test OLM installation	Arrange OLM test installation	2025-05-30T08:51:47.5604540Z #14 13.86   crypto-policies-20250128-1.git5269e22.el9.noarch                              
Test OLM installation	Arrange OLM test installation	2025-05-30T08:51:47.5605045Z #14 13.86   crypto-policies-scripts-20250128-1.git5269e22.el9.noarch                      
Test OLM installation	Arrange OLM test installation	2025-05-30T08:51:47.5605501Z #14 13.86   cups-libs-1:2.3.3op2-33.el9.x86_64                                            
Test OLM installation	Arrange OLM test installation	2025-05-30T08:51:47.5605901Z #14 13.86   dbus-libs-1:1.12.20-8.el9.x86_64                                              
Test OLM installation	Arrange OLM test installation	2025-05-30T08:51:47.5606278Z #14 13.86   expat-2.5.0-5.el9_6.x86_64                                                    
Test OLM installation	Arrange OLM test installation	2025-05-30T08:51:47.5606661Z #14 13.86   filesystem-3.16-5.el9.x86_64                                                  
Test OLM installation	Arrange OLM test installation	2025-05-30T08:51:47.5607055Z #14 13.86   findutils-1:4.8.0-7.el9.x86_64                                                
Test OLM installation	Arrange OLM test installation	2025-05-30T08:51:47.5607602Z #14 13.86   gawk-5.1.0-6.el9.x86_64                                                       
Test OLM installation	Arrange OLM test installation	2025-05-30T08:51:47.5607979Z #14 13.86   gdbm-libs-1:1.23-1.el9.x86_64                                                 
Test OLM installation	Arrange OLM test installation	2025-05-30T08:51:47.5608476Z #14 13.86   glibc-2.34-168.el9_6.14.x86_64                                                
Test OLM installation	Arrange OLM test installation	2025-05-30T08:51:47.5608876Z #14 13.86   glibc-common-2.34-168.el9_6.14.x86_64                                         
Test OLM installation	Arrange OLM test installation	2025-05-30T08:51:47.5609303Z #14 13.86   glibc-langpack-en-2.34-168.el9_6.14.x86_64                                    
Test OLM installation	Arrange OLM test installation	2025-05-30T08:51:47.5609696Z #14 13.86   gmp-1:6.2.0-13.el9.x86_64                                                     
Test OLM installation	Arrange OLM test installation	2025-05-30T08:51:47.5610056Z #14 13.86   gnutls-3.8.3-6.el9.x86_64                                                     
Test OLM installation	Arrange OLM test installation	2025-05-30T08:51:47.5610427Z #14 13.86   grep-3.6-5.el9.x86_64                                                         
Test OLM installation	Arrange OLM test installation	2025-05-30T08:51:47.5610831Z #14 13.86   java-21-openjdk-headless-1:21.0.7.0.6-1.el9.x86_64                            
Test OLM installation	Arrange OLM test installation	2025-05-30T08:51:47.5611300Z #14 13.86   javapackages-filesystem-6.4.0-1.el9.noarch                                    
Test OLM installation	Arrange OLM test installation	2025-05-30T08:51:47.5611750Z #14 13.86   keyutils-libs-1.6.3-1.el9.x86_64                                              
Test OLM installation	Arrange OLM test installation	2025-05-30T08:51:47.5612161Z #14 13.86   krb5-libs-1.21.1-6.el9.x86_64                                                 
Test OLM installation	Arrange OLM test installation	2025-05-30T08:51:47.5612538Z #14 13.86   libacl-2.3.1-4.el9.x86_64                                                     
Test OLM installation	Arrange OLM test installation	2025-05-30T08:51:47.5612914Z #14 13.86   libattr-2.5.1-3.el9.x86_64                                                    
Test OLM installation	Arrange OLM test installation	2025-05-30T08:51:47.5613288Z #14 13.86   libcap-2.48-9.el9_2.x86_64                                                    
Test OLM installation	Arrange OLM test installation	2025-05-30T08:51:47.5613665Z #14 13.86   libcom_err-1.46.5-7.el9.x86_64                                                
Test OLM installation	Arrange OLM test installation	2025-05-30T08:51:47.5614045Z #14 13.86   libevent-2.1.12-8.el9_4.x86_64                                                
Test OLM installation	Arrange OLM test installation	2025-05-30T08:51:47.5614426Z #14 13.86   libffi-3.4.2-8.el9.x86_64                                                     
Test OLM installation	Arrange OLM test installation	2025-05-30T08:51:47.5614802Z #14 13.86   libgcc-11.5.0-5.el9_5.x86_64                                                  
Test OLM installation	Arrange OLM test installation	2025-05-30T08:51:47.5615189Z #14 13.86   libgcrypt-1.10.0-11.el9.x86_64                                                
Test OLM installation	Arrange OLM test installation	2025-05-30T08:51:47.5615592Z #14 13.86   libgpg-error-1.42-5.el9.x86_64                                                
Test OLM installation	Arrange OLM test installation	2025-05-30T08:51:47.5615983Z #14 13.86   libidn2-2.3.0-7.el9.x86_64                                                    
Test OLM installation	Arrange OLM test installation	2025-05-30T08:51:47.5616367Z #14 13.86   libselinux-3.6-3.el9.x86_64                                                   
Test OLM installation	Arrange OLM test installation	2025-05-30T08:51:47.5616756Z #14 13.86   libsepol-3.6-2.el9.x86_64                                                     
Test OLM installation	Arrange OLM test installation	2025-05-30T08:51:47.5617303Z #14 13.86   libsigsegv-2.13-4.el9.x86_64                                                  
Test OLM installation	Arrange OLM test installation	2025-05-30T08:51:47.5617803Z #14 13.86   libtasn1-4.16.0-9.el9.x86_64                                                  
Test OLM installation	Arrange OLM test installation	2025-05-30T08:51:47.5618331Z #14 13.86   libunistring-0.9.10-15.el9.x86_64                                             
Test OLM installation	Arrange OLM test installation	2025-05-30T08:51:47.5618727Z #14 13.86   libuuid-2.37.4-21.el9.x86_64                                                  
Test OLM installation	Arrange OLM test installation	2025-05-30T08:51:47.5619113Z #14 13.86   libverto-0.3.2-3.el9.x86_64                                                   
Test OLM installation	Arrange OLM test installation	2025-05-30T08:51:47.5619501Z #14 13.86   libxcrypt-4.4.18-3.el9.x86_64                                                 
Test OLM installation	Arrange OLM test installation	2025-05-30T08:51:47.5619883Z #14 13.86   libzstd-1.5.5-1.el9.x86_64                                                    
Test OLM installation	Arrange OLM test installation	2025-05-30T08:51:47.5620278Z #14 13.86   lksctp-tools-1.0.19-3.el9_4.x86_64                                            
Test OLM installation	Arrange OLM test installation	2025-05-30T08:51:47.5620654Z #14 13.86   lua-5.4.4-4.el9.x86_64                                                        
Test OLM installation	Arrange OLM test installation	2025-05-30T08:51:47.5621015Z #14 13.86   lua-libs-5.4.4-4.el9.x86_64                                                   
Test OLM installation	Arrange OLM test installation	2025-05-30T08:51:47.5621398Z #14 13.86   lua-posix-35.0-8.el9.x86_64                                                   
Test OLM installation	Arrange OLM test installation	2025-05-30T08:51:47.5621802Z #14 13.86   lz4-libs-1.9.3-5.el9.x86_64                                                   
Test OLM installation	Arrange OLM test installation	2025-05-30T08:51:47.5622170Z #14 13.86   mpfr-4.1.0-7.el9.x86_64                                                       
Test OLM installation	Arrange OLM test installation	2025-05-30T08:51:47.5622687Z #14 13.86   ncurses-base-6.2-10.20210508.el9.noarch                                       
Test OLM installation	Arrange OLM test installation	2025-05-30T08:51:47.5623127Z #14 13.86   ncurses-libs-6.2-10.20210508.el9.x86_64                                       
Test OLM installation	Arrange OLM test installation	2025-05-30T08:51:47.5623534Z #14 13.86   nettle-3.10.1-1.el9.x86_64                                                    
Test OLM installation	Arrange OLM test installation	2025-05-30T08:51:47.5623911Z #14 13.86   nspr-4.35.0-17.el9_2.x86_64                                                   
Test OLM installation	Arrange OLM test installation	2025-05-30T08:51:47.5624276Z #14 13.86   nss-3.101.0-10.el9_2.x86_64                                                   
Test OLM installation	Arrange OLM test installation	2025-05-30T08:51:47.5624664Z #14 13.86   nss-softokn-3.101.0-10.el9_2.x86_64                                           
Test OLM installation	Arrange OLM test installation	2025-05-30T08:51:47.5625090Z #14 13.86   nss-softokn-freebl-3.101.0-10.el9_2.x86_64                                    
Test OLM installation	Arrange OLM test installation	2025-05-30T08:51:47.5625522Z #14 13.86   nss-sysinit-3.101.0-10.el9_2.x86_64                                           
Test OLM installation	Arrange OLM test installation	2025-05-30T08:51:47.5625922Z #14 13.86   nss-util-3.101.0-10.el9_2.x86_64                                              
Test OLM installation	Arrange OLM test installation	2025-05-30T08:51:47.5626343Z #14 13.86   openssl-fips-provider-3.0.7-6.el9_5.x86_64                                    
Test OLM installation	Arrange OLM test installation	2025-05-30T08:51:47.5626810Z #14 13.86   openssl-fips-provider-so-3.0.7-6.el9_5.x86_64                                 
Test OLM installation	Arrange OLM test installation	2025-05-30T08:51:47.5627447Z #14 13.86   openssl-libs-1:3.2.2-6.el9_5.1.x86_64                                         
Test OLM installation	Arrange OLM test installation	2025-05-30T08:51:47.5627841Z #14 13.86   p11-kit-0.25.3-3.el9_5.x86_64                                                 
Test OLM installation	Arrange OLM test installation	2025-05-30T08:51:47.5628251Z #14 13.86   p11-kit-trust-0.25.3-3.el9_5.x86_64                                           
Test OLM installation	Arrange OLM test installation	2025-05-30T08:51:47.5628639Z #14 13.86   pcre-8.44-4.el9.x86_64                                                        
Test OLM installation	Arrange OLM test installation	2025-05-30T08:51:47.5629008Z #14 13.86   pcre2-10.40-6.el9.x86_64                                                      
Test OLM installation	Arrange OLM test installation	2025-05-30T08:51:47.5629403Z #14 13.86   pcre2-syntax-10.40-6.el9.noarch                                               
Test OLM installation	Arrange OLM test installation	2025-05-30T08:51:47.5629809Z #14 13.86   python3-3.9.21-2.el9.x86_64                                                   
Test OLM installation	Arrange OLM test installation	2025-05-30T08:51:47.5630203Z #14 13.86   python3-libs-3.9.21-2.el9.x86_64                                              
Test OLM installation	Arrange OLM test installation	2025-05-30T08:51:47.5630632Z #14 13.86   python3-pip-wheel-21.3.1-1.el9.noarch                                         
Test OLM installation	Arrange OLM test installation	2025-05-30T08:51:47.5631103Z #14 13.86   python3-setuptools-wheel-53.0.0-13.el9.noarch                                 
Test OLM installation	Arrange OLM test installation	2025-05-30T08:51:47.5631534Z #14 13.86   readline-8.1-4.el9.x86_64                                                     
Test OLM installation	Arrange OLM test installation	2025-05-30T08:51:47.5631931Z #14 13.86   redhat-release-9.6-0.1.el9.x86_64                                             
Test OLM installation	Arrange OLM test installation	2025-05-30T08:51:47.5632547Z #14 13.86   sed-4.8-9.el9.x86_64                                                          
Test OLM installation	Arrange OLM test installation	2025-05-30T08:51:47.5633070Z #14 13.86   setup-2.13.7-10.el9.noarch                                                    
Test OLM installation	Arrange OLM test installation	2025-05-30T08:51:47.5633471Z #14 13.86   sqlite-libs-3.34.1-7.el9_3.x86_64                                             
Test OLM installation	Arrange OLM test installation	2025-05-30T08:51:47.5633885Z #14 13.86   systemd-libs-252-51.el9.x86_64                                                
Test OLM installation	Arrange OLM test installation	2025-05-30T08:51:47.5634296Z #14 13.86   tzdata-2025b-1.el9.noarch                                                     
Test OLM installation	Arrange OLM test installation	2025-05-30T08:51:47.5634714Z #14 13.86   tzdata-java-2025b-1.el9.noarch                                                
Test OLM installation	Arrange OLM test installation	2025-05-30T08:51:47.5635165Z #14 13.86   xz-libs-5.2.5-8.el9_0.x86_64                                                  
Test OLM installation	Arrange OLM test installation	2025-05-30T08:51:47.5635646Z #14 13.86   zlib-1.2.11-40.el9.x86_64                                                     
Test OLM installation	Arrange OLM test installation	2025-05-30T08:51:47.5635937Z #14 13.86 
Test OLM installation	Arrange OLM test installation	2025-05-30T08:51:47.5636103Z #14 13.86 Complete!
Test OLM installation	Arrange OLM test installation	2025-05-30T08:51:47.5636352Z #14 13.96 + dnf --installroot /tmp/null/rootfs clean all
Test OLM installation	Arrange OLM test installation	2025-05-30T08:51:47.7844372Z #14 14.18 Updating Subscription Management repositories.
Test OLM installation	Arrange OLM test installation	2025-05-30T08:51:47.9847560Z #14 14.19 Unable to read consumer identity
Test OLM installation	Arrange OLM test installation	2025-05-30T08:51:47.9848402Z #14 14.19 
Test OLM installation	Arrange OLM test installation	2025-05-30T08:51:47.9849071Z #14 14.19 This system is not registered with an entitlement server. You can use subscription-manager to register.
Test OLM installation	Arrange OLM test installation	2025-05-30T08:51:47.9849848Z #14 14.19 
Test OLM installation	Arrange OLM test installation	2025-05-30T08:51:47.9850147Z #14 14.19 26 files removed
Test OLM installation	Arrange OLM test installation	2025-05-30T08:51:47.9851831Z #14 14.23 + rm -rf /tmp/null/rootfs/var/cache/bpf /tmp/null/rootfs/var/cache/dnf /tmp/null/rootfs/var/cache/ldconfig /tmp/null/rootfs/var/log/dnf.librepo.log /tmp/null/rootfs/var/log/dnf.log /tmp/null/rootfs/var/log/dnf.rpm.log '/tmp/null/rootfs/var/log/yum.*'
Test OLM installation	Arrange OLM test installation	2025-05-30T08:51:47.9853620Z #14 14.23 ==> Building dependency tree
Test OLM installation	Arrange OLM test installation	2025-05-30T08:51:48.2271140Z #14 14.63 ==> 42 packages to erase:
Test OLM installation	Arrange OLM test installation	2025-05-30T08:51:48.3824570Z #14 14.63 alsa-lib
Test OLM installation	Arrange OLM test installation	2025-05-30T08:51:48.3825262Z #14 14.63 avahi-libs
Test OLM installation	Arrange OLM test installation	2025-05-30T08:51:48.3825846Z #14 14.63 bzip2-libs
Test OLM installation	Arrange OLM test installation	2025-05-30T08:51:48.3826200Z #14 14.63 copy-jdk-configs
Test OLM installation	Arrange OLM test installation	2025-05-30T08:51:48.3826605Z #14 14.63 cups-libs
Test OLM installation	Arrange OLM test installation	2025-05-30T08:51:48.3826920Z #14 14.63 dbus-libs
Test OLM installation	Arrange OLM test installation	2025-05-30T08:51:48.3827470Z #14 14.63 expat
Test OLM installation	Arrange OLM test installation	2025-05-30T08:51:48.3827784Z #14 14.63 gawk
Test OLM installation	Arrange OLM test installation	2025-05-30T08:51:48.3828078Z #14 14.63 gdbm-libs
Test OLM installation	Arrange OLM test installation	2025-05-30T08:51:48.3828380Z #14 14.63 gmp
Test OLM installation	Arrange OLM test installation	2025-05-30T08:51:48.3828672Z #14 14.63 gnutls
Test OLM installation	Arrange OLM test installation	2025-05-30T08:51:48.3828980Z #14 14.63 gpg-pubkey
Test OLM installation	Arrange OLM test installation	2025-05-30T08:51:48.3829315Z #14 14.63 keyutils-libs
Test OLM installation	Arrange OLM test installation	2025-05-30T08:51:48.3829648Z #14 14.63 krb5-libs
Test OLM installation	Arrange OLM test installation	2025-05-30T08:51:48.3829949Z #14 14.63 libcom_err
Test OLM installation	Arrange OLM test installation	2025-05-30T08:51:48.3830261Z #14 14.63 libevent
Test OLM installation	Arrange OLM test installation	2025-05-30T08:51:48.3830559Z #14 14.63 libffi
Test OLM installation	Arrange OLM test installation	2025-05-30T08:51:48.3830848Z #14 14.63 libgcrypt
Test OLM installation	Arrange OLM test installation	2025-05-30T08:51:48.3831161Z #14 14.63 libgpg-error
Test OLM installation	Arrange OLM test installation	2025-05-30T08:51:48.3831484Z #14 14.63 libidn2
Test OLM installation	Arrange OLM test installation	2025-05-30T08:51:48.3831783Z #14 14.63 libunistring
Test OLM installation	Arrange OLM test installation	2025-05-30T08:51:48.3832097Z #14 14.63 libuuid
Test OLM installation	Arrange OLM test installation	2025-05-30T08:51:48.3832392Z #14 14.63 libverto
Test OLM installation	Arrange OLM test installation	2025-05-30T08:51:48.3832711Z #14 14.63 libxcrypt
Test OLM installation	Arrange OLM test installation	2025-05-30T08:51:48.3833008Z #14 14.63 libzstd
Test OLM installation	Arrange OLM test installation	2025-05-30T08:51:48.3833298Z #14 14.63 lua
Test OLM installation	Arrange OLM test installation	2025-05-30T08:51:48.3833590Z #14 14.63 lua-libs
Test OLM installation	Arrange OLM test installation	2025-05-30T08:51:48.3833903Z #14 14.63 lua-posix
Test OLM installation	Arrange OLM test installation	2025-05-30T08:51:48.3834204Z #14 14.63 lz4-libs
Test OLM installation	Arrange OLM test installation	2025-05-30T08:51:48.3834499Z #14 14.63 mpfr
Test OLM installation	Arrange OLM test installation	2025-05-30T08:51:48.3834792Z #14 14.63 nettle
Test OLM installation	Arrange OLM test installation	2025-05-30T08:51:48.3835116Z #14 14.63 openssl-fips-provider
Test OLM installation	Arrange OLM test installation	2025-05-30T08:51:48.3835527Z #14 14.63 openssl-fips-provider-so
Test OLM installation	Arrange OLM test installation	2025-05-30T08:51:48.3835932Z #14 14.63 openssl-libs
Test OLM installation	Arrange OLM test installation	2025-05-30T08:51:48.3836257Z #14 14.63 p11-kit
Test OLM installation	Arrange OLM test installation	2025-05-30T08:51:48.3836561Z #14 14.63 python3
Test OLM installation	Arrange OLM test installation	2025-05-30T08:51:48.3836863Z #14 14.63 python3-libs
Test OLM installation	Arrange OLM test installation	2025-05-30T08:51:48.3837363Z #14 14.63 python3-pip-wheel
Test OLM installation	Arrange OLM test installation	2025-05-30T08:51:48.3837763Z #14 14.63 python3-setuptools-wheel
Test OLM installation	Arrange OLM test installation	2025-05-30T08:51:48.3838151Z #14 14.63 readline
Test OLM installation	Arrange OLM test installation	2025-05-30T08:51:48.3838453Z #14 14.63 systemd-libs
Test OLM installation	Arrange OLM test installation	2025-05-30T08:51:48.3838769Z #14 14.63 xz-libs
Test OLM installation	Arrange OLM test installation	2025-05-30T08:51:48.3839083Z #14 14.63 ==> 43 packages to keep:
Test OLM installation	Arrange OLM test installation	2025-05-30T08:51:48.3839792Z #14 14.63 alternatives
Test OLM installation	Arrange OLM test installation	2025-05-30T08:51:48.3840114Z #14 14.63 basesystem
Test OLM installation	Arrange OLM test installation	2025-05-30T08:51:48.3840426Z #14 14.63 bash
Test OLM installation	Arrange OLM test installation	2025-05-30T08:51:48.3840730Z #14 14.63 ca-certificates
Test OLM installation	Arrange OLM test installation	2025-05-30T08:51:48.3841090Z #14 14.63 coreutils-single
Test OLM installation	Arrange OLM test installation	2025-05-30T08:51:48.3841455Z #14 14.63 crypto-policies
Test OLM installation	Arrange OLM test installation	2025-05-30T08:51:48.3841828Z #14 14.63 crypto-policies-scripts
Test OLM installation	Arrange OLM test installation	2025-05-30T08:51:48.3842223Z #14 14.63 filesystem
Test OLM installation	Arrange OLM test installation	2025-05-30T08:51:48.3842536Z #14 14.63 findutils
Test OLM installation	Arrange OLM test installation	2025-05-30T08:51:48.3842840Z #14 14.63 glibc
Test OLM installation	Arrange OLM test installation	2025-05-30T08:51:48.3843141Z #14 14.63 glibc-common
Test OLM installation	Arrange OLM test installation	2025-05-30T08:51:48.3843483Z #14 14.63 glibc-langpack-en
Test OLM installation	Arrange OLM test installation	2025-05-30T08:51:48.3843833Z #14 14.63 grep
Test OLM installation	Arrange OLM test installation	2025-05-30T08:51:48.3844157Z #14 14.63 java-21-openjdk-headless
Test OLM installation	Arrange OLM test installation	2025-05-30T08:51:48.3844575Z #14 14.63 javapackages-filesystem
Test OLM installation	Arrange OLM test installation	2025-05-30T08:51:48.3844959Z #14 14.63 libacl
Test OLM installation	Arrange OLM test installation	2025-05-30T08:51:48.3845253Z #14 14.63 libattr
Test OLM installation	Arrange OLM test installation	2025-05-30T08:51:48.3845547Z #14 14.63 libcap
Test OLM installation	Arrange OLM test installation	2025-05-30T08:51:48.3845839Z #14 14.63 libgcc
Test OLM installation	Arrange OLM test installation	2025-05-30T08:51:48.3846125Z #14 14.63 libselinux
Test OLM installation	Arrange OLM test installation	2025-05-30T08:51:48.3846444Z #14 14.63 libsepol
Test OLM installation	Arrange OLM test installation	2025-05-30T08:51:48.3846748Z #14 14.63 libsigsegv
Test OLM installation	Arrange OLM test installation	2025-05-30T08:51:48.3847055Z #14 14.63 libtasn1
Test OLM installation	Arrange OLM test installation	2025-05-30T08:51:48.3847864Z #14 14.63 lksctp-tools
Test OLM installation	Arrange OLM test installation	2025-05-30T08:51:48.3848210Z #14 14.63 ncurses-base
Test OLM installation	Arrange OLM test installation	2025-05-30T08:51:48.3848538Z #14 14.63 ncurses-libs
Test OLM installation	Arrange OLM test installation	2025-05-30T08:51:48.3848852Z #14 14.63 nspr
Test OLM installation	Arrange OLM test installation	2025-05-30T08:51:48.3849145Z #14 14.63 nss
Test OLM installation	Arrange OLM test installation	2025-05-30T08:51:48.3849473Z #14 14.63 nss-softokn
Test OLM installation	Arrange OLM test installation	2025-05-30T08:51:48.3849818Z #14 14.63 nss-softokn-freebl
Test OLM installation	Arrange OLM test installation	2025-05-30T08:51:48.3850189Z #14 14.63 nss-sysinit
Test OLM installation	Arrange OLM test installation	2025-05-30T08:51:48.3850508Z #14 14.63 nss-util
Test OLM installation	Arrange OLM test installation	2025-05-30T08:51:48.3850824Z #14 14.63 p11-kit-trust
Test OLM installation	Arrange OLM test installation	2025-05-30T08:51:48.3851156Z #14 14.63 pcre
Test OLM installation	Arrange OLM test installation	2025-05-30T08:51:48.3851447Z #14 14.63 pcre2
Test OLM installation	Arrange OLM test installation	2025-05-30T08:51:48.3851751Z #14 14.63 pcre2-syntax
Test OLM installation	Arrange OLM test installation	2025-05-30T08:51:48.3852079Z #14 14.63 redhat-release
Test OLM installation	Arrange OLM test installation	2025-05-30T08:51:48.3852410Z #14 14.63 sed
Test OLM installation	Arrange OLM test installation	2025-05-30T08:51:48.3852697Z #14 14.63 setup
Test OLM installation	Arrange OLM test installation	2025-05-30T08:51:48.3852997Z #14 14.63 sqlite-libs
Test OLM installation	Arrange OLM test installation	2025-05-30T08:51:48.3853314Z #14 14.63 tzdata
Test OLM installation	Arrange OLM test installation	2025-05-30T08:51:48.3853615Z #14 14.63 tzdata-java
Test OLM installation	Arrange OLM test installation	2025-05-30T08:51:48.3853925Z #14 14.63 zlib
Test OLM installation	Arrange OLM test installation	2025-05-30T08:51:48.3854202Z #14 14.63 
Test OLM installation	Arrange OLM test installation	2025-05-30T08:51:48.3854502Z #14 14.63 ==> Erasing packages
Test OLM installation	Arrange OLM test installation	2025-05-30T08:51:48.3855041Z #14 14.63 + xargs rpm -r /tmp/null/rootfs --erase --nodeps --allmatches
Test OLM installation	Arrange OLM test installation	2025-05-30T08:51:48.5308540Z #14 14.93 
Test OLM installation	Arrange OLM test installation	2025-05-30T08:51:48.5308972Z #14 14.93 ==> Packages erased ok!
Test OLM installation	Arrange OLM test installation	2025-05-30T08:51:48.6952783Z #14 DONE 14.9s
Test OLM installation	Arrange OLM test installation	2025-05-30T08:51:50.0355120Z 
Test OLM installation	Arrange OLM test installation	2025-05-30T08:51:50.0355780Z #15 [stage-1 2/4] COPY --from=ubi-micro-build /tmp/null/rootfs/ /
Test OLM installation	Arrange OLM test installation	2025-05-30T08:51:51.2256674Z #15 DONE 1.2s
Test OLM installation	Arrange OLM test installation	2025-05-30T08:51:51.3772265Z 
Test OLM installation	Arrange OLM test installation	2025-05-30T08:51:51.3773022Z #16 [stage-1 3/4] COPY --from=ubi-micro-build --chown=1000:0 /opt/keycloak /opt/keycloak
Test OLM installation	Arrange OLM test installation	2025-05-30T08:51:51.6644293Z #16 DONE 0.4s
Test OLM installation	Arrange OLM test installation	2025-05-30T08:51:51.7894557Z 
Test OLM installation	Arrange OLM test installation	2025-05-30T08:51:51.7895540Z #17 [stage-1 4/4] RUN echo "keycloak:x:0:root" >> /etc/group &&     echo "keycloak:x:1000:0:keycloak user:/opt/keycloak:/sbin/nologin" >> /etc/passwd
Test OLM installation	Arrange OLM test installation	2025-05-30T08:51:51.7896207Z #17 DONE 0.1s
Test OLM installation	Arrange OLM test installation	2025-05-30T08:51:51.9407998Z 
Test OLM installation	Arrange OLM test installation	2025-05-30T08:51:51.9408897Z #18 exporting to image
Test OLM installation	Arrange OLM test installation	2025-05-30T08:51:51.9427725Z #18 exporting layers
Test OLM installation	Arrange OLM test installation	2025-05-30T08:51:53.2058956Z #18 exporting layers 1.4s done
Test OLM installation	Arrange OLM test installation	2025-05-30T08:51:53.2225679Z #18 writing image sha256:ed81df19a56907491b8d22de00b23c47af32082572b647d84006a181a21a1ddf done
Test OLM installation	Arrange OLM test installation	2025-05-30T08:51:53.2226541Z #18 naming to ttl.sh/de9cdckeycloak:86400000.0.0 done
Test OLM installation	Arrange OLM test installation	2025-05-30T08:51:53.2226955Z #18 DONE 1.4s
Test OLM installation	Arrange OLM test installation	2025-05-30T08:51:53.2281417Z + docker push ttl.sh/de9cdckeycloak:86400000.0.0
Test OLM installation	Arrange OLM test installation	2025-05-30T08:51:53.5493853Z The push refers to repository [ttl.sh/de9cdckeycloak]
Test OLM installation	Arrange OLM test installation	2025-05-30T08:51:53.6406772Z 69575202a1e1: Preparing
Test OLM installation	Arrange OLM test installation	2025-05-30T08:51:53.6407384Z dcf6d73cbe70: Preparing
Test OLM installation	Arrange OLM test installation	2025-05-30T08:51:53.6407719Z fcf663e5ab4b: Preparing
Test OLM installation	Arrange OLM test installation	2025-05-30T08:51:53.6408298Z ef3cb51dff21: Preparing
Test OLM installation	Arrange OLM test installation	2025-05-30T08:51:56.9752830Z 69575202a1e1: Pushed
Test OLM installation	Arrange OLM test installation	2025-05-30T08:52:13.7501224Z ef3cb51dff21: Pushed
Test OLM installation	Arrange OLM test installation	2025-05-30T08:53:24.2472073Z error parsing HTTP 499 response body: invalid character '<' looking for beginning of value: "<!DOCTYPE html>\n<html>\n  <head>\n    <meta name=\"viewport\" content=\"width=device-width, initial-scale=1\">\n    <meta charset=\"utf-8\">\n    <title>Application Error</title>\n    <style media=\"screen\">\n      html,body,iframe {\n        margin: 0;\n        padding: 0;\n      }\n\n      html,body {\n        height: 100%;\n        overflow: hidden;\n      }\n\n      iframe {\n        width: 100%;\n        height: 100%;\n        border: 0;\n      }\n    </style>\n  </head>\n  <body>\n    <iframe src=\"https://www.herokucdn.com/error-pages/application-error.html\"></iframe>\n  </body>\n</html>"
Test OLM installation	Arrange OLM test installation	2025-05-30T08:53:24.2501442Z ##[error]Process completed with exit code 1.
Status Check - Keycloak Operator CI	Run /./.github/actions/status-check	2025-05-30T09:15:23.8441952Z Prepare all required actions
Status Check - Keycloak Operator CI	Run /./.github/actions/status-check	2025-05-30T09:15:23.8512826Z ##[group]Run ./.github/actions/status-check
Status Check - Keycloak Operator CI	Run /./.github/actions/status-check	2025-05-30T09:15:23.8513194Z with:
Status Check - Keycloak Operator CI	Run /./.github/actions/status-check	2025-05-30T09:15:23.8514008Z   jobs: {
Status Check - Keycloak Operator CI	Run /./.github/actions/status-check	  "conditional": {
Status Check - Keycloak Operator CI	Run /./.github/actions/status-check	    "result": "success",
Status Check - Keycloak Operator CI	Run /./.github/actions/status-check	    "outputs": {
Status Check - Keycloak Operator CI	Run /./.github/actions/status-check	      "operator": "true"
Status Check - Keycloak Operator CI	Run /./.github/actions/status-check	    }
Status Check - Keycloak Operator CI	Run /./.github/actions/status-check	  },
Status Check - Keycloak Operator CI	Run /./.github/actions/status-check	  "build": {
Status Check - Keycloak Operator CI	Run /./.github/actions/status-check	    "result": "success",
Status Check - Keycloak Operator CI	Run /./.github/actions/status-check	    "outputs": {}
Status Check - Keycloak Operator CI	Run /./.github/actions/status-check	  },
Status Check - Keycloak Operator CI	Run /./.github/actions/status-check	  "test-local": {
Status Check - Keycloak Operator CI	Run /./.github/actions/status-check	    "result": "success",
Status Check - Keycloak Operator CI	Run /./.github/actions/status-check	    "outputs": {}
Status Check - Keycloak Operator CI	Run /./.github/actions/status-check	  },
Status Check - Keycloak Operator CI	Run /./.github/actions/status-check	  "test-remote": {
Status Check - Keycloak Operator CI	Run /./.github/actions/status-check	    "result": "success",
Status Check - Keycloak Operator CI	Run /./.github/actions/status-check	    "outputs": {}
Status Check - Keycloak Operator CI	Run /./.github/actions/status-check	  },
Status Check - Keycloak Operator CI	Run /./.github/actions/status-check	  "test-olm": {
Status Check - Keycloak Operator CI	Run /./.github/actions/status-check	    "result": "failure",
Status Check - Keycloak Operator CI	Run /./.github/actions/status-check	    "outputs": {}
Status Check - Keycloak Operator CI	Run /./.github/actions/status-check	  }
Status Check - Keycloak Operator CI	Run /./.github/actions/status-check	}
Status Check - Keycloak Operator CI	Run /./.github/actions/status-check	2025-05-30T09:15:23.8514889Z env:
Status Check - Keycloak Operator CI	Run /./.github/actions/status-check	2025-05-30T09:15:23.8515197Z   MAVEN_ARGS: -B -nsu -Daether.connector.http.connectionMaxTtl=25
Status Check - Keycloak Operator CI	Run /./.github/actions/status-check	2025-05-30T09:15:23.8515609Z   MINIKUBE_VERSION: v1.32.0
Status Check - Keycloak Operator CI	Run /./.github/actions/status-check	2025-05-30T09:15:23.8515909Z   KUBERNETES_VERSION: v1.27.10
Status Check - Keycloak Operator CI	Run /./.github/actions/status-check	2025-05-30T09:15:23.8516185Z   MINIKUBE_MEMORY: 4096
Status Check - Keycloak Operator CI	Run /./.github/actions/status-check	2025-05-30T09:15:23.8516418Z ##[endgroup]
Status Check - Keycloak Operator CI	Run /./.github/actions/status-check	2025-05-30T09:15:23.8711590Z ##[group]Run JOBS='{
Status Check - Keycloak Operator CI	Run /./.github/actions/status-check	2025-05-30T09:15:23.8711957Z [36;1mJOBS='{[0m
Status Check - Keycloak Operator CI	Run /./.github/actions/status-check	2025-05-30T09:15:23.8712454Z [36;1m  "conditional": {[0m
Status Check - Keycloak Operator CI	Run /./.github/actions/status-check	2025-05-30T09:15:23.8712786Z [36;1m    "result": "success",[0m
Status Check - Keycloak Operator CI	Run /./.github/actions/status-check	2025-05-30T09:15:23.8713056Z [36;1m    "outputs": {[0m
Status Check - Keycloak Operator CI	Run /./.github/actions/status-check	2025-05-30T09:15:23.8713311Z [36;1m      "operator": "true"[0m
Status Check - Keycloak Operator CI	Run /./.github/actions/status-check	2025-05-30T09:15:23.8713570Z [36;1m    }[0m
Status Check - Keycloak Operator CI	Run /./.github/actions/status-check	2025-05-30T09:15:23.8713779Z [36;1m  },[0m
Status Check - Keycloak Operator CI	Run /./.github/actions/status-check	2025-05-30T09:15:23.8713988Z [36;1m  "build": {[0m
Status Check - Keycloak Operator CI	Run /./.github/actions/status-check	2025-05-30T09:15:23.8714228Z [36;1m    "result": "success",[0m
Status Check - Keycloak Operator CI	Run /./.github/actions/status-check	2025-05-30T09:15:23.8714504Z [36;1m    "outputs": {}[0m
Status Check - Keycloak Operator CI	Run /./.github/actions/status-check	2025-05-30T09:15:23.8714743Z [36;1m  },[0m
Status Check - Keycloak Operator CI	Run /./.github/actions/status-check	2025-05-30T09:15:23.8714956Z [36;1m  "test-local": {[0m
Status Check - Keycloak Operator CI	Run /./.github/actions/status-check	2025-05-30T09:15:23.8715213Z [36;1m    "result": "success",[0m
Status Check - Keycloak Operator CI	Run /./.github/actions/status-check	2025-05-30T09:15:23.8715470Z [36;1m    "outputs": {}[0m
Status Check - Keycloak Operator CI	Run /./.github/actions/status-check	2025-05-30T09:15:23.8715715Z [36;1m  },[0m
Status Check - Keycloak Operator CI	Run /./.github/actions/status-check	2025-05-30T09:15:23.8715934Z [36;1m  "test-remote": {[0m
Status Check - Keycloak Operator CI	Run /./.github/actions/status-check	2025-05-30T09:15:23.8716199Z [36;1m    "result": "success",[0m
Status Check - Keycloak Operator CI	Run /./.github/actions/status-check	2025-05-30T09:15:23.8716474Z [36;1m    "outputs": {}[0m
Status Check - Keycloak Operator CI	Run /./.github/actions/status-check	2025-05-30T09:15:23.8716706Z [36;1m  },[0m
Status Check - Keycloak Operator CI	Run /./.github/actions/status-check	2025-05-30T09:15:23.8716925Z [36;1m  "test-olm": {[0m
Status Check - Keycloak Operator CI	Run /./.github/actions/status-check	2025-05-30T09:15:23.8717180Z [36;1m    "result": "failure",[0m
Status Check - Keycloak Operator CI	Run /./.github/actions/status-check	2025-05-30T09:15:23.8717446Z [36;1m    "outputs": {}[0m
Status Check - Keycloak Operator CI	Run /./.github/actions/status-check	2025-05-30T09:15:23.8717684Z [36;1m  }[0m
Status Check - Keycloak Operator CI	Run /./.github/actions/status-check	2025-05-30T09:15:23.8717887Z [36;1m}'[0m
Status Check - Keycloak Operator CI	Run /./.github/actions/status-check	2025-05-30T09:15:23.8718100Z [36;1m[0m
Status Check - Keycloak Operator CI	Run /./.github/actions/status-check	2025-05-30T09:15:23.8718326Z [36;1mecho "Job status:"[0m
Status Check - Keycloak Operator CI	Run /./.github/actions/status-check	2025-05-30T09:15:23.8718709Z [36;1mecho $JOBS | jq -r 'to_entries[] | " - \(.key): \(.value.result)"'[0m
Status Check - Keycloak Operator CI	Run /./.github/actions/status-check	2025-05-30T09:15:23.8719084Z [36;1m[0m
Status Check - Keycloak Operator CI	Run /./.github/actions/status-check	2025-05-30T09:15:23.8719370Z [36;1mfor i in $(echo $JOBS | jq -r 'to_entries[] | .value.result'); do[0m
Status Check - Keycloak Operator CI	Run /./.github/actions/status-check	2025-05-30T09:15:23.8719778Z [36;1m  if [ "$i" != "success" ] && [ "$i" != "skipped" ]; then[0m
Status Check - Keycloak Operator CI	Run /./.github/actions/status-check	2025-05-30T09:15:23.8720097Z [36;1m    echo ""[0m
Status Check - Keycloak Operator CI	Run /./.github/actions/status-check	2025-05-30T09:15:23.8720348Z [36;1m    echo "Status check not okay!"[0m
Status Check - Keycloak Operator CI	Run /./.github/actions/status-check	2025-05-30T09:15:23.8720622Z [36;1m    exit 1[0m
Status Check - Keycloak Operator CI	Run /./.github/actions/status-check	2025-05-30T09:15:23.8720834Z [36;1m  fi[0m
Status Check - Keycloak Operator CI	Run /./.github/actions/status-check	2025-05-30T09:15:23.8721041Z [36;1mdone[0m
Status Check - Keycloak Operator CI	Run /./.github/actions/status-check	2025-05-30T09:15:23.8914769Z shell: /usr/bin/bash --noprofile --norc -e -o pipefail {0}
Status Check - Keycloak Operator CI	Run /./.github/actions/status-check	2025-05-30T09:15:23.8915187Z env:
Status Check - Keycloak Operator CI	Run /./.github/actions/status-check	2025-05-30T09:15:23.8915503Z   MAVEN_ARGS: -B -nsu -Daether.connector.http.connectionMaxTtl=25
Status Check - Keycloak Operator CI	Run /./.github/actions/status-check	2025-05-30T09:15:23.8915940Z   MINIKUBE_VERSION: v1.32.0
Status Check - Keycloak Operator CI	Run /./.github/actions/status-check	2025-05-30T09:15:23.8916234Z   KUBERNETES_VERSION: v1.27.10
Status Check - Keycloak Operator CI	Run /./.github/actions/status-check	2025-05-30T09:15:23.8916545Z   MINIKUBE_MEMORY: 4096
Status Check - Keycloak Operator CI	Run /./.github/actions/status-check	2025-05-30T09:15:23.8916802Z ##[endgroup]
Status Check - Keycloak Operator CI	Run /./.github/actions/status-check	2025-05-30T09:15:23.9005860Z Job status:
Status Check - Keycloak Operator CI	Run /./.github/actions/status-check	2025-05-30T09:15:23.9108499Z  - conditional: success
Status Check - Keycloak Operator CI	Run /./.github/actions/status-check	2025-05-30T09:15:23.9108842Z  - build: success
Status Check - Keycloak Operator CI	Run /./.github/actions/status-check	2025-05-30T09:15:23.9109093Z  - test-local: success
Status Check - Keycloak Operator CI	Run /./.github/actions/status-check	2025-05-30T09:15:23.9109372Z  - test-remote: success
Status Check - Keycloak Operator CI	Run /./.github/actions/status-check	2025-05-30T09:15:23.9109624Z  - test-olm: failure
Status Check - Keycloak Operator CI	Run /./.github/actions/status-check	2025-05-30T09:15:23.9142088Z 
Status Check - Keycloak Operator CI	Run /./.github/actions/status-check	2025-05-30T09:15:23.9142679Z Status check not okay!
Status Check - Keycloak Operator CI	Run /./.github/actions/status-check	2025-05-30T09:15:23.9154798Z ##[error]Process completed with exit code 1.
