Base IT (5)	Run base tests	2024-05-22T17:57:58.9282886Z ##[group]Run TESTS=`testsuite/integration-arquillian/tests/base/testsuites/base-suite.sh 5`
Base IT (5)	Run base tests	2024-05-22T17:57:58.9283854Z [36;1mTESTS=`testsuite/integration-arquillian/tests/base/testsuites/base-suite.sh 5`[0m
Base IT (5)	Run base tests	2024-05-22T17:57:58.9284621Z [36;1mecho "Tests: $TESTS"[0m
Base IT (5)	Run base tests	2024-05-22T17:57:58.9285887Z [36;1m./mvnw test -Dsurefire.rerunFailingTestsCount=2 -Pauth-server-quarkus "-Dwebdriver.chrome.driver=$CHROMEWEBDRIVER/chromedriver" -Dtest=$TESTS -pl testsuite/integration-arquillian/tests/base 2>&1 | misc/log/trimmer.sh[0m
Base IT (5)	Run base tests	2024-05-22T17:57:58.9344985Z shell: /usr/bin/bash --noprofile --norc -e -o pipefail {0}
Base IT (5)	Run base tests	2024-05-22T17:57:58.9345617Z env:
Base IT (5)	Run base tests	2024-05-22T17:57:58.9346094Z   MAVEN_ARGS: -B -nsu -Daether.connector.http.connectionMaxTtl=25
Base IT (5)	Run base tests	2024-05-22T17:57:58.9346662Z   SUREFIRE_RERUN_FAILING_COUNT: 2
Base IT (5)	Run base tests	2024-05-22T17:57:58.9347280Z   SUREFIRE_RETRY: -Dsurefire.rerunFailingTestsCount=2
Base IT (5)	Run base tests	2024-05-22T17:57:58.9347928Z   JAVA_HOME: /opt/hostedtoolcache/Java_Temurin-Hotspot_jdk/17.0.11-9/x64
Base IT (5)	Run base tests	2024-05-22T17:57:58.9348673Z   JAVA_HOME_17_X64: /opt/hostedtoolcache/Java_Temurin-Hotspot_jdk/17.0.11-9/x64
Base IT (5)	Run base tests	2024-05-22T17:57:58.9349418Z ##[endgroup]
Base IT (5)	Run base tests	2024-05-22T17:57:59.2147916Z Tests: org.keycloak.testsuite.federation.**,org.keycloak.testsuite.forms.**,org.keycloak.testsuite.i18n.**,org.keycloak.testsuite.javascript.**
Base IT (5)	Run base tests	2024-05-22T17:58:01.2314294Z -- [INFO] Loading cache configuration from /home/runner/work/keycloak/keycloak/.mvn/maven-build-cache-config.xml
Base IT (5)	Run base tests	2024-05-22T17:58:01.2445975Z -- [INFO] Scanning for projects...
Base IT (5)	Run base tests	2024-05-22T17:58:02.4509227Z -- [INFO] 
Base IT (5)	Run base tests	2024-05-22T17:58:02.4530458Z -- [INFO] ------< org.keycloak.testsuite:integration-arquillian-tests-base >------
Base IT (5)	Run base tests	2024-05-22T17:58:02.4532100Z -- [INFO] Building Base TestSuite 999.0.0-SNAPSHOT
Base IT (5)	Run base tests	2024-05-22T17:58:02.4533079Z -- [INFO]   from pom.xml
Base IT (5)	Run base tests	2024-05-22T17:58:02.4577108Z -- [INFO] --------------------------------[ jar ]---------------------------------
Base IT (5)	Run base tests	2024-05-22T17:58:02.4972610Z -- [WARNING] Parameter 'overWriteIfNewer' is unknown for plugin 'maven-resources-plugin:3.0.1:copy-resources (example-realms)'
Base IT (5)	Run base tests	2024-05-22T17:58:03.0487520Z -- [INFO] Downloading from central: https://repo.maven.apache.org/maven2/com/googlecode/owasp-java-html-sanitizer/owasp-java-html-sanitizer/20240325.1/owasp-java-html-sanitizer-20240325.1.pom
Base IT (5)	Run base tests	2024-05-22T17:58:03.2391498Z -- [INFO] Downloaded from central: https://repo.maven.apache.org/maven2/com/googlecode/owasp-java-html-sanitizer/owasp-java-html-sanitizer/20240325.1/owasp-java-html-sanitizer-20240325.1.pom (5.0 kB at 26 kB/s)
Base IT (5)	Run base tests	2024-05-22T17:58:03.2471775Z -- [INFO] Downloading from central: https://repo.maven.apache.org/maven2/com/googlecode/owasp-java-html-sanitizer/parent/20240325.1/parent-20240325.1.pom
Base IT (5)	Run base tests	2024-05-22T17:58:03.2647692Z -- [INFO] Downloaded from central: https://repo.maven.apache.org/maven2/com/googlecode/owasp-java-html-sanitizer/parent/20240325.1/parent-20240325.1.pom (11 kB at 610 kB/s)
Base IT (5)	Run base tests	2024-05-22T17:58:03.2681412Z -- [INFO] Downloading from central: https://repo.maven.apache.org/maven2/com/googlecode/owasp-java-html-sanitizer/java8-shim/20240325.1/java8-shim-20240325.1.pom
Base IT (5)	Run base tests	2024-05-22T17:58:03.2808448Z -- [INFO] Downloaded from central: https://repo.maven.apache.org/maven2/com/googlecode/owasp-java-html-sanitizer/java8-shim/20240325.1/java8-shim-20240325.1.pom (1.2 kB at 93 kB/s)
Base IT (5)	Run base tests	2024-05-22T17:58:03.2838252Z -- [INFO] Downloading from central: https://repo.maven.apache.org/maven2/com/googlecode/owasp-java-html-sanitizer/java10-shim/20240325.1/java10-shim-20240325.1.pom
Base IT (5)	Run base tests	2024-05-22T17:58:03.2966170Z -- [INFO] Downloaded from central: https://repo.maven.apache.org/maven2/com/googlecode/owasp-java-html-sanitizer/java10-shim/20240325.1/java10-shim-20240325.1.pom (1.5 kB at 129 kB/s)
Base IT (5)	Run base tests	2024-05-22T17:58:03.4457454Z -- [INFO] Downloading from central: https://repo.maven.apache.org/maven2/org/infinispan/infinispan-core/15.0.4.Final/infinispan-core-15.0.4.Final.pom
Base IT (5)	Run base tests	2024-05-22T17:58:03.4609279Z -- [INFO] Downloaded from central: https://repo.maven.apache.org/maven2/org/infinispan/infinispan-core/15.0.4.Final/infinispan-core-15.0.4.Final.pom (9.3 kB at 582 kB/s)
Base IT (5)	Run base tests	2024-05-22T17:58:03.4634515Z -- [INFO] Downloading from central: https://repo.maven.apache.org/maven2/org/infinispan/infinispan-parent/15.0.4.Final/infinispan-parent-15.0.4.Final.pom
Base IT (5)	Run base tests	2024-05-22T17:58:03.4957931Z -- [INFO] Downloaded from central: https://repo.maven.apache.org/maven2/org/infinispan/infinispan-parent/15.0.4.Final/infinispan-parent-15.0.4.Final.pom (143 kB at 4.3 MB/s)
Base IT (5)	Run base tests	2024-05-22T17:58:03.5023133Z -- [INFO] Downloading from central: https://repo.maven.apache.org/maven2/org/infinispan/infinispan-commons/15.0.4.Final/infinispan-commons-15.0.4.Final.pom
Base IT (5)	Run base tests	2024-05-22T17:58:03.5204569Z -- [INFO] Downloaded from central: https://repo.maven.apache.org/maven2/org/infinispan/infinispan-commons/15.0.4.Final/infinispan-commons-15.0.4.Final.pom (10 kB at 724 kB/s)
Base IT (5)	Run base tests	2024-05-22T17:58:03.5207887Z -- [INFO] Downloading from central: https://repo.maven.apache.org/maven2/org/infinispan/infinispan-commons-parent/15.0.4.Final/infinispan-commons-parent-15.0.4.Final.pom
Base IT (5)	Run base tests	2024-05-22T17:58:03.5311796Z -- [INFO] Downloaded from central: https://repo.maven.apache.org/maven2/org/infinispan/infinispan-commons-parent/15.0.4.Final/infinispan-commons-parent-15.0.4.Final.pom (944 B at 73 kB/s)
Base IT (5)	Run base tests	2024-05-22T17:58:03.5364613Z -- [INFO] Downloading from central: https://repo.maven.apache.org/maven2/org/infinispan/protostream/protostream/5.0.4.Final/protostream-5.0.4.Final.pom
Base IT (5)	Run base tests	2024-05-22T17:58:03.5492163Z -- [INFO] Downloaded from central: https://repo.maven.apache.org/maven2/org/infinispan/protostream/protostream/5.0.4.Final/protostream-5.0.4.Final.pom (5.0 kB at 384 kB/s)
Base IT (5)	Run base tests	2024-05-22T17:58:03.5515178Z -- [INFO] Downloading from central: https://repo.maven.apache.org/maven2/org/infinispan/protostream/parent/5.0.4.Final/parent-5.0.4.Final.pom
Base IT (5)	Run base tests	2024-05-22T17:58:03.5659828Z -- [INFO] Downloaded from central: https://repo.maven.apache.org/maven2/org/infinispan/protostream/parent/5.0.4.Final/parent-5.0.4.Final.pom (21 kB at 1.4 MB/s)
Base IT (5)	Run base tests	2024-05-22T17:58:03.5713095Z -- [INFO] Downloading from central: https://repo.maven.apache.org/maven2/org/infinispan/protostream/protostream-types/5.0.4.Final/protostream-types-5.0.4.Final.pom
Base IT (5)	Run base tests	2024-05-22T17:58:03.5841938Z -- [INFO] Downloaded from central: https://repo.maven.apache.org/maven2/org/infinispan/protostream/protostream-types/5.0.4.Final/protostream-types-5.0.4.Final.pom (3.4 kB at 265 kB/s)
Base IT (5)	Run base tests	2024-05-22T17:58:03.5882823Z -- [INFO] Downloading from central: https://repo.maven.apache.org/maven2/org/infinispan/protostream/protostream-processor/5.0.4.Final/protostream-processor-5.0.4.Final.pom
Base IT (5)	Run base tests	2024-05-22T17:58:03.6019748Z -- [INFO] Downloaded from central: https://repo.maven.apache.org/maven2/org/infinispan/protostream/protostream-processor/5.0.4.Final/protostream-processor-5.0.4.Final.pom (2.8 kB at 213 kB/s)
Base IT (5)	Run base tests	2024-05-22T17:58:03.6054362Z -- [INFO] Downloading from central: https://repo.maven.apache.org/maven2/org/jgroups/jgroups/5.3.6.Final/jgroups-5.3.6.Final.pom
Base IT (5)	Run base tests	2024-05-22T17:58:03.6196784Z -- [INFO] Downloaded from central: https://repo.maven.apache.org/maven2/org/jgroups/jgroups/5.3.6.Final/jgroups-5.3.6.Final.pom (21 kB at 1.5 MB/s)
Base IT (5)	Run base tests	2024-05-22T17:58:03.6232780Z -- [INFO] Artifact org.jboss:jboss-parent:pom:36 is present in the local repository, but cached from a remote repository ID that is unavailable in current build context, verifying that is downloadable from [central (https://repo.maven.apache.org/maven2, default, releases)]
Base IT (5)	Run base tests	2024-05-22T17:58:03.6278539Z -- [INFO] Artifact org.jboss:jboss-parent:pom:36 is present in the local repository, but cached from a remote repository ID that is unavailable in current build context, verifying that is downloadable from [central (https://repo.maven.apache.org/maven2, default, releases)]
Base IT (5)	Run base tests	2024-05-22T17:58:03.6299536Z -- [INFO] Downloading from central: https://repo.maven.apache.org/maven2/org/jboss/jboss-parent/36/jboss-parent-36.pom
Base IT (5)	Run base tests	2024-05-22T17:58:03.6415091Z -- [INFO] Downloaded from central: https://repo.maven.apache.org/maven2/org/jboss/jboss-parent/36/jboss-parent-36.pom (0 B at 0 B/s)
Base IT (5)	Run base tests	2024-05-22T17:58:03.6475155Z -- [INFO] Artifact org.jboss:jboss-parent:pom:34 is present in the local repository, but cached from a remote repository ID that is unavailable in current build context, verifying that is downloadable from [central (https://repo.maven.apache.org/maven2, default, releases)]
Base IT (5)	Run base tests	2024-05-22T17:58:03.6480748Z -- [INFO] Artifact org.jboss:jboss-parent:pom:34 is present in the local repository, but cached from a remote repository ID that is unavailable in current build context, verifying that is downloadable from [central (https://repo.maven.apache.org/maven2, default, releases)]
Base IT (5)	Run base tests	2024-05-22T17:58:03.6495811Z -- [INFO] Downloading from central: https://repo.maven.apache.org/maven2/org/jboss/jboss-parent/34/jboss-parent-34.pom
Base IT (5)	Run base tests	2024-05-22T17:58:03.6610898Z -- [INFO] Downloaded from central: https://repo.maven.apache.org/maven2/org/jboss/jboss-parent/34/jboss-parent-34.pom (0 B at 0 B/s)
Base IT (5)	Run base tests	2024-05-22T17:58:03.6656245Z -- [INFO] Downloading from central: https://repo.maven.apache.org/maven2/org/infinispan/infinispan-cachestore-remote/15.0.4.Final/infinispan-cachestore-remote-15.0.4.Final.pom
Base IT (5)	Run base tests	2024-05-22T17:58:03.6806504Z -- [INFO] Downloaded from central: https://repo.maven.apache.org/maven2/org/infinispan/infinispan-cachestore-remote/15.0.4.Final/infinispan-cachestore-remote-15.0.4.Final.pom (6.4 kB at 426 kB/s)
Base IT (5)	Run base tests	2024-05-22T17:58:03.6838220Z -- [INFO] Downloading from central: https://repo.maven.apache.org/maven2/org/infinispan/infinispan-persistence-parent/15.0.4.Final/infinispan-persistence-parent-15.0.4.Final.pom
Base IT (5)	Run base tests	2024-05-22T17:58:03.6959533Z -- [INFO] Downloaded from central: https://repo.maven.apache.org/maven2/org/infinispan/infinispan-persistence-parent/15.0.4.Final/infinispan-persistence-parent-15.0.4.Final.pom (1.2 kB at 101 kB/s)
Base IT (5)	Run base tests	2024-05-22T17:58:03.7022996Z -- [INFO] Downloading from central: https://repo.maven.apache.org/maven2/org/infinispan/infinispan-client-hotrod/15.0.4.Final/infinispan-client-hotrod-15.0.4.Final.pom
Base IT (5)	Run base tests	2024-05-22T17:58:03.7153673Z -- [INFO] Downloaded from central: https://repo.maven.apache.org/maven2/org/infinispan/infinispan-client-hotrod/15.0.4.Final/infinispan-client-hotrod-15.0.4.Final.pom (11 kB at 830 kB/s)
Base IT (5)	Run base tests	2024-05-22T17:58:03.7883942Z -- [INFO] Downloading from central: https://repo.maven.apache.org/maven2/org/infinispan/infinispan-multimap/15.0.4.Final/infinispan-multimap-15.0.4.Final.pom
Base IT (5)	Run base tests	2024-05-22T17:58:03.8006536Z -- [INFO] Downloaded from central: https://repo.maven.apache.org/maven2/org/infinispan/infinispan-multimap/15.0.4.Final/infinispan-multimap-15.0.4.Final.pom (4.2 kB at 348 kB/s)
Base IT (5)	Run base tests	2024-05-22T17:58:03.8056175Z -- [INFO] Downloading from central: https://repo.maven.apache.org/maven2/org/infinispan/infinispan-jboss-marshalling/15.0.4.Final/infinispan-jboss-marshalling-15.0.4.Final.pom
Base IT (5)	Run base tests	2024-05-22T17:58:03.8182789Z -- [INFO] Downloaded from central: https://repo.maven.apache.org/maven2/org/infinispan/infinispan-jboss-marshalling/15.0.4.Final/infinispan-jboss-marshalling-15.0.4.Final.pom (2.7 kB at 211 kB/s)
Base IT (5)	Run base tests	2024-05-22T17:58:04.0055589Z -- [INFO] Downloading from central: https://repo.maven.apache.org/maven2/org/infinispan/infinispan-tasks-api/15.0.4.Final/infinispan-tasks-api-15.0.4.Final.pom
Base IT (5)	Run base tests	2024-05-22T17:58:04.0172843Z -- [INFO] Downloaded from central: https://repo.maven.apache.org/maven2/org/infinispan/infinispan-tasks-api/15.0.4.Final/infinispan-tasks-api-15.0.4.Final.pom (1.3 kB at 108 kB/s)
Base IT (5)	Run base tests	2024-05-22T17:58:04.1359067Z -- [INFO] Downloading from central: https://repo.maven.apache.org/maven2/org/infinispan/infinispan-server-hotrod/15.0.4.Final/infinispan-server-hotrod-15.0.4.Final.pom
Base IT (5)	Run base tests	2024-05-22T17:58:04.1478969Z -- [INFO] Downloaded from central: https://repo.maven.apache.org/maven2/org/infinispan/infinispan-server-hotrod/15.0.4.Final/infinispan-server-hotrod-15.0.4.Final.pom (4.3 kB at 362 kB/s)
Base IT (5)	Run base tests	2024-05-22T17:58:04.1499734Z -- [INFO] Downloading from central: https://repo.maven.apache.org/maven2/org/infinispan/infinispan-server-parent/15.0.4.Final/infinispan-server-parent-15.0.4.Final.pom
Base IT (5)	Run base tests	2024-05-22T17:58:04.1611540Z -- [INFO] Downloaded from central: https://repo.maven.apache.org/maven2/org/infinispan/infinispan-server-parent/15.0.4.Final/infinispan-server-parent-15.0.4.Final.pom (1.5 kB at 133 kB/s)
Base IT (5)	Run base tests	2024-05-22T17:58:04.1681806Z -- [INFO] Downloading from central: https://repo.maven.apache.org/maven2/org/infinispan/infinispan-server-core/15.0.4.Final/infinispan-server-core-15.0.4.Final.pom
Base IT (5)	Run base tests	2024-05-22T17:58:04.1794948Z -- [INFO] Downloaded from central: https://repo.maven.apache.org/maven2/org/infinispan/infinispan-server-core/15.0.4.Final/infinispan-server-core-15.0.4.Final.pom (7.6 kB at 690 kB/s)
Base IT (5)	Run base tests	2024-05-22T17:58:04.1861160Z -- [INFO] Downloading from central: https://repo.maven.apache.org/maven2/org/infinispan/infinispan-tasks/15.0.4.Final/infinispan-tasks-15.0.4.Final.pom
Base IT (5)	Run base tests	2024-05-22T17:58:04.1983765Z -- [INFO] Downloaded from central: https://repo.maven.apache.org/maven2/org/infinispan/infinispan-tasks/15.0.4.Final/infinispan-tasks-15.0.4.Final.pom (3.0 kB at 248 kB/s)
Base IT (5)	Run base tests	2024-05-22T17:58:04.2187416Z -- [INFO] Downloading from central: https://repo.maven.apache.org/maven2/org/infinispan/infinispan-clustered-counter/15.0.4.Final/infinispan-clustered-counter-15.0.4.Final.pom
Base IT (5)	Run base tests	2024-05-22T17:58:04.2305981Z -- [INFO] Downloaded from central: https://repo.maven.apache.org/maven2/org/infinispan/infinispan-clustered-counter/15.0.4.Final/infinispan-clustered-counter-15.0.4.Final.pom (4.7 kB at 429 kB/s)
Base IT (5)	Run base tests	2024-05-22T17:58:04.3295463Z -- [INFO] Artifact org.jboss.shrinkwrap.resolver:shrinkwrap-resolver-spi:pom:3.2.1 is present in the local repository, but cached from a remote repository ID that is unavailable in current build context, verifying that is downloadable from [central (https://repo.maven.apache.org/maven2, default, releases)]
Base IT (5)	Run base tests	2024-05-22T17:58:04.3301928Z -- [INFO] Artifact org.jboss.shrinkwrap.resolver:shrinkwrap-resolver-spi:pom:3.2.1 is present in the local repository, but cached from a remote repository ID that is unavailable in current build context, verifying that is downloadable from [central (https://repo.maven.apache.org/maven2, default, releases)]
Base IT (5)	Run base tests	2024-05-22T17:58:04.3314670Z -- [INFO] Downloading from central: https://repo.maven.apache.org/maven2/org/jboss/shrinkwrap/resolver/shrinkwrap-resolver-spi/3.2.1/shrinkwrap-resolver-spi-3.2.1.pom
Base IT (5)	Run base tests	2024-05-22T17:58:04.3424145Z -- [INFO] Downloaded from central: https://repo.maven.apache.org/maven2/org/jboss/shrinkwrap/resolver/shrinkwrap-resolver-spi/3.2.1/shrinkwrap-resolver-spi-3.2.1.pom (0 B at 0 B/s)
Base IT (5)	Run base tests	2024-05-22T17:58:04.3472515Z -- [INFO] Artifact org.jboss.shrinkwrap.resolver:shrinkwrap-resolver-spi-maven:pom:3.2.1 is present in the local repository, but cached from a remote repository ID that is unavailable in current build context, verifying that is downloadable from [central (https://repo.maven.apache.org/maven2, default, releases)]
Base IT (5)	Run base tests	2024-05-22T17:58:04.3478092Z -- [INFO] Artifact org.jboss.shrinkwrap.resolver:shrinkwrap-resolver-spi-maven:pom:3.2.1 is present in the local repository, but cached from a remote repository ID that is unavailable in current build context, verifying that is downloadable from [central (https://repo.maven.apache.org/maven2, default, releases)]
Base IT (5)	Run base tests	2024-05-22T17:58:04.3482778Z -- [INFO] Downloading from central: https://repo.maven.apache.org/maven2/org/jboss/shrinkwrap/resolver/shrinkwrap-resolver-spi-maven/3.2.1/shrinkwrap-resolver-spi-maven-3.2.1.pom
Base IT (5)	Run base tests	2024-05-22T17:58:04.3568315Z -- [INFO] Downloaded from central: https://repo.maven.apache.org/maven2/org/jboss/shrinkwrap/resolver/shrinkwrap-resolver-spi-maven/3.2.1/shrinkwrap-resolver-spi-maven-3.2.1.pom (0 B at 0 B/s)
Base IT (5)	Run base tests	2024-05-22T17:58:04.3597123Z -- [INFO] Artifact org.jboss.shrinkwrap.resolver:shrinkwrap-resolver-api-maven-archive:pom:3.2.1 is present in the local repository, but cached from a remote repository ID that is unavailable in current build context, verifying that is downloadable from [central (https://repo.maven.apache.org/maven2, default, releases)]
Base IT (5)	Run base tests	2024-05-22T17:58:04.3603167Z -- [INFO] Artifact org.jboss.shrinkwrap.resolver:shrinkwrap-resolver-api-maven-archive:pom:3.2.1 is present in the local repository, but cached from a remote repository ID that is unavailable in current build context, verifying that is downloadable from [central (https://repo.maven.apache.org/maven2, default, releases)]
Base IT (5)	Run base tests	2024-05-22T17:58:04.3608381Z -- [INFO] Downloading from central: https://repo.maven.apache.org/maven2/org/jboss/shrinkwrap/resolver/shrinkwrap-resolver-api-maven-archive/3.2.1/shrinkwrap-resolver-api-maven-archive-3.2.1.pom
Base IT (5)	Run base tests	2024-05-22T17:58:04.3716644Z -- [INFO] Downloaded from central: https://repo.maven.apache.org/maven2/org/jboss/shrinkwrap/resolver/shrinkwrap-resolver-api-maven-archive/3.2.1/shrinkwrap-resolver-api-maven-archive-3.2.1.pom (0 B at 0 B/s)
Base IT (5)	Run base tests	2024-05-22T17:58:04.3743964Z -- [INFO] Artifact org.jboss.shrinkwrap.resolver:shrinkwrap-resolver-impl-maven:pom:3.2.1 is present in the local repository, but cached from a remote repository ID that is unavailable in current build context, verifying that is downloadable from [central (https://repo.maven.apache.org/maven2, default, releases)]
Base IT (5)	Run base tests	2024-05-22T17:58:04.3755940Z -- [INFO] Artifact org.jboss.shrinkwrap.resolver:shrinkwrap-resolver-impl-maven:pom:3.2.1 is present in the local repository, but cached from a remote repository ID that is unavailable in current build context, verifying that is downloadable from [central (https://repo.maven.apache.org/maven2, default, releases)]
Base IT (5)	Run base tests	2024-05-22T17:58:04.3760057Z -- [INFO] Downloading from central: https://repo.maven.apache.org/maven2/org/jboss/shrinkwrap/resolver/shrinkwrap-resolver-impl-maven/3.2.1/shrinkwrap-resolver-impl-maven-3.2.1.pom
Base IT (5)	Run base tests	2024-05-22T17:58:04.3863491Z -- [INFO] Downloaded from central: https://repo.maven.apache.org/maven2/org/jboss/shrinkwrap/resolver/shrinkwrap-resolver-impl-maven/3.2.1/shrinkwrap-resolver-impl-maven-3.2.1.pom (0 B at 0 B/s)
Base IT (5)	Run base tests	2024-05-22T17:58:04.4237386Z -- [INFO] Artifact org.jboss.shrinkwrap.resolver:shrinkwrap-resolver-impl-maven-archive:pom:3.2.1 is present in the local repository, but cached from a remote repository ID that is unavailable in current build context, verifying that is downloadable from [central (https://repo.maven.apache.org/maven2, default, releases)]
Base IT (5)	Run base tests	2024-05-22T17:58:04.4247622Z -- [INFO] Artifact org.jboss.shrinkwrap.resolver:shrinkwrap-resolver-impl-maven-archive:pom:3.2.1 is present in the local repository, but cached from a remote repository ID that is unavailable in current build context, verifying that is downloadable from [central (https://repo.maven.apache.org/maven2, default, releases)]
Base IT (5)	Run base tests	2024-05-22T17:58:04.4255967Z -- [INFO] Downloading from central: https://repo.maven.apache.org/maven2/org/jboss/shrinkwrap/resolver/shrinkwrap-resolver-impl-maven-archive/3.2.1/shrinkwrap-resolver-impl-maven-archive-3.2.1.pom
Base IT (5)	Run base tests	2024-05-22T17:58:04.4358957Z -- [INFO] Downloaded from central: https://repo.maven.apache.org/maven2/org/jboss/shrinkwrap/resolver/shrinkwrap-resolver-impl-maven-archive/3.2.1/shrinkwrap-resolver-impl-maven-archive-3.2.1.pom (0 B at 0 B/s)
Base IT (5)	Run base tests	2024-05-22T17:58:04.4383504Z -- [INFO] Artifact org.jboss.shrinkwrap.resolver:shrinkwrap-resolver-spi-maven-archive:pom:3.2.1 is present in the local repository, but cached from a remote repository ID that is unavailable in current build context, verifying that is downloadable from [central (https://repo.maven.apache.org/maven2, default, releases)]
Base IT (5)	Run base tests	2024-05-22T17:58:04.4394383Z -- [INFO] Artifact org.jboss.shrinkwrap.resolver:shrinkwrap-resolver-spi-maven-archive:pom:3.2.1 is present in the local repository, but cached from a remote repository ID that is unavailable in current build context, verifying that is downloadable from [central (https://repo.maven.apache.org/maven2, default, releases)]
Base IT (5)	Run base tests	2024-05-22T17:58:04.4410431Z -- [INFO] Downloading from central: https://repo.maven.apache.org/maven2/org/jboss/shrinkwrap/resolver/shrinkwrap-resolver-spi-maven-archive/3.2.1/shrinkwrap-resolver-spi-maven-archive-3.2.1.pom
Base IT (5)	Run base tests	2024-05-22T17:58:04.4565436Z -- [INFO] Downloaded from central: https://repo.maven.apache.org/maven2/org/jboss/shrinkwrap/resolver/shrinkwrap-resolver-spi-maven-archive/3.2.1/shrinkwrap-resolver-spi-maven-archive-3.2.1.pom (0 B at 0 B/s)
Base IT (5)	Run base tests	2024-05-22T17:58:05.1479639Z -- [INFO] Downloading from central: https://repo.maven.apache.org/maven2/org/infinispan/infinispan-tasks-api/15.0.4.Final/infinispan-tasks-api-15.0.4.Final.jar
Base IT (5)	Run base tests	2024-05-22T17:58:05.1599837Z -- [INFO] Downloaded from central: https://repo.maven.apache.org/maven2/org/infinispan/infinispan-tasks-api/15.0.4.Final/infinispan-tasks-api-15.0.4.Final.jar (9.4 kB at 784 kB/s)
Base IT (5)	Run base tests	2024-05-22T17:58:05.1617450Z -- [INFO] Downloading from central: https://repo.maven.apache.org/maven2/org/infinispan/infinispan-server-hotrod/15.0.4.Final/infinispan-server-hotrod-15.0.4.Final.jar
Base IT (5)	Run base tests	2024-05-22T17:58:05.1620773Z -- [INFO] Downloading from central: https://repo.maven.apache.org/maven2/org/infinispan/infinispan-server-core/15.0.4.Final/infinispan-server-core-15.0.4.Final.jar
Base IT (5)	Run base tests	2024-05-22T17:58:05.1648030Z -- [INFO] Downloading from central: https://repo.maven.apache.org/maven2/org/infinispan/infinispan-tasks/15.0.4.Final/infinispan-tasks-15.0.4.Final.jar
Base IT (5)	Run base tests	2024-05-22T17:58:05.1658344Z -- [INFO] Downloading from central: https://repo.maven.apache.org/maven2/org/infinispan/infinispan-clustered-counter/15.0.4.Final/infinispan-clustered-counter-15.0.4.Final.jar
Base IT (5)	Run base tests	2024-05-22T17:58:05.1673043Z -- [INFO] Downloading from central: https://repo.maven.apache.org/maven2/org/infinispan/infinispan-multimap/15.0.4.Final/infinispan-multimap-15.0.4.Final.jar
Base IT (5)	Run base tests	2024-05-22T17:58:05.2070141Z -- [INFO] Downloaded from central: https://repo.maven.apache.org/maven2/org/infinispan/infinispan-tasks/15.0.4.Final/infinispan-tasks-15.0.4.Final.jar (24 kB at 527 kB/s)
Base IT (5)	Run base tests	2024-05-22T17:58:05.2073448Z -- [INFO] Downloading from central: https://repo.maven.apache.org/maven2/org/infinispan/protostream/protostream/5.0.4.Final/protostream-5.0.4.Final.jar
Base IT (5)	Run base tests	2024-05-22T17:58:05.2096062Z -- [INFO] Downloaded from central: https://repo.maven.apache.org/maven2/org/infinispan/infinispan-server-core/15.0.4.Final/infinispan-server-core-15.0.4.Final.jar (336 kB at 6.9 MB/s)
Base IT (5)	Run base tests	2024-05-22T17:58:05.2105129Z -- [INFO] Downloading from central: https://repo.maven.apache.org/maven2/org/infinispan/protostream/protostream-types/5.0.4.Final/protostream-types-5.0.4.Final.jar
Base IT (5)	Run base tests	2024-05-22T17:58:05.2503999Z -- [INFO] Downloaded from central: https://repo.maven.apache.org/maven2/org/infinispan/infinispan-clustered-counter/15.0.4.Final/infinispan-clustered-counter-15.0.4.Final.jar (174 kB at 2.0 MB/s)
Base IT (5)	Run base tests	2024-05-22T17:58:05.2507873Z -- [INFO] Downloading from central: https://repo.maven.apache.org/maven2/org/infinispan/protostream/protostream-processor/5.0.4.Final/protostream-processor-5.0.4.Final.jar
Base IT (5)	Run base tests	2024-05-22T17:58:05.2667551Z -- [INFO] Downloaded from central: https://repo.maven.apache.org/maven2/org/infinispan/protostream/protostream-types/5.0.4.Final/protostream-types-5.0.4.Final.jar (121 kB at 1.3 MB/s)
Base IT (5)	Run base tests	2024-05-22T17:58:05.2671793Z -- [INFO] Downloading from central: https://repo.maven.apache.org/maven2/org/infinispan/infinispan-cachestore-remote/15.0.4.Final/infinispan-cachestore-remote-15.0.4.Final.jar
Base IT (5)	Run base tests	2024-05-22T17:58:05.2682149Z -- [INFO] Downloaded from central: https://repo.maven.apache.org/maven2/org/infinispan/protostream/protostream-processor/5.0.4.Final/protostream-processor-5.0.4.Final.jar (85 kB at 852 kB/s)
Base IT (5)	Run base tests	2024-05-22T17:58:05.2691865Z -- [INFO] Downloading from central: https://repo.maven.apache.org/maven2/org/infinispan/infinispan-client-hotrod/15.0.4.Final/infinispan-client-hotrod-15.0.4.Final.jar
Base IT (5)	Run base tests	2024-05-22T17:58:05.2783784Z -- [INFO] Downloaded from central: https://repo.maven.apache.org/maven2/org/infinispan/infinispan-server-hotrod/15.0.4.Final/infinispan-server-hotrod-15.0.4.Final.jar (324 kB at 2.7 MB/s)
Base IT (5)	Run base tests	2024-05-22T17:58:05.2788158Z -- [INFO] Downloading from central: https://repo.maven.apache.org/maven2/org/infinispan/infinispan-jboss-marshalling/15.0.4.Final/infinispan-jboss-marshalling-15.0.4.Final.jar
Base IT (5)	Run base tests	2024-05-22T17:58:05.2857218Z -- [INFO] Downloaded from central: https://repo.maven.apache.org/maven2/org/infinispan/infinispan-cachestore-remote/15.0.4.Final/infinispan-cachestore-remote-15.0.4.Final.jar (142 kB at 1.2 MB/s)
Base IT (5)	Run base tests	2024-05-22T17:58:05.2863859Z -- [INFO] Downloaded from central: https://repo.maven.apache.org/maven2/org/infinispan/infinispan-multimap/15.0.4.Final/infinispan-multimap-15.0.4.Final.jar (209 kB at 1.8 MB/s)
Base IT (5)	Run base tests	2024-05-22T17:58:05.2867886Z -- [INFO] Downloading from central: https://repo.maven.apache.org/maven2/com/googlecode/owasp-java-html-sanitizer/java8-shim/20240325.1/java8-shim-20240325.1.jar
Base IT (5)	Run base tests	2024-05-22T17:58:05.2893675Z -- [INFO] Downloading from central: https://repo.maven.apache.org/maven2/com/googlecode/owasp-java-html-sanitizer/owasp-java-html-sanitizer/20240325.1/owasp-java-html-sanitizer-20240325.1.jar
Base IT (5)	Run base tests	2024-05-22T17:58:05.2947446Z -- [INFO] Downloaded from central: https://repo.maven.apache.org/maven2/org/infinispan/protostream/protostream/5.0.4.Final/protostream-5.0.4.Final.jar (485 kB at 3.8 MB/s)
Base IT (5)	Run base tests	2024-05-22T17:58:05.2952285Z -- [INFO] Downloading from central: https://repo.maven.apache.org/maven2/com/googlecode/owasp-java-html-sanitizer/java10-shim/20240325.1/java10-shim-20240325.1.jar
Base IT (5)	Run base tests	2024-05-22T17:58:05.2974881Z -- [INFO] Downloaded from central: https://repo.maven.apache.org/maven2/com/googlecode/owasp-java-html-sanitizer/java8-shim/20240325.1/java8-shim-20240325.1.jar (12 kB at 89 kB/s)
Base IT (5)	Run base tests	2024-05-22T17:58:05.2977819Z -- [INFO] Downloading from central: https://repo.maven.apache.org/maven2/org/infinispan/infinispan-core/15.0.4.Final/infinispan-core-15.0.4.Final.jar
Base IT (5)	Run base tests	2024-05-22T17:58:05.2981246Z -- [INFO] Downloaded from central: https://repo.maven.apache.org/maven2/org/infinispan/infinispan-jboss-marshalling/15.0.4.Final/infinispan-jboss-marshalling-15.0.4.Final.jar (30 kB at 228 kB/s)
Base IT (5)	Run base tests	2024-05-22T17:58:05.2984607Z -- [INFO] Downloading from central: https://repo.maven.apache.org/maven2/org/infinispan/infinispan-commons/15.0.4.Final/infinispan-commons-15.0.4.Final.jar
Base IT (5)	Run base tests	2024-05-22T17:58:05.3095673Z -- [INFO] Downloaded from central: https://repo.maven.apache.org/maven2/com/googlecode/owasp-java-html-sanitizer/java10-shim/20240325.1/java10-shim-20240325.1.jar (3.9 kB at 27 kB/s)
Base IT (5)	Run base tests	2024-05-22T17:58:05.3098934Z -- [INFO] Downloading from central: https://repo.maven.apache.org/maven2/org/jgroups/jgroups/5.3.6.Final/jgroups-5.3.6.Final.jar
Base IT (5)	Run base tests	2024-05-22T17:58:05.3244292Z -- [INFO] Downloaded from central: https://repo.maven.apache.org/maven2/com/googlecode/owasp-java-html-sanitizer/owasp-java-html-sanitizer/20240325.1/owasp-java-html-sanitizer-20240325.1.jar (242 kB at 1.5 MB/s)
Base IT (5)	Run base tests	2024-05-22T17:58:05.3257044Z -- [INFO] Downloaded from central: https://repo.maven.apache.org/maven2/org/infinispan/infinispan-client-hotrod/15.0.4.Final/infinispan-client-hotrod-15.0.4.Final.jar (698 kB at 4.4 MB/s)
Base IT (5)	Run base tests	2024-05-22T17:58:05.3403763Z -- [INFO] Downloaded from central: https://repo.maven.apache.org/maven2/org/infinispan/infinispan-commons/15.0.4.Final/infinispan-commons-15.0.4.Final.jar (820 kB at 4.7 MB/s)
Base IT (5)	Run base tests	2024-05-22T17:58:05.4086566Z -- [INFO] Downloaded from central: https://repo.maven.apache.org/maven2/org/infinispan/infinispan-core/15.0.4.Final/infinispan-core-15.0.4.Final.jar (5.4 MB at 22 MB/s)
Base IT (5)	Run base tests	2024-05-22T17:58:05.4206064Z -- [INFO] ------------------------------------------------------------------------
Base IT (5)	Run base tests	2024-05-22T17:58:05.4207555Z -- [INFO] BUILD FAILURE
Base IT (5)	Run base tests	2024-05-22T17:58:05.4209056Z -- [INFO] ------------------------------------------------------------------------
Base IT (5)	Run base tests	2024-05-22T17:58:05.4211059Z -- [INFO] Total time:  4.204 s
Base IT (5)	Run base tests	2024-05-22T17:58:05.4215418Z -- [INFO] Finished at: 2024-05-22T17:58:05Z
Base IT (5)	Run base tests	2024-05-22T17:58:05.4222057Z -- [INFO] ------------------------------------------------------------------------
Base IT (5)	Run base tests	2024-05-22T17:58:05.4240079Z -- [ERROR] Failed to execute goal on project integration-arquillian-tests-base: Could not resolve dependencies for project org.keycloak.testsuite:integration-arquillian-tests-base:jar:999.0.0-SNAPSHOT: The following artifacts could not be resolved: org.jgroups:jgroups:jar:5.3.6.Final (absent): Could not transfer artifact org.jgroups:jgroups:jar:5.3.6.Final from/to central (https://repo.maven.apache.org/maven2): status code: 503, reason phrase: Service Unavailable (503) -> [Help 1]
Base IT (5)	Run base tests	2024-05-22T17:58:05.4244946Z -- [ERROR] 
Base IT (5)	Run base tests	2024-05-22T17:58:05.4246096Z -- [ERROR] To see the full stack trace of the errors, re-run Maven with the -e switch.
Base IT (5)	Run base tests	2024-05-22T17:58:05.4248112Z -- [ERROR] Re-run Maven using the -X switch to enable full debug logging.
Base IT (5)	Run base tests	2024-05-22T17:58:05.4249135Z -- [ERROR] 
Base IT (5)	Run base tests	2024-05-22T17:58:05.4250419Z -- [ERROR] For more information about the errors and possible solutions, please read the following articles:
Base IT (5)	Run base tests	2024-05-22T17:58:05.4310956Z -- [ERROR] [Help 1] http://cwiki.apache.org/confluence/display/MAVEN/DependencyResolutionException
Base IT (5)	Run base tests	2024-05-22T17:58:05.4637802Z ##[error]Process completed with exit code 1.
Status Check - Keycloak CI	Run /./.github/actions/status-check	2024-05-22T18:51:31.8720410Z Prepare all required actions
Status Check - Keycloak CI	Run /./.github/actions/status-check	2024-05-22T18:51:31.8820778Z ##[group]Run ./.github/actions/status-check
Status Check - Keycloak CI	Run /./.github/actions/status-check	2024-05-22T18:51:31.8821340Z with:
Status Check - Keycloak CI	Run /./.github/actions/status-check	2024-05-22T18:51:31.8825948Z   jobs: {
Status Check - Keycloak CI	Run /./.github/actions/status-check	  "conditional": {
Status Check - Keycloak CI	Run /./.github/actions/status-check	    "result": "success",
Status Check - Keycloak CI	Run /./.github/actions/status-check	    "outputs": {
Status Check - Keycloak CI	Run /./.github/actions/status-check	      "ci": "true",
Status Check - Keycloak CI	Run /./.github/actions/status-check	      "ci-quarkus": "false",
Status Check - Keycloak CI	Run /./.github/actions/status-check	      "ci-sssd": "false",
Status Check - Keycloak CI	Run /./.github/actions/status-check	      "ci-store": "true",
Status Check - Keycloak CI	Run /./.github/actions/status-check	      "ci-store-matrix": "[\"postgres\",\"mysql\",\"oracle\",\"mssql\",\"mariadb\"]"
Status Check - Keycloak CI	Run /./.github/actions/status-check	    }
Status Check - Keycloak CI	Run /./.github/actions/status-check	  },
Status Check - Keycloak CI	Run /./.github/actions/status-check	  "build": {
Status Check - Keycloak CI	Run /./.github/actions/status-check	    "result": "success",
Status Check - Keycloak CI	Run /./.github/actions/status-check	    "outputs": {}
Status Check - Keycloak CI	Run /./.github/actions/status-check	  },
Status Check - Keycloak CI	Run /./.github/actions/status-check	  "unit-tests": {
Status Check - Keycloak CI	Run /./.github/actions/status-check	    "result": "success",
Status Check - Keycloak CI	Run /./.github/actions/status-check	    "outputs": {}
Status Check - Keycloak CI	Run /./.github/actions/status-check	  },
Status Check - Keycloak CI	Run /./.github/actions/status-check	  "base-integration-tests": {
Status Check - Keycloak CI	Run /./.github/actions/status-check	    "result": "failure",
Status Check - Keycloak CI	Run /./.github/actions/status-check	    "outputs": {}
Status Check - Keycloak CI	Run /./.github/actions/status-check	  },
Status Check - Keycloak CI	Run /./.github/actions/status-check	  "adapter-integration-tests": {
Status Check - Keycloak CI	Run /./.github/actions/status-check	    "result": "success",
Status Check - Keycloak CI	Run /./.github/actions/status-check	    "outputs": {}
Status Check - Keycloak CI	Run /./.github/actions/status-check	  },
Status Check - Keycloak CI	Run /./.github/actions/status-check	  "quarkus-unit-tests": {
Status Check - Keycloak CI	Run /./.github/actions/status-check	    "result": "skipped",
Status Check - Keycloak CI	Run /./.github/actions/status-check	    "outputs": {}
Status Check - Keycloak CI	Run /./.github/actions/status-check	  },
Status Check - Keycloak CI	Run /./.github/actions/status-check	  "quarkus-integration-tests": {
Status Check - Keycloak CI	Run /./.github/actions/status-check	    "result": "success",
Status Check - Keycloak CI	Run /./.github/actions/status-check	    "outputs": {}
Status Check - Keycloak CI	Run /./.github/actions/status-check	  },
Status Check - Keycloak CI	Run /./.github/actions/status-check	  "jdk-integration-tests": {
Status Check - Keycloak CI	Run /./.github/actions/status-check	    "result": "success",
Status Check - Keycloak CI	Run /./.github/actions/status-check	    "outputs": {}
Status Check - Keycloak CI	Run /./.github/actions/status-check	  },
Status Check - Keycloak CI	Run /./.github/actions/status-check	  "store-integration-tests": {
Status Check - Keycloak CI	Run /./.github/actions/status-check	    "result": "success",
Status Check - Keycloak CI	Run /./.github/actions/status-check	    "outputs": {}
Status Check - Keycloak CI	Run /./.github/actions/status-check	  },
Status Check - Keycloak CI	Run /./.github/actions/status-check	  "persistent-sessions-tests": {
Status Check - Keycloak CI	Run /./.github/actions/status-check	    "result": "success",
Status Check - Keycloak CI	Run /./.github/actions/status-check	    "outputs": {}
Status Check - Keycloak CI	Run /./.github/actions/status-check	  },
Status Check - Keycloak CI	Run /./.github/actions/status-check	  "store-model-tests": {
Status Check - Keycloak CI	Run /./.github/actions/status-check	    "result": "success",
Status Check - Keycloak CI	Run /./.github/actions/status-check	    "outputs": {}
Status Check - Keycloak CI	Run /./.github/actions/status-check	  },
Status Check - Keycloak CI	Run /./.github/actions/status-check	  "clustering-integration-tests": {
Status Check - Keycloak CI	Run /./.github/actions/status-check	    "result": "success",
Status Check - Keycloak CI	Run /./.github/actions/status-check	    "outputs": {}
Status Check - Keycloak CI	Run /./.github/actions/status-check	  },
Status Check - Keycloak CI	Run /./.github/actions/status-check	  "fips-unit-tests": {
Status Check - Keycloak CI	Run /./.github/actions/status-check	    "result": "success",
Status Check - Keycloak CI	Run /./.github/actions/status-check	    "outputs": {}
Status Check - Keycloak CI	Run /./.github/actions/status-check	  },
Status Check - Keycloak CI	Run /./.github/actions/status-check	  "fips-integration-tests": {
Status Check - Keycloak CI	Run /./.github/actions/status-check	    "result": "success",
Status Check - Keycloak CI	Run /./.github/actions/status-check	    "outputs": {}
Status Check - Keycloak CI	Run /./.github/actions/status-check	  },
Status Check - Keycloak CI	Run /./.github/actions/status-check	  "forms-integration-tests": {
Status Check - Keycloak CI	Run /./.github/actions/status-check	    "result": "success",
Status Check - Keycloak CI	Run /./.github/actions/status-check	    "outputs": {}
Status Check - Keycloak CI	Run /./.github/actions/status-check	  },
Status Check - Keycloak CI	Run /./.github/actions/status-check	  "webauthn-integration-tests": {
Status Check - Keycloak CI	Run /./.github/actions/status-check	    "result": "success",
Status Check - Keycloak CI	Run /./.github/actions/status-check	    "outputs": {}
Status Check - Keycloak CI	Run /./.github/actions/status-check	  },
Status Check - Keycloak CI	Run /./.github/actions/status-check	  "sssd-unit-tests": {
Status Check - Keycloak CI	Run /./.github/actions/status-check	    "result": "skipped",
Status Check - Keycloak CI	Run /./.github/actions/status-check	    "outputs": {}
Status Check - Keycloak CI	Run /./.github/actions/status-check	  },
Status Check - Keycloak CI	Run /./.github/actions/status-check	  "migration-tests": {
Status Check - Keycloak CI	Run /./.github/actions/status-check	    "result": "success",
Status Check - Keycloak CI	Run /./.github/actions/status-check	    "outputs": {}
Status Check - Keycloak CI	Run /./.github/actions/status-check	  }
Status Check - Keycloak CI	Run /./.github/actions/status-check	}
Status Check - Keycloak CI	Run /./.github/actions/status-check	2024-05-22T18:51:31.8831019Z env:
Status Check - Keycloak CI	Run /./.github/actions/status-check	2024-05-22T18:51:31.8831555Z   MAVEN_ARGS: -B -nsu -Daether.connector.http.connectionMaxTtl=25
Status Check - Keycloak CI	Run /./.github/actions/status-check	2024-05-22T18:51:31.8832142Z   SUREFIRE_RERUN_FAILING_COUNT: 2
Status Check - Keycloak CI	Run /./.github/actions/status-check	2024-05-22T18:51:31.8832616Z   SUREFIRE_RETRY: -Dsurefire.rerunFailingTestsCount=2
Status Check - Keycloak CI	Run /./.github/actions/status-check	2024-05-22T18:51:31.8833176Z ##[endgroup]
Status Check - Keycloak CI	Run /./.github/actions/status-check	2024-05-22T18:51:31.9106384Z ##[group]Run JOBS='{
Status Check - Keycloak CI	Run /./.github/actions/status-check	2024-05-22T18:51:31.9107135Z [36;1mJOBS='{[0m
Status Check - Keycloak CI	Run /./.github/actions/status-check	2024-05-22T18:51:31.9107536Z [36;1m  "conditional": {[0m
Status Check - Keycloak CI	Run /./.github/actions/status-check	2024-05-22T18:51:31.9107938Z [36;1m    "result": "success",[0m
Status Check - Keycloak CI	Run /./.github/actions/status-check	2024-05-22T18:51:31.9108450Z [36;1m    "outputs": {[0m
Status Check - Keycloak CI	Run /./.github/actions/status-check	2024-05-22T18:51:31.9108831Z [36;1m      "ci": "true",[0m
Status Check - Keycloak CI	Run /./.github/actions/status-check	2024-05-22T18:51:31.9109205Z [36;1m      "ci-quarkus": "false",[0m
Status Check - Keycloak CI	Run /./.github/actions/status-check	2024-05-22T18:51:31.9109703Z [36;1m      "ci-sssd": "false",[0m
Status Check - Keycloak CI	Run /./.github/actions/status-check	2024-05-22T18:51:31.9110131Z [36;1m      "ci-store": "true",[0m
Status Check - Keycloak CI	Run /./.github/actions/status-check	2024-05-22T18:51:31.9110771Z [36;1m      "ci-store-matrix": "[\"postgres\",\"mysql\",\"oracle\",\"mssql\",\"mariadb\"]"[0m
Status Check - Keycloak CI	Run /./.github/actions/status-check	2024-05-22T18:51:31.9111573Z [36;1m    }[0m
Status Check - Keycloak CI	Run /./.github/actions/status-check	2024-05-22T18:51:31.9111916Z [36;1m  },[0m
Status Check - Keycloak CI	Run /./.github/actions/status-check	2024-05-22T18:51:31.9112203Z [36;1m  "build": {[0m
Status Check - Keycloak CI	Run /./.github/actions/status-check	2024-05-22T18:51:31.9112645Z [36;1m    "result": "success",[0m
Status Check - Keycloak CI	Run /./.github/actions/status-check	2024-05-22T18:51:31.9113064Z [36;1m    "outputs": {}[0m
Status Check - Keycloak CI	Run /./.github/actions/status-check	2024-05-22T18:51:31.9113389Z [36;1m  },[0m
Status Check - Keycloak CI	Run /./.github/actions/status-check	2024-05-22T18:51:31.9113788Z [36;1m  "unit-tests": {[0m
Status Check - Keycloak CI	Run /./.github/actions/status-check	2024-05-22T18:51:31.9114202Z [36;1m    "result": "success",[0m
Status Check - Keycloak CI	Run /./.github/actions/status-check	2024-05-22T18:51:31.9114562Z [36;1m    "outputs": {}[0m
Status Check - Keycloak CI	Run /./.github/actions/status-check	2024-05-22T18:51:31.9114990Z [36;1m  },[0m
Status Check - Keycloak CI	Run /./.github/actions/status-check	2024-05-22T18:51:31.9115361Z [36;1m  "base-integration-tests": {[0m
Status Check - Keycloak CI	Run /./.github/actions/status-check	2024-05-22T18:51:31.9115754Z [36;1m    "result": "failure",[0m
Status Check - Keycloak CI	Run /./.github/actions/status-check	2024-05-22T18:51:31.9116288Z [36;1m    "outputs": {}[0m
Status Check - Keycloak CI	Run /./.github/actions/status-check	2024-05-22T18:51:31.9116660Z [36;1m  },[0m
Status Check - Keycloak CI	Run /./.github/actions/status-check	2024-05-22T18:51:31.9116984Z [36;1m  "adapter-integration-tests": {[0m
Status Check - Keycloak CI	Run /./.github/actions/status-check	2024-05-22T18:51:31.9117497Z [36;1m    "result": "success",[0m
Status Check - Keycloak CI	Run /./.github/actions/status-check	2024-05-22T18:51:31.9117907Z [36;1m    "outputs": {}[0m
Status Check - Keycloak CI	Run /./.github/actions/status-check	2024-05-22T18:51:31.9118480Z [36;1m  },[0m
Status Check - Keycloak CI	Run /./.github/actions/status-check	2024-05-22T18:51:31.9118930Z [36;1m  "quarkus-unit-tests": {[0m
Status Check - Keycloak CI	Run /./.github/actions/status-check	2024-05-22T18:51:31.9119351Z [36;1m    "result": "skipped",[0m
Status Check - Keycloak CI	Run /./.github/actions/status-check	2024-05-22T18:51:31.9119745Z [36;1m    "outputs": {}[0m
Status Check - Keycloak CI	Run /./.github/actions/status-check	2024-05-22T18:51:31.9120149Z [36;1m  },[0m
Status Check - Keycloak CI	Run /./.github/actions/status-check	2024-05-22T18:51:31.9120504Z [36;1m  "quarkus-integration-tests": {[0m
Status Check - Keycloak CI	Run /./.github/actions/status-check	2024-05-22T18:51:31.9121030Z [36;1m    "result": "success",[0m
Status Check - Keycloak CI	Run /./.github/actions/status-check	2024-05-22T18:51:31.9121720Z [36;1m    "outputs": {}[0m
Status Check - Keycloak CI	Run /./.github/actions/status-check	2024-05-22T18:51:31.9122093Z [36;1m  },[0m
Status Check - Keycloak CI	Run /./.github/actions/status-check	2024-05-22T18:51:31.9122458Z [36;1m  "jdk-integration-tests": {[0m
Status Check - Keycloak CI	Run /./.github/actions/status-check	2024-05-22T18:51:31.9122919Z [36;1m    "result": "success",[0m
Status Check - Keycloak CI	Run /./.github/actions/status-check	2024-05-22T18:51:31.9123318Z [36;1m    "outputs": {}[0m
Status Check - Keycloak CI	Run /./.github/actions/status-check	2024-05-22T18:51:31.9123688Z [36;1m  },[0m
Status Check - Keycloak CI	Run /./.github/actions/status-check	2024-05-22T18:51:31.9124071Z [36;1m  "store-integration-tests": {[0m
Status Check - Keycloak CI	Run /./.github/actions/status-check	2024-05-22T18:51:31.9124503Z [36;1m    "result": "success",[0m
Status Check - Keycloak CI	Run /./.github/actions/status-check	2024-05-22T18:51:31.9124912Z [36;1m    "outputs": {}[0m
Status Check - Keycloak CI	Run /./.github/actions/status-check	2024-05-22T18:51:31.9125306Z [36;1m  },[0m
Status Check - Keycloak CI	Run /./.github/actions/status-check	2024-05-22T18:51:31.9125685Z [36;1m  "persistent-sessions-tests": {[0m
Status Check - Keycloak CI	Run /./.github/actions/status-check	2024-05-22T18:51:31.9126194Z [36;1m    "result": "success",[0m
Status Check - Keycloak CI	Run /./.github/actions/status-check	2024-05-22T18:51:31.9126857Z [36;1m    "outputs": {}[0m
Status Check - Keycloak CI	Run /./.github/actions/status-check	2024-05-22T18:51:31.9127256Z [36;1m  },[0m
Status Check - Keycloak CI	Run /./.github/actions/status-check	2024-05-22T18:51:31.9127590Z [36;1m  "store-model-tests": {[0m
Status Check - Keycloak CI	Run /./.github/actions/status-check	2024-05-22T18:51:31.9128029Z [36;1m    "result": "success",[0m
Status Check - Keycloak CI	Run /./.github/actions/status-check	2024-05-22T18:51:31.9128442Z [36;1m    "outputs": {}[0m
Status Check - Keycloak CI	Run /./.github/actions/status-check	2024-05-22T18:51:31.9128800Z [36;1m  },[0m
Status Check - Keycloak CI	Run /./.github/actions/status-check	2024-05-22T18:51:31.9129199Z [36;1m  "clustering-integration-tests": {[0m
Status Check - Keycloak CI	Run /./.github/actions/status-check	2024-05-22T18:51:31.9129667Z [36;1m    "result": "success",[0m
Status Check - Keycloak CI	Run /./.github/actions/status-check	2024-05-22T18:51:31.9130054Z [36;1m    "outputs": {}[0m
Status Check - Keycloak CI	Run /./.github/actions/status-check	2024-05-22T18:51:31.9130583Z [36;1m  },[0m
Status Check - Keycloak CI	Run /./.github/actions/status-check	2024-05-22T18:51:31.9130955Z [36;1m  "fips-unit-tests": {[0m
Status Check - Keycloak CI	Run /./.github/actions/status-check	2024-05-22T18:51:31.9131353Z [36;1m    "result": "success",[0m
Status Check - Keycloak CI	Run /./.github/actions/status-check	2024-05-22T18:51:31.9131838Z [36;1m    "outputs": {}[0m
Status Check - Keycloak CI	Run /./.github/actions/status-check	2024-05-22T18:51:31.9132156Z [36;1m  },[0m
Status Check - Keycloak CI	Run /./.github/actions/status-check	2024-05-22T18:51:31.9132500Z [36;1m  "fips-integration-tests": {[0m
Status Check - Keycloak CI	Run /./.github/actions/status-check	2024-05-22T18:51:31.9133007Z [36;1m    "result": "success",[0m
Status Check - Keycloak CI	Run /./.github/actions/status-check	2024-05-22T18:51:31.9133370Z [36;1m    "outputs": {}[0m
Status Check - Keycloak CI	Run /./.github/actions/status-check	2024-05-22T18:51:31.9133720Z [36;1m  },[0m
Status Check - Keycloak CI	Run /./.github/actions/status-check	2024-05-22T18:51:31.9134172Z [36;1m  "forms-integration-tests": {[0m
Status Check - Keycloak CI	Run /./.github/actions/status-check	2024-05-22T18:51:31.9134573Z [36;1m    "result": "success",[0m
Status Check - Keycloak CI	Run /./.github/actions/status-check	2024-05-22T18:51:31.9134962Z [36;1m    "outputs": {}[0m
Status Check - Keycloak CI	Run /./.github/actions/status-check	2024-05-22T18:51:31.9135395Z [36;1m  },[0m
Status Check - Keycloak CI	Run /./.github/actions/status-check	2024-05-22T18:51:31.9135776Z [36;1m  "webauthn-integration-tests": {[0m
Status Check - Keycloak CI	Run /./.github/actions/status-check	2024-05-22T18:51:31.9136227Z [36;1m    "result": "success",[0m
Status Check - Keycloak CI	Run /./.github/actions/status-check	2024-05-22T18:51:31.9136695Z [36;1m    "outputs": {}[0m
Status Check - Keycloak CI	Run /./.github/actions/status-check	2024-05-22T18:51:31.9137011Z [36;1m  },[0m
Status Check - Keycloak CI	Run /./.github/actions/status-check	2024-05-22T18:51:31.9137354Z [36;1m  "sssd-unit-tests": {[0m
Status Check - Keycloak CI	Run /./.github/actions/status-check	2024-05-22T18:51:31.9137823Z [36;1m    "result": "skipped",[0m
Status Check - Keycloak CI	Run /./.github/actions/status-check	2024-05-22T18:51:31.9138178Z [36;1m    "outputs": {}[0m
Status Check - Keycloak CI	Run /./.github/actions/status-check	2024-05-22T18:51:31.9138543Z [36;1m  },[0m
Status Check - Keycloak CI	Run /./.github/actions/status-check	2024-05-22T18:51:31.9138932Z [36;1m  "migration-tests": {[0m
Status Check - Keycloak CI	Run /./.github/actions/status-check	2024-05-22T18:51:31.9139290Z [36;1m    "result": "success",[0m
Status Check - Keycloak CI	Run /./.github/actions/status-check	2024-05-22T18:51:31.9139691Z [36;1m    "outputs": {}[0m
Status Check - Keycloak CI	Run /./.github/actions/status-check	2024-05-22T18:51:31.9140113Z [36;1m  }[0m
Status Check - Keycloak CI	Run /./.github/actions/status-check	2024-05-22T18:51:31.9140437Z [36;1m}'[0m
Status Check - Keycloak CI	Run /./.github/actions/status-check	2024-05-22T18:51:31.9140759Z [36;1m[0m
Status Check - Keycloak CI	Run /./.github/actions/status-check	2024-05-22T18:51:31.9141139Z [36;1mecho "Job status:"[0m
Status Check - Keycloak CI	Run /./.github/actions/status-check	2024-05-22T18:51:31.9141633Z [36;1mecho $JOBS | jq -r 'to_entries[] | " - \(.key): \(.value.result)"'[0m
Status Check - Keycloak CI	Run /./.github/actions/status-check	2024-05-22T18:51:31.9142203Z [36;1m[0m
Status Check - Keycloak CI	Run /./.github/actions/status-check	2024-05-22T18:51:31.9142735Z [36;1mfor i in $(echo $JOBS | jq -r 'to_entries[] | .value.result'); do[0m
Status Check - Keycloak CI	Run /./.github/actions/status-check	2024-05-22T18:51:31.9143361Z [36;1m  if [ "$i" != "success" ] && [ "$i" != "skipped" ]; then[0m
Status Check - Keycloak CI	Run /./.github/actions/status-check	2024-05-22T18:51:31.9143877Z [36;1m    echo ""[0m
Status Check - Keycloak CI	Run /./.github/actions/status-check	2024-05-22T18:51:31.9144336Z [36;1m    echo "Status check not okay!"[0m
Status Check - Keycloak CI	Run /./.github/actions/status-check	2024-05-22T18:51:31.9144757Z [36;1m    exit 1[0m
Status Check - Keycloak CI	Run /./.github/actions/status-check	2024-05-22T18:51:31.9145100Z [36;1m  fi[0m
Status Check - Keycloak CI	Run /./.github/actions/status-check	2024-05-22T18:51:31.9145476Z [36;1mdone[0m
Status Check - Keycloak CI	Run /./.github/actions/status-check	2024-05-22T18:51:31.9229967Z shell: /usr/bin/bash --noprofile --norc -e -o pipefail {0}
Status Check - Keycloak CI	Run /./.github/actions/status-check	2024-05-22T18:51:31.9230584Z env:
Status Check - Keycloak CI	Run /./.github/actions/status-check	2024-05-22T18:51:31.9231038Z   MAVEN_ARGS: -B -nsu -Daether.connector.http.connectionMaxTtl=25
Status Check - Keycloak CI	Run /./.github/actions/status-check	2024-05-22T18:51:31.9231995Z   SUREFIRE_RERUN_FAILING_COUNT: 2
Status Check - Keycloak CI	Run /./.github/actions/status-check	2024-05-22T18:51:31.9232520Z   SUREFIRE_RETRY: -Dsurefire.rerunFailingTestsCount=2
Status Check - Keycloak CI	Run /./.github/actions/status-check	2024-05-22T18:51:31.9232984Z ##[endgroup]
Status Check - Keycloak CI	Run /./.github/actions/status-check	2024-05-22T18:51:31.9391351Z Job status:
Status Check - Keycloak CI	Run /./.github/actions/status-check	2024-05-22T18:51:31.9624723Z  - conditional: success
Status Check - Keycloak CI	Run /./.github/actions/status-check	2024-05-22T18:51:31.9625317Z  - build: success
Status Check - Keycloak CI	Run /./.github/actions/status-check	2024-05-22T18:51:31.9625795Z  - unit-tests: success
Status Check - Keycloak CI	Run /./.github/actions/status-check	2024-05-22T18:51:31.9626516Z  - base-integration-tests: failure
Status Check - Keycloak CI	Run /./.github/actions/status-check	2024-05-22T18:51:31.9627462Z  - adapter-integration-tests: success
Status Check - Keycloak CI	Run /./.github/actions/status-check	2024-05-22T18:51:31.9628084Z  - quarkus-unit-tests: skipped
Status Check - Keycloak CI	Run /./.github/actions/status-check	2024-05-22T18:51:31.9628753Z  - quarkus-integration-tests: success
Status Check - Keycloak CI	Run /./.github/actions/status-check	2024-05-22T18:51:31.9629328Z  - jdk-integration-tests: success
Status Check - Keycloak CI	Run /./.github/actions/status-check	2024-05-22T18:51:31.9629921Z  - store-integration-tests: success
Status Check - Keycloak CI	Run /./.github/actions/status-check	2024-05-22T18:51:31.9630608Z  - persistent-sessions-tests: success
Status Check - Keycloak CI	Run /./.github/actions/status-check	2024-05-22T18:51:31.9631143Z  - store-model-tests: success
Status Check - Keycloak CI	Run /./.github/actions/status-check	2024-05-22T18:51:31.9631993Z  - clustering-integration-tests: success
Status Check - Keycloak CI	Run /./.github/actions/status-check	2024-05-22T18:51:31.9632947Z  - fips-unit-tests: success
Status Check - Keycloak CI	Run /./.github/actions/status-check	2024-05-22T18:51:31.9633658Z  - fips-integration-tests: success
Status Check - Keycloak CI	Run /./.github/actions/status-check	2024-05-22T18:51:31.9634511Z  - forms-integration-tests: success
Status Check - Keycloak CI	Run /./.github/actions/status-check	2024-05-22T18:51:31.9635414Z  - webauthn-integration-tests: success
Status Check - Keycloak CI	Run /./.github/actions/status-check	2024-05-22T18:51:31.9635910Z  - sssd-unit-tests: skipped
Status Check - Keycloak CI	Run /./.github/actions/status-check	2024-05-22T18:51:31.9636366Z  - migration-tests: success
Status Check - Keycloak CI	Run /./.github/actions/status-check	2024-05-22T18:51:31.9842553Z 
Status Check - Keycloak CI	Run /./.github/actions/status-check	2024-05-22T18:51:31.9842941Z Status check not okay!
Status Check - Keycloak CI	Run /./.github/actions/status-check	2024-05-22T18:51:31.9860346Z ##[error]Process completed with exit code 1.
