Admin UI E2E (4, chrome)	Run Cypress	2025-01-20T12:02:51.7972725Z ##[group]Run cypress-io/github-action@v6
Admin UI E2E (4, chrome)	Run Cypress	2025-01-20T12:02:51.7973187Z with:
Admin UI E2E (4, chrome)	Run Cypress	2025-01-20T12:02:51.7973460Z   install: false
Admin UI E2E (4, chrome)	Run Cypress	2025-01-20T12:02:51.7973766Z   browser: chrome
Admin UI E2E (4, chrome)	Run Cypress	2025-01-20T12:02:51.7974122Z   wait-on: http://localhost:8080
Admin UI E2E (4, chrome)	Run Cypress	2025-01-20T12:02:51.7974536Z   working-directory: js/apps/admin-ui
Admin UI E2E (4, chrome)	Run Cypress	2025-01-20T12:02:51.7974933Z   record: false
Admin UI E2E (4, chrome)	Run Cypress	2025-01-20T12:02:51.7975242Z   publish-summary: true
Admin UI E2E (4, chrome)	Run Cypress	2025-01-20T12:02:51.7975578Z   component: false
Admin UI E2E (4, chrome)	Run Cypress	2025-01-20T12:02:51.7975880Z env:
Admin UI E2E (4, chrome)	Run Cypress	2025-01-20T12:02:51.7976299Z   MAVEN_ARGS: -B -nsu -Daether.connector.http.connectionMaxTtl=25
Admin UI E2E (4, chrome)	Run Cypress	2025-01-20T12:02:51.7976867Z   RETRY_COUNT: 3
Admin UI E2E (4, chrome)	Run Cypress	2025-01-20T12:02:51.7977189Z   WORKSPACE: keycloak-admin-ui
Admin UI E2E (4, chrome)	Run Cypress	2025-01-20T12:02:51.7977728Z   JAVA_HOME: /opt/hostedtoolcache/Java_Temurin-Hotspot_jdk/21.0.5-11/x64
Admin UI E2E (4, chrome)	Run Cypress	2025-01-20T12:02:51.7978486Z   JAVA_HOME_21_X64: /opt/hostedtoolcache/Java_Temurin-Hotspot_jdk/21.0.5-11/x64
Admin UI E2E (4, chrome)	Run Cypress	2025-01-20T12:02:51.7979070Z   SPLIT: 5
Admin UI E2E (4, chrome)	Run Cypress	2025-01-20T12:02:51.7979346Z   SPLIT_INDEX: 3
Admin UI E2E (4, chrome)	Run Cypress	2025-01-20T12:02:51.7979649Z   SPLIT_RANDOM_SEED: 40
Admin UI E2E (4, chrome)	Run Cypress	2025-01-20T12:02:51.7980011Z ##[endgroup]
Admin UI E2E (4, chrome)	Run Cypress	2025-01-20T12:02:52.2255444Z Skipping install because install parameter is false
Admin UI E2E (4, chrome)	Run Cypress	2025-01-20T12:02:52.2268882Z waiting on "http://localhost:8080" with timeout of 60 seconds
Admin UI E2E (4, chrome)	Run Cypress	2025-01-20T12:03:08.2628422Z It looks like this is your first time using Cypress: 14.0.0
Admin UI E2E (4, chrome)	Run Cypress	2025-01-20T12:03:08.2628791Z 
Admin UI E2E (4, chrome)	Run Cypress	2025-01-20T12:03:08.2650856Z [STARTED] Task without title.
Admin UI E2E (4, chrome)	Run Cypress	2025-01-20T12:03:09.7695531Z [SUCCESS] Task without title.
Admin UI E2E (4, chrome)	Run Cypress	2025-01-20T12:03:09.7699778Z 
Admin UI E2E (4, chrome)	Run Cypress	2025-01-20T12:03:09.7700007Z Opening Cypress...
Admin UI E2E (4, chrome)	Run Cypress	2025-01-20T12:03:10.2927677Z MESA: error: ZINK: vkCreateInstance failed (VK_ERROR_INCOMPATIBLE_DRIVER)
Admin UI E2E (4, chrome)	Run Cypress	2025-01-20T12:03:10.2929979Z glx: failed to create drisw screen
Admin UI E2E (4, chrome)	Run Cypress	2025-01-20T12:03:10.3479656Z 
Admin UI E2E (4, chrome)	Run Cypress	2025-01-20T12:03:10.3481051Z DevTools listening on ws://127.0.0.1:36065/devtools/browser/04c6a307-a965-40a8-a799-16c09a4a6c3f
Admin UI E2E (4, chrome)	Run Cypress	2025-01-20T12:03:10.9360853Z (node:2767) ExperimentalWarning: `--experimental-loader` may be removed in the future; instead use `register()`:
Admin UI E2E (4, chrome)	Run Cypress	2025-01-20T12:03:10.9365291Z --import 'data:text/javascript,import { register } from "node:module"; import { pathToFileURL } from "node:url"; register("file%3A///home/runner/.cache/Cypress/14.0.0/Cypress/resources/app/node_modules/ts-node/esm/transpile-only.mjs", pathToFileURL("./"));'
Admin UI E2E (4, chrome)	Run Cypress	2025-01-20T12:03:10.9371496Z (Use `node --trace-warnings ...` to show where the warning was created)
Admin UI E2E (4, chrome)	Run Cypress	2025-01-20T12:03:11.6490312Z cypress-split: there are 41 found specs
Admin UI E2E (4, chrome)	Run Cypress	2025-01-20T12:03:11.6491040Z the first 5 specs
Admin UI E2E (4, chrome)	Run Cypress	2025-01-20T12:03:11.6492244Z - 1: /home/runner/work/keycloak/keycloak/js/apps/admin-ui/cypress/e2e/realm_user_registration.spec.ts
Admin UI E2E (4, chrome)	Run Cypress	2025-01-20T12:03:11.6493949Z - 2: /home/runner/work/keycloak/keycloak/js/apps/admin-ui/cypress/e2e/user_fed_test.spec.ts
Admin UI E2E (4, chrome)	Run Cypress	2025-01-20T12:03:11.6495730Z - 3: /home/runner/work/keycloak/keycloak/js/apps/admin-ui/cypress/e2e/realm_settings_client_profiles_test.spec.ts
Admin UI E2E (4, chrome)	Run Cypress	2025-01-20T12:03:11.6497563Z - 4: /home/runner/work/keycloak/keycloak/js/apps/admin-ui/cypress/e2e/client_initial_access.spec.ts
Admin UI E2E (4, chrome)	Run Cypress	2025-01-20T12:03:11.6499135Z - 5: /home/runner/work/keycloak/keycloak/js/apps/admin-ui/cypress/e2e/clients_saml_test.spec.ts
Admin UI E2E (4, chrome)	Run Cypress	2025-01-20T12:03:11.6499694Z cypress-split: chunk 4 of 5
Admin UI E2E (4, chrome)	Run Cypress	2025-01-20T12:03:11.6507906Z k  spec                                               
Admin UI E2E (4, chrome)	Run Cypress	2025-01-20T12:03:11.6508534Z -  ---------------------------------------------------
Admin UI E2E (4, chrome)	Run Cypress	2025-01-20T12:03:11.6509188Z 1  cypress/e2e/realm_settings_general_tab_test.spec.ts
Admin UI E2E (4, chrome)	Run Cypress	2025-01-20T12:03:11.6509899Z 2  cypress/e2e/partial_export_test.spec.ts            
Admin UI E2E (4, chrome)	Run Cypress	2025-01-20T12:03:11.6510781Z 3  cypress/e2e/identity_providers_oidc_test.spec.ts   
Admin UI E2E (4, chrome)	Run Cypress	2025-01-20T12:03:11.6511882Z 4  cypress/e2e/users_enable_disable.spec.ts           
Admin UI E2E (4, chrome)	Run Cypress	2025-01-20T12:03:11.6512566Z 5  cypress/e2e/clients_role.spec.ts                   
Admin UI E2E (4, chrome)	Run Cypress	2025-01-20T12:03:11.6513225Z 6  cypress/e2e/clients_test.spec.ts                   
Admin UI E2E (4, chrome)	Run Cypress	2025-01-20T12:03:11.6513704Z 7  cypress/e2e/user_fed_ldap_test.spec.ts             
Admin UI E2E (4, chrome)	Run Cypress	2025-01-20T12:03:11.6514108Z 8  cypress/e2e/authentication_policies_ciba.spec.ts   
Admin UI E2E (4, chrome)	Run Cypress	2025-01-20T12:03:11.6514560Z 
Admin UI E2E (4, chrome)	Run Cypress	2025-01-20T12:03:12.2922563Z 
Admin UI E2E (4, chrome)	Run Cypress	2025-01-20T12:03:12.3166586Z [90m====================================================================================================[39m
Admin UI E2E (4, chrome)	Run Cypress	2025-01-20T12:03:12.3167065Z 
Admin UI E2E (4, chrome)	Run Cypress	2025-01-20T12:03:12.3168487Z [0m  ([4m[1mRun Starting[22m[24m)[0m
Admin UI E2E (4, chrome)	Run Cypress	2025-01-20T12:03:12.3169602Z 
Admin UI E2E (4, chrome)	Run Cypress	2025-01-20T12:03:12.3245063Z [90m  ┌[39m[90m─[39m[90m─[39m[90m─[39m[90m─[39m[90m─[39m[90m─[39m[90m─[39m[90m─[39m[90m─[39m[90m─[39m[90m─[39m[90m─[39m[90m─[39m[90m─[39m[90m─[39m[90m─[39m[90m─[39m[90m─[39m[90m─[39m[90m─[39m[90m─[39m[90m─[39m[90m─[39m[90m─[39m[90m─[39m[90m─[39m[90m─[39m[90m─[39m[90m─[39m[90m─[39m[90m─[39m[90m─[39m[90m─[39m[90m─[39m[90m─[39m[90m─[39m[90m─[39m[90m─[39m[90m─[39m[90m─[39m[90m─[39m[90m─[39m[90m─[39m[90m─[39m[90m─[39m[90m─[39m[90m─[39m[90m─[39m[90m─[39m[90m─[39m[90m─[39m[90m─[39m[90m─[39m[90m─[39m[90m─[39m[90m─[39m[90m─[39m[90m─[39m[90m─[39m[90m─[39m[90m─[39m[90m─[39m[90m─[39m[90m─[39m[90m─[39m[90m─[39m[90m─[39m[90m─[39m[90m─[39m[90m─[39m[90m─[39m[90m─[39m[90m─[39m[90m─[39m[90m─[39m[90m─[39m[90m─[39m[90m─[39m[90m─[39m[90m─[39m[90m─[39m[90m─[39m[90m─[39m[90m─[39m[90m─[39m[90m─[39m[90m─[39m[90m─[39m[90m─[39m[90m─[39m[90m─[39m[90m─[39m[90m─[39m[90m─[39m[90m─[39m[90m─[39m[90m┐[39m
Admin UI E2E (4, chrome)	Run Cypress	2025-01-20T12:03:12.3250375Z [90m  │[39m [90mCypress:[39m        14.0.0                                                                         [90m│[39m
Admin UI E2E (4, chrome)	Run Cypress	2025-01-20T12:03:12.3251959Z [90m  │[39m [90mBrowser:[39m        Chrome 132 [90m(headless)[39m                                                          [90m│[39m
Admin UI E2E (4, chrome)	Run Cypress	2025-01-20T12:03:12.3253811Z [90m  │[39m [90mNode Version:[39m   [0mv20.18.0 [90m(/home/runner/runners/2.321.0/externals/node20/bin/node)[39m[0m              [90m│[39m
Admin UI E2E (4, chrome)	Run Cypress	2025-01-20T12:03:12.3255722Z [90m  │[39m [90mSpecs:[39m          [0m8 found (realm_settings_general_tab_test.spec.ts, partial_export_test.spec.ts,[0m [90m│[39m
Admin UI E2E (4, chrome)	Run Cypress	2025-01-20T12:03:12.3257589Z [90m  │[39m                 [0m identity_providers_oidc_test.spec.ts, users_enable_disable.spec.ts, clients_r[0m [90m│[39m
Admin UI E2E (4, chrome)	Run Cypress	2025-01-20T12:03:12.3259222Z [90m  │[39m                 [0mole.spec.ts, clients_test.spec.ts, user_fed_ldap_test.spec.ts, authentication_[0m [90m│[39m
Admin UI E2E (4, chrome)	Run Cypress	2025-01-20T12:03:12.3260898Z [90m  │[39m                 [0mpolicies_ciba.spec.ts)[0m                                                         [90m│[39m
Admin UI E2E (4, chrome)	Run Cypress	2025-01-20T12:03:12.3262568Z [90m  │[39m [90mSearched:[39m       [0mcypress/e2e/realm_settings_general_tab_test.spec.ts, cypress/e2e/partial_expor[0m [90m│[39m
Admin UI E2E (4, chrome)	Run Cypress	2025-01-20T12:03:12.3264359Z [90m  │[39m                 [0mt_test.spec.ts, cypress/e2e/identity_providers_oidc_test.spec.ts, cypress/e2e/[0m [90m│[39m
Admin UI E2E (4, chrome)	Run Cypress	2025-01-20T12:03:12.3266033Z [90m  │[39m                 [0musers_enable_disable.spec.ts, cypress/e2e/clients_role.spec.ts, cypress/e2e/cl[0m [90m│[39m
Admin UI E2E (4, chrome)	Run Cypress	2025-01-20T12:03:12.3267701Z [90m  │[39m                 [0mients_test.spec.ts, cypress/e2e/user_fed_ldap_test.spec.ts, cypress/e2e/authen[0m [90m│[39m
Admin UI E2E (4, chrome)	Run Cypress	2025-01-20T12:03:12.3269265Z [90m  │[39m                 [0mtication_policies_ciba.spec.ts[0m                                                 [90m│[39m
Admin UI E2E (4, chrome)	Run Cypress	2025-01-20T12:03:12.3271094Z [90m  │[39m [90mExperiments:[39m    experimentalMemoryManagement=true                                              [90m│[39m
Admin UI E2E (4, chrome)	Run Cypress	2025-01-20T12:03:12.3278834Z [90m  └[39m[90m─[39m[90m─[39m[90m─[39m[90m─[39m[90m─[39m[90m─[39m[90m─[39m[90m─[39m[90m─[39m[90m─[39m[90m─[39m[90m─[39m[90m─[39m[90m─[39m[90m─[39m[90m─[39m[90m─[39m[90m─[39m[90m─[39m[90m─[39m[90m─[39m[90m─[39m[90m─[39m[90m─[39m[90m─[39m[90m─[39m[90m─[39m[90m─[39m[90m─[39m[90m─[39m[90m─[39m[90m─[39m[90m─[39m[90m─[39m[90m─[39m[90m─[39m[90m─[39m[90m─[39m[90m─[39m[90m─[39m[90m─[39m[90m─[39m[90m─[39m[90m─[39m[90m─[39m[90m─[39m[90m─[39m[90m─[39m[90m─[39m[90m─[39m[90m─[39m[90m─[39m[90m─[39m[90m─[39m[90m─[39m[90m─[39m[90m─[39m[90m─[39m[90m─[39m[90m─[39m[90m─[39m[90m─[39m[90m─[39m[90m─[39m[90m─[39m[90m─[39m[90m─[39m[90m─[39m[90m─[39m[90m─[39m[90m─[39m[90m─[39m[90m─[39m[90m─[39m[90m─[39m[90m─[39m[90m─[39m[90m─[39m[90m─[39m[90m─[39m[90m─[39m[90m─[39m[90m─[39m[90m─[39m[90m─[39m[90m─[39m[90m─[39m[90m─[39m[90m─[39m[90m─[39m[90m─[39m[90m─[39m[90m─[39m[90m─[39m[90m─[39m[90m─[39m[90m┘[39m
Admin UI E2E (4, chrome)	Run Cypress	2025-01-20T12:03:12.3283648Z 
Admin UI E2E (4, chrome)	Run Cypress	2025-01-20T12:03:12.3283672Z 
Admin UI E2E (4, chrome)	Run Cypress	2025-01-20T12:03:12.3290966Z [90m─[39m[90m─[39m[90m─[39m[90m─[39m[90m─[39m[90m─[39m[90m─[39m[90m─[39m[90m─[39m[90m─[39m[90m─[39m[90m─[39m[90m─[39m[90m─[39m[90m─[39m[90m─[39m[90m─[39m[90m─[39m[90m─[39m[90m─[39m[90m─[39m[90m─[39m[90m─[39m[90m─[39m[90m─[39m[90m─[39m[90m─[39m[90m─[39m[90m─[39m[90m─[39m[90m─[39m[90m─[39m[90m─[39m[90m─[39m[90m─[39m[90m─[39m[90m─[39m[90m─[39m[90m─[39m[90m─[39m[90m─[39m[90m─[39m[90m─[39m[90m─[39m[90m─[39m[90m─[39m[90m─[39m[90m─[39m[90m─[39m[90m─[39m[90m─[39m[90m─[39m[90m─[39m[90m─[39m[90m─[39m[90m─[39m[90m─[39m[90m─[39m[90m─[39m[90m─[39m[90m─[39m[90m─[39m[90m─[39m[90m─[39m[90m─[39m[90m─[39m[90m─[39m[90m─[39m[90m─[39m[90m─[39m[90m─[39m[90m─[39m[90m─[39m[90m─[39m[90m─[39m[90m─[39m[90m─[39m[90m─[39m[90m─[39m[90m─[39m[90m─[39m[90m─[39m[90m─[39m[90m─[39m[90m─[39m[90m─[39m[90m─[39m[90m─[39m[90m─[39m[90m─[39m[90m─[39m[90m─[39m[90m─[39m[90m─[39m[90m─[39m[90m─[39m[90m─[39m[90m─[39m[90m─[39m[90m─[39m
Admin UI E2E (4, chrome)	Run Cypress	2025-01-20T12:03:12.3295391Z                                                                                                     
Admin UI E2E (4, chrome)	Run Cypress	2025-01-20T12:03:12.3296598Z   Running:  [90mrealm_settings_general_tab_test.spec.ts[39m                                         [90m(1 of 8)[39m
Admin UI E2E (4, chrome)	Run Cypress	2025-01-20T12:03:19.2293661Z 
Admin UI E2E (4, chrome)	Run Cypress	2025-01-20T12:03:19.2306598Z [0m[0m
Admin UI E2E (4, chrome)	Run Cypress	2025-01-20T12:03:19.2307753Z [0m  Realm settings general tab tests[0m
Admin UI E2E (4, chrome)	Run Cypress	2025-01-20T12:03:28.8102981Z   [32m  ✓[0m[90m Test all general tab switches[0m[90m (9562ms)[0m
Admin UI E2E (4, chrome)	Run Cypress	2025-01-20T12:03:32.0164878Z   [32m  ✓[0m[90m Test realm enable/disable switch[0m[90m (3129ms)[0m
Admin UI E2E (4, chrome)	Run Cypress	2025-01-20T12:03:34.5753693Z   [32m  ✓[0m[90m Fail to set Realm ID to empty[0m[90m (2478ms)[0m
Admin UI E2E (4, chrome)	Run Cypress	2025-01-20T12:03:37.9831724Z   [32m  ✓[0m[90m Modify Display name[0m[90m (3344ms)[0m
Admin UI E2E (4, chrome)	Run Cypress	2025-01-20T12:03:40.7664436Z   [32m  ✓[0m[90m Check Display name value[0m[90m (2704ms)[0m
Admin UI E2E (4, chrome)	Run Cypress	2025-01-20T12:03:44.0345331Z   [32m  ✓[0m[90m Modify front end URL[0m[90m (3204ms)[0m
Admin UI E2E (4, chrome)	Run Cypress	2025-01-20T12:03:47.2231404Z   [32m  ✓[0m[90m Select SSL all requests[0m[90m (3097ms)[0m
Admin UI E2E (4, chrome)	Run Cypress	2025-01-20T12:03:49.4627377Z   [32m  ✓[0m[90m Verify SSL all requests displays[0m[90m (2106ms)[0m
Admin UI E2E (4, chrome)	Run Cypress	2025-01-20T12:03:51.8477882Z   [32m  ✓[0m[90m Select SSL external requests[0m[90m (2342ms)[0m
Admin UI E2E (4, chrome)	Run Cypress	2025-01-20T12:03:53.9196300Z   [32m  ✓[0m[90m Verify SSL external requests displays[0m[90m (1982ms)[0m
Admin UI E2E (4, chrome)	Run Cypress	2025-01-20T12:03:56.3057987Z   [32m  ✓[0m[90m Select SSL None[0m[90m (2318ms)[0m
Admin UI E2E (4, chrome)	Run Cypress	2025-01-20T12:03:58.3694427Z   [32m  ✓[0m[90m Verify SSL None displays[0m[90m (1994ms)[0m
Admin UI E2E (4, chrome)	Run Cypress	2025-01-20T12:04:00.1079911Z   [32m  ✓[0m[90m Check Access Endpoints OpenID Endpoint Configuration link[0m[90m (1698ms)[0m
Admin UI E2E (4, chrome)	Run Cypress	2025-01-20T12:04:02.2958156Z   [32m  ✓[0m[90m Access Endpoints OpenID Endpoint Configuration link[0m[90m (2137ms)[0m
Admin UI E2E (4, chrome)	Run Cypress	2025-01-20T12:04:04.4282035Z   [32m  ✓[0m[90m Check if Access Endpoints SAML 2.0 Identity Provider Metadata link exists[0m[90m (2052ms)[0m
Admin UI E2E (4, chrome)	Run Cypress	2025-01-20T12:04:06.3697899Z   [32m  ✓[0m[90m Access Endpoints SAML 2.0 Identity Provider Metadata link[0m[90m (1915ms)[0m
Admin UI E2E (4, chrome)	Run Cypress	2025-01-20T12:04:09.7373785Z   [32m  ✓[0m[90m Verify 'Revert' button works[0m[90m (2395ms)[0m
Admin UI E2E (4, chrome)	Run Cypress	2025-01-20T12:04:09.7377900Z 
Admin UI E2E (4, chrome)	Run Cypress	2025-01-20T12:04:09.7717519Z 
Admin UI E2E (4, chrome)	Run Cypress	2025-01-20T12:04:09.7722318Z [92m [0m[32m 17 passing[0m[90m (51s)[0m
Admin UI E2E (4, chrome)	Run Cypress	2025-01-20T12:04:09.7724988Z 
Admin UI E2E (4, chrome)	Run Cypress	2025-01-20T12:04:10.8533180Z 
Admin UI E2E (4, chrome)	Run Cypress	2025-01-20T12:04:10.8534650Z [32m  ([4m[1mResults[22m[24m)[39m
Admin UI E2E (4, chrome)	Run Cypress	2025-01-20T12:04:10.8538445Z 
Admin UI E2E (4, chrome)	Run Cypress	2025-01-20T12:04:10.8552599Z [90m  ┌[39m[90m─[39m[90m─[39m[90m─[39m[90m─[39m[90m─[39m[90m─[39m[90m─[39m[90m─[39m[90m─[39m[90m─[39m[90m─[39m[90m─[39m[90m─[39m[90m─[39m[90m─[39m[90m─[39m[90m─[39m[90m─[39m[90m─[39m[90m─[39m[90m─[39m[90m─[39m[90m─[39m[90m─[39m[90m─[39m[90m─[39m[90m─[39m[90m─[39m[90m─[39m[90m─[39m[90m─[39m[90m─[39m[90m─[39m[90m─[39m[90m─[39m[90m─[39m[90m─[39m[90m─[39m[90m─[39m[90m─[39m[90m─[39m[90m─[39m[90m─[39m[90m─[39m[90m─[39m[90m─[39m[90m─[39m[90m─[39m[90m─[39m[90m─[39m[90m─[39m[90m─[39m[90m─[39m[90m─[39m[90m─[39m[90m─[39m[90m─[39m[90m─[39m[90m─[39m[90m─[39m[90m─[39m[90m─[39m[90m─[39m[90m─[39m[90m─[39m[90m─[39m[90m─[39m[90m─[39m[90m─[39m[90m─[39m[90m─[39m[90m─[39m[90m─[39m[90m─[39m[90m─[39m[90m─[39m[90m─[39m[90m─[39m[90m─[39m[90m─[39m[90m─[39m[90m─[39m[90m─[39m[90m─[39m[90m─[39m[90m─[39m[90m─[39m[90m─[39m[90m─[39m[90m─[39m[90m─[39m[90m─[39m[90m─[39m[90m─[39m[90m─[39m[90m─[39m[90m┐[39m
Admin UI E2E (4, chrome)	Run Cypress	2025-01-20T12:04:10.8557087Z [90m  │[39m [90mTests:[39m        [32m17[39m                                                                               [90m│[39m
Admin UI E2E (4, chrome)	Run Cypress	2025-01-20T12:04:10.8558266Z [90m  │[39m [90mPassing:[39m      [32m17[39m                                                                               [90m│[39m
Admin UI E2E (4, chrome)	Run Cypress	2025-01-20T12:04:10.8559497Z [90m  │[39m [90mFailing:[39m      [32m0[39m                                                                                [90m│[39m
Admin UI E2E (4, chrome)	Run Cypress	2025-01-20T12:04:10.8560868Z [90m  │[39m [90mPending:[39m      [32m0[39m                                                                                [90m│[39m
Admin UI E2E (4, chrome)	Run Cypress	2025-01-20T12:04:10.8562034Z [90m  │[39m [90mSkipped:[39m      [32m0[39m                                                                                [90m│[39m
Admin UI E2E (4, chrome)	Run Cypress	2025-01-20T12:04:10.8563288Z [90m  │[39m [90mScreenshots:[39m  [32m0[39m                                                                                [90m│[39m
Admin UI E2E (4, chrome)	Run Cypress	2025-01-20T12:04:10.8564502Z [90m  │[39m [90mVideo:[39m        [32mfalse[39m                                                                            [90m│[39m
Admin UI E2E (4, chrome)	Run Cypress	2025-01-20T12:04:10.8565802Z [90m  │[39m [90mDuration:[39m     [32m50 seconds[39m                                                                       [90m│[39m
Admin UI E2E (4, chrome)	Run Cypress	2025-01-20T12:04:10.8567377Z [90m  │[39m [90mSpec Ran:[39m     [32m[32mrealm_settings_general_tab_test.spec.ts[32m[39m                                          [90m│[39m
Admin UI E2E (4, chrome)	Run Cypress	2025-01-20T12:04:10.8574486Z [90m  └[39m[90m─[39m[90m─[39m[90m─[39m[90m─[39m[90m─[39m[90m─[39m[90m─[39m[90m─[39m[90m─[39m[90m─[39m[90m─[39m[90m─[39m[90m─[39m[90m─[39m[90m─[39m[90m─[39m[90m─[39m[90m─[39m[90m─[39m[90m─[39m[90m─[39m[90m─[39m[90m─[39m[90m─[39m[90m─[39m[90m─[39m[90m─[39m[90m─[39m[90m─[39m[90m─[39m[90m─[39m[90m─[39m[90m─[39m[90m─[39m[90m─[39m[90m─[39m[90m─[39m[90m─[39m[90m─[39m[90m─[39m[90m─[39m[90m─[39m[90m─[39m[90m─[39m[90m─[39m[90m─[39m[90m─[39m[90m─[39m[90m─[39m[90m─[39m[90m─[39m[90m─[39m[90m─[39m[90m─[39m[90m─[39m[90m─[39m[90m─[39m[90m─[39m[90m─[39m[90m─[39m[90m─[39m[90m─[39m[90m─[39m[90m─[39m[90m─[39m[90m─[39m[90m─[39m[90m─[39m[90m─[39m[90m─[39m[90m─[39m[90m─[39m[90m─[39m[90m─[39m[90m─[39m[90m─[39m[90m─[39m[90m─[39m[90m─[39m[90m─[39m[90m─[39m[90m─[39m[90m─[39m[90m─[39m[90m─[39m[90m─[39m[90m─[39m[90m─[39m[90m─[39m[90m─[39m[90m─[39m[90m─[39m[90m─[39m[90m─[39m[90m─[39m[90m─[39m[90m┘[39m
Admin UI E2E (4, chrome)	Run Cypress	2025-01-20T12:04:10.8578654Z 
Admin UI E2E (4, chrome)	Run Cypress	2025-01-20T12:04:10.9111513Z 
Admin UI E2E (4, chrome)	Run Cypress	2025-01-20T12:04:10.9121742Z [90m─[39m[90m─[39m[90m─[39m[90m─[39m[90m─[39m[90m─[39m[90m─[39m[90m─[39m[90m─[39m[90m─[39m[90m─[39m[90m─[39m[90m─[39m[90m─[39m[90m─[39m[90m─[39m[90m─[39m[90m─[39m[90m─[39m[90m─[39m[90m─[39m[90m─[39m[90m─[39m[90m─[39m[90m─[39m[90m─[39m[90m─[39m[90m─[39m[90m─[39m[90m─[39m[90m─[39m[90m─[39m[90m─[39m[90m─[39m[90m─[39m[90m─[39m[90m─[39m[90m─[39m[90m─[39m[90m─[39m[90m─[39m[90m─[39m[90m─[39m[90m─[39m[90m─[39m[90m─[39m[90m─[39m[90m─[39m[90m─[39m[90m─[39m[90m─[39m[90m─[39m[90m─[39m[90m─[39m[90m─[39m[90m─[39m[90m─[39m[90m─[39m[90m─[39m[90m─[39m[90m─[39m[90m─[39m[90m─[39m[90m─[39m[90m─[39m[90m─[39m[90m─[39m[90m─[39m[90m─[39m[90m─[39m[90m─[39m[90m─[39m[90m─[39m[90m─[39m[90m─[39m[90m─[39m[90m─[39m[90m─[39m[90m─[39m[90m─[39m[90m─[39m[90m─[39m[90m─[39m[90m─[39m[90m─[39m[90m─[39m[90m─[39m[90m─[39m[90m─[39m[90m─[39m[90m─[39m[90m─[39m[90m─[39m[90m─[39m[90m─[39m[90m─[39m[90m─[39m[90m─[39m[90m─[39m[90m─[39m
Admin UI E2E (4, chrome)	Run Cypress	2025-01-20T12:04:10.9131302Z                                                                                                     
Admin UI E2E (4, chrome)	Run Cypress	2025-01-20T12:04:10.9132366Z   Running:  [90mpartial_export_test.spec.ts[39m                                                     [90m(2 of 8)[39m
Admin UI E2E (4, chrome)	Run Cypress	2025-01-20T12:04:14.4979075Z 
Admin UI E2E (4, chrome)	Run Cypress	2025-01-20T12:04:14.4980762Z [0m[0m
Admin UI E2E (4, chrome)	Run Cypress	2025-01-20T12:04:14.5008637Z [0m  Partial realm export[0m
Admin UI E2E (4, chrome)	Run Cypress	2025-01-20T12:04:19.3747573Z   [32m  ✓[0m[90m Closes the dialog[0m[90m (4854ms)[0m
Admin UI E2E (4, chrome)	Run Cypress	2025-01-20T12:04:21.5899637Z   [32m  ✓[0m[90m Shows a warning message[0m[90m (2175ms)[0m
Admin UI E2E (4, chrome)	Run Cypress	2025-01-20T12:04:24.8420491Z   [32m  ✓[0m[90m Exports the realm[0m[90m (2381ms)[0m
Admin UI E2E (4, chrome)	Run Cypress	2025-01-20T12:04:24.8424084Z 
Admin UI E2E (4, chrome)	Run Cypress	2025-01-20T12:04:24.8431427Z 
Admin UI E2E (4, chrome)	Run Cypress	2025-01-20T12:04:24.8432211Z [92m [0m[32m 3 passing[0m[90m (10s)[0m
Admin UI E2E (4, chrome)	Run Cypress	2025-01-20T12:04:24.8442106Z 
Admin UI E2E (4, chrome)	Run Cypress	2025-01-20T12:04:25.8563965Z 
Admin UI E2E (4, chrome)	Run Cypress	2025-01-20T12:04:25.8565566Z [32m  ([4m[1mResults[22m[24m)[39m
Admin UI E2E (4, chrome)	Run Cypress	2025-01-20T12:04:25.8568920Z 
Admin UI E2E (4, chrome)	Run Cypress	2025-01-20T12:04:25.8582334Z [90m  ┌[39m[90m─[39m[90m─[39m[90m─[39m[90m─[39m[90m─[39m[90m─[39m[90m─[39m[90m─[39m[90m─[39m[90m─[39m[90m─[39m[90m─[39m[90m─[39m[90m─[39m[90m─[39m[90m─[39m[90m─[39m[90m─[39m[90m─[39m[90m─[39m[90m─[39m[90m─[39m[90m─[39m[90m─[39m[90m─[39m[90m─[39m[90m─[39m[90m─[39m[90m─[39m[90m─[39m[90m─[39m[90m─[39m[90m─[39m[90m─[39m[90m─[39m[90m─[39m[90m─[39m[90m─[39m[90m─[39m[90m─[39m[90m─[39m[90m─[39m[90m─[39m[90m─[39m[90m─[39m[90m─[39m[90m─[39m[90m─[39m[90m─[39m[90m─[39m[90m─[39m[90m─[39m[90m─[39m[90m─[39m[90m─[39m[90m─[39m[90m─[39m[90m─[39m[90m─[39m[90m─[39m[90m─[39m[90m─[39m[90m─[39m[90m─[39m[90m─[39m[90m─[39m[90m─[39m[90m─[39m[90m─[39m[90m─[39m[90m─[39m[90m─[39m[90m─[39m[90m─[39m[90m─[39m[90m─[39m[90m─[39m[90m─[39m[90m─[39m[90m─[39m[90m─[39m[90m─[39m[90m─[39m[90m─[39m[90m─[39m[90m─[39m[90m─[39m[90m─[39m[90m─[39m[90m─[39m[90m─[39m[90m─[39m[90m─[39m[90m─[39m[90m─[39m[90m─[39m[90m┐[39m
Admin UI E2E (4, chrome)	Run Cypress	2025-01-20T12:04:25.8585606Z [90m  │[39m [90mTests:[39m        [32m3[39m                                                                                [90m│[39m
Admin UI E2E (4, chrome)	Run Cypress	2025-01-20T12:04:25.8586404Z [90m  │[39m [90mPassing:[39m      [32m3[39m                                                                                [90m│[39m
Admin UI E2E (4, chrome)	Run Cypress	2025-01-20T12:04:25.8587575Z [90m  │[39m [90mFailing:[39m      [32m0[39m                                                                                [90m│[39m
Admin UI E2E (4, chrome)	Run Cypress	2025-01-20T12:04:25.8588735Z [90m  │[39m [90mPending:[39m      [32m0[39m                                                                                [90m│[39m
Admin UI E2E (4, chrome)	Run Cypress	2025-01-20T12:04:25.8589746Z [90m  │[39m [90mSkipped:[39m      [32m0[39m                                                                                [90m│[39m
Admin UI E2E (4, chrome)	Run Cypress	2025-01-20T12:04:25.8592089Z [90m  │[39m [90mScreenshots:[39m  [32m0[39m                                                                                [90m│[39m
Admin UI E2E (4, chrome)	Run Cypress	2025-01-20T12:04:25.8593562Z [90m  │[39m [90mVideo:[39m        [32mfalse[39m                                                                            [90m│[39m
Admin UI E2E (4, chrome)	Run Cypress	2025-01-20T12:04:25.8594941Z [90m  │[39m [90mDuration:[39m     [32m10 seconds[39m                                                                       [90m│[39m
Admin UI E2E (4, chrome)	Run Cypress	2025-01-20T12:04:25.8596378Z [90m  │[39m [90mSpec Ran:[39m     [32m[32mpartial_export_test.spec.ts[32m[39m                                                      [90m│[39m
Admin UI E2E (4, chrome)	Run Cypress	2025-01-20T12:04:25.8603703Z [90m  └[39m[90m─[39m[90m─[39m[90m─[39m[90m─[39m[90m─[39m[90m─[39m[90m─[39m[90m─[39m[90m─[39m[90m─[39m[90m─[39m[90m─[39m[90m─[39m[90m─[39m[90m─[39m[90m─[39m[90m─[39m[90m─[39m[90m─[39m[90m─[39m[90m─[39m[90m─[39m[90m─[39m[90m─[39m[90m─[39m[90m─[39m[90m─[39m[90m─[39m[90m─[39m[90m─[39m[90m─[39m[90m─[39m[90m─[39m[90m─[39m[90m─[39m[90m─[39m[90m─[39m[90m─[39m[90m─[39m[90m─[39m[90m─[39m[90m─[39m[90m─[39m[90m─[39m[90m─[39m[90m─[39m[90m─[39m[90m─[39m[90m─[39m[90m─[39m[90m─[39m[90m─[39m[90m─[39m[90m─[39m[90m─[39m[90m─[39m[90m─[39m[90m─[39m[90m─[39m[90m─[39m[90m─[39m[90m─[39m[90m─[39m[90m─[39m[90m─[39m[90m─[39m[90m─[39m[90m─[39m[90m─[39m[90m─[39m[90m─[39m[90m─[39m[90m─[39m[90m─[39m[90m─[39m[90m─[39m[90m─[39m[90m─[39m[90m─[39m[90m─[39m[90m─[39m[90m─[39m[90m─[39m[90m─[39m[90m─[39m[90m─[39m[90m─[39m[90m─[39m[90m─[39m[90m─[39m[90m─[39m[90m─[39m[90m─[39m[90m─[39m[90m─[39m[90m─[39m[90m┘[39m
Admin UI E2E (4, chrome)	Run Cypress	2025-01-20T12:04:25.8607423Z 
Admin UI E2E (4, chrome)	Run Cypress	2025-01-20T12:04:25.9007372Z 
Admin UI E2E (4, chrome)	Run Cypress	2025-01-20T12:04:25.9015246Z [90m─[39m[90m─[39m[90m─[39m[90m─[39m[90m─[39m[90m─[39m[90m─[39m[90m─[39m[90m─[39m[90m─[39m[90m─[39m[90m─[39m[90m─[39m[90m─[39m[90m─[39m[90m─[39m[90m─[39m[90m─[39m[90m─[39m[90m─[39m[90m─[39m[90m─[39m[90m─[39m[90m─[39m[90m─[39m[90m─[39m[90m─[39m[90m─[39m[90m─[39m[90m─[39m[90m─[39m[90m─[39m[90m─[39m[90m─[39m[90m─[39m[90m─[39m[90m─[39m[90m─[39m[90m─[39m[90m─[39m[90m─[39m[90m─[39m[90m─[39m[90m─[39m[90m─[39m[90m─[39m[90m─[39m[90m─[39m[90m─[39m[90m─[39m[90m─[39m[90m─[39m[90m─[39m[90m─[39m[90m─[39m[90m─[39m[90m─[39m[90m─[39m[90m─[39m[90m─[39m[90m─[39m[90m─[39m[90m─[39m[90m─[39m[90m─[39m[90m─[39m[90m─[39m[90m─[39m[90m─[39m[90m─[39m[90m─[39m[90m─[39m[90m─[39m[90m─[39m[90m─[39m[90m─[39m[90m─[39m[90m─[39m[90m─[39m[90m─[39m[90m─[39m[90m─[39m[90m─[39m[90m─[39m[90m─[39m[90m─[39m[90m─[39m[90m─[39m[90m─[39m[90m─[39m[90m─[39m[90m─[39m[90m─[39m[90m─[39m[90m─[39m[90m─[39m[90m─[39m[90m─[39m[90m─[39m[90m─[39m
Admin UI E2E (4, chrome)	Run Cypress	2025-01-20T12:04:25.9042084Z                                                                                                     
Admin UI E2E (4, chrome)	Run Cypress	2025-01-20T12:04:25.9043237Z   Running:  [90midentity_providers_oidc_test.spec.ts[39m                                            [90m(3 of 8)[39m
Admin UI E2E (4, chrome)	Run Cypress	2025-01-20T12:04:28.5936611Z 
Admin UI E2E (4, chrome)	Run Cypress	2025-01-20T12:04:28.5937436Z [0m[0m
Admin UI E2E (4, chrome)	Run Cypress	2025-01-20T12:04:28.6014700Z [0m  OIDC identity provider test[0m
Admin UI E2E (4, chrome)	Run Cypress	2025-01-20T12:04:28.6016401Z [0m    OIDC Identity provider creation[0m
Admin UI E2E (4, chrome)	Run Cypress	2025-01-20T12:04:36.9265642Z     [32m  ✓[0m[90m should create an OIDC provider using discovery url[0m[90m (8203ms)[0m
Admin UI E2E (4, chrome)	Run Cypress	2025-01-20T12:04:54.7715544Z     [32m  ✓[0m[90m should test all settings[0m[90m (17559ms)[0m
Admin UI E2E (4, chrome)	Run Cypress	2025-01-20T12:04:58.4713192Z     [32m  ✓[0m[90m should add OIDC mapper of type Attribute Importer[0m[90m (3605ms)[0m
Admin UI E2E (4, chrome)	Run Cypress	2025-01-20T12:05:02.7885175Z     [32m  ✓[0m[90m should add OIDC mapper of type Claim To Role[0m[90m (4269ms)[0m
Admin UI E2E (4, chrome)	Run Cypress	2025-01-20T12:05:05.2081978Z     [32m  ✓[0m[90m should cancel the addition of the OIDC mapper[0m[90m (2299ms)[0m
Admin UI E2E (4, chrome)	Run Cypress	2025-01-20T12:05:07.1019749Z     [32m  ✓[0m[90m clean up providers[0m[90m (1819ms)[0m
Admin UI E2E (4, chrome)	Run Cypress	2025-01-20T12:05:07.1020434Z 
Admin UI E2E (4, chrome)	Run Cypress	2025-01-20T12:05:07.1301320Z 
Admin UI E2E (4, chrome)	Run Cypress	2025-01-20T12:05:07.1302558Z [92m [0m[32m 6 passing[0m[90m (39s)[0m
Admin UI E2E (4, chrome)	Run Cypress	2025-01-20T12:05:07.1302986Z 
Admin UI E2E (4, chrome)	Run Cypress	2025-01-20T12:05:08.1674461Z 
Admin UI E2E (4, chrome)	Run Cypress	2025-01-20T12:05:08.1676328Z [32m  ([4m[1mResults[22m[24m)[39m
Admin UI E2E (4, chrome)	Run Cypress	2025-01-20T12:05:08.1694232Z 
Admin UI E2E (4, chrome)	Run Cypress	2025-01-20T12:05:08.1707135Z [90m  ┌[39m[90m─[39m[90m─[39m[90m─[39m[90m─[39m[90m─[39m[90m─[39m[90m─[39m[90m─[39m[90m─[39m[90m─[39m[90m─[39m[90m─[39m[90m─[39m[90m─[39m[90m─[39m[90m─[39m[90m─[39m[90m─[39m[90m─[39m[90m─[39m[90m─[39m[90m─[39m[90m─[39m[90m─[39m[90m─[39m[90m─[39m[90m─[39m[90m─[39m[90m─[39m[90m─[39m[90m─[39m[90m─[39m[90m─[39m[90m─[39m[90m─[39m[90m─[39m[90m─[39m[90m─[39m[90m─[39m[90m─[39m[90m─[39m[90m─[39m[90m─[39m[90m─[39m[90m─[39m[90m─[39m[90m─[39m[90m─[39m[90m─[39m[90m─[39m[90m─[39m[90m─[39m[90m─[39m[90m─[39m[90m─[39m[90m─[39m[90m─[39m[90m─[39m[90m─[39m[90m─[39m[90m─[39m[90m─[39m[90m─[39m[90m─[39m[90m─[39m[90m─[39m[90m─[39m[90m─[39m[90m─[39m[90m─[39m[90m─[39m[90m─[39m[90m─[39m[90m─[39m[90m─[39m[90m─[39m[90m─[39m[90m─[39m[90m─[39m[90m─[39m[90m─[39m[90m─[39m[90m─[39m[90m─[39m[90m─[39m[90m─[39m[90m─[39m[90m─[39m[90m─[39m[90m─[39m[90m─[39m[90m─[39m[90m─[39m[90m─[39m[90m─[39m[90m─[39m[90m┐[39m
Admin UI E2E (4, chrome)	Run Cypress	2025-01-20T12:05:08.1712485Z [90m  │[39m [90mTests:[39m        [32m6[39m                                                                                [90m│[39m
Admin UI E2E (4, chrome)	Run Cypress	2025-01-20T12:05:08.1713638Z [90m  │[39m [90mPassing:[39m      [32m6[39m                                                                                [90m│[39m
Admin UI E2E (4, chrome)	Run Cypress	2025-01-20T12:05:08.1715143Z [90m  │[39m [90mFailing:[39m      [32m0[39m                                                                                [90m│[39m
Admin UI E2E (4, chrome)	Run Cypress	2025-01-20T12:05:08.1716306Z [90m  │[39m [90mPending:[39m      [32m0[39m                                                                                [90m│[39m
Admin UI E2E (4, chrome)	Run Cypress	2025-01-20T12:05:08.1717543Z [90m  │[39m [90mSkipped:[39m      [32m0[39m                                                                                [90m│[39m
Admin UI E2E (4, chrome)	Run Cypress	2025-01-20T12:05:08.1719204Z [90m  │[39m [90mScreenshots:[39m  [32m0[39m                                                                                [90m│[39m
Admin UI E2E (4, chrome)	Run Cypress	2025-01-20T12:05:08.1720636Z [90m  │[39m [90mVideo:[39m        [32mfalse[39m                                                                            [90m│[39m
Admin UI E2E (4, chrome)	Run Cypress	2025-01-20T12:05:08.1721828Z [90m  │[39m [90mDuration:[39m     [32m38 seconds[39m                                                                       [90m│[39m
Admin UI E2E (4, chrome)	Run Cypress	2025-01-20T12:05:08.1723285Z [90m  │[39m [90mSpec Ran:[39m     [32m[32midentity_providers_oidc_test.spec.ts[32m[39m                                             [90m│[39m
Admin UI E2E (4, chrome)	Run Cypress	2025-01-20T12:05:08.1730590Z [90m  └[39m[90m─[39m[90m─[39m[90m─[39m[90m─[39m[90m─[39m[90m─[39m[90m─[39m[90m─[39m[90m─[39m[90m─[39m[90m─[39m[90m─[39m[90m─[39m[90m─[39m[90m─[39m[90m─[39m[90m─[39m[90m─[39m[90m─[39m[90m─[39m[90m─[39m[90m─[39m[90m─[39m[90m─[39m[90m─[39m[90m─[39m[90m─[39m[90m─[39m[90m─[39m[90m─[39m[90m─[39m[90m─[39m[90m─[39m[90m─[39m[90m─[39m[90m─[39m[90m─[39m[90m─[39m[90m─[39m[90m─[39m[90m─[39m[90m─[39m[90m─[39m[90m─[39m[90m─[39m[90m─[39m[90m─[39m[90m─[39m[90m─[39m[90m─[39m[90m─[39m[90m─[39m[90m─[39m[90m─[39m[90m─[39m[90m─[39m[90m─[39m[90m─[39m[90m─[39m[90m─[39m[90m─[39m[90m─[39m[90m─[39m[90m─[39m[90m─[39m[90m─[39m[90m─[39m[90m─[39m[90m─[39m[90m─[39m[90m─[39m[90m─[39m[90m─[39m[90m─[39m[90m─[39m[90m─[39m[90m─[39m[90m─[39m[90m─[39m[90m─[39m[90m─[39m[90m─[39m[90m─[39m[90m─[39m[90m─[39m[90m─[39m[90m─[39m[90m─[39m[90m─[39m[90m─[39m[90m─[39m[90m─[39m[90m─[39m[90m─[39m[90m─[39m[90m─[39m[90m┘[39m
Admin UI E2E (4, chrome)	Run Cypress	2025-01-20T12:05:08.1734385Z 
Admin UI E2E (4, chrome)	Run Cypress	2025-01-20T12:05:08.2019191Z 
Admin UI E2E (4, chrome)	Run Cypress	2025-01-20T12:05:08.2030435Z [90m─[39m[90m─[39m[90m─[39m[90m─[39m[90m─[39m[90m─[39m[90m─[39m[90m─[39m[90m─[39m[90m─[39m[90m─[39m[90m─[39m[90m─[39m[90m─[39m[90m─[39m[90m─[39m[90m─[39m[90m─[39m[90m─[39m[90m─[39m[90m─[39m[90m─[39m[90m─[39m[90m─[39m[90m─[39m[90m─[39m[90m─[39m[90m─[39m[90m─[39m[90m─[39m[90m─[39m[90m─[39m[90m─[39m[90m─[39m[90m─[39m[90m─[39m[90m─[39m[90m─[39m[90m─[39m[90m─[39m[90m─[39m[90m─[39m[90m─[39m[90m─[39m[90m─[39m[90m─[39m[90m─[39m[90m─[39m[90m─[39m[90m─[39m[90m─[39m[90m─[39m[90m─[39m[90m─[39m[90m─[39m[90m─[39m[90m─[39m[90m─[39m[90m─[39m[90m─[39m[90m─[39m[90m─[39m[90m─[39m[90m─[39m[90m─[39m[90m─[39m[90m─[39m[90m─[39m[90m─[39m[90m─[39m[90m─[39m[90m─[39m[90m─[39m[90m─[39m[90m─[39m[90m─[39m[90m─[39m[90m─[39m[90m─[39m[90m─[39m[90m─[39m[90m─[39m[90m─[39m[90m─[39m[90m─[39m[90m─[39m[90m─[39m[90m─[39m[90m─[39m[90m─[39m[90m─[39m[90m─[39m[90m─[39m[90m─[39m[90m─[39m[90m─[39m[90m─[39m[90m─[39m[90m─[39m[90m─[39m
Admin UI E2E (4, chrome)	Run Cypress	2025-01-20T12:05:08.2032967Z                                                                                                     
Admin UI E2E (4, chrome)	Run Cypress	2025-01-20T12:05:08.2033602Z   Running:  [90musers_enable_disable.spec.ts[39m                                                    [90m(4 of 8)[39m
Admin UI E2E (4, chrome)	Run Cypress	2025-01-20T12:05:11.9543965Z 
Admin UI E2E (4, chrome)	Run Cypress	2025-01-20T12:05:11.9545442Z [0m[0m
Admin UI E2E (4, chrome)	Run Cypress	2025-01-20T12:05:11.9580906Z [0m  User enable/disable[0m
Admin UI E2E (4, chrome)	Run Cypress	2025-01-20T12:05:18.3139105Z   [32m  ✓[0m[90m disables a user[0m[90m (6347ms)[0m
Admin UI E2E (4, chrome)	Run Cypress	2025-01-20T12:05:22.6965095Z   [32m  ✓[0m[90m enables a user[0m[90m (4336ms)[0m
Admin UI E2E (4, chrome)	Run Cypress	2025-01-20T12:05:27.8278062Z   [32m  ✓[0m[90m ensures submitting doesn't reset the enabled state[0m[90m (5093ms)[0m
Admin UI E2E (4, chrome)	Run Cypress	2025-01-20T12:05:27.8281402Z 
Admin UI E2E (4, chrome)	Run Cypress	2025-01-20T12:05:27.8652754Z 
Admin UI E2E (4, chrome)	Run Cypress	2025-01-20T12:05:27.8654934Z [92m [0m[32m 3 passing[0m[90m (16s)[0m
Admin UI E2E (4, chrome)	Run Cypress	2025-01-20T12:05:27.8656754Z 
Admin UI E2E (4, chrome)	Run Cypress	2025-01-20T12:05:28.8929856Z 
Admin UI E2E (4, chrome)	Run Cypress	2025-01-20T12:05:28.8931635Z [32m  ([4m[1mResults[22m[24m)[39m
Admin UI E2E (4, chrome)	Run Cypress	2025-01-20T12:05:28.8947656Z 
Admin UI E2E (4, chrome)	Run Cypress	2025-01-20T12:05:28.8961311Z [90m  ┌[39m[90m─[39m[90m─[39m[90m─[39m[90m─[39m[90m─[39m[90m─[39m[90m─[39m[90m─[39m[90m─[39m[90m─[39m[90m─[39m[90m─[39m[90m─[39m[90m─[39m[90m─[39m[90m─[39m[90m─[39m[90m─[39m[90m─[39m[90m─[39m[90m─[39m[90m─[39m[90m─[39m[90m─[39m[90m─[39m[90m─[39m[90m─[39m[90m─[39m[90m─[39m[90m─[39m[90m─[39m[90m─[39m[90m─[39m[90m─[39m[90m─[39m[90m─[39m[90m─[39m[90m─[39m[90m─[39m[90m─[39m[90m─[39m[90m─[39m[90m─[39m[90m─[39m[90m─[39m[90m─[39m[90m─[39m[90m─[39m[90m─[39m[90m─[39m[90m─[39m[90m─[39m[90m─[39m[90m─[39m[90m─[39m[90m─[39m[90m─[39m[90m─[39m[90m─[39m[90m─[39m[90m─[39m[90m─[39m[90m─[39m[90m─[39m[90m─[39m[90m─[39m[90m─[39m[90m─[39m[90m─[39m[90m─[39m[90m─[39m[90m─[39m[90m─[39m[90m─[39m[90m─[39m[90m─[39m[90m─[39m[90m─[39m[90m─[39m[90m─[39m[90m─[39m[90m─[39m[90m─[39m[90m─[39m[90m─[39m[90m─[39m[90m─[39m[90m─[39m[90m─[39m[90m─[39m[90m─[39m[90m─[39m[90m─[39m[90m─[39m[90m─[39m[90m─[39m[90m┐[39m
Admin UI E2E (4, chrome)	Run Cypress	2025-01-20T12:05:28.8964151Z [90m  │[39m [90mTests:[39m        [32m3[39m                                                                                [90m│[39m
Admin UI E2E (4, chrome)	Run Cypress	2025-01-20T12:05:28.8965022Z [90m  │[39m [90mPassing:[39m      [32m3[39m                                                                                [90m│[39m
Admin UI E2E (4, chrome)	Run Cypress	2025-01-20T12:05:28.8965952Z [90m  │[39m [90mFailing:[39m      [32m0[39m                                                                                [90m│[39m
Admin UI E2E (4, chrome)	Run Cypress	2025-01-20T12:05:28.8967206Z [90m  │[39m [90mPending:[39m      [32m0[39m                                                                                [90m│[39m
Admin UI E2E (4, chrome)	Run Cypress	2025-01-20T12:05:28.8968213Z [90m  │[39m [90mSkipped:[39m      [32m0[39m                                                                                [90m│[39m
Admin UI E2E (4, chrome)	Run Cypress	2025-01-20T12:05:28.8969182Z [90m  │[39m [90mScreenshots:[39m  [32m0[39m                                                                                [90m│[39m
Admin UI E2E (4, chrome)	Run Cypress	2025-01-20T12:05:28.8970855Z [90m  │[39m [90mVideo:[39m        [32mfalse[39m                                                                            [90m│[39m
Admin UI E2E (4, chrome)	Run Cypress	2025-01-20T12:05:28.8972329Z [90m  │[39m [90mDuration:[39m     [32m15 seconds[39m                                                                       [90m│[39m
Admin UI E2E (4, chrome)	Run Cypress	2025-01-20T12:05:28.8974484Z [90m  │[39m [90mSpec Ran:[39m     [32m[32musers_enable_disable.spec.ts[32m[39m                                                     [90m│[39m
Admin UI E2E (4, chrome)	Run Cypress	2025-01-20T12:05:28.8981821Z [90m  └[39m[90m─[39m[90m─[39m[90m─[39m[90m─[39m[90m─[39m[90m─[39m[90m─[39m[90m─[39m[90m─[39m[90m─[39m[90m─[39m[90m─[39m[90m─[39m[90m─[39m[90m─[39m[90m─[39m[90m─[39m[90m─[39m[90m─[39m[90m─[39m[90m─[39m[90m─[39m[90m─[39m[90m─[39m[90m─[39m[90m─[39m[90m─[39m[90m─[39m[90m─[39m[90m─[39m[90m─[39m[90m─[39m[90m─[39m[90m─[39m[90m─[39m[90m─[39m[90m─[39m[90m─[39m[90m─[39m[90m─[39m[90m─[39m[90m─[39m[90m─[39m[90m─[39m[90m─[39m[90m─[39m[90m─[39m[90m─[39m[90m─[39m[90m─[39m[90m─[39m[90m─[39m[90m─[39m[90m─[39m[90m─[39m[90m─[39m[90m─[39m[90m─[39m[90m─[39m[90m─[39m[90m─[39m[90m─[39m[90m─[39m[90m─[39m[90m─[39m[90m─[39m[90m─[39m[90m─[39m[90m─[39m[90m─[39m[90m─[39m[90m─[39m[90m─[39m[90m─[39m[90m─[39m[90m─[39m[90m─[39m[90m─[39m[90m─[39m[90m─[39m[90m─[39m[90m─[39m[90m─[39m[90m─[39m[90m─[39m[90m─[39m[90m─[39m[90m─[39m[90m─[39m[90m─[39m[90m─[39m[90m─[39m[90m─[39m[90m─[39m[90m─[39m[90m─[39m[90m┘[39m
Admin UI E2E (4, chrome)	Run Cypress	2025-01-20T12:05:28.8985823Z 
Admin UI E2E (4, chrome)	Run Cypress	2025-01-20T12:05:28.9268117Z 
Admin UI E2E (4, chrome)	Run Cypress	2025-01-20T12:05:28.9280015Z [90m─[39m[90m─[39m[90m─[39m[90m─[39m[90m─[39m[90m─[39m[90m─[39m[90m─[39m[90m─[39m[90m─[39m[90m─[39m[90m─[39m[90m─[39m[90m─[39m[90m─[39m[90m─[39m[90m─[39m[90m─[39m[90m─[39m[90m─[39m[90m─[39m[90m─[39m[90m─[39m[90m─[39m[90m─[39m[90m─[39m[90m─[39m[90m─[39m[90m─[39m[90m─[39m[90m─[39m[90m─[39m[90m─[39m[90m─[39m[90m─[39m[90m─[39m[90m─[39m[90m─[39m[90m─[39m[90m─[39m[90m─[39m[90m─[39m[90m─[39m[90m─[39m[90m─[39m[90m─[39m[90m─[39m[90m─[39m[90m─[39m[90m─[39m[90m─[39m[90m─[39m[90m─[39m[90m─[39m[90m─[39m[90m─[39m[90m─[39m[90m─[39m[90m─[39m[90m─[39m[90m─[39m[90m─[39m[90m─[39m[90m─[39m[90m─[39m[90m─[39m[90m─[39m[90m─[39m[90m─[39m[90m─[39m[90m─[39m[90m─[39m[90m─[39m[90m─[39m[90m─[39m[90m─[39m[90m─[39m[90m─[39m[90m─[39m[90m─[39m[90m─[39m[90m─[39m[90m─[39m[90m─[39m[90m─[39m[90m─[39m[90m─[39m[90m─[39m[90m─[39m[90m─[39m[90m─[39m[90m─[39m[90m─[39m[90m─[39m[90m─[39m[90m─[39m[90m─[39m[90m─[39m[90m─[39m[90m─[39m
Admin UI E2E (4, chrome)	Run Cypress	2025-01-20T12:05:28.9284995Z                                                                                                     
Admin UI E2E (4, chrome)	Run Cypress	2025-01-20T12:05:28.9286211Z   Running:  [90mclients_role.spec.ts[39m                                                            [90m(5 of 8)[39m
Admin UI E2E (4, chrome)	Run Cypress	2025-01-20T12:05:32.2316493Z 
Admin UI E2E (4, chrome)	Run Cypress	2025-01-20T12:05:32.2317875Z [0m[0m
Admin UI E2E (4, chrome)	Run Cypress	2025-01-20T12:05:32.2365652Z [0m  Roles tab test[0m
Admin UI E2E (4, chrome)	Run Cypress	2025-01-20T12:05:40.3531475Z   [32m  ✓[0m[90m Should fail to create client role with empty name[0m[90m (8067ms)[0m
Admin UI E2E (4, chrome)	Run Cypress	2025-01-20T12:05:44.9364511Z   [32m  ✓[0m[90m Should create client role[0m[90m (4535ms)[0m
Admin UI E2E (4, chrome)	Run Cypress	2025-01-20T12:05:50.0498795Z   [32m  ✓[0m[90m Should update client role description[0m[90m (5063ms)[0m
Admin UI E2E (4, chrome)	Run Cypress	2025-01-20T12:05:55.8982634Z   [32m  ✓[0m[90m Should add attribute to client role[0m[90m (5801ms)[0m
Admin UI E2E (4, chrome)	Run Cypress	2025-01-20T12:05:59.7346034Z   [32m  ✓[0m[90m Should delete attribute from client role[0m[90m (3802ms)[0m
Admin UI E2E (4, chrome)	Run Cypress	2025-01-20T12:06:04.0823675Z   [32m  ✓[0m[90m Should create client role to be deleted[0m[90m (4288ms)[0m
Admin UI E2E (4, chrome)	Run Cypress	2025-01-20T12:06:08.1851443Z   [32m  ✓[0m[90m Should fail to create duplicate client role[0m[90m (4067ms)[0m
Admin UI E2E (4, chrome)	Run Cypress	2025-01-20T12:06:12.4137827Z   [32m  ✓[0m[90m Should search existing client role[0m[90m (4189ms)[0m
Admin UI E2E (4, chrome)	Run Cypress	2025-01-20T12:06:16.1662463Z   [32m  ✓[0m[90m Should search non-existing role test[0m[90m (3704ms)[0m
Admin UI E2E (4, chrome)	Run Cypress	2025-01-20T12:06:19.8647191Z   [32m  ✓[0m[90m roles empty search test[0m[90m (3657ms)[0m
Admin UI E2E (4, chrome)	Run Cypress	2025-01-20T12:06:26.7792948Z   [32m  ✓[0m[90m Add associated roles test[0m[90m (6866ms)[0m
Admin UI E2E (4, chrome)	Run Cypress	2025-01-20T12:06:30.7626285Z   [32m  ✓[0m[90m Should hide inherited roles test[0m[90m (3913ms)[0m
Admin UI E2E (4, chrome)	Run Cypress	2025-01-20T12:06:35.2334688Z   [32m  ✓[0m[90m Should delete associated roles test[0m[90m (4445ms)[0m
Admin UI E2E (4, chrome)	Run Cypress	2025-01-20T12:06:39.8121023Z   [32m  ✓[0m[90m Should delete associated role from search bar test[0m[90m (4553ms)[0m
Admin UI E2E (4, chrome)	Run Cypress	2025-01-20T12:06:43.3395848Z   [32m  ✓[0m[90m Should delete client role test[0m[90m (3482ms)[0m
Admin UI E2E (4, chrome)	Run Cypress	2025-01-20T12:06:47.7855055Z   [32m  ✓[0m[90m Should delete client role from role details test[0m[90m (3813ms)[0m
Admin UI E2E (4, chrome)	Run Cypress	2025-01-20T12:06:47.7855823Z 
Admin UI E2E (4, chrome)	Run Cypress	2025-01-20T12:06:47.8006491Z 
Admin UI E2E (4, chrome)	Run Cypress	2025-01-20T12:06:47.8007943Z [92m [0m[32m 16 passing[0m[90m (1m)[0m
Admin UI E2E (4, chrome)	Run Cypress	2025-01-20T12:06:47.8008366Z 
Admin UI E2E (4, chrome)	Run Cypress	2025-01-20T12:06:48.8212226Z 
Admin UI E2E (4, chrome)	Run Cypress	2025-01-20T12:06:48.8213496Z [32m  ([4m[1mResults[22m[24m)[39m
Admin UI E2E (4, chrome)	Run Cypress	2025-01-20T12:06:48.8229031Z 
Admin UI E2E (4, chrome)	Run Cypress	2025-01-20T12:06:48.8242359Z [90m  ┌[39m[90m─[39m[90m─[39m[90m─[39m[90m─[39m[90m─[39m[90m─[39m[90m─[39m[90m─[39m[90m─[39m[90m─[39m[90m─[39m[90m─[39m[90m─[39m[90m─[39m[90m─[39m[90m─[39m[90m─[39m[90m─[39m[90m─[39m[90m─[39m[90m─[39m[90m─[39m[90m─[39m[90m─[39m[90m─[39m[90m─[39m[90m─[39m[90m─[39m[90m─[39m[90m─[39m[90m─[39m[90m─[39m[90m─[39m[90m─[39m[90m─[39m[90m─[39m[90m─[39m[90m─[39m[90m─[39m[90m─[39m[90m─[39m[90m─[39m[90m─[39m[90m─[39m[90m─[39m[90m─[39m[90m─[39m[90m─[39m[90m─[39m[90m─[39m[90m─[39m[90m─[39m[90m─[39m[90m─[39m[90m─[39m[90m─[39m[90m─[39m[90m─[39m[90m─[39m[90m─[39m[90m─[39m[90m─[39m[90m─[39m[90m─[39m[90m─[39m[90m─[39m[90m─[39m[90m─[39m[90m─[39m[90m─[39m[90m─[39m[90m─[39m[90m─[39m[90m─[39m[90m─[39m[90m─[39m[90m─[39m[90m─[39m[90m─[39m[90m─[39m[90m─[39m[90m─[39m[90m─[39m[90m─[39m[90m─[39m[90m─[39m[90m─[39m[90m─[39m[90m─[39m[90m─[39m[90m─[39m[90m─[39m[90m─[39m[90m─[39m[90m─[39m[90m─[39m[90m┐[39m
Admin UI E2E (4, chrome)	Run Cypress	2025-01-20T12:06:48.8245301Z [90m  │[39m [90mTests:[39m        [32m16[39m                                                                               [90m│[39m
Admin UI E2E (4, chrome)	Run Cypress	2025-01-20T12:06:48.8246036Z [90m  │[39m [90mPassing:[39m      [32m16[39m                                                                               [90m│[39m
Admin UI E2E (4, chrome)	Run Cypress	2025-01-20T12:06:48.8246742Z [90m  │[39m [90mFailing:[39m      [32m0[39m                                                                                [90m│[39m
Admin UI E2E (4, chrome)	Run Cypress	2025-01-20T12:06:48.8247752Z [90m  │[39m [90mPending:[39m      [32m0[39m                                                                                [90m│[39m
Admin UI E2E (4, chrome)	Run Cypress	2025-01-20T12:06:48.8248484Z [90m  │[39m [90mSkipped:[39m      [32m0[39m                                                                                [90m│[39m
Admin UI E2E (4, chrome)	Run Cypress	2025-01-20T12:06:48.8249189Z [90m  │[39m [90mScreenshots:[39m  [32m0[39m                                                                                [90m│[39m
Admin UI E2E (4, chrome)	Run Cypress	2025-01-20T12:06:48.8249879Z [90m  │[39m [90mVideo:[39m        [32mfalse[39m                                                                            [90m│[39m
Admin UI E2E (4, chrome)	Run Cypress	2025-01-20T12:06:48.8251203Z [90m  │[39m [90mDuration:[39m     [32m1 minute, 15 seconds[39m                                                             [90m│[39m
Admin UI E2E (4, chrome)	Run Cypress	2025-01-20T12:06:48.8252272Z [90m  │[39m [90mSpec Ran:[39m     [32m[32mclients_role.spec.ts[32m[39m                                                             [90m│[39m
Admin UI E2E (4, chrome)	Run Cypress	2025-01-20T12:06:48.8258570Z [90m  └[39m[90m─[39m[90m─[39m[90m─[39m[90m─[39m[90m─[39m[90m─[39m[90m─[39m[90m─[39m[90m─[39m[90m─[39m[90m─[39m[90m─[39m[90m─[39m[90m─[39m[90m─[39m[90m─[39m[90m─[39m[90m─[39m[90m─[39m[90m─[39m[90m─[39m[90m─[39m[90m─[39m[90m─[39m[90m─[39m[90m─[39m[90m─[39m[90m─[39m[90m─[39m[90m─[39m[90m─[39m[90m─[39m[90m─[39m[90m─[39m[90m─[39m[90m─[39m[90m─[39m[90m─[39m[90m─[39m[90m─[39m[90m─[39m[90m─[39m[90m─[39m[90m─[39m[90m─[39m[90m─[39m[90m─[39m[90m─[39m[90m─[39m[90m─[39m[90m─[39m[90m─[39m[90m─[39m[90m─[39m[90m─[39m[90m─[39m[90m─[39m[90m─[39m[90m─[39m[90m─[39m[90m─[39m[90m─[39m[90m─[39m[90m─[39m[90m─[39m[90m─[39m[90m─[39m[90m─[39m[90m─[39m[90m─[39m[90m─[39m[90m─[39m[90m─[39m[90m─[39m[90m─[39m[90m─[39m[90m─[39m[90m─[39m[90m─[39m[90m─[39m[90m─[39m[90m─[39m[90m─[39m[90m─[39m[90m─[39m[90m─[39m[90m─[39m[90m─[39m[90m─[39m[90m─[39m[90m─[39m[90m─[39m[90m─[39m[90m─[39m[90m─[39m[90m─[39m[90m┘[39m
Admin UI E2E (4, chrome)	Run Cypress	2025-01-20T12:06:48.8262860Z 
Admin UI E2E (4, chrome)	Run Cypress	2025-01-20T12:06:48.8561065Z 
Admin UI E2E (4, chrome)	Run Cypress	2025-01-20T12:06:48.8572969Z [90m─[39m[90m─[39m[90m─[39m[90m─[39m[90m─[39m[90m─[39m[90m─[39m[90m─[39m[90m─[39m[90m─[39m[90m─[39m[90m─[39m[90m─[39m[90m─[39m[90m─[39m[90m─[39m[90m─[39m[90m─[39m[90m─[39m[90m─[39m[90m─[39m[90m─[39m[90m─[39m[90m─[39m[90m─[39m[90m─[39m[90m─[39m[90m─[39m[90m─[39m[90m─[39m[90m─[39m[90m─[39m[90m─[39m[90m─[39m[90m─[39m[90m─[39m[90m─[39m[90m─[39m[90m─[39m[90m─[39m[90m─[39m[90m─[39m[90m─[39m[90m─[39m[90m─[39m[90m─[39m[90m─[39m[90m─[39m[90m─[39m[90m─[39m[90m─[39m[90m─[39m[90m─[39m[90m─[39m[90m─[39m[90m─[39m[90m─[39m[90m─[39m[90m─[39m[90m─[39m[90m─[39m[90m─[39m[90m─[39m[90m─[39m[90m─[39m[90m─[39m[90m─[39m[90m─[39m[90m─[39m[90m─[39m[90m─[39m[90m─[39m[90m─[39m[90m─[39m[90m─[39m[90m─[39m[90m─[39m[90m─[39m[90m─[39m[90m─[39m[90m─[39m[90m─[39m[90m─[39m[90m─[39m[90m─[39m[90m─[39m[90m─[39m[90m─[39m[90m─[39m[90m─[39m[90m─[39m[90m─[39m[90m─[39m[90m─[39m[90m─[39m[90m─[39m[90m─[39m[90m─[39m[90m─[39m[90m─[39m
Admin UI E2E (4, chrome)	Run Cypress	2025-01-20T12:06:48.8578319Z                                                                                                     
Admin UI E2E (4, chrome)	Run Cypress	2025-01-20T12:06:48.8579384Z   Running:  [90mclients_test.spec.ts[39m                                                            [90m(6 of 8)[39m
Admin UI E2E (4, chrome)	Run Cypress	2025-01-20T12:06:52.9934828Z 
Admin UI E2E (4, chrome)	Run Cypress	2025-01-20T12:06:52.9944301Z [0m[0m
Admin UI E2E (4, chrome)	Run Cypress	2025-01-20T12:06:52.9964934Z [0m  Clients test[0m
Admin UI E2E (4, chrome)	Run Cypress	2025-01-20T12:06:53.8206723Z [0m    Client creation[0m
Admin UI E2E (4, chrome)	Run Cypress	2025-01-20T12:06:58.5852326Z     [32m  ✓[0m[90m Should cancel creating client[0m[90m (5541ms)[0m
Admin UI E2E (4, chrome)	Run Cypress	2025-01-20T12:07:03.3378503Z     [32m  ✓[0m[90m Should check settings elements[0m[90m (4709ms)[0m
Admin UI E2E (4, chrome)	Run Cypress	2025-01-20T12:07:05.8049496Z     [32m  ✓[0m[90m Should navigate to previous using 'back' button[0m[90m (2438ms)[0m
Admin UI E2E (4, chrome)	Run Cypress	2025-01-20T12:07:08.9834374Z     [32m  ✓[0m[90m Should fail creating client[0m[90m (3150ms)[0m
Admin UI E2E (4, chrome)	Run Cypress	2025-01-20T12:07:15.1782023Z     [32m  ✓[0m[90m Client CRUD test[0m[90m (6139ms)[0m
Admin UI E2E (4, chrome)	Run Cypress	2025-01-20T12:07:17.2694380Z     [32m  ✓[0m[90m Should fail to create imported client with empty ID[0m[90m (2061ms)[0m
Admin UI E2E (4, chrome)	Run Cypress	2025-01-20T12:07:22.1628599Z     [32m  ✓[0m[90m Should fail to create client with same ID[0m[90m (4864ms)[0m
Admin UI E2E (4, chrome)	Run Cypress	2025-01-20T12:07:24.2265746Z     [32m  ✓[0m[90m should delete 'identical' client id[0m[90m (2019ms)[0m
Admin UI E2E (4, chrome)	Run Cypress	2025-01-20T12:07:24.2436748Z [0m    Service account tab test[0m
Admin UI E2E (4, chrome)	Run Cypress	2025-01-20T12:07:28.4574955Z     [32m  ✓[0m[90m List[0m[90m (4189ms)[0m
Admin UI E2E (4, chrome)	Run Cypress	2025-01-20T12:08:05.7608038Z       [33m(Attempt 1 of 4)[0m Assign
Admin UI E2E (4, chrome)	Run Cypress	2025-01-20T12:08:46.7001137Z       [33m(Attempt 2 of 4)[0m Assign
Admin UI E2E (4, chrome)	Run Cypress	2025-01-20T12:09:30.8389203Z       [33m(Attempt 3 of 4)[0m Assign
Admin UI E2E (4, chrome)	Run Cypress	2025-01-20T12:10:17.6249743Z     [31m  1) Assign[0m
Admin UI E2E (4, chrome)	Run Cypress	2025-01-20T12:10:18.1203524Z [0m    Mapping tab[0m
Admin UI E2E (4, chrome)	Run Cypress	2025-01-20T12:10:24.0399184Z     [32m  ✓[0m[90m Add mapping to openid client[0m[90m (5663ms)[0m
Admin UI E2E (4, chrome)	Run Cypress	2025-01-20T12:10:24.0814153Z [0m    Keys tab test[0m
Admin UI E2E (4, chrome)	Run Cypress	2025-01-20T12:10:29.7703303Z     [32m  ✓[0m[90m Generate new keys[0m[90m (5423ms)[0m
Admin UI E2E (4, chrome)	Run Cypress	2025-01-20T12:10:29.7832670Z [0m    Realm client[0m
Admin UI E2E (4, chrome)	Run Cypress	2025-01-20T12:10:33.6421911Z     [32m  ✓[0m[90m Displays the correct tabs[0m[90m (3604ms)[0m
Admin UI E2E (4, chrome)	Run Cypress	2025-01-20T12:10:37.2877859Z     [32m  ✓[0m[90m Hides the delete action[0m[90m (3493ms)[0m
Admin UI E2E (4, chrome)	Run Cypress	2025-01-20T12:10:37.3063972Z [0m    ***
Admin UI E2E (4, chrome)	Run Cypress	2025-01-20T12:10:39.8664679Z     [32m  ✓[0m[90m Shows an explainer text for bearer only clients[0m[90m (2525ms)[0m
Admin UI E2E (4, chrome)	Run Cypress	2025-01-20T12:10:43.5940844Z     [32m  ✓[0m[90m Hides the capability config section[0m[90m (3390ms)[0m
Admin UI E2E (4, chrome)	Run Cypress	2025-01-20T12:10:43.6232103Z [0m    Generated home URLs for built-in clients[0m
Admin UI E2E (4, chrome)	Run Cypress	2025-01-20T12:10:45.9017299Z     [32m  ✓[0m[90m Check account-console Home URL[0m[90m (2116ms)[0m
Admin UI E2E (4, chrome)	Run Cypress	2025-01-20T12:10:47.4889558Z     [32m  ✓[0m[90m Check security-admin-console Home URL[0m[90m (1525ms)[0m
Admin UI E2E (4, chrome)	Run Cypress	2025-01-20T12:10:47.5229625Z [0m    Accessibility tests for clients[0m
Admin UI E2E (4, chrome)	Run Cypress	2025-01-20T12:10:49.4776242Z     [32m  ✓[0m[90m Check a11y violations on load/ clients list tab[0m[90m (1945ms)[0m
Admin UI E2E (4, chrome)	Run Cypress	2025-01-20T12:10:52.3895832Z     [32m  ✓[0m[90m Check a11y violations on create client page[0m[90m (2896ms)[0m
Admin UI E2E (4, chrome)	Run Cypress	2025-01-20T12:11:01.8096936Z     [32m  ✓[0m[90m Check a11y violations on client details page[0m[90m (9330ms)[0m
Admin UI E2E (4, chrome)	Run Cypress	2025-01-20T12:11:05.5697578Z     [32m  ✓[0m[90m Check a11y violations in delete dialog[0m[90m (3631ms)[0m
Admin UI E2E (4, chrome)	Run Cypress	2025-01-20T12:11:07.7670649Z     [32m  ✓[0m[90m Check a11y violations on client registration/ anonymous access policies tab[0m[90m (2137ms)[0m
Admin UI E2E (4, chrome)	Run Cypress	2025-01-20T12:11:10.3439320Z     [32m  ✓[0m[90m Check a11y violations on client registration/ authenticated access policies tab[0m[90m (2149ms)[0m
Admin UI E2E (4, chrome)	Run Cypress	2025-01-20T12:11:10.3446975Z 
Admin UI E2E (4, chrome)	Run Cypress	2025-01-20T12:11:10.3662643Z 
Admin UI E2E (4, chrome)	Run Cypress	2025-01-20T12:11:10.3664919Z [92m [0m[32m 23 passing[0m[90m (4m)[0m
Admin UI E2E (4, chrome)	Run Cypress	2025-01-20T12:11:10.3665634Z [31m  1 failing[0m
Admin UI E2E (4, chrome)	Run Cypress	2025-01-20T12:11:10.3667783Z 
Admin UI E2E (4, chrome)	Run Cypress	2025-01-20T12:11:10.3671784Z [0m  1) Clients test
Admin UI E2E (4, chrome)	Run Cypress	2025-01-20T12:11:10.3672227Z        Service account tab test
Admin UI E2E (4, chrome)	Run Cypress	2025-01-20T12:11:10.3672610Z          Assign:
Admin UI E2E (4, chrome)	Run Cypress	2025-01-20T12:11:10.3674496Z [0m[31m     AssertionError: Timed out retrying after 30000ms: expected '[ <td.pf-v5-c-table__td.pf-v5-c-table__check>, 39 more... ]' not to contain 'create-realm-5f62400f-b580-4fb0-897a-1af5a81953be'[0m[90m
Admin UI E2E (4, chrome)	Run Cypress	2025-01-20T12:11:10.3676248Z       at captureUserInvocationStack (http://localhost:8080/__cypress/runner/cypress_runner.js:138199:94)
Admin UI E2E (4, chrome)	Run Cypress	2025-01-20T12:11:10.3677378Z       at Proxy.<anonymous> (http://localhost:8080/__cypress/runner/cypress_runner.js:138227:9)
Admin UI E2E (4, chrome)	Run Cypress	2025-01-20T12:11:10.3678407Z       at Proxy.<anonymous> (http://localhost:8080/__cypress/runner/cypress_runner.js:138082:14)
Admin UI E2E (4, chrome)	Run Cypress	2025-01-20T12:11:10.3679686Z       at Proxy.overwritingChainableMethodWrapper (http://localhost:8080/__cypress/runner/cypress_runner.js:78320:34)
Admin UI E2E (4, chrome)	Run Cypress	2025-01-20T12:11:10.3681366Z       at Proxy.chainableMethodWrapper (http://localhost:8080/__cypress/runner/cypress_runner.js:78215:49)
Admin UI E2E (4, chrome)	Run Cypress	2025-01-20T12:11:10.3682336Z       at Context.eval (webpack://@keycloak/keycloak-admin-ui/./cypress/support/pages/admin-ui/manage/RoleMappingTab.ts:91:0)
Admin UI E2E (4, chrome)	Run Cypress	2025-01-20T12:11:10.3683055Z       at <unknown> (http://localhost:8080/__cypress/runner/cypress_runner.js:117744:17)
Admin UI E2E (4, chrome)	Run Cypress	2025-01-20T12:11:10.3683602Z       at tryCatcher (http://localhost:8080/__cypress/runner/cypress_runner.js:1777:23)
Admin UI E2E (4, chrome)	Run Cypress	2025-01-20T12:11:10.3684231Z       at Promise.attempt.Promise.try (http://localhost:8080/__cypress/runner/cypress_runner.js:4285:29)
Admin UI E2E (4, chrome)	Run Cypress	2025-01-20T12:11:10.3684923Z       at Context.shouldFnWithCallback (http://localhost:8080/__cypress/runner/cypress_runner.js:117741:66)
Admin UI E2E (4, chrome)	Run Cypress	2025-01-20T12:11:10.3685437Z [0m
Admin UI E2E (4, chrome)	Run Cypress	2025-01-20T12:11:10.3685541Z 
Admin UI E2E (4, chrome)	Run Cypress	2025-01-20T12:11:10.3685550Z 
Admin UI E2E (4, chrome)	Run Cypress	2025-01-20T12:11:11.3796088Z 
Admin UI E2E (4, chrome)	Run Cypress	2025-01-20T12:11:11.3797539Z [31m  ([4m[1mResults[22m[24m)[39m
Admin UI E2E (4, chrome)	Run Cypress	2025-01-20T12:11:11.3802562Z 
Admin UI E2E (4, chrome)	Run Cypress	2025-01-20T12:11:11.3813143Z [90m  ┌[39m[90m─[39m[90m─[39m[90m─[39m[90m─[39m[90m─[39m[90m─[39m[90m─[39m[90m─[39m[90m─[39m[90m─[39m[90m─[39m[90m─[39m[90m─[39m[90m─[39m[90m─[39m[90m─[39m[90m─[39m[90m─[39m[90m─[39m[90m─[39m[90m─[39m[90m─[39m[90m─[39m[90m─[39m[90m─[39m[90m─[39m[90m─[39m[90m─[39m[90m─[39m[90m─[39m[90m─[39m[90m─[39m[90m─[39m[90m─[39m[90m─[39m[90m─[39m[90m─[39m[90m─[39m[90m─[39m[90m─[39m[90m─[39m[90m─[39m[90m─[39m[90m─[39m[90m─[39m[90m─[39m[90m─[39m[90m─[39m[90m─[39m[90m─[39m[90m─[39m[90m─[39m[90m─[39m[90m─[39m[90m─[39m[90m─[39m[90m─[39m[90m─[39m[90m─[39m[90m─[39m[90m─[39m[90m─[39m[90m─[39m[90m─[39m[90m─[39m[90m─[39m[90m─[39m[90m─[39m[90m─[39m[90m─[39m[90m─[39m[90m─[39m[90m─[39m[90m─[39m[90m─[39m[90m─[39m[90m─[39m[90m─[39m[90m─[39m[90m─[39m[90m─[39m[90m─[39m[90m─[39m[90m─[39m[90m─[39m[90m─[39m[90m─[39m[90m─[39m[90m─[39m[90m─[39m[90m─[39m[90m─[39m[90m─[39m[90m─[39m[90m─[39m[90m─[39m[90m┐[39m
Admin UI E2E (4, chrome)	Run Cypress	2025-01-20T12:11:11.3816107Z [90m  │[39m [90mTests:[39m        [31m24[39m                                                                               [90m│[39m
Admin UI E2E (4, chrome)	Run Cypress	2025-01-20T12:11:11.3817106Z [90m  │[39m [90mPassing:[39m      [31m23[39m                                                                               [90m│[39m
Admin UI E2E (4, chrome)	Run Cypress	2025-01-20T12:11:11.3817867Z [90m  │[39m [90mFailing:[39m      [31m1[39m                                                                                [90m│[39m
Admin UI E2E (4, chrome)	Run Cypress	2025-01-20T12:11:11.3818606Z [90m  │[39m [90mPending:[39m      [31m0[39m                                                                                [90m│[39m
Admin UI E2E (4, chrome)	Run Cypress	2025-01-20T12:11:11.3819339Z [90m  │[39m [90mSkipped:[39m      [31m0[39m                                                                                [90m│[39m
Admin UI E2E (4, chrome)	Run Cypress	2025-01-20T12:11:11.3820574Z [90m  │[39m [90mScreenshots:[39m  [31m4[39m                                                                                [90m│[39m
Admin UI E2E (4, chrome)	Run Cypress	2025-01-20T12:11:11.3821681Z [90m  │[39m [90mVideo:[39m        [31mtrue[39m                                                                             [90m│[39m
Admin UI E2E (4, chrome)	Run Cypress	2025-01-20T12:11:11.3822923Z [90m  │[39m [90mDuration:[39m     [31m4 minutes, 17 seconds[39m                                                            [90m│[39m
Admin UI E2E (4, chrome)	Run Cypress	2025-01-20T12:11:11.3824369Z [90m  │[39m [90mSpec Ran:[39m     [31m[31mclients_test.spec.ts[31m[39m                                                             [90m│[39m
Admin UI E2E (4, chrome)	Run Cypress	2025-01-20T12:11:11.3828805Z [90m  └[39m[90m─[39m[90m─[39m[90m─[39m[90m─[39m[90m─[39m[90m─[39m[90m─[39m[90m─[39m[90m─[39m[90m─[39m[90m─[39m[90m─[39m[90m─[39m[90m─[39m[90m─[39m[90m─[39m[90m─[39m[90m─[39m[90m─[39m[90m─[39m[90m─[39m[90m─[39m[90m─[39m[90m─[39m[90m─[39m[90m─[39m[90m─[39m[90m─[39m[90m─[39m[90m─[39m[90m─[39m[90m─[39m[90m─[39m[90m─[39m[90m─[39m[90m─[39m[90m─[39m[90m─[39m[90m─[39m[90m─[39m[90m─[39m[90m─[39m[90m─[39m[90m─[39m[90m─[39m[90m─[39m[90m─[39m[90m─[39m[90m─[39m[90m─[39m[90m─[39m[90m─[39m[90m─[39m[90m─[39m[90m─[39m[90m─[39m[90m─[39m[90m─[39m[90m─[39m[90m─[39m[90m─[39m[90m─[39m[90m─[39m[90m─[39m[90m─[39m[90m─[39m[90m─[39m[90m─[39m[90m─[39m[90m─[39m[90m─[39m[90m─[39m[90m─[39m[90m─[39m[90m─[39m[90m─[39m[90m─[39m[90m─[39m[90m─[39m[90m─[39m[90m─[39m[90m─[39m[90m─[39m[90m─[39m[90m─[39m[90m─[39m[90m─[39m[90m─[39m[90m─[39m[90m─[39m[90m─[39m[90m─[39m[90m─[39m[90m─[39m[90m─[39m[90m─[39m[90m┘[39m
Admin UI E2E (4, chrome)	Run Cypress	2025-01-20T12:11:11.3832373Z 
Admin UI E2E (4, chrome)	Run Cypress	2025-01-20T12:11:11.3832552Z 
Admin UI E2E (4, chrome)	Run Cypress	2025-01-20T12:11:11.3832826Z [33m  ([4m[1mScreenshots[22m[24m)[39m
Admin UI E2E (4, chrome)	Run Cypress	2025-01-20T12:11:11.3833257Z 
Admin UI E2E (4, chrome)	Run Cypress	2025-01-20T12:11:11.3834009Z [90m [39m -  [0m/home/runner/work/keycloak/keycloak/js/apps/admin-ui/cypress/screenshots/clients[0m     [90m[90m(1280x633)[90m[39m
Admin UI E2E (4, chrome)	Run Cypress	2025-01-20T12:11:11.3835245Z [90m [39m    [0m_test.spec.ts/Clients test -- Service account tab test -- Assign (failed).png[0m                  
Admin UI E2E (4, chrome)	Run Cypress	2025-01-20T12:11:11.3837260Z [90m [39m -  [0m/home/runner/work/keycloak/keycloak/js/apps/admin-ui/cypress/screenshots/clients[0m     [90m[90m(1280x633)[90m[39m
Admin UI E2E (4, chrome)	Run Cypress	2025-01-20T12:11:11.3839304Z [90m [39m    [0m_test.spec.ts/Clients test -- Service account tab test -- Assign (failed) (attem[0m               
Admin UI E2E (4, chrome)	Run Cypress	2025-01-20T12:11:11.3840884Z [90m [39m    [0mpt 2).png[0m                                                                                      
Admin UI E2E (4, chrome)	Run Cypress	2025-01-20T12:11:11.3842228Z [90m [39m -  [0m/home/runner/work/keycloak/keycloak/js/apps/admin-ui/cypress/screenshots/clients[0m     [90m[90m(1280x633)[90m[39m
Admin UI E2E (4, chrome)	Run Cypress	2025-01-20T12:11:11.3843588Z [90m [39m    [0m_test.spec.ts/Clients test -- Service account tab test -- Assign (failed) (attem[0m               
Admin UI E2E (4, chrome)	Run Cypress	2025-01-20T12:11:11.3844870Z [90m [39m    [0mpt 3).png[0m                                                                                      
Admin UI E2E (4, chrome)	Run Cypress	2025-01-20T12:11:11.3846403Z [90m [39m -  [0m/home/runner/work/keycloak/keycloak/js/apps/admin-ui/cypress/screenshots/clients[0m     [90m[90m(1280x633)[90m[39m
Admin UI E2E (4, chrome)	Run Cypress	2025-01-20T12:11:11.3847708Z [90m [39m    [0m_test.spec.ts/Clients test -- Service account tab test -- Assign (failed) (attem[0m               
Admin UI E2E (4, chrome)	Run Cypress	2025-01-20T12:11:11.3848672Z [90m [39m    [0mpt 4).png[0m                                                                                      
Admin UI E2E (4, chrome)	Run Cypress	2025-01-20T12:11:11.3849077Z 
Admin UI E2E (4, chrome)	Run Cypress	2025-01-20T12:11:11.4142246Z 
Admin UI E2E (4, chrome)	Run Cypress	2025-01-20T12:11:11.4143214Z [36m  ([4m[1mVideo[22m[24m)[39m
Admin UI E2E (4, chrome)	Run Cypress	2025-01-20T12:11:11.4145922Z 
Admin UI E2E (4, chrome)	Run Cypress	2025-01-20T12:11:11.4147099Z   -  Video output: [36m/home/runner/work/keycloak/keycloak/js/apps/admin-ui/cypress/videos/clients_test.spec.ts.mp4[39m
Admin UI E2E (4, chrome)	Run Cypress	2025-01-20T12:11:11.4149036Z 
Admin UI E2E (4, chrome)	Run Cypress	2025-01-20T12:11:11.4149919Z 
Admin UI E2E (4, chrome)	Run Cypress	2025-01-20T12:11:11.4162302Z [90m─[39m[90m─[39m[90m─[39m[90m─[39m[90m─[39m[90m─[39m[90m─[39m[90m─[39m[90m─[39m[90m─[39m[90m─[39m[90m─[39m[90m─[39m[90m─[39m[90m─[39m[90m─[39m[90m─[39m[90m─[39m[90m─[39m[90m─[39m[90m─[39m[90m─[39m[90m─[39m[90m─[39m[90m─[39m[90m─[39m[90m─[39m[90m─[39m[90m─[39m[90m─[39m[90m─[39m[90m─[39m[90m─[39m[90m─[39m[90m─[39m[90m─[39m[90m─[39m[90m─[39m[90m─[39m[90m─[39m[90m─[39m[90m─[39m[90m─[39m[90m─[39m[90m─[39m[90m─[39m[90m─[39m[90m─[39m[90m─[39m[90m─[39m[90m─[39m[90m─[39m[90m─[39m[90m─[39m[90m─[39m[90m─[39m[90m─[39m[90m─[39m[90m─[39m[90m─[39m[90m─[39m[90m─[39m[90m─[39m[90m─[39m[90m─[39m[90m─[39m[90m─[39m[90m─[39m[90m─[39m[90m─[39m[90m─[39m[90m─[39m[90m─[39m[90m─[39m[90m─[39m[90m─[39m[90m─[39m[90m─[39m[90m─[39m[90m─[39m[90m─[39m[90m─[39m[90m─[39m[90m─[39m[90m─[39m[90m─[39m[90m─[39m[90m─[39m[90m─[39m[90m─[39m[90m─[39m[90m─[39m[90m─[39m[90m─[39m[90m─[39m[90m─[39m[90m─[39m[90m─[39m[90m─[39m[90m─[39m
Admin UI E2E (4, chrome)	Run Cypress	2025-01-20T12:11:11.4164638Z                                                                                                     
Admin UI E2E (4, chrome)	Run Cypress	2025-01-20T12:11:11.4165425Z   Running:  [90muser_fed_ldap_test.spec.ts[39m                                                      [90m(7 of 8)[39m
Admin UI E2E (4, chrome)	Run Cypress	2025-01-20T12:11:15.2178313Z 
Admin UI E2E (4, chrome)	Run Cypress	2025-01-20T12:11:15.2185669Z [0m[0m
Admin UI E2E (4, chrome)	Run Cypress	2025-01-20T12:11:15.2212839Z [0m  User Federation LDAP tests[0m
Admin UI E2E (4, chrome)	Run Cypress	2025-01-20T12:11:27.2485392Z   [32m  ✓[0m[90m Should create LDAP provider from empty state[0m[90m (11999ms)[0m
Admin UI E2E (4, chrome)	Run Cypress	2025-01-20T12:11:30.8456449Z   [32m  ✓[0m[90m Should fail updating advanced settings[0m[90m (3500ms)[0m
Admin UI E2E (4, chrome)	Run Cypress	2025-01-20T12:11:37.8770100Z   [32m  ✓[0m[90m Should update advanced settings[0m[90m (6937ms)[0m
Admin UI E2E (4, chrome)	Run Cypress	2025-01-20T12:11:42.8424970Z   [32m  ✓[0m[90m Should set cache policy to evict_daily[0m[90m (4892ms)[0m
Admin UI E2E (4, chrome)	Run Cypress	2025-01-20T12:11:47.5079934Z   [32m  ✓[0m[90m Should set cache policy to default[0m[90m (4577ms)[0m
Admin UI E2E (4, chrome)	Run Cypress	2025-01-20T12:11:52.8259551Z   [32m  ✓[0m[90m Should set cache policy to evict_weekly[0m[90m (5241ms)[0m
Admin UI E2E (4, chrome)	Run Cypress	2025-01-20T12:11:58.5367608Z   [32m  ✓[0m[90m Update connection and authentication settings and save[0m[90m (5651ms)[0m
Admin UI E2E (4, chrome)	Run Cypress	2025-01-20T12:12:05.8705390Z   [32m  ✓[0m[90m Should fail connection and authentication tests[0m[90m (7294ms)[0m
Admin UI E2E (4, chrome)	Run Cypress	2025-01-20T12:12:11.3685118Z   [32m  ✓[0m[90m Should make changes and pass connection and authentication tests[0m[90m (5433ms)[0m
Admin UI E2E (4, chrome)	Run Cypress	2025-01-20T12:12:17.9941797Z   [32m  ✓[0m[90m Should update Kerberos integration settings and save[0m[90m (6548ms)[0m
Admin UI E2E (4, chrome)	Run Cypress	2025-01-20T12:12:23.9688931Z   [32m  ✓[0m[90m Should update Synchronization settings and save[0m[90m (5917ms)[0m
Admin UI E2E (4, chrome)	Run Cypress	2025-01-20T12:12:35.9036841Z   [32m  ✓[0m[90m Should update LDAP searching and updating settings and save[0m[90m (11858ms)[0m
Admin UI E2E (4, chrome)	Run Cypress	2025-01-20T12:12:40.7893850Z   [32m  ✓[0m[90m Should update display name[0m[90m (4773ms)[0m
Admin UI E2E (4, chrome)	Run Cypress	2025-01-20T12:12:46.2413919Z   [32m  ✓[0m[90m Should update existing LDAP provider and cancel[0m[90m (5366ms)[0m
Admin UI E2E (4, chrome)	Run Cypress	2025-01-20T12:12:51.2602986Z   [32m  ✓[0m[90m Should set cache policy to max_lifespan[0m[90m (4937ms)[0m
Admin UI E2E (4, chrome)	Run Cypress	2025-01-20T12:12:55.7749987Z   [32m  ✓[0m[90m Should set cache policy to no_cache[0m[90m (4439ms)[0m
Admin UI E2E (4, chrome)	Run Cypress	2025-01-20T12:12:59.0749790Z   [32m  ✓[0m[90m Should disable an existing LDAP provider[0m[90m (3223ms)[0m
Admin UI E2E (4, chrome)	Run Cypress	2025-01-20T12:13:02.3301132Z   [32m  ✓[0m[90m Should enable a previously-disabled LDAP provider[0m[90m (3207ms)[0m
Admin UI E2E (4, chrome)	Run Cypress	2025-01-20T12:13:09.6033730Z   [32m  ✓[0m[90m Should create new LDAP provider using New Provider dropdown[0m[90m (7225ms)[0m
Admin UI E2E (4, chrome)	Run Cypress	2025-01-20T12:13:12.0351351Z   [32m  ✓[0m[90m Should delete LDAP provider from card view using card menu[0m[90m (2345ms)[0m
Admin UI E2E (4, chrome)	Run Cypress	2025-01-20T12:13:15.4788931Z   [32m  ✓[0m[90m Should delete LDAP provider using Settings view Action menu[0m[90m (2975ms)[0m
Admin UI E2E (4, chrome)	Run Cypress	2025-01-20T12:13:15.4803371Z 
Admin UI E2E (4, chrome)	Run Cypress	2025-01-20T12:13:15.5339493Z 
Admin UI E2E (4, chrome)	Run Cypress	2025-01-20T12:13:15.5348223Z [92m [0m[32m 21 passing[0m[90m (2m)[0m
Admin UI E2E (4, chrome)	Run Cypress	2025-01-20T12:13:15.5356653Z 
Admin UI E2E (4, chrome)	Run Cypress	2025-01-20T12:13:16.5705611Z 
Admin UI E2E (4, chrome)	Run Cypress	2025-01-20T12:13:16.5707330Z [32m  ([4m[1mResults[22m[24m)[39m
Admin UI E2E (4, chrome)	Run Cypress	2025-01-20T12:13:16.5713202Z 
Admin UI E2E (4, chrome)	Run Cypress	2025-01-20T12:13:16.5729020Z [90m  ┌[39m[90m─[39m[90m─[39m[90m─[39m[90m─[39m[90m─[39m[90m─[39m[90m─[39m[90m─[39m[90m─[39m[90m─[39m[90m─[39m[90m─[39m[90m─[39m[90m─[39m[90m─[39m[90m─[39m[90m─[39m[90m─[39m[90m─[39m[90m─[39m[90m─[39m[90m─[39m[90m─[39m[90m─[39m[90m─[39m[90m─[39m[90m─[39m[90m─[39m[90m─[39m[90m─[39m[90m─[39m[90m─[39m[90m─[39m[90m─[39m[90m─[39m[90m─[39m[90m─[39m[90m─[39m[90m─[39m[90m─[39m[90m─[39m[90m─[39m[90m─[39m[90m─[39m[90m─[39m[90m─[39m[90m─[39m[90m─[39m[90m─[39m[90m─[39m[90m─[39m[90m─[39m[90m─[39m[90m─[39m[90m─[39m[90m─[39m[90m─[39m[90m─[39m[90m─[39m[90m─[39m[90m─[39m[90m─[39m[90m─[39m[90m─[39m[90m─[39m[90m─[39m[90m─[39m[90m─[39m[90m─[39m[90m─[39m[90m─[39m[90m─[39m[90m─[39m[90m─[39m[90m─[39m[90m─[39m[90m─[39m[90m─[39m[90m─[39m[90m─[39m[90m─[39m[90m─[39m[90m─[39m[90m─[39m[90m─[39m[90m─[39m[90m─[39m[90m─[39m[90m─[39m[90m─[39m[90m─[39m[90m─[39m[90m─[39m[90m─[39m[90m─[39m[90m─[39m[90m┐[39m
Admin UI E2E (4, chrome)	Run Cypress	2025-01-20T12:13:16.5733692Z [90m  │[39m [90mTests:[39m        [32m21[39m                                                                               [90m│[39m
Admin UI E2E (4, chrome)	Run Cypress	2025-01-20T12:13:16.5734904Z [90m  │[39m [90mPassing:[39m      [32m21[39m                                                                               [90m│[39m
Admin UI E2E (4, chrome)	Run Cypress	2025-01-20T12:13:16.5736089Z [90m  │[39m [90mFailing:[39m      [32m0[39m                                                                                [90m│[39m
Admin UI E2E (4, chrome)	Run Cypress	2025-01-20T12:13:16.5737336Z [90m  │[39m [90mPending:[39m      [32m0[39m                                                                                [90m│[39m
Admin UI E2E (4, chrome)	Run Cypress	2025-01-20T12:13:16.5738878Z [90m  │[39m [90mSkipped:[39m      [32m0[39m                                                                                [90m│[39m
Admin UI E2E (4, chrome)	Run Cypress	2025-01-20T12:13:16.5740286Z [90m  │[39m [90mScreenshots:[39m  [32m0[39m                                                                                [90m│[39m
Admin UI E2E (4, chrome)	Run Cypress	2025-01-20T12:13:16.5746912Z [90m  │[39m [90mVideo:[39m        [32mfalse[39m                                                                            [90m│[39m
Admin UI E2E (4, chrome)	Run Cypress	2025-01-20T12:13:16.5748746Z [90m  │[39m [90mDuration:[39m     [32m2 minutes, 0 seconds[39m                                                             [90m│[39m
Admin UI E2E (4, chrome)	Run Cypress	2025-01-20T12:13:16.5750487Z [90m  │[39m [90mSpec Ran:[39m     [32m[32muser_fed_ldap_test.spec.ts[32m[39m                                                       [90m│[39m
Admin UI E2E (4, chrome)	Run Cypress	2025-01-20T12:13:16.5757307Z [90m  └[39m[90m─[39m[90m─[39m[90m─[39m[90m─[39m[90m─[39m[90m─[39m[90m─[39m[90m─[39m[90m─[39m[90m─[39m[90m─[39m[90m─[39m[90m─[39m[90m─[39m[90m─[39m[90m─[39m[90m─[39m[90m─[39m[90m─[39m[90m─[39m[90m─[39m[90m─[39m[90m─[39m[90m─[39m[90m─[39m[90m─[39m[90m─[39m[90m─[39m[90m─[39m[90m─[39m[90m─[39m[90m─[39m[90m─[39m[90m─[39m[90m─[39m[90m─[39m[90m─[39m[90m─[39m[90m─[39m[90m─[39m[90m─[39m[90m─[39m[90m─[39m[90m─[39m[90m─[39m[90m─[39m[90m─[39m[90m─[39m[90m─[39m[90m─[39m[90m─[39m[90m─[39m[90m─[39m[90m─[39m[90m─[39m[90m─[39m[90m─[39m[90m─[39m[90m─[39m[90m─[39m[90m─[39m[90m─[39m[90m─[39m[90m─[39m[90m─[39m[90m─[39m[90m─[39m[90m─[39m[90m─[39m[90m─[39m[90m─[39m[90m─[39m[90m─[39m[90m─[39m[90m─[39m[90m─[39m[90m─[39m[90m─[39m[90m─[39m[90m─[39m[90m─[39m[90m─[39m[90m─[39m[90m─[39m[90m─[39m[90m─[39m[90m─[39m[90m─[39m[90m─[39m[90m─[39m[90m─[39m[90m─[39m[90m─[39m[90m─[39m[90m─[39m[90m─[39m[90m┘[39m
Admin UI E2E (4, chrome)	Run Cypress	2025-01-20T12:13:16.5761004Z 
Admin UI E2E (4, chrome)	Run Cypress	2025-01-20T12:13:16.6121102Z 
Admin UI E2E (4, chrome)	Run Cypress	2025-01-20T12:13:16.6128365Z [90m─[39m[90m─[39m[90m─[39m[90m─[39m[90m─[39m[90m─[39m[90m─[39m[90m─[39m[90m─[39m[90m─[39m[90m─[39m[90m─[39m[90m─[39m[90m─[39m[90m─[39m[90m─[39m[90m─[39m[90m─[39m[90m─[39m[90m─[39m[90m─[39m[90m─[39m[90m─[39m[90m─[39m[90m─[39m[90m─[39m[90m─[39m[90m─[39m[90m─[39m[90m─[39m[90m─[39m[90m─[39m[90m─[39m[90m─[39m[90m─[39m[90m─[39m[90m─[39m[90m─[39m[90m─[39m[90m─[39m[90m─[39m[90m─[39m[90m─[39m[90m─[39m[90m─[39m[90m─[39m[90m─[39m[90m─[39m[90m─[39m[90m─[39m[90m─[39m[90m─[39m[90m─[39m[90m─[39m[90m─[39m[90m─[39m[90m─[39m[90m─[39m[90m─[39m[90m─[39m[90m─[39m[90m─[39m[90m─[39m[90m─[39m[90m─[39m[90m─[39m[90m─[39m[90m─[39m[90m─[39m[90m─[39m[90m─[39m[90m─[39m[90m─[39m[90m─[39m[90m─[39m[90m─[39m[90m─[39m[90m─[39m[90m─[39m[90m─[39m[90m─[39m[90m─[39m[90m─[39m[90m─[39m[90m─[39m[90m─[39m[90m─[39m[90m─[39m[90m─[39m[90m─[39m[90m─[39m[90m─[39m[90m─[39m[90m─[39m[90m─[39m[90m─[39m[90m─[39m[90m─[39m[90m─[39m[90m─[39m
Admin UI E2E (4, chrome)	Run Cypress	2025-01-20T12:13:16.6133084Z                                                                                                     
Admin UI E2E (4, chrome)	Run Cypress	2025-01-20T12:13:16.6134113Z   Running:  [90mauthentication_policies_ciba.spec.ts[39m                                            [90m(8 of 8)[39m
Admin UI E2E (4, chrome)	Run Cypress	2025-01-20T12:13:20.1655549Z 
Admin UI E2E (4, chrome)	Run Cypress	2025-01-20T12:13:20.1656759Z [0m[0m
Admin UI E2E (4, chrome)	Run Cypress	2025-01-20T12:13:20.1682067Z [0m  Authentication - Policies - CIBA[0m
Admin UI E2E (4, chrome)	Run Cypress	2025-01-20T12:13:24.7170490Z   [32m  ✓[0m[90m displays the initial state[0m[90m (4531ms)[0m
Admin UI E2E (4, chrome)	Run Cypress	2025-01-20T12:13:27.6208673Z   [32m  ✓[0m[90m validates the fields[0m[90m (2867ms)[0m
Admin UI E2E (4, chrome)	Run Cypress	2025-01-20T12:13:30.7701984Z   [32m  ✓[0m[90m saves the form[0m[90m (2697ms)[0m
Admin UI E2E (4, chrome)	Run Cypress	2025-01-20T12:13:30.7716767Z 
Admin UI E2E (4, chrome)	Run Cypress	2025-01-20T12:13:30.7980570Z 
Admin UI E2E (4, chrome)	Run Cypress	2025-01-20T12:13:30.7981606Z [92m [0m[32m 3 passing[0m[90m (11s)[0m
Admin UI E2E (4, chrome)	Run Cypress	2025-01-20T12:13:30.7982031Z 
Admin UI E2E (4, chrome)	Run Cypress	2025-01-20T12:13:31.8138621Z 
Admin UI E2E (4, chrome)	Run Cypress	2025-01-20T12:13:31.8140435Z [32m  ([4m[1mResults[22m[24m)[39m
Admin UI E2E (4, chrome)	Run Cypress	2025-01-20T12:13:31.8143704Z 
Admin UI E2E (4, chrome)	Run Cypress	2025-01-20T12:13:31.8155741Z [90m  ┌[39m[90m─[39m[90m─[39m[90m─[39m[90m─[39m[90m─[39m[90m─[39m[90m─[39m[90m─[39m[90m─[39m[90m─[39m[90m─[39m[90m─[39m[90m─[39m[90m─[39m[90m─[39m[90m─[39m[90m─[39m[90m─[39m[90m─[39m[90m─[39m[90m─[39m[90m─[39m[90m─[39m[90m─[39m[90m─[39m[90m─[39m[90m─[39m[90m─[39m[90m─[39m[90m─[39m[90m─[39m[90m─[39m[90m─[39m[90m─[39m[90m─[39m[90m─[39m[90m─[39m[90m─[39m[90m─[39m[90m─[39m[90m─[39m[90m─[39m[90m─[39m[90m─[39m[90m─[39m[90m─[39m[90m─[39m[90m─[39m[90m─[39m[90m─[39m[90m─[39m[90m─[39m[90m─[39m[90m─[39m[90m─[39m[90m─[39m[90m─[39m[90m─[39m[90m─[39m[90m─[39m[90m─[39m[90m─[39m[90m─[39m[90m─[39m[90m─[39m[90m─[39m[90m─[39m[90m─[39m[90m─[39m[90m─[39m[90m─[39m[90m─[39m[90m─[39m[90m─[39m[90m─[39m[90m─[39m[90m─[39m[90m─[39m[90m─[39m[90m─[39m[90m─[39m[90m─[39m[90m─[39m[90m─[39m[90m─[39m[90m─[39m[90m─[39m[90m─[39m[90m─[39m[90m─[39m[90m─[39m[90m─[39m[90m─[39m[90m─[39m[90m─[39m[90m─[39m[90m┐[39m
Admin UI E2E (4, chrome)	Run Cypress	2025-01-20T12:13:31.8159292Z [90m  │[39m [90mTests:[39m        [32m3[39m                                                                                [90m│[39m
Admin UI E2E (4, chrome)	Run Cypress	2025-01-20T12:13:31.8161805Z [90m  │[39m [90mPassing:[39m      [32m3[39m                                                                                [90m│[39m
Admin UI E2E (4, chrome)	Run Cypress	2025-01-20T12:13:31.8163155Z [90m  │[39m [90mFailing:[39m      [32m0[39m                                                                                [90m│[39m
Admin UI E2E (4, chrome)	Run Cypress	2025-01-20T12:13:31.8164430Z [90m  │[39m [90mPending:[39m      [32m0[39m                                                                                [90m│[39m
Admin UI E2E (4, chrome)	Run Cypress	2025-01-20T12:13:31.8165673Z [90m  │[39m [90mSkipped:[39m      [32m0[39m                                                                                [90m│[39m
Admin UI E2E (4, chrome)	Run Cypress	2025-01-20T12:13:31.8166970Z [90m  │[39m [90mScreenshots:[39m  [32m0[39m                                                                                [90m│[39m
Admin UI E2E (4, chrome)	Run Cypress	2025-01-20T12:13:31.8168322Z [90m  │[39m [90mVideo:[39m        [32mfalse[39m                                                                            [90m│[39m
Admin UI E2E (4, chrome)	Run Cypress	2025-01-20T12:13:31.8169741Z [90m  │[39m [90mDuration:[39m     [32m10 seconds[39m                                                                       [90m│[39m
Admin UI E2E (4, chrome)	Run Cypress	2025-01-20T12:13:31.8171522Z [90m  │[39m [90mSpec Ran:[39m     [32m[32mauthentication_policies_ciba.spec.ts[32m[39m                                             [90m│[39m
Admin UI E2E (4, chrome)	Run Cypress	2025-01-20T12:13:31.8178669Z [90m  └[39m[90m─[39m[90m─[39m[90m─[39m[90m─[39m[90m─[39m[90m─[39m[90m─[39m[90m─[39m[90m─[39m[90m─[39m[90m─[39m[90m─[39m[90m─[39m[90m─[39m[90m─[39m[90m─[39m[90m─[39m[90m─[39m[90m─[39m[90m─[39m[90m─[39m[90m─[39m[90m─[39m[90m─[39m[90m─[39m[90m─[39m[90m─[39m[90m─[39m[90m─[39m[90m─[39m[90m─[39m[90m─[39m[90m─[39m[90m─[39m[90m─[39m[90m─[39m[90m─[39m[90m─[39m[90m─[39m[90m─[39m[90m─[39m[90m─[39m[90m─[39m[90m─[39m[90m─[39m[90m─[39m[90m─[39m[90m─[39m[90m─[39m[90m─[39m[90m─[39m[90m─[39m[90m─[39m[90m─[39m[90m─[39m[90m─[39m[90m─[39m[90m─[39m[90m─[39m[90m─[39m[90m─[39m[90m─[39m[90m─[39m[90m─[39m[90m─[39m[90m─[39m[90m─[39m[90m─[39m[90m─[39m[90m─[39m[90m─[39m[90m─[39m[90m─[39m[90m─[39m[90m─[39m[90m─[39m[90m─[39m[90m─[39m[90m─[39m[90m─[39m[90m─[39m[90m─[39m[90m─[39m[90m─[39m[90m─[39m[90m─[39m[90m─[39m[90m─[39m[90m─[39m[90m─[39m[90m─[39m[90m─[39m[90m─[39m[90m─[39m[90m─[39m[90m─[39m[90m┘[39m
Admin UI E2E (4, chrome)	Run Cypress	2025-01-20T12:13:31.8182981Z 
Admin UI E2E (4, chrome)	Run Cypress	2025-01-20T12:13:31.8237230Z 
Admin UI E2E (4, chrome)	Run Cypress	2025-01-20T12:13:31.8828961Z [90m====================================================================================================[39m
Admin UI E2E (4, chrome)	Run Cypress	2025-01-20T12:13:31.8829280Z 
Admin UI E2E (4, chrome)	Run Cypress	2025-01-20T12:13:31.8829753Z [0m  ([4m[1mRun Finished[22m[24m)[0m
Admin UI E2E (4, chrome)	Run Cypress	2025-01-20T12:13:31.8850686Z 
Admin UI E2E (4, chrome)	Run Cypress	2025-01-20T12:13:31.8850739Z 
Admin UI E2E (4, chrome)	Run Cypress	2025-01-20T12:13:31.8892901Z [90m   [39m    [90mSpec[39m                                              [90mTests[39m  [90mPassing[39m  [90mFailing[39m  [90mPending[39m  [90mSkipped[39m [90m [39m
Admin UI E2E (4, chrome)	Run Cypress	2025-01-20T12:13:31.8896857Z [90m  ┌[39m[90m─[39m[90m─[39m[90m─[39m[90m─[39m[90m─[39m[90m─[39m[90m─[39m[90m─[39m[90m─[39m[90m─[39m[90m─[39m[90m─[39m[90m─[39m[90m─[39m[90m─[39m[90m─[39m[90m─[39m[90m─[39m[90m─[39m[90m─[39m[90m─[39m[90m─[39m[90m─[39m[90m─[39m[90m─[39m[90m─[39m[90m─[39m[90m─[39m[90m─[39m[90m─[39m[90m─[39m[90m─[39m[90m─[39m[90m─[39m[90m─[39m[90m─[39m[90m─[39m[90m─[39m[90m─[39m[90m─[39m[90m─[39m[90m─[39m[90m─[39m[90m─[39m[90m─[39m[90m─[39m[90m─[39m[90m─[39m[90m─[39m[90m─[39m[90m─[39m[90m─[39m[90m─[39m[90m─[39m[90m─[39m[90m─[39m[90m─[39m[90m─[39m[90m─[39m[90m─[39m[90m─[39m[90m─[39m[90m─[39m[90m─[39m[90m─[39m[90m─[39m[90m─[39m[90m─[39m[90m─[39m[90m─[39m[90m─[39m[90m─[39m[90m─[39m[90m─[39m[90m─[39m[90m─[39m[90m─[39m[90m─[39m[90m─[39m[90m─[39m[90m─[39m[90m─[39m[90m─[39m[90m─[39m[90m─[39m[90m─[39m[90m─[39m[90m─[39m[90m─[39m[90m─[39m[90m─[39m[90m─[39m[90m─[39m[90m─[39m[90m─[39m[90m─[39m[90m┐[39m
Admin UI E2E (4, chrome)	Run Cypress	2025-01-20T12:13:31.8899673Z [90m  │[39m [32m✔[39m  [0mrealm_settings_general_tab_test.spe[0m      [90m00:50[39m       [0m17[0m       [32m17[39m        [90m-[39m        [90m-[39m        [90m-[39m [90m│[39m
Admin UI E2E (4, chrome)	Run Cypress	2025-01-20T12:13:31.8900639Z [90m  │[39m    [0mc.ts[0m                                                                                        [90m│[39m
Admin UI E2E (4, chrome)	Run Cypress	2025-01-20T12:13:31.8906746Z [90m  ├[39m[90m─[39m[90m─[39m[90m─[39m[90m─[39m[90m─[39m[90m─[39m[90m─[39m[90m─[39m[90m─[39m[90m─[39m[90m─[39m[90m─[39m[90m─[39m[90m─[39m[90m─[39m[90m─[39m[90m─[39m[90m─[39m[90m─[39m[90m─[39m[90m─[39m[90m─[39m[90m─[39m[90m─[39m[90m─[39m[90m─[39m[90m─[39m[90m─[39m[90m─[39m[90m─[39m[90m─[39m[90m─[39m[90m─[39m[90m─[39m[90m─[39m[90m─[39m[90m─[39m[90m─[39m[90m─[39m[90m─[39m[90m─[39m[90m─[39m[90m─[39m[90m─[39m[90m─[39m[90m─[39m[90m─[39m[90m─[39m[90m─[39m[90m─[39m[90m─[39m[90m─[39m[90m─[39m[90m─[39m[90m─[39m[90m─[39m[90m─[39m[90m─[39m[90m─[39m[90m─[39m[90m─[39m[90m─[39m[90m─[39m[90m─[39m[90m─[39m[90m─[39m[90m─[39m[90m─[39m[90m─[39m[90m─[39m[90m─[39m[90m─[39m[90m─[39m[90m─[39m[90m─[39m[90m─[39m[90m─[39m[90m─[39m[90m─[39m[90m─[39m[90m─[39m[90m─[39m[90m─[39m[90m─[39m[90m─[39m[90m─[39m[90m─[39m[90m─[39m[90m─[39m[90m─[39m[90m─[39m[90m─[39m[90m─[39m[90m─[39m[90m─[39m[90m─[39m[90m┤[39m
Admin UI E2E (4, chrome)	Run Cypress	2025-01-20T12:13:31.8911824Z [90m  │[39m [32m✔[39m  [0mpartial_export_test.spec.ts[0m              [90m00:10[39m        [0m3[0m        [32m3[39m        [90m-[39m        [90m-[39m        [90m-[39m [90m│[39m
Admin UI E2E (4, chrome)	Run Cypress	2025-01-20T12:13:31.8916746Z [90m  ├[39m[90m─[39m[90m─[39m[90m─[39m[90m─[39m[90m─[39m[90m─[39m[90m─[39m[90m─[39m[90m─[39m[90m─[39m[90m─[39m[90m─[39m[90m─[39m[90m─[39m[90m─[39m[90m─[39m[90m─[39m[90m─[39m[90m─[39m[90m─[39m[90m─[39m[90m─[39m[90m─[39m[90m─[39m[90m─[39m[90m─[39m[90m─[39m[90m─[39m[90m─[39m[90m─[39m[90m─[39m[90m─[39m[90m─[39m[90m─[39m[90m─[39m[90m─[39m[90m─[39m[90m─[39m[90m─[39m[90m─[39m[90m─[39m[90m─[39m[90m─[39m[90m─[39m[90m─[39m[90m─[39m[90m─[39m[90m─[39m[90m─[39m[90m─[39m[90m─[39m[90m─[39m[90m─[39m[90m─[39m[90m─[39m[90m─[39m[90m─[39m[90m─[39m[90m─[39m[90m─[39m[90m─[39m[90m─[39m[90m─[39m[90m─[39m[90m─[39m[90m─[39m[90m─[39m[90m─[39m[90m─[39m[90m─[39m[90m─[39m[90m─[39m[90m─[39m[90m─[39m[90m─[39m[90m─[39m[90m─[39m[90m─[39m[90m─[39m[90m─[39m[90m─[39m[90m─[39m[90m─[39m[90m─[39m[90m─[39m[90m─[39m[90m─[39m[90m─[39m[90m─[39m[90m─[39m[90m─[39m[90m─[39m[90m─[39m[90m─[39m[90m─[39m[90m─[39m[90m┤[39m
Admin UI E2E (4, chrome)	Run Cypress	2025-01-20T12:13:31.8921504Z [90m  │[39m [32m✔[39m  [0midentity_providers_oidc_test.spec.t[0m      [90m00:38[39m        [0m6[0m        [32m6[39m        [90m-[39m        [90m-[39m        [90m-[39m [90m│[39m
Admin UI E2E (4, chrome)	Run Cypress	2025-01-20T12:13:31.8923028Z [90m  │[39m    [0ms[0m                                                                                           [90m│[39m
Admin UI E2E (4, chrome)	Run Cypress	2025-01-20T12:13:31.8928440Z [90m  ├[39m[90m─[39m[90m─[39m[90m─[39m[90m─[39m[90m─[39m[90m─[39m[90m─[39m[90m─[39m[90m─[39m[90m─[39m[90m─[39m[90m─[39m[90m─[39m[90m─[39m[90m─[39m[90m─[39m[90m─[39m[90m─[39m[90m─[39m[90m─[39m[90m─[39m[90m─[39m[90m─[39m[90m─[39m[90m─[39m[90m─[39m[90m─[39m[90m─[39m[90m─[39m[90m─[39m[90m─[39m[90m─[39m[90m─[39m[90m─[39m[90m─[39m[90m─[39m[90m─[39m[90m─[39m[90m─[39m[90m─[39m[90m─[39m[90m─[39m[90m─[39m[90m─[39m[90m─[39m[90m─[39m[90m─[39m[90m─[39m[90m─[39m[90m─[39m[90m─[39m[90m─[39m[90m─[39m[90m─[39m[90m─[39m[90m─[39m[90m─[39m[90m─[39m[90m─[39m[90m─[39m[90m─[39m[90m─[39m[90m─[39m[90m─[39m[90m─[39m[90m─[39m[90m─[39m[90m─[39m[90m─[39m[90m─[39m[90m─[39m[90m─[39m[90m─[39m[90m─[39m[90m─[39m[90m─[39m[90m─[39m[90m─[39m[90m─[39m[90m─[39m[90m─[39m[90m─[39m[90m─[39m[90m─[39m[90m─[39m[90m─[39m[90m─[39m[90m─[39m[90m─[39m[90m─[39m[90m─[39m[90m─[39m[90m─[39m[90m─[39m[90m─[39m[90m─[39m[90m┤[39m
Admin UI E2E (4, chrome)	Run Cypress	2025-01-20T12:13:31.8931655Z [90m  │[39m [32m✔[39m  [0musers_enable_disable.spec.ts[0m             [90m00:15[39m        [0m3[0m        [32m3[39m        [90m-[39m        [90m-[39m        [90m-[39m [90m│[39m
Admin UI E2E (4, chrome)	Run Cypress	2025-01-20T12:13:31.8938562Z [90m  ├[39m[90m─[39m[90m─[39m[90m─[39m[90m─[39m[90m─[39m[90m─[39m[90m─[39m[90m─[39m[90m─[39m[90m─[39m[90m─[39m[90m─[39m[90m─[39m[90m─[39m[90m─[39m[90m─[39m[90m─[39m[90m─[39m[90m─[39m[90m─[39m[90m─[39m[90m─[39m[90m─[39m[90m─[39m[90m─[39m[90m─[39m[90m─[39m[90m─[39m[90m─[39m[90m─[39m[90m─[39m[90m─[39m[90m─[39m[90m─[39m[90m─[39m[90m─[39m[90m─[39m[90m─[39m[90m─[39m[90m─[39m[90m─[39m[90m─[39m[90m─[39m[90m─[39m[90m─[39m[90m─[39m[90m─[39m[90m─[39m[90m─[39m[90m─[39m[90m─[39m[90m─[39m[90m─[39m[90m─[39m[90m─[39m[90m─[39m[90m─[39m[90m─[39m[90m─[39m[90m─[39m[90m─[39m[90m─[39m[90m─[39m[90m─[39m[90m─[39m[90m─[39m[90m─[39m[90m─[39m[90m─[39m[90m─[39m[90m─[39m[90m─[39m[90m─[39m[90m─[39m[90m─[39m[90m─[39m[90m─[39m[90m─[39m[90m─[39m[90m─[39m[90m─[39m[90m─[39m[90m─[39m[90m─[39m[90m─[39m[90m─[39m[90m─[39m[90m─[39m[90m─[39m[90m─[39m[90m─[39m[90m─[39m[90m─[39m[90m─[39m[90m─[39m[90m─[39m[90m┤[39m
Admin UI E2E (4, chrome)	Run Cypress	2025-01-20T12:13:31.8944234Z [90m  │[39m [32m✔[39m  [0mclients_role.spec.ts[0m                     [90m01:15[39m       [0m16[0m       [32m16[39m        [90m-[39m        [90m-[39m        [90m-[39m [90m│[39m
Admin UI E2E (4, chrome)	Run Cypress	2025-01-20T12:13:31.8973278Z [90m  ├[39m[90m─[39m[90m─[39m[90m─[39m[90m─[39m[90m─[39m[90m─[39m[90m─[39m[90m─[39m[90m─[39m[90m─[39m[90m─[39m[90m─[39m[90m─[39m[90m─[39m[90m─[39m[90m─[39m[90m─[39m[90m─[39m[90m─[39m[90m─[39m[90m─[39m[90m─[39m[90m─[39m[90m─[39m[90m─[39m[90m─[39m[90m─[39m[90m─[39m[90m─[39m[90m─[39m[90m─[39m[90m─[39m[90m─[39m[90m─[39m[90m─[39m[90m─[39m[90m─[39m[90m─[39m[90m─[39m[90m─[39m[90m─[39m[90m─[39m[90m─[39m[90m─[39m[90m─[39m[90m─[39m[90m─[39m[90m─[39m[90m─[39m[90m─[39m[90m─[39m[90m─[39m[90m─[39m[90m─[39m[90m─[39m[90m─[39m[90m─[39m[90m─[39m[90m─[39m[90m─[39m[90m─[39m[90m─[39m[90m─[39m[90m─[39m[90m─[39m[90m─[39m[90m─[39m[90m─[39m[90m─[39m[90m─[39m[90m─[39m[90m─[39m[90m─[39m[90m─[39m[90m─[39m[90m─[39m[90m─[39m[90m─[39m[90m─[39m[90m─[39m[90m─[39m[90m─[39m[90m─[39m[90m─[39m[90m─[39m[90m─[39m[90m─[39m[90m─[39m[90m─[39m[90m─[39m[90m─[39m[90m─[39m[90m─[39m[90m─[39m[90m─[39m[90m─[39m[90m┤[39m
Admin UI E2E (4, chrome)	Run Cypress	2025-01-20T12:13:31.8978371Z [90m  │[39m [31m✖[39m  [0mclients_test.spec.ts[0m                     [90m04:17[39m       [0m24[0m       [32m23[39m        [31m1[39m        [90m-[39m        [90m-[39m [90m│[39m
Admin UI E2E (4, chrome)	Run Cypress	2025-01-20T12:13:31.8985927Z [90m  ├[39m[90m─[39m[90m─[39m[90m─[39m[90m─[39m[90m─[39m[90m─[39m[90m─[39m[90m─[39m[90m─[39m[90m─[39m[90m─[39m[90m─[39m[90m─[39m[90m─[39m[90m─[39m[90m─[39m[90m─[39m[90m─[39m[90m─[39m[90m─[39m[90m─[39m[90m─[39m[90m─[39m[90m─[39m[90m─[39m[90m─[39m[90m─[39m[90m─[39m[90m─[39m[90m─[39m[90m─[39m[90m─[39m[90m─[39m[90m─[39m[90m─[39m[90m─[39m[90m─[39m[90m─[39m[90m─[39m[90m─[39m[90m─[39m[90m─[39m[90m─[39m[90m─[39m[90m─[39m[90m─[39m[90m─[39m[90m─[39m[90m─[39m[90m─[39m[90m─[39m[90m─[39m[90m─[39m[90m─[39m[90m─[39m[90m─[39m[90m─[39m[90m─[39m[90m─[39m[90m─[39m[90m─[39m[90m─[39m[90m─[39m[90m─[39m[90m─[39m[90m─[39m[90m─[39m[90m─[39m[90m─[39m[90m─[39m[90m─[39m[90m─[39m[90m─[39m[90m─[39m[90m─[39m[90m─[39m[90m─[39m[90m─[39m[90m─[39m[90m─[39m[90m─[39m[90m─[39m[90m─[39m[90m─[39m[90m─[39m[90m─[39m[90m─[39m[90m─[39m[90m─[39m[90m─[39m[90m─[39m[90m─[39m[90m─[39m[90m─[39m[90m─[39m[90m─[39m[90m┤[39m
Admin UI E2E (4, chrome)	Run Cypress	2025-01-20T12:13:31.8991090Z [90m  │[39m [32m✔[39m  [0muser_fed_ldap_test.spec.ts[0m               [90m02:00[39m       [0m21[0m       [32m21[39m        [90m-[39m        [90m-[39m        [90m-[39m [90m│[39m
Admin UI E2E (4, chrome)	Run Cypress	2025-01-20T12:13:31.9000870Z [90m  ├[39m[90m─[39m[90m─[39m[90m─[39m[90m─[39m[90m─[39m[90m─[39m[90m─[39m[90m─[39m[90m─[39m[90m─[39m[90m─[39m[90m─[39m[90m─[39m[90m─[39m[90m─[39m[90m─[39m[90m─[39m[90m─[39m[90m─[39m[90m─[39m[90m─[39m[90m─[39m[90m─[39m[90m─[39m[90m─[39m[90m─[39m[90m─[39m[90m─[39m[90m─[39m[90m─[39m[90m─[39m[90m─[39m[90m─[39m[90m─[39m[90m─[39m[90m─[39m[90m─[39m[90m─[39m[90m─[39m[90m─[39m[90m─[39m[90m─[39m[90m─[39m[90m─[39m[90m─[39m[90m─[39m[90m─[39m[90m─[39m[90m─[39m[90m─[39m[90m─[39m[90m─[39m[90m─[39m[90m─[39m[90m─[39m[90m─[39m[90m─[39m[90m─[39m[90m─[39m[90m─[39m[90m─[39m[90m─[39m[90m─[39m[90m─[39m[90m─[39m[90m─[39m[90m─[39m[90m─[39m[90m─[39m[90m─[39m[90m─[39m[90m─[39m[90m─[39m[90m─[39m[90m─[39m[90m─[39m[90m─[39m[90m─[39m[90m─[39m[90m─[39m[90m─[39m[90m─[39m[90m─[39m[90m─[39m[90m─[39m[90m─[39m[90m─[39m[90m─[39m[90m─[39m[90m─[39m[90m─[39m[90m─[39m[90m─[39m[90m─[39m[90m─[39m[90m─[39m[90m┤[39m
Admin UI E2E (4, chrome)	Run Cypress	2025-01-20T12:13:31.9007412Z [90m  │[39m [32m✔[39m  [0mauthentication_policies_ciba.spec.t[0m      [90m00:10[39m        [0m3[0m        [32m3[39m        [90m-[39m        [90m-[39m        [90m-[39m [90m│[39m
Admin UI E2E (4, chrome)	Run Cypress	2025-01-20T12:13:31.9008851Z [90m  │[39m    [0ms[0m                                                                                           [90m│[39m
Admin UI E2E (4, chrome)	Run Cypress	2025-01-20T12:13:31.9016419Z [90m  └[39m[90m─[39m[90m─[39m[90m─[39m[90m─[39m[90m─[39m[90m─[39m[90m─[39m[90m─[39m[90m─[39m[90m─[39m[90m─[39m[90m─[39m[90m─[39m[90m─[39m[90m─[39m[90m─[39m[90m─[39m[90m─[39m[90m─[39m[90m─[39m[90m─[39m[90m─[39m[90m─[39m[90m─[39m[90m─[39m[90m─[39m[90m─[39m[90m─[39m[90m─[39m[90m─[39m[90m─[39m[90m─[39m[90m─[39m[90m─[39m[90m─[39m[90m─[39m[90m─[39m[90m─[39m[90m─[39m[90m─[39m[90m─[39m[90m─[39m[90m─[39m[90m─[39m[90m─[39m[90m─[39m[90m─[39m[90m─[39m[90m─[39m[90m─[39m[90m─[39m[90m─[39m[90m─[39m[90m─[39m[90m─[39m[90m─[39m[90m─[39m[90m─[39m[90m─[39m[90m─[39m[90m─[39m[90m─[39m[90m─[39m[90m─[39m[90m─[39m[90m─[39m[90m─[39m[90m─[39m[90m─[39m[90m─[39m[90m─[39m[90m─[39m[90m─[39m[90m─[39m[90m─[39m[90m─[39m[90m─[39m[90m─[39m[90m─[39m[90m─[39m[90m─[39m[90m─[39m[90m─[39m[90m─[39m[90m─[39m[90m─[39m[90m─[39m[90m─[39m[90m─[39m[90m─[39m[90m─[39m[90m─[39m[90m─[39m[90m─[39m[90m─[39m[90m─[39m[90m┘[39m
Admin UI E2E (4, chrome)	Run Cypress	2025-01-20T12:13:31.9021575Z [90m   [39m [31m✖[39m  [31m1 of 8 failed (13%)[39m                      [90m09:39[39m       [0m93[0m       [32m92[39m        [31m1[39m        [90m-[39m        [90m-[39m [90m [39m
Admin UI E2E (4, chrome)	Run Cypress	2025-01-20T12:13:31.9022284Z 
Admin UI E2E (4, chrome)	Run Cypress	2025-01-20T12:13:31.9951566Z ##[error]Cypress tests: 1 failed
Status Check - Keycloak JavaScript CI	Run /./.github/actions/status-check	2025-01-20T12:15:21.5023167Z Prepare all required actions
Status Check - Keycloak JavaScript CI	Run /./.github/actions/status-check	2025-01-20T12:15:21.5095958Z ##[group]Run ./.github/actions/status-check
Status Check - Keycloak JavaScript CI	Run /./.github/actions/status-check	2025-01-20T12:15:21.5096343Z with:
Status Check - Keycloak JavaScript CI	Run /./.github/actions/status-check	2025-01-20T12:15:21.5097527Z   jobs: {
Status Check - Keycloak JavaScript CI	Run /./.github/actions/status-check	  "conditional": {
Status Check - Keycloak JavaScript CI	Run /./.github/actions/status-check	    "result": "success",
Status Check - Keycloak JavaScript CI	Run /./.github/actions/status-check	    "outputs": {
Status Check - Keycloak JavaScript CI	Run /./.github/actions/status-check	      "js-ci": "true"
Status Check - Keycloak JavaScript CI	Run /./.github/actions/status-check	    }
Status Check - Keycloak JavaScript CI	Run /./.github/actions/status-check	  },
Status Check - Keycloak JavaScript CI	Run /./.github/actions/status-check	  "build-keycloak": {
Status Check - Keycloak JavaScript CI	Run /./.github/actions/status-check	    "result": "success",
Status Check - Keycloak JavaScript CI	Run /./.github/actions/status-check	    "outputs": {}
Status Check - Keycloak JavaScript CI	Run /./.github/actions/status-check	  },
Status Check - Keycloak JavaScript CI	Run /./.github/actions/status-check	  "admin-client": {
Status Check - Keycloak JavaScript CI	Run /./.github/actions/status-check	    "result": "success",
Status Check - Keycloak JavaScript CI	Run /./.github/actions/status-check	    "outputs": {}
Status Check - Keycloak JavaScript CI	Run /./.github/actions/status-check	  },
Status Check - Keycloak JavaScript CI	Run /./.github/actions/status-check	  "ui-shared": {
Status Check - Keycloak JavaScript CI	Run /./.github/actions/status-check	    "result": "success",
Status Check - Keycloak JavaScript CI	Run /./.github/actions/status-check	    "outputs": {}
Status Check - Keycloak JavaScript CI	Run /./.github/actions/status-check	  },
Status Check - Keycloak JavaScript CI	Run /./.github/actions/status-check	  "account-ui": {
Status Check - Keycloak JavaScript CI	Run /./.github/actions/status-check	    "result": "success",
Status Check - Keycloak JavaScript CI	Run /./.github/actions/status-check	    "outputs": {}
Status Check - Keycloak JavaScript CI	Run /./.github/actions/status-check	  },
Status Check - Keycloak JavaScript CI	Run /./.github/actions/status-check	  "account-ui-e2e": {
Status Check - Keycloak JavaScript CI	Run /./.github/actions/status-check	    "result": "success",
Status Check - Keycloak JavaScript CI	Run /./.github/actions/status-check	    "outputs": {}
Status Check - Keycloak JavaScript CI	Run /./.github/actions/status-check	  },
Status Check - Keycloak JavaScript CI	Run /./.github/actions/status-check	  "admin-ui": {
Status Check - Keycloak JavaScript CI	Run /./.github/actions/status-check	    "result": "success",
Status Check - Keycloak JavaScript CI	Run /./.github/actions/status-check	    "outputs": {}
Status Check - Keycloak JavaScript CI	Run /./.github/actions/status-check	  },
Status Check - Keycloak JavaScript CI	Run /./.github/actions/status-check	  "admin-ui-e2e": {
Status Check - Keycloak JavaScript CI	Run /./.github/actions/status-check	    "result": "failure",
Status Check - Keycloak JavaScript CI	Run /./.github/actions/status-check	    "outputs": {}
Status Check - Keycloak JavaScript CI	Run /./.github/actions/status-check	  }
Status Check - Keycloak JavaScript CI	Run /./.github/actions/status-check	}
Status Check - Keycloak JavaScript CI	Run /./.github/actions/status-check	2025-01-20T12:15:21.5098828Z env:
Status Check - Keycloak JavaScript CI	Run /./.github/actions/status-check	2025-01-20T12:15:21.5099123Z   MAVEN_ARGS: -B -nsu -Daether.connector.http.connectionMaxTtl=25
Status Check - Keycloak JavaScript CI	Run /./.github/actions/status-check	2025-01-20T12:15:21.5099511Z   RETRY_COUNT: 3
Status Check - Keycloak JavaScript CI	Run /./.github/actions/status-check	2025-01-20T12:15:21.5099751Z ##[endgroup]
Status Check - Keycloak JavaScript CI	Run /./.github/actions/status-check	2025-01-20T12:15:21.5284900Z ##[group]Run JOBS='{
Status Check - Keycloak JavaScript CI	Run /./.github/actions/status-check	2025-01-20T12:15:21.5285382Z [36;1mJOBS='{[0m
Status Check - Keycloak JavaScript CI	Run /./.github/actions/status-check	2025-01-20T12:15:21.5285615Z [36;1m  "conditional": {[0m
Status Check - Keycloak JavaScript CI	Run /./.github/actions/status-check	2025-01-20T12:15:21.5285883Z [36;1m    "result": "success",[0m
Status Check - Keycloak JavaScript CI	Run /./.github/actions/status-check	2025-01-20T12:15:21.5286160Z [36;1m    "outputs": {[0m
Status Check - Keycloak JavaScript CI	Run /./.github/actions/status-check	2025-01-20T12:15:21.5286405Z [36;1m      "js-ci": "true"[0m
Status Check - Keycloak JavaScript CI	Run /./.github/actions/status-check	2025-01-20T12:15:21.5286678Z [36;1m    }[0m
Status Check - Keycloak JavaScript CI	Run /./.github/actions/status-check	2025-01-20T12:15:21.5286886Z [36;1m  },[0m
Status Check - Keycloak JavaScript CI	Run /./.github/actions/status-check	2025-01-20T12:15:21.5287113Z [36;1m  "build-keycloak": {[0m
Status Check - Keycloak JavaScript CI	Run /./.github/actions/status-check	2025-01-20T12:15:21.5287371Z [36;1m    "result": "success",[0m
Status Check - Keycloak JavaScript CI	Run /./.github/actions/status-check	2025-01-20T12:15:21.5287626Z [36;1m    "outputs": {}[0m
Status Check - Keycloak JavaScript CI	Run /./.github/actions/status-check	2025-01-20T12:15:21.5287852Z [36;1m  },[0m
Status Check - Keycloak JavaScript CI	Run /./.github/actions/status-check	2025-01-20T12:15:21.5288061Z [36;1m  "admin-client": {[0m
Status Check - Keycloak JavaScript CI	Run /./.github/actions/status-check	2025-01-20T12:15:21.5288316Z [36;1m    "result": "success",[0m
Status Check - Keycloak JavaScript CI	Run /./.github/actions/status-check	2025-01-20T12:15:21.5288575Z [36;1m    "outputs": {}[0m
Status Check - Keycloak JavaScript CI	Run /./.github/actions/status-check	2025-01-20T12:15:21.5288808Z [36;1m  },[0m
Status Check - Keycloak JavaScript CI	Run /./.github/actions/status-check	2025-01-20T12:15:21.5289018Z [36;1m  "ui-shared": {[0m
Status Check - Keycloak JavaScript CI	Run /./.github/actions/status-check	2025-01-20T12:15:21.5289260Z [36;1m    "result": "success",[0m
Status Check - Keycloak JavaScript CI	Run /./.github/actions/status-check	2025-01-20T12:15:21.5289519Z [36;1m    "outputs": {}[0m
Status Check - Keycloak JavaScript CI	Run /./.github/actions/status-check	2025-01-20T12:15:21.5289759Z [36;1m  },[0m
Status Check - Keycloak JavaScript CI	Run /./.github/actions/status-check	2025-01-20T12:15:21.5289961Z [36;1m  "account-ui": {[0m
Status Check - Keycloak JavaScript CI	Run /./.github/actions/status-check	2025-01-20T12:15:21.5290205Z [36;1m    "result": "success",[0m
Status Check - Keycloak JavaScript CI	Run /./.github/actions/status-check	2025-01-20T12:15:21.5290456Z [36;1m    "outputs": {}[0m
Status Check - Keycloak JavaScript CI	Run /./.github/actions/status-check	2025-01-20T12:15:21.5290686Z [36;1m  },[0m
Status Check - Keycloak JavaScript CI	Run /./.github/actions/status-check	2025-01-20T12:15:21.5290894Z [36;1m  "account-ui-e2e": {[0m
Status Check - Keycloak JavaScript CI	Run /./.github/actions/status-check	2025-01-20T12:15:21.5291137Z [36;1m    "result": "success",[0m
Status Check - Keycloak JavaScript CI	Run /./.github/actions/status-check	2025-01-20T12:15:21.5291383Z [36;1m    "outputs": {}[0m
Status Check - Keycloak JavaScript CI	Run /./.github/actions/status-check	2025-01-20T12:15:21.5291608Z [36;1m  },[0m
Status Check - Keycloak JavaScript CI	Run /./.github/actions/status-check	2025-01-20T12:15:21.5291806Z [36;1m  "admin-ui": {[0m
Status Check - Keycloak JavaScript CI	Run /./.github/actions/status-check	2025-01-20T12:15:21.5292044Z [36;1m    "result": "success",[0m
Status Check - Keycloak JavaScript CI	Run /./.github/actions/status-check	2025-01-20T12:15:21.5292296Z [36;1m    "outputs": {}[0m
Status Check - Keycloak JavaScript CI	Run /./.github/actions/status-check	2025-01-20T12:15:21.5292528Z [36;1m  },[0m
Status Check - Keycloak JavaScript CI	Run /./.github/actions/status-check	2025-01-20T12:15:21.5292900Z [36;1m  "admin-ui-e2e": {[0m
Status Check - Keycloak JavaScript CI	Run /./.github/actions/status-check	2025-01-20T12:15:21.5293240Z [36;1m    "result": "failure",[0m
Status Check - Keycloak JavaScript CI	Run /./.github/actions/status-check	2025-01-20T12:15:21.5293959Z [36;1m    "outputs": {}[0m
Status Check - Keycloak JavaScript CI	Run /./.github/actions/status-check	2025-01-20T12:15:21.5294370Z [36;1m  }[0m
Status Check - Keycloak JavaScript CI	Run /./.github/actions/status-check	2025-01-20T12:15:21.5294665Z [36;1m}'[0m
Status Check - Keycloak JavaScript CI	Run /./.github/actions/status-check	2025-01-20T12:15:21.5294896Z [36;1m[0m
Status Check - Keycloak JavaScript CI	Run /./.github/actions/status-check	2025-01-20T12:15:21.5295117Z [36;1mecho "Job status:"[0m
Status Check - Keycloak JavaScript CI	Run /./.github/actions/status-check	2025-01-20T12:15:21.5295494Z [36;1mecho $JOBS | jq -r 'to_entries[] | " - \(.key): \(.value.result)"'[0m
Status Check - Keycloak JavaScript CI	Run /./.github/actions/status-check	2025-01-20T12:15:21.5295858Z [36;1m[0m
Status Check - Keycloak JavaScript CI	Run /./.github/actions/status-check	2025-01-20T12:15:21.5296135Z [36;1mfor i in $(echo $JOBS | jq -r 'to_entries[] | .value.result'); do[0m
Status Check - Keycloak JavaScript CI	Run /./.github/actions/status-check	2025-01-20T12:15:21.5296546Z [36;1m  if [ "$i" != "success" ] && [ "$i" != "skipped" ]; then[0m
Status Check - Keycloak JavaScript CI	Run /./.github/actions/status-check	2025-01-20T12:15:21.5296933Z [36;1m    echo ""[0m
Status Check - Keycloak JavaScript CI	Run /./.github/actions/status-check	2025-01-20T12:15:21.5297204Z [36;1m    echo "Status check not okay!"[0m
Status Check - Keycloak JavaScript CI	Run /./.github/actions/status-check	2025-01-20T12:15:21.5297498Z [36;1m    exit 1[0m
Status Check - Keycloak JavaScript CI	Run /./.github/actions/status-check	2025-01-20T12:15:21.5297712Z [36;1m  fi[0m
Status Check - Keycloak JavaScript CI	Run /./.github/actions/status-check	2025-01-20T12:15:21.5297915Z [36;1mdone[0m
Status Check - Keycloak JavaScript CI	Run /./.github/actions/status-check	2025-01-20T12:15:21.5330413Z shell: /usr/bin/bash --noprofile --norc -e -o pipefail {0}
Status Check - Keycloak JavaScript CI	Run /./.github/actions/status-check	2025-01-20T12:15:21.5330819Z env:
Status Check - Keycloak JavaScript CI	Run /./.github/actions/status-check	2025-01-20T12:15:21.5331117Z   MAVEN_ARGS: -B -nsu -Daether.connector.http.connectionMaxTtl=25
Status Check - Keycloak JavaScript CI	Run /./.github/actions/status-check	2025-01-20T12:15:21.5331473Z   RETRY_COUNT: 3
Status Check - Keycloak JavaScript CI	Run /./.github/actions/status-check	2025-01-20T12:15:21.5331688Z ##[endgroup]
Status Check - Keycloak JavaScript CI	Run /./.github/actions/status-check	2025-01-20T12:15:21.5405782Z Job status:
Status Check - Keycloak JavaScript CI	Run /./.github/actions/status-check	2025-01-20T12:15:21.5457321Z  - conditional: success
Status Check - Keycloak JavaScript CI	Run /./.github/actions/status-check	2025-01-20T12:15:21.5457831Z  - build-keycloak: success
Status Check - Keycloak JavaScript CI	Run /./.github/actions/status-check	2025-01-20T12:15:21.5458172Z  - admin-client: success
Status Check - Keycloak JavaScript CI	Run /./.github/actions/status-check	2025-01-20T12:15:21.5458441Z  - ui-shared: success
Status Check - Keycloak JavaScript CI	Run /./.github/actions/status-check	2025-01-20T12:15:21.5458677Z  - account-ui: success
Status Check - Keycloak JavaScript CI	Run /./.github/actions/status-check	2025-01-20T12:15:21.5459061Z  - account-ui-e2e: success
Status Check - Keycloak JavaScript CI	Run /./.github/actions/status-check	2025-01-20T12:15:21.5459505Z  - admin-ui: success
Status Check - Keycloak JavaScript CI	Run /./.github/actions/status-check	2025-01-20T12:15:21.5459906Z  - admin-ui-e2e: failure
Status Check - Keycloak JavaScript CI	Run /./.github/actions/status-check	2025-01-20T12:15:21.5491991Z 
Status Check - Keycloak JavaScript CI	Run /./.github/actions/status-check	2025-01-20T12:15:21.5492408Z Status check not okay!
Status Check - Keycloak JavaScript CI	Run /./.github/actions/status-check	2025-01-20T12:15:21.5506549Z ##[error]Process completed with exit code 1.
