Test OLM installation	UNKNOWN STEP	ï»¿2025-06-26T16:10:02.6966156Z Current runner version: '2.325.0'
Test OLM installation	UNKNOWN STEP	2025-06-26T16:10:02.6988945Z ##[group]Runner Image Provisioner
Test OLM installation	UNKNOWN STEP	2025-06-26T16:10:02.6989725Z Hosted Compute Agent
Test OLM installation	UNKNOWN STEP	2025-06-26T16:10:02.6990663Z Version: 20250620.352
Test OLM installation	UNKNOWN STEP	2025-06-26T16:10:02.6991265Z Commit: f262f3aba23b10ea191b2a62bdee1ca4c3d344da
Test OLM installation	UNKNOWN STEP	2025-06-26T16:10:02.6991982Z Build Date: 2025-06-20T19:27:17Z
Test OLM installation	UNKNOWN STEP	2025-06-26T16:10:02.6992507Z ##[endgroup]
Test OLM installation	UNKNOWN STEP	2025-06-26T16:10:02.6993137Z ##[group]Operating System
Test OLM installation	UNKNOWN STEP	2025-06-26T16:10:02.6993698Z Ubuntu
Test OLM installation	UNKNOWN STEP	2025-06-26T16:10:02.6994122Z 24.04.2
Test OLM installation	UNKNOWN STEP	2025-06-26T16:10:02.6994644Z LTS
Test OLM installation	UNKNOWN STEP	2025-06-26T16:10:02.6995054Z ##[endgroup]
Test OLM installation	UNKNOWN STEP	2025-06-26T16:10:02.6995518Z ##[group]Runner Image
Test OLM installation	UNKNOWN STEP	2025-06-26T16:10:02.6996095Z Image: ubuntu-24.04
Test OLM installation	UNKNOWN STEP	2025-06-26T16:10:02.6996591Z Version: 20250602.3.0
Test OLM installation	UNKNOWN STEP	2025-06-26T16:10:02.6997522Z Included Software: https://github.com/actions/runner-images/blob/ubuntu24/20250602.3/images/ubuntu/Ubuntu2404-Readme.md
Test OLM installation	UNKNOWN STEP	2025-06-26T16:10:02.6999072Z Image Release: https://github.com/actions/runner-images/releases/tag/ubuntu24%2F20250602.3
Test OLM installation	UNKNOWN STEP	2025-06-26T16:10:02.7000202Z ##[endgroup]
Test OLM installation	UNKNOWN STEP	2025-06-26T16:10:02.7002744Z ##[group]GITHUB_TOKEN Permissions
Test OLM installation	UNKNOWN STEP	2025-06-26T16:10:02.7004938Z Actions: read
Test OLM installation	UNKNOWN STEP	2025-06-26T16:10:02.7005583Z Attestations: read
Test OLM installation	UNKNOWN STEP	2025-06-26T16:10:02.7006057Z Checks: read
Test OLM installation	UNKNOWN STEP	2025-06-26T16:10:02.7006532Z Contents: read
Test OLM installation	UNKNOWN STEP	2025-06-26T16:10:02.7007017Z Deployments: read
Test OLM installation	UNKNOWN STEP	2025-06-26T16:10:02.7007527Z Discussions: read
Test OLM installation	UNKNOWN STEP	2025-06-26T16:10:02.7008002Z Issues: read
Test OLM installation	UNKNOWN STEP	2025-06-26T16:10:02.7008504Z Metadata: read
Test OLM installation	UNKNOWN STEP	2025-06-26T16:10:02.7008994Z Models: read
Test OLM installation	UNKNOWN STEP	2025-06-26T16:10:02.7009464Z Packages: read
Test OLM installation	UNKNOWN STEP	2025-06-26T16:10:02.7010191Z Pages: read
Test OLM installation	UNKNOWN STEP	2025-06-26T16:10:02.7010842Z PullRequests: read
Test OLM installation	UNKNOWN STEP	2025-06-26T16:10:02.7011444Z RepositoryProjects: read
Test OLM installation	UNKNOWN STEP	2025-06-26T16:10:02.7011954Z SecurityEvents: read
Test OLM installation	UNKNOWN STEP	2025-06-26T16:10:02.7012659Z Statuses: read
Test OLM installation	UNKNOWN STEP	2025-06-26T16:10:02.7013153Z ##[endgroup]
Test OLM installation	UNKNOWN STEP	2025-06-26T16:10:02.7015041Z Secret source: None
Test OLM installation	UNKNOWN STEP	2025-06-26T16:10:02.7016082Z Prepare workflow directory
Test OLM installation	UNKNOWN STEP	2025-06-26T16:10:02.7422864Z Prepare all required actions
Test OLM installation	UNKNOWN STEP	2025-06-26T16:10:02.7460593Z Getting action download info
Test OLM installation	UNKNOWN STEP	2025-06-26T16:10:03.1305348Z ##[group]Download immutable action package 'actions/checkout@v4'
Test OLM installation	UNKNOWN STEP	2025-06-26T16:10:03.1306389Z Version: 4.2.2
Test OLM installation	UNKNOWN STEP	2025-06-26T16:10:03.1307544Z Digest: sha256:ccb2698953eaebd21c7bf6268a94f9c26518a7e38e27e0b83c1fe1ad049819b1
Test OLM installation	UNKNOWN STEP	2025-06-26T16:10:03.1308714Z Source commit SHA: 11bd71901bbe5b1630ceea73d27597364c9af683
Test OLM installation	UNKNOWN STEP	2025-06-26T16:10:03.1309450Z ##[endgroup]
Test OLM installation	UNKNOWN STEP	2025-06-26T16:10:03.2201490Z Download action repository 'manusa/actions-setup-minikube@v2.13.0' (SHA:0e8062ceff873bd77979f39cf8fd3621416afe4d)
Test OLM installation	UNKNOWN STEP	2025-06-26T16:10:03.9632644Z Download action repository 'redhat-actions/openshift-tools-installer@v1' (SHA:144527c7d98999f2652264c048c7a9bd103f8a82)
Test OLM installation	UNKNOWN STEP	2025-06-26T16:10:04.3608627Z ##[group]Download immutable action package 'actions/download-artifact@v4'
Test OLM installation	UNKNOWN STEP	2025-06-26T16:10:04.3610418Z Version: 4.3.0
Test OLM installation	UNKNOWN STEP	2025-06-26T16:10:04.3611829Z Digest: sha256:552a5b9ad918f62ec0c2e8f42f3c694d4ebd1b4036b18c39b14168fcdfc0e4f2
Test OLM installation	UNKNOWN STEP	2025-06-26T16:10:04.3613903Z Source commit SHA: d3f86a106a0bac45b974a628896c90dbdf5c8093
Test OLM installation	UNKNOWN STEP	2025-06-26T16:10:04.3615424Z ##[endgroup]
Test OLM installation	UNKNOWN STEP	2025-06-26T16:10:06.7823775Z Complete job name: Test OLM installation
Test OLM installation	UNKNOWN STEP	2025-06-26T16:10:06.8488248Z ##[group]Run actions/checkout@v4
Test OLM installation	UNKNOWN STEP	2025-06-26T16:10:06.8489028Z with:
Test OLM installation	UNKNOWN STEP	2025-06-26T16:10:06.8489340Z   repository: keycloak/keycloak
Test OLM installation	UNKNOWN STEP	2025-06-26T16:10:06.8489819Z   token: ***
Test OLM installation	UNKNOWN STEP	2025-06-26T16:10:06.8490273Z   ssh-strict: true
Test OLM installation	UNKNOWN STEP	2025-06-26T16:10:06.8490553Z   ssh-user: git
Test OLM installation	UNKNOWN STEP	2025-06-26T16:10:06.8490841Z   persist-credentials: true
Test OLM installation	UNKNOWN STEP	2025-06-26T16:10:06.8491153Z   clean: true
Test OLM installation	UNKNOWN STEP	2025-06-26T16:10:06.8491454Z   sparse-checkout-cone-mode: true
Test OLM installation	UNKNOWN STEP	2025-06-26T16:10:06.8491794Z   fetch-depth: 1
Test OLM installation	UNKNOWN STEP	2025-06-26T16:10:06.8492068Z   fetch-tags: false
Test OLM installation	UNKNOWN STEP	2025-06-26T16:10:06.8492354Z   show-progress: true
Test OLM installation	UNKNOWN STEP	2025-06-26T16:10:06.8492725Z   lfs: false
Test OLM installation	UNKNOWN STEP	2025-06-26T16:10:06.8492990Z   submodules: false
Test OLM installation	UNKNOWN STEP	2025-06-26T16:10:06.8493277Z   set-safe-directory: true
Test OLM installation	UNKNOWN STEP	2025-06-26T16:10:06.8493843Z env:
Test OLM installation	UNKNOWN STEP	2025-06-26T16:10:06.8494289Z   MAVEN_ARGS: -B -nsu -Daether.connector.http.connectionMaxTtl=25
Test OLM installation	UNKNOWN STEP	2025-06-26T16:10:06.8494761Z   MINIKUBE_VERSION: v1.32.0
Test OLM installation	UNKNOWN STEP	2025-06-26T16:10:06.8495358Z   KUBERNETES_VERSION: v1.27.10
Test OLM installation	UNKNOWN STEP	2025-06-26T16:10:06.8495723Z   MINIKUBE_MEMORY: 4096
Test OLM installation	UNKNOWN STEP	2025-06-26T16:10:06.8496010Z ##[endgroup]
Test OLM installation	UNKNOWN STEP	2025-06-26T16:10:06.9559338Z Syncing repository: keycloak/keycloak
Test OLM installation	UNKNOWN STEP	2025-06-26T16:10:06.9561321Z ##[group]Getting Git version info
Test OLM installation	UNKNOWN STEP	2025-06-26T16:10:06.9561908Z Working directory is '/home/runner/work/keycloak/keycloak'
Test OLM installation	UNKNOWN STEP	2025-06-26T16:10:06.9562847Z [command]/usr/bin/git version
Test OLM installation	UNKNOWN STEP	2025-06-26T16:10:06.9603970Z git version 2.49.0
Test OLM installation	UNKNOWN STEP	2025-06-26T16:10:06.9629462Z ##[endgroup]
Test OLM installation	UNKNOWN STEP	2025-06-26T16:10:06.9643273Z Temporarily overriding HOME='/home/runner/work/_temp/347cfcad-ea16-4487-b7a5-de348ff605d9' before making global git config changes
Test OLM installation	UNKNOWN STEP	2025-06-26T16:10:06.9644418Z Adding repository directory to the temporary git global config as a safe directory
Test OLM installation	UNKNOWN STEP	2025-06-26T16:10:06.9648748Z [command]/usr/bin/git config --global --add safe.directory /home/runner/work/keycloak/keycloak
Test OLM installation	UNKNOWN STEP	2025-06-26T16:10:06.9682534Z Deleting the contents of '/home/runner/work/keycloak/keycloak'
Test OLM installation	UNKNOWN STEP	2025-06-26T16:10:06.9686163Z ##[group]Initializing the repository
Test OLM installation	UNKNOWN STEP	2025-06-26T16:10:06.9689789Z [command]/usr/bin/git init /home/runner/work/keycloak/keycloak
Test OLM installation	UNKNOWN STEP	2025-06-26T16:10:06.9760571Z hint: Using 'master' as the name for the initial branch. This default branch name
Test OLM installation	UNKNOWN STEP	2025-06-26T16:10:06.9762038Z hint: is subject to change. To configure the initial branch name to use in all
Test OLM installation	UNKNOWN STEP	2025-06-26T16:10:06.9763106Z hint: of your new repositories, which will suppress this warning, call:
Test OLM installation	UNKNOWN STEP	2025-06-26T16:10:06.9764095Z hint:
Test OLM installation	UNKNOWN STEP	2025-06-26T16:10:06.9764580Z hint: 	git config --global init.defaultBranch <name>
Test OLM installation	UNKNOWN STEP	2025-06-26T16:10:06.9765339Z hint:
Test OLM installation	UNKNOWN STEP	2025-06-26T16:10:06.9766276Z hint: Names commonly chosen instead of 'master' are 'main', 'trunk' and
Test OLM installation	UNKNOWN STEP	2025-06-26T16:10:06.9767490Z hint: 'development'. The just-created branch can be renamed via this command:
Test OLM installation	UNKNOWN STEP	2025-06-26T16:10:06.9768386Z hint:
Test OLM installation	UNKNOWN STEP	2025-06-26T16:10:06.9768985Z hint: 	git branch -m <name>
Test OLM installation	UNKNOWN STEP	2025-06-26T16:10:06.9770356Z Initialized empty Git repository in /home/runner/work/keycloak/keycloak/.git/
Test OLM installation	UNKNOWN STEP	2025-06-26T16:10:06.9779729Z [command]/usr/bin/git remote add origin https://github.com/keycloak/keycloak
Test OLM installation	UNKNOWN STEP	2025-06-26T16:10:06.9815831Z ##[endgroup]
Test OLM installation	UNKNOWN STEP	2025-06-26T16:10:06.9816949Z ##[group]Disabling automatic garbage collection
Test OLM installation	UNKNOWN STEP	2025-06-26T16:10:06.9819538Z [command]/usr/bin/git config --local gc.auto 0
Test OLM installation	UNKNOWN STEP	2025-06-26T16:10:06.9847143Z ##[endgroup]
Test OLM installation	UNKNOWN STEP	2025-06-26T16:10:06.9847829Z ##[group]Setting up auth
Test OLM installation	UNKNOWN STEP	2025-06-26T16:10:06.9853772Z [command]/usr/bin/git config --local --name-only --get-regexp core\.sshCommand
Test OLM installation	UNKNOWN STEP	2025-06-26T16:10:06.9883140Z [command]/usr/bin/git submodule foreach --recursive sh -c "git config --local --name-only --get-regexp 'core\.sshCommand' && git config --local --unset-all 'core.sshCommand' || :"
Test OLM installation	UNKNOWN STEP	2025-06-26T16:10:07.0154664Z [command]/usr/bin/git config --local --name-only --get-regexp http\.https\:\/\/github\.com\/\.extraheader
Test OLM installation	UNKNOWN STEP	2025-06-26T16:10:07.0184756Z [command]/usr/bin/git submodule foreach --recursive sh -c "git config --local --name-only --get-regexp 'http\.https\:\/\/github\.com\/\.extraheader' && git config --local --unset-all 'http.https://github.com/.extraheader' || :"
Test OLM installation	UNKNOWN STEP	2025-06-26T16:10:07.0401686Z [command]/usr/bin/git config --local http.https://github.com/.extraheader AUTHORIZATION: basic ***
Test OLM installation	UNKNOWN STEP	2025-06-26T16:10:07.0442790Z ##[endgroup]
Test OLM installation	UNKNOWN STEP	2025-06-26T16:10:07.0443923Z ##[group]Fetching the repository
Test OLM installation	UNKNOWN STEP	2025-06-26T16:10:07.0451206Z [command]/usr/bin/git -c protocol.version=2 fetch --no-tags --prune --no-recurse-submodules --depth=1 origin +815d779fedac00a8a10527b1e81b6aaee750a956:refs/remotes/pull/40743/merge
Test OLM installation	UNKNOWN STEP	2025-06-26T16:10:09.7719755Z From https://github.com/keycloak/keycloak
Test OLM installation	UNKNOWN STEP	2025-06-26T16:10:09.7720924Z  * [new ref]         815d779fedac00a8a10527b1e81b6aaee750a956 -> pull/40743/merge
Test OLM installation	UNKNOWN STEP	2025-06-26T16:10:09.7776852Z ##[endgroup]
Test OLM installation	UNKNOWN STEP	2025-06-26T16:10:09.7777488Z ##[group]Determining the checkout info
Test OLM installation	UNKNOWN STEP	2025-06-26T16:10:09.7779335Z ##[endgroup]
Test OLM installation	UNKNOWN STEP	2025-06-26T16:10:09.7784864Z [command]/usr/bin/git sparse-checkout disable
Test OLM installation	UNKNOWN STEP	2025-06-26T16:10:09.7824637Z [command]/usr/bin/git config --local --unset-all extensions.worktreeConfig
Test OLM installation	UNKNOWN STEP	2025-06-26T16:10:09.7858001Z ##[group]Checking out the ref
Test OLM installation	UNKNOWN STEP	2025-06-26T16:10:09.7859820Z [command]/usr/bin/git checkout --progress --force refs/remotes/pull/40743/merge
Test OLM installation	UNKNOWN STEP	2025-06-26T16:10:10.5218532Z Note: switching to 'refs/remotes/pull/40743/merge'.
Test OLM installation	UNKNOWN STEP	2025-06-26T16:10:10.5219021Z 
Test OLM installation	UNKNOWN STEP	2025-06-26T16:10:10.5219296Z You are in 'detached HEAD' state. You can look around, make experimental
Test OLM installation	UNKNOWN STEP	2025-06-26T16:10:10.5220431Z changes and commit them, and you can discard any commits you make in this
Test OLM installation	UNKNOWN STEP	2025-06-26T16:10:10.5221253Z state without impacting any branches by switching back to a branch.
Test OLM installation	UNKNOWN STEP	2025-06-26T16:10:10.5221729Z 
Test OLM installation	UNKNOWN STEP	2025-06-26T16:10:10.5222056Z If you want to create a new branch to retain commits you create, you may
Test OLM installation	UNKNOWN STEP	2025-06-26T16:10:10.5222767Z do so (now or later) by using -c with the switch command. Example:
Test OLM installation	UNKNOWN STEP	2025-06-26T16:10:10.5223208Z 
Test OLM installation	UNKNOWN STEP	2025-06-26T16:10:10.5223376Z   git switch -c <new-branch-name>
Test OLM installation	UNKNOWN STEP	2025-06-26T16:10:10.5223658Z 
Test OLM installation	UNKNOWN STEP	2025-06-26T16:10:10.5223821Z Or undo this operation with:
Test OLM installation	UNKNOWN STEP	2025-06-26T16:10:10.5224117Z 
Test OLM installation	UNKNOWN STEP	2025-06-26T16:10:10.5224233Z   git switch -
Test OLM installation	UNKNOWN STEP	2025-06-26T16:10:10.5224454Z 
Test OLM installation	UNKNOWN STEP	2025-06-26T16:10:10.5224768Z Turn off this advice by setting config variable advice.detachedHead to false
Test OLM installation	UNKNOWN STEP	2025-06-26T16:10:10.5225255Z 
Test OLM installation	UNKNOWN STEP	2025-06-26T16:10:10.5225857Z HEAD is now at 815d779 Merge df5a030456125dfa1ce23a73c0831a71f63b8e21 into 0892ba363a786db18cf31b62006ac573b6ce9c46
Test OLM installation	UNKNOWN STEP	2025-06-26T16:10:10.5251086Z ##[endgroup]
Test OLM installation	UNKNOWN STEP	2025-06-26T16:10:10.5295896Z [command]/usr/bin/git log -1 --format=%H
Test OLM installation	UNKNOWN STEP	2025-06-26T16:10:10.5319603Z 815d779fedac00a8a10527b1e81b6aaee750a956
Test OLM installation	UNKNOWN STEP	2025-06-26T16:10:10.5536154Z Prepare all required actions
Test OLM installation	UNKNOWN STEP	2025-06-26T16:10:10.5536599Z Getting action download info
Test OLM installation	UNKNOWN STEP	2025-06-26T16:10:10.6891727Z ##[group]Download immutable action package 'actions/setup-java@v4'
Test OLM installation	UNKNOWN STEP	2025-06-26T16:10:10.6892150Z Version: 4.7.1
Test OLM installation	UNKNOWN STEP	2025-06-26T16:10:10.6892516Z Digest: sha256:23223d64943473efb4336f60463c0429cd4f422cd5fc6c48a5cf0d5907c1aeac
Test OLM installation	UNKNOWN STEP	2025-06-26T16:10:10.6893029Z Source commit SHA: c5195efecf7bdfc987ee8bae7a71cb8b11521c00
Test OLM installation	UNKNOWN STEP	2025-06-26T16:10:10.6893401Z ##[endgroup]
Test OLM installation	UNKNOWN STEP	2025-06-26T16:10:10.9915677Z ##[group]Run ./.github/actions/java-setup
Test OLM installation	UNKNOWN STEP	2025-06-26T16:10:10.9915940Z with:
Test OLM installation	UNKNOWN STEP	2025-06-26T16:10:10.9916103Z   distribution: temurin
Test OLM installation	UNKNOWN STEP	2025-06-26T16:10:10.9916298Z   java-version: 21
Test OLM installation	UNKNOWN STEP	2025-06-26T16:10:10.9916459Z env:
Test OLM installation	UNKNOWN STEP	2025-06-26T16:10:10.9916711Z   MAVEN_ARGS: -B -nsu -Daether.connector.http.connectionMaxTtl=25
Test OLM installation	UNKNOWN STEP	2025-06-26T16:10:10.9917039Z   MINIKUBE_VERSION: v1.32.0
Test OLM installation	UNKNOWN STEP	2025-06-26T16:10:10.9917250Z   KUBERNETES_VERSION: v1.27.10
Test OLM installation	UNKNOWN STEP	2025-06-26T16:10:10.9917462Z   MINIKUBE_MEMORY: 4096
Test OLM installation	UNKNOWN STEP	2025-06-26T16:10:10.9917678Z ##[endgroup]
Test OLM installation	UNKNOWN STEP	2025-06-26T16:10:11.0057204Z ##[group]Run actions/setup-java@v4
Test OLM installation	UNKNOWN STEP	2025-06-26T16:10:11.0057443Z with:
Test OLM installation	UNKNOWN STEP	2025-06-26T16:10:11.0057615Z   distribution: temurin
Test OLM installation	UNKNOWN STEP	2025-06-26T16:10:11.0057807Z   java-version: 21
Test OLM installation	UNKNOWN STEP	2025-06-26T16:10:11.0057989Z   java-package: jdk
Test OLM installation	UNKNOWN STEP	2025-06-26T16:10:11.0058169Z   check-latest: false
Test OLM installation	UNKNOWN STEP	2025-06-26T16:10:11.0058351Z   server-id: github
Test OLM installation	UNKNOWN STEP	2025-06-26T16:10:11.0058533Z   server-username: GITHUB_ACTOR
Test OLM installation	UNKNOWN STEP	2025-06-26T16:10:11.0058751Z   server-password: GITHUB_TOKEN
Test OLM installation	UNKNOWN STEP	2025-06-26T16:10:11.0058990Z   overwrite-settings: true
Test OLM installation	UNKNOWN STEP	2025-06-26T16:10:11.0059181Z   job-status: success
Test OLM installation	UNKNOWN STEP	2025-06-26T16:10:11.0059514Z   token: ***
Test OLM installation	UNKNOWN STEP	2025-06-26T16:10:11.0059674Z env:
Test OLM installation	UNKNOWN STEP	2025-06-26T16:10:11.0060141Z   MAVEN_ARGS: -B -nsu -Daether.connector.http.connectionMaxTtl=25
Test OLM installation	UNKNOWN STEP	2025-06-26T16:10:11.0060467Z   MINIKUBE_VERSION: v1.32.0
Test OLM installation	UNKNOWN STEP	2025-06-26T16:10:11.0060671Z   KUBERNETES_VERSION: v1.27.10
Test OLM installation	UNKNOWN STEP	2025-06-26T16:10:11.0060881Z   MINIKUBE_MEMORY: 4096
Test OLM installation	UNKNOWN STEP	2025-06-26T16:10:11.0061057Z ##[endgroup]
Test OLM installation	UNKNOWN STEP	2025-06-26T16:10:11.1979768Z ##[group]Installed distributions
Test OLM installation	UNKNOWN STEP	2025-06-26T16:10:11.2229836Z Resolved Java 21.0.7+6 from tool-cache
Test OLM installation	UNKNOWN STEP	2025-06-26T16:10:11.2230679Z Setting Java 21.0.7+6 as the default
Test OLM installation	UNKNOWN STEP	2025-06-26T16:10:11.2243880Z Creating toolchains.xml for JDK version 21 from temurin
Test OLM installation	UNKNOWN STEP	2025-06-26T16:10:11.2320152Z Writing to /home/runner/.m2/toolchains.xml
Test OLM installation	UNKNOWN STEP	2025-06-26T16:10:11.2321241Z 
Test OLM installation	UNKNOWN STEP	2025-06-26T16:10:11.2321471Z Java configuration:
Test OLM installation	UNKNOWN STEP	2025-06-26T16:10:11.2321868Z   Distribution: temurin
Test OLM installation	UNKNOWN STEP	2025-06-26T16:10:11.2322504Z   Version: 21.0.7+6
Test OLM installation	UNKNOWN STEP	2025-06-26T16:10:11.2323007Z   Path: /opt/hostedtoolcache/Java_Temurin-Hotspot_jdk/21.0.7-6/x64
Test OLM installation	UNKNOWN STEP	2025-06-26T16:10:11.2323522Z 
Test OLM installation	UNKNOWN STEP	2025-06-26T16:10:11.2324322Z ##[endgroup]
Test OLM installation	UNKNOWN STEP	2025-06-26T16:10:11.2338584Z Creating settings.xml with server-id: github
Test OLM installation	UNKNOWN STEP	2025-06-26T16:10:11.2349567Z Writing to /home/runner/.m2/settings.xml
Test OLM installation	UNKNOWN STEP	2025-06-26T16:10:11.2502491Z ##[group]Run manusa/actions-setup-minikube@v2.13.0
Test OLM installation	UNKNOWN STEP	2025-06-26T16:10:11.2502783Z with:
Test OLM installation	UNKNOWN STEP	2025-06-26T16:10:11.2502955Z   minikube version: v1.32.0
Test OLM installation	UNKNOWN STEP	2025-06-26T16:10:11.2503172Z   kubernetes version: v1.27.10
Test OLM installation	UNKNOWN STEP	2025-06-26T16:10:11.2503591Z   github token: ***
Test OLM installation	UNKNOWN STEP	2025-06-26T16:10:11.2503771Z   driver: docker
Test OLM installation	UNKNOWN STEP	2025-06-26T16:10:11.2503958Z   start args: --memory=4096
Test OLM installation	UNKNOWN STEP	2025-06-26T16:10:11.2504151Z env:
Test OLM installation	UNKNOWN STEP	2025-06-26T16:10:11.2504402Z   MAVEN_ARGS: -B -nsu -Daether.connector.http.connectionMaxTtl=25
Test OLM installation	UNKNOWN STEP	2025-06-26T16:10:11.2504723Z   MINIKUBE_VERSION: v1.32.0
Test OLM installation	UNKNOWN STEP	2025-06-26T16:10:11.2504929Z   KUBERNETES_VERSION: v1.27.10
Test OLM installation	UNKNOWN STEP	2025-06-26T16:10:11.2505134Z   MINIKUBE_MEMORY: 4096
Test OLM installation	UNKNOWN STEP	2025-06-26T16:10:11.2505434Z   JAVA_HOME: /opt/hostedtoolcache/Java_Temurin-Hotspot_jdk/21.0.7-6/x64
Test OLM installation	UNKNOWN STEP	2025-06-26T16:10:11.2505859Z   JAVA_HOME_21_X64: /opt/hostedtoolcache/Java_Temurin-Hotspot_jdk/21.0.7-6/x64
Test OLM installation	UNKNOWN STEP	2025-06-26T16:10:11.2506182Z ##[endgroup]
Test OLM installation	UNKNOWN STEP	2025-06-26T16:10:11.3700485Z Loading input variables
Test OLM installation	UNKNOWN STEP	2025-06-26T16:10:11.3703259Z Updating Environment configuration to support Minikube
Test OLM installation	UNKNOWN STEP	2025-06-26T16:10:11.3834414Z 
Test OLM installation	UNKNOWN STEP	2025-06-26T16:10:11.3834926Z WARNING: apt does not have a stable CLI interface. Use with caution in scripts.
Test OLM installation	UNKNOWN STEP	2025-06-26T16:10:11.3835387Z 
Test OLM installation	UNKNOWN STEP	2025-06-26T16:10:11.4462503Z Get:1 file:/etc/apt/apt-mirrors.txt Mirrorlist [144 B]
Test OLM installation	UNKNOWN STEP	2025-06-26T16:10:11.4825830Z Hit:2 http://azure.archive.ubuntu.com/ubuntu noble InRelease
Test OLM installation	UNKNOWN STEP	2025-06-26T16:10:11.4846394Z Get:3 http://azure.archive.ubuntu.com/ubuntu noble-updates InRelease [126 kB]
Test OLM installation	UNKNOWN STEP	2025-06-26T16:10:11.4922267Z Get:4 http://azure.archive.ubuntu.com/ubuntu noble-backports InRelease [126 kB]
Test OLM installation	UNKNOWN STEP	2025-06-26T16:10:11.4973262Z Get:5 http://azure.archive.ubuntu.com/ubuntu noble-security InRelease [126 kB]
Test OLM installation	UNKNOWN STEP	2025-06-26T16:10:11.5090401Z Get:6 https://packages.microsoft.com/repos/azure-cli noble InRelease [3564 B]
Test OLM installation	UNKNOWN STEP	2025-06-26T16:10:11.5171933Z Get:7 https://packages.microsoft.com/ubuntu/24.04/prod noble InRelease [3600 B]
Test OLM installation	UNKNOWN STEP	2025-06-26T16:10:11.6319554Z Get:8 http://azure.archive.ubuntu.com/ubuntu noble-updates/main amd64 Packages [1159 kB]
Test OLM installation	UNKNOWN STEP	2025-06-26T16:10:11.6473782Z Get:9 http://azure.archive.ubuntu.com/ubuntu noble-updates/main Translation-en [244 kB]
Test OLM installation	UNKNOWN STEP	2025-06-26T16:10:11.6503228Z Get:10 http://azure.archive.ubuntu.com/ubuntu noble-updates/main amd64 Components [161 kB]
Test OLM installation	UNKNOWN STEP	2025-06-26T16:10:11.6525915Z Get:11 http://azure.archive.ubuntu.com/ubuntu noble-updates/universe amd64 Packages [1092 kB]
Test OLM installation	UNKNOWN STEP	2025-06-26T16:10:11.6600437Z Get:12 http://azure.archive.ubuntu.com/ubuntu noble-updates/universe Translation-en [278 kB]
Test OLM installation	UNKNOWN STEP	2025-06-26T16:10:11.6645449Z Get:13 http://azure.archive.ubuntu.com/ubuntu noble-updates/universe amd64 Components [376 kB]
Test OLM installation	UNKNOWN STEP	2025-06-26T16:10:11.6780845Z Get:14 http://azure.archive.ubuntu.com/ubuntu noble-updates/restricted amd64 Packages [1256 kB]
Test OLM installation	UNKNOWN STEP	2025-06-26T16:10:11.6812781Z Get:15 http://azure.archive.ubuntu.com/ubuntu noble-updates/restricted Translation-en [266 kB]
Test OLM installation	UNKNOWN STEP	2025-06-26T16:10:11.6841416Z Get:16 http://azure.archive.ubuntu.com/ubuntu noble-updates/restricted amd64 Components [212 B]
Test OLM installation	UNKNOWN STEP	2025-06-26T16:10:11.6856132Z Get:17 http://azure.archive.ubuntu.com/ubuntu noble-updates/multiverse amd64 Packages [22.1 kB]
Test OLM installation	UNKNOWN STEP	2025-06-26T16:10:11.7341152Z Get:18 http://azure.archive.ubuntu.com/ubuntu noble-updates/multiverse Translation-en [4972 B]
Test OLM installation	UNKNOWN STEP	2025-06-26T16:10:11.7348906Z Get:19 http://azure.archive.ubuntu.com/ubuntu noble-updates/multiverse amd64 Components [940 B]
Test OLM installation	UNKNOWN STEP	2025-06-26T16:10:11.7362659Z Get:20 http://azure.archive.ubuntu.com/ubuntu noble-backports/main amd64 Components [7064 B]
Test OLM installation	UNKNOWN STEP	2025-06-26T16:10:11.7374970Z Get:21 http://azure.archive.ubuntu.com/ubuntu noble-backports/universe amd64 Components [16.3 kB]
Test OLM installation	UNKNOWN STEP	2025-06-26T16:10:11.7388886Z Get:22 http://azure.archive.ubuntu.com/ubuntu noble-backports/restricted amd64 Components [216 B]
Test OLM installation	UNKNOWN STEP	2025-06-26T16:10:11.7397240Z Get:23 http://azure.archive.ubuntu.com/ubuntu noble-backports/multiverse amd64 Components [212 B]
Test OLM installation	UNKNOWN STEP	2025-06-26T16:10:11.7680968Z Get:24 http://azure.archive.ubuntu.com/ubuntu noble-security/main amd64 Packages [911 kB]
Test OLM installation	UNKNOWN STEP	2025-06-26T16:10:11.7749040Z Get:25 http://azure.archive.ubuntu.com/ubuntu noble-security/main Translation-en [167 kB]
Test OLM installation	UNKNOWN STEP	2025-06-26T16:10:11.7772644Z Get:26 http://azure.archive.ubuntu.com/ubuntu noble-security/main amd64 Components [21.6 kB]
Test OLM installation	UNKNOWN STEP	2025-06-26T16:10:11.7800844Z Get:27 http://azure.archive.ubuntu.com/ubuntu noble-security/universe amd64 Packages [860 kB]
Test OLM installation	UNKNOWN STEP	2025-06-26T16:10:11.7847586Z Get:28 http://azure.archive.ubuntu.com/ubuntu noble-security/universe Translation-en [188 kB]
Test OLM installation	UNKNOWN STEP	2025-06-26T16:10:11.7874593Z Get:29 http://azure.archive.ubuntu.com/ubuntu noble-security/universe amd64 Components [52.2 kB]
Test OLM installation	UNKNOWN STEP	2025-06-26T16:10:11.7899307Z Get:30 http://azure.archive.ubuntu.com/ubuntu noble-security/restricted amd64 Packages [1217 kB]
Test OLM installation	UNKNOWN STEP	2025-06-26T16:10:11.8013564Z Get:31 http://azure.archive.ubuntu.com/ubuntu noble-security/restricted Translation-en [258 kB]
Test OLM installation	UNKNOWN STEP	2025-06-26T16:10:11.8388710Z Get:34 https://packages.microsoft.com/repos/azure-cli noble/main amd64 Packages [1377 B]
Test OLM installation	UNKNOWN STEP	2025-06-26T16:10:11.8493038Z Get:32 http://azure.archive.ubuntu.com/ubuntu noble-security/restricted amd64 Components [212 B]
Test OLM installation	UNKNOWN STEP	2025-06-26T16:10:11.8503977Z Get:33 http://azure.archive.ubuntu.com/ubuntu noble-security/multiverse amd64 Components [212 B]
Test OLM installation	UNKNOWN STEP	2025-06-26T16:10:11.8997185Z Get:35 https://packages.microsoft.com/ubuntu/24.04/prod noble/main amd64 Packages [36.7 kB]
Test OLM installation	UNKNOWN STEP	2025-06-26T16:10:11.9170893Z Get:36 https://packages.microsoft.com/ubuntu/24.04/prod noble/main arm64 Packages [24.0 kB]
Test OLM installation	UNKNOWN STEP	2025-06-26T16:10:11.9206563Z Get:37 https://packages.microsoft.com/ubuntu/24.04/prod noble/main armhf Packages [8721 B]
Test OLM installation	UNKNOWN STEP	2025-06-26T16:10:15.4974558Z Fetched 9017 kB in 1s (8004 kB/s)
Test OLM installation	UNKNOWN STEP	2025-06-26T16:10:16.1353572Z Reading package lists...
Test OLM installation	UNKNOWN STEP	2025-06-26T16:10:16.2684408Z Building dependency tree...
Test OLM installation	UNKNOWN STEP	2025-06-26T16:10:16.2691296Z Reading state information...
Test OLM installation	UNKNOWN STEP	2025-06-26T16:10:16.2817903Z 87 packages can be upgraded. Run 'apt list --upgradable' to see them.
Test OLM installation	UNKNOWN STEP	2025-06-26T16:10:16.3075880Z Reading package lists...
Test OLM installation	UNKNOWN STEP	2025-06-26T16:10:16.4468446Z Building dependency tree...
Test OLM installation	UNKNOWN STEP	2025-06-26T16:10:16.4476329Z Reading state information...
Test OLM installation	UNKNOWN STEP	2025-06-26T16:10:16.5953411Z The following NEW packages will be installed:
Test OLM installation	UNKNOWN STEP	2025-06-26T16:10:16.5958750Z   conntrack
Test OLM installation	UNKNOWN STEP	2025-06-26T16:10:16.6121005Z 0 upgraded, 1 newly installed, 0 to remove and 87 not upgraded.
Test OLM installation	UNKNOWN STEP	2025-06-26T16:10:16.6121580Z Need to get 37.9 kB of archives.
Test OLM installation	UNKNOWN STEP	2025-06-26T16:10:16.6122091Z After this operation, 119 kB of additional disk space will be used.
Test OLM installation	UNKNOWN STEP	2025-06-26T16:10:16.6122721Z Get:1 file:/etc/apt/apt-mirrors.txt Mirrorlist [144 B]
Test OLM installation	UNKNOWN STEP	2025-06-26T16:10:16.6624700Z Get:2 http://azure.archive.ubuntu.com/ubuntu noble/main amd64 conntrack amd64 1:1.4.8-1ubuntu1 [37.9 kB]
Test OLM installation	UNKNOWN STEP	2025-06-26T16:10:16.9054748Z Fetched 37.9 kB in 0s (592 kB/s)
Test OLM installation	UNKNOWN STEP	2025-06-26T16:10:16.9271021Z Selecting previously unselected package conntrack.
Test OLM installation	UNKNOWN STEP	2025-06-26T16:10:16.9490217Z (Reading database ... 
Test OLM installation	UNKNOWN STEP	2025-06-26T16:10:16.9490654Z (Reading database ... 5%
Test OLM installation	UNKNOWN STEP	2025-06-26T16:10:16.9491052Z (Reading database ... 10%
Test OLM installation	UNKNOWN STEP	2025-06-26T16:10:16.9491330Z (Reading database ... 15%
Test OLM installation	UNKNOWN STEP	2025-06-26T16:10:16.9491578Z (Reading database ... 20%
Test OLM installation	UNKNOWN STEP	2025-06-26T16:10:16.9491818Z (Reading database ... 25%
Test OLM installation	UNKNOWN STEP	2025-06-26T16:10:16.9492046Z (Reading database ... 30%
Test OLM installation	UNKNOWN STEP	2025-06-26T16:10:16.9492266Z (Reading database ... 35%
Test OLM installation	UNKNOWN STEP	2025-06-26T16:10:16.9492496Z (Reading database ... 40%
Test OLM installation	UNKNOWN STEP	2025-06-26T16:10:16.9492717Z (Reading database ... 45%
Test OLM installation	UNKNOWN STEP	2025-06-26T16:10:16.9492944Z (Reading database ... 50%
Test OLM installation	UNKNOWN STEP	2025-06-26T16:10:16.9680570Z (Reading database ... 55%
Test OLM installation	UNKNOWN STEP	2025-06-26T16:10:16.9892360Z (Reading database ... 60%
Test OLM installation	UNKNOWN STEP	2025-06-26T16:10:17.0068239Z (Reading database ... 65%
Test OLM installation	UNKNOWN STEP	2025-06-26T16:10:17.0228474Z (Reading database ... 70%
Test OLM installation	UNKNOWN STEP	2025-06-26T16:10:17.0424066Z (Reading database ... 75%
Test OLM installation	UNKNOWN STEP	2025-06-26T16:10:17.0702156Z (Reading database ... 80%
Test OLM installation	UNKNOWN STEP	2025-06-26T16:10:17.1215347Z (Reading database ... 85%
Test OLM installation	UNKNOWN STEP	2025-06-26T16:10:17.1894659Z (Reading database ... 90%
Test OLM installation	UNKNOWN STEP	2025-06-26T16:10:17.2220256Z (Reading database ... 95%
Test OLM installation	UNKNOWN STEP	2025-06-26T16:10:17.2220673Z (Reading database ... 100%
Test OLM installation	UNKNOWN STEP	2025-06-26T16:10:17.2221243Z (Reading database ... 219155 files and directories currently installed.)
Test OLM installation	UNKNOWN STEP	2025-06-26T16:10:17.2263279Z Preparing to unpack .../conntrack_1%3a1.4.8-1ubuntu1_amd64.deb ...
Test OLM installation	UNKNOWN STEP	2025-06-26T16:10:17.2295622Z Unpacking conntrack (1:1.4.8-1ubuntu1) ...
Test OLM installation	UNKNOWN STEP	2025-06-26T16:10:17.2696308Z Setting up conntrack (1:1.4.8-1ubuntu1) ...
Test OLM installation	UNKNOWN STEP	2025-06-26T16:10:17.2734769Z Processing triggers for man-db (2.12.0-4build2) ...
Test OLM installation	UNKNOWN STEP	2025-06-26T16:10:18.3994459Z 
Test OLM installation	UNKNOWN STEP	2025-06-26T16:10:18.3994990Z Running kernel seems to be up-to-date.
Test OLM installation	UNKNOWN STEP	2025-06-26T16:10:18.3995271Z 
Test OLM installation	UNKNOWN STEP	2025-06-26T16:10:18.3995374Z Restarting services...
Test OLM installation	UNKNOWN STEP	2025-06-26T16:10:18.4062154Z 
Test OLM installation	UNKNOWN STEP	2025-06-26T16:10:18.4062369Z Service restarts being deferred:
Test OLM installation	UNKNOWN STEP	2025-06-26T16:10:18.4063955Z  systemctl restart hosted-compute-agent.service
Test OLM installation	UNKNOWN STEP	2025-06-26T16:10:18.4064312Z 
Test OLM installation	UNKNOWN STEP	2025-06-26T16:10:18.4064612Z No containers need to be restarted.
Test OLM installation	UNKNOWN STEP	2025-06-26T16:10:18.4064974Z 
Test OLM installation	UNKNOWN STEP	2025-06-26T16:10:18.4065173Z No user sessions are running outdated binaries.
Test OLM installation	UNKNOWN STEP	2025-06-26T16:10:18.4065497Z 
Test OLM installation	UNKNOWN STEP	2025-06-26T16:10:18.4065802Z No VM guests are running outdated hypervisor (qemu) binaries on this host.
Test OLM installation	UNKNOWN STEP	2025-06-26T16:10:19.2112530Z fs.protected_regular = 0
Test OLM installation	UNKNOWN STEP	2025-06-26T16:10:19.2122835Z Waiting for Docker to be ready
Test OLM installation	UNKNOWN STEP	2025-06-26T16:10:19.3187835Z 28.0.4 - 28.0.4
Test OLM installation	UNKNOWN STEP	2025-06-26T16:10:19.3202644Z Docker daemon is ready
Test OLM installation	UNKNOWN STEP	2025-06-26T16:10:19.3206580Z Downloading Minikube  v1.32.0
Test OLM installation	UNKNOWN STEP	2025-06-26T16:10:19.5810322Z Downloading from: https://github.com/kubernetes/minikube/releases/download/v1.32.0/minikube-linux-amd64
Test OLM installation	UNKNOWN STEP	2025-06-26T16:10:20.3633226Z Installing Minikube
Test OLM installation	UNKNOWN STEP	2025-06-26T16:10:20.4060897Z * minikube v1.32.0 on Ubuntu 24.04
Test OLM installation	UNKNOWN STEP	2025-06-26T16:10:20.4065819Z   - MINIKUBE_VERSION=v1.32.0
Test OLM installation	UNKNOWN STEP	2025-06-26T16:10:20.4070335Z   - MINIKUBE_MEMORY=4096
Test OLM installation	UNKNOWN STEP	2025-06-26T16:10:20.4074276Z   - MINIKUBE_HOME=/home/runner/work/_temp
Test OLM installation	UNKNOWN STEP	2025-06-26T16:10:20.4676162Z * minikube 1.36.0 is available! Download it: https://github.com/kubernetes/minikube/releases/tag/v1.36.0
Test OLM installation	UNKNOWN STEP	2025-06-26T16:10:20.4680322Z * To disable this notice, run: 'minikube config set WantUpdateNotification false'
Test OLM installation	UNKNOWN STEP	2025-06-26T16:10:20.4680851Z 
Test OLM installation	UNKNOWN STEP	2025-06-26T16:10:23.0604415Z * Using the docker driver based on user configuration
Test OLM installation	UNKNOWN STEP	2025-06-26T16:10:23.1121994Z * Using Docker driver with root privileges
Test OLM installation	UNKNOWN STEP	2025-06-26T16:10:23.1131363Z * Starting control plane node minikube in cluster minikube
Test OLM installation	UNKNOWN STEP	2025-06-26T16:10:23.1139354Z * Pulling base image ...
Test OLM installation	UNKNOWN STEP	2025-06-26T16:10:23.1663378Z * Downloading Kubernetes v1.27.10 preload ...
Test OLM installation	UNKNOWN STEP	2025-06-26T16:10:36.8768499Z * Creating docker container (CPUs=2, Memory=4096MB) ...
Test OLM installation	UNKNOWN STEP	2025-06-26T16:10:51.6167081Z * Preparing Kubernetes v1.27.10 on Docker 24.0.7 ...
Test OLM installation	UNKNOWN STEP	2025-06-26T16:11:02.0868462Z   - Generating certificates and keys ...
Test OLM installation	UNKNOWN STEP	2025-06-26T16:11:02.0877671Z   - Booting up control plane ...
Test OLM installation	UNKNOWN STEP	2025-06-26T16:11:02.0905537Z   - Configuring RBAC rules ...
Test OLM installation	UNKNOWN STEP	2025-06-26T16:11:02.0951172Z * Configuring bridge CNI (Container Networking Interface) ...
Test OLM installation	UNKNOWN STEP	2025-06-26T16:11:02.2446562Z   - Using image gcr.io/k8s-minikube/storage-provisioner:v5
Test OLM installation	UNKNOWN STEP	2025-06-26T16:11:02.2458526Z * Verifying Kubernetes components...
Test OLM installation	UNKNOWN STEP	2025-06-26T16:11:02.9976378Z * Enabled addons: storage-provisioner, default-storageclass
Test OLM installation	UNKNOWN STEP	2025-06-26T16:11:05.4676226Z 
Test OLM installation	UNKNOWN STEP	2025-06-26T16:11:05.4684448Z     > gcr.io/k8s-minikube/kicbase...:  0 B [_______________________] ?% ? p/s ?    > gcr.io/k8s-minikube/kicbase...:  1.62 KiB / 453.90 MiB [>_] 0.00% ? p/s ?    > gcr.io/k8s-minikube/kicbase...:  257.71 KiB / 453.90 MiB [] 0.06% ? p/s ?    > gcr.io/k8s-minikube/kicbase...:  21.19 MiB / 453.90 MiB  4.67% 35.36 MiB     > gcr.io/k8s-minikube/kicbase...:  41.50 MiB / 453.90 MiB  9.14% 35.36 MiB     > gcr.io/k8s-minikube/kicbase...:  60.21 MiB / 453.90 MiB  13.26% 35.36 MiB    > gcr.io/k8s-minikube/kicbase...:  80.00 MiB / 453.90 MiB  17.63% 39.40 MiB    > gcr.io/k8s-minikube/kicbase...:  97.64 MiB / 453.90 MiB  21.51% 39.40 MiB    > gcr.io/k8s-minikube/kicbase...:  120.00 MiB / 453.90 MiB  26.44% 39.40 Mi    > gcr.io/k8s-minikube/kicbase...:  136.00 MiB / 453.90 MiB  29.96% 42.88 Mi    > gcr.io/k8s-minikube/kicbase...:  166.86 MiB / 453.90 MiB  36.76% 42.88 Mi    > gcr.io/k8s-minikube/kicbase...:  200.53 MiB / 453.90 MiB  44.18% 42.88 Mi    > gcr.io/k8s-minikube/kicbase...:  235.41 MiB / 453.90 MiB  51.86% 50.81 Mi    > gcr.io/k8s-minikube/kicbase...:  272.00 MiB / 453.90 MiB  59.93% 50.81 Mi    > gcr.io/k8s-minikube/kicbase...:  311.27 MiB / 453.90 MiB  68.58% 50.81 Mi    > gcr.io/k8s-minikube/kicbase...:  351.60 MiB / 453.90 MiB  77.46% 60.02 Mi    > gcr.io/k8s-minikube/kicbase...:  390.22 MiB / 453.90 MiB  85.97% 60.02 Mi    > gcr.io/k8s-minikube/kicbase...:  428.10 MiB / 453.90 MiB  94.32% 60.02 Mi    > gcr.io/k8s-minikube/kicbase...:  453.90 MiB / 453.90 MiB  100.00% 128.22 ! /usr/bin/kubectl is version 1.33.1, which may have incompatibilities with Kubernetes 1.27.10.
Test OLM installation	UNKNOWN STEP	2025-06-26T16:11:05.4689348Z   - Want kubectl v1.27.10? Try 'minikube kubectl -- get pods -A'
Test OLM installation	UNKNOWN STEP	2025-06-26T16:11:05.4689824Z * Done! kubectl is now configured to use "minikube" cluster and "default" namespace by default
Test OLM installation	UNKNOWN STEP	2025-06-26T16:11:05.5453239Z minikube version: v1.32.0commit: 8220a6eb95f0a4d75f7f2d7b14cef975f050512d installed successfully
Test OLM installation	UNKNOWN STEP	2025-06-26T16:11:05.5600773Z ##[group]Run redhat-actions/openshift-tools-installer@v1
Test OLM installation	UNKNOWN STEP	2025-06-26T16:11:05.5601082Z with:
Test OLM installation	UNKNOWN STEP	2025-06-26T16:11:05.5601245Z   source: github
Test OLM installation	UNKNOWN STEP	2025-06-26T16:11:05.5601409Z   opm: 1.21.0
Test OLM installation	UNKNOWN STEP	2025-06-26T16:11:05.5601685Z   github_pat: ***
Test OLM installation	UNKNOWN STEP	2025-06-26T16:11:05.5601861Z   skip_cache: false
Test OLM installation	UNKNOWN STEP	2025-06-26T16:11:05.5602031Z env:
Test OLM installation	UNKNOWN STEP	2025-06-26T16:11:05.5602282Z   MAVEN_ARGS: -B -nsu -Daether.connector.http.connectionMaxTtl=25
Test OLM installation	UNKNOWN STEP	2025-06-26T16:11:05.5602594Z   MINIKUBE_VERSION: v1.32.0
Test OLM installation	UNKNOWN STEP	2025-06-26T16:11:05.5602803Z   KUBERNETES_VERSION: v1.27.10
Test OLM installation	UNKNOWN STEP	2025-06-26T16:11:05.5603003Z   MINIKUBE_MEMORY: 4096
Test OLM installation	UNKNOWN STEP	2025-06-26T16:11:05.5603286Z   JAVA_HOME: /opt/hostedtoolcache/Java_Temurin-Hotspot_jdk/21.0.7-6/x64
Test OLM installation	UNKNOWN STEP	2025-06-26T16:11:05.5603707Z   JAVA_HOME_21_X64: /opt/hostedtoolcache/Java_Temurin-Hotspot_jdk/21.0.7-6/x64
Test OLM installation	UNKNOWN STEP	2025-06-26T16:11:05.5604061Z   MINIKUBE_HOME: /home/runner/work/_temp
Test OLM installation	UNKNOWN STEP	2025-06-26T16:11:05.5604286Z ##[endgroup]
Test OLM installation	UNKNOWN STEP	2025-06-26T16:11:05.7209539Z Installing opm matching version "1.21.0"
Test OLM installation	UNKNOWN STEP	2025-06-26T16:11:05.7228860Z â¹ï¸ Tools will be installed from "github".
Test OLM installation	UNKNOWN STEP	2025-06-26T16:11:05.7230705Z 
Test OLM installation	UNKNOWN STEP	2025-06-26T16:11:05.7231179Z ð Searching for a version of opm satisfying the range "1.21.0" that was input as "1.21.0"
Test OLM installation	UNKNOWN STEP	2025-06-26T16:11:07.4803692Z Max opm version satisfying 1.21.0 is 1.21.0
Test OLM installation	UNKNOWN STEP	2025-06-26T16:11:07.4804669Z Download path of opm is https://github.com/operator-framework/operator-registry/releases
Test OLM installation	UNKNOWN STEP	2025-06-26T16:11:07.6774415Z Current operating system is linux
Test OLM installation	UNKNOWN STEP	2025-06-26T16:11:07.6777182Z Current architecture is amd64
Test OLM installation	UNKNOWN STEP	2025-06-26T16:11:07.6778269Z Selecting linux-amd64-opm
Test OLM installation	UNKNOWN STEP	2025-06-26T16:11:07.6781950Z Using temporary directory for storage
Test OLM installation	UNKNOWN STEP	2025-06-26T16:11:07.6793777Z ð CLIs will be downloaded to /home/runner/work/_temp/openshift-bin
Test OLM installation	UNKNOWN STEP	2025-06-26T16:11:07.6796861Z Added /home/runner/work/_temp/openshift-bin to PATH
Test OLM installation	UNKNOWN STEP	2025-06-26T16:11:07.6797369Z Checking the cache for opm v1.21.0...
Test OLM installation	UNKNOWN STEP	2025-06-26T16:11:17.8009368Z ##[warning]Failed to check cache for opm v1.21.0: Error: getCacheEntry failed: Cache service responded with 503
Test OLM installation	UNKNOWN STEP	2025-06-26T16:11:18.0972777Z â¬ï¸ Downloading 45.03MB https://github.com/operator-framework/operator-registry/releases/download/v1.21.0/linux-amd64-opm ...
Test OLM installation	UNKNOWN STEP	2025-06-26T16:11:18.5770748Z Downloaded linux-amd64-opm in 0.5s
Test OLM installation	UNKNOWN STEP	2025-06-26T16:11:18.5773994Z Download path of opm is https://github.com/operator-framework/operator-registry/releases
Test OLM installation	UNKNOWN STEP	2025-06-26T16:11:18.7583213Z â¬ï¸ Downloading hash file https://github.com/operator-framework/operator-registry/releases/download/v1.21.0/checksums.txt
Test OLM installation	UNKNOWN STEP	2025-06-26T16:11:19.1164757Z sha256 verification of linux-amd64-opm succeeded.
Test OLM installation	UNKNOWN STEP	2025-06-26T16:11:19.1174041Z opm installed into /home/runner/work/_temp/openshift-bin/opm
Test OLM installation	UNKNOWN STEP	2025-06-26T16:11:19.1206776Z [command]/home/runner/work/_temp/openshift-bin/opm version
Test OLM installation	UNKNOWN STEP	2025-06-26T16:11:19.1393679Z Version: version.Version{OpmVersion:"v1.21.0", GitCommit:"9999f796", BuildDate:"2022-03-03T21:23:12Z", GoOs:"linux", GoArch:"amd64"}
Test OLM installation	UNKNOWN STEP	2025-06-26T16:11:19.1413413Z ð¾ Saving opm v1.21.0 into the cache
Test OLM installation	UNKNOWN STEP	2025-06-26T16:11:29.1966787Z ##[warning]Failed to cache opm v1.21.0: Error: reserveCache failed: Cache service responded with 503
Test OLM installation	UNKNOWN STEP	2025-06-26T16:11:29.1968639Z â Successfully installed opm v1.21.0.
Test OLM installation	UNKNOWN STEP	2025-06-26T16:11:29.1968917Z 
Test OLM installation	UNKNOWN STEP	2025-06-26T16:11:29.1969126Z â Successfully installed 1/1 client:
Test OLM installation	UNKNOWN STEP	2025-06-26T16:11:29.1969529Z   - opm v1.21.0
Test OLM installation	UNKNOWN STEP	2025-06-26T16:11:29.1982790Z Wrote out installed versions to /home/runner/work/_temp/openshift-bin/openshift-clients-installed.json
Test OLM installation	UNKNOWN STEP	2025-06-26T16:11:29.2104503Z ##[group]Run sudo snap install yq
Test OLM installation	UNKNOWN STEP	2025-06-26T16:11:29.2104826Z [36;1msudo snap install yq[0m
Test OLM installation	UNKNOWN STEP	2025-06-26T16:11:29.2170525Z shell: /usr/bin/bash --noprofile --norc -e -o pipefail {0}
Test OLM installation	UNKNOWN STEP	2025-06-26T16:11:29.2170844Z env:
Test OLM installation	UNKNOWN STEP	2025-06-26T16:11:29.2171095Z   MAVEN_ARGS: -B -nsu -Daether.connector.http.connectionMaxTtl=25
Test OLM installation	UNKNOWN STEP	2025-06-26T16:11:29.2171419Z   MINIKUBE_VERSION: v1.32.0
Test OLM installation	UNKNOWN STEP	2025-06-26T16:11:29.2171651Z   KUBERNETES_VERSION: v1.27.10
Test OLM installation	UNKNOWN STEP	2025-06-26T16:11:29.2171861Z   MINIKUBE_MEMORY: 4096
Test OLM installation	UNKNOWN STEP	2025-06-26T16:11:29.2172144Z   JAVA_HOME: /opt/hostedtoolcache/Java_Temurin-Hotspot_jdk/21.0.7-6/x64
Test OLM installation	UNKNOWN STEP	2025-06-26T16:11:29.2172569Z   JAVA_HOME_21_X64: /opt/hostedtoolcache/Java_Temurin-Hotspot_jdk/21.0.7-6/x64
Test OLM installation	UNKNOWN STEP	2025-06-26T16:11:29.2172909Z   MINIKUBE_HOME: /home/runner/work/_temp
Test OLM installation	UNKNOWN STEP	2025-06-26T16:11:29.2173130Z ##[endgroup]
Test OLM installation	UNKNOWN STEP	2025-06-26T16:11:33.1701780Z 2025-06-26T16:11:33Z INFO Waiting for automatic snapd restart...
Test OLM installation	UNKNOWN STEP	2025-06-26T16:11:44.0559499Z yq v4.44.5 from Mike Farah (mikefarah) installed
Test OLM installation	UNKNOWN STEP	2025-06-26T16:11:44.0608945Z ##[group]Run ./scripts/install-olm.sh
Test OLM installation	UNKNOWN STEP	2025-06-26T16:11:44.0609258Z [36;1m./scripts/install-olm.sh[0m
Test OLM installation	UNKNOWN STEP	2025-06-26T16:11:44.0660301Z shell: /usr/bin/bash --noprofile --norc -e -o pipefail {0}
Test OLM installation	UNKNOWN STEP	2025-06-26T16:11:44.0660613Z env:
Test OLM installation	UNKNOWN STEP	2025-06-26T16:11:44.0660875Z   MAVEN_ARGS: -B -nsu -Daether.connector.http.connectionMaxTtl=25
Test OLM installation	UNKNOWN STEP	2025-06-26T16:11:44.0661194Z   MINIKUBE_VERSION: v1.32.0
Test OLM installation	UNKNOWN STEP	2025-06-26T16:11:44.0661411Z   KUBERNETES_VERSION: v1.27.10
Test OLM installation	UNKNOWN STEP	2025-06-26T16:11:44.0661629Z   MINIKUBE_MEMORY: 4096
Test OLM installation	UNKNOWN STEP	2025-06-26T16:11:44.0661919Z   JAVA_HOME: /opt/hostedtoolcache/Java_Temurin-Hotspot_jdk/21.0.7-6/x64
Test OLM installation	UNKNOWN STEP	2025-06-26T16:11:44.0662340Z   JAVA_HOME_21_X64: /opt/hostedtoolcache/Java_Temurin-Hotspot_jdk/21.0.7-6/x64
Test OLM installation	UNKNOWN STEP	2025-06-26T16:11:44.0662689Z   MINIKUBE_HOME: /home/runner/work/_temp
Test OLM installation	UNKNOWN STEP	2025-06-26T16:11:44.0662912Z ##[endgroup]
Test OLM installation	UNKNOWN STEP	2025-06-26T16:11:44.0741983Z + mkdir -p /tmp/olm/
Test OLM installation	UNKNOWN STEP	2025-06-26T16:11:44.0756386Z + curl -f -L https://github.com/operator-framework/operator-lifecycle-manager/releases/download/v0.26.0/install.sh -o /tmp/olm/install.sh
Test OLM installation	UNKNOWN STEP	2025-06-26T16:11:44.0804731Z   % Total    % Received % Xferd  Average Speed   Time    Time     Time  Current
Test OLM installation	UNKNOWN STEP	2025-06-26T16:11:44.0805545Z                                  Dload  Upload   Total   Spent    Left  Speed
Test OLM installation	UNKNOWN STEP	2025-06-26T16:11:44.0806894Z 
Test OLM installation	UNKNOWN STEP	2025-06-26T16:11:44.2349384Z   0     0    0     0    0     0      0      0 --:--:-- --:--:-- --:--:--     0
Test OLM installation	UNKNOWN STEP	2025-06-26T16:11:44.2350170Z   0     0    0     0    0     0      0      0 --:--:-- --:--:-- --:--:--     0
Test OLM installation	UNKNOWN STEP	2025-06-26T16:11:44.3853241Z 
Test OLM installation	UNKNOWN STEP	2025-06-26T16:11:44.3853717Z 100  1886  100  1886    0     0   6184      0 --:--:-- --:--:-- --:--:--  6184
Test OLM installation	UNKNOWN STEP	2025-06-26T16:11:44.3886570Z + chmod +x /tmp/olm/install.sh
Test OLM installation	UNKNOWN STEP	2025-06-26T16:11:44.3898825Z + /tmp/olm/install.sh v0.26.0
Test OLM installation	UNKNOWN STEP	2025-06-26T16:11:45.0098371Z customresourcedefinition.apiextensions.k8s.io/catalogsources.operators.coreos.com created
Test OLM installation	UNKNOWN STEP	2025-06-26T16:11:45.1494997Z customresourcedefinition.apiextensions.k8s.io/clusterserviceversions.operators.coreos.com created
Test OLM installation	UNKNOWN STEP	2025-06-26T16:11:45.1633503Z customresourcedefinition.apiextensions.k8s.io/installplans.operators.coreos.com created
Test OLM installation	UNKNOWN STEP	2025-06-26T16:11:45.1725244Z customresourcedefinition.apiextensions.k8s.io/olmconfigs.operators.coreos.com created
Test OLM installation	UNKNOWN STEP	2025-06-26T16:11:45.1926028Z customresourcedefinition.apiextensions.k8s.io/operatorconditions.operators.coreos.com created
Test OLM installation	UNKNOWN STEP	2025-06-26T16:11:45.2102907Z customresourcedefinition.apiextensions.k8s.io/operatorgroups.operators.coreos.com created
Test OLM installation	UNKNOWN STEP	2025-06-26T16:11:45.2258559Z customresourcedefinition.apiextensions.k8s.io/operators.operators.coreos.com created
Test OLM installation	UNKNOWN STEP	2025-06-26T16:11:45.3236067Z customresourcedefinition.apiextensions.k8s.io/subscriptions.operators.coreos.com created
Test OLM installation	UNKNOWN STEP	2025-06-26T16:11:45.6998834Z customresourcedefinition.apiextensions.k8s.io/catalogsources.operators.coreos.com condition met
Test OLM installation	UNKNOWN STEP	2025-06-26T16:11:45.8601761Z customresourcedefinition.apiextensions.k8s.io/clusterserviceversions.operators.coreos.com condition met
Test OLM installation	UNKNOWN STEP	2025-06-26T16:11:45.9656258Z customresourcedefinition.apiextensions.k8s.io/installplans.operators.coreos.com condition met
Test OLM installation	UNKNOWN STEP	2025-06-26T16:11:46.0696941Z customresourcedefinition.apiextensions.k8s.io/olmconfigs.operators.coreos.com condition met
Test OLM installation	UNKNOWN STEP	2025-06-26T16:11:46.1772525Z customresourcedefinition.apiextensions.k8s.io/operatorconditions.operators.coreos.com condition met
Test OLM installation	UNKNOWN STEP	2025-06-26T16:11:46.2858045Z customresourcedefinition.apiextensions.k8s.io/operatorgroups.operators.coreos.com condition met
Test OLM installation	UNKNOWN STEP	2025-06-26T16:11:46.3896817Z customresourcedefinition.apiextensions.k8s.io/operators.operators.coreos.com condition met
Test OLM installation	UNKNOWN STEP	2025-06-26T16:11:46.5098177Z customresourcedefinition.apiextensions.k8s.io/subscriptions.operators.coreos.com condition met
Test OLM installation	UNKNOWN STEP	2025-06-26T16:11:46.9390613Z namespace/olm created
Test OLM installation	UNKNOWN STEP	2025-06-26T16:11:46.9738173Z namespace/operators created
Test OLM installation	UNKNOWN STEP	2025-06-26T16:11:47.0068240Z serviceaccount/olm-operator-serviceaccount created
Test OLM installation	UNKNOWN STEP	2025-06-26T16:11:47.0201577Z clusterrole.rbac.authorization.k8s.io/system:controller:operator-lifecycle-manager created
Test OLM installation	UNKNOWN STEP	2025-06-26T16:11:47.0284701Z clusterrolebinding.rbac.authorization.k8s.io/olm-operator-binding-olm created
Test OLM installation	UNKNOWN STEP	2025-06-26T16:11:47.0541060Z olmconfig.operators.coreos.com/cluster created
Test OLM installation	UNKNOWN STEP	2025-06-26T16:11:47.0797884Z deployment.apps/olm-operator created
Test OLM installation	UNKNOWN STEP	2025-06-26T16:11:47.1122631Z deployment.apps/catalog-operator created
Test OLM installation	UNKNOWN STEP	2025-06-26T16:11:47.1308705Z clusterrole.rbac.authorization.k8s.io/aggregate-olm-edit created
Test OLM installation	UNKNOWN STEP	2025-06-26T16:11:47.1474606Z clusterrole.rbac.authorization.k8s.io/aggregate-olm-view created
Test OLM installation	UNKNOWN STEP	2025-06-26T16:11:47.1800584Z operatorgroup.operators.coreos.com/global-operators created
Test OLM installation	UNKNOWN STEP	2025-06-26T16:11:47.1866671Z operatorgroup.operators.coreos.com/olm-operators created
Test OLM installation	UNKNOWN STEP	2025-06-26T16:11:47.2320842Z clusterserviceversion.operators.coreos.com/packageserver created
Test OLM installation	UNKNOWN STEP	2025-06-26T16:11:47.2655120Z catalogsource.operators.coreos.com/operatorhubio-catalog created
Test OLM installation	UNKNOWN STEP	2025-06-26T16:11:47.3420438Z Waiting for deployment "olm-operator" rollout to finish: 0 of 1 updated replicas are available...
Test OLM installation	UNKNOWN STEP	2025-06-26T16:11:52.2120849Z deployment "olm-operator" successfully rolled out
Test OLM installation	UNKNOWN STEP	2025-06-26T16:11:52.2965029Z deployment "catalog-operator" successfully rolled out
Test OLM installation	UNKNOWN STEP	2025-06-26T16:11:52.3907626Z Package server phase: Installing
Test OLM installation	UNKNOWN STEP	2025-06-26T16:12:12.4909639Z Package server phase: Succeeded
Test OLM installation	UNKNOWN STEP	2025-06-26T16:12:12.5501567Z deployment "packageserver" successfully rolled out
Test OLM installation	UNKNOWN STEP	2025-06-26T16:12:12.5567640Z ##[group]Run actions/download-artifact@v4
Test OLM installation	UNKNOWN STEP	2025-06-26T16:12:12.5567909Z with:
Test OLM installation	UNKNOWN STEP	2025-06-26T16:12:12.5568078Z   name: keycloak-dist
Test OLM installation	UNKNOWN STEP	2025-06-26T16:12:12.5568275Z   path: quarkus/container
Test OLM installation	UNKNOWN STEP	2025-06-26T16:12:12.5568479Z   merge-multiple: false
Test OLM installation	UNKNOWN STEP	2025-06-26T16:12:12.5568670Z   repository: keycloak/keycloak
Test OLM installation	UNKNOWN STEP	2025-06-26T16:12:12.5568874Z   run-id: 15906704047
Test OLM installation	UNKNOWN STEP	2025-06-26T16:12:12.5569032Z env:
Test OLM installation	UNKNOWN STEP	2025-06-26T16:12:12.5569276Z   MAVEN_ARGS: -B -nsu -Daether.connector.http.connectionMaxTtl=25
Test OLM installation	UNKNOWN STEP	2025-06-26T16:12:12.5569591Z   MINIKUBE_VERSION: v1.32.0
Test OLM installation	UNKNOWN STEP	2025-06-26T16:12:12.5569799Z   KUBERNETES_VERSION: v1.27.10
Test OLM installation	UNKNOWN STEP	2025-06-26T16:12:12.5570254Z   MINIKUBE_MEMORY: 4096
Test OLM installation	UNKNOWN STEP	2025-06-26T16:12:12.5570545Z   JAVA_HOME: /opt/hostedtoolcache/Java_Temurin-Hotspot_jdk/21.0.7-6/x64
Test OLM installation	UNKNOWN STEP	2025-06-26T16:12:12.5570966Z   JAVA_HOME_21_X64: /opt/hostedtoolcache/Java_Temurin-Hotspot_jdk/21.0.7-6/x64
Test OLM installation	UNKNOWN STEP	2025-06-26T16:12:12.5571303Z   MINIKUBE_HOME: /home/runner/work/_temp
Test OLM installation	UNKNOWN STEP	2025-06-26T16:12:12.5571533Z ##[endgroup]
Test OLM installation	UNKNOWN STEP	2025-06-26T16:12:12.7533800Z Downloading single artifact
Test OLM installation	UNKNOWN STEP	2025-06-26T16:12:12.9072015Z Preparing to download the following artifacts:
Test OLM installation	UNKNOWN STEP	2025-06-26T16:12:12.9073329Z - keycloak-dist (ID: 3412100945, Size: 150556772, Expected Digest: sha256:32f4bbdcf0598aad8dd46eb1e41a06a9ab7c85e1422c1eb8e47f7bbbfe4922b8)
Test OLM installation	UNKNOWN STEP	2025-06-26T16:12:12.9891364Z Redirecting to blob download url: https://productionresultssa16.blob.core.windows.net/actions-results/c4552b10-fe60-4168-9d2f-97845d5bce3e/workflow-job-run-b8f11f82-9ac6-5cca-b6e7-d96c80c4ea9f/artifacts/8ec452859fe416bcecd39b267c69bfe76c7634fb13c33b71d912d2a8c0986080.zip
Test OLM installation	UNKNOWN STEP	2025-06-26T16:12:12.9893707Z Starting download of artifact to: /home/runner/work/keycloak/keycloak/quarkus/container
Test OLM installation	UNKNOWN STEP	2025-06-26T16:12:13.1822974Z (node:8849) [DEP0005] DeprecationWarning: Buffer() is deprecated due to security and usability issues. Please use the Buffer.alloc(), Buffer.allocUnsafe(), or Buffer.from() methods instead.
Test OLM installation	UNKNOWN STEP	2025-06-26T16:12:13.1824563Z (Use `node --trace-deprecation ...` to show where the warning was created)
Test OLM installation	UNKNOWN STEP	2025-06-26T16:12:15.9095052Z SHA256 digest of downloaded artifact is 32f4bbdcf0598aad8dd46eb1e41a06a9ab7c85e1422c1eb8e47f7bbbfe4922b8
Test OLM installation	UNKNOWN STEP	2025-06-26T16:12:15.9095778Z Artifact download completed successfully.
Test OLM installation	UNKNOWN STEP	2025-06-26T16:12:15.9096095Z Total of 1 artifact(s) downloaded
Test OLM installation	UNKNOWN STEP	2025-06-26T16:12:15.9101614Z Download artifact has finished successfully
Test OLM installation	UNKNOWN STEP	2025-06-26T16:12:15.9243273Z ##[group]Run eval $(minikube -p minikube docker-env)
Test OLM installation	UNKNOWN STEP	2025-06-26T16:12:15.9243917Z [36;1meval $(minikube -p minikube docker-env)[0m
Test OLM installation	UNKNOWN STEP	2025-06-26T16:12:15.9244472Z [36;1m./scripts/olm-testing.sh ${GITHUB_SHA::6}[0m
Test OLM installation	UNKNOWN STEP	2025-06-26T16:12:15.9296881Z shell: /usr/bin/bash --noprofile --norc -e -o pipefail {0}
Test OLM installation	UNKNOWN STEP	2025-06-26T16:12:15.9297196Z env:
Test OLM installation	UNKNOWN STEP	2025-06-26T16:12:15.9297466Z   MAVEN_ARGS: -B -nsu -Daether.connector.http.connectionMaxTtl=25
Test OLM installation	UNKNOWN STEP	2025-06-26T16:12:15.9297793Z   MINIKUBE_VERSION: v1.32.0
Test OLM installation	UNKNOWN STEP	2025-06-26T16:12:15.9298014Z   KUBERNETES_VERSION: v1.27.10
Test OLM installation	UNKNOWN STEP	2025-06-26T16:12:15.9298238Z   MINIKUBE_MEMORY: 4096
Test OLM installation	UNKNOWN STEP	2025-06-26T16:12:15.9298623Z   JAVA_HOME: /opt/hostedtoolcache/Java_Temurin-Hotspot_jdk/21.0.7-6/x64
Test OLM installation	UNKNOWN STEP	2025-06-26T16:12:15.9299060Z   JAVA_HOME_21_X64: /opt/hostedtoolcache/Java_Temurin-Hotspot_jdk/21.0.7-6/x64
Test OLM installation	UNKNOWN STEP	2025-06-26T16:12:15.9299421Z   MINIKUBE_HOME: /home/runner/work/_temp
Test OLM installation	UNKNOWN STEP	2025-06-26T16:12:15.9299657Z ##[endgroup]
Test OLM installation	UNKNOWN STEP	2025-06-26T16:12:16.1923013Z + UUID=815d77
Test OLM installation	UNKNOWN STEP	2025-06-26T16:12:16.1924324Z + INSTALL_NAMESPACE=default
Test OLM installation	UNKNOWN STEP	2025-06-26T16:12:16.1925307Z + TARGET_NAMESPACES=default
Test OLM installation	UNKNOWN STEP	2025-06-26T16:12:16.1929220Z +++ dirname -- ./scripts/olm-testing.sh
Test OLM installation	UNKNOWN STEP	2025-06-26T16:12:16.1940966Z ++ cd -- ./scripts
Test OLM installation	UNKNOWN STEP	2025-06-26T16:12:16.1941394Z ++ pwd
Test OLM installation	UNKNOWN STEP	2025-06-26T16:12:16.1943763Z + SCRIPT_DIR=/home/runner/work/keycloak/keycloak/operator/scripts
Test OLM installation	UNKNOWN STEP	2025-06-26T16:12:16.1944494Z + VERSION=86400000.0.0
Test OLM installation	UNKNOWN STEP	2025-06-26T16:12:16.1946257Z + cd /home/runner/work/keycloak/keycloak/operator/scripts/../../quarkus/container
Test OLM installation	UNKNOWN STEP	2025-06-26T16:12:16.1949179Z ++ ls keycloak-999.0.0-SNAPSHOT.tar.gz
Test OLM installation	UNKNOWN STEP	2025-06-26T16:12:16.1962026Z + docker build --build-arg KEYCLOAK_DIST=keycloak-999.0.0-SNAPSHOT.tar.gz . -t ttl.sh/815d77keycloak:86400000.0.0
Test OLM installation	UNKNOWN STEP	2025-06-26T16:12:16.6832236Z #0 building with "default" instance using docker driver
Test OLM installation	UNKNOWN STEP	2025-06-26T16:12:16.6832913Z 
Test OLM installation	UNKNOWN STEP	2025-06-26T16:12:16.6833343Z #1 [internal] load .dockerignore
Test OLM installation	UNKNOWN STEP	2025-06-26T16:12:16.6833857Z #1 transferring context: 2B done
Test OLM installation	UNKNOWN STEP	2025-06-26T16:12:16.6834275Z #1 DONE 0.0s
Test OLM installation	UNKNOWN STEP	2025-06-26T16:12:16.6834540Z 
Test OLM installation	UNKNOWN STEP	2025-06-26T16:12:16.6834789Z #2 [internal] load build definition from Dockerfile
Test OLM installation	UNKNOWN STEP	2025-06-26T16:12:16.6835407Z #2 transferring dockerfile: 2.72kB done
Test OLM installation	UNKNOWN STEP	2025-06-26T16:12:16.6835846Z #2 DONE 0.0s
Test OLM installation	UNKNOWN STEP	2025-06-26T16:12:16.6836092Z 
Test OLM installation	UNKNOWN STEP	2025-06-26T16:12:16.6836444Z #3 [internal] load metadata for registry.access.redhat.com/ubi9:latest
Test OLM installation	UNKNOWN STEP	2025-06-26T16:12:17.2883793Z #3 ...
Test OLM installation	UNKNOWN STEP	2025-06-26T16:12:17.2884036Z 
Test OLM installation	UNKNOWN STEP	2025-06-26T16:12:17.2884350Z #4 [internal] load metadata for registry.access.redhat.com/ubi9-micro:latest
Test OLM installation	UNKNOWN STEP	2025-06-26T16:12:17.2884793Z #4 DONE 0.8s
Test OLM installation	UNKNOWN STEP	2025-06-26T16:12:17.4068961Z 
Test OLM installation	UNKNOWN STEP	2025-06-26T16:12:17.4072233Z #3 [internal] load metadata for registry.access.redhat.com/ubi9:latest
Test OLM installation	UNKNOWN STEP	2025-06-26T16:12:17.4073100Z #3 DONE 0.8s
Test OLM installation	UNKNOWN STEP	2025-06-26T16:12:17.4073368Z 
Test OLM installation	UNKNOWN STEP	2025-06-26T16:12:17.4074058Z #5 [stage-1 1/4] FROM registry.access.redhat.com/ubi9-micro@sha256:c2f11c487861612f877e624f092d991aa271cb2c1a5a001a95007a3ea8761140
Test OLM installation	UNKNOWN STEP	2025-06-26T16:12:17.4076245Z #5 resolve registry.access.redhat.com/ubi9-micro@sha256:c2f11c487861612f877e624f092d991aa271cb2c1a5a001a95007a3ea8761140 done
Test OLM installation	UNKNOWN STEP	2025-06-26T16:12:17.4077566Z #5 sha256:c2f11c487861612f877e624f092d991aa271cb2c1a5a001a95007a3ea8761140 897B / 897B done
Test OLM installation	UNKNOWN STEP	2025-06-26T16:12:17.4078608Z #5 sha256:cdc0112e7a73d83000b227bec20f84209066184de6a19fc8b973d0e8cca1ad5c 504B / 504B done
Test OLM installation	UNKNOWN STEP	2025-06-26T16:12:17.4079875Z #5 sha256:8eae05a0d24718e702bb406da5efa76ed4b2c7cc640520e6a9435ae0fca5f3fa 4.00kB / 4.00kB done
Test OLM installation	UNKNOWN STEP	2025-06-26T16:12:17.4081197Z #5 sha256:a58adea1f07f03d6954fa0e969c54708e8f2d434c668cdb9f024006f71868eb0 6.29MB / 7.24MB 0.1s
Test OLM installation	UNKNOWN STEP	2025-06-26T16:12:17.5073405Z #5 sha256:a58adea1f07f03d6954fa0e969c54708e8f2d434c668cdb9f024006f71868eb0 7.24MB / 7.24MB 0.1s done
Test OLM installation	UNKNOWN STEP	2025-06-26T16:12:17.5087015Z #5 extracting sha256:a58adea1f07f03d6954fa0e969c54708e8f2d434c668cdb9f024006f71868eb0
Test OLM installation	UNKNOWN STEP	2025-06-26T16:12:18.1127634Z #5 extracting sha256:a58adea1f07f03d6954fa0e969c54708e8f2d434c668cdb9f024006f71868eb0 0.6s done
Test OLM installation	UNKNOWN STEP	2025-06-26T16:12:18.1128658Z #5 DONE 0.8s
Test OLM installation	UNKNOWN STEP	2025-06-26T16:12:18.1128875Z 
Test OLM installation	UNKNOWN STEP	2025-06-26T16:12:18.1130514Z #6 [ubi-micro-build 1/8] FROM registry.access.redhat.com/ubi9@sha256:7a4818cdb8e0461d75d4bdfa42a355d3725bcc8cc0cc5d467021119d5962ce6b
Test OLM installation	UNKNOWN STEP	2025-06-26T16:12:18.1132284Z #6 resolve registry.access.redhat.com/ubi9@sha256:7a4818cdb8e0461d75d4bdfa42a355d3725bcc8cc0cc5d467021119d5962ce6b done
Test OLM installation	UNKNOWN STEP	2025-06-26T16:12:18.1133729Z #6 sha256:7a4818cdb8e0461d75d4bdfa42a355d3725bcc8cc0cc5d467021119d5962ce6b 897B / 897B done
Test OLM installation	UNKNOWN STEP	2025-06-26T16:12:18.1134986Z #6 sha256:3cd72dd4045dfbaa800a8f0917a712c0fc40a6551697259d932022b3b43cdba3 505B / 505B done
Test OLM installation	UNKNOWN STEP	2025-06-26T16:12:18.1136276Z #6 sha256:5c8f58cc08c14c8e21a15d835fe53e98464abb2210c5a2d590703e6abac8b421 5.06kB / 5.06kB done
Test OLM installation	UNKNOWN STEP	2025-06-26T16:12:18.1137584Z #6 sha256:24431058b73728c387089e7665e6f7171089f9bc580b84b9be8d28f8923b96b6 79.61MB / 79.61MB 0.6s done
Test OLM installation	UNKNOWN STEP	2025-06-26T16:12:18.1138763Z #6 extracting sha256:24431058b73728c387089e7665e6f7171089f9bc580b84b9be8d28f8923b96b6
Test OLM installation	UNKNOWN STEP	2025-06-26T16:12:18.4479457Z #6 ...
Test OLM installation	UNKNOWN STEP	2025-06-26T16:12:18.4480085Z 
Test OLM installation	UNKNOWN STEP	2025-06-26T16:12:18.4480327Z #7 [internal] load build context
Test OLM installation	UNKNOWN STEP	2025-06-26T16:12:18.4481213Z #7 transferring context: 150.54MB 1.1s done
Test OLM installation	UNKNOWN STEP	2025-06-26T16:12:18.4481763Z #7 DONE 1.1s
Test OLM installation	UNKNOWN STEP	2025-06-26T16:12:18.4481965Z 
Test OLM installation	UNKNOWN STEP	2025-06-26T16:12:18.4482769Z #6 [ubi-micro-build 1/8] FROM registry.access.redhat.com/ubi9@sha256:7a4818cdb8e0461d75d4bdfa42a355d3725bcc8cc0cc5d467021119d5962ce6b
Test OLM installation	UNKNOWN STEP	2025-06-26T16:12:21.2184344Z #6 extracting sha256:24431058b73728c387089e7665e6f7171089f9bc580b84b9be8d28f8923b96b6 3.2s done
Test OLM installation	UNKNOWN STEP	2025-06-26T16:12:21.2185092Z #6 DONE 3.9s
Test OLM installation	UNKNOWN STEP	2025-06-26T16:12:21.3698047Z 
Test OLM installation	UNKNOWN STEP	2025-06-26T16:12:21.3698738Z #8 [ubi-micro-build 2/8] RUN dnf install -y tar gzip
Test OLM installation	UNKNOWN STEP	2025-06-26T16:12:21.5540184Z #8 0.335 Updating Subscription Management repositories.
Test OLM installation	UNKNOWN STEP	2025-06-26T16:12:21.6985530Z #8 0.335 Unable to read consumer identity
Test OLM installation	UNKNOWN STEP	2025-06-26T16:12:21.6986160Z #8 0.338 
Test OLM installation	UNKNOWN STEP	2025-06-26T16:12:21.6986841Z #8 0.338 This system is not registered with an entitlement server. You can use subscription-manager to register.
Test OLM installation	UNKNOWN STEP	2025-06-26T16:12:21.6987601Z #8 0.338 
Test OLM installation	UNKNOWN STEP	2025-06-26T16:12:21.6988096Z #8 0.479 Red Hat Universal Base Image 9 (RPMs) - BaseOS  5.4 MB/s | 587 kB     00:00    
Test OLM installation	UNKNOWN STEP	2025-06-26T16:12:21.8632515Z #8 0.644 Red Hat Universal Base Image 9 (RPMs) - AppStre  30 MB/s | 2.4 MB     00:00    
Test OLM installation	UNKNOWN STEP	2025-06-26T16:12:22.3749170Z #8 1.156 Red Hat Universal Base Image 9 (RPMs) - CodeRea 3.4 MB/s | 285 kB     00:00    
Test OLM installation	UNKNOWN STEP	2025-06-26T16:12:22.5113307Z #8 1.292 Package tar-2:1.34-7.el9.x86_64 is already installed.
Test OLM installation	UNKNOWN STEP	2025-06-26T16:12:22.6798008Z #8 1.292 Package gzip-1.12-1.el9.x86_64 is already installed.
Test OLM installation	UNKNOWN STEP	2025-06-26T16:12:22.6798728Z #8 1.309 Dependencies resolved.
Test OLM installation	UNKNOWN STEP	2025-06-26T16:12:22.6799436Z #8 1.310 Nothing to do.
Test OLM installation	UNKNOWN STEP	2025-06-26T16:12:22.6800185Z #8 1.310 Complete!
Test OLM installation	UNKNOWN STEP	2025-06-26T16:12:23.1520278Z #8 DONE 1.9s
Test OLM installation	UNKNOWN STEP	2025-06-26T16:12:23.3039585Z 
Test OLM installation	UNKNOWN STEP	2025-06-26T16:12:23.3042727Z #9 [ubi-micro-build 3/8] ADD keycloak-999.0.0-SNAPSHOT.tar.gz /tmp/keycloak/
Test OLM installation	UNKNOWN STEP	2025-06-26T16:12:23.9928470Z #9 DONE 0.8s
Test OLM installation	UNKNOWN STEP	2025-06-26T16:12:24.0975342Z 
Test OLM installation	UNKNOWN STEP	2025-06-26T16:12:24.0976428Z #10 [ubi-micro-build 4/8] RUN (cd /tmp/keycloak &&     tar -xvf /tmp/keycloak/keycloak-*.tar.gz &&     rm /tmp/keycloak/keycloak-*.tar.gz) || true
Test OLM installation	UNKNOWN STEP	2025-06-26T16:12:24.0977862Z #10 0.099 tar: /tmp/keycloak/keycloak-*.tar.gz: Cannot open: No such file or directory
Test OLM installation	UNKNOWN STEP	2025-06-26T16:12:24.0978531Z #10 0.099 tar: Error is not recoverable: exiting now
Test OLM installation	UNKNOWN STEP	2025-06-26T16:12:24.0979050Z #10 DONE 0.1s
Test OLM installation	UNKNOWN STEP	2025-06-26T16:12:24.2488605Z 
Test OLM installation	UNKNOWN STEP	2025-06-26T16:12:24.2489382Z #11 [ubi-micro-build 5/8] RUN mv /tmp/keycloak/keycloak-* /opt/keycloak && mkdir -p /opt/keycloak/data
Test OLM installation	UNKNOWN STEP	2025-06-26T16:12:24.2507540Z #11 DONE 0.2s
Test OLM installation	UNKNOWN STEP	2025-06-26T16:12:24.4020722Z 
Test OLM installation	UNKNOWN STEP	2025-06-26T16:12:24.4021518Z #12 [ubi-micro-build 6/8] RUN chmod -R g+rwX /opt/keycloak
Test OLM installation	UNKNOWN STEP	2025-06-26T16:12:25.0917398Z #12 DONE 0.8s
Test OLM installation	UNKNOWN STEP	2025-06-26T16:12:25.2516776Z 
Test OLM installation	UNKNOWN STEP	2025-06-26T16:12:25.2517389Z #13 [ubi-micro-build 7/8] ADD ubi-null.sh /tmp/
Test OLM installation	UNKNOWN STEP	2025-06-26T16:12:25.2518024Z #13 DONE 0.0s
Test OLM installation	UNKNOWN STEP	2025-06-26T16:12:25.2518175Z 
Test OLM installation	UNKNOWN STEP	2025-06-26T16:12:25.2518509Z #14 [ubi-micro-build 8/8] RUN bash /tmp/ubi-null.sh java-21-openjdk-headless glibc-langpack-en findutils
Test OLM installation	UNKNOWN STEP	2025-06-26T16:12:25.2750488Z #14 0.174 ==> Installing packages into chroot
Test OLM installation	UNKNOWN STEP	2025-06-26T16:12:25.2751683Z #14 0.174 + dnf install -y findutils diffutils
Test OLM installation	UNKNOWN STEP	2025-06-26T16:12:25.5196735Z #14 0.418 Updating Subscription Management repositories.
Test OLM installation	UNKNOWN STEP	2025-06-26T16:12:25.6420551Z #14 0.419 Unable to read consumer identity
Test OLM installation	UNKNOWN STEP	2025-06-26T16:12:25.6422100Z #14 0.422 
Test OLM installation	UNKNOWN STEP	2025-06-26T16:12:25.6423285Z #14 0.422 This system is not registered with an entitlement server. You can use subscription-manager to register.
Test OLM installation	UNKNOWN STEP	2025-06-26T16:12:25.6424043Z #14 0.422 
Test OLM installation	UNKNOWN STEP	2025-06-26T16:12:25.6424473Z #14 0.460 Last metadata expiration check: 0:00:03 ago on Thu Jun 26 16:12:22 2025.
Test OLM installation	UNKNOWN STEP	2025-06-26T16:12:25.6425259Z #14 0.483 Package findutils-1:4.8.0-7.el9.x86_64 is already installed.
Test OLM installation	UNKNOWN STEP	2025-06-26T16:12:25.6426047Z #14 0.497 Dependencies resolved.
Test OLM installation	UNKNOWN STEP	2025-06-26T16:12:25.6426629Z #14 0.498 ================================================================================
Test OLM installation	UNKNOWN STEP	2025-06-26T16:12:25.6427461Z #14 0.498  Package         Architecture Version             Repository               Size
Test OLM installation	UNKNOWN STEP	2025-06-26T16:12:25.6428372Z #14 0.498 ================================================================================
Test OLM installation	UNKNOWN STEP	2025-06-26T16:12:25.6429015Z #14 0.498 Installing:
Test OLM installation	UNKNOWN STEP	2025-06-26T16:12:25.6429714Z #14 0.498  diffutils       x86_64       3.7-12.el9          ubi-9-baseos-rpms       402 k
Test OLM installation	UNKNOWN STEP	2025-06-26T16:12:25.6430788Z #14 0.498 
Test OLM installation	UNKNOWN STEP	2025-06-26T16:12:25.6431278Z #14 0.498 Transaction Summary
Test OLM installation	UNKNOWN STEP	2025-06-26T16:12:25.6431961Z #14 0.498 ================================================================================
Test OLM installation	UNKNOWN STEP	2025-06-26T16:12:25.6432634Z #14 0.498 Install  1 Package
Test OLM installation	UNKNOWN STEP	2025-06-26T16:12:25.6433104Z #14 0.498 
Test OLM installation	UNKNOWN STEP	2025-06-26T16:12:25.6433454Z #14 0.498 Total download size: 402 k
Test OLM installation	UNKNOWN STEP	2025-06-26T16:12:25.6433931Z #14 0.498 Installed size: 1.4 M
Test OLM installation	UNKNOWN STEP	2025-06-26T16:12:25.6434259Z #14 0.499 Downloading Packages:
Test OLM installation	UNKNOWN STEP	2025-06-26T16:12:25.6434844Z #14 0.541 diffutils-3.7-12.el9.x86_64.rpm                 9.6 MB/s | 402 kB     00:00    
Test OLM installation	UNKNOWN STEP	2025-06-26T16:12:25.7519557Z #14 0.542 --------------------------------------------------------------------------------
Test OLM installation	UNKNOWN STEP	2025-06-26T16:12:25.7520563Z #14 0.542 Total                                           9.1 MB/s | 402 kB     00:00     
Test OLM installation	UNKNOWN STEP	2025-06-26T16:12:25.7537920Z #14 0.554 Running transaction check
Test OLM installation	UNKNOWN STEP	2025-06-26T16:12:25.7538437Z #14 0.558 Transaction check succeeded.
Test OLM installation	UNKNOWN STEP	2025-06-26T16:12:25.7538870Z #14 0.558 Running transaction test
Test OLM installation	UNKNOWN STEP	2025-06-26T16:12:25.7539291Z #14 0.583 Transaction test succeeded.
Test OLM installation	UNKNOWN STEP	2025-06-26T16:12:25.7540540Z #14 0.583 Running transaction
Test OLM installation	UNKNOWN STEP	2025-06-26T16:12:25.7541322Z #14 0.606   Preparing        :                                                        1/1 
Test OLM installation	UNKNOWN STEP	2025-06-26T16:12:25.7543391Z #14 0.641   Installing       : diffutils-3.7-12.el9.x86_64                            1/1 
Test OLM installation	UNKNOWN STEP	2025-06-26T16:12:25.8884195Z #14 0.651   Running scriptlet: diffutils-3.7-12.el9.x86_64                            1/1 
Test OLM installation	UNKNOWN STEP	2025-06-26T16:12:25.8885618Z #14 0.687   Verifying        : diffutils-3.7-12.el9.x86_64                            1/1 
Test OLM installation	UNKNOWN STEP	2025-06-26T16:12:25.8887381Z #14 0.732 Installed products updated.
Test OLM installation	UNKNOWN STEP	2025-06-26T16:12:25.8887818Z #14 0.740 
Test OLM installation	UNKNOWN STEP	2025-06-26T16:12:25.8889162Z #14 0.740 Installed:
Test OLM installation	UNKNOWN STEP	2025-06-26T16:12:25.8889699Z #14 0.740   diffutils-3.7-12.el9.x86_64                                                   
Test OLM installation	UNKNOWN STEP	2025-06-26T16:12:25.8890438Z #14 0.740 
Test OLM installation	UNKNOWN STEP	2025-06-26T16:12:25.8890719Z #14 0.740 Complete!
Test OLM installation	UNKNOWN STEP	2025-06-26T16:12:25.8891035Z #14 0.787 ++ realpath rootfs
Test OLM installation	UNKNOWN STEP	2025-06-26T16:12:26.0421059Z #14 0.789 + rootfs=/tmp/null/rootfs
Test OLM installation	UNKNOWN STEP	2025-06-26T16:12:26.0421427Z #14 0.789 + mkdir -p /tmp/null/rootfs
Test OLM installation	UNKNOWN STEP	2025-06-26T16:12:26.0422003Z #14 0.790 + xargs dnf install -y --installroot /tmp/null/rootfs --releasever 9 --setopt install_weak_deps=false --nodocs
Test OLM installation	UNKNOWN STEP	2025-06-26T16:12:26.1169860Z #14 1.016 Updating Subscription Management repositories.
Test OLM installation	UNKNOWN STEP	2025-06-26T16:12:26.3596703Z #14 1.016 Unable to read consumer identity
Test OLM installation	UNKNOWN STEP	2025-06-26T16:12:26.3598265Z #14 1.018 
Test OLM installation	UNKNOWN STEP	2025-06-26T16:12:26.3599666Z #14 1.018 This system is not registered with an entitlement server. You can use subscription-manager to register.
Test OLM installation	UNKNOWN STEP	2025-06-26T16:12:26.3600739Z #14 1.018 
Test OLM installation	UNKNOWN STEP	2025-06-26T16:12:26.3601640Z #14 1.108 Red Hat Universal Base Image 9 (RPMs) - BaseOS  8.0 MB/s | 587 kB     00:00    
Test OLM installation	UNKNOWN STEP	2025-06-26T16:12:26.3855325Z #14 1.284 Red Hat Universal Base Image 9 (RPMs) - AppStre  26 MB/s | 2.4 MB     00:00    
Test OLM installation	UNKNOWN STEP	2025-06-26T16:12:26.8414458Z #14 1.740 Red Hat Universal Base Image 9 (RPMs) - CodeRea 3.1 MB/s | 285 kB     00:00    
Test OLM installation	UNKNOWN STEP	2025-06-26T16:12:26.9829664Z #14 1.882 Dependencies resolved.
Test OLM installation	UNKNOWN STEP	2025-06-26T16:12:27.0831778Z #14 1.887 =============================================================================================
Test OLM installation	UNKNOWN STEP	2025-06-26T16:12:27.0832546Z #14 1.887  Package                    Arch    Version                       Repository             Size
Test OLM installation	UNKNOWN STEP	2025-06-26T16:12:27.0833224Z #14 1.887 =============================================================================================
Test OLM installation	UNKNOWN STEP	2025-06-26T16:12:27.0833709Z #14 1.887 Installing:
Test OLM installation	UNKNOWN STEP	2025-06-26T16:12:27.0834214Z #14 1.887  bash                       x86_64  5.1.8-9.el9                   ubi-9-baseos-rpms     1.7 M
Test OLM installation	UNKNOWN STEP	2025-06-26T16:12:27.0835041Z #14 1.887  coreutils-single           x86_64  8.32-39.el9                   ubi-9-baseos-rpms     625 k
Test OLM installation	UNKNOWN STEP	2025-06-26T16:12:27.0835849Z #14 1.887  findutils                  x86_64  1:4.8.0-7.el9                 ubi-9-baseos-rpms     550 k
Test OLM installation	UNKNOWN STEP	2025-06-26T16:12:27.0836685Z #14 1.887  glibc-langpack-en          x86_64  2.34-168.el9_6.19             ubi-9-baseos-rpms     657 k
Test OLM installation	UNKNOWN STEP	2025-06-26T16:12:27.0837605Z #14 1.887  java-21-openjdk-headless   x86_64  1:21.0.7.0.6-1.el9            ubi-9-appstream-rpms   49 M
Test OLM installation	UNKNOWN STEP	2025-06-26T16:12:27.0838302Z #14 1.887 Installing dependencies:
Test OLM installation	UNKNOWN STEP	2025-06-26T16:12:27.0838888Z #14 1.887  alsa-lib                   x86_64  1.2.13-2.el9                  ubi-9-appstream-rpms  530 k
Test OLM installation	UNKNOWN STEP	2025-06-26T16:12:27.0839664Z #14 1.887  alternatives               x86_64  1.24-2.el9                    ubi-9-baseos-rpms      42 k
Test OLM installation	UNKNOWN STEP	2025-06-26T16:12:27.0840692Z #14 1.887  avahi-libs                 x86_64  0.8-22.el9_6                  ubi-9-baseos-rpms      67 k
Test OLM installation	UNKNOWN STEP	2025-06-26T16:12:27.0841487Z #14 1.887  basesystem                 noarch  11-13.el9                     ubi-9-baseos-rpms     8.0 k
Test OLM installation	UNKNOWN STEP	2025-06-26T16:12:27.0842283Z #14 1.887  bzip2-libs                 x86_64  1.0.8-10.el9_5                ubi-9-baseos-rpms      42 k
Test OLM installation	UNKNOWN STEP	2025-06-26T16:12:27.0843121Z #14 1.887  ca-certificates            noarch  2024.2.69_v8.0.303-91.4.el9_4 ubi-9-baseos-rpms     1.0 M
Test OLM installation	UNKNOWN STEP	2025-06-26T16:12:27.0844005Z #14 1.887  copy-jdk-configs           noarch  4.0-3.el9                     ubi-9-appstream-rpms   29 k
Test OLM installation	UNKNOWN STEP	2025-06-26T16:12:27.0844911Z #14 1.887  crypto-policies            noarch  20250128-1.git5269e22.el9     ubi-9-baseos-rpms      90 k
Test OLM installation	UNKNOWN STEP	2025-06-26T16:12:27.0845988Z #14 1.887  crypto-policies-scripts    noarch  20250128-1.git5269e22.el9     ubi-9-baseos-rpms     101 k
Test OLM installation	UNKNOWN STEP	2025-06-26T16:12:27.0846989Z #14 1.887  cups-libs                  x86_64  1:2.3.3op2-33.el9             ubi-9-baseos-rpms     265 k
Test OLM installation	UNKNOWN STEP	2025-06-26T16:12:27.0847774Z #14 1.887  dbus-libs                  x86_64  1:1.12.20-8.el9               ubi-9-baseos-rpms     154 k
Test OLM installation	UNKNOWN STEP	2025-06-26T16:12:27.0848928Z #14 1.887  expat                      x86_64  2.5.0-5.el9_6                 ubi-9-baseos-rpms     119 k
Test OLM installation	UNKNOWN STEP	2025-06-26T16:12:27.0849700Z #14 1.887  filesystem                 x86_64  3.16-5.el9                    ubi-9-baseos-rpms     4.8 M
Test OLM installation	UNKNOWN STEP	2025-06-26T16:12:27.0850756Z #14 1.887  gawk                       x86_64  5.1.0-6.el9                   ubi-9-baseos-rpms     1.0 M
Test OLM installation	UNKNOWN STEP	2025-06-26T16:12:27.0851495Z #14 1.887  gdbm-libs                  x86_64  1:1.23-1.el9                  ubi-9-baseos-rpms      59 k
Test OLM installation	UNKNOWN STEP	2025-06-26T16:12:27.0852306Z #14 1.887  glibc                      x86_64  2.34-168.el9_6.19             ubi-9-baseos-rpms     2.0 M
Test OLM installation	UNKNOWN STEP	2025-06-26T16:12:27.0853084Z #14 1.887  glibc-common               x86_64  2.34-168.el9_6.19             ubi-9-baseos-rpms     303 k
Test OLM installation	UNKNOWN STEP	2025-06-26T16:12:27.0853824Z #14 1.887  gmp                        x86_64  1:6.2.0-13.el9                ubi-9-baseos-rpms     319 k
Test OLM installation	UNKNOWN STEP	2025-06-26T16:12:27.0854543Z #14 1.887  gnutls                     x86_64  3.8.3-6.el9                   ubi-9-baseos-rpms     1.1 M
Test OLM installation	UNKNOWN STEP	2025-06-26T16:12:27.0855483Z #14 1.887  grep                       x86_64  3.6-5.el9                     ubi-9-baseos-rpms     273 k
Test OLM installation	UNKNOWN STEP	2025-06-26T16:12:27.0856353Z #14 1.887  javapackages-filesystem    noarch  6.4.0-1.el9                   ubi-9-appstream-rpms   17 k
Test OLM installation	UNKNOWN STEP	2025-06-26T16:12:27.0857259Z #14 1.887  keyutils-libs              x86_64  1.6.3-1.el9                   ubi-9-baseos-rpms      34 k
Test OLM installation	UNKNOWN STEP	2025-06-26T16:12:27.0858029Z #14 1.887  krb5-libs                  x86_64  1.21.1-8.el9_6                ubi-9-baseos-rpms     766 k
Test OLM installation	UNKNOWN STEP	2025-06-26T16:12:27.0858793Z #14 1.887  libacl                     x86_64  2.3.1-4.el9                   ubi-9-baseos-rpms      24 k
Test OLM installation	UNKNOWN STEP	2025-06-26T16:12:27.0859482Z #14 1.887  libattr                    x86_64  2.5.1-3.el9                   ubi-9-baseos-rpms      20 k
Test OLM installation	UNKNOWN STEP	2025-06-26T16:12:27.0860393Z #14 1.887  libcap                     x86_64  2.48-9.el9_2                  ubi-9-baseos-rpms      74 k
Test OLM installation	UNKNOWN STEP	2025-06-26T16:12:27.0861106Z #14 1.887  libcom_err                 x86_64  1.46.5-7.el9                  ubi-9-baseos-rpms      28 k
Test OLM installation	UNKNOWN STEP	2025-06-26T16:12:27.0861848Z #14 1.887  libevent                   x86_64  2.1.12-8.el9_4                ubi-9-baseos-rpms     266 k
Test OLM installation	UNKNOWN STEP	2025-06-26T16:12:27.0862387Z #14 1.887  libffi                     x86_64  3.4.2-8.el9                   ubi-9-baseos-rpms      40 k
Test OLM installation	UNKNOWN STEP	2025-06-26T16:12:27.0862774Z #14 1.887  libgcc                     x86_64  11.5.0-5.el9_5                ubi-9-baseos-rpms      88 k
Test OLM installation	UNKNOWN STEP	2025-06-26T16:12:27.0863253Z #14 1.887  libgcrypt                  x86_64  1.10.0-11.el9                 ubi-9-baseos-rpms     510 k
Test OLM installation	UNKNOWN STEP	2025-06-26T16:12:27.0863991Z #14 1.887  libgpg-error               x86_64  1.42-5.el9                    ubi-9-baseos-rpms     220 k
Test OLM installation	UNKNOWN STEP	2025-06-26T16:12:27.0864689Z #14 1.887  libidn2                    x86_64  2.3.0-7.el9                   ubi-9-baseos-rpms     105 k
Test OLM installation	UNKNOWN STEP	2025-06-26T16:12:27.0865378Z #14 1.887  libselinux                 x86_64  3.6-3.el9                     ubi-9-baseos-rpms      88 k
Test OLM installation	UNKNOWN STEP	2025-06-26T16:12:27.0866101Z #14 1.887  libsepol                   x86_64  3.6-2.el9                     ubi-9-baseos-rpms     331 k
Test OLM installation	UNKNOWN STEP	2025-06-26T16:12:27.0866726Z #14 1.887  libsigsegv                 x86_64  2.13-4.el9                    ubi-9-baseos-rpms      30 k
Test OLM installation	UNKNOWN STEP	2025-06-26T16:12:27.0867128Z #14 1.887  libtasn1                   x86_64  4.16.0-9.el9                  ubi-9-baseos-rpms      77 k
Test OLM installation	UNKNOWN STEP	2025-06-26T16:12:27.0867649Z #14 1.887  libunistring               x86_64  0.9.10-15.el9                 ubi-9-baseos-rpms     499 k
Test OLM installation	UNKNOWN STEP	2025-06-26T16:12:27.0868089Z #14 1.887  libuuid                    x86_64  2.37.4-21.el9                 ubi-9-baseos-rpms      30 k
Test OLM installation	UNKNOWN STEP	2025-06-26T16:12:27.0868498Z #14 1.887  libverto                   x86_64  0.3.2-3.el9                   ubi-9-baseos-rpms      24 k
Test OLM installation	UNKNOWN STEP	2025-06-26T16:12:27.0869039Z #14 1.887  libxcrypt                  x86_64  4.4.18-3.el9                  ubi-9-baseos-rpms     120 k
Test OLM installation	UNKNOWN STEP	2025-06-26T16:12:27.0869442Z #14 1.887  libzstd                    x86_64  1.5.5-1.el9                   ubi-9-baseos-rpms     297 k
Test OLM installation	UNKNOWN STEP	2025-06-26T16:12:27.0870260Z #14 1.887  lksctp-tools               x86_64  1.0.19-3.el9_4                ubi-9-baseos-rpms     104 k
Test OLM installation	UNKNOWN STEP	2025-06-26T16:12:27.0870944Z #14 1.887  lua                        x86_64  5.4.4-4.el9                   ubi-9-appstream-rpms  192 k
Test OLM installation	UNKNOWN STEP	2025-06-26T16:12:27.0871673Z #14 1.887  lua-libs                   x86_64  5.4.4-4.el9                   ubi-9-baseos-rpms     132 k
Test OLM installation	UNKNOWN STEP	2025-06-26T16:12:27.0872406Z #14 1.887  lua-posix                  x86_64  35.0-8.el9                    ubi-9-appstream-rpms  155 k
Test OLM installation	UNKNOWN STEP	2025-06-26T16:12:27.0872959Z #14 1.887  lz4-libs                   x86_64  1.9.3-5.el9                   ubi-9-baseos-rpms      69 k
Test OLM installation	UNKNOWN STEP	2025-06-26T16:12:27.0873405Z #14 1.887  mpfr                       x86_64  4.1.0-7.el9                   ubi-9-baseos-rpms     329 k
Test OLM installation	UNKNOWN STEP	2025-06-26T16:12:27.0873982Z #14 1.887  ncurses-base               noarch  6.2-10.20210508.el9           ubi-9-baseos-rpms      99 k
Test OLM installation	UNKNOWN STEP	2025-06-26T16:12:27.0874481Z #14 1.887  ncurses-libs               x86_64  6.2-10.20210508.el9           ubi-9-baseos-rpms     332 k
Test OLM installation	UNKNOWN STEP	2025-06-26T16:12:27.0875418Z #14 1.887  nettle                     x86_64  3.10.1-1.el9                  ubi-9-baseos-rpms     568 k
Test OLM installation	UNKNOWN STEP	2025-06-26T16:12:27.0876154Z #14 1.887  nspr                       x86_64  4.35.0-17.el9_2               ubi-9-appstream-rpms  137 k
Test OLM installation	UNKNOWN STEP	2025-06-26T16:12:27.0876837Z #14 1.887  nss                        x86_64  3.101.0-10.el9_2              ubi-9-appstream-rpms  720 k
Test OLM installation	UNKNOWN STEP	2025-06-26T16:12:27.0877415Z #14 1.887  nss-softokn                x86_64  3.101.0-10.el9_2              ubi-9-appstream-rpms  393 k
Test OLM installation	UNKNOWN STEP	2025-06-26T16:12:27.0877940Z #14 1.887  nss-softokn-freebl         x86_64  3.101.0-10.el9_2              ubi-9-appstream-rpms  313 k
Test OLM installation	UNKNOWN STEP	2025-06-26T16:12:27.0878397Z #14 1.887  nss-sysinit                x86_64  3.101.0-10.el9_2              ubi-9-appstream-rpms   21 k
Test OLM installation	UNKNOWN STEP	2025-06-26T16:12:27.0878809Z #14 1.887  nss-util                   x86_64  3.101.0-10.el9_2              ubi-9-appstream-rpms   92 k
Test OLM installation	UNKNOWN STEP	2025-06-26T16:12:27.0879269Z #14 1.887  openssl-fips-provider      x86_64  3.0.7-6.el9_5                 ubi-9-baseos-rpms     9.4 k
Test OLM installation	UNKNOWN STEP	2025-06-26T16:12:27.0879761Z #14 1.887  openssl-fips-provider-so   x86_64  3.0.7-6.el9_5                 ubi-9-baseos-rpms     577 k
Test OLM installation	UNKNOWN STEP	2025-06-26T16:12:27.0880446Z #14 1.887  openssl-libs               x86_64  1:3.2.2-6.el9_5.1             ubi-9-baseos-rpms     2.1 M
Test OLM installation	UNKNOWN STEP	2025-06-26T16:12:27.0880865Z #14 1.887  p11-kit                    x86_64  0.25.3-3.el9_5                ubi-9-baseos-rpms     536 k
Test OLM installation	UNKNOWN STEP	2025-06-26T16:12:27.0881283Z #14 1.887  p11-kit-trust              x86_64  0.25.3-3.el9_5                ubi-9-baseos-rpms     144 k
Test OLM installation	UNKNOWN STEP	2025-06-26T16:12:27.0882488Z #14 1.887  pcre                       x86_64  8.44-4.el9                    ubi-9-baseos-rpms     200 k
Test OLM installation	UNKNOWN STEP	2025-06-26T16:12:27.0883772Z #14 1.887  pcre2                      x86_64  10.40-6.el9                   ubi-9-baseos-rpms     236 k
Test OLM installation	UNKNOWN STEP	2025-06-26T16:12:27.0885611Z #14 1.887  pcre2-syntax               noarch  10.40-6.el9                   ubi-9-baseos-rpms     144 k
Test OLM installation	UNKNOWN STEP	2025-06-26T16:12:27.0886760Z #14 1.887  python3                    x86_64  3.9.21-2.el9                  ubi-9-baseos-rpms      30 k
Test OLM installation	UNKNOWN STEP	2025-06-26T16:12:27.0887172Z #14 1.887  python3-libs               x86_64  3.9.21-2.el9                  ubi-9-baseos-rpms     8.1 M
Test OLM installation	UNKNOWN STEP	2025-06-26T16:12:27.0887616Z #14 1.887  python3-pip-wheel          noarch  21.3.1-1.el9                  ubi-9-baseos-rpms     1.1 M
Test OLM installation	UNKNOWN STEP	2025-06-26T16:12:27.0888135Z #14 1.887  python3-setuptools-wheel   noarch  53.0.0-13.el9                 ubi-9-baseos-rpms     469 k
Test OLM installation	UNKNOWN STEP	2025-06-26T16:12:27.0888592Z #14 1.887  readline                   x86_64  8.1-4.el9                     ubi-9-baseos-rpms     215 k
Test OLM installation	UNKNOWN STEP	2025-06-26T16:12:27.0889003Z #14 1.887  redhat-release             x86_64  9.6-0.1.el9                   ubi-9-baseos-rpms      44 k
Test OLM installation	UNKNOWN STEP	2025-06-26T16:12:27.0889397Z #14 1.887  sed                        x86_64  4.8-9.el9                     ubi-9-baseos-rpms     309 k
Test OLM installation	UNKNOWN STEP	2025-06-26T16:12:27.0890181Z #14 1.887  setup                      noarch  2.13.7-10.el9                 ubi-9-baseos-rpms     150 k
Test OLM installation	UNKNOWN STEP	2025-06-26T16:12:27.0890621Z #14 1.887  sqlite-libs                x86_64  3.34.1-7.el9_3                ubi-9-baseos-rpms     622 k
Test OLM installation	UNKNOWN STEP	2025-06-26T16:12:27.0891047Z #14 1.887  systemd-libs               x86_64  252-51.el9_6.1                ubi-9-baseos-rpms     675 k
Test OLM installation	UNKNOWN STEP	2025-06-26T16:12:27.0891467Z #14 1.887  tzdata                     noarch  2025b-1.el9                   ubi-9-baseos-rpms     842 k
Test OLM installation	UNKNOWN STEP	2025-06-26T16:12:27.0891895Z #14 1.887  tzdata-java                noarch  2025b-1.el9                   ubi-9-appstream-rpms  228 k
Test OLM installation	UNKNOWN STEP	2025-06-26T16:12:27.0892305Z #14 1.887  xz-libs                    x86_64  5.2.5-8.el9_0                 ubi-9-baseos-rpms      94 k
Test OLM installation	UNKNOWN STEP	2025-06-26T16:12:27.0892682Z #14 1.887  zlib                       x86_64  1.2.11-40.el9                 ubi-9-baseos-rpms      93 k
Test OLM installation	UNKNOWN STEP	2025-06-26T16:12:27.0892973Z #14 1.887 
Test OLM installation	UNKNOWN STEP	2025-06-26T16:12:27.0893146Z #14 1.887 Transaction Summary
Test OLM installation	UNKNOWN STEP	2025-06-26T16:12:27.0893391Z #14 1.887 =============================================================================================
Test OLM installation	UNKNOWN STEP	2025-06-26T16:12:27.0893790Z #14 1.887 Install  84 Packages
Test OLM installation	UNKNOWN STEP	2025-06-26T16:12:27.0894000Z #14 1.887 
Test OLM installation	UNKNOWN STEP	2025-06-26T16:12:27.0894196Z #14 1.890 Total download size: 89 M
Test OLM installation	UNKNOWN STEP	2025-06-26T16:12:27.0894605Z #14 1.890 Installed size: 319 M
Test OLM installation	UNKNOWN STEP	2025-06-26T16:12:27.0894889Z #14 1.890 Downloading Packages:
Test OLM installation	UNKNOWN STEP	2025-06-26T16:12:27.0895214Z #14 1.929 (1/84): alternatives-1.24-2.el9.x86_64.rpm      1.3 MB/s |  42 kB     00:00    
Test OLM installation	UNKNOWN STEP	2025-06-26T16:12:27.0895781Z #14 1.934 (2/84): basesystem-11-13.el9.noarch.rpm         216 kB/s | 8.0 kB     00:00    
Test OLM installation	UNKNOWN STEP	2025-06-26T16:12:27.0896223Z #14 1.945 (3/84): bzip2-libs-1.0.8-10.el9_5.x86_64.rpm    3.7 MB/s |  42 kB     00:00    
Test OLM installation	UNKNOWN STEP	2025-06-26T16:12:27.0896632Z #14 1.951 (4/84): avahi-libs-0.8-22.el9_6.x86_64.rpm      1.2 MB/s |  67 kB     00:00    
Test OLM installation	UNKNOWN STEP	2025-06-26T16:12:27.0897093Z #14 1.956 (5/84): bash-5.1.8-9.el9.x86_64.rpm              62 MB/s | 1.7 MB     00:00    
Test OLM installation	UNKNOWN STEP	2025-06-26T16:12:27.0897578Z #14 1.964 (6/84): crypto-policies-20250128-1.git5269e22.e  13 MB/s |  90 kB     00:00    
Test OLM installation	UNKNOWN STEP	2025-06-26T16:12:27.0898041Z #14 1.971 (7/84): crypto-policies-scripts-20250128-1.git5  15 MB/s | 101 kB     00:00    
Test OLM installation	UNKNOWN STEP	2025-06-26T16:12:27.0898595Z #14 1.979 (8/84): cups-libs-2.3.3op2-33.el9.x86_64.rpm     35 MB/s | 265 kB     00:00    
Test OLM installation	UNKNOWN STEP	2025-06-26T16:12:27.0899392Z #14 1.982 (9/84): coreutils-single-8.32-39.el9.x86_64.rpm  20 MB/s | 625 kB     00:00    
Test OLM installation	UNKNOWN STEP	2025-06-26T16:12:27.1850968Z #14 1.986 (10/84): dbus-libs-1.12.20-8.el9.x86_64.rpm      21 MB/s | 154 kB     00:00    
Test OLM installation	UNKNOWN STEP	2025-06-26T16:12:27.1851822Z #14 1.989 (11/84): ca-certificates-2024.2.69_v8.0.303-91.  23 MB/s | 1.0 MB     00:00    
Test OLM installation	UNKNOWN STEP	2025-06-26T16:12:27.1852597Z #14 1.991 (12/84): expat-2.5.0-5.el9_6.x86_64.rpm          14 MB/s | 119 kB     00:00    
Test OLM installation	UNKNOWN STEP	2025-06-26T16:12:27.1853390Z #14 2.002 (13/84): findutils-4.8.0-7.el9.x86_64.rpm        44 MB/s | 550 kB     00:00    
Test OLM installation	UNKNOWN STEP	2025-06-26T16:12:27.1854125Z #14 2.016 (14/84): gdbm-libs-1.23-1.el9.x86_64.rpm        4.3 MB/s |  59 kB     00:00    
Test OLM installation	UNKNOWN STEP	2025-06-26T16:12:27.1854702Z #14 2.027 (15/84): gawk-5.1.0-6.el9.x86_64.rpm             27 MB/s | 1.0 MB     00:00    
Test OLM installation	UNKNOWN STEP	2025-06-26T16:12:27.1855437Z #14 2.051 (16/84): filesystem-3.16-5.el9.x86_64.rpm        74 MB/s | 4.8 MB     00:00    
Test OLM installation	UNKNOWN STEP	2025-06-26T16:12:27.1856060Z #14 2.057 (17/84): glibc-2.34-168.el9_6.19.x86_64.rpm      48 MB/s | 2.0 MB     00:00    
Test OLM installation	UNKNOWN STEP	2025-06-26T16:12:27.1856514Z #14 2.060 (18/84): glibc-common-2.34-168.el9_6.19.x86_64. 9.2 MB/s | 303 kB     00:00    
Test OLM installation	UNKNOWN STEP	2025-06-26T16:12:27.1857132Z #14 2.064 (19/84): glibc-langpack-en-2.34-168.el9_6.19.x8  52 MB/s | 657 kB     00:00    
Test OLM installation	UNKNOWN STEP	2025-06-26T16:12:27.1857683Z #14 2.079 (20/84): grep-3.6-5.el9.x86_64.rpm               18 MB/s | 273 kB     00:00    
Test OLM installation	UNKNOWN STEP	2025-06-26T16:12:27.1858138Z #14 2.084 (21/84): gmp-6.2.0-13.el9.x86_64.rpm             12 MB/s | 319 kB     00:00    
Test OLM installation	UNKNOWN STEP	2025-06-26T16:12:27.2934751Z #14 2.090 (22/84): gnutls-3.8.3-6.el9.x86_64.rpm           36 MB/s | 1.1 MB     00:00    
Test OLM installation	UNKNOWN STEP	2025-06-26T16:12:27.2935560Z #14 2.097 (23/84): krb5-libs-1.21.1-8.el9_6.x86_64.rpm     59 MB/s | 766 kB     00:00    
Test OLM installation	UNKNOWN STEP	2025-06-26T16:12:27.2936637Z #14 2.102 (24/84): libacl-2.3.1-4.el9.x86_64.rpm          2.1 MB/s |  24 kB     00:00    
Test OLM installation	UNKNOWN STEP	2025-06-26T16:12:27.2937337Z #14 2.108 (25/84): libattr-2.5.1-3.el9.x86_64.rpm         1.9 MB/s |  20 kB     00:00    
Test OLM installation	UNKNOWN STEP	2025-06-26T16:12:27.2938025Z #14 2.109 (26/84): keyutils-libs-1.6.3-1.el9.x86_64.rpm   1.1 MB/s |  34 kB     00:00    
Test OLM installation	UNKNOWN STEP	2025-06-26T16:12:27.2938456Z #14 2.112 (27/84): libcap-2.48-9.el9_2.x86_64.rpm         7.8 MB/s |  74 kB     00:00    
Test OLM installation	UNKNOWN STEP	2025-06-26T16:12:27.2938864Z #14 2.114 (28/84): libcom_err-1.46.5-7.el9.x86_64.rpm     5.0 MB/s |  28 kB     00:00    
Test OLM installation	UNKNOWN STEP	2025-06-26T16:12:27.2939269Z #14 2.118 (29/84): libffi-3.4.2-8.el9.x86_64.rpm          6.9 MB/s |  40 kB     00:00    
Test OLM installation	UNKNOWN STEP	2025-06-26T16:12:27.2939658Z #14 2.120 (30/84): libgcc-11.5.0-5.el9_5.x86_64.rpm        15 MB/s |  88 kB     00:00    
Test OLM installation	UNKNOWN STEP	2025-06-26T16:12:27.2940334Z #14 2.124 (31/84): libevent-2.1.12-8.el9_4.x86_64.rpm      18 MB/s | 266 kB     00:00    
Test OLM installation	UNKNOWN STEP	2025-06-26T16:12:27.2940746Z #14 2.128 (32/84): libgcrypt-1.10.0-11.el9.x86_64.rpm      48 MB/s | 510 kB     00:00    
Test OLM installation	UNKNOWN STEP	2025-06-26T16:12:27.2941459Z #14 2.131 (33/84): libgpg-error-1.42-5.el9.x86_64.rpm      20 MB/s | 220 kB     00:00    
Test OLM installation	UNKNOWN STEP	2025-06-26T16:12:27.2941868Z #14 2.134 (34/84): libidn2-2.3.0-7.el9.x86_64.rpm          10 MB/s | 105 kB     00:00    
Test OLM installation	UNKNOWN STEP	2025-06-26T16:12:27.2942269Z #14 2.136 (35/84): libselinux-3.6-3.el9.x86_64.rpm         12 MB/s |  88 kB     00:00    
Test OLM installation	UNKNOWN STEP	2025-06-26T16:12:27.2942680Z #14 2.140 (36/84): libsepol-3.6-2.el9.x86_64.rpm           36 MB/s | 331 kB     00:00    
Test OLM installation	UNKNOWN STEP	2025-06-26T16:12:27.2943078Z #14 2.145 (37/84): libtasn1-4.16.0-9.el9.x86_64.rpm       8.0 MB/s |  77 kB     00:00    
Test OLM installation	UNKNOWN STEP	2025-06-26T16:12:27.2943641Z #14 2.152 (38/84): libuuid-2.37.4-21.el9.x86_64.rpm       4.7 MB/s |  30 kB     00:00    
Test OLM installation	UNKNOWN STEP	2025-06-26T16:12:27.2944066Z #14 2.157 (39/84): libunistring-0.9.10-15.el9.x86_64.rpm   29 MB/s | 499 kB     00:00    
Test OLM installation	UNKNOWN STEP	2025-06-26T16:12:27.2944473Z #14 2.160 (40/84): libverto-0.3.2-3.el9.x86_64.rpm        3.1 MB/s |  24 kB     00:00    
Test OLM installation	UNKNOWN STEP	2025-06-26T16:12:27.2944870Z #14 2.170 (41/84): libzstd-1.5.5-1.el9.x86_64.rpm          31 MB/s | 297 kB     00:00    
Test OLM installation	UNKNOWN STEP	2025-06-26T16:12:27.2945271Z #14 2.171 (42/84): libxcrypt-4.4.18-3.el9.x86_64.rpm      8.4 MB/s | 120 kB     00:00    
Test OLM installation	UNKNOWN STEP	2025-06-26T16:12:27.2945705Z #14 2.174 (43/84): libsigsegv-2.13-4.el9.x86_64.rpm       762 kB/s |  30 kB     00:00    
Test OLM installation	UNKNOWN STEP	2025-06-26T16:12:27.2946109Z #14 2.180 (44/84): lksctp-tools-1.0.19-3.el9_4.x86_64.rpm  10 MB/s | 104 kB     00:00    
Test OLM installation	UNKNOWN STEP	2025-06-26T16:12:27.2946508Z #14 2.182 (45/84): lua-libs-5.4.4-4.el9.x86_64.rpm         12 MB/s | 132 kB     00:00    
Test OLM installation	UNKNOWN STEP	2025-06-26T16:12:27.2946915Z #14 2.192 (46/84): ncurses-base-6.2-10.20210508.el9.noarc 9.4 MB/s |  99 kB     00:00    
Test OLM installation	UNKNOWN STEP	2025-06-26T16:12:27.3963260Z #14 2.196 (47/84): mpfr-4.1.0-7.el9.x86_64.rpm             20 MB/s | 329 kB     00:00    
Test OLM installation	UNKNOWN STEP	2025-06-26T16:12:27.3964191Z #14 2.201 (48/84): lz4-libs-1.9.3-5.el9.x86_64.rpm        2.5 MB/s |  69 kB     00:00    
Test OLM installation	UNKNOWN STEP	2025-06-26T16:12:27.3964901Z #14 2.210 (49/84): nettle-3.10.1-1.el9.x86_64.rpm          40 MB/s | 568 kB     00:00    
Test OLM installation	UNKNOWN STEP	2025-06-26T16:12:27.3965392Z #14 2.216 (50/84): ncurses-libs-6.2-10.20210508.el9.x86_6  14 MB/s | 332 kB     00:00    
Test OLM installation	UNKNOWN STEP	2025-06-26T16:12:27.3965937Z #14 2.219 (51/84): openssl-fips-provider-3.0.7-6.el9_5.x8 540 kB/s | 9.4 kB     00:00    
Test OLM installation	UNKNOWN STEP	2025-06-26T16:12:27.3966657Z #14 2.229 (52/84): p11-kit-0.25.3-3.el9_5.x86_64.rpm       52 MB/s | 536 kB     00:00    
Test OLM installation	UNKNOWN STEP	2025-06-26T16:12:27.3967362Z #14 2.241 (53/84): openssl-libs-3.2.2-6.el9_5.1.x86_64.rp  86 MB/s | 2.1 MB     00:00    
Test OLM installation	UNKNOWN STEP	2025-06-26T16:12:27.3967828Z #14 2.243 (54/84): p11-kit-trust-0.25.3-3.el9_5.x86_64.rp  11 MB/s | 144 kB     00:00    
Test OLM installation	UNKNOWN STEP	2025-06-26T16:12:27.3968585Z #14 2.248 (55/84): openssl-fips-provider-so-3.0.7-6.el9_5  15 MB/s | 577 kB     00:00    
Test OLM installation	UNKNOWN STEP	2025-06-26T16:12:27.3969064Z #14 2.252 (56/84): pcre2-10.40-6.el9.x86_64.rpm            26 MB/s | 236 kB     00:00    
Test OLM installation	UNKNOWN STEP	2025-06-26T16:12:27.3969484Z #14 2.257 (57/84): pcre-8.44-4.el9.x86_64.rpm              13 MB/s | 200 kB     00:00    
Test OLM installation	UNKNOWN STEP	2025-06-26T16:12:27.3970509Z #14 2.258 (58/84): python3-3.9.21-2.el9.x86_64.rpm        5.3 MB/s |  30 kB     00:00    
Test OLM installation	UNKNOWN STEP	2025-06-26T16:12:27.3970985Z #14 2.262 (59/84): pcre2-syntax-10.40-6.el9.noarch.rpm     10 MB/s | 144 kB     00:00    
Test OLM installation	UNKNOWN STEP	2025-06-26T16:12:27.3971464Z #14 2.272 (60/84): python3-pip-wheel-21.3.1-1.el9.noarch.  81 MB/s | 1.1 MB     00:00    
Test OLM installation	UNKNOWN STEP	2025-06-26T16:12:27.3971893Z #14 2.282 (61/84): readline-8.1-4.el9.x86_64.rpm           23 MB/s | 215 kB     00:00    
Test OLM installation	UNKNOWN STEP	2025-06-26T16:12:27.3972319Z #14 2.286 (62/84): python3-setuptools-wheel-53.0.0-13.el9  20 MB/s | 469 kB     00:00    
Test OLM installation	UNKNOWN STEP	2025-06-26T16:12:27.3972757Z #14 2.288 (63/84): redhat-release-9.6-0.1.el9.x86_64.rpm  8.1 MB/s |  44 kB     00:00    
Test OLM installation	UNKNOWN STEP	2025-06-26T16:12:27.3973167Z #14 2.295 (64/84): setup-2.13.7-10.el9.noarch.rpm          22 MB/s | 150 kB     00:00    
Test OLM installation	UNKNOWN STEP	2025-06-26T16:12:27.5033068Z #14 2.306 (65/84): sed-4.8-9.el9.x86_64.rpm                15 MB/s | 309 kB     00:00    
Test OLM installation	UNKNOWN STEP	2025-06-26T16:12:27.5033904Z #14 2.309 (66/84): sqlite-libs-3.34.1-7.el9_3.x86_64.rpm   44 MB/s | 622 kB     00:00    
Test OLM installation	UNKNOWN STEP	2025-06-26T16:12:27.5034863Z #14 2.319 (67/84): systemd-libs-252-51.el9_6.1.x86_64.rpm  52 MB/s | 675 kB     00:00    
Test OLM installation	UNKNOWN STEP	2025-06-26T16:12:27.5035626Z #14 2.324 (68/84): tzdata-2025b-1.el9.noarch.rpm           59 MB/s | 842 kB     00:00    
Test OLM installation	UNKNOWN STEP	2025-06-26T16:12:27.5036337Z #14 2.341 (69/84): python3-libs-3.9.21-2.el9.x86_64.rpm    96 MB/s | 8.1 MB     00:00    
Test OLM installation	UNKNOWN STEP	2025-06-26T16:12:27.5038208Z #14 2.343 (70/84): zlib-1.2.11-40.el9.x86_64.rpm          4.8 MB/s |  93 kB     00:00    
Test OLM installation	UNKNOWN STEP	2025-06-26T16:12:27.5040433Z #14 2.344 (71/84): xz-libs-5.2.5-8.el9_0.x86_64.rpm       3.8 MB/s |  94 kB     00:00    
Test OLM installation	UNKNOWN STEP	2025-06-26T16:12:27.5041453Z #14 2.348 (72/84): copy-jdk-configs-4.0-3.el9.noarch.rpm  4.5 MB/s |  29 kB     00:00    
Test OLM installation	UNKNOWN STEP	2025-06-26T16:12:27.5041901Z #14 2.350 (73/84): lua-5.4.4-4.el9.x86_64.rpm              27 MB/s | 192 kB     00:00    
Test OLM installation	UNKNOWN STEP	2025-06-26T16:12:27.5042311Z #14 2.354 (74/84): lua-posix-35.0-8.el9.x86_64.rpm         16 MB/s | 155 kB     00:00    
Test OLM installation	UNKNOWN STEP	2025-06-26T16:12:27.5043614Z #14 2.361 (75/84): javapackages-filesystem-6.4.0-1.el9.no 2.5 MB/s |  17 kB     00:00    
Test OLM installation	UNKNOWN STEP	2025-06-26T16:12:27.5044774Z #14 2.370 (76/84): nspr-4.35.0-17.el9_2.x86_64.rpm         16 MB/s | 137 kB     00:00    
Test OLM installation	UNKNOWN STEP	2025-06-26T16:12:27.5045189Z #14 2.372 (77/84): alsa-lib-1.2.13-2.el9.x86_64.rpm        21 MB/s | 530 kB     00:00    
Test OLM installation	UNKNOWN STEP	2025-06-26T16:12:27.5045576Z #14 2.383 (78/84): nss-3.101.0-10.el9_2.x86_64.rpm         55 MB/s | 720 kB     00:00    
Test OLM installation	UNKNOWN STEP	2025-06-26T16:12:27.5046590Z #14 2.386 (79/84): nss-softokn-3.101.0-10.el9_2.x86_64.rp  30 MB/s | 393 kB     00:00    
Test OLM installation	UNKNOWN STEP	2025-06-26T16:12:27.5047018Z #14 2.393 (80/84): nss-softokn-freebl-3.101.0-10.el9_2.x8  32 MB/s | 313 kB     00:00    
Test OLM installation	UNKNOWN STEP	2025-06-26T16:12:27.5047438Z #14 2.395 (81/84): nss-sysinit-3.101.0-10.el9_2.x86_64.rp 2.4 MB/s |  21 kB     00:00    
Test OLM installation	UNKNOWN STEP	2025-06-26T16:12:27.5047831Z #14 2.402 (82/84): nss-util-3.101.0-10.el9_2.x86_64.rpm    10 MB/s |  92 kB     00:00    
Test OLM installation	UNKNOWN STEP	2025-06-26T16:12:27.6563848Z #14 2.405 (83/84): tzdata-java-2025b-1.el9.noarch.rpm      23 MB/s | 228 kB     00:00    
Test OLM installation	UNKNOWN STEP	2025-06-26T16:12:28.1058394Z #14 3.004 (84/84): java-21-openjdk-headless-21.0.7.0.6-1.  75 MB/s |  49 MB     00:00    
Test OLM installation	UNKNOWN STEP	2025-06-26T16:12:28.3408700Z #14 3.008 --------------------------------------------------------------------------------
Test OLM installation	UNKNOWN STEP	2025-06-26T16:12:28.3410238Z #14 3.008 Total                                            80 MB/s |  89 MB     00:01     
Test OLM installation	UNKNOWN STEP	2025-06-26T16:12:28.3410979Z #14 3.019 Red Hat Universal Base Image 9 (RPMs) - BaseOS  3.5 MB/s | 3.6 kB     00:00    
Test OLM installation	UNKNOWN STEP	2025-06-26T16:12:28.3411599Z #14 3.085 Importing GPG key 0xFD431D51:
Test OLM installation	UNKNOWN STEP	2025-06-26T16:12:28.3412158Z #14 3.085  Userid     : "Red Hat, Inc. (release key 2) <security@redhat.com>"
Test OLM installation	UNKNOWN STEP	2025-06-26T16:12:28.3412830Z #14 3.085  Fingerprint: 567E 347A D004 4ADE 55BA 8A5F 199E 2F91 FD43 1D51
Test OLM installation	UNKNOWN STEP	2025-06-26T16:12:28.3413517Z #14 3.085  From       : /etc/pki/rpm-gpg/RPM-GPG-KEY-redhat-release
Test OLM installation	UNKNOWN STEP	2025-06-26T16:12:28.3414028Z #14 3.088 Key imported successfully
Test OLM installation	UNKNOWN STEP	2025-06-26T16:12:28.3414429Z #14 3.088 Importing GPG key 0x5A6340B3:
Test OLM installation	UNKNOWN STEP	2025-06-26T16:12:28.3415333Z #14 3.088  Userid     : "Red Hat, Inc. (auxiliary key 3) <security@redhat.com>"
Test OLM installation	UNKNOWN STEP	2025-06-26T16:12:28.3416008Z #14 3.088  Fingerprint: 7E46 2425 8C40 6535 D56D 6F13 5054 E4A4 5A63 40B3
Test OLM installation	UNKNOWN STEP	2025-06-26T16:12:28.3416638Z #14 3.088  From       : /etc/pki/rpm-gpg/RPM-GPG-KEY-redhat-release
Test OLM installation	UNKNOWN STEP	2025-06-26T16:12:28.3417139Z #14 3.089 Key imported successfully
Test OLM installation	UNKNOWN STEP	2025-06-26T16:12:29.2368466Z #14 4.136 Running transaction check
Test OLM installation	UNKNOWN STEP	2025-06-26T16:12:29.4382260Z #14 4.187 Transaction check succeeded.
Test OLM installation	UNKNOWN STEP	2025-06-26T16:12:29.4382738Z #14 4.187 Running transaction test
Test OLM installation	UNKNOWN STEP	2025-06-26T16:12:29.9259894Z #14 4.825 Transaction test succeeded.
Test OLM installation	UNKNOWN STEP	2025-06-26T16:12:30.0770571Z #14 4.826 Running transaction
Test OLM installation	UNKNOWN STEP	2025-06-26T16:12:30.5761925Z #14 5.322   Running scriptlet: filesystem-3.16-5.el9.x86_64                           1/1 
Test OLM installation	UNKNOWN STEP	2025-06-26T16:12:30.5762825Z #14 5.323   Running scriptlet: copy-jdk-configs-4.0-3.el9.noarch                      1/1 
Test OLM installation	UNKNOWN STEP	2025-06-26T16:12:30.6974349Z #14 5.325   Running scriptlet: java-21-openjdk-headless-1:21.0.7.0.6-1.el9.x86_64     1/1 
Test OLM installation	UNKNOWN STEP	2025-06-26T16:12:30.8569780Z #14 5.596   Preparing        :                                                        1/1 
Test OLM installation	UNKNOWN STEP	2025-06-26T16:12:30.8570795Z #14 5.603   Installing       : libgcc-11.5.0-5.el9_5.x86_64                          1/84 
Test OLM installation	UNKNOWN STEP	2025-06-26T16:12:30.8889066Z #14 5.605   Running scriptlet: libgcc-11.5.0-5.el9_5.x86_64                          1/84 
Test OLM installation	UNKNOWN STEP	2025-06-26T16:12:30.9936622Z #14 5.788   Installing       : tzdata-2025b-1.el9.noarch                             2/84 
Test OLM installation	UNKNOWN STEP	2025-06-26T16:12:30.9937498Z #14 5.833   Installing       : tzdata-java-2025b-1.el9.noarch                        3/84 
Test OLM installation	UNKNOWN STEP	2025-06-26T16:12:30.9938116Z #14 5.838   Installing       : javapackages-filesystem-6.4.0-1.el9.noarch            4/84 
Test OLM installation	UNKNOWN STEP	2025-06-26T16:12:30.9938655Z #14 5.844   Installing       : redhat-release-9.6-0.1.el9.x86_64                     5/84 
Test OLM installation	UNKNOWN STEP	2025-06-26T16:12:30.9939165Z #14 5.852   Installing       : setup-2.13.7-10.el9.noarch                            6/84 
Test OLM installation	UNKNOWN STEP	2025-06-26T16:12:30.9939697Z #14 5.853   Running scriptlet: setup-2.13.7-10.el9.noarch                            6/84 
Test OLM installation	UNKNOWN STEP	2025-06-26T16:12:31.1363756Z #14 5.892   Installing       : filesystem-3.16-5.el9.x86_64                          7/84 
Test OLM installation	UNKNOWN STEP	2025-06-26T16:12:31.1364539Z #14 5.942   Installing       : basesystem-11-13.el9.noarch                           8/84 
Test OLM installation	UNKNOWN STEP	2025-06-26T16:12:31.1365199Z #14 5.946   Installing       : python3-setuptools-wheel-53.0.0-13.el9.noarch         9/84 
Test OLM installation	UNKNOWN STEP	2025-06-26T16:12:31.1365734Z #14 5.948   Installing       : pcre2-syntax-10.40-6.el9.noarch                      10/84 
Test OLM installation	UNKNOWN STEP	2025-06-26T16:12:31.1366256Z #14 5.968   Installing       : ncurses-base-6.2-10.20210508.el9.noarch              11/84 
Test OLM installation	UNKNOWN STEP	2025-06-26T16:12:31.3382730Z #14 6.035   Installing       : glibc-langpack-en-2.34-168.el9_6.19.x86_64           12/84 
Test OLM installation	UNKNOWN STEP	2025-06-26T16:12:31.3383562Z #14 6.050   Installing       : glibc-common-2.34-168.el9_6.19.x86_64                13/84 
Test OLM installation	UNKNOWN STEP	2025-06-26T16:12:31.3384341Z #14 6.053   Running scriptlet: glibc-2.34-168.el9_6.19.x86_64                       14/84 
Test OLM installation	UNKNOWN STEP	2025-06-26T16:12:31.3385113Z #14 6.084   Installing       : glibc-2.34-168.el9_6.19.x86_64                       14/84 
Test OLM installation	UNKNOWN STEP	2025-06-26T16:12:31.6811806Z #14 6.087   Running scriptlet: glibc-2.34-168.el9_6.19.x86_64                       14/84 
Test OLM installation	UNKNOWN STEP	2025-06-26T16:12:31.7851195Z #14 6.580   Installing       : ncurses-libs-6.2-10.20210508.el9.x86_64              15/84 
Test OLM installation	UNKNOWN STEP	2025-06-26T16:12:31.7852674Z #14 6.596   Installing       : bash-5.1.8-9.el9.x86_64                              16/84 
Test OLM installation	UNKNOWN STEP	2025-06-26T16:12:31.7854111Z #14 6.598   Running scriptlet: bash-5.1.8-9.el9.x86_64                              16/84 
Test OLM installation	UNKNOWN STEP	2025-06-26T16:12:31.7854974Z #14 6.614   Installing       : crypto-policies-20250128-1.git5269e22.el9.noarch     17/84 
Test OLM installation	UNKNOWN STEP	2025-06-26T16:12:31.7855869Z #14 6.617   Running scriptlet: crypto-policies-20250128-1.git5269e22.el9.noarch     17/84 
Test OLM installation	UNKNOWN STEP	2025-06-26T16:12:31.7856677Z #14 6.620   Installing       : nspr-4.35.0-17.el9_2.x86_64                          18/84 
Test OLM installation	UNKNOWN STEP	2025-06-26T16:12:31.7857351Z #14 6.624   Installing       : nss-util-3.101.0-10.el9_2.x86_64                     19/84 
Test OLM installation	UNKNOWN STEP	2025-06-26T16:12:31.7858025Z #14 6.627   Installing       : zlib-1.2.11-40.el9.x86_64                            20/84 
Test OLM installation	UNKNOWN STEP	2025-06-26T16:12:31.7858466Z #14 6.632   Installing       : readline-8.1-4.el9.x86_64                            21/84 
Test OLM installation	UNKNOWN STEP	2025-06-26T16:12:31.7859172Z #14 6.635   Installing       : libtasn1-4.16.0-9.el9.x86_64                         22/84 
Test OLM installation	UNKNOWN STEP	2025-06-26T16:12:31.7859603Z #14 6.639   Installing       : libxcrypt-4.4.18-3.el9.x86_64                        23/84 
Test OLM installation	UNKNOWN STEP	2025-06-26T16:12:31.7860358Z #14 6.646   Installing       : sqlite-libs-3.34.1-7.el9_3.x86_64                    24/84 
Test OLM installation	UNKNOWN STEP	2025-06-26T16:12:31.7860798Z #14 6.649   Installing       : alternatives-1.24-2.el9.x86_64                       25/84 
Test OLM installation	UNKNOWN STEP	2025-06-26T16:12:31.7861207Z #14 6.654   Installing       : gmp-1:6.2.0-13.el9.x86_64                            26/84 
Test OLM installation	UNKNOWN STEP	2025-06-26T16:12:31.7861938Z #14 6.657   Installing       : libattr-2.5.1-3.el9.x86_64                           27/84 
Test OLM installation	UNKNOWN STEP	2025-06-26T16:12:31.7862728Z #14 6.659   Installing       : libacl-2.3.1-4.el9.x86_64                            28/84 
Test OLM installation	UNKNOWN STEP	2025-06-26T16:12:31.7863744Z #14 6.665   Installing       : libcap-2.48-9.el9_2.x86_64                           29/84 
Test OLM installation	UNKNOWN STEP	2025-06-26T16:12:31.7864480Z #14 6.668   Installing       : libffi-3.4.2-8.el9.x86_64                            30/84 
Test OLM installation	UNKNOWN STEP	2025-06-26T16:12:31.7865163Z #14 6.679   Installing       : p11-kit-0.25.3-3.el9_5.x86_64                        31/84 
Test OLM installation	UNKNOWN STEP	2025-06-26T16:12:31.9370178Z #14 6.684   Installing       : p11-kit-trust-0.25.3-3.el9_5.x86_64                  32/84 
Test OLM installation	UNKNOWN STEP	2025-06-26T16:12:32.0325036Z #14 6.686   Running scriptlet: p11-kit-trust-0.25.3-3.el9_5.x86_64                  32/84 
Test OLM installation	UNKNOWN STEP	2025-06-26T16:12:32.1329752Z #14 6.931   Installing       : libsigsegv-2.13-4.el9.x86_64                         33/84 
Test OLM installation	UNKNOWN STEP	2025-06-26T16:12:32.1330773Z #14 6.940   Installing       : libunistring-0.9.10-15.el9.x86_64                    34/84 
Test OLM installation	UNKNOWN STEP	2025-06-26T16:12:32.1331342Z #14 6.944   Installing       : lua-libs-5.4.4-4.el9.x86_64                          35/84 
Test OLM installation	UNKNOWN STEP	2025-06-26T16:12:32.1331861Z #14 6.948   Installing       : xz-libs-5.2.5-8.el9_0.x86_64                         36/84 
Test OLM installation	UNKNOWN STEP	2025-06-26T16:12:32.1332293Z #14 6.952   Installing       : lua-5.4.4-4.el9.x86_64                               37/84 
Test OLM installation	UNKNOWN STEP	2025-06-26T16:12:32.1332723Z #14 6.966   Installing       : lua-posix-35.0-8.el9.x86_64                          38/84 
Test OLM installation	UNKNOWN STEP	2025-06-26T16:12:32.1333150Z #14 6.972   Installing       : libidn2-2.3.0-7.el9.x86_64                           39/84 
Test OLM installation	UNKNOWN STEP	2025-06-26T16:12:32.1333564Z #14 6.977   Installing       : mpfr-4.1.0-7.el9.x86_64                              40/84 
Test OLM installation	UNKNOWN STEP	2025-06-26T16:12:32.1333960Z #14 6.993   Installing       : gawk-5.1.0-6.el9.x86_64                              41/84 
Test OLM installation	UNKNOWN STEP	2025-06-26T16:12:32.1334546Z #14 7.001   Installing       : nss-softokn-freebl-3.101.0-10.el9_2.x86_64           42/84 
Test OLM installation	UNKNOWN STEP	2025-06-26T16:12:32.1335222Z #14 7.012   Installing       : nss-softokn-3.101.0-10.el9_2.x86_64                  43/84 
Test OLM installation	UNKNOWN STEP	2025-06-26T16:12:32.1336009Z #14 7.018   Installing       : lksctp-tools-1.0.19-3.el9_4.x86_64                   44/84 
Test OLM installation	UNKNOWN STEP	2025-06-26T16:12:32.1336503Z #14 7.022   Installing       : bzip2-libs-1.0.8-10.el9_5.x86_64                     45/84 
Test OLM installation	UNKNOWN STEP	2025-06-26T16:12:32.1336974Z #14 7.026   Installing       : expat-2.5.0-5.el9_6.x86_64                           46/84 
Test OLM installation	UNKNOWN STEP	2025-06-26T16:12:32.1337488Z #14 7.029   Installing       : gdbm-libs-1:1.23-1.el9.x86_64                        47/84 
Test OLM installation	UNKNOWN STEP	2025-06-26T16:12:32.2346202Z #14 7.032   Installing       : keyutils-libs-1.6.3-1.el9.x86_64                     48/84 
Test OLM installation	UNKNOWN STEP	2025-06-26T16:12:32.2347524Z #14 7.035   Installing       : libcom_err-1.46.5-7.el9.x86_64                       49/84 
Test OLM installation	UNKNOWN STEP	2025-06-26T16:12:32.2349122Z #14 7.040   Installing       : libgpg-error-1.42-5.el9.x86_64                       50/84 
Test OLM installation	UNKNOWN STEP	2025-06-26T16:12:32.2350191Z #14 7.047   Installing       : libgcrypt-1.10.0-11.el9.x86_64                       51/84 
Test OLM installation	UNKNOWN STEP	2025-06-26T16:12:32.2350992Z #14 7.053   Installing       : libsepol-3.6-2.el9.x86_64                            52/84 
Test OLM installation	UNKNOWN STEP	2025-06-26T16:12:32.2352148Z #14 7.056   Installing       : libuuid-2.37.4-21.el9.x86_64                         53/84 
Test OLM installation	UNKNOWN STEP	2025-06-26T16:12:32.2352981Z #14 7.060   Installing       : libverto-0.3.2-3.el9.x86_64                          54/84 
Test OLM installation	UNKNOWN STEP	2025-06-26T16:12:32.2353732Z #14 7.066   Installing       : libzstd-1.5.5-1.el9.x86_64                           55/84 
Test OLM installation	UNKNOWN STEP	2025-06-26T16:12:32.2354476Z #14 7.069   Installing       : lz4-libs-1.9.3-5.el9.x86_64                          56/84 
Test OLM installation	UNKNOWN STEP	2025-06-26T16:12:32.2355221Z #14 7.076   Installing       : nettle-3.10.1-1.el9.x86_64                           57/84 
Test OLM installation	UNKNOWN STEP	2025-06-26T16:12:32.2355952Z #14 7.089   Installing       : gnutls-3.8.3-6.el9.x86_64                            58/84 
Test OLM installation	UNKNOWN STEP	2025-06-26T16:12:32.2356691Z #14 7.094   Installing       : pcre-8.44-4.el9.x86_64                               59/84 
Test OLM installation	UNKNOWN STEP	2025-06-26T16:12:32.2358534Z #14 7.099   Installing       : grep-3.6-5.el9.x86_64                                60/84 
Test OLM installation	UNKNOWN STEP	2025-06-26T16:12:32.2359292Z #14 7.105   Installing       : pcre2-10.40-6.el9.x86_64                             61/84 
Test OLM installation	UNKNOWN STEP	2025-06-26T16:12:32.2360499Z #14 7.109   Installing       : libselinux-3.6-3.el9.x86_64                          62/84 
Test OLM installation	UNKNOWN STEP	2025-06-26T16:12:32.3948434Z #14 7.133   Installing       : coreutils-single-8.32-39.el9.x86_64                  63/84 
Test OLM installation	UNKNOWN STEP	2025-06-26T16:12:32.3949243Z #14 7.140   Installing       : sed-4.8-9.el9.x86_64                                 64/84 
Test OLM installation	UNKNOWN STEP	2025-06-26T16:12:32.5078648Z #14 7.143   Running scriptlet: ca-certificates-2024.2.69_v8.0.303-91.4.el9_4.noar   65/84 
Test OLM installation	UNKNOWN STEP	2025-06-26T16:12:32.6625624Z #14 7.407   Installing       : ca-certificates-2024.2.69_v8.0.303-91.4.el9_4.noar   65/84 
Test OLM installation	UNKNOWN STEP	2025-06-26T16:12:33.5988907Z #14 7.411   Running scriptlet: ca-certificates-2024.2.69_v8.0.303-91.4.el9_4.noar   65/84 
Test OLM installation	UNKNOWN STEP	2025-06-26T16:12:33.8101302Z #14 8.498   Installing       : python3-pip-wheel-21.3.1-1.el9.noarch                66/84 
Test OLM installation	UNKNOWN STEP	2025-06-26T16:12:33.8110940Z #14 8.505   Installing       : openssl-fips-provider-so-3.0.7-6.el9_5.x86_64        67/84 
Test OLM installation	UNKNOWN STEP	2025-06-26T16:12:33.8111891Z #14 8.507   Installing       : openssl-fips-provider-3.0.7-6.el9_5.x86_64           68/84 
Test OLM installation	UNKNOWN STEP	2025-06-26T16:12:33.8112735Z #14 8.531   Installing       : openssl-libs-1:3.2.2-6.el9_5.1.x86_64                69/84 
Test OLM installation	UNKNOWN STEP	2025-06-26T16:12:33.8113540Z #14 8.547   Installing       : krb5-libs-1.21.1-8.el9_6.x86_64                      70/84 
Test OLM installation	UNKNOWN STEP	2025-06-26T16:12:33.8114269Z #14 8.555   Installing       : libevent-2.1.12-8.el9_4.x86_64                       71/84 
Test OLM installation	UNKNOWN STEP	2025-06-26T16:12:34.0020328Z #14 8.558   Installing       : python3-3.9.21-2.el9.x86_64                          72/84 
Test OLM installation	UNKNOWN STEP	2025-06-26T16:12:34.1891057Z #14 8.901   Installing       : python3-libs-3.9.21-2.el9.x86_64                     73/84 
Test OLM installation	UNKNOWN STEP	2025-06-26T16:12:34.1891797Z #14 8.922   Installing       : crypto-policies-scripts-20250128-1.git5269e22.el9.   74/84 
Test OLM installation	UNKNOWN STEP	2025-06-26T16:12:34.1892288Z #14 8.925   Installing       : nss-sysinit-3.101.0-10.el9_2.x86_64                  75/84 
Test OLM installation	UNKNOWN STEP	2025-06-26T16:12:34.1892743Z #14 8.936   Installing       : nss-3.101.0-10.el9_2.x86_64                          76/84 
Test OLM installation	UNKNOWN STEP	2025-06-26T16:12:34.2897895Z #14 8.937   Running scriptlet: nss-3.101.0-10.el9_2.x86_64                          76/84 
Test OLM installation	UNKNOWN STEP	2025-06-26T16:12:34.4430356Z #14 9.189   Installing       : systemd-libs-252-51.el9_6.1.x86_64                   77/84 
Test OLM installation	UNKNOWN STEP	2025-06-26T16:12:34.5463170Z #14 9.191   Running scriptlet: systemd-libs-252-51.el9_6.1.x86_64                   77/84 
Test OLM installation	UNKNOWN STEP	2025-06-26T16:12:34.7344307Z #14 9.445   Installing       : dbus-libs-1:1.12.20-8.el9.x86_64                     78/84 
Test OLM installation	UNKNOWN STEP	2025-06-26T16:12:34.7346726Z #14 9.450   Installing       : avahi-libs-0.8-22.el9_6.x86_64                       79/84 
Test OLM installation	UNKNOWN STEP	2025-06-26T16:12:34.7348226Z #14 9.455   Installing       : cups-libs-1:2.3.3op2-33.el9.x86_64                   80/84 
Test OLM installation	UNKNOWN STEP	2025-06-26T16:12:34.7349480Z #14 9.462   Installing       : findutils-1:4.8.0-7.el9.x86_64                       81/84 
Test OLM installation	UNKNOWN STEP	2025-06-26T16:12:34.7350458Z #14 9.465   Installing       : copy-jdk-configs-4.0-3.el9.noarch                    82/84 
Test OLM installation	UNKNOWN STEP	2025-06-26T16:12:35.4409278Z #14 9.482   Installing       : alsa-lib-1.2.13-2.el9.x86_64                         83/84 
Test OLM installation	UNKNOWN STEP	2025-06-26T16:12:35.5964776Z #14 10.34   Installing       : java-21-openjdk-headless-1:21.0.7.0.6-1.el9.x86_64   84/84 
Test OLM installation	UNKNOWN STEP	2025-06-26T16:12:35.6991366Z #14 10.34   Running scriptlet: java-21-openjdk-headless-1:21.0.7.0.6-1.el9.x86_64   84/84 
Test OLM installation	UNKNOWN STEP	2025-06-26T16:12:35.9441545Z #14 10.60   Running scriptlet: filesystem-3.16-5.el9.x86_64                         84/84 
Test OLM installation	UNKNOWN STEP	2025-06-26T16:12:37.0367312Z #14 10.84   Running scriptlet: ca-certificates-2024.2.69_v8.0.303-91.4.el9_4.noar   84/84 
Test OLM installation	UNKNOWN STEP	2025-06-26T16:12:37.6144257Z #14 11.94   Running scriptlet: crypto-policies-scripts-20250128-1.git5269e22.el9.   84/84 
Test OLM installation	UNKNOWN STEP	2025-06-26T16:12:38.1884078Z #14 12.51   Running scriptlet: nss-3.101.0-10.el9_2.x86_64                          84/84 
Test OLM installation	UNKNOWN STEP	2025-06-26T16:12:38.4331099Z #14 13.09   Running scriptlet: copy-jdk-configs-4.0-3.el9.noarch                    84/84 
Test OLM installation	UNKNOWN STEP	2025-06-26T16:12:38.9680364Z #14 13.33   Running scriptlet: java-21-openjdk-headless-1:21.0.7.0.6-1.el9.x86_64   84/84 
Test OLM installation	UNKNOWN STEP	2025-06-26T16:12:39.1551076Z #14 13.87   Verifying        : alternatives-1.24-2.el9.x86_64                        1/84 
Test OLM installation	UNKNOWN STEP	2025-06-26T16:12:39.1551853Z #14 13.87   Verifying        : avahi-libs-0.8-22.el9_6.x86_64                        2/84 
Test OLM installation	UNKNOWN STEP	2025-06-26T16:12:39.1552312Z #14 13.87   Verifying        : basesystem-11-13.el9.noarch                           3/84 
Test OLM installation	UNKNOWN STEP	2025-06-26T16:12:39.1552731Z #14 13.87   Verifying        : bash-5.1.8-9.el9.x86_64                               4/84 
Test OLM installation	UNKNOWN STEP	2025-06-26T16:12:39.1553133Z #14 13.87   Verifying        : bzip2-libs-1.0.8-10.el9_5.x86_64                      5/84 
Test OLM installation	UNKNOWN STEP	2025-06-26T16:12:39.1553561Z #14 13.87   Verifying        : ca-certificates-2024.2.69_v8.0.303-91.4.el9_4.noar    6/84 
Test OLM installation	UNKNOWN STEP	2025-06-26T16:12:39.1554000Z #14 13.87   Verifying        : coreutils-single-8.32-39.el9.x86_64                   7/84 
Test OLM installation	UNKNOWN STEP	2025-06-26T16:12:39.1554450Z #14 13.87   Verifying        : crypto-policies-20250128-1.git5269e22.el9.noarch      8/84 
Test OLM installation	UNKNOWN STEP	2025-06-26T16:12:39.1555106Z #14 13.87   Verifying        : crypto-policies-scripts-20250128-1.git5269e22.el9.    9/84 
Test OLM installation	UNKNOWN STEP	2025-06-26T16:12:39.1555553Z #14 13.87   Verifying        : cups-libs-1:2.3.3op2-33.el9.x86_64                   10/84 
Test OLM installation	UNKNOWN STEP	2025-06-26T16:12:39.1555953Z #14 13.87   Verifying        : dbus-libs-1:1.12.20-8.el9.x86_64                     11/84 
Test OLM installation	UNKNOWN STEP	2025-06-26T16:12:39.1556340Z #14 13.87   Verifying        : expat-2.5.0-5.el9_6.x86_64                           12/84 
Test OLM installation	UNKNOWN STEP	2025-06-26T16:12:39.1556737Z #14 13.87   Verifying        : filesystem-3.16-5.el9.x86_64                         13/84 
Test OLM installation	UNKNOWN STEP	2025-06-26T16:12:39.1557132Z #14 13.87   Verifying        : findutils-1:4.8.0-7.el9.x86_64                       14/84 
Test OLM installation	UNKNOWN STEP	2025-06-26T16:12:39.1557517Z #14 13.87   Verifying        : gawk-5.1.0-6.el9.x86_64                              15/84 
Test OLM installation	UNKNOWN STEP	2025-06-26T16:12:39.1557901Z #14 13.87   Verifying        : gdbm-libs-1:1.23-1.el9.x86_64                        16/84 
Test OLM installation	UNKNOWN STEP	2025-06-26T16:12:39.1558294Z #14 13.87   Verifying        : glibc-2.34-168.el9_6.19.x86_64                       17/84 
Test OLM installation	UNKNOWN STEP	2025-06-26T16:12:39.1558685Z #14 13.87   Verifying        : glibc-common-2.34-168.el9_6.19.x86_64                18/84 
Test OLM installation	UNKNOWN STEP	2025-06-26T16:12:39.1559099Z #14 13.87   Verifying        : glibc-langpack-en-2.34-168.el9_6.19.x86_64           19/84 
Test OLM installation	UNKNOWN STEP	2025-06-26T16:12:39.1559498Z #14 13.87   Verifying        : gmp-1:6.2.0-13.el9.x86_64                            20/84 
Test OLM installation	UNKNOWN STEP	2025-06-26T16:12:39.1559878Z #14 13.87   Verifying        : gnutls-3.8.3-6.el9.x86_64                            21/84 
Test OLM installation	UNKNOWN STEP	2025-06-26T16:12:39.1560599Z #14 13.87   Verifying        : grep-3.6-5.el9.x86_64                                22/84 
Test OLM installation	UNKNOWN STEP	2025-06-26T16:12:39.1560998Z #14 13.87   Verifying        : keyutils-libs-1.6.3-1.el9.x86_64                     23/84 
Test OLM installation	UNKNOWN STEP	2025-06-26T16:12:39.1561398Z #14 13.87   Verifying        : krb5-libs-1.21.1-8.el9_6.x86_64                      24/84 
Test OLM installation	UNKNOWN STEP	2025-06-26T16:12:39.1561780Z #14 13.87   Verifying        : libacl-2.3.1-4.el9.x86_64                            25/84 
Test OLM installation	UNKNOWN STEP	2025-06-26T16:12:39.1562376Z #14 13.87   Verifying        : libattr-2.5.1-3.el9.x86_64                           26/84 
Test OLM installation	UNKNOWN STEP	2025-06-26T16:12:39.1562768Z #14 13.87   Verifying        : libcap-2.48-9.el9_2.x86_64                           27/84 
Test OLM installation	UNKNOWN STEP	2025-06-26T16:12:39.1563166Z #14 13.87   Verifying        : libcom_err-1.46.5-7.el9.x86_64                       28/84 
Test OLM installation	UNKNOWN STEP	2025-06-26T16:12:39.1563568Z #14 13.87   Verifying        : libevent-2.1.12-8.el9_4.x86_64                       29/84 
Test OLM installation	UNKNOWN STEP	2025-06-26T16:12:39.1563965Z #14 13.87   Verifying        : libffi-3.4.2-8.el9.x86_64                            30/84 
Test OLM installation	UNKNOWN STEP	2025-06-26T16:12:39.1564352Z #14 13.87   Verifying        : libgcc-11.5.0-5.el9_5.x86_64                         31/84 
Test OLM installation	UNKNOWN STEP	2025-06-26T16:12:39.1564748Z #14 13.87   Verifying        : libgcrypt-1.10.0-11.el9.x86_64                       32/84 
Test OLM installation	UNKNOWN STEP	2025-06-26T16:12:39.1565147Z #14 13.87   Verifying        : libgpg-error-1.42-5.el9.x86_64                       33/84 
Test OLM installation	UNKNOWN STEP	2025-06-26T16:12:39.1565547Z #14 13.87   Verifying        : libidn2-2.3.0-7.el9.x86_64                           34/84 
Test OLM installation	UNKNOWN STEP	2025-06-26T16:12:39.1566058Z #14 13.87   Verifying        : libselinux-3.6-3.el9.x86_64                          35/84 
Test OLM installation	UNKNOWN STEP	2025-06-26T16:12:39.1566463Z #14 13.87   Verifying        : libsepol-3.6-2.el9.x86_64                            36/84 
Test OLM installation	UNKNOWN STEP	2025-06-26T16:12:39.1566858Z #14 13.87   Verifying        : libsigsegv-2.13-4.el9.x86_64                         37/84 
Test OLM installation	UNKNOWN STEP	2025-06-26T16:12:39.1567256Z #14 13.87   Verifying        : libtasn1-4.16.0-9.el9.x86_64                         38/84 
Test OLM installation	UNKNOWN STEP	2025-06-26T16:12:39.1567657Z #14 13.87   Verifying        : libunistring-0.9.10-15.el9.x86_64                    39/84 
Test OLM installation	UNKNOWN STEP	2025-06-26T16:12:39.1568054Z #14 13.87   Verifying        : libuuid-2.37.4-21.el9.x86_64                         40/84 
Test OLM installation	UNKNOWN STEP	2025-06-26T16:12:39.1568448Z #14 13.87   Verifying        : libverto-0.3.2-3.el9.x86_64                          41/84 
Test OLM installation	UNKNOWN STEP	2025-06-26T16:12:39.1568847Z #14 13.87   Verifying        : libxcrypt-4.4.18-3.el9.x86_64                        42/84 
Test OLM installation	UNKNOWN STEP	2025-06-26T16:12:39.1569246Z #14 13.87   Verifying        : libzstd-1.5.5-1.el9.x86_64                           43/84 
Test OLM installation	UNKNOWN STEP	2025-06-26T16:12:39.1569641Z #14 13.87   Verifying        : lksctp-tools-1.0.19-3.el9_4.x86_64                   44/84 
Test OLM installation	UNKNOWN STEP	2025-06-26T16:12:39.1570398Z #14 13.87   Verifying        : lua-libs-5.4.4-4.el9.x86_64                          45/84 
Test OLM installation	UNKNOWN STEP	2025-06-26T16:12:39.1570786Z #14 13.87   Verifying        : lz4-libs-1.9.3-5.el9.x86_64                          46/84 
Test OLM installation	UNKNOWN STEP	2025-06-26T16:12:39.1571169Z #14 13.87   Verifying        : mpfr-4.1.0-7.el9.x86_64                              47/84 
Test OLM installation	UNKNOWN STEP	2025-06-26T16:12:39.1571560Z #14 13.87   Verifying        : ncurses-base-6.2-10.20210508.el9.noarch              48/84 
Test OLM installation	UNKNOWN STEP	2025-06-26T16:12:39.1571981Z #14 13.87   Verifying        : ncurses-libs-6.2-10.20210508.el9.x86_64              49/84 
Test OLM installation	UNKNOWN STEP	2025-06-26T16:12:39.1572376Z #14 13.87   Verifying        : nettle-3.10.1-1.el9.x86_64                           50/84 
Test OLM installation	UNKNOWN STEP	2025-06-26T16:12:39.1572785Z #14 13.87   Verifying        : openssl-fips-provider-3.0.7-6.el9_5.x86_64           51/84 
Test OLM installation	UNKNOWN STEP	2025-06-26T16:12:39.1573214Z #14 13.87   Verifying        : openssl-fips-provider-so-3.0.7-6.el9_5.x86_64        52/84 
Test OLM installation	UNKNOWN STEP	2025-06-26T16:12:39.1573630Z #14 13.87   Verifying        : openssl-libs-1:3.2.2-6.el9_5.1.x86_64                53/84 
Test OLM installation	UNKNOWN STEP	2025-06-26T16:12:39.1574022Z #14 13.87   Verifying        : p11-kit-0.25.3-3.el9_5.x86_64                        54/84 
Test OLM installation	UNKNOWN STEP	2025-06-26T16:12:39.1574405Z #14 13.87   Verifying        : p11-kit-trust-0.25.3-3.el9_5.x86_64                  55/84 
Test OLM installation	UNKNOWN STEP	2025-06-26T16:12:39.1574794Z #14 13.87   Verifying        : pcre-8.44-4.el9.x86_64                               56/84 
Test OLM installation	UNKNOWN STEP	2025-06-26T16:12:39.1575173Z #14 13.87   Verifying        : pcre2-10.40-6.el9.x86_64                             57/84 
Test OLM installation	UNKNOWN STEP	2025-06-26T16:12:39.1575629Z #14 13.87   Verifying        : pcre2-syntax-10.40-6.el9.noarch                      58/84 
Test OLM installation	UNKNOWN STEP	2025-06-26T16:12:39.1576187Z #14 13.87   Verifying        : python3-3.9.21-2.el9.x86_64                          59/84 
Test OLM installation	UNKNOWN STEP	2025-06-26T16:12:39.1576747Z #14 13.87   Verifying        : python3-libs-3.9.21-2.el9.x86_64                     60/84 
Test OLM installation	UNKNOWN STEP	2025-06-26T16:12:39.1577193Z #14 13.87   Verifying        : python3-pip-wheel-21.3.1-1.el9.noarch                61/84 
Test OLM installation	UNKNOWN STEP	2025-06-26T16:12:39.1577646Z #14 13.87   Verifying        : python3-setuptools-wheel-53.0.0-13.el9.noarch        62/84 
Test OLM installation	UNKNOWN STEP	2025-06-26T16:12:39.1578064Z #14 13.87   Verifying        : readline-8.1-4.el9.x86_64                            63/84 
Test OLM installation	UNKNOWN STEP	2025-06-26T16:12:39.1578468Z #14 13.87   Verifying        : redhat-release-9.6-0.1.el9.x86_64                    64/84 
Test OLM installation	UNKNOWN STEP	2025-06-26T16:12:39.1578860Z #14 13.87   Verifying        : sed-4.8-9.el9.x86_64                                 65/84 
Test OLM installation	UNKNOWN STEP	2025-06-26T16:12:39.1579239Z #14 13.87   Verifying        : setup-2.13.7-10.el9.noarch                           66/84 
Test OLM installation	UNKNOWN STEP	2025-06-26T16:12:39.1579627Z #14 13.87   Verifying        : sqlite-libs-3.34.1-7.el9_3.x86_64                    67/84 
Test OLM installation	UNKNOWN STEP	2025-06-26T16:12:39.1580352Z #14 13.87   Verifying        : systemd-libs-252-51.el9_6.1.x86_64                   68/84 
Test OLM installation	UNKNOWN STEP	2025-06-26T16:12:39.1580951Z #14 13.87   Verifying        : tzdata-2025b-1.el9.noarch                            69/84 
Test OLM installation	UNKNOWN STEP	2025-06-26T16:12:39.1581350Z #14 13.87   Verifying        : xz-libs-5.2.5-8.el9_0.x86_64                         70/84 
Test OLM installation	UNKNOWN STEP	2025-06-26T16:12:39.1581736Z #14 13.87   Verifying        : zlib-1.2.11-40.el9.x86_64                            71/84 
Test OLM installation	UNKNOWN STEP	2025-06-26T16:12:39.1582145Z #14 13.87   Verifying        : copy-jdk-configs-4.0-3.el9.noarch                    72/84 
Test OLM installation	UNKNOWN STEP	2025-06-26T16:12:39.1582544Z #14 13.87   Verifying        : lua-5.4.4-4.el9.x86_64                               73/84 
Test OLM installation	UNKNOWN STEP	2025-06-26T16:12:39.1582922Z #14 13.87   Verifying        : lua-posix-35.0-8.el9.x86_64                          74/84 
Test OLM installation	UNKNOWN STEP	2025-06-26T16:12:39.1583314Z #14 13.87   Verifying        : alsa-lib-1.2.13-2.el9.x86_64                         75/84 
Test OLM installation	UNKNOWN STEP	2025-06-26T16:12:39.1583710Z #14 13.87   Verifying        : java-21-openjdk-headless-1:21.0.7.0.6-1.el9.x86_64   76/84 
Test OLM installation	UNKNOWN STEP	2025-06-26T16:12:39.1584355Z #14 13.87   Verifying        : javapackages-filesystem-6.4.0-1.el9.noarch           77/84 
Test OLM installation	UNKNOWN STEP	2025-06-26T16:12:39.1584844Z #14 13.87   Verifying        : nspr-4.35.0-17.el9_2.x86_64                          78/84 
Test OLM installation	UNKNOWN STEP	2025-06-26T16:12:39.1585222Z #14 13.87   Verifying        : nss-3.101.0-10.el9_2.x86_64                          79/84 
Test OLM installation	UNKNOWN STEP	2025-06-26T16:12:39.1585611Z #14 13.87   Verifying        : nss-softokn-3.101.0-10.el9_2.x86_64                  80/84 
Test OLM installation	UNKNOWN STEP	2025-06-26T16:12:39.1586022Z #14 13.87   Verifying        : nss-softokn-freebl-3.101.0-10.el9_2.x86_64           81/84 
Test OLM installation	UNKNOWN STEP	2025-06-26T16:12:39.1586424Z #14 13.87   Verifying        : nss-sysinit-3.101.0-10.el9_2.x86_64                  82/84 
Test OLM installation	UNKNOWN STEP	2025-06-26T16:12:39.1586819Z #14 13.87   Verifying        : nss-util-3.101.0-10.el9_2.x86_64                     83/84 
Test OLM installation	UNKNOWN STEP	2025-06-26T16:12:39.1587222Z #14 13.87   Verifying        : tzdata-java-2025b-1.el9.noarch                       84/84 
Test OLM installation	UNKNOWN STEP	2025-06-26T16:12:39.1587558Z #14 13.94 Installed products updated.
Test OLM installation	UNKNOWN STEP	2025-06-26T16:12:39.1587791Z #14 13.95 
Test OLM installation	UNKNOWN STEP	2025-06-26T16:12:39.1587947Z #14 13.95 Installed:
Test OLM installation	UNKNOWN STEP	2025-06-26T16:12:39.1588218Z #14 13.95   alsa-lib-1.2.13-2.el9.x86_64                                                  
Test OLM installation	UNKNOWN STEP	2025-06-26T16:12:39.1588619Z #14 13.95   alternatives-1.24-2.el9.x86_64                                                
Test OLM installation	UNKNOWN STEP	2025-06-26T16:12:39.1589016Z #14 13.95   avahi-libs-0.8-22.el9_6.x86_64                                                
Test OLM installation	UNKNOWN STEP	2025-06-26T16:12:39.1589411Z #14 13.95   basesystem-11-13.el9.noarch                                                   
Test OLM installation	UNKNOWN STEP	2025-06-26T16:12:39.1589785Z #14 13.95   bash-5.1.8-9.el9.x86_64                                                       
Test OLM installation	UNKNOWN STEP	2025-06-26T16:12:39.1590531Z #14 13.95   bzip2-libs-1.0.8-10.el9_5.x86_64                                              
Test OLM installation	UNKNOWN STEP	2025-06-26T16:12:39.1590948Z #14 13.95   ca-certificates-2024.2.69_v8.0.303-91.4.el9_4.noarch                          
Test OLM installation	UNKNOWN STEP	2025-06-26T16:12:39.1591378Z #14 13.95   copy-jdk-configs-4.0-3.el9.noarch                                             
Test OLM installation	UNKNOWN STEP	2025-06-26T16:12:39.1591958Z #14 13.95   coreutils-single-8.32-39.el9.x86_64                                           
Test OLM installation	UNKNOWN STEP	2025-06-26T16:12:39.1592415Z #14 13.95   crypto-policies-20250128-1.git5269e22.el9.noarch                              
Test OLM installation	UNKNOWN STEP	2025-06-26T16:12:39.1592901Z #14 13.95   crypto-policies-scripts-20250128-1.git5269e22.el9.noarch                      
Test OLM installation	UNKNOWN STEP	2025-06-26T16:12:39.1593349Z #14 13.95   cups-libs-1:2.3.3op2-33.el9.x86_64                                            
Test OLM installation	UNKNOWN STEP	2025-06-26T16:12:39.1593729Z #14 13.95   dbus-libs-1:1.12.20-8.el9.x86_64                                              
Test OLM installation	UNKNOWN STEP	2025-06-26T16:12:39.1594093Z #14 13.95   expat-2.5.0-5.el9_6.x86_64                                                    
Test OLM installation	UNKNOWN STEP	2025-06-26T16:12:39.1594463Z #14 13.95   filesystem-3.16-5.el9.x86_64                                                  
Test OLM installation	UNKNOWN STEP	2025-06-26T16:12:39.1594840Z #14 13.95   findutils-1:4.8.0-7.el9.x86_64                                                
Test OLM installation	UNKNOWN STEP	2025-06-26T16:12:39.1595486Z #14 13.95   gawk-5.1.0-6.el9.x86_64                                                       
Test OLM installation	UNKNOWN STEP	2025-06-26T16:12:39.1596015Z #14 13.95   gdbm-libs-1:1.23-1.el9.x86_64                                                 
Test OLM installation	UNKNOWN STEP	2025-06-26T16:12:39.1596394Z #14 13.95   glibc-2.34-168.el9_6.19.x86_64                                                
Test OLM installation	UNKNOWN STEP	2025-06-26T16:12:39.1596780Z #14 13.95   glibc-common-2.34-168.el9_6.19.x86_64                                         
Test OLM installation	UNKNOWN STEP	2025-06-26T16:12:39.1597197Z #14 13.95   glibc-langpack-en-2.34-168.el9_6.19.x86_64                                    
Test OLM installation	UNKNOWN STEP	2025-06-26T16:12:39.1597584Z #14 13.95   gmp-1:6.2.0-13.el9.x86_64                                                     
Test OLM installation	UNKNOWN STEP	2025-06-26T16:12:39.1597934Z #14 13.95   gnutls-3.8.3-6.el9.x86_64                                                     
Test OLM installation	UNKNOWN STEP	2025-06-26T16:12:39.1598280Z #14 13.95   grep-3.6-5.el9.x86_64                                                         
Test OLM installation	UNKNOWN STEP	2025-06-26T16:12:39.1598672Z #14 13.95   java-21-openjdk-headless-1:21.0.7.0.6-1.el9.x86_64                            
Test OLM installation	UNKNOWN STEP	2025-06-26T16:12:39.1599131Z #14 13.95   javapackages-filesystem-6.4.0-1.el9.noarch                                    
Test OLM installation	UNKNOWN STEP	2025-06-26T16:12:39.1599567Z #14 13.95   keyutils-libs-1.6.3-1.el9.x86_64                                              
Test OLM installation	UNKNOWN STEP	2025-06-26T16:12:39.1600164Z #14 13.95   krb5-libs-1.21.1-8.el9_6.x86_64                                               
Test OLM installation	UNKNOWN STEP	2025-06-26T16:12:39.1600629Z #14 13.95   libacl-2.3.1-4.el9.x86_64                                                     
Test OLM installation	UNKNOWN STEP	2025-06-26T16:12:39.1600994Z #14 13.95   libattr-2.5.1-3.el9.x86_64                                                    
Test OLM installation	UNKNOWN STEP	2025-06-26T16:12:39.1601358Z #14 13.95   libcap-2.48-9.el9_2.x86_64                                                    
Test OLM installation	UNKNOWN STEP	2025-06-26T16:12:39.1601718Z #14 13.95   libcom_err-1.46.5-7.el9.x86_64                                                
Test OLM installation	UNKNOWN STEP	2025-06-26T16:12:39.1602090Z #14 13.95   libevent-2.1.12-8.el9_4.x86_64                                                
Test OLM installation	UNKNOWN STEP	2025-06-26T16:12:39.1602461Z #14 13.95   libffi-3.4.2-8.el9.x86_64                                                     
Test OLM installation	UNKNOWN STEP	2025-06-26T16:12:39.1602822Z #14 13.95   libgcc-11.5.0-5.el9_5.x86_64                                                  
Test OLM installation	UNKNOWN STEP	2025-06-26T16:12:39.1603201Z #14 13.95   libgcrypt-1.10.0-11.el9.x86_64                                                
Test OLM installation	UNKNOWN STEP	2025-06-26T16:12:39.1603593Z #14 13.95   libgpg-error-1.42-5.el9.x86_64                                                
Test OLM installation	UNKNOWN STEP	2025-06-26T16:12:39.1603975Z #14 13.95   libidn2-2.3.0-7.el9.x86_64                                                    
Test OLM installation	UNKNOWN STEP	2025-06-26T16:12:39.1604377Z #14 13.95   libselinux-3.6-3.el9.x86_64                                                   
Test OLM installation	UNKNOWN STEP	2025-06-26T16:12:39.1604753Z #14 13.95   libsepol-3.6-2.el9.x86_64                                                     
Test OLM installation	UNKNOWN STEP	2025-06-26T16:12:39.1605128Z #14 13.95   libsigsegv-2.13-4.el9.x86_64                                                  
Test OLM installation	UNKNOWN STEP	2025-06-26T16:12:39.1605527Z #14 13.95   libtasn1-4.16.0-9.el9.x86_64                                                  
Test OLM installation	UNKNOWN STEP	2025-06-26T16:12:39.1606083Z #14 13.95   libunistring-0.9.10-15.el9.x86_64                                             
Test OLM installation	UNKNOWN STEP	2025-06-26T16:12:39.1606477Z #14 13.95   libuuid-2.37.4-21.el9.x86_64                                                  
Test OLM installation	UNKNOWN STEP	2025-06-26T16:12:39.1606847Z #14 13.95   libverto-0.3.2-3.el9.x86_64                                                   
Test OLM installation	UNKNOWN STEP	2025-06-26T16:12:39.1607224Z #14 13.95   libxcrypt-4.4.18-3.el9.x86_64                                                 
Test OLM installation	UNKNOWN STEP	2025-06-26T16:12:39.1607596Z #14 13.95   libzstd-1.5.5-1.el9.x86_64                                                    
Test OLM installation	UNKNOWN STEP	2025-06-26T16:12:39.1607978Z #14 13.95   lksctp-tools-1.0.19-3.el9_4.x86_64                                            
Test OLM installation	UNKNOWN STEP	2025-06-26T16:12:39.1608340Z #14 13.95   lua-5.4.4-4.el9.x86_64                                                        
Test OLM installation	UNKNOWN STEP	2025-06-26T16:12:39.1608693Z #14 13.95   lua-libs-5.4.4-4.el9.x86_64                                                   
Test OLM installation	UNKNOWN STEP	2025-06-26T16:12:39.1609064Z #14 13.95   lua-posix-35.0-8.el9.x86_64                                                   
Test OLM installation	UNKNOWN STEP	2025-06-26T16:12:39.1609535Z #14 13.95   lz4-libs-1.9.3-5.el9.x86_64                                                   
Test OLM installation	UNKNOWN STEP	2025-06-26T16:12:39.1609893Z #14 13.95   mpfr-4.1.0-7.el9.x86_64                                                       
Test OLM installation	UNKNOWN STEP	2025-06-26T16:12:39.1610405Z #14 13.95   ncurses-base-6.2-10.20210508.el9.noarch                                       
Test OLM installation	UNKNOWN STEP	2025-06-26T16:12:39.1610834Z #14 13.95   ncurses-libs-6.2-10.20210508.el9.x86_64                                       
Test OLM installation	UNKNOWN STEP	2025-06-26T16:12:39.1611223Z #14 13.95   nettle-3.10.1-1.el9.x86_64                                                    
Test OLM installation	UNKNOWN STEP	2025-06-26T16:12:39.1611584Z #14 13.95   nspr-4.35.0-17.el9_2.x86_64                                                   
Test OLM installation	UNKNOWN STEP	2025-06-26T16:12:39.1611938Z #14 13.95   nss-3.101.0-10.el9_2.x86_64                                                   
Test OLM installation	UNKNOWN STEP	2025-06-26T16:12:39.1612312Z #14 13.95   nss-softokn-3.101.0-10.el9_2.x86_64                                           
Test OLM installation	UNKNOWN STEP	2025-06-26T16:12:39.1612724Z #14 13.95   nss-softokn-freebl-3.101.0-10.el9_2.x86_64                                    
Test OLM installation	UNKNOWN STEP	2025-06-26T16:12:39.1613140Z #14 13.95   nss-sysinit-3.101.0-10.el9_2.x86_64                                           
Test OLM installation	UNKNOWN STEP	2025-06-26T16:12:39.1613525Z #14 13.95   nss-util-3.101.0-10.el9_2.x86_64                                              
Test OLM installation	UNKNOWN STEP	2025-06-26T16:12:39.1613936Z #14 13.95   openssl-fips-provider-3.0.7-6.el9_5.x86_64                                    
Test OLM installation	UNKNOWN STEP	2025-06-26T16:12:39.1614381Z #14 13.95   openssl-fips-provider-so-3.0.7-6.el9_5.x86_64                                 
Test OLM installation	UNKNOWN STEP	2025-06-26T16:12:39.1614806Z #14 13.95   openssl-libs-1:3.2.2-6.el9_5.1.x86_64                                         
Test OLM installation	UNKNOWN STEP	2025-06-26T16:12:39.1615182Z #14 13.95   p11-kit-0.25.3-3.el9_5.x86_64                                                 
Test OLM installation	UNKNOWN STEP	2025-06-26T16:12:39.1615556Z #14 13.95   p11-kit-trust-0.25.3-3.el9_5.x86_64                                           
Test OLM installation	UNKNOWN STEP	2025-06-26T16:12:39.1615925Z #14 13.95   pcre-8.44-4.el9.x86_64                                                        
Test OLM installation	UNKNOWN STEP	2025-06-26T16:12:39.1616285Z #14 13.95   pcre2-10.40-6.el9.x86_64                                                      
Test OLM installation	UNKNOWN STEP	2025-06-26T16:12:39.1616669Z #14 13.95   pcre2-syntax-10.40-6.el9.noarch                                               
Test OLM installation	UNKNOWN STEP	2025-06-26T16:12:39.1617053Z #14 13.95   python3-3.9.21-2.el9.x86_64                                                   
Test OLM installation	UNKNOWN STEP	2025-06-26T16:12:39.1617432Z #14 13.95   python3-libs-3.9.21-2.el9.x86_64                                              
Test OLM installation	UNKNOWN STEP	2025-06-26T16:12:39.1617846Z #14 13.95   python3-pip-wheel-21.3.1-1.el9.noarch                                         
Test OLM installation	UNKNOWN STEP	2025-06-26T16:12:39.1618320Z #14 13.95   python3-setuptools-wheel-53.0.0-13.el9.noarch                                 
Test OLM installation	UNKNOWN STEP	2025-06-26T16:12:39.1618736Z #14 13.95   readline-8.1-4.el9.x86_64                                                     
Test OLM installation	UNKNOWN STEP	2025-06-26T16:12:39.1619128Z #14 13.95   redhat-release-9.6-0.1.el9.x86_64                                             
Test OLM installation	UNKNOWN STEP	2025-06-26T16:12:39.1619617Z #14 13.95   sed-4.8-9.el9.x86_64                                                          
Test OLM installation	UNKNOWN STEP	2025-06-26T16:12:39.1620087Z #14 13.95   setup-2.13.7-10.el9.noarch                                                    
Test OLM installation	UNKNOWN STEP	2025-06-26T16:12:39.1620472Z #14 13.95   sqlite-libs-3.34.1-7.el9_3.x86_64                                             
Test OLM installation	UNKNOWN STEP	2025-06-26T16:12:39.1620868Z #14 13.95   systemd-libs-252-51.el9_6.1.x86_64                                            
Test OLM installation	UNKNOWN STEP	2025-06-26T16:12:39.1621268Z #14 13.95   tzdata-2025b-1.el9.noarch                                                     
Test OLM installation	UNKNOWN STEP	2025-06-26T16:12:39.1621670Z #14 13.95   tzdata-java-2025b-1.el9.noarch                                                
Test OLM installation	UNKNOWN STEP	2025-06-26T16:12:39.1622055Z #14 13.95   xz-libs-5.2.5-8.el9_0.x86_64                                                  
Test OLM installation	UNKNOWN STEP	2025-06-26T16:12:39.1622415Z #14 13.95   zlib-1.2.11-40.el9.x86_64                                                     
Test OLM installation	UNKNOWN STEP	2025-06-26T16:12:39.1622696Z #14 13.95 
Test OLM installation	UNKNOWN STEP	2025-06-26T16:12:39.1622854Z #14 13.95 Complete!
Test OLM installation	UNKNOWN STEP	2025-06-26T16:12:39.1623082Z #14 14.05 + dnf --installroot /tmp/null/rootfs clean all
Test OLM installation	UNKNOWN STEP	2025-06-26T16:12:39.3819574Z #14 14.28 Updating Subscription Management repositories.
Test OLM installation	UNKNOWN STEP	2025-06-26T16:12:39.5802650Z #14 14.28 Unable to read consumer identity
Test OLM installation	UNKNOWN STEP	2025-06-26T16:12:39.5803127Z #14 14.28 
Test OLM installation	UNKNOWN STEP	2025-06-26T16:12:39.5803657Z #14 14.28 This system is not registered with an entitlement server. You can use subscription-manager to register.
Test OLM installation	UNKNOWN STEP	2025-06-26T16:12:39.5804189Z #14 14.28 
Test OLM installation	UNKNOWN STEP	2025-06-26T16:12:39.5804388Z #14 14.29 26 files removed
Test OLM installation	UNKNOWN STEP	2025-06-26T16:12:39.5805548Z #14 14.33 + rm -rf /tmp/null/rootfs/var/cache/bpf /tmp/null/rootfs/var/cache/dnf /tmp/null/rootfs/var/cache/ldconfig /tmp/null/rootfs/var/log/dnf.librepo.log /tmp/null/rootfs/var/log/dnf.log /tmp/null/rootfs/var/log/dnf.rpm.log '/tmp/null/rootfs/var/log/yum.*'
Test OLM installation	UNKNOWN STEP	2025-06-26T16:12:39.5806758Z #14 14.33 ==> Building dependency tree
Test OLM installation	UNKNOWN STEP	2025-06-26T16:12:39.8136925Z #14 14.71 ==> 42 packages to erase:
Test OLM installation	UNKNOWN STEP	2025-06-26T16:12:39.9688514Z #14 14.71 alsa-lib
Test OLM installation	UNKNOWN STEP	2025-06-26T16:12:39.9689187Z #14 14.71 avahi-libs
Test OLM installation	UNKNOWN STEP	2025-06-26T16:12:39.9689629Z #14 14.71 bzip2-libs
Test OLM installation	UNKNOWN STEP	2025-06-26T16:12:39.9690143Z #14 14.71 copy-jdk-configs
Test OLM installation	UNKNOWN STEP	2025-06-26T16:12:39.9690525Z #14 14.71 cups-libs
Test OLM installation	UNKNOWN STEP	2025-06-26T16:12:39.9690814Z #14 14.71 dbus-libs
Test OLM installation	UNKNOWN STEP	2025-06-26T16:12:39.9691127Z #14 14.71 expat
Test OLM installation	UNKNOWN STEP	2025-06-26T16:12:39.9691368Z #14 14.71 gawk
Test OLM installation	UNKNOWN STEP	2025-06-26T16:12:39.9691543Z #14 14.71 gdbm-libs
Test OLM installation	UNKNOWN STEP	2025-06-26T16:12:39.9691728Z #14 14.71 gmp
Test OLM installation	UNKNOWN STEP	2025-06-26T16:12:39.9691899Z #14 14.71 gnutls
Test OLM installation	UNKNOWN STEP	2025-06-26T16:12:39.9692085Z #14 14.71 gpg-pubkey
Test OLM installation	UNKNOWN STEP	2025-06-26T16:12:39.9692286Z #14 14.71 keyutils-libs
Test OLM installation	UNKNOWN STEP	2025-06-26T16:12:39.9692485Z #14 14.71 krb5-libs
Test OLM installation	UNKNOWN STEP	2025-06-26T16:12:39.9692664Z #14 14.71 libcom_err
Test OLM installation	UNKNOWN STEP	2025-06-26T16:12:39.9692853Z #14 14.71 libevent
Test OLM installation	UNKNOWN STEP	2025-06-26T16:12:39.9693032Z #14 14.71 libffi
Test OLM installation	UNKNOWN STEP	2025-06-26T16:12:39.9693206Z #14 14.71 libgcrypt
Test OLM installation	UNKNOWN STEP	2025-06-26T16:12:39.9693399Z #14 14.71 libgpg-error
Test OLM installation	UNKNOWN STEP	2025-06-26T16:12:39.9693594Z #14 14.71 libidn2
Test OLM installation	UNKNOWN STEP	2025-06-26T16:12:39.9693772Z #14 14.71 libunistring
Test OLM installation	UNKNOWN STEP	2025-06-26T16:12:39.9693962Z #14 14.71 libuuid
Test OLM installation	UNKNOWN STEP	2025-06-26T16:12:39.9694144Z #14 14.71 libverto
Test OLM installation	UNKNOWN STEP	2025-06-26T16:12:39.9694320Z #14 14.71 libxcrypt
Test OLM installation	UNKNOWN STEP	2025-06-26T16:12:39.9694502Z #14 14.71 libzstd
Test OLM installation	UNKNOWN STEP	2025-06-26T16:12:39.9694682Z #14 14.71 lua
Test OLM installation	UNKNOWN STEP	2025-06-26T16:12:39.9694855Z #14 14.71 lua-libs
Test OLM installation	UNKNOWN STEP	2025-06-26T16:12:39.9695033Z #14 14.71 lua-posix
Test OLM installation	UNKNOWN STEP	2025-06-26T16:12:39.9695216Z #14 14.71 lz4-libs
Test OLM installation	UNKNOWN STEP	2025-06-26T16:12:39.9695394Z #14 14.71 mpfr
Test OLM installation	UNKNOWN STEP	2025-06-26T16:12:39.9695562Z #14 14.71 nettle
Test OLM installation	UNKNOWN STEP	2025-06-26T16:12:39.9695765Z #14 14.71 openssl-fips-provider
Test OLM installation	UNKNOWN STEP	2025-06-26T16:12:39.9696016Z #14 14.71 openssl-fips-provider-so
Test OLM installation	UNKNOWN STEP	2025-06-26T16:12:39.9696259Z #14 14.71 openssl-libs
Test OLM installation	UNKNOWN STEP	2025-06-26T16:12:39.9696458Z #14 14.71 p11-kit
Test OLM installation	UNKNOWN STEP	2025-06-26T16:12:39.9696642Z #14 14.71 python3
Test OLM installation	UNKNOWN STEP	2025-06-26T16:12:39.9696824Z #14 14.71 python3-libs
Test OLM installation	UNKNOWN STEP	2025-06-26T16:12:39.9697053Z #14 14.71 python3-pip-wheel
Test OLM installation	UNKNOWN STEP	2025-06-26T16:12:39.9697299Z #14 14.71 python3-setuptools-wheel
Test OLM installation	UNKNOWN STEP	2025-06-26T16:12:39.9697535Z #14 14.71 readline
Test OLM installation	UNKNOWN STEP	2025-06-26T16:12:39.9697726Z #14 14.71 systemd-libs
Test OLM installation	UNKNOWN STEP	2025-06-26T16:12:39.9697912Z #14 14.71 xz-libs
Test OLM installation	UNKNOWN STEP	2025-06-26T16:12:39.9698361Z #14 14.72 ==> 43 packages to keep:
Test OLM installation	UNKNOWN STEP	2025-06-26T16:12:39.9698575Z #14 14.72 alternatives
Test OLM installation	UNKNOWN STEP	2025-06-26T16:12:39.9698749Z #14 14.72 basesystem
Test OLM installation	UNKNOWN STEP	2025-06-26T16:12:39.9698914Z #14 14.72 bash
Test OLM installation	UNKNOWN STEP	2025-06-26T16:12:39.9699084Z #14 14.72 ca-certificates
Test OLM installation	UNKNOWN STEP	2025-06-26T16:12:39.9699282Z #14 14.72 coreutils-single
Test OLM installation	UNKNOWN STEP	2025-06-26T16:12:39.9699479Z #14 14.72 crypto-policies
Test OLM installation	UNKNOWN STEP	2025-06-26T16:12:39.9699679Z #14 14.72 crypto-policies-scripts
Test OLM installation	UNKNOWN STEP	2025-06-26T16:12:39.9699889Z #14 14.72 filesystem
Test OLM installation	UNKNOWN STEP	2025-06-26T16:12:39.9700324Z #14 14.72 findutils
Test OLM installation	UNKNOWN STEP	2025-06-26T16:12:39.9700487Z #14 14.72 glibc
Test OLM installation	UNKNOWN STEP	2025-06-26T16:12:39.9700647Z #14 14.72 glibc-common
Test OLM installation	UNKNOWN STEP	2025-06-26T16:12:39.9700828Z #14 14.72 glibc-langpack-en
Test OLM installation	UNKNOWN STEP	2025-06-26T16:12:39.9701011Z #14 14.72 grep
Test OLM installation	UNKNOWN STEP	2025-06-26T16:12:39.9701182Z #14 14.72 java-21-openjdk-headless
Test OLM installation	UNKNOWN STEP	2025-06-26T16:12:39.9701406Z #14 14.72 javapackages-filesystem
Test OLM installation	UNKNOWN STEP	2025-06-26T16:12:39.9701602Z #14 14.72 libacl
Test OLM installation	UNKNOWN STEP	2025-06-26T16:12:39.9701764Z #14 14.72 libattr
Test OLM installation	UNKNOWN STEP	2025-06-26T16:12:39.9701922Z #14 14.72 libcap
Test OLM installation	UNKNOWN STEP	2025-06-26T16:12:39.9702078Z #14 14.72 libgcc
Test OLM installation	UNKNOWN STEP	2025-06-26T16:12:39.9702237Z #14 14.72 libselinux
Test OLM installation	UNKNOWN STEP	2025-06-26T16:12:39.9702403Z #14 14.72 libsepol
Test OLM installation	UNKNOWN STEP	2025-06-26T16:12:39.9702561Z #14 14.72 libsigsegv
Test OLM installation	UNKNOWN STEP	2025-06-26T16:12:39.9702872Z #14 14.72 libtasn1
Test OLM installation	UNKNOWN STEP	2025-06-26T16:12:39.9703043Z #14 14.72 lksctp-tools
Test OLM installation	UNKNOWN STEP	2025-06-26T16:12:39.9703224Z #14 14.72 ncurses-base
Test OLM installation	UNKNOWN STEP	2025-06-26T16:12:39.9703393Z #14 14.72 ncurses-libs
Test OLM installation	UNKNOWN STEP	2025-06-26T16:12:39.9703559Z #14 14.72 nspr
Test OLM installation	UNKNOWN STEP	2025-06-26T16:12:39.9703712Z #14 14.72 nss
Test OLM installation	UNKNOWN STEP	2025-06-26T16:12:39.9703863Z #14 14.72 nss-softokn
Test OLM installation	UNKNOWN STEP	2025-06-26T16:12:39.9704044Z #14 14.72 nss-softokn-freebl
Test OLM installation	UNKNOWN STEP	2025-06-26T16:12:39.9704241Z #14 14.72 nss-sysinit
Test OLM installation	UNKNOWN STEP	2025-06-26T16:12:39.9704404Z #14 14.72 nss-util
Test OLM installation	UNKNOWN STEP	2025-06-26T16:12:39.9704572Z #14 14.72 p11-kit-trust
Test OLM installation	UNKNOWN STEP	2025-06-26T16:12:39.9704746Z #14 14.72 pcre
Test OLM installation	UNKNOWN STEP	2025-06-26T16:12:39.9704898Z #14 14.72 pcre2
Test OLM installation	UNKNOWN STEP	2025-06-26T16:12:39.9705061Z #14 14.72 pcre2-syntax
Test OLM installation	UNKNOWN STEP	2025-06-26T16:12:39.9705242Z #14 14.72 redhat-release
Test OLM installation	UNKNOWN STEP	2025-06-26T16:12:39.9705415Z #14 14.72 sed
Test OLM installation	UNKNOWN STEP	2025-06-26T16:12:39.9705566Z #14 14.72 setup
Test OLM installation	UNKNOWN STEP	2025-06-26T16:12:39.9705731Z #14 14.72 sqlite-libs
Test OLM installation	UNKNOWN STEP	2025-06-26T16:12:39.9705896Z #14 14.72 tzdata
Test OLM installation	UNKNOWN STEP	2025-06-26T16:12:39.9706056Z #14 14.72 tzdata-java
Test OLM installation	UNKNOWN STEP	2025-06-26T16:12:39.9706221Z #14 14.72 zlib
Test OLM installation	UNKNOWN STEP	2025-06-26T16:12:39.9706369Z #14 14.72 
Test OLM installation	UNKNOWN STEP	2025-06-26T16:12:39.9706532Z #14 14.72 ==> Erasing packages
Test OLM installation	UNKNOWN STEP	2025-06-26T16:12:39.9706840Z #14 14.72 + xargs rpm -r /tmp/null/rootfs --erase --nodeps --allmatches
Test OLM installation	UNKNOWN STEP	2025-06-26T16:12:40.1104588Z #14 15.01 
Test OLM installation	UNKNOWN STEP	2025-06-26T16:12:40.1104977Z #14 15.01 ==> Packages erased ok!
Test OLM installation	UNKNOWN STEP	2025-06-26T16:12:40.2745692Z #14 DONE 15.0s
Test OLM installation	UNKNOWN STEP	2025-06-26T16:12:41.5799339Z 
Test OLM installation	UNKNOWN STEP	2025-06-26T16:12:41.5799869Z #15 [stage-1 2/4] COPY --from=ubi-micro-build /tmp/null/rootfs/ /
Test OLM installation	UNKNOWN STEP	2025-06-26T16:12:42.7921830Z #15 DONE 1.2s
Test OLM installation	UNKNOWN STEP	2025-06-26T16:12:42.9438350Z 
Test OLM installation	UNKNOWN STEP	2025-06-26T16:12:42.9439020Z #16 [stage-1 3/4] COPY --from=ubi-micro-build --chown=1000:0 /opt/keycloak /opt/keycloak
Test OLM installation	UNKNOWN STEP	2025-06-26T16:12:43.1961131Z #16 DONE 0.4s
Test OLM installation	UNKNOWN STEP	2025-06-26T16:12:43.3223019Z 
Test OLM installation	UNKNOWN STEP	2025-06-26T16:12:43.3224012Z #17 [stage-1 4/4] RUN echo "keycloak:x:0:root" >> /etc/group &&     echo "keycloak:x:1000:0:keycloak user:/opt/keycloak:/sbin/nologin" >> /etc/passwd
Test OLM installation	UNKNOWN STEP	2025-06-26T16:12:43.3224956Z #17 DONE 0.1s
Test OLM installation	UNKNOWN STEP	2025-06-26T16:12:43.4737678Z 
Test OLM installation	UNKNOWN STEP	2025-06-26T16:12:43.4738123Z #18 exporting to image
Test OLM installation	UNKNOWN STEP	2025-06-26T16:12:43.4738511Z #18 exporting layers
Test OLM installation	UNKNOWN STEP	2025-06-26T16:12:44.7433047Z #18 exporting layers 1.4s done
Test OLM installation	UNKNOWN STEP	2025-06-26T16:12:44.7560435Z #18 writing image sha256:172e805bf4ab4f58195df72684067edc09011078ce17b92d87401338704c6c0b done
Test OLM installation	UNKNOWN STEP	2025-06-26T16:12:44.7561220Z #18 naming to ttl.sh/815d77keycloak:86400000.0.0 done
Test OLM installation	UNKNOWN STEP	2025-06-26T16:12:44.7561678Z #18 DONE 1.4s
Test OLM installation	UNKNOWN STEP	2025-06-26T16:12:44.7613994Z + docker push ttl.sh/815d77keycloak:86400000.0.0
Test OLM installation	UNKNOWN STEP	2025-06-26T16:12:44.9399022Z The push refers to repository [ttl.sh/815d77keycloak]
Test OLM installation	UNKNOWN STEP	2025-06-26T16:12:45.0388114Z 89eb2e325b0d: Preparing
Test OLM installation	UNKNOWN STEP	2025-06-26T16:12:45.0388551Z 8ec148604cab: Preparing
Test OLM installation	UNKNOWN STEP	2025-06-26T16:12:45.0388954Z 50dfb6b28c2c: Preparing
Test OLM installation	UNKNOWN STEP	2025-06-26T16:12:45.0389348Z 2edc1404446e: Preparing
Test OLM installation	UNKNOWN STEP	2025-06-26T16:12:48.6218614Z 89eb2e325b0d: Pushed
Test OLM installation	UNKNOWN STEP	2025-06-26T16:12:59.0403119Z 2edc1404446e: Pushed
Test OLM installation	UNKNOWN STEP	2025-06-26T16:14:16.0395688Z error parsing HTTP 499 response body: invalid character '<' looking for beginning of value: "<!DOCTYPE html>\n<html>\n  <head>\n    <meta name=\"viewport\" content=\"width=device-width, initial-scale=1\">\n    <meta charset=\"utf-8\">\n    <title>Application Error</title>\n    <style media=\"screen\">\n      html,body,iframe {\n        margin: 0;\n        padding: 0;\n      }\n\n      html,body {\n        height: 100%;\n        overflow: hidden;\n      }\n\n      iframe {\n        width: 100%;\n        height: 100%;\n        border: 0;\n      }\n    </style>\n  </head>\n  <body>\n    <iframe src=\"https://www.herokucdn.com/error-pages/application-error.html\"></iframe>\n  </body>\n</html>"
Test OLM installation	UNKNOWN STEP	2025-06-26T16:14:16.0427474Z ##[error]Process completed with exit code 1.
Test OLM installation	UNKNOWN STEP	2025-06-26T16:14:16.0494283Z Post job cleanup.
Test OLM installation	UNKNOWN STEP	2025-06-26T16:14:16.0533272Z Post job cleanup.
Test OLM installation	UNKNOWN STEP	2025-06-26T16:14:16.2258401Z Post job cleanup.
Test OLM installation	UNKNOWN STEP	2025-06-26T16:14:16.3223883Z [command]/usr/bin/git version
Test OLM installation	UNKNOWN STEP	2025-06-26T16:14:16.3259115Z git version 2.49.0
Test OLM installation	UNKNOWN STEP	2025-06-26T16:14:16.3322148Z Temporarily overriding HOME='/home/runner/work/_temp/bb8a77b3-9c49-4a1a-8492-1d9e589bda63' before making global git config changes
Test OLM installation	UNKNOWN STEP	2025-06-26T16:14:16.3323396Z Adding repository directory to the temporary git global config as a safe directory
Test OLM installation	UNKNOWN STEP	2025-06-26T16:14:16.3327678Z [command]/usr/bin/git config --global --add safe.directory /home/runner/work/keycloak/keycloak
Test OLM installation	UNKNOWN STEP	2025-06-26T16:14:16.3366663Z [command]/usr/bin/git config --local --name-only --get-regexp core\.sshCommand
Test OLM installation	UNKNOWN STEP	2025-06-26T16:14:16.3400353Z [command]/usr/bin/git submodule foreach --recursive sh -c "git config --local --name-only --get-regexp 'core\.sshCommand' && git config --local --unset-all 'core.sshCommand' || :"
Test OLM installation	UNKNOWN STEP	2025-06-26T16:14:16.3667669Z [command]/usr/bin/git config --local --name-only --get-regexp http\.https\:\/\/github\.com\/\.extraheader
Test OLM installation	UNKNOWN STEP	2025-06-26T16:14:16.3689873Z http.https://github.com/.extraheader
Test OLM installation	UNKNOWN STEP	2025-06-26T16:14:16.3706155Z [command]/usr/bin/git config --local --unset-all http.https://github.com/.extraheader
Test OLM installation	UNKNOWN STEP	2025-06-26T16:14:16.3740572Z [command]/usr/bin/git submodule foreach --recursive sh -c "git config --local --name-only --get-regexp 'http\.https\:\/\/github\.com\/\.extraheader' && git config --local --unset-all 'http.https://github.com/.extraheader' || :"
Test OLM installation	UNKNOWN STEP	2025-06-26T16:14:16.4139332Z Cleaning up orphan processes
Status Check - Keycloak Operator CI	UNKNOWN STEP	ï»¿2025-06-26T16:45:24.1139845Z Current runner version: '2.325.0'
Status Check - Keycloak Operator CI	UNKNOWN STEP	2025-06-26T16:45:24.1172933Z ##[group]Runner Image Provisioner
Status Check - Keycloak Operator CI	UNKNOWN STEP	2025-06-26T16:45:24.1174488Z Hosted Compute Agent
Status Check - Keycloak Operator CI	UNKNOWN STEP	2025-06-26T16:45:24.1175647Z Version: 20250620.352
Status Check - Keycloak Operator CI	UNKNOWN STEP	2025-06-26T16:45:24.1176801Z Commit: f262f3aba23b10ea191b2a62bdee1ca4c3d344da
Status Check - Keycloak Operator CI	UNKNOWN STEP	2025-06-26T16:45:24.1177950Z Build Date: 2025-06-20T19:27:17Z
Status Check - Keycloak Operator CI	UNKNOWN STEP	2025-06-26T16:45:24.1179017Z ##[endgroup]
Status Check - Keycloak Operator CI	UNKNOWN STEP	2025-06-26T16:45:24.1179966Z ##[group]Operating System
Status Check - Keycloak Operator CI	UNKNOWN STEP	2025-06-26T16:45:24.1181016Z Ubuntu
Status Check - Keycloak Operator CI	UNKNOWN STEP	2025-06-26T16:45:24.1181768Z 24.04.2
Status Check - Keycloak Operator CI	UNKNOWN STEP	2025-06-26T16:45:24.1182665Z LTS
Status Check - Keycloak Operator CI	UNKNOWN STEP	2025-06-26T16:45:24.1183435Z ##[endgroup]
Status Check - Keycloak Operator CI	UNKNOWN STEP	2025-06-26T16:45:24.1184300Z ##[group]Runner Image
Status Check - Keycloak Operator CI	UNKNOWN STEP	2025-06-26T16:45:24.1185620Z Image: ubuntu-24.04
Status Check - Keycloak Operator CI	UNKNOWN STEP	2025-06-26T16:45:24.1186497Z Version: 20250602.3.0
Status Check - Keycloak Operator CI	UNKNOWN STEP	2025-06-26T16:45:24.1188293Z Included Software: https://github.com/actions/runner-images/blob/ubuntu24/20250602.3/images/ubuntu/Ubuntu2404-Readme.md
Status Check - Keycloak Operator CI	UNKNOWN STEP	2025-06-26T16:45:24.1191097Z Image Release: https://github.com/actions/runner-images/releases/tag/ubuntu24%2F20250602.3
Status Check - Keycloak Operator CI	UNKNOWN STEP	2025-06-26T16:45:24.1192846Z ##[endgroup]
Status Check - Keycloak Operator CI	UNKNOWN STEP	2025-06-26T16:45:24.1197273Z ##[group]GITHUB_TOKEN Permissions
Status Check - Keycloak Operator CI	UNKNOWN STEP	2025-06-26T16:45:24.1200383Z Actions: read
Status Check - Keycloak Operator CI	UNKNOWN STEP	2025-06-26T16:45:24.1201377Z Attestations: read
Status Check - Keycloak Operator CI	UNKNOWN STEP	2025-06-26T16:45:24.1202216Z Checks: read
Status Check - Keycloak Operator CI	UNKNOWN STEP	2025-06-26T16:45:24.1203022Z Contents: read
Status Check - Keycloak Operator CI	UNKNOWN STEP	2025-06-26T16:45:24.1203969Z Deployments: read
Status Check - Keycloak Operator CI	UNKNOWN STEP	2025-06-26T16:45:24.1205110Z Discussions: read
Status Check - Keycloak Operator CI	UNKNOWN STEP	2025-06-26T16:45:24.1206083Z Issues: read
Status Check - Keycloak Operator CI	UNKNOWN STEP	2025-06-26T16:45:24.1206872Z Metadata: read
Status Check - Keycloak Operator CI	UNKNOWN STEP	2025-06-26T16:45:24.1207833Z Models: read
Status Check - Keycloak Operator CI	UNKNOWN STEP	2025-06-26T16:45:24.1208880Z Packages: read
Status Check - Keycloak Operator CI	UNKNOWN STEP	2025-06-26T16:45:24.1209767Z Pages: read
Status Check - Keycloak Operator CI	UNKNOWN STEP	2025-06-26T16:45:24.1210739Z PullRequests: read
Status Check - Keycloak Operator CI	UNKNOWN STEP	2025-06-26T16:45:24.1211739Z RepositoryProjects: read
Status Check - Keycloak Operator CI	UNKNOWN STEP	2025-06-26T16:45:24.1212669Z SecurityEvents: read
Status Check - Keycloak Operator CI	UNKNOWN STEP	2025-06-26T16:45:24.1213778Z Statuses: read
Status Check - Keycloak Operator CI	UNKNOWN STEP	2025-06-26T16:45:24.1214892Z ##[endgroup]
Status Check - Keycloak Operator CI	UNKNOWN STEP	2025-06-26T16:45:24.1217911Z Secret source: None
Status Check - Keycloak Operator CI	UNKNOWN STEP	2025-06-26T16:45:24.1219723Z Prepare workflow directory
Status Check - Keycloak Operator CI	UNKNOWN STEP	2025-06-26T16:45:24.1739039Z Prepare all required actions
Status Check - Keycloak Operator CI	UNKNOWN STEP	2025-06-26T16:45:24.1794985Z Getting action download info
Status Check - Keycloak Operator CI	UNKNOWN STEP	2025-06-26T16:45:24.4528923Z ##[group]Download immutable action package 'actions/checkout@v4'
Status Check - Keycloak Operator CI	UNKNOWN STEP	2025-06-26T16:45:24.4530136Z Version: 4.2.2
Status Check - Keycloak Operator CI	UNKNOWN STEP	2025-06-26T16:45:24.4531111Z Digest: sha256:ccb2698953eaebd21c7bf6268a94f9c26518a7e38e27e0b83c1fe1ad049819b1
Status Check - Keycloak Operator CI	UNKNOWN STEP	2025-06-26T16:45:24.4532346Z Source commit SHA: 11bd71901bbe5b1630ceea73d27597364c9af683
Status Check - Keycloak Operator CI	UNKNOWN STEP	2025-06-26T16:45:24.4533109Z ##[endgroup]
Status Check - Keycloak Operator CI	UNKNOWN STEP	2025-06-26T16:45:24.6159315Z Complete job name: Status Check - Keycloak Operator CI
Status Check - Keycloak Operator CI	UNKNOWN STEP	2025-06-26T16:45:24.6825904Z ##[group]Run actions/checkout@v4
Status Check - Keycloak Operator CI	UNKNOWN STEP	2025-06-26T16:45:24.6826744Z with:
Status Check - Keycloak Operator CI	UNKNOWN STEP	2025-06-26T16:45:24.6827160Z   repository: keycloak/keycloak
Status Check - Keycloak Operator CI	UNKNOWN STEP	2025-06-26T16:45:24.6827816Z   token: ***
Status Check - Keycloak Operator CI	UNKNOWN STEP	2025-06-26T16:45:24.6828219Z   ssh-strict: true
Status Check - Keycloak Operator CI	UNKNOWN STEP	2025-06-26T16:45:24.6828645Z   ssh-user: git
Status Check - Keycloak Operator CI	UNKNOWN STEP	2025-06-26T16:45:24.6829077Z   persist-credentials: true
Status Check - Keycloak Operator CI	UNKNOWN STEP	2025-06-26T16:45:24.6829549Z   clean: true
Status Check - Keycloak Operator CI	UNKNOWN STEP	2025-06-26T16:45:24.6829975Z   sparse-checkout-cone-mode: true
Status Check - Keycloak Operator CI	UNKNOWN STEP	2025-06-26T16:45:24.6830480Z   fetch-depth: 1
Status Check - Keycloak Operator CI	UNKNOWN STEP	2025-06-26T16:45:24.6830903Z   fetch-tags: false
Status Check - Keycloak Operator CI	UNKNOWN STEP	2025-06-26T16:45:24.6831350Z   show-progress: true
Status Check - Keycloak Operator CI	UNKNOWN STEP	2025-06-26T16:45:24.6831787Z   lfs: false
Status Check - Keycloak Operator CI	UNKNOWN STEP	2025-06-26T16:45:24.6832194Z   submodules: false
Status Check - Keycloak Operator CI	UNKNOWN STEP	2025-06-26T16:45:24.6832630Z   set-safe-directory: true
Status Check - Keycloak Operator CI	UNKNOWN STEP	2025-06-26T16:45:24.6833285Z env:
Status Check - Keycloak Operator CI	UNKNOWN STEP	2025-06-26T16:45:24.6833845Z   MAVEN_ARGS: -B -nsu -Daether.connector.http.connectionMaxTtl=25
Status Check - Keycloak Operator CI	UNKNOWN STEP	2025-06-26T16:45:24.6834660Z   MINIKUBE_VERSION: v1.32.0
Status Check - Keycloak Operator CI	UNKNOWN STEP	2025-06-26T16:45:24.6835203Z   KUBERNETES_VERSION: v1.27.10
Status Check - Keycloak Operator CI	UNKNOWN STEP	2025-06-26T16:45:24.6835730Z   MINIKUBE_MEMORY: 4096
Status Check - Keycloak Operator CI	UNKNOWN STEP	2025-06-26T16:45:24.6836169Z ##[endgroup]
Status Check - Keycloak Operator CI	UNKNOWN STEP	2025-06-26T16:45:24.7934351Z Syncing repository: keycloak/keycloak
Status Check - Keycloak Operator CI	UNKNOWN STEP	2025-06-26T16:45:24.7937147Z ##[group]Getting Git version info
Status Check - Keycloak Operator CI	UNKNOWN STEP	2025-06-26T16:45:24.7938342Z Working directory is '/home/runner/work/keycloak/keycloak'
Status Check - Keycloak Operator CI	UNKNOWN STEP	2025-06-26T16:45:24.7940034Z [command]/usr/bin/git version
Status Check - Keycloak Operator CI	UNKNOWN STEP	2025-06-26T16:45:24.8035422Z git version 2.49.0
Status Check - Keycloak Operator CI	UNKNOWN STEP	2025-06-26T16:45:24.8061103Z ##[endgroup]
Status Check - Keycloak Operator CI	UNKNOWN STEP	2025-06-26T16:45:24.8076117Z Temporarily overriding HOME='/home/runner/work/_temp/98e27447-c709-400f-9412-19d5683ad298' before making global git config changes
Status Check - Keycloak Operator CI	UNKNOWN STEP	2025-06-26T16:45:24.8078807Z Adding repository directory to the temporary git global config as a safe directory
Status Check - Keycloak Operator CI	UNKNOWN STEP	2025-06-26T16:45:24.8082331Z [command]/usr/bin/git config --global --add safe.directory /home/runner/work/keycloak/keycloak
Status Check - Keycloak Operator CI	UNKNOWN STEP	2025-06-26T16:45:24.8118997Z Deleting the contents of '/home/runner/work/keycloak/keycloak'
Status Check - Keycloak Operator CI	UNKNOWN STEP	2025-06-26T16:45:24.8122813Z ##[group]Initializing the repository
Status Check - Keycloak Operator CI	UNKNOWN STEP	2025-06-26T16:45:24.8127635Z [command]/usr/bin/git init /home/runner/work/keycloak/keycloak
Status Check - Keycloak Operator CI	UNKNOWN STEP	2025-06-26T16:45:24.8206717Z hint: Using 'master' as the name for the initial branch. This default branch name
Status Check - Keycloak Operator CI	UNKNOWN STEP	2025-06-26T16:45:24.8208125Z hint: is subject to change. To configure the initial branch name to use in all
Status Check - Keycloak Operator CI	UNKNOWN STEP	2025-06-26T16:45:24.8209084Z hint: of your new repositories, which will suppress this warning, call:
Status Check - Keycloak Operator CI	UNKNOWN STEP	2025-06-26T16:45:24.8209796Z hint:
Status Check - Keycloak Operator CI	UNKNOWN STEP	2025-06-26T16:45:24.8210301Z hint: 	git config --global init.defaultBranch <name>
Status Check - Keycloak Operator CI	UNKNOWN STEP	2025-06-26T16:45:24.8210898Z hint:
Status Check - Keycloak Operator CI	UNKNOWN STEP	2025-06-26T16:45:24.8211575Z hint: Names commonly chosen instead of 'master' are 'main', 'trunk' and
Status Check - Keycloak Operator CI	UNKNOWN STEP	2025-06-26T16:45:24.8212643Z hint: 'development'. The just-created branch can be renamed via this command:
Status Check - Keycloak Operator CI	UNKNOWN STEP	2025-06-26T16:45:24.8213923Z hint:
Status Check - Keycloak Operator CI	UNKNOWN STEP	2025-06-26T16:45:24.8214354Z hint: 	git branch -m <name>
Status Check - Keycloak Operator CI	UNKNOWN STEP	2025-06-26T16:45:24.8216123Z Initialized empty Git repository in /home/runner/work/keycloak/keycloak/.git/
Status Check - Keycloak Operator CI	UNKNOWN STEP	2025-06-26T16:45:24.8226857Z [command]/usr/bin/git remote add origin https://github.com/keycloak/keycloak
Status Check - Keycloak Operator CI	UNKNOWN STEP	2025-06-26T16:45:24.8261804Z ##[endgroup]
Status Check - Keycloak Operator CI	UNKNOWN STEP	2025-06-26T16:45:24.8262999Z ##[group]Disabling automatic garbage collection
Status Check - Keycloak Operator CI	UNKNOWN STEP	2025-06-26T16:45:24.8266831Z [command]/usr/bin/git config --local gc.auto 0
Status Check - Keycloak Operator CI	UNKNOWN STEP	2025-06-26T16:45:24.8295204Z ##[endgroup]
Status Check - Keycloak Operator CI	UNKNOWN STEP	2025-06-26T16:45:24.8296436Z ##[group]Setting up auth
Status Check - Keycloak Operator CI	UNKNOWN STEP	2025-06-26T16:45:24.8302612Z [command]/usr/bin/git config --local --name-only --get-regexp core\.sshCommand
Status Check - Keycloak Operator CI	UNKNOWN STEP	2025-06-26T16:45:24.8332509Z [command]/usr/bin/git submodule foreach --recursive sh -c "git config --local --name-only --get-regexp 'core\.sshCommand' && git config --local --unset-all 'core.sshCommand' || :"
Status Check - Keycloak Operator CI	UNKNOWN STEP	2025-06-26T16:45:24.8658281Z [command]/usr/bin/git config --local --name-only --get-regexp http\.https\:\/\/github\.com\/\.extraheader
Status Check - Keycloak Operator CI	UNKNOWN STEP	2025-06-26T16:45:24.8687621Z [command]/usr/bin/git submodule foreach --recursive sh -c "git config --local --name-only --get-regexp 'http\.https\:\/\/github\.com\/\.extraheader' && git config --local --unset-all 'http.https://github.com/.extraheader' || :"
Status Check - Keycloak Operator CI	UNKNOWN STEP	2025-06-26T16:45:24.8903625Z [command]/usr/bin/git config --local http.https://github.com/.extraheader AUTHORIZATION: basic ***
Status Check - Keycloak Operator CI	UNKNOWN STEP	2025-06-26T16:45:24.8943483Z ##[endgroup]
Status Check - Keycloak Operator CI	UNKNOWN STEP	2025-06-26T16:45:24.8944924Z ##[group]Fetching the repository
Status Check - Keycloak Operator CI	UNKNOWN STEP	2025-06-26T16:45:24.8953501Z [command]/usr/bin/git -c protocol.version=2 fetch --no-tags --prune --no-recurse-submodules --depth=1 origin +815d779fedac00a8a10527b1e81b6aaee750a956:refs/remotes/pull/40743/merge
Status Check - Keycloak Operator CI	UNKNOWN STEP	2025-06-26T16:45:27.7777647Z From https://github.com/keycloak/keycloak
Status Check - Keycloak Operator CI	UNKNOWN STEP	2025-06-26T16:45:27.7833895Z  * [new ref]         815d779fedac00a8a10527b1e81b6aaee750a956 -> pull/40743/merge
Status Check - Keycloak Operator CI	UNKNOWN STEP	2025-06-26T16:45:27.7837590Z ##[endgroup]
Status Check - Keycloak Operator CI	UNKNOWN STEP	2025-06-26T16:45:27.7838827Z ##[group]Determining the checkout info
Status Check - Keycloak Operator CI	UNKNOWN STEP	2025-06-26T16:45:27.7840769Z ##[endgroup]
Status Check - Keycloak Operator CI	UNKNOWN STEP	2025-06-26T16:45:27.7844366Z [command]/usr/bin/git sparse-checkout disable
Status Check - Keycloak Operator CI	UNKNOWN STEP	2025-06-26T16:45:27.7886531Z [command]/usr/bin/git config --local --unset-all extensions.worktreeConfig
Status Check - Keycloak Operator CI	UNKNOWN STEP	2025-06-26T16:45:27.7915585Z ##[group]Checking out the ref
Status Check - Keycloak Operator CI	UNKNOWN STEP	2025-06-26T16:45:27.7919788Z [command]/usr/bin/git checkout --progress --force refs/remotes/pull/40743/merge
Status Check - Keycloak Operator CI	UNKNOWN STEP	2025-06-26T16:45:28.5374954Z Note: switching to 'refs/remotes/pull/40743/merge'.
Status Check - Keycloak Operator CI	UNKNOWN STEP	2025-06-26T16:45:28.5375751Z 
Status Check - Keycloak Operator CI	UNKNOWN STEP	2025-06-26T16:45:28.5376230Z You are in 'detached HEAD' state. You can look around, make experimental
Status Check - Keycloak Operator CI	UNKNOWN STEP	2025-06-26T16:45:28.5377250Z changes and commit them, and you can discard any commits you make in this
Status Check - Keycloak Operator CI	UNKNOWN STEP	2025-06-26T16:45:28.5378412Z state without impacting any branches by switching back to a branch.
Status Check - Keycloak Operator CI	UNKNOWN STEP	2025-06-26T16:45:28.5379053Z 
Status Check - Keycloak Operator CI	UNKNOWN STEP	2025-06-26T16:45:28.5379923Z If you want to create a new branch to retain commits you create, you may
Status Check - Keycloak Operator CI	UNKNOWN STEP	2025-06-26T16:45:28.5382547Z do so (now or later) by using -c with the switch command. Example:
Status Check - Keycloak Operator CI	UNKNOWN STEP	2025-06-26T16:45:28.5383170Z 
Status Check - Keycloak Operator CI	UNKNOWN STEP	2025-06-26T16:45:28.5383428Z   git switch -c <new-branch-name>
Status Check - Keycloak Operator CI	UNKNOWN STEP	2025-06-26T16:45:28.5383837Z 
Status Check - Keycloak Operator CI	UNKNOWN STEP	2025-06-26T16:45:28.5384063Z Or undo this operation with:
Status Check - Keycloak Operator CI	UNKNOWN STEP	2025-06-26T16:45:28.5384404Z 
Status Check - Keycloak Operator CI	UNKNOWN STEP	2025-06-26T16:45:28.5384810Z   git switch -
Status Check - Keycloak Operator CI	UNKNOWN STEP	2025-06-26T16:45:28.5385165Z 
Status Check - Keycloak Operator CI	UNKNOWN STEP	2025-06-26T16:45:28.5385686Z Turn off this advice by setting config variable advice.detachedHead to false
Status Check - Keycloak Operator CI	UNKNOWN STEP	2025-06-26T16:45:28.5386355Z 
Status Check - Keycloak Operator CI	UNKNOWN STEP	2025-06-26T16:45:28.5387008Z HEAD is now at 815d779 Merge df5a030456125dfa1ce23a73c0831a71f63b8e21 into 0892ba363a786db18cf31b62006ac573b6ce9c46
Status Check - Keycloak Operator CI	UNKNOWN STEP	2025-06-26T16:45:28.5405592Z ##[endgroup]
Status Check - Keycloak Operator CI	UNKNOWN STEP	2025-06-26T16:45:28.5445214Z [command]/usr/bin/git log -1 --format=%H
Status Check - Keycloak Operator CI	UNKNOWN STEP	2025-06-26T16:45:28.5468018Z 815d779fedac00a8a10527b1e81b6aaee750a956
Status Check - Keycloak Operator CI	UNKNOWN STEP	2025-06-26T16:45:28.5702041Z Prepare all required actions
Status Check - Keycloak Operator CI	UNKNOWN STEP	2025-06-26T16:45:28.5770556Z ##[group]Run ./.github/actions/status-check
Status Check - Keycloak Operator CI	UNKNOWN STEP	2025-06-26T16:45:28.5770892Z with:
Status Check - Keycloak Operator CI	UNKNOWN STEP	2025-06-26T16:45:28.5771704Z   jobs: {
Status Check - Keycloak Operator CI	UNKNOWN STEP	  "conditional": {
Status Check - Keycloak Operator CI	UNKNOWN STEP	    "result": "success",
Status Check - Keycloak Operator CI	UNKNOWN STEP	    "outputs": {
Status Check - Keycloak Operator CI	UNKNOWN STEP	      "operator": "true"
Status Check - Keycloak Operator CI	UNKNOWN STEP	    }
Status Check - Keycloak Operator CI	UNKNOWN STEP	  },
Status Check - Keycloak Operator CI	UNKNOWN STEP	  "build": {
Status Check - Keycloak Operator CI	UNKNOWN STEP	    "result": "success",
Status Check - Keycloak Operator CI	UNKNOWN STEP	    "outputs": {}
Status Check - Keycloak Operator CI	UNKNOWN STEP	  },
Status Check - Keycloak Operator CI	UNKNOWN STEP	  "test-local": {
Status Check - Keycloak Operator CI	UNKNOWN STEP	    "result": "success",
Status Check - Keycloak Operator CI	UNKNOWN STEP	    "outputs": {}
Status Check - Keycloak Operator CI	UNKNOWN STEP	  },
Status Check - Keycloak Operator CI	UNKNOWN STEP	  "test-remote": {
Status Check - Keycloak Operator CI	UNKNOWN STEP	    "result": "success",
Status Check - Keycloak Operator CI	UNKNOWN STEP	    "outputs": {}
Status Check - Keycloak Operator CI	UNKNOWN STEP	  },
Status Check - Keycloak Operator CI	UNKNOWN STEP	  "test-olm": {
Status Check - Keycloak Operator CI	UNKNOWN STEP	    "result": "failure",
Status Check - Keycloak Operator CI	UNKNOWN STEP	    "outputs": {}
Status Check - Keycloak Operator CI	UNKNOWN STEP	  }
Status Check - Keycloak Operator CI	UNKNOWN STEP	}
Status Check - Keycloak Operator CI	UNKNOWN STEP	2025-06-26T16:45:28.5772610Z env:
Status Check - Keycloak Operator CI	UNKNOWN STEP	2025-06-26T16:45:28.5772918Z   MAVEN_ARGS: -B -nsu -Daether.connector.http.connectionMaxTtl=25
Status Check - Keycloak Operator CI	UNKNOWN STEP	2025-06-26T16:45:28.5773293Z   MINIKUBE_VERSION: v1.32.0
Status Check - Keycloak Operator CI	UNKNOWN STEP	2025-06-26T16:45:28.5773575Z   KUBERNETES_VERSION: v1.27.10
Status Check - Keycloak Operator CI	UNKNOWN STEP	2025-06-26T16:45:28.5773828Z   MINIKUBE_MEMORY: 4096
Status Check - Keycloak Operator CI	UNKNOWN STEP	2025-06-26T16:45:28.5774056Z ##[endgroup]
Status Check - Keycloak Operator CI	UNKNOWN STEP	2025-06-26T16:45:28.5872027Z ##[group]Run JOBS='{
Status Check - Keycloak Operator CI	UNKNOWN STEP	2025-06-26T16:45:28.5872350Z [36;1mJOBS='{[0m
Status Check - Keycloak Operator CI	UNKNOWN STEP	2025-06-26T16:45:28.5872643Z [36;1m  "conditional": {[0m
Status Check - Keycloak Operator CI	UNKNOWN STEP	2025-06-26T16:45:28.5872904Z [36;1m    "result": "success",[0m
Status Check - Keycloak Operator CI	UNKNOWN STEP	2025-06-26T16:45:28.5873186Z [36;1m    "outputs": {[0m
Status Check - Keycloak Operator CI	UNKNOWN STEP	2025-06-26T16:45:28.5873431Z [36;1m      "operator": "true"[0m
Status Check - Keycloak Operator CI	UNKNOWN STEP	2025-06-26T16:45:28.5873688Z [36;1m    }[0m
Status Check - Keycloak Operator CI	UNKNOWN STEP	2025-06-26T16:45:28.5873885Z [36;1m  },[0m
Status Check - Keycloak Operator CI	UNKNOWN STEP	2025-06-26T16:45:28.5874093Z [36;1m  "build": {[0m
Status Check - Keycloak Operator CI	UNKNOWN STEP	2025-06-26T16:45:28.5874316Z [36;1m    "result": "success",[0m
Status Check - Keycloak Operator CI	UNKNOWN STEP	2025-06-26T16:45:28.5874741Z [36;1m    "outputs": {}[0m
Status Check - Keycloak Operator CI	UNKNOWN STEP	2025-06-26T16:45:28.5874975Z [36;1m  },[0m
Status Check - Keycloak Operator CI	UNKNOWN STEP	2025-06-26T16:45:28.5875182Z [36;1m  "test-local": {[0m
Status Check - Keycloak Operator CI	UNKNOWN STEP	2025-06-26T16:45:28.5875431Z [36;1m    "result": "success",[0m
Status Check - Keycloak Operator CI	UNKNOWN STEP	2025-06-26T16:45:28.5875687Z [36;1m    "outputs": {}[0m
Status Check - Keycloak Operator CI	UNKNOWN STEP	2025-06-26T16:45:28.5875919Z [36;1m  },[0m
Status Check - Keycloak Operator CI	UNKNOWN STEP	2025-06-26T16:45:28.5876124Z [36;1m  "test-remote": {[0m
Status Check - Keycloak Operator CI	UNKNOWN STEP	2025-06-26T16:45:28.5876369Z [36;1m    "result": "success",[0m
Status Check - Keycloak Operator CI	UNKNOWN STEP	2025-06-26T16:45:28.5876618Z [36;1m    "outputs": {}[0m
Status Check - Keycloak Operator CI	UNKNOWN STEP	2025-06-26T16:45:28.5876844Z [36;1m  },[0m
Status Check - Keycloak Operator CI	UNKNOWN STEP	2025-06-26T16:45:28.5877056Z [36;1m  "test-olm": {[0m
Status Check - Keycloak Operator CI	UNKNOWN STEP	2025-06-26T16:45:28.5877297Z [36;1m    "result": "failure",[0m
Status Check - Keycloak Operator CI	UNKNOWN STEP	2025-06-26T16:45:28.5877552Z [36;1m    "outputs": {}[0m
Status Check - Keycloak Operator CI	UNKNOWN STEP	2025-06-26T16:45:28.5877770Z [36;1m  }[0m
Status Check - Keycloak Operator CI	UNKNOWN STEP	2025-06-26T16:45:28.5877963Z [36;1m}'[0m
Status Check - Keycloak Operator CI	UNKNOWN STEP	2025-06-26T16:45:28.5878158Z [36;1m[0m
Status Check - Keycloak Operator CI	UNKNOWN STEP	2025-06-26T16:45:28.5878402Z [36;1mecho "Job status:"[0m
Status Check - Keycloak Operator CI	UNKNOWN STEP	2025-06-26T16:45:28.5878768Z [36;1mecho $JOBS | jq -r 'to_entries[] | " - \(.key): \(.value.result)"'[0m
Status Check - Keycloak Operator CI	UNKNOWN STEP	2025-06-26T16:45:28.5879119Z [36;1m[0m
Status Check - Keycloak Operator CI	UNKNOWN STEP	2025-06-26T16:45:28.5879403Z [36;1mfor i in $(echo $JOBS | jq -r 'to_entries[] | .value.result'); do[0m
Status Check - Keycloak Operator CI	UNKNOWN STEP	2025-06-26T16:45:28.5879818Z [36;1m  if [ "$i" != "success" ] && [ "$i" != "skipped" ]; then[0m
Status Check - Keycloak Operator CI	UNKNOWN STEP	2025-06-26T16:45:28.5880133Z [36;1m    echo ""[0m
Status Check - Keycloak Operator CI	UNKNOWN STEP	2025-06-26T16:45:28.5880377Z [36;1m    echo "Status check not okay!"[0m
Status Check - Keycloak Operator CI	UNKNOWN STEP	2025-06-26T16:45:28.5880650Z [36;1m    exit 1[0m
Status Check - Keycloak Operator CI	UNKNOWN STEP	2025-06-26T16:45:28.5880857Z [36;1m  fi[0m
Status Check - Keycloak Operator CI	UNKNOWN STEP	2025-06-26T16:45:28.5881056Z [36;1mdone[0m
Status Check - Keycloak Operator CI	UNKNOWN STEP	2025-06-26T16:45:28.5946794Z shell: /usr/bin/bash --noprofile --norc -e -o pipefail {0}
Status Check - Keycloak Operator CI	UNKNOWN STEP	2025-06-26T16:45:28.5947165Z env:
Status Check - Keycloak Operator CI	UNKNOWN STEP	2025-06-26T16:45:28.5947479Z   MAVEN_ARGS: -B -nsu -Daether.connector.http.connectionMaxTtl=25
Status Check - Keycloak Operator CI	UNKNOWN STEP	2025-06-26T16:45:28.5948033Z   MINIKUBE_VERSION: v1.32.0
Status Check - Keycloak Operator CI	UNKNOWN STEP	2025-06-26T16:45:28.5948299Z   KUBERNETES_VERSION: v1.27.10
Status Check - Keycloak Operator CI	UNKNOWN STEP	2025-06-26T16:45:28.5948632Z   MINIKUBE_MEMORY: 4096
Status Check - Keycloak Operator CI	UNKNOWN STEP	2025-06-26T16:45:28.5948860Z ##[endgroup]
Status Check - Keycloak Operator CI	UNKNOWN STEP	2025-06-26T16:45:28.6035543Z Job status:
Status Check - Keycloak Operator CI	UNKNOWN STEP	2025-06-26T16:45:28.6075188Z  - conditional: success
Status Check - Keycloak Operator CI	UNKNOWN STEP	2025-06-26T16:45:28.6075499Z  - build: success
Status Check - Keycloak Operator CI	UNKNOWN STEP	2025-06-26T16:45:28.6075750Z  - test-local: success
Status Check - Keycloak Operator CI	UNKNOWN STEP	2025-06-26T16:45:28.6076025Z  - test-remote: success
Status Check - Keycloak Operator CI	UNKNOWN STEP	2025-06-26T16:45:28.6076264Z  - test-olm: failure
Status Check - Keycloak Operator CI	UNKNOWN STEP	2025-06-26T16:45:28.6108951Z 
Status Check - Keycloak Operator CI	UNKNOWN STEP	2025-06-26T16:45:28.6109183Z Status check not okay!
Status Check - Keycloak Operator CI	UNKNOWN STEP	2025-06-26T16:45:28.6122280Z ##[error]Process completed with exit code 1.
Status Check - Keycloak Operator CI	UNKNOWN STEP	2025-06-26T16:45:28.6235395Z Post job cleanup.
Status Check - Keycloak Operator CI	UNKNOWN STEP	2025-06-26T16:45:28.7287285Z [command]/usr/bin/git version
Status Check - Keycloak Operator CI	UNKNOWN STEP	2025-06-26T16:45:28.7322237Z git version 2.49.0
Status Check - Keycloak Operator CI	UNKNOWN STEP	2025-06-26T16:45:28.7372258Z Temporarily overriding HOME='/home/runner/work/_temp/61d51e1e-f728-40ef-af85-20aec5829067' before making global git config changes
Status Check - Keycloak Operator CI	UNKNOWN STEP	2025-06-26T16:45:28.7373711Z Adding repository directory to the temporary git global config as a safe directory
Status Check - Keycloak Operator CI	UNKNOWN STEP	2025-06-26T16:45:28.7378615Z [command]/usr/bin/git config --global --add safe.directory /home/runner/work/keycloak/keycloak
Status Check - Keycloak Operator CI	UNKNOWN STEP	2025-06-26T16:45:28.7411383Z [command]/usr/bin/git config --local --name-only --get-regexp core\.sshCommand
Status Check - Keycloak Operator CI	UNKNOWN STEP	2025-06-26T16:45:28.7443588Z [command]/usr/bin/git submodule foreach --recursive sh -c "git config --local --name-only --get-regexp 'core\.sshCommand' && git config --local --unset-all 'core.sshCommand' || :"
Status Check - Keycloak Operator CI	UNKNOWN STEP	2025-06-26T16:45:28.7682811Z [command]/usr/bin/git config --local --name-only --get-regexp http\.https\:\/\/github\.com\/\.extraheader
Status Check - Keycloak Operator CI	UNKNOWN STEP	2025-06-26T16:45:28.7703862Z http.https://github.com/.extraheader
Status Check - Keycloak Operator CI	UNKNOWN STEP	2025-06-26T16:45:28.7715947Z [command]/usr/bin/git config --local --unset-all http.https://github.com/.extraheader
Status Check - Keycloak Operator CI	UNKNOWN STEP	2025-06-26T16:45:28.7745630Z [command]/usr/bin/git submodule foreach --recursive sh -c "git config --local --name-only --get-regexp 'http\.https\:\/\/github\.com\/\.extraheader' && git config --local --unset-all 'http.https://github.com/.extraheader' || :"
Status Check - Keycloak Operator CI	UNKNOWN STEP	2025-06-26T16:45:28.8076941Z Cleaning up orphan processes
