Account UI E2E	Run Playwright tests	2024-11-19T07:42:18.0252988Z ##[group]Run pnpm --fail-if-no-match --filter @keycloak/keycloak-account-ui test
Account UI E2E	Run Playwright tests	2024-11-19T07:42:18.0253730Z [36;1mpnpm --fail-if-no-match --filter @keycloak/keycloak-account-ui test[0m
Account UI E2E	Run Playwright tests	2024-11-19T07:42:18.0316533Z shell: /usr/bin/bash --noprofile --norc -e -o pipefail {0}
Account UI E2E	Run Playwright tests	2024-11-19T07:42:18.0317000Z env:
Account UI E2E	Run Playwright tests	2024-11-19T07:42:18.0317379Z   MAVEN_ARGS: -B -nsu -Daether.connector.http.connectionMaxTtl=25
Account UI E2E	Run Playwright tests	2024-11-19T07:42:18.0317883Z   WORKSPACE: @keycloak/keycloak-account-ui
Account UI E2E	Run Playwright tests	2024-11-19T07:42:18.0318393Z   JAVA_HOME: /opt/hostedtoolcache/Java_Temurin-Hotspot_jdk/21.0.5-11/x64
Account UI E2E	Run Playwright tests	2024-11-19T07:42:18.0319026Z   JAVA_HOME_21_X64: /opt/hostedtoolcache/Java_Temurin-Hotspot_jdk/21.0.5-11/x64
Account UI E2E	Run Playwright tests	2024-11-19T07:42:18.0319503Z ##[endgroup]
Account UI E2E	Run Playwright tests	2024-11-19T07:42:18.4082609Z 
Account UI E2E	Run Playwright tests	2024-11-19T07:42:18.4084351Z > @keycloak/keycloak-account-ui@999.0.0-SNAPSHOT test /home/runner/work/keycloak/keycloak/js/apps/account-ui
Account UI E2E	Run Playwright tests	2024-11-19T07:42:18.4097191Z > wireit
Account UI E2E	Run Playwright tests	2024-11-19T07:42:18.4097472Z 
Account UI E2E	Run Playwright tests	2024-11-19T07:42:18.5190222Z Analyzing
Account UI E2E	Run Playwright tests	2024-11-19T07:42:19.5207036Z   0% [0 / 2] [1 running] ../../libs/keycloak-admin-client:build
Account UI E2E	Run Playwright tests	2024-11-19T07:42:21.4018975Z (node:5696) ExperimentalWarning: Importing JSON modules is an experimental feature and might change at any time
Account UI E2E	Run Playwright tests	2024-11-19T07:42:21.4021248Z (Use `node --trace-warnings ...` to show where the warning was created)
Account UI E2E	Run Playwright tests	2024-11-19T07:42:22.7699377Z 
Account UI E2E	Run Playwright tests	2024-11-19T07:42:22.7700219Z Running 26 tests using 1 worker
Account UI E2E	Run Playwright tests	2024-11-19T07:42:23.2260652Z (node:5717) ExperimentalWarning: Importing JSON modules is an experimental feature and might change at any time
Account UI E2E	Run Playwright tests	2024-11-19T07:42:23.2261882Z (Use `node --trace-warnings ...` to show where the warning was created)
Account UI E2E	Run Playwright tests	2024-11-19T07:42:35.0233362Z (node:5730) ExperimentalWarning: Importing JSON modules is an experimental feature and might change at any time
Account UI E2E	Run Playwright tests	2024-11-19T07:42:35.0235744Z (Use `node --trace-warnings ...` to show where the warning was created)
Account UI E2E	Run Playwright tests	2024-11-19T07:43:46.9631956Z (node:6222) ExperimentalWarning: Importing JSON modules is an experimental feature and might change at any time
Account UI E2E	Run Playwright tests	2024-11-19T07:43:46.9634095Z (Use `node --trace-warnings ...` to show where the warning was created)
Account UI E2E	Run Playwright tests	2024-11-19T07:43:48.4531056Z TypeError: Cannot destructure property 'id' of 'users[0]' as it is undefined.
Account UI E2E	Run Playwright tests	2024-11-19T07:43:48.4533501Z     at deleteUser [90m(file:///home/runner/work/keycloak/keycloak/js/apps/account-ui/[39mtest/admin-client.ts:130:13[90m)[39m
Account UI E2E	Run Playwright tests	2024-11-19T07:43:48.4535801Z [90m    at processTicksAndRejections (node:internal/process/task_queues:95:5)[39m
Account UI E2E	Run Playwright tests	2024-11-19T07:43:48.4546436Z     at inRealm [90m(file:///home/runner/work/keycloak/keycloak/js/apps/account-ui/[39mtest/admin-client.ts:37:12[90m)[39m
Account UI E2E	Run Playwright tests	2024-11-19T07:43:48.4551136Z     at [90mfile:///home/runner/work/keycloak/keycloak/js/apps/account-ui/[39mtest/personal-info/personal-info.spec.ts:20:29
Account UI E2E	Run Playwright tests	2024-11-19T07:43:48.4554689Z     at /home/runner/work/keycloak/keycloak/node_modules/[4m.pnpm[24m/playwright@1.47.2/node_modules/[4mplaywright[24m/lib/worker/fixtureRunner.js:250:7
Account UI E2E	Run Playwright tests	2024-11-19T07:43:48.4558150Z     at /home/runner/work/keycloak/keycloak/node_modules/[4m.pnpm[24m/playwright@1.47.2/node_modules/[4mplaywright[24m/lib/worker/testInfo.js:285:11
Account UI E2E	Run Playwright tests	2024-11-19T07:43:48.4561870Z     at TimeoutManager.withRunnable (/home/runner/work/keycloak/keycloak/node_modules/[4m.pnpm[24m/playwright@1.47.2/node_modules/[4mplaywright[24m/lib/worker/timeoutManager.js:64:14)
Account UI E2E	Run Playwright tests	2024-11-19T07:43:48.4609895Z     at TestInfoImpl._runAsStage (/home/runner/work/keycloak/keycloak/node_modules/[4m.pnpm[24m/playwright@1.47.2/node_modules/[4mplaywright[24m/lib/worker/testInfo.js:283:7)
Account UI E2E	Run Playwright tests	2024-11-19T07:43:48.4613308Z     at FixtureRunner.resolveParametersAndRunFunction (/home/runner/work/keycloak/keycloak/node_modules/[4m.pnpm[24m/playwright@1.47.2/node_modules/[4mplaywright[24m/lib/worker/fixtureRunner.js:246:5)
Account UI E2E	Run Playwright tests	2024-11-19T07:43:48.4619355Z     at /home/runner/work/keycloak/keycloak/node_modules/[4m.pnpm[24m/playwright@1.47.2/node_modules/[4mplaywright[24m/lib/worker/workerMain.js:534:13
Account UI E2E	Run Playwright tests	2024-11-19T07:43:48.4621887Z     at /home/runner/work/keycloak/keycloak/node_modules/[4m.pnpm[24m/playwright@1.47.2/node_modules/[4mplaywright[24m/lib/worker/testInfo.js:285:11
Account UI E2E	Run Playwright tests	2024-11-19T07:43:48.4625409Z     at TimeoutManager.withRunnable (/home/runner/work/keycloak/keycloak/node_modules/[4m.pnpm[24m/playwright@1.47.2/node_modules/[4mplaywright[24m/lib/worker/timeoutManager.js:52:27)
Account UI E2E	Run Playwright tests	2024-11-19T07:43:48.4628667Z     at TestInfoImpl._runAsStage (/home/runner/work/keycloak/keycloak/node_modules/[4m.pnpm[24m/playwright@1.47.2/node_modules/[4mplaywright[24m/lib/worker/testInfo.js:283:7)
Account UI E2E	Run Playwright tests	2024-11-19T07:43:48.4631922Z     at WorkerMain._runAllHooksForSuite (/home/runner/work/keycloak/keycloak/node_modules/[4m.pnpm[24m/playwright@1.47.2/node_modules/[4mplaywright[24m/lib/worker/workerMain.js:515:9)
Account UI E2E	Run Playwright tests	2024-11-19T07:43:48.4635231Z     at WorkerMain._runAfterAllHooksForSuite (/home/runner/work/keycloak/keycloak/node_modules/[4m.pnpm[24m/playwright@1.47.2/node_modules/[4mplaywright[24m/lib/worker/workerMain.js:564:5)
Account UI E2E	Run Playwright tests	2024-11-19T07:43:48.4638247Z     at /home/runner/work/keycloak/keycloak/node_modules/[4m.pnpm[24m/playwright@1.47.2/node_modules/[4mplaywright[24m/lib/worker/workerMain.js:402:13
Account UI E2E	Run Playwright tests	2024-11-19T07:43:48.4640869Z     at /home/runner/work/keycloak/keycloak/node_modules/[4m.pnpm[24m/playwright@1.47.2/node_modules/[4mplaywright[24m/lib/worker/testInfo.js:285:11
Account UI E2E	Run Playwright tests	2024-11-19T07:43:48.4644161Z     at TimeoutManager.withRunnable (/home/runner/work/keycloak/keycloak/node_modules/[4m.pnpm[24m/playwright@1.47.2/node_modules/[4mplaywright[24m/lib/worker/timeoutManager.js:52:27)
Account UI E2E	Run Playwright tests	2024-11-19T07:43:48.4647276Z     at TestInfoImpl._runAsStage (/home/runner/work/keycloak/keycloak/node_modules/[4m.pnpm[24m/playwright@1.47.2/node_modules/[4mplaywright[24m/lib/worker/testInfo.js:283:7)
Account UI E2E	Run Playwright tests	2024-11-19T07:43:48.4650257Z     at WorkerMain._runTest (/home/runner/work/keycloak/keycloak/node_modules/[4m.pnpm[24m/playwright@1.47.2/node_modules/[4mplaywright[24m/lib/worker/workerMain.js:354:5)
Account UI E2E	Run Playwright tests	2024-11-19T07:43:48.4653349Z     at WorkerMain.runTestGroup (/home/runner/work/keycloak/keycloak/node_modules/[4m.pnpm[24m/playwright@1.47.2/node_modules/[4mplaywright[24m/lib/worker/workerMain.js:204:11)
Account UI E2E	Run Playwright tests	2024-11-19T07:43:48.4656393Z     at process.<anonymous> (/home/runner/work/keycloak/keycloak/node_modules/[4m.pnpm[24m/playwright@1.47.2/node_modules/[4mplaywright[24m/lib/common/process.js:95:22)
Account UI E2E	Run Playwright tests	2024-11-19T07:43:58.7589666Z ···············×··±°··±°°·········
Account UI E2E	Run Playwright tests	2024-11-19T07:43:58.7590495Z 
Account UI E2E	Run Playwright tests	2024-11-19T07:43:58.7854034Z   1) [chromium] › my-resources.spec.ts:55:3 › My resources page › One is shared with alice ─────────
Account UI E2E	Run Playwright tests	2024-11-19T07:43:58.7855149Z 
Account UI E2E	Run Playwright tests	2024-11-19T07:43:58.7856304Z     Error: [2mexpect([22m[31mreceived[39m[2m).[22mtoEqual[2m([22m[32mexpected[39m[2m) // deep equality[22m
Account UI E2E	Run Playwright tests	2024-11-19T07:43:58.7857187Z 
Account UI E2E	Run Playwright tests	2024-11-19T07:43:58.7857447Z     [32m- Expected  - 3[39m
Account UI E2E	Run Playwright tests	2024-11-19T07:43:58.7858009Z     [31m+ Received  + 1[39m
Account UI E2E	Run Playwright tests	2024-11-19T07:43:58.7858335Z 
Account UI E2E	Run Playwright tests	2024-11-19T07:43:58.7858549Z     [32m- Array [[39m
Account UI E2E	Run Playwright tests	2024-11-19T07:43:58.7859041Z     [32m-   "one",[39m
Account UI E2E	Run Playwright tests	2024-11-19T07:43:58.7859562Z     [32m- ][39m
Account UI E2E	Run Playwright tests	2024-11-19T07:43:58.7860002Z     [31m+ Array [][39m
Account UI E2E	Run Playwright tests	2024-11-19T07:43:58.7860295Z 
Account UI E2E	Run Playwright tests	2024-11-19T07:43:58.7860658Z       59 |     await page.getByTestId("sharedWithMe").click();
Account UI E2E	Run Playwright tests	2024-11-19T07:43:58.7861713Z       60 |     const rowData = await page.getByTestId("row[0].name").allTextContents();
Account UI E2E	Run Playwright tests	2024-11-19T07:43:58.7862691Z     > 61 |     expect(rowData).toEqual(["one"]);
Account UI E2E	Run Playwright tests	2024-11-19T07:43:58.7863326Z          |                     ^
Account UI E2E	Run Playwright tests	2024-11-19T07:43:58.7864048Z       62 |   });
Account UI E2E	Run Playwright tests	2024-11-19T07:43:58.7864431Z       63 | });
Account UI E2E	Run Playwright tests	2024-11-19T07:43:58.7864790Z       64 |
Account UI E2E	Run Playwright tests	2024-11-19T07:43:58.7865002Z 
Account UI E2E	Run Playwright tests	2024-11-19T07:43:58.7865875Z         at /home/runner/work/keycloak/keycloak/js/apps/account-ui/test/my-resources.spec.ts:61:21
Account UI E2E	Run Playwright tests	2024-11-19T07:43:58.7866751Z 
Account UI E2E	Run Playwright tests	2024-11-19T07:43:58.7867612Z   2) [chromium] › my-resources.spec.ts:23:3 › My resources page › Share one with alice ─────────────
Account UI E2E	Run Playwright tests	2024-11-19T07:43:58.7868468Z 
Account UI E2E	Run Playwright tests	2024-11-19T07:43:58.7869192Z     Retry #1 ───────────────────────────────────────────────────────────────────────────────────────
Account UI E2E	Run Playwright tests	2024-11-19T07:43:58.7870232Z 
Account UI E2E	Run Playwright tests	2024-11-19T07:43:58.7871166Z     Error: [31mTimed out 20000ms waiting for [39m[2mexpect([22m[31mlocator[39m[2m).[22mtoBeVisible[2m()[22m
Account UI E2E	Run Playwright tests	2024-11-19T07:43:58.7872062Z 
Account UI E2E	Run Playwright tests	2024-11-19T07:43:58.7872496Z     Locator: getByText('This resource is not shared.')
Account UI E2E	Run Playwright tests	2024-11-19T07:43:58.7873154Z     Expected: visible
Account UI E2E	Run Playwright tests	2024-11-19T07:43:58.7873642Z     Received: <element(s) not found>
Account UI E2E	Run Playwright tests	2024-11-19T07:43:58.7874173Z     Call log:
Account UI E2E	Run Playwright tests	2024-11-19T07:43:58.7874812Z       [2m- expect.toBeVisible with timeout 20000ms[22m
Account UI E2E	Run Playwright tests	2024-11-19T07:43:58.7875828Z     [2m  - waiting for getByText('This resource is not shared.')[22m
Account UI E2E	Run Playwright tests	2024-11-19T07:43:58.7876416Z 
Account UI E2E	Run Playwright tests	2024-11-19T07:43:58.7876434Z 
Account UI E2E	Run Playwright tests	2024-11-19T07:43:58.7876573Z       26 |
Account UI E2E	Run Playwright tests	2024-11-19T07:43:58.7877207Z       27 |     await page.getByTestId("expand-one").click();
Account UI E2E	Run Playwright tests	2024-11-19T07:43:58.7878273Z     > 28 |     await expect(page.getByText("This resource is not shared.")).toBeVisible();
Account UI E2E	Run Playwright tests	2024-11-19T07:43:58.7879291Z          |                                                                  ^
Account UI E2E	Run Playwright tests	2024-11-19T07:43:58.7879889Z       29 |
Account UI E2E	Run Playwright tests	2024-11-19T07:43:58.7880501Z       30 |     await page.getByTestId("share-one").click();
Account UI E2E	Run Playwright tests	2024-11-19T07:43:58.7881276Z       31 |     await page.getByTestId("users").click();
Account UI E2E	Run Playwright tests	2024-11-19T07:43:58.7882018Z 
Account UI E2E	Run Playwright tests	2024-11-19T07:43:58.7882874Z         at /home/runner/work/keycloak/keycloak/js/apps/account-ui/test/my-resources.spec.ts:28:66
Account UI E2E	Run Playwright tests	2024-11-19T07:43:58.7883743Z 
Account UI E2E	Run Playwright tests	2024-11-19T07:43:58.7884597Z     attachment #1: trace (application/zip) ─────────────────────────────────────────────────────────
Account UI E2E	Run Playwright tests	2024-11-19T07:43:58.7886326Z     test-results/my-resources-My-resources-page-Share-one-with-alice-chromium-retry1/trace.zip
Account UI E2E	Run Playwright tests	2024-11-19T07:43:58.7887419Z     Usage:
Account UI E2E	Run Playwright tests	2024-11-19T07:43:58.7887629Z 
Account UI E2E	Run Playwright tests	2024-11-19T07:43:58.7888885Z         pnpm exec playwright show-trace test-results/my-resources-My-resources-page-Share-one-with-alice-chromium-retry1/trace.zip
Account UI E2E	Run Playwright tests	2024-11-19T07:43:58.7890090Z 
Account UI E2E	Run Playwright tests	2024-11-19T07:43:58.7890800Z     ────────────────────────────────────────────────────────────────────────────────────────────────
Account UI E2E	Run Playwright tests	2024-11-19T07:43:58.7891434Z 
Account UI E2E	Run Playwright tests	2024-11-19T07:43:58.7892171Z     Retry #2 ───────────────────────────────────────────────────────────────────────────────────────
Account UI E2E	Run Playwright tests	2024-11-19T07:43:58.7892863Z 
Account UI E2E	Run Playwright tests	2024-11-19T07:43:58.7893786Z     Error: [31mTimed out 20000ms waiting for [39m[2mexpect([22m[31mlocator[39m[2m).[22mtoBeVisible[2m()[22m
Account UI E2E	Run Playwright tests	2024-11-19T07:43:58.7894665Z 
Account UI E2E	Run Playwright tests	2024-11-19T07:43:58.7895084Z     Locator: getByText('This resource is not shared.')
Account UI E2E	Run Playwright tests	2024-11-19T07:43:58.7895733Z     Expected: visible
Account UI E2E	Run Playwright tests	2024-11-19T07:43:58.7896216Z     Received: <element(s) not found>
Account UI E2E	Run Playwright tests	2024-11-19T07:43:58.7896733Z     Call log:
Account UI E2E	Run Playwright tests	2024-11-19T07:43:58.7897355Z       [2m- expect.toBeVisible with timeout 20000ms[22m
Account UI E2E	Run Playwright tests	2024-11-19T07:43:58.7898354Z     [2m  - waiting for getByText('This resource is not shared.')[22m
Account UI E2E	Run Playwright tests	2024-11-19T07:43:58.7899777Z     [2m  -   locator resolved to <div data-testid="shared-with-none">This resource is not shared.</div>[22m
Account UI E2E	Run Playwright tests	2024-11-19T07:43:58.7900989Z     [2m  -   unexpected value "hidden"[22m
Account UI E2E	Run Playwright tests	2024-11-19T07:43:58.7902267Z     [2m  -   locator resolved to <div data-testid="shared-with-none">This resource is not shared.</div>[22m
Account UI E2E	Run Playwright tests	2024-11-19T07:43:58.7907078Z     [2m  -   unexpected value "hidden"[22m
Account UI E2E	Run Playwright tests	2024-11-19T07:43:58.7907579Z 
Account UI E2E	Run Playwright tests	2024-11-19T07:43:58.7907592Z 
Account UI E2E	Run Playwright tests	2024-11-19T07:43:58.7907736Z       26 |
Account UI E2E	Run Playwright tests	2024-11-19T07:43:58.7908416Z       27 |     await page.getByTestId("expand-one").click();
Account UI E2E	Run Playwright tests	2024-11-19T07:43:58.7909495Z     > 28 |     await expect(page.getByText("This resource is not shared.")).toBeVisible();
Account UI E2E	Run Playwright tests	2024-11-19T07:43:58.7910508Z          |                                                                  ^
Account UI E2E	Run Playwright tests	2024-11-19T07:43:58.7911112Z       29 |
Account UI E2E	Run Playwright tests	2024-11-19T07:43:58.7911726Z       30 |     await page.getByTestId("share-one").click();
Account UI E2E	Run Playwright tests	2024-11-19T07:43:58.7912507Z       31 |     await page.getByTestId("users").click();
Account UI E2E	Run Playwright tests	2024-11-19T07:43:58.7912987Z 
Account UI E2E	Run Playwright tests	2024-11-19T07:43:58.7913837Z         at /home/runner/work/keycloak/keycloak/js/apps/account-ui/test/my-resources.spec.ts:28:66
Account UI E2E	Run Playwright tests	2024-11-19T07:43:58.7914943Z 
Account UI E2E	Run Playwright tests	2024-11-19T07:43:58.7915089Z   1 failed
Account UI E2E	Run Playwright tests	2024-11-19T07:43:58.7916127Z     [chromium] › my-resources.spec.ts:55:3 › My resources page › One is shared with alice ──────────
Account UI E2E	Run Playwright tests	2024-11-19T07:43:58.7917300Z   1 flaky
Account UI E2E	Run Playwright tests	2024-11-19T07:43:58.7918326Z     [chromium] › my-resources.spec.ts:23:3 › My resources page › Share one with alice ──────────────
Account UI E2E	Run Playwright tests	2024-11-19T07:43:58.7919271Z   1 skipped
Account UI E2E	Run Playwright tests	2024-11-19T07:43:58.7919635Z   23 passed (1.6m)
Account UI E2E	Run Playwright tests	2024-11-19T07:43:58.7965436Z ##[error]  1) [chromium] › my-resources.spec.ts:55:3 › My resources page › One is shared with alice ─────────
Account UI E2E	Run Playwright tests	    Error: expect(received).toEqual(expected) // deep equality
Account UI E2E	Run Playwright tests	
Account UI E2E	Run Playwright tests	    - Expected  - 3
Account UI E2E	Run Playwright tests	    + Received  + 1
Account UI E2E	Run Playwright tests	
Account UI E2E	Run Playwright tests	    - Array [
Account UI E2E	Run Playwright tests	    -   "one",
Account UI E2E	Run Playwright tests	    - ]
Account UI E2E	Run Playwright tests	    + Array []
Account UI E2E	Run Playwright tests	
Account UI E2E	Run Playwright tests	      59 |     await page.getByTestId("sharedWithMe").click();
Account UI E2E	Run Playwright tests	      60 |     const rowData = await page.getByTestId("row[0].name").allTextContents();
Account UI E2E	Run Playwright tests	    > 61 |     expect(rowData).toEqual(["one"]);
Account UI E2E	Run Playwright tests	         |                     ^
Account UI E2E	Run Playwright tests	      62 |   });
Account UI E2E	Run Playwright tests	      63 | });
Account UI E2E	Run Playwright tests	      64 |
Account UI E2E	Run Playwright tests	
Account UI E2E	Run Playwright tests	        at /home/runner/work/keycloak/keycloak/js/apps/account-ui/test/my-resources.spec.ts:61:21
Account UI E2E	Run Playwright tests	2024-11-19T07:43:58.7990364Z ##[error]  2) [chromium] › my-resources.spec.ts:23:3 › My resources page › Share one with alice ─────────────
Account UI E2E	Run Playwright tests	
Account UI E2E	Run Playwright tests	    Retry #1 ───────────────────────────────────────────────────────────────────────────────────────
Account UI E2E	Run Playwright tests	    Error: Timed out 20000ms waiting for expect(locator).toBeVisible()
Account UI E2E	Run Playwright tests	
Account UI E2E	Run Playwright tests	    Locator: getByText('This resource is not shared.')
Account UI E2E	Run Playwright tests	    Expected: visible
Account UI E2E	Run Playwright tests	    Received: <element(s) not found>
Account UI E2E	Run Playwright tests	    Call log:
Account UI E2E	Run Playwright tests	      - expect.toBeVisible with timeout 20000ms
Account UI E2E	Run Playwright tests	      - waiting for getByText('This resource is not shared.')
Account UI E2E	Run Playwright tests	
Account UI E2E	Run Playwright tests	
Account UI E2E	Run Playwright tests	      26 |
Account UI E2E	Run Playwright tests	      27 |     await page.getByTestId("expand-one").click();
Account UI E2E	Run Playwright tests	    > 28 |     await expect(page.getByText("This resource is not shared.")).toBeVisible();
Account UI E2E	Run Playwright tests	         |                                                                  ^
Account UI E2E	Run Playwright tests	      29 |
Account UI E2E	Run Playwright tests	      30 |     await page.getByTestId("share-one").click();
Account UI E2E	Run Playwright tests	      31 |     await page.getByTestId("users").click();
Account UI E2E	Run Playwright tests	
Account UI E2E	Run Playwright tests	        at /home/runner/work/keycloak/keycloak/js/apps/account-ui/test/my-resources.spec.ts:28:66
Account UI E2E	Run Playwright tests	2024-11-19T07:43:58.8013679Z ##[error]  2) [chromium] › my-resources.spec.ts:23:3 › My resources page › Share one with alice ─────────────
Account UI E2E	Run Playwright tests	
Account UI E2E	Run Playwright tests	    Retry #2 ───────────────────────────────────────────────────────────────────────────────────────
Account UI E2E	Run Playwright tests	    Error: Timed out 20000ms waiting for expect(locator).toBeVisible()
Account UI E2E	Run Playwright tests	
Account UI E2E	Run Playwright tests	    Locator: getByText('This resource is not shared.')
Account UI E2E	Run Playwright tests	    Expected: visible
Account UI E2E	Run Playwright tests	    Received: <element(s) not found>
Account UI E2E	Run Playwright tests	    Call log:
Account UI E2E	Run Playwright tests	      - expect.toBeVisible with timeout 20000ms
Account UI E2E	Run Playwright tests	      - waiting for getByText('This resource is not shared.')
Account UI E2E	Run Playwright tests	      -   locator resolved to <div data-testid="shared-with-none">This resource is not shared.</div>
Account UI E2E	Run Playwright tests	      -   unexpected value "hidden"
Account UI E2E	Run Playwright tests	      -   locator resolved to <div data-testid="shared-with-none">This resource is not shared.</div>
Account UI E2E	Run Playwright tests	      -   unexpected value "hidden"
Account UI E2E	Run Playwright tests	
Account UI E2E	Run Playwright tests	
Account UI E2E	Run Playwright tests	      26 |
Account UI E2E	Run Playwright tests	      27 |     await page.getByTestId("expand-one").click();
Account UI E2E	Run Playwright tests	    > 28 |     await expect(page.getByText("This resource is not shared.")).toBeVisible();
Account UI E2E	Run Playwright tests	         |                                                                  ^
Account UI E2E	Run Playwright tests	      29 |
Account UI E2E	Run Playwright tests	      30 |     await page.getByTestId("share-one").click();
Account UI E2E	Run Playwright tests	      31 |     await page.getByTestId("users").click();
Account UI E2E	Run Playwright tests	
Account UI E2E	Run Playwright tests	        at /home/runner/work/keycloak/keycloak/js/apps/account-ui/test/my-resources.spec.ts:28:66
Account UI E2E	Run Playwright tests	2024-11-19T07:43:58.8028563Z ##[notice]  1 failed
Account UI E2E	Run Playwright tests	    [chromium] › my-resources.spec.ts:55:3 › My resources page › One is shared with alice ──────────
Account UI E2E	Run Playwright tests	  1 flaky
Account UI E2E	Run Playwright tests	    [chromium] › my-resources.spec.ts:23:3 › My resources page › Share one with alice ──────────────
Account UI E2E	Run Playwright tests	  1 skipped
Account UI E2E	Run Playwright tests	  23 passed (1.6m)
Account UI E2E	Run Playwright tests	2024-11-19T07:43:58.8440624Z 
Account UI E2E	Run Playwright tests	2024-11-19T07:43:58.8441706Z ❌ [test] exited with exit code 1.
Account UI E2E	Run Playwright tests	2024-11-19T07:43:58.8445226Z ❌ 1 script failed.
Account UI E2E	Run Playwright tests	2024-11-19T07:43:58.8514612Z /home/runner/work/keycloak/keycloak/js/apps/account-ui:
Account UI E2E	Run Playwright tests	2024-11-19T07:43:58.8516166Z  ERR_PNPM_RECURSIVE_RUN_FIRST_FAIL  @keycloak/keycloak-account-ui@999.0.0-SNAPSHOT test: `wireit`
Account UI E2E	Run Playwright tests	2024-11-19T07:43:58.8517275Z Exit status 1
Account UI E2E	Run Playwright tests	2024-11-19T07:43:58.8728775Z ##[error]Process completed with exit code 1.
Status Check - Keycloak JavaScript CI	Run /./.github/actions/status-check	2024-11-19T07:54:05.7860090Z Prepare all required actions
Status Check - Keycloak JavaScript CI	Run /./.github/actions/status-check	2024-11-19T07:54:05.7951283Z ##[group]Run ./.github/actions/status-check
Status Check - Keycloak JavaScript CI	Run /./.github/actions/status-check	2024-11-19T07:54:05.7951919Z with:
Status Check - Keycloak JavaScript CI	Run /./.github/actions/status-check	2024-11-19T07:54:05.7953538Z   jobs: {
Status Check - Keycloak JavaScript CI	Run /./.github/actions/status-check	  "conditional": {
Status Check - Keycloak JavaScript CI	Run /./.github/actions/status-check	    "result": "success",
Status Check - Keycloak JavaScript CI	Run /./.github/actions/status-check	    "outputs": {
Status Check - Keycloak JavaScript CI	Run /./.github/actions/status-check	      "js-ci": "true"
Status Check - Keycloak JavaScript CI	Run /./.github/actions/status-check	    }
Status Check - Keycloak JavaScript CI	Run /./.github/actions/status-check	  },
Status Check - Keycloak JavaScript CI	Run /./.github/actions/status-check	  "build-keycloak": {
Status Check - Keycloak JavaScript CI	Run /./.github/actions/status-check	    "result": "success",
Status Check - Keycloak JavaScript CI	Run /./.github/actions/status-check	    "outputs": {}
Status Check - Keycloak JavaScript CI	Run /./.github/actions/status-check	  },
Status Check - Keycloak JavaScript CI	Run /./.github/actions/status-check	  "admin-client": {
Status Check - Keycloak JavaScript CI	Run /./.github/actions/status-check	    "result": "success",
Status Check - Keycloak JavaScript CI	Run /./.github/actions/status-check	    "outputs": {}
Status Check - Keycloak JavaScript CI	Run /./.github/actions/status-check	  },
Status Check - Keycloak JavaScript CI	Run /./.github/actions/status-check	  "ui-shared": {
Status Check - Keycloak JavaScript CI	Run /./.github/actions/status-check	    "result": "success",
Status Check - Keycloak JavaScript CI	Run /./.github/actions/status-check	    "outputs": {}
Status Check - Keycloak JavaScript CI	Run /./.github/actions/status-check	  },
Status Check - Keycloak JavaScript CI	Run /./.github/actions/status-check	  "account-ui": {
Status Check - Keycloak JavaScript CI	Run /./.github/actions/status-check	    "result": "success",
Status Check - Keycloak JavaScript CI	Run /./.github/actions/status-check	    "outputs": {}
Status Check - Keycloak JavaScript CI	Run /./.github/actions/status-check	  },
Status Check - Keycloak JavaScript CI	Run /./.github/actions/status-check	  "account-ui-e2e": {
Status Check - Keycloak JavaScript CI	Run /./.github/actions/status-check	    "result": "failure",
Status Check - Keycloak JavaScript CI	Run /./.github/actions/status-check	    "outputs": {}
Status Check - Keycloak JavaScript CI	Run /./.github/actions/status-check	  },
Status Check - Keycloak JavaScript CI	Run /./.github/actions/status-check	  "admin-ui": {
Status Check - Keycloak JavaScript CI	Run /./.github/actions/status-check	    "result": "success",
Status Check - Keycloak JavaScript CI	Run /./.github/actions/status-check	    "outputs": {}
Status Check - Keycloak JavaScript CI	Run /./.github/actions/status-check	  },
Status Check - Keycloak JavaScript CI	Run /./.github/actions/status-check	  "admin-ui-e2e": {
Status Check - Keycloak JavaScript CI	Run /./.github/actions/status-check	    "result": "success",
Status Check - Keycloak JavaScript CI	Run /./.github/actions/status-check	    "outputs": {}
Status Check - Keycloak JavaScript CI	Run /./.github/actions/status-check	  }
Status Check - Keycloak JavaScript CI	Run /./.github/actions/status-check	}
Status Check - Keycloak JavaScript CI	Run /./.github/actions/status-check	2024-11-19T07:54:05.7955275Z env:
Status Check - Keycloak JavaScript CI	Run /./.github/actions/status-check	2024-11-19T07:54:05.7955830Z   MAVEN_ARGS: -B -nsu -Daether.connector.http.connectionMaxTtl=25
Status Check - Keycloak JavaScript CI	Run /./.github/actions/status-check	2024-11-19T07:54:05.7956364Z ##[endgroup]
Status Check - Keycloak JavaScript CI	Run /./.github/actions/status-check	2024-11-19T07:54:05.8208889Z ##[group]Run JOBS='{
Status Check - Keycloak JavaScript CI	Run /./.github/actions/status-check	2024-11-19T07:54:05.8209341Z [36;1mJOBS='{[0m
Status Check - Keycloak JavaScript CI	Run /./.github/actions/status-check	2024-11-19T07:54:05.8209952Z [36;1m  "conditional": {[0m
Status Check - Keycloak JavaScript CI	Run /./.github/actions/status-check	2024-11-19T07:54:05.8210311Z [36;1m    "result": "success",[0m
Status Check - Keycloak JavaScript CI	Run /./.github/actions/status-check	2024-11-19T07:54:05.8210727Z [36;1m    "outputs": {[0m
Status Check - Keycloak JavaScript CI	Run /./.github/actions/status-check	2024-11-19T07:54:05.8211193Z [36;1m      "js-ci": "true"[0m
Status Check - Keycloak JavaScript CI	Run /./.github/actions/status-check	2024-11-19T07:54:05.8211527Z [36;1m    }[0m
Status Check - Keycloak JavaScript CI	Run /./.github/actions/status-check	2024-11-19T07:54:05.8211850Z [36;1m  },[0m
Status Check - Keycloak JavaScript CI	Run /./.github/actions/status-check	2024-11-19T07:54:05.8212254Z [36;1m  "build-keycloak": {[0m
Status Check - Keycloak JavaScript CI	Run /./.github/actions/status-check	2024-11-19T07:54:05.8212605Z [36;1m    "result": "success",[0m
Status Check - Keycloak JavaScript CI	Run /./.github/actions/status-check	2024-11-19T07:54:05.8213008Z [36;1m    "outputs": {}[0m
Status Check - Keycloak JavaScript CI	Run /./.github/actions/status-check	2024-11-19T07:54:05.8213449Z [36;1m  },[0m
Status Check - Keycloak JavaScript CI	Run /./.github/actions/status-check	2024-11-19T07:54:05.8213734Z [36;1m  "admin-client": {[0m
Status Check - Keycloak JavaScript CI	Run /./.github/actions/status-check	2024-11-19T07:54:05.8214121Z [36;1m    "result": "success",[0m
Status Check - Keycloak JavaScript CI	Run /./.github/actions/status-check	2024-11-19T07:54:05.8214585Z [36;1m    "outputs": {}[0m
Status Check - Keycloak JavaScript CI	Run /./.github/actions/status-check	2024-11-19T07:54:05.8214960Z [36;1m  },[0m
Status Check - Keycloak JavaScript CI	Run /./.github/actions/status-check	2024-11-19T07:54:05.8215296Z [36;1m  "ui-shared": {[0m
Status Check - Keycloak JavaScript CI	Run /./.github/actions/status-check	2024-11-19T07:54:05.8215760Z [36;1m    "result": "success",[0m
Status Check - Keycloak JavaScript CI	Run /./.github/actions/status-check	2024-11-19T07:54:05.8216137Z [36;1m    "outputs": {}[0m
Status Check - Keycloak JavaScript CI	Run /./.github/actions/status-check	2024-11-19T07:54:05.8216480Z [36;1m  },[0m
Status Check - Keycloak JavaScript CI	Run /./.github/actions/status-check	2024-11-19T07:54:05.8216891Z [36;1m  "account-ui": {[0m
Status Check - Keycloak JavaScript CI	Run /./.github/actions/status-check	2024-11-19T07:54:05.8217239Z [36;1m    "result": "success",[0m
Status Check - Keycloak JavaScript CI	Run /./.github/actions/status-check	2024-11-19T07:54:05.8217628Z [36;1m    "outputs": {}[0m
Status Check - Keycloak JavaScript CI	Run /./.github/actions/status-check	2024-11-19T07:54:05.8218067Z [36;1m  },[0m
Status Check - Keycloak JavaScript CI	Run /./.github/actions/status-check	2024-11-19T07:54:05.8218369Z [36;1m  "account-ui-e2e": {[0m
Status Check - Keycloak JavaScript CI	Run /./.github/actions/status-check	2024-11-19T07:54:05.8218752Z [36;1m    "result": "failure",[0m
Status Check - Keycloak JavaScript CI	Run /./.github/actions/status-check	2024-11-19T07:54:05.8219222Z [36;1m    "outputs": {}[0m
Status Check - Keycloak JavaScript CI	Run /./.github/actions/status-check	2024-11-19T07:54:05.8219553Z [36;1m  },[0m
Status Check - Keycloak JavaScript CI	Run /./.github/actions/status-check	2024-11-19T07:54:05.8219866Z [36;1m  "admin-ui": {[0m
Status Check - Keycloak JavaScript CI	Run /./.github/actions/status-check	2024-11-19T07:54:05.8220317Z [36;1m    "result": "success",[0m
Status Check - Keycloak JavaScript CI	Run /./.github/actions/status-check	2024-11-19T07:54:05.8220668Z [36;1m    "outputs": {}[0m
Status Check - Keycloak JavaScript CI	Run /./.github/actions/status-check	2024-11-19T07:54:05.8221013Z [36;1m  },[0m
Status Check - Keycloak JavaScript CI	Run /./.github/actions/status-check	2024-11-19T07:54:05.8221435Z [36;1m  "admin-ui-e2e": {[0m
Status Check - Keycloak JavaScript CI	Run /./.github/actions/status-check	2024-11-19T07:54:05.8221783Z [36;1m    "result": "success",[0m
Status Check - Keycloak JavaScript CI	Run /./.github/actions/status-check	2024-11-19T07:54:05.8222387Z [36;1m    "outputs": {}[0m
Status Check - Keycloak JavaScript CI	Run /./.github/actions/status-check	2024-11-19T07:54:05.8222855Z [36;1m  }[0m
Status Check - Keycloak JavaScript CI	Run /./.github/actions/status-check	2024-11-19T07:54:05.8223118Z [36;1m}'[0m
Status Check - Keycloak JavaScript CI	Run /./.github/actions/status-check	2024-11-19T07:54:05.8223419Z [36;1m[0m
Status Check - Keycloak JavaScript CI	Run /./.github/actions/status-check	2024-11-19T07:54:05.8223833Z [36;1mecho "Job status:"[0m
Status Check - Keycloak JavaScript CI	Run /./.github/actions/status-check	2024-11-19T07:54:05.8224348Z [36;1mecho $JOBS | jq -r 'to_entries[] | " - \(.key): \(.value.result)"'[0m
Status Check - Keycloak JavaScript CI	Run /./.github/actions/status-check	2024-11-19T07:54:05.8224878Z [36;1m[0m
Status Check - Keycloak JavaScript CI	Run /./.github/actions/status-check	2024-11-19T07:54:05.8225425Z [36;1mfor i in $(echo $JOBS | jq -r 'to_entries[] | .value.result'); do[0m
Status Check - Keycloak JavaScript CI	Run /./.github/actions/status-check	2024-11-19T07:54:05.8226057Z [36;1m  if [ "$i" != "success" ] && [ "$i" != "skipped" ]; then[0m
Status Check - Keycloak JavaScript CI	Run /./.github/actions/status-check	2024-11-19T07:54:05.8226512Z [36;1m    echo ""[0m
Status Check - Keycloak JavaScript CI	Run /./.github/actions/status-check	2024-11-19T07:54:05.8227070Z [36;1m    echo "Status check not okay!"[0m
Status Check - Keycloak JavaScript CI	Run /./.github/actions/status-check	2024-11-19T07:54:05.8227499Z [36;1m    exit 1[0m
Status Check - Keycloak JavaScript CI	Run /./.github/actions/status-check	2024-11-19T07:54:05.8227844Z [36;1m  fi[0m
Status Check - Keycloak JavaScript CI	Run /./.github/actions/status-check	2024-11-19T07:54:05.8228207Z [36;1mdone[0m
Status Check - Keycloak JavaScript CI	Run /./.github/actions/status-check	2024-11-19T07:54:05.8316449Z shell: /usr/bin/bash --noprofile --norc -e -o pipefail {0}
Status Check - Keycloak JavaScript CI	Run /./.github/actions/status-check	2024-11-19T07:54:05.8317417Z env:
Status Check - Keycloak JavaScript CI	Run /./.github/actions/status-check	2024-11-19T07:54:05.8317881Z   MAVEN_ARGS: -B -nsu -Daether.connector.http.connectionMaxTtl=25
Status Check - Keycloak JavaScript CI	Run /./.github/actions/status-check	2024-11-19T07:54:05.8318379Z ##[endgroup]
Status Check - Keycloak JavaScript CI	Run /./.github/actions/status-check	2024-11-19T07:54:05.8459461Z Job status:
Status Check - Keycloak JavaScript CI	Run /./.github/actions/status-check	2024-11-19T07:54:05.8679141Z  - conditional: success
Status Check - Keycloak JavaScript CI	Run /./.github/actions/status-check	2024-11-19T07:54:05.8679773Z  - build-keycloak: success
Status Check - Keycloak JavaScript CI	Run /./.github/actions/status-check	2024-11-19T07:54:05.8680506Z  - admin-client: success
Status Check - Keycloak JavaScript CI	Run /./.github/actions/status-check	2024-11-19T07:54:05.8680884Z  - ui-shared: success
Status Check - Keycloak JavaScript CI	Run /./.github/actions/status-check	2024-11-19T07:54:05.8681391Z  - account-ui: success
Status Check - Keycloak JavaScript CI	Run /./.github/actions/status-check	2024-11-19T07:54:05.8681825Z  - account-ui-e2e: failure
Status Check - Keycloak JavaScript CI	Run /./.github/actions/status-check	2024-11-19T07:54:05.8682188Z  - admin-ui: success
Status Check - Keycloak JavaScript CI	Run /./.github/actions/status-check	2024-11-19T07:54:05.8682671Z  - admin-ui-e2e: success
Status Check - Keycloak JavaScript CI	Run /./.github/actions/status-check	2024-11-19T07:54:05.8885460Z 
Status Check - Keycloak JavaScript CI	Run /./.github/actions/status-check	2024-11-19T07:54:05.8885879Z Status check not okay!
Status Check - Keycloak JavaScript CI	Run /./.github/actions/status-check	2024-11-19T07:54:05.8899431Z ##[error]Process completed with exit code 1.
